[0.008s][info][gc] Using Parallel
[0.013s][info][gc,init] Version: 17.0.12+7-adhoc..jdk17u (release)
[0.013s][info][gc,init] CPUs: 6 total, 6 available
[0.013s][info][gc,init] Memory: 15591M
[0.013s][info][gc,init] Large Page Support: Disabled
[0.013s][info][gc,init] NUMA Support: Disabled
[0.013s][info][gc,init] Compressed Oops: Enabled (32-bit)
[0.013s][info][gc,init] Alignments: Space 512K, Generation 512K, Heap 2M
[0.013s][info][gc,init] Heap Min Capacity: 2G
[0.013s][info][gc,init] Heap Initial Capacity: 2G
[0.013s][info][gc,init] Heap Max Capacity: 2G
[0.013s][info][gc,init] Pre-touch: Disabled
[0.013s][info][gc,init] Parallel Workers: 6
[0.023s][info][gc,metaspace] CDS archive(s) mapped at: [0x0000026180000000-0x0000026180bc0000-0x0000026180bc0000), size 12320768, SharedBaseAddress: 0x0000026180000000, ArchiveRelocationMode: 1.
[0.023s][info][gc,metaspace] Compressed class space mapped at: 0x0000026181000000-0x00000261c1000000, reserved size: 1073741824
[0.023s][info][gc,metaspace] Narrow klass base: 0x0000026180000000, Narrow klass shift: 0, Narrow klass range: 0x100000000
[1.454s][info][gc,start    ] GC(0) Pause Young (Allocation Failure)
[1.486s][info][gc,heap     ] GC(0) PSYoungGen: 524800K(611840K)->37857K(611840K) Eden: 524800K(524800K)->0K(524800K) From: 0K(87040K)->37857K(87040K)
[1.486s][info][gc,heap     ] GC(0) ParOldGen: 0K(1398272K)->32K(1398272K)
[1.486s][info][gc,metaspace] GC(0) Metaspace: 8404K(8640K)->8404K(8640K) NonClass: 7588K(7744K)->7588K(7744K) Class: 816K(896K)->816K(896K)
[1.486s][info][gc          ] GC(0) Pause Young (Allocation Failure) 512M->37M(1963M) 31.556ms
[1.486s][info][gc,cpu      ] GC(0) User=0.16s Sys=0.03s Real=0.04s
[2.056s][info][gc,start    ] GC(1) Pause Young (Allocation Failure)
[2.096s][info][gc,heap     ] GC(1) PSYoungGen: 562657K(611840K)->73041K(611840K) Eden: 524800K(524800K)->0K(524800K) From: 37857K(87040K)->73041K(87040K)
[2.096s][info][gc,heap     ] GC(1) ParOldGen: 32K(1398272K)->40K(1398272K)
[2.096s][info][gc,metaspace] GC(1) Metaspace: 8413K(8640K)->8413K(8640K) NonClass: 7596K(7744K)->7596K(7744K) Class: 816K(896K)->816K(896K)
[2.096s][info][gc          ] GC(1) Pause Young (Allocation Failure) 549M->71M(1963M) 39.930ms
[2.096s][info][gc,cpu      ] GC(1) User=0.14s Sys=0.06s Real=0.04s
[2.465s][info][gc,start    ] GC(2) Pause Young (Allocation Failure)
[2.527s][info][gc,heap     ] GC(2) PSYoungGen: 597841K(611840K)->87010K(611840K) Eden: 524800K(524800K)->0K(524800K) From: 73041K(87040K)->87010K(87040K)
[2.527s][info][gc,heap     ] GC(2) ParOldGen: 40K(1398272K)->19848K(1398272K)
[2.527s][info][gc,metaspace] GC(2) Metaspace: 8471K(8640K)->8471K(8640K) NonClass: 7655K(7744K)->7655K(7744K) Class: 816K(896K)->816K(896K)
[2.527s][info][gc          ] GC(2) Pause Young (Allocation Failure) 583M->104M(1963M) 62.054ms
[2.527s][info][gc,cpu      ] GC(2) User=0.36s Sys=0.02s Real=0.06s
[2.873s][info][gc,start    ] GC(3) Pause Young (Allocation Failure)
[2.946s][info][gc,heap     ] GC(3) PSYoungGen: 611810K(611840K)->87037K(611840K) Eden: 524800K(524800K)->0K(524800K) From: 87010K(87040K)->87037K(87040K)
[2.946s][info][gc,heap     ] GC(3) ParOldGen: 19848K(1398272K)->54008K(1398272K)
[2.946s][info][gc,metaspace] GC(3) Metaspace: 8489K(8704K)->8489K(8704K) NonClass: 7673K(7808K)->7673K(7808K) Class: 816K(896K)->816K(896K)
[2.946s][info][gc          ] GC(3) Pause Young (Allocation Failure) 616M->137M(1963M) 73.358ms
[2.946s][info][gc,cpu      ] GC(3) User=0.31s Sys=0.05s Real=0.07s
[3.295s][info][gc,start    ] GC(4) Pause Young (Allocation Failure)
[3.369s][info][gc,heap     ] GC(4) PSYoungGen: 611837K(611840K)->87009K(611840K) Eden: 524800K(524800K)->0K(524800K) From: 87037K(87040K)->87009K(87040K)
[3.369s][info][gc,heap     ] GC(4) ParOldGen: 54008K(1398272K)->87768K(1398272K)
[3.369s][info][gc,metaspace] GC(4) Metaspace: 8498K(8704K)->8498K(8704K) NonClass: 7682K(7808K)->7682K(7808K) Class: 816K(896K)->816K(896K)
[3.369s][info][gc          ] GC(4) Pause Young (Allocation Failure) 650M->170M(1963M) 73.642ms
[3.369s][info][gc,cpu      ] GC(4) User=0.34s Sys=0.05s Real=0.07s
[3.714s][info][gc,start    ] GC(5) Pause Young (Allocation Failure)
[3.794s][info][gc,heap     ] GC(5) PSYoungGen: 611809K(611840K)->87009K(451072K) Eden: 524800K(524800K)->0K(364032K) From: 87009K(87040K)->87009K(87040K)
[3.794s][info][gc,heap     ] GC(5) ParOldGen: 87768K(1398272K)->121240K(1398272K)
[3.794s][info][gc,metaspace] GC(5) Metaspace: 8501K(8704K)->8501K(8704K) NonClass: 7684K(7808K)->7684K(7808K) Class: 816K(896K)->816K(896K)
[3.794s][info][gc          ] GC(5) Pause Young (Allocation Failure) 683M->203M(1806M) 79.330ms
[3.794s][info][gc,cpu      ] GC(5) User=0.42s Sys=0.03s Real=0.09s
[4.189s][info][gc,start    ] GC(6) Pause Young (Allocation Failure)
[4.240s][info][gc,heap     ] GC(6) PSYoungGen: 451041K(451072K)->81191K(531456K) Eden: 364032K(364032K)->0K(364032K) From: 87009K(87040K)->81191K(167424K)
[4.240s][info][gc,heap     ] GC(6) ParOldGen: 121240K(1398272K)->141546K(1398272K)
[4.240s][info][gc,metaspace] GC(6) Metaspace: 8555K(8768K)->8555K(8768K) NonClass: 7739K(7872K)->7739K(7872K) Class: 816K(896K)->816K(896K)
[4.240s][info][gc          ] GC(6) Pause Young (Allocation Failure) 558M->217M(1884M) 51.092ms
[4.240s][info][gc,cpu      ] GC(6) User=0.27s Sys=0.02s Real=0.06s
[4.450s][info][gc,start    ] GC(7) Pause Young (Allocation Failure)
[4.508s][info][gc,heap     ] GC(7) PSYoungGen: 445223K(531456K)->78395K(542720K) Eden: 364032K(364032K)->0K(381952K) From: 81191K(167424K)->78395K(160768K)
[4.508s][info][gc,heap     ] GC(7) ParOldGen: 141546K(1398272K)->168786K(1398272K)
[4.508s][info][gc,metaspace] GC(7) Metaspace: 8556K(8768K)->8556K(8768K) NonClass: 7739K(7872K)->7739K(7872K) Class: 816K(896K)->816K(896K)
[4.508s][info][gc          ] GC(7) Pause Young (Allocation Failure) 573M->241M(1895M) 58.413ms
[4.508s][info][gc,cpu      ] GC(7) User=0.25s Sys=0.03s Real=0.06s
[4.730s][info][gc,start    ] GC(8) Pause Young (Allocation Failure)
[4.764s][info][gc,heap     ] GC(8) PSYoungGen: 460347K(542720K)->34347K(538112K) Eden: 381952K(381952K)->0K(381952K) From: 78395K(160768K)->34347K(156160K)
[4.764s][info][gc,heap     ] GC(8) ParOldGen: 168786K(1398272K)->207706K(1398272K)
[4.764s][info][gc,metaspace] GC(8) Metaspace: 8558K(8768K)->8558K(8768K) NonClass: 7741K(7872K)->7741K(7872K) Class: 816K(896K)->816K(896K)
[4.764s][info][gc          ] GC(8) Pause Young (Allocation Failure) 614M->236M(1891M) 33.692ms
[4.764s][info][gc,cpu      ] GC(8) User=0.17s Sys=0.02s Real=0.03s
[4.995s][info][gc,start    ] GC(9) Pause Young (Allocation Failure)
[5.026s][info][gc,heap     ] GC(9) PSYoungGen: 416299K(538112K)->35531K(537088K) Eden: 381952K(381952K)->0K(377344K) From: 34347K(156160K)->35531K(159744K)
[5.026s][info][gc,heap     ] GC(9) ParOldGen: 207706K(1398272K)->232290K(1398272K)
[5.026s][info][gc,metaspace] GC(9) Metaspace: 8558K(8768K)->8558K(8768K) NonClass: 7741K(7872K)->7741K(7872K) Class: 816K(896K)->816K(896K)
[5.026s][info][gc          ] GC(9) Pause Young (Allocation Failure) 609M->261M(1890M) 31.232ms
[5.026s][info][gc,cpu      ] GC(9) User=0.17s Sys=0.02s Real=0.03s
[5.218s][info][gc,start    ] GC(10) Pause Young (Allocation Failure)
[5.251s][info][gc,heap     ] GC(10) PSYoungGen: 412875K(537088K)->26688K(404480K) Eden: 377344K(377344K)->0K(377344K) From: 35531K(159744K)->26688K(27136K)
[5.251s][info][gc,heap     ] GC(10) ParOldGen: 232290K(1398272K)->267861K(1398272K)
[5.251s][info][gc,metaspace] GC(10) Metaspace: 8558K(8768K)->8558K(8768K) NonClass: 7741K(7872K)->7741K(7872K) Class: 816K(896K)->816K(896K)
[5.251s][info][gc          ] GC(10) Pause Young (Allocation Failure) 630M->287M(1760M) 33.132ms
[5.251s][info][gc,cpu      ] GC(10) User=0.17s Sys=0.02s Real=0.03s
[5.433s][info][gc,start    ] GC(11) Pause Young (Allocation Failure)
[5.460s][info][gc,heap     ] GC(11) PSYoungGen: 404032K(404480K)->26400K(537088K) Eden: 377344K(377344K)->0K(374784K) From: 26688K(27136K)->26400K(162304K)
[5.460s][info][gc,heap     ] GC(11) ParOldGen: 267861K(1398272K)->294565K(1398272K)
[5.460s][info][gc,metaspace] GC(11) Metaspace: 8558K(8768K)->8558K(8768K) NonClass: 7741K(7872K)->7741K(7872K) Class: 816K(896K)->816K(896K)
[5.460s][info][gc          ] GC(11) Pause Young (Allocation Failure) 656M->313M(1890M) 26.917ms
[5.460s][info][gc,cpu      ] GC(11) User=0.09s Sys=0.00s Real=0.03s
[5.635s][info][gc,start    ] GC(12) Pause Young (Allocation Failure)
[5.664s][info][gc,heap     ] GC(12) PSYoungGen: 401184K(537088K)->25888K(536576K) Eden: 374784K(374784K)->0K(374784K) From: 26400K(162304K)->25888K(161792K)
[5.664s][info][gc,heap     ] GC(12) ParOldGen: 294565K(1398272K)->320965K(1398272K)
[5.664s][info][gc,metaspace] GC(12) Metaspace: 8558K(8768K)->8558K(8768K) NonClass: 7741K(7872K)->7741K(7872K) Class: 816K(896K)->816K(896K)
[5.664s][info][gc          ] GC(12) Pause Young (Allocation Failure) 679M->338M(1889M) 29.391ms
[5.664s][info][gc,cpu      ] GC(12) User=0.09s Sys=0.00s Real=0.03s
[5.850s][info][gc,start    ] GC(13) Pause Young (Allocation Failure)
[5.867s][info][gc,heap     ] GC(13) PSYoungGen: 400672K(536576K)->7584K(537600K) Eden: 374784K(374784K)->0K(377344K) From: 25888K(161792K)->7584K(160256K)
[5.868s][info][gc,heap     ] GC(13) ParOldGen: 320965K(1398272K)->346901K(1398272K)
[5.868s][info][gc,metaspace] GC(13) Metaspace: 8558K(8768K)->8558K(8768K) NonClass: 7741K(7872K)->7741K(7872K) Class: 816K(896K)->816K(896K)
[5.868s][info][gc          ] GC(13) Pause Young (Allocation Failure) 704M->346M(1890M) 17.977ms
[5.868s][info][gc,cpu      ] GC(13) User=0.08s Sys=0.02s Real=0.02s
[6.099s][info][gc,start    ] GC(14) Pause Young (Allocation Failure)
[6.107s][info][gc,heap     ] GC(14) PSYoungGen: 384928K(537600K)->11770K(538112K) Eden: 377344K(377344K)->0K(377344K) From: 7584K(160256K)->11770K(160768K)
[6.107s][info][gc,heap     ] GC(14) ParOldGen: 346901K(1398272K)->351693K(1398272K)
[6.107s][info][gc,metaspace] GC(14) Metaspace: 8573K(8768K)->8573K(8768K) NonClass: 7756K(7872K)->7756K(7872K) Class: 816K(896K)->816K(896K)
[6.107s][info][gc          ] GC(14) Pause Young (Allocation Failure) 714M->354M(1891M) 8.396ms
[6.107s][info][gc,cpu      ] GC(14) User=0.09s Sys=0.00s Real=0.01s
[6.428s][info][gc,start    ] GC(15) Pause Young (Allocation Failure)
[6.441s][info][gc,heap     ] GC(15) PSYoungGen: 389114K(538112K)->17355K(543744K) Eden: 377344K(377344K)->0K(384512K) From: 11770K(160768K)->17355K(159232K)
[6.441s][info][gc,heap     ] GC(15) ParOldGen: 351693K(1398272K)->358229K(1398272K)
[6.441s][info][gc,metaspace] GC(15) Metaspace: 8713K(8896K)->8713K(8896K) NonClass: 7892K(8000K)->7892K(8000K) Class: 820K(896K)->820K(896K)
[6.441s][info][gc          ] GC(15) Pause Young (Allocation Failure) 723M->366M(1896M) 12.753ms
[6.441s][info][gc,cpu      ] GC(15) User=0.09s Sys=0.00s Real=0.02s
[6.670s][info][gc,start    ] GC(16) Pause Young (Allocation Failure)
[6.680s][info][gc,heap     ] GC(16) PSYoungGen: 401867K(543744K)->6827K(539648K) Eden: 384512K(384512K)->0K(384512K) From: 17355K(159232K)->6827K(155136K)
[6.680s][info][gc,heap     ] GC(16) ParOldGen: 358229K(1398272K)->367525K(1398272K)
[6.680s][info][gc,metaspace] GC(16) Metaspace: 8714K(8896K)->8714K(8896K) NonClass: 7893K(8000K)->7893K(8000K) Class: 820K(896K)->820K(896K)
[6.680s][info][gc          ] GC(16) Pause Young (Allocation Failure) 742M->365M(1892M) 10.216ms
[6.680s][info][gc,cpu      ] GC(16) User=0.00s Sys=0.00s Real=0.02s
[6.987s][info][gc,start    ] GC(17) Pause Young (Allocation Failure)
[7.003s][info][gc,heap     ] GC(17) PSYoungGen: 391339K(539648K)->21482K(552448K) Eden: 384512K(384512K)->0K(399872K) From: 6827K(155136K)->21482K(152576K)
[7.003s][info][gc,heap     ] GC(17) ParOldGen: 367525K(1398272K)->373261K(1398272K)
[7.003s][info][gc,metaspace] GC(17) Metaspace: 8714K(8896K)->8714K(8896K) NonClass: 7893K(8000K)->7893K(8000K) Class: 820K(896K)->820K(896K)
[7.003s][info][gc          ] GC(17) Pause Young (Allocation Failure) 741M->385M(1905M) 15.848ms
[7.003s][info][gc,cpu      ] GC(17) User=0.08s Sys=0.00s Real=0.02s
[7.279s][info][gc,start    ] GC(18) Pause Young (Allocation Failure)
[7.293s][info][gc,heap     ] GC(18) PSYoungGen: 421354K(552448K)->18760K(546304K) Eden: 399872K(399872K)->0K(399872K) From: 21482K(152576K)->18760K(146432K)
[7.294s][info][gc,heap     ] GC(18) ParOldGen: 373261K(1398272K)->378613K(1398272K)
[7.294s][info][gc,metaspace] GC(18) Metaspace: 8739K(8896K)->8739K(8896K) NonClass: 7918K(8000K)->7918K(8000K) Class: 821K(896K)->821K(896K)
[7.294s][info][gc          ] GC(18) Pause Young (Allocation Failure) 775M->388M(1899M) 14.357ms
[7.294s][info][gc,cpu      ] GC(18) User=0.09s Sys=0.00s Real=0.02s
[7.615s][info][gc,start    ] GC(19) Pause Young (Allocation Failure)
[7.630s][info][gc,heap     ] GC(19) PSYoungGen: 418632K(546304K)->20971K(564736K) Eden: 399872K(399872K)->0K(423936K) From: 18760K(146432K)->20971K(140800K)
[7.630s][info][gc,heap     ] GC(19) ParOldGen: 378613K(1398272K)->389293K(1398272K)
[7.630s][info][gc,metaspace] GC(19) Metaspace: 8747K(8896K)->8747K(8896K) NonClass: 7926K(8000K)->7926K(8000K) Class: 821K(896K)->821K(896K)
[7.630s][info][gc          ] GC(19) Pause Young (Allocation Failure) 778M->400M(1917M) 15.188ms
[7.630s][info][gc,cpu      ] GC(19) User=0.08s Sys=0.02s Real=0.03s
[7.794s][info][gc,start    ] GC(20) Pause Young (Allocation Failure)
[7.828s][info][gc,heap     ] GC(20) PSYoungGen: 444907K(564736K)->48672K(558080K) Eden: 423936K(423936K)->0K(423936K) From: 20971K(140800K)->48672K(134144K)
[7.828s][info][gc,heap     ] GC(20) ParOldGen: 389293K(1398272K)->410265K(1398272K)
[7.828s][info][gc,metaspace] GC(20) Metaspace: 8747K(8896K)->8747K(8896K) NonClass: 7926K(8000K)->7926K(8000K) Class: 821K(896K)->821K(896K)
[7.828s][info][gc          ] GC(20) Pause Young (Allocation Failure) 814M->448M(1910M) 33.968ms
[7.828s][info][gc,cpu      ] GC(20) User=0.17s Sys=0.02s Real=0.04s
[7.987s][info][gc,start    ] GC(21) Pause Young (Allocation Failure)
[8.033s][info][gc,heap     ] GC(21) PSYoungGen: 472608K(558080K)->46304K(577536K) Eden: 423936K(423936K)->0K(449536K) From: 48672K(134144K)->46304K(128000K)
[8.033s][info][gc,heap     ] GC(21) ParOldGen: 410265K(1398272K)->459025K(1398272K)
[8.033s][info][gc,metaspace] GC(21) Metaspace: 8747K(8896K)->8747K(8896K) NonClass: 7926K(8000K)->7926K(8000K) Class: 821K(896K)->821K(896K)
[8.033s][info][gc          ] GC(21) Pause Young (Allocation Failure) 862M->493M(1929M) 46.165ms
[8.033s][info][gc,cpu      ] GC(21) User=0.25s Sys=0.03s Real=0.05s
[8.478s][info][gc,start    ] GC(22) Pause Young (Allocation Failure)
[8.504s][info][gc,heap     ] GC(22) PSYoungGen: 495840K(577536K)->23278K(570880K) Eden: 449536K(449536K)->0K(449536K) From: 46304K(128000K)->23278K(121344K)
[8.504s][info][gc,heap     ] GC(22) ParOldGen: 459025K(1398272K)->505433K(1398272K)
[8.504s][info][gc,metaspace] GC(22) Metaspace: 8772K(8960K)->8772K(8960K) NonClass: 7951K(8064K)->7951K(8064K) Class: 821K(896K)->821K(896K)
[8.504s][info][gc          ] GC(22) Pause Young (Allocation Failure) 932M->516M(1923M) 26.436ms
[8.504s][info][gc,cpu      ] GC(22) User=0.09s Sys=0.02s Real=0.03s
[8.842s][info][gc,start    ] GC(23) Pause Young (Allocation Failure)
[8.860s][info][gc,heap     ] GC(23) PSYoungGen: 472814K(570880K)->3040K(583680K) Eden: 449536K(449536K)->0K(466944K) From: 23278K(121344K)->3040K(116736K)
[8.860s][info][gc,heap     ] GC(23) ParOldGen: 505433K(1398272K)->528671K(1398272K)
[8.860s][info][gc,metaspace] GC(23) Metaspace: 8772K(8960K)->8772K(8960K) NonClass: 7951K(8064K)->7951K(8064K) Class: 821K(896K)->821K(896K)
[8.860s][info][gc          ] GC(23) Pause Young (Allocation Failure) 955M->519M(1935M) 17.562ms
[8.860s][info][gc,cpu      ] GC(23) User=0.06s Sys=0.03s Real=0.02s
[9.242s][info][gc,start    ] GC(24) Pause Young (Allocation Failure)
[9.256s][info][gc,heap     ] GC(24) PSYoungGen: 469984K(583680K)->25163K(582144K) Eden: 466944K(466944K)->0K(466944K) From: 3040K(116736K)->25163K(115200K)
[9.257s][info][gc,heap     ] GC(24) ParOldGen: 528671K(1398272K)->531623K(1398272K)
[9.257s][info][gc,metaspace] GC(24) Metaspace: 8775K(9024K)->8775K(9024K) NonClass: 7954K(8128K)->7954K(8128K) Class: 821K(896K)->821K(896K)
[9.257s][info][gc          ] GC(24) Pause Young (Allocation Failure) 975M->543M(1934M) 14.994ms
[9.257s][info][gc,cpu      ] GC(24) User=0.09s Sys=0.00s Real=0.02s
[9.637s][info][gc,start    ] GC(25) Pause Young (Allocation Failure)
[9.677s][info][gc,heap     ] GC(25) PSYoungGen: 492107K(582144K)->51552K(590848K) Eden: 466944K(466944K)->0K(481792K) From: 25163K(115200K)->51552K(109056K)
[9.677s][info][gc,heap     ] GC(25) ParOldGen: 531623K(1398272K)->556579K(1398272K)
[9.677s][info][gc,metaspace] GC(25) Metaspace: 8775K(9024K)->8775K(9024K) NonClass: 7954K(8128K)->7954K(8128K) Class: 821K(896K)->821K(896K)
[9.677s][info][gc          ] GC(25) Pause Young (Allocation Failure) 999M->593M(1942M) 39.254ms
[9.677s][info][gc,cpu      ] GC(25) User=0.19s Sys=0.00s Real=0.05s
[10.235s][info][gc,start    ] GC(26) Pause Young (Allocation Failure)
[10.279s][info][gc,heap     ] GC(26) PSYoungGen: 533344K(590848K)->48846K(589824K) Eden: 481792K(481792K)->0K(481792K) From: 51552K(109056K)->48846K(108032K)
[10.279s][info][gc,heap     ] GC(26) ParOldGen: 556579K(1398272K)->608059K(1398272K)
[10.279s][info][gc,metaspace] GC(26) Metaspace: 8775K(9024K)->8775K(9024K) NonClass: 7954K(8128K)->7954K(8128K) Class: 821K(896K)->821K(896K)
[10.280s][info][gc          ] GC(26) Pause Young (Allocation Failure) 1064M->641M(1941M) 44.148ms
[10.280s][info][gc,cpu      ] GC(26) User=0.28s Sys=0.00s Real=0.05s
[10.770s][info][gc,start    ] GC(27) Pause Young (Allocation Failure)
[10.799s][info][gc,heap     ] GC(27) PSYoungGen: 530638K(589824K)->864K(593920K) Eden: 481792K(481792K)->0K(488448K) From: 48846K(108032K)->864K(105472K)
[10.800s][info][gc,heap     ] GC(27) ParOldGen: 608059K(1398272K)->657009K(1398272K)
[10.800s][info][gc,metaspace] GC(27) Metaspace: 8775K(9024K)->8775K(9024K) NonClass: 7954K(8128K)->7954K(8128K) Class: 821K(896K)->821K(896K)
[10.800s][info][gc          ] GC(27) Pause Young (Allocation Failure) 1112M->642M(1945M) 29.490ms
[10.800s][info][gc,cpu      ] GC(27) User=0.17s Sys=0.02s Real=0.03s
[11.247s][info][gc,start    ] GC(28) Pause Young (Allocation Failure)
[11.250s][info][gc,heap     ] GC(28) PSYoungGen: 489312K(593920K)->4128K(593408K) Eden: 488448K(488448K)->0K(488448K) From: 864K(105472K)->4128K(104960K)
[11.250s][info][gc,heap     ] GC(28) ParOldGen: 657009K(1398272K)->657857K(1398272K)
[11.250s][info][gc,metaspace] GC(28) Metaspace: 8775K(9024K)->8775K(9024K) NonClass: 7954K(8128K)->7954K(8128K) Class: 821K(896K)->821K(896K)
[11.250s][info][gc          ] GC(28) Pause Young (Allocation Failure) 1119M->646M(1945M) 2.993ms
[11.250s][info][gc,cpu      ] GC(28) User=0.00s Sys=0.00s Real=0.01s
[11.281s][info][gc,start    ] GC(29) Pause Young (System.gc())
[11.283s][info][gc,heap     ] GC(29) PSYoungGen: 43200K(593408K)->480K(598016K) Eden: 39072K(488448K)->0K(495104K) From: 4128K(104960K)->480K(102912K)
[11.283s][info][gc,heap     ] GC(29) ParOldGen: 657857K(1398272K)->661729K(1398272K)
[11.283s][info][gc,metaspace] GC(29) Metaspace: 8826K(9024K)->8826K(9024K) NonClass: 8001K(8128K)->8001K(8128K) Class: 824K(896K)->824K(896K)
[11.283s][info][gc          ] GC(29) Pause Young (System.gc()) 684M->646M(1949M) 2.414ms
[11.283s][info][gc,cpu      ] GC(29) User=0.00s Sys=0.00s Real=0.01s
[11.283s][info][gc,start    ] GC(30) Pause Full (System.gc())
[11.283s][info][gc,phases,start] GC(30) Marking Phase
[11.373s][info][gc,phases      ] GC(30) Marking Phase 89.870ms
[11.373s][info][gc,phases,start] GC(30) Summary Phase
[11.373s][info][gc,phases      ] GC(30) Summary Phase 0.028ms
[11.373s][info][gc,phases,start] GC(30) Adjust Roots
[11.375s][info][gc,phases      ] GC(30) Adjust Roots 2.119ms
[11.375s][info][gc,phases,start] GC(30) Compaction Phase
[11.927s][info][gc,phases      ] GC(30) Compaction Phase 551.914ms
[11.927s][info][gc,phases,start] GC(30) Post Compact
[11.929s][info][gc,phases      ] GC(30) Post Compact 1.539ms
[11.929s][info][gc,heap        ] GC(30) PSYoungGen: 480K(598016K)->0K(598016K) Eden: 0K(495104K)->0K(495104K) From: 480K(102912K)->0K(102912K)
[11.929s][info][gc,heap        ] GC(30) ParOldGen: 661729K(1398272K)->451434K(1398272K)
[11.929s][info][gc,metaspace   ] GC(30) Metaspace: 8826K(9024K)->8826K(9024K) NonClass: 8001K(8128K)->8001K(8128K) Class: 824K(896K)->824K(896K)
[11.929s][info][gc             ] GC(30) Pause Full (System.gc()) 646M->440M(1949M) 645.830ms
[11.929s][info][gc,cpu         ] GC(30) User=3.64s Sys=0.12s Real=0.64s
[12.536s][info][gc,start       ] GC(31) Pause Young (Allocation Failure)
[12.545s][info][gc,heap        ] GC(31) PSYoungGen: 495104K(598016K)->10592K(595968K) Eden: 495104K(495104K)->0K(495104K) From: 0K(102912K)->10592K(100864K)
[12.545s][info][gc,heap        ] GC(31) ParOldGen: 451434K(1398272K)->451442K(1398272K)
[12.545s][info][gc,metaspace   ] GC(31) Metaspace: 9712K(9920K)->9712K(9920K) NonClass: 8852K(8960K)->8852K(8960K) Class: 860K(960K)->860K(960K)
[12.545s][info][gc             ] GC(31) Pause Young (Allocation Failure) 924M->451M(1947M) 8.474ms
[12.545s][info][gc,cpu         ] GC(31) User=0.08s Sys=0.02s Real=0.01s
[12.983s][info][gc,start       ] GC(32) Pause Young (Allocation Failure)
[12.991s][info][gc,heap        ] GC(32) PSYoungGen: 505696K(595968K)->10400K(606720K) Eden: 495104K(495104K)->0K(509952K) From: 10592K(100864K)->10400K(96768K)
[12.991s][info][gc,heap        ] GC(32) ParOldGen: 451442K(1398272K)->458138K(1398272K)
[12.991s][info][gc,metaspace   ] GC(32) Metaspace: 9727K(9920K)->9727K(9920K) NonClass: 8867K(8960K)->8867K(8960K) Class: 860K(960K)->860K(960K)
[12.991s][info][gc             ] GC(32) Pause Young (Allocation Failure) 934M->457M(1958M) 8.407ms
[12.991s][info][gc,cpu         ] GC(32) User=0.00s Sys=0.00s Real=0.01s
[13.420s][info][gc,start       ] GC(33) Pause Young (Allocation Failure)
[13.428s][info][gc,heap        ] GC(33) PSYoungGen: 520352K(606720K)->10496K(602112K) Eden: 509952K(509952K)->0K(509952K) From: 10400K(96768K)->10496K(92160K)
[13.428s][info][gc,heap        ] GC(33) ParOldGen: 458138K(1398272K)->464314K(1398272K)
[13.428s][info][gc,metaspace   ] GC(33) Metaspace: 9737K(9920K)->9737K(9920K) NonClass: 8877K(8960K)->8877K(8960K) Class: 860K(960K)->860K(960K)
[13.428s][info][gc             ] GC(33) Pause Young (Allocation Failure) 955M->463M(1953M) 8.240ms
[13.428s][info][gc,cpu         ] GC(33) User=0.00s Sys=0.00s Real=0.01s
[13.825s][info][gc,start       ] GC(34) Pause Young (Allocation Failure)
[13.835s][info][gc,heap        ] GC(34) PSYoungGen: 520448K(602112K)->10752K(615424K) Eden: 509952K(509952K)->0K(527360K) From: 10496K(92160K)->10752K(88064K)
[13.836s][info][gc,heap        ] GC(34) ParOldGen: 464314K(1398272K)->470858K(1398272K)
[13.836s][info][gc,metaspace   ] GC(34) Metaspace: 9740K(9984K)->9740K(9984K) NonClass: 8880K(9024K)->8880K(9024K) Class: 860K(960K)->860K(960K)
[13.836s][info][gc             ] GC(34) Pause Young (Allocation Failure) 961M->470M(1966M) 10.420ms
[13.836s][info][gc,cpu         ] GC(34) User=0.00s Sys=0.00s Real=0.01s
[14.203s][info][gc,start       ] GC(35) Pause Young (Allocation Failure)
[14.213s][info][gc,heap        ] GC(35) PSYoungGen: 538112K(615424K)->11392K(610816K) Eden: 527360K(527360K)->0K(527360K) From: 10752K(88064K)->11392K(83456K)
[14.213s][info][gc,heap        ] GC(35) ParOldGen: 470858K(1398272K)->477346K(1398272K)
[14.213s][info][gc,metaspace   ] GC(35) Metaspace: 9741K(9984K)->9741K(9984K) NonClass: 8881K(9024K)->8881K(9024K) Class: 860K(960K)->860K(960K)
[14.213s][info][gc             ] GC(35) Pause Young (Allocation Failure) 985M->477M(1962M) 9.801ms
[14.213s][info][gc,cpu         ] GC(35) User=0.09s Sys=0.00s Real=0.01s
[14.538s][info][gc,start       ] GC(36) Pause Young (Allocation Failure)
[14.548s][info][gc,heap        ] GC(36) PSYoungGen: 538752K(610816K)->11488K(623616K) Eden: 527360K(527360K)->0K(544256K) From: 11392K(83456K)->11488K(79360K)
[14.548s][info][gc,heap        ] GC(36) ParOldGen: 477346K(1398272K)->484194K(1398272K)
[14.548s][info][gc,metaspace   ] GC(36) Metaspace: 9741K(9984K)->9741K(9984K) NonClass: 8881K(9024K)->8881K(9024K) Class: 860K(960K)->860K(960K)
[14.548s][info][gc             ] GC(36) Pause Young (Allocation Failure) 992M->484M(1974M) 9.204ms
[14.548s][info][gc,cpu         ] GC(36) User=0.09s Sys=0.00s Real=0.01s
[14.866s][info][gc,start       ] GC(37) Pause Young (Allocation Failure)
[14.877s][info][gc,heap        ] GC(37) PSYoungGen: 555744K(623616K)->11744K(619520K) Eden: 544256K(544256K)->0K(544256K) From: 11488K(79360K)->11744K(75264K)
[14.877s][info][gc,heap        ] GC(37) ParOldGen: 484194K(1398272K)->491178K(1398272K)
[14.877s][info][gc,metaspace   ] GC(37) Metaspace: 9743K(9984K)->9743K(9984K) NonClass: 8883K(9024K)->8883K(9024K) Class: 860K(960K)->860K(960K)
[14.877s][info][gc             ] GC(37) Pause Young (Allocation Failure) 1015M->491M(1970M) 11.307ms
[14.877s][info][gc,cpu         ] GC(37) User=0.09s Sys=0.00s Real=0.01s
[15.183s][info][gc,start       ] GC(38) Pause Young (Allocation Failure)
[15.194s][info][gc,heap        ] GC(38) PSYoungGen: 556000K(619520K)->11456K(631808K) Eden: 544256K(544256K)->0K(560640K) From: 11744K(75264K)->11456K(71168K)
[15.194s][info][gc,heap        ] GC(38) ParOldGen: 491178K(1398272K)->498322K(1398272K)
[15.194s][info][gc,metaspace   ] GC(38) Metaspace: 9743K(9984K)->9743K(9984K) NonClass: 8883K(9024K)->8883K(9024K) Class: 860K(960K)->860K(960K)
[15.194s][info][gc             ] GC(38) Pause Young (Allocation Failure) 1022M->497M(1982M) 11.272ms
[15.194s][info][gc,cpu         ] GC(38) User=0.00s Sys=0.00s Real=0.01s
[15.494s][info][gc,start       ] GC(39) Pause Young (Allocation Failure)
[15.504s][info][gc,heap        ] GC(39) PSYoungGen: 572096K(631808K)->12000K(627712K) Eden: 560640K(560640K)->0K(560640K) From: 11456K(71168K)->12000K(67072K)
[15.504s][info][gc,heap        ] GC(39) ParOldGen: 498322K(1398272K)->505434K(1398272K)
[15.504s][info][gc,metaspace   ] GC(39) Metaspace: 9745K(9984K)->9745K(9984K) NonClass: 8884K(9024K)->8884K(9024K) Class: 860K(960K)->860K(960K)
[15.504s][info][gc             ] GC(39) Pause Young (Allocation Failure) 1045M->505M(1978M) 9.673ms
[15.504s][info][gc,cpu         ] GC(39) User=0.02s Sys=0.00s Real=0.01s
[15.795s][info][gc,start       ] GC(40) Pause Young (Allocation Failure)
[15.806s][info][gc,heap        ] GC(40) PSYoungGen: 572640K(627712K)->12224K(638976K) Eden: 560640K(560640K)->0K(575488K) From: 12000K(67072K)->12224K(63488K)
[15.806s][info][gc,heap        ] GC(40) ParOldGen: 505434K(1398272K)->512810K(1398272K)
[15.806s][info][gc,metaspace   ] GC(40) Metaspace: 9745K(9984K)->9745K(9984K) NonClass: 8885K(9024K)->8885K(9024K) Class: 860K(960K)->860K(960K)
[15.806s][info][gc             ] GC(40) Pause Young (Allocation Failure) 1052M->512M(1989M) 11.060ms
[15.806s][info][gc,cpu         ] GC(40) User=0.00s Sys=0.00s Real=0.01s
[16.094s][info][gc,start       ] GC(41) Pause Young (Allocation Failure)
[16.103s][info][gc,heap        ] GC(41) PSYoungGen: 587712K(638976K)->11840K(635392K) Eden: 575488K(575488K)->0K(575488K) From: 12224K(63488K)->11840K(59904K)
[16.103s][info][gc,heap        ] GC(41) ParOldGen: 512810K(1398272K)->520066K(1398272K)
[16.103s][info][gc,metaspace   ] GC(41) Metaspace: 9745K(9984K)->9745K(9984K) NonClass: 8885K(9024K)->8885K(9024K) Class: 860K(960K)->860K(960K)
[16.103s][info][gc             ] GC(41) Pause Young (Allocation Failure) 1074M->519M(1986M) 9.432ms
[16.103s][info][gc,cpu         ] GC(41) User=0.09s Sys=0.00s Real=0.01s
[16.393s][info][gc,start       ] GC(42) Pause Young (Allocation Failure)
[16.404s][info][gc,heap        ] GC(42) PSYoungGen: 587328K(635392K)->12352K(645632K) Eden: 575488K(575488K)->0K(589312K) From: 11840K(59904K)->12352K(56320K)
[16.404s][info][gc,heap        ] GC(42) ParOldGen: 520066K(1398272K)->527442K(1398272K)
[16.404s][info][gc,metaspace   ] GC(42) Metaspace: 9745K(9984K)->9745K(9984K) NonClass: 8885K(9024K)->8885K(9024K) Class: 860K(960K)->860K(960K)
[16.404s][info][gc             ] GC(42) Pause Young (Allocation Failure) 1081M->527M(1996M) 10.570ms
[16.404s][info][gc,cpu         ] GC(42) User=0.09s Sys=0.00s Real=0.01s
[16.638s][info][gc,start       ] GC(43) Pause Young (Allocation Failure)
[16.647s][info][gc,heap        ] GC(43) PSYoungGen: 601664K(645632K)->12320K(642560K) Eden: 589312K(589312K)->0K(589312K) From: 12352K(56320K)->12320K(53248K)
[16.647s][info][gc,heap        ] GC(43) ParOldGen: 527442K(1398272K)->534738K(1398272K)
[16.647s][info][gc,metaspace   ] GC(43) Metaspace: 9745K(9984K)->9745K(9984K) NonClass: 8885K(9024K)->8885K(9024K) Class: 860K(960K)->860K(960K)
[16.647s][info][gc             ] GC(43) Pause Young (Allocation Failure) 1102M->534M(1993M) 9.625ms
[16.647s][info][gc,cpu         ] GC(43) User=0.00s Sys=0.00s Real=0.01s
[16.890s][info][gc,start       ] GC(44) Pause Young (Allocation Failure)
[16.901s][info][gc,heap        ] GC(44) PSYoungGen: 601632K(642560K)->12480K(651264K) Eden: 589312K(589312K)->0K(601088K) From: 12320K(53248K)->12480K(50176K)
[16.901s][info][gc,heap        ] GC(44) ParOldGen: 534738K(1398272K)->542418K(1398272K)
[16.901s][info][gc,metaspace   ] GC(44) Metaspace: 9745K(9984K)->9745K(9984K) NonClass: 8885K(9024K)->8885K(9024K) Class: 860K(960K)->860K(960K)
[16.901s][info][gc             ] GC(44) Pause Young (Allocation Failure) 1109M->541M(2001M) 11.079ms
[16.901s][info][gc,cpu         ] GC(44) User=0.09s Sys=0.00s Real=0.01s
[17.117s][info][gc,start       ] GC(45) Pause Young (Allocation Failure)
[17.127s][info][gc,heap        ] GC(45) PSYoungGen: 613568K(651264K)->12384K(648704K) Eden: 601088K(601088K)->0K(601088K) From: 12480K(50176K)->12384K(47616K)
[17.127s][info][gc,heap        ] GC(45) ParOldGen: 542418K(1398272K)->549914K(1398272K)
[17.127s][info][gc,metaspace   ] GC(45) Metaspace: 9745K(9984K)->9745K(9984K) NonClass: 8885K(9024K)->8885K(9024K) Class: 860K(960K)->860K(960K)
[17.127s][info][gc             ] GC(45) Pause Young (Allocation Failure) 1128M->549M(1999M) 10.121ms
[17.127s][info][gc,cpu         ] GC(45) User=0.09s Sys=0.00s Real=0.01s
[17.330s][info][gc,start       ] GC(46) Pause Young (Allocation Failure)
[17.340s][info][gc,heap        ] GC(46) PSYoungGen: 613472K(648704K)->12512K(656384K) Eden: 601088K(601088K)->0K(611840K) From: 12384K(47616K)->12512K(44544K)
[17.340s][info][gc,heap        ] GC(46) ParOldGen: 549914K(1398272K)->557530K(1398272K)
[17.340s][info][gc,metaspace   ] GC(46) Metaspace: 9745K(9984K)->9745K(9984K) NonClass: 8885K(9024K)->8885K(9024K) Class: 860K(960K)->860K(960K)
[17.340s][info][gc             ] GC(46) Pause Young (Allocation Failure) 1136M->556M(2006M) 9.960ms
[17.340s][info][gc,cpu         ] GC(46) User=0.09s Sys=0.00s Real=0.01s
[17.547s][info][gc,start       ] GC(47) Pause Young (Allocation Failure)
[17.557s][info][gc,heap        ] GC(47) PSYoungGen: 624352K(656384K)->12544K(654336K) Eden: 611840K(611840K)->0K(611840K) From: 12512K(44544K)->12544K(42496K)
[17.557s][info][gc,heap        ] GC(47) ParOldGen: 557530K(1398272K)->565146K(1398272K)
[17.557s][info][gc,metaspace   ] GC(47) Metaspace: 9745K(9984K)->9745K(9984K) NonClass: 8885K(9024K)->8885K(9024K) Class: 860K(960K)->860K(960K)
[17.557s][info][gc             ] GC(47) Pause Young (Allocation Failure) 1154M->564M(2004M) 9.993ms
[17.557s][info][gc,cpu         ] GC(47) User=0.09s Sys=0.00s Real=0.01s
[17.762s][info][gc,start       ] GC(48) Pause Young (Allocation Failure)
[17.772s][info][gc,heap        ] GC(48) PSYoungGen: 624384K(654336K)->12576K(660992K) Eden: 611840K(611840K)->0K(621056K) From: 12544K(42496K)->12576K(39936K)
[17.772s][info][gc,heap        ] GC(48) ParOldGen: 565146K(1398272K)->572754K(1398272K)
[17.772s][info][gc,metaspace   ] GC(48) Metaspace: 9746K(9984K)->9746K(9984K) NonClass: 8885K(9024K)->8885K(9024K) Class: 860K(960K)->860K(960K)
[17.772s][info][gc             ] GC(48) Pause Young (Allocation Failure) 1161M->571M(2011M) 9.886ms
[17.772s][info][gc,cpu         ] GC(48) User=0.00s Sys=0.00s Real=0.01s
[17.975s][info][gc,start       ] GC(49) Pause Young (Allocation Failure)
[17.985s][info][gc,heap        ] GC(49) PSYoungGen: 633632K(660992K)->12384K(658944K) Eden: 621056K(621056K)->0K(621056K) From: 12576K(39936K)->12384K(37888K)
[17.985s][info][gc,heap        ] GC(49) ParOldGen: 572754K(1398272K)->580506K(1398272K)
[17.985s][info][gc,metaspace   ] GC(49) Metaspace: 9746K(9984K)->9746K(9984K) NonClass: 8885K(9024K)->8885K(9024K) Class: 860K(960K)->860K(960K)
[17.985s][info][gc             ] GC(49) Pause Young (Allocation Failure) 1178M->578M(2009M) 10.054ms
[17.985s][info][gc,cpu         ] GC(49) User=0.09s Sys=0.00s Real=0.01s
[18.191s][info][gc,start       ] GC(50) Pause Young (Allocation Failure)
[18.201s][info][gc,heap        ] GC(50) PSYoungGen: 633440K(658944K)->12544K(665088K) Eden: 621056K(621056K)->0K(629248K) From: 12384K(37888K)->12544K(35840K)
[18.201s][info][gc,heap        ] GC(50) ParOldGen: 580506K(1398272K)->588130K(1398272K)
[18.201s][info][gc,metaspace   ] GC(50) Metaspace: 9746K(9984K)->9746K(9984K) NonClass: 8885K(9024K)->8885K(9024K) Class: 860K(960K)->860K(960K)
[18.201s][info][gc             ] GC(50) Pause Young (Allocation Failure) 1185M->586M(2015M) 10.056ms
[18.202s][info][gc,cpu         ] GC(50) User=0.09s Sys=0.00s Real=0.01s
[18.416s][info][gc,start       ] GC(51) Pause Young (Allocation Failure)
[18.426s][info][gc,heap        ] GC(51) PSYoungGen: 641792K(665088K)->12736K(663040K) Eden: 629248K(629248K)->0K(629248K) From: 12544K(35840K)->12736K(33792K)
[18.426s][info][gc,heap        ] GC(51) ParOldGen: 588130K(1398272K)->595698K(1398272K)
[18.426s][info][gc,metaspace   ] GC(51) Metaspace: 9746K(9984K)->9746K(9984K) NonClass: 8886K(9024K)->8886K(9024K) Class: 860K(960K)->860K(960K)
[18.426s][info][gc             ] GC(51) Pause Young (Allocation Failure) 1201M->594M(2013M) 10.013ms
[18.426s][info][gc,cpu         ] GC(51) User=0.00s Sys=0.00s Real=0.01s
[18.641s][info][gc,start       ] GC(52) Pause Young (Allocation Failure)
[18.653s][info][gc,heap        ] GC(52) PSYoungGen: 641984K(663040K)->13248K(668160K) Eden: 629248K(629248K)->0K(635904K) From: 12736K(33792K)->13248K(32256K)
[18.653s][info][gc,heap        ] GC(52) ParOldGen: 595698K(1398272K)->603418K(1398272K)
[18.653s][info][gc,metaspace   ] GC(52) Metaspace: 9746K(9984K)->9746K(9984K) NonClass: 8886K(9024K)->8886K(9024K) Class: 860K(960K)->860K(960K)
[18.653s][info][gc             ] GC(52) Pause Young (Allocation Failure) 1208M->602M(2018M) 12.493ms
[18.653s][info][gc,cpu         ] GC(52) User=0.09s Sys=0.00s Real=0.01s
[18.906s][info][gc,start       ] GC(53) Pause Young (Allocation Failure)
[18.918s][info][gc,heap        ] GC(53) PSYoungGen: 649152K(668160K)->13280K(666624K) Eden: 635904K(635904K)->0K(635904K) From: 13248K(32256K)->13280K(30720K)
[18.919s][info][gc,heap        ] GC(53) ParOldGen: 603418K(1398272K)->611482K(1398272K)
[18.919s][info][gc,metaspace   ] GC(53) Metaspace: 9746K(9984K)->9746K(9984K) NonClass: 8886K(9024K)->8886K(9024K) Class: 860K(960K)->860K(960K)
[18.919s][info][gc             ] GC(53) Pause Young (Allocation Failure) 1223M->610M(2016M) 12.557ms
[18.919s][info][gc,cpu         ] GC(53) User=0.09s Sys=0.00s Real=0.01s
[19.170s][info][gc,start       ] GC(54) Pause Young (Allocation Failure)
[19.183s][info][gc,heap        ] GC(54) PSYoungGen: 649184K(666624K)->13376K(671232K) Eden: 635904K(635904K)->0K(642048K) From: 13280K(30720K)->13376K(29184K)
[19.183s][info][gc,heap        ] GC(54) ParOldGen: 611482K(1398272K)->619546K(1398272K)
[19.183s][info][gc,metaspace   ] GC(54) Metaspace: 9746K(9984K)->9746K(9984K) NonClass: 8886K(9024K)->8886K(9024K) Class: 860K(960K)->860K(960K)
[19.183s][info][gc             ] GC(54) Pause Young (Allocation Failure) 1231M->618M(2021M) 12.931ms
[19.183s][info][gc,cpu         ] GC(54) User=0.09s Sys=0.00s Real=0.01s
[19.422s][info][gc,start       ] GC(55) Pause Young (Allocation Failure)
[19.432s][info][gc,heap        ] GC(55) PSYoungGen: 655424K(671232K)->13376K(669696K) Eden: 642048K(642048K)->0K(642048K) From: 13376K(29184K)->13376K(27648K)
[19.432s][info][gc,heap        ] GC(55) ParOldGen: 619546K(1398272K)->627658K(1398272K)
[19.432s][info][gc,metaspace   ] GC(55) Metaspace: 9746K(9984K)->9746K(9984K) NonClass: 8886K(9024K)->8886K(9024K) Class: 860K(960K)->860K(960K)
[19.432s][info][gc             ] GC(55) Pause Young (Allocation Failure) 1245M->626M(2019M) 10.692ms
[19.433s][info][gc,cpu         ] GC(55) User=0.09s Sys=0.00s Real=0.01s
[19.644s][info][gc,start       ] GC(56) Pause Young (Allocation Failure)
[19.655s][info][gc,heap        ] GC(56) PSYoungGen: 655424K(669696K)->13312K(673792K) Eden: 642048K(642048K)->0K(647680K) From: 13376K(27648K)->13312K(26112K)
[19.655s][info][gc,heap        ] GC(56) ParOldGen: 627658K(1398272K)->635818K(1398272K)
[19.655s][info][gc,metaspace   ] GC(56) Metaspace: 9746K(9984K)->9746K(9984K) NonClass: 8886K(9024K)->8886K(9024K) Class: 860K(960K)->860K(960K)
[19.655s][info][gc             ] GC(56) Pause Young (Allocation Failure) 1253M->633M(2023M) 10.682ms
[19.655s][info][gc,cpu         ] GC(56) User=0.09s Sys=0.00s Real=0.01s
[19.870s][info][gc,start       ] GC(57) Pause Young (Allocation Failure)
[19.880s][info][gc,heap        ] GC(57) PSYoungGen: 660992K(673792K)->13152K(672768K) Eden: 647680K(647680K)->0K(647680K) From: 13312K(26112K)->13152K(25088K)
[19.880s][info][gc,heap        ] GC(57) ParOldGen: 635818K(1398272K)->643906K(1398272K)
[19.880s][info][gc,metaspace   ] GC(57) Metaspace: 9746K(9984K)->9746K(9984K) NonClass: 8886K(9024K)->8886K(9024K) Class: 860K(960K)->860K(960K)
[19.880s][info][gc             ] GC(57) Pause Young (Allocation Failure) 1266M->641M(2022M) 10.398ms
[19.880s][info][gc,cpu         ] GC(57) User=0.00s Sys=0.00s Real=0.01s
[20.097s][info][gc,start       ] GC(58) Pause Young (Allocation Failure)
[20.107s][info][gc,heap        ] GC(58) PSYoungGen: 660832K(672768K)->13120K(675840K) Eden: 647680K(647680K)->0K(651776K) From: 13152K(25088K)->13120K(24064K)
[20.107s][info][gc,heap        ] GC(58) ParOldGen: 643906K(1398272K)->652042K(1398272K)
[20.107s][info][gc,metaspace   ] GC(58) Metaspace: 9746K(9984K)->9746K(9984K) NonClass: 8886K(9024K)->8886K(9024K) Class: 860K(960K)->860K(960K)
[20.107s][info][gc             ] GC(58) Pause Young (Allocation Failure) 1274M->649M(2025M) 10.343ms
[20.107s][info][gc,cpu         ] GC(58) User=0.09s Sys=0.00s Real=0.01s
[20.423s][info][gc,start       ] GC(59) Pause Young (Allocation Failure)
[20.437s][info][gc,heap        ] GC(59) PSYoungGen: 664896K(675840K)->13696K(674816K) Eden: 651776K(651776K)->0K(651776K) From: 13120K(24064K)->13696K(23040K)
[20.437s][info][gc,heap        ] GC(59) ParOldGen: 652042K(1398272K)->659954K(1398272K)
[20.437s][info][gc,metaspace   ] GC(59) Metaspace: 9746K(9984K)->9746K(9984K) NonClass: 8886K(9024K)->8886K(9024K) Class: 860K(960K)->860K(960K)
[20.437s][info][gc             ] GC(59) Pause Young (Allocation Failure) 1286M->657M(2024M) 13.602ms
[20.437s][info][gc,cpu         ] GC(59) User=0.09s Sys=0.00s Real=0.02s
[20.801s][info][gc,start       ] GC(60) Pause Young (Allocation Failure)
[20.812s][info][gc,heap        ] GC(60) PSYoungGen: 665472K(674816K)->13664K(677376K) Eden: 651776K(651776K)->0K(654848K) From: 13696K(23040K)->13664K(22528K)
[20.812s][info][gc,heap        ] GC(60) ParOldGen: 659954K(1398272K)->668434K(1398272K)
[20.812s][info][gc,metaspace   ] GC(60) Metaspace: 9747K(9984K)->9747K(9984K) NonClass: 8886K(9024K)->8886K(9024K) Class: 860K(960K)->860K(960K)
[20.812s][info][gc             ] GC(60) Pause Young (Allocation Failure) 1294M->666M(2027M) 11.098ms
[20.812s][info][gc,cpu         ] GC(60) User=0.09s Sys=0.00s Real=0.01s
[21.682s][info][gc,start       ] GC(61) Pause Young (Allocation Failure)
[21.730s][info][gc,heap        ] GC(61) PSYoungGen: 668512K(677376K)->21500K(676352K) Eden: 654848K(654848K)->0K(654848K) From: 13664K(22528K)->21500K(21504K)
[21.730s][info][gc,heap        ] GC(61) ParOldGen: 668434K(1398272K)->717882K(1398272K)
[21.730s][info][gc,metaspace   ] GC(61) Metaspace: 9877K(10112K)->9877K(10112K) NonClass: 9003K(9088K)->9003K(9088K) Class: 873K(1024K)->873K(1024K)
[21.730s][info][gc             ] GC(61) Pause Young (Allocation Failure) 1305M->722M(2026M) 48.719ms
[21.730s][info][gc,cpu         ] GC(61) User=0.27s Sys=0.02s Real=0.05s
[22.652s][info][gc,start       ] GC(62) Pause Young (Allocation Failure)
[22.723s][info][gc,heap        ] GC(62) PSYoungGen: 676348K(676352K)->22506K(579072K) Eden: 654848K(654848K)->0K(556544K) From: 21500K(21504K)->22506K(22528K)
[22.723s][info][gc,heap        ] GC(62) ParOldGen: 717882K(1398272K)->800244K(1398272K)
[22.723s][info][gc,metaspace   ] GC(62) Metaspace: 9877K(10112K)->9877K(10112K) NonClass: 9003K(9088K)->9003K(9088K) Class: 873K(1024K)->873K(1024K)
[22.723s][info][gc             ] GC(62) Pause Young (Allocation Failure) 1361M->803M(1931M) 71.487ms
[22.723s][info][gc,cpu         ] GC(62) User=0.31s Sys=0.06s Real=0.08s
[23.462s][info][gc,start       ] GC(63) Pause Young (Allocation Failure)
[23.502s][info][gc,heap        ] GC(63) PSYoungGen: 579050K(579072K)->50112K(606720K) Eden: 556544K(556544K)->0K(556544K) From: 22506K(22528K)->50112K(50176K)
[23.502s][info][gc,heap        ] GC(63) ParOldGen: 800244K(1398272K)->822342K(1398272K)
[23.502s][info][gc,metaspace   ] GC(63) Metaspace: 9877K(10112K)->9877K(10112K) NonClass: 9003K(9088K)->9003K(9088K) Class: 873K(1024K)->873K(1024K)
[23.502s][info][gc             ] GC(63) Pause Young (Allocation Failure) 1346M->852M(1958M) 39.674ms
[23.502s][info][gc,cpu         ] GC(63) User=0.28s Sys=0.00s Real=0.05s
[24.349s][info][gc,start       ] GC(64) Pause Young (Allocation Failure)
[24.375s][info][gc,heap        ] GC(64) PSYoungGen: 606656K(606720K)->7424K(624128K) Eden: 556544K(556544K)->0K(548864K) From: 50112K(50176K)->7424K(75264K)
[24.375s][info][gc,heap        ] GC(64) ParOldGen: 822342K(1398272K)->867694K(1398272K)
[24.375s][info][gc,metaspace   ] GC(64) Metaspace: 9877K(10112K)->9877K(10112K) NonClass: 9003K(9088K)->9003K(9088K) Class: 873K(1024K)->873K(1024K)
[24.375s][info][gc             ] GC(64) Pause Young (Allocation Failure) 1395M->854M(1975M) 26.080ms
[24.375s][info][gc,cpu         ] GC(64) User=0.17s Sys=0.02s Real=0.04s
[24.989s][info][gc,start       ] GC(65) Pause Young (Allocation Failure)
[25.022s][info][gc,heap        ] GC(65) PSYoungGen: 556288K(624128K)->53680K(602624K) Eden: 548864K(548864K)->0K(548864K) From: 7424K(75264K)->53680K(53760K)
[25.022s][info][gc,heap        ] GC(65) ParOldGen: 867694K(1398272K)->873742K(1398272K)
[25.022s][info][gc,metaspace   ] GC(65) Metaspace: 9878K(10112K)->9878K(10112K) NonClass: 9005K(9088K)->9005K(9088K) Class: 873K(1024K)->873K(1024K)
[25.022s][info][gc             ] GC(65) Pause Young (Allocation Failure) 1390M->905M(1954M) 33.492ms
[25.022s][info][gc,cpu         ] GC(65) User=0.19s Sys=0.00s Real=0.04s
[25.506s][info][gc,start       ] GC(66) Pause Young (Allocation Failure)
[25.547s][info][gc,heap        ] GC(66) PSYoungGen: 602544K(602624K)->69482K(600064K) Eden: 548864K(548864K)->0K(520704K) From: 53680K(53760K)->69482K(79360K)
[25.547s][info][gc,heap        ] GC(66) ParOldGen: 873742K(1398272K)->880454K(1398272K)
[25.547s][info][gc,metaspace   ] GC(66) Metaspace: 9878K(10112K)->9878K(10112K) NonClass: 9005K(9088K)->9005K(9088K) Class: 873K(1024K)->873K(1024K)
[25.547s][info][gc             ] GC(66) Pause Young (Allocation Failure) 1441M->927M(1951M) 40.748ms
[25.547s][info][gc,cpu         ] GC(66) User=0.25s Sys=0.02s Real=0.05s
[25.959s][info][gc,start       ] GC(67) Pause Young (Allocation Failure)
[26.026s][info][gc,heap        ] GC(67) PSYoungGen: 590186K(600064K)->64032K(585216K) Eden: 520704K(520704K)->0K(520704K) From: 69482K(79360K)->64032K(64512K)
[26.026s][info][gc,heap        ] GC(67) ParOldGen: 880454K(1398272K)->946384K(1398272K)
[26.026s][info][gc,metaspace   ] GC(67) Metaspace: 9878K(10112K)->9878K(10112K) NonClass: 9005K(9088K)->9005K(9088K) Class: 873K(1024K)->873K(1024K)
[26.026s][info][gc             ] GC(67) Pause Young (Allocation Failure) 1436M->986M(1937M) 67.285ms
[26.026s][info][gc,cpu         ] GC(67) User=0.45s Sys=0.02s Real=0.07s
[26.613s][info][gc,start       ] GC(68) Pause Young (Allocation Failure)
[26.657s][info][gc,heap        ] GC(68) PSYoungGen: 584736K(585216K)->29984K(608768K) Eden: 520704K(520704K)->0K(514048K) From: 64032K(64512K)->29984K(94720K)
[26.657s][info][gc,heap        ] GC(68) ParOldGen: 946384K(1398272K)->998104K(1398272K)
[26.657s][info][gc,metaspace   ] GC(68) Metaspace: 9878K(10112K)->9878K(10112K) NonClass: 9005K(9088K)->9005K(9088K) Class: 873K(1024K)->873K(1024K)
[26.657s][info][gc             ] GC(68) Pause Young (Allocation Failure) 1495M->1003M(1960M) 43.116ms
[26.657s][info][gc,cpu         ] GC(68) User=0.28s Sys=0.00s Real=0.06s
[27.047s][info][gc,start       ] GC(69) Pause Young (System.gc())
[27.052s][info][gc,heap        ] GC(69) PSYoungGen: 171791K(608768K)->3213K(604160K) Eden: 141807K(514048K)->0K(514048K) From: 29984K(94720K)->3213K(90112K)
[27.052s][info][gc,heap        ] GC(69) ParOldGen: 998104K(1398272K)->1005736K(1398272K)
[27.052s][info][gc,metaspace   ] GC(69) Metaspace: 10032K(10240K)->10032K(10240K) NonClass: 9148K(9216K)->9148K(9216K) Class: 883K(1024K)->883K(1024K)
[27.052s][info][gc             ] GC(69) Pause Young (System.gc()) 1142M->985M(1955M) 5.383ms
[27.052s][info][gc,cpu         ] GC(69) User=0.00s Sys=0.00s Real=0.01s
[27.052s][info][gc,start       ] GC(70) Pause Full (System.gc())
[27.052s][info][gc,phases,start] GC(70) Marking Phase
[27.140s][info][gc,phases      ] GC(70) Marking Phase 87.544ms
[27.140s][info][gc,phases,start] GC(70) Summary Phase
[27.140s][info][gc,phases      ] GC(70) Summary Phase 0.017ms
[27.140s][info][gc,phases,start] GC(70) Adjust Roots
[27.143s][info][gc,phases      ] GC(70) Adjust Roots 3.227ms
[27.143s][info][gc,phases,start] GC(70) Compaction Phase
[27.464s][info][gc,phases      ] GC(70) Compaction Phase 321.086ms
[27.464s][info][gc,phases,start] GC(70) Post Compact
[27.467s][info][gc,phases      ] GC(70) Post Compact 2.435ms
[27.467s][info][gc,heap        ] GC(70) PSYoungGen: 3213K(604160K)->0K(604160K) Eden: 0K(514048K)->0K(514048K) From: 3213K(90112K)->0K(90112K)
[27.467s][info][gc,heap        ] GC(70) ParOldGen: 1005736K(1398272K)->434636K(1398272K)
[27.467s][info][gc,metaspace   ] GC(70) Metaspace: 10032K(10240K)->10032K(10240K) NonClass: 9148K(9216K)->9148K(9216K) Class: 883K(1024K)->883K(1024K)
[27.467s][info][gc             ] GC(70) Pause Full (System.gc()) 985M->424M(1955M) 414.553ms
[27.467s][info][gc,cpu         ] GC(70) User=2.39s Sys=0.09s Real=0.41s
[27.730s][info][gc,start       ] GC(71) Pause Young (Allocation Failure)
[27.736s][info][gc,heap        ] GC(71) PSYoungGen: 514048K(604160K)->11040K(610304K) Eden: 514048K(514048K)->0K(519680K) From: 0K(90112K)->11040K(90624K)
[27.736s][info][gc,heap        ] GC(71) ParOldGen: 434636K(1398272K)->434636K(1398272K)
[27.736s][info][gc,metaspace   ] GC(71) Metaspace: 10132K(10368K)->10132K(10368K) NonClass: 9249K(9344K)->9249K(9344K) Class: 883K(1024K)->883K(1024K)
[27.736s][info][gc             ] GC(71) Pause Young (Allocation Failure) 926M->435M(1961M) 6.310ms
[27.736s][info][gc,cpu         ] GC(71) User=0.00s Sys=0.00s Real=0.01s
[27.953s][info][gc,start       ] GC(72) Pause Young (Allocation Failure)
[27.962s][info][gc,heap        ] GC(72) PSYoungGen: 530720K(610304K)->10880K(608256K) Eden: 519680K(519680K)->0K(519680K) From: 11040K(90624K)->10880K(88576K)
[27.962s][info][gc,heap        ] GC(72) ParOldGen: 434636K(1398272K)->441684K(1398272K)
[27.962s][info][gc,metaspace   ] GC(72) Metaspace: 10132K(10368K)->10132K(10368K) NonClass: 9249K(9344K)->9249K(9344K) Class: 883K(1024K)->883K(1024K)
[27.962s][info][gc             ] GC(72) Pause Young (Allocation Failure) 942M->441M(1959M) 9.642ms
[27.962s][info][gc,cpu         ] GC(72) User=0.00s Sys=0.00s Real=0.01s
[28.159s][info][gc,start       ] GC(73) Pause Young (Allocation Failure)
[28.167s][info][gc,heap        ] GC(73) PSYoungGen: 530560K(608256K)->10688K(615424K) Eden: 519680K(519680K)->0K(528896K) From: 10880K(88576K)->10688K(86528K)
[28.167s][info][gc,heap        ] GC(73) ParOldGen: 441684K(1398272K)->448308K(1398272K)
[28.167s][info][gc,metaspace   ] GC(73) Metaspace: 10132K(10368K)->10132K(10368K) NonClass: 9249K(9344K)->9249K(9344K) Class: 883K(1024K)->883K(1024K)
[28.168s][info][gc             ] GC(73) Pause Young (Allocation Failure) 949M->448M(1966M) 8.514ms
[28.168s][info][gc,cpu         ] GC(73) User=0.09s Sys=0.00s Real=0.01s
[28.376s][info][gc,start       ] GC(74) Pause Young (Allocation Failure)
[28.386s][info][gc,heap        ] GC(74) PSYoungGen: 539584K(615424K)->11168K(612352K) Eden: 528896K(528896K)->0K(528896K) From: 10688K(86528K)->11168K(83456K)
[28.386s][info][gc,heap        ] GC(74) ParOldGen: 448308K(1398272K)->454908K(1398272K)
[28.386s][info][gc,metaspace   ] GC(74) Metaspace: 10132K(10368K)->10132K(10368K) NonClass: 9249K(9344K)->9249K(9344K) Class: 883K(1024K)->883K(1024K)
[28.386s][info][gc             ] GC(74) Pause Young (Allocation Failure) 964M->455M(1963M) 10.787ms
[28.386s][info][gc,cpu         ] GC(74) User=0.09s Sys=0.00s Real=0.01s
[28.588s][info][gc,start       ] GC(75) Pause Young (Allocation Failure)
[28.597s][info][gc,heap        ] GC(75) PSYoungGen: 540064K(612352K)->11264K(621056K) Eden: 528896K(528896K)->0K(540160K) From: 11168K(83456K)->11264K(80896K)
[28.597s][info][gc,heap        ] GC(75) ParOldGen: 454908K(1398272K)->461780K(1398272K)
[28.597s][info][gc,metaspace   ] GC(75) Metaspace: 10132K(10368K)->10132K(10368K) NonClass: 9249K(9344K)->9249K(9344K) Class: 883K(1024K)->883K(1024K)
[28.597s][info][gc             ] GC(75) Pause Young (Allocation Failure) 971M->461M(1972M) 8.742ms
[28.597s][info][gc,cpu         ] GC(75) User=0.00s Sys=0.00s Real=0.01s
[28.773s][info][gc,start       ] GC(76) Pause Young (Allocation Failure)
[28.782s][info][gc,heap        ] GC(76) PSYoungGen: 551424K(621056K)->11328K(617984K) Eden: 540160K(540160K)->0K(540160K) From: 11264K(80896K)->11328K(77824K)
[28.782s][info][gc,heap        ] GC(76) ParOldGen: 461780K(1398272K)->468636K(1398272K)
[28.782s][info][gc,metaspace   ] GC(76) Metaspace: 10132K(10368K)->10132K(10368K) NonClass: 9249K(9344K)->9249K(9344K) Class: 883K(1024K)->883K(1024K)
[28.782s][info][gc             ] GC(76) Pause Young (Allocation Failure) 989M->468M(1969M) 8.937ms
[28.782s][info][gc,cpu         ] GC(76) User=0.09s Sys=0.00s Real=0.01s
[28.959s][info][gc,start       ] GC(77) Pause Young (Allocation Failure)
[28.969s][info][gc,heap        ] GC(77) PSYoungGen: 551488K(617984K)->11520K(627712K) Eden: 540160K(540160K)->0K(552960K) From: 11328K(77824K)->11520K(74752K)
[28.969s][info][gc,heap        ] GC(77) ParOldGen: 468636K(1398272K)->475676K(1398272K)
[28.969s][info][gc,metaspace   ] GC(77) Metaspace: 10132K(10368K)->10132K(10368K) NonClass: 9249K(9344K)->9249K(9344K) Class: 883K(1024K)->883K(1024K)
[28.969s][info][gc             ] GC(77) Pause Young (Allocation Failure) 996M->475M(1978M) 9.353ms
[28.969s][info][gc,cpu         ] GC(77) User=0.09s Sys=0.00s Real=0.01s
[29.148s][info][gc,start       ] GC(78) Pause Young (Allocation Failure)
[29.158s][info][gc,heap        ] GC(78) PSYoungGen: 564480K(627712K)->11680K(624128K) Eden: 552960K(552960K)->0K(552960K) From: 11520K(74752K)->11680K(71168K)
[29.158s][info][gc,heap        ] GC(78) ParOldGen: 475676K(1398272K)->482772K(1398272K)
[29.158s][info][gc,metaspace   ] GC(78) Metaspace: 10132K(10368K)->10132K(10368K) NonClass: 9249K(9344K)->9249K(9344K) Class: 883K(1024K)->883K(1024K)
[29.158s][info][gc             ] GC(78) Pause Young (Allocation Failure) 1015M->482M(1975M) 9.215ms
[29.158s][info][gc,cpu         ] GC(78) User=0.09s Sys=0.00s Real=0.01s
[29.340s][info][gc,start       ] GC(79) Pause Young (Allocation Failure)
[29.349s][info][gc,heap        ] GC(79) PSYoungGen: 564640K(624128K)->11744K(633856K) Eden: 552960K(552960K)->0K(565760K) From: 11680K(71168K)->11744K(68096K)
[29.349s][info][gc,heap        ] GC(79) ParOldGen: 482772K(1398272K)->489996K(1398272K)
[29.349s][info][gc,metaspace   ] GC(79) Metaspace: 10132K(10368K)->10132K(10368K) NonClass: 9249K(9344K)->9249K(9344K) Class: 883K(1024K)->883K(1024K)
[29.349s][info][gc             ] GC(79) Pause Young (Allocation Failure) 1022M->489M(1984M) 9.420ms
[29.349s][info][gc,cpu         ] GC(79) User=0.00s Sys=0.00s Real=0.01s
[29.535s][info][gc,start       ] GC(80) Pause Young (Allocation Failure)
[29.544s][info][gc,heap        ] GC(80) PSYoungGen: 577504K(633856K)->11584K(630784K) Eden: 565760K(565760K)->0K(565760K) From: 11744K(68096K)->11584K(65024K)
[29.545s][info][gc,heap        ] GC(80) ParOldGen: 489996K(1398272K)->497116K(1398272K)
[29.545s][info][gc,metaspace   ] GC(80) Metaspace: 10132K(10368K)->10132K(10368K) NonClass: 9249K(9344K)->9249K(9344K) Class: 883K(1024K)->883K(1024K)
[29.545s][info][gc             ] GC(80) Pause Young (Allocation Failure) 1042M->496M(1981M) 9.421ms
[29.545s][info][gc,cpu         ] GC(80) User=0.09s Sys=0.00s Real=0.01s
[29.729s][info][gc,start       ] GC(81) Pause Young (Allocation Failure)
[29.738s][info][gc,heap        ] GC(81) PSYoungGen: 577344K(630784K)->11744K(640000K) Eden: 565760K(565760K)->0K(578048K) From: 11584K(65024K)->11744K(61952K)
[29.738s][info][gc,heap        ] GC(81) ParOldGen: 497116K(1398272K)->504220K(1398272K)
[29.738s][info][gc,metaspace   ] GC(81) Metaspace: 10132K(10368K)->10132K(10368K) NonClass: 9249K(9344K)->9249K(9344K) Class: 883K(1024K)->883K(1024K)
[29.738s][info][gc             ] GC(81) Pause Young (Allocation Failure) 1049M->503M(1990M) 9.328ms
[29.738s][info][gc,cpu         ] GC(81) User=0.00s Sys=0.00s Real=0.01s
[29.926s][info][gc,start       ] GC(82) Pause Young (Allocation Failure)
[29.936s][info][gc,heap        ] GC(82) PSYoungGen: 589792K(640000K)->11936K(636928K) Eden: 578048K(578048K)->0K(578048K) From: 11744K(61952K)->11936K(58880K)
[29.936s][info][gc,heap        ] GC(82) ParOldGen: 504220K(1398272K)->511420K(1398272K)
[29.936s][info][gc,metaspace   ] GC(82) Metaspace: 10132K(10368K)->10132K(10368K) NonClass: 9249K(9344K)->9249K(9344K) Class: 883K(1024K)->883K(1024K)
[29.936s][info][gc             ] GC(82) Pause Young (Allocation Failure) 1068M->511M(1987M) 9.548ms
[29.936s][info][gc,cpu         ] GC(82) User=0.09s Sys=0.00s Real=0.01s
[30.125s][info][gc,start       ] GC(83) Pause Young (Allocation Failure)
[30.134s][info][gc,heap        ] GC(83) PSYoungGen: 589984K(636928K)->12064K(645632K) Eden: 578048K(578048K)->0K(589824K) From: 11936K(58880K)->12064K(55808K)
[30.134s][info][gc,heap        ] GC(83) ParOldGen: 511420K(1398272K)->518668K(1398272K)
[30.134s][info][gc,metaspace   ] GC(83) Metaspace: 10132K(10368K)->10132K(10368K) NonClass: 9249K(9344K)->9249K(9344K) Class: 883K(1024K)->883K(1024K)
[30.134s][info][gc             ] GC(83) Pause Young (Allocation Failure) 1075M->518M(1996M) 9.499ms
[30.134s][info][gc,cpu         ] GC(83) User=0.00s Sys=0.00s Real=0.01s
[30.330s][info][gc,start       ] GC(84) Pause Young (Allocation Failure)
[30.339s][info][gc,heap        ] GC(84) PSYoungGen: 601888K(645632K)->12224K(643072K) Eden: 589824K(589824K)->0K(589824K) From: 12064K(55808K)->12224K(53248K)
[30.339s][info][gc,heap        ] GC(84) ParOldGen: 518668K(1398272K)->526052K(1398272K)
[30.339s][info][gc,metaspace   ] GC(84) Metaspace: 10134K(10368K)->10134K(10368K) NonClass: 9250K(9344K)->9250K(9344K) Class: 883K(1024K)->883K(1024K)
[30.339s][info][gc             ] GC(84) Pause Young (Allocation Failure) 1094M->525M(1993M) 9.678ms
[30.339s][info][gc,cpu         ] GC(84) User=0.09s Sys=0.00s Real=0.01s
[30.535s][info][gc,start       ] GC(85) Pause Young (Allocation Failure)
[30.545s][info][gc,heap        ] GC(85) PSYoungGen: 602048K(643072K)->12128K(651264K) Eden: 589824K(589824K)->0K(601088K) From: 12224K(53248K)->12128K(50176K)
[30.545s][info][gc,heap        ] GC(85) ParOldGen: 526052K(1398272K)->533612K(1398272K)
[30.545s][info][gc,metaspace   ] GC(85) Metaspace: 10134K(10368K)->10134K(10368K) NonClass: 9250K(9344K)->9250K(9344K) Class: 883K(1024K)->883K(1024K)
[30.545s][info][gc             ] GC(85) Pause Young (Allocation Failure) 1101M->532M(2001M) 9.815ms
[30.545s][info][gc,cpu         ] GC(85) User=0.09s Sys=0.00s Real=0.01s
[30.742s][info][gc,start       ] GC(86) Pause Young (Allocation Failure)
[30.752s][info][gc,heap        ] GC(86) PSYoungGen: 613216K(651264K)->12416K(648704K) Eden: 601088K(601088K)->0K(601088K) From: 12128K(50176K)->12416K(47616K)
[30.752s][info][gc,heap        ] GC(86) ParOldGen: 533612K(1398272K)->541012K(1398272K)
[30.752s][info][gc,metaspace   ] GC(86) Metaspace: 10134K(10368K)->10134K(10368K) NonClass: 9250K(9344K)->9250K(9344K) Class: 883K(1024K)->883K(1024K)
[30.752s][info][gc             ] GC(86) Pause Young (Allocation Failure) 1119M->540M(1999M) 10.008ms
[30.752s][info][gc,cpu         ] GC(86) User=0.09s Sys=0.00s Real=0.01s
[30.947s][info][gc,start       ] GC(87) Pause Young (Allocation Failure)
[30.956s][info][gc,heap        ] GC(87) PSYoungGen: 613504K(648704K)->12192K(655872K) Eden: 601088K(601088K)->0K(610816K) From: 12416K(47616K)->12192K(45056K)
[30.956s][info][gc,heap        ] GC(87) ParOldGen: 541012K(1398272K)->548612K(1398272K)
[30.956s][info][gc,metaspace   ] GC(87) Metaspace: 10134K(10368K)->10134K(10368K) NonClass: 9250K(9344K)->9250K(9344K) Class: 883K(1024K)->883K(1024K)
[30.956s][info][gc             ] GC(87) Pause Young (Allocation Failure) 1127M->547M(2006M) 9.792ms
[30.956s][info][gc,cpu         ] GC(87) User=0.09s Sys=0.00s Real=0.01s
[31.159s][info][gc,start       ] GC(88) Pause Young (Allocation Failure)
[31.169s][info][gc,heap        ] GC(88) PSYoungGen: 623008K(655872K)->12416K(653824K) Eden: 610816K(610816K)->0K(610816K) From: 12192K(45056K)->12416K(43008K)
[31.169s][info][gc,heap        ] GC(88) ParOldGen: 548612K(1398272K)->555980K(1398272K)
[31.169s][info][gc,metaspace   ] GC(88) Metaspace: 10134K(10368K)->10134K(10368K) NonClass: 9250K(9344K)->9250K(9344K) Class: 883K(1024K)->883K(1024K)
[31.169s][info][gc             ] GC(88) Pause Young (Allocation Failure) 1144M->555M(2004M) 10.363ms
[31.169s][info][gc,cpu         ] GC(88) User=0.09s Sys=0.00s Real=0.01s
[31.401s][info][gc,start       ] GC(89) Pause Young (Allocation Failure)
[31.412s][info][gc,heap        ] GC(89) PSYoungGen: 623232K(653824K)->12512K(660480K) Eden: 610816K(610816K)->0K(620032K) From: 12416K(43008K)->12512K(40448K)
[31.412s][info][gc,heap        ] GC(89) ParOldGen: 555980K(1398272K)->563708K(1398272K)
[31.412s][info][gc,metaspace   ] GC(89) Metaspace: 10134K(10368K)->10134K(10368K) NonClass: 9250K(9344K)->9250K(9344K) Class: 883K(1024K)->883K(1024K)
[31.412s][info][gc             ] GC(89) Pause Young (Allocation Failure) 1151M->562M(2010M) 10.311ms
[31.412s][info][gc,cpu         ] GC(89) User=0.00s Sys=0.00s Real=0.01s
[31.616s][info][gc,start       ] GC(90) Pause Young (Allocation Failure)
[31.626s][info][gc,heap        ] GC(90) PSYoungGen: 632544K(660480K)->12384K(658432K) Eden: 620032K(620032K)->0K(620032K) From: 12512K(40448K)->12384K(38400K)
[31.626s][info][gc,heap        ] GC(90) ParOldGen: 563708K(1398272K)->571140K(1398272K)
[31.626s][info][gc,metaspace   ] GC(90) Metaspace: 10134K(10368K)->10134K(10368K) NonClass: 9250K(9344K)->9250K(9344K) Class: 883K(1024K)->883K(1024K)
[31.626s][info][gc             ] GC(90) Pause Young (Allocation Failure) 1168M->569M(2008M) 9.853ms
[31.626s][info][gc,cpu         ] GC(90) User=0.09s Sys=0.00s Real=0.01s
[31.832s][info][gc,start       ] GC(91) Pause Young (Allocation Failure)
[31.842s][info][gc,heap        ] GC(91) PSYoungGen: 632416K(658432K)->12512K(664064K) Eden: 620032K(620032K)->0K(627200K) From: 12384K(38400K)->12512K(36864K)
[31.842s][info][gc,heap        ] GC(91) ParOldGen: 571140K(1398272K)->578668K(1398272K)
[31.842s][info][gc,metaspace   ] GC(91) Metaspace: 10134K(10368K)->10134K(10368K) NonClass: 9250K(9344K)->9250K(9344K) Class: 883K(1024K)->883K(1024K)
[31.842s][info][gc             ] GC(91) Pause Young (Allocation Failure) 1175M->577M(2014M) 9.917ms
[31.842s][info][gc,cpu         ] GC(91) User=0.09s Sys=0.00s Real=0.01s
[32.054s][info][gc,start       ] GC(92) Pause Young (Allocation Failure)
[32.064s][info][gc,heap        ] GC(92) PSYoungGen: 639712K(664064K)->13120K(662016K) Eden: 627200K(627200K)->0K(627200K) From: 12512K(36864K)->13120K(34816K)
[32.064s][info][gc,heap        ] GC(92) ParOldGen: 578668K(1398272K)->586292K(1398272K)
[32.064s][info][gc,metaspace   ] GC(92) Metaspace: 10134K(10368K)->10134K(10368K) NonClass: 9250K(9344K)->9250K(9344K) Class: 883K(1024K)->883K(1024K)
[32.064s][info][gc             ] GC(92) Pause Young (Allocation Failure) 1189M->585M(2012M) 10.671ms
[32.064s][info][gc,cpu         ] GC(92) User=0.09s Sys=0.00s Real=0.01s
[32.270s][info][gc,start       ] GC(93) Pause Young (Allocation Failure)
[32.281s][info][gc,heap        ] GC(93) PSYoungGen: 640320K(662016K)->13152K(667648K) Eden: 627200K(627200K)->0K(634368K) From: 13120K(34816K)->13152K(33280K)
[32.281s][info][gc,heap        ] GC(93) ParOldGen: 586292K(1398272K)->594284K(1398272K)
[32.281s][info][gc,metaspace   ] GC(93) Metaspace: 10134K(10368K)->10134K(10368K) NonClass: 9250K(9344K)->9250K(9344K) Class: 883K(1024K)->883K(1024K)
[32.281s][info][gc             ] GC(93) Pause Young (Allocation Failure) 1197M->593M(2017M) 10.488ms
[32.281s][info][gc,cpu         ] GC(93) User=0.09s Sys=0.00s Real=0.01s
[32.507s][info][gc,start       ] GC(94) Pause Young (Allocation Failure)
[32.519s][info][gc,heap        ] GC(94) PSYoungGen: 647520K(667648K)->13120K(665600K) Eden: 634368K(634368K)->0K(634368K) From: 13152K(33280K)->13120K(31232K)
[32.519s][info][gc,heap        ] GC(94) ParOldGen: 594284K(1398272K)->602332K(1398272K)
[32.520s][info][gc,metaspace   ] GC(94) Metaspace: 10134K(10368K)->10134K(10368K) NonClass: 9250K(9344K)->9250K(9344K) Class: 883K(1024K)->883K(1024K)
[32.520s][info][gc             ] GC(94) Pause Young (Allocation Failure) 1212M->601M(2015M) 12.411ms
[32.520s][info][gc,cpu         ] GC(94) User=0.09s Sys=0.00s Real=0.01s
[32.731s][info][gc,start       ] GC(95) Pause Young (Allocation Failure)
[32.741s][info][gc,heap        ] GC(95) PSYoungGen: 647488K(665600K)->12992K(670208K) Eden: 634368K(634368K)->0K(640512K) From: 13120K(31232K)->12992K(29696K)
[32.741s][info][gc,heap        ] GC(95) ParOldGen: 602332K(1398272K)->610436K(1398272K)
[32.741s][info][gc,metaspace   ] GC(95) Metaspace: 10134K(10368K)->10134K(10368K) NonClass: 9250K(9344K)->9250K(9344K) Class: 883K(1024K)->883K(1024K)
[32.741s][info][gc             ] GC(95) Pause Young (Allocation Failure) 1220M->608M(2020M) 10.341ms
[32.741s][info][gc,cpu         ] GC(95) User=0.00s Sys=0.00s Real=0.01s
[32.950s][info][gc,start       ] GC(96) Pause Young (Allocation Failure)
[32.961s][info][gc,heap        ] GC(96) PSYoungGen: 653504K(670208K)->13408K(669184K) Eden: 640512K(640512K)->0K(640512K) From: 12992K(29696K)->13408K(28672K)
[32.961s][info][gc,heap        ] GC(96) ParOldGen: 610436K(1398272K)->618356K(1398272K)
[32.961s][info][gc,metaspace   ] GC(96) Metaspace: 10134K(10368K)->10134K(10368K) NonClass: 9250K(9344K)->9250K(9344K) Class: 883K(1024K)->883K(1024K)
[32.961s][info][gc             ] GC(96) Pause Young (Allocation Failure) 1234M->616M(2019M) 11.011ms
[32.961s][info][gc,cpu         ] GC(96) User=0.00s Sys=0.00s Real=0.01s
[33.168s][info][gc,start       ] GC(97) Pause Young (Allocation Failure)
[33.178s][info][gc,heap        ] GC(97) PSYoungGen: 653920K(669184K)->12736K(672768K) Eden: 640512K(640512K)->0K(645632K) From: 13408K(28672K)->12736K(27136K)
[33.178s][info][gc,heap        ] GC(97) ParOldGen: 618356K(1398272K)->626508K(1398272K)
[33.178s][info][gc,metaspace   ] GC(97) Metaspace: 10134K(10368K)->10134K(10368K) NonClass: 9250K(9344K)->9250K(9344K) Class: 883K(1024K)->883K(1024K)
[33.178s][info][gc             ] GC(97) Pause Young (Allocation Failure) 1242M->624M(2022M) 10.239ms
[33.178s][info][gc,cpu         ] GC(97) User=0.00s Sys=0.00s Real=0.01s
[33.391s][info][gc,start       ] GC(98) Pause Young (Allocation Failure)
[33.402s][info][gc,heap        ] GC(98) PSYoungGen: 658368K(672768K)->13184K(671744K) Eden: 645632K(645632K)->0K(645632K) From: 12736K(27136K)->13184K(26112K)
[33.402s][info][gc,heap        ] GC(98) ParOldGen: 626508K(1398272K)->634388K(1398272K)
[33.402s][info][gc,metaspace   ] GC(98) Metaspace: 10134K(10368K)->10134K(10368K) NonClass: 9250K(9344K)->9250K(9344K) Class: 883K(1024K)->883K(1024K)
[33.402s][info][gc             ] GC(98) Pause Young (Allocation Failure) 1254M->632M(2021M) 10.447ms
[33.402s][info][gc,cpu         ] GC(98) User=0.09s Sys=0.00s Real=0.01s
[33.619s][info][gc,start       ] GC(99) Pause Young (Allocation Failure)
[33.630s][info][gc,heap        ] GC(99) PSYoungGen: 658816K(671744K)->13344K(674816K) Eden: 645632K(645632K)->0K(649728K) From: 13184K(26112K)->13344K(25088K)
[33.630s][info][gc,heap        ] GC(99) ParOldGen: 634388K(1398272K)->642348K(1398272K)
[33.630s][info][gc,metaspace   ] GC(99) Metaspace: 10134K(10368K)->10134K(10368K) NonClass: 9250K(9344K)->9250K(9344K) Class: 883K(1024K)->883K(1024K)
[33.630s][info][gc             ] GC(99) Pause Young (Allocation Failure) 1262M->640M(2024M) 10.983ms
[33.630s][info][gc,cpu         ] GC(99) User=0.00s Sys=0.00s Real=0.01s
[33.844s][info][gc,start       ] GC(100) Pause Young (Allocation Failure)
[33.855s][info][gc,heap        ] GC(100) PSYoungGen: 663072K(674816K)->13312K(673792K) Eden: 649728K(649728K)->0K(649728K) From: 13344K(25088K)->13312K(24064K)
[33.855s][info][gc,heap        ] GC(100) ParOldGen: 642348K(1398272K)->650444K(1398272K)
[33.855s][info][gc,metaspace   ] GC(100) Metaspace: 10134K(10368K)->10134K(10368K) NonClass: 9250K(9344K)->9250K(9344K) Class: 883K(1024K)->883K(1024K)
[33.855s][info][gc             ] GC(100) Pause Young (Allocation Failure) 1274M->648M(2023M) 10.758ms
[33.855s][info][gc,cpu         ] GC(100) User=0.09s Sys=0.00s Real=0.01s
[34.741s][info][gc,start       ] GC(101) Pause Young (Allocation Failure)
[34.790s][info][gc,heap        ] GC(101) PSYoungGen: 663040K(673792K)->23036K(632832K) Eden: 649728K(649728K)->0K(609792K) From: 13312K(24064K)->23036K(23040K)
[34.790s][info][gc,heap        ] GC(101) ParOldGen: 650444K(1398272K)->702412K(1398272K)
[34.790s][info][gc,metaspace   ] GC(101) Metaspace: 10151K(10432K)->10151K(10432K) NonClass: 9267K(9408K)->9267K(9408K) Class: 883K(1024K)->883K(1024K)
[34.790s][info][gc             ] GC(101) Pause Young (Allocation Failure) 1282M->708M(1983M) 49.691ms
[34.790s][info][gc,cpu         ] GC(101) User=0.28s Sys=0.00s Real=0.05s
[35.593s][info][gc,start       ] GC(102) Pause Young (Allocation Failure)
[35.654s][info][gc,heap        ] GC(102) PSYoungGen: 632828K(632832K)->44522K(654336K) Eden: 609792K(609792K)->0K(609792K) From: 23036K(23040K)->44522K(44544K)
[35.654s][info][gc,heap        ] GC(102) ParOldGen: 702412K(1398272K)->756180K(1398272K)
[35.654s][info][gc,metaspace   ] GC(102) Metaspace: 10151K(10432K)->10151K(10432K) NonClass: 9267K(9408K)->9267K(9408K) Class: 883K(1024K)->883K(1024K)
[35.654s][info][gc             ] GC(102) Pause Young (Allocation Failure) 1303M->781M(2004M) 60.839ms
[35.654s][info][gc,cpu         ] GC(102) User=0.38s Sys=0.00s Real=0.06s
[36.472s][info][gc,start       ] GC(103) Pause Young (Allocation Failure)
[36.521s][info][gc,heap        ] GC(103) PSYoungGen: 654314K(654336K)->44544K(559104K) Eden: 609792K(609792K)->0K(514560K) From: 44522K(44544K)->44544K(44544K)
[36.521s][info][gc,heap        ] GC(103) ParOldGen: 756180K(1398272K)->807822K(1398272K)
[36.521s][info][gc,metaspace   ] GC(103) Metaspace: 10151K(10432K)->10151K(10432K) NonClass: 9267K(9408K)->9267K(9408K) Class: 883K(1024K)->883K(1024K)
[36.522s][info][gc             ] GC(103) Pause Young (Allocation Failure) 1377M->832M(1911M) 49.804ms
[36.522s][info][gc,cpu         ] GC(103) User=0.27s Sys=0.00s Real=0.06s
[37.262s][info][gc,start       ] GC(104) Pause Young (Allocation Failure)
[37.282s][info][gc,heap        ] GC(104) PSYoungGen: 559104K(559104K)->7296K(606720K) Eden: 514560K(514560K)->0K(514560K) From: 44544K(44544K)->7296K(92160K)
[37.282s][info][gc,heap        ] GC(104) ParOldGen: 807822K(1398272K)->848126K(1398272K)
[37.282s][info][gc,metaspace   ] GC(104) Metaspace: 10151K(10432K)->10151K(10432K) NonClass: 9267K(9408K)->9267K(9408K) Class: 883K(1024K)->883K(1024K)
[37.282s][info][gc             ] GC(104) Pause Young (Allocation Failure) 1334M->835M(1958M) 20.094ms
[37.282s][info][gc,cpu         ] GC(104) User=0.09s Sys=0.00s Real=0.02s
[37.851s][info][gc,start       ] GC(105) Pause Young (Allocation Failure)
[37.879s][info][gc,heap        ] GC(105) PSYoungGen: 521856K(606720K)->45808K(608256K) Eden: 514560K(514560K)->0K(517120K) From: 7296K(92160K)->45808K(91136K)
[37.879s][info][gc,heap        ] GC(105) ParOldGen: 848126K(1398272K)->853854K(1398272K)
[37.879s][info][gc,metaspace   ] GC(105) Metaspace: 10154K(10432K)->10154K(10432K) NonClass: 9270K(9408K)->9270K(9408K) Class: 883K(1024K)->883K(1024K)
[37.879s][info][gc             ] GC(105) Pause Young (Allocation Failure) 1337M->878M(1959M) 27.935ms
[37.879s][info][gc,cpu         ] GC(105) User=0.19s Sys=0.00s Real=0.03s
[38.351s][info][gc,start       ] GC(106) Pause Young (Allocation Failure)
[38.383s][info][gc,heap        ] GC(106) PSYoungGen: 562928K(608256K)->60138K(577536K) Eden: 517120K(517120K)->0K(517120K) From: 45808K(91136K)->60138K(60416K)
[38.383s][info][gc,heap        ] GC(106) ParOldGen: 853854K(1398272K)->859350K(1398272K)
[38.383s][info][gc,metaspace   ] GC(106) Metaspace: 10157K(10432K)->10157K(10432K) NonClass: 9273K(9408K)->9273K(9408K) Class: 883K(1024K)->883K(1024K)
[38.383s][info][gc             ] GC(106) Pause Young (Allocation Failure) 1383M->897M(1929M) 32.873ms
[38.383s][info][gc,cpu         ] GC(106) User=0.19s Sys=0.00s Real=0.04s
[38.759s][info][gc,start       ] GC(107) Pause Young (Allocation Failure)
[38.817s][info][gc,heap        ] GC(107) PSYoungGen: 577258K(577536K)->63296K(595968K) Eden: 517120K(517120K)->0K(501248K) From: 60138K(60416K)->63296K(94720K)
[38.817s][info][gc,heap        ] GC(107) ParOldGen: 859350K(1398272K)->916361K(1398272K)
[38.817s][info][gc,metaspace   ] GC(107) Metaspace: 10157K(10432K)->10157K(10432K) NonClass: 9273K(9408K)->9273K(9408K) Class: 883K(1024K)->883K(1024K)
[38.817s][info][gc             ] GC(107) Pause Young (Allocation Failure) 1402M->956M(1947M) 57.841ms
[38.817s][info][gc,cpu         ] GC(107) User=0.30s Sys=0.00s Real=0.06s
[39.391s][info][gc,start       ] GC(108) Pause Young (Allocation Failure)
[39.439s][info][gc,heap        ] GC(108) PSYoungGen: 564544K(595968K)->41472K(600064K) Eden: 501248K(501248K)->0K(501248K) From: 63296K(94720K)->41472K(98816K)
[39.439s][info][gc,heap        ] GC(108) ParOldGen: 916361K(1398272K)->970577K(1398272K)
[39.440s][info][gc,metaspace   ] GC(108) Metaspace: 10157K(10432K)->10157K(10432K) NonClass: 9273K(9408K)->9273K(9408K) Class: 883K(1024K)->883K(1024K)
[39.440s][info][gc             ] GC(108) Pause Young (Allocation Failure) 1446M->988M(1951M) 48.556ms
[39.440s][info][gc,cpu         ] GC(108) User=0.28s Sys=0.00s Real=0.05s
[39.883s][info][gc,start       ] GC(109) Pause Young (System.gc())
[39.889s][info][gc,heap        ] GC(109) PSYoungGen: 288284K(600064K)->4461K(604672K) Eden: 246812K(501248K)->0K(510464K) From: 41472K(98816K)->4461K(94208K)
[39.889s][info][gc,heap        ] GC(109) ParOldGen: 970577K(1398272K)->978985K(1398272K)
[39.889s][info][gc,metaspace   ] GC(109) Metaspace: 10169K(10432K)->10169K(10432K) NonClass: 9285K(9408K)->9285K(9408K) Class: 883K(1024K)->883K(1024K)
[39.889s][info][gc             ] GC(109) Pause Young (System.gc()) 1229M->960M(1956M) 5.904ms
[39.889s][info][gc,cpu         ] GC(109) User=0.09s Sys=0.00s Real=0.01s
[39.889s][info][gc,start       ] GC(110) Pause Full (System.gc())
[39.889s][info][gc,phases,start] GC(110) Marking Phase
[39.973s][info][gc,phases      ] GC(110) Marking Phase 84.000ms
[39.973s][info][gc,phases,start] GC(110) Summary Phase
[39.973s][info][gc,phases      ] GC(110) Summary Phase 0.018ms
[39.973s][info][gc,phases,start] GC(110) Adjust Roots
[39.976s][info][gc,phases      ] GC(110) Adjust Roots 3.121ms
[39.976s][info][gc,phases,start] GC(110) Compaction Phase
[40.203s][info][gc,phases      ] GC(110) Compaction Phase 226.674ms
[40.203s][info][gc,phases,start] GC(110) Post Compact
[40.205s][info][gc,phases      ] GC(110) Post Compact 1.451ms
[40.205s][info][gc,heap        ] GC(110) PSYoungGen: 4461K(604672K)->0K(604672K) Eden: 0K(510464K)->0K(510464K) From: 4461K(94208K)->0K(94208K)
[40.205s][info][gc,heap        ] GC(110) ParOldGen: 978985K(1398272K)->434657K(1398272K)
[40.205s][info][gc,metaspace   ] GC(110) Metaspace: 10169K(10432K)->10169K(10432K) NonClass: 9285K(9408K)->9285K(9408K) Class: 883K(1024K)->883K(1024K)
[40.205s][info][gc             ] GC(110) Pause Full (System.gc()) 960M->424M(1956M) 315.487ms
[40.205s][info][gc,cpu         ] GC(110) User=1.86s Sys=0.00s Real=0.31s
[40.375s][info][gc,start       ] GC(111) Pause Young (Allocation Failure)
[40.381s][info][gc,heap        ] GC(111) PSYoungGen: 510464K(604672K)->10912K(604672K) Eden: 510464K(510464K)->0K(510464K) From: 0K(94208K)->10912K(94208K)
[40.381s][info][gc,heap        ] GC(111) ParOldGen: 434657K(1398272K)->434657K(1398272K)
[40.381s][info][gc,metaspace   ] GC(111) Metaspace: 10233K(10496K)->10233K(10496K) NonClass: 9349K(9472K)->9349K(9472K) Class: 883K(1024K)->883K(1024K)
[40.381s][info][gc             ] GC(111) Pause Young (Allocation Failure) 922M->435M(1956M) 6.160ms
[40.381s][info][gc,cpu         ] GC(111) User=0.00s Sys=0.00s Real=0.01s
[40.545s][info][gc,start       ] GC(112) Pause Young (Allocation Failure)
[40.554s][info][gc,heap        ] GC(112) PSYoungGen: 521376K(604672K)->11232K(608256K) Eden: 510464K(510464K)->0K(515584K) From: 10912K(94208K)->11232K(92672K)
[40.554s][info][gc,heap        ] GC(112) ParOldGen: 434657K(1398272K)->441609K(1398272K)
[40.554s][info][gc,metaspace   ] GC(112) Metaspace: 10233K(10496K)->10233K(10496K) NonClass: 9349K(9472K)->9349K(9472K) Class: 883K(1024K)->883K(1024K)
[40.554s][info][gc             ] GC(112) Pause Young (Allocation Failure) 933M->442M(1959M) 9.189ms
[40.554s][info][gc,cpu         ] GC(112) User=0.00s Sys=0.00s Real=0.01s
[40.747s][info][gc,start       ] GC(113) Pause Young (Allocation Failure)
[40.756s][info][gc,heap        ] GC(113) PSYoungGen: 526816K(608256K)->10784K(606208K) Eden: 515584K(515584K)->0K(515584K) From: 11232K(92672K)->10784K(90624K)
[40.756s][info][gc,heap        ] GC(113) ParOldGen: 441609K(1398272K)->448177K(1398272K)
[40.756s][info][gc,metaspace   ] GC(113) Metaspace: 10233K(10496K)->10233K(10496K) NonClass: 9349K(9472K)->9349K(9472K) Class: 883K(1024K)->883K(1024K)
[40.756s][info][gc             ] GC(113) Pause Young (Allocation Failure) 945M->448M(1957M) 8.658ms
[40.756s][info][gc,cpu         ] GC(113) User=0.00s Sys=0.00s Real=0.01s
[40.933s][info][gc,start       ] GC(114) Pause Young (Allocation Failure)
[40.942s][info][gc,heap        ] GC(114) PSYoungGen: 526368K(606208K)->10880K(613888K) Eden: 515584K(515584K)->0K(525824K) From: 10784K(90624K)->10880K(88064K)
[40.942s][info][gc,heap        ] GC(114) ParOldGen: 448177K(1398272K)->454777K(1398272K)
[40.942s][info][gc,metaspace   ] GC(114) Metaspace: 10233K(10496K)->10233K(10496K) NonClass: 9349K(9472K)->9349K(9472K) Class: 883K(1024K)->883K(1024K)
[40.942s][info][gc             ] GC(114) Pause Young (Allocation Failure) 951M->454M(1965M) 8.535ms
[40.942s][info][gc,cpu         ] GC(114) User=0.00s Sys=0.00s Real=0.01s
[41.110s][info][gc,start       ] GC(115) Pause Young (Allocation Failure)
[41.118s][info][gc,heap        ] GC(115) PSYoungGen: 536704K(613888K)->11040K(610816K) Eden: 525824K(525824K)->0K(525824K) From: 10880K(88064K)->11040K(84992K)
[41.118s][info][gc,heap        ] GC(115) ParOldGen: 454777K(1398272K)->461449K(1398272K)
[41.118s][info][gc,metaspace   ] GC(115) Metaspace: 10233K(10496K)->10233K(10496K) NonClass: 9349K(9472K)->9349K(9472K) Class: 883K(1024K)->883K(1024K)
[41.118s][info][gc             ] GC(115) Pause Young (Allocation Failure) 968M->461M(1962M) 8.758ms
[41.118s][info][gc,cpu         ] GC(115) User=0.00s Sys=0.00s Real=0.01s
[41.291s][info][gc,start       ] GC(116) Pause Young (Allocation Failure)
[41.300s][info][gc,heap        ] GC(116) PSYoungGen: 536864K(610816K)->11200K(620032K) Eden: 525824K(525824K)->0K(538112K) From: 11040K(84992K)->11200K(81920K)
[41.300s][info][gc,heap        ] GC(116) ParOldGen: 461449K(1398272K)->468281K(1398272K)
[41.300s][info][gc,metaspace   ] GC(116) Metaspace: 10233K(10496K)->10233K(10496K) NonClass: 9349K(9472K)->9349K(9472K) Class: 883K(1024K)->883K(1024K)
[41.300s][info][gc             ] GC(116) Pause Young (Allocation Failure) 974M->468M(1971M) 8.891ms
[41.300s][info][gc,cpu         ] GC(116) User=0.00s Sys=0.00s Real=0.01s
[41.484s][info][gc,start       ] GC(117) Pause Young (Allocation Failure)
[41.494s][info][gc,heap        ] GC(117) PSYoungGen: 549312K(620032K)->11712K(616960K) Eden: 538112K(538112K)->0K(538112K) From: 11200K(81920K)->11712K(78848K)
[41.494s][info][gc,heap        ] GC(117) ParOldGen: 468281K(1398272K)->475129K(1398272K)
[41.494s][info][gc,metaspace   ] GC(117) Metaspace: 10233K(10496K)->10233K(10496K) NonClass: 9349K(9472K)->9349K(9472K) Class: 883K(1024K)->883K(1024K)
[41.494s][info][gc             ] GC(117) Pause Young (Allocation Failure) 993M->475M(1968M) 9.638ms
[41.494s][info][gc,cpu         ] GC(117) User=0.09s Sys=0.00s Real=0.01s
[41.676s][info][gc,start       ] GC(118) Pause Young (Allocation Failure)
[41.685s][info][gc,heap        ] GC(118) PSYoungGen: 549824K(616960K)->11424K(626688K) Eden: 538112K(538112K)->0K(551424K) From: 11712K(78848K)->11424K(75264K)
[41.685s][info][gc,heap        ] GC(118) ParOldGen: 475129K(1398272K)->482313K(1398272K)
[41.685s][info][gc,metaspace   ] GC(118) Metaspace: 10233K(10496K)->10233K(10496K) NonClass: 9349K(9472K)->9349K(9472K) Class: 883K(1024K)->883K(1024K)
[41.685s][info][gc             ] GC(118) Pause Young (Allocation Failure) 1000M->482M(1977M) 9.272ms
[41.685s][info][gc,cpu         ] GC(118) User=0.08s Sys=0.02s Real=0.01s
[41.864s][info][gc,start       ] GC(119) Pause Young (Allocation Failure)
[41.873s][info][gc,heap        ] GC(119) PSYoungGen: 562848K(626688K)->11520K(623616K) Eden: 551424K(551424K)->0K(551424K) From: 11424K(75264K)->11520K(72192K)
[41.873s][info][gc,heap        ] GC(119) ParOldGen: 482313K(1398272K)->489329K(1398272K)
[41.873s][info][gc,metaspace   ] GC(119) Metaspace: 10233K(10496K)->10233K(10496K) NonClass: 9349K(9472K)->9349K(9472K) Class: 883K(1024K)->883K(1024K)
[41.873s][info][gc             ] GC(119) Pause Young (Allocation Failure) 1020M->489M(1974M) 9.235ms
[41.873s][info][gc,cpu         ] GC(119) User=0.08s Sys=0.02s Real=0.01s
[42.052s][info][gc,start       ] GC(120) Pause Young (Allocation Failure)
[42.061s][info][gc,heap        ] GC(120) PSYoungGen: 562944K(623616K)->11360K(633344K) Eden: 551424K(551424K)->0K(564736K) From: 11520K(72192K)->11360K(68608K)
[42.061s][info][gc,heap        ] GC(120) ParOldGen: 489329K(1398272K)->496553K(1398272K)
[42.061s][info][gc,metaspace   ] GC(120) Metaspace: 10233K(10496K)->10233K(10496K) NonClass: 9349K(9472K)->9349K(9472K) Class: 883K(1024K)->883K(1024K)
[42.061s][info][gc             ] GC(120) Pause Young (Allocation Failure) 1027M->496M(1984M) 9.065ms
[42.061s][info][gc,cpu         ] GC(120) User=0.09s Sys=0.00s Real=0.01s
[42.245s][info][gc,start       ] GC(121) Pause Young (Allocation Failure)
[42.255s][info][gc,heap        ] GC(121) PSYoungGen: 576096K(633344K)->11808K(630272K) Eden: 564736K(564736K)->0K(564736K) From: 11360K(68608K)->11808K(65536K)
[42.255s][info][gc,heap        ] GC(121) ParOldGen: 496553K(1398272K)->503441K(1398272K)
[42.255s][info][gc,metaspace   ] GC(121) Metaspace: 10233K(10496K)->10233K(10496K) NonClass: 9349K(9472K)->9349K(9472K) Class: 883K(1024K)->883K(1024K)
[42.255s][info][gc             ] GC(121) Pause Young (Allocation Failure) 1047M->503M(1981M) 9.134ms
[42.255s][info][gc,cpu         ] GC(121) User=0.00s Sys=0.00s Real=0.01s
[42.439s][info][gc,start       ] GC(122) Pause Young (Allocation Failure)
[42.448s][info][gc,heap        ] GC(122) PSYoungGen: 576544K(630272K)->11552K(639488K) Eden: 564736K(564736K)->0K(577024K) From: 11808K(65536K)->11552K(62464K)
[42.449s][info][gc,heap        ] GC(122) ParOldGen: 503441K(1398272K)->510745K(1398272K)
[42.449s][info][gc,metaspace   ] GC(122) Metaspace: 10233K(10496K)->10233K(10496K) NonClass: 9349K(9472K)->9349K(9472K) Class: 883K(1024K)->883K(1024K)
[42.449s][info][gc             ] GC(122) Pause Young (Allocation Failure) 1054M->510M(1990M) 9.246ms
[42.449s][info][gc,cpu         ] GC(122) User=0.09s Sys=0.00s Real=0.01s
[42.636s][info][gc,start       ] GC(123) Pause Young (Allocation Failure)
[42.646s][info][gc,heap        ] GC(123) PSYoungGen: 588576K(639488K)->12000K(636416K) Eden: 577024K(577024K)->0K(577024K) From: 11552K(62464K)->12000K(59392K)
[42.646s][info][gc,heap        ] GC(123) ParOldGen: 510745K(1398272K)->517785K(1398272K)
[42.646s][info][gc,metaspace   ] GC(123) Metaspace: 10233K(10496K)->10233K(10496K) NonClass: 9349K(9472K)->9349K(9472K) Class: 883K(1024K)->883K(1024K)
[42.646s][info][gc             ] GC(123) Pause Young (Allocation Failure) 1073M->517M(1987M) 9.339ms
[42.646s][info][gc,cpu         ] GC(123) User=0.00s Sys=0.00s Real=0.01s
[42.832s][info][gc,start       ] GC(124) Pause Young (Allocation Failure)
[42.842s][info][gc,heap        ] GC(124) PSYoungGen: 589024K(636416K)->11936K(645632K) Eden: 577024K(577024K)->0K(589312K) From: 12000K(59392K)->11936K(56320K)
[42.842s][info][gc,heap        ] GC(124) ParOldGen: 517785K(1398272K)->525265K(1398272K)
[42.842s][info][gc,metaspace   ] GC(124) Metaspace: 10233K(10496K)->10233K(10496K) NonClass: 9349K(9472K)->9349K(9472K) Class: 883K(1024K)->883K(1024K)
[42.842s][info][gc             ] GC(124) Pause Young (Allocation Failure) 1080M->524M(1996M) 9.668ms
[42.842s][info][gc,cpu         ] GC(124) User=0.09s Sys=0.00s Real=0.01s
[43.033s][info][gc,start       ] GC(125) Pause Young (Allocation Failure)
[43.043s][info][gc,heap        ] GC(125) PSYoungGen: 601248K(645632K)->12128K(642560K) Eden: 589312K(589312K)->0K(589312K) From: 11936K(56320K)->12128K(53248K)
[43.043s][info][gc,heap        ] GC(125) ParOldGen: 525265K(1398272K)->532601K(1398272K)
[43.043s][info][gc,metaspace   ] GC(125) Metaspace: 10233K(10496K)->10233K(10496K) NonClass: 9349K(9472K)->9349K(9472K) Class: 883K(1024K)->883K(1024K)
[43.043s][info][gc             ] GC(125) Pause Young (Allocation Failure) 1100M->531M(1993M) 9.919ms
[43.043s][info][gc,cpu         ] GC(125) User=0.09s Sys=0.00s Real=0.01s
[43.236s][info][gc,start       ] GC(126) Pause Young (Allocation Failure)
[43.245s][info][gc,heap        ] GC(126) PSYoungGen: 601440K(642560K)->12224K(650752K) Eden: 589312K(589312K)->0K(600064K) From: 12128K(53248K)->12224K(50688K)
[43.245s][info][gc,heap        ] GC(126) ParOldGen: 532601K(1398272K)->540057K(1398272K)
[43.245s][info][gc,metaspace   ] GC(126) Metaspace: 10233K(10496K)->10233K(10496K) NonClass: 9349K(9472K)->9349K(9472K) Class: 883K(1024K)->883K(1024K)
[43.245s][info][gc             ] GC(126) Pause Young (Allocation Failure) 1107M->539M(2001M) 9.547ms
[43.245s][info][gc,cpu         ] GC(126) User=0.09s Sys=0.00s Real=0.01s
[43.443s][info][gc,start       ] GC(127) Pause Young (Allocation Failure)
[43.452s][info][gc,heap        ] GC(127) PSYoungGen: 612288K(650752K)->12320K(648192K) Eden: 600064K(600064K)->0K(600064K) From: 12224K(50688K)->12320K(48128K)
[43.453s][info][gc,heap        ] GC(127) ParOldGen: 540057K(1398272K)->547545K(1398272K)
[43.453s][info][gc,metaspace   ] GC(127) Metaspace: 10233K(10496K)->10233K(10496K) NonClass: 9349K(9472K)->9349K(9472K) Class: 883K(1024K)->883K(1024K)
[43.453s][info][gc             ] GC(127) Pause Young (Allocation Failure) 1125M->546M(1998M) 9.774ms
[43.453s][info][gc,cpu         ] GC(127) User=0.09s Sys=0.00s Real=0.01s
[43.645s][info][gc,start       ] GC(128) Pause Young (Allocation Failure)
[43.655s][info][gc,heap        ] GC(128) PSYoungGen: 612384K(648192K)->12192K(655872K) Eden: 600064K(600064K)->0K(610304K) From: 12320K(48128K)->12192K(45568K)
[43.655s][info][gc,heap        ] GC(128) ParOldGen: 547545K(1398272K)->555073K(1398272K)
[43.655s][info][gc,metaspace   ] GC(128) Metaspace: 10233K(10496K)->10233K(10496K) NonClass: 9349K(9472K)->9349K(9472K) Class: 883K(1024K)->883K(1024K)
[43.655s][info][gc             ] GC(128) Pause Young (Allocation Failure) 1132M->553M(2006M) 9.841ms
[43.655s][info][gc,cpu         ] GC(128) User=0.09s Sys=0.00s Real=0.01s
[43.849s][info][gc,start       ] GC(129) Pause Young (Allocation Failure)
[43.859s][info][gc,heap        ] GC(129) PSYoungGen: 622496K(655872K)->12288K(653312K) Eden: 610304K(610304K)->0K(610304K) From: 12192K(45568K)->12288K(43008K)
[43.861s][info][gc,heap        ] GC(129) ParOldGen: 555073K(1398272K)->562617K(1398272K)
[43.861s][info][gc,metaspace   ] GC(129) Metaspace: 10233K(10496K)->10233K(10496K) NonClass: 9349K(9472K)->9349K(9472K) Class: 883K(1024K)->883K(1024K)
[43.861s][info][gc             ] GC(129) Pause Young (Allocation Failure) 1149M->561M(2003M) 12.144ms
[43.861s][info][gc,cpu         ] GC(129) User=0.09s Sys=0.00s Real=0.01s
[44.057s][info][gc,start       ] GC(130) Pause Young (Allocation Failure)
[44.067s][info][gc,heap        ] GC(130) PSYoungGen: 622592K(653312K)->12192K(659968K) Eden: 610304K(610304K)->0K(619008K) From: 12288K(43008K)->12192K(40960K)
[44.067s][info][gc,heap        ] GC(130) ParOldGen: 562617K(1398272K)->570057K(1398272K)
[44.067s][info][gc,metaspace   ] GC(130) Metaspace: 10234K(10496K)->10234K(10496K) NonClass: 9350K(9472K)->9350K(9472K) Class: 883K(1024K)->883K(1024K)
[44.067s][info][gc             ] GC(130) Pause Young (Allocation Failure) 1157M->568M(2010M) 9.766ms
[44.067s][info][gc,cpu         ] GC(130) User=0.00s Sys=0.00s Real=0.01s
[44.268s][info][gc,start       ] GC(131) Pause Young (Allocation Failure)
[44.278s][info][gc,heap        ] GC(131) PSYoungGen: 631200K(659968K)->12448K(657920K) Eden: 619008K(619008K)->0K(619008K) From: 12192K(40960K)->12448K(38912K)
[44.278s][info][gc,heap        ] GC(131) ParOldGen: 570057K(1398272K)->577505K(1398272K)
[44.278s][info][gc,metaspace   ] GC(131) Metaspace: 10234K(10496K)->10234K(10496K) NonClass: 9350K(9472K)->9350K(9472K) Class: 883K(1024K)->883K(1024K)
[44.278s][info][gc             ] GC(131) Pause Young (Allocation Failure) 1173M->576M(2008M) 9.849ms
[44.278s][info][gc,cpu         ] GC(131) User=0.09s Sys=0.00s Real=0.01s
[44.480s][info][gc,start       ] GC(132) Pause Young (Allocation Failure)
[44.491s][info][gc,heap        ] GC(132) PSYoungGen: 631456K(657920K)->12832K(664064K) Eden: 619008K(619008K)->0K(627200K) From: 12448K(38912K)->12832K(36864K)
[44.491s][info][gc,heap        ] GC(132) ParOldGen: 577505K(1398272K)->585065K(1398272K)
[44.491s][info][gc,metaspace   ] GC(132) Metaspace: 10234K(10496K)->10234K(10496K) NonClass: 9350K(9472K)->9350K(9472K) Class: 883K(1024K)->883K(1024K)
[44.491s][info][gc             ] GC(132) Pause Young (Allocation Failure) 1180M->583M(2014M) 10.241ms
[44.491s][info][gc,cpu         ] GC(132) User=0.00s Sys=0.00s Real=0.01s
[44.711s][info][gc,start       ] GC(133) Pause Young (Allocation Failure)
[44.722s][info][gc,heap        ] GC(133) PSYoungGen: 640032K(664064K)->13056K(662016K) Eden: 627200K(627200K)->0K(627200K) From: 12832K(36864K)->13056K(34816K)
[44.722s][info][gc,heap        ] GC(133) ParOldGen: 585065K(1398272K)->592897K(1398272K)
[44.722s][info][gc,metaspace   ] GC(133) Metaspace: 10234K(10496K)->10234K(10496K) NonClass: 9350K(9472K)->9350K(9472K) Class: 883K(1024K)->883K(1024K)
[44.722s][info][gc             ] GC(133) Pause Young (Allocation Failure) 1196M->591M(2012M) 11.763ms
[44.722s][info][gc,cpu         ] GC(133) User=0.08s Sys=0.00s Real=0.01s
[44.946s][info][gc,start       ] GC(134) Pause Young (Allocation Failure)
[44.957s][info][gc,heap        ] GC(134) PSYoungGen: 640256K(662016K)->13024K(667648K) Eden: 627200K(627200K)->0K(634368K) From: 13056K(34816K)->13024K(33280K)
[44.957s][info][gc,heap        ] GC(134) ParOldGen: 592897K(1398272K)->600889K(1398272K)
[44.957s][info][gc,metaspace   ] GC(134) Metaspace: 10234K(10496K)->10234K(10496K) NonClass: 9350K(9472K)->9350K(9472K) Class: 883K(1024K)->883K(1024K)
[44.957s][info][gc             ] GC(134) Pause Young (Allocation Failure) 1204M->599M(2017M) 11.005ms
[44.957s][info][gc,cpu         ] GC(134) User=0.06s Sys=0.00s Real=0.01s
[45.179s][info][gc,start       ] GC(135) Pause Young (Allocation Failure)
[45.190s][info][gc,heap        ] GC(135) PSYoungGen: 647392K(667648K)->13280K(665600K) Eden: 634368K(634368K)->0K(634368K) From: 13024K(33280K)->13280K(31232K)
[45.190s][info][gc,heap        ] GC(135) ParOldGen: 600889K(1398272K)->608849K(1398272K)
[45.190s][info][gc,metaspace   ] GC(135) Metaspace: 10234K(10496K)->10234K(10496K) NonClass: 9350K(9472K)->9350K(9472K) Class: 883K(1024K)->883K(1024K)
[45.190s][info][gc             ] GC(135) Pause Young (Allocation Failure) 1219M->607M(2015M) 10.660ms
[45.190s][info][gc,cpu         ] GC(135) User=0.09s Sys=0.00s Real=0.01s
[45.409s][info][gc,start       ] GC(136) Pause Young (Allocation Failure)
[45.419s][info][gc,heap        ] GC(136) PSYoungGen: 647648K(665600K)->13056K(670208K) Eden: 634368K(634368K)->0K(640512K) From: 13280K(31232K)->13056K(29696K)
[45.420s][info][gc,heap        ] GC(136) ParOldGen: 608849K(1398272K)->616945K(1398272K)
[45.420s][info][gc,metaspace   ] GC(136) Metaspace: 10234K(10496K)->10234K(10496K) NonClass: 9350K(9472K)->9350K(9472K) Class: 883K(1024K)->883K(1024K)
[45.420s][info][gc             ] GC(136) Pause Young (Allocation Failure) 1227M->615M(2020M) 10.325ms
[45.420s][info][gc,cpu         ] GC(136) User=0.09s Sys=0.00s Real=0.01s
[45.639s][info][gc,start       ] GC(137) Pause Young (Allocation Failure)
[45.650s][info][gc,heap        ] GC(137) PSYoungGen: 653568K(670208K)->13056K(669184K) Eden: 640512K(640512K)->0K(640512K) From: 13056K(29696K)->13056K(28672K)
[45.650s][info][gc,heap        ] GC(137) ParOldGen: 616945K(1398272K)->624985K(1398272K)
[45.650s][info][gc,metaspace   ] GC(137) Metaspace: 10234K(10496K)->10234K(10496K) NonClass: 9350K(9472K)->9350K(9472K) Class: 883K(1024K)->883K(1024K)
[45.650s][info][gc             ] GC(137) Pause Young (Allocation Failure) 1240M->623M(2019M) 10.627ms
[45.650s][info][gc,cpu         ] GC(137) User=0.00s Sys=0.00s Real=0.01s
[45.860s][info][gc,start       ] GC(138) Pause Young (Allocation Failure)
[45.870s][info][gc,heap        ] GC(138) PSYoungGen: 653568K(669184K)->13152K(672768K) Eden: 640512K(640512K)->0K(645632K) From: 13056K(28672K)->13152K(27136K)
[45.870s][info][gc,heap        ] GC(138) ParOldGen: 624985K(1398272K)->633017K(1398272K)
[45.870s][info][gc,metaspace   ] GC(138) Metaspace: 10234K(10496K)->10234K(10496K) NonClass: 9350K(9472K)->9350K(9472K) Class: 883K(1024K)->883K(1024K)
[45.870s][info][gc             ] GC(138) Pause Young (Allocation Failure) 1248M->631M(2022M) 10.521ms
[45.870s][info][gc,cpu         ] GC(138) User=0.09s Sys=0.00s Real=0.01s
[46.081s][info][gc,start       ] GC(139) Pause Young (Allocation Failure)
[46.091s][info][gc,heap        ] GC(139) PSYoungGen: 658784K(672768K)->13152K(671744K) Eden: 645632K(645632K)->0K(645632K) From: 13152K(27136K)->13152K(26112K)
[46.091s][info][gc,heap        ] GC(139) ParOldGen: 633017K(1398272K)->641017K(1398272K)
[46.091s][info][gc,metaspace   ] GC(139) Metaspace: 10234K(10496K)->10234K(10496K) NonClass: 9350K(9472K)->9350K(9472K) Class: 883K(1024K)->883K(1024K)
[46.091s][info][gc             ] GC(139) Pause Young (Allocation Failure) 1261M->638M(2021M) 10.433ms
[46.091s][info][gc,cpu         ] GC(139) User=0.09s Sys=0.00s Real=0.01s
[46.305s][info][gc,start       ] GC(140) Pause Young (Allocation Failure)
[46.315s][info][gc,heap        ] GC(140) PSYoungGen: 658784K(671744K)->13344K(674816K) Eden: 645632K(645632K)->0K(649728K) From: 13152K(26112K)->13344K(25088K)
[46.315s][info][gc,heap        ] GC(140) ParOldGen: 641017K(1398272K)->649009K(1398272K)
[46.315s][info][gc,metaspace   ] GC(140) Metaspace: 10234K(10496K)->10234K(10496K) NonClass: 9350K(9472K)->9350K(9472K) Class: 883K(1024K)->883K(1024K)
[46.315s][info][gc             ] GC(140) Pause Young (Allocation Failure) 1269M->646M(2024M) 10.683ms
[46.315s][info][gc,cpu         ] GC(140) User=0.05s Sys=0.05s Real=0.02s
[46.817s][info][gc,start       ] GC(141) Pause Young (Allocation Failure)
[46.848s][info][gc,heap        ] GC(141) PSYoungGen: 663072K(674816K)->24039K(673792K) Eden: 649728K(649728K)->0K(649728K) From: 13344K(25088K)->24039K(24064K)
[46.848s][info][gc,heap        ] GC(141) ParOldGen: 649009K(1398272K)->674393K(1398272K)
[46.848s][info][gc,metaspace   ] GC(141) Metaspace: 10245K(10496K)->10245K(10496K) NonClass: 9361K(9472K)->9361K(9472K) Class: 883K(1024K)->883K(1024K)
[46.848s][info][gc             ] GC(141) Pause Young (Allocation Failure) 1281M->682M(2023M) 31.374ms
[46.848s][info][gc,cpu         ] GC(141) User=0.19s Sys=0.00s Real=0.05s
[47.930s][info][gc,start       ] GC(142) Pause Young (Allocation Failure)
[47.997s][info][gc,heap        ] GC(142) PSYoungGen: 673767K(673792K)->25066K(588800K) Eden: 649728K(649728K)->0K(563712K) From: 24039K(24064K)->25066K(25088K)
[47.997s][info][gc,heap        ] GC(142) ParOldGen: 674393K(1398272K)->756617K(1398272K)
[47.997s][info][gc,metaspace   ] GC(142) Metaspace: 10245K(10496K)->10245K(10496K) NonClass: 9361K(9472K)->9361K(9472K) Class: 883K(1024K)->883K(1024K)
[47.997s][info][gc             ] GC(142) Pause Young (Allocation Failure) 1316M->763M(1940M) 67.183ms
[47.997s][info][gc,cpu         ] GC(142) User=0.47s Sys=0.00s Real=0.07s
[48.644s][info][gc,start       ] GC(143) Pause Young (Allocation Failure)
[48.694s][info][gc,heap        ] GC(143) PSYoungGen: 588778K(588800K)->67559K(631296K) Eden: 563712K(563712K)->0K(563712K) From: 25066K(25088K)->67559K(67584K)
[48.694s][info][gc,heap        ] GC(143) ParOldGen: 756617K(1398272K)->773033K(1398272K)
[48.694s][info][gc,metaspace   ] GC(143) Metaspace: 10245K(10496K)->10245K(10496K) NonClass: 9361K(9472K)->9361K(9472K) Class: 883K(1024K)->883K(1024K)
[48.694s][info][gc             ] GC(143) Pause Young (Allocation Failure) 1313M->820M(1982M) 49.712ms
[48.694s][info][gc,cpu         ] GC(143) User=0.28s Sys=0.00s Real=0.06s
[49.562s][info][gc,start       ] GC(144) Pause Young (Allocation Failure)
[49.593s][info][gc,heap        ] GC(144) PSYoungGen: 631271K(631296K)->10432K(599552K) Eden: 563712K(563712K)->0K(531968K) From: 67559K(67584K)->10432K(67584K)
[49.593s][info][gc,heap        ] GC(144) ParOldGen: 773033K(1398272K)->836161K(1398272K)
[49.593s][info][gc,metaspace   ] GC(144) Metaspace: 10245K(10496K)->10245K(10496K) NonClass: 9361K(9472K)->9361K(9472K) Class: 883K(1024K)->883K(1024K)
[49.593s][info][gc             ] GC(144) Pause Young (Allocation Failure) 1371M->826M(1951M) 31.502ms
[49.593s][info][gc,cpu         ] GC(144) User=0.19s Sys=0.00s Real=0.04s
[50.271s][info][gc,start       ] GC(145) Pause Young (Allocation Failure)
[50.287s][info][gc,heap        ] GC(145) PSYoungGen: 542400K(599552K)->28432K(615424K) Eden: 531968K(531968K)->0K(531968K) From: 10432K(67584K)->28432K(83456K)
[50.287s][info][gc,heap        ] GC(145) ParOldGen: 836161K(1398272K)->841105K(1398272K)
[50.287s][info][gc,metaspace   ] GC(145) Metaspace: 10245K(10496K)->10245K(10496K) NonClass: 9361K(9472K)->9361K(9472K) Class: 883K(1024K)->883K(1024K)
[50.287s][info][gc             ] GC(145) Pause Young (Allocation Failure) 1346M->849M(1966M) 15.715ms
[50.287s][info][gc,cpu         ] GC(145) User=0.09s Sys=0.00s Real=0.01s
[50.814s][info][gc,start       ] GC(146) Pause Young (Allocation Failure)
[50.838s][info][gc,heap        ] GC(146) PSYoungGen: 560400K(615424K)->47338K(617472K) Eden: 531968K(531968K)->0K(539136K) From: 28432K(83456K)->47338K(78336K)
[50.838s][info][gc,heap        ] GC(146) ParOldGen: 841105K(1398272K)->846153K(1398272K)
[50.838s][info][gc,metaspace   ] GC(146) Metaspace: 10245K(10496K)->10245K(10496K) NonClass: 9361K(9472K)->9361K(9472K) Class: 883K(1024K)->883K(1024K)
[50.838s][info][gc             ] GC(146) Pause Young (Allocation Failure) 1368M->872M(1968M) 23.610ms
[50.838s][info][gc,cpu         ] GC(146) User=0.19s Sys=0.00s Real=0.02s
[51.199s][info][gc,start       ] GC(147) Pause Young (Allocation Failure)
[51.255s][info][gc,heap        ] GC(147) PSYoungGen: 586474K(617472K)->65344K(604672K) Eden: 539136K(539136K)->0K(539136K) From: 47338K(78336K)->65344K(65536K)
[51.255s][info][gc,heap        ] GC(147) ParOldGen: 846153K(1398272K)->891147K(1398272K)
[51.255s][info][gc,metaspace   ] GC(147) Metaspace: 10245K(10496K)->10245K(10496K) NonClass: 9361K(9472K)->9361K(9472K) Class: 883K(1024K)->883K(1024K)
[51.255s][info][gc             ] GC(147) Pause Young (Allocation Failure) 1399M->934M(1956M) 56.559ms
[51.255s][info][gc,cpu         ] GC(147) User=0.28s Sys=0.00s Real=0.05s
[51.875s][info][gc,start       ] GC(148) Pause Young (Allocation Failure)
[51.931s][info][gc,heap        ] GC(148) PSYoungGen: 604480K(604672K)->53568K(608256K) Eden: 539136K(539136K)->0K(520704K) From: 65344K(65536K)->53568K(87552K)
[51.931s][info][gc,heap        ] GC(148) ParOldGen: 891147K(1398272K)->949931K(1398272K)
[51.931s][info][gc,metaspace   ] GC(148) Metaspace: 10245K(10496K)->10245K(10496K) NonClass: 9361K(9472K)->9361K(9472K) Class: 883K(1024K)->883K(1024K)
[51.931s][info][gc             ] GC(148) Pause Young (Allocation Failure) 1460M->979M(1959M) 56.110ms
[51.931s][info][gc,cpu         ] GC(148) User=0.28s Sys=0.00s Real=0.06s
[52.399s][info][gc,start       ] GC(149) Pause Young (System.gc())
[52.407s][info][gc,heap        ] GC(149) PSYoungGen: 369307K(608256K)->5197K(526336K) Eden: 315739K(520704K)->0K(520704K) From: 53568K(87552K)->5197K(5632K)
[52.407s][info][gc,heap        ] GC(149) ParOldGen: 949931K(1398272K)->959891K(1398272K)
[52.407s][info][gc,metaspace   ] GC(149) Metaspace: 10246K(10496K)->10246K(10496K) NonClass: 9362K(9472K)->9362K(9472K) Class: 883K(1024K)->883K(1024K)
[52.407s][info][gc             ] GC(149) Pause Young (System.gc()) 1288M->942M(1879M) 8.068ms
[52.407s][info][gc,cpu         ] GC(149) User=0.09s Sys=0.00s Real=0.01s
[52.408s][info][gc,start       ] GC(150) Pause Full (System.gc())
[52.408s][info][gc,phases,start] GC(150) Marking Phase
[52.494s][info][gc,phases      ] GC(150) Marking Phase 86.902ms
[52.494s][info][gc,phases,start] GC(150) Summary Phase
[52.495s][info][gc,phases      ] GC(150) Summary Phase 0.017ms
[52.495s][info][gc,phases,start] GC(150) Adjust Roots
[52.498s][info][gc,phases      ] GC(150) Adjust Roots 3.883ms
[52.498s][info][gc,phases,start] GC(150) Compaction Phase
[52.706s][info][gc,phases      ] GC(150) Compaction Phase 207.236ms
[52.706s][info][gc,phases,start] GC(150) Post Compact
[52.707s][info][gc,phases      ] GC(150) Post Compact 1.555ms
[52.707s][info][gc,heap        ] GC(150) PSYoungGen: 5197K(526336K)->0K(526336K) Eden: 0K(520704K)->0K(520704K) From: 5197K(5632K)->0K(5632K)
[52.707s][info][gc,heap        ] GC(150) ParOldGen: 959891K(1398272K)->434667K(1398272K)
[52.707s][info][gc,metaspace   ] GC(150) Metaspace: 10246K(10496K)->10246K(10496K) NonClass: 9362K(9472K)->9362K(9472K) Class: 883K(1024K)->883K(1024K)
[52.707s][info][gc             ] GC(150) Pause Full (System.gc()) 942M->424M(1879M) 299.861ms
[52.707s][info][gc,cpu         ] GC(150) User=1.67s Sys=0.00s Real=0.30s
[52.882s][info][gc,start       ] GC(151) Pause Young (Allocation Failure)
[52.888s][info][gc,heap        ] GC(151) PSYoungGen: 520704K(526336K)->11168K(611328K) Eden: 520704K(520704K)->0K(521728K) From: 0K(5632K)->11168K(89600K)
[52.888s][info][gc,heap        ] GC(151) ParOldGen: 434667K(1398272K)->434675K(1398272K)
[52.888s][info][gc,metaspace   ] GC(151) Metaspace: 10322K(10560K)->10322K(10560K) NonClass: 9438K(9536K)->9438K(9536K) Class: 883K(1024K)->883K(1024K)
[52.888s][info][gc             ] GC(151) Pause Young (Allocation Failure) 932M->435M(1962M) 6.376ms
[52.888s][info][gc,cpu         ] GC(151) User=0.09s Sys=0.00s Real=0.01s
[53.050s][info][gc,start       ] GC(152) Pause Young (Allocation Failure)
[53.059s][info][gc,heap        ] GC(152) PSYoungGen: 532896K(611328K)->10880K(609280K) Eden: 521728K(521728K)->0K(521728K) From: 11168K(89600K)->10880K(87552K)
[53.059s][info][gc,heap        ] GC(152) ParOldGen: 434675K(1398272K)->441779K(1398272K)
[53.059s][info][gc,metaspace   ] GC(152) Metaspace: 10322K(10560K)->10322K(10560K) NonClass: 9438K(9536K)->9438K(9536K) Class: 883K(1024K)->883K(1024K)
[53.059s][info][gc             ] GC(152) Pause Young (Allocation Failure) 944M->442M(1960M) 8.781ms
[53.059s][info][gc,cpu         ] GC(152) User=0.09s Sys=0.00s Real=0.01s
[53.219s][info][gc,start       ] GC(153) Pause Young (Allocation Failure)
[53.227s][info][gc,heap        ] GC(153) PSYoungGen: 532608K(609280K)->10656K(615936K) Eden: 521728K(521728K)->0K(530432K) From: 10880K(87552K)->10656K(85504K)
[53.227s][info][gc,heap        ] GC(153) ParOldGen: 441779K(1398272K)->448531K(1398272K)
[53.227s][info][gc,metaspace   ] GC(153) Metaspace: 10322K(10560K)->10322K(10560K) NonClass: 9438K(9536K)->9438K(9536K) Class: 883K(1024K)->883K(1024K)
[53.227s][info][gc             ] GC(153) Pause Young (Allocation Failure) 951M->448M(1967M) 8.432ms
[53.228s][info][gc,cpu         ] GC(153) User=0.00s Sys=0.00s Real=0.01s
[53.398s][info][gc,start       ] GC(154) Pause Young (Allocation Failure)
[53.409s][info][gc,heap        ] GC(154) PSYoungGen: 541088K(615936K)->11232K(613376K) Eden: 530432K(530432K)->0K(530432K) From: 10656K(85504K)->11232K(82944K)
[53.409s][info][gc,heap        ] GC(154) ParOldGen: 448531K(1398272K)->455083K(1398272K)
[53.409s][info][gc,metaspace   ] GC(154) Metaspace: 10322K(10560K)->10322K(10560K) NonClass: 9438K(9536K)->9438K(9536K) Class: 883K(1024K)->883K(1024K)
[53.409s][info][gc             ] GC(154) Pause Young (Allocation Failure) 966M->455M(1964M) 10.991ms
[53.409s][info][gc,cpu         ] GC(154) User=0.09s Sys=0.00s Real=0.01s
[53.578s][info][gc,start       ] GC(155) Pause Young (Allocation Failure)
[53.587s][info][gc,heap        ] GC(155) PSYoungGen: 541664K(613376K)->11040K(621568K) Eden: 530432K(530432K)->0K(541184K) From: 11232K(82944K)->11040K(80384K)
[53.587s][info][gc,heap        ] GC(155) ParOldGen: 455083K(1398272K)->461915K(1398272K)
[53.587s][info][gc,metaspace   ] GC(155) Metaspace: 10322K(10560K)->10322K(10560K) NonClass: 9438K(9536K)->9438K(9536K) Class: 883K(1024K)->883K(1024K)
[53.587s][info][gc             ] GC(155) Pause Young (Allocation Failure) 973M->461M(1972M) 8.745ms
[53.587s][info][gc,cpu         ] GC(155) User=0.00s Sys=0.00s Real=0.01s
[53.762s][info][gc,start       ] GC(156) Pause Young (Allocation Failure)
[53.771s][info][gc,heap        ] GC(156) PSYoungGen: 552224K(621568K)->11424K(618496K) Eden: 541184K(541184K)->0K(541184K) From: 11040K(80384K)->11424K(77312K)
[53.771s][info][gc,heap        ] GC(156) ParOldGen: 461915K(1398272K)->468755K(1398272K)
[53.771s][info][gc,metaspace   ] GC(156) Metaspace: 10322K(10560K)->10322K(10560K) NonClass: 9438K(9536K)->9438K(9536K) Class: 883K(1024K)->883K(1024K)
[53.771s][info][gc             ] GC(156) Pause Young (Allocation Failure) 990M->468M(1969M) 9.308ms
[53.771s][info][gc,cpu         ] GC(156) User=0.00s Sys=0.00s Real=0.01s
[53.948s][info][gc,start       ] GC(157) Pause Young (Allocation Failure)
[53.957s][info][gc,heap        ] GC(157) PSYoungGen: 552608K(618496K)->11552K(627712K) Eden: 541184K(541184K)->0K(553472K) From: 11424K(77312K)->11552K(74240K)
[53.957s][info][gc,heap        ] GC(157) ParOldGen: 468755K(1398272K)->475811K(1398272K)
[53.957s][info][gc,metaspace   ] GC(157) Metaspace: 10322K(10560K)->10322K(10560K) NonClass: 9438K(9536K)->9438K(9536K) Class: 883K(1024K)->883K(1024K)
[53.957s][info][gc             ] GC(157) Pause Young (Allocation Failure) 997M->475M(1978M) 9.221ms
[53.957s][info][gc,cpu         ] GC(157) User=0.00s Sys=0.00s Real=0.01s
[54.132s][info][gc,start       ] GC(158) Pause Young (Allocation Failure)
[54.141s][info][gc,heap        ] GC(158) PSYoungGen: 565024K(627712K)->11584K(624640K) Eden: 553472K(553472K)->0K(553472K) From: 11552K(74240K)->11584K(71168K)
[54.141s][info][gc,heap        ] GC(158) ParOldGen: 475811K(1398272K)->482931K(1398272K)
[54.141s][info][gc,metaspace   ] GC(158) Metaspace: 10322K(10560K)->10322K(10560K) NonClass: 9438K(9536K)->9438K(9536K) Class: 883K(1024K)->883K(1024K)
[54.141s][info][gc             ] GC(158) Pause Young (Allocation Failure) 1016M->482M(1975M) 9.312ms
[54.141s][info][gc,cpu         ] GC(158) User=0.09s Sys=0.00s Real=0.01s
[54.321s][info][gc,start       ] GC(159) Pause Young (Allocation Failure)
[54.330s][info][gc,heap        ] GC(159) PSYoungGen: 565056K(624640K)->11424K(633856K) Eden: 553472K(553472K)->0K(565760K) From: 11584K(71168K)->11424K(68096K)
[54.330s][info][gc,heap        ] GC(159) ParOldGen: 482931K(1398272K)->490051K(1398272K)
[54.330s][info][gc,metaspace   ] GC(159) Metaspace: 10322K(10560K)->10322K(10560K) NonClass: 9438K(9536K)->9438K(9536K) Class: 883K(1024K)->883K(1024K)
[54.330s][info][gc             ] GC(159) Pause Young (Allocation Failure) 1023M->489M(1984M) 9.149ms
[54.330s][info][gc,cpu         ] GC(159) User=0.09s Sys=0.00s Real=0.01s
[54.515s][info][gc,start       ] GC(160) Pause Young (Allocation Failure)
[54.525s][info][gc,heap        ] GC(160) PSYoungGen: 577184K(633856K)->11584K(630784K) Eden: 565760K(565760K)->0K(565760K) From: 11424K(68096K)->11584K(65024K)
[54.525s][info][gc,heap        ] GC(160) ParOldGen: 490051K(1398272K)->497171K(1398272K)
[54.525s][info][gc,metaspace   ] GC(160) Metaspace: 10322K(10560K)->10322K(10560K) NonClass: 9438K(9536K)->9438K(9536K) Class: 883K(1024K)->883K(1024K)
[54.525s][info][gc             ] GC(160) Pause Young (Allocation Failure) 1042M->496M(1981M) 9.269ms
[54.525s][info][gc,cpu         ] GC(160) User=0.00s Sys=0.00s Real=0.01s
[54.706s][info][gc,start       ] GC(161) Pause Young (Allocation Failure)
[54.716s][info][gc,heap        ] GC(161) PSYoungGen: 577344K(630784K)->11744K(640000K) Eden: 565760K(565760K)->0K(578048K) From: 11584K(65024K)->11744K(61952K)
[54.716s][info][gc,heap        ] GC(161) ParOldGen: 497171K(1398272K)->504251K(1398272K)
[54.716s][info][gc,metaspace   ] GC(161) Metaspace: 10322K(10560K)->10322K(10560K) NonClass: 9438K(9536K)->9438K(9536K) Class: 883K(1024K)->883K(1024K)
[54.716s][info][gc             ] GC(161) Pause Young (Allocation Failure) 1049M->503M(1990M) 9.324ms
[54.716s][info][gc,cpu         ] GC(161) User=0.09s Sys=0.00s Real=0.01s
[54.904s][info][gc,start       ] GC(162) Pause Young (Allocation Failure)
[54.913s][info][gc,heap        ] GC(162) PSYoungGen: 589792K(640000K)->11840K(636928K) Eden: 578048K(578048K)->0K(578048K) From: 11744K(61952K)->11840K(58880K)
[54.913s][info][gc,heap        ] GC(162) ParOldGen: 504251K(1398272K)->511483K(1398272K)
[54.913s][info][gc,metaspace   ] GC(162) Metaspace: 10322K(10560K)->10322K(10560K) NonClass: 9438K(9536K)->9438K(9536K) Class: 883K(1024K)->883K(1024K)
[54.913s][info][gc             ] GC(162) Pause Young (Allocation Failure) 1068M->511M(1987M) 9.628ms
[54.913s][info][gc,cpu         ] GC(162) User=0.00s Sys=0.00s Real=0.01s
[55.101s][info][gc,start       ] GC(163) Pause Young (Allocation Failure)
[55.110s][info][gc,heap        ] GC(163) PSYoungGen: 589888K(636928K)->11968K(645632K) Eden: 578048K(578048K)->0K(589824K) From: 11840K(58880K)->11968K(55808K)
[55.110s][info][gc,heap        ] GC(163) ParOldGen: 511483K(1398272K)->518747K(1398272K)
[55.110s][info][gc,metaspace   ] GC(163) Metaspace: 10322K(10560K)->10322K(10560K) NonClass: 9438K(9536K)->9438K(9536K) Class: 883K(1024K)->883K(1024K)
[55.111s][info][gc             ] GC(163) Pause Young (Allocation Failure) 1075M->518M(1996M) 9.510ms
[55.111s][info][gc,cpu         ] GC(163) User=0.09s Sys=0.00s Real=0.01s
[55.301s][info][gc,start       ] GC(164) Pause Young (Allocation Failure)
[55.311s][info][gc,heap        ] GC(164) PSYoungGen: 601792K(645632K)->12160K(643072K) Eden: 589824K(589824K)->0K(589824K) From: 11968K(55808K)->12160K(53248K)
[55.311s][info][gc,heap        ] GC(164) ParOldGen: 518747K(1398272K)->526099K(1398272K)
[55.311s][info][gc,metaspace   ] GC(164) Metaspace: 10322K(10560K)->10322K(10560K) NonClass: 9438K(9536K)->9438K(9536K) Class: 883K(1024K)->883K(1024K)
[55.311s][info][gc             ] GC(164) Pause Young (Allocation Failure) 1094M->525M(1993M) 9.650ms
[55.311s][info][gc,cpu         ] GC(164) User=0.09s Sys=0.00s Real=0.01s
[55.503s][info][gc,start       ] GC(165) Pause Young (Allocation Failure)
[55.512s][info][gc,heap        ] GC(165) PSYoungGen: 601984K(643072K)->12032K(651264K) Eden: 589824K(589824K)->0K(601088K) From: 12160K(53248K)->12032K(50176K)
[55.512s][info][gc,heap        ] GC(165) ParOldGen: 526099K(1398272K)->533611K(1398272K)
[55.512s][info][gc,metaspace   ] GC(165) Metaspace: 10322K(10560K)->10322K(10560K) NonClass: 9438K(9536K)->9438K(9536K) Class: 883K(1024K)->883K(1024K)
[55.512s][info][gc             ] GC(165) Pause Young (Allocation Failure) 1101M->532M(2001M) 9.463ms
[55.512s][info][gc,cpu         ] GC(165) User=0.09s Sys=0.00s Real=0.01s
[55.707s][info][gc,start       ] GC(166) Pause Young (Allocation Failure)
[55.719s][info][gc,heap        ] GC(166) PSYoungGen: 613120K(651264K)->12256K(648704K) Eden: 601088K(601088K)->0K(601088K) From: 12032K(50176K)->12256K(47616K)
[55.719s][info][gc,heap        ] GC(166) ParOldGen: 533611K(1398272K)->540947K(1398272K)
[55.719s][info][gc,metaspace   ] GC(166) Metaspace: 10322K(10560K)->10322K(10560K) NonClass: 9438K(9536K)->9438K(9536K) Class: 883K(1024K)->883K(1024K)
[55.719s][info][gc             ] GC(166) Pause Young (Allocation Failure) 1119M->540M(1999M) 11.602ms
[55.719s][info][gc,cpu         ] GC(166) User=0.06s Sys=0.02s Real=0.01s
[55.916s][info][gc,start       ] GC(167) Pause Young (Allocation Failure)
[55.926s][info][gc,heap        ] GC(167) PSYoungGen: 613344K(648704K)->12288K(655872K) Eden: 601088K(601088K)->0K(610304K) From: 12256K(47616K)->12288K(45568K)
[55.926s][info][gc,heap        ] GC(167) ParOldGen: 540947K(1398272K)->548555K(1398272K)
[55.926s][info][gc,metaspace   ] GC(167) Metaspace: 10322K(10560K)->10322K(10560K) NonClass: 9438K(9536K)->9438K(9536K) Class: 883K(1024K)->883K(1024K)
[55.926s][info][gc             ] GC(167) Pause Young (Allocation Failure) 1127M->547M(2006M) 9.804ms
[55.926s][info][gc,cpu         ] GC(167) User=0.00s Sys=0.00s Real=0.01s
[56.124s][info][gc,start       ] GC(168) Pause Young (Allocation Failure)
[56.134s][info][gc,heap        ] GC(168) PSYoungGen: 622592K(655872K)->12448K(653312K) Eden: 610304K(610304K)->0K(610304K) From: 12288K(45568K)->12448K(43008K)
[56.134s][info][gc,heap        ] GC(168) ParOldGen: 548555K(1398272K)->555995K(1398272K)
[56.134s][info][gc,metaspace   ] GC(168) Metaspace: 10322K(10560K)->10322K(10560K) NonClass: 9438K(9536K)->9438K(9536K) Class: 883K(1024K)->883K(1024K)
[56.134s][info][gc             ] GC(168) Pause Young (Allocation Failure) 1143M->555M(2003M) 9.798ms
[56.134s][info][gc,cpu         ] GC(168) User=0.00s Sys=0.00s Real=0.01s
[56.327s][info][gc,start       ] GC(169) Pause Young (Allocation Failure)
[56.337s][info][gc,heap        ] GC(169) PSYoungGen: 622752K(653312K)->12032K(659968K) Eden: 610304K(610304K)->0K(619008K) From: 12448K(43008K)->12032K(40960K)
[56.337s][info][gc,heap        ] GC(169) ParOldGen: 555995K(1398272K)->563699K(1398272K)
[56.337s][info][gc,metaspace   ] GC(169) Metaspace: 10322K(10560K)->10322K(10560K) NonClass: 9438K(9536K)->9438K(9536K) Class: 883K(1024K)->883K(1024K)
[56.337s][info][gc             ] GC(169) Pause Young (Allocation Failure) 1151M->562M(2010M) 10.130ms
[56.337s][info][gc,cpu         ] GC(169) User=0.00s Sys=0.00s Real=0.01s
[56.539s][info][gc,start       ] GC(170) Pause Young (Allocation Failure)
[56.549s][info][gc,heap        ] GC(170) PSYoungGen: 631040K(659968K)->12416K(657920K) Eden: 619008K(619008K)->0K(619008K) From: 12032K(40960K)->12416K(38912K)
[56.549s][info][gc,heap        ] GC(170) ParOldGen: 563699K(1398272K)->571051K(1398272K)
[56.549s][info][gc,metaspace   ] GC(170) Metaspace: 10322K(10560K)->10322K(10560K) NonClass: 9438K(9536K)->9438K(9536K) Class: 883K(1024K)->883K(1024K)
[56.549s][info][gc             ] GC(170) Pause Young (Allocation Failure) 1166M->569M(2008M) 9.953ms
[56.549s][info][gc,cpu         ] GC(170) User=0.09s Sys=0.00s Real=0.01s
[56.758s][info][gc,start       ] GC(171) Pause Young (Allocation Failure)
[56.768s][info][gc,heap        ] GC(171) PSYoungGen: 631424K(657920K)->12704K(664064K) Eden: 619008K(619008K)->0K(627200K) From: 12416K(38912K)->12704K(36864K)
[56.768s][info][gc,heap        ] GC(171) ParOldGen: 571051K(1398272K)->578611K(1398272K)
[56.768s][info][gc,metaspace   ] GC(171) Metaspace: 10322K(10560K)->10322K(10560K) NonClass: 9438K(9536K)->9438K(9536K) Class: 883K(1024K)->883K(1024K)
[56.768s][info][gc             ] GC(171) Pause Young (Allocation Failure) 1174M->577M(2014M) 10.045ms
[56.768s][info][gc,cpu         ] GC(171) User=0.09s Sys=0.00s Real=0.01s
[56.974s][info][gc,start       ] GC(172) Pause Young (Allocation Failure)
[56.984s][info][gc,heap        ] GC(172) PSYoungGen: 639904K(664064K)->12960K(662016K) Eden: 627200K(627200K)->0K(627200K) From: 12704K(36864K)->12960K(34816K)
[56.984s][info][gc,heap        ] GC(172) ParOldGen: 578611K(1398272K)->586171K(1398272K)
[56.984s][info][gc,metaspace   ] GC(172) Metaspace: 10322K(10560K)->10322K(10560K) NonClass: 9438K(9536K)->9438K(9536K) Class: 883K(1024K)->883K(1024K)
[56.984s][info][gc             ] GC(172) Pause Young (Allocation Failure) 1189M->585M(2012M) 10.213ms
[56.984s][info][gc,cpu         ] GC(172) User=0.09s Sys=0.00s Real=0.01s
[57.189s][info][gc,start       ] GC(173) Pause Young (Allocation Failure)
[57.199s][info][gc,heap        ] GC(173) PSYoungGen: 640160K(662016K)->13120K(667648K) Eden: 627200K(627200K)->0K(634368K) From: 12960K(34816K)->13120K(33280K)
[57.199s][info][gc,heap        ] GC(173) ParOldGen: 586171K(1398272K)->594155K(1398272K)
[57.199s][info][gc,metaspace   ] GC(173) Metaspace: 10322K(10560K)->10322K(10560K) NonClass: 9438K(9536K)->9438K(9536K) Class: 883K(1024K)->883K(1024K)
[57.199s][info][gc             ] GC(173) Pause Young (Allocation Failure) 1197M->593M(2017M) 10.512ms
[57.199s][info][gc,cpu         ] GC(173) User=0.09s Sys=0.00s Real=0.01s
[57.410s][info][gc,start       ] GC(174) Pause Young (Allocation Failure)
[57.420s][info][gc,heap        ] GC(174) PSYoungGen: 647488K(667648K)->13056K(665600K) Eden: 634368K(634368K)->0K(634368K) From: 13120K(33280K)->13056K(31232K)
[57.420s][info][gc,heap        ] GC(174) ParOldGen: 594155K(1398272K)->602147K(1398272K)
[57.420s][info][gc,metaspace   ] GC(174) Metaspace: 10322K(10560K)->10322K(10560K) NonClass: 9438K(9536K)->9438K(9536K) Class: 883K(1024K)->883K(1024K)
[57.420s][info][gc             ] GC(174) Pause Young (Allocation Failure) 1212M->600M(2015M) 10.484ms
[57.420s][info][gc,cpu         ] GC(174) User=0.09s Sys=0.00s Real=0.01s
[57.628s][info][gc,start       ] GC(175) Pause Young (Allocation Failure)
[57.638s][info][gc,heap        ] GC(175) PSYoungGen: 647424K(665600K)->12960K(670208K) Eden: 634368K(634368K)->0K(640000K) From: 13056K(31232K)->12960K(30208K)
[57.638s][info][gc,heap        ] GC(175) ParOldGen: 602147K(1398272K)->610235K(1398272K)
[57.638s][info][gc,metaspace   ] GC(175) Metaspace: 10322K(10560K)->10322K(10560K) NonClass: 9438K(9536K)->9438K(9536K) Class: 883K(1024K)->883K(1024K)
[57.638s][info][gc             ] GC(175) Pause Young (Allocation Failure) 1220M->608M(2020M) 10.325ms
[57.638s][info][gc,cpu         ] GC(175) User=0.09s Sys=0.00s Real=0.01s
[57.846s][info][gc,start       ] GC(176) Pause Young (Allocation Failure)
[57.857s][info][gc,heap        ] GC(176) PSYoungGen: 652960K(670208K)->13344K(668672K) Eden: 640000K(640000K)->0K(640000K) From: 12960K(30208K)->13344K(28672K)
[57.857s][info][gc,heap        ] GC(176) ParOldGen: 610235K(1398272K)->618155K(1398272K)
[57.857s][info][gc,metaspace   ] GC(176) Metaspace: 10322K(10560K)->10322K(10560K) NonClass: 9438K(9536K)->9438K(9536K) Class: 883K(1024K)->883K(1024K)
[57.857s][info][gc             ] GC(176) Pause Young (Allocation Failure) 1233M->616M(2018M) 10.608ms
[57.857s][info][gc,cpu         ] GC(176) User=0.09s Sys=0.00s Real=0.01s
[58.065s][info][gc,start       ] GC(177) Pause Young (Allocation Failure)
[58.075s][info][gc,heap        ] GC(177) PSYoungGen: 653344K(668672K)->12928K(672768K) Eden: 640000K(640000K)->0K(645632K) From: 13344K(28672K)->12928K(27136K)
[58.075s][info][gc,heap        ] GC(177) ParOldGen: 618155K(1398272K)->626355K(1398272K)
[58.075s][info][gc,metaspace   ] GC(177) Metaspace: 10322K(10560K)->10322K(10560K) NonClass: 9438K(9536K)->9438K(9536K) Class: 883K(1024K)->883K(1024K)
[58.075s][info][gc             ] GC(177) Pause Young (Allocation Failure) 1241M->624M(2022M) 10.491ms
[58.076s][info][gc,cpu         ] GC(177) User=0.08s Sys=0.02s Real=0.01s
[58.289s][info][gc,start       ] GC(178) Pause Young (Allocation Failure)
[58.299s][info][gc,heap        ] GC(178) PSYoungGen: 658560K(672768K)->13152K(671744K) Eden: 645632K(645632K)->0K(645632K) From: 12928K(27136K)->13152K(26112K)
[58.299s][info][gc,heap        ] GC(178) ParOldGen: 626355K(1398272K)->634283K(1398272K)
[58.299s][info][gc,metaspace   ] GC(178) Metaspace: 10322K(10560K)->10322K(10560K) NonClass: 9438K(9536K)->9438K(9536K) Class: 883K(1024K)->883K(1024K)
[58.299s][info][gc             ] GC(178) Pause Young (Allocation Failure) 1254M->632M(2021M) 10.443ms
[58.299s][info][gc,cpu         ] GC(178) User=0.09s Sys=0.00s Real=0.01s
[58.511s][info][gc,start       ] GC(179) Pause Young (Allocation Failure)
[58.521s][info][gc,heap        ] GC(179) PSYoungGen: 658784K(671744K)->13376K(674816K) Eden: 645632K(645632K)->0K(649728K) From: 13152K(26112K)->13376K(25088K)
[58.521s][info][gc,heap        ] GC(179) ParOldGen: 634283K(1398272K)->642291K(1398272K)
[58.521s][info][gc,metaspace   ] GC(179) Metaspace: 10322K(10560K)->10322K(10560K) NonClass: 9438K(9536K)->9438K(9536K) Class: 883K(1024K)->883K(1024K)
[58.522s][info][gc             ] GC(179) Pause Young (Allocation Failure) 1262M->640M(2024M) 10.798ms
[58.522s][info][gc,cpu         ] GC(179) User=0.00s Sys=0.00s Real=0.01s
[58.736s][info][gc,start       ] GC(180) Pause Young (Allocation Failure)
[58.747s][info][gc,heap        ] GC(180) PSYoungGen: 663104K(674816K)->13312K(673792K) Eden: 649728K(649728K)->0K(649728K) From: 13376K(25088K)->13312K(24064K)
[58.747s][info][gc,heap        ] GC(180) ParOldGen: 642291K(1398272K)->650379K(1398272K)
[58.747s][info][gc,metaspace   ] GC(180) Metaspace: 10322K(10560K)->10322K(10560K) NonClass: 9438K(9536K)->9438K(9536K) Class: 883K(1024K)->883K(1024K)
[58.747s][info][gc             ] GC(180) Pause Young (Allocation Failure) 1274M->648M(2023M) 10.638ms
[58.747s][info][gc,cpu         ] GC(180) User=0.09s Sys=0.00s Real=0.02s
[59.664s][info][gc,start       ] GC(181) Pause Young (Allocation Failure)
[59.713s][info][gc,heap        ] GC(181) PSYoungGen: 663040K(673792K)->23036K(632832K) Eden: 649728K(649728K)->0K(609792K) From: 13312K(24064K)->23036K(23040K)
[59.713s][info][gc,heap        ] GC(181) ParOldGen: 650379K(1398272K)->702171K(1398272K)
[59.713s][info][gc,metaspace   ] GC(181) Metaspace: 10332K(10560K)->10332K(10560K) NonClass: 9448K(9536K)->9448K(9536K) Class: 883K(1024K)->883K(1024K)
[59.713s][info][gc             ] GC(181) Pause Young (Allocation Failure) 1282M->708M(1983M) 49.158ms
[59.713s][info][gc,cpu         ] GC(181) User=0.38s Sys=0.00s Real=0.05s
[60.519s][info][gc,start       ] GC(182) Pause Young (Allocation Failure)
[60.579s][info][gc,heap        ] GC(182) PSYoungGen: 632828K(632832K)->44522K(654336K) Eden: 609792K(609792K)->0K(609792K) From: 23036K(23040K)->44522K(44544K)
[60.579s][info][gc,heap        ] GC(182) ParOldGen: 702171K(1398272K)->755915K(1398272K)
[60.579s][info][gc,metaspace   ] GC(182) Metaspace: 10332K(10560K)->10332K(10560K) NonClass: 9448K(9536K)->9448K(9536K) Class: 883K(1024K)->883K(1024K)
[60.579s][info][gc             ] GC(182) Pause Young (Allocation Failure) 1303M->781M(2004M) 60.350ms
[60.579s][info][gc,cpu         ] GC(182) User=0.38s Sys=0.00s Real=0.06s
[61.398s][info][gc,start       ] GC(183) Pause Young (Allocation Failure)
[61.448s][info][gc,heap        ] GC(183) PSYoungGen: 654314K(654336K)->44544K(559104K) Eden: 609792K(609792K)->0K(514560K) From: 44522K(44544K)->44544K(44544K)
[61.448s][info][gc,heap        ] GC(183) ParOldGen: 755915K(1398272K)->806653K(1398272K)
[61.448s][info][gc,metaspace   ] GC(183) Metaspace: 10332K(10560K)->10332K(10560K) NonClass: 9448K(9536K)->9448K(9536K) Class: 883K(1024K)->883K(1024K)
[61.448s][info][gc             ] GC(183) Pause Young (Allocation Failure) 1377M->831M(1911M) 49.716ms
[61.448s][info][gc,cpu         ] GC(183) User=0.38s Sys=0.00s Real=0.06s
[62.197s][info][gc,start       ] GC(184) Pause Young (Allocation Failure)
[62.217s][info][gc,heap        ] GC(184) PSYoungGen: 559104K(559104K)->7232K(606720K) Eden: 514560K(514560K)->0K(514560K) From: 44544K(44544K)->7232K(92160K)
[62.217s][info][gc,heap        ] GC(184) ParOldGen: 806653K(1398272K)->846957K(1398272K)
[62.217s][info][gc,metaspace   ] GC(184) Metaspace: 10332K(10560K)->10332K(10560K) NonClass: 9448K(9536K)->9448K(9536K) Class: 883K(1024K)->883K(1024K)
[62.217s][info][gc             ] GC(184) Pause Young (Allocation Failure) 1333M->834M(1958M) 20.079ms
[62.217s][info][gc,cpu         ] GC(184) User=0.11s Sys=0.00s Real=0.02s
[62.791s][info][gc,start       ] GC(185) Pause Young (Allocation Failure)
[62.818s][info][gc,heap        ] GC(185) PSYoungGen: 521792K(606720K)->45584K(608768K) Eden: 514560K(514560K)->0K(518144K) From: 7232K(92160K)->45584K(90624K)
[62.818s][info][gc,heap        ] GC(185) ParOldGen: 846957K(1398272K)->852669K(1398272K)
[62.818s][info][gc,metaspace   ] GC(185) Metaspace: 10332K(10560K)->10332K(10560K) NonClass: 9448K(9536K)->9448K(9536K) Class: 883K(1024K)->883K(1024K)
[62.818s][info][gc             ] GC(185) Pause Young (Allocation Failure) 1336M->877M(1960M) 27.623ms
[62.818s][info][gc,cpu         ] GC(185) User=0.09s Sys=0.00s Real=0.04s
[63.292s][info][gc,start       ] GC(186) Pause Young (Allocation Failure)
[63.325s][info][gc,heap        ] GC(186) PSYoungGen: 563728K(608768K)->60010K(578560K) Eden: 518144K(518144K)->0K(518144K) From: 45584K(90624K)->60010K(60416K)
[63.325s][info][gc,heap        ] GC(186) ParOldGen: 852669K(1398272K)->858125K(1398272K)
[63.325s][info][gc,metaspace   ] GC(186) Metaspace: 10332K(10560K)->10332K(10560K) NonClass: 9448K(9536K)->9448K(9536K) Class: 883K(1024K)->883K(1024K)
[63.325s][info][gc             ] GC(186) Pause Young (Allocation Failure) 1383M->896M(1930M) 33.194ms
[63.325s][info][gc,cpu         ] GC(186) User=0.19s Sys=0.00s Real=0.03s
[63.701s][info][gc,start       ] GC(187) Pause Young (Allocation Failure)
[63.760s][info][gc,heap        ] GC(187) PSYoungGen: 578154K(578560K)->63360K(595456K) Eden: 518144K(518144K)->0K(501248K) From: 60010K(60416K)->63360K(94208K)
[63.760s][info][gc,heap        ] GC(187) ParOldGen: 858125K(1398272K)->915055K(1398272K)
[63.760s][info][gc,metaspace   ] GC(187) Metaspace: 10332K(10560K)->10332K(10560K) NonClass: 9448K(9536K)->9448K(9536K) Class: 883K(1024K)->883K(1024K)
[63.760s][info][gc             ] GC(187) Pause Young (Allocation Failure) 1402M->955M(1947M) 58.930ms
[63.760s][info][gc,cpu         ] GC(187) User=0.34s Sys=0.00s Real=0.07s
[64.333s][info][gc,start       ] GC(188) Pause Young (Allocation Failure)
[64.382s][info][gc,heap        ] GC(188) PSYoungGen: 564608K(595456K)->41600K(600064K) Eden: 501248K(501248K)->0K(501248K) From: 63360K(94208K)->41600K(98816K)
[64.382s][info][gc,heap        ] GC(188) ParOldGen: 915055K(1398272K)->969423K(1398272K)
[64.382s][info][gc,metaspace   ] GC(188) Metaspace: 10332K(10560K)->10332K(10560K) NonClass: 9448K(9536K)->9448K(9536K) Class: 883K(1024K)->883K(1024K)
[64.382s][info][gc             ] GC(188) Pause Young (Allocation Failure) 1444M->987M(1951M) 48.735ms
[64.382s][info][gc,cpu         ] GC(188) User=0.27s Sys=0.00s Real=0.05s
[64.790s][info][gc,start       ] GC(189) Pause Young (System.gc())
[64.795s][info][gc,heap        ] GC(189) PSYoungGen: 287983K(600064K)->4429K(604160K) Eden: 246383K(501248K)->0K(510464K) From: 41600K(98816K)->4429K(93696K)
[64.795s][info][gc,heap        ] GC(189) ParOldGen: 969423K(1398272K)->977839K(1398272K)
[64.795s][info][gc,metaspace   ] GC(189) Metaspace: 10337K(10560K)->10337K(10560K) NonClass: 9453K(9536K)->9453K(9536K) Class: 883K(1024K)->883K(1024K)
[64.795s][info][gc             ] GC(189) Pause Young (System.gc()) 1227M->959M(1955M) 4.598ms
[64.795s][info][gc,cpu         ] GC(189) User=0.09s Sys=0.00s Real=0.01s
[64.795s][info][gc,start       ] GC(190) Pause Full (System.gc())
[64.795s][info][gc,phases,start] GC(190) Marking Phase
[64.882s][info][gc,phases      ] GC(190) Marking Phase 86.935ms
[64.882s][info][gc,phases,start] GC(190) Summary Phase
[64.882s][info][gc,phases      ] GC(190) Summary Phase 0.018ms
[64.882s][info][gc,phases,start] GC(190) Adjust Roots
[64.884s][info][gc,phases      ] GC(190) Adjust Roots 2.294ms
[64.884s][info][gc,phases,start] GC(190) Compaction Phase
[65.081s][info][gc,phases      ] GC(190) Compaction Phase 197.020ms
[65.081s][info][gc,phases,start] GC(190) Post Compact
[65.083s][info][gc,phases      ] GC(190) Post Compact 1.440ms
[65.083s][info][gc,heap        ] GC(190) PSYoungGen: 4429K(604160K)->0K(604160K) Eden: 0K(510464K)->0K(510464K) From: 4429K(93696K)->0K(93696K)
[65.083s][info][gc,heap        ] GC(190) ParOldGen: 977839K(1398272K)->434674K(1398272K)
[65.083s][info][gc,metaspace   ] GC(190) Metaspace: 10337K(10560K)->10337K(10560K) NonClass: 9453K(9536K)->9453K(9536K) Class: 883K(1024K)->883K(1024K)
[65.083s][info][gc             ] GC(190) Pause Full (System.gc()) 959M->424M(1955M) 287.976ms
[65.083s][info][gc,cpu         ] GC(190) User=1.59s Sys=0.02s Real=0.29s
[65.279s][info][gc,start       ] GC(191) Pause Young (Allocation Failure)
[65.285s][info][gc,heap        ] GC(191) PSYoungGen: 510464K(604160K)->10880K(604672K) Eden: 510464K(510464K)->0K(510464K) From: 0K(93696K)->10880K(94208K)
[65.285s][info][gc,heap        ] GC(191) ParOldGen: 434674K(1398272K)->434674K(1398272K)
[65.285s][info][gc,metaspace   ] GC(191) Metaspace: 10365K(10624K)->10365K(10624K) NonClass: 9482K(9600K)->9482K(9600K) Class: 883K(1024K)->883K(1024K)
[65.285s][info][gc             ] GC(191) Pause Young (Allocation Failure) 922M->435M(1956M) 6.184ms
[65.285s][info][gc,cpu         ] GC(191) User=0.00s Sys=0.00s Real=0.01s
[65.444s][info][gc,start       ] GC(192) Pause Young (Allocation Failure)
[65.452s][info][gc,heap        ] GC(192) PSYoungGen: 521344K(604672K)->10528K(608256K) Eden: 510464K(510464K)->0K(515584K) From: 10880K(94208K)->10528K(92672K)
[65.452s][info][gc,heap        ] GC(192) ParOldGen: 434674K(1398272K)->441650K(1398272K)
[65.452s][info][gc,metaspace   ] GC(192) Metaspace: 10365K(10624K)->10365K(10624K) NonClass: 9482K(9600K)->9482K(9600K) Class: 883K(1024K)->883K(1024K)
[65.452s][info][gc             ] GC(192) Pause Young (Allocation Failure) 933M->441M(1959M) 8.418ms
[65.452s][info][gc,cpu         ] GC(192) User=0.09s Sys=0.00s Real=0.01s
[65.612s][info][gc,start       ] GC(193) Pause Young (Allocation Failure)
[65.620s][info][gc,heap        ] GC(193) PSYoungGen: 526112K(608256K)->10528K(606208K) Eden: 515584K(515584K)->0K(515584K) From: 10528K(92672K)->10528K(90624K)
[65.620s][info][gc,heap        ] GC(193) ParOldGen: 441650K(1398272K)->448218K(1398272K)
[65.620s][info][gc,metaspace   ] GC(193) Metaspace: 10365K(10624K)->10365K(10624K) NonClass: 9482K(9600K)->9482K(9600K) Class: 883K(1024K)->883K(1024K)
[65.620s][info][gc             ] GC(193) Pause Young (Allocation Failure) 945M->447M(1957M) 8.340ms
[65.620s][info][gc,cpu         ] GC(193) User=0.09s Sys=0.00s Real=0.01s
[65.785s][info][gc,start       ] GC(194) Pause Young (Allocation Failure)
[65.793s][info][gc,heap        ] GC(194) PSYoungGen: 526112K(606208K)->10816K(613888K) Eden: 515584K(515584K)->0K(525824K) From: 10528K(90624K)->10816K(88064K)
[65.793s][info][gc,heap        ] GC(194) ParOldGen: 448218K(1398272K)->454762K(1398272K)
[65.793s][info][gc,metaspace   ] GC(194) Metaspace: 10365K(10624K)->10365K(10624K) NonClass: 9482K(9600K)->9482K(9600K) Class: 883K(1024K)->883K(1024K)
[65.793s][info][gc             ] GC(194) Pause Young (Allocation Failure) 951M->454M(1965M) 8.491ms
[65.793s][info][gc,cpu         ] GC(194) User=0.08s Sys=0.00s Real=0.01s
[65.962s][info][gc,start       ] GC(195) Pause Young (Allocation Failure)
[65.971s][info][gc,heap        ] GC(195) PSYoungGen: 536640K(613888K)->11008K(610816K) Eden: 525824K(525824K)->0K(525824K) From: 10816K(88064K)->11008K(84992K)
[65.971s][info][gc,heap        ] GC(195) ParOldGen: 454762K(1398272K)->461402K(1398272K)
[65.971s][info][gc,metaspace   ] GC(195) Metaspace: 10365K(10624K)->10365K(10624K) NonClass: 9482K(9600K)->9482K(9600K) Class: 883K(1024K)->883K(1024K)
[65.971s][info][gc             ] GC(195) Pause Young (Allocation Failure) 968M->461M(1962M) 8.694ms
[65.971s][info][gc,cpu         ] GC(195) User=0.00s Sys=0.00s Real=0.01s
[66.141s][info][gc,start       ] GC(196) Pause Young (Allocation Failure)
[66.150s][info][gc,heap        ] GC(196) PSYoungGen: 536832K(610816K)->11168K(620032K) Eden: 525824K(525824K)->0K(538112K) From: 11008K(84992K)->11168K(81920K)
[66.150s][info][gc,heap        ] GC(196) ParOldGen: 461402K(1398272K)->468226K(1398272K)
[66.150s][info][gc,metaspace   ] GC(196) Metaspace: 10365K(10624K)->10365K(10624K) NonClass: 9482K(9600K)->9482K(9600K) Class: 883K(1024K)->883K(1024K)
[66.150s][info][gc             ] GC(196) Pause Young (Allocation Failure) 974M->468M(1971M) 8.831ms
[66.150s][info][gc,cpu         ] GC(196) User=0.08s Sys=0.02s Real=0.01s
[66.325s][info][gc,start       ] GC(197) Pause Young (Allocation Failure)
[66.334s][info][gc,heap        ] GC(197) PSYoungGen: 549280K(620032K)->11456K(616960K) Eden: 538112K(538112K)->0K(538112K) From: 11168K(81920K)->11456K(78848K)
[66.334s][info][gc,heap        ] GC(197) ParOldGen: 468226K(1398272K)->475066K(1398272K)
[66.334s][info][gc,metaspace   ] GC(197) Metaspace: 10365K(10624K)->10365K(10624K) NonClass: 9482K(9600K)->9482K(9600K) Class: 883K(1024K)->883K(1024K)
[66.334s][info][gc             ] GC(197) Pause Young (Allocation Failure) 993M->475M(1968M) 9.438ms
[66.334s][info][gc,cpu         ] GC(197) User=0.00s Sys=0.00s Real=0.01s
[66.508s][info][gc,start       ] GC(198) Pause Young (Allocation Failure)
[66.517s][info][gc,heap        ] GC(198) PSYoungGen: 549568K(616960K)->11296K(626688K) Eden: 538112K(538112K)->0K(551424K) From: 11456K(78848K)->11296K(75264K)
[66.517s][info][gc,heap        ] GC(198) ParOldGen: 475066K(1398272K)->482186K(1398272K)
[66.517s][info][gc,metaspace   ] GC(198) Metaspace: 10365K(10624K)->10365K(10624K) NonClass: 9482K(9600K)->9482K(9600K) Class: 883K(1024K)->883K(1024K)
[66.517s][info][gc             ] GC(198) Pause Young (Allocation Failure) 1000M->481M(1977M) 9.050ms
[66.517s][info][gc,cpu         ] GC(198) User=0.09s Sys=0.00s Real=0.01s
[66.696s][info][gc,start       ] GC(199) Pause Young (Allocation Failure)
[66.706s][info][gc,heap        ] GC(199) PSYoungGen: 562720K(626688K)->11648K(623616K) Eden: 551424K(551424K)->0K(551424K) From: 11296K(75264K)->11648K(72192K)
[66.706s][info][gc,heap        ] GC(199) ParOldGen: 482186K(1398272K)->489226K(1398272K)
[66.706s][info][gc,metaspace   ] GC(199) Metaspace: 10365K(10624K)->10365K(10624K) NonClass: 9482K(9600K)->9482K(9600K) Class: 883K(1024K)->883K(1024K)
[66.706s][info][gc             ] GC(199) Pause Young (Allocation Failure) 1020M->489M(1974M) 10.069ms
[66.706s][info][gc,cpu         ] GC(199) User=0.08s Sys=0.00s Real=0.01s
[66.886s][info][gc,start       ] GC(200) Pause Young (Allocation Failure)
[66.895s][info][gc,heap        ] GC(200) PSYoungGen: 563072K(623616K)->11424K(633344K) Eden: 551424K(551424K)->0K(564736K) From: 11648K(72192K)->11424K(68608K)
[66.895s][info][gc,heap        ] GC(200) ParOldGen: 489226K(1398272K)->496434K(1398272K)
[66.895s][info][gc,metaspace   ] GC(200) Metaspace: 10365K(10624K)->10365K(10624K) NonClass: 9482K(9600K)->9482K(9600K) Class: 883K(1024K)->883K(1024K)
[66.895s][info][gc             ] GC(200) Pause Young (Allocation Failure) 1027M->495M(1984M) 9.059ms
[66.895s][info][gc,cpu         ] GC(200) User=0.00s Sys=0.00s Real=0.01s
[67.077s][info][gc,start       ] GC(201) Pause Young (Allocation Failure)
[67.087s][info][gc,heap        ] GC(201) PSYoungGen: 576160K(633344K)->11712K(630272K) Eden: 564736K(564736K)->0K(564736K) From: 11424K(68608K)->11712K(65536K)
[67.087s][info][gc,heap        ] GC(201) ParOldGen: 496434K(1398272K)->503394K(1398272K)
[67.087s][info][gc,metaspace   ] GC(201) Metaspace: 10365K(10624K)->10365K(10624K) NonClass: 9482K(9600K)->9482K(9600K) Class: 883K(1024K)->883K(1024K)
[67.087s][info][gc             ] GC(201) Pause Young (Allocation Failure) 1047M->503M(1981M) 9.534ms
[67.087s][info][gc,cpu         ] GC(201) User=0.00s Sys=0.00s Real=0.01s
[67.269s][info][gc,start       ] GC(202) Pause Young (Allocation Failure)
[67.278s][info][gc,heap        ] GC(202) PSYoungGen: 576448K(630272K)->11488K(639488K) Eden: 564736K(564736K)->0K(577024K) From: 11712K(65536K)->11488K(62464K)
[67.278s][info][gc,heap        ] GC(202) ParOldGen: 503394K(1398272K)->510650K(1398272K)
[67.278s][info][gc,metaspace   ] GC(202) Metaspace: 10365K(10624K)->10365K(10624K) NonClass: 9482K(9600K)->9482K(9600K) Class: 883K(1024K)->883K(1024K)
[67.278s][info][gc             ] GC(202) Pause Young (Allocation Failure) 1054M->509M(1990M) 9.207ms
[67.278s][info][gc,cpu         ] GC(202) User=0.09s Sys=0.00s Real=0.01s
[67.469s][info][gc,start       ] GC(203) Pause Young (Allocation Failure)
[67.478s][info][gc,heap        ] GC(203) PSYoungGen: 588512K(639488K)->12000K(636416K) Eden: 577024K(577024K)->0K(577024K) From: 11488K(62464K)->12000K(59392K)
[67.478s][info][gc,heap        ] GC(203) ParOldGen: 510650K(1398272K)->517626K(1398272K)
[67.478s][info][gc,metaspace   ] GC(203) Metaspace: 10365K(10624K)->10365K(10624K) NonClass: 9482K(9600K)->9482K(9600K) Class: 883K(1024K)->883K(1024K)
[67.478s][info][gc             ] GC(203) Pause Young (Allocation Failure) 1073M->517M(1987M) 9.440ms
[67.478s][info][gc,cpu         ] GC(203) User=0.00s Sys=0.00s Real=0.01s
[67.662s][info][gc,start       ] GC(204) Pause Young (Allocation Failure)
[67.672s][info][gc,heap        ] GC(204) PSYoungGen: 589024K(636416K)->11968K(645632K) Eden: 577024K(577024K)->0K(589312K) From: 12000K(59392K)->11968K(56320K)
[67.672s][info][gc,heap        ] GC(204) ParOldGen: 517626K(1398272K)->525178K(1398272K)
[67.672s][info][gc,metaspace   ] GC(204) Metaspace: 10365K(10624K)->10365K(10624K) NonClass: 9482K(9600K)->9482K(9600K) Class: 883K(1024K)->883K(1024K)
[67.672s][info][gc             ] GC(204) Pause Young (Allocation Failure) 1080M->524M(1996M) 9.717ms
[67.672s][info][gc,cpu         ] GC(204) User=0.09s Sys=0.00s Real=0.01s
[67.863s][info][gc,start       ] GC(205) Pause Young (Allocation Failure)
[67.874s][info][gc,heap        ] GC(205) PSYoungGen: 601280K(645632K)->12352K(642560K) Eden: 589312K(589312K)->0K(589312K) From: 11968K(56320K)->12352K(53248K)
[67.874s][info][gc,heap        ] GC(205) ParOldGen: 525178K(1398272K)->532426K(1398272K)
[67.874s][info][gc,metaspace   ] GC(205) Metaspace: 10365K(10624K)->10365K(10624K) NonClass: 9482K(9600K)->9482K(9600K) Class: 883K(1024K)->883K(1024K)
[67.874s][info][gc             ] GC(205) Pause Young (Allocation Failure) 1100M->532M(1993M) 10.254ms
[67.874s][info][gc,cpu         ] GC(205) User=0.09s Sys=0.00s Real=0.01s
[68.067s][info][gc,start       ] GC(206) Pause Young (Allocation Failure)
[68.077s][info][gc,heap        ] GC(206) PSYoungGen: 601664K(642560K)->12128K(651264K) Eden: 589312K(589312K)->0K(601088K) From: 12352K(53248K)->12128K(50176K)
[68.077s][info][gc,heap        ] GC(206) ParOldGen: 532426K(1398272K)->539930K(1398272K)
[68.077s][info][gc,metaspace   ] GC(206) Metaspace: 10365K(10624K)->10365K(10624K) NonClass: 9482K(9600K)->9482K(9600K) Class: 883K(1024K)->883K(1024K)
[68.077s][info][gc             ] GC(206) Pause Young (Allocation Failure) 1107M->539M(2001M) 9.729ms
[68.077s][info][gc,cpu         ] GC(206) User=0.09s Sys=0.00s Real=0.01s
[68.273s][info][gc,start       ] GC(207) Pause Young (Allocation Failure)
[68.282s][info][gc,heap        ] GC(207) PSYoungGen: 613216K(651264K)->12256K(648704K) Eden: 601088K(601088K)->0K(601088K) From: 12128K(50176K)->12256K(47616K)
[68.283s][info][gc,heap        ] GC(207) ParOldGen: 539930K(1398272K)->547410K(1398272K)
[68.283s][info][gc,metaspace   ] GC(207) Metaspace: 10365K(10624K)->10365K(10624K) NonClass: 9482K(9600K)->9482K(9600K) Class: 883K(1024K)->883K(1024K)
[68.283s][info][gc             ] GC(207) Pause Young (Allocation Failure) 1126M->546M(1999M) 9.707ms
[68.283s][info][gc,cpu         ] GC(207) User=0.09s Sys=0.00s Real=0.01s
[68.477s][info][gc,start       ] GC(208) Pause Young (Allocation Failure)
[68.487s][info][gc,heap        ] GC(208) PSYoungGen: 613344K(648704K)->12416K(655872K) Eden: 601088K(601088K)->0K(610816K) From: 12256K(47616K)->12416K(45056K)
[68.487s][info][gc,heap        ] GC(208) ParOldGen: 547410K(1398272K)->554930K(1398272K)
[68.487s][info][gc,metaspace   ] GC(208) Metaspace: 10365K(10624K)->10365K(10624K) NonClass: 9482K(9600K)->9482K(9600K) Class: 883K(1024K)->883K(1024K)
[68.487s][info][gc             ] GC(208) Pause Young (Allocation Failure) 1133M->554M(2006M) 10.328ms
[68.487s][info][gc,cpu         ] GC(208) User=0.09s Sys=0.00s Real=0.01s
[68.682s][info][gc,start       ] GC(209) Pause Young (Allocation Failure)
[68.692s][info][gc,heap        ] GC(209) PSYoungGen: 623232K(655872K)->12320K(653824K) Eden: 610816K(610816K)->0K(610816K) From: 12416K(45056K)->12320K(43008K)
[68.692s][info][gc,heap        ] GC(209) ParOldGen: 554930K(1398272K)->562570K(1398272K)
[68.692s][info][gc,metaspace   ] GC(209) Metaspace: 10365K(10624K)->10365K(10624K) NonClass: 9482K(9600K)->9482K(9600K) Class: 883K(1024K)->883K(1024K)
[68.692s][info][gc             ] GC(209) Pause Young (Allocation Failure) 1150M->561M(2004M) 9.993ms
[68.692s][info][gc,cpu         ] GC(209) User=0.00s Sys=0.00s Real=0.01s
[68.889s][info][gc,start       ] GC(210) Pause Young (Allocation Failure)
[68.899s][info][gc,heap        ] GC(210) PSYoungGen: 623136K(653824K)->12256K(660480K) Eden: 610816K(610816K)->0K(620032K) From: 12320K(43008K)->12256K(40448K)
[68.899s][info][gc,heap        ] GC(210) ParOldGen: 562570K(1398272K)->570018K(1398272K)
[68.899s][info][gc,metaspace   ] GC(210) Metaspace: 10365K(10624K)->10365K(10624K) NonClass: 9482K(9600K)->9482K(9600K) Class: 883K(1024K)->883K(1024K)
[68.899s][info][gc             ] GC(210) Pause Young (Allocation Failure) 1157M->568M(2010M) 9.756ms
[68.899s][info][gc,cpu         ] GC(210) User=0.00s Sys=0.00s Real=0.01s
[69.100s][info][gc,start       ] GC(211) Pause Young (Allocation Failure)
[69.110s][info][gc,heap        ] GC(211) PSYoungGen: 632288K(660480K)->12544K(658432K) Eden: 620032K(620032K)->0K(620032K) From: 12256K(40448K)->12544K(38400K)
[69.110s][info][gc,heap        ] GC(211) ParOldGen: 570018K(1398272K)->577498K(1398272K)
[69.110s][info][gc,metaspace   ] GC(211) Metaspace: 10365K(10624K)->10365K(10624K) NonClass: 9482K(9600K)->9482K(9600K) Class: 883K(1024K)->883K(1024K)
[69.110s][info][gc             ] GC(211) Pause Young (Allocation Failure) 1174M->576M(2008M) 9.915ms
[69.110s][info][gc,cpu         ] GC(211) User=0.09s Sys=0.00s Real=0.01s
[69.312s][info][gc,start       ] GC(212) Pause Young (Allocation Failure)
[69.323s][info][gc,heap        ] GC(212) PSYoungGen: 632576K(658432K)->12832K(664064K) Eden: 620032K(620032K)->0K(627200K) From: 12544K(38400K)->12832K(36864K)
[69.323s][info][gc,heap        ] GC(212) ParOldGen: 577498K(1398272K)->585050K(1398272K)
[69.323s][info][gc,metaspace   ] GC(212) Metaspace: 10365K(10624K)->10365K(10624K) NonClass: 9482K(9600K)->9482K(9600K) Class: 883K(1024K)->883K(1024K)
[69.323s][info][gc             ] GC(212) Pause Young (Allocation Failure) 1181M->583M(2014M) 10.289ms
[69.323s][info][gc,cpu         ] GC(212) User=0.09s Sys=0.00s Real=0.01s
[69.532s][info][gc,start       ] GC(213) Pause Young (Allocation Failure)
[69.542s][info][gc,heap        ] GC(213) PSYoungGen: 640032K(664064K)->12896K(662016K) Eden: 627200K(627200K)->0K(627200K) From: 12832K(36864K)->12896K(34816K)
[69.542s][info][gc,heap        ] GC(213) ParOldGen: 585050K(1398272K)->592922K(1398272K)
[69.542s][info][gc,metaspace   ] GC(213) Metaspace: 10365K(10624K)->10365K(10624K) NonClass: 9482K(9600K)->9482K(9600K) Class: 883K(1024K)->883K(1024K)
[69.542s][info][gc             ] GC(213) Pause Young (Allocation Failure) 1196M->591M(2012M) 10.275ms
[69.542s][info][gc,cpu         ] GC(213) User=0.09s Sys=0.00s Real=0.01s
[69.748s][info][gc,start       ] GC(214) Pause Young (Allocation Failure)
[69.758s][info][gc,heap        ] GC(214) PSYoungGen: 640096K(662016K)->12928K(667648K) Eden: 627200K(627200K)->0K(634880K) From: 12896K(34816K)->12928K(32768K)
[69.758s][info][gc,heap        ] GC(214) ParOldGen: 592922K(1398272K)->600938K(1398272K)
[69.758s][info][gc,metaspace   ] GC(214) Metaspace: 10365K(10624K)->10365K(10624K) NonClass: 9482K(9600K)->9482K(9600K) Class: 883K(1024K)->883K(1024K)
[69.758s][info][gc             ] GC(214) Pause Young (Allocation Failure) 1204M->599M(2017M) 10.380ms
[69.758s][info][gc,cpu         ] GC(214) User=0.00s Sys=0.00s Real=0.01s
[69.973s][info][gc,start       ] GC(215) Pause Young (Allocation Failure)
[69.983s][info][gc,heap        ] GC(215) PSYoungGen: 647808K(667648K)->13120K(666112K) Eden: 634880K(634880K)->0K(634880K) From: 12928K(32768K)->13120K(31232K)
[69.984s][info][gc,heap        ] GC(215) ParOldGen: 600938K(1398272K)->608850K(1398272K)
[69.984s][info][gc,metaspace   ] GC(215) Metaspace: 10365K(10624K)->10365K(10624K) NonClass: 9482K(9600K)->9482K(9600K) Class: 883K(1024K)->883K(1024K)
[69.984s][info][gc             ] GC(215) Pause Young (Allocation Failure) 1219M->607M(2016M) 10.395ms
[69.984s][info][gc,cpu         ] GC(215) User=0.09s Sys=0.00s Real=0.01s
[70.190s][info][gc,start       ] GC(216) Pause Young (Allocation Failure)
[70.201s][info][gc,heap        ] GC(216) PSYoungGen: 648000K(666112K)->13184K(670720K) Eden: 634880K(634880K)->0K(641024K) From: 13120K(31232K)->13184K(29696K)
[70.201s][info][gc,heap        ] GC(216) ParOldGen: 608850K(1398272K)->616890K(1398272K)
[70.201s][info][gc,metaspace   ] GC(216) Metaspace: 10365K(10624K)->10365K(10624K) NonClass: 9482K(9600K)->9482K(9600K) Class: 883K(1024K)->883K(1024K)
[70.201s][info][gc             ] GC(216) Pause Young (Allocation Failure) 1227M->615M(2020M) 10.453ms
[70.201s][info][gc,cpu         ] GC(216) User=0.09s Sys=0.00s Real=0.01s
[70.411s][info][gc,start       ] GC(217) Pause Young (Allocation Failure)
[70.421s][info][gc,heap        ] GC(217) PSYoungGen: 654208K(670720K)->13120K(669184K) Eden: 641024K(641024K)->0K(641024K) From: 13184K(29696K)->13120K(28160K)
[70.421s][info][gc,heap        ] GC(217) ParOldGen: 616890K(1398272K)->624954K(1398272K)
[70.421s][info][gc,metaspace   ] GC(217) Metaspace: 10365K(10624K)->10365K(10624K) NonClass: 9482K(9600K)->9482K(9600K) Class: 883K(1024K)->883K(1024K)
[70.421s][info][gc             ] GC(217) Pause Young (Allocation Failure) 1241M->623M(2019M) 10.526ms
[70.421s][info][gc,cpu         ] GC(217) User=0.09s Sys=0.00s Real=0.01s
[70.632s][info][gc,start       ] GC(218) Pause Young (Allocation Failure)
[70.643s][info][gc,heap        ] GC(218) PSYoungGen: 654144K(669184K)->13024K(672768K) Eden: 641024K(641024K)->0K(645632K) From: 13120K(28160K)->13024K(27136K)
[70.643s][info][gc,heap        ] GC(218) ParOldGen: 624954K(1398272K)->633002K(1398272K)
[70.643s][info][gc,metaspace   ] GC(218) Metaspace: 10365K(10624K)->10365K(10624K) NonClass: 9482K(9600K)->9482K(9600K) Class: 883K(1024K)->883K(1024K)
[70.643s][info][gc             ] GC(218) Pause Young (Allocation Failure) 1249M->630M(2022M) 10.322ms
[70.643s][info][gc,cpu         ] GC(218) User=0.05s Sys=0.02s Real=0.01s
[70.855s][info][gc,start       ] GC(219) Pause Young (Allocation Failure)
[70.867s][info][gc,heap        ] GC(219) PSYoungGen: 658656K(672768K)->13152K(671744K) Eden: 645632K(645632K)->0K(645632K) From: 13024K(27136K)->13152K(26112K)
[70.867s][info][gc,heap        ] GC(219) ParOldGen: 633002K(1398272K)->641018K(1398272K)
[70.867s][info][gc,metaspace   ] GC(219) Metaspace: 10365K(10624K)->10365K(10624K) NonClass: 9482K(9600K)->9482K(9600K) Class: 883K(1024K)->883K(1024K)
[70.867s][info][gc             ] GC(219) Pause Young (Allocation Failure) 1261M->638M(2021M) 12.132ms
[70.867s][info][gc,cpu         ] GC(219) User=0.00s Sys=0.00s Real=0.01s
[71.079s][info][gc,start       ] GC(220) Pause Young (Allocation Failure)
[71.090s][info][gc,heap        ] GC(220) PSYoungGen: 658784K(671744K)->13440K(675328K) Eden: 645632K(645632K)->0K(650240K) From: 13152K(26112K)->13440K(25088K)
[71.090s][info][gc,heap        ] GC(220) ParOldGen: 641018K(1398272K)->649034K(1398272K)
[71.090s][info][gc,metaspace   ] GC(220) Metaspace: 10365K(10624K)->10365K(10624K) NonClass: 9482K(9600K)->9482K(9600K) Class: 883K(1024K)->883K(1024K)
[71.090s][info][gc             ] GC(220) Pause Young (Allocation Failure) 1269M->646M(2025M) 10.454ms
[71.090s][info][gc,cpu         ] GC(220) User=0.09s Sys=0.00s Real=0.01s
[71.581s][info][gc,start       ] GC(221) Pause Young (Allocation Failure)
[71.612s][info][gc,heap        ] GC(221) PSYoungGen: 663680K(675328K)->23527K(673792K) Eden: 650240K(650240K)->0K(650240K) From: 13440K(25088K)->23527K(23552K)
[71.612s][info][gc,heap        ] GC(221) ParOldGen: 649034K(1398272K)->674762K(1398272K)
[71.612s][info][gc,metaspace   ] GC(221) Metaspace: 10370K(10624K)->10370K(10624K) NonClass: 9486K(9600K)->9486K(9600K) Class: 883K(1024K)->883K(1024K)
[71.612s][info][gc             ] GC(221) Pause Young (Allocation Failure) 1281M->681M(2023M) 31.123ms
[71.612s][info][gc,cpu         ] GC(221) User=0.19s Sys=0.00s Real=0.03s
[72.698s][info][gc,start       ] GC(222) Pause Young (Allocation Failure)
[72.766s][info][gc,heap        ] GC(222) PSYoungGen: 673767K(673792K)->25066K(589824K) Eden: 650240K(650240K)->0K(564736K) From: 23527K(23552K)->25066K(25088K)
[72.766s][info][gc,heap        ] GC(222) ParOldGen: 674762K(1398272K)->756554K(1398272K)
[72.766s][info][gc,metaspace   ] GC(222) Metaspace: 10370K(10624K)->10370K(10624K) NonClass: 9486K(9600K)->9486K(9600K) Class: 883K(1024K)->883K(1024K)
[72.766s][info][gc             ] GC(222) Pause Young (Allocation Failure) 1316M->763M(1941M) 68.167ms
[72.766s][info][gc,cpu         ] GC(222) User=0.38s Sys=0.00s Real=0.07s
[73.418s][info][gc,start       ] GC(223) Pause Young (Allocation Failure)
[73.469s][info][gc,heap        ] GC(223) PSYoungGen: 589802K(589824K)->67047K(631808K) Eden: 564736K(564736K)->0K(564736K) From: 25066K(25088K)->67047K(67072K)
[73.469s][info][gc,heap        ] GC(223) ParOldGen: 756554K(1398272K)->772794K(1398272K)
[73.469s][info][gc,metaspace   ] GC(223) Metaspace: 10370K(10624K)->10370K(10624K) NonClass: 9486K(9600K)->9486K(9600K) Class: 883K(1024K)->883K(1024K)
[73.469s][info][gc             ] GC(223) Pause Young (Allocation Failure) 1314M->820M(1982M) 51.127ms
[73.469s][info][gc,cpu         ] GC(223) User=0.28s Sys=0.00s Real=0.05s
[74.347s][info][gc,start       ] GC(224) Pause Young (Allocation Failure)
[74.379s][info][gc,heap        ] GC(224) PSYoungGen: 631783K(631808K)->10464K(600064K) Eden: 564736K(564736K)->0K(532992K) From: 67047K(67072K)->10464K(67072K)
[74.380s][info][gc,heap        ] GC(224) ParOldGen: 772794K(1398272K)->835322K(1398272K)
[74.380s][info][gc,metaspace   ] GC(224) Metaspace: 10370K(10624K)->10370K(10624K) NonClass: 9486K(9600K)->9486K(9600K) Class: 883K(1024K)->883K(1024K)
[74.380s][info][gc             ] GC(224) Pause Young (Allocation Failure) 1371M->825M(1951M) 32.296ms
[74.380s][info][gc,cpu         ] GC(224) User=0.19s Sys=0.00s Real=0.03s
[75.057s][info][gc,start       ] GC(225) Pause Young (Allocation Failure)
[75.073s][info][gc,heap        ] GC(225) PSYoungGen: 543456K(600064K)->28688K(615936K) Eden: 532992K(532992K)->0K(532992K) From: 10464K(67072K)->28688K(82944K)
[75.073s][info][gc,heap        ] GC(225) ParOldGen: 835322K(1398272K)->840290K(1398272K)
[75.073s][info][gc,metaspace   ] GC(225) Metaspace: 10370K(10624K)->10370K(10624K) NonClass: 9486K(9600K)->9486K(9600K) Class: 883K(1024K)->883K(1024K)
[75.073s][info][gc             ] GC(225) Pause Young (Allocation Failure) 1346M->848M(1967M) 16.027ms
[75.073s][info][gc,cpu         ] GC(225) User=0.09s Sys=0.00s Real=0.03s
[75.601s][info][gc,start       ] GC(226) Pause Young (Allocation Failure)
[75.624s][info][gc,heap        ] GC(226) PSYoungGen: 561680K(615936K)->47882K(616960K) Eden: 532992K(532992K)->0K(539136K) From: 28688K(82944K)->47882K(77824K)
[75.624s][info][gc,heap        ] GC(226) ParOldGen: 840290K(1398272K)->845322K(1398272K)
[75.624s][info][gc,metaspace   ] GC(226) Metaspace: 10370K(10624K)->10370K(10624K) NonClass: 9486K(9600K)->9486K(9600K) Class: 883K(1024K)->883K(1024K)
[75.624s][info][gc             ] GC(226) Pause Young (Allocation Failure) 1369M->872M(1968M) 23.799ms
[75.624s][info][gc,cpu         ] GC(226) User=0.19s Sys=0.00s Real=0.02s
[75.988s][info][gc,start       ] GC(227) Pause Young (Allocation Failure)
[76.043s][info][gc,heap        ] GC(227) PSYoungGen: 587018K(616960K)->65312K(604672K) Eden: 539136K(539136K)->0K(539136K) From: 47882K(77824K)->65312K(65536K)
[76.043s][info][gc,heap        ] GC(227) ParOldGen: 845322K(1398272K)->890804K(1398272K)
[76.043s][info][gc,metaspace   ] GC(227) Metaspace: 10370K(10624K)->10370K(10624K) NonClass: 9486K(9600K)->9486K(9600K) Class: 883K(1024K)->883K(1024K)
[76.043s][info][gc             ] GC(227) Pause Young (Allocation Failure) 1398M->933M(1956M) 55.597ms
[76.043s][info][gc,cpu         ] GC(227) User=0.36s Sys=0.00s Real=0.06s
[76.661s][info][gc,start       ] GC(228) Pause Young (Allocation Failure)
[76.720s][info][gc,heap        ] GC(228) PSYoungGen: 604448K(604672K)->53216K(608256K) Eden: 539136K(539136K)->0K(520704K) From: 65312K(65536K)->53216K(87552K)
[76.720s][info][gc,heap        ] GC(228) ParOldGen: 890804K(1398272K)->949444K(1398272K)
[76.720s][info][gc,metaspace   ] GC(228) Metaspace: 10370K(10624K)->10370K(10624K) NonClass: 9486K(9600K)->9486K(9600K) Class: 883K(1024K)->883K(1024K)
[76.720s][info][gc             ] GC(228) Pause Young (Allocation Failure) 1460M->979M(1959M) 59.054ms
[76.720s][info][gc,cpu         ] GC(228) User=0.38s Sys=0.00s Real=0.06s
[77.177s][info][gc,start       ] GC(229) Pause Young (System.gc())
[77.183s][info][gc,heap        ] GC(229) PSYoungGen: 369327K(608256K)->5165K(609792K) Eden: 316111K(520704K)->0K(520704K) From: 53216K(87552K)->5165K(89088K)
[77.183s][info][gc,heap        ] GC(229) ParOldGen: 949444K(1398272K)->959356K(1398272K)
[77.183s][info][gc,metaspace   ] GC(229) Metaspace: 10373K(10624K)->10373K(10624K) NonClass: 9489K(9600K)->9489K(9600K) Class: 883K(1024K)->883K(1024K)
[77.183s][info][gc             ] GC(229) Pause Young (System.gc()) 1287M->941M(1961M) 6.109ms
[77.183s][info][gc,cpu         ] GC(229) User=0.09s Sys=0.00s Real=0.01s
[77.183s][info][gc,start       ] GC(230) Pause Full (System.gc())
[77.183s][info][gc,phases,start] GC(230) Marking Phase
[77.270s][info][gc,phases      ] GC(230) Marking Phase 87.349ms
[77.270s][info][gc,phases,start] GC(230) Summary Phase
[77.270s][info][gc,phases      ] GC(230) Summary Phase 0.016ms
[77.270s][info][gc,phases,start] GC(230) Adjust Roots
[77.273s][info][gc,phases      ] GC(230) Adjust Roots 2.392ms
[77.273s][info][gc,phases,start] GC(230) Compaction Phase
[77.461s][info][gc,phases      ] GC(230) Compaction Phase 188.113ms
[77.461s][info][gc,phases,start] GC(230) Post Compact
[77.462s][info][gc,phases      ] GC(230) Post Compact 1.403ms
[77.462s][info][gc,heap        ] GC(230) PSYoungGen: 5165K(609792K)->0K(609792K) Eden: 0K(520704K)->0K(520704K) From: 5165K(89088K)->0K(89088K)
[77.462s][info][gc,heap        ] GC(230) ParOldGen: 959356K(1398272K)->434680K(1398272K)
[77.462s][info][gc,metaspace   ] GC(230) Metaspace: 10373K(10624K)->10373K(10624K) NonClass: 9489K(9600K)->9489K(9600K) Class: 883K(1024K)->883K(1024K)
[77.462s][info][gc             ] GC(230) Pause Full (System.gc()) 941M->424M(1961M) 279.526ms
[77.462s][info][gc,cpu         ] GC(230) User=1.56s Sys=0.02s Real=0.28s
[77.627s][info][gc,start       ] GC(231) Pause Young (Allocation Failure)
[77.633s][info][gc,heap        ] GC(231) PSYoungGen: 520704K(609792K)->11136K(611328K) Eden: 520704K(520704K)->0K(522240K) From: 0K(89088K)->11136K(89088K)
[77.633s][info][gc,heap        ] GC(231) ParOldGen: 434680K(1398272K)->434680K(1398272K)
[77.634s][info][gc,metaspace   ] GC(231) Metaspace: 10394K(10624K)->10394K(10624K) NonClass: 9510K(9600K)->9510K(9600K) Class: 883K(1024K)->883K(1024K)
[77.634s][info][gc             ] GC(231) Pause Young (Allocation Failure) 932M->435M(1962M) 6.242ms
[77.634s][info][gc,cpu         ] GC(231) User=0.00s Sys=0.00s Real=0.01s
[77.796s][info][gc,start       ] GC(232) Pause Young (Allocation Failure)
[77.805s][info][gc,heap        ] GC(232) PSYoungGen: 533376K(611328K)->10816K(609792K) Eden: 522240K(522240K)->0K(522240K) From: 11136K(89088K)->10816K(87552K)
[77.805s][info][gc,heap        ] GC(232) ParOldGen: 434680K(1398272K)->441744K(1398272K)
[77.805s][info][gc,metaspace   ] GC(232) Metaspace: 10394K(10624K)->10394K(10624K) NonClass: 9510K(9600K)->9510K(9600K) Class: 883K(1024K)->883K(1024K)
[77.805s][info][gc             ] GC(232) Pause Young (Allocation Failure) 945M->441M(1961M) 8.616ms
[77.805s][info][gc,cpu         ] GC(232) User=0.00s Sys=0.00s Real=0.01s
[77.969s][info][gc,start       ] GC(233) Pause Young (Allocation Failure)
[77.978s][info][gc,heap        ] GC(233) PSYoungGen: 533056K(609792K)->10784K(615936K) Eden: 522240K(522240K)->0K(530432K) From: 10816K(87552K)->10784K(85504K)
[77.978s][info][gc,heap        ] GC(233) ParOldGen: 441744K(1398272K)->448464K(1398272K)
[77.978s][info][gc,metaspace   ] GC(233) Metaspace: 10394K(10624K)->10394K(10624K) NonClass: 9510K(9600K)->9510K(9600K) Class: 883K(1024K)->883K(1024K)
[77.978s][info][gc             ] GC(233) Pause Young (Allocation Failure) 951M->448M(1967M) 8.558ms
[77.978s][info][gc,cpu         ] GC(233) User=0.00s Sys=0.00s Real=0.01s
[78.147s][info][gc,start       ] GC(234) Pause Young (Allocation Failure)
[78.156s][info][gc,heap        ] GC(234) PSYoungGen: 541216K(615936K)->11040K(613376K) Eden: 530432K(530432K)->0K(530432K) From: 10784K(85504K)->11040K(82944K)
[78.156s][info][gc,heap        ] GC(234) ParOldGen: 448464K(1398272K)->455112K(1398272K)
[78.156s][info][gc,metaspace   ] GC(234) Metaspace: 10394K(10624K)->10394K(10624K) NonClass: 9510K(9600K)->9510K(9600K) Class: 883K(1024K)->883K(1024K)
[78.156s][info][gc             ] GC(234) Pause Young (Allocation Failure) 966M->455M(1964M) 8.620ms
[78.156s][info][gc,cpu         ] GC(234) User=0.09s Sys=0.00s Real=0.01s
[78.325s][info][gc,start       ] GC(235) Pause Young (Allocation Failure)
[78.334s][info][gc,heap        ] GC(235) PSYoungGen: 541472K(613376K)->11296K(621568K) Eden: 530432K(530432K)->0K(541696K) From: 11040K(82944K)->11296K(79872K)
[78.334s][info][gc,heap        ] GC(235) ParOldGen: 455112K(1398272K)->461928K(1398272K)
[78.334s][info][gc,metaspace   ] GC(235) Metaspace: 10394K(10624K)->10394K(10624K) NonClass: 9510K(9600K)->9510K(9600K) Class: 883K(1024K)->883K(1024K)
[78.334s][info][gc             ] GC(235) Pause Young (Allocation Failure) 973M->462M(1972M) 8.790ms
[78.334s][info][gc,cpu         ] GC(235) User=0.00s Sys=0.00s Real=0.01s
[78.511s][info][gc,start       ] GC(236) Pause Young (Allocation Failure)
[78.520s][info][gc,heap        ] GC(236) PSYoungGen: 552992K(621568K)->11456K(619008K) Eden: 541696K(541696K)->0K(541696K) From: 11296K(79872K)->11456K(77312K)
[78.520s][info][gc,heap        ] GC(236) ParOldGen: 461928K(1398272K)->468792K(1398272K)
[78.520s][info][gc,metaspace   ] GC(236) Metaspace: 10394K(10624K)->10394K(10624K) NonClass: 9510K(9600K)->9510K(9600K) Class: 883K(1024K)->883K(1024K)
[78.520s][info][gc             ] GC(236) Pause Young (Allocation Failure) 991M->468M(1970M) 8.993ms
[78.520s][info][gc,cpu         ] GC(236) User=0.00s Sys=0.00s Real=0.01s
[78.696s][info][gc,start       ] GC(237) Pause Young (Allocation Failure)
[78.705s][info][gc,heap        ] GC(237) PSYoungGen: 553152K(619008K)->11520K(627712K) Eden: 541696K(541696K)->0K(553472K) From: 11456K(77312K)->11520K(74240K)
[78.705s][info][gc,heap        ] GC(237) ParOldGen: 468792K(1398272K)->475840K(1398272K)
[78.705s][info][gc,metaspace   ] GC(237) Metaspace: 10394K(10624K)->10394K(10624K) NonClass: 9510K(9600K)->9510K(9600K) Class: 883K(1024K)->883K(1024K)
[78.705s][info][gc             ] GC(237) Pause Young (Allocation Failure) 997M->475M(1978M) 9.149ms
[78.705s][info][gc,cpu         ] GC(237) User=0.09s Sys=0.00s Real=0.01s
[78.880s][info][gc,start       ] GC(238) Pause Young (Allocation Failure)
[78.889s][info][gc,heap        ] GC(238) PSYoungGen: 564992K(627712K)->11616K(624640K) Eden: 553472K(553472K)->0K(553472K) From: 11520K(74240K)->11616K(71168K)
[78.889s][info][gc,heap        ] GC(238) ParOldGen: 475840K(1398272K)->482960K(1398272K)
[78.889s][info][gc,metaspace   ] GC(238) Metaspace: 10394K(10624K)->10394K(10624K) NonClass: 9510K(9600K)->9510K(9600K) Class: 883K(1024K)->883K(1024K)
[78.889s][info][gc             ] GC(238) Pause Young (Allocation Failure) 1016M->482M(1975M) 9.278ms
[78.889s][info][gc,cpu         ] GC(238) User=0.09s Sys=0.00s Real=0.01s
[79.069s][info][gc,start       ] GC(239) Pause Young (Allocation Failure)
[79.078s][info][gc,heap        ] GC(239) PSYoungGen: 565088K(624640K)->11520K(634368K) Eden: 553472K(553472K)->0K(566784K) From: 11616K(71168K)->11520K(67584K)
[79.078s][info][gc,heap        ] GC(239) ParOldGen: 482960K(1398272K)->490072K(1398272K)
[79.078s][info][gc,metaspace   ] GC(239) Metaspace: 10394K(10624K)->10394K(10624K) NonClass: 9510K(9600K)->9510K(9600K) Class: 883K(1024K)->883K(1024K)
[79.078s][info][gc             ] GC(239) Pause Young (Allocation Failure) 1023M->489M(1985M) 9.168ms
[79.078s][info][gc,cpu         ] GC(239) User=0.09s Sys=0.00s Real=0.01s
[79.261s][info][gc,start       ] GC(240) Pause Young (Allocation Failure)
[79.271s][info][gc,heap        ] GC(240) PSYoungGen: 578304K(634368K)->11680K(631296K) Eden: 566784K(566784K)->0K(566784K) From: 11520K(67584K)->11680K(64512K)
[79.271s][info][gc,heap        ] GC(240) ParOldGen: 490072K(1398272K)->497224K(1398272K)
[79.271s][info][gc,metaspace   ] GC(240) Metaspace: 10394K(10624K)->10394K(10624K) NonClass: 9510K(9600K)->9510K(9600K) Class: 883K(1024K)->883K(1024K)
[79.271s][info][gc             ] GC(240) Pause Young (Allocation Failure) 1043M->496M(1982M) 9.274ms
[79.271s][info][gc,cpu         ] GC(240) User=0.00s Sys=0.00s Real=0.01s
[79.456s][info][gc,start       ] GC(241) Pause Young (Allocation Failure)
[79.465s][info][gc,heap        ] GC(241) PSYoungGen: 578464K(631296K)->11680K(640000K) Eden: 566784K(566784K)->0K(578560K) From: 11680K(64512K)->11680K(61440K)
[79.465s][info][gc,heap        ] GC(241) ParOldGen: 497224K(1398272K)->504328K(1398272K)
[79.465s][info][gc,metaspace   ] GC(241) Metaspace: 10394K(10624K)->10394K(10624K) NonClass: 9510K(9600K)->9510K(9600K) Class: 883K(1024K)->883K(1024K)
[79.465s][info][gc             ] GC(241) Pause Young (Allocation Failure) 1050M->503M(1990M) 9.160ms
[79.465s][info][gc,cpu         ] GC(241) User=0.09s Sys=0.00s Real=0.01s
[79.651s][info][gc,start       ] GC(242) Pause Young (Allocation Failure)
[79.660s][info][gc,heap        ] GC(242) PSYoungGen: 590240K(640000K)->11936K(637440K) Eden: 578560K(578560K)->0K(578560K) From: 11680K(61440K)->11936K(58880K)
[79.660s][info][gc,heap        ] GC(242) ParOldGen: 504328K(1398272K)->511568K(1398272K)
[79.660s][info][gc,metaspace   ] GC(242) Metaspace: 10394K(10624K)->10394K(10624K) NonClass: 9510K(9600K)->9510K(9600K) Class: 883K(1024K)->883K(1024K)
[79.660s][info][gc             ] GC(242) Pause Young (Allocation Failure) 1068M->511M(1988M) 9.408ms
[79.660s][info][gc,cpu         ] GC(242) User=0.00s Sys=0.00s Real=0.01s
[79.848s][info][gc,start       ] GC(243) Pause Young (Allocation Failure)
[79.857s][info][gc,heap        ] GC(243) PSYoungGen: 590496K(637440K)->11968K(646144K) Eden: 578560K(578560K)->0K(590336K) From: 11936K(58880K)->11968K(55808K)
[79.857s][info][gc,heap        ] GC(243) ParOldGen: 511568K(1398272K)->518800K(1398272K)
[79.857s][info][gc,metaspace   ] GC(243) Metaspace: 10394K(10624K)->10394K(10624K) NonClass: 9510K(9600K)->9510K(9600K) Class: 883K(1024K)->883K(1024K)
[79.857s][info][gc             ] GC(243) Pause Young (Allocation Failure) 1076M->518M(1996M) 9.442ms
[79.857s][info][gc,cpu         ] GC(243) User=0.09s Sys=0.00s Real=0.01s
[80.058s][info][gc,start       ] GC(244) Pause Young (Allocation Failure)
[80.067s][info][gc,heap        ] GC(244) PSYoungGen: 602304K(646144K)->12160K(643072K) Eden: 590336K(590336K)->0K(590336K) From: 11968K(55808K)->12160K(52736K)
[80.067s][info][gc,heap        ] GC(244) ParOldGen: 518800K(1398272K)->526192K(1398272K)
[80.067s][info][gc,metaspace   ] GC(244) Metaspace: 10394K(10624K)->10394K(10624K) NonClass: 9510K(9600K)->9510K(9600K) Class: 883K(1024K)->883K(1024K)
[80.067s][info][gc             ] GC(244) Pause Young (Allocation Failure) 1094M->525M(1993M) 9.776ms
[80.067s][info][gc,cpu         ] GC(244) User=0.00s Sys=0.00s Real=0.01s
[80.260s][info][gc,start       ] GC(245) Pause Young (Allocation Failure)
[80.269s][info][gc,heap        ] GC(245) PSYoungGen: 602496K(643072K)->12064K(651264K) Eden: 590336K(590336K)->0K(601088K) From: 12160K(52736K)->12064K(50176K)
[80.269s][info][gc,heap        ] GC(245) ParOldGen: 526192K(1398272K)->533704K(1398272K)
[80.269s][info][gc,metaspace   ] GC(245) Metaspace: 10394K(10624K)->10394K(10624K) NonClass: 9510K(9600K)->9510K(9600K) Class: 883K(1024K)->883K(1024K)
[80.269s][info][gc             ] GC(245) Pause Young (Allocation Failure) 1102M->532M(2001M) 9.633ms
[80.269s][info][gc,cpu         ] GC(245) User=0.00s Sys=0.00s Real=0.01s
[80.467s][info][gc,start       ] GC(246) Pause Young (Allocation Failure)
[80.477s][info][gc,heap        ] GC(246) PSYoungGen: 613152K(651264K)->12224K(648704K) Eden: 601088K(601088K)->0K(601088K) From: 12064K(50176K)->12224K(47616K)
[80.477s][info][gc,heap        ] GC(246) ParOldGen: 533704K(1398272K)->541080K(1398272K)
[80.477s][info][gc,metaspace   ] GC(246) Metaspace: 10394K(10624K)->10394K(10624K) NonClass: 9510K(9600K)->9510K(9600K) Class: 883K(1024K)->883K(1024K)
[80.477s][info][gc             ] GC(246) Pause Young (Allocation Failure) 1119M->540M(1999M) 9.771ms
[80.477s][info][gc,cpu         ] GC(246) User=0.00s Sys=0.00s Real=0.01s
[80.671s][info][gc,start       ] GC(247) Pause Young (Allocation Failure)
[80.681s][info][gc,heap        ] GC(247) PSYoungGen: 613312K(648704K)->12160K(655872K) Eden: 601088K(601088K)->0K(610816K) From: 12224K(47616K)->12160K(45056K)
[80.681s][info][gc,heap        ] GC(247) ParOldGen: 541080K(1398272K)->548688K(1398272K)
[80.681s][info][gc,metaspace   ] GC(247) Metaspace: 10394K(10624K)->10394K(10624K) NonClass: 9510K(9600K)->9510K(9600K) Class: 883K(1024K)->883K(1024K)
[80.681s][info][gc             ] GC(247) Pause Young (Allocation Failure) 1127M->547M(2006M) 9.736ms
[80.681s][info][gc,cpu         ] GC(247) User=0.06s Sys=0.00s Real=0.01s
[80.879s][info][gc,start       ] GC(248) Pause Young (Allocation Failure)
[80.888s][info][gc,heap        ] GC(248) PSYoungGen: 622976K(655872K)->12480K(653824K) Eden: 610816K(610816K)->0K(610816K) From: 12160K(45056K)->12480K(43008K)
[80.888s][info][gc,heap        ] GC(248) ParOldGen: 548688K(1398272K)->556112K(1398272K)
[80.888s][info][gc,metaspace   ] GC(248) Metaspace: 10394K(10624K)->10394K(10624K) NonClass: 9510K(9600K)->9510K(9600K) Class: 883K(1024K)->883K(1024K)
[80.889s][info][gc             ] GC(248) Pause Young (Allocation Failure) 1144M->555M(2004M) 9.888ms
[80.889s][info][gc,cpu         ] GC(248) User=0.09s Sys=0.00s Real=0.01s
[81.082s][info][gc,start       ] GC(249) Pause Young (Allocation Failure)
[81.092s][info][gc,heap        ] GC(249) PSYoungGen: 623296K(653824K)->12096K(659968K) Eden: 610816K(610816K)->0K(619008K) From: 12480K(43008K)->12096K(40960K)
[81.092s][info][gc,heap        ] GC(249) ParOldGen: 556112K(1398272K)->563840K(1398272K)
[81.092s][info][gc,metaspace   ] GC(249) Metaspace: 10394K(10624K)->10394K(10624K) NonClass: 9510K(9600K)->9510K(9600K) Class: 883K(1024K)->883K(1024K)
[81.092s][info][gc             ] GC(249) Pause Young (Allocation Failure) 1151M->562M(2010M) 9.935ms
[81.092s][info][gc,cpu         ] GC(249) User=0.09s Sys=0.00s Real=0.01s
[81.294s][info][gc,start       ] GC(250) Pause Young (Allocation Failure)
[81.304s][info][gc,heap        ] GC(250) PSYoungGen: 631104K(659968K)->12416K(657920K) Eden: 619008K(619008K)->0K(619008K) From: 12096K(40960K)->12416K(38912K)
[81.304s][info][gc,heap        ] GC(250) ParOldGen: 563840K(1398272K)->571232K(1398272K)
[81.304s][info][gc,metaspace   ] GC(250) Metaspace: 10394K(10624K)->10394K(10624K) NonClass: 9510K(9600K)->9510K(9600K) Class: 883K(1024K)->883K(1024K)
[81.304s][info][gc             ] GC(250) Pause Young (Allocation Failure) 1166M->569M(2008M) 9.816ms
[81.304s][info][gc,cpu         ] GC(250) User=0.00s Sys=0.00s Real=0.01s
[81.504s][info][gc,start       ] GC(251) Pause Young (Allocation Failure)
[81.514s][info][gc,heap        ] GC(251) PSYoungGen: 631424K(657920K)->12608K(664064K) Eden: 619008K(619008K)->0K(627200K) From: 12416K(38912K)->12608K(36864K)
[81.514s][info][gc,heap        ] GC(251) ParOldGen: 571232K(1398272K)->578744K(1398272K)
[81.514s][info][gc,metaspace   ] GC(251) Metaspace: 10394K(10624K)->10394K(10624K) NonClass: 9510K(9600K)->9510K(9600K) Class: 883K(1024K)->883K(1024K)
[81.514s][info][gc             ] GC(251) Pause Young (Allocation Failure) 1174M->577M(2014M) 10.095ms
[81.514s][info][gc,cpu         ] GC(251) User=0.09s Sys=0.00s Real=0.01s
[81.719s][info][gc,start       ] GC(252) Pause Young (Allocation Failure)
[81.730s][info][gc,heap        ] GC(252) PSYoungGen: 639808K(664064K)->13024K(662016K) Eden: 627200K(627200K)->0K(627200K) From: 12608K(36864K)->13024K(34816K)
[81.730s][info][gc,heap        ] GC(252) ParOldGen: 578744K(1398272K)->586296K(1398272K)
[81.730s][info][gc,metaspace   ] GC(252) Metaspace: 10394K(10624K)->10394K(10624K) NonClass: 9510K(9600K)->9510K(9600K) Class: 883K(1024K)->883K(1024K)
[81.730s][info][gc             ] GC(252) Pause Young (Allocation Failure) 1189M->585M(2012M) 10.559ms
[81.730s][info][gc,cpu         ] GC(252) User=0.09s Sys=0.00s Real=0.01s
[81.937s][info][gc,start       ] GC(253) Pause Young (Allocation Failure)
[81.947s][info][gc,heap        ] GC(253) PSYoungGen: 640224K(662016K)->13216K(667648K) Eden: 627200K(627200K)->0K(634368K) From: 13024K(34816K)->13216K(33280K)
[81.947s][info][gc,heap        ] GC(253) ParOldGen: 586296K(1398272K)->594272K(1398272K)
[81.947s][info][gc,metaspace   ] GC(253) Metaspace: 10394K(10624K)->10394K(10624K) NonClass: 9510K(9600K)->9510K(9600K) Class: 883K(1024K)->883K(1024K)
[81.947s][info][gc             ] GC(253) Pause Young (Allocation Failure) 1197M->593M(2017M) 10.392ms
[81.947s][info][gc,cpu         ] GC(253) User=0.09s Sys=0.00s Real=0.01s
[82.156s][info][gc,start       ] GC(254) Pause Young (Allocation Failure)
[82.167s][info][gc,heap        ] GC(254) PSYoungGen: 647584K(667648K)->13024K(665600K) Eden: 634368K(634368K)->0K(634368K) From: 13216K(33280K)->13024K(31232K)
[82.167s][info][gc,heap        ] GC(254) ParOldGen: 594272K(1398272K)->602368K(1398272K)
[82.167s][info][gc,metaspace   ] GC(254) Metaspace: 10394K(10624K)->10394K(10624K) NonClass: 9510K(9600K)->9510K(9600K) Class: 883K(1024K)->883K(1024K)
[82.167s][info][gc             ] GC(254) Pause Young (Allocation Failure) 1212M->600M(2015M) 10.536ms
[82.167s][info][gc,cpu         ] GC(254) User=0.09s Sys=0.00s Real=0.01s
[82.375s][info][gc,start       ] GC(255) Pause Young (Allocation Failure)
[82.385s][info][gc,heap        ] GC(255) PSYoungGen: 647392K(665600K)->12992K(670208K) Eden: 634368K(634368K)->0K(640512K) From: 13024K(31232K)->12992K(29696K)
[82.385s][info][gc,heap        ] GC(255) ParOldGen: 602368K(1398272K)->610384K(1398272K)
[82.385s][info][gc,metaspace   ] GC(255) Metaspace: 10394K(10624K)->10394K(10624K) NonClass: 9510K(9600K)->9510K(9600K) Class: 883K(1024K)->883K(1024K)
[82.385s][info][gc             ] GC(255) Pause Young (Allocation Failure) 1220M->608M(2020M) 10.442ms
[82.385s][info][gc,cpu         ] GC(255) User=0.09s Sys=0.00s Real=0.01s
[82.591s][info][gc,start       ] GC(256) Pause Young (Allocation Failure)
[82.602s][info][gc,heap        ] GC(256) PSYoungGen: 653504K(670208K)->13408K(669184K) Eden: 640512K(640512K)->0K(640512K) From: 12992K(29696K)->13408K(28672K)
[82.602s][info][gc,heap        ] GC(256) ParOldGen: 610384K(1398272K)->618344K(1398272K)
[82.602s][info][gc,metaspace   ] GC(256) Metaspace: 10394K(10624K)->10394K(10624K) NonClass: 9510K(9600K)->9510K(9600K) Class: 883K(1024K)->883K(1024K)
[82.602s][info][gc             ] GC(256) Pause Young (Allocation Failure) 1234M->616M(2019M) 10.663ms
[82.602s][info][gc,cpu         ] GC(256) User=0.00s Sys=0.00s Real=0.01s
[82.809s][info][gc,start       ] GC(257) Pause Young (Allocation Failure)
[82.820s][info][gc,heap        ] GC(257) PSYoungGen: 653920K(669184K)->12992K(672768K) Eden: 640512K(640512K)->0K(645632K) From: 13408K(28672K)->12992K(27136K)
[82.820s][info][gc,heap        ] GC(257) ParOldGen: 618344K(1398272K)->626504K(1398272K)
[82.820s][info][gc,metaspace   ] GC(257) Metaspace: 10394K(10624K)->10394K(10624K) NonClass: 9510K(9600K)->9510K(9600K) Class: 883K(1024K)->883K(1024K)
[82.820s][info][gc             ] GC(257) Pause Young (Allocation Failure) 1242M->624M(2022M) 10.486ms
[82.820s][info][gc,cpu         ] GC(257) User=0.00s Sys=0.00s Real=0.01s
[83.033s][info][gc,start       ] GC(258) Pause Young (Allocation Failure)
[83.043s][info][gc,heap        ] GC(258) PSYoungGen: 658624K(672768K)->13184K(671744K) Eden: 645632K(645632K)->0K(645632K) From: 12992K(27136K)->13184K(26112K)
[83.043s][info][gc,heap        ] GC(258) ParOldGen: 626504K(1398272K)->634432K(1398272K)
[83.043s][info][gc,metaspace   ] GC(258) Metaspace: 10394K(10624K)->10394K(10624K) NonClass: 9510K(9600K)->9510K(9600K) Class: 883K(1024K)->883K(1024K)
[83.043s][info][gc             ] GC(258) Pause Young (Allocation Failure) 1255M->632M(2021M) 10.517ms
[83.043s][info][gc,cpu         ] GC(258) User=0.09s Sys=0.00s Real=0.01s
[83.253s][info][gc,start       ] GC(259) Pause Young (Allocation Failure)
[83.264s][info][gc,heap        ] GC(259) PSYoungGen: 658816K(671744K)->13280K(674816K) Eden: 645632K(645632K)->0K(649728K) From: 13184K(26112K)->13280K(25088K)
[83.264s][info][gc,heap        ] GC(259) ParOldGen: 634432K(1398272K)->642392K(1398272K)
[83.264s][info][gc,metaspace   ] GC(259) Metaspace: 10394K(10624K)->10394K(10624K) NonClass: 9510K(9600K)->9510K(9600K) Class: 883K(1024K)->883K(1024K)
[83.264s][info][gc             ] GC(259) Pause Young (Allocation Failure) 1262M->640M(2024M) 10.465ms
[83.264s][info][gc,cpu         ] GC(259) User=0.08s Sys=0.00s Real=0.01s
[83.480s][info][gc,start       ] GC(260) Pause Young (Allocation Failure)
[83.490s][info][gc,heap        ] GC(260) PSYoungGen: 663008K(674816K)->13184K(673792K) Eden: 649728K(649728K)->0K(649728K) From: 13280K(25088K)->13184K(24064K)
[83.490s][info][gc,heap        ] GC(260) ParOldGen: 642392K(1398272K)->650504K(1398272K)
[83.490s][info][gc,metaspace   ] GC(260) Metaspace: 10394K(10624K)->10394K(10624K) NonClass: 9510K(9600K)->9510K(9600K) Class: 883K(1024K)->883K(1024K)
[83.490s][info][gc             ] GC(260) Pause Young (Allocation Failure) 1274M->648M(2023M) 10.515ms
[83.490s][info][gc,cpu         ] GC(260) User=0.00s Sys=0.00s Real=0.01s
[84.367s][info][gc,start       ] GC(261) Pause Young (Allocation Failure)
[84.415s][info][gc,heap        ] GC(261) PSYoungGen: 662912K(673792K)->23036K(633856K) Eden: 649728K(649728K)->0K(610816K) From: 13184K(24064K)->23036K(23040K)
[84.415s][info][gc,heap        ] GC(261) ParOldGen: 650504K(1398272K)->700448K(1398272K)
[84.415s][info][gc,metaspace   ] GC(261) Metaspace: 10397K(10624K)->10397K(10624K) NonClass: 9514K(9600K)->9514K(9600K) Class: 883K(1024K)->883K(1024K)
[84.415s][info][gc             ] GC(261) Pause Young (Allocation Failure) 1282M->706M(1984M) 47.920ms
[84.415s][info][gc,cpu         ] GC(261) User=0.28s Sys=0.00s Real=0.05s
[85.234s][info][gc,start       ] GC(262) Pause Young (Allocation Failure)
[85.294s][info][gc,heap        ] GC(262) PSYoungGen: 633852K(633856K)->44010K(654848K) Eden: 610816K(610816K)->0K(610816K) From: 23036K(23040K)->44010K(44032K)
[85.294s][info][gc,heap        ] GC(262) ParOldGen: 700448K(1398272K)->755136K(1398272K)
[85.294s][info][gc,metaspace   ] GC(262) Metaspace: 10397K(10624K)->10397K(10624K) NonClass: 9514K(9600K)->9514K(9600K) Class: 883K(1024K)->883K(1024K)
[85.294s][info][gc             ] GC(262) Pause Young (Allocation Failure) 1303M->780M(2005M) 60.138ms
[85.294s][info][gc,cpu         ] GC(262) User=0.38s Sys=0.00s Real=0.06s
[86.075s][info][gc,start       ] GC(263) Pause Young (Allocation Failure)
[86.124s][info][gc,heap        ] GC(263) PSYoungGen: 654826K(654848K)->44032K(557568K) Eden: 610816K(610816K)->0K(513536K) From: 44010K(44032K)->44032K(44032K)
[86.124s][info][gc,heap        ] GC(263) ParOldGen: 755136K(1398272K)->808410K(1398272K)
[86.124s][info][gc,metaspace   ] GC(263) Metaspace: 10397K(10624K)->10397K(10624K) NonClass: 9514K(9600K)->9514K(9600K) Class: 883K(1024K)->883K(1024K)
[86.125s][info][gc             ] GC(263) Pause Young (Allocation Failure) 1376M->832M(1910M) 50.009ms
[86.125s][info][gc,cpu         ] GC(263) User=0.28s Sys=0.00s Real=0.06s
[86.895s][info][gc,start       ] GC(264) Pause Young (Allocation Failure)
[86.914s][info][gc,heap        ] GC(264) PSYoungGen: 557568K(557568K)->7072K(606208K) Eden: 513536K(513536K)->0K(513536K) From: 44032K(44032K)->7072K(92672K)
[86.914s][info][gc,heap        ] GC(264) ParOldGen: 808410K(1398272K)->848322K(1398272K)
[86.914s][info][gc,metaspace   ] GC(264) Metaspace: 10397K(10624K)->10397K(10624K) NonClass: 9514K(9600K)->9514K(9600K) Class: 883K(1024K)->883K(1024K)
[86.914s][info][gc             ] GC(264) Pause Young (Allocation Failure) 1333M->835M(1957M) 19.516ms
[86.914s][info][gc,cpu         ] GC(264) User=0.09s Sys=0.00s Real=0.02s
[87.490s][info][gc,start       ] GC(265) Pause Young (Allocation Failure)
[87.517s][info][gc,heap        ] GC(265) PSYoungGen: 520608K(606208K)->43952K(608768K) Eden: 513536K(513536K)->0K(517632K) From: 7072K(92672K)->43952K(91136K)
[87.517s][info][gc,heap        ] GC(265) ParOldGen: 848322K(1398272K)->853922K(1398272K)
[87.517s][info][gc,metaspace   ] GC(265) Metaspace: 10397K(10624K)->10397K(10624K) NonClass: 9514K(9600K)->9514K(9600K) Class: 883K(1024K)->883K(1024K)
[87.517s][info][gc             ] GC(265) Pause Young (Allocation Failure) 1336M->876M(1960M) 26.756ms
[87.517s][info][gc,cpu         ] GC(265) User=0.19s Sys=0.00s Real=0.03s
[87.996s][info][gc,start       ] GC(266) Pause Young (Allocation Failure)
[88.028s][info][gc,heap        ] GC(266) PSYoungGen: 561584K(608768K)->58762K(576512K) Eden: 517632K(517632K)->0K(517632K) From: 43952K(91136K)->58762K(58880K)
[88.028s][info][gc,heap        ] GC(266) ParOldGen: 853922K(1398272K)->859186K(1398272K)
[88.028s][info][gc,metaspace   ] GC(266) Metaspace: 10397K(10624K)->10397K(10624K) NonClass: 9514K(9600K)->9514K(9600K) Class: 883K(1024K)->883K(1024K)
[88.028s][info][gc             ] GC(266) Pause Young (Allocation Failure) 1382M->896M(1928M) 31.986ms
[88.028s][info][gc,cpu         ] GC(266) User=0.17s Sys=0.00s Real=0.03s
[88.400s][info][gc,start       ] GC(267) Pause Young (Allocation Failure)
[88.462s][info][gc,heap        ] GC(267) PSYoungGen: 576394K(576512K)->63296K(595968K) Eden: 517632K(517632K)->0K(502272K) From: 58762K(58880K)->63296K(93696K)
[88.462s][info][gc,heap        ] GC(267) ParOldGen: 859186K(1398272K)->914924K(1398272K)
[88.462s][info][gc,metaspace   ] GC(267) Metaspace: 10397K(10624K)->10397K(10624K) NonClass: 9514K(9600K)->9514K(9600K) Class: 883K(1024K)->883K(1024K)
[88.462s][info][gc             ] GC(267) Pause Young (Allocation Failure) 1401M->955M(1947M) 61.548ms
[88.462s][info][gc,cpu         ] GC(267) User=0.28s Sys=0.00s Real=0.07s
[89.039s][info][gc,start       ] GC(268) Pause Young (Allocation Failure)
[89.088s][info][gc,heap        ] GC(268) PSYoungGen: 565568K(595968K)->43072K(600576K) Eden: 502272K(502272K)->0K(502272K) From: 63296K(93696K)->43072K(98304K)
[89.088s][info][gc,heap        ] GC(268) ParOldGen: 914924K(1398272K)->969676K(1398272K)
[89.088s][info][gc,metaspace   ] GC(268) Metaspace: 10397K(10624K)->10397K(10624K) NonClass: 9514K(9600K)->9514K(9600K) Class: 883K(1024K)->883K(1024K)
[89.088s][info][gc             ] GC(268) Pause Young (Allocation Failure) 1445M->989M(1952M) 49.423ms
[89.088s][info][gc,cpu         ] GC(268) User=0.38s Sys=0.00s Real=0.05s
[89.508s][info][gc,start       ] GC(269) Pause Young (System.gc())
[89.513s][info][gc,heap        ] GC(269) PSYoungGen: 299736K(600576K)->4621K(604672K) Eden: 256664K(502272K)->0K(510464K) From: 43072K(98304K)->4621K(94208K)
[89.513s][info][gc,heap        ] GC(269) ParOldGen: 969676K(1398272K)->978260K(1398272K)
[89.513s][info][gc,metaspace   ] GC(269) Metaspace: 10397K(10624K)->10397K(10624K) NonClass: 9514K(9600K)->9514K(9600K) Class: 883K(1024K)->883K(1024K)
[89.513s][info][gc             ] GC(269) Pause Young (System.gc()) 1239M->959M(1956M) 4.951ms
[89.513s][info][gc,cpu         ] GC(269) User=0.08s Sys=0.02s Real=0.02s
[89.513s][info][gc,start       ] GC(270) Pause Full (System.gc())
[89.513s][info][gc,phases,start] GC(270) Marking Phase
[89.596s][info][gc,phases      ] GC(270) Marking Phase 82.338ms
[89.596s][info][gc,phases,start] GC(270) Summary Phase
[89.596s][info][gc,phases      ] GC(270) Summary Phase 0.017ms
[89.596s][info][gc,phases,start] GC(270) Adjust Roots
[89.599s][info][gc,phases      ] GC(270) Adjust Roots 2.787ms
[89.599s][info][gc,phases,start] GC(270) Compaction Phase
[89.769s][info][gc,phases      ] GC(270) Compaction Phase 170.472ms
[89.769s][info][gc,phases,start] GC(270) Post Compact
[89.771s][info][gc,phases      ] GC(270) Post Compact 1.862ms
[89.771s][info][gc,heap        ] GC(270) PSYoungGen: 4621K(604672K)->0K(604672K) Eden: 0K(510464K)->0K(510464K) From: 4621K(94208K)->0K(94208K)
[89.771s][info][gc,heap        ] GC(270) ParOldGen: 978260K(1398272K)->434686K(1398272K)
[89.771s][info][gc,metaspace   ] GC(270) Metaspace: 10397K(10624K)->10397K(10624K) NonClass: 9514K(9600K)->9514K(9600K) Class: 883K(1024K)->883K(1024K)
[89.771s][info][gc             ] GC(270) Pause Full (System.gc()) 959M->424M(1956M) 257.781ms
[89.771s][info][gc,cpu         ] GC(270) User=1.48s Sys=0.02s Real=0.25s
[89.937s][info][gc,start       ] GC(271) Pause Young (Allocation Failure)
[89.944s][info][gc,heap        ] GC(271) PSYoungGen: 510464K(604672K)->11168K(604672K) Eden: 510464K(510464K)->0K(510464K) From: 0K(94208K)->11168K(94208K)
[89.944s][info][gc,heap        ] GC(271) ParOldGen: 434686K(1398272K)->434686K(1398272K)
[89.944s][info][gc,metaspace   ] GC(271) Metaspace: 10404K(10624K)->10404K(10624K) NonClass: 9520K(9600K)->9520K(9600K) Class: 883K(1024K)->883K(1024K)
[89.944s][info][gc             ] GC(271) Pause Young (Allocation Failure) 922M->435M(1956M) 6.319ms
[89.944s][info][gc,cpu         ] GC(271) User=0.00s Sys=0.00s Real=0.01s
[90.102s][info][gc,start       ] GC(272) Pause Young (Allocation Failure)
[90.111s][info][gc,heap        ] GC(272) PSYoungGen: 521632K(604672K)->10720K(608256K) Eden: 510464K(510464K)->0K(515584K) From: 11168K(94208K)->10720K(92672K)
[90.111s][info][gc,heap        ] GC(272) ParOldGen: 434686K(1398272K)->441758K(1398272K)
[90.111s][info][gc,metaspace   ] GC(272) Metaspace: 10404K(10624K)->10404K(10624K) NonClass: 9520K(9600K)->9520K(9600K) Class: 883K(1024K)->883K(1024K)
[90.111s][info][gc             ] GC(272) Pause Young (Allocation Failure) 933M->441M(1959M) 8.602ms
[90.111s][info][gc,cpu         ] GC(272) User=0.09s Sys=0.00s Real=0.01s
[90.272s][info][gc,start       ] GC(273) Pause Young (Allocation Failure)
[90.281s][info][gc,heap        ] GC(273) PSYoungGen: 526304K(608256K)->10688K(606208K) Eden: 515584K(515584K)->0K(515584K) From: 10720K(92672K)->10688K(90624K)
[90.281s][info][gc,heap        ] GC(273) ParOldGen: 441758K(1398272K)->448342K(1398272K)
[90.281s][info][gc,metaspace   ] GC(273) Metaspace: 10404K(10624K)->10404K(10624K) NonClass: 9520K(9600K)->9520K(9600K) Class: 883K(1024K)->883K(1024K)
[90.281s][info][gc             ] GC(273) Pause Young (Allocation Failure) 945M->448M(1957M) 8.493ms
[90.281s][info][gc,cpu         ] GC(273) User=0.09s Sys=0.00s Real=0.01s
[90.446s][info][gc,start       ] GC(274) Pause Young (Allocation Failure)
[90.455s][info][gc,heap        ] GC(274) PSYoungGen: 526272K(606208K)->10848K(613888K) Eden: 515584K(515584K)->0K(525824K) From: 10688K(90624K)->10848K(88064K)
[90.455s][info][gc,heap        ] GC(274) ParOldGen: 448342K(1398272K)->454982K(1398272K)
[90.455s][info][gc,metaspace   ] GC(274) Metaspace: 10404K(10624K)->10404K(10624K) NonClass: 9520K(9600K)->9520K(9600K) Class: 883K(1024K)->883K(1024K)
[90.455s][info][gc             ] GC(274) Pause Young (Allocation Failure) 951M->454M(1965M) 8.517ms
[90.455s][info][gc,cpu         ] GC(274) User=0.09s Sys=0.00s Real=0.01s
[90.625s][info][gc,start       ] GC(275) Pause Young (Allocation Failure)
[90.634s][info][gc,heap        ] GC(275) PSYoungGen: 536672K(613888K)->11232K(610816K) Eden: 525824K(525824K)->0K(525824K) From: 10848K(88064K)->11232K(84992K)
[90.634s][info][gc,heap        ] GC(275) ParOldGen: 454982K(1398272K)->461670K(1398272K)
[90.634s][info][gc,metaspace   ] GC(275) Metaspace: 10404K(10624K)->10404K(10624K) NonClass: 9520K(9600K)->9520K(9600K) Class: 883K(1024K)->883K(1024K)
[90.634s][info][gc             ] GC(275) Pause Young (Allocation Failure) 968M->461M(1962M) 9.087ms
[90.634s][info][gc,cpu         ] GC(275) User=0.00s Sys=0.00s Real=0.01s
[90.803s][info][gc,start       ] GC(276) Pause Young (Allocation Failure)
[90.812s][info][gc,heap        ] GC(276) PSYoungGen: 537056K(610816K)->11168K(620032K) Eden: 525824K(525824K)->0K(538112K) From: 11232K(84992K)->11168K(81920K)
[90.812s][info][gc,heap        ] GC(276) ParOldGen: 461670K(1398272K)->468550K(1398272K)
[90.812s][info][gc,metaspace   ] GC(276) Metaspace: 10404K(10624K)->10404K(10624K) NonClass: 9520K(9600K)->9520K(9600K) Class: 883K(1024K)->883K(1024K)
[90.812s][info][gc             ] GC(276) Pause Young (Allocation Failure) 975M->468M(1971M) 8.948ms
[90.812s][info][gc,cpu         ] GC(276) User=0.09s Sys=0.00s Real=0.01s
[90.987s][info][gc,start       ] GC(277) Pause Young (Allocation Failure)
[90.996s][info][gc,heap        ] GC(277) PSYoungGen: 549280K(620032K)->11456K(616960K) Eden: 538112K(538112K)->0K(538112K) From: 11168K(81920K)->11456K(78848K)
[90.996s][info][gc,heap        ] GC(277) ParOldGen: 468550K(1398272K)->475358K(1398272K)
[90.996s][info][gc,metaspace   ] GC(277) Metaspace: 10404K(10624K)->10404K(10624K) NonClass: 9520K(9600K)->9520K(9600K) Class: 883K(1024K)->883K(1024K)
[90.996s][info][gc             ] GC(277) Pause Young (Allocation Failure) 993M->475M(1968M) 9.313ms
[90.996s][info][gc,cpu         ] GC(277) User=0.09s Sys=0.00s Real=0.01s
[91.169s][info][gc,start       ] GC(278) Pause Young (Allocation Failure)
[91.177s][info][gc,heap        ] GC(278) PSYoungGen: 549568K(616960K)->11296K(626688K) Eden: 538112K(538112K)->0K(551424K) From: 11456K(78848K)->11296K(75264K)
[91.177s][info][gc,heap        ] GC(278) ParOldGen: 475358K(1398272K)->482510K(1398272K)
[91.177s][info][gc,metaspace   ] GC(278) Metaspace: 10404K(10624K)->10404K(10624K) NonClass: 9520K(9600K)->9520K(9600K) Class: 883K(1024K)->883K(1024K)
[91.178s][info][gc             ] GC(278) Pause Young (Allocation Failure) 1000M->482M(1977M) 8.997ms
[91.178s][info][gc,cpu         ] GC(278) User=0.00s Sys=0.00s Real=0.01s
[91.357s][info][gc,start       ] GC(279) Pause Young (Allocation Failure)
[91.367s][info][gc,heap        ] GC(279) PSYoungGen: 562720K(626688K)->11616K(623616K) Eden: 551424K(551424K)->0K(551424K) From: 11296K(75264K)->11616K(72192K)
[91.367s][info][gc,heap        ] GC(279) ParOldGen: 482510K(1398272K)->489574K(1398272K)
[91.367s][info][gc,metaspace   ] GC(279) Metaspace: 10404K(10624K)->10404K(10624K) NonClass: 9520K(9600K)->9520K(9600K) Class: 883K(1024K)->883K(1024K)
[91.367s][info][gc             ] GC(279) Pause Young (Allocation Failure) 1020M->489M(1974M) 9.424ms
[91.367s][info][gc,cpu         ] GC(279) User=0.00s Sys=0.00s Real=0.01s
[91.546s][info][gc,start       ] GC(280) Pause Young (Allocation Failure)
[91.556s][info][gc,heap        ] GC(280) PSYoungGen: 563040K(623616K)->11488K(633344K) Eden: 551424K(551424K)->0K(564736K) From: 11616K(72192K)->11488K(68608K)
[91.556s][info][gc,heap        ] GC(280) ParOldGen: 489574K(1398272K)->496790K(1398272K)
[91.556s][info][gc,metaspace   ] GC(280) Metaspace: 10404K(10624K)->10404K(10624K) NonClass: 9520K(9600K)->9520K(9600K) Class: 883K(1024K)->883K(1024K)
[91.556s][info][gc             ] GC(280) Pause Young (Allocation Failure) 1027M->496M(1984M) 9.334ms
[91.556s][info][gc,cpu         ] GC(280) User=0.00s Sys=0.00s Real=0.01s
[91.741s][info][gc,start       ] GC(281) Pause Young (Allocation Failure)
[91.751s][info][gc,heap        ] GC(281) PSYoungGen: 576224K(633344K)->11968K(630272K) Eden: 564736K(564736K)->0K(564736K) From: 11488K(68608K)->11968K(65536K)
[91.751s][info][gc,heap        ] GC(281) ParOldGen: 496790K(1398272K)->503678K(1398272K)
[91.751s][info][gc,metaspace   ] GC(281) Metaspace: 10404K(10624K)->10404K(10624K) NonClass: 9520K(9600K)->9520K(9600K) Class: 883K(1024K)->883K(1024K)
[91.751s][info][gc             ] GC(281) Pause Young (Allocation Failure) 1047M->503M(1981M) 9.624ms
[91.751s][info][gc,cpu         ] GC(281) User=0.09s Sys=0.00s Real=0.01s
[91.935s][info][gc,start       ] GC(282) Pause Young (Allocation Failure)
[91.944s][info][gc,heap        ] GC(282) PSYoungGen: 576704K(630272K)->11520K(639488K) Eden: 564736K(564736K)->0K(577024K) From: 11968K(65536K)->11520K(62464K)
[91.944s][info][gc,heap        ] GC(282) ParOldGen: 503678K(1398272K)->511038K(1398272K)
[91.944s][info][gc,metaspace   ] GC(282) Metaspace: 10404K(10624K)->10404K(10624K) NonClass: 9520K(9600K)->9520K(9600K) Class: 883K(1024K)->883K(1024K)
[91.944s][info][gc             ] GC(282) Pause Young (Allocation Failure) 1055M->510M(1990M) 9.300ms
[91.944s][info][gc,cpu         ] GC(282) User=0.00s Sys=0.00s Real=0.01s
[92.130s][info][gc,start       ] GC(283) Pause Young (Allocation Failure)
[92.140s][info][gc,heap        ] GC(283) PSYoungGen: 588544K(639488K)->12160K(636416K) Eden: 577024K(577024K)->0K(577024K) From: 11520K(62464K)->12160K(59392K)
[92.140s][info][gc,heap        ] GC(283) ParOldGen: 511038K(1398272K)->518054K(1398272K)
[92.140s][info][gc,metaspace   ] GC(283) Metaspace: 10404K(10624K)->10404K(10624K) NonClass: 9520K(9600K)->9520K(9600K) Class: 883K(1024K)->883K(1024K)
[92.140s][info][gc             ] GC(283) Pause Young (Allocation Failure) 1073M->517M(1987M) 9.416ms
[92.140s][info][gc,cpu         ] GC(283) User=0.09s Sys=0.00s Real=0.01s
[92.328s][info][gc,start       ] GC(284) Pause Young (Allocation Failure)
[92.337s][info][gc,heap        ] GC(284) PSYoungGen: 589184K(636416K)->12096K(645632K) Eden: 577024K(577024K)->0K(589312K) From: 12160K(59392K)->12096K(56320K)
[92.337s][info][gc,heap        ] GC(284) ParOldGen: 518054K(1398272K)->525542K(1398272K)
[92.337s][info][gc,metaspace   ] GC(284) Metaspace: 10404K(10624K)->10404K(10624K) NonClass: 9520K(9600K)->9520K(9600K) Class: 883K(1024K)->883K(1024K)
[92.337s][info][gc             ] GC(284) Pause Young (Allocation Failure) 1081M->525M(1996M) 9.947ms
[92.337s][info][gc,cpu         ] GC(284) User=0.09s Sys=0.00s Real=0.01s
[92.528s][info][gc,start       ] GC(285) Pause Young (Allocation Failure)
[92.538s][info][gc,heap        ] GC(285) PSYoungGen: 601408K(645632K)->12160K(642560K) Eden: 589312K(589312K)->0K(589312K) From: 12096K(56320K)->12160K(53248K)
[92.538s][info][gc,heap        ] GC(285) ParOldGen: 525542K(1398272K)->532966K(1398272K)
[92.538s][info][gc,metaspace   ] GC(285) Metaspace: 10404K(10624K)->10404K(10624K) NonClass: 9520K(9600K)->9520K(9600K) Class: 883K(1024K)->883K(1024K)
[92.538s][info][gc             ] GC(285) Pause Young (Allocation Failure) 1100M->532M(1993M) 9.980ms
[92.538s][info][gc,cpu         ] GC(285) User=0.00s Sys=0.00s Real=0.01s
[92.729s][info][gc,start       ] GC(286) Pause Young (Allocation Failure)
[92.739s][info][gc,heap        ] GC(286) PSYoungGen: 601472K(642560K)->12224K(651264K) Eden: 589312K(589312K)->0K(600576K) From: 12160K(53248K)->12224K(50688K)
[92.739s][info][gc,heap        ] GC(286) ParOldGen: 532966K(1398272K)->540374K(1398272K)
[92.739s][info][gc,metaspace   ] GC(286) Metaspace: 10404K(10624K)->10404K(10624K) NonClass: 9520K(9600K)->9520K(9600K) Class: 883K(1024K)->883K(1024K)
[92.739s][info][gc             ] GC(286) Pause Young (Allocation Failure) 1107M->539M(2001M) 9.765ms
[92.739s][info][gc,cpu         ] GC(286) User=0.00s Sys=0.00s Real=0.01s
[92.936s][info][gc,start       ] GC(287) Pause Young (Allocation Failure)
[92.945s][info][gc,heap        ] GC(287) PSYoungGen: 612800K(651264K)->12320K(648192K) Eden: 600576K(600576K)->0K(600576K) From: 12224K(50688K)->12320K(47616K)
[92.945s][info][gc,heap        ] GC(287) ParOldGen: 540374K(1398272K)->547846K(1398272K)
[92.945s][info][gc,metaspace   ] GC(287) Metaspace: 10404K(10624K)->10404K(10624K) NonClass: 9520K(9600K)->9520K(9600K) Class: 883K(1024K)->883K(1024K)
[92.945s][info][gc             ] GC(287) Pause Young (Allocation Failure) 1126M->547M(1998M) 9.847ms
[92.945s][info][gc,cpu         ] GC(287) User=0.00s Sys=0.00s Real=0.01s
[93.137s][info][gc,start       ] GC(288) Pause Young (Allocation Failure)
[93.147s][info][gc,heap        ] GC(288) PSYoungGen: 612896K(648192K)->12192K(655872K) Eden: 600576K(600576K)->0K(610816K) From: 12320K(47616K)->12192K(45056K)
[93.147s][info][gc,heap        ] GC(288) ParOldGen: 547846K(1398272K)->555366K(1398272K)
[93.147s][info][gc,metaspace   ] GC(288) Metaspace: 10404K(10624K)->10404K(10624K) NonClass: 9520K(9600K)->9520K(9600K) Class: 883K(1024K)->883K(1024K)
[93.147s][info][gc             ] GC(288) Pause Young (Allocation Failure) 1133M->554M(2006M) 9.863ms
[93.147s][info][gc,cpu         ] GC(288) User=0.00s Sys=0.00s Real=0.01s
[93.342s][info][gc,start       ] GC(289) Pause Young (Allocation Failure)
[93.352s][info][gc,heap        ] GC(289) PSYoungGen: 623008K(655872K)->12256K(653824K) Eden: 610816K(610816K)->0K(610816K) From: 12192K(45056K)->12256K(43008K)
[93.352s][info][gc,heap        ] GC(289) ParOldGen: 555366K(1398272K)->562918K(1398272K)
[93.352s][info][gc,metaspace   ] GC(289) Metaspace: 10404K(10624K)->10404K(10624K) NonClass: 9520K(9600K)->9520K(9600K) Class: 883K(1024K)->883K(1024K)
[93.352s][info][gc             ] GC(289) Pause Young (Allocation Failure) 1150M->561M(2004M) 10.126ms
[93.352s][info][gc,cpu         ] GC(289) User=0.00s Sys=0.00s Real=0.01s
[93.548s][info][gc,start       ] GC(290) Pause Young (Allocation Failure)
[93.558s][info][gc,heap        ] GC(290) PSYoungGen: 623072K(653824K)->12128K(659968K) Eden: 610816K(610816K)->0K(619008K) From: 12256K(43008K)->12128K(40960K)
[93.558s][info][gc,heap        ] GC(290) ParOldGen: 562918K(1398272K)->570454K(1398272K)
[93.558s][info][gc,metaspace   ] GC(290) Metaspace: 10404K(10624K)->10404K(10624K) NonClass: 9520K(9600K)->9520K(9600K) Class: 883K(1024K)->883K(1024K)
[93.558s][info][gc             ] GC(290) Pause Young (Allocation Failure) 1158M->568M(2010M) 9.683ms
[93.558s][info][gc,cpu         ] GC(290) User=0.09s Sys=0.00s Real=0.01s
[93.758s][info][gc,start       ] GC(291) Pause Young (Allocation Failure)
[93.768s][info][gc,heap        ] GC(291) PSYoungGen: 631136K(659968K)->12512K(657920K) Eden: 619008K(619008K)->0K(619008K) From: 12128K(40960K)->12512K(38912K)
[93.768s][info][gc,heap        ] GC(291) ParOldGen: 570454K(1398272K)->577870K(1398272K)
[93.768s][info][gc,metaspace   ] GC(291) Metaspace: 10404K(10624K)->10404K(10624K) NonClass: 9520K(9600K)->9520K(9600K) Class: 883K(1024K)->883K(1024K)
[93.768s][info][gc             ] GC(291) Pause Young (Allocation Failure) 1173M->576M(2008M) 9.877ms
[93.768s][info][gc,cpu         ] GC(291) User=0.09s Sys=0.00s Real=0.01s
[93.970s][info][gc,start       ] GC(292) Pause Young (Allocation Failure)
[93.980s][info][gc,heap        ] GC(292) PSYoungGen: 631520K(657920K)->12768K(664064K) Eden: 619008K(619008K)->0K(627200K) From: 12512K(38912K)->12768K(36864K)
[93.980s][info][gc,heap        ] GC(292) ParOldGen: 577870K(1398272K)->585454K(1398272K)
[93.980s][info][gc,metaspace   ] GC(292) Metaspace: 10404K(10624K)->10404K(10624K) NonClass: 9520K(9600K)->9520K(9600K) Class: 883K(1024K)->883K(1024K)
[93.980s][info][gc             ] GC(292) Pause Young (Allocation Failure) 1181M->584M(2014M) 9.973ms
[93.980s][info][gc,cpu         ] GC(292) User=0.09s Sys=0.00s Real=0.01s
[94.186s][info][gc,start       ] GC(293) Pause Young (Allocation Failure)
[94.196s][info][gc,heap        ] GC(293) PSYoungGen: 639968K(664064K)->13120K(662016K) Eden: 627200K(627200K)->0K(627200K) From: 12768K(36864K)->13120K(34816K)
[94.196s][info][gc,heap        ] GC(293) ParOldGen: 585454K(1398272K)->593286K(1398272K)
[94.196s][info][gc,metaspace   ] GC(293) Metaspace: 10404K(10624K)->10404K(10624K) NonClass: 9520K(9600K)->9520K(9600K) Class: 883K(1024K)->883K(1024K)
[94.196s][info][gc             ] GC(293) Pause Young (Allocation Failure) 1196M->592M(2012M) 10.520ms
[94.196s][info][gc,cpu         ] GC(293) User=0.00s Sys=0.00s Real=0.01s
[94.401s][info][gc,start       ] GC(294) Pause Young (Allocation Failure)
[94.411s][info][gc,heap        ] GC(294) PSYoungGen: 640320K(662016K)->12864K(667648K) Eden: 627200K(627200K)->0K(634880K) From: 13120K(34816K)->12864K(32768K)
[94.411s][info][gc,heap        ] GC(294) ParOldGen: 593286K(1398272K)->601342K(1398272K)
[94.411s][info][gc,metaspace   ] GC(294) Metaspace: 10404K(10624K)->10404K(10624K) NonClass: 9520K(9600K)->9520K(9600K) Class: 883K(1024K)->883K(1024K)
[94.411s][info][gc             ] GC(294) Pause Young (Allocation Failure) 1204M->599M(2017M) 10.482ms
[94.411s][info][gc,cpu         ] GC(294) User=0.00s Sys=0.00s Real=0.01s
[94.620s][info][gc,start       ] GC(295) Pause Young (Allocation Failure)
[94.630s][info][gc,heap        ] GC(295) PSYoungGen: 647744K(667648K)->13152K(666112K) Eden: 634880K(634880K)->0K(634880K) From: 12864K(32768K)->13152K(31232K)
[94.631s][info][gc,heap        ] GC(295) ParOldGen: 601342K(1398272K)->609150K(1398272K)
[94.631s][info][gc,metaspace   ] GC(295) Metaspace: 10404K(10624K)->10404K(10624K) NonClass: 9520K(9600K)->9520K(9600K) Class: 883K(1024K)->883K(1024K)
[94.631s][info][gc             ] GC(295) Pause Young (Allocation Failure) 1219M->607M(2016M) 10.517ms
[94.631s][info][gc,cpu         ] GC(295) User=0.00s Sys=0.00s Real=0.01s
[94.837s][info][gc,start       ] GC(296) Pause Young (Allocation Failure)
[94.847s][info][gc,heap        ] GC(296) PSYoungGen: 648032K(666112K)->13056K(670208K) Eden: 634880K(634880K)->0K(640512K) From: 13152K(31232K)->13056K(29696K)
[94.847s][info][gc,heap        ] GC(296) ParOldGen: 609150K(1398272K)->617278K(1398272K)
[94.847s][info][gc,metaspace   ] GC(296) Metaspace: 10404K(10624K)->10404K(10624K) NonClass: 9520K(9600K)->9520K(9600K) Class: 883K(1024K)->883K(1024K)
[94.847s][info][gc             ] GC(296) Pause Young (Allocation Failure) 1227M->615M(2020M) 10.476ms
[94.847s][info][gc,cpu         ] GC(296) User=0.09s Sys=0.00s Real=0.01s
[95.066s][info][gc,start       ] GC(297) Pause Young (Allocation Failure)
[95.077s][info][gc,heap        ] GC(297) PSYoungGen: 653568K(670208K)->13408K(669184K) Eden: 640512K(640512K)->0K(640512K) From: 13056K(29696K)->13408K(28672K)
[95.077s][info][gc,heap        ] GC(297) ParOldGen: 617278K(1398272K)->625310K(1398272K)
[95.077s][info][gc,metaspace   ] GC(297) Metaspace: 10404K(10624K)->10404K(10624K) NonClass: 9520K(9600K)->9520K(9600K) Class: 883K(1024K)->883K(1024K)
[95.077s][info][gc             ] GC(297) Pause Young (Allocation Failure) 1241M->623M(2019M) 11.345ms
[95.077s][info][gc,cpu         ] GC(297) User=0.09s Sys=0.00s Real=0.01s
[95.288s][info][gc,start       ] GC(298) Pause Young (Allocation Failure)
[95.298s][info][gc,heap        ] GC(298) PSYoungGen: 653920K(669184K)->13088K(672768K) Eden: 640512K(640512K)->0K(645632K) From: 13408K(28672K)->13088K(27136K)
[95.299s][info][gc,heap        ] GC(298) ParOldGen: 625310K(1398272K)->633390K(1398272K)
[95.299s][info][gc,metaspace   ] GC(298) Metaspace: 10404K(10624K)->10404K(10624K) NonClass: 9520K(9600K)->9520K(9600K) Class: 883K(1024K)->883K(1024K)
[95.299s][info][gc             ] GC(298) Pause Young (Allocation Failure) 1249M->631M(2022M) 10.552ms
[95.299s][info][gc,cpu         ] GC(298) User=0.09s Sys=0.00s Real=0.01s
[95.510s][info][gc,start       ] GC(299) Pause Young (Allocation Failure)
[95.520s][info][gc,heap        ] GC(299) PSYoungGen: 658720K(672768K)->13120K(671744K) Eden: 645632K(645632K)->0K(645632K) From: 13088K(27136K)->13120K(26112K)
[95.520s][info][gc,heap        ] GC(299) ParOldGen: 633390K(1398272K)->641350K(1398272K)
[95.520s][info][gc,metaspace   ] GC(299) Metaspace: 10404K(10624K)->10404K(10624K) NonClass: 9520K(9600K)->9520K(9600K) Class: 883K(1024K)->883K(1024K)
[95.520s][info][gc             ] GC(299) Pause Young (Allocation Failure) 1261M->639M(2021M) 10.391ms
[95.520s][info][gc,cpu         ] GC(299) User=0.00s Sys=0.00s Real=0.01s
[95.731s][info][gc,start       ] GC(300) Pause Young (Allocation Failure)
[95.742s][info][gc,heap        ] GC(300) PSYoungGen: 658752K(671744K)->13472K(674816K) Eden: 645632K(645632K)->0K(649728K) From: 13120K(26112K)->13472K(25088K)
[95.742s][info][gc,heap        ] GC(300) ParOldGen: 641350K(1398272K)->649446K(1398272K)
[95.742s][info][gc,metaspace   ] GC(300) Metaspace: 10404K(10624K)->10404K(10624K) NonClass: 9520K(9600K)->9520K(9600K) Class: 883K(1024K)->883K(1024K)
[95.742s][info][gc             ] GC(300) Pause Young (Allocation Failure) 1269M->647M(2024M) 10.789ms
[95.742s][info][gc,cpu         ] GC(300) User=0.00s Sys=0.00s Real=0.01s
[96.299s][info][gc,start       ] GC(301) Pause Young (Allocation Failure)
[96.334s][info][gc,heap        ] GC(301) PSYoungGen: 663200K(674816K)->24039K(673792K) Eden: 649728K(649728K)->0K(649728K) From: 13472K(25088K)->24039K(24064K)
[96.334s][info][gc,heap        ] GC(301) ParOldGen: 649446K(1398272K)->677998K(1398272K)
[96.334s][info][gc,metaspace   ] GC(301) Metaspace: 10416K(10688K)->10416K(10688K) NonClass: 9532K(9664K)->9532K(9664K) Class: 884K(1024K)->884K(1024K)
[96.334s][info][gc             ] GC(301) Pause Young (Allocation Failure) 1281M->685M(2023M) 34.275ms
[96.334s][info][gc,cpu         ] GC(301) User=0.19s Sys=0.00s Real=0.03s
[97.387s][info][gc,start       ] GC(302) Pause Young (Allocation Failure)
[97.455s][info][gc,heap        ] GC(302) PSYoungGen: 673767K(673792K)->25066K(586752K) Eden: 649728K(649728K)->0K(561664K) From: 24039K(24064K)->25066K(25088K)
[97.455s][info][gc,heap        ] GC(302) ParOldGen: 677998K(1398272K)->760830K(1398272K)
[97.455s][info][gc,metaspace   ] GC(302) Metaspace: 10416K(10688K)->10416K(10688K) NonClass: 9532K(9664K)->9532K(9664K) Class: 884K(1024K)->884K(1024K)
[97.455s][info][gc             ] GC(302) Pause Young (Allocation Failure) 1320M->767M(1938M) 68.541ms
[97.455s][info][gc,cpu         ] GC(302) User=0.38s Sys=0.00s Real=0.07s
[98.100s][info][gc,start       ] GC(303) Pause Young (Allocation Failure)
[98.153s][info][gc,heap        ] GC(303) PSYoungGen: 586730K(586752K)->67751K(629760K) Eden: 561664K(561664K)->0K(561664K) From: 25066K(25088K)->67751K(68096K)
[98.153s][info][gc,heap        ] GC(303) ParOldGen: 760830K(1398272K)->784712K(1398272K)
[98.153s][info][gc,metaspace   ] GC(303) Metaspace: 10416K(10688K)->10416K(10688K) NonClass: 9532K(9664K)->9532K(9664K) Class: 884K(1024K)->884K(1024K)
[98.153s][info][gc             ] GC(303) Pause Young (Allocation Failure) 1315M->832M(1980M) 53.085ms
[98.153s][info][gc,cpu         ] GC(303) User=0.38s Sys=0.00s Real=0.05s
[99.017s][info][gc,start       ] GC(304) Pause Young (Allocation Failure)
[99.046s][info][gc,heap        ] GC(304) PSYoungGen: 629415K(629760K)->7136K(610304K) Eden: 561664K(561664K)->0K(541184K) From: 67751K(68096K)->7136K(69120K)
[99.046s][info][gc,heap        ] GC(304) ParOldGen: 784712K(1398272K)->847896K(1398272K)
[99.046s][info][gc,metaspace   ] GC(304) Metaspace: 10416K(10688K)->10416K(10688K) NonClass: 9532K(9664K)->9532K(9664K) Class: 884K(1024K)->884K(1024K)
[99.046s][info][gc             ] GC(304) Pause Young (Allocation Failure) 1380M->834M(1961M) 28.814ms
[99.046s][info][gc,cpu         ] GC(304) User=0.19s Sys=0.00s Real=0.04s
[99.708s][info][gc,start       ] GC(305) Pause Young (Allocation Failure)
[99.727s][info][gc,heap        ] GC(305) PSYoungGen: 548320K(610304K)->33200K(620032K) Eden: 541184K(541184K)->0K(541184K) From: 7136K(69120K)->33200K(78848K)
[99.727s][info][gc,heap        ] GC(305) ParOldGen: 847896K(1398272K)->853120K(1398272K)
[99.727s][info][gc,metaspace   ] GC(305) Metaspace: 10416K(10688K)->10416K(10688K) NonClass: 9532K(9664K)->9532K(9664K) Class: 884K(1024K)->884K(1024K)
[99.727s][info][gc             ] GC(305) Pause Young (Allocation Failure) 1363M->865M(1971M) 19.188ms
[99.727s][info][gc,cpu         ] GC(305) User=0.09s Sys=0.00s Real=0.02s
[100.255s][info][gc,start       ] GC(306) Pause Young (Allocation Failure)
[100.282s][info][gc,heap        ] GC(306) PSYoungGen: 574384K(620032K)->52906K(614912K) Eden: 541184K(541184K)->0K(539136K) From: 33200K(78848K)->52906K(75776K)
[100.283s][info][gc,heap        ] GC(306) ParOldGen: 853120K(1398272K)->857888K(1398272K)
[100.283s][info][gc,metaspace   ] GC(306) Metaspace: 10416K(10688K)->10416K(10688K) NonClass: 9532K(9664K)->9532K(9664K) Class: 884K(1024K)->884K(1024K)
[100.283s][info][gc             ] GC(306) Pause Young (Allocation Failure) 1394M->889M(1966M) 27.090ms
[100.283s][info][gc,cpu         ] GC(306) User=0.19s Sys=0.00s Real=0.03s
[100.657s][info][gc,start       ] GC(307) Pause Young (Allocation Failure)
[100.716s][info][gc,heap        ] GC(307) PSYoungGen: 592042K(614912K)->65504K(604672K) Eden: 539136K(539136K)->0K(539136K) From: 52906K(75776K)->65504K(65536K)
[100.716s][info][gc,heap        ] GC(307) ParOldGen: 857888K(1398272K)->908098K(1398272K)
[100.716s][info][gc,metaspace   ] GC(307) Metaspace: 10416K(10688K)->10416K(10688K) NonClass: 9532K(9664K)->9532K(9664K) Class: 884K(1024K)->884K(1024K)
[100.716s][info][gc             ] GC(307) Pause Young (Allocation Failure) 1415M->950M(1956M) 59.074ms
[100.716s][info][gc,cpu         ] GC(307) User=0.38s Sys=0.00s Real=0.07s
[101.328s][info][gc,start       ] GC(308) Pause Young (Allocation Failure)
[101.388s][info][gc,heap        ] GC(308) PSYoungGen: 604640K(604672K)->48480K(611328K) Eden: 539136K(539136K)->0K(523776K) From: 65504K(65536K)->48480K(87552K)
[101.388s][info][gc,heap        ] GC(308) ParOldGen: 908098K(1398272K)->965170K(1398272K)
[101.388s][info][gc,metaspace   ] GC(308) Metaspace: 10416K(10688K)->10416K(10688K) NonClass: 9532K(9664K)->9532K(9664K) Class: 884K(1024K)->884K(1024K)
[101.388s][info][gc             ] GC(308) Pause Young (Allocation Failure) 1477M->989M(1962M) 59.930ms
[101.388s][info][gc,cpu         ] GC(308) User=0.33s Sys=0.00s Real=0.06s
[101.811s][info][gc,start       ] GC(309) Pause Young (System.gc())
[101.816s][info][gc,heap        ] GC(309) PSYoungGen: 315041K(611328K)->4717K(611328K) Eden: 266561K(523776K)->0K(523776K) From: 48480K(87552K)->4717K(87552K)
[101.816s][info][gc,heap        ] GC(309) ParOldGen: 965170K(1398272K)->974642K(1398272K)
[101.816s][info][gc,metaspace   ] GC(309) Metaspace: 10416K(10688K)->10416K(10688K) NonClass: 9532K(9664K)->9532K(9664K) Class: 884K(1024K)->884K(1024K)
[101.816s][info][gc             ] GC(309) Pause Young (System.gc()) 1250M->956M(1962M) 5.242ms
[101.816s][info][gc,cpu         ] GC(309) User=0.00s Sys=0.00s Real=0.00s
[101.816s][info][gc,start       ] GC(310) Pause Full (System.gc())
[101.816s][info][gc,phases,start] GC(310) Marking Phase
[101.903s][info][gc,phases      ] GC(310) Marking Phase 86.431ms
[101.903s][info][gc,phases,start] GC(310) Summary Phase
[101.903s][info][gc,phases      ] GC(310) Summary Phase 0.016ms
[101.903s][info][gc,phases,start] GC(310) Adjust Roots
[101.906s][info][gc,phases      ] GC(310) Adjust Roots 2.799ms
[101.906s][info][gc,phases,start] GC(310) Compaction Phase
[102.007s][info][gc,phases      ] GC(310) Compaction Phase 101.323ms
[102.007s][info][gc,phases,start] GC(310) Post Compact
[102.009s][info][gc,phases      ] GC(310) Post Compact 1.403ms
[102.009s][info][gc,heap        ] GC(310) PSYoungGen: 4717K(611328K)->0K(611328K) Eden: 0K(523776K)->0K(523776K) From: 4717K(87552K)->0K(87552K)
[102.009s][info][gc,heap        ] GC(310) ParOldGen: 974642K(1398272K)->434693K(1398272K)
[102.009s][info][gc,metaspace   ] GC(310) Metaspace: 10416K(10688K)->10416K(10688K) NonClass: 9532K(9664K)->9532K(9664K) Class: 884K(1024K)->884K(1024K)
[102.009s][info][gc             ] GC(310) Pause Full (System.gc()) 956M->424M(1962M) 192.239ms
[102.009s][info][gc,cpu         ] GC(310) User=1.03s Sys=0.02s Real=0.19s
[102.178s][info][gc,start       ] GC(311) Pause Young (Allocation Failure)
[102.184s][info][gc,heap        ] GC(311) PSYoungGen: 523776K(611328K)->11360K(612864K) Eden: 523776K(523776K)->0K(525312K) From: 0K(87552K)->11360K(87552K)
[102.184s][info][gc,heap        ] GC(311) ParOldGen: 434693K(1398272K)->434693K(1398272K)
[102.184s][info][gc,metaspace   ] GC(311) Metaspace: 10418K(10688K)->10418K(10688K) NonClass: 9534K(9664K)->9534K(9664K) Class: 884K(1024K)->884K(1024K)
[102.184s][info][gc             ] GC(311) Pause Young (Allocation Failure) 936M->435M(1964M) 6.487ms
[102.184s][info][gc,cpu         ] GC(311) User=0.09s Sys=0.00s Real=0.01s
[102.348s][info][gc,start       ] GC(312) Pause Young (Allocation Failure)
[102.357s][info][gc,heap        ] GC(312) PSYoungGen: 536672K(612864K)->10944K(611328K) Eden: 525312K(525312K)->0K(525312K) From: 11360K(87552K)->10944K(86016K)
[102.358s][info][gc,heap        ] GC(312) ParOldGen: 434693K(1398272K)->441877K(1398272K)
[102.358s][info][gc,metaspace   ] GC(312) Metaspace: 10418K(10688K)->10418K(10688K) NonClass: 9534K(9664K)->9534K(9664K) Class: 884K(1024K)->884K(1024K)
[102.358s][info][gc             ] GC(312) Pause Young (Allocation Failure) 948M->442M(1962M) 9.209ms
[102.358s][info][gc,cpu         ] GC(312) User=0.08s Sys=0.00s Real=0.01s
[102.520s][info][gc,start       ] GC(313) Pause Young (Allocation Failure)
[102.529s][info][gc,heap        ] GC(313) PSYoungGen: 536256K(611328K)->10816K(617472K) Eden: 525312K(525312K)->0K(533504K) From: 10944K(86016K)->10816K(83968K)
[102.531s][info][gc,heap        ] GC(313) ParOldGen: 441877K(1398272K)->448653K(1398272K)
[102.531s][info][gc,metaspace   ] GC(313) Metaspace: 10418K(10688K)->10418K(10688K) NonClass: 9534K(9664K)->9534K(9664K) Class: 884K(1024K)->884K(1024K)
[102.531s][info][gc             ] GC(313) Pause Young (Allocation Failure) 955M->448M(1968M) 11.021ms
[102.531s][info][gc,cpu         ] GC(313) User=0.09s Sys=0.00s Real=0.01s
[102.701s][info][gc,start       ] GC(314) Pause Young (Allocation Failure)
[102.709s][info][gc,heap        ] GC(314) PSYoungGen: 544320K(617472K)->11104K(614912K) Eden: 533504K(533504K)->0K(533504K) From: 10816K(83968K)->11104K(81408K)
[102.710s][info][gc,heap        ] GC(314) ParOldGen: 448653K(1398272K)->455213K(1398272K)
[102.710s][info][gc,metaspace   ] GC(314) Metaspace: 10418K(10688K)->10418K(10688K) NonClass: 9534K(9664K)->9534K(9664K) Class: 884K(1024K)->884K(1024K)
[102.710s][info][gc             ] GC(314) Pause Young (Allocation Failure) 969M->455M(1966M) 8.636ms
[102.710s][info][gc,cpu         ] GC(314) User=0.00s Sys=0.00s Real=0.01s
[102.881s][info][gc,start       ] GC(315) Pause Young (Allocation Failure)
[102.890s][info][gc,heap        ] GC(315) PSYoungGen: 544608K(614912K)->11296K(623104K) Eden: 533504K(533504K)->0K(544256K) From: 11104K(81408K)->11296K(78848K)
[102.890s][info][gc,heap        ] GC(315) ParOldGen: 455213K(1398272K)->462109K(1398272K)
[102.890s][info][gc,metaspace   ] GC(315) Metaspace: 10418K(10688K)->10418K(10688K) NonClass: 9534K(9664K)->9534K(9664K) Class: 884K(1024K)->884K(1024K)
[102.890s][info][gc             ] GC(315) Pause Young (Allocation Failure) 976M->462M(1974M) 8.977ms
[102.890s][info][gc,cpu         ] GC(315) User=0.09s Sys=0.00s Real=0.01s
[103.065s][info][gc,start       ] GC(316) Pause Young (Allocation Failure)
[103.074s][info][gc,heap        ] GC(316) PSYoungGen: 555552K(623104K)->11456K(620032K) Eden: 544256K(544256K)->0K(544256K) From: 11296K(78848K)->11456K(75776K)
[103.074s][info][gc,heap        ] GC(316) ParOldGen: 462109K(1398272K)->469013K(1398272K)
[103.074s][info][gc,metaspace   ] GC(316) Metaspace: 10418K(10688K)->10418K(10688K) NonClass: 9534K(9664K)->9534K(9664K) Class: 884K(1024K)->884K(1024K)
[103.074s][info][gc             ] GC(316) Pause Young (Allocation Failure) 993M->469M(1971M) 9.120ms
[103.074s][info][gc,cpu         ] GC(316) User=0.09s Sys=0.00s Real=0.01s
[103.253s][info][gc,start       ] GC(317) Pause Young (Allocation Failure)
[103.263s][info][gc,heap        ] GC(317) PSYoungGen: 555712K(620032K)->11680K(629248K) Eden: 544256K(544256K)->0K(556544K) From: 11456K(75776K)->11680K(72704K)
[103.263s][info][gc,heap        ] GC(317) ParOldGen: 469013K(1398272K)->476045K(1398272K)
[103.263s][info][gc,metaspace   ] GC(317) Metaspace: 10418K(10688K)->10418K(10688K) NonClass: 9534K(9664K)->9534K(9664K) Class: 884K(1024K)->884K(1024K)
[103.263s][info][gc             ] GC(317) Pause Young (Allocation Failure) 1000M->476M(1980M) 9.341ms
[103.263s][info][gc,cpu         ] GC(317) User=0.09s Sys=0.00s Real=0.01s
[103.443s][info][gc,start       ] GC(318) Pause Young (Allocation Failure)
[103.452s][info][gc,heap        ] GC(318) PSYoungGen: 568224K(629248K)->11648K(626176K) Eden: 556544K(556544K)->0K(556544K) From: 11680K(72704K)->11648K(69632K)
[103.452s][info][gc,heap        ] GC(318) ParOldGen: 476045K(1398272K)->483213K(1398272K)
[103.452s][info][gc,metaspace   ] GC(318) Metaspace: 10418K(10688K)->10418K(10688K) NonClass: 9534K(9664K)->9534K(9664K) Class: 884K(1024K)->884K(1024K)
[103.452s][info][gc             ] GC(318) Pause Young (Allocation Failure) 1019M->483M(1977M) 9.399ms
[103.452s][info][gc,cpu         ] GC(318) User=0.09s Sys=0.00s Real=0.01s
[103.631s][info][gc,start       ] GC(319) Pause Young (Allocation Failure)
[103.641s][info][gc,heap        ] GC(319) PSYoungGen: 568192K(626176K)->11680K(635392K) Eden: 556544K(556544K)->0K(568832K) From: 11648K(69632K)->11680K(66560K)
[103.641s][info][gc,heap        ] GC(319) ParOldGen: 483213K(1398272K)->490397K(1398272K)
[103.641s][info][gc,metaspace   ] GC(319) Metaspace: 10418K(10688K)->10418K(10688K) NonClass: 9534K(9664K)->9534K(9664K) Class: 884K(1024K)->884K(1024K)
[103.641s][info][gc             ] GC(319) Pause Young (Allocation Failure) 1026M->490M(1986M) 9.416ms
[103.641s][info][gc,cpu         ] GC(319) User=0.09s Sys=0.00s Real=0.01s
[103.824s][info][gc,start       ] GC(320) Pause Young (Allocation Failure)
[103.833s][info][gc,heap        ] GC(320) PSYoungGen: 580512K(635392K)->11808K(632320K) Eden: 568832K(568832K)->0K(568832K) From: 11680K(66560K)->11808K(63488K)
[103.833s][info][gc,heap        ] GC(320) ParOldGen: 490397K(1398272K)->497533K(1398272K)
[103.833s][info][gc,metaspace   ] GC(320) Metaspace: 10418K(10688K)->10418K(10688K) NonClass: 9534K(9664K)->9534K(9664K) Class: 884K(1024K)->884K(1024K)
[103.834s][info][gc             ] GC(320) Pause Young (Allocation Failure) 1045M->497M(1983M) 9.603ms
[103.834s][info][gc,cpu         ] GC(320) User=0.00s Sys=0.00s Real=0.01s
[104.018s][info][gc,start       ] GC(321) Pause Young (Allocation Failure)
[104.028s][info][gc,heap        ] GC(321) PSYoungGen: 580640K(632320K)->11776K(641024K) Eden: 568832K(568832K)->0K(580608K) From: 11808K(63488K)->11776K(60416K)
[104.028s][info][gc,heap        ] GC(321) ParOldGen: 497533K(1398272K)->504653K(1398272K)
[104.028s][info][gc,metaspace   ] GC(321) Metaspace: 10418K(10688K)->10418K(10688K) NonClass: 9534K(9664K)->9534K(9664K) Class: 884K(1024K)->884K(1024K)
[104.028s][info][gc             ] GC(321) Pause Young (Allocation Failure) 1052M->504M(1991M) 9.361ms
[104.028s][info][gc,cpu         ] GC(321) User=0.09s Sys=0.00s Real=0.01s
[104.214s][info][gc,start       ] GC(322) Pause Young (Allocation Failure)
[104.224s][info][gc,heap        ] GC(322) PSYoungGen: 592384K(641024K)->11936K(638464K) Eden: 580608K(580608K)->0K(580608K) From: 11776K(60416K)->11936K(57856K)
[104.224s][info][gc,heap        ] GC(322) ParOldGen: 504653K(1398272K)->511909K(1398272K)
[104.224s][info][gc,metaspace   ] GC(322) Metaspace: 10418K(10688K)->10418K(10688K) NonClass: 9534K(9664K)->9534K(9664K) Class: 884K(1024K)->884K(1024K)
[104.224s][info][gc             ] GC(322) Pause Young (Allocation Failure) 1071M->511M(1989M) 9.654ms
[104.224s][info][gc,cpu         ] GC(322) User=0.00s Sys=0.00s Real=0.01s
[104.414s][info][gc,start       ] GC(323) Pause Young (Allocation Failure)
[104.423s][info][gc,heap        ] GC(323) PSYoungGen: 592544K(638464K)->12096K(646656K) Eden: 580608K(580608K)->0K(591872K) From: 11936K(57856K)->12096K(54784K)
[104.423s][info][gc,heap        ] GC(323) ParOldGen: 511909K(1398272K)->519237K(1398272K)
[104.423s][info][gc,metaspace   ] GC(323) Metaspace: 10418K(10688K)->10418K(10688K) NonClass: 9534K(9664K)->9534K(9664K) Class: 884K(1024K)->884K(1024K)
[104.423s][info][gc             ] GC(323) Pause Young (Allocation Failure) 1078M->518M(1997M) 9.841ms
[104.423s][info][gc,cpu         ] GC(323) User=0.09s Sys=0.00s Real=0.01s
[104.613s][info][gc,start       ] GC(324) Pause Young (Allocation Failure)
[104.623s][info][gc,heap        ] GC(324) PSYoungGen: 603968K(646656K)->12096K(644096K) Eden: 591872K(591872K)->0K(591872K) From: 12096K(54784K)->12096K(52224K)
[104.623s][info][gc,heap        ] GC(324) ParOldGen: 519237K(1398272K)->526629K(1398272K)
[104.623s][info][gc,metaspace   ] GC(324) Metaspace: 10418K(10688K)->10418K(10688K) NonClass: 9534K(9664K)->9534K(9664K) Class: 884K(1024K)->884K(1024K)
[104.623s][info][gc             ] GC(324) Pause Young (Allocation Failure) 1096M->526M(1994M) 9.919ms
[104.623s][info][gc,cpu         ] GC(324) User=0.09s Sys=0.00s Real=0.01s
[104.815s][info][gc,start       ] GC(325) Pause Young (Allocation Failure)
[104.825s][info][gc,heap        ] GC(325) PSYoungGen: 603968K(644096K)->12160K(651776K) Eden: 591872K(591872K)->0K(602624K) From: 12096K(52224K)->12160K(49152K)
[104.825s][info][gc,heap        ] GC(325) ParOldGen: 526629K(1398272K)->534125K(1398272K)
[104.825s][info][gc,metaspace   ] GC(325) Metaspace: 10418K(10688K)->10418K(10688K) NonClass: 9534K(9664K)->9534K(9664K) Class: 884K(1024K)->884K(1024K)
[104.825s][info][gc             ] GC(325) Pause Young (Allocation Failure) 1104M->533M(2002M) 9.711ms
[104.825s][info][gc,cpu         ] GC(325) User=0.09s Sys=0.00s Real=0.01s
[105.022s][info][gc,start       ] GC(326) Pause Young (Allocation Failure)
[105.032s][info][gc,heap        ] GC(326) PSYoungGen: 614784K(651776K)->12416K(649728K) Eden: 602624K(602624K)->0K(602624K) From: 12160K(49152K)->12416K(47104K)
[105.032s][info][gc,heap        ] GC(326) ParOldGen: 534125K(1398272K)->541541K(1398272K)
[105.032s][info][gc,metaspace   ] GC(326) Metaspace: 10418K(10688K)->10418K(10688K) NonClass: 9534K(9664K)->9534K(9664K) Class: 884K(1024K)->884K(1024K)
[105.032s][info][gc             ] GC(326) Pause Young (Allocation Failure) 1121M->540M(2000M) 9.979ms
[105.032s][info][gc,cpu         ] GC(326) User=0.09s Sys=0.00s Real=0.01s
[105.228s][info][gc,start       ] GC(327) Pause Young (Allocation Failure)
[105.238s][info][gc,heap        ] GC(327) PSYoungGen: 615040K(649728K)->12288K(656896K) Eden: 602624K(602624K)->0K(612352K) From: 12416K(47104K)->12288K(44544K)
[105.238s][info][gc,heap        ] GC(327) ParOldGen: 541541K(1398272K)->549181K(1398272K)
[105.238s][info][gc,metaspace   ] GC(327) Metaspace: 10418K(10688K)->10418K(10688K) NonClass: 9534K(9664K)->9534K(9664K) Class: 884K(1024K)->884K(1024K)
[105.238s][info][gc             ] GC(327) Pause Young (Allocation Failure) 1129M->548M(2007M) 9.921ms
[105.238s][info][gc,cpu         ] GC(327) User=0.09s Sys=0.00s Real=0.01s
[105.437s][info][gc,start       ] GC(328) Pause Young (Allocation Failure)
[105.447s][info][gc,heap        ] GC(328) PSYoungGen: 624640K(656896K)->12384K(654336K) Eden: 612352K(612352K)->0K(612352K) From: 12288K(44544K)->12384K(41984K)
[105.447s][info][gc,heap        ] GC(328) ParOldGen: 549181K(1398272K)->556637K(1398272K)
[105.447s][info][gc,metaspace   ] GC(328) Metaspace: 10418K(10688K)->10418K(10688K) NonClass: 9534K(9664K)->9534K(9664K) Class: 884K(1024K)->884K(1024K)
[105.447s][info][gc             ] GC(328) Pause Young (Allocation Failure) 1146M->555M(2004M) 9.854ms
[105.447s][info][gc,cpu         ] GC(328) User=0.00s Sys=0.00s Real=0.01s
[105.657s][info][gc,start       ] GC(329) Pause Young (Allocation Failure)
[105.667s][info][gc,heap        ] GC(329) PSYoungGen: 624736K(654336K)->12128K(660992K) Eden: 612352K(612352K)->0K(621056K) From: 12384K(41984K)->12128K(39936K)
[105.667s][info][gc,heap        ] GC(329) ParOldGen: 556637K(1398272K)->564357K(1398272K)
[105.667s][info][gc,metaspace   ] GC(329) Metaspace: 10418K(10688K)->10418K(10688K) NonClass: 9534K(9664K)->9534K(9664K) Class: 884K(1024K)->884K(1024K)
[105.667s][info][gc             ] GC(329) Pause Young (Allocation Failure) 1153M->562M(2011M) 10.271ms
[105.667s][info][gc,cpu         ] GC(329) User=0.09s Sys=0.00s Real=0.01s
[105.886s][info][gc,start       ] GC(330) Pause Young (Allocation Failure)
[105.898s][info][gc,heap        ] GC(330) PSYoungGen: 633184K(660992K)->12480K(658944K) Eden: 621056K(621056K)->0K(621056K) From: 12128K(39936K)->12480K(37888K)
[105.898s][info][gc,heap        ] GC(330) ParOldGen: 564357K(1398272K)->571701K(1398272K)
[105.898s][info][gc,metaspace   ] GC(330) Metaspace: 10418K(10688K)->10418K(10688K) NonClass: 9534K(9664K)->9534K(9664K) Class: 884K(1024K)->884K(1024K)
[105.898s][info][gc             ] GC(330) Pause Young (Allocation Failure) 1169M->570M(2009M) 11.939ms
[105.898s][info][gc,cpu         ] GC(330) User=0.00s Sys=0.00s Real=0.01s
[106.116s][info][gc,start       ] GC(331) Pause Young (Allocation Failure)
[106.126s][info][gc,heap        ] GC(331) PSYoungGen: 633536K(658944K)->12704K(664576K) Eden: 621056K(621056K)->0K(628224K) From: 12480K(37888K)->12704K(36352K)
[106.126s][info][gc,heap        ] GC(331) ParOldGen: 571701K(1398272K)->579349K(1398272K)
[106.126s][info][gc,metaspace   ] GC(331) Metaspace: 10418K(10688K)->10418K(10688K) NonClass: 9534K(9664K)->9534K(9664K) Class: 884K(1024K)->884K(1024K)
[106.126s][info][gc             ] GC(331) Pause Young (Allocation Failure) 1176M->578M(2014M) 10.854ms
[106.126s][info][gc,cpu         ] GC(331) User=0.08s Sys=0.00s Real=0.01s
[106.342s][info][gc,start       ] GC(332) Pause Young (Allocation Failure)
[106.353s][info][gc,heap        ] GC(332) PSYoungGen: 640928K(664576K)->13056K(662528K) Eden: 628224K(628224K)->0K(628224K) From: 12704K(36352K)->13056K(34304K)
[106.353s][info][gc,heap        ] GC(332) ParOldGen: 579349K(1398272K)->587053K(1398272K)
[106.353s][info][gc,metaspace   ] GC(332) Metaspace: 10418K(10688K)->10418K(10688K) NonClass: 9534K(9664K)->9534K(9664K) Class: 884K(1024K)->884K(1024K)
[106.353s][info][gc             ] GC(332) Pause Young (Allocation Failure) 1191M->586M(2012M) 10.618ms
[106.353s][info][gc,cpu         ] GC(332) User=0.00s Sys=0.00s Real=0.01s
[106.558s][info][gc,start       ] GC(333) Pause Young (Allocation Failure)
[106.569s][info][gc,heap        ] GC(333) PSYoungGen: 641280K(662528K)->13024K(667648K) Eden: 628224K(628224K)->0K(634880K) From: 13056K(34304K)->13024K(32768K)
[106.569s][info][gc,heap        ] GC(333) ParOldGen: 587053K(1398272K)->594989K(1398272K)
[106.569s][info][gc,metaspace   ] GC(333) Metaspace: 10418K(10688K)->10418K(10688K) NonClass: 9534K(9664K)->9534K(9664K) Class: 884K(1024K)->884K(1024K)
[106.569s][info][gc             ] GC(333) Pause Young (Allocation Failure) 1199M->593M(2017M) 10.340ms
[106.569s][info][gc,cpu         ] GC(333) User=0.00s Sys=0.00s Real=0.01s
[106.778s][info][gc,start       ] GC(334) Pause Young (Allocation Failure)
[106.788s][info][gc,heap        ] GC(334) PSYoungGen: 647904K(667648K)->13088K(666112K) Eden: 634880K(634880K)->0K(634880K) From: 13024K(32768K)->13088K(31232K)
[106.789s][info][gc,heap        ] GC(334) ParOldGen: 594989K(1398272K)->603029K(1398272K)
[106.789s][info][gc,metaspace   ] GC(334) Metaspace: 10418K(10688K)->10418K(10688K) NonClass: 9534K(9664K)->9534K(9664K) Class: 884K(1024K)->884K(1024K)
[106.789s][info][gc             ] GC(334) Pause Young (Allocation Failure) 1213M->601M(2016M) 10.573ms
[106.789s][info][gc,cpu         ] GC(334) User=0.00s Sys=0.00s Real=0.01s
[106.996s][info][gc,start       ] GC(335) Pause Young (Allocation Failure)
[107.007s][info][gc,heap        ] GC(335) PSYoungGen: 647968K(666112K)->13216K(670720K) Eden: 634880K(634880K)->0K(641024K) From: 13088K(31232K)->13216K(29696K)
[107.007s][info][gc,heap        ] GC(335) ParOldGen: 603029K(1398272K)->611037K(1398272K)
[107.007s][info][gc,metaspace   ] GC(335) Metaspace: 10418K(10688K)->10418K(10688K) NonClass: 9534K(9664K)->9534K(9664K) Class: 884K(1024K)->884K(1024K)
[107.007s][info][gc             ] GC(335) Pause Young (Allocation Failure) 1221M->609M(2020M) 10.694ms
[107.007s][info][gc,cpu         ] GC(335) User=0.00s Sys=0.00s Real=0.01s
[107.214s][info][gc,start       ] GC(336) Pause Young (Allocation Failure)
[107.224s][info][gc,heap        ] GC(336) PSYoungGen: 654240K(670720K)->13024K(669184K) Eden: 641024K(641024K)->0K(641024K) From: 13216K(29696K)->13024K(28160K)
[107.224s][info][gc,heap        ] GC(336) ParOldGen: 611037K(1398272K)->619109K(1398272K)
[107.224s][info][gc,metaspace   ] GC(336) Metaspace: 10418K(10688K)->10418K(10688K) NonClass: 9534K(9664K)->9534K(9664K) Class: 884K(1024K)->884K(1024K)
[107.224s][info][gc             ] GC(336) Pause Young (Allocation Failure) 1235M->617M(2019M) 10.254ms
[107.224s][info][gc,cpu         ] GC(336) User=0.00s Sys=0.00s Real=0.01s
[107.433s][info][gc,start       ] GC(337) Pause Young (Allocation Failure)
[107.444s][info][gc,heap        ] GC(337) PSYoungGen: 654048K(669184K)->12992K(673280K) Eden: 641024K(641024K)->0K(646144K) From: 13024K(28160K)->12992K(27136K)
[107.444s][info][gc,heap        ] GC(337) ParOldGen: 619109K(1398272K)->627221K(1398272K)
[107.444s][info][gc,metaspace   ] GC(337) Metaspace: 10418K(10688K)->10418K(10688K) NonClass: 9534K(9664K)->9534K(9664K) Class: 884K(1024K)->884K(1024K)
[107.444s][info][gc             ] GC(337) Pause Young (Allocation Failure) 1243M->625M(2023M) 10.468ms
[107.444s][info][gc,cpu         ] GC(337) User=0.00s Sys=0.00s Real=0.01s
[107.657s][info][gc,start       ] GC(338) Pause Young (Allocation Failure)
[107.668s][info][gc,heap        ] GC(338) PSYoungGen: 659136K(673280K)->13280K(671744K) Eden: 646144K(646144K)->0K(646144K) From: 12992K(27136K)->13280K(25600K)
[107.668s][info][gc,heap        ] GC(338) ParOldGen: 627221K(1398272K)->635093K(1398272K)
[107.668s][info][gc,metaspace   ] GC(338) Metaspace: 10418K(10688K)->10418K(10688K) NonClass: 9534K(9664K)->9534K(9664K) Class: 884K(1024K)->884K(1024K)
[107.668s][info][gc             ] GC(338) Pause Young (Allocation Failure) 1256M->633M(2021M) 10.614ms
[107.668s][info][gc,cpu         ] GC(338) User=0.09s Sys=0.00s Real=0.01s
[107.877s][info][gc,start       ] GC(339) Pause Young (Allocation Failure)
[107.887s][info][gc,heap        ] GC(339) PSYoungGen: 659424K(671744K)->13120K(675328K) Eden: 646144K(646144K)->0K(650752K) From: 13280K(25600K)->13120K(24576K)
[107.887s][info][gc,heap        ] GC(339) ParOldGen: 635093K(1398272K)->643197K(1398272K)
[107.887s][info][gc,metaspace   ] GC(339) Metaspace: 10418K(10688K)->10418K(10688K) NonClass: 9534K(9664K)->9534K(9664K) Class: 884K(1024K)->884K(1024K)
[107.887s][info][gc             ] GC(339) Pause Young (Allocation Failure) 1264M->640M(2025M) 10.467ms
[107.887s][info][gc,cpu         ] GC(339) User=0.09s Sys=0.00s Real=0.01s
[108.104s][info][gc,start       ] GC(340) Pause Young (Allocation Failure)
[108.114s][info][gc,heap        ] GC(340) PSYoungGen: 663872K(675328K)->13280K(674304K) Eden: 650752K(650752K)->0K(650752K) From: 13120K(24576K)->13280K(23552K)
[108.114s][info][gc,heap        ] GC(340) ParOldGen: 643197K(1398272K)->651189K(1398272K)
[108.114s][info][gc,metaspace   ] GC(340) Metaspace: 10418K(10688K)->10418K(10688K) NonClass: 9534K(9664K)->9534K(9664K) Class: 884K(1024K)->884K(1024K)
[108.114s][info][gc             ] GC(340) Pause Young (Allocation Failure) 1276M->648M(2024M) 10.694ms
[108.114s][info][gc,cpu         ] GC(340) User=0.00s Sys=0.00s Real=0.02s
[109.094s][info][gc,start       ] GC(341) Pause Young (Allocation Failure)
[109.149s][info][gc,heap        ] GC(341) PSYoungGen: 664032K(674304K)->23018K(627712K) Eden: 650752K(650752K)->0K(604672K) From: 13280K(23552K)->23018K(23040K)
[109.149s][info][gc,heap        ] GC(341) ParOldGen: 651189K(1398272K)->710053K(1398272K)
[109.149s][info][gc,metaspace   ] GC(341) Metaspace: 10437K(10688K)->10437K(10688K) NonClass: 9553K(9664K)->9553K(9664K) Class: 884K(1024K)->884K(1024K)
[109.149s][info][gc             ] GC(341) Pause Young (Allocation Failure) 1284M->715M(1978M) 54.213ms
[109.149s][info][gc,cpu         ] GC(341) User=0.28s Sys=0.00s Real=0.06s
[109.879s][info][gc,start       ] GC(342) Pause Young (Allocation Failure)
[109.938s][info][gc,heap        ] GC(342) PSYoungGen: 627690K(627712K)->47104K(651776K) Eden: 604672K(604672K)->0K(604672K) From: 23018K(23040K)->47104K(47104K)
[109.939s][info][gc,heap        ] GC(342) ParOldGen: 710053K(1398272K)->759111K(1398272K)
[109.939s][info][gc,metaspace   ] GC(342) Metaspace: 10437K(10688K)->10437K(10688K) NonClass: 9553K(9664K)->9553K(9664K) Class: 884K(1024K)->884K(1024K)
[109.939s][info][gc             ] GC(342) Pause Young (Allocation Failure) 1306M->787M(2002M) 59.370ms
[109.939s][info][gc,cpu         ] GC(342) User=0.38s Sys=0.00s Real=0.07s
[110.771s][info][gc,start       ] GC(343) Pause Young (Allocation Failure)
[110.817s][info][gc,heap        ] GC(343) PSYoungGen: 651776K(651776K)->47104K(562688K) Eden: 604672K(604672K)->0K(515584K) From: 47104K(47104K)->47104K(47104K)
[110.817s][info][gc,heap        ] GC(343) ParOldGen: 759111K(1398272K)->803087K(1398272K)
[110.817s][info][gc,metaspace   ] GC(343) Metaspace: 10437K(10688K)->10437K(10688K) NonClass: 9553K(9664K)->9553K(9664K) Class: 884K(1024K)->884K(1024K)
[110.817s][info][gc             ] GC(343) Pause Young (Allocation Failure) 1377M->830M(1915M) 46.164ms
[110.817s][info][gc,cpu         ] GC(343) User=0.28s Sys=0.00s Real=0.05s
[111.560s][info][gc,start       ] GC(344) Pause Young (Allocation Failure)
[111.581s][info][gc,heap        ] GC(344) PSYoungGen: 562688K(562688K)->6976K(607232K) Eden: 515584K(515584K)->0K(515584K) From: 47104K(47104K)->6976K(91648K)
[111.581s][info][gc,heap        ] GC(344) ParOldGen: 803087K(1398272K)->845335K(1398272K)
[111.581s][info][gc,metaspace   ] GC(344) Metaspace: 10437K(10688K)->10437K(10688K) NonClass: 9553K(9664K)->9553K(9664K) Class: 884K(1024K)->884K(1024K)
[111.581s][info][gc             ] GC(344) Pause Young (Allocation Failure) 1333M->832M(1958M) 20.667ms
[111.581s][info][gc,cpu         ] GC(344) User=0.09s Sys=0.00s Real=0.02s
[112.134s][info][gc,start       ] GC(345) Pause Young (Allocation Failure)
[112.166s][info][gc,heap        ] GC(345) PSYoungGen: 522560K(607232K)->51248K(606208K) Eden: 515584K(515584K)->0K(515584K) From: 6976K(91648K)->51248K(90624K)
[112.166s][info][gc,heap        ] GC(345) ParOldGen: 845335K(1398272K)->850927K(1398272K)
[112.166s][info][gc,metaspace   ] GC(345) Metaspace: 10437K(10688K)->10437K(10688K) NonClass: 9553K(9664K)->9553K(9664K) Class: 884K(1024K)->884K(1024K)
[112.166s][info][gc             ] GC(345) Pause Young (Allocation Failure) 1335M->881M(1957M) 31.715ms
[112.166s][info][gc,cpu         ] GC(345) User=0.19s Sys=0.00s Real=0.04s
[112.624s][info][gc,start       ] GC(346) Pause Young (Allocation Failure)
[112.660s][info][gc,heap        ] GC(346) PSYoungGen: 566832K(606208K)->63946K(579584K) Eden: 515584K(515584K)->0K(515584K) From: 51248K(90624K)->63946K(64000K)
[112.660s][info][gc,heap        ] GC(346) ParOldGen: 850927K(1398272K)->857023K(1398272K)
[112.660s][info][gc,metaspace   ] GC(346) Metaspace: 10437K(10688K)->10437K(10688K) NonClass: 9553K(9664K)->9553K(9664K) Class: 884K(1024K)->884K(1024K)
[112.660s][info][gc             ] GC(346) Pause Young (Allocation Failure) 1384M->899M(1931M) 36.136ms
[112.660s][info][gc,cpu         ] GC(346) User=0.19s Sys=0.00s Real=0.04s
[113.046s][info][gc,start       ] GC(347) Pause Young (Allocation Failure)
[113.106s][info][gc,heap        ] GC(347) PSYoungGen: 579530K(579584K)->63296K(594432K) Eden: 515584K(515584K)->0K(497152K) From: 63946K(64000K)->63296K(97280K)
[113.106s][info][gc,heap        ] GC(347) ParOldGen: 857023K(1398272K)->917649K(1398272K)
[113.106s][info][gc,metaspace   ] GC(347) Metaspace: 10437K(10688K)->10437K(10688K) NonClass: 9553K(9664K)->9553K(9664K) Class: 884K(1024K)->884K(1024K)
[113.106s][info][gc             ] GC(347) Pause Young (Allocation Failure) 1402M->957M(1946M) 59.969ms
[113.106s][info][gc,cpu         ] GC(347) User=0.38s Sys=0.00s Real=0.06s
[113.666s][info][gc,start       ] GC(348) Pause Young (Allocation Failure)
[113.710s][info][gc,heap        ] GC(348) PSYoungGen: 560448K(594432K)->37056K(598016K) Eden: 497152K(497152K)->0K(497152K) From: 63296K(97280K)->37056K(100864K)
[113.710s][info][gc,heap        ] GC(348) ParOldGen: 917649K(1398272K)->970409K(1398272K)
[113.710s][info][gc,metaspace   ] GC(348) Metaspace: 10437K(10688K)->10437K(10688K) NonClass: 9553K(9664K)->9553K(9664K) Class: 884K(1024K)->884K(1024K)
[113.710s][info][gc             ] GC(348) Pause Young (Allocation Failure) 1443M->983M(1949M) 44.014ms
[113.710s][info][gc,cpu         ] GC(348) User=0.19s Sys=0.00s Real=0.04s
[114.090s][info][gc,start       ] GC(349) Pause Young (System.gc())
[114.094s][info][gc,heap        ] GC(349) PSYoungGen: 252795K(598016K)->4109K(602624K) Eden: 215739K(497152K)->0K(507392K) From: 37056K(100864K)->4109K(95232K)
[114.094s][info][gc,heap        ] GC(349) ParOldGen: 970409K(1398272K)->978345K(1398272K)
[114.094s][info][gc,metaspace   ] GC(349) Metaspace: 10440K(10688K)->10440K(10688K) NonClass: 9556K(9664K)->9556K(9664K) Class: 884K(1024K)->884K(1024K)
[114.094s][info][gc             ] GC(349) Pause Young (System.gc()) 1194M->959M(1954M) 4.708ms
[114.094s][info][gc,cpu         ] GC(349) User=0.00s Sys=0.00s Real=0.02s
[114.094s][info][gc,start       ] GC(350) Pause Full (System.gc())
[114.094s][info][gc,phases,start] GC(350) Marking Phase
[114.180s][info][gc,phases      ] GC(350) Marking Phase 85.157ms
[114.180s][info][gc,phases,start] GC(350) Summary Phase
[114.180s][info][gc,phases      ] GC(350) Summary Phase 0.017ms
[114.180s][info][gc,phases,start] GC(350) Adjust Roots
[114.182s][info][gc,phases      ] GC(350) Adjust Roots 2.706ms
[114.182s][info][gc,phases,start] GC(350) Compaction Phase
[114.299s][info][gc,phases      ] GC(350) Compaction Phase 117.035ms
[114.299s][info][gc,phases,start] GC(350) Post Compact
[114.301s][info][gc,phases      ] GC(350) Post Compact 1.612ms
[114.301s][info][gc,heap        ] GC(350) PSYoungGen: 4109K(602624K)->0K(602624K) Eden: 0K(507392K)->0K(507392K) From: 4109K(95232K)->0K(95232K)
[114.301s][info][gc,heap        ] GC(350) ParOldGen: 978345K(1398272K)->434700K(1398272K)
[114.301s][info][gc,metaspace   ] GC(350) Metaspace: 10440K(10688K)->10440K(10688K) NonClass: 9556K(9664K)->9556K(9664K) Class: 884K(1024K)->884K(1024K)
[114.301s][info][gc             ] GC(350) Pause Full (System.gc()) 959M->424M(1954M) 206.761ms
[114.301s][info][gc,cpu         ] GC(350) User=1.12s Sys=0.00s Real=0.21s
[114.469s][info][gc,start       ] GC(351) Pause Young (Allocation Failure)
[114.475s][info][gc,heap        ] GC(351) PSYoungGen: 507392K(602624K)->10912K(603136K) Eden: 507392K(507392K)->0K(507392K) From: 0K(95232K)->10912K(95744K)
[114.475s][info][gc,heap        ] GC(351) ParOldGen: 434700K(1398272K)->434708K(1398272K)
[114.475s][info][gc,metaspace   ] GC(351) Metaspace: 10447K(10688K)->10447K(10688K) NonClass: 9563K(9664K)->9563K(9664K) Class: 884K(1024K)->884K(1024K)
[114.475s][info][gc             ] GC(351) Pause Young (Allocation Failure) 920M->435M(1954M) 6.199ms
[114.475s][info][gc,cpu         ] GC(351) User=0.00s Sys=0.00s Real=0.01s
[114.633s][info][gc,start       ] GC(352) Pause Young (Allocation Failure)
[114.642s][info][gc,heap        ] GC(352) PSYoungGen: 518304K(603136K)->10528K(607232K) Eden: 507392K(507392K)->0K(513536K) From: 10912K(95744K)->10528K(93696K)
[114.642s][info][gc,heap        ] GC(352) ParOldGen: 434708K(1398272K)->441692K(1398272K)
[114.642s][info][gc,metaspace   ] GC(352) Metaspace: 10447K(10688K)->10447K(10688K) NonClass: 9563K(9664K)->9563K(9664K) Class: 884K(1024K)->884K(1024K)
[114.642s][info][gc             ] GC(352) Pause Young (Allocation Failure) 930M->441M(1958M) 8.348ms
[114.642s][info][gc,cpu         ] GC(352) User=0.09s Sys=0.00s Real=0.01s
[114.801s][info][gc,start       ] GC(353) Pause Young (Allocation Failure)
[114.809s][info][gc,heap        ] GC(353) PSYoungGen: 524064K(607232K)->10592K(605184K) Eden: 513536K(513536K)->0K(513536K) From: 10528K(93696K)->10592K(91648K)
[114.809s][info][gc,heap        ] GC(353) ParOldGen: 441692K(1398272K)->448284K(1398272K)
[114.809s][info][gc,metaspace   ] GC(353) Metaspace: 10447K(10688K)->10447K(10688K) NonClass: 9563K(9664K)->9563K(9664K) Class: 884K(1024K)->884K(1024K)
[114.809s][info][gc             ] GC(353) Pause Young (Allocation Failure) 943M->448M(1956M) 8.358ms
[114.809s][info][gc,cpu         ] GC(353) User=0.09s Sys=0.00s Real=0.01s
[114.971s][info][gc,start       ] GC(354) Pause Young (Allocation Failure)
[114.980s][info][gc,heap        ] GC(354) PSYoungGen: 524128K(605184K)->10784K(612864K) Eden: 513536K(513536K)->0K(523776K) From: 10592K(91648K)->10784K(89088K)
[114.980s][info][gc,heap        ] GC(354) ParOldGen: 448284K(1398272K)->454836K(1398272K)
[114.980s][info][gc,metaspace   ] GC(354) Metaspace: 10447K(10688K)->10447K(10688K) NonClass: 9563K(9664K)->9563K(9664K) Class: 884K(1024K)->884K(1024K)
[114.980s][info][gc             ] GC(354) Pause Young (Allocation Failure) 949M->454M(1964M) 8.704ms
[114.980s][info][gc,cpu         ] GC(354) User=0.09s Sys=0.00s Real=0.01s
[115.148s][info][gc,start       ] GC(355) Pause Young (Allocation Failure)
[115.157s][info][gc,heap        ] GC(355) PSYoungGen: 534560K(612864K)->11072K(609792K) Eden: 523776K(523776K)->0K(523776K) From: 10784K(89088K)->11072K(86016K)
[115.157s][info][gc,heap        ] GC(355) ParOldGen: 454836K(1398272K)->461460K(1398272K)
[115.157s][info][gc,metaspace   ] GC(355) Metaspace: 10447K(10688K)->10447K(10688K) NonClass: 9563K(9664K)->9563K(9664K) Class: 884K(1024K)->884K(1024K)
[115.157s][info][gc             ] GC(355) Pause Young (Allocation Failure) 966M->461M(1961M) 8.837ms
[115.157s][info][gc,cpu         ] GC(355) User=0.09s Sys=0.00s Real=0.01s
[115.325s][info][gc,start       ] GC(356) Pause Young (Allocation Failure)
[115.335s][info][gc,heap        ] GC(356) PSYoungGen: 534848K(609792K)->11168K(619520K) Eden: 523776K(523776K)->0K(536576K) From: 11072K(86016K)->11168K(82944K)
[115.335s][info][gc,heap        ] GC(356) ParOldGen: 461460K(1398272K)->468276K(1398272K)
[115.335s][info][gc,metaspace   ] GC(356) Metaspace: 10447K(10688K)->10447K(10688K) NonClass: 9563K(9664K)->9563K(9664K) Class: 884K(1024K)->884K(1024K)
[115.335s][info][gc             ] GC(356) Pause Young (Allocation Failure) 972M->468M(1970M) 9.510ms
[115.335s][info][gc,cpu         ] GC(356) User=0.00s Sys=0.00s Real=0.01s
[115.509s][info][gc,start       ] GC(357) Pause Young (Allocation Failure)
[115.519s][info][gc,heap        ] GC(357) PSYoungGen: 547744K(619520K)->11552K(615936K) Eden: 536576K(536576K)->0K(536576K) From: 11168K(82944K)->11552K(79360K)
[115.519s][info][gc,heap        ] GC(357) ParOldGen: 468276K(1398272K)->475100K(1398272K)
[115.519s][info][gc,metaspace   ] GC(357) Metaspace: 10447K(10688K)->10447K(10688K) NonClass: 9563K(9664K)->9563K(9664K) Class: 884K(1024K)->884K(1024K)
[115.519s][info][gc             ] GC(357) Pause Young (Allocation Failure) 992M->475M(1967M) 9.557ms
[115.519s][info][gc,cpu         ] GC(357) User=0.08s Sys=0.00s Real=0.01s
[115.691s][info][gc,start       ] GC(358) Pause Young (Allocation Failure)
[115.700s][info][gc,heap        ] GC(358) PSYoungGen: 548128K(615936K)->11200K(626176K) Eden: 536576K(536576K)->0K(549888K) From: 11552K(79360K)->11200K(76288K)
[115.700s][info][gc,heap        ] GC(358) ParOldGen: 475100K(1398272K)->482276K(1398272K)
[115.700s][info][gc,metaspace   ] GC(358) Metaspace: 10447K(10688K)->10447K(10688K) NonClass: 9563K(9664K)->9563K(9664K) Class: 884K(1024K)->884K(1024K)
[115.700s][info][gc             ] GC(358) Pause Young (Allocation Failure) 999M->481M(1977M) 9.060ms
[115.700s][info][gc,cpu         ] GC(358) User=0.09s Sys=0.00s Real=0.01s
[115.878s][info][gc,start       ] GC(359) Pause Young (Allocation Failure)
[115.887s][info][gc,heap        ] GC(359) PSYoungGen: 561088K(626176K)->11776K(622592K) Eden: 549888K(549888K)->0K(549888K) From: 11200K(76288K)->11776K(72704K)
[115.887s][info][gc,heap        ] GC(359) ParOldGen: 482276K(1398272K)->489268K(1398272K)
[115.887s][info][gc,metaspace   ] GC(359) Metaspace: 10447K(10688K)->10447K(10688K) NonClass: 9563K(9664K)->9563K(9664K) Class: 884K(1024K)->884K(1024K)
[115.887s][info][gc             ] GC(359) Pause Young (Allocation Failure) 1018M->489M(1973M) 9.384ms
[115.887s][info][gc,cpu         ] GC(359) User=0.09s Sys=0.00s Real=0.01s
[116.065s][info][gc,start       ] GC(360) Pause Young (Allocation Failure)
[116.074s][info][gc,heap        ] GC(360) PSYoungGen: 561664K(622592K)->11488K(632832K) Eden: 549888K(549888K)->0K(563200K) From: 11776K(72704K)->11488K(69632K)
[116.074s][info][gc,heap        ] GC(360) ParOldGen: 489268K(1398272K)->496468K(1398272K)
[116.074s][info][gc,metaspace   ] GC(360) Metaspace: 10447K(10688K)->10447K(10688K) NonClass: 9563K(9664K)->9563K(9664K) Class: 884K(1024K)->884K(1024K)
[116.074s][info][gc             ] GC(360) Pause Young (Allocation Failure) 1026M->496M(1983M) 9.192ms
[116.074s][info][gc,cpu         ] GC(360) User=0.09s Sys=0.00s Real=0.01s
[116.257s][info][gc,start       ] GC(361) Pause Young (Allocation Failure)
[116.267s][info][gc,heap        ] GC(361) PSYoungGen: 574688K(632832K)->11904K(629248K) Eden: 563200K(563200K)->0K(563200K) From: 11488K(69632K)->11904K(66048K)
[116.267s][info][gc,heap        ] GC(361) ParOldGen: 496468K(1398272K)->503420K(1398272K)
[116.267s][info][gc,metaspace   ] GC(361) Metaspace: 10447K(10688K)->10447K(10688K) NonClass: 9563K(9664K)->9563K(9664K) Class: 884K(1024K)->884K(1024K)
[116.267s][info][gc             ] GC(361) Pause Young (Allocation Failure) 1046M->503M(1980M) 9.532ms
[116.267s][info][gc,cpu         ] GC(361) User=0.09s Sys=0.00s Real=0.01s
[116.448s][info][gc,start       ] GC(362) Pause Young (Allocation Failure)
[116.457s][info][gc,heap        ] GC(362) PSYoungGen: 575104K(629248K)->11552K(638976K) Eden: 563200K(563200K)->0K(576000K) From: 11904K(66048K)->11552K(62976K)
[116.457s][info][gc,heap        ] GC(362) ParOldGen: 503420K(1398272K)->510716K(1398272K)
[116.457s][info][gc,metaspace   ] GC(362) Metaspace: 10447K(10688K)->10447K(10688K) NonClass: 9563K(9664K)->9563K(9664K) Class: 884K(1024K)->884K(1024K)
[116.457s][info][gc             ] GC(362) Pause Young (Allocation Failure) 1053M->510M(1989M) 9.352ms
[116.457s][info][gc,cpu         ] GC(362) User=0.00s Sys=0.00s Real=0.01s
[116.644s][info][gc,start       ] GC(363) Pause Young (Allocation Failure)
[116.654s][info][gc,heap        ] GC(363) PSYoungGen: 587552K(638976K)->12128K(635904K) Eden: 576000K(576000K)->0K(576000K) From: 11552K(62976K)->12128K(59904K)
[116.654s][info][gc,heap        ] GC(363) ParOldGen: 510716K(1398272K)->517692K(1398272K)
[116.654s][info][gc,metaspace   ] GC(363) Metaspace: 10447K(10688K)->10447K(10688K) NonClass: 9563K(9664K)->9563K(9664K) Class: 884K(1024K)->884K(1024K)
[116.654s][info][gc             ] GC(363) Pause Young (Allocation Failure) 1072M->517M(1986M) 9.572ms
[116.654s][info][gc,cpu         ] GC(363) User=0.09s Sys=0.00s Real=0.01s
[116.839s][info][gc,start       ] GC(364) Pause Young (Allocation Failure)
[116.849s][info][gc,heap        ] GC(364) PSYoungGen: 588128K(635904K)->11904K(645120K) Eden: 576000K(576000K)->0K(588288K) From: 12128K(59904K)->11904K(56832K)
[116.849s][info][gc,heap        ] GC(364) ParOldGen: 517692K(1398272K)->525260K(1398272K)
[116.849s][info][gc,metaspace   ] GC(364) Metaspace: 10447K(10688K)->10447K(10688K) NonClass: 9563K(9664K)->9563K(9664K) Class: 884K(1024K)->884K(1024K)
[116.849s][info][gc             ] GC(364) Pause Young (Allocation Failure) 1079M->524M(1995M) 9.794ms
[116.849s][info][gc,cpu         ] GC(364) User=0.00s Sys=0.00s Real=0.01s
[117.039s][info][gc,start       ] GC(365) Pause Young (Allocation Failure)
[117.049s][info][gc,heap        ] GC(365) PSYoungGen: 600192K(645120K)->12352K(642048K) Eden: 588288K(588288K)->0K(588288K) From: 11904K(56832K)->12352K(53760K)
[117.049s][info][gc,heap        ] GC(365) ParOldGen: 525260K(1398272K)->532548K(1398272K)
[117.049s][info][gc,metaspace   ] GC(365) Metaspace: 10447K(10688K)->10447K(10688K) NonClass: 9563K(9664K)->9563K(9664K) Class: 884K(1024K)->884K(1024K)
[117.049s][info][gc             ] GC(365) Pause Young (Allocation Failure) 1099M->532M(1992M) 10.139ms
[117.049s][info][gc,cpu         ] GC(365) User=0.09s Sys=0.00s Real=0.01s
[117.241s][info][gc,start       ] GC(366) Pause Young (Allocation Failure)
[117.250s][info][gc,heap        ] GC(366) PSYoungGen: 600640K(642048K)->12128K(650752K) Eden: 588288K(588288K)->0K(600064K) From: 12352K(53760K)->12128K(50688K)
[117.250s][info][gc,heap        ] GC(366) ParOldGen: 532548K(1398272K)->540036K(1398272K)
[117.250s][info][gc,metaspace   ] GC(366) Metaspace: 10447K(10688K)->10447K(10688K) NonClass: 9563K(9664K)->9563K(9664K) Class: 884K(1024K)->884K(1024K)
[117.250s][info][gc             ] GC(366) Pause Young (Allocation Failure) 1106M->539M(2001M) 9.827ms
[117.250s][info][gc,cpu         ] GC(366) User=0.09s Sys=0.00s Real=0.01s
[117.446s][info][gc,start       ] GC(367) Pause Young (Allocation Failure)
[117.456s][info][gc,heap        ] GC(367) PSYoungGen: 612192K(650752K)->12096K(648192K) Eden: 600064K(600064K)->0K(600064K) From: 12128K(50688K)->12096K(48128K)
[117.456s][info][gc,heap        ] GC(367) ParOldGen: 540036K(1398272K)->547508K(1398272K)
[117.456s][info][gc,metaspace   ] GC(367) Metaspace: 10447K(10688K)->10447K(10688K) NonClass: 9563K(9664K)->9563K(9664K) Class: 884K(1024K)->884K(1024K)
[117.456s][info][gc             ] GC(367) Pause Young (Allocation Failure) 1125M->546M(1998M) 9.720ms
[117.456s][info][gc,cpu         ] GC(367) User=0.09s Sys=0.00s Real=0.01s
[117.649s][info][gc,start       ] GC(368) Pause Young (Allocation Failure)
[117.660s][info][gc,heap        ] GC(368) PSYoungGen: 612160K(648192K)->12416K(655360K) Eden: 600064K(600064K)->0K(609792K) From: 12096K(48128K)->12416K(45568K)
[117.660s][info][gc,heap        ] GC(368) ParOldGen: 547508K(1398272K)->554964K(1398272K)
[117.660s][info][gc,metaspace   ] GC(368) Metaspace: 10447K(10688K)->10447K(10688K) NonClass: 9563K(9664K)->9563K(9664K) Class: 884K(1024K)->884K(1024K)
[117.660s][info][gc             ] GC(368) Pause Young (Allocation Failure) 1132M->554M(2005M) 10.351ms
[117.660s][info][gc,cpu         ] GC(368) User=0.09s Sys=0.00s Real=0.01s
[117.855s][info][gc,start       ] GC(369) Pause Young (Allocation Failure)
[117.864s][info][gc,heap        ] GC(369) PSYoungGen: 622208K(655360K)->12032K(653312K) Eden: 609792K(609792K)->0K(609792K) From: 12416K(45568K)->12032K(43520K)
[117.864s][info][gc,heap        ] GC(369) ParOldGen: 554964K(1398272K)->562620K(1398272K)
[117.864s][info][gc,metaspace   ] GC(369) Metaspace: 10447K(10688K)->10447K(10688K) NonClass: 9563K(9664K)->9563K(9664K) Class: 884K(1024K)->884K(1024K)
[117.864s][info][gc             ] GC(369) Pause Young (Allocation Failure) 1149M->561M(2003M) 9.794ms
[117.864s][info][gc,cpu         ] GC(369) User=0.00s Sys=0.00s Real=0.01s
[118.069s][info][gc,start       ] GC(370) Pause Young (Allocation Failure)
[118.079s][info][gc,heap        ] GC(370) PSYoungGen: 621824K(653312K)->12160K(659968K) Eden: 609792K(609792K)->0K(619008K) From: 12032K(43520K)->12160K(40960K)
[118.079s][info][gc,heap        ] GC(370) ParOldGen: 562620K(1398272K)->570068K(1398272K)
[118.079s][info][gc,metaspace   ] GC(370) Metaspace: 10447K(10688K)->10447K(10688K) NonClass: 9563K(9664K)->9563K(9664K) Class: 884K(1024K)->884K(1024K)
[118.079s][info][gc             ] GC(370) Pause Young (Allocation Failure) 1156M->568M(2010M) 9.713ms
[118.079s][info][gc,cpu         ] GC(370) User=0.09s Sys=0.00s Real=0.01s
[118.278s][info][gc,start       ] GC(371) Pause Young (Allocation Failure)
[118.288s][info][gc,heap        ] GC(371) PSYoungGen: 631168K(659968K)->12320K(657920K) Eden: 619008K(619008K)->0K(619008K) From: 12160K(40960K)->12320K(38912K)
[118.288s][info][gc,heap        ] GC(371) ParOldGen: 570068K(1398272K)->577580K(1398272K)
[118.288s][info][gc,metaspace   ] GC(371) Metaspace: 10447K(10688K)->10447K(10688K) NonClass: 9563K(9664K)->9563K(9664K) Class: 884K(1024K)->884K(1024K)
[118.288s][info][gc             ] GC(371) Pause Young (Allocation Failure) 1173M->576M(2008M) 9.844ms
[118.288s][info][gc,cpu         ] GC(371) User=0.00s Sys=0.00s Real=0.01s
[118.491s][info][gc,start       ] GC(372) Pause Young (Allocation Failure)
[118.501s][info][gc,heap        ] GC(372) PSYoungGen: 631328K(657920K)->12736K(663552K) Eden: 619008K(619008K)->0K(626688K) From: 12320K(38912K)->12736K(36864K)
[118.501s][info][gc,heap        ] GC(372) ParOldGen: 577580K(1398272K)->585076K(1398272K)
[118.501s][info][gc,metaspace   ] GC(372) Metaspace: 10447K(10688K)->10447K(10688K) NonClass: 9563K(9664K)->9563K(9664K) Class: 884K(1024K)->884K(1024K)
[118.501s][info][gc             ] GC(372) Pause Young (Allocation Failure) 1180M->583M(2013M) 10.031ms
[118.501s][info][gc,cpu         ] GC(372) User=0.09s Sys=0.00s Real=0.01s
[118.708s][info][gc,start       ] GC(373) Pause Young (Allocation Failure)
[118.718s][info][gc,heap        ] GC(373) PSYoungGen: 639424K(663552K)->12896K(662016K) Eden: 626688K(626688K)->0K(626688K) From: 12736K(36864K)->12896K(35328K)
[118.718s][info][gc,heap        ] GC(373) ParOldGen: 585076K(1398272K)->592980K(1398272K)
[118.718s][info][gc,metaspace   ] GC(373) Metaspace: 10447K(10688K)->10447K(10688K) NonClass: 9563K(9664K)->9563K(9664K) Class: 884K(1024K)->884K(1024K)
[118.718s][info][gc             ] GC(373) Pause Young (Allocation Failure) 1195M->591M(2012M) 10.350ms
[118.718s][info][gc,cpu         ] GC(373) User=0.09s Sys=0.00s Real=0.01s
[118.924s][info][gc,start       ] GC(374) Pause Young (Allocation Failure)
[118.935s][info][gc,heap        ] GC(374) PSYoungGen: 639584K(662016K)->12736K(667136K) Eden: 626688K(626688K)->0K(633856K) From: 12896K(35328K)->12736K(33280K)
[118.935s][info][gc,heap        ] GC(374) ParOldGen: 592980K(1398272K)->601052K(1398272K)
[118.935s][info][gc,metaspace   ] GC(374) Metaspace: 10447K(10688K)->10447K(10688K) NonClass: 9563K(9664K)->9563K(9664K) Class: 884K(1024K)->884K(1024K)
[118.935s][info][gc             ] GC(374) Pause Young (Allocation Failure) 1203M->599M(2017M) 10.462ms
[118.935s][info][gc,cpu         ] GC(374) User=0.09s Sys=0.00s Real=0.01s
[119.143s][info][gc,start       ] GC(375) Pause Young (Allocation Failure)
[119.154s][info][gc,heap        ] GC(375) PSYoungGen: 646592K(667136K)->13056K(665600K) Eden: 633856K(633856K)->0K(633856K) From: 12736K(33280K)->13056K(31744K)
[119.154s][info][gc,heap        ] GC(375) ParOldGen: 601052K(1398272K)->608956K(1398272K)
[119.154s][info][gc,metaspace   ] GC(375) Metaspace: 10447K(10688K)->10447K(10688K) NonClass: 9563K(9664K)->9563K(9664K) Class: 884K(1024K)->884K(1024K)
[119.154s][info][gc             ] GC(375) Pause Young (Allocation Failure) 1218M->607M(2015M) 10.630ms
[119.154s][info][gc,cpu         ] GC(375) User=0.09s Sys=0.00s Real=0.01s
[119.359s][info][gc,start       ] GC(376) Pause Young (Allocation Failure)
[119.369s][info][gc,heap        ] GC(376) PSYoungGen: 646912K(665600K)->13120K(670208K) Eden: 633856K(633856K)->0K(640000K) From: 13056K(31744K)->13120K(30208K)
[119.369s][info][gc,heap        ] GC(376) ParOldGen: 608956K(1398272K)->616956K(1398272K)
[119.369s][info][gc,metaspace   ] GC(376) Metaspace: 10447K(10688K)->10447K(10688K) NonClass: 9563K(9664K)->9563K(9664K) Class: 884K(1024K)->884K(1024K)
[119.369s][info][gc             ] GC(376) Pause Young (Allocation Failure) 1226M->615M(2020M) 10.438ms
[119.369s][info][gc,cpu         ] GC(376) User=0.09s Sys=0.00s Real=0.01s
[119.578s][info][gc,start       ] GC(377) Pause Young (Allocation Failure)
[119.589s][info][gc,heap        ] GC(377) PSYoungGen: 653120K(670208K)->13344K(668672K) Eden: 640000K(640000K)->0K(640000K) From: 13120K(30208K)->13344K(28672K)
[119.589s][info][gc,heap        ] GC(377) ParOldGen: 616956K(1398272K)->624996K(1398272K)
[119.589s][info][gc,metaspace   ] GC(377) Metaspace: 10447K(10688K)->10447K(10688K) NonClass: 9563K(9664K)->9563K(9664K) Class: 884K(1024K)->884K(1024K)
[119.589s][info][gc             ] GC(377) Pause Young (Allocation Failure) 1240M->623M(2018M) 10.902ms
[119.589s][info][gc,cpu         ] GC(377) User=0.09s Sys=0.00s Real=0.01s
[119.797s][info][gc,start       ] GC(378) Pause Young (Allocation Failure)
[119.807s][info][gc,heap        ] GC(378) PSYoungGen: 653344K(668672K)->13056K(672768K) Eden: 640000K(640000K)->0K(645632K) From: 13344K(28672K)->13056K(27136K)
[119.807s][info][gc,heap        ] GC(378) ParOldGen: 624996K(1398272K)->633020K(1398272K)
[119.807s][info][gc,metaspace   ] GC(378) Metaspace: 10447K(10688K)->10447K(10688K) NonClass: 9563K(9664K)->9563K(9664K) Class: 884K(1024K)->884K(1024K)
[119.807s][info][gc             ] GC(378) Pause Young (Allocation Failure) 1248M->630M(2022M) 10.494ms
[119.807s][info][gc,cpu         ] GC(378) User=0.09s Sys=0.00s Real=0.01s
[120.019s][info][gc,start       ] GC(379) Pause Young (Allocation Failure)
[120.029s][info][gc,heap        ] GC(379) PSYoungGen: 658688K(672768K)->13248K(671744K) Eden: 645632K(645632K)->0K(645632K) From: 13056K(27136K)->13248K(26112K)
[120.029s][info][gc,heap        ] GC(379) ParOldGen: 633020K(1398272K)->641020K(1398272K)
[120.029s][info][gc,metaspace   ] GC(379) Metaspace: 10447K(10688K)->10447K(10688K) NonClass: 9563K(9664K)->9563K(9664K) Class: 884K(1024K)->884K(1024K)
[120.030s][info][gc             ] GC(379) Pause Young (Allocation Failure) 1261M->638M(2021M) 10.738ms
[120.030s][info][gc,cpu         ] GC(379) User=0.09s Sys=0.00s Real=0.01s
[120.243s][info][gc,start       ] GC(380) Pause Young (Allocation Failure)
[120.253s][info][gc,heap        ] GC(380) PSYoungGen: 658880K(671744K)->13600K(674816K) Eden: 645632K(645632K)->0K(649728K) From: 13248K(26112K)->13600K(25088K)
[120.256s][info][gc,heap        ] GC(380) ParOldGen: 641020K(1398272K)->649052K(1398272K)
[120.256s][info][gc,metaspace   ] GC(380) Metaspace: 10447K(10688K)->10447K(10688K) NonClass: 9563K(9664K)->9563K(9664K) Class: 884K(1024K)->884K(1024K)
[120.256s][info][gc             ] GC(380) Pause Young (Allocation Failure) 1269M->647M(2024M) 13.222ms
[120.256s][info][gc,cpu         ] GC(380) User=0.09s Sys=0.00s Real=0.02s
[120.756s][info][gc,start       ] GC(381) Pause Young (Allocation Failure)
[120.785s][info][gc,heap        ] GC(381) PSYoungGen: 663328K(674816K)->24039K(673792K) Eden: 649728K(649728K)->0K(649728K) From: 13600K(25088K)->24039K(24064K)
[120.785s][info][gc,heap        ] GC(381) ParOldGen: 649052K(1398272K)->671612K(1398272K)
[120.785s][info][gc,metaspace   ] GC(381) Metaspace: 10448K(10688K)->10448K(10688K) NonClass: 9564K(9664K)->9564K(9664K) Class: 884K(1024K)->884K(1024K)
[120.785s][info][gc             ] GC(381) Pause Young (Allocation Failure) 1281M->679M(2023M) 28.960ms
[120.785s][info][gc,cpu         ] GC(381) User=0.19s Sys=0.00s Real=0.03s
[121.848s][info][gc,start       ] GC(382) Pause Young (Allocation Failure)
[121.916s][info][gc,heap        ] GC(382) PSYoungGen: 673767K(673792K)->25066K(590848K) Eden: 649728K(649728K)->0K(565760K) From: 24039K(24064K)->25066K(25088K)
[121.916s][info][gc,heap        ] GC(382) ParOldGen: 671612K(1398272K)->753924K(1398272K)
[121.916s][info][gc,metaspace   ] GC(382) Metaspace: 10448K(10688K)->10448K(10688K) NonClass: 9564K(9664K)->9564K(9664K) Class: 884K(1024K)->884K(1024K)
[121.916s][info][gc             ] GC(382) Pause Young (Allocation Failure) 1313M->760M(1942M) 68.279ms
[121.916s][info][gc,cpu         ] GC(382) User=0.47s Sys=0.00s Real=0.07s
[122.569s][info][gc,start       ] GC(383) Pause Young (Allocation Failure)
[122.620s][info][gc,heap        ] GC(383) PSYoungGen: 590826K(590848K)->66535K(632320K) Eden: 565760K(565760K)->0K(565760K) From: 25066K(25088K)->66535K(66560K)
[122.620s][info][gc,heap        ] GC(383) ParOldGen: 753924K(1398272K)->771044K(1398272K)
[122.620s][info][gc,metaspace   ] GC(383) Metaspace: 10448K(10688K)->10448K(10688K) NonClass: 9564K(9664K)->9564K(9664K) Class: 884K(1024K)->884K(1024K)
[122.620s][info][gc             ] GC(383) Pause Young (Allocation Failure) 1313M->817M(1983M) 51.072ms
[122.620s][info][gc,cpu         ] GC(383) User=0.38s Sys=0.00s Real=0.06s
[123.477s][info][gc,start       ] GC(384) Pause Young (Allocation Failure)
[123.511s][info][gc,heap        ] GC(384) PSYoungGen: 632295K(632320K)->13504K(601600K) Eden: 565760K(565760K)->0K(535040K) From: 66535K(66560K)->13504K(66560K)
[123.511s][info][gc,heap        ] GC(384) ParOldGen: 771044K(1398272K)->832964K(1398272K)
[123.511s][info][gc,metaspace   ] GC(384) Metaspace: 10448K(10688K)->10448K(10688K) NonClass: 9564K(9664K)->9564K(9664K) Class: 884K(1024K)->884K(1024K)
[123.511s][info][gc             ] GC(384) Pause Young (Allocation Failure) 1370M->826M(1953M) 33.927ms
[123.511s][info][gc,cpu         ] GC(384) User=0.28s Sys=0.00s Real=0.03s
[124.203s][info][gc,start       ] GC(385) Pause Young (Allocation Failure)
[124.218s][info][gc,heap        ] GC(385) PSYoungGen: 548544K(601600K)->26160K(616960K) Eden: 535040K(535040K)->0K(535040K) From: 13504K(66560K)->26160K(81920K)
[124.218s][info][gc,heap        ] GC(385) ParOldGen: 832964K(1398272K)->837700K(1398272K)
[124.218s][info][gc,metaspace   ] GC(385) Metaspace: 10448K(10688K)->10448K(10688K) NonClass: 9564K(9664K)->9564K(9664K) Class: 884K(1024K)->884K(1024K)
[124.218s][info][gc             ] GC(385) Pause Young (Allocation Failure) 1349M->843M(1968M) 14.409ms
[124.218s][info][gc,cpu         ] GC(385) User=0.09s Sys=0.00s Real=0.02s
[124.749s][info][gc,start       ] GC(386) Pause Young (Allocation Failure)
[124.771s][info][gc,heap        ] GC(386) PSYoungGen: 561200K(616960K)->45674K(619520K) Eden: 535040K(535040K)->0K(542208K) From: 26160K(81920K)->45674K(77312K)
[124.771s][info][gc,heap        ] GC(386) ParOldGen: 837700K(1398272K)->842972K(1398272K)
[124.771s][info][gc,metaspace   ] GC(386) Metaspace: 10451K(10688K)->10451K(10688K) NonClass: 9567K(9664K)->9567K(9664K) Class: 884K(1024K)->884K(1024K)
[124.771s][info][gc             ] GC(386) Pause Young (Allocation Failure) 1366M->867M(1970M) 22.508ms
[124.771s][info][gc,cpu         ] GC(386) User=0.09s Sys=0.00s Real=0.03s
[125.131s][info][gc,start       ] GC(387) Pause Young (Allocation Failure)
[125.186s][info][gc,heap        ] GC(387) PSYoungGen: 587882K(619520K)->65632K(608256K) Eden: 542208K(542208K)->0K(542208K) From: 45674K(77312K)->65632K(66048K)
[125.186s][info][gc,heap        ] GC(387) ParOldGen: 842972K(1398272K)->886486K(1398272K)
[125.186s][info][gc,metaspace   ] GC(387) Metaspace: 10451K(10688K)->10451K(10688K) NonClass: 9567K(9664K)->9567K(9664K) Class: 884K(1024K)->884K(1024K)
[125.186s][info][gc             ] GC(387) Pause Young (Allocation Failure) 1397M->929M(1959M) 55.098ms
[125.186s][info][gc,cpu         ] GC(387) User=0.34s Sys=0.03s Real=0.07s
[125.812s][info][gc,start       ] GC(388) Pause Young (Allocation Failure)
[125.873s][info][gc,heap        ] GC(388) PSYoungGen: 607840K(608256K)->54816K(607232K) Eden: 542208K(542208K)->0K(520704K) From: 65632K(66048K)->54816K(86528K)
[125.873s][info][gc,heap        ] GC(388) ParOldGen: 886486K(1398272K)->945870K(1398272K)
[125.873s][info][gc,metaspace   ] GC(388) Metaspace: 10451K(10688K)->10451K(10688K) NonClass: 9567K(9664K)->9567K(9664K) Class: 884K(1024K)->884K(1024K)
[125.873s][info][gc             ] GC(388) Pause Young (Allocation Failure) 1459M->977M(1958M) 61.099ms
[125.873s][info][gc,cpu         ] GC(388) User=0.36s Sys=0.02s Real=0.08s
[126.338s][info][gc,start       ] GC(389) Pause Young (System.gc())
[126.343s][info][gc,heap        ] GC(389) PSYoungGen: 380918K(607232K)->5293K(609792K) Eden: 326102K(520704K)->0K(520704K) From: 54816K(86528K)->5293K(89088K)
[126.343s][info][gc,heap        ] GC(389) ParOldGen: 945870K(1398272K)->955982K(1398272K)
[126.343s][info][gc,metaspace   ] GC(389) Metaspace: 10451K(10688K)->10451K(10688K) NonClass: 9567K(9664K)->9567K(9664K) Class: 884K(1024K)->884K(1024K)
[126.343s][info][gc             ] GC(389) Pause Young (System.gc()) 1295M->938M(1961M) 5.474ms
[126.343s][info][gc,cpu         ] GC(389) User=0.00s Sys=0.00s Real=0.01s
[126.343s][info][gc,start       ] GC(390) Pause Full (System.gc())
[126.343s][info][gc,phases,start] GC(390) Marking Phase
[126.430s][info][gc,phases      ] GC(390) Marking Phase 86.865ms
[126.430s][info][gc,phases,start] GC(390) Summary Phase
[126.430s][info][gc,phases      ] GC(390) Summary Phase 0.016ms
[126.430s][info][gc,phases,start] GC(390) Adjust Roots
[126.433s][info][gc,phases      ] GC(390) Adjust Roots 2.591ms
[126.433s][info][gc,phases,start] GC(390) Compaction Phase
[126.535s][info][gc,phases      ] GC(390) Compaction Phase 102.044ms
[126.535s][info][gc,phases,start] GC(390) Post Compact
[126.537s][info][gc,phases      ] GC(390) Post Compact 1.562ms
[126.537s][info][gc,heap        ] GC(390) PSYoungGen: 5293K(609792K)->0K(609792K) Eden: 0K(520704K)->0K(520704K) From: 5293K(89088K)->0K(89088K)
[126.537s][info][gc,heap        ] GC(390) ParOldGen: 955982K(1398272K)->434704K(1398272K)
[126.537s][info][gc,metaspace   ] GC(390) Metaspace: 10451K(10688K)->10451K(10688K) NonClass: 9567K(9664K)->9567K(9664K) Class: 884K(1024K)->884K(1024K)
[126.537s][info][gc             ] GC(390) Pause Full (System.gc()) 938M->424M(1961M) 193.299ms
[126.537s][info][gc,cpu         ] GC(390) User=1.00s Sys=0.00s Real=0.19s
[126.699s][info][gc,start       ] GC(391) Pause Young (Allocation Failure)
[126.705s][info][gc,heap        ] GC(391) PSYoungGen: 520704K(609792K)->11136K(611328K) Eden: 520704K(520704K)->0K(522240K) From: 0K(89088K)->11136K(89088K)
[126.705s][info][gc,heap        ] GC(391) ParOldGen: 434704K(1398272K)->434704K(1398272K)
[126.705s][info][gc,metaspace   ] GC(391) Metaspace: 10454K(10688K)->10454K(10688K) NonClass: 9569K(9664K)->9569K(9664K) Class: 884K(1024K)->884K(1024K)
[126.705s][info][gc             ] GC(391) Pause Young (Allocation Failure) 933M->435M(1962M) 6.358ms
[126.705s][info][gc,cpu         ] GC(391) User=0.00s Sys=0.00s Real=0.01s
[126.865s][info][gc,start       ] GC(392) Pause Young (Allocation Failure)
[126.873s][info][gc,heap        ] GC(392) PSYoungGen: 533376K(611328K)->10720K(609792K) Eden: 522240K(522240K)->0K(522240K) From: 11136K(89088K)->10720K(87552K)
[126.873s][info][gc,heap        ] GC(392) ParOldGen: 434704K(1398272K)->441776K(1398272K)
[126.873s][info][gc,metaspace   ] GC(392) Metaspace: 10454K(10688K)->10454K(10688K) NonClass: 9569K(9664K)->9569K(9664K) Class: 884K(1024K)->884K(1024K)
[126.873s][info][gc             ] GC(392) Pause Young (Allocation Failure) 945M->441M(1961M) 8.617ms
[126.873s][info][gc,cpu         ] GC(392) User=0.09s Sys=0.00s Real=0.01s
[127.035s][info][gc,start       ] GC(393) Pause Young (Allocation Failure)
[127.044s][info][gc,heap        ] GC(393) PSYoungGen: 532960K(609792K)->10656K(615936K) Eden: 522240K(522240K)->0K(530944K) From: 10720K(87552K)->10656K(84992K)
[127.044s][info][gc,heap        ] GC(393) ParOldGen: 441776K(1398272K)->448472K(1398272K)
[127.044s][info][gc,metaspace   ] GC(393) Metaspace: 10454K(10688K)->10454K(10688K) NonClass: 9569K(9664K)->9569K(9664K) Class: 884K(1024K)->884K(1024K)
[127.044s][info][gc             ] GC(393) Pause Young (Allocation Failure) 951M->448M(1967M) 8.439ms
[127.044s][info][gc,cpu         ] GC(393) User=0.09s Sys=0.00s Real=0.01s
[127.214s][info][gc,start       ] GC(394) Pause Young (Allocation Failure)
[127.223s][info][gc,heap        ] GC(394) PSYoungGen: 541600K(615936K)->11136K(613888K) Eden: 530944K(530944K)->0K(530944K) From: 10656K(84992K)->11136K(82944K)
[127.223s][info][gc,heap        ] GC(394) ParOldGen: 448472K(1398272K)->455008K(1398272K)
[127.223s][info][gc,metaspace   ] GC(394) Metaspace: 10454K(10688K)->10454K(10688K) NonClass: 9569K(9664K)->9569K(9664K) Class: 884K(1024K)->884K(1024K)
[127.223s][info][gc             ] GC(394) Pause Young (Allocation Failure) 966M->455M(1965M) 8.791ms
[127.223s][info][gc,cpu         ] GC(394) User=0.00s Sys=0.00s Real=0.01s
[127.395s][info][gc,start       ] GC(395) Pause Young (Allocation Failure)
[127.404s][info][gc,heap        ] GC(395) PSYoungGen: 542080K(613888K)->11328K(621568K) Eden: 530944K(530944K)->0K(541696K) From: 11136K(82944K)->11328K(79872K)
[127.404s][info][gc,heap        ] GC(395) ParOldGen: 455008K(1398272K)->461888K(1398272K)
[127.404s][info][gc,metaspace   ] GC(395) Metaspace: 10454K(10688K)->10454K(10688K) NonClass: 9569K(9664K)->9569K(9664K) Class: 884K(1024K)->884K(1024K)
[127.404s][info][gc             ] GC(395) Pause Young (Allocation Failure) 973M->462M(1972M) 9.008ms
[127.404s][info][gc,cpu         ] GC(395) User=0.09s Sys=0.00s Real=0.01s
[127.580s][info][gc,start       ] GC(396) Pause Young (Allocation Failure)
[127.589s][info][gc,heap        ] GC(396) PSYoungGen: 553024K(621568K)->11424K(619008K) Eden: 541696K(541696K)->0K(541696K) From: 11328K(79872K)->11424K(77312K)
[127.589s][info][gc,heap        ] GC(396) ParOldGen: 461888K(1398272K)->468768K(1398272K)
[127.589s][info][gc,metaspace   ] GC(396) Metaspace: 10454K(10688K)->10454K(10688K) NonClass: 9569K(9664K)->9569K(9664K) Class: 884K(1024K)->884K(1024K)
[127.589s][info][gc             ] GC(396) Pause Young (Allocation Failure) 991M->468M(1970M) 9.172ms
[127.589s][info][gc,cpu         ] GC(396) User=0.09s Sys=0.00s Real=0.01s
[127.765s][info][gc,start       ] GC(397) Pause Young (Allocation Failure)
[127.774s][info][gc,heap        ] GC(397) PSYoungGen: 553120K(619008K)->11488K(628224K) Eden: 541696K(541696K)->0K(553984K) From: 11424K(77312K)->11488K(74240K)
[127.774s][info][gc,heap        ] GC(397) ParOldGen: 468768K(1398272K)->475848K(1398272K)
[127.774s][info][gc,metaspace   ] GC(397) Metaspace: 10454K(10688K)->10454K(10688K) NonClass: 9569K(9664K)->9569K(9664K) Class: 884K(1024K)->884K(1024K)
[127.774s][info][gc             ] GC(397) Pause Young (Allocation Failure) 997M->475M(1979M) 9.237ms
[127.774s][info][gc,cpu         ] GC(397) User=0.00s Sys=0.00s Real=0.01s
[127.950s][info][gc,start       ] GC(398) Pause Young (Allocation Failure)
[127.959s][info][gc,heap        ] GC(398) PSYoungGen: 565472K(628224K)->11456K(624640K) Eden: 553984K(553984K)->0K(553984K) From: 11488K(74240K)->11456K(70656K)
[127.959s][info][gc,heap        ] GC(398) ParOldGen: 475848K(1398272K)->482952K(1398272K)
[127.959s][info][gc,metaspace   ] GC(398) Metaspace: 10454K(10688K)->10454K(10688K) NonClass: 9569K(9664K)->9569K(9664K) Class: 884K(1024K)->884K(1024K)
[127.959s][info][gc             ] GC(398) Pause Young (Allocation Failure) 1016M->482M(1975M) 9.085ms
[127.959s][info][gc,cpu         ] GC(398) User=0.00s Sys=0.00s Real=0.01s
[128.138s][info][gc,start       ] GC(399) Pause Young (Allocation Failure)
[128.148s][info][gc,heap        ] GC(399) PSYoungGen: 565440K(624640K)->11712K(634368K) Eden: 553984K(553984K)->0K(566784K) From: 11456K(70656K)->11712K(67584K)
[128.148s][info][gc,heap        ] GC(399) ParOldGen: 482952K(1398272K)->490104K(1398272K)
[128.148s][info][gc,metaspace   ] GC(399) Metaspace: 10454K(10688K)->10454K(10688K) NonClass: 9569K(9664K)->9569K(9664K) Class: 884K(1024K)->884K(1024K)
[128.148s][info][gc             ] GC(399) Pause Young (Allocation Failure) 1023M->490M(1985M) 9.275ms
[128.148s][info][gc,cpu         ] GC(399) User=0.00s Sys=0.00s Real=0.01s
[128.333s][info][gc,start       ] GC(400) Pause Young (Allocation Failure)
[128.343s][info][gc,heap        ] GC(400) PSYoungGen: 578496K(634368K)->11776K(631296K) Eden: 566784K(566784K)->0K(566784K) From: 11712K(67584K)->11776K(64512K)
[128.343s][info][gc,heap        ] GC(400) ParOldGen: 490104K(1398272K)->497288K(1398272K)
[128.343s][info][gc,metaspace   ] GC(400) Metaspace: 10454K(10688K)->10454K(10688K) NonClass: 9569K(9664K)->9569K(9664K) Class: 884K(1024K)->884K(1024K)
[128.343s][info][gc             ] GC(400) Pause Young (Allocation Failure) 1043M->497M(1982M) 9.653ms
[128.343s][info][gc,cpu         ] GC(400) User=0.09s Sys=0.00s Real=0.01s
[128.525s][info][gc,start       ] GC(401) Pause Young (Allocation Failure)
[128.534s][info][gc,heap        ] GC(401) PSYoungGen: 578560K(631296K)->11712K(640000K) Eden: 566784K(566784K)->0K(578560K) From: 11776K(64512K)->11712K(61440K)
[128.534s][info][gc,heap        ] GC(401) ParOldGen: 497288K(1398272K)->504392K(1398272K)
[128.534s][info][gc,metaspace   ] GC(401) Metaspace: 10454K(10688K)->10454K(10688K) NonClass: 9569K(9664K)->9569K(9664K) Class: 884K(1024K)->884K(1024K)
[128.534s][info][gc             ] GC(401) Pause Young (Allocation Failure) 1050M->504M(1990M) 9.287ms
[128.534s][info][gc,cpu         ] GC(401) User=0.00s Sys=0.00s Real=0.01s
[128.720s][info][gc,start       ] GC(402) Pause Young (Allocation Failure)
[128.729s][info][gc,heap        ] GC(402) PSYoungGen: 590272K(640000K)->11904K(637440K) Eden: 578560K(578560K)->0K(578560K) From: 11712K(61440K)->11904K(58880K)
[128.729s][info][gc,heap        ] GC(402) ParOldGen: 504392K(1398272K)->511616K(1398272K)
[128.729s][info][gc,metaspace   ] GC(402) Metaspace: 10454K(10688K)->10454K(10688K) NonClass: 9569K(9664K)->9569K(9664K) Class: 884K(1024K)->884K(1024K)
[128.729s][info][gc             ] GC(402) Pause Young (Allocation Failure) 1069M->511M(1988M) 9.588ms
[128.729s][info][gc,cpu         ] GC(402) User=0.09s Sys=0.00s Real=0.01s
[128.916s][info][gc,start       ] GC(403) Pause Young (Allocation Failure)
[128.926s][info][gc,heap        ] GC(403) PSYoungGen: 590464K(637440K)->12096K(646144K) Eden: 578560K(578560K)->0K(590336K) From: 11904K(58880K)->12096K(55808K)
[128.926s][info][gc,heap        ] GC(403) ParOldGen: 511616K(1398272K)->518840K(1398272K)
[128.926s][info][gc,metaspace   ] GC(403) Metaspace: 10454K(10688K)->10454K(10688K) NonClass: 9569K(9664K)->9569K(9664K) Class: 884K(1024K)->884K(1024K)
[128.926s][info][gc             ] GC(403) Pause Young (Allocation Failure) 1076M->518M(1996M) 9.561ms
[128.926s][info][gc,cpu         ] GC(403) User=0.00s Sys=0.00s Real=0.01s
[129.116s][info][gc,start       ] GC(404) Pause Young (Allocation Failure)
[129.126s][info][gc,heap        ] GC(404) PSYoungGen: 602432K(646144K)->12160K(643072K) Eden: 590336K(590336K)->0K(590336K) From: 12096K(55808K)->12160K(52736K)
[129.126s][info][gc,heap        ] GC(404) ParOldGen: 518840K(1398272K)->526280K(1398272K)
[129.126s][info][gc,metaspace   ] GC(404) Metaspace: 10454K(10688K)->10454K(10688K) NonClass: 9569K(9664K)->9569K(9664K) Class: 884K(1024K)->884K(1024K)
[129.126s][info][gc             ] GC(404) Pause Young (Allocation Failure) 1094M->525M(1993M) 9.749ms
[129.126s][info][gc,cpu         ] GC(404) User=0.09s Sys=0.00s Real=0.01s
[129.318s][info][gc,start       ] GC(405) Pause Young (Allocation Failure)
[129.327s][info][gc,heap        ] GC(405) PSYoungGen: 602496K(643072K)->12064K(651264K) Eden: 590336K(590336K)->0K(601088K) From: 12160K(52736K)->12064K(50176K)
[129.327s][info][gc,heap        ] GC(405) ParOldGen: 526280K(1398272K)->533760K(1398272K)
[129.327s][info][gc,metaspace   ] GC(405) Metaspace: 10454K(10688K)->10454K(10688K) NonClass: 9569K(9664K)->9569K(9664K) Class: 884K(1024K)->884K(1024K)
[129.327s][info][gc             ] GC(405) Pause Young (Allocation Failure) 1102M->533M(2001M) 9.435ms
[129.328s][info][gc,cpu         ] GC(405) User=0.09s Sys=0.00s Real=0.01s
[129.525s][info][gc,start       ] GC(406) Pause Young (Allocation Failure)
[129.535s][info][gc,heap        ] GC(406) PSYoungGen: 613152K(651264K)->12160K(648704K) Eden: 601088K(601088K)->0K(601088K) From: 12064K(50176K)->12160K(47616K)
[129.535s][info][gc,heap        ] GC(406) ParOldGen: 533760K(1398272K)->541144K(1398272K)
[129.535s][info][gc,metaspace   ] GC(406) Metaspace: 10454K(10688K)->10454K(10688K) NonClass: 9569K(9664K)->9569K(9664K) Class: 884K(1024K)->884K(1024K)
[129.535s][info][gc             ] GC(406) Pause Young (Allocation Failure) 1120M->540M(1999M) 9.472ms
[129.535s][info][gc,cpu         ] GC(406) User=0.00s Sys=0.00s Real=0.01s
[129.730s][info][gc,start       ] GC(407) Pause Young (Allocation Failure)
[129.740s][info][gc,heap        ] GC(407) PSYoungGen: 613248K(648704K)->12032K(655872K) Eden: 601088K(601088K)->0K(610816K) From: 12160K(47616K)->12032K(45056K)
[129.740s][info][gc,heap        ] GC(407) ParOldGen: 541144K(1398272K)->548744K(1398272K)
[129.740s][info][gc,metaspace   ] GC(407) Metaspace: 10454K(10688K)->10454K(10688K) NonClass: 9569K(9664K)->9569K(9664K) Class: 884K(1024K)->884K(1024K)
[129.740s][info][gc             ] GC(407) Pause Young (Allocation Failure) 1127M->547M(2006M) 9.707ms
[129.740s][info][gc,cpu         ] GC(407) User=0.00s Sys=0.00s Real=0.01s
[129.942s][info][gc,start       ] GC(408) Pause Young (Allocation Failure)
[129.952s][info][gc,heap        ] GC(408) PSYoungGen: 622848K(655872K)->12480K(653824K) Eden: 610816K(610816K)->0K(610816K) From: 12032K(45056K)->12480K(43008K)
[129.952s][info][gc,heap        ] GC(408) ParOldGen: 548744K(1398272K)->556184K(1398272K)
[129.952s][info][gc,metaspace   ] GC(408) Metaspace: 10454K(10688K)->10454K(10688K) NonClass: 9569K(9664K)->9569K(9664K) Class: 884K(1024K)->884K(1024K)
[129.952s][info][gc             ] GC(408) Pause Young (Allocation Failure) 1144M->555M(2004M) 9.890ms
[129.952s][info][gc,cpu         ] GC(408) User=0.09s Sys=0.00s Real=0.01s
[130.145s][info][gc,start       ] GC(409) Pause Young (Allocation Failure)
[130.154s][info][gc,heap        ] GC(409) PSYoungGen: 623296K(653824K)->12128K(659968K) Eden: 610816K(610816K)->0K(619008K) From: 12480K(43008K)->12128K(40960K)
[130.155s][info][gc,heap        ] GC(409) ParOldGen: 556184K(1398272K)->563896K(1398272K)
[130.155s][info][gc,metaspace   ] GC(409) Metaspace: 10454K(10688K)->10454K(10688K) NonClass: 9569K(9664K)->9569K(9664K) Class: 884K(1024K)->884K(1024K)
[130.155s][info][gc             ] GC(409) Pause Young (Allocation Failure) 1151M->562M(2010M) 9.862ms
[130.155s][info][gc,cpu         ] GC(409) User=0.09s Sys=0.00s Real=0.01s
[130.356s][info][gc,start       ] GC(410) Pause Young (Allocation Failure)
[130.366s][info][gc,heap        ] GC(410) PSYoungGen: 631136K(659968K)->12320K(657920K) Eden: 619008K(619008K)->0K(619008K) From: 12128K(40960K)->12320K(38912K)
[130.366s][info][gc,heap        ] GC(410) ParOldGen: 563896K(1398272K)->571296K(1398272K)
[130.366s][info][gc,metaspace   ] GC(410) Metaspace: 10454K(10688K)->10454K(10688K) NonClass: 9569K(9664K)->9569K(9664K) Class: 884K(1024K)->884K(1024K)
[130.366s][info][gc             ] GC(410) Pause Young (Allocation Failure) 1167M->569M(2008M) 9.964ms
[130.366s][info][gc,cpu         ] GC(410) User=0.00s Sys=0.00s Real=0.01s
[130.566s][info][gc,start       ] GC(411) Pause Young (Allocation Failure)
[130.576s][info][gc,heap        ] GC(411) PSYoungGen: 631328K(657920K)->12544K(664064K) Eden: 619008K(619008K)->0K(627200K) From: 12320K(38912K)->12544K(36864K)
[130.576s][info][gc,heap        ] GC(411) ParOldGen: 571296K(1398272K)->578800K(1398272K)
[130.576s][info][gc,metaspace   ] GC(411) Metaspace: 10454K(10688K)->10454K(10688K) NonClass: 9569K(9664K)->9569K(9664K) Class: 884K(1024K)->884K(1024K)
[130.576s][info][gc             ] GC(411) Pause Young (Allocation Failure) 1174M->577M(2014M) 9.952ms
[130.576s][info][gc,cpu         ] GC(411) User=0.09s Sys=0.00s Real=0.01s
[130.782s][info][gc,start       ] GC(412) Pause Young (Allocation Failure)
[130.793s][info][gc,heap        ] GC(412) PSYoungGen: 639744K(664064K)->13088K(662016K) Eden: 627200K(627200K)->0K(627200K) From: 12544K(36864K)->13088K(34816K)
[130.793s][info][gc,heap        ] GC(412) ParOldGen: 578800K(1398272K)->586352K(1398272K)
[130.793s][info][gc,metaspace   ] GC(412) Metaspace: 10454K(10688K)->10454K(10688K) NonClass: 9569K(9664K)->9569K(9664K) Class: 884K(1024K)->884K(1024K)
[130.793s][info][gc             ] GC(412) Pause Young (Allocation Failure) 1189M->585M(2012M) 10.397ms
[130.793s][info][gc,cpu         ] GC(412) User=0.09s Sys=0.00s Real=0.01s
[131.000s][info][gc,start       ] GC(413) Pause Young (Allocation Failure)
[131.011s][info][gc,heap        ] GC(413) PSYoungGen: 640288K(662016K)->13376K(667648K) Eden: 627200K(627200K)->0K(634368K) From: 13088K(34816K)->13376K(33280K)
[131.011s][info][gc,heap        ] GC(413) ParOldGen: 586352K(1398272K)->594344K(1398272K)
[131.011s][info][gc,metaspace   ] GC(413) Metaspace: 10454K(10688K)->10454K(10688K) NonClass: 9569K(9664K)->9569K(9664K) Class: 884K(1024K)->884K(1024K)
[131.011s][info][gc             ] GC(413) Pause Young (Allocation Failure) 1197M->593M(2017M) 10.732ms
[131.011s][info][gc,cpu         ] GC(413) User=0.09s Sys=0.00s Real=0.01s
[131.220s][info][gc,start       ] GC(414) Pause Young (Allocation Failure)
[131.230s][info][gc,heap        ] GC(414) PSYoungGen: 647744K(667648K)->13184K(665600K) Eden: 634368K(634368K)->0K(634368K) From: 13376K(33280K)->13184K(31232K)
[131.231s][info][gc,heap        ] GC(414) ParOldGen: 594344K(1398272K)->602464K(1398272K)
[131.231s][info][gc,metaspace   ] GC(414) Metaspace: 10454K(10688K)->10454K(10688K) NonClass: 9569K(9664K)->9569K(9664K) Class: 884K(1024K)->884K(1024K)
[131.231s][info][gc             ] GC(414) Pause Young (Allocation Failure) 1212M->601M(2015M) 10.602ms
[131.231s][info][gc,cpu         ] GC(414) User=0.09s Sys=0.00s Real=0.01s
[131.440s][info][gc,start       ] GC(415) Pause Young (Allocation Failure)
[131.450s][info][gc,heap        ] GC(415) PSYoungGen: 647552K(665600K)->13088K(670208K) Eden: 634368K(634368K)->0K(640512K) From: 13184K(31232K)->13088K(29696K)
[131.450s][info][gc,heap        ] GC(415) ParOldGen: 602464K(1398272K)->610504K(1398272K)
[131.450s][info][gc,metaspace   ] GC(415) Metaspace: 10454K(10688K)->10454K(10688K) NonClass: 9569K(9664K)->9569K(9664K) Class: 884K(1024K)->884K(1024K)
[131.450s][info][gc             ] GC(415) Pause Young (Allocation Failure) 1220M->608M(2020M) 10.542ms
[131.450s][info][gc,cpu         ] GC(415) User=0.09s Sys=0.00s Real=0.01s
[131.659s][info][gc,start       ] GC(416) Pause Young (Allocation Failure)
[131.669s][info][gc,heap        ] GC(416) PSYoungGen: 653600K(670208K)->13280K(669184K) Eden: 640512K(640512K)->0K(640512K) From: 13088K(29696K)->13280K(28672K)
[131.669s][info][gc,heap        ] GC(416) ParOldGen: 610504K(1398272K)->618536K(1398272K)
[131.669s][info][gc,metaspace   ] GC(416) Metaspace: 10454K(10688K)->10454K(10688K) NonClass: 9569K(9664K)->9569K(9664K) Class: 884K(1024K)->884K(1024K)
[131.669s][info][gc             ] GC(416) Pause Young (Allocation Failure) 1234M->617M(2019M) 10.689ms
[131.669s][info][gc,cpu         ] GC(416) User=0.09s Sys=0.00s Real=0.01s
[131.877s][info][gc,start       ] GC(417) Pause Young (Allocation Failure)
[131.888s][info][gc,heap        ] GC(417) PSYoungGen: 653792K(669184K)->13024K(672768K) Eden: 640512K(640512K)->0K(645632K) From: 13280K(28672K)->13024K(27136K)
[131.888s][info][gc,heap        ] GC(417) ParOldGen: 618536K(1398272K)->626664K(1398272K)
[131.888s][info][gc,metaspace   ] GC(417) Metaspace: 10454K(10688K)->10454K(10688K) NonClass: 9569K(9664K)->9569K(9664K) Class: 884K(1024K)->884K(1024K)
[131.888s][info][gc             ] GC(417) Pause Young (Allocation Failure) 1242M->624M(2022M) 10.628ms
[131.888s][info][gc,cpu         ] GC(417) User=0.09s Sys=0.00s Real=0.01s
[132.100s][info][gc,start       ] GC(418) Pause Young (Allocation Failure)
[132.110s][info][gc,heap        ] GC(418) PSYoungGen: 658656K(672768K)->13216K(671744K) Eden: 645632K(645632K)->0K(645632K) From: 13024K(27136K)->13216K(26112K)
[132.110s][info][gc,heap        ] GC(418) ParOldGen: 626664K(1398272K)->634576K(1398272K)
[132.110s][info][gc,metaspace   ] GC(418) Metaspace: 10454K(10688K)->10454K(10688K) NonClass: 9569K(9664K)->9569K(9664K) Class: 884K(1024K)->884K(1024K)
[132.110s][info][gc             ] GC(418) Pause Young (Allocation Failure) 1255M->632M(2021M) 10.537ms
[132.110s][info][gc,cpu         ] GC(418) User=0.09s Sys=0.00s Real=0.01s
[132.321s][info][gc,start       ] GC(419) Pause Young (Allocation Failure)
[132.332s][info][gc,heap        ] GC(419) PSYoungGen: 658848K(671744K)->13088K(674816K) Eden: 645632K(645632K)->0K(649728K) From: 13216K(26112K)->13088K(25088K)
[132.332s][info][gc,heap        ] GC(419) ParOldGen: 634576K(1398272K)->642624K(1398272K)
[132.332s][info][gc,metaspace   ] GC(419) Metaspace: 10454K(10688K)->10454K(10688K) NonClass: 9569K(9664K)->9569K(9664K) Class: 884K(1024K)->884K(1024K)
[132.332s][info][gc             ] GC(419) Pause Young (Allocation Failure) 1263M->640M(2024M) 10.949ms
[132.332s][info][gc,cpu         ] GC(419) User=0.09s Sys=0.00s Real=0.01s
[132.547s][info][gc,start       ] GC(420) Pause Young (Allocation Failure)
[132.557s][info][gc,heap        ] GC(420) PSYoungGen: 662816K(674816K)->13312K(673792K) Eden: 649728K(649728K)->0K(649728K) From: 13088K(25088K)->13312K(24064K)
[132.557s][info][gc,heap        ] GC(420) ParOldGen: 642624K(1398272K)->650624K(1398272K)
[132.557s][info][gc,metaspace   ] GC(420) Metaspace: 10454K(10688K)->10454K(10688K) NonClass: 9569K(9664K)->9569K(9664K) Class: 884K(1024K)->884K(1024K)
[132.557s][info][gc             ] GC(420) Pause Young (Allocation Failure) 1274M->648M(2023M) 10.557ms
[132.557s][info][gc,cpu         ] GC(420) User=0.09s Sys=0.00s Real=0.01s
[133.455s][info][gc,start       ] GC(421) Pause Young (Allocation Failure)
[133.505s][info][gc,heap        ] GC(421) PSYoungGen: 663040K(673792K)->23036K(631808K) Eden: 649728K(649728K)->0K(608768K) From: 13312K(24064K)->23036K(23040K)
[133.505s][info][gc,heap        ] GC(421) ParOldGen: 650624K(1398272K)->703712K(1398272K)
[133.505s][info][gc,metaspace   ] GC(421) Metaspace: 10458K(10688K)->10458K(10688K) NonClass: 9573K(9664K)->9573K(9664K) Class: 884K(1024K)->884K(1024K)
[133.505s][info][gc             ] GC(421) Pause Young (Allocation Failure) 1282M->709M(1982M) 50.236ms
[133.505s][info][gc,cpu         ] GC(421) User=0.28s Sys=0.00s Real=0.05s
[134.293s][info][gc,start       ] GC(422) Pause Young (Allocation Failure)
[134.354s][info][gc,heap        ] GC(422) PSYoungGen: 631804K(631808K)->45034K(653824K) Eden: 608768K(608768K)->0K(608768K) From: 23036K(23040K)->45034K(45056K)
[134.354s][info][gc,heap        ] GC(422) ParOldGen: 703712K(1398272K)->756632K(1398272K)
[134.354s][info][gc,metaspace   ] GC(422) Metaspace: 10458K(10688K)->10458K(10688K) NonClass: 9573K(9664K)->9573K(9664K) Class: 884K(1024K)->884K(1024K)
[134.354s][info][gc             ] GC(422) Pause Young (Allocation Failure) 1304M->782M(2004M) 60.989ms
[134.354s][info][gc,cpu         ] GC(422) User=0.38s Sys=0.00s Real=0.06s
[135.179s][info][gc,start       ] GC(423) Pause Young (Allocation Failure)
[135.227s][info][gc,heap        ] GC(423) PSYoungGen: 653802K(653824K)->45056K(559616K) Eden: 608768K(608768K)->0K(514560K) From: 45034K(45056K)->45056K(45056K)
[135.227s][info][gc,heap        ] GC(423) ParOldGen: 756632K(1398272K)->806114K(1398272K)
[135.227s][info][gc,metaspace   ] GC(423) Metaspace: 10458K(10688K)->10458K(10688K) NonClass: 9573K(9664K)->9573K(9664K) Class: 884K(1024K)->884K(1024K)
[135.227s][info][gc             ] GC(423) Pause Young (Allocation Failure) 1377M->831M(1912M) 47.922ms
[135.227s][info][gc,cpu         ] GC(423) User=0.27s Sys=0.00s Real=0.05s
[135.963s][info][gc,start       ] GC(424) Pause Young (Allocation Failure)
[135.983s][info][gc,heap        ] GC(424) PSYoungGen: 559616K(559616K)->7200K(606720K) Eden: 514560K(514560K)->0K(514560K) From: 45056K(45056K)->7200K(92160K)
[135.983s][info][gc,heap        ] GC(424) ParOldGen: 806114K(1398272K)->846866K(1398272K)
[135.983s][info][gc,metaspace   ] GC(424) Metaspace: 10458K(10688K)->10458K(10688K) NonClass: 9573K(9664K)->9573K(9664K) Class: 884K(1024K)->884K(1024K)
[135.983s][info][gc             ] GC(424) Pause Young (Allocation Failure) 1333M->834M(1958M) 20.842ms
[135.983s][info][gc,cpu         ] GC(424) User=0.08s Sys=0.00s Real=0.03s
[136.550s][info][gc,start       ] GC(425) Pause Young (Allocation Failure)
[136.579s][info][gc,heap        ] GC(425) PSYoungGen: 521760K(606720K)->46608K(608256K) Eden: 514560K(514560K)->0K(517632K) From: 7200K(92160K)->46608K(90624K)
[136.579s][info][gc,heap        ] GC(425) ParOldGen: 846866K(1398272K)->852602K(1398272K)
[136.579s][info][gc,metaspace   ] GC(425) Metaspace: 10458K(10688K)->10458K(10688K) NonClass: 9573K(9664K)->9573K(9664K) Class: 884K(1024K)->884K(1024K)
[136.579s][info][gc             ] GC(425) Pause Young (Allocation Failure) 1336M->878M(1959M) 28.407ms
[136.579s][info][gc,cpu         ] GC(425) User=0.19s Sys=0.00s Real=0.04s
[137.049s][info][gc,start       ] GC(426) Pause Young (Allocation Failure)
[137.082s][info][gc,heap        ] GC(426) PSYoungGen: 564240K(608256K)->60650K(578560K) Eden: 517632K(517632K)->0K(517632K) From: 46608K(90624K)->60650K(60928K)
[137.082s][info][gc,heap        ] GC(426) ParOldGen: 852602K(1398272K)->858194K(1398272K)
[137.082s][info][gc,metaspace   ] GC(426) Metaspace: 10458K(10688K)->10458K(10688K) NonClass: 9573K(9664K)->9573K(9664K) Class: 884K(1024K)->884K(1024K)
[137.082s][info][gc             ] GC(426) Pause Young (Allocation Failure) 1383M->897M(1930M) 33.354ms
[137.082s][info][gc,cpu         ] GC(426) User=0.19s Sys=0.00s Real=0.04s
[137.461s][info][gc,start       ] GC(427) Pause Young (Allocation Failure)
[137.522s][info][gc,heap        ] GC(427) PSYoungGen: 578282K(578560K)->63360K(594944K) Eden: 517632K(517632K)->0K(500224K) From: 60650K(60928K)->63360K(94720K)
[137.523s][info][gc,heap        ] GC(427) ParOldGen: 858194K(1398272K)->915764K(1398272K)
[137.523s][info][gc,metaspace   ] GC(427) Metaspace: 10458K(10688K)->10458K(10688K) NonClass: 9573K(9664K)->9573K(9664K) Class: 884K(1024K)->884K(1024K)
[137.523s][info][gc             ] GC(427) Pause Young (Allocation Failure) 1402M->956M(1946M) 61.273ms
[137.523s][info][gc,cpu         ] GC(427) User=0.38s Sys=0.00s Real=0.07s
[138.094s][info][gc,start       ] GC(428) Pause Young (Allocation Failure)
[138.142s][info][gc,heap        ] GC(428) PSYoungGen: 563584K(594944K)->40800K(599552K) Eden: 500224K(500224K)->0K(500224K) From: 63360K(94720K)->40800K(99328K)
[138.142s][info][gc,heap        ] GC(428) ParOldGen: 915764K(1398272K)->969828K(1398272K)
[138.142s][info][gc,metaspace   ] GC(428) Metaspace: 10458K(10688K)->10458K(10688K) NonClass: 9573K(9664K)->9573K(9664K) Class: 884K(1024K)->884K(1024K)
[138.142s][info][gc             ] GC(428) Pause Young (Allocation Failure) 1444M->986M(1951M) 47.678ms
[138.142s][info][gc,cpu         ] GC(428) User=0.28s Sys=0.00s Real=0.06s
[138.754s][info][gc,heap,exit   ] Heap
[138.754s][info][gc,heap,exit   ]  PSYoungGen      total 599552K, used 286901K [0x00000000d5580000, 0x0000000100000000, 0x0000000100000000)
[138.754s][info][gc,heap,exit   ]   eden space 500224K, 49% used [0x00000000d5580000,0x00000000e45d5440,0x00000000f3e00000)
[138.754s][info][gc,heap,exit   ]   from space 99328K, 41% used [0x00000000f3e00000,0x00000000f65d8000,0x00000000f9f00000)
[138.754s][info][gc,heap,exit   ]   to   space 94208K, 0% used [0x00000000fa400000,0x00000000fa400000,0x0000000100000000)
[138.754s][info][gc,heap,exit   ]  ParOldGen       total 1398272K, used 969828K [0x0000000080000000, 0x00000000d5580000, 0x00000000d5580000)
[138.754s][info][gc,heap,exit   ]   object space 1398272K, 69% used [0x0000000080000000,0x00000000bb3193f0,0x00000000d5580000)
[138.754s][info][gc,heap,exit   ]  Metaspace       used 10466K, committed 10688K, reserved 1114112K
[138.754s][info][gc,heap,exit   ]   class space    used 885K, committed 1024K, reserved 1048576K
