[0.008s][info][gc,init] Initializing The Z Garbage Collector
[0.008s][info][gc,init] Version: 17.0.12+7-adhoc..jdk17u (release)
[0.008s][info][gc,init] NUMA Support: Disabled
[0.008s][info][gc,init] CPUs: 6 total, 6 available
[0.008s][info][gc,init] Memory: 15591M
[0.008s][info][gc,init] Large Page Support: Disabled
[0.008s][info][gc,init] GC Workers: 2 (dynamic)
[0.009s][info][gc,init] Address Space Type: Contiguous/Unrestricted/Complete
[0.009s][info][gc,init] Address Space Size: 32768M x 3 = 98304M
[0.009s][info][gc,init] Min Capacity: 2048M
[0.009s][info][gc,init] Initial Capacity: 2048M
[0.009s][info][gc,init] Max Capacity: 2048M
[0.009s][info][gc,init] Medium Page Size: 32M
[0.011s][info][gc,init] Pre-touch: Disabled
[0.011s][info][gc,init] Uncommit: Implicitly Disabled (-Xms equals -Xmx)
[0.068s][info][gc,init] Runtime Workers: 4
[0.070s][info][gc     ] Using The Z Garbage Collector
[0.076s][info][gc,metaspace] CDS archive(s) mapped at: [0x000001c380000000-0x000001c380bc0000-0x000001c380bc0000), size 12320768, SharedBaseAddress: 0x000001c380000000, ArchiveRelocationMode: 1.
[0.076s][info][gc,metaspace] Compressed class space mapped at: 0x000001c381000000-0x000001c3c1000000, reserved size: 1073741824
[0.076s][info][gc,metaspace] Narrow klass base: 0x000001c380000000, Narrow klass shift: 0, Narrow klass range: 0x100000000
[0.637s][info][gc,start    ] GC(0) Garbage Collection (System.gc())
[0.637s][info][gc,task     ] GC(0) Using 2 workers
[0.637s][info][gc,phases   ] GC(0) Pause Mark Start 0.005ms
[0.643s][info][gc,phases   ] GC(0) Concurrent Mark 5.351ms
[0.643s][info][gc,phases   ] GC(0) Pause Mark End 0.022ms
[0.643s][info][gc,phases   ] GC(0) Concurrent Mark Free 0.002ms
[0.645s][info][gc,phases   ] GC(0) Concurrent Process Non-Strong References 1.552ms
[0.645s][info][gc,phases   ] GC(0) Concurrent Reset Relocation Set 0.002ms
[0.648s][info][gc,phases   ] GC(0) Concurrent Select Relocation Set 2.825ms
[0.648s][info][gc,phases   ] GC(0) Pause Relocate Start 0.010ms
[0.651s][info][gc,phases   ] GC(0) Concurrent Relocate 3.100ms
[0.651s][info][gc,load     ] GC(0) Load: 0.00/0.00/0.00
[0.651s][info][gc,mmu      ] GC(0) MMU: 2ms/98.9%, 5ms/99.4%, 10ms/99.7%, 20ms/99.8%, 50ms/99.9%, 100ms/100.0%
[0.651s][info][gc,marking  ] GC(0) Mark: 2 stripe(s), 1 proactive flush(es), 1 terminate flush(es), 0 completion(s), 0 continuation(s) 
[0.651s][info][gc,marking  ] GC(0) Mark Stack Usage: 32M
[0.651s][info][gc,nmethod  ] GC(0) NMethods: 779 registered, 0 unregistered
[0.651s][info][gc,metaspace] GC(0) Metaspace: 3M used, 3M committed, 1088M reserved
[0.651s][info][gc,ref      ] GC(0) Soft: 145 encountered, 0 discovered, 0 enqueued
[0.651s][info][gc,ref      ] GC(0) Weak: 370 encountered, 144 discovered, 70 enqueued
[0.651s][info][gc,ref      ] GC(0) Final: 3 encountered, 0 discovered, 0 enqueued
[0.651s][info][gc,ref      ] GC(0) Phantom: 268 encountered, 167 discovered, 52 enqueued
[0.651s][info][gc,reloc    ] GC(0) Small Pages: 10 / 20M, Empty: 0M, Relocated: 4M, In-Place: 0
[0.651s][info][gc,reloc    ] GC(0) Medium Pages: 1 / 32M, Empty: 32M, Relocated: 0M, In-Place: 0
[0.651s][info][gc,reloc    ] GC(0) Large Pages: 0 / 0M, Empty: 0M, Relocated: 0M, In-Place: 0
[0.651s][info][gc,reloc    ] GC(0) Forwarding Usage: 1M
[0.651s][info][gc,heap     ] GC(0) Min Capacity: 2048M(100%)
[0.651s][info][gc,heap     ] GC(0) Max Capacity: 2048M(100%)
[0.651s][info][gc,heap     ] GC(0) Soft Max Capacity: 2048M(100%)
[0.651s][info][gc,heap     ] GC(0)                Mark Start          Mark End        Relocate Start      Relocate End           High               Low         
[0.651s][info][gc,heap     ] GC(0)  Capacity:     2048M (100%)       2048M (100%)       2048M (100%)       2048M (100%)       2048M (100%)       2048M (100%)   
[0.651s][info][gc,heap     ] GC(0)      Free:     1996M (97%)        1996M (97%)        2028M (99%)        2042M (100%)       2042M (100%)       1996M (97%)    
[0.651s][info][gc,heap     ] GC(0)      Used:       52M (3%)           52M (3%)           20M (1%)            6M (0%)           52M (3%)            6M (0%)     
[0.651s][info][gc,heap     ] GC(0)      Live:         -                 4M (0%)            4M (0%)            4M (0%)             -                  -          
[0.651s][info][gc,heap     ] GC(0) Allocated:         -                 0M (0%)            0M (0%)            0M (0%)             -                  -          
[0.652s][info][gc,heap     ] GC(0)   Garbage:         -                47M (2%)           15M (1%)            1M (0%)             -                  -          
[0.652s][info][gc,heap     ] GC(0) Reclaimed:         -                  -                32M (2%)           46M (2%)             -                  -          
[0.652s][info][gc          ] GC(0) Garbage Collection (System.gc()) 52M(3%)->6M(0%)
[8.284s][info][gc,start    ] GC(1) Garbage Collection (System.gc())
[8.284s][info][gc,task     ] GC(1) Using 2 workers
[8.284s][info][gc,phases   ] GC(1) Pause Mark Start 0.008ms
[8.293s][info][gc,phases   ] GC(1) Concurrent Mark 9.228ms
[8.293s][info][gc,phases   ] GC(1) Pause Mark End 0.009ms
[8.293s][info][gc,phases   ] GC(1) Concurrent Mark Free 0.001ms
[8.296s][info][gc,phases   ] GC(1) Concurrent Process Non-Strong References 2.188ms
[8.296s][info][gc,phases   ] GC(1) Concurrent Reset Relocation Set 0.002ms
[8.297s][info][gc,phases   ] GC(1) Concurrent Select Relocation Set 1.550ms
[8.297s][info][gc,phases   ] GC(1) Pause Relocate Start 0.015ms
[8.300s][info][gc,phases   ] GC(1) Concurrent Relocate 2.155ms
[8.300s][info][gc,load     ] GC(1) Load: 0.00/0.00/0.00
[8.300s][info][gc,mmu      ] GC(1) MMU: 2ms/98.9%, 5ms/99.4%, 10ms/99.7%, 20ms/99.8%, 50ms/99.9%, 100ms/100.0%
[8.300s][info][gc,marking  ] GC(1) Mark: 2 stripe(s), 2 proactive flush(es), 1 terminate flush(es), 0 completion(s), 0 continuation(s) 
[8.300s][info][gc,marking  ] GC(1) Mark Stack Usage: 32M
[8.300s][info][gc,nmethod  ] GC(1) NMethods: 2036 registered, 0 unregistered
[8.300s][info][gc,metaspace] GC(1) Metaspace: 13M used, 13M committed, 1088M reserved
[8.300s][info][gc,ref      ] GC(1) Soft: 698 encountered, 0 discovered, 0 enqueued
[8.300s][info][gc,ref      ] GC(1) Weak: 903 encountered, 332 discovered, 77 enqueued
[8.300s][info][gc,ref      ] GC(1) Final: 10 encountered, 2 discovered, 1 enqueued
[8.300s][info][gc,ref      ] GC(1) Phantom: 1207 encountered, 1051 discovered, 550 enqueued
[8.300s][info][gc,reloc    ] GC(1) Small Pages: 62 / 124M, Empty: 20M, Relocated: 3M, In-Place: 0
[8.300s][info][gc,reloc    ] GC(1) Medium Pages: 1 / 32M, Empty: 32M, Relocated: 0M, In-Place: 0
[8.300s][info][gc,reloc    ] GC(1) Large Pages: 0 / 0M, Empty: 0M, Relocated: 0M, In-Place: 0
[8.300s][info][gc,reloc    ] GC(1) Forwarding Usage: 0M
[8.300s][info][gc,heap     ] GC(1) Min Capacity: 2048M(100%)
[8.300s][info][gc,heap     ] GC(1) Max Capacity: 2048M(100%)
[8.300s][info][gc,heap     ] GC(1) Soft Max Capacity: 2048M(100%)
[8.300s][info][gc,heap     ] GC(1)                Mark Start          Mark End        Relocate Start      Relocate End           High               Low         
[8.300s][info][gc,heap     ] GC(1)  Capacity:     2048M (100%)       2048M (100%)       2048M (100%)       2048M (100%)       2048M (100%)       2048M (100%)   
[8.300s][info][gc,heap     ] GC(1)      Free:     1892M (92%)        1892M (92%)        1942M (95%)        2032M (99%)        2032M (99%)        1890M (92%)    
[8.300s][info][gc,heap     ] GC(1)      Used:      156M (8%)          156M (8%)          106M (5%)           16M (1%)          158M (8%)           16M (1%)     
[8.300s][info][gc,heap     ] GC(1)      Live:         -                 8M (0%)            8M (0%)            8M (0%)             -                  -          
[8.300s][info][gc,heap     ] GC(1) Allocated:         -                 0M (0%)            2M (0%)            3M (0%)             -                  -          
[8.300s][info][gc,heap     ] GC(1)   Garbage:         -               147M (7%)           95M (5%)            3M (0%)             -                  -          
[8.300s][info][gc,heap     ] GC(1) Reclaimed:         -                  -                52M (3%)          143M (7%)             -                  -          
[8.300s][info][gc          ] GC(1) Garbage Collection (System.gc()) 156M(8%)->16M(1%)
[8.309s][info][gc,start    ] GC(2) Garbage Collection (System.gc())
[8.309s][info][gc,task     ] GC(2) Using 2 workers
[8.309s][info][gc,phases   ] GC(2) Pause Mark Start 0.007ms
[8.328s][info][gc,phases   ] GC(2) Concurrent Mark 18.718ms
[8.328s][info][gc,phases   ] GC(2) Pause Mark End 0.022ms
[8.328s][info][gc,phases   ] GC(2) Concurrent Mark Free 0.002ms
[8.331s][info][gc,phases   ] GC(2) Concurrent Process Non-Strong References 3.342ms
[8.331s][info][gc,phases   ] GC(2) Concurrent Reset Relocation Set 0.005ms
[8.333s][info][gc,phases   ] GC(2) Concurrent Select Relocation Set 1.802ms
[8.333s][info][gc,phases   ] GC(2) Pause Relocate Start 0.010ms
[8.334s][info][gc,phases   ] GC(2) Concurrent Relocate 0.560ms
[8.334s][info][gc,load     ] GC(2) Load: 0.00/0.00/0.00
[8.334s][info][gc,mmu      ] GC(2) MMU: 2ms/98.9%, 5ms/99.4%, 10ms/99.7%, 20ms/99.8%, 50ms/99.9%, 100ms/99.9%
[8.334s][info][gc,marking  ] GC(2) Mark: 2 stripe(s), 1 proactive flush(es), 1 terminate flush(es), 0 completion(s), 0 continuation(s) 
[8.334s][info][gc,marking  ] GC(2) Mark Stack Usage: 32M
[8.334s][info][gc,nmethod  ] GC(2) NMethods: 2051 registered, 0 unregistered
[8.334s][info][gc,metaspace] GC(2) Metaspace: 13M used, 13M committed, 1088M reserved
[8.334s][info][gc,ref      ] GC(2) Soft: 699 encountered, 0 discovered, 0 enqueued
[8.334s][info][gc,ref      ] GC(2) Weak: 841 encountered, 483 discovered, 8 enqueued
[8.334s][info][gc,ref      ] GC(2) Final: 9 encountered, 0 discovered, 0 enqueued
[8.334s][info][gc,ref      ] GC(2) Phantom: 653 encountered, 526 discovered, 6 enqueued
[8.334s][info][gc,reloc    ] GC(2) Small Pages: 9 / 18M, Empty: 0M, Relocated: 0M, In-Place: 0
[8.334s][info][gc,reloc    ] GC(2) Medium Pages: 0 / 0M, Empty: 0M, Relocated: 0M, In-Place: 0
[8.334s][info][gc,reloc    ] GC(2) Large Pages: 0 / 0M, Empty: 0M, Relocated: 0M, In-Place: 0
[8.334s][info][gc,reloc    ] GC(2) Forwarding Usage: 0M
[8.334s][info][gc,heap     ] GC(2) Min Capacity: 2048M(100%)
[8.334s][info][gc,heap     ] GC(2) Max Capacity: 2048M(100%)
[8.334s][info][gc,heap     ] GC(2) Soft Max Capacity: 2048M(100%)
[8.334s][info][gc,heap     ] GC(2)                Mark Start          Mark End        Relocate Start      Relocate End           High               Low         
[8.334s][info][gc,heap     ] GC(2)  Capacity:     2048M (100%)       2048M (100%)       2048M (100%)       2048M (100%)       2048M (100%)       2048M (100%)   
[8.334s][info][gc,heap     ] GC(2)      Free:     2030M (99%)        2030M (99%)        2030M (99%)        2034M (99%)        2034M (99%)        2028M (99%)    
[8.334s][info][gc,heap     ] GC(2)      Used:       18M (1%)           18M (1%)           18M (1%)           14M (1%)           20M (1%)           14M (1%)     
[8.334s][info][gc,heap     ] GC(2)      Live:         -                 8M (0%)            8M (0%)            8M (0%)             -                  -          
[8.334s][info][gc,heap     ] GC(2) Allocated:         -                 0M (0%)            0M (0%)            0M (0%)             -                  -          
[8.334s][info][gc,heap     ] GC(2)   Garbage:         -                 9M (0%)            9M (0%)            5M (0%)             -                  -          
[8.334s][info][gc,heap     ] GC(2) Reclaimed:         -                  -                 0M (0%)            4M (0%)             -                  -          
[8.334s][info][gc          ] GC(2) Garbage Collection (System.gc()) 18M(1%)->14M(1%)
[10.090s][info][gc,stats    ] === Garbage Collection Statistics =======================================================================================================================
[10.090s][info][gc,stats    ]                                                              Last 10s              Last 10m              Last 10h                Total
[10.090s][info][gc,stats    ]                                                              Avg / Max             Avg / Max             Avg / Max             Avg / Max
[10.090s][info][gc,stats    ]   Collector: Garbage Collection Cycle                     18.305 / 25.285       18.305 / 25.285       18.305 / 25.285       18.305 / 25.285      ms
[10.090s][info][gc,stats    ]  Contention: Mark Segment Reset Contention                     0 / 0                 0 / 0                 0 / 0                 0 / 0           ops/s
[10.090s][info][gc,stats    ]  Contention: Mark SeqNum Reset Contention                      0 / 1                 0 / 1                 0 / 1                 0 / 1           ops/s
[10.090s][info][gc,stats    ]    Critical: Allocation Stall                                  0 / 0                 0 / 0                 0 / 0                 0 / 0           ops/s
[10.090s][info][gc,stats    ]    Critical: Allocation Stall                              0.000 / 0.000         0.000 / 0.000         0.000 / 0.000         0.000 / 0.000       ms
[10.090s][info][gc,stats    ]    Critical: GC Locker Stall                                   0 / 0                 0 / 0                 0 / 0                 0 / 0           ops/s
[10.090s][info][gc,stats    ]    Critical: GC Locker Stall                               0.000 / 0.000         0.000 / 0.000         0.000 / 0.000         0.000 / 0.000       ms
[10.090s][info][gc,stats    ]    Critical: Relocation Stall                                  0 / 0                 0 / 0                 0 / 0                 0 / 0           ops/s
[10.090s][info][gc,stats    ]    Critical: Relocation Stall                              0.000 / 0.000         0.000 / 0.000         0.000 / 0.000         0.000 / 0.000       ms
[10.090s][info][gc,stats    ]      Memory: Allocation Rate                                  26 / 108              26 / 108              26 / 108              26 / 108         MB/s
[10.090s][info][gc,stats    ]      Memory: Out Of Memory                                     0 / 0                 0 / 0                 0 / 0                 0 / 0           ops/s
[10.090s][info][gc,stats    ]      Memory: Page Cache Flush                                  0 / 0                 0 / 0                 0 / 0                 0 / 0           MB/s
[10.090s][info][gc,stats    ]      Memory: Page Cache Hit L1                                 3 / 22                3 / 22                3 / 22                3 / 22          ops/s
[10.090s][info][gc,stats    ]      Memory: Page Cache Hit L2                                 0 / 0                 0 / 0                 0 / 0                 0 / 0           ops/s
[10.090s][info][gc,stats    ]      Memory: Page Cache Hit L3                                 6 / 45                6 / 45                6 / 45                6 / 45          ops/s
[10.090s][info][gc,stats    ]      Memory: Page Cache Miss                                   0 / 1                 0 / 1                 0 / 1                 0 / 1           ops/s
[10.090s][info][gc,stats    ]      Memory: Uncommit                                          0 / 0                 0 / 0                 0 / 0                 0 / 0           MB/s
[10.090s][info][gc,stats    ]      Memory: Undo Object Allocation Failed                     0 / 0                 0 / 0                 0 / 0                 0 / 0           ops/s
[10.090s][info][gc,stats    ]      Memory: Undo Object Allocation Succeeded                  0 / 0                 0 / 0                 0 / 0                 0 / 0           ops/s
[10.090s][info][gc,stats    ]      Memory: Undo Page Allocation                              0 / 0                 0 / 0                 0 / 0                 0 / 0           ops/s
[10.090s][info][gc,stats    ]       Phase: Concurrent Mark                              11.099 / 18.718       11.099 / 18.718       11.099 / 18.718       11.099 / 18.718      ms
[10.090s][info][gc,stats    ]       Phase: Concurrent Mark Continue                      0.000 / 0.000         0.000 / 0.000         0.000 / 0.000         0.000 / 0.000       ms
[10.090s][info][gc,stats    ]       Phase: Concurrent Mark Free                          0.001 / 0.002         0.001 / 0.002         0.001 / 0.002         0.001 / 0.002       ms
[10.090s][info][gc,stats    ]       Phase: Concurrent Process Non-Strong References      2.361 / 3.342         2.361 / 3.342         2.361 / 3.342         2.361 / 3.342       ms
[10.090s][info][gc,stats    ]       Phase: Concurrent Relocate                           1.938 / 3.100         1.938 / 3.100         1.938 / 3.100         1.938 / 3.100       ms
[10.090s][info][gc,stats    ]       Phase: Concurrent Reset Relocation Set               0.003 / 0.005         0.003 / 0.005         0.003 / 0.005         0.003 / 0.005       ms
[10.090s][info][gc,stats    ]       Phase: Concurrent Select Relocation Set              2.059 / 2.825         2.059 / 2.825         2.059 / 2.825         2.059 / 2.825       ms
[10.090s][info][gc,stats    ]       Phase: Pause Mark End                                0.017 / 0.022         0.017 / 0.022         0.017 / 0.022         0.017 / 0.022       ms
[10.090s][info][gc,stats    ]       Phase: Pause Mark Start                              0.006 / 0.008         0.006 / 0.008         0.006 / 0.008         0.006 / 0.008       ms
[10.090s][info][gc,stats    ]       Phase: Pause Relocate Start                          0.012 / 0.015         0.012 / 0.015         0.012 / 0.015         0.012 / 0.015       ms
[10.090s][info][gc,stats    ]    Subphase: Concurrent Classes Purge                      0.098 / 0.145         0.098 / 0.145         0.098 / 0.145         0.098 / 0.145       ms
[10.090s][info][gc,stats    ]    Subphase: Concurrent Classes Unlink                     1.547 / 2.123         1.547 / 2.123         1.547 / 2.123         1.547 / 2.123       ms
[10.090s][info][gc,stats    ]    Subphase: Concurrent Mark                               8.046 / 18.150        8.046 / 18.150        8.046 / 18.150        8.046 / 18.150      ms
[10.090s][info][gc,stats    ]    Subphase: Concurrent Mark Try Flush                     0.087 / 0.157         0.087 / 0.157         0.087 / 0.157         0.087 / 0.157       ms
[10.090s][info][gc,stats    ]    Subphase: Concurrent Mark Try Terminate                 1.974 / 13.489        1.974 / 13.489        1.974 / 13.489        1.974 / 13.489      ms
[10.090s][info][gc,stats    ]    Subphase: Concurrent References Enqueue                 0.005 / 0.007         0.005 / 0.007         0.005 / 0.007         0.005 / 0.007       ms
[10.090s][info][gc,stats    ]    Subphase: Concurrent References Process                 0.181 / 0.254         0.181 / 0.254         0.181 / 0.254         0.181 / 0.254       ms
[10.090s][info][gc,stats    ]    Subphase: Concurrent Roots ClassLoaderDataGraph         0.052 / 0.141         0.052 / 0.141         0.052 / 0.141         0.052 / 0.141       ms
[10.090s][info][gc,stats    ]    Subphase: Concurrent Roots CodeCache                    0.000 / 0.000         0.000 / 0.000         0.000 / 0.000         0.000 / 0.000       ms
[10.090s][info][gc,stats    ]    Subphase: Concurrent Roots JavaThreads                  0.218 / 0.297         0.218 / 0.297         0.218 / 0.297         0.218 / 0.297       ms
[10.091s][info][gc,stats    ]    Subphase: Concurrent Roots OopStorageSet                0.019 / 0.041         0.019 / 0.041         0.019 / 0.041         0.019 / 0.041       ms
[10.091s][info][gc,stats    ]    Subphase: Concurrent Weak Roots OopStorageSet           0.306 / 0.578         0.306 / 0.578         0.306 / 0.578         0.306 / 0.578       ms
[10.091s][info][gc,stats    ]    Subphase: Pause Mark Try Complete                       0.000 / 0.000         0.000 / 0.000         0.000 / 0.000         0.000 / 0.000       ms
[10.091s][info][gc,stats    ]      System: Java Threads                                     14 / 16               14 / 16               14 / 16               14 / 16          threads
[10.091s][info][gc,stats    ] =========================================================================================================================================================
[15.266s][info][gc,start    ] GC(3) Garbage Collection (System.gc())
[15.266s][info][gc,task     ] GC(3) Using 2 workers
[15.266s][info][gc,phases   ] GC(3) Pause Mark Start 0.005ms
[15.273s][info][gc,phases   ] GC(3) Concurrent Mark 7.110ms
[15.273s][info][gc,phases   ] GC(3) Pause Mark End 0.013ms
[15.273s][info][gc,phases   ] GC(3) Concurrent Mark Free 0.001ms
[15.275s][info][gc,phases   ] GC(3) Concurrent Process Non-Strong References 1.937ms
[15.275s][info][gc,phases   ] GC(3) Concurrent Reset Relocation Set 0.001ms
[15.277s][info][gc,phases   ] GC(3) Concurrent Select Relocation Set 2.122ms
[15.278s][info][gc,phases   ] GC(3) Pause Relocate Start 0.008ms
[15.279s][info][gc,phases   ] GC(3) Concurrent Relocate 1.370ms
[15.279s][info][gc,load     ] GC(3) Load: 0.00/0.00/0.00
[15.279s][info][gc,mmu      ] GC(3) MMU: 2ms/98.9%, 5ms/99.4%, 10ms/99.7%, 20ms/99.8%, 50ms/99.9%, 100ms/99.9%
[15.279s][info][gc,marking  ] GC(3) Mark: 2 stripe(s), 2 proactive flush(es), 1 terminate flush(es), 0 completion(s), 0 continuation(s) 
[15.279s][info][gc,marking  ] GC(3) Mark Stack Usage: 32M
[15.279s][info][gc,nmethod  ] GC(3) NMethods: 2230 registered, 0 unregistered
[15.279s][info][gc,metaspace] GC(3) Metaspace: 13M used, 14M committed, 1088M reserved
[15.279s][info][gc,ref      ] GC(3) Soft: 699 encountered, 0 discovered, 0 enqueued
[15.279s][info][gc,ref      ] GC(3) Weak: 852 encountered, 319 discovered, 3 enqueued
[15.279s][info][gc,ref      ] GC(3) Final: 10 encountered, 1 discovered, 1 enqueued
[15.279s][info][gc,ref      ] GC(3) Phantom: 1490 encountered, 1365 discovered, 833 enqueued
[15.279s][info][gc,reloc    ] GC(3) Small Pages: 22 / 44M, Empty: 2M, Relocated: 2M, In-Place: 0
[15.279s][info][gc,reloc    ] GC(3) Medium Pages: 1 / 32M, Empty: 32M, Relocated: 0M, In-Place: 0
[15.279s][info][gc,reloc    ] GC(3) Large Pages: 0 / 0M, Empty: 0M, Relocated: 0M, In-Place: 0
[15.279s][info][gc,reloc    ] GC(3) Forwarding Usage: 0M
[15.279s][info][gc,heap     ] GC(3) Min Capacity: 2048M(100%)
[15.279s][info][gc,heap     ] GC(3) Max Capacity: 2048M(100%)
[15.279s][info][gc,heap     ] GC(3) Soft Max Capacity: 2048M(100%)
[15.279s][info][gc,heap     ] GC(3)                Mark Start          Mark End        Relocate Start      Relocate End           High               Low         
[15.279s][info][gc,heap     ] GC(3)  Capacity:     2048M (100%)       2048M (100%)       2048M (100%)       2048M (100%)       2048M (100%)       2048M (100%)   
[15.279s][info][gc,heap     ] GC(3)      Free:     1972M (96%)        1972M (96%)        2006M (98%)        2030M (99%)        2030M (99%)        1972M (96%)    
[15.279s][info][gc,heap     ] GC(3)      Used:       76M (4%)           76M (4%)           42M (2%)           18M (1%)           76M (4%)           18M (1%)     
[15.279s][info][gc,heap     ] GC(3)      Live:         -                 8M (0%)            8M (0%)            8M (0%)             -                  -          
[15.279s][info][gc,heap     ] GC(3) Allocated:         -                 0M (0%)            0M (0%)            3M (0%)             -                  -          
[15.279s][info][gc,heap     ] GC(3)   Garbage:         -                67M (3%)           33M (2%)            5M (0%)             -                  -          
[15.279s][info][gc,heap     ] GC(3) Reclaimed:         -                  -                34M (2%)           61M (3%)             -                  -          
[15.279s][info][gc          ] GC(3) Garbage Collection (System.gc()) 76M(4%)->18M(1%)
[15.289s][info][gc,start    ] GC(4) Garbage Collection (System.gc())
[15.290s][info][gc,task     ] GC(4) Using 2 workers
[15.290s][info][gc,phases   ] GC(4) Pause Mark Start 0.008ms
[15.311s][info][gc,phases   ] GC(4) Concurrent Mark 21.247ms
[15.311s][info][gc,phases   ] GC(4) Pause Mark End 0.019ms
[15.311s][info][gc,phases   ] GC(4) Concurrent Mark Free 0.001ms
[15.314s][info][gc,phases   ] GC(4) Concurrent Process Non-Strong References 2.592ms
[15.314s][info][gc,phases   ] GC(4) Concurrent Reset Relocation Set 0.002ms
[15.315s][info][gc,phases   ] GC(4) Concurrent Select Relocation Set 1.441ms
[15.315s][info][gc,phases   ] GC(4) Pause Relocate Start 0.008ms
[15.317s][info][gc,phases   ] GC(4) Concurrent Relocate 1.863ms
[15.317s][info][gc,load     ] GC(4) Load: 0.00/0.00/0.00
[15.317s][info][gc,mmu      ] GC(4) MMU: 2ms/98.9%, 5ms/99.4%, 10ms/99.7%, 20ms/99.8%, 50ms/99.9%, 100ms/99.9%
[15.317s][info][gc,marking  ] GC(4) Mark: 2 stripe(s), 1 proactive flush(es), 1 terminate flush(es), 0 completion(s), 0 continuation(s) 
[15.317s][info][gc,marking  ] GC(4) Mark Stack Usage: 32M
[15.317s][info][gc,nmethod  ] GC(4) NMethods: 2236 registered, 0 unregistered
[15.317s][info][gc,metaspace] GC(4) Metaspace: 13M used, 14M committed, 1088M reserved
[15.317s][info][gc,ref      ] GC(4) Soft: 699 encountered, 0 discovered, 0 enqueued
[15.317s][info][gc,ref      ] GC(4) Weak: 838 encountered, 149 discovered, 0 enqueued
[15.317s][info][gc,ref      ] GC(4) Final: 9 encountered, 0 discovered, 0 enqueued
[15.317s][info][gc,ref      ] GC(4) Phantom: 653 encountered, 621 discovered, 6 enqueued
[15.317s][info][gc,reloc    ] GC(4) Small Pages: 11 / 22M, Empty: 2M, Relocated: 3M, In-Place: 0
[15.317s][info][gc,reloc    ] GC(4) Medium Pages: 0 / 0M, Empty: 0M, Relocated: 0M, In-Place: 0
[15.317s][info][gc,reloc    ] GC(4) Large Pages: 0 / 0M, Empty: 0M, Relocated: 0M, In-Place: 0
[15.317s][info][gc,reloc    ] GC(4) Forwarding Usage: 1M
[15.317s][info][gc,heap     ] GC(4) Min Capacity: 2048M(100%)
[15.317s][info][gc,heap     ] GC(4) Max Capacity: 2048M(100%)
[15.317s][info][gc,heap     ] GC(4) Soft Max Capacity: 2048M(100%)
[15.317s][info][gc,heap     ] GC(4)                Mark Start          Mark End        Relocate Start      Relocate End           High               Low         
[15.317s][info][gc,heap     ] GC(4)  Capacity:     2048M (100%)       2048M (100%)       2048M (100%)       2048M (100%)       2048M (100%)       2048M (100%)   
[15.317s][info][gc,heap     ] GC(4)      Free:     2026M (99%)        2026M (99%)        2028M (99%)        2036M (99%)        2036M (99%)        2024M (99%)    
[15.317s][info][gc,heap     ] GC(4)      Used:       22M (1%)           22M (1%)           20M (1%)           12M (1%)           24M (1%)           12M (1%)     
[15.317s][info][gc,heap     ] GC(4)      Live:         -                 8M (0%)            8M (0%)            8M (0%)             -                  -          
[15.317s][info][gc,heap     ] GC(4) Allocated:         -                 0M (0%)            0M (0%)            0M (0%)             -                  -          
[15.317s][info][gc,heap     ] GC(4)   Garbage:         -                13M (1%)           11M (1%)            3M (0%)             -                  -          
[15.317s][info][gc,heap     ] GC(4) Reclaimed:         -                  -                 2M (0%)           10M (0%)             -                  -          
[15.317s][info][gc          ] GC(4) Garbage Collection (System.gc()) 22M(1%)->12M(1%)
[20.090s][info][gc,stats    ] === Garbage Collection Statistics =======================================================================================================================
[20.090s][info][gc,stats    ]                                                              Last 10s              Last 10m              Last 10h                Total
[20.090s][info][gc,stats    ]                                                              Avg / Max             Avg / Max             Avg / Max             Avg / Max
[20.090s][info][gc,stats    ]   Collector: Garbage Collection Cycle                     20.593 / 27.755       19.220 / 27.755       19.220 / 27.755       19.220 / 27.755      ms
[20.090s][info][gc,stats    ]  Contention: Mark Segment Reset Contention                     0 / 0                 0 / 0                 0 / 0                 0 / 0           ops/s
[20.090s][info][gc,stats    ]  Contention: Mark SeqNum Reset Contention                      0 / 0                 0 / 1                 0 / 1                 0 / 1           ops/s
[20.090s][info][gc,stats    ]    Critical: Allocation Stall                                  0 / 0                 0 / 0                 0 / 0                 0 / 0           ops/s
[20.090s][info][gc,stats    ]    Critical: Allocation Stall                              0.000 / 0.000         0.000 / 0.000         0.000 / 0.000         0.000 / 0.000       ms
[20.090s][info][gc,stats    ]    Critical: GC Locker Stall                                   0 / 0                 0 / 0                 0 / 0                 0 / 0           ops/s
[20.090s][info][gc,stats    ]    Critical: GC Locker Stall                               0.000 / 0.000         0.000 / 0.000         0.000 / 0.000         0.000 / 0.000       ms
[20.090s][info][gc,stats    ]    Critical: Relocation Stall                                  0 / 0                 0 / 0                 0 / 0                 0 / 0           ops/s
[20.090s][info][gc,stats    ]    Critical: Relocation Stall                              0.000 / 0.000         0.000 / 0.000         0.000 / 0.000         0.000 / 0.000       ms
[20.090s][info][gc,stats    ]      Memory: Allocation Rate                                   6 / 66               16 / 108              16 / 108              16 / 108         MB/s
[20.090s][info][gc,stats    ]      Memory: Out Of Memory                                     0 / 0                 0 / 0                 0 / 0                 0 / 0           ops/s
[20.090s][info][gc,stats    ]      Memory: Page Cache Flush                                  0 / 0                 0 / 0                 0 / 0                 0 / 0           MB/s
[20.090s][info][gc,stats    ]      Memory: Page Cache Hit L1                                 2 / 24                2 / 24                2 / 24                2 / 24          ops/s
[20.090s][info][gc,stats    ]      Memory: Page Cache Hit L2                                 0 / 0                 0 / 0                 0 / 0                 0 / 0           ops/s
[20.090s][info][gc,stats    ]      Memory: Page Cache Hit L3                                 0 / 0                 3 / 45                3 / 45                3 / 45          ops/s
[20.090s][info][gc,stats    ]      Memory: Page Cache Miss                                   0 / 0                 0 / 1                 0 / 1                 0 / 1           ops/s
[20.090s][info][gc,stats    ]      Memory: Uncommit                                          0 / 0                 0 / 0                 0 / 0                 0 / 0           MB/s
[20.090s][info][gc,stats    ]      Memory: Undo Object Allocation Failed                     0 / 0                 0 / 0                 0 / 0                 0 / 0           ops/s
[20.090s][info][gc,stats    ]      Memory: Undo Object Allocation Succeeded                  0 / 0                 0 / 0                 0 / 0                 0 / 0           ops/s
[20.090s][info][gc,stats    ]      Memory: Undo Page Allocation                              0 / 0                 0 / 0                 0 / 0                 0 / 0           ops/s
[20.090s][info][gc,stats    ]       Phase: Concurrent Mark                              14.179 / 21.247       12.331 / 21.247       12.331 / 21.247       12.331 / 21.247      ms
[20.090s][info][gc,stats    ]       Phase: Concurrent Mark Continue                      0.000 / 0.000         0.000 / 0.000         0.000 / 0.000         0.000 / 0.000       ms
[20.090s][info][gc,stats    ]       Phase: Concurrent Mark Free                          0.001 / 0.001         0.001 / 0.002         0.001 / 0.002         0.001 / 0.002       ms
[20.090s][info][gc,stats    ]       Phase: Concurrent Process Non-Strong References      2.265 / 2.592         2.322 / 3.342         2.322 / 3.342         2.322 / 3.342       ms
[20.090s][info][gc,stats    ]       Phase: Concurrent Relocate                           1.616 / 1.863         1.810 / 3.100         1.810 / 3.100         1.810 / 3.100       ms
[20.090s][info][gc,stats    ]       Phase: Concurrent Reset Relocation Set               0.002 / 0.002         0.002 / 0.005         0.002 / 0.005         0.002 / 0.005       ms
[20.090s][info][gc,stats    ]       Phase: Concurrent Select Relocation Set              1.782 / 2.122         1.948 / 2.825         1.948 / 2.825         1.948 / 2.825       ms
[20.090s][info][gc,stats    ]       Phase: Pause Mark End                                0.016 / 0.019         0.017 / 0.022         0.017 / 0.022         0.017 / 0.022       ms
[20.090s][info][gc,stats    ]       Phase: Pause Mark Start                              0.006 / 0.008         0.006 / 0.008         0.006 / 0.008         0.006 / 0.008       ms
[20.090s][info][gc,stats    ]       Phase: Pause Relocate Start                          0.008 / 0.008         0.010 / 0.015         0.010 / 0.015         0.010 / 0.015       ms
[20.090s][info][gc,stats    ]    Subphase: Concurrent Classes Purge                      0.077 / 0.080         0.090 / 0.145         0.090 / 0.145         0.090 / 0.145       ms
[20.090s][info][gc,stats    ]    Subphase: Concurrent Classes Unlink                     1.741 / 2.021         1.624 / 2.123         1.624 / 2.123         1.624 / 2.123       ms
[20.090s][info][gc,stats    ]    Subphase: Concurrent Mark                               9.678 / 20.750        8.699 / 20.750        8.699 / 20.750        8.699 / 20.750      ms
[20.090s][info][gc,stats    ]    Subphase: Concurrent Mark Try Flush                     0.056 / 0.111         0.074 / 0.157         0.074 / 0.157         0.074 / 0.157       ms
[20.091s][info][gc,stats    ]    Subphase: Concurrent Mark Try Terminate                 3.040 / 16.514        2.400 / 16.514        2.400 / 16.514        2.400 / 16.514      ms
[20.091s][info][gc,stats    ]    Subphase: Concurrent References Enqueue                 0.004 / 0.004         0.004 / 0.007         0.004 / 0.007         0.004 / 0.007       ms
[20.091s][info][gc,stats    ]    Subphase: Concurrent References Process                 0.139 / 0.148         0.164 / 0.254         0.164 / 0.254         0.164 / 0.254       ms
[20.091s][info][gc,stats    ]    Subphase: Concurrent Roots ClassLoaderDataGraph         0.072 / 0.164         0.060 / 0.164         0.060 / 0.164         0.060 / 0.164       ms
[20.091s][info][gc,stats    ]    Subphase: Concurrent Roots CodeCache                    0.000 / 0.000         0.000 / 0.000         0.000 / 0.000         0.000 / 0.000       ms
[20.091s][info][gc,stats    ]    Subphase: Concurrent Roots JavaThreads                  0.397 / 0.545         0.290 / 0.545         0.290 / 0.545         0.290 / 0.545       ms
[20.091s][info][gc,stats    ]    Subphase: Concurrent Roots OopStorageSet                0.017 / 0.026         0.018 / 0.041         0.018 / 0.041         0.018 / 0.041       ms
[20.091s][info][gc,stats    ]    Subphase: Concurrent Weak Roots OopStorageSet           0.217 / 0.273         0.270 / 0.578         0.270 / 0.578         0.270 / 0.578       ms
[20.091s][info][gc,stats    ]    Subphase: Pause Mark Try Complete                       0.000 / 0.000         0.000 / 0.000         0.000 / 0.000         0.000 / 0.000       ms
[20.091s][info][gc,stats    ]      System: Java Threads                                     16 / 17               15 / 17               15 / 17               15 / 17          threads
[20.091s][info][gc,stats    ] =========================================================================================================================================================
[22.240s][info][gc,start    ] GC(5) Garbage Collection (System.gc())
[22.240s][info][gc,task     ] GC(5) Using 2 workers
[22.240s][info][gc,phases   ] GC(5) Pause Mark Start 0.010ms
[22.249s][info][gc,phases   ] GC(5) Concurrent Mark 8.019ms
[22.249s][info][gc,phases   ] GC(5) Pause Mark End 0.012ms
[22.249s][info][gc,phases   ] GC(5) Concurrent Mark Free 0.001ms
[22.252s][info][gc,phases   ] GC(5) Concurrent Process Non-Strong References 2.724ms
[22.252s][info][gc,phases   ] GC(5) Concurrent Reset Relocation Set 0.001ms
[22.253s][info][gc,phases   ] GC(5) Concurrent Select Relocation Set 1.686ms
[22.254s][info][gc,phases   ] GC(5) Pause Relocate Start 0.009ms
[22.255s][info][gc,phases   ] GC(5) Concurrent Relocate 1.179ms
[22.255s][info][gc,load     ] GC(5) Load: 0.00/0.00/0.00
[22.255s][info][gc,mmu      ] GC(5) MMU: 2ms/98.9%, 5ms/99.4%, 10ms/99.7%, 20ms/99.8%, 50ms/99.9%, 100ms/99.9%
[22.255s][info][gc,marking  ] GC(5) Mark: 2 stripe(s), 2 proactive flush(es), 1 terminate flush(es), 0 completion(s), 0 continuation(s) 
[22.255s][info][gc,marking  ] GC(5) Mark Stack Usage: 32M
[22.255s][info][gc,nmethod  ] GC(5) NMethods: 2358 registered, 0 unregistered
[22.255s][info][gc,metaspace] GC(5) Metaspace: 13M used, 14M committed, 1088M reserved
[22.255s][info][gc,ref      ] GC(5) Soft: 699 encountered, 0 discovered, 0 enqueued
[22.255s][info][gc,ref      ] GC(5) Weak: 857 encountered, 172 discovered, 3 enqueued
[22.255s][info][gc,ref      ] GC(5) Final: 10 encountered, 1 discovered, 1 enqueued
[22.255s][info][gc,ref      ] GC(5) Phantom: 1490 encountered, 1359 discovered, 833 enqueued
[22.255s][info][gc,reloc    ] GC(5) Small Pages: 20 / 40M, Empty: 2M, Relocated: 2M, In-Place: 0
[22.255s][info][gc,reloc    ] GC(5) Medium Pages: 1 / 32M, Empty: 32M, Relocated: 0M, In-Place: 0
[22.255s][info][gc,reloc    ] GC(5) Large Pages: 0 / 0M, Empty: 0M, Relocated: 0M, In-Place: 0
[22.255s][info][gc,reloc    ] GC(5) Forwarding Usage: 0M
[22.255s][info][gc,heap     ] GC(5) Min Capacity: 2048M(100%)
[22.255s][info][gc,heap     ] GC(5) Max Capacity: 2048M(100%)
[22.255s][info][gc,heap     ] GC(5) Soft Max Capacity: 2048M(100%)
[22.255s][info][gc,heap     ] GC(5)                Mark Start          Mark End        Relocate Start      Relocate End           High               Low         
[22.255s][info][gc,heap     ] GC(5)  Capacity:     2048M (100%)       2048M (100%)       2048M (100%)       2048M (100%)       2048M (100%)       2048M (100%)   
[22.255s][info][gc,heap     ] GC(5)      Free:     1976M (96%)        1976M (96%)        2008M (98%)        2034M (99%)        2034M (99%)        1974M (96%)    
[22.255s][info][gc,heap     ] GC(5)      Used:       72M (4%)           72M (4%)           40M (2%)           14M (1%)           74M (4%)           14M (1%)     
[22.255s][info][gc,heap     ] GC(5)      Live:         -                 8M (0%)            8M (0%)            8M (0%)             -                  -          
[22.255s][info][gc,heap     ] GC(5) Allocated:         -                 0M (0%)            2M (0%)            1M (0%)             -                  -          
[22.255s][info][gc,heap     ] GC(5)   Garbage:         -                63M (3%)           29M (1%)            3M (0%)             -                  -          
[22.255s][info][gc,heap     ] GC(5) Reclaimed:         -                  -                34M (2%)           59M (3%)             -                  -          
[22.255s][info][gc          ] GC(5) Garbage Collection (System.gc()) 72M(4%)->14M(1%)
[22.260s][info][gc,start    ] GC(6) Garbage Collection (System.gc())
[22.260s][info][gc,task     ] GC(6) Using 2 workers
[22.260s][info][gc,phases   ] GC(6) Pause Mark Start 0.006ms
[22.267s][info][gc,phases   ] GC(6) Concurrent Mark 7.191ms
[22.268s][info][gc,phases   ] GC(6) Pause Mark End 0.019ms
[22.268s][info][gc,phases   ] GC(6) Concurrent Mark Free 0.001ms
[22.271s][info][gc,phases   ] GC(6) Concurrent Process Non-Strong References 2.957ms
[22.271s][info][gc,phases   ] GC(6) Concurrent Reset Relocation Set 0.003ms
[22.273s][info][gc,phases   ] GC(6) Concurrent Select Relocation Set 1.906ms
[22.273s][info][gc,phases   ] GC(6) Pause Relocate Start 0.010ms
[22.274s][info][gc,phases   ] GC(6) Concurrent Relocate 0.978ms
[22.274s][info][gc,load     ] GC(6) Load: 0.00/0.00/0.00
[22.274s][info][gc,mmu      ] GC(6) MMU: 2ms/98.9%, 5ms/99.4%, 10ms/99.7%, 20ms/99.8%, 50ms/99.9%, 100ms/99.9%
[22.274s][info][gc,marking  ] GC(6) Mark: 2 stripe(s), 1 proactive flush(es), 1 terminate flush(es), 0 completion(s), 0 continuation(s) 
[22.274s][info][gc,marking  ] GC(6) Mark Stack Usage: 32M
[22.274s][info][gc,nmethod  ] GC(6) NMethods: 2361 registered, 0 unregistered
[22.274s][info][gc,metaspace] GC(6) Metaspace: 13M used, 14M committed, 1088M reserved
[22.274s][info][gc,ref      ] GC(6) Soft: 699 encountered, 0 discovered, 0 enqueued
[22.274s][info][gc,ref      ] GC(6) Weak: 843 encountered, 475 discovered, 0 enqueued
[22.274s][info][gc,ref      ] GC(6) Final: 9 encountered, 0 discovered, 0 enqueued
[22.274s][info][gc,ref      ] GC(6) Phantom: 653 encountered, 529 discovered, 6 enqueued
[22.274s][info][gc,reloc    ] GC(6) Small Pages: 8 / 16M, Empty: 0M, Relocated: 1M, In-Place: 0
[22.274s][info][gc,reloc    ] GC(6) Medium Pages: 0 / 0M, Empty: 0M, Relocated: 0M, In-Place: 0
[22.274s][info][gc,reloc    ] GC(6) Large Pages: 0 / 0M, Empty: 0M, Relocated: 0M, In-Place: 0
[22.274s][info][gc,reloc    ] GC(6) Forwarding Usage: 0M
[22.274s][info][gc,heap     ] GC(6) Min Capacity: 2048M(100%)
[22.274s][info][gc,heap     ] GC(6) Max Capacity: 2048M(100%)
[22.274s][info][gc,heap     ] GC(6) Soft Max Capacity: 2048M(100%)
[22.274s][info][gc,heap     ] GC(6)                Mark Start          Mark End        Relocate Start      Relocate End           High               Low         
[22.274s][info][gc,heap     ] GC(6)  Capacity:     2048M (100%)       2048M (100%)       2048M (100%)       2048M (100%)       2048M (100%)       2048M (100%)   
[22.274s][info][gc,heap     ] GC(6)      Free:     2032M (99%)        2032M (99%)        2032M (99%)        2034M (99%)        2034M (99%)        2030M (99%)    
[22.274s][info][gc,heap     ] GC(6)      Used:       16M (1%)           16M (1%)           16M (1%)           14M (1%)           18M (1%)           14M (1%)     
[22.274s][info][gc,heap     ] GC(6)      Live:         -                 8M (0%)            8M (0%)            8M (0%)             -                  -          
[22.274s][info][gc,heap     ] GC(6) Allocated:         -                 0M (0%)            0M (0%)            0M (0%)             -                  -          
[22.274s][info][gc,heap     ] GC(6)   Garbage:         -                 7M (0%)            7M (0%)            5M (0%)             -                  -          
[22.274s][info][gc,heap     ] GC(6) Reclaimed:         -                  -                 0M (0%)            2M (0%)             -                  -          
[22.274s][info][gc          ] GC(6) Garbage Collection (System.gc()) 16M(1%)->14M(1%)
[29.176s][info][gc,start    ] GC(7) Garbage Collection (System.gc())
[29.176s][info][gc,task     ] GC(7) Using 2 workers
[29.176s][info][gc,phases   ] GC(7) Pause Mark Start 0.008ms
[29.205s][info][gc,phases   ] GC(7) Concurrent Mark 28.717ms
[29.205s][info][gc,phases   ] GC(7) Pause Mark End 0.025ms
[29.205s][info][gc,phases   ] GC(7) Concurrent Mark Free 0.002ms
[29.208s][info][gc,phases   ] GC(7) Concurrent Process Non-Strong References 2.835ms
[29.208s][info][gc,phases   ] GC(7) Concurrent Reset Relocation Set 0.001ms
[29.211s][info][gc,phases   ] GC(7) Concurrent Select Relocation Set 2.457ms
[29.211s][info][gc,phases   ] GC(7) Pause Relocate Start 0.010ms
[29.212s][info][gc,phases   ] GC(7) Concurrent Relocate 1.114ms
[29.212s][info][gc,load     ] GC(7) Load: 0.00/0.00/0.00
[29.212s][info][gc,mmu      ] GC(7) MMU: 2ms/98.7%, 5ms/99.4%, 10ms/99.6%, 20ms/99.8%, 50ms/99.9%, 100ms/99.9%
[29.212s][info][gc,marking  ] GC(7) Mark: 2 stripe(s), 2 proactive flush(es), 1 terminate flush(es), 0 completion(s), 0 continuation(s) 
[29.212s][info][gc,marking  ] GC(7) Mark Stack Usage: 32M
[29.212s][info][gc,nmethod  ] GC(7) NMethods: 2481 registered, 0 unregistered
[29.212s][info][gc,metaspace] GC(7) Metaspace: 13M used, 14M committed, 1088M reserved
[29.212s][info][gc,ref      ] GC(7) Soft: 699 encountered, 0 discovered, 0 enqueued
[29.212s][info][gc,ref      ] GC(7) Weak: 862 encountered, 92 discovered, 3 enqueued
[29.212s][info][gc,ref      ] GC(7) Final: 10 encountered, 1 discovered, 1 enqueued
[29.212s][info][gc,ref      ] GC(7) Phantom: 1490 encountered, 1429 discovered, 833 enqueued
[29.212s][info][gc,reloc    ] GC(7) Small Pages: 21 / 42M, Empty: 4M, Relocated: 2M, In-Place: 0
[29.212s][info][gc,reloc    ] GC(7) Medium Pages: 1 / 32M, Empty: 32M, Relocated: 0M, In-Place: 0
[29.212s][info][gc,reloc    ] GC(7) Large Pages: 0 / 0M, Empty: 0M, Relocated: 0M, In-Place: 0
[29.212s][info][gc,reloc    ] GC(7) Forwarding Usage: 0M
[29.212s][info][gc,heap     ] GC(7) Min Capacity: 2048M(100%)
[29.212s][info][gc,heap     ] GC(7) Max Capacity: 2048M(100%)
[29.212s][info][gc,heap     ] GC(7) Soft Max Capacity: 2048M(100%)
[29.212s][info][gc,heap     ] GC(7)                Mark Start          Mark End        Relocate Start      Relocate End           High               Low         
[29.212s][info][gc,heap     ] GC(7)  Capacity:     2048M (100%)       2048M (100%)       2048M (100%)       2048M (100%)       2048M (100%)       2048M (100%)   
[29.212s][info][gc,heap     ] GC(7)      Free:     1974M (96%)        1972M (96%)        2008M (98%)        2032M (99%)        2032M (99%)        1972M (96%)    
[29.213s][info][gc,heap     ] GC(7)      Used:       74M (4%)           76M (4%)           40M (2%)           16M (1%)           76M (4%)           16M (1%)     
[29.213s][info][gc,heap     ] GC(7)      Live:         -                 8M (0%)            8M (0%)            8M (0%)             -                  -          
[29.213s][info][gc,heap     ] GC(7) Allocated:         -                 2M (0%)            2M (0%)            3M (0%)             -                  -          
[29.213s][info][gc,heap     ] GC(7)   Garbage:         -                65M (3%)           29M (1%)            3M (0%)             -                  -          
[29.213s][info][gc,heap     ] GC(7) Reclaimed:         -                  -                36M (2%)           61M (3%)             -                  -          
[29.213s][info][gc          ] GC(7) Garbage Collection (System.gc()) 74M(4%)->16M(1%)
[29.219s][info][gc,start    ] GC(8) Garbage Collection (System.gc())
[29.219s][info][gc,task     ] GC(8) Using 2 workers
[29.219s][info][gc,phases   ] GC(8) Pause Mark Start 0.014ms
[29.237s][info][gc,phases   ] GC(8) Concurrent Mark 17.221ms
[29.237s][info][gc,phases   ] GC(8) Pause Mark End 0.022ms
[29.237s][info][gc,phases   ] GC(8) Concurrent Mark Free 0.002ms
[29.240s][info][gc,phases   ] GC(8) Concurrent Process Non-Strong References 2.944ms
[29.240s][info][gc,phases   ] GC(8) Concurrent Reset Relocation Set 0.002ms
[29.242s][info][gc,phases   ] GC(8) Concurrent Select Relocation Set 1.580ms
[29.242s][info][gc,phases   ] GC(8) Pause Relocate Start 0.008ms
[29.242s][info][gc,phases   ] GC(8) Concurrent Relocate 0.590ms
[29.242s][info][gc,load     ] GC(8) Load: 0.00/0.00/0.00
[29.242s][info][gc,mmu      ] GC(8) MMU: 2ms/98.7%, 5ms/99.4%, 10ms/99.6%, 20ms/99.8%, 50ms/99.8%, 100ms/99.9%
[29.242s][info][gc,marking  ] GC(8) Mark: 2 stripe(s), 1 proactive flush(es), 1 terminate flush(es), 0 completion(s), 0 continuation(s) 
[29.242s][info][gc,marking  ] GC(8) Mark Stack Usage: 32M
[29.242s][info][gc,nmethod  ] GC(8) NMethods: 2482 registered, 0 unregistered
[29.242s][info][gc,metaspace] GC(8) Metaspace: 13M used, 14M committed, 1088M reserved
[29.242s][info][gc,ref      ] GC(8) Soft: 699 encountered, 0 discovered, 0 enqueued
[29.242s][info][gc,ref      ] GC(8) Weak: 848 encountered, 371 discovered, 0 enqueued
[29.242s][info][gc,ref      ] GC(8) Final: 9 encountered, 0 discovered, 0 enqueued
[29.242s][info][gc,ref      ] GC(8) Phantom: 653 encountered, 520 discovered, 6 enqueued
[29.242s][info][gc,reloc    ] GC(8) Small Pages: 10 / 20M, Empty: 2M, Relocated: 1M, In-Place: 0
[29.242s][info][gc,reloc    ] GC(8) Medium Pages: 0 / 0M, Empty: 0M, Relocated: 0M, In-Place: 0
[29.242s][info][gc,reloc    ] GC(8) Large Pages: 0 / 0M, Empty: 0M, Relocated: 0M, In-Place: 0
[29.242s][info][gc,reloc    ] GC(8) Forwarding Usage: 0M
[29.242s][info][gc,heap     ] GC(8) Min Capacity: 2048M(100%)
[29.242s][info][gc,heap     ] GC(8) Max Capacity: 2048M(100%)
[29.242s][info][gc,heap     ] GC(8) Soft Max Capacity: 2048M(100%)
[29.243s][info][gc,heap     ] GC(8)                Mark Start          Mark End        Relocate Start      Relocate End           High               Low         
[29.243s][info][gc,heap     ] GC(8)  Capacity:     2048M (100%)       2048M (100%)       2048M (100%)       2048M (100%)       2048M (100%)       2048M (100%)   
[29.243s][info][gc,heap     ] GC(8)      Free:     2028M (99%)        2028M (99%)        2030M (99%)        2034M (99%)        2034M (99%)        2028M (99%)    
[29.243s][info][gc,heap     ] GC(8)      Used:       20M (1%)           20M (1%)           18M (1%)           14M (1%)           20M (1%)           14M (1%)     
[29.243s][info][gc,heap     ] GC(8)      Live:         -                 8M (0%)            8M (0%)            8M (0%)             -                  -          
[29.243s][info][gc,heap     ] GC(8) Allocated:         -                 0M (0%)            0M (0%)            0M (0%)             -                  -          
[29.243s][info][gc,heap     ] GC(8)   Garbage:         -                11M (1%)            9M (0%)            5M (0%)             -                  -          
[29.243s][info][gc,heap     ] GC(8) Reclaimed:         -                  -                 2M (0%)            6M (0%)             -                  -          
[29.243s][info][gc          ] GC(8) Garbage Collection (System.gc()) 20M(1%)->14M(1%)
[30.090s][info][gc,stats    ] === Garbage Collection Statistics =======================================================================================================================
[30.090s][info][gc,stats    ]                                                              Last 10s              Last 10m              Last 10h                Total
[30.090s][info][gc,stats    ]                                                              Avg / Max             Avg / Max             Avg / Max             Avg / Max
[30.090s][info][gc,stats    ]   Collector: Garbage Collection Cycle                     22.002 / 36.368       20.457 / 36.368       20.457 / 36.368       20.457 / 36.368      ms
[30.090s][info][gc,stats    ]  Contention: Mark Segment Reset Contention                     0 / 0                 0 / 0                 0 / 0                 0 / 0           ops/s
[30.090s][info][gc,stats    ]  Contention: Mark SeqNum Reset Contention                      0 / 1                 0 / 1                 0 / 1                 0 / 1           ops/s
[30.090s][info][gc,stats    ]    Critical: Allocation Stall                                  0 / 0                 0 / 0                 0 / 0                 0 / 0           ops/s
[30.090s][info][gc,stats    ]    Critical: Allocation Stall                              0.000 / 0.000         0.000 / 0.000         0.000 / 0.000         0.000 / 0.000       ms
[30.090s][info][gc,stats    ]    Critical: GC Locker Stall                                   0 / 0                 0 / 0                 0 / 0                 0 / 0           ops/s
[30.090s][info][gc,stats    ]    Critical: GC Locker Stall                               0.000 / 0.000         0.000 / 0.000         0.000 / 0.000         0.000 / 0.000       ms
[30.090s][info][gc,stats    ]    Critical: Relocation Stall                                  0 / 0                 0 / 0                 0 / 0                 0 / 0           ops/s
[30.090s][info][gc,stats    ]    Critical: Relocation Stall                              0.000 / 0.000         0.000 / 0.000         0.000 / 0.000         0.000 / 0.000       ms
[30.090s][info][gc,stats    ]      Memory: Allocation Rate                                  13 / 68               15 / 108              15 / 108              15 / 108         MB/s
[30.090s][info][gc,stats    ]      Memory: Out Of Memory                                     0 / 0                 0 / 0                 0 / 0                 0 / 0           ops/s
[30.090s][info][gc,stats    ]      Memory: Page Cache Flush                                  0 / 0                 0 / 0                 0 / 0                 0 / 0           MB/s
[30.091s][info][gc,stats    ]      Memory: Page Cache Hit L1                                 4 / 23                3 / 24                3 / 24                3 / 24          ops/s
[30.091s][info][gc,stats    ]      Memory: Page Cache Hit L2                                 0 / 0                 0 / 0                 0 / 0                 0 / 0           ops/s
[30.091s][info][gc,stats    ]      Memory: Page Cache Hit L3                                 0 / 0                 2 / 45                2 / 45                2 / 45          ops/s
[30.091s][info][gc,stats    ]      Memory: Page Cache Miss                                   0 / 0                 0 / 1                 0 / 1                 0 / 1           ops/s
[30.091s][info][gc,stats    ]      Memory: Uncommit                                          0 / 0                 0 / 0                 0 / 0                 0 / 0           MB/s
[30.091s][info][gc,stats    ]      Memory: Undo Object Allocation Failed                     0 / 0                 0 / 0                 0 / 0                 0 / 0           ops/s
[30.091s][info][gc,stats    ]      Memory: Undo Object Allocation Succeeded                  0 / 0                 0 / 0                 0 / 0                 0 / 0           ops/s
[30.091s][info][gc,stats    ]      Memory: Undo Page Allocation                              0 / 0                 0 / 0                 0 / 0                 0 / 0           ops/s
[30.091s][info][gc,stats    ]       Phase: Concurrent Mark                              15.287 / 28.717       13.645 / 28.717       13.645 / 28.717       13.645 / 28.717      ms
[30.091s][info][gc,stats    ]       Phase: Concurrent Mark Continue                      0.000 / 0.000         0.000 / 0.000         0.000 / 0.000         0.000 / 0.000       ms
[30.091s][info][gc,stats    ]       Phase: Concurrent Mark Free                          0.002 / 0.002         0.001 / 0.002         0.001 / 0.002         0.001 / 0.002       ms
[30.091s][info][gc,stats    ]       Phase: Concurrent Process Non-Strong References      2.865 / 2.957         2.563 / 3.342         2.563 / 3.342         2.563 / 3.342       ms
[30.091s][info][gc,stats    ]       Phase: Concurrent Relocate                           0.965 / 1.179         1.434 / 3.100         1.434 / 3.100         1.434 / 3.100       ms
[30.091s][info][gc,stats    ]       Phase: Concurrent Reset Relocation Set               0.002 / 0.003         0.002 / 0.005         0.002 / 0.005         0.002 / 0.005       ms
[30.091s][info][gc,stats    ]       Phase: Concurrent Select Relocation Set              1.907 / 2.457         1.930 / 2.825         1.930 / 2.825         1.930 / 2.825       ms
[30.091s][info][gc,stats    ]       Phase: Pause Mark End                                0.019 / 0.025         0.018 / 0.025         0.018 / 0.025         0.018 / 0.025       ms
[30.091s][info][gc,stats    ]       Phase: Pause Mark Start                              0.009 / 0.014         0.008 / 0.014         0.008 / 0.014         0.008 / 0.014       ms
[30.091s][info][gc,stats    ]       Phase: Pause Relocate Start                          0.009 / 0.010         0.010 / 0.015         0.010 / 0.015         0.010 / 0.015       ms
[30.091s][info][gc,stats    ]    Subphase: Concurrent Classes Purge                      0.123 / 0.149         0.105 / 0.149         0.105 / 0.149         0.105 / 0.149       ms
[30.091s][info][gc,stats    ]    Subphase: Concurrent Classes Unlink                     1.888 / 1.932         1.742 / 2.123         1.742 / 2.123         1.742 / 2.123       ms
[30.091s][info][gc,stats    ]    Subphase: Concurrent Mark                               9.850 / 27.896        9.210 / 27.896        9.210 / 27.896        9.210 / 27.896      ms
[30.091s][info][gc,stats    ]    Subphase: Concurrent Mark Try Flush                     0.082 / 0.141         0.078 / 0.157         0.078 / 0.157         0.078 / 0.157       ms
[30.091s][info][gc,stats    ]    Subphase: Concurrent Mark Try Terminate                 3.400 / 23.701        2.845 / 23.701        2.845 / 23.701        2.845 / 23.701      ms
[30.091s][info][gc,stats    ]    Subphase: Concurrent References Enqueue                 0.005 / 0.006         0.005 / 0.007         0.005 / 0.007         0.005 / 0.007       ms
[30.091s][info][gc,stats    ]    Subphase: Concurrent References Process                 0.251 / 0.303         0.203 / 0.303         0.203 / 0.303         0.203 / 0.303       ms
[30.091s][info][gc,stats    ]    Subphase: Concurrent Roots ClassLoaderDataGraph         0.076 / 0.222         0.067 / 0.222         0.067 / 0.222         0.067 / 0.222       ms
[30.091s][info][gc,stats    ]    Subphase: Concurrent Roots CodeCache                    0.000 / 0.000         0.000 / 0.000         0.000 / 0.000         0.000 / 0.000       ms
[30.091s][info][gc,stats    ]    Subphase: Concurrent Roots JavaThreads                  0.392 / 0.613         0.335 / 0.613         0.335 / 0.613         0.335 / 0.613       ms
[30.091s][info][gc,stats    ]    Subphase: Concurrent Roots OopStorageSet                0.012 / 0.030         0.015 / 0.041         0.015 / 0.041         0.015 / 0.041       ms
[30.091s][info][gc,stats    ]    Subphase: Concurrent Weak Roots OopStorageSet           0.392 / 0.448         0.324 / 0.578         0.324 / 0.578         0.324 / 0.578       ms
[30.091s][info][gc,stats    ]    Subphase: Pause Mark Try Complete                       0.000 / 0.000         0.000 / 0.000         0.000 / 0.000         0.000 / 0.000       ms
[30.091s][info][gc,stats    ]      System: Java Threads                                     17 / 19               16 / 19               16 / 19               16 / 19          threads
[30.091s][info][gc,stats    ] =========================================================================================================================================================
[36.143s][info][gc,start    ] GC(9) Garbage Collection (System.gc())
[36.143s][info][gc,task     ] GC(9) Using 2 workers
[36.143s][info][gc,phases   ] GC(9) Pause Mark Start 0.008ms
[36.150s][info][gc,phases   ] GC(9) Concurrent Mark 6.923ms
[36.151s][info][gc,phases   ] GC(9) Pause Mark End 0.025ms
[36.151s][info][gc,phases   ] GC(9) Concurrent Mark Free 0.002ms
[36.154s][info][gc,phases   ] GC(9) Concurrent Process Non-Strong References 2.807ms
[36.154s][info][gc,phases   ] GC(9) Concurrent Reset Relocation Set 0.002ms
[36.156s][info][gc,phases   ] GC(9) Concurrent Select Relocation Set 2.288ms
[36.157s][info][gc,phases   ] GC(9) Pause Relocate Start 0.011ms
[36.158s][info][gc,phases   ] GC(9) Concurrent Relocate 1.079ms
[36.158s][info][gc,load     ] GC(9) Load: 0.00/0.00/0.00
[36.158s][info][gc,mmu      ] GC(9) MMU: 2ms/98.7%, 5ms/99.4%, 10ms/99.6%, 20ms/99.8%, 50ms/99.8%, 100ms/99.9%
[36.158s][info][gc,marking  ] GC(9) Mark: 2 stripe(s), 2 proactive flush(es), 1 terminate flush(es), 0 completion(s), 0 continuation(s) 
[36.158s][info][gc,marking  ] GC(9) Mark Stack Usage: 32M
[36.158s][info][gc,nmethod  ] GC(9) NMethods: 2545 registered, 0 unregistered
[36.158s][info][gc,metaspace] GC(9) Metaspace: 13M used, 14M committed, 1088M reserved
[36.158s][info][gc,ref      ] GC(9) Soft: 699 encountered, 0 discovered, 0 enqueued
[36.158s][info][gc,ref      ] GC(9) Weak: 867 encountered, 117 discovered, 3 enqueued
[36.158s][info][gc,ref      ] GC(9) Final: 10 encountered, 6 discovered, 1 enqueued
[36.158s][info][gc,ref      ] GC(9) Phantom: 1490 encountered, 1359 discovered, 833 enqueued
[36.158s][info][gc,reloc    ] GC(9) Small Pages: 22 / 44M, Empty: 6M, Relocated: 2M, In-Place: 0
[36.158s][info][gc,reloc    ] GC(9) Medium Pages: 1 / 32M, Empty: 32M, Relocated: 0M, In-Place: 0
[36.158s][info][gc,reloc    ] GC(9) Large Pages: 0 / 0M, Empty: 0M, Relocated: 0M, In-Place: 0
[36.158s][info][gc,reloc    ] GC(9) Forwarding Usage: 0M
[36.158s][info][gc,heap     ] GC(9) Min Capacity: 2048M(100%)
[36.158s][info][gc,heap     ] GC(9) Max Capacity: 2048M(100%)
[36.158s][info][gc,heap     ] GC(9) Soft Max Capacity: 2048M(100%)
[36.158s][info][gc,heap     ] GC(9)                Mark Start          Mark End        Relocate Start      Relocate End           High               Low         
[36.158s][info][gc,heap     ] GC(9)  Capacity:     2048M (100%)       2048M (100%)       2048M (100%)       2048M (100%)       2048M (100%)       2048M (100%)   
[36.158s][info][gc,heap     ] GC(9)      Free:     1972M (96%)        1972M (96%)        2008M (98%)        2034M (99%)        2034M (99%)        1970M (96%)    
[36.158s][info][gc,heap     ] GC(9)      Used:       76M (4%)           76M (4%)           40M (2%)           14M (1%)           78M (4%)           14M (1%)     
[36.158s][info][gc,heap     ] GC(9)      Live:         -                 8M (0%)            8M (0%)            8M (0%)             -                  -          
[36.158s][info][gc,heap     ] GC(9) Allocated:         -                 0M (0%)            2M (0%)            1M (0%)             -                  -          
[36.158s][info][gc,heap     ] GC(9)   Garbage:         -                67M (3%)           29M (1%)            3M (0%)             -                  -          
[36.158s][info][gc,heap     ] GC(9) Reclaimed:         -                  -                38M (2%)           63M (3%)             -                  -          
[36.158s][info][gc          ] GC(9) Garbage Collection (System.gc()) 76M(4%)->14M(1%)
[36.165s][info][gc,start    ] GC(10) Garbage Collection (System.gc())
[36.165s][info][gc,task     ] GC(10) Using 2 workers
[36.165s][info][gc,phases   ] GC(10) Pause Mark Start 0.007ms
[36.186s][info][gc,phases   ] GC(10) Concurrent Mark 20.818ms
[36.187s][info][gc,phases   ] GC(10) Pause Mark End 0.026ms
[36.187s][info][gc,phases   ] GC(10) Concurrent Mark Free 0.003ms
[36.190s][info][gc,phases   ] GC(10) Concurrent Process Non-Strong References 3.050ms
[36.190s][info][gc,phases   ] GC(10) Concurrent Reset Relocation Set 0.002ms
[36.191s][info][gc,phases   ] GC(10) Concurrent Select Relocation Set 1.326ms
[36.191s][info][gc,phases   ] GC(10) Pause Relocate Start 0.008ms
[36.193s][info][gc,phases   ] GC(10) Concurrent Relocate 1.090ms
[36.193s][info][gc,load     ] GC(10) Load: 0.00/0.00/0.00
[36.193s][info][gc,mmu      ] GC(10) MMU: 2ms/98.7%, 5ms/99.3%, 10ms/99.6%, 20ms/99.8%, 50ms/99.8%, 100ms/99.9%
[36.193s][info][gc,marking  ] GC(10) Mark: 2 stripe(s), 2 proactive flush(es), 1 terminate flush(es), 0 completion(s), 0 continuation(s) 
[36.193s][info][gc,marking  ] GC(10) Mark Stack Usage: 32M
[36.193s][info][gc,nmethod  ] GC(10) NMethods: 2551 registered, 0 unregistered
[36.193s][info][gc,metaspace] GC(10) Metaspace: 13M used, 14M committed, 1088M reserved
[36.193s][info][gc,ref      ] GC(10) Soft: 699 encountered, 0 discovered, 0 enqueued
[36.193s][info][gc,ref      ] GC(10) Weak: 853 encountered, 63 discovered, 0 enqueued
[36.193s][info][gc,ref      ] GC(10) Final: 9 encountered, 0 discovered, 0 enqueued
[36.193s][info][gc,ref      ] GC(10) Phantom: 653 encountered, 583 discovered, 6 enqueued
[36.193s][info][gc,reloc    ] GC(10) Small Pages: 10 / 20M, Empty: 2M, Relocated: 1M, In-Place: 0
[36.193s][info][gc,reloc    ] GC(10) Medium Pages: 0 / 0M, Empty: 0M, Relocated: 0M, In-Place: 0
[36.193s][info][gc,reloc    ] GC(10) Large Pages: 0 / 0M, Empty: 0M, Relocated: 0M, In-Place: 0
[36.193s][info][gc,reloc    ] GC(10) Forwarding Usage: 0M
[36.193s][info][gc,heap     ] GC(10) Min Capacity: 2048M(100%)
[36.193s][info][gc,heap     ] GC(10) Max Capacity: 2048M(100%)
[36.193s][info][gc,heap     ] GC(10) Soft Max Capacity: 2048M(100%)
[36.193s][info][gc,heap     ] GC(10)                Mark Start          Mark End        Relocate Start      Relocate End           High               Low         
[36.193s][info][gc,heap     ] GC(10)  Capacity:     2048M (100%)       2048M (100%)       2048M (100%)       2048M (100%)       2048M (100%)       2048M (100%)   
[36.193s][info][gc,heap     ] GC(10)      Free:     2028M (99%)        2028M (99%)        2030M (99%)        2034M (99%)        2034M (99%)        2028M (99%)    
[36.193s][info][gc,heap     ] GC(10)      Used:       20M (1%)           20M (1%)           18M (1%)           14M (1%)           20M (1%)           14M (1%)     
[36.193s][info][gc,heap     ] GC(10)      Live:         -                 8M (0%)            8M (0%)            8M (0%)             -                  -          
[36.193s][info][gc,heap     ] GC(10) Allocated:         -                 0M (0%)            0M (0%)            0M (0%)             -                  -          
[36.193s][info][gc,heap     ] GC(10)   Garbage:         -                11M (1%)            9M (0%)            5M (0%)             -                  -          
[36.193s][info][gc,heap     ] GC(10) Reclaimed:         -                  -                 2M (0%)            6M (0%)             -                  -          
[36.193s][info][gc          ] GC(10) Garbage Collection (System.gc()) 20M(1%)->14M(1%)
[40.090s][info][gc,stats    ] === Garbage Collection Statistics =======================================================================================================================
[40.090s][info][gc,stats    ]                                                              Last 10s              Last 10m              Last 10h                Total
[40.090s][info][gc,stats    ]                                                              Avg / Max             Avg / Max             Avg / Max             Avg / Max
[40.090s][info][gc,stats    ]   Collector: Garbage Collection Cycle                     20.848 / 27.243       20.528 / 36.368       20.528 / 36.368       20.528 / 36.368      ms
[40.091s][info][gc,stats    ]  Contention: Mark Segment Reset Contention                     0 / 0                 0 / 0                 0 / 0                 0 / 0           ops/s
[40.091s][info][gc,stats    ]  Contention: Mark SeqNum Reset Contention                      0 / 0                 0 / 1                 0 / 1                 0 / 1           ops/s
[40.091s][info][gc,stats    ]    Critical: Allocation Stall                                  0 / 0                 0 / 0                 0 / 0                 0 / 0           ops/s
[40.091s][info][gc,stats    ]    Critical: Allocation Stall                              0.000 / 0.000         0.000 / 0.000         0.000 / 0.000         0.000 / 0.000       ms
[40.091s][info][gc,stats    ]    Critical: GC Locker Stall                                   0 / 0                 0 / 0                 0 / 0                 0 / 0           ops/s
[40.091s][info][gc,stats    ]    Critical: GC Locker Stall                               0.000 / 0.000         0.000 / 0.000         0.000 / 0.000         0.000 / 0.000       ms
[40.091s][info][gc,stats    ]    Critical: Relocation Stall                                  0 / 0                 0 / 0                 0 / 0                 0 / 0           ops/s
[40.091s][info][gc,stats    ]    Critical: Relocation Stall                              0.000 / 0.000         0.000 / 0.000         0.000 / 0.000         0.000 / 0.000       ms
[40.091s][info][gc,stats    ]      Memory: Allocation Rate                                   7 / 70               13 / 108              13 / 108              13 / 108         MB/s
[40.091s][info][gc,stats    ]      Memory: Out Of Memory                                     0 / 0                 0 / 0                 0 / 0                 0 / 0           ops/s
[40.091s][info][gc,stats    ]      Memory: Page Cache Flush                                  0 / 0                 0 / 0                 0 / 0                 0 / 0           MB/s
[40.091s][info][gc,stats    ]      Memory: Page Cache Hit L1                                 2 / 24                3 / 24                3 / 24                3 / 24          ops/s
[40.091s][info][gc,stats    ]      Memory: Page Cache Hit L2                                 0 / 0                 0 / 0                 0 / 0                 0 / 0           ops/s
[40.091s][info][gc,stats    ]      Memory: Page Cache Hit L3                                 0 / 0                 1 / 45                1 / 45                1 / 45          ops/s
[40.091s][info][gc,stats    ]      Memory: Page Cache Miss                                   0 / 0                 0 / 1                 0 / 1                 0 / 1           ops/s
[40.091s][info][gc,stats    ]      Memory: Uncommit                                          0 / 0                 0 / 0                 0 / 0                 0 / 0           MB/s
[40.091s][info][gc,stats    ]      Memory: Undo Object Allocation Failed                     0 / 0                 0 / 0                 0 / 0                 0 / 0           ops/s
[40.091s][info][gc,stats    ]      Memory: Undo Object Allocation Succeeded                  0 / 0                 0 / 0                 0 / 0                 0 / 0           ops/s
[40.091s][info][gc,stats    ]      Memory: Undo Page Allocation                              0 / 0                 0 / 0                 0 / 0                 0 / 0           ops/s
[40.091s][info][gc,stats    ]       Phase: Concurrent Mark                              13.871 / 20.818       13.686 / 28.717       13.686 / 28.717       13.686 / 28.717      ms
[40.091s][info][gc,stats    ]       Phase: Concurrent Mark Continue                      0.000 / 0.000         0.000 / 0.000         0.000 / 0.000         0.000 / 0.000       ms
[40.091s][info][gc,stats    ]       Phase: Concurrent Mark Free                          0.002 / 0.003         0.001 / 0.003         0.001 / 0.003         0.001 / 0.003       ms
[40.091s][info][gc,stats    ]       Phase: Concurrent Process Non-Strong References      2.928 / 3.050         2.630 / 3.342         2.630 / 3.342         2.630 / 3.342       ms
[40.091s][info][gc,stats    ]       Phase: Concurrent Relocate                           1.085 / 1.090         1.371 / 3.100         1.371 / 3.100         1.371 / 3.100       ms
[40.091s][info][gc,stats    ]       Phase: Concurrent Reset Relocation Set               0.002 / 0.002         0.002 / 0.005         0.002 / 0.005         0.002 / 0.005       ms
[40.091s][info][gc,stats    ]       Phase: Concurrent Select Relocation Set              1.807 / 2.288         1.908 / 2.825         1.908 / 2.825         1.908 / 2.825       ms
[40.091s][info][gc,stats    ]       Phase: Pause Mark End                                0.025 / 0.026         0.019 / 0.026         0.019 / 0.026         0.019 / 0.026       ms
[40.091s][info][gc,stats    ]       Phase: Pause Mark Start                              0.008 / 0.008         0.008 / 0.014         0.008 / 0.014         0.008 / 0.014       ms
[40.091s][info][gc,stats    ]       Phase: Pause Relocate Start                          0.010 / 0.011         0.010 / 0.015         0.010 / 0.015         0.010 / 0.015       ms
[40.091s][info][gc,stats    ]    Subphase: Concurrent Classes Purge                      0.166 / 0.191         0.116 / 0.191         0.116 / 0.191         0.116 / 0.191       ms
[40.091s][info][gc,stats    ]    Subphase: Concurrent Classes Unlink                     1.795 / 1.901         1.751 / 2.123         1.751 / 2.123         1.751 / 2.123       ms
[40.091s][info][gc,stats    ]    Subphase: Concurrent Mark                               9.077 / 20.087        9.186 / 27.896        9.186 / 27.896        9.186 / 27.896      ms
[40.091s][info][gc,stats    ]    Subphase: Concurrent Mark Try Flush                     0.088 / 0.139         0.080 / 0.157         0.080 / 0.157         0.080 / 0.157       ms
[40.091s][info][gc,stats    ]    Subphase: Concurrent Mark Try Terminate                 3.105 / 16.487        2.892 / 23.701        2.892 / 23.701        2.892 / 23.701      ms
[40.091s][info][gc,stats    ]    Subphase: Concurrent References Enqueue                 0.008 / 0.008         0.005 / 0.008         0.005 / 0.008         0.005 / 0.008       ms
[40.091s][info][gc,stats    ]    Subphase: Concurrent References Process                 0.247 / 0.270         0.211 / 0.303         0.211 / 0.303         0.211 / 0.303       ms
[40.091s][info][gc,stats    ]    Subphase: Concurrent Roots ClassLoaderDataGraph         0.060 / 0.148         0.066 / 0.222         0.066 / 0.222         0.066 / 0.222       ms
[40.091s][info][gc,stats    ]    Subphase: Concurrent Roots CodeCache                    0.000 / 0.000         0.000 / 0.000         0.000 / 0.000         0.000 / 0.000       ms
[40.091s][info][gc,stats    ]    Subphase: Concurrent Roots JavaThreads                  0.409 / 0.458         0.348 / 0.613         0.348 / 0.613         0.348 / 0.613       ms
[40.091s][info][gc,stats    ]    Subphase: Concurrent Roots OopStorageSet                0.017 / 0.032         0.016 / 0.041         0.016 / 0.041         0.016 / 0.041       ms
[40.091s][info][gc,stats    ]    Subphase: Concurrent Weak Roots OopStorageSet           0.453 / 0.472         0.348 / 0.578         0.348 / 0.578         0.348 / 0.578       ms
[40.091s][info][gc,stats    ]    Subphase: Pause Mark Try Complete                       0.000 / 0.000         0.000 / 0.000         0.000 / 0.000         0.000 / 0.000       ms
[40.091s][info][gc,stats    ]      System: Java Threads                                     19 / 20               16 / 20               16 / 20               16 / 20          threads
[40.091s][info][gc,stats    ] =========================================================================================================================================================
[43.100s][info][gc,start    ] GC(11) Garbage Collection (System.gc())
[43.100s][info][gc,task     ] GC(11) Using 2 workers
[43.100s][info][gc,phases   ] GC(11) Pause Mark Start 0.009ms
[43.107s][info][gc,phases   ] GC(11) Concurrent Mark 6.637ms
[43.107s][info][gc,phases   ] GC(11) Pause Mark End 0.010ms
[43.107s][info][gc,phases   ] GC(11) Concurrent Mark Free 0.001ms
[43.109s][info][gc,phases   ] GC(11) Concurrent Process Non-Strong References 2.284ms
[43.109s][info][gc,phases   ] GC(11) Concurrent Reset Relocation Set 0.001ms
[43.111s][info][gc,phases   ] GC(11) Concurrent Select Relocation Set 2.058ms
[43.112s][info][gc,phases   ] GC(11) Pause Relocate Start 0.007ms
[43.113s][info][gc,phases   ] GC(11) Concurrent Relocate 1.262ms
[43.113s][info][gc,load     ] GC(11) Load: 0.00/0.00/0.00
[43.113s][info][gc,mmu      ] GC(11) MMU: 2ms/98.7%, 5ms/99.3%, 10ms/99.6%, 20ms/99.8%, 50ms/99.8%, 100ms/99.9%
[43.113s][info][gc,marking  ] GC(11) Mark: 2 stripe(s), 2 proactive flush(es), 1 terminate flush(es), 0 completion(s), 0 continuation(s) 
[43.113s][info][gc,marking  ] GC(11) Mark Stack Usage: 32M
[43.113s][info][gc,nmethod  ] GC(11) NMethods: 2631 registered, 0 unregistered
[43.113s][info][gc,metaspace] GC(11) Metaspace: 13M used, 14M committed, 1088M reserved
[43.113s][info][gc,ref      ] GC(11) Soft: 699 encountered, 0 discovered, 0 enqueued
[43.113s][info][gc,ref      ] GC(11) Weak: 872 encountered, 194 discovered, 3 enqueued
[43.113s][info][gc,ref      ] GC(11) Final: 10 encountered, 1 discovered, 1 enqueued
[43.113s][info][gc,ref      ] GC(11) Phantom: 1490 encountered, 1348 discovered, 833 enqueued
[43.113s][info][gc,reloc    ] GC(11) Small Pages: 22 / 44M, Empty: 4M, Relocated: 2M, In-Place: 0
[43.113s][info][gc,reloc    ] GC(11) Medium Pages: 1 / 32M, Empty: 32M, Relocated: 0M, In-Place: 0
[43.113s][info][gc,reloc    ] GC(11) Large Pages: 0 / 0M, Empty: 0M, Relocated: 0M, In-Place: 0
[43.113s][info][gc,reloc    ] GC(11) Forwarding Usage: 0M
[43.113s][info][gc,heap     ] GC(11) Min Capacity: 2048M(100%)
[43.113s][info][gc,heap     ] GC(11) Max Capacity: 2048M(100%)
[43.113s][info][gc,heap     ] GC(11) Soft Max Capacity: 2048M(100%)
[43.113s][info][gc,heap     ] GC(11)                Mark Start          Mark End        Relocate Start      Relocate End           High               Low         
[43.113s][info][gc,heap     ] GC(11)  Capacity:     2048M (100%)       2048M (100%)       2048M (100%)       2048M (100%)       2048M (100%)       2048M (100%)   
[43.113s][info][gc,heap     ] GC(11)      Free:     1972M (96%)        1972M (96%)        2008M (98%)        2032M (99%)        2032M (99%)        1972M (96%)    
[43.113s][info][gc,heap     ] GC(11)      Used:       76M (4%)           76M (4%)           40M (2%)           16M (1%)           76M (4%)           16M (1%)     
[43.113s][info][gc,heap     ] GC(11)      Live:         -                 8M (0%)            8M (0%)            8M (0%)             -                  -          
[43.113s][info][gc,heap     ] GC(11) Allocated:         -                 0M (0%)            0M (0%)            3M (0%)             -                  -          
[43.113s][info][gc,heap     ] GC(11)   Garbage:         -                67M (3%)           31M (2%)            3M (0%)             -                  -          
[43.113s][info][gc,heap     ] GC(11) Reclaimed:         -                  -                36M (2%)           63M (3%)             -                  -          
[43.113s][info][gc          ] GC(11) Garbage Collection (System.gc()) 76M(4%)->16M(1%)
[43.119s][info][gc,start    ] GC(12) Garbage Collection (System.gc())
[43.119s][info][gc,task     ] GC(12) Using 2 workers
[43.119s][info][gc,phases   ] GC(12) Pause Mark Start 0.007ms
[43.128s][info][gc,phases   ] GC(12) Concurrent Mark 8.431ms
[43.128s][info][gc,phases   ] GC(12) Pause Mark End 0.017ms
[43.128s][info][gc,phases   ] GC(12) Concurrent Mark Free 0.001ms
[43.130s][info][gc,phases   ] GC(12) Concurrent Process Non-Strong References 2.618ms
[43.130s][info][gc,phases   ] GC(12) Concurrent Reset Relocation Set 0.002ms
[43.132s][info][gc,phases   ] GC(12) Concurrent Select Relocation Set 1.559ms
[43.132s][info][gc,phases   ] GC(12) Pause Relocate Start 0.010ms
[43.133s][info][gc,phases   ] GC(12) Concurrent Relocate 0.601ms
[43.133s][info][gc,load     ] GC(12) Load: 0.00/0.00/0.00
[43.133s][info][gc,mmu      ] GC(12) MMU: 2ms/98.7%, 5ms/99.3%, 10ms/99.6%, 20ms/99.8%, 50ms/99.8%, 100ms/99.9%
[43.133s][info][gc,marking  ] GC(12) Mark: 2 stripe(s), 1 proactive flush(es), 1 terminate flush(es), 0 completion(s), 0 continuation(s) 
[43.133s][info][gc,marking  ] GC(12) Mark Stack Usage: 32M
[43.133s][info][gc,nmethod  ] GC(12) NMethods: 2638 registered, 0 unregistered
[43.133s][info][gc,metaspace] GC(12) Metaspace: 14M used, 14M committed, 1088M reserved
[43.133s][info][gc,ref      ] GC(12) Soft: 699 encountered, 0 discovered, 0 enqueued
[43.133s][info][gc,ref      ] GC(12) Weak: 858 encountered, 499 discovered, 0 enqueued
[43.133s][info][gc,ref      ] GC(12) Final: 9 encountered, 0 discovered, 0 enqueued
[43.133s][info][gc,ref      ] GC(12) Phantom: 653 encountered, 529 discovered, 6 enqueued
[43.133s][info][gc,reloc    ] GC(12) Small Pages: 10 / 20M, Empty: 2M, Relocated: 1M, In-Place: 0
[43.133s][info][gc,reloc    ] GC(12) Medium Pages: 0 / 0M, Empty: 0M, Relocated: 0M, In-Place: 0
[43.133s][info][gc,reloc    ] GC(12) Large Pages: 0 / 0M, Empty: 0M, Relocated: 0M, In-Place: 0
[43.133s][info][gc,reloc    ] GC(12) Forwarding Usage: 0M
[43.133s][info][gc,heap     ] GC(12) Min Capacity: 2048M(100%)
[43.133s][info][gc,heap     ] GC(12) Max Capacity: 2048M(100%)
[43.133s][info][gc,heap     ] GC(12) Soft Max Capacity: 2048M(100%)
[43.133s][info][gc,heap     ] GC(12)                Mark Start          Mark End        Relocate Start      Relocate End           High               Low         
[43.133s][info][gc,heap     ] GC(12)  Capacity:     2048M (100%)       2048M (100%)       2048M (100%)       2048M (100%)       2048M (100%)       2048M (100%)   
[43.133s][info][gc,heap     ] GC(12)      Free:     2028M (99%)        2028M (99%)        2030M (99%)        2034M (99%)        2034M (99%)        2028M (99%)    
[43.133s][info][gc,heap     ] GC(12)      Used:       20M (1%)           20M (1%)           18M (1%)           14M (1%)           20M (1%)           14M (1%)     
[43.133s][info][gc,heap     ] GC(12)      Live:         -                 8M (0%)            8M (0%)            8M (0%)             -                  -          
[43.133s][info][gc,heap     ] GC(12) Allocated:         -                 0M (0%)            0M (0%)            0M (0%)             -                  -          
[43.133s][info][gc,heap     ] GC(12)   Garbage:         -                11M (1%)            9M (0%)            5M (0%)             -                  -          
[43.133s][info][gc,heap     ] GC(12) Reclaimed:         -                  -                 2M (0%)            6M (0%)             -                  -          
[43.133s][info][gc          ] GC(12) Garbage Collection (System.gc()) 20M(1%)->14M(1%)
[50.046s][info][gc,start    ] GC(13) Garbage Collection (System.gc())
[50.046s][info][gc,task     ] GC(13) Using 2 workers
[50.046s][info][gc,phases   ] GC(13) Pause Mark Start 0.011ms
[50.053s][info][gc,phases   ] GC(13) Concurrent Mark 6.887ms
[50.053s][info][gc,phases   ] GC(13) Pause Mark End 0.013ms
[50.054s][info][gc,phases   ] GC(13) Concurrent Mark Free 0.001ms
[50.057s][info][gc,phases   ] GC(13) Concurrent Process Non-Strong References 3.056ms
[50.057s][info][gc,phases   ] GC(13) Concurrent Reset Relocation Set 0.001ms
[50.059s][info][gc,phases   ] GC(13) Concurrent Select Relocation Set 2.053ms
[50.059s][info][gc,phases   ] GC(13) Pause Relocate Start 0.010ms
[50.061s][info][gc,phases   ] GC(13) Concurrent Relocate 1.356ms
[50.061s][info][gc,load     ] GC(13) Load: 0.00/0.00/0.00
[50.061s][info][gc,mmu      ] GC(13) MMU: 2ms/98.7%, 5ms/99.3%, 10ms/99.6%, 20ms/99.8%, 50ms/99.8%, 100ms/99.9%
[50.061s][info][gc,marking  ] GC(13) Mark: 2 stripe(s), 2 proactive flush(es), 1 terminate flush(es), 0 completion(s), 0 continuation(s) 
[50.061s][info][gc,marking  ] GC(13) Mark Stack Usage: 32M
[50.061s][info][gc,nmethod  ] GC(13) NMethods: 2710 registered, 0 unregistered
[50.061s][info][gc,metaspace] GC(13) Metaspace: 14M used, 14M committed, 1088M reserved
[50.061s][info][gc,ref      ] GC(13) Soft: 699 encountered, 0 discovered, 0 enqueued
[50.061s][info][gc,ref      ] GC(13) Weak: 877 encountered, 63 discovered, 3 enqueued
[50.061s][info][gc,ref      ] GC(13) Final: 10 encountered, 1 discovered, 1 enqueued
[50.061s][info][gc,ref      ] GC(13) Phantom: 1490 encountered, 1425 discovered, 833 enqueued
[50.061s][info][gc,reloc    ] GC(13) Small Pages: 21 / 42M, Empty: 4M, Relocated: 2M, In-Place: 0
[50.061s][info][gc,reloc    ] GC(13) Medium Pages: 1 / 32M, Empty: 32M, Relocated: 0M, In-Place: 0
[50.061s][info][gc,reloc    ] GC(13) Large Pages: 0 / 0M, Empty: 0M, Relocated: 0M, In-Place: 0
[50.061s][info][gc,reloc    ] GC(13) Forwarding Usage: 0M
[50.061s][info][gc,heap     ] GC(13) Min Capacity: 2048M(100%)
[50.061s][info][gc,heap     ] GC(13) Max Capacity: 2048M(100%)
[50.061s][info][gc,heap     ] GC(13) Soft Max Capacity: 2048M(100%)
[50.061s][info][gc,heap     ] GC(13)                Mark Start          Mark End        Relocate Start      Relocate End           High               Low         
[50.061s][info][gc,heap     ] GC(13)  Capacity:     2048M (100%)       2048M (100%)       2048M (100%)       2048M (100%)       2048M (100%)       2048M (100%)   
[50.061s][info][gc,heap     ] GC(13)      Free:     1974M (96%)        1974M (96%)        2008M (98%)        2034M (99%)        2034M (99%)        1972M (96%)    
[50.061s][info][gc,heap     ] GC(13)      Used:       74M (4%)           74M (4%)           40M (2%)           14M (1%)           76M (4%)           14M (1%)     
[50.061s][info][gc,heap     ] GC(13)      Live:         -                 8M (0%)            8M (0%)            8M (0%)             -                  -          
[50.061s][info][gc,heap     ] GC(13) Allocated:         -                 0M (0%)            2M (0%)            1M (0%)             -                  -          
[50.061s][info][gc,heap     ] GC(13)   Garbage:         -                65M (3%)           29M (1%)            3M (0%)             -                  -          
[50.061s][info][gc,heap     ] GC(13) Reclaimed:         -                  -                36M (2%)           61M (3%)             -                  -          
[50.061s][info][gc          ] GC(13) Garbage Collection (System.gc()) 74M(4%)->14M(1%)
[50.067s][info][gc,start    ] GC(14) Garbage Collection (System.gc())
[50.067s][info][gc,task     ] GC(14) Using 2 workers
[50.067s][info][gc,phases   ] GC(14) Pause Mark Start 0.008ms
[50.074s][info][gc,phases   ] GC(14) Concurrent Mark 6.583ms
[50.074s][info][gc,phases   ] GC(14) Pause Mark End 0.019ms
[50.074s][info][gc,phases   ] GC(14) Concurrent Mark Free 0.001ms
[50.077s][info][gc,phases   ] GC(14) Concurrent Process Non-Strong References 2.927ms
[50.077s][info][gc,phases   ] GC(14) Concurrent Reset Relocation Set 0.002ms
[50.078s][info][gc,phases   ] GC(14) Concurrent Select Relocation Set 1.174ms
[50.078s][info][gc,phases   ] GC(14) Pause Relocate Start 0.006ms
[50.079s][info][gc,phases   ] GC(14) Concurrent Relocate 0.637ms
[50.079s][info][gc,load     ] GC(14) Load: 0.00/0.00/0.00
[50.079s][info][gc,mmu      ] GC(14) MMU: 2ms/98.7%, 5ms/99.3%, 10ms/99.6%, 20ms/99.8%, 50ms/99.8%, 100ms/99.9%
[50.079s][info][gc,marking  ] GC(14) Mark: 2 stripe(s), 1 proactive flush(es), 1 terminate flush(es), 0 completion(s), 0 continuation(s) 
[50.079s][info][gc,marking  ] GC(14) Mark Stack Usage: 32M
[50.079s][info][gc,nmethod  ] GC(14) NMethods: 2711 registered, 0 unregistered
[50.079s][info][gc,metaspace] GC(14) Metaspace: 14M used, 14M committed, 1088M reserved
[50.079s][info][gc,ref      ] GC(14) Soft: 699 encountered, 0 discovered, 0 enqueued
[50.079s][info][gc,ref      ] GC(14) Weak: 863 encountered, 502 discovered, 0 enqueued
[50.079s][info][gc,ref      ] GC(14) Final: 9 encountered, 1 discovered, 0 enqueued
[50.079s][info][gc,ref      ] GC(14) Phantom: 653 encountered, 527 discovered, 6 enqueued
[50.079s][info][gc,reloc    ] GC(14) Small Pages: 9 / 18M, Empty: 2M, Relocated: 1M, In-Place: 0
[50.079s][info][gc,reloc    ] GC(14) Medium Pages: 0 / 0M, Empty: 0M, Relocated: 0M, In-Place: 0
[50.079s][info][gc,reloc    ] GC(14) Large Pages: 0 / 0M, Empty: 0M, Relocated: 0M, In-Place: 0
[50.079s][info][gc,reloc    ] GC(14) Forwarding Usage: 0M
[50.079s][info][gc,heap     ] GC(14) Min Capacity: 2048M(100%)
[50.079s][info][gc,heap     ] GC(14) Max Capacity: 2048M(100%)
[50.079s][info][gc,heap     ] GC(14) Soft Max Capacity: 2048M(100%)
[50.079s][info][gc,heap     ] GC(14)                Mark Start          Mark End        Relocate Start      Relocate End           High               Low         
[50.079s][info][gc,heap     ] GC(14)  Capacity:     2048M (100%)       2048M (100%)       2048M (100%)       2048M (100%)       2048M (100%)       2048M (100%)   
[50.079s][info][gc,heap     ] GC(14)      Free:     2030M (99%)        2030M (99%)        2032M (99%)        2034M (99%)        2034M (99%)        2030M (99%)    
[50.079s][info][gc,heap     ] GC(14)      Used:       18M (1%)           18M (1%)           16M (1%)           14M (1%)           18M (1%)           14M (1%)     
[50.079s][info][gc,heap     ] GC(14)      Live:         -                 8M (0%)            8M (0%)            8M (0%)             -                  -          
[50.079s][info][gc,heap     ] GC(14) Allocated:         -                 0M (0%)            0M (0%)            0M (0%)             -                  -          
[50.079s][info][gc,heap     ] GC(14)   Garbage:         -                 9M (0%)            7M (0%)            5M (0%)             -                  -          
[50.079s][info][gc,heap     ] GC(14) Reclaimed:         -                  -                 2M (0%)            4M (0%)             -                  -          
[50.079s][info][gc          ] GC(14) Garbage Collection (System.gc()) 18M(1%)->14M(1%)
[50.105s][info][gc,stats    ] === Garbage Collection Statistics =======================================================================================================================
[50.105s][info][gc,stats    ]                                                              Last 10s              Last 10m              Last 10h                Total
[50.105s][info][gc,stats    ]                                                              Avg / Max             Avg / Max             Avg / Max             Avg / Max
[50.105s][info][gc,stats    ]   Collector: Garbage Collection Cycle                     13.487 / 14.605       18.650 / 36.368       18.650 / 36.368       18.650 / 36.368      ms
[50.105s][info][gc,stats    ]  Contention: Mark Segment Reset Contention                     0 / 1                 0 / 1                 0 / 1                 0 / 1           ops/s
[50.105s][info][gc,stats    ]  Contention: Mark SeqNum Reset Contention                      0 / 0                 0 / 1                 0 / 1                 0 / 1           ops/s
[50.105s][info][gc,stats    ]    Critical: Allocation Stall                                  0 / 0                 0 / 0                 0 / 0                 0 / 0           ops/s
[50.105s][info][gc,stats    ]    Critical: Allocation Stall                              0.000 / 0.000         0.000 / 0.000         0.000 / 0.000         0.000 / 0.000       ms
[50.105s][info][gc,stats    ]    Critical: GC Locker Stall                                   0 / 0                 0 / 0                 0 / 0                 0 / 0           ops/s
[50.105s][info][gc,stats    ]    Critical: GC Locker Stall                               0.000 / 0.000         0.000 / 0.000         0.000 / 0.000         0.000 / 0.000       ms
[50.105s][info][gc,stats    ]    Critical: Relocation Stall                                  0 / 0                 0 / 0                 0 / 0                 0 / 0           ops/s
[50.105s][info][gc,stats    ]    Critical: Relocation Stall                              0.000 / 0.000         0.000 / 0.000         0.000 / 0.000         0.000 / 0.000       ms
[50.105s][info][gc,stats    ]      Memory: Allocation Rate                                  11 / 68               13 / 108              13 / 108              13 / 108         MB/s
[50.105s][info][gc,stats    ]      Memory: Out Of Memory                                     0 / 0                 0 / 0                 0 / 0                 0 / 0           ops/s
[50.105s][info][gc,stats    ]      Memory: Page Cache Flush                                  0 / 0                 0 / 0                 0 / 0                 0 / 0           MB/s
[50.105s][info][gc,stats    ]      Memory: Page Cache Hit L1                                 3 / 23                3 / 24                3 / 24                3 / 24          ops/s
[50.105s][info][gc,stats    ]      Memory: Page Cache Hit L2                                 0 / 0                 0 / 0                 0 / 0                 0 / 0           ops/s
[50.105s][info][gc,stats    ]      Memory: Page Cache Hit L3                                 0 / 0                 1 / 45                1 / 45                1 / 45          ops/s
[50.105s][info][gc,stats    ]      Memory: Page Cache Miss                                   0 / 0                 0 / 1                 0 / 1                 0 / 1           ops/s
[50.105s][info][gc,stats    ]      Memory: Uncommit                                          0 / 0                 0 / 0                 0 / 0                 0 / 0           MB/s
[50.105s][info][gc,stats    ]      Memory: Undo Object Allocation Failed                     0 / 0                 0 / 0                 0 / 0                 0 / 0           ops/s
[50.105s][info][gc,stats    ]      Memory: Undo Object Allocation Succeeded                  0 / 0                 0 / 0                 0 / 0                 0 / 0           ops/s
[50.105s][info][gc,stats    ]      Memory: Undo Page Allocation                              0 / 0                 0 / 0                 0 / 0                 0 / 0           ops/s
[50.106s][info][gc,stats    ]       Phase: Concurrent Mark                               7.135 / 8.431        11.939 / 28.717       11.939 / 28.717       11.939 / 28.717      ms
[50.106s][info][gc,stats    ]       Phase: Concurrent Mark Continue                      0.000 / 0.000         0.000 / 0.000         0.000 / 0.000         0.000 / 0.000       ms
[50.106s][info][gc,stats    ]       Phase: Concurrent Mark Free                          0.001 / 0.001         0.001 / 0.003         0.001 / 0.003         0.001 / 0.003       ms
[50.106s][info][gc,stats    ]       Phase: Concurrent Process Non-Strong References      2.721 / 3.056         2.654 / 3.342         2.654 / 3.342         2.654 / 3.342       ms
[50.106s][info][gc,stats    ]       Phase: Concurrent Relocate                           0.964 / 1.356         1.262 / 3.100         1.262 / 3.100         1.262 / 3.100       ms
[50.106s][info][gc,stats    ]       Phase: Concurrent Reset Relocation Set               0.002 / 0.002         0.002 / 0.005         0.002 / 0.005         0.002 / 0.005       ms
[50.106s][info][gc,stats    ]       Phase: Concurrent Select Relocation Set              1.711 / 2.058         1.855 / 2.825         1.855 / 2.825         1.855 / 2.825       ms
[50.106s][info][gc,stats    ]       Phase: Pause Mark End                                0.015 / 0.019         0.018 / 0.026         0.018 / 0.026         0.018 / 0.026       ms
[50.106s][info][gc,stats    ]       Phase: Pause Mark Start                              0.009 / 0.011         0.008 / 0.014         0.008 / 0.014         0.008 / 0.014       ms
[50.106s][info][gc,stats    ]       Phase: Pause Relocate Start                          0.008 / 0.010         0.009 / 0.015         0.009 / 0.015         0.009 / 0.015       ms
[50.106s][info][gc,stats    ]    Subphase: Concurrent Classes Purge                      0.116 / 0.161         0.116 / 0.191         0.116 / 0.191         0.116 / 0.191       ms
[50.106s][info][gc,stats    ]    Subphase: Concurrent Classes Unlink                     2.039 / 2.184         1.828 / 2.184         1.828 / 2.184         1.828 / 2.184       ms
[50.106s][info][gc,stats    ]    Subphase: Concurrent Mark                               5.652 / 7.648         8.244 / 27.896        8.244 / 27.896        8.244 / 27.896      ms
[50.106s][info][gc,stats    ]    Subphase: Concurrent Mark Try Flush                     0.079 / 0.139         0.080 / 0.157         0.080 / 0.157         0.080 / 0.157       ms
[50.106s][info][gc,stats    ]    Subphase: Concurrent Mark Try Terminate                 0.721 / 3.064         2.313 / 23.701        2.313 / 23.701        2.313 / 23.701      ms
[50.106s][info][gc,stats    ]    Subphase: Concurrent References Enqueue                 0.005 / 0.008         0.005 / 0.008         0.005 / 0.008         0.005 / 0.008       ms
[50.106s][info][gc,stats    ]    Subphase: Concurrent References Process                 0.135 / 0.170         0.191 / 0.303         0.191 / 0.303         0.191 / 0.303       ms
[50.106s][info][gc,stats    ]    Subphase: Concurrent Roots ClassLoaderDataGraph         0.058 / 0.144         0.064 / 0.222         0.064 / 0.222         0.064 / 0.222       ms
[50.106s][info][gc,stats    ]    Subphase: Concurrent Roots CodeCache                    0.000 / 0.000         0.000 / 0.000         0.000 / 0.000         0.000 / 0.000       ms
[50.106s][info][gc,stats    ]    Subphase: Concurrent Roots JavaThreads                  0.588 / 0.843         0.412 / 0.843         0.412 / 0.843         0.412 / 0.843       ms
[50.106s][info][gc,stats    ]    Subphase: Concurrent Roots OopStorageSet                0.011 / 0.017         0.015 / 0.041         0.015 / 0.041         0.015 / 0.041       ms
[50.106s][info][gc,stats    ]    Subphase: Concurrent Weak Roots OopStorageSet           0.244 / 0.376         0.320 / 0.578         0.320 / 0.578         0.320 / 0.578       ms
[50.106s][info][gc,stats    ]    Subphase: Pause Mark Try Complete                       0.000 / 0.000         0.000 / 0.000         0.000 / 0.000         0.000 / 0.000       ms
[50.106s][info][gc,stats    ]      System: Java Threads                                     20 / 22               18 / 22               18 / 22               18 / 22          threads
[50.106s][info][gc,stats    ] =========================================================================================================================================================
[56.988s][info][gc,start    ] GC(15) Garbage Collection (System.gc())
[56.988s][info][gc,task     ] GC(15) Using 2 workers
[56.989s][info][gc,phases   ] GC(15) Pause Mark Start 0.010ms
[56.995s][info][gc,phases   ] GC(15) Concurrent Mark 6.326ms
[56.995s][info][gc,phases   ] GC(15) Pause Mark End 0.013ms
[56.995s][info][gc,phases   ] GC(15) Concurrent Mark Free 0.001ms
[56.998s][info][gc,phases   ] GC(15) Concurrent Process Non-Strong References 2.571ms
[56.998s][info][gc,phases   ] GC(15) Concurrent Reset Relocation Set 0.001ms
[57.000s][info][gc,phases   ] GC(15) Concurrent Select Relocation Set 1.772ms
[57.000s][info][gc,phases   ] GC(15) Pause Relocate Start 0.006ms
[57.002s][info][gc,phases   ] GC(15) Concurrent Relocate 1.225ms
[57.002s][info][gc,load     ] GC(15) Load: 0.00/0.00/0.00
[57.002s][info][gc,mmu      ] GC(15) MMU: 2ms/98.7%, 5ms/99.3%, 10ms/99.6%, 20ms/99.8%, 50ms/99.8%, 100ms/99.9%
[57.002s][info][gc,marking  ] GC(15) Mark: 2 stripe(s), 2 proactive flush(es), 1 terminate flush(es), 0 completion(s), 0 continuation(s) 
[57.002s][info][gc,marking  ] GC(15) Mark Stack Usage: 32M
[57.002s][info][gc,nmethod  ] GC(15) NMethods: 2761 registered, 0 unregistered
[57.002s][info][gc,metaspace] GC(15) Metaspace: 14M used, 14M committed, 1088M reserved
[57.002s][info][gc,ref      ] GC(15) Soft: 699 encountered, 0 discovered, 0 enqueued
[57.002s][info][gc,ref      ] GC(15) Weak: 882 encountered, 527 discovered, 3 enqueued
[57.002s][info][gc,ref      ] GC(15) Final: 10 encountered, 1 discovered, 1 enqueued
[57.002s][info][gc,ref      ] GC(15) Phantom: 1490 encountered, 1352 discovered, 833 enqueued
[57.002s][info][gc,reloc    ] GC(15) Small Pages: 20 / 40M, Empty: 4M, Relocated: 2M, In-Place: 0
[57.002s][info][gc,reloc    ] GC(15) Medium Pages: 1 / 32M, Empty: 32M, Relocated: 0M, In-Place: 0
[57.002s][info][gc,reloc    ] GC(15) Large Pages: 0 / 0M, Empty: 0M, Relocated: 0M, In-Place: 0
[57.002s][info][gc,reloc    ] GC(15) Forwarding Usage: 0M
[57.002s][info][gc,heap     ] GC(15) Min Capacity: 2048M(100%)
[57.002s][info][gc,heap     ] GC(15) Max Capacity: 2048M(100%)
[57.002s][info][gc,heap     ] GC(15) Soft Max Capacity: 2048M(100%)
[57.002s][info][gc,heap     ] GC(15)                Mark Start          Mark End        Relocate Start      Relocate End           High               Low         
[57.002s][info][gc,heap     ] GC(15)  Capacity:     2048M (100%)       2048M (100%)       2048M (100%)       2048M (100%)       2048M (100%)       2048M (100%)   
[57.002s][info][gc,heap     ] GC(15)      Free:     1976M (96%)        1976M (96%)        2010M (98%)        2032M (99%)        2032M (99%)        1976M (96%)    
[57.002s][info][gc,heap     ] GC(15)      Used:       72M (4%)           72M (4%)           38M (2%)           16M (1%)           72M (4%)           16M (1%)     
[57.002s][info][gc,heap     ] GC(15)      Live:         -                 8M (0%)            8M (0%)            8M (0%)             -                  -          
[57.002s][info][gc,heap     ] GC(15) Allocated:         -                 0M (0%)            2M (0%)            3M (0%)             -                  -          
[57.002s][info][gc,heap     ] GC(15)   Garbage:         -                63M (3%)           27M (1%)            3M (0%)             -                  -          
[57.002s][info][gc,heap     ] GC(15) Reclaimed:         -                  -                36M (2%)           59M (3%)             -                  -          
[57.002s][info][gc          ] GC(15) Garbage Collection (System.gc()) 72M(4%)->16M(1%)
[57.009s][info][gc,start    ] GC(16) Garbage Collection (System.gc())
[57.009s][info][gc,task     ] GC(16) Using 2 workers
[57.009s][info][gc,phases   ] GC(16) Pause Mark Start 0.006ms
[57.027s][info][gc,phases   ] GC(16) Concurrent Mark 18.182ms
[57.027s][info][gc,phases   ] GC(16) Pause Mark End 0.017ms
[57.027s][info][gc,phases   ] GC(16) Concurrent Mark Free 0.001ms
[57.030s][info][gc,phases   ] GC(16) Concurrent Process Non-Strong References 2.944ms
[57.030s][info][gc,phases   ] GC(16) Concurrent Reset Relocation Set 0.002ms
[57.032s][info][gc,phases   ] GC(16) Concurrent Select Relocation Set 1.299ms
[57.032s][info][gc,phases   ] GC(16) Pause Relocate Start 0.008ms
[57.032s][info][gc,phases   ] GC(16) Concurrent Relocate 0.589ms
[57.033s][info][gc,load     ] GC(16) Load: 0.00/0.00/0.00
[57.033s][info][gc,mmu      ] GC(16) MMU: 2ms/98.7%, 5ms/99.3%, 10ms/99.6%, 20ms/99.8%, 50ms/99.8%, 100ms/99.9%
[57.033s][info][gc,marking  ] GC(16) Mark: 2 stripe(s), 2 proactive flush(es), 1 terminate flush(es), 0 completion(s), 0 continuation(s) 
[57.033s][info][gc,marking  ] GC(16) Mark Stack Usage: 32M
[57.033s][info][gc,nmethod  ] GC(16) NMethods: 2767 registered, 0 unregistered
[57.033s][info][gc,metaspace] GC(16) Metaspace: 14M used, 14M committed, 1088M reserved
[57.033s][info][gc,ref      ] GC(16) Soft: 700 encountered, 0 discovered, 0 enqueued
[57.033s][info][gc,ref      ] GC(16) Weak: 869 encountered, 472 discovered, 0 enqueued
[57.033s][info][gc,ref      ] GC(16) Final: 9 encountered, 7 discovered, 0 enqueued
[57.033s][info][gc,ref      ] GC(16) Phantom: 653 encountered, 524 discovered, 6 enqueued
[57.033s][info][gc,reloc    ] GC(16) Small Pages: 10 / 20M, Empty: 0M, Relocated: 1M, In-Place: 0
[57.033s][info][gc,reloc    ] GC(16) Medium Pages: 0 / 0M, Empty: 0M, Relocated: 0M, In-Place: 0
[57.033s][info][gc,reloc    ] GC(16) Large Pages: 0 / 0M, Empty: 0M, Relocated: 0M, In-Place: 0
[57.033s][info][gc,reloc    ] GC(16) Forwarding Usage: 0M
[57.033s][info][gc,heap     ] GC(16) Min Capacity: 2048M(100%)
[57.033s][info][gc,heap     ] GC(16) Max Capacity: 2048M(100%)
[57.033s][info][gc,heap     ] GC(16) Soft Max Capacity: 2048M(100%)
[57.033s][info][gc,heap     ] GC(16)                Mark Start          Mark End        Relocate Start      Relocate End           High               Low         
[57.033s][info][gc,heap     ] GC(16)  Capacity:     2048M (100%)       2048M (100%)       2048M (100%)       2048M (100%)       2048M (100%)       2048M (100%)   
[57.033s][info][gc,heap     ] GC(16)      Free:     2028M (99%)        2028M (99%)        2028M (99%)        2034M (99%)        2034M (99%)        2024M (99%)    
[57.033s][info][gc,heap     ] GC(16)      Used:       20M (1%)           20M (1%)           20M (1%)           14M (1%)           24M (1%)           14M (1%)     
[57.033s][info][gc,heap     ] GC(16)      Live:         -                 8M (0%)            8M (0%)            8M (0%)             -                  -          
[57.033s][info][gc,heap     ] GC(16) Allocated:         -                 0M (0%)            0M (0%)            0M (0%)             -                  -          
[57.033s][info][gc,heap     ] GC(16)   Garbage:         -                11M (1%)           11M (1%)            5M (0%)             -                  -          
[57.033s][info][gc,heap     ] GC(16) Reclaimed:         -                  -                 0M (0%)            6M (0%)             -                  -          
[57.033s][info][gc          ] GC(16) Garbage Collection (System.gc()) 20M(1%)->14M(1%)
[60.090s][info][gc,stats    ] === Garbage Collection Statistics =======================================================================================================================
[60.090s][info][gc,stats    ]                                                              Last 10s              Last 10m              Last 10h                Total
[60.090s][info][gc,stats    ]                                                              Avg / Max             Avg / Max             Avg / Max             Avg / Max
[60.090s][info][gc,stats    ]   Collector: Garbage Collection Cycle                     18.492 / 23.750       18.632 / 36.368       18.632 / 36.368       18.632 / 36.368      ms
[60.090s][info][gc,stats    ]  Contention: Mark Segment Reset Contention                     0 / 0                 0 / 1                 0 / 1                 0 / 1           ops/s
[60.090s][info][gc,stats    ]  Contention: Mark SeqNum Reset Contention                      0 / 0                 0 / 1                 0 / 1                 0 / 1           ops/s
[60.090s][info][gc,stats    ]    Critical: Allocation Stall                                  0 / 0                 0 / 0                 0 / 0                 0 / 0           ops/s
[60.090s][info][gc,stats    ]    Critical: Allocation Stall                              0.000 / 0.000         0.000 / 0.000         0.000 / 0.000         0.000 / 0.000       ms
[60.090s][info][gc,stats    ]    Critical: GC Locker Stall                                   0 / 0                 0 / 0                 0 / 0                 0 / 0           ops/s
[60.090s][info][gc,stats    ]    Critical: GC Locker Stall                               0.000 / 0.000         0.000 / 0.000         0.000 / 0.000         0.000 / 0.000       ms
[60.090s][info][gc,stats    ]    Critical: Relocation Stall                                  0 / 0                 0 / 0                 0 / 0                 0 / 0           ops/s
[60.090s][info][gc,stats    ]    Critical: Relocation Stall                              0.000 / 0.000         0.000 / 0.000         0.000 / 0.000         0.000 / 0.000       ms
[60.090s][info][gc,stats    ]      Memory: Allocation Rate                                   8 / 56               12 / 108              12 / 108              12 / 108         MB/s
[60.090s][info][gc,stats    ]      Memory: Out Of Memory                                     0 / 0                 0 / 0                 0 / 0                 0 / 0           ops/s
[60.090s][info][gc,stats    ]      Memory: Page Cache Flush                                  0 / 0                 0 / 0                 0 / 0                 0 / 0           MB/s
[60.090s][info][gc,stats    ]      Memory: Page Cache Hit L1                                 3 / 17                3 / 24                3 / 24                3 / 24          ops/s
[60.090s][info][gc,stats    ]      Memory: Page Cache Hit L2                                 0 / 0                 0 / 0                 0 / 0                 0 / 0           ops/s
[60.090s][info][gc,stats    ]      Memory: Page Cache Hit L3                                 0 / 0                 1 / 45                1 / 45                1 / 45          ops/s
[60.090s][info][gc,stats    ]      Memory: Page Cache Miss                                   0 / 0                 0 / 1                 0 / 1                 0 / 1           ops/s
[60.090s][info][gc,stats    ]      Memory: Uncommit                                          0 / 0                 0 / 0                 0 / 0                 0 / 0           MB/s
[60.090s][info][gc,stats    ]      Memory: Undo Object Allocation Failed                     0 / 0                 0 / 0                 0 / 0                 0 / 0           ops/s
[60.090s][info][gc,stats    ]      Memory: Undo Object Allocation Succeeded                  0 / 0                 0 / 0                 0 / 0                 0 / 0           ops/s
[60.090s][info][gc,stats    ]      Memory: Undo Page Allocation                              0 / 0                 0 / 0                 0 / 0                 0 / 0           ops/s
[60.090s][info][gc,stats    ]       Phase: Concurrent Mark                              12.254 / 18.182       11.976 / 28.717       11.976 / 28.717       11.976 / 28.717      ms
[60.090s][info][gc,stats    ]       Phase: Concurrent Mark Continue                      0.000 / 0.000         0.000 / 0.000         0.000 / 0.000         0.000 / 0.000       ms
[60.090s][info][gc,stats    ]       Phase: Concurrent Mark Free                          0.001 / 0.001         0.001 / 0.003         0.001 / 0.003         0.001 / 0.003       ms
[60.090s][info][gc,stats    ]       Phase: Concurrent Process Non-Strong References      2.757 / 2.944         2.666 / 3.342         2.666 / 3.342         2.666 / 3.342       ms
[60.090s][info][gc,stats    ]       Phase: Concurrent Relocate                           0.907 / 1.225         1.220 / 3.100         1.220 / 3.100         1.220 / 3.100       ms
[60.090s][info][gc,stats    ]       Phase: Concurrent Reset Relocation Set               0.002 / 0.002         0.002 / 0.005         0.002 / 0.005         0.002 / 0.005       ms
[60.090s][info][gc,stats    ]       Phase: Concurrent Select Relocation Set              1.535 / 1.772         1.818 / 2.825         1.818 / 2.825         1.818 / 2.825       ms
[60.091s][info][gc,stats    ]       Phase: Pause Mark End                                0.015 / 0.017         0.018 / 0.026         0.018 / 0.026         0.018 / 0.026       ms
[60.091s][info][gc,stats    ]       Phase: Pause Mark Start                              0.008 / 0.010         0.008 / 0.014         0.008 / 0.014         0.008 / 0.014       ms
[60.091s][info][gc,stats    ]       Phase: Pause Relocate Start                          0.007 / 0.008         0.009 / 0.015         0.009 / 0.015         0.009 / 0.015       ms
[60.091s][info][gc,stats    ]    Subphase: Concurrent Classes Purge                      0.153 / 0.202         0.120 / 0.202         0.120 / 0.202         0.120 / 0.202       ms
[60.091s][info][gc,stats    ]    Subphase: Concurrent Classes Unlink                     2.047 / 2.079         1.854 / 2.184         1.854 / 2.184         1.854 / 2.184       ms
[60.091s][info][gc,stats    ]    Subphase: Concurrent Mark                               8.348 / 17.152        8.256 / 27.896        8.256 / 27.896        8.256 / 27.896      ms
[60.091s][info][gc,stats    ]    Subphase: Concurrent Mark Try Flush                     0.089 / 0.252         0.081 / 0.252         0.081 / 0.252         0.081 / 0.252       ms
[60.091s][info][gc,stats    ]    Subphase: Concurrent Mark Try Terminate                 2.197 / 12.037        2.299 / 23.701        2.299 / 23.701        2.299 / 23.701      ms
[60.091s][info][gc,stats    ]    Subphase: Concurrent References Enqueue                 0.005 / 0.006         0.005 / 0.008         0.005 / 0.008         0.005 / 0.008       ms
[60.091s][info][gc,stats    ]    Subphase: Concurrent References Process                 0.155 / 0.196         0.186 / 0.303         0.186 / 0.303         0.186 / 0.303       ms
[60.091s][info][gc,stats    ]    Subphase: Concurrent Roots ClassLoaderDataGraph         0.061 / 0.141         0.064 / 0.222         0.064 / 0.222         0.064 / 0.222       ms
[60.091s][info][gc,stats    ]    Subphase: Concurrent Roots CodeCache                    0.000 / 0.000         0.000 / 0.000         0.000 / 0.000         0.000 / 0.000       ms
[60.091s][info][gc,stats    ]    Subphase: Concurrent Roots JavaThreads                  0.709 / 0.822         0.447 / 0.843         0.447 / 0.843         0.447 / 0.843       ms
[60.091s][info][gc,stats    ]    Subphase: Concurrent Roots OopStorageSet                0.011 / 0.017         0.014 / 0.041         0.014 / 0.041         0.014 / 0.041       ms
[60.091s][info][gc,stats    ]    Subphase: Concurrent Weak Roots OopStorageSet           0.184 / 0.242         0.304 / 0.578         0.304 / 0.578         0.304 / 0.578       ms
[60.091s][info][gc,stats    ]    Subphase: Pause Mark Try Complete                       0.000 / 0.000         0.000 / 0.000         0.000 / 0.000         0.000 / 0.000       ms
[60.091s][info][gc,stats    ]      System: Java Threads                                     22 / 23               18 / 23               18 / 23               18 / 23          threads
[60.091s][info][gc,stats    ] =========================================================================================================================================================
[63.942s][info][gc,start    ] GC(17) Garbage Collection (System.gc())
[63.942s][info][gc,task     ] GC(17) Using 2 workers
[63.942s][info][gc,phases   ] GC(17) Pause Mark Start 0.008ms
[63.949s][info][gc,phases   ] GC(17) Concurrent Mark 6.752ms
[63.949s][info][gc,phases   ] GC(17) Pause Mark End 0.009ms
[63.949s][info][gc,phases   ] GC(17) Concurrent Mark Free 0.001ms
[63.952s][info][gc,phases   ] GC(17) Concurrent Process Non-Strong References 2.855ms
[63.952s][info][gc,phases   ] GC(17) Concurrent Reset Relocation Set 0.001ms
[63.954s][info][gc,phases   ] GC(17) Concurrent Select Relocation Set 1.887ms
[63.954s][info][gc,phases   ] GC(17) Pause Relocate Start 0.010ms
[63.956s][info][gc,phases   ] GC(17) Concurrent Relocate 1.296ms
[63.956s][info][gc,load     ] GC(17) Load: 0.00/0.00/0.00
[63.956s][info][gc,mmu      ] GC(17) MMU: 2ms/98.7%, 5ms/99.3%, 10ms/99.6%, 20ms/99.8%, 50ms/99.8%, 100ms/99.9%
[63.956s][info][gc,marking  ] GC(17) Mark: 2 stripe(s), 2 proactive flush(es), 1 terminate flush(es), 0 completion(s), 0 continuation(s) 
[63.956s][info][gc,marking  ] GC(17) Mark Stack Usage: 32M
[63.956s][info][gc,nmethod  ] GC(17) NMethods: 2806 registered, 0 unregistered
[63.956s][info][gc,metaspace] GC(17) Metaspace: 14M used, 14M committed, 1088M reserved
[63.956s][info][gc,ref      ] GC(17) Soft: 700 encountered, 0 discovered, 0 enqueued
[63.956s][info][gc,ref      ] GC(17) Weak: 888 encountered, 515 discovered, 3 enqueued
[63.956s][info][gc,ref      ] GC(17) Final: 10 encountered, 1 discovered, 1 enqueued
[63.956s][info][gc,ref      ] GC(17) Phantom: 1490 encountered, 1364 discovered, 833 enqueued
[63.956s][info][gc,reloc    ] GC(17) Small Pages: 22 / 44M, Empty: 4M, Relocated: 2M, In-Place: 0
[63.956s][info][gc,reloc    ] GC(17) Medium Pages: 1 / 32M, Empty: 32M, Relocated: 0M, In-Place: 0
[63.956s][info][gc,reloc    ] GC(17) Large Pages: 0 / 0M, Empty: 0M, Relocated: 0M, In-Place: 0
[63.956s][info][gc,reloc    ] GC(17) Forwarding Usage: 0M
[63.956s][info][gc,heap     ] GC(17) Min Capacity: 2048M(100%)
[63.956s][info][gc,heap     ] GC(17) Max Capacity: 2048M(100%)
[63.956s][info][gc,heap     ] GC(17) Soft Max Capacity: 2048M(100%)
[63.956s][info][gc,heap     ] GC(17)                Mark Start          Mark End        Relocate Start      Relocate End           High               Low         
[63.956s][info][gc,heap     ] GC(17)  Capacity:     2048M (100%)       2048M (100%)       2048M (100%)       2048M (100%)       2048M (100%)       2048M (100%)   
[63.956s][info][gc,heap     ] GC(17)      Free:     1972M (96%)        1972M (96%)        2006M (98%)        2032M (99%)        2032M (99%)        1970M (96%)    
[63.956s][info][gc,heap     ] GC(17)      Used:       76M (4%)           76M (4%)           42M (2%)           16M (1%)           78M (4%)           16M (1%)     
[63.956s][info][gc,heap     ] GC(17)      Live:         -                 8M (0%)            8M (0%)            8M (0%)             -                  -          
[63.956s][info][gc,heap     ] GC(17) Allocated:         -                 0M (0%)            2M (0%)            3M (0%)             -                  -          
[63.956s][info][gc,heap     ] GC(17)   Garbage:         -                67M (3%)           31M (2%)            3M (0%)             -                  -          
[63.956s][info][gc,heap     ] GC(17) Reclaimed:         -                  -                36M (2%)           63M (3%)             -                  -          
[63.956s][info][gc          ] GC(17) Garbage Collection (System.gc()) 76M(4%)->16M(1%)
[63.962s][info][gc,start    ] GC(18) Garbage Collection (System.gc())
[63.962s][info][gc,task     ] GC(18) Using 2 workers
[63.962s][info][gc,phases   ] GC(18) Pause Mark Start 0.008ms
[63.969s][info][gc,phases   ] GC(18) Concurrent Mark 7.609ms
[63.970s][info][gc,phases   ] GC(18) Pause Mark End 0.185ms
[63.970s][info][gc,phases   ] GC(18) Concurrent Mark Free 0.001ms
[63.973s][info][gc,phases   ] GC(18) Concurrent Process Non-Strong References 3.587ms
[63.973s][info][gc,phases   ] GC(18) Concurrent Reset Relocation Set 0.002ms
[63.975s][info][gc,phases   ] GC(18) Concurrent Select Relocation Set 1.132ms
[63.975s][info][gc,phases   ] GC(18) Pause Relocate Start 0.008ms
[63.975s][info][gc,phases   ] GC(18) Concurrent Relocate 0.593ms
[63.975s][info][gc,load     ] GC(18) Load: 0.00/0.00/0.00
[63.975s][info][gc,mmu      ] GC(18) MMU: 2ms/90.7%, 5ms/96.3%, 10ms/98.1%, 20ms/99.0%, 50ms/99.5%, 100ms/99.8%
[63.975s][info][gc,marking  ] GC(18) Mark: 2 stripe(s), 2 proactive flush(es), 1 terminate flush(es), 0 completion(s), 0 continuation(s) 
[63.975s][info][gc,marking  ] GC(18) Mark Stack Usage: 32M
[63.975s][info][gc,nmethod  ] GC(18) NMethods: 2806 registered, 0 unregistered
[63.975s][info][gc,metaspace] GC(18) Metaspace: 14M used, 14M committed, 1088M reserved
[63.975s][info][gc,ref      ] GC(18) Soft: 700 encountered, 0 discovered, 0 enqueued
[63.975s][info][gc,ref      ] GC(18) Weak: 874 encountered, 199 discovered, 0 enqueued
[63.975s][info][gc,ref      ] GC(18) Final: 9 encountered, 0 discovered, 0 enqueued
[63.975s][info][gc,ref      ] GC(18) Phantom: 653 encountered, 531 discovered, 6 enqueued
[63.975s][info][gc,reloc    ] GC(18) Small Pages: 10 / 20M, Empty: 2M, Relocated: 1M, In-Place: 0
[63.975s][info][gc,reloc    ] GC(18) Medium Pages: 0 / 0M, Empty: 0M, Relocated: 0M, In-Place: 0
[63.975s][info][gc,reloc    ] GC(18) Large Pages: 0 / 0M, Empty: 0M, Relocated: 0M, In-Place: 0
[63.975s][info][gc,reloc    ] GC(18) Forwarding Usage: 0M
[63.975s][info][gc,heap     ] GC(18) Min Capacity: 2048M(100%)
[63.975s][info][gc,heap     ] GC(18) Max Capacity: 2048M(100%)
[63.975s][info][gc,heap     ] GC(18) Soft Max Capacity: 2048M(100%)
[63.975s][info][gc,heap     ] GC(18)                Mark Start          Mark End        Relocate Start      Relocate End           High               Low         
[63.975s][info][gc,heap     ] GC(18)  Capacity:     2048M (100%)       2048M (100%)       2048M (100%)       2048M (100%)       2048M (100%)       2048M (100%)   
[63.975s][info][gc,heap     ] GC(18)      Free:     2028M (99%)        2028M (99%)        2030M (99%)        2034M (99%)        2034M (99%)        2028M (99%)    
[63.975s][info][gc,heap     ] GC(18)      Used:       20M (1%)           20M (1%)           18M (1%)           14M (1%)           20M (1%)           14M (1%)     
[63.976s][info][gc,heap     ] GC(18)      Live:         -                 8M (0%)            8M (0%)            8M (0%)             -                  -          
[63.976s][info][gc,heap     ] GC(18) Allocated:         -                 0M (0%)            0M (0%)            0M (0%)             -                  -          
[63.976s][info][gc,heap     ] GC(18)   Garbage:         -                11M (1%)            9M (0%)            5M (0%)             -                  -          
[63.976s][info][gc,heap     ] GC(18) Reclaimed:         -                  -                 2M (0%)            6M (0%)             -                  -          
[63.976s][info][gc          ] GC(18) Garbage Collection (System.gc()) 20M(1%)->14M(1%)
[70.092s][info][gc,stats    ] === Garbage Collection Statistics =======================================================================================================================
[70.093s][info][gc,stats    ]                                                              Last 10s              Last 10m              Last 10h                Total
[70.093s][info][gc,stats    ]                                                              Avg / Max             Avg / Max             Avg / Max             Avg / Max
[70.093s][info][gc,stats    ]   Collector: Garbage Collection Cycle                     13.919 / 14.021       18.136 / 36.368       18.136 / 36.368       18.136 / 36.368      ms
[70.093s][info][gc,stats    ]  Contention: Mark Segment Reset Contention                     0 / 0                 0 / 1                 0 / 1                 0 / 1           ops/s
[70.093s][info][gc,stats    ]  Contention: Mark SeqNum Reset Contention                      0 / 0                 0 / 1                 0 / 1                 0 / 1           ops/s
[70.093s][info][gc,stats    ]    Critical: Allocation Stall                                  0 / 0                 0 / 0                 0 / 0                 0 / 0           ops/s
[70.093s][info][gc,stats    ]    Critical: Allocation Stall                              0.000 / 0.000         0.000 / 0.000         0.000 / 0.000         0.000 / 0.000       ms
[70.093s][info][gc,stats    ]    Critical: GC Locker Stall                                   0 / 0                 0 / 0                 0 / 0                 0 / 0           ops/s
[70.093s][info][gc,stats    ]    Critical: GC Locker Stall                               0.000 / 0.000         0.000 / 0.000         0.000 / 0.000         0.000 / 0.000       ms
[70.093s][info][gc,stats    ]    Critical: Relocation Stall                                  0 / 0                 0 / 0                 0 / 0                 0 / 0           ops/s
[70.093s][info][gc,stats    ]    Critical: Relocation Stall                              0.000 / 0.000         0.000 / 0.000         0.000 / 0.000         0.000 / 0.000       ms
[70.093s][info][gc,stats    ]      Memory: Allocation Rate                                   6 / 66               11 / 108              11 / 108              11 / 108         MB/s
[70.093s][info][gc,stats    ]      Memory: Out Of Memory                                     0 / 0                 0 / 0                 0 / 0                 0 / 0           ops/s
[70.093s][info][gc,stats    ]      Memory: Page Cache Flush                                  0 / 0                 0 / 0                 0 / 0                 0 / 0           MB/s
[70.093s][info][gc,stats    ]      Memory: Page Cache Hit L1                                 2 / 22                3 / 24                3 / 24                3 / 24          ops/s
[70.093s][info][gc,stats    ]      Memory: Page Cache Hit L2                                 0 / 0                 0 / 0                 0 / 0                 0 / 0           ops/s
[70.093s][info][gc,stats    ]      Memory: Page Cache Hit L3                                 0 / 0                 0 / 45                0 / 45                0 / 45          ops/s
[70.093s][info][gc,stats    ]      Memory: Page Cache Miss                                   0 / 0                 0 / 1                 0 / 1                 0 / 1           ops/s
[70.093s][info][gc,stats    ]      Memory: Uncommit                                          0 / 0                 0 / 0                 0 / 0                 0 / 0           MB/s
[70.093s][info][gc,stats    ]      Memory: Undo Object Allocation Failed                     0 / 0                 0 / 0                 0 / 0                 0 / 0           ops/s
[70.093s][info][gc,stats    ]      Memory: Undo Object Allocation Succeeded                  0 / 0                 0 / 0                 0 / 0                 0 / 0           ops/s
[70.093s][info][gc,stats    ]      Memory: Undo Page Allocation                              0 / 0                 0 / 0                 0 / 0                 0 / 0           ops/s
[70.093s][info][gc,stats    ]       Phase: Concurrent Mark                               7.180 / 7.609        11.471 / 28.717       11.471 / 28.717       11.471 / 28.717      ms
[70.093s][info][gc,stats    ]       Phase: Concurrent Mark Continue                      0.000 / 0.000         0.000 / 0.000         0.000 / 0.000         0.000 / 0.000       ms
[70.093s][info][gc,stats    ]       Phase: Concurrent Mark Free                          0.001 / 0.001         0.001 / 0.003         0.001 / 0.003         0.001 / 0.003       ms
[70.093s][info][gc,stats    ]       Phase: Concurrent Process Non-Strong References      3.221 / 3.587         2.725 / 3.587         2.725 / 3.587         2.725 / 3.587       ms
[70.093s][info][gc,stats    ]       Phase: Concurrent Relocate                           0.945 / 1.296         1.191 / 3.100         1.191 / 3.100         1.191 / 3.100       ms
[70.093s][info][gc,stats    ]       Phase: Concurrent Reset Relocation Set               0.002 / 0.002         0.002 / 0.005         0.002 / 0.005         0.002 / 0.005       ms
[70.093s][info][gc,stats    ]       Phase: Concurrent Select Relocation Set              1.510 / 1.887         1.785 / 2.825         1.785 / 2.825         1.785 / 2.825       ms
[70.093s][info][gc,stats    ]       Phase: Pause Mark End                                0.097 / 0.185         0.026 / 0.185         0.026 / 0.185         0.026 / 0.185       ms
[70.093s][info][gc,stats    ]       Phase: Pause Mark Start                              0.008 / 0.008         0.008 / 0.014         0.008 / 0.014         0.008 / 0.014       ms
[70.093s][info][gc,stats    ]       Phase: Pause Relocate Start                          0.009 / 0.010         0.009 / 0.015         0.009 / 0.015         0.009 / 0.015       ms
[70.093s][info][gc,stats    ]    Subphase: Concurrent Classes Purge                      0.111 / 0.129         0.119 / 0.202         0.119 / 0.202         0.119 / 0.202       ms
[70.093s][info][gc,stats    ]    Subphase: Concurrent Classes Unlink                     2.611 / 2.837         1.933 / 2.837         1.933 / 2.837         1.933 / 2.837       ms
[70.093s][info][gc,stats    ]    Subphase: Concurrent Mark                               5.304 / 6.593         7.945 / 27.896        7.945 / 27.896        7.945 / 27.896      ms
[70.093s][info][gc,stats    ]    Subphase: Concurrent Mark Try Flush                     0.096 / 0.142         0.083 / 0.252         0.083 / 0.252         0.083 / 0.252       ms
[70.093s][info][gc,stats    ]    Subphase: Concurrent Mark Try Terminate                 0.699 / 2.548         2.131 / 23.701        2.131 / 23.701        2.131 / 23.701      ms
[70.093s][info][gc,stats    ]    Subphase: Concurrent References Enqueue                 0.005 / 0.006         0.005 / 0.008         0.005 / 0.008         0.005 / 0.008       ms
[70.093s][info][gc,stats    ]    Subphase: Concurrent References Process                 0.124 / 0.151         0.180 / 0.303         0.180 / 0.303         0.180 / 0.303       ms
[70.093s][info][gc,stats    ]    Subphase: Concurrent Roots ClassLoaderDataGraph         0.058 / 0.133         0.063 / 0.222         0.063 / 0.222         0.063 / 0.222       ms
[70.093s][info][gc,stats    ]    Subphase: Concurrent Roots CodeCache                    0.000 / 0.000         0.000 / 0.000         0.000 / 0.000         0.000 / 0.000       ms
[70.093s][info][gc,stats    ]    Subphase: Concurrent Roots JavaThreads                  0.783 / 0.851         0.483 / 0.851         0.483 / 0.851         0.483 / 0.851       ms
[70.093s][info][gc,stats    ]    Subphase: Concurrent Roots OopStorageSet                0.011 / 0.016         0.014 / 0.041         0.014 / 0.041         0.014 / 0.041       ms
[70.094s][info][gc,stats    ]    Subphase: Concurrent Weak Roots OopStorageSet           0.198 / 0.270         0.293 / 0.578         0.293 / 0.578         0.293 / 0.578       ms
[70.094s][info][gc,stats    ]    Subphase: Pause Mark Try Complete                       0.000 / 0.000         0.000 / 0.000         0.000 / 0.000         0.000 / 0.000       ms
[70.094s][info][gc,stats    ]      System: Java Threads                                     23 / 24               19 / 24               19 / 24               19 / 24          threads
[70.094s][info][gc,stats    ] =========================================================================================================================================================
[70.872s][info][gc,start    ] GC(19) Garbage Collection (System.gc())
[70.872s][info][gc,task     ] GC(19) Using 2 workers
[70.872s][info][gc,phases   ] GC(19) Pause Mark Start 0.008ms
[70.879s][info][gc,phases   ] GC(19) Concurrent Mark 7.040ms
[70.879s][info][gc,phases   ] GC(19) Pause Mark End 0.007ms
[70.879s][info][gc,phases   ] GC(19) Concurrent Mark Free 0.001ms
[70.882s][info][gc,phases   ] GC(19) Concurrent Process Non-Strong References 2.999ms
[70.882s][info][gc,phases   ] GC(19) Concurrent Reset Relocation Set 0.001ms
[70.884s][info][gc,phases   ] GC(19) Concurrent Select Relocation Set 2.169ms
[70.885s][info][gc,phases   ] GC(19) Pause Relocate Start 0.006ms
[70.886s][info][gc,phases   ] GC(19) Concurrent Relocate 1.337ms
[70.886s][info][gc,load     ] GC(19) Load: 0.00/0.00/0.00
[70.886s][info][gc,mmu      ] GC(19) MMU: 2ms/90.7%, 5ms/96.3%, 10ms/98.1%, 20ms/99.0%, 50ms/99.5%, 100ms/99.8%
[70.886s][info][gc,marking  ] GC(19) Mark: 2 stripe(s), 2 proactive flush(es), 1 terminate flush(es), 0 completion(s), 0 continuation(s) 
[70.886s][info][gc,marking  ] GC(19) Mark Stack Usage: 32M
[70.886s][info][gc,nmethod  ] GC(19) NMethods: 2855 registered, 0 unregistered
[70.886s][info][gc,metaspace] GC(19) Metaspace: 14M used, 14M committed, 1088M reserved
[70.886s][info][gc,ref      ] GC(19) Soft: 700 encountered, 0 discovered, 0 enqueued
[70.886s][info][gc,ref      ] GC(19) Weak: 893 encountered, 314 discovered, 3 enqueued
[70.887s][info][gc,ref      ] GC(19) Final: 10 encountered, 8 discovered, 1 enqueued
[70.887s][info][gc,ref      ] GC(19) Phantom: 1490 encountered, 1422 discovered, 833 enqueued
[70.887s][info][gc,reloc    ] GC(19) Small Pages: 21 / 42M, Empty: 4M, Relocated: 2M, In-Place: 0
[70.887s][info][gc,reloc    ] GC(19) Medium Pages: 1 / 32M, Empty: 32M, Relocated: 0M, In-Place: 0
[70.887s][info][gc,reloc    ] GC(19) Large Pages: 0 / 0M, Empty: 0M, Relocated: 0M, In-Place: 0
[70.887s][info][gc,reloc    ] GC(19) Forwarding Usage: 0M
[70.887s][info][gc,heap     ] GC(19) Min Capacity: 2048M(100%)
[70.887s][info][gc,heap     ] GC(19) Max Capacity: 2048M(100%)
[70.887s][info][gc,heap     ] GC(19) Soft Max Capacity: 2048M(100%)
[70.887s][info][gc,heap     ] GC(19)                Mark Start          Mark End        Relocate Start      Relocate End           High               Low         
[70.887s][info][gc,heap     ] GC(19)  Capacity:     2048M (100%)       2048M (100%)       2048M (100%)       2048M (100%)       2048M (100%)       2048M (100%)   
[70.887s][info][gc,heap     ] GC(19)      Free:     1974M (96%)        1974M (96%)        2008M (98%)        2032M (99%)        2032M (99%)        1972M (96%)    
[70.887s][info][gc,heap     ] GC(19)      Used:       74M (4%)           74M (4%)           40M (2%)           16M (1%)           76M (4%)           16M (1%)     
[70.887s][info][gc,heap     ] GC(19)      Live:         -                 8M (0%)            8M (0%)            8M (0%)             -                  -          
[70.887s][info][gc,heap     ] GC(19) Allocated:         -                 0M (0%)            2M (0%)            3M (0%)             -                  -          
[70.887s][info][gc,heap     ] GC(19)   Garbage:         -                65M (3%)           29M (1%)            3M (0%)             -                  -          
[70.887s][info][gc,heap     ] GC(19) Reclaimed:         -                  -                36M (2%)           61M (3%)             -                  -          
[70.887s][info][gc          ] GC(19) Garbage Collection (System.gc()) 74M(4%)->16M(1%)
[70.996s][info][gc,heap,exit] Heap
[70.996s][info][gc,heap,exit]  ZHeap           used 22M, capacity 2048M, max capacity 2048M
[70.996s][info][gc,heap,exit]  Metaspace       used 14458K, committed 14656K, reserved 1114112K
[70.996s][info][gc,heap,exit]   class space    used 1566K, committed 1664K, reserved 1048576K
