[0.008s][info][gc,init] Initializing The Z Garbage Collector
[0.008s][info][gc,init] Version: 17.0.12+7-adhoc..jdk17u (release)
[0.008s][info][gc,init] NUMA Support: Disabled
[0.008s][info][gc,init] CPUs: 6 total, 6 available
[0.008s][info][gc,init] Memory: 15591M
[0.008s][info][gc,init] Large Page Support: Disabled
[0.008s][info][gc,init] GC Workers: 2 (dynamic)
[0.009s][info][gc,init] Address Space Type: Contiguous/Unrestricted/Complete
[0.009s][info][gc,init] Address Space Size: 32768M x 3 = 98304M
[0.009s][info][gc,init] Min Capacity: 2048M
[0.009s][info][gc,init] Initial Capacity: 2048M
[0.009s][info][gc,init] Max Capacity: 2048M
[0.012s][info][gc,init] Medium Page Size: 32M
[0.012s][info][gc,init] Pre-touch: Disabled
[0.012s][info][gc,init] Uncommit: Implicitly Disabled (-Xms equals -Xmx)
[0.072s][info][gc,init] Runtime Workers: 4
[0.073s][info][gc     ] Using The Z Garbage Collector
[0.080s][info][gc,metaspace] CDS archive(s) mapped at: [0x000002b400000000-0x000002b400bc0000-0x000002b400bc0000), size 12320768, SharedBaseAddress: 0x000002b400000000, ArchiveRelocationMode: 1.
[0.080s][info][gc,metaspace] Compressed class space mapped at: 0x000002b401000000-0x000002b441000000, reserved size: 1073741824
[0.080s][info][gc,metaspace] Narrow klass base: 0x000002b400000000, Narrow klass shift: 0, Narrow klass range: 0x100000000
[2.114s][info][gc,start    ] GC(0) Garbage Collection (System.gc())
[2.114s][info][gc,task     ] GC(0) Using 2 workers
[2.114s][info][gc,phases   ] GC(0) Pause Mark Start 0.005ms
[2.122s][info][gc,phases   ] GC(0) Concurrent Mark 7.993ms
[2.122s][info][gc,phases   ] GC(0) Pause Mark End 0.011ms
[2.122s][info][gc,phases   ] GC(0) Concurrent Mark Free 0.001ms
[2.124s][info][gc,phases   ] GC(0) Concurrent Process Non-Strong References 1.499ms
[2.124s][info][gc,phases   ] GC(0) Concurrent Reset Relocation Set 0.003ms
[2.127s][info][gc,phases   ] GC(0) Concurrent Select Relocation Set 2.803ms
[2.127s][info][gc,phases   ] GC(0) Pause Relocate Start 0.008ms
[2.129s][info][gc,phases   ] GC(0) Concurrent Relocate 1.796ms
[2.129s][info][gc,load     ] GC(0) Load: 0.00/0.00/0.00
[2.129s][info][gc,mmu      ] GC(0) MMU: 2ms/99.4%, 5ms/99.6%, 10ms/99.8%, 20ms/99.9%, 50ms/100.0%, 100ms/100.0%
[2.129s][info][gc,marking  ] GC(0) Mark: 2 stripe(s), 2 proactive flush(es), 1 terminate flush(es), 0 completion(s), 0 continuation(s) 
[2.129s][info][gc,marking  ] GC(0) Mark Stack Usage: 32M
[2.129s][info][gc,nmethod  ] GC(0) NMethods: 924 registered, 0 unregistered
[2.129s][info][gc,metaspace] GC(0) Metaspace: 2M used, 3M committed, 1088M reserved
[2.129s][info][gc,ref      ] GC(0) Soft: 123 encountered, 0 discovered, 0 enqueued
[2.129s][info][gc,ref      ] GC(0) Weak: 333 encountered, 64 discovered, 64 enqueued
[2.129s][info][gc,ref      ] GC(0) Final: 3 encountered, 0 discovered, 0 enqueued
[2.129s][info][gc,ref      ] GC(0) Phantom: 63 encountered, 55 discovered, 33 enqueued
[2.129s][info][gc,reloc    ] GC(0) Small Pages: 79 / 158M, Empty: 0M, Relocated: 1M, In-Place: 0
[2.129s][info][gc,reloc    ] GC(0) Medium Pages: 0 / 0M, Empty: 0M, Relocated: 0M, In-Place: 0
[2.129s][info][gc,reloc    ] GC(0) Large Pages: 0 / 0M, Empty: 0M, Relocated: 0M, In-Place: 0
[2.129s][info][gc,reloc    ] GC(0) Forwarding Usage: 0M
[2.129s][info][gc,heap     ] GC(0) Min Capacity: 2048M(100%)
[2.129s][info][gc,heap     ] GC(0) Max Capacity: 2048M(100%)
[2.129s][info][gc,heap     ] GC(0) Soft Max Capacity: 2048M(100%)
[2.129s][info][gc,heap     ] GC(0)                Mark Start          Mark End        Relocate Start      Relocate End           High               Low         
[2.129s][info][gc,heap     ] GC(0)  Capacity:     2048M (100%)       2048M (100%)       2048M (100%)       2048M (100%)       2048M (100%)       2048M (100%)   
[2.129s][info][gc,heap     ] GC(0)      Free:     1890M (92%)        1890M (92%)        1890M (92%)        2040M (100%)       2040M (100%)       1886M (92%)    
[2.129s][info][gc,heap     ] GC(0)      Used:      158M (8%)          158M (8%)          158M (8%)            8M (0%)          162M (8%)            8M (0%)     
[2.129s][info][gc,heap     ] GC(0)      Live:         -                 3M (0%)            3M (0%)            3M (0%)             -                  -          
[2.129s][info][gc,heap     ] GC(0) Allocated:         -                 0M (0%)            0M (0%)            0M (0%)             -                  -          
[2.129s][info][gc,heap     ] GC(0)   Garbage:         -               154M (8%)          154M (8%)            4M (0%)             -                  -          
[2.129s][info][gc,heap     ] GC(0) Reclaimed:         -                  -                 0M (0%)          150M (7%)             -                  -          
[2.129s][info][gc          ] GC(0) Garbage Collection (System.gc()) 158M(8%)->8M(0%)
[2.709s][info][gc,start    ] GC(1) Garbage Collection (Warmup)
[2.709s][info][gc,task     ] GC(1) Using 2 workers
[2.710s][info][gc,phases   ] GC(1) Pause Mark Start 0.009ms
[2.798s][info][gc,phases   ] GC(1) Concurrent Mark 88.477ms
[2.801s][info][gc,phases   ] GC(1) Pause Mark End 0.680ms
[2.810s][info][gc,phases   ] GC(1) Concurrent Mark Free 0.002ms
[2.831s][info][gc,phases   ] GC(1) Concurrent Process Non-Strong References 20.576ms
[2.831s][info][gc,phases   ] GC(1) Concurrent Reset Relocation Set 0.005ms
[2.833s][info][gc,phases   ] GC(1) Concurrent Select Relocation Set 2.536ms
[2.839s][info][gc,phases   ] GC(1) Pause Relocate Start 0.011ms
[2.846s][info][gc,phases   ] GC(1) Concurrent Relocate 3.882ms
[2.846s][info][gc,load     ] GC(1) Load: 0.00/0.00/0.00
[2.846s][info][gc,mmu      ] GC(1) MMU: 2ms/66.0%, 5ms/86.4%, 10ms/93.2%, 20ms/96.6%, 50ms/98.6%, 100ms/99.3%
[2.846s][info][gc,marking  ] GC(1) Mark: 2 stripe(s), 3 proactive flush(es), 1 terminate flush(es), 1 completion(s), 0 continuation(s) 
[2.846s][info][gc,marking  ] GC(1) Mark Stack Usage: 32M
[2.846s][info][gc,nmethod  ] GC(1) NMethods: 2840 registered, 0 unregistered
[2.846s][info][gc,metaspace] GC(1) Metaspace: 8M used, 8M committed, 1088M reserved
[2.846s][info][gc,ref      ] GC(1) Soft: 349 encountered, 0 discovered, 0 enqueued
[2.846s][info][gc,ref      ] GC(1) Weak: 746 encountered, 425 discovered, 139 enqueued
[2.846s][info][gc,ref      ] GC(1) Final: 3 encountered, 3 discovered, 0 enqueued
[2.846s][info][gc,ref      ] GC(1) Phantom: 276 encountered, 253 discovered, 183 enqueued
[2.846s][info][gc,reloc    ] GC(1) Small Pages: 129 / 258M, Empty: 134M, Relocated: 5M, In-Place: 0
[2.846s][info][gc,reloc    ] GC(1) Medium Pages: 1 / 32M, Empty: 0M, Relocated: 0M, In-Place: 0
[2.846s][info][gc,reloc    ] GC(1) Large Pages: 0 / 0M, Empty: 0M, Relocated: 0M, In-Place: 0
[2.846s][info][gc,reloc    ] GC(1) Forwarding Usage: 1M
[2.846s][info][gc,heap     ] GC(1) Min Capacity: 2048M(100%)
[2.846s][info][gc,heap     ] GC(1) Max Capacity: 2048M(100%)
[2.846s][info][gc,heap     ] GC(1) Soft Max Capacity: 2048M(100%)
[2.846s][info][gc,heap     ] GC(1)                Mark Start          Mark End        Relocate Start      Relocate End           High               Low         
[2.846s][info][gc,heap     ] GC(1)  Capacity:     2048M (100%)       2048M (100%)       2048M (100%)       2048M (100%)       2048M (100%)       2048M (100%)   
[2.846s][info][gc,heap     ] GC(1)      Free:     1758M (86%)        1656M (81%)        1754M (86%)        1862M (91%)        1862M (91%)        1630M (80%)    
[2.846s][info][gc,heap     ] GC(1)      Used:      290M (14%)         392M (19%)         294M (14%)         186M (9%)          418M (20%)         186M (9%)     
[2.846s][info][gc,heap     ] GC(1)      Live:         -                 9M (0%)            9M (0%)            9M (0%)             -                  -          
[2.846s][info][gc,heap     ] GC(1) Allocated:         -               102M (5%)          138M (7%)          147M (7%)             -                  -          
[2.846s][info][gc,heap     ] GC(1)   Garbage:         -               280M (14%)         146M (7%)           29M (1%)             -                  -          
[2.846s][info][gc,heap     ] GC(1) Reclaimed:         -                  -               134M (7%)          251M (12%)            -                  -          
[2.846s][info][gc          ] GC(1) Garbage Collection (Warmup) 290M(14%)->186M(9%)
[3.003s][info][gc,start    ] GC(2) Garbage Collection (Warmup)
[3.003s][info][gc,task     ] GC(2) Using 2 workers
[3.003s][info][gc,phases   ] GC(2) Pause Mark Start 0.007ms
[3.130s][info][gc,phases   ] GC(2) Concurrent Mark 126.705ms
[3.131s][info][gc,phases   ] GC(2) Pause Mark End 0.013ms
[3.134s][info][gc,phases   ] GC(2) Concurrent Mark Free 0.003ms
[3.146s][info][gc,phases   ] GC(2) Concurrent Process Non-Strong References 11.979ms
[3.146s][info][gc,phases   ] GC(2) Concurrent Reset Relocation Set 0.004ms
[3.148s][info][gc,phases   ] GC(2) Concurrent Select Relocation Set 1.964ms
[3.148s][info][gc,phases   ] GC(2) Pause Relocate Start 0.009ms
[3.165s][info][gc,phases   ] GC(2) Concurrent Relocate 1.568ms
[3.166s][info][gc,load     ] GC(2) Load: 0.00/0.00/0.00
[3.166s][info][gc,mmu      ] GC(2) MMU: 2ms/66.0%, 5ms/86.4%, 10ms/93.2%, 20ms/96.6%, 50ms/98.6%, 100ms/99.3%
[3.166s][info][gc,marking  ] GC(2) Mark: 2 stripe(s), 4 proactive flush(es), 3 terminate flush(es), 0 completion(s), 0 continuation(s) 
[3.166s][info][gc,marking  ] GC(2) Mark Stack Usage: 32M
[3.166s][info][gc,nmethod  ] GC(2) NMethods: 3131 registered, 0 unregistered
[3.166s][info][gc,metaspace] GC(2) Metaspace: 8M used, 8M committed, 1088M reserved
[3.166s][info][gc,ref      ] GC(2) Soft: 349 encountered, 0 discovered, 0 enqueued
[3.166s][info][gc,ref      ] GC(2) Weak: 683 encountered, 98 discovered, 60 enqueued
[3.166s][info][gc,ref      ] GC(2) Final: 3 encountered, 0 discovered, 0 enqueued
[3.166s][info][gc,ref      ] GC(2) Phantom: 117 encountered, 96 discovered, 3 enqueued
[3.166s][info][gc,reloc    ] GC(2) Small Pages: 202 / 404M, Empty: 284M, Relocated: 1M, In-Place: 0
[3.166s][info][gc,reloc    ] GC(2) Medium Pages: 1 / 32M, Empty: 0M, Relocated: 0M, In-Place: 0
[3.166s][info][gc,reloc    ] GC(2) Large Pages: 0 / 0M, Empty: 0M, Relocated: 0M, In-Place: 0
[3.166s][info][gc,reloc    ] GC(2) Forwarding Usage: 0M
[3.166s][info][gc,heap     ] GC(2) Min Capacity: 2048M(100%)
[3.166s][info][gc,heap     ] GC(2) Max Capacity: 2048M(100%)
[3.166s][info][gc,heap     ] GC(2) Soft Max Capacity: 2048M(100%)
[3.166s][info][gc,heap     ] GC(2)                Mark Start          Mark End        Relocate Start      Relocate End           High               Low         
[3.166s][info][gc,heap     ] GC(2)  Capacity:     2048M (100%)       2048M (100%)       2048M (100%)       2048M (100%)       2048M (100%)       2048M (100%)   
[3.166s][info][gc,heap     ] GC(2)      Free:     1612M (79%)        1438M (70%)        1706M (83%)        1784M (87%)        1784M (87%)        1426M (70%)    
[3.166s][info][gc,heap     ] GC(2)      Used:      436M (21%)         610M (30%)         342M (17%)         264M (13%)         622M (30%)         264M (13%)    
[3.166s][info][gc,heap     ] GC(2)      Live:         -                 9M (0%)            9M (0%)            9M (0%)             -                  -          
[3.166s][info][gc,heap     ] GC(2) Allocated:         -               174M (8%)          190M (9%)          223M (11%)            -                  -          
[3.166s][info][gc,heap     ] GC(2)   Garbage:         -               426M (21%)         142M (7%)           30M (2%)             -                  -          
[3.166s][info][gc,heap     ] GC(2) Reclaimed:         -                  -               284M (14%)         395M (19%)            -                  -          
[3.166s][info][gc          ] GC(2) Garbage Collection (Warmup) 436M(21%)->264M(13%)
[3.405s][info][gc,start    ] GC(3) Garbage Collection (Warmup)
[3.405s][info][gc,task     ] GC(3) Using 2 workers
[3.405s][info][gc,phases   ] GC(3) Pause Mark Start 0.007ms
[3.523s][info][gc,phases   ] GC(3) Concurrent Mark 117.387ms
[3.523s][info][gc,phases   ] GC(3) Pause Mark End 0.015ms
[3.533s][info][gc,phases   ] GC(3) Concurrent Mark Free 0.002ms
[3.539s][info][gc,phases   ] GC(3) Concurrent Process Non-Strong References 6.406ms
[3.539s][info][gc,phases   ] GC(3) Concurrent Reset Relocation Set 0.004ms
[3.541s][info][gc,phases   ] GC(3) Concurrent Select Relocation Set 1.986ms
[3.541s][info][gc,phases   ] GC(3) Pause Relocate Start 0.009ms
[3.543s][info][gc,phases   ] GC(3) Concurrent Relocate 1.095ms
[3.543s][info][gc,load     ] GC(3) Load: 0.00/0.00/0.00
[3.543s][info][gc,mmu      ] GC(3) MMU: 2ms/66.0%, 5ms/86.4%, 10ms/93.2%, 20ms/96.6%, 50ms/98.6%, 100ms/99.3%
[3.543s][info][gc,marking  ] GC(3) Mark: 2 stripe(s), 3 proactive flush(es), 3 terminate flush(es), 0 completion(s), 0 continuation(s) 
[3.543s][info][gc,marking  ] GC(3) Mark Stack Usage: 32M
[3.543s][info][gc,nmethod  ] GC(3) NMethods: 3255 registered, 0 unregistered
[3.543s][info][gc,metaspace] GC(3) Metaspace: 8M used, 9M committed, 1088M reserved
[3.543s][info][gc,ref      ] GC(3) Soft: 349 encountered, 0 discovered, 0 enqueued
[3.543s][info][gc,ref      ] GC(3) Weak: 714 encountered, 237 discovered, 80 enqueued
[3.543s][info][gc,ref      ] GC(3) Final: 3 encountered, 3 discovered, 0 enqueued
[3.543s][info][gc,ref      ] GC(3) Phantom: 89 encountered, 72 discovered, 0 enqueued
[3.543s][info][gc,reloc    ] GC(3) Small Pages: 335 / 670M, Empty: 502M, Relocated: 1M, In-Place: 0
[3.543s][info][gc,reloc    ] GC(3) Medium Pages: 1 / 32M, Empty: 0M, Relocated: 0M, In-Place: 0
[3.543s][info][gc,reloc    ] GC(3) Large Pages: 0 / 0M, Empty: 0M, Relocated: 0M, In-Place: 0
[3.543s][info][gc,reloc    ] GC(3) Forwarding Usage: 0M
[3.543s][info][gc,heap     ] GC(3) Min Capacity: 2048M(100%)
[3.543s][info][gc,heap     ] GC(3) Max Capacity: 2048M(100%)
[3.543s][info][gc,heap     ] GC(3) Soft Max Capacity: 2048M(100%)
[3.543s][info][gc,heap     ] GC(3)                Mark Start          Mark End        Relocate Start      Relocate End           High               Low         
[3.543s][info][gc,heap     ] GC(3)  Capacity:     2048M (100%)       2048M (100%)       2048M (100%)       2048M (100%)       2048M (100%)       2048M (100%)   
[3.543s][info][gc,heap     ] GC(3)      Free:     1346M (66%)        1156M (56%)        1632M (80%)        1790M (87%)        1790M (87%)        1134M (55%)    
[3.543s][info][gc,heap     ] GC(3)      Used:      702M (34%)         892M (44%)         416M (20%)         258M (13%)         914M (45%)         258M (13%)    
[3.543s][info][gc,heap     ] GC(3)      Live:         -                 9M (0%)            9M (0%)            9M (0%)             -                  -          
[3.543s][info][gc,heap     ] GC(3) Allocated:         -               190M (9%)          216M (11%)         217M (11%)            -                  -          
[3.543s][info][gc,heap     ] GC(3)   Garbage:         -               692M (34%)         190M (9%)           31M (2%)             -                  -          
[3.543s][info][gc,heap     ] GC(3) Reclaimed:         -                  -               502M (25%)         661M (32%)            -                  -          
[3.543s][info][gc          ] GC(3) Garbage Collection (Warmup) 702M(34%)->258M(13%)
[3.809s][info][gc,start    ] GC(4) Garbage Collection (Allocation Rate)
[3.809s][info][gc,task     ] GC(4) Using 2 workers
[3.809s][info][gc,phases   ] GC(4) Pause Mark Start 0.007ms
[3.902s][info][gc,phases   ] GC(4) Concurrent Mark 86.415ms
[3.902s][info][gc,phases   ] GC(4) Pause Mark End 0.065ms
[3.916s][info][gc,phases   ] GC(4) Concurrent Mark Free 0.002ms
[3.934s][info][gc,phases   ] GC(4) Concurrent Process Non-Strong References 17.894ms
[3.934s][info][gc,phases   ] GC(4) Concurrent Reset Relocation Set 0.005ms
[3.936s][info][gc,phases   ] GC(4) Concurrent Select Relocation Set 1.827ms
[3.936s][info][gc,phases   ] GC(4) Pause Relocate Start 0.011ms
[3.938s][info][gc,phases   ] GC(4) Concurrent Relocate 1.406ms
[3.938s][info][gc,load     ] GC(4) Load: 0.00/0.00/0.00
[3.938s][info][gc,mmu      ] GC(4) MMU: 2ms/66.0%, 5ms/86.4%, 10ms/93.2%, 20ms/96.6%, 50ms/98.6%, 100ms/99.3%
[3.938s][info][gc,marking  ] GC(4) Mark: 2 stripe(s), 3 proactive flush(es), 3 terminate flush(es), 1 completion(s), 0 continuation(s) 
[3.938s][info][gc,marking  ] GC(4) Mark Stack Usage: 32M
[3.938s][info][gc,nmethod  ] GC(4) NMethods: 3475 registered, 0 unregistered
[3.938s][info][gc,metaspace] GC(4) Metaspace: 8M used, 9M committed, 1088M reserved
[3.938s][info][gc,ref      ] GC(4) Soft: 349 encountered, 0 discovered, 0 enqueued
[3.938s][info][gc,ref      ] GC(4) Weak: 757 encountered, 168 discovered, 134 enqueued
[3.938s][info][gc,ref      ] GC(4) Final: 3 encountered, 1 discovered, 0 enqueued
[3.938s][info][gc,ref      ] GC(4) Phantom: 89 encountered, 70 discovered, 1 enqueued
[3.938s][info][gc,reloc    ] GC(4) Small Pages: 382 / 764M, Empty: 608M, Relocated: 1M, In-Place: 0
[3.938s][info][gc,reloc    ] GC(4) Medium Pages: 1 / 32M, Empty: 0M, Relocated: 0M, In-Place: 0
[3.938s][info][gc,reloc    ] GC(4) Large Pages: 0 / 0M, Empty: 0M, Relocated: 0M, In-Place: 0
[3.938s][info][gc,reloc    ] GC(4) Forwarding Usage: 0M
[3.938s][info][gc,heap     ] GC(4) Min Capacity: 2048M(100%)
[3.938s][info][gc,heap     ] GC(4) Max Capacity: 2048M(100%)
[3.938s][info][gc,heap     ] GC(4) Soft Max Capacity: 2048M(100%)
[3.938s][info][gc,heap     ] GC(4)                Mark Start          Mark End        Relocate Start      Relocate End           High               Low         
[3.938s][info][gc,heap     ] GC(4)  Capacity:     2048M (100%)       2048M (100%)       2048M (100%)       2048M (100%)       2048M (100%)       2048M (100%)   
[3.938s][info][gc,heap     ] GC(4)      Free:     1252M (61%)        1072M (52%)        1624M (79%)        1772M (87%)        1772M (87%)        1022M (50%)    
[3.938s][info][gc,heap     ] GC(4)      Used:      796M (39%)         976M (48%)         424M (21%)         276M (13%)        1026M (50%)         276M (13%)    
[3.938s][info][gc,heap     ] GC(4)      Live:         -                 9M (0%)            9M (0%)            9M (0%)             -                  -          
[3.938s][info][gc,heap     ] GC(4) Allocated:         -               180M (9%)          236M (12%)         235M (12%)            -                  -          
[3.938s][info][gc,heap     ] GC(4)   Garbage:         -               786M (38%)         178M (9%)           31M (2%)             -                  -          
[3.938s][info][gc,heap     ] GC(4) Reclaimed:         -                  -               608M (30%)         755M (37%)            -                  -          
[3.938s][info][gc          ] GC(4) Garbage Collection (Allocation Rate) 796M(39%)->276M(13%)
[4.296s][info][gc,start    ] GC(5) Garbage Collection (Allocation Rate)
[4.296s][info][gc,task     ] GC(5) Using 2 workers
[4.296s][info][gc,phases   ] GC(5) Pause Mark Start 0.008ms
[4.312s][info][gc,phases   ] GC(5) Concurrent Mark 15.532ms
[4.312s][info][gc,phases   ] GC(5) Pause Mark End 0.012ms
[4.313s][info][gc,phases   ] GC(5) Concurrent Mark Free 0.002ms
[4.317s][info][gc,phases   ] GC(5) Concurrent Process Non-Strong References 3.560ms
[4.317s][info][gc,phases   ] GC(5) Concurrent Reset Relocation Set 0.006ms
[4.319s][info][gc,phases   ] GC(5) Concurrent Select Relocation Set 2.605ms
[4.320s][info][gc,phases   ] GC(5) Pause Relocate Start 0.013ms
[4.320s][info][gc,phases   ] GC(5) Concurrent Relocate 0.270ms
[4.320s][info][gc,load     ] GC(5) Load: 0.00/0.00/0.00
[4.320s][info][gc,mmu      ] GC(5) MMU: 2ms/66.0%, 5ms/86.4%, 10ms/93.2%, 20ms/96.6%, 50ms/98.6%, 100ms/99.3%
[4.320s][info][gc,marking  ] GC(5) Mark: 2 stripe(s), 3 proactive flush(es), 1 terminate flush(es), 0 completion(s), 0 continuation(s) 
[4.320s][info][gc,marking  ] GC(5) Mark Stack Usage: 32M
[4.320s][info][gc,nmethod  ] GC(5) NMethods: 3710 registered, 0 unregistered
[4.320s][info][gc,metaspace] GC(5) Metaspace: 8M used, 9M committed, 1088M reserved
[4.320s][info][gc,ref      ] GC(5) Soft: 349 encountered, 0 discovered, 0 enqueued
[4.320s][info][gc,ref      ] GC(5) Weak: 795 encountered, 210 discovered, 177 enqueued
[4.320s][info][gc,ref      ] GC(5) Final: 3 encountered, 1 discovered, 0 enqueued
[4.320s][info][gc,ref      ] GC(5) Phantom: 122 encountered, 104 discovered, 0 enqueued
[4.320s][info][gc,reloc    ] GC(5) Small Pages: 526 / 1052M, Empty: 850M, Relocated: 0M, In-Place: 0
[4.320s][info][gc,reloc    ] GC(5) Medium Pages: 1 / 32M, Empty: 0M, Relocated: 0M, In-Place: 0
[4.320s][info][gc,reloc    ] GC(5) Large Pages: 0 / 0M, Empty: 0M, Relocated: 0M, In-Place: 0
[4.320s][info][gc,reloc    ] GC(5) Forwarding Usage: 0M
[4.320s][info][gc,heap     ] GC(5) Min Capacity: 2048M(100%)
[4.320s][info][gc,heap     ] GC(5) Max Capacity: 2048M(100%)
[4.320s][info][gc,heap     ] GC(5) Soft Max Capacity: 2048M(100%)
[4.320s][info][gc,heap     ] GC(5)                Mark Start          Mark End        Relocate Start      Relocate End           High               Low         
[4.320s][info][gc,heap     ] GC(5)  Capacity:     2048M (100%)       2048M (100%)       2048M (100%)       2048M (100%)       2048M (100%)       2048M (100%)   
[4.320s][info][gc,heap     ] GC(5)      Free:      964M (47%)         918M (45%)        1754M (86%)        1944M (95%)        1944M (95%)         910M (44%)    
[4.320s][info][gc,heap     ] GC(5)      Used:     1084M (53%)        1130M (55%)         294M (14%)         104M (5%)         1138M (56%)         104M (5%)     
[4.320s][info][gc,heap     ] GC(5)      Live:         -                 9M (0%)            9M (0%)            9M (0%)             -                  -          
[4.320s][info][gc,heap     ] GC(5) Allocated:         -                46M (2%)           60M (3%)           61M (3%)             -                  -          
[4.320s][info][gc,heap     ] GC(5)   Garbage:         -              1074M (52%)         224M (11%)          32M (2%)             -                  -          
[4.320s][info][gc,heap     ] GC(5) Reclaimed:         -                  -               850M (42%)        1041M (51%)            -                  -          
[4.320s][info][gc          ] GC(5) Garbage Collection (Allocation Rate) 1084M(53%)->104M(5%)
[4.596s][info][gc,start    ] GC(6) Garbage Collection (Allocation Rate)
[4.596s][info][gc,task     ] GC(6) Using 2 workers
[4.596s][info][gc,phases   ] GC(6) Pause Mark Start 0.013ms
[4.612s][info][gc,phases   ] GC(6) Concurrent Mark 7.613ms
[4.612s][info][gc,phases   ] GC(6) Pause Mark End 0.012ms
[4.612s][info][gc,phases   ] GC(6) Concurrent Mark Free 0.001ms
[4.616s][info][gc,phases   ] GC(6) Concurrent Process Non-Strong References 3.336ms
[4.616s][info][gc,phases   ] GC(6) Concurrent Reset Relocation Set 0.005ms
[4.618s][info][gc,phases   ] GC(6) Concurrent Select Relocation Set 2.080ms
[4.618s][info][gc,phases   ] GC(6) Pause Relocate Start 0.011ms
[4.623s][info][gc,phases   ] GC(6) Concurrent Relocate 0.423ms
[4.623s][info][gc,load     ] GC(6) Load: 0.00/0.00/0.00
[4.623s][info][gc,mmu      ] GC(6) MMU: 2ms/66.0%, 5ms/86.4%, 10ms/93.2%, 20ms/96.6%, 50ms/98.6%, 100ms/99.3%
[4.623s][info][gc,marking  ] GC(6) Mark: 2 stripe(s), 3 proactive flush(es), 1 terminate flush(es), 0 completion(s), 0 continuation(s) 
[4.623s][info][gc,marking  ] GC(6) Mark Stack Usage: 32M
[4.623s][info][gc,nmethod  ] GC(6) NMethods: 3826 registered, 0 unregistered
[4.623s][info][gc,metaspace] GC(6) Metaspace: 8M used, 9M committed, 1088M reserved
[4.623s][info][gc,ref      ] GC(6) Soft: 349 encountered, 0 discovered, 0 enqueued
[4.623s][info][gc,ref      ] GC(6) Weak: 776 encountered, 191 discovered, 159 enqueued
[4.623s][info][gc,ref      ] GC(6) Final: 3 encountered, 2 discovered, 0 enqueued
[4.623s][info][gc,ref      ] GC(6) Phantom: 116 encountered, 99 discovered, 0 enqueued
[4.623s][info][gc,reloc    ] GC(6) Small Pages: 514 / 1028M, Empty: 822M, Relocated: 0M, In-Place: 0
[4.623s][info][gc,reloc    ] GC(6) Medium Pages: 1 / 32M, Empty: 0M, Relocated: 0M, In-Place: 0
[4.623s][info][gc,reloc    ] GC(6) Large Pages: 0 / 0M, Empty: 0M, Relocated: 0M, In-Place: 0
[4.623s][info][gc,reloc    ] GC(6) Forwarding Usage: 0M
[4.623s][info][gc,heap     ] GC(6) Min Capacity: 2048M(100%)
[4.623s][info][gc,heap     ] GC(6) Max Capacity: 2048M(100%)
[4.623s][info][gc,heap     ] GC(6) Soft Max Capacity: 2048M(100%)
[4.623s][info][gc,heap     ] GC(6)                Mark Start          Mark End        Relocate Start      Relocate End           High               Low         
[4.623s][info][gc,heap     ] GC(6)  Capacity:     2048M (100%)       2048M (100%)       2048M (100%)       2048M (100%)       2048M (100%)       2048M (100%)   
[4.623s][info][gc,heap     ] GC(6)      Free:      988M (48%)         940M (46%)        1744M (85%)        1924M (94%)        1924M (94%)         928M (45%)    
[4.623s][info][gc,heap     ] GC(6)      Used:     1060M (52%)        1108M (54%)         304M (15%)         124M (6%)         1120M (55%)         124M (6%)     
[4.623s][info][gc,heap     ] GC(6)      Live:         -                 9M (0%)            9M (0%)            9M (0%)             -                  -          
[4.623s][info][gc,heap     ] GC(6) Allocated:         -                48M (2%)           66M (3%)           81M (4%)             -                  -          
[4.623s][info][gc,heap     ] GC(6)   Garbage:         -              1050M (51%)         228M (11%)          32M (2%)             -                  -          
[4.623s][info][gc,heap     ] GC(6) Reclaimed:         -                  -               822M (40%)        1017M (50%)            -                  -          
[4.623s][info][gc          ] GC(6) Garbage Collection (Allocation Rate) 1060M(52%)->124M(6%)
[4.908s][info][gc,start    ] GC(7) Garbage Collection (Allocation Rate)
[4.908s][info][gc,task     ] GC(7) Using 2 workers
[4.909s][info][gc,phases   ] GC(7) Pause Mark Start 0.008ms
[4.956s][info][gc,phases   ] GC(7) Concurrent Mark 46.933ms
[4.956s][info][gc,phases   ] GC(7) Pause Mark End 0.061ms
[4.963s][info][gc,phases   ] GC(7) Concurrent Mark Free 0.002ms
[4.965s][info][gc,phases   ] GC(7) Concurrent Process Non-Strong References 2.786ms
[4.965s][info][gc,phases   ] GC(7) Concurrent Reset Relocation Set 0.004ms
[4.967s][info][gc,phases   ] GC(7) Concurrent Select Relocation Set 1.862ms
[4.967s][info][gc,phases   ] GC(7) Pause Relocate Start 0.011ms
[4.969s][info][gc,phases   ] GC(7) Concurrent Relocate 0.310ms
[4.969s][info][gc,load     ] GC(7) Load: 0.00/0.00/0.00
[4.969s][info][gc,mmu      ] GC(7) MMU: 2ms/66.0%, 5ms/86.4%, 10ms/93.2%, 20ms/96.6%, 50ms/98.6%, 100ms/99.3%
[4.969s][info][gc,marking  ] GC(7) Mark: 2 stripe(s), 4 proactive flush(es), 1 terminate flush(es), 1 completion(s), 0 continuation(s) 
[4.969s][info][gc,marking  ] GC(7) Mark Stack Usage: 32M
[4.969s][info][gc,nmethod  ] GC(7) NMethods: 2781 registered, 1157 unregistered
[4.969s][info][gc,metaspace] GC(7) Metaspace: 8M used, 9M committed, 1088M reserved
[4.969s][info][gc,ref      ] GC(7) Soft: 349 encountered, 0 discovered, 0 enqueued
[4.969s][info][gc,ref      ] GC(7) Weak: 774 encountered, 189 discovered, 148 enqueued
[4.969s][info][gc,ref      ] GC(7) Final: 3 encountered, 1 discovered, 0 enqueued
[4.969s][info][gc,ref      ] GC(7) Phantom: 114 encountered, 94 discovered, 0 enqueued
[4.969s][info][gc,reloc    ] GC(7) Small Pages: 514 / 1028M, Empty: 828M, Relocated: 0M, In-Place: 0
[4.969s][info][gc,reloc    ] GC(7) Medium Pages: 1 / 32M, Empty: 0M, Relocated: 0M, In-Place: 0
[4.969s][info][gc,reloc    ] GC(7) Large Pages: 0 / 0M, Empty: 0M, Relocated: 0M, In-Place: 0
[4.969s][info][gc,reloc    ] GC(7) Forwarding Usage: 0M
[4.969s][info][gc,heap     ] GC(7) Min Capacity: 2048M(100%)
[4.969s][info][gc,heap     ] GC(7) Max Capacity: 2048M(100%)
[4.969s][info][gc,heap     ] GC(7) Soft Max Capacity: 2048M(100%)
[4.969s][info][gc,heap     ] GC(7)                Mark Start          Mark End        Relocate Start      Relocate End           High               Low         
[4.969s][info][gc,heap     ] GC(7)  Capacity:     2048M (100%)       2048M (100%)       2048M (100%)       2048M (100%)       2048M (100%)       2048M (100%)   
[4.969s][info][gc,heap     ] GC(7)      Free:      988M (48%)         866M (42%)        1664M (81%)        1854M (91%)        1854M (91%)         840M (41%)    
[4.969s][info][gc,heap     ] GC(7)      Used:     1060M (52%)        1182M (58%)         384M (19%)         194M (9%)         1208M (59%)         194M (9%)     
[4.969s][info][gc,heap     ] GC(7)      Live:         -                 9M (0%)            9M (0%)            9M (0%)             -                  -          
[4.969s][info][gc,heap     ] GC(7) Allocated:         -               122M (6%)          152M (7%)          151M (7%)             -                  -          
[4.969s][info][gc,heap     ] GC(7)   Garbage:         -              1050M (51%)         222M (11%)          32M (2%)             -                  -          
[4.969s][info][gc,heap     ] GC(7) Reclaimed:         -                  -               828M (40%)        1017M (50%)            -                  -          
[4.969s][info][gc          ] GC(7) Garbage Collection (Allocation Rate) 1060M(52%)->194M(9%)
[5.209s][info][gc,start    ] GC(8) Garbage Collection (Allocation Rate)
[5.209s][info][gc,task     ] GC(8) Using 2 workers
[5.210s][info][gc,phases   ] GC(8) Pause Mark Start 0.009ms
[5.241s][info][gc,phases   ] GC(8) Concurrent Mark 28.550ms
[5.241s][info][gc,phases   ] GC(8) Pause Mark End 0.098ms
[5.242s][info][gc,phases   ] GC(8) Concurrent Mark Free 0.001ms
[5.245s][info][gc,phases   ] GC(8) Concurrent Process Non-Strong References 2.789ms
[5.245s][info][gc,phases   ] GC(8) Concurrent Reset Relocation Set 0.005ms
[5.247s][info][gc,phases   ] GC(8) Concurrent Select Relocation Set 1.990ms
[5.247s][info][gc,phases   ] GC(8) Pause Relocate Start 0.013ms
[5.249s][info][gc,phases   ] GC(8) Concurrent Relocate 1.440ms
[5.249s][info][gc,load     ] GC(8) Load: 0.00/0.00/0.00
[5.249s][info][gc,mmu      ] GC(8) MMU: 2ms/66.0%, 5ms/86.4%, 10ms/93.2%, 20ms/96.6%, 50ms/98.6%, 100ms/99.3%
[5.249s][info][gc,marking  ] GC(8) Mark: 2 stripe(s), 4 proactive flush(es), 1 terminate flush(es), 1 completion(s), 0 continuation(s) 
[5.250s][info][gc,marking  ] GC(8) Mark Stack Usage: 32M
[5.250s][info][gc,nmethod  ] GC(8) NMethods: 2808 registered, 1159 unregistered
[5.250s][info][gc,metaspace] GC(8) Metaspace: 8M used, 9M committed, 1088M reserved
[5.250s][info][gc,ref      ] GC(8) Soft: 349 encountered, 0 discovered, 0 enqueued
[5.250s][info][gc,ref      ] GC(8) Weak: 775 encountered, 193 discovered, 145 enqueued
[5.250s][info][gc,ref      ] GC(8) Final: 3 encountered, 0 discovered, 0 enqueued
[5.250s][info][gc,ref      ] GC(8) Phantom: 115 encountered, 91 discovered, 0 enqueued
[5.250s][info][gc,reloc    ] GC(8) Small Pages: 497 / 994M, Empty: 812M, Relocated: 1M, In-Place: 0
[5.250s][info][gc,reloc    ] GC(8) Medium Pages: 1 / 32M, Empty: 0M, Relocated: 0M, In-Place: 0
[5.250s][info][gc,reloc    ] GC(8) Large Pages: 0 / 0M, Empty: 0M, Relocated: 0M, In-Place: 0
[5.250s][info][gc,reloc    ] GC(8) Forwarding Usage: 0M
[5.250s][info][gc,heap     ] GC(8) Min Capacity: 2048M(100%)
[5.250s][info][gc,heap     ] GC(8) Max Capacity: 2048M(100%)
[5.250s][info][gc,heap     ] GC(8) Soft Max Capacity: 2048M(100%)
[5.250s][info][gc,heap     ] GC(8)                Mark Start          Mark End        Relocate Start      Relocate End           High               Low         
[5.250s][info][gc,heap     ] GC(8)  Capacity:     2048M (100%)       2048M (100%)       2048M (100%)       2048M (100%)       2048M (100%)       2048M (100%)   
[5.250s][info][gc,heap     ] GC(8)      Free:     1022M (50%)         926M (45%)        1726M (84%)        1890M (92%)        1894M (92%)         918M (45%)    
[5.250s][info][gc,heap     ] GC(8)      Used:     1026M (50%)        1122M (55%)         322M (16%)         158M (8%)         1130M (55%)         154M (8%)     
[5.250s][info][gc,heap     ] GC(8)      Live:         -                 9M (0%)            9M (0%)            9M (0%)             -                  -          
[5.250s][info][gc,heap     ] GC(8) Allocated:         -                96M (5%)          108M (5%)          117M (6%)             -                  -          
[5.250s][info][gc,heap     ] GC(8)   Garbage:         -              1016M (50%)         204M (10%)          31M (2%)             -                  -          
[5.250s][info][gc,heap     ] GC(8) Reclaimed:         -                  -               812M (40%)         985M (48%)            -                  -          
[5.250s][info][gc          ] GC(8) Garbage Collection (Allocation Rate) 1026M(50%)->158M(8%)
[5.507s][info][gc,start    ] GC(9) Garbage Collection (Allocation Rate)
[5.507s][info][gc,task     ] GC(9) Using 2 workers
[5.507s][info][gc,phases   ] GC(9) Pause Mark Start 0.005ms
[5.523s][info][gc,phases   ] GC(9) Concurrent Mark 15.522ms
[5.523s][info][gc,phases   ] GC(9) Pause Mark End 0.016ms
[5.525s][info][gc,phases   ] GC(9) Concurrent Mark Free 0.002ms
[5.528s][info][gc,phases   ] GC(9) Concurrent Process Non-Strong References 3.060ms
[5.528s][info][gc,phases   ] GC(9) Concurrent Reset Relocation Set 0.004ms
[5.531s][info][gc,phases   ] GC(9) Concurrent Select Relocation Set 2.229ms
[5.531s][info][gc,phases   ] GC(9) Pause Relocate Start 0.008ms
[5.532s][info][gc,phases   ] GC(9) Concurrent Relocate 1.214ms
[5.532s][info][gc,load     ] GC(9) Load: 0.00/0.00/0.00
[5.532s][info][gc,mmu      ] GC(9) MMU: 2ms/66.0%, 5ms/86.4%, 10ms/93.2%, 20ms/96.6%, 50ms/98.6%, 100ms/99.3%
[5.532s][info][gc,marking  ] GC(9) Mark: 2 stripe(s), 3 proactive flush(es), 1 terminate flush(es), 0 completion(s), 0 continuation(s) 
[5.532s][info][gc,marking  ] GC(9) Mark Stack Usage: 32M
[5.532s][info][gc,nmethod  ] GC(9) NMethods: 2882 registered, 1159 unregistered
[5.532s][info][gc,metaspace] GC(9) Metaspace: 8M used, 9M committed, 1088M reserved
[5.532s][info][gc,ref      ] GC(9) Soft: 349 encountered, 0 discovered, 0 enqueued
[5.532s][info][gc,ref      ] GC(9) Weak: 807 encountered, 456 discovered, 190 enqueued
[5.532s][info][gc,ref      ] GC(9) Final: 3 encountered, 0 discovered, 0 enqueued
[5.532s][info][gc,ref      ] GC(9) Phantom: 116 encountered, 104 discovered, 0 enqueued
[5.532s][info][gc,reloc    ] GC(9) Small Pages: 539 / 1078M, Empty: 872M, Relocated: 1M, In-Place: 0
[5.532s][info][gc,reloc    ] GC(9) Medium Pages: 1 / 32M, Empty: 0M, Relocated: 0M, In-Place: 0
[5.532s][info][gc,reloc    ] GC(9) Large Pages: 0 / 0M, Empty: 0M, Relocated: 0M, In-Place: 0
[5.532s][info][gc,reloc    ] GC(9) Forwarding Usage: 0M
[5.533s][info][gc,heap     ] GC(9) Min Capacity: 2048M(100%)
[5.533s][info][gc,heap     ] GC(9) Max Capacity: 2048M(100%)
[5.533s][info][gc,heap     ] GC(9) Soft Max Capacity: 2048M(100%)
[5.533s][info][gc,heap     ] GC(9)                Mark Start          Mark End        Relocate Start      Relocate End           High               Low         
[5.533s][info][gc,heap     ] GC(9)  Capacity:     2048M (100%)       2048M (100%)       2048M (100%)       2048M (100%)       2048M (100%)       2048M (100%)   
[5.533s][info][gc,heap     ] GC(9)      Free:      938M (46%)         882M (43%)        1746M (85%)        1936M (95%)        1936M (95%)         876M (43%)    
[5.533s][info][gc,heap     ] GC(9)      Used:     1110M (54%)        1166M (57%)         302M (15%)         112M (5%)         1172M (57%)         112M (5%)     
[5.533s][info][gc,heap     ] GC(9)      Live:         -                 9M (0%)            9M (0%)            9M (0%)             -                  -          
[5.533s][info][gc,heap     ] GC(9) Allocated:         -                56M (3%)           64M (3%)           71M (4%)             -                  -          
[5.533s][info][gc,heap     ] GC(9)   Garbage:         -              1100M (54%)         228M (11%)          30M (2%)             -                  -          
[5.533s][info][gc,heap     ] GC(9) Reclaimed:         -                  -               872M (43%)        1069M (52%)            -                  -          
[5.533s][info][gc          ] GC(9) Garbage Collection (Allocation Rate) 1110M(54%)->112M(5%)
[5.806s][info][gc,start    ] GC(10) Garbage Collection (Allocation Rate)
[5.806s][info][gc,task     ] GC(10) Using 1 workers
[5.806s][info][gc,phases   ] GC(10) Pause Mark Start 0.011ms
[5.815s][info][gc,phases   ] GC(10) Concurrent Mark 8.718ms
[5.815s][info][gc,phases   ] GC(10) Pause Mark End 0.014ms
[5.820s][info][gc,phases   ] GC(10) Concurrent Mark Free 0.002ms
[5.827s][info][gc,phases   ] GC(10) Concurrent Process Non-Strong References 6.476ms
[5.827s][info][gc,phases   ] GC(10) Concurrent Reset Relocation Set 0.007ms
[5.829s][info][gc,phases   ] GC(10) Concurrent Select Relocation Set 1.938ms
[5.829s][info][gc,phases   ] GC(10) Pause Relocate Start 0.011ms
[5.830s][info][gc,phases   ] GC(10) Concurrent Relocate 1.122ms
[5.830s][info][gc,load     ] GC(10) Load: 0.00/0.00/0.00
[5.830s][info][gc,mmu      ] GC(10) MMU: 2ms/66.0%, 5ms/86.4%, 10ms/93.2%, 20ms/96.6%, 50ms/98.6%, 100ms/99.3%
[5.830s][info][gc,marking  ] GC(10) Mark: 1 stripe(s), 2 proactive flush(es), 1 terminate flush(es), 0 completion(s), 0 continuation(s) 
[5.830s][info][gc,marking  ] GC(10) Mark Stack Usage: 32M
[5.830s][info][gc,nmethod  ] GC(10) NMethods: 2921 registered, 1159 unregistered
[5.830s][info][gc,metaspace] GC(10) Metaspace: 8M used, 9M committed, 1088M reserved
[5.830s][info][gc,ref      ] GC(10) Soft: 349 encountered, 0 discovered, 0 enqueued
[5.830s][info][gc,ref      ] GC(10) Weak: 783 encountered, 195 discovered, 166 enqueued
[5.830s][info][gc,ref      ] GC(10) Final: 3 encountered, 0 discovered, 0 enqueued
[5.830s][info][gc,ref      ] GC(10) Phantom: 112 encountered, 109 discovered, 0 enqueued
[5.830s][info][gc,reloc    ] GC(10) Small Pages: 548 / 1096M, Empty: 896M, Relocated: 1M, In-Place: 0
[5.830s][info][gc,reloc    ] GC(10) Medium Pages: 1 / 32M, Empty: 0M, Relocated: 0M, In-Place: 0
[5.830s][info][gc,reloc    ] GC(10) Large Pages: 0 / 0M, Empty: 0M, Relocated: 0M, In-Place: 0
[5.830s][info][gc,reloc    ] GC(10) Forwarding Usage: 0M
[5.830s][info][gc,heap     ] GC(10) Min Capacity: 2048M(100%)
[5.830s][info][gc,heap     ] GC(10) Max Capacity: 2048M(100%)
[5.830s][info][gc,heap     ] GC(10) Soft Max Capacity: 2048M(100%)
[5.830s][info][gc,heap     ] GC(10)                Mark Start          Mark End        Relocate Start      Relocate End           High               Low         
[5.830s][info][gc,heap     ] GC(10)  Capacity:     2048M (100%)       2048M (100%)       2048M (100%)       2048M (100%)       2048M (100%)       2048M (100%)   
[5.830s][info][gc,heap     ] GC(10)      Free:      920M (45%)         888M (43%)        1742M (85%)        1930M (94%)        1930M (94%)         850M (42%)    
[5.830s][info][gc,heap     ] GC(10)      Used:     1128M (55%)        1160M (57%)         306M (15%)         118M (6%)         1198M (58%)         118M (6%)     
[5.830s][info][gc,heap     ] GC(10)      Live:         -                 9M (0%)            9M (0%)            9M (0%)             -                  -          
[5.830s][info][gc,heap     ] GC(10) Allocated:         -                32M (2%)           74M (4%)           79M (4%)             -                  -          
[5.830s][info][gc,heap     ] GC(10)   Garbage:         -              1118M (55%)         222M (11%)          28M (1%)             -                  -          
[5.830s][info][gc,heap     ] GC(10) Reclaimed:         -                  -               896M (44%)        1089M (53%)            -                  -          
[5.830s][info][gc          ] GC(10) Garbage Collection (Allocation Rate) 1128M(55%)->118M(6%)
[6.206s][info][gc,start    ] GC(11) Garbage Collection (Allocation Rate)
[6.206s][info][gc,task     ] GC(11) Using 1 workers
[6.206s][info][gc,phases   ] GC(11) Pause Mark Start 0.008ms
[6.250s][info][gc,phases   ] GC(11) Concurrent Mark 36.186ms
[6.250s][info][gc,phases   ] GC(11) Pause Mark End 0.013ms
[6.251s][info][gc,phases   ] GC(11) Concurrent Mark Free 0.002ms
[6.256s][info][gc,phases   ] GC(11) Concurrent Process Non-Strong References 5.597ms
[6.256s][info][gc,phases   ] GC(11) Concurrent Reset Relocation Set 0.004ms
[6.258s][info][gc,phases   ] GC(11) Concurrent Select Relocation Set 1.896ms
[6.258s][info][gc,phases   ] GC(11) Pause Relocate Start 0.008ms
[6.259s][info][gc,phases   ] GC(11) Concurrent Relocate 0.490ms
[6.259s][info][gc,load     ] GC(11) Load: 0.00/0.00/0.00
[6.259s][info][gc,mmu      ] GC(11) MMU: 2ms/66.0%, 5ms/86.4%, 10ms/93.2%, 20ms/96.6%, 50ms/98.6%, 100ms/99.3%
[6.259s][info][gc,marking  ] GC(11) Mark: 1 stripe(s), 3 proactive flush(es), 1 terminate flush(es), 0 completion(s), 0 continuation(s) 
[6.259s][info][gc,marking  ] GC(11) Mark Stack Usage: 32M
[6.259s][info][gc,nmethod  ] GC(11) NMethods: 2959 registered, 1159 unregistered
[6.259s][info][gc,metaspace] GC(11) Metaspace: 8M used, 9M committed, 1088M reserved
[6.259s][info][gc,ref      ] GC(11) Soft: 349 encountered, 0 discovered, 0 enqueued
[6.259s][info][gc,ref      ] GC(11) Weak: 829 encountered, 238 discovered, 187 enqueued
[6.259s][info][gc,ref      ] GC(11) Final: 3 encountered, 0 discovered, 0 enqueued
[6.259s][info][gc,ref      ] GC(11) Phantom: 106 encountered, 81 discovered, 0 enqueued
[6.259s][info][gc,reloc    ] GC(11) Small Pages: 666 / 1332M, Empty: 1086M, Relocated: 0M, In-Place: 0
[6.259s][info][gc,reloc    ] GC(11) Medium Pages: 1 / 32M, Empty: 0M, Relocated: 0M, In-Place: 0
[6.259s][info][gc,reloc    ] GC(11) Large Pages: 0 / 0M, Empty: 0M, Relocated: 0M, In-Place: 0
[6.259s][info][gc,reloc    ] GC(11) Forwarding Usage: 0M
[6.259s][info][gc,heap     ] GC(11) Min Capacity: 2048M(100%)
[6.259s][info][gc,heap     ] GC(11) Max Capacity: 2048M(100%)
[6.259s][info][gc,heap     ] GC(11) Soft Max Capacity: 2048M(100%)
[6.259s][info][gc,heap     ] GC(11)                Mark Start          Mark End        Relocate Start      Relocate End           High               Low         
[6.259s][info][gc,heap     ] GC(11)  Capacity:     2048M (100%)       2048M (100%)       2048M (100%)       2048M (100%)       2048M (100%)       2048M (100%)   
[6.259s][info][gc,heap     ] GC(11)      Free:      684M (33%)         586M (29%)        1660M (81%)        1896M (93%)        1896M (93%)         574M (28%)    
[6.259s][info][gc,heap     ] GC(11)      Used:     1364M (67%)        1462M (71%)         388M (19%)         152M (7%)         1474M (72%)         152M (7%)     
[6.259s][info][gc,heap     ] GC(11)      Live:         -                 9M (0%)            9M (0%)            9M (0%)             -                  -          
[6.259s][info][gc,heap     ] GC(11) Allocated:         -                98M (5%)          110M (5%)          111M (5%)             -                  -          
[6.259s][info][gc,heap     ] GC(11)   Garbage:         -              1354M (66%)         268M (13%)          30M (2%)             -                  -          
[6.259s][info][gc,heap     ] GC(11) Reclaimed:         -                  -              1086M (53%)        1323M (65%)            -                  -          
[6.259s][info][gc          ] GC(11) Garbage Collection (Allocation Rate) 1364M(67%)->152M(7%)
[6.597s][info][gc,start    ] GC(12) Garbage Collection (Allocation Rate)
[6.597s][info][gc,task     ] GC(12) Using 1 workers
[6.597s][info][gc,phases   ] GC(12) Pause Mark Start 0.010ms
[6.607s][info][gc,phases   ] GC(12) Concurrent Mark 9.413ms
[6.607s][info][gc,phases   ] GC(12) Pause Mark End 0.013ms
[6.608s][info][gc,phases   ] GC(12) Concurrent Mark Free 0.000ms
[6.614s][info][gc,phases   ] GC(12) Concurrent Process Non-Strong References 6.882ms
[6.615s][info][gc,phases   ] GC(12) Concurrent Reset Relocation Set 0.006ms
[6.617s][info][gc,phases   ] GC(12) Concurrent Select Relocation Set 2.144ms
[6.617s][info][gc,phases   ] GC(12) Pause Relocate Start 0.009ms
[6.623s][info][gc,phases   ] GC(12) Concurrent Relocate 1.834ms
[6.623s][info][gc,load     ] GC(12) Load: 0.00/0.00/0.00
[6.623s][info][gc,mmu      ] GC(12) MMU: 2ms/66.0%, 5ms/86.4%, 10ms/93.2%, 20ms/96.6%, 50ms/98.6%, 100ms/99.3%
[6.623s][info][gc,marking  ] GC(12) Mark: 1 stripe(s), 2 proactive flush(es), 1 terminate flush(es), 0 completion(s), 0 continuation(s) 
[6.623s][info][gc,marking  ] GC(12) Mark Stack Usage: 32M
[6.623s][info][gc,nmethod  ] GC(12) NMethods: 2993 registered, 1159 unregistered
[6.623s][info][gc,metaspace] GC(12) Metaspace: 8M used, 9M committed, 1088M reserved
[6.623s][info][gc,ref      ] GC(12) Soft: 349 encountered, 0 discovered, 0 enqueued
[6.623s][info][gc,ref      ] GC(12) Weak: 848 encountered, 265 discovered, 242 enqueued
[6.623s][info][gc,ref      ] GC(12) Final: 3 encountered, 0 discovered, 0 enqueued
[6.623s][info][gc,ref      ] GC(12) Phantom: 101 encountered, 82 discovered, 0 enqueued
[6.623s][info][gc,reloc    ] GC(12) Small Pages: 694 / 1388M, Empty: 1142M, Relocated: 1M, In-Place: 0
[6.623s][info][gc,reloc    ] GC(12) Medium Pages: 1 / 32M, Empty: 0M, Relocated: 0M, In-Place: 0
[6.623s][info][gc,reloc    ] GC(12) Large Pages: 0 / 0M, Empty: 0M, Relocated: 0M, In-Place: 0
[6.623s][info][gc,reloc    ] GC(12) Forwarding Usage: 0M
[6.623s][info][gc,heap     ] GC(12) Min Capacity: 2048M(100%)
[6.623s][info][gc,heap     ] GC(12) Max Capacity: 2048M(100%)
[6.623s][info][gc,heap     ] GC(12) Soft Max Capacity: 2048M(100%)
[6.623s][info][gc,heap     ] GC(12)                Mark Start          Mark End        Relocate Start      Relocate End           High               Low         
[6.623s][info][gc,heap     ] GC(12)  Capacity:     2048M (100%)       2048M (100%)       2048M (100%)       2048M (100%)       2048M (100%)       2048M (100%)   
[6.623s][info][gc,heap     ] GC(12)      Free:      628M (31%)         590M (29%)        1706M (83%)        1928M (94%)        1930M (94%)         566M (28%)    
[6.623s][info][gc,heap     ] GC(12)      Used:     1420M (69%)        1458M (71%)         342M (17%)         120M (6%)         1482M (72%)         118M (6%)     
[6.623s][info][gc,heap     ] GC(12)      Live:         -                 9M (0%)            9M (0%)            9M (0%)             -                  -          
[6.623s][info][gc,heap     ] GC(12) Allocated:         -                38M (2%)           64M (3%)           81M (4%)             -                  -          
[6.623s][info][gc,heap     ] GC(12)   Garbage:         -              1410M (69%)         268M (13%)          29M (1%)             -                  -          
[6.623s][info][gc,heap     ] GC(12) Reclaimed:         -                  -              1142M (56%)        1381M (67%)            -                  -          
[6.623s][info][gc          ] GC(12) Garbage Collection (Allocation Rate) 1420M(69%)->120M(6%)
[6.996s][info][gc,start    ] GC(13) Garbage Collection (Allocation Rate)
[6.996s][info][gc,task     ] GC(13) Using 1 workers
[6.996s][info][gc,phases   ] GC(13) Pause Mark Start 0.012ms
[7.006s][info][gc,phases   ] GC(13) Concurrent Mark 9.742ms
[7.006s][info][gc,phases   ] GC(13) Pause Mark End 0.011ms
[7.006s][info][gc,phases   ] GC(13) Concurrent Mark Free 0.001ms
[7.011s][info][gc,phases   ] GC(13) Concurrent Process Non-Strong References 5.209ms
[7.011s][info][gc,phases   ] GC(13) Concurrent Reset Relocation Set 0.005ms
[7.013s][info][gc,phases   ] GC(13) Concurrent Select Relocation Set 1.762ms
[7.013s][info][gc,phases   ] GC(13) Pause Relocate Start 0.010ms
[7.014s][info][gc,phases   ] GC(13) Concurrent Relocate 0.474ms
[7.014s][info][gc,load     ] GC(13) Load: 0.00/0.00/0.00
[7.014s][info][gc,mmu      ] GC(13) MMU: 2ms/66.0%, 5ms/86.4%, 10ms/93.2%, 20ms/96.6%, 50ms/98.6%, 100ms/99.3%
[7.014s][info][gc,marking  ] GC(13) Mark: 1 stripe(s), 2 proactive flush(es), 1 terminate flush(es), 0 completion(s), 0 continuation(s) 
[7.014s][info][gc,marking  ] GC(13) Mark Stack Usage: 32M
[7.014s][info][gc,nmethod  ] GC(13) NMethods: 3006 registered, 1159 unregistered
[7.014s][info][gc,metaspace] GC(13) Metaspace: 8M used, 9M committed, 1088M reserved
[7.014s][info][gc,ref      ] GC(13) Soft: 349 encountered, 0 discovered, 0 enqueued
[7.014s][info][gc,ref      ] GC(13) Weak: 851 encountered, 262 discovered, 227 enqueued
[7.014s][info][gc,ref      ] GC(13) Final: 3 encountered, 0 discovered, 0 enqueued
[7.014s][info][gc,ref      ] GC(13) Phantom: 124 encountered, 110 discovered, 0 enqueued
[7.014s][info][gc,reloc    ] GC(13) Small Pages: 737 / 1474M, Empty: 1192M, Relocated: 0M, In-Place: 0
[7.014s][info][gc,reloc    ] GC(13) Medium Pages: 1 / 32M, Empty: 0M, Relocated: 0M, In-Place: 0
[7.014s][info][gc,reloc    ] GC(13) Large Pages: 0 / 0M, Empty: 0M, Relocated: 0M, In-Place: 0
[7.014s][info][gc,reloc    ] GC(13) Forwarding Usage: 0M
[7.014s][info][gc,heap     ] GC(13) Min Capacity: 2048M(100%)
[7.014s][info][gc,heap     ] GC(13) Max Capacity: 2048M(100%)
[7.014s][info][gc,heap     ] GC(13) Soft Max Capacity: 2048M(100%)
[7.014s][info][gc,heap     ] GC(13)                Mark Start          Mark End        Relocate Start      Relocate End           High               Low         
[7.014s][info][gc,heap     ] GC(13)  Capacity:     2048M (100%)       2048M (100%)       2048M (100%)       2048M (100%)       2048M (100%)       2048M (100%)   
[7.014s][info][gc,heap     ] GC(13)      Free:      542M (26%)         516M (25%)        1698M (83%)        1970M (96%)        1970M (96%)         506M (25%)    
[7.014s][info][gc,heap     ] GC(13)      Used:     1506M (74%)        1532M (75%)         350M (17%)          78M (4%)         1542M (75%)          78M (4%)     
[7.014s][info][gc,heap     ] GC(13)      Live:         -                 9M (0%)            9M (0%)            9M (0%)             -                  -          
[7.014s][info][gc,heap     ] GC(13) Allocated:         -                26M (1%)           36M (2%)           37M (2%)             -                  -          
[7.014s][info][gc,heap     ] GC(13)   Garbage:         -              1496M (73%)         304M (15%)          31M (2%)             -                  -          
[7.014s][info][gc,heap     ] GC(13) Reclaimed:         -                  -              1192M (58%)        1465M (72%)            -                  -          
[7.014s][info][gc          ] GC(13) Garbage Collection (Allocation Rate) 1506M(74%)->78M(4%)
[7.407s][info][gc,start    ] GC(14) Garbage Collection (Allocation Rate)
[7.408s][info][gc,task     ] GC(14) Using 1 workers
[7.408s][info][gc,phases   ] GC(14) Pause Mark Start 0.010ms
[7.423s][info][gc,phases   ] GC(14) Concurrent Mark 11.175ms
[7.423s][info][gc,phases   ] GC(14) Pause Mark End 0.013ms
[7.428s][info][gc,phases   ] GC(14) Concurrent Mark Free 0.002ms
[7.434s][info][gc,phases   ] GC(14) Concurrent Process Non-Strong References 5.974ms
[7.435s][info][gc,phases   ] GC(14) Concurrent Reset Relocation Set 0.007ms
[7.436s][info][gc,phases   ] GC(14) Concurrent Select Relocation Set 1.890ms
[7.437s][info][gc,phases   ] GC(14) Pause Relocate Start 0.014ms
[7.437s][info][gc,phases   ] GC(14) Concurrent Relocate 0.737ms
[7.437s][info][gc,load     ] GC(14) Load: 0.00/0.00/0.00
[7.437s][info][gc,mmu      ] GC(14) MMU: 2ms/66.0%, 5ms/86.4%, 10ms/93.2%, 20ms/96.6%, 50ms/98.6%, 100ms/99.3%
[7.437s][info][gc,marking  ] GC(14) Mark: 1 stripe(s), 2 proactive flush(es), 1 terminate flush(es), 0 completion(s), 0 continuation(s) 
[7.437s][info][gc,marking  ] GC(14) Mark Stack Usage: 32M
[7.437s][info][gc,nmethod  ] GC(14) NMethods: 3042 registered, 1159 unregistered
[7.437s][info][gc,metaspace] GC(14) Metaspace: 8M used, 9M committed, 1088M reserved
[7.437s][info][gc,ref      ] GC(14) Soft: 349 encountered, 0 discovered, 0 enqueued
[7.437s][info][gc,ref      ] GC(14) Weak: 854 encountered, 264 discovered, 232 enqueued
[7.437s][info][gc,ref      ] GC(14) Final: 3 encountered, 0 discovered, 0 enqueued
[7.437s][info][gc,ref      ] GC(14) Phantom: 123 encountered, 107 discovered, 0 enqueued
[7.438s][info][gc,reloc    ] GC(14) Small Pages: 738 / 1476M, Empty: 1214M, Relocated: 0M, In-Place: 0
[7.438s][info][gc,reloc    ] GC(14) Medium Pages: 1 / 32M, Empty: 0M, Relocated: 0M, In-Place: 0
[7.438s][info][gc,reloc    ] GC(14) Large Pages: 0 / 0M, Empty: 0M, Relocated: 0M, In-Place: 0
[7.438s][info][gc,reloc    ] GC(14) Forwarding Usage: 0M
[7.438s][info][gc,heap     ] GC(14) Min Capacity: 2048M(100%)
[7.438s][info][gc,heap     ] GC(14) Max Capacity: 2048M(100%)
[7.438s][info][gc,heap     ] GC(14) Soft Max Capacity: 2048M(100%)
[7.438s][info][gc,heap     ] GC(14)                Mark Start          Mark End        Relocate Start      Relocate End           High               Low         
[7.438s][info][gc,heap     ] GC(14)  Capacity:     2048M (100%)       2048M (100%)       2048M (100%)       2048M (100%)       2048M (100%)       2048M (100%)   
[7.438s][info][gc,heap     ] GC(14)      Free:      540M (26%)         490M (24%)        1678M (82%)        1928M (94%)        1928M (94%)         466M (23%)    
[7.438s][info][gc,heap     ] GC(14)      Used:     1508M (74%)        1558M (76%)         370M (18%)         120M (6%)         1582M (77%)         120M (6%)     
[7.438s][info][gc,heap     ] GC(14)      Live:         -                 9M (0%)            9M (0%)            9M (0%)             -                  -          
[7.438s][info][gc,heap     ] GC(14) Allocated:         -                50M (2%)           76M (4%)           79M (4%)             -                  -          
[7.438s][info][gc,heap     ] GC(14)   Garbage:         -              1498M (73%)         284M (14%)          30M (2%)             -                  -          
[7.438s][info][gc,heap     ] GC(14) Reclaimed:         -                  -              1214M (59%)        1467M (72%)            -                  -          
[7.438s][info][gc          ] GC(14) Garbage Collection (Allocation Rate) 1508M(74%)->120M(6%)
[7.804s][info][gc,start    ] GC(15) Garbage Collection (Allocation Rate)
[7.804s][info][gc,task     ] GC(15) Using 1 workers
[7.804s][info][gc,phases   ] GC(15) Pause Mark Start 0.013ms
[7.816s][info][gc,phases   ] GC(15) Concurrent Mark 7.871ms
[7.816s][info][gc,phases   ] GC(15) Pause Mark End 0.015ms
[7.821s][info][gc,phases   ] GC(15) Concurrent Mark Free 0.002ms
[7.829s][info][gc,phases   ] GC(15) Concurrent Process Non-Strong References 8.374ms
[7.829s][info][gc,phases   ] GC(15) Concurrent Reset Relocation Set 0.005ms
[7.831s][info][gc,phases   ] GC(15) Concurrent Select Relocation Set 1.960ms
[7.831s][info][gc,phases   ] GC(15) Pause Relocate Start 0.011ms
[7.832s][info][gc,phases   ] GC(15) Concurrent Relocate 0.652ms
[7.832s][info][gc,load     ] GC(15) Load: 0.00/0.00/0.00
[7.832s][info][gc,mmu      ] GC(15) MMU: 2ms/66.0%, 5ms/86.4%, 10ms/93.2%, 20ms/96.6%, 50ms/98.6%, 100ms/99.3%
[7.832s][info][gc,marking  ] GC(15) Mark: 1 stripe(s), 2 proactive flush(es), 1 terminate flush(es), 0 completion(s), 0 continuation(s) 
[7.832s][info][gc,marking  ] GC(15) Mark Stack Usage: 32M
[7.832s][info][gc,nmethod  ] GC(15) NMethods: 3061 registered, 1159 unregistered
[7.832s][info][gc,metaspace] GC(15) Metaspace: 8M used, 9M committed, 1088M reserved
[7.832s][info][gc,ref      ] GC(15) Soft: 349 encountered, 0 discovered, 0 enqueued
[7.832s][info][gc,ref      ] GC(15) Weak: 850 encountered, 262 discovered, 227 enqueued
[7.832s][info][gc,ref      ] GC(15) Final: 3 encountered, 0 discovered, 0 enqueued
[7.832s][info][gc,ref      ] GC(15) Phantom: 98 encountered, 67 discovered, 0 enqueued
[7.832s][info][gc,reloc    ] GC(15) Small Pages: 750 / 1500M, Empty: 1234M, Relocated: 0M, In-Place: 0
[7.832s][info][gc,reloc    ] GC(15) Medium Pages: 1 / 32M, Empty: 0M, Relocated: 0M, In-Place: 0
[7.832s][info][gc,reloc    ] GC(15) Large Pages: 0 / 0M, Empty: 0M, Relocated: 0M, In-Place: 0
[7.832s][info][gc,reloc    ] GC(15) Forwarding Usage: 0M
[7.832s][info][gc,heap     ] GC(15) Min Capacity: 2048M(100%)
[7.832s][info][gc,heap     ] GC(15) Max Capacity: 2048M(100%)
[7.832s][info][gc,heap     ] GC(15) Soft Max Capacity: 2048M(100%)
[7.832s][info][gc,heap     ] GC(15)                Mark Start          Mark End        Relocate Start      Relocate End           High               Low         
[7.832s][info][gc,heap     ] GC(15)  Capacity:     2048M (100%)       2048M (100%)       2048M (100%)       2048M (100%)       2048M (100%)       2048M (100%)   
[7.832s][info][gc,heap     ] GC(15)      Free:      516M (25%)         476M (23%)        1672M (82%)        1928M (94%)        1928M (94%)         444M (22%)    
[7.832s][info][gc,heap     ] GC(15)      Used:     1532M (75%)        1572M (77%)         376M (18%)         120M (6%)         1604M (78%)         120M (6%)     
[7.832s][info][gc,heap     ] GC(15)      Live:         -                 9M (0%)            9M (0%)            9M (0%)             -                  -          
[7.832s][info][gc,heap     ] GC(15) Allocated:         -                40M (2%)           78M (4%)           79M (4%)             -                  -          
[7.832s][info][gc,heap     ] GC(15)   Garbage:         -              1522M (74%)         288M (14%)          30M (2%)             -                  -          
[7.832s][info][gc,heap     ] GC(15) Reclaimed:         -                  -              1234M (60%)        1491M (73%)            -                  -          
[7.832s][info][gc          ] GC(15) Garbage Collection (Allocation Rate) 1532M(75%)->120M(6%)
[8.199s][info][gc,start    ] GC(16) Garbage Collection (Allocation Rate)
[8.199s][info][gc,task     ] GC(16) Using 1 workers
[8.199s][info][gc,phases   ] GC(16) Pause Mark Start 0.009ms
[8.216s][info][gc,phases   ] GC(16) Concurrent Mark 11.241ms
[8.216s][info][gc,phases   ] GC(16) Pause Mark End 0.050ms
[8.224s][info][gc,phases   ] GC(16) Concurrent Mark Free 0.002ms
[8.230s][info][gc,phases   ] GC(16) Concurrent Process Non-Strong References 6.442ms
[8.230s][info][gc,phases   ] GC(16) Concurrent Reset Relocation Set 0.005ms
[8.232s][info][gc,phases   ] GC(16) Concurrent Select Relocation Set 2.030ms
[8.233s][info][gc,phases   ] GC(16) Pause Relocate Start 0.011ms
[8.233s][info][gc,phases   ] GC(16) Concurrent Relocate 0.597ms
[8.233s][info][gc,load     ] GC(16) Load: 0.00/0.00/0.00
[8.233s][info][gc,mmu      ] GC(16) MMU: 2ms/66.0%, 5ms/86.4%, 10ms/93.2%, 20ms/96.6%, 50ms/98.6%, 100ms/99.3%
[8.233s][info][gc,marking  ] GC(16) Mark: 1 stripe(s), 2 proactive flush(es), 1 terminate flush(es), 1 completion(s), 0 continuation(s) 
[8.233s][info][gc,marking  ] GC(16) Mark Stack Usage: 32M
[8.233s][info][gc,nmethod  ] GC(16) NMethods: 3067 registered, 1159 unregistered
[8.233s][info][gc,metaspace] GC(16) Metaspace: 8M used, 9M committed, 1088M reserved
[8.233s][info][gc,ref      ] GC(16) Soft: 349 encountered, 0 discovered, 0 enqueued
[8.233s][info][gc,ref      ] GC(16) Weak: 849 encountered, 259 discovered, 231 enqueued
[8.233s][info][gc,ref      ] GC(16) Final: 3 encountered, 0 discovered, 0 enqueued
[8.233s][info][gc,ref      ] GC(16) Phantom: 93 encountered, 56 discovered, 0 enqueued
[8.233s][info][gc,reloc    ] GC(16) Small Pages: 732 / 1464M, Empty: 1198M, Relocated: 0M, In-Place: 0
[8.233s][info][gc,reloc    ] GC(16) Medium Pages: 1 / 32M, Empty: 0M, Relocated: 0M, In-Place: 0
[8.233s][info][gc,reloc    ] GC(16) Large Pages: 0 / 0M, Empty: 0M, Relocated: 0M, In-Place: 0
[8.233s][info][gc,reloc    ] GC(16) Forwarding Usage: 0M
[8.233s][info][gc,heap     ] GC(16) Min Capacity: 2048M(100%)
[8.233s][info][gc,heap     ] GC(16) Max Capacity: 2048M(100%)
[8.233s][info][gc,heap     ] GC(16) Soft Max Capacity: 2048M(100%)
[8.233s][info][gc,heap     ] GC(16)                Mark Start          Mark End        Relocate Start      Relocate End           High               Low         
[8.233s][info][gc,heap     ] GC(16)  Capacity:     2048M (100%)       2048M (100%)       2048M (100%)       2048M (100%)       2048M (100%)       2048M (100%)   
[8.233s][info][gc,heap     ] GC(16)      Free:      552M (27%)         492M (24%)        1634M (80%)        1890M (92%)        1890M (92%)         438M (21%)    
[8.233s][info][gc,heap     ] GC(16)      Used:     1496M (73%)        1556M (76%)         414M (20%)         158M (8%)         1610M (79%)         158M (8%)     
[8.233s][info][gc,heap     ] GC(16)      Live:         -                 9M (0%)            9M (0%)            9M (0%)             -                  -          
[8.233s][info][gc,heap     ] GC(16) Allocated:         -                60M (3%)          116M (6%)          117M (6%)             -                  -          
[8.233s][info][gc,heap     ] GC(16)   Garbage:         -              1486M (73%)         288M (14%)          30M (2%)             -                  -          
[8.233s][info][gc,heap     ] GC(16) Reclaimed:         -                  -              1198M (58%)        1455M (71%)            -                  -          
[8.233s][info][gc          ] GC(16) Garbage Collection (Allocation Rate) 1496M(73%)->158M(8%)
[8.605s][info][gc,start    ] GC(17) Garbage Collection (Allocation Rate)
[8.605s][info][gc,task     ] GC(17) Using 1 workers
[8.605s][info][gc,phases   ] GC(17) Pause Mark Start 0.008ms
[8.670s][info][gc,phases   ] GC(17) Concurrent Mark 48.691ms
[8.670s][info][gc,phases   ] GC(17) Pause Mark End 0.011ms
[8.670s][info][gc,phases   ] GC(17) Concurrent Mark Free 0.001ms
[8.676s][info][gc,phases   ] GC(17) Concurrent Process Non-Strong References 5.851ms
[8.676s][info][gc,phases   ] GC(17) Concurrent Reset Relocation Set 0.007ms
[8.678s][info][gc,phases   ] GC(17) Concurrent Select Relocation Set 1.914ms
[8.678s][info][gc,phases   ] GC(17) Pause Relocate Start 0.010ms
[8.679s][info][gc,phases   ] GC(17) Concurrent Relocate 0.502ms
[8.679s][info][gc,load     ] GC(17) Load: 0.00/0.00/0.00
[8.679s][info][gc,mmu      ] GC(17) MMU: 2ms/66.0%, 5ms/86.4%, 10ms/93.2%, 20ms/96.6%, 50ms/98.6%, 100ms/99.3%
[8.679s][info][gc,marking  ] GC(17) Mark: 1 stripe(s), 3 proactive flush(es), 1 terminate flush(es), 0 completion(s), 0 continuation(s) 
[8.679s][info][gc,marking  ] GC(17) Mark Stack Usage: 32M
[8.679s][info][gc,nmethod  ] GC(17) NMethods: 3077 registered, 1159 unregistered
[8.679s][info][gc,metaspace] GC(17) Metaspace: 8M used, 9M committed, 1088M reserved
[8.679s][info][gc,ref      ] GC(17) Soft: 349 encountered, 0 discovered, 0 enqueued
[8.679s][info][gc,ref      ] GC(17) Weak: 859 encountered, 268 discovered, 233 enqueued
[8.679s][info][gc,ref      ] GC(17) Final: 3 encountered, 0 discovered, 0 enqueued
[8.679s][info][gc,ref      ] GC(17) Phantom: 100 encountered, 74 discovered, 0 enqueued
[8.679s][info][gc,reloc    ] GC(17) Small Pages: 751 / 1502M, Empty: 1238M, Relocated: 0M, In-Place: 0
[8.679s][info][gc,reloc    ] GC(17) Medium Pages: 1 / 32M, Empty: 0M, Relocated: 0M, In-Place: 0
[8.679s][info][gc,reloc    ] GC(17) Large Pages: 0 / 0M, Empty: 0M, Relocated: 0M, In-Place: 0
[8.679s][info][gc,reloc    ] GC(17) Forwarding Usage: 0M
[8.679s][info][gc,heap     ] GC(17) Min Capacity: 2048M(100%)
[8.679s][info][gc,heap     ] GC(17) Max Capacity: 2048M(100%)
[8.679s][info][gc,heap     ] GC(17) Soft Max Capacity: 2048M(100%)
[8.679s][info][gc,heap     ] GC(17)                Mark Start          Mark End        Relocate Start      Relocate End           High               Low         
[8.679s][info][gc,heap     ] GC(17)  Capacity:     2048M (100%)       2048M (100%)       2048M (100%)       2048M (100%)       2048M (100%)       2048M (100%)   
[8.679s][info][gc,heap     ] GC(17)      Free:      514M (25%)         360M (18%)        1584M (77%)        1838M (90%)        1838M (90%)         348M (17%)    
[8.679s][info][gc,heap     ] GC(17)      Used:     1534M (75%)        1688M (82%)         464M (23%)         210M (10%)        1700M (83%)         210M (10%)    
[8.679s][info][gc,heap     ] GC(17)      Live:         -                 9M (0%)            9M (0%)            9M (0%)             -                  -          
[8.679s][info][gc,heap     ] GC(17) Allocated:         -               154M (8%)          168M (8%)          169M (8%)             -                  -          
[8.679s][info][gc,heap     ] GC(17)   Garbage:         -              1524M (74%)         286M (14%)          30M (2%)             -                  -          
[8.679s][info][gc,heap     ] GC(17) Reclaimed:         -                  -              1238M (60%)        1493M (73%)            -                  -          
[8.679s][info][gc          ] GC(17) Garbage Collection (Allocation Rate) 1534M(75%)->210M(10%)
[9.001s][info][gc,start    ] GC(18) Garbage Collection (Allocation Rate)
[9.001s][info][gc,task     ] GC(18) Using 1 workers
[9.001s][info][gc,phases   ] GC(18) Pause Mark Start 0.007ms
[9.010s][info][gc,phases   ] GC(18) Concurrent Mark 8.167ms
[9.010s][info][gc,phases   ] GC(18) Pause Mark End 0.014ms
[9.012s][info][gc,phases   ] GC(18) Concurrent Mark Free 0.001ms
[9.018s][info][gc,phases   ] GC(18) Concurrent Process Non-Strong References 5.977ms
[9.018s][info][gc,phases   ] GC(18) Concurrent Reset Relocation Set 0.007ms
[9.020s][info][gc,phases   ] GC(18) Concurrent Select Relocation Set 1.823ms
[9.020s][info][gc,phases   ] GC(18) Pause Relocate Start 0.013ms
[9.021s][info][gc,phases   ] GC(18) Concurrent Relocate 0.747ms
[9.021s][info][gc,load     ] GC(18) Load: 0.00/0.00/0.00
[9.021s][info][gc,mmu      ] GC(18) MMU: 2ms/66.0%, 5ms/86.4%, 10ms/93.2%, 20ms/96.6%, 50ms/98.6%, 100ms/99.3%
[9.021s][info][gc,marking  ] GC(18) Mark: 1 stripe(s), 3 proactive flush(es), 1 terminate flush(es), 0 completion(s), 0 continuation(s) 
[9.021s][info][gc,marking  ] GC(18) Mark Stack Usage: 32M
[9.021s][info][gc,nmethod  ] GC(18) NMethods: 3082 registered, 1159 unregistered
[9.021s][info][gc,metaspace] GC(18) Metaspace: 8M used, 9M committed, 1088M reserved
[9.021s][info][gc,ref      ] GC(18) Soft: 349 encountered, 0 discovered, 0 enqueued
[9.021s][info][gc,ref      ] GC(18) Weak: 853 encountered, 266 discovered, 227 enqueued
[9.021s][info][gc,ref      ] GC(18) Final: 3 encountered, 0 discovered, 0 enqueued
[9.021s][info][gc,ref      ] GC(18) Phantom: 124 encountered, 110 discovered, 0 enqueued
[9.021s][info][gc,reloc    ] GC(18) Small Pages: 719 / 1438M, Empty: 1176M, Relocated: 0M, In-Place: 0
[9.021s][info][gc,reloc    ] GC(18) Medium Pages: 1 / 32M, Empty: 0M, Relocated: 0M, In-Place: 0
[9.021s][info][gc,reloc    ] GC(18) Large Pages: 0 / 0M, Empty: 0M, Relocated: 0M, In-Place: 0
[9.021s][info][gc,reloc    ] GC(18) Forwarding Usage: 0M
[9.021s][info][gc,heap     ] GC(18) Min Capacity: 2048M(100%)
[9.021s][info][gc,heap     ] GC(18) Max Capacity: 2048M(100%)
[9.021s][info][gc,heap     ] GC(18) Soft Max Capacity: 2048M(100%)
[9.021s][info][gc,heap     ] GC(18)                Mark Start          Mark End        Relocate Start      Relocate End           High               Low         
[9.021s][info][gc,heap     ] GC(18)  Capacity:     2048M (100%)       2048M (100%)       2048M (100%)       2048M (100%)       2048M (100%)       2048M (100%)   
[9.021s][info][gc,heap     ] GC(18)      Free:      578M (28%)         548M (27%)        1698M (83%)        1950M (95%)        1950M (95%)         528M (26%)    
[9.021s][info][gc,heap     ] GC(18)      Used:     1470M (72%)        1500M (73%)         350M (17%)          98M (5%)         1520M (74%)          98M (5%)     
[9.021s][info][gc,heap     ] GC(18)      Live:         -                 9M (0%)            9M (0%)            9M (0%)             -                  -          
[9.021s][info][gc,heap     ] GC(18) Allocated:         -                30M (1%)           56M (3%)           57M (3%)             -                  -          
[9.021s][info][gc,heap     ] GC(18)   Garbage:         -              1460M (71%)         284M (14%)          30M (2%)             -                  -          
[9.021s][info][gc,heap     ] GC(18) Reclaimed:         -                  -              1176M (57%)        1429M (70%)            -                  -          
[9.021s][info][gc          ] GC(18) Garbage Collection (Allocation Rate) 1470M(72%)->98M(5%)
[9.397s][info][gc,start    ] GC(19) Garbage Collection (Allocation Rate)
[9.397s][info][gc,task     ] GC(19) Using 1 workers
[9.397s][info][gc,phases   ] GC(19) Pause Mark Start 0.008ms
[9.429s][info][gc,phases   ] GC(19) Concurrent Mark 30.744ms
[9.429s][info][gc,phases   ] GC(19) Pause Mark End 0.016ms
[9.429s][info][gc,phases   ] GC(19) Concurrent Mark Free 0.002ms
[9.437s][info][gc,phases   ] GC(19) Concurrent Process Non-Strong References 7.515ms
[9.437s][info][gc,phases   ] GC(19) Concurrent Reset Relocation Set 0.007ms
[9.440s][info][gc,phases   ] GC(19) Concurrent Select Relocation Set 2.570ms
[9.440s][info][gc,phases   ] GC(19) Pause Relocate Start 0.014ms
[9.441s][info][gc,phases   ] GC(19) Concurrent Relocate 1.249ms
[9.441s][info][gc,load     ] GC(19) Load: 0.00/0.00/0.00
[9.441s][info][gc,mmu      ] GC(19) MMU: 2ms/66.0%, 5ms/86.4%, 10ms/93.2%, 20ms/96.6%, 50ms/98.6%, 100ms/99.3%
[9.441s][info][gc,marking  ] GC(19) Mark: 1 stripe(s), 2 proactive flush(es), 1 terminate flush(es), 0 completion(s), 0 continuation(s) 
[9.441s][info][gc,marking  ] GC(19) Mark Stack Usage: 32M
[9.441s][info][gc,nmethod  ] GC(19) NMethods: 3086 registered, 1159 unregistered
[9.441s][info][gc,metaspace] GC(19) Metaspace: 8M used, 9M committed, 1088M reserved
[9.441s][info][gc,ref      ] GC(19) Soft: 349 encountered, 0 discovered, 0 enqueued
[9.441s][info][gc,ref      ] GC(19) Weak: 825 encountered, 245 discovered, 227 enqueued
[9.441s][info][gc,ref      ] GC(19) Final: 3 encountered, 0 discovered, 0 enqueued
[9.441s][info][gc,ref      ] GC(19) Phantom: 86 encountered, 69 discovered, 0 enqueued
[9.441s][info][gc,reloc    ] GC(19) Small Pages: 722 / 1444M, Empty: 1190M, Relocated: 1M, In-Place: 0
[9.441s][info][gc,reloc    ] GC(19) Medium Pages: 1 / 32M, Empty: 0M, Relocated: 0M, In-Place: 0
[9.441s][info][gc,reloc    ] GC(19) Large Pages: 0 / 0M, Empty: 0M, Relocated: 0M, In-Place: 0
[9.441s][info][gc,reloc    ] GC(19) Forwarding Usage: 0M
[9.441s][info][gc,heap     ] GC(19) Min Capacity: 2048M(100%)
[9.441s][info][gc,heap     ] GC(19) Max Capacity: 2048M(100%)
[9.441s][info][gc,heap     ] GC(19) Soft Max Capacity: 2048M(100%)
[9.441s][info][gc,heap     ] GC(19)                Mark Start          Mark End        Relocate Start      Relocate End           High               Low         
[9.441s][info][gc,heap     ] GC(19)  Capacity:     2048M (100%)       2048M (100%)       2048M (100%)       2048M (100%)       2048M (100%)       2048M (100%)   
[9.441s][info][gc,heap     ] GC(19)      Free:      572M (28%)         466M (23%)        1624M (79%)        1870M (91%)        1870M (91%)         442M (22%)    
[9.441s][info][gc,heap     ] GC(19)      Used:     1476M (72%)        1582M (77%)         424M (21%)         178M (9%)         1606M (78%)         178M (9%)     
[9.441s][info][gc,heap     ] GC(19)      Live:         -                 8M (0%)            8M (0%)            8M (0%)             -                  -          
[9.441s][info][gc,heap     ] GC(19) Allocated:         -               106M (5%)          138M (7%)          139M (7%)             -                  -          
[9.441s][info][gc,heap     ] GC(19)   Garbage:         -              1467M (72%)         277M (14%)          29M (1%)             -                  -          
[9.441s][info][gc,heap     ] GC(19) Reclaimed:         -                  -              1190M (58%)        1437M (70%)            -                  -          
[9.441s][info][gc          ] GC(19) Garbage Collection (Allocation Rate) 1476M(72%)->178M(9%)
[9.810s][info][gc,start    ] GC(20) Garbage Collection (Allocation Rate)
[9.810s][info][gc,task     ] GC(20) Using 1 workers
[9.810s][info][gc,phases   ] GC(20) Pause Mark Start 0.010ms
[9.820s][info][gc,phases   ] GC(20) Concurrent Mark 9.776ms
[9.820s][info][gc,phases   ] GC(20) Pause Mark End 0.013ms
[9.824s][info][gc,phases   ] GC(20) Concurrent Mark Free 0.002ms
[9.831s][info][gc,phases   ] GC(20) Concurrent Process Non-Strong References 7.035ms
[9.831s][info][gc,phases   ] GC(20) Concurrent Reset Relocation Set 0.005ms
[9.833s][info][gc,phases   ] GC(20) Concurrent Select Relocation Set 1.916ms
[9.833s][info][gc,phases   ] GC(20) Pause Relocate Start 0.012ms
[9.834s][info][gc,phases   ] GC(20) Concurrent Relocate 1.368ms
[9.834s][info][gc,load     ] GC(20) Load: 0.00/0.00/0.00
[9.834s][info][gc,mmu      ] GC(20) MMU: 2ms/66.0%, 5ms/86.4%, 10ms/93.2%, 20ms/96.6%, 50ms/98.6%, 100ms/99.3%
[9.834s][info][gc,marking  ] GC(20) Mark: 1 stripe(s), 3 proactive flush(es), 1 terminate flush(es), 0 completion(s), 0 continuation(s) 
[9.834s][info][gc,marking  ] GC(20) Mark Stack Usage: 32M
[9.834s][info][gc,nmethod  ] GC(20) NMethods: 3092 registered, 1159 unregistered
[9.834s][info][gc,metaspace] GC(20) Metaspace: 8M used, 9M committed, 1088M reserved
[9.834s][info][gc,ref      ] GC(20) Soft: 349 encountered, 0 discovered, 0 enqueued
[9.834s][info][gc,ref      ] GC(20) Weak: 842 encountered, 256 discovered, 223 enqueued
[9.834s][info][gc,ref      ] GC(20) Final: 3 encountered, 0 discovered, 0 enqueued
[9.834s][info][gc,ref      ] GC(20) Phantom: 110 encountered, 93 discovered, 0 enqueued
[9.834s][info][gc,reloc    ] GC(20) Small Pages: 717 / 1434M, Empty: 1170M, Relocated: 1M, In-Place: 0
[9.834s][info][gc,reloc    ] GC(20) Medium Pages: 1 / 32M, Empty: 0M, Relocated: 0M, In-Place: 0
[9.834s][info][gc,reloc    ] GC(20) Large Pages: 0 / 0M, Empty: 0M, Relocated: 0M, In-Place: 0
[9.834s][info][gc,reloc    ] GC(20) Forwarding Usage: 0M
[9.834s][info][gc,heap     ] GC(20) Min Capacity: 2048M(100%)
[9.834s][info][gc,heap     ] GC(20) Max Capacity: 2048M(100%)
[9.834s][info][gc,heap     ] GC(20) Soft Max Capacity: 2048M(100%)
[9.834s][info][gc,heap     ] GC(20)                Mark Start          Mark End        Relocate Start      Relocate End           High               Low         
[9.835s][info][gc,heap     ] GC(20)  Capacity:     2048M (100%)       2048M (100%)       2048M (100%)       2048M (100%)       2048M (100%)       2048M (100%)   
[9.835s][info][gc,heap     ] GC(20)      Free:      582M (28%)         542M (26%)        1676M (82%)        1932M (94%)        1932M (94%)         512M (25%)    
[9.835s][info][gc,heap     ] GC(20)      Used:     1466M (72%)        1506M (74%)         372M (18%)         116M (6%)         1536M (75%)         116M (6%)     
[9.835s][info][gc,heap     ] GC(20)      Live:         -                 9M (0%)            9M (0%)            9M (0%)             -                  -          
[9.835s][info][gc,heap     ] GC(20) Allocated:         -                40M (2%)           76M (4%)           77M (4%)             -                  -          
[9.835s][info][gc,heap     ] GC(20)   Garbage:         -              1456M (71%)         286M (14%)          28M (1%)             -                  -          
[9.835s][info][gc,heap     ] GC(20) Reclaimed:         -                  -              1170M (57%)        1427M (70%)            -                  -          
[9.835s][info][gc          ] GC(20) Garbage Collection (Allocation Rate) 1466M(72%)->116M(6%)
[10.105s][info][gc,stats    ] === Garbage Collection Statistics =======================================================================================================================
[10.105s][info][gc,stats    ]                                                              Last 10s              Last 10m              Last 10h                Total
[10.105s][info][gc,stats    ]                                                              Avg / Max             Avg / Max             Avg / Max             Avg / Max
[10.105s][info][gc,stats    ]   Collector: Garbage Collection Cycle                     54.000 / 162.441      54.000 / 162.441      54.000 / 162.441      54.000 / 162.441     ms
[10.105s][info][gc,stats    ]  Contention: Mark Segment Reset Contention                     0 / 1                 0 / 1                 0 / 1                 0 / 1           ops/s
[10.105s][info][gc,stats    ]  Contention: Mark SeqNum Reset Contention                      0 / 1                 0 / 1                 0 / 1                 0 / 1           ops/s
[10.105s][info][gc,stats    ]    Critical: Allocation Stall                                  0 / 0                 0 / 0                 0 / 0                 0 / 0           ops/s
[10.105s][info][gc,stats    ]    Critical: Allocation Stall                              0.000 / 0.000         0.000 / 0.000         0.000 / 0.000         0.000 / 0.000       ms
[10.105s][info][gc,stats    ]    Critical: GC Locker Stall                                   0 / 0                 0 / 0                 0 / 0                 0 / 0           ops/s
[10.105s][info][gc,stats    ]    Critical: GC Locker Stall                               0.000 / 0.000         0.000 / 0.000         0.000 / 0.000         0.000 / 0.000       ms
[10.105s][info][gc,stats    ]    Critical: Relocation Stall                                  0 / 0                 0 / 0                 0 / 0                 0 / 0           ops/s
[10.105s][info][gc,stats    ]    Critical: Relocation Stall                              0.000 / 0.000         0.000 / 0.000         0.000 / 0.000         0.000 / 0.000       ms
[10.105s][info][gc,stats    ]      Memory: Allocation Rate                                2395 / 3702           2395 / 3702           2395 / 3702           2395 / 3702        MB/s
[10.105s][info][gc,stats    ]      Memory: Out Of Memory                                     0 / 0                 0 / 0                 0 / 0                 0 / 0           ops/s
[10.105s][info][gc,stats    ]      Memory: Page Cache Flush                                  0 / 0                 0 / 0                 0 / 0                 0 / 0           MB/s
[10.105s][info][gc,stats    ]      Memory: Page Cache Hit L1                              1116 / 1822           1116 / 1822           1116 / 1822           1116 / 1822        ops/s
[10.105s][info][gc,stats    ]      Memory: Page Cache Hit L2                                 0 / 0                 0 / 0                 0 / 0                 0 / 0           ops/s
[10.105s][info][gc,stats    ]      Memory: Page Cache Hit L3                                83 / 230              83 / 230              83 / 230              83 / 230         ops/s
[10.105s][info][gc,stats    ]      Memory: Page Cache Miss                                   0 / 1                 0 / 1                 0 / 1                 0 / 1           ops/s
[10.105s][info][gc,stats    ]      Memory: Uncommit                                          0 / 0                 0 / 0                 0 / 0                 0 / 0           MB/s
[10.105s][info][gc,stats    ]      Memory: Undo Object Allocation Failed                     0 / 0                 0 / 0                 0 / 0                 0 / 0           ops/s
[10.105s][info][gc,stats    ]      Memory: Undo Object Allocation Succeeded                  3 / 11                3 / 11                3 / 11                3 / 11          ops/s
[10.105s][info][gc,stats    ]      Memory: Undo Page Allocation                              0 / 2                 0 / 2                 0 / 2                 0 / 2           ops/s
[10.105s][info][gc,stats    ]       Phase: Concurrent Mark                              34.898 / 126.705      34.898 / 126.705      34.898 / 126.705      34.898 / 126.705     ms
[10.105s][info][gc,stats    ]       Phase: Concurrent Mark Continue                      0.000 / 0.000         0.000 / 0.000         0.000 / 0.000         0.000 / 0.000       ms
[10.105s][info][gc,stats    ]       Phase: Concurrent Mark Free                          0.002 / 0.003         0.002 / 0.003         0.002 / 0.003         0.002 / 0.003       ms
[10.105s][info][gc,stats    ]       Phase: Concurrent Process Non-Strong References      6.915 / 20.576        6.915 / 20.576        6.915 / 20.576        6.915 / 20.576      ms
[10.105s][info][gc,stats    ]       Phase: Concurrent Relocate                           1.104 / 3.882         1.104 / 3.882         1.104 / 3.882         1.104 / 3.882       ms
[10.105s][info][gc,stats    ]       Phase: Concurrent Reset Relocation Set               0.005 / 0.007         0.005 / 0.007         0.005 / 0.007         0.005 / 0.007       ms
[10.105s][info][gc,stats    ]       Phase: Concurrent Select Relocation Set              2.082 / 2.803         2.082 / 2.803         2.082 / 2.803         2.082 / 2.803       ms
[10.105s][info][gc,stats    ]       Phase: Pause Mark End                                0.056 / 0.680         0.056 / 0.680         0.056 / 0.680         0.056 / 0.680       ms
[10.105s][info][gc,stats    ]       Phase: Pause Mark Start                              0.009 / 0.013         0.009 / 0.013         0.009 / 0.013         0.009 / 0.013       ms
[10.105s][info][gc,stats    ]       Phase: Pause Relocate Start                          0.011 / 0.014         0.011 / 0.014         0.011 / 0.014         0.011 / 0.014       ms
[10.105s][info][gc,stats    ]    Subphase: Concurrent Classes Purge                      0.224 / 0.520         0.224 / 0.520         0.224 / 0.520         0.224 / 0.520       ms
[10.105s][info][gc,stats    ]    Subphase: Concurrent Classes Unlink                     4.103 / 5.863         4.103 / 5.863         4.103 / 5.863         4.103 / 5.863       ms
[10.105s][info][gc,stats    ]    Subphase: Concurrent Mark                              36.955 / 125.306      36.955 / 125.306      36.955 / 125.306      36.955 / 125.306     ms
[10.105s][info][gc,stats    ]    Subphase: Concurrent Mark Try Flush                     5.764 / 32.302        5.764 / 32.302        5.764 / 32.302        5.764 / 32.302      ms
[10.105s][info][gc,stats    ]    Subphase: Concurrent Mark Try Terminate                 7.780 / 31.618        7.780 / 31.618        7.780 / 31.618        7.780 / 31.618      ms
[10.105s][info][gc,stats    ]    Subphase: Concurrent References Enqueue                 0.005 / 0.006         0.005 / 0.006         0.005 / 0.006         0.005 / 0.006       ms
[10.105s][info][gc,stats    ]    Subphase: Concurrent References Process                 0.105 / 0.151         0.105 / 0.151         0.105 / 0.151         0.105 / 0.151       ms
[10.105s][info][gc,stats    ]    Subphase: Concurrent Roots ClassLoaderDataGraph         0.086 / 0.292         0.086 / 0.292         0.086 / 0.292         0.086 / 0.292       ms
[10.105s][info][gc,stats    ]    Subphase: Concurrent Roots CodeCache                    0.000 / 0.000         0.000 / 0.000         0.000 / 0.000         0.000 / 0.000       ms
[10.105s][info][gc,stats    ]    Subphase: Concurrent Roots JavaThreads                  0.416 / 1.229         0.416 / 1.229         0.416 / 1.229         0.416 / 1.229       ms
[10.105s][info][gc,stats    ]    Subphase: Concurrent Roots OopStorageSet                0.029 / 0.065         0.029 / 0.065         0.029 / 0.065         0.029 / 0.065       ms
[10.105s][info][gc,stats    ]    Subphase: Concurrent Weak Roots OopStorageSet           0.215 / 0.471         0.215 / 0.471         0.215 / 0.471         0.215 / 0.471       ms
[10.105s][info][gc,stats    ]    Subphase: Pause Mark Try Complete                       0.005 / 0.009         0.005 / 0.009         0.005 / 0.009         0.005 / 0.009       ms
[10.105s][info][gc,stats    ]      System: Java Threads                                     18 / 19               18 / 19               18 / 19               18 / 19          threads
[10.105s][info][gc,stats    ] =========================================================================================================================================================
[10.200s][info][gc,start    ] GC(21) Garbage Collection (Allocation Rate)
[10.200s][info][gc,task     ] GC(21) Using 1 workers
[10.201s][info][gc,phases   ] GC(21) Pause Mark Start 0.010ms
[10.212s][info][gc,phases   ] GC(21) Concurrent Mark 11.178ms
[10.212s][info][gc,phases   ] GC(21) Pause Mark End 0.014ms
[10.212s][info][gc,phases   ] GC(21) Concurrent Mark Free 0.001ms
[10.220s][info][gc,phases   ] GC(21) Concurrent Process Non-Strong References 7.462ms
[10.220s][info][gc,phases   ] GC(21) Concurrent Reset Relocation Set 0.006ms
[10.222s][info][gc,phases   ] GC(21) Concurrent Select Relocation Set 2.133ms
[10.222s][info][gc,phases   ] GC(21) Pause Relocate Start 0.010ms
[10.229s][info][gc,phases   ] GC(21) Concurrent Relocate 0.627ms
[10.229s][info][gc,load     ] GC(21) Load: 0.00/0.00/0.00
[10.229s][info][gc,mmu      ] GC(21) MMU: 2ms/66.0%, 5ms/86.4%, 10ms/93.2%, 20ms/96.6%, 50ms/98.6%, 100ms/99.3%
[10.229s][info][gc,marking  ] GC(21) Mark: 1 stripe(s), 2 proactive flush(es), 1 terminate flush(es), 0 completion(s), 0 continuation(s) 
[10.229s][info][gc,marking  ] GC(21) Mark Stack Usage: 32M
[10.229s][info][gc,nmethod  ] GC(21) NMethods: 3109 registered, 1159 unregistered
[10.229s][info][gc,metaspace] GC(21) Metaspace: 8M used, 9M committed, 1088M reserved
[10.229s][info][gc,ref      ] GC(21) Soft: 349 encountered, 0 discovered, 0 enqueued
[10.229s][info][gc,ref      ] GC(21) Weak: 846 encountered, 255 discovered, 222 enqueued
[10.229s][info][gc,ref      ] GC(21) Final: 3 encountered, 0 discovered, 0 enqueued
[10.229s][info][gc,ref      ] GC(21) Phantom: 108 encountered, 92 discovered, 0 enqueued
[10.229s][info][gc,reloc    ] GC(21) Small Pages: 722 / 1444M, Empty: 1180M, Relocated: 0M, In-Place: 0
[10.229s][info][gc,reloc    ] GC(21) Medium Pages: 1 / 32M, Empty: 0M, Relocated: 0M, In-Place: 0
[10.229s][info][gc,reloc    ] GC(21) Large Pages: 0 / 0M, Empty: 0M, Relocated: 0M, In-Place: 0
[10.229s][info][gc,reloc    ] GC(21) Forwarding Usage: 0M
[10.229s][info][gc,heap     ] GC(21) Min Capacity: 2048M(100%)
[10.229s][info][gc,heap     ] GC(21) Max Capacity: 2048M(100%)
[10.229s][info][gc,heap     ] GC(21) Soft Max Capacity: 2048M(100%)
[10.229s][info][gc,heap     ] GC(21)                Mark Start          Mark End        Relocate Start      Relocate End           High               Low         
[10.229s][info][gc,heap     ] GC(21)  Capacity:     2048M (100%)       2048M (100%)       2048M (100%)       2048M (100%)       2048M (100%)       2048M (100%)   
[10.229s][info][gc,heap     ] GC(21)      Free:      572M (28%)         536M (26%)        1684M (82%)        1914M (93%)        1914M (93%)         510M (25%)    
[10.229s][info][gc,heap     ] GC(21)      Used:     1476M (72%)        1512M (74%)         364M (18%)         134M (7%)         1538M (75%)         134M (7%)     
[10.229s][info][gc,heap     ] GC(21)      Live:         -                 9M (0%)            9M (0%)            9M (0%)             -                  -          
[10.229s][info][gc,heap     ] GC(21) Allocated:         -                36M (2%)           68M (3%)           93M (5%)             -                  -          
[10.230s][info][gc,heap     ] GC(21)   Garbage:         -              1466M (72%)         286M (14%)          30M (2%)             -                  -          
[10.230s][info][gc,heap     ] GC(21) Reclaimed:         -                  -              1180M (58%)        1435M (70%)            -                  -          
[10.230s][info][gc          ] GC(21) Garbage Collection (Allocation Rate) 1476M(72%)->134M(7%)
[10.610s][info][gc,start    ] GC(22) Garbage Collection (Allocation Rate)
[10.611s][info][gc,task     ] GC(22) Using 1 workers
[10.611s][info][gc,phases   ] GC(22) Pause Mark Start 0.007ms
[10.618s][info][gc,phases   ] GC(22) Concurrent Mark 6.840ms
[10.618s][info][gc,phases   ] GC(22) Pause Mark End 0.013ms
[10.618s][info][gc,phases   ] GC(22) Concurrent Mark Free 0.001ms
[10.623s][info][gc,phases   ] GC(22) Concurrent Process Non-Strong References 5.128ms
[10.623s][info][gc,phases   ] GC(22) Concurrent Reset Relocation Set 0.005ms
[10.625s][info][gc,phases   ] GC(22) Concurrent Select Relocation Set 1.770ms
[10.625s][info][gc,phases   ] GC(22) Pause Relocate Start 0.009ms
[10.626s][info][gc,phases   ] GC(22) Concurrent Relocate 0.995ms
[10.626s][info][gc,load     ] GC(22) Load: 0.00/0.00/0.00
[10.626s][info][gc,mmu      ] GC(22) MMU: 2ms/66.0%, 5ms/86.4%, 10ms/93.2%, 20ms/96.6%, 50ms/98.6%, 100ms/99.3%
[10.626s][info][gc,marking  ] GC(22) Mark: 1 stripe(s), 2 proactive flush(es), 1 terminate flush(es), 0 completion(s), 0 continuation(s) 
[10.626s][info][gc,marking  ] GC(22) Mark Stack Usage: 32M
[10.626s][info][gc,nmethod  ] GC(22) NMethods: 3112 registered, 1159 unregistered
[10.626s][info][gc,metaspace] GC(22) Metaspace: 8M used, 9M committed, 1088M reserved
[10.626s][info][gc,ref      ] GC(22) Soft: 349 encountered, 0 discovered, 0 enqueued
[10.626s][info][gc,ref      ] GC(22) Weak: 729 encountered, 154 discovered, 132 enqueued
[10.626s][info][gc,ref      ] GC(22) Final: 3 encountered, 0 discovered, 0 enqueued
[10.626s][info][gc,ref      ] GC(22) Phantom: 76 encountered, 62 discovered, 0 enqueued
[10.626s][info][gc,reloc    ] GC(22) Small Pages: 732 / 1464M, Empty: 1298M, Relocated: 1M, In-Place: 0
[10.626s][info][gc,reloc    ] GC(22) Medium Pages: 1 / 32M, Empty: 0M, Relocated: 0M, In-Place: 0
[10.626s][info][gc,reloc    ] GC(22) Large Pages: 0 / 0M, Empty: 0M, Relocated: 0M, In-Place: 0
[10.626s][info][gc,reloc    ] GC(22) Forwarding Usage: 0M
[10.626s][info][gc,heap     ] GC(22) Min Capacity: 2048M(100%)
[10.626s][info][gc,heap     ] GC(22) Max Capacity: 2048M(100%)
[10.626s][info][gc,heap     ] GC(22) Soft Max Capacity: 2048M(100%)
[10.626s][info][gc,heap     ] GC(22)                Mark Start          Mark End        Relocate Start      Relocate End           High               Low         
[10.626s][info][gc,heap     ] GC(22)  Capacity:     2048M (100%)       2048M (100%)       2048M (100%)       2048M (100%)       2048M (100%)       2048M (100%)   
[10.626s][info][gc,heap     ] GC(22)      Free:      552M (27%)         532M (26%)        1818M (89%)        1976M (96%)        1976M (96%)         522M (25%)    
[10.626s][info][gc,heap     ] GC(22)      Used:     1496M (73%)        1516M (74%)         230M (11%)          72M (4%)         1526M (75%)          72M (4%)     
[10.626s][info][gc,heap     ] GC(22)      Live:         -                 9M (0%)            9M (0%)            9M (0%)             -                  -          
[10.626s][info][gc,heap     ] GC(22) Allocated:         -                20M (1%)           32M (2%)           33M (2%)             -                  -          
[10.626s][info][gc,heap     ] GC(22)   Garbage:         -              1486M (73%)         188M (9%)           29M (1%)             -                  -          
[10.626s][info][gc,heap     ] GC(22) Reclaimed:         -                  -              1298M (63%)        1457M (71%)            -                  -          
[10.626s][info][gc          ] GC(22) Garbage Collection (Allocation Rate) 1496M(73%)->72M(4%)
[11.188s][info][gc,start    ] GC(23) Garbage Collection (System.gc())
[11.188s][info][gc,task     ] GC(23) Using 2 workers
[11.188s][info][gc,phases   ] GC(23) Pause Mark Start 0.005ms
[11.197s][info][gc,phases   ] GC(23) Concurrent Mark 9.609ms
[11.197s][info][gc,phases   ] GC(23) Pause Mark End 0.009ms
[11.198s][info][gc,phases   ] GC(23) Concurrent Mark Free 0.001ms
[11.200s][info][gc,phases   ] GC(23) Concurrent Process Non-Strong References 2.864ms
[11.200s][info][gc,phases   ] GC(23) Concurrent Reset Relocation Set 0.005ms
[11.202s][info][gc,phases   ] GC(23) Concurrent Select Relocation Set 1.774ms
[11.202s][info][gc,phases   ] GC(23) Pause Relocate Start 0.010ms
[11.203s][info][gc,phases   ] GC(23) Concurrent Relocate 1.035ms
[11.203s][info][gc,load     ] GC(23) Load: 0.00/0.00/0.00
[11.203s][info][gc,mmu      ] GC(23) MMU: 2ms/66.0%, 5ms/86.4%, 10ms/93.2%, 20ms/96.6%, 50ms/98.6%, 100ms/99.3%
[11.203s][info][gc,marking  ] GC(23) Mark: 2 stripe(s), 1 proactive flush(es), 1 terminate flush(es), 0 completion(s), 0 continuation(s) 
[11.203s][info][gc,marking  ] GC(23) Mark Stack Usage: 32M
[11.203s][info][gc,nmethod  ] GC(23) NMethods: 3195 registered, 1159 unregistered
[11.203s][info][gc,metaspace] GC(23) Metaspace: 8M used, 9M committed, 1088M reserved
[11.203s][info][gc,ref      ] GC(23) Soft: 350 encountered, 0 discovered, 0 enqueued
[11.204s][info][gc,ref      ] GC(23) Weak: 572 encountered, 64 discovered, 1 enqueued
[11.204s][info][gc,ref      ] GC(23) Final: 3 encountered, 2 discovered, 0 enqueued
[11.204s][info][gc,ref      ] GC(23) Phantom: 26 encountered, 11 discovered, 0 enqueued
[11.204s][info][gc,reloc    ] GC(23) Small Pages: 319 / 638M, Empty: 620M, Relocated: 1M, In-Place: 0
[11.204s][info][gc,reloc    ] GC(23) Medium Pages: 2 / 64M, Empty: 32M, Relocated: 0M, In-Place: 0
[11.204s][info][gc,reloc    ] GC(23) Large Pages: 0 / 0M, Empty: 0M, Relocated: 0M, In-Place: 0
[11.204s][info][gc,reloc    ] GC(23) Forwarding Usage: 0M
[11.204s][info][gc,heap     ] GC(23) Min Capacity: 2048M(100%)
[11.204s][info][gc,heap     ] GC(23) Max Capacity: 2048M(100%)
[11.204s][info][gc,heap     ] GC(23) Soft Max Capacity: 2048M(100%)
[11.204s][info][gc,heap     ] GC(23)                Mark Start          Mark End        Relocate Start      Relocate End           High               Low         
[11.204s][info][gc,heap     ] GC(23)  Capacity:     2048M (100%)       2048M (100%)       2048M (100%)       2048M (100%)       2048M (100%)       2048M (100%)   
[11.204s][info][gc,heap     ] GC(23)      Free:     1346M (66%)        1346M (66%)        1998M (98%)        2008M (98%)        2008M (98%)        1346M (66%)    
[11.204s][info][gc,heap     ] GC(23)      Used:      702M (34%)         702M (34%)          50M (2%)           40M (2%)          702M (34%)          40M (2%)     
[11.204s][info][gc,heap     ] GC(23)      Live:         -                 8M (0%)            8M (0%)            8M (0%)             -                  -          
[11.204s][info][gc,heap     ] GC(23) Allocated:         -                 0M (0%)            0M (0%)            0M (0%)             -                  -          
[11.204s][info][gc,heap     ] GC(23)   Garbage:         -               693M (34%)          41M (2%)           31M (2%)             -                  -          
[11.204s][info][gc,heap     ] GC(23) Reclaimed:         -                  -               652M (32%)         662M (32%)            -                  -          
[11.204s][info][gc          ] GC(23) Garbage Collection (System.gc()) 702M(34%)->40M(2%)
[11.608s][info][gc,start    ] GC(24) Garbage Collection (Allocation Rate)
[11.608s][info][gc,task     ] GC(24) Using 2 workers
[11.609s][info][gc,phases   ] GC(24) Pause Mark Start 0.021ms
[11.625s][info][gc,phases   ] GC(24) Concurrent Mark 14.949ms
[11.625s][info][gc,phases   ] GC(24) Pause Mark End 0.056ms
[11.628s][info][gc,phases   ] GC(24) Concurrent Mark Free 0.002ms
[11.632s][info][gc,phases   ] GC(24) Concurrent Process Non-Strong References 4.107ms
[11.632s][info][gc,phases   ] GC(24) Concurrent Reset Relocation Set 0.001ms
[11.635s][info][gc,phases   ] GC(24) Concurrent Select Relocation Set 2.673ms
[11.635s][info][gc,phases   ] GC(24) Pause Relocate Start 0.011ms
[11.636s][info][gc,phases   ] GC(24) Concurrent Relocate 0.341ms
[11.636s][info][gc,load     ] GC(24) Load: 0.00/0.00/0.00
[11.636s][info][gc,mmu      ] GC(24) MMU: 2ms/66.0%, 5ms/86.4%, 10ms/93.2%, 20ms/96.6%, 50ms/98.6%, 100ms/99.3%
[11.636s][info][gc,marking  ] GC(24) Mark: 2 stripe(s), 2 proactive flush(es), 1 terminate flush(es), 1 completion(s), 0 continuation(s) 
[11.636s][info][gc,marking  ] GC(24) Mark Stack Usage: 32M
[11.636s][info][gc,nmethod  ] GC(24) NMethods: 3204 registered, 1159 unregistered
[11.636s][info][gc,metaspace] GC(24) Metaspace: 8M used, 9M committed, 1088M reserved
[11.636s][info][gc,ref      ] GC(24) Soft: 350 encountered, 0 discovered, 0 enqueued
[11.636s][info][gc,ref      ] GC(24) Weak: 869 encountered, 268 discovered, 239 enqueued
[11.636s][info][gc,ref      ] GC(24) Final: 3 encountered, 0 discovered, 0 enqueued
[11.636s][info][gc,ref      ] GC(24) Phantom: 116 encountered, 94 discovered, 0 enqueued
[11.636s][info][gc,reloc    ] GC(24) Small Pages: 815 / 1630M, Empty: 1342M, Relocated: 0M, In-Place: 0
[11.636s][info][gc,reloc    ] GC(24) Medium Pages: 2 / 64M, Empty: 32M, Relocated: 0M, In-Place: 0
[11.636s][info][gc,reloc    ] GC(24) Large Pages: 0 / 0M, Empty: 0M, Relocated: 0M, In-Place: 0
[11.636s][info][gc,reloc    ] GC(24) Forwarding Usage: 0M
[11.636s][info][gc,heap     ] GC(24) Min Capacity: 2048M(100%)
[11.636s][info][gc,heap     ] GC(24) Max Capacity: 2048M(100%)
[11.636s][info][gc,heap     ] GC(24) Soft Max Capacity: 2048M(100%)
[11.636s][info][gc,heap     ] GC(24)                Mark Start          Mark End        Relocate Start      Relocate End           High               Low         
[11.636s][info][gc,heap     ] GC(24)  Capacity:     2048M (100%)       2048M (100%)       2048M (100%)       2048M (100%)       2048M (100%)       2048M (100%)   
[11.636s][info][gc,heap     ] GC(24)      Free:      354M (17%)         302M (15%)        1650M (81%)        1928M (94%)        1928M (94%)         286M (14%)    
[11.636s][info][gc,heap     ] GC(24)      Used:     1694M (83%)        1746M (85%)         398M (19%)         120M (6%)         1762M (86%)         120M (6%)     
[11.636s][info][gc,heap     ] GC(24)      Live:         -                 9M (0%)            9M (0%)            9M (0%)             -                  -          
[11.636s][info][gc,heap     ] GC(24) Allocated:         -                52M (3%)           78M (4%)           77M (4%)             -                  -          
[11.636s][info][gc,heap     ] GC(24)   Garbage:         -              1684M (82%)         310M (15%)          32M (2%)             -                  -          
[11.636s][info][gc,heap     ] GC(24) Reclaimed:         -                  -              1374M (67%)        1651M (81%)            -                  -          
[11.636s][info][gc          ] GC(24) Garbage Collection (Allocation Rate) 1694M(83%)->120M(6%)
[12.004s][info][gc,start    ] GC(25) Garbage Collection (Allocation Rate)
[12.005s][info][gc,task     ] GC(25) Using 1 workers
[12.005s][info][gc,phases   ] GC(25) Pause Mark Start 0.006ms
[12.020s][info][gc,phases   ] GC(25) Concurrent Mark 10.292ms
[12.020s][info][gc,phases   ] GC(25) Pause Mark End 0.016ms
[12.020s][info][gc,phases   ] GC(25) Concurrent Mark Free 0.001ms
[12.027s][info][gc,phases   ] GC(25) Concurrent Process Non-Strong References 6.675ms
[12.027s][info][gc,phases   ] GC(25) Concurrent Reset Relocation Set 0.010ms
[12.029s][info][gc,phases   ] GC(25) Concurrent Select Relocation Set 2.199ms
[12.029s][info][gc,phases   ] GC(25) Pause Relocate Start 0.012ms
[12.030s][info][gc,phases   ] GC(25) Concurrent Relocate 0.611ms
[12.030s][info][gc,load     ] GC(25) Load: 0.00/0.00/0.00
[12.030s][info][gc,mmu      ] GC(25) MMU: 2ms/66.0%, 5ms/86.4%, 10ms/93.2%, 20ms/96.6%, 50ms/98.6%, 100ms/99.3%
[12.030s][info][gc,marking  ] GC(25) Mark: 1 stripe(s), 2 proactive flush(es), 1 terminate flush(es), 0 completion(s), 0 continuation(s) 
[12.030s][info][gc,marking  ] GC(25) Mark Stack Usage: 32M
[12.030s][info][gc,nmethod  ] GC(25) NMethods: 3207 registered, 1159 unregistered
[12.030s][info][gc,metaspace] GC(25) Metaspace: 8M used, 9M committed, 1088M reserved
[12.030s][info][gc,ref      ] GC(25) Soft: 350 encountered, 0 discovered, 0 enqueued
[12.030s][info][gc,ref      ] GC(25) Weak: 878 encountered, 289 discovered, 261 enqueued
[12.030s][info][gc,ref      ] GC(25) Final: 3 encountered, 0 discovered, 0 enqueued
[12.030s][info][gc,ref      ] GC(25) Phantom: 107 encountered, 92 discovered, 0 enqueued
[12.030s][info][gc,reloc    ] GC(25) Small Pages: 795 / 1590M, Empty: 1310M, Relocated: 0M, In-Place: 0
[12.030s][info][gc,reloc    ] GC(25) Medium Pages: 1 / 32M, Empty: 0M, Relocated: 0M, In-Place: 0
[12.030s][info][gc,reloc    ] GC(25) Large Pages: 0 / 0M, Empty: 0M, Relocated: 0M, In-Place: 0
[12.030s][info][gc,reloc    ] GC(25) Forwarding Usage: 0M
[12.030s][info][gc,heap     ] GC(25) Min Capacity: 2048M(100%)
[12.030s][info][gc,heap     ] GC(25) Max Capacity: 2048M(100%)
[12.030s][info][gc,heap     ] GC(25) Soft Max Capacity: 2048M(100%)
[12.030s][info][gc,heap     ] GC(25)                Mark Start          Mark End        Relocate Start      Relocate End           High               Low         
[12.030s][info][gc,heap     ] GC(25)  Capacity:     2048M (100%)       2048M (100%)       2048M (100%)       2048M (100%)       2048M (100%)       2048M (100%)   
[12.030s][info][gc,heap     ] GC(25)      Free:      426M (21%)         364M (18%)        1644M (80%)        1914M (93%)        1914M (93%)         344M (17%)    
[12.030s][info][gc,heap     ] GC(25)      Used:     1622M (79%)        1684M (82%)         404M (20%)         134M (7%)         1704M (83%)         134M (7%)     
[12.030s][info][gc,heap     ] GC(25)      Live:         -                 9M (0%)            9M (0%)            9M (0%)             -                  -          
[12.030s][info][gc,heap     ] GC(25) Allocated:         -                62M (3%)           92M (4%)           93M (5%)             -                  -          
[12.030s][info][gc,heap     ] GC(25)   Garbage:         -              1612M (79%)         302M (15%)          30M (2%)             -                  -          
[12.030s][info][gc,heap     ] GC(25) Reclaimed:         -                  -              1310M (64%)        1581M (77%)            -                  -          
[12.030s][info][gc          ] GC(25) Garbage Collection (Allocation Rate) 1622M(79%)->134M(7%)
[12.305s][info][gc,start    ] GC(26) Garbage Collection (Allocation Rate)
[12.305s][info][gc,task     ] GC(26) Using 1 workers
[12.305s][info][gc,phases   ] GC(26) Pause Mark Start 0.008ms
[12.319s][info][gc,phases   ] GC(26) Concurrent Mark 11.247ms
[12.319s][info][gc,phases   ] GC(26) Pause Mark End 0.016ms
[12.321s][info][gc,phases   ] GC(26) Concurrent Mark Free 0.002ms
[12.327s][info][gc,phases   ] GC(26) Concurrent Process Non-Strong References 6.358ms
[12.327s][info][gc,phases   ] GC(26) Concurrent Reset Relocation Set 0.008ms
[12.329s][info][gc,phases   ] GC(26) Concurrent Select Relocation Set 1.906ms
[12.329s][info][gc,phases   ] GC(26) Pause Relocate Start 0.010ms
[12.332s][info][gc,phases   ] GC(26) Concurrent Relocate 1.442ms
[12.332s][info][gc,load     ] GC(26) Load: 0.00/0.00/0.00
[12.332s][info][gc,mmu      ] GC(26) MMU: 2ms/66.0%, 5ms/86.4%, 10ms/93.2%, 20ms/96.6%, 50ms/98.6%, 100ms/99.3%
[12.332s][info][gc,marking  ] GC(26) Mark: 1 stripe(s), 2 proactive flush(es), 1 terminate flush(es), 0 completion(s), 0 continuation(s) 
[12.332s][info][gc,marking  ] GC(26) Mark Stack Usage: 32M
[12.332s][info][gc,nmethod  ] GC(26) NMethods: 3217 registered, 1159 unregistered
[12.332s][info][gc,metaspace] GC(26) Metaspace: 8M used, 9M committed, 1088M reserved
[12.332s][info][gc,ref      ] GC(26) Soft: 350 encountered, 0 discovered, 0 enqueued
[12.332s][info][gc,ref      ] GC(26) Weak: 790 encountered, 201 discovered, 177 enqueued
[12.332s][info][gc,ref      ] GC(26) Final: 3 encountered, 0 discovered, 0 enqueued
[12.332s][info][gc,ref      ] GC(26) Phantom: 95 encountered, 74 discovered, 0 enqueued
[12.332s][info][gc,reloc    ] GC(26) Small Pages: 585 / 1170M, Empty: 956M, Relocated: 1M, In-Place: 0
[12.332s][info][gc,reloc    ] GC(26) Medium Pages: 1 / 32M, Empty: 0M, Relocated: 0M, In-Place: 0
[12.332s][info][gc,reloc    ] GC(26) Large Pages: 0 / 0M, Empty: 0M, Relocated: 0M, In-Place: 0
[12.332s][info][gc,reloc    ] GC(26) Forwarding Usage: 0M
[12.332s][info][gc,heap     ] GC(26) Min Capacity: 2048M(100%)
[12.332s][info][gc,heap     ] GC(26) Max Capacity: 2048M(100%)
[12.332s][info][gc,heap     ] GC(26) Soft Max Capacity: 2048M(100%)
[12.333s][info][gc,heap     ] GC(26)                Mark Start          Mark End        Relocate Start      Relocate End           High               Low         
[12.333s][info][gc,heap     ] GC(26)  Capacity:     2048M (100%)       2048M (100%)       2048M (100%)       2048M (100%)       2048M (100%)       2048M (100%)   
[12.333s][info][gc,heap     ] GC(26)      Free:      846M (41%)         802M (39%)        1732M (85%)        1928M (94%)        1928M (94%)         782M (38%)    
[12.333s][info][gc,heap     ] GC(26)      Used:     1202M (59%)        1246M (61%)         316M (15%)         120M (6%)         1266M (62%)         120M (6%)     
[12.333s][info][gc,heap     ] GC(26)      Live:         -                 9M (0%)            9M (0%)            9M (0%)             -                  -          
[12.333s][info][gc,heap     ] GC(26) Allocated:         -                44M (2%)           70M (3%)           81M (4%)             -                  -          
[12.333s][info][gc,heap     ] GC(26)   Garbage:         -              1192M (58%)         236M (12%)          29M (1%)             -                  -          
[12.333s][info][gc,heap     ] GC(26) Reclaimed:         -                  -               956M (47%)        1163M (57%)            -                  -          
[12.333s][info][gc          ] GC(26) Garbage Collection (Allocation Rate) 1202M(59%)->120M(6%)
[12.611s][info][gc,start    ] GC(27) Garbage Collection (Allocation Rate)
[12.611s][info][gc,task     ] GC(27) Using 1 workers
[12.612s][info][gc,phases   ] GC(27) Pause Mark Start 0.013ms
[12.648s][info][gc,phases   ] GC(27) Concurrent Mark 36.193ms
[12.648s][info][gc,phases   ] GC(27) Pause Mark End 0.016ms
[12.650s][info][gc,phases   ] GC(27) Concurrent Mark Free 0.001ms
[12.656s][info][gc,phases   ] GC(27) Concurrent Process Non-Strong References 6.377ms
[12.656s][info][gc,phases   ] GC(27) Concurrent Reset Relocation Set 0.006ms
[12.658s][info][gc,phases   ] GC(27) Concurrent Select Relocation Set 1.820ms
[12.658s][info][gc,phases   ] GC(27) Pause Relocate Start 0.011ms
[12.659s][info][gc,phases   ] GC(27) Concurrent Relocate 0.552ms
[12.659s][info][gc,load     ] GC(27) Load: 0.00/0.00/0.00
[12.659s][info][gc,mmu      ] GC(27) MMU: 2ms/66.0%, 5ms/86.4%, 10ms/93.2%, 20ms/96.6%, 50ms/98.6%, 100ms/99.3%
[12.659s][info][gc,marking  ] GC(27) Mark: 1 stripe(s), 4 proactive flush(es), 1 terminate flush(es), 0 completion(s), 0 continuation(s) 
[12.659s][info][gc,marking  ] GC(27) Mark Stack Usage: 32M
[12.659s][info][gc,nmethod  ] GC(27) NMethods: 3220 registered, 1159 unregistered
[12.659s][info][gc,metaspace] GC(27) Metaspace: 8M used, 9M committed, 1088M reserved
[12.659s][info][gc,ref      ] GC(27) Soft: 350 encountered, 0 discovered, 0 enqueued
[12.659s][info][gc,ref      ] GC(27) Weak: 818 encountered, 230 discovered, 191 enqueued
[12.659s][info][gc,ref      ] GC(27) Final: 3 encountered, 0 discovered, 0 enqueued
[12.659s][info][gc,ref      ] GC(27) Phantom: 124 encountered, 110 discovered, 0 enqueued
[12.659s][info][gc,reloc    ] GC(27) Small Pages: 607 / 1214M, Empty: 988M, Relocated: 0M, In-Place: 0
[12.659s][info][gc,reloc    ] GC(27) Medium Pages: 1 / 32M, Empty: 0M, Relocated: 0M, In-Place: 0
[12.659s][info][gc,reloc    ] GC(27) Large Pages: 0 / 0M, Empty: 0M, Relocated: 0M, In-Place: 0
[12.659s][info][gc,reloc    ] GC(27) Forwarding Usage: 0M
[12.659s][info][gc,heap     ] GC(27) Min Capacity: 2048M(100%)
[12.659s][info][gc,heap     ] GC(27) Max Capacity: 2048M(100%)
[12.659s][info][gc,heap     ] GC(27) Soft Max Capacity: 2048M(100%)
[12.659s][info][gc,heap     ] GC(27)                Mark Start          Mark End        Relocate Start      Relocate End           High               Low         
[12.659s][info][gc,heap     ] GC(27)  Capacity:     2048M (100%)       2048M (100%)       2048M (100%)       2048M (100%)       2048M (100%)       2048M (100%)   
[12.659s][info][gc,heap     ] GC(27)      Free:      802M (39%)         682M (33%)        1644M (80%)        1860M (91%)        1860M (91%)         662M (32%)    
[12.659s][info][gc,heap     ] GC(27)      Used:     1246M (61%)        1366M (67%)         404M (20%)         188M (9%)         1386M (68%)         188M (9%)     
[12.659s][info][gc,heap     ] GC(27)      Live:         -                 9M (0%)            9M (0%)            9M (0%)             -                  -          
[12.659s][info][gc,heap     ] GC(27) Allocated:         -               120M (6%)          146M (7%)          147M (7%)             -                  -          
[12.659s][info][gc,heap     ] GC(27)   Garbage:         -              1236M (60%)         248M (12%)          30M (2%)             -                  -          
[12.659s][info][gc,heap     ] GC(27) Reclaimed:         -                  -               988M (48%)        1205M (59%)            -                  -          
[12.659s][info][gc          ] GC(27) Garbage Collection (Allocation Rate) 1246M(61%)->188M(9%)
[12.907s][info][gc,start    ] GC(28) Garbage Collection (Allocation Rate)
[12.907s][info][gc,task     ] GC(28) Using 1 workers
[12.907s][info][gc,phases   ] GC(28) Pause Mark Start 0.009ms
[12.918s][info][gc,phases   ] GC(28) Concurrent Mark 11.401ms
[12.919s][info][gc,phases   ] GC(28) Pause Mark End 0.017ms
[12.919s][info][gc,phases   ] GC(28) Concurrent Mark Free 0.001ms
[12.925s][info][gc,phases   ] GC(28) Concurrent Process Non-Strong References 6.104ms
[12.925s][info][gc,phases   ] GC(28) Concurrent Reset Relocation Set 0.007ms
[12.927s][info][gc,phases   ] GC(28) Concurrent Select Relocation Set 2.070ms
[12.927s][info][gc,phases   ] GC(28) Pause Relocate Start 0.013ms
[12.929s][info][gc,phases   ] GC(28) Concurrent Relocate 1.417ms
[12.929s][info][gc,load     ] GC(28) Load: 0.00/0.00/0.00
[12.929s][info][gc,mmu      ] GC(28) MMU: 2ms/66.0%, 5ms/86.4%, 10ms/93.2%, 20ms/96.6%, 50ms/98.6%, 100ms/99.3%
[12.929s][info][gc,marking  ] GC(28) Mark: 1 stripe(s), 2 proactive flush(es), 1 terminate flush(es), 0 completion(s), 0 continuation(s) 
[12.929s][info][gc,marking  ] GC(28) Mark Stack Usage: 32M
[12.929s][info][gc,nmethod  ] GC(28) NMethods: 3224 registered, 1159 unregistered
[12.929s][info][gc,metaspace] GC(28) Metaspace: 8M used, 9M committed, 1088M reserved
[12.929s][info][gc,ref      ] GC(28) Soft: 350 encountered, 0 discovered, 0 enqueued
[12.929s][info][gc,ref      ] GC(28) Weak: 793 encountered, 206 discovered, 180 enqueued
[12.929s][info][gc,ref      ] GC(28) Final: 3 encountered, 0 discovered, 0 enqueued
[12.929s][info][gc,ref      ] GC(28) Phantom: 115 encountered, 99 discovered, 0 enqueued
[12.929s][info][gc,reloc    ] GC(28) Small Pages: 574 / 1148M, Empty: 938M, Relocated: 1M, In-Place: 0
[12.929s][info][gc,reloc    ] GC(28) Medium Pages: 1 / 32M, Empty: 0M, Relocated: 0M, In-Place: 0
[12.929s][info][gc,reloc    ] GC(28) Large Pages: 0 / 0M, Empty: 0M, Relocated: 0M, In-Place: 0
[12.929s][info][gc,reloc    ] GC(28) Forwarding Usage: 0M
[12.929s][info][gc,heap     ] GC(28) Min Capacity: 2048M(100%)
[12.929s][info][gc,heap     ] GC(28) Max Capacity: 2048M(100%)
[12.929s][info][gc,heap     ] GC(28) Soft Max Capacity: 2048M(100%)
[12.929s][info][gc,heap     ] GC(28)                Mark Start          Mark End        Relocate Start      Relocate End           High               Low         
[12.929s][info][gc,heap     ] GC(28)  Capacity:     2048M (100%)       2048M (100%)       2048M (100%)       2048M (100%)       2048M (100%)       2048M (100%)   
[12.929s][info][gc,heap     ] GC(28)      Free:      868M (42%)         826M (40%)        1740M (85%)        1938M (95%)        1938M (95%)         804M (39%)    
[12.929s][info][gc,heap     ] GC(28)      Used:     1180M (58%)        1222M (60%)         308M (15%)         110M (5%)         1244M (61%)         110M (5%)     
[12.929s][info][gc,heap     ] GC(28)      Live:         -                 9M (0%)            9M (0%)            9M (0%)             -                  -          
[12.929s][info][gc,heap     ] GC(28) Allocated:         -                42M (2%)           66M (3%)           71M (4%)             -                  -          
[12.929s][info][gc,heap     ] GC(28)   Garbage:         -              1170M (57%)         232M (11%)          28M (1%)             -                  -          
[12.929s][info][gc,heap     ] GC(28) Reclaimed:         -                  -               938M (46%)        1141M (56%)            -                  -          
[12.929s][info][gc          ] GC(28) Garbage Collection (Allocation Rate) 1180M(58%)->110M(5%)
[13.305s][info][gc,start    ] GC(29) Garbage Collection (Allocation Rate)
[13.305s][info][gc,task     ] GC(29) Using 1 workers
[13.305s][info][gc,phases   ] GC(29) Pause Mark Start 0.011ms
[13.316s][info][gc,phases   ] GC(29) Concurrent Mark 10.507ms
[13.316s][info][gc,phases   ] GC(29) Pause Mark End 0.015ms
[13.320s][info][gc,phases   ] GC(29) Concurrent Mark Free 0.002ms
[13.327s][info][gc,phases   ] GC(29) Concurrent Process Non-Strong References 6.859ms
[13.327s][info][gc,phases   ] GC(29) Concurrent Reset Relocation Set 0.005ms
[13.329s][info][gc,phases   ] GC(29) Concurrent Select Relocation Set 2.149ms
[13.329s][info][gc,phases   ] GC(29) Pause Relocate Start 0.012ms
[13.332s][info][gc,phases   ] GC(29) Concurrent Relocate 1.403ms
[13.332s][info][gc,load     ] GC(29) Load: 0.00/0.00/0.00
[13.332s][info][gc,mmu      ] GC(29) MMU: 2ms/66.0%, 5ms/86.4%, 10ms/93.2%, 20ms/96.6%, 50ms/98.6%, 100ms/99.3%
[13.332s][info][gc,marking  ] GC(29) Mark: 1 stripe(s), 2 proactive flush(es), 1 terminate flush(es), 0 completion(s), 0 continuation(s) 
[13.332s][info][gc,marking  ] GC(29) Mark Stack Usage: 32M
[13.332s][info][gc,nmethod  ] GC(29) NMethods: 3225 registered, 1159 unregistered
[13.333s][info][gc,metaspace] GC(29) Metaspace: 8M used, 9M committed, 1088M reserved
[13.333s][info][gc,ref      ] GC(29) Soft: 350 encountered, 0 discovered, 0 enqueued
[13.333s][info][gc,ref      ] GC(29) Weak: 862 encountered, 277 discovered, 250 enqueued
[13.333s][info][gc,ref      ] GC(29) Final: 3 encountered, 0 discovered, 0 enqueued
[13.333s][info][gc,ref      ] GC(29) Phantom: 107 encountered, 89 discovered, 0 enqueued
[13.333s][info][gc,reloc    ] GC(29) Small Pages: 795 / 1590M, Empty: 1312M, Relocated: 1M, In-Place: 0
[13.333s][info][gc,reloc    ] GC(29) Medium Pages: 1 / 32M, Empty: 0M, Relocated: 0M, In-Place: 0
[13.333s][info][gc,reloc    ] GC(29) Large Pages: 0 / 0M, Empty: 0M, Relocated: 0M, In-Place: 0
[13.333s][info][gc,reloc    ] GC(29) Forwarding Usage: 0M
[13.333s][info][gc,heap     ] GC(29) Min Capacity: 2048M(100%)
[13.333s][info][gc,heap     ] GC(29) Max Capacity: 2048M(100%)
[13.333s][info][gc,heap     ] GC(29) Soft Max Capacity: 2048M(100%)
[13.333s][info][gc,heap     ] GC(29)                Mark Start          Mark End        Relocate Start      Relocate End           High               Low         
[13.333s][info][gc,heap     ] GC(29)  Capacity:     2048M (100%)       2048M (100%)       2048M (100%)       2048M (100%)       2048M (100%)       2048M (100%)   
[13.333s][info][gc,heap     ] GC(29)      Free:      426M (21%)         386M (19%)        1656M (81%)        1916M (94%)        1918M (94%)         350M (17%)    
[13.333s][info][gc,heap     ] GC(29)      Used:     1622M (79%)        1662M (81%)         392M (19%)         132M (6%)         1698M (83%)         130M (6%)     
[13.333s][info][gc,heap     ] GC(29)      Live:         -                 9M (0%)            9M (0%)            9M (0%)             -                  -          
[13.333s][info][gc,heap     ] GC(29) Allocated:         -                40M (2%)           82M (4%)           93M (5%)             -                  -          
[13.333s][info][gc,heap     ] GC(29)   Garbage:         -              1612M (79%)         300M (15%)          28M (1%)             -                  -          
[13.333s][info][gc,heap     ] GC(29) Reclaimed:         -                  -              1312M (64%)        1583M (77%)            -                  -          
[13.333s][info][gc          ] GC(29) Garbage Collection (Allocation Rate) 1622M(79%)->132M(6%)
[13.709s][info][gc,start    ] GC(30) Garbage Collection (Allocation Rate)
[13.709s][info][gc,task     ] GC(30) Using 1 workers
[13.709s][info][gc,phases   ] GC(30) Pause Mark Start 0.011ms
[13.721s][info][gc,phases   ] GC(30) Concurrent Mark 8.928ms
[13.721s][info][gc,phases   ] GC(30) Pause Mark End 0.013ms
[13.721s][info][gc,phases   ] GC(30) Concurrent Mark Free 0.001ms
[13.731s][info][gc,phases   ] GC(30) Concurrent Process Non-Strong References 10.007ms
[13.731s][info][gc,phases   ] GC(30) Concurrent Reset Relocation Set 0.008ms
[13.733s][info][gc,phases   ] GC(30) Concurrent Select Relocation Set 2.313ms
[13.734s][info][gc,phases   ] GC(30) Pause Relocate Start 0.012ms
[13.737s][info][gc,phases   ] GC(30) Concurrent Relocate 0.675ms
[13.737s][info][gc,load     ] GC(30) Load: 0.00/0.00/0.00
[13.737s][info][gc,mmu      ] GC(30) MMU: 2ms/66.0%, 5ms/86.4%, 10ms/93.2%, 20ms/96.6%, 50ms/98.6%, 100ms/99.3%
[13.737s][info][gc,marking  ] GC(30) Mark: 1 stripe(s), 2 proactive flush(es), 1 terminate flush(es), 0 completion(s), 0 continuation(s) 
[13.737s][info][gc,marking  ] GC(30) Mark Stack Usage: 32M
[13.737s][info][gc,nmethod  ] GC(30) NMethods: 3238 registered, 1159 unregistered
[13.737s][info][gc,metaspace] GC(30) Metaspace: 8M used, 9M committed, 1088M reserved
[13.737s][info][gc,ref      ] GC(30) Soft: 350 encountered, 0 discovered, 0 enqueued
[13.737s][info][gc,ref      ] GC(30) Weak: 863 encountered, 273 discovered, 240 enqueued
[13.737s][info][gc,ref      ] GC(30) Final: 3 encountered, 0 discovered, 0 enqueued
[13.737s][info][gc,ref      ] GC(30) Phantom: 124 encountered, 110 discovered, 0 enqueued
[13.737s][info][gc,reloc    ] GC(30) Small Pages: 780 / 1560M, Empty: 1274M, Relocated: 0M, In-Place: 0
[13.737s][info][gc,reloc    ] GC(30) Medium Pages: 1 / 32M, Empty: 0M, Relocated: 0M, In-Place: 0
[13.737s][info][gc,reloc    ] GC(30) Large Pages: 0 / 0M, Empty: 0M, Relocated: 0M, In-Place: 0
[13.737s][info][gc,reloc    ] GC(30) Forwarding Usage: 0M
[13.737s][info][gc,heap     ] GC(30) Min Capacity: 2048M(100%)
[13.737s][info][gc,heap     ] GC(30) Max Capacity: 2048M(100%)
[13.737s][info][gc,heap     ] GC(30) Soft Max Capacity: 2048M(100%)
[13.737s][info][gc,heap     ] GC(30)                Mark Start          Mark End        Relocate Start      Relocate End           High               Low         
[13.737s][info][gc,heap     ] GC(30)  Capacity:     2048M (100%)       2048M (100%)       2048M (100%)       2048M (100%)       2048M (100%)       2048M (100%)   
[13.737s][info][gc,heap     ] GC(30)      Free:      456M (22%)         420M (21%)        1650M (81%)        1912M (93%)        1912M (93%)         384M (19%)    
[13.737s][info][gc,heap     ] GC(30)      Used:     1592M (78%)        1628M (79%)         398M (19%)         136M (7%)         1664M (81%)         136M (7%)     
[13.737s][info][gc,heap     ] GC(30)      Live:         -                 9M (0%)            9M (0%)            9M (0%)             -                  -          
[13.737s][info][gc,heap     ] GC(30) Allocated:         -                36M (2%)           80M (4%)           95M (5%)             -                  -          
[13.737s][info][gc,heap     ] GC(30)   Garbage:         -              1582M (77%)         308M (15%)          30M (2%)             -                  -          
[13.737s][info][gc,heap     ] GC(30) Reclaimed:         -                  -              1274M (62%)        1551M (76%)            -                  -          
[13.737s][info][gc          ] GC(30) Garbage Collection (Allocation Rate) 1592M(78%)->136M(7%)
[14.104s][info][gc,start    ] GC(31) Garbage Collection (Allocation Rate)
[14.104s][info][gc,task     ] GC(31) Using 1 workers
[14.104s][info][gc,phases   ] GC(31) Pause Mark Start 0.009ms
[14.116s][info][gc,phases   ] GC(31) Concurrent Mark 8.516ms
[14.117s][info][gc,phases   ] GC(31) Pause Mark End 0.014ms
[14.117s][info][gc,phases   ] GC(31) Concurrent Mark Free 0.001ms
[14.126s][info][gc,phases   ] GC(31) Concurrent Process Non-Strong References 8.613ms
[14.126s][info][gc,phases   ] GC(31) Concurrent Reset Relocation Set 0.010ms
[14.128s][info][gc,phases   ] GC(31) Concurrent Select Relocation Set 2.239ms
[14.128s][info][gc,phases   ] GC(31) Pause Relocate Start 0.012ms
[14.129s][info][gc,phases   ] GC(31) Concurrent Relocate 0.537ms
[14.129s][info][gc,load     ] GC(31) Load: 0.00/0.00/0.00
[14.129s][info][gc,mmu      ] GC(31) MMU: 2ms/66.0%, 5ms/86.4%, 10ms/93.2%, 20ms/96.6%, 50ms/98.6%, 100ms/99.3%
[14.129s][info][gc,marking  ] GC(31) Mark: 1 stripe(s), 2 proactive flush(es), 1 terminate flush(es), 0 completion(s), 0 continuation(s) 
[14.129s][info][gc,marking  ] GC(31) Mark Stack Usage: 32M
[14.129s][info][gc,nmethod  ] GC(31) NMethods: 3239 registered, 1159 unregistered
[14.129s][info][gc,metaspace] GC(31) Metaspace: 8M used, 9M committed, 1088M reserved
[14.129s][info][gc,ref      ] GC(31) Soft: 350 encountered, 0 discovered, 0 enqueued
[14.129s][info][gc,ref      ] GC(31) Weak: 864 encountered, 270 discovered, 228 enqueued
[14.129s][info][gc,ref      ] GC(31) Final: 3 encountered, 0 discovered, 0 enqueued
[14.129s][info][gc,ref      ] GC(31) Phantom: 104 encountered, 74 discovered, 0 enqueued
[14.129s][info][gc,reloc    ] GC(31) Small Pages: 786 / 1572M, Empty: 1278M, Relocated: 0M, In-Place: 0
[14.129s][info][gc,reloc    ] GC(31) Medium Pages: 1 / 32M, Empty: 0M, Relocated: 0M, In-Place: 0
[14.129s][info][gc,reloc    ] GC(31) Large Pages: 0 / 0M, Empty: 0M, Relocated: 0M, In-Place: 0
[14.129s][info][gc,reloc    ] GC(31) Forwarding Usage: 0M
[14.129s][info][gc,heap     ] GC(31) Min Capacity: 2048M(100%)
[14.129s][info][gc,heap     ] GC(31) Max Capacity: 2048M(100%)
[14.129s][info][gc,heap     ] GC(31) Soft Max Capacity: 2048M(100%)
[14.129s][info][gc,heap     ] GC(31)                Mark Start          Mark End        Relocate Start      Relocate End           High               Low         
[14.129s][info][gc,heap     ] GC(31)  Capacity:     2048M (100%)       2048M (100%)       2048M (100%)       2048M (100%)       2048M (100%)       2048M (100%)   
[14.129s][info][gc,heap     ] GC(31)      Free:      444M (22%)         396M (19%)        1626M (79%)        1912M (93%)        1912M (93%)         358M (17%)    
[14.129s][info][gc,heap     ] GC(31)      Used:     1604M (78%)        1652M (81%)         422M (21%)         136M (7%)         1690M (83%)         136M (7%)     
[14.129s][info][gc,heap     ] GC(31)      Live:         -                 9M (0%)            9M (0%)            9M (0%)             -                  -          
[14.129s][info][gc,heap     ] GC(31) Allocated:         -                48M (2%)           96M (5%)           95M (5%)             -                  -          
[14.129s][info][gc,heap     ] GC(31)   Garbage:         -              1594M (78%)         316M (15%)          30M (2%)             -                  -          
[14.129s][info][gc,heap     ] GC(31) Reclaimed:         -                  -              1278M (62%)        1563M (76%)            -                  -          
[14.129s][info][gc          ] GC(31) Garbage Collection (Allocation Rate) 1604M(78%)->136M(7%)
[14.498s][info][gc,start    ] GC(32) Garbage Collection (Allocation Rate)
[14.498s][info][gc,task     ] GC(32) Using 1 workers
[14.499s][info][gc,phases   ] GC(32) Pause Mark Start 0.009ms
[14.511s][info][gc,phases   ] GC(32) Concurrent Mark 7.594ms
[14.511s][info][gc,phases   ] GC(32) Pause Mark End 0.049ms
[14.511s][info][gc,phases   ] GC(32) Concurrent Mark Free 0.001ms
[14.517s][info][gc,phases   ] GC(32) Concurrent Process Non-Strong References 6.550ms
[14.518s][info][gc,phases   ] GC(32) Concurrent Reset Relocation Set 0.008ms
[14.519s][info][gc,phases   ] GC(32) Concurrent Select Relocation Set 1.862ms
[14.520s][info][gc,phases   ] GC(32) Pause Relocate Start 0.011ms
[14.520s][info][gc,phases   ] GC(32) Concurrent Relocate 0.516ms
[14.520s][info][gc,load     ] GC(32) Load: 0.00/0.00/0.00
[14.520s][info][gc,mmu      ] GC(32) MMU: 2ms/66.0%, 5ms/86.4%, 10ms/93.2%, 20ms/96.6%, 50ms/98.6%, 100ms/99.3%
[14.520s][info][gc,marking  ] GC(32) Mark: 1 stripe(s), 2 proactive flush(es), 1 terminate flush(es), 1 completion(s), 0 continuation(s) 
[14.520s][info][gc,marking  ] GC(32) Mark Stack Usage: 32M
[14.520s][info][gc,nmethod  ] GC(32) NMethods: 3241 registered, 1159 unregistered
[14.520s][info][gc,metaspace] GC(32) Metaspace: 8M used, 9M committed, 1088M reserved
[14.520s][info][gc,ref      ] GC(32) Soft: 350 encountered, 0 discovered, 0 enqueued
[14.520s][info][gc,ref      ] GC(32) Weak: 876 encountered, 290 discovered, 255 enqueued
[14.520s][info][gc,ref      ] GC(32) Final: 3 encountered, 0 discovered, 0 enqueued
[14.520s][info][gc,ref      ] GC(32) Phantom: 123 encountered, 109 discovered, 0 enqueued
[14.520s][info][gc,reloc    ] GC(32) Small Pages: 757 / 1514M, Empty: 1242M, Relocated: 0M, In-Place: 0
[14.520s][info][gc,reloc    ] GC(32) Medium Pages: 1 / 32M, Empty: 0M, Relocated: 0M, In-Place: 0
[14.520s][info][gc,reloc    ] GC(32) Large Pages: 0 / 0M, Empty: 0M, Relocated: 0M, In-Place: 0
[14.520s][info][gc,reloc    ] GC(32) Forwarding Usage: 0M
[14.520s][info][gc,heap     ] GC(32) Min Capacity: 2048M(100%)
[14.520s][info][gc,heap     ] GC(32) Max Capacity: 2048M(100%)
[14.520s][info][gc,heap     ] GC(32) Soft Max Capacity: 2048M(100%)
[14.520s][info][gc,heap     ] GC(32)                Mark Start          Mark End        Relocate Start      Relocate End           High               Low         
[14.520s][info][gc,heap     ] GC(32)  Capacity:     2048M (100%)       2048M (100%)       2048M (100%)       2048M (100%)       2048M (100%)       2048M (100%)   
[14.520s][info][gc,heap     ] GC(32)      Free:      502M (25%)         450M (22%)        1668M (81%)        1932M (94%)        1932M (94%)         434M (21%)    
[14.520s][info][gc,heap     ] GC(32)      Used:     1546M (75%)        1598M (78%)         380M (19%)         116M (6%)         1614M (79%)         116M (6%)     
[14.520s][info][gc,heap     ] GC(32)      Live:         -                 9M (0%)            9M (0%)            9M (0%)             -                  -          
[14.520s][info][gc,heap     ] GC(32) Allocated:         -                52M (3%)           76M (4%)           75M (4%)             -                  -          
[14.520s][info][gc,heap     ] GC(32)   Garbage:         -              1536M (75%)         294M (14%)          30M (2%)             -                  -          
[14.520s][info][gc,heap     ] GC(32) Reclaimed:         -                  -              1242M (61%)        1505M (74%)            -                  -          
[14.520s][info][gc          ] GC(32) Garbage Collection (Allocation Rate) 1546M(75%)->116M(6%)
[14.899s][info][gc,start    ] GC(33) Garbage Collection (Allocation Rate)
[14.899s][info][gc,task     ] GC(33) Using 1 workers
[14.899s][info][gc,phases   ] GC(33) Pause Mark Start 0.010ms
[14.908s][info][gc,phases   ] GC(33) Concurrent Mark 7.837ms
[14.908s][info][gc,phases   ] GC(33) Pause Mark End 0.017ms
[14.908s][info][gc,phases   ] GC(33) Concurrent Mark Free 0.001ms
[14.915s][info][gc,phases   ] GC(33) Concurrent Process Non-Strong References 6.412ms
[14.915s][info][gc,phases   ] GC(33) Concurrent Reset Relocation Set 0.005ms
[14.917s][info][gc,phases   ] GC(33) Concurrent Select Relocation Set 1.915ms
[14.917s][info][gc,phases   ] GC(33) Pause Relocate Start 0.011ms
[14.918s][info][gc,phases   ] GC(33) Concurrent Relocate 0.523ms
[14.918s][info][gc,load     ] GC(33) Load: 0.00/0.00/0.00
[14.918s][info][gc,mmu      ] GC(33) MMU: 2ms/66.0%, 5ms/86.4%, 10ms/93.2%, 20ms/96.6%, 50ms/98.6%, 100ms/99.3%
[14.918s][info][gc,marking  ] GC(33) Mark: 1 stripe(s), 2 proactive flush(es), 1 terminate flush(es), 0 completion(s), 0 continuation(s) 
[14.918s][info][gc,marking  ] GC(33) Mark Stack Usage: 32M
[14.918s][info][gc,nmethod  ] GC(33) NMethods: 3244 registered, 1159 unregistered
[14.918s][info][gc,metaspace] GC(33) Metaspace: 8M used, 9M committed, 1088M reserved
[14.918s][info][gc,ref      ] GC(33) Soft: 350 encountered, 0 discovered, 0 enqueued
[14.918s][info][gc,ref      ] GC(33) Weak: 875 encountered, 285 discovered, 250 enqueued
[14.918s][info][gc,ref      ] GC(33) Final: 3 encountered, 0 discovered, 0 enqueued
[14.918s][info][gc,ref      ] GC(33) Phantom: 124 encountered, 110 discovered, 0 enqueued
[14.918s][info][gc,reloc    ] GC(33) Small Pages: 798 / 1596M, Empty: 1308M, Relocated: 0M, In-Place: 0
[14.918s][info][gc,reloc    ] GC(33) Medium Pages: 1 / 32M, Empty: 0M, Relocated: 0M, In-Place: 0
[14.918s][info][gc,reloc    ] GC(33) Large Pages: 0 / 0M, Empty: 0M, Relocated: 0M, In-Place: 0
[14.918s][info][gc,reloc    ] GC(33) Forwarding Usage: 0M
[14.918s][info][gc,heap     ] GC(33) Min Capacity: 2048M(100%)
[14.918s][info][gc,heap     ] GC(33) Max Capacity: 2048M(100%)
[14.918s][info][gc,heap     ] GC(33) Soft Max Capacity: 2048M(100%)
[14.918s][info][gc,heap     ] GC(33)                Mark Start          Mark End        Relocate Start      Relocate End           High               Low         
[14.918s][info][gc,heap     ] GC(33)  Capacity:     2048M (100%)       2048M (100%)       2048M (100%)       2048M (100%)       2048M (100%)       2048M (100%)   
[14.918s][info][gc,heap     ] GC(33)      Free:      420M (21%)         384M (19%)        1664M (81%)        1940M (95%)        1940M (95%)         360M (18%)    
[14.918s][info][gc,heap     ] GC(33)      Used:     1628M (79%)        1664M (81%)         384M (19%)         108M (5%)         1688M (82%)         108M (5%)     
[14.918s][info][gc,heap     ] GC(33)      Live:         -                 9M (0%)            9M (0%)            9M (0%)             -                  -          
[14.918s][info][gc,heap     ] GC(33) Allocated:         -                36M (2%)           64M (3%)           67M (3%)             -                  -          
[14.918s][info][gc,heap     ] GC(33)   Garbage:         -              1618M (79%)         310M (15%)          30M (2%)             -                  -          
[14.918s][info][gc,heap     ] GC(33) Reclaimed:         -                  -              1308M (64%)        1587M (78%)            -                  -          
[14.918s][info][gc          ] GC(33) Garbage Collection (Allocation Rate) 1628M(79%)->108M(5%)
[15.308s][info][gc,start    ] GC(34) Garbage Collection (Allocation Rate)
[15.308s][info][gc,task     ] GC(34) Using 1 workers
[15.308s][info][gc,phases   ] GC(34) Pause Mark Start 0.006ms
[15.326s][info][gc,phases   ] GC(34) Concurrent Mark 8.428ms
[15.326s][info][gc,phases   ] GC(34) Pause Mark End 0.014ms
[15.326s][info][gc,phases   ] GC(34) Concurrent Mark Free 0.001ms
[15.332s][info][gc,phases   ] GC(34) Concurrent Process Non-Strong References 5.845ms
[15.332s][info][gc,phases   ] GC(34) Concurrent Reset Relocation Set 0.007ms
[15.335s][info][gc,phases   ] GC(34) Concurrent Select Relocation Set 2.483ms
[15.335s][info][gc,phases   ] GC(34) Pause Relocate Start 0.012ms
[15.337s][info][gc,phases   ] GC(34) Concurrent Relocate 1.410ms
[15.337s][info][gc,load     ] GC(34) Load: 0.00/0.00/0.00
[15.337s][info][gc,mmu      ] GC(34) MMU: 2ms/66.0%, 5ms/86.4%, 10ms/93.2%, 20ms/96.6%, 50ms/98.6%, 100ms/99.3%
[15.337s][info][gc,marking  ] GC(34) Mark: 1 stripe(s), 2 proactive flush(es), 1 terminate flush(es), 0 completion(s), 0 continuation(s) 
[15.337s][info][gc,marking  ] GC(34) Mark Stack Usage: 32M
[15.337s][info][gc,nmethod  ] GC(34) NMethods: 3248 registered, 1159 unregistered
[15.337s][info][gc,metaspace] GC(34) Metaspace: 8M used, 9M committed, 1088M reserved
[15.337s][info][gc,ref      ] GC(34) Soft: 350 encountered, 0 discovered, 0 enqueued
[15.337s][info][gc,ref      ] GC(34) Weak: 861 encountered, 273 discovered, 252 enqueued
[15.337s][info][gc,ref      ] GC(34) Final: 3 encountered, 0 discovered, 0 enqueued
[15.337s][info][gc,ref      ] GC(34) Phantom: 94 encountered, 68 discovered, 0 enqueued
[15.337s][info][gc,reloc    ] GC(34) Small Pages: 804 / 1608M, Empty: 1330M, Relocated: 1M, In-Place: 0
[15.337s][info][gc,reloc    ] GC(34) Medium Pages: 1 / 32M, Empty: 0M, Relocated: 0M, In-Place: 0
[15.337s][info][gc,reloc    ] GC(34) Large Pages: 0 / 0M, Empty: 0M, Relocated: 0M, In-Place: 0
[15.337s][info][gc,reloc    ] GC(34) Forwarding Usage: 0M
[15.337s][info][gc,heap     ] GC(34) Min Capacity: 2048M(100%)
[15.337s][info][gc,heap     ] GC(34) Max Capacity: 2048M(100%)
[15.337s][info][gc,heap     ] GC(34) Soft Max Capacity: 2048M(100%)
[15.337s][info][gc,heap     ] GC(34)                Mark Start          Mark End        Relocate Start      Relocate End           High               Low         
[15.337s][info][gc,heap     ] GC(34)  Capacity:     2048M (100%)       2048M (100%)       2048M (100%)       2048M (100%)       2048M (100%)       2048M (100%)   
[15.337s][info][gc,heap     ] GC(34)      Free:      408M (20%)         344M (17%)        1644M (80%)        1910M (93%)        1910M (93%)         320M (16%)    
[15.337s][info][gc,heap     ] GC(34)      Used:     1640M (80%)        1704M (83%)         404M (20%)         138M (7%)         1728M (84%)         138M (7%)     
[15.337s][info][gc,heap     ] GC(34)      Live:         -                 9M (0%)            9M (0%)            9M (0%)             -                  -          
[15.337s][info][gc,heap     ] GC(34) Allocated:         -                64M (3%)           94M (5%)           99M (5%)             -                  -          
[15.337s][info][gc,heap     ] GC(34)   Garbage:         -              1630M (80%)         300M (15%)          29M (1%)             -                  -          
[15.337s][info][gc,heap     ] GC(34) Reclaimed:         -                  -              1330M (65%)        1601M (78%)            -                  -          
[15.337s][info][gc          ] GC(34) Garbage Collection (Allocation Rate) 1640M(80%)->138M(7%)
[15.703s][info][gc,start    ] GC(35) Garbage Collection (Allocation Rate)
[15.703s][info][gc,task     ] GC(35) Using 1 workers
[15.703s][info][gc,phases   ] GC(35) Pause Mark Start 0.012ms
[15.718s][info][gc,phases   ] GC(35) Concurrent Mark 10.009ms
[15.718s][info][gc,phases   ] GC(35) Pause Mark End 0.014ms
[15.718s][info][gc,phases   ] GC(35) Concurrent Mark Free 0.001ms
[15.725s][info][gc,phases   ] GC(35) Concurrent Process Non-Strong References 7.059ms
[15.725s][info][gc,phases   ] GC(35) Concurrent Reset Relocation Set 0.007ms
[15.727s][info][gc,phases   ] GC(35) Concurrent Select Relocation Set 2.129ms
[15.728s][info][gc,phases   ] GC(35) Pause Relocate Start 0.010ms
[15.730s][info][gc,phases   ] GC(35) Concurrent Relocate 0.569ms
[15.730s][info][gc,load     ] GC(35) Load: 0.00/0.00/0.00
[15.730s][info][gc,mmu      ] GC(35) MMU: 2ms/66.0%, 5ms/86.4%, 10ms/93.2%, 20ms/96.6%, 50ms/98.6%, 100ms/99.3%
[15.730s][info][gc,marking  ] GC(35) Mark: 1 stripe(s), 2 proactive flush(es), 1 terminate flush(es), 0 completion(s), 0 continuation(s) 
[15.730s][info][gc,marking  ] GC(35) Mark Stack Usage: 32M
[15.730s][info][gc,nmethod  ] GC(35) NMethods: 3249 registered, 1159 unregistered
[15.730s][info][gc,metaspace] GC(35) Metaspace: 8M used, 9M committed, 1088M reserved
[15.730s][info][gc,ref      ] GC(35) Soft: 350 encountered, 0 discovered, 0 enqueued
[15.730s][info][gc,ref      ] GC(35) Weak: 868 encountered, 279 discovered, 247 enqueued
[15.730s][info][gc,ref      ] GC(35) Final: 3 encountered, 0 discovered, 0 enqueued
[15.731s][info][gc,ref      ] GC(35) Phantom: 107 encountered, 76 discovered, 0 enqueued
[15.731s][info][gc,reloc    ] GC(35) Small Pages: 802 / 1604M, Empty: 1322M, Relocated: 0M, In-Place: 0
[15.731s][info][gc,reloc    ] GC(35) Medium Pages: 1 / 32M, Empty: 0M, Relocated: 0M, In-Place: 0
[15.731s][info][gc,reloc    ] GC(35) Large Pages: 0 / 0M, Empty: 0M, Relocated: 0M, In-Place: 0
[15.731s][info][gc,reloc    ] GC(35) Forwarding Usage: 0M
[15.731s][info][gc,heap     ] GC(35) Min Capacity: 2048M(100%)
[15.731s][info][gc,heap     ] GC(35) Max Capacity: 2048M(100%)
[15.731s][info][gc,heap     ] GC(35) Soft Max Capacity: 2048M(100%)
[15.731s][info][gc,heap     ] GC(35)                Mark Start          Mark End        Relocate Start      Relocate End           High               Low         
[15.731s][info][gc,heap     ] GC(35)  Capacity:     2048M (100%)       2048M (100%)       2048M (100%)       2048M (100%)       2048M (100%)       2048M (100%)   
[15.731s][info][gc,heap     ] GC(35)      Free:      412M (20%)         358M (17%)        1646M (80%)        1912M (93%)        1912M (93%)         334M (16%)    
[15.731s][info][gc,heap     ] GC(35)      Used:     1636M (80%)        1690M (83%)         402M (20%)         136M (7%)         1714M (84%)         136M (7%)     
[15.731s][info][gc,heap     ] GC(35)      Live:         -                 9M (0%)            9M (0%)            9M (0%)             -                  -          
[15.731s][info][gc,heap     ] GC(35) Allocated:         -                54M (3%)           88M (4%)           95M (5%)             -                  -          
[15.731s][info][gc,heap     ] GC(35)   Garbage:         -              1626M (79%)         304M (15%)          30M (2%)             -                  -          
[15.731s][info][gc,heap     ] GC(35) Reclaimed:         -                  -              1322M (65%)        1595M (78%)            -                  -          
[15.731s][info][gc          ] GC(35) Garbage Collection (Allocation Rate) 1636M(80%)->136M(7%)
[16.097s][info][gc,start    ] GC(36) Garbage Collection (Allocation Rate)
[16.097s][info][gc,task     ] GC(36) Using 1 workers
[16.097s][info][gc,phases   ] GC(36) Pause Mark Start 0.010ms
[16.108s][info][gc,phases   ] GC(36) Concurrent Mark 9.083ms
[16.108s][info][gc,phases   ] GC(36) Pause Mark End 0.015ms
[16.110s][info][gc,phases   ] GC(36) Concurrent Mark Free 0.001ms
[16.116s][info][gc,phases   ] GC(36) Concurrent Process Non-Strong References 6.252ms
[16.116s][info][gc,phases   ] GC(36) Concurrent Reset Relocation Set 0.010ms
[16.118s][info][gc,phases   ] GC(36) Concurrent Select Relocation Set 1.962ms
[16.118s][info][gc,phases   ] GC(36) Pause Relocate Start 0.012ms
[16.119s][info][gc,phases   ] GC(36) Concurrent Relocate 0.523ms
[16.119s][info][gc,load     ] GC(36) Load: 0.00/0.00/0.00
[16.119s][info][gc,mmu      ] GC(36) MMU: 2ms/66.0%, 5ms/86.4%, 10ms/93.2%, 20ms/96.6%, 50ms/98.6%, 100ms/99.3%
[16.119s][info][gc,marking  ] GC(36) Mark: 1 stripe(s), 2 proactive flush(es), 2 terminate flush(es), 0 completion(s), 0 continuation(s) 
[16.119s][info][gc,marking  ] GC(36) Mark Stack Usage: 32M
[16.119s][info][gc,nmethod  ] GC(36) NMethods: 3254 registered, 1159 unregistered
[16.119s][info][gc,metaspace] GC(36) Metaspace: 8M used, 9M committed, 1088M reserved
[16.119s][info][gc,ref      ] GC(36) Soft: 350 encountered, 0 discovered, 0 enqueued
[16.119s][info][gc,ref      ] GC(36) Weak: 869 encountered, 278 discovered, 245 enqueued
[16.119s][info][gc,ref      ] GC(36) Final: 3 encountered, 0 discovered, 0 enqueued
[16.119s][info][gc,ref      ] GC(36) Phantom: 116 encountered, 96 discovered, 0 enqueued
[16.119s][info][gc,reloc    ] GC(36) Small Pages: 782 / 1564M, Empty: 1280M, Relocated: 0M, In-Place: 0
[16.119s][info][gc,reloc    ] GC(36) Medium Pages: 1 / 32M, Empty: 0M, Relocated: 0M, In-Place: 0
[16.119s][info][gc,reloc    ] GC(36) Large Pages: 0 / 0M, Empty: 0M, Relocated: 0M, In-Place: 0
[16.119s][info][gc,reloc    ] GC(36) Forwarding Usage: 0M
[16.119s][info][gc,heap     ] GC(36) Min Capacity: 2048M(100%)
[16.119s][info][gc,heap     ] GC(36) Max Capacity: 2048M(100%)
[16.119s][info][gc,heap     ] GC(36) Soft Max Capacity: 2048M(100%)
[16.119s][info][gc,heap     ] GC(36)                Mark Start          Mark End        Relocate Start      Relocate End           High               Low         
[16.119s][info][gc,heap     ] GC(36)  Capacity:     2048M (100%)       2048M (100%)       2048M (100%)       2048M (100%)       2048M (100%)       2048M (100%)   
[16.119s][info][gc,heap     ] GC(36)      Free:      452M (22%)         410M (20%)        1660M (81%)        1934M (94%)        1934M (94%)         382M (19%)    
[16.119s][info][gc,heap     ] GC(36)      Used:     1596M (78%)        1638M (80%)         388M (19%)         114M (6%)         1666M (81%)         114M (6%)     
[16.119s][info][gc,heap     ] GC(36)      Live:         -                 9M (0%)            9M (0%)            9M (0%)             -                  -          
[16.119s][info][gc,heap     ] GC(36) Allocated:         -                42M (2%)           72M (4%)           73M (4%)             -                  -          
[16.119s][info][gc,heap     ] GC(36)   Garbage:         -              1586M (77%)         306M (15%)          30M (2%)             -                  -          
[16.119s][info][gc,heap     ] GC(36) Reclaimed:         -                  -              1280M (62%)        1555M (76%)            -                  -          
[16.119s][info][gc          ] GC(36) Garbage Collection (Allocation Rate) 1596M(78%)->114M(6%)
[16.505s][info][gc,start    ] GC(37) Garbage Collection (Allocation Rate)
[16.505s][info][gc,task     ] GC(37) Using 1 workers
[16.505s][info][gc,phases   ] GC(37) Pause Mark Start 0.010ms
[16.515s][info][gc,phases   ] GC(37) Concurrent Mark 10.392ms
[16.515s][info][gc,phases   ] GC(37) Pause Mark End 0.015ms
[16.519s][info][gc,phases   ] GC(37) Concurrent Mark Free 0.002ms
[16.528s][info][gc,phases   ] GC(37) Concurrent Process Non-Strong References 8.814ms
[16.528s][info][gc,phases   ] GC(37) Concurrent Reset Relocation Set 0.007ms
[16.531s][info][gc,phases   ] GC(37) Concurrent Select Relocation Set 3.268ms
[16.531s][info][gc,phases   ] GC(37) Pause Relocate Start 0.014ms
[16.532s][info][gc,phases   ] GC(37) Concurrent Relocate 0.610ms
[16.532s][info][gc,load     ] GC(37) Load: 0.00/0.00/0.00
[16.532s][info][gc,mmu      ] GC(37) MMU: 2ms/66.0%, 5ms/86.4%, 10ms/93.2%, 20ms/96.6%, 50ms/98.6%, 100ms/99.3%
[16.532s][info][gc,marking  ] GC(37) Mark: 1 stripe(s), 2 proactive flush(es), 1 terminate flush(es), 0 completion(s), 0 continuation(s) 
[16.532s][info][gc,marking  ] GC(37) Mark Stack Usage: 32M
[16.532s][info][gc,nmethod  ] GC(37) NMethods: 3267 registered, 1159 unregistered
[16.532s][info][gc,metaspace] GC(37) Metaspace: 8M used, 9M committed, 1088M reserved
[16.532s][info][gc,ref      ] GC(37) Soft: 350 encountered, 0 discovered, 0 enqueued
[16.532s][info][gc,ref      ] GC(37) Weak: 877 encountered, 287 discovered, 253 enqueued
[16.532s][info][gc,ref      ] GC(37) Final: 3 encountered, 0 discovered, 0 enqueued
[16.532s][info][gc,ref      ] GC(37) Phantom: 123 encountered, 109 discovered, 0 enqueued
[16.532s][info][gc,reloc    ] GC(37) Small Pages: 805 / 1610M, Empty: 1318M, Relocated: 0M, In-Place: 0
[16.532s][info][gc,reloc    ] GC(37) Medium Pages: 1 / 32M, Empty: 0M, Relocated: 0M, In-Place: 0
[16.532s][info][gc,reloc    ] GC(37) Large Pages: 0 / 0M, Empty: 0M, Relocated: 0M, In-Place: 0
[16.532s][info][gc,reloc    ] GC(37) Forwarding Usage: 0M
[16.532s][info][gc,heap     ] GC(37) Min Capacity: 2048M(100%)
[16.532s][info][gc,heap     ] GC(37) Max Capacity: 2048M(100%)
[16.532s][info][gc,heap     ] GC(37) Soft Max Capacity: 2048M(100%)
[16.532s][info][gc,heap     ] GC(37)                Mark Start          Mark End        Relocate Start      Relocate End           High               Low         
[16.532s][info][gc,heap     ] GC(37)  Capacity:     2048M (100%)       2048M (100%)       2048M (100%)       2048M (100%)       2048M (100%)       2048M (100%)   
[16.532s][info][gc,heap     ] GC(37)      Free:      406M (20%)         364M (18%)        1626M (79%)        1910M (93%)        1910M (93%)         318M (16%)    
[16.532s][info][gc,heap     ] GC(37)      Used:     1642M (80%)        1684M (82%)         422M (21%)         138M (7%)         1730M (84%)         138M (7%)     
[16.532s][info][gc,heap     ] GC(37)      Live:         -                 9M (0%)            9M (0%)            9M (0%)             -                  -          
[16.532s][info][gc,heap     ] GC(37) Allocated:         -                42M (2%)           98M (5%)           97M (5%)             -                  -          
[16.532s][info][gc,heap     ] GC(37)   Garbage:         -              1632M (80%)         314M (15%)          30M (2%)             -                  -          
[16.532s][info][gc,heap     ] GC(37) Reclaimed:         -                  -              1318M (64%)        1601M (78%)            -                  -          
[16.532s][info][gc          ] GC(37) Garbage Collection (Allocation Rate) 1642M(80%)->138M(7%)
[16.909s][info][gc,start    ] GC(38) Garbage Collection (Allocation Rate)
[16.910s][info][gc,task     ] GC(38) Using 1 workers
[16.910s][info][gc,phases   ] GC(38) Pause Mark Start 0.011ms
[16.917s][info][gc,phases   ] GC(38) Concurrent Mark 7.566ms
[16.917s][info][gc,phases   ] GC(38) Pause Mark End 0.013ms
[16.918s][info][gc,phases   ] GC(38) Concurrent Mark Free 0.001ms
[16.924s][info][gc,phases   ] GC(38) Concurrent Process Non-Strong References 6.719ms
[16.924s][info][gc,phases   ] GC(38) Concurrent Reset Relocation Set 0.005ms
[16.927s][info][gc,phases   ] GC(38) Concurrent Select Relocation Set 2.080ms
[16.927s][info][gc,phases   ] GC(38) Pause Relocate Start 0.012ms
[16.928s][info][gc,phases   ] GC(38) Concurrent Relocate 1.420ms
[16.928s][info][gc,load     ] GC(38) Load: 0.00/0.00/0.00
[16.928s][info][gc,mmu      ] GC(38) MMU: 2ms/66.0%, 5ms/86.4%, 10ms/93.2%, 20ms/96.6%, 50ms/98.6%, 100ms/99.3%
[16.928s][info][gc,marking  ] GC(38) Mark: 1 stripe(s), 2 proactive flush(es), 1 terminate flush(es), 0 completion(s), 0 continuation(s) 
[16.928s][info][gc,marking  ] GC(38) Mark Stack Usage: 32M
[16.928s][info][gc,nmethod  ] GC(38) NMethods: 3267 registered, 1159 unregistered
[16.928s][info][gc,metaspace] GC(38) Metaspace: 8M used, 9M committed, 1088M reserved
[16.928s][info][gc,ref      ] GC(38) Soft: 350 encountered, 0 discovered, 0 enqueued
[16.928s][info][gc,ref      ] GC(38) Weak: 873 encountered, 286 discovered, 260 enqueued
[16.928s][info][gc,ref      ] GC(38) Final: 3 encountered, 0 discovered, 0 enqueued
[16.928s][info][gc,ref      ] GC(38) Phantom: 99 encountered, 76 discovered, 0 enqueued
[16.928s][info][gc,reloc    ] GC(38) Small Pages: 827 / 1654M, Empty: 1362M, Relocated: 1M, In-Place: 0
[16.928s][info][gc,reloc    ] GC(38) Medium Pages: 1 / 32M, Empty: 0M, Relocated: 0M, In-Place: 0
[16.928s][info][gc,reloc    ] GC(38) Large Pages: 0 / 0M, Empty: 0M, Relocated: 0M, In-Place: 0
[16.928s][info][gc,reloc    ] GC(38) Forwarding Usage: 0M
[16.928s][info][gc,heap     ] GC(38) Min Capacity: 2048M(100%)
[16.928s][info][gc,heap     ] GC(38) Max Capacity: 2048M(100%)
[16.928s][info][gc,heap     ] GC(38) Soft Max Capacity: 2048M(100%)
[16.928s][info][gc,heap     ] GC(38)                Mark Start          Mark End        Relocate Start      Relocate End           High               Low         
[16.928s][info][gc,heap     ] GC(38)  Capacity:     2048M (100%)       2048M (100%)       2048M (100%)       2048M (100%)       2048M (100%)       2048M (100%)   
[16.928s][info][gc,heap     ] GC(38)      Free:      362M (18%)         330M (16%)        1664M (81%)        1948M (95%)        1948M (95%)         312M (15%)    
[16.928s][info][gc,heap     ] GC(38)      Used:     1686M (82%)        1718M (84%)         384M (19%)         100M (5%)         1736M (85%)         100M (5%)     
[16.928s][info][gc,heap     ] GC(38)      Live:         -                 9M (0%)            9M (0%)            9M (0%)             -                  -          
[16.929s][info][gc,heap     ] GC(38) Allocated:         -                32M (2%)           60M (3%)           61M (3%)             -                  -          
[16.929s][info][gc,heap     ] GC(38)   Garbage:         -              1676M (82%)         314M (15%)          28M (1%)             -                  -          
[16.929s][info][gc,heap     ] GC(38) Reclaimed:         -                  -              1362M (67%)        1647M (80%)            -                  -          
[16.929s][info][gc          ] GC(38) Garbage Collection (Allocation Rate) 1686M(82%)->100M(5%)
[17.304s][info][gc,start    ] GC(39) Garbage Collection (Allocation Rate)
[17.304s][info][gc,task     ] GC(39) Using 1 workers
[17.304s][info][gc,phases   ] GC(39) Pause Mark Start 0.009ms
[17.320s][info][gc,phases   ] GC(39) Concurrent Mark 10.469ms
[17.320s][info][gc,phases   ] GC(39) Pause Mark End 0.013ms
[17.323s][info][gc,phases   ] GC(39) Concurrent Mark Free 0.002ms
[17.330s][info][gc,phases   ] GC(39) Concurrent Process Non-Strong References 7.141ms
[17.330s][info][gc,phases   ] GC(39) Concurrent Reset Relocation Set 0.008ms
[17.333s][info][gc,phases   ] GC(39) Concurrent Select Relocation Set 2.006ms
[17.333s][info][gc,phases   ] GC(39) Pause Relocate Start 0.013ms
[17.343s][info][gc,phases   ] GC(39) Concurrent Relocate 0.667ms
[17.343s][info][gc,load     ] GC(39) Load: 0.00/0.00/0.00
[17.343s][info][gc,mmu      ] GC(39) MMU: 2ms/66.0%, 5ms/86.4%, 10ms/93.2%, 20ms/96.6%, 50ms/98.6%, 100ms/99.3%
[17.343s][info][gc,marking  ] GC(39) Mark: 1 stripe(s), 2 proactive flush(es), 1 terminate flush(es), 0 completion(s), 0 continuation(s) 
[17.343s][info][gc,marking  ] GC(39) Mark Stack Usage: 32M
[17.343s][info][gc,nmethod  ] GC(39) NMethods: 3267 registered, 1159 unregistered
[17.343s][info][gc,metaspace] GC(39) Metaspace: 8M used, 9M committed, 1088M reserved
[17.343s][info][gc,ref      ] GC(39) Soft: 350 encountered, 0 discovered, 0 enqueued
[17.343s][info][gc,ref      ] GC(39) Weak: 861 encountered, 272 discovered, 241 enqueued
[17.343s][info][gc,ref      ] GC(39) Final: 3 encountered, 0 discovered, 0 enqueued
[17.343s][info][gc,ref      ] GC(39) Phantom: 108 encountered, 78 discovered, 0 enqueued
[17.343s][info][gc,reloc    ] GC(39) Small Pages: 779 / 1558M, Empty: 1274M, Relocated: 0M, In-Place: 0
[17.343s][info][gc,reloc    ] GC(39) Medium Pages: 1 / 32M, Empty: 0M, Relocated: 0M, In-Place: 0
[17.343s][info][gc,reloc    ] GC(39) Large Pages: 0 / 0M, Empty: 0M, Relocated: 0M, In-Place: 0
[17.343s][info][gc,reloc    ] GC(39) Forwarding Usage: 0M
[17.343s][info][gc,heap     ] GC(39) Min Capacity: 2048M(100%)
[17.343s][info][gc,heap     ] GC(39) Max Capacity: 2048M(100%)
[17.344s][info][gc,heap     ] GC(39) Soft Max Capacity: 2048M(100%)
[17.344s][info][gc,heap     ] GC(39)                Mark Start          Mark End        Relocate Start      Relocate End           High               Low         
[17.344s][info][gc,heap     ] GC(39)  Capacity:     2048M (100%)       2048M (100%)       2048M (100%)       2048M (100%)       2048M (100%)       2048M (100%)   
[17.344s][info][gc,heap     ] GC(39)      Free:      458M (22%)         400M (20%)        1634M (80%)        1870M (91%)        1870M (91%)         364M (18%)    
[17.344s][info][gc,heap     ] GC(39)      Used:     1590M (78%)        1648M (80%)         414M (20%)         178M (9%)         1684M (82%)         178M (9%)     
[17.344s][info][gc,heap     ] GC(39)      Live:         -                 9M (0%)            9M (0%)            9M (0%)             -                  -          
[17.344s][info][gc,heap     ] GC(39) Allocated:         -                58M (3%)           98M (5%)          137M (7%)             -                  -          
[17.344s][info][gc,heap     ] GC(39)   Garbage:         -              1580M (77%)         306M (15%)          30M (2%)             -                  -          
[17.344s][info][gc,heap     ] GC(39) Reclaimed:         -                  -              1274M (62%)        1549M (76%)            -                  -          
[17.344s][info][gc          ] GC(39) Garbage Collection (Allocation Rate) 1590M(78%)->178M(9%)
[17.700s][info][gc,start    ] GC(40) Garbage Collection (Allocation Rate)
[17.700s][info][gc,task     ] GC(40) Using 1 workers
[17.700s][info][gc,phases   ] GC(40) Pause Mark Start 0.010ms
[17.707s][info][gc,phases   ] GC(40) Concurrent Mark 7.551ms
[17.708s][info][gc,phases   ] GC(40) Pause Mark End 0.013ms
[17.708s][info][gc,phases   ] GC(40) Concurrent Mark Free 0.001ms
[17.713s][info][gc,phases   ] GC(40) Concurrent Process Non-Strong References 5.553ms
[17.713s][info][gc,phases   ] GC(40) Concurrent Reset Relocation Set 0.007ms
[17.715s][info][gc,phases   ] GC(40) Concurrent Select Relocation Set 1.935ms
[17.715s][info][gc,phases   ] GC(40) Pause Relocate Start 0.010ms
[17.717s][info][gc,phases   ] GC(40) Concurrent Relocate 1.424ms
[17.717s][info][gc,load     ] GC(40) Load: 0.00/0.00/0.00
[17.717s][info][gc,mmu      ] GC(40) MMU: 2ms/66.0%, 5ms/86.4%, 10ms/93.2%, 20ms/96.6%, 50ms/98.6%, 100ms/99.3%
[17.717s][info][gc,marking  ] GC(40) Mark: 1 stripe(s), 2 proactive flush(es), 1 terminate flush(es), 0 completion(s), 0 continuation(s) 
[17.717s][info][gc,marking  ] GC(40) Mark Stack Usage: 32M
[17.717s][info][gc,nmethod  ] GC(40) NMethods: 3267 registered, 1159 unregistered
[17.717s][info][gc,metaspace] GC(40) Metaspace: 8M used, 9M committed, 1088M reserved
[17.717s][info][gc,ref      ] GC(40) Soft: 350 encountered, 0 discovered, 0 enqueued
[17.717s][info][gc,ref      ] GC(40) Weak: 822 encountered, 232 discovered, 205 enqueued
[17.717s][info][gc,ref      ] GC(40) Final: 3 encountered, 0 discovered, 0 enqueued
[17.717s][info][gc,ref      ] GC(40) Phantom: 108 encountered, 94 discovered, 0 enqueued
[17.717s][info][gc,reloc    ] GC(40) Small Pages: 786 / 1572M, Empty: 1330M, Relocated: 1M, In-Place: 0
[17.717s][info][gc,reloc    ] GC(40) Medium Pages: 1 / 32M, Empty: 0M, Relocated: 0M, In-Place: 0
[17.717s][info][gc,reloc    ] GC(40) Large Pages: 0 / 0M, Empty: 0M, Relocated: 0M, In-Place: 0
[17.717s][info][gc,reloc    ] GC(40) Forwarding Usage: 0M
[17.717s][info][gc,heap     ] GC(40) Min Capacity: 2048M(100%)
[17.717s][info][gc,heap     ] GC(40) Max Capacity: 2048M(100%)
[17.717s][info][gc,heap     ] GC(40) Soft Max Capacity: 2048M(100%)
[17.717s][info][gc,heap     ] GC(40)                Mark Start          Mark End        Relocate Start      Relocate End           High               Low         
[17.717s][info][gc,heap     ] GC(40)  Capacity:     2048M (100%)       2048M (100%)       2048M (100%)       2048M (100%)       2048M (100%)       2048M (100%)   
[17.717s][info][gc,heap     ] GC(40)      Free:      444M (22%)         414M (20%)        1720M (84%)        1956M (96%)        1956M (96%)         398M (19%)    
[17.717s][info][gc,heap     ] GC(40)      Used:     1604M (78%)        1634M (80%)         328M (16%)          92M (4%)         1650M (81%)          92M (4%)     
[17.717s][info][gc,heap     ] GC(40)      Live:         -                 9M (0%)            9M (0%)            9M (0%)             -                  -          
[17.717s][info][gc,heap     ] GC(40) Allocated:         -                30M (1%)           54M (3%)           53M (3%)             -                  -          
[17.717s][info][gc,heap     ] GC(40)   Garbage:         -              1594M (78%)         264M (13%)          28M (1%)             -                  -          
[17.717s][info][gc,heap     ] GC(40) Reclaimed:         -                  -              1330M (65%)        1565M (76%)            -                  -          
[17.717s][info][gc          ] GC(40) Garbage Collection (Allocation Rate) 1604M(78%)->92M(4%)
[18.068s][info][gc,start    ] GC(41) Garbage Collection (System.gc())
[18.068s][info][gc,task     ] GC(41) Using 2 workers
[18.068s][info][gc,phases   ] GC(41) Pause Mark Start 0.005ms
[18.079s][info][gc,phases   ] GC(41) Concurrent Mark 10.295ms
[18.079s][info][gc,phases   ] GC(41) Pause Mark End 0.019ms
[18.079s][info][gc,phases   ] GC(41) Concurrent Mark Free 0.003ms
[18.082s][info][gc,phases   ] GC(41) Concurrent Process Non-Strong References 3.488ms
[18.083s][info][gc,phases   ] GC(41) Concurrent Reset Relocation Set 0.006ms
[18.084s][info][gc,phases   ] GC(41) Concurrent Select Relocation Set 1.594ms
[18.084s][info][gc,phases   ] GC(41) Pause Relocate Start 0.011ms
[18.085s][info][gc,phases   ] GC(41) Concurrent Relocate 0.963ms
[18.085s][info][gc,load     ] GC(41) Load: 0.00/0.00/0.00
[18.085s][info][gc,mmu      ] GC(41) MMU: 2ms/66.0%, 5ms/86.4%, 10ms/93.2%, 20ms/96.6%, 50ms/98.6%, 100ms/99.3%
[18.085s][info][gc,marking  ] GC(41) Mark: 2 stripe(s), 1 proactive flush(es), 1 terminate flush(es), 0 completion(s), 0 continuation(s) 
[18.085s][info][gc,marking  ] GC(41) Mark Stack Usage: 32M
[18.085s][info][gc,nmethod  ] GC(41) NMethods: 3284 registered, 1159 unregistered
[18.085s][info][gc,metaspace] GC(41) Metaspace: 8M used, 9M committed, 1088M reserved
[18.085s][info][gc,ref      ] GC(41) Soft: 351 encountered, 0 discovered, 0 enqueued
[18.085s][info][gc,ref      ] GC(41) Weak: 572 encountered, 71 discovered, 0 enqueued
[18.085s][info][gc,ref      ] GC(41) Final: 3 encountered, 1 discovered, 0 enqueued
[18.085s][info][gc,ref      ] GC(41) Phantom: 26 encountered, 14 discovered, 0 enqueued
[18.085s][info][gc,reloc    ] GC(41) Small Pages: 246 / 492M, Empty: 472M, Relocated: 1M, In-Place: 0
[18.085s][info][gc,reloc    ] GC(41) Medium Pages: 2 / 64M, Empty: 32M, Relocated: 0M, In-Place: 0
[18.085s][info][gc,reloc    ] GC(41) Large Pages: 0 / 0M, Empty: 0M, Relocated: 0M, In-Place: 0
[18.085s][info][gc,reloc    ] GC(41) Forwarding Usage: 0M
[18.085s][info][gc,heap     ] GC(41) Min Capacity: 2048M(100%)
[18.085s][info][gc,heap     ] GC(41) Max Capacity: 2048M(100%)
[18.085s][info][gc,heap     ] GC(41) Soft Max Capacity: 2048M(100%)
[18.085s][info][gc,heap     ] GC(41)                Mark Start          Mark End        Relocate Start      Relocate End           High               Low         
[18.085s][info][gc,heap     ] GC(41)  Capacity:     2048M (100%)       2048M (100%)       2048M (100%)       2048M (100%)       2048M (100%)       2048M (100%)   
[18.085s][info][gc,heap     ] GC(41)      Free:     1492M (73%)        1492M (73%)        1996M (97%)        2008M (98%)        2008M (98%)        1492M (73%)    
[18.085s][info][gc,heap     ] GC(41)      Used:      556M (27%)         556M (27%)          52M (3%)           40M (2%)          556M (27%)          40M (2%)     
[18.086s][info][gc,heap     ] GC(41)      Live:         -                 8M (0%)            8M (0%)            8M (0%)             -                  -          
[18.086s][info][gc,heap     ] GC(41) Allocated:         -                 0M (0%)            0M (0%)            0M (0%)             -                  -          
[18.086s][info][gc,heap     ] GC(41)   Garbage:         -               547M (27%)          43M (2%)           31M (2%)             -                  -          
[18.086s][info][gc,heap     ] GC(41) Reclaimed:         -                  -               504M (25%)         516M (25%)            -                  -          
[18.086s][info][gc          ] GC(41) Garbage Collection (System.gc()) 556M(27%)->40M(2%)
[18.395s][info][gc,start    ] GC(42) Garbage Collection (Allocation Rate)
[18.395s][info][gc,task     ] GC(42) Using 1 workers
[18.395s][info][gc,phases   ] GC(42) Pause Mark Start 0.010ms
[18.411s][info][gc,phases   ] GC(42) Concurrent Mark 15.124ms
[18.411s][info][gc,phases   ] GC(42) Pause Mark End 0.017ms
[18.411s][info][gc,phases   ] GC(42) Concurrent Mark Free 0.001ms
[18.418s][info][gc,phases   ] GC(42) Concurrent Process Non-Strong References 6.771ms
[18.418s][info][gc,phases   ] GC(42) Concurrent Reset Relocation Set 0.002ms
[18.420s][info][gc,phases   ] GC(42) Concurrent Select Relocation Set 2.099ms
[18.420s][info][gc,phases   ] GC(42) Pause Relocate Start 0.013ms
[18.421s][info][gc,phases   ] GC(42) Concurrent Relocate 0.528ms
[18.421s][info][gc,load     ] GC(42) Load: 0.00/0.00/0.00
[18.421s][info][gc,mmu      ] GC(42) MMU: 2ms/66.0%, 5ms/86.4%, 10ms/93.2%, 20ms/96.6%, 50ms/98.6%, 100ms/99.3%
[18.421s][info][gc,marking  ] GC(42) Mark: 1 stripe(s), 2 proactive flush(es), 2 terminate flush(es), 0 completion(s), 0 continuation(s) 
[18.421s][info][gc,marking  ] GC(42) Mark Stack Usage: 32M
[18.421s][info][gc,nmethod  ] GC(42) NMethods: 3286 registered, 1159 unregistered
[18.421s][info][gc,metaspace] GC(42) Metaspace: 8M used, 9M committed, 1088M reserved
[18.421s][info][gc,ref      ] GC(42) Soft: 351 encountered, 0 discovered, 0 enqueued
[18.421s][info][gc,ref      ] GC(42) Weak: 817 encountered, 225 discovered, 175 enqueued
[18.421s][info][gc,ref      ] GC(42) Final: 3 encountered, 0 discovered, 0 enqueued
[18.421s][info][gc,ref      ] GC(42) Phantom: 124 encountered, 110 discovered, 0 enqueued
[18.421s][info][gc,reloc    ] GC(42) Small Pages: 627 / 1254M, Empty: 1032M, Relocated: 0M, In-Place: 0
[18.421s][info][gc,reloc    ] GC(42) Medium Pages: 2 / 64M, Empty: 32M, Relocated: 0M, In-Place: 0
[18.421s][info][gc,reloc    ] GC(42) Large Pages: 0 / 0M, Empty: 0M, Relocated: 0M, In-Place: 0
[18.421s][info][gc,reloc    ] GC(42) Forwarding Usage: 0M
[18.421s][info][gc,heap     ] GC(42) Min Capacity: 2048M(100%)
[18.421s][info][gc,heap     ] GC(42) Max Capacity: 2048M(100%)
[18.421s][info][gc,heap     ] GC(42) Soft Max Capacity: 2048M(100%)
[18.421s][info][gc,heap     ] GC(42)                Mark Start          Mark End        Relocate Start      Relocate End           High               Low         
[18.421s][info][gc,heap     ] GC(42)  Capacity:     2048M (100%)       2048M (100%)       2048M (100%)       2048M (100%)       2048M (100%)       2048M (100%)   
[18.421s][info][gc,heap     ] GC(42)      Free:      730M (36%)         664M (32%)        1700M (83%)        1912M (93%)        1912M (93%)         642M (31%)    
[18.421s][info][gc,heap     ] GC(42)      Used:     1318M (64%)        1384M (68%)         348M (17%)         136M (7%)         1406M (69%)         136M (7%)     
[18.421s][info][gc,heap     ] GC(42)      Live:         -                 9M (0%)            9M (0%)            9M (0%)             -                  -          
[18.421s][info][gc,heap     ] GC(42) Allocated:         -                66M (3%)           94M (5%)           95M (5%)             -                  -          
[18.421s][info][gc,heap     ] GC(42)   Garbage:         -              1308M (64%)         244M (12%)          30M (2%)             -                  -          
[18.421s][info][gc,heap     ] GC(42) Reclaimed:         -                  -              1064M (52%)        1277M (62%)            -                  -          
[18.421s][info][gc          ] GC(42) Garbage Collection (Allocation Rate) 1318M(64%)->136M(7%)
[18.802s][info][gc,start    ] GC(43) Garbage Collection (Allocation Rate)
[18.802s][info][gc,task     ] GC(43) Using 1 workers
[18.802s][info][gc,phases   ] GC(43) Pause Mark Start 0.009ms
[18.817s][info][gc,phases   ] GC(43) Concurrent Mark 8.409ms
[18.818s][info][gc,phases   ] GC(43) Pause Mark End 0.013ms
[18.818s][info][gc,phases   ] GC(43) Concurrent Mark Free 0.001ms
[18.825s][info][gc,phases   ] GC(43) Concurrent Process Non-Strong References 6.958ms
[18.825s][info][gc,phases   ] GC(43) Concurrent Reset Relocation Set 0.005ms
[18.827s][info][gc,phases   ] GC(43) Concurrent Select Relocation Set 1.817ms
[18.827s][info][gc,phases   ] GC(43) Pause Relocate Start 0.012ms
[18.828s][info][gc,phases   ] GC(43) Concurrent Relocate 0.511ms
[18.828s][info][gc,load     ] GC(43) Load: 0.00/0.00/0.00
[18.828s][info][gc,mmu      ] GC(43) MMU: 2ms/66.0%, 5ms/86.4%, 10ms/93.2%, 20ms/96.6%, 50ms/98.6%, 100ms/99.3%
[18.828s][info][gc,marking  ] GC(43) Mark: 1 stripe(s), 2 proactive flush(es), 1 terminate flush(es), 0 completion(s), 0 continuation(s) 
[18.828s][info][gc,marking  ] GC(43) Mark Stack Usage: 32M
[18.828s][info][gc,nmethod  ] GC(43) NMethods: 3287 registered, 1159 unregistered
[18.828s][info][gc,metaspace] GC(43) Metaspace: 8M used, 9M committed, 1088M reserved
[18.828s][info][gc,ref      ] GC(43) Soft: 351 encountered, 0 discovered, 0 enqueued
[18.828s][info][gc,ref      ] GC(43) Weak: 897 encountered, 305 discovered, 274 enqueued
[18.828s][info][gc,ref      ] GC(43) Final: 3 encountered, 0 discovered, 0 enqueued
[18.828s][info][gc,ref      ] GC(43) Phantom: 100 encountered, 76 discovered, 0 enqueued
[18.828s][info][gc,reloc    ] GC(43) Small Pages: 833 / 1666M, Empty: 1372M, Relocated: 0M, In-Place: 0
[18.828s][info][gc,reloc    ] GC(43) Medium Pages: 1 / 32M, Empty: 0M, Relocated: 0M, In-Place: 0
[18.828s][info][gc,reloc    ] GC(43) Large Pages: 0 / 0M, Empty: 0M, Relocated: 0M, In-Place: 0
[18.828s][info][gc,reloc    ] GC(43) Forwarding Usage: 0M
[18.828s][info][gc,heap     ] GC(43) Min Capacity: 2048M(100%)
[18.828s][info][gc,heap     ] GC(43) Max Capacity: 2048M(100%)
[18.828s][info][gc,heap     ] GC(43) Soft Max Capacity: 2048M(100%)
[18.828s][info][gc,heap     ] GC(43)                Mark Start          Mark End        Relocate Start      Relocate End           High               Low         
[18.828s][info][gc,heap     ] GC(43)  Capacity:     2048M (100%)       2048M (100%)       2048M (100%)       2048M (100%)       2048M (100%)       2048M (100%)   
[18.828s][info][gc,heap     ] GC(43)      Free:      350M (17%)         294M (14%)        1648M (80%)        1932M (94%)        1932M (94%)         278M (14%)    
[18.828s][info][gc,heap     ] GC(43)      Used:     1698M (83%)        1754M (86%)         400M (20%)         116M (6%)         1770M (86%)         116M (6%)     
[18.828s][info][gc,heap     ] GC(43)      Live:         -                 9M (0%)            9M (0%)            9M (0%)             -                  -          
[18.828s][info][gc,heap     ] GC(43) Allocated:         -                56M (3%)           74M (4%)           75M (4%)             -                  -          
[18.828s][info][gc,heap     ] GC(43)   Garbage:         -              1688M (82%)         316M (15%)          30M (2%)             -                  -          
[18.828s][info][gc,heap     ] GC(43) Reclaimed:         -                  -              1372M (67%)        1657M (81%)            -                  -          
[18.828s][info][gc          ] GC(43) Garbage Collection (Allocation Rate) 1698M(83%)->116M(6%)
[19.103s][info][gc,start    ] GC(44) Garbage Collection (Allocation Rate)
[19.103s][info][gc,task     ] GC(44) Using 1 workers
[19.103s][info][gc,phases   ] GC(44) Pause Mark Start 0.010ms
[19.115s][info][gc,phases   ] GC(44) Concurrent Mark 11.528ms
[19.115s][info][gc,phases   ] GC(44) Pause Mark End 0.015ms
[19.115s][info][gc,phases   ] GC(44) Concurrent Mark Free 0.001ms
[19.122s][info][gc,phases   ] GC(44) Concurrent Process Non-Strong References 6.694ms
[19.122s][info][gc,phases   ] GC(44) Concurrent Reset Relocation Set 0.009ms
[19.124s][info][gc,phases   ] GC(44) Concurrent Select Relocation Set 2.039ms
[19.124s][info][gc,phases   ] GC(44) Pause Relocate Start 0.015ms
[19.125s][info][gc,phases   ] GC(44) Concurrent Relocate 0.597ms
[19.125s][info][gc,load     ] GC(44) Load: 0.00/0.00/0.00
[19.125s][info][gc,mmu      ] GC(44) MMU: 2ms/66.0%, 5ms/86.4%, 10ms/93.2%, 20ms/96.6%, 50ms/98.6%, 100ms/99.3%
[19.125s][info][gc,marking  ] GC(44) Mark: 1 stripe(s), 2 proactive flush(es), 1 terminate flush(es), 0 completion(s), 0 continuation(s) 
[19.125s][info][gc,marking  ] GC(44) Mark Stack Usage: 32M
[19.125s][info][gc,nmethod  ] GC(44) NMethods: 3287 registered, 1159 unregistered
[19.125s][info][gc,metaspace] GC(44) Metaspace: 8M used, 9M committed, 1088M reserved
[19.125s][info][gc,ref      ] GC(44) Soft: 351 encountered, 0 discovered, 0 enqueued
[19.125s][info][gc,ref      ] GC(44) Weak: 804 encountered, 217 discovered, 185 enqueued
[19.125s][info][gc,ref      ] GC(44) Final: 3 encountered, 0 discovered, 0 enqueued
[19.125s][info][gc,ref      ] GC(44) Phantom: 114 encountered, 97 discovered, 0 enqueued
[19.125s][info][gc,reloc    ] GC(44) Small Pages: 588 / 1176M, Empty: 960M, Relocated: 0M, In-Place: 0
[19.125s][info][gc,reloc    ] GC(44) Medium Pages: 1 / 32M, Empty: 0M, Relocated: 0M, In-Place: 0
[19.125s][info][gc,reloc    ] GC(44) Large Pages: 0 / 0M, Empty: 0M, Relocated: 0M, In-Place: 0
[19.125s][info][gc,reloc    ] GC(44) Forwarding Usage: 0M
[19.125s][info][gc,heap     ] GC(44) Min Capacity: 2048M(100%)
[19.125s][info][gc,heap     ] GC(44) Max Capacity: 2048M(100%)
[19.125s][info][gc,heap     ] GC(44) Soft Max Capacity: 2048M(100%)
[19.125s][info][gc,heap     ] GC(44)                Mark Start          Mark End        Relocate Start      Relocate End           High               Low         
[19.125s][info][gc,heap     ] GC(44)  Capacity:     2048M (100%)       2048M (100%)       2048M (100%)       2048M (100%)       2048M (100%)       2048M (100%)   
[19.125s][info][gc,heap     ] GC(44)      Free:      840M (41%)         788M (38%)        1722M (84%)        1930M (94%)        1930M (94%)         768M (38%)    
[19.125s][info][gc,heap     ] GC(44)      Used:     1208M (59%)        1260M (62%)         326M (16%)         118M (6%)         1280M (62%)         118M (6%)     
[19.125s][info][gc,heap     ] GC(44)      Live:         -                 9M (0%)            9M (0%)            9M (0%)             -                  -          
[19.125s][info][gc,heap     ] GC(44) Allocated:         -                52M (3%)           78M (4%)           77M (4%)             -                  -          
[19.125s][info][gc,heap     ] GC(44)   Garbage:         -              1198M (59%)         238M (12%)          30M (2%)             -                  -          
[19.125s][info][gc,heap     ] GC(44) Reclaimed:         -                  -               960M (47%)        1167M (57%)            -                  -          
[19.125s][info][gc          ] GC(44) Garbage Collection (Allocation Rate) 1208M(59%)->118M(6%)
[19.499s][info][gc,start    ] GC(45) Garbage Collection (Allocation Rate)
[19.499s][info][gc,task     ] GC(45) Using 1 workers
[19.499s][info][gc,phases   ] GC(45) Pause Mark Start 0.008ms
[19.507s][info][gc,phases   ] GC(45) Concurrent Mark 8.206ms
[19.507s][info][gc,phases   ] GC(45) Pause Mark End 0.015ms
[19.508s][info][gc,phases   ] GC(45) Concurrent Mark Free 0.001ms
[19.514s][info][gc,phases   ] GC(45) Concurrent Process Non-Strong References 6.257ms
[19.514s][info][gc,phases   ] GC(45) Concurrent Reset Relocation Set 0.006ms
[19.516s][info][gc,phases   ] GC(45) Concurrent Select Relocation Set 2.166ms
[19.516s][info][gc,phases   ] GC(45) Pause Relocate Start 0.013ms
[19.517s][info][gc,phases   ] GC(45) Concurrent Relocate 0.501ms
[19.517s][info][gc,load     ] GC(45) Load: 0.00/0.00/0.00
[19.517s][info][gc,mmu      ] GC(45) MMU: 2ms/66.0%, 5ms/86.4%, 10ms/93.2%, 20ms/96.6%, 50ms/98.6%, 100ms/99.3%
[19.517s][info][gc,marking  ] GC(45) Mark: 1 stripe(s), 2 proactive flush(es), 1 terminate flush(es), 0 completion(s), 0 continuation(s) 
[19.517s][info][gc,marking  ] GC(45) Mark Stack Usage: 32M
[19.517s][info][gc,nmethod  ] GC(45) NMethods: 3290 registered, 1159 unregistered
[19.517s][info][gc,metaspace] GC(45) Metaspace: 8M used, 9M committed, 1088M reserved
[19.517s][info][gc,ref      ] GC(45) Soft: 351 encountered, 0 discovered, 0 enqueued
[19.517s][info][gc,ref      ] GC(45) Weak: 850 encountered, 388 discovered, 230 enqueued
[19.517s][info][gc,ref      ] GC(45) Final: 3 encountered, 1 discovered, 0 enqueued
[19.517s][info][gc,ref      ] GC(45) Phantom: 120 encountered, 107 discovered, 0 enqueued
[19.517s][info][gc,reloc    ] GC(45) Small Pages: 745 / 1490M, Empty: 1224M, Relocated: 0M, In-Place: 0
[19.517s][info][gc,reloc    ] GC(45) Medium Pages: 1 / 32M, Empty: 0M, Relocated: 0M, In-Place: 0
[19.517s][info][gc,reloc    ] GC(45) Large Pages: 0 / 0M, Empty: 0M, Relocated: 0M, In-Place: 0
[19.517s][info][gc,reloc    ] GC(45) Forwarding Usage: 0M
[19.517s][info][gc,heap     ] GC(45) Min Capacity: 2048M(100%)
[19.517s][info][gc,heap     ] GC(45) Max Capacity: 2048M(100%)
[19.517s][info][gc,heap     ] GC(45) Soft Max Capacity: 2048M(100%)
[19.517s][info][gc,heap     ] GC(45)                Mark Start          Mark End        Relocate Start      Relocate End           High               Low         
[19.517s][info][gc,heap     ] GC(45)  Capacity:     2048M (100%)       2048M (100%)       2048M (100%)       2048M (100%)       2048M (100%)       2048M (100%)   
[19.517s][info][gc,heap     ] GC(45)      Free:      526M (26%)         492M (24%)        1684M (82%)        1940M (95%)        1940M (95%)         468M (23%)    
[19.517s][info][gc,heap     ] GC(45)      Used:     1522M (74%)        1556M (76%)         364M (18%)         108M (5%)         1580M (77%)         108M (5%)     
[19.517s][info][gc,heap     ] GC(45)      Live:         -                 9M (0%)            9M (0%)            9M (0%)             -                  -          
[19.517s][info][gc,heap     ] GC(45) Allocated:         -                34M (2%)           66M (3%)           67M (3%)             -                  -          
[19.517s][info][gc,heap     ] GC(45)   Garbage:         -              1512M (74%)         288M (14%)          30M (2%)             -                  -          
[19.517s][info][gc,heap     ] GC(45) Reclaimed:         -                  -              1224M (60%)        1481M (72%)            -                  -          
[19.517s][info][gc          ] GC(45) Garbage Collection (Allocation Rate) 1522M(74%)->108M(5%)
[19.911s][info][gc,start    ] GC(46) Garbage Collection (Allocation Rate)
[19.911s][info][gc,task     ] GC(46) Using 1 workers
[19.911s][info][gc,phases   ] GC(46) Pause Mark Start 0.008ms
[19.919s][info][gc,phases   ] GC(46) Concurrent Mark 7.804ms
[19.919s][info][gc,phases   ] GC(46) Pause Mark End 0.014ms
[19.919s][info][gc,phases   ] GC(46) Concurrent Mark Free 0.001ms
[19.943s][info][gc,phases   ] GC(46) Concurrent Process Non-Strong References 23.570ms
[19.943s][info][gc,phases   ] GC(46) Concurrent Reset Relocation Set 0.007ms
[19.945s][info][gc,phases   ] GC(46) Concurrent Select Relocation Set 2.415ms
[19.945s][info][gc,phases   ] GC(46) Pause Relocate Start 0.011ms
[19.946s][info][gc,phases   ] GC(46) Concurrent Relocate 0.486ms
[19.946s][info][gc,load     ] GC(46) Load: 0.00/0.00/0.00
[19.946s][info][gc,mmu      ] GC(46) MMU: 2ms/66.0%, 5ms/86.4%, 10ms/93.2%, 20ms/96.6%, 50ms/98.6%, 100ms/99.3%
[19.946s][info][gc,marking  ] GC(46) Mark: 1 stripe(s), 2 proactive flush(es), 1 terminate flush(es), 0 completion(s), 0 continuation(s) 
[19.946s][info][gc,marking  ] GC(46) Mark Stack Usage: 32M
[19.946s][info][gc,nmethod  ] GC(46) NMethods: 3291 registered, 1159 unregistered
[19.946s][info][gc,metaspace] GC(46) Metaspace: 8M used, 9M committed, 1088M reserved
[19.946s][info][gc,ref      ] GC(46) Soft: 351 encountered, 0 discovered, 0 enqueued
[19.946s][info][gc,ref      ] GC(46) Weak: 885 encountered, 298 discovered, 266 enqueued
[19.946s][info][gc,ref      ] GC(46) Final: 3 encountered, 0 discovered, 0 enqueued
[19.946s][info][gc,ref      ] GC(46) Phantom: 116 encountered, 99 discovered, 0 enqueued
[19.946s][info][gc,reloc    ] GC(46) Small Pages: 846 / 1692M, Empty: 1388M, Relocated: 0M, In-Place: 0
[19.946s][info][gc,reloc    ] GC(46) Medium Pages: 1 / 32M, Empty: 0M, Relocated: 0M, In-Place: 0
[19.946s][info][gc,reloc    ] GC(46) Large Pages: 0 / 0M, Empty: 0M, Relocated: 0M, In-Place: 0
[19.946s][info][gc,reloc    ] GC(46) Forwarding Usage: 0M
[19.946s][info][gc,heap     ] GC(46) Min Capacity: 2048M(100%)
[19.946s][info][gc,heap     ] GC(46) Max Capacity: 2048M(100%)
[19.946s][info][gc,heap     ] GC(46) Soft Max Capacity: 2048M(100%)
[19.946s][info][gc,heap     ] GC(46)                Mark Start          Mark End        Relocate Start      Relocate End           High               Low         
[19.946s][info][gc,heap     ] GC(46)  Capacity:     2048M (100%)       2048M (100%)       2048M (100%)       2048M (100%)       2048M (100%)       2048M (100%)   
[19.946s][info][gc,heap     ] GC(46)      Free:      324M (16%)         290M (14%)        1612M (79%)        1908M (93%)        1908M (93%)         230M (11%)    
[19.946s][info][gc,heap     ] GC(46)      Used:     1724M (84%)        1758M (86%)         436M (21%)         140M (7%)         1818M (89%)         140M (7%)     
[19.946s][info][gc,heap     ] GC(46)      Live:         -                 9M (0%)            9M (0%)            9M (0%)             -                  -          
[19.946s][info][gc,heap     ] GC(46) Allocated:         -                34M (2%)          100M (5%)           99M (5%)             -                  -          
[19.946s][info][gc,heap     ] GC(46)   Garbage:         -              1714M (84%)         326M (16%)          30M (2%)             -                  -          
[19.946s][info][gc,heap     ] GC(46) Reclaimed:         -                  -              1388M (68%)        1683M (82%)            -                  -          
[19.946s][info][gc          ] GC(46) Garbage Collection (Allocation Rate) 1724M(84%)->140M(7%)
[20.100s][info][gc,stats    ] === Garbage Collection Statistics =======================================================================================================================
[20.100s][info][gc,stats    ]                                                              Last 10s              Last 10m              Last 10h                Total
[20.100s][info][gc,stats    ]                                                              Avg / Max             Avg / Max             Avg / Max             Avg / Max
[20.100s][info][gc,stats    ]   Collector: Garbage Collection Cycle                     25.274 / 47.383       38.109 / 162.441      38.109 / 162.441      38.109 / 162.441     ms
[20.100s][info][gc,stats    ]  Contention: Mark Segment Reset Contention                     0 / 1                 0 / 1                 0 / 1                 0 / 1           ops/s
[20.100s][info][gc,stats    ]  Contention: Mark SeqNum Reset Contention                      0 / 1                 0 / 1                 0 / 1                 0 / 1           ops/s
[20.100s][info][gc,stats    ]    Critical: Allocation Stall                                  0 / 0                 0 / 0                 0 / 0                 0 / 0           ops/s
[20.100s][info][gc,stats    ]    Critical: Allocation Stall                              0.000 / 0.000         0.000 / 0.000         0.000 / 0.000         0.000 / 0.000       ms
[20.100s][info][gc,stats    ]    Critical: GC Locker Stall                                   0 / 0                 0 / 0                 0 / 0                 0 / 0           ops/s
[20.100s][info][gc,stats    ]    Critical: GC Locker Stall                               0.000 / 0.000         0.000 / 0.000         0.000 / 0.000         0.000 / 0.000       ms
[20.100s][info][gc,stats    ]    Critical: Relocation Stall                                  0 / 0                 0 / 0                 0 / 0                 0 / 0           ops/s
[20.100s][info][gc,stats    ]    Critical: Relocation Stall                              0.000 / 0.000         0.000 / 0.000         0.000 / 0.000         0.000 / 0.000       ms
[20.100s][info][gc,stats    ]      Memory: Allocation Rate                                3663 / 3994           3029 / 3994           3029 / 3994           3029 / 3994        MB/s
[20.100s][info][gc,stats    ]      Memory: Out Of Memory                                     0 / 0                 0 / 0                 0 / 0                 0 / 0           ops/s
[20.100s][info][gc,stats    ]      Memory: Page Cache Flush                                  0 / 0                 0 / 0                 0 / 0                 0 / 0           MB/s
[20.100s][info][gc,stats    ]      Memory: Page Cache Hit L1                              1822 / 1989           1469 / 1989           1469 / 1989           1469 / 1989        ops/s
[20.100s][info][gc,stats    ]      Memory: Page Cache Hit L2                                 0 / 0                 0 / 0                 0 / 0                 0 / 0           ops/s
[20.100s][info][gc,stats    ]      Memory: Page Cache Hit L3                                 6 / 24               44 / 230              44 / 230              44 / 230         ops/s
[20.100s][info][gc,stats    ]      Memory: Page Cache Miss                                   0 / 0                 0 / 1                 0 / 1                 0 / 1           ops/s
[20.100s][info][gc,stats    ]      Memory: Uncommit                                          0 / 0                 0 / 0                 0 / 0                 0 / 0           MB/s
[20.100s][info][gc,stats    ]      Memory: Undo Object Allocation Failed                     0 / 0                 0 / 0                 0 / 0                 0 / 0           ops/s
[20.100s][info][gc,stats    ]      Memory: Undo Object Allocation Succeeded                 14 / 31                9 / 31                9 / 31                9 / 31          ops/s
[20.100s][info][gc,stats    ]      Memory: Undo Page Allocation                              0 / 1                 0 / 2                 0 / 2                 0 / 2           ops/s
[20.100s][info][gc,stats    ]       Phase: Concurrent Mark                              10.767 / 36.193       21.549 / 126.705      21.549 / 126.705      21.549 / 126.705     ms
[20.100s][info][gc,stats    ]       Phase: Concurrent Mark Continue                      0.000 / 0.000         0.000 / 0.000         0.000 / 0.000         0.000 / 0.000       ms
[20.100s][info][gc,stats    ]       Phase: Concurrent Mark Free                          0.001 / 0.003         0.001 / 0.003         0.001 / 0.003         0.001 / 0.003       ms
[20.100s][info][gc,stats    ]       Phase: Concurrent Process Non-Strong References      7.101 / 23.570        7.018 / 23.570        7.018 / 23.570        7.018 / 23.570      ms
[20.100s][info][gc,stats    ]       Phase: Concurrent Relocate                           0.803 / 1.442         0.937 / 3.882         0.937 / 3.882         0.937 / 3.882       ms
[20.100s][info][gc,stats    ]       Phase: Concurrent Reset Relocation Set               0.006 / 0.010         0.006 / 0.010         0.006 / 0.010         0.006 / 0.010       ms
[20.100s][info][gc,stats    ]       Phase: Concurrent Select Relocation Set              2.108 / 3.268         2.097 / 3.268         2.097 / 3.268         2.097 / 3.268       ms
[20.100s][info][gc,stats    ]       Phase: Pause Mark End                                0.017 / 0.056         0.034 / 0.680         0.034 / 0.680         0.034 / 0.680       ms
[20.100s][info][gc,stats    ]       Phase: Pause Mark Start                              0.010 / 0.021         0.009 / 0.021         0.009 / 0.021         0.009 / 0.021       ms
[20.100s][info][gc,stats    ]       Phase: Pause Relocate Start                          0.012 / 0.015         0.011 / 0.015         0.011 / 0.015         0.011 / 0.015       ms
[20.100s][info][gc,stats    ]    Subphase: Concurrent Classes Purge                      0.228 / 0.314         0.226 / 0.520         0.226 / 0.520         0.226 / 0.520       ms
[20.100s][info][gc,stats    ]    Subphase: Concurrent Classes Unlink                     5.150 / 6.077         4.682 / 6.077         4.682 / 6.077         4.682 / 6.077       ms
[20.100s][info][gc,stats    ]    Subphase: Concurrent Mark                               9.496 / 35.573       23.683 / 125.306      23.683 / 125.306      23.683 / 125.306     ms
[20.100s][info][gc,stats    ]    Subphase: Concurrent Mark Try Flush                     0.769 / 15.815        3.342 / 32.302        3.342 / 32.302        3.342 / 32.302      ms
[20.100s][info][gc,stats    ]    Subphase: Concurrent Mark Try Terminate                 0.626 / 10.910        4.909 / 31.618        4.909 / 31.618        4.909 / 31.618      ms
[20.100s][info][gc,stats    ]    Subphase: Concurrent References Enqueue                 0.005 / 0.008         0.005 / 0.008         0.005 / 0.008         0.005 / 0.008       ms
[20.100s][info][gc,stats    ]    Subphase: Concurrent References Process                 0.108 / 0.163         0.107 / 0.163         0.107 / 0.163         0.107 / 0.163       ms
[20.100s][info][gc,stats    ]    Subphase: Concurrent Roots ClassLoaderDataGraph         0.099 / 0.212         0.092 / 0.292         0.092 / 0.292         0.092 / 0.292       ms
[20.100s][info][gc,stats    ]    Subphase: Concurrent Roots CodeCache                    0.000 / 0.000         0.000 / 0.000         0.000 / 0.000         0.000 / 0.000       ms
[20.100s][info][gc,stats    ]    Subphase: Concurrent Roots JavaThreads                  0.348 / 1.315         0.383 / 1.315         0.383 / 1.315         0.383 / 1.315       ms
[20.100s][info][gc,stats    ]    Subphase: Concurrent Roots OopStorageSet                0.024 / 0.041         0.026 / 0.065         0.026 / 0.065         0.026 / 0.065       ms
[20.100s][info][gc,stats    ]    Subphase: Concurrent Weak Roots OopStorageSet           0.239 / 0.449         0.228 / 0.471         0.228 / 0.471         0.228 / 0.471       ms
[20.100s][info][gc,stats    ]    Subphase: Pause Mark Try Complete                       0.002 / 0.004         0.004 / 0.009         0.004 / 0.009         0.004 / 0.009       ms
[20.100s][info][gc,stats    ]      System: Java Threads                                     17 / 19               17 / 19               17 / 19               17 / 19          threads
[20.100s][info][gc,stats    ] =========================================================================================================================================================
[20.306s][info][gc,start    ] GC(47) Garbage Collection (Allocation Rate)
[20.306s][info][gc,task     ] GC(47) Using 1 workers
[20.306s][info][gc,phases   ] GC(47) Pause Mark Start 0.011ms
[20.322s][info][gc,phases   ] GC(47) Concurrent Mark 15.500ms
[20.323s][info][gc,phases   ] GC(47) Pause Mark End 0.011ms
[20.329s][info][gc,phases   ] GC(47) Concurrent Mark Free 0.003ms
[20.337s][info][gc,phases   ] GC(47) Concurrent Process Non-Strong References 8.082ms
[20.337s][info][gc,phases   ] GC(47) Concurrent Reset Relocation Set 0.007ms
[20.339s][info][gc,phases   ] GC(47) Concurrent Select Relocation Set 2.147ms
[20.339s][info][gc,phases   ] GC(47) Pause Relocate Start 0.012ms
[20.348s][info][gc,phases   ] GC(47) Concurrent Relocate 0.830ms
[20.348s][info][gc,load     ] GC(47) Load: 0.00/0.00/0.00
[20.348s][info][gc,mmu      ] GC(47) MMU: 2ms/66.0%, 5ms/86.4%, 10ms/93.2%, 20ms/96.6%, 50ms/98.6%, 100ms/99.3%
[20.348s][info][gc,marking  ] GC(47) Mark: 1 stripe(s), 3 proactive flush(es), 1 terminate flush(es), 0 completion(s), 0 continuation(s) 
[20.348s][info][gc,marking  ] GC(47) Mark Stack Usage: 32M
[20.348s][info][gc,nmethod  ] GC(47) NMethods: 3291 registered, 1159 unregistered
[20.348s][info][gc,metaspace] GC(47) Metaspace: 8M used, 9M committed, 1088M reserved
[20.348s][info][gc,ref      ] GC(47) Soft: 351 encountered, 0 discovered, 0 enqueued
[20.348s][info][gc,ref      ] GC(47) Weak: 865 encountered, 273 discovered, 239 enqueued
[20.348s][info][gc,ref      ] GC(47) Final: 3 encountered, 0 discovered, 0 enqueued
[20.348s][info][gc,ref      ] GC(47) Phantom: 124 encountered, 110 discovered, 0 enqueued
[20.348s][info][gc,reloc    ] GC(47) Small Pages: 778 / 1556M, Empty: 1272M, Relocated: 0M, In-Place: 0
[20.348s][info][gc,reloc    ] GC(47) Medium Pages: 1 / 32M, Empty: 0M, Relocated: 0M, In-Place: 0
[20.348s][info][gc,reloc    ] GC(47) Large Pages: 0 / 0M, Empty: 0M, Relocated: 0M, In-Place: 0
[20.348s][info][gc,reloc    ] GC(47) Forwarding Usage: 0M
[20.348s][info][gc,heap     ] GC(47) Min Capacity: 2048M(100%)
[20.348s][info][gc,heap     ] GC(47) Max Capacity: 2048M(100%)
[20.348s][info][gc,heap     ] GC(47) Soft Max Capacity: 2048M(100%)
[20.348s][info][gc,heap     ] GC(47)                Mark Start          Mark End        Relocate Start      Relocate End           High               Low         
[20.348s][info][gc,heap     ] GC(47)  Capacity:     2048M (100%)       2048M (100%)       2048M (100%)       2048M (100%)       2048M (100%)       2048M (100%)   
[20.348s][info][gc,heap     ] GC(47)      Free:      460M (22%)         394M (19%)        1608M (79%)        1860M (91%)        1860M (91%)         344M (17%)    
[20.348s][info][gc,heap     ] GC(47)      Used:     1588M (78%)        1654M (81%)         440M (21%)         188M (9%)         1704M (83%)         188M (9%)     
[20.348s][info][gc,heap     ] GC(47)      Live:         -                 9M (0%)            9M (0%)            9M (0%)             -                  -          
[20.348s][info][gc,heap     ] GC(47) Allocated:         -                66M (3%)          124M (6%)          147M (7%)             -                  -          
[20.348s][info][gc,heap     ] GC(47)   Garbage:         -              1578M (77%)         306M (15%)          30M (2%)             -                  -          
[20.348s][info][gc,heap     ] GC(47) Reclaimed:         -                  -              1272M (62%)        1547M (76%)            -                  -          
[20.348s][info][gc          ] GC(47) Garbage Collection (Allocation Rate) 1588M(78%)->188M(9%)
[20.701s][info][gc,start    ] GC(48) Garbage Collection (Allocation Rate)
[20.701s][info][gc,task     ] GC(48) Using 1 workers
[20.701s][info][gc,phases   ] GC(48) Pause Mark Start 0.011ms
[20.709s][info][gc,phases   ] GC(48) Concurrent Mark 7.769ms
[20.709s][info][gc,phases   ] GC(48) Pause Mark End 0.015ms
[20.709s][info][gc,phases   ] GC(48) Concurrent Mark Free 0.001ms
[20.715s][info][gc,phases   ] GC(48) Concurrent Process Non-Strong References 6.533ms
[20.715s][info][gc,phases   ] GC(48) Concurrent Reset Relocation Set 0.006ms
[20.718s][info][gc,phases   ] GC(48) Concurrent Select Relocation Set 2.064ms
[20.718s][info][gc,phases   ] GC(48) Pause Relocate Start 0.012ms
[20.718s][info][gc,phases   ] GC(48) Concurrent Relocate 0.567ms
[20.718s][info][gc,load     ] GC(48) Load: 0.00/0.00/0.00
[20.718s][info][gc,mmu      ] GC(48) MMU: 2ms/66.0%, 5ms/86.4%, 10ms/93.2%, 20ms/96.6%, 50ms/98.6%, 100ms/99.3%
[20.718s][info][gc,marking  ] GC(48) Mark: 1 stripe(s), 2 proactive flush(es), 1 terminate flush(es), 0 completion(s), 0 continuation(s) 
[20.718s][info][gc,marking  ] GC(48) Mark Stack Usage: 32M
[20.718s][info][gc,nmethod  ] GC(48) NMethods: 3291 registered, 1159 unregistered
[20.718s][info][gc,metaspace] GC(48) Metaspace: 8M used, 9M committed, 1088M reserved
[20.718s][info][gc,ref      ] GC(48) Soft: 351 encountered, 0 discovered, 0 enqueued
[20.718s][info][gc,ref      ] GC(48) Weak: 874 encountered, 283 discovered, 250 enqueued
[20.718s][info][gc,ref      ] GC(48) Final: 3 encountered, 0 discovered, 0 enqueued
[20.718s][info][gc,ref      ] GC(48) Phantom: 116 encountered, 97 discovered, 0 enqueued
[20.718s][info][gc,reloc    ] GC(48) Small Pages: 791 / 1582M, Empty: 1298M, Relocated: 0M, In-Place: 0
[20.718s][info][gc,reloc    ] GC(48) Medium Pages: 1 / 32M, Empty: 0M, Relocated: 0M, In-Place: 0
[20.718s][info][gc,reloc    ] GC(48) Large Pages: 0 / 0M, Empty: 0M, Relocated: 0M, In-Place: 0
[20.718s][info][gc,reloc    ] GC(48) Forwarding Usage: 0M
[20.719s][info][gc,heap     ] GC(48) Min Capacity: 2048M(100%)
[20.719s][info][gc,heap     ] GC(48) Max Capacity: 2048M(100%)
[20.719s][info][gc,heap     ] GC(48) Soft Max Capacity: 2048M(100%)
[20.719s][info][gc,heap     ] GC(48)                Mark Start          Mark End        Relocate Start      Relocate End           High               Low         
[20.719s][info][gc,heap     ] GC(48)  Capacity:     2048M (100%)       2048M (100%)       2048M (100%)       2048M (100%)       2048M (100%)       2048M (100%)   
[20.719s][info][gc,heap     ] GC(48)      Free:      434M (21%)         402M (20%)        1670M (82%)        1946M (95%)        1946M (95%)         380M (19%)    
[20.719s][info][gc,heap     ] GC(48)      Used:     1614M (79%)        1646M (80%)         378M (18%)         102M (5%)         1668M (81%)         102M (5%)     
[20.719s][info][gc,heap     ] GC(48)      Live:         -                 9M (0%)            9M (0%)            9M (0%)             -                  -          
[20.719s][info][gc,heap     ] GC(48) Allocated:         -                32M (2%)           62M (3%)           61M (3%)             -                  -          
[20.719s][info][gc,heap     ] GC(48)   Garbage:         -              1604M (78%)         306M (15%)          30M (2%)             -                  -          
[20.719s][info][gc,heap     ] GC(48) Reclaimed:         -                  -              1298M (63%)        1573M (77%)            -                  -          
[20.719s][info][gc          ] GC(48) Garbage Collection (Allocation Rate) 1614M(79%)->102M(5%)
[21.110s][info][gc,start    ] GC(49) Garbage Collection (Allocation Rate)
[21.110s][info][gc,task     ] GC(49) Using 1 workers
[21.110s][info][gc,phases   ] GC(49) Pause Mark Start 0.007ms
[21.128s][info][gc,phases   ] GC(49) Concurrent Mark 8.782ms
[21.128s][info][gc,phases   ] GC(49) Pause Mark End 0.014ms
[21.138s][info][gc,phases   ] GC(49) Concurrent Mark Free 0.002ms
[21.147s][info][gc,phases   ] GC(49) Concurrent Process Non-Strong References 8.628ms
[21.147s][info][gc,phases   ] GC(49) Concurrent Reset Relocation Set 0.006ms
[21.149s][info][gc,phases   ] GC(49) Concurrent Select Relocation Set 2.134ms
[21.149s][info][gc,phases   ] GC(49) Pause Relocate Start 0.012ms
[21.150s][info][gc,phases   ] GC(49) Concurrent Relocate 0.543ms
[21.150s][info][gc,load     ] GC(49) Load: 0.00/0.00/0.00
[21.150s][info][gc,mmu      ] GC(49) MMU: 2ms/66.0%, 5ms/86.4%, 10ms/93.2%, 20ms/96.6%, 50ms/98.6%, 100ms/99.3%
[21.150s][info][gc,marking  ] GC(49) Mark: 1 stripe(s), 2 proactive flush(es), 1 terminate flush(es), 0 completion(s), 0 continuation(s) 
[21.150s][info][gc,marking  ] GC(49) Mark Stack Usage: 32M
[21.150s][info][gc,nmethod  ] GC(49) NMethods: 3291 registered, 1159 unregistered
[21.150s][info][gc,metaspace] GC(49) Metaspace: 8M used, 9M committed, 1088M reserved
[21.150s][info][gc,ref      ] GC(49) Soft: 351 encountered, 0 discovered, 0 enqueued
[21.150s][info][gc,ref      ] GC(49) Weak: 883 encountered, 288 discovered, 258 enqueued
[21.150s][info][gc,ref      ] GC(49) Final: 3 encountered, 0 discovered, 0 enqueued
[21.150s][info][gc,ref      ] GC(49) Phantom: 108 encountered, 81 discovered, 0 enqueued
[21.150s][info][gc,reloc    ] GC(49) Small Pages: 819 / 1638M, Empty: 1348M, Relocated: 0M, In-Place: 0
[21.150s][info][gc,reloc    ] GC(49) Medium Pages: 1 / 32M, Empty: 0M, Relocated: 0M, In-Place: 0
[21.150s][info][gc,reloc    ] GC(49) Large Pages: 0 / 0M, Empty: 0M, Relocated: 0M, In-Place: 0
[21.150s][info][gc,reloc    ] GC(49) Forwarding Usage: 0M
[21.150s][info][gc,heap     ] GC(49) Min Capacity: 2048M(100%)
[21.150s][info][gc,heap     ] GC(49) Max Capacity: 2048M(100%)
[21.150s][info][gc,heap     ] GC(49) Soft Max Capacity: 2048M(100%)
[21.150s][info][gc,heap     ] GC(49)                Mark Start          Mark End        Relocate Start      Relocate End           High               Low         
[21.150s][info][gc,heap     ] GC(49)  Capacity:     2048M (100%)       2048M (100%)       2048M (100%)       2048M (100%)       2048M (100%)       2048M (100%)   
[21.150s][info][gc,heap     ] GC(49)      Free:      378M (18%)         310M (15%)        1584M (77%)        1862M (91%)        1862M (91%)         240M (12%)    
[21.150s][info][gc,heap     ] GC(49)      Used:     1670M (82%)        1738M (85%)         464M (23%)         186M (9%)         1808M (88%)         186M (9%)     
[21.150s][info][gc,heap     ] GC(49)      Live:         -                 9M (0%)            9M (0%)            9M (0%)             -                  -          
[21.150s][info][gc,heap     ] GC(49) Allocated:         -                68M (3%)          142M (7%)          145M (7%)             -                  -          
[21.150s][info][gc,heap     ] GC(49)   Garbage:         -              1660M (81%)         312M (15%)          30M (2%)             -                  -          
[21.150s][info][gc,heap     ] GC(49) Reclaimed:         -                  -              1348M (66%)        1629M (80%)            -                  -          
[21.150s][info][gc          ] GC(49) Garbage Collection (Allocation Rate) 1670M(82%)->186M(9%)
[21.505s][info][gc,start    ] GC(50) Garbage Collection (Allocation Rate)
[21.505s][info][gc,task     ] GC(50) Using 1 workers
[21.505s][info][gc,phases   ] GC(50) Pause Mark Start 0.012ms
[21.513s][info][gc,phases   ] GC(50) Concurrent Mark 7.727ms
[21.513s][info][gc,phases   ] GC(50) Pause Mark End 0.012ms
[21.513s][info][gc,phases   ] GC(50) Concurrent Mark Free 0.001ms
[21.520s][info][gc,phases   ] GC(50) Concurrent Process Non-Strong References 6.667ms
[21.520s][info][gc,phases   ] GC(50) Concurrent Reset Relocation Set 0.006ms
[21.522s][info][gc,phases   ] GC(50) Concurrent Select Relocation Set 2.074ms
[21.522s][info][gc,phases   ] GC(50) Pause Relocate Start 0.012ms
[21.531s][info][gc,phases   ] GC(50) Concurrent Relocate 0.631ms
[21.531s][info][gc,load     ] GC(50) Load: 0.00/0.00/0.00
[21.531s][info][gc,mmu      ] GC(50) MMU: 2ms/66.0%, 5ms/86.4%, 10ms/93.2%, 20ms/96.6%, 50ms/98.6%, 100ms/99.3%
[21.531s][info][gc,marking  ] GC(50) Mark: 1 stripe(s), 2 proactive flush(es), 1 terminate flush(es), 0 completion(s), 0 continuation(s) 
[21.531s][info][gc,marking  ] GC(50) Mark Stack Usage: 32M
[21.531s][info][gc,nmethod  ] GC(50) NMethods: 3293 registered, 1159 unregistered
[21.531s][info][gc,metaspace] GC(50) Metaspace: 8M used, 9M committed, 1088M reserved
[21.531s][info][gc,ref      ] GC(50) Soft: 351 encountered, 0 discovered, 0 enqueued
[21.531s][info][gc,ref      ] GC(50) Weak: 861 encountered, 269 discovered, 237 enqueued
[21.531s][info][gc,ref      ] GC(50) Final: 3 encountered, 0 discovered, 0 enqueued
[21.531s][info][gc,ref      ] GC(50) Phantom: 124 encountered, 110 discovered, 0 enqueued
[21.531s][info][gc,reloc    ] GC(50) Small Pages: 770 / 1540M, Empty: 1266M, Relocated: 0M, In-Place: 0
[21.531s][info][gc,reloc    ] GC(50) Medium Pages: 1 / 32M, Empty: 0M, Relocated: 0M, In-Place: 0
[21.531s][info][gc,reloc    ] GC(50) Large Pages: 0 / 0M, Empty: 0M, Relocated: 0M, In-Place: 0
[21.531s][info][gc,reloc    ] GC(50) Forwarding Usage: 0M
[21.531s][info][gc,heap     ] GC(50) Min Capacity: 2048M(100%)
[21.531s][info][gc,heap     ] GC(50) Max Capacity: 2048M(100%)
[21.531s][info][gc,heap     ] GC(50) Soft Max Capacity: 2048M(100%)
[21.531s][info][gc,heap     ] GC(50)                Mark Start          Mark End        Relocate Start      Relocate End           High               Low         
[21.531s][info][gc,heap     ] GC(50)  Capacity:     2048M (100%)       2048M (100%)       2048M (100%)       2048M (100%)       2048M (100%)       2048M (100%)   
[21.531s][info][gc,heap     ] GC(50)      Free:      476M (23%)         448M (22%)        1682M (82%)        1910M (93%)        1910M (93%)         426M (21%)    
[21.531s][info][gc,heap     ] GC(50)      Used:     1572M (77%)        1600M (78%)         366M (18%)         138M (7%)         1622M (79%)         138M (7%)     
[21.531s][info][gc,heap     ] GC(50)      Live:         -                 9M (0%)            9M (0%)            9M (0%)             -                  -          
[21.531s][info][gc,heap     ] GC(50) Allocated:         -                28M (1%)           60M (3%)           97M (5%)             -                  -          
[21.531s][info][gc,heap     ] GC(50)   Garbage:         -              1562M (76%)         296M (14%)          30M (2%)             -                  -          
[21.531s][info][gc,heap     ] GC(50) Reclaimed:         -                  -              1266M (62%)        1531M (75%)            -                  -          
[21.531s][info][gc          ] GC(50) Garbage Collection (Allocation Rate) 1572M(77%)->138M(7%)
[21.909s][info][gc,start    ] GC(51) Garbage Collection (Allocation Rate)
[21.909s][info][gc,task     ] GC(51) Using 1 workers
[21.909s][info][gc,phases   ] GC(51) Pause Mark Start 0.010ms
[21.917s][info][gc,phases   ] GC(51) Concurrent Mark 7.559ms
[21.917s][info][gc,phases   ] GC(51) Pause Mark End 0.023ms
[21.927s][info][gc,phases   ] GC(51) Concurrent Mark Free 0.003ms
[21.933s][info][gc,phases   ] GC(51) Concurrent Process Non-Strong References 6.627ms
[21.933s][info][gc,phases   ] GC(51) Concurrent Reset Relocation Set 0.006ms
[21.935s][info][gc,phases   ] GC(51) Concurrent Select Relocation Set 2.078ms
[21.936s][info][gc,phases   ] GC(51) Pause Relocate Start 0.011ms
[21.937s][info][gc,phases   ] GC(51) Concurrent Relocate 1.166ms
[21.937s][info][gc,load     ] GC(51) Load: 0.00/0.00/0.00
[21.937s][info][gc,mmu      ] GC(51) MMU: 2ms/66.0%, 5ms/86.4%, 10ms/93.2%, 20ms/96.6%, 50ms/98.6%, 100ms/99.3%
[21.937s][info][gc,marking  ] GC(51) Mark: 1 stripe(s), 2 proactive flush(es), 1 terminate flush(es), 0 completion(s), 0 continuation(s) 
[21.937s][info][gc,marking  ] GC(51) Mark Stack Usage: 32M
[21.937s][info][gc,nmethod  ] GC(51) NMethods: 3295 registered, 1159 unregistered
[21.937s][info][gc,metaspace] GC(51) Metaspace: 8M used, 9M committed, 1088M reserved
[21.937s][info][gc,ref      ] GC(51) Soft: 351 encountered, 0 discovered, 0 enqueued
[21.937s][info][gc,ref      ] GC(51) Weak: 862 encountered, 276 discovered, 255 enqueued
[21.937s][info][gc,ref      ] GC(51) Final: 3 encountered, 0 discovered, 0 enqueued
[21.937s][info][gc,ref      ] GC(51) Phantom: 92 encountered, 68 discovered, 0 enqueued
[21.937s][info][gc,reloc    ] GC(51) Small Pages: 815 / 1630M, Empty: 1342M, Relocated: 1M, In-Place: 0
[21.937s][info][gc,reloc    ] GC(51) Medium Pages: 1 / 32M, Empty: 0M, Relocated: 0M, In-Place: 0
[21.937s][info][gc,reloc    ] GC(51) Large Pages: 0 / 0M, Empty: 0M, Relocated: 0M, In-Place: 0
[21.937s][info][gc,reloc    ] GC(51) Forwarding Usage: 0M
[21.937s][info][gc,heap     ] GC(51) Min Capacity: 2048M(100%)
[21.937s][info][gc,heap     ] GC(51) Max Capacity: 2048M(100%)
[21.937s][info][gc,heap     ] GC(51) Soft Max Capacity: 2048M(100%)
[21.937s][info][gc,heap     ] GC(51)                Mark Start          Mark End        Relocate Start      Relocate End           High               Low         
[21.937s][info][gc,heap     ] GC(51)  Capacity:     2048M (100%)       2048M (100%)       2048M (100%)       2048M (100%)       2048M (100%)       2048M (100%)   
[21.937s][info][gc,heap     ] GC(51)      Free:      386M (19%)         356M (17%)        1630M (80%)        1908M (93%)        1910M (93%)         296M (14%)    
[21.937s][info][gc,heap     ] GC(51)      Used:     1662M (81%)        1692M (83%)         418M (20%)         140M (7%)         1752M (86%)         138M (7%)     
[21.937s][info][gc,heap     ] GC(51)      Live:         -                 9M (0%)            9M (0%)            9M (0%)             -                  -          
[21.937s][info][gc,heap     ] GC(51) Allocated:         -                30M (1%)           98M (5%)          101M (5%)             -                  -          
[21.937s][info][gc,heap     ] GC(51)   Garbage:         -              1652M (81%)         310M (15%)          29M (1%)             -                  -          
[21.937s][info][gc,heap     ] GC(51) Reclaimed:         -                  -              1342M (66%)        1623M (79%)            -                  -          
[21.937s][info][gc          ] GC(51) Garbage Collection (Allocation Rate) 1662M(81%)->140M(7%)
[22.304s][info][gc,start    ] GC(52) Garbage Collection (Allocation Rate)
[22.304s][info][gc,task     ] GC(52) Using 1 workers
[22.304s][info][gc,phases   ] GC(52) Pause Mark Start 0.009ms
[22.319s][info][gc,phases   ] GC(52) Concurrent Mark 14.998ms
[22.320s][info][gc,phases   ] GC(52) Pause Mark End 0.017ms
[22.320s][info][gc,phases   ] GC(52) Concurrent Mark Free 0.002ms
[22.327s][info][gc,phases   ] GC(52) Concurrent Process Non-Strong References 6.907ms
[22.327s][info][gc,phases   ] GC(52) Concurrent Reset Relocation Set 0.005ms
[22.329s][info][gc,phases   ] GC(52) Concurrent Select Relocation Set 1.996ms
[22.329s][info][gc,phases   ] GC(52) Pause Relocate Start 0.009ms
[22.330s][info][gc,phases   ] GC(52) Concurrent Relocate 0.482ms
[22.330s][info][gc,load     ] GC(52) Load: 0.00/0.00/0.00
[22.330s][info][gc,mmu      ] GC(52) MMU: 2ms/66.0%, 5ms/86.4%, 10ms/93.2%, 20ms/96.6%, 50ms/98.6%, 100ms/99.3%
[22.330s][info][gc,marking  ] GC(52) Mark: 1 stripe(s), 2 proactive flush(es), 2 terminate flush(es), 0 completion(s), 0 continuation(s) 
[22.330s][info][gc,marking  ] GC(52) Mark Stack Usage: 32M
[22.330s][info][gc,nmethod  ] GC(52) NMethods: 3316 registered, 1159 unregistered
[22.330s][info][gc,metaspace] GC(52) Metaspace: 8M used, 9M committed, 1088M reserved
[22.330s][info][gc,ref      ] GC(52) Soft: 351 encountered, 0 discovered, 0 enqueued
[22.330s][info][gc,ref      ] GC(52) Weak: 853 encountered, 261 discovered, 232 enqueued
[22.330s][info][gc,ref      ] GC(52) Final: 3 encountered, 0 discovered, 0 enqueued
[22.330s][info][gc,ref      ] GC(52) Phantom: 124 encountered, 110 discovered, 0 enqueued
[22.330s][info][gc,reloc    ] GC(52) Small Pages: 734 / 1468M, Empty: 1198M, Relocated: 0M, In-Place: 0
[22.330s][info][gc,reloc    ] GC(52) Medium Pages: 1 / 32M, Empty: 0M, Relocated: 0M, In-Place: 0
[22.330s][info][gc,reloc    ] GC(52) Large Pages: 0 / 0M, Empty: 0M, Relocated: 0M, In-Place: 0
[22.330s][info][gc,reloc    ] GC(52) Forwarding Usage: 0M
[22.330s][info][gc,heap     ] GC(52) Min Capacity: 2048M(100%)
[22.330s][info][gc,heap     ] GC(52) Max Capacity: 2048M(100%)
[22.330s][info][gc,heap     ] GC(52) Soft Max Capacity: 2048M(100%)
[22.330s][info][gc,heap     ] GC(52)                Mark Start          Mark End        Relocate Start      Relocate End           High               Low         
[22.330s][info][gc,heap     ] GC(52)  Capacity:     2048M (100%)       2048M (100%)       2048M (100%)       2048M (100%)       2048M (100%)       2048M (100%)   
[22.330s][info][gc,heap     ] GC(52)      Free:      548M (27%)         486M (24%)        1648M (80%)        1908M (93%)        1908M (93%)         456M (22%)    
[22.330s][info][gc,heap     ] GC(52)      Used:     1500M (73%)        1562M (76%)         400M (20%)         140M (7%)         1592M (78%)         140M (7%)     
[22.330s][info][gc,heap     ] GC(52)      Live:         -                 9M (0%)            9M (0%)            9M (0%)             -                  -          
[22.330s][info][gc,heap     ] GC(52) Allocated:         -                62M (3%)           98M (5%)           99M (5%)             -                  -          
[22.330s][info][gc,heap     ] GC(52)   Garbage:         -              1490M (73%)         292M (14%)          30M (2%)             -                  -          
[22.330s][info][gc,heap     ] GC(52) Reclaimed:         -                  -              1198M (58%)        1459M (71%)            -                  -          
[22.330s][info][gc          ] GC(52) Garbage Collection (Allocation Rate) 1500M(73%)->140M(7%)
[22.699s][info][gc,start    ] GC(53) Garbage Collection (Allocation Rate)
[22.699s][info][gc,task     ] GC(53) Using 1 workers
[22.699s][info][gc,phases   ] GC(53) Pause Mark Start 0.008ms
[22.707s][info][gc,phases   ] GC(53) Concurrent Mark 7.808ms
[22.707s][info][gc,phases   ] GC(53) Pause Mark End 0.010ms
[22.707s][info][gc,phases   ] GC(53) Concurrent Mark Free 0.001ms
[22.714s][info][gc,phases   ] GC(53) Concurrent Process Non-Strong References 6.429ms
[22.714s][info][gc,phases   ] GC(53) Concurrent Reset Relocation Set 0.005ms
[22.716s][info][gc,phases   ] GC(53) Concurrent Select Relocation Set 2.005ms
[22.716s][info][gc,phases   ] GC(53) Pause Relocate Start 0.011ms
[22.718s][info][gc,phases   ] GC(53) Concurrent Relocate 0.468ms
[22.718s][info][gc,load     ] GC(53) Load: 0.00/0.00/0.00
[22.718s][info][gc,mmu      ] GC(53) MMU: 2ms/66.0%, 5ms/86.4%, 10ms/93.2%, 20ms/96.6%, 50ms/98.6%, 100ms/99.3%
[22.718s][info][gc,marking  ] GC(53) Mark: 1 stripe(s), 2 proactive flush(es), 1 terminate flush(es), 0 completion(s), 0 continuation(s) 
[22.718s][info][gc,marking  ] GC(53) Mark Stack Usage: 32M
[22.718s][info][gc,nmethod  ] GC(53) NMethods: 3310 registered, 1172 unregistered
[22.718s][info][gc,metaspace] GC(53) Metaspace: 8M used, 9M committed, 1088M reserved
[22.718s][info][gc,ref      ] GC(53) Soft: 351 encountered, 0 discovered, 0 enqueued
[22.718s][info][gc,ref      ] GC(53) Weak: 848 encountered, 260 discovered, 229 enqueued
[22.718s][info][gc,ref      ] GC(53) Final: 3 encountered, 0 discovered, 0 enqueued
[22.718s][info][gc,ref      ] GC(53) Phantom: 111 encountered, 94 discovered, 0 enqueued
[22.718s][info][gc,reloc    ] GC(53) Small Pages: 732 / 1464M, Empty: 1204M, Relocated: 0M, In-Place: 0
[22.718s][info][gc,reloc    ] GC(53) Medium Pages: 1 / 32M, Empty: 0M, Relocated: 0M, In-Place: 0
[22.718s][info][gc,reloc    ] GC(53) Large Pages: 0 / 0M, Empty: 0M, Relocated: 0M, In-Place: 0
[22.718s][info][gc,reloc    ] GC(53) Forwarding Usage: 0M
[22.718s][info][gc,heap     ] GC(53) Min Capacity: 2048M(100%)
[22.718s][info][gc,heap     ] GC(53) Max Capacity: 2048M(100%)
[22.718s][info][gc,heap     ] GC(53) Soft Max Capacity: 2048M(100%)
[22.719s][info][gc,heap     ] GC(53)                Mark Start          Mark End        Relocate Start      Relocate End           High               Low         
[22.719s][info][gc,heap     ] GC(53)  Capacity:     2048M (100%)       2048M (100%)       2048M (100%)       2048M (100%)       2048M (100%)       2048M (100%)   
[22.719s][info][gc,heap     ] GC(53)      Free:      552M (27%)         524M (26%)        1706M (83%)        1950M (95%)        1950M (95%)         506M (25%)    
[22.719s][info][gc,heap     ] GC(53)      Used:     1496M (73%)        1524M (74%)         342M (17%)          98M (5%)         1542M (75%)          98M (5%)     
[22.719s][info][gc,heap     ] GC(53)      Live:         -                 9M (0%)            9M (0%)            9M (0%)             -                  -          
[22.719s][info][gc,heap     ] GC(53) Allocated:         -                28M (1%)           50M (2%)           57M (3%)             -                  -          
[22.719s][info][gc,heap     ] GC(53)   Garbage:         -              1486M (73%)         282M (14%)          31M (2%)             -                  -          
[22.719s][info][gc,heap     ] GC(53) Reclaimed:         -                  -              1204M (59%)        1455M (71%)            -                  -          
[22.719s][info][gc          ] GC(53) Garbage Collection (Allocation Rate) 1496M(73%)->98M(5%)
[23.108s][info][gc,start    ] GC(54) Garbage Collection (Allocation Rate)
[23.108s][info][gc,task     ] GC(54) Using 1 workers
[23.108s][info][gc,phases   ] GC(54) Pause Mark Start 0.006ms
[23.187s][info][gc,phases   ] GC(54) Concurrent Mark 78.589ms
[23.187s][info][gc,phases   ] GC(54) Pause Mark End 0.054ms
[23.195s][info][gc,phases   ] GC(54) Concurrent Mark Free 0.002ms
[23.219s][info][gc,phases   ] GC(54) Concurrent Process Non-Strong References 23.758ms
[23.219s][info][gc,phases   ] GC(54) Concurrent Reset Relocation Set 0.006ms
[23.222s][info][gc,phases   ] GC(54) Concurrent Select Relocation Set 2.141ms
[23.222s][info][gc,phases   ] GC(54) Pause Relocate Start 0.011ms
[23.223s][info][gc,phases   ] GC(54) Concurrent Relocate 1.358ms
[23.224s][info][gc,load     ] GC(54) Load: 0.00/0.00/0.00
[23.224s][info][gc,mmu      ] GC(54) MMU: 2ms/66.0%, 5ms/86.4%, 10ms/93.2%, 20ms/96.6%, 50ms/98.6%, 100ms/99.3%
[23.224s][info][gc,marking  ] GC(54) Mark: 1 stripe(s), 3 proactive flush(es), 3 terminate flush(es), 1 completion(s), 0 continuation(s) 
[23.224s][info][gc,marking  ] GC(54) Mark Stack Usage: 32M
[23.224s][info][gc,nmethod  ] GC(54) NMethods: 3316 registered, 1172 unregistered
[23.224s][info][gc,metaspace] GC(54) Metaspace: 8M used, 9M committed, 1088M reserved
[23.224s][info][gc,ref      ] GC(54) Soft: 351 encountered, 0 discovered, 0 enqueued
[23.224s][info][gc,ref      ] GC(54) Weak: 856 encountered, 270 discovered, 234 enqueued
[23.224s][info][gc,ref      ] GC(54) Final: 3 encountered, 0 discovered, 0 enqueued
[23.224s][info][gc,ref      ] GC(54) Phantom: 94 encountered, 69 discovered, 0 enqueued
[23.224s][info][gc,reloc    ] GC(54) Small Pages: 797 / 1594M, Empty: 1316M, Relocated: 1M, In-Place: 0
[23.224s][info][gc,reloc    ] GC(54) Medium Pages: 1 / 32M, Empty: 0M, Relocated: 0M, In-Place: 0
[23.224s][info][gc,reloc    ] GC(54) Large Pages: 0 / 0M, Empty: 0M, Relocated: 0M, In-Place: 0
[23.224s][info][gc,reloc    ] GC(54) Forwarding Usage: 0M
[23.224s][info][gc,heap     ] GC(54) Min Capacity: 2048M(100%)
[23.224s][info][gc,heap     ] GC(54) Max Capacity: 2048M(100%)
[23.224s][info][gc,heap     ] GC(54) Soft Max Capacity: 2048M(100%)
[23.224s][info][gc,heap     ] GC(54)                Mark Start          Mark End        Relocate Start      Relocate End           High               Low         
[23.224s][info][gc,heap     ] GC(54)  Capacity:     2048M (100%)       2048M (100%)       2048M (100%)       2048M (100%)       2048M (100%)       2048M (100%)   
[23.224s][info][gc,heap     ] GC(54)      Free:      422M (21%)         182M (9%)         1436M (70%)        1706M (83%)        1706M (83%)         122M (6%)     
[23.224s][info][gc,heap     ] GC(54)      Used:     1626M (79%)        1866M (91%)         612M (30%)         342M (17%)        1926M (94%)         342M (17%)    
[23.224s][info][gc,heap     ] GC(54)      Live:         -                 9M (0%)            9M (0%)            9M (0%)             -                  -          
[23.224s][info][gc,heap     ] GC(54) Allocated:         -               240M (12%)         302M (15%)         303M (15%)            -                  -          
[23.224s][info][gc,heap     ] GC(54)   Garbage:         -              1616M (79%)         300M (15%)          29M (1%)             -                  -          
[23.224s][info][gc,heap     ] GC(54) Reclaimed:         -                  -              1316M (64%)        1587M (78%)            -                  -          
[23.224s][info][gc          ] GC(54) Garbage Collection (Allocation Rate) 1626M(79%)->342M(17%)
[23.409s][info][gc,start    ] GC(55) Garbage Collection (Allocation Rate)
[23.409s][info][gc,task     ] GC(55) Using 2 workers
[23.409s][info][gc,phases   ] GC(55) Pause Mark Start 0.009ms
[23.425s][info][gc,phases   ] GC(55) Concurrent Mark 13.847ms
[23.425s][info][gc,phases   ] GC(55) Pause Mark End 0.016ms
[23.430s][info][gc,phases   ] GC(55) Concurrent Mark Free 0.002ms
[23.434s][info][gc,phases   ] GC(55) Concurrent Process Non-Strong References 3.335ms
[23.434s][info][gc,phases   ] GC(55) Concurrent Reset Relocation Set 0.004ms
[23.436s][info][gc,phases   ] GC(55) Concurrent Select Relocation Set 2.131ms
[23.436s][info][gc,phases   ] GC(55) Pause Relocate Start 0.011ms
[23.438s][info][gc,phases   ] GC(55) Concurrent Relocate 1.701ms
[23.438s][info][gc,load     ] GC(55) Load: 0.00/0.00/0.00
[23.438s][info][gc,mmu      ] GC(55) MMU: 2ms/66.0%, 5ms/86.4%, 10ms/93.2%, 20ms/96.6%, 50ms/98.6%, 100ms/99.3%
[23.438s][info][gc,marking  ] GC(55) Mark: 2 stripe(s), 3 proactive flush(es), 1 terminate flush(es), 0 completion(s), 0 continuation(s) 
[23.438s][info][gc,marking  ] GC(55) Mark Stack Usage: 32M
[23.438s][info][gc,nmethod  ] GC(55) NMethods: 3318 registered, 1172 unregistered
[23.438s][info][gc,metaspace] GC(55) Metaspace: 8M used, 9M committed, 1088M reserved
[23.438s][info][gc,ref      ] GC(55) Soft: 351 encountered, 0 discovered, 0 enqueued
[23.438s][info][gc,ref      ] GC(55) Weak: 792 encountered, 436 discovered, 177 enqueued
[23.438s][info][gc,ref      ] GC(55) Final: 3 encountered, 0 discovered, 0 enqueued
[23.438s][info][gc,ref      ] GC(55) Phantom: 113 encountered, 97 discovered, 0 enqueued
[23.438s][info][gc,reloc    ] GC(55) Small Pages: 525 / 1050M, Empty: 860M, Relocated: 1M, In-Place: 0
[23.438s][info][gc,reloc    ] GC(55) Medium Pages: 1 / 32M, Empty: 0M, Relocated: 0M, In-Place: 0
[23.438s][info][gc,reloc    ] GC(55) Large Pages: 0 / 0M, Empty: 0M, Relocated: 0M, In-Place: 0
[23.438s][info][gc,reloc    ] GC(55) Forwarding Usage: 0M
[23.438s][info][gc,heap     ] GC(55) Min Capacity: 2048M(100%)
[23.438s][info][gc,heap     ] GC(55) Max Capacity: 2048M(100%)
[23.438s][info][gc,heap     ] GC(55) Soft Max Capacity: 2048M(100%)
[23.438s][info][gc,heap     ] GC(55)                Mark Start          Mark End        Relocate Start      Relocate End           High               Low         
[23.438s][info][gc,heap     ] GC(55)  Capacity:     2048M (100%)       2048M (100%)       2048M (100%)       2048M (100%)       2048M (100%)       2048M (100%)   
[23.438s][info][gc,heap     ] GC(55)      Free:      966M (47%)         914M (45%)        1738M (85%)        1916M (94%)        1916M (94%)         882M (43%)    
[23.438s][info][gc,heap     ] GC(55)      Used:     1082M (53%)        1134M (55%)         310M (15%)         132M (6%)         1166M (57%)         132M (6%)     
[23.438s][info][gc,heap     ] GC(55)      Live:         -                 9M (0%)            9M (0%)            9M (0%)             -                  -          
[23.438s][info][gc,heap     ] GC(55) Allocated:         -                52M (3%)           88M (4%)           91M (4%)             -                  -          
[23.438s][info][gc,heap     ] GC(55)   Garbage:         -              1072M (52%)         212M (10%)          30M (2%)             -                  -          
[23.438s][info][gc,heap     ] GC(55) Reclaimed:         -                  -               860M (42%)        1041M (51%)            -                  -          
[23.438s][info][gc          ] GC(55) Garbage Collection (Allocation Rate) 1082M(53%)->132M(6%)
[23.709s][info][gc,start    ] GC(56) Garbage Collection (Allocation Rate)
[23.709s][info][gc,task     ] GC(56) Using 1 workers
[23.710s][info][gc,phases   ] GC(56) Pause Mark Start 0.010ms
[23.719s][info][gc,phases   ] GC(56) Concurrent Mark 8.985ms
[23.719s][info][gc,phases   ] GC(56) Pause Mark End 0.015ms
[23.720s][info][gc,phases   ] GC(56) Concurrent Mark Free 0.001ms
[23.726s][info][gc,phases   ] GC(56) Concurrent Process Non-Strong References 6.500ms
[23.727s][info][gc,phases   ] GC(56) Concurrent Reset Relocation Set 0.006ms
[23.728s][info][gc,phases   ] GC(56) Concurrent Select Relocation Set 1.880ms
[23.729s][info][gc,phases   ] GC(56) Pause Relocate Start 0.012ms
[23.729s][info][gc,phases   ] GC(56) Concurrent Relocate 0.469ms
[23.729s][info][gc,load     ] GC(56) Load: 0.00/0.00/0.00
[23.729s][info][gc,mmu      ] GC(56) MMU: 2ms/66.0%, 5ms/86.4%, 10ms/93.2%, 20ms/96.6%, 50ms/98.6%, 100ms/99.3%
[23.729s][info][gc,marking  ] GC(56) Mark: 1 stripe(s), 2 proactive flush(es), 1 terminate flush(es), 0 completion(s), 0 continuation(s) 
[23.729s][info][gc,marking  ] GC(56) Mark Stack Usage: 32M
[23.729s][info][gc,nmethod  ] GC(56) NMethods: 3321 registered, 1172 unregistered
[23.729s][info][gc,metaspace] GC(56) Metaspace: 8M used, 9M committed, 1088M reserved
[23.729s][info][gc,ref      ] GC(56) Soft: 351 encountered, 0 discovered, 0 enqueued
[23.729s][info][gc,ref      ] GC(56) Weak: 791 encountered, 202 discovered, 170 enqueued
[23.729s][info][gc,ref      ] GC(56) Final: 3 encountered, 0 discovered, 0 enqueued
[23.729s][info][gc,ref      ] GC(56) Phantom: 102 encountered, 84 discovered, 0 enqueued
[23.729s][info][gc,reloc    ] GC(56) Small Pages: 551 / 1102M, Empty: 894M, Relocated: 0M, In-Place: 0
[23.729s][info][gc,reloc    ] GC(56) Medium Pages: 1 / 32M, Empty: 0M, Relocated: 0M, In-Place: 0
[23.729s][info][gc,reloc    ] GC(56) Large Pages: 0 / 0M, Empty: 0M, Relocated: 0M, In-Place: 0
[23.729s][info][gc,reloc    ] GC(56) Forwarding Usage: 0M
[23.729s][info][gc,heap     ] GC(56) Min Capacity: 2048M(100%)
[23.729s][info][gc,heap     ] GC(56) Max Capacity: 2048M(100%)
[23.729s][info][gc,heap     ] GC(56) Soft Max Capacity: 2048M(100%)
[23.729s][info][gc,heap     ] GC(56)                Mark Start          Mark End        Relocate Start      Relocate End           High               Low         
[23.729s][info][gc,heap     ] GC(56)  Capacity:     2048M (100%)       2048M (100%)       2048M (100%)       2048M (100%)       2048M (100%)       2048M (100%)   
[23.729s][info][gc,heap     ] GC(56)      Free:      914M (45%)         874M (43%)        1742M (85%)        1942M (95%)        1942M (95%)         852M (42%)    
[23.729s][info][gc,heap     ] GC(56)      Used:     1134M (55%)        1174M (57%)         306M (15%)         106M (5%)         1196M (58%)         106M (5%)     
[23.729s][info][gc,heap     ] GC(56)      Live:         -                 9M (0%)            9M (0%)            9M (0%)             -                  -          
[23.729s][info][gc,heap     ] GC(56) Allocated:         -                40M (2%)           66M (3%)           65M (3%)             -                  -          
[23.729s][info][gc,heap     ] GC(56)   Garbage:         -              1124M (55%)         230M (11%)          30M (2%)             -                  -          
[23.729s][info][gc,heap     ] GC(56) Reclaimed:         -                  -               894M (44%)        1093M (53%)            -                  -          
[23.729s][info][gc          ] GC(56) Garbage Collection (Allocation Rate) 1134M(55%)->106M(5%)
[24.005s][info][gc,start    ] GC(57) Garbage Collection (Allocation Rate)
[24.005s][info][gc,task     ] GC(57) Using 1 workers
[24.005s][info][gc,phases   ] GC(57) Pause Mark Start 0.010ms
[24.015s][info][gc,phases   ] GC(57) Concurrent Mark 8.007ms
[24.015s][info][gc,phases   ] GC(57) Pause Mark End 0.015ms
[24.015s][info][gc,phases   ] GC(57) Concurrent Mark Free 0.001ms
[24.022s][info][gc,phases   ] GC(57) Concurrent Process Non-Strong References 6.532ms
[24.022s][info][gc,phases   ] GC(57) Concurrent Reset Relocation Set 0.006ms
[24.024s][info][gc,phases   ] GC(57) Concurrent Select Relocation Set 1.901ms
[24.024s][info][gc,phases   ] GC(57) Pause Relocate Start 0.014ms
[24.025s][info][gc,phases   ] GC(57) Concurrent Relocate 0.491ms
[24.025s][info][gc,load     ] GC(57) Load: 0.00/0.00/0.00
[24.025s][info][gc,mmu      ] GC(57) MMU: 2ms/66.0%, 5ms/86.4%, 10ms/93.2%, 20ms/96.6%, 50ms/98.6%, 100ms/99.3%
[24.025s][info][gc,marking  ] GC(57) Mark: 1 stripe(s), 2 proactive flush(es), 1 terminate flush(es), 0 completion(s), 0 continuation(s) 
[24.025s][info][gc,marking  ] GC(57) Mark Stack Usage: 32M
[24.025s][info][gc,nmethod  ] GC(57) NMethods: 3321 registered, 1172 unregistered
[24.025s][info][gc,metaspace] GC(57) Metaspace: 8M used, 9M committed, 1088M reserved
[24.025s][info][gc,ref      ] GC(57) Soft: 351 encountered, 0 discovered, 0 enqueued
[24.025s][info][gc,ref      ] GC(57) Weak: 813 encountered, 224 discovered, 187 enqueued
[24.025s][info][gc,ref      ] GC(57) Final: 3 encountered, 0 discovered, 0 enqueued
[24.025s][info][gc,ref      ] GC(57) Phantom: 124 encountered, 110 discovered, 0 enqueued
[24.025s][info][gc,reloc    ] GC(57) Small Pages: 598 / 1196M, Empty: 974M, Relocated: 0M, In-Place: 0
[24.025s][info][gc,reloc    ] GC(57) Medium Pages: 1 / 32M, Empty: 0M, Relocated: 0M, In-Place: 0
[24.025s][info][gc,reloc    ] GC(57) Large Pages: 0 / 0M, Empty: 0M, Relocated: 0M, In-Place: 0
[24.025s][info][gc,reloc    ] GC(57) Forwarding Usage: 0M
[24.025s][info][gc,heap     ] GC(57) Min Capacity: 2048M(100%)
[24.025s][info][gc,heap     ] GC(57) Max Capacity: 2048M(100%)
[24.025s][info][gc,heap     ] GC(57) Soft Max Capacity: 2048M(100%)
[24.025s][info][gc,heap     ] GC(57)                Mark Start          Mark End        Relocate Start      Relocate End           High               Low         
[24.025s][info][gc,heap     ] GC(57)  Capacity:     2048M (100%)       2048M (100%)       2048M (100%)       2048M (100%)       2048M (100%)       2048M (100%)   
[24.025s][info][gc,heap     ] GC(57)      Free:      820M (40%)         788M (38%)        1738M (85%)        1950M (95%)        1950M (95%)         770M (38%)    
[24.025s][info][gc,heap     ] GC(57)      Used:     1228M (60%)        1260M (62%)         310M (15%)          98M (5%)         1278M (62%)          98M (5%)     
[24.025s][info][gc,heap     ] GC(57)      Live:         -                 9M (0%)            9M (0%)            9M (0%)             -                  -          
[24.025s][info][gc,heap     ] GC(57) Allocated:         -                32M (2%)           56M (3%)           57M (3%)             -                  -          
[24.025s][info][gc,heap     ] GC(57)   Garbage:         -              1218M (60%)         244M (12%)          30M (2%)             -                  -          
[24.025s][info][gc,heap     ] GC(57) Reclaimed:         -                  -               974M (48%)        1187M (58%)            -                  -          
[24.025s][info][gc          ] GC(57) Garbage Collection (Allocation Rate) 1228M(60%)->98M(5%)
[24.400s][info][gc,start    ] GC(58) Garbage Collection (Allocation Rate)
[24.400s][info][gc,task     ] GC(58) Using 1 workers
[24.400s][info][gc,phases   ] GC(58) Pause Mark Start 0.008ms
[24.418s][info][gc,phases   ] GC(58) Concurrent Mark 8.146ms
[24.418s][info][gc,phases   ] GC(58) Pause Mark End 0.013ms
[24.419s][info][gc,phases   ] GC(58) Concurrent Mark Free 0.001ms
[24.425s][info][gc,phases   ] GC(58) Concurrent Process Non-Strong References 6.495ms
[24.425s][info][gc,phases   ] GC(58) Concurrent Reset Relocation Set 0.008ms
[24.427s][info][gc,phases   ] GC(58) Concurrent Select Relocation Set 2.103ms
[24.427s][info][gc,phases   ] GC(58) Pause Relocate Start 0.013ms
[24.428s][info][gc,phases   ] GC(58) Concurrent Relocate 0.466ms
[24.428s][info][gc,load     ] GC(58) Load: 0.00/0.00/0.00
[24.428s][info][gc,mmu      ] GC(58) MMU: 2ms/66.0%, 5ms/86.4%, 10ms/93.2%, 20ms/96.6%, 50ms/98.6%, 100ms/99.3%
[24.428s][info][gc,marking  ] GC(58) Mark: 1 stripe(s), 2 proactive flush(es), 1 terminate flush(es), 0 completion(s), 0 continuation(s) 
[24.428s][info][gc,marking  ] GC(58) Mark Stack Usage: 32M
[24.428s][info][gc,nmethod  ] GC(58) NMethods: 3321 registered, 1172 unregistered
[24.428s][info][gc,metaspace] GC(58) Metaspace: 8M used, 9M committed, 1088M reserved
[24.428s][info][gc,ref      ] GC(58) Soft: 351 encountered, 0 discovered, 0 enqueued
[24.428s][info][gc,ref      ] GC(58) Weak: 868 encountered, 279 discovered, 249 enqueued
[24.428s][info][gc,ref      ] GC(58) Final: 3 encountered, 0 discovered, 0 enqueued
[24.428s][info][gc,ref      ] GC(58) Phantom: 116 encountered, 97 discovered, 0 enqueued
[24.428s][info][gc,reloc    ] GC(58) Small Pages: 784 / 1568M, Empty: 1294M, Relocated: 0M, In-Place: 0
[24.428s][info][gc,reloc    ] GC(58) Medium Pages: 1 / 32M, Empty: 0M, Relocated: 0M, In-Place: 0
[24.428s][info][gc,reloc    ] GC(58) Large Pages: 0 / 0M, Empty: 0M, Relocated: 0M, In-Place: 0
[24.428s][info][gc,reloc    ] GC(58) Forwarding Usage: 0M
[24.428s][info][gc,heap     ] GC(58) Min Capacity: 2048M(100%)
[24.428s][info][gc,heap     ] GC(58) Max Capacity: 2048M(100%)
[24.428s][info][gc,heap     ] GC(58) Soft Max Capacity: 2048M(100%)
[24.428s][info][gc,heap     ] GC(58)                Mark Start          Mark End        Relocate Start      Relocate End           High               Low         
[24.428s][info][gc,heap     ] GC(58)  Capacity:     2048M (100%)       2048M (100%)       2048M (100%)       2048M (100%)       2048M (100%)       2048M (100%)   
[24.428s][info][gc,heap     ] GC(58)      Free:      448M (22%)         380M (19%)        1646M (80%)        1910M (93%)        1910M (93%)         360M (18%)    
[24.428s][info][gc,heap     ] GC(58)      Used:     1600M (78%)        1668M (81%)         402M (20%)         138M (7%)         1688M (82%)         138M (7%)     
[24.428s][info][gc,heap     ] GC(58)      Live:         -                 9M (0%)            9M (0%)            9M (0%)             -                  -          
[24.428s][info][gc,heap     ] GC(58) Allocated:         -                68M (3%)           96M (5%)           97M (5%)             -                  -          
[24.428s][info][gc,heap     ] GC(58)   Garbage:         -              1590M (78%)         296M (14%)          30M (2%)             -                  -          
[24.428s][info][gc,heap     ] GC(58) Reclaimed:         -                  -              1294M (63%)        1559M (76%)            -                  -          
[24.428s][info][gc          ] GC(58) Garbage Collection (Allocation Rate) 1600M(78%)->138M(7%)
[24.799s][info][gc,start    ] GC(59) Garbage Collection (Allocation Rate)
[24.799s][info][gc,task     ] GC(59) Using 1 workers
[24.799s][info][gc,phases   ] GC(59) Pause Mark Start 0.012ms
[24.805s][info][gc,phases   ] GC(59) Concurrent Mark 5.396ms
[24.805s][info][gc,phases   ] GC(59) Pause Mark End 0.012ms
[24.805s][info][gc,phases   ] GC(59) Concurrent Mark Free 0.001ms
[24.810s][info][gc,phases   ] GC(59) Concurrent Process Non-Strong References 5.370ms
[24.810s][info][gc,phases   ] GC(59) Concurrent Reset Relocation Set 0.006ms
[24.812s][info][gc,phases   ] GC(59) Concurrent Select Relocation Set 1.803ms
[24.812s][info][gc,phases   ] GC(59) Pause Relocate Start 0.010ms
[24.813s][info][gc,phases   ] GC(59) Concurrent Relocate 1.085ms
[24.813s][info][gc,load     ] GC(59) Load: 0.00/0.00/0.00
[24.813s][info][gc,mmu      ] GC(59) MMU: 2ms/66.0%, 5ms/86.4%, 10ms/93.2%, 20ms/96.6%, 50ms/98.6%, 100ms/99.3%
[24.813s][info][gc,marking  ] GC(59) Mark: 1 stripe(s), 2 proactive flush(es), 1 terminate flush(es), 0 completion(s), 0 continuation(s) 
[24.814s][info][gc,marking  ] GC(59) Mark Stack Usage: 32M
[24.814s][info][gc,nmethod  ] GC(59) NMethods: 3322 registered, 1172 unregistered
[24.814s][info][gc,metaspace] GC(59) Metaspace: 8M used, 9M committed, 1088M reserved
[24.814s][info][gc,ref      ] GC(59) Soft: 351 encountered, 0 discovered, 0 enqueued
[24.814s][info][gc,ref      ] GC(59) Weak: 666 encountered, 91 discovered, 83 enqueued
[24.814s][info][gc,ref      ] GC(59) Final: 3 encountered, 0 discovered, 0 enqueued
[24.814s][info][gc,ref      ] GC(59) Phantom: 59 encountered, 45 discovered, 0 enqueued
[24.814s][info][gc,reloc    ] GC(59) Small Pages: 760 / 1520M, Empty: 1414M, Relocated: 1M, In-Place: 0
[24.814s][info][gc,reloc    ] GC(59) Medium Pages: 1 / 32M, Empty: 0M, Relocated: 0M, In-Place: 0
[24.814s][info][gc,reloc    ] GC(59) Large Pages: 0 / 0M, Empty: 0M, Relocated: 0M, In-Place: 0
[24.814s][info][gc,reloc    ] GC(59) Forwarding Usage: 0M
[24.814s][info][gc,heap     ] GC(59) Min Capacity: 2048M(100%)
[24.814s][info][gc,heap     ] GC(59) Max Capacity: 2048M(100%)
[24.814s][info][gc,heap     ] GC(59) Soft Max Capacity: 2048M(100%)
[24.814s][info][gc,heap     ] GC(59)                Mark Start          Mark End        Relocate Start      Relocate End           High               Low         
[24.814s][info][gc,heap     ] GC(59)  Capacity:     2048M (100%)       2048M (100%)       2048M (100%)       2048M (100%)       2048M (100%)       2048M (100%)   
[24.814s][info][gc,heap     ] GC(59)      Free:      496M (24%)         490M (24%)        1896M (93%)        1996M (97%)        1996M (97%)         484M (24%)    
[24.814s][info][gc,heap     ] GC(59)      Used:     1552M (76%)        1558M (76%)         152M (7%)           52M (3%)         1564M (76%)          52M (3%)     
[24.814s][info][gc,heap     ] GC(59)      Live:         -                 8M (0%)            8M (0%)            8M (0%)             -                  -          
[24.814s][info][gc,heap     ] GC(59) Allocated:         -                 6M (0%)           14M (1%)           13M (1%)             -                  -          
[24.814s][info][gc,heap     ] GC(59)   Garbage:         -              1543M (75%)         129M (6%)           29M (1%)             -                  -          
[24.814s][info][gc,heap     ] GC(59) Reclaimed:         -                  -              1414M (69%)        1513M (74%)            -                  -          
[24.814s][info][gc          ] GC(59) Garbage Collection (Allocation Rate) 1552M(76%)->52M(3%)
[25.026s][info][gc,start    ] GC(60) Garbage Collection (System.gc())
[25.026s][info][gc,task     ] GC(60) Using 2 workers
[25.026s][info][gc,phases   ] GC(60) Pause Mark Start 0.005ms
[25.038s][info][gc,phases   ] GC(60) Concurrent Mark 12.266ms
[25.038s][info][gc,phases   ] GC(60) Pause Mark End 0.011ms
[25.038s][info][gc,phases   ] GC(60) Concurrent Mark Free 0.001ms
[25.041s][info][gc,phases   ] GC(60) Concurrent Process Non-Strong References 2.952ms
[25.041s][info][gc,phases   ] GC(60) Concurrent Reset Relocation Set 0.003ms
[25.043s][info][gc,phases   ] GC(60) Concurrent Select Relocation Set 1.403ms
[25.043s][info][gc,phases   ] GC(60) Pause Relocate Start 0.008ms
[25.044s][info][gc,phases   ] GC(60) Concurrent Relocate 0.581ms
[25.044s][info][gc,load     ] GC(60) Load: 0.00/0.00/0.00
[25.044s][info][gc,mmu      ] GC(60) MMU: 2ms/66.0%, 5ms/86.4%, 10ms/93.2%, 20ms/96.6%, 50ms/98.6%, 100ms/99.3%
[25.044s][info][gc,marking  ] GC(60) Mark: 2 stripe(s), 1 proactive flush(es), 1 terminate flush(es), 0 completion(s), 0 continuation(s) 
[25.044s][info][gc,marking  ] GC(60) Mark Stack Usage: 32M
[25.044s][info][gc,nmethod  ] GC(60) NMethods: 3326 registered, 1172 unregistered
[25.044s][info][gc,metaspace] GC(60) Metaspace: 8M used, 9M committed, 1088M reserved
[25.044s][info][gc,ref      ] GC(60) Soft: 351 encountered, 0 discovered, 0 enqueued
[25.044s][info][gc,ref      ] GC(60) Weak: 572 encountered, 237 discovered, 0 enqueued
[25.044s][info][gc,ref      ] GC(60) Final: 3 encountered, 2 discovered, 0 enqueued
[25.044s][info][gc,ref      ] GC(60) Phantom: 26 encountered, 24 discovered, 0 enqueued
[25.044s][info][gc,reloc    ] GC(60) Small Pages: 37 / 74M, Empty: 64M, Relocated: 1M, In-Place: 0
[25.044s][info][gc,reloc    ] GC(60) Medium Pages: 2 / 64M, Empty: 32M, Relocated: 0M, In-Place: 0
[25.044s][info][gc,reloc    ] GC(60) Large Pages: 0 / 0M, Empty: 0M, Relocated: 0M, In-Place: 0
[25.044s][info][gc,reloc    ] GC(60) Forwarding Usage: 0M
[25.044s][info][gc,heap     ] GC(60) Min Capacity: 2048M(100%)
[25.044s][info][gc,heap     ] GC(60) Max Capacity: 2048M(100%)
[25.044s][info][gc,heap     ] GC(60) Soft Max Capacity: 2048M(100%)
[25.044s][info][gc,heap     ] GC(60)                Mark Start          Mark End        Relocate Start      Relocate End           High               Low         
[25.044s][info][gc,heap     ] GC(60)  Capacity:     2048M (100%)       2048M (100%)       2048M (100%)       2048M (100%)       2048M (100%)       2048M (100%)   
[25.044s][info][gc,heap     ] GC(60)      Free:     1910M (93%)        1910M (93%)        2006M (98%)        2008M (98%)        2008M (98%)        1910M (93%)    
[25.044s][info][gc,heap     ] GC(60)      Used:      138M (7%)          138M (7%)           42M (2%)           40M (2%)          138M (7%)           40M (2%)     
[25.044s][info][gc,heap     ] GC(60)      Live:         -                 8M (0%)            8M (0%)            8M (0%)             -                  -          
[25.044s][info][gc,heap     ] GC(60) Allocated:         -                 0M (0%)            0M (0%)            0M (0%)             -                  -          
[25.044s][info][gc,heap     ] GC(60)   Garbage:         -               129M (6%)           33M (2%)           31M (2%)             -                  -          
[25.044s][info][gc,heap     ] GC(60) Reclaimed:         -                  -                96M (5%)           98M (5%)             -                  -          
[25.044s][info][gc          ] GC(60) Garbage Collection (System.gc()) 138M(7%)->40M(2%)
[25.307s][info][gc,start    ] GC(61) Garbage Collection (Allocation Rate)
[25.307s][info][gc,task     ] GC(61) Using 1 workers
[25.307s][info][gc,phases   ] GC(61) Pause Mark Start 0.009ms
[25.318s][info][gc,phases   ] GC(61) Concurrent Mark 8.996ms
[25.318s][info][gc,phases   ] GC(61) Pause Mark End 0.016ms
[25.318s][info][gc,phases   ] GC(61) Concurrent Mark Free 0.001ms
[25.325s][info][gc,phases   ] GC(61) Concurrent Process Non-Strong References 6.503ms
[25.325s][info][gc,phases   ] GC(61) Concurrent Reset Relocation Set 0.001ms
[25.327s][info][gc,phases   ] GC(61) Concurrent Select Relocation Set 1.939ms
[25.327s][info][gc,phases   ] GC(61) Pause Relocate Start 0.011ms
[25.327s][info][gc,phases   ] GC(61) Concurrent Relocate 0.486ms
[25.327s][info][gc,load     ] GC(61) Load: 0.00/0.00/0.00
[25.327s][info][gc,mmu      ] GC(61) MMU: 2ms/66.0%, 5ms/86.4%, 10ms/93.2%, 20ms/96.6%, 50ms/98.6%, 100ms/99.3%
[25.327s][info][gc,marking  ] GC(61) Mark: 1 stripe(s), 2 proactive flush(es), 1 terminate flush(es), 0 completion(s), 0 continuation(s) 
[25.327s][info][gc,marking  ] GC(61) Mark Stack Usage: 32M
[25.327s][info][gc,nmethod  ] GC(61) NMethods: 3330 registered, 1172 unregistered
[25.327s][info][gc,metaspace] GC(61) Metaspace: 8M used, 9M committed, 1088M reserved
[25.327s][info][gc,ref      ] GC(61) Soft: 351 encountered, 0 discovered, 0 enqueued
[25.327s][info][gc,ref      ] GC(61) Weak: 783 encountered, 189 discovered, 156 enqueued
[25.327s][info][gc,ref      ] GC(61) Final: 3 encountered, 0 discovered, 0 enqueued
[25.327s][info][gc,ref      ] GC(61) Phantom: 100 encountered, 74 discovered, 0 enqueued
[25.327s][info][gc,reloc    ] GC(61) Small Pages: 538 / 1076M, Empty: 870M, Relocated: 0M, In-Place: 0
[25.327s][info][gc,reloc    ] GC(61) Medium Pages: 2 / 64M, Empty: 32M, Relocated: 0M, In-Place: 0
[25.327s][info][gc,reloc    ] GC(61) Large Pages: 0 / 0M, Empty: 0M, Relocated: 0M, In-Place: 0
[25.327s][info][gc,reloc    ] GC(61) Forwarding Usage: 0M
[25.327s][info][gc,heap     ] GC(61) Min Capacity: 2048M(100%)
[25.327s][info][gc,heap     ] GC(61) Max Capacity: 2048M(100%)
[25.327s][info][gc,heap     ] GC(61) Soft Max Capacity: 2048M(100%)
[25.327s][info][gc,heap     ] GC(61)                Mark Start          Mark End        Relocate Start      Relocate End           High               Low         
[25.327s][info][gc,heap     ] GC(61)  Capacity:     2048M (100%)       2048M (100%)       2048M (100%)       2048M (100%)       2048M (100%)       2048M (100%)   
[25.327s][info][gc,heap     ] GC(61)      Free:      908M (44%)         866M (42%)        1738M (85%)        1934M (94%)        1934M (94%)         842M (41%)    
[25.327s][info][gc,heap     ] GC(61)      Used:     1140M (56%)        1182M (58%)         310M (15%)         114M (6%)         1206M (59%)         114M (6%)     
[25.327s][info][gc,heap     ] GC(61)      Live:         -                 9M (0%)            9M (0%)            9M (0%)             -                  -          
[25.327s][info][gc,heap     ] GC(61) Allocated:         -                42M (2%)           72M (4%)           73M (4%)             -                  -          
[25.328s][info][gc,heap     ] GC(61)   Garbage:         -              1130M (55%)         228M (11%)          30M (2%)             -                  -          
[25.328s][info][gc,heap     ] GC(61) Reclaimed:         -                  -               902M (44%)        1099M (54%)            -                  -          
[25.328s][info][gc          ] GC(61) Garbage Collection (Allocation Rate) 1140M(56%)->114M(6%)
[25.710s][info][gc,start    ] GC(62) Garbage Collection (Allocation Rate)
[25.710s][info][gc,task     ] GC(62) Using 1 workers
[25.711s][info][gc,phases   ] GC(62) Pause Mark Start 0.011ms
[25.722s][info][gc,phases   ] GC(62) Concurrent Mark 8.777ms
[25.722s][info][gc,phases   ] GC(62) Pause Mark End 0.015ms
[25.733s][info][gc,phases   ] GC(62) Concurrent Mark Free 0.003ms
[25.740s][info][gc,phases   ] GC(62) Concurrent Process Non-Strong References 6.783ms
[25.740s][info][gc,phases   ] GC(62) Concurrent Reset Relocation Set 0.004ms
[25.742s][info][gc,phases   ] GC(62) Concurrent Select Relocation Set 2.098ms
[25.742s][info][gc,phases   ] GC(62) Pause Relocate Start 0.010ms
[25.743s][info][gc,phases   ] GC(62) Concurrent Relocate 0.489ms
[25.743s][info][gc,load     ] GC(62) Load: 0.00/0.00/0.00
[25.743s][info][gc,mmu      ] GC(62) MMU: 2ms/66.0%, 5ms/86.4%, 10ms/93.2%, 20ms/96.6%, 50ms/98.6%, 100ms/99.3%
[25.743s][info][gc,marking  ] GC(62) Mark: 1 stripe(s), 2 proactive flush(es), 1 terminate flush(es), 0 completion(s), 0 continuation(s) 
[25.743s][info][gc,marking  ] GC(62) Mark Stack Usage: 32M
[25.743s][info][gc,nmethod  ] GC(62) NMethods: 3332 registered, 1172 unregistered
[25.743s][info][gc,metaspace] GC(62) Metaspace: 8M used, 9M committed, 1088M reserved
[25.743s][info][gc,ref      ] GC(62) Soft: 351 encountered, 0 discovered, 0 enqueued
[25.743s][info][gc,ref      ] GC(62) Weak: 881 encountered, 292 discovered, 261 enqueued
[25.743s][info][gc,ref      ] GC(62) Final: 3 encountered, 0 discovered, 0 enqueued
[25.743s][info][gc,ref      ] GC(62) Phantom: 120 encountered, 97 discovered, 0 enqueued
[25.743s][info][gc,reloc    ] GC(62) Small Pages: 828 / 1656M, Empty: 1358M, Relocated: 0M, In-Place: 0
[25.743s][info][gc,reloc    ] GC(62) Medium Pages: 1 / 32M, Empty: 0M, Relocated: 0M, In-Place: 0
[25.743s][info][gc,reloc    ] GC(62) Large Pages: 0 / 0M, Empty: 0M, Relocated: 0M, In-Place: 0
[25.743s][info][gc,reloc    ] GC(62) Forwarding Usage: 0M
[25.743s][info][gc,heap     ] GC(62) Min Capacity: 2048M(100%)
[25.743s][info][gc,heap     ] GC(62) Max Capacity: 2048M(100%)
[25.743s][info][gc,heap     ] GC(62) Soft Max Capacity: 2048M(100%)
[25.743s][info][gc,heap     ] GC(62)                Mark Start          Mark End        Relocate Start      Relocate End           High               Low         
[25.743s][info][gc,heap     ] GC(62)  Capacity:     2048M (100%)       2048M (100%)       2048M (100%)       2048M (100%)       2048M (100%)       2048M (100%)   
[25.743s][info][gc,heap     ] GC(62)      Free:      360M (18%)         328M (16%)        1618M (79%)        1906M (93%)        1906M (93%)         266M (13%)    
[25.743s][info][gc,heap     ] GC(62)      Used:     1688M (82%)        1720M (84%)         430M (21%)         142M (7%)         1782M (87%)         142M (7%)     
[25.743s][info][gc,heap     ] GC(62)      Live:         -                 9M (0%)            9M (0%)            9M (0%)             -                  -          
[25.743s][info][gc,heap     ] GC(62) Allocated:         -                32M (2%)          100M (5%)          101M (5%)             -                  -          
[25.743s][info][gc,heap     ] GC(62)   Garbage:         -              1678M (82%)         320M (16%)          30M (2%)             -                  -          
[25.743s][info][gc,heap     ] GC(62) Reclaimed:         -                  -              1358M (66%)        1647M (80%)            -                  -          
[25.743s][info][gc          ] GC(62) Garbage Collection (Allocation Rate) 1688M(82%)->142M(7%)
[26.105s][info][gc,start    ] GC(63) Garbage Collection (Allocation Rate)
[26.105s][info][gc,task     ] GC(63) Using 1 workers
[26.105s][info][gc,phases   ] GC(63) Pause Mark Start 0.009ms
[26.119s][info][gc,phases   ] GC(63) Concurrent Mark 7.940ms
[26.120s][info][gc,phases   ] GC(63) Pause Mark End 0.014ms
[26.120s][info][gc,phases   ] GC(63) Concurrent Mark Free 0.001ms
[26.127s][info][gc,phases   ] GC(63) Concurrent Process Non-Strong References 6.734ms
[26.127s][info][gc,phases   ] GC(63) Concurrent Reset Relocation Set 0.007ms
[26.128s][info][gc,phases   ] GC(63) Concurrent Select Relocation Set 1.866ms
[26.129s][info][gc,phases   ] GC(63) Pause Relocate Start 0.011ms
[26.129s][info][gc,phases   ] GC(63) Concurrent Relocate 0.501ms
[26.129s][info][gc,load     ] GC(63) Load: 0.00/0.00/0.00
[26.129s][info][gc,mmu      ] GC(63) MMU: 2ms/66.0%, 5ms/86.4%, 10ms/93.2%, 20ms/96.6%, 50ms/98.6%, 100ms/99.3%
[26.130s][info][gc,marking  ] GC(63) Mark: 1 stripe(s), 2 proactive flush(es), 1 terminate flush(es), 0 completion(s), 0 continuation(s) 
[26.130s][info][gc,marking  ] GC(63) Mark Stack Usage: 32M
[26.130s][info][gc,nmethod  ] GC(63) NMethods: 3339 registered, 1172 unregistered
[26.130s][info][gc,metaspace] GC(63) Metaspace: 8M used, 9M committed, 1088M reserved
[26.130s][info][gc,ref      ] GC(63) Soft: 351 encountered, 0 discovered, 0 enqueued
[26.130s][info][gc,ref      ] GC(63) Weak: 838 encountered, 247 discovered, 220 enqueued
[26.130s][info][gc,ref      ] GC(63) Final: 3 encountered, 0 discovered, 0 enqueued
[26.130s][info][gc,ref      ] GC(63) Phantom: 113 encountered, 88 discovered, 0 enqueued
[26.130s][info][gc,reloc    ] GC(63) Small Pages: 697 / 1394M, Empty: 1140M, Relocated: 0M, In-Place: 0
[26.130s][info][gc,reloc    ] GC(63) Medium Pages: 1 / 32M, Empty: 0M, Relocated: 0M, In-Place: 0
[26.130s][info][gc,reloc    ] GC(63) Large Pages: 0 / 0M, Empty: 0M, Relocated: 0M, In-Place: 0
[26.130s][info][gc,reloc    ] GC(63) Forwarding Usage: 0M
[26.130s][info][gc,heap     ] GC(63) Min Capacity: 2048M(100%)
[26.130s][info][gc,heap     ] GC(63) Max Capacity: 2048M(100%)
[26.130s][info][gc,heap     ] GC(63) Soft Max Capacity: 2048M(100%)
[26.130s][info][gc,heap     ] GC(63)                Mark Start          Mark End        Relocate Start      Relocate End           High               Low         
[26.130s][info][gc,heap     ] GC(63)  Capacity:     2048M (100%)       2048M (100%)       2048M (100%)       2048M (100%)       2048M (100%)       2048M (100%)   
[26.130s][info][gc,heap     ] GC(63)      Free:      622M (30%)         582M (28%)        1698M (83%)        1944M (95%)        1944M (95%)         562M (27%)    
[26.130s][info][gc,heap     ] GC(63)      Used:     1426M (70%)        1466M (72%)         350M (17%)         104M (5%)         1486M (73%)         104M (5%)     
[26.130s][info][gc,heap     ] GC(63)      Live:         -                 9M (0%)            9M (0%)            9M (0%)             -                  -          
[26.130s][info][gc,heap     ] GC(63) Allocated:         -                40M (2%)           64M (3%)           63M (3%)             -                  -          
[26.130s][info][gc,heap     ] GC(63)   Garbage:         -              1416M (69%)         276M (14%)          30M (2%)             -                  -          
[26.130s][info][gc,heap     ] GC(63) Reclaimed:         -                  -              1140M (56%)        1385M (68%)            -                  -          
[26.130s][info][gc          ] GC(63) Garbage Collection (Allocation Rate) 1426M(70%)->104M(5%)
[26.411s][info][gc,start    ] GC(64) Garbage Collection (Allocation Rate)
[26.411s][info][gc,task     ] GC(64) Using 1 workers
[26.411s][info][gc,phases   ] GC(64) Pause Mark Start 0.011ms
[26.423s][info][gc,phases   ] GC(64) Concurrent Mark 10.894ms
[26.423s][info][gc,phases   ] GC(64) Pause Mark End 0.016ms
[26.426s][info][gc,phases   ] GC(64) Concurrent Mark Free 0.002ms
[26.433s][info][gc,phases   ] GC(64) Concurrent Process Non-Strong References 6.638ms
[26.433s][info][gc,phases   ] GC(64) Concurrent Reset Relocation Set 0.006ms
[26.435s][info][gc,phases   ] GC(64) Concurrent Select Relocation Set 1.966ms
[26.435s][info][gc,phases   ] GC(64) Pause Relocate Start 0.013ms
[26.436s][info][gc,phases   ] GC(64) Concurrent Relocate 0.472ms
[26.436s][info][gc,load     ] GC(64) Load: 0.00/0.00/0.00
[26.436s][info][gc,mmu      ] GC(64) MMU: 2ms/66.0%, 5ms/86.4%, 10ms/93.2%, 20ms/96.6%, 50ms/98.6%, 100ms/99.3%
[26.436s][info][gc,marking  ] GC(64) Mark: 1 stripe(s), 2 proactive flush(es), 1 terminate flush(es), 0 completion(s), 0 continuation(s) 
[26.436s][info][gc,marking  ] GC(64) Mark Stack Usage: 32M
[26.436s][info][gc,nmethod  ] GC(64) NMethods: 3347 registered, 1172 unregistered
[26.436s][info][gc,metaspace] GC(64) Metaspace: 8M used, 9M committed, 1088M reserved
[26.436s][info][gc,ref      ] GC(64) Soft: 351 encountered, 0 discovered, 0 enqueued
[26.436s][info][gc,ref      ] GC(64) Weak: 813 encountered, 220 discovered, 188 enqueued
[26.436s][info][gc,ref      ] GC(64) Final: 3 encountered, 0 discovered, 0 enqueued
[26.436s][info][gc,ref      ] GC(64) Phantom: 124 encountered, 110 discovered, 0 enqueued
[26.436s][info][gc,reloc    ] GC(64) Small Pages: 608 / 1216M, Empty: 982M, Relocated: 0M, In-Place: 0
[26.436s][info][gc,reloc    ] GC(64) Medium Pages: 1 / 32M, Empty: 0M, Relocated: 0M, In-Place: 0
[26.436s][info][gc,reloc    ] GC(64) Large Pages: 0 / 0M, Empty: 0M, Relocated: 0M, In-Place: 0
[26.436s][info][gc,reloc    ] GC(64) Forwarding Usage: 0M
[26.436s][info][gc,heap     ] GC(64) Min Capacity: 2048M(100%)
[26.436s][info][gc,heap     ] GC(64) Max Capacity: 2048M(100%)
[26.436s][info][gc,heap     ] GC(64) Soft Max Capacity: 2048M(100%)
[26.436s][info][gc,heap     ] GC(64)                Mark Start          Mark End        Relocate Start      Relocate End           High               Low         
[26.436s][info][gc,heap     ] GC(64)  Capacity:     2048M (100%)       2048M (100%)       2048M (100%)       2048M (100%)       2048M (100%)       2048M (100%)   
[26.436s][info][gc,heap     ] GC(64)      Free:      800M (39%)         760M (37%)        1706M (83%)        1928M (94%)        1928M (94%)         728M (36%)    
[26.436s][info][gc,heap     ] GC(64)      Used:     1248M (61%)        1288M (63%)         342M (17%)         120M (6%)         1320M (64%)         120M (6%)     
[26.436s][info][gc,heap     ] GC(64)      Live:         -                 9M (0%)            9M (0%)            9M (0%)             -                  -          
[26.436s][info][gc,heap     ] GC(64) Allocated:         -                40M (2%)           76M (4%)           79M (4%)             -                  -          
[26.436s][info][gc,heap     ] GC(64)   Garbage:         -              1238M (60%)         256M (13%)          30M (2%)             -                  -          
[26.436s][info][gc,heap     ] GC(64) Reclaimed:         -                  -               982M (48%)        1207M (59%)            -                  -          
[26.436s][info][gc          ] GC(64) Garbage Collection (Allocation Rate) 1248M(61%)->120M(6%)
[26.811s][info][gc,start    ] GC(65) Garbage Collection (Allocation Rate)
[26.811s][info][gc,task     ] GC(65) Using 1 workers
[26.812s][info][gc,phases   ] GC(65) Pause Mark Start 0.008ms
[26.821s][info][gc,phases   ] GC(65) Concurrent Mark 8.904ms
[26.821s][info][gc,phases   ] GC(65) Pause Mark End 0.013ms
[26.827s][info][gc,phases   ] GC(65) Concurrent Mark Free 0.002ms
[26.834s][info][gc,phases   ] GC(65) Concurrent Process Non-Strong References 6.748ms
[26.834s][info][gc,phases   ] GC(65) Concurrent Reset Relocation Set 0.006ms
[26.836s][info][gc,phases   ] GC(65) Concurrent Select Relocation Set 1.937ms
[26.836s][info][gc,phases   ] GC(65) Pause Relocate Start 0.008ms
[26.838s][info][gc,phases   ] GC(65) Concurrent Relocate 1.358ms
[26.838s][info][gc,load     ] GC(65) Load: 0.00/0.00/0.00
[26.838s][info][gc,mmu      ] GC(65) MMU: 2ms/66.0%, 5ms/86.4%, 10ms/93.2%, 20ms/96.6%, 50ms/98.6%, 100ms/99.3%
[26.838s][info][gc,marking  ] GC(65) Mark: 1 stripe(s), 2 proactive flush(es), 1 terminate flush(es), 0 completion(s), 0 continuation(s) 
[26.838s][info][gc,marking  ] GC(65) Mark Stack Usage: 32M
[26.838s][info][gc,nmethod  ] GC(65) NMethods: 3353 registered, 1172 unregistered
[26.838s][info][gc,metaspace] GC(65) Metaspace: 8M used, 9M committed, 1088M reserved
[26.838s][info][gc,ref      ] GC(65) Soft: 351 encountered, 0 discovered, 0 enqueued
[26.838s][info][gc,ref      ] GC(65) Weak: 854 encountered, 269 discovered, 247 enqueued
[26.838s][info][gc,ref      ] GC(65) Final: 3 encountered, 0 discovered, 0 enqueued
[26.838s][info][gc,ref      ] GC(65) Phantom: 95 encountered, 71 discovered, 0 enqueued
[26.838s][info][gc,reloc    ] GC(65) Small Pages: 788 / 1576M, Empty: 1296M, Relocated: 1M, In-Place: 0
[26.838s][info][gc,reloc    ] GC(65) Medium Pages: 1 / 32M, Empty: 0M, Relocated: 0M, In-Place: 0
[26.838s][info][gc,reloc    ] GC(65) Large Pages: 0 / 0M, Empty: 0M, Relocated: 0M, In-Place: 0
[26.838s][info][gc,reloc    ] GC(65) Forwarding Usage: 0M
[26.838s][info][gc,heap     ] GC(65) Min Capacity: 2048M(100%)
[26.838s][info][gc,heap     ] GC(65) Max Capacity: 2048M(100%)
[26.838s][info][gc,heap     ] GC(65) Soft Max Capacity: 2048M(100%)
[26.838s][info][gc,heap     ] GC(65)                Mark Start          Mark End        Relocate Start      Relocate End           High               Low         
[26.838s][info][gc,heap     ] GC(65)  Capacity:     2048M (100%)       2048M (100%)       2048M (100%)       2048M (100%)       2048M (100%)       2048M (100%)   
[26.838s][info][gc,heap     ] GC(65)      Free:      440M (21%)         406M (20%)        1642M (80%)        1908M (93%)        1908M (93%)         352M (17%)    
[26.838s][info][gc,heap     ] GC(65)      Used:     1608M (79%)        1642M (80%)         406M (20%)         140M (7%)         1696M (83%)         140M (7%)     
[26.838s][info][gc,heap     ] GC(65)      Live:         -                 9M (0%)            9M (0%)            9M (0%)             -                  -          
[26.838s][info][gc,heap     ] GC(65) Allocated:         -                34M (2%)           94M (5%)          101M (5%)             -                  -          
[26.838s][info][gc,heap     ] GC(65)   Garbage:         -              1598M (78%)         302M (15%)          29M (1%)             -                  -          
[26.838s][info][gc,heap     ] GC(65) Reclaimed:         -                  -              1296M (63%)        1569M (77%)            -                  -          
[26.838s][info][gc          ] GC(65) Garbage Collection (Allocation Rate) 1608M(79%)->140M(7%)
[27.201s][info][gc,start    ] GC(66) Garbage Collection (Allocation Rate)
[27.201s][info][gc,task     ] GC(66) Using 1 workers
[27.201s][info][gc,phases   ] GC(66) Pause Mark Start 0.013ms
[27.215s][info][gc,phases   ] GC(66) Concurrent Mark 9.071ms
[27.215s][info][gc,phases   ] GC(66) Pause Mark End 0.016ms
[27.220s][info][gc,phases   ] GC(66) Concurrent Mark Free 0.002ms
[27.227s][info][gc,phases   ] GC(66) Concurrent Process Non-Strong References 7.160ms
[27.227s][info][gc,phases   ] GC(66) Concurrent Reset Relocation Set 0.006ms
[27.229s][info][gc,phases   ] GC(66) Concurrent Select Relocation Set 2.044ms
[27.230s][info][gc,phases   ] GC(66) Pause Relocate Start 0.009ms
[27.237s][info][gc,phases   ] GC(66) Concurrent Relocate 0.666ms
[27.237s][info][gc,load     ] GC(66) Load: 0.00/0.00/0.00
[27.237s][info][gc,mmu      ] GC(66) MMU: 2ms/66.0%, 5ms/86.4%, 10ms/93.2%, 20ms/96.6%, 50ms/98.6%, 100ms/99.3%
[27.237s][info][gc,marking  ] GC(66) Mark: 1 stripe(s), 2 proactive flush(es), 1 terminate flush(es), 0 completion(s), 0 continuation(s) 
[27.237s][info][gc,marking  ] GC(66) Mark Stack Usage: 32M
[27.237s][info][gc,nmethod  ] GC(66) NMethods: 3353 registered, 1172 unregistered
[27.237s][info][gc,metaspace] GC(66) Metaspace: 8M used, 9M committed, 1088M reserved
[27.237s][info][gc,ref      ] GC(66) Soft: 351 encountered, 0 discovered, 0 enqueued
[27.237s][info][gc,ref      ] GC(66) Weak: 871 encountered, 275 discovered, 245 enqueued
[27.237s][info][gc,ref      ] GC(66) Final: 3 encountered, 0 discovered, 0 enqueued
[27.237s][info][gc,ref      ] GC(66) Phantom: 106 encountered, 86 discovered, 0 enqueued
[27.237s][info][gc,reloc    ] GC(66) Small Pages: 797 / 1594M, Empty: 1304M, Relocated: 0M, In-Place: 0
[27.237s][info][gc,reloc    ] GC(66) Medium Pages: 1 / 32M, Empty: 0M, Relocated: 0M, In-Place: 0
[27.237s][info][gc,reloc    ] GC(66) Large Pages: 0 / 0M, Empty: 0M, Relocated: 0M, In-Place: 0
[27.237s][info][gc,reloc    ] GC(66) Forwarding Usage: 0M
[27.237s][info][gc,heap     ] GC(66) Min Capacity: 2048M(100%)
[27.237s][info][gc,heap     ] GC(66) Max Capacity: 2048M(100%)
[27.237s][info][gc,heap     ] GC(66) Soft Max Capacity: 2048M(100%)
[27.237s][info][gc,heap     ] GC(66)                Mark Start          Mark End        Relocate Start      Relocate End           High               Low         
[27.237s][info][gc,heap     ] GC(66)  Capacity:     2048M (100%)       2048M (100%)       2048M (100%)       2048M (100%)       2048M (100%)       2048M (100%)   
[27.237s][info][gc,heap     ] GC(66)      Free:      422M (21%)         370M (18%)        1622M (79%)        1878M (92%)        1878M (92%)         324M (16%)    
[27.237s][info][gc,heap     ] GC(66)      Used:     1626M (79%)        1678M (82%)         426M (21%)         170M (8%)         1724M (84%)         170M (8%)     
[27.237s][info][gc,heap     ] GC(66)      Live:         -                 9M (0%)            9M (0%)            9M (0%)             -                  -          
[27.237s][info][gc,heap     ] GC(66) Allocated:         -                52M (3%)          104M (5%)          129M (6%)             -                  -          
[27.237s][info][gc,heap     ] GC(66)   Garbage:         -              1616M (79%)         312M (15%)          30M (2%)             -                  -          
[27.237s][info][gc,heap     ] GC(66) Reclaimed:         -                  -              1304M (64%)        1585M (77%)            -                  -          
[27.237s][info][gc          ] GC(66) Garbage Collection (Allocation Rate) 1626M(79%)->170M(8%)
[27.607s][info][gc,start    ] GC(67) Garbage Collection (Allocation Rate)
[27.607s][info][gc,task     ] GC(67) Using 1 workers
[27.607s][info][gc,phases   ] GC(67) Pause Mark Start 0.008ms
[27.618s][info][gc,phases   ] GC(67) Concurrent Mark 10.596ms
[27.618s][info][gc,phases   ] GC(67) Pause Mark End 0.068ms
[27.622s][info][gc,phases   ] GC(67) Concurrent Mark Free 0.002ms
[27.629s][info][gc,phases   ] GC(67) Concurrent Process Non-Strong References 6.908ms
[27.629s][info][gc,phases   ] GC(67) Concurrent Reset Relocation Set 0.006ms
[27.631s][info][gc,phases   ] GC(67) Concurrent Select Relocation Set 1.925ms
[27.631s][info][gc,phases   ] GC(67) Pause Relocate Start 0.011ms
[27.632s][info][gc,phases   ] GC(67) Concurrent Relocate 0.568ms
[27.632s][info][gc,load     ] GC(67) Load: 0.00/0.00/0.00
[27.632s][info][gc,mmu      ] GC(67) MMU: 2ms/66.0%, 5ms/86.4%, 10ms/93.2%, 20ms/96.6%, 50ms/98.6%, 100ms/99.3%
[27.632s][info][gc,marking  ] GC(67) Mark: 1 stripe(s), 2 proactive flush(es), 1 terminate flush(es), 1 completion(s), 0 continuation(s) 
[27.632s][info][gc,marking  ] GC(67) Mark Stack Usage: 32M
[27.632s][info][gc,nmethod  ] GC(67) NMethods: 3353 registered, 1172 unregistered
[27.632s][info][gc,metaspace] GC(67) Metaspace: 8M used, 9M committed, 1088M reserved
[27.632s][info][gc,ref      ] GC(67) Soft: 351 encountered, 0 discovered, 0 enqueued
[27.632s][info][gc,ref      ] GC(67) Weak: 882 encountered, 291 discovered, 264 enqueued
[27.632s][info][gc,ref      ] GC(67) Final: 3 encountered, 0 discovered, 0 enqueued
[27.632s][info][gc,ref      ] GC(67) Phantom: 99 encountered, 80 discovered, 0 enqueued
[27.632s][info][gc,reloc    ] GC(67) Small Pages: 827 / 1654M, Empty: 1358M, Relocated: 0M, In-Place: 0
[27.632s][info][gc,reloc    ] GC(67) Medium Pages: 1 / 32M, Empty: 0M, Relocated: 0M, In-Place: 0
[27.632s][info][gc,reloc    ] GC(67) Large Pages: 0 / 0M, Empty: 0M, Relocated: 0M, In-Place: 0
[27.632s][info][gc,reloc    ] GC(67) Forwarding Usage: 0M
[27.632s][info][gc,heap     ] GC(67) Min Capacity: 2048M(100%)
[27.632s][info][gc,heap     ] GC(67) Max Capacity: 2048M(100%)
[27.632s][info][gc,heap     ] GC(67) Soft Max Capacity: 2048M(100%)
[27.632s][info][gc,heap     ] GC(67)                Mark Start          Mark End        Relocate Start      Relocate End           High               Low         
[27.632s][info][gc,heap     ] GC(67)  Capacity:     2048M (100%)       2048M (100%)       2048M (100%)       2048M (100%)       2048M (100%)       2048M (100%)   
[27.632s][info][gc,heap     ] GC(67)      Free:      362M (18%)         318M (16%)        1632M (80%)        1920M (94%)        1920M (94%)         282M (14%)    
[27.632s][info][gc,heap     ] GC(67)      Used:     1686M (82%)        1730M (84%)         416M (20%)         128M (6%)         1766M (86%)         128M (6%)     
[27.632s][info][gc,heap     ] GC(67)      Live:         -                 9M (0%)            9M (0%)            9M (0%)             -                  -          
[27.632s][info][gc,heap     ] GC(67) Allocated:         -                44M (2%)           88M (4%)           87M (4%)             -                  -          
[27.632s][info][gc,heap     ] GC(67)   Garbage:         -              1676M (82%)         318M (16%)          30M (2%)             -                  -          
[27.632s][info][gc,heap     ] GC(67) Reclaimed:         -                  -              1358M (66%)        1645M (80%)            -                  -          
[27.632s][info][gc          ] GC(67) Garbage Collection (Allocation Rate) 1686M(82%)->128M(6%)
[28.004s][info][gc,start    ] GC(68) Garbage Collection (Allocation Rate)
[28.004s][info][gc,task     ] GC(68) Using 1 workers
[28.004s][info][gc,phases   ] GC(68) Pause Mark Start 0.021ms
[28.014s][info][gc,phases   ] GC(68) Concurrent Mark 8.812ms
[28.014s][info][gc,phases   ] GC(68) Pause Mark End 0.016ms
[28.020s][info][gc,phases   ] GC(68) Concurrent Mark Free 0.004ms
[28.027s][info][gc,phases   ] GC(68) Concurrent Process Non-Strong References 6.864ms
[28.027s][info][gc,phases   ] GC(68) Concurrent Reset Relocation Set 0.007ms
[28.029s][info][gc,phases   ] GC(68) Concurrent Select Relocation Set 2.148ms
[28.029s][info][gc,phases   ] GC(68) Pause Relocate Start 0.016ms
[28.030s][info][gc,phases   ] GC(68) Concurrent Relocate 0.601ms
[28.030s][info][gc,load     ] GC(68) Load: 0.00/0.00/0.00
[28.030s][info][gc,mmu      ] GC(68) MMU: 2ms/66.0%, 5ms/86.4%, 10ms/93.2%, 20ms/96.6%, 50ms/98.6%, 100ms/99.3%
[28.030s][info][gc,marking  ] GC(68) Mark: 1 stripe(s), 2 proactive flush(es), 1 terminate flush(es), 0 completion(s), 0 continuation(s) 
[28.030s][info][gc,marking  ] GC(68) Mark Stack Usage: 32M
[28.030s][info][gc,nmethod  ] GC(68) NMethods: 3353 registered, 1172 unregistered
[28.030s][info][gc,metaspace] GC(68) Metaspace: 8M used, 9M committed, 1088M reserved
[28.030s][info][gc,ref      ] GC(68) Soft: 351 encountered, 0 discovered, 0 enqueued
[28.030s][info][gc,ref      ] GC(68) Weak: 879 encountered, 288 discovered, 254 enqueued
[28.030s][info][gc,ref      ] GC(68) Final: 3 encountered, 0 discovered, 0 enqueued
[28.030s][info][gc,ref      ] GC(68) Phantom: 116 encountered, 98 discovered, 0 enqueued
[28.030s][info][gc,reloc    ] GC(68) Small Pages: 815 / 1630M, Empty: 1342M, Relocated: 0M, In-Place: 0
[28.030s][info][gc,reloc    ] GC(68) Medium Pages: 1 / 32M, Empty: 0M, Relocated: 0M, In-Place: 0
[28.030s][info][gc,reloc    ] GC(68) Large Pages: 0 / 0M, Empty: 0M, Relocated: 0M, In-Place: 0
[28.030s][info][gc,reloc    ] GC(68) Forwarding Usage: 0M
[28.030s][info][gc,heap     ] GC(68) Min Capacity: 2048M(100%)
[28.030s][info][gc,heap     ] GC(68) Max Capacity: 2048M(100%)
[28.030s][info][gc,heap     ] GC(68) Soft Max Capacity: 2048M(100%)
[28.030s][info][gc,heap     ] GC(68)                Mark Start          Mark End        Relocate Start      Relocate End           High               Low         
[28.030s][info][gc,heap     ] GC(68)  Capacity:     2048M (100%)       2048M (100%)       2048M (100%)       2048M (100%)       2048M (100%)       2048M (100%)   
[28.030s][info][gc,heap     ] GC(68)      Free:      386M (19%)         348M (17%)        1636M (80%)        1916M (94%)        1916M (94%)         302M (15%)    
[28.030s][info][gc,heap     ] GC(68)      Used:     1662M (81%)        1700M (83%)         412M (20%)         132M (6%)         1746M (85%)         132M (6%)     
[28.030s][info][gc,heap     ] GC(68)      Live:         -                 9M (0%)            9M (0%)            9M (0%)             -                  -          
[28.030s][info][gc,heap     ] GC(68) Allocated:         -                38M (2%)           92M (4%)           91M (4%)             -                  -          
[28.030s][info][gc,heap     ] GC(68)   Garbage:         -              1652M (81%)         310M (15%)          30M (2%)             -                  -          
[28.030s][info][gc,heap     ] GC(68) Reclaimed:         -                  -              1342M (66%)        1621M (79%)            -                  -          
[28.030s][info][gc          ] GC(68) Garbage Collection (Allocation Rate) 1662M(81%)->132M(6%)
[28.398s][info][gc,start    ] GC(69) Garbage Collection (Allocation Rate)
[28.398s][info][gc,task     ] GC(69) Using 1 workers
[28.398s][info][gc,phases   ] GC(69) Pause Mark Start 0.012ms
[28.408s][info][gc,phases   ] GC(69) Concurrent Mark 7.330ms
[28.408s][info][gc,phases   ] GC(69) Pause Mark End 0.014ms
[28.408s][info][gc,phases   ] GC(69) Concurrent Mark Free 0.001ms
[28.430s][info][gc,phases   ] GC(69) Concurrent Process Non-Strong References 21.368ms
[28.430s][info][gc,phases   ] GC(69) Concurrent Reset Relocation Set 0.005ms
[28.432s][info][gc,phases   ] GC(69) Concurrent Select Relocation Set 2.080ms
[28.432s][info][gc,phases   ] GC(69) Pause Relocate Start 0.011ms
[28.433s][info][gc,phases   ] GC(69) Concurrent Relocate 0.519ms
[28.433s][info][gc,load     ] GC(69) Load: 0.00/0.00/0.00
[28.433s][info][gc,mmu      ] GC(69) MMU: 2ms/66.0%, 5ms/86.4%, 10ms/93.2%, 20ms/96.6%, 50ms/98.6%, 100ms/99.3%
[28.433s][info][gc,marking  ] GC(69) Mark: 1 stripe(s), 2 proactive flush(es), 1 terminate flush(es), 0 completion(s), 0 continuation(s) 
[28.433s][info][gc,marking  ] GC(69) Mark Stack Usage: 32M
[28.433s][info][gc,nmethod  ] GC(69) NMethods: 3354 registered, 1172 unregistered
[28.433s][info][gc,metaspace] GC(69) Metaspace: 8M used, 9M committed, 1088M reserved
[28.433s][info][gc,ref      ] GC(69) Soft: 351 encountered, 0 discovered, 0 enqueued
[28.433s][info][gc,ref      ] GC(69) Weak: 870 encountered, 278 discovered, 244 enqueued
[28.433s][info][gc,ref      ] GC(69) Final: 3 encountered, 0 discovered, 0 enqueued
[28.433s][info][gc,ref      ] GC(69) Phantom: 116 encountered, 101 discovered, 0 enqueued
[28.433s][info][gc,reloc    ] GC(69) Small Pages: 782 / 1564M, Empty: 1280M, Relocated: 0M, In-Place: 0
[28.433s][info][gc,reloc    ] GC(69) Medium Pages: 1 / 32M, Empty: 0M, Relocated: 0M, In-Place: 0
[28.433s][info][gc,reloc    ] GC(69) Large Pages: 0 / 0M, Empty: 0M, Relocated: 0M, In-Place: 0
[28.433s][info][gc,reloc    ] GC(69) Forwarding Usage: 0M
[28.433s][info][gc,heap     ] GC(69) Min Capacity: 2048M(100%)
[28.433s][info][gc,heap     ] GC(69) Max Capacity: 2048M(100%)
[28.433s][info][gc,heap     ] GC(69) Soft Max Capacity: 2048M(100%)
[28.433s][info][gc,heap     ] GC(69)                Mark Start          Mark End        Relocate Start      Relocate End           High               Low         
[28.433s][info][gc,heap     ] GC(69)  Capacity:     2048M (100%)       2048M (100%)       2048M (100%)       2048M (100%)       2048M (100%)       2048M (100%)   
[28.433s][info][gc,heap     ] GC(69)      Free:      452M (22%)         420M (21%)        1616M (79%)        1892M (92%)        1892M (92%)         344M (17%)    
[28.433s][info][gc,heap     ] GC(69)      Used:     1596M (78%)        1628M (79%)         432M (21%)         156M (8%)         1704M (83%)         156M (8%)     
[28.433s][info][gc,heap     ] GC(69)      Live:         -                 9M (0%)            9M (0%)            9M (0%)             -                  -          
[28.433s][info][gc,heap     ] GC(69) Allocated:         -                32M (2%)          116M (6%)          115M (6%)             -                  -          
[28.433s][info][gc,heap     ] GC(69)   Garbage:         -              1586M (77%)         306M (15%)          30M (2%)             -                  -          
[28.433s][info][gc,heap     ] GC(69) Reclaimed:         -                  -              1280M (62%)        1555M (76%)            -                  -          
[28.433s][info][gc          ] GC(69) Garbage Collection (Allocation Rate) 1596M(78%)->156M(8%)
[28.809s][info][gc,start    ] GC(70) Garbage Collection (Allocation Rate)
[28.809s][info][gc,task     ] GC(70) Using 1 workers
[28.810s][info][gc,phases   ] GC(70) Pause Mark Start 0.012ms
[28.820s][info][gc,phases   ] GC(70) Concurrent Mark 9.932ms
[28.820s][info][gc,phases   ] GC(70) Pause Mark End 0.016ms
[28.825s][info][gc,phases   ] GC(70) Concurrent Mark Free 0.004ms
[28.832s][info][gc,phases   ] GC(70) Concurrent Process Non-Strong References 7.141ms
[28.832s][info][gc,phases   ] GC(70) Concurrent Reset Relocation Set 0.005ms
[28.834s][info][gc,phases   ] GC(70) Concurrent Select Relocation Set 1.966ms
[28.834s][info][gc,phases   ] GC(70) Pause Relocate Start 0.013ms
[28.835s][info][gc,phases   ] GC(70) Concurrent Relocate 0.564ms
[28.835s][info][gc,load     ] GC(70) Load: 0.00/0.00/0.00
[28.835s][info][gc,mmu      ] GC(70) MMU: 2ms/66.0%, 5ms/86.4%, 10ms/93.2%, 20ms/96.6%, 50ms/98.6%, 100ms/99.3%
[28.835s][info][gc,marking  ] GC(70) Mark: 1 stripe(s), 2 proactive flush(es), 1 terminate flush(es), 0 completion(s), 0 continuation(s) 
[28.835s][info][gc,marking  ] GC(70) Mark Stack Usage: 32M
[28.835s][info][gc,nmethod  ] GC(70) NMethods: 3354 registered, 1172 unregistered
[28.835s][info][gc,metaspace] GC(70) Metaspace: 8M used, 9M committed, 1088M reserved
[28.835s][info][gc,ref      ] GC(70) Soft: 351 encountered, 0 discovered, 0 enqueued
[28.835s][info][gc,ref      ] GC(70) Weak: 886 encountered, 295 discovered, 261 enqueued
[28.835s][info][gc,ref      ] GC(70) Final: 3 encountered, 0 discovered, 0 enqueued
[28.835s][info][gc,ref      ] GC(70) Phantom: 122 encountered, 108 discovered, 0 enqueued
[28.835s][info][gc,reloc    ] GC(70) Small Pages: 830 / 1660M, Empty: 1374M, Relocated: 0M, In-Place: 0
[28.835s][info][gc,reloc    ] GC(70) Medium Pages: 1 / 32M, Empty: 0M, Relocated: 0M, In-Place: 0
[28.835s][info][gc,reloc    ] GC(70) Large Pages: 0 / 0M, Empty: 0M, Relocated: 0M, In-Place: 0
[28.835s][info][gc,reloc    ] GC(70) Forwarding Usage: 0M
[28.835s][info][gc,heap     ] GC(70) Min Capacity: 2048M(100%)
[28.835s][info][gc,heap     ] GC(70) Max Capacity: 2048M(100%)
[28.835s][info][gc,heap     ] GC(70) Soft Max Capacity: 2048M(100%)
[28.835s][info][gc,heap     ] GC(70)                Mark Start          Mark End        Relocate Start      Relocate End           High               Low         
[28.835s][info][gc,heap     ] GC(70)  Capacity:     2048M (100%)       2048M (100%)       2048M (100%)       2048M (100%)       2048M (100%)       2048M (100%)   
[28.835s][info][gc,heap     ] GC(70)      Free:      356M (17%)         310M (15%)        1634M (80%)        1912M (93%)        1912M (93%)         268M (13%)    
[28.835s][info][gc,heap     ] GC(70)      Used:     1692M (83%)        1738M (85%)         414M (20%)         136M (7%)         1780M (87%)         136M (7%)     
[28.835s][info][gc,heap     ] GC(70)      Live:         -                 9M (0%)            9M (0%)            9M (0%)             -                  -          
[28.835s][info][gc,heap     ] GC(70) Allocated:         -                46M (2%)           96M (5%)           95M (5%)             -                  -          
[28.835s][info][gc,heap     ] GC(70)   Garbage:         -              1682M (82%)         308M (15%)          30M (2%)             -                  -          
[28.835s][info][gc,heap     ] GC(70) Reclaimed:         -                  -              1374M (67%)        1651M (81%)            -                  -          
[28.835s][info][gc          ] GC(70) Garbage Collection (Allocation Rate) 1692M(83%)->136M(7%)
[29.201s][info][gc,start    ] GC(71) Garbage Collection (Allocation Rate)
[29.201s][info][gc,task     ] GC(71) Using 1 workers
[29.201s][info][gc,phases   ] GC(71) Pause Mark Start 0.012ms
[29.211s][info][gc,phases   ] GC(71) Concurrent Mark 10.084ms
[29.211s][info][gc,phases   ] GC(71) Pause Mark End 0.015ms
[29.211s][info][gc,phases   ] GC(71) Concurrent Mark Free 0.001ms
[29.233s][info][gc,phases   ] GC(71) Concurrent Process Non-Strong References 21.351ms
[29.233s][info][gc,phases   ] GC(71) Concurrent Reset Relocation Set 0.007ms
[29.235s][info][gc,phases   ] GC(71) Concurrent Select Relocation Set 2.220ms
[29.235s][info][gc,phases   ] GC(71) Pause Relocate Start 0.011ms
[29.236s][info][gc,phases   ] GC(71) Concurrent Relocate 0.515ms
[29.236s][info][gc,load     ] GC(71) Load: 0.00/0.00/0.00
[29.236s][info][gc,mmu      ] GC(71) MMU: 2ms/66.0%, 5ms/86.4%, 10ms/93.2%, 20ms/96.6%, 50ms/98.6%, 100ms/99.3%
[29.236s][info][gc,marking  ] GC(71) Mark: 1 stripe(s), 2 proactive flush(es), 2 terminate flush(es), 0 completion(s), 0 continuation(s) 
[29.236s][info][gc,marking  ] GC(71) Mark Stack Usage: 32M
[29.236s][info][gc,nmethod  ] GC(71) NMethods: 3364 registered, 1172 unregistered
[29.236s][info][gc,metaspace] GC(71) Metaspace: 8M used, 9M committed, 1088M reserved
[29.236s][info][gc,ref      ] GC(71) Soft: 351 encountered, 0 discovered, 0 enqueued
[29.236s][info][gc,ref      ] GC(71) Weak: 866 encountered, 275 discovered, 238 enqueued
[29.236s][info][gc,ref      ] GC(71) Final: 3 encountered, 0 discovered, 0 enqueued
[29.236s][info][gc,ref      ] GC(71) Phantom: 124 encountered, 110 discovered, 0 enqueued
[29.236s][info][gc,reloc    ] GC(71) Small Pages: 779 / 1558M, Empty: 1278M, Relocated: 0M, In-Place: 0
[29.236s][info][gc,reloc    ] GC(71) Medium Pages: 1 / 32M, Empty: 0M, Relocated: 0M, In-Place: 0
[29.236s][info][gc,reloc    ] GC(71) Large Pages: 0 / 0M, Empty: 0M, Relocated: 0M, In-Place: 0
[29.236s][info][gc,reloc    ] GC(71) Forwarding Usage: 0M
[29.236s][info][gc,heap     ] GC(71) Min Capacity: 2048M(100%)
[29.236s][info][gc,heap     ] GC(71) Max Capacity: 2048M(100%)
[29.236s][info][gc,heap     ] GC(71) Soft Max Capacity: 2048M(100%)
[29.236s][info][gc,heap     ] GC(71)                Mark Start          Mark End        Relocate Start      Relocate End           High               Low         
[29.236s][info][gc,heap     ] GC(71)  Capacity:     2048M (100%)       2048M (100%)       2048M (100%)       2048M (100%)       2048M (100%)       2048M (100%)   
[29.236s][info][gc,heap     ] GC(71)      Free:      458M (22%)         420M (21%)        1608M (79%)        1880M (92%)        1880M (92%)         338M (17%)    
[29.236s][info][gc,heap     ] GC(71)      Used:     1590M (78%)        1628M (79%)         440M (21%)         168M (8%)         1710M (83%)         168M (8%)     
[29.236s][info][gc,heap     ] GC(71)      Live:         -                 9M (0%)            9M (0%)            9M (0%)             -                  -          
[29.236s][info][gc,heap     ] GC(71) Allocated:         -                38M (2%)          128M (6%)          127M (6%)             -                  -          
[29.236s][info][gc,heap     ] GC(71)   Garbage:         -              1580M (77%)         302M (15%)          30M (2%)             -                  -          
[29.236s][info][gc,heap     ] GC(71) Reclaimed:         -                  -              1278M (62%)        1549M (76%)            -                  -          
[29.236s][info][gc          ] GC(71) Garbage Collection (Allocation Rate) 1590M(78%)->168M(8%)
[29.598s][info][gc,start    ] GC(72) Garbage Collection (Allocation Rate)
[29.599s][info][gc,task     ] GC(72) Using 1 workers
[29.599s][info][gc,phases   ] GC(72) Pause Mark Start 0.009ms
[29.612s][info][gc,phases   ] GC(72) Concurrent Mark 7.571ms
[29.612s][info][gc,phases   ] GC(72) Pause Mark End 0.025ms
[29.612s][info][gc,phases   ] GC(72) Concurrent Mark Free 0.001ms
[29.619s][info][gc,phases   ] GC(72) Concurrent Process Non-Strong References 7.041ms
[29.619s][info][gc,phases   ] GC(72) Concurrent Reset Relocation Set 0.005ms
[29.622s][info][gc,phases   ] GC(72) Concurrent Select Relocation Set 2.737ms
[29.622s][info][gc,phases   ] GC(72) Pause Relocate Start 0.008ms
[29.622s][info][gc,phases   ] GC(72) Concurrent Relocate 0.551ms
[29.623s][info][gc,load     ] GC(72) Load: 0.00/0.00/0.00
[29.623s][info][gc,mmu      ] GC(72) MMU: 2ms/66.0%, 5ms/86.4%, 10ms/93.2%, 20ms/96.6%, 50ms/98.6%, 100ms/99.3%
[29.623s][info][gc,marking  ] GC(72) Mark: 1 stripe(s), 2 proactive flush(es), 1 terminate flush(es), 0 completion(s), 0 continuation(s) 
[29.623s][info][gc,marking  ] GC(72) Mark Stack Usage: 32M
[29.623s][info][gc,nmethod  ] GC(72) NMethods: 3372 registered, 1172 unregistered
[29.623s][info][gc,metaspace] GC(72) Metaspace: 8M used, 9M committed, 1088M reserved
[29.623s][info][gc,ref      ] GC(72) Soft: 351 encountered, 0 discovered, 0 enqueued
[29.623s][info][gc,ref      ] GC(72) Weak: 882 encountered, 289 discovered, 257 enqueued
[29.623s][info][gc,ref      ] GC(72) Final: 3 encountered, 0 discovered, 0 enqueued
[29.623s][info][gc,ref      ] GC(72) Phantom: 123 encountered, 108 discovered, 0 enqueued
[29.623s][info][gc,reloc    ] GC(72) Small Pages: 808 / 1616M, Empty: 1324M, Relocated: 0M, In-Place: 0
[29.623s][info][gc,reloc    ] GC(72) Medium Pages: 1 / 32M, Empty: 0M, Relocated: 0M, In-Place: 0
[29.623s][info][gc,reloc    ] GC(72) Large Pages: 0 / 0M, Empty: 0M, Relocated: 0M, In-Place: 0
[29.623s][info][gc,reloc    ] GC(72) Forwarding Usage: 0M
[29.623s][info][gc,heap     ] GC(72) Min Capacity: 2048M(100%)
[29.623s][info][gc,heap     ] GC(72) Max Capacity: 2048M(100%)
[29.623s][info][gc,heap     ] GC(72) Soft Max Capacity: 2048M(100%)
[29.623s][info][gc,heap     ] GC(72)                Mark Start          Mark End        Relocate Start      Relocate End           High               Low         
[29.623s][info][gc,heap     ] GC(72)  Capacity:     2048M (100%)       2048M (100%)       2048M (100%)       2048M (100%)       2048M (100%)       2048M (100%)   
[29.623s][info][gc,heap     ] GC(72)      Free:      400M (20%)         346M (17%)        1640M (80%)        1920M (94%)        1920M (94%)         322M (16%)    
[29.623s][info][gc,heap     ] GC(72)      Used:     1648M (80%)        1702M (83%)         408M (20%)         128M (6%)         1726M (84%)         128M (6%)     
[29.623s][info][gc,heap     ] GC(72)      Live:         -                 9M (0%)            9M (0%)            9M (0%)             -                  -          
[29.623s][info][gc,heap     ] GC(72) Allocated:         -                54M (3%)           84M (4%)           87M (4%)             -                  -          
[29.623s][info][gc,heap     ] GC(72)   Garbage:         -              1638M (80%)         314M (15%)          30M (2%)             -                  -          
[29.623s][info][gc,heap     ] GC(72) Reclaimed:         -                  -              1324M (65%)        1607M (79%)            -                  -          
[29.623s][info][gc          ] GC(72) Garbage Collection (Allocation Rate) 1648M(80%)->128M(6%)
[29.998s][info][gc,start    ] GC(73) Garbage Collection (Allocation Rate)
[29.998s][info][gc,task     ] GC(73) Using 1 workers
[29.998s][info][gc,phases   ] GC(73) Pause Mark Start 0.011ms
[30.007s][info][gc,phases   ] GC(73) Concurrent Mark 8.669ms
[30.007s][info][gc,phases   ] GC(73) Pause Mark End 0.018ms
[30.007s][info][gc,phases   ] GC(73) Concurrent Mark Free 0.001ms
[30.014s][info][gc,phases   ] GC(73) Concurrent Process Non-Strong References 7.016ms
[30.014s][info][gc,phases   ] GC(73) Concurrent Reset Relocation Set 0.005ms
[30.016s][info][gc,phases   ] GC(73) Concurrent Select Relocation Set 1.986ms
[30.017s][info][gc,phases   ] GC(73) Pause Relocate Start 0.010ms
[30.017s][info][gc,phases   ] GC(73) Concurrent Relocate 0.540ms
[30.017s][info][gc,load     ] GC(73) Load: 0.00/0.00/0.00
[30.017s][info][gc,mmu      ] GC(73) MMU: 2ms/66.0%, 5ms/86.4%, 10ms/93.2%, 20ms/96.6%, 50ms/98.6%, 100ms/99.3%
[30.017s][info][gc,marking  ] GC(73) Mark: 1 stripe(s), 2 proactive flush(es), 1 terminate flush(es), 0 completion(s), 0 continuation(s) 
[30.018s][info][gc,marking  ] GC(73) Mark Stack Usage: 32M
[30.018s][info][gc,nmethod  ] GC(73) NMethods: 3377 registered, 1172 unregistered
[30.018s][info][gc,metaspace] GC(73) Metaspace: 8M used, 9M committed, 1088M reserved
[30.018s][info][gc,ref      ] GC(73) Soft: 351 encountered, 0 discovered, 0 enqueued
[30.018s][info][gc,ref      ] GC(73) Weak: 881 encountered, 291 discovered, 255 enqueued
[30.018s][info][gc,ref      ] GC(73) Final: 3 encountered, 0 discovered, 0 enqueued
[30.018s][info][gc,ref      ] GC(73) Phantom: 124 encountered, 110 discovered, 0 enqueued
[30.018s][info][gc,reloc    ] GC(73) Small Pages: 816 / 1632M, Empty: 1342M, Relocated: 0M, In-Place: 0
[30.018s][info][gc,reloc    ] GC(73) Medium Pages: 1 / 32M, Empty: 0M, Relocated: 0M, In-Place: 0
[30.018s][info][gc,reloc    ] GC(73) Large Pages: 0 / 0M, Empty: 0M, Relocated: 0M, In-Place: 0
[30.018s][info][gc,reloc    ] GC(73) Forwarding Usage: 0M
[30.018s][info][gc,heap     ] GC(73) Min Capacity: 2048M(100%)
[30.018s][info][gc,heap     ] GC(73) Max Capacity: 2048M(100%)
[30.018s][info][gc,heap     ] GC(73) Soft Max Capacity: 2048M(100%)
[30.018s][info][gc,heap     ] GC(73)                Mark Start          Mark End        Relocate Start      Relocate End           High               Low         
[30.018s][info][gc,heap     ] GC(73)  Capacity:     2048M (100%)       2048M (100%)       2048M (100%)       2048M (100%)       2048M (100%)       2048M (100%)   
[30.018s][info][gc,heap     ] GC(73)      Free:      384M (19%)         342M (17%)        1658M (81%)        1940M (95%)        1940M (95%)         326M (16%)    
[30.018s][info][gc,heap     ] GC(73)      Used:     1664M (81%)        1706M (83%)         390M (19%)         108M (5%)         1722M (84%)         108M (5%)     
[30.018s][info][gc,heap     ] GC(73)      Live:         -                 9M (0%)            9M (0%)            9M (0%)             -                  -          
[30.018s][info][gc,heap     ] GC(73) Allocated:         -                42M (2%)           68M (3%)           67M (3%)             -                  -          
[30.018s][info][gc,heap     ] GC(73)   Garbage:         -              1654M (81%)         312M (15%)          30M (2%)             -                  -          
[30.018s][info][gc,heap     ] GC(73) Reclaimed:         -                  -              1342M (66%)        1623M (79%)            -                  -          
[30.018s][info][gc          ] GC(73) Garbage Collection (Allocation Rate) 1664M(81%)->108M(5%)
[30.109s][info][gc,stats    ] === Garbage Collection Statistics =======================================================================================================================
[30.109s][info][gc,stats    ]                                                              Last 10s              Last 10m              Last 10h                Total
[30.109s][info][gc,stats    ]                                                              Avg / Max             Avg / Max             Avg / Max             Avg / Max
[30.109s][info][gc,stats    ]   Collector: Garbage Collection Cycle                     29.540 / 115.825      34.983 / 162.441      34.983 / 162.441      34.983 / 162.441     ms
[30.110s][info][gc,stats    ]  Contention: Mark Segment Reset Contention                     0 / 0                 0 / 1                 0 / 1                 0 / 1           ops/s
[30.110s][info][gc,stats    ]  Contention: Mark SeqNum Reset Contention                      0 / 0                 0 / 1                 0 / 1                 0 / 1           ops/s
[30.110s][info][gc,stats    ]    Critical: Allocation Stall                                  0 / 0                 0 / 0                 0 / 0                 0 / 0           ops/s
[30.110s][info][gc,stats    ]    Critical: Allocation Stall                              0.000 / 0.000         0.000 / 0.000         0.000 / 0.000         0.000 / 0.000       ms
[30.110s][info][gc,stats    ]    Critical: GC Locker Stall                                   0 / 0                 0 / 0                 0 / 0                 0 / 0           ops/s
[30.110s][info][gc,stats    ]    Critical: GC Locker Stall                               0.000 / 0.000         0.000 / 0.000         0.000 / 0.000         0.000 / 0.000       ms
[30.110s][info][gc,stats    ]    Critical: Relocation Stall                                  0 / 0                 0 / 0                 0 / 0                 0 / 0           ops/s
[30.110s][info][gc,stats    ]    Critical: Relocation Stall                              0.000 / 0.000         0.000 / 0.000         0.000 / 0.000         0.000 / 0.000       ms
[30.110s][info][gc,stats    ]      Memory: Allocation Rate                                3837 / 4048           3298 / 4048           3298 / 4048           3298 / 4048        MB/s
[30.110s][info][gc,stats    ]      Memory: Out Of Memory                                     0 / 0                 0 / 0                 0 / 0                 0 / 0           ops/s
[30.110s][info][gc,stats    ]      Memory: Page Cache Flush                                  0 / 0                 0 / 0                 0 / 0                 0 / 0           MB/s
[30.110s][info][gc,stats    ]      Memory: Page Cache Hit L1                              1913 / 2026           1617 / 2026           1617 / 2026           1617 / 2026        ops/s
[30.110s][info][gc,stats    ]      Memory: Page Cache Hit L2                                 0 / 0                 0 / 0                 0 / 0                 0 / 0           ops/s
[30.110s][info][gc,stats    ]      Memory: Page Cache Hit L3                                 5 / 54               31 / 230              31 / 230              31 / 230         ops/s
[30.110s][info][gc,stats    ]      Memory: Page Cache Miss                                   0 / 0                 0 / 1                 0 / 1                 0 / 1           ops/s
[30.110s][info][gc,stats    ]      Memory: Uncommit                                          0 / 0                 0 / 0                 0 / 0                 0 / 0           MB/s
[30.110s][info][gc,stats    ]      Memory: Undo Object Allocation Failed                     0 / 1                 0 / 1                 0 / 1                 0 / 1           ops/s
[30.110s][info][gc,stats    ]      Memory: Undo Object Allocation Succeeded                 13 / 33               10 / 33               10 / 33               10 / 33          ops/s
[30.110s][info][gc,stats    ]      Memory: Undo Page Allocation                              0 / 1                 0 / 2                 0 / 2                 0 / 2           ops/s
[30.110s][info][gc,stats    ]       Phase: Concurrent Mark                              11.961 / 78.589       18.051 / 126.705      18.051 / 126.705      18.051 / 126.705     ms
[30.110s][info][gc,stats    ]       Phase: Concurrent Mark Continue                      0.000 / 0.000         0.000 / 0.000         0.000 / 0.000         0.000 / 0.000       ms
[30.110s][info][gc,stats    ]       Phase: Concurrent Mark Free                          0.002 / 0.004         0.001 / 0.004         0.001 / 0.004         0.001 / 0.004       ms
[30.110s][info][gc,stats    ]       Phase: Concurrent Process Non-Strong References      8.262 / 23.758        7.472 / 23.758        7.472 / 23.758        7.472 / 23.758      ms
[30.110s][info][gc,stats    ]       Phase: Concurrent Relocate                           0.691 / 1.701         0.848 / 3.882         0.848 / 3.882         0.848 / 3.882       ms
[30.110s][info][gc,stats    ]       Phase: Concurrent Reset Relocation Set               0.006 / 0.008         0.006 / 0.010         0.006 / 0.010         0.006 / 0.010       ms
[30.110s][info][gc,stats    ]       Phase: Concurrent Select Relocation Set              2.028 / 2.737         2.072 / 3.268         2.072 / 3.268         2.072 / 3.268       ms
[30.110s][info][gc,stats    ]       Phase: Pause Mark End                                0.018 / 0.068         0.029 / 0.680         0.029 / 0.680         0.029 / 0.680       ms
[30.110s][info][gc,stats    ]       Phase: Pause Mark Start                              0.010 / 0.021         0.009 / 0.021         0.009 / 0.021         0.009 / 0.021       ms
[30.110s][info][gc,stats    ]       Phase: Pause Relocate Start                          0.011 / 0.016         0.011 / 0.016         0.011 / 0.016         0.011 / 0.016       ms
[30.110s][info][gc,stats    ]    Subphase: Concurrent Classes Purge                      0.246 / 0.630         0.233 / 0.630         0.233 / 0.630         0.233 / 0.630       ms
[30.110s][info][gc,stats    ]    Subphase: Concurrent Classes Unlink                     5.536 / 6.342         4.994 / 6.342         4.994 / 6.342         4.994 / 6.342       ms
[30.110s][info][gc,stats    ]    Subphase: Concurrent Mark                              11.113 / 78.145       19.587 / 125.306      19.587 / 125.306      19.587 / 125.306     ms
[30.110s][info][gc,stats    ]    Subphase: Concurrent Mark Try Flush                     1.312 / 16.105        2.642 / 32.302        2.642 / 32.302        2.642 / 32.302      ms
[30.110s][info][gc,stats    ]    Subphase: Concurrent Mark Try Terminate                 1.266 / 16.108        3.827 / 31.618        3.827 / 31.618        3.827 / 31.618      ms
[30.110s][info][gc,stats    ]    Subphase: Concurrent References Enqueue                 0.005 / 0.006         0.005 / 0.008         0.005 / 0.008         0.005 / 0.008       ms
[30.110s][info][gc,stats    ]    Subphase: Concurrent References Process                 0.119 / 0.183         0.111 / 0.183         0.111 / 0.183         0.111 / 0.183       ms
[30.110s][info][gc,stats    ]    Subphase: Concurrent Roots ClassLoaderDataGraph         0.085 / 0.188         0.090 / 0.292         0.090 / 0.292         0.090 / 0.292       ms
[30.110s][info][gc,stats    ]    Subphase: Concurrent Roots CodeCache                    0.000 / 0.000         0.000 / 0.000         0.000 / 0.000         0.000 / 0.000       ms
[30.110s][info][gc,stats    ]    Subphase: Concurrent Roots JavaThreads                  0.301 / 0.433         0.356 / 1.315         0.356 / 1.315         0.356 / 1.315       ms
[30.110s][info][gc,stats    ]    Subphase: Concurrent Roots OopStorageSet                0.021 / 0.057         0.025 / 0.065         0.025 / 0.065         0.025 / 0.065       ms
[30.110s][info][gc,stats    ]    Subphase: Concurrent Weak Roots OopStorageSet           0.201 / 0.387         0.218 / 0.471         0.218 / 0.471         0.218 / 0.471       ms
[30.110s][info][gc,stats    ]    Subphase: Pause Mark Try Complete                       0.002 / 0.002         0.004 / 0.009         0.004 / 0.009         0.004 / 0.009       ms
[30.110s][info][gc,stats    ]      System: Java Threads                                     17 / 18               17 / 19               17 / 19               17 / 19          threads
[30.110s][info][gc,stats    ] =========================================================================================================================================================
[30.410s][info][gc,start    ] GC(74) Garbage Collection (Allocation Rate)
[30.410s][info][gc,task     ] GC(74) Using 1 workers
[30.410s][info][gc,phases   ] GC(74) Pause Mark Start 0.009ms
[30.426s][info][gc,phases   ] GC(74) Concurrent Mark 11.352ms
[30.426s][info][gc,phases   ] GC(74) Pause Mark End 0.015ms
[30.432s][info][gc,phases   ] GC(74) Concurrent Mark Free 0.002ms
[30.439s][info][gc,phases   ] GC(74) Concurrent Process Non-Strong References 7.072ms
[30.439s][info][gc,phases   ] GC(74) Concurrent Reset Relocation Set 0.007ms
[30.441s][info][gc,phases   ] GC(74) Concurrent Select Relocation Set 2.002ms
[30.441s][info][gc,phases   ] GC(74) Pause Relocate Start 0.010ms
[30.442s][info][gc,phases   ] GC(74) Concurrent Relocate 0.526ms
[30.442s][info][gc,load     ] GC(74) Load: 0.00/0.00/0.00
[30.442s][info][gc,mmu      ] GC(74) MMU: 2ms/66.0%, 5ms/86.4%, 10ms/93.2%, 20ms/96.6%, 50ms/98.6%, 100ms/99.3%
[30.442s][info][gc,marking  ] GC(74) Mark: 1 stripe(s), 3 proactive flush(es), 1 terminate flush(es), 0 completion(s), 0 continuation(s) 
[30.442s][info][gc,marking  ] GC(74) Mark Stack Usage: 32M
[30.442s][info][gc,nmethod  ] GC(74) NMethods: 3377 registered, 1172 unregistered
[30.442s][info][gc,metaspace] GC(74) Metaspace: 8M used, 9M committed, 1088M reserved
[30.442s][info][gc,ref      ] GC(74) Soft: 351 encountered, 0 discovered, 0 enqueued
[30.442s][info][gc,ref      ] GC(74) Weak: 883 encountered, 290 discovered, 259 enqueued
[30.442s][info][gc,ref      ] GC(74) Final: 3 encountered, 0 discovered, 0 enqueued
[30.442s][info][gc,ref      ] GC(74) Phantom: 100 encountered, 75 discovered, 0 enqueued
[30.442s][info][gc,reloc    ] GC(74) Small Pages: 833 / 1666M, Empty: 1360M, Relocated: 0M, In-Place: 0
[30.442s][info][gc,reloc    ] GC(74) Medium Pages: 1 / 32M, Empty: 0M, Relocated: 0M, In-Place: 0
[30.442s][info][gc,reloc    ] GC(74) Large Pages: 0 / 0M, Empty: 0M, Relocated: 0M, In-Place: 0
[30.442s][info][gc,reloc    ] GC(74) Forwarding Usage: 0M
[30.442s][info][gc,heap     ] GC(74) Min Capacity: 2048M(100%)
[30.442s][info][gc,heap     ] GC(74) Max Capacity: 2048M(100%)
[30.442s][info][gc,heap     ] GC(74) Soft Max Capacity: 2048M(100%)
[30.442s][info][gc,heap     ] GC(74)                Mark Start          Mark End        Relocate Start      Relocate End           High               Low         
[30.442s][info][gc,heap     ] GC(74)  Capacity:     2048M (100%)       2048M (100%)       2048M (100%)       2048M (100%)       2048M (100%)       2048M (100%)   
[30.442s][info][gc,heap     ] GC(74)      Free:      350M (17%)         288M (14%)        1594M (78%)        1892M (92%)        1892M (92%)         244M (12%)    
[30.442s][info][gc,heap     ] GC(74)      Used:     1698M (83%)        1760M (86%)         454M (22%)         156M (8%)         1804M (88%)         156M (8%)     
[30.442s][info][gc,heap     ] GC(74)      Live:         -                 9M (0%)            9M (0%)            9M (0%)             -                  -          
[30.442s][info][gc,heap     ] GC(74) Allocated:         -                62M (3%)          116M (6%)          115M (6%)             -                  -          
[30.442s][info][gc,heap     ] GC(74)   Garbage:         -              1688M (82%)         328M (16%)          30M (2%)             -                  -          
[30.442s][info][gc,heap     ] GC(74) Reclaimed:         -                  -              1360M (66%)        1657M (81%)            -                  -          
[30.442s][info][gc          ] GC(74) Garbage Collection (Allocation Rate) 1698M(83%)->156M(8%)
[30.806s][info][gc,start    ] GC(75) Garbage Collection (Allocation Rate)
[30.806s][info][gc,task     ] GC(75) Using 1 workers
[30.806s][info][gc,phases   ] GC(75) Pause Mark Start 0.011ms
[30.815s][info][gc,phases   ] GC(75) Concurrent Mark 9.323ms
[30.815s][info][gc,phases   ] GC(75) Pause Mark End 0.014ms
[30.817s][info][gc,phases   ] GC(75) Concurrent Mark Free 0.002ms
[30.824s][info][gc,phases   ] GC(75) Concurrent Process Non-Strong References 6.925ms
[30.824s][info][gc,phases   ] GC(75) Concurrent Reset Relocation Set 0.009ms
[30.826s][info][gc,phases   ] GC(75) Concurrent Select Relocation Set 1.868ms
[30.826s][info][gc,phases   ] GC(75) Pause Relocate Start 0.013ms
[30.826s][info][gc,phases   ] GC(75) Concurrent Relocate 0.513ms
[30.827s][info][gc,load     ] GC(75) Load: 0.00/0.00/0.00
[30.827s][info][gc,mmu      ] GC(75) MMU: 2ms/66.0%, 5ms/86.4%, 10ms/93.2%, 20ms/96.6%, 50ms/98.6%, 100ms/99.3%
[30.827s][info][gc,marking  ] GC(75) Mark: 1 stripe(s), 2 proactive flush(es), 2 terminate flush(es), 0 completion(s), 0 continuation(s) 
[30.827s][info][gc,marking  ] GC(75) Mark Stack Usage: 32M
[30.827s][info][gc,nmethod  ] GC(75) NMethods: 3377 registered, 1172 unregistered
[30.827s][info][gc,metaspace] GC(75) Metaspace: 8M used, 9M committed, 1088M reserved
[30.827s][info][gc,ref      ] GC(75) Soft: 351 encountered, 0 discovered, 0 enqueued
[30.827s][info][gc,ref      ] GC(75) Weak: 878 encountered, 287 discovered, 248 enqueued
[30.827s][info][gc,ref      ] GC(75) Final: 3 encountered, 0 discovered, 0 enqueued
[30.827s][info][gc,ref      ] GC(75) Phantom: 124 encountered, 110 discovered, 0 enqueued
[30.827s][info][gc,reloc    ] GC(75) Small Pages: 810 / 1620M, Empty: 1326M, Relocated: 0M, In-Place: 0
[30.827s][info][gc,reloc    ] GC(75) Medium Pages: 1 / 32M, Empty: 0M, Relocated: 0M, In-Place: 0
[30.827s][info][gc,reloc    ] GC(75) Large Pages: 0 / 0M, Empty: 0M, Relocated: 0M, In-Place: 0
[30.827s][info][gc,reloc    ] GC(75) Forwarding Usage: 0M
[30.827s][info][gc,heap     ] GC(75) Min Capacity: 2048M(100%)
[30.827s][info][gc,heap     ] GC(75) Max Capacity: 2048M(100%)
[30.827s][info][gc,heap     ] GC(75) Soft Max Capacity: 2048M(100%)
[30.827s][info][gc,heap     ] GC(75)                Mark Start          Mark End        Relocate Start      Relocate End           High               Low         
[30.827s][info][gc,heap     ] GC(75)  Capacity:     2048M (100%)       2048M (100%)       2048M (100%)       2048M (100%)       2048M (100%)       2048M (100%)   
[30.827s][info][gc,heap     ] GC(75)      Free:      396M (19%)         358M (17%)        1648M (80%)        1932M (94%)        1932M (94%)         330M (16%)    
[30.827s][info][gc,heap     ] GC(75)      Used:     1652M (81%)        1690M (83%)         400M (20%)         116M (6%)         1718M (84%)         116M (6%)     
[30.827s][info][gc,heap     ] GC(75)      Live:         -                 9M (0%)            9M (0%)            9M (0%)             -                  -          
[30.827s][info][gc,heap     ] GC(75) Allocated:         -                38M (2%)           74M (4%)           75M (4%)             -                  -          
[30.827s][info][gc,heap     ] GC(75)   Garbage:         -              1642M (80%)         316M (15%)          30M (2%)             -                  -          
[30.827s][info][gc,heap     ] GC(75) Reclaimed:         -                  -              1326M (65%)        1611M (79%)            -                  -          
[30.827s][info][gc          ] GC(75) Garbage Collection (Allocation Rate) 1652M(81%)->116M(6%)
[31.201s][info][gc,start    ] GC(76) Garbage Collection (Allocation Rate)
[31.202s][info][gc,task     ] GC(76) Using 1 workers
[31.202s][info][gc,phases   ] GC(76) Pause Mark Start 0.010ms
[31.218s][info][gc,phases   ] GC(76) Concurrent Mark 9.264ms
[31.218s][info][gc,phases   ] GC(76) Pause Mark End 0.016ms
[31.218s][info][gc,phases   ] GC(76) Concurrent Mark Free 0.003ms
[31.225s][info][gc,phases   ] GC(76) Concurrent Process Non-Strong References 6.737ms
[31.225s][info][gc,phases   ] GC(76) Concurrent Reset Relocation Set 0.008ms
[31.227s][info][gc,phases   ] GC(76) Concurrent Select Relocation Set 1.975ms
[31.227s][info][gc,phases   ] GC(76) Pause Relocate Start 0.013ms
[31.230s][info][gc,phases   ] GC(76) Concurrent Relocate 0.533ms
[31.230s][info][gc,load     ] GC(76) Load: 0.00/0.00/0.00
[31.230s][info][gc,mmu      ] GC(76) MMU: 2ms/66.0%, 5ms/86.4%, 10ms/93.2%, 20ms/96.6%, 50ms/98.6%, 100ms/99.3%
[31.230s][info][gc,marking  ] GC(76) Mark: 1 stripe(s), 2 proactive flush(es), 1 terminate flush(es), 0 completion(s), 0 continuation(s) 
[31.230s][info][gc,marking  ] GC(76) Mark Stack Usage: 32M
[31.230s][info][gc,nmethod  ] GC(76) NMethods: 3377 registered, 1172 unregistered
[31.230s][info][gc,metaspace] GC(76) Metaspace: 8M used, 9M committed, 1088M reserved
[31.230s][info][gc,ref      ] GC(76) Soft: 351 encountered, 0 discovered, 0 enqueued
[31.230s][info][gc,ref      ] GC(76) Weak: 885 encountered, 293 discovered, 253 enqueued
[31.230s][info][gc,ref      ] GC(76) Final: 3 encountered, 0 discovered, 0 enqueued
[31.230s][info][gc,ref      ] GC(76) Phantom: 124 encountered, 110 discovered, 0 enqueued
[31.230s][info][gc,reloc    ] GC(76) Small Pages: 803 / 1606M, Empty: 1322M, Relocated: 0M, In-Place: 0
[31.230s][info][gc,reloc    ] GC(76) Medium Pages: 1 / 32M, Empty: 0M, Relocated: 0M, In-Place: 0
[31.230s][info][gc,reloc    ] GC(76) Large Pages: 0 / 0M, Empty: 0M, Relocated: 0M, In-Place: 0
[31.230s][info][gc,reloc    ] GC(76) Forwarding Usage: 0M
[31.230s][info][gc,heap     ] GC(76) Min Capacity: 2048M(100%)
[31.230s][info][gc,heap     ] GC(76) Max Capacity: 2048M(100%)
[31.230s][info][gc,heap     ] GC(76) Soft Max Capacity: 2048M(100%)
[31.230s][info][gc,heap     ] GC(76)                Mark Start          Mark End        Relocate Start      Relocate End           High               Low         
[31.230s][info][gc,heap     ] GC(76)  Capacity:     2048M (100%)       2048M (100%)       2048M (100%)       2048M (100%)       2048M (100%)       2048M (100%)   
[31.230s][info][gc,heap     ] GC(76)      Free:      410M (20%)         338M (17%)        1632M (80%)        1896M (93%)        1896M (93%)         316M (15%)    
[31.230s][info][gc,heap     ] GC(76)      Used:     1638M (80%)        1710M (83%)         416M (20%)         152M (7%)         1732M (85%)         152M (7%)     
[31.230s][info][gc,heap     ] GC(76)      Live:         -                 9M (0%)            9M (0%)            9M (0%)             -                  -          
[31.230s][info][gc,heap     ] GC(76) Allocated:         -                72M (4%)          100M (5%)          111M (5%)             -                  -          
[31.230s][info][gc,heap     ] GC(76)   Garbage:         -              1628M (80%)         306M (15%)          30M (2%)             -                  -          
[31.230s][info][gc,heap     ] GC(76) Reclaimed:         -                  -              1322M (65%)        1597M (78%)            -                  -          
[31.230s][info][gc          ] GC(76) Garbage Collection (Allocation Rate) 1638M(80%)->152M(7%)
[31.604s][info][gc,start    ] GC(77) Garbage Collection (Allocation Rate)
[31.604s][info][gc,task     ] GC(77) Using 1 workers
[31.604s][info][gc,phases   ] GC(77) Pause Mark Start 0.007ms
[31.610s][info][gc,phases   ] GC(77) Concurrent Mark 6.104ms
[31.610s][info][gc,phases   ] GC(77) Pause Mark End 0.010ms
[31.611s][info][gc,phases   ] GC(77) Concurrent Mark Free 0.001ms
[31.616s][info][gc,phases   ] GC(77) Concurrent Process Non-Strong References 5.111ms
[31.616s][info][gc,phases   ] GC(77) Concurrent Reset Relocation Set 0.007ms
[31.618s][info][gc,phases   ] GC(77) Concurrent Select Relocation Set 1.863ms
[31.618s][info][gc,phases   ] GC(77) Pause Relocate Start 0.009ms
[31.619s][info][gc,phases   ] GC(77) Concurrent Relocate 0.752ms
[31.619s][info][gc,load     ] GC(77) Load: 0.00/0.00/0.00
[31.619s][info][gc,mmu      ] GC(77) MMU: 2ms/66.0%, 5ms/86.4%, 10ms/93.2%, 20ms/96.6%, 50ms/98.6%, 100ms/99.3%
[31.619s][info][gc,marking  ] GC(77) Mark: 1 stripe(s), 2 proactive flush(es), 1 terminate flush(es), 0 completion(s), 0 continuation(s) 
[31.619s][info][gc,marking  ] GC(77) Mark Stack Usage: 32M
[31.619s][info][gc,nmethod  ] GC(77) NMethods: 3377 registered, 1172 unregistered
[31.619s][info][gc,metaspace] GC(77) Metaspace: 8M used, 9M committed, 1088M reserved
[31.619s][info][gc,ref      ] GC(77) Soft: 351 encountered, 0 discovered, 0 enqueued
[31.619s][info][gc,ref      ] GC(77) Weak: 684 encountered, 111 discovered, 93 enqueued
[31.619s][info][gc,ref      ] GC(77) Final: 3 encountered, 0 discovered, 0 enqueued
[31.619s][info][gc,ref      ] GC(77) Phantom: 60 encountered, 46 discovered, 0 enqueued
[31.619s][info][gc,reloc    ] GC(77) Small Pages: 728 / 1456M, Empty: 1338M, Relocated: 1M, In-Place: 0
[31.619s][info][gc,reloc    ] GC(77) Medium Pages: 1 / 32M, Empty: 0M, Relocated: 0M, In-Place: 0
[31.619s][info][gc,reloc    ] GC(77) Large Pages: 0 / 0M, Empty: 0M, Relocated: 0M, In-Place: 0
[31.619s][info][gc,reloc    ] GC(77) Forwarding Usage: 0M
[31.619s][info][gc,heap     ] GC(77) Min Capacity: 2048M(100%)
[31.619s][info][gc,heap     ] GC(77) Max Capacity: 2048M(100%)
[31.619s][info][gc,heap     ] GC(77) Soft Max Capacity: 2048M(100%)
[31.619s][info][gc,heap     ] GC(77)                Mark Start          Mark End        Relocate Start      Relocate End           High               Low         
[31.619s][info][gc,heap     ] GC(77)  Capacity:     2048M (100%)       2048M (100%)       2048M (100%)       2048M (100%)       2048M (100%)       2048M (100%)   
[31.619s][info][gc,heap     ] GC(77)      Free:      560M (27%)         550M (27%)        1878M (92%)        1990M (97%)        1990M (97%)         542M (26%)    
[31.619s][info][gc,heap     ] GC(77)      Used:     1488M (73%)        1498M (73%)         170M (8%)           58M (3%)         1506M (74%)          58M (3%)     
[31.619s][info][gc,heap     ] GC(77)      Live:         -                 8M (0%)            8M (0%)            8M (0%)             -                  -          
[31.619s][info][gc,heap     ] GC(77) Allocated:         -                10M (0%)           20M (1%)           19M (1%)             -                  -          
[31.619s][info][gc,heap     ] GC(77)   Garbage:         -              1479M (72%)         141M (7%)           29M (1%)             -                  -          
[31.619s][info][gc,heap     ] GC(77) Reclaimed:         -                  -              1338M (65%)        1449M (71%)            -                  -          
[31.619s][info][gc          ] GC(77) Garbage Collection (Allocation Rate) 1488M(73%)->58M(3%)
[31.797s][info][gc,start    ] GC(78) Garbage Collection (System.gc())
[31.797s][info][gc,task     ] GC(78) Using 2 workers
[31.798s][info][gc,phases   ] GC(78) Pause Mark Start 0.005ms
[31.811s][info][gc,phases   ] GC(78) Concurrent Mark 13.413ms
[31.811s][info][gc,phases   ] GC(78) Pause Mark End 0.016ms
[31.811s][info][gc,phases   ] GC(78) Concurrent Mark Free 0.002ms
[31.815s][info][gc,phases   ] GC(78) Concurrent Process Non-Strong References 3.922ms
[31.815s][info][gc,phases   ] GC(78) Concurrent Reset Relocation Set 0.004ms
[31.817s][info][gc,phases   ] GC(78) Concurrent Select Relocation Set 1.445ms
[31.817s][info][gc,phases   ] GC(78) Pause Relocate Start 0.007ms
[31.818s][info][gc,phases   ] GC(78) Concurrent Relocate 0.842ms
[31.818s][info][gc,load     ] GC(78) Load: 0.00/0.00/0.00
[31.818s][info][gc,mmu      ] GC(78) MMU: 2ms/66.0%, 5ms/86.4%, 10ms/93.2%, 20ms/96.6%, 50ms/98.6%, 100ms/99.3%
[31.818s][info][gc,marking  ] GC(78) Mark: 2 stripe(s), 1 proactive flush(es), 1 terminate flush(es), 0 completion(s), 0 continuation(s) 
[31.818s][info][gc,marking  ] GC(78) Mark Stack Usage: 32M
[31.818s][info][gc,nmethod  ] GC(78) NMethods: 3377 registered, 1172 unregistered
[31.818s][info][gc,metaspace] GC(78) Metaspace: 8M used, 9M committed, 1088M reserved
[31.818s][info][gc,ref      ] GC(78) Soft: 351 encountered, 0 discovered, 0 enqueued
[31.818s][info][gc,ref      ] GC(78) Weak: 572 encountered, 80 discovered, 0 enqueued
[31.818s][info][gc,ref      ] GC(78) Final: 3 encountered, 3 discovered, 0 enqueued
[31.818s][info][gc,ref      ] GC(78) Phantom: 26 encountered, 9 discovered, 0 enqueued
[31.818s][info][gc,reloc    ] GC(78) Small Pages: 38 / 76M, Empty: 64M, Relocated: 1M, In-Place: 0
[31.818s][info][gc,reloc    ] GC(78) Medium Pages: 2 / 64M, Empty: 32M, Relocated: 0M, In-Place: 0
[31.818s][info][gc,reloc    ] GC(78) Large Pages: 0 / 0M, Empty: 0M, Relocated: 0M, In-Place: 0
[31.818s][info][gc,reloc    ] GC(78) Forwarding Usage: 0M
[31.818s][info][gc,heap     ] GC(78) Min Capacity: 2048M(100%)
[31.818s][info][gc,heap     ] GC(78) Max Capacity: 2048M(100%)
[31.818s][info][gc,heap     ] GC(78) Soft Max Capacity: 2048M(100%)
[31.818s][info][gc,heap     ] GC(78)                Mark Start          Mark End        Relocate Start      Relocate End           High               Low         
[31.818s][info][gc,heap     ] GC(78)  Capacity:     2048M (100%)       2048M (100%)       2048M (100%)       2048M (100%)       2048M (100%)       2048M (100%)   
[31.818s][info][gc,heap     ] GC(78)      Free:     1908M (93%)        1908M (93%)        2004M (98%)        2008M (98%)        2008M (98%)        1908M (93%)    
[31.818s][info][gc,heap     ] GC(78)      Used:      140M (7%)          140M (7%)           44M (2%)           40M (2%)          140M (7%)           40M (2%)     
[31.818s][info][gc,heap     ] GC(78)      Live:         -                 8M (0%)            8M (0%)            8M (0%)             -                  -          
[31.818s][info][gc,heap     ] GC(78) Allocated:         -                 0M (0%)            0M (0%)            0M (0%)             -                  -          
[31.818s][info][gc,heap     ] GC(78)   Garbage:         -               131M (6%)           35M (2%)           31M (2%)             -                  -          
[31.818s][info][gc,heap     ] GC(78) Reclaimed:         -                  -                96M (5%)          100M (5%)             -                  -          
[31.818s][info][gc          ] GC(78) Garbage Collection (System.gc()) 140M(7%)->40M(2%)
[32.097s][info][gc,start    ] GC(79) Garbage Collection (Allocation Rate)
[32.097s][info][gc,task     ] GC(79) Using 1 workers
[32.097s][info][gc,phases   ] GC(79) Pause Mark Start 0.009ms
[32.112s][info][gc,phases   ] GC(79) Concurrent Mark 11.159ms
[32.112s][info][gc,phases   ] GC(79) Pause Mark End 0.015ms
[32.113s][info][gc,phases   ] GC(79) Concurrent Mark Free 0.001ms
[32.121s][info][gc,phases   ] GC(79) Concurrent Process Non-Strong References 7.557ms
[32.121s][info][gc,phases   ] GC(79) Concurrent Reset Relocation Set 0.002ms
[32.123s][info][gc,phases   ] GC(79) Concurrent Select Relocation Set 1.985ms
[32.123s][info][gc,phases   ] GC(79) Pause Relocate Start 0.013ms
[32.127s][info][gc,phases   ] GC(79) Concurrent Relocate 0.564ms
[32.127s][info][gc,load     ] GC(79) Load: 0.00/0.00/0.00
[32.127s][info][gc,mmu      ] GC(79) MMU: 2ms/66.0%, 5ms/86.4%, 10ms/93.2%, 20ms/96.6%, 50ms/98.6%, 100ms/99.3%
[32.127s][info][gc,marking  ] GC(79) Mark: 1 stripe(s), 2 proactive flush(es), 1 terminate flush(es), 0 completion(s), 0 continuation(s) 
[32.127s][info][gc,marking  ] GC(79) Mark Stack Usage: 32M
[32.127s][info][gc,nmethod  ] GC(79) NMethods: 3379 registered, 1172 unregistered
[32.127s][info][gc,metaspace] GC(79) Metaspace: 8M used, 9M committed, 1088M reserved
[32.127s][info][gc,ref      ] GC(79) Soft: 351 encountered, 0 discovered, 0 enqueued
[32.127s][info][gc,ref      ] GC(79) Weak: 791 encountered, 196 discovered, 164 enqueued
[32.127s][info][gc,ref      ] GC(79) Final: 3 encountered, 0 discovered, 0 enqueued
[32.127s][info][gc,ref      ] GC(79) Phantom: 108 encountered, 81 discovered, 0 enqueued
[32.127s][info][gc,reloc    ] GC(79) Small Pages: 567 / 1134M, Empty: 918M, Relocated: 0M, In-Place: 0
[32.127s][info][gc,reloc    ] GC(79) Medium Pages: 2 / 64M, Empty: 32M, Relocated: 0M, In-Place: 0
[32.127s][info][gc,reloc    ] GC(79) Large Pages: 0 / 0M, Empty: 0M, Relocated: 0M, In-Place: 0
[32.127s][info][gc,reloc    ] GC(79) Forwarding Usage: 0M
[32.127s][info][gc,heap     ] GC(79) Min Capacity: 2048M(100%)
[32.127s][info][gc,heap     ] GC(79) Max Capacity: 2048M(100%)
[32.127s][info][gc,heap     ] GC(79) Soft Max Capacity: 2048M(100%)
[32.127s][info][gc,heap     ] GC(79)                Mark Start          Mark End        Relocate Start      Relocate End           High               Low         
[32.127s][info][gc,heap     ] GC(79)  Capacity:     2048M (100%)       2048M (100%)       2048M (100%)       2048M (100%)       2048M (100%)       2048M (100%)   
[32.127s][info][gc,heap     ] GC(79)      Free:      850M (42%)         790M (39%)        1702M (83%)        1892M (92%)        1892M (92%)         760M (37%)    
[32.127s][info][gc,heap     ] GC(79)      Used:     1198M (58%)        1258M (61%)         346M (17%)         156M (8%)         1288M (63%)         156M (8%)     
[32.127s][info][gc,heap     ] GC(79)      Live:         -                 9M (0%)            9M (0%)            9M (0%)             -                  -          
[32.127s][info][gc,heap     ] GC(79) Allocated:         -                60M (3%)           98M (5%)          115M (6%)             -                  -          
[32.127s][info][gc,heap     ] GC(79)   Garbage:         -              1188M (58%)         238M (12%)          30M (2%)             -                  -          
[32.127s][info][gc,heap     ] GC(79) Reclaimed:         -                  -               950M (46%)        1157M (57%)            -                  -          
[32.127s][info][gc          ] GC(79) Garbage Collection (Allocation Rate) 1198M(58%)->156M(8%)
[32.396s][info][gc,start    ] GC(80) Garbage Collection (Allocation Rate)
[32.396s][info][gc,task     ] GC(80) Using 1 workers
[32.396s][info][gc,phases   ] GC(80) Pause Mark Start 0.008ms
[32.408s][info][gc,phases   ] GC(80) Concurrent Mark 10.583ms
[32.408s][info][gc,phases   ] GC(80) Pause Mark End 0.079ms
[32.408s][info][gc,phases   ] GC(80) Concurrent Mark Free 0.001ms
[32.415s][info][gc,phases   ] GC(80) Concurrent Process Non-Strong References 6.604ms
[32.415s][info][gc,phases   ] GC(80) Concurrent Reset Relocation Set 0.005ms
[32.417s][info][gc,phases   ] GC(80) Concurrent Select Relocation Set 2.049ms
[32.417s][info][gc,phases   ] GC(80) Pause Relocate Start 0.011ms
[32.419s][info][gc,phases   ] GC(80) Concurrent Relocate 0.527ms
[32.419s][info][gc,load     ] GC(80) Load: 0.00/0.00/0.00
[32.419s][info][gc,mmu      ] GC(80) MMU: 2ms/66.0%, 5ms/86.4%, 10ms/93.2%, 20ms/96.6%, 50ms/98.6%, 100ms/99.3%
[32.419s][info][gc,marking  ] GC(80) Mark: 1 stripe(s), 2 proactive flush(es), 1 terminate flush(es), 1 completion(s), 0 continuation(s) 
[32.419s][info][gc,marking  ] GC(80) Mark Stack Usage: 32M
[32.419s][info][gc,nmethod  ] GC(80) NMethods: 3379 registered, 1172 unregistered
[32.419s][info][gc,metaspace] GC(80) Metaspace: 8M used, 9M committed, 1088M reserved
[32.419s][info][gc,ref      ] GC(80) Soft: 351 encountered, 0 discovered, 0 enqueued
[32.419s][info][gc,ref      ] GC(80) Weak: 816 encountered, 228 discovered, 149 enqueued
[32.419s][info][gc,ref      ] GC(80) Final: 3 encountered, 0 discovered, 0 enqueued
[32.419s][info][gc,ref      ] GC(80) Phantom: 105 encountered, 85 discovered, 0 enqueued
[32.419s][info][gc,reloc    ] GC(80) Small Pages: 616 / 1232M, Empty: 1010M, Relocated: 0M, In-Place: 0
[32.419s][info][gc,reloc    ] GC(80) Medium Pages: 1 / 32M, Empty: 0M, Relocated: 0M, In-Place: 0
[32.419s][info][gc,reloc    ] GC(80) Large Pages: 0 / 0M, Empty: 0M, Relocated: 0M, In-Place: 0
[32.419s][info][gc,reloc    ] GC(80) Forwarding Usage: 0M
[32.419s][info][gc,heap     ] GC(80) Min Capacity: 2048M(100%)
[32.419s][info][gc,heap     ] GC(80) Max Capacity: 2048M(100%)
[32.419s][info][gc,heap     ] GC(80) Soft Max Capacity: 2048M(100%)
[32.419s][info][gc,heap     ] GC(80)                Mark Start          Mark End        Relocate Start      Relocate End           High               Low         
[32.419s][info][gc,heap     ] GC(80)  Capacity:     2048M (100%)       2048M (100%)       2048M (100%)       2048M (100%)       2048M (100%)       2048M (100%)   
[32.419s][info][gc,heap     ] GC(80)      Free:      784M (38%)         740M (36%)        1718M (84%)        1928M (94%)        1928M (94%)         714M (35%)    
[32.419s][info][gc,heap     ] GC(80)      Used:     1264M (62%)        1308M (64%)         330M (16%)         120M (6%)         1334M (65%)         120M (6%)     
[32.419s][info][gc,heap     ] GC(80)      Live:         -                 9M (0%)            9M (0%)            9M (0%)             -                  -          
[32.419s][info][gc,heap     ] GC(80) Allocated:         -                44M (2%)           76M (4%)           79M (4%)             -                  -          
[32.419s][info][gc,heap     ] GC(80)   Garbage:         -              1254M (61%)         244M (12%)          30M (2%)             -                  -          
[32.419s][info][gc,heap     ] GC(80) Reclaimed:         -                  -              1010M (49%)        1223M (60%)            -                  -          
[32.419s][info][gc          ] GC(80) Garbage Collection (Allocation Rate) 1264M(62%)->120M(6%)
[32.805s][info][gc,start    ] GC(81) Garbage Collection (Allocation Rate)
[32.806s][info][gc,task     ] GC(81) Using 1 workers
[32.806s][info][gc,phases   ] GC(81) Pause Mark Start 0.012ms
[32.816s][info][gc,phases   ] GC(81) Concurrent Mark 9.959ms
[32.816s][info][gc,phases   ] GC(81) Pause Mark End 0.014ms
[32.816s][info][gc,phases   ] GC(81) Concurrent Mark Free 0.001ms
[32.824s][info][gc,phases   ] GC(81) Concurrent Process Non-Strong References 7.572ms
[32.824s][info][gc,phases   ] GC(81) Concurrent Reset Relocation Set 0.011ms
[32.826s][info][gc,phases   ] GC(81) Concurrent Select Relocation Set 2.043ms
[32.826s][info][gc,phases   ] GC(81) Pause Relocate Start 0.012ms
[32.832s][info][gc,phases   ] GC(81) Concurrent Relocate 0.697ms
[32.832s][info][gc,load     ] GC(81) Load: 0.00/0.00/0.00
[32.832s][info][gc,mmu      ] GC(81) MMU: 2ms/66.0%, 5ms/86.4%, 10ms/93.2%, 20ms/96.6%, 50ms/98.6%, 100ms/99.3%
[32.832s][info][gc,marking  ] GC(81) Mark: 1 stripe(s), 2 proactive flush(es), 1 terminate flush(es), 0 completion(s), 0 continuation(s) 
[32.832s][info][gc,marking  ] GC(81) Mark Stack Usage: 32M
[32.832s][info][gc,nmethod  ] GC(81) NMethods: 3379 registered, 1172 unregistered
[32.832s][info][gc,metaspace] GC(81) Metaspace: 8M used, 9M committed, 1088M reserved
[32.832s][info][gc,ref      ] GC(81) Soft: 351 encountered, 0 discovered, 0 enqueued
[32.832s][info][gc,ref      ] GC(81) Weak: 930 encountered, 340 discovered, 311 enqueued
[32.832s][info][gc,ref      ] GC(81) Final: 3 encountered, 0 discovered, 0 enqueued
[32.832s][info][gc,ref      ] GC(81) Phantom: 111 encountered, 93 discovered, 0 enqueued
[32.832s][info][gc,reloc    ] GC(81) Small Pages: 838 / 1676M, Empty: 1376M, Relocated: 0M, In-Place: 0
[32.832s][info][gc,reloc    ] GC(81) Medium Pages: 1 / 32M, Empty: 0M, Relocated: 0M, In-Place: 0
[32.832s][info][gc,reloc    ] GC(81) Large Pages: 0 / 0M, Empty: 0M, Relocated: 0M, In-Place: 0
[32.832s][info][gc,reloc    ] GC(81) Forwarding Usage: 0M
[32.832s][info][gc,heap     ] GC(81) Min Capacity: 2048M(100%)
[32.832s][info][gc,heap     ] GC(81) Max Capacity: 2048M(100%)
[32.832s][info][gc,heap     ] GC(81) Soft Max Capacity: 2048M(100%)
[32.832s][info][gc,heap     ] GC(81)                Mark Start          Mark End        Relocate Start      Relocate End           High               Low         
[32.833s][info][gc,heap     ] GC(81)  Capacity:     2048M (100%)       2048M (100%)       2048M (100%)       2048M (100%)       2048M (100%)       2048M (100%)   
[32.833s][info][gc,heap     ] GC(81)      Free:      340M (17%)         300M (15%)        1640M (80%)        1906M (93%)        1906M (93%)         272M (13%)    
[32.833s][info][gc,heap     ] GC(81)      Used:     1708M (83%)        1748M (85%)         408M (20%)         142M (7%)         1776M (87%)         142M (7%)     
[32.833s][info][gc,heap     ] GC(81)      Live:         -                 9M (0%)            9M (0%)            9M (0%)             -                  -          
[32.833s][info][gc,heap     ] GC(81) Allocated:         -                40M (2%)           76M (4%)          101M (5%)             -                  -          
[32.833s][info][gc,heap     ] GC(81)   Garbage:         -              1698M (83%)         322M (16%)          30M (2%)             -                  -          
[32.833s][info][gc,heap     ] GC(81) Reclaimed:         -                  -              1376M (67%)        1667M (81%)            -                  -          
[32.833s][info][gc          ] GC(81) Garbage Collection (Allocation Rate) 1708M(83%)->142M(7%)
[33.106s][info][gc,start    ] GC(82) Garbage Collection (Allocation Rate)
[33.106s][info][gc,task     ] GC(82) Using 1 workers
[33.106s][info][gc,phases   ] GC(82) Pause Mark Start 0.011ms
[33.115s][info][gc,phases   ] GC(82) Concurrent Mark 8.462ms
[33.115s][info][gc,phases   ] GC(82) Pause Mark End 0.016ms
[33.115s][info][gc,phases   ] GC(82) Concurrent Mark Free 0.000ms
[33.123s][info][gc,phases   ] GC(82) Concurrent Process Non-Strong References 8.117ms
[33.123s][info][gc,phases   ] GC(82) Concurrent Reset Relocation Set 0.006ms
[33.125s][info][gc,phases   ] GC(82) Concurrent Select Relocation Set 1.800ms
[33.125s][info][gc,phases   ] GC(82) Pause Relocate Start 0.010ms
[33.129s][info][gc,phases   ] GC(82) Concurrent Relocate 0.543ms
[33.129s][info][gc,load     ] GC(82) Load: 0.00/0.00/0.00
[33.130s][info][gc,mmu      ] GC(82) MMU: 2ms/66.0%, 5ms/86.4%, 10ms/93.2%, 20ms/96.6%, 50ms/98.6%, 100ms/99.3%
[33.130s][info][gc,marking  ] GC(82) Mark: 1 stripe(s), 2 proactive flush(es), 1 terminate flush(es), 0 completion(s), 0 continuation(s) 
[33.130s][info][gc,marking  ] GC(82) Mark Stack Usage: 32M
[33.130s][info][gc,nmethod  ] GC(82) NMethods: 3380 registered, 1172 unregistered
[33.130s][info][gc,metaspace] GC(82) Metaspace: 8M used, 9M committed, 1088M reserved
[33.130s][info][gc,ref      ] GC(82) Soft: 351 encountered, 0 discovered, 0 enqueued
[33.130s][info][gc,ref      ] GC(82) Weak: 811 encountered, 220 discovered, 186 enqueued
[33.130s][info][gc,ref      ] GC(82) Final: 3 encountered, 0 discovered, 0 enqueued
[33.130s][info][gc,ref      ] GC(82) Phantom: 124 encountered, 110 discovered, 0 enqueued
[33.130s][info][gc,reloc    ] GC(82) Small Pages: 601 / 1202M, Empty: 972M, Relocated: 0M, In-Place: 0
[33.130s][info][gc,reloc    ] GC(82) Medium Pages: 1 / 32M, Empty: 0M, Relocated: 0M, In-Place: 0
[33.130s][info][gc,reloc    ] GC(82) Large Pages: 0 / 0M, Empty: 0M, Relocated: 0M, In-Place: 0
[33.130s][info][gc,reloc    ] GC(82) Forwarding Usage: 0M
[33.130s][info][gc,heap     ] GC(82) Min Capacity: 2048M(100%)
[33.130s][info][gc,heap     ] GC(82) Max Capacity: 2048M(100%)
[33.130s][info][gc,heap     ] GC(82) Soft Max Capacity: 2048M(100%)
[33.130s][info][gc,heap     ] GC(82)                Mark Start          Mark End        Relocate Start      Relocate End           High               Low         
[33.130s][info][gc,heap     ] GC(82)  Capacity:     2048M (100%)       2048M (100%)       2048M (100%)       2048M (100%)       2048M (100%)       2048M (100%)   
[33.130s][info][gc,heap     ] GC(82)      Free:      814M (40%)         778M (38%)        1726M (84%)        1932M (94%)        1932M (94%)         758M (37%)    
[33.130s][info][gc,heap     ] GC(82)      Used:     1234M (60%)        1270M (62%)         322M (16%)         116M (6%)         1290M (63%)         116M (6%)     
[33.130s][info][gc,heap     ] GC(82)      Live:         -                 9M (0%)            9M (0%)            9M (0%)             -                  -          
[33.130s][info][gc,heap     ] GC(82) Allocated:         -                36M (2%)           60M (3%)           75M (4%)             -                  -          
[33.130s][info][gc,heap     ] GC(82)   Garbage:         -              1224M (60%)         252M (12%)          30M (2%)             -                  -          
[33.130s][info][gc,heap     ] GC(82) Reclaimed:         -                  -               972M (47%)        1193M (58%)            -                  -          
[33.130s][info][gc          ] GC(82) Garbage Collection (Allocation Rate) 1234M(60%)->116M(6%)
[33.406s][info][gc,start    ] GC(83) Garbage Collection (Allocation Rate)
[33.406s][info][gc,task     ] GC(83) Using 1 workers
[33.406s][info][gc,phases   ] GC(83) Pause Mark Start 0.008ms
[33.415s][info][gc,phases   ] GC(83) Concurrent Mark 8.055ms
[33.415s][info][gc,phases   ] GC(83) Pause Mark End 0.015ms
[33.416s][info][gc,phases   ] GC(83) Concurrent Mark Free 0.001ms
[33.422s][info][gc,phases   ] GC(83) Concurrent Process Non-Strong References 6.739ms
[33.422s][info][gc,phases   ] GC(83) Concurrent Reset Relocation Set 0.008ms
[33.424s][info][gc,phases   ] GC(83) Concurrent Select Relocation Set 2.026ms
[33.425s][info][gc,phases   ] GC(83) Pause Relocate Start 0.014ms
[33.425s][info][gc,phases   ] GC(83) Concurrent Relocate 0.458ms
[33.425s][info][gc,load     ] GC(83) Load: 0.00/0.00/0.00
[33.425s][info][gc,mmu      ] GC(83) MMU: 2ms/66.0%, 5ms/86.4%, 10ms/93.2%, 20ms/96.6%, 50ms/98.6%, 100ms/99.3%
[33.425s][info][gc,marking  ] GC(83) Mark: 1 stripe(s), 2 proactive flush(es), 1 terminate flush(es), 0 completion(s), 0 continuation(s) 
[33.425s][info][gc,marking  ] GC(83) Mark Stack Usage: 32M
[33.425s][info][gc,nmethod  ] GC(83) NMethods: 3380 registered, 1172 unregistered
[33.425s][info][gc,metaspace] GC(83) Metaspace: 8M used, 9M committed, 1088M reserved
[33.425s][info][gc,ref      ] GC(83) Soft: 351 encountered, 0 discovered, 0 enqueued
[33.425s][info][gc,ref      ] GC(83) Weak: 812 encountered, 221 discovered, 193 enqueued
[33.425s][info][gc,ref      ] GC(83) Final: 3 encountered, 0 discovered, 0 enqueued
[33.425s][info][gc,ref      ] GC(83) Phantom: 106 encountered, 87 discovered, 0 enqueued
[33.425s][info][gc,reloc    ] GC(83) Small Pages: 622 / 1244M, Empty: 1008M, Relocated: 0M, In-Place: 0
[33.425s][info][gc,reloc    ] GC(83) Medium Pages: 1 / 32M, Empty: 0M, Relocated: 0M, In-Place: 0
[33.425s][info][gc,reloc    ] GC(83) Large Pages: 0 / 0M, Empty: 0M, Relocated: 0M, In-Place: 0
[33.425s][info][gc,reloc    ] GC(83) Forwarding Usage: 0M
[33.425s][info][gc,heap     ] GC(83) Min Capacity: 2048M(100%)
[33.425s][info][gc,heap     ] GC(83) Max Capacity: 2048M(100%)
[33.425s][info][gc,heap     ] GC(83) Soft Max Capacity: 2048M(100%)
[33.425s][info][gc,heap     ] GC(83)                Mark Start          Mark End        Relocate Start      Relocate End           High               Low         
[33.425s][info][gc,heap     ] GC(83)  Capacity:     2048M (100%)       2048M (100%)       2048M (100%)       2048M (100%)       2048M (100%)       2048M (100%)   
[33.425s][info][gc,heap     ] GC(83)      Free:      772M (38%)         734M (36%)        1714M (84%)        1940M (95%)        1940M (95%)         712M (35%)    
[33.425s][info][gc,heap     ] GC(83)      Used:     1276M (62%)        1314M (64%)         334M (16%)         108M (5%)         1336M (65%)         108M (5%)     
[33.425s][info][gc,heap     ] GC(83)      Live:         -                 9M (0%)            9M (0%)            9M (0%)             -                  -          
[33.425s][info][gc,heap     ] GC(83) Allocated:         -                38M (2%)           66M (3%)           67M (3%)             -                  -          
[33.425s][info][gc,heap     ] GC(83)   Garbage:         -              1266M (62%)         258M (13%)          30M (2%)             -                  -          
[33.425s][info][gc,heap     ] GC(83) Reclaimed:         -                  -              1008M (49%)        1235M (60%)            -                  -          
[33.425s][info][gc          ] GC(83) Garbage Collection (Allocation Rate) 1276M(62%)->108M(5%)
[33.811s][info][gc,start    ] GC(84) Garbage Collection (Allocation Rate)
[33.812s][info][gc,task     ] GC(84) Using 1 workers
[33.812s][info][gc,phases   ] GC(84) Pause Mark Start 0.012ms
[33.823s][info][gc,phases   ] GC(84) Concurrent Mark 11.185ms
[33.823s][info][gc,phases   ] GC(84) Pause Mark End 0.014ms
[33.824s][info][gc,phases   ] GC(84) Concurrent Mark Free 0.000ms
[33.833s][info][gc,phases   ] GC(84) Concurrent Process Non-Strong References 8.680ms
[33.833s][info][gc,phases   ] GC(84) Concurrent Reset Relocation Set 0.008ms
[33.835s][info][gc,phases   ] GC(84) Concurrent Select Relocation Set 2.129ms
[33.835s][info][gc,phases   ] GC(84) Pause Relocate Start 0.011ms
[33.836s][info][gc,phases   ] GC(84) Concurrent Relocate 0.530ms
[33.836s][info][gc,load     ] GC(84) Load: 0.00/0.00/0.00
[33.836s][info][gc,mmu      ] GC(84) MMU: 2ms/66.0%, 5ms/86.4%, 10ms/93.2%, 20ms/96.6%, 50ms/98.6%, 100ms/99.3%
[33.836s][info][gc,marking  ] GC(84) Mark: 1 stripe(s), 2 proactive flush(es), 1 terminate flush(es), 0 completion(s), 0 continuation(s) 
[33.836s][info][gc,marking  ] GC(84) Mark Stack Usage: 32M
[33.836s][info][gc,nmethod  ] GC(84) NMethods: 3380 registered, 1172 unregistered
[33.836s][info][gc,metaspace] GC(84) Metaspace: 8M used, 9M committed, 1088M reserved
[33.836s][info][gc,ref      ] GC(84) Soft: 351 encountered, 0 discovered, 0 enqueued
[33.836s][info][gc,ref      ] GC(84) Weak: 890 encountered, 300 discovered, 264 enqueued
[33.836s][info][gc,ref      ] GC(84) Final: 3 encountered, 0 discovered, 0 enqueued
[33.836s][info][gc,ref      ] GC(84) Phantom: 124 encountered, 110 discovered, 0 enqueued
[33.836s][info][gc,reloc    ] GC(84) Small Pages: 841 / 1682M, Empty: 1376M, Relocated: 0M, In-Place: 0
[33.836s][info][gc,reloc    ] GC(84) Medium Pages: 1 / 32M, Empty: 0M, Relocated: 0M, In-Place: 0
[33.836s][info][gc,reloc    ] GC(84) Large Pages: 0 / 0M, Empty: 0M, Relocated: 0M, In-Place: 0
[33.836s][info][gc,reloc    ] GC(84) Forwarding Usage: 0M
[33.836s][info][gc,heap     ] GC(84) Min Capacity: 2048M(100%)
[33.836s][info][gc,heap     ] GC(84) Max Capacity: 2048M(100%)
[33.836s][info][gc,heap     ] GC(84) Soft Max Capacity: 2048M(100%)
[33.836s][info][gc,heap     ] GC(84)                Mark Start          Mark End        Relocate Start      Relocate End           High               Low         
[33.836s][info][gc,heap     ] GC(84)  Capacity:     2048M (100%)       2048M (100%)       2048M (100%)       2048M (100%)       2048M (100%)       2048M (100%)   
[33.836s][info][gc,heap     ] GC(84)      Free:      334M (16%)         284M (14%)        1616M (79%)        1914M (93%)        1914M (93%)         248M (12%)    
[33.836s][info][gc,heap     ] GC(84)      Used:     1714M (84%)        1764M (86%)         432M (21%)         134M (7%)         1800M (88%)         134M (7%)     
[33.836s][info][gc,heap     ] GC(84)      Live:         -                 9M (0%)            9M (0%)            9M (0%)             -                  -          
[33.836s][info][gc,heap     ] GC(84) Allocated:         -                50M (2%)           94M (5%)           93M (5%)             -                  -          
[33.836s][info][gc,heap     ] GC(84)   Garbage:         -              1704M (83%)         328M (16%)          30M (2%)             -                  -          
[33.836s][info][gc,heap     ] GC(84) Reclaimed:         -                  -              1376M (67%)        1673M (82%)            -                  -          
[33.836s][info][gc          ] GC(84) Garbage Collection (Allocation Rate) 1714M(84%)->134M(7%)
[34.207s][info][gc,start    ] GC(85) Garbage Collection (Allocation Rate)
[34.207s][info][gc,task     ] GC(85) Using 1 workers
[34.207s][info][gc,phases   ] GC(85) Pause Mark Start 0.010ms
[34.215s][info][gc,phases   ] GC(85) Concurrent Mark 8.166ms
[34.215s][info][gc,phases   ] GC(85) Pause Mark End 0.014ms
[34.216s][info][gc,phases   ] GC(85) Concurrent Mark Free 0.001ms
[34.222s][info][gc,phases   ] GC(85) Concurrent Process Non-Strong References 6.616ms
[34.222s][info][gc,phases   ] GC(85) Concurrent Reset Relocation Set 0.009ms
[34.224s][info][gc,phases   ] GC(85) Concurrent Select Relocation Set 1.910ms
[34.224s][info][gc,phases   ] GC(85) Pause Relocate Start 0.012ms
[34.225s][info][gc,phases   ] GC(85) Concurrent Relocate 0.501ms
[34.225s][info][gc,load     ] GC(85) Load: 0.00/0.00/0.00
[34.225s][info][gc,mmu      ] GC(85) MMU: 2ms/66.0%, 5ms/86.4%, 10ms/93.2%, 20ms/96.6%, 50ms/98.6%, 100ms/99.3%
[34.225s][info][gc,marking  ] GC(85) Mark: 1 stripe(s), 2 proactive flush(es), 1 terminate flush(es), 0 completion(s), 0 continuation(s) 
[34.225s][info][gc,marking  ] GC(85) Mark Stack Usage: 32M
[34.225s][info][gc,nmethod  ] GC(85) NMethods: 3380 registered, 1172 unregistered
[34.225s][info][gc,metaspace] GC(85) Metaspace: 8M used, 9M committed, 1088M reserved
[34.225s][info][gc,ref      ] GC(85) Soft: 351 encountered, 0 discovered, 0 enqueued
[34.225s][info][gc,ref      ] GC(85) Weak: 860 encountered, 268 discovered, 244 enqueued
[34.225s][info][gc,ref      ] GC(85) Final: 3 encountered, 0 discovered, 0 enqueued
[34.225s][info][gc,ref      ] GC(85) Phantom: 84 encountered, 60 discovered, 0 enqueued
[34.225s][info][gc,reloc    ] GC(85) Small Pages: 788 / 1576M, Empty: 1298M, Relocated: 0M, In-Place: 0
[34.225s][info][gc,reloc    ] GC(85) Medium Pages: 1 / 32M, Empty: 0M, Relocated: 0M, In-Place: 0
[34.225s][info][gc,reloc    ] GC(85) Large Pages: 0 / 0M, Empty: 0M, Relocated: 0M, In-Place: 0
[34.225s][info][gc,reloc    ] GC(85) Forwarding Usage: 0M
[34.225s][info][gc,heap     ] GC(85) Min Capacity: 2048M(100%)
[34.225s][info][gc,heap     ] GC(85) Max Capacity: 2048M(100%)
[34.225s][info][gc,heap     ] GC(85) Soft Max Capacity: 2048M(100%)
[34.225s][info][gc,heap     ] GC(85)                Mark Start          Mark End        Relocate Start      Relocate End           High               Low         
[34.225s][info][gc,heap     ] GC(85)  Capacity:     2048M (100%)       2048M (100%)       2048M (100%)       2048M (100%)       2048M (100%)       2048M (100%)   
[34.225s][info][gc,heap     ] GC(85)      Free:      440M (21%)         410M (20%)        1676M (82%)        1944M (95%)        1944M (95%)         382M (19%)    
[34.225s][info][gc,heap     ] GC(85)      Used:     1608M (79%)        1638M (80%)         372M (18%)         104M (5%)         1666M (81%)         104M (5%)     
[34.225s][info][gc,heap     ] GC(85)      Live:         -                 9M (0%)            9M (0%)            9M (0%)             -                  -          
[34.225s][info][gc,heap     ] GC(85) Allocated:         -                30M (1%)           62M (3%)           63M (3%)             -                  -          
[34.225s][info][gc,heap     ] GC(85)   Garbage:         -              1598M (78%)         300M (15%)          30M (2%)             -                  -          
[34.225s][info][gc,heap     ] GC(85) Reclaimed:         -                  -              1298M (63%)        1567M (77%)            -                  -          
[34.225s][info][gc          ] GC(85) Garbage Collection (Allocation Rate) 1608M(79%)->104M(5%)
[34.606s][info][gc,start    ] GC(86) Garbage Collection (Allocation Rate)
[34.606s][info][gc,task     ] GC(86) Using 1 workers
[34.606s][info][gc,phases   ] GC(86) Pause Mark Start 0.011ms
[34.615s][info][gc,phases   ] GC(86) Concurrent Mark 8.381ms
[34.615s][info][gc,phases   ] GC(86) Pause Mark End 0.013ms
[34.615s][info][gc,phases   ] GC(86) Concurrent Mark Free 0.001ms
[34.622s][info][gc,phases   ] GC(86) Concurrent Process Non-Strong References 6.923ms
[34.622s][info][gc,phases   ] GC(86) Concurrent Reset Relocation Set 0.009ms
[34.624s][info][gc,phases   ] GC(86) Concurrent Select Relocation Set 1.905ms
[34.624s][info][gc,phases   ] GC(86) Pause Relocate Start 0.011ms
[34.628s][info][gc,phases   ] GC(86) Concurrent Relocate 0.609ms
[34.628s][info][gc,load     ] GC(86) Load: 0.00/0.00/0.00
[34.628s][info][gc,mmu      ] GC(86) MMU: 2ms/66.0%, 5ms/86.4%, 10ms/93.2%, 20ms/96.6%, 50ms/98.6%, 100ms/99.3%
[34.628s][info][gc,marking  ] GC(86) Mark: 1 stripe(s), 2 proactive flush(es), 1 terminate flush(es), 0 completion(s), 0 continuation(s) 
[34.628s][info][gc,marking  ] GC(86) Mark Stack Usage: 32M
[34.628s][info][gc,nmethod  ] GC(86) NMethods: 3381 registered, 1172 unregistered
[34.628s][info][gc,metaspace] GC(86) Metaspace: 8M used, 9M committed, 1088M reserved
[34.628s][info][gc,ref      ] GC(86) Soft: 351 encountered, 0 discovered, 0 enqueued
[34.628s][info][gc,ref      ] GC(86) Weak: 877 encountered, 284 discovered, 253 enqueued
[34.628s][info][gc,ref      ] GC(86) Final: 3 encountered, 0 discovered, 0 enqueued
[34.628s][info][gc,ref      ] GC(86) Phantom: 124 encountered, 110 discovered, 0 enqueued
[34.628s][info][gc,reloc    ] GC(86) Small Pages: 808 / 1616M, Empty: 1320M, Relocated: 0M, In-Place: 0
[34.628s][info][gc,reloc    ] GC(86) Medium Pages: 1 / 32M, Empty: 0M, Relocated: 0M, In-Place: 0
[34.628s][info][gc,reloc    ] GC(86) Large Pages: 0 / 0M, Empty: 0M, Relocated: 0M, In-Place: 0
[34.628s][info][gc,reloc    ] GC(86) Forwarding Usage: 0M
[34.628s][info][gc,heap     ] GC(86) Min Capacity: 2048M(100%)
[34.628s][info][gc,heap     ] GC(86) Max Capacity: 2048M(100%)
[34.628s][info][gc,heap     ] GC(86) Soft Max Capacity: 2048M(100%)
[34.628s][info][gc,heap     ] GC(86)                Mark Start          Mark End        Relocate Start      Relocate End           High               Low         
[34.628s][info][gc,heap     ] GC(86)  Capacity:     2048M (100%)       2048M (100%)       2048M (100%)       2048M (100%)       2048M (100%)       2048M (100%)   
[34.628s][info][gc,heap     ] GC(86)      Free:      400M (20%)         370M (18%)        1658M (81%)        1932M (94%)        1932M (94%)         342M (17%)    
[34.628s][info][gc,heap     ] GC(86)      Used:     1648M (80%)        1678M (82%)         390M (19%)         116M (6%)         1706M (83%)         116M (6%)     
[34.628s][info][gc,heap     ] GC(86)      Live:         -                 9M (0%)            9M (0%)            9M (0%)             -                  -          
[34.628s][info][gc,heap     ] GC(86) Allocated:         -                30M (1%)           62M (3%)           75M (4%)             -                  -          
[34.628s][info][gc,heap     ] GC(86)   Garbage:         -              1638M (80%)         318M (16%)          30M (2%)             -                  -          
[34.628s][info][gc,heap     ] GC(86) Reclaimed:         -                  -              1320M (64%)        1607M (79%)            -                  -          
[34.628s][info][gc          ] GC(86) Garbage Collection (Allocation Rate) 1648M(80%)->116M(6%)
[34.999s][info][gc,start    ] GC(87) Garbage Collection (Allocation Rate)
[34.999s][info][gc,task     ] GC(87) Using 1 workers
[34.999s][info][gc,phases   ] GC(87) Pause Mark Start 0.011ms
[35.007s][info][gc,phases   ] GC(87) Concurrent Mark 7.890ms
[35.007s][info][gc,phases   ] GC(87) Pause Mark End 0.014ms
[35.009s][info][gc,phases   ] GC(87) Concurrent Mark Free 0.001ms
[35.016s][info][gc,phases   ] GC(87) Concurrent Process Non-Strong References 7.074ms
[35.016s][info][gc,phases   ] GC(87) Concurrent Reset Relocation Set 0.006ms
[35.018s][info][gc,phases   ] GC(87) Concurrent Select Relocation Set 1.923ms
[35.018s][info][gc,phases   ] GC(87) Pause Relocate Start 0.010ms
[35.023s][info][gc,phases   ] GC(87) Concurrent Relocate 0.537ms
[35.023s][info][gc,load     ] GC(87) Load: 0.00/0.00/0.00
[35.023s][info][gc,mmu      ] GC(87) MMU: 2ms/66.0%, 5ms/86.4%, 10ms/93.2%, 20ms/96.6%, 50ms/98.6%, 100ms/99.3%
[35.023s][info][gc,marking  ] GC(87) Mark: 1 stripe(s), 3 proactive flush(es), 1 terminate flush(es), 0 completion(s), 0 continuation(s) 
[35.023s][info][gc,marking  ] GC(87) Mark Stack Usage: 32M
[35.023s][info][gc,nmethod  ] GC(87) NMethods: 3381 registered, 1172 unregistered
[35.023s][info][gc,metaspace] GC(87) Metaspace: 8M used, 9M committed, 1088M reserved
[35.023s][info][gc,ref      ] GC(87) Soft: 351 encountered, 0 discovered, 0 enqueued
[35.023s][info][gc,ref      ] GC(87) Weak: 878 encountered, 286 discovered, 253 enqueued
[35.023s][info][gc,ref      ] GC(87) Final: 3 encountered, 0 discovered, 0 enqueued
[35.023s][info][gc,ref      ] GC(87) Phantom: 124 encountered, 110 discovered, 0 enqueued
[35.023s][info][gc,reloc    ] GC(87) Small Pages: 808 / 1616M, Empty: 1322M, Relocated: 0M, In-Place: 0
[35.023s][info][gc,reloc    ] GC(87) Medium Pages: 1 / 32M, Empty: 0M, Relocated: 0M, In-Place: 0
[35.023s][info][gc,reloc    ] GC(87) Large Pages: 0 / 0M, Empty: 0M, Relocated: 0M, In-Place: 0
[35.023s][info][gc,reloc    ] GC(87) Forwarding Usage: 0M
[35.023s][info][gc,heap     ] GC(87) Min Capacity: 2048M(100%)
[35.023s][info][gc,heap     ] GC(87) Max Capacity: 2048M(100%)
[35.023s][info][gc,heap     ] GC(87) Soft Max Capacity: 2048M(100%)
[35.023s][info][gc,heap     ] GC(87)                Mark Start          Mark End        Relocate Start      Relocate End           High               Low         
[35.023s][info][gc,heap     ] GC(87)  Capacity:     2048M (100%)       2048M (100%)       2048M (100%)       2048M (100%)       2048M (100%)       2048M (100%)   
[35.023s][info][gc,heap     ] GC(87)      Free:      400M (20%)         368M (18%)        1652M (81%)        1926M (94%)        1926M (94%)         338M (17%)    
[35.023s][info][gc,heap     ] GC(87)      Used:     1648M (80%)        1680M (82%)         396M (19%)         122M (6%)         1710M (83%)         122M (6%)     
[35.023s][info][gc,heap     ] GC(87)      Live:         -                 9M (0%)            9M (0%)            9M (0%)             -                  -          
[35.023s][info][gc,heap     ] GC(87) Allocated:         -                32M (2%)           70M (3%)           81M (4%)             -                  -          
[35.023s][info][gc,heap     ] GC(87)   Garbage:         -              1638M (80%)         316M (15%)          30M (2%)             -                  -          
[35.023s][info][gc,heap     ] GC(87) Reclaimed:         -                  -              1322M (65%)        1607M (79%)            -                  -          
[35.023s][info][gc          ] GC(87) Garbage Collection (Allocation Rate) 1648M(80%)->122M(6%)
[35.407s][info][gc,start    ] GC(88) Garbage Collection (Allocation Rate)
[35.407s][info][gc,task     ] GC(88) Using 1 workers
[35.407s][info][gc,phases   ] GC(88) Pause Mark Start 0.011ms
[35.420s][info][gc,phases   ] GC(88) Concurrent Mark 13.019ms
[35.420s][info][gc,phases   ] GC(88) Pause Mark End 0.016ms
[35.420s][info][gc,phases   ] GC(88) Concurrent Mark Free 0.001ms
[35.429s][info][gc,phases   ] GC(88) Concurrent Process Non-Strong References 8.671ms
[35.429s][info][gc,phases   ] GC(88) Concurrent Reset Relocation Set 0.005ms
[35.431s][info][gc,phases   ] GC(88) Concurrent Select Relocation Set 1.989ms
[35.431s][info][gc,phases   ] GC(88) Pause Relocate Start 0.015ms
[35.432s][info][gc,phases   ] GC(88) Concurrent Relocate 0.561ms
[35.432s][info][gc,load     ] GC(88) Load: 0.00/0.00/0.00
[35.432s][info][gc,mmu      ] GC(88) MMU: 2ms/66.0%, 5ms/86.4%, 10ms/93.2%, 20ms/96.6%, 50ms/98.6%, 100ms/99.3%
[35.432s][info][gc,marking  ] GC(88) Mark: 1 stripe(s), 2 proactive flush(es), 1 terminate flush(es), 0 completion(s), 0 continuation(s) 
[35.432s][info][gc,marking  ] GC(88) Mark Stack Usage: 32M
[35.432s][info][gc,nmethod  ] GC(88) NMethods: 3381 registered, 1172 unregistered
[35.432s][info][gc,metaspace] GC(88) Metaspace: 8M used, 9M committed, 1088M reserved
[35.432s][info][gc,ref      ] GC(88) Soft: 351 encountered, 0 discovered, 0 enqueued
[35.432s][info][gc,ref      ] GC(88) Weak: 884 encountered, 293 discovered, 259 enqueued
[35.432s][info][gc,ref      ] GC(88) Final: 3 encountered, 0 discovered, 0 enqueued
[35.432s][info][gc,ref      ] GC(88) Phantom: 124 encountered, 110 discovered, 0 enqueued
[35.432s][info][gc,reloc    ] GC(88) Small Pages: 821 / 1642M, Empty: 1348M, Relocated: 0M, In-Place: 0
[35.432s][info][gc,reloc    ] GC(88) Medium Pages: 1 / 32M, Empty: 0M, Relocated: 0M, In-Place: 0
[35.432s][info][gc,reloc    ] GC(88) Large Pages: 0 / 0M, Empty: 0M, Relocated: 0M, In-Place: 0
[35.432s][info][gc,reloc    ] GC(88) Forwarding Usage: 0M
[35.432s][info][gc,heap     ] GC(88) Min Capacity: 2048M(100%)
[35.432s][info][gc,heap     ] GC(88) Max Capacity: 2048M(100%)
[35.432s][info][gc,heap     ] GC(88) Soft Max Capacity: 2048M(100%)
[35.432s][info][gc,heap     ] GC(88)                Mark Start          Mark End        Relocate Start      Relocate End           High               Low         
[35.432s][info][gc,heap     ] GC(88)  Capacity:     2048M (100%)       2048M (100%)       2048M (100%)       2048M (100%)       2048M (100%)       2048M (100%)   
[35.432s][info][gc,heap     ] GC(88)      Free:      374M (18%)         322M (16%)        1634M (80%)        1918M (94%)        1918M (94%)         290M (14%)    
[35.432s][info][gc,heap     ] GC(88)      Used:     1674M (82%)        1726M (84%)         414M (20%)         130M (6%)         1758M (86%)         130M (6%)     
[35.432s][info][gc,heap     ] GC(88)      Live:         -                 9M (0%)            9M (0%)            9M (0%)             -                  -          
[35.432s][info][gc,heap     ] GC(88) Allocated:         -                52M (3%)           88M (4%)           89M (4%)             -                  -          
[35.432s][info][gc,heap     ] GC(88)   Garbage:         -              1664M (81%)         316M (15%)          30M (2%)             -                  -          
[35.432s][info][gc,heap     ] GC(88) Reclaimed:         -                  -              1348M (66%)        1633M (80%)            -                  -          
[35.432s][info][gc          ] GC(88) Garbage Collection (Allocation Rate) 1674M(82%)->130M(6%)
[35.806s][info][gc,start    ] GC(89) Garbage Collection (Allocation Rate)
[35.806s][info][gc,task     ] GC(89) Using 1 workers
[35.806s][info][gc,phases   ] GC(89) Pause Mark Start 0.013ms
[35.819s][info][gc,phases   ] GC(89) Concurrent Mark 12.259ms
[35.819s][info][gc,phases   ] GC(89) Pause Mark End 0.020ms
[35.827s][info][gc,phases   ] GC(89) Concurrent Mark Free 0.002ms
[35.834s][info][gc,phases   ] GC(89) Concurrent Process Non-Strong References 7.383ms
[35.834s][info][gc,phases   ] GC(89) Concurrent Reset Relocation Set 0.006ms
[35.836s][info][gc,phases   ] GC(89) Concurrent Select Relocation Set 2.078ms
[35.836s][info][gc,phases   ] GC(89) Pause Relocate Start 0.011ms
[35.838s][info][gc,phases   ] GC(89) Concurrent Relocate 0.517ms
[35.838s][info][gc,load     ] GC(89) Load: 0.00/0.00/0.00
[35.838s][info][gc,mmu      ] GC(89) MMU: 2ms/66.0%, 5ms/86.4%, 10ms/93.2%, 20ms/96.6%, 50ms/98.6%, 100ms/99.3%
[35.838s][info][gc,marking  ] GC(89) Mark: 1 stripe(s), 2 proactive flush(es), 1 terminate flush(es), 0 completion(s), 0 continuation(s) 
[35.838s][info][gc,marking  ] GC(89) Mark Stack Usage: 32M
[35.838s][info][gc,nmethod  ] GC(89) NMethods: 3381 registered, 1172 unregistered
[35.838s][info][gc,metaspace] GC(89) Metaspace: 8M used, 9M committed, 1088M reserved
[35.838s][info][gc,ref      ] GC(89) Soft: 351 encountered, 0 discovered, 0 enqueued
[35.838s][info][gc,ref      ] GC(89) Weak: 867 encountered, 275 discovered, 252 enqueued
[35.838s][info][gc,ref      ] GC(89) Final: 3 encountered, 0 discovered, 0 enqueued
[35.838s][info][gc,ref      ] GC(89) Phantom: 110 encountered, 96 discovered, 0 enqueued
[35.838s][info][gc,reloc    ] GC(89) Small Pages: 815 / 1630M, Empty: 1340M, Relocated: 0M, In-Place: 0
[35.838s][info][gc,reloc    ] GC(89) Medium Pages: 1 / 32M, Empty: 0M, Relocated: 0M, In-Place: 0
[35.838s][info][gc,reloc    ] GC(89) Large Pages: 0 / 0M, Empty: 0M, Relocated: 0M, In-Place: 0
[35.838s][info][gc,reloc    ] GC(89) Forwarding Usage: 0M
[35.838s][info][gc,heap     ] GC(89) Min Capacity: 2048M(100%)
[35.838s][info][gc,heap     ] GC(89) Max Capacity: 2048M(100%)
[35.838s][info][gc,heap     ] GC(89) Soft Max Capacity: 2048M(100%)
[35.838s][info][gc,heap     ] GC(89)                Mark Start          Mark End        Relocate Start      Relocate End           High               Low         
[35.838s][info][gc,heap     ] GC(89)  Capacity:     2048M (100%)       2048M (100%)       2048M (100%)       2048M (100%)       2048M (100%)       2048M (100%)   
[35.838s][info][gc,heap     ] GC(89)      Free:      386M (19%)         338M (17%)        1614M (79%)        1892M (92%)        1892M (92%)         282M (14%)    
[35.838s][info][gc,heap     ] GC(89)      Used:     1662M (81%)        1710M (83%)         434M (21%)         156M (8%)         1766M (86%)         156M (8%)     
[35.838s][info][gc,heap     ] GC(89)      Live:         -                 9M (0%)            9M (0%)            9M (0%)             -                  -          
[35.838s][info][gc,heap     ] GC(89) Allocated:         -                48M (2%)          112M (5%)          115M (6%)             -                  -          
[35.838s][info][gc,heap     ] GC(89)   Garbage:         -              1652M (81%)         312M (15%)          30M (2%)             -                  -          
[35.838s][info][gc,heap     ] GC(89) Reclaimed:         -                  -              1340M (65%)        1621M (79%)            -                  -          
[35.838s][info][gc          ] GC(89) Garbage Collection (Allocation Rate) 1662M(81%)->156M(8%)
[36.201s][info][gc,start    ] GC(90) Garbage Collection (Allocation Rate)
[36.201s][info][gc,task     ] GC(90) Using 1 workers
[36.201s][info][gc,phases   ] GC(90) Pause Mark Start 0.010ms
[36.211s][info][gc,phases   ] GC(90) Concurrent Mark 9.200ms
[36.211s][info][gc,phases   ] GC(90) Pause Mark End 0.016ms
[36.211s][info][gc,phases   ] GC(90) Concurrent Mark Free 0.000ms
[36.218s][info][gc,phases   ] GC(90) Concurrent Process Non-Strong References 7.082ms
[36.218s][info][gc,phases   ] GC(90) Concurrent Reset Relocation Set 0.005ms
[36.221s][info][gc,phases   ] GC(90) Concurrent Select Relocation Set 2.289ms
[36.221s][info][gc,phases   ] GC(90) Pause Relocate Start 0.011ms
[36.221s][info][gc,phases   ] GC(90) Concurrent Relocate 0.527ms
[36.221s][info][gc,load     ] GC(90) Load: 0.00/0.00/0.00
[36.221s][info][gc,mmu      ] GC(90) MMU: 2ms/66.0%, 5ms/86.4%, 10ms/93.2%, 20ms/96.6%, 50ms/98.6%, 100ms/99.3%
[36.221s][info][gc,marking  ] GC(90) Mark: 1 stripe(s), 2 proactive flush(es), 1 terminate flush(es), 0 completion(s), 0 continuation(s) 
[36.221s][info][gc,marking  ] GC(90) Mark Stack Usage: 32M
[36.221s][info][gc,nmethod  ] GC(90) NMethods: 3381 registered, 1172 unregistered
[36.221s][info][gc,metaspace] GC(90) Metaspace: 8M used, 9M committed, 1088M reserved
[36.221s][info][gc,ref      ] GC(90) Soft: 351 encountered, 0 discovered, 0 enqueued
[36.221s][info][gc,ref      ] GC(90) Weak: 878 encountered, 287 discovered, 252 enqueued
[36.221s][info][gc,ref      ] GC(90) Final: 3 encountered, 0 discovered, 0 enqueued
[36.221s][info][gc,ref      ] GC(90) Phantom: 124 encountered, 110 discovered, 0 enqueued
[36.221s][info][gc,reloc    ] GC(90) Small Pages: 797 / 1594M, Empty: 1304M, Relocated: 0M, In-Place: 0
[36.221s][info][gc,reloc    ] GC(90) Medium Pages: 1 / 32M, Empty: 0M, Relocated: 0M, In-Place: 0
[36.221s][info][gc,reloc    ] GC(90) Large Pages: 0 / 0M, Empty: 0M, Relocated: 0M, In-Place: 0
[36.221s][info][gc,reloc    ] GC(90) Forwarding Usage: 0M
[36.221s][info][gc,heap     ] GC(90) Min Capacity: 2048M(100%)
[36.221s][info][gc,heap     ] GC(90) Max Capacity: 2048M(100%)
[36.221s][info][gc,heap     ] GC(90) Soft Max Capacity: 2048M(100%)
[36.221s][info][gc,heap     ] GC(90)                Mark Start          Mark End        Relocate Start      Relocate End           High               Low         
[36.221s][info][gc,heap     ] GC(90)  Capacity:     2048M (100%)       2048M (100%)       2048M (100%)       2048M (100%)       2048M (100%)       2048M (100%)   
[36.221s][info][gc,heap     ] GC(90)      Free:      422M (21%)         382M (19%)        1654M (81%)        1936M (95%)        1936M (95%)         356M (17%)    
[36.221s][info][gc,heap     ] GC(90)      Used:     1626M (79%)        1666M (81%)         394M (19%)         112M (5%)         1692M (83%)         112M (5%)     
[36.221s][info][gc,heap     ] GC(90)      Live:         -                 9M (0%)            9M (0%)            9M (0%)             -                  -          
[36.221s][info][gc,heap     ] GC(90) Allocated:         -                40M (2%)           72M (4%)           71M (4%)             -                  -          
[36.221s][info][gc,heap     ] GC(90)   Garbage:         -              1616M (79%)         312M (15%)          30M (2%)             -                  -          
[36.221s][info][gc,heap     ] GC(90) Reclaimed:         -                  -              1304M (64%)        1585M (77%)            -                  -          
[36.221s][info][gc          ] GC(90) Garbage Collection (Allocation Rate) 1626M(79%)->112M(5%)
[36.598s][info][gc,start    ] GC(91) Garbage Collection (Allocation Rate)
[36.598s][info][gc,task     ] GC(91) Using 1 workers
[36.598s][info][gc,phases   ] GC(91) Pause Mark Start 0.011ms
[36.606s][info][gc,phases   ] GC(91) Concurrent Mark 7.897ms
[36.606s][info][gc,phases   ] GC(91) Pause Mark End 0.013ms
[36.607s][info][gc,phases   ] GC(91) Concurrent Mark Free 0.001ms
[36.614s][info][gc,phases   ] GC(91) Concurrent Process Non-Strong References 7.677ms
[36.614s][info][gc,phases   ] GC(91) Concurrent Reset Relocation Set 0.007ms
[36.616s][info][gc,phases   ] GC(91) Concurrent Select Relocation Set 2.032ms
[36.617s][info][gc,phases   ] GC(91) Pause Relocate Start 0.012ms
[36.618s][info][gc,phases   ] GC(91) Concurrent Relocate 0.553ms
[36.618s][info][gc,load     ] GC(91) Load: 0.00/0.00/0.00
[36.618s][info][gc,mmu      ] GC(91) MMU: 2ms/66.0%, 5ms/86.4%, 10ms/93.2%, 20ms/96.6%, 50ms/98.6%, 100ms/99.3%
[36.618s][info][gc,marking  ] GC(91) Mark: 1 stripe(s), 2 proactive flush(es), 1 terminate flush(es), 0 completion(s), 0 continuation(s) 
[36.618s][info][gc,marking  ] GC(91) Mark Stack Usage: 32M
[36.618s][info][gc,nmethod  ] GC(91) NMethods: 3381 registered, 1172 unregistered
[36.618s][info][gc,metaspace] GC(91) Metaspace: 8M used, 9M committed, 1088M reserved
[36.618s][info][gc,ref      ] GC(91) Soft: 351 encountered, 0 discovered, 0 enqueued
[36.618s][info][gc,ref      ] GC(91) Weak: 868 encountered, 276 discovered, 248 enqueued
[36.618s][info][gc,ref      ] GC(91) Final: 3 encountered, 0 discovered, 0 enqueued
[36.618s][info][gc,ref      ] GC(91) Phantom: 111 encountered, 95 discovered, 0 enqueued
[36.618s][info][gc,reloc    ] GC(91) Small Pages: 815 / 1630M, Empty: 1344M, Relocated: 0M, In-Place: 0
[36.618s][info][gc,reloc    ] GC(91) Medium Pages: 1 / 32M, Empty: 0M, Relocated: 0M, In-Place: 0
[36.618s][info][gc,reloc    ] GC(91) Large Pages: 0 / 0M, Empty: 0M, Relocated: 0M, In-Place: 0
[36.618s][info][gc,reloc    ] GC(91) Forwarding Usage: 0M
[36.618s][info][gc,heap     ] GC(91) Min Capacity: 2048M(100%)
[36.618s][info][gc,heap     ] GC(91) Max Capacity: 2048M(100%)
[36.618s][info][gc,heap     ] GC(91) Soft Max Capacity: 2048M(100%)
[36.618s][info][gc,heap     ] GC(91)                Mark Start          Mark End        Relocate Start      Relocate End           High               Low         
[36.618s][info][gc,heap     ] GC(91)  Capacity:     2048M (100%)       2048M (100%)       2048M (100%)       2048M (100%)       2048M (100%)       2048M (100%)   
[36.618s][info][gc,heap     ] GC(91)      Free:      386M (19%)         356M (17%)        1662M (81%)        1938M (95%)        1938M (95%)         326M (16%)    
[36.618s][info][gc,heap     ] GC(91)      Used:     1662M (81%)        1692M (83%)         386M (19%)         110M (5%)         1722M (84%)         110M (5%)     
[36.618s][info][gc,heap     ] GC(91)      Live:         -                 9M (0%)            9M (0%)            9M (0%)             -                  -          
[36.618s][info][gc,heap     ] GC(91) Allocated:         -                30M (1%)           68M (3%)           69M (3%)             -                  -          
[36.618s][info][gc,heap     ] GC(91)   Garbage:         -              1652M (81%)         308M (15%)          30M (2%)             -                  -          
[36.618s][info][gc,heap     ] GC(91) Reclaimed:         -                  -              1344M (66%)        1621M (79%)            -                  -          
[36.618s][info][gc          ] GC(91) Garbage Collection (Allocation Rate) 1662M(81%)->110M(5%)
[37.009s][info][gc,start    ] GC(92) Garbage Collection (Allocation Rate)
[37.009s][info][gc,task     ] GC(92) Using 1 workers
[37.009s][info][gc,phases   ] GC(92) Pause Mark Start 0.009ms
[37.019s][info][gc,phases   ] GC(92) Concurrent Mark 9.629ms
[37.019s][info][gc,phases   ] GC(92) Pause Mark End 0.013ms
[37.020s][info][gc,phases   ] GC(92) Concurrent Mark Free 0.001ms
[37.041s][info][gc,phases   ] GC(92) Concurrent Process Non-Strong References 20.477ms
[37.041s][info][gc,phases   ] GC(92) Concurrent Reset Relocation Set 0.006ms
[37.043s][info][gc,phases   ] GC(92) Concurrent Select Relocation Set 2.172ms
[37.043s][info][gc,phases   ] GC(92) Pause Relocate Start 0.013ms
[37.044s][info][gc,phases   ] GC(92) Concurrent Relocate 0.585ms
[37.044s][info][gc,load     ] GC(92) Load: 0.00/0.00/0.00
[37.044s][info][gc,mmu      ] GC(92) MMU: 2ms/66.0%, 5ms/86.4%, 10ms/93.2%, 20ms/96.6%, 50ms/98.6%, 100ms/99.3%
[37.044s][info][gc,marking  ] GC(92) Mark: 1 stripe(s), 2 proactive flush(es), 1 terminate flush(es), 0 completion(s), 0 continuation(s) 
[37.044s][info][gc,marking  ] GC(92) Mark Stack Usage: 32M
[37.044s][info][gc,nmethod  ] GC(92) NMethods: 3382 registered, 1172 unregistered
[37.044s][info][gc,metaspace] GC(92) Metaspace: 8M used, 9M committed, 1088M reserved
[37.044s][info][gc,ref      ] GC(92) Soft: 351 encountered, 0 discovered, 0 enqueued
[37.044s][info][gc,ref      ] GC(92) Weak: 893 encountered, 303 discovered, 268 enqueued
[37.044s][info][gc,ref      ] GC(92) Final: 3 encountered, 0 discovered, 0 enqueued
[37.044s][info][gc,ref      ] GC(92) Phantom: 124 encountered, 110 discovered, 0 enqueued
[37.044s][info][gc,reloc    ] GC(92) Small Pages: 839 / 1678M, Empty: 1372M, Relocated: 0M, In-Place: 0
[37.044s][info][gc,reloc    ] GC(92) Medium Pages: 1 / 32M, Empty: 0M, Relocated: 0M, In-Place: 0
[37.044s][info][gc,reloc    ] GC(92) Large Pages: 0 / 0M, Empty: 0M, Relocated: 0M, In-Place: 0
[37.044s][info][gc,reloc    ] GC(92) Forwarding Usage: 0M
[37.044s][info][gc,heap     ] GC(92) Min Capacity: 2048M(100%)
[37.044s][info][gc,heap     ] GC(92) Max Capacity: 2048M(100%)
[37.044s][info][gc,heap     ] GC(92) Soft Max Capacity: 2048M(100%)
[37.044s][info][gc,heap     ] GC(92)                Mark Start          Mark End        Relocate Start      Relocate End           High               Low         
[37.044s][info][gc,heap     ] GC(92)  Capacity:     2048M (100%)       2048M (100%)       2048M (100%)       2048M (100%)       2048M (100%)       2048M (100%)   
[37.044s][info][gc,heap     ] GC(92)      Free:      338M (17%)         288M (14%)        1596M (78%)        1892M (92%)        1892M (92%)         230M (11%)    
[37.044s][info][gc,heap     ] GC(92)      Used:     1710M (83%)        1760M (86%)         452M (22%)         156M (8%)         1818M (89%)         156M (8%)     
[37.044s][info][gc,heap     ] GC(92)      Live:         -                 9M (0%)            9M (0%)            9M (0%)             -                  -          
[37.044s][info][gc,heap     ] GC(92) Allocated:         -                50M (2%)          114M (6%)          115M (6%)             -                  -          
[37.044s][info][gc,heap     ] GC(92)   Garbage:         -              1700M (83%)         328M (16%)          30M (2%)             -                  -          
[37.044s][info][gc,heap     ] GC(92) Reclaimed:         -                  -              1372M (67%)        1669M (82%)            -                  -          
[37.044s][info][gc          ] GC(92) Garbage Collection (Allocation Rate) 1710M(83%)->156M(8%)
[37.405s][info][gc,start    ] GC(93) Garbage Collection (Allocation Rate)
[37.405s][info][gc,task     ] GC(93) Using 1 workers
[37.405s][info][gc,phases   ] GC(93) Pause Mark Start 0.011ms
[37.413s][info][gc,phases   ] GC(93) Concurrent Mark 7.483ms
[37.413s][info][gc,phases   ] GC(93) Pause Mark End 0.015ms
[37.415s][info][gc,phases   ] GC(93) Concurrent Mark Free 0.001ms
[37.423s][info][gc,phases   ] GC(93) Concurrent Process Non-Strong References 7.992ms
[37.423s][info][gc,phases   ] GC(93) Concurrent Reset Relocation Set 0.007ms
[37.425s][info][gc,phases   ] GC(93) Concurrent Select Relocation Set 2.082ms
[37.425s][info][gc,phases   ] GC(93) Pause Relocate Start 0.012ms
[37.426s][info][gc,phases   ] GC(93) Concurrent Relocate 0.551ms
[37.426s][info][gc,load     ] GC(93) Load: 0.00/0.00/0.00
[37.426s][info][gc,mmu      ] GC(93) MMU: 2ms/66.0%, 5ms/86.4%, 10ms/93.2%, 20ms/96.6%, 50ms/98.6%, 100ms/99.3%
[37.426s][info][gc,marking  ] GC(93) Mark: 1 stripe(s), 2 proactive flush(es), 1 terminate flush(es), 0 completion(s), 0 continuation(s) 
[37.426s][info][gc,marking  ] GC(93) Mark Stack Usage: 32M
[37.426s][info][gc,nmethod  ] GC(93) NMethods: 3382 registered, 1172 unregistered
[37.427s][info][gc,metaspace] GC(93) Metaspace: 8M used, 9M committed, 1088M reserved
[37.427s][info][gc,ref      ] GC(93) Soft: 351 encountered, 0 discovered, 0 enqueued
[37.427s][info][gc,ref      ] GC(93) Weak: 867 encountered, 274 discovered, 245 enqueued
[37.427s][info][gc,ref      ] GC(93) Final: 3 encountered, 0 discovered, 0 enqueued
[37.427s][info][gc,ref      ] GC(93) Phantom: 116 encountered, 101 discovered, 0 enqueued
[37.427s][info][gc,reloc    ] GC(93) Small Pages: 800 / 1600M, Empty: 1320M, Relocated: 0M, In-Place: 0
[37.427s][info][gc,reloc    ] GC(93) Medium Pages: 1 / 32M, Empty: 0M, Relocated: 0M, In-Place: 0
[37.427s][info][gc,reloc    ] GC(93) Large Pages: 0 / 0M, Empty: 0M, Relocated: 0M, In-Place: 0
[37.427s][info][gc,reloc    ] GC(93) Forwarding Usage: 0M
[37.427s][info][gc,heap     ] GC(93) Min Capacity: 2048M(100%)
[37.427s][info][gc,heap     ] GC(93) Max Capacity: 2048M(100%)
[37.427s][info][gc,heap     ] GC(93) Soft Max Capacity: 2048M(100%)
[37.427s][info][gc,heap     ] GC(93)                Mark Start          Mark End        Relocate Start      Relocate End           High               Low         
[37.427s][info][gc,heap     ] GC(93)  Capacity:     2048M (100%)       2048M (100%)       2048M (100%)       2048M (100%)       2048M (100%)       2048M (100%)   
[37.427s][info][gc,heap     ] GC(93)      Free:      416M (20%)         384M (19%)        1660M (81%)        1928M (94%)        1930M (94%)         348M (17%)    
[37.427s][info][gc,heap     ] GC(93)      Used:     1632M (80%)        1664M (81%)         388M (19%)         120M (6%)         1700M (83%)         118M (6%)     
[37.427s][info][gc,heap     ] GC(93)      Live:         -                 9M (0%)            9M (0%)            9M (0%)             -                  -          
[37.427s][info][gc,heap     ] GC(93) Allocated:         -                32M (2%)           76M (4%)           79M (4%)             -                  -          
[37.427s][info][gc,heap     ] GC(93)   Garbage:         -              1622M (79%)         302M (15%)          30M (2%)             -                  -          
[37.427s][info][gc,heap     ] GC(93) Reclaimed:         -                  -              1320M (64%)        1591M (78%)            -                  -          
[37.427s][info][gc          ] GC(93) Garbage Collection (Allocation Rate) 1632M(80%)->120M(6%)
[37.800s][info][gc,start    ] GC(94) Garbage Collection (Allocation Rate)
[37.800s][info][gc,task     ] GC(94) Using 1 workers
[37.801s][info][gc,phases   ] GC(94) Pause Mark Start 0.010ms
[37.809s][info][gc,phases   ] GC(94) Concurrent Mark 8.185ms
[37.809s][info][gc,phases   ] GC(94) Pause Mark End 0.015ms
[37.811s][info][gc,phases   ] GC(94) Concurrent Mark Free 0.001ms
[37.818s][info][gc,phases   ] GC(94) Concurrent Process Non-Strong References 6.919ms
[37.818s][info][gc,phases   ] GC(94) Concurrent Reset Relocation Set 0.006ms
[37.820s][info][gc,phases   ] GC(94) Concurrent Select Relocation Set 2.058ms
[37.821s][info][gc,phases   ] GC(94) Pause Relocate Start 0.010ms
[37.821s][info][gc,phases   ] GC(94) Concurrent Relocate 0.506ms
[37.821s][info][gc,load     ] GC(94) Load: 0.00/0.00/0.00
[37.821s][info][gc,mmu      ] GC(94) MMU: 2ms/66.0%, 5ms/86.4%, 10ms/93.2%, 20ms/96.6%, 50ms/98.6%, 100ms/99.3%
[37.821s][info][gc,marking  ] GC(94) Mark: 1 stripe(s), 2 proactive flush(es), 1 terminate flush(es), 0 completion(s), 0 continuation(s) 
[37.821s][info][gc,marking  ] GC(94) Mark Stack Usage: 32M
[37.821s][info][gc,nmethod  ] GC(94) NMethods: 3382 registered, 1172 unregistered
[37.821s][info][gc,metaspace] GC(94) Metaspace: 8M used, 9M committed, 1088M reserved
[37.821s][info][gc,ref      ] GC(94) Soft: 351 encountered, 0 discovered, 0 enqueued
[37.821s][info][gc,ref      ] GC(94) Weak: 881 encountered, 288 discovered, 257 enqueued
[37.821s][info][gc,ref      ] GC(94) Final: 3 encountered, 0 discovered, 0 enqueued
[37.821s][info][gc,ref      ] GC(94) Phantom: 124 encountered, 110 discovered, 0 enqueued
[37.821s][info][gc,reloc    ] GC(94) Small Pages: 817 / 1634M, Empty: 1340M, Relocated: 0M, In-Place: 0
[37.821s][info][gc,reloc    ] GC(94) Medium Pages: 1 / 32M, Empty: 0M, Relocated: 0M, In-Place: 0
[37.821s][info][gc,reloc    ] GC(94) Large Pages: 0 / 0M, Empty: 0M, Relocated: 0M, In-Place: 0
[37.821s][info][gc,reloc    ] GC(94) Forwarding Usage: 0M
[37.821s][info][gc,heap     ] GC(94) Min Capacity: 2048M(100%)
[37.821s][info][gc,heap     ] GC(94) Max Capacity: 2048M(100%)
[37.821s][info][gc,heap     ] GC(94) Soft Max Capacity: 2048M(100%)
[37.821s][info][gc,heap     ] GC(94)                Mark Start          Mark End        Relocate Start      Relocate End           High               Low         
[37.821s][info][gc,heap     ] GC(94)  Capacity:     2048M (100%)       2048M (100%)       2048M (100%)       2048M (100%)       2048M (100%)       2048M (100%)   
[37.821s][info][gc,heap     ] GC(94)      Free:      382M (19%)         348M (17%)        1644M (80%)        1930M (94%)        1930M (94%)         312M (15%)    
[37.822s][info][gc,heap     ] GC(94)      Used:     1666M (81%)        1700M (83%)         404M (20%)         118M (6%)         1736M (85%)         118M (6%)     
[37.822s][info][gc,heap     ] GC(94)      Live:         -                 9M (0%)            9M (0%)            9M (0%)             -                  -          
[37.822s][info][gc,heap     ] GC(94) Allocated:         -                34M (2%)           78M (4%)           77M (4%)             -                  -          
[37.822s][info][gc,heap     ] GC(94)   Garbage:         -              1656M (81%)         316M (15%)          30M (2%)             -                  -          
[37.822s][info][gc,heap     ] GC(94) Reclaimed:         -                  -              1340M (65%)        1625M (79%)            -                  -          
[37.822s][info][gc          ] GC(94) Garbage Collection (Allocation Rate) 1666M(81%)->118M(6%)
[38.196s][info][gc,start    ] GC(95) Garbage Collection (Allocation Rate)
[38.196s][info][gc,task     ] GC(95) Using 1 workers
[38.197s][info][gc,phases   ] GC(95) Pause Mark Start 0.011ms
[38.203s][info][gc,phases   ] GC(95) Concurrent Mark 6.306ms
[38.203s][info][gc,phases   ] GC(95) Pause Mark End 0.010ms
[38.203s][info][gc,phases   ] GC(95) Concurrent Mark Free 0.001ms
[38.209s][info][gc,phases   ] GC(95) Concurrent Process Non-Strong References 6.259ms
[38.209s][info][gc,phases   ] GC(95) Concurrent Reset Relocation Set 0.009ms
[38.212s][info][gc,phases   ] GC(95) Concurrent Select Relocation Set 2.134ms
[38.212s][info][gc,phases   ] GC(95) Pause Relocate Start 0.010ms
[38.213s][info][gc,phases   ] GC(95) Concurrent Relocate 1.266ms
[38.213s][info][gc,load     ] GC(95) Load: 0.00/0.00/0.00
[38.213s][info][gc,mmu      ] GC(95) MMU: 2ms/66.0%, 5ms/86.4%, 10ms/93.2%, 20ms/96.6%, 50ms/98.6%, 100ms/99.3%
[38.213s][info][gc,marking  ] GC(95) Mark: 1 stripe(s), 2 proactive flush(es), 1 terminate flush(es), 0 completion(s), 0 continuation(s) 
[38.213s][info][gc,marking  ] GC(95) Mark Stack Usage: 32M
[38.213s][info][gc,nmethod  ] GC(95) NMethods: 3382 registered, 1172 unregistered
[38.213s][info][gc,metaspace] GC(95) Metaspace: 8M used, 9M committed, 1088M reserved
[38.213s][info][gc,ref      ] GC(95) Soft: 351 encountered, 0 discovered, 0 enqueued
[38.213s][info][gc,ref      ] GC(95) Weak: 771 encountered, 188 discovered, 163 enqueued
[38.213s][info][gc,ref      ] GC(95) Final: 3 encountered, 0 discovered, 0 enqueued
[38.213s][info][gc,ref      ] GC(95) Phantom: 84 encountered, 69 discovered, 0 enqueued
[38.213s][info][gc,reloc    ] GC(95) Small Pages: 777 / 1554M, Empty: 1356M, Relocated: 1M, In-Place: 0
[38.213s][info][gc,reloc    ] GC(95) Medium Pages: 1 / 32M, Empty: 0M, Relocated: 0M, In-Place: 0
[38.213s][info][gc,reloc    ] GC(95) Large Pages: 0 / 0M, Empty: 0M, Relocated: 0M, In-Place: 0
[38.213s][info][gc,reloc    ] GC(95) Forwarding Usage: 0M
[38.213s][info][gc,heap     ] GC(95) Min Capacity: 2048M(100%)
[38.213s][info][gc,heap     ] GC(95) Max Capacity: 2048M(100%)
[38.213s][info][gc,heap     ] GC(95) Soft Max Capacity: 2048M(100%)
[38.213s][info][gc,heap     ] GC(95)                Mark Start          Mark End        Relocate Start      Relocate End           High               Low         
[38.213s][info][gc,heap     ] GC(95)  Capacity:     2048M (100%)       2048M (100%)       2048M (100%)       2048M (100%)       2048M (100%)       2048M (100%)   
[38.213s][info][gc,heap     ] GC(95)      Free:      462M (23%)         442M (22%)        1772M (87%)        1958M (96%)        1960M (96%)         422M (21%)    
[38.213s][info][gc,heap     ] GC(95)      Used:     1586M (77%)        1606M (78%)         276M (13%)          90M (4%)         1626M (79%)          88M (4%)     
[38.213s][info][gc,heap     ] GC(95)      Live:         -                 9M (0%)            9M (0%)            9M (0%)             -                  -          
[38.213s][info][gc,heap     ] GC(95) Allocated:         -                20M (1%)           46M (2%)           51M (3%)             -                  -          
[38.213s][info][gc,heap     ] GC(95)   Garbage:         -              1576M (77%)         220M (11%)          29M (1%)             -                  -          
[38.213s][info][gc,heap     ] GC(95) Reclaimed:         -                  -              1356M (66%)        1547M (76%)            -                  -          
[38.213s][info][gc          ] GC(95) Garbage Collection (Allocation Rate) 1586M(77%)->90M(4%)
[38.482s][info][gc,start    ] GC(96) Garbage Collection (System.gc())
[38.482s][info][gc,task     ] GC(96) Using 2 workers
[38.482s][info][gc,phases   ] GC(96) Pause Mark Start 0.006ms
[38.498s][info][gc,phases   ] GC(96) Concurrent Mark 16.561ms
[38.499s][info][gc,phases   ] GC(96) Pause Mark End 0.020ms
[38.499s][info][gc,phases   ] GC(96) Concurrent Mark Free 0.001ms
[38.502s][info][gc,phases   ] GC(96) Concurrent Process Non-Strong References 3.396ms
[38.502s][info][gc,phases   ] GC(96) Concurrent Reset Relocation Set 0.005ms
[38.504s][info][gc,phases   ] GC(96) Concurrent Select Relocation Set 1.551ms
[38.504s][info][gc,phases   ] GC(96) Pause Relocate Start 0.008ms
[38.505s][info][gc,phases   ] GC(96) Concurrent Relocate 0.835ms
[38.505s][info][gc,load     ] GC(96) Load: 0.00/0.00/0.00
[38.505s][info][gc,mmu      ] GC(96) MMU: 2ms/66.0%, 5ms/86.4%, 10ms/93.2%, 20ms/96.6%, 50ms/98.6%, 100ms/99.3%
[38.505s][info][gc,marking  ] GC(96) Mark: 2 stripe(s), 1 proactive flush(es), 1 terminate flush(es), 0 completion(s), 0 continuation(s) 
[38.505s][info][gc,marking  ] GC(96) Mark Stack Usage: 32M
[38.505s][info][gc,nmethod  ] GC(96) NMethods: 3383 registered, 1172 unregistered
[38.505s][info][gc,metaspace] GC(96) Metaspace: 8M used, 9M committed, 1088M reserved
[38.505s][info][gc,ref      ] GC(96) Soft: 351 encountered, 0 discovered, 0 enqueued
[38.505s][info][gc,ref      ] GC(96) Weak: 572 encountered, 67 discovered, 0 enqueued
[38.505s][info][gc,ref      ] GC(96) Final: 3 encountered, 3 discovered, 0 enqueued
[38.505s][info][gc,ref      ] GC(96) Phantom: 26 encountered, 24 discovered, 0 enqueued
[38.505s][info][gc,reloc    ] GC(96) Small Pages: 163 / 326M, Empty: 310M, Relocated: 1M, In-Place: 0
[38.505s][info][gc,reloc    ] GC(96) Medium Pages: 2 / 64M, Empty: 32M, Relocated: 0M, In-Place: 0
[38.505s][info][gc,reloc    ] GC(96) Large Pages: 0 / 0M, Empty: 0M, Relocated: 0M, In-Place: 0
[38.505s][info][gc,reloc    ] GC(96) Forwarding Usage: 0M
[38.505s][info][gc,heap     ] GC(96) Min Capacity: 2048M(100%)
[38.505s][info][gc,heap     ] GC(96) Max Capacity: 2048M(100%)
[38.505s][info][gc,heap     ] GC(96) Soft Max Capacity: 2048M(100%)
[38.505s][info][gc,heap     ] GC(96)                Mark Start          Mark End        Relocate Start      Relocate End           High               Low         
[38.505s][info][gc,heap     ] GC(96)  Capacity:     2048M (100%)       2048M (100%)       2048M (100%)       2048M (100%)       2048M (100%)       2048M (100%)   
[38.505s][info][gc,heap     ] GC(96)      Free:     1658M (81%)        1658M (81%)        2000M (98%)        2008M (98%)        2008M (98%)        1658M (81%)    
[38.505s][info][gc,heap     ] GC(96)      Used:      390M (19%)         390M (19%)          48M (2%)           40M (2%)          390M (19%)          40M (2%)     
[38.505s][info][gc,heap     ] GC(96)      Live:         -                 8M (0%)            8M (0%)            8M (0%)             -                  -          
[38.505s][info][gc,heap     ] GC(96) Allocated:         -                 0M (0%)            0M (0%)            0M (0%)             -                  -          
[38.505s][info][gc,heap     ] GC(96)   Garbage:         -               381M (19%)          39M (2%)           31M (2%)             -                  -          
[38.505s][info][gc,heap     ] GC(96) Reclaimed:         -                  -               342M (17%)         350M (17%)            -                  -          
[38.505s][info][gc          ] GC(96) Garbage Collection (System.gc()) 390M(19%)->40M(2%)
[38.800s][info][gc,start    ] GC(97) Garbage Collection (Allocation Rate)
[38.800s][info][gc,task     ] GC(97) Using 1 workers
[38.800s][info][gc,phases   ] GC(97) Pause Mark Start 0.006ms
[38.831s][info][gc,phases   ] GC(97) Concurrent Mark 31.023ms
[38.831s][info][gc,phases   ] GC(97) Pause Mark End 0.052ms
[38.836s][info][gc,phases   ] GC(97) Concurrent Mark Free 0.002ms
[38.847s][info][gc,phases   ] GC(97) Concurrent Process Non-Strong References 10.881ms
[38.847s][info][gc,phases   ] GC(97) Concurrent Reset Relocation Set 0.001ms
[38.849s][info][gc,phases   ] GC(97) Concurrent Select Relocation Set 1.930ms
[38.849s][info][gc,phases   ] GC(97) Pause Relocate Start 0.008ms
[38.850s][info][gc,phases   ] GC(97) Concurrent Relocate 0.508ms
[38.850s][info][gc,load     ] GC(97) Load: 0.00/0.00/0.00
[38.850s][info][gc,mmu      ] GC(97) MMU: 2ms/66.0%, 5ms/86.4%, 10ms/93.2%, 20ms/96.6%, 50ms/98.6%, 100ms/99.3%
[38.850s][info][gc,marking  ] GC(97) Mark: 1 stripe(s), 3 proactive flush(es), 1 terminate flush(es), 1 completion(s), 0 continuation(s) 
[38.850s][info][gc,marking  ] GC(97) Mark Stack Usage: 32M
[38.850s][info][gc,nmethod  ] GC(97) NMethods: 3383 registered, 1172 unregistered
[38.850s][info][gc,metaspace] GC(97) Metaspace: 8M used, 9M committed, 1088M reserved
[38.850s][info][gc,ref      ] GC(97) Soft: 351 encountered, 0 discovered, 0 enqueued
[38.850s][info][gc,ref      ] GC(97) Weak: 783 encountered, 195 discovered, 160 enqueued
[38.850s][info][gc,ref      ] GC(97) Final: 3 encountered, 0 discovered, 0 enqueued
[38.850s][info][gc,ref      ] GC(97) Phantom: 111 encountered, 94 discovered, 0 enqueued
[38.850s][info][gc,reloc    ] GC(97) Small Pages: 533 / 1066M, Empty: 874M, Relocated: 0M, In-Place: 0
[38.850s][info][gc,reloc    ] GC(97) Medium Pages: 2 / 64M, Empty: 32M, Relocated: 0M, In-Place: 0
[38.850s][info][gc,reloc    ] GC(97) Large Pages: 0 / 0M, Empty: 0M, Relocated: 0M, In-Place: 0
[38.850s][info][gc,reloc    ] GC(97) Forwarding Usage: 0M
[38.850s][info][gc,heap     ] GC(97) Min Capacity: 2048M(100%)
[38.850s][info][gc,heap     ] GC(97) Max Capacity: 2048M(100%)
[38.850s][info][gc,heap     ] GC(97) Soft Max Capacity: 2048M(100%)
[38.850s][info][gc,heap     ] GC(97)                Mark Start          Mark End        Relocate Start      Relocate End           High               Low         
[38.850s][info][gc,heap     ] GC(97)  Capacity:     2048M (100%)       2048M (100%)       2048M (100%)       2048M (100%)       2048M (100%)       2048M (100%)   
[38.850s][info][gc,heap     ] GC(97)      Free:      918M (45%)         804M (39%)        1652M (81%)        1830M (89%)        1830M (89%)         750M (37%)    
[38.850s][info][gc,heap     ] GC(97)      Used:     1130M (55%)        1244M (61%)         396M (19%)         218M (11%)        1298M (63%)         218M (11%)    
[38.850s][info][gc,heap     ] GC(97)      Live:         -                 9M (0%)            9M (0%)            9M (0%)             -                  -          
[38.850s][info][gc,heap     ] GC(97) Allocated:         -               114M (6%)          172M (8%)          177M (9%)             -                  -          
[38.850s][info][gc,heap     ] GC(97)   Garbage:         -              1120M (55%)         214M (10%)          30M (2%)             -                  -          
[38.850s][info][gc,heap     ] GC(97) Reclaimed:         -                  -               906M (44%)        1089M (53%)            -                  -          
[38.850s][info][gc          ] GC(97) Garbage Collection (Allocation Rate) 1130M(55%)->218M(11%)
[39.100s][info][gc,start    ] GC(98) Garbage Collection (Allocation Rate)
[39.100s][info][gc,task     ] GC(98) Using 1 workers
[39.101s][info][gc,phases   ] GC(98) Pause Mark Start 0.008ms
[39.116s][info][gc,phases   ] GC(98) Concurrent Mark 12.081ms
[39.116s][info][gc,phases   ] GC(98) Pause Mark End 0.016ms
[39.122s][info][gc,phases   ] GC(98) Concurrent Mark Free 0.002ms
[39.129s][info][gc,phases   ] GC(98) Concurrent Process Non-Strong References 7.000ms
[39.129s][info][gc,phases   ] GC(98) Concurrent Reset Relocation Set 0.004ms
[39.131s][info][gc,phases   ] GC(98) Concurrent Select Relocation Set 1.898ms
[39.131s][info][gc,phases   ] GC(98) Pause Relocate Start 0.009ms
[39.132s][info][gc,phases   ] GC(98) Concurrent Relocate 0.462ms
[39.132s][info][gc,load     ] GC(98) Load: 0.00/0.00/0.00
[39.132s][info][gc,mmu      ] GC(98) MMU: 2ms/66.0%, 5ms/86.4%, 10ms/93.2%, 20ms/96.6%, 50ms/98.6%, 100ms/99.3%
[39.132s][info][gc,marking  ] GC(98) Mark: 1 stripe(s), 2 proactive flush(es), 1 terminate flush(es), 0 completion(s), 0 continuation(s) 
[39.132s][info][gc,marking  ] GC(98) Mark Stack Usage: 32M
[39.132s][info][gc,nmethod  ] GC(98) NMethods: 3383 registered, 1172 unregistered
[39.132s][info][gc,metaspace] GC(98) Metaspace: 8M used, 9M committed, 1088M reserved
[39.132s][info][gc,ref      ] GC(98) Soft: 351 encountered, 0 discovered, 0 enqueued
[39.132s][info][gc,ref      ] GC(98) Weak: 799 encountered, 204 discovered, 170 enqueued
[39.132s][info][gc,ref      ] GC(98) Final: 3 encountered, 0 discovered, 0 enqueued
[39.132s][info][gc,ref      ] GC(98) Phantom: 116 encountered, 101 discovered, 0 enqueued
[39.132s][info][gc,reloc    ] GC(98) Small Pages: 578 / 1156M, Empty: 946M, Relocated: 0M, In-Place: 0
[39.132s][info][gc,reloc    ] GC(98) Medium Pages: 1 / 32M, Empty: 0M, Relocated: 0M, In-Place: 0
[39.132s][info][gc,reloc    ] GC(98) Large Pages: 0 / 0M, Empty: 0M, Relocated: 0M, In-Place: 0
[39.132s][info][gc,reloc    ] GC(98) Forwarding Usage: 0M
[39.132s][info][gc,heap     ] GC(98) Min Capacity: 2048M(100%)
[39.132s][info][gc,heap     ] GC(98) Max Capacity: 2048M(100%)
[39.132s][info][gc,heap     ] GC(98) Soft Max Capacity: 2048M(100%)
[39.132s][info][gc,heap     ] GC(98)                Mark Start          Mark End        Relocate Start      Relocate End           High               Low         
[39.132s][info][gc,heap     ] GC(98)  Capacity:     2048M (100%)       2048M (100%)       2048M (100%)       2048M (100%)       2048M (100%)       2048M (100%)   
[39.132s][info][gc,heap     ] GC(98)      Free:      860M (42%)         802M (39%)        1696M (83%)        1896M (93%)        1896M (93%)         752M (37%)    
[39.132s][info][gc,heap     ] GC(98)      Used:     1188M (58%)        1246M (61%)         352M (17%)         152M (7%)         1296M (63%)         152M (7%)     
[39.132s][info][gc,heap     ] GC(98)      Live:         -                 9M (0%)            9M (0%)            9M (0%)             -                  -          
[39.132s][info][gc,heap     ] GC(98) Allocated:         -                58M (3%)          110M (5%)          111M (5%)             -                  -          
[39.132s][info][gc,heap     ] GC(98)   Garbage:         -              1178M (58%)         232M (11%)          30M (2%)             -                  -          
[39.132s][info][gc,heap     ] GC(98) Reclaimed:         -                  -               946M (46%)        1147M (56%)            -                  -          
[39.132s][info][gc          ] GC(98) Garbage Collection (Allocation Rate) 1188M(58%)->152M(7%)
[39.496s][info][gc,start    ] GC(99) Garbage Collection (Allocation Rate)
[39.496s][info][gc,task     ] GC(99) Using 1 workers
[39.496s][info][gc,phases   ] GC(99) Pause Mark Start 0.006ms
[39.507s][info][gc,phases   ] GC(99) Concurrent Mark 10.772ms
[39.507s][info][gc,phases   ] GC(99) Pause Mark End 0.044ms
[39.508s][info][gc,phases   ] GC(99) Concurrent Mark Free 0.002ms
[39.515s][info][gc,phases   ] GC(99) Concurrent Process Non-Strong References 6.567ms
[39.515s][info][gc,phases   ] GC(99) Concurrent Reset Relocation Set 0.005ms
[39.517s][info][gc,phases   ] GC(99) Concurrent Select Relocation Set 2.046ms
[39.517s][info][gc,phases   ] GC(99) Pause Relocate Start 0.008ms
[39.519s][info][gc,phases   ] GC(99) Concurrent Relocate 1.345ms
[39.519s][info][gc,load     ] GC(99) Load: 0.00/0.00/0.00
[39.519s][info][gc,mmu      ] GC(99) MMU: 2ms/66.0%, 5ms/86.4%, 10ms/93.2%, 20ms/96.6%, 50ms/98.6%, 100ms/99.3%
[39.519s][info][gc,marking  ] GC(99) Mark: 1 stripe(s), 2 proactive flush(es), 1 terminate flush(es), 1 completion(s), 0 continuation(s) 
[39.519s][info][gc,marking  ] GC(99) Mark Stack Usage: 32M
[39.519s][info][gc,nmethod  ] GC(99) NMethods: 3383 registered, 1172 unregistered
[39.519s][info][gc,metaspace] GC(99) Metaspace: 8M used, 9M committed, 1088M reserved
[39.519s][info][gc,ref      ] GC(99) Soft: 351 encountered, 0 discovered, 0 enqueued
[39.519s][info][gc,ref      ] GC(99) Weak: 858 encountered, 274 discovered, 248 enqueued
[39.519s][info][gc,ref      ] GC(99) Final: 3 encountered, 0 discovered, 0 enqueued
[39.519s][info][gc,ref      ] GC(99) Phantom: 84 encountered, 66 discovered, 0 enqueued
[39.519s][info][gc,reloc    ] GC(99) Small Pages: 769 / 1538M, Empty: 1266M, Relocated: 1M, In-Place: 0
[39.519s][info][gc,reloc    ] GC(99) Medium Pages: 1 / 32M, Empty: 0M, Relocated: 0M, In-Place: 0
[39.519s][info][gc,reloc    ] GC(99) Large Pages: 0 / 0M, Empty: 0M, Relocated: 0M, In-Place: 0
[39.519s][info][gc,reloc    ] GC(99) Forwarding Usage: 0M
[39.519s][info][gc,heap     ] GC(99) Min Capacity: 2048M(100%)
[39.519s][info][gc,heap     ] GC(99) Max Capacity: 2048M(100%)
[39.519s][info][gc,heap     ] GC(99) Soft Max Capacity: 2048M(100%)
[39.519s][info][gc,heap     ] GC(99)                Mark Start          Mark End        Relocate Start      Relocate End           High               Low         
[39.519s][info][gc,heap     ] GC(99)  Capacity:     2048M (100%)       2048M (100%)       2048M (100%)       2048M (100%)       2048M (100%)       2048M (100%)   
[39.519s][info][gc,heap     ] GC(99)      Free:      478M (23%)         432M (21%)        1668M (81%)        1930M (94%)        1930M (94%)         406M (20%)    
[39.519s][info][gc,heap     ] GC(99)      Used:     1570M (77%)        1616M (79%)         380M (19%)         118M (6%)         1642M (80%)         118M (6%)     
[39.519s][info][gc,heap     ] GC(99)      Live:         -                 9M (0%)            9M (0%)            9M (0%)             -                  -          
[39.519s][info][gc,heap     ] GC(99) Allocated:         -                46M (2%)           76M (4%)           79M (4%)             -                  -          
[39.519s][info][gc,heap     ] GC(99)   Garbage:         -              1560M (76%)         294M (14%)          29M (1%)             -                  -          
[39.519s][info][gc,heap     ] GC(99) Reclaimed:         -                  -              1266M (62%)        1531M (75%)            -                  -          
[39.519s][info][gc          ] GC(99) Garbage Collection (Allocation Rate) 1570M(77%)->118M(6%)
[39.810s][info][gc,start    ] GC(100) Garbage Collection (Allocation Rate)
[39.811s][info][gc,task     ] GC(100) Using 1 workers
[39.811s][info][gc,phases   ] GC(100) Pause Mark Start 0.009ms
[39.821s][info][gc,phases   ] GC(100) Concurrent Mark 9.889ms
[39.821s][info][gc,phases   ] GC(100) Pause Mark End 0.014ms
[39.821s][info][gc,phases   ] GC(100) Concurrent Mark Free 0.000ms
[39.828s][info][gc,phases   ] GC(100) Concurrent Process Non-Strong References 6.748ms
[39.828s][info][gc,phases   ] GC(100) Concurrent Reset Relocation Set 0.007ms
[39.830s][info][gc,phases   ] GC(100) Concurrent Select Relocation Set 2.032ms
[39.830s][info][gc,phases   ] GC(100) Pause Relocate Start 0.013ms
[39.837s][info][gc,phases   ] GC(100) Concurrent Relocate 0.583ms
[39.837s][info][gc,load     ] GC(100) Load: 0.00/0.00/0.00
[39.837s][info][gc,mmu      ] GC(100) MMU: 2ms/66.0%, 5ms/86.4%, 10ms/93.2%, 20ms/96.6%, 50ms/98.6%, 100ms/99.3%
[39.837s][info][gc,marking  ] GC(100) Mark: 1 stripe(s), 3 proactive flush(es), 1 terminate flush(es), 0 completion(s), 0 continuation(s) 
[39.837s][info][gc,marking  ] GC(100) Mark Stack Usage: 32M
[39.837s][info][gc,nmethod  ] GC(100) NMethods: 3383 registered, 1172 unregistered
[39.837s][info][gc,metaspace] GC(100) Metaspace: 8M used, 9M committed, 1088M reserved
[39.837s][info][gc,ref      ] GC(100) Soft: 351 encountered, 0 discovered, 0 enqueued
[39.837s][info][gc,ref      ] GC(100) Weak: 809 encountered, 221 discovered, 186 enqueued
[39.837s][info][gc,ref      ] GC(100) Final: 3 encountered, 0 discovered, 0 enqueued
[39.837s][info][gc,ref      ] GC(100) Phantom: 123 encountered, 109 discovered, 0 enqueued
[39.837s][info][gc,reloc    ] GC(100) Small Pages: 599 / 1198M, Empty: 976M, Relocated: 0M, In-Place: 0
[39.837s][info][gc,reloc    ] GC(100) Medium Pages: 1 / 32M, Empty: 0M, Relocated: 0M, In-Place: 0
[39.837s][info][gc,reloc    ] GC(100) Large Pages: 0 / 0M, Empty: 0M, Relocated: 0M, In-Place: 0
[39.837s][info][gc,reloc    ] GC(100) Forwarding Usage: 0M
[39.837s][info][gc,heap     ] GC(100) Min Capacity: 2048M(100%)
[39.837s][info][gc,heap     ] GC(100) Max Capacity: 2048M(100%)
[39.837s][info][gc,heap     ] GC(100) Soft Max Capacity: 2048M(100%)
[39.837s][info][gc,heap     ] GC(100)                Mark Start          Mark End        Relocate Start      Relocate End           High               Low         
[39.837s][info][gc,heap     ] GC(100)  Capacity:     2048M (100%)       2048M (100%)       2048M (100%)       2048M (100%)       2048M (100%)       2048M (100%)   
[39.837s][info][gc,heap     ] GC(100)      Free:      818M (40%)         778M (38%)        1724M (84%)        1912M (93%)        1912M (93%)         756M (37%)    
[39.837s][info][gc,heap     ] GC(100)      Used:     1230M (60%)        1270M (62%)         324M (16%)         136M (7%)         1292M (63%)         136M (7%)     
[39.837s][info][gc,heap     ] GC(100)      Live:         -                 9M (0%)            9M (0%)            9M (0%)             -                  -          
[39.838s][info][gc,heap     ] GC(100) Allocated:         -                40M (2%)           70M (3%)           95M (5%)             -                  -          
[39.838s][info][gc,heap     ] GC(100)   Garbage:         -              1220M (60%)         244M (12%)          30M (2%)             -                  -          
[39.838s][info][gc,heap     ] GC(100) Reclaimed:         -                  -               976M (48%)        1189M (58%)            -                  -          
[39.838s][info][gc          ] GC(100) Garbage Collection (Allocation Rate) 1230M(60%)->136M(7%)
[40.098s][info][gc,stats    ] === Garbage Collection Statistics =======================================================================================================================
[40.098s][info][gc,stats    ]                                                              Last 10s              Last 10m              Last 10h                Total
[40.098s][info][gc,start    ] GC(101) Garbage Collection (Allocation Rate)
[40.098s][info][gc,stats    ]                                                              Avg / Max             Avg / Max             Avg / Max             Avg / Max
[40.098s][info][gc,task     ] GC(101) Using 1 workers
[40.098s][info][gc,stats    ]   Collector: Garbage Collection Cycle                     24.932 / 50.655       32.296 / 162.441      32.296 / 162.441      32.296 / 162.441     ms
[40.098s][info][gc,stats    ]  Contention: Mark Segment Reset Contention                     0 / 0                 0 / 1                 0 / 1                 0 / 1           ops/s
[40.098s][info][gc,stats    ]  Contention: Mark SeqNum Reset Contention                      0 / 0                 0 / 1                 0 / 1                 0 / 1           ops/s
[40.098s][info][gc,stats    ]    Critical: Allocation Stall                                  0 / 0                 0 / 0                 0 / 0                 0 / 0           ops/s
[40.098s][info][gc,stats    ]    Critical: Allocation Stall                              0.000 / 0.000         0.000 / 0.000         0.000 / 0.000         0.000 / 0.000       ms
[40.098s][info][gc,stats    ]    Critical: GC Locker Stall                                   0 / 0                 0 / 0                 0 / 0                 0 / 0           ops/s
[40.098s][info][gc,stats    ]    Critical: GC Locker Stall                               0.000 / 0.000         0.000 / 0.000         0.000 / 0.000         0.000 / 0.000       ms
[40.098s][info][gc,stats    ]    Critical: Relocation Stall                                  0 / 0                 0 / 0                 0 / 0                 0 / 0           ops/s
[40.098s][info][gc,phases   ] GC(101) Pause Mark Start 0.009ms
[40.098s][info][gc,stats    ]    Critical: Relocation Stall                              0.000 / 0.000         0.000 / 0.000         0.000 / 0.000         0.000 / 0.000       ms
[40.098s][info][gc,stats    ]      Memory: Allocation Rate                                3831 / 4090           3431 / 4090           3431 / 4090           3431 / 4090        MB/s
[40.098s][info][gc,stats    ]      Memory: Out Of Memory                                     0 / 0                 0 / 0                 0 / 0                 0 / 0           ops/s
[40.098s][info][gc,stats    ]      Memory: Page Cache Flush                                  0 / 0                 0 / 0                 0 / 0                 0 / 0           MB/s
[40.098s][info][gc,stats    ]      Memory: Page Cache Hit L1                              1912 / 2048           1691 / 2048           1691 / 2048           1691 / 2048        ops/s
[40.098s][info][gc,stats    ]      Memory: Page Cache Hit L2                                 0 / 0                 0 / 0                 0 / 0                 0 / 0           ops/s
[40.098s][info][gc,stats    ]      Memory: Page Cache Hit L3                                 0 / 0                23 / 230              23 / 230              23 / 230         ops/s
[40.098s][info][gc,stats    ]      Memory: Page Cache Miss                                   0 / 0                 0 / 1                 0 / 1                 0 / 1           ops/s
[40.098s][info][gc,stats    ]      Memory: Uncommit                                          0 / 0                 0 / 0                 0 / 0                 0 / 0           MB/s
[40.098s][info][gc,stats    ]      Memory: Undo Object Allocation Failed                     0 / 0                 0 / 1                 0 / 1                 0 / 1           ops/s
[40.098s][info][gc,stats    ]      Memory: Undo Object Allocation Succeeded                  7 / 16                9 / 33                9 / 33                9 / 33          ops/s
[40.098s][info][gc,stats    ]      Memory: Undo Page Allocation                              0 / 1                 0 / 2                 0 / 2                 0 / 2           ops/s
[40.098s][info][gc,stats    ]       Phase: Concurrent Mark                              10.652 / 31.023       16.073 / 126.705      16.073 / 126.705      16.073 / 126.705     ms
[40.098s][info][gc,stats    ]       Phase: Concurrent Mark Continue                      0.000 / 0.000         0.000 / 0.000         0.000 / 0.000         0.000 / 0.000       ms
[40.098s][info][gc,stats    ]       Phase: Concurrent Mark Free                          0.001 / 0.003         0.001 / 0.004         0.001 / 0.004         0.001 / 0.004       ms
[40.099s][info][gc,stats    ]       Phase: Concurrent Process Non-Strong References      7.507 / 20.477        7.481 / 23.758        7.481 / 23.758        7.481 / 23.758      ms
[40.099s][info][gc,stats    ]       Phase: Concurrent Relocate                           0.627 / 1.345         0.789 / 3.882         0.789 / 3.882         0.789 / 3.882       ms
[40.099s][info][gc,stats    ]       Phase: Concurrent Reset Relocation Set               0.006 / 0.011         0.006 / 0.011         0.006 / 0.011         0.006 / 0.011       ms
[40.099s][info][gc,stats    ]       Phase: Concurrent Select Relocation Set              1.971 / 2.289         2.045 / 3.268         2.045 / 3.268         2.045 / 3.268       ms
[40.099s][info][gc,stats    ]       Phase: Pause Mark End                                0.020 / 0.079         0.026 / 0.680         0.026 / 0.680         0.026 / 0.680       ms
[40.099s][info][gc,stats    ]       Phase: Pause Mark Start                              0.009 / 0.013         0.009 / 0.021         0.009 / 0.021         0.009 / 0.021       ms
[40.099s][info][gc,stats    ]       Phase: Pause Relocate Start                          0.011 / 0.015         0.011 / 0.016         0.011 / 0.016         0.011 / 0.016       ms
[40.099s][info][gc,stats    ]    Subphase: Concurrent Classes Purge                      0.241 / 0.399         0.236 / 0.630         0.236 / 0.630         0.236 / 0.630       ms
[40.099s][info][gc,stats    ]    Subphase: Concurrent Classes Unlink                     5.794 / 7.706         5.208 / 7.706         5.208 / 7.706         5.208 / 7.706       ms
[40.099s][info][gc,stats    ]    Subphase: Concurrent Mark                               9.631 / 30.437       17.140 / 125.306      17.140 / 125.306      17.140 / 125.306     ms
[40.099s][info][gc,stats    ]    Subphase: Concurrent Mark Try Flush                     0.857 / 17.598        2.195 / 32.302        2.195 / 32.302        2.195 / 32.302      ms
[40.099s][info][gc,stats    ]    Subphase: Concurrent Mark Try Terminate                 0.943 / 17.601        3.192 / 31.618        3.192 / 31.618        3.192 / 31.618      ms
[40.099s][info][gc,stats    ]    Subphase: Concurrent References Enqueue                 0.005 / 0.008         0.005 / 0.008         0.005 / 0.008         0.005 / 0.008       ms
[40.099s][info][gc,stats    ]    Subphase: Concurrent References Process                 0.113 / 0.165         0.112 / 0.183         0.112 / 0.183         0.112 / 0.183       ms
[40.099s][info][gc,stats    ]    Subphase: Concurrent Roots ClassLoaderDataGraph         0.083 / 0.174         0.088 / 0.292         0.088 / 0.292         0.088 / 0.292       ms
[40.099s][info][gc,stats    ]    Subphase: Concurrent Roots CodeCache                    0.000 / 0.000         0.000 / 0.000         0.000 / 0.000         0.000 / 0.000       ms
[40.099s][info][gc,stats    ]    Subphase: Concurrent Roots JavaThreads                  0.315 / 0.576         0.346 / 1.315         0.346 / 1.315         0.346 / 1.315       ms
[40.099s][info][gc,stats    ]    Subphase: Concurrent Roots OopStorageSet                0.021 / 0.031         0.024 / 0.065         0.024 / 0.065         0.024 / 0.065       ms
[40.099s][info][gc,stats    ]    Subphase: Concurrent Weak Roots OopStorageSet           0.214 / 0.530         0.217 / 0.530         0.217 / 0.530         0.217 / 0.530       ms
[40.099s][info][gc,stats    ]    Subphase: Pause Mark Try Complete                       0.009 / 0.018         0.005 / 0.018         0.005 / 0.018         0.005 / 0.018       ms
[40.099s][info][gc,stats    ]      System: Java Threads                                     17 / 18               17 / 19               17 / 19               17 / 19          threads
[40.099s][info][gc,stats    ] =========================================================================================================================================================
[40.109s][info][gc,phases   ] GC(101) Concurrent Mark 9.237ms
[40.109s][info][gc,phases   ] GC(101) Pause Mark End 0.015ms
[40.111s][info][gc,phases   ] GC(101) Concurrent Mark Free 0.001ms
[40.118s][info][gc,phases   ] GC(101) Concurrent Process Non-Strong References 6.807ms
[40.118s][info][gc,phases   ] GC(101) Concurrent Reset Relocation Set 0.005ms
[40.120s][info][gc,phases   ] GC(101) Concurrent Select Relocation Set 2.153ms
[40.120s][info][gc,phases   ] GC(101) Pause Relocate Start 0.013ms
[40.122s][info][gc,phases   ] GC(101) Concurrent Relocate 0.497ms
[40.122s][info][gc,load     ] GC(101) Load: 0.00/0.00/0.00
[40.122s][info][gc,mmu      ] GC(101) MMU: 2ms/66.0%, 5ms/86.4%, 10ms/93.2%, 20ms/96.6%, 50ms/98.6%, 100ms/99.3%
[40.122s][info][gc,marking  ] GC(101) Mark: 1 stripe(s), 2 proactive flush(es), 1 terminate flush(es), 0 completion(s), 0 continuation(s) 
[40.122s][info][gc,marking  ] GC(101) Mark Stack Usage: 32M
[40.122s][info][gc,nmethod  ] GC(101) NMethods: 3383 registered, 1172 unregistered
[40.122s][info][gc,metaspace] GC(101) Metaspace: 8M used, 9M committed, 1088M reserved
[40.122s][info][gc,ref      ] GC(101) Soft: 351 encountered, 0 discovered, 0 enqueued
[40.122s][info][gc,ref      ] GC(101) Weak: 804 encountered, 208 discovered, 182 enqueued
[40.122s][info][gc,ref      ] GC(101) Final: 3 encountered, 0 discovered, 0 enqueued
[40.122s][info][gc,ref      ] GC(101) Phantom: 124 encountered, 110 discovered, 0 enqueued
[40.122s][info][gc,reloc    ] GC(101) Small Pages: 581 / 1162M, Empty: 936M, Relocated: 0M, In-Place: 0
[40.122s][info][gc,reloc    ] GC(101) Medium Pages: 1 / 32M, Empty: 0M, Relocated: 0M, In-Place: 0
[40.122s][info][gc,reloc    ] GC(101) Large Pages: 0 / 0M, Empty: 0M, Relocated: 0M, In-Place: 0
[40.122s][info][gc,reloc    ] GC(101) Forwarding Usage: 0M
[40.122s][info][gc,heap     ] GC(101) Min Capacity: 2048M(100%)
[40.122s][info][gc,heap     ] GC(101) Max Capacity: 2048M(100%)
[40.122s][info][gc,heap     ] GC(101) Soft Max Capacity: 2048M(100%)
[40.122s][info][gc,heap     ] GC(101)                Mark Start          Mark End        Relocate Start      Relocate End           High               Low         
[40.122s][info][gc,heap     ] GC(101)  Capacity:     2048M (100%)       2048M (100%)       2048M (100%)       2048M (100%)       2048M (100%)       2048M (100%)   
[40.122s][info][gc,heap     ] GC(101)      Free:      854M (42%)         816M (40%)        1712M (84%)        1924M (94%)        1924M (94%)         784M (38%)    
[40.122s][info][gc,heap     ] GC(101)      Used:     1194M (58%)        1232M (60%)         336M (16%)         124M (6%)         1264M (62%)         124M (6%)     
[40.122s][info][gc,heap     ] GC(101)      Live:         -                 9M (0%)            9M (0%)            9M (0%)             -                  -          
[40.122s][info][gc,heap     ] GC(101) Allocated:         -                38M (2%)           78M (4%)           83M (4%)             -                  -          
[40.122s][info][gc,heap     ] GC(101)   Garbage:         -              1184M (58%)         248M (12%)          30M (2%)             -                  -          
[40.122s][info][gc,heap     ] GC(101) Reclaimed:         -                  -               936M (46%)        1153M (56%)            -                  -          
[40.122s][info][gc          ] GC(101) Garbage Collection (Allocation Rate) 1194M(58%)->124M(6%)
[40.510s][info][gc,start    ] GC(102) Garbage Collection (Allocation Rate)
[40.510s][info][gc,task     ] GC(102) Using 1 workers
[40.510s][info][gc,phases   ] GC(102) Pause Mark Start 0.010ms
[40.521s][info][gc,phases   ] GC(102) Concurrent Mark 9.583ms
[40.522s][info][gc,phases   ] GC(102) Pause Mark End 0.014ms
[40.522s][info][gc,phases   ] GC(102) Concurrent Mark Free 0.001ms
[40.530s][info][gc,phases   ] GC(102) Concurrent Process Non-Strong References 7.679ms
[40.530s][info][gc,phases   ] GC(102) Concurrent Reset Relocation Set 0.008ms
[40.532s][info][gc,phases   ] GC(102) Concurrent Select Relocation Set 2.226ms
[40.532s][info][gc,phases   ] GC(102) Pause Relocate Start 0.013ms
[40.539s][info][gc,phases   ] GC(102) Concurrent Relocate 0.701ms
[40.539s][info][gc,load     ] GC(102) Load: 0.00/0.00/0.00
[40.539s][info][gc,mmu      ] GC(102) MMU: 2ms/66.0%, 5ms/86.4%, 10ms/93.2%, 20ms/96.6%, 50ms/98.6%, 100ms/99.3%
[40.539s][info][gc,marking  ] GC(102) Mark: 1 stripe(s), 2 proactive flush(es), 1 terminate flush(es), 0 completion(s), 0 continuation(s) 
[40.539s][info][gc,marking  ] GC(102) Mark Stack Usage: 32M
[40.539s][info][gc,nmethod  ] GC(102) NMethods: 3383 registered, 1172 unregistered
[40.539s][info][gc,metaspace] GC(102) Metaspace: 8M used, 9M committed, 1088M reserved
[40.539s][info][gc,ref      ] GC(102) Soft: 351 encountered, 0 discovered, 0 enqueued
[40.539s][info][gc,ref      ] GC(102) Weak: 894 encountered, 302 discovered, 265 enqueued
[40.539s][info][gc,ref      ] GC(102) Final: 3 encountered, 0 discovered, 0 enqueued
[40.539s][info][gc,ref      ] GC(102) Phantom: 116 encountered, 92 discovered, 0 enqueued
[40.539s][info][gc,reloc    ] GC(102) Small Pages: 856 / 1712M, Empty: 1398M, Relocated: 0M, In-Place: 0
[40.539s][info][gc,reloc    ] GC(102) Medium Pages: 1 / 32M, Empty: 0M, Relocated: 0M, In-Place: 0
[40.539s][info][gc,reloc    ] GC(102) Large Pages: 0 / 0M, Empty: 0M, Relocated: 0M, In-Place: 0
[40.539s][info][gc,reloc    ] GC(102) Forwarding Usage: 0M
[40.539s][info][gc,heap     ] GC(102) Min Capacity: 2048M(100%)
[40.539s][info][gc,heap     ] GC(102) Max Capacity: 2048M(100%)
[40.539s][info][gc,heap     ] GC(102) Soft Max Capacity: 2048M(100%)
[40.539s][info][gc,heap     ] GC(102)                Mark Start          Mark End        Relocate Start      Relocate End           High               Low         
[40.539s][info][gc,heap     ] GC(102)  Capacity:     2048M (100%)       2048M (100%)       2048M (100%)       2048M (100%)       2048M (100%)       2048M (100%)   
[40.539s][info][gc,heap     ] GC(102)      Free:      304M (15%)         256M (12%)        1620M (79%)        1906M (93%)        1906M (93%)         230M (11%)    
[40.539s][info][gc,heap     ] GC(102)      Used:     1744M (85%)        1792M (88%)         428M (21%)         142M (7%)         1818M (89%)         142M (7%)     
[40.539s][info][gc,heap     ] GC(102)      Live:         -                 9M (0%)            9M (0%)            9M (0%)             -                  -          
[40.539s][info][gc,heap     ] GC(102) Allocated:         -                48M (2%)           82M (4%)          101M (5%)             -                  -          
[40.539s][info][gc,heap     ] GC(102)   Garbage:         -              1734M (85%)         336M (16%)          30M (2%)             -                  -          
[40.539s][info][gc,heap     ] GC(102) Reclaimed:         -                  -              1398M (68%)        1703M (83%)            -                  -          
[40.539s][info][gc          ] GC(102) Garbage Collection (Allocation Rate) 1744M(85%)->142M(7%)
[40.906s][info][gc,start    ] GC(103) Garbage Collection (Allocation Rate)
[40.906s][info][gc,task     ] GC(103) Using 1 workers
[40.906s][info][gc,phases   ] GC(103) Pause Mark Start 0.012ms
[40.919s][info][gc,phases   ] GC(103) Concurrent Mark 9.345ms
[40.919s][info][gc,phases   ] GC(103) Pause Mark End 0.012ms
[40.919s][info][gc,phases   ] GC(103) Concurrent Mark Free 0.001ms
[40.926s][info][gc,phases   ] GC(103) Concurrent Process Non-Strong References 6.937ms
[40.926s][info][gc,phases   ] GC(103) Concurrent Reset Relocation Set 0.005ms
[40.928s][info][gc,phases   ] GC(103) Concurrent Select Relocation Set 1.996ms
[40.928s][info][gc,phases   ] GC(103) Pause Relocate Start 0.011ms
[40.929s][info][gc,phases   ] GC(103) Concurrent Relocate 0.613ms
[40.929s][info][gc,load     ] GC(103) Load: 0.00/0.00/0.00
[40.929s][info][gc,mmu      ] GC(103) MMU: 2ms/66.0%, 5ms/86.4%, 10ms/93.2%, 20ms/96.6%, 50ms/98.6%, 100ms/99.3%
[40.929s][info][gc,marking  ] GC(103) Mark: 1 stripe(s), 2 proactive flush(es), 1 terminate flush(es), 0 completion(s), 0 continuation(s) 
[40.929s][info][gc,marking  ] GC(103) Mark Stack Usage: 32M
[40.929s][info][gc,nmethod  ] GC(103) NMethods: 3384 registered, 1172 unregistered
[40.929s][info][gc,metaspace] GC(103) Metaspace: 8M used, 9M committed, 1088M reserved
[40.929s][info][gc,ref      ] GC(103) Soft: 351 encountered, 0 discovered, 0 enqueued
[40.929s][info][gc,ref      ] GC(103) Weak: 885 encountered, 294 discovered, 261 enqueued
[40.929s][info][gc,ref      ] GC(103) Final: 3 encountered, 0 discovered, 0 enqueued
[40.929s][info][gc,ref      ] GC(103) Phantom: 124 encountered, 109 discovered, 0 enqueued
[40.929s][info][gc,reloc    ] GC(103) Small Pages: 812 / 1624M, Empty: 1332M, Relocated: 0M, In-Place: 0
[40.929s][info][gc,reloc    ] GC(103) Medium Pages: 1 / 32M, Empty: 0M, Relocated: 0M, In-Place: 0
[40.929s][info][gc,reloc    ] GC(103) Large Pages: 0 / 0M, Empty: 0M, Relocated: 0M, In-Place: 0
[40.929s][info][gc,reloc    ] GC(103) Forwarding Usage: 0M
[40.929s][info][gc,heap     ] GC(103) Min Capacity: 2048M(100%)
[40.929s][info][gc,heap     ] GC(103) Max Capacity: 2048M(100%)
[40.929s][info][gc,heap     ] GC(103) Soft Max Capacity: 2048M(100%)
[40.929s][info][gc,heap     ] GC(103)                Mark Start          Mark End        Relocate Start      Relocate End           High               Low         
[40.929s][info][gc,heap     ] GC(103)  Capacity:     2048M (100%)       2048M (100%)       2048M (100%)       2048M (100%)       2048M (100%)       2048M (100%)   
[40.929s][info][gc,heap     ] GC(103)      Free:      392M (19%)         340M (17%)        1642M (80%)        1922M (94%)        1922M (94%)         316M (15%)    
[40.930s][info][gc,heap     ] GC(103)      Used:     1656M (81%)        1708M (83%)         406M (20%)         126M (6%)         1732M (85%)         126M (6%)     
[40.930s][info][gc,heap     ] GC(103)      Live:         -                 9M (0%)            9M (0%)            9M (0%)             -                  -          
[40.930s][info][gc,heap     ] GC(103) Allocated:         -                52M (3%)           82M (4%)           85M (4%)             -                  -          
[40.930s][info][gc,heap     ] GC(103)   Garbage:         -              1646M (80%)         314M (15%)          30M (2%)             -                  -          
[40.930s][info][gc,heap     ] GC(103) Reclaimed:         -                  -              1332M (65%)        1615M (79%)            -                  -          
[40.930s][info][gc          ] GC(103) Garbage Collection (Allocation Rate) 1656M(81%)->126M(6%)
[41.311s][info][gc,start    ] GC(104) Garbage Collection (Allocation Rate)
[41.311s][info][gc,task     ] GC(104) Using 1 workers
[41.311s][info][gc,phases   ] GC(104) Pause Mark Start 0.012ms
[41.322s][info][gc,phases   ] GC(104) Concurrent Mark 11.141ms
[41.323s][info][gc,phases   ] GC(104) Pause Mark End 0.018ms
[41.323s][info][gc,phases   ] GC(104) Concurrent Mark Free 0.001ms
[41.333s][info][gc,phases   ] GC(104) Concurrent Process Non-Strong References 9.794ms
[41.333s][info][gc,phases   ] GC(104) Concurrent Reset Relocation Set 0.009ms
[41.335s][info][gc,phases   ] GC(104) Concurrent Select Relocation Set 2.204ms
[41.336s][info][gc,phases   ] GC(104) Pause Relocate Start 0.011ms
[41.336s][info][gc,phases   ] GC(104) Concurrent Relocate 0.491ms
[41.336s][info][gc,load     ] GC(104) Load: 0.00/0.00/0.00
[41.336s][info][gc,mmu      ] GC(104) MMU: 2ms/66.0%, 5ms/86.4%, 10ms/93.2%, 20ms/96.6%, 50ms/98.6%, 100ms/99.3%
[41.336s][info][gc,marking  ] GC(104) Mark: 1 stripe(s), 2 proactive flush(es), 1 terminate flush(es), 0 completion(s), 0 continuation(s) 
[41.336s][info][gc,marking  ] GC(104) Mark Stack Usage: 32M
[41.336s][info][gc,nmethod  ] GC(104) NMethods: 3384 registered, 1172 unregistered
[41.336s][info][gc,metaspace] GC(104) Metaspace: 8M used, 9M committed, 1088M reserved
[41.336s][info][gc,ref      ] GC(104) Soft: 351 encountered, 0 discovered, 0 enqueued
[41.336s][info][gc,ref      ] GC(104) Weak: 866 encountered, 276 discovered, 249 enqueued
[41.336s][info][gc,ref      ] GC(104) Final: 3 encountered, 0 discovered, 0 enqueued
[41.336s][info][gc,ref      ] GC(104) Phantom: 112 encountered, 98 discovered, 0 enqueued
[41.336s][info][gc,reloc    ] GC(104) Small Pages: 811 / 1622M, Empty: 1332M, Relocated: 0M, In-Place: 0
[41.336s][info][gc,reloc    ] GC(104) Medium Pages: 1 / 32M, Empty: 0M, Relocated: 0M, In-Place: 0
[41.336s][info][gc,reloc    ] GC(104) Large Pages: 0 / 0M, Empty: 0M, Relocated: 0M, In-Place: 0
[41.336s][info][gc,reloc    ] GC(104) Forwarding Usage: 0M
[41.336s][info][gc,heap     ] GC(104) Min Capacity: 2048M(100%)
[41.336s][info][gc,heap     ] GC(104) Max Capacity: 2048M(100%)
[41.336s][info][gc,heap     ] GC(104) Soft Max Capacity: 2048M(100%)
[41.336s][info][gc,heap     ] GC(104)                Mark Start          Mark End        Relocate Start      Relocate End           High               Low         
[41.336s][info][gc,heap     ] GC(104)  Capacity:     2048M (100%)       2048M (100%)       2048M (100%)       2048M (100%)       2048M (100%)       2048M (100%)   
[41.336s][info][gc,heap     ] GC(104)      Free:      394M (19%)         352M (17%)        1632M (80%)        1914M (93%)        1914M (93%)         308M (15%)    
[41.336s][info][gc,heap     ] GC(104)      Used:     1654M (81%)        1696M (83%)         416M (20%)         134M (7%)         1740M (85%)         134M (7%)     
[41.336s][info][gc,heap     ] GC(104)      Live:         -                 9M (0%)            9M (0%)            9M (0%)             -                  -          
[41.336s][info][gc,heap     ] GC(104) Allocated:         -                42M (2%)           94M (5%)           93M (5%)             -                  -          
[41.336s][info][gc,heap     ] GC(104)   Garbage:         -              1644M (80%)         312M (15%)          30M (2%)             -                  -          
[41.337s][info][gc,heap     ] GC(104) Reclaimed:         -                  -              1332M (65%)        1613M (79%)            -                  -          
[41.337s][info][gc          ] GC(104) Garbage Collection (Allocation Rate) 1654M(81%)->134M(7%)
[41.710s][info][gc,start    ] GC(105) Garbage Collection (Allocation Rate)
[41.710s][info][gc,task     ] GC(105) Using 1 workers
[41.710s][info][gc,phases   ] GC(105) Pause Mark Start 0.009ms
[41.726s][info][gc,phases   ] GC(105) Concurrent Mark 14.553ms
[41.726s][info][gc,phases   ] GC(105) Pause Mark End 0.023ms
[41.730s][info][gc,phases   ] GC(105) Concurrent Mark Free 0.002ms
[41.737s][info][gc,phases   ] GC(105) Concurrent Process Non-Strong References 6.859ms
[41.737s][info][gc,phases   ] GC(105) Concurrent Reset Relocation Set 0.008ms
[41.739s][info][gc,phases   ] GC(105) Concurrent Select Relocation Set 1.976ms
[41.739s][info][gc,phases   ] GC(105) Pause Relocate Start 0.010ms
[41.749s][info][gc,phases   ] GC(105) Concurrent Relocate 0.728ms
[41.749s][info][gc,load     ] GC(105) Load: 0.00/0.00/0.00
[41.749s][info][gc,mmu      ] GC(105) MMU: 2ms/66.0%, 5ms/86.4%, 10ms/93.2%, 20ms/96.6%, 50ms/98.6%, 100ms/99.3%
[41.749s][info][gc,marking  ] GC(105) Mark: 1 stripe(s), 2 proactive flush(es), 1 terminate flush(es), 0 completion(s), 0 continuation(s) 
[41.749s][info][gc,marking  ] GC(105) Mark Stack Usage: 32M
[41.749s][info][gc,nmethod  ] GC(105) NMethods: 3385 registered, 1172 unregistered
[41.749s][info][gc,metaspace] GC(105) Metaspace: 8M used, 9M committed, 1088M reserved
[41.749s][info][gc,ref      ] GC(105) Soft: 351 encountered, 0 discovered, 0 enqueued
[41.749s][info][gc,ref      ] GC(105) Weak: 876 encountered, 284 discovered, 248 enqueued
[41.749s][info][gc,ref      ] GC(105) Final: 3 encountered, 0 discovered, 0 enqueued
[41.749s][info][gc,ref      ] GC(105) Phantom: 99 encountered, 75 discovered, 0 enqueued
[41.749s][info][gc,reloc    ] GC(105) Small Pages: 821 / 1642M, Empty: 1354M, Relocated: 0M, In-Place: 0
[41.749s][info][gc,reloc    ] GC(105) Medium Pages: 1 / 32M, Empty: 0M, Relocated: 0M, In-Place: 0
[41.749s][info][gc,reloc    ] GC(105) Large Pages: 0 / 0M, Empty: 0M, Relocated: 0M, In-Place: 0
[41.749s][info][gc,reloc    ] GC(105) Forwarding Usage: 0M
[41.749s][info][gc,heap     ] GC(105) Min Capacity: 2048M(100%)
[41.749s][info][gc,heap     ] GC(105) Max Capacity: 2048M(100%)
[41.749s][info][gc,heap     ] GC(105) Soft Max Capacity: 2048M(100%)
[41.749s][info][gc,heap     ] GC(105)                Mark Start          Mark End        Relocate Start      Relocate End           High               Low         
[41.749s][info][gc,heap     ] GC(105)  Capacity:     2048M (100%)       2048M (100%)       2048M (100%)       2048M (100%)       2048M (100%)       2048M (100%)   
[41.749s][info][gc,heap     ] GC(105)      Free:      374M (18%)         314M (15%)        1622M (79%)        1864M (91%)        1864M (91%)         276M (13%)    
[41.749s][info][gc,heap     ] GC(105)      Used:     1674M (82%)        1734M (85%)         426M (21%)         184M (9%)         1772M (87%)         184M (9%)     
[41.749s][info][gc,heap     ] GC(105)      Live:         -                 9M (0%)            9M (0%)            9M (0%)             -                  -          
[41.749s][info][gc,heap     ] GC(105) Allocated:         -                60M (3%)          106M (5%)          143M (7%)             -                  -          
[41.749s][info][gc,heap     ] GC(105)   Garbage:         -              1664M (81%)         310M (15%)          30M (2%)             -                  -          
[41.749s][info][gc,heap     ] GC(105) Reclaimed:         -                  -              1354M (66%)        1633M (80%)            -                  -          
[41.749s][info][gc          ] GC(105) Garbage Collection (Allocation Rate) 1674M(82%)->184M(9%)
[42.095s][info][gc,start    ] GC(106) Garbage Collection (Allocation Rate)
[42.095s][info][gc,task     ] GC(106) Using 1 workers
[42.095s][info][gc,phases   ] GC(106) Pause Mark Start 0.015ms
[42.104s][info][gc,phases   ] GC(106) Concurrent Mark 8.058ms
[42.104s][info][gc,phases   ] GC(106) Pause Mark End 0.016ms
[42.104s][info][gc,phases   ] GC(106) Concurrent Mark Free 0.002ms
[42.111s][info][gc,phases   ] GC(106) Concurrent Process Non-Strong References 7.005ms
[42.112s][info][gc,phases   ] GC(106) Concurrent Reset Relocation Set 0.006ms
[42.114s][info][gc,phases   ] GC(106) Concurrent Select Relocation Set 1.994ms
[42.114s][info][gc,phases   ] GC(106) Pause Relocate Start 0.012ms
[42.114s][info][gc,phases   ] GC(106) Concurrent Relocate 0.544ms
[42.114s][info][gc,load     ] GC(106) Load: 0.00/0.00/0.00
[42.114s][info][gc,mmu      ] GC(106) MMU: 2ms/66.0%, 5ms/86.4%, 10ms/93.2%, 20ms/96.6%, 50ms/98.6%, 100ms/99.3%
[42.114s][info][gc,marking  ] GC(106) Mark: 1 stripe(s), 2 proactive flush(es), 1 terminate flush(es), 0 completion(s), 0 continuation(s) 
[42.114s][info][gc,marking  ] GC(106) Mark Stack Usage: 32M
[42.114s][info][gc,nmethod  ] GC(106) NMethods: 3385 registered, 1172 unregistered
[42.114s][info][gc,metaspace] GC(106) Metaspace: 8M used, 9M committed, 1088M reserved
[42.114s][info][gc,ref      ] GC(106) Soft: 351 encountered, 0 discovered, 0 enqueued
[42.114s][info][gc,ref      ] GC(106) Weak: 873 encountered, 281 discovered, 246 enqueued
[42.115s][info][gc,ref      ] GC(106) Final: 3 encountered, 0 discovered, 0 enqueued
[42.115s][info][gc,ref      ] GC(106) Phantom: 116 encountered, 101 discovered, 0 enqueued
[42.115s][info][gc,reloc    ] GC(106) Small Pages: 775 / 1550M, Empty: 1274M, Relocated: 0M, In-Place: 0
[42.115s][info][gc,reloc    ] GC(106) Medium Pages: 1 / 32M, Empty: 0M, Relocated: 0M, In-Place: 0
[42.115s][info][gc,reloc    ] GC(106) Large Pages: 0 / 0M, Empty: 0M, Relocated: 0M, In-Place: 0
[42.115s][info][gc,reloc    ] GC(106) Forwarding Usage: 0M
[42.115s][info][gc,heap     ] GC(106) Min Capacity: 2048M(100%)
[42.115s][info][gc,heap     ] GC(106) Max Capacity: 2048M(100%)
[42.115s][info][gc,heap     ] GC(106) Soft Max Capacity: 2048M(100%)
[42.115s][info][gc,heap     ] GC(106)                Mark Start          Mark End        Relocate Start      Relocate End           High               Low         
[42.115s][info][gc,heap     ] GC(106)  Capacity:     2048M (100%)       2048M (100%)       2048M (100%)       2048M (100%)       2048M (100%)       2048M (100%)   
[42.115s][info][gc,heap     ] GC(106)      Free:      466M (23%)         436M (21%)        1678M (82%)        1944M (95%)        1944M (95%)         408M (20%)    
[42.115s][info][gc,heap     ] GC(106)      Used:     1582M (77%)        1612M (79%)         370M (18%)         104M (5%)         1640M (80%)         104M (5%)     
[42.115s][info][gc,heap     ] GC(106)      Live:         -                 9M (0%)            9M (0%)            9M (0%)             -                  -          
[42.115s][info][gc,heap     ] GC(106) Allocated:         -                30M (1%)           62M (3%)           63M (3%)             -                  -          
[42.115s][info][gc,heap     ] GC(106)   Garbage:         -              1572M (77%)         298M (15%)          30M (2%)             -                  -          
[42.115s][info][gc,heap     ] GC(106) Reclaimed:         -                  -              1274M (62%)        1541M (75%)            -                  -          
[42.115s][info][gc          ] GC(106) Garbage Collection (Allocation Rate) 1582M(77%)->104M(5%)
[42.507s][info][gc,start    ] GC(107) Garbage Collection (Allocation Rate)
[42.507s][info][gc,task     ] GC(107) Using 1 workers
[42.507s][info][gc,phases   ] GC(107) Pause Mark Start 0.010ms
[42.516s][info][gc,phases   ] GC(107) Concurrent Mark 8.493ms
[42.516s][info][gc,phases   ] GC(107) Pause Mark End 0.015ms
[42.516s][info][gc,phases   ] GC(107) Concurrent Mark Free 0.001ms
[42.524s][info][gc,phases   ] GC(107) Concurrent Process Non-Strong References 7.849ms
[42.524s][info][gc,phases   ] GC(107) Concurrent Reset Relocation Set 0.005ms
[42.526s][info][gc,phases   ] GC(107) Concurrent Select Relocation Set 2.020ms
[42.526s][info][gc,phases   ] GC(107) Pause Relocate Start 0.012ms
[42.527s][info][gc,phases   ] GC(107) Concurrent Relocate 0.549ms
[42.527s][info][gc,load     ] GC(107) Load: 0.00/0.00/0.00
[42.527s][info][gc,mmu      ] GC(107) MMU: 2ms/66.0%, 5ms/86.4%, 10ms/93.2%, 20ms/96.6%, 50ms/98.6%, 100ms/99.3%
[42.527s][info][gc,marking  ] GC(107) Mark: 1 stripe(s), 2 proactive flush(es), 1 terminate flush(es), 0 completion(s), 0 continuation(s) 
[42.527s][info][gc,marking  ] GC(107) Mark Stack Usage: 32M
[42.527s][info][gc,nmethod  ] GC(107) NMethods: 3385 registered, 1172 unregistered
[42.527s][info][gc,metaspace] GC(107) Metaspace: 8M used, 9M committed, 1088M reserved
[42.527s][info][gc,ref      ] GC(107) Soft: 351 encountered, 0 discovered, 0 enqueued
[42.527s][info][gc,ref      ] GC(107) Weak: 884 encountered, 295 discovered, 263 enqueued
[42.527s][info][gc,ref      ] GC(107) Final: 3 encountered, 0 discovered, 0 enqueued
[42.527s][info][gc,ref      ] GC(107) Phantom: 108 encountered, 87 discovered, 0 enqueued
[42.527s][info][gc,reloc    ] GC(107) Small Pages: 837 / 1674M, Empty: 1372M, Relocated: 0M, In-Place: 0
[42.527s][info][gc,reloc    ] GC(107) Medium Pages: 1 / 32M, Empty: 0M, Relocated: 0M, In-Place: 0
[42.527s][info][gc,reloc    ] GC(107) Large Pages: 0 / 0M, Empty: 0M, Relocated: 0M, In-Place: 0
[42.527s][info][gc,reloc    ] GC(107) Forwarding Usage: 0M
[42.527s][info][gc,heap     ] GC(107) Min Capacity: 2048M(100%)
[42.527s][info][gc,heap     ] GC(107) Max Capacity: 2048M(100%)
[42.527s][info][gc,heap     ] GC(107) Soft Max Capacity: 2048M(100%)
[42.527s][info][gc,heap     ] GC(107)                Mark Start          Mark End        Relocate Start      Relocate End           High               Low         
[42.527s][info][gc,heap     ] GC(107)  Capacity:     2048M (100%)       2048M (100%)       2048M (100%)       2048M (100%)       2048M (100%)       2048M (100%)   
[42.527s][info][gc,heap     ] GC(107)      Free:      342M (17%)         308M (15%)        1644M (80%)        1934M (94%)        1934M (94%)         278M (14%)    
[42.527s][info][gc,heap     ] GC(107)      Used:     1706M (83%)        1740M (85%)         404M (20%)         114M (6%)         1770M (86%)         114M (6%)     
[42.527s][info][gc,heap     ] GC(107)      Live:         -                 9M (0%)            9M (0%)            9M (0%)             -                  -          
[42.527s][info][gc,heap     ] GC(107) Allocated:         -                34M (2%)           70M (3%)           73M (4%)             -                  -          
[42.527s][info][gc,heap     ] GC(107)   Garbage:         -              1696M (83%)         324M (16%)          30M (2%)             -                  -          
[42.527s][info][gc,heap     ] GC(107) Reclaimed:         -                  -              1372M (67%)        1665M (81%)            -                  -          
[42.527s][info][gc          ] GC(107) Garbage Collection (Allocation Rate) 1706M(83%)->114M(6%)
[42.899s][info][gc,start    ] GC(108) Garbage Collection (Allocation Rate)
[42.899s][info][gc,task     ] GC(108) Using 1 workers
[42.899s][info][gc,phases   ] GC(108) Pause Mark Start 0.010ms
[42.916s][info][gc,phases   ] GC(108) Concurrent Mark 16.986ms
[42.916s][info][gc,phases   ] GC(108) Pause Mark End 0.017ms
[42.916s][info][gc,phases   ] GC(108) Concurrent Mark Free 0.001ms
[42.923s][info][gc,phases   ] GC(108) Concurrent Process Non-Strong References 6.764ms
[42.923s][info][gc,phases   ] GC(108) Concurrent Reset Relocation Set 0.006ms
[42.926s][info][gc,phases   ] GC(108) Concurrent Select Relocation Set 2.415ms
[42.926s][info][gc,phases   ] GC(108) Pause Relocate Start 0.012ms
[42.926s][info][gc,phases   ] GC(108) Concurrent Relocate 0.546ms
[42.926s][info][gc,load     ] GC(108) Load: 0.00/0.00/0.00
[42.926s][info][gc,mmu      ] GC(108) MMU: 2ms/66.0%, 5ms/86.4%, 10ms/93.2%, 20ms/96.6%, 50ms/98.6%, 100ms/99.3%
[42.926s][info][gc,marking  ] GC(108) Mark: 1 stripe(s), 2 proactive flush(es), 1 terminate flush(es), 0 completion(s), 0 continuation(s) 
[42.926s][info][gc,marking  ] GC(108) Mark Stack Usage: 32M
[42.926s][info][gc,nmethod  ] GC(108) NMethods: 3385 registered, 1172 unregistered
[42.927s][info][gc,metaspace] GC(108) Metaspace: 8M used, 9M committed, 1088M reserved
[42.927s][info][gc,ref      ] GC(108) Soft: 351 encountered, 0 discovered, 0 enqueued
[42.927s][info][gc,ref      ] GC(108) Weak: 878 encountered, 288 discovered, 253 enqueued
[42.927s][info][gc,ref      ] GC(108) Final: 3 encountered, 0 discovered, 0 enqueued
[42.927s][info][gc,ref      ] GC(108) Phantom: 117 encountered, 102 discovered, 0 enqueued
[42.927s][info][gc,reloc    ] GC(108) Small Pages: 806 / 1612M, Empty: 1324M, Relocated: 0M, In-Place: 0
[42.927s][info][gc,reloc    ] GC(108) Medium Pages: 1 / 32M, Empty: 0M, Relocated: 0M, In-Place: 0
[42.927s][info][gc,reloc    ] GC(108) Large Pages: 0 / 0M, Empty: 0M, Relocated: 0M, In-Place: 0
[42.927s][info][gc,reloc    ] GC(108) Forwarding Usage: 0M
[42.927s][info][gc,heap     ] GC(108) Min Capacity: 2048M(100%)
[42.927s][info][gc,heap     ] GC(108) Max Capacity: 2048M(100%)
[42.927s][info][gc,heap     ] GC(108) Soft Max Capacity: 2048M(100%)
[42.927s][info][gc,heap     ] GC(108)                Mark Start          Mark End        Relocate Start      Relocate End           High               Low         
[42.927s][info][gc,heap     ] GC(108)  Capacity:     2048M (100%)       2048M (100%)       2048M (100%)       2048M (100%)       2048M (100%)       2048M (100%)   
[42.927s][info][gc,heap     ] GC(108)      Free:      404M (20%)         334M (16%)        1624M (79%)        1904M (93%)        1904M (93%)         308M (15%)    
[42.927s][info][gc,heap     ] GC(108)      Used:     1644M (80%)        1714M (84%)         424M (21%)         144M (7%)         1740M (85%)         144M (7%)     
[42.927s][info][gc,heap     ] GC(108)      Live:         -                 9M (0%)            9M (0%)            9M (0%)             -                  -          
[42.927s][info][gc,heap     ] GC(108) Allocated:         -                70M (3%)          104M (5%)          103M (5%)             -                  -          
[42.927s][info][gc,heap     ] GC(108)   Garbage:         -              1634M (80%)         310M (15%)          30M (2%)             -                  -          
[42.927s][info][gc,heap     ] GC(108) Reclaimed:         -                  -              1324M (65%)        1603M (78%)            -                  -          
[42.927s][info][gc          ] GC(108) Garbage Collection (Allocation Rate) 1644M(80%)->144M(7%)
[43.309s][info][gc,start    ] GC(109) Garbage Collection (Allocation Rate)
[43.309s][info][gc,task     ] GC(109) Using 1 workers
[43.310s][info][gc,phases   ] GC(109) Pause Mark Start 0.009ms
[43.323s][info][gc,phases   ] GC(109) Concurrent Mark 10.400ms
[43.324s][info][gc,phases   ] GC(109) Pause Mark End 0.066ms
[43.324s][info][gc,phases   ] GC(109) Concurrent Mark Free 0.002ms
[43.331s][info][gc,phases   ] GC(109) Concurrent Process Non-Strong References 6.753ms
[43.331s][info][gc,phases   ] GC(109) Concurrent Reset Relocation Set 0.006ms
[43.333s][info][gc,phases   ] GC(109) Concurrent Select Relocation Set 1.968ms
[43.333s][info][gc,phases   ] GC(109) Pause Relocate Start 0.012ms
[43.335s][info][gc,phases   ] GC(109) Concurrent Relocate 1.357ms
[43.335s][info][gc,load     ] GC(109) Load: 0.00/0.00/0.00
[43.335s][info][gc,mmu      ] GC(109) MMU: 2ms/66.0%, 5ms/86.4%, 10ms/93.2%, 20ms/96.6%, 50ms/98.6%, 100ms/99.3%
[43.335s][info][gc,marking  ] GC(109) Mark: 1 stripe(s), 2 proactive flush(es), 1 terminate flush(es), 1 completion(s), 0 continuation(s) 
[43.335s][info][gc,marking  ] GC(109) Mark Stack Usage: 32M
[43.335s][info][gc,nmethod  ] GC(109) NMethods: 3385 registered, 1172 unregistered
[43.335s][info][gc,metaspace] GC(109) Metaspace: 8M used, 9M committed, 1088M reserved
[43.335s][info][gc,ref      ] GC(109) Soft: 351 encountered, 0 discovered, 0 enqueued
[43.335s][info][gc,ref      ] GC(109) Weak: 879 encountered, 292 discovered, 265 enqueued
[43.335s][info][gc,ref      ] GC(109) Final: 3 encountered, 0 discovered, 0 enqueued
[43.335s][info][gc,ref      ] GC(109) Phantom: 102 encountered, 82 discovered, 0 enqueued
[43.335s][info][gc,reloc    ] GC(109) Small Pages: 829 / 1658M, Empty: 1374M, Relocated: 1M, In-Place: 0
[43.335s][info][gc,reloc    ] GC(109) Medium Pages: 1 / 32M, Empty: 0M, Relocated: 0M, In-Place: 0
[43.335s][info][gc,reloc    ] GC(109) Large Pages: 0 / 0M, Empty: 0M, Relocated: 0M, In-Place: 0
[43.335s][info][gc,reloc    ] GC(109) Forwarding Usage: 0M
[43.335s][info][gc,heap     ] GC(109) Min Capacity: 2048M(100%)
[43.335s][info][gc,heap     ] GC(109) Max Capacity: 2048M(100%)
[43.335s][info][gc,heap     ] GC(109) Soft Max Capacity: 2048M(100%)
[43.335s][info][gc,heap     ] GC(109)                Mark Start          Mark End        Relocate Start      Relocate End           High               Low         
[43.335s][info][gc,heap     ] GC(109)  Capacity:     2048M (100%)       2048M (100%)       2048M (100%)       2048M (100%)       2048M (100%)       2048M (100%)   
[43.335s][info][gc,heap     ] GC(109)      Free:      358M (17%)         298M (15%)        1642M (80%)        1918M (94%)        1918M (94%)         278M (14%)    
[43.335s][info][gc,heap     ] GC(109)      Used:     1690M (83%)        1750M (85%)         406M (20%)         130M (6%)         1770M (86%)         130M (6%)     
[43.335s][info][gc,heap     ] GC(109)      Live:         -                 9M (0%)            9M (0%)            9M (0%)             -                  -          
[43.335s][info][gc,heap     ] GC(109) Allocated:         -                60M (3%)           90M (4%)           91M (4%)             -                  -          
[43.335s][info][gc,heap     ] GC(109)   Garbage:         -              1680M (82%)         306M (15%)          28M (1%)             -                  -          
[43.335s][info][gc,heap     ] GC(109) Reclaimed:         -                  -              1374M (67%)        1651M (81%)            -                  -          
[43.335s][info][gc          ] GC(109) Garbage Collection (Allocation Rate) 1690M(83%)->130M(6%)
[43.705s][info][gc,start    ] GC(110) Garbage Collection (Allocation Rate)
[43.705s][info][gc,task     ] GC(110) Using 1 workers
[43.705s][info][gc,phases   ] GC(110) Pause Mark Start 0.012ms
[43.714s][info][gc,phases   ] GC(110) Concurrent Mark 8.691ms
[43.714s][info][gc,phases   ] GC(110) Pause Mark End 0.014ms
[43.714s][info][gc,phases   ] GC(110) Concurrent Mark Free 0.000ms
[43.721s][info][gc,phases   ] GC(110) Concurrent Process Non-Strong References 7.354ms
[43.721s][info][gc,phases   ] GC(110) Concurrent Reset Relocation Set 0.005ms
[43.724s][info][gc,phases   ] GC(110) Concurrent Select Relocation Set 2.152ms
[43.724s][info][gc,phases   ] GC(110) Pause Relocate Start 0.011ms
[43.725s][info][gc,phases   ] GC(110) Concurrent Relocate 1.374ms
[43.725s][info][gc,load     ] GC(110) Load: 0.00/0.00/0.00
[43.725s][info][gc,mmu      ] GC(110) MMU: 2ms/66.0%, 5ms/86.4%, 10ms/93.2%, 20ms/96.6%, 50ms/98.6%, 100ms/99.3%
[43.725s][info][gc,marking  ] GC(110) Mark: 1 stripe(s), 2 proactive flush(es), 1 terminate flush(es), 0 completion(s), 0 continuation(s) 
[43.725s][info][gc,marking  ] GC(110) Mark Stack Usage: 32M
[43.725s][info][gc,nmethod  ] GC(110) NMethods: 3386 registered, 1172 unregistered
[43.725s][info][gc,metaspace] GC(110) Metaspace: 8M used, 9M committed, 1088M reserved
[43.725s][info][gc,ref      ] GC(110) Soft: 351 encountered, 0 discovered, 0 enqueued
[43.725s][info][gc,ref      ] GC(110) Weak: 865 encountered, 278 discovered, 249 enqueued
[43.725s][info][gc,ref      ] GC(110) Final: 3 encountered, 0 discovered, 0 enqueued
[43.725s][info][gc,ref      ] GC(110) Phantom: 103 encountered, 85 discovered, 0 enqueued
[43.725s][info][gc,reloc    ] GC(110) Small Pages: 805 / 1610M, Empty: 1326M, Relocated: 1M, In-Place: 0
[43.725s][info][gc,reloc    ] GC(110) Medium Pages: 1 / 32M, Empty: 0M, Relocated: 0M, In-Place: 0
[43.725s][info][gc,reloc    ] GC(110) Large Pages: 0 / 0M, Empty: 0M, Relocated: 0M, In-Place: 0
[43.725s][info][gc,reloc    ] GC(110) Forwarding Usage: 0M
[43.725s][info][gc,heap     ] GC(110) Min Capacity: 2048M(100%)
[43.725s][info][gc,heap     ] GC(110) Max Capacity: 2048M(100%)
[43.725s][info][gc,heap     ] GC(110) Soft Max Capacity: 2048M(100%)
[43.725s][info][gc,heap     ] GC(110)                Mark Start          Mark End        Relocate Start      Relocate End           High               Low         
[43.725s][info][gc,heap     ] GC(110)  Capacity:     2048M (100%)       2048M (100%)       2048M (100%)       2048M (100%)       2048M (100%)       2048M (100%)   
[43.725s][info][gc,heap     ] GC(110)      Free:      406M (20%)         370M (18%)        1660M (81%)        1934M (94%)        1936M (95%)         344M (17%)    
[43.725s][info][gc,heap     ] GC(110)      Used:     1642M (80%)        1678M (82%)         388M (19%)         114M (6%)         1704M (83%)         112M (5%)     
[43.725s][info][gc,heap     ] GC(110)      Live:         -                 9M (0%)            9M (0%)            9M (0%)             -                  -          
[43.725s][info][gc,heap     ] GC(110) Allocated:         -                36M (2%)           72M (4%)           75M (4%)             -                  -          
[43.725s][info][gc,heap     ] GC(110)   Garbage:         -              1632M (80%)         306M (15%)          28M (1%)             -                  -          
[43.725s][info][gc,heap     ] GC(110) Reclaimed:         -                  -              1326M (65%)        1603M (78%)            -                  -          
[43.726s][info][gc          ] GC(110) Garbage Collection (Allocation Rate) 1642M(80%)->114M(6%)
[44.100s][info][gc,start    ] GC(111) Garbage Collection (Allocation Rate)
[44.100s][info][gc,task     ] GC(111) Using 1 workers
[44.100s][info][gc,phases   ] GC(111) Pause Mark Start 0.011ms
[44.111s][info][gc,phases   ] GC(111) Concurrent Mark 10.973ms
[44.111s][info][gc,phases   ] GC(111) Pause Mark End 0.014ms
[44.112s][info][gc,phases   ] GC(111) Concurrent Mark Free 0.001ms
[44.119s][info][gc,phases   ] GC(111) Concurrent Process Non-Strong References 7.297ms
[44.119s][info][gc,phases   ] GC(111) Concurrent Reset Relocation Set 0.008ms
[44.121s][info][gc,phases   ] GC(111) Concurrent Select Relocation Set 1.772ms
[44.121s][info][gc,phases   ] GC(111) Pause Relocate Start 0.012ms
[44.122s][info][gc,phases   ] GC(111) Concurrent Relocate 0.562ms
[44.122s][info][gc,load     ] GC(111) Load: 0.00/0.00/0.00
[44.122s][info][gc,mmu      ] GC(111) MMU: 2ms/66.0%, 5ms/86.4%, 10ms/93.2%, 20ms/96.6%, 50ms/98.6%, 100ms/99.3%
[44.122s][info][gc,marking  ] GC(111) Mark: 1 stripe(s), 2 proactive flush(es), 1 terminate flush(es), 0 completion(s), 0 continuation(s) 
[44.122s][info][gc,marking  ] GC(111) Mark Stack Usage: 32M
[44.122s][info][gc,nmethod  ] GC(111) NMethods: 3386 registered, 1172 unregistered
[44.122s][info][gc,metaspace] GC(111) Metaspace: 8M used, 9M committed, 1088M reserved
[44.122s][info][gc,ref      ] GC(111) Soft: 351 encountered, 0 discovered, 0 enqueued
[44.122s][info][gc,ref      ] GC(111) Weak: 877 encountered, 288 discovered, 251 enqueued
[44.122s][info][gc,ref      ] GC(111) Final: 3 encountered, 0 discovered, 0 enqueued
[44.122s][info][gc,ref      ] GC(111) Phantom: 124 encountered, 110 discovered, 0 enqueued
[44.122s][info][gc,reloc    ] GC(111) Small Pages: 794 / 1588M, Empty: 1298M, Relocated: 0M, In-Place: 0
[44.122s][info][gc,reloc    ] GC(111) Medium Pages: 1 / 32M, Empty: 0M, Relocated: 0M, In-Place: 0
[44.122s][info][gc,reloc    ] GC(111) Large Pages: 0 / 0M, Empty: 0M, Relocated: 0M, In-Place: 0
[44.122s][info][gc,reloc    ] GC(111) Forwarding Usage: 0M
[44.122s][info][gc,heap     ] GC(111) Min Capacity: 2048M(100%)
[44.122s][info][gc,heap     ] GC(111) Max Capacity: 2048M(100%)
[44.122s][info][gc,heap     ] GC(111) Soft Max Capacity: 2048M(100%)
[44.122s][info][gc,heap     ] GC(111)                Mark Start          Mark End        Relocate Start      Relocate End           High               Low         
[44.122s][info][gc,heap     ] GC(111)  Capacity:     2048M (100%)       2048M (100%)       2048M (100%)       2048M (100%)       2048M (100%)       2048M (100%)   
[44.122s][info][gc,heap     ] GC(111)      Free:      428M (21%)         378M (18%)        1650M (81%)        1932M (94%)        1932M (94%)         356M (17%)    
[44.122s][info][gc,heap     ] GC(111)      Used:     1620M (79%)        1670M (82%)         398M (19%)         116M (6%)         1692M (83%)         116M (6%)     
[44.122s][info][gc,heap     ] GC(111)      Live:         -                 9M (0%)            9M (0%)            9M (0%)             -                  -          
[44.122s][info][gc,heap     ] GC(111) Allocated:         -                50M (2%)           76M (4%)           75M (4%)             -                  -          
[44.122s][info][gc,heap     ] GC(111)   Garbage:         -              1610M (79%)         312M (15%)          30M (2%)             -                  -          
[44.122s][info][gc,heap     ] GC(111) Reclaimed:         -                  -              1298M (63%)        1579M (77%)            -                  -          
[44.122s][info][gc          ] GC(111) Garbage Collection (Allocation Rate) 1620M(79%)->116M(6%)
[44.511s][info][gc,start    ] GC(112) Garbage Collection (Allocation Rate)
[44.511s][info][gc,task     ] GC(112) Using 1 workers
[44.511s][info][gc,phases   ] GC(112) Pause Mark Start 0.009ms
[44.526s][info][gc,phases   ] GC(112) Concurrent Mark 9.072ms
[44.526s][info][gc,phases   ] GC(112) Pause Mark End 0.016ms
[44.526s][info][gc,phases   ] GC(112) Concurrent Mark Free 0.000ms
[44.533s][info][gc,phases   ] GC(112) Concurrent Process Non-Strong References 6.891ms
[44.533s][info][gc,phases   ] GC(112) Concurrent Reset Relocation Set 0.008ms
[44.535s][info][gc,phases   ] GC(112) Concurrent Select Relocation Set 2.191ms
[44.535s][info][gc,phases   ] GC(112) Pause Relocate Start 0.011ms
[44.536s][info][gc,phases   ] GC(112) Concurrent Relocate 0.477ms
[44.536s][info][gc,load     ] GC(112) Load: 0.00/0.00/0.00
[44.536s][info][gc,mmu      ] GC(112) MMU: 2ms/66.0%, 5ms/86.4%, 10ms/93.2%, 20ms/96.6%, 50ms/98.6%, 100ms/99.3%
[44.536s][info][gc,marking  ] GC(112) Mark: 1 stripe(s), 2 proactive flush(es), 1 terminate flush(es), 0 completion(s), 0 continuation(s) 
[44.536s][info][gc,marking  ] GC(112) Mark Stack Usage: 32M
[44.536s][info][gc,nmethod  ] GC(112) NMethods: 3386 registered, 1172 unregistered
[44.536s][info][gc,metaspace] GC(112) Metaspace: 8M used, 9M committed, 1088M reserved
[44.536s][info][gc,ref      ] GC(112) Soft: 351 encountered, 0 discovered, 0 enqueued
[44.536s][info][gc,ref      ] GC(112) Weak: 882 encountered, 294 discovered, 260 enqueued
[44.536s][info][gc,ref      ] GC(112) Final: 3 encountered, 0 discovered, 0 enqueued
[44.536s][info][gc,ref      ] GC(112) Phantom: 107 encountered, 82 discovered, 0 enqueued
[44.536s][info][gc,reloc    ] GC(112) Small Pages: 841 / 1682M, Empty: 1386M, Relocated: 0M, In-Place: 0
[44.536s][info][gc,reloc    ] GC(112) Medium Pages: 1 / 32M, Empty: 0M, Relocated: 0M, In-Place: 0
[44.536s][info][gc,reloc    ] GC(112) Large Pages: 0 / 0M, Empty: 0M, Relocated: 0M, In-Place: 0
[44.536s][info][gc,reloc    ] GC(112) Forwarding Usage: 0M
[44.536s][info][gc,heap     ] GC(112) Min Capacity: 2048M(100%)
[44.536s][info][gc,heap     ] GC(112) Max Capacity: 2048M(100%)
[44.536s][info][gc,heap     ] GC(112) Soft Max Capacity: 2048M(100%)
[44.536s][info][gc,heap     ] GC(112)                Mark Start          Mark End        Relocate Start      Relocate End           High               Low         
[44.536s][info][gc,heap     ] GC(112)  Capacity:     2048M (100%)       2048M (100%)       2048M (100%)       2048M (100%)       2048M (100%)       2048M (100%)   
[44.536s][info][gc,heap     ] GC(112)      Free:      334M (16%)         276M (13%)        1634M (80%)        1916M (94%)        1916M (94%)         256M (12%)    
[44.536s][info][gc,heap     ] GC(112)      Used:     1714M (84%)        1772M (87%)         414M (20%)         132M (6%)         1792M (88%)         132M (6%)     
[44.536s][info][gc,heap     ] GC(112)      Live:         -                 9M (0%)            9M (0%)            9M (0%)             -                  -          
[44.536s][info][gc,heap     ] GC(112) Allocated:         -                58M (3%)           86M (4%)           91M (4%)             -                  -          
[44.536s][info][gc,heap     ] GC(112)   Garbage:         -              1704M (83%)         318M (16%)          30M (2%)             -                  -          
[44.536s][info][gc,heap     ] GC(112) Reclaimed:         -                  -              1386M (68%)        1673M (82%)            -                  -          
[44.536s][info][gc          ] GC(112) Garbage Collection (Allocation Rate) 1714M(84%)->132M(6%)
[44.907s][info][gc,start    ] GC(113) Garbage Collection (Allocation Rate)
[44.907s][info][gc,task     ] GC(113) Using 1 workers
[44.907s][info][gc,phases   ] GC(113) Pause Mark Start 0.006ms
[44.913s][info][gc,phases   ] GC(113) Concurrent Mark 6.337ms
[44.913s][info][gc,phases   ] GC(113) Pause Mark End 0.016ms
[44.913s][info][gc,phases   ] GC(113) Concurrent Mark Free 0.001ms
[44.919s][info][gc,phases   ] GC(113) Concurrent Process Non-Strong References 5.852ms
[44.919s][info][gc,phases   ] GC(113) Concurrent Reset Relocation Set 0.007ms
[44.922s][info][gc,phases   ] GC(113) Concurrent Select Relocation Set 2.144ms
[44.922s][info][gc,phases   ] GC(113) Pause Relocate Start 0.011ms
[44.923s][info][gc,phases   ] GC(113) Concurrent Relocate 1.199ms
[44.923s][info][gc,load     ] GC(113) Load: 0.00/0.00/0.00
[44.923s][info][gc,mmu      ] GC(113) MMU: 2ms/66.0%, 5ms/86.4%, 10ms/93.2%, 20ms/96.6%, 50ms/98.6%, 100ms/99.3%
[44.923s][info][gc,marking  ] GC(113) Mark: 1 stripe(s), 2 proactive flush(es), 1 terminate flush(es), 0 completion(s), 0 continuation(s) 
[44.923s][info][gc,marking  ] GC(113) Mark Stack Usage: 32M
[44.923s][info][gc,nmethod  ] GC(113) NMethods: 3386 registered, 1172 unregistered
[44.923s][info][gc,metaspace] GC(113) Metaspace: 8M used, 9M committed, 1088M reserved
[44.923s][info][gc,ref      ] GC(113) Soft: 351 encountered, 0 discovered, 0 enqueued
[44.923s][info][gc,ref      ] GC(113) Weak: 776 encountered, 196 discovered, 174 enqueued
[44.923s][info][gc,ref      ] GC(113) Final: 3 encountered, 0 discovered, 0 enqueued
[44.923s][info][gc,ref      ] GC(113) Phantom: 82 encountered, 63 discovered, 0 enqueued
[44.923s][info][gc,reloc    ] GC(113) Small Pages: 772 / 1544M, Empty: 1346M, Relocated: 1M, In-Place: 0
[44.923s][info][gc,reloc    ] GC(113) Medium Pages: 1 / 32M, Empty: 0M, Relocated: 0M, In-Place: 0
[44.923s][info][gc,reloc    ] GC(113) Large Pages: 0 / 0M, Empty: 0M, Relocated: 0M, In-Place: 0
[44.923s][info][gc,reloc    ] GC(113) Forwarding Usage: 0M
[44.923s][info][gc,heap     ] GC(113) Min Capacity: 2048M(100%)
[44.923s][info][gc,heap     ] GC(113) Max Capacity: 2048M(100%)
[44.923s][info][gc,heap     ] GC(113) Soft Max Capacity: 2048M(100%)
[44.923s][info][gc,heap     ] GC(113)                Mark Start          Mark End        Relocate Start      Relocate End           High               Low         
[44.923s][info][gc,heap     ] GC(113)  Capacity:     2048M (100%)       2048M (100%)       2048M (100%)       2048M (100%)       2048M (100%)       2048M (100%)   
[44.923s][info][gc,heap     ] GC(113)      Free:      472M (23%)         450M (22%)        1774M (87%)        1962M (96%)        1962M (96%)         432M (21%)    
[44.923s][info][gc,heap     ] GC(113)      Used:     1576M (77%)        1598M (78%)         274M (13%)          86M (4%)         1616M (79%)          86M (4%)     
[44.923s][info][gc,heap     ] GC(113)      Live:         -                 9M (0%)            9M (0%)            9M (0%)             -                  -          
[44.923s][info][gc,heap     ] GC(113) Allocated:         -                22M (1%)           44M (2%)           47M (2%)             -                  -          
[44.923s][info][gc,heap     ] GC(113)   Garbage:         -              1566M (77%)         220M (11%)          29M (1%)             -                  -          
[44.923s][info][gc,heap     ] GC(113) Reclaimed:         -                  -              1346M (66%)        1537M (75%)            -                  -          
[44.923s][info][gc          ] GC(113) Garbage Collection (Allocation Rate) 1576M(77%)->86M(4%)
[45.329s][info][gc,start    ] GC(114) Garbage Collection (System.gc())
[45.329s][info][gc,task     ] GC(114) Using 2 workers
[45.329s][info][gc,phases   ] GC(114) Pause Mark Start 0.005ms
[45.336s][info][gc,phases   ] GC(114) Concurrent Mark 7.305ms
[45.336s][info][gc,phases   ] GC(114) Pause Mark End 0.008ms
[45.336s][info][gc,phases   ] GC(114) Concurrent Mark Free 0.001ms
[45.340s][info][gc,phases   ] GC(114) Concurrent Process Non-Strong References 3.347ms
[45.340s][info][gc,phases   ] GC(114) Concurrent Reset Relocation Set 0.005ms
[45.342s][info][gc,phases   ] GC(114) Concurrent Select Relocation Set 2.350ms
[45.342s][info][gc,phases   ] GC(114) Pause Relocate Start 0.010ms
[45.344s][info][gc,phases   ] GC(114) Concurrent Relocate 1.404ms
[45.344s][info][gc,load     ] GC(114) Load: 0.00/0.00/0.00
[45.344s][info][gc,mmu      ] GC(114) MMU: 2ms/66.0%, 5ms/86.4%, 10ms/93.2%, 20ms/96.6%, 50ms/98.6%, 100ms/99.3%
[45.344s][info][gc,marking  ] GC(114) Mark: 2 stripe(s), 1 proactive flush(es), 1 terminate flush(es), 0 completion(s), 0 continuation(s) 
[45.344s][info][gc,marking  ] GC(114) Mark Stack Usage: 32M
[45.344s][info][gc,nmethod  ] GC(114) NMethods: 3388 registered, 1172 unregistered
[45.344s][info][gc,metaspace] GC(114) Metaspace: 8M used, 9M committed, 1088M reserved
[45.344s][info][gc,ref      ] GC(114) Soft: 351 encountered, 0 discovered, 0 enqueued
[45.344s][info][gc,ref      ] GC(114) Weak: 572 encountered, 66 discovered, 0 enqueued
[45.344s][info][gc,ref      ] GC(114) Final: 3 encountered, 3 discovered, 0 enqueued
[45.344s][info][gc,ref      ] GC(114) Phantom: 26 encountered, 13 discovered, 0 enqueued
[45.344s][info][gc,reloc    ] GC(114) Small Pages: 300 / 600M, Empty: 584M, Relocated: 1M, In-Place: 0
[45.344s][info][gc,reloc    ] GC(114) Medium Pages: 2 / 64M, Empty: 32M, Relocated: 0M, In-Place: 0
[45.344s][info][gc,reloc    ] GC(114) Large Pages: 0 / 0M, Empty: 0M, Relocated: 0M, In-Place: 0
[45.344s][info][gc,reloc    ] GC(114) Forwarding Usage: 0M
[45.344s][info][gc,heap     ] GC(114) Min Capacity: 2048M(100%)
[45.344s][info][gc,heap     ] GC(114) Max Capacity: 2048M(100%)
[45.344s][info][gc,heap     ] GC(114) Soft Max Capacity: 2048M(100%)
[45.344s][info][gc,heap     ] GC(114)                Mark Start          Mark End        Relocate Start      Relocate End           High               Low         
[45.344s][info][gc,heap     ] GC(114)  Capacity:     2048M (100%)       2048M (100%)       2048M (100%)       2048M (100%)       2048M (100%)       2048M (100%)   
[45.344s][info][gc,heap     ] GC(114)      Free:     1384M (68%)        1384M (68%)        2000M (98%)        2008M (98%)        2008M (98%)        1384M (68%)    
[45.344s][info][gc,heap     ] GC(114)      Used:      664M (32%)         664M (32%)          48M (2%)           40M (2%)          664M (32%)          40M (2%)     
[45.344s][info][gc,heap     ] GC(114)      Live:         -                 8M (0%)            8M (0%)            8M (0%)             -                  -          
[45.344s][info][gc,heap     ] GC(114) Allocated:         -                 0M (0%)            0M (0%)            0M (0%)             -                  -          
[45.344s][info][gc,heap     ] GC(114)   Garbage:         -               655M (32%)          39M (2%)           31M (2%)             -                  -          
[45.344s][info][gc,heap     ] GC(114) Reclaimed:         -                  -               616M (30%)         624M (30%)            -                  -          
[45.344s][info][gc          ] GC(114) Garbage Collection (System.gc()) 664M(32%)->40M(2%)
[45.700s][info][gc,start    ] GC(115) Garbage Collection (Allocation Rate)
[45.700s][info][gc,task     ] GC(115) Using 1 workers
[45.700s][info][gc,phases   ] GC(115) Pause Mark Start 0.012ms
[45.711s][info][gc,phases   ] GC(115) Concurrent Mark 10.588ms
[45.711s][info][gc,phases   ] GC(115) Pause Mark End 0.014ms
[45.711s][info][gc,phases   ] GC(115) Concurrent Mark Free 0.001ms
[45.718s][info][gc,phases   ] GC(115) Concurrent Process Non-Strong References 7.069ms
[45.718s][info][gc,phases   ] GC(115) Concurrent Reset Relocation Set 0.001ms
[45.720s][info][gc,phases   ] GC(115) Concurrent Select Relocation Set 2.060ms
[45.720s][info][gc,phases   ] GC(115) Pause Relocate Start 0.014ms
[45.721s][info][gc,phases   ] GC(115) Concurrent Relocate 0.505ms
[45.721s][info][gc,load     ] GC(115) Load: 0.00/0.00/0.00
[45.721s][info][gc,mmu      ] GC(115) MMU: 2ms/66.0%, 5ms/86.4%, 10ms/93.2%, 20ms/96.6%, 50ms/98.6%, 100ms/99.3%
[45.721s][info][gc,marking  ] GC(115) Mark: 1 stripe(s), 2 proactive flush(es), 1 terminate flush(es), 0 completion(s), 0 continuation(s) 
[45.721s][info][gc,marking  ] GC(115) Mark Stack Usage: 32M
[45.721s][info][gc,nmethod  ] GC(115) NMethods: 3388 registered, 1172 unregistered
[45.721s][info][gc,metaspace] GC(115) Metaspace: 8M used, 9M committed, 1088M reserved
[45.721s][info][gc,ref      ] GC(115) Soft: 351 encountered, 0 discovered, 0 enqueued
[45.721s][info][gc,ref      ] GC(115) Weak: 844 encountered, 250 discovered, 216 enqueued
[45.721s][info][gc,ref      ] GC(115) Final: 3 encountered, 0 discovered, 0 enqueued
[45.721s][info][gc,ref      ] GC(115) Phantom: 124 encountered, 110 discovered, 0 enqueued
[45.721s][info][gc,reloc    ] GC(115) Small Pages: 737 / 1474M, Empty: 1202M, Relocated: 0M, In-Place: 0
[45.721s][info][gc,reloc    ] GC(115) Medium Pages: 2 / 64M, Empty: 32M, Relocated: 0M, In-Place: 0
[45.721s][info][gc,reloc    ] GC(115) Large Pages: 0 / 0M, Empty: 0M, Relocated: 0M, In-Place: 0
[45.721s][info][gc,reloc    ] GC(115) Forwarding Usage: 0M
[45.721s][info][gc,heap     ] GC(115) Min Capacity: 2048M(100%)
[45.721s][info][gc,heap     ] GC(115) Max Capacity: 2048M(100%)
[45.721s][info][gc,heap     ] GC(115) Soft Max Capacity: 2048M(100%)
[45.721s][info][gc,heap     ] GC(115)                Mark Start          Mark End        Relocate Start      Relocate End           High               Low         
[45.721s][info][gc,heap     ] GC(115)  Capacity:     2048M (100%)       2048M (100%)       2048M (100%)       2048M (100%)       2048M (100%)       2048M (100%)   
[45.721s][info][gc,heap     ] GC(115)      Free:      510M (25%)         472M (23%)        1670M (82%)        1932M (94%)        1932M (94%)         442M (22%)    
[45.721s][info][gc,heap     ] GC(115)      Used:     1538M (75%)        1576M (77%)         378M (18%)         116M (6%)         1606M (78%)         116M (6%)     
[45.721s][info][gc,heap     ] GC(115)      Live:         -                 9M (0%)            9M (0%)            9M (0%)             -                  -          
[45.721s][info][gc,heap     ] GC(115) Allocated:         -                38M (2%)           74M (4%)           75M (4%)             -                  -          
[45.721s][info][gc,heap     ] GC(115)   Garbage:         -              1528M (75%)         294M (14%)          30M (2%)             -                  -          
[45.721s][info][gc,heap     ] GC(115) Reclaimed:         -                  -              1234M (60%)        1497M (73%)            -                  -          
[45.721s][info][gc          ] GC(115) Garbage Collection (Allocation Rate) 1538M(75%)->116M(6%)
[46.096s][info][gc,start    ] GC(116) Garbage Collection (Allocation Rate)
[46.096s][info][gc,task     ] GC(116) Using 1 workers
[46.096s][info][gc,phases   ] GC(116) Pause Mark Start 0.012ms
[46.112s][info][gc,phases   ] GC(116) Concurrent Mark 15.207ms
[46.112s][info][gc,phases   ] GC(116) Pause Mark End 0.020ms
[46.115s][info][gc,phases   ] GC(116) Concurrent Mark Free 0.001ms
[46.128s][info][gc,phases   ] GC(116) Concurrent Process Non-Strong References 12.456ms
[46.128s][info][gc,phases   ] GC(116) Concurrent Reset Relocation Set 0.008ms
[46.130s][info][gc,phases   ] GC(116) Concurrent Select Relocation Set 2.156ms
[46.130s][info][gc,phases   ] GC(116) Pause Relocate Start 0.011ms
[46.132s][info][gc,phases   ] GC(116) Concurrent Relocate 1.345ms
[46.132s][info][gc,load     ] GC(116) Load: 0.00/0.00/0.00
[46.132s][info][gc,mmu      ] GC(116) MMU: 2ms/66.0%, 5ms/86.4%, 10ms/93.2%, 20ms/96.6%, 50ms/98.6%, 100ms/99.3%
[46.132s][info][gc,marking  ] GC(116) Mark: 1 stripe(s), 2 proactive flush(es), 1 terminate flush(es), 0 completion(s), 0 continuation(s) 
[46.132s][info][gc,marking  ] GC(116) Mark Stack Usage: 32M
[46.132s][info][gc,nmethod  ] GC(116) NMethods: 3388 registered, 1172 unregistered
[46.132s][info][gc,metaspace] GC(116) Metaspace: 8M used, 9M committed, 1088M reserved
[46.132s][info][gc,ref      ] GC(116) Soft: 351 encountered, 0 discovered, 0 enqueued
[46.132s][info][gc,ref      ] GC(116) Weak: 868 encountered, 279 discovered, 259 enqueued
[46.132s][info][gc,ref      ] GC(116) Final: 3 encountered, 0 discovered, 0 enqueued
[46.132s][info][gc,ref      ] GC(116) Phantom: 80 encountered, 53 discovered, 0 enqueued
[46.132s][info][gc,reloc    ] GC(116) Small Pages: 813 / 1626M, Empty: 1340M, Relocated: 1M, In-Place: 0
[46.132s][info][gc,reloc    ] GC(116) Medium Pages: 1 / 32M, Empty: 0M, Relocated: 0M, In-Place: 0
[46.132s][info][gc,reloc    ] GC(116) Large Pages: 0 / 0M, Empty: 0M, Relocated: 0M, In-Place: 0
[46.132s][info][gc,reloc    ] GC(116) Forwarding Usage: 0M
[46.132s][info][gc,heap     ] GC(116) Min Capacity: 2048M(100%)
[46.132s][info][gc,heap     ] GC(116) Max Capacity: 2048M(100%)
[46.132s][info][gc,heap     ] GC(116) Soft Max Capacity: 2048M(100%)
[46.132s][info][gc,heap     ] GC(116)                Mark Start          Mark End        Relocate Start      Relocate End           High               Low         
[46.132s][info][gc,heap     ] GC(116)  Capacity:     2048M (100%)       2048M (100%)       2048M (100%)       2048M (100%)       2048M (100%)       2048M (100%)   
[46.132s][info][gc,heap     ] GC(116)      Free:      390M (19%)         324M (16%)        1598M (78%)        1874M (92%)        1876M (92%)         268M (13%)    
[46.132s][info][gc,heap     ] GC(116)      Used:     1658M (81%)        1724M (84%)         450M (22%)         174M (8%)         1780M (87%)         172M (8%)     
[46.132s][info][gc,heap     ] GC(116)      Live:         -                 9M (0%)            9M (0%)            9M (0%)             -                  -          
[46.132s][info][gc,heap     ] GC(116) Allocated:         -                66M (3%)          132M (6%)          135M (7%)             -                  -          
[46.132s][info][gc,heap     ] GC(116)   Garbage:         -              1648M (81%)         308M (15%)          29M (1%)             -                  -          
[46.132s][info][gc,heap     ] GC(116) Reclaimed:         -                  -              1340M (65%)        1619M (79%)            -                  -          
[46.132s][info][gc          ] GC(116) Garbage Collection (Allocation Rate) 1658M(81%)->174M(8%)
[46.396s][info][gc,start    ] GC(117) Garbage Collection (Allocation Rate)
[46.396s][info][gc,task     ] GC(117) Using 1 workers
[46.396s][info][gc,phases   ] GC(117) Pause Mark Start 0.015ms
[46.409s][info][gc,phases   ] GC(117) Concurrent Mark 11.942ms
[46.409s][info][gc,phases   ] GC(117) Pause Mark End 0.015ms
[46.409s][info][gc,phases   ] GC(117) Concurrent Mark Free 0.001ms
[46.417s][info][gc,phases   ] GC(117) Concurrent Process Non-Strong References 7.702ms
[46.417s][info][gc,phases   ] GC(117) Concurrent Reset Relocation Set 0.007ms
[46.419s][info][gc,phases   ] GC(117) Concurrent Select Relocation Set 2.097ms
[46.419s][info][gc,phases   ] GC(117) Pause Relocate Start 0.009ms
[46.420s][info][gc,phases   ] GC(117) Concurrent Relocate 0.496ms
[46.420s][info][gc,load     ] GC(117) Load: 0.00/0.00/0.00
[46.420s][info][gc,mmu      ] GC(117) MMU: 2ms/66.0%, 5ms/86.4%, 10ms/93.2%, 20ms/96.6%, 50ms/98.6%, 100ms/99.3%
[46.420s][info][gc,marking  ] GC(117) Mark: 1 stripe(s), 2 proactive flush(es), 1 terminate flush(es), 0 completion(s), 0 continuation(s) 
[46.420s][info][gc,marking  ] GC(117) Mark Stack Usage: 32M
[46.420s][info][gc,nmethod  ] GC(117) NMethods: 3388 registered, 1172 unregistered
[46.420s][info][gc,metaspace] GC(117) Metaspace: 8M used, 9M committed, 1088M reserved
[46.420s][info][gc,ref      ] GC(117) Soft: 351 encountered, 0 discovered, 0 enqueued
[46.420s][info][gc,ref      ] GC(117) Weak: 816 encountered, 223 discovered, 193 enqueued
[46.420s][info][gc,ref      ] GC(117) Final: 3 encountered, 0 discovered, 0 enqueued
[46.420s][info][gc,ref      ] GC(117) Phantom: 116 encountered, 101 discovered, 0 enqueued
[46.420s][info][gc,reloc    ] GC(117) Small Pages: 617 / 1234M, Empty: 1000M, Relocated: 0M, In-Place: 0
[46.420s][info][gc,reloc    ] GC(117) Medium Pages: 1 / 32M, Empty: 0M, Relocated: 0M, In-Place: 0
[46.420s][info][gc,reloc    ] GC(117) Large Pages: 0 / 0M, Empty: 0M, Relocated: 0M, In-Place: 0
[46.420s][info][gc,reloc    ] GC(117) Forwarding Usage: 0M
[46.420s][info][gc,heap     ] GC(117) Min Capacity: 2048M(100%)
[46.420s][info][gc,heap     ] GC(117) Max Capacity: 2048M(100%)
[46.420s][info][gc,heap     ] GC(117) Soft Max Capacity: 2048M(100%)
[46.420s][info][gc,heap     ] GC(117)                Mark Start          Mark End        Relocate Start      Relocate End           High               Low         
[46.420s][info][gc,heap     ] GC(117)  Capacity:     2048M (100%)       2048M (100%)       2048M (100%)       2048M (100%)       2048M (100%)       2048M (100%)   
[46.420s][info][gc,heap     ] GC(117)      Free:      782M (38%)         732M (36%)        1698M (83%)        1922M (94%)        1922M (94%)         704M (34%)    
[46.420s][info][gc,heap     ] GC(117)      Used:     1266M (62%)        1316M (64%)         350M (17%)         126M (6%)         1344M (66%)         126M (6%)     
[46.420s][info][gc,heap     ] GC(117)      Live:         -                 9M (0%)            9M (0%)            9M (0%)             -                  -          
[46.420s][info][gc,heap     ] GC(117) Allocated:         -                50M (2%)           84M (4%)           85M (4%)             -                  -          
[46.420s][info][gc,heap     ] GC(117)   Garbage:         -              1256M (61%)         256M (13%)          30M (2%)             -                  -          
[46.420s][info][gc,heap     ] GC(117) Reclaimed:         -                  -              1000M (49%)        1225M (60%)            -                  -          
[46.420s][info][gc          ] GC(117) Garbage Collection (Allocation Rate) 1266M(62%)->126M(6%)
[46.706s][info][gc,start    ] GC(118) Garbage Collection (Allocation Rate)
[46.706s][info][gc,task     ] GC(118) Using 1 workers
[46.706s][info][gc,phases   ] GC(118) Pause Mark Start 0.010ms
[46.718s][info][gc,phases   ] GC(118) Concurrent Mark 8.293ms
[46.718s][info][gc,phases   ] GC(118) Pause Mark End 0.061ms
[46.718s][info][gc,phases   ] GC(118) Concurrent Mark Free 0.001ms
[46.726s][info][gc,phases   ] GC(118) Concurrent Process Non-Strong References 7.303ms
[46.726s][info][gc,phases   ] GC(118) Concurrent Reset Relocation Set 0.005ms
[46.728s][info][gc,phases   ] GC(118) Concurrent Select Relocation Set 2.054ms
[46.728s][info][gc,phases   ] GC(118) Pause Relocate Start 0.009ms
[46.729s][info][gc,phases   ] GC(118) Concurrent Relocate 0.489ms
[46.729s][info][gc,load     ] GC(118) Load: 0.00/0.00/0.00
[46.729s][info][gc,mmu      ] GC(118) MMU: 2ms/66.0%, 5ms/86.4%, 10ms/93.2%, 20ms/96.6%, 50ms/98.6%, 100ms/99.3%
[46.729s][info][gc,marking  ] GC(118) Mark: 1 stripe(s), 2 proactive flush(es), 1 terminate flush(es), 1 completion(s), 0 continuation(s) 
[46.729s][info][gc,marking  ] GC(118) Mark Stack Usage: 32M
[46.729s][info][gc,nmethod  ] GC(118) NMethods: 3388 registered, 1172 unregistered
[46.729s][info][gc,metaspace] GC(118) Metaspace: 8M used, 9M committed, 1088M reserved
[46.729s][info][gc,ref      ] GC(118) Soft: 351 encountered, 0 discovered, 0 enqueued
[46.729s][info][gc,ref      ] GC(118) Weak: 826 encountered, 234 discovered, 201 enqueued
[46.729s][info][gc,ref      ] GC(118) Final: 3 encountered, 0 discovered, 0 enqueued
[46.729s][info][gc,ref      ] GC(118) Phantom: 116 encountered, 93 discovered, 0 enqueued
[46.729s][info][gc,reloc    ] GC(118) Small Pages: 639 / 1278M, Empty: 1040M, Relocated: 0M, In-Place: 0
[46.729s][info][gc,reloc    ] GC(118) Medium Pages: 1 / 32M, Empty: 0M, Relocated: 0M, In-Place: 0
[46.729s][info][gc,reloc    ] GC(118) Large Pages: 0 / 0M, Empty: 0M, Relocated: 0M, In-Place: 0
[46.729s][info][gc,reloc    ] GC(118) Forwarding Usage: 0M
[46.729s][info][gc,heap     ] GC(118) Min Capacity: 2048M(100%)
[46.729s][info][gc,heap     ] GC(118) Max Capacity: 2048M(100%)
[46.729s][info][gc,heap     ] GC(118) Soft Max Capacity: 2048M(100%)
[46.729s][info][gc,heap     ] GC(118)                Mark Start          Mark End        Relocate Start      Relocate End           High               Low         
[46.729s][info][gc,heap     ] GC(118)  Capacity:     2048M (100%)       2048M (100%)       2048M (100%)       2048M (100%)       2048M (100%)       2048M (100%)   
[46.729s][info][gc,heap     ] GC(118)      Free:      738M (36%)         688M (34%)        1696M (83%)        1924M (94%)        1924M (94%)         668M (33%)    
[46.729s][info][gc,heap     ] GC(118)      Used:     1310M (64%)        1360M (66%)         352M (17%)         124M (6%)         1380M (67%)         124M (6%)     
[46.729s][info][gc,heap     ] GC(118)      Live:         -                 9M (0%)            9M (0%)            9M (0%)             -                  -          
[46.729s][info][gc,heap     ] GC(118) Allocated:         -                50M (2%)           82M (4%)           83M (4%)             -                  -          
[46.729s][info][gc,heap     ] GC(118)   Garbage:         -              1300M (64%)         260M (13%)          30M (2%)             -                  -          
[46.729s][info][gc,heap     ] GC(118) Reclaimed:         -                  -              1040M (51%)        1269M (62%)            -                  -          
[46.729s][info][gc          ] GC(118) Garbage Collection (Allocation Rate) 1310M(64%)->124M(6%)
[47.003s][info][gc,start    ] GC(119) Garbage Collection (Allocation Rate)
[47.003s][info][gc,task     ] GC(119) Using 1 workers
[47.003s][info][gc,phases   ] GC(119) Pause Mark Start 0.010ms
[47.011s][info][gc,phases   ] GC(119) Concurrent Mark 7.631ms
[47.011s][info][gc,phases   ] GC(119) Pause Mark End 0.012ms
[47.011s][info][gc,phases   ] GC(119) Concurrent Mark Free 0.001ms
[47.018s][info][gc,phases   ] GC(119) Concurrent Process Non-Strong References 6.748ms
[47.018s][info][gc,phases   ] GC(119) Concurrent Reset Relocation Set 0.007ms
[47.020s][info][gc,phases   ] GC(119) Concurrent Select Relocation Set 1.946ms
[47.020s][info][gc,phases   ] GC(119) Pause Relocate Start 0.013ms
[47.029s][info][gc,phases   ] GC(119) Concurrent Relocate 0.678ms
[47.029s][info][gc,load     ] GC(119) Load: 0.00/0.00/0.00
[47.029s][info][gc,mmu      ] GC(119) MMU: 2ms/66.0%, 5ms/86.4%, 10ms/93.2%, 20ms/96.6%, 50ms/98.6%, 100ms/99.3%
[47.029s][info][gc,marking  ] GC(119) Mark: 1 stripe(s), 2 proactive flush(es), 1 terminate flush(es), 0 completion(s), 0 continuation(s) 
[47.029s][info][gc,marking  ] GC(119) Mark Stack Usage: 32M
[47.029s][info][gc,nmethod  ] GC(119) NMethods: 3388 registered, 1172 unregistered
[47.029s][info][gc,metaspace] GC(119) Metaspace: 8M used, 9M committed, 1088M reserved
[47.029s][info][gc,ref      ] GC(119) Soft: 351 encountered, 0 discovered, 0 enqueued
[47.029s][info][gc,ref      ] GC(119) Weak: 816 encountered, 225 discovered, 189 enqueued
[47.029s][info][gc,ref      ] GC(119) Final: 3 encountered, 0 discovered, 0 enqueued
[47.029s][info][gc,ref      ] GC(119) Phantom: 124 encountered, 110 discovered, 0 enqueued
[47.029s][info][gc,reloc    ] GC(119) Small Pages: 614 / 1228M, Empty: 996M, Relocated: 0M, In-Place: 0
[47.029s][info][gc,reloc    ] GC(119) Medium Pages: 1 / 32M, Empty: 0M, Relocated: 0M, In-Place: 0
[47.029s][info][gc,reloc    ] GC(119) Large Pages: 0 / 0M, Empty: 0M, Relocated: 0M, In-Place: 0
[47.029s][info][gc,reloc    ] GC(119) Forwarding Usage: 0M
[47.029s][info][gc,heap     ] GC(119) Min Capacity: 2048M(100%)
[47.029s][info][gc,heap     ] GC(119) Max Capacity: 2048M(100%)
[47.029s][info][gc,heap     ] GC(119) Soft Max Capacity: 2048M(100%)
[47.029s][info][gc,heap     ] GC(119)                Mark Start          Mark End        Relocate Start      Relocate End           High               Low         
[47.029s][info][gc,heap     ] GC(119)  Capacity:     2048M (100%)       2048M (100%)       2048M (100%)       2048M (100%)       2048M (100%)       2048M (100%)   
[47.029s][info][gc,heap     ] GC(119)      Free:      788M (38%)         754M (37%)        1720M (84%)        1912M (93%)        1912M (93%)         732M (36%)    
[47.029s][info][gc,heap     ] GC(119)      Used:     1260M (62%)        1294M (63%)         328M (16%)         136M (7%)         1316M (64%)         136M (7%)     
[47.029s][info][gc,heap     ] GC(119)      Live:         -                 9M (0%)            9M (0%)            9M (0%)             -                  -          
[47.029s][info][gc,heap     ] GC(119) Allocated:         -                34M (2%)           64M (3%)           95M (5%)             -                  -          
[47.029s][info][gc,heap     ] GC(119)   Garbage:         -              1250M (61%)         254M (12%)          30M (2%)             -                  -          
[47.029s][info][gc,heap     ] GC(119) Reclaimed:         -                  -               996M (49%)        1219M (60%)            -                  -          
[47.029s][info][gc          ] GC(119) Garbage Collection (Allocation Rate) 1260M(62%)->136M(7%)
[47.398s][info][gc,start    ] GC(120) Garbage Collection (Allocation Rate)
[47.398s][info][gc,task     ] GC(120) Using 1 workers
[47.398s][info][gc,phases   ] GC(120) Pause Mark Start 0.010ms
[47.406s][info][gc,phases   ] GC(120) Concurrent Mark 7.765ms
[47.406s][info][gc,phases   ] GC(120) Pause Mark End 0.015ms
[47.406s][info][gc,phases   ] GC(120) Concurrent Mark Free 0.000ms
[47.413s][info][gc,phases   ] GC(120) Concurrent Process Non-Strong References 6.551ms
[47.413s][info][gc,phases   ] GC(120) Concurrent Reset Relocation Set 0.005ms
[47.415s][info][gc,phases   ] GC(120) Concurrent Select Relocation Set 2.057ms
[47.415s][info][gc,phases   ] GC(120) Pause Relocate Start 0.014ms
[47.423s][info][gc,phases   ] GC(120) Concurrent Relocate 0.573ms
[47.423s][info][gc,load     ] GC(120) Load: 0.00/0.00/0.00
[47.423s][info][gc,mmu      ] GC(120) MMU: 2ms/66.0%, 5ms/86.4%, 10ms/93.2%, 20ms/96.6%, 50ms/98.6%, 100ms/99.3%
[47.423s][info][gc,marking  ] GC(120) Mark: 1 stripe(s), 2 proactive flush(es), 1 terminate flush(es), 0 completion(s), 0 continuation(s) 
[47.423s][info][gc,marking  ] GC(120) Mark Stack Usage: 32M
[47.423s][info][gc,nmethod  ] GC(120) NMethods: 3388 registered, 1172 unregistered
[47.423s][info][gc,metaspace] GC(120) Metaspace: 8M used, 9M committed, 1088M reserved
[47.423s][info][gc,ref      ] GC(120) Soft: 351 encountered, 0 discovered, 0 enqueued
[47.423s][info][gc,ref      ] GC(120) Weak: 876 encountered, 284 discovered, 252 enqueued
[47.423s][info][gc,ref      ] GC(120) Final: 3 encountered, 0 discovered, 0 enqueued
[47.423s][info][gc,ref      ] GC(120) Phantom: 124 encountered, 110 discovered, 0 enqueued
[47.423s][info][gc,reloc    ] GC(120) Small Pages: 805 / 1610M, Empty: 1318M, Relocated: 0M, In-Place: 0
[47.423s][info][gc,reloc    ] GC(120) Medium Pages: 1 / 32M, Empty: 0M, Relocated: 0M, In-Place: 0
[47.423s][info][gc,reloc    ] GC(120) Large Pages: 0 / 0M, Empty: 0M, Relocated: 0M, In-Place: 0
[47.423s][info][gc,reloc    ] GC(120) Forwarding Usage: 0M
[47.423s][info][gc,heap     ] GC(120) Min Capacity: 2048M(100%)
[47.423s][info][gc,heap     ] GC(120) Max Capacity: 2048M(100%)
[47.423s][info][gc,heap     ] GC(120) Soft Max Capacity: 2048M(100%)
[47.423s][info][gc,heap     ] GC(120)                Mark Start          Mark End        Relocate Start      Relocate End           High               Low         
[47.423s][info][gc,heap     ] GC(120)  Capacity:     2048M (100%)       2048M (100%)       2048M (100%)       2048M (100%)       2048M (100%)       2048M (100%)   
[47.423s][info][gc,heap     ] GC(120)      Free:      406M (20%)         374M (18%)        1662M (81%)        1916M (94%)        1916M (94%)         352M (17%)    
[47.423s][info][gc,heap     ] GC(120)      Used:     1642M (80%)        1674M (82%)         386M (19%)         132M (6%)         1696M (83%)         132M (6%)     
[47.423s][info][gc,heap     ] GC(120)      Live:         -                 9M (0%)            9M (0%)            9M (0%)             -                  -          
[47.423s][info][gc,heap     ] GC(120) Allocated:         -                32M (2%)           62M (3%)           91M (4%)             -                  -          
[47.423s][info][gc,heap     ] GC(120)   Garbage:         -              1632M (80%)         314M (15%)          30M (2%)             -                  -          
[47.423s][info][gc,heap     ] GC(120) Reclaimed:         -                  -              1318M (64%)        1601M (78%)            -                  -          
[47.423s][info][gc          ] GC(120) Garbage Collection (Allocation Rate) 1642M(80%)->132M(6%)
[47.809s][info][gc,start    ] GC(121) Garbage Collection (Allocation Rate)
[47.809s][info][gc,task     ] GC(121) Using 1 workers
[47.809s][info][gc,phases   ] GC(121) Pause Mark Start 0.015ms
[47.817s][info][gc,phases   ] GC(121) Concurrent Mark 7.809ms
[47.817s][info][gc,phases   ] GC(121) Pause Mark End 0.015ms
[47.818s][info][gc,phases   ] GC(121) Concurrent Mark Free 0.000ms
[47.825s][info][gc,phases   ] GC(121) Concurrent Process Non-Strong References 7.028ms
[47.825s][info][gc,phases   ] GC(121) Concurrent Reset Relocation Set 0.005ms
[47.827s][info][gc,phases   ] GC(121) Concurrent Select Relocation Set 2.014ms
[47.827s][info][gc,phases   ] GC(121) Pause Relocate Start 0.012ms
[47.827s][info][gc,phases   ] GC(121) Concurrent Relocate 0.520ms
[47.828s][info][gc,load     ] GC(121) Load: 0.00/0.00/0.00
[47.828s][info][gc,mmu      ] GC(121) MMU: 2ms/66.0%, 5ms/86.4%, 10ms/93.2%, 20ms/96.6%, 50ms/98.6%, 100ms/99.3%
[47.828s][info][gc,marking  ] GC(121) Mark: 1 stripe(s), 2 proactive flush(es), 1 terminate flush(es), 0 completion(s), 0 continuation(s) 
[47.828s][info][gc,marking  ] GC(121) Mark Stack Usage: 32M
[47.828s][info][gc,nmethod  ] GC(121) NMethods: 3388 registered, 1172 unregistered
[47.828s][info][gc,metaspace] GC(121) Metaspace: 8M used, 9M committed, 1088M reserved
[47.828s][info][gc,ref      ] GC(121) Soft: 351 encountered, 0 discovered, 0 enqueued
[47.828s][info][gc,ref      ] GC(121) Weak: 892 encountered, 301 discovered, 260 enqueued
[47.828s][info][gc,ref      ] GC(121) Final: 3 encountered, 0 discovered, 0 enqueued
[47.828s][info][gc,ref      ] GC(121) Phantom: 124 encountered, 110 discovered, 0 enqueued
[47.828s][info][gc,reloc    ] GC(121) Small Pages: 847 / 1694M, Empty: 1392M, Relocated: 0M, In-Place: 0
[47.828s][info][gc,reloc    ] GC(121) Medium Pages: 1 / 32M, Empty: 0M, Relocated: 0M, In-Place: 0
[47.828s][info][gc,reloc    ] GC(121) Large Pages: 0 / 0M, Empty: 0M, Relocated: 0M, In-Place: 0
[47.828s][info][gc,reloc    ] GC(121) Forwarding Usage: 0M
[47.828s][info][gc,heap     ] GC(121) Min Capacity: 2048M(100%)
[47.828s][info][gc,heap     ] GC(121) Max Capacity: 2048M(100%)
[47.828s][info][gc,heap     ] GC(121) Soft Max Capacity: 2048M(100%)
[47.828s][info][gc,heap     ] GC(121)                Mark Start          Mark End        Relocate Start      Relocate End           High               Low         
[47.828s][info][gc,heap     ] GC(121)  Capacity:     2048M (100%)       2048M (100%)       2048M (100%)       2048M (100%)       2048M (100%)       2048M (100%)   
[47.828s][info][gc,heap     ] GC(121)      Free:      322M (16%)         286M (14%)        1648M (80%)        1940M (95%)        1940M (95%)         264M (13%)    
[47.828s][info][gc,heap     ] GC(121)      Used:     1726M (84%)        1762M (86%)         400M (20%)         108M (5%)         1784M (87%)         108M (5%)     
[47.828s][info][gc,heap     ] GC(121)      Live:         -                 9M (0%)            9M (0%)            9M (0%)             -                  -          
[47.828s][info][gc,heap     ] GC(121) Allocated:         -                36M (2%)           66M (3%)           67M (3%)             -                  -          
[47.828s][info][gc,heap     ] GC(121)   Garbage:         -              1716M (84%)         324M (16%)          30M (2%)             -                  -          
[47.828s][info][gc,heap     ] GC(121) Reclaimed:         -                  -              1392M (68%)        1685M (82%)            -                  -          
[47.828s][info][gc          ] GC(121) Garbage Collection (Allocation Rate) 1726M(84%)->108M(5%)
[48.209s][info][gc,start    ] GC(122) Garbage Collection (Allocation Rate)
[48.209s][info][gc,task     ] GC(122) Using 1 workers
[48.210s][info][gc,phases   ] GC(122) Pause Mark Start 0.010ms
[48.218s][info][gc,phases   ] GC(122) Concurrent Mark 7.889ms
[48.218s][info][gc,phases   ] GC(122) Pause Mark End 0.013ms
[48.218s][info][gc,phases   ] GC(122) Concurrent Mark Free 0.001ms
[48.225s][info][gc,phases   ] GC(122) Concurrent Process Non-Strong References 7.049ms
[48.225s][info][gc,phases   ] GC(122) Concurrent Reset Relocation Set 0.007ms
[48.227s][info][gc,phases   ] GC(122) Concurrent Select Relocation Set 1.995ms
[48.227s][info][gc,phases   ] GC(122) Pause Relocate Start 0.011ms
[48.234s][info][gc,phases   ] GC(122) Concurrent Relocate 1.502ms
[48.234s][info][gc,load     ] GC(122) Load: 0.00/0.00/0.00
[48.234s][info][gc,mmu      ] GC(122) MMU: 2ms/66.0%, 5ms/86.4%, 10ms/93.2%, 20ms/96.6%, 50ms/98.6%, 100ms/99.3%
[48.234s][info][gc,marking  ] GC(122) Mark: 1 stripe(s), 2 proactive flush(es), 1 terminate flush(es), 0 completion(s), 0 continuation(s) 
[48.234s][info][gc,marking  ] GC(122) Mark Stack Usage: 32M
[48.234s][info][gc,nmethod  ] GC(122) NMethods: 3388 registered, 1172 unregistered
[48.234s][info][gc,metaspace] GC(122) Metaspace: 8M used, 9M committed, 1088M reserved
[48.234s][info][gc,ref      ] GC(122) Soft: 351 encountered, 0 discovered, 0 enqueued
[48.234s][info][gc,ref      ] GC(122) Weak: 874 encountered, 289 discovered, 256 enqueued
[48.234s][info][gc,ref      ] GC(122) Final: 3 encountered, 0 discovered, 0 enqueued
[48.234s][info][gc,ref      ] GC(122) Phantom: 117 encountered, 100 discovered, 0 enqueued
[48.234s][info][gc,reloc    ] GC(122) Small Pages: 811 / 1622M, Empty: 1334M, Relocated: 1M, In-Place: 0
[48.234s][info][gc,reloc    ] GC(122) Medium Pages: 1 / 32M, Empty: 0M, Relocated: 0M, In-Place: 0
[48.234s][info][gc,reloc    ] GC(122) Large Pages: 0 / 0M, Empty: 0M, Relocated: 0M, In-Place: 0
[48.234s][info][gc,reloc    ] GC(122) Forwarding Usage: 0M
[48.234s][info][gc,heap     ] GC(122) Min Capacity: 2048M(100%)
[48.234s][info][gc,heap     ] GC(122) Max Capacity: 2048M(100%)
[48.234s][info][gc,heap     ] GC(122) Soft Max Capacity: 2048M(100%)
[48.234s][info][gc,heap     ] GC(122)                Mark Start          Mark End        Relocate Start      Relocate End           High               Low         
[48.234s][info][gc,heap     ] GC(122)  Capacity:     2048M (100%)       2048M (100%)       2048M (100%)       2048M (100%)       2048M (100%)       2048M (100%)   
[48.234s][info][gc,heap     ] GC(122)      Free:      394M (19%)         364M (18%)        1664M (81%)        1926M (94%)        1926M (94%)         338M (17%)    
[48.234s][info][gc,heap     ] GC(122)      Used:     1654M (81%)        1684M (82%)         384M (19%)         122M (6%)         1710M (83%)         122M (6%)     
[48.234s][info][gc,heap     ] GC(122)      Live:         -                 9M (0%)            9M (0%)            9M (0%)             -                  -          
[48.234s][info][gc,heap     ] GC(122) Allocated:         -                30M (1%)           64M (3%)           83M (4%)             -                  -          
[48.234s][info][gc,heap     ] GC(122)   Garbage:         -              1644M (80%)         310M (15%)          28M (1%)             -                  -          
[48.234s][info][gc,heap     ] GC(122) Reclaimed:         -                  -              1334M (65%)        1615M (79%)            -                  -          
[48.234s][info][gc          ] GC(122) Garbage Collection (Allocation Rate) 1654M(81%)->122M(6%)
[48.600s][info][gc,start    ] GC(123) Garbage Collection (Allocation Rate)
[48.600s][info][gc,task     ] GC(123) Using 1 workers
[48.600s][info][gc,phases   ] GC(123) Pause Mark Start 0.010ms
[48.613s][info][gc,phases   ] GC(123) Concurrent Mark 12.674ms
[48.613s][info][gc,phases   ] GC(123) Pause Mark End 0.014ms
[48.613s][info][gc,phases   ] GC(123) Concurrent Mark Free 0.001ms
[48.620s][info][gc,phases   ] GC(123) Concurrent Process Non-Strong References 7.062ms
[48.620s][info][gc,phases   ] GC(123) Concurrent Reset Relocation Set 0.005ms
[48.622s][info][gc,phases   ] GC(123) Concurrent Select Relocation Set 1.990ms
[48.622s][info][gc,phases   ] GC(123) Pause Relocate Start 0.013ms
[48.626s][info][gc,phases   ] GC(123) Concurrent Relocate 0.684ms
[48.626s][info][gc,load     ] GC(123) Load: 0.00/0.00/0.00
[48.627s][info][gc,mmu      ] GC(123) MMU: 2ms/66.0%, 5ms/86.4%, 10ms/93.2%, 20ms/96.6%, 50ms/98.6%, 100ms/99.3%
[48.627s][info][gc,marking  ] GC(123) Mark: 1 stripe(s), 3 proactive flush(es), 1 terminate flush(es), 0 completion(s), 0 continuation(s) 
[48.627s][info][gc,marking  ] GC(123) Mark Stack Usage: 32M
[48.627s][info][gc,nmethod  ] GC(123) NMethods: 3388 registered, 1172 unregistered
[48.627s][info][gc,metaspace] GC(123) Metaspace: 8M used, 9M committed, 1088M reserved
[48.627s][info][gc,ref      ] GC(123) Soft: 351 encountered, 0 discovered, 0 enqueued
[48.627s][info][gc,ref      ] GC(123) Weak: 876 encountered, 283 discovered, 250 enqueued
[48.627s][info][gc,ref      ] GC(123) Final: 3 encountered, 0 discovered, 0 enqueued
[48.627s][info][gc,ref      ] GC(123) Phantom: 124 encountered, 110 discovered, 0 enqueued
[48.627s][info][gc,reloc    ] GC(123) Small Pages: 791 / 1582M, Empty: 1286M, Relocated: 0M, In-Place: 0
[48.627s][info][gc,reloc    ] GC(123) Medium Pages: 1 / 32M, Empty: 0M, Relocated: 0M, In-Place: 0
[48.627s][info][gc,reloc    ] GC(123) Large Pages: 0 / 0M, Empty: 0M, Relocated: 0M, In-Place: 0
[48.627s][info][gc,reloc    ] GC(123) Forwarding Usage: 0M
[48.627s][info][gc,heap     ] GC(123) Min Capacity: 2048M(100%)
[48.627s][info][gc,heap     ] GC(123) Max Capacity: 2048M(100%)
[48.627s][info][gc,heap     ] GC(123) Soft Max Capacity: 2048M(100%)
[48.627s][info][gc,heap     ] GC(123)                Mark Start          Mark End        Relocate Start      Relocate End           High               Low         
[48.627s][info][gc,heap     ] GC(123)  Capacity:     2048M (100%)       2048M (100%)       2048M (100%)       2048M (100%)       2048M (100%)       2048M (100%)   
[48.627s][info][gc,heap     ] GC(123)      Free:      434M (21%)         382M (19%)        1640M (80%)        1908M (93%)        1908M (93%)         358M (17%)    
[48.627s][info][gc,heap     ] GC(123)      Used:     1614M (79%)        1666M (81%)         408M (20%)         140M (7%)         1690M (83%)         140M (7%)     
[48.627s][info][gc,heap     ] GC(123)      Live:         -                 9M (0%)            9M (0%)            9M (0%)             -                  -          
[48.627s][info][gc,heap     ] GC(123) Allocated:         -                52M (3%)           80M (4%)           99M (5%)             -                  -          
[48.627s][info][gc,heap     ] GC(123)   Garbage:         -              1604M (78%)         318M (16%)          30M (2%)             -                  -          
[48.627s][info][gc,heap     ] GC(123) Reclaimed:         -                  -              1286M (63%)        1573M (77%)            -                  -          
[48.627s][info][gc          ] GC(123) Garbage Collection (Allocation Rate) 1614M(79%)->140M(7%)
[49.011s][info][gc,start    ] GC(124) Garbage Collection (Allocation Rate)
[49.011s][info][gc,task     ] GC(124) Using 1 workers
[49.011s][info][gc,phases   ] GC(124) Pause Mark Start 0.010ms
[49.019s][info][gc,phases   ] GC(124) Concurrent Mark 7.369ms
[49.019s][info][gc,phases   ] GC(124) Pause Mark End 0.015ms
[49.019s][info][gc,phases   ] GC(124) Concurrent Mark Free 0.001ms
[49.027s][info][gc,phases   ] GC(124) Concurrent Process Non-Strong References 8.000ms
[49.027s][info][gc,phases   ] GC(124) Concurrent Reset Relocation Set 0.005ms
[49.029s][info][gc,phases   ] GC(124) Concurrent Select Relocation Set 2.203ms
[49.029s][info][gc,phases   ] GC(124) Pause Relocate Start 0.013ms
[49.031s][info][gc,phases   ] GC(124) Concurrent Relocate 1.365ms
[49.031s][info][gc,load     ] GC(124) Load: 0.00/0.00/0.00
[49.031s][info][gc,mmu      ] GC(124) MMU: 2ms/66.0%, 5ms/86.4%, 10ms/93.2%, 20ms/96.6%, 50ms/98.6%, 100ms/99.3%
[49.031s][info][gc,marking  ] GC(124) Mark: 1 stripe(s), 2 proactive flush(es), 1 terminate flush(es), 0 completion(s), 0 continuation(s) 
[49.031s][info][gc,marking  ] GC(124) Mark Stack Usage: 32M
[49.031s][info][gc,nmethod  ] GC(124) NMethods: 3388 registered, 1172 unregistered
[49.031s][info][gc,metaspace] GC(124) Metaspace: 8M used, 9M committed, 1088M reserved
[49.031s][info][gc,ref      ] GC(124) Soft: 351 encountered, 0 discovered, 0 enqueued
[49.031s][info][gc,ref      ] GC(124) Weak: 876 encountered, 287 discovered, 265 enqueued
[49.031s][info][gc,ref      ] GC(124) Final: 3 encountered, 0 discovered, 0 enqueued
[49.031s][info][gc,ref      ] GC(124) Phantom: 86 encountered, 63 discovered, 0 enqueued
[49.031s][info][gc,reloc    ] GC(124) Small Pages: 846 / 1692M, Empty: 1390M, Relocated: 1M, In-Place: 0
[49.031s][info][gc,reloc    ] GC(124) Medium Pages: 1 / 32M, Empty: 0M, Relocated: 0M, In-Place: 0
[49.031s][info][gc,reloc    ] GC(124) Large Pages: 0 / 0M, Empty: 0M, Relocated: 0M, In-Place: 0
[49.031s][info][gc,reloc    ] GC(124) Forwarding Usage: 0M
[49.031s][info][gc,heap     ] GC(124) Min Capacity: 2048M(100%)
[49.031s][info][gc,heap     ] GC(124) Max Capacity: 2048M(100%)
[49.031s][info][gc,heap     ] GC(124) Soft Max Capacity: 2048M(100%)
[49.031s][info][gc,heap     ] GC(124)                Mark Start          Mark End        Relocate Start      Relocate End           High               Low         
[49.031s][info][gc,heap     ] GC(124)  Capacity:     2048M (100%)       2048M (100%)       2048M (100%)       2048M (100%)       2048M (100%)       2048M (100%)   
[49.031s][info][gc,heap     ] GC(124)      Free:      324M (16%)         292M (14%)        1644M (80%)        1940M (95%)        1940M (95%)         262M (13%)    
[49.031s][info][gc,heap     ] GC(124)      Used:     1724M (84%)        1756M (86%)         404M (20%)         108M (5%)         1786M (87%)         108M (5%)     
[49.031s][info][gc,heap     ] GC(124)      Live:         -                 9M (0%)            9M (0%)            9M (0%)             -                  -          
[49.031s][info][gc,heap     ] GC(124) Allocated:         -                32M (2%)           70M (3%)           69M (3%)             -                  -          
[49.031s][info][gc,heap     ] GC(124)   Garbage:         -              1714M (84%)         324M (16%)          28M (1%)             -                  -          
[49.031s][info][gc,heap     ] GC(124) Reclaimed:         -                  -              1390M (68%)        1685M (82%)            -                  -          
[49.031s][info][gc          ] GC(124) Garbage Collection (Allocation Rate) 1724M(84%)->108M(5%)
[49.407s][info][gc,start    ] GC(125) Garbage Collection (Allocation Rate)
[49.407s][info][gc,task     ] GC(125) Using 1 workers
[49.407s][info][gc,phases   ] GC(125) Pause Mark Start 0.012ms
[49.417s][info][gc,phases   ] GC(125) Concurrent Mark 9.418ms
[49.417s][info][gc,phases   ] GC(125) Pause Mark End 0.014ms
[49.417s][info][gc,phases   ] GC(125) Concurrent Mark Free 0.001ms
[49.425s][info][gc,phases   ] GC(125) Concurrent Process Non-Strong References 7.278ms
[49.425s][info][gc,phases   ] GC(125) Concurrent Reset Relocation Set 0.009ms
[49.427s][info][gc,phases   ] GC(125) Concurrent Select Relocation Set 1.895ms
[49.427s][info][gc,phases   ] GC(125) Pause Relocate Start 0.013ms
[49.427s][info][gc,phases   ] GC(125) Concurrent Relocate 0.455ms
[49.427s][info][gc,load     ] GC(125) Load: 0.00/0.00/0.00
[49.427s][info][gc,mmu      ] GC(125) MMU: 2ms/66.0%, 5ms/86.4%, 10ms/93.2%, 20ms/96.6%, 50ms/98.6%, 100ms/99.3%
[49.427s][info][gc,marking  ] GC(125) Mark: 1 stripe(s), 2 proactive flush(es), 1 terminate flush(es), 0 completion(s), 0 continuation(s) 
[49.427s][info][gc,marking  ] GC(125) Mark Stack Usage: 32M
[49.427s][info][gc,nmethod  ] GC(125) NMethods: 3388 registered, 1172 unregistered
[49.427s][info][gc,metaspace] GC(125) Metaspace: 8M used, 9M committed, 1088M reserved
[49.427s][info][gc,ref      ] GC(125) Soft: 351 encountered, 0 discovered, 0 enqueued
[49.427s][info][gc,ref      ] GC(125) Weak: 865 encountered, 273 discovered, 245 enqueued
[49.427s][info][gc,ref      ] GC(125) Final: 3 encountered, 0 discovered, 0 enqueued
[49.427s][info][gc,ref      ] GC(125) Phantom: 95 encountered, 75 discovered, 0 enqueued
[49.427s][info][gc,reloc    ] GC(125) Small Pages: 793 / 1586M, Empty: 1298M, Relocated: 0M, In-Place: 0
[49.427s][info][gc,reloc    ] GC(125) Medium Pages: 1 / 32M, Empty: 0M, Relocated: 0M, In-Place: 0
[49.427s][info][gc,reloc    ] GC(125) Large Pages: 0 / 0M, Empty: 0M, Relocated: 0M, In-Place: 0
[49.427s][info][gc,reloc    ] GC(125) Forwarding Usage: 0M
[49.427s][info][gc,heap     ] GC(125) Min Capacity: 2048M(100%)
[49.428s][info][gc,heap     ] GC(125) Max Capacity: 2048M(100%)
[49.428s][info][gc,heap     ] GC(125) Soft Max Capacity: 2048M(100%)
[49.428s][info][gc,heap     ] GC(125)                Mark Start          Mark End        Relocate Start      Relocate End           High               Low         
[49.428s][info][gc,heap     ] GC(125)  Capacity:     2048M (100%)       2048M (100%)       2048M (100%)       2048M (100%)       2048M (100%)       2048M (100%)   
[49.428s][info][gc,heap     ] GC(125)      Free:      430M (21%)         394M (19%)        1656M (81%)        1930M (94%)        1930M (94%)         362M (18%)    
[49.428s][info][gc,heap     ] GC(125)      Used:     1618M (79%)        1654M (81%)         392M (19%)         118M (6%)         1686M (82%)         118M (6%)     
[49.428s][info][gc,heap     ] GC(125)      Live:         -                 9M (0%)            9M (0%)            9M (0%)             -                  -          
[49.428s][info][gc,heap     ] GC(125) Allocated:         -                36M (2%)           72M (4%)           77M (4%)             -                  -          
[49.428s][info][gc,heap     ] GC(125)   Garbage:         -              1608M (79%)         310M (15%)          30M (2%)             -                  -          
[49.428s][info][gc,heap     ] GC(125) Reclaimed:         -                  -              1298M (63%)        1577M (77%)            -                  -          
[49.428s][info][gc          ] GC(125) Garbage Collection (Allocation Rate) 1618M(79%)->118M(6%)
[49.804s][info][gc,start    ] GC(126) Garbage Collection (Allocation Rate)
[49.804s][info][gc,task     ] GC(126) Using 1 workers
[49.804s][info][gc,phases   ] GC(126) Pause Mark Start 0.012ms
[49.812s][info][gc,phases   ] GC(126) Concurrent Mark 7.484ms
[49.812s][info][gc,phases   ] GC(126) Pause Mark End 0.013ms
[49.812s][info][gc,phases   ] GC(126) Concurrent Mark Free 0.001ms
[49.820s][info][gc,phases   ] GC(126) Concurrent Process Non-Strong References 7.359ms
[49.820s][info][gc,phases   ] GC(126) Concurrent Reset Relocation Set 0.012ms
[49.822s][info][gc,phases   ] GC(126) Concurrent Select Relocation Set 1.881ms
[49.822s][info][gc,phases   ] GC(126) Pause Relocate Start 0.012ms
[49.822s][info][gc,phases   ] GC(126) Concurrent Relocate 0.495ms
[49.822s][info][gc,load     ] GC(126) Load: 0.00/0.00/0.00
[49.822s][info][gc,mmu      ] GC(126) MMU: 2ms/66.0%, 5ms/86.4%, 10ms/93.2%, 20ms/96.6%, 50ms/98.6%, 100ms/99.3%
[49.822s][info][gc,marking  ] GC(126) Mark: 1 stripe(s), 2 proactive flush(es), 1 terminate flush(es), 0 completion(s), 0 continuation(s) 
[49.822s][info][gc,marking  ] GC(126) Mark Stack Usage: 32M
[49.823s][info][gc,nmethod  ] GC(126) NMethods: 3388 registered, 1172 unregistered
[49.823s][info][gc,metaspace] GC(126) Metaspace: 8M used, 9M committed, 1088M reserved
[49.823s][info][gc,ref      ] GC(126) Soft: 351 encountered, 0 discovered, 0 enqueued
[49.823s][info][gc,ref      ] GC(126) Weak: 875 encountered, 285 discovered, 252 enqueued
[49.823s][info][gc,ref      ] GC(126) Final: 3 encountered, 0 discovered, 0 enqueued
[49.823s][info][gc,ref      ] GC(126) Phantom: 111 encountered, 97 discovered, 0 enqueued
[49.823s][info][gc,reloc    ] GC(126) Small Pages: 818 / 1636M, Empty: 1344M, Relocated: 0M, In-Place: 0
[49.823s][info][gc,reloc    ] GC(126) Medium Pages: 1 / 32M, Empty: 0M, Relocated: 0M, In-Place: 0
[49.823s][info][gc,reloc    ] GC(126) Large Pages: 0 / 0M, Empty: 0M, Relocated: 0M, In-Place: 0
[49.823s][info][gc,reloc    ] GC(126) Forwarding Usage: 0M
[49.823s][info][gc,heap     ] GC(126) Min Capacity: 2048M(100%)
[49.823s][info][gc,heap     ] GC(126) Max Capacity: 2048M(100%)
[49.823s][info][gc,heap     ] GC(126) Soft Max Capacity: 2048M(100%)
[49.823s][info][gc,heap     ] GC(126)                Mark Start          Mark End        Relocate Start      Relocate End           High               Low         
[49.823s][info][gc,heap     ] GC(126)  Capacity:     2048M (100%)       2048M (100%)       2048M (100%)       2048M (100%)       2048M (100%)       2048M (100%)   
[49.823s][info][gc,heap     ] GC(126)      Free:      380M (19%)         350M (17%)        1662M (81%)        1944M (95%)        1944M (95%)         322M (16%)    
[49.823s][info][gc,heap     ] GC(126)      Used:     1668M (81%)        1698M (83%)         386M (19%)         104M (5%)         1726M (84%)         104M (5%)     
[49.823s][info][gc,heap     ] GC(126)      Live:         -                 9M (0%)            9M (0%)            9M (0%)             -                  -          
[49.823s][info][gc,heap     ] GC(126) Allocated:         -                30M (1%)           62M (3%)           63M (3%)             -                  -          
[49.823s][info][gc,heap     ] GC(126)   Garbage:         -              1658M (81%)         314M (15%)          30M (2%)             -                  -          
[49.823s][info][gc,heap     ] GC(126) Reclaimed:         -                  -              1344M (66%)        1627M (79%)            -                  -          
[49.823s][info][gc          ] GC(126) Garbage Collection (Allocation Rate) 1668M(81%)->104M(5%)
[50.104s][info][gc,stats    ] === Garbage Collection Statistics =======================================================================================================================
[50.104s][info][gc,stats    ]                                                              Last 10s              Last 10m              Last 10h                Total
[50.104s][info][gc,stats    ]                                                              Avg / Max             Avg / Max             Avg / Max             Avg / Max
[50.104s][info][gc,stats    ]   Collector: Garbage Collection Cycle                     23.693 / 39.050       30.535 / 162.441      30.535 / 162.441      30.535 / 162.441     ms
[50.104s][info][gc,stats    ]  Contention: Mark Segment Reset Contention                     0 / 0                 0 / 1                 0 / 1                 0 / 1           ops/s
[50.104s][info][gc,stats    ]  Contention: Mark SeqNum Reset Contention                      0 / 0                 0 / 1                 0 / 1                 0 / 1           ops/s
[50.104s][info][gc,stats    ]    Critical: Allocation Stall                                  0 / 0                 0 / 0                 0 / 0                 0 / 0           ops/s
[50.104s][info][gc,stats    ]    Critical: Allocation Stall                              0.000 / 0.000         0.000 / 0.000         0.000 / 0.000         0.000 / 0.000       ms
[50.104s][info][gc,stats    ]    Critical: GC Locker Stall                                   0 / 0                 0 / 0                 0 / 0                 0 / 0           ops/s
[50.104s][info][gc,stats    ]    Critical: GC Locker Stall                               0.000 / 0.000         0.000 / 0.000         0.000 / 0.000         0.000 / 0.000       ms
[50.104s][info][gc,stats    ]    Critical: Relocation Stall                                  0 / 0                 0 / 0                 0 / 0                 0 / 0           ops/s
[50.104s][info][gc,stats    ]    Critical: Relocation Stall                              0.000 / 0.000         0.000 / 0.000         0.000 / 0.000         0.000 / 0.000       ms
[50.104s][info][gc,stats    ]      Memory: Allocation Rate                                3946 / 4092           3534 / 4092           3534 / 4092           3534 / 4092        MB/s
[50.104s][info][gc,stats    ]      Memory: Out Of Memory                                     0 / 0                 0 / 0                 0 / 0                 0 / 0           ops/s
[50.104s][info][gc,stats    ]      Memory: Page Cache Flush                                  0 / 0                 0 / 0                 0 / 0                 0 / 0           MB/s
[50.105s][info][gc,stats    ]      Memory: Page Cache Hit L1                              1973 / 2048           1747 / 2048           1747 / 2048           1747 / 2048        ops/s
[50.105s][info][gc,stats    ]      Memory: Page Cache Hit L2                                 0 / 0                 0 / 0                 0 / 0                 0 / 0           ops/s
[50.105s][info][gc,stats    ]      Memory: Page Cache Hit L3                                 0 / 0                18 / 230              18 / 230              18 / 230         ops/s
[50.105s][info][gc,stats    ]      Memory: Page Cache Miss                                   0 / 0                 0 / 1                 0 / 1                 0 / 1           ops/s
[50.105s][info][gc,stats    ]      Memory: Uncommit                                          0 / 0                 0 / 0                 0 / 0                 0 / 0           MB/s
[50.105s][info][gc,stats    ]      Memory: Undo Object Allocation Failed                     0 / 0                 0 / 1                 0 / 1                 0 / 1           ops/s
[50.105s][info][gc,stats    ]      Memory: Undo Object Allocation Succeeded                 11 / 20               10 / 33               10 / 33               10 / 33          ops/s
[50.105s][info][gc,stats    ]      Memory: Undo Page Allocation                              0 / 1                 0 / 2                 0 / 2                 0 / 2           ops/s
[50.105s][info][gc,stats    ]       Phase: Concurrent Mark                               9.778 / 16.986       14.784 / 126.705      14.784 / 126.705      14.784 / 126.705     ms
[50.105s][info][gc,stats    ]       Phase: Concurrent Mark Continue                      0.000 / 0.000         0.000 / 0.000         0.000 / 0.000         0.000 / 0.000       ms
[50.105s][info][gc,stats    ]       Phase: Concurrent Mark Free                          0.001 / 0.002         0.001 / 0.004         0.001 / 0.004         0.001 / 0.004       ms
[50.105s][info][gc,stats    ]       Phase: Concurrent Process Non-Strong References      7.261 / 12.456        7.436 / 23.758        7.436 / 23.758        7.436 / 23.758      ms
[50.105s][info][gc,stats    ]       Phase: Concurrent Relocate                           0.775 / 1.502         0.786 / 3.882         0.786 / 3.882         0.786 / 3.882       ms
[50.105s][info][gc,stats    ]       Phase: Concurrent Reset Relocation Set               0.006 / 0.012         0.006 / 0.012         0.006 / 0.012         0.006 / 0.012       ms
[50.105s][info][gc,stats    ]       Phase: Concurrent Select Relocation Set              2.073 / 2.415         2.051 / 3.268         2.051 / 3.268         2.051 / 3.268       ms
[50.105s][info][gc,stats    ]       Phase: Pause Mark End                                0.019 / 0.066         0.025 / 0.680         0.025 / 0.680         0.025 / 0.680       ms
[50.105s][info][gc,stats    ]       Phase: Pause Mark Start                              0.011 / 0.015         0.010 / 0.021         0.010 / 0.021         0.010 / 0.021       ms
[50.105s][info][gc,stats    ]       Phase: Pause Relocate Start                          0.012 / 0.014         0.011 / 0.016         0.011 / 0.016         0.011 / 0.016       ms
[50.105s][info][gc,stats    ]    Subphase: Concurrent Classes Purge                      0.238 / 0.309         0.236 / 0.630         0.236 / 0.630         0.236 / 0.630       ms
[50.105s][info][gc,stats    ]    Subphase: Concurrent Classes Unlink                     5.914 / 6.351         5.352 / 7.706         5.352 / 7.706         5.352 / 7.706       ms
[50.105s][info][gc,stats    ]    Subphase: Concurrent Mark                               9.017 / 16.497       15.628 / 125.306      15.628 / 125.306      15.628 / 125.306     ms
[50.105s][info][gc,stats    ]    Subphase: Concurrent Mark Try Flush                     0.684 / 8.068         1.911 / 32.302        1.911 / 32.302        1.911 / 32.302      ms
[50.105s][info][gc,stats    ]    Subphase: Concurrent Mark Try Terminate                 0.443 / 6.444         2.725 / 31.618        2.725 / 31.618        2.725 / 31.618      ms
[50.105s][info][gc,stats    ]    Subphase: Concurrent References Enqueue                 0.005 / 0.007         0.005 / 0.008         0.005 / 0.008         0.005 / 0.008       ms
[50.105s][info][gc,stats    ]    Subphase: Concurrent References Process                 0.114 / 0.154         0.112 / 0.183         0.112 / 0.183         0.112 / 0.183       ms
[50.105s][info][gc,stats    ]    Subphase: Concurrent Roots ClassLoaderDataGraph         0.095 / 0.188         0.089 / 0.292         0.089 / 0.292         0.089 / 0.292       ms
[50.105s][info][gc,stats    ]    Subphase: Concurrent Roots CodeCache                    0.000 / 0.000         0.000 / 0.000         0.000 / 0.000         0.000 / 0.000       ms
[50.105s][info][gc,stats    ]    Subphase: Concurrent Roots JavaThreads                  0.335 / 0.919         0.344 / 1.315         0.344 / 1.315         0.344 / 1.315       ms
[50.105s][info][gc,stats    ]    Subphase: Concurrent Roots OopStorageSet                0.021 / 0.034         0.023 / 0.065         0.023 / 0.065         0.023 / 0.065       ms
[50.105s][info][gc,stats    ]    Subphase: Concurrent Weak Roots OopStorageSet           0.223 / 0.447         0.218 / 0.530         0.218 / 0.530         0.218 / 0.530       ms
[50.105s][info][gc,stats    ]    Subphase: Pause Mark Try Complete                       0.003 / 0.005         0.005 / 0.018         0.005 / 0.018         0.005 / 0.018       ms
[50.105s][info][gc,stats    ]      System: Java Threads                                     17 / 18               17 / 19               17 / 19               17 / 19          threads
[50.105s][info][gc,stats    ] =========================================================================================================================================================
[50.199s][info][gc,start    ] GC(127) Garbage Collection (Allocation Rate)
[50.199s][info][gc,task     ] GC(127) Using 1 workers
[50.199s][info][gc,phases   ] GC(127) Pause Mark Start 0.010ms
[50.207s][info][gc,phases   ] GC(127) Concurrent Mark 8.344ms
[50.208s][info][gc,phases   ] GC(127) Pause Mark End 0.019ms
[50.209s][info][gc,phases   ] GC(127) Concurrent Mark Free 0.002ms
[50.224s][info][gc,phases   ] GC(127) Concurrent Process Non-Strong References 15.308ms
[50.224s][info][gc,phases   ] GC(127) Concurrent Reset Relocation Set 0.007ms
[50.227s][info][gc,phases   ] GC(127) Concurrent Select Relocation Set 2.000ms
[50.227s][info][gc,phases   ] GC(127) Pause Relocate Start 0.013ms
[50.227s][info][gc,phases   ] GC(127) Concurrent Relocate 0.524ms
[50.227s][info][gc,load     ] GC(127) Load: 0.00/0.00/0.00
[50.227s][info][gc,mmu      ] GC(127) MMU: 2ms/66.0%, 5ms/86.4%, 10ms/93.2%, 20ms/96.6%, 50ms/98.6%, 100ms/99.3%
[50.227s][info][gc,marking  ] GC(127) Mark: 1 stripe(s), 2 proactive flush(es), 1 terminate flush(es), 0 completion(s), 0 continuation(s) 
[50.227s][info][gc,marking  ] GC(127) Mark Stack Usage: 32M
[50.227s][info][gc,nmethod  ] GC(127) NMethods: 3389 registered, 1172 unregistered
[50.227s][info][gc,metaspace] GC(127) Metaspace: 8M used, 9M committed, 1088M reserved
[50.227s][info][gc,ref      ] GC(127) Soft: 351 encountered, 0 discovered, 0 enqueued
[50.227s][info][gc,ref      ] GC(127) Weak: 873 encountered, 282 discovered, 255 enqueued
[50.227s][info][gc,ref      ] GC(127) Final: 3 encountered, 0 discovered, 0 enqueued
[50.227s][info][gc,ref      ] GC(127) Phantom: 103 encountered, 85 discovered, 0 enqueued
[50.227s][info][gc,reloc    ] GC(127) Small Pages: 797 / 1594M, Empty: 1308M, Relocated: 0M, In-Place: 0
[50.227s][info][gc,reloc    ] GC(127) Medium Pages: 1 / 32M, Empty: 0M, Relocated: 0M, In-Place: 0
[50.227s][info][gc,reloc    ] GC(127) Large Pages: 0 / 0M, Empty: 0M, Relocated: 0M, In-Place: 0
[50.227s][info][gc,reloc    ] GC(127) Forwarding Usage: 0M
[50.227s][info][gc,heap     ] GC(127) Min Capacity: 2048M(100%)
[50.227s][info][gc,heap     ] GC(127) Max Capacity: 2048M(100%)
[50.227s][info][gc,heap     ] GC(127) Soft Max Capacity: 2048M(100%)
[50.227s][info][gc,heap     ] GC(127)                Mark Start          Mark End        Relocate Start      Relocate End           High               Low         
[50.228s][info][gc,heap     ] GC(127)  Capacity:     2048M (100%)       2048M (100%)       2048M (100%)       2048M (100%)       2048M (100%)       2048M (100%)   
[50.228s][info][gc,heap     ] GC(127)      Free:      422M (21%)         384M (19%)        1624M (79%)        1900M (93%)        1900M (93%)         324M (16%)    
[50.228s][info][gc,heap     ] GC(127)      Used:     1626M (79%)        1664M (81%)         424M (21%)         148M (7%)         1724M (84%)         148M (7%)     
[50.228s][info][gc,heap     ] GC(127)      Live:         -                 9M (0%)            9M (0%)            9M (0%)             -                  -          
[50.228s][info][gc,heap     ] GC(127) Allocated:         -                38M (2%)          106M (5%)          107M (5%)             -                  -          
[50.228s][info][gc,heap     ] GC(127)   Garbage:         -              1616M (79%)         308M (15%)          30M (2%)             -                  -          
[50.228s][info][gc,heap     ] GC(127) Reclaimed:         -                  -              1308M (64%)        1585M (77%)            -                  -          
[50.228s][info][gc          ] GC(127) Garbage Collection (Allocation Rate) 1626M(79%)->148M(7%)
[50.609s][info][gc,start    ] GC(128) Garbage Collection (Allocation Rate)
[50.609s][info][gc,task     ] GC(128) Using 1 workers
[50.609s][info][gc,phases   ] GC(128) Pause Mark Start 0.009ms
[50.618s][info][gc,phases   ] GC(128) Concurrent Mark 8.522ms
[50.618s][info][gc,phases   ] GC(128) Pause Mark End 0.015ms
[50.619s][info][gc,phases   ] GC(128) Concurrent Mark Free 0.001ms
[50.626s][info][gc,phases   ] GC(128) Concurrent Process Non-Strong References 7.116ms
[50.626s][info][gc,phases   ] GC(128) Concurrent Reset Relocation Set 0.007ms
[50.628s][info][gc,phases   ] GC(128) Concurrent Select Relocation Set 1.957ms
[50.628s][info][gc,phases   ] GC(128) Pause Relocate Start 0.013ms
[50.629s][info][gc,phases   ] GC(128) Concurrent Relocate 0.451ms
[50.629s][info][gc,load     ] GC(128) Load: 0.00/0.00/0.00
[50.629s][info][gc,mmu      ] GC(128) MMU: 2ms/66.0%, 5ms/86.4%, 10ms/93.2%, 20ms/96.6%, 50ms/98.6%, 100ms/99.3%
[50.629s][info][gc,marking  ] GC(128) Mark: 1 stripe(s), 2 proactive flush(es), 1 terminate flush(es), 0 completion(s), 0 continuation(s) 
[50.629s][info][gc,marking  ] GC(128) Mark Stack Usage: 32M
[50.629s][info][gc,nmethod  ] GC(128) NMethods: 3389 registered, 1172 unregistered
[50.629s][info][gc,metaspace] GC(128) Metaspace: 8M used, 9M committed, 1088M reserved
[50.629s][info][gc,ref      ] GC(128) Soft: 351 encountered, 0 discovered, 0 enqueued
[50.629s][info][gc,ref      ] GC(128) Weak: 885 encountered, 297 discovered, 267 enqueued
[50.629s][info][gc,ref      ] GC(128) Final: 3 encountered, 0 discovered, 0 enqueued
[50.629s][info][gc,ref      ] GC(128) Phantom: 117 encountered, 114 discovered, 0 enqueued
[50.629s][info][gc,reloc    ] GC(128) Small Pages: 842 / 1684M, Empty: 1388M, Relocated: 0M, In-Place: 0
[50.629s][info][gc,reloc    ] GC(128) Medium Pages: 1 / 32M, Empty: 0M, Relocated: 0M, In-Place: 0
[50.629s][info][gc,reloc    ] GC(128) Large Pages: 0 / 0M, Empty: 0M, Relocated: 0M, In-Place: 0
[50.629s][info][gc,reloc    ] GC(128) Forwarding Usage: 0M
[50.629s][info][gc,heap     ] GC(128) Min Capacity: 2048M(100%)
[50.629s][info][gc,heap     ] GC(128) Max Capacity: 2048M(100%)
[50.629s][info][gc,heap     ] GC(128) Soft Max Capacity: 2048M(100%)
[50.629s][info][gc,heap     ] GC(128)                Mark Start          Mark End        Relocate Start      Relocate End           High               Low         
[50.629s][info][gc,heap     ] GC(128)  Capacity:     2048M (100%)       2048M (100%)       2048M (100%)       2048M (100%)       2048M (100%)       2048M (100%)   
[50.629s][info][gc,heap     ] GC(128)      Free:      332M (16%)         294M (14%)        1648M (80%)        1936M (95%)        1936M (95%)         266M (13%)    
[50.629s][info][gc,heap     ] GC(128)      Used:     1716M (84%)        1754M (86%)         400M (20%)         112M (5%)         1782M (87%)         112M (5%)     
[50.629s][info][gc,heap     ] GC(128)      Live:         -                 9M (0%)            9M (0%)            9M (0%)             -                  -          
[50.629s][info][gc,heap     ] GC(128) Allocated:         -                38M (2%)           72M (4%)           71M (4%)             -                  -          
[50.629s][info][gc,heap     ] GC(128)   Garbage:         -              1706M (83%)         318M (16%)          30M (2%)             -                  -          
[50.629s][info][gc,heap     ] GC(128) Reclaimed:         -                  -              1388M (68%)        1675M (82%)            -                  -          
[50.629s][info][gc          ] GC(128) Garbage Collection (Allocation Rate) 1716M(84%)->112M(5%)
[51.007s][info][gc,start    ] GC(129) Garbage Collection (Allocation Rate)
[51.007s][info][gc,task     ] GC(129) Using 1 workers
[51.007s][info][gc,phases   ] GC(129) Pause Mark Start 0.011ms
[51.015s][info][gc,phases   ] GC(129) Concurrent Mark 7.503ms
[51.015s][info][gc,phases   ] GC(129) Pause Mark End 0.018ms
[51.017s][info][gc,phases   ] GC(129) Concurrent Mark Free 0.002ms
[51.025s][info][gc,phases   ] GC(129) Concurrent Process Non-Strong References 8.611ms
[51.025s][info][gc,phases   ] GC(129) Concurrent Reset Relocation Set 0.006ms
[51.027s][info][gc,phases   ] GC(129) Concurrent Select Relocation Set 2.032ms
[51.027s][info][gc,phases   ] GC(129) Pause Relocate Start 0.012ms
[51.032s][info][gc,phases   ] GC(129) Concurrent Relocate 0.548ms
[51.032s][info][gc,load     ] GC(129) Load: 0.00/0.00/0.00
[51.032s][info][gc,mmu      ] GC(129) MMU: 2ms/66.0%, 5ms/86.4%, 10ms/93.2%, 20ms/96.6%, 50ms/98.6%, 100ms/99.3%
[51.032s][info][gc,marking  ] GC(129) Mark: 1 stripe(s), 2 proactive flush(es), 1 terminate flush(es), 0 completion(s), 0 continuation(s) 
[51.032s][info][gc,marking  ] GC(129) Mark Stack Usage: 32M
[51.032s][info][gc,nmethod  ] GC(129) NMethods: 3389 registered, 1172 unregistered
[51.032s][info][gc,metaspace] GC(129) Metaspace: 8M used, 9M committed, 1088M reserved
[51.032s][info][gc,ref      ] GC(129) Soft: 351 encountered, 0 discovered, 0 enqueued
[51.032s][info][gc,ref      ] GC(129) Weak: 867 encountered, 277 discovered, 248 enqueued
[51.032s][info][gc,ref      ] GC(129) Final: 3 encountered, 0 discovered, 0 enqueued
[51.032s][info][gc,ref      ] GC(129) Phantom: 123 encountered, 109 discovered, 0 enqueued
[51.032s][info][gc,reloc    ] GC(129) Small Pages: 810 / 1620M, Empty: 1336M, Relocated: 0M, In-Place: 0
[51.032s][info][gc,reloc    ] GC(129) Medium Pages: 1 / 32M, Empty: 0M, Relocated: 0M, In-Place: 0
[51.032s][info][gc,reloc    ] GC(129) Large Pages: 0 / 0M, Empty: 0M, Relocated: 0M, In-Place: 0
[51.032s][info][gc,reloc    ] GC(129) Forwarding Usage: 0M
[51.032s][info][gc,heap     ] GC(129) Min Capacity: 2048M(100%)
[51.032s][info][gc,heap     ] GC(129) Max Capacity: 2048M(100%)
[51.032s][info][gc,heap     ] GC(129) Soft Max Capacity: 2048M(100%)
[51.032s][info][gc,heap     ] GC(129)                Mark Start          Mark End        Relocate Start      Relocate End           High               Low         
[51.032s][info][gc,heap     ] GC(129)  Capacity:     2048M (100%)       2048M (100%)       2048M (100%)       2048M (100%)       2048M (100%)       2048M (100%)   
[51.032s][info][gc,heap     ] GC(129)      Free:      396M (19%)         364M (18%)        1658M (81%)        1916M (94%)        1916M (94%)         326M (16%)    
[51.032s][info][gc,heap     ] GC(129)      Used:     1652M (81%)        1684M (82%)         390M (19%)         132M (6%)         1722M (84%)         132M (6%)     
[51.032s][info][gc,heap     ] GC(129)      Live:         -                 9M (0%)            9M (0%)            9M (0%)             -                  -          
[51.032s][info][gc,heap     ] GC(129) Allocated:         -                32M (2%)           74M (4%)           91M (4%)             -                  -          
[51.032s][info][gc,heap     ] GC(129)   Garbage:         -              1642M (80%)         306M (15%)          30M (2%)             -                  -          
[51.032s][info][gc,heap     ] GC(129) Reclaimed:         -                  -              1336M (65%)        1611M (79%)            -                  -          
[51.032s][info][gc          ] GC(129) Garbage Collection (Allocation Rate) 1652M(81%)->132M(6%)
[51.402s][info][gc,start    ] GC(130) Garbage Collection (Allocation Rate)
[51.402s][info][gc,task     ] GC(130) Using 1 workers
[51.402s][info][gc,phases   ] GC(130) Pause Mark Start 0.013ms
[51.413s][info][gc,phases   ] GC(130) Concurrent Mark 11.296ms
[51.414s][info][gc,phases   ] GC(130) Pause Mark End 0.015ms
[51.414s][info][gc,phases   ] GC(130) Concurrent Mark Free 0.001ms
[51.421s][info][gc,phases   ] GC(130) Concurrent Process Non-Strong References 6.980ms
[51.421s][info][gc,phases   ] GC(130) Concurrent Reset Relocation Set 0.006ms
[51.423s][info][gc,phases   ] GC(130) Concurrent Select Relocation Set 2.067ms
[51.424s][info][gc,phases   ] GC(130) Pause Relocate Start 0.011ms
[51.424s][info][gc,phases   ] GC(130) Concurrent Relocate 0.475ms
[51.424s][info][gc,load     ] GC(130) Load: 0.00/0.00/0.00
[51.424s][info][gc,mmu      ] GC(130) MMU: 2ms/66.0%, 5ms/86.4%, 10ms/93.2%, 20ms/96.6%, 50ms/98.6%, 100ms/99.3%
[51.424s][info][gc,marking  ] GC(130) Mark: 1 stripe(s), 2 proactive flush(es), 1 terminate flush(es), 0 completion(s), 0 continuation(s) 
[51.424s][info][gc,marking  ] GC(130) Mark Stack Usage: 32M
[51.424s][info][gc,nmethod  ] GC(130) NMethods: 3389 registered, 1172 unregistered
[51.424s][info][gc,metaspace] GC(130) Metaspace: 8M used, 9M committed, 1088M reserved
[51.424s][info][gc,ref      ] GC(130) Soft: 351 encountered, 0 discovered, 0 enqueued
[51.424s][info][gc,ref      ] GC(130) Weak: 867 encountered, 278 discovered, 249 enqueued
[51.424s][info][gc,ref      ] GC(130) Final: 3 encountered, 0 discovered, 0 enqueued
[51.424s][info][gc,ref      ] GC(130) Phantom: 108 encountered, 88 discovered, 0 enqueued
[51.424s][info][gc,reloc    ] GC(130) Small Pages: 795 / 1590M, Empty: 1302M, Relocated: 0M, In-Place: 0
[51.424s][info][gc,reloc    ] GC(130) Medium Pages: 1 / 32M, Empty: 0M, Relocated: 0M, In-Place: 0
[51.424s][info][gc,reloc    ] GC(130) Large Pages: 0 / 0M, Empty: 0M, Relocated: 0M, In-Place: 0
[51.424s][info][gc,reloc    ] GC(130) Forwarding Usage: 0M
[51.424s][info][gc,heap     ] GC(130) Min Capacity: 2048M(100%)
[51.424s][info][gc,heap     ] GC(130) Max Capacity: 2048M(100%)
[51.424s][info][gc,heap     ] GC(130) Soft Max Capacity: 2048M(100%)
[51.424s][info][gc,heap     ] GC(130)                Mark Start          Mark End        Relocate Start      Relocate End           High               Low         
[51.424s][info][gc,heap     ] GC(130)  Capacity:     2048M (100%)       2048M (100%)       2048M (100%)       2048M (100%)       2048M (100%)       2048M (100%)   
[51.424s][info][gc,heap     ] GC(130)      Free:      426M (21%)         378M (18%)        1648M (80%)        1924M (94%)        1924M (94%)         352M (17%)    
[51.424s][info][gc,heap     ] GC(130)      Used:     1622M (79%)        1670M (82%)         400M (20%)         124M (6%)         1696M (83%)         124M (6%)     
[51.424s][info][gc,heap     ] GC(130)      Live:         -                 9M (0%)            9M (0%)            9M (0%)             -                  -          
[51.424s][info][gc,heap     ] GC(130) Allocated:         -                48M (2%)           80M (4%)           83M (4%)             -                  -          
[51.424s][info][gc,heap     ] GC(130)   Garbage:         -              1612M (79%)         310M (15%)          30M (2%)             -                  -          
[51.424s][info][gc,heap     ] GC(130) Reclaimed:         -                  -              1302M (64%)        1581M (77%)            -                  -          
[51.425s][info][gc          ] GC(130) Garbage Collection (Allocation Rate) 1622M(79%)->124M(6%)
[51.798s][info][gc,start    ] GC(131) Garbage Collection (Allocation Rate)
[51.798s][info][gc,task     ] GC(131) Using 1 workers
[51.798s][info][gc,phases   ] GC(131) Pause Mark Start 0.011ms
[51.805s][info][gc,phases   ] GC(131) Concurrent Mark 6.561ms
[51.805s][info][gc,phases   ] GC(131) Pause Mark End 0.035ms
[51.805s][info][gc,phases   ] GC(131) Concurrent Mark Free 0.001ms
[51.812s][info][gc,phases   ] GC(131) Concurrent Process Non-Strong References 6.726ms
[51.812s][info][gc,phases   ] GC(131) Concurrent Reset Relocation Set 0.005ms
[51.814s][info][gc,phases   ] GC(131) Concurrent Select Relocation Set 1.551ms
[51.814s][info][gc,phases   ] GC(131) Pause Relocate Start 0.012ms
[51.815s][info][gc,phases   ] GC(131) Concurrent Relocate 0.823ms
[51.815s][info][gc,load     ] GC(131) Load: 0.00/0.00/0.00
[51.815s][info][gc,mmu      ] GC(131) MMU: 2ms/66.0%, 5ms/86.4%, 10ms/93.2%, 20ms/96.6%, 50ms/98.6%, 100ms/99.3%
[51.815s][info][gc,marking  ] GC(131) Mark: 1 stripe(s), 2 proactive flush(es), 1 terminate flush(es), 0 completion(s), 0 continuation(s) 
[51.815s][info][gc,marking  ] GC(131) Mark Stack Usage: 32M
[51.815s][info][gc,nmethod  ] GC(131) NMethods: 3389 registered, 1172 unregistered
[51.815s][info][gc,metaspace] GC(131) Metaspace: 8M used, 9M committed, 1088M reserved
[51.815s][info][gc,ref      ] GC(131) Soft: 351 encountered, 0 discovered, 0 enqueued
[51.815s][info][gc,ref      ] GC(131) Weak: 732 encountered, 155 discovered, 133 enqueued
[51.815s][info][gc,ref      ] GC(131) Final: 3 encountered, 0 discovered, 0 enqueued
[51.815s][info][gc,ref      ] GC(131) Phantom: 76 encountered, 62 discovered, 0 enqueued
[51.815s][info][gc,reloc    ] GC(131) Small Pages: 714 / 1428M, Empty: 1264M, Relocated: 1M, In-Place: 0
[51.815s][info][gc,reloc    ] GC(131) Medium Pages: 1 / 32M, Empty: 0M, Relocated: 0M, In-Place: 0
[51.815s][info][gc,reloc    ] GC(131) Large Pages: 0 / 0M, Empty: 0M, Relocated: 0M, In-Place: 0
[51.815s][info][gc,reloc    ] GC(131) Forwarding Usage: 0M
[51.815s][info][gc,heap     ] GC(131) Min Capacity: 2048M(100%)
[51.815s][info][gc,heap     ] GC(131) Max Capacity: 2048M(100%)
[51.815s][info][gc,heap     ] GC(131) Soft Max Capacity: 2048M(100%)
[51.815s][info][gc,heap     ] GC(131)                Mark Start          Mark End        Relocate Start      Relocate End           High               Low         
[51.815s][info][gc,heap     ] GC(131)  Capacity:     2048M (100%)       2048M (100%)       2048M (100%)       2048M (100%)       2048M (100%)       2048M (100%)   
[51.815s][info][gc,heap     ] GC(131)      Free:      588M (29%)         570M (28%)        1824M (89%)        1980M (97%)        1980M (97%)         560M (27%)    
[51.815s][info][gc,heap     ] GC(131)      Used:     1460M (71%)        1478M (72%)         224M (11%)          68M (3%)         1488M (73%)          68M (3%)     
[51.815s][info][gc,heap     ] GC(131)      Live:         -                 9M (0%)            9M (0%)            9M (0%)             -                  -          
[51.815s][info][gc,heap     ] GC(131) Allocated:         -                18M (1%)           28M (1%)           29M (1%)             -                  -          
[51.815s][info][gc,heap     ] GC(131)   Garbage:         -              1450M (71%)         186M (9%)           29M (1%)             -                  -          
[51.815s][info][gc,heap     ] GC(131) Reclaimed:         -                  -              1264M (62%)        1421M (69%)            -                  -          
[51.815s][info][gc          ] GC(131) Garbage Collection (Allocation Rate) 1460M(71%)->68M(3%)
[51.998s][info][gc,start    ] GC(132) Garbage Collection (System.gc())
[51.998s][info][gc,task     ] GC(132) Using 2 workers
[51.998s][info][gc,phases   ] GC(132) Pause Mark Start 0.008ms
[52.003s][info][gc,phases   ] GC(132) Concurrent Mark 5.069ms
[52.003s][info][gc,phases   ] GC(132) Pause Mark End 0.013ms
[52.003s][info][gc,phases   ] GC(132) Concurrent Mark Free 0.001ms
[52.007s][info][gc,phases   ] GC(132) Concurrent Process Non-Strong References 3.501ms
[52.007s][info][gc,phases   ] GC(132) Concurrent Reset Relocation Set 0.003ms
[52.008s][info][gc,phases   ] GC(132) Concurrent Select Relocation Set 1.167ms
[52.008s][info][gc,phases   ] GC(132) Pause Relocate Start 0.003ms
[52.009s][info][gc,phases   ] GC(132) Concurrent Relocate 0.611ms
[52.009s][info][gc,load     ] GC(132) Load: 0.00/0.00/0.00
[52.009s][info][gc,mmu      ] GC(132) MMU: 2ms/66.0%, 5ms/86.4%, 10ms/93.2%, 20ms/96.6%, 50ms/98.6%, 100ms/99.3%
[52.009s][info][gc,marking  ] GC(132) Mark: 2 stripe(s), 2 proactive flush(es), 1 terminate flush(es), 0 completion(s), 0 continuation(s) 
[52.009s][info][gc,marking  ] GC(132) Mark Stack Usage: 32M
[52.009s][info][gc,nmethod  ] GC(132) NMethods: 3390 registered, 1172 unregistered
[52.009s][info][gc,metaspace] GC(132) Metaspace: 8M used, 9M committed, 1088M reserved
[52.009s][info][gc,ref      ] GC(132) Soft: 351 encountered, 0 discovered, 0 enqueued
[52.009s][info][gc,ref      ] GC(132) Weak: 572 encountered, 10 discovered, 0 enqueued
[52.009s][info][gc,ref      ] GC(132) Final: 3 encountered, 0 discovered, 0 enqueued
[52.009s][info][gc,ref      ] GC(132) Phantom: 26 encountered, 17 discovered, 0 enqueued
[52.009s][info][gc,reloc    ] GC(132) Small Pages: 36 / 72M, Empty: 62M, Relocated: 1M, In-Place: 0
[52.009s][info][gc,reloc    ] GC(132) Medium Pages: 2 / 64M, Empty: 32M, Relocated: 0M, In-Place: 0
[52.009s][info][gc,reloc    ] GC(132) Large Pages: 0 / 0M, Empty: 0M, Relocated: 0M, In-Place: 0
[52.009s][info][gc,reloc    ] GC(132) Forwarding Usage: 0M
[52.009s][info][gc,heap     ] GC(132) Min Capacity: 2048M(100%)
[52.009s][info][gc,heap     ] GC(132) Max Capacity: 2048M(100%)
[52.009s][info][gc,heap     ] GC(132) Soft Max Capacity: 2048M(100%)
[52.009s][info][gc,heap     ] GC(132)                Mark Start          Mark End        Relocate Start      Relocate End           High               Low         
[52.009s][info][gc,heap     ] GC(132)  Capacity:     2048M (100%)       2048M (100%)       2048M (100%)       2048M (100%)       2048M (100%)       2048M (100%)   
[52.009s][info][gc,heap     ] GC(132)      Free:     1912M (93%)        1912M (93%)        2006M (98%)        2008M (98%)        2008M (98%)        1912M (93%)    
[52.009s][info][gc,heap     ] GC(132)      Used:      136M (7%)          136M (7%)           42M (2%)           40M (2%)          136M (7%)           40M (2%)     
[52.009s][info][gc,heap     ] GC(132)      Live:         -                 8M (0%)            8M (0%)            8M (0%)             -                  -          
[52.009s][info][gc,heap     ] GC(132) Allocated:         -                 0M (0%)            0M (0%)            0M (0%)             -                  -          
[52.009s][info][gc,heap     ] GC(132)   Garbage:         -               127M (6%)           33M (2%)           31M (2%)             -                  -          
[52.009s][info][gc,heap     ] GC(132) Reclaimed:         -                  -                94M (5%)           96M (5%)             -                  -          
[52.009s][info][gc          ] GC(132) Garbage Collection (System.gc()) 136M(7%)->40M(2%)
[52.403s][info][gc,start    ] GC(133) Garbage Collection (Allocation Rate)
[52.403s][info][gc,task     ] GC(133) Using 1 workers
[52.403s][info][gc,phases   ] GC(133) Pause Mark Start 0.009ms
[52.417s][info][gc,phases   ] GC(133) Concurrent Mark 13.543ms
[52.417s][info][gc,phases   ] GC(133) Pause Mark End 0.009ms
[52.417s][info][gc,phases   ] GC(133) Concurrent Mark Free 0.001ms
[52.428s][info][gc,phases   ] GC(133) Concurrent Process Non-Strong References 10.533ms
[52.428s][info][gc,phases   ] GC(133) Concurrent Reset Relocation Set 0.002ms
[52.430s][info][gc,phases   ] GC(133) Concurrent Select Relocation Set 2.255ms
[52.430s][info][gc,phases   ] GC(133) Pause Relocate Start 0.009ms
[52.431s][info][gc,phases   ] GC(133) Concurrent Relocate 0.522ms
[52.431s][info][gc,load     ] GC(133) Load: 0.00/0.00/0.00
[52.431s][info][gc,mmu      ] GC(133) MMU: 2ms/66.0%, 5ms/86.4%, 10ms/93.2%, 20ms/96.6%, 50ms/98.6%, 100ms/99.3%
[52.431s][info][gc,marking  ] GC(133) Mark: 1 stripe(s), 2 proactive flush(es), 1 terminate flush(es), 0 completion(s), 0 continuation(s) 
[52.431s][info][gc,marking  ] GC(133) Mark Stack Usage: 32M
[52.431s][info][gc,nmethod  ] GC(133) NMethods: 3390 registered, 1172 unregistered
[52.431s][info][gc,metaspace] GC(133) Metaspace: 8M used, 9M committed, 1088M reserved
[52.431s][info][gc,ref      ] GC(133) Soft: 351 encountered, 0 discovered, 0 enqueued
[52.431s][info][gc,ref      ] GC(133) Weak: 865 encountered, 269 discovered, 233 enqueued
[52.431s][info][gc,ref      ] GC(133) Final: 3 encountered, 0 discovered, 0 enqueued
[52.431s][info][gc,ref      ] GC(133) Phantom: 117 encountered, 102 discovered, 0 enqueued
[52.431s][info][gc,reloc    ] GC(133) Small Pages: 802 / 1604M, Empty: 1318M, Relocated: 0M, In-Place: 0
[52.431s][info][gc,reloc    ] GC(133) Medium Pages: 2 / 64M, Empty: 32M, Relocated: 0M, In-Place: 0
[52.431s][info][gc,reloc    ] GC(133) Large Pages: 0 / 0M, Empty: 0M, Relocated: 0M, In-Place: 0
[52.431s][info][gc,reloc    ] GC(133) Forwarding Usage: 0M
[52.431s][info][gc,heap     ] GC(133) Min Capacity: 2048M(100%)
[52.431s][info][gc,heap     ] GC(133) Max Capacity: 2048M(100%)
[52.431s][info][gc,heap     ] GC(133) Soft Max Capacity: 2048M(100%)
[52.431s][info][gc,heap     ] GC(133)                Mark Start          Mark End        Relocate Start      Relocate End           High               Low         
[52.431s][info][gc,heap     ] GC(133)  Capacity:     2048M (100%)       2048M (100%)       2048M (100%)       2048M (100%)       2048M (100%)       2048M (100%)   
[52.431s][info][gc,heap     ] GC(133)      Free:      380M (19%)         330M (16%)        1630M (80%)        1906M (93%)        1906M (93%)         286M (14%)    
[52.431s][info][gc,heap     ] GC(133)      Used:     1668M (81%)        1718M (84%)         418M (20%)         142M (7%)         1762M (86%)         142M (7%)     
[52.431s][info][gc,heap     ] GC(133)      Live:         -                 9M (0%)            9M (0%)            9M (0%)             -                  -          
[52.431s][info][gc,heap     ] GC(133) Allocated:         -                50M (2%)          100M (5%)          101M (5%)             -                  -          
[52.431s][info][gc,heap     ] GC(133)   Garbage:         -              1658M (81%)         308M (15%)          30M (2%)             -                  -          
[52.431s][info][gc,heap     ] GC(133) Reclaimed:         -                  -              1350M (66%)        1627M (79%)            -                  -          
[52.431s][info][gc          ] GC(133) Garbage Collection (Allocation Rate) 1668M(81%)->142M(7%)
[52.803s][info][gc,start    ] GC(134) Garbage Collection (Allocation Rate)
[52.803s][info][gc,task     ] GC(134) Using 1 workers
[52.803s][info][gc,phases   ] GC(134) Pause Mark Start 0.013ms
[52.814s][info][gc,phases   ] GC(134) Concurrent Mark 10.247ms
[52.814s][info][gc,phases   ] GC(134) Pause Mark End 0.016ms
[52.815s][info][gc,phases   ] GC(134) Concurrent Mark Free 0.001ms
[52.821s][info][gc,phases   ] GC(134) Concurrent Process Non-Strong References 6.666ms
[52.821s][info][gc,phases   ] GC(134) Concurrent Reset Relocation Set 0.005ms
[52.824s][info][gc,phases   ] GC(134) Concurrent Select Relocation Set 2.089ms
[52.824s][info][gc,phases   ] GC(134) Pause Relocate Start 0.013ms
[52.824s][info][gc,phases   ] GC(134) Concurrent Relocate 0.538ms
[52.824s][info][gc,load     ] GC(134) Load: 0.00/0.00/0.00
[52.825s][info][gc,mmu      ] GC(134) MMU: 2ms/66.0%, 5ms/86.4%, 10ms/93.2%, 20ms/96.6%, 50ms/98.6%, 100ms/99.3%
[52.825s][info][gc,marking  ] GC(134) Mark: 1 stripe(s), 2 proactive flush(es), 1 terminate flush(es), 0 completion(s), 0 continuation(s) 
[52.825s][info][gc,marking  ] GC(134) Mark Stack Usage: 32M
[52.825s][info][gc,nmethod  ] GC(134) NMethods: 3391 registered, 1172 unregistered
[52.825s][info][gc,metaspace] GC(134) Metaspace: 8M used, 9M committed, 1088M reserved
[52.825s][info][gc,ref      ] GC(134) Soft: 351 encountered, 0 discovered, 0 enqueued
[52.825s][info][gc,ref      ] GC(134) Weak: 887 encountered, 296 discovered, 267 enqueued
[52.825s][info][gc,ref      ] GC(134) Final: 3 encountered, 0 discovered, 0 enqueued
[52.825s][info][gc,ref      ] GC(134) Phantom: 115 encountered, 100 discovered, 0 enqueued
[52.825s][info][gc,reloc    ] GC(134) Small Pages: 826 / 1652M, Empty: 1354M, Relocated: 0M, In-Place: 0
[52.825s][info][gc,reloc    ] GC(134) Medium Pages: 1 / 32M, Empty: 0M, Relocated: 0M, In-Place: 0
[52.825s][info][gc,reloc    ] GC(134) Large Pages: 0 / 0M, Empty: 0M, Relocated: 0M, In-Place: 0
[52.825s][info][gc,reloc    ] GC(134) Forwarding Usage: 0M
[52.825s][info][gc,heap     ] GC(134) Min Capacity: 2048M(100%)
[52.825s][info][gc,heap     ] GC(134) Max Capacity: 2048M(100%)
[52.825s][info][gc,heap     ] GC(134) Soft Max Capacity: 2048M(100%)
[52.825s][info][gc,heap     ] GC(134)                Mark Start          Mark End        Relocate Start      Relocate End           High               Low         
[52.825s][info][gc,heap     ] GC(134)  Capacity:     2048M (100%)       2048M (100%)       2048M (100%)       2048M (100%)       2048M (100%)       2048M (100%)   
[52.825s][info][gc,heap     ] GC(134)      Free:      364M (18%)         322M (16%)        1644M (80%)        1932M (94%)        1932M (94%)         296M (14%)    
[52.825s][info][gc,heap     ] GC(134)      Used:     1684M (82%)        1726M (84%)         404M (20%)         116M (6%)         1752M (86%)         116M (6%)     
[52.825s][info][gc,heap     ] GC(134)      Live:         -                 9M (0%)            9M (0%)            9M (0%)             -                  -          
[52.825s][info][gc,heap     ] GC(134) Allocated:         -                42M (2%)           74M (4%)           75M (4%)             -                  -          
[52.825s][info][gc,heap     ] GC(134)   Garbage:         -              1674M (82%)         320M (16%)          30M (2%)             -                  -          
[52.825s][info][gc,heap     ] GC(134) Reclaimed:         -                  -              1354M (66%)        1643M (80%)            -                  -          
[52.825s][info][gc          ] GC(134) Garbage Collection (Allocation Rate) 1684M(82%)->116M(6%)
[53.104s][info][gc,start    ] GC(135) Garbage Collection (Allocation Rate)
[53.104s][info][gc,task     ] GC(135) Using 1 workers
[53.104s][info][gc,phases   ] GC(135) Pause Mark Start 0.010ms
[53.120s][info][gc,phases   ] GC(135) Concurrent Mark 9.189ms
[53.120s][info][gc,phases   ] GC(135) Pause Mark End 0.017ms
[53.120s][info][gc,phases   ] GC(135) Concurrent Mark Free 0.001ms
[53.127s][info][gc,phases   ] GC(135) Concurrent Process Non-Strong References 6.990ms
[53.127s][info][gc,phases   ] GC(135) Concurrent Reset Relocation Set 0.008ms
[53.129s][info][gc,phases   ] GC(135) Concurrent Select Relocation Set 2.114ms
[53.129s][info][gc,phases   ] GC(135) Pause Relocate Start 0.015ms
[53.130s][info][gc,phases   ] GC(135) Concurrent Relocate 0.494ms
[53.130s][info][gc,load     ] GC(135) Load: 0.00/0.00/0.00
[53.130s][info][gc,mmu      ] GC(135) MMU: 2ms/66.0%, 5ms/86.4%, 10ms/93.2%, 20ms/96.6%, 50ms/98.6%, 100ms/99.3%
[53.130s][info][gc,marking  ] GC(135) Mark: 1 stripe(s), 3 proactive flush(es), 1 terminate flush(es), 0 completion(s), 0 continuation(s) 
[53.130s][info][gc,marking  ] GC(135) Mark Stack Usage: 32M
[53.130s][info][gc,nmethod  ] GC(135) NMethods: 3391 registered, 1172 unregistered
[53.130s][info][gc,metaspace] GC(135) Metaspace: 8M used, 9M committed, 1088M reserved
[53.130s][info][gc,ref      ] GC(135) Soft: 351 encountered, 0 discovered, 0 enqueued
[53.130s][info][gc,ref      ] GC(135) Weak: 815 encountered, 221 discovered, 186 enqueued
[53.130s][info][gc,ref      ] GC(135) Final: 3 encountered, 0 discovered, 0 enqueued
[53.130s][info][gc,ref      ] GC(135) Phantom: 108 encountered, 88 discovered, 0 enqueued
[53.130s][info][gc,reloc    ] GC(135) Small Pages: 608 / 1216M, Empty: 986M, Relocated: 0M, In-Place: 0
[53.130s][info][gc,reloc    ] GC(135) Medium Pages: 1 / 32M, Empty: 0M, Relocated: 0M, In-Place: 0
[53.130s][info][gc,reloc    ] GC(135) Large Pages: 0 / 0M, Empty: 0M, Relocated: 0M, In-Place: 0
[53.130s][info][gc,reloc    ] GC(135) Forwarding Usage: 0M
[53.130s][info][gc,heap     ] GC(135) Min Capacity: 2048M(100%)
[53.130s][info][gc,heap     ] GC(135) Max Capacity: 2048M(100%)
[53.130s][info][gc,heap     ] GC(135) Soft Max Capacity: 2048M(100%)
[53.130s][info][gc,heap     ] GC(135)                Mark Start          Mark End        Relocate Start      Relocate End           High               Low         
[53.130s][info][gc,heap     ] GC(135)  Capacity:     2048M (100%)       2048M (100%)       2048M (100%)       2048M (100%)       2048M (100%)       2048M (100%)   
[53.130s][info][gc,heap     ] GC(135)      Free:      800M (39%)         740M (36%)        1692M (83%)        1912M (93%)        1912M (93%)         712M (35%)    
[53.130s][info][gc,heap     ] GC(135)      Used:     1248M (61%)        1308M (64%)         356M (17%)         136M (7%)         1336M (65%)         136M (7%)     
[53.130s][info][gc,heap     ] GC(135)      Live:         -                 9M (0%)            9M (0%)            9M (0%)             -                  -          
[53.130s][info][gc,heap     ] GC(135) Allocated:         -                60M (3%)           94M (5%)           95M (5%)             -                  -          
[53.130s][info][gc,heap     ] GC(135)   Garbage:         -              1238M (60%)         252M (12%)          30M (2%)             -                  -          
[53.130s][info][gc,heap     ] GC(135) Reclaimed:         -                  -               986M (48%)        1207M (59%)            -                  -          
[53.130s][info][gc          ] GC(135) Garbage Collection (Allocation Rate) 1248M(61%)->136M(7%)
[53.410s][info][gc,start    ] GC(136) Garbage Collection (Allocation Rate)
[53.410s][info][gc,task     ] GC(136) Using 1 workers
[53.411s][info][gc,phases   ] GC(136) Pause Mark Start 0.006ms
[53.425s][info][gc,phases   ] GC(136) Concurrent Mark 14.336ms
[53.425s][info][gc,phases   ] GC(136) Pause Mark End 0.072ms
[53.426s][info][gc,phases   ] GC(136) Concurrent Mark Free 0.001ms
[53.433s][info][gc,phases   ] GC(136) Concurrent Process Non-Strong References 6.965ms
[53.433s][info][gc,phases   ] GC(136) Concurrent Reset Relocation Set 0.006ms
[53.435s][info][gc,phases   ] GC(136) Concurrent Select Relocation Set 1.992ms
[53.435s][info][gc,phases   ] GC(136) Pause Relocate Start 0.012ms
[53.435s][info][gc,phases   ] GC(136) Concurrent Relocate 0.500ms
[53.435s][info][gc,load     ] GC(136) Load: 0.00/0.00/0.00
[53.435s][info][gc,mmu      ] GC(136) MMU: 2ms/66.0%, 5ms/86.4%, 10ms/93.2%, 20ms/96.6%, 50ms/98.6%, 100ms/99.3%
[53.435s][info][gc,marking  ] GC(136) Mark: 1 stripe(s), 2 proactive flush(es), 1 terminate flush(es), 1 completion(s), 0 continuation(s) 
[53.435s][info][gc,marking  ] GC(136) Mark Stack Usage: 32M
[53.435s][info][gc,nmethod  ] GC(136) NMethods: 3391 registered, 1172 unregistered
[53.435s][info][gc,metaspace] GC(136) Metaspace: 8M used, 9M committed, 1088M reserved
[53.435s][info][gc,ref      ] GC(136) Soft: 351 encountered, 0 discovered, 0 enqueued
[53.435s][info][gc,ref      ] GC(136) Weak: 822 encountered, 233 discovered, 201 enqueued
[53.435s][info][gc,ref      ] GC(136) Final: 3 encountered, 0 discovered, 0 enqueued
[53.435s][info][gc,ref      ] GC(136) Phantom: 119 encountered, 101 discovered, 0 enqueued
[53.435s][info][gc,reloc    ] GC(136) Small Pages: 631 / 1262M, Empty: 1030M, Relocated: 0M, In-Place: 0
[53.435s][info][gc,reloc    ] GC(136) Medium Pages: 1 / 32M, Empty: 0M, Relocated: 0M, In-Place: 0
[53.435s][info][gc,reloc    ] GC(136) Large Pages: 0 / 0M, Empty: 0M, Relocated: 0M, In-Place: 0
[53.435s][info][gc,reloc    ] GC(136) Forwarding Usage: 0M
[53.435s][info][gc,heap     ] GC(136) Min Capacity: 2048M(100%)
[53.435s][info][gc,heap     ] GC(136) Max Capacity: 2048M(100%)
[53.435s][info][gc,heap     ] GC(136) Soft Max Capacity: 2048M(100%)
[53.436s][info][gc,heap     ] GC(136)                Mark Start          Mark End        Relocate Start      Relocate End           High               Low         
[53.436s][info][gc,heap     ] GC(136)  Capacity:     2048M (100%)       2048M (100%)       2048M (100%)       2048M (100%)       2048M (100%)       2048M (100%)   
[53.436s][info][gc,heap     ] GC(136)      Free:      754M (37%)         688M (34%)        1694M (83%)        1912M (93%)        1912M (93%)         672M (33%)    
[53.436s][info][gc,heap     ] GC(136)      Used:     1294M (63%)        1360M (66%)         354M (17%)         136M (7%)         1376M (67%)         136M (7%)     
[53.436s][info][gc,heap     ] GC(136)      Live:         -                 9M (0%)            9M (0%)            9M (0%)             -                  -          
[53.436s][info][gc,heap     ] GC(136) Allocated:         -                66M (3%)           90M (4%)           95M (5%)             -                  -          
[53.436s][info][gc,heap     ] GC(136)   Garbage:         -              1284M (63%)         254M (12%)          30M (2%)             -                  -          
[53.436s][info][gc,heap     ] GC(136) Reclaimed:         -                  -              1030M (50%)        1253M (61%)            -                  -          
[53.436s][info][gc          ] GC(136) Garbage Collection (Allocation Rate) 1294M(63%)->136M(7%)
[53.708s][info][gc,start    ] GC(137) Garbage Collection (Allocation Rate)
[53.708s][info][gc,task     ] GC(137) Using 1 workers
[53.708s][info][gc,phases   ] GC(137) Pause Mark Start 0.010ms
[53.721s][info][gc,phases   ] GC(137) Concurrent Mark 8.976ms
[53.721s][info][gc,phases   ] GC(137) Pause Mark End 0.015ms
[53.722s][info][gc,phases   ] GC(137) Concurrent Mark Free 0.002ms
[53.729s][info][gc,phases   ] GC(137) Concurrent Process Non-Strong References 7.080ms
[53.729s][info][gc,phases   ] GC(137) Concurrent Reset Relocation Set 0.006ms
[53.731s][info][gc,phases   ] GC(137) Concurrent Select Relocation Set 1.898ms
[53.731s][info][gc,phases   ] GC(137) Pause Relocate Start 0.010ms
[53.732s][info][gc,phases   ] GC(137) Concurrent Relocate 0.485ms
[53.732s][info][gc,load     ] GC(137) Load: 0.00/0.00/0.00
[53.732s][info][gc,mmu      ] GC(137) MMU: 2ms/66.0%, 5ms/86.4%, 10ms/93.2%, 20ms/96.6%, 50ms/98.6%, 100ms/99.3%
[53.732s][info][gc,marking  ] GC(137) Mark: 1 stripe(s), 3 proactive flush(es), 1 terminate flush(es), 0 completion(s), 0 continuation(s) 
[53.732s][info][gc,marking  ] GC(137) Mark Stack Usage: 32M
[53.732s][info][gc,nmethod  ] GC(137) NMethods: 3391 registered, 1172 unregistered
[53.732s][info][gc,metaspace] GC(137) Metaspace: 8M used, 9M committed, 1088M reserved
[53.732s][info][gc,ref      ] GC(137) Soft: 351 encountered, 0 discovered, 0 enqueued
[53.732s][info][gc,ref      ] GC(137) Weak: 817 encountered, 225 discovered, 191 enqueued
[53.732s][info][gc,ref      ] GC(137) Final: 3 encountered, 0 discovered, 0 enqueued
[53.732s][info][gc,ref      ] GC(137) Phantom: 124 encountered, 110 discovered, 0 enqueued
[53.732s][info][gc,reloc    ] GC(137) Small Pages: 616 / 1232M, Empty: 994M, Relocated: 0M, In-Place: 0
[53.732s][info][gc,reloc    ] GC(137) Medium Pages: 1 / 32M, Empty: 0M, Relocated: 0M, In-Place: 0
[53.732s][info][gc,reloc    ] GC(137) Large Pages: 0 / 0M, Empty: 0M, Relocated: 0M, In-Place: 0
[53.732s][info][gc,reloc    ] GC(137) Forwarding Usage: 0M
[53.732s][info][gc,heap     ] GC(137) Min Capacity: 2048M(100%)
[53.732s][info][gc,heap     ] GC(137) Max Capacity: 2048M(100%)
[53.732s][info][gc,heap     ] GC(137) Soft Max Capacity: 2048M(100%)
[53.732s][info][gc,heap     ] GC(137)                Mark Start          Mark End        Relocate Start      Relocate End           High               Low         
[53.732s][info][gc,heap     ] GC(137)  Capacity:     2048M (100%)       2048M (100%)       2048M (100%)       2048M (100%)       2048M (100%)       2048M (100%)   
[53.732s][info][gc,heap     ] GC(137)      Free:      784M (38%)         734M (36%)        1696M (83%)        1926M (94%)        1926M (94%)         710M (35%)    
[53.732s][info][gc,heap     ] GC(137)      Used:     1264M (62%)        1314M (64%)         352M (17%)         122M (6%)         1338M (65%)         122M (6%)     
[53.732s][info][gc,heap     ] GC(137)      Live:         -                 9M (0%)            9M (0%)            9M (0%)             -                  -          
[53.732s][info][gc,heap     ] GC(137) Allocated:         -                50M (2%)           82M (4%)           81M (4%)             -                  -          
[53.732s][info][gc,heap     ] GC(137)   Garbage:         -              1254M (61%)         260M (13%)          30M (2%)             -                  -          
[53.732s][info][gc,heap     ] GC(137) Reclaimed:         -                  -               994M (49%)        1223M (60%)            -                  -          
[53.732s][info][gc          ] GC(137) Garbage Collection (Allocation Rate) 1264M(62%)->122M(6%)
[54.104s][info][gc,start    ] GC(138) Garbage Collection (Allocation Rate)
[54.104s][info][gc,task     ] GC(138) Using 1 workers
[54.104s][info][gc,phases   ] GC(138) Pause Mark Start 0.007ms
[54.115s][info][gc,phases   ] GC(138) Concurrent Mark 10.156ms
[54.115s][info][gc,phases   ] GC(138) Pause Mark End 0.015ms
[54.116s][info][gc,phases   ] GC(138) Concurrent Mark Free 0.001ms
[54.127s][info][gc,phases   ] GC(138) Concurrent Process Non-Strong References 11.066ms
[54.127s][info][gc,phases   ] GC(138) Concurrent Reset Relocation Set 0.007ms
[54.129s][info][gc,phases   ] GC(138) Concurrent Select Relocation Set 2.308ms
[54.130s][info][gc,phases   ] GC(138) Pause Relocate Start 0.013ms
[54.132s][info][gc,phases   ] GC(138) Concurrent Relocate 0.614ms
[54.132s][info][gc,load     ] GC(138) Load: 0.00/0.00/0.00
[54.132s][info][gc,mmu      ] GC(138) MMU: 2ms/66.0%, 5ms/86.4%, 10ms/93.2%, 20ms/96.6%, 50ms/98.6%, 100ms/99.3%
[54.132s][info][gc,marking  ] GC(138) Mark: 1 stripe(s), 2 proactive flush(es), 1 terminate flush(es), 0 completion(s), 0 continuation(s) 
[54.132s][info][gc,marking  ] GC(138) Mark Stack Usage: 32M
[54.132s][info][gc,nmethod  ] GC(138) NMethods: 3392 registered, 1172 unregistered
[54.132s][info][gc,metaspace] GC(138) Metaspace: 8M used, 9M committed, 1088M reserved
[54.132s][info][gc,ref      ] GC(138) Soft: 351 encountered, 0 discovered, 0 enqueued
[54.132s][info][gc,ref      ] GC(138) Weak: 881 encountered, 291 discovered, 256 enqueued
[54.132s][info][gc,ref      ] GC(138) Final: 3 encountered, 0 discovered, 0 enqueued
[54.132s][info][gc,ref      ] GC(138) Phantom: 124 encountered, 109 discovered, 0 enqueued
[54.132s][info][gc,reloc    ] GC(138) Small Pages: 808 / 1616M, Empty: 1332M, Relocated: 0M, In-Place: 0
[54.132s][info][gc,reloc    ] GC(138) Medium Pages: 1 / 32M, Empty: 0M, Relocated: 0M, In-Place: 0
[54.132s][info][gc,reloc    ] GC(138) Large Pages: 0 / 0M, Empty: 0M, Relocated: 0M, In-Place: 0
[54.132s][info][gc,reloc    ] GC(138) Forwarding Usage: 0M
[54.132s][info][gc,heap     ] GC(138) Min Capacity: 2048M(100%)
[54.132s][info][gc,heap     ] GC(138) Max Capacity: 2048M(100%)
[54.132s][info][gc,heap     ] GC(138) Soft Max Capacity: 2048M(100%)
[54.132s][info][gc,heap     ] GC(138)                Mark Start          Mark End        Relocate Start      Relocate End           High               Low         
[54.132s][info][gc,heap     ] GC(138)  Capacity:     2048M (100%)       2048M (100%)       2048M (100%)       2048M (100%)       2048M (100%)       2048M (100%)   
[54.132s][info][gc,heap     ] GC(138)      Free:      400M (20%)         348M (17%)        1630M (80%)        1896M (93%)        1896M (93%)         306M (15%)    
[54.132s][info][gc,heap     ] GC(138)      Used:     1648M (80%)        1700M (83%)         418M (20%)         152M (7%)         1742M (85%)         152M (7%)     
[54.132s][info][gc,heap     ] GC(138)      Live:         -                 9M (0%)            9M (0%)            9M (0%)             -                  -          
[54.132s][info][gc,heap     ] GC(138) Allocated:         -                52M (3%)          102M (5%)          111M (5%)             -                  -          
[54.132s][info][gc,heap     ] GC(138)   Garbage:         -              1638M (80%)         306M (15%)          30M (2%)             -                  -          
[54.133s][info][gc,heap     ] GC(138) Reclaimed:         -                  -              1332M (65%)        1607M (79%)            -                  -          
[54.133s][info][gc          ] GC(138) Garbage Collection (Allocation Rate) 1648M(80%)->152M(7%)
[54.498s][info][gc,start    ] GC(139) Garbage Collection (Allocation Rate)
[54.498s][info][gc,task     ] GC(139) Using 1 workers
[54.499s][info][gc,phases   ] GC(139) Pause Mark Start 0.012ms
[54.521s][info][gc,phases   ] GC(139) Concurrent Mark 19.462ms
[54.521s][info][gc,phases   ] GC(139) Pause Mark End 0.015ms
[54.522s][info][gc,phases   ] GC(139) Concurrent Mark Free 0.001ms
[54.529s][info][gc,phases   ] GC(139) Concurrent Process Non-Strong References 6.850ms
[54.529s][info][gc,phases   ] GC(139) Concurrent Reset Relocation Set 0.007ms
[54.531s][info][gc,phases   ] GC(139) Concurrent Select Relocation Set 2.028ms
[54.531s][info][gc,phases   ] GC(139) Pause Relocate Start 0.011ms
[54.532s][info][gc,phases   ] GC(139) Concurrent Relocate 0.547ms
[54.532s][info][gc,load     ] GC(139) Load: 0.00/0.00/0.00
[54.532s][info][gc,mmu      ] GC(139) MMU: 2ms/66.0%, 5ms/86.4%, 10ms/93.2%, 20ms/96.6%, 50ms/98.6%, 100ms/99.3%
[54.532s][info][gc,marking  ] GC(139) Mark: 1 stripe(s), 2 proactive flush(es), 1 terminate flush(es), 0 completion(s), 0 continuation(s) 
[54.532s][info][gc,marking  ] GC(139) Mark Stack Usage: 32M
[54.532s][info][gc,nmethod  ] GC(139) NMethods: 3392 registered, 1172 unregistered
[54.532s][info][gc,metaspace] GC(139) Metaspace: 8M used, 9M committed, 1088M reserved
[54.532s][info][gc,ref      ] GC(139) Soft: 351 encountered, 0 discovered, 0 enqueued
[54.532s][info][gc,ref      ] GC(139) Weak: 871 encountered, 280 discovered, 254 enqueued
[54.532s][info][gc,ref      ] GC(139) Final: 3 encountered, 0 discovered, 0 enqueued
[54.532s][info][gc,ref      ] GC(139) Phantom: 96 encountered, 64 discovered, 0 enqueued
[54.532s][info][gc,reloc    ] GC(139) Small Pages: 817 / 1634M, Empty: 1334M, Relocated: 0M, In-Place: 0
[54.532s][info][gc,reloc    ] GC(139) Medium Pages: 1 / 32M, Empty: 0M, Relocated: 0M, In-Place: 0
[54.532s][info][gc,reloc    ] GC(139) Large Pages: 0 / 0M, Empty: 0M, Relocated: 0M, In-Place: 0
[54.532s][info][gc,reloc    ] GC(139) Forwarding Usage: 0M
[54.532s][info][gc,heap     ] GC(139) Min Capacity: 2048M(100%)
[54.532s][info][gc,heap     ] GC(139) Max Capacity: 2048M(100%)
[54.532s][info][gc,heap     ] GC(139) Soft Max Capacity: 2048M(100%)
[54.532s][info][gc,heap     ] GC(139)                Mark Start          Mark End        Relocate Start      Relocate End           High               Low         
[54.532s][info][gc,heap     ] GC(139)  Capacity:     2048M (100%)       2048M (100%)       2048M (100%)       2048M (100%)       2048M (100%)       2048M (100%)   
[54.532s][info][gc,heap     ] GC(139)      Free:      382M (19%)         300M (15%)        1600M (78%)        1890M (92%)        1890M (92%)         272M (13%)    
[54.532s][info][gc,heap     ] GC(139)      Used:     1666M (81%)        1748M (85%)         448M (22%)         158M (8%)         1776M (87%)         158M (8%)     
[54.532s][info][gc,heap     ] GC(139)      Live:         -                 9M (0%)            9M (0%)            9M (0%)             -                  -          
[54.532s][info][gc,heap     ] GC(139) Allocated:         -                82M (4%)          116M (6%)          117M (6%)             -                  -          
[54.532s][info][gc,heap     ] GC(139)   Garbage:         -              1656M (81%)         322M (16%)          30M (2%)             -                  -          
[54.532s][info][gc,heap     ] GC(139) Reclaimed:         -                  -              1334M (65%)        1625M (79%)            -                  -          
[54.532s][info][gc          ] GC(139) Garbage Collection (Allocation Rate) 1666M(81%)->158M(8%)
[54.910s][info][gc,start    ] GC(140) Garbage Collection (Allocation Rate)
[54.910s][info][gc,task     ] GC(140) Using 1 workers
[54.910s][info][gc,phases   ] GC(140) Pause Mark Start 0.013ms
[54.922s][info][gc,phases   ] GC(140) Concurrent Mark 8.166ms
[54.922s][info][gc,phases   ] GC(140) Pause Mark End 0.013ms
[54.922s][info][gc,phases   ] GC(140) Concurrent Mark Free 0.001ms
[54.935s][info][gc,phases   ] GC(140) Concurrent Process Non-Strong References 13.424ms
[54.936s][info][gc,phases   ] GC(140) Concurrent Reset Relocation Set 0.009ms
[54.938s][info][gc,phases   ] GC(140) Concurrent Select Relocation Set 2.344ms
[54.938s][info][gc,phases   ] GC(140) Pause Relocate Start 0.009ms
[54.939s][info][gc,phases   ] GC(140) Concurrent Relocate 0.549ms
[54.939s][info][gc,load     ] GC(140) Load: 0.00/0.00/0.00
[54.939s][info][gc,mmu      ] GC(140) MMU: 2ms/66.0%, 5ms/86.4%, 10ms/93.2%, 20ms/96.6%, 50ms/98.6%, 100ms/99.3%
[54.939s][info][gc,marking  ] GC(140) Mark: 1 stripe(s), 2 proactive flush(es), 1 terminate flush(es), 0 completion(s), 0 continuation(s) 
[54.939s][info][gc,marking  ] GC(140) Mark Stack Usage: 32M
[54.939s][info][gc,nmethod  ] GC(140) NMethods: 3392 registered, 1172 unregistered
[54.939s][info][gc,metaspace] GC(140) Metaspace: 8M used, 9M committed, 1088M reserved
[54.939s][info][gc,ref      ] GC(140) Soft: 351 encountered, 0 discovered, 0 enqueued
[54.939s][info][gc,ref      ] GC(140) Weak: 885 encountered, 293 discovered, 259 enqueued
[54.939s][info][gc,ref      ] GC(140) Final: 3 encountered, 0 discovered, 0 enqueued
[54.939s][info][gc,ref      ] GC(140) Phantom: 124 encountered, 110 discovered, 0 enqueued
[54.939s][info][gc,reloc    ] GC(140) Small Pages: 834 / 1668M, Empty: 1366M, Relocated: 0M, In-Place: 0
[54.939s][info][gc,reloc    ] GC(140) Medium Pages: 1 / 32M, Empty: 0M, Relocated: 0M, In-Place: 0
[54.939s][info][gc,reloc    ] GC(140) Large Pages: 0 / 0M, Empty: 0M, Relocated: 0M, In-Place: 0
[54.939s][info][gc,reloc    ] GC(140) Forwarding Usage: 0M
[54.939s][info][gc,heap     ] GC(140) Min Capacity: 2048M(100%)
[54.939s][info][gc,heap     ] GC(140) Max Capacity: 2048M(100%)
[54.939s][info][gc,heap     ] GC(140) Soft Max Capacity: 2048M(100%)
[54.939s][info][gc,heap     ] GC(140)                Mark Start          Mark End        Relocate Start      Relocate End           High               Low         
[54.939s][info][gc,heap     ] GC(140)  Capacity:     2048M (100%)       2048M (100%)       2048M (100%)       2048M (100%)       2048M (100%)       2048M (100%)   
[54.939s][info][gc,heap     ] GC(140)      Free:      348M (17%)         296M (14%)        1600M (78%)        1886M (92%)        1886M (92%)         240M (12%)    
[54.939s][info][gc,heap     ] GC(140)      Used:     1700M (83%)        1752M (86%)         448M (22%)         162M (8%)         1808M (88%)         162M (8%)     
[54.939s][info][gc,heap     ] GC(140)      Live:         -                 9M (0%)            9M (0%)            9M (0%)             -                  -          
[54.939s][info][gc,heap     ] GC(140) Allocated:         -                52M (3%)          114M (6%)          121M (6%)             -                  -          
[54.939s][info][gc,heap     ] GC(140)   Garbage:         -              1690M (83%)         324M (16%)          30M (2%)             -                  -          
[54.939s][info][gc,heap     ] GC(140) Reclaimed:         -                  -              1366M (67%)        1659M (81%)            -                  -          
[54.939s][info][gc          ] GC(140) Garbage Collection (Allocation Rate) 1700M(83%)->162M(8%)
[55.310s][info][gc,start    ] GC(141) Garbage Collection (Allocation Rate)
[55.310s][info][gc,task     ] GC(141) Using 1 workers
[55.310s][info][gc,phases   ] GC(141) Pause Mark Start 0.005ms
[55.318s][info][gc,phases   ] GC(141) Concurrent Mark 7.535ms
[55.318s][info][gc,phases   ] GC(141) Pause Mark End 0.016ms
[55.318s][info][gc,phases   ] GC(141) Concurrent Mark Free 0.002ms
[55.325s][info][gc,phases   ] GC(141) Concurrent Process Non-Strong References 6.820ms
[55.325s][info][gc,phases   ] GC(141) Concurrent Reset Relocation Set 0.008ms
[55.327s][info][gc,phases   ] GC(141) Concurrent Select Relocation Set 2.092ms
[55.327s][info][gc,phases   ] GC(141) Pause Relocate Start 0.011ms
[55.329s][info][gc,phases   ] GC(141) Concurrent Relocate 1.443ms
[55.329s][info][gc,load     ] GC(141) Load: 0.00/0.00/0.00
[55.329s][info][gc,mmu      ] GC(141) MMU: 2ms/66.0%, 5ms/86.4%, 10ms/93.2%, 20ms/96.6%, 50ms/98.6%, 100ms/99.3%
[55.329s][info][gc,marking  ] GC(141) Mark: 1 stripe(s), 2 proactive flush(es), 1 terminate flush(es), 0 completion(s), 0 continuation(s) 
[55.329s][info][gc,marking  ] GC(141) Mark Stack Usage: 32M
[55.329s][info][gc,nmethod  ] GC(141) NMethods: 3392 registered, 1172 unregistered
[55.329s][info][gc,metaspace] GC(141) Metaspace: 8M used, 9M committed, 1088M reserved
[55.329s][info][gc,ref      ] GC(141) Soft: 351 encountered, 0 discovered, 0 enqueued
[55.329s][info][gc,ref      ] GC(141) Weak: 863 encountered, 276 discovered, 253 enqueued
[55.329s][info][gc,ref      ] GC(141) Final: 3 encountered, 0 discovered, 0 enqueued
[55.329s][info][gc,ref      ] GC(141) Phantom: 110 encountered, 89 discovered, 0 enqueued
[55.329s][info][gc,reloc    ] GC(141) Small Pages: 805 / 1610M, Empty: 1330M, Relocated: 1M, In-Place: 0
[55.329s][info][gc,reloc    ] GC(141) Medium Pages: 1 / 32M, Empty: 0M, Relocated: 0M, In-Place: 0
[55.329s][info][gc,reloc    ] GC(141) Large Pages: 0 / 0M, Empty: 0M, Relocated: 0M, In-Place: 0
[55.329s][info][gc,reloc    ] GC(141) Forwarding Usage: 0M
[55.329s][info][gc,heap     ] GC(141) Min Capacity: 2048M(100%)
[55.329s][info][gc,heap     ] GC(141) Max Capacity: 2048M(100%)
[55.329s][info][gc,heap     ] GC(141) Soft Max Capacity: 2048M(100%)
[55.329s][info][gc,heap     ] GC(141)                Mark Start          Mark End        Relocate Start      Relocate End           High               Low         
[55.329s][info][gc,heap     ] GC(141)  Capacity:     2048M (100%)       2048M (100%)       2048M (100%)       2048M (100%)       2048M (100%)       2048M (100%)   
[55.329s][info][gc,heap     ] GC(141)      Free:      406M (20%)         374M (18%)        1674M (82%)        1942M (95%)        1942M (95%)         348M (17%)    
[55.329s][info][gc,heap     ] GC(141)      Used:     1642M (80%)        1674M (82%)         374M (18%)         106M (5%)         1700M (83%)         106M (5%)     
[55.329s][info][gc,heap     ] GC(141)      Live:         -                 9M (0%)            9M (0%)            9M (0%)             -                  -          
[55.329s][info][gc,heap     ] GC(141) Allocated:         -                32M (2%)           62M (3%)           67M (3%)             -                  -          
[55.329s][info][gc,heap     ] GC(141)   Garbage:         -              1632M (80%)         302M (15%)          29M (1%)             -                  -          
[55.329s][info][gc,heap     ] GC(141) Reclaimed:         -                  -              1330M (65%)        1603M (78%)            -                  -          
[55.329s][info][gc          ] GC(141) Garbage Collection (Allocation Rate) 1642M(80%)->106M(5%)
[55.709s][info][gc,start    ] GC(142) Garbage Collection (Allocation Rate)
[55.709s][info][gc,task     ] GC(142) Using 1 workers
[55.709s][info][gc,phases   ] GC(142) Pause Mark Start 0.013ms
[55.722s][info][gc,phases   ] GC(142) Concurrent Mark 10.878ms
[55.722s][info][gc,phases   ] GC(142) Pause Mark End 0.015ms
[55.722s][info][gc,phases   ] GC(142) Concurrent Mark Free 0.001ms
[55.729s][info][gc,phases   ] GC(142) Concurrent Process Non-Strong References 6.947ms
[55.729s][info][gc,phases   ] GC(142) Concurrent Reset Relocation Set 0.007ms
[55.731s][info][gc,phases   ] GC(142) Concurrent Select Relocation Set 2.063ms
[55.732s][info][gc,phases   ] GC(142) Pause Relocate Start 0.011ms
[55.732s][info][gc,phases   ] GC(142) Concurrent Relocate 0.505ms
[55.732s][info][gc,load     ] GC(142) Load: 0.00/0.00/0.00
[55.732s][info][gc,mmu      ] GC(142) MMU: 2ms/66.0%, 5ms/86.4%, 10ms/93.2%, 20ms/96.6%, 50ms/98.6%, 100ms/99.3%
[55.732s][info][gc,marking  ] GC(142) Mark: 1 stripe(s), 2 proactive flush(es), 2 terminate flush(es), 0 completion(s), 0 continuation(s) 
[55.732s][info][gc,marking  ] GC(142) Mark Stack Usage: 32M
[55.732s][info][gc,nmethod  ] GC(142) NMethods: 3392 registered, 1172 unregistered
[55.732s][info][gc,metaspace] GC(142) Metaspace: 8M used, 9M committed, 1088M reserved
[55.733s][info][gc,ref      ] GC(142) Soft: 351 encountered, 0 discovered, 0 enqueued
[55.733s][info][gc,ref      ] GC(142) Weak: 879 encountered, 285 discovered, 253 enqueued
[55.733s][info][gc,ref      ] GC(142) Final: 3 encountered, 0 discovered, 0 enqueued
[55.733s][info][gc,ref      ] GC(142) Phantom: 124 encountered, 110 discovered, 0 enqueued
[55.733s][info][gc,reloc    ] GC(142) Small Pages: 820 / 1640M, Empty: 1346M, Relocated: 0M, In-Place: 0
[55.733s][info][gc,reloc    ] GC(142) Medium Pages: 1 / 32M, Empty: 0M, Relocated: 0M, In-Place: 0
[55.733s][info][gc,reloc    ] GC(142) Large Pages: 0 / 0M, Empty: 0M, Relocated: 0M, In-Place: 0
[55.733s][info][gc,reloc    ] GC(142) Forwarding Usage: 0M
[55.733s][info][gc,heap     ] GC(142) Min Capacity: 2048M(100%)
[55.733s][info][gc,heap     ] GC(142) Max Capacity: 2048M(100%)
[55.733s][info][gc,heap     ] GC(142) Soft Max Capacity: 2048M(100%)
[55.733s][info][gc,heap     ] GC(142)                Mark Start          Mark End        Relocate Start      Relocate End           High               Low         
[55.733s][info][gc,heap     ] GC(142)  Capacity:     2048M (100%)       2048M (100%)       2048M (100%)       2048M (100%)       2048M (100%)       2048M (100%)   
[55.733s][info][gc,heap     ] GC(142)      Free:      376M (18%)         326M (16%)        1642M (80%)        1928M (94%)        1928M (94%)         304M (15%)    
[55.733s][info][gc,heap     ] GC(142)      Used:     1672M (82%)        1722M (84%)         406M (20%)         120M (6%)         1744M (85%)         120M (6%)     
[55.733s][info][gc,heap     ] GC(142)      Live:         -                 9M (0%)            9M (0%)            9M (0%)             -                  -          
[55.733s][info][gc,heap     ] GC(142) Allocated:         -                50M (2%)           80M (4%)           79M (4%)             -                  -          
[55.733s][info][gc,heap     ] GC(142)   Garbage:         -              1662M (81%)         316M (15%)          30M (2%)             -                  -          
[55.733s][info][gc,heap     ] GC(142) Reclaimed:         -                  -              1346M (66%)        1631M (80%)            -                  -          
[55.733s][info][gc          ] GC(142) Garbage Collection (Allocation Rate) 1672M(82%)->120M(6%)
[56.097s][info][gc,start    ] GC(143) Garbage Collection (Allocation Rate)
[56.097s][info][gc,task     ] GC(143) Using 1 workers
[56.097s][info][gc,phases   ] GC(143) Pause Mark Start 0.006ms
[56.107s][info][gc,phases   ] GC(143) Concurrent Mark 8.571ms
[56.107s][info][gc,phases   ] GC(143) Pause Mark End 0.009ms
[56.111s][info][gc,phases   ] GC(143) Concurrent Mark Free 0.003ms
[56.129s][info][gc,phases   ] GC(143) Concurrent Process Non-Strong References 17.663ms
[56.129s][info][gc,phases   ] GC(143) Concurrent Reset Relocation Set 0.006ms
[56.131s][info][gc,phases   ] GC(143) Concurrent Select Relocation Set 2.128ms
[56.131s][info][gc,phases   ] GC(143) Pause Relocate Start 0.016ms
[56.132s][info][gc,phases   ] GC(143) Concurrent Relocate 0.522ms
[56.132s][info][gc,load     ] GC(143) Load: 0.00/0.00/0.00
[56.132s][info][gc,mmu      ] GC(143) MMU: 2ms/66.0%, 5ms/86.4%, 10ms/93.2%, 20ms/96.6%, 50ms/98.6%, 100ms/99.3%
[56.132s][info][gc,marking  ] GC(143) Mark: 1 stripe(s), 2 proactive flush(es), 1 terminate flush(es), 0 completion(s), 0 continuation(s) 
[56.132s][info][gc,marking  ] GC(143) Mark Stack Usage: 32M
[56.132s][info][gc,nmethod  ] GC(143) NMethods: 3392 registered, 1172 unregistered
[56.132s][info][gc,metaspace] GC(143) Metaspace: 8M used, 9M committed, 1088M reserved
[56.132s][info][gc,ref      ] GC(143) Soft: 351 encountered, 0 discovered, 0 enqueued
[56.132s][info][gc,ref      ] GC(143) Weak: 864 encountered, 275 discovered, 230 enqueued
[56.132s][info][gc,ref      ] GC(143) Final: 3 encountered, 0 discovered, 0 enqueued
[56.132s][info][gc,ref      ] GC(143) Phantom: 112 encountered, 88 discovered, 0 enqueued
[56.132s][info][gc,reloc    ] GC(143) Small Pages: 773 / 1546M, Empty: 1270M, Relocated: 0M, In-Place: 0
[56.132s][info][gc,reloc    ] GC(143) Medium Pages: 1 / 32M, Empty: 0M, Relocated: 0M, In-Place: 0
[56.132s][info][gc,reloc    ] GC(143) Large Pages: 0 / 0M, Empty: 0M, Relocated: 0M, In-Place: 0
[56.132s][info][gc,reloc    ] GC(143) Forwarding Usage: 0M
[56.132s][info][gc,heap     ] GC(143) Min Capacity: 2048M(100%)
[56.132s][info][gc,heap     ] GC(143) Max Capacity: 2048M(100%)
[56.132s][info][gc,heap     ] GC(143) Soft Max Capacity: 2048M(100%)
[56.132s][info][gc,heap     ] GC(143)                Mark Start          Mark End        Relocate Start      Relocate End           High               Low         
[56.132s][info][gc,heap     ] GC(143)  Capacity:     2048M (100%)       2048M (100%)       2048M (100%)       2048M (100%)       2048M (100%)       2048M (100%)   
[56.132s][info][gc,heap     ] GC(143)      Free:      470M (23%)         428M (21%)        1608M (79%)        1872M (91%)        1872M (91%)         344M (17%)    
[56.132s][info][gc,heap     ] GC(143)      Used:     1578M (77%)        1620M (79%)         440M (21%)         176M (9%)         1704M (83%)         176M (9%)     
[56.132s][info][gc,heap     ] GC(143)      Live:         -                 9M (0%)            9M (0%)            9M (0%)             -                  -          
[56.132s][info][gc,heap     ] GC(143) Allocated:         -                42M (2%)          132M (6%)          135M (7%)             -                  -          
[56.132s][info][gc,heap     ] GC(143)   Garbage:         -              1568M (77%)         298M (15%)          30M (2%)             -                  -          
[56.132s][info][gc,heap     ] GC(143) Reclaimed:         -                  -              1270M (62%)        1537M (75%)            -                  -          
[56.132s][info][gc          ] GC(143) Garbage Collection (Allocation Rate) 1578M(77%)->176M(9%)
[56.506s][info][gc,start    ] GC(144) Garbage Collection (Allocation Rate)
[56.506s][info][gc,task     ] GC(144) Using 1 workers
[56.506s][info][gc,phases   ] GC(144) Pause Mark Start 0.009ms
[56.517s][info][gc,phases   ] GC(144) Concurrent Mark 7.970ms
[56.517s][info][gc,phases   ] GC(144) Pause Mark End 0.014ms
[56.517s][info][gc,phases   ] GC(144) Concurrent Mark Free 0.000ms
[56.524s][info][gc,phases   ] GC(144) Concurrent Process Non-Strong References 7.076ms
[56.524s][info][gc,phases   ] GC(144) Concurrent Reset Relocation Set 0.006ms
[56.526s][info][gc,phases   ] GC(144) Concurrent Select Relocation Set 2.151ms
[56.526s][info][gc,phases   ] GC(144) Pause Relocate Start 0.009ms
[56.528s][info][gc,phases   ] GC(144) Concurrent Relocate 1.514ms
[56.528s][info][gc,load     ] GC(144) Load: 0.00/0.00/0.00
[56.528s][info][gc,mmu      ] GC(144) MMU: 2ms/66.0%, 5ms/86.4%, 10ms/93.2%, 20ms/96.6%, 50ms/98.6%, 100ms/99.3%
[56.528s][info][gc,marking  ] GC(144) Mark: 1 stripe(s), 2 proactive flush(es), 1 terminate flush(es), 0 completion(s), 0 continuation(s) 
[56.528s][info][gc,marking  ] GC(144) Mark Stack Usage: 32M
[56.528s][info][gc,nmethod  ] GC(144) NMethods: 3392 registered, 1172 unregistered
[56.528s][info][gc,metaspace] GC(144) Metaspace: 8M used, 9M committed, 1088M reserved
[56.528s][info][gc,ref      ] GC(144) Soft: 351 encountered, 0 discovered, 0 enqueued
[56.528s][info][gc,ref      ] GC(144) Weak: 887 encountered, 299 discovered, 272 enqueued
[56.528s][info][gc,ref      ] GC(144) Final: 3 encountered, 0 discovered, 0 enqueued
[56.528s][info][gc,ref      ] GC(144) Phantom: 102 encountered, 79 discovered, 0 enqueued
[56.528s][info][gc,reloc    ] GC(144) Small Pages: 830 / 1660M, Empty: 1366M, Relocated: 1M, In-Place: 0
[56.528s][info][gc,reloc    ] GC(144) Medium Pages: 1 / 32M, Empty: 0M, Relocated: 0M, In-Place: 0
[56.528s][info][gc,reloc    ] GC(144) Large Pages: 0 / 0M, Empty: 0M, Relocated: 0M, In-Place: 0
[56.528s][info][gc,reloc    ] GC(144) Forwarding Usage: 0M
[56.528s][info][gc,heap     ] GC(144) Min Capacity: 2048M(100%)
[56.528s][info][gc,heap     ] GC(144) Max Capacity: 2048M(100%)
[56.528s][info][gc,heap     ] GC(144) Soft Max Capacity: 2048M(100%)
[56.528s][info][gc,heap     ] GC(144)                Mark Start          Mark End        Relocate Start      Relocate End           High               Low         
[56.528s][info][gc,heap     ] GC(144)  Capacity:     2048M (100%)       2048M (100%)       2048M (100%)       2048M (100%)       2048M (100%)       2048M (100%)   
[56.528s][info][gc,heap     ] GC(144)      Free:      356M (17%)         312M (15%)        1648M (80%)        1934M (94%)        1934M (94%)         292M (14%)    
[56.528s][info][gc,heap     ] GC(144)      Used:     1692M (83%)        1736M (85%)         400M (20%)         114M (6%)         1756M (86%)         114M (6%)     
[56.528s][info][gc,heap     ] GC(144)      Live:         -                 9M (0%)            9M (0%)            9M (0%)             -                  -          
[56.528s][info][gc,heap     ] GC(144) Allocated:         -                44M (2%)           74M (4%)           75M (4%)             -                  -          
[56.528s][info][gc,heap     ] GC(144)   Garbage:         -              1682M (82%)         316M (15%)          28M (1%)             -                  -          
[56.528s][info][gc,heap     ] GC(144) Reclaimed:         -                  -              1366M (67%)        1653M (81%)            -                  -          
[56.528s][info][gc          ] GC(144) Garbage Collection (Allocation Rate) 1692M(83%)->114M(6%)
[56.902s][info][gc,start    ] GC(145) Garbage Collection (Allocation Rate)
[56.902s][info][gc,task     ] GC(145) Using 1 workers
[56.902s][info][gc,phases   ] GC(145) Pause Mark Start 0.008ms
[56.911s][info][gc,phases   ] GC(145) Concurrent Mark 9.002ms
[56.911s][info][gc,phases   ] GC(145) Pause Mark End 0.019ms
[56.913s][info][gc,phases   ] GC(145) Concurrent Mark Free 0.002ms
[56.921s][info][gc,phases   ] GC(145) Concurrent Process Non-Strong References 7.660ms
[56.921s][info][gc,phases   ] GC(145) Concurrent Reset Relocation Set 0.006ms
[56.923s][info][gc,phases   ] GC(145) Concurrent Select Relocation Set 1.938ms
[56.923s][info][gc,phases   ] GC(145) Pause Relocate Start 0.014ms
[56.924s][info][gc,phases   ] GC(145) Concurrent Relocate 1.370ms
[56.924s][info][gc,load     ] GC(145) Load: 0.00/0.00/0.00
[56.924s][info][gc,mmu      ] GC(145) MMU: 2ms/66.0%, 5ms/86.4%, 10ms/93.2%, 20ms/96.6%, 50ms/98.6%, 100ms/99.3%
[56.924s][info][gc,marking  ] GC(145) Mark: 1 stripe(s), 2 proactive flush(es), 1 terminate flush(es), 0 completion(s), 0 continuation(s) 
[56.924s][info][gc,marking  ] GC(145) Mark Stack Usage: 32M
[56.924s][info][gc,nmethod  ] GC(145) NMethods: 3392 registered, 1172 unregistered
[56.924s][info][gc,metaspace] GC(145) Metaspace: 8M used, 9M committed, 1088M reserved
[56.925s][info][gc,ref      ] GC(145) Soft: 351 encountered, 0 discovered, 0 enqueued
[56.925s][info][gc,ref      ] GC(145) Weak: 862 encountered, 277 discovered, 256 enqueued
[56.925s][info][gc,ref      ] GC(145) Final: 3 encountered, 0 discovered, 0 enqueued
[56.925s][info][gc,ref      ] GC(145) Phantom: 86 encountered, 63 discovered, 0 enqueued
[56.925s][info][gc,reloc    ] GC(145) Small Pages: 808 / 1616M, Empty: 1338M, Relocated: 1M, In-Place: 0
[56.925s][info][gc,reloc    ] GC(145) Medium Pages: 1 / 32M, Empty: 0M, Relocated: 0M, In-Place: 0
[56.925s][info][gc,reloc    ] GC(145) Large Pages: 0 / 0M, Empty: 0M, Relocated: 0M, In-Place: 0
[56.925s][info][gc,reloc    ] GC(145) Forwarding Usage: 0M
[56.925s][info][gc,heap     ] GC(145) Min Capacity: 2048M(100%)
[56.925s][info][gc,heap     ] GC(145) Max Capacity: 2048M(100%)
[56.925s][info][gc,heap     ] GC(145) Soft Max Capacity: 2048M(100%)
[56.925s][info][gc,heap     ] GC(145)                Mark Start          Mark End        Relocate Start      Relocate End           High               Low         
[56.925s][info][gc,heap     ] GC(145)  Capacity:     2048M (100%)       2048M (100%)       2048M (100%)       2048M (100%)       2048M (100%)       2048M (100%)   
[56.925s][info][gc,heap     ] GC(145)      Free:      400M (20%)         366M (18%)        1662M (81%)        1930M (94%)        1930M (94%)         330M (16%)    
[56.925s][info][gc,heap     ] GC(145)      Used:     1648M (80%)        1682M (82%)         386M (19%)         118M (6%)         1718M (84%)         118M (6%)     
[56.925s][info][gc,heap     ] GC(145)      Live:         -                 9M (0%)            9M (0%)            9M (0%)             -                  -          
[56.925s][info][gc,heap     ] GC(145) Allocated:         -                34M (2%)           76M (4%)           79M (4%)             -                  -          
[56.925s][info][gc,heap     ] GC(145)   Garbage:         -              1638M (80%)         300M (15%)          29M (1%)             -                  -          
[56.925s][info][gc,heap     ] GC(145) Reclaimed:         -                  -              1338M (65%)        1609M (79%)            -                  -          
[56.925s][info][gc          ] GC(145) Garbage Collection (Allocation Rate) 1648M(80%)->118M(6%)
[57.297s][info][gc,start    ] GC(146) Garbage Collection (Allocation Rate)
[57.297s][info][gc,task     ] GC(146) Using 1 workers
[57.297s][info][gc,phases   ] GC(146) Pause Mark Start 0.011ms
[57.308s][info][gc,phases   ] GC(146) Concurrent Mark 9.599ms
[57.308s][info][gc,phases   ] GC(146) Pause Mark End 0.014ms
[57.308s][info][gc,phases   ] GC(146) Concurrent Mark Free 0.001ms
[57.315s][info][gc,phases   ] GC(146) Concurrent Process Non-Strong References 7.006ms
[57.315s][info][gc,phases   ] GC(146) Concurrent Reset Relocation Set 0.007ms
[57.317s][info][gc,phases   ] GC(146) Concurrent Select Relocation Set 2.044ms
[57.317s][info][gc,phases   ] GC(146) Pause Relocate Start 0.014ms
[57.318s][info][gc,phases   ] GC(146) Concurrent Relocate 0.470ms
[57.318s][info][gc,load     ] GC(146) Load: 0.00/0.00/0.00
[57.318s][info][gc,mmu      ] GC(146) MMU: 2ms/66.0%, 5ms/86.4%, 10ms/93.2%, 20ms/96.6%, 50ms/98.6%, 100ms/99.3%
[57.318s][info][gc,marking  ] GC(146) Mark: 1 stripe(s), 2 proactive flush(es), 1 terminate flush(es), 0 completion(s), 0 continuation(s) 
[57.318s][info][gc,marking  ] GC(146) Mark Stack Usage: 32M
[57.318s][info][gc,nmethod  ] GC(146) NMethods: 3392 registered, 1172 unregistered
[57.318s][info][gc,metaspace] GC(146) Metaspace: 8M used, 9M committed, 1088M reserved
[57.318s][info][gc,ref      ] GC(146) Soft: 351 encountered, 0 discovered, 0 enqueued
[57.318s][info][gc,ref      ] GC(146) Weak: 866 encountered, 274 discovered, 248 enqueued
[57.318s][info][gc,ref      ] GC(146) Final: 3 encountered, 0 discovered, 0 enqueued
[57.318s][info][gc,ref      ] GC(146) Phantom: 98 encountered, 76 discovered, 0 enqueued
[57.318s][info][gc,reloc    ] GC(146) Small Pages: 804 / 1608M, Empty: 1316M, Relocated: 0M, In-Place: 0
[57.318s][info][gc,reloc    ] GC(146) Medium Pages: 1 / 32M, Empty: 0M, Relocated: 0M, In-Place: 0
[57.318s][info][gc,reloc    ] GC(146) Large Pages: 0 / 0M, Empty: 0M, Relocated: 0M, In-Place: 0
[57.318s][info][gc,reloc    ] GC(146) Forwarding Usage: 0M
[57.318s][info][gc,heap     ] GC(146) Min Capacity: 2048M(100%)
[57.318s][info][gc,heap     ] GC(146) Max Capacity: 2048M(100%)
[57.318s][info][gc,heap     ] GC(146) Soft Max Capacity: 2048M(100%)
[57.318s][info][gc,heap     ] GC(146)                Mark Start          Mark End        Relocate Start      Relocate End           High               Low         
[57.318s][info][gc,heap     ] GC(146)  Capacity:     2048M (100%)       2048M (100%)       2048M (100%)       2048M (100%)       2048M (100%)       2048M (100%)   
[57.318s][info][gc,heap     ] GC(146)      Free:      408M (20%)         368M (18%)        1650M (81%)        1934M (94%)        1934M (94%)         342M (17%)    
[57.318s][info][gc,heap     ] GC(146)      Used:     1640M (80%)        1680M (82%)         398M (19%)         114M (6%)         1706M (83%)         114M (6%)     
[57.318s][info][gc,heap     ] GC(146)      Live:         -                 9M (0%)            9M (0%)            9M (0%)             -                  -          
[57.318s][info][gc,heap     ] GC(146) Allocated:         -                40M (2%)           74M (4%)           73M (4%)             -                  -          
[57.318s][info][gc,heap     ] GC(146)   Garbage:         -              1630M (80%)         314M (15%)          30M (2%)             -                  -          
[57.318s][info][gc,heap     ] GC(146) Reclaimed:         -                  -              1316M (64%)        1599M (78%)            -                  -          
[57.318s][info][gc          ] GC(146) Garbage Collection (Allocation Rate) 1640M(80%)->114M(6%)
[57.708s][info][gc,start    ] GC(147) Garbage Collection (Allocation Rate)
[57.708s][info][gc,task     ] GC(147) Using 1 workers
[57.709s][info][gc,phases   ] GC(147) Pause Mark Start 0.015ms
[57.718s][info][gc,phases   ] GC(147) Concurrent Mark 7.740ms
[57.718s][info][gc,phases   ] GC(147) Pause Mark End 0.017ms
[57.732s][info][gc,phases   ] GC(147) Concurrent Mark Free 0.002ms
[57.740s][info][gc,phases   ] GC(147) Concurrent Process Non-Strong References 7.518ms
[57.740s][info][gc,phases   ] GC(147) Concurrent Reset Relocation Set 0.005ms
[57.742s][info][gc,phases   ] GC(147) Concurrent Select Relocation Set 2.108ms
[57.742s][info][gc,phases   ] GC(147) Pause Relocate Start 0.010ms
[57.747s][info][gc,phases   ] GC(147) Concurrent Relocate 1.624ms
[57.747s][info][gc,load     ] GC(147) Load: 0.00/0.00/0.00
[57.747s][info][gc,mmu      ] GC(147) MMU: 2ms/66.0%, 5ms/86.4%, 10ms/93.2%, 20ms/96.6%, 50ms/98.6%, 100ms/99.3%
[57.747s][info][gc,marking  ] GC(147) Mark: 1 stripe(s), 2 proactive flush(es), 1 terminate flush(es), 0 completion(s), 0 continuation(s) 
[57.747s][info][gc,marking  ] GC(147) Mark Stack Usage: 32M
[57.747s][info][gc,nmethod  ] GC(147) NMethods: 3392 registered, 1172 unregistered
[57.747s][info][gc,metaspace] GC(147) Metaspace: 8M used, 9M committed, 1088M reserved
[57.747s][info][gc,ref      ] GC(147) Soft: 351 encountered, 0 discovered, 0 enqueued
[57.747s][info][gc,ref      ] GC(147) Weak: 877 encountered, 287 discovered, 261 enqueued
[57.747s][info][gc,ref      ] GC(147) Final: 3 encountered, 0 discovered, 0 enqueued
[57.747s][info][gc,ref      ] GC(147) Phantom: 102 encountered, 68 discovered, 0 enqueued
[57.747s][info][gc,reloc    ] GC(147) Small Pages: 836 / 1672M, Empty: 1384M, Relocated: 1M, In-Place: 0
[57.747s][info][gc,reloc    ] GC(147) Medium Pages: 1 / 32M, Empty: 0M, Relocated: 0M, In-Place: 0
[57.747s][info][gc,reloc    ] GC(147) Large Pages: 0 / 0M, Empty: 0M, Relocated: 0M, In-Place: 0
[57.747s][info][gc,reloc    ] GC(147) Forwarding Usage: 0M
[57.747s][info][gc,heap     ] GC(147) Min Capacity: 2048M(100%)
[57.747s][info][gc,heap     ] GC(147) Max Capacity: 2048M(100%)
[57.747s][info][gc,heap     ] GC(147) Soft Max Capacity: 2048M(100%)
[57.747s][info][gc,heap     ] GC(147)                Mark Start          Mark End        Relocate Start      Relocate End           High               Low         
[57.747s][info][gc,heap     ] GC(147)  Capacity:     2048M (100%)       2048M (100%)       2048M (100%)       2048M (100%)       2048M (100%)       2048M (100%)   
[57.747s][info][gc,heap     ] GC(147)      Free:      344M (17%)         310M (15%)        1608M (79%)        1872M (91%)        1876M (92%)         234M (11%)    
[57.747s][info][gc,heap     ] GC(147)      Used:     1704M (83%)        1738M (85%)         440M (21%)         176M (9%)         1814M (89%)         172M (8%)     
[57.747s][info][gc,heap     ] GC(147)      Live:         -                 9M (0%)            9M (0%)            9M (0%)             -                  -          
[57.747s][info][gc,heap     ] GC(147) Allocated:         -                34M (2%)          120M (6%)          137M (7%)             -                  -          
[57.747s][info][gc,heap     ] GC(147)   Garbage:         -              1694M (83%)         310M (15%)          28M (1%)             -                  -          
[57.747s][info][gc,heap     ] GC(147) Reclaimed:         -                  -              1384M (68%)        1665M (81%)            -                  -          
[57.747s][info][gc          ] GC(147) Garbage Collection (Allocation Rate) 1704M(83%)->176M(9%)
[58.109s][info][gc,start    ] GC(148) Garbage Collection (Allocation Rate)
[58.109s][info][gc,task     ] GC(148) Using 1 workers
[58.110s][info][gc,phases   ] GC(148) Pause Mark Start 0.009ms
[58.119s][info][gc,phases   ] GC(148) Concurrent Mark 8.937ms
[58.119s][info][gc,phases   ] GC(148) Pause Mark End 0.016ms
[58.119s][info][gc,phases   ] GC(148) Concurrent Mark Free 0.001ms
[58.127s][info][gc,phases   ] GC(148) Concurrent Process Non-Strong References 8.223ms
[58.127s][info][gc,phases   ] GC(148) Concurrent Reset Relocation Set 0.007ms
[58.129s][info][gc,phases   ] GC(148) Concurrent Select Relocation Set 2.041ms
[58.129s][info][gc,phases   ] GC(148) Pause Relocate Start 0.015ms
[58.131s][info][gc,phases   ] GC(148) Concurrent Relocate 1.480ms
[58.131s][info][gc,load     ] GC(148) Load: 0.00/0.00/0.00
[58.131s][info][gc,mmu      ] GC(148) MMU: 2ms/66.0%, 5ms/86.4%, 10ms/93.2%, 20ms/96.6%, 50ms/98.6%, 100ms/99.3%
[58.131s][info][gc,marking  ] GC(148) Mark: 1 stripe(s), 2 proactive flush(es), 1 terminate flush(es), 0 completion(s), 0 continuation(s) 
[58.131s][info][gc,marking  ] GC(148) Mark Stack Usage: 32M
[58.131s][info][gc,nmethod  ] GC(148) NMethods: 3395 registered, 1172 unregistered
[58.131s][info][gc,metaspace] GC(148) Metaspace: 8M used, 9M committed, 1088M reserved
[58.131s][info][gc,ref      ] GC(148) Soft: 351 encountered, 0 discovered, 0 enqueued
[58.131s][info][gc,ref      ] GC(148) Weak: 868 encountered, 281 discovered, 257 enqueued
[58.131s][info][gc,ref      ] GC(148) Final: 3 encountered, 0 discovered, 0 enqueued
[58.131s][info][gc,ref      ] GC(148) Phantom: 98 encountered, 74 discovered, 0 enqueued
[58.131s][info][gc,reloc    ] GC(148) Small Pages: 809 / 1618M, Empty: 1326M, Relocated: 1M, In-Place: 0
[58.131s][info][gc,reloc    ] GC(148) Medium Pages: 1 / 32M, Empty: 0M, Relocated: 0M, In-Place: 0
[58.131s][info][gc,reloc    ] GC(148) Large Pages: 0 / 0M, Empty: 0M, Relocated: 0M, In-Place: 0
[58.131s][info][gc,reloc    ] GC(148) Forwarding Usage: 0M
[58.131s][info][gc,heap     ] GC(148) Min Capacity: 2048M(100%)
[58.131s][info][gc,heap     ] GC(148) Max Capacity: 2048M(100%)
[58.131s][info][gc,heap     ] GC(148) Soft Max Capacity: 2048M(100%)
[58.131s][info][gc,heap     ] GC(148)                Mark Start          Mark End        Relocate Start      Relocate End           High               Low         
[58.131s][info][gc,heap     ] GC(148)  Capacity:     2048M (100%)       2048M (100%)       2048M (100%)       2048M (100%)       2048M (100%)       2048M (100%)   
[58.131s][info][gc,heap     ] GC(148)      Free:      398M (19%)         360M (18%)        1652M (81%)        1934M (94%)        1934M (94%)         334M (16%)    
[58.131s][info][gc,heap     ] GC(148)      Used:     1650M (81%)        1688M (82%)         396M (19%)         114M (6%)         1714M (84%)         114M (6%)     
[58.131s][info][gc,heap     ] GC(148)      Live:         -                 9M (0%)            9M (0%)            9M (0%)             -                  -          
[58.131s][info][gc,heap     ] GC(148) Allocated:         -                38M (2%)           72M (4%)           75M (4%)             -                  -          
[58.131s][info][gc,heap     ] GC(148)   Garbage:         -              1640M (80%)         314M (15%)          29M (1%)             -                  -          
[58.131s][info][gc,heap     ] GC(148) Reclaimed:         -                  -              1326M (65%)        1611M (79%)            -                  -          
[58.131s][info][gc          ] GC(148) Garbage Collection (Allocation Rate) 1650M(81%)->114M(6%)
[58.507s][info][gc,start    ] GC(149) Garbage Collection (Allocation Rate)
[58.507s][info][gc,task     ] GC(149) Using 1 workers
[58.507s][info][gc,phases   ] GC(149) Pause Mark Start 0.011ms
[58.513s][info][gc,phases   ] GC(149) Concurrent Mark 6.211ms
[58.514s][info][gc,phases   ] GC(149) Pause Mark End 0.014ms
[58.514s][info][gc,phases   ] GC(149) Concurrent Mark Free 0.001ms
[58.519s][info][gc,phases   ] GC(149) Concurrent Process Non-Strong References 5.540ms
[58.519s][info][gc,phases   ] GC(149) Concurrent Reset Relocation Set 0.006ms
[58.521s][info][gc,phases   ] GC(149) Concurrent Select Relocation Set 1.813ms
[58.521s][info][gc,phases   ] GC(149) Pause Relocate Start 0.008ms
[58.522s][info][gc,phases   ] GC(149) Concurrent Relocate 0.703ms
[58.522s][info][gc,load     ] GC(149) Load: 0.00/0.00/0.00
[58.522s][info][gc,mmu      ] GC(149) MMU: 2ms/66.0%, 5ms/86.4%, 10ms/93.2%, 20ms/96.6%, 50ms/98.6%, 100ms/99.3%
[58.522s][info][gc,marking  ] GC(149) Mark: 1 stripe(s), 2 proactive flush(es), 1 terminate flush(es), 0 completion(s), 0 continuation(s) 
[58.522s][info][gc,marking  ] GC(149) Mark Stack Usage: 32M
[58.522s][info][gc,nmethod  ] GC(149) NMethods: 3395 registered, 1172 unregistered
[58.522s][info][gc,metaspace] GC(149) Metaspace: 8M used, 9M committed, 1088M reserved
[58.522s][info][gc,ref      ] GC(149) Soft: 351 encountered, 0 discovered, 0 enqueued
[58.522s][info][gc,ref      ] GC(149) Weak: 673 encountered, 101 discovered, 89 enqueued
[58.522s][info][gc,ref      ] GC(149) Final: 3 encountered, 0 discovered, 0 enqueued
[58.522s][info][gc,ref      ] GC(149) Phantom: 51 encountered, 32 discovered, 0 enqueued
[58.522s][info][gc,reloc    ] GC(149) Small Pages: 678 / 1356M, Empty: 1244M, Relocated: 1M, In-Place: 0
[58.522s][info][gc,reloc    ] GC(149) Medium Pages: 1 / 32M, Empty: 0M, Relocated: 0M, In-Place: 0
[58.522s][info][gc,reloc    ] GC(149) Large Pages: 0 / 0M, Empty: 0M, Relocated: 0M, In-Place: 0
[58.522s][info][gc,reloc    ] GC(149) Forwarding Usage: 0M
[58.522s][info][gc,heap     ] GC(149) Min Capacity: 2048M(100%)
[58.522s][info][gc,heap     ] GC(149) Max Capacity: 2048M(100%)
[58.522s][info][gc,heap     ] GC(149) Soft Max Capacity: 2048M(100%)
[58.522s][info][gc,heap     ] GC(149)                Mark Start          Mark End        Relocate Start      Relocate End           High               Low         
[58.522s][info][gc,heap     ] GC(149)  Capacity:     2048M (100%)       2048M (100%)       2048M (100%)       2048M (100%)       2048M (100%)       2048M (100%)   
[58.522s][info][gc,heap     ] GC(149)      Free:      660M (32%)         650M (32%)        1888M (92%)        1992M (97%)        1992M (97%)         644M (31%)    
[58.522s][info][gc,heap     ] GC(149)      Used:     1388M (68%)        1398M (68%)         160M (8%)           56M (3%)         1404M (69%)          56M (3%)     
[58.522s][info][gc,heap     ] GC(149)      Live:         -                 8M (0%)            8M (0%)            8M (0%)             -                  -          
[58.522s][info][gc,heap     ] GC(149) Allocated:         -                10M (0%)           16M (1%)           17M (1%)             -                  -          
[58.522s][info][gc,heap     ] GC(149)   Garbage:         -              1379M (67%)         135M (7%)           29M (1%)             -                  -          
[58.522s][info][gc,heap     ] GC(149) Reclaimed:         -                  -              1244M (61%)        1349M (66%)            -                  -          
[58.522s][info][gc          ] GC(149) Garbage Collection (Allocation Rate) 1388M(68%)->56M(3%)
[58.684s][info][gc,start    ] GC(150) Garbage Collection (System.gc())
[58.684s][info][gc,task     ] GC(150) Using 2 workers
[58.684s][info][gc,phases   ] GC(150) Pause Mark Start 0.011ms
[58.696s][info][gc,phases   ] GC(150) Concurrent Mark 12.650ms
[58.697s][info][gc,phases   ] GC(150) Pause Mark End 0.017ms
[58.697s][info][gc,phases   ] GC(150) Concurrent Mark Free 0.002ms
[58.700s][info][gc,phases   ] GC(150) Concurrent Process Non-Strong References 3.535ms
[58.700s][info][gc,phases   ] GC(150) Concurrent Reset Relocation Set 0.004ms
[58.702s][info][gc,phases   ] GC(150) Concurrent Select Relocation Set 1.163ms
[58.702s][info][gc,phases   ] GC(150) Pause Relocate Start 0.010ms
[58.702s][info][gc,phases   ] GC(150) Concurrent Relocate 0.608ms
[58.702s][info][gc,load     ] GC(150) Load: 0.00/0.00/0.00
[58.702s][info][gc,mmu      ] GC(150) MMU: 2ms/66.0%, 5ms/86.4%, 10ms/93.2%, 20ms/96.6%, 50ms/98.6%, 100ms/99.3%
[58.702s][info][gc,marking  ] GC(150) Mark: 2 stripe(s), 1 proactive flush(es), 1 terminate flush(es), 0 completion(s), 0 continuation(s) 
[58.702s][info][gc,marking  ] GC(150) Mark Stack Usage: 32M
[58.702s][info][gc,nmethod  ] GC(150) NMethods: 3395 registered, 1172 unregistered
[58.702s][info][gc,metaspace] GC(150) Metaspace: 8M used, 9M committed, 1088M reserved
[58.702s][info][gc,ref      ] GC(150) Soft: 351 encountered, 0 discovered, 0 enqueued
[58.702s][info][gc,ref      ] GC(150) Weak: 572 encountered, 79 discovered, 0 enqueued
[58.702s][info][gc,ref      ] GC(150) Final: 3 encountered, 3 discovered, 0 enqueued
[58.702s][info][gc,ref      ] GC(150) Phantom: 26 encountered, 10 discovered, 0 enqueued
[58.702s][info][gc,reloc    ] GC(150) Small Pages: 21 / 42M, Empty: 32M, Relocated: 1M, In-Place: 0
[58.702s][info][gc,reloc    ] GC(150) Medium Pages: 2 / 64M, Empty: 32M, Relocated: 0M, In-Place: 0
[58.702s][info][gc,reloc    ] GC(150) Large Pages: 0 / 0M, Empty: 0M, Relocated: 0M, In-Place: 0
[58.702s][info][gc,reloc    ] GC(150) Forwarding Usage: 0M
[58.702s][info][gc,heap     ] GC(150) Min Capacity: 2048M(100%)
[58.702s][info][gc,heap     ] GC(150) Max Capacity: 2048M(100%)
[58.702s][info][gc,heap     ] GC(150) Soft Max Capacity: 2048M(100%)
[58.702s][info][gc,heap     ] GC(150)                Mark Start          Mark End        Relocate Start      Relocate End           High               Low         
[58.703s][info][gc,heap     ] GC(150)  Capacity:     2048M (100%)       2048M (100%)       2048M (100%)       2048M (100%)       2048M (100%)       2048M (100%)   
[58.703s][info][gc,heap     ] GC(150)      Free:     1942M (95%)        1942M (95%)        2006M (98%)        2008M (98%)        2008M (98%)        1942M (95%)    
[58.703s][info][gc,heap     ] GC(150)      Used:      106M (5%)          106M (5%)           42M (2%)           40M (2%)          106M (5%)           40M (2%)     
[58.703s][info][gc,heap     ] GC(150)      Live:         -                 8M (0%)            8M (0%)            8M (0%)             -                  -          
[58.703s][info][gc,heap     ] GC(150) Allocated:         -                 0M (0%)            0M (0%)            0M (0%)             -                  -          
[58.703s][info][gc,heap     ] GC(150)   Garbage:         -                97M (5%)           33M (2%)           31M (2%)             -                  -          
[58.703s][info][gc,heap     ] GC(150) Reclaimed:         -                  -                64M (3%)           66M (3%)             -                  -          
[58.703s][info][gc          ] GC(150) Garbage Collection (System.gc()) 106M(5%)->40M(2%)
[58.996s][info][gc,start    ] GC(151) Garbage Collection (Allocation Rate)
[58.996s][info][gc,task     ] GC(151) Using 1 workers
[58.996s][info][gc,phases   ] GC(151) Pause Mark Start 0.007ms
[59.007s][info][gc,phases   ] GC(151) Concurrent Mark 9.917ms
[59.007s][info][gc,phases   ] GC(151) Pause Mark End 0.061ms
[59.007s][info][gc,phases   ] GC(151) Concurrent Mark Free 0.001ms
[59.014s][info][gc,phases   ] GC(151) Concurrent Process Non-Strong References 7.444ms
[59.015s][info][gc,phases   ] GC(151) Concurrent Reset Relocation Set 0.001ms
[59.016s][info][gc,phases   ] GC(151) Concurrent Select Relocation Set 1.974ms
[59.017s][info][gc,phases   ] GC(151) Pause Relocate Start 0.009ms
[59.018s][info][gc,phases   ] GC(151) Concurrent Relocate 1.387ms
[59.018s][info][gc,load     ] GC(151) Load: 0.00/0.00/0.00
[59.018s][info][gc,mmu      ] GC(151) MMU: 2ms/66.0%, 5ms/86.4%, 10ms/93.2%, 20ms/96.6%, 50ms/98.6%, 100ms/99.3%
[59.018s][info][gc,marking  ] GC(151) Mark: 1 stripe(s), 2 proactive flush(es), 1 terminate flush(es), 1 completion(s), 0 continuation(s) 
[59.018s][info][gc,marking  ] GC(151) Mark Stack Usage: 32M
[59.018s][info][gc,nmethod  ] GC(151) NMethods: 3399 registered, 1172 unregistered
[59.018s][info][gc,metaspace] GC(151) Metaspace: 8M used, 9M committed, 1088M reserved
[59.018s][info][gc,ref      ] GC(151) Soft: 351 encountered, 0 discovered, 0 enqueued
[59.018s][info][gc,ref      ] GC(151) Weak: 805 encountered, 218 discovered, 184 enqueued
[59.018s][info][gc,ref      ] GC(151) Final: 3 encountered, 0 discovered, 0 enqueued
[59.018s][info][gc,ref      ] GC(151) Phantom: 110 encountered, 93 discovered, 0 enqueued
[59.018s][info][gc,reloc    ] GC(151) Small Pages: 605 / 1210M, Empty: 986M, Relocated: 1M, In-Place: 0
[59.018s][info][gc,reloc    ] GC(151) Medium Pages: 2 / 64M, Empty: 32M, Relocated: 0M, In-Place: 0
[59.018s][info][gc,reloc    ] GC(151) Large Pages: 0 / 0M, Empty: 0M, Relocated: 0M, In-Place: 0
[59.018s][info][gc,reloc    ] GC(151) Forwarding Usage: 0M
[59.018s][info][gc,heap     ] GC(151) Min Capacity: 2048M(100%)
[59.018s][info][gc,heap     ] GC(151) Max Capacity: 2048M(100%)
[59.018s][info][gc,heap     ] GC(151) Soft Max Capacity: 2048M(100%)
[59.018s][info][gc,heap     ] GC(151)                Mark Start          Mark End        Relocate Start      Relocate End           High               Low         
[59.018s][info][gc,heap     ] GC(151)  Capacity:     2048M (100%)       2048M (100%)       2048M (100%)       2048M (100%)       2048M (100%)       2048M (100%)   
[59.018s][info][gc,heap     ] GC(151)      Free:      774M (38%)         724M (35%)        1712M (84%)        1922M (94%)        1926M (94%)         702M (34%)    
[59.018s][info][gc,heap     ] GC(151)      Used:     1274M (62%)        1324M (65%)         336M (16%)         126M (6%)         1346M (66%)         122M (6%)     
[59.018s][info][gc,heap     ] GC(151)      Live:         -                 9M (0%)            9M (0%)            9M (0%)             -                  -          
[59.018s][info][gc,heap     ] GC(151) Allocated:         -                50M (2%)           80M (4%)           87M (4%)             -                  -          
[59.018s][info][gc,heap     ] GC(151)   Garbage:         -              1264M (62%)         246M (12%)          29M (1%)             -                  -          
[59.018s][info][gc,heap     ] GC(151) Reclaimed:         -                  -              1018M (50%)        1235M (60%)            -                  -          
[59.018s][info][gc          ] GC(151) Garbage Collection (Allocation Rate) 1274M(62%)->126M(6%)
[59.402s][info][gc,start    ] GC(152) Garbage Collection (Allocation Rate)
[59.402s][info][gc,task     ] GC(152) Using 1 workers
[59.402s][info][gc,phases   ] GC(152) Pause Mark Start 0.009ms
[59.420s][info][gc,phases   ] GC(152) Concurrent Mark 12.099ms
[59.420s][info][gc,phases   ] GC(152) Pause Mark End 0.016ms
[59.424s][info][gc,phases   ] GC(152) Concurrent Mark Free 0.002ms
[59.431s][info][gc,phases   ] GC(152) Concurrent Process Non-Strong References 7.355ms
[59.431s][info][gc,phases   ] GC(152) Concurrent Reset Relocation Set 0.005ms
[59.433s][info][gc,phases   ] GC(152) Concurrent Select Relocation Set 2.016ms
[59.433s][info][gc,phases   ] GC(152) Pause Relocate Start 0.011ms
[59.439s][info][gc,phases   ] GC(152) Concurrent Relocate 0.623ms
[59.439s][info][gc,load     ] GC(152) Load: 0.00/0.00/0.00
[59.439s][info][gc,mmu      ] GC(152) MMU: 2ms/66.0%, 5ms/86.4%, 10ms/93.2%, 20ms/96.6%, 50ms/98.6%, 100ms/99.3%
[59.439s][info][gc,marking  ] GC(152) Mark: 1 stripe(s), 2 proactive flush(es), 1 terminate flush(es), 0 completion(s), 0 continuation(s) 
[59.439s][info][gc,marking  ] GC(152) Mark Stack Usage: 32M
[59.439s][info][gc,nmethod  ] GC(152) NMethods: 3400 registered, 1172 unregistered
[59.439s][info][gc,metaspace] GC(152) Metaspace: 8M used, 9M committed, 1088M reserved
[59.439s][info][gc,ref      ] GC(152) Soft: 351 encountered, 0 discovered, 0 enqueued
[59.439s][info][gc,ref      ] GC(152) Weak: 874 encountered, 282 discovered, 258 enqueued
[59.439s][info][gc,ref      ] GC(152) Final: 3 encountered, 0 discovered, 0 enqueued
[59.439s][info][gc,ref      ] GC(152) Phantom: 111 encountered, 81 discovered, 0 enqueued
[59.439s][info][gc,reloc    ] GC(152) Small Pages: 826 / 1652M, Empty: 1358M, Relocated: 0M, In-Place: 0
[59.439s][info][gc,reloc    ] GC(152) Medium Pages: 1 / 32M, Empty: 0M, Relocated: 0M, In-Place: 0
[59.439s][info][gc,reloc    ] GC(152) Large Pages: 0 / 0M, Empty: 0M, Relocated: 0M, In-Place: 0
[59.439s][info][gc,reloc    ] GC(152) Forwarding Usage: 0M
[59.439s][info][gc,heap     ] GC(152) Min Capacity: 2048M(100%)
[59.439s][info][gc,heap     ] GC(152) Max Capacity: 2048M(100%)
[59.439s][info][gc,heap     ] GC(152) Soft Max Capacity: 2048M(100%)
[59.439s][info][gc,heap     ] GC(152)                Mark Start          Mark End        Relocate Start      Relocate End           High               Low         
[59.439s][info][gc,heap     ] GC(152)  Capacity:     2048M (100%)       2048M (100%)       2048M (100%)       2048M (100%)       2048M (100%)       2048M (100%)   
[59.439s][info][gc,heap     ] GC(152)      Free:      364M (18%)         292M (14%)        1604M (78%)        1870M (91%)        1870M (91%)         254M (12%)    
[59.439s][info][gc,heap     ] GC(152)      Used:     1684M (82%)        1756M (86%)         444M (22%)         178M (9%)         1794M (88%)         178M (9%)     
[59.439s][info][gc,heap     ] GC(152)      Live:         -                 9M (0%)            9M (0%)            9M (0%)             -                  -          
[59.439s][info][gc,heap     ] GC(152) Allocated:         -                72M (4%)          118M (6%)          137M (7%)             -                  -          
[59.439s][info][gc,heap     ] GC(152)   Garbage:         -              1674M (82%)         316M (15%)          30M (2%)             -                  -          
[59.439s][info][gc,heap     ] GC(152) Reclaimed:         -                  -              1358M (66%)        1643M (80%)            -                  -          
[59.439s][info][gc          ] GC(152) Garbage Collection (Allocation Rate) 1684M(82%)->178M(9%)
[59.702s][info][gc,start    ] GC(153) Garbage Collection (Allocation Rate)
[59.702s][info][gc,task     ] GC(153) Using 1 workers
[59.702s][info][gc,phases   ] GC(153) Pause Mark Start 0.010ms
[59.711s][info][gc,phases   ] GC(153) Concurrent Mark 7.912ms
[59.711s][info][gc,phases   ] GC(153) Pause Mark End 0.014ms
[59.711s][info][gc,phases   ] GC(153) Concurrent Mark Free 0.001ms
[59.718s][info][gc,phases   ] GC(153) Concurrent Process Non-Strong References 7.071ms
[59.718s][info][gc,phases   ] GC(153) Concurrent Reset Relocation Set 0.005ms
[59.720s][info][gc,phases   ] GC(153) Concurrent Select Relocation Set 2.042ms
[59.721s][info][gc,phases   ] GC(153) Pause Relocate Start 0.011ms
[59.721s][info][gc,phases   ] GC(153) Concurrent Relocate 0.449ms
[59.721s][info][gc,load     ] GC(153) Load: 0.00/0.00/0.00
[59.721s][info][gc,mmu      ] GC(153) MMU: 2ms/66.0%, 5ms/86.4%, 10ms/93.2%, 20ms/96.6%, 50ms/98.6%, 100ms/99.3%
[59.721s][info][gc,marking  ] GC(153) Mark: 1 stripe(s), 2 proactive flush(es), 1 terminate flush(es), 0 completion(s), 0 continuation(s) 
[59.721s][info][gc,marking  ] GC(153) Mark Stack Usage: 32M
[59.721s][info][gc,nmethod  ] GC(153) NMethods: 3400 registered, 1172 unregistered
[59.721s][info][gc,metaspace] GC(153) Metaspace: 8M used, 9M committed, 1088M reserved
[59.721s][info][gc,ref      ] GC(153) Soft: 351 encountered, 0 discovered, 0 enqueued
[59.721s][info][gc,ref      ] GC(153) Weak: 808 encountered, 220 discovered, 192 enqueued
[59.721s][info][gc,ref      ] GC(153) Final: 3 encountered, 0 discovered, 0 enqueued
[59.721s][info][gc,ref      ] GC(153) Phantom: 106 encountered, 87 discovered, 0 enqueued
[59.721s][info][gc,reloc    ] GC(153) Small Pages: 619 / 1238M, Empty: 1008M, Relocated: 0M, In-Place: 0
[59.721s][info][gc,reloc    ] GC(153) Medium Pages: 1 / 32M, Empty: 0M, Relocated: 0M, In-Place: 0
[59.721s][info][gc,reloc    ] GC(153) Large Pages: 0 / 0M, Empty: 0M, Relocated: 0M, In-Place: 0
[59.721s][info][gc,reloc    ] GC(153) Forwarding Usage: 0M
[59.721s][info][gc,heap     ] GC(153) Min Capacity: 2048M(100%)
[59.721s][info][gc,heap     ] GC(153) Max Capacity: 2048M(100%)
[59.721s][info][gc,heap     ] GC(153) Soft Max Capacity: 2048M(100%)
[59.721s][info][gc,heap     ] GC(153)                Mark Start          Mark End        Relocate Start      Relocate End           High               Low         
[59.721s][info][gc,heap     ] GC(153)  Capacity:     2048M (100%)       2048M (100%)       2048M (100%)       2048M (100%)       2048M (100%)       2048M (100%)   
[59.721s][info][gc,heap     ] GC(153)      Free:      778M (38%)         742M (36%)        1716M (84%)        1936M (95%)        1936M (95%)         714M (35%)    
[59.721s][info][gc,heap     ] GC(153)      Used:     1270M (62%)        1306M (64%)         332M (16%)         112M (5%)         1334M (65%)         112M (5%)     
[59.721s][info][gc,heap     ] GC(153)      Live:         -                 9M (0%)            9M (0%)            9M (0%)             -                  -          
[59.721s][info][gc,heap     ] GC(153) Allocated:         -                36M (2%)           70M (3%)           71M (4%)             -                  -          
[59.721s][info][gc,heap     ] GC(153)   Garbage:         -              1260M (62%)         252M (12%)          30M (2%)             -                  -          
[59.721s][info][gc,heap     ] GC(153) Reclaimed:         -                  -              1008M (49%)        1229M (60%)            -                  -          
[59.721s][info][gc          ] GC(153) Garbage Collection (Allocation Rate) 1270M(62%)->112M(5%)
[59.999s][info][gc,start    ] GC(154) Garbage Collection (Allocation Rate)
[59.999s][info][gc,task     ] GC(154) Using 1 workers
[59.999s][info][gc,phases   ] GC(154) Pause Mark Start 0.015ms
[60.008s][info][gc,phases   ] GC(154) Concurrent Mark 8.154ms
[60.008s][info][gc,phases   ] GC(154) Pause Mark End 0.016ms
[60.008s][info][gc,phases   ] GC(154) Concurrent Mark Free 0.001ms
[60.015s][info][gc,phases   ] GC(154) Concurrent Process Non-Strong References 7.097ms
[60.015s][info][gc,phases   ] GC(154) Concurrent Reset Relocation Set 0.005ms
[60.018s][info][gc,phases   ] GC(154) Concurrent Select Relocation Set 2.130ms
[60.018s][info][gc,phases   ] GC(154) Pause Relocate Start 0.010ms
[60.018s][info][gc,phases   ] GC(154) Concurrent Relocate 0.433ms
[60.018s][info][gc,load     ] GC(154) Load: 0.00/0.00/0.00
[60.018s][info][gc,mmu      ] GC(154) MMU: 2ms/66.0%, 5ms/86.4%, 10ms/93.2%, 20ms/96.6%, 50ms/98.6%, 100ms/99.3%
[60.019s][info][gc,marking  ] GC(154) Mark: 1 stripe(s), 2 proactive flush(es), 1 terminate flush(es), 0 completion(s), 0 continuation(s) 
[60.019s][info][gc,marking  ] GC(154) Mark Stack Usage: 32M
[60.019s][info][gc,nmethod  ] GC(154) NMethods: 3401 registered, 1172 unregistered
[60.019s][info][gc,metaspace] GC(154) Metaspace: 8M used, 9M committed, 1088M reserved
[60.019s][info][gc,ref      ] GC(154) Soft: 351 encountered, 0 discovered, 0 enqueued
[60.019s][info][gc,ref      ] GC(154) Weak: 810 encountered, 222 discovered, 192 enqueued
[60.019s][info][gc,ref      ] GC(154) Final: 3 encountered, 0 discovered, 0 enqueued
[60.019s][info][gc,ref      ] GC(154) Phantom: 110 encountered, 90 discovered, 0 enqueued
[60.019s][info][gc,reloc    ] GC(154) Small Pages: 619 / 1238M, Empty: 1004M, Relocated: 0M, In-Place: 0
[60.019s][info][gc,reloc    ] GC(154) Medium Pages: 1 / 32M, Empty: 0M, Relocated: 0M, In-Place: 0
[60.019s][info][gc,reloc    ] GC(154) Large Pages: 0 / 0M, Empty: 0M, Relocated: 0M, In-Place: 0
[60.019s][info][gc,reloc    ] GC(154) Forwarding Usage: 0M
[60.019s][info][gc,heap     ] GC(154) Min Capacity: 2048M(100%)
[60.019s][info][gc,heap     ] GC(154) Max Capacity: 2048M(100%)
[60.019s][info][gc,heap     ] GC(154) Soft Max Capacity: 2048M(100%)
[60.019s][info][gc,heap     ] GC(154)                Mark Start          Mark End        Relocate Start      Relocate End           High               Low         
[60.019s][info][gc,heap     ] GC(154)  Capacity:     2048M (100%)       2048M (100%)       2048M (100%)       2048M (100%)       2048M (100%)       2048M (100%)   
[60.019s][info][gc,heap     ] GC(154)      Free:      778M (38%)         744M (36%)        1714M (84%)        1940M (95%)        1940M (95%)         718M (35%)    
[60.019s][info][gc,heap     ] GC(154)      Used:     1270M (62%)        1304M (64%)         334M (16%)         108M (5%)         1330M (65%)         108M (5%)     
[60.019s][info][gc,heap     ] GC(154)      Live:         -                 9M (0%)            9M (0%)            9M (0%)             -                  -          
[60.019s][info][gc,heap     ] GC(154) Allocated:         -                34M (2%)           68M (3%)           67M (3%)             -                  -          
[60.019s][info][gc,heap     ] GC(154)   Garbage:         -              1260M (62%)         256M (13%)          30M (2%)             -                  -          
[60.019s][info][gc,heap     ] GC(154) Reclaimed:         -                  -              1004M (49%)        1229M (60%)            -                  -          
[60.019s][info][gc          ] GC(154) Garbage Collection (Allocation Rate) 1270M(62%)->108M(5%)
[60.110s][info][gc,stats    ] === Garbage Collection Statistics =======================================================================================================================
[60.110s][info][gc,stats    ]                                                              Last 10s              Last 10m              Last 10h                Total
[60.110s][info][gc,stats    ]                                                              Avg / Max             Avg / Max             Avg / Max             Avg / Max
[60.110s][info][gc,stats    ]   Collector: Garbage Collection Cycle                     24.071 / 38.618       29.367 / 162.441      29.367 / 162.441      29.367 / 162.441     ms
[60.110s][info][gc,stats    ]  Contention: Mark Segment Reset Contention                     0 / 0                 0 / 1                 0 / 1                 0 / 1           ops/s
[60.110s][info][gc,stats    ]  Contention: Mark SeqNum Reset Contention                      0 / 0                 0 / 1                 0 / 1                 0 / 1           ops/s
[60.110s][info][gc,stats    ]    Critical: Allocation Stall                                  0 / 0                 0 / 0                 0 / 0                 0 / 0           ops/s
[60.110s][info][gc,stats    ]    Critical: Allocation Stall                              0.000 / 0.000         0.000 / 0.000         0.000 / 0.000         0.000 / 0.000       ms
[60.110s][info][gc,stats    ]    Critical: GC Locker Stall                                   0 / 0                 0 / 0                 0 / 0                 0 / 0           ops/s
[60.110s][info][gc,stats    ]    Critical: GC Locker Stall                               0.000 / 0.000         0.000 / 0.000         0.000 / 0.000         0.000 / 0.000       ms
[60.110s][info][gc,stats    ]    Critical: Relocation Stall                                  0 / 0                 0 / 0                 0 / 0                 0 / 0           ops/s
[60.110s][info][gc,stats    ]    Critical: Relocation Stall                              0.000 / 0.000         0.000 / 0.000         0.000 / 0.000         0.000 / 0.000       ms
[60.110s][info][gc,stats    ]      Memory: Allocation Rate                                3871 / 4118           3590 / 4118           3590 / 4118           3590 / 4118        MB/s
[60.110s][info][gc,stats    ]      Memory: Out Of Memory                                     0 / 0                 0 / 0                 0 / 0                 0 / 0           ops/s
[60.110s][info][gc,stats    ]      Memory: Page Cache Flush                                  0 / 0                 0 / 0                 0 / 0                 0 / 0           MB/s
[60.110s][info][gc,stats    ]      Memory: Page Cache Hit L1                              1932 / 2061           1778 / 2061           1778 / 2061           1778 / 2061        ops/s
[60.110s][info][gc,stats    ]      Memory: Page Cache Hit L2                                 0 / 0                 0 / 0                 0 / 0                 0 / 0           ops/s
[60.110s][info][gc,stats    ]      Memory: Page Cache Hit L3                                 0 / 0                15 / 230              15 / 230              15 / 230         ops/s
[60.110s][info][gc,stats    ]      Memory: Page Cache Miss                                   0 / 0                 0 / 1                 0 / 1                 0 / 1           ops/s
[60.110s][info][gc,stats    ]      Memory: Uncommit                                          0 / 0                 0 / 0                 0 / 0                 0 / 0           MB/s
[60.110s][info][gc,stats    ]      Memory: Undo Object Allocation Failed                     0 / 0                 0 / 1                 0 / 1                 0 / 1           ops/s
[60.110s][info][gc,stats    ]      Memory: Undo Object Allocation Succeeded                 13 / 27               10 / 33               10 / 33               10 / 33          ops/s
[60.110s][info][gc,stats    ]      Memory: Undo Page Allocation                              0 / 1                 0 / 2                 0 / 2                 0 / 2           ops/s
[60.110s][info][gc,stats    ]       Phase: Concurrent Mark                               9.591 / 19.462       13.846 / 126.705      13.846 / 126.705      13.846 / 126.705     ms
[60.110s][info][gc,stats    ]       Phase: Concurrent Mark Continue                      0.000 / 0.000         0.000 / 0.000         0.000 / 0.000         0.000 / 0.000       ms
[60.110s][info][gc,stats    ]       Phase: Concurrent Mark Free                          0.001 / 0.003         0.001 / 0.004         0.001 / 0.004         0.001 / 0.004       ms
[60.110s][info][gc,stats    ]       Phase: Concurrent Process Non-Strong References      8.027 / 17.663        7.543 / 23.758        7.543 / 23.758        7.543 / 23.758      ms
[60.110s][info][gc,stats    ]       Phase: Concurrent Relocate                           0.743 / 1.624         0.778 / 3.882         0.778 / 3.882         0.778 / 3.882       ms
[60.110s][info][gc,stats    ]       Phase: Concurrent Reset Relocation Set               0.006 / 0.009         0.006 / 0.012         0.006 / 0.012         0.006 / 0.012       ms
[60.110s][info][gc,stats    ]       Phase: Concurrent Select Relocation Set              1.982 / 2.344         2.038 / 3.268         2.038 / 3.268         2.038 / 3.268       ms
[60.110s][info][gc,stats    ]       Phase: Pause Mark End                                0.019 / 0.072         0.024 / 0.680         0.024 / 0.680         0.024 / 0.680       ms
[60.110s][info][gc,stats    ]       Phase: Pause Mark Start                              0.010 / 0.015         0.010 / 0.021         0.010 / 0.021         0.010 / 0.021       ms
[60.110s][info][gc,stats    ]       Phase: Pause Relocate Start                          0.011 / 0.016         0.011 / 0.016         0.011 / 0.016         0.011 / 0.016       ms
[60.110s][info][gc,stats    ]    Subphase: Concurrent Classes Purge                      0.240 / 0.315         0.237 / 0.630         0.237 / 0.630         0.237 / 0.630       ms
[60.110s][info][gc,stats    ]    Subphase: Concurrent Classes Unlink                     5.847 / 6.484         5.442 / 7.706         5.442 / 7.706         5.442 / 7.706       ms
[60.110s][info][gc,stats    ]    Subphase: Concurrent Mark                               8.512 / 18.927       14.408 / 125.306      14.408 / 125.306      14.408 / 125.306     ms
[60.110s][info][gc,stats    ]    Subphase: Concurrent Mark Try Flush                     0.562 / 6.050         1.679 / 32.302        1.679 / 32.302        1.679 / 32.302      ms
[60.110s][info][gc,stats    ]    Subphase: Concurrent Mark Try Terminate                 0.407 / 9.653         2.356 / 31.618        2.356 / 31.618        2.356 / 31.618      ms
[60.110s][info][gc,stats    ]    Subphase: Concurrent References Enqueue                 0.005 / 0.007         0.005 / 0.008         0.005 / 0.008         0.005 / 0.008       ms
[60.110s][info][gc,stats    ]    Subphase: Concurrent References Process                 0.113 / 0.153         0.112 / 0.183         0.112 / 0.183         0.112 / 0.183       ms
[60.110s][info][gc,stats    ]    Subphase: Concurrent Roots ClassLoaderDataGraph         0.101 / 0.224         0.091 / 0.292         0.091 / 0.292         0.091 / 0.292       ms
[60.110s][info][gc,stats    ]    Subphase: Concurrent Roots CodeCache                    0.000 / 0.000         0.000 / 0.000         0.000 / 0.000         0.000 / 0.000       ms
[60.110s][info][gc,stats    ]    Subphase: Concurrent Roots JavaThreads                  0.431 / 3.827         0.359 / 3.827         0.359 / 3.827         0.359 / 3.827       ms
[60.110s][info][gc,stats    ]    Subphase: Concurrent Roots OopStorageSet                0.023 / 0.040         0.023 / 0.065         0.023 / 0.065         0.023 / 0.065       ms
[60.110s][info][gc,stats    ]    Subphase: Concurrent Weak Roots OopStorageSet           0.232 / 0.394         0.221 / 0.530         0.221 / 0.530         0.221 / 0.530       ms
[60.110s][info][gc,stats    ]    Subphase: Pause Mark Try Complete                       0.003 / 0.005         0.004 / 0.018         0.004 / 0.018         0.004 / 0.018       ms
[60.110s][info][gc,stats    ]      System: Java Threads                                     17 / 18               17 / 19               17 / 19               17 / 19          threads
[60.110s][info][gc,stats    ] =========================================================================================================================================================
[60.300s][info][gc,start    ] GC(155) Garbage Collection (Allocation Rate)
[60.300s][info][gc,task     ] GC(155) Using 1 workers
[60.300s][info][gc,phases   ] GC(155) Pause Mark Start 0.008ms
[60.310s][info][gc,phases   ] GC(155) Concurrent Mark 8.550ms
[60.310s][info][gc,phases   ] GC(155) Pause Mark End 0.070ms
[60.310s][info][gc,phases   ] GC(155) Concurrent Mark Free 0.001ms
[60.317s][info][gc,phases   ] GC(155) Concurrent Process Non-Strong References 6.810ms
[60.317s][info][gc,phases   ] GC(155) Concurrent Reset Relocation Set 0.005ms
[60.319s][info][gc,phases   ] GC(155) Concurrent Select Relocation Set 2.014ms
[60.319s][info][gc,phases   ] GC(155) Pause Relocate Start 0.012ms
[60.320s][info][gc,phases   ] GC(155) Concurrent Relocate 0.443ms
[60.320s][info][gc,load     ] GC(155) Load: 0.00/0.00/0.00
[60.320s][info][gc,mmu      ] GC(155) MMU: 2ms/66.0%, 5ms/86.4%, 10ms/93.2%, 20ms/96.6%, 50ms/98.6%, 100ms/99.3%
[60.320s][info][gc,marking  ] GC(155) Mark: 1 stripe(s), 2 proactive flush(es), 1 terminate flush(es), 1 completion(s), 0 continuation(s) 
[60.320s][info][gc,marking  ] GC(155) Mark Stack Usage: 32M
[60.320s][info][gc,nmethod  ] GC(155) NMethods: 3403 registered, 1172 unregistered
[60.320s][info][gc,metaspace] GC(155) Metaspace: 8M used, 9M committed, 1088M reserved
[60.320s][info][gc,ref      ] GC(155) Soft: 351 encountered, 0 discovered, 0 enqueued
[60.320s][info][gc,ref      ] GC(155) Weak: 809 encountered, 222 discovered, 191 enqueued
[60.320s][info][gc,ref      ] GC(155) Final: 3 encountered, 0 discovered, 0 enqueued
[60.320s][info][gc,ref      ] GC(155) Phantom: 110 encountered, 92 discovered, 0 enqueued
[60.320s][info][gc,reloc    ] GC(155) Small Pages: 610 / 1220M, Empty: 992M, Relocated: 0M, In-Place: 0
[60.320s][info][gc,reloc    ] GC(155) Medium Pages: 1 / 32M, Empty: 0M, Relocated: 0M, In-Place: 0
[60.320s][info][gc,reloc    ] GC(155) Large Pages: 0 / 0M, Empty: 0M, Relocated: 0M, In-Place: 0
[60.320s][info][gc,reloc    ] GC(155) Forwarding Usage: 0M
[60.320s][info][gc,heap     ] GC(155) Min Capacity: 2048M(100%)
[60.320s][info][gc,heap     ] GC(155) Max Capacity: 2048M(100%)
[60.320s][info][gc,heap     ] GC(155) Soft Max Capacity: 2048M(100%)
[60.320s][info][gc,heap     ] GC(155)                Mark Start          Mark End        Relocate Start      Relocate End           High               Low         
[60.320s][info][gc,heap     ] GC(155)  Capacity:     2048M (100%)       2048M (100%)       2048M (100%)       2048M (100%)       2048M (100%)       2048M (100%)   
[60.320s][info][gc,heap     ] GC(155)      Free:      796M (39%)         754M (37%)        1724M (84%)        1942M (95%)        1942M (95%)         738M (36%)    
[60.320s][info][gc,heap     ] GC(155)      Used:     1252M (61%)        1294M (63%)         324M (16%)         106M (5%)         1310M (64%)         106M (5%)     
[60.320s][info][gc,heap     ] GC(155)      Live:         -                 9M (0%)            9M (0%)            9M (0%)             -                  -          
[60.320s][info][gc,heap     ] GC(155) Allocated:         -                42M (2%)           64M (3%)           65M (3%)             -                  -          
[60.320s][info][gc,heap     ] GC(155)   Garbage:         -              1242M (61%)         250M (12%)          30M (2%)             -                  -          
[60.320s][info][gc,heap     ] GC(155) Reclaimed:         -                  -               992M (48%)        1211M (59%)            -                  -          
[60.320s][info][gc          ] GC(155) Garbage Collection (Allocation Rate) 1252M(61%)->106M(5%)
[60.709s][info][gc,start    ] GC(156) Garbage Collection (Allocation Rate)
[60.709s][info][gc,task     ] GC(156) Using 1 workers
[60.709s][info][gc,phases   ] GC(156) Pause Mark Start 0.014ms
[60.719s][info][gc,phases   ] GC(156) Concurrent Mark 8.428ms
[60.719s][info][gc,phases   ] GC(156) Pause Mark End 0.015ms
[60.720s][info][gc,phases   ] GC(156) Concurrent Mark Free 0.000ms
[60.727s][info][gc,phases   ] GC(156) Concurrent Process Non-Strong References 6.991ms
[60.727s][info][gc,phases   ] GC(156) Concurrent Reset Relocation Set 0.004ms
[60.729s][info][gc,phases   ] GC(156) Concurrent Select Relocation Set 2.049ms
[60.729s][info][gc,phases   ] GC(156) Pause Relocate Start 0.011ms
[60.729s][info][gc,phases   ] GC(156) Concurrent Relocate 0.510ms
[60.729s][info][gc,load     ] GC(156) Load: 0.00/0.00/0.00
[60.729s][info][gc,mmu      ] GC(156) MMU: 2ms/66.0%, 5ms/86.4%, 10ms/93.2%, 20ms/96.6%, 50ms/98.6%, 100ms/99.3%
[60.730s][info][gc,marking  ] GC(156) Mark: 1 stripe(s), 2 proactive flush(es), 1 terminate flush(es), 0 completion(s), 0 continuation(s) 
[60.730s][info][gc,marking  ] GC(156) Mark Stack Usage: 32M
[60.730s][info][gc,nmethod  ] GC(156) NMethods: 3403 registered, 1172 unregistered
[60.730s][info][gc,metaspace] GC(156) Metaspace: 8M used, 9M committed, 1088M reserved
[60.730s][info][gc,ref      ] GC(156) Soft: 351 encountered, 0 discovered, 0 enqueued
[60.730s][info][gc,ref      ] GC(156) Weak: 886 encountered, 292 discovered, 261 enqueued
[60.730s][info][gc,ref      ] GC(156) Final: 3 encountered, 0 discovered, 0 enqueued
[60.730s][info][gc,ref      ] GC(156) Phantom: 116 encountered, 101 discovered, 0 enqueued
[60.730s][info][gc,reloc    ] GC(156) Small Pages: 849 / 1698M, Empty: 1398M, Relocated: 0M, In-Place: 0
[60.730s][info][gc,reloc    ] GC(156) Medium Pages: 1 / 32M, Empty: 0M, Relocated: 0M, In-Place: 0
[60.730s][info][gc,reloc    ] GC(156) Large Pages: 0 / 0M, Empty: 0M, Relocated: 0M, In-Place: 0
[60.730s][info][gc,reloc    ] GC(156) Forwarding Usage: 0M
[60.730s][info][gc,heap     ] GC(156) Min Capacity: 2048M(100%)
[60.730s][info][gc,heap     ] GC(156) Max Capacity: 2048M(100%)
[60.730s][info][gc,heap     ] GC(156) Soft Max Capacity: 2048M(100%)
[60.730s][info][gc,heap     ] GC(156)                Mark Start          Mark End        Relocate Start      Relocate End           High               Low         
[60.730s][info][gc,heap     ] GC(156)  Capacity:     2048M (100%)       2048M (100%)       2048M (100%)       2048M (100%)       2048M (100%)       2048M (100%)   
[60.730s][info][gc,heap     ] GC(156)      Free:      318M (16%)         280M (14%)        1646M (80%)        1934M (94%)        1934M (94%)         254M (12%)    
[60.730s][info][gc,heap     ] GC(156)      Used:     1730M (84%)        1768M (86%)         402M (20%)         114M (6%)         1794M (88%)         114M (6%)     
[60.730s][info][gc,heap     ] GC(156)      Live:         -                 9M (0%)            9M (0%)            9M (0%)             -                  -          
[60.730s][info][gc,heap     ] GC(156) Allocated:         -                38M (2%)           70M (3%)           73M (4%)             -                  -          
[60.730s][info][gc,heap     ] GC(156)   Garbage:         -              1720M (84%)         322M (16%)          30M (2%)             -                  -          
[60.730s][info][gc,heap     ] GC(156) Reclaimed:         -                  -              1398M (68%)        1689M (83%)            -                  -          
[60.730s][info][gc          ] GC(156) Garbage Collection (Allocation Rate) 1730M(84%)->114M(6%)
[61.104s][info][gc,start    ] GC(157) Garbage Collection (Allocation Rate)
[61.104s][info][gc,task     ] GC(157) Using 1 workers
[61.104s][info][gc,phases   ] GC(157) Pause Mark Start 0.010ms
[61.120s][info][gc,phases   ] GC(157) Concurrent Mark 14.806ms
[61.120s][info][gc,phases   ] GC(157) Pause Mark End 0.015ms
[61.120s][info][gc,phases   ] GC(157) Concurrent Mark Free 0.001ms
[61.128s][info][gc,phases   ] GC(157) Concurrent Process Non-Strong References 7.561ms
[61.128s][info][gc,phases   ] GC(157) Concurrent Reset Relocation Set 0.005ms
[61.130s][info][gc,phases   ] GC(157) Concurrent Select Relocation Set 2.059ms
[61.130s][info][gc,phases   ] GC(157) Pause Relocate Start 0.023ms
[61.131s][info][gc,phases   ] GC(157) Concurrent Relocate 0.495ms
[61.131s][info][gc,load     ] GC(157) Load: 0.00/0.00/0.00
[61.131s][info][gc,mmu      ] GC(157) MMU: 2ms/66.0%, 5ms/86.4%, 10ms/93.2%, 20ms/96.6%, 50ms/98.6%, 100ms/99.3%
[61.131s][info][gc,marking  ] GC(157) Mark: 1 stripe(s), 2 proactive flush(es), 1 terminate flush(es), 0 completion(s), 0 continuation(s) 
[61.131s][info][gc,marking  ] GC(157) Mark Stack Usage: 32M
[61.131s][info][gc,nmethod  ] GC(157) NMethods: 3403 registered, 1172 unregistered
[61.131s][info][gc,metaspace] GC(157) Metaspace: 8M used, 9M committed, 1088M reserved
[61.131s][info][gc,ref      ] GC(157) Soft: 351 encountered, 0 discovered, 0 enqueued
[61.131s][info][gc,ref      ] GC(157) Weak: 876 encountered, 282 discovered, 252 enqueued
[61.131s][info][gc,ref      ] GC(157) Final: 3 encountered, 0 discovered, 0 enqueued
[61.131s][info][gc,ref      ] GC(157) Phantom: 112 encountered, 86 discovered, 0 enqueued
[61.131s][info][gc,reloc    ] GC(157) Small Pages: 808 / 1616M, Empty: 1322M, Relocated: 0M, In-Place: 0
[61.131s][info][gc,reloc    ] GC(157) Medium Pages: 1 / 32M, Empty: 0M, Relocated: 0M, In-Place: 0
[61.131s][info][gc,reloc    ] GC(157) Large Pages: 0 / 0M, Empty: 0M, Relocated: 0M, In-Place: 0
[61.131s][info][gc,reloc    ] GC(157) Forwarding Usage: 0M
[61.131s][info][gc,heap     ] GC(157) Min Capacity: 2048M(100%)
[61.131s][info][gc,heap     ] GC(157) Max Capacity: 2048M(100%)
[61.131s][info][gc,heap     ] GC(157) Soft Max Capacity: 2048M(100%)
[61.131s][info][gc,heap     ] GC(157)                Mark Start          Mark End        Relocate Start      Relocate End           High               Low         
[61.131s][info][gc,heap     ] GC(157)  Capacity:     2048M (100%)       2048M (100%)       2048M (100%)       2048M (100%)       2048M (100%)       2048M (100%)   
[61.131s][info][gc,heap     ] GC(157)      Free:      400M (20%)         332M (16%)        1624M (79%)        1908M (93%)        1908M (93%)         304M (15%)    
[61.131s][info][gc,heap     ] GC(157)      Used:     1648M (80%)        1716M (84%)         424M (21%)         140M (7%)         1744M (85%)         140M (7%)     
[61.131s][info][gc,heap     ] GC(157)      Live:         -                 9M (0%)            9M (0%)            9M (0%)             -                  -          
[61.131s][info][gc,heap     ] GC(157) Allocated:         -                68M (3%)           98M (5%)           99M (5%)             -                  -          
[61.131s][info][gc,heap     ] GC(157)   Garbage:         -              1638M (80%)         316M (15%)          30M (2%)             -                  -          
[61.131s][info][gc,heap     ] GC(157) Reclaimed:         -                  -              1322M (65%)        1607M (79%)            -                  -          
[61.131s][info][gc          ] GC(157) Garbage Collection (Allocation Rate) 1648M(80%)->140M(7%)
[61.499s][info][gc,start    ] GC(158) Garbage Collection (Allocation Rate)
[61.499s][info][gc,task     ] GC(158) Using 1 workers
[61.499s][info][gc,phases   ] GC(158) Pause Mark Start 0.008ms
[61.511s][info][gc,phases   ] GC(158) Concurrent Mark 11.209ms
[61.511s][info][gc,phases   ] GC(158) Pause Mark End 0.018ms
[61.511s][info][gc,phases   ] GC(158) Concurrent Mark Free 0.001ms
[61.518s][info][gc,phases   ] GC(158) Concurrent Process Non-Strong References 6.896ms
[61.518s][info][gc,phases   ] GC(158) Concurrent Reset Relocation Set 0.006ms
[61.520s][info][gc,phases   ] GC(158) Concurrent Select Relocation Set 2.039ms
[61.520s][info][gc,phases   ] GC(158) Pause Relocate Start 0.011ms
[61.522s][info][gc,phases   ] GC(158) Concurrent Relocate 1.397ms
[61.522s][info][gc,load     ] GC(158) Load: 0.00/0.00/0.00
[61.522s][info][gc,mmu      ] GC(158) MMU: 2ms/66.0%, 5ms/86.4%, 10ms/93.2%, 20ms/96.6%, 50ms/98.6%, 100ms/99.3%
[61.522s][info][gc,marking  ] GC(158) Mark: 1 stripe(s), 3 proactive flush(es), 1 terminate flush(es), 0 completion(s), 0 continuation(s) 
[61.522s][info][gc,marking  ] GC(158) Mark Stack Usage: 32M
[61.522s][info][gc,nmethod  ] GC(158) NMethods: 3403 registered, 1172 unregistered
[61.522s][info][gc,metaspace] GC(158) Metaspace: 8M used, 9M committed, 1088M reserved
[61.522s][info][gc,ref      ] GC(158) Soft: 351 encountered, 0 discovered, 0 enqueued
[61.522s][info][gc,ref      ] GC(158) Weak: 865 encountered, 281 discovered, 260 enqueued
[61.522s][info][gc,ref      ] GC(158) Final: 3 encountered, 0 discovered, 0 enqueued
[61.522s][info][gc,ref      ] GC(158) Phantom: 102 encountered, 85 discovered, 0 enqueued
[61.522s][info][gc,reloc    ] GC(158) Small Pages: 804 / 1608M, Empty: 1334M, Relocated: 1M, In-Place: 0
[61.522s][info][gc,reloc    ] GC(158) Medium Pages: 1 / 32M, Empty: 0M, Relocated: 0M, In-Place: 0
[61.522s][info][gc,reloc    ] GC(158) Large Pages: 0 / 0M, Empty: 0M, Relocated: 0M, In-Place: 0
[61.522s][info][gc,reloc    ] GC(158) Forwarding Usage: 0M
[61.522s][info][gc,heap     ] GC(158) Min Capacity: 2048M(100%)
[61.522s][info][gc,heap     ] GC(158) Max Capacity: 2048M(100%)
[61.522s][info][gc,heap     ] GC(158) Soft Max Capacity: 2048M(100%)
[61.522s][info][gc,heap     ] GC(158)                Mark Start          Mark End        Relocate Start      Relocate End           High               Low         
[61.522s][info][gc,heap     ] GC(158)  Capacity:     2048M (100%)       2048M (100%)       2048M (100%)       2048M (100%)       2048M (100%)       2048M (100%)   
[61.522s][info][gc,heap     ] GC(158)      Free:      408M (20%)         358M (17%)        1662M (81%)        1924M (94%)        1924M (94%)         336M (16%)    
[61.522s][info][gc,heap     ] GC(158)      Used:     1640M (80%)        1690M (83%)         386M (19%)         124M (6%)         1712M (84%)         124M (6%)     
[61.522s][info][gc,heap     ] GC(158)      Live:         -                 9M (0%)            9M (0%)            9M (0%)             -                  -          
[61.522s][info][gc,heap     ] GC(158) Allocated:         -                50M (2%)           80M (4%)           85M (4%)             -                  -          
[61.522s][info][gc,heap     ] GC(158)   Garbage:         -              1630M (80%)         296M (14%)          29M (1%)             -                  -          
[61.522s][info][gc,heap     ] GC(158) Reclaimed:         -                  -              1334M (65%)        1601M (78%)            -                  -          
[61.522s][info][gc          ] GC(158) Garbage Collection (Allocation Rate) 1640M(80%)->124M(6%)
[61.898s][info][gc,start    ] GC(159) Garbage Collection (Allocation Rate)
[61.898s][info][gc,task     ] GC(159) Using 1 workers
[61.898s][info][gc,phases   ] GC(159) Pause Mark Start 0.007ms
[61.910s][info][gc,phases   ] GC(159) Concurrent Mark 9.906ms
[61.910s][info][gc,phases   ] GC(159) Pause Mark End 0.014ms
[61.910s][info][gc,phases   ] GC(159) Concurrent Mark Free 0.001ms
[61.918s][info][gc,phases   ] GC(159) Concurrent Process Non-Strong References 7.261ms
[61.918s][info][gc,phases   ] GC(159) Concurrent Reset Relocation Set 0.005ms
[61.920s][info][gc,phases   ] GC(159) Concurrent Select Relocation Set 2.055ms
[61.920s][info][gc,phases   ] GC(159) Pause Relocate Start 0.012ms
[61.921s][info][gc,phases   ] GC(159) Concurrent Relocate 1.255ms
[61.921s][info][gc,load     ] GC(159) Load: 0.00/0.00/0.00
[61.921s][info][gc,mmu      ] GC(159) MMU: 2ms/66.0%, 5ms/86.4%, 10ms/93.2%, 20ms/96.6%, 50ms/98.6%, 100ms/99.3%
[61.921s][info][gc,marking  ] GC(159) Mark: 1 stripe(s), 2 proactive flush(es), 1 terminate flush(es), 0 completion(s), 0 continuation(s) 
[61.921s][info][gc,marking  ] GC(159) Mark Stack Usage: 32M
[61.921s][info][gc,nmethod  ] GC(159) NMethods: 3403 registered, 1172 unregistered
[61.921s][info][gc,metaspace] GC(159) Metaspace: 8M used, 9M committed, 1088M reserved
[61.921s][info][gc,ref      ] GC(159) Soft: 351 encountered, 0 discovered, 0 enqueued
[61.921s][info][gc,ref      ] GC(159) Weak: 862 encountered, 274 discovered, 251 enqueued
[61.921s][info][gc,ref      ] GC(159) Final: 3 encountered, 0 discovered, 0 enqueued
[61.921s][info][gc,ref      ] GC(159) Phantom: 96 encountered, 76 discovered, 0 enqueued
[61.921s][info][gc,reloc    ] GC(159) Small Pages: 814 / 1628M, Empty: 1334M, Relocated: 1M, In-Place: 0
[61.922s][info][gc,reloc    ] GC(159) Medium Pages: 1 / 32M, Empty: 0M, Relocated: 0M, In-Place: 0
[61.922s][info][gc,reloc    ] GC(159) Large Pages: 0 / 0M, Empty: 0M, Relocated: 0M, In-Place: 0
[61.922s][info][gc,reloc    ] GC(159) Forwarding Usage: 0M
[61.922s][info][gc,heap     ] GC(159) Min Capacity: 2048M(100%)
[61.922s][info][gc,heap     ] GC(159) Max Capacity: 2048M(100%)
[61.922s][info][gc,heap     ] GC(159) Soft Max Capacity: 2048M(100%)
[61.922s][info][gc,heap     ] GC(159)                Mark Start          Mark End        Relocate Start      Relocate End           High               Low         
[61.922s][info][gc,heap     ] GC(159)  Capacity:     2048M (100%)       2048M (100%)       2048M (100%)       2048M (100%)       2048M (100%)       2048M (100%)   
[61.922s][info][gc,heap     ] GC(159)      Free:      388M (19%)         344M (17%)        1652M (81%)        1938M (95%)        1938M (95%)         322M (16%)    
[61.922s][info][gc,heap     ] GC(159)      Used:     1660M (81%)        1704M (83%)         396M (19%)         110M (5%)         1726M (84%)         110M (5%)     
[61.922s][info][gc,heap     ] GC(159)      Live:         -                 9M (0%)            9M (0%)            9M (0%)             -                  -          
[61.922s][info][gc,heap     ] GC(159) Allocated:         -                44M (2%)           70M (3%)           71M (4%)             -                  -          
[61.922s][info][gc,heap     ] GC(159)   Garbage:         -              1650M (81%)         316M (15%)          29M (1%)             -                  -          
[61.922s][info][gc,heap     ] GC(159) Reclaimed:         -                  -              1334M (65%)        1621M (79%)            -                  -          
[61.922s][info][gc          ] GC(159) Garbage Collection (Allocation Rate) 1660M(81%)->110M(5%)
[62.307s][info][gc,start    ] GC(160) Garbage Collection (Allocation Rate)
[62.307s][info][gc,task     ] GC(160) Using 1 workers
[62.307s][info][gc,phases   ] GC(160) Pause Mark Start 0.011ms
[62.316s][info][gc,phases   ] GC(160) Concurrent Mark 8.657ms
[62.316s][info][gc,phases   ] GC(160) Pause Mark End 0.012ms
[62.317s][info][gc,phases   ] GC(160) Concurrent Mark Free 0.001ms
[62.324s][info][gc,phases   ] GC(160) Concurrent Process Non-Strong References 6.993ms
[62.324s][info][gc,phases   ] GC(160) Concurrent Reset Relocation Set 0.005ms
[62.326s][info][gc,phases   ] GC(160) Concurrent Select Relocation Set 2.117ms
[62.326s][info][gc,phases   ] GC(160) Pause Relocate Start 0.015ms
[62.327s][info][gc,phases   ] GC(160) Concurrent Relocate 0.522ms
[62.327s][info][gc,load     ] GC(160) Load: 0.00/0.00/0.00
[62.327s][info][gc,mmu      ] GC(160) MMU: 2ms/66.0%, 5ms/86.4%, 10ms/93.2%, 20ms/96.6%, 50ms/98.6%, 100ms/99.3%
[62.327s][info][gc,marking  ] GC(160) Mark: 1 stripe(s), 2 proactive flush(es), 1 terminate flush(es), 0 completion(s), 0 continuation(s) 
[62.327s][info][gc,marking  ] GC(160) Mark Stack Usage: 32M
[62.327s][info][gc,nmethod  ] GC(160) NMethods: 3403 registered, 1172 unregistered
[62.327s][info][gc,metaspace] GC(160) Metaspace: 8M used, 9M committed, 1088M reserved
[62.327s][info][gc,ref      ] GC(160) Soft: 351 encountered, 0 discovered, 0 enqueued
[62.327s][info][gc,ref      ] GC(160) Weak: 876 encountered, 285 discovered, 247 enqueued
[62.327s][info][gc,ref      ] GC(160) Final: 3 encountered, 0 discovered, 0 enqueued
[62.327s][info][gc,ref      ] GC(160) Phantom: 124 encountered, 110 discovered, 0 enqueued
[62.327s][info][gc,reloc    ] GC(160) Small Pages: 810 / 1620M, Empty: 1328M, Relocated: 0M, In-Place: 0
[62.327s][info][gc,reloc    ] GC(160) Medium Pages: 1 / 32M, Empty: 0M, Relocated: 0M, In-Place: 0
[62.327s][info][gc,reloc    ] GC(160) Large Pages: 0 / 0M, Empty: 0M, Relocated: 0M, In-Place: 0
[62.327s][info][gc,reloc    ] GC(160) Forwarding Usage: 0M
[62.327s][info][gc,heap     ] GC(160) Min Capacity: 2048M(100%)
[62.327s][info][gc,heap     ] GC(160) Max Capacity: 2048M(100%)
[62.327s][info][gc,heap     ] GC(160) Soft Max Capacity: 2048M(100%)
[62.327s][info][gc,heap     ] GC(160)                Mark Start          Mark End        Relocate Start      Relocate End           High               Low         
[62.327s][info][gc,heap     ] GC(160)  Capacity:     2048M (100%)       2048M (100%)       2048M (100%)       2048M (100%)       2048M (100%)       2048M (100%)   
[62.327s][info][gc,heap     ] GC(160)      Free:      396M (19%)         362M (18%)        1656M (81%)        1938M (95%)        1938M (95%)         334M (16%)    
[62.327s][info][gc,heap     ] GC(160)      Used:     1652M (81%)        1686M (82%)         392M (19%)         110M (5%)         1714M (84%)         110M (5%)     
[62.327s][info][gc,heap     ] GC(160)      Live:         -                 9M (0%)            9M (0%)            9M (0%)             -                  -          
[62.327s][info][gc,heap     ] GC(160) Allocated:         -                34M (2%)           68M (3%)           69M (3%)             -                  -          
[62.327s][info][gc,heap     ] GC(160)   Garbage:         -              1642M (80%)         314M (15%)          30M (2%)             -                  -          
[62.327s][info][gc,heap     ] GC(160) Reclaimed:         -                  -              1328M (65%)        1611M (79%)            -                  -          
[62.327s][info][gc          ] GC(160) Garbage Collection (Allocation Rate) 1652M(81%)->110M(5%)
[62.703s][info][gc,start    ] GC(161) Garbage Collection (Allocation Rate)
[62.703s][info][gc,task     ] GC(161) Using 1 workers
[62.703s][info][gc,phases   ] GC(161) Pause Mark Start 0.010ms
[62.711s][info][gc,phases   ] GC(161) Concurrent Mark 7.590ms
[62.711s][info][gc,phases   ] GC(161) Pause Mark End 0.016ms
[62.711s][info][gc,phases   ] GC(161) Concurrent Mark Free 0.001ms
[62.718s][info][gc,phases   ] GC(161) Concurrent Process Non-Strong References 6.891ms
[62.718s][info][gc,phases   ] GC(161) Concurrent Reset Relocation Set 0.006ms
[62.720s][info][gc,phases   ] GC(161) Concurrent Select Relocation Set 2.106ms
[62.720s][info][gc,phases   ] GC(161) Pause Relocate Start 0.013ms
[62.725s][info][gc,phases   ] GC(161) Concurrent Relocate 0.623ms
[62.725s][info][gc,load     ] GC(161) Load: 0.00/0.00/0.00
[62.725s][info][gc,mmu      ] GC(161) MMU: 2ms/66.0%, 5ms/86.4%, 10ms/93.2%, 20ms/96.6%, 50ms/98.6%, 100ms/99.3%
[62.725s][info][gc,marking  ] GC(161) Mark: 1 stripe(s), 2 proactive flush(es), 1 terminate flush(es), 0 completion(s), 0 continuation(s) 
[62.725s][info][gc,marking  ] GC(161) Mark Stack Usage: 32M
[62.725s][info][gc,nmethod  ] GC(161) NMethods: 3403 registered, 1172 unregistered
[62.725s][info][gc,metaspace] GC(161) Metaspace: 8M used, 9M committed, 1088M reserved
[62.725s][info][gc,ref      ] GC(161) Soft: 351 encountered, 0 discovered, 0 enqueued
[62.725s][info][gc,ref      ] GC(161) Weak: 884 encountered, 291 discovered, 258 enqueued
[62.725s][info][gc,ref      ] GC(161) Final: 3 encountered, 0 discovered, 0 enqueued
[62.725s][info][gc,ref      ] GC(161) Phantom: 124 encountered, 110 discovered, 0 enqueued
[62.725s][info][gc,reloc    ] GC(161) Small Pages: 816 / 1632M, Empty: 1340M, Relocated: 0M, In-Place: 0
[62.725s][info][gc,reloc    ] GC(161) Medium Pages: 1 / 32M, Empty: 0M, Relocated: 0M, In-Place: 0
[62.725s][info][gc,reloc    ] GC(161) Large Pages: 0 / 0M, Empty: 0M, Relocated: 0M, In-Place: 0
[62.725s][info][gc,reloc    ] GC(161) Forwarding Usage: 0M
[62.725s][info][gc,heap     ] GC(161) Min Capacity: 2048M(100%)
[62.725s][info][gc,heap     ] GC(161) Max Capacity: 2048M(100%)
[62.725s][info][gc,heap     ] GC(161) Soft Max Capacity: 2048M(100%)
[62.725s][info][gc,heap     ] GC(161)                Mark Start          Mark End        Relocate Start      Relocate End           High               Low         
[62.725s][info][gc,heap     ] GC(161)  Capacity:     2048M (100%)       2048M (100%)       2048M (100%)       2048M (100%)       2048M (100%)       2048M (100%)   
[62.725s][info][gc,heap     ] GC(161)      Free:      384M (19%)         354M (17%)        1662M (81%)        1930M (94%)        1930M (94%)         326M (16%)    
[62.725s][info][gc,heap     ] GC(161)      Used:     1664M (81%)        1694M (83%)         386M (19%)         118M (6%)         1722M (84%)         118M (6%)     
[62.725s][info][gc,heap     ] GC(161)      Live:         -                 9M (0%)            9M (0%)            9M (0%)             -                  -          
[62.725s][info][gc,heap     ] GC(161) Allocated:         -                30M (1%)           62M (3%)           77M (4%)             -                  -          
[62.725s][info][gc,heap     ] GC(161)   Garbage:         -              1654M (81%)         314M (15%)          30M (2%)             -                  -          
[62.725s][info][gc,heap     ] GC(161) Reclaimed:         -                  -              1340M (65%)        1623M (79%)            -                  -          
[62.725s][info][gc          ] GC(161) Garbage Collection (Allocation Rate) 1664M(81%)->118M(6%)
[63.106s][info][gc,start    ] GC(162) Garbage Collection (Allocation Rate)
[63.106s][info][gc,task     ] GC(162) Using 1 workers
[63.106s][info][gc,phases   ] GC(162) Pause Mark Start 0.011ms
[63.116s][info][gc,phases   ] GC(162) Concurrent Mark 9.279ms
[63.116s][info][gc,phases   ] GC(162) Pause Mark End 0.016ms
[63.117s][info][gc,phases   ] GC(162) Concurrent Mark Free 0.001ms
[63.138s][info][gc,phases   ] GC(162) Concurrent Process Non-Strong References 21.445ms
[63.138s][info][gc,phases   ] GC(162) Concurrent Reset Relocation Set 0.010ms
[63.140s][info][gc,phases   ] GC(162) Concurrent Select Relocation Set 2.198ms
[63.141s][info][gc,phases   ] GC(162) Pause Relocate Start 0.012ms
[63.141s][info][gc,phases   ] GC(162) Concurrent Relocate 0.480ms
[63.141s][info][gc,load     ] GC(162) Load: 0.00/0.00/0.00
[63.141s][info][gc,mmu      ] GC(162) MMU: 2ms/66.0%, 5ms/86.4%, 10ms/93.2%, 20ms/96.6%, 50ms/98.6%, 100ms/99.3%
[63.141s][info][gc,marking  ] GC(162) Mark: 1 stripe(s), 2 proactive flush(es), 1 terminate flush(es), 0 completion(s), 0 continuation(s) 
[63.141s][info][gc,marking  ] GC(162) Mark Stack Usage: 32M
[63.141s][info][gc,nmethod  ] GC(162) NMethods: 3403 registered, 1172 unregistered
[63.141s][info][gc,metaspace] GC(162) Metaspace: 8M used, 9M committed, 1088M reserved
[63.141s][info][gc,ref      ] GC(162) Soft: 351 encountered, 0 discovered, 0 enqueued
[63.141s][info][gc,ref      ] GC(162) Weak: 868 encountered, 275 discovered, 252 enqueued
[63.141s][info][gc,ref      ] GC(162) Final: 3 encountered, 0 discovered, 0 enqueued
[63.141s][info][gc,ref      ] GC(162) Phantom: 124 encountered, 110 discovered, 0 enqueued
[63.141s][info][gc,reloc    ] GC(162) Small Pages: 808 / 1616M, Empty: 1322M, Relocated: 0M, In-Place: 0
[63.141s][info][gc,reloc    ] GC(162) Medium Pages: 1 / 32M, Empty: 0M, Relocated: 0M, In-Place: 0
[63.141s][info][gc,reloc    ] GC(162) Large Pages: 0 / 0M, Empty: 0M, Relocated: 0M, In-Place: 0
[63.141s][info][gc,reloc    ] GC(162) Forwarding Usage: 0M
[63.141s][info][gc,heap     ] GC(162) Min Capacity: 2048M(100%)
[63.141s][info][gc,heap     ] GC(162) Max Capacity: 2048M(100%)
[63.141s][info][gc,heap     ] GC(162) Soft Max Capacity: 2048M(100%)
[63.141s][info][gc,heap     ] GC(162)                Mark Start          Mark End        Relocate Start      Relocate End           High               Low         
[63.141s][info][gc,heap     ] GC(162)  Capacity:     2048M (100%)       2048M (100%)       2048M (100%)       2048M (100%)       2048M (100%)       2048M (100%)   
[63.141s][info][gc,heap     ] GC(162)      Free:      400M (20%)         360M (18%)        1594M (78%)        1880M (92%)        1880M (92%)         276M (13%)    
[63.141s][info][gc,heap     ] GC(162)      Used:     1648M (80%)        1688M (82%)         454M (22%)         168M (8%)         1772M (87%)         168M (8%)     
[63.141s][info][gc,heap     ] GC(162)      Live:         -                 9M (0%)            9M (0%)            9M (0%)             -                  -          
[63.141s][info][gc,heap     ] GC(162) Allocated:         -                40M (2%)          128M (6%)          127M (6%)             -                  -          
[63.142s][info][gc,heap     ] GC(162)   Garbage:         -              1638M (80%)         316M (15%)          30M (2%)             -                  -          
[63.142s][info][gc,heap     ] GC(162) Reclaimed:         -                  -              1322M (65%)        1607M (79%)            -                  -          
[63.142s][info][gc          ] GC(162) Garbage Collection (Allocation Rate) 1648M(80%)->168M(8%)
[63.500s][info][gc,start    ] GC(163) Garbage Collection (Allocation Rate)
[63.500s][info][gc,task     ] GC(163) Using 1 workers
[63.500s][info][gc,phases   ] GC(163) Pause Mark Start 0.013ms
[63.510s][info][gc,phases   ] GC(163) Concurrent Mark 8.694ms
[63.510s][info][gc,phases   ] GC(163) Pause Mark End 0.015ms
[63.513s][info][gc,phases   ] GC(163) Concurrent Mark Free 0.002ms
[63.520s][info][gc,phases   ] GC(163) Concurrent Process Non-Strong References 7.053ms
[63.520s][info][gc,phases   ] GC(163) Concurrent Reset Relocation Set 0.006ms
[63.523s][info][gc,phases   ] GC(163) Concurrent Select Relocation Set 2.260ms
[63.523s][info][gc,phases   ] GC(163) Pause Relocate Start 0.012ms
[63.524s][info][gc,phases   ] GC(163) Concurrent Relocate 0.492ms
[63.524s][info][gc,load     ] GC(163) Load: 0.00/0.00/0.00
[63.524s][info][gc,mmu      ] GC(163) MMU: 2ms/66.0%, 5ms/86.4%, 10ms/93.2%, 20ms/96.6%, 50ms/98.6%, 100ms/99.3%
[63.524s][info][gc,marking  ] GC(163) Mark: 1 stripe(s), 2 proactive flush(es), 1 terminate flush(es), 0 completion(s), 0 continuation(s) 
[63.524s][info][gc,marking  ] GC(163) Mark Stack Usage: 32M
[63.524s][info][gc,nmethod  ] GC(163) NMethods: 3403 registered, 1172 unregistered
[63.524s][info][gc,metaspace] GC(163) Metaspace: 8M used, 9M committed, 1088M reserved
[63.524s][info][gc,ref      ] GC(163) Soft: 351 encountered, 0 discovered, 0 enqueued
[63.524s][info][gc,ref      ] GC(163) Weak: 878 encountered, 286 discovered, 251 enqueued
[63.524s][info][gc,ref      ] GC(163) Final: 3 encountered, 0 discovered, 0 enqueued
[63.524s][info][gc,ref      ] GC(163) Phantom: 116 encountered, 97 discovered, 0 enqueued
[63.524s][info][gc,reloc    ] GC(163) Small Pages: 814 / 1628M, Empty: 1338M, Relocated: 0M, In-Place: 0
[63.524s][info][gc,reloc    ] GC(163) Medium Pages: 1 / 32M, Empty: 0M, Relocated: 0M, In-Place: 0
[63.524s][info][gc,reloc    ] GC(163) Large Pages: 0 / 0M, Empty: 0M, Relocated: 0M, In-Place: 0
[63.524s][info][gc,reloc    ] GC(163) Forwarding Usage: 0M
[63.524s][info][gc,heap     ] GC(163) Min Capacity: 2048M(100%)
[63.524s][info][gc,heap     ] GC(163) Max Capacity: 2048M(100%)
[63.524s][info][gc,heap     ] GC(163) Soft Max Capacity: 2048M(100%)
[63.524s][info][gc,heap     ] GC(163)                Mark Start          Mark End        Relocate Start      Relocate End           High               Low         
[63.524s][info][gc,heap     ] GC(163)  Capacity:     2048M (100%)       2048M (100%)       2048M (100%)       2048M (100%)       2048M (100%)       2048M (100%)   
[63.524s][info][gc,heap     ] GC(163)      Free:      388M (19%)         354M (17%)        1646M (80%)        1926M (94%)        1926M (94%)         312M (15%)    
[63.524s][info][gc,heap     ] GC(163)      Used:     1660M (81%)        1694M (83%)         402M (20%)         122M (6%)         1736M (85%)         122M (6%)     
[63.524s][info][gc,heap     ] GC(163)      Live:         -                 9M (0%)            9M (0%)            9M (0%)             -                  -          
[63.524s][info][gc,heap     ] GC(163) Allocated:         -                34M (2%)           80M (4%)           81M (4%)             -                  -          
[63.524s][info][gc,heap     ] GC(163)   Garbage:         -              1650M (81%)         312M (15%)          30M (2%)             -                  -          
[63.524s][info][gc,heap     ] GC(163) Reclaimed:         -                  -              1338M (65%)        1619M (79%)            -                  -          
[63.524s][info][gc          ] GC(163) Garbage Collection (Allocation Rate) 1660M(81%)->122M(6%)
[63.896s][info][gc,start    ] GC(164) Garbage Collection (Allocation Rate)
[63.896s][info][gc,task     ] GC(164) Using 1 workers
[63.896s][info][gc,phases   ] GC(164) Pause Mark Start 0.007ms
[63.904s][info][gc,phases   ] GC(164) Concurrent Mark 7.960ms
[63.904s][info][gc,phases   ] GC(164) Pause Mark End 0.015ms
[63.906s][info][gc,phases   ] GC(164) Concurrent Mark Free 0.001ms
[63.913s][info][gc,phases   ] GC(164) Concurrent Process Non-Strong References 7.366ms
[63.913s][info][gc,phases   ] GC(164) Concurrent Reset Relocation Set 0.006ms
[63.915s][info][gc,phases   ] GC(164) Concurrent Select Relocation Set 1.984ms
[63.916s][info][gc,phases   ] GC(164) Pause Relocate Start 0.012ms
[63.917s][info][gc,phases   ] GC(164) Concurrent Relocate 1.192ms
[63.917s][info][gc,load     ] GC(164) Load: 0.00/0.00/0.00
[63.917s][info][gc,mmu      ] GC(164) MMU: 2ms/66.0%, 5ms/86.4%, 10ms/93.2%, 20ms/96.6%, 50ms/98.6%, 100ms/99.3%
[63.917s][info][gc,marking  ] GC(164) Mark: 1 stripe(s), 2 proactive flush(es), 1 terminate flush(es), 0 completion(s), 0 continuation(s) 
[63.917s][info][gc,marking  ] GC(164) Mark Stack Usage: 32M
[63.917s][info][gc,nmethod  ] GC(164) NMethods: 3403 registered, 1172 unregistered
[63.917s][info][gc,metaspace] GC(164) Metaspace: 8M used, 9M committed, 1088M reserved
[63.917s][info][gc,ref      ] GC(164) Soft: 351 encountered, 0 discovered, 0 enqueued
[63.917s][info][gc,ref      ] GC(164) Weak: 861 encountered, 278 discovered, 263 enqueued
[63.917s][info][gc,ref      ] GC(164) Final: 3 encountered, 0 discovered, 0 enqueued
[63.917s][info][gc,ref      ] GC(164) Phantom: 70 encountered, 52 discovered, 0 enqueued
[63.917s][info][gc,reloc    ] GC(164) Small Pages: 814 / 1628M, Empty: 1344M, Relocated: 1M, In-Place: 0
[63.917s][info][gc,reloc    ] GC(164) Medium Pages: 1 / 32M, Empty: 0M, Relocated: 0M, In-Place: 0
[63.917s][info][gc,reloc    ] GC(164) Large Pages: 0 / 0M, Empty: 0M, Relocated: 0M, In-Place: 0
[63.917s][info][gc,reloc    ] GC(164) Forwarding Usage: 0M
[63.917s][info][gc,heap     ] GC(164) Min Capacity: 2048M(100%)
[63.917s][info][gc,heap     ] GC(164) Max Capacity: 2048M(100%)
[63.917s][info][gc,heap     ] GC(164) Soft Max Capacity: 2048M(100%)
[63.917s][info][gc,heap     ] GC(164)                Mark Start          Mark End        Relocate Start      Relocate End           High               Low         
[63.917s][info][gc,heap     ] GC(164)  Capacity:     2048M (100%)       2048M (100%)       2048M (100%)       2048M (100%)       2048M (100%)       2048M (100%)   
[63.917s][info][gc,heap     ] GC(164)      Free:      388M (19%)         352M (17%)        1660M (81%)        1936M (95%)        1936M (95%)         320M (16%)    
[63.917s][info][gc,heap     ] GC(164)      Used:     1660M (81%)        1696M (83%)         388M (19%)         112M (5%)         1728M (84%)         112M (5%)     
[63.917s][info][gc,heap     ] GC(164)      Live:         -                 8M (0%)            8M (0%)            8M (0%)             -                  -          
[63.917s][info][gc,heap     ] GC(164) Allocated:         -                36M (2%)           72M (4%)           73M (4%)             -                  -          
[63.917s][info][gc,heap     ] GC(164)   Garbage:         -              1651M (81%)         307M (15%)          29M (1%)             -                  -          
[63.917s][info][gc,heap     ] GC(164) Reclaimed:         -                  -              1344M (66%)        1621M (79%)            -                  -          
[63.917s][info][gc          ] GC(164) Garbage Collection (Allocation Rate) 1660M(81%)->112M(5%)
[64.307s][info][gc,start    ] GC(165) Garbage Collection (Allocation Rate)
[64.307s][info][gc,task     ] GC(165) Using 1 workers
[64.307s][info][gc,phases   ] GC(165) Pause Mark Start 0.013ms
[64.323s][info][gc,phases   ] GC(165) Concurrent Mark 9.237ms
[64.323s][info][gc,phases   ] GC(165) Pause Mark End 0.015ms
[64.333s][info][gc,phases   ] GC(165) Concurrent Mark Free 0.003ms
[64.341s][info][gc,phases   ] GC(165) Concurrent Process Non-Strong References 7.597ms
[64.341s][info][gc,phases   ] GC(165) Concurrent Reset Relocation Set 0.006ms
[64.343s][info][gc,phases   ] GC(165) Concurrent Select Relocation Set 2.083ms
[64.343s][info][gc,phases   ] GC(165) Pause Relocate Start 0.014ms
[64.344s][info][gc,phases   ] GC(165) Concurrent Relocate 0.534ms
[64.344s][info][gc,load     ] GC(165) Load: 0.00/0.00/0.00
[64.344s][info][gc,mmu      ] GC(165) MMU: 2ms/66.0%, 5ms/86.4%, 10ms/93.2%, 20ms/96.6%, 50ms/98.6%, 100ms/99.3%
[64.344s][info][gc,marking  ] GC(165) Mark: 1 stripe(s), 2 proactive flush(es), 1 terminate flush(es), 0 completion(s), 0 continuation(s) 
[64.344s][info][gc,marking  ] GC(165) Mark Stack Usage: 32M
[64.344s][info][gc,nmethod  ] GC(165) NMethods: 3403 registered, 1172 unregistered
[64.344s][info][gc,metaspace] GC(165) Metaspace: 8M used, 9M committed, 1088M reserved
[64.344s][info][gc,ref      ] GC(165) Soft: 351 encountered, 0 discovered, 0 enqueued
[64.344s][info][gc,ref      ] GC(165) Weak: 877 encountered, 281 discovered, 252 enqueued
[64.344s][info][gc,ref      ] GC(165) Final: 3 encountered, 0 discovered, 0 enqueued
[64.344s][info][gc,ref      ] GC(165) Phantom: 87 encountered, 52 discovered, 0 enqueued
[64.344s][info][gc,reloc    ] GC(165) Small Pages: 828 / 1656M, Empty: 1358M, Relocated: 0M, In-Place: 0
[64.344s][info][gc,reloc    ] GC(165) Medium Pages: 1 / 32M, Empty: 0M, Relocated: 0M, In-Place: 0
[64.344s][info][gc,reloc    ] GC(165) Large Pages: 0 / 0M, Empty: 0M, Relocated: 0M, In-Place: 0
[64.344s][info][gc,reloc    ] GC(165) Forwarding Usage: 0M
[64.344s][info][gc,heap     ] GC(165) Min Capacity: 2048M(100%)
[64.344s][info][gc,heap     ] GC(165) Max Capacity: 2048M(100%)
[64.344s][info][gc,heap     ] GC(165) Soft Max Capacity: 2048M(100%)
[64.344s][info][gc,heap     ] GC(165)                Mark Start          Mark End        Relocate Start      Relocate End           High               Low         
[64.344s][info][gc,heap     ] GC(165)  Capacity:     2048M (100%)       2048M (100%)       2048M (100%)       2048M (100%)       2048M (100%)       2048M (100%)   
[64.344s][info][gc,heap     ] GC(165)      Free:      360M (18%)         294M (14%)        1576M (77%)        1864M (91%)        1864M (91%)         228M (11%)    
[64.344s][info][gc,heap     ] GC(165)      Used:     1688M (82%)        1754M (86%)         472M (23%)         184M (9%)         1820M (89%)         184M (9%)     
[64.344s][info][gc,heap     ] GC(165)      Live:         -                 9M (0%)            9M (0%)            9M (0%)             -                  -          
[64.344s][info][gc,heap     ] GC(165) Allocated:         -                66M (3%)          142M (7%)          143M (7%)             -                  -          
[64.344s][info][gc,heap     ] GC(165)   Garbage:         -              1678M (82%)         320M (16%)          30M (2%)             -                  -          
[64.344s][info][gc,heap     ] GC(165) Reclaimed:         -                  -              1358M (66%)        1647M (80%)            -                  -          
[64.344s][info][gc          ] GC(165) Garbage Collection (Allocation Rate) 1688M(82%)->184M(9%)
[64.709s][info][gc,start    ] GC(166) Garbage Collection (Allocation Rate)
[64.709s][info][gc,task     ] GC(166) Using 1 workers
[64.709s][info][gc,phases   ] GC(166) Pause Mark Start 0.010ms
[64.719s][info][gc,phases   ] GC(166) Concurrent Mark 9.207ms
[64.719s][info][gc,phases   ] GC(166) Pause Mark End 0.015ms
[64.723s][info][gc,phases   ] GC(166) Concurrent Mark Free 0.002ms
[64.731s][info][gc,phases   ] GC(166) Concurrent Process Non-Strong References 7.924ms
[64.731s][info][gc,phases   ] GC(166) Concurrent Reset Relocation Set 0.007ms
[64.733s][info][gc,phases   ] GC(166) Concurrent Select Relocation Set 2.012ms
[64.733s][info][gc,phases   ] GC(166) Pause Relocate Start 0.013ms
[64.734s][info][gc,phases   ] GC(166) Concurrent Relocate 0.544ms
[64.734s][info][gc,load     ] GC(166) Load: 0.00/0.00/0.00
[64.734s][info][gc,mmu      ] GC(166) MMU: 2ms/66.0%, 5ms/86.4%, 10ms/93.2%, 20ms/96.6%, 50ms/98.6%, 100ms/99.3%
[64.734s][info][gc,marking  ] GC(166) Mark: 1 stripe(s), 2 proactive flush(es), 1 terminate flush(es), 0 completion(s), 0 continuation(s) 
[64.734s][info][gc,marking  ] GC(166) Mark Stack Usage: 32M
[64.734s][info][gc,nmethod  ] GC(166) NMethods: 3403 registered, 1172 unregistered
[64.734s][info][gc,metaspace] GC(166) Metaspace: 8M used, 9M committed, 1088M reserved
[64.734s][info][gc,ref      ] GC(166) Soft: 351 encountered, 0 discovered, 0 enqueued
[64.734s][info][gc,ref      ] GC(166) Weak: 880 encountered, 288 discovered, 262 enqueued
[64.734s][info][gc,ref      ] GC(166) Final: 3 encountered, 0 discovered, 0 enqueued
[64.734s][info][gc,ref      ] GC(166) Phantom: 113 encountered, 91 discovered, 0 enqueued
[64.734s][info][gc,reloc    ] GC(166) Small Pages: 829 / 1658M, Empty: 1362M, Relocated: 0M, In-Place: 0
[64.734s][info][gc,reloc    ] GC(166) Medium Pages: 1 / 32M, Empty: 0M, Relocated: 0M, In-Place: 0
[64.734s][info][gc,reloc    ] GC(166) Large Pages: 0 / 0M, Empty: 0M, Relocated: 0M, In-Place: 0
[64.734s][info][gc,reloc    ] GC(166) Forwarding Usage: 0M
[64.734s][info][gc,heap     ] GC(166) Min Capacity: 2048M(100%)
[64.734s][info][gc,heap     ] GC(166) Max Capacity: 2048M(100%)
[64.734s][info][gc,heap     ] GC(166) Soft Max Capacity: 2048M(100%)
[64.734s][info][gc,heap     ] GC(166)                Mark Start          Mark End        Relocate Start      Relocate End           High               Low         
[64.734s][info][gc,heap     ] GC(166)  Capacity:     2048M (100%)       2048M (100%)       2048M (100%)       2048M (100%)       2048M (100%)       2048M (100%)   
[64.734s][info][gc,heap     ] GC(166)      Free:      358M (17%)         318M (16%)        1628M (79%)        1912M (93%)        1912M (93%)         270M (13%)    
[64.734s][info][gc,heap     ] GC(166)      Used:     1690M (83%)        1730M (84%)         420M (21%)         136M (7%)         1778M (87%)         136M (7%)     
[64.734s][info][gc,heap     ] GC(166)      Live:         -                 9M (0%)            9M (0%)            9M (0%)             -                  -          
[64.734s][info][gc,heap     ] GC(166) Allocated:         -                40M (2%)           92M (4%)           95M (5%)             -                  -          
[64.734s][info][gc,heap     ] GC(166)   Garbage:         -              1680M (82%)         318M (16%)          30M (2%)             -                  -          
[64.734s][info][gc,heap     ] GC(166) Reclaimed:         -                  -              1362M (67%)        1649M (81%)            -                  -          
[64.734s][info][gc          ] GC(166) Garbage Collection (Allocation Rate) 1690M(83%)->136M(7%)
[65.107s][info][gc,start    ] GC(167) Garbage Collection (Allocation Rate)
[65.107s][info][gc,task     ] GC(167) Using 1 workers
[65.107s][info][gc,phases   ] GC(167) Pause Mark Start 0.006ms
[65.113s][info][gc,phases   ] GC(167) Concurrent Mark 5.784ms
[65.113s][info][gc,phases   ] GC(167) Pause Mark End 0.012ms
[65.113s][info][gc,phases   ] GC(167) Concurrent Mark Free 0.001ms
[65.119s][info][gc,phases   ] GC(167) Concurrent Process Non-Strong References 5.838ms
[65.119s][info][gc,phases   ] GC(167) Concurrent Reset Relocation Set 0.009ms
[65.121s][info][gc,phases   ] GC(167) Concurrent Select Relocation Set 1.838ms
[65.121s][info][gc,phases   ] GC(167) Pause Relocate Start 0.009ms
[65.123s][info][gc,phases   ] GC(167) Concurrent Relocate 1.209ms
[65.123s][info][gc,load     ] GC(167) Load: 0.00/0.00/0.00
[65.123s][info][gc,mmu      ] GC(167) MMU: 2ms/66.0%, 5ms/86.4%, 10ms/93.2%, 20ms/96.6%, 50ms/98.6%, 100ms/99.3%
[65.123s][info][gc,marking  ] GC(167) Mark: 1 stripe(s), 2 proactive flush(es), 1 terminate flush(es), 0 completion(s), 0 continuation(s) 
[65.123s][info][gc,marking  ] GC(167) Mark Stack Usage: 32M
[65.123s][info][gc,nmethod  ] GC(167) NMethods: 3403 registered, 1172 unregistered
[65.123s][info][gc,metaspace] GC(167) Metaspace: 8M used, 9M committed, 1088M reserved
[65.123s][info][gc,ref      ] GC(167) Soft: 351 encountered, 0 discovered, 0 enqueued
[65.123s][info][gc,ref      ] GC(167) Weak: 727 encountered, 150 discovered, 128 enqueued
[65.123s][info][gc,ref      ] GC(167) Final: 3 encountered, 0 discovered, 0 enqueued
[65.123s][info][gc,ref      ] GC(167) Phantom: 76 encountered, 62 discovered, 0 enqueued
[65.123s][info][gc,reloc    ] GC(167) Small Pages: 742 / 1484M, Empty: 1324M, Relocated: 1M, In-Place: 0
[65.123s][info][gc,reloc    ] GC(167) Medium Pages: 1 / 32M, Empty: 0M, Relocated: 0M, In-Place: 0
[65.123s][info][gc,reloc    ] GC(167) Large Pages: 0 / 0M, Empty: 0M, Relocated: 0M, In-Place: 0
[65.123s][info][gc,reloc    ] GC(167) Forwarding Usage: 0M
[65.123s][info][gc,heap     ] GC(167) Min Capacity: 2048M(100%)
[65.123s][info][gc,heap     ] GC(167) Max Capacity: 2048M(100%)
[65.123s][info][gc,heap     ] GC(167) Soft Max Capacity: 2048M(100%)
[65.123s][info][gc,heap     ] GC(167)                Mark Start          Mark End        Relocate Start      Relocate End           High               Low         
[65.123s][info][gc,heap     ] GC(167)  Capacity:     2048M (100%)       2048M (100%)       2048M (100%)       2048M (100%)       2048M (100%)       2048M (100%)   
[65.123s][info][gc,heap     ] GC(167)      Free:      532M (26%)         516M (25%)        1824M (89%)        1976M (96%)        1976M (96%)         506M (25%)    
[65.123s][info][gc,heap     ] GC(167)      Used:     1516M (74%)        1532M (75%)         224M (11%)          72M (4%)         1542M (75%)          72M (4%)     
[65.123s][info][gc,heap     ] GC(167)      Live:         -                 9M (0%)            9M (0%)            9M (0%)             -                  -          
[65.123s][info][gc,heap     ] GC(167) Allocated:         -                16M (1%)           32M (2%)           33M (2%)             -                  -          
[65.123s][info][gc,heap     ] GC(167)   Garbage:         -              1506M (74%)         182M (9%)           29M (1%)             -                  -          
[65.123s][info][gc,heap     ] GC(167) Reclaimed:         -                  -              1324M (65%)        1477M (72%)            -                  -          
[65.123s][info][gc          ] GC(167) Garbage Collection (Allocation Rate) 1516M(74%)->72M(4%)
[65.367s][info][gc,start    ] GC(168) Garbage Collection (System.gc())
[65.367s][info][gc,task     ] GC(168) Using 2 workers
[65.367s][info][gc,phases   ] GC(168) Pause Mark Start 0.008ms
[65.379s][info][gc,phases   ] GC(168) Concurrent Mark 11.461ms
[65.379s][info][gc,phases   ] GC(168) Pause Mark End 0.026ms
[65.379s][info][gc,phases   ] GC(168) Concurrent Mark Free 0.002ms
[65.383s][info][gc,phases   ] GC(168) Concurrent Process Non-Strong References 3.974ms
[65.383s][info][gc,phases   ] GC(168) Concurrent Reset Relocation Set 0.005ms
[65.385s][info][gc,phases   ] GC(168) Concurrent Select Relocation Set 1.628ms
[65.385s][info][gc,phases   ] GC(168) Pause Relocate Start 0.013ms
[65.386s][info][gc,phases   ] GC(168) Concurrent Relocate 0.755ms
[65.386s][info][gc,load     ] GC(168) Load: 0.00/0.00/0.00
[65.386s][info][gc,mmu      ] GC(168) MMU: 2ms/66.0%, 5ms/86.4%, 10ms/93.2%, 20ms/96.6%, 50ms/98.6%, 100ms/99.3%
[65.386s][info][gc,marking  ] GC(168) Mark: 2 stripe(s), 1 proactive flush(es), 1 terminate flush(es), 0 completion(s), 0 continuation(s) 
[65.386s][info][gc,marking  ] GC(168) Mark Stack Usage: 32M
[65.386s][info][gc,nmethod  ] GC(168) NMethods: 3404 registered, 1172 unregistered
[65.386s][info][gc,metaspace] GC(168) Metaspace: 8M used, 9M committed, 1088M reserved
[65.386s][info][gc,ref      ] GC(168) Soft: 351 encountered, 0 discovered, 0 enqueued
[65.386s][info][gc,ref      ] GC(168) Weak: 572 encountered, 63 discovered, 0 enqueued
[65.386s][info][gc,ref      ] GC(168) Final: 3 encountered, 2 discovered, 0 enqueued
[65.386s][info][gc,ref      ] GC(168) Phantom: 26 encountered, 24 discovered, 0 enqueued
[65.386s][info][gc,reloc    ] GC(168) Small Pages: 112 / 224M, Empty: 210M, Relocated: 1M, In-Place: 0
[65.386s][info][gc,reloc    ] GC(168) Medium Pages: 2 / 64M, Empty: 32M, Relocated: 0M, In-Place: 0
[65.386s][info][gc,reloc    ] GC(168) Large Pages: 0 / 0M, Empty: 0M, Relocated: 0M, In-Place: 0
[65.386s][info][gc,reloc    ] GC(168) Forwarding Usage: 0M
[65.386s][info][gc,heap     ] GC(168) Min Capacity: 2048M(100%)
[65.386s][info][gc,heap     ] GC(168) Max Capacity: 2048M(100%)
[65.386s][info][gc,heap     ] GC(168) Soft Max Capacity: 2048M(100%)
[65.386s][info][gc,heap     ] GC(168)                Mark Start          Mark End        Relocate Start      Relocate End           High               Low         
[65.386s][info][gc,heap     ] GC(168)  Capacity:     2048M (100%)       2048M (100%)       2048M (100%)       2048M (100%)       2048M (100%)       2048M (100%)   
[65.386s][info][gc,heap     ] GC(168)      Free:     1760M (86%)        1760M (86%)        2002M (98%)        2008M (98%)        2008M (98%)        1760M (86%)    
[65.386s][info][gc,heap     ] GC(168)      Used:      288M (14%)         288M (14%)          46M (2%)           40M (2%)          288M (14%)          40M (2%)     
[65.386s][info][gc,heap     ] GC(168)      Live:         -                 8M (0%)            8M (0%)            8M (0%)             -                  -          
[65.386s][info][gc,heap     ] GC(168) Allocated:         -                 0M (0%)            0M (0%)            0M (0%)             -                  -          
[65.386s][info][gc,heap     ] GC(168)   Garbage:         -               279M (14%)          37M (2%)           31M (2%)             -                  -          
[65.386s][info][gc,heap     ] GC(168) Reclaimed:         -                  -               242M (12%)         248M (12%)            -                  -          
[65.386s][info][gc          ] GC(168) Garbage Collection (System.gc()) 288M(14%)->40M(2%)
[65.695s][info][gc,start    ] GC(169) Garbage Collection (Allocation Rate)
[65.695s][info][gc,task     ] GC(169) Using 1 workers
[65.695s][info][gc,phases   ] GC(169) Pause Mark Start 0.011ms
[65.705s][info][gc,phases   ] GC(169) Concurrent Mark 9.072ms
[65.705s][info][gc,phases   ] GC(169) Pause Mark End 0.017ms
[65.705s][info][gc,phases   ] GC(169) Concurrent Mark Free 0.001ms
[65.715s][info][gc,phases   ] GC(169) Concurrent Process Non-Strong References 9.507ms
[65.715s][info][gc,phases   ] GC(169) Concurrent Reset Relocation Set 0.002ms
[65.717s][info][gc,phases   ] GC(169) Concurrent Select Relocation Set 1.988ms
[65.717s][info][gc,phases   ] GC(169) Pause Relocate Start 0.009ms
[65.719s][info][gc,phases   ] GC(169) Concurrent Relocate 1.380ms
[65.719s][info][gc,load     ] GC(169) Load: 0.00/0.00/0.00
[65.719s][info][gc,mmu      ] GC(169) MMU: 2ms/66.0%, 5ms/86.4%, 10ms/93.2%, 20ms/96.6%, 50ms/98.6%, 100ms/99.3%
[65.719s][info][gc,marking  ] GC(169) Mark: 1 stripe(s), 2 proactive flush(es), 1 terminate flush(es), 0 completion(s), 0 continuation(s) 
[65.719s][info][gc,marking  ] GC(169) Mark Stack Usage: 32M
[65.719s][info][gc,nmethod  ] GC(169) NMethods: 3404 registered, 1172 unregistered
[65.719s][info][gc,metaspace] GC(169) Metaspace: 8M used, 9M committed, 1088M reserved
[65.719s][info][gc,ref      ] GC(169) Soft: 351 encountered, 0 discovered, 0 enqueued
[65.719s][info][gc,ref      ] GC(169) Weak: 804 encountered, 217 discovered, 191 enqueued
[65.719s][info][gc,ref      ] GC(169) Final: 3 encountered, 0 discovered, 0 enqueued
[65.719s][info][gc,ref      ] GC(169) Phantom: 93 encountered, 71 discovered, 0 enqueued
[65.719s][info][gc,reloc    ] GC(169) Small Pages: 633 / 1266M, Empty: 1042M, Relocated: 1M, In-Place: 0
[65.719s][info][gc,reloc    ] GC(169) Medium Pages: 2 / 64M, Empty: 32M, Relocated: 0M, In-Place: 0
[65.719s][info][gc,reloc    ] GC(169) Large Pages: 0 / 0M, Empty: 0M, Relocated: 0M, In-Place: 0
[65.719s][info][gc,reloc    ] GC(169) Forwarding Usage: 0M
[65.719s][info][gc,heap     ] GC(169) Min Capacity: 2048M(100%)
[65.719s][info][gc,heap     ] GC(169) Max Capacity: 2048M(100%)
[65.719s][info][gc,heap     ] GC(169) Soft Max Capacity: 2048M(100%)
[65.719s][info][gc,heap     ] GC(169)                Mark Start          Mark End        Relocate Start      Relocate End           High               Low         
[65.719s][info][gc,heap     ] GC(169)  Capacity:     2048M (100%)       2048M (100%)       2048M (100%)       2048M (100%)       2048M (100%)       2048M (100%)   
[65.719s][info][gc,heap     ] GC(169)      Free:      718M (35%)         680M (33%)        1710M (83%)        1920M (94%)        1922M (94%)         640M (31%)    
[65.719s][info][gc,heap     ] GC(169)      Used:     1330M (65%)        1368M (67%)         338M (17%)         128M (6%)         1408M (69%)         126M (6%)     
[65.719s][info][gc,heap     ] GC(169)      Live:         -                 9M (0%)            9M (0%)            9M (0%)             -                  -          
[65.719s][info][gc,heap     ] GC(169) Allocated:         -                38M (2%)           82M (4%)           89M (4%)             -                  -          
[65.719s][info][gc,heap     ] GC(169)   Garbage:         -              1320M (64%)         246M (12%)          29M (1%)             -                  -          
[65.719s][info][gc,heap     ] GC(169) Reclaimed:         -                  -              1074M (52%)        1291M (63%)            -                  -          
[65.719s][info][gc          ] GC(169) Garbage Collection (Allocation Rate) 1330M(65%)->128M(6%)
[66.004s][info][gc,start    ] GC(170) Garbage Collection (Allocation Rate)
[66.004s][info][gc,task     ] GC(170) Using 1 workers
[66.004s][info][gc,phases   ] GC(170) Pause Mark Start 0.008ms
[66.020s][info][gc,phases   ] GC(170) Concurrent Mark 9.309ms
[66.020s][info][gc,phases   ] GC(170) Pause Mark End 0.013ms
[66.020s][info][gc,phases   ] GC(170) Concurrent Mark Free 0.001ms
[66.027s][info][gc,phases   ] GC(170) Concurrent Process Non-Strong References 6.824ms
[66.027s][info][gc,phases   ] GC(170) Concurrent Reset Relocation Set 0.006ms
[66.029s][info][gc,phases   ] GC(170) Concurrent Select Relocation Set 2.138ms
[66.030s][info][gc,phases   ] GC(170) Pause Relocate Start 0.012ms
[66.030s][info][gc,phases   ] GC(170) Concurrent Relocate 0.455ms
[66.030s][info][gc,load     ] GC(170) Load: 0.00/0.00/0.00
[66.030s][info][gc,mmu      ] GC(170) MMU: 2ms/66.0%, 5ms/86.4%, 10ms/93.2%, 20ms/96.6%, 50ms/98.6%, 100ms/99.3%
[66.030s][info][gc,marking  ] GC(170) Mark: 1 stripe(s), 2 proactive flush(es), 1 terminate flush(es), 0 completion(s), 0 continuation(s) 
[66.030s][info][gc,marking  ] GC(170) Mark Stack Usage: 32M
[66.030s][info][gc,nmethod  ] GC(170) NMethods: 3405 registered, 1172 unregistered
[66.030s][info][gc,metaspace] GC(170) Metaspace: 8M used, 9M committed, 1088M reserved
[66.030s][info][gc,ref      ] GC(170) Soft: 351 encountered, 0 discovered, 0 enqueued
[66.030s][info][gc,ref      ] GC(170) Weak: 824 encountered, 233 discovered, 195 enqueued
[66.030s][info][gc,ref      ] GC(170) Final: 3 encountered, 0 discovered, 0 enqueued
[66.030s][info][gc,ref      ] GC(170) Phantom: 116 encountered, 98 discovered, 0 enqueued
[66.030s][info][gc,reloc    ] GC(170) Small Pages: 637 / 1274M, Empty: 1044M, Relocated: 0M, In-Place: 0
[66.030s][info][gc,reloc    ] GC(170) Medium Pages: 1 / 32M, Empty: 0M, Relocated: 0M, In-Place: 0
[66.030s][info][gc,reloc    ] GC(170) Large Pages: 0 / 0M, Empty: 0M, Relocated: 0M, In-Place: 0
[66.030s][info][gc,reloc    ] GC(170) Forwarding Usage: 0M
[66.030s][info][gc,heap     ] GC(170) Min Capacity: 2048M(100%)
[66.030s][info][gc,heap     ] GC(170) Max Capacity: 2048M(100%)
[66.030s][info][gc,heap     ] GC(170) Soft Max Capacity: 2048M(100%)
[66.030s][info][gc,heap     ] GC(170)                Mark Start          Mark End        Relocate Start      Relocate End           High               Low         
[66.030s][info][gc,heap     ] GC(170)  Capacity:     2048M (100%)       2048M (100%)       2048M (100%)       2048M (100%)       2048M (100%)       2048M (100%)   
[66.030s][info][gc,heap     ] GC(170)      Free:      742M (36%)         676M (33%)        1688M (82%)        1908M (93%)        1908M (93%)         650M (32%)    
[66.030s][info][gc,heap     ] GC(170)      Used:     1306M (64%)        1372M (67%)         360M (18%)         140M (7%)         1398M (68%)         140M (7%)     
[66.030s][info][gc,heap     ] GC(170)      Live:         -                 9M (0%)            9M (0%)            9M (0%)             -                  -          
[66.030s][info][gc,heap     ] GC(170) Allocated:         -                66M (3%)           98M (5%)           99M (5%)             -                  -          
[66.030s][info][gc,heap     ] GC(170)   Garbage:         -              1296M (63%)         252M (12%)          30M (2%)             -                  -          
[66.030s][info][gc,heap     ] GC(170) Reclaimed:         -                  -              1044M (51%)        1265M (62%)            -                  -          
[66.030s][info][gc          ] GC(170) Garbage Collection (Allocation Rate) 1306M(64%)->140M(7%)
[66.403s][info][gc,start    ] GC(171) Garbage Collection (Allocation Rate)
[66.403s][info][gc,task     ] GC(171) Using 1 workers
[66.403s][info][gc,phases   ] GC(171) Pause Mark Start 0.010ms
[66.414s][info][gc,phases   ] GC(171) Concurrent Mark 10.752ms
[66.414s][info][gc,phases   ] GC(171) Pause Mark End 0.013ms
[66.414s][info][gc,phases   ] GC(171) Concurrent Mark Free 0.001ms
[66.422s][info][gc,phases   ] GC(171) Concurrent Process Non-Strong References 7.800ms
[66.422s][info][gc,phases   ] GC(171) Concurrent Reset Relocation Set 0.006ms
[66.424s][info][gc,phases   ] GC(171) Concurrent Select Relocation Set 2.107ms
[66.424s][info][gc,phases   ] GC(171) Pause Relocate Start 0.012ms
[66.425s][info][gc,phases   ] GC(171) Concurrent Relocate 0.473ms
[66.425s][info][gc,load     ] GC(171) Load: 0.00/0.00/0.00
[66.425s][info][gc,mmu      ] GC(171) MMU: 2ms/66.0%, 5ms/86.4%, 10ms/93.2%, 20ms/96.6%, 50ms/98.6%, 100ms/99.3%
[66.425s][info][gc,marking  ] GC(171) Mark: 1 stripe(s), 2 proactive flush(es), 2 terminate flush(es), 0 completion(s), 0 continuation(s) 
[66.425s][info][gc,marking  ] GC(171) Mark Stack Usage: 32M
[66.425s][info][gc,nmethod  ] GC(171) NMethods: 3405 registered, 1172 unregistered
[66.425s][info][gc,metaspace] GC(171) Metaspace: 8M used, 9M committed, 1088M reserved
[66.425s][info][gc,ref      ] GC(171) Soft: 351 encountered, 0 discovered, 0 enqueued
[66.425s][info][gc,ref      ] GC(171) Weak: 874 encountered, 287 discovered, 258 enqueued
[66.425s][info][gc,ref      ] GC(171) Final: 3 encountered, 0 discovered, 0 enqueued
[66.425s][info][gc,ref      ] GC(171) Phantom: 102 encountered, 82 discovered, 0 enqueued
[66.425s][info][gc,reloc    ] GC(171) Small Pages: 808 / 1616M, Empty: 1326M, Relocated: 0M, In-Place: 0
[66.425s][info][gc,reloc    ] GC(171) Medium Pages: 1 / 32M, Empty: 0M, Relocated: 0M, In-Place: 0
[66.425s][info][gc,reloc    ] GC(171) Large Pages: 0 / 0M, Empty: 0M, Relocated: 0M, In-Place: 0
[66.425s][info][gc,reloc    ] GC(171) Forwarding Usage: 0M
[66.425s][info][gc,heap     ] GC(171) Min Capacity: 2048M(100%)
[66.425s][info][gc,heap     ] GC(171) Max Capacity: 2048M(100%)
[66.425s][info][gc,heap     ] GC(171) Soft Max Capacity: 2048M(100%)
[66.425s][info][gc,heap     ] GC(171)                Mark Start          Mark End        Relocate Start      Relocate End           High               Low         
[66.425s][info][gc,heap     ] GC(171)  Capacity:     2048M (100%)       2048M (100%)       2048M (100%)       2048M (100%)       2048M (100%)       2048M (100%)   
[66.425s][info][gc,heap     ] GC(171)      Free:      400M (20%)         352M (17%)        1646M (80%)        1924M (94%)        1924M (94%)         326M (16%)    
[66.425s][info][gc,heap     ] GC(171)      Used:     1648M (80%)        1696M (83%)         402M (20%)         124M (6%)         1722M (84%)         124M (6%)     
[66.425s][info][gc,heap     ] GC(171)      Live:         -                 9M (0%)            9M (0%)            9M (0%)             -                  -          
[66.425s][info][gc,heap     ] GC(171) Allocated:         -                48M (2%)           80M (4%)           83M (4%)             -                  -          
[66.425s][info][gc,heap     ] GC(171)   Garbage:         -              1638M (80%)         312M (15%)          30M (2%)             -                  -          
[66.425s][info][gc,heap     ] GC(171) Reclaimed:         -                  -              1326M (65%)        1607M (79%)            -                  -          
[66.425s][info][gc          ] GC(171) Garbage Collection (Allocation Rate) 1648M(80%)->124M(6%)
[66.700s][info][gc,start    ] GC(172) Garbage Collection (Allocation Rate)
[66.701s][info][gc,task     ] GC(172) Using 1 workers
[66.701s][info][gc,phases   ] GC(172) Pause Mark Start 0.013ms
[66.709s][info][gc,phases   ] GC(172) Concurrent Mark 7.741ms
[66.709s][info][gc,phases   ] GC(172) Pause Mark End 0.013ms
[66.712s][info][gc,phases   ] GC(172) Concurrent Mark Free 0.001ms
[66.719s][info][gc,phases   ] GC(172) Concurrent Process Non-Strong References 7.057ms
[66.719s][info][gc,phases   ] GC(172) Concurrent Reset Relocation Set 0.007ms
[66.721s][info][gc,phases   ] GC(172) Concurrent Select Relocation Set 1.888ms
[66.721s][info][gc,phases   ] GC(172) Pause Relocate Start 0.011ms
[66.721s][info][gc,phases   ] GC(172) Concurrent Relocate 0.504ms
[66.721s][info][gc,load     ] GC(172) Load: 0.00/0.00/0.00
[66.721s][info][gc,mmu      ] GC(172) MMU: 2ms/66.0%, 5ms/86.4%, 10ms/93.2%, 20ms/96.6%, 50ms/98.6%, 100ms/99.3%
[66.721s][info][gc,marking  ] GC(172) Mark: 1 stripe(s), 2 proactive flush(es), 1 terminate flush(es), 0 completion(s), 0 continuation(s) 
[66.721s][info][gc,marking  ] GC(172) Mark Stack Usage: 32M
[66.722s][info][gc,nmethod  ] GC(172) NMethods: 3405 registered, 1172 unregistered
[66.722s][info][gc,metaspace] GC(172) Metaspace: 8M used, 9M committed, 1088M reserved
[66.722s][info][gc,ref      ] GC(172) Soft: 351 encountered, 0 discovered, 0 enqueued
[66.722s][info][gc,ref      ] GC(172) Weak: 811 encountered, 218 discovered, 186 enqueued
[66.722s][info][gc,ref      ] GC(172) Final: 3 encountered, 0 discovered, 0 enqueued
[66.722s][info][gc,ref      ] GC(172) Phantom: 122 encountered, 108 discovered, 0 enqueued
[66.722s][info][gc,reloc    ] GC(172) Small Pages: 618 / 1236M, Empty: 1006M, Relocated: 0M, In-Place: 0
[66.722s][info][gc,reloc    ] GC(172) Medium Pages: 1 / 32M, Empty: 0M, Relocated: 0M, In-Place: 0
[66.722s][info][gc,reloc    ] GC(172) Large Pages: 0 / 0M, Empty: 0M, Relocated: 0M, In-Place: 0
[66.722s][info][gc,reloc    ] GC(172) Forwarding Usage: 0M
[66.722s][info][gc,heap     ] GC(172) Min Capacity: 2048M(100%)
[66.722s][info][gc,heap     ] GC(172) Max Capacity: 2048M(100%)
[66.722s][info][gc,heap     ] GC(172) Soft Max Capacity: 2048M(100%)
[66.722s][info][gc,heap     ] GC(172)                Mark Start          Mark End        Relocate Start      Relocate End           High               Low         
[66.722s][info][gc,heap     ] GC(172)  Capacity:     2048M (100%)       2048M (100%)       2048M (100%)       2048M (100%)       2048M (100%)       2048M (100%)   
[66.722s][info][gc,heap     ] GC(172)      Free:      780M (38%)         752M (37%)        1714M (84%)        1934M (94%)        1934M (94%)         716M (35%)    
[66.722s][info][gc,heap     ] GC(172)      Used:     1268M (62%)        1296M (63%)         334M (16%)         114M (6%)         1332M (65%)         114M (6%)     
[66.722s][info][gc,heap     ] GC(172)      Live:         -                 9M (0%)            9M (0%)            9M (0%)             -                  -          
[66.722s][info][gc,heap     ] GC(172) Allocated:         -                28M (1%)           72M (4%)           73M (4%)             -                  -          
[66.722s][info][gc,heap     ] GC(172)   Garbage:         -              1258M (61%)         252M (12%)          30M (2%)             -                  -          
[66.722s][info][gc,heap     ] GC(172) Reclaimed:         -                  -              1006M (49%)        1227M (60%)            -                  -          
[66.722s][info][gc          ] GC(172) Garbage Collection (Allocation Rate) 1268M(62%)->114M(6%)
[67.000s][info][gc,start    ] GC(173) Garbage Collection (Allocation Rate)
[67.000s][info][gc,task     ] GC(173) Using 1 workers
[67.001s][info][gc,phases   ] GC(173) Pause Mark Start 0.013ms
[67.013s][info][gc,phases   ] GC(173) Concurrent Mark 11.710ms
[67.013s][info][gc,phases   ] GC(173) Pause Mark End 0.055ms
[67.015s][info][gc,phases   ] GC(173) Concurrent Mark Free 0.001ms
[67.022s][info][gc,phases   ] GC(173) Concurrent Process Non-Strong References 7.125ms
[67.022s][info][gc,phases   ] GC(173) Concurrent Reset Relocation Set 0.007ms
[67.024s][info][gc,phases   ] GC(173) Concurrent Select Relocation Set 2.000ms
[67.024s][info][gc,phases   ] GC(173) Pause Relocate Start 0.012ms
[67.029s][info][gc,phases   ] GC(173) Concurrent Relocate 0.540ms
[67.029s][info][gc,load     ] GC(173) Load: 0.00/0.00/0.00
[67.029s][info][gc,mmu      ] GC(173) MMU: 2ms/66.0%, 5ms/86.4%, 10ms/93.2%, 20ms/96.6%, 50ms/98.6%, 100ms/99.3%
[67.029s][info][gc,marking  ] GC(173) Mark: 1 stripe(s), 2 proactive flush(es), 1 terminate flush(es), 1 completion(s), 0 continuation(s) 
[67.029s][info][gc,marking  ] GC(173) Mark Stack Usage: 32M
[67.029s][info][gc,nmethod  ] GC(173) NMethods: 3405 registered, 1172 unregistered
[67.029s][info][gc,metaspace] GC(173) Metaspace: 8M used, 9M committed, 1088M reserved
[67.029s][info][gc,ref      ] GC(173) Soft: 351 encountered, 0 discovered, 0 enqueued
[67.029s][info][gc,ref      ] GC(173) Weak: 819 encountered, 232 discovered, 199 enqueued
[67.029s][info][gc,ref      ] GC(173) Final: 3 encountered, 0 discovered, 0 enqueued
[67.029s][info][gc,ref      ] GC(173) Phantom: 111 encountered, 93 discovered, 0 enqueued
[67.029s][info][gc,reloc    ] GC(173) Small Pages: 615 / 1230M, Empty: 998M, Relocated: 0M, In-Place: 0
[67.029s][info][gc,reloc    ] GC(173) Medium Pages: 1 / 32M, Empty: 0M, Relocated: 0M, In-Place: 0
[67.029s][info][gc,reloc    ] GC(173) Large Pages: 0 / 0M, Empty: 0M, Relocated: 0M, In-Place: 0
[67.029s][info][gc,reloc    ] GC(173) Forwarding Usage: 0M
[67.029s][info][gc,heap     ] GC(173) Min Capacity: 2048M(100%)
[67.029s][info][gc,heap     ] GC(173) Max Capacity: 2048M(100%)
[67.029s][info][gc,heap     ] GC(173) Soft Max Capacity: 2048M(100%)
[67.029s][info][gc,heap     ] GC(173)                Mark Start          Mark End        Relocate Start      Relocate End           High               Low         
[67.029s][info][gc,heap     ] GC(173)  Capacity:     2048M (100%)       2048M (100%)       2048M (100%)       2048M (100%)       2048M (100%)       2048M (100%)   
[67.029s][info][gc,heap     ] GC(173)      Free:      786M (38%)         734M (36%)        1698M (83%)        1898M (93%)        1898M (93%)         708M (35%)    
[67.030s][info][gc,heap     ] GC(173)      Used:     1262M (62%)        1314M (64%)         350M (17%)         150M (7%)         1340M (65%)         150M (7%)     
[67.030s][info][gc,heap     ] GC(173)      Live:         -                 9M (0%)            9M (0%)            9M (0%)             -                  -          
[67.030s][info][gc,heap     ] GC(173) Allocated:         -                52M (3%)           86M (4%)          109M (5%)             -                  -          
[67.030s][info][gc,heap     ] GC(173)   Garbage:         -              1252M (61%)         254M (12%)          30M (2%)             -                  -          
[67.030s][info][gc,heap     ] GC(173) Reclaimed:         -                  -               998M (49%)        1221M (60%)            -                  -          
[67.030s][info][gc          ] GC(173) Garbage Collection (Allocation Rate) 1262M(62%)->150M(7%)
[67.407s][info][gc,start    ] GC(174) Garbage Collection (Allocation Rate)
[67.407s][info][gc,task     ] GC(174) Using 1 workers
[67.408s][info][gc,phases   ] GC(174) Pause Mark Start 0.009ms
[67.419s][info][gc,phases   ] GC(174) Concurrent Mark 11.719ms
[67.420s][info][gc,phases   ] GC(174) Pause Mark End 0.013ms
[67.421s][info][gc,phases   ] GC(174) Concurrent Mark Free 0.001ms
[67.428s][info][gc,phases   ] GC(174) Concurrent Process Non-Strong References 7.206ms
[67.428s][info][gc,phases   ] GC(174) Concurrent Reset Relocation Set 0.005ms
[67.430s][info][gc,phases   ] GC(174) Concurrent Select Relocation Set 1.933ms
[67.430s][info][gc,phases   ] GC(174) Pause Relocate Start 0.013ms
[67.431s][info][gc,phases   ] GC(174) Concurrent Relocate 0.501ms
[67.431s][info][gc,load     ] GC(174) Load: 0.00/0.00/0.00
[67.431s][info][gc,mmu      ] GC(174) MMU: 2ms/66.0%, 5ms/86.4%, 10ms/93.2%, 20ms/96.6%, 50ms/98.6%, 100ms/99.3%
[67.431s][info][gc,marking  ] GC(174) Mark: 1 stripe(s), 2 proactive flush(es), 1 terminate flush(es), 0 completion(s), 0 continuation(s) 
[67.431s][info][gc,marking  ] GC(174) Mark Stack Usage: 32M
[67.431s][info][gc,nmethod  ] GC(174) NMethods: 3405 registered, 1172 unregistered
[67.431s][info][gc,metaspace] GC(174) Metaspace: 8M used, 9M committed, 1088M reserved
[67.431s][info][gc,ref      ] GC(174) Soft: 351 encountered, 0 discovered, 0 enqueued
[67.431s][info][gc,ref      ] GC(174) Weak: 873 encountered, 282 discovered, 256 enqueued
[67.431s][info][gc,ref      ] GC(174) Final: 3 encountered, 0 discovered, 0 enqueued
[67.431s][info][gc,ref      ] GC(174) Phantom: 102 encountered, 80 discovered, 0 enqueued
[67.431s][info][gc,reloc    ] GC(174) Small Pages: 830 / 1660M, Empty: 1364M, Relocated: 0M, In-Place: 0
[67.431s][info][gc,reloc    ] GC(174) Medium Pages: 1 / 32M, Empty: 0M, Relocated: 0M, In-Place: 0
[67.431s][info][gc,reloc    ] GC(174) Large Pages: 0 / 0M, Empty: 0M, Relocated: 0M, In-Place: 0
[67.431s][info][gc,reloc    ] GC(174) Forwarding Usage: 0M
[67.431s][info][gc,heap     ] GC(174) Min Capacity: 2048M(100%)
[67.431s][info][gc,heap     ] GC(174) Max Capacity: 2048M(100%)
[67.431s][info][gc,heap     ] GC(174) Soft Max Capacity: 2048M(100%)
[67.431s][info][gc,heap     ] GC(174)                Mark Start          Mark End        Relocate Start      Relocate End           High               Low         
[67.431s][info][gc,heap     ] GC(174)  Capacity:     2048M (100%)       2048M (100%)       2048M (100%)       2048M (100%)       2048M (100%)       2048M (100%)   
[67.431s][info][gc,heap     ] GC(174)      Free:      356M (17%)         308M (15%)        1636M (80%)        1924M (94%)        1924M (94%)         278M (14%)    
[67.431s][info][gc,heap     ] GC(174)      Used:     1692M (83%)        1740M (85%)         412M (20%)         124M (6%)         1770M (86%)         124M (6%)     
[67.431s][info][gc,heap     ] GC(174)      Live:         -                 9M (0%)            9M (0%)            9M (0%)             -                  -          
[67.431s][info][gc,heap     ] GC(174) Allocated:         -                48M (2%)           84M (4%)           83M (4%)             -                  -          
[67.431s][info][gc,heap     ] GC(174)   Garbage:         -              1682M (82%)         318M (16%)          30M (2%)             -                  -          
[67.431s][info][gc,heap     ] GC(174) Reclaimed:         -                  -              1364M (67%)        1651M (81%)            -                  -          
[67.431s][info][gc          ] GC(174) Garbage Collection (Allocation Rate) 1692M(83%)->124M(6%)
[67.800s][info][gc,start    ] GC(175) Garbage Collection (Allocation Rate)
[67.800s][info][gc,task     ] GC(175) Using 1 workers
[67.800s][info][gc,phases   ] GC(175) Pause Mark Start 0.011ms
[67.810s][info][gc,phases   ] GC(175) Concurrent Mark 9.848ms
[67.810s][info][gc,phases   ] GC(175) Pause Mark End 0.012ms
[67.810s][info][gc,phases   ] GC(175) Concurrent Mark Free 0.001ms
[67.832s][info][gc,phases   ] GC(175) Concurrent Process Non-Strong References 21.708ms
[67.832s][info][gc,phases   ] GC(175) Concurrent Reset Relocation Set 0.006ms
[67.834s][info][gc,phases   ] GC(175) Concurrent Select Relocation Set 1.950ms
[67.834s][info][gc,phases   ] GC(175) Pause Relocate Start 0.014ms
[67.835s][info][gc,phases   ] GC(175) Concurrent Relocate 0.539ms
[67.835s][info][gc,load     ] GC(175) Load: 0.00/0.00/0.00
[67.835s][info][gc,mmu      ] GC(175) MMU: 2ms/66.0%, 5ms/86.4%, 10ms/93.2%, 20ms/96.6%, 50ms/98.6%, 100ms/99.3%
[67.835s][info][gc,marking  ] GC(175) Mark: 1 stripe(s), 3 proactive flush(es), 1 terminate flush(es), 0 completion(s), 0 continuation(s) 
[67.835s][info][gc,marking  ] GC(175) Mark Stack Usage: 32M
[67.835s][info][gc,nmethod  ] GC(175) NMethods: 3405 registered, 1172 unregistered
[67.835s][info][gc,metaspace] GC(175) Metaspace: 8M used, 9M committed, 1088M reserved
[67.835s][info][gc,ref      ] GC(175) Soft: 351 encountered, 0 discovered, 0 enqueued
[67.835s][info][gc,ref      ] GC(175) Weak: 878 encountered, 286 discovered, 252 enqueued
[67.835s][info][gc,ref      ] GC(175) Final: 3 encountered, 0 discovered, 0 enqueued
[67.835s][info][gc,ref      ] GC(175) Phantom: 124 encountered, 110 discovered, 0 enqueued
[67.835s][info][gc,reloc    ] GC(175) Small Pages: 806 / 1612M, Empty: 1318M, Relocated: 0M, In-Place: 0
[67.835s][info][gc,reloc    ] GC(175) Medium Pages: 1 / 32M, Empty: 0M, Relocated: 0M, In-Place: 0
[67.835s][info][gc,reloc    ] GC(175) Large Pages: 0 / 0M, Empty: 0M, Relocated: 0M, In-Place: 0
[67.835s][info][gc,reloc    ] GC(175) Forwarding Usage: 0M
[67.835s][info][gc,heap     ] GC(175) Min Capacity: 2048M(100%)
[67.835s][info][gc,heap     ] GC(175) Max Capacity: 2048M(100%)
[67.835s][info][gc,heap     ] GC(175) Soft Max Capacity: 2048M(100%)
[67.835s][info][gc,heap     ] GC(175)                Mark Start          Mark End        Relocate Start      Relocate End           High               Low         
[67.835s][info][gc,heap     ] GC(175)  Capacity:     2048M (100%)       2048M (100%)       2048M (100%)       2048M (100%)       2048M (100%)       2048M (100%)   
[67.835s][info][gc,heap     ] GC(175)      Free:      404M (20%)         362M (18%)        1592M (78%)        1878M (92%)        1878M (92%)         282M (14%)    
[67.835s][info][gc,heap     ] GC(175)      Used:     1644M (80%)        1686M (82%)         456M (22%)         170M (8%)         1766M (86%)         170M (8%)     
[67.835s][info][gc,heap     ] GC(175)      Live:         -                 9M (0%)            9M (0%)            9M (0%)             -                  -          
[67.835s][info][gc,heap     ] GC(175) Allocated:         -                42M (2%)          130M (6%)          129M (6%)             -                  -          
[67.835s][info][gc,heap     ] GC(175)   Garbage:         -              1634M (80%)         316M (15%)          30M (2%)             -                  -          
[67.835s][info][gc,heap     ] GC(175) Reclaimed:         -                  -              1318M (64%)        1603M (78%)            -                  -          
[67.835s][info][gc          ] GC(175) Garbage Collection (Allocation Rate) 1644M(80%)->170M(8%)
[68.211s][info][gc,start    ] GC(176) Garbage Collection (Allocation Rate)
[68.211s][info][gc,task     ] GC(176) Using 1 workers
[68.211s][info][gc,phases   ] GC(176) Pause Mark Start 0.010ms
[68.225s][info][gc,phases   ] GC(176) Concurrent Mark 11.907ms
[68.225s][info][gc,phases   ] GC(176) Pause Mark End 0.017ms
[68.225s][info][gc,phases   ] GC(176) Concurrent Mark Free 0.000ms
[68.233s][info][gc,phases   ] GC(176) Concurrent Process Non-Strong References 7.356ms
[68.233s][info][gc,phases   ] GC(176) Concurrent Reset Relocation Set 0.008ms
[68.235s][info][gc,phases   ] GC(176) Concurrent Select Relocation Set 2.020ms
[68.235s][info][gc,phases   ] GC(176) Pause Relocate Start 0.014ms
[68.236s][info][gc,phases   ] GC(176) Concurrent Relocate 0.504ms
[68.236s][info][gc,load     ] GC(176) Load: 0.00/0.00/0.00
[68.236s][info][gc,mmu      ] GC(176) MMU: 2ms/66.0%, 5ms/86.4%, 10ms/93.2%, 20ms/96.6%, 50ms/98.6%, 100ms/99.3%
[68.236s][info][gc,marking  ] GC(176) Mark: 1 stripe(s), 2 proactive flush(es), 1 terminate flush(es), 0 completion(s), 0 continuation(s) 
[68.236s][info][gc,marking  ] GC(176) Mark Stack Usage: 32M
[68.236s][info][gc,nmethod  ] GC(176) NMethods: 3405 registered, 1172 unregistered
[68.236s][info][gc,metaspace] GC(176) Metaspace: 8M used, 9M committed, 1088M reserved
[68.236s][info][gc,ref      ] GC(176) Soft: 351 encountered, 0 discovered, 0 enqueued
[68.236s][info][gc,ref      ] GC(176) Weak: 881 encountered, 292 discovered, 260 enqueued
[68.236s][info][gc,ref      ] GC(176) Final: 3 encountered, 0 discovered, 0 enqueued
[68.236s][info][gc,ref      ] GC(176) Phantom: 123 encountered, 109 discovered, 0 enqueued
[68.236s][info][gc,reloc    ] GC(176) Small Pages: 828 / 1656M, Empty: 1362M, Relocated: 0M, In-Place: 0
[68.236s][info][gc,reloc    ] GC(176) Medium Pages: 1 / 32M, Empty: 0M, Relocated: 0M, In-Place: 0
[68.236s][info][gc,reloc    ] GC(176) Large Pages: 0 / 0M, Empty: 0M, Relocated: 0M, In-Place: 0
[68.236s][info][gc,reloc    ] GC(176) Forwarding Usage: 0M
[68.236s][info][gc,heap     ] GC(176) Min Capacity: 2048M(100%)
[68.236s][info][gc,heap     ] GC(176) Max Capacity: 2048M(100%)
[68.236s][info][gc,heap     ] GC(176) Soft Max Capacity: 2048M(100%)
[68.236s][info][gc,heap     ] GC(176)                Mark Start          Mark End        Relocate Start      Relocate End           High               Low         
[68.236s][info][gc,heap     ] GC(176)  Capacity:     2048M (100%)       2048M (100%)       2048M (100%)       2048M (100%)       2048M (100%)       2048M (100%)   
[68.236s][info][gc,heap     ] GC(176)      Free:      360M (18%)         298M (15%)        1628M (79%)        1914M (93%)        1914M (93%)         276M (13%)    
[68.236s][info][gc,heap     ] GC(176)      Used:     1688M (82%)        1750M (85%)         420M (21%)         134M (7%)         1772M (87%)         134M (7%)     
[68.236s][info][gc,heap     ] GC(176)      Live:         -                 9M (0%)            9M (0%)            9M (0%)             -                  -          
[68.236s][info][gc,heap     ] GC(176) Allocated:         -                62M (3%)           94M (5%)           93M (5%)             -                  -          
[68.236s][info][gc,heap     ] GC(176)   Garbage:         -              1678M (82%)         316M (15%)          30M (2%)             -                  -          
[68.236s][info][gc,heap     ] GC(176) Reclaimed:         -                  -              1362M (67%)        1647M (80%)            -                  -          
[68.236s][info][gc          ] GC(176) Garbage Collection (Allocation Rate) 1688M(82%)->134M(7%)
[68.606s][info][gc,start    ] GC(177) Garbage Collection (Allocation Rate)
[68.606s][info][gc,task     ] GC(177) Using 1 workers
[68.606s][info][gc,phases   ] GC(177) Pause Mark Start 0.012ms
[68.624s][info][gc,phases   ] GC(177) Concurrent Mark 15.634ms
[68.624s][info][gc,phases   ] GC(177) Pause Mark End 0.014ms
[68.626s][info][gc,phases   ] GC(177) Concurrent Mark Free 0.001ms
[68.632s][info][gc,phases   ] GC(177) Concurrent Process Non-Strong References 6.715ms
[68.632s][info][gc,phases   ] GC(177) Concurrent Reset Relocation Set 0.005ms
[68.634s][info][gc,phases   ] GC(177) Concurrent Select Relocation Set 1.998ms
[68.635s][info][gc,phases   ] GC(177) Pause Relocate Start 0.013ms
[68.635s][info][gc,phases   ] GC(177) Concurrent Relocate 0.539ms
[68.635s][info][gc,load     ] GC(177) Load: 0.00/0.00/0.00
[68.635s][info][gc,mmu      ] GC(177) MMU: 2ms/66.0%, 5ms/86.4%, 10ms/93.2%, 20ms/96.6%, 50ms/98.6%, 100ms/99.3%
[68.635s][info][gc,marking  ] GC(177) Mark: 1 stripe(s), 2 proactive flush(es), 2 terminate flush(es), 0 completion(s), 0 continuation(s) 
[68.635s][info][gc,marking  ] GC(177) Mark Stack Usage: 32M
[68.635s][info][gc,nmethod  ] GC(177) NMethods: 3405 registered, 1172 unregistered
[68.635s][info][gc,metaspace] GC(177) Metaspace: 8M used, 9M committed, 1088M reserved
[68.635s][info][gc,ref      ] GC(177) Soft: 351 encountered, 0 discovered, 0 enqueued
[68.635s][info][gc,ref      ] GC(177) Weak: 873 encountered, 279 discovered, 248 enqueued
[68.635s][info][gc,ref      ] GC(177) Final: 3 encountered, 0 discovered, 0 enqueued
[68.635s][info][gc,ref      ] GC(177) Phantom: 111 encountered, 77 discovered, 0 enqueued
[68.635s][info][gc,reloc    ] GC(177) Small Pages: 806 / 1612M, Empty: 1318M, Relocated: 0M, In-Place: 0
[68.635s][info][gc,reloc    ] GC(177) Medium Pages: 1 / 32M, Empty: 0M, Relocated: 0M, In-Place: 0
[68.635s][info][gc,reloc    ] GC(177) Large Pages: 0 / 0M, Empty: 0M, Relocated: 0M, In-Place: 0
[68.635s][info][gc,reloc    ] GC(177) Forwarding Usage: 0M
[68.635s][info][gc,heap     ] GC(177) Min Capacity: 2048M(100%)
[68.635s][info][gc,heap     ] GC(177) Max Capacity: 2048M(100%)
[68.635s][info][gc,heap     ] GC(177) Soft Max Capacity: 2048M(100%)
[68.635s][info][gc,heap     ] GC(177)                Mark Start          Mark End        Relocate Start      Relocate End           High               Low         
[68.635s][info][gc,heap     ] GC(177)  Capacity:     2048M (100%)       2048M (100%)       2048M (100%)       2048M (100%)       2048M (100%)       2048M (100%)   
[68.635s][info][gc,heap     ] GC(177)      Free:      404M (20%)         332M (16%)        1616M (79%)        1902M (93%)        1902M (93%)         308M (15%)    
[68.635s][info][gc,heap     ] GC(177)      Used:     1644M (80%)        1716M (84%)         432M (21%)         146M (7%)         1740M (85%)         146M (7%)     
[68.635s][info][gc,heap     ] GC(177)      Live:         -                 9M (0%)            9M (0%)            9M (0%)             -                  -          
[68.635s][info][gc,heap     ] GC(177) Allocated:         -                72M (4%)          106M (5%)          105M (5%)             -                  -          
[68.635s][info][gc,heap     ] GC(177)   Garbage:         -              1634M (80%)         316M (15%)          30M (2%)             -                  -          
[68.635s][info][gc,heap     ] GC(177) Reclaimed:         -                  -              1318M (64%)        1603M (78%)            -                  -          
[68.635s][info][gc          ] GC(177) Garbage Collection (Allocation Rate) 1644M(80%)->146M(7%)
[69.002s][info][gc,start    ] GC(178) Garbage Collection (Allocation Rate)
[69.002s][info][gc,task     ] GC(178) Using 1 workers
[69.002s][info][gc,phases   ] GC(178) Pause Mark Start 0.010ms
[69.011s][info][gc,phases   ] GC(178) Concurrent Mark 8.289ms
[69.011s][info][gc,phases   ] GC(178) Pause Mark End 0.025ms
[69.011s][info][gc,phases   ] GC(178) Concurrent Mark Free 0.001ms
[69.018s][info][gc,phases   ] GC(178) Concurrent Process Non-Strong References 7.263ms
[69.018s][info][gc,phases   ] GC(178) Concurrent Reset Relocation Set 0.008ms
[69.020s][info][gc,phases   ] GC(178) Concurrent Select Relocation Set 1.903ms
[69.020s][info][gc,phases   ] GC(178) Pause Relocate Start 0.013ms
[69.032s][info][gc,phases   ] GC(178) Concurrent Relocate 1.587ms
[69.032s][info][gc,load     ] GC(178) Load: 0.00/0.00/0.00
[69.032s][info][gc,mmu      ] GC(178) MMU: 2ms/66.0%, 5ms/86.4%, 10ms/93.2%, 20ms/96.6%, 50ms/98.6%, 100ms/99.3%
[69.032s][info][gc,marking  ] GC(178) Mark: 1 stripe(s), 2 proactive flush(es), 1 terminate flush(es), 0 completion(s), 0 continuation(s) 
[69.032s][info][gc,marking  ] GC(178) Mark Stack Usage: 32M
[69.032s][info][gc,nmethod  ] GC(178) NMethods: 3405 registered, 1172 unregistered
[69.032s][info][gc,metaspace] GC(178) Metaspace: 8M used, 9M committed, 1088M reserved
[69.032s][info][gc,ref      ] GC(178) Soft: 351 encountered, 0 discovered, 0 enqueued
[69.032s][info][gc,ref      ] GC(178) Weak: 874 encountered, 285 discovered, 257 enqueued
[69.032s][info][gc,ref      ] GC(178) Final: 3 encountered, 0 discovered, 0 enqueued
[69.032s][info][gc,ref      ] GC(178) Phantom: 102 encountered, 81 discovered, 0 enqueued
[69.032s][info][gc,reloc    ] GC(178) Small Pages: 808 / 1616M, Empty: 1326M, Relocated: 1M, In-Place: 0
[69.032s][info][gc,reloc    ] GC(178) Medium Pages: 1 / 32M, Empty: 0M, Relocated: 0M, In-Place: 0
[69.032s][info][gc,reloc    ] GC(178) Large Pages: 0 / 0M, Empty: 0M, Relocated: 0M, In-Place: 0
[69.032s][info][gc,reloc    ] GC(178) Forwarding Usage: 0M
[69.032s][info][gc,heap     ] GC(178) Min Capacity: 2048M(100%)
[69.032s][info][gc,heap     ] GC(178) Max Capacity: 2048M(100%)
[69.032s][info][gc,heap     ] GC(178) Soft Max Capacity: 2048M(100%)
[69.032s][info][gc,heap     ] GC(178)                Mark Start          Mark End        Relocate Start      Relocate End           High               Low         
[69.032s][info][gc,heap     ] GC(178)  Capacity:     2048M (100%)       2048M (100%)       2048M (100%)       2048M (100%)       2048M (100%)       2048M (100%)   
[69.032s][info][gc,heap     ] GC(178)      Free:      400M (20%)         362M (18%)        1662M (81%)        1898M (93%)        1904M (93%)         340M (17%)    
[69.032s][info][gc,heap     ] GC(178)      Used:     1648M (80%)        1686M (82%)         386M (19%)         150M (7%)         1708M (83%)         144M (7%)     
[69.032s][info][gc,heap     ] GC(178)      Live:         -                 9M (0%)            9M (0%)            9M (0%)             -                  -          
[69.032s][info][gc,heap     ] GC(178) Allocated:         -                38M (2%)           64M (3%)          111M (5%)             -                  -          
[69.032s][info][gc,heap     ] GC(178)   Garbage:         -              1638M (80%)         312M (15%)          28M (1%)             -                  -          
[69.032s][info][gc,heap     ] GC(178) Reclaimed:         -                  -              1326M (65%)        1609M (79%)            -                  -          
[69.032s][info][gc          ] GC(178) Garbage Collection (Allocation Rate) 1648M(80%)->150M(7%)
[69.398s][info][gc,start    ] GC(179) Garbage Collection (Allocation Rate)
[69.398s][info][gc,task     ] GC(179) Using 1 workers
[69.398s][info][gc,phases   ] GC(179) Pause Mark Start 0.008ms
[69.414s][info][gc,phases   ] GC(179) Concurrent Mark 10.317ms
[69.414s][info][gc,phases   ] GC(179) Pause Mark End 0.014ms
[69.414s][info][gc,phases   ] GC(179) Concurrent Mark Free 0.001ms
[69.421s][info][gc,phases   ] GC(179) Concurrent Process Non-Strong References 7.053ms
[69.421s][info][gc,phases   ] GC(179) Concurrent Reset Relocation Set 0.005ms
[69.423s][info][gc,phases   ] GC(179) Concurrent Select Relocation Set 2.026ms
[69.424s][info][gc,phases   ] GC(179) Pause Relocate Start 0.013ms
[69.424s][info][gc,phases   ] GC(179) Concurrent Relocate 0.520ms
[69.424s][info][gc,load     ] GC(179) Load: 0.00/0.00/0.00
[69.424s][info][gc,mmu      ] GC(179) MMU: 2ms/66.0%, 5ms/86.4%, 10ms/93.2%, 20ms/96.6%, 50ms/98.6%, 100ms/99.3%
[69.424s][info][gc,marking  ] GC(179) Mark: 1 stripe(s), 2 proactive flush(es), 2 terminate flush(es), 0 completion(s), 0 continuation(s) 
[69.424s][info][gc,marking  ] GC(179) Mark Stack Usage: 32M
[69.425s][info][gc,nmethod  ] GC(179) NMethods: 3405 registered, 1172 unregistered
[69.425s][info][gc,metaspace] GC(179) Metaspace: 8M used, 9M committed, 1088M reserved
[69.425s][info][gc,ref      ] GC(179) Soft: 351 encountered, 0 discovered, 0 enqueued
[69.425s][info][gc,ref      ] GC(179) Weak: 869 encountered, 278 discovered, 251 enqueued
[69.425s][info][gc,ref      ] GC(179) Final: 3 encountered, 0 discovered, 0 enqueued
[69.425s][info][gc,ref      ] GC(179) Phantom: 89 encountered, 67 discovered, 0 enqueued
[69.425s][info][gc,reloc    ] GC(179) Small Pages: 803 / 1606M, Empty: 1312M, Relocated: 0M, In-Place: 0
[69.425s][info][gc,reloc    ] GC(179) Medium Pages: 1 / 32M, Empty: 0M, Relocated: 0M, In-Place: 0
[69.425s][info][gc,reloc    ] GC(179) Large Pages: 0 / 0M, Empty: 0M, Relocated: 0M, In-Place: 0
[69.425s][info][gc,reloc    ] GC(179) Forwarding Usage: 0M
[69.425s][info][gc,heap     ] GC(179) Min Capacity: 2048M(100%)
[69.425s][info][gc,heap     ] GC(179) Max Capacity: 2048M(100%)
[69.425s][info][gc,heap     ] GC(179) Soft Max Capacity: 2048M(100%)
[69.425s][info][gc,heap     ] GC(179)                Mark Start          Mark End        Relocate Start      Relocate End           High               Low         
[69.425s][info][gc,heap     ] GC(179)  Capacity:     2048M (100%)       2048M (100%)       2048M (100%)       2048M (100%)       2048M (100%)       2048M (100%)   
[69.425s][info][gc,heap     ] GC(179)      Free:      410M (20%)         346M (17%)        1630M (80%)        1914M (93%)        1914M (93%)         326M (16%)    
[69.425s][info][gc,heap     ] GC(179)      Used:     1638M (80%)        1702M (83%)         418M (20%)         134M (7%)         1722M (84%)         134M (7%)     
[69.425s][info][gc,heap     ] GC(179)      Live:         -                 9M (0%)            9M (0%)            9M (0%)             -                  -          
[69.425s][info][gc,heap     ] GC(179) Allocated:         -                64M (3%)           92M (4%)           93M (5%)             -                  -          
[69.425s][info][gc,heap     ] GC(179)   Garbage:         -              1628M (80%)         316M (15%)          30M (2%)             -                  -          
[69.425s][info][gc,heap     ] GC(179) Reclaimed:         -                  -              1312M (64%)        1597M (78%)            -                  -          
[69.425s][info][gc          ] GC(179) Garbage Collection (Allocation Rate) 1638M(80%)->134M(7%)
[69.810s][info][gc,start    ] GC(180) Garbage Collection (Allocation Rate)
[69.810s][info][gc,task     ] GC(180) Using 1 workers
[69.810s][info][gc,phases   ] GC(180) Pause Mark Start 0.009ms
[69.818s][info][gc,phases   ] GC(180) Concurrent Mark 7.121ms
[69.818s][info][gc,phases   ] GC(180) Pause Mark End 0.017ms
[69.818s][info][gc,phases   ] GC(180) Concurrent Mark Free 0.001ms
[69.826s][info][gc,phases   ] GC(180) Concurrent Process Non-Strong References 7.693ms
[69.826s][info][gc,phases   ] GC(180) Concurrent Reset Relocation Set 0.006ms
[69.828s][info][gc,phases   ] GC(180) Concurrent Select Relocation Set 2.066ms
[69.828s][info][gc,phases   ] GC(180) Pause Relocate Start 0.011ms
[69.829s][info][gc,phases   ] GC(180) Concurrent Relocate 0.494ms
[69.829s][info][gc,load     ] GC(180) Load: 0.00/0.00/0.00
[69.829s][info][gc,mmu      ] GC(180) MMU: 2ms/66.0%, 5ms/86.4%, 10ms/93.2%, 20ms/96.6%, 50ms/98.6%, 100ms/99.3%
[69.829s][info][gc,marking  ] GC(180) Mark: 1 stripe(s), 2 proactive flush(es), 1 terminate flush(es), 0 completion(s), 0 continuation(s) 
[69.829s][info][gc,marking  ] GC(180) Mark Stack Usage: 32M
[69.829s][info][gc,nmethod  ] GC(180) NMethods: 3405 registered, 1172 unregistered
[69.829s][info][gc,metaspace] GC(180) Metaspace: 8M used, 9M committed, 1088M reserved
[69.829s][info][gc,ref      ] GC(180) Soft: 351 encountered, 0 discovered, 0 enqueued
[69.829s][info][gc,ref      ] GC(180) Weak: 880 encountered, 290 discovered, 260 enqueued
[69.829s][info][gc,ref      ] GC(180) Final: 3 encountered, 0 discovered, 0 enqueued
[69.829s][info][gc,ref      ] GC(180) Phantom: 122 encountered, 108 discovered, 0 enqueued
[69.829s][info][gc,reloc    ] GC(180) Small Pages: 841 / 1682M, Empty: 1386M, Relocated: 0M, In-Place: 0
[69.829s][info][gc,reloc    ] GC(180) Medium Pages: 1 / 32M, Empty: 0M, Relocated: 0M, In-Place: 0
[69.829s][info][gc,reloc    ] GC(180) Large Pages: 0 / 0M, Empty: 0M, Relocated: 0M, In-Place: 0
[69.829s][info][gc,reloc    ] GC(180) Forwarding Usage: 0M
[69.829s][info][gc,heap     ] GC(180) Min Capacity: 2048M(100%)
[69.829s][info][gc,heap     ] GC(180) Max Capacity: 2048M(100%)
[69.829s][info][gc,heap     ] GC(180) Soft Max Capacity: 2048M(100%)
[69.829s][info][gc,heap     ] GC(180)                Mark Start          Mark End        Relocate Start      Relocate End           High               Low         
[69.829s][info][gc,heap     ] GC(180)  Capacity:     2048M (100%)       2048M (100%)       2048M (100%)       2048M (100%)       2048M (100%)       2048M (100%)   
[69.829s][info][gc,heap     ] GC(180)      Free:      334M (16%)         304M (15%)        1654M (81%)        1940M (95%)        1940M (95%)         272M (13%)    
[69.829s][info][gc,heap     ] GC(180)      Used:     1714M (84%)        1744M (85%)         394M (19%)         108M (5%)         1776M (87%)         108M (5%)     
[69.829s][info][gc,heap     ] GC(180)      Live:         -                 9M (0%)            9M (0%)            9M (0%)             -                  -          
[69.829s][info][gc,heap     ] GC(180) Allocated:         -                30M (1%)           66M (3%)           67M (3%)             -                  -          
[69.829s][info][gc,heap     ] GC(180)   Garbage:         -              1704M (83%)         318M (16%)          30M (2%)             -                  -          
[69.829s][info][gc,heap     ] GC(180) Reclaimed:         -                  -              1386M (68%)        1673M (82%)            -                  -          
[69.829s][info][gc          ] GC(180) Garbage Collection (Allocation Rate) 1714M(84%)->108M(5%)
[70.111s][info][gc,stats    ] === Garbage Collection Statistics =======================================================================================================================
[70.111s][info][gc,stats    ]                                                              Last 10s              Last 10m              Last 10h                Total
[70.111s][info][gc,stats    ]                                                              Avg / Max             Avg / Max             Avg / Max             Avg / Max
[70.111s][info][gc,stats    ]   Collector: Garbage Collection Cycle                     24.669 / 37.174       28.692 / 162.441      28.692 / 162.441      28.692 / 162.441     ms
[70.111s][info][gc,stats    ]  Contention: Mark Segment Reset Contention                     0 / 0                 0 / 1                 0 / 1                 0 / 1           ops/s
[70.111s][info][gc,stats    ]  Contention: Mark SeqNum Reset Contention                      0 / 0                 0 / 1                 0 / 1                 0 / 1           ops/s
[70.111s][info][gc,stats    ]    Critical: Allocation Stall                                  0 / 0                 0 / 0                 0 / 0                 0 / 0           ops/s
[70.111s][info][gc,stats    ]    Critical: Allocation Stall                              0.000 / 0.000         0.000 / 0.000         0.000 / 0.000         0.000 / 0.000       ms
[70.111s][info][gc,stats    ]    Critical: GC Locker Stall                                   0 / 0                 0 / 0                 0 / 0                 0 / 0           ops/s
[70.111s][info][gc,stats    ]    Critical: GC Locker Stall                               0.000 / 0.000         0.000 / 0.000         0.000 / 0.000         0.000 / 0.000       ms
[70.111s][info][gc,stats    ]    Critical: Relocation Stall                                  0 / 0                 0 / 0                 0 / 0                 0 / 0           ops/s
[70.111s][info][gc,stats    ]    Critical: Relocation Stall                              0.000 / 0.000         0.000 / 0.000         0.000 / 0.000         0.000 / 0.000       ms
[70.111s][info][gc,stats    ]      Memory: Allocation Rate                                3964 / 4124           3644 / 4124           3644 / 4124           3644 / 4124        MB/s
[70.111s][info][gc,stats    ]      Memory: Out Of Memory                                     0 / 0                 0 / 0                 0 / 0                 0 / 0           ops/s
[70.111s][info][gc,stats    ]      Memory: Page Cache Flush                                  0 / 0                 0 / 0                 0 / 0                 0 / 0           MB/s
[70.111s][info][gc,stats    ]      Memory: Page Cache Hit L1                              1982 / 2064           1807 / 2064           1807 / 2064           1807 / 2064        ops/s
[70.111s][info][gc,stats    ]      Memory: Page Cache Hit L2                                 0 / 0                 0 / 0                 0 / 0                 0 / 0           ops/s
[70.111s][info][gc,stats    ]      Memory: Page Cache Hit L3                                 0 / 0                13 / 230              13 / 230              13 / 230         ops/s
[70.111s][info][gc,stats    ]      Memory: Page Cache Miss                                   0 / 0                 0 / 1                 0 / 1                 0 / 1           ops/s
[70.111s][info][gc,stats    ]      Memory: Uncommit                                          0 / 0                 0 / 0                 0 / 0                 0 / 0           MB/s
[70.111s][info][gc,stats    ]      Memory: Undo Object Allocation Failed                     0 / 0                 0 / 1                 0 / 1                 0 / 1           ops/s
[70.111s][info][gc,stats    ]      Memory: Undo Object Allocation Succeeded                 10 / 27               10 / 33               10 / 33               10 / 33          ops/s
[70.111s][info][gc,stats    ]      Memory: Undo Page Allocation                              0 / 3                 0 / 3                 0 / 3                 0 / 3           ops/s
[70.111s][info][gc,stats    ]       Phase: Concurrent Mark                               9.776 / 15.634       13.261 / 126.705      13.261 / 126.705      13.261 / 126.705     ms
[70.111s][info][gc,stats    ]       Phase: Concurrent Mark Continue                      0.000 / 0.000         0.000 / 0.000         0.000 / 0.000         0.000 / 0.000       ms
[70.111s][info][gc,stats    ]       Phase: Concurrent Mark Free                          0.001 / 0.003         0.001 / 0.004         0.001 / 0.004         0.001 / 0.004       ms
[70.111s][info][gc,stats    ]       Phase: Concurrent Process Non-Strong References      8.227 / 21.708        7.641 / 23.758        7.641 / 23.758        7.641 / 23.758      ms
[70.111s][info][gc,stats    ]       Phase: Concurrent Relocate                           0.711 / 1.587         0.768 / 3.882         0.768 / 3.882         0.768 / 3.882       ms
[70.111s][info][gc,stats    ]       Phase: Concurrent Reset Relocation Set               0.006 / 0.010         0.006 / 0.012         0.006 / 0.012         0.006 / 0.012       ms
[70.111s][info][gc,stats    ]       Phase: Concurrent Select Relocation Set              2.018 / 2.260         2.035 / 3.268         2.035 / 3.268         2.035 / 3.268       ms
[70.111s][info][gc,stats    ]       Phase: Pause Mark End                                0.019 / 0.070         0.023 / 0.680         0.023 / 0.680         0.023 / 0.680       ms
[70.111s][info][gc,stats    ]       Phase: Pause Mark Start                              0.010 / 0.014         0.010 / 0.021         0.010 / 0.021         0.010 / 0.021       ms
[70.111s][info][gc,stats    ]       Phase: Pause Relocate Start                          0.013 / 0.023         0.011 / 0.023         0.011 / 0.023         0.011 / 0.023       ms
[70.111s][info][gc,stats    ]    Subphase: Concurrent Classes Purge                      0.251 / 0.343         0.239 / 0.630         0.239 / 0.630         0.239 / 0.630       ms
[70.111s][info][gc,stats    ]    Subphase: Concurrent Classes Unlink                     6.018 / 6.429         5.524 / 7.706         5.524 / 7.706         5.524 / 7.706       ms
[70.111s][info][gc,stats    ]    Subphase: Concurrent Mark                               9.023 / 15.171       13.688 / 125.306      13.688 / 125.306      13.688 / 125.306     ms
[70.111s][info][gc,stats    ]    Subphase: Concurrent Mark Try Flush                     0.631 / 6.155         1.531 / 32.302        1.531 / 32.302        1.531 / 32.302      ms
[70.111s][info][gc,stats    ]    Subphase: Concurrent Mark Try Terminate                 0.333 / 8.301         2.091 / 31.618        2.091 / 31.618        2.091 / 31.618      ms
[70.111s][info][gc,stats    ]    Subphase: Concurrent References Enqueue                 0.005 / 0.008         0.005 / 0.008         0.005 / 0.008         0.005 / 0.008       ms
[70.111s][info][gc,stats    ]    Subphase: Concurrent References Process                 0.113 / 0.170         0.112 / 0.183         0.112 / 0.183         0.112 / 0.183       ms
[70.111s][info][gc,stats    ]    Subphase: Concurrent Roots ClassLoaderDataGraph         0.093 / 0.182         0.092 / 0.292         0.092 / 0.292         0.092 / 0.292       ms
[70.111s][info][gc,stats    ]    Subphase: Concurrent Roots CodeCache                    0.000 / 0.000         0.000 / 0.000         0.000 / 0.000         0.000 / 0.000       ms
[70.111s][info][gc,stats    ]    Subphase: Concurrent Roots JavaThreads                  0.292 / 0.362         0.350 / 3.827         0.350 / 3.827         0.350 / 3.827       ms
[70.111s][info][gc,stats    ]    Subphase: Concurrent Roots OopStorageSet                0.022 / 0.034         0.023 / 0.065         0.023 / 0.065         0.023 / 0.065       ms
[70.111s][info][gc,stats    ]    Subphase: Concurrent Weak Roots OopStorageSet           0.222 / 0.492         0.221 / 0.530         0.221 / 0.530         0.221 / 0.530       ms
[70.111s][info][gc,stats    ]    Subphase: Pause Mark Try Complete                       0.002 / 0.002         0.004 / 0.018         0.004 / 0.018         0.004 / 0.018       ms
[70.111s][info][gc,stats    ]      System: Java Threads                                     17 / 18               17 / 19               17 / 19               17 / 19          threads
[70.111s][info][gc,stats    ] =========================================================================================================================================================
[70.206s][info][gc,start    ] GC(181) Garbage Collection (Allocation Rate)
[70.206s][info][gc,task     ] GC(181) Using 1 workers
[70.206s][info][gc,phases   ] GC(181) Pause Mark Start 0.013ms
[70.215s][info][gc,phases   ] GC(181) Concurrent Mark 8.989ms
[70.215s][info][gc,phases   ] GC(181) Pause Mark End 0.015ms
[70.219s][info][gc,phases   ] GC(181) Concurrent Mark Free 0.002ms
[70.226s][info][gc,phases   ] GC(181) Concurrent Process Non-Strong References 7.415ms
[70.226s][info][gc,phases   ] GC(181) Concurrent Reset Relocation Set 0.009ms
[70.228s][info][gc,phases   ] GC(181) Concurrent Select Relocation Set 2.258ms
[70.228s][info][gc,phases   ] GC(181) Pause Relocate Start 0.008ms
[70.229s][info][gc,phases   ] GC(181) Concurrent Relocate 0.510ms
[70.229s][info][gc,load     ] GC(181) Load: 0.00/0.00/0.00
[70.229s][info][gc,mmu      ] GC(181) MMU: 2ms/66.0%, 5ms/86.4%, 10ms/93.2%, 20ms/96.6%, 50ms/98.6%, 100ms/99.3%
[70.229s][info][gc,marking  ] GC(181) Mark: 1 stripe(s), 3 proactive flush(es), 1 terminate flush(es), 0 completion(s), 0 continuation(s) 
[70.229s][info][gc,marking  ] GC(181) Mark Stack Usage: 32M
[70.229s][info][gc,nmethod  ] GC(181) NMethods: 3405 registered, 1172 unregistered
[70.229s][info][gc,metaspace] GC(181) Metaspace: 8M used, 9M committed, 1088M reserved
[70.229s][info][gc,ref      ] GC(181) Soft: 351 encountered, 0 discovered, 0 enqueued
[70.229s][info][gc,ref      ] GC(181) Weak: 875 encountered, 283 discovered, 248 enqueued
[70.229s][info][gc,ref      ] GC(181) Final: 3 encountered, 0 discovered, 0 enqueued
[70.229s][info][gc,ref      ] GC(181) Phantom: 124 encountered, 110 discovered, 0 enqueued
[70.229s][info][gc,reloc    ] GC(181) Small Pages: 796 / 1592M, Empty: 1314M, Relocated: 0M, In-Place: 0
[70.229s][info][gc,reloc    ] GC(181) Medium Pages: 1 / 32M, Empty: 0M, Relocated: 0M, In-Place: 0
[70.229s][info][gc,reloc    ] GC(181) Large Pages: 0 / 0M, Empty: 0M, Relocated: 0M, In-Place: 0
[70.229s][info][gc,reloc    ] GC(181) Forwarding Usage: 0M
[70.229s][info][gc,heap     ] GC(181) Min Capacity: 2048M(100%)
[70.229s][info][gc,heap     ] GC(181) Max Capacity: 2048M(100%)
[70.229s][info][gc,heap     ] GC(181) Soft Max Capacity: 2048M(100%)
[70.229s][info][gc,heap     ] GC(181)                Mark Start          Mark End        Relocate Start      Relocate End           High               Low         
[70.229s][info][gc,heap     ] GC(181)  Capacity:     2048M (100%)       2048M (100%)       2048M (100%)       2048M (100%)       2048M (100%)       2048M (100%)   
[70.229s][info][gc,heap     ] GC(181)      Free:      424M (21%)         384M (19%)        1656M (81%)        1922M (94%)        1922M (94%)         348M (17%)    
[70.229s][info][gc,heap     ] GC(181)      Used:     1624M (79%)        1664M (81%)         392M (19%)         126M (6%)         1700M (83%)         126M (6%)     
[70.229s][info][gc,heap     ] GC(181)      Live:         -                 9M (0%)            9M (0%)            9M (0%)             -                  -          
[70.229s][info][gc,heap     ] GC(181) Allocated:         -                40M (2%)           82M (4%)           85M (4%)             -                  -          
[70.229s][info][gc,heap     ] GC(181)   Garbage:         -              1614M (79%)         300M (15%)          30M (2%)             -                  -          
[70.229s][info][gc,heap     ] GC(181) Reclaimed:         -                  -              1314M (64%)        1583M (77%)            -                  -          
[70.229s][info][gc          ] GC(181) Garbage Collection (Allocation Rate) 1624M(79%)->126M(6%)
[70.600s][info][gc,start    ] GC(182) Garbage Collection (Allocation Rate)
[70.600s][info][gc,task     ] GC(182) Using 1 workers
[70.600s][info][gc,phases   ] GC(182) Pause Mark Start 0.011ms
[70.609s][info][gc,phases   ] GC(182) Concurrent Mark 7.899ms
[70.610s][info][gc,phases   ] GC(182) Pause Mark End 0.061ms
[70.610s][info][gc,phases   ] GC(182) Concurrent Mark Free 0.001ms
[70.617s][info][gc,phases   ] GC(182) Concurrent Process Non-Strong References 6.914ms
[70.617s][info][gc,phases   ] GC(182) Concurrent Reset Relocation Set 0.006ms
[70.619s][info][gc,phases   ] GC(182) Concurrent Select Relocation Set 2.071ms
[70.619s][info][gc,phases   ] GC(182) Pause Relocate Start 0.012ms
[70.620s][info][gc,phases   ] GC(182) Concurrent Relocate 0.517ms
[70.620s][info][gc,load     ] GC(182) Load: 0.00/0.00/0.00
[70.620s][info][gc,mmu      ] GC(182) MMU: 2ms/66.0%, 5ms/86.4%, 10ms/93.2%, 20ms/96.6%, 50ms/98.6%, 100ms/99.3%
[70.620s][info][gc,marking  ] GC(182) Mark: 1 stripe(s), 2 proactive flush(es), 1 terminate flush(es), 1 completion(s), 0 continuation(s) 
[70.620s][info][gc,marking  ] GC(182) Mark Stack Usage: 32M
[70.620s][info][gc,nmethod  ] GC(182) NMethods: 3405 registered, 1172 unregistered
[70.620s][info][gc,metaspace] GC(182) Metaspace: 8M used, 9M committed, 1088M reserved
[70.620s][info][gc,ref      ] GC(182) Soft: 351 encountered, 0 discovered, 0 enqueued
[70.620s][info][gc,ref      ] GC(182) Weak: 885 encountered, 295 discovered, 257 enqueued
[70.620s][info][gc,ref      ] GC(182) Final: 3 encountered, 0 discovered, 0 enqueued
[70.620s][info][gc,ref      ] GC(182) Phantom: 124 encountered, 110 discovered, 0 enqueued
[70.620s][info][gc,reloc    ] GC(182) Small Pages: 813 / 1626M, Empty: 1328M, Relocated: 0M, In-Place: 0
[70.620s][info][gc,reloc    ] GC(182) Medium Pages: 1 / 32M, Empty: 0M, Relocated: 0M, In-Place: 0
[70.620s][info][gc,reloc    ] GC(182) Large Pages: 0 / 0M, Empty: 0M, Relocated: 0M, In-Place: 0
[70.620s][info][gc,reloc    ] GC(182) Forwarding Usage: 0M
[70.620s][info][gc,heap     ] GC(182) Min Capacity: 2048M(100%)
[70.620s][info][gc,heap     ] GC(182) Max Capacity: 2048M(100%)
[70.620s][info][gc,heap     ] GC(182) Soft Max Capacity: 2048M(100%)
[70.620s][info][gc,heap     ] GC(182)                Mark Start          Mark End        Relocate Start      Relocate End           High               Low         
[70.620s][info][gc,heap     ] GC(182)  Capacity:     2048M (100%)       2048M (100%)       2048M (100%)       2048M (100%)       2048M (100%)       2048M (100%)   
[70.620s][info][gc,heap     ] GC(182)      Free:      390M (19%)         350M (17%)        1652M (81%)        1940M (95%)        1940M (95%)         330M (16%)    
[70.620s][info][gc,heap     ] GC(182)      Used:     1658M (81%)        1698M (83%)         396M (19%)         108M (5%)         1718M (84%)         108M (5%)     
[70.620s][info][gc,heap     ] GC(182)      Live:         -                 9M (0%)            9M (0%)            9M (0%)             -                  -          
[70.620s][info][gc,heap     ] GC(182) Allocated:         -                40M (2%)           66M (3%)           67M (3%)             -                  -          
[70.620s][info][gc,heap     ] GC(182)   Garbage:         -              1648M (81%)         320M (16%)          30M (2%)             -                  -          
[70.620s][info][gc,heap     ] GC(182) Reclaimed:         -                  -              1328M (65%)        1617M (79%)            -                  -          
[70.620s][info][gc          ] GC(182) Garbage Collection (Allocation Rate) 1658M(81%)->108M(5%)
[71.011s][info][gc,start    ] GC(183) Garbage Collection (Allocation Rate)
[71.011s][info][gc,task     ] GC(183) Using 1 workers
[71.011s][info][gc,phases   ] GC(183) Pause Mark Start 0.009ms
[71.021s][info][gc,phases   ] GC(183) Concurrent Mark 9.493ms
[71.021s][info][gc,phases   ] GC(183) Pause Mark End 0.018ms
[71.021s][info][gc,phases   ] GC(183) Concurrent Mark Free 0.000ms
[71.028s][info][gc,phases   ] GC(183) Concurrent Process Non-Strong References 7.384ms
[71.028s][info][gc,phases   ] GC(183) Concurrent Reset Relocation Set 0.007ms
[71.030s][info][gc,phases   ] GC(183) Concurrent Select Relocation Set 2.137ms
[71.031s][info][gc,phases   ] GC(183) Pause Relocate Start 0.012ms
[71.038s][info][gc,phases   ] GC(183) Concurrent Relocate 0.634ms
[71.038s][info][gc,load     ] GC(183) Load: 0.00/0.00/0.00
[71.038s][info][gc,mmu      ] GC(183) MMU: 2ms/66.0%, 5ms/86.4%, 10ms/93.2%, 20ms/96.6%, 50ms/98.6%, 100ms/99.3%
[71.038s][info][gc,marking  ] GC(183) Mark: 1 stripe(s), 2 proactive flush(es), 1 terminate flush(es), 0 completion(s), 0 continuation(s) 
[71.038s][info][gc,marking  ] GC(183) Mark Stack Usage: 32M
[71.038s][info][gc,nmethod  ] GC(183) NMethods: 3405 registered, 1172 unregistered
[71.038s][info][gc,metaspace] GC(183) Metaspace: 8M used, 9M committed, 1088M reserved
[71.038s][info][gc,ref      ] GC(183) Soft: 351 encountered, 0 discovered, 0 enqueued
[71.038s][info][gc,ref      ] GC(183) Weak: 887 encountered, 296 discovered, 262 enqueued
[71.038s][info][gc,ref      ] GC(183) Final: 3 encountered, 0 discovered, 0 enqueued
[71.038s][info][gc,ref      ] GC(183) Phantom: 124 encountered, 110 discovered, 0 enqueued
[71.038s][info][gc,reloc    ] GC(183) Small Pages: 835 / 1670M, Empty: 1376M, Relocated: 0M, In-Place: 0
[71.038s][info][gc,reloc    ] GC(183) Medium Pages: 1 / 32M, Empty: 0M, Relocated: 0M, In-Place: 0
[71.038s][info][gc,reloc    ] GC(183) Large Pages: 0 / 0M, Empty: 0M, Relocated: 0M, In-Place: 0
[71.038s][info][gc,reloc    ] GC(183) Forwarding Usage: 0M
[71.038s][info][gc,heap     ] GC(183) Min Capacity: 2048M(100%)
[71.038s][info][gc,heap     ] GC(183) Max Capacity: 2048M(100%)
[71.039s][info][gc,heap     ] GC(183) Soft Max Capacity: 2048M(100%)
[71.039s][info][gc,heap     ] GC(183)                Mark Start          Mark End        Relocate Start      Relocate End           High               Low         
[71.039s][info][gc,heap     ] GC(183)  Capacity:     2048M (100%)       2048M (100%)       2048M (100%)       2048M (100%)       2048M (100%)       2048M (100%)   
[71.039s][info][gc,heap     ] GC(183)      Free:      346M (17%)         306M (15%)        1648M (80%)        1908M (93%)        1908M (93%)         282M (14%)    
[71.039s][info][gc,heap     ] GC(183)      Used:     1702M (83%)        1742M (85%)         400M (20%)         140M (7%)         1766M (86%)         140M (7%)     
[71.039s][info][gc,heap     ] GC(183)      Live:         -                 9M (0%)            9M (0%)            9M (0%)             -                  -          
[71.039s][info][gc,heap     ] GC(183) Allocated:         -                40M (2%)           74M (4%)           99M (5%)             -                  -          
[71.039s][info][gc,heap     ] GC(183)   Garbage:         -              1692M (83%)         316M (15%)          30M (2%)             -                  -          
[71.039s][info][gc,heap     ] GC(183) Reclaimed:         -                  -              1376M (67%)        1661M (81%)            -                  -          
[71.039s][info][gc          ] GC(183) Garbage Collection (Allocation Rate) 1702M(83%)->140M(7%)
[71.407s][info][gc,start    ] GC(184) Garbage Collection (Allocation Rate)
[71.407s][info][gc,task     ] GC(184) Using 1 workers
[71.407s][info][gc,phases   ] GC(184) Pause Mark Start 0.010ms
[71.423s][info][gc,phases   ] GC(184) Concurrent Mark 13.212ms
[71.423s][info][gc,phases   ] GC(184) Pause Mark End 0.017ms
[71.424s][info][gc,phases   ] GC(184) Concurrent Mark Free 0.001ms
[71.431s][info][gc,phases   ] GC(184) Concurrent Process Non-Strong References 6.932ms
[71.431s][info][gc,phases   ] GC(184) Concurrent Reset Relocation Set 0.006ms
[71.433s][info][gc,phases   ] GC(184) Concurrent Select Relocation Set 2.131ms
[71.433s][info][gc,phases   ] GC(184) Pause Relocate Start 0.014ms
[71.435s][info][gc,phases   ] GC(184) Concurrent Relocate 1.403ms
[71.435s][info][gc,load     ] GC(184) Load: 0.00/0.00/0.00
[71.435s][info][gc,mmu      ] GC(184) MMU: 2ms/66.0%, 5ms/86.4%, 10ms/93.2%, 20ms/96.6%, 50ms/98.6%, 100ms/99.3%
[71.435s][info][gc,marking  ] GC(184) Mark: 1 stripe(s), 2 proactive flush(es), 1 terminate flush(es), 0 completion(s), 0 continuation(s) 
[71.435s][info][gc,marking  ] GC(184) Mark Stack Usage: 32M
[71.435s][info][gc,nmethod  ] GC(184) NMethods: 3405 registered, 1172 unregistered
[71.435s][info][gc,metaspace] GC(184) Metaspace: 8M used, 9M committed, 1088M reserved
[71.435s][info][gc,ref      ] GC(184) Soft: 351 encountered, 0 discovered, 0 enqueued
[71.435s][info][gc,ref      ] GC(184) Weak: 857 encountered, 266 discovered, 246 enqueued
[71.435s][info][gc,ref      ] GC(184) Final: 3 encountered, 0 discovered, 0 enqueued
[71.435s][info][gc,ref      ] GC(184) Phantom: 86 encountered, 52 discovered, 0 enqueued
[71.435s][info][gc,reloc    ] GC(184) Small Pages: 801 / 1602M, Empty: 1316M, Relocated: 1M, In-Place: 0
[71.435s][info][gc,reloc    ] GC(184) Medium Pages: 1 / 32M, Empty: 0M, Relocated: 0M, In-Place: 0
[71.435s][info][gc,reloc    ] GC(184) Large Pages: 0 / 0M, Empty: 0M, Relocated: 0M, In-Place: 0
[71.435s][info][gc,reloc    ] GC(184) Forwarding Usage: 0M
[71.435s][info][gc,heap     ] GC(184) Min Capacity: 2048M(100%)
[71.435s][info][gc,heap     ] GC(184) Max Capacity: 2048M(100%)
[71.435s][info][gc,heap     ] GC(184) Soft Max Capacity: 2048M(100%)
[71.435s][info][gc,heap     ] GC(184)                Mark Start          Mark End        Relocate Start      Relocate End           High               Low         
[71.435s][info][gc,heap     ] GC(184)  Capacity:     2048M (100%)       2048M (100%)       2048M (100%)       2048M (100%)       2048M (100%)       2048M (100%)   
[71.435s][info][gc,heap     ] GC(184)      Free:      414M (20%)         350M (17%)        1630M (80%)        1906M (93%)        1908M (93%)         322M (16%)    
[71.435s][info][gc,heap     ] GC(184)      Used:     1634M (80%)        1698M (83%)         418M (20%)         142M (7%)         1726M (84%)         140M (7%)     
[71.435s][info][gc,heap     ] GC(184)      Live:         -                 9M (0%)            9M (0%)            9M (0%)             -                  -          
[71.435s][info][gc,heap     ] GC(184) Allocated:         -                64M (3%)          100M (5%)          103M (5%)             -                  -          
[71.435s][info][gc,heap     ] GC(184)   Garbage:         -              1624M (79%)         308M (15%)          28M (1%)             -                  -          
[71.435s][info][gc,heap     ] GC(184) Reclaimed:         -                  -              1316M (64%)        1595M (78%)            -                  -          
[71.435s][info][gc          ] GC(184) Garbage Collection (Allocation Rate) 1634M(80%)->142M(7%)
[71.801s][info][gc,start    ] GC(185) Garbage Collection (Allocation Rate)
[71.802s][info][gc,task     ] GC(185) Using 1 workers
[71.802s][info][gc,phases   ] GC(185) Pause Mark Start 0.009ms
[71.809s][info][gc,phases   ] GC(185) Concurrent Mark 7.056ms
[71.809s][info][gc,phases   ] GC(185) Pause Mark End 0.016ms
[71.809s][info][gc,phases   ] GC(185) Concurrent Mark Free 0.001ms
[71.815s][info][gc,phases   ] GC(185) Concurrent Process Non-Strong References 5.662ms
[71.815s][info][gc,phases   ] GC(185) Concurrent Reset Relocation Set 0.006ms
[71.817s][info][gc,phases   ] GC(185) Concurrent Select Relocation Set 1.873ms
[71.817s][info][gc,phases   ] GC(185) Pause Relocate Start 0.010ms
[71.818s][info][gc,phases   ] GC(185) Concurrent Relocate 1.057ms
[71.818s][info][gc,load     ] GC(185) Load: 0.00/0.00/0.00
[71.818s][info][gc,mmu      ] GC(185) MMU: 2ms/66.0%, 5ms/86.4%, 10ms/93.2%, 20ms/96.6%, 50ms/98.6%, 100ms/99.3%
[71.818s][info][gc,marking  ] GC(185) Mark: 1 stripe(s), 2 proactive flush(es), 1 terminate flush(es), 0 completion(s), 0 continuation(s) 
[71.818s][info][gc,marking  ] GC(185) Mark Stack Usage: 32M
[71.818s][info][gc,nmethod  ] GC(185) NMethods: 3405 registered, 1172 unregistered
[71.818s][info][gc,metaspace] GC(185) Metaspace: 8M used, 9M committed, 1088M reserved
[71.818s][info][gc,ref      ] GC(185) Soft: 351 encountered, 0 discovered, 0 enqueued
[71.818s][info][gc,ref      ] GC(185) Weak: 726 encountered, 147 discovered, 128 enqueued
[71.818s][info][gc,ref      ] GC(185) Final: 3 encountered, 0 discovered, 0 enqueued
[71.818s][info][gc,ref      ] GC(185) Phantom: 68 encountered, 53 discovered, 0 enqueued
[71.818s][info][gc,reloc    ] GC(185) Small Pages: 758 / 1516M, Empty: 1364M, Relocated: 1M, In-Place: 0
[71.818s][info][gc,reloc    ] GC(185) Medium Pages: 1 / 32M, Empty: 0M, Relocated: 0M, In-Place: 0
[71.818s][info][gc,reloc    ] GC(185) Large Pages: 0 / 0M, Empty: 0M, Relocated: 0M, In-Place: 0
[71.818s][info][gc,reloc    ] GC(185) Forwarding Usage: 0M
[71.818s][info][gc,heap     ] GC(185) Min Capacity: 2048M(100%)
[71.818s][info][gc,heap     ] GC(185) Max Capacity: 2048M(100%)
[71.818s][info][gc,heap     ] GC(185) Soft Max Capacity: 2048M(100%)
[71.818s][info][gc,heap     ] GC(185)                Mark Start          Mark End        Relocate Start      Relocate End           High               Low         
[71.818s][info][gc,heap     ] GC(185)  Capacity:     2048M (100%)       2048M (100%)       2048M (100%)       2048M (100%)       2048M (100%)       2048M (100%)   
[71.818s][info][gc,heap     ] GC(185)      Free:      500M (24%)         480M (23%)        1826M (89%)        1968M (96%)        1970M (96%)         466M (23%)    
[71.818s][info][gc,heap     ] GC(185)      Used:     1548M (76%)        1568M (77%)         222M (11%)          80M (4%)         1582M (77%)          78M (4%)     
[71.818s][info][gc,heap     ] GC(185)      Live:         -                 9M (0%)            9M (0%)            9M (0%)             -                  -          
[71.818s][info][gc,heap     ] GC(185) Allocated:         -                20M (1%)           38M (2%)           41M (2%)             -                  -          
[71.818s][info][gc,heap     ] GC(185)   Garbage:         -              1538M (75%)         174M (9%)           29M (1%)             -                  -          
[71.818s][info][gc,heap     ] GC(185) Reclaimed:         -                  -              1364M (67%)        1509M (74%)            -                  -          
[71.818s][info][gc          ] GC(185) Garbage Collection (Allocation Rate) 1548M(76%)->80M(4%)
[72.024s][info][gc,heap,exit] Heap
[72.024s][info][gc,heap,exit]  ZHeap           used 234M, capacity 2048M, max capacity 2048M
[72.024s][info][gc,heap,exit]  Metaspace       used 8886K, committed 9536K, reserved 1114112K
[72.024s][info][gc,heap,exit]   class space    used 874K, committed 1216K, reserved 1048576K
