[0.009s][info][gc] Using Parallel
[0.014s][info][gc,init] Version: 17.0.12+7-adhoc..jdk17u (release)
[0.015s][info][gc,init] CPUs: 6 total, 6 available
[0.015s][info][gc,init] Memory: 15591M
[0.015s][info][gc,init] Large Page Support: Disabled
[0.015s][info][gc,init] NUMA Support: Disabled
[0.015s][info][gc,init] Compressed Oops: Enabled (32-bit)
[0.015s][info][gc,init] Alignments: Space 512K, Generation 512K, Heap 2M
[0.015s][info][gc,init] Heap Min Capacity: 2G
[0.015s][info][gc,init] Heap Initial Capacity: 2G
[0.015s][info][gc,init] Heap Max Capacity: 2G
[0.015s][info][gc,init] Pre-touch: Disabled
[0.015s][info][gc,init] Parallel Workers: 6
[0.025s][info][gc,metaspace] CDS archive(s) mapped at: [0x000001c528000000-0x000001c528bc0000-0x000001c528bc0000), size 12320768, SharedBaseAddress: 0x000001c528000000, ArchiveRelocationMode: 1.
[0.025s][info][gc,metaspace] Compressed class space mapped at: 0x000001c529000000-0x000001c569000000, reserved size: 1073741824
[0.025s][info][gc,metaspace] Narrow klass base: 0x000001c528000000, Narrow klass shift: 0, Narrow klass range: 0x100000000
[6.843s][info][gc,start    ] GC(0) Pause Young (Metadata GC Threshold)
[6.852s][info][gc,heap     ] GC(0) PSYoungGen: 105192K(611840K)->18976K(611840K) Eden: 105192K(524800K)->0K(524800K) From: 0K(87040K)->18976K(87040K)
[6.852s][info][gc,heap     ] GC(0) ParOldGen: 0K(1398272K)->88K(1398272K)
[6.852s][info][gc,metaspace] GC(0) Metaspace: 21245K(21504K)->21245K(21504K) NonClass: 18539K(18688K)->18539K(18688K) Class: 2706K(2816K)->2706K(2816K)
[6.852s][info][gc          ] GC(0) Pause Young (Metadata GC Threshold) 102M->18M(1963M) 8.523ms
[6.852s][info][gc,cpu      ] GC(0) User=0.00s Sys=0.00s Real=0.01s
[6.852s][info][gc,start    ] GC(1) Pause Full (Metadata GC Threshold)
[6.852s][info][gc,phases,start] GC(1) Marking Phase
[6.855s][info][gc,phases      ] GC(1) Marking Phase 3.736ms
[6.856s][info][gc,phases,start] GC(1) Summary Phase
[6.856s][info][gc,phases      ] GC(1) Summary Phase 0.026ms
[6.856s][info][gc,phases,start] GC(1) Adjust Roots
[6.857s][info][gc,phases      ] GC(1) Adjust Roots 1.826ms
[6.857s][info][gc,phases,start] GC(1) Compaction Phase
[6.862s][info][gc,phases      ] GC(1) Compaction Phase 4.841ms
[6.862s][info][gc,phases,start] GC(1) Post Compact
[6.863s][info][gc,phases      ] GC(1) Post Compact 1.089ms
[6.863s][info][gc,heap        ] GC(1) PSYoungGen: 18976K(611840K)->0K(611840K) Eden: 0K(524800K)->0K(524800K) From: 18976K(87040K)->0K(87040K)
[6.863s][info][gc,heap        ] GC(1) ParOldGen: 88K(1398272K)->18789K(1398272K)
[6.863s][info][gc,metaspace   ] GC(1) Metaspace: 21245K(21504K)->21245K(21504K) NonClass: 18539K(18688K)->18539K(18688K) Class: 2706K(2816K)->2706K(2816K)
[6.864s][info][gc             ] GC(1) Pause Full (Metadata GC Threshold) 18M->18M(1963M) 11.786ms
[6.864s][info][gc,cpu         ] GC(1) User=0.06s Sys=0.03s Real=0.01s
[12.781s][info][gc,start       ] GC(2) Pause Young (Metadata GC Threshold)
[12.784s][info][gc,heap        ] GC(2) PSYoungGen: 136459K(611840K)->4035K(611840K) Eden: 136459K(524800K)->0K(524800K) From: 0K(87040K)->4035K(87040K)
[12.784s][info][gc,heap        ] GC(2) ParOldGen: 18789K(1398272K)->18797K(1398272K)
[12.785s][info][gc,metaspace   ] GC(2) Metaspace: 35455K(35840K)->35455K(35840K) NonClass: 30960K(31168K)->30960K(31168K) Class: 4495K(4672K)->4495K(4672K)
[12.785s][info][gc             ] GC(2) Pause Young (Metadata GC Threshold) 151M->22M(1963M) 3.882ms
[12.785s][info][gc,cpu         ] GC(2) User=0.02s Sys=0.00s Real=0.01s
[12.785s][info][gc,start       ] GC(3) Pause Full (Metadata GC Threshold)
[12.785s][info][gc,phases,start] GC(3) Marking Phase
[12.791s][info][gc,phases      ] GC(3) Marking Phase 6.230ms
[12.791s][info][gc,phases,start] GC(3) Summary Phase
[12.791s][info][gc,phases      ] GC(3) Summary Phase 0.010ms
[12.791s][info][gc,phases,start] GC(3) Adjust Roots
[12.794s][info][gc,phases      ] GC(3) Adjust Roots 3.231ms
[12.794s][info][gc,phases,start] GC(3) Compaction Phase
[12.802s][info][gc,phases      ] GC(3) Compaction Phase 7.707ms
[12.802s][info][gc,phases,start] GC(3) Post Compact
[12.803s][info][gc,phases      ] GC(3) Post Compact 0.723ms
[12.803s][info][gc,heap        ] GC(3) PSYoungGen: 4035K(611840K)->0K(611840K) Eden: 0K(524800K)->0K(524800K) From: 4035K(87040K)->0K(87040K)
[12.803s][info][gc,heap        ] GC(3) ParOldGen: 18797K(1398272K)->22562K(1398272K)
[12.803s][info][gc,metaspace   ] GC(3) Metaspace: 35455K(35840K)->35455K(35840K) NonClass: 30960K(31168K)->30960K(31168K) Class: 4495K(4672K)->4495K(4672K)
[12.803s][info][gc             ] GC(3) Pause Full (Metadata GC Threshold) 22M->22M(1963M) 18.322ms
[12.803s][info][gc,cpu         ] GC(3) User=0.06s Sys=0.03s Real=0.02s
[13.820s][info][gc,start       ] GC(4) Pause Young (System.gc())
[13.824s][info][gc,heap        ] GC(4) PSYoungGen: 172483K(611840K)->4576K(611840K) Eden: 172483K(524800K)->0K(524800K) From: 0K(87040K)->4576K(87040K)
[13.824s][info][gc,heap        ] GC(4) ParOldGen: 22562K(1398272K)->22570K(1398272K)
[13.824s][info][gc,metaspace   ] GC(4) Metaspace: 53297K(53760K)->53297K(53760K) NonClass: 46486K(46784K)->46486K(46784K) Class: 6810K(6976K)->6810K(6976K)
[13.824s][info][gc             ] GC(4) Pause Young (System.gc()) 190M->26M(1963M) 4.066ms
[13.824s][info][gc,cpu         ] GC(4) User=0.00s Sys=0.00s Real=0.01s
[13.824s][info][gc,start       ] GC(5) Pause Full (System.gc())
[13.824s][info][gc,phases,start] GC(5) Marking Phase
[13.832s][info][gc,phases      ] GC(5) Marking Phase 8.403ms
[13.832s][info][gc,phases,start] GC(5) Summary Phase
[13.832s][info][gc,phases      ] GC(5) Summary Phase 0.009ms
[13.832s][info][gc,phases,start] GC(5) Adjust Roots
[13.836s][info][gc,phases      ] GC(5) Adjust Roots 3.810ms
[13.836s][info][gc,phases,start] GC(5) Compaction Phase
[13.848s][info][gc,phases      ] GC(5) Compaction Phase 11.190ms
[13.848s][info][gc,phases,start] GC(5) Post Compact
[13.849s][info][gc,phases      ] GC(5) Post Compact 1.027ms
[13.849s][info][gc,heap        ] GC(5) PSYoungGen: 4576K(611840K)->0K(611840K) Eden: 0K(524800K)->0K(524800K) From: 4576K(87040K)->0K(87040K)
[13.849s][info][gc,heap        ] GC(5) ParOldGen: 22570K(1398272K)->26715K(1398272K)
[13.849s][info][gc,metaspace   ] GC(5) Metaspace: 53297K(53760K)->53297K(53760K) NonClass: 46486K(46784K)->46486K(46784K) Class: 6810K(6976K)->6810K(6976K)
[13.849s][info][gc             ] GC(5) Pause Full (System.gc()) 26M->26M(1963M) 24.757ms
[13.849s][info][gc,cpu         ] GC(5) User=0.14s Sys=0.05s Real=0.03s
[15.865s][info][gc,start       ] GC(6) Pause Young (Metadata GC Threshold)
[15.870s][info][gc,heap        ] GC(6) PSYoungGen: 269913K(611840K)->7372K(611840K) Eden: 269913K(524800K)->0K(524800K) From: 0K(87040K)->7372K(87040K)
[15.870s][info][gc,heap        ] GC(6) ParOldGen: 26715K(1398272K)->26723K(1398272K)
[15.870s][info][gc,metaspace   ] GC(6) Metaspace: 88850K(89600K)->88850K(89600K) NonClass: 79221K(79616K)->79221K(79616K) Class: 9628K(9984K)->9628K(9984K)
[15.870s][info][gc             ] GC(6) Pause Young (Metadata GC Threshold) 289M->33M(1963M) 4.823ms
[15.870s][info][gc,cpu         ] GC(6) User=0.00s Sys=0.00s Real=0.01s
[15.870s][info][gc,start       ] GC(7) Pause Full (Metadata GC Threshold)
[15.870s][info][gc,phases,start] GC(7) Marking Phase
[15.887s][info][gc,phases      ] GC(7) Marking Phase 16.654ms
[15.887s][info][gc,phases,start] GC(7) Summary Phase
[15.887s][info][gc,phases      ] GC(7) Summary Phase 0.012ms
[15.887s][info][gc,phases,start] GC(7) Adjust Roots
[15.892s][info][gc,phases      ] GC(7) Adjust Roots 5.220ms
[15.892s][info][gc,phases,start] GC(7) Compaction Phase
[15.901s][info][gc,phases      ] GC(7) Compaction Phase 8.996ms
[15.901s][info][gc,phases,start] GC(7) Post Compact
[15.902s][info][gc,phases      ] GC(7) Post Compact 0.915ms
[15.902s][info][gc,heap        ] GC(7) PSYoungGen: 7372K(611840K)->0K(611840K) Eden: 0K(524800K)->0K(524800K) From: 7372K(87040K)->0K(87040K)
[15.902s][info][gc,heap        ] GC(7) ParOldGen: 26723K(1398272K)->33639K(1398272K)
[15.902s][info][gc,metaspace   ] GC(7) Metaspace: 88850K(89600K)->88827K(89600K) NonClass: 79221K(79616K)->79204K(79616K) Class: 9628K(9984K)->9622K(9984K)
[15.902s][info][gc             ] GC(7) Pause Full (Metadata GC Threshold) 33M->32M(1963M) 32.171ms
[15.902s][info][gc,cpu         ] GC(7) User=0.08s Sys=0.03s Real=0.03s
[16.467s][info][gc,start       ] GC(8) Pause Young (Allocation Failure)
[16.469s][info][gc,heap        ] GC(8) PSYoungGen: 524800K(611840K)->795K(611840K) Eden: 524800K(524800K)->0K(524800K) From: 0K(87040K)->795K(87040K)
[16.469s][info][gc,heap        ] GC(8) ParOldGen: 33639K(1398272K)->33647K(1398272K)
[16.469s][info][gc,metaspace   ] GC(8) Metaspace: 89503K(90304K)->89503K(90304K) NonClass: 79788K(80256K)->79788K(80256K) Class: 9714K(10048K)->9714K(10048K)
[16.469s][info][gc             ] GC(8) Pause Young (Allocation Failure) 545M->33M(1963M) 1.555ms
[16.469s][info][gc,cpu         ] GC(8) User=0.08s Sys=0.02s Real=0.00s
[16.769s][info][gc,start       ] GC(9) Pause Young (Allocation Failure)
[16.771s][info][gc,heap        ] GC(9) PSYoungGen: 525595K(611840K)->1036K(679936K) Eden: 524800K(524800K)->0K(592896K) From: 795K(87040K)->1036K(87040K)
[16.771s][info][gc,heap        ] GC(9) ParOldGen: 33647K(1398272K)->33655K(1398272K)
[16.771s][info][gc,metaspace   ] GC(9) Metaspace: 89729K(90560K)->89729K(90560K) NonClass: 80012K(80448K)->80012K(80448K) Class: 9717K(10112K)->9717K(10112K)
[16.771s][info][gc             ] GC(9) Pause Young (Allocation Failure) 546M->33M(2029M) 1.254ms
[16.771s][info][gc,cpu         ] GC(9) User=0.00s Sys=0.00s Real=0.00s
[16.944s][info][gc,start       ] GC(10) Pause Young (System.gc())
[16.945s][info][gc,heap        ] GC(10) PSYoungGen: 317137K(679936K)->834K(611840K) Eden: 316101K(592896K)->0K(592896K) From: 1036K(87040K)->834K(18944K)
[16.945s][info][gc,heap        ] GC(10) ParOldGen: 33655K(1398272K)->33663K(1398272K)
[16.945s][info][gc,metaspace   ] GC(10) Metaspace: 90048K(90880K)->90048K(90880K) NonClass: 80287K(80768K)->80287K(80768K) Class: 9761K(10112K)->9761K(10112K)
[16.945s][info][gc             ] GC(10) Pause Young (System.gc()) 342M->33M(1963M) 1.160ms
[16.945s][info][gc,cpu         ] GC(10) User=0.00s Sys=0.00s Real=0.01s
[16.945s][info][gc,start       ] GC(11) Pause Full (System.gc())
[16.945s][info][gc,phases,start] GC(11) Marking Phase
[16.957s][info][gc,phases      ] GC(11) Marking Phase 11.597ms
[16.957s][info][gc,phases,start] GC(11) Summary Phase
[16.957s][info][gc,phases      ] GC(11) Summary Phase 0.010ms
[16.957s][info][gc,phases,start] GC(11) Adjust Roots
[16.962s][info][gc,phases      ] GC(11) Adjust Roots 5.550ms
[16.962s][info][gc,phases,start] GC(11) Compaction Phase
[16.972s][info][gc,phases      ] GC(11) Compaction Phase 9.921ms
[16.972s][info][gc,phases,start] GC(11) Post Compact
[16.973s][info][gc,phases      ] GC(11) Post Compact 0.579ms
[16.973s][info][gc,heap        ] GC(11) PSYoungGen: 834K(611840K)->0K(611840K) Eden: 0K(592896K)->0K(592896K) From: 834K(18944K)->0K(18944K)
[16.973s][info][gc,heap        ] GC(11) ParOldGen: 33663K(1398272K)->33283K(1398272K)
[16.973s][info][gc,metaspace   ] GC(11) Metaspace: 90048K(90880K)->90048K(90880K) NonClass: 80287K(80768K)->80287K(80768K) Class: 9761K(10112K)->9761K(10112K)
[16.973s][info][gc             ] GC(11) Pause Full (System.gc()) 33M->32M(1963M) 27.942ms
[16.973s][info][gc,cpu         ] GC(11) User=0.11s Sys=0.00s Real=0.03s
[17.411s][info][gc,start       ] GC(12) Pause Young (Allocation Failure)
[17.413s][info][gc,heap        ] GC(12) PSYoungGen: 592896K(611840K)->1597K(681472K) Eden: 592896K(592896K)->0K(663040K) From: 0K(18944K)->1597K(18432K)
[17.413s][info][gc,heap        ] GC(12) ParOldGen: 33283K(1398272K)->33291K(1398272K)
[17.413s][info][gc,metaspace   ] GC(12) Metaspace: 90274K(91072K)->90274K(91072K) NonClass: 80509K(80960K)->80509K(80960K) Class: 9765K(10112K)->9765K(10112K)
[17.413s][info][gc             ] GC(12) Pause Young (Allocation Failure) 611M->34M(2031M) 1.668ms
[17.413s][info][gc,cpu         ] GC(12) User=0.00s Sys=0.00s Real=0.00s
[17.787s][info][gc,start       ] GC(13) Pause Young (Allocation Failure)
[17.788s][info][gc,heap        ] GC(13) PSYoungGen: 664637K(681472K)->1752K(680448K) Eden: 663040K(663040K)->0K(663040K) From: 1597K(18432K)->1752K(17408K)
[17.788s][info][gc,heap        ] GC(13) ParOldGen: 33291K(1398272K)->33299K(1398272K)
[17.788s][info][gc,metaspace   ] GC(13) Metaspace: 90473K(91200K)->90473K(91200K) NonClass: 80707K(81088K)->80707K(81088K) Class: 9765K(10112K)->9765K(10112K)
[17.788s][info][gc             ] GC(13) Pause Young (Allocation Failure) 681M->34M(2030M) 1.545ms
[17.788s][info][gc,cpu         ] GC(13) User=0.00s Sys=0.00s Real=0.00s
[17.811s][info][gc,start       ] GC(14) Pause Young (System.gc())
[17.812s][info][gc,heap        ] GC(14) PSYoungGen: 64770K(680448K)->568K(682496K) Eden: 63018K(663040K)->0K(665600K) From: 1752K(17408K)->568K(16896K)
[17.812s][info][gc,heap        ] GC(14) ParOldGen: 33299K(1398272K)->33307K(1398272K)
[17.812s][info][gc,metaspace   ] GC(14) Metaspace: 90502K(91328K)->90502K(91328K) NonClass: 80736K(81216K)->80736K(81216K) Class: 9765K(10112K)->9765K(10112K)
[17.812s][info][gc             ] GC(14) Pause Young (System.gc()) 95M->33M(2032M) 1.225ms
[17.812s][info][gc,cpu         ] GC(14) User=0.08s Sys=0.02s Real=0.00s
[17.813s][info][gc,start       ] GC(15) Pause Full (System.gc())
[17.813s][info][gc,phases,start] GC(15) Marking Phase
[17.826s][info][gc,phases      ] GC(15) Marking Phase 13.097ms
[17.826s][info][gc,phases,start] GC(15) Summary Phase
[17.826s][info][gc,phases      ] GC(15) Summary Phase 0.010ms
[17.826s][info][gc,phases,start] GC(15) Adjust Roots
[17.831s][info][gc,phases      ] GC(15) Adjust Roots 5.393ms
[17.831s][info][gc,phases,start] GC(15) Compaction Phase
[17.837s][info][gc,phases      ] GC(15) Compaction Phase 5.707ms
[17.837s][info][gc,phases,start] GC(15) Post Compact
[17.837s][info][gc,phases      ] GC(15) Post Compact 0.403ms
[17.837s][info][gc,heap        ] GC(15) PSYoungGen: 568K(682496K)->0K(682496K) Eden: 0K(665600K)->0K(665600K) From: 568K(16896K)->0K(16896K)
[17.837s][info][gc,heap        ] GC(15) ParOldGen: 33307K(1398272K)->33388K(1398272K)
[17.837s][info][gc,metaspace   ] GC(15) Metaspace: 90502K(91328K)->90502K(91328K) NonClass: 80736K(81216K)->80736K(81216K) Class: 9765K(10112K)->9765K(10112K)
[17.837s][info][gc             ] GC(15) Pause Full (System.gc()) 33M->32M(2032M) 24.908ms
[17.838s][info][gc,cpu         ] GC(15) User=0.02s Sys=0.00s Real=0.02s
[18.255s][info][gc,start       ] GC(16) Pause Young (Allocation Failure)
[18.257s][info][gc,heap        ] GC(16) PSYoungGen: 665600K(682496K)->1622K(681984K) Eden: 665600K(665600K)->0K(665600K) From: 0K(16896K)->1622K(16384K)
[18.257s][info][gc,heap        ] GC(16) ParOldGen: 33388K(1398272K)->33396K(1398272K)
[18.257s][info][gc,metaspace   ] GC(16) Metaspace: 90696K(91520K)->90696K(91520K) NonClass: 80930K(81408K)->80930K(81408K) Class: 9765K(10112K)->9765K(10112K)
[18.257s][info][gc             ] GC(16) Pause Young (Allocation Failure) 682M->34M(2031M) 1.309ms
[18.257s][info][gc,cpu         ] GC(16) User=0.00s Sys=0.00s Real=0.00s
[18.568s][info][gc,start       ] GC(17) Pause Young (System.gc())
[18.570s][info][gc,heap        ] GC(17) PSYoungGen: 612482K(681984K)->556K(684032K) Eden: 610860K(665600K)->0K(668672K) From: 1622K(16384K)->556K(15360K)
[18.570s][info][gc,heap        ] GC(17) ParOldGen: 33396K(1398272K)->33932K(1398272K)
[18.570s][info][gc,metaspace   ] GC(17) Metaspace: 90882K(91648K)->90882K(91648K) NonClass: 81116K(81536K)->81116K(81536K) Class: 9765K(10112K)->9765K(10112K)
[18.570s][info][gc             ] GC(17) Pause Young (System.gc()) 630M->33M(2033M) 1.213ms
[18.570s][info][gc,cpu         ] GC(17) User=0.00s Sys=0.00s Real=0.00s
[18.570s][info][gc,start       ] GC(18) Pause Full (System.gc())
[18.570s][info][gc,phases,start] GC(18) Marking Phase
[18.584s][info][gc,phases      ] GC(18) Marking Phase 14.300ms
[18.584s][info][gc,phases,start] GC(18) Summary Phase
[18.584s][info][gc,phases      ] GC(18) Summary Phase 0.009ms
[18.584s][info][gc,phases,start] GC(18) Adjust Roots
[18.590s][info][gc,phases      ] GC(18) Adjust Roots 5.467ms
[18.590s][info][gc,phases,start] GC(18) Compaction Phase
[18.594s][info][gc,phases      ] GC(18) Compaction Phase 4.572ms
[18.594s][info][gc,phases,start] GC(18) Post Compact
[18.595s][info][gc,phases      ] GC(18) Post Compact 0.413ms
[18.595s][info][gc,heap        ] GC(18) PSYoungGen: 556K(684032K)->0K(684032K) Eden: 0K(668672K)->0K(668672K) From: 556K(15360K)->0K(15360K)
[18.595s][info][gc,heap        ] GC(18) ParOldGen: 33932K(1398272K)->33900K(1398272K)
[18.595s][info][gc,metaspace   ] GC(18) Metaspace: 90882K(91648K)->90882K(91648K) NonClass: 81116K(81536K)->81116K(81536K) Class: 9765K(10112K)->9765K(10112K)
[18.595s][info][gc             ] GC(18) Pause Full (System.gc()) 33M->33M(2033M) 25.132ms
[18.595s][info][gc,cpu         ] GC(18) User=0.11s Sys=0.02s Real=0.04s
[18.967s][info][gc,start       ] GC(19) Pause Young (Allocation Failure)
[18.969s][info][gc,heap        ] GC(19) PSYoungGen: 668672K(684032K)->1632K(683520K) Eden: 668672K(668672K)->0K(668672K) From: 0K(15360K)->1632K(14848K)
[18.969s][info][gc,heap        ] GC(19) ParOldGen: 33900K(1398272K)->33908K(1398272K)
[18.969s][info][gc,metaspace   ] GC(19) Metaspace: 91020K(91776K)->91020K(91776K) NonClass: 81254K(81664K)->81254K(81664K) Class: 9765K(10112K)->9765K(10112K)
[18.969s][info][gc             ] GC(19) Pause Young (Allocation Failure) 686M->34M(2033M) 1.379ms
[18.969s][info][gc,cpu         ] GC(19) User=0.09s Sys=0.00s Real=0.00s
[19.264s][info][gc,start       ] GC(20) Pause Young (System.gc())
[19.266s][info][gc,heap        ] GC(20) PSYoungGen: 608896K(683520K)->556K(685056K) Eden: 607263K(668672K)->0K(670720K) From: 1632K(14848K)->556K(14336K)
[19.266s][info][gc,heap        ] GC(20) ParOldGen: 33908K(1398272K)->34441K(1398272K)
[19.266s][info][gc,metaspace   ] GC(20) Metaspace: 91136K(91968K)->91136K(91968K) NonClass: 81369K(81856K)->81369K(81856K) Class: 9767K(10112K)->9767K(10112K)
[19.266s][info][gc             ] GC(20) Pause Young (System.gc()) 627M->34M(2034M) 1.210ms
[19.266s][info][gc,cpu         ] GC(20) User=0.09s Sys=0.00s Real=0.00s
[19.266s][info][gc,start       ] GC(21) Pause Full (System.gc())
[19.266s][info][gc,phases,start] GC(21) Marking Phase
[19.280s][info][gc,phases      ] GC(21) Marking Phase 13.850ms
[19.280s][info][gc,phases,start] GC(21) Summary Phase
[19.280s][info][gc,phases      ] GC(21) Summary Phase 0.010ms
[19.280s][info][gc,phases,start] GC(21) Adjust Roots
[19.285s][info][gc,phases      ] GC(21) Adjust Roots 4.974ms
[19.285s][info][gc,phases,start] GC(21) Compaction Phase
[19.291s][info][gc,phases      ] GC(21) Compaction Phase 6.133ms
[19.291s][info][gc,phases,start] GC(21) Post Compact
[19.291s][info][gc,phases      ] GC(21) Post Compact 0.256ms
[19.291s][info][gc,heap        ] GC(21) PSYoungGen: 556K(685056K)->0K(685056K) Eden: 0K(670720K)->0K(670720K) From: 556K(14336K)->0K(14336K)
[19.291s][info][gc,heap        ] GC(21) ParOldGen: 34441K(1398272K)->34149K(1398272K)
[19.291s][info][gc,metaspace   ] GC(21) Metaspace: 91136K(91968K)->91136K(91968K) NonClass: 81369K(81856K)->81369K(81856K) Class: 9767K(10112K)->9767K(10112K)
[19.291s][info][gc             ] GC(21) Pause Full (System.gc()) 34M->33M(2034M) 25.504ms
[19.291s][info][gc,cpu         ] GC(21) User=0.08s Sys=0.02s Real=0.03s
[19.650s][info][gc,start       ] GC(22) Pause Young (Allocation Failure)
[19.652s][info][gc,heap        ] GC(22) PSYoungGen: 670720K(685056K)->1607K(684544K) Eden: 670720K(670720K)->0K(670720K) From: 0K(14336K)->1607K(13824K)
[19.652s][info][gc,heap        ] GC(22) ParOldGen: 34149K(1398272K)->34157K(1398272K)
[19.652s][info][gc,metaspace   ] GC(22) Metaspace: 91236K(92032K)->91236K(92032K) NonClass: 81464K(81920K)->81464K(81920K) Class: 9771K(10112K)->9771K(10112K)
[19.652s][info][gc             ] GC(22) Pause Young (Allocation Failure) 688M->34M(2034M) 1.936ms
[19.652s][info][gc,cpu         ] GC(22) User=0.00s Sys=0.00s Real=0.00s
[19.935s][info][gc,start       ] GC(23) Pause Young (System.gc())
[19.936s][info][gc,heap        ] GC(23) PSYoungGen: 591344K(684544K)->499K(686592K) Eden: 589737K(670720K)->0K(673792K) From: 1607K(13824K)->499K(12800K)
[19.936s][info][gc,heap        ] GC(23) ParOldGen: 34157K(1398272K)->34673K(1398272K)
[19.936s][info][gc,metaspace   ] GC(23) Metaspace: 91340K(92096K)->91340K(92096K) NonClass: 81569K(81984K)->81569K(81984K) Class: 9771K(10112K)->9771K(10112K)
[19.936s][info][gc             ] GC(23) Pause Young (System.gc()) 610M->34M(2036M) 0.842ms
[19.936s][info][gc,cpu         ] GC(23) User=0.00s Sys=0.00s Real=0.00s
[19.936s][info][gc,start       ] GC(24) Pause Full (System.gc())
[19.936s][info][gc,phases,start] GC(24) Marking Phase
[19.949s][info][gc,phases      ] GC(24) Marking Phase 13.675ms
[19.950s][info][gc,phases,start] GC(24) Summary Phase
[19.950s][info][gc,phases      ] GC(24) Summary Phase 0.010ms
[19.950s][info][gc,phases,start] GC(24) Adjust Roots
[19.955s][info][gc,phases      ] GC(24) Adjust Roots 5.806ms
[19.955s][info][gc,phases,start] GC(24) Compaction Phase
[19.963s][info][gc,phases      ] GC(24) Compaction Phase 7.071ms
[19.963s][info][gc,phases,start] GC(24) Post Compact
[19.963s][info][gc,phases      ] GC(24) Post Compact 0.353ms
[19.963s][info][gc,heap        ] GC(24) PSYoungGen: 499K(686592K)->0K(686592K) Eden: 0K(673792K)->0K(673792K) From: 499K(12800K)->0K(12800K)
[19.963s][info][gc,heap        ] GC(24) ParOldGen: 34673K(1398272K)->34367K(1398272K)
[19.963s][info][gc,metaspace   ] GC(24) Metaspace: 91340K(92096K)->91340K(92096K) NonClass: 81569K(81984K)->81569K(81984K) Class: 9771K(10112K)->9771K(10112K)
[19.963s][info][gc             ] GC(24) Pause Full (System.gc()) 34M->33M(2036M) 27.197ms
[19.963s][info][gc,cpu         ] GC(24) User=0.11s Sys=0.00s Real=0.03s
[20.319s][info][gc,start       ] GC(25) Pause Young (Allocation Failure)
[20.321s][info][gc,heap        ] GC(25) PSYoungGen: 673792K(686592K)->1637K(686080K) Eden: 673792K(673792K)->0K(673792K) From: 0K(12800K)->1637K(12288K)
[20.321s][info][gc,heap        ] GC(25) ParOldGen: 34367K(1398272K)->34375K(1398272K)
[20.321s][info][gc,metaspace   ] GC(25) Metaspace: 91481K(92224K)->91481K(92224K) NonClass: 81710K(82112K)->81710K(82112K) Class: 9771K(10112K)->9771K(10112K)
[20.321s][info][gc             ] GC(25) Pause Young (Allocation Failure) 691M->35M(2035M) 1.436ms
[20.321s][info][gc,cpu         ] GC(25) User=0.00s Sys=0.00s Real=0.00s
[20.596s][info][gc,start       ] GC(26) Pause Young (System.gc())
[20.597s][info][gc,heap        ] GC(26) PSYoungGen: 583502K(686080K)->499K(687616K) Eden: 581865K(673792K)->0K(675840K) From: 1637K(12288K)->499K(11776K)
[20.597s][info][gc,heap        ] GC(26) ParOldGen: 34375K(1398272K)->34925K(1398272K)
[20.597s][info][gc,metaspace   ] GC(26) Metaspace: 91568K(92352K)->91568K(92352K) NonClass: 81796K(82240K)->81796K(82240K) Class: 9771K(10112K)->9771K(10112K)
[20.597s][info][gc             ] GC(26) Pause Young (System.gc()) 603M->34M(2037M) 1.036ms
[20.597s][info][gc,cpu         ] GC(26) User=0.00s Sys=0.00s Real=0.00s
[20.597s][info][gc,start       ] GC(27) Pause Full (System.gc())
[20.597s][info][gc,phases,start] GC(27) Marking Phase
[20.612s][info][gc,phases      ] GC(27) Marking Phase 14.940ms
[20.612s][info][gc,phases,start] GC(27) Summary Phase
[20.612s][info][gc,phases      ] GC(27) Summary Phase 0.010ms
[20.612s][info][gc,phases,start] GC(27) Adjust Roots
[20.618s][info][gc,phases      ] GC(27) Adjust Roots 6.141ms
[20.618s][info][gc,phases,start] GC(27) Compaction Phase
[20.624s][info][gc,phases      ] GC(27) Compaction Phase 6.100ms
[20.625s][info][gc,phases,start] GC(27) Post Compact
[20.625s][info][gc,phases      ] GC(27) Post Compact 0.621ms
[20.625s][info][gc,heap        ] GC(27) PSYoungGen: 499K(687616K)->0K(687616K) Eden: 0K(675840K)->0K(675840K) From: 499K(11776K)->0K(11776K)
[20.625s][info][gc,heap        ] GC(27) ParOldGen: 34925K(1398272K)->34484K(1398272K)
[20.625s][info][gc,metaspace   ] GC(27) Metaspace: 91568K(92352K)->91568K(92352K) NonClass: 81796K(82240K)->81796K(82240K) Class: 9771K(10112K)->9771K(10112K)
[20.625s][info][gc             ] GC(27) Pause Full (System.gc()) 34M->33M(2037M) 28.214ms
[20.625s][info][gc,cpu         ] GC(27) User=0.06s Sys=0.00s Real=0.03s
[20.967s][info][gc,start       ] GC(28) Pause Young (Allocation Failure)
[20.969s][info][gc,heap        ] GC(28) PSYoungGen: 675840K(687616K)->1639K(687104K) Eden: 675840K(675840K)->0K(675840K) From: 0K(11776K)->1639K(11264K)
[20.969s][info][gc,heap        ] GC(28) ParOldGen: 34484K(1398272K)->34492K(1398272K)
[20.969s][info][gc,metaspace   ] GC(28) Metaspace: 91614K(92416K)->91614K(92416K) NonClass: 81842K(82304K)->81842K(82304K) Class: 9771K(10112K)->9771K(10112K)
[20.969s][info][gc             ] GC(28) Pause Young (Allocation Failure) 693M->35M(2036M) 1.428ms
[20.969s][info][gc,cpu         ] GC(28) User=0.09s Sys=0.00s Real=0.00s
[21.231s][info][gc,start       ] GC(29) Pause Young (System.gc())
[21.232s][info][gc,heap        ] GC(29) PSYoungGen: 574709K(687104K)->499K(689152K) Eden: 573070K(675840K)->0K(678912K) From: 1639K(11264K)->499K(10240K)
[21.232s][info][gc,heap        ] GC(29) ParOldGen: 34492K(1398272K)->35040K(1398272K)
[21.232s][info][gc,metaspace   ] GC(29) Metaspace: 91637K(92416K)->91637K(92416K) NonClass: 81865K(82304K)->81865K(82304K) Class: 9771K(10112K)->9771K(10112K)
[21.232s][info][gc             ] GC(29) Pause Young (System.gc()) 594M->34M(2038M) 0.986ms
[21.232s][info][gc,cpu         ] GC(29) User=0.00s Sys=0.00s Real=0.00s
[21.232s][info][gc,start       ] GC(30) Pause Full (System.gc())
[21.232s][info][gc,phases,start] GC(30) Marking Phase
[21.247s][info][gc,phases      ] GC(30) Marking Phase 14.455ms
[21.247s][info][gc,phases,start] GC(30) Summary Phase
[21.247s][info][gc,phases      ] GC(30) Summary Phase 0.010ms
[21.247s][info][gc,phases,start] GC(30) Adjust Roots
[21.253s][info][gc,phases      ] GC(30) Adjust Roots 6.332ms
[21.253s][info][gc,phases,start] GC(30) Compaction Phase
[21.259s][info][gc,phases      ] GC(30) Compaction Phase 5.548ms
[21.259s][info][gc,phases,start] GC(30) Post Compact
[21.259s][info][gc,phases      ] GC(30) Post Compact 0.362ms
[21.259s][info][gc,heap        ] GC(30) PSYoungGen: 499K(689152K)->0K(689152K) Eden: 0K(678912K)->0K(678912K) From: 499K(10240K)->0K(10240K)
[21.259s][info][gc,heap        ] GC(30) ParOldGen: 35040K(1398272K)->34602K(1398272K)
[21.259s][info][gc,metaspace   ] GC(30) Metaspace: 91637K(92416K)->91637K(92416K) NonClass: 81865K(82304K)->81865K(82304K) Class: 9771K(10112K)->9771K(10112K)
[21.259s][info][gc             ] GC(30) Pause Full (System.gc()) 34M->33M(2038M) 26.992ms
[21.260s][info][gc,cpu         ] GC(30) User=0.11s Sys=0.00s Real=0.03s
[21.604s][info][gc,start       ] GC(31) Pause Young (Allocation Failure)
[21.605s][info][gc,heap        ] GC(31) PSYoungGen: 678912K(689152K)->1629K(688640K) Eden: 678912K(678912K)->0K(678912K) From: 0K(10240K)->1629K(9728K)
[21.605s][info][gc,heap        ] GC(31) ParOldGen: 34602K(1398272K)->34610K(1398272K)
[21.605s][info][gc,metaspace   ] GC(31) Metaspace: 91920K(92672K)->91920K(92672K) NonClass: 82148K(82560K)->82148K(82560K) Class: 9771K(10112K)->9771K(10112K)
[21.605s][info][gc             ] GC(31) Pause Young (Allocation Failure) 696M->35M(2038M) 1.076ms
[21.605s][info][gc,cpu         ] GC(31) User=0.00s Sys=0.00s Real=0.00s
[21.867s][info][gc,start       ] GC(32) Pause Young (System.gc())
[21.868s][info][gc,heap        ] GC(32) PSYoungGen: 572296K(688640K)->499K(690176K) Eden: 570666K(678912K)->0K(680960K) From: 1629K(9728K)->499K(9216K)
[21.868s][info][gc,heap        ] GC(32) ParOldGen: 34610K(1398272K)->35139K(1398272K)
[21.868s][info][gc,metaspace   ] GC(32) Metaspace: 91999K(92800K)->91999K(92800K) NonClass: 82228K(82688K)->82228K(82688K) Class: 9771K(10112K)->9771K(10112K)
[21.868s][info][gc             ] GC(32) Pause Young (System.gc()) 592M->34M(2039M) 0.924ms
[21.868s][info][gc,cpu         ] GC(32) User=0.00s Sys=0.00s Real=0.00s
[21.868s][info][gc,start       ] GC(33) Pause Full (System.gc())
[21.868s][info][gc,phases,start] GC(33) Marking Phase
[21.884s][info][gc,phases      ] GC(33) Marking Phase 15.979ms
[21.884s][info][gc,phases,start] GC(33) Summary Phase
[21.884s][info][gc,phases      ] GC(33) Summary Phase 0.022ms
[21.884s][info][gc,phases,start] GC(33) Adjust Roots
[21.891s][info][gc,phases      ] GC(33) Adjust Roots 6.617ms
[21.891s][info][gc,phases,start] GC(33) Compaction Phase
[21.897s][info][gc,phases      ] GC(33) Compaction Phase 6.280ms
[21.897s][info][gc,phases,start] GC(33) Post Compact
[21.898s][info][gc,phases      ] GC(33) Post Compact 0.376ms
[21.898s][info][gc,heap        ] GC(33) PSYoungGen: 499K(690176K)->0K(690176K) Eden: 0K(680960K)->0K(680960K) From: 499K(9216K)->0K(9216K)
[21.898s][info][gc,heap        ] GC(33) ParOldGen: 35139K(1398272K)->34719K(1398272K)
[21.898s][info][gc,metaspace   ] GC(33) Metaspace: 91999K(92800K)->91999K(92800K) NonClass: 82228K(82688K)->82228K(82688K) Class: 9771K(10112K)->9771K(10112K)
[21.898s][info][gc             ] GC(33) Pause Full (System.gc()) 34M->33M(2039M) 29.570ms
[21.898s][info][gc,cpu         ] GC(33) User=0.09s Sys=0.00s Real=0.03s
[22.235s][info][gc,start       ] GC(34) Pause Young (Allocation Failure)
[22.236s][info][gc,heap        ] GC(34) PSYoungGen: 680960K(690176K)->1568K(689664K) Eden: 680960K(680960K)->0K(680960K) From: 0K(9216K)->1568K(8704K)
[22.236s][info][gc,heap        ] GC(34) ParOldGen: 34719K(1398272K)->34719K(1398272K)
[22.236s][info][gc,metaspace   ] GC(34) Metaspace: 92034K(92800K)->92034K(92800K) NonClass: 82262K(82688K)->82262K(82688K) Class: 9772K(10112K)->9772K(10112K)
[22.236s][info][gc             ] GC(34) Pause Young (Allocation Failure) 698M->35M(2039M) 1.155ms
[22.236s][info][gc,cpu         ] GC(34) User=0.00s Sys=0.00s Real=0.00s
[22.498s][info][gc,start       ] GC(35) Pause Young (System.gc())
[22.498s][info][gc,heap        ] GC(35) PSYoungGen: 572011K(689664K)->492K(691200K) Eden: 570442K(680960K)->0K(683008K) From: 1568K(8704K)->492K(8192K)
[22.499s][info][gc,heap        ] GC(35) ParOldGen: 34719K(1398272K)->35237K(1398272K)
[22.499s][info][gc,metaspace   ] GC(35) Metaspace: 92064K(92800K)->92064K(92800K) NonClass: 82292K(82688K)->82292K(82688K) Class: 9772K(10112K)->9772K(10112K)
[22.499s][info][gc             ] GC(35) Pause Young (System.gc()) 592M->34M(2040M) 1.014ms
[22.499s][info][gc,cpu         ] GC(35) User=0.00s Sys=0.00s Real=0.00s
[22.499s][info][gc,start       ] GC(36) Pause Full (System.gc())
[22.499s][info][gc,phases,start] GC(36) Marking Phase
[22.515s][info][gc,phases      ] GC(36) Marking Phase 16.039ms
[22.515s][info][gc,phases,start] GC(36) Summary Phase
[22.515s][info][gc,phases      ] GC(36) Summary Phase 0.010ms
[22.515s][info][gc,phases,start] GC(36) Adjust Roots
[22.522s][info][gc,phases      ] GC(36) Adjust Roots 7.005ms
[22.522s][info][gc,phases,start] GC(36) Compaction Phase
[22.527s][info][gc,phases      ] GC(36) Compaction Phase 4.971ms
[22.527s][info][gc,phases,start] GC(36) Post Compact
[22.527s][info][gc,phases      ] GC(36) Post Compact 0.535ms
[22.527s][info][gc,heap        ] GC(36) PSYoungGen: 492K(691200K)->0K(691200K) Eden: 0K(683008K)->0K(683008K) From: 492K(8192K)->0K(8192K)
[22.528s][info][gc,heap        ] GC(36) ParOldGen: 35237K(1398272K)->34837K(1398272K)
[22.528s][info][gc,metaspace   ] GC(36) Metaspace: 92064K(92800K)->92064K(92800K) NonClass: 82292K(82688K)->82292K(82688K) Class: 9772K(10112K)->9772K(10112K)
[22.528s][info][gc             ] GC(36) Pause Full (System.gc()) 34M->34M(2040M) 28.907ms
[22.528s][info][gc,cpu         ] GC(36) User=0.11s Sys=0.00s Real=0.03s
[22.858s][info][gc,start       ] GC(37) Pause Young (Allocation Failure)
[22.859s][info][gc,heap        ] GC(37) PSYoungGen: 683008K(691200K)->1568K(690688K) Eden: 683008K(683008K)->0K(683008K) From: 0K(8192K)->1568K(7680K)
[22.859s][info][gc,heap        ] GC(37) ParOldGen: 34837K(1398272K)->34845K(1398272K)
[22.859s][info][gc,metaspace   ] GC(37) Metaspace: 92113K(92864K)->92113K(92864K) NonClass: 82341K(82752K)->82341K(82752K) Class: 9772K(10112K)->9772K(10112K)
[22.859s][info][gc             ] GC(37) Pause Young (Allocation Failure) 701M->35M(2040M) 1.188ms
[22.859s][info][gc,cpu         ] GC(37) User=0.02s Sys=0.00s Real=0.00s
[23.117s][info][gc,start       ] GC(38) Pause Young (System.gc())
[23.118s][info][gc,heap        ] GC(38) PSYoungGen: 572729K(690688K)->499K(691712K) Eden: 571160K(683008K)->0K(684544K) From: 1568K(7680K)->499K(7168K)
[23.118s][info][gc,heap        ] GC(38) ParOldGen: 34845K(1398272K)->35345K(1398272K)
[23.118s][info][gc,metaspace   ] GC(38) Metaspace: 92152K(92928K)->92152K(92928K) NonClass: 82379K(82816K)->82379K(82816K) Class: 9772K(10112K)->9772K(10112K)
[23.118s][info][gc             ] GC(38) Pause Young (System.gc()) 593M->35M(2041M) 0.905ms
[23.118s][info][gc,cpu         ] GC(38) User=0.00s Sys=0.00s Real=0.00s
[23.118s][info][gc,start       ] GC(39) Pause Full (System.gc())
[23.118s][info][gc,phases,start] GC(39) Marking Phase
[23.134s][info][gc,phases      ] GC(39) Marking Phase 15.843ms
[23.134s][info][gc,phases,start] GC(39) Summary Phase
[23.134s][info][gc,phases      ] GC(39) Summary Phase 0.010ms
[23.134s][info][gc,phases,start] GC(39) Adjust Roots
[23.141s][info][gc,phases      ] GC(39) Adjust Roots 6.956ms
[23.141s][info][gc,phases,start] GC(39) Compaction Phase
[23.147s][info][gc,phases      ] GC(39) Compaction Phase 6.244ms
[23.147s][info][gc,phases,start] GC(39) Post Compact
[23.148s][info][gc,phases      ] GC(39) Post Compact 0.404ms
[23.148s][info][gc,heap        ] GC(39) PSYoungGen: 499K(691712K)->0K(691712K) Eden: 0K(684544K)->0K(684544K) From: 499K(7168K)->0K(7168K)
[23.148s][info][gc,heap        ] GC(39) ParOldGen: 35345K(1398272K)->34952K(1398272K)
[23.148s][info][gc,metaspace   ] GC(39) Metaspace: 92152K(92928K)->92152K(92928K) NonClass: 82379K(82816K)->82379K(82816K) Class: 9772K(10112K)->9772K(10112K)
[23.148s][info][gc             ] GC(39) Pause Full (System.gc()) 35M->34M(2041M) 29.754ms
[23.148s][info][gc,cpu         ] GC(39) User=0.09s Sys=0.00s Real=0.03s
[23.484s][info][gc,start       ] GC(40) Pause Young (Allocation Failure)
[23.485s][info][gc,heap        ] GC(40) PSYoungGen: 684544K(691712K)->1590K(691712K) Eden: 684544K(684544K)->0K(684544K) From: 0K(7168K)->1590K(7168K)
[23.485s][info][gc,heap        ] GC(40) ParOldGen: 34952K(1398272K)->34952K(1398272K)
[23.485s][info][gc,metaspace   ] GC(40) Metaspace: 92172K(92928K)->92172K(92928K) NonClass: 82400K(82816K)->82400K(82816K) Class: 9772K(10112K)->9772K(10112K)
[23.485s][info][gc             ] GC(40) Pause Young (Allocation Failure) 702M->35M(2041M) 1.010ms
[23.485s][info][gc,cpu         ] GC(40) User=0.00s Sys=0.00s Real=0.00s
[23.745s][info][gc,start       ] GC(41) Pause Young (System.gc())
[23.746s][info][gc,heap        ] GC(41) PSYoungGen: 570380K(691712K)->492K(692736K) Eden: 568789K(684544K)->0K(686080K) From: 1590K(7168K)->492K(6656K)
[23.746s][info][gc,heap        ] GC(41) ParOldGen: 34952K(1398272K)->35461K(1398272K)
[23.746s][info][gc,metaspace   ] GC(41) Metaspace: 92298K(93056K)->92298K(93056K) NonClass: 82525K(82944K)->82525K(82944K) Class: 9772K(10112K)->9772K(10112K)
[23.746s][info][gc             ] GC(41) Pause Young (System.gc()) 591M->35M(2042M) 1.080ms
[23.746s][info][gc,cpu         ] GC(41) User=0.00s Sys=0.00s Real=0.00s
[23.746s][info][gc,start       ] GC(42) Pause Full (System.gc())
[23.746s][info][gc,phases,start] GC(42) Marking Phase
[23.762s][info][gc,phases      ] GC(42) Marking Phase 16.168ms
[23.762s][info][gc,phases,start] GC(42) Summary Phase
[23.762s][info][gc,phases      ] GC(42) Summary Phase 0.010ms
[23.762s][info][gc,phases,start] GC(42) Adjust Roots
[23.770s][info][gc,phases      ] GC(42) Adjust Roots 7.725ms
[23.770s][info][gc,phases,start] GC(42) Compaction Phase
[23.777s][info][gc,phases      ] GC(42) Compaction Phase 6.372ms
[23.777s][info][gc,phases,start] GC(42) Post Compact
[23.777s][info][gc,phases      ] GC(42) Post Compact 0.338ms
[23.777s][info][gc,heap        ] GC(42) PSYoungGen: 492K(692736K)->0K(692736K) Eden: 0K(686080K)->0K(686080K) From: 492K(6656K)->0K(6656K)
[23.777s][info][gc,heap        ] GC(42) ParOldGen: 35461K(1398272K)->35079K(1398272K)
[23.777s][info][gc,metaspace   ] GC(42) Metaspace: 92298K(93056K)->92298K(93056K) NonClass: 82525K(82944K)->82525K(82944K) Class: 9772K(10112K)->9772K(10112K)
[23.777s][info][gc             ] GC(42) Pause Full (System.gc()) 35M->34M(2042M) 30.912ms
[23.777s][info][gc,cpu         ] GC(42) User=0.11s Sys=0.00s Real=0.04s
[24.108s][info][gc,start       ] GC(43) Pause Young (Allocation Failure)
[24.109s][info][gc,heap        ] GC(43) PSYoungGen: 686080K(692736K)->1600K(692224K) Eden: 686080K(686080K)->0K(686080K) From: 0K(6656K)->1600K(6144K)
[24.109s][info][gc,heap        ] GC(43) ParOldGen: 35079K(1398272K)->35087K(1398272K)
[24.109s][info][gc,metaspace   ] GC(43) Metaspace: 92379K(93120K)->92379K(93120K) NonClass: 82607K(83008K)->82607K(83008K) Class: 9772K(10112K)->9772K(10112K)
[24.109s][info][gc             ] GC(43) Pause Young (Allocation Failure) 704M->35M(2041M) 1.155ms
[24.109s][info][gc,cpu         ] GC(43) User=0.08s Sys=0.02s Real=0.00s
[24.367s][info][gc,start       ] GC(44) Pause Young (System.gc())
[24.368s][info][gc,heap        ] GC(44) PSYoungGen: 571958K(692224K)->492K(693248K) Eden: 570358K(686080K)->0K(687616K) From: 1600K(6144K)->492K(5632K)
[24.368s][info][gc,heap        ] GC(44) ParOldGen: 35087K(1398272K)->35613K(1398272K)
[24.368s][info][gc,metaspace   ] GC(44) Metaspace: 92416K(93120K)->92416K(93120K) NonClass: 82644K(83008K)->82644K(83008K) Class: 9772K(10112K)->9772K(10112K)
[24.368s][info][gc             ] GC(44) Pause Young (System.gc()) 592M->35M(2042M) 0.856ms
[24.368s][info][gc,cpu         ] GC(44) User=0.00s Sys=0.00s Real=0.00s
[24.368s][info][gc,start       ] GC(45) Pause Full (System.gc())
[24.368s][info][gc,phases,start] GC(45) Marking Phase
[24.384s][info][gc,phases      ] GC(45) Marking Phase 16.400ms
[24.384s][info][gc,phases,start] GC(45) Summary Phase
[24.384s][info][gc,phases      ] GC(45) Summary Phase 0.010ms
[24.384s][info][gc,phases,start] GC(45) Adjust Roots
[24.392s][info][gc,phases      ] GC(45) Adjust Roots 7.700ms
[24.392s][info][gc,phases,start] GC(45) Compaction Phase
[24.398s][info][gc,phases      ] GC(45) Compaction Phase 5.963ms
[24.398s][info][gc,phases,start] GC(45) Post Compact
[24.399s][info][gc,phases      ] GC(45) Post Compact 0.407ms
[24.399s][info][gc,heap        ] GC(45) PSYoungGen: 492K(693248K)->0K(693248K) Eden: 0K(687616K)->0K(687616K) From: 492K(5632K)->0K(5632K)
[24.399s][info][gc,heap        ] GC(45) ParOldGen: 35613K(1398272K)->35192K(1398272K)
[24.399s][info][gc,metaspace   ] GC(45) Metaspace: 92416K(93120K)->92416K(93120K) NonClass: 82644K(83008K)->82644K(83008K) Class: 9772K(10112K)->9772K(10112K)
[24.399s][info][gc             ] GC(45) Pause Full (System.gc()) 35M->34M(2042M) 30.749ms
[24.399s][info][gc,cpu         ] GC(45) User=0.11s Sys=0.00s Real=0.04s
[24.729s][info][gc,start       ] GC(46) Pause Young (Allocation Failure)
[24.731s][info][gc,heap        ] GC(46) PSYoungGen: 687616K(693248K)->1567K(693248K) Eden: 687616K(687616K)->0K(687616K) From: 0K(5632K)->1567K(5632K)
[24.731s][info][gc,heap        ] GC(46) ParOldGen: 35192K(1398272K)->35200K(1398272K)
[24.731s][info][gc,metaspace   ] GC(46) Metaspace: 92433K(93248K)->92433K(93248K) NonClass: 82661K(83136K)->82661K(83136K) Class: 9772K(10112K)->9772K(10112K)
[24.731s][info][gc             ] GC(46) Pause Young (Allocation Failure) 705M->35M(2042M) 1.170ms
[24.731s][info][gc,cpu         ] GC(46) User=0.00s Sys=0.00s Real=0.00s
[24.985s][info][gc,start       ] GC(47) Pause Young (System.gc())
[24.986s][info][gc,heap        ] GC(47) PSYoungGen: 564193K(693248K)->492K(693760K) Eden: 562625K(687616K)->0K(688640K) From: 1567K(5632K)->492K(5120K)
[24.986s][info][gc,heap        ] GC(47) ParOldGen: 35200K(1398272K)->35696K(1398272K)
[24.986s][info][gc,metaspace   ] GC(47) Metaspace: 92447K(93248K)->92447K(93248K) NonClass: 82675K(83136K)->82675K(83136K) Class: 9772K(10112K)->9772K(10112K)
[24.986s][info][gc             ] GC(47) Pause Young (System.gc()) 585M->35M(2043M) 0.943ms
[24.986s][info][gc,cpu         ] GC(47) User=0.00s Sys=0.00s Real=0.00s
[24.986s][info][gc,start       ] GC(48) Pause Full (System.gc())
[24.986s][info][gc,phases,start] GC(48) Marking Phase
[25.003s][info][gc,phases      ] GC(48) Marking Phase 17.112ms
[25.003s][info][gc,phases,start] GC(48) Summary Phase
[25.003s][info][gc,phases      ] GC(48) Summary Phase 0.010ms
[25.003s][info][gc,phases,start] GC(48) Adjust Roots
[25.011s][info][gc,phases      ] GC(48) Adjust Roots 8.033ms
[25.011s][info][gc,phases,start] GC(48) Compaction Phase
[25.017s][info][gc,phases      ] GC(48) Compaction Phase 5.925ms
[25.017s][info][gc,phases,start] GC(48) Post Compact
[25.017s][info][gc,phases      ] GC(48) Post Compact 0.287ms
[25.017s][info][gc,heap        ] GC(48) PSYoungGen: 492K(693760K)->0K(693760K) Eden: 0K(688640K)->0K(688640K) From: 492K(5120K)->0K(5120K)
[25.017s][info][gc,heap        ] GC(48) ParOldGen: 35696K(1398272K)->35298K(1398272K)
[25.017s][info][gc,metaspace   ] GC(48) Metaspace: 92447K(93248K)->92447K(93248K) NonClass: 82675K(83136K)->82675K(83136K) Class: 9772K(10112K)->9772K(10112K)
[25.017s][info][gc             ] GC(48) Pause Full (System.gc()) 35M->34M(2043M) 31.639ms
[25.017s][info][gc,cpu         ] GC(48) User=0.09s Sys=0.00s Real=0.04s
[25.350s][info][gc,start       ] GC(49) Pause Young (Allocation Failure)
[25.352s][info][gc,heap        ] GC(49) PSYoungGen: 688640K(693760K)->1526K(693760K) Eden: 688640K(688640K)->0K(688640K) From: 0K(5120K)->1526K(5120K)
[25.352s][info][gc,heap        ] GC(49) ParOldGen: 35298K(1398272K)->35306K(1398272K)
[25.352s][info][gc,metaspace   ] GC(49) Metaspace: 92456K(93248K)->92456K(93248K) NonClass: 82684K(83136K)->82684K(83136K) Class: 9772K(10112K)->9772K(10112K)
[25.352s][info][gc             ] GC(49) Pause Young (Allocation Failure) 706M->35M(2043M) 1.680ms
[25.352s][info][gc,cpu         ] GC(49) User=0.00s Sys=0.00s Real=0.00s
[25.606s][info][gc,start       ] GC(50) Pause Young (System.gc())
[25.607s][info][gc,heap        ] GC(50) PSYoungGen: 567278K(693760K)->428K(694272K) Eden: 565751K(688640K)->0K(689664K) From: 1526K(5120K)->428K(4608K)
[25.607s][info][gc,heap        ] GC(50) ParOldGen: 35306K(1398272K)->35808K(1398272K)
[25.607s][info][gc,metaspace   ] GC(50) Metaspace: 92494K(93248K)->92494K(93248K) NonClass: 82722K(83136K)->82722K(83136K) Class: 9772K(10112K)->9772K(10112K)
[25.607s][info][gc             ] GC(50) Pause Young (System.gc()) 588M->35M(2043M) 1.133ms
[25.607s][info][gc,cpu         ] GC(50) User=0.00s Sys=0.00s Real=0.00s
[25.607s][info][gc,start       ] GC(51) Pause Full (System.gc())
[25.607s][info][gc,phases,start] GC(51) Marking Phase
[25.624s][info][gc,phases      ] GC(51) Marking Phase 17.050ms
[25.624s][info][gc,phases,start] GC(51) Summary Phase
[25.624s][info][gc,phases      ] GC(51) Summary Phase 0.010ms
[25.624s][info][gc,phases,start] GC(51) Adjust Roots
[25.632s][info][gc,phases      ] GC(51) Adjust Roots 7.743ms
[25.632s][info][gc,phases,start] GC(51) Compaction Phase
[25.639s][info][gc,phases      ] GC(51) Compaction Phase 6.481ms
[25.639s][info][gc,phases,start] GC(51) Post Compact
[25.639s][info][gc,phases      ] GC(51) Post Compact 0.507ms
[25.639s][info][gc,heap        ] GC(51) PSYoungGen: 428K(694272K)->0K(694272K) Eden: 0K(689664K)->0K(689664K) From: 428K(4608K)->0K(4608K)
[25.639s][info][gc,heap        ] GC(51) ParOldGen: 35808K(1398272K)->35403K(1398272K)
[25.639s][info][gc,metaspace   ] GC(51) Metaspace: 92494K(93248K)->92494K(93248K) NonClass: 82722K(83136K)->82722K(83136K) Class: 9772K(10112K)->9772K(10112K)
[25.639s][info][gc             ] GC(51) Pause Full (System.gc()) 35M->34M(2043M) 32.112ms
[25.639s][info][gc,cpu         ] GC(51) User=0.11s Sys=0.00s Real=0.03s
[25.967s][info][gc,start       ] GC(52) Pause Young (Allocation Failure)
[25.968s][info][gc,heap        ] GC(52) PSYoungGen: 689664K(694272K)->1526K(694272K) Eden: 689664K(689664K)->0K(689664K) From: 0K(4608K)->1526K(4608K)
[25.968s][info][gc,heap        ] GC(52) ParOldGen: 35403K(1398272K)->35411K(1398272K)
[25.968s][info][gc,metaspace   ] GC(52) Metaspace: 92554K(93312K)->92554K(93312K) NonClass: 82781K(83200K)->82781K(83200K) Class: 9772K(10112K)->9772K(10112K)
[25.968s][info][gc             ] GC(52) Pause Young (Allocation Failure) 708M->36M(2043M) 1.389ms
[25.968s][info][gc,cpu         ] GC(52) User=0.06s Sys=0.00s Real=0.00s
[26.219s][info][gc,start       ] GC(53) Pause Young (System.gc())
[26.220s][info][gc,heap        ] GC(53) PSYoungGen: 563923K(694272K)->499K(694784K) Eden: 562397K(689664K)->0K(690176K) From: 1526K(4608K)->499K(4608K)
[26.220s][info][gc,heap        ] GC(53) ParOldGen: 35411K(1398272K)->35904K(1398272K)
[26.220s][info][gc,metaspace   ] GC(53) Metaspace: 92705K(93440K)->92705K(93440K) NonClass: 82932K(83328K)->82932K(83328K) Class: 9772K(10112K)->9772K(10112K)
[26.220s][info][gc             ] GC(53) Pause Young (System.gc()) 585M->35M(2044M) 0.962ms
[26.220s][info][gc,cpu         ] GC(53) User=0.00s Sys=0.00s Real=0.00s
[26.220s][info][gc,start       ] GC(54) Pause Full (System.gc())
[26.220s][info][gc,phases,start] GC(54) Marking Phase
[26.237s][info][gc,phases      ] GC(54) Marking Phase 17.215ms
[26.237s][info][gc,phases,start] GC(54) Summary Phase
[26.237s][info][gc,phases      ] GC(54) Summary Phase 0.009ms
[26.237s][info][gc,phases,start] GC(54) Adjust Roots
[26.245s][info][gc,phases      ] GC(54) Adjust Roots 8.002ms
[26.245s][info][gc,phases,start] GC(54) Compaction Phase
[26.253s][info][gc,phases      ] GC(54) Compaction Phase 7.221ms
[26.253s][info][gc,phases,start] GC(54) Post Compact
[26.253s][info][gc,phases      ] GC(54) Post Compact 0.426ms
[26.253s][info][gc,heap        ] GC(54) PSYoungGen: 499K(694784K)->0K(694784K) Eden: 0K(690176K)->0K(690176K) From: 499K(4608K)->0K(4608K)
[26.253s][info][gc,heap        ] GC(54) ParOldGen: 35904K(1398272K)->35516K(1398272K)
[26.253s][info][gc,metaspace   ] GC(54) Metaspace: 92705K(93440K)->92705K(93440K) NonClass: 82932K(83328K)->82932K(83328K) Class: 9772K(10112K)->9772K(10112K)
[26.253s][info][gc             ] GC(54) Pause Full (System.gc()) 35M->34M(2044M) 33.222ms
[26.253s][info][gc,cpu         ] GC(54) User=0.11s Sys=0.00s Real=0.04s
[26.583s][info][gc,start       ] GC(55) Pause Young (Allocation Failure)
[26.584s][info][gc,heap        ] GC(55) PSYoungGen: 690176K(694784K)->1410K(694272K) Eden: 690176K(690176K)->0K(690176K) From: 0K(4608K)->1410K(4096K)
[26.584s][info][gc,heap        ] GC(55) ParOldGen: 35516K(1398272K)->35524K(1398272K)
[26.584s][info][gc,metaspace   ] GC(55) Metaspace: 92754K(93504K)->92754K(93504K) NonClass: 82981K(83392K)->82981K(83392K) Class: 9772K(10112K)->9772K(10112K)
[26.584s][info][gc             ] GC(55) Pause Young (Allocation Failure) 708M->36M(2043M) 1.151ms
[26.584s][info][gc,cpu         ] GC(55) User=0.00s Sys=0.00s Real=0.00s
[26.833s][info][gc,start       ] GC(56) Pause Young (System.gc())
[26.834s][info][gc,heap        ] GC(56) PSYoungGen: 562931K(694272K)->460K(694784K) Eden: 561520K(690176K)->0K(690688K) From: 1410K(4096K)->460K(4096K)
[26.834s][info][gc,heap        ] GC(56) ParOldGen: 35524K(1398272K)->36016K(1398272K)
[26.834s][info][gc,metaspace   ] GC(56) Metaspace: 92760K(93504K)->92760K(93504K) NonClass: 82987K(83392K)->82987K(83392K) Class: 9772K(10112K)->9772K(10112K)
[26.834s][info][gc             ] GC(56) Pause Young (System.gc()) 584M->35M(2044M) 1.108ms
[26.834s][info][gc,cpu         ] GC(56) User=0.00s Sys=0.00s Real=0.00s
[26.834s][info][gc,start       ] GC(57) Pause Full (System.gc())
[26.834s][info][gc,phases,start] GC(57) Marking Phase
[26.852s][info][gc,phases      ] GC(57) Marking Phase 17.786ms
[26.852s][info][gc,phases,start] GC(57) Summary Phase
[26.852s][info][gc,phases      ] GC(57) Summary Phase 0.010ms
[26.852s][info][gc,phases,start] GC(57) Adjust Roots
[26.860s][info][gc,phases      ] GC(57) Adjust Roots 8.416ms
[26.860s][info][gc,phases,start] GC(57) Compaction Phase
[26.865s][info][gc,phases      ] GC(57) Compaction Phase 4.994ms
[26.865s][info][gc,phases,start] GC(57) Post Compact
[26.866s][info][gc,phases      ] GC(57) Post Compact 0.376ms
[26.866s][info][gc,heap        ] GC(57) PSYoungGen: 460K(694784K)->0K(694784K) Eden: 0K(690688K)->0K(690688K) From: 460K(4096K)->0K(4096K)
[26.866s][info][gc,heap        ] GC(57) ParOldGen: 36016K(1398272K)->35628K(1398272K)
[26.866s][info][gc,metaspace   ] GC(57) Metaspace: 92760K(93504K)->92760K(93504K) NonClass: 82987K(83392K)->82987K(83392K) Class: 9772K(10112K)->9772K(10112K)
[26.866s][info][gc             ] GC(57) Pause Full (System.gc()) 35M->34M(2044M) 31.898ms
[26.866s][info][gc,cpu         ] GC(57) User=0.06s Sys=0.00s Real=0.03s
[27.192s][info][gc,start       ] GC(58) Pause Young (Allocation Failure)
[27.193s][info][gc,heap        ] GC(58) PSYoungGen: 690688K(694784K)->1469K(694784K) Eden: 690688K(690688K)->0K(690688K) From: 0K(4096K)->1469K(4096K)
[27.193s][info][gc,heap        ] GC(58) ParOldGen: 35628K(1398272K)->35628K(1398272K)
[27.193s][info][gc,metaspace   ] GC(58) Metaspace: 92761K(93504K)->92761K(93504K) NonClass: 82988K(83392K)->82988K(83392K) Class: 9772K(10112K)->9772K(10112K)
[27.193s][info][gc             ] GC(58) Pause Young (Allocation Failure) 709M->36M(2044M) 1.157ms
[27.193s][info][gc,cpu         ] GC(58) User=0.00s Sys=0.00s Real=0.00s
[27.441s][info][gc,start       ] GC(59) Pause Young (System.gc())
[27.442s][info][gc,heap        ] GC(59) PSYoungGen: 563501K(694784K)->467K(695296K) Eden: 562031K(690688K)->0K(691712K) From: 1469K(4096K)->467K(3584K)
[27.442s][info][gc,heap        ] GC(59) ParOldGen: 35628K(1398272K)->36119K(1398272K)
[27.442s][info][gc,metaspace   ] GC(59) Metaspace: 92761K(93504K)->92761K(93504K) NonClass: 82988K(83392K)->82988K(83392K) Class: 9772K(10112K)->9772K(10112K)
[27.442s][info][gc             ] GC(59) Pause Young (System.gc()) 585M->35M(2044M) 0.958ms
[27.442s][info][gc,cpu         ] GC(59) User=0.00s Sys=0.00s Real=0.00s
[27.442s][info][gc,start       ] GC(60) Pause Full (System.gc())
[27.442s][info][gc,phases,start] GC(60) Marking Phase
[27.461s][info][gc,phases      ] GC(60) Marking Phase 18.091ms
[27.461s][info][gc,phases,start] GC(60) Summary Phase
[27.461s][info][gc,phases      ] GC(60) Summary Phase 0.010ms
[27.461s][info][gc,phases,start] GC(60) Adjust Roots
[27.469s][info][gc,phases      ] GC(60) Adjust Roots 7.990ms
[27.469s][info][gc,phases,start] GC(60) Compaction Phase
[27.474s][info][gc,phases      ] GC(60) Compaction Phase 5.227ms
[27.474s][info][gc,phases,start] GC(60) Post Compact
[27.474s][info][gc,phases      ] GC(60) Post Compact 0.473ms
[27.474s][info][gc,heap        ] GC(60) PSYoungGen: 467K(695296K)->0K(695296K) Eden: 0K(691712K)->0K(691712K) From: 467K(3584K)->0K(3584K)
[27.474s][info][gc,heap        ] GC(60) ParOldGen: 36119K(1398272K)->35732K(1398272K)
[27.474s][info][gc,metaspace   ] GC(60) Metaspace: 92761K(93504K)->92761K(93504K) NonClass: 82988K(83392K)->82988K(83392K) Class: 9772K(10112K)->9772K(10112K)
[27.474s][info][gc             ] GC(60) Pause Full (System.gc()) 35M->34M(2044M) 32.064ms
[27.475s][info][gc,cpu         ] GC(60) User=0.03s Sys=0.00s Real=0.04s
[27.802s][info][gc,start       ] GC(61) Pause Young (Allocation Failure)
[27.803s][info][gc,heap        ] GC(61) PSYoungGen: 690384K(695296K)->1422K(695296K) Eden: 690384K(691712K)->0K(691712K) From: 0K(3584K)->1422K(3584K)
[27.803s][info][gc,heap        ] GC(61) ParOldGen: 35732K(1398272K)->35732K(1398272K)
[27.803s][info][gc,metaspace   ] GC(61) Metaspace: 92783K(93504K)->92783K(93504K) NonClass: 83010K(83392K)->83010K(83392K) Class: 9772K(10112K)->9772K(10112K)
[27.803s][info][gc             ] GC(61) Pause Young (Allocation Failure) 709M->36M(2044M) 1.078ms
[27.803s][info][gc,cpu         ] GC(61) User=0.00s Sys=0.00s Real=0.00s
[28.048s][info][gc,start       ] GC(62) Pause Young (System.gc())
[28.049s][info][gc,heap        ] GC(62) PSYoungGen: 562707K(695296K)->492K(695296K) Eden: 561285K(691712K)->0K(691712K) From: 1422K(3584K)->492K(3584K)
[28.049s][info][gc,heap        ] GC(62) ParOldGen: 35732K(1398272K)->36204K(1398272K)
[28.049s][info][gc,metaspace   ] GC(62) Metaspace: 92787K(93504K)->92787K(93504K) NonClass: 83014K(83392K)->83014K(83392K) Class: 9772K(10112K)->9772K(10112K)
[28.049s][info][gc             ] GC(62) Pause Young (System.gc()) 584M->35M(2044M) 0.918ms
[28.049s][info][gc,cpu         ] GC(62) User=0.00s Sys=0.00s Real=0.00s
[28.049s][info][gc,start       ] GC(63) Pause Full (System.gc())
[28.049s][info][gc,phases,start] GC(63) Marking Phase
[28.066s][info][gc,phases      ] GC(63) Marking Phase 17.306ms
[28.066s][info][gc,phases,start] GC(63) Summary Phase
[28.066s][info][gc,phases      ] GC(63) Summary Phase 0.009ms
[28.066s][info][gc,phases,start] GC(63) Adjust Roots
[28.074s][info][gc,phases      ] GC(63) Adjust Roots 7.953ms
[28.074s][info][gc,phases,start] GC(63) Compaction Phase
[28.080s][info][gc,phases      ] GC(63) Compaction Phase 5.478ms
[28.080s][info][gc,phases,start] GC(63) Post Compact
[28.080s][info][gc,phases      ] GC(63) Post Compact 0.426ms
[28.080s][info][gc,heap        ] GC(63) PSYoungGen: 492K(695296K)->0K(695296K) Eden: 0K(691712K)->0K(691712K) From: 492K(3584K)->0K(3584K)
[28.080s][info][gc,heap        ] GC(63) ParOldGen: 36204K(1398272K)->35798K(1398272K)
[28.080s][info][gc,metaspace   ] GC(63) Metaspace: 92787K(93504K)->92787K(93504K) NonClass: 83014K(83392K)->83014K(83392K) Class: 9772K(10112K)->9772K(10112K)
[28.080s][info][gc             ] GC(63) Pause Full (System.gc()) 35M->34M(2044M) 31.478ms
[28.080s][info][gc,cpu         ] GC(63) User=0.11s Sys=0.00s Real=0.03s
[28.408s][info][gc,start       ] GC(64) Pause Young (Allocation Failure)
[28.410s][info][gc,heap        ] GC(64) PSYoungGen: 691712K(695296K)->1715K(695296K) Eden: 691712K(691712K)->0K(691712K) From: 0K(3584K)->1715K(3584K)
[28.410s][info][gc,heap        ] GC(64) ParOldGen: 35798K(1398272K)->35806K(1398272K)
[28.410s][info][gc,metaspace   ] GC(64) Metaspace: 92800K(93504K)->92800K(93504K) NonClass: 83027K(83392K)->83027K(83392K) Class: 9772K(10112K)->9772K(10112K)
[28.410s][info][gc             ] GC(64) Pause Young (Allocation Failure) 710M->36M(2044M) 1.312ms
[28.410s][info][gc,cpu         ] GC(64) User=0.00s Sys=0.00s Real=0.00s
[28.653s][info][gc,start       ] GC(65) Pause Young (System.gc())
[28.654s][info][gc,heap        ] GC(65) PSYoungGen: 556081K(695296K)->460K(695296K) Eden: 554366K(691712K)->0K(691712K) From: 1715K(3584K)->460K(3584K)
[28.654s][info][gc,heap        ] GC(65) ParOldGen: 35806K(1398272K)->36274K(1398272K)
[28.654s][info][gc,metaspace   ] GC(65) Metaspace: 92801K(93504K)->92801K(93504K) NonClass: 83028K(83392K)->83028K(83392K) Class: 9772K(10112K)->9772K(10112K)
[28.654s][info][gc             ] GC(65) Pause Young (System.gc()) 578M->35M(2044M) 1.191ms
[28.654s][info][gc,cpu         ] GC(65) User=0.00s Sys=0.00s Real=0.00s
[28.654s][info][gc,start       ] GC(66) Pause Full (System.gc())
[28.654s][info][gc,phases,start] GC(66) Marking Phase
[28.672s][info][gc,phases      ] GC(66) Marking Phase 17.594ms
[28.672s][info][gc,phases,start] GC(66) Summary Phase
[28.672s][info][gc,phases      ] GC(66) Summary Phase 0.010ms
[28.672s][info][gc,phases,start] GC(66) Adjust Roots
[28.680s][info][gc,phases      ] GC(66) Adjust Roots 7.802ms
[28.680s][info][gc,phases,start] GC(66) Compaction Phase
[28.684s][info][gc,phases      ] GC(66) Compaction Phase 4.863ms
[28.685s][info][gc,phases,start] GC(66) Post Compact
[28.685s][info][gc,phases      ] GC(66) Post Compact 0.490ms
[28.685s][info][gc,heap        ] GC(66) PSYoungGen: 460K(695296K)->0K(695296K) Eden: 0K(691712K)->0K(691712K) From: 460K(3584K)->0K(3584K)
[28.685s][info][gc,heap        ] GC(66) ParOldGen: 36274K(1398272K)->35903K(1398272K)
[28.685s][info][gc,metaspace   ] GC(66) Metaspace: 92801K(93504K)->92801K(93504K) NonClass: 83028K(83392K)->83028K(83392K) Class: 9772K(10112K)->9772K(10112K)
[28.685s][info][gc             ] GC(66) Pause Full (System.gc()) 35M->35M(2044M) 31.088ms
[28.685s][info][gc,cpu         ] GC(66) User=0.11s Sys=0.00s Real=0.03s
[29.011s][info][gc,start       ] GC(67) Pause Young (Allocation Failure)
[29.012s][info][gc,heap        ] GC(67) PSYoungGen: 688464K(695296K)->1398K(695296K) Eden: 688464K(691712K)->0K(691712K) From: 0K(3584K)->1398K(3584K)
[29.012s][info][gc,heap        ] GC(67) ParOldGen: 35903K(1398272K)->35911K(1398272K)
[29.012s][info][gc,metaspace   ] GC(67) Metaspace: 92812K(93568K)->92812K(93568K) NonClass: 83039K(83456K)->83039K(83456K) Class: 9772K(10112K)->9772K(10112K)
[29.012s][info][gc             ] GC(67) Pause Young (Allocation Failure) 707M->36M(2044M) 1.059ms
[29.012s][info][gc,cpu         ] GC(67) User=0.00s Sys=0.00s Real=0.00s
[29.256s][info][gc,start       ] GC(68) Pause Young (System.gc())
[29.257s][info][gc,heap        ] GC(68) PSYoungGen: 566927K(695296K)->499K(695808K) Eden: 565528K(691712K)->0K(692736K) From: 1398K(3584K)->499K(3072K)
[29.257s][info][gc,heap        ] GC(68) ParOldGen: 35911K(1398272K)->36371K(1398272K)
[29.257s][info][gc,metaspace   ] GC(68) Metaspace: 92957K(93760K)->92957K(93760K) NonClass: 83161K(83584K)->83161K(83584K) Class: 9795K(10176K)->9795K(10176K)
[29.257s][info][gc             ] GC(68) Pause Young (System.gc()) 588M->36M(2045M) 0.963ms
[29.257s][info][gc,cpu         ] GC(68) User=0.00s Sys=0.00s Real=0.00s
[29.257s][info][gc,start       ] GC(69) Pause Full (System.gc())
[29.257s][info][gc,phases,start] GC(69) Marking Phase
[29.275s][info][gc,phases      ] GC(69) Marking Phase 17.923ms
[29.275s][info][gc,phases,start] GC(69) Summary Phase
[29.275s][info][gc,phases      ] GC(69) Summary Phase 0.009ms
[29.275s][info][gc,phases,start] GC(69) Adjust Roots
[29.284s][info][gc,phases      ] GC(69) Adjust Roots 8.836ms
[29.284s][info][gc,phases,start] GC(69) Compaction Phase
[29.290s][info][gc,phases      ] GC(69) Compaction Phase 6.010ms
[29.290s][info][gc,phases,start] GC(69) Post Compact
[29.291s][info][gc,phases      ] GC(69) Post Compact 0.473ms
[29.291s][info][gc,heap        ] GC(69) PSYoungGen: 499K(695808K)->0K(695808K) Eden: 0K(692736K)->0K(692736K) From: 499K(3072K)->0K(3072K)
[29.291s][info][gc,heap        ] GC(69) ParOldGen: 36371K(1398272K)->36033K(1398272K)
[29.291s][info][gc,metaspace   ] GC(69) Metaspace: 92957K(93760K)->92957K(93760K) NonClass: 83161K(83584K)->83161K(83584K) Class: 9795K(10176K)->9795K(10176K)
[29.291s][info][gc             ] GC(69) Pause Full (System.gc()) 36M->35M(2045M) 33.541ms
[29.291s][info][gc,cpu         ] GC(69) User=0.03s Sys=0.00s Real=0.04s
[29.615s][info][gc,start       ] GC(70) Pause Young (Allocation Failure)
[29.617s][info][gc,heap        ] GC(70) PSYoungGen: 692736K(695808K)->1600K(695808K) Eden: 692736K(692736K)->0K(692736K) From: 0K(3072K)->1600K(3072K)
[29.617s][info][gc,heap        ] GC(70) ParOldGen: 36033K(1398272K)->36041K(1398272K)
[29.617s][info][gc,metaspace   ] GC(70) Metaspace: 93040K(93824K)->93040K(93824K) NonClass: 83229K(83648K)->83229K(83648K) Class: 9810K(10176K)->9810K(10176K)
[29.617s][info][gc             ] GC(70) Pause Young (Allocation Failure) 711M->36M(2045M) 1.336ms
[29.617s][info][gc,cpu         ] GC(70) User=0.00s Sys=0.00s Real=0.00s
[29.865s][info][gc,start       ] GC(71) Pause Young (System.gc())
[29.866s][info][gc,heap        ] GC(71) PSYoungGen: 564710K(695808K)->492K(695808K) Eden: 563109K(692736K)->0K(692736K) From: 1600K(3072K)->492K(3072K)
[29.866s][info][gc,heap        ] GC(71) ParOldGen: 36041K(1398272K)->36621K(1398272K)
[29.866s][info][gc,metaspace   ] GC(71) Metaspace: 93041K(93824K)->93041K(93824K) NonClass: 83230K(83648K)->83230K(83648K) Class: 9810K(10176K)->9810K(10176K)
[29.866s][info][gc             ] GC(71) Pause Young (System.gc()) 586M->36M(2045M) 0.988ms
[29.866s][info][gc,cpu         ] GC(71) User=0.00s Sys=0.00s Real=0.00s
[29.866s][info][gc,start       ] GC(72) Pause Full (System.gc())
[29.866s][info][gc,phases,start] GC(72) Marking Phase
[29.884s][info][gc,phases      ] GC(72) Marking Phase 17.945ms
[29.884s][info][gc,phases,start] GC(72) Summary Phase
[29.884s][info][gc,phases      ] GC(72) Summary Phase 0.010ms
[29.884s][info][gc,phases,start] GC(72) Adjust Roots
[29.892s][info][gc,phases      ] GC(72) Adjust Roots 8.534ms
[29.892s][info][gc,phases,start] GC(72) Compaction Phase
[29.899s][info][gc,phases      ] GC(72) Compaction Phase 6.688ms
[29.899s][info][gc,phases,start] GC(72) Post Compact
[29.899s][info][gc,phases      ] GC(72) Post Compact 0.440ms
[29.900s][info][gc,heap        ] GC(72) PSYoungGen: 492K(695808K)->0K(695808K) Eden: 0K(692736K)->0K(692736K) From: 492K(3072K)->0K(3072K)
[29.900s][info][gc,heap        ] GC(72) ParOldGen: 36621K(1398272K)->36090K(1398272K)
[29.900s][info][gc,metaspace   ] GC(72) Metaspace: 93041K(93824K)->93041K(93824K) NonClass: 83230K(83648K)->83230K(83648K) Class: 9810K(10176K)->9810K(10176K)
[29.900s][info][gc             ] GC(72) Pause Full (System.gc()) 36M->35M(2045M) 33.926ms
[29.900s][info][gc,cpu         ] GC(72) User=0.03s Sys=0.00s Real=0.04s
[30.227s][info][gc,start       ] GC(73) Pause Young (Allocation Failure)
[30.229s][info][gc,heap        ] GC(73) PSYoungGen: 692632K(695808K)->1721K(695808K) Eden: 692632K(692736K)->0K(692736K) From: 0K(3072K)->1721K(3072K)
[30.229s][info][gc,heap        ] GC(73) ParOldGen: 36090K(1398272K)->36098K(1398272K)
[30.229s][info][gc,metaspace   ] GC(73) Metaspace: 93116K(93888K)->93116K(93888K) NonClass: 83305K(83712K)->83305K(83712K) Class: 9810K(10176K)->9810K(10176K)
[30.229s][info][gc             ] GC(73) Pause Young (Allocation Failure) 711M->36M(2045M) 1.665ms
[30.229s][info][gc,cpu         ] GC(73) User=0.00s Sys=0.00s Real=0.00s
[30.474s][info][gc,start       ] GC(74) Pause Young (System.gc())
[30.475s][info][gc,heap        ] GC(74) PSYoungGen: 557693K(695808K)->482K(695808K) Eden: 555972K(692736K)->0K(692736K) From: 1721K(3072K)->482K(3072K)
[30.475s][info][gc,heap        ] GC(74) ParOldGen: 36098K(1398272K)->36587K(1398272K)
[30.475s][info][gc,metaspace   ] GC(74) Metaspace: 93119K(93888K)->93119K(93888K) NonClass: 83308K(83712K)->83308K(83712K) Class: 9810K(10176K)->9810K(10176K)
[30.475s][info][gc             ] GC(74) Pause Young (System.gc()) 579M->36M(2045M) 0.923ms
[30.475s][info][gc,cpu         ] GC(74) User=0.00s Sys=0.00s Real=0.00s
[30.475s][info][gc,start       ] GC(75) Pause Full (System.gc())
[30.475s][info][gc,phases,start] GC(75) Marking Phase
[30.494s][info][gc,phases      ] GC(75) Marking Phase 18.562ms
[30.494s][info][gc,phases,start] GC(75) Summary Phase
[30.494s][info][gc,phases      ] GC(75) Summary Phase 0.010ms
[30.494s][info][gc,phases,start] GC(75) Adjust Roots
[30.502s][info][gc,phases      ] GC(75) Adjust Roots 8.252ms
[30.502s][info][gc,phases,start] GC(75) Compaction Phase
[30.508s][info][gc,phases      ] GC(75) Compaction Phase 6.049ms
[30.508s][info][gc,phases,start] GC(75) Post Compact
[30.509s][info][gc,phases      ] GC(75) Post Compact 0.348ms
[30.509s][info][gc,heap        ] GC(75) PSYoungGen: 482K(695808K)->0K(695808K) Eden: 0K(692736K)->0K(692736K) From: 482K(3072K)->0K(3072K)
[30.509s][info][gc,heap        ] GC(75) ParOldGen: 36587K(1398272K)->36169K(1398272K)
[30.509s][info][gc,metaspace   ] GC(75) Metaspace: 93119K(93888K)->93119K(93888K) NonClass: 83308K(83712K)->83308K(83712K) Class: 9810K(10176K)->9810K(10176K)
[30.509s][info][gc             ] GC(75) Pause Full (System.gc()) 36M->35M(2045M) 33.509ms
[30.509s][info][gc,cpu         ] GC(75) User=0.03s Sys=0.00s Real=0.04s
[30.834s][info][gc,start       ] GC(76) Pause Young (Allocation Failure)
[30.835s][info][gc,heap        ] GC(76) PSYoungGen: 689289K(695808K)->1398K(695808K) Eden: 689289K(692736K)->0K(692736K) From: 0K(3072K)->1398K(3072K)
[30.835s][info][gc,heap        ] GC(76) ParOldGen: 36169K(1398272K)->36169K(1398272K)
[30.835s][info][gc,metaspace   ] GC(76) Metaspace: 93129K(93888K)->93129K(93888K) NonClass: 83318K(83712K)->83318K(83712K) Class: 9810K(10176K)->9810K(10176K)
[30.835s][info][gc             ] GC(76) Pause Young (Allocation Failure) 708M->36M(2045M) 1.058ms
[30.835s][info][gc,cpu         ] GC(76) User=0.00s Sys=0.00s Real=0.00s
[31.079s][info][gc,start       ] GC(77) Pause Young (System.gc())
[31.080s][info][gc,heap        ] GC(77) PSYoungGen: 565156K(695808K)->467K(695808K) Eden: 563757K(692736K)->0K(692736K) From: 1398K(3072K)->467K(3072K)
[31.080s][info][gc,heap        ] GC(77) ParOldGen: 36169K(1398272K)->36625K(1398272K)
[31.080s][info][gc,metaspace   ] GC(77) Metaspace: 93129K(93888K)->93129K(93888K) NonClass: 83318K(83712K)->83318K(83712K) Class: 9810K(10176K)->9810K(10176K)
[31.080s][info][gc             ] GC(77) Pause Young (System.gc()) 587M->36M(2045M) 0.954ms
[31.080s][info][gc,cpu         ] GC(77) User=0.00s Sys=0.00s Real=0.00s
[31.080s][info][gc,start       ] GC(78) Pause Full (System.gc())
[31.080s][info][gc,phases,start] GC(78) Marking Phase
[31.098s][info][gc,phases      ] GC(78) Marking Phase 18.273ms
[31.098s][info][gc,phases,start] GC(78) Summary Phase
[31.098s][info][gc,phases      ] GC(78) Summary Phase 0.010ms
[31.098s][info][gc,phases,start] GC(78) Adjust Roots
[31.107s][info][gc,phases      ] GC(78) Adjust Roots 8.264ms
[31.107s][info][gc,phases,start] GC(78) Compaction Phase
[31.112s][info][gc,phases      ] GC(78) Compaction Phase 5.145ms
[31.112s][info][gc,phases,start] GC(78) Post Compact
[31.112s][info][gc,phases      ] GC(78) Post Compact 0.434ms
[31.112s][info][gc,heap        ] GC(78) PSYoungGen: 467K(695808K)->0K(695808K) Eden: 0K(692736K)->0K(692736K) From: 467K(3072K)->0K(3072K)
[31.112s][info][gc,heap        ] GC(78) ParOldGen: 36625K(1398272K)->36274K(1398272K)
[31.112s][info][gc,metaspace   ] GC(78) Metaspace: 93129K(93888K)->93129K(93888K) NonClass: 83318K(83712K)->83318K(83712K) Class: 9810K(10176K)->9810K(10176K)
[31.112s][info][gc             ] GC(78) Pause Full (System.gc()) 36M->35M(2045M) 32.431ms
[31.112s][info][gc,cpu         ] GC(78) User=0.09s Sys=0.02s Real=0.04s
[31.433s][info][gc,start       ] GC(79) Pause Young (Allocation Failure)
[31.435s][info][gc,heap        ] GC(79) PSYoungGen: 692630K(695808K)->1494K(695808K) Eden: 692630K(692736K)->0K(692736K) From: 0K(3072K)->1494K(3072K)
[31.435s][info][gc,heap        ] GC(79) ParOldGen: 36274K(1398272K)->36282K(1398272K)
[31.435s][info][gc,metaspace   ] GC(79) Metaspace: 93135K(93888K)->93135K(93888K) NonClass: 83324K(83712K)->83324K(83712K) Class: 9810K(10176K)->9810K(10176K)
[31.435s][info][gc             ] GC(79) Pause Young (Allocation Failure) 711M->36M(2045M) 1.397ms
[31.435s][info][gc,cpu         ] GC(79) User=0.00s Sys=0.00s Real=0.02s
[31.677s][info][gc,start       ] GC(80) Pause Young (System.gc())
[31.678s][info][gc,heap        ] GC(80) PSYoungGen: 559093K(695808K)->435K(695808K) Eden: 557598K(692736K)->0K(692736K) From: 1494K(3072K)->435K(3072K)
[31.678s][info][gc,heap        ] GC(80) ParOldGen: 36282K(1398272K)->36759K(1398272K)
[31.678s][info][gc,metaspace   ] GC(80) Metaspace: 93136K(93888K)->93136K(93888K) NonClass: 83325K(83712K)->83325K(83712K) Class: 9810K(10176K)->9810K(10176K)
[31.678s][info][gc             ] GC(80) Pause Young (System.gc()) 581M->36M(2045M) 0.980ms
[31.678s][info][gc,cpu         ] GC(80) User=0.00s Sys=0.00s Real=0.00s
[31.678s][info][gc,start       ] GC(81) Pause Full (System.gc())
[31.678s][info][gc,phases,start] GC(81) Marking Phase
[31.696s][info][gc,phases      ] GC(81) Marking Phase 18.321ms
[31.696s][info][gc,phases,start] GC(81) Summary Phase
[31.696s][info][gc,phases      ] GC(81) Summary Phase 0.012ms
[31.696s][info][gc,phases,start] GC(81) Adjust Roots
[31.705s][info][gc,phases      ] GC(81) Adjust Roots 8.429ms
[31.705s][info][gc,phases,start] GC(81) Compaction Phase
[31.711s][info][gc,phases      ] GC(81) Compaction Phase 6.281ms
[31.711s][info][gc,phases,start] GC(81) Post Compact
[31.712s][info][gc,phases      ] GC(81) Post Compact 0.384ms
[31.712s][info][gc,heap        ] GC(81) PSYoungGen: 435K(695808K)->0K(695808K) Eden: 0K(692736K)->0K(692736K) From: 435K(3072K)->0K(3072K)
[31.712s][info][gc,heap        ] GC(81) ParOldGen: 36759K(1398272K)->36380K(1398272K)
[31.712s][info][gc,metaspace   ] GC(81) Metaspace: 93136K(93888K)->93136K(93888K) NonClass: 83325K(83712K)->83325K(83712K) Class: 9810K(10176K)->9810K(10176K)
[31.712s][info][gc             ] GC(81) Pause Full (System.gc()) 36M->35M(2045M) 33.721ms
[31.712s][info][gc,cpu         ] GC(81) User=0.03s Sys=0.00s Real=0.03s
[32.036s][info][gc,start       ] GC(82) Pause Young (Allocation Failure)
[32.037s][info][gc,heap        ] GC(82) PSYoungGen: 692736K(695808K)->1712K(695808K) Eden: 692736K(692736K)->0K(692736K) From: 0K(3072K)->1712K(3072K)
[32.037s][info][gc,heap        ] GC(82) ParOldGen: 36380K(1398272K)->36380K(1398272K)
[32.037s][info][gc,metaspace   ] GC(82) Metaspace: 93136K(93888K)->93136K(93888K) NonClass: 83325K(83712K)->83325K(83712K) Class: 9810K(10176K)->9810K(10176K)
[32.037s][info][gc             ] GC(82) Pause Young (Allocation Failure) 712M->37M(2045M) 1.401ms
[32.037s][info][gc,cpu         ] GC(82) User=0.00s Sys=0.00s Real=0.00s
[32.274s][info][gc,start       ] GC(83) Pause Young (System.gc())
[32.275s][info][gc,heap        ] GC(83) PSYoungGen: 558843K(695808K)->467K(695808K) Eden: 557130K(692736K)->0K(692736K) From: 1712K(3072K)->467K(3072K)
[32.275s][info][gc,heap        ] GC(83) ParOldGen: 36380K(1398272K)->36831K(1398272K)
[32.275s][info][gc,metaspace   ] GC(83) Metaspace: 93136K(93888K)->93136K(93888K) NonClass: 83325K(83712K)->83325K(83712K) Class: 9810K(10176K)->9810K(10176K)
[32.275s][info][gc             ] GC(83) Pause Young (System.gc()) 581M->36M(2045M) 0.888ms
[32.275s][info][gc,cpu         ] GC(83) User=0.00s Sys=0.00s Real=0.00s
[32.275s][info][gc,start       ] GC(84) Pause Full (System.gc())
[32.275s][info][gc,phases,start] GC(84) Marking Phase
[32.294s][info][gc,phases      ] GC(84) Marking Phase 18.622ms
[32.294s][info][gc,phases,start] GC(84) Summary Phase
[32.294s][info][gc,phases      ] GC(84) Summary Phase 0.010ms
[32.294s][info][gc,phases,start] GC(84) Adjust Roots
[32.302s][info][gc,phases      ] GC(84) Adjust Roots 8.222ms
[32.302s][info][gc,phases,start] GC(84) Compaction Phase
[32.307s][info][gc,phases      ] GC(84) Compaction Phase 4.902ms
[32.307s][info][gc,phases,start] GC(84) Post Compact
[32.307s][info][gc,phases      ] GC(84) Post Compact 0.391ms
[32.307s][info][gc,heap        ] GC(84) PSYoungGen: 467K(695808K)->0K(695808K) Eden: 0K(692736K)->0K(692736K) From: 467K(3072K)->0K(3072K)
[32.307s][info][gc,heap        ] GC(84) ParOldGen: 36831K(1398272K)->36485K(1398272K)
[32.307s][info][gc,metaspace   ] GC(84) Metaspace: 93136K(93888K)->93136K(93888K) NonClass: 83325K(83712K)->83325K(83712K) Class: 9810K(10176K)->9810K(10176K)
[32.307s][info][gc             ] GC(84) Pause Full (System.gc()) 36M->35M(2045M) 32.403ms
[32.307s][info][gc,cpu         ] GC(84) User=0.11s Sys=0.00s Real=0.03s
[32.627s][info][gc,start       ] GC(85) Pause Young (Allocation Failure)
[32.628s][info][gc,heap        ] GC(85) PSYoungGen: 690123K(695808K)->1430K(695808K) Eden: 690123K(692736K)->0K(692736K) From: 0K(3072K)->1430K(3072K)
[32.628s][info][gc,heap        ] GC(85) ParOldGen: 36485K(1398272K)->36493K(1398272K)
[32.628s][info][gc,metaspace   ] GC(85) Metaspace: 93142K(93888K)->93142K(93888K) NonClass: 83330K(83712K)->83330K(83712K) Class: 9811K(10176K)->9811K(10176K)
[32.628s][info][gc             ] GC(85) Pause Young (Allocation Failure) 709M->37M(2045M) 1.074ms
[32.628s][info][gc,cpu         ] GC(85) User=0.00s Sys=0.00s Real=0.00s
[32.872s][info][gc,start       ] GC(86) Pause Young (System.gc())
[32.873s][info][gc,heap        ] GC(86) PSYoungGen: 566048K(695808K)->467K(695808K) Eden: 564617K(692736K)->0K(692736K) From: 1430K(3072K)->467K(3072K)
[32.873s][info][gc,heap        ] GC(86) ParOldGen: 36493K(1398272K)->36953K(1398272K)
[32.873s][info][gc,metaspace   ] GC(86) Metaspace: 93145K(93888K)->93145K(93888K) NonClass: 83334K(83712K)->83334K(83712K) Class: 9811K(10176K)->9811K(10176K)
[32.873s][info][gc             ] GC(86) Pause Young (System.gc()) 588M->36M(2045M) 0.839ms
[32.873s][info][gc,cpu         ] GC(86) User=0.00s Sys=0.00s Real=0.00s
[32.873s][info][gc,start       ] GC(87) Pause Full (System.gc())
[32.873s][info][gc,phases,start] GC(87) Marking Phase
[32.891s][info][gc,phases      ] GC(87) Marking Phase 17.516ms
[32.891s][info][gc,phases,start] GC(87) Summary Phase
[32.891s][info][gc,phases      ] GC(87) Summary Phase 0.010ms
[32.891s][info][gc,phases,start] GC(87) Adjust Roots
[32.899s][info][gc,phases      ] GC(87) Adjust Roots 7.951ms
[32.899s][info][gc,phases,start] GC(87) Compaction Phase
[32.904s][info][gc,phases      ] GC(87) Compaction Phase 5.018ms
[32.904s][info][gc,phases,start] GC(87) Post Compact
[32.904s][info][gc,phases      ] GC(87) Post Compact 0.479ms
[32.904s][info][gc,heap        ] GC(87) PSYoungGen: 467K(695808K)->0K(695808K) Eden: 0K(692736K)->0K(692736K) From: 467K(3072K)->0K(3072K)
[32.904s][info][gc,heap        ] GC(87) ParOldGen: 36953K(1398272K)->36591K(1398272K)
[32.904s][info][gc,metaspace   ] GC(87) Metaspace: 93145K(93888K)->93145K(93888K) NonClass: 83334K(83712K)->83334K(83712K) Class: 9811K(10176K)->9811K(10176K)
[32.904s][info][gc             ] GC(87) Pause Full (System.gc()) 36M->35M(2045M) 31.283ms
[32.904s][info][gc,cpu         ] GC(87) User=0.11s Sys=0.00s Real=0.04s
[33.231s][info][gc,start       ] GC(88) Pause Young (Allocation Failure)
[33.232s][info][gc,heap        ] GC(88) PSYoungGen: 689592K(695808K)->1430K(695808K) Eden: 689592K(692736K)->0K(692736K) From: 0K(3072K)->1430K(3072K)
[33.232s][info][gc,heap        ] GC(88) ParOldGen: 36591K(1398272K)->36591K(1398272K)
[33.232s][info][gc,metaspace   ] GC(88) Metaspace: 93148K(93888K)->93148K(93888K) NonClass: 83337K(83712K)->83337K(83712K) Class: 9811K(10176K)->9811K(10176K)
[33.232s][info][gc             ] GC(88) Pause Young (Allocation Failure) 709M->37M(2045M) 1.139ms
[33.232s][info][gc,cpu         ] GC(88) User=0.00s Sys=0.00s Real=0.00s
[33.474s][info][gc,start       ] GC(89) Pause Young (System.gc())
[33.475s][info][gc,heap        ] GC(89) PSYoungGen: 564778K(695808K)->460K(695808K) Eden: 563347K(692736K)->0K(692736K) From: 1430K(3072K)->460K(3072K)
[33.475s][info][gc,heap        ] GC(89) ParOldGen: 36591K(1398272K)->37069K(1398272K)
[33.475s][info][gc,metaspace   ] GC(89) Metaspace: 93148K(93888K)->93148K(93888K) NonClass: 83337K(83712K)->83337K(83712K) Class: 9811K(10176K)->9811K(10176K)
[33.475s][info][gc             ] GC(89) Pause Young (System.gc()) 587M->36M(2045M) 0.872ms
[33.475s][info][gc,cpu         ] GC(89) User=0.00s Sys=0.00s Real=0.00s
[33.475s][info][gc,start       ] GC(90) Pause Full (System.gc())
[33.475s][info][gc,phases,start] GC(90) Marking Phase
[33.492s][info][gc,phases      ] GC(90) Marking Phase 16.991ms
[33.492s][info][gc,phases,start] GC(90) Summary Phase
[33.492s][info][gc,phases      ] GC(90) Summary Phase 0.009ms
[33.492s][info][gc,phases,start] GC(90) Adjust Roots
[33.500s][info][gc,phases      ] GC(90) Adjust Roots 7.759ms
[33.500s][info][gc,phases,start] GC(90) Compaction Phase
[33.505s][info][gc,phases      ] GC(90) Compaction Phase 4.569ms
[33.505s][info][gc,phases,start] GC(90) Post Compact
[33.505s][info][gc,phases      ] GC(90) Post Compact 0.483ms
[33.505s][info][gc,heap        ] GC(90) PSYoungGen: 460K(695808K)->0K(695808K) Eden: 0K(692736K)->0K(692736K) From: 460K(3072K)->0K(3072K)
[33.505s][info][gc,heap        ] GC(90) ParOldGen: 37069K(1398272K)->36708K(1398272K)
[33.505s][info][gc,metaspace   ] GC(90) Metaspace: 93148K(93888K)->93148K(93888K) NonClass: 83337K(83712K)->83337K(83712K) Class: 9811K(10176K)->9811K(10176K)
[33.505s][info][gc             ] GC(90) Pause Full (System.gc()) 36M->35M(2045M) 30.126ms
[33.505s][info][gc,cpu         ] GC(90) User=0.03s Sys=0.00s Real=0.03s
[33.830s][info][gc,start       ] GC(91) Pause Young (Allocation Failure)
[33.832s][info][gc,heap        ] GC(91) PSYoungGen: 692713K(695808K)->1622K(695808K) Eden: 692713K(692736K)->0K(692736K) From: 0K(3072K)->1622K(3072K)
[33.832s][info][gc,heap        ] GC(91) ParOldGen: 36708K(1398272K)->36708K(1398272K)
[33.832s][info][gc,metaspace   ] GC(91) Metaspace: 93150K(93888K)->93150K(93888K) NonClass: 83339K(83712K)->83339K(83712K) Class: 9811K(10176K)->9811K(10176K)
[33.832s][info][gc             ] GC(91) Pause Young (Allocation Failure) 712M->37M(2045M) 1.444ms
[33.832s][info][gc,cpu         ] GC(91) User=0.00s Sys=0.00s Real=0.00s
[34.071s][info][gc,start       ] GC(92) Pause Young (System.gc())
[34.072s][info][gc,heap        ] GC(92) PSYoungGen: 558766K(695808K)->411K(695808K) Eden: 557144K(692736K)->0K(692736K) From: 1622K(3072K)->411K(3072K)
[34.072s][info][gc,heap        ] GC(92) ParOldGen: 36708K(1398272K)->37160K(1398272K)
[34.072s][info][gc,metaspace   ] GC(92) Metaspace: 93150K(93888K)->93150K(93888K) NonClass: 83339K(83712K)->83339K(83712K) Class: 9811K(10176K)->9811K(10176K)
[34.072s][info][gc             ] GC(92) Pause Young (System.gc()) 581M->36M(2045M) 0.939ms
[34.072s][info][gc,cpu         ] GC(92) User=0.00s Sys=0.00s Real=0.00s
[34.072s][info][gc,start       ] GC(93) Pause Full (System.gc())
[34.072s][info][gc,phases,start] GC(93) Marking Phase
[34.090s][info][gc,phases      ] GC(93) Marking Phase 17.529ms
[34.090s][info][gc,phases,start] GC(93) Summary Phase
[34.090s][info][gc,phases      ] GC(93) Summary Phase 0.010ms
[34.090s][info][gc,phases,start] GC(93) Adjust Roots
[34.098s][info][gc,phases      ] GC(93) Adjust Roots 7.461ms
[34.098s][info][gc,phases,start] GC(93) Compaction Phase
[34.104s][info][gc,phases      ] GC(93) Compaction Phase 5.992ms
[34.104s][info][gc,phases,start] GC(93) Post Compact
[34.104s][info][gc,phases      ] GC(93) Post Compact 0.449ms
[34.104s][info][gc,heap        ] GC(93) PSYoungGen: 411K(695808K)->0K(695808K) Eden: 0K(692736K)->0K(692736K) From: 411K(3072K)->0K(3072K)
[34.104s][info][gc,heap        ] GC(93) ParOldGen: 37160K(1398272K)->36814K(1398272K)
[34.104s][info][gc,metaspace   ] GC(93) Metaspace: 93150K(93888K)->93150K(93888K) NonClass: 83339K(83712K)->83339K(83712K) Class: 9811K(10176K)->9811K(10176K)
[34.104s][info][gc             ] GC(93) Pause Full (System.gc()) 36M->35M(2045M) 31.712ms
[34.104s][info][gc,cpu         ] GC(93) User=0.11s Sys=0.00s Real=0.03s
[34.424s][info][gc,start       ] GC(94) Pause Young (Allocation Failure)
[34.425s][info][gc,heap        ] GC(94) PSYoungGen: 689790K(695808K)->1430K(695808K) Eden: 689790K(692736K)->0K(692736K) From: 0K(3072K)->1430K(3072K)
[34.425s][info][gc,heap        ] GC(94) ParOldGen: 36814K(1398272K)->36814K(1398272K)
[34.425s][info][gc,metaspace   ] GC(94) Metaspace: 93337K(94144K)->93337K(94144K) NonClass: 83524K(83968K)->83524K(83968K) Class: 9812K(10176K)->9812K(10176K)
[34.425s][info][gc             ] GC(94) Pause Young (Allocation Failure) 709M->37M(2045M) 1.052ms
[34.425s][info][gc,cpu         ] GC(94) User=0.00s Sys=0.00s Real=0.00s
[34.666s][info][gc,start       ] GC(95) Pause Young (System.gc())
[34.667s][info][gc,heap        ] GC(95) PSYoungGen: 565444K(695808K)->475K(696320K) Eden: 564013K(692736K)->0K(693248K) From: 1430K(3072K)->475K(3072K)
[34.667s][info][gc,heap        ] GC(95) ParOldGen: 36814K(1398272K)->37266K(1398272K)
[34.667s][info][gc,metaspace   ] GC(95) Metaspace: 93337K(94144K)->93337K(94144K) NonClass: 83524K(83968K)->83524K(83968K) Class: 9812K(10176K)->9812K(10176K)
[34.667s][info][gc             ] GC(95) Pause Young (System.gc()) 588M->36M(2045M) 0.806ms
[34.667s][info][gc,cpu         ] GC(95) User=0.00s Sys=0.00s Real=0.00s
[34.667s][info][gc,start       ] GC(96) Pause Full (System.gc())
[34.667s][info][gc,phases,start] GC(96) Marking Phase
[34.685s][info][gc,phases      ] GC(96) Marking Phase 17.798ms
[34.685s][info][gc,phases,start] GC(96) Summary Phase
[34.685s][info][gc,phases      ] GC(96) Summary Phase 0.010ms
[34.685s][info][gc,phases,start] GC(96) Adjust Roots
[34.693s][info][gc,phases      ] GC(96) Adjust Roots 7.632ms
[34.693s][info][gc,phases,start] GC(96) Compaction Phase
[34.698s][info][gc,phases      ] GC(96) Compaction Phase 5.225ms
[34.698s][info][gc,phases,start] GC(96) Post Compact
[34.698s][info][gc,phases      ] GC(96) Post Compact 0.443ms
[34.698s][info][gc,heap        ] GC(96) PSYoungGen: 475K(696320K)->0K(696320K) Eden: 0K(693248K)->0K(693248K) From: 475K(3072K)->0K(3072K)
[34.698s][info][gc,heap        ] GC(96) ParOldGen: 37266K(1398272K)->36922K(1398272K)
[34.698s][info][gc,metaspace   ] GC(96) Metaspace: 93337K(94144K)->93337K(94144K) NonClass: 83524K(83968K)->83524K(83968K) Class: 9812K(10176K)->9812K(10176K)
[34.698s][info][gc             ] GC(96) Pause Full (System.gc()) 36M->36M(2045M) 31.417ms
[34.699s][info][gc,cpu         ] GC(96) User=0.11s Sys=0.00s Real=0.04s
[35.020s][info][gc,start       ] GC(97) Pause Young (Allocation Failure)
[35.021s][info][gc,heap        ] GC(97) PSYoungGen: 693248K(696320K)->1765K(695808K) Eden: 693248K(693248K)->0K(693248K) From: 0K(3072K)->1765K(2560K)
[35.021s][info][gc,heap        ] GC(97) ParOldGen: 36922K(1398272K)->36922K(1398272K)
[35.021s][info][gc,metaspace   ] GC(97) Metaspace: 93340K(94144K)->93340K(94144K) NonClass: 83527K(83968K)->83527K(83968K) Class: 9812K(10176K)->9812K(10176K)
[35.021s][info][gc             ] GC(97) Pause Young (Allocation Failure) 713M->37M(2045M) 1.343ms
[35.021s][info][gc,cpu         ] GC(97) User=0.00s Sys=0.00s Real=0.00s
[35.258s][info][gc,start       ] GC(98) Pause Young (System.gc())
[35.259s][info][gc,heap        ] GC(98) PSYoungGen: 558158K(695808K)->411K(695808K) Eden: 556392K(693248K)->0K(692736K) From: 1765K(2560K)->411K(3072K)
[35.259s][info][gc,heap        ] GC(98) ParOldGen: 36922K(1398272K)->37372K(1398272K)
[35.259s][info][gc,metaspace   ] GC(98) Metaspace: 93341K(94144K)->93341K(94144K) NonClass: 83529K(83968K)->83529K(83968K) Class: 9812K(10176K)->9812K(10176K)
[35.259s][info][gc             ] GC(98) Pause Young (System.gc()) 581M->36M(2045M) 0.903ms
[35.259s][info][gc,cpu         ] GC(98) User=0.00s Sys=0.00s Real=0.00s
[35.259s][info][gc,start       ] GC(99) Pause Full (System.gc())
[35.259s][info][gc,phases,start] GC(99) Marking Phase
[35.276s][info][gc,phases      ] GC(99) Marking Phase 17.099ms
[35.276s][info][gc,phases,start] GC(99) Summary Phase
[35.276s][info][gc,phases      ] GC(99) Summary Phase 0.010ms
[35.276s][info][gc,phases,start] GC(99) Adjust Roots
[35.284s][info][gc,phases      ] GC(99) Adjust Roots 8.271ms
[35.284s][info][gc,phases,start] GC(99) Compaction Phase
[35.290s][info][gc,phases      ] GC(99) Compaction Phase 5.276ms
[35.290s][info][gc,phases,start] GC(99) Post Compact
[35.290s][info][gc,phases      ] GC(99) Post Compact 0.465ms
[35.290s][info][gc,heap        ] GC(99) PSYoungGen: 411K(695808K)->0K(695808K) Eden: 0K(692736K)->0K(692736K) From: 411K(3072K)->0K(3072K)
[35.290s][info][gc,heap        ] GC(99) ParOldGen: 37372K(1398272K)->37027K(1398272K)
[35.290s][info][gc,metaspace   ] GC(99) Metaspace: 93341K(94144K)->93341K(94144K) NonClass: 83529K(83968K)->83529K(83968K) Class: 9812K(10176K)->9812K(10176K)
[35.290s][info][gc             ] GC(99) Pause Full (System.gc()) 36M->36M(2045M) 31.418ms
[35.290s][info][gc,cpu         ] GC(99) User=0.11s Sys=0.00s Real=0.04s
[35.607s][info][gc,start       ] GC(100) Pause Young (Allocation Failure)
[35.608s][info][gc,heap        ] GC(100) PSYoungGen: 688855K(695808K)->1462K(695808K) Eden: 688855K(692736K)->0K(692736K) From: 0K(3072K)->1462K(3072K)
[35.608s][info][gc,heap        ] GC(100) ParOldGen: 37027K(1398272K)->37027K(1398272K)
[35.608s][info][gc,metaspace   ] GC(100) Metaspace: 93341K(94144K)->93341K(94144K) NonClass: 83529K(83968K)->83529K(83968K) Class: 9812K(10176K)->9812K(10176K)
[35.608s][info][gc             ] GC(100) Pause Young (Allocation Failure) 708M->37M(2045M) 0.983ms
[35.608s][info][gc,cpu         ] GC(100) User=0.00s Sys=0.00s Real=0.00s
[35.850s][info][gc,start       ] GC(101) Pause Young (System.gc())
[35.851s][info][gc,heap        ] GC(101) PSYoungGen: 567007K(695808K)->428K(695808K) Eden: 565544K(692736K)->0K(692736K) From: 1462K(3072K)->428K(3072K)
[35.851s][info][gc,heap        ] GC(101) ParOldGen: 37027K(1398272K)->37479K(1398272K)
[35.851s][info][gc,metaspace   ] GC(101) Metaspace: 93341K(94144K)->93341K(94144K) NonClass: 83529K(83968K)->83529K(83968K) Class: 9812K(10176K)->9812K(10176K)
[35.851s][info][gc             ] GC(101) Pause Young (System.gc()) 589M->37M(2045M) 0.881ms
[35.851s][info][gc,cpu         ] GC(101) User=0.00s Sys=0.00s Real=0.00s
[35.851s][info][gc,start       ] GC(102) Pause Full (System.gc())
[35.851s][info][gc,phases,start] GC(102) Marking Phase
[35.868s][info][gc,phases      ] GC(102) Marking Phase 17.610ms
[35.868s][info][gc,phases,start] GC(102) Summary Phase
[35.868s][info][gc,phases      ] GC(102) Summary Phase 0.010ms
[35.868s][info][gc,phases,start] GC(102) Adjust Roots
[35.877s][info][gc,phases      ] GC(102) Adjust Roots 8.326ms
[35.877s][info][gc,phases,start] GC(102) Compaction Phase
[35.883s][info][gc,phases      ] GC(102) Compaction Phase 5.811ms
[35.883s][info][gc,phases,start] GC(102) Post Compact
[35.883s][info][gc,phases      ] GC(102) Post Compact 0.467ms
[35.883s][info][gc,heap        ] GC(102) PSYoungGen: 428K(695808K)->0K(695808K) Eden: 0K(692736K)->0K(692736K) From: 428K(3072K)->0K(3072K)
[35.883s][info][gc,heap        ] GC(102) ParOldGen: 37479K(1398272K)->37132K(1398272K)
[35.883s][info][gc,metaspace   ] GC(102) Metaspace: 93341K(94144K)->93341K(94144K) NonClass: 83529K(83968K)->83529K(83968K) Class: 9812K(10176K)->9812K(10176K)
[35.883s][info][gc             ] GC(102) Pause Full (System.gc()) 37M->36M(2045M) 32.524ms
[35.883s][info][gc,cpu         ] GC(102) User=0.03s Sys=0.00s Real=0.03s
[36.200s][info][gc,start       ] GC(103) Pause Young (Allocation Failure)
[36.201s][info][gc,heap        ] GC(103) PSYoungGen: 692626K(695808K)->1526K(695808K) Eden: 692626K(692736K)->0K(692736K) From: 0K(3072K)->1526K(3072K)
[36.201s][info][gc,heap        ] GC(103) ParOldGen: 37132K(1398272K)->37132K(1398272K)
[36.201s][info][gc,metaspace   ] GC(103) Metaspace: 93345K(94144K)->93345K(94144K) NonClass: 83533K(83968K)->83533K(83968K) Class: 9812K(10176K)->9812K(10176K)
[36.201s][info][gc             ] GC(103) Pause Young (Allocation Failure) 712M->37M(2045M) 1.227ms
[36.201s][info][gc,cpu         ] GC(103) User=0.00s Sys=0.00s Real=0.00s
[36.439s][info][gc,start       ] GC(104) Pause Young (System.gc())
[36.439s][info][gc,heap        ] GC(104) PSYoungGen: 559183K(695808K)->443K(695808K) Eden: 557656K(692736K)->0K(692736K) From: 1526K(3072K)->443K(3072K)
[36.440s][info][gc,heap        ] GC(104) ParOldGen: 37132K(1398272K)->37588K(1398272K)
[36.440s][info][gc,metaspace   ] GC(104) Metaspace: 93345K(94144K)->93345K(94144K) NonClass: 83533K(83968K)->83533K(83968K) Class: 9812K(10176K)->9812K(10176K)
[36.440s][info][gc             ] GC(104) Pause Young (System.gc()) 582M->37M(2045M) 0.936ms
[36.440s][info][gc,cpu         ] GC(104) User=0.00s Sys=0.00s Real=0.00s
[36.440s][info][gc,start       ] GC(105) Pause Full (System.gc())
[36.440s][info][gc,phases,start] GC(105) Marking Phase
[36.458s][info][gc,phases      ] GC(105) Marking Phase 17.994ms
[36.458s][info][gc,phases,start] GC(105) Summary Phase
[36.458s][info][gc,phases      ] GC(105) Summary Phase 0.010ms
[36.458s][info][gc,phases,start] GC(105) Adjust Roots
[36.465s][info][gc,phases      ] GC(105) Adjust Roots 7.568ms
[36.465s][info][gc,phases,start] GC(105) Compaction Phase
[36.471s][info][gc,phases      ] GC(105) Compaction Phase 5.866ms
[36.471s][info][gc,phases,start] GC(105) Post Compact
[36.472s][info][gc,phases      ] GC(105) Post Compact 0.522ms
[36.472s][info][gc,heap        ] GC(105) PSYoungGen: 443K(695808K)->0K(695808K) Eden: 0K(692736K)->0K(692736K) From: 443K(3072K)->0K(3072K)
[36.472s][info][gc,heap        ] GC(105) ParOldGen: 37588K(1398272K)->37236K(1398272K)
[36.472s][info][gc,metaspace   ] GC(105) Metaspace: 93345K(94144K)->93345K(94144K) NonClass: 83533K(83968K)->83533K(83968K) Class: 9812K(10176K)->9812K(10176K)
[36.472s][info][gc             ] GC(105) Pause Full (System.gc()) 37M->36M(2045M) 32.302ms
[36.472s][info][gc,cpu         ] GC(105) User=0.11s Sys=0.00s Real=0.03s
[36.790s][info][gc,start       ] GC(106) Pause Young (Allocation Failure)
[36.791s][info][gc,heap        ] GC(106) PSYoungGen: 692665K(695808K)->1526K(695808K) Eden: 692665K(692736K)->0K(692736K) From: 0K(3072K)->1526K(3072K)
[36.791s][info][gc,heap        ] GC(106) ParOldGen: 37236K(1398272K)->37236K(1398272K)
[36.791s][info][gc,metaspace   ] GC(106) Metaspace: 93350K(94144K)->93350K(94144K) NonClass: 83538K(83968K)->83538K(83968K) Class: 9812K(10176K)->9812K(10176K)
[36.791s][info][gc             ] GC(106) Pause Young (Allocation Failure) 712M->37M(2045M) 1.210ms
[36.791s][info][gc,cpu         ] GC(106) User=0.00s Sys=0.00s Real=0.00s
[37.029s][info][gc,start       ] GC(107) Pause Young (System.gc())
[37.030s][info][gc,heap        ] GC(107) PSYoungGen: 559901K(695808K)->475K(696320K) Eden: 558375K(692736K)->0K(693248K) From: 1526K(3072K)->475K(3072K)
[37.030s][info][gc,heap        ] GC(107) ParOldGen: 37236K(1398272K)->37684K(1398272K)
[37.030s][info][gc,metaspace   ] GC(107) Metaspace: 93350K(94144K)->93350K(94144K) NonClass: 83538K(83968K)->83538K(83968K) Class: 9812K(10176K)->9812K(10176K)
[37.030s][info][gc             ] GC(107) Pause Young (System.gc()) 583M->37M(2045M) 0.845ms
[37.030s][info][gc,cpu         ] GC(107) User=0.00s Sys=0.00s Real=0.00s
[37.030s][info][gc,start       ] GC(108) Pause Full (System.gc())
[37.030s][info][gc,phases,start] GC(108) Marking Phase
[37.047s][info][gc,phases      ] GC(108) Marking Phase 17.311ms
[37.047s][info][gc,phases,start] GC(108) Summary Phase
[37.047s][info][gc,phases      ] GC(108) Summary Phase 0.010ms
[37.047s][info][gc,phases,start] GC(108) Adjust Roots
[37.055s][info][gc,phases      ] GC(108) Adjust Roots 7.371ms
[37.055s][info][gc,phases,start] GC(108) Compaction Phase
[37.060s][info][gc,phases      ] GC(108) Compaction Phase 5.519ms
[37.060s][info][gc,phases,start] GC(108) Post Compact
[37.061s][info][gc,phases      ] GC(108) Post Compact 0.417ms
[37.061s][info][gc,heap        ] GC(108) PSYoungGen: 475K(696320K)->0K(696320K) Eden: 0K(693248K)->0K(693248K) From: 475K(3072K)->0K(3072K)
[37.061s][info][gc,heap        ] GC(108) ParOldGen: 37684K(1398272K)->37343K(1398272K)
[37.061s][info][gc,metaspace   ] GC(108) Metaspace: 93350K(94144K)->93350K(94144K) NonClass: 83538K(83968K)->83538K(83968K) Class: 9812K(10176K)->9812K(10176K)
[37.061s][info][gc             ] GC(108) Pause Full (System.gc()) 37M->36M(2045M) 30.905ms
[37.061s][info][gc,cpu         ] GC(108) User=0.09s Sys=0.02s Real=0.04s
[37.378s][info][gc,start       ] GC(109) Pause Young (Allocation Failure)
[37.379s][info][gc,heap        ] GC(109) PSYoungGen: 693247K(696320K)->1558K(695808K) Eden: 693247K(693248K)->0K(693248K) From: 0K(3072K)->1558K(2560K)
[37.379s][info][gc,heap        ] GC(109) ParOldGen: 37343K(1398272K)->37343K(1398272K)
[37.379s][info][gc,metaspace   ] GC(109) Metaspace: 93350K(94144K)->93350K(94144K) NonClass: 83538K(83968K)->83538K(83968K) Class: 9812K(10176K)->9812K(10176K)
[37.379s][info][gc             ] GC(109) Pause Young (Allocation Failure) 713M->37M(2045M) 1.247ms
[37.379s][info][gc,cpu         ] GC(109) User=0.00s Sys=0.00s Real=0.00s
[37.616s][info][gc,start       ] GC(110) Pause Young (System.gc())
[37.617s][info][gc,heap        ] GC(110) PSYoungGen: 560198K(695808K)->492K(696320K) Eden: 558639K(693248K)->0K(693248K) From: 1558K(2560K)->492K(3072K)
[37.617s][info][gc,heap        ] GC(110) ParOldGen: 37343K(1398272K)->37832K(1398272K)
[37.617s][info][gc,metaspace   ] GC(110) Metaspace: 93350K(94144K)->93350K(94144K) NonClass: 83538K(83968K)->83538K(83968K) Class: 9812K(10176K)->9812K(10176K)
[37.617s][info][gc             ] GC(110) Pause Young (System.gc()) 583M->37M(2045M) 1.385ms
[37.617s][info][gc,cpu         ] GC(110) User=0.00s Sys=0.00s Real=0.00s
[37.617s][info][gc,start       ] GC(111) Pause Full (System.gc())
[37.617s][info][gc,phases,start] GC(111) Marking Phase
[37.636s][info][gc,phases      ] GC(111) Marking Phase 18.506ms
[37.636s][info][gc,phases,start] GC(111) Summary Phase
[37.636s][info][gc,phases      ] GC(111) Summary Phase 0.010ms
[37.636s][info][gc,phases,start] GC(111) Adjust Roots
[37.644s][info][gc,phases      ] GC(111) Adjust Roots 8.178ms
[37.644s][info][gc,phases,start] GC(111) Compaction Phase
[37.651s][info][gc,phases      ] GC(111) Compaction Phase 6.451ms
[37.651s][info][gc,phases,start] GC(111) Post Compact
[37.651s][info][gc,phases      ] GC(111) Post Compact 0.336ms
[37.651s][info][gc,heap        ] GC(111) PSYoungGen: 492K(696320K)->0K(696320K) Eden: 0K(693248K)->0K(693248K) From: 492K(3072K)->0K(3072K)
[37.651s][info][gc,heap        ] GC(111) ParOldGen: 37832K(1398272K)->37482K(1398272K)
[37.651s][info][gc,metaspace   ] GC(111) Metaspace: 93350K(94144K)->93350K(94144K) NonClass: 83538K(83968K)->83538K(83968K) Class: 9812K(10176K)->9812K(10176K)
[37.651s][info][gc             ] GC(111) Pause Full (System.gc()) 37M->36M(2045M) 33.806ms
[37.651s][info][gc,cpu         ] GC(111) User=0.11s Sys=0.00s Real=0.04s
[37.970s][info][gc,start       ] GC(112) Pause Young (Allocation Failure)
[37.971s][info][gc,heap        ] GC(112) PSYoungGen: 693148K(696320K)->1494K(695808K) Eden: 693148K(693248K)->0K(693248K) From: 0K(3072K)->1494K(2560K)
[37.971s][info][gc,heap        ] GC(112) ParOldGen: 37482K(1398272K)->37482K(1398272K)
[37.971s][info][gc,metaspace   ] GC(112) Metaspace: 93362K(94144K)->93362K(94144K) NonClass: 83550K(83968K)->83550K(83968K) Class: 9812K(10176K)->9812K(10176K)
[37.971s][info][gc             ] GC(112) Pause Young (Allocation Failure) 713M->38M(2045M) 1.186ms
[37.971s][info][gc,cpu         ] GC(112) User=0.00s Sys=0.00s Real=0.00s
[38.207s][info][gc,start       ] GC(113) Pause Young (System.gc())
[38.208s][info][gc,heap        ] GC(113) PSYoungGen: 560316K(695808K)->467K(696320K) Eden: 558822K(693248K)->0K(693248K) From: 1494K(2560K)->467K(3072K)
[38.208s][info][gc,heap        ] GC(113) ParOldGen: 37482K(1398272K)->37938K(1398272K)
[38.208s][info][gc,metaspace   ] GC(113) Metaspace: 93362K(94144K)->93362K(94144K) NonClass: 83550K(83968K)->83550K(83968K) Class: 9812K(10176K)->9812K(10176K)
[38.208s][info][gc             ] GC(113) Pause Young (System.gc()) 583M->37M(2045M) 0.840ms
[38.208s][info][gc,cpu         ] GC(113) User=0.00s Sys=0.00s Real=0.00s
[38.208s][info][gc,start       ] GC(114) Pause Full (System.gc())
[38.208s][info][gc,phases,start] GC(114) Marking Phase
[38.226s][info][gc,phases      ] GC(114) Marking Phase 17.906ms
[38.226s][info][gc,phases,start] GC(114) Summary Phase
[38.226s][info][gc,phases      ] GC(114) Summary Phase 0.010ms
[38.226s][info][gc,phases,start] GC(114) Adjust Roots
[38.234s][info][gc,phases      ] GC(114) Adjust Roots 7.891ms
[38.234s][info][gc,phases,start] GC(114) Compaction Phase
[38.239s][info][gc,phases      ] GC(114) Compaction Phase 5.272ms
[38.239s][info][gc,phases,start] GC(114) Post Compact
[38.240s][info][gc,phases      ] GC(114) Post Compact 0.437ms
[38.240s][info][gc,heap        ] GC(114) PSYoungGen: 467K(696320K)->0K(696320K) Eden: 0K(693248K)->0K(693248K) From: 467K(3072K)->0K(3072K)
[38.240s][info][gc,heap        ] GC(114) ParOldGen: 37938K(1398272K)->37588K(1398272K)
[38.240s][info][gc,metaspace   ] GC(114) Metaspace: 93362K(94144K)->93362K(94144K) NonClass: 83550K(83968K)->83550K(83968K) Class: 9812K(10176K)->9812K(10176K)
[38.240s][info][gc             ] GC(114) Pause Full (System.gc()) 37M->36M(2045M) 31.825ms
[38.240s][info][gc,cpu         ] GC(114) User=0.03s Sys=0.00s Real=0.03s
[38.557s][info][gc,start       ] GC(115) Pause Young (Allocation Failure)
[38.558s][info][gc,heap        ] GC(115) PSYoungGen: 693232K(696320K)->1494K(695808K) Eden: 693232K(693248K)->0K(693248K) From: 0K(3072K)->1494K(2560K)
[38.558s][info][gc,heap        ] GC(115) ParOldGen: 37588K(1398272K)->37588K(1398272K)
[38.558s][info][gc,metaspace   ] GC(115) Metaspace: 93366K(94144K)->93366K(94144K) NonClass: 83554K(83968K)->83554K(83968K) Class: 9812K(10176K)->9812K(10176K)
[38.558s][info][gc             ] GC(115) Pause Young (Allocation Failure) 713M->38M(2045M) 1.229ms
[38.558s][info][gc,cpu         ] GC(115) User=0.00s Sys=0.00s Real=0.00s
[38.794s][info][gc,start       ] GC(116) Pause Young (System.gc())
[38.795s][info][gc,heap        ] GC(116) PSYoungGen: 560155K(695808K)->467K(696320K) Eden: 558661K(693248K)->0K(693760K) From: 1494K(2560K)->467K(2560K)
[38.795s][info][gc,heap        ] GC(116) ParOldGen: 37588K(1398272K)->38032K(1398272K)
[38.795s][info][gc,metaspace   ] GC(116) Metaspace: 93371K(94144K)->93371K(94144K) NonClass: 83558K(83968K)->83558K(83968K) Class: 9813K(10176K)->9813K(10176K)
[38.795s][info][gc             ] GC(116) Pause Young (System.gc()) 583M->37M(2045M) 0.956ms
[38.795s][info][gc,cpu         ] GC(116) User=0.00s Sys=0.00s Real=0.00s
[38.795s][info][gc,start       ] GC(117) Pause Full (System.gc())
[38.795s][info][gc,phases,start] GC(117) Marking Phase
[38.813s][info][gc,phases      ] GC(117) Marking Phase 17.570ms
[38.813s][info][gc,phases,start] GC(117) Summary Phase
[38.813s][info][gc,phases      ] GC(117) Summary Phase 0.010ms
[38.813s][info][gc,phases,start] GC(117) Adjust Roots
[38.821s][info][gc,phases      ] GC(117) Adjust Roots 7.752ms
[38.821s][info][gc,phases,start] GC(117) Compaction Phase
[38.827s][info][gc,phases      ] GC(117) Compaction Phase 5.831ms
[38.827s][info][gc,phases,start] GC(117) Post Compact
[38.827s][info][gc,phases      ] GC(117) Post Compact 0.483ms
[38.827s][info][gc,heap        ] GC(117) PSYoungGen: 467K(696320K)->0K(696320K) Eden: 0K(693760K)->0K(693760K) From: 467K(2560K)->0K(2560K)
[38.827s][info][gc,heap        ] GC(117) ParOldGen: 38032K(1398272K)->37696K(1398272K)
[38.827s][info][gc,metaspace   ] GC(117) Metaspace: 93371K(94144K)->93371K(94144K) NonClass: 83558K(83968K)->83558K(83968K) Class: 9813K(10176K)->9813K(10176K)
[38.827s][info][gc             ] GC(117) Pause Full (System.gc()) 37M->36M(2045M) 31.942ms
[38.827s][info][gc,cpu         ] GC(117) User=0.11s Sys=0.00s Real=0.03s
[39.141s][info][gc,start       ] GC(118) Pause Young (Allocation Failure)
[39.142s][info][gc,heap        ] GC(118) PSYoungGen: 690478K(696320K)->1366K(696320K) Eden: 690478K(693760K)->0K(693760K) From: 0K(2560K)->1366K(2560K)
[39.142s][info][gc,heap        ] GC(118) ParOldGen: 37696K(1398272K)->37696K(1398272K)
[39.142s][info][gc,metaspace   ] GC(118) Metaspace: 93374K(94144K)->93374K(94144K) NonClass: 83560K(83968K)->83560K(83968K) Class: 9813K(10176K)->9813K(10176K)
[39.142s][info][gc             ] GC(118) Pause Young (Allocation Failure) 711M->38M(2045M) 0.958ms
[39.142s][info][gc,cpu         ] GC(118) User=0.00s Sys=0.00s Real=0.00s
[39.382s][info][gc,start       ] GC(119) Pause Young (System.gc())
[39.383s][info][gc,heap        ] GC(119) PSYoungGen: 569414K(696320K)->524K(696320K) Eden: 568048K(693760K)->0K(693760K) From: 1366K(2560K)->524K(2560K)
[39.383s][info][gc,heap        ] GC(119) ParOldGen: 37696K(1398272K)->38147K(1398272K)
[39.383s][info][gc,metaspace   ] GC(119) Metaspace: 93415K(94144K)->93415K(94144K) NonClass: 83592K(83968K)->83592K(83968K) Class: 9822K(10176K)->9822K(10176K)
[39.383s][info][gc             ] GC(119) Pause Young (System.gc()) 592M->37M(2045M) 0.960ms
[39.383s][info][gc,cpu         ] GC(119) User=0.00s Sys=0.00s Real=0.00s
[39.383s][info][gc,start       ] GC(120) Pause Full (System.gc())
[39.383s][info][gc,phases,start] GC(120) Marking Phase
[39.401s][info][gc,phases      ] GC(120) Marking Phase 17.085ms
[39.401s][info][gc,phases,start] GC(120) Summary Phase
[39.401s][info][gc,phases      ] GC(120) Summary Phase 0.011ms
[39.401s][info][gc,phases,start] GC(120) Adjust Roots
[39.408s][info][gc,phases      ] GC(120) Adjust Roots 7.811ms
[39.409s][info][gc,phases,start] GC(120) Compaction Phase
[39.415s][info][gc,phases      ] GC(120) Compaction Phase 6.146ms
[39.415s][info][gc,phases,start] GC(120) Post Compact
[39.415s][info][gc,phases      ] GC(120) Post Compact 0.485ms
[39.415s][info][gc,heap        ] GC(120) PSYoungGen: 524K(696320K)->0K(696320K) Eden: 0K(693760K)->0K(693760K) From: 524K(2560K)->0K(2560K)
[39.415s][info][gc,heap        ] GC(120) ParOldGen: 38147K(1398272K)->37731K(1398272K)
[39.415s][info][gc,metaspace   ] GC(120) Metaspace: 93415K(94144K)->93415K(94144K) NonClass: 83592K(83968K)->83592K(83968K) Class: 9822K(10176K)->9822K(10176K)
[39.415s][info][gc             ] GC(120) Pause Full (System.gc()) 37M->36M(2045M) 31.850ms
[39.415s][info][gc,cpu         ] GC(120) User=0.02s Sys=0.00s Real=0.03s
[39.734s][info][gc,start       ] GC(121) Pause Young (Allocation Failure)
[39.736s][info][gc,heap        ] GC(121) PSYoungGen: 693760K(696320K)->1398K(696320K) Eden: 693760K(693760K)->0K(693760K) From: 0K(2560K)->1398K(2560K)
[39.736s][info][gc,heap        ] GC(121) ParOldGen: 37731K(1398272K)->37731K(1398272K)
[39.736s][info][gc,metaspace   ] GC(121) Metaspace: 93415K(94144K)->93415K(94144K) NonClass: 83592K(83968K)->83592K(83968K) Class: 9822K(10176K)->9822K(10176K)
[39.736s][info][gc             ] GC(121) Pause Young (Allocation Failure) 714M->38M(2045M) 1.311ms
[39.736s][info][gc,cpu         ] GC(121) User=0.00s Sys=0.00s Real=0.00s
[39.972s][info][gc,start       ] GC(122) Pause Young (System.gc())
[39.973s][info][gc,heap        ] GC(122) PSYoungGen: 557195K(696320K)->467K(696320K) Eden: 555796K(693760K)->0K(693760K) From: 1398K(2560K)->467K(2560K)
[39.973s][info][gc,heap        ] GC(122) ParOldGen: 37731K(1398272K)->38187K(1398272K)
[39.973s][info][gc,metaspace   ] GC(122) Metaspace: 93416K(94144K)->93416K(94144K) NonClass: 83593K(83968K)->83593K(83968K) Class: 9822K(10176K)->9822K(10176K)
[39.973s][info][gc             ] GC(122) Pause Young (System.gc()) 580M->37M(2045M) 0.892ms
[39.973s][info][gc,cpu         ] GC(122) User=0.00s Sys=0.00s Real=0.00s
[39.973s][info][gc,start       ] GC(123) Pause Full (System.gc())
[39.973s][info][gc,phases,start] GC(123) Marking Phase
[39.991s][info][gc,phases      ] GC(123) Marking Phase 18.172ms
[39.991s][info][gc,phases,start] GC(123) Summary Phase
[39.991s][info][gc,phases      ] GC(123) Summary Phase 0.010ms
[39.991s][info][gc,phases,start] GC(123) Adjust Roots
[39.999s][info][gc,phases      ] GC(123) Adjust Roots 8.098ms
[39.999s][info][gc,phases,start] GC(123) Compaction Phase
[40.006s][info][gc,phases      ] GC(123) Compaction Phase 6.513ms
[40.006s][info][gc,phases,start] GC(123) Post Compact
[40.006s][info][gc,phases      ] GC(123) Post Compact 0.349ms
[40.006s][info][gc,heap        ] GC(123) PSYoungGen: 467K(696320K)->0K(696320K) Eden: 0K(693760K)->0K(693760K) From: 467K(2560K)->0K(2560K)
[40.006s][info][gc,heap        ] GC(123) ParOldGen: 38187K(1398272K)->37835K(1398272K)
[40.006s][info][gc,metaspace   ] GC(123) Metaspace: 93416K(94144K)->93416K(94144K) NonClass: 83593K(83968K)->83593K(83968K) Class: 9822K(10176K)->9822K(10176K)
[40.006s][info][gc             ] GC(123) Pause Full (System.gc()) 37M->36M(2045M) 33.429ms
[40.006s][info][gc,cpu         ] GC(123) User=0.03s Sys=0.00s Real=0.04s
[40.324s][info][gc,start       ] GC(124) Pause Young (Allocation Failure)
[40.326s][info][gc,heap        ] GC(124) PSYoungGen: 693760K(696320K)->1358K(696320K) Eden: 693760K(693760K)->0K(693760K) From: 0K(2560K)->1358K(2560K)
[40.326s][info][gc,heap        ] GC(124) ParOldGen: 37835K(1398272K)->37835K(1398272K)
[40.326s][info][gc,metaspace   ] GC(124) Metaspace: 93416K(94144K)->93416K(94144K) NonClass: 83593K(83968K)->83593K(83968K) Class: 9822K(10176K)->9822K(10176K)
[40.326s][info][gc             ] GC(124) Pause Young (Allocation Failure) 714M->38M(2045M) 1.839ms
[40.326s][info][gc,cpu         ] GC(124) User=0.00s Sys=0.00s Real=0.01s
[40.566s][info][gc,start       ] GC(125) Pause Young (System.gc())
[40.567s][info][gc,heap        ] GC(125) PSYoungGen: 558742K(696320K)->435K(696320K) Eden: 557384K(693760K)->0K(693760K) From: 1358K(2560K)->435K(2560K)
[40.567s][info][gc,heap        ] GC(125) ParOldGen: 37835K(1398272K)->38291K(1398272K)
[40.567s][info][gc,metaspace   ] GC(125) Metaspace: 93416K(94144K)->93416K(94144K) NonClass: 83593K(83968K)->83593K(83968K) Class: 9822K(10176K)->9822K(10176K)
[40.567s][info][gc             ] GC(125) Pause Young (System.gc()) 582M->37M(2045M) 0.994ms
[40.567s][info][gc,cpu         ] GC(125) User=0.00s Sys=0.00s Real=0.00s
[40.567s][info][gc,start       ] GC(126) Pause Full (System.gc())
[40.567s][info][gc,phases,start] GC(126) Marking Phase
[40.585s][info][gc,phases      ] GC(126) Marking Phase 17.533ms
[40.585s][info][gc,phases,start] GC(126) Summary Phase
[40.585s][info][gc,phases      ] GC(126) Summary Phase 0.009ms
[40.585s][info][gc,phases,start] GC(126) Adjust Roots
[40.593s][info][gc,phases      ] GC(126) Adjust Roots 8.084ms
[40.593s][info][gc,phases,start] GC(126) Compaction Phase
[40.598s][info][gc,phases      ] GC(126) Compaction Phase 5.150ms
[40.598s][info][gc,phases,start] GC(126) Post Compact
[40.599s][info][gc,phases      ] GC(126) Post Compact 0.484ms
[40.599s][info][gc,heap        ] GC(126) PSYoungGen: 435K(696320K)->0K(696320K) Eden: 0K(693760K)->0K(693760K) From: 435K(2560K)->0K(2560K)
[40.599s][info][gc,heap        ] GC(126) ParOldGen: 38291K(1398272K)->37941K(1398272K)
[40.599s][info][gc,metaspace   ] GC(126) Metaspace: 93416K(94144K)->93416K(94144K) NonClass: 83593K(83968K)->83593K(83968K) Class: 9822K(10176K)->9822K(10176K)
[40.599s][info][gc             ] GC(126) Pause Full (System.gc()) 37M->37M(2045M) 31.589ms
[40.599s][info][gc,cpu         ] GC(126) User=0.03s Sys=0.00s Real=0.03s
[40.915s][info][gc,start       ] GC(127) Pause Young (Allocation Failure)
[40.917s][info][gc,heap        ] GC(127) PSYoungGen: 689923K(696320K)->1470K(696320K) Eden: 689923K(693760K)->0K(693760K) From: 0K(2560K)->1470K(2560K)
[40.917s][info][gc,heap        ] GC(127) ParOldGen: 37941K(1398272K)->37941K(1398272K)
[40.917s][info][gc,metaspace   ] GC(127) Metaspace: 93416K(94144K)->93416K(94144K) NonClass: 83593K(83968K)->83593K(83968K) Class: 9822K(10176K)->9822K(10176K)
[40.917s][info][gc             ] GC(127) Pause Young (Allocation Failure) 710M->38M(2045M) 1.262ms
[40.917s][info][gc,cpu         ] GC(127) User=0.00s Sys=0.00s Real=0.00s
[41.155s][info][gc,start       ] GC(128) Pause Young (System.gc())
[41.156s][info][gc,heap        ] GC(128) PSYoungGen: 566550K(696320K)->467K(696320K) Eden: 565080K(693760K)->0K(693760K) From: 1470K(2560K)->467K(2560K)
[41.156s][info][gc,heap        ] GC(128) ParOldGen: 37941K(1398272K)->38403K(1398272K)
[41.156s][info][gc,metaspace   ] GC(128) Metaspace: 93416K(94144K)->93416K(94144K) NonClass: 83593K(83968K)->83593K(83968K) Class: 9822K(10176K)->9822K(10176K)
[41.156s][info][gc             ] GC(128) Pause Young (System.gc()) 590M->37M(2045M) 0.816ms
[41.156s][info][gc,cpu         ] GC(128) User=0.09s Sys=0.00s Real=0.00s
[41.156s][info][gc,start       ] GC(129) Pause Full (System.gc())
[41.156s][info][gc,phases,start] GC(129) Marking Phase
[41.174s][info][gc,phases      ] GC(129) Marking Phase 17.975ms
[41.174s][info][gc,phases,start] GC(129) Summary Phase
[41.174s][info][gc,phases      ] GC(129) Summary Phase 0.010ms
[41.174s][info][gc,phases,start] GC(129) Adjust Roots
[41.182s][info][gc,phases      ] GC(129) Adjust Roots 8.081ms
[41.182s][info][gc,phases,start] GC(129) Compaction Phase
[41.188s][info][gc,phases      ] GC(129) Compaction Phase 6.248ms
[41.188s][info][gc,phases,start] GC(129) Post Compact
[41.189s][info][gc,phases      ] GC(129) Post Compact 0.388ms
[41.189s][info][gc,heap        ] GC(129) PSYoungGen: 467K(696320K)->0K(696320K) Eden: 0K(693760K)->0K(693760K) From: 467K(2560K)->0K(2560K)
[41.189s][info][gc,heap        ] GC(129) ParOldGen: 38403K(1398272K)->38047K(1398272K)
[41.189s][info][gc,metaspace   ] GC(129) Metaspace: 93416K(94144K)->93416K(94144K) NonClass: 83593K(83968K)->83593K(83968K) Class: 9822K(10176K)->9822K(10176K)
[41.189s][info][gc             ] GC(129) Pause Full (System.gc()) 37M->37M(2045M) 32.983ms
[41.189s][info][gc,cpu         ] GC(129) User=0.09s Sys=0.02s Real=0.04s
[41.504s][info][gc,start       ] GC(130) Pause Young (Allocation Failure)
[41.506s][info][gc,heap        ] GC(130) PSYoungGen: 693760K(696320K)->1754K(696320K) Eden: 693760K(693760K)->0K(693760K) From: 0K(2560K)->1754K(2560K)
[41.506s][info][gc,heap        ] GC(130) ParOldGen: 38047K(1398272K)->38047K(1398272K)
[41.506s][info][gc,metaspace   ] GC(130) Metaspace: 93416K(94144K)->93416K(94144K) NonClass: 83593K(83968K)->83593K(83968K) Class: 9822K(10176K)->9822K(10176K)
[41.506s][info][gc             ] GC(130) Pause Young (Allocation Failure) 714M->38M(2045M) 1.453ms
[41.506s][info][gc,cpu         ] GC(130) User=0.00s Sys=0.00s Real=0.00s
[41.739s][info][gc,start       ] GC(131) Pause Young (System.gc())
[41.739s][info][gc,heap        ] GC(131) PSYoungGen: 558669K(696320K)->460K(696320K) Eden: 556914K(693760K)->0K(693760K) From: 1754K(2560K)->460K(2560K)
[41.739s][info][gc,heap        ] GC(131) ParOldGen: 38047K(1398272K)->38512K(1398272K)
[41.739s][info][gc,metaspace   ] GC(131) Metaspace: 93417K(94144K)->93417K(94144K) NonClass: 83594K(83968K)->83594K(83968K) Class: 9822K(10176K)->9822K(10176K)
[41.739s][info][gc             ] GC(131) Pause Young (System.gc()) 582M->38M(2045M) 0.860ms
[41.740s][info][gc,cpu         ] GC(131) User=0.00s Sys=0.00s Real=0.00s
[41.740s][info][gc,start       ] GC(132) Pause Full (System.gc())
[41.740s][info][gc,phases,start] GC(132) Marking Phase
[41.758s][info][gc,phases      ] GC(132) Marking Phase 18.723ms
[41.758s][info][gc,phases,start] GC(132) Summary Phase
[41.758s][info][gc,phases      ] GC(132) Summary Phase 0.009ms
[41.758s][info][gc,phases,start] GC(132) Adjust Roots
[41.767s][info][gc,phases      ] GC(132) Adjust Roots 8.145ms
[41.767s][info][gc,phases,start] GC(132) Compaction Phase
[41.772s][info][gc,phases      ] GC(132) Compaction Phase 5.790ms
[41.772s][info][gc,phases,start] GC(132) Post Compact
[41.773s][info][gc,phases      ] GC(132) Post Compact 0.362ms
[41.773s][info][gc,heap        ] GC(132) PSYoungGen: 460K(696320K)->0K(696320K) Eden: 0K(693760K)->0K(693760K) From: 460K(2560K)->0K(2560K)
[41.773s][info][gc,heap        ] GC(132) ParOldGen: 38512K(1398272K)->38152K(1398272K)
[41.773s][info][gc,metaspace   ] GC(132) Metaspace: 93417K(94144K)->93417K(94144K) NonClass: 83594K(83968K)->83594K(83968K) Class: 9822K(10176K)->9822K(10176K)
[41.773s][info][gc             ] GC(132) Pause Full (System.gc()) 38M->37M(2045M) 33.298ms
[41.773s][info][gc,cpu         ] GC(132) User=0.03s Sys=0.00s Real=0.04s
[42.089s][info][gc,start       ] GC(133) Pause Young (Allocation Failure)
[42.091s][info][gc,heap        ] GC(133) PSYoungGen: 693618K(696320K)->1501K(696320K) Eden: 693618K(693760K)->0K(693760K) From: 0K(2560K)->1501K(2560K)
[42.091s][info][gc,heap        ] GC(133) ParOldGen: 38152K(1398272K)->38152K(1398272K)
[42.091s][info][gc,metaspace   ] GC(133) Metaspace: 93417K(94144K)->93417K(94144K) NonClass: 83594K(83968K)->83594K(83968K) Class: 9822K(10176K)->9822K(10176K)
[42.091s][info][gc             ] GC(133) Pause Young (Allocation Failure) 714M->38M(2045M) 1.257ms
[42.091s][info][gc,cpu         ] GC(133) User=0.00s Sys=0.00s Real=0.00s
[42.326s][info][gc,start       ] GC(134) Pause Young (System.gc())
[42.327s][info][gc,heap        ] GC(134) PSYoungGen: 560535K(696320K)->411K(696320K) Eden: 559033K(693760K)->0K(693760K) From: 1501K(2560K)->411K(2560K)
[42.327s][info][gc,heap        ] GC(134) ParOldGen: 38152K(1398272K)->38604K(1398272K)
[42.327s][info][gc,metaspace   ] GC(134) Metaspace: 93417K(94144K)->93417K(94144K) NonClass: 83594K(83968K)->83594K(83968K) Class: 9822K(10176K)->9822K(10176K)
[42.327s][info][gc             ] GC(134) Pause Young (System.gc()) 584M->38M(2045M) 1.501ms
[42.327s][info][gc,cpu         ] GC(134) User=0.00s Sys=0.00s Real=0.00s
[42.327s][info][gc,start       ] GC(135) Pause Full (System.gc())
[42.327s][info][gc,phases,start] GC(135) Marking Phase
[42.345s][info][gc,phases      ] GC(135) Marking Phase 18.214ms
[42.346s][info][gc,phases,start] GC(135) Summary Phase
[42.346s][info][gc,phases      ] GC(135) Summary Phase 0.010ms
[42.346s][info][gc,phases,start] GC(135) Adjust Roots
[42.353s][info][gc,phases      ] GC(135) Adjust Roots 7.883ms
[42.354s][info][gc,phases,start] GC(135) Compaction Phase
[42.360s][info][gc,phases      ] GC(135) Compaction Phase 5.992ms
[42.360s][info][gc,phases,start] GC(135) Post Compact
[42.360s][info][gc,phases      ] GC(135) Post Compact 0.349ms
[42.360s][info][gc,heap        ] GC(135) PSYoungGen: 411K(696320K)->0K(696320K) Eden: 0K(693760K)->0K(693760K) From: 411K(2560K)->0K(2560K)
[42.360s][info][gc,heap        ] GC(135) ParOldGen: 38604K(1398272K)->38257K(1398272K)
[42.360s][info][gc,metaspace   ] GC(135) Metaspace: 93417K(94144K)->93417K(94144K) NonClass: 83594K(83968K)->83594K(83968K) Class: 9822K(10176K)->9822K(10176K)
[42.360s][info][gc             ] GC(135) Pause Full (System.gc()) 38M->37M(2045M) 32.753ms
[42.360s][info][gc,cpu         ] GC(135) User=0.06s Sys=0.00s Real=0.03s
[42.673s][info][gc,start       ] GC(136) Pause Young (Allocation Failure)
[42.674s][info][gc,heap        ] GC(136) PSYoungGen: 690336K(696320K)->1430K(696320K) Eden: 690336K(693760K)->0K(693760K) From: 0K(2560K)->1430K(2560K)
[42.674s][info][gc,heap        ] GC(136) ParOldGen: 38257K(1398272K)->38257K(1398272K)
[42.674s][info][gc,metaspace   ] GC(136) Metaspace: 93420K(94208K)->93420K(94208K) NonClass: 83597K(84032K)->83597K(84032K) Class: 9822K(10176K)->9822K(10176K)
[42.674s][info][gc             ] GC(136) Pause Young (Allocation Failure) 711M->38M(2045M) 1.099ms
[42.674s][info][gc,cpu         ] GC(136) User=0.00s Sys=0.00s Real=0.00s
[42.911s][info][gc,start       ] GC(137) Pause Young (System.gc())
[42.912s][info][gc,heap        ] GC(137) PSYoungGen: 566461K(696320K)->588K(696320K) Eden: 565030K(693760K)->0K(693760K) From: 1430K(2560K)->588K(2560K)
[42.912s][info][gc,heap        ] GC(137) ParOldGen: 38257K(1398272K)->38719K(1398272K)
[42.912s][info][gc,metaspace   ] GC(137) Metaspace: 93427K(94208K)->93427K(94208K) NonClass: 83604K(84032K)->83604K(84032K) Class: 9822K(10176K)->9822K(10176K)
[42.912s][info][gc             ] GC(137) Pause Young (System.gc()) 590M->38M(2045M) 0.899ms
[42.912s][info][gc,cpu         ] GC(137) User=0.00s Sys=0.00s Real=0.00s
[42.912s][info][gc,start       ] GC(138) Pause Full (System.gc())
[42.912s][info][gc,phases,start] GC(138) Marking Phase
[42.930s][info][gc,phases      ] GC(138) Marking Phase 18.550ms
[42.930s][info][gc,phases,start] GC(138) Summary Phase
[42.930s][info][gc,phases      ] GC(138) Summary Phase 0.010ms
[42.930s][info][gc,phases,start] GC(138) Adjust Roots
[42.939s][info][gc,phases      ] GC(138) Adjust Roots 8.051ms
[42.939s][info][gc,phases,start] GC(138) Compaction Phase
[42.945s][info][gc,phases      ] GC(138) Compaction Phase 6.634ms
[42.945s][info][gc,phases,start] GC(138) Post Compact
[42.946s][info][gc,phases      ] GC(138) Post Compact 0.468ms
[42.946s][info][gc,heap        ] GC(138) PSYoungGen: 588K(696320K)->0K(696320K) Eden: 0K(693760K)->0K(693760K) From: 588K(2560K)->0K(2560K)
[42.946s][info][gc,heap        ] GC(138) ParOldGen: 38719K(1398272K)->38389K(1398272K)
[42.946s][info][gc,metaspace   ] GC(138) Metaspace: 93427K(94208K)->93427K(94208K) NonClass: 83604K(84032K)->83604K(84032K) Class: 9822K(10176K)->9822K(10176K)
[42.946s][info][gc             ] GC(138) Pause Full (System.gc()) 38M->37M(2045M) 34.006ms
[42.946s][info][gc,cpu         ] GC(138) User=0.03s Sys=0.00s Real=0.03s
[43.258s][info][gc,start       ] GC(139) Pause Young (Allocation Failure)
[43.259s][info][gc,heap        ] GC(139) PSYoungGen: 689776K(696320K)->1438K(696320K) Eden: 689776K(693760K)->0K(693760K) From: 0K(2560K)->1438K(2560K)
[43.259s][info][gc,heap        ] GC(139) ParOldGen: 38389K(1398272K)->38389K(1398272K)
[43.259s][info][gc,metaspace   ] GC(139) Metaspace: 93430K(94208K)->93430K(94208K) NonClass: 83607K(84032K)->83607K(84032K) Class: 9822K(10176K)->9822K(10176K)
[43.259s][info][gc             ] GC(139) Pause Young (Allocation Failure) 711M->38M(2045M) 0.967ms
[43.259s][info][gc,cpu         ] GC(139) User=0.00s Sys=0.00s Real=0.00s
[43.495s][info][gc,start       ] GC(140) Pause Young (System.gc())
[43.496s][info][gc,heap        ] GC(140) PSYoungGen: 565393K(696320K)->475K(696320K) Eden: 563955K(693760K)->0K(693760K) From: 1438K(2560K)->475K(2560K)
[43.496s][info][gc,heap        ] GC(140) ParOldGen: 38389K(1398272K)->38835K(1398272K)
[43.496s][info][gc,metaspace   ] GC(140) Metaspace: 93430K(94208K)->93430K(94208K) NonClass: 83607K(84032K)->83607K(84032K) Class: 9822K(10176K)->9822K(10176K)
[43.496s][info][gc             ] GC(140) Pause Young (System.gc()) 589M->38M(2045M) 0.796ms
[43.496s][info][gc,cpu         ] GC(140) User=0.00s Sys=0.00s Real=0.00s
[43.496s][info][gc,start       ] GC(141) Pause Full (System.gc())
[43.496s][info][gc,phases,start] GC(141) Marking Phase
[43.513s][info][gc,phases      ] GC(141) Marking Phase 17.344ms
[43.513s][info][gc,phases,start] GC(141) Summary Phase
[43.513s][info][gc,phases      ] GC(141) Summary Phase 0.010ms
[43.513s][info][gc,phases,start] GC(141) Adjust Roots
[43.521s][info][gc,phases      ] GC(141) Adjust Roots 8.038ms
[43.521s][info][gc,phases,start] GC(141) Compaction Phase
[43.527s][info][gc,phases      ] GC(141) Compaction Phase 6.155ms
[43.527s][info][gc,phases,start] GC(141) Post Compact
[43.528s][info][gc,phases      ] GC(141) Post Compact 0.433ms
[43.528s][info][gc,heap        ] GC(141) PSYoungGen: 475K(696320K)->0K(696320K) Eden: 0K(693760K)->0K(693760K) From: 475K(2560K)->0K(2560K)
[43.528s][info][gc,heap        ] GC(141) ParOldGen: 38835K(1398272K)->38500K(1398272K)
[43.528s][info][gc,metaspace   ] GC(141) Metaspace: 93430K(94208K)->93430K(94208K) NonClass: 83607K(84032K)->83607K(84032K) Class: 9822K(10176K)->9822K(10176K)
[43.528s][info][gc             ] GC(141) Pause Full (System.gc()) 38M->37M(2045M) 32.345ms
[43.528s][info][gc,cpu         ] GC(141) User=0.11s Sys=0.00s Real=0.03s
[43.842s][info][gc,start       ] GC(142) Pause Young (Allocation Failure)
[43.844s][info][gc,heap        ] GC(142) PSYoungGen: 693760K(696320K)->1494K(696320K) Eden: 693760K(693760K)->0K(693760K) From: 0K(2560K)->1494K(2560K)
[43.844s][info][gc,heap        ] GC(142) ParOldGen: 38500K(1398272K)->38500K(1398272K)
[43.844s][info][gc,metaspace   ] GC(142) Metaspace: 93430K(94208K)->93430K(94208K) NonClass: 83607K(84032K)->83607K(84032K) Class: 9822K(10176K)->9822K(10176K)
[43.844s][info][gc             ] GC(142) Pause Young (Allocation Failure) 715M->39M(2045M) 1.276ms
[43.844s][info][gc,cpu         ] GC(142) User=0.09s Sys=0.00s Real=0.00s
[44.075s][info][gc,start       ] GC(143) Pause Young (System.gc())
[44.076s][info][gc,heap        ] GC(143) PSYoungGen: 556817K(696320K)->428K(696320K) Eden: 555322K(693760K)->0K(693760K) From: 1494K(2560K)->428K(2560K)
[44.076s][info][gc,heap        ] GC(143) ParOldGen: 38500K(1398272K)->38946K(1398272K)
[44.076s][info][gc,metaspace   ] GC(143) Metaspace: 93430K(94208K)->93430K(94208K) NonClass: 83607K(84032K)->83607K(84032K) Class: 9822K(10176K)->9822K(10176K)
[44.076s][info][gc             ] GC(143) Pause Young (System.gc()) 581M->38M(2045M) 0.836ms
[44.076s][info][gc,cpu         ] GC(143) User=0.00s Sys=0.00s Real=0.00s
[44.076s][info][gc,start       ] GC(144) Pause Full (System.gc())
[44.076s][info][gc,phases,start] GC(144) Marking Phase
[44.093s][info][gc,phases      ] GC(144) Marking Phase 17.447ms
[44.093s][info][gc,phases,start] GC(144) Summary Phase
[44.093s][info][gc,phases      ] GC(144) Summary Phase 0.010ms
[44.093s][info][gc,phases,start] GC(144) Adjust Roots
[44.101s][info][gc,phases      ] GC(144) Adjust Roots 7.726ms
[44.101s][info][gc,phases,start] GC(144) Compaction Phase
[44.107s][info][gc,phases      ] GC(144) Compaction Phase 6.258ms
[44.107s][info][gc,phases,start] GC(144) Post Compact
[44.108s][info][gc,phases      ] GC(144) Post Compact 0.482ms
[44.108s][info][gc,heap        ] GC(144) PSYoungGen: 428K(696320K)->0K(696320K) Eden: 0K(693760K)->0K(693760K) From: 428K(2560K)->0K(2560K)
[44.108s][info][gc,heap        ] GC(144) ParOldGen: 38946K(1398272K)->38604K(1398272K)
[44.108s][info][gc,metaspace   ] GC(144) Metaspace: 93430K(94208K)->93430K(94208K) NonClass: 83607K(84032K)->83607K(84032K) Class: 9822K(10176K)->9822K(10176K)
[44.108s][info][gc             ] GC(144) Pause Full (System.gc()) 38M->37M(2045M) 32.231ms
[44.108s][info][gc,cpu         ] GC(144) User=0.11s Sys=0.00s Real=0.04s
[44.417s][info][gc,start       ] GC(145) Pause Young (Allocation Failure)
[44.418s][info][gc,heap        ] GC(145) PSYoungGen: 689753K(696320K)->1407K(696320K) Eden: 689753K(693760K)->0K(693760K) From: 0K(2560K)->1407K(2560K)
[44.418s][info][gc,heap        ] GC(145) ParOldGen: 38604K(1398272K)->38604K(1398272K)
[44.418s][info][gc,metaspace   ] GC(145) Metaspace: 93430K(94208K)->93430K(94208K) NonClass: 83607K(84032K)->83607K(84032K) Class: 9822K(10176K)->9822K(10176K)
[44.418s][info][gc             ] GC(145) Pause Young (Allocation Failure) 711M->39M(2045M) 1.029ms
[44.418s][info][gc,cpu         ] GC(145) User=0.00s Sys=0.00s Real=0.00s
[44.653s][info][gc,start       ] GC(146) Pause Young (System.gc())
[44.654s][info][gc,heap        ] GC(146) PSYoungGen: 566530K(696320K)->460K(696320K) Eden: 565122K(693760K)->0K(693760K) From: 1407K(2560K)->460K(2560K)
[44.654s][info][gc,heap        ] GC(146) ParOldGen: 38604K(1398272K)->39050K(1398272K)
[44.654s][info][gc,metaspace   ] GC(146) Metaspace: 93430K(94208K)->93430K(94208K) NonClass: 83607K(84032K)->83607K(84032K) Class: 9822K(10176K)->9822K(10176K)
[44.654s][info][gc             ] GC(146) Pause Young (System.gc()) 590M->38M(2045M) 0.849ms
[44.654s][info][gc,cpu         ] GC(146) User=0.00s Sys=0.00s Real=0.00s
[44.654s][info][gc,start       ] GC(147) Pause Full (System.gc())
[44.654s][info][gc,phases,start] GC(147) Marking Phase
[44.672s][info][gc,phases      ] GC(147) Marking Phase 17.792ms
[44.672s][info][gc,phases,start] GC(147) Summary Phase
[44.672s][info][gc,phases      ] GC(147) Summary Phase 0.010ms
[44.672s][info][gc,phases,start] GC(147) Adjust Roots
[44.680s][info][gc,phases      ] GC(147) Adjust Roots 8.096ms
[44.680s][info][gc,phases,start] GC(147) Compaction Phase
[44.686s][info][gc,phases      ] GC(147) Compaction Phase 6.071ms
[44.687s][info][gc,phases,start] GC(147) Post Compact
[44.687s][info][gc,phases      ] GC(147) Post Compact 0.481ms
[44.687s][info][gc,heap        ] GC(147) PSYoungGen: 460K(696320K)->0K(696320K) Eden: 0K(693760K)->0K(693760K) From: 460K(2560K)->0K(2560K)
[44.687s][info][gc,heap        ] GC(147) ParOldGen: 39050K(1398272K)->38712K(1398272K)
[44.687s][info][gc,metaspace   ] GC(147) Metaspace: 93430K(94208K)->93430K(94208K) NonClass: 83607K(84032K)->83607K(84032K) Class: 9822K(10176K)->9822K(10176K)
[44.687s][info][gc             ] GC(147) Pause Full (System.gc()) 38M->37M(2045M) 32.776ms
[44.687s][info][gc,cpu         ] GC(147) User=0.11s Sys=0.00s Real=0.03s
[44.998s][info][gc,start       ] GC(148) Pause Young (Allocation Failure)
[44.999s][info][gc,heap        ] GC(148) PSYoungGen: 693760K(696320K)->1913K(695808K) Eden: 693760K(693760K)->0K(693760K) From: 0K(2560K)->1913K(2048K)
[44.999s][info][gc,heap        ] GC(148) ParOldGen: 38712K(1398272K)->38712K(1398272K)
[44.999s][info][gc,metaspace   ] GC(148) Metaspace: 93430K(94208K)->93430K(94208K) NonClass: 83607K(84032K)->83607K(84032K) Class: 9822K(10176K)->9822K(10176K)
[44.999s][info][gc             ] GC(148) Pause Young (Allocation Failure) 715M->39M(2045M) 1.256ms
[44.999s][info][gc,cpu         ] GC(148) User=0.00s Sys=0.00s Real=0.00s
[45.231s][info][gc,start       ] GC(149) Pause Young (System.gc())
[45.232s][info][gc,heap        ] GC(149) PSYoungGen: 558869K(695808K)->460K(696320K) Eden: 556956K(693760K)->0K(693248K) From: 1913K(2048K)->460K(3072K)
[45.232s][info][gc,heap        ] GC(149) ParOldGen: 38712K(1398272K)->39172K(1398272K)
[45.232s][info][gc,metaspace   ] GC(149) Metaspace: 93430K(94208K)->93430K(94208K) NonClass: 83607K(84032K)->83607K(84032K) Class: 9822K(10176K)->9822K(10176K)
[45.232s][info][gc             ] GC(149) Pause Young (System.gc()) 583M->38M(2045M) 0.987ms
[45.232s][info][gc,cpu         ] GC(149) User=0.00s Sys=0.00s Real=0.00s
[45.232s][info][gc,start       ] GC(150) Pause Full (System.gc())
[45.232s][info][gc,phases,start] GC(150) Marking Phase
[45.250s][info][gc,phases      ] GC(150) Marking Phase 17.920ms
[45.250s][info][gc,phases,start] GC(150) Summary Phase
[45.250s][info][gc,phases      ] GC(150) Summary Phase 0.009ms
[45.250s][info][gc,phases,start] GC(150) Adjust Roots
[45.259s][info][gc,phases      ] GC(150) Adjust Roots 8.473ms
[45.259s][info][gc,phases,start] GC(150) Compaction Phase
[45.265s][info][gc,phases      ] GC(150) Compaction Phase 6.294ms
[45.265s][info][gc,phases,start] GC(150) Post Compact
[45.266s][info][gc,phases      ] GC(150) Post Compact 0.449ms
[45.266s][info][gc,heap        ] GC(150) PSYoungGen: 460K(696320K)->0K(696320K) Eden: 0K(693248K)->0K(693248K) From: 460K(3072K)->0K(3072K)
[45.266s][info][gc,heap        ] GC(150) ParOldGen: 39172K(1398272K)->38818K(1398272K)
[45.266s][info][gc,metaspace   ] GC(150) Metaspace: 93430K(94208K)->93430K(94208K) NonClass: 83607K(84032K)->83607K(84032K) Class: 9822K(10176K)->9822K(10176K)
[45.266s][info][gc             ] GC(150) Pause Full (System.gc()) 38M->37M(2045M) 33.438ms
[45.266s][info][gc,cpu         ] GC(150) User=0.14s Sys=0.00s Real=0.04s
[45.577s][info][gc,start       ] GC(151) Pause Young (Allocation Failure)
[45.578s][info][gc,heap        ] GC(151) PSYoungGen: 690129K(696320K)->1398K(695808K) Eden: 690129K(693248K)->0K(693248K) From: 0K(3072K)->1398K(2560K)
[45.578s][info][gc,heap        ] GC(151) ParOldGen: 38818K(1398272K)->38818K(1398272K)
[45.578s][info][gc,metaspace   ] GC(151) Metaspace: 93430K(94208K)->93430K(94208K) NonClass: 83607K(84032K)->83607K(84032K) Class: 9822K(10176K)->9822K(10176K)
[45.578s][info][gc             ] GC(151) Pause Young (Allocation Failure) 711M->39M(2045M) 0.940ms
[45.578s][info][gc,cpu         ] GC(151) User=0.02s Sys=0.00s Real=0.00s
[45.814s][info][gc,start       ] GC(152) Pause Young (System.gc())
[45.815s][info][gc,heap        ] GC(152) PSYoungGen: 566047K(695808K)->475K(696320K) Eden: 564649K(693248K)->0K(693760K) From: 1398K(2560K)->475K(2560K)
[45.815s][info][gc,heap        ] GC(152) ParOldGen: 38818K(1398272K)->39268K(1398272K)
[45.815s][info][gc,metaspace   ] GC(152) Metaspace: 93430K(94208K)->93430K(94208K) NonClass: 83607K(84032K)->83607K(84032K) Class: 9822K(10176K)->9822K(10176K)
[45.815s][info][gc             ] GC(152) Pause Young (System.gc()) 590M->38M(2045M) 0.761ms
[45.815s][info][gc,cpu         ] GC(152) User=0.00s Sys=0.00s Real=0.00s
[45.815s][info][gc,start       ] GC(153) Pause Full (System.gc())
[45.815s][info][gc,phases,start] GC(153) Marking Phase
[45.833s][info][gc,phases      ] GC(153) Marking Phase 18.083ms
[45.833s][info][gc,phases,start] GC(153) Summary Phase
[45.833s][info][gc,phases      ] GC(153) Summary Phase 0.009ms
[45.833s][info][gc,phases,start] GC(153) Adjust Roots
[45.841s][info][gc,phases      ] GC(153) Adjust Roots 7.820ms
[45.841s][info][gc,phases,start] GC(153) Compaction Phase
[45.846s][info][gc,phases      ] GC(153) Compaction Phase 5.039ms
[45.846s][info][gc,phases,start] GC(153) Post Compact
[45.847s][info][gc,phases      ] GC(153) Post Compact 0.498ms
[45.847s][info][gc,heap        ] GC(153) PSYoungGen: 475K(696320K)->0K(696320K) Eden: 0K(693760K)->0K(693760K) From: 475K(2560K)->0K(2560K)
[45.847s][info][gc,heap        ] GC(153) ParOldGen: 39268K(1398272K)->38922K(1398272K)
[45.847s][info][gc,metaspace   ] GC(153) Metaspace: 93430K(94208K)->93430K(94208K) NonClass: 83607K(84032K)->83607K(84032K) Class: 9822K(10176K)->9822K(10176K)
[45.847s][info][gc             ] GC(153) Pause Full (System.gc()) 38M->38M(2045M) 31.719ms
[45.847s][info][gc,cpu         ] GC(153) User=0.11s Sys=0.00s Real=0.05s
[46.161s][info][gc,start       ] GC(154) Pause Young (Allocation Failure)
[46.162s][info][gc,heap        ] GC(154) PSYoungGen: 693760K(696320K)->1631K(695808K) Eden: 693760K(693760K)->0K(693760K) From: 0K(2560K)->1631K(2048K)
[46.162s][info][gc,heap        ] GC(154) ParOldGen: 38922K(1398272K)->38922K(1398272K)
[46.162s][info][gc,metaspace   ] GC(154) Metaspace: 93430K(94208K)->93430K(94208K) NonClass: 83607K(84032K)->83607K(84032K) Class: 9822K(10176K)->9822K(10176K)
[46.162s][info][gc             ] GC(154) Pause Young (Allocation Failure) 715M->39M(2045M) 1.361ms
[46.163s][info][gc,cpu         ] GC(154) User=0.00s Sys=0.00s Real=0.00s
[46.394s][info][gc,start       ] GC(155) Pause Young (System.gc())
[46.395s][info][gc,heap        ] GC(155) PSYoungGen: 559617K(695808K)->435K(696320K) Eden: 557985K(693760K)->0K(693248K) From: 1631K(2048K)->435K(3072K)
[46.395s][info][gc,heap        ] GC(155) ParOldGen: 38922K(1398272K)->39374K(1398272K)
[46.395s][info][gc,metaspace   ] GC(155) Metaspace: 93430K(94208K)->93430K(94208K) NonClass: 83607K(84032K)->83607K(84032K) Class: 9822K(10176K)->9822K(10176K)
[46.395s][info][gc             ] GC(155) Pause Young (System.gc()) 584M->38M(2045M) 0.888ms
[46.395s][info][gc,cpu         ] GC(155) User=0.00s Sys=0.00s Real=0.00s
[46.395s][info][gc,start       ] GC(156) Pause Full (System.gc())
[46.395s][info][gc,phases,start] GC(156) Marking Phase
[46.414s][info][gc,phases      ] GC(156) Marking Phase 18.854ms
[46.414s][info][gc,phases,start] GC(156) Summary Phase
[46.414s][info][gc,phases      ] GC(156) Summary Phase 0.009ms
[46.414s][info][gc,phases,start] GC(156) Adjust Roots
[46.422s][info][gc,phases      ] GC(156) Adjust Roots 7.797ms
[46.422s][info][gc,phases,start] GC(156) Compaction Phase
[46.428s][info][gc,phases      ] GC(156) Compaction Phase 6.218ms
[46.428s][info][gc,phases,start] GC(156) Post Compact
[46.429s][info][gc,phases      ] GC(156) Post Compact 0.414ms
[46.429s][info][gc,heap        ] GC(156) PSYoungGen: 435K(696320K)->0K(696320K) Eden: 0K(693248K)->0K(693248K) From: 435K(3072K)->0K(3072K)
[46.429s][info][gc,heap        ] GC(156) ParOldGen: 39374K(1398272K)->39026K(1398272K)
[46.429s][info][gc,metaspace   ] GC(156) Metaspace: 93430K(94208K)->93430K(94208K) NonClass: 83607K(84032K)->83607K(84032K) Class: 9822K(10176K)->9822K(10176K)
[46.429s][info][gc             ] GC(156) Pause Full (System.gc()) 38M->38M(2045M) 33.644ms
[46.429s][info][gc,cpu         ] GC(156) User=0.03s Sys=0.00s Real=0.04s
[46.745s][info][gc,start       ] GC(157) Pause Young (Allocation Failure)
[46.746s][info][gc,heap        ] GC(157) PSYoungGen: 693127K(696320K)->1696K(695808K) Eden: 693127K(693248K)->0K(693248K) From: 0K(3072K)->1696K(2560K)
[46.746s][info][gc,heap        ] GC(157) ParOldGen: 39026K(1398272K)->39026K(1398272K)
[46.746s][info][gc,metaspace   ] GC(157) Metaspace: 93430K(94208K)->93430K(94208K) NonClass: 83607K(84032K)->83607K(84032K) Class: 9822K(10176K)->9822K(10176K)
[46.746s][info][gc             ] GC(157) Pause Young (Allocation Failure) 714M->39M(2045M) 1.453ms
[46.747s][info][gc,cpu         ] GC(157) User=0.00s Sys=0.00s Real=0.00s
[46.979s][info][gc,start       ] GC(158) Pause Young (System.gc())
[46.980s][info][gc,heap        ] GC(158) PSYoungGen: 559262K(695808K)->411K(695808K) Eden: 557565K(693248K)->0K(692736K) From: 1696K(2560K)->411K(3072K)
[46.980s][info][gc,heap        ] GC(158) ParOldGen: 39026K(1398272K)->39480K(1398272K)
[46.980s][info][gc,metaspace   ] GC(158) Metaspace: 93433K(94208K)->93433K(94208K) NonClass: 83610K(84032K)->83610K(84032K) Class: 9822K(10176K)->9822K(10176K)
[46.980s][info][gc             ] GC(158) Pause Young (System.gc()) 584M->38M(2045M) 0.811ms
[46.980s][info][gc,cpu         ] GC(158) User=0.00s Sys=0.00s Real=0.00s
[46.980s][info][gc,start       ] GC(159) Pause Full (System.gc())
[46.980s][info][gc,phases,start] GC(159) Marking Phase
[46.998s][info][gc,phases      ] GC(159) Marking Phase 18.035ms
[46.998s][info][gc,phases,start] GC(159) Summary Phase
[46.998s][info][gc,phases      ] GC(159) Summary Phase 0.010ms
[46.998s][info][gc,phases,start] GC(159) Adjust Roots
[47.006s][info][gc,phases      ] GC(159) Adjust Roots 8.013ms
[47.006s][info][gc,phases,start] GC(159) Compaction Phase
[47.012s][info][gc,phases      ] GC(159) Compaction Phase 5.582ms
[47.012s][info][gc,phases,start] GC(159) Post Compact
[47.012s][info][gc,phases      ] GC(159) Post Compact 0.351ms
[47.012s][info][gc,heap        ] GC(159) PSYoungGen: 411K(695808K)->0K(695808K) Eden: 0K(692736K)->0K(692736K) From: 411K(3072K)->0K(3072K)
[47.012s][info][gc,heap        ] GC(159) ParOldGen: 39480K(1398272K)->39130K(1398272K)
[47.012s][info][gc,metaspace   ] GC(159) Metaspace: 93433K(94208K)->93433K(94208K) NonClass: 83610K(84032K)->83610K(84032K) Class: 9822K(10176K)->9822K(10176K)
[47.012s][info][gc             ] GC(159) Pause Full (System.gc()) 38M->38M(2045M) 32.250ms
[47.012s][info][gc,cpu         ] GC(159) User=0.19s Sys=0.00s Real=0.03s
[47.321s][info][gc,start       ] GC(160) Pause Young (Allocation Failure)
[47.322s][info][gc,heap        ] GC(160) PSYoungGen: 689808K(695808K)->1447K(695808K) Eden: 689808K(692736K)->0K(692736K) From: 0K(3072K)->1447K(3072K)
[47.322s][info][gc,heap        ] GC(160) ParOldGen: 39130K(1398272K)->39130K(1398272K)
[47.322s][info][gc,metaspace   ] GC(160) Metaspace: 93434K(94208K)->93434K(94208K) NonClass: 83611K(84032K)->83611K(84032K) Class: 9822K(10176K)->9822K(10176K)
[47.322s][info][gc             ] GC(160) Pause Young (Allocation Failure) 711M->39M(2045M) 1.037ms
[47.323s][info][gc,cpu         ] GC(160) User=0.00s Sys=0.00s Real=0.00s
[47.558s][info][gc,start       ] GC(161) Pause Young (System.gc())
[47.559s][info][gc,heap        ] GC(161) PSYoungGen: 565737K(695808K)->435K(696320K) Eden: 564289K(692736K)->0K(693248K) From: 1447K(3072K)->435K(3072K)
[47.559s][info][gc,heap        ] GC(161) ParOldGen: 39130K(1398272K)->39574K(1398272K)
[47.559s][info][gc,metaspace   ] GC(161) Metaspace: 93435K(94208K)->93435K(94208K) NonClass: 83612K(84032K)->83612K(84032K) Class: 9822K(10176K)->9822K(10176K)
[47.559s][info][gc             ] GC(161) Pause Young (System.gc()) 590M->39M(2045M) 0.879ms
[47.559s][info][gc,cpu         ] GC(161) User=0.00s Sys=0.00s Real=0.00s
[47.559s][info][gc,start       ] GC(162) Pause Full (System.gc())
[47.559s][info][gc,phases,start] GC(162) Marking Phase
[47.576s][info][gc,phases      ] GC(162) Marking Phase 17.654ms
[47.576s][info][gc,phases,start] GC(162) Summary Phase
[47.576s][info][gc,phases      ] GC(162) Summary Phase 0.009ms
[47.576s][info][gc,phases,start] GC(162) Adjust Roots
[47.585s][info][gc,phases      ] GC(162) Adjust Roots 8.177ms
[47.585s][info][gc,phases,start] GC(162) Compaction Phase
[47.591s][info][gc,phases      ] GC(162) Compaction Phase 5.978ms
[47.591s][info][gc,phases,start] GC(162) Post Compact
[47.591s][info][gc,phases      ] GC(162) Post Compact 0.481ms
[47.591s][info][gc,heap        ] GC(162) PSYoungGen: 435K(696320K)->0K(696320K) Eden: 0K(693248K)->0K(693248K) From: 435K(3072K)->0K(3072K)
[47.591s][info][gc,heap        ] GC(162) ParOldGen: 39574K(1398272K)->39239K(1398272K)
[47.591s][info][gc,metaspace   ] GC(162) Metaspace: 93435K(94208K)->93435K(94208K) NonClass: 83612K(84032K)->83612K(84032K) Class: 9822K(10176K)->9822K(10176K)
[47.591s][info][gc             ] GC(162) Pause Full (System.gc()) 39M->38M(2045M) 32.602ms
[47.591s][info][gc,cpu         ] GC(162) User=0.17s Sys=0.00s Real=0.03s
[47.901s][info][gc,start       ] GC(163) Pause Young (Allocation Failure)
[47.902s][info][gc,heap        ] GC(163) PSYoungGen: 693144K(696320K)->1526K(695808K) Eden: 693144K(693248K)->0K(693248K) From: 0K(3072K)->1526K(2560K)
[47.902s][info][gc,heap        ] GC(163) ParOldGen: 39239K(1398272K)->39239K(1398272K)
[47.902s][info][gc,metaspace   ] GC(163) Metaspace: 93440K(94208K)->93440K(94208K) NonClass: 83617K(84032K)->83617K(84032K) Class: 9822K(10176K)->9822K(10176K)
[47.902s][info][gc             ] GC(163) Pause Young (Allocation Failure) 715M->39M(2045M) 1.149ms
[47.902s][info][gc,cpu         ] GC(163) User=0.00s Sys=0.00s Real=0.00s
[48.137s][info][gc,start       ] GC(164) Pause Young (System.gc())
[48.138s][info][gc,heap        ] GC(164) PSYoungGen: 559945K(695808K)->460K(696320K) Eden: 558419K(693248K)->0K(693248K) From: 1526K(2560K)->460K(3072K)
[48.138s][info][gc,heap        ] GC(164) ParOldGen: 39239K(1398272K)->39693K(1398272K)
[48.138s][info][gc,metaspace   ] GC(164) Metaspace: 93440K(94208K)->93440K(94208K) NonClass: 83617K(84032K)->83617K(84032K) Class: 9822K(10176K)->9822K(10176K)
[48.138s][info][gc             ] GC(164) Pause Young (System.gc()) 585M->39M(2045M) 0.901ms
[48.138s][info][gc,cpu         ] GC(164) User=0.00s Sys=0.00s Real=0.00s
[48.138s][info][gc,start       ] GC(165) Pause Full (System.gc())
[48.138s][info][gc,phases,start] GC(165) Marking Phase
[48.156s][info][gc,phases      ] GC(165) Marking Phase 17.534ms
[48.156s][info][gc,phases,start] GC(165) Summary Phase
[48.156s][info][gc,phases      ] GC(165) Summary Phase 0.010ms
[48.156s][info][gc,phases,start] GC(165) Adjust Roots
[48.164s][info][gc,phases      ] GC(165) Adjust Roots 8.481ms
[48.164s][info][gc,phases,start] GC(165) Compaction Phase
[48.171s][info][gc,phases      ] GC(165) Compaction Phase 6.236ms
[48.171s][info][gc,phases,start] GC(165) Post Compact
[48.171s][info][gc,phases      ] GC(165) Post Compact 0.475ms
[48.171s][info][gc,heap        ] GC(165) PSYoungGen: 460K(696320K)->0K(696320K) Eden: 0K(693248K)->0K(693248K) From: 460K(3072K)->0K(3072K)
[48.171s][info][gc,heap        ] GC(165) ParOldGen: 39693K(1398272K)->39344K(1398272K)
[48.171s][info][gc,metaspace   ] GC(165) Metaspace: 93440K(94208K)->93440K(94208K) NonClass: 83617K(84032K)->83617K(84032K) Class: 9822K(10176K)->9822K(10176K)
[48.171s][info][gc             ] GC(165) Pause Full (System.gc()) 39M->38M(2045M) 33.070ms
[48.171s][info][gc,cpu         ] GC(165) User=0.11s Sys=0.00s Real=0.04s
[48.483s][info][gc,start       ] GC(166) Pause Young (Allocation Failure)
[48.484s][info][gc,heap        ] GC(166) PSYoungGen: 693248K(696320K)->1456K(695808K) Eden: 693248K(693248K)->0K(693248K) From: 0K(3072K)->1456K(2560K)
[48.485s][info][gc,heap        ] GC(166) ParOldGen: 39344K(1398272K)->39344K(1398272K)
[48.485s][info][gc,metaspace   ] GC(166) Metaspace: 93440K(94208K)->93440K(94208K) NonClass: 83617K(84032K)->83617K(84032K) Class: 9822K(10176K)->9822K(10176K)
[48.485s][info][gc             ] GC(166) Pause Young (Allocation Failure) 715M->39M(2045M) 1.141ms
[48.485s][info][gc,cpu         ] GC(166) User=0.02s Sys=0.00s Real=0.00s
[48.718s][info][gc,start       ] GC(167) Pause Young (System.gc())
[48.718s][info][gc,heap        ] GC(167) PSYoungGen: 560123K(695808K)->460K(696320K) Eden: 558666K(693248K)->0K(693760K) From: 1456K(2560K)->460K(2560K)
[48.718s][info][gc,heap        ] GC(167) ParOldGen: 39344K(1398272K)->39796K(1398272K)
[48.718s][info][gc,metaspace   ] GC(167) Metaspace: 93440K(94208K)->93440K(94208K) NonClass: 83617K(84032K)->83617K(84032K) Class: 9822K(10176K)->9822K(10176K)
[48.719s][info][gc             ] GC(167) Pause Young (System.gc()) 585M->39M(2045M) 0.760ms
[48.719s][info][gc,cpu         ] GC(167) User=0.02s Sys=0.00s Real=0.00s
[48.719s][info][gc,start       ] GC(168) Pause Full (System.gc())
[48.719s][info][gc,phases,start] GC(168) Marking Phase
[48.737s][info][gc,phases      ] GC(168) Marking Phase 18.308ms
[48.737s][info][gc,phases,start] GC(168) Summary Phase
[48.737s][info][gc,phases      ] GC(168) Summary Phase 0.011ms
[48.737s][info][gc,phases,start] GC(168) Adjust Roots
[48.745s][info][gc,phases      ] GC(168) Adjust Roots 7.876ms
[48.745s][info][gc,phases,start] GC(168) Compaction Phase
[48.750s][info][gc,phases      ] GC(168) Compaction Phase 5.495ms
[48.750s][info][gc,phases,start] GC(168) Post Compact
[48.751s][info][gc,phases      ] GC(168) Post Compact 0.466ms
[48.751s][info][gc,heap        ] GC(168) PSYoungGen: 460K(696320K)->0K(696320K) Eden: 0K(693760K)->0K(693760K) From: 460K(2560K)->0K(2560K)
[48.751s][info][gc,heap        ] GC(168) ParOldGen: 39796K(1398272K)->39450K(1398272K)
[48.751s][info][gc,metaspace   ] GC(168) Metaspace: 93440K(94208K)->93440K(94208K) NonClass: 83617K(84032K)->83617K(84032K) Class: 9822K(10176K)->9822K(10176K)
[48.751s][info][gc             ] GC(168) Pause Full (System.gc()) 39M->38M(2045M) 32.466ms
[48.751s][info][gc,cpu         ] GC(168) User=0.11s Sys=0.00s Real=0.04s
[49.061s][info][gc,start       ] GC(169) Pause Young (Allocation Failure)
[49.062s][info][gc,heap        ] GC(169) PSYoungGen: 690759K(696320K)->1398K(696320K) Eden: 690759K(693760K)->0K(693760K) From: 0K(2560K)->1398K(2560K)
[49.062s][info][gc,heap        ] GC(169) ParOldGen: 39450K(1398272K)->39450K(1398272K)
[49.062s][info][gc,metaspace   ] GC(169) Metaspace: 93442K(94208K)->93442K(94208K) NonClass: 83619K(84032K)->83619K(84032K) Class: 9823K(10176K)->9823K(10176K)
[49.062s][info][gc             ] GC(169) Pause Young (Allocation Failure) 713M->39M(2045M) 1.068ms
[49.062s][info][gc,cpu         ] GC(169) User=0.09s Sys=0.00s Real=0.00s
[49.297s][info][gc,start       ] GC(170) Pause Young (System.gc())
[49.298s][info][gc,heap        ] GC(170) PSYoungGen: 567946K(696320K)->524K(696320K) Eden: 566547K(693760K)->0K(693760K) From: 1398K(2560K)->524K(2560K)
[49.298s][info][gc,heap        ] GC(170) ParOldGen: 39450K(1398272K)->39893K(1398272K)
[49.298s][info][gc,metaspace   ] GC(170) Metaspace: 93443K(94208K)->93443K(94208K) NonClass: 83620K(84032K)->83620K(84032K) Class: 9823K(10176K)->9823K(10176K)
[49.298s][info][gc             ] GC(170) Pause Young (System.gc()) 593M->39M(2045M) 0.838ms
[49.298s][info][gc,cpu         ] GC(170) User=0.00s Sys=0.00s Real=0.00s
[49.298s][info][gc,start       ] GC(171) Pause Full (System.gc())
[49.298s][info][gc,phases,start] GC(171) Marking Phase
[49.316s][info][gc,phases      ] GC(171) Marking Phase 17.605ms
[49.316s][info][gc,phases,start] GC(171) Summary Phase
[49.316s][info][gc,phases      ] GC(171) Summary Phase 0.010ms
[49.316s][info][gc,phases,start] GC(171) Adjust Roots
[49.324s][info][gc,phases      ] GC(171) Adjust Roots 8.241ms
[49.324s][info][gc,phases,start] GC(171) Compaction Phase
[49.331s][info][gc,phases      ] GC(171) Compaction Phase 6.904ms
[49.331s][info][gc,phases,start] GC(171) Post Compact
[49.331s][info][gc,phases      ] GC(171) Post Compact 0.423ms
[49.332s][info][gc,heap        ] GC(171) PSYoungGen: 524K(696320K)->0K(696320K) Eden: 0K(693760K)->0K(693760K) From: 524K(2560K)->0K(2560K)
[49.332s][info][gc,heap        ] GC(171) ParOldGen: 39893K(1398272K)->39470K(1398272K)
[49.332s][info][gc,metaspace   ] GC(171) Metaspace: 93443K(94208K)->93443K(94208K) NonClass: 83620K(84032K)->83620K(84032K) Class: 9823K(10176K)->9823K(10176K)
[49.332s][info][gc             ] GC(171) Pause Full (System.gc()) 39M->38M(2045M) 33.533ms
[49.332s][info][gc,cpu         ] GC(171) User=0.11s Sys=0.00s Real=0.03s
[49.644s][info][gc,start       ] GC(172) Pause Young (Allocation Failure)
[49.646s][info][gc,heap        ] GC(172) PSYoungGen: 693760K(696320K)->1334K(696320K) Eden: 693760K(693760K)->0K(693760K) From: 0K(2560K)->1334K(2560K)
[49.646s][info][gc,heap        ] GC(172) ParOldGen: 39470K(1398272K)->39470K(1398272K)
[49.646s][info][gc,metaspace   ] GC(172) Metaspace: 93444K(94208K)->93444K(94208K) NonClass: 83620K(84032K)->83620K(84032K) Class: 9823K(10176K)->9823K(10176K)
[49.646s][info][gc             ] GC(172) Pause Young (Allocation Failure) 716M->39M(2045M) 1.558ms
[49.646s][info][gc,cpu         ] GC(172) User=0.00s Sys=0.00s Real=0.00s
[49.878s][info][gc,start       ] GC(173) Pause Young (System.gc())
[49.879s][info][gc,heap        ] GC(173) PSYoungGen: 557323K(696320K)->467K(696320K) Eden: 555989K(693760K)->0K(693760K) From: 1334K(2560K)->467K(2560K)
[49.879s][info][gc,heap        ] GC(173) ParOldGen: 39470K(1398272K)->39925K(1398272K)
[49.879s][info][gc,metaspace   ] GC(173) Metaspace: 93444K(94208K)->93444K(94208K) NonClass: 83620K(84032K)->83620K(84032K) Class: 9823K(10176K)->9823K(10176K)
[49.879s][info][gc             ] GC(173) Pause Young (System.gc()) 582M->39M(2045M) 0.759ms
[49.879s][info][gc,cpu         ] GC(173) User=0.00s Sys=0.00s Real=0.00s
[49.879s][info][gc,start       ] GC(174) Pause Full (System.gc())
[49.879s][info][gc,phases,start] GC(174) Marking Phase
[49.897s][info][gc,phases      ] GC(174) Marking Phase 18.173ms
[49.897s][info][gc,phases,start] GC(174) Summary Phase
[49.897s][info][gc,phases      ] GC(174) Summary Phase 0.009ms
[49.897s][info][gc,phases,start] GC(174) Adjust Roots
[49.905s][info][gc,phases      ] GC(174) Adjust Roots 7.944ms
[49.905s][info][gc,phases,start] GC(174) Compaction Phase
[49.911s][info][gc,phases      ] GC(174) Compaction Phase 5.573ms
[49.911s][info][gc,phases,start] GC(174) Post Compact
[49.911s][info][gc,phases      ] GC(174) Post Compact 0.481ms
[49.911s][info][gc,heap        ] GC(174) PSYoungGen: 467K(696320K)->0K(696320K) Eden: 0K(693760K)->0K(693760K) From: 467K(2560K)->0K(2560K)
[49.911s][info][gc,heap        ] GC(174) ParOldGen: 39925K(1398272K)->39575K(1398272K)
[49.911s][info][gc,metaspace   ] GC(174) Metaspace: 93444K(94208K)->93444K(94208K) NonClass: 83620K(84032K)->83620K(84032K) Class: 9823K(10176K)->9823K(10176K)
[49.911s][info][gc             ] GC(174) Pause Full (System.gc()) 39M->38M(2045M) 32.464ms
[49.911s][info][gc,cpu         ] GC(174) User=0.03s Sys=0.00s Real=0.04s
[50.218s][info][gc,start       ] GC(175) Pause Young (Allocation Failure)
[50.219s][info][gc,heap        ] GC(175) PSYoungGen: 691166K(696320K)->1438K(696320K) Eden: 691166K(693760K)->0K(693760K) From: 0K(2560K)->1438K(2560K)
[50.219s][info][gc,heap        ] GC(175) ParOldGen: 39575K(1398272K)->39583K(1398272K)
[50.219s][info][gc,metaspace   ] GC(175) Metaspace: 93559K(94272K)->93559K(94272K) NonClass: 83714K(84096K)->83714K(84096K) Class: 9845K(10176K)->9845K(10176K)
[50.219s][info][gc             ] GC(175) Pause Young (Allocation Failure) 713M->40M(2045M) 1.265ms
[50.219s][info][gc,cpu         ] GC(175) User=0.02s Sys=0.00s Real=0.00s
[50.454s][info][gc,start       ] GC(176) Pause Young (System.gc())
[50.455s][info][gc,heap        ] GC(176) PSYoungGen: 565947K(696320K)->460K(696320K) Eden: 564509K(693760K)->0K(693760K) From: 1438K(2560K)->460K(2560K)
[50.455s][info][gc,heap        ] GC(176) ParOldGen: 39583K(1398272K)->40059K(1398272K)
[50.455s][info][gc,metaspace   ] GC(176) Metaspace: 93559K(94272K)->93559K(94272K) NonClass: 83714K(84096K)->83714K(84096K) Class: 9845K(10176K)->9845K(10176K)
[50.455s][info][gc             ] GC(176) Pause Young (System.gc()) 591M->39M(2045M) 0.949ms
[50.455s][info][gc,cpu         ] GC(176) User=0.00s Sys=0.00s Real=0.00s
[50.455s][info][gc,start       ] GC(177) Pause Full (System.gc())
[50.455s][info][gc,phases,start] GC(177) Marking Phase
[50.474s][info][gc,phases      ] GC(177) Marking Phase 19.066ms
[50.474s][info][gc,phases,start] GC(177) Summary Phase
[50.474s][info][gc,phases      ] GC(177) Summary Phase 0.010ms
[50.474s][info][gc,phases,start] GC(177) Adjust Roots
[50.483s][info][gc,phases      ] GC(177) Adjust Roots 8.537ms
[50.483s][info][gc,phases,start] GC(177) Compaction Phase
[50.490s][info][gc,phases      ] GC(177) Compaction Phase 7.562ms
[50.490s][info][gc,phases,start] GC(177) Post Compact
[50.491s][info][gc,phases      ] GC(177) Post Compact 0.671ms
[50.491s][info][gc,heap        ] GC(177) PSYoungGen: 460K(696320K)->0K(696320K) Eden: 0K(693760K)->0K(693760K) From: 460K(2560K)->0K(2560K)
[50.491s][info][gc,heap        ] GC(177) ParOldGen: 40059K(1398272K)->39177K(1398272K)
[50.491s][info][gc,metaspace   ] GC(177) Metaspace: 93559K(94272K)->93559K(94272K) NonClass: 83714K(84096K)->83714K(84096K) Class: 9845K(10176K)->9845K(10176K)
[50.491s][info][gc             ] GC(177) Pause Full (System.gc()) 39M->38M(2045M) 36.142ms
[50.491s][info][gc,cpu         ] GC(177) User=0.09s Sys=0.02s Real=0.04s
[50.802s][info][gc,start       ] GC(178) Pause Young (Allocation Failure)
[50.804s][info][gc,heap        ] GC(178) PSYoungGen: 693760K(696320K)->1437K(696320K) Eden: 693760K(693760K)->0K(693760K) From: 0K(2560K)->1437K(2560K)
[50.804s][info][gc,heap        ] GC(178) ParOldGen: 39177K(1398272K)->39177K(1398272K)
[50.804s][info][gc,metaspace   ] GC(178) Metaspace: 93559K(94272K)->93559K(94272K) NonClass: 83714K(84096K)->83714K(84096K) Class: 9845K(10176K)->9845K(10176K)
[50.804s][info][gc             ] GC(178) Pause Young (Allocation Failure) 715M->39M(2045M) 1.396ms
[50.804s][info][gc,cpu         ] GC(178) User=0.00s Sys=0.00s Real=0.00s
[51.035s][info][gc,start       ] GC(179) Pause Young (System.gc())
[51.036s][info][gc,heap        ] GC(179) PSYoungGen: 557159K(696320K)->428K(696320K) Eden: 555721K(693760K)->0K(693760K) From: 1437K(2560K)->428K(2560K)
[51.036s][info][gc,heap        ] GC(179) ParOldGen: 39177K(1398272K)->39624K(1398272K)
[51.036s][info][gc,metaspace   ] GC(179) Metaspace: 93562K(94272K)->93562K(94272K) NonClass: 83716K(84096K)->83716K(84096K) Class: 9845K(10176K)->9845K(10176K)
[51.036s][info][gc             ] GC(179) Pause Young (System.gc()) 582M->39M(2045M) 0.886ms
[51.036s][info][gc,cpu         ] GC(179) User=0.00s Sys=0.00s Real=0.00s
[51.036s][info][gc,start       ] GC(180) Pause Full (System.gc())
[51.036s][info][gc,phases,start] GC(180) Marking Phase
[51.054s][info][gc,phases      ] GC(180) Marking Phase 18.323ms
[51.054s][info][gc,phases,start] GC(180) Summary Phase
[51.054s][info][gc,phases      ] GC(180) Summary Phase 0.010ms
[51.054s][info][gc,phases,start] GC(180) Adjust Roots
[51.063s][info][gc,phases      ] GC(180) Adjust Roots 8.613ms
[51.063s][info][gc,phases,start] GC(180) Compaction Phase
[51.069s][info][gc,phases      ] GC(180) Compaction Phase 5.777ms
[51.069s][info][gc,phases,start] GC(180) Post Compact
[51.069s][info][gc,phases      ] GC(180) Post Compact 0.574ms
[51.070s][info][gc,heap        ] GC(180) PSYoungGen: 428K(696320K)->0K(696320K) Eden: 0K(693760K)->0K(693760K) From: 428K(2560K)->0K(2560K)
[51.070s][info][gc,heap        ] GC(180) ParOldGen: 39624K(1398272K)->39283K(1398272K)
[51.070s][info][gc,metaspace   ] GC(180) Metaspace: 93562K(94272K)->93562K(94272K) NonClass: 83716K(84096K)->83716K(84096K) Class: 9845K(10176K)->9845K(10176K)
[51.070s][info][gc             ] GC(180) Pause Full (System.gc()) 39M->38M(2045M) 33.623ms
[51.070s][info][gc,cpu         ] GC(180) User=0.03s Sys=0.00s Real=0.04s
[51.379s][info][gc,start       ] GC(181) Pause Young (Allocation Failure)
[51.380s][info][gc,heap        ] GC(181) PSYoungGen: 693639K(696320K)->1511K(696320K) Eden: 693639K(693760K)->0K(693760K) From: 0K(2560K)->1511K(2560K)
[51.380s][info][gc,heap        ] GC(181) ParOldGen: 39283K(1398272K)->39283K(1398272K)
[51.380s][info][gc,metaspace   ] GC(181) Metaspace: 93562K(94272K)->93562K(94272K) NonClass: 83716K(84096K)->83716K(84096K) Class: 9845K(10176K)->9845K(10176K)
[51.380s][info][gc             ] GC(181) Pause Young (Allocation Failure) 715M->39M(2045M) 1.130ms
[51.380s][info][gc,cpu         ] GC(181) User=0.00s Sys=0.00s Real=0.00s
[51.609s][info][gc,start       ] GC(182) Pause Young (System.gc())
[51.609s][info][gc,heap        ] GC(182) PSYoungGen: 560573K(696320K)->460K(696320K) Eden: 559062K(693760K)->0K(693760K) From: 1511K(2560K)->460K(2560K)
[51.609s][info][gc,heap        ] GC(182) ParOldGen: 39283K(1398272K)->39735K(1398272K)
[51.609s][info][gc,metaspace   ] GC(182) Metaspace: 93562K(94272K)->93562K(94272K) NonClass: 83716K(84096K)->83716K(84096K) Class: 9845K(10176K)->9845K(10176K)
[51.609s][info][gc             ] GC(182) Pause Young (System.gc()) 585M->39M(2045M) 0.820ms
[51.609s][info][gc,cpu         ] GC(182) User=0.00s Sys=0.00s Real=0.00s
[51.609s][info][gc,start       ] GC(183) Pause Full (System.gc())
[51.609s][info][gc,phases,start] GC(183) Marking Phase
[51.628s][info][gc,phases      ] GC(183) Marking Phase 18.200ms
[51.628s][info][gc,phases,start] GC(183) Summary Phase
[51.628s][info][gc,phases      ] GC(183) Summary Phase 0.010ms
[51.628s][info][gc,phases,start] GC(183) Adjust Roots
[51.636s][info][gc,phases      ] GC(183) Adjust Roots 8.417ms
[51.636s][info][gc,phases,start] GC(183) Compaction Phase
[51.641s][info][gc,phases      ] GC(183) Compaction Phase 5.100ms
[51.641s][info][gc,phases,start] GC(183) Post Compact
[51.642s][info][gc,phases      ] GC(183) Post Compact 0.493ms
[51.642s][info][gc,heap        ] GC(183) PSYoungGen: 460K(696320K)->0K(696320K) Eden: 0K(693760K)->0K(693760K) From: 460K(2560K)->0K(2560K)
[51.642s][info][gc,heap        ] GC(183) ParOldGen: 39735K(1398272K)->39387K(1398272K)
[51.642s][info][gc,metaspace   ] GC(183) Metaspace: 93562K(94272K)->93562K(94272K) NonClass: 83716K(84096K)->83716K(84096K) Class: 9845K(10176K)->9845K(10176K)
[51.642s][info][gc             ] GC(183) Pause Full (System.gc()) 39M->38M(2045M) 32.502ms
[51.642s][info][gc,cpu         ] GC(183) User=0.11s Sys=0.00s Real=0.04s
[51.950s][info][gc,start       ] GC(184) Pause Young (Allocation Failure)
[51.951s][info][gc,heap        ] GC(184) PSYoungGen: 693749K(696320K)->1590K(696320K) Eden: 693749K(693760K)->0K(693760K) From: 0K(2560K)->1590K(2560K)
[51.951s][info][gc,heap        ] GC(184) ParOldGen: 39387K(1398272K)->39387K(1398272K)
[51.951s][info][gc,metaspace   ] GC(184) Metaspace: 93562K(94272K)->93562K(94272K) NonClass: 83716K(84096K)->83716K(84096K) Class: 9845K(10176K)->9845K(10176K)
[51.951s][info][gc             ] GC(184) Pause Young (Allocation Failure) 715M->40M(2045M) 1.187ms
[51.951s][info][gc,cpu         ] GC(184) User=0.00s Sys=0.00s Real=0.00s
[52.183s][info][gc,start       ] GC(185) Pause Young (System.gc())
[52.184s][info][gc,heap        ] GC(185) PSYoungGen: 560291K(696320K)->435K(696320K) Eden: 558700K(693760K)->0K(693760K) From: 1590K(2560K)->435K(2560K)
[52.184s][info][gc,heap        ] GC(185) ParOldGen: 39387K(1398272K)->39839K(1398272K)
[52.184s][info][gc,metaspace   ] GC(185) Metaspace: 93562K(94272K)->93562K(94272K) NonClass: 83716K(84096K)->83716K(84096K) Class: 9845K(10176K)->9845K(10176K)
[52.184s][info][gc             ] GC(185) Pause Young (System.gc()) 585M->39M(2045M) 1.008ms
[52.184s][info][gc,cpu         ] GC(185) User=0.00s Sys=0.00s Real=0.00s
[52.184s][info][gc,start       ] GC(186) Pause Full (System.gc())
[52.184s][info][gc,phases,start] GC(186) Marking Phase
[52.203s][info][gc,phases      ] GC(186) Marking Phase 19.365ms
[52.203s][info][gc,phases,start] GC(186) Summary Phase
[52.203s][info][gc,phases      ] GC(186) Summary Phase 0.011ms
[52.203s][info][gc,phases,start] GC(186) Adjust Roots
[52.212s][info][gc,phases      ] GC(186) Adjust Roots 8.295ms
[52.212s][info][gc,phases,start] GC(186) Compaction Phase
[52.218s][info][gc,phases      ] GC(186) Compaction Phase 6.241ms
[52.218s][info][gc,phases,start] GC(186) Post Compact
[52.218s][info][gc,phases      ] GC(186) Post Compact 0.389ms
[52.218s][info][gc,heap        ] GC(186) PSYoungGen: 435K(696320K)->0K(696320K) Eden: 0K(693760K)->0K(693760K) From: 435K(2560K)->0K(2560K)
[52.218s][info][gc,heap        ] GC(186) ParOldGen: 39839K(1398272K)->39491K(1398272K)
[52.218s][info][gc,metaspace   ] GC(186) Metaspace: 93562K(94272K)->93562K(94272K) NonClass: 83716K(84096K)->83716K(84096K) Class: 9845K(10176K)->9845K(10176K)
[52.218s][info][gc             ] GC(186) Pause Full (System.gc()) 39M->38M(2045M) 34.601ms
[52.218s][info][gc,cpu         ] GC(186) User=0.14s Sys=0.00s Real=0.04s
[52.530s][info][gc,start       ] GC(187) Pause Young (Allocation Failure)
[52.531s][info][gc,heap        ] GC(187) PSYoungGen: 693722K(696320K)->1597K(696320K) Eden: 693722K(693760K)->0K(693760K) From: 0K(2560K)->1597K(2560K)
[52.531s][info][gc,heap        ] GC(187) ParOldGen: 39491K(1398272K)->39491K(1398272K)
[52.531s][info][gc,metaspace   ] GC(187) Metaspace: 93562K(94272K)->93562K(94272K) NonClass: 83716K(84096K)->83716K(84096K) Class: 9845K(10176K)->9845K(10176K)
[52.531s][info][gc             ] GC(187) Pause Young (Allocation Failure) 716M->40M(2045M) 1.435ms
[52.531s][info][gc,cpu         ] GC(187) User=0.09s Sys=0.00s Real=0.00s
[52.762s][info][gc,start       ] GC(188) Pause Young (System.gc())
[52.763s][info][gc,heap        ] GC(188) PSYoungGen: 560320K(696320K)->435K(696320K) Eden: 558722K(693760K)->0K(693760K) From: 1597K(2560K)->435K(2560K)
[52.763s][info][gc,heap        ] GC(188) ParOldGen: 39491K(1398272K)->39937K(1398272K)
[52.763s][info][gc,metaspace   ] GC(188) Metaspace: 93562K(94272K)->93562K(94272K) NonClass: 83716K(84096K)->83716K(84096K) Class: 9845K(10176K)->9845K(10176K)
[52.763s][info][gc             ] GC(188) Pause Young (System.gc()) 585M->39M(2045M) 0.760ms
[52.763s][info][gc,cpu         ] GC(188) User=0.00s Sys=0.00s Real=0.00s
[52.763s][info][gc,start       ] GC(189) Pause Full (System.gc())
[52.763s][info][gc,phases,start] GC(189) Marking Phase
[52.781s][info][gc,phases      ] GC(189) Marking Phase 18.632ms
[52.781s][info][gc,phases,start] GC(189) Summary Phase
[52.781s][info][gc,phases      ] GC(189) Summary Phase 0.010ms
[52.781s][info][gc,phases,start] GC(189) Adjust Roots
[52.789s][info][gc,phases      ] GC(189) Adjust Roots 8.051ms
[52.790s][info][gc,phases,start] GC(189) Compaction Phase
[52.796s][info][gc,phases      ] GC(189) Compaction Phase 6.619ms
[52.796s][info][gc,phases,start] GC(189) Post Compact
[52.797s][info][gc,phases      ] GC(189) Post Compact 0.441ms
[52.797s][info][gc,heap        ] GC(189) PSYoungGen: 435K(696320K)->0K(696320K) Eden: 0K(693760K)->0K(693760K) From: 435K(2560K)->0K(2560K)
[52.797s][info][gc,heap        ] GC(189) ParOldGen: 39937K(1398272K)->39595K(1398272K)
[52.797s][info][gc,metaspace   ] GC(189) Metaspace: 93562K(94272K)->93562K(94272K) NonClass: 83716K(84096K)->83716K(84096K) Class: 9845K(10176K)->9845K(10176K)
[52.797s][info][gc             ] GC(189) Pause Full (System.gc()) 39M->38M(2045M) 34.037ms
[52.797s][info][gc,cpu         ] GC(189) User=0.14s Sys=0.00s Real=0.05s
[53.107s][info][gc,start       ] GC(190) Pause Young (Allocation Failure)
[53.108s][info][gc,heap        ] GC(190) PSYoungGen: 689843K(696320K)->1438K(696320K) Eden: 689843K(693760K)->0K(693760K) From: 0K(2560K)->1438K(2560K)
[53.108s][info][gc,heap        ] GC(190) ParOldGen: 39595K(1398272K)->39595K(1398272K)
[53.108s][info][gc,metaspace   ] GC(190) Metaspace: 93562K(94272K)->93562K(94272K) NonClass: 83717K(84096K)->83717K(84096K) Class: 9845K(10176K)->9845K(10176K)
[53.108s][info][gc             ] GC(190) Pause Young (Allocation Failure) 712M->40M(2045M) 0.891ms
[53.108s][info][gc,cpu         ] GC(190) User=0.00s Sys=0.00s Real=0.00s
[53.343s][info][gc,start       ] GC(191) Pause Young (System.gc())
[53.344s][info][gc,heap        ] GC(191) PSYoungGen: 566337K(696320K)->460K(696320K) Eden: 564899K(693760K)->0K(693760K) From: 1438K(2560K)->460K(2560K)
[53.344s][info][gc,heap        ] GC(191) ParOldGen: 39595K(1398272K)->40043K(1398272K)
[53.344s][info][gc,metaspace   ] GC(191) Metaspace: 93562K(94272K)->93562K(94272K) NonClass: 83717K(84096K)->83717K(84096K) Class: 9845K(10176K)->9845K(10176K)
[53.344s][info][gc             ] GC(191) Pause Young (System.gc()) 591M->39M(2045M) 0.788ms
[53.344s][info][gc,cpu         ] GC(191) User=0.00s Sys=0.00s Real=0.00s
[53.344s][info][gc,start       ] GC(192) Pause Full (System.gc())
[53.344s][info][gc,phases,start] GC(192) Marking Phase
[53.362s][info][gc,phases      ] GC(192) Marking Phase 18.648ms
[53.362s][info][gc,phases,start] GC(192) Summary Phase
[53.362s][info][gc,phases      ] GC(192) Summary Phase 0.009ms
[53.362s][info][gc,phases,start] GC(192) Adjust Roots
[53.371s][info][gc,phases      ] GC(192) Adjust Roots 8.508ms
[53.371s][info][gc,phases,start] GC(192) Compaction Phase
[53.377s][info][gc,phases      ] GC(192) Compaction Phase 6.140ms
[53.377s][info][gc,phases,start] GC(192) Post Compact
[53.378s][info][gc,phases      ] GC(192) Post Compact 0.354ms
[53.378s][info][gc,heap        ] GC(192) PSYoungGen: 460K(696320K)->0K(696320K) Eden: 0K(693760K)->0K(693760K) From: 460K(2560K)->0K(2560K)
[53.378s][info][gc,heap        ] GC(192) ParOldGen: 40043K(1398272K)->39699K(1398272K)
[53.378s][info][gc,metaspace   ] GC(192) Metaspace: 93562K(94272K)->93562K(94272K) NonClass: 83717K(84096K)->83717K(84096K) Class: 9845K(10176K)->9845K(10176K)
[53.378s][info][gc             ] GC(192) Pause Full (System.gc()) 39M->38M(2045M) 33.984ms
[53.378s][info][gc,cpu         ] GC(192) User=0.11s Sys=0.00s Real=0.03s
[53.684s][info][gc,start       ] GC(193) Pause Young (Allocation Failure)
[53.685s][info][gc,heap        ] GC(193) PSYoungGen: 690311K(696320K)->1430K(696320K) Eden: 690311K(693760K)->0K(693760K) From: 0K(2560K)->1430K(2560K)
[53.685s][info][gc,heap        ] GC(193) ParOldGen: 39699K(1398272K)->39699K(1398272K)
[53.685s][info][gc,metaspace   ] GC(193) Metaspace: 93566K(94272K)->93566K(94272K) NonClass: 83721K(84096K)->83721K(84096K) Class: 9845K(10176K)->9845K(10176K)
[53.685s][info][gc             ] GC(193) Pause Young (Allocation Failure) 712M->40M(2045M) 0.982ms
[53.685s][info][gc,cpu         ] GC(193) User=0.00s Sys=0.00s Real=0.00s
[53.916s][info][gc,start       ] GC(194) Pause Young (System.gc())
[53.917s][info][gc,heap        ] GC(194) PSYoungGen: 565498K(696320K)->460K(696320K) Eden: 564067K(693760K)->0K(693760K) From: 1430K(2560K)->460K(2560K)
[53.917s][info][gc,heap        ] GC(194) ParOldGen: 39699K(1398272K)->40148K(1398272K)
[53.917s][info][gc,metaspace   ] GC(194) Metaspace: 93566K(94272K)->93566K(94272K) NonClass: 83721K(84096K)->83721K(84096K) Class: 9845K(10176K)->9845K(10176K)
[53.917s][info][gc             ] GC(194) Pause Young (System.gc()) 591M->39M(2045M) 0.936ms
[53.917s][info][gc,cpu         ] GC(194) User=0.00s Sys=0.00s Real=0.00s
[53.917s][info][gc,start       ] GC(195) Pause Full (System.gc())
[53.917s][info][gc,phases,start] GC(195) Marking Phase
[53.935s][info][gc,phases      ] GC(195) Marking Phase 18.083ms
[53.935s][info][gc,phases,start] GC(195) Summary Phase
[53.935s][info][gc,phases      ] GC(195) Summary Phase 0.014ms
[53.935s][info][gc,phases,start] GC(195) Adjust Roots
[53.943s][info][gc,phases      ] GC(195) Adjust Roots 8.270ms
[53.943s][info][gc,phases,start] GC(195) Compaction Phase
[53.950s][info][gc,phases      ] GC(195) Compaction Phase 6.418ms
[53.950s][info][gc,phases,start] GC(195) Post Compact
[53.950s][info][gc,phases      ] GC(195) Post Compact 0.425ms
[53.950s][info][gc,heap        ] GC(195) PSYoungGen: 460K(696320K)->0K(696320K) Eden: 0K(693760K)->0K(693760K) From: 460K(2560K)->0K(2560K)
[53.950s][info][gc,heap        ] GC(195) ParOldGen: 40148K(1398272K)->39258K(1398272K)
[53.950s][info][gc,metaspace   ] GC(195) Metaspace: 93566K(94272K)->93566K(94272K) NonClass: 83721K(84096K)->83721K(84096K) Class: 9845K(10176K)->9845K(10176K)
[53.950s][info][gc             ] GC(195) Pause Full (System.gc()) 39M->38M(2045M) 33.514ms
[53.950s][info][gc,cpu         ] GC(195) User=0.11s Sys=0.00s Real=0.03s
[54.260s][info][gc,start       ] GC(196) Pause Young (Allocation Failure)
[54.261s][info][gc,heap        ] GC(196) PSYoungGen: 693760K(696320K)->1462K(696320K) Eden: 693760K(693760K)->0K(693760K) From: 0K(2560K)->1462K(2560K)
[54.261s][info][gc,heap        ] GC(196) ParOldGen: 39258K(1398272K)->39258K(1398272K)
[54.261s][info][gc,metaspace   ] GC(196) Metaspace: 93566K(94272K)->93566K(94272K) NonClass: 83721K(84096K)->83721K(84096K) Class: 9845K(10176K)->9845K(10176K)
[54.261s][info][gc             ] GC(196) Pause Young (Allocation Failure) 715M->39M(2045M) 1.606ms
[54.261s][info][gc,cpu         ] GC(196) User=0.00s Sys=0.00s Real=0.00s
[54.496s][info][gc,start       ] GC(197) Pause Young (System.gc())
[54.497s][info][gc,heap        ] GC(197) PSYoungGen: 556788K(696320K)->428K(696320K) Eden: 555325K(693760K)->0K(693760K) From: 1462K(2560K)->428K(2560K)
[54.497s][info][gc,heap        ] GC(197) ParOldGen: 39258K(1398272K)->39704K(1398272K)
[54.497s][info][gc,metaspace   ] GC(197) Metaspace: 93566K(94272K)->93566K(94272K) NonClass: 83721K(84096K)->83721K(84096K) Class: 9845K(10176K)->9845K(10176K)
[54.497s][info][gc             ] GC(197) Pause Young (System.gc()) 582M->39M(2045M) 0.748ms
[54.497s][info][gc,cpu         ] GC(197) User=0.00s Sys=0.00s Real=0.00s
[54.497s][info][gc,start       ] GC(198) Pause Full (System.gc())
[54.497s][info][gc,phases,start] GC(198) Marking Phase
[54.515s][info][gc,phases      ] GC(198) Marking Phase 18.405ms
[54.515s][info][gc,phases,start] GC(198) Summary Phase
[54.515s][info][gc,phases      ] GC(198) Summary Phase 0.010ms
[54.515s][info][gc,phases,start] GC(198) Adjust Roots
[54.524s][info][gc,phases      ] GC(198) Adjust Roots 8.252ms
[54.524s][info][gc,phases,start] GC(198) Compaction Phase
[54.530s][info][gc,phases      ] GC(198) Compaction Phase 6.217ms
[54.530s][info][gc,phases,start] GC(198) Post Compact
[54.531s][info][gc,phases      ] GC(198) Post Compact 0.458ms
[54.531s][info][gc,heap        ] GC(198) PSYoungGen: 428K(696320K)->0K(696320K) Eden: 0K(693760K)->0K(693760K) From: 428K(2560K)->0K(2560K)
[54.531s][info][gc,heap        ] GC(198) ParOldGen: 39704K(1398272K)->39363K(1398272K)
[54.531s][info][gc,metaspace   ] GC(198) Metaspace: 93566K(94272K)->93566K(94272K) NonClass: 83721K(84096K)->83721K(84096K) Class: 9845K(10176K)->9845K(10176K)
[54.531s][info][gc             ] GC(198) Pause Full (System.gc()) 39M->38M(2045M) 33.635ms
[54.531s][info][gc,cpu         ] GC(198) User=0.11s Sys=0.00s Real=0.04s
[54.842s][info][gc,start       ] GC(199) Pause Young (Allocation Failure)
[54.844s][info][gc,heap        ] GC(199) PSYoungGen: 693755K(696320K)->1494K(696320K) Eden: 693755K(693760K)->0K(693760K) From: 0K(2560K)->1494K(2560K)
[54.844s][info][gc,heap        ] GC(199) ParOldGen: 39363K(1398272K)->39363K(1398272K)
[54.844s][info][gc,metaspace   ] GC(199) Metaspace: 93573K(94272K)->93573K(94272K) NonClass: 83727K(84096K)->83727K(84096K) Class: 9846K(10176K)->9846K(10176K)
[54.844s][info][gc             ] GC(199) Pause Young (Allocation Failure) 715M->39M(2045M) 1.216ms
[54.844s][info][gc,cpu         ] GC(199) User=0.09s Sys=0.00s Real=0.00s
[55.075s][info][gc,start       ] GC(200) Pause Young (System.gc())
[55.076s][info][gc,heap        ] GC(200) PSYoungGen: 560633K(696320K)->403K(696320K) Eden: 559138K(693760K)->0K(693760K) From: 1494K(2560K)->403K(2560K)
[55.076s][info][gc,heap        ] GC(200) ParOldGen: 39363K(1398272K)->39802K(1398272K)
[55.076s][info][gc,metaspace   ] GC(200) Metaspace: 93580K(94272K)->93580K(94272K) NonClass: 83734K(84096K)->83734K(84096K) Class: 9846K(10176K)->9846K(10176K)
[55.076s][info][gc             ] GC(200) Pause Young (System.gc()) 585M->39M(2045M) 0.829ms
[55.076s][info][gc,cpu         ] GC(200) User=0.00s Sys=0.00s Real=0.00s
[55.076s][info][gc,start       ] GC(201) Pause Full (System.gc())
[55.076s][info][gc,phases,start] GC(201) Marking Phase
[55.095s][info][gc,phases      ] GC(201) Marking Phase 18.735ms
[55.095s][info][gc,phases,start] GC(201) Summary Phase
[55.095s][info][gc,phases      ] GC(201) Summary Phase 0.010ms
[55.095s][info][gc,phases,start] GC(201) Adjust Roots
[55.104s][info][gc,phases      ] GC(201) Adjust Roots 8.565ms
[55.104s][info][gc,phases,start] GC(201) Compaction Phase
[55.109s][info][gc,phases      ] GC(201) Compaction Phase 5.559ms
[55.109s][info][gc,phases,start] GC(201) Post Compact
[55.110s][info][gc,phases      ] GC(201) Post Compact 0.488ms
[55.110s][info][gc,heap        ] GC(201) PSYoungGen: 403K(696320K)->0K(696320K) Eden: 0K(693760K)->0K(693760K) From: 403K(2560K)->0K(2560K)
[55.110s][info][gc,heap        ] GC(201) ParOldGen: 39802K(1398272K)->39468K(1398272K)
[55.110s][info][gc,metaspace   ] GC(201) Metaspace: 93580K(94272K)->93580K(94272K) NonClass: 83734K(84096K)->83734K(84096K) Class: 9846K(10176K)->9846K(10176K)
[55.110s][info][gc             ] GC(201) Pause Full (System.gc()) 39M->38M(2045M) 33.662ms
[55.110s][info][gc,cpu         ] GC(201) User=0.17s Sys=0.00s Real=0.04s
[55.417s][info][gc,start       ] GC(202) Pause Young (Allocation Failure)
[55.419s][info][gc,heap        ] GC(202) PSYoungGen: 693743K(696320K)->1590K(696320K) Eden: 693743K(693760K)->0K(693760K) From: 0K(2560K)->1590K(2560K)
[55.419s][info][gc,heap        ] GC(202) ParOldGen: 39468K(1398272K)->39468K(1398272K)
[55.419s][info][gc,metaspace   ] GC(202) Metaspace: 93587K(94336K)->93587K(94336K) NonClass: 83740K(84160K)->83740K(84160K) Class: 9846K(10176K)->9846K(10176K)
[55.419s][info][gc             ] GC(202) Pause Young (Allocation Failure) 716M->40M(2045M) 1.397ms
[55.419s][info][gc,cpu         ] GC(202) User=0.00s Sys=0.00s Real=0.00s
[55.647s][info][gc,start       ] GC(203) Pause Young (System.gc())
[55.648s][info][gc,heap        ] GC(203) PSYoungGen: 560271K(696320K)->428K(696320K) Eden: 558681K(693760K)->0K(693760K) From: 1590K(2560K)->428K(2560K)
[55.648s][info][gc,heap        ] GC(203) ParOldGen: 39468K(1398272K)->39919K(1398272K)
[55.648s][info][gc,metaspace   ] GC(203) Metaspace: 93587K(94336K)->93587K(94336K) NonClass: 83740K(84160K)->83740K(84160K) Class: 9846K(10176K)->9846K(10176K)
[55.648s][info][gc             ] GC(203) Pause Young (System.gc()) 585M->39M(2045M) 0.864ms
[55.648s][info][gc,cpu         ] GC(203) User=0.00s Sys=0.00s Real=0.00s
[55.648s][info][gc,start       ] GC(204) Pause Full (System.gc())
[55.648s][info][gc,phases,start] GC(204) Marking Phase
[55.670s][info][gc,phases      ] GC(204) Marking Phase 22.350ms
[55.670s][info][gc,phases,start] GC(204) Summary Phase
[55.670s][info][gc,phases      ] GC(204) Summary Phase 0.010ms
[55.670s][info][gc,phases,start] GC(204) Adjust Roots
[55.679s][info][gc,phases      ] GC(204) Adjust Roots 8.474ms
[55.679s][info][gc,phases,start] GC(204) Compaction Phase
[55.685s][info][gc,phases      ] GC(204) Compaction Phase 6.041ms
[55.685s][info][gc,phases,start] GC(204) Post Compact
[55.685s][info][gc,phases      ] GC(204) Post Compact 0.390ms
[55.685s][info][gc,heap        ] GC(204) PSYoungGen: 428K(696320K)->0K(696320K) Eden: 0K(693760K)->0K(693760K) From: 428K(2560K)->0K(2560K)
[55.685s][info][gc,heap        ] GC(204) ParOldGen: 39919K(1398272K)->39573K(1398272K)
[55.685s][info][gc,metaspace   ] GC(204) Metaspace: 93587K(94336K)->93587K(94336K) NonClass: 83740K(84160K)->83740K(84160K) Class: 9846K(10176K)->9846K(10176K)
[55.685s][info][gc             ] GC(204) Pause Full (System.gc()) 39M->38M(2045M) 37.535ms
[55.685s][info][gc,cpu         ] GC(204) User=0.11s Sys=0.00s Real=0.04s
[55.993s][info][gc,start       ] GC(205) Pause Young (Allocation Failure)
[55.994s][info][gc,heap        ] GC(205) PSYoungGen: 693754K(696320K)->1629K(695808K) Eden: 693754K(693760K)->0K(693760K) From: 0K(2560K)->1629K(2048K)
[55.994s][info][gc,heap        ] GC(205) ParOldGen: 39573K(1398272K)->39573K(1398272K)
[55.994s][info][gc,metaspace   ] GC(205) Metaspace: 93587K(94336K)->93587K(94336K) NonClass: 83740K(84160K)->83740K(84160K) Class: 9846K(10176K)->9846K(10176K)
[55.994s][info][gc             ] GC(205) Pause Young (Allocation Failure) 716M->40M(2045M) 1.208ms
[55.994s][info][gc,cpu         ] GC(205) User=0.00s Sys=0.00s Real=0.00s
[56.224s][info][gc,start       ] GC(206) Pause Young (System.gc())
[56.225s][info][gc,heap        ] GC(206) PSYoungGen: 560312K(695808K)->428K(696320K) Eden: 558682K(693760K)->0K(693248K) From: 1629K(2048K)->428K(3072K)
[56.225s][info][gc,heap        ] GC(206) ParOldGen: 39573K(1398272K)->40025K(1398272K)
[56.225s][info][gc,metaspace   ] GC(206) Metaspace: 93587K(94336K)->93587K(94336K) NonClass: 83740K(84160K)->83740K(84160K) Class: 9846K(10176K)->9846K(10176K)
[56.225s][info][gc             ] GC(206) Pause Young (System.gc()) 585M->39M(2045M) 0.786ms
[56.225s][info][gc,cpu         ] GC(206) User=0.00s Sys=0.00s Real=0.00s
[56.225s][info][gc,start       ] GC(207) Pause Full (System.gc())
[56.225s][info][gc,phases,start] GC(207) Marking Phase
[56.244s][info][gc,phases      ] GC(207) Marking Phase 18.662ms
[56.244s][info][gc,phases,start] GC(207) Summary Phase
[56.244s][info][gc,phases      ] GC(207) Summary Phase 0.009ms
[56.244s][info][gc,phases,start] GC(207) Adjust Roots
[56.252s][info][gc,phases      ] GC(207) Adjust Roots 8.366ms
[56.252s][info][gc,phases,start] GC(207) Compaction Phase
[56.259s][info][gc,phases      ] GC(207) Compaction Phase 6.368ms
[56.259s][info][gc,phases,start] GC(207) Post Compact
[56.259s][info][gc,phases      ] GC(207) Post Compact 0.336ms
[56.259s][info][gc,heap        ] GC(207) PSYoungGen: 428K(696320K)->0K(696320K) Eden: 0K(693248K)->0K(693248K) From: 428K(3072K)->0K(3072K)
[56.259s][info][gc,heap        ] GC(207) ParOldGen: 40025K(1398272K)->39677K(1398272K)
[56.259s][info][gc,metaspace   ] GC(207) Metaspace: 93587K(94336K)->93587K(94336K) NonClass: 83740K(84160K)->83740K(84160K) Class: 9846K(10176K)->9846K(10176K)
[56.259s][info][gc             ] GC(207) Pause Full (System.gc()) 39M->38M(2045M) 34.027ms
[56.259s][info][gc,cpu         ] GC(207) User=0.03s Sys=0.00s Real=0.03s
[56.569s][info][gc,start       ] GC(208) Pause Young (Allocation Failure)
[56.570s][info][gc,heap        ] GC(208) PSYoungGen: 693121K(696320K)->1494K(695808K) Eden: 693121K(693248K)->0K(693248K) From: 0K(3072K)->1494K(2560K)
[56.571s][info][gc,heap        ] GC(208) ParOldGen: 39677K(1398272K)->39677K(1398272K)
[56.571s][info][gc,metaspace   ] GC(208) Metaspace: 93590K(94336K)->93590K(94336K) NonClass: 83743K(84160K)->83743K(84160K) Class: 9847K(10176K)->9847K(10176K)
[56.571s][info][gc             ] GC(208) Pause Young (Allocation Failure) 715M->40M(2045M) 1.239ms
[56.571s][info][gc,cpu         ] GC(208) User=0.00s Sys=0.00s Real=0.00s
[56.802s][info][gc,start       ] GC(209) Pause Young (System.gc())
[56.803s][info][gc,heap        ] GC(209) PSYoungGen: 561047K(695808K)->435K(696320K) Eden: 559552K(693248K)->0K(693760K) From: 1494K(2560K)->435K(2560K)
[56.803s][info][gc,heap        ] GC(209) ParOldGen: 39677K(1398272K)->40128K(1398272K)
[56.803s][info][gc,metaspace   ] GC(209) Metaspace: 93597K(94336K)->93597K(94336K) NonClass: 83750K(84160K)->83750K(84160K) Class: 9847K(10176K)->9847K(10176K)
[56.803s][info][gc             ] GC(209) Pause Young (System.gc()) 586M->39M(2045M) 0.962ms
[56.803s][info][gc,cpu         ] GC(209) User=0.00s Sys=0.00s Real=0.00s
[56.803s][info][gc,start       ] GC(210) Pause Full (System.gc())
[56.803s][info][gc,phases,start] GC(210) Marking Phase
[56.822s][info][gc,phases      ] GC(210) Marking Phase 18.510ms
[56.822s][info][gc,phases,start] GC(210) Summary Phase
[56.822s][info][gc,phases      ] GC(210) Summary Phase 0.011ms
[56.822s][info][gc,phases,start] GC(210) Adjust Roots
[56.831s][info][gc,phases      ] GC(210) Adjust Roots 9.090ms
[56.831s][info][gc,phases,start] GC(210) Compaction Phase
[56.836s][info][gc,phases      ] GC(210) Compaction Phase 5.326ms
[56.836s][info][gc,phases,start] GC(210) Post Compact
[56.837s][info][gc,phases      ] GC(210) Post Compact 0.468ms
[56.837s][info][gc,heap        ] GC(210) PSYoungGen: 435K(696320K)->0K(696320K) Eden: 0K(693760K)->0K(693760K) From: 435K(2560K)->0K(2560K)
[56.837s][info][gc,heap        ] GC(210) ParOldGen: 40128K(1398272K)->39231K(1398272K)
[56.837s][info][gc,metaspace   ] GC(210) Metaspace: 93597K(94336K)->93597K(94336K) NonClass: 83750K(84160K)->83750K(84160K) Class: 9847K(10176K)->9847K(10176K)
[56.837s][info][gc             ] GC(210) Pause Full (System.gc()) 39M->38M(2045M) 33.684ms
[56.837s][info][gc,cpu         ] GC(210) User=0.03s Sys=0.00s Real=0.04s
[57.145s][info][gc,start       ] GC(211) Pause Young (Allocation Failure)
[57.146s][info][gc,heap        ] GC(211) PSYoungGen: 690049K(696320K)->1401K(696320K) Eden: 690049K(693760K)->0K(693760K) From: 0K(2560K)->1401K(2560K)
[57.146s][info][gc,heap        ] GC(211) ParOldGen: 39231K(1398272K)->39231K(1398272K)
[57.146s][info][gc,metaspace   ] GC(211) Metaspace: 93597K(94336K)->93597K(94336K) NonClass: 83750K(84160K)->83750K(84160K) Class: 9847K(10176K)->9847K(10176K)
[57.146s][info][gc             ] GC(211) Pause Young (Allocation Failure) 712M->39M(2045M) 1.003ms
[57.146s][info][gc,cpu         ] GC(211) User=0.00s Sys=0.00s Real=0.00s
[57.377s][info][gc,start       ] GC(212) Pause Young (System.gc())
[57.378s][info][gc,heap        ] GC(212) PSYoungGen: 566368K(696320K)->467K(696320K) Eden: 564967K(693760K)->0K(693760K) From: 1401K(2560K)->467K(2560K)
[57.378s][info][gc,heap        ] GC(212) ParOldGen: 39231K(1398272K)->39684K(1398272K)
[57.378s][info][gc,metaspace   ] GC(212) Metaspace: 93597K(94336K)->93597K(94336K) NonClass: 83750K(84160K)->83750K(84160K) Class: 9847K(10176K)->9847K(10176K)
[57.378s][info][gc             ] GC(212) Pause Young (System.gc()) 591M->39M(2045M) 0.928ms
[57.378s][info][gc,cpu         ] GC(212) User=0.00s Sys=0.00s Real=0.00s
[57.378s][info][gc,start       ] GC(213) Pause Full (System.gc())
[57.378s][info][gc,phases,start] GC(213) Marking Phase
[57.398s][info][gc,phases      ] GC(213) Marking Phase 20.155ms
[57.398s][info][gc,phases,start] GC(213) Summary Phase
[57.398s][info][gc,phases      ] GC(213) Summary Phase 0.009ms
[57.398s][info][gc,phases,start] GC(213) Adjust Roots
[57.406s][info][gc,phases      ] GC(213) Adjust Roots 8.549ms
[57.407s][info][gc,phases,start] GC(213) Compaction Phase
[57.413s][info][gc,phases      ] GC(213) Compaction Phase 6.327ms
[57.413s][info][gc,phases,start] GC(213) Post Compact
[57.413s][info][gc,phases      ] GC(213) Post Compact 0.450ms
[57.413s][info][gc,heap        ] GC(213) PSYoungGen: 467K(696320K)->0K(696320K) Eden: 0K(693760K)->0K(693760K) From: 467K(2560K)->0K(2560K)
[57.413s][info][gc,heap        ] GC(213) ParOldGen: 39684K(1398272K)->39335K(1398272K)
[57.413s][info][gc,metaspace   ] GC(213) Metaspace: 93597K(94336K)->93597K(94336K) NonClass: 83750K(84160K)->83750K(84160K) Class: 9847K(10176K)->9847K(10176K)
[57.414s][info][gc             ] GC(213) Pause Full (System.gc()) 39M->38M(2045M) 35.816ms
[57.414s][info][gc,cpu         ] GC(213) User=0.03s Sys=0.00s Real=0.04s
[57.721s][info][gc,start       ] GC(214) Pause Young (Allocation Failure)
[57.722s][info][gc,heap        ] GC(214) PSYoungGen: 693760K(696320K)->1463K(696320K) Eden: 693760K(693760K)->0K(693760K) From: 0K(2560K)->1463K(2560K)
[57.722s][info][gc,heap        ] GC(214) ParOldGen: 39335K(1398272K)->39335K(1398272K)
[57.722s][info][gc,metaspace   ] GC(214) Metaspace: 93597K(94336K)->93597K(94336K) NonClass: 83750K(84160K)->83750K(84160K) Class: 9847K(10176K)->9847K(10176K)
[57.723s][info][gc             ] GC(214) Pause Young (Allocation Failure) 715M->39M(2045M) 1.388ms
[57.723s][info][gc,cpu         ] GC(214) User=0.00s Sys=0.00s Real=0.00s
[57.950s][info][gc,start       ] GC(215) Pause Young (System.gc())
[57.951s][info][gc,heap        ] GC(215) PSYoungGen: 557395K(696320K)->435K(696320K) Eden: 555931K(693760K)->0K(693760K) From: 1463K(2560K)->435K(2560K)
[57.951s][info][gc,heap        ] GC(215) ParOldGen: 39335K(1398272K)->39779K(1398272K)
[57.951s][info][gc,metaspace   ] GC(215) Metaspace: 93597K(94336K)->93597K(94336K) NonClass: 83750K(84160K)->83750K(84160K) Class: 9847K(10176K)->9847K(10176K)
[57.951s][info][gc             ] GC(215) Pause Young (System.gc()) 582M->39M(2045M) 0.918ms
[57.951s][info][gc,cpu         ] GC(215) User=0.00s Sys=0.00s Real=0.00s
[57.951s][info][gc,start       ] GC(216) Pause Full (System.gc())
[57.951s][info][gc,phases,start] GC(216) Marking Phase
[57.970s][info][gc,phases      ] GC(216) Marking Phase 19.640ms
[57.970s][info][gc,phases,start] GC(216) Summary Phase
[57.970s][info][gc,phases      ] GC(216) Summary Phase 0.010ms
[57.970s][info][gc,phases,start] GC(216) Adjust Roots
[57.979s][info][gc,phases      ] GC(216) Adjust Roots 8.780ms
[57.979s][info][gc,phases,start] GC(216) Compaction Phase
[57.985s][info][gc,phases      ] GC(216) Compaction Phase 5.899ms
[57.985s][info][gc,phases,start] GC(216) Post Compact
[57.986s][info][gc,phases      ] GC(216) Post Compact 0.494ms
[57.986s][info][gc,heap        ] GC(216) PSYoungGen: 435K(696320K)->0K(696320K) Eden: 0K(693760K)->0K(693760K) From: 435K(2560K)->0K(2560K)
[57.986s][info][gc,heap        ] GC(216) ParOldGen: 39779K(1398272K)->39440K(1398272K)
[57.986s][info][gc,metaspace   ] GC(216) Metaspace: 93597K(94336K)->93597K(94336K) NonClass: 83750K(84160K)->83750K(84160K) Class: 9847K(10176K)->9847K(10176K)
[57.986s][info][gc             ] GC(216) Pause Full (System.gc()) 39M->38M(2045M) 35.129ms
[57.986s][info][gc,cpu         ] GC(216) User=0.16s Sys=0.02s Real=0.04s
[58.291s][info][gc,start       ] GC(217) Pause Young (Allocation Failure)
[58.292s][info][gc,heap        ] GC(217) PSYoungGen: 693622K(696320K)->1501K(696320K) Eden: 693622K(693760K)->0K(693760K) From: 0K(2560K)->1501K(2560K)
[58.292s][info][gc,heap        ] GC(217) ParOldGen: 39440K(1398272K)->39440K(1398272K)
[58.292s][info][gc,metaspace   ] GC(217) Metaspace: 93597K(94336K)->93597K(94336K) NonClass: 83750K(84160K)->83750K(84160K) Class: 9847K(10176K)->9847K(10176K)
[58.292s][info][gc             ] GC(217) Pause Young (Allocation Failure) 715M->39M(2045M) 1.244ms
[58.292s][info][gc,cpu         ] GC(217) User=0.00s Sys=0.00s Real=0.00s
[58.522s][info][gc,start       ] GC(218) Pause Young (System.gc())
[58.523s][info][gc,heap        ] GC(218) PSYoungGen: 560623K(696320K)->460K(696320K) Eden: 559121K(693760K)->0K(693760K) From: 1501K(2560K)->460K(2560K)
[58.523s][info][gc,heap        ] GC(218) ParOldGen: 39440K(1398272K)->39892K(1398272K)
[58.523s][info][gc,metaspace   ] GC(218) Metaspace: 93597K(94336K)->93597K(94336K) NonClass: 83750K(84160K)->83750K(84160K) Class: 9847K(10176K)->9847K(10176K)
[58.523s][info][gc             ] GC(218) Pause Young (System.gc()) 585M->39M(2045M) 0.866ms
[58.523s][info][gc,cpu         ] GC(218) User=0.00s Sys=0.00s Real=0.00s
[58.523s][info][gc,start       ] GC(219) Pause Full (System.gc())
[58.523s][info][gc,phases,start] GC(219) Marking Phase
[58.541s][info][gc,phases      ] GC(219) Marking Phase 18.407ms
[58.541s][info][gc,phases,start] GC(219) Summary Phase
[58.541s][info][gc,phases      ] GC(219) Summary Phase 0.010ms
[58.541s][info][gc,phases,start] GC(219) Adjust Roots
[58.550s][info][gc,phases      ] GC(219) Adjust Roots 8.264ms
[58.550s][info][gc,phases,start] GC(219) Compaction Phase
[58.555s][info][gc,phases      ] GC(219) Compaction Phase 5.546ms
[58.555s][info][gc,phases,start] GC(219) Post Compact
[58.556s][info][gc,phases      ] GC(219) Post Compact 0.497ms
[58.556s][info][gc,heap        ] GC(219) PSYoungGen: 460K(696320K)->0K(696320K) Eden: 0K(693760K)->0K(693760K) From: 460K(2560K)->0K(2560K)
[58.556s][info][gc,heap        ] GC(219) ParOldGen: 39892K(1398272K)->39544K(1398272K)
[58.556s][info][gc,metaspace   ] GC(219) Metaspace: 93597K(94336K)->93597K(94336K) NonClass: 83750K(84160K)->83750K(84160K) Class: 9847K(10176K)->9847K(10176K)
[58.556s][info][gc             ] GC(219) Pause Full (System.gc()) 39M->38M(2045M) 33.026ms
[58.556s][info][gc,cpu         ] GC(219) User=0.03s Sys=0.00s Real=0.05s
[58.863s][info][gc,start       ] GC(220) Pause Young (Allocation Failure)
[58.865s][info][gc,heap        ] GC(220) PSYoungGen: 693746K(696320K)->1631K(696320K) Eden: 693746K(693760K)->0K(693760K) From: 0K(2560K)->1631K(2560K)
[58.865s][info][gc,heap        ] GC(220) ParOldGen: 39544K(1398272K)->39544K(1398272K)
[58.865s][info][gc,metaspace   ] GC(220) Metaspace: 93597K(94336K)->93597K(94336K) NonClass: 83750K(84160K)->83750K(84160K) Class: 9847K(10176K)->9847K(10176K)
[58.865s][info][gc             ] GC(220) Pause Young (Allocation Failure) 716M->40M(2045M) 1.245ms
[58.865s][info][gc,cpu         ] GC(220) User=0.00s Sys=0.00s Real=0.00s
[59.094s][info][gc,start       ] GC(221) Pause Young (System.gc())
[59.095s][info][gc,heap        ] GC(221) PSYoungGen: 560753K(696320K)->460K(696320K) Eden: 559121K(693760K)->0K(693760K) From: 1631K(2560K)->460K(2560K)
[59.095s][info][gc,heap        ] GC(221) ParOldGen: 39544K(1398272K)->39998K(1398272K)
[59.095s][info][gc,metaspace   ] GC(221) Metaspace: 93597K(94336K)->93597K(94336K) NonClass: 83750K(84160K)->83750K(84160K) Class: 9847K(10176K)->9847K(10176K)
[59.095s][info][gc             ] GC(221) Pause Young (System.gc()) 586M->39M(2045M) 0.827ms
[59.095s][info][gc,cpu         ] GC(221) User=0.00s Sys=0.00s Real=0.00s
[59.095s][info][gc,start       ] GC(222) Pause Full (System.gc())
[59.095s][info][gc,phases,start] GC(222) Marking Phase
[59.113s][info][gc,phases      ] GC(222) Marking Phase 18.466ms
[59.113s][info][gc,phases,start] GC(222) Summary Phase
[59.113s][info][gc,phases      ] GC(222) Summary Phase 0.009ms
[59.113s][info][gc,phases,start] GC(222) Adjust Roots
[59.122s][info][gc,phases      ] GC(222) Adjust Roots 8.138ms
[59.122s][info][gc,phases,start] GC(222) Compaction Phase
[59.128s][info][gc,phases      ] GC(222) Compaction Phase 6.172ms
[59.128s][info][gc,phases,start] GC(222) Post Compact
[59.128s][info][gc,phases      ] GC(222) Post Compact 0.483ms
[59.129s][info][gc,heap        ] GC(222) PSYoungGen: 460K(696320K)->0K(696320K) Eden: 0K(693760K)->0K(693760K) From: 460K(2560K)->0K(2560K)
[59.129s][info][gc,heap        ] GC(222) ParOldGen: 39998K(1398272K)->39649K(1398272K)
[59.129s][info][gc,metaspace   ] GC(222) Metaspace: 93597K(94336K)->93597K(94336K) NonClass: 83750K(84160K)->83750K(84160K) Class: 9847K(10176K)->9847K(10176K)
[59.129s][info][gc             ] GC(222) Pause Full (System.gc()) 39M->38M(2045M) 33.599ms
[59.129s][info][gc,cpu         ] GC(222) User=0.11s Sys=0.00s Real=0.03s
[59.431s][info][gc,start       ] GC(223) Pause Young (Allocation Failure)
[59.432s][info][gc,heap        ] GC(223) PSYoungGen: 690521K(696320K)->1494K(696320K) Eden: 690521K(693760K)->0K(693760K) From: 0K(2560K)->1494K(2560K)
[59.432s][info][gc,heap        ] GC(223) ParOldGen: 39649K(1398272K)->39649K(1398272K)
[59.432s][info][gc,metaspace   ] GC(223) Metaspace: 93600K(94336K)->93600K(94336K) NonClass: 83753K(84160K)->83753K(84160K) Class: 9847K(10176K)->9847K(10176K)
[59.432s][info][gc             ] GC(223) Pause Young (Allocation Failure) 713M->40M(2045M) 1.062ms
[59.432s][info][gc,cpu         ] GC(223) User=0.00s Sys=0.00s Real=0.00s
[59.663s][info][gc,start       ] GC(224) Pause Young (System.gc())
[59.663s][info][gc,heap        ] GC(224) PSYoungGen: 566083K(696320K)->460K(696320K) Eden: 564589K(693760K)->0K(693760K) From: 1494K(2560K)->460K(2560K)
[59.663s][info][gc,heap        ] GC(224) ParOldGen: 39649K(1398272K)->40162K(1398272K)
[59.663s][info][gc,metaspace   ] GC(224) Metaspace: 93601K(94336K)->93601K(94336K) NonClass: 83753K(84160K)->83753K(84160K) Class: 9847K(10176K)->9847K(10176K)
[59.664s][info][gc             ] GC(224) Pause Young (System.gc()) 591M->39M(2045M) 0.793ms
[59.664s][info][gc,cpu         ] GC(224) User=0.00s Sys=0.00s Real=0.00s
[59.664s][info][gc,start       ] GC(225) Pause Full (System.gc())
[59.664s][info][gc,phases,start] GC(225) Marking Phase
[59.683s][info][gc,phases      ] GC(225) Marking Phase 19.376ms
[59.683s][info][gc,phases,start] GC(225) Summary Phase
[59.683s][info][gc,phases      ] GC(225) Summary Phase 0.010ms
[59.683s][info][gc,phases,start] GC(225) Adjust Roots
[59.691s][info][gc,phases      ] GC(225) Adjust Roots 8.220ms
[59.691s][info][gc,phases,start] GC(225) Compaction Phase
[59.698s][info][gc,phases      ] GC(225) Compaction Phase 6.323ms
[59.698s][info][gc,phases,start] GC(225) Post Compact
[59.698s][info][gc,phases      ] GC(225) Post Compact 0.342ms
[59.698s][info][gc,heap        ] GC(225) PSYoungGen: 460K(696320K)->0K(696320K) Eden: 0K(693760K)->0K(693760K) From: 460K(2560K)->0K(2560K)
[59.698s][info][gc,heap        ] GC(225) ParOldGen: 40162K(1398272K)->39664K(1398272K)
[59.698s][info][gc,metaspace   ] GC(225) Metaspace: 93601K(94336K)->93601K(94336K) NonClass: 83753K(84160K)->83753K(84160K) Class: 9847K(10176K)->9847K(10176K)
[59.698s][info][gc             ] GC(225) Pause Full (System.gc()) 39M->38M(2045M) 34.530ms
[59.698s][info][gc,cpu         ] GC(225) User=0.11s Sys=0.00s Real=0.04s
[60.000s][info][gc,start       ] GC(226) Pause Young (Allocation Failure)
[60.001s][info][gc,heap        ] GC(226) PSYoungGen: 690123K(696320K)->1398K(696320K) Eden: 690123K(693760K)->0K(693760K) From: 0K(2560K)->1398K(2560K)
[60.001s][info][gc,heap        ] GC(226) ParOldGen: 39664K(1398272K)->39664K(1398272K)
[60.001s][info][gc,metaspace   ] GC(226) Metaspace: 93617K(94336K)->93617K(94336K) NonClass: 83770K(84160K)->83770K(84160K) Class: 9847K(10176K)->9847K(10176K)
[60.001s][info][gc             ] GC(226) Pause Young (Allocation Failure) 712M->40M(2045M) 0.953ms
[60.001s][info][gc,cpu         ] GC(226) User=0.00s Sys=0.00s Real=0.00s
[60.231s][info][gc,start       ] GC(227) Pause Young (System.gc())
[60.232s][info][gc,heap        ] GC(227) PSYoungGen: 565339K(696320K)->460K(696320K) Eden: 563940K(693760K)->0K(693760K) From: 1398K(2560K)->460K(2560K)
[60.232s][info][gc,heap        ] GC(227) ParOldGen: 39664K(1398272K)->40106K(1398272K)
[60.232s][info][gc,metaspace   ] GC(227) Metaspace: 93617K(94336K)->93617K(94336K) NonClass: 83770K(84160K)->83770K(84160K) Class: 9847K(10176K)->9847K(10176K)
[60.232s][info][gc             ] GC(227) Pause Young (System.gc()) 590M->39M(2045M) 0.831ms
[60.232s][info][gc,cpu         ] GC(227) User=0.00s Sys=0.00s Real=0.00s
[60.232s][info][gc,start       ] GC(228) Pause Full (System.gc())
[60.232s][info][gc,phases,start] GC(228) Marking Phase
[60.250s][info][gc,phases      ] GC(228) Marking Phase 18.088ms
[60.250s][info][gc,phases,start] GC(228) Summary Phase
[60.250s][info][gc,phases      ] GC(228) Summary Phase 0.009ms
[60.250s][info][gc,phases,start] GC(228) Adjust Roots
[60.259s][info][gc,phases      ] GC(228) Adjust Roots 8.608ms
[60.259s][info][gc,phases,start] GC(228) Compaction Phase
[60.265s][info][gc,phases      ] GC(228) Compaction Phase 5.963ms
[60.265s][info][gc,phases,start] GC(228) Post Compact
[60.265s][info][gc,phases      ] GC(228) Post Compact 0.359ms
[60.266s][info][gc,heap        ] GC(228) PSYoungGen: 460K(696320K)->0K(696320K) Eden: 0K(693760K)->0K(693760K) From: 460K(2560K)->0K(2560K)
[60.266s][info][gc,heap        ] GC(228) ParOldGen: 40106K(1398272K)->39219K(1398272K)
[60.266s][info][gc,metaspace   ] GC(228) Metaspace: 93617K(94336K)->93617K(94336K) NonClass: 83770K(84160K)->83770K(84160K) Class: 9847K(10176K)->9847K(10176K)
[60.266s][info][gc             ] GC(228) Pause Full (System.gc()) 39M->38M(2045M) 33.312ms
[60.266s][info][gc,cpu         ] GC(228) User=0.14s Sys=0.00s Real=0.04s
[60.573s][info][gc,start       ] GC(229) Pause Young (Allocation Failure)
[60.574s][info][gc,heap        ] GC(229) PSYoungGen: 693760K(696320K)->1651K(696320K) Eden: 693760K(693760K)->0K(693760K) From: 0K(2560K)->1651K(2560K)
[60.574s][info][gc,heap        ] GC(229) ParOldGen: 39219K(1398272K)->39219K(1398272K)
[60.574s][info][gc,metaspace   ] GC(229) Metaspace: 93617K(94336K)->93617K(94336K) NonClass: 83770K(84160K)->83770K(84160K) Class: 9847K(10176K)->9847K(10176K)
[60.574s][info][gc             ] GC(229) Pause Young (Allocation Failure) 715M->39M(2045M) 1.345ms
[60.574s][info][gc,cpu         ] GC(229) User=0.00s Sys=0.00s Real=0.00s
[60.802s][info][gc,start       ] GC(230) Pause Young (System.gc())
[60.802s][info][gc,heap        ] GC(230) PSYoungGen: 558506K(696320K)->428K(696320K) Eden: 556855K(693760K)->0K(693760K) From: 1651K(2560K)->428K(2560K)
[60.802s][info][gc,heap        ] GC(230) ParOldGen: 39219K(1398272K)->39676K(1398272K)
[60.802s][info][gc,metaspace   ] GC(230) Metaspace: 93617K(94336K)->93617K(94336K) NonClass: 83770K(84160K)->83770K(84160K) Class: 9847K(10176K)->9847K(10176K)
[60.802s][info][gc             ] GC(230) Pause Young (System.gc()) 583M->39M(2045M) 0.848ms
[60.802s][info][gc,cpu         ] GC(230) User=0.00s Sys=0.00s Real=0.00s
[60.802s][info][gc,start       ] GC(231) Pause Full (System.gc())
[60.802s][info][gc,phases,start] GC(231) Marking Phase
[60.822s][info][gc,phases      ] GC(231) Marking Phase 19.503ms
[60.822s][info][gc,phases,start] GC(231) Summary Phase
[60.822s][info][gc,phases      ] GC(231) Summary Phase 0.010ms
[60.822s][info][gc,phases,start] GC(231) Adjust Roots
[60.830s][info][gc,phases      ] GC(231) Adjust Roots 8.397ms
[60.831s][info][gc,phases,start] GC(231) Compaction Phase
[60.837s][info][gc,phases      ] GC(231) Compaction Phase 6.554ms
[60.837s][info][gc,phases,start] GC(231) Post Compact
[60.838s][info][gc,phases      ] GC(231) Post Compact 0.575ms
[60.838s][info][gc,heap        ] GC(231) PSYoungGen: 428K(696320K)->0K(696320K) Eden: 0K(693760K)->0K(693760K) From: 428K(2560K)->0K(2560K)
[60.838s][info][gc,heap        ] GC(231) ParOldGen: 39676K(1398272K)->39325K(1398272K)
[60.838s][info][gc,metaspace   ] GC(231) Metaspace: 93617K(94336K)->93617K(94336K) NonClass: 83770K(84160K)->83770K(84160K) Class: 9847K(10176K)->9847K(10176K)
[60.838s][info][gc             ] GC(231) Pause Full (System.gc()) 39M->38M(2045M) 35.395ms
[60.838s][info][gc,cpu         ] GC(231) User=0.03s Sys=0.00s Real=0.04s
[61.146s][info][gc,start       ] GC(232) Pause Young (Allocation Failure)
[61.147s][info][gc,heap        ] GC(232) PSYoungGen: 693713K(696320K)->1689K(695808K) Eden: 693713K(693760K)->0K(693760K) From: 0K(2560K)->1689K(2048K)
[61.147s][info][gc,heap        ] GC(232) ParOldGen: 39325K(1398272K)->39325K(1398272K)
[61.147s][info][gc,metaspace   ] GC(232) Metaspace: 93617K(94336K)->93617K(94336K) NonClass: 83770K(84160K)->83770K(84160K) Class: 9847K(10176K)->9847K(10176K)
[61.147s][info][gc             ] GC(232) Pause Young (Allocation Failure) 715M->40M(2045M) 1.252ms
[61.147s][info][gc,cpu         ] GC(232) User=0.00s Sys=0.00s Real=0.00s
[61.375s][info][gc,start       ] GC(233) Pause Young (System.gc())
[61.376s][info][gc,heap        ] GC(233) PSYoungGen: 559740K(695808K)->443K(696320K) Eden: 558050K(693760K)->0K(693248K) From: 1689K(2048K)->443K(3072K)
[61.376s][info][gc,heap        ] GC(233) ParOldGen: 39325K(1398272K)->39771K(1398272K)
[61.376s][info][gc,metaspace   ] GC(233) Metaspace: 93617K(94336K)->93617K(94336K) NonClass: 83770K(84160K)->83770K(84160K) Class: 9847K(10176K)->9847K(10176K)
[61.376s][info][gc             ] GC(233) Pause Young (System.gc()) 585M->39M(2045M) 1.053ms
[61.376s][info][gc,cpu         ] GC(233) User=0.00s Sys=0.00s Real=0.00s
[61.376s][info][gc,start       ] GC(234) Pause Full (System.gc())
[61.376s][info][gc,phases,start] GC(234) Marking Phase
[61.394s][info][gc,phases      ] GC(234) Marking Phase 18.708ms
[61.395s][info][gc,phases,start] GC(234) Summary Phase
[61.395s][info][gc,phases      ] GC(234) Summary Phase 0.009ms
[61.395s][info][gc,phases,start] GC(234) Adjust Roots
[61.403s][info][gc,phases      ] GC(234) Adjust Roots 8.754ms
[61.403s][info][gc,phases,start] GC(234) Compaction Phase
[61.410s][info][gc,phases      ] GC(234) Compaction Phase 6.293ms
[61.410s][info][gc,phases,start] GC(234) Post Compact
[61.410s][info][gc,phases      ] GC(234) Post Compact 0.429ms
[61.410s][info][gc,heap        ] GC(234) PSYoungGen: 443K(696320K)->0K(696320K) Eden: 0K(693248K)->0K(693248K) From: 443K(3072K)->0K(3072K)
[61.410s][info][gc,heap        ] GC(234) ParOldGen: 39771K(1398272K)->39429K(1398272K)
[61.410s][info][gc,metaspace   ] GC(234) Metaspace: 93617K(94336K)->93617K(94336K) NonClass: 83770K(84160K)->83770K(84160K) Class: 9847K(10176K)->9847K(10176K)
[61.410s][info][gc             ] GC(234) Pause Full (System.gc()) 39M->38M(2045M) 34.532ms
[61.410s][info][gc,cpu         ] GC(234) User=0.08s Sys=0.00s Real=0.03s
[61.715s][info][gc,start       ] GC(235) Pause Young (Allocation Failure)
[61.716s][info][gc,heap        ] GC(235) PSYoungGen: 690040K(696320K)->1430K(695808K) Eden: 690040K(693248K)->0K(693248K) From: 0K(3072K)->1430K(2560K)
[61.716s][info][gc,heap        ] GC(235) ParOldGen: 39429K(1398272K)->39429K(1398272K)
[61.716s][info][gc,metaspace   ] GC(235) Metaspace: 93617K(94336K)->93617K(94336K) NonClass: 83770K(84160K)->83770K(84160K) Class: 9847K(10176K)->9847K(10176K)
[61.716s][info][gc             ] GC(235) Pause Young (Allocation Failure) 712M->39M(2045M) 1.047ms
[61.716s][info][gc,cpu         ] GC(235) User=0.00s Sys=0.00s Real=0.00s
[61.950s][info][gc,start       ] GC(236) Pause Young (System.gc())
[61.951s][info][gc,heap        ] GC(236) PSYoungGen: 566111K(695808K)->460K(696320K) Eden: 564680K(693248K)->0K(693760K) From: 1430K(2560K)->460K(2560K)
[61.951s][info][gc,heap        ] GC(236) ParOldGen: 39429K(1398272K)->39877K(1398272K)
[61.951s][info][gc,metaspace   ] GC(236) Metaspace: 93617K(94336K)->93617K(94336K) NonClass: 83770K(84160K)->83770K(84160K) Class: 9847K(10176K)->9847K(10176K)
[61.951s][info][gc             ] GC(236) Pause Young (System.gc()) 591M->39M(2045M) 0.895ms
[61.951s][info][gc,cpu         ] GC(236) User=0.00s Sys=0.00s Real=0.00s
[61.951s][info][gc,start       ] GC(237) Pause Full (System.gc())
[61.951s][info][gc,phases,start] GC(237) Marking Phase
[61.971s][info][gc,phases      ] GC(237) Marking Phase 19.751ms
[61.971s][info][gc,phases,start] GC(237) Summary Phase
[61.971s][info][gc,phases      ] GC(237) Summary Phase 0.019ms
[61.971s][info][gc,phases,start] GC(237) Adjust Roots
[61.979s][info][gc,phases      ] GC(237) Adjust Roots 8.623ms
[61.980s][info][gc,phases,start] GC(237) Compaction Phase
[61.985s][info][gc,phases      ] GC(237) Compaction Phase 5.138ms
[61.985s][info][gc,phases,start] GC(237) Post Compact
[61.985s][info][gc,phases      ] GC(237) Post Compact 0.493ms
[61.985s][info][gc,heap        ] GC(237) PSYoungGen: 460K(696320K)->0K(696320K) Eden: 0K(693760K)->0K(693760K) From: 460K(2560K)->0K(2560K)
[61.985s][info][gc,heap        ] GC(237) ParOldGen: 39877K(1398272K)->39533K(1398272K)
[61.985s][info][gc,metaspace   ] GC(237) Metaspace: 93617K(94336K)->93617K(94336K) NonClass: 83770K(84160K)->83770K(84160K) Class: 9847K(10176K)->9847K(10176K)
[61.985s][info][gc             ] GC(237) Pause Full (System.gc()) 39M->38M(2045M) 34.309ms
[61.985s][info][gc,cpu         ] GC(237) User=0.20s Sys=0.00s Real=0.03s
[62.293s][info][gc,start       ] GC(238) Pause Young (Allocation Failure)
[62.295s][info][gc,heap        ] GC(238) PSYoungGen: 693760K(696320K)->1590K(695808K) Eden: 693760K(693760K)->0K(693760K) From: 0K(2560K)->1590K(2048K)
[62.295s][info][gc,heap        ] GC(238) ParOldGen: 39533K(1398272K)->39533K(1398272K)
[62.295s][info][gc,metaspace   ] GC(238) Metaspace: 93619K(94336K)->93619K(94336K) NonClass: 83771K(84160K)->83771K(84160K) Class: 9847K(10176K)->9847K(10176K)
[62.295s][info][gc             ] GC(238) Pause Young (Allocation Failure) 716M->40M(2045M) 1.396ms
[62.295s][info][gc,cpu         ] GC(238) User=0.00s Sys=0.00s Real=0.00s
[62.525s][info][gc,start       ] GC(239) Pause Young (System.gc())
[62.526s][info][gc,heap        ] GC(239) PSYoungGen: 559610K(695808K)->411K(696320K) Eden: 558020K(693760K)->0K(693248K) From: 1590K(2048K)->411K(3072K)
[62.526s][info][gc,heap        ] GC(239) ParOldGen: 39533K(1398272K)->39979K(1398272K)
[62.526s][info][gc,metaspace   ] GC(239) Metaspace: 93619K(94336K)->93619K(94336K) NonClass: 83771K(84160K)->83771K(84160K) Class: 9847K(10176K)->9847K(10176K)
[62.526s][info][gc             ] GC(239) Pause Young (System.gc()) 585M->39M(2045M) 0.998ms
[62.526s][info][gc,cpu         ] GC(239) User=0.00s Sys=0.00s Real=0.00s
[62.526s][info][gc,start       ] GC(240) Pause Full (System.gc())
[62.526s][info][gc,phases,start] GC(240) Marking Phase
[62.545s][info][gc,phases      ] GC(240) Marking Phase 18.618ms
[62.545s][info][gc,phases,start] GC(240) Summary Phase
[62.545s][info][gc,phases      ] GC(240) Summary Phase 0.010ms
[62.545s][info][gc,phases,start] GC(240) Adjust Roots
[62.553s][info][gc,phases      ] GC(240) Adjust Roots 8.539ms
[62.553s][info][gc,phases,start] GC(240) Compaction Phase
[62.560s][info][gc,phases      ] GC(240) Compaction Phase 6.186ms
[62.560s][info][gc,phases,start] GC(240) Post Compact
[62.560s][info][gc,phases      ] GC(240) Post Compact 0.460ms
[62.560s][info][gc,heap        ] GC(240) PSYoungGen: 411K(696320K)->0K(696320K) Eden: 0K(693248K)->0K(693248K) From: 411K(3072K)->0K(3072K)
[62.560s][info][gc,heap        ] GC(240) ParOldGen: 39979K(1398272K)->39639K(1398272K)
[62.560s][info][gc,metaspace   ] GC(240) Metaspace: 93619K(94336K)->93619K(94336K) NonClass: 83771K(84160K)->83771K(84160K) Class: 9847K(10176K)->9847K(10176K)
[62.560s][info][gc             ] GC(240) Pause Full (System.gc()) 39M->38M(2045M) 34.113ms
[62.560s][info][gc,cpu         ] GC(240) User=0.11s Sys=0.00s Real=0.04s
[62.868s][info][gc,start       ] GC(241) Pause Young (Allocation Failure)
[62.869s][info][gc,heap        ] GC(241) PSYoungGen: 693241K(696320K)->1544K(695808K) Eden: 693241K(693248K)->0K(693248K) From: 0K(3072K)->1544K(2560K)
[62.869s][info][gc,heap        ] GC(241) ParOldGen: 39639K(1398272K)->39639K(1398272K)
[62.869s][info][gc,metaspace   ] GC(241) Metaspace: 93619K(94336K)->93619K(94336K) NonClass: 83771K(84160K)->83771K(84160K) Class: 9847K(10176K)->9847K(10176K)
[62.869s][info][gc             ] GC(241) Pause Young (Allocation Failure) 715M->40M(2045M) 1.485ms
[62.869s][info][gc,cpu         ] GC(241) User=0.00s Sys=0.00s Real=0.00s
[63.099s][info][gc,start       ] GC(242) Pause Young (System.gc())
[63.100s][info][gc,heap        ] GC(242) PSYoungGen: 560728K(695808K)->396K(696320K) Eden: 559184K(693248K)->0K(693248K) From: 1544K(2560K)->396K(3072K)
[63.100s][info][gc,heap        ] GC(242) ParOldGen: 39639K(1398272K)->40087K(1398272K)
[63.100s][info][gc,metaspace   ] GC(242) Metaspace: 93622K(94336K)->93622K(94336K) NonClass: 83774K(84160K)->83774K(84160K) Class: 9847K(10176K)->9847K(10176K)
[63.100s][info][gc             ] GC(242) Pause Young (System.gc()) 586M->39M(2045M) 1.030ms
[63.100s][info][gc,cpu         ] GC(242) User=0.00s Sys=0.00s Real=0.00s
[63.100s][info][gc,start       ] GC(243) Pause Full (System.gc())
[63.100s][info][gc,phases,start] GC(243) Marking Phase
[63.118s][info][gc,phases      ] GC(243) Marking Phase 18.706ms
[63.118s][info][gc,phases,start] GC(243) Summary Phase
[63.118s][info][gc,phases      ] GC(243) Summary Phase 0.009ms
[63.118s][info][gc,phases,start] GC(243) Adjust Roots
[63.127s][info][gc,phases      ] GC(243) Adjust Roots 8.287ms
[63.127s][info][gc,phases,start] GC(243) Compaction Phase
[63.133s][info][gc,phases      ] GC(243) Compaction Phase 6.224ms
[63.133s][info][gc,phases,start] GC(243) Post Compact
[63.133s][info][gc,phases      ] GC(243) Post Compact 0.405ms
[63.134s][info][gc,heap        ] GC(243) PSYoungGen: 396K(696320K)->0K(696320K) Eden: 0K(693248K)->0K(693248K) From: 396K(3072K)->0K(3072K)
[63.134s][info][gc,heap        ] GC(243) ParOldGen: 40087K(1398272K)->39191K(1398272K)
[63.134s][info][gc,metaspace   ] GC(243) Metaspace: 93622K(94336K)->93622K(94336K) NonClass: 83774K(84160K)->83774K(84160K) Class: 9847K(10176K)->9847K(10176K)
[63.134s][info][gc             ] GC(243) Pause Full (System.gc()) 39M->38M(2045M) 33.920ms
[63.134s][info][gc,cpu         ] GC(243) User=0.06s Sys=0.00s Real=0.03s
[63.436s][info][gc,start       ] GC(244) Pause Young (Allocation Failure)
[63.437s][info][gc,heap        ] GC(244) PSYoungGen: 689499K(696320K)->1462K(695808K) Eden: 689499K(693248K)->0K(693248K) From: 0K(3072K)->1462K(2560K)
[63.437s][info][gc,heap        ] GC(244) ParOldGen: 39191K(1398272K)->39191K(1398272K)
[63.437s][info][gc,metaspace   ] GC(244) Metaspace: 93622K(94336K)->93622K(94336K) NonClass: 83774K(84160K)->83774K(84160K) Class: 9847K(10176K)->9847K(10176K)
[63.437s][info][gc             ] GC(244) Pause Young (Allocation Failure) 711M->39M(2045M) 1.080ms
[63.437s][info][gc,cpu         ] GC(244) User=0.09s Sys=0.00s Real=0.00s
[63.672s][info][gc,start       ] GC(245) Pause Young (System.gc())
[63.673s][info][gc,heap        ] GC(245) PSYoungGen: 565719K(695808K)->460K(696320K) Eden: 564257K(693248K)->0K(693248K) From: 1462K(2560K)->460K(3072K)
[63.673s][info][gc,heap        ] GC(245) ParOldGen: 39191K(1398272K)->39637K(1398272K)
[63.673s][info][gc,metaspace   ] GC(245) Metaspace: 93622K(94336K)->93622K(94336K) NonClass: 83774K(84160K)->83774K(84160K) Class: 9847K(10176K)->9847K(10176K)
[63.673s][info][gc             ] GC(245) Pause Young (System.gc()) 590M->39M(2045M) 1.124ms
[63.673s][info][gc,cpu         ] GC(245) User=0.00s Sys=0.00s Real=0.02s
[63.673s][info][gc,start       ] GC(246) Pause Full (System.gc())
[63.673s][info][gc,phases,start] GC(246) Marking Phase
[63.692s][info][gc,phases      ] GC(246) Marking Phase 18.511ms
[63.692s][info][gc,phases,start] GC(246) Summary Phase
[63.692s][info][gc,phases      ] GC(246) Summary Phase 0.010ms
[63.692s][info][gc,phases,start] GC(246) Adjust Roots
[63.700s][info][gc,phases      ] GC(246) Adjust Roots 8.135ms
[63.700s][info][gc,phases,start] GC(246) Compaction Phase
[63.706s][info][gc,phases      ] GC(246) Compaction Phase 6.361ms
[63.706s][info][gc,phases,start] GC(246) Post Compact
[63.707s][info][gc,phases      ] GC(246) Post Compact 0.342ms
[63.707s][info][gc,heap        ] GC(246) PSYoungGen: 460K(696320K)->0K(696320K) Eden: 0K(693248K)->0K(693248K) From: 460K(3072K)->0K(3072K)
[63.707s][info][gc,heap        ] GC(246) ParOldGen: 39637K(1398272K)->39296K(1398272K)
[63.707s][info][gc,metaspace   ] GC(246) Metaspace: 93622K(94336K)->93622K(94336K) NonClass: 83774K(84160K)->83774K(84160K) Class: 9847K(10176K)->9847K(10176K)
[63.707s][info][gc             ] GC(246) Pause Full (System.gc()) 39M->38M(2045M) 33.617ms
[63.707s][info][gc,cpu         ] GC(246) User=0.09s Sys=0.00s Real=0.03s
[64.014s][info][gc,start       ] GC(247) Pause Young (Allocation Failure)
[64.015s][info][gc,heap        ] GC(247) PSYoungGen: 693248K(696320K)->1622K(695808K) Eden: 693248K(693248K)->0K(693248K) From: 0K(3072K)->1622K(2560K)
[64.015s][info][gc,heap        ] GC(247) ParOldGen: 39296K(1398272K)->39296K(1398272K)
[64.015s][info][gc,metaspace   ] GC(247) Metaspace: 93622K(94336K)->93622K(94336K) NonClass: 83774K(84160K)->83774K(84160K) Class: 9847K(10176K)->9847K(10176K)
[64.015s][info][gc             ] GC(247) Pause Young (Allocation Failure) 715M->39M(2045M) 1.196ms
[64.015s][info][gc,cpu         ] GC(247) User=0.00s Sys=0.00s Real=0.00s
[64.244s][info][gc,start       ] GC(248) Pause Young (System.gc())
[64.245s][info][gc,heap        ] GC(248) PSYoungGen: 559235K(695808K)->435K(696320K) Eden: 557612K(693248K)->0K(693248K) From: 1622K(2560K)->435K(3072K)
[64.245s][info][gc,heap        ] GC(248) ParOldGen: 39296K(1398272K)->39756K(1398272K)
[64.245s][info][gc,metaspace   ] GC(248) Metaspace: 93622K(94336K)->93622K(94336K) NonClass: 83774K(84160K)->83774K(84160K) Class: 9847K(10176K)->9847K(10176K)
[64.245s][info][gc             ] GC(248) Pause Young (System.gc()) 584M->39M(2045M) 0.817ms
[64.245s][info][gc,cpu         ] GC(248) User=0.00s Sys=0.00s Real=0.00s
[64.245s][info][gc,start       ] GC(249) Pause Full (System.gc())
[64.245s][info][gc,phases,start] GC(249) Marking Phase
[64.265s][info][gc,phases      ] GC(249) Marking Phase 19.734ms
[64.265s][info][gc,phases,start] GC(249) Summary Phase
[64.265s][info][gc,phases      ] GC(249) Summary Phase 0.010ms
[64.265s][info][gc,phases,start] GC(249) Adjust Roots
[64.273s][info][gc,phases      ] GC(249) Adjust Roots 8.647ms
[64.273s][info][gc,phases,start] GC(249) Compaction Phase
[64.280s][info][gc,phases      ] GC(249) Compaction Phase 6.359ms
[64.280s][info][gc,phases,start] GC(249) Post Compact
[64.280s][info][gc,phases      ] GC(249) Post Compact 0.334ms
[64.280s][info][gc,heap        ] GC(249) PSYoungGen: 435K(696320K)->0K(696320K) Eden: 0K(693248K)->0K(693248K) From: 435K(3072K)->0K(3072K)
[64.280s][info][gc,heap        ] GC(249) ParOldGen: 39756K(1398272K)->39401K(1398272K)
[64.280s][info][gc,metaspace   ] GC(249) Metaspace: 93622K(94336K)->93622K(94336K) NonClass: 83774K(84160K)->83774K(84160K) Class: 9847K(10176K)->9847K(10176K)
[64.280s][info][gc             ] GC(249) Pause Full (System.gc()) 39M->38M(2045M) 35.373ms
[64.280s][info][gc,cpu         ] GC(249) User=0.11s Sys=0.00s Real=0.05s
[64.586s][info][gc,start       ] GC(250) Pause Young (Allocation Failure)
[64.587s][info][gc,heap        ] GC(250) PSYoungGen: 693245K(696320K)->1728K(695808K) Eden: 693245K(693248K)->0K(693248K) From: 0K(3072K)->1728K(2560K)
[64.587s][info][gc,heap        ] GC(250) ParOldGen: 39401K(1398272K)->39401K(1398272K)
[64.587s][info][gc,metaspace   ] GC(250) Metaspace: 93622K(94336K)->93622K(94336K) NonClass: 83774K(84160K)->83774K(84160K) Class: 9847K(10176K)->9847K(10176K)
[64.587s][info][gc             ] GC(250) Pause Young (Allocation Failure) 715M->40M(2045M) 1.232ms
[64.587s][info][gc,cpu         ] GC(250) User=0.00s Sys=0.00s Real=0.00s
[64.815s][info][gc,start       ] GC(251) Pause Young (System.gc())
[64.816s][info][gc,heap        ] GC(251) PSYoungGen: 559370K(695808K)->492K(695808K) Eden: 557641K(693248K)->0K(692736K) From: 1728K(2560K)->492K(3072K)
[64.816s][info][gc,heap        ] GC(251) ParOldGen: 39401K(1398272K)->39854K(1398272K)
[64.816s][info][gc,metaspace   ] GC(251) Metaspace: 93622K(94336K)->93622K(94336K) NonClass: 83774K(84160K)->83774K(84160K) Class: 9847K(10176K)->9847K(10176K)
[64.816s][info][gc             ] GC(251) Pause Young (System.gc()) 584M->39M(2045M) 0.699ms
[64.816s][info][gc,cpu         ] GC(251) User=0.00s Sys=0.00s Real=0.00s
[64.816s][info][gc,start       ] GC(252) Pause Full (System.gc())
[64.816s][info][gc,phases,start] GC(252) Marking Phase
[64.836s][info][gc,phases      ] GC(252) Marking Phase 19.675ms
[64.836s][info][gc,phases,start] GC(252) Summary Phase
[64.836s][info][gc,phases      ] GC(252) Summary Phase 0.010ms
[64.836s][info][gc,phases,start] GC(252) Adjust Roots
[64.844s][info][gc,phases      ] GC(252) Adjust Roots 8.699ms
[64.844s][info][gc,phases,start] GC(252) Compaction Phase
[64.851s][info][gc,phases      ] GC(252) Compaction Phase 6.353ms
[64.851s][info][gc,phases,start] GC(252) Post Compact
[64.851s][info][gc,phases      ] GC(252) Post Compact 0.431ms
[64.851s][info][gc,heap        ] GC(252) PSYoungGen: 492K(695808K)->0K(695808K) Eden: 0K(692736K)->0K(692736K) From: 492K(3072K)->0K(3072K)
[64.851s][info][gc,heap        ] GC(252) ParOldGen: 39854K(1398272K)->39510K(1398272K)
[64.851s][info][gc,metaspace   ] GC(252) Metaspace: 93622K(94336K)->93622K(94336K) NonClass: 83774K(84160K)->83774K(84160K) Class: 9847K(10176K)->9847K(10176K)
[64.851s][info][gc             ] GC(252) Pause Full (System.gc()) 39M->38M(2045M) 35.519ms
[64.851s][info][gc,cpu         ] GC(252) User=0.03s Sys=0.00s Real=0.03s
[65.157s][info][gc,start       ] GC(253) Pause Young (Allocation Failure)
[65.158s][info][gc,heap        ] GC(253) PSYoungGen: 689663K(695808K)->1407K(695808K) Eden: 689663K(692736K)->0K(692736K) From: 0K(3072K)->1407K(3072K)
[65.158s][info][gc,heap        ] GC(253) ParOldGen: 39510K(1398272K)->39510K(1398272K)
[65.158s][info][gc,metaspace   ] GC(253) Metaspace: 93622K(94336K)->93622K(94336K) NonClass: 83774K(84160K)->83774K(84160K) Class: 9847K(10176K)->9847K(10176K)
[65.158s][info][gc             ] GC(253) Pause Young (Allocation Failure) 712M->39M(2045M) 1.139ms
[65.158s][info][gc,cpu         ] GC(253) User=0.00s Sys=0.00s Real=0.01s
[65.387s][info][gc,start       ] GC(254) Pause Young (System.gc())
[65.387s][info][gc,heap        ] GC(254) PSYoungGen: 565817K(695808K)->467K(696320K) Eden: 564409K(692736K)->0K(693248K) From: 1407K(3072K)->467K(3072K)
[65.387s][info][gc,heap        ] GC(254) ParOldGen: 39510K(1398272K)->39948K(1398272K)
[65.387s][info][gc,metaspace   ] GC(254) Metaspace: 93622K(94336K)->93622K(94336K) NonClass: 83774K(84160K)->83774K(84160K) Class: 9847K(10176K)->9847K(10176K)
[65.387s][info][gc             ] GC(254) Pause Young (System.gc()) 591M->39M(2045M) 0.810ms
[65.387s][info][gc,cpu         ] GC(254) User=0.00s Sys=0.00s Real=0.00s
[65.387s][info][gc,start       ] GC(255) Pause Full (System.gc())
[65.387s][info][gc,phases,start] GC(255) Marking Phase
[65.408s][info][gc,phases      ] GC(255) Marking Phase 20.239ms
[65.408s][info][gc,phases,start] GC(255) Summary Phase
[65.408s][info][gc,phases      ] GC(255) Summary Phase 0.010ms
[65.408s][info][gc,phases,start] GC(255) Adjust Roots
[65.416s][info][gc,phases      ] GC(255) Adjust Roots 8.473ms
[65.416s][info][gc,phases,start] GC(255) Compaction Phase
[65.422s][info][gc,phases      ] GC(255) Compaction Phase 6.071ms
[65.422s][info][gc,phases,start] GC(255) Post Compact
[65.423s][info][gc,phases      ] GC(255) Post Compact 0.551ms
[65.423s][info][gc,heap        ] GC(255) PSYoungGen: 467K(696320K)->0K(696320K) Eden: 0K(693248K)->0K(693248K) From: 467K(3072K)->0K(3072K)
[65.423s][info][gc,heap        ] GC(255) ParOldGen: 39948K(1398272K)->39616K(1398272K)
[65.423s][info][gc,metaspace   ] GC(255) Metaspace: 93622K(94336K)->93622K(94336K) NonClass: 83774K(84160K)->83774K(84160K) Class: 9847K(10176K)->9847K(10176K)
[65.423s][info][gc             ] GC(255) Pause Full (System.gc()) 39M->38M(2045M) 35.667ms
[65.423s][info][gc,cpu         ] GC(255) User=0.16s Sys=0.00s Real=0.04s
[65.725s][info][gc,start       ] GC(256) Pause Young (Allocation Failure)
[65.726s][info][gc,heap        ] GC(256) PSYoungGen: 693084K(696320K)->1526K(695808K) Eden: 693084K(693248K)->0K(693248K) From: 0K(3072K)->1526K(2560K)
[65.726s][info][gc,heap        ] GC(256) ParOldGen: 39616K(1398272K)->39616K(1398272K)
[65.726s][info][gc,metaspace   ] GC(256) Metaspace: 93622K(94336K)->93622K(94336K) NonClass: 83774K(84160K)->83774K(84160K) Class: 9847K(10176K)->9847K(10176K)
[65.726s][info][gc             ] GC(256) Pause Young (Allocation Failure) 715M->40M(2045M) 1.077ms
[65.726s][info][gc,cpu         ] GC(256) User=0.00s Sys=0.00s Real=0.00s
[65.953s][info][gc,start       ] GC(257) Pause Young (System.gc())
[65.953s][info][gc,heap        ] GC(257) PSYoungGen: 559563K(695808K)->467K(696320K) Eden: 558037K(693248K)->0K(693248K) From: 1526K(2560K)->467K(3072K)
[65.953s][info][gc,heap        ] GC(257) ParOldGen: 39616K(1398272K)->40060K(1398272K)
[65.953s][info][gc,metaspace   ] GC(257) Metaspace: 93622K(94336K)->93622K(94336K) NonClass: 83774K(84160K)->83774K(84160K) Class: 9847K(10176K)->9847K(10176K)
[65.953s][info][gc             ] GC(257) Pause Young (System.gc()) 585M->39M(2045M) 0.801ms
[65.953s][info][gc,cpu         ] GC(257) User=0.00s Sys=0.00s Real=0.00s
[65.953s][info][gc,start       ] GC(258) Pause Full (System.gc())
[65.953s][info][gc,phases,start] GC(258) Marking Phase
[65.973s][info][gc,phases      ] GC(258) Marking Phase 19.978ms
[65.974s][info][gc,phases,start] GC(258) Summary Phase
[65.974s][info][gc,phases      ] GC(258) Summary Phase 0.011ms
[65.974s][info][gc,phases,start] GC(258) Adjust Roots
[65.982s][info][gc,phases      ] GC(258) Adjust Roots 8.437ms
[65.982s][info][gc,phases,start] GC(258) Compaction Phase
[65.987s][info][gc,phases      ] GC(258) Compaction Phase 5.187ms
[65.987s][info][gc,phases,start] GC(258) Post Compact
[65.988s][info][gc,phases      ] GC(258) Post Compact 0.484ms
[65.988s][info][gc,heap        ] GC(258) PSYoungGen: 467K(696320K)->0K(696320K) Eden: 0K(693248K)->0K(693248K) From: 467K(3072K)->0K(3072K)
[65.988s][info][gc,heap        ] GC(258) ParOldGen: 40060K(1398272K)->39721K(1398272K)
[65.988s][info][gc,metaspace   ] GC(258) Metaspace: 93622K(94336K)->93622K(94336K) NonClass: 83774K(84160K)->83774K(84160K) Class: 9847K(10176K)->9847K(10176K)
[65.988s][info][gc             ] GC(258) Pause Full (System.gc()) 39M->38M(2045M) 34.438ms
[65.988s][info][gc,cpu         ] GC(258) User=0.11s Sys=0.00s Real=0.04s
[66.288s][info][gc,start       ] GC(259) Pause Young (Allocation Failure)
[66.289s][info][gc,heap        ] GC(259) PSYoungGen: 689447K(696320K)->1430K(695808K) Eden: 689447K(693248K)->0K(693248K) From: 0K(3072K)->1430K(2560K)
[66.289s][info][gc,heap        ] GC(259) ParOldGen: 39721K(1398272K)->39721K(1398272K)
[66.289s][info][gc,metaspace   ] GC(259) Metaspace: 93627K(94336K)->93627K(94336K) NonClass: 83780K(84160K)->83780K(84160K) Class: 9847K(10176K)->9847K(10176K)
[66.289s][info][gc             ] GC(259) Pause Young (Allocation Failure) 712M->40M(2045M) 0.965ms
[66.289s][info][gc,cpu         ] GC(259) User=0.00s Sys=0.00s Real=0.00s
[66.517s][info][gc,start       ] GC(260) Pause Young (System.gc())
[66.518s][info][gc,heap        ] GC(260) PSYoungGen: 565521K(695808K)->435K(696320K) Eden: 564090K(693248K)->0K(693760K) From: 1430K(2560K)->435K(2560K)
[66.518s][info][gc,heap        ] GC(260) ParOldGen: 39721K(1398272K)->40175K(1398272K)
[66.518s][info][gc,metaspace   ] GC(260) Metaspace: 93627K(94336K)->93627K(94336K) NonClass: 83780K(84160K)->83780K(84160K) Class: 9847K(10176K)->9847K(10176K)
[66.518s][info][gc             ] GC(260) Pause Young (System.gc()) 591M->39M(2045M) 0.820ms
[66.518s][info][gc,cpu         ] GC(260) User=0.00s Sys=0.00s Real=0.00s
[66.518s][info][gc,start       ] GC(261) Pause Full (System.gc())
[66.518s][info][gc,phases,start] GC(261) Marking Phase
[66.536s][info][gc,phases      ] GC(261) Marking Phase 18.416ms
[66.536s][info][gc,phases,start] GC(261) Summary Phase
[66.536s][info][gc,phases      ] GC(261) Summary Phase 0.011ms
[66.536s][info][gc,phases,start] GC(261) Adjust Roots
[66.544s][info][gc,phases      ] GC(261) Adjust Roots 7.924ms
[66.544s][info][gc,phases,start] GC(261) Compaction Phase
[66.550s][info][gc,phases      ] GC(261) Compaction Phase 6.110ms
[66.551s][info][gc,phases,start] GC(261) Post Compact
[66.551s][info][gc,phases      ] GC(261) Post Compact 0.455ms
[66.551s][info][gc,heap        ] GC(261) PSYoungGen: 435K(696320K)->0K(696320K) Eden: 0K(693760K)->0K(693760K) From: 435K(2560K)->0K(2560K)
[66.551s][info][gc,heap        ] GC(261) ParOldGen: 40175K(1398272K)->39275K(1398272K)
[66.551s][info][gc,metaspace   ] GC(261) Metaspace: 93627K(94336K)->93627K(94336K) NonClass: 83780K(84160K)->83780K(84160K) Class: 9847K(10176K)->9847K(10176K)
[66.551s][info][gc             ] GC(261) Pause Full (System.gc()) 39M->38M(2045M) 33.227ms
[66.551s][info][gc,cpu         ] GC(261) User=0.11s Sys=0.00s Real=0.03s
[66.853s][info][gc,start       ] GC(262) Pause Young (Allocation Failure)
[66.855s][info][gc,heap        ] GC(262) PSYoungGen: 693751K(696320K)->1544K(696320K) Eden: 693751K(693760K)->0K(693760K) From: 0K(2560K)->1544K(2560K)
[66.855s][info][gc,heap        ] GC(262) ParOldGen: 39275K(1398272K)->39275K(1398272K)
[66.855s][info][gc,metaspace   ] GC(262) Metaspace: 93627K(94336K)->93627K(94336K) NonClass: 83780K(84160K)->83780K(84160K) Class: 9847K(10176K)->9847K(10176K)
[66.855s][info][gc             ] GC(262) Pause Young (Allocation Failure) 715M->39M(2045M) 1.359ms
[66.855s][info][gc,cpu         ] GC(262) User=0.00s Sys=0.00s Real=0.00s
[67.082s][info][gc,start       ] GC(263) Pause Young (System.gc())
[67.083s][info][gc,heap        ] GC(263) PSYoungGen: 559435K(696320K)->460K(696320K) Eden: 557891K(693760K)->0K(693760K) From: 1544K(2560K)->460K(2560K)
[67.083s][info][gc,heap        ] GC(263) ParOldGen: 39275K(1398272K)->39726K(1398272K)
[67.083s][info][gc,metaspace   ] GC(263) Metaspace: 93627K(94336K)->93627K(94336K) NonClass: 83780K(84160K)->83780K(84160K) Class: 9847K(10176K)->9847K(10176K)
[67.083s][info][gc             ] GC(263) Pause Young (System.gc()) 584M->39M(2045M) 1.026ms
[67.083s][info][gc,cpu         ] GC(263) User=0.00s Sys=0.00s Real=0.00s
[67.083s][info][gc,start       ] GC(264) Pause Full (System.gc())
[67.083s][info][gc,phases,start] GC(264) Marking Phase
[67.101s][info][gc,phases      ] GC(264) Marking Phase 18.144ms
[67.102s][info][gc,phases,start] GC(264) Summary Phase
[67.102s][info][gc,phases      ] GC(264) Summary Phase 0.010ms
[67.102s][info][gc,phases,start] GC(264) Adjust Roots
[67.110s][info][gc,phases      ] GC(264) Adjust Roots 8.211ms
[67.110s][info][gc,phases,start] GC(264) Compaction Phase
[67.116s][info][gc,phases      ] GC(264) Compaction Phase 6.057ms
[67.116s][info][gc,phases,start] GC(264) Post Compact
[67.116s][info][gc,phases      ] GC(264) Post Compact 0.418ms
[67.116s][info][gc,heap        ] GC(264) PSYoungGen: 460K(696320K)->0K(696320K) Eden: 0K(693760K)->0K(693760K) From: 460K(2560K)->0K(2560K)
[67.116s][info][gc,heap        ] GC(264) ParOldGen: 39726K(1398272K)->39379K(1398272K)
[67.116s][info][gc,metaspace   ] GC(264) Metaspace: 93627K(94336K)->93627K(94336K) NonClass: 83780K(84160K)->83780K(84160K) Class: 9847K(10176K)->9847K(10176K)
[67.116s][info][gc             ] GC(264) Pause Full (System.gc()) 39M->38M(2045M) 33.103ms
[67.116s][info][gc,cpu         ] GC(264) User=0.03s Sys=0.00s Real=0.03s
[67.419s][info][gc,start       ] GC(265) Pause Young (Allocation Failure)
[67.421s][info][gc,heap        ] GC(265) PSYoungGen: 693760K(696320K)->1721K(695808K) Eden: 693760K(693760K)->0K(693760K) From: 0K(2560K)->1721K(2048K)
[67.421s][info][gc,heap        ] GC(265) ParOldGen: 39379K(1398272K)->39379K(1398272K)
[67.421s][info][gc,metaspace   ] GC(265) Metaspace: 93639K(94400K)->93639K(94400K) NonClass: 83792K(84224K)->83792K(84224K) Class: 9847K(10176K)->9847K(10176K)
[67.421s][info][gc             ] GC(265) Pause Young (Allocation Failure) 715M->40M(2045M) 1.395ms
[67.421s][info][gc,cpu         ] GC(265) User=0.00s Sys=0.00s Real=0.00s
[67.646s][info][gc,start       ] GC(266) Pause Young (System.gc())
[67.647s][info][gc,heap        ] GC(266) PSYoungGen: 559732K(695808K)->443K(696320K) Eden: 558011K(693760K)->0K(693248K) From: 1721K(2048K)->443K(3072K)
[67.647s][info][gc,heap        ] GC(266) ParOldGen: 39379K(1398272K)->39828K(1398272K)
[67.647s][info][gc,metaspace   ] GC(266) Metaspace: 93639K(94400K)->93639K(94400K) NonClass: 83792K(84224K)->83792K(84224K) Class: 9847K(10176K)->9847K(10176K)
[67.647s][info][gc             ] GC(266) Pause Young (System.gc()) 585M->39M(2045M) 0.825ms
[67.647s][info][gc,cpu         ] GC(266) User=0.00s Sys=0.00s Real=0.00s
[67.647s][info][gc,start       ] GC(267) Pause Full (System.gc())
[67.647s][info][gc,phases,start] GC(267) Marking Phase
[67.666s][info][gc,phases      ] GC(267) Marking Phase 19.066ms
[67.666s][info][gc,phases,start] GC(267) Summary Phase
[67.666s][info][gc,phases      ] GC(267) Summary Phase 0.010ms
[67.666s][info][gc,phases,start] GC(267) Adjust Roots
[67.674s][info][gc,phases      ] GC(267) Adjust Roots 8.046ms
[67.674s][info][gc,phases,start] GC(267) Compaction Phase
[67.680s][info][gc,phases      ] GC(267) Compaction Phase 6.299ms
[67.680s][info][gc,phases,start] GC(267) Post Compact
[67.681s][info][gc,phases      ] GC(267) Post Compact 0.354ms
[67.681s][info][gc,heap        ] GC(267) PSYoungGen: 443K(696320K)->0K(696320K) Eden: 0K(693248K)->0K(693248K) From: 443K(3072K)->0K(3072K)
[67.681s][info][gc,heap        ] GC(267) ParOldGen: 39828K(1398272K)->39484K(1398272K)
[67.681s][info][gc,metaspace   ] GC(267) Metaspace: 93639K(94400K)->93639K(94400K) NonClass: 83792K(84224K)->83792K(84224K) Class: 9847K(10176K)->9847K(10176K)
[67.681s][info][gc             ] GC(267) Pause Full (System.gc()) 39M->38M(2045M) 34.033ms
[67.681s][info][gc,cpu         ] GC(267) User=0.03s Sys=0.00s Real=0.04s
[67.982s][info][gc,start       ] GC(268) Pause Young (Allocation Failure)
[67.983s][info][gc,heap        ] GC(268) PSYoungGen: 689932K(696320K)->1438K(695808K) Eden: 689932K(693248K)->0K(693248K) From: 0K(3072K)->1438K(2560K)
[67.983s][info][gc,heap        ] GC(268) ParOldGen: 39484K(1398272K)->39484K(1398272K)
[67.983s][info][gc,metaspace   ] GC(268) Metaspace: 93640K(94400K)->93640K(94400K) NonClass: 83792K(84224K)->83792K(84224K) Class: 9847K(10176K)->9847K(10176K)
[67.983s][info][gc             ] GC(268) Pause Young (Allocation Failure) 712M->39M(2045M) 1.145ms
[67.983s][info][gc,cpu         ] GC(268) User=0.00s Sys=0.00s Real=0.00s
[68.210s][info][gc,start       ] GC(269) Pause Young (System.gc())
[68.211s][info][gc,heap        ] GC(269) PSYoungGen: 566063K(695808K)->435K(696320K) Eden: 564624K(693248K)->0K(693248K) From: 1438K(2560K)->435K(3072K)
[68.211s][info][gc,heap        ] GC(269) ParOldGen: 39484K(1398272K)->39938K(1398272K)
[68.211s][info][gc,metaspace   ] GC(269) Metaspace: 93640K(94400K)->93640K(94400K) NonClass: 83792K(84224K)->83792K(84224K) Class: 9847K(10176K)->9847K(10176K)
[68.211s][info][gc             ] GC(269) Pause Young (System.gc()) 591M->39M(2045M) 0.829ms
[68.211s][info][gc,cpu         ] GC(269) User=0.00s Sys=0.00s Real=0.00s
[68.211s][info][gc,start       ] GC(270) Pause Full (System.gc())
[68.211s][info][gc,phases,start] GC(270) Marking Phase
[68.230s][info][gc,phases      ] GC(270) Marking Phase 18.661ms
[68.230s][info][gc,phases,start] GC(270) Summary Phase
[68.230s][info][gc,phases      ] GC(270) Summary Phase 0.009ms
[68.230s][info][gc,phases,start] GC(270) Adjust Roots
[68.238s][info][gc,phases      ] GC(270) Adjust Roots 8.128ms
[68.238s][info][gc,phases,start] GC(270) Compaction Phase
[68.244s][info][gc,phases      ] GC(270) Compaction Phase 5.791ms
[68.244s][info][gc,phases,start] GC(270) Post Compact
[68.245s][info][gc,phases      ] GC(270) Post Compact 0.460ms
[68.245s][info][gc,heap        ] GC(270) PSYoungGen: 435K(696320K)->0K(696320K) Eden: 0K(693248K)->0K(693248K) From: 435K(3072K)->0K(3072K)
[68.245s][info][gc,heap        ] GC(270) ParOldGen: 39938K(1398272K)->39589K(1398272K)
[68.245s][info][gc,metaspace   ] GC(270) Metaspace: 93640K(94400K)->93640K(94400K) NonClass: 83792K(84224K)->83792K(84224K) Class: 9847K(10176K)->9847K(10176K)
[68.245s][info][gc             ] GC(270) Pause Full (System.gc()) 39M->38M(2045M) 33.356ms
[68.245s][info][gc,cpu         ] GC(270) User=0.11s Sys=0.00s Real=0.03s
[68.545s][info][gc,start       ] GC(271) Pause Young (Allocation Failure)
[68.546s][info][gc,heap        ] GC(271) PSYoungGen: 693248K(696320K)->1622K(695808K) Eden: 693248K(693248K)->0K(693248K) From: 0K(3072K)->1622K(2560K)
[68.546s][info][gc,heap        ] GC(271) ParOldGen: 39589K(1398272K)->39589K(1398272K)
[68.546s][info][gc,metaspace   ] GC(271) Metaspace: 93640K(94400K)->93640K(94400K) NonClass: 83792K(84224K)->83792K(84224K) Class: 9847K(10176K)->9847K(10176K)
[68.546s][info][gc             ] GC(271) Pause Young (Allocation Failure) 715M->40M(2045M) 1.351ms
[68.546s][info][gc,cpu         ] GC(271) User=0.08s Sys=0.02s Real=0.00s
[68.770s][info][gc,start       ] GC(272) Pause Young (System.gc())
[68.771s][info][gc,heap        ] GC(272) PSYoungGen: 559239K(695808K)->460K(696320K) Eden: 557617K(693248K)->0K(693248K) From: 1622K(2560K)->460K(3072K)
[68.771s][info][gc,heap        ] GC(272) ParOldGen: 39589K(1398272K)->40032K(1398272K)
[68.771s][info][gc,metaspace   ] GC(272) Metaspace: 93640K(94400K)->93640K(94400K) NonClass: 83792K(84224K)->83792K(84224K) Class: 9847K(10176K)->9847K(10176K)
[68.771s][info][gc             ] GC(272) Pause Young (System.gc()) 584M->39M(2045M) 0.815ms
[68.771s][info][gc,cpu         ] GC(272) User=0.00s Sys=0.00s Real=0.00s
[68.771s][info][gc,start       ] GC(273) Pause Full (System.gc())
[68.771s][info][gc,phases,start] GC(273) Marking Phase
[68.790s][info][gc,phases      ] GC(273) Marking Phase 18.717ms
[68.790s][info][gc,phases,start] GC(273) Summary Phase
[68.790s][info][gc,phases      ] GC(273) Summary Phase 0.009ms
[68.790s][info][gc,phases,start] GC(273) Adjust Roots
[68.798s][info][gc,phases      ] GC(273) Adjust Roots 8.186ms
[68.798s][info][gc,phases,start] GC(273) Compaction Phase
[68.805s][info][gc,phases      ] GC(273) Compaction Phase 6.531ms
[68.805s][info][gc,phases,start] GC(273) Post Compact
[68.805s][info][gc,phases      ] GC(273) Post Compact 0.392ms
[68.805s][info][gc,heap        ] GC(273) PSYoungGen: 460K(696320K)->0K(696320K) Eden: 0K(693248K)->0K(693248K) From: 460K(3072K)->0K(3072K)
[68.805s][info][gc,heap        ] GC(273) ParOldGen: 40032K(1398272K)->39694K(1398272K)
[68.805s][info][gc,metaspace   ] GC(273) Metaspace: 93640K(94400K)->93640K(94400K) NonClass: 83792K(84224K)->83792K(84224K) Class: 9847K(10176K)->9847K(10176K)
[68.805s][info][gc             ] GC(273) Pause Full (System.gc()) 39M->38M(2045M) 34.133ms
[68.805s][info][gc,cpu         ] GC(273) User=0.03s Sys=0.00s Real=0.03s
[69.105s][info][gc,start       ] GC(274) Pause Young (Allocation Failure)
[69.106s][info][gc,heap        ] GC(274) PSYoungGen: 689707K(696320K)->1398K(695808K) Eden: 689707K(693248K)->0K(693248K) From: 0K(3072K)->1398K(2560K)
[69.106s][info][gc,heap        ] GC(274) ParOldGen: 39694K(1398272K)->39694K(1398272K)
[69.106s][info][gc,metaspace   ] GC(274) Metaspace: 93640K(94400K)->93640K(94400K) NonClass: 83793K(84224K)->83793K(84224K) Class: 9847K(10176K)->9847K(10176K)
[69.106s][info][gc             ] GC(274) Pause Young (Allocation Failure) 712M->40M(2045M) 1.007ms
[69.106s][info][gc,cpu         ] GC(274) User=0.00s Sys=0.00s Real=0.00s
[69.335s][info][gc,start       ] GC(275) Pause Young (System.gc())
[69.336s][info][gc,heap        ] GC(275) PSYoungGen: 567876K(695808K)->492K(696320K) Eden: 566477K(693248K)->0K(693760K) From: 1398K(2560K)->492K(2560K)
[69.336s][info][gc,heap        ] GC(275) ParOldGen: 39694K(1398272K)->40136K(1398272K)
[69.336s][info][gc,metaspace   ] GC(275) Metaspace: 93640K(94400K)->93640K(94400K) NonClass: 83793K(84224K)->83793K(84224K) Class: 9847K(10176K)->9847K(10176K)
[69.336s][info][gc             ] GC(275) Pause Young (System.gc()) 593M->39M(2045M) 0.767ms
[69.336s][info][gc,cpu         ] GC(275) User=0.00s Sys=0.00s Real=0.00s
[69.336s][info][gc,start       ] GC(276) Pause Full (System.gc())
[69.336s][info][gc,phases,start] GC(276) Marking Phase
[69.354s][info][gc,phases      ] GC(276) Marking Phase 17.780ms
[69.354s][info][gc,phases,start] GC(276) Summary Phase
[69.354s][info][gc,phases      ] GC(276) Summary Phase 0.010ms
[69.354s][info][gc,phases,start] GC(276) Adjust Roots
[69.361s][info][gc,phases      ] GC(276) Adjust Roots 7.664ms
[69.361s][info][gc,phases,start] GC(276) Compaction Phase
[69.367s][info][gc,phases      ] GC(276) Compaction Phase 5.442ms
[69.367s][info][gc,phases,start] GC(276) Post Compact
[69.367s][info][gc,phases      ] GC(276) Post Compact 0.487ms
[69.367s][info][gc,heap        ] GC(276) PSYoungGen: 492K(696320K)->0K(696320K) Eden: 0K(693760K)->0K(693760K) From: 492K(2560K)->0K(2560K)
[69.367s][info][gc,heap        ] GC(276) ParOldGen: 40136K(1398272K)->39155K(1398272K)
[69.367s][info][gc,metaspace   ] GC(276) Metaspace: 93640K(94400K)->93640K(94400K) NonClass: 83793K(84224K)->83793K(84224K) Class: 9847K(10176K)->9847K(10176K)
[69.367s][info][gc             ] GC(276) Pause Full (System.gc()) 39M->38M(2045M) 31.676ms
[69.367s][info][gc,cpu         ] GC(276) User=0.03s Sys=0.00s Real=0.04s
[69.668s][info][gc,start       ] GC(277) Pause Young (Allocation Failure)
[69.669s][info][gc,heap        ] GC(277) PSYoungGen: 693760K(696320K)->1744K(695808K) Eden: 693760K(693760K)->0K(693760K) From: 0K(2560K)->1744K(2048K)
[69.669s][info][gc,heap        ] GC(277) ParOldGen: 39155K(1398272K)->39155K(1398272K)
[69.669s][info][gc,metaspace   ] GC(277) Metaspace: 93640K(94400K)->93640K(94400K) NonClass: 83793K(84224K)->83793K(84224K) Class: 9847K(10176K)->9847K(10176K)
[69.669s][info][gc             ] GC(277) Pause Young (Allocation Failure) 715M->39M(2045M) 1.554ms
[69.669s][info][gc,cpu         ] GC(277) User=0.00s Sys=0.00s Real=0.00s
[69.897s][info][gc,start       ] GC(278) Pause Young (System.gc())
[69.898s][info][gc,heap        ] GC(278) PSYoungGen: 558085K(695808K)->435K(695808K) Eden: 556340K(693760K)->0K(692736K) From: 1744K(2048K)->435K(3072K)
[69.898s][info][gc,heap        ] GC(278) ParOldGen: 39155K(1398272K)->39615K(1398272K)
[69.898s][info][gc,metaspace   ] GC(278) Metaspace: 93640K(94400K)->93640K(94400K) NonClass: 83793K(84224K)->83793K(84224K) Class: 9847K(10176K)->9847K(10176K)
[69.898s][info][gc             ] GC(278) Pause Young (System.gc()) 583M->39M(2045M) 0.897ms
[69.898s][info][gc,cpu         ] GC(278) User=0.00s Sys=0.00s Real=0.00s
[69.898s][info][gc,start       ] GC(279) Pause Full (System.gc())
[69.898s][info][gc,phases,start] GC(279) Marking Phase
[69.917s][info][gc,phases      ] GC(279) Marking Phase 18.605ms
[69.917s][info][gc,phases,start] GC(279) Summary Phase
[69.917s][info][gc,phases      ] GC(279) Summary Phase 0.011ms
[69.917s][info][gc,phases,start] GC(279) Adjust Roots
[69.925s][info][gc,phases      ] GC(279) Adjust Roots 7.887ms
[69.925s][info][gc,phases,start] GC(279) Compaction Phase
[69.931s][info][gc,phases      ] GC(279) Compaction Phase 6.109ms
[69.931s][info][gc,phases,start] GC(279) Post Compact
[69.932s][info][gc,phases      ] GC(279) Post Compact 0.568ms
[69.932s][info][gc,heap        ] GC(279) PSYoungGen: 435K(695808K)->0K(695808K) Eden: 0K(692736K)->0K(692736K) From: 435K(3072K)->0K(3072K)
[69.932s][info][gc,heap        ] GC(279) ParOldGen: 39615K(1398272K)->39259K(1398272K)
[69.932s][info][gc,metaspace   ] GC(279) Metaspace: 93640K(94400K)->93640K(94400K) NonClass: 83793K(84224K)->83793K(84224K) Class: 9847K(10176K)->9847K(10176K)
[69.932s][info][gc             ] GC(279) Pause Full (System.gc()) 39M->38M(2045M) 33.508ms
[69.932s][info][gc,cpu         ] GC(279) User=0.09s Sys=0.02s Real=0.03s
[70.229s][info][gc,start       ] GC(280) Pause Young (Allocation Failure)
[70.230s][info][gc,heap        ] GC(280) PSYoungGen: 689052K(695808K)->1398K(695808K) Eden: 689052K(692736K)->0K(692736K) From: 0K(3072K)->1398K(3072K)
[70.230s][info][gc,heap        ] GC(280) ParOldGen: 39259K(1398272K)->39259K(1398272K)
[70.230s][info][gc,metaspace   ] GC(280) Metaspace: 93642K(94400K)->93642K(94400K) NonClass: 83794K(84224K)->83794K(84224K) Class: 9847K(10176K)->9847K(10176K)
[70.230s][info][gc             ] GC(280) Pause Young (Allocation Failure) 711M->39M(2045M) 0.982ms
[70.230s][info][gc,cpu         ] GC(280) User=0.00s Sys=0.00s Real=0.00s
[70.457s][info][gc,start       ] GC(281) Pause Young (System.gc())
[70.458s][info][gc,heap        ] GC(281) PSYoungGen: 565443K(695808K)->396K(696320K) Eden: 564044K(692736K)->0K(693760K) From: 1398K(3072K)->396K(2560K)
[70.458s][info][gc,heap        ] GC(281) ParOldGen: 39259K(1398272K)->39710K(1398272K)
[70.458s][info][gc,metaspace   ] GC(281) Metaspace: 93643K(94400K)->93643K(94400K) NonClass: 83795K(84224K)->83795K(84224K) Class: 9847K(10176K)->9847K(10176K)
[70.458s][info][gc             ] GC(281) Pause Young (System.gc()) 590M->39M(2045M) 0.848ms
[70.458s][info][gc,cpu         ] GC(281) User=0.00s Sys=0.00s Real=0.00s
[70.458s][info][gc,start       ] GC(282) Pause Full (System.gc())
[70.458s][info][gc,phases,start] GC(282) Marking Phase
[70.475s][info][gc,phases      ] GC(282) Marking Phase 17.044ms
[70.475s][info][gc,phases,start] GC(282) Summary Phase
[70.475s][info][gc,phases      ] GC(282) Summary Phase 0.010ms
[70.475s][info][gc,phases,start] GC(282) Adjust Roots
[70.483s][info][gc,phases      ] GC(282) Adjust Roots 7.969ms
[70.483s][info][gc,phases,start] GC(282) Compaction Phase
[70.490s][info][gc,phases      ] GC(282) Compaction Phase 6.442ms
[70.490s][info][gc,phases,start] GC(282) Post Compact
[70.490s][info][gc,phases      ] GC(282) Post Compact 0.487ms
[70.490s][info][gc,heap        ] GC(282) PSYoungGen: 396K(696320K)->0K(696320K) Eden: 0K(693760K)->0K(693760K) From: 396K(2560K)->0K(2560K)
[70.490s][info][gc,heap        ] GC(282) ParOldGen: 39710K(1398272K)->39364K(1398272K)
[70.490s][info][gc,metaspace   ] GC(282) Metaspace: 93643K(94400K)->93643K(94400K) NonClass: 83795K(84224K)->83795K(84224K) Class: 9847K(10176K)->9847K(10176K)
[70.490s][info][gc             ] GC(282) Pause Full (System.gc()) 39M->38M(2045M) 32.313ms
[70.490s][info][gc,cpu         ] GC(282) User=0.03s Sys=0.00s Real=0.03s
[70.791s][info][gc,start       ] GC(283) Pause Young (Allocation Failure)
[70.792s][info][gc,heap        ] GC(283) PSYoungGen: 693760K(696320K)->1430K(696320K) Eden: 693760K(693760K)->0K(693760K) From: 0K(2560K)->1430K(2560K)
[70.792s][info][gc,heap        ] GC(283) ParOldGen: 39364K(1398272K)->39364K(1398272K)
[70.792s][info][gc,metaspace   ] GC(283) Metaspace: 93643K(94400K)->93643K(94400K) NonClass: 83795K(84224K)->83795K(84224K) Class: 9847K(10176K)->9847K(10176K)
[70.792s][info][gc             ] GC(283) Pause Young (Allocation Failure) 715M->39M(2045M) 1.559ms
[70.792s][info][gc,cpu         ] GC(283) User=0.00s Sys=0.00s Real=0.00s
[71.019s][info][gc,start       ] GC(284) Pause Young (System.gc())
[71.020s][info][gc,heap        ] GC(284) PSYoungGen: 557540K(696320K)->428K(696320K) Eden: 556110K(693760K)->0K(693760K) From: 1430K(2560K)->428K(2560K)
[71.020s][info][gc,heap        ] GC(284) ParOldGen: 39364K(1398272K)->39812K(1398272K)
[71.020s][info][gc,metaspace   ] GC(284) Metaspace: 93643K(94400K)->93643K(94400K) NonClass: 83795K(84224K)->83795K(84224K) Class: 9847K(10176K)->9847K(10176K)
[71.020s][info][gc             ] GC(284) Pause Young (System.gc()) 582M->39M(2045M) 1.037ms
[71.020s][info][gc,cpu         ] GC(284) User=0.00s Sys=0.00s Real=0.00s
[71.020s][info][gc,start       ] GC(285) Pause Full (System.gc())
[71.020s][info][gc,phases,start] GC(285) Marking Phase
[71.037s][info][gc,phases      ] GC(285) Marking Phase 16.949ms
[71.037s][info][gc,phases,start] GC(285) Summary Phase
[71.037s][info][gc,phases      ] GC(285) Summary Phase 0.009ms
[71.037s][info][gc,phases,start] GC(285) Adjust Roots
[71.045s][info][gc,phases      ] GC(285) Adjust Roots 7.806ms
[71.045s][info][gc,phases,start] GC(285) Compaction Phase
[71.051s][info][gc,phases      ] GC(285) Compaction Phase 6.147ms
[71.051s][info][gc,phases,start] GC(285) Post Compact
[71.052s][info][gc,phases      ] GC(285) Post Compact 0.485ms
[71.052s][info][gc,heap        ] GC(285) PSYoungGen: 428K(696320K)->0K(696320K) Eden: 0K(693760K)->0K(693760K) From: 428K(2560K)->0K(2560K)
[71.052s][info][gc,heap        ] GC(285) ParOldGen: 39812K(1398272K)->39468K(1398272K)
[71.052s][info][gc,metaspace   ] GC(285) Metaspace: 93643K(94400K)->93643K(94400K) NonClass: 83795K(84224K)->83795K(84224K) Class: 9847K(10176K)->9847K(10176K)
[71.052s][info][gc             ] GC(285) Pause Full (System.gc()) 39M->38M(2045M) 31.704ms
[71.052s][info][gc,cpu         ] GC(285) User=0.09s Sys=0.00s Real=0.04s
[71.352s][info][gc,start       ] GC(286) Pause Young (Allocation Failure)
[71.353s][info][gc,heap        ] GC(286) PSYoungGen: 693683K(696320K)->1494K(696320K) Eden: 693683K(693760K)->0K(693760K) From: 0K(2560K)->1494K(2560K)
[71.353s][info][gc,heap        ] GC(286) ParOldGen: 39468K(1398272K)->39468K(1398272K)
[71.353s][info][gc,metaspace   ] GC(286) Metaspace: 93643K(94400K)->93643K(94400K) NonClass: 83795K(84224K)->83795K(84224K) Class: 9847K(10176K)->9847K(10176K)
[71.353s][info][gc             ] GC(286) Pause Young (Allocation Failure) 715M->40M(2045M) 1.177ms
[71.353s][info][gc,cpu         ] GC(286) User=0.00s Sys=0.00s Real=0.00s
[71.581s][info][gc,start       ] GC(287) Pause Young (System.gc())
[71.582s][info][gc,heap        ] GC(287) PSYoungGen: 560662K(696320K)->460K(696320K) Eden: 559167K(693760K)->0K(693760K) From: 1494K(2560K)->460K(2560K)
[71.582s][info][gc,heap        ] GC(287) ParOldGen: 39468K(1398272K)->39924K(1398272K)
[71.582s][info][gc,metaspace   ] GC(287) Metaspace: 93643K(94400K)->93643K(94400K) NonClass: 83795K(84224K)->83795K(84224K) Class: 9847K(10176K)->9847K(10176K)
[71.582s][info][gc             ] GC(287) Pause Young (System.gc()) 586M->39M(2045M) 0.847ms
[71.582s][info][gc,cpu         ] GC(287) User=0.00s Sys=0.00s Real=0.00s
[71.582s][info][gc,start       ] GC(288) Pause Full (System.gc())
[71.582s][info][gc,phases,start] GC(288) Marking Phase
[71.599s][info][gc,phases      ] GC(288) Marking Phase 17.237ms
[71.599s][info][gc,phases,start] GC(288) Summary Phase
[71.599s][info][gc,phases      ] GC(288) Summary Phase 0.010ms
[71.599s][info][gc,phases,start] GC(288) Adjust Roots
[71.608s][info][gc,phases      ] GC(288) Adjust Roots 8.283ms
[71.608s][info][gc,phases,start] GC(288) Compaction Phase
[71.614s][info][gc,phases      ] GC(288) Compaction Phase 6.197ms
[71.614s][info][gc,phases,start] GC(288) Post Compact
[71.615s][info][gc,phases      ] GC(288) Post Compact 0.569ms
[71.615s][info][gc,heap        ] GC(288) PSYoungGen: 460K(696320K)->0K(696320K) Eden: 0K(693760K)->0K(693760K) From: 460K(2560K)->0K(2560K)
[71.615s][info][gc,heap        ] GC(288) ParOldGen: 39924K(1398272K)->39574K(1398272K)
[71.615s][info][gc,metaspace   ] GC(288) Metaspace: 93643K(94400K)->93643K(94400K) NonClass: 83795K(84224K)->83795K(84224K) Class: 9847K(10176K)->9847K(10176K)
[71.615s][info][gc             ] GC(288) Pause Full (System.gc()) 39M->38M(2045M) 32.657ms
[71.615s][info][gc,cpu         ] GC(288) User=0.11s Sys=0.00s Real=0.04s
[71.916s][info][gc,start       ] GC(289) Pause Young (Allocation Failure)
[71.917s][info][gc,heap        ] GC(289) PSYoungGen: 693733K(696320K)->1654K(695808K) Eden: 693733K(693760K)->0K(693760K) From: 0K(2560K)->1654K(2048K)
[71.917s][info][gc,heap        ] GC(289) ParOldGen: 39574K(1398272K)->39574K(1398272K)
[71.917s][info][gc,metaspace   ] GC(289) Metaspace: 93643K(94400K)->93643K(94400K) NonClass: 83795K(84224K)->83795K(84224K) Class: 9847K(10176K)->9847K(10176K)
[71.917s][info][gc             ] GC(289) Pause Young (Allocation Failure) 716M->40M(2045M) 1.462ms
[71.917s][info][gc,cpu         ] GC(289) User=0.00s Sys=0.00s Real=0.00s
[72.144s][info][gc,start       ] GC(290) Pause Young (System.gc())
[72.145s][info][gc,heap        ] GC(290) PSYoungGen: 560372K(695808K)->460K(696320K) Eden: 558718K(693760K)->0K(693248K) From: 1654K(2048K)->460K(3072K)
[72.145s][info][gc,heap        ] GC(290) ParOldGen: 39574K(1398272K)->40030K(1398272K)
[72.145s][info][gc,metaspace   ] GC(290) Metaspace: 93643K(94400K)->93643K(94400K) NonClass: 83795K(84224K)->83795K(84224K) Class: 9847K(10176K)->9847K(10176K)
[72.145s][info][gc             ] GC(290) Pause Young (System.gc()) 585M->39M(2045M) 0.806ms
[72.145s][info][gc,cpu         ] GC(290) User=0.00s Sys=0.00s Real=0.00s
[72.145s][info][gc,start       ] GC(291) Pause Full (System.gc())
[72.145s][info][gc,phases,start] GC(291) Marking Phase
[72.163s][info][gc,phases      ] GC(291) Marking Phase 18.552ms
[72.163s][info][gc,phases,start] GC(291) Summary Phase
[72.163s][info][gc,phases      ] GC(291) Summary Phase 0.010ms
[72.164s][info][gc,phases,start] GC(291) Adjust Roots
[72.171s][info][gc,phases      ] GC(291) Adjust Roots 7.860ms
[72.171s][info][gc,phases,start] GC(291) Compaction Phase
[72.178s][info][gc,phases      ] GC(291) Compaction Phase 6.282ms
[72.178s][info][gc,phases,start] GC(291) Post Compact
[72.178s][info][gc,phases      ] GC(291) Post Compact 0.491ms
[72.178s][info][gc,heap        ] GC(291) PSYoungGen: 460K(696320K)->0K(696320K) Eden: 0K(693248K)->0K(693248K) From: 460K(3072K)->0K(3072K)
[72.178s][info][gc,heap        ] GC(291) ParOldGen: 40030K(1398272K)->39678K(1398272K)
[72.178s][info][gc,metaspace   ] GC(291) Metaspace: 93643K(94400K)->93643K(94400K) NonClass: 83795K(84224K)->83795K(84224K) Class: 9847K(10176K)->9847K(10176K)
[72.178s][info][gc             ] GC(291) Pause Full (System.gc()) 39M->38M(2045M) 33.488ms
[72.178s][info][gc,cpu         ] GC(291) User=0.03s Sys=0.00s Real=0.04s
[72.480s][info][gc,start       ] GC(292) Pause Young (Allocation Failure)
[72.481s][info][gc,heap        ] GC(292) PSYoungGen: 689890K(696320K)->1462K(695808K) Eden: 689890K(693248K)->0K(693248K) From: 0K(3072K)->1462K(2560K)
[72.481s][info][gc,heap        ] GC(292) ParOldGen: 39678K(1398272K)->39678K(1398272K)
[72.481s][info][gc,metaspace   ] GC(292) Metaspace: 93650K(94400K)->93650K(94400K) NonClass: 83803K(84224K)->83803K(84224K) Class: 9847K(10176K)->9847K(10176K)
[72.481s][info][gc             ] GC(292) Pause Young (Allocation Failure) 712M->40M(2045M) 1.039ms
[72.481s][info][gc,cpu         ] GC(292) User=0.00s Sys=0.00s Real=0.00s
[72.711s][info][gc,start       ] GC(293) Pause Young (System.gc())
[72.712s][info][gc,heap        ] GC(293) PSYoungGen: 565831K(695808K)->460K(696320K) Eden: 564368K(693248K)->0K(693760K) From: 1462K(2560K)->460K(2560K)
[72.712s][info][gc,heap        ] GC(293) ParOldGen: 39678K(1398272K)->40129K(1398272K)
[72.712s][info][gc,metaspace   ] GC(293) Metaspace: 93650K(94400K)->93650K(94400K) NonClass: 83803K(84224K)->83803K(84224K) Class: 9847K(10176K)->9847K(10176K)
[72.712s][info][gc             ] GC(293) Pause Young (System.gc()) 591M->39M(2045M) 0.775ms
[72.712s][info][gc,cpu         ] GC(293) User=0.00s Sys=0.00s Real=0.00s
[72.712s][info][gc,start       ] GC(294) Pause Full (System.gc())
[72.712s][info][gc,phases,start] GC(294) Marking Phase
[72.729s][info][gc,phases      ] GC(294) Marking Phase 17.698ms
[72.729s][info][gc,phases,start] GC(294) Summary Phase
[72.729s][info][gc,phases      ] GC(294) Summary Phase 0.010ms
[72.729s][info][gc,phases,start] GC(294) Adjust Roots
[72.737s][info][gc,phases      ] GC(294) Adjust Roots 7.901ms
[72.737s][info][gc,phases,start] GC(294) Compaction Phase
[72.744s][info][gc,phases      ] GC(294) Compaction Phase 6.398ms
[72.744s][info][gc,phases,start] GC(294) Post Compact
[72.744s][info][gc,phases      ] GC(294) Post Compact 0.467ms
[72.744s][info][gc,heap        ] GC(294) PSYoungGen: 460K(696320K)->0K(696320K) Eden: 0K(693760K)->0K(693760K) From: 460K(2560K)->0K(2560K)
[72.744s][info][gc,heap        ] GC(294) ParOldGen: 40129K(1398272K)->39232K(1398272K)
[72.744s][info][gc,metaspace   ] GC(294) Metaspace: 93650K(94400K)->93650K(94400K) NonClass: 83803K(84224K)->83803K(84224K) Class: 9847K(10176K)->9847K(10176K)
[72.744s][info][gc             ] GC(294) Pause Full (System.gc()) 39M->38M(2045M) 32.773ms
[72.745s][info][gc,cpu         ] GC(294) User=0.11s Sys=0.00s Real=0.03s
[73.040s][info][gc,start       ] GC(295) Pause Young (Allocation Failure)
[73.041s][info][gc,heap        ] GC(295) PSYoungGen: 693760K(696320K)->1536K(696320K) Eden: 693760K(693760K)->0K(693760K) From: 0K(2560K)->1536K(2560K)
[73.041s][info][gc,heap        ] GC(295) ParOldGen: 39232K(1398272K)->39232K(1398272K)
[73.041s][info][gc,metaspace   ] GC(295) Metaspace: 93653K(94400K)->93653K(94400K) NonClass: 83805K(84224K)->83805K(84224K) Class: 9847K(10176K)->9847K(10176K)
[73.041s][info][gc             ] GC(295) Pause Young (Allocation Failure) 715M->39M(2045M) 1.395ms
[73.041s][info][gc,cpu         ] GC(295) User=0.00s Sys=0.00s Real=0.02s
[73.271s][info][gc,start       ] GC(296) Pause Young (System.gc())
[73.271s][info][gc,heap        ] GC(296) PSYoungGen: 566806K(696320K)->475K(696320K) Eden: 565269K(693760K)->0K(693760K) From: 1536K(2560K)->475K(2560K)
[73.272s][info][gc,heap        ] GC(296) ParOldGen: 39232K(1398272K)->39702K(1398272K)
[73.272s][info][gc,metaspace   ] GC(296) Metaspace: 93653K(94400K)->93653K(94400K) NonClass: 83805K(84224K)->83805K(84224K) Class: 9847K(10176K)->9847K(10176K)
[73.272s][info][gc             ] GC(296) Pause Young (System.gc()) 591M->39M(2045M) 0.804ms
[73.272s][info][gc,cpu         ] GC(296) User=0.00s Sys=0.00s Real=0.00s
[73.272s][info][gc,start       ] GC(297) Pause Full (System.gc())
[73.272s][info][gc,phases,start] GC(297) Marking Phase
[73.289s][info][gc,phases      ] GC(297) Marking Phase 17.769ms
[73.289s][info][gc,phases,start] GC(297) Summary Phase
[73.289s][info][gc,phases      ] GC(297) Summary Phase 0.010ms
[73.289s][info][gc,phases,start] GC(297) Adjust Roots
[73.297s][info][gc,phases      ] GC(297) Adjust Roots 8.002ms
[73.298s][info][gc,phases,start] GC(297) Compaction Phase
[73.306s][info][gc,phases      ] GC(297) Compaction Phase 8.150ms
[73.306s][info][gc,phases,start] GC(297) Post Compact
[73.306s][info][gc,phases      ] GC(297) Post Compact 0.482ms
[73.306s][info][gc,heap        ] GC(297) PSYoungGen: 475K(696320K)->0K(696320K) Eden: 0K(693760K)->0K(693760K) From: 475K(2560K)->0K(2560K)
[73.306s][info][gc,heap        ] GC(297) ParOldGen: 39702K(1398272K)->39379K(1398272K)
[73.306s][info][gc,metaspace   ] GC(297) Metaspace: 93653K(94400K)->93653K(94400K) NonClass: 83805K(84224K)->83805K(84224K) Class: 9847K(10176K)->9847K(10176K)
[73.306s][info][gc             ] GC(297) Pause Full (System.gc()) 39M->38M(2045M) 34.735ms
[73.306s][info][gc,cpu         ] GC(297) User=0.03s Sys=0.00s Real=0.04s
[73.610s][info][gc,start       ] GC(298) Pause Young (Allocation Failure)
[73.612s][info][gc,heap        ] GC(298) PSYoungGen: 693760K(696320K)->1844K(695808K) Eden: 693760K(693760K)->0K(693760K) From: 0K(2560K)->1844K(2048K)
[73.612s][info][gc,heap        ] GC(298) ParOldGen: 39379K(1398272K)->39379K(1398272K)
[73.612s][info][gc,metaspace   ] GC(298) Metaspace: 93653K(94400K)->93653K(94400K) NonClass: 83805K(84224K)->83805K(84224K) Class: 9847K(10176K)->9847K(10176K)
[73.612s][info][gc             ] GC(298) Pause Young (Allocation Failure) 715M->40M(2045M) 1.801ms
[73.612s][info][gc,cpu         ] GC(298) User=0.00s Sys=0.00s Real=0.00s
[73.833s][info][gc,start       ] GC(299) Pause Young (System.gc())
[73.834s][info][gc,heap        ] GC(299) PSYoungGen: 554960K(695808K)->467K(695808K) Eden: 553115K(693760K)->0K(692736K) From: 1844K(2048K)->467K(3072K)
[73.834s][info][gc,heap        ] GC(299) ParOldGen: 39379K(1398272K)->39829K(1398272K)
[73.834s][info][gc,metaspace   ] GC(299) Metaspace: 93653K(94400K)->93653K(94400K) NonClass: 83805K(84224K)->83805K(84224K) Class: 9847K(10176K)->9847K(10176K)
[73.834s][info][gc             ] GC(299) Pause Young (System.gc()) 580M->39M(2045M) 0.746ms
[73.834s][info][gc,cpu         ] GC(299) User=0.00s Sys=0.00s Real=0.00s
[73.834s][info][gc,start       ] GC(300) Pause Full (System.gc())
[73.834s][info][gc,phases,start] GC(300) Marking Phase
[73.851s][info][gc,phases      ] GC(300) Marking Phase 16.928ms
[73.851s][info][gc,phases,start] GC(300) Summary Phase
[73.851s][info][gc,phases      ] GC(300) Summary Phase 0.010ms
[73.851s][info][gc,phases,start] GC(300) Adjust Roots
[73.858s][info][gc,phases      ] GC(300) Adjust Roots 7.509ms
[73.858s][info][gc,phases,start] GC(300) Compaction Phase
[73.865s][info][gc,phases      ] GC(300) Compaction Phase 6.210ms
[73.865s][info][gc,phases,start] GC(300) Post Compact
[73.865s][info][gc,phases      ] GC(300) Post Compact 0.558ms
[73.865s][info][gc,heap        ] GC(300) PSYoungGen: 467K(695808K)->0K(695808K) Eden: 0K(692736K)->0K(692736K) From: 467K(3072K)->0K(3072K)
[73.865s][info][gc,heap        ] GC(300) ParOldGen: 39829K(1398272K)->39443K(1398272K)
[73.865s][info][gc,metaspace   ] GC(300) Metaspace: 93653K(94400K)->93653K(94400K) NonClass: 83805K(84224K)->83805K(84224K) Class: 9847K(10176K)->9847K(10176K)
[73.865s][info][gc             ] GC(300) Pause Full (System.gc()) 39M->38M(2045M) 31.509ms
[73.865s][info][gc,cpu         ] GC(300) User=0.03s Sys=0.00s Real=0.03s
[74.161s][info][gc,start       ] GC(301) Pause Young (Allocation Failure)
[74.162s][info][gc,heap        ] GC(301) PSYoungGen: 689577K(695808K)->1430K(695808K) Eden: 689577K(692736K)->0K(692736K) From: 0K(3072K)->1430K(3072K)
[74.162s][info][gc,heap        ] GC(301) ParOldGen: 39443K(1398272K)->39443K(1398272K)
[74.162s][info][gc,metaspace   ] GC(301) Metaspace: 93653K(94400K)->93653K(94400K) NonClass: 83805K(84224K)->83805K(84224K) Class: 9847K(10176K)->9847K(10176K)
[74.162s][info][gc             ] GC(301) Pause Young (Allocation Failure) 711M->39M(2045M) 1.030ms
[74.162s][info][gc,cpu         ] GC(301) User=0.00s Sys=0.00s Real=0.00s
[74.389s][info][gc,start       ] GC(302) Pause Young (System.gc())
[74.390s][info][gc,heap        ] GC(302) PSYoungGen: 565672K(695808K)->435K(696320K) Eden: 564242K(692736K)->0K(693248K) From: 1430K(3072K)->435K(3072K)
[74.390s][info][gc,heap        ] GC(302) ParOldGen: 39443K(1398272K)->39881K(1398272K)
[74.390s][info][gc,metaspace   ] GC(302) Metaspace: 93653K(94400K)->93653K(94400K) NonClass: 83805K(84224K)->83805K(84224K) Class: 9847K(10176K)->9847K(10176K)
[74.390s][info][gc             ] GC(302) Pause Young (System.gc()) 590M->39M(2045M) 1.228ms
[74.390s][info][gc,cpu         ] GC(302) User=0.05s Sys=0.00s Real=0.00s
[74.390s][info][gc,start       ] GC(303) Pause Full (System.gc())
[74.390s][info][gc,phases,start] GC(303) Marking Phase
[74.409s][info][gc,phases      ] GC(303) Marking Phase 19.016ms
[74.409s][info][gc,phases,start] GC(303) Summary Phase
[74.409s][info][gc,phases      ] GC(303) Summary Phase 0.010ms
[74.409s][info][gc,phases,start] GC(303) Adjust Roots
[74.418s][info][gc,phases      ] GC(303) Adjust Roots 8.694ms
[74.418s][info][gc,phases,start] GC(303) Compaction Phase
[74.423s][info][gc,phases      ] GC(303) Compaction Phase 5.012ms
[74.423s][info][gc,phases,start] GC(303) Post Compact
[74.423s][info][gc,phases      ] GC(303) Post Compact 0.465ms
[74.423s][info][gc,heap        ] GC(303) PSYoungGen: 435K(696320K)->0K(696320K) Eden: 0K(693248K)->0K(693248K) From: 435K(3072K)->0K(3072K)
[74.423s][info][gc,heap        ] GC(303) ParOldGen: 39881K(1398272K)->39548K(1398272K)
[74.423s][info][gc,metaspace   ] GC(303) Metaspace: 93653K(94400K)->93653K(94400K) NonClass: 83805K(84224K)->83805K(84224K) Class: 9847K(10176K)->9847K(10176K)
[74.423s][info][gc             ] GC(303) Pause Full (System.gc()) 39M->38M(2045M) 33.466ms
[74.423s][info][gc,cpu         ] GC(303) User=0.11s Sys=0.00s Real=0.03s
[74.722s][info][gc,start       ] GC(304) Pause Young (Allocation Failure)
[74.723s][info][gc,heap        ] GC(304) PSYoungGen: 693248K(696320K)->1744K(695808K) Eden: 693248K(693248K)->0K(693248K) From: 0K(3072K)->1744K(2560K)
[74.723s][info][gc,heap        ] GC(304) ParOldGen: 39548K(1398272K)->39548K(1398272K)
[74.723s][info][gc,metaspace   ] GC(304) Metaspace: 93653K(94400K)->93653K(94400K) NonClass: 83805K(84224K)->83805K(84224K) Class: 9847K(10176K)->9847K(10176K)
[74.723s][info][gc             ] GC(304) Pause Young (Allocation Failure) 715M->40M(2045M) 1.402ms
[74.723s][info][gc,cpu         ] GC(304) User=0.00s Sys=0.00s Real=0.02s
[74.948s][info][gc,start       ] GC(305) Pause Young (System.gc())
[74.949s][info][gc,heap        ] GC(305) PSYoungGen: 558224K(695808K)->475K(695808K) Eden: 556480K(693248K)->0K(692736K) From: 1744K(2560K)->475K(3072K)
[74.949s][info][gc,heap        ] GC(305) ParOldGen: 39548K(1398272K)->39999K(1398272K)
[74.949s][info][gc,metaspace   ] GC(305) Metaspace: 93653K(94400K)->93653K(94400K) NonClass: 83805K(84224K)->83805K(84224K) Class: 9847K(10176K)->9847K(10176K)
[74.949s][info][gc             ] GC(305) Pause Young (System.gc()) 583M->39M(2045M) 0.804ms
[74.949s][info][gc,cpu         ] GC(305) User=0.00s Sys=0.00s Real=0.00s
[74.949s][info][gc,start       ] GC(306) Pause Full (System.gc())
[74.949s][info][gc,phases,start] GC(306) Marking Phase
[74.966s][info][gc,phases      ] GC(306) Marking Phase 16.962ms
[74.966s][info][gc,phases,start] GC(306) Summary Phase
[74.966s][info][gc,phases      ] GC(306) Summary Phase 0.010ms
[74.966s][info][gc,phases,start] GC(306) Adjust Roots
[74.974s][info][gc,phases      ] GC(306) Adjust Roots 7.615ms
[74.974s][info][gc,phases,start] GC(306) Compaction Phase
[74.979s][info][gc,phases      ] GC(306) Compaction Phase 5.742ms
[74.980s][info][gc,phases,start] GC(306) Post Compact
[74.980s][info][gc,phases      ] GC(306) Post Compact 0.473ms
[74.980s][info][gc,heap        ] GC(306) PSYoungGen: 475K(695808K)->0K(695808K) Eden: 0K(692736K)->0K(692736K) From: 475K(3072K)->0K(3072K)
[74.980s][info][gc,heap        ] GC(306) ParOldGen: 39999K(1398272K)->39653K(1398272K)
[74.980s][info][gc,metaspace   ] GC(306) Metaspace: 93653K(94400K)->93653K(94400K) NonClass: 83805K(84224K)->83805K(84224K) Class: 9847K(10176K)->9847K(10176K)
[74.980s][info][gc             ] GC(306) Pause Full (System.gc()) 39M->38M(2045M) 31.086ms
[74.980s][info][gc,cpu         ] GC(306) User=0.11s Sys=0.00s Real=0.03s
[75.276s][info][gc,start       ] GC(307) Pause Young (Allocation Failure)
[75.276s][info][gc,heap        ] GC(307) PSYoungGen: 689685K(695808K)->1381K(695808K) Eden: 689685K(692736K)->0K(692736K) From: 0K(3072K)->1381K(3072K)
[75.277s][info][gc,heap        ] GC(307) ParOldGen: 39653K(1398272K)->39653K(1398272K)
[75.277s][info][gc,metaspace   ] GC(307) Metaspace: 93653K(94400K)->93653K(94400K) NonClass: 83805K(84224K)->83805K(84224K) Class: 9847K(10176K)->9847K(10176K)
[75.277s][info][gc             ] GC(307) Pause Young (Allocation Failure) 712M->40M(2045M) 1.023ms
[75.277s][info][gc,cpu         ] GC(307) User=0.00s Sys=0.00s Real=0.00s
[75.588s][info][gc,heap,exit   ] Heap
[75.588s][info][gc,heap,exit   ]  PSYoungGen      total 695808K, used 645633K [0x00000000d5580000, 0x0000000100000000, 0x0000000100000000)
[75.588s][info][gc,heap,exit   ]   eden space 692736K, 93% used [0x00000000d5580000,0x00000000fcaa6e70,0x00000000ffa00000)
[75.588s][info][gc,heap,exit   ]   from space 3072K, 44% used [0x00000000ffa00000,0x00000000ffb595a8,0x00000000ffd00000)
[75.588s][info][gc,heap,exit   ]   to   space 3072K, 0% used [0x00000000ffd00000,0x00000000ffd00000,0x0000000100000000)
[75.588s][info][gc,heap,exit   ]  ParOldGen       total 1398272K, used 39653K [0x0000000080000000, 0x00000000d5580000, 0x00000000d5580000)
[75.588s][info][gc,heap,exit   ]   object space 1398272K, 2% used [0x0000000080000000,0x00000000826b95b0,0x00000000d5580000)
[75.588s][info][gc,heap,exit   ]  Metaspace       used 94090K, committed 94848K, reserved 1179648K
[75.588s][info][gc,heap,exit   ]   class space    used 9938K, committed 10304K, reserved 1048576K
