[0.010s][info][gc] Using Concurrent Mark Sweep
[0.011s][info][gc,heap,coops] Heap address: 0x00000000c0000000, size: 1024 MB, Compressed Oops mode: 32-bit
[1.150s][info][gc,start     ] GC(0) Pause Full (System.gc())
[1.150s][info][gc,phases,start] GC(0) Phase 1: Mark live objects
[1.156s][info][gc,phases      ] GC(0) Phase 1: Mark live objects 5.493ms
[1.156s][info][gc,phases,start] GC(0) Phase 2: Compute new object addresses
[1.159s][info][gc,phases      ] GC(0) Phase 2: Compute new object addresses 2.635ms
[1.159s][info][gc,phases,start] GC(0) Phase 3: Adjust pointers
[1.161s][info][gc,phases      ] GC(0) Phase 3: Adjust pointers 2.757ms
[1.162s][info][gc,phases,start] GC(0) Phase 4: Move objects
[1.165s][info][gc,phases      ] GC(0) Phase 4: Move objects 2.970ms
[1.168s][info][gc,heap        ] GC(0) ParNew: 39188K->0K(314560K)
[1.168s][info][gc,heap        ] GC(0) CMS: 0K->3669K(699072K)
[1.168s][info][gc,metaspace   ] GC(0) Metaspace: 17113K(17536K)->17113K(17536K) NonClass: 15148K(15360K)->15148K(15360K) Class: 1964K(2176K)->1964K(2176K)
[1.168s][info][gc             ] GC(0) Pause Full (System.gc()) 38M->3M(989M) 17.999ms
[1.168s][info][gc,cpu         ] GC(0) User=0.00s Sys=0.00s Real=0.02s
[2.568s][info][gc,start       ] GC(1) Pause Young (Allocation Failure)
[2.568s][info][gc,task        ] GC(1) Using 6 workers of 6 for evacuation
[2.570s][info][gc,heap        ] GC(1) ParNew: 279616K->2112K(314560K)
[2.570s][info][gc,heap        ] GC(1) CMS: 3669K->3669K(699072K)
[2.570s][info][gc,metaspace   ] GC(1) Metaspace: 22904K(23680K)->22904K(23680K) NonClass: 20096K(20480K)->20096K(20480K) Class: 2807K(3200K)->2807K(3200K)
[2.570s][info][gc             ] GC(1) Pause Young (Allocation Failure) 276M->5M(989M) 2.462ms
[2.570s][info][gc,cpu         ] GC(1) User=0.00s Sys=0.00s Real=0.00s
[2.875s][info][gc,start       ] GC(2) Pause Young (Allocation Failure)
[2.875s][info][gc,task        ] GC(2) Using 6 workers of 6 for evacuation
[2.877s][info][gc,heap        ] GC(2) ParNew: 281728K->2502K(314560K)
[2.877s][info][gc,heap        ] GC(2) CMS: 3669K->3669K(699072K)
[2.877s][info][gc,metaspace   ] GC(2) Metaspace: 22923K(23680K)->22923K(23680K) NonClass: 20116K(20480K)->20116K(20480K) Class: 2807K(3200K)->2807K(3200K)
[2.877s][info][gc             ] GC(2) Pause Young (Allocation Failure) 278M->6M(989M) 1.990ms
[2.877s][info][gc,cpu         ] GC(2) User=0.00s Sys=0.00s Real=0.00s
[3.128s][info][gc,start       ] GC(3) Pause Young (Allocation Failure)
[3.128s][info][gc,task        ] GC(3) Using 6 workers of 6 for evacuation
[3.130s][info][gc,heap        ] GC(3) ParNew: 282118K->2889K(314560K)
[3.130s][info][gc,heap        ] GC(3) CMS: 3669K->3669K(699072K)
[3.130s][info][gc,metaspace   ] GC(3) Metaspace: 22935K(23680K)->22935K(23680K) NonClass: 20128K(20480K)->20128K(20480K) Class: 2807K(3200K)->2807K(3200K)
[3.130s][info][gc             ] GC(3) Pause Young (Allocation Failure) 279M->6M(989M) 1.996ms
[3.130s][info][gc,cpu         ] GC(3) User=0.00s Sys=0.00s Real=0.00s
[3.392s][info][gc,start       ] GC(4) Pause Young (Allocation Failure)
[3.392s][info][gc,task        ] GC(4) Using 6 workers of 6 for evacuation
[3.394s][info][gc,heap        ] GC(4) ParNew: 282505K->3279K(314560K)
[3.394s][info][gc,heap        ] GC(4) CMS: 3669K->3669K(699072K)
[3.394s][info][gc,metaspace   ] GC(4) Metaspace: 22945K(23680K)->22945K(23680K) NonClass: 20138K(20480K)->20138K(20480K) Class: 2807K(3200K)->2807K(3200K)
[3.394s][info][gc             ] GC(4) Pause Young (Allocation Failure) 279M->6M(989M) 2.244ms
[3.394s][info][gc,cpu         ] GC(4) User=0.00s Sys=0.00s Real=0.00s
[3.675s][info][gc,start       ] GC(5) Pause Young (Allocation Failure)
[3.675s][info][gc,task        ] GC(5) Using 6 workers of 6 for evacuation
[3.677s][info][gc,heap        ] GC(5) ParNew: 282895K->2565K(314560K)
[3.677s][info][gc,heap        ] GC(5) CMS: 3669K->3669K(699072K)
[3.677s][info][gc,metaspace   ] GC(5) Metaspace: 22949K(23680K)->22949K(23680K) NonClass: 20142K(20480K)->20142K(20480K) Class: 2807K(3200K)->2807K(3200K)
[3.677s][info][gc             ] GC(5) Pause Young (Allocation Failure) 279M->6M(989M) 1.996ms
[3.677s][info][gc,cpu         ] GC(5) User=0.00s Sys=0.00s Real=0.00s
[3.925s][info][gc,start       ] GC(6) Pause Young (Allocation Failure)
[3.925s][info][gc,task        ] GC(6) Using 6 workers of 6 for evacuation
[3.927s][info][gc,heap        ] GC(6) ParNew: 282181K->2791K(314560K)
[3.927s][info][gc,heap        ] GC(6) CMS: 3669K->3669K(699072K)
[3.927s][info][gc,metaspace   ] GC(6) Metaspace: 22949K(23680K)->22949K(23680K) NonClass: 20142K(20480K)->20142K(20480K) Class: 2807K(3200K)->2807K(3200K)
[3.927s][info][gc             ] GC(6) Pause Young (Allocation Failure) 279M->6M(989M) 1.801ms
[3.927s][info][gc,cpu         ] GC(6) User=0.00s Sys=0.00s Real=0.00s
[4.183s][info][gc,start       ] GC(7) Pause Young (Allocation Failure)
[4.183s][info][gc,task        ] GC(7) Using 6 workers of 6 for evacuation
[4.188s][info][gc,heap        ] GC(7) ParNew: 282407K->1262K(314560K)
[4.188s][info][gc,heap        ] GC(7) CMS: 3669K->5918K(699072K)
[4.188s][info][gc,metaspace   ] GC(7) Metaspace: 22949K(23680K)->22949K(23680K) NonClass: 20142K(20480K)->20142K(20480K) Class: 2807K(3200K)->2807K(3200K)
[4.188s][info][gc             ] GC(7) Pause Young (Allocation Failure) 279M->7M(989M) 4.827ms
[4.188s][info][gc,cpu         ] GC(7) User=0.00s Sys=0.00s Real=0.01s
[4.448s][info][gc,start       ] GC(8) Pause Young (Allocation Failure)
[4.448s][info][gc,task        ] GC(8) Using 6 workers of 6 for evacuation
[4.449s][info][gc,heap        ] GC(8) ParNew: 280878K->387K(314560K)
[4.450s][info][gc,heap        ] GC(8) CMS: 5918K->5927K(699072K)
[4.450s][info][gc,metaspace   ] GC(8) Metaspace: 22949K(23680K)->22949K(23680K) NonClass: 20142K(20480K)->20142K(20480K) Class: 2807K(3200K)->2807K(3200K)
[4.450s][info][gc             ] GC(8) Pause Young (Allocation Failure) 280M->6M(989M) 1.381ms
[4.450s][info][gc,cpu         ] GC(8) User=0.02s Sys=0.00s Real=0.00s
[4.498s][info][gc,start       ] GC(9) Pause Full (System.gc())
[4.498s][info][gc,phases,start] GC(9) Phase 1: Mark live objects
[4.507s][info][gc,phases      ] GC(9) Phase 1: Mark live objects 9.045ms
[4.507s][info][gc,phases,start] GC(9) Phase 2: Compute new object addresses
[4.514s][info][gc,phases      ] GC(9) Phase 2: Compute new object addresses 6.310ms
[4.514s][info][gc,phases,start] GC(9) Phase 3: Adjust pointers
[4.518s][info][gc,phases      ] GC(9) Phase 3: Adjust pointers 4.318ms
[4.518s][info][gc,phases,start] GC(9) Phase 4: Move objects
[4.519s][info][gc,phases      ] GC(9) Phase 4: Move objects 1.424ms
[4.520s][info][gc,heap        ] GC(9) ParNew: 37599K->0K(314560K)
[4.520s][info][gc,heap        ] GC(9) CMS: 5927K->5519K(699072K)
[4.520s][info][gc,metaspace   ] GC(9) Metaspace: 23033K(23936K)->23033K(23936K) NonClass: 20217K(20736K)->20217K(20736K) Class: 2815K(3200K)->2815K(3200K)
[4.520s][info][gc             ] GC(9) Pause Full (System.gc()) 42M->5M(989M) 22.290ms
[4.520s][info][gc,cpu         ] GC(9) User=0.00s Sys=0.00s Real=0.02s
[4.792s][info][gc,start       ] GC(10) Pause Young (Allocation Failure)
[4.792s][info][gc,task        ] GC(10) Using 6 workers of 6 for evacuation
[4.793s][info][gc,heap        ] GC(10) ParNew: 279616K->299K(314560K)
[4.793s][info][gc,heap        ] GC(10) CMS: 5519K->5519K(699072K)
[4.793s][info][gc,metaspace   ] GC(10) Metaspace: 22942K(23936K)->22942K(23936K) NonClass: 20165K(20736K)->20165K(20736K) Class: 2776K(3200K)->2776K(3200K)
[4.793s][info][gc             ] GC(10) Pause Young (Allocation Failure) 278M->5M(989M) 1.466ms
[4.793s][info][gc,cpu         ] GC(10) User=0.00s Sys=0.00s Real=0.00s
[5.038s][info][gc,start       ] GC(11) Pause Young (Allocation Failure)
[5.038s][info][gc,task        ] GC(11) Using 6 workers of 6 for evacuation
[5.039s][info][gc,heap        ] GC(11) ParNew: 279915K->344K(314560K)
[5.039s][info][gc,heap        ] GC(11) CMS: 5519K->5519K(699072K)
[5.039s][info][gc,metaspace   ] GC(11) Metaspace: 22942K(23936K)->22942K(23936K) NonClass: 20165K(20736K)->20165K(20736K) Class: 2776K(3200K)->2776K(3200K)
[5.040s][info][gc             ] GC(11) Pause Young (Allocation Failure) 278M->5M(989M) 1.434ms
[5.040s][info][gc,cpu         ] GC(11) User=0.00s Sys=0.00s Real=0.00s
[5.306s][info][gc,start       ] GC(12) Pause Young (Allocation Failure)
[5.306s][info][gc,task        ] GC(12) Using 6 workers of 6 for evacuation
[5.307s][info][gc,heap        ] GC(12) ParNew: 279960K->309K(314560K)
[5.307s][info][gc,heap        ] GC(12) CMS: 5519K->5519K(699072K)
[5.307s][info][gc,metaspace   ] GC(12) Metaspace: 22942K(23936K)->22942K(23936K) NonClass: 20165K(20736K)->20165K(20736K) Class: 2776K(3200K)->2776K(3200K)
[5.307s][info][gc             ] GC(12) Pause Young (Allocation Failure) 278M->5M(989M) 1.276ms
[5.307s][info][gc,cpu         ] GC(12) User=0.00s Sys=0.00s Real=0.00s
[5.568s][info][gc,start       ] GC(13) Pause Young (Allocation Failure)
[5.568s][info][gc,task        ] GC(13) Using 6 workers of 6 for evacuation
[5.569s][info][gc,heap        ] GC(13) ParNew: 279925K->323K(314560K)
[5.569s][info][gc,heap        ] GC(13) CMS: 5519K->5519K(699072K)
[5.569s][info][gc,metaspace   ] GC(13) Metaspace: 22942K(23936K)->22942K(23936K) NonClass: 20165K(20736K)->20165K(20736K) Class: 2776K(3200K)->2776K(3200K)
[5.569s][info][gc             ] GC(13) Pause Young (Allocation Failure) 278M->5M(989M) 1.288ms
[5.569s][info][gc,cpu         ] GC(13) User=0.00s Sys=0.00s Real=0.00s
[5.824s][info][gc,start       ] GC(14) Pause Young (Allocation Failure)
[5.824s][info][gc,task        ] GC(14) Using 6 workers of 6 for evacuation
[5.826s][info][gc,heap        ] GC(14) ParNew: 279939K->399K(314560K)
[5.826s][info][gc,heap        ] GC(14) CMS: 5519K->5519K(699072K)
[5.826s][info][gc,metaspace   ] GC(14) Metaspace: 22942K(23936K)->22942K(23936K) NonClass: 20165K(20736K)->20165K(20736K) Class: 2776K(3200K)->2776K(3200K)
[5.826s][info][gc             ] GC(14) Pause Young (Allocation Failure) 278M->5M(989M) 1.556ms
[5.826s][info][gc,cpu         ] GC(14) User=0.00s Sys=0.00s Real=0.00s
[6.074s][info][gc,start       ] GC(15) Pause Young (Allocation Failure)
[6.074s][info][gc,task        ] GC(15) Using 6 workers of 6 for evacuation
[6.075s][info][gc,heap        ] GC(15) ParNew: 280015K->439K(314560K)
[6.075s][info][gc,heap        ] GC(15) CMS: 5519K->5519K(699072K)
[6.075s][info][gc,metaspace   ] GC(15) Metaspace: 22942K(23936K)->22942K(23936K) NonClass: 20165K(20736K)->20165K(20736K) Class: 2776K(3200K)->2776K(3200K)
[6.075s][info][gc             ] GC(15) Pause Young (Allocation Failure) 278M->5M(989M) 1.588ms
[6.075s][info][gc,cpu         ] GC(15) User=0.02s Sys=0.00s Real=0.00s
[6.338s][info][gc,start       ] GC(16) Pause Young (Allocation Failure)
[6.338s][info][gc,task        ] GC(16) Using 6 workers of 6 for evacuation
[6.340s][info][gc,heap        ] GC(16) ParNew: 280055K->143K(314560K)
[6.340s][info][gc,heap        ] GC(16) CMS: 5519K->5751K(699072K)
[6.340s][info][gc,metaspace   ] GC(16) Metaspace: 22943K(23936K)->22943K(23936K) NonClass: 20166K(20736K)->20166K(20736K) Class: 2776K(3200K)->2776K(3200K)
[6.340s][info][gc             ] GC(16) Pause Young (Allocation Failure) 278M->5M(989M) 1.261ms
[6.340s][info][gc,cpu         ] GC(16) User=0.02s Sys=0.00s Real=0.00s
[6.552s][info][gc,start       ] GC(17) Pause Full (System.gc())
[6.552s][info][gc,phases,start] GC(17) Phase 1: Mark live objects
[6.558s][info][gc,phases      ] GC(17) Phase 1: Mark live objects 5.529ms
[6.558s][info][gc,phases,start] GC(17) Phase 2: Compute new object addresses
[6.582s][info][gc,phases      ] GC(17) Phase 2: Compute new object addresses 23.942ms
[6.582s][info][gc,phases,start] GC(17) Phase 3: Adjust pointers
[6.586s][info][gc,phases      ] GC(17) Phase 3: Adjust pointers 3.907ms
[6.586s][info][gc,phases,start] GC(17) Phase 4: Move objects
[6.586s][info][gc,phases      ] GC(17) Phase 4: Move objects 0.306ms
[6.587s][info][gc,heap        ] GC(17) ParNew: 187554K->0K(314560K)
[6.587s][info][gc,heap        ] GC(17) CMS: 5751K->5530K(699072K)
[6.587s][info][gc,metaspace   ] GC(17) Metaspace: 22943K(23936K)->22943K(23936K) NonClass: 20166K(20736K)->20166K(20736K) Class: 2776K(3200K)->2776K(3200K)
[6.587s][info][gc             ] GC(17) Pause Full (System.gc()) 188M->5M(989M) 34.728ms
[6.587s][info][gc,cpu         ] GC(17) User=0.00s Sys=0.00s Real=0.03s
[6.836s][info][gc,start       ] GC(18) Pause Young (Allocation Failure)
[6.836s][info][gc,task        ] GC(18) Using 6 workers of 6 for evacuation
[6.837s][info][gc,heap        ] GC(18) ParNew: 279616K->243K(314560K)
[6.837s][info][gc,heap        ] GC(18) CMS: 5530K->5530K(699072K)
[6.837s][info][gc,metaspace   ] GC(18) Metaspace: 22943K(23936K)->22943K(23936K) NonClass: 20166K(20736K)->20166K(20736K) Class: 2776K(3200K)->2776K(3200K)
[6.837s][info][gc             ] GC(18) Pause Young (Allocation Failure) 278M->5M(989M) 1.260ms
[6.837s][info][gc,cpu         ] GC(18) User=0.00s Sys=0.00s Real=0.00s
[7.076s][info][gc,start       ] GC(19) Pause Young (Allocation Failure)
[7.076s][info][gc,task        ] GC(19) Using 6 workers of 6 for evacuation
[7.077s][info][gc,heap        ] GC(19) ParNew: 279859K->275K(314560K)
[7.078s][info][gc,heap        ] GC(19) CMS: 5530K->5530K(699072K)
[7.078s][info][gc,metaspace   ] GC(19) Metaspace: 22943K(23936K)->22943K(23936K) NonClass: 20166K(20736K)->20166K(20736K) Class: 2776K(3200K)->2776K(3200K)
[7.078s][info][gc             ] GC(19) Pause Young (Allocation Failure) 278M->5M(989M) 1.466ms
[7.078s][info][gc,cpu         ] GC(19) User=0.00s Sys=0.00s Real=0.00s
[7.333s][info][gc,start       ] GC(20) Pause Young (Allocation Failure)
[7.333s][info][gc,task        ] GC(20) Using 6 workers of 6 for evacuation
[7.335s][info][gc,heap        ] GC(20) ParNew: 279891K->287K(314560K)
[7.335s][info][gc,heap        ] GC(20) CMS: 5530K->5530K(699072K)
[7.335s][info][gc,metaspace   ] GC(20) Metaspace: 22943K(23936K)->22943K(23936K) NonClass: 20166K(20736K)->20166K(20736K) Class: 2776K(3200K)->2776K(3200K)
[7.335s][info][gc             ] GC(20) Pause Young (Allocation Failure) 278M->5M(989M) 1.330ms
[7.335s][info][gc,cpu         ] GC(20) User=0.00s Sys=0.00s Real=0.00s
[7.630s][info][gc,start       ] GC(21) Pause Young (Allocation Failure)
[7.630s][info][gc,task        ] GC(21) Using 6 workers of 6 for evacuation
[7.631s][info][gc,heap        ] GC(21) ParNew: 279903K->338K(314560K)
[7.631s][info][gc,heap        ] GC(21) CMS: 5530K->5530K(699072K)
[7.631s][info][gc,metaspace   ] GC(21) Metaspace: 22943K(23936K)->22943K(23936K) NonClass: 20166K(20736K)->20166K(20736K) Class: 2776K(3200K)->2776K(3200K)
[7.631s][info][gc             ] GC(21) Pause Young (Allocation Failure) 278M->5M(989M) 1.511ms
[7.631s][info][gc,cpu         ] GC(21) User=0.00s Sys=0.00s Real=0.00s
[7.877s][info][gc,start       ] GC(22) Pause Young (Allocation Failure)
[7.877s][info][gc,task        ] GC(22) Using 6 workers of 6 for evacuation
[7.879s][info][gc,heap        ] GC(22) ParNew: 279954K->377K(314560K)
[7.879s][info][gc,heap        ] GC(22) CMS: 5530K->5530K(699072K)
[7.879s][info][gc,metaspace   ] GC(22) Metaspace: 22943K(23936K)->22943K(23936K) NonClass: 20166K(20736K)->20166K(20736K) Class: 2776K(3200K)->2776K(3200K)
[7.879s][info][gc             ] GC(22) Pause Young (Allocation Failure) 278M->5M(989M) 1.681ms
[7.879s][info][gc,cpu         ] GC(22) User=0.00s Sys=0.00s Real=0.00s
[8.125s][info][gc,start       ] GC(23) Pause Young (Allocation Failure)
[8.125s][info][gc,task        ] GC(23) Using 6 workers of 6 for evacuation
[8.126s][info][gc,heap        ] GC(23) ParNew: 279993K->390K(314560K)
[8.126s][info][gc,heap        ] GC(23) CMS: 5530K->5530K(699072K)
[8.126s][info][gc,metaspace   ] GC(23) Metaspace: 22943K(23936K)->22943K(23936K) NonClass: 20166K(20736K)->20166K(20736K) Class: 2776K(3200K)->2776K(3200K)
[8.126s][info][gc             ] GC(23) Pause Young (Allocation Failure) 278M->5M(989M) 1.578ms
[8.126s][info][gc,cpu         ] GC(23) User=0.00s Sys=0.00s Real=0.00s
[8.381s][info][gc,start       ] GC(24) Pause Young (Allocation Failure)
[8.381s][info][gc,task        ] GC(24) Using 6 workers of 6 for evacuation
[8.382s][info][gc,heap        ] GC(24) ParNew: 280006K->254K(314560K)
[8.382s][info][gc,heap        ] GC(24) CMS: 5530K->5758K(699072K)
[8.382s][info][gc,metaspace   ] GC(24) Metaspace: 22943K(23936K)->22943K(23936K) NonClass: 20166K(20736K)->20166K(20736K) Class: 2776K(3200K)->2776K(3200K)
[8.382s][info][gc             ] GC(24) Pause Young (Allocation Failure) 278M->5M(989M) 1.450ms
[8.382s][info][gc,cpu         ] GC(24) User=0.00s Sys=0.00s Real=0.00s
[8.671s][info][gc,start       ] GC(25) Pause Young (Allocation Failure)
[8.671s][info][gc,task        ] GC(25) Using 6 workers of 6 for evacuation
[8.672s][info][gc,heap        ] GC(25) ParNew: 279870K->103K(314560K)
[8.672s][info][gc,heap        ] GC(25) CMS: 5758K->5764K(699072K)
[8.672s][info][gc,metaspace   ] GC(25) Metaspace: 22943K(23936K)->22943K(23936K) NonClass: 20166K(20736K)->20166K(20736K) Class: 2776K(3200K)->2776K(3200K)
[8.672s][info][gc             ] GC(25) Pause Young (Allocation Failure) 278M->5M(989M) 1.516ms
[8.672s][info][gc,cpu         ] GC(25) User=0.00s Sys=0.00s Real=0.00s
[8.861s][info][gc,start       ] GC(26) Pause Full (System.gc())
[8.861s][info][gc,phases,start] GC(26) Phase 1: Mark live objects
[8.867s][info][gc,phases      ] GC(26) Phase 1: Mark live objects 5.880ms
[8.867s][info][gc,phases,start] GC(26) Phase 2: Compute new object addresses
[8.883s][info][gc,phases      ] GC(26) Phase 2: Compute new object addresses 15.937ms
[8.883s][info][gc,phases,start] GC(26) Phase 3: Adjust pointers
[8.887s][info][gc,phases      ] GC(26) Phase 3: Adjust pointers 3.864ms
[8.887s][info][gc,phases,start] GC(26) Phase 4: Move objects
[8.887s][info][gc,phases      ] GC(26) Phase 4: Move objects 0.102ms
[8.888s][info][gc,heap        ] GC(26) ParNew: 112991K->0K(314560K)
[8.888s][info][gc,heap        ] GC(26) CMS: 5764K->5536K(699072K)
[8.888s][info][gc,metaspace   ] GC(26) Metaspace: 22943K(23936K)->22943K(23936K) NonClass: 20166K(20736K)->20166K(20736K) Class: 2776K(3200K)->2776K(3200K)
[8.888s][info][gc             ] GC(26) Pause Full (System.gc()) 115M->5M(989M) 26.830ms
[8.888s][info][gc,cpu         ] GC(26) User=0.02s Sys=0.00s Real=0.01s
[9.138s][info][gc,start       ] GC(27) Pause Young (Allocation Failure)
[9.138s][info][gc,task        ] GC(27) Using 6 workers of 6 for evacuation
[9.140s][info][gc,heap        ] GC(27) ParNew: 279616K->237K(314560K)
[9.140s][info][gc,heap        ] GC(27) CMS: 5536K->5536K(699072K)
[9.140s][info][gc,metaspace   ] GC(27) Metaspace: 22943K(23936K)->22943K(23936K) NonClass: 20166K(20736K)->20166K(20736K) Class: 2776K(3200K)->2776K(3200K)
[9.140s][info][gc             ] GC(27) Pause Young (Allocation Failure) 278M->5M(989M) 1.568ms
[9.140s][info][gc,cpu         ] GC(27) User=0.00s Sys=0.00s Real=0.00s
[9.390s][info][gc,start       ] GC(28) Pause Young (Allocation Failure)
[9.390s][info][gc,task        ] GC(28) Using 6 workers of 6 for evacuation
[9.391s][info][gc,heap        ] GC(28) ParNew: 279853K->260K(314560K)
[9.391s][info][gc,heap        ] GC(28) CMS: 5536K->5536K(699072K)
[9.391s][info][gc,metaspace   ] GC(28) Metaspace: 22943K(23936K)->22943K(23936K) NonClass: 20166K(20736K)->20166K(20736K) Class: 2776K(3200K)->2776K(3200K)
[9.392s][info][gc             ] GC(28) Pause Young (Allocation Failure) 278M->5M(989M) 1.661ms
[9.392s][info][gc,cpu         ] GC(28) User=0.00s Sys=0.00s Real=0.00s
[9.649s][info][gc,start       ] GC(29) Pause Young (Allocation Failure)
[9.649s][info][gc,task        ] GC(29) Using 6 workers of 6 for evacuation
[9.651s][info][gc,heap        ] GC(29) ParNew: 279876K->289K(314560K)
[9.651s][info][gc,heap        ] GC(29) CMS: 5536K->5536K(699072K)
[9.651s][info][gc,metaspace   ] GC(29) Metaspace: 22943K(23936K)->22943K(23936K) NonClass: 20166K(20736K)->20166K(20736K) Class: 2776K(3200K)->2776K(3200K)
[9.651s][info][gc             ] GC(29) Pause Young (Allocation Failure) 278M->5M(989M) 1.700ms
[9.651s][info][gc,cpu         ] GC(29) User=0.00s Sys=0.00s Real=0.00s
[9.892s][info][gc,start       ] GC(30) Pause Young (Allocation Failure)
[9.893s][info][gc,task        ] GC(30) Using 6 workers of 6 for evacuation
[9.894s][info][gc,heap        ] GC(30) ParNew: 279905K->315K(314560K)
[9.894s][info][gc,heap        ] GC(30) CMS: 5536K->5536K(699072K)
[9.894s][info][gc,metaspace   ] GC(30) Metaspace: 22943K(23936K)->22943K(23936K) NonClass: 20166K(20736K)->20166K(20736K) Class: 2776K(3200K)->2776K(3200K)
[9.894s][info][gc             ] GC(30) Pause Young (Allocation Failure) 278M->5M(989M) 1.514ms
[9.894s][info][gc,cpu         ] GC(30) User=0.00s Sys=0.00s Real=0.00s
[10.180s][info][gc,start       ] GC(31) Pause Young (Allocation Failure)
[10.180s][info][gc,task        ] GC(31) Using 6 workers of 6 for evacuation
[10.182s][info][gc,heap        ] GC(31) ParNew: 279931K->359K(314560K)
[10.182s][info][gc,heap        ] GC(31) CMS: 5536K->5536K(699072K)
[10.182s][info][gc,metaspace   ] GC(31) Metaspace: 22943K(23936K)->22943K(23936K) NonClass: 20166K(20736K)->20166K(20736K) Class: 2776K(3200K)->2776K(3200K)
[10.182s][info][gc             ] GC(31) Pause Young (Allocation Failure) 278M->5M(989M) 1.529ms
[10.182s][info][gc,cpu         ] GC(31) User=0.00s Sys=0.00s Real=0.00s
[10.419s][info][gc,start       ] GC(32) Pause Young (Allocation Failure)
[10.419s][info][gc,task        ] GC(32) Using 6 workers of 6 for evacuation
[10.421s][info][gc,heap        ] GC(32) ParNew: 279975K->400K(314560K)
[10.421s][info][gc,heap        ] GC(32) CMS: 5536K->5536K(699072K)
[10.421s][info][gc,metaspace   ] GC(32) Metaspace: 22943K(23936K)->22943K(23936K) NonClass: 20166K(20736K)->20166K(20736K) Class: 2776K(3200K)->2776K(3200K)
[10.421s][info][gc             ] GC(32) Pause Young (Allocation Failure) 278M->5M(989M) 1.596ms
[10.421s][info][gc,cpu         ] GC(32) User=0.00s Sys=0.00s Real=0.00s
[10.731s][info][gc,start       ] GC(33) Pause Young (Allocation Failure)
[10.731s][info][gc,task        ] GC(33) Using 6 workers of 6 for evacuation
[10.733s][info][gc,heap        ] GC(33) ParNew: 280016K->208K(314560K)
[10.733s][info][gc,heap        ] GC(33) CMS: 5536K->5763K(699072K)
[10.733s][info][gc,metaspace   ] GC(33) Metaspace: 22943K(23936K)->22943K(23936K) NonClass: 20166K(20736K)->20166K(20736K) Class: 2776K(3200K)->2776K(3200K)
[10.733s][info][gc             ] GC(33) Pause Young (Allocation Failure) 278M->5M(989M) 1.447ms
[10.733s][info][gc,cpu         ] GC(33) User=0.00s Sys=0.00s Real=0.00s
[10.992s][info][gc,start       ] GC(34) Pause Young (Allocation Failure)
[10.992s][info][gc,task        ] GC(34) Using 6 workers of 6 for evacuation
[10.994s][info][gc,heap        ] GC(34) ParNew: 279824K->89K(314560K)
[10.994s][info][gc,heap        ] GC(34) CMS: 5763K->5769K(699072K)
[10.994s][info][gc,metaspace   ] GC(34) Metaspace: 22943K(23936K)->22943K(23936K) NonClass: 20166K(20736K)->20166K(20736K) Class: 2776K(3200K)->2776K(3200K)
[10.994s][info][gc             ] GC(34) Pause Young (Allocation Failure) 278M->5M(989M) 1.408ms
[10.994s][info][gc,cpu         ] GC(34) User=0.00s Sys=0.00s Real=0.00s
[11.205s][info][gc,start       ] GC(35) Pause Full (System.gc())
[11.205s][info][gc,phases,start] GC(35) Phase 1: Mark live objects
[11.211s][info][gc,phases      ] GC(35) Phase 1: Mark live objects 6.229ms
[11.211s][info][gc,phases,start] GC(35) Phase 2: Compute new object addresses
[11.233s][info][gc,phases      ] GC(35) Phase 2: Compute new object addresses 22.075ms
[11.233s][info][gc,phases,start] GC(35) Phase 3: Adjust pointers
[11.237s][info][gc,phases      ] GC(35) Phase 3: Adjust pointers 3.916ms
[11.237s][info][gc,phases,start] GC(35) Phase 4: Move objects
[11.238s][info][gc,phases      ] GC(35) Phase 4: Move objects 0.096ms
[11.238s][info][gc,heap        ] GC(35) ParNew: 172753K->0K(314560K)
[11.238s][info][gc,heap        ] GC(35) CMS: 5769K->5536K(699072K)
[11.238s][info][gc,metaspace   ] GC(35) Metaspace: 22943K(23936K)->22943K(23936K) NonClass: 20166K(20736K)->20166K(20736K) Class: 2776K(3200K)->2776K(3200K)
[11.238s][info][gc             ] GC(35) Pause Full (System.gc()) 174M->5M(989M) 33.331ms
[11.238s][info][gc,cpu         ] GC(35) User=0.03s Sys=0.00s Real=0.03s
[11.490s][info][gc,start       ] GC(36) Pause Young (Allocation Failure)
[11.490s][info][gc,task        ] GC(36) Using 6 workers of 6 for evacuation
[11.492s][info][gc,heap        ] GC(36) ParNew: 279616K->233K(314560K)
[11.492s][info][gc,heap        ] GC(36) CMS: 5536K->5536K(699072K)
[11.492s][info][gc,metaspace   ] GC(36) Metaspace: 22943K(23936K)->22943K(23936K) NonClass: 20167K(20736K)->20167K(20736K) Class: 2776K(3200K)->2776K(3200K)
[11.492s][info][gc             ] GC(36) Pause Young (Allocation Failure) 278M->5M(989M) 1.695ms
[11.492s][info][gc,cpu         ] GC(36) User=0.00s Sys=0.00s Real=0.00s
[11.746s][info][gc,start       ] GC(37) Pause Young (Allocation Failure)
[11.746s][info][gc,task        ] GC(37) Using 6 workers of 6 for evacuation
[11.748s][info][gc,heap        ] GC(37) ParNew: 279849K->248K(314560K)
[11.748s][info][gc,heap        ] GC(37) CMS: 5536K->5536K(699072K)
[11.748s][info][gc,metaspace   ] GC(37) Metaspace: 22943K(23936K)->22943K(23936K) NonClass: 20167K(20736K)->20167K(20736K) Class: 2776K(3200K)->2776K(3200K)
[11.748s][info][gc             ] GC(37) Pause Young (Allocation Failure) 278M->5M(989M) 1.546ms
[11.748s][info][gc,cpu         ] GC(37) User=0.00s Sys=0.00s Real=0.00s
[12.007s][info][gc,start       ] GC(38) Pause Young (Allocation Failure)
[12.007s][info][gc,task        ] GC(38) Using 6 workers of 6 for evacuation
[12.008s][info][gc,heap        ] GC(38) ParNew: 279864K->273K(314560K)
[12.008s][info][gc,heap        ] GC(38) CMS: 5536K->5536K(699072K)
[12.008s][info][gc,metaspace   ] GC(38) Metaspace: 22943K(23936K)->22943K(23936K) NonClass: 20167K(20736K)->20167K(20736K) Class: 2776K(3200K)->2776K(3200K)
[12.008s][info][gc             ] GC(38) Pause Young (Allocation Failure) 278M->5M(989M) 1.421ms
[12.008s][info][gc,cpu         ] GC(38) User=0.00s Sys=0.00s Real=0.00s
[12.254s][info][gc,start       ] GC(39) Pause Young (Allocation Failure)
[12.254s][info][gc,task        ] GC(39) Using 6 workers of 6 for evacuation
[12.256s][info][gc,heap        ] GC(39) ParNew: 279889K->302K(314560K)
[12.256s][info][gc,heap        ] GC(39) CMS: 5536K->5536K(699072K)
[12.256s][info][gc,metaspace   ] GC(39) Metaspace: 22943K(23936K)->22943K(23936K) NonClass: 20167K(20736K)->20167K(20736K) Class: 2776K(3200K)->2776K(3200K)
[12.256s][info][gc             ] GC(39) Pause Young (Allocation Failure) 278M->5M(989M) 1.617ms
[12.256s][info][gc,cpu         ] GC(39) User=0.00s Sys=0.00s Real=0.00s
[12.505s][info][gc,start       ] GC(40) Pause Young (Allocation Failure)
[12.505s][info][gc,task        ] GC(40) Using 6 workers of 6 for evacuation
[12.506s][info][gc,heap        ] GC(40) ParNew: 279918K->342K(314560K)
[12.506s][info][gc,heap        ] GC(40) CMS: 5536K->5536K(699072K)
[12.506s][info][gc,metaspace   ] GC(40) Metaspace: 22943K(23936K)->22943K(23936K) NonClass: 20167K(20736K)->20167K(20736K) Class: 2776K(3200K)->2776K(3200K)
[12.506s][info][gc             ] GC(40) Pause Young (Allocation Failure) 278M->5M(989M) 1.478ms
[12.506s][info][gc,cpu         ] GC(40) User=0.00s Sys=0.00s Real=0.00s
[12.744s][info][gc,start       ] GC(41) Pause Young (Allocation Failure)
[12.744s][info][gc,task        ] GC(41) Using 6 workers of 6 for evacuation
[12.745s][info][gc,heap        ] GC(41) ParNew: 279958K->395K(314560K)
[12.745s][info][gc,heap        ] GC(41) CMS: 5536K->5536K(699072K)
[12.745s][info][gc,metaspace   ] GC(41) Metaspace: 22943K(23936K)->22943K(23936K) NonClass: 20167K(20736K)->20167K(20736K) Class: 2776K(3200K)->2776K(3200K)
[12.745s][info][gc             ] GC(41) Pause Young (Allocation Failure) 278M->5M(989M) 1.534ms
[12.745s][info][gc,cpu         ] GC(41) User=0.00s Sys=0.00s Real=0.00s
[12.985s][info][gc,start       ] GC(42) Pause Young (Allocation Failure)
[12.985s][info][gc,task        ] GC(42) Using 6 workers of 6 for evacuation
[12.987s][info][gc,heap        ] GC(42) ParNew: 280011K->252K(314560K)
[12.987s][info][gc,heap        ] GC(42) CMS: 5536K->5763K(699072K)
[12.987s][info][gc,metaspace   ] GC(42) Metaspace: 22943K(23936K)->22943K(23936K) NonClass: 20167K(20736K)->20167K(20736K) Class: 2776K(3200K)->2776K(3200K)
[12.987s][info][gc             ] GC(42) Pause Young (Allocation Failure) 278M->5M(989M) 1.553ms
[12.987s][info][gc,cpu         ] GC(42) User=0.00s Sys=0.00s Real=0.00s
[13.274s][info][gc,start       ] GC(43) Pause Young (Allocation Failure)
[13.274s][info][gc,task        ] GC(43) Using 6 workers of 6 for evacuation
[13.275s][info][gc,heap        ] GC(43) ParNew: 279868K->111K(314560K)
[13.275s][info][gc,heap        ] GC(43) CMS: 5763K->5769K(699072K)
[13.275s][info][gc,metaspace   ] GC(43) Metaspace: 22943K(23936K)->22943K(23936K) NonClass: 20167K(20736K)->20167K(20736K) Class: 2776K(3200K)->2776K(3200K)
[13.275s][info][gc             ] GC(43) Pause Young (Allocation Failure) 278M->5M(989M) 1.453ms
[13.275s][info][gc,cpu         ] GC(43) User=0.00s Sys=0.00s Real=0.00s
[13.446s][info][gc,start       ] GC(44) Pause Full (System.gc())
[13.446s][info][gc,phases,start] GC(44) Phase 1: Mark live objects
[13.453s][info][gc,phases      ] GC(44) Phase 1: Mark live objects 6.740ms
[13.453s][info][gc,phases,start] GC(44) Phase 2: Compute new object addresses
[13.467s][info][gc,phases      ] GC(44) Phase 2: Compute new object addresses 14.562ms
[13.467s][info][gc,phases,start] GC(44) Phase 3: Adjust pointers
[13.471s][info][gc,phases      ] GC(44) Phase 3: Adjust pointers 3.880ms
[13.471s][info][gc,phases,start] GC(44) Phase 4: Move objects
[13.471s][info][gc,phases      ] GC(44) Phase 4: Move objects 0.097ms
[13.472s][info][gc,heap        ] GC(44) ParNew: 98728K->0K(314560K)
[13.472s][info][gc,heap        ] GC(44) CMS: 5769K->5550K(699072K)
[13.472s][info][gc,metaspace   ] GC(44) Metaspace: 22943K(23936K)->22943K(23936K) NonClass: 20167K(20736K)->20167K(20736K) Class: 2776K(3200K)->2776K(3200K)
[13.472s][info][gc             ] GC(44) Pause Full (System.gc()) 102M->5M(989M) 26.238ms
[13.472s][info][gc,cpu         ] GC(44) User=0.00s Sys=0.00s Real=0.02s
[13.730s][info][gc,start       ] GC(45) Pause Young (Allocation Failure)
[13.730s][info][gc,task        ] GC(45) Using 6 workers of 6 for evacuation
[13.731s][info][gc,heap        ] GC(45) ParNew: 279616K->241K(314560K)
[13.731s][info][gc,heap        ] GC(45) CMS: 5550K->5550K(699072K)
[13.731s][info][gc,metaspace   ] GC(45) Metaspace: 22948K(23936K)->22948K(23936K) NonClass: 20171K(20736K)->20171K(20736K) Class: 2776K(3200K)->2776K(3200K)
[13.731s][info][gc             ] GC(45) Pause Young (Allocation Failure) 278M->5M(989M) 1.433ms
[13.731s][info][gc,cpu         ] GC(45) User=0.00s Sys=0.00s Real=0.00s
[13.992s][info][gc,start       ] GC(46) Pause Young (Allocation Failure)
[13.992s][info][gc,task        ] GC(46) Using 6 workers of 6 for evacuation
[13.993s][info][gc,heap        ] GC(46) ParNew: 279857K->267K(314560K)
[13.993s][info][gc,heap        ] GC(46) CMS: 5550K->5550K(699072K)
[13.993s][info][gc,metaspace   ] GC(46) Metaspace: 22948K(23936K)->22948K(23936K) NonClass: 20171K(20736K)->20171K(20736K) Class: 2776K(3200K)->2776K(3200K)
[13.993s][info][gc             ] GC(46) Pause Young (Allocation Failure) 278M->5M(989M) 1.492ms
[13.993s][info][gc,cpu         ] GC(46) User=0.00s Sys=0.00s Real=0.00s
[14.238s][info][gc,start       ] GC(47) Pause Young (Allocation Failure)
[14.238s][info][gc,task        ] GC(47) Using 6 workers of 6 for evacuation
[14.239s][info][gc,heap        ] GC(47) ParNew: 279883K->283K(314560K)
[14.239s][info][gc,heap        ] GC(47) CMS: 5550K->5550K(699072K)
[14.239s][info][gc,metaspace   ] GC(47) Metaspace: 22948K(23936K)->22948K(23936K) NonClass: 20171K(20736K)->20171K(20736K) Class: 2776K(3200K)->2776K(3200K)
[14.239s][info][gc             ] GC(47) Pause Young (Allocation Failure) 278M->5M(989M) 1.431ms
[14.239s][info][gc,cpu         ] GC(47) User=0.00s Sys=0.00s Real=0.00s
[14.491s][info][gc,start       ] GC(48) Pause Young (Allocation Failure)
[14.491s][info][gc,task        ] GC(48) Using 6 workers of 6 for evacuation
[14.493s][info][gc,heap        ] GC(48) ParNew: 279899K->329K(314560K)
[14.493s][info][gc,heap        ] GC(48) CMS: 5550K->5550K(699072K)
[14.493s][info][gc,metaspace   ] GC(48) Metaspace: 22948K(23936K)->22948K(23936K) NonClass: 20171K(20736K)->20171K(20736K) Class: 2776K(3200K)->2776K(3200K)
[14.493s][info][gc             ] GC(48) Pause Young (Allocation Failure) 278M->5M(989M) 1.620ms
[14.493s][info][gc,cpu         ] GC(48) User=0.00s Sys=0.00s Real=0.00s
[14.738s][info][gc,start       ] GC(49) Pause Young (Allocation Failure)
[14.738s][info][gc,task        ] GC(49) Using 6 workers of 6 for evacuation
[14.739s][info][gc,heap        ] GC(49) ParNew: 279945K->358K(314560K)
[14.739s][info][gc,heap        ] GC(49) CMS: 5550K->5550K(699072K)
[14.739s][info][gc,metaspace   ] GC(49) Metaspace: 22948K(23936K)->22948K(23936K) NonClass: 20171K(20736K)->20171K(20736K) Class: 2776K(3200K)->2776K(3200K)
[14.739s][info][gc             ] GC(49) Pause Young (Allocation Failure) 278M->5M(989M) 1.428ms
[14.739s][info][gc,cpu         ] GC(49) User=0.00s Sys=0.00s Real=0.00s
[14.982s][info][gc,start       ] GC(50) Pause Young (Allocation Failure)
[14.982s][info][gc,task        ] GC(50) Using 6 workers of 6 for evacuation
[14.984s][info][gc,heap        ] GC(50) ParNew: 279974K->435K(314560K)
[14.984s][info][gc,heap        ] GC(50) CMS: 5550K->5550K(699072K)
[14.984s][info][gc,metaspace   ] GC(50) Metaspace: 22948K(23936K)->22948K(23936K) NonClass: 20171K(20736K)->20171K(20736K) Class: 2776K(3200K)->2776K(3200K)
[14.984s][info][gc             ] GC(50) Pause Young (Allocation Failure) 278M->5M(989M) 1.350ms
[14.984s][info][gc,cpu         ] GC(50) User=0.00s Sys=0.00s Real=0.00s
[15.224s][info][gc,start       ] GC(51) Pause Young (Allocation Failure)
[15.224s][info][gc,task        ] GC(51) Using 6 workers of 6 for evacuation
[15.225s][info][gc,heap        ] GC(51) ParNew: 280051K->152K(314560K)
[15.226s][info][gc,heap        ] GC(51) CMS: 5550K->5778K(699072K)
[15.226s][info][gc,metaspace   ] GC(51) Metaspace: 22948K(23936K)->22948K(23936K) NonClass: 20171K(20736K)->20171K(20736K) Class: 2776K(3200K)->2776K(3200K)
[15.226s][info][gc             ] GC(51) Pause Young (Allocation Failure) 278M->5M(989M) 1.354ms
[15.226s][info][gc,cpu         ] GC(51) User=0.00s Sys=0.00s Real=0.00s
[15.532s][info][gc,start       ] GC(52) Pause Young (Allocation Failure)
[15.532s][info][gc,task        ] GC(52) Using 6 workers of 6 for evacuation
[15.534s][info][gc,heap        ] GC(52) ParNew: 279768K->69K(314560K)
[15.534s][info][gc,heap        ] GC(52) CMS: 5778K->5785K(699072K)
[15.534s][info][gc,metaspace   ] GC(52) Metaspace: 22948K(23936K)->22948K(23936K) NonClass: 20171K(20736K)->20171K(20736K) Class: 2776K(3200K)->2776K(3200K)
[15.534s][info][gc             ] GC(52) Pause Young (Allocation Failure) 278M->5M(989M) 1.420ms
[15.534s][info][gc,cpu         ] GC(52) User=0.00s Sys=0.00s Real=0.00s
[15.720s][info][gc,start       ] GC(53) Pause Full (System.gc())
[15.720s][info][gc,phases,start] GC(53) Phase 1: Mark live objects
[15.726s][info][gc,phases      ] GC(53) Phase 1: Mark live objects 5.939ms
[15.726s][info][gc,phases,start] GC(53) Phase 2: Compute new object addresses
[15.741s][info][gc,phases      ] GC(53) Phase 2: Compute new object addresses 15.197ms
[15.741s][info][gc,phases,start] GC(53) Phase 3: Adjust pointers
[15.745s][info][gc,phases      ] GC(53) Phase 3: Adjust pointers 3.892ms
[15.745s][info][gc,phases,start] GC(53) Phase 4: Move objects
[15.745s][info][gc,phases      ] GC(53) Phase 4: Move objects 0.096ms
[15.746s][info][gc,heap        ] GC(53) ParNew: 106189K->0K(314560K)
[15.746s][info][gc,heap        ] GC(53) CMS: 5785K->5550K(699072K)
[15.746s][info][gc,metaspace   ] GC(53) Metaspace: 22949K(23936K)->22949K(23936K) NonClass: 20172K(20736K)->20172K(20736K) Class: 2776K(3200K)->2776K(3200K)
[15.746s][info][gc             ] GC(53) Pause Full (System.gc()) 109M->5M(989M) 26.069ms
[15.746s][info][gc,cpu         ] GC(53) User=0.02s Sys=0.00s Real=0.02s
[15.995s][info][gc,start       ] GC(54) Pause Young (Allocation Failure)
[15.995s][info][gc,task        ] GC(54) Using 6 workers of 6 for evacuation
[15.996s][info][gc,heap        ] GC(54) ParNew: 279616K->230K(314560K)
[15.996s][info][gc,heap        ] GC(54) CMS: 5550K->5550K(699072K)
[15.996s][info][gc,metaspace   ] GC(54) Metaspace: 22950K(23936K)->22950K(23936K) NonClass: 20173K(20736K)->20173K(20736K) Class: 2776K(3200K)->2776K(3200K)
[15.996s][info][gc             ] GC(54) Pause Young (Allocation Failure) 278M->5M(989M) 1.279ms
[15.996s][info][gc,cpu         ] GC(54) User=0.00s Sys=0.02s Real=0.00s
[16.244s][info][gc,start       ] GC(55) Pause Young (Allocation Failure)
[16.244s][info][gc,task        ] GC(55) Using 6 workers of 6 for evacuation
[16.246s][info][gc,heap        ] GC(55) ParNew: 279846K->247K(314560K)
[16.246s][info][gc,heap        ] GC(55) CMS: 5550K->5550K(699072K)
[16.246s][info][gc,metaspace   ] GC(55) Metaspace: 22950K(23936K)->22950K(23936K) NonClass: 20173K(20736K)->20173K(20736K) Class: 2776K(3200K)->2776K(3200K)
[16.246s][info][gc             ] GC(55) Pause Young (Allocation Failure) 278M->5M(989M) 1.472ms
[16.246s][info][gc,cpu         ] GC(55) User=0.00s Sys=0.02s Real=0.00s
[16.503s][info][gc,start       ] GC(56) Pause Young (Allocation Failure)
[16.503s][info][gc,task        ] GC(56) Using 6 workers of 6 for evacuation
[16.504s][info][gc,heap        ] GC(56) ParNew: 279863K->274K(314560K)
[16.504s][info][gc,heap        ] GC(56) CMS: 5550K->5550K(699072K)
[16.504s][info][gc,metaspace   ] GC(56) Metaspace: 22950K(23936K)->22950K(23936K) NonClass: 20173K(20736K)->20173K(20736K) Class: 2776K(3200K)->2776K(3200K)
[16.504s][info][gc             ] GC(56) Pause Young (Allocation Failure) 278M->5M(989M) 1.575ms
[16.504s][info][gc,cpu         ] GC(56) User=0.00s Sys=0.00s Real=0.00s
[16.757s][info][gc,start       ] GC(57) Pause Young (Allocation Failure)
[16.757s][info][gc,task        ] GC(57) Using 6 workers of 6 for evacuation
[16.759s][info][gc,heap        ] GC(57) ParNew: 279890K->297K(314560K)
[16.759s][info][gc,heap        ] GC(57) CMS: 5550K->5550K(699072K)
[16.759s][info][gc,metaspace   ] GC(57) Metaspace: 22950K(23936K)->22950K(23936K) NonClass: 20173K(20736K)->20173K(20736K) Class: 2776K(3200K)->2776K(3200K)
[16.759s][info][gc             ] GC(57) Pause Young (Allocation Failure) 278M->5M(989M) 1.422ms
[16.759s][info][gc,cpu         ] GC(57) User=0.00s Sys=0.00s Real=0.00s
[17.016s][info][gc,start       ] GC(58) Pause Young (Allocation Failure)
[17.016s][info][gc,task        ] GC(58) Using 6 workers of 6 for evacuation
[17.017s][info][gc,heap        ] GC(58) ParNew: 279913K->341K(314560K)
[17.017s][info][gc,heap        ] GC(58) CMS: 5550K->5550K(699072K)
[17.017s][info][gc,metaspace   ] GC(58) Metaspace: 22950K(23936K)->22950K(23936K) NonClass: 20173K(20736K)->20173K(20736K) Class: 2776K(3200K)->2776K(3200K)
[17.017s][info][gc             ] GC(58) Pause Young (Allocation Failure) 278M->5M(989M) 1.275ms
[17.017s][info][gc,cpu         ] GC(58) User=0.00s Sys=0.00s Real=0.00s
[17.252s][info][gc,start       ] GC(59) Pause Young (Allocation Failure)
[17.252s][info][gc,task        ] GC(59) Using 6 workers of 6 for evacuation
[17.253s][info][gc,heap        ] GC(59) ParNew: 279957K->411K(314560K)
[17.253s][info][gc,heap        ] GC(59) CMS: 5550K->5550K(699072K)
[17.253s][info][gc,metaspace   ] GC(59) Metaspace: 22950K(23936K)->22950K(23936K) NonClass: 20173K(20736K)->20173K(20736K) Class: 2776K(3200K)->2776K(3200K)
[17.253s][info][gc             ] GC(59) Pause Young (Allocation Failure) 278M->5M(989M) 1.483ms
[17.253s][info][gc,cpu         ] GC(59) User=0.00s Sys=0.00s Real=0.00s
[17.535s][info][gc,start       ] GC(60) Pause Young (Allocation Failure)
[17.536s][info][gc,task        ] GC(60) Using 6 workers of 6 for evacuation
[17.537s][info][gc,heap        ] GC(60) ParNew: 280027K->150K(314560K)
[17.537s][info][gc,heap        ] GC(60) CMS: 5550K->5778K(699072K)
[17.537s][info][gc,metaspace   ] GC(60) Metaspace: 22950K(23936K)->22950K(23936K) NonClass: 20173K(20736K)->20173K(20736K) Class: 2776K(3200K)->2776K(3200K)
[17.537s][info][gc             ] GC(60) Pause Young (Allocation Failure) 278M->5M(989M) 1.367ms
[17.537s][info][gc,cpu         ] GC(60) User=0.00s Sys=0.00s Real=0.00s
[17.828s][info][gc,start       ] GC(61) Pause Young (Allocation Failure)
[17.828s][info][gc,task        ] GC(61) Using 6 workers of 6 for evacuation
[17.829s][info][gc,heap        ] GC(61) ParNew: 279766K->76K(314560K)
[17.829s][info][gc,heap        ] GC(61) CMS: 5778K->5784K(699072K)
[17.829s][info][gc,metaspace   ] GC(61) Metaspace: 22950K(23936K)->22950K(23936K) NonClass: 20173K(20736K)->20173K(20736K) Class: 2776K(3200K)->2776K(3200K)
[17.829s][info][gc             ] GC(61) Pause Young (Allocation Failure) 278M->5M(989M) 1.406ms
[17.829s][info][gc,cpu         ] GC(61) User=0.00s Sys=0.00s Real=0.00s
[17.921s][info][gc,start       ] GC(62) Pause Full (System.gc())
[17.921s][info][gc,phases,start] GC(62) Phase 1: Mark live objects
[17.927s][info][gc,phases      ] GC(62) Phase 1: Mark live objects 6.328ms
[17.927s][info][gc,phases,start] GC(62) Phase 2: Compute new object addresses
[17.938s][info][gc,phases      ] GC(62) Phase 2: Compute new object addresses 11.263ms
[17.938s][info][gc,phases,start] GC(62) Phase 3: Adjust pointers
[17.942s][info][gc,phases      ] GC(62) Phase 3: Adjust pointers 3.915ms
[17.942s][info][gc,phases,start] GC(62) Phase 4: Move objects
[17.943s][info][gc,phases      ] GC(62) Phase 4: Move objects 0.093ms
[17.943s][info][gc,heap        ] GC(62) ParNew: 72161K->0K(314560K)
[17.943s][info][gc,heap        ] GC(62) CMS: 5784K->5550K(699072K)
[17.943s][info][gc,metaspace   ] GC(62) Metaspace: 22950K(23936K)->22950K(23936K) NonClass: 20173K(20736K)->20173K(20736K) Class: 2776K(3200K)->2776K(3200K)
[17.943s][info][gc             ] GC(62) Pause Full (System.gc()) 76M->5M(989M) 22.525ms
[17.943s][info][gc,cpu         ] GC(62) User=0.02s Sys=0.00s Real=0.02s
[18.214s][info][gc,start       ] GC(63) Pause Young (Allocation Failure)
[18.214s][info][gc,task        ] GC(63) Using 6 workers of 6 for evacuation
[18.215s][info][gc,heap        ] GC(63) ParNew: 279616K->224K(314560K)
[18.215s][info][gc,heap        ] GC(63) CMS: 5550K->5550K(699072K)
[18.215s][info][gc,metaspace   ] GC(63) Metaspace: 22950K(23936K)->22950K(23936K) NonClass: 20173K(20736K)->20173K(20736K) Class: 2776K(3200K)->2776K(3200K)
[18.215s][info][gc             ] GC(63) Pause Young (Allocation Failure) 278M->5M(989M) 1.073ms
[18.215s][info][gc,cpu         ] GC(63) User=0.02s Sys=0.00s Real=0.00s
[18.569s][info][gc,start       ] GC(64) Pause Young (Allocation Failure)
[18.569s][info][gc,task        ] GC(64) Using 6 workers of 6 for evacuation
[18.570s][info][gc,heap        ] GC(64) ParNew: 279840K->250K(314560K)
[18.570s][info][gc,heap        ] GC(64) CMS: 5550K->5550K(699072K)
[18.570s][info][gc,metaspace   ] GC(64) Metaspace: 22950K(23936K)->22950K(23936K) NonClass: 20173K(20736K)->20173K(20736K) Class: 2776K(3200K)->2776K(3200K)
[18.570s][info][gc             ] GC(64) Pause Young (Allocation Failure) 278M->5M(989M) 1.467ms
[18.570s][info][gc,cpu         ] GC(64) User=0.00s Sys=0.00s Real=0.00s
[18.842s][info][gc,start       ] GC(65) Pause Young (Allocation Failure)
[18.842s][info][gc,task        ] GC(65) Using 6 workers of 6 for evacuation
[18.843s][info][gc,heap        ] GC(65) ParNew: 279866K->274K(314560K)
[18.843s][info][gc,heap        ] GC(65) CMS: 5550K->5550K(699072K)
[18.843s][info][gc,metaspace   ] GC(65) Metaspace: 22950K(23936K)->22950K(23936K) NonClass: 20173K(20736K)->20173K(20736K) Class: 2776K(3200K)->2776K(3200K)
[18.843s][info][gc             ] GC(65) Pause Young (Allocation Failure) 278M->5M(989M) 1.410ms
[18.843s][info][gc,cpu         ] GC(65) User=0.00s Sys=0.00s Real=0.00s
[19.100s][info][gc,start       ] GC(66) Pause Young (Allocation Failure)
[19.100s][info][gc,task        ] GC(66) Using 6 workers of 6 for evacuation
[19.101s][info][gc,heap        ] GC(66) ParNew: 279890K->306K(314560K)
[19.101s][info][gc,heap        ] GC(66) CMS: 5550K->5550K(699072K)
[19.101s][info][gc,metaspace   ] GC(66) Metaspace: 22950K(23936K)->22950K(23936K) NonClass: 20173K(20736K)->20173K(20736K) Class: 2776K(3200K)->2776K(3200K)
[19.101s][info][gc             ] GC(66) Pause Young (Allocation Failure) 278M->5M(989M) 1.573ms
[19.101s][info][gc,cpu         ] GC(66) User=0.00s Sys=0.00s Real=0.00s
[19.347s][info][gc,start       ] GC(67) Pause Young (Allocation Failure)
[19.347s][info][gc,task        ] GC(67) Using 6 workers of 6 for evacuation
[19.348s][info][gc,heap        ] GC(67) ParNew: 279922K->347K(314560K)
[19.348s][info][gc,heap        ] GC(67) CMS: 5550K->5550K(699072K)
[19.348s][info][gc,metaspace   ] GC(67) Metaspace: 22950K(23936K)->22950K(23936K) NonClass: 20173K(20736K)->20173K(20736K) Class: 2776K(3200K)->2776K(3200K)
[19.348s][info][gc             ] GC(67) Pause Young (Allocation Failure) 278M->5M(989M) 1.532ms
[19.348s][info][gc,cpu         ] GC(67) User=0.00s Sys=0.00s Real=0.00s
[19.594s][info][gc,start       ] GC(68) Pause Young (Allocation Failure)
[19.594s][info][gc,task        ] GC(68) Using 6 workers of 6 for evacuation
[19.595s][info][gc,heap        ] GC(68) ParNew: 279963K->388K(314560K)
[19.595s][info][gc,heap        ] GC(68) CMS: 5550K->5550K(699072K)
[19.595s][info][gc,metaspace   ] GC(68) Metaspace: 22950K(23936K)->22950K(23936K) NonClass: 20173K(20736K)->20173K(20736K) Class: 2776K(3200K)->2776K(3200K)
[19.595s][info][gc             ] GC(68) Pause Young (Allocation Failure) 278M->5M(989M) 1.531ms
[19.595s][info][gc,cpu         ] GC(68) User=0.00s Sys=0.00s Real=0.00s
[19.841s][info][gc,start       ] GC(69) Pause Young (Allocation Failure)
[19.841s][info][gc,task        ] GC(69) Using 6 workers of 6 for evacuation
[19.842s][info][gc,heap        ] GC(69) ParNew: 280004K->189K(314560K)
[19.842s][info][gc,heap        ] GC(69) CMS: 5550K->5779K(699072K)
[19.842s][info][gc,metaspace   ] GC(69) Metaspace: 22950K(23936K)->22950K(23936K) NonClass: 20173K(20736K)->20173K(20736K) Class: 2776K(3200K)->2776K(3200K)
[19.842s][info][gc             ] GC(69) Pause Young (Allocation Failure) 278M->5M(989M) 1.579ms
[19.842s][info][gc,cpu         ] GC(69) User=0.00s Sys=0.00s Real=0.00s
[20.106s][info][gc,start       ] GC(70) Pause Young (Allocation Failure)
[20.106s][info][gc,task        ] GC(70) Using 6 workers of 6 for evacuation
[20.107s][info][gc,heap        ] GC(70) ParNew: 279805K->67K(314560K)
[20.107s][info][gc,heap        ] GC(70) CMS: 5779K->5787K(699072K)
[20.107s][info][gc,metaspace   ] GC(70) Metaspace: 22950K(23936K)->22950K(23936K) NonClass: 20173K(20736K)->20173K(20736K) Class: 2776K(3200K)->2776K(3200K)
[20.107s][info][gc             ] GC(70) Pause Young (Allocation Failure) 278M->5M(989M) 1.114ms
[20.107s][info][gc,cpu         ] GC(70) User=0.00s Sys=0.00s Real=0.00s
[20.130s][info][gc,start       ] GC(71) Pause Full (System.gc())
[20.131s][info][gc,phases,start] GC(71) Phase 1: Mark live objects
[20.137s][info][gc,phases      ] GC(71) Phase 1: Mark live objects 6.415ms
[20.137s][info][gc,phases,start] GC(71) Phase 2: Compute new object addresses
[20.140s][info][gc,phases      ] GC(71) Phase 2: Compute new object addresses 3.405ms
[20.141s][info][gc,phases,start] GC(71) Phase 3: Adjust pointers
[20.145s][info][gc,phases      ] GC(71) Phase 3: Adjust pointers 4.017ms
[20.145s][info][gc,phases,start] GC(71) Phase 4: Move objects
[20.145s][info][gc,phases      ] GC(71) Phase 4: Move objects 0.125ms
[20.145s][info][gc,heap        ] GC(71) ParNew: 14669K->0K(314560K)
[20.145s][info][gc,heap        ] GC(71) CMS: 5787K->5550K(699072K)
[20.145s][info][gc,metaspace   ] GC(71) Metaspace: 22950K(23936K)->22950K(23936K) NonClass: 20173K(20736K)->20173K(20736K) Class: 2776K(3200K)->2776K(3200K)
[20.146s][info][gc             ] GC(71) Pause Full (System.gc()) 19M->5M(989M) 15.140ms
[20.146s][info][gc,cpu         ] GC(71) User=0.02s Sys=0.00s Real=0.02s
[20.396s][info][gc,start       ] GC(72) Pause Young (Allocation Failure)
[20.396s][info][gc,task        ] GC(72) Using 6 workers of 6 for evacuation
[20.397s][info][gc,heap        ] GC(72) ParNew: 279616K->234K(314560K)
[20.397s][info][gc,heap        ] GC(72) CMS: 5550K->5550K(699072K)
[20.397s][info][gc,metaspace   ] GC(72) Metaspace: 22950K(23936K)->22950K(23936K) NonClass: 20173K(20736K)->20173K(20736K) Class: 2776K(3200K)->2776K(3200K)
[20.397s][info][gc             ] GC(72) Pause Young (Allocation Failure) 278M->5M(989M) 1.457ms
[20.397s][info][gc,cpu         ] GC(72) User=0.00s Sys=0.00s Real=0.00s
[20.646s][info][gc,start       ] GC(73) Pause Young (Allocation Failure)
[20.646s][info][gc,task        ] GC(73) Using 6 workers of 6 for evacuation
[20.648s][info][gc,heap        ] GC(73) ParNew: 279850K->255K(314560K)
[20.648s][info][gc,heap        ] GC(73) CMS: 5550K->5550K(699072K)
[20.648s][info][gc,metaspace   ] GC(73) Metaspace: 22950K(23936K)->22950K(23936K) NonClass: 20173K(20736K)->20173K(20736K) Class: 2776K(3200K)->2776K(3200K)
[20.648s][info][gc             ] GC(73) Pause Young (Allocation Failure) 278M->5M(989M) 1.409ms
[20.648s][info][gc,cpu         ] GC(73) User=0.00s Sys=0.00s Real=0.00s
[20.891s][info][gc,start       ] GC(74) Pause Young (Allocation Failure)
[20.892s][info][gc,task        ] GC(74) Using 6 workers of 6 for evacuation
[20.893s][info][gc,heap        ] GC(74) ParNew: 279871K->276K(314560K)
[20.893s][info][gc,heap        ] GC(74) CMS: 5550K->5550K(699072K)
[20.893s][info][gc,metaspace   ] GC(74) Metaspace: 22950K(23936K)->22950K(23936K) NonClass: 20173K(20736K)->20173K(20736K) Class: 2776K(3200K)->2776K(3200K)
[20.893s][info][gc             ] GC(74) Pause Young (Allocation Failure) 278M->5M(989M) 1.524ms
[20.893s][info][gc,cpu         ] GC(74) User=0.00s Sys=0.00s Real=0.00s
[21.134s][info][gc,start       ] GC(75) Pause Young (Allocation Failure)
[21.134s][info][gc,task        ] GC(75) Using 6 workers of 6 for evacuation
[21.135s][info][gc,heap        ] GC(75) ParNew: 279892K->300K(314560K)
[21.135s][info][gc,heap        ] GC(75) CMS: 5550K->5550K(699072K)
[21.135s][info][gc,metaspace   ] GC(75) Metaspace: 22950K(23936K)->22950K(23936K) NonClass: 20173K(20736K)->20173K(20736K) Class: 2776K(3200K)->2776K(3200K)
[21.135s][info][gc             ] GC(75) Pause Young (Allocation Failure) 278M->5M(989M) 1.512ms
[21.135s][info][gc,cpu         ] GC(75) User=0.00s Sys=0.00s Real=0.00s
[21.378s][info][gc,start       ] GC(76) Pause Young (Allocation Failure)
[21.379s][info][gc,task        ] GC(76) Using 6 workers of 6 for evacuation
[21.380s][info][gc,heap        ] GC(76) ParNew: 279916K->354K(314560K)
[21.380s][info][gc,heap        ] GC(76) CMS: 5550K->5550K(699072K)
[21.380s][info][gc,metaspace   ] GC(76) Metaspace: 22950K(23936K)->22950K(23936K) NonClass: 20173K(20736K)->20173K(20736K) Class: 2776K(3200K)->2776K(3200K)
[21.380s][info][gc             ] GC(76) Pause Young (Allocation Failure) 278M->5M(989M) 1.451ms
[21.380s][info][gc,cpu         ] GC(76) User=0.00s Sys=0.00s Real=0.00s
[21.609s][info][gc,start       ] GC(77) Pause Young (Allocation Failure)
[21.609s][info][gc,task        ] GC(77) Using 6 workers of 6 for evacuation
[21.610s][info][gc,heap        ] GC(77) ParNew: 279970K->389K(314560K)
[21.610s][info][gc,heap        ] GC(77) CMS: 5550K->5550K(699072K)
[21.610s][info][gc,metaspace   ] GC(77) Metaspace: 22950K(23936K)->22950K(23936K) NonClass: 20173K(20736K)->20173K(20736K) Class: 2776K(3200K)->2776K(3200K)
[21.610s][info][gc             ] GC(77) Pause Young (Allocation Failure) 278M->5M(989M) 1.614ms
[21.610s][info][gc,cpu         ] GC(77) User=0.00s Sys=0.00s Real=0.00s
[21.865s][info][gc,start       ] GC(78) Pause Young (Allocation Failure)
[21.866s][info][gc,task        ] GC(78) Using 6 workers of 6 for evacuation
[21.867s][info][gc,heap        ] GC(78) ParNew: 280005K->240K(314560K)
[21.867s][info][gc,heap        ] GC(78) CMS: 5550K->5778K(699072K)
[21.867s][info][gc,metaspace   ] GC(78) Metaspace: 22950K(23936K)->22950K(23936K) NonClass: 20173K(20736K)->20173K(20736K) Class: 2776K(3200K)->2776K(3200K)
[21.867s][info][gc             ] GC(78) Pause Young (Allocation Failure) 278M->5M(989M) 1.530ms
[21.867s][info][gc,cpu         ] GC(78) User=0.00s Sys=0.00s Real=0.00s
[22.171s][info][gc,start       ] GC(79) Pause Young (Allocation Failure)
[22.171s][info][gc,task        ] GC(79) Using 6 workers of 6 for evacuation
[22.173s][info][gc,heap        ] GC(79) ParNew: 279856K->87K(314560K)
[22.173s][info][gc,heap        ] GC(79) CMS: 5778K->5784K(699072K)
[22.173s][info][gc,metaspace   ] GC(79) Metaspace: 22950K(23936K)->22950K(23936K) NonClass: 20173K(20736K)->20173K(20736K) Class: 2776K(3200K)->2776K(3200K)
[22.173s][info][gc             ] GC(79) Pause Young (Allocation Failure) 278M->5M(989M) 1.326ms
[22.173s][info][gc,cpu         ] GC(79) User=0.00s Sys=0.00s Real=0.00s
[22.325s][info][gc,start       ] GC(80) Pause Full (System.gc())
[22.325s][info][gc,phases,start] GC(80) Phase 1: Mark live objects
[22.331s][info][gc,phases      ] GC(80) Phase 1: Mark live objects 6.090ms
[22.331s][info][gc,phases,start] GC(80) Phase 2: Compute new object addresses
[22.344s][info][gc,phases      ] GC(80) Phase 2: Compute new object addresses 12.306ms
[22.344s][info][gc,phases,start] GC(80) Phase 3: Adjust pointers
[22.347s][info][gc,phases      ] GC(80) Phase 3: Adjust pointers 3.913ms
[22.348s][info][gc,phases,start] GC(80) Phase 4: Move objects
[22.348s][info][gc,phases      ] GC(80) Phase 4: Move objects 0.103ms
[22.348s][info][gc,heap        ] GC(80) ParNew: 88653K->0K(314560K)
[22.348s][info][gc,heap        ] GC(80) CMS: 5784K->5550K(699072K)
[22.348s][info][gc,metaspace   ] GC(80) Metaspace: 22950K(23936K)->22950K(23936K) NonClass: 20173K(20736K)->20173K(20736K) Class: 2776K(3200K)->2776K(3200K)
[22.348s][info][gc             ] GC(80) Pause Full (System.gc()) 92M->5M(989M) 23.438ms
[22.348s][info][gc,cpu         ] GC(80) User=0.02s Sys=0.00s Real=0.02s
[22.606s][info][gc,start       ] GC(81) Pause Young (Allocation Failure)
[22.606s][info][gc,task        ] GC(81) Using 6 workers of 6 for evacuation
[22.608s][info][gc,heap        ] GC(81) ParNew: 279616K->236K(314560K)
[22.608s][info][gc,heap        ] GC(81) CMS: 5550K->5550K(699072K)
[22.608s][info][gc,metaspace   ] GC(81) Metaspace: 22950K(23936K)->22950K(23936K) NonClass: 20173K(20736K)->20173K(20736K) Class: 2776K(3200K)->2776K(3200K)
[22.608s][info][gc             ] GC(81) Pause Young (Allocation Failure) 278M->5M(989M) 1.355ms
[22.608s][info][gc,cpu         ] GC(81) User=0.00s Sys=0.00s Real=0.00s
[22.880s][info][gc,start       ] GC(82) Pause Young (Allocation Failure)
[22.880s][info][gc,task        ] GC(82) Using 6 workers of 6 for evacuation
[22.882s][info][gc,heap        ] GC(82) ParNew: 279852K->244K(314560K)
[22.882s][info][gc,heap        ] GC(82) CMS: 5550K->5550K(699072K)
[22.882s][info][gc,metaspace   ] GC(82) Metaspace: 22950K(23936K)->22950K(23936K) NonClass: 20173K(20736K)->20173K(20736K) Class: 2776K(3200K)->2776K(3200K)
[22.882s][info][gc             ] GC(82) Pause Young (Allocation Failure) 278M->5M(989M) 1.459ms
[22.882s][info][gc,cpu         ] GC(82) User=0.00s Sys=0.00s Real=0.00s
[23.140s][info][gc,start       ] GC(83) Pause Young (Allocation Failure)
[23.140s][info][gc,task        ] GC(83) Using 6 workers of 6 for evacuation
[23.141s][info][gc,heap        ] GC(83) ParNew: 279860K->274K(314560K)
[23.141s][info][gc,heap        ] GC(83) CMS: 5550K->5550K(699072K)
[23.141s][info][gc,metaspace   ] GC(83) Metaspace: 22950K(23936K)->22950K(23936K) NonClass: 20173K(20736K)->20173K(20736K) Class: 2776K(3200K)->2776K(3200K)
[23.141s][info][gc             ] GC(83) Pause Young (Allocation Failure) 278M->5M(989M) 1.111ms
[23.141s][info][gc,cpu         ] GC(83) User=0.00s Sys=0.00s Real=0.00s
[23.395s][info][gc,start       ] GC(84) Pause Young (Allocation Failure)
[23.395s][info][gc,task        ] GC(84) Using 6 workers of 6 for evacuation
[23.396s][info][gc,heap        ] GC(84) ParNew: 279890K->308K(314560K)
[23.397s][info][gc,heap        ] GC(84) CMS: 5550K->5550K(699072K)
[23.397s][info][gc,metaspace   ] GC(84) Metaspace: 22950K(23936K)->22950K(23936K) NonClass: 20173K(20736K)->20173K(20736K) Class: 2776K(3200K)->2776K(3200K)
[23.397s][info][gc             ] GC(84) Pause Young (Allocation Failure) 278M->5M(989M) 1.483ms
[23.397s][info][gc,cpu         ] GC(84) User=0.00s Sys=0.00s Real=0.00s
[23.653s][info][gc,start       ] GC(85) Pause Young (Allocation Failure)
[23.653s][info][gc,task        ] GC(85) Using 6 workers of 6 for evacuation
[23.654s][info][gc,heap        ] GC(85) ParNew: 279924K->348K(314560K)
[23.654s][info][gc,heap        ] GC(85) CMS: 5550K->5550K(699072K)
[23.654s][info][gc,metaspace   ] GC(85) Metaspace: 22950K(23936K)->22950K(23936K) NonClass: 20173K(20736K)->20173K(20736K) Class: 2776K(3200K)->2776K(3200K)
[23.654s][info][gc             ] GC(85) Pause Young (Allocation Failure) 278M->5M(989M) 1.509ms
[23.654s][info][gc,cpu         ] GC(85) User=0.00s Sys=0.00s Real=0.00s
[23.903s][info][gc,start       ] GC(86) Pause Young (Allocation Failure)
[23.903s][info][gc,task        ] GC(86) Using 6 workers of 6 for evacuation
[23.905s][info][gc,heap        ] GC(86) ParNew: 279964K->381K(314560K)
[23.905s][info][gc,heap        ] GC(86) CMS: 5550K->5550K(699072K)
[23.905s][info][gc,metaspace   ] GC(86) Metaspace: 22950K(23936K)->22950K(23936K) NonClass: 20173K(20736K)->20173K(20736K) Class: 2776K(3200K)->2776K(3200K)
[23.905s][info][gc             ] GC(86) Pause Young (Allocation Failure) 278M->5M(989M) 1.526ms
[23.905s][info][gc,cpu         ] GC(86) User=0.00s Sys=0.00s Real=0.00s
[24.160s][info][gc,start       ] GC(87) Pause Young (Allocation Failure)
[24.160s][info][gc,task        ] GC(87) Using 6 workers of 6 for evacuation
[24.161s][info][gc,heap        ] GC(87) ParNew: 279997K->231K(314560K)
[24.161s][info][gc,heap        ] GC(87) CMS: 5550K->5778K(699072K)
[24.161s][info][gc,metaspace   ] GC(87) Metaspace: 22950K(23936K)->22950K(23936K) NonClass: 20173K(20736K)->20173K(20736K) Class: 2776K(3200K)->2776K(3200K)
[24.161s][info][gc             ] GC(87) Pause Young (Allocation Failure) 278M->5M(989M) 1.558ms
[24.161s][info][gc,cpu         ] GC(87) User=0.00s Sys=0.00s Real=0.00s
[24.417s][info][gc,start       ] GC(88) Pause Young (Allocation Failure)
[24.417s][info][gc,task        ] GC(88) Using 6 workers of 6 for evacuation
[24.418s][info][gc,heap        ] GC(88) ParNew: 279847K->85K(314560K)
[24.418s][info][gc,heap        ] GC(88) CMS: 5778K->5784K(699072K)
[24.418s][info][gc,metaspace   ] GC(88) Metaspace: 22950K(23936K)->22950K(23936K) NonClass: 20173K(20736K)->20173K(20736K) Class: 2776K(3200K)->2776K(3200K)
[24.418s][info][gc             ] GC(88) Pause Young (Allocation Failure) 278M->5M(989M) 1.313ms
[24.418s][info][gc,cpu         ] GC(88) User=0.02s Sys=0.00s Real=0.00s
[24.591s][info][gc,start       ] GC(89) Pause Full (System.gc())
[24.591s][info][gc,phases,start] GC(89) Phase 1: Mark live objects
[24.597s][info][gc,phases      ] GC(89) Phase 1: Mark live objects 5.956ms
[24.597s][info][gc,phases,start] GC(89) Phase 2: Compute new object addresses
[24.612s][info][gc,phases      ] GC(89) Phase 2: Compute new object addresses 15.136ms
[24.612s][info][gc,phases,start] GC(89) Phase 3: Adjust pointers
[24.616s][info][gc,phases      ] GC(89) Phase 3: Adjust pointers 4.193ms
[24.616s][info][gc,phases,start] GC(89) Phase 4: Move objects
[24.616s][info][gc,phases      ] GC(89) Phase 4: Move objects 0.096ms
[24.617s][info][gc,heap        ] GC(89) ParNew: 111199K->0K(314560K)
[24.617s][info][gc,heap        ] GC(89) CMS: 5784K->5550K(699072K)
[24.617s][info][gc,metaspace   ] GC(89) Metaspace: 22950K(23936K)->22950K(23936K) NonClass: 20173K(20736K)->20173K(20736K) Class: 2776K(3200K)->2776K(3200K)
[24.617s][info][gc             ] GC(89) Pause Full (System.gc()) 114M->5M(989M) 26.354ms
[24.617s][info][gc,cpu         ] GC(89) User=0.02s Sys=0.00s Real=0.02s
[24.877s][info][gc,start       ] GC(90) Pause Young (Allocation Failure)
[24.877s][info][gc,task        ] GC(90) Using 6 workers of 6 for evacuation
[24.879s][info][gc,heap        ] GC(90) ParNew: 279616K->227K(314560K)
[24.879s][info][gc,heap        ] GC(90) CMS: 5550K->5550K(699072K)
[24.879s][info][gc,metaspace   ] GC(90) Metaspace: 22951K(23936K)->22951K(23936K) NonClass: 20174K(20736K)->20174K(20736K) Class: 2776K(3200K)->2776K(3200K)
[24.879s][info][gc             ] GC(90) Pause Young (Allocation Failure) 278M->5M(989M) 1.414ms
[24.879s][info][gc,cpu         ] GC(90) User=0.00s Sys=0.00s Real=0.00s
[25.147s][info][gc,start       ] GC(91) Pause Young (Allocation Failure)
[25.148s][info][gc,task        ] GC(91) Using 6 workers of 6 for evacuation
[25.149s][info][gc,heap        ] GC(91) ParNew: 279843K->254K(314560K)
[25.149s][info][gc,heap        ] GC(91) CMS: 5550K->5550K(699072K)
[25.149s][info][gc,metaspace   ] GC(91) Metaspace: 22951K(23936K)->22951K(23936K) NonClass: 20174K(20736K)->20174K(20736K) Class: 2776K(3200K)->2776K(3200K)
[25.149s][info][gc             ] GC(91) Pause Young (Allocation Failure) 278M->5M(989M) 1.517ms
[25.149s][info][gc,cpu         ] GC(91) User=0.00s Sys=0.00s Real=0.00s
[25.401s][info][gc,start       ] GC(92) Pause Young (Allocation Failure)
[25.401s][info][gc,task        ] GC(92) Using 6 workers of 6 for evacuation
[25.403s][info][gc,heap        ] GC(92) ParNew: 279870K->274K(314560K)
[25.403s][info][gc,heap        ] GC(92) CMS: 5550K->5550K(699072K)
[25.403s][info][gc,metaspace   ] GC(92) Metaspace: 22951K(23936K)->22951K(23936K) NonClass: 20174K(20736K)->20174K(20736K) Class: 2776K(3200K)->2776K(3200K)
[25.403s][info][gc             ] GC(92) Pause Young (Allocation Failure) 278M->5M(989M) 1.514ms
[25.403s][info][gc,cpu         ] GC(92) User=0.00s Sys=0.00s Real=0.00s
[25.676s][info][gc,start       ] GC(93) Pause Young (Allocation Failure)
[25.676s][info][gc,task        ] GC(93) Using 6 workers of 6 for evacuation
[25.678s][info][gc,heap        ] GC(93) ParNew: 279890K->316K(314560K)
[25.678s][info][gc,heap        ] GC(93) CMS: 5550K->5550K(699072K)
[25.678s][info][gc,metaspace   ] GC(93) Metaspace: 22951K(23936K)->22951K(23936K) NonClass: 20174K(20736K)->20174K(20736K) Class: 2776K(3200K)->2776K(3200K)
[25.678s][info][gc             ] GC(93) Pause Young (Allocation Failure) 278M->5M(989M) 1.306ms
[25.678s][info][gc,cpu         ] GC(93) User=0.00s Sys=0.00s Real=0.00s
[25.935s][info][gc,start       ] GC(94) Pause Young (Allocation Failure)
[25.935s][info][gc,task        ] GC(94) Using 6 workers of 6 for evacuation
[25.936s][info][gc,heap        ] GC(94) ParNew: 279932K->350K(314560K)
[25.936s][info][gc,heap        ] GC(94) CMS: 5550K->5550K(699072K)
[25.936s][info][gc,metaspace   ] GC(94) Metaspace: 22951K(23936K)->22951K(23936K) NonClass: 20174K(20736K)->20174K(20736K) Class: 2776K(3200K)->2776K(3200K)
[25.936s][info][gc             ] GC(94) Pause Young (Allocation Failure) 278M->5M(989M) 1.368ms
[25.936s][info][gc,cpu         ] GC(94) User=0.00s Sys=0.00s Real=0.00s
[26.177s][info][gc,start       ] GC(95) Pause Young (Allocation Failure)
[26.177s][info][gc,task        ] GC(95) Using 6 workers of 6 for evacuation
[26.179s][info][gc,heap        ] GC(95) ParNew: 279966K->389K(314560K)
[26.179s][info][gc,heap        ] GC(95) CMS: 5550K->5550K(699072K)
[26.179s][info][gc,metaspace   ] GC(95) Metaspace: 22951K(23936K)->22951K(23936K) NonClass: 20174K(20736K)->20174K(20736K) Class: 2776K(3200K)->2776K(3200K)
[26.179s][info][gc             ] GC(95) Pause Young (Allocation Failure) 278M->5M(989M) 1.401ms
[26.179s][info][gc,cpu         ] GC(95) User=0.00s Sys=0.00s Real=0.00s
[26.420s][info][gc,start       ] GC(96) Pause Young (Allocation Failure)
[26.420s][info][gc,task        ] GC(96) Using 6 workers of 6 for evacuation
[26.421s][info][gc,heap        ] GC(96) ParNew: 280005K->230K(314560K)
[26.421s][info][gc,heap        ] GC(96) CMS: 5550K->5778K(699072K)
[26.421s][info][gc,metaspace   ] GC(96) Metaspace: 22951K(23936K)->22951K(23936K) NonClass: 20174K(20736K)->20174K(20736K) Class: 2776K(3200K)->2776K(3200K)
[26.421s][info][gc             ] GC(96) Pause Young (Allocation Failure) 278M->5M(989M) 1.453ms
[26.421s][info][gc,cpu         ] GC(96) User=0.00s Sys=0.00s Real=0.00s
[26.683s][info][gc,start       ] GC(97) Pause Young (Allocation Failure)
[26.683s][info][gc,task        ] GC(97) Using 6 workers of 6 for evacuation
[26.684s][info][gc,heap        ] GC(97) ParNew: 279846K->75K(314560K)
[26.684s][info][gc,heap        ] GC(97) CMS: 5778K->5784K(699072K)
[26.684s][info][gc,metaspace   ] GC(97) Metaspace: 22951K(23936K)->22951K(23936K) NonClass: 20174K(20736K)->20174K(20736K) Class: 2776K(3200K)->2776K(3200K)
[26.684s][info][gc             ] GC(97) Pause Young (Allocation Failure) 278M->5M(989M) 1.635ms
[26.684s][info][gc,cpu         ] GC(97) User=0.00s Sys=0.00s Real=0.00s
[26.819s][info][gc,start       ] GC(98) Pause Full (System.gc())
[26.819s][info][gc,phases,start] GC(98) Phase 1: Mark live objects
[26.825s][info][gc,phases      ] GC(98) Phase 1: Mark live objects 6.052ms
[26.825s][info][gc,phases,start] GC(98) Phase 2: Compute new object addresses
[26.839s][info][gc,phases      ] GC(98) Phase 2: Compute new object addresses 13.829ms
[26.839s][info][gc,phases,start] GC(98) Phase 3: Adjust pointers
[26.843s][info][gc,phases      ] GC(98) Phase 3: Adjust pointers 3.914ms
[26.843s][info][gc,phases,start] GC(98) Phase 4: Move objects
[26.843s][info][gc,phases      ] GC(98) Phase 4: Move objects 0.093ms
[26.844s][info][gc,heap        ] GC(98) ParNew: 101197K->0K(314560K)
[26.844s][info][gc,heap        ] GC(98) CMS: 5784K->5550K(699072K)
[26.844s][info][gc,metaspace   ] GC(98) Metaspace: 22951K(23936K)->22951K(23936K) NonClass: 20174K(20736K)->20174K(20736K) Class: 2776K(3200K)->2776K(3200K)
[26.844s][info][gc             ] GC(98) Pause Full (System.gc()) 104M->5M(989M) 24.836ms
[26.844s][info][gc,cpu         ] GC(98) User=0.00s Sys=0.00s Real=0.01s
[27.105s][info][gc,start       ] GC(99) Pause Young (Allocation Failure)
[27.105s][info][gc,task        ] GC(99) Using 6 workers of 6 for evacuation
[27.106s][info][gc,heap        ] GC(99) ParNew: 279616K->230K(314560K)
[27.106s][info][gc,heap        ] GC(99) CMS: 5550K->5550K(699072K)
[27.106s][info][gc,metaspace   ] GC(99) Metaspace: 22952K(23936K)->22952K(23936K) NonClass: 20175K(20736K)->20175K(20736K) Class: 2776K(3200K)->2776K(3200K)
[27.106s][info][gc             ] GC(99) Pause Young (Allocation Failure) 278M->5M(989M) 1.361ms
[27.106s][info][gc,cpu         ] GC(99) User=0.02s Sys=0.00s Real=0.00s
[27.358s][info][gc,start       ] GC(100) Pause Young (Allocation Failure)
[27.358s][info][gc,task        ] GC(100) Using 6 workers of 6 for evacuation
[27.359s][info][gc,heap        ] GC(100) ParNew: 279846K->251K(314560K)
[27.359s][info][gc,heap        ] GC(100) CMS: 5550K->5550K(699072K)
[27.359s][info][gc,metaspace   ] GC(100) Metaspace: 22952K(23936K)->22952K(23936K) NonClass: 20175K(20736K)->20175K(20736K) Class: 2776K(3200K)->2776K(3200K)
[27.359s][info][gc             ] GC(100) Pause Young (Allocation Failure) 278M->5M(989M) 1.537ms
[27.359s][info][gc,cpu         ] GC(100) User=0.00s Sys=0.00s Real=0.00s
[27.615s][info][gc,start       ] GC(101) Pause Young (Allocation Failure)
[27.615s][info][gc,task        ] GC(101) Using 6 workers of 6 for evacuation
[27.616s][info][gc,heap        ] GC(101) ParNew: 279867K->276K(314560K)
[27.616s][info][gc,heap        ] GC(101) CMS: 5550K->5550K(699072K)
[27.616s][info][gc,metaspace   ] GC(101) Metaspace: 22952K(23936K)->22952K(23936K) NonClass: 20175K(20736K)->20175K(20736K) Class: 2776K(3200K)->2776K(3200K)
[27.616s][info][gc             ] GC(101) Pause Young (Allocation Failure) 278M->5M(989M) 1.426ms
[27.616s][info][gc,cpu         ] GC(101) User=0.00s Sys=0.00s Real=0.00s
[27.861s][info][gc,start       ] GC(102) Pause Young (Allocation Failure)
[27.861s][info][gc,task        ] GC(102) Using 6 workers of 6 for evacuation
[27.863s][info][gc,heap        ] GC(102) ParNew: 279892K->299K(314560K)
[27.863s][info][gc,heap        ] GC(102) CMS: 5550K->5550K(699072K)
[27.863s][info][gc,metaspace   ] GC(102) Metaspace: 22952K(23936K)->22952K(23936K) NonClass: 20175K(20736K)->20175K(20736K) Class: 2776K(3200K)->2776K(3200K)
[27.863s][info][gc             ] GC(102) Pause Young (Allocation Failure) 278M->5M(989M) 1.505ms
[27.863s][info][gc,cpu         ] GC(102) User=0.00s Sys=0.00s Real=0.00s
[28.110s][info][gc,start       ] GC(103) Pause Young (Allocation Failure)
[28.110s][info][gc,task        ] GC(103) Using 6 workers of 6 for evacuation
[28.111s][info][gc,heap        ] GC(103) ParNew: 279915K->347K(314560K)
[28.111s][info][gc,heap        ] GC(103) CMS: 5550K->5550K(699072K)
[28.111s][info][gc,metaspace   ] GC(103) Metaspace: 22952K(23936K)->22952K(23936K) NonClass: 20175K(20736K)->20175K(20736K) Class: 2776K(3200K)->2776K(3200K)
[28.111s][info][gc             ] GC(103) Pause Young (Allocation Failure) 278M->5M(989M) 1.056ms
[28.111s][info][gc,cpu         ] GC(103) User=0.00s Sys=0.00s Real=0.00s
[28.365s][info][gc,start       ] GC(104) Pause Young (Allocation Failure)
[28.365s][info][gc,task        ] GC(104) Using 6 workers of 6 for evacuation
[28.366s][info][gc,heap        ] GC(104) ParNew: 279963K->411K(314560K)
[28.366s][info][gc,heap        ] GC(104) CMS: 5550K->5550K(699072K)
[28.366s][info][gc,metaspace   ] GC(104) Metaspace: 22952K(23936K)->22952K(23936K) NonClass: 20175K(20736K)->20175K(20736K) Class: 2776K(3200K)->2776K(3200K)
[28.366s][info][gc             ] GC(104) Pause Young (Allocation Failure) 278M->5M(989M) 1.272ms
[28.366s][info][gc,cpu         ] GC(104) User=0.00s Sys=0.00s Real=0.00s
[28.631s][info][gc,start       ] GC(105) Pause Young (Allocation Failure)
[28.631s][info][gc,task        ] GC(105) Using 6 workers of 6 for evacuation
[28.632s][info][gc,heap        ] GC(105) ParNew: 280027K->152K(314560K)
[28.632s][info][gc,heap        ] GC(105) CMS: 5550K->5778K(699072K)
[28.632s][info][gc,metaspace   ] GC(105) Metaspace: 22952K(23936K)->22952K(23936K) NonClass: 20175K(20736K)->20175K(20736K) Class: 2776K(3200K)->2776K(3200K)
[28.632s][info][gc             ] GC(105) Pause Young (Allocation Failure) 278M->5M(989M) 1.284ms
[28.632s][info][gc,cpu         ] GC(105) User=0.00s Sys=0.00s Real=0.00s
[28.948s][info][gc,start       ] GC(106) Pause Young (Allocation Failure)
[28.948s][info][gc,task        ] GC(106) Using 6 workers of 6 for evacuation
[28.950s][info][gc,heap        ] GC(106) ParNew: 279768K->63K(314560K)
[28.950s][info][gc,heap        ] GC(106) CMS: 5778K->5784K(699072K)
[28.950s][info][gc,metaspace   ] GC(106) Metaspace: 22952K(23936K)->22952K(23936K) NonClass: 20175K(20736K)->20175K(20736K) Class: 2776K(3200K)->2776K(3200K)
[28.950s][info][gc             ] GC(106) Pause Young (Allocation Failure) 278M->5M(989M) 1.461ms
[28.950s][info][gc,cpu         ] GC(106) User=0.00s Sys=0.00s Real=0.00s
[29.078s][info][gc,start       ] GC(107) Pause Full (System.gc())
[29.078s][info][gc,phases,start] GC(107) Phase 1: Mark live objects
[29.084s][info][gc,phases      ] GC(107) Phase 1: Mark live objects 6.046ms
[29.084s][info][gc,phases,start] GC(107) Phase 2: Compute new object addresses
[29.095s][info][gc,phases      ] GC(107) Phase 2: Compute new object addresses 11.203ms
[29.095s][info][gc,phases,start] GC(107) Phase 3: Adjust pointers
[29.100s][info][gc,phases      ] GC(107) Phase 3: Adjust pointers 4.165ms
[29.100s][info][gc,phases,start] GC(107) Phase 4: Move objects
[29.100s][info][gc,phases      ] GC(107) Phase 4: Move objects 0.094ms
[29.100s][info][gc,heap        ] GC(107) ParNew: 75242K->0K(314560K)
[29.100s][info][gc,heap        ] GC(107) CMS: 5784K->5550K(699072K)
[29.100s][info][gc,metaspace   ] GC(107) Metaspace: 22953K(23936K)->22953K(23936K) NonClass: 20176K(20736K)->20176K(20736K) Class: 2776K(3200K)->2776K(3200K)
[29.100s][info][gc             ] GC(107) Pause Full (System.gc()) 79M->5M(989M) 22.474ms
[29.100s][info][gc,cpu         ] GC(107) User=0.02s Sys=0.00s Real=0.01s
[29.356s][info][gc,start       ] GC(108) Pause Young (Allocation Failure)
[29.356s][info][gc,task        ] GC(108) Using 6 workers of 6 for evacuation
[29.358s][info][gc,heap        ] GC(108) ParNew: 279616K->249K(314560K)
[29.358s][info][gc,heap        ] GC(108) CMS: 5550K->5550K(699072K)
[29.358s][info][gc,metaspace   ] GC(108) Metaspace: 22954K(23936K)->22954K(23936K) NonClass: 20177K(20736K)->20177K(20736K) Class: 2776K(3200K)->2776K(3200K)
[29.358s][info][gc             ] GC(108) Pause Young (Allocation Failure) 278M->5M(989M) 1.340ms
[29.358s][info][gc,cpu         ] GC(108) User=0.00s Sys=0.00s Real=0.00s
[29.619s][info][gc,start       ] GC(109) Pause Young (Allocation Failure)
[29.619s][info][gc,task        ] GC(109) Using 6 workers of 6 for evacuation
[29.620s][info][gc,heap        ] GC(109) ParNew: 279865K->260K(314560K)
[29.620s][info][gc,heap        ] GC(109) CMS: 5550K->5550K(699072K)
[29.620s][info][gc,metaspace   ] GC(109) Metaspace: 22954K(23936K)->22954K(23936K) NonClass: 20177K(20736K)->20177K(20736K) Class: 2776K(3200K)->2776K(3200K)
[29.620s][info][gc             ] GC(109) Pause Young (Allocation Failure) 278M->5M(989M) 1.205ms
[29.620s][info][gc,cpu         ] GC(109) User=0.00s Sys=0.00s Real=0.00s
[29.878s][info][gc,start       ] GC(110) Pause Young (Allocation Failure)
[29.878s][info][gc,task        ] GC(110) Using 6 workers of 6 for evacuation
[29.879s][info][gc,heap        ] GC(110) ParNew: 279876K->294K(314560K)
[29.879s][info][gc,heap        ] GC(110) CMS: 5550K->5550K(699072K)
[29.879s][info][gc,metaspace   ] GC(110) Metaspace: 22954K(23936K)->22954K(23936K) NonClass: 20177K(20736K)->20177K(20736K) Class: 2776K(3200K)->2776K(3200K)
[29.879s][info][gc             ] GC(110) Pause Young (Allocation Failure) 278M->5M(989M) 1.544ms
[29.879s][info][gc,cpu         ] GC(110) User=0.00s Sys=0.00s Real=0.00s
[30.127s][info][gc,start       ] GC(111) Pause Young (Allocation Failure)
[30.127s][info][gc,task        ] GC(111) Using 6 workers of 6 for evacuation
[30.128s][info][gc,heap        ] GC(111) ParNew: 279910K->298K(314560K)
[30.128s][info][gc,heap        ] GC(111) CMS: 5550K->5550K(699072K)
[30.128s][info][gc,metaspace   ] GC(111) Metaspace: 22954K(23936K)->22954K(23936K) NonClass: 20177K(20736K)->20177K(20736K) Class: 2776K(3200K)->2776K(3200K)
[30.128s][info][gc             ] GC(111) Pause Young (Allocation Failure) 278M->5M(989M) 1.401ms
[30.128s][info][gc,cpu         ] GC(111) User=0.00s Sys=0.00s Real=0.00s
[30.383s][info][gc,start       ] GC(112) Pause Young (Allocation Failure)
[30.383s][info][gc,task        ] GC(112) Using 6 workers of 6 for evacuation
[30.384s][info][gc,heap        ] GC(112) ParNew: 279914K->337K(314560K)
[30.384s][info][gc,heap        ] GC(112) CMS: 5550K->5550K(699072K)
[30.384s][info][gc,metaspace   ] GC(112) Metaspace: 22954K(23936K)->22954K(23936K) NonClass: 20177K(20736K)->20177K(20736K) Class: 2776K(3200K)->2776K(3200K)
[30.384s][info][gc             ] GC(112) Pause Young (Allocation Failure) 278M->5M(989M) 1.632ms
[30.384s][info][gc,cpu         ] GC(112) User=0.00s Sys=0.00s Real=0.00s
[30.641s][info][gc,start       ] GC(113) Pause Young (Allocation Failure)
[30.641s][info][gc,task        ] GC(113) Using 6 workers of 6 for evacuation
[30.642s][info][gc,heap        ] GC(113) ParNew: 279953K->425K(314560K)
[30.642s][info][gc,heap        ] GC(113) CMS: 5550K->5550K(699072K)
[30.642s][info][gc,metaspace   ] GC(113) Metaspace: 22954K(23936K)->22954K(23936K) NonClass: 20177K(20736K)->20177K(20736K) Class: 2776K(3200K)->2776K(3200K)
[30.642s][info][gc             ] GC(113) Pause Young (Allocation Failure) 278M->5M(989M) 1.383ms
[30.642s][info][gc,cpu         ] GC(113) User=0.00s Sys=0.00s Real=0.00s
[30.888s][info][gc,start       ] GC(114) Pause Young (Allocation Failure)
[30.888s][info][gc,task        ] GC(114) Using 6 workers of 6 for evacuation
[30.890s][info][gc,heap        ] GC(114) ParNew: 280041K->125K(314560K)
[30.890s][info][gc,heap        ] GC(114) CMS: 5550K->5778K(699072K)
[30.890s][info][gc,metaspace   ] GC(114) Metaspace: 22954K(23936K)->22954K(23936K) NonClass: 20177K(20736K)->20177K(20736K) Class: 2776K(3200K)->2776K(3200K)
[30.890s][info][gc             ] GC(114) Pause Young (Allocation Failure) 278M->5M(989M) 1.337ms
[30.890s][info][gc,cpu         ] GC(114) User=0.00s Sys=0.00s Real=0.00s
[31.152s][info][gc,start       ] GC(115) Pause Young (Allocation Failure)
[31.152s][info][gc,task        ] GC(115) Using 6 workers of 6 for evacuation
[31.153s][info][gc,heap        ] GC(115) ParNew: 279741K->75K(314560K)
[31.153s][info][gc,heap        ] GC(115) CMS: 5778K->5784K(699072K)
[31.153s][info][gc,metaspace   ] GC(115) Metaspace: 22954K(23936K)->22954K(23936K) NonClass: 20177K(20736K)->20177K(20736K) Class: 2776K(3200K)->2776K(3200K)
[31.153s][info][gc             ] GC(115) Pause Young (Allocation Failure) 278M->5M(989M) 1.318ms
[31.154s][info][gc,cpu         ] GC(115) User=0.00s Sys=0.00s Real=0.00s
[31.309s][info][gc,start       ] GC(116) Pause Full (System.gc())
[31.309s][info][gc,phases,start] GC(116) Phase 1: Mark live objects
[31.315s][info][gc,phases      ] GC(116) Phase 1: Mark live objects 5.888ms
[31.315s][info][gc,phases,start] GC(116) Phase 2: Compute new object addresses
[31.332s][info][gc,phases      ] GC(116) Phase 2: Compute new object addresses 17.232ms
[31.332s][info][gc,phases,start] GC(116) Phase 3: Adjust pointers
[31.336s][info][gc,phases      ] GC(116) Phase 3: Adjust pointers 3.936ms
[31.336s][info][gc,phases,start] GC(116) Phase 4: Move objects
[31.336s][info][gc,phases      ] GC(116) Phase 4: Move objects 0.106ms
[31.337s][info][gc,heap        ] GC(116) ParNew: 130542K->0K(314560K)
[31.337s][info][gc,heap        ] GC(116) CMS: 5784K->5550K(699072K)
[31.337s][info][gc,metaspace   ] GC(116) Metaspace: 22956K(23936K)->22956K(23936K) NonClass: 20179K(20736K)->20179K(20736K) Class: 2776K(3200K)->2776K(3200K)
[31.337s][info][gc             ] GC(116) Pause Full (System.gc()) 133M->5M(989M) 28.133ms
[31.337s][info][gc,cpu         ] GC(116) User=0.00s Sys=0.00s Real=0.03s
[31.601s][info][gc,start       ] GC(117) Pause Young (Allocation Failure)
[31.601s][info][gc,task        ] GC(117) Using 6 workers of 6 for evacuation
[31.603s][info][gc,heap        ] GC(117) ParNew: 279616K->230K(314560K)
[31.603s][info][gc,heap        ] GC(117) CMS: 5550K->5550K(699072K)
[31.603s][info][gc,metaspace   ] GC(117) Metaspace: 22960K(23936K)->22960K(23936K) NonClass: 20183K(20736K)->20183K(20736K) Class: 2776K(3200K)->2776K(3200K)
[31.603s][info][gc             ] GC(117) Pause Young (Allocation Failure) 278M->5M(989M) 1.432ms
[31.603s][info][gc,cpu         ] GC(117) User=0.00s Sys=0.00s Real=0.00s
[31.870s][info][gc,start       ] GC(118) Pause Young (Allocation Failure)
[31.870s][info][gc,task        ] GC(118) Using 6 workers of 6 for evacuation
[31.871s][info][gc,heap        ] GC(118) ParNew: 279846K->244K(314560K)
[31.871s][info][gc,heap        ] GC(118) CMS: 5550K->5550K(699072K)
[31.871s][info][gc,metaspace   ] GC(118) Metaspace: 22960K(23936K)->22960K(23936K) NonClass: 20183K(20736K)->20183K(20736K) Class: 2776K(3200K)->2776K(3200K)
[31.871s][info][gc             ] GC(118) Pause Young (Allocation Failure) 278M->5M(989M) 1.325ms
[31.871s][info][gc,cpu         ] GC(118) User=0.00s Sys=0.00s Real=0.00s
[32.119s][info][gc,start       ] GC(119) Pause Young (Allocation Failure)
[32.119s][info][gc,task        ] GC(119) Using 6 workers of 6 for evacuation
[32.120s][info][gc,heap        ] GC(119) ParNew: 279860K->280K(314560K)
[32.120s][info][gc,heap        ] GC(119) CMS: 5550K->5550K(699072K)
[32.120s][info][gc,metaspace   ] GC(119) Metaspace: 22960K(23936K)->22960K(23936K) NonClass: 20183K(20736K)->20183K(20736K) Class: 2776K(3200K)->2776K(3200K)
[32.120s][info][gc             ] GC(119) Pause Young (Allocation Failure) 278M->5M(989M) 1.148ms
[32.120s][info][gc,cpu         ] GC(119) User=0.00s Sys=0.00s Real=0.00s
[32.373s][info][gc,start       ] GC(120) Pause Young (Allocation Failure)
[32.373s][info][gc,task        ] GC(120) Using 6 workers of 6 for evacuation
[32.374s][info][gc,heap        ] GC(120) ParNew: 279896K->301K(314560K)
[32.374s][info][gc,heap        ] GC(120) CMS: 5550K->5550K(699072K)
[32.374s][info][gc,metaspace   ] GC(120) Metaspace: 22960K(23936K)->22960K(23936K) NonClass: 20183K(20736K)->20183K(20736K) Class: 2776K(3200K)->2776K(3200K)
[32.374s][info][gc             ] GC(120) Pause Young (Allocation Failure) 278M->5M(989M) 1.489ms
[32.374s][info][gc,cpu         ] GC(120) User=0.00s Sys=0.00s Real=0.00s
[32.617s][info][gc,start       ] GC(121) Pause Young (Allocation Failure)
[32.617s][info][gc,task        ] GC(121) Using 6 workers of 6 for evacuation
[32.619s][info][gc,heap        ] GC(121) ParNew: 279917K->350K(314560K)
[32.619s][info][gc,heap        ] GC(121) CMS: 5550K->5550K(699072K)
[32.619s][info][gc,metaspace   ] GC(121) Metaspace: 22960K(23936K)->22960K(23936K) NonClass: 20183K(20736K)->20183K(20736K) Class: 2776K(3200K)->2776K(3200K)
[32.619s][info][gc             ] GC(121) Pause Young (Allocation Failure) 278M->5M(989M) 1.306ms
[32.619s][info][gc,cpu         ] GC(121) User=0.00s Sys=0.00s Real=0.00s
[32.860s][info][gc,start       ] GC(122) Pause Young (Allocation Failure)
[32.860s][info][gc,task        ] GC(122) Using 6 workers of 6 for evacuation
[32.862s][info][gc,heap        ] GC(122) ParNew: 279966K->388K(314560K)
[32.862s][info][gc,heap        ] GC(122) CMS: 5550K->5550K(699072K)
[32.862s][info][gc,metaspace   ] GC(122) Metaspace: 22960K(23936K)->22960K(23936K) NonClass: 20183K(20736K)->20183K(20736K) Class: 2776K(3200K)->2776K(3200K)
[32.862s][info][gc             ] GC(122) Pause Young (Allocation Failure) 278M->5M(989M) 1.301ms
[32.862s][info][gc,cpu         ] GC(122) User=0.00s Sys=0.00s Real=0.00s
[33.122s][info][gc,start       ] GC(123) Pause Young (Allocation Failure)
[33.122s][info][gc,task        ] GC(123) Using 6 workers of 6 for evacuation
[33.123s][info][gc,heap        ] GC(123) ParNew: 280004K->195K(314560K)
[33.123s][info][gc,heap        ] GC(123) CMS: 5550K->5778K(699072K)
[33.123s][info][gc,metaspace   ] GC(123) Metaspace: 22960K(23936K)->22960K(23936K) NonClass: 20183K(20736K)->20183K(20736K) Class: 2776K(3200K)->2776K(3200K)
[33.123s][info][gc             ] GC(123) Pause Young (Allocation Failure) 278M->5M(989M) 1.338ms
[33.123s][info][gc,cpu         ] GC(123) User=0.00s Sys=0.00s Real=0.00s
[33.396s][info][gc,start       ] GC(124) Pause Young (Allocation Failure)
[33.396s][info][gc,task        ] GC(124) Using 6 workers of 6 for evacuation
[33.398s][info][gc,heap        ] GC(124) ParNew: 279811K->83K(314560K)
[33.398s][info][gc,heap        ] GC(124) CMS: 5778K->5785K(699072K)
[33.398s][info][gc,metaspace   ] GC(124) Metaspace: 22960K(23936K)->22960K(23936K) NonClass: 20183K(20736K)->20183K(20736K) Class: 2776K(3200K)->2776K(3200K)
[33.398s][info][gc             ] GC(124) Pause Young (Allocation Failure) 278M->5M(989M) 1.240ms
[33.398s][info][gc,cpu         ] GC(124) User=0.00s Sys=0.00s Real=0.00s
[33.557s][info][gc,start       ] GC(125) Pause Full (System.gc())
[33.557s][info][gc,phases,start] GC(125) Phase 1: Mark live objects
[33.563s][info][gc,phases      ] GC(125) Phase 1: Mark live objects 5.974ms
[33.563s][info][gc,phases,start] GC(125) Phase 2: Compute new object addresses
[33.578s][info][gc,phases      ] GC(125) Phase 2: Compute new object addresses 14.341ms
[33.578s][info][gc,phases,start] GC(125) Phase 3: Adjust pointers
[33.582s][info][gc,phases      ] GC(125) Phase 3: Adjust pointers 3.934ms
[33.582s][info][gc,phases,start] GC(125) Phase 4: Move objects
[33.582s][info][gc,phases      ] GC(125) Phase 4: Move objects 0.093ms
[33.582s][info][gc,heap        ] GC(125) ParNew: 96743K->0K(314560K)
[33.582s][info][gc,heap        ] GC(125) CMS: 5785K->5550K(699072K)
[33.582s][info][gc,metaspace   ] GC(125) Metaspace: 22960K(23936K)->22960K(23936K) NonClass: 20183K(20736K)->20183K(20736K) Class: 2776K(3200K)->2776K(3200K)
[33.582s][info][gc             ] GC(125) Pause Full (System.gc()) 100M->5M(989M) 25.289ms
[33.582s][info][gc,cpu         ] GC(125) User=0.02s Sys=0.00s Real=0.02s
[33.849s][info][gc,start       ] GC(126) Pause Young (Allocation Failure)
[33.850s][info][gc,task        ] GC(126) Using 6 workers of 6 for evacuation
[33.851s][info][gc,heap        ] GC(126) ParNew: 279616K->228K(314560K)
[33.851s][info][gc,heap        ] GC(126) CMS: 5550K->5550K(699072K)
[33.851s][info][gc,metaspace   ] GC(126) Metaspace: 22961K(23936K)->22961K(23936K) NonClass: 20184K(20736K)->20184K(20736K) Class: 2776K(3200K)->2776K(3200K)
[33.851s][info][gc             ] GC(126) Pause Young (Allocation Failure) 278M->5M(989M) 1.510ms
[33.851s][info][gc,cpu         ] GC(126) User=0.00s Sys=0.00s Real=0.00s
[34.122s][info][gc,start       ] GC(127) Pause Young (Allocation Failure)
[34.123s][info][gc,task        ] GC(127) Using 6 workers of 6 for evacuation
[34.124s][info][gc,heap        ] GC(127) ParNew: 279844K->250K(314560K)
[34.124s][info][gc,heap        ] GC(127) CMS: 5550K->5550K(699072K)
[34.124s][info][gc,metaspace   ] GC(127) Metaspace: 22961K(23936K)->22961K(23936K) NonClass: 20184K(20736K)->20184K(20736K) Class: 2776K(3200K)->2776K(3200K)
[34.124s][info][gc             ] GC(127) Pause Young (Allocation Failure) 278M->5M(989M) 1.270ms
[34.124s][info][gc,cpu         ] GC(127) User=0.00s Sys=0.00s Real=0.00s
[34.428s][info][gc,start       ] GC(128) Pause Young (Allocation Failure)
[34.428s][info][gc,task        ] GC(128) Using 6 workers of 6 for evacuation
[34.429s][info][gc,heap        ] GC(128) ParNew: 279866K->275K(314560K)
[34.430s][info][gc,heap        ] GC(128) CMS: 5550K->5550K(699072K)
[34.430s][info][gc,metaspace   ] GC(128) Metaspace: 22961K(23936K)->22961K(23936K) NonClass: 20184K(20736K)->20184K(20736K) Class: 2776K(3200K)->2776K(3200K)
[34.430s][info][gc             ] GC(128) Pause Young (Allocation Failure) 278M->5M(989M) 1.455ms
[34.430s][info][gc,cpu         ] GC(128) User=0.00s Sys=0.00s Real=0.00s
[34.682s][info][gc,start       ] GC(129) Pause Young (Allocation Failure)
[34.682s][info][gc,task        ] GC(129) Using 6 workers of 6 for evacuation
[34.683s][info][gc,heap        ] GC(129) ParNew: 279891K->318K(314560K)
[34.683s][info][gc,heap        ] GC(129) CMS: 5550K->5550K(699072K)
[34.683s][info][gc,metaspace   ] GC(129) Metaspace: 22961K(23936K)->22961K(23936K) NonClass: 20184K(20736K)->20184K(20736K) Class: 2776K(3200K)->2776K(3200K)
[34.683s][info][gc             ] GC(129) Pause Young (Allocation Failure) 278M->5M(989M) 1.334ms
[34.683s][info][gc,cpu         ] GC(129) User=0.00s Sys=0.00s Real=0.00s
[34.936s][info][gc,start       ] GC(130) Pause Young (Allocation Failure)
[34.936s][info][gc,task        ] GC(130) Using 6 workers of 6 for evacuation
[34.937s][info][gc,heap        ] GC(130) ParNew: 279934K->354K(314560K)
[34.937s][info][gc,heap        ] GC(130) CMS: 5550K->5550K(699072K)
[34.937s][info][gc,metaspace   ] GC(130) Metaspace: 22961K(23936K)->22961K(23936K) NonClass: 20184K(20736K)->20184K(20736K) Class: 2776K(3200K)->2776K(3200K)
[34.937s][info][gc             ] GC(130) Pause Young (Allocation Failure) 278M->5M(989M) 1.507ms
[34.937s][info][gc,cpu         ] GC(130) User=0.00s Sys=0.00s Real=0.00s
[35.169s][info][gc,start       ] GC(131) Pause Young (Allocation Failure)
[35.169s][info][gc,task        ] GC(131) Using 6 workers of 6 for evacuation
[35.170s][info][gc,heap        ] GC(131) ParNew: 279970K->411K(314560K)
[35.170s][info][gc,heap        ] GC(131) CMS: 5550K->5550K(699072K)
[35.170s][info][gc,metaspace   ] GC(131) Metaspace: 22961K(23936K)->22961K(23936K) NonClass: 20184K(20736K)->20184K(20736K) Class: 2776K(3200K)->2776K(3200K)
[35.170s][info][gc             ] GC(131) Pause Young (Allocation Failure) 278M->5M(989M) 1.360ms
[35.170s][info][gc,cpu         ] GC(131) User=0.00s Sys=0.00s Real=0.00s
[35.412s][info][gc,start       ] GC(132) Pause Young (Allocation Failure)
[35.412s][info][gc,task        ] GC(132) Using 6 workers of 6 for evacuation
[35.414s][info][gc,heap        ] GC(132) ParNew: 280027K->152K(314560K)
[35.414s][info][gc,heap        ] GC(132) CMS: 5550K->5778K(699072K)
[35.414s][info][gc,metaspace   ] GC(132) Metaspace: 22961K(23936K)->22961K(23936K) NonClass: 20184K(20736K)->20184K(20736K) Class: 2776K(3200K)->2776K(3200K)
[35.414s][info][gc             ] GC(132) Pause Young (Allocation Failure) 278M->5M(989M) 1.487ms
[35.414s][info][gc,cpu         ] GC(132) User=0.00s Sys=0.00s Real=0.00s
[35.700s][info][gc,start       ] GC(133) Pause Young (Allocation Failure)
[35.701s][info][gc,task        ] GC(133) Using 6 workers of 6 for evacuation
[35.702s][info][gc,heap        ] GC(133) ParNew: 279768K->77K(314560K)
[35.702s][info][gc,heap        ] GC(133) CMS: 5778K->5785K(699072K)
[35.702s][info][gc,metaspace   ] GC(133) Metaspace: 22961K(23936K)->22961K(23936K) NonClass: 20184K(20736K)->20184K(20736K) Class: 2776K(3200K)->2776K(3200K)
[35.702s][info][gc             ] GC(133) Pause Young (Allocation Failure) 278M->5M(989M) 1.432ms
[35.702s][info][gc,cpu         ] GC(133) User=0.00s Sys=0.00s Real=0.00s
[35.820s][info][gc,start       ] GC(134) Pause Full (System.gc())
[35.820s][info][gc,phases,start] GC(134) Phase 1: Mark live objects
[35.826s][info][gc,phases      ] GC(134) Phase 1: Mark live objects 5.971ms
[35.826s][info][gc,phases,start] GC(134) Phase 2: Compute new object addresses
[35.839s][info][gc,phases      ] GC(134) Phase 2: Compute new object addresses 13.170ms
[35.839s][info][gc,phases,start] GC(134) Phase 3: Adjust pointers
[35.843s][info][gc,phases      ] GC(134) Phase 3: Adjust pointers 4.100ms
[35.843s][info][gc,phases,start] GC(134) Phase 4: Move objects
[35.843s][info][gc,phases      ] GC(134) Phase 4: Move objects 0.093ms
[35.844s][info][gc,heap        ] GC(134) ParNew: 94402K->0K(314560K)
[35.844s][info][gc,heap        ] GC(134) CMS: 5785K->5550K(699072K)
[35.844s][info][gc,metaspace   ] GC(134) Metaspace: 22962K(23936K)->22962K(23936K) NonClass: 20185K(20736K)->20185K(20736K) Class: 2776K(3200K)->2776K(3200K)
[35.844s][info][gc             ] GC(134) Pause Full (System.gc()) 97M->5M(989M) 24.333ms
[35.844s][info][gc,cpu         ] GC(134) User=0.00s Sys=0.00s Real=0.02s
[36.106s][info][gc,start       ] GC(135) Pause Young (Allocation Failure)
[36.106s][info][gc,task        ] GC(135) Using 6 workers of 6 for evacuation
[36.107s][info][gc,heap        ] GC(135) ParNew: 279616K->229K(314560K)
[36.107s][info][gc,heap        ] GC(135) CMS: 5550K->5550K(699072K)
[36.107s][info][gc,metaspace   ] GC(135) Metaspace: 22963K(23936K)->22963K(23936K) NonClass: 20186K(20736K)->20186K(20736K) Class: 2776K(3200K)->2776K(3200K)
[36.107s][info][gc             ] GC(135) Pause Young (Allocation Failure) 278M->5M(989M) 1.517ms
[36.107s][info][gc,cpu         ] GC(135) User=0.00s Sys=0.00s Real=0.00s
[36.362s][info][gc,start       ] GC(136) Pause Young (Allocation Failure)
[36.362s][info][gc,task        ] GC(136) Using 6 workers of 6 for evacuation
[36.363s][info][gc,heap        ] GC(136) ParNew: 279845K->244K(314560K)
[36.363s][info][gc,heap        ] GC(136) CMS: 5550K->5550K(699072K)
[36.363s][info][gc,metaspace   ] GC(136) Metaspace: 22963K(23936K)->22963K(23936K) NonClass: 20186K(20736K)->20186K(20736K) Class: 2776K(3200K)->2776K(3200K)
[36.363s][info][gc             ] GC(136) Pause Young (Allocation Failure) 278M->5M(989M) 1.411ms
[36.363s][info][gc,cpu         ] GC(136) User=0.00s Sys=0.00s Real=0.00s
[36.620s][info][gc,start       ] GC(137) Pause Young (Allocation Failure)
[36.620s][info][gc,task        ] GC(137) Using 6 workers of 6 for evacuation
[36.622s][info][gc,heap        ] GC(137) ParNew: 279860K->274K(314560K)
[36.622s][info][gc,heap        ] GC(137) CMS: 5550K->5550K(699072K)
[36.622s][info][gc,metaspace   ] GC(137) Metaspace: 22963K(23936K)->22963K(23936K) NonClass: 20186K(20736K)->20186K(20736K) Class: 2776K(3200K)->2776K(3200K)
[36.622s][info][gc             ] GC(137) Pause Young (Allocation Failure) 278M->5M(989M) 1.213ms
[36.622s][info][gc,cpu         ] GC(137) User=0.00s Sys=0.00s Real=0.00s
[36.881s][info][gc,start       ] GC(138) Pause Young (Allocation Failure)
[36.882s][info][gc,task        ] GC(138) Using 6 workers of 6 for evacuation
[36.883s][info][gc,heap        ] GC(138) ParNew: 279890K->312K(314560K)
[36.883s][info][gc,heap        ] GC(138) CMS: 5550K->5550K(699072K)
[36.883s][info][gc,metaspace   ] GC(138) Metaspace: 22963K(23936K)->22963K(23936K) NonClass: 20186K(20736K)->20186K(20736K) Class: 2776K(3200K)->2776K(3200K)
[36.883s][info][gc             ] GC(138) Pause Young (Allocation Failure) 278M->5M(989M) 1.479ms
[36.883s][info][gc,cpu         ] GC(138) User=0.00s Sys=0.00s Real=0.00s
[37.133s][info][gc,start       ] GC(139) Pause Young (Allocation Failure)
[37.133s][info][gc,task        ] GC(139) Using 6 workers of 6 for evacuation
[37.134s][info][gc,heap        ] GC(139) ParNew: 279928K->340K(314560K)
[37.134s][info][gc,heap        ] GC(139) CMS: 5550K->5550K(699072K)
[37.134s][info][gc,metaspace   ] GC(139) Metaspace: 22963K(23936K)->22963K(23936K) NonClass: 20186K(20736K)->20186K(20736K) Class: 2776K(3200K)->2776K(3200K)
[37.134s][info][gc             ] GC(139) Pause Young (Allocation Failure) 278M->5M(989M) 1.321ms
[37.134s][info][gc,cpu         ] GC(139) User=0.00s Sys=0.00s Real=0.00s
[37.392s][info][gc,start       ] GC(140) Pause Young (Allocation Failure)
[37.392s][info][gc,task        ] GC(140) Using 6 workers of 6 for evacuation
[37.393s][info][gc,heap        ] GC(140) ParNew: 279956K->394K(314560K)
[37.393s][info][gc,heap        ] GC(140) CMS: 5550K->5550K(699072K)
[37.393s][info][gc,metaspace   ] GC(140) Metaspace: 22963K(23936K)->22963K(23936K) NonClass: 20186K(20736K)->20186K(20736K) Class: 2776K(3200K)->2776K(3200K)
[37.393s][info][gc             ] GC(140) Pause Young (Allocation Failure) 278M->5M(989M) 1.351ms
[37.393s][info][gc,cpu         ] GC(140) User=0.00s Sys=0.00s Real=0.00s
[37.633s][info][gc,start       ] GC(141) Pause Young (Allocation Failure)
[37.633s][info][gc,task        ] GC(141) Using 6 workers of 6 for evacuation
[37.634s][info][gc,heap        ] GC(141) ParNew: 280010K->204K(314560K)
[37.634s][info][gc,heap        ] GC(141) CMS: 5550K->5778K(699072K)
[37.634s][info][gc,metaspace   ] GC(141) Metaspace: 22963K(23936K)->22963K(23936K) NonClass: 20186K(20736K)->20186K(20736K) Class: 2776K(3200K)->2776K(3200K)
[37.634s][info][gc             ] GC(141) Pause Young (Allocation Failure) 278M->5M(989M) 1.400ms
[37.634s][info][gc,cpu         ] GC(141) User=0.00s Sys=0.00s Real=0.00s
[37.919s][info][gc,start       ] GC(142) Pause Young (Allocation Failure)
[37.919s][info][gc,task        ] GC(142) Using 6 workers of 6 for evacuation
[37.921s][info][gc,heap        ] GC(142) ParNew: 279820K->87K(314560K)
[37.921s][info][gc,heap        ] GC(142) CMS: 5778K->5785K(699072K)
[37.921s][info][gc,metaspace   ] GC(142) Metaspace: 22963K(23936K)->22963K(23936K) NonClass: 20186K(20736K)->20186K(20736K) Class: 2776K(3200K)->2776K(3200K)
[37.921s][info][gc             ] GC(142) Pause Young (Allocation Failure) 278M->5M(989M) 1.438ms
[37.921s][info][gc,cpu         ] GC(142) User=0.00s Sys=0.00s Real=0.00s
[38.057s][info][gc,start       ] GC(143) Pause Full (System.gc())
[38.057s][info][gc,phases,start] GC(143) Phase 1: Mark live objects
[38.063s][info][gc,phases      ] GC(143) Phase 1: Mark live objects 5.834ms
[38.063s][info][gc,phases,start] GC(143) Phase 2: Compute new object addresses
[38.077s][info][gc,phases      ] GC(143) Phase 2: Compute new object addresses 13.797ms
[38.077s][info][gc,phases,start] GC(143) Phase 3: Adjust pointers
[38.081s][info][gc,phases      ] GC(143) Phase 3: Adjust pointers 3.938ms
[38.081s][info][gc,phases,start] GC(143) Phase 4: Move objects
[38.081s][info][gc,phases      ] GC(143) Phase 4: Move objects 0.095ms
[38.082s][info][gc,heap        ] GC(143) ParNew: 102046K->0K(314560K)
[38.082s][info][gc,heap        ] GC(143) CMS: 5785K->5550K(699072K)
[38.082s][info][gc,metaspace   ] GC(143) Metaspace: 22963K(23936K)->22963K(23936K) NonClass: 20186K(20736K)->20186K(20736K) Class: 2776K(3200K)->2776K(3200K)
[38.082s][info][gc             ] GC(143) Pause Full (System.gc()) 105M->5M(989M) 24.599ms
[38.082s][info][gc,cpu         ] GC(143) User=0.00s Sys=0.00s Real=0.02s
[38.338s][info][gc,start       ] GC(144) Pause Young (Allocation Failure)
[38.338s][info][gc,task        ] GC(144) Using 6 workers of 6 for evacuation
[38.339s][info][gc,heap        ] GC(144) ParNew: 279616K->233K(314560K)
[38.339s][info][gc,heap        ] GC(144) CMS: 5550K->5550K(699072K)
[38.339s][info][gc,metaspace   ] GC(144) Metaspace: 22963K(23936K)->22963K(23936K) NonClass: 20186K(20736K)->20186K(20736K) Class: 2776K(3200K)->2776K(3200K)
[38.339s][info][gc             ] GC(144) Pause Young (Allocation Failure) 278M->5M(989M) 1.339ms
[38.339s][info][gc,cpu         ] GC(144) User=0.00s Sys=0.00s Real=0.00s
[38.600s][info][gc,start       ] GC(145) Pause Young (Allocation Failure)
[38.600s][info][gc,task        ] GC(145) Using 6 workers of 6 for evacuation
[38.602s][info][gc,heap        ] GC(145) ParNew: 279849K->241K(314560K)
[38.602s][info][gc,heap        ] GC(145) CMS: 5550K->5550K(699072K)
[38.602s][info][gc,metaspace   ] GC(145) Metaspace: 22963K(23936K)->22963K(23936K) NonClass: 20186K(20736K)->20186K(20736K) Class: 2776K(3200K)->2776K(3200K)
[38.602s][info][gc             ] GC(145) Pause Young (Allocation Failure) 278M->5M(989M) 1.284ms
[38.602s][info][gc,cpu         ] GC(145) User=0.00s Sys=0.00s Real=0.00s
[38.871s][info][gc,start       ] GC(146) Pause Young (Allocation Failure)
[38.871s][info][gc,task        ] GC(146) Using 6 workers of 6 for evacuation
[38.873s][info][gc,heap        ] GC(146) ParNew: 279857K->268K(314560K)
[38.873s][info][gc,heap        ] GC(146) CMS: 5550K->5550K(699072K)
[38.873s][info][gc,metaspace   ] GC(146) Metaspace: 22963K(23936K)->22963K(23936K) NonClass: 20186K(20736K)->20186K(20736K) Class: 2776K(3200K)->2776K(3200K)
[38.873s][info][gc             ] GC(146) Pause Young (Allocation Failure) 278M->5M(989M) 1.474ms
[38.873s][info][gc,cpu         ] GC(146) User=0.00s Sys=0.00s Real=0.00s
[39.138s][info][gc,start       ] GC(147) Pause Young (Allocation Failure)
[39.138s][info][gc,task        ] GC(147) Using 6 workers of 6 for evacuation
[39.139s][info][gc,heap        ] GC(147) ParNew: 279884K->295K(314560K)
[39.139s][info][gc,heap        ] GC(147) CMS: 5550K->5550K(699072K)
[39.139s][info][gc,metaspace   ] GC(147) Metaspace: 22963K(23936K)->22963K(23936K) NonClass: 20186K(20736K)->20186K(20736K) Class: 2776K(3200K)->2776K(3200K)
[39.139s][info][gc             ] GC(147) Pause Young (Allocation Failure) 278M->5M(989M) 1.562ms
[39.139s][info][gc,cpu         ] GC(147) User=0.00s Sys=0.00s Real=0.00s
[39.393s][info][gc,start       ] GC(148) Pause Young (Allocation Failure)
[39.393s][info][gc,task        ] GC(148) Using 6 workers of 6 for evacuation
[39.394s][info][gc,heap        ] GC(148) ParNew: 279911K->336K(314560K)
[39.394s][info][gc,heap        ] GC(148) CMS: 5550K->5550K(699072K)
[39.394s][info][gc,metaspace   ] GC(148) Metaspace: 22963K(23936K)->22963K(23936K) NonClass: 20186K(20736K)->20186K(20736K) Class: 2776K(3200K)->2776K(3200K)
[39.394s][info][gc             ] GC(148) Pause Young (Allocation Failure) 278M->5M(989M) 1.025ms
[39.394s][info][gc,cpu         ] GC(148) User=0.00s Sys=0.00s Real=0.00s
[39.685s][info][gc,start       ] GC(149) Pause Young (Allocation Failure)
[39.685s][info][gc,task        ] GC(149) Using 6 workers of 6 for evacuation
[39.686s][info][gc,heap        ] GC(149) ParNew: 279952K->342K(314560K)
[39.686s][info][gc,heap        ] GC(149) CMS: 5550K->5550K(699072K)
[39.686s][info][gc,metaspace   ] GC(149) Metaspace: 22963K(23936K)->22963K(23936K) NonClass: 20186K(20736K)->20186K(20736K) Class: 2776K(3200K)->2776K(3200K)
[39.686s][info][gc             ] GC(149) Pause Young (Allocation Failure) 278M->5M(989M) 1.281ms
[39.686s][info][gc,cpu         ] GC(149) User=0.00s Sys=0.00s Real=0.00s
[39.942s][info][gc,start       ] GC(150) Pause Young (Allocation Failure)
[39.942s][info][gc,task        ] GC(150) Using 6 workers of 6 for evacuation
[39.943s][info][gc,heap        ] GC(150) ParNew: 279958K->178K(314560K)
[39.943s][info][gc,heap        ] GC(150) CMS: 5550K->5778K(699072K)
[39.943s][info][gc,metaspace   ] GC(150) Metaspace: 22963K(23936K)->22963K(23936K) NonClass: 20186K(20736K)->20186K(20736K) Class: 2776K(3200K)->2776K(3200K)
[39.943s][info][gc             ] GC(150) Pause Young (Allocation Failure) 278M->5M(989M) 1.450ms
[39.943s][info][gc,cpu         ] GC(150) User=0.00s Sys=0.00s Real=0.00s
[40.295s][info][gc,start       ] GC(151) Pause Young (Allocation Failure)
[40.295s][info][gc,task        ] GC(151) Using 6 workers of 6 for evacuation
[40.297s][info][gc,heap        ] GC(151) ParNew: 279794K->81K(314560K)
[40.297s][info][gc,heap        ] GC(151) CMS: 5778K->5784K(699072K)
[40.297s][info][gc,metaspace   ] GC(151) Metaspace: 22963K(23936K)->22963K(23936K) NonClass: 20186K(20736K)->20186K(20736K) Class: 2776K(3200K)->2776K(3200K)
[40.297s][info][gc             ] GC(151) Pause Young (Allocation Failure) 278M->5M(989M) 1.488ms
[40.297s][info][gc,cpu         ] GC(151) User=0.00s Sys=0.00s Real=0.00s
[40.349s][info][gc,start       ] GC(152) Pause Full (System.gc())
[40.349s][info][gc,phases,start] GC(152) Phase 1: Mark live objects
[40.355s][info][gc,phases      ] GC(152) Phase 1: Mark live objects 5.940ms
[40.355s][info][gc,phases,start] GC(152) Phase 2: Compute new object addresses
[40.359s][info][gc,phases      ] GC(152) Phase 2: Compute new object addresses 4.486ms
[40.359s][info][gc,phases,start] GC(152) Phase 3: Adjust pointers
[40.363s][info][gc,phases      ] GC(152) Phase 3: Adjust pointers 3.972ms
[40.363s][info][gc,phases,start] GC(152) Phase 4: Move objects
[40.363s][info][gc,phases      ] GC(152) Phase 4: Move objects 0.100ms
[40.364s][info][gc,heap        ] GC(152) ParNew: 22082K->0K(314560K)
[40.364s][info][gc,heap        ] GC(152) CMS: 5784K->5550K(699072K)
[40.364s][info][gc,metaspace   ] GC(152) Metaspace: 22963K(23936K)->22963K(23936K) NonClass: 20186K(20736K)->20186K(20736K) Class: 2776K(3200K)->2776K(3200K)
[40.364s][info][gc             ] GC(152) Pause Full (System.gc()) 27M->5M(989M) 15.644ms
[40.364s][info][gc,cpu         ] GC(152) User=0.00s Sys=0.00s Real=0.02s
[40.624s][info][gc,start       ] GC(153) Pause Young (Allocation Failure)
[40.624s][info][gc,task        ] GC(153) Using 6 workers of 6 for evacuation
[40.626s][info][gc,heap        ] GC(153) ParNew: 279616K->231K(314560K)
[40.626s][info][gc,heap        ] GC(153) CMS: 5550K->5550K(699072K)
[40.626s][info][gc,metaspace   ] GC(153) Metaspace: 22963K(23936K)->22963K(23936K) NonClass: 20186K(20736K)->20186K(20736K) Class: 2776K(3200K)->2776K(3200K)
[40.626s][info][gc             ] GC(153) Pause Young (Allocation Failure) 278M->5M(989M) 1.355ms
[40.626s][info][gc,cpu         ] GC(153) User=0.00s Sys=0.00s Real=0.00s
[40.869s][info][gc,start       ] GC(154) Pause Young (Allocation Failure)
[40.869s][info][gc,task        ] GC(154) Using 6 workers of 6 for evacuation
[40.870s][info][gc,heap        ] GC(154) ParNew: 279847K->252K(314560K)
[40.870s][info][gc,heap        ] GC(154) CMS: 5550K->5550K(699072K)
[40.870s][info][gc,metaspace   ] GC(154) Metaspace: 22963K(23936K)->22963K(23936K) NonClass: 20186K(20736K)->20186K(20736K) Class: 2776K(3200K)->2776K(3200K)
[40.870s][info][gc             ] GC(154) Pause Young (Allocation Failure) 278M->5M(989M) 1.298ms
[40.870s][info][gc,cpu         ] GC(154) User=0.00s Sys=0.00s Real=0.00s
[41.155s][info][gc,start       ] GC(155) Pause Young (Allocation Failure)
[41.155s][info][gc,task        ] GC(155) Using 6 workers of 6 for evacuation
[41.156s][info][gc,heap        ] GC(155) ParNew: 279868K->272K(314560K)
[41.156s][info][gc,heap        ] GC(155) CMS: 5550K->5550K(699072K)
[41.156s][info][gc,metaspace   ] GC(155) Metaspace: 22963K(23936K)->22963K(23936K) NonClass: 20186K(20736K)->20186K(20736K) Class: 2776K(3200K)->2776K(3200K)
[41.156s][info][gc             ] GC(155) Pause Young (Allocation Failure) 278M->5M(989M) 1.405ms
[41.156s][info][gc,cpu         ] GC(155) User=0.00s Sys=0.00s Real=0.00s
[41.402s][info][gc,start       ] GC(156) Pause Young (Allocation Failure)
[41.402s][info][gc,task        ] GC(156) Using 6 workers of 6 for evacuation
[41.403s][info][gc,heap        ] GC(156) ParNew: 279888K->310K(314560K)
[41.403s][info][gc,heap        ] GC(156) CMS: 5550K->5550K(699072K)
[41.403s][info][gc,metaspace   ] GC(156) Metaspace: 22963K(23936K)->22963K(23936K) NonClass: 20186K(20736K)->20186K(20736K) Class: 2776K(3200K)->2776K(3200K)
[41.403s][info][gc             ] GC(156) Pause Young (Allocation Failure) 278M->5M(989M) 1.305ms
[41.403s][info][gc,cpu         ] GC(156) User=0.00s Sys=0.00s Real=0.00s
[41.650s][info][gc,start       ] GC(157) Pause Young (Allocation Failure)
[41.651s][info][gc,task        ] GC(157) Using 6 workers of 6 for evacuation
[41.652s][info][gc,heap        ] GC(157) ParNew: 279926K->351K(314560K)
[41.652s][info][gc,heap        ] GC(157) CMS: 5550K->5550K(699072K)
[41.652s][info][gc,metaspace   ] GC(157) Metaspace: 22963K(23936K)->22963K(23936K) NonClass: 20186K(20736K)->20186K(20736K) Class: 2776K(3200K)->2776K(3200K)
[41.652s][info][gc             ] GC(157) Pause Young (Allocation Failure) 278M->5M(989M) 1.288ms
[41.652s][info][gc,cpu         ] GC(157) User=0.00s Sys=0.00s Real=0.00s
[41.958s][info][gc,start       ] GC(158) Pause Young (Allocation Failure)
[41.958s][info][gc,task        ] GC(158) Using 6 workers of 6 for evacuation
[41.959s][info][gc,heap        ] GC(158) ParNew: 279967K->397K(314560K)
[41.959s][info][gc,heap        ] GC(158) CMS: 5550K->5550K(699072K)
[41.959s][info][gc,metaspace   ] GC(158) Metaspace: 22963K(23936K)->22963K(23936K) NonClass: 20186K(20736K)->20186K(20736K) Class: 2776K(3200K)->2776K(3200K)
[41.959s][info][gc             ] GC(158) Pause Young (Allocation Failure) 278M->5M(989M) 1.325ms
[41.959s][info][gc,cpu         ] GC(158) User=0.00s Sys=0.00s Real=0.00s
[42.207s][info][gc,start       ] GC(159) Pause Young (Allocation Failure)
[42.208s][info][gc,task        ] GC(159) Using 6 workers of 6 for evacuation
[42.209s][info][gc,heap        ] GC(159) ParNew: 280013K->236K(314560K)
[42.209s][info][gc,heap        ] GC(159) CMS: 5550K->5778K(699072K)
[42.209s][info][gc,metaspace   ] GC(159) Metaspace: 22963K(23936K)->22963K(23936K) NonClass: 20186K(20736K)->20186K(20736K) Class: 2776K(3200K)->2776K(3200K)
[42.209s][info][gc             ] GC(159) Pause Young (Allocation Failure) 278M->5M(989M) 1.513ms
[42.209s][info][gc,cpu         ] GC(159) User=0.00s Sys=0.00s Real=0.00s
[42.478s][info][gc,start       ] GC(160) Pause Young (Allocation Failure)
[42.478s][info][gc,task        ] GC(160) Using 6 workers of 6 for evacuation
[42.480s][info][gc,heap        ] GC(160) ParNew: 279852K->86K(314560K)
[42.480s][info][gc,heap        ] GC(160) CMS: 5778K->5784K(699072K)
[42.480s][info][gc,metaspace   ] GC(160) Metaspace: 22963K(23936K)->22963K(23936K) NonClass: 20186K(20736K)->20186K(20736K) Class: 2776K(3200K)->2776K(3200K)
[42.480s][info][gc             ] GC(160) Pause Young (Allocation Failure) 278M->5M(989M) 1.439ms
[42.480s][info][gc,cpu         ] GC(160) User=0.00s Sys=0.00s Real=0.00s
[42.582s][info][gc,start       ] GC(161) Pause Full (System.gc())
[42.582s][info][gc,phases,start] GC(161) Phase 1: Mark live objects
[42.589s][info][gc,phases      ] GC(161) Phase 1: Mark live objects 6.141ms
[42.589s][info][gc,phases,start] GC(161) Phase 2: Compute new object addresses
[42.603s][info][gc,phases      ] GC(161) Phase 2: Compute new object addresses 13.949ms
[42.603s][info][gc,phases,start] GC(161) Phase 3: Adjust pointers
[42.607s][info][gc,phases      ] GC(161) Phase 3: Adjust pointers 3.939ms
[42.607s][info][gc,phases,start] GC(161) Phase 4: Move objects
[42.607s][info][gc,phases      ] GC(161) Phase 4: Move objects 0.093ms
[42.607s][info][gc,heap        ] GC(161) ParNew: 98064K->0K(314560K)
[42.607s][info][gc,heap        ] GC(161) CMS: 5784K->5550K(699072K)
[42.607s][info][gc,metaspace   ] GC(161) Metaspace: 22963K(23936K)->22963K(23936K) NonClass: 20186K(20736K)->20186K(20736K) Class: 2776K(3200K)->2776K(3200K)
[42.607s][info][gc             ] GC(161) Pause Full (System.gc()) 101M->5M(989M) 25.081ms
[42.607s][info][gc,cpu         ] GC(161) User=0.02s Sys=0.00s Real=0.02s
[42.867s][info][gc,start       ] GC(162) Pause Young (Allocation Failure)
[42.867s][info][gc,task        ] GC(162) Using 6 workers of 6 for evacuation
[42.868s][info][gc,heap        ] GC(162) ParNew: 279616K->234K(314560K)
[42.868s][info][gc,heap        ] GC(162) CMS: 5550K->5550K(699072K)
[42.868s][info][gc,metaspace   ] GC(162) Metaspace: 22963K(23936K)->22963K(23936K) NonClass: 20186K(20736K)->20186K(20736K) Class: 2776K(3200K)->2776K(3200K)
[42.868s][info][gc             ] GC(162) Pause Young (Allocation Failure) 278M->5M(989M) 1.285ms
[42.868s][info][gc,cpu         ] GC(162) User=0.00s Sys=0.00s Real=0.00s
[43.147s][info][gc,start       ] GC(163) Pause Young (Allocation Failure)
[43.147s][info][gc,task        ] GC(163) Using 6 workers of 6 for evacuation
[43.148s][info][gc,heap        ] GC(163) ParNew: 279850K->244K(314560K)
[43.148s][info][gc,heap        ] GC(163) CMS: 5550K->5550K(699072K)
[43.148s][info][gc,metaspace   ] GC(163) Metaspace: 22963K(23936K)->22963K(23936K) NonClass: 20186K(20736K)->20186K(20736K) Class: 2776K(3200K)->2776K(3200K)
[43.148s][info][gc             ] GC(163) Pause Young (Allocation Failure) 278M->5M(989M) 1.216ms
[43.148s][info][gc,cpu         ] GC(163) User=0.00s Sys=0.00s Real=0.00s
[43.417s][info][gc,start       ] GC(164) Pause Young (Allocation Failure)
[43.417s][info][gc,task        ] GC(164) Using 6 workers of 6 for evacuation
[43.418s][info][gc,heap        ] GC(164) ParNew: 279860K->276K(314560K)
[43.419s][info][gc,heap        ] GC(164) CMS: 5550K->5550K(699072K)
[43.419s][info][gc,metaspace   ] GC(164) Metaspace: 22963K(23936K)->22963K(23936K) NonClass: 20186K(20736K)->20186K(20736K) Class: 2776K(3200K)->2776K(3200K)
[43.419s][info][gc             ] GC(164) Pause Young (Allocation Failure) 278M->5M(989M) 1.503ms
[43.419s][info][gc,cpu         ] GC(164) User=0.00s Sys=0.00s Real=0.00s
[43.669s][info][gc,start       ] GC(165) Pause Young (Allocation Failure)
[43.669s][info][gc,task        ] GC(165) Using 6 workers of 6 for evacuation
[43.670s][info][gc,heap        ] GC(165) ParNew: 279892K->298K(314560K)
[43.670s][info][gc,heap        ] GC(165) CMS: 5550K->5550K(699072K)
[43.670s][info][gc,metaspace   ] GC(165) Metaspace: 22963K(23936K)->22963K(23936K) NonClass: 20186K(20736K)->20186K(20736K) Class: 2776K(3200K)->2776K(3200K)
[43.670s][info][gc             ] GC(165) Pause Young (Allocation Failure) 278M->5M(989M) 1.406ms
[43.670s][info][gc,cpu         ] GC(165) User=0.00s Sys=0.00s Real=0.00s
[43.928s][info][gc,start       ] GC(166) Pause Young (Allocation Failure)
[43.928s][info][gc,task        ] GC(166) Using 6 workers of 6 for evacuation
[43.929s][info][gc,heap        ] GC(166) ParNew: 279914K->359K(314560K)
[43.929s][info][gc,heap        ] GC(166) CMS: 5550K->5550K(699072K)
[43.929s][info][gc,metaspace   ] GC(166) Metaspace: 22963K(23936K)->22963K(23936K) NonClass: 20186K(20736K)->20186K(20736K) Class: 2776K(3200K)->2776K(3200K)
[43.929s][info][gc             ] GC(166) Pause Young (Allocation Failure) 278M->5M(989M) 1.256ms
[43.929s][info][gc,cpu         ] GC(166) User=0.00s Sys=0.00s Real=0.00s
[44.177s][info][gc,start       ] GC(167) Pause Young (Allocation Failure)
[44.177s][info][gc,task        ] GC(167) Using 6 workers of 6 for evacuation
[44.178s][info][gc,heap        ] GC(167) ParNew: 279975K->394K(314560K)
[44.178s][info][gc,heap        ] GC(167) CMS: 5550K->5550K(699072K)
[44.178s][info][gc,metaspace   ] GC(167) Metaspace: 22963K(23936K)->22963K(23936K) NonClass: 20186K(20736K)->20186K(20736K) Class: 2776K(3200K)->2776K(3200K)
[44.178s][info][gc             ] GC(167) Pause Young (Allocation Failure) 278M->5M(989M) 1.446ms
[44.178s][info][gc,cpu         ] GC(167) User=0.00s Sys=0.00s Real=0.00s
[44.444s][info][gc,start       ] GC(168) Pause Young (Allocation Failure)
[44.444s][info][gc,task        ] GC(168) Using 6 workers of 6 for evacuation
[44.446s][info][gc,heap        ] GC(168) ParNew: 280010K->243K(314560K)
[44.446s][info][gc,heap        ] GC(168) CMS: 5550K->5778K(699072K)
[44.446s][info][gc,metaspace   ] GC(168) Metaspace: 22963K(23936K)->22963K(23936K) NonClass: 20186K(20736K)->20186K(20736K) Class: 2776K(3200K)->2776K(3200K)
[44.446s][info][gc             ] GC(168) Pause Young (Allocation Failure) 278M->5M(989M) 1.675ms
[44.446s][info][gc,cpu         ] GC(168) User=0.00s Sys=0.00s Real=0.00s
[44.715s][info][gc,start       ] GC(169) Pause Young (Allocation Failure)
[44.716s][info][gc,task        ] GC(169) Using 6 workers of 6 for evacuation
[44.717s][info][gc,heap        ] GC(169) ParNew: 279859K->69K(314560K)
[44.717s][info][gc,heap        ] GC(169) CMS: 5778K->5785K(699072K)
[44.717s][info][gc,metaspace   ] GC(169) Metaspace: 22963K(23936K)->22963K(23936K) NonClass: 20186K(20736K)->20186K(20736K) Class: 2776K(3200K)->2776K(3200K)
[44.717s][info][gc             ] GC(169) Pause Young (Allocation Failure) 278M->5M(989M) 1.209ms
[44.717s][info][gc,cpu         ] GC(169) User=0.00s Sys=0.00s Real=0.00s
[44.820s][info][gc,start       ] GC(170) Pause Full (System.gc())
[44.820s][info][gc,phases,start] GC(170) Phase 1: Mark live objects
[44.826s][info][gc,phases      ] GC(170) Phase 1: Mark live objects 6.386ms
[44.827s][info][gc,phases,start] GC(170) Phase 2: Compute new object addresses
[44.837s][info][gc,phases      ] GC(170) Phase 2: Compute new object addresses 10.920ms
[44.837s][info][gc,phases,start] GC(170) Phase 3: Adjust pointers
[44.841s][info][gc,phases      ] GC(170) Phase 3: Adjust pointers 3.926ms
[44.841s][info][gc,phases,start] GC(170) Phase 4: Move objects
[44.842s][info][gc,phases      ] GC(170) Phase 4: Move objects 0.093ms
[44.842s][info][gc,heap        ] GC(170) ParNew: 67597K->0K(314560K)
[44.842s][info][gc,heap        ] GC(170) CMS: 5785K->5551K(699072K)
[44.842s][info][gc,metaspace   ] GC(170) Metaspace: 22963K(23936K)->22963K(23936K) NonClass: 20186K(20736K)->20186K(20736K) Class: 2776K(3200K)->2776K(3200K)
[44.842s][info][gc             ] GC(170) Pause Full (System.gc()) 71M->5M(989M) 22.224ms
[44.842s][info][gc,cpu         ] GC(170) User=0.00s Sys=0.00s Real=0.02s
[45.097s][info][gc,start       ] GC(171) Pause Young (Allocation Failure)
[45.097s][info][gc,task        ] GC(171) Using 6 workers of 6 for evacuation
[45.098s][info][gc,heap        ] GC(171) ParNew: 279616K->233K(314560K)
[45.098s][info][gc,heap        ] GC(171) CMS: 5551K->5551K(699072K)
[45.098s][info][gc,metaspace   ] GC(171) Metaspace: 22968K(23936K)->22968K(23936K) NonClass: 20191K(20736K)->20191K(20736K) Class: 2776K(3200K)->2776K(3200K)
[45.098s][info][gc             ] GC(171) Pause Young (Allocation Failure) 278M->5M(989M) 1.303ms
[45.098s][info][gc,cpu         ] GC(171) User=0.00s Sys=0.00s Real=0.00s
[45.354s][info][gc,start       ] GC(172) Pause Young (Allocation Failure)
[45.354s][info][gc,task        ] GC(172) Using 6 workers of 6 for evacuation
[45.355s][info][gc,heap        ] GC(172) ParNew: 279849K->244K(314560K)
[45.355s][info][gc,heap        ] GC(172) CMS: 5551K->5551K(699072K)
[45.355s][info][gc,metaspace   ] GC(172) Metaspace: 22968K(23936K)->22968K(23936K) NonClass: 20191K(20736K)->20191K(20736K) Class: 2776K(3200K)->2776K(3200K)
[45.355s][info][gc             ] GC(172) Pause Young (Allocation Failure) 278M->5M(989M) 1.572ms
[45.355s][info][gc,cpu         ] GC(172) User=0.02s Sys=0.00s Real=0.00s
[45.616s][info][gc,start       ] GC(173) Pause Young (Allocation Failure)
[45.616s][info][gc,task        ] GC(173) Using 6 workers of 6 for evacuation
[45.617s][info][gc,heap        ] GC(173) ParNew: 279860K->275K(314560K)
[45.617s][info][gc,heap        ] GC(173) CMS: 5551K->5551K(699072K)
[45.617s][info][gc,metaspace   ] GC(173) Metaspace: 22968K(23936K)->22968K(23936K) NonClass: 20191K(20736K)->20191K(20736K) Class: 2776K(3200K)->2776K(3200K)
[45.617s][info][gc             ] GC(173) Pause Young (Allocation Failure) 278M->5M(989M) 1.149ms
[45.617s][info][gc,cpu         ] GC(173) User=0.00s Sys=0.00s Real=0.00s
[45.897s][info][gc,start       ] GC(174) Pause Young (Allocation Failure)
[45.898s][info][gc,task        ] GC(174) Using 6 workers of 6 for evacuation
[45.899s][info][gc,heap        ] GC(174) ParNew: 279891K->312K(314560K)
[45.899s][info][gc,heap        ] GC(174) CMS: 5551K->5551K(699072K)
[45.899s][info][gc,metaspace   ] GC(174) Metaspace: 22968K(23936K)->22968K(23936K) NonClass: 20191K(20736K)->20191K(20736K) Class: 2776K(3200K)->2776K(3200K)
[45.899s][info][gc             ] GC(174) Pause Young (Allocation Failure) 278M->5M(989M) 1.280ms
[45.899s][info][gc,cpu         ] GC(174) User=0.00s Sys=0.00s Real=0.00s
[46.140s][info][gc,start       ] GC(175) Pause Young (Allocation Failure)
[46.140s][info][gc,task        ] GC(175) Using 6 workers of 6 for evacuation
[46.142s][info][gc,heap        ] GC(175) ParNew: 279928K->356K(314560K)
[46.142s][info][gc,heap        ] GC(175) CMS: 5551K->5551K(699072K)
[46.142s][info][gc,metaspace   ] GC(175) Metaspace: 22968K(23936K)->22968K(23936K) NonClass: 20191K(20736K)->20191K(20736K) Class: 2776K(3200K)->2776K(3200K)
[46.142s][info][gc             ] GC(175) Pause Young (Allocation Failure) 278M->5M(989M) 1.582ms
[46.142s][info][gc,cpu         ] GC(175) User=0.00s Sys=0.00s Real=0.00s
[46.398s][info][gc,start       ] GC(176) Pause Young (Allocation Failure)
[46.398s][info][gc,task        ] GC(176) Using 6 workers of 6 for evacuation
[46.399s][info][gc,heap        ] GC(176) ParNew: 279972K->318K(314560K)
[46.399s][info][gc,heap        ] GC(176) CMS: 5551K->5551K(699072K)
[46.399s][info][gc,metaspace   ] GC(176) Metaspace: 22968K(23936K)->22968K(23936K) NonClass: 20191K(20736K)->20191K(20736K) Class: 2776K(3200K)->2776K(3200K)
[46.399s][info][gc             ] GC(176) Pause Young (Allocation Failure) 278M->5M(989M) 1.569ms
[46.399s][info][gc,cpu         ] GC(176) User=0.00s Sys=0.00s Real=0.00s
[46.658s][info][gc,start       ] GC(177) Pause Young (Allocation Failure)
[46.658s][info][gc,task        ] GC(177) Using 6 workers of 6 for evacuation
[46.660s][info][gc,heap        ] GC(177) ParNew: 279934K->143K(314560K)
[46.660s][info][gc,heap        ] GC(177) CMS: 5551K->5778K(699072K)
[46.660s][info][gc,metaspace   ] GC(177) Metaspace: 22968K(23936K)->22968K(23936K) NonClass: 20191K(20736K)->20191K(20736K) Class: 2776K(3200K)->2776K(3200K)
[46.660s][info][gc             ] GC(177) Pause Young (Allocation Failure) 278M->5M(989M) 1.475ms
[46.660s][info][gc,cpu         ] GC(177) User=0.00s Sys=0.00s Real=0.00s
[46.972s][info][gc,start       ] GC(178) Pause Young (Allocation Failure)
[46.972s][info][gc,task        ] GC(178) Using 6 workers of 6 for evacuation
[46.974s][info][gc,heap        ] GC(178) ParNew: 279759K->75K(314560K)
[46.974s][info][gc,heap        ] GC(178) CMS: 5778K->5784K(699072K)
[46.974s][info][gc,metaspace   ] GC(178) Metaspace: 22968K(23936K)->22968K(23936K) NonClass: 20191K(20736K)->20191K(20736K) Class: 2776K(3200K)->2776K(3200K)
[46.974s][info][gc             ] GC(178) Pause Young (Allocation Failure) 278M->5M(989M) 1.472ms
[46.974s][info][gc,cpu         ] GC(178) User=0.00s Sys=0.00s Real=0.00s
[47.076s][info][gc,start       ] GC(179) Pause Full (System.gc())
[47.076s][info][gc,phases,start] GC(179) Phase 1: Mark live objects
[47.083s][info][gc,phases      ] GC(179) Phase 1: Mark live objects 6.405ms
[47.083s][info][gc,phases,start] GC(179) Phase 2: Compute new object addresses
[47.093s][info][gc,phases      ] GC(179) Phase 2: Compute new object addresses 10.117ms
[47.093s][info][gc,phases,start] GC(179) Phase 3: Adjust pointers
[47.097s][info][gc,phases      ] GC(179) Phase 3: Adjust pointers 4.031ms
[47.097s][info][gc,phases,start] GC(179) Phase 4: Move objects
[47.097s][info][gc,phases      ] GC(179) Phase 4: Move objects 0.132ms
[47.098s][info][gc,heap        ] GC(179) ParNew: 61550K->0K(314560K)
[47.098s][info][gc,heap        ] GC(179) CMS: 5784K->5550K(699072K)
[47.098s][info][gc,metaspace   ] GC(179) Metaspace: 22968K(23936K)->22968K(23936K) NonClass: 20191K(20736K)->20191K(20736K) Class: 2776K(3200K)->2776K(3200K)
[47.098s][info][gc             ] GC(179) Pause Full (System.gc()) 65M->5M(989M) 21.966ms
[47.098s][info][gc,cpu         ] GC(179) User=0.00s Sys=0.00s Real=0.02s
[47.357s][info][gc,start       ] GC(180) Pause Young (Allocation Failure)
[47.357s][info][gc,task        ] GC(180) Using 6 workers of 6 for evacuation
[47.359s][info][gc,heap        ] GC(180) ParNew: 279616K->231K(314560K)
[47.359s][info][gc,heap        ] GC(180) CMS: 5550K->5550K(699072K)
[47.359s][info][gc,metaspace   ] GC(180) Metaspace: 22969K(23936K)->22969K(23936K) NonClass: 20192K(20736K)->20192K(20736K) Class: 2776K(3200K)->2776K(3200K)
[47.359s][info][gc             ] GC(180) Pause Young (Allocation Failure) 278M->5M(989M) 1.361ms
[47.359s][info][gc,cpu         ] GC(180) User=0.00s Sys=0.00s Real=0.00s
[47.606s][info][gc,start       ] GC(181) Pause Young (Allocation Failure)
[47.606s][info][gc,task        ] GC(181) Using 6 workers of 6 for evacuation
[47.607s][info][gc,heap        ] GC(181) ParNew: 279847K->247K(314560K)
[47.607s][info][gc,heap        ] GC(181) CMS: 5550K->5550K(699072K)
[47.607s][info][gc,metaspace   ] GC(181) Metaspace: 22969K(23936K)->22969K(23936K) NonClass: 20192K(20736K)->20192K(20736K) Class: 2776K(3200K)->2776K(3200K)
[47.607s][info][gc             ] GC(181) Pause Young (Allocation Failure) 278M->5M(989M) 1.392ms
[47.607s][info][gc,cpu         ] GC(181) User=0.00s Sys=0.00s Real=0.00s
[47.862s][info][gc,start       ] GC(182) Pause Young (Allocation Failure)
[47.862s][info][gc,task        ] GC(182) Using 6 workers of 6 for evacuation
[47.863s][info][gc,heap        ] GC(182) ParNew: 279863K->273K(314560K)
[47.863s][info][gc,heap        ] GC(182) CMS: 5550K->5550K(699072K)
[47.863s][info][gc,metaspace   ] GC(182) Metaspace: 22969K(23936K)->22969K(23936K) NonClass: 20192K(20736K)->20192K(20736K) Class: 2776K(3200K)->2776K(3200K)
[47.863s][info][gc             ] GC(182) Pause Young (Allocation Failure) 278M->5M(989M) 1.534ms
[47.863s][info][gc,cpu         ] GC(182) User=0.00s Sys=0.00s Real=0.00s
[48.102s][info][gc,start       ] GC(183) Pause Young (Allocation Failure)
[48.102s][info][gc,task        ] GC(183) Using 6 workers of 6 for evacuation
[48.104s][info][gc,heap        ] GC(183) ParNew: 279889K->301K(314560K)
[48.104s][info][gc,heap        ] GC(183) CMS: 5550K->5550K(699072K)
[48.104s][info][gc,metaspace   ] GC(183) Metaspace: 22969K(23936K)->22969K(23936K) NonClass: 20192K(20736K)->20192K(20736K) Class: 2776K(3200K)->2776K(3200K)
[48.104s][info][gc             ] GC(183) Pause Young (Allocation Failure) 278M->5M(989M) 1.382ms
[48.104s][info][gc,cpu         ] GC(183) User=0.00s Sys=0.00s Real=0.00s
[48.345s][info][gc,start       ] GC(184) Pause Young (Allocation Failure)
[48.345s][info][gc,task        ] GC(184) Using 6 workers of 6 for evacuation
[48.346s][info][gc,heap        ] GC(184) ParNew: 279917K->340K(314560K)
[48.346s][info][gc,heap        ] GC(184) CMS: 5550K->5550K(699072K)
[48.346s][info][gc,metaspace   ] GC(184) Metaspace: 22969K(23936K)->22969K(23936K) NonClass: 20192K(20736K)->20192K(20736K) Class: 2776K(3200K)->2776K(3200K)
[48.346s][info][gc             ] GC(184) Pause Young (Allocation Failure) 278M->5M(989M) 1.419ms
[48.346s][info][gc,cpu         ] GC(184) User=0.00s Sys=0.00s Real=0.00s
[48.597s][info][gc,start       ] GC(185) Pause Young (Allocation Failure)
[48.597s][info][gc,task        ] GC(185) Using 6 workers of 6 for evacuation
[48.597s][info][gc,heap        ] GC(185) ParNew: 279956K->363K(314560K)
[48.598s][info][gc,heap        ] GC(185) CMS: 5550K->5550K(699072K)
[48.598s][info][gc,metaspace   ] GC(185) Metaspace: 22969K(23936K)->22969K(23936K) NonClass: 20192K(20736K)->20192K(20736K) Class: 2776K(3200K)->2776K(3200K)
[48.598s][info][gc             ] GC(185) Pause Young (Allocation Failure) 278M->5M(989M) 1.050ms
[48.598s][info][gc,cpu         ] GC(185) User=0.00s Sys=0.00s Real=0.00s
[48.886s][info][gc,start       ] GC(186) Pause Young (Allocation Failure)
[48.886s][info][gc,task        ] GC(186) Using 6 workers of 6 for evacuation
[48.887s][info][gc,heap        ] GC(186) ParNew: 279979K->232K(314560K)
[48.887s][info][gc,heap        ] GC(186) CMS: 5550K->5778K(699072K)
[48.887s][info][gc,metaspace   ] GC(186) Metaspace: 22969K(23936K)->22969K(23936K) NonClass: 20192K(20736K)->20192K(20736K) Class: 2776K(3200K)->2776K(3200K)
[48.887s][info][gc             ] GC(186) Pause Young (Allocation Failure) 278M->5M(989M) 1.551ms
[48.887s][info][gc,cpu         ] GC(186) User=0.02s Sys=0.00s Real=0.00s
[49.179s][info][gc,start       ] GC(187) Pause Full (System.gc())
[49.179s][info][gc,phases,start] GC(187) Phase 1: Mark live objects
[49.185s][info][gc,phases      ] GC(187) Phase 1: Mark live objects 5.699ms
[49.185s][info][gc,phases,start] GC(187) Phase 2: Compute new object addresses
[49.215s][info][gc,phases      ] GC(187) Phase 2: Compute new object addresses 30.647ms
[49.215s][info][gc,phases,start] GC(187) Phase 3: Adjust pointers
[49.219s][info][gc,phases      ] GC(187) Phase 3: Adjust pointers 3.959ms
[49.219s][info][gc,phases,start] GC(187) Phase 4: Move objects
[49.219s][info][gc,phases      ] GC(187) Phase 4: Move objects 0.097ms
[49.220s][info][gc,heap        ] GC(187) ParNew: 242440K->0K(314560K)
[49.220s][info][gc,heap        ] GC(187) CMS: 5778K->5551K(699072K)
[49.220s][info][gc,metaspace   ] GC(187) Metaspace: 22969K(23936K)->22969K(23936K) NonClass: 20192K(20736K)->20192K(20736K) Class: 2776K(3200K)->2776K(3200K)
[49.220s][info][gc             ] GC(187) Pause Full (System.gc()) 242M->5M(989M) 41.469ms
[49.220s][info][gc,cpu         ] GC(187) User=0.00s Sys=0.00s Real=0.05s
[49.485s][info][gc,start       ] GC(188) Pause Young (Allocation Failure)
[49.485s][info][gc,task        ] GC(188) Using 6 workers of 6 for evacuation
[49.486s][info][gc,heap        ] GC(188) ParNew: 279616K->264K(314560K)
[49.486s][info][gc,heap        ] GC(188) CMS: 5551K->5551K(699072K)
[49.486s][info][gc,metaspace   ] GC(188) Metaspace: 22969K(23936K)->22969K(23936K) NonClass: 20192K(20736K)->20192K(20736K) Class: 2776K(3200K)->2776K(3200K)
[49.486s][info][gc             ] GC(188) Pause Young (Allocation Failure) 278M->5M(989M) 1.183ms
[49.486s][info][gc,cpu         ] GC(188) User=0.00s Sys=0.00s Real=0.00s
[49.787s][info][gc,start       ] GC(189) Pause Young (Allocation Failure)
[49.787s][info][gc,task        ] GC(189) Using 6 workers of 6 for evacuation
[49.788s][info][gc,heap        ] GC(189) ParNew: 279880K->284K(314560K)
[49.788s][info][gc,heap        ] GC(189) CMS: 5551K->5551K(699072K)
[49.788s][info][gc,metaspace   ] GC(189) Metaspace: 22969K(23936K)->22969K(23936K) NonClass: 20192K(20736K)->20192K(20736K) Class: 2776K(3200K)->2776K(3200K)
[49.788s][info][gc             ] GC(189) Pause Young (Allocation Failure) 278M->5M(989M) 1.408ms
[49.788s][info][gc,cpu         ] GC(189) User=0.00s Sys=0.00s Real=0.00s
[50.048s][info][gc,start       ] GC(190) Pause Young (Allocation Failure)
[50.048s][info][gc,task        ] GC(190) Using 6 workers of 6 for evacuation
[50.049s][info][gc,heap        ] GC(190) ParNew: 279900K->319K(314560K)
[50.049s][info][gc,heap        ] GC(190) CMS: 5551K->5551K(699072K)
[50.049s][info][gc,metaspace   ] GC(190) Metaspace: 22969K(23936K)->22969K(23936K) NonClass: 20192K(20736K)->20192K(20736K) Class: 2776K(3200K)->2776K(3200K)
[50.050s][info][gc             ] GC(190) Pause Young (Allocation Failure) 278M->5M(989M) 1.232ms
[50.050s][info][gc,cpu         ] GC(190) User=0.00s Sys=0.00s Real=0.00s
[50.322s][info][gc,start       ] GC(191) Pause Young (Allocation Failure)
[50.322s][info][gc,task        ] GC(191) Using 6 workers of 6 for evacuation
[50.323s][info][gc,heap        ] GC(191) ParNew: 279935K->352K(314560K)
[50.323s][info][gc,heap        ] GC(191) CMS: 5551K->5551K(699072K)
[50.323s][info][gc,metaspace   ] GC(191) Metaspace: 22969K(23936K)->22969K(23936K) NonClass: 20192K(20736K)->20192K(20736K) Class: 2776K(3200K)->2776K(3200K)
[50.324s][info][gc             ] GC(191) Pause Young (Allocation Failure) 278M->5M(989M) 1.446ms
[50.324s][info][gc,cpu         ] GC(191) User=0.02s Sys=0.00s Real=0.00s
[50.579s][info][gc,start       ] GC(192) Pause Young (Allocation Failure)
[50.579s][info][gc,task        ] GC(192) Using 6 workers of 6 for evacuation
[50.580s][info][gc,heap        ] GC(192) ParNew: 279968K->393K(314560K)
[50.580s][info][gc,heap        ] GC(192) CMS: 5551K->5551K(699072K)
[50.580s][info][gc,metaspace   ] GC(192) Metaspace: 22969K(23936K)->22969K(23936K) NonClass: 20192K(20736K)->20192K(20736K) Class: 2776K(3200K)->2776K(3200K)
[50.580s][info][gc             ] GC(192) Pause Young (Allocation Failure) 278M->5M(989M) 1.536ms
[50.580s][info][gc,cpu         ] GC(192) User=0.00s Sys=0.00s Real=0.00s
[50.895s][info][gc,start       ] GC(193) Pause Young (Allocation Failure)
[50.895s][info][gc,task        ] GC(193) Using 6 workers of 6 for evacuation
[50.896s][info][gc,heap        ] GC(193) ParNew: 280009K->431K(314560K)
[50.896s][info][gc,heap        ] GC(193) CMS: 5551K->5551K(699072K)
[50.896s][info][gc,metaspace   ] GC(193) Metaspace: 22969K(23936K)->22969K(23936K) NonClass: 20192K(20736K)->20192K(20736K) Class: 2776K(3200K)->2776K(3200K)
[50.896s][info][gc             ] GC(193) Pause Young (Allocation Failure) 278M->5M(989M) 1.127ms
[50.896s][info][gc,cpu         ] GC(193) User=0.00s Sys=0.00s Real=0.00s
[51.157s][info][gc,start       ] GC(194) Pause Young (Allocation Failure)
[51.157s][info][gc,task        ] GC(194) Using 6 workers of 6 for evacuation
[51.159s][info][gc,heap        ] GC(194) ParNew: 280047K->155K(314560K)
[51.159s][info][gc,heap        ] GC(194) CMS: 5551K->5778K(699072K)
[51.159s][info][gc,metaspace   ] GC(194) Metaspace: 22969K(23936K)->22969K(23936K) NonClass: 20192K(20736K)->20192K(20736K) Class: 2776K(3200K)->2776K(3200K)
[51.159s][info][gc             ] GC(194) Pause Young (Allocation Failure) 278M->5M(989M) 1.492ms
[51.159s][info][gc,cpu         ] GC(194) User=0.00s Sys=0.00s Real=0.00s
[51.328s][info][gc,start       ] GC(195) Pause Full (System.gc())
[51.328s][info][gc,phases,start] GC(195) Phase 1: Mark live objects
[51.334s][info][gc,phases      ] GC(195) Phase 1: Mark live objects 5.508ms
[51.334s][info][gc,phases,start] GC(195) Phase 2: Compute new object addresses
[51.350s][info][gc,phases      ] GC(195) Phase 2: Compute new object addresses 16.140ms
[51.350s][info][gc,phases,start] GC(195) Phase 3: Adjust pointers
[51.354s][info][gc,phases      ] GC(195) Phase 3: Adjust pointers 3.950ms
[51.354s][info][gc,phases,start] GC(195) Phase 4: Move objects
[51.354s][info][gc,phases      ] GC(195) Phase 4: Move objects 0.093ms
[51.354s][info][gc,heap        ] GC(195) ParNew: 118050K->0K(314560K)
[51.354s][info][gc,heap        ] GC(195) CMS: 5778K->5550K(699072K)
[51.354s][info][gc,metaspace   ] GC(195) Metaspace: 22969K(23936K)->22969K(23936K) NonClass: 20192K(20736K)->20192K(20736K) Class: 2776K(3200K)->2776K(3200K)
[51.355s][info][gc             ] GC(195) Pause Full (System.gc()) 120M->5M(989M) 26.612ms
[51.355s][info][gc,cpu         ] GC(195) User=0.00s Sys=0.00s Real=0.01s
[51.615s][info][gc,start       ] GC(196) Pause Young (Allocation Failure)
[51.615s][info][gc,task        ] GC(196) Using 6 workers of 6 for evacuation
[51.616s][info][gc,heap        ] GC(196) ParNew: 279616K->251K(314560K)
[51.616s][info][gc,heap        ] GC(196) CMS: 5550K->5550K(699072K)
[51.616s][info][gc,metaspace   ] GC(196) Metaspace: 22969K(23936K)->22969K(23936K) NonClass: 20192K(20736K)->20192K(20736K) Class: 2776K(3200K)->2776K(3200K)
[51.617s][info][gc             ] GC(196) Pause Young (Allocation Failure) 278M->5M(989M) 1.683ms
[51.617s][info][gc,cpu         ] GC(196) User=0.00s Sys=0.00s Real=0.00s
[51.878s][info][gc,start       ] GC(197) Pause Young (Allocation Failure)
[51.878s][info][gc,task        ] GC(197) Using 6 workers of 6 for evacuation
[51.879s][info][gc,heap        ] GC(197) ParNew: 279867K->271K(314560K)
[51.879s][info][gc,heap        ] GC(197) CMS: 5550K->5550K(699072K)
[51.879s][info][gc,metaspace   ] GC(197) Metaspace: 22969K(23936K)->22969K(23936K) NonClass: 20192K(20736K)->20192K(20736K) Class: 2776K(3200K)->2776K(3200K)
[51.879s][info][gc             ] GC(197) Pause Young (Allocation Failure) 278M->5M(989M) 1.289ms
[51.879s][info][gc,cpu         ] GC(197) User=0.00s Sys=0.00s Real=0.00s
[52.144s][info][gc,start       ] GC(198) Pause Young (Allocation Failure)
[52.144s][info][gc,task        ] GC(198) Using 6 workers of 6 for evacuation
[52.145s][info][gc,heap        ] GC(198) ParNew: 279887K->305K(314560K)
[52.145s][info][gc,heap        ] GC(198) CMS: 5550K->5550K(699072K)
[52.145s][info][gc,metaspace   ] GC(198) Metaspace: 22969K(23936K)->22969K(23936K) NonClass: 20192K(20736K)->20192K(20736K) Class: 2776K(3200K)->2776K(3200K)
[52.145s][info][gc             ] GC(198) Pause Young (Allocation Failure) 278M->5M(989M) 1.185ms
[52.145s][info][gc,cpu         ] GC(198) User=0.00s Sys=0.00s Real=0.00s
[52.438s][info][gc,start       ] GC(199) Pause Young (Allocation Failure)
[52.438s][info][gc,task        ] GC(199) Using 6 workers of 6 for evacuation
[52.439s][info][gc,heap        ] GC(199) ParNew: 279921K->333K(314560K)
[52.439s][info][gc,heap        ] GC(199) CMS: 5550K->5550K(699072K)
[52.439s][info][gc,metaspace   ] GC(199) Metaspace: 22969K(23936K)->22969K(23936K) NonClass: 20192K(20736K)->20192K(20736K) Class: 2776K(3200K)->2776K(3200K)
[52.439s][info][gc             ] GC(199) Pause Young (Allocation Failure) 278M->5M(989M) 1.590ms
[52.439s][info][gc,cpu         ] GC(199) User=0.00s Sys=0.00s Real=0.00s
[52.694s][info][gc,start       ] GC(200) Pause Young (Allocation Failure)
[52.694s][info][gc,task        ] GC(200) Using 6 workers of 6 for evacuation
[52.695s][info][gc,heap        ] GC(200) ParNew: 279949K->378K(314560K)
[52.695s][info][gc,heap        ] GC(200) CMS: 5550K->5550K(699072K)
[52.695s][info][gc,metaspace   ] GC(200) Metaspace: 22969K(23936K)->22969K(23936K) NonClass: 20192K(20736K)->20192K(20736K) Class: 2776K(3200K)->2776K(3200K)
[52.695s][info][gc             ] GC(200) Pause Young (Allocation Failure) 278M->5M(989M) 0.964ms
[52.695s][info][gc,cpu         ] GC(200) User=0.00s Sys=0.00s Real=0.00s
[52.953s][info][gc,start       ] GC(201) Pause Young (Allocation Failure)
[52.953s][info][gc,task        ] GC(201) Using 6 workers of 6 for evacuation
[52.954s][info][gc,heap        ] GC(201) ParNew: 279994K->384K(314560K)
[52.954s][info][gc,heap        ] GC(201) CMS: 5550K->5550K(699072K)
[52.954s][info][gc,metaspace   ] GC(201) Metaspace: 22969K(23936K)->22969K(23936K) NonClass: 20192K(20736K)->20192K(20736K) Class: 2776K(3200K)->2776K(3200K)
[52.954s][info][gc             ] GC(201) Pause Young (Allocation Failure) 278M->5M(989M) 1.270ms
[52.954s][info][gc,cpu         ] GC(201) User=0.00s Sys=0.00s Real=0.00s
[53.201s][info][gc,start       ] GC(202) Pause Young (Allocation Failure)
[53.201s][info][gc,task        ] GC(202) Using 6 workers of 6 for evacuation
[53.202s][info][gc,heap        ] GC(202) ParNew: 280000K->250K(314560K)
[53.202s][info][gc,heap        ] GC(202) CMS: 5550K->5749K(699072K)
[53.202s][info][gc,metaspace   ] GC(202) Metaspace: 22969K(23936K)->22969K(23936K) NonClass: 20192K(20736K)->20192K(20736K) Class: 2776K(3200K)->2776K(3200K)
[53.202s][info][gc             ] GC(202) Pause Young (Allocation Failure) 278M->5M(989M) 1.442ms
[53.202s][info][gc,cpu         ] GC(202) User=0.00s Sys=0.00s Real=0.00s
[53.456s][info][gc,start       ] GC(203) Pause Full (System.gc())
[53.457s][info][gc,phases,start] GC(203) Phase 1: Mark live objects
[53.463s][info][gc,phases      ] GC(203) Phase 1: Mark live objects 6.085ms
[53.463s][info][gc,phases,start] GC(203) Phase 2: Compute new object addresses
[53.487s][info][gc,phases      ] GC(203) Phase 2: Compute new object addresses 24.613ms
[53.487s][info][gc,phases,start] GC(203) Phase 3: Adjust pointers
[53.491s][info][gc,phases      ] GC(203) Phase 3: Adjust pointers 3.986ms
[53.491s][info][gc,phases,start] GC(203) Phase 4: Move objects
[53.492s][info][gc,phases      ] GC(203) Phase 4: Move objects 0.104ms
[53.492s][info][gc,heap        ] GC(203) ParNew: 184328K->0K(314560K)
[53.492s][info][gc,heap        ] GC(203) CMS: 5749K->5551K(699072K)
[53.492s][info][gc,metaspace   ] GC(203) Metaspace: 22969K(23936K)->22969K(23936K) NonClass: 20192K(20736K)->20192K(20736K) Class: 2776K(3200K)->2776K(3200K)
[53.492s][info][gc             ] GC(203) Pause Full (System.gc()) 185M->5M(989M) 35.907ms
[53.492s][info][gc,cpu         ] GC(203) User=0.03s Sys=0.00s Real=0.03s
[53.757s][info][gc,start       ] GC(204) Pause Young (Allocation Failure)
[53.757s][info][gc,task        ] GC(204) Using 6 workers of 6 for evacuation
[53.759s][info][gc,heap        ] GC(204) ParNew: 279616K->271K(314560K)
[53.759s][info][gc,heap        ] GC(204) CMS: 5551K->5551K(699072K)
[53.759s][info][gc,metaspace   ] GC(204) Metaspace: 22969K(23936K)->22969K(23936K) NonClass: 20192K(20736K)->20192K(20736K) Class: 2776K(3200K)->2776K(3200K)
[53.759s][info][gc             ] GC(204) Pause Young (Allocation Failure) 278M->5M(989M) 1.583ms
[53.759s][info][gc,cpu         ] GC(204) User=0.00s Sys=0.00s Real=0.00s
[54.010s][info][gc,start       ] GC(205) Pause Young (Allocation Failure)
[54.011s][info][gc,task        ] GC(205) Using 6 workers of 6 for evacuation
[54.012s][info][gc,heap        ] GC(205) ParNew: 279887K->291K(314560K)
[54.012s][info][gc,heap        ] GC(205) CMS: 5551K->5551K(699072K)
[54.012s][info][gc,metaspace   ] GC(205) Metaspace: 22969K(23936K)->22969K(23936K) NonClass: 20192K(20736K)->20192K(20736K) Class: 2776K(3200K)->2776K(3200K)
[54.012s][info][gc             ] GC(205) Pause Young (Allocation Failure) 278M->5M(989M) 1.446ms
[54.012s][info][gc,cpu         ] GC(205) User=0.00s Sys=0.00s Real=0.00s
[54.269s][info][gc,start       ] GC(206) Pause Young (Allocation Failure)
[54.269s][info][gc,task        ] GC(206) Using 6 workers of 6 for evacuation
[54.271s][info][gc,heap        ] GC(206) ParNew: 279907K->314K(314560K)
[54.271s][info][gc,heap        ] GC(206) CMS: 5551K->5551K(699072K)
[54.271s][info][gc,metaspace   ] GC(206) Metaspace: 22969K(23936K)->22969K(23936K) NonClass: 20192K(20736K)->20192K(20736K) Class: 2776K(3200K)->2776K(3200K)
[54.271s][info][gc             ] GC(206) Pause Young (Allocation Failure) 278M->5M(989M) 1.555ms
[54.271s][info][gc,cpu         ] GC(206) User=0.00s Sys=0.00s Real=0.00s
[54.513s][info][gc,start       ] GC(207) Pause Young (Allocation Failure)
[54.513s][info][gc,task        ] GC(207) Using 6 workers of 6 for evacuation
[54.514s][info][gc,heap        ] GC(207) ParNew: 279930K->346K(314560K)
[54.514s][info][gc,heap        ] GC(207) CMS: 5551K->5551K(699072K)
[54.514s][info][gc,metaspace   ] GC(207) Metaspace: 22969K(23936K)->22969K(23936K) NonClass: 20192K(20736K)->20192K(20736K) Class: 2776K(3200K)->2776K(3200K)
[54.514s][info][gc             ] GC(207) Pause Young (Allocation Failure) 278M->5M(989M) 1.554ms
[54.514s][info][gc,cpu         ] GC(207) User=0.00s Sys=0.00s Real=0.00s
[54.774s][info][gc,start       ] GC(208) Pause Young (Allocation Failure)
[54.774s][info][gc,task        ] GC(208) Using 6 workers of 6 for evacuation
[54.776s][info][gc,heap        ] GC(208) ParNew: 279962K->400K(314560K)
[54.776s][info][gc,heap        ] GC(208) CMS: 5551K->5551K(699072K)
[54.776s][info][gc,metaspace   ] GC(208) Metaspace: 22969K(23936K)->22969K(23936K) NonClass: 20192K(20736K)->20192K(20736K) Class: 2776K(3200K)->2776K(3200K)
[54.776s][info][gc             ] GC(208) Pause Young (Allocation Failure) 278M->5M(989M) 1.505ms
[54.776s][info][gc,cpu         ] GC(208) User=0.00s Sys=0.00s Real=0.00s
[55.016s][info][gc,start       ] GC(209) Pause Young (Allocation Failure)
[55.017s][info][gc,task        ] GC(209) Using 6 workers of 6 for evacuation
[55.018s][info][gc,heap        ] GC(209) ParNew: 280016K->455K(314560K)
[55.018s][info][gc,heap        ] GC(209) CMS: 5551K->5551K(699072K)
[55.018s][info][gc,metaspace   ] GC(209) Metaspace: 22969K(23936K)->22969K(23936K) NonClass: 20192K(20736K)->20192K(20736K) Class: 2776K(3200K)->2776K(3200K)
[55.018s][info][gc             ] GC(209) Pause Young (Allocation Failure) 278M->5M(989M) 1.347ms
[55.018s][info][gc,cpu         ] GC(209) User=0.00s Sys=0.00s Real=0.00s
[55.269s][info][gc,start       ] GC(210) Pause Young (Allocation Failure)
[55.269s][info][gc,task        ] GC(210) Using 6 workers of 6 for evacuation
[55.270s][info][gc,heap        ] GC(210) ParNew: 280071K->129K(314560K)
[55.270s][info][gc,heap        ] GC(210) CMS: 5551K->5779K(699072K)
[55.270s][info][gc,metaspace   ] GC(210) Metaspace: 22969K(23936K)->22969K(23936K) NonClass: 20192K(20736K)->20192K(20736K) Class: 2776K(3200K)->2776K(3200K)
[55.270s][info][gc             ] GC(210) Pause Young (Allocation Failure) 278M->5M(989M) 1.348ms
[55.270s][info][gc,cpu         ] GC(210) User=0.00s Sys=0.00s Real=0.00s
[55.556s][info][gc,start       ] GC(211) Pause Young (Allocation Failure)
[55.556s][info][gc,task        ] GC(211) Using 6 workers of 6 for evacuation
[55.557s][info][gc,heap        ] GC(211) ParNew: 279745K->62K(314560K)
[55.557s][info][gc,heap        ] GC(211) CMS: 5779K->5785K(699072K)
[55.557s][info][gc,metaspace   ] GC(211) Metaspace: 22969K(23936K)->22969K(23936K) NonClass: 20192K(20736K)->20192K(20736K) Class: 2776K(3200K)->2776K(3200K)
[55.557s][info][gc             ] GC(211) Pause Young (Allocation Failure) 278M->5M(989M) 1.277ms
[55.557s][info][gc,cpu         ] GC(211) User=0.00s Sys=0.00s Real=0.00s
[55.642s][info][gc,start       ] GC(212) Pause Full (System.gc())
[55.643s][info][gc,phases,start] GC(212) Phase 1: Mark live objects
[55.648s][info][gc,phases      ] GC(212) Phase 1: Mark live objects 5.512ms
[55.648s][info][gc,phases,start] GC(212) Phase 2: Compute new object addresses
[55.656s][info][gc,phases      ] GC(212) Phase 2: Compute new object addresses 7.430ms
[55.656s][info][gc,phases,start] GC(212) Phase 3: Adjust pointers
[55.660s][info][gc,phases      ] GC(212) Phase 3: Adjust pointers 4.399ms
[55.660s][info][gc,phases,start] GC(212) Phase 4: Move objects
[55.660s][info][gc,phases      ] GC(212) Phase 4: Move objects 0.148ms
[55.661s][info][gc,heap        ] GC(212) ParNew: 47889K->0K(314560K)
[55.661s][info][gc,heap        ] GC(212) CMS: 5785K->5551K(699072K)
[55.661s][info][gc,metaspace   ] GC(212) Metaspace: 22969K(23936K)->22969K(23936K) NonClass: 20192K(20736K)->20192K(20736K) Class: 2776K(3200K)->2776K(3200K)
[55.661s][info][gc             ] GC(212) Pause Full (System.gc()) 52M->5M(989M) 18.515ms
[55.661s][info][gc,cpu         ] GC(212) User=0.00s Sys=0.00s Real=0.02s
[55.916s][info][gc,start       ] GC(213) Pause Young (Allocation Failure)
[55.916s][info][gc,task        ] GC(213) Using 6 workers of 6 for evacuation
[55.917s][info][gc,heap        ] GC(213) ParNew: 279616K->244K(314560K)
[55.917s][info][gc,heap        ] GC(213) CMS: 5551K->5551K(699072K)
[55.917s][info][gc,metaspace   ] GC(213) Metaspace: 22969K(23936K)->22969K(23936K) NonClass: 20192K(20736K)->20192K(20736K) Class: 2776K(3200K)->2776K(3200K)
[55.917s][info][gc             ] GC(213) Pause Young (Allocation Failure) 278M->5M(989M) 1.305ms
[55.917s][info][gc,cpu         ] GC(213) User=0.00s Sys=0.00s Real=0.00s
[56.207s][info][gc,start       ] GC(214) Pause Young (Allocation Failure)
[56.207s][info][gc,task        ] GC(214) Using 6 workers of 6 for evacuation
[56.208s][info][gc,heap        ] GC(214) ParNew: 279860K->262K(314560K)
[56.208s][info][gc,heap        ] GC(214) CMS: 5551K->5551K(699072K)
[56.208s][info][gc,metaspace   ] GC(214) Metaspace: 22969K(23936K)->22969K(23936K) NonClass: 20192K(20736K)->20192K(20736K) Class: 2776K(3200K)->2776K(3200K)
[56.208s][info][gc             ] GC(214) Pause Young (Allocation Failure) 278M->5M(989M) 1.579ms
[56.208s][info][gc,cpu         ] GC(214) User=0.00s Sys=0.00s Real=0.00s
[56.457s][info][gc,start       ] GC(215) Pause Young (Allocation Failure)
[56.458s][info][gc,task        ] GC(215) Using 6 workers of 6 for evacuation
[56.459s][info][gc,heap        ] GC(215) ParNew: 279878K->299K(314560K)
[56.459s][info][gc,heap        ] GC(215) CMS: 5551K->5551K(699072K)
[56.459s][info][gc,metaspace   ] GC(215) Metaspace: 22969K(23936K)->22969K(23936K) NonClass: 20192K(20736K)->20192K(20736K) Class: 2776K(3200K)->2776K(3200K)
[56.459s][info][gc             ] GC(215) Pause Young (Allocation Failure) 278M->5M(989M) 1.266ms
[56.459s][info][gc,cpu         ] GC(215) User=0.00s Sys=0.00s Real=0.00s
[56.738s][info][gc,start       ] GC(216) Pause Young (Allocation Failure)
[56.738s][info][gc,task        ] GC(216) Using 6 workers of 6 for evacuation
[56.739s][info][gc,heap        ] GC(216) ParNew: 279915K->327K(314560K)
[56.739s][info][gc,heap        ] GC(216) CMS: 5551K->5551K(699072K)
[56.739s][info][gc,metaspace   ] GC(216) Metaspace: 22969K(23936K)->22969K(23936K) NonClass: 20192K(20736K)->20192K(20736K) Class: 2776K(3200K)->2776K(3200K)
[56.739s][info][gc             ] GC(216) Pause Young (Allocation Failure) 278M->5M(989M) 1.254ms
[56.739s][info][gc,cpu         ] GC(216) User=0.00s Sys=0.00s Real=0.00s
[56.997s][info][gc,start       ] GC(217) Pause Young (Allocation Failure)
[56.997s][info][gc,task        ] GC(217) Using 6 workers of 6 for evacuation
[56.998s][info][gc,heap        ] GC(217) ParNew: 279943K->357K(314560K)
[56.998s][info][gc,heap        ] GC(217) CMS: 5551K->5551K(699072K)
[56.998s][info][gc,metaspace   ] GC(217) Metaspace: 22969K(23936K)->22969K(23936K) NonClass: 20192K(20736K)->20192K(20736K) Class: 2776K(3200K)->2776K(3200K)
[56.998s][info][gc             ] GC(217) Pause Young (Allocation Failure) 278M->5M(989M) 1.234ms
[56.998s][info][gc,cpu         ] GC(217) User=0.00s Sys=0.00s Real=0.00s
[57.254s][info][gc,start       ] GC(218) Pause Young (Allocation Failure)
[57.254s][info][gc,task        ] GC(218) Using 6 workers of 6 for evacuation
[57.256s][info][gc,heap        ] GC(218) ParNew: 279973K->418K(314560K)
[57.256s][info][gc,heap        ] GC(218) CMS: 5551K->5551K(699072K)
[57.256s][info][gc,metaspace   ] GC(218) Metaspace: 22969K(23936K)->22969K(23936K) NonClass: 20192K(20736K)->20192K(20736K) Class: 2776K(3200K)->2776K(3200K)
[57.256s][info][gc             ] GC(218) Pause Young (Allocation Failure) 278M->5M(989M) 1.356ms
[57.256s][info][gc,cpu         ] GC(218) User=0.00s Sys=0.00s Real=0.00s
[57.502s][info][gc,start       ] GC(219) Pause Young (Allocation Failure)
[57.502s][info][gc,task        ] GC(219) Using 6 workers of 6 for evacuation
[57.503s][info][gc,heap        ] GC(219) ParNew: 280034K->155K(314560K)
[57.503s][info][gc,heap        ] GC(219) CMS: 5551K->5778K(699072K)
[57.503s][info][gc,metaspace   ] GC(219) Metaspace: 22969K(23936K)->22969K(23936K) NonClass: 20192K(20736K)->20192K(20736K) Class: 2776K(3200K)->2776K(3200K)
[57.503s][info][gc             ] GC(219) Pause Young (Allocation Failure) 278M->5M(989M) 1.249ms
[57.503s][info][gc,cpu         ] GC(219) User=0.00s Sys=0.00s Real=0.00s
[57.809s][info][gc,start       ] GC(220) Pause Young (Allocation Failure)
[57.809s][info][gc,task        ] GC(220) Using 6 workers of 6 for evacuation
[57.810s][info][gc,heap        ] GC(220) ParNew: 279771K->72K(314560K)
[57.810s][info][gc,heap        ] GC(220) CMS: 5778K->5785K(699072K)
[57.810s][info][gc,metaspace   ] GC(220) Metaspace: 22969K(23936K)->22969K(23936K) NonClass: 20192K(20736K)->20192K(20736K) Class: 2776K(3200K)->2776K(3200K)
[57.810s][info][gc             ] GC(220) Pause Young (Allocation Failure) 278M->5M(989M) 1.357ms
[57.810s][info][gc,cpu         ] GC(220) User=0.00s Sys=0.00s Real=0.00s
[57.868s][info][gc,start       ] GC(221) Pause Full (System.gc())
[57.868s][info][gc,phases,start] GC(221) Phase 1: Mark live objects
[57.874s][info][gc,phases      ] GC(221) Phase 1: Mark live objects 6.361ms
[57.874s][info][gc,phases,start] GC(221) Phase 2: Compute new object addresses
[57.879s][info][gc,phases      ] GC(221) Phase 2: Compute new object addresses 4.931ms
[57.879s][info][gc,phases,start] GC(221) Phase 3: Adjust pointers
[57.883s][info][gc,phases      ] GC(221) Phase 3: Adjust pointers 4.100ms
[57.883s][info][gc,phases,start] GC(221) Phase 4: Move objects
[57.883s][info][gc,phases      ] GC(221) Phase 4: Move objects 0.092ms
[57.884s][info][gc,heap        ] GC(221) ParNew: 26834K->0K(314560K)
[57.884s][info][gc,heap        ] GC(221) CMS: 5785K->5551K(699072K)
[57.884s][info][gc,metaspace   ] GC(221) Metaspace: 22969K(23936K)->22969K(23936K) NonClass: 20192K(20736K)->20192K(20736K) Class: 2776K(3200K)->2776K(3200K)
[57.884s][info][gc             ] GC(221) Pause Full (System.gc()) 31M->5M(989M) 16.427ms
[57.884s][info][gc,cpu         ] GC(221) User=0.00s Sys=0.00s Real=0.02s
[58.145s][info][gc,start       ] GC(222) Pause Young (Allocation Failure)
[58.145s][info][gc,task        ] GC(222) Using 6 workers of 6 for evacuation
[58.146s][info][gc,heap        ] GC(222) ParNew: 279616K->225K(314560K)
[58.146s][info][gc,heap        ] GC(222) CMS: 5551K->5551K(699072K)
[58.146s][info][gc,metaspace   ] GC(222) Metaspace: 22979K(23936K)->22979K(23936K) NonClass: 20202K(20736K)->20202K(20736K) Class: 2776K(3200K)->2776K(3200K)
[58.146s][info][gc             ] GC(222) Pause Young (Allocation Failure) 278M->5M(989M) 1.440ms
[58.146s][info][gc,cpu         ] GC(222) User=0.00s Sys=0.00s Real=0.00s
[58.437s][info][gc,start       ] GC(223) Pause Young (Allocation Failure)
[58.437s][info][gc,task        ] GC(223) Using 6 workers of 6 for evacuation
[58.439s][info][gc,heap        ] GC(223) ParNew: 279841K->245K(314560K)
[58.439s][info][gc,heap        ] GC(223) CMS: 5551K->5551K(699072K)
[58.439s][info][gc,metaspace   ] GC(223) Metaspace: 22979K(23936K)->22979K(23936K) NonClass: 20202K(20736K)->20202K(20736K) Class: 2776K(3200K)->2776K(3200K)
[58.439s][info][gc             ] GC(223) Pause Young (Allocation Failure) 278M->5M(989M) 1.479ms
[58.439s][info][gc,cpu         ] GC(223) User=0.00s Sys=0.00s Real=0.00s
[58.697s][info][gc,start       ] GC(224) Pause Young (Allocation Failure)
[58.697s][info][gc,task        ] GC(224) Using 6 workers of 6 for evacuation
[58.698s][info][gc,heap        ] GC(224) ParNew: 279861K->280K(314560K)
[58.698s][info][gc,heap        ] GC(224) CMS: 5551K->5551K(699072K)
[58.698s][info][gc,metaspace   ] GC(224) Metaspace: 22979K(23936K)->22979K(23936K) NonClass: 20202K(20736K)->20202K(20736K) Class: 2776K(3200K)->2776K(3200K)
[58.698s][info][gc             ] GC(224) Pause Young (Allocation Failure) 278M->5M(989M) 1.392ms
[58.698s][info][gc,cpu         ] GC(224) User=0.00s Sys=0.00s Real=0.00s
[58.949s][info][gc,start       ] GC(225) Pause Young (Allocation Failure)
[58.949s][info][gc,task        ] GC(225) Using 6 workers of 6 for evacuation
[58.950s][info][gc,heap        ] GC(225) ParNew: 279896K->313K(314560K)
[58.950s][info][gc,heap        ] GC(225) CMS: 5551K->5551K(699072K)
[58.950s][info][gc,metaspace   ] GC(225) Metaspace: 22979K(23936K)->22979K(23936K) NonClass: 20202K(20736K)->20202K(20736K) Class: 2776K(3200K)->2776K(3200K)
[58.950s][info][gc             ] GC(225) Pause Young (Allocation Failure) 278M->5M(989M) 1.499ms
[58.950s][info][gc,cpu         ] GC(225) User=0.00s Sys=0.00s Real=0.00s
[59.207s][info][gc,start       ] GC(226) Pause Young (Allocation Failure)
[59.207s][info][gc,task        ] GC(226) Using 6 workers of 6 for evacuation
[59.209s][info][gc,heap        ] GC(226) ParNew: 279929K->352K(314560K)
[59.209s][info][gc,heap        ] GC(226) CMS: 5551K->5551K(699072K)
[59.209s][info][gc,metaspace   ] GC(226) Metaspace: 22979K(23936K)->22979K(23936K) NonClass: 20202K(20736K)->20202K(20736K) Class: 2776K(3200K)->2776K(3200K)
[59.209s][info][gc             ] GC(226) Pause Young (Allocation Failure) 278M->5M(989M) 1.522ms
[59.209s][info][gc,cpu         ] GC(226) User=0.00s Sys=0.00s Real=0.00s
[59.456s][info][gc,start       ] GC(227) Pause Young (Allocation Failure)
[59.456s][info][gc,task        ] GC(227) Using 6 workers of 6 for evacuation
[59.457s][info][gc,heap        ] GC(227) ParNew: 279968K->397K(314560K)
[59.458s][info][gc,heap        ] GC(227) CMS: 5551K->5551K(699072K)
[59.458s][info][gc,metaspace   ] GC(227) Metaspace: 22979K(23936K)->22979K(23936K) NonClass: 20202K(20736K)->20202K(20736K) Class: 2776K(3200K)->2776K(3200K)
[59.458s][info][gc             ] GC(227) Pause Young (Allocation Failure) 278M->5M(989M) 1.202ms
[59.458s][info][gc,cpu         ] GC(227) User=0.00s Sys=0.00s Real=0.00s
[59.716s][info][gc,start       ] GC(228) Pause Young (Allocation Failure)
[59.716s][info][gc,task        ] GC(228) Using 6 workers of 6 for evacuation
[59.717s][info][gc,heap        ] GC(228) ParNew: 280013K->234K(314560K)
[59.717s][info][gc,heap        ] GC(228) CMS: 5551K->5778K(699072K)
[59.717s][info][gc,metaspace   ] GC(228) Metaspace: 22979K(23936K)->22979K(23936K) NonClass: 20202K(20736K)->20202K(20736K) Class: 2776K(3200K)->2776K(3200K)
[59.717s][info][gc             ] GC(228) Pause Young (Allocation Failure) 278M->5M(989M) 1.612ms
[59.717s][info][gc,cpu         ] GC(228) User=0.00s Sys=0.00s Real=0.00s
[60.005s][info][gc,start       ] GC(229) Pause Full (System.gc())
[60.005s][info][gc,phases,start] GC(229) Phase 1: Mark live objects
[60.011s][info][gc,phases      ] GC(229) Phase 1: Mark live objects 5.493ms
[60.011s][info][gc,phases,start] GC(229) Phase 2: Compute new object addresses
[60.044s][info][gc,phases      ] GC(229) Phase 2: Compute new object addresses 33.035ms
[60.044s][info][gc,phases,start] GC(229) Phase 3: Adjust pointers
[60.048s][info][gc,phases      ] GC(229) Phase 3: Adjust pointers 4.070ms
[60.048s][info][gc,phases,start] GC(229) Phase 4: Move objects
[60.048s][info][gc,phases      ] GC(229) Phase 4: Move objects 0.092ms
[60.049s][info][gc,heap        ] GC(229) ParNew: 258738K->0K(314560K)
[60.049s][info][gc,heap        ] GC(229) CMS: 5778K->5550K(699072K)
[60.049s][info][gc,metaspace   ] GC(229) Metaspace: 22982K(23936K)->22982K(23936K) NonClass: 20205K(20736K)->20205K(20736K) Class: 2776K(3200K)->2776K(3200K)
[60.049s][info][gc             ] GC(229) Pause Full (System.gc()) 258M->5M(989M) 43.642ms
[60.049s][info][gc,cpu         ] GC(229) User=0.00s Sys=0.00s Real=0.05s
[60.309s][info][gc,start       ] GC(230) Pause Young (Allocation Failure)
[60.309s][info][gc,task        ] GC(230) Using 6 workers of 6 for evacuation
[60.310s][info][gc,heap        ] GC(230) ParNew: 279616K->261K(314560K)
[60.310s][info][gc,heap        ] GC(230) CMS: 5550K->5550K(699072K)
[60.310s][info][gc,metaspace   ] GC(230) Metaspace: 22983K(23936K)->22983K(23936K) NonClass: 20206K(20736K)->20206K(20736K) Class: 2776K(3200K)->2776K(3200K)
[60.310s][info][gc             ] GC(230) Pause Young (Allocation Failure) 278M->5M(989M) 1.444ms
[60.310s][info][gc,cpu         ] GC(230) User=0.00s Sys=0.00s Real=0.00s
[60.604s][info][gc,start       ] GC(231) Pause Young (Allocation Failure)
[60.604s][info][gc,task        ] GC(231) Using 6 workers of 6 for evacuation
[60.605s][info][gc,heap        ] GC(231) ParNew: 279877K->290K(314560K)
[60.605s][info][gc,heap        ] GC(231) CMS: 5550K->5550K(699072K)
[60.605s][info][gc,metaspace   ] GC(231) Metaspace: 22983K(23936K)->22983K(23936K) NonClass: 20206K(20736K)->20206K(20736K) Class: 2776K(3200K)->2776K(3200K)
[60.605s][info][gc             ] GC(231) Pause Young (Allocation Failure) 278M->5M(989M) 1.464ms
[60.605s][info][gc,cpu         ] GC(231) User=0.02s Sys=0.00s Real=0.00s
[60.866s][info][gc,start       ] GC(232) Pause Young (Allocation Failure)
[60.866s][info][gc,task        ] GC(232) Using 6 workers of 6 for evacuation
[60.867s][info][gc,heap        ] GC(232) ParNew: 279906K->315K(314560K)
[60.867s][info][gc,heap        ] GC(232) CMS: 5550K->5550K(699072K)
[60.867s][info][gc,metaspace   ] GC(232) Metaspace: 22983K(23936K)->22983K(23936K) NonClass: 20206K(20736K)->20206K(20736K) Class: 2776K(3200K)->2776K(3200K)
[60.867s][info][gc             ] GC(232) Pause Young (Allocation Failure) 278M->5M(989M) 1.472ms
[60.868s][info][gc,cpu         ] GC(232) User=0.00s Sys=0.00s Real=0.00s
[61.126s][info][gc,start       ] GC(233) Pause Young (Allocation Failure)
[61.126s][info][gc,task        ] GC(233) Using 6 workers of 6 for evacuation
[61.127s][info][gc,heap        ] GC(233) ParNew: 279931K->356K(314560K)
[61.127s][info][gc,heap        ] GC(233) CMS: 5550K->5550K(699072K)
[61.127s][info][gc,metaspace   ] GC(233) Metaspace: 22983K(23936K)->22983K(23936K) NonClass: 20206K(20736K)->20206K(20736K) Class: 2776K(3200K)->2776K(3200K)
[61.127s][info][gc             ] GC(233) Pause Young (Allocation Failure) 278M->5M(989M) 1.352ms
[61.127s][info][gc,cpu         ] GC(233) User=0.00s Sys=0.00s Real=0.00s
[61.377s][info][gc,start       ] GC(234) Pause Young (Allocation Failure)
[61.377s][info][gc,task        ] GC(234) Using 6 workers of 6 for evacuation
[61.379s][info][gc,heap        ] GC(234) ParNew: 279972K->403K(314560K)
[61.379s][info][gc,heap        ] GC(234) CMS: 5550K->5550K(699072K)
[61.379s][info][gc,metaspace   ] GC(234) Metaspace: 22983K(23936K)->22983K(23936K) NonClass: 20206K(20736K)->20206K(20736K) Class: 2776K(3200K)->2776K(3200K)
[61.379s][info][gc             ] GC(234) Pause Young (Allocation Failure) 278M->5M(989M) 1.436ms
[61.379s][info][gc,cpu         ] GC(234) User=0.00s Sys=0.00s Real=0.00s
[61.626s][info][gc,start       ] GC(235) Pause Young (Allocation Failure)
[61.626s][info][gc,task        ] GC(235) Using 6 workers of 6 for evacuation
[61.627s][info][gc,heap        ] GC(235) ParNew: 280019K->390K(314560K)
[61.627s][info][gc,heap        ] GC(235) CMS: 5550K->5550K(699072K)
[61.627s][info][gc,metaspace   ] GC(235) Metaspace: 22983K(23936K)->22983K(23936K) NonClass: 20206K(20736K)->20206K(20736K) Class: 2776K(3200K)->2776K(3200K)
[61.627s][info][gc             ] GC(235) Pause Young (Allocation Failure) 278M->5M(989M) 1.453ms
[61.627s][info][gc,cpu         ] GC(235) User=0.00s Sys=0.00s Real=0.00s
[61.865s][info][gc,start       ] GC(236) Pause Young (Allocation Failure)
[61.865s][info][gc,task        ] GC(236) Using 6 workers of 6 for evacuation
[61.867s][info][gc,heap        ] GC(236) ParNew: 280006K->250K(314560K)
[61.867s][info][gc,heap        ] GC(236) CMS: 5550K->5779K(699072K)
[61.867s][info][gc,metaspace   ] GC(236) Metaspace: 22983K(23936K)->22983K(23936K) NonClass: 20206K(20736K)->20206K(20736K) Class: 2776K(3200K)->2776K(3200K)
[61.867s][info][gc             ] GC(236) Pause Young (Allocation Failure) 278M->5M(989M) 1.467ms
[61.867s][info][gc,cpu         ] GC(236) User=0.00s Sys=0.00s Real=0.00s
[62.165s][info][gc,start       ] GC(237) Pause Young (Allocation Failure)
[62.166s][info][gc,task        ] GC(237) Using 6 workers of 6 for evacuation
[62.167s][info][gc,heap        ] GC(237) ParNew: 279866K->91K(314560K)
[62.167s][info][gc,heap        ] GC(237) CMS: 5779K->5785K(699072K)
[62.167s][info][gc,metaspace   ] GC(237) Metaspace: 22983K(23936K)->22983K(23936K) NonClass: 20206K(20736K)->20206K(20736K) Class: 2776K(3200K)->2776K(3200K)
[62.167s][info][gc             ] GC(237) Pause Young (Allocation Failure) 278M->5M(989M) 1.519ms
[62.167s][info][gc,cpu         ] GC(237) User=0.00s Sys=0.00s Real=0.00s
[62.267s][info][gc,start       ] GC(238) Pause Full (System.gc())
[62.267s][info][gc,phases,start] GC(238) Phase 1: Mark live objects
[62.273s][info][gc,phases      ] GC(238) Phase 1: Mark live objects 6.050ms
[62.273s][info][gc,phases,start] GC(238) Phase 2: Compute new object addresses
[62.283s][info][gc,phases      ] GC(238) Phase 2: Compute new object addresses 9.599ms
[62.283s][info][gc,phases,start] GC(238) Phase 3: Adjust pointers
[62.288s][info][gc,phases      ] GC(238) Phase 3: Adjust pointers 4.466ms
[62.288s][info][gc,phases,start] GC(238) Phase 4: Move objects
[62.288s][info][gc,phases      ] GC(238) Phase 4: Move objects 0.090ms
[62.288s][info][gc,heap        ] GC(238) ParNew: 66654K->0K(314560K)
[62.288s][info][gc,heap        ] GC(238) CMS: 5785K->5551K(699072K)
[62.288s][info][gc,metaspace   ] GC(238) Metaspace: 22983K(23936K)->22983K(23936K) NonClass: 20206K(20736K)->20206K(20736K) Class: 2776K(3200K)->2776K(3200K)
[62.288s][info][gc             ] GC(238) Pause Full (System.gc()) 70M->5M(989M) 21.146ms
[62.288s][info][gc,cpu         ] GC(238) User=0.00s Sys=0.00s Real=0.01s
[62.548s][info][gc,start       ] GC(239) Pause Young (Allocation Failure)
[62.548s][info][gc,task        ] GC(239) Using 6 workers of 6 for evacuation
[62.549s][info][gc,heap        ] GC(239) ParNew: 279616K->233K(314560K)
[62.549s][info][gc,heap        ] GC(239) CMS: 5551K->5551K(699072K)
[62.549s][info][gc,metaspace   ] GC(239) Metaspace: 22986K(23936K)->22986K(23936K) NonClass: 20209K(20736K)->20209K(20736K) Class: 2776K(3200K)->2776K(3200K)
[62.549s][info][gc             ] GC(239) Pause Young (Allocation Failure) 278M->5M(989M) 1.264ms
[62.549s][info][gc,cpu         ] GC(239) User=0.00s Sys=0.00s Real=0.00s
[62.806s][info][gc,start       ] GC(240) Pause Young (Allocation Failure)
[62.806s][info][gc,task        ] GC(240) Using 6 workers of 6 for evacuation
[62.808s][info][gc,heap        ] GC(240) ParNew: 279849K->257K(314560K)
[62.808s][info][gc,heap        ] GC(240) CMS: 5551K->5551K(699072K)
[62.808s][info][gc,metaspace   ] GC(240) Metaspace: 22986K(23936K)->22986K(23936K) NonClass: 20209K(20736K)->20209K(20736K) Class: 2776K(3200K)->2776K(3200K)
[62.808s][info][gc             ] GC(240) Pause Young (Allocation Failure) 278M->5M(989M) 1.444ms
[62.808s][info][gc,cpu         ] GC(240) User=0.02s Sys=0.00s Real=0.00s
[63.070s][info][gc,start       ] GC(241) Pause Young (Allocation Failure)
[63.070s][info][gc,task        ] GC(241) Using 6 workers of 6 for evacuation
[63.072s][info][gc,heap        ] GC(241) ParNew: 279873K->273K(314560K)
[63.072s][info][gc,heap        ] GC(241) CMS: 5551K->5551K(699072K)
[63.072s][info][gc,metaspace   ] GC(241) Metaspace: 22986K(23936K)->22986K(23936K) NonClass: 20209K(20736K)->20209K(20736K) Class: 2776K(3200K)->2776K(3200K)
[63.072s][info][gc             ] GC(241) Pause Young (Allocation Failure) 278M->5M(989M) 1.483ms
[63.072s][info][gc,cpu         ] GC(241) User=0.00s Sys=0.00s Real=0.00s
[63.316s][info][gc,start       ] GC(242) Pause Young (Allocation Failure)
[63.316s][info][gc,task        ] GC(242) Using 6 workers of 6 for evacuation
[63.317s][info][gc,heap        ] GC(242) ParNew: 279889K->325K(314560K)
[63.317s][info][gc,heap        ] GC(242) CMS: 5551K->5551K(699072K)
[63.317s][info][gc,metaspace   ] GC(242) Metaspace: 22986K(23936K)->22986K(23936K) NonClass: 20209K(20736K)->20209K(20736K) Class: 2776K(3200K)->2776K(3200K)
[63.317s][info][gc             ] GC(242) Pause Young (Allocation Failure) 278M->5M(989M) 1.468ms
[63.317s][info][gc,cpu         ] GC(242) User=0.00s Sys=0.00s Real=0.00s
[63.578s][info][gc,start       ] GC(243) Pause Young (Allocation Failure)
[63.578s][info][gc,task        ] GC(243) Using 6 workers of 6 for evacuation
[63.580s][info][gc,heap        ] GC(243) ParNew: 279941K->358K(314560K)
[63.580s][info][gc,heap        ] GC(243) CMS: 5551K->5551K(699072K)
[63.580s][info][gc,metaspace   ] GC(243) Metaspace: 22986K(23936K)->22986K(23936K) NonClass: 20209K(20736K)->20209K(20736K) Class: 2776K(3200K)->2776K(3200K)
[63.580s][info][gc             ] GC(243) Pause Young (Allocation Failure) 278M->5M(989M) 1.492ms
[63.580s][info][gc,cpu         ] GC(243) User=0.00s Sys=0.00s Real=0.00s
[63.843s][info][gc,start       ] GC(244) Pause Young (Allocation Failure)
[63.843s][info][gc,task        ] GC(244) Using 6 workers of 6 for evacuation
[63.844s][info][gc,heap        ] GC(244) ParNew: 279974K->425K(314560K)
[63.844s][info][gc,heap        ] GC(244) CMS: 5551K->5551K(699072K)
[63.844s][info][gc,metaspace   ] GC(244) Metaspace: 22986K(23936K)->22986K(23936K) NonClass: 20209K(20736K)->20209K(20736K) Class: 2776K(3200K)->2776K(3200K)
[63.844s][info][gc             ] GC(244) Pause Young (Allocation Failure) 278M->5M(989M) 1.282ms
[63.844s][info][gc,cpu         ] GC(244) User=0.00s Sys=0.00s Real=0.00s
[64.077s][info][gc,start       ] GC(245) Pause Young (Allocation Failure)
[64.077s][info][gc,task        ] GC(245) Using 6 workers of 6 for evacuation
[64.078s][info][gc,heap        ] GC(245) ParNew: 280041K->160K(314560K)
[64.078s][info][gc,heap        ] GC(245) CMS: 5551K->5779K(699072K)
[64.078s][info][gc,metaspace   ] GC(245) Metaspace: 22986K(23936K)->22986K(23936K) NonClass: 20209K(20736K)->20209K(20736K) Class: 2776K(3200K)->2776K(3200K)
[64.078s][info][gc             ] GC(245) Pause Young (Allocation Failure) 278M->5M(989M) 1.147ms
[64.078s][info][gc,cpu         ] GC(245) User=0.00s Sys=0.00s Real=0.00s
[64.351s][info][gc,start       ] GC(246) Pause Young (Allocation Failure)
[64.351s][info][gc,task        ] GC(246) Using 6 workers of 6 for evacuation
[64.352s][info][gc,heap        ] GC(246) ParNew: 279776K->72K(314560K)
[64.352s][info][gc,heap        ] GC(246) CMS: 5779K->5785K(699072K)
[64.352s][info][gc,metaspace   ] GC(246) Metaspace: 22986K(23936K)->22986K(23936K) NonClass: 20209K(20736K)->20209K(20736K) Class: 2776K(3200K)->2776K(3200K)
[64.352s][info][gc             ] GC(246) Pause Young (Allocation Failure) 278M->5M(989M) 1.512ms
[64.352s][info][gc,cpu         ] GC(246) User=0.00s Sys=0.00s Real=0.00s
[64.477s][info][gc,start       ] GC(247) Pause Full (System.gc())
[64.477s][info][gc,phases,start] GC(247) Phase 1: Mark live objects
[64.483s][info][gc,phases      ] GC(247) Phase 1: Mark live objects 6.351ms
[64.483s][info][gc,phases,start] GC(247) Phase 2: Compute new object addresses
[64.494s][info][gc,phases      ] GC(247) Phase 2: Compute new object addresses 10.782ms
[64.494s][info][gc,phases,start] GC(247) Phase 3: Adjust pointers
[64.498s][info][gc,phases      ] GC(247) Phase 3: Adjust pointers 3.964ms
[64.498s][info][gc,phases,start] GC(247) Phase 4: Move objects
[64.498s][info][gc,phases      ] GC(247) Phase 4: Move objects 0.103ms
[64.499s][info][gc,heap        ] GC(247) ParNew: 75086K->0K(314560K)
[64.499s][info][gc,heap        ] GC(247) CMS: 5785K->5550K(699072K)
[64.499s][info][gc,metaspace   ] GC(247) Metaspace: 22986K(23936K)->22986K(23936K) NonClass: 20209K(20736K)->20209K(20736K) Class: 2776K(3200K)->2776K(3200K)
[64.499s][info][gc             ] GC(247) Pause Full (System.gc()) 78M->5M(989M) 22.459ms
[64.499s][info][gc,cpu         ] GC(247) User=0.00s Sys=0.00s Real=0.02s
[64.759s][info][gc,start       ] GC(248) Pause Young (Allocation Failure)
[64.759s][info][gc,task        ] GC(248) Using 6 workers of 6 for evacuation
[64.761s][info][gc,heap        ] GC(248) ParNew: 279616K->227K(314560K)
[64.761s][info][gc,heap        ] GC(248) CMS: 5550K->5550K(699072K)
[64.761s][info][gc,metaspace   ] GC(248) Metaspace: 22986K(23936K)->22986K(23936K) NonClass: 20209K(20736K)->20209K(20736K) Class: 2776K(3200K)->2776K(3200K)
[64.761s][info][gc             ] GC(248) Pause Young (Allocation Failure) 278M->5M(989M) 1.530ms
[64.761s][info][gc,cpu         ] GC(248) User=0.02s Sys=0.00s Real=0.00s
[65.030s][info][gc,start       ] GC(249) Pause Young (Allocation Failure)
[65.030s][info][gc,task        ] GC(249) Using 6 workers of 6 for evacuation
[65.031s][info][gc,heap        ] GC(249) ParNew: 279843K->245K(314560K)
[65.031s][info][gc,heap        ] GC(249) CMS: 5550K->5550K(699072K)
[65.031s][info][gc,metaspace   ] GC(249) Metaspace: 22986K(23936K)->22986K(23936K) NonClass: 20209K(20736K)->20209K(20736K) Class: 2776K(3200K)->2776K(3200K)
[65.031s][info][gc             ] GC(249) Pause Young (Allocation Failure) 278M->5M(989M) 1.436ms
[65.031s][info][gc,cpu         ] GC(249) User=0.00s Sys=0.00s Real=0.00s
[65.302s][info][gc,start       ] GC(250) Pause Young (Allocation Failure)
[65.302s][info][gc,task        ] GC(250) Using 6 workers of 6 for evacuation
[65.303s][info][gc,heap        ] GC(250) ParNew: 279861K->278K(314560K)
[65.303s][info][gc,heap        ] GC(250) CMS: 5550K->5550K(699072K)
[65.303s][info][gc,metaspace   ] GC(250) Metaspace: 22986K(23936K)->22986K(23936K) NonClass: 20209K(20736K)->20209K(20736K) Class: 2776K(3200K)->2776K(3200K)
[65.303s][info][gc             ] GC(250) Pause Young (Allocation Failure) 278M->5M(989M) 1.385ms
[65.303s][info][gc,cpu         ] GC(250) User=0.00s Sys=0.00s Real=0.00s
[65.553s][info][gc,start       ] GC(251) Pause Young (Allocation Failure)
[65.553s][info][gc,task        ] GC(251) Using 6 workers of 6 for evacuation
[65.554s][info][gc,heap        ] GC(251) ParNew: 279894K->310K(314560K)
[65.554s][info][gc,heap        ] GC(251) CMS: 5550K->5550K(699072K)
[65.554s][info][gc,metaspace   ] GC(251) Metaspace: 22986K(23936K)->22986K(23936K) NonClass: 20209K(20736K)->20209K(20736K) Class: 2776K(3200K)->2776K(3200K)
[65.554s][info][gc             ] GC(251) Pause Young (Allocation Failure) 278M->5M(989M) 1.563ms
[65.554s][info][gc,cpu         ] GC(251) User=0.00s Sys=0.00s Real=0.00s
[65.802s][info][gc,start       ] GC(252) Pause Young (Allocation Failure)
[65.802s][info][gc,task        ] GC(252) Using 6 workers of 6 for evacuation
[65.803s][info][gc,heap        ] GC(252) ParNew: 279926K->354K(314560K)
[65.803s][info][gc,heap        ] GC(252) CMS: 5550K->5550K(699072K)
[65.803s][info][gc,metaspace   ] GC(252) Metaspace: 22986K(23936K)->22986K(23936K) NonClass: 20209K(20736K)->20209K(20736K) Class: 2776K(3200K)->2776K(3200K)
[65.803s][info][gc             ] GC(252) Pause Young (Allocation Failure) 278M->5M(989M) 1.221ms
[65.803s][info][gc,cpu         ] GC(252) User=0.00s Sys=0.00s Real=0.00s
[66.063s][info][gc,start       ] GC(253) Pause Young (Allocation Failure)
[66.064s][info][gc,task        ] GC(253) Using 6 workers of 6 for evacuation
[66.065s][info][gc,heap        ] GC(253) ParNew: 279970K->374K(314560K)
[66.065s][info][gc,heap        ] GC(253) CMS: 5550K->5550K(699072K)
[66.065s][info][gc,metaspace   ] GC(253) Metaspace: 22986K(23936K)->22986K(23936K) NonClass: 20209K(20736K)->20209K(20736K) Class: 2776K(3200K)->2776K(3200K)
[66.065s][info][gc             ] GC(253) Pause Young (Allocation Failure) 278M->5M(989M) 1.473ms
[66.065s][info][gc,cpu         ] GC(253) User=0.00s Sys=0.00s Real=0.00s
[66.318s][info][gc,start       ] GC(254) Pause Young (Allocation Failure)
[66.319s][info][gc,task        ] GC(254) Using 6 workers of 6 for evacuation
[66.320s][info][gc,heap        ] GC(254) ParNew: 279990K->228K(314560K)
[66.320s][info][gc,heap        ] GC(254) CMS: 5550K->5778K(699072K)
[66.320s][info][gc,metaspace   ] GC(254) Metaspace: 22986K(23936K)->22986K(23936K) NonClass: 20209K(20736K)->20209K(20736K) Class: 2776K(3200K)->2776K(3200K)
[66.320s][info][gc             ] GC(254) Pause Young (Allocation Failure) 278M->5M(989M) 1.640ms
[66.320s][info][gc,cpu         ] GC(254) User=0.00s Sys=0.00s Real=0.00s
[66.670s][info][gc,start       ] GC(255) Pause Full (System.gc())
[66.670s][info][gc,phases,start] GC(255) Phase 1: Mark live objects
[66.676s][info][gc,phases      ] GC(255) Phase 1: Mark live objects 5.555ms
[66.676s][info][gc,phases,start] GC(255) Phase 2: Compute new object addresses
[66.709s][info][gc,phases      ] GC(255) Phase 2: Compute new object addresses 33.676ms
[66.709s][info][gc,phases,start] GC(255) Phase 3: Adjust pointers
[66.714s][info][gc,phases      ] GC(255) Phase 3: Adjust pointers 4.302ms
[66.714s][info][gc,phases,start] GC(255) Phase 4: Move objects
[66.714s][info][gc,phases      ] GC(255) Phase 4: Move objects 0.103ms
[66.715s][info][gc,heap        ] GC(255) ParNew: 259098K->0K(314560K)
[66.715s][info][gc,heap        ] GC(255) CMS: 5778K->5551K(699072K)
[66.715s][info][gc,metaspace   ] GC(255) Metaspace: 22986K(23936K)->22986K(23936K) NonClass: 20209K(20736K)->20209K(20736K) Class: 2776K(3200K)->2776K(3200K)
[66.715s][info][gc             ] GC(255) Pause Full (System.gc()) 258M->5M(989M) 44.705ms
[66.715s][info][gc,cpu         ] GC(255) User=0.02s Sys=0.00s Real=0.05s
[66.975s][info][gc,start       ] GC(256) Pause Young (Allocation Failure)
[66.975s][info][gc,task        ] GC(256) Using 6 workers of 6 for evacuation
[66.976s][info][gc,heap        ] GC(256) ParNew: 279616K->265K(314560K)
[66.976s][info][gc,heap        ] GC(256) CMS: 5551K->5551K(699072K)
[66.976s][info][gc,metaspace   ] GC(256) Metaspace: 22990K(23936K)->22990K(23936K) NonClass: 20213K(20736K)->20213K(20736K) Class: 2776K(3200K)->2776K(3200K)
[66.976s][info][gc             ] GC(256) Pause Young (Allocation Failure) 278M->5M(989M) 1.310ms
[66.976s][info][gc,cpu         ] GC(256) User=0.00s Sys=0.00s Real=0.00s
[67.229s][info][gc,start       ] GC(257) Pause Young (Allocation Failure)
[67.229s][info][gc,task        ] GC(257) Using 6 workers of 6 for evacuation
[67.230s][info][gc,heap        ] GC(257) ParNew: 279881K->294K(314560K)
[67.230s][info][gc,heap        ] GC(257) CMS: 5551K->5551K(699072K)
[67.230s][info][gc,metaspace   ] GC(257) Metaspace: 22990K(23936K)->22990K(23936K) NonClass: 20213K(20736K)->20213K(20736K) Class: 2776K(3200K)->2776K(3200K)
[67.230s][info][gc             ] GC(257) Pause Young (Allocation Failure) 278M->5M(989M) 1.405ms
[67.230s][info][gc,cpu         ] GC(257) User=0.02s Sys=0.00s Real=0.00s
[67.484s][info][gc,start       ] GC(258) Pause Young (Allocation Failure)
[67.484s][info][gc,task        ] GC(258) Using 6 workers of 6 for evacuation
[67.485s][info][gc,heap        ] GC(258) ParNew: 279910K->316K(314560K)
[67.485s][info][gc,heap        ] GC(258) CMS: 5551K->5551K(699072K)
[67.485s][info][gc,metaspace   ] GC(258) Metaspace: 22990K(23936K)->22990K(23936K) NonClass: 20213K(20736K)->20213K(20736K) Class: 2776K(3200K)->2776K(3200K)
[67.485s][info][gc             ] GC(258) Pause Young (Allocation Failure) 278M->5M(989M) 1.188ms
[67.485s][info][gc,cpu         ] GC(258) User=0.00s Sys=0.00s Real=0.00s
[67.760s][info][gc,start       ] GC(259) Pause Young (Allocation Failure)
[67.760s][info][gc,task        ] GC(259) Using 6 workers of 6 for evacuation
[67.762s][info][gc,heap        ] GC(259) ParNew: 279932K->353K(314560K)
[67.762s][info][gc,heap        ] GC(259) CMS: 5551K->5551K(699072K)
[67.762s][info][gc,metaspace   ] GC(259) Metaspace: 22990K(23936K)->22990K(23936K) NonClass: 20213K(20736K)->20213K(20736K) Class: 2776K(3200K)->2776K(3200K)
[67.762s][info][gc             ] GC(259) Pause Young (Allocation Failure) 278M->5M(989M) 1.600ms
[67.762s][info][gc,cpu         ] GC(259) User=0.02s Sys=0.00s Real=0.00s
[68.031s][info][gc,start       ] GC(260) Pause Young (Allocation Failure)
[68.031s][info][gc,task        ] GC(260) Using 6 workers of 6 for evacuation
[68.033s][info][gc,heap        ] GC(260) ParNew: 279969K->415K(314560K)
[68.033s][info][gc,heap        ] GC(260) CMS: 5551K->5551K(699072K)
[68.033s][info][gc,metaspace   ] GC(260) Metaspace: 22990K(23936K)->22990K(23936K) NonClass: 20213K(20736K)->20213K(20736K) Class: 2776K(3200K)->2776K(3200K)
[68.033s][info][gc             ] GC(260) Pause Young (Allocation Failure) 278M->5M(989M) 1.339ms
[68.033s][info][gc,cpu         ] GC(260) User=0.00s Sys=0.00s Real=0.00s
[68.262s][info][gc,start       ] GC(261) Pause Young (Allocation Failure)
[68.262s][info][gc,task        ] GC(261) Using 6 workers of 6 for evacuation
[68.264s][info][gc,heap        ] GC(261) ParNew: 280031K->364K(314560K)
[68.264s][info][gc,heap        ] GC(261) CMS: 5551K->5551K(699072K)
[68.264s][info][gc,metaspace   ] GC(261) Metaspace: 22990K(23936K)->22990K(23936K) NonClass: 20213K(20736K)->20213K(20736K) Class: 2776K(3200K)->2776K(3200K)
[68.264s][info][gc             ] GC(261) Pause Young (Allocation Failure) 278M->5M(989M) 1.498ms
[68.264s][info][gc,cpu         ] GC(261) User=0.00s Sys=0.00s Real=0.00s
[68.540s][info][gc,start       ] GC(262) Pause Young (Allocation Failure)
[68.540s][info][gc,task        ] GC(262) Using 6 workers of 6 for evacuation
[68.541s][info][gc,heap        ] GC(262) ParNew: 279980K->167K(314560K)
[68.541s][info][gc,heap        ] GC(262) CMS: 5551K->5750K(699072K)
[68.541s][info][gc,metaspace   ] GC(262) Metaspace: 22990K(23936K)->22990K(23936K) NonClass: 20213K(20736K)->20213K(20736K) Class: 2776K(3200K)->2776K(3200K)
[68.541s][info][gc             ] GC(262) Pause Young (Allocation Failure) 278M->5M(989M) 1.545ms
[68.541s][info][gc,cpu         ] GC(262) User=0.00s Sys=0.00s Real=0.00s
[68.630s][info][gc,start       ] GC(263) Pause Full (System.gc())
[68.630s][info][gc,phases,start] GC(263) Phase 1: Mark live objects
[68.636s][info][gc,phases      ] GC(263) Phase 1: Mark live objects 6.018ms
[68.637s][info][gc,phases,start] GC(263) Phase 2: Compute new object addresses
[68.648s][info][gc,phases      ] GC(263) Phase 2: Compute new object addresses 11.959ms
[68.649s][info][gc,phases,start] GC(263) Phase 3: Adjust pointers
[68.653s][info][gc,phases      ] GC(263) Phase 3: Adjust pointers 4.112ms
[68.653s][info][gc,phases,start] GC(263) Phase 4: Move objects
[68.653s][info][gc,phases      ] GC(263) Phase 4: Move objects 0.094ms
[68.653s][info][gc,heap        ] GC(263) ParNew: 71535K->0K(314560K)
[68.653s][info][gc,heap        ] GC(263) CMS: 5750K->5551K(699072K)
[68.653s][info][gc,metaspace   ] GC(263) Metaspace: 22990K(23936K)->22990K(23936K) NonClass: 20213K(20736K)->20213K(20736K) Class: 2776K(3200K)->2776K(3200K)
[68.654s][info][gc             ] GC(263) Pause Full (System.gc()) 75M->5M(989M) 23.348ms
[68.654s][info][gc,cpu         ] GC(263) User=0.00s Sys=0.00s Real=0.03s
[68.932s][info][gc,start       ] GC(264) Pause Young (Allocation Failure)
[68.932s][info][gc,task        ] GC(264) Using 6 workers of 6 for evacuation
[68.933s][info][gc,heap        ] GC(264) ParNew: 279616K->253K(314560K)
[68.933s][info][gc,heap        ] GC(264) CMS: 5551K->5551K(699072K)
[68.933s][info][gc,metaspace   ] GC(264) Metaspace: 22995K(23936K)->22995K(23936K) NonClass: 20218K(20736K)->20218K(20736K) Class: 2776K(3200K)->2776K(3200K)
[68.933s][info][gc             ] GC(264) Pause Young (Allocation Failure) 278M->5M(989M) 1.099ms
[68.933s][info][gc,cpu         ] GC(264) User=0.02s Sys=0.00s Real=0.00s
[69.183s][info][gc,start       ] GC(265) Pause Young (Allocation Failure)
[69.183s][info][gc,task        ] GC(265) Using 6 workers of 6 for evacuation
[69.184s][info][gc,heap        ] GC(265) ParNew: 279869K->291K(314560K)
[69.184s][info][gc,heap        ] GC(265) CMS: 5551K->5551K(699072K)
[69.184s][info][gc,metaspace   ] GC(265) Metaspace: 22995K(23936K)->22995K(23936K) NonClass: 20218K(20736K)->20218K(20736K) Class: 2776K(3200K)->2776K(3200K)
[69.184s][info][gc             ] GC(265) Pause Young (Allocation Failure) 278M->5M(989M) 1.419ms
[69.184s][info][gc,cpu         ] GC(265) User=0.00s Sys=0.00s Real=0.00s
[69.431s][info][gc,start       ] GC(266) Pause Young (Allocation Failure)
[69.431s][info][gc,task        ] GC(266) Using 6 workers of 6 for evacuation
[69.433s][info][gc,heap        ] GC(266) ParNew: 279907K->316K(314560K)
[69.433s][info][gc,heap        ] GC(266) CMS: 5551K->5551K(699072K)
[69.433s][info][gc,metaspace   ] GC(266) Metaspace: 22995K(23936K)->22995K(23936K) NonClass: 20218K(20736K)->20218K(20736K) Class: 2776K(3200K)->2776K(3200K)
[69.433s][info][gc             ] GC(266) Pause Young (Allocation Failure) 278M->5M(989M) 1.490ms
[69.433s][info][gc,cpu         ] GC(266) User=0.02s Sys=0.00s Real=0.00s
[69.681s][info][gc,start       ] GC(267) Pause Young (Allocation Failure)
[69.681s][info][gc,task        ] GC(267) Using 6 workers of 6 for evacuation
[69.682s][info][gc,heap        ] GC(267) ParNew: 279932K->354K(314560K)
[69.682s][info][gc,heap        ] GC(267) CMS: 5551K->5551K(699072K)
[69.682s][info][gc,metaspace   ] GC(267) Metaspace: 22995K(23936K)->22995K(23936K) NonClass: 20218K(20736K)->20218K(20736K) Class: 2776K(3200K)->2776K(3200K)
[69.682s][info][gc             ] GC(267) Pause Young (Allocation Failure) 278M->5M(989M) 1.214ms
[69.682s][info][gc,cpu         ] GC(267) User=0.00s Sys=0.00s Real=0.00s
[69.917s][info][gc,start       ] GC(268) Pause Young (Allocation Failure)
[69.917s][info][gc,task        ] GC(268) Using 6 workers of 6 for evacuation
[69.918s][info][gc,heap        ] GC(268) ParNew: 279970K->385K(314560K)
[69.918s][info][gc,heap        ] GC(268) CMS: 5551K->5551K(699072K)
[69.918s][info][gc,metaspace   ] GC(268) Metaspace: 22995K(23936K)->22995K(23936K) NonClass: 20218K(20736K)->20218K(20736K) Class: 2776K(3200K)->2776K(3200K)
[69.918s][info][gc             ] GC(268) Pause Young (Allocation Failure) 278M->5M(989M) 1.510ms
[69.918s][info][gc,cpu         ] GC(268) User=0.00s Sys=0.00s Real=0.00s
[70.165s][info][gc,start       ] GC(269) Pause Young (Allocation Failure)
[70.165s][info][gc,task        ] GC(269) Using 6 workers of 6 for evacuation
[70.167s][info][gc,heap        ] GC(269) ParNew: 280001K->375K(314560K)
[70.167s][info][gc,heap        ] GC(269) CMS: 5551K->5551K(699072K)
[70.167s][info][gc,metaspace   ] GC(269) Metaspace: 22995K(23936K)->22995K(23936K) NonClass: 20218K(20736K)->20218K(20736K) Class: 2776K(3200K)->2776K(3200K)
[70.167s][info][gc             ] GC(269) Pause Young (Allocation Failure) 278M->5M(989M) 1.471ms
[70.167s][info][gc,cpu         ] GC(269) User=0.00s Sys=0.00s Real=0.00s
[70.435s][info][gc,start       ] GC(270) Pause Young (Allocation Failure)
[70.435s][info][gc,task        ] GC(270) Using 6 workers of 6 for evacuation
[70.436s][info][gc,heap        ] GC(270) ParNew: 279991K->249K(314560K)
[70.436s][info][gc,heap        ] GC(270) CMS: 5551K->5779K(699072K)
[70.436s][info][gc,metaspace   ] GC(270) Metaspace: 22995K(23936K)->22995K(23936K) NonClass: 20218K(20736K)->20218K(20736K) Class: 2776K(3200K)->2776K(3200K)
[70.436s][info][gc             ] GC(270) Pause Young (Allocation Failure) 278M->5M(989M) 1.579ms
[70.436s][info][gc,cpu         ] GC(270) User=0.00s Sys=0.00s Real=0.00s
[70.694s][info][gc,start       ] GC(271) Pause Full (System.gc())
[70.694s][info][gc,phases,start] GC(271) Phase 1: Mark live objects
[70.700s][info][gc,phases      ] GC(271) Phase 1: Mark live objects 5.980ms
[70.700s][info][gc,phases,start] GC(271) Phase 2: Compute new object addresses
[70.726s][info][gc,phases      ] GC(271) Phase 2: Compute new object addresses 25.112ms
[70.726s][info][gc,phases,start] GC(271) Phase 3: Adjust pointers
[70.730s][info][gc,phases      ] GC(271) Phase 3: Adjust pointers 4.480ms
[70.730s][info][gc,phases,start] GC(271) Phase 4: Move objects
[70.730s][info][gc,phases      ] GC(271) Phase 4: Move objects 0.109ms
[70.731s][info][gc,heap        ] GC(271) ParNew: 196157K->0K(314560K)
[70.731s][info][gc,heap        ] GC(271) CMS: 5779K->5551K(699072K)
[70.731s][info][gc,metaspace   ] GC(271) Metaspace: 22995K(23936K)->22995K(23936K) NonClass: 20218K(20736K)->20218K(20736K) Class: 2776K(3200K)->2776K(3200K)
[70.731s][info][gc             ] GC(271) Pause Full (System.gc()) 197M->5M(989M) 36.663ms
[70.731s][info][gc,cpu         ] GC(271) User=0.03s Sys=0.00s Real=0.03s
[70.992s][info][gc,start       ] GC(272) Pause Young (Allocation Failure)
[70.992s][info][gc,task        ] GC(272) Using 6 workers of 6 for evacuation
[70.993s][info][gc,heap        ] GC(272) ParNew: 279616K->266K(314560K)
[70.993s][info][gc,heap        ] GC(272) CMS: 5551K->5551K(699072K)
[70.993s][info][gc,metaspace   ] GC(272) Metaspace: 22995K(23936K)->22995K(23936K) NonClass: 20218K(20736K)->20218K(20736K) Class: 2776K(3200K)->2776K(3200K)
[70.993s][info][gc             ] GC(272) Pause Young (Allocation Failure) 278M->5M(989M) 1.674ms
[70.993s][info][gc,cpu         ] GC(272) User=0.00s Sys=0.00s Real=0.00s
[71.292s][info][gc,start       ] GC(273) Pause Young (Allocation Failure)
[71.292s][info][gc,task        ] GC(273) Using 6 workers of 6 for evacuation
[71.294s][info][gc,heap        ] GC(273) ParNew: 279882K->295K(314560K)
[71.294s][info][gc,heap        ] GC(273) CMS: 5551K->5551K(699072K)
[71.294s][info][gc,metaspace   ] GC(273) Metaspace: 22995K(23936K)->22995K(23936K) NonClass: 20218K(20736K)->20218K(20736K) Class: 2776K(3200K)->2776K(3200K)
[71.294s][info][gc             ] GC(273) Pause Young (Allocation Failure) 278M->5M(989M) 1.480ms
[71.294s][info][gc,cpu         ] GC(273) User=0.02s Sys=0.00s Real=0.00s
[71.569s][info][gc,start       ] GC(274) Pause Young (Allocation Failure)
[71.569s][info][gc,task        ] GC(274) Using 6 workers of 6 for evacuation
[71.570s][info][gc,heap        ] GC(274) ParNew: 279911K->337K(314560K)
[71.570s][info][gc,heap        ] GC(274) CMS: 5551K->5551K(699072K)
[71.570s][info][gc,metaspace   ] GC(274) Metaspace: 22995K(23936K)->22995K(23936K) NonClass: 20218K(20736K)->20218K(20736K) Class: 2776K(3200K)->2776K(3200K)
[71.570s][info][gc             ] GC(274) Pause Young (Allocation Failure) 278M->5M(989M) 1.427ms
[71.570s][info][gc,cpu         ] GC(274) User=0.00s Sys=0.00s Real=0.00s
[71.817s][info][gc,start       ] GC(275) Pause Young (Allocation Failure)
[71.817s][info][gc,task        ] GC(275) Using 6 workers of 6 for evacuation
[71.819s][info][gc,heap        ] GC(275) ParNew: 279953K->370K(314560K)
[71.819s][info][gc,heap        ] GC(275) CMS: 5551K->5551K(699072K)
[71.819s][info][gc,metaspace   ] GC(275) Metaspace: 22995K(23936K)->22995K(23936K) NonClass: 20218K(20736K)->20218K(20736K) Class: 2776K(3200K)->2776K(3200K)
[71.819s][info][gc             ] GC(275) Pause Young (Allocation Failure) 278M->5M(989M) 1.495ms
[71.819s][info][gc,cpu         ] GC(275) User=0.00s Sys=0.00s Real=0.00s
[72.082s][info][gc,start       ] GC(276) Pause Young (Allocation Failure)
[72.082s][info][gc,task        ] GC(276) Using 6 workers of 6 for evacuation
[72.083s][info][gc,heap        ] GC(276) ParNew: 279986K->358K(314560K)
[72.083s][info][gc,heap        ] GC(276) CMS: 5551K->5551K(699072K)
[72.083s][info][gc,metaspace   ] GC(276) Metaspace: 22995K(23936K)->22995K(23936K) NonClass: 20218K(20736K)->20218K(20736K) Class: 2776K(3200K)->2776K(3200K)
[72.083s][info][gc             ] GC(276) Pause Young (Allocation Failure) 278M->5M(989M) 1.561ms
[72.083s][info][gc,cpu         ] GC(276) User=0.00s Sys=0.00s Real=0.00s
[72.320s][info][gc,start       ] GC(277) Pause Young (Allocation Failure)
[72.320s][info][gc,task        ] GC(277) Using 6 workers of 6 for evacuation
[72.321s][info][gc,heap        ] GC(277) ParNew: 279974K->418K(314560K)
[72.321s][info][gc,heap        ] GC(277) CMS: 5551K->5551K(699072K)
[72.321s][info][gc,metaspace   ] GC(277) Metaspace: 22995K(23936K)->22995K(23936K) NonClass: 20218K(20736K)->20218K(20736K) Class: 2776K(3200K)->2776K(3200K)
[72.321s][info][gc             ] GC(277) Pause Young (Allocation Failure) 278M->5M(989M) 1.336ms
[72.321s][info][gc,cpu         ] GC(277) User=0.00s Sys=0.00s Real=0.00s
[72.563s][info][gc,start       ] GC(278) Pause Young (Allocation Failure)
[72.563s][info][gc,task        ] GC(278) Using 6 workers of 6 for evacuation
[72.564s][info][gc,heap        ] GC(278) ParNew: 280034K->148K(314560K)
[72.564s][info][gc,heap        ] GC(278) CMS: 5551K->5779K(699072K)
[72.564s][info][gc,metaspace   ] GC(278) Metaspace: 22995K(23936K)->22995K(23936K) NonClass: 20218K(20736K)->20218K(20736K) Class: 2776K(3200K)->2776K(3200K)
[72.564s][info][gc             ] GC(278) Pause Young (Allocation Failure) 278M->5M(989M) 1.440ms
[72.564s][info][gc,cpu         ] GC(278) User=0.00s Sys=0.00s Real=0.00s
[72.885s][info][gc,start       ] GC(279) Pause Young (Allocation Failure)
[72.885s][info][gc,task        ] GC(279) Using 6 workers of 6 for evacuation
[72.887s][info][gc,heap        ] GC(279) ParNew: 279764K->62K(314560K)
[72.887s][info][gc,heap        ] GC(279) CMS: 5779K->5786K(699072K)
[72.887s][info][gc,metaspace   ] GC(279) Metaspace: 22995K(23936K)->22995K(23936K) NonClass: 20218K(20736K)->20218K(20736K) Class: 2776K(3200K)->2776K(3200K)
[72.887s][info][gc             ] GC(279) Pause Young (Allocation Failure) 278M->5M(989M) 1.586ms
[72.887s][info][gc,cpu         ] GC(279) User=0.00s Sys=0.00s Real=0.00s
[72.906s][info][gc,start       ] GC(280) Pause Full (System.gc())
[72.906s][info][gc,phases,start] GC(280) Phase 1: Mark live objects
[72.912s][info][gc,phases      ] GC(280) Phase 1: Mark live objects 6.340ms
[72.912s][info][gc,phases,start] GC(280) Phase 2: Compute new object addresses
[72.914s][info][gc,phases      ] GC(280) Phase 2: Compute new object addresses 1.696ms
[72.914s][info][gc,phases,start] GC(280) Phase 3: Adjust pointers
[72.918s][info][gc,phases      ] GC(280) Phase 3: Adjust pointers 3.975ms
[72.918s][info][gc,phases,start] GC(280) Phase 4: Move objects
[72.918s][info][gc,phases      ] GC(280) Phase 4: Move objects 0.094ms
[72.919s][info][gc,heap        ] GC(280) ParNew: 2396K->0K(314560K)
[72.919s][info][gc,heap        ] GC(280) CMS: 5786K->5551K(699072K)
[72.919s][info][gc,metaspace   ] GC(280) Metaspace: 23001K(23936K)->23001K(23936K) NonClass: 20224K(20736K)->20224K(20736K) Class: 2776K(3200K)->2776K(3200K)
[72.919s][info][gc             ] GC(280) Pause Full (System.gc()) 7M->5M(989M) 13.049ms
[72.919s][info][gc,cpu         ] GC(280) User=0.00s Sys=0.00s Real=0.00s
[73.174s][info][gc,start       ] GC(281) Pause Young (Allocation Failure)
[73.174s][info][gc,task        ] GC(281) Using 6 workers of 6 for evacuation
[73.175s][info][gc,heap        ] GC(281) ParNew: 279616K->246K(314560K)
[73.175s][info][gc,heap        ] GC(281) CMS: 5551K->5551K(699072K)
[73.175s][info][gc,metaspace   ] GC(281) Metaspace: 23001K(23936K)->23001K(23936K) NonClass: 20224K(20736K)->20224K(20736K) Class: 2776K(3200K)->2776K(3200K)
[73.175s][info][gc             ] GC(281) Pause Young (Allocation Failure) 278M->5M(989M) 1.475ms
[73.175s][info][gc,cpu         ] GC(281) User=0.00s Sys=0.00s Real=0.00s
[73.432s][info][gc,start       ] GC(282) Pause Young (Allocation Failure)
[73.432s][info][gc,task        ] GC(282) Using 6 workers of 6 for evacuation
[73.434s][info][gc,heap        ] GC(282) ParNew: 279862K->253K(314560K)
[73.434s][info][gc,heap        ] GC(282) CMS: 5551K->5551K(699072K)
[73.434s][info][gc,metaspace   ] GC(282) Metaspace: 23001K(23936K)->23001K(23936K) NonClass: 20224K(20736K)->20224K(20736K) Class: 2776K(3200K)->2776K(3200K)
[73.434s][info][gc             ] GC(282) Pause Young (Allocation Failure) 278M->5M(989M) 1.679ms
[73.434s][info][gc,cpu         ] GC(282) User=0.02s Sys=0.00s Real=0.00s
[73.699s][info][gc,start       ] GC(283) Pause Young (Allocation Failure)
[73.699s][info][gc,task        ] GC(283) Using 6 workers of 6 for evacuation
[73.700s][info][gc,heap        ] GC(283) ParNew: 279869K->296K(314560K)
[73.700s][info][gc,heap        ] GC(283) CMS: 5551K->5551K(699072K)
[73.700s][info][gc,metaspace   ] GC(283) Metaspace: 23001K(23936K)->23001K(23936K) NonClass: 20224K(20736K)->20224K(20736K) Class: 2776K(3200K)->2776K(3200K)
[73.700s][info][gc             ] GC(283) Pause Young (Allocation Failure) 278M->5M(989M) 1.504ms
[73.700s][info][gc,cpu         ] GC(283) User=0.00s Sys=0.00s Real=0.00s
[73.959s][info][gc,start       ] GC(284) Pause Young (Allocation Failure)
[73.960s][info][gc,task        ] GC(284) Using 6 workers of 6 for evacuation
[73.961s][info][gc,heap        ] GC(284) ParNew: 279912K->328K(314560K)
[73.961s][info][gc,heap        ] GC(284) CMS: 5551K->5551K(699072K)
[73.961s][info][gc,metaspace   ] GC(284) Metaspace: 23001K(23936K)->23001K(23936K) NonClass: 20224K(20736K)->20224K(20736K) Class: 2776K(3200K)->2776K(3200K)
[73.961s][info][gc             ] GC(284) Pause Young (Allocation Failure) 278M->5M(989M) 1.216ms
[73.961s][info][gc,cpu         ] GC(284) User=0.00s Sys=0.00s Real=0.00s
[74.250s][info][gc,start       ] GC(285) Pause Young (Allocation Failure)
[74.250s][info][gc,task        ] GC(285) Using 6 workers of 6 for evacuation
[74.251s][info][gc,heap        ] GC(285) ParNew: 279944K->362K(314560K)
[74.251s][info][gc,heap        ] GC(285) CMS: 5551K->5551K(699072K)
[74.251s][info][gc,metaspace   ] GC(285) Metaspace: 23001K(23936K)->23001K(23936K) NonClass: 20224K(20736K)->20224K(20736K) Class: 2776K(3200K)->2776K(3200K)
[74.251s][info][gc             ] GC(285) Pause Young (Allocation Failure) 278M->5M(989M) 1.010ms
[74.251s][info][gc,cpu         ] GC(285) User=0.00s Sys=0.00s Real=0.00s
[74.509s][info][gc,start       ] GC(286) Pause Young (Allocation Failure)
[74.509s][info][gc,task        ] GC(286) Using 6 workers of 6 for evacuation
[74.510s][info][gc,heap        ] GC(286) ParNew: 279978K->391K(314560K)
[74.510s][info][gc,heap        ] GC(286) CMS: 5551K->5551K(699072K)
[74.510s][info][gc,metaspace   ] GC(286) Metaspace: 23001K(23936K)->23001K(23936K) NonClass: 20224K(20736K)->20224K(20736K) Class: 2776K(3200K)->2776K(3200K)
[74.510s][info][gc             ] GC(286) Pause Young (Allocation Failure) 278M->5M(989M) 1.425ms
[74.510s][info][gc,cpu         ] GC(286) User=0.00s Sys=0.00s Real=0.00s
[74.764s][info][gc,start       ] GC(287) Pause Young (Allocation Failure)
[74.765s][info][gc,task        ] GC(287) Using 6 workers of 6 for evacuation
[74.766s][info][gc,heap        ] GC(287) ParNew: 280007K->264K(314560K)
[74.766s][info][gc,heap        ] GC(287) CMS: 5551K->5779K(699072K)
[74.766s][info][gc,metaspace   ] GC(287) Metaspace: 23001K(23936K)->23001K(23936K) NonClass: 20224K(20736K)->20224K(20736K) Class: 2776K(3200K)->2776K(3200K)
[74.766s][info][gc             ] GC(287) Pause Young (Allocation Failure) 278M->5M(989M) 1.470ms
[74.766s][info][gc,cpu         ] GC(287) User=0.00s Sys=0.00s Real=0.00s
[75.068s][info][gc,start       ] GC(288) Pause Full (System.gc())
[75.068s][info][gc,phases,start] GC(288) Phase 1: Mark live objects
[75.074s][info][gc,phases      ] GC(288) Phase 1: Mark live objects 5.783ms
[75.074s][info][gc,phases,start] GC(288) Phase 2: Compute new object addresses
[75.108s][info][gc,phases      ] GC(288) Phase 2: Compute new object addresses 34.720ms
[75.108s][info][gc,phases,start] GC(288) Phase 3: Adjust pointers
[75.113s][info][gc,phases      ] GC(288) Phase 3: Adjust pointers 4.330ms
[75.113s][info][gc,phases,start] GC(288) Phase 4: Move objects
[75.113s][info][gc,phases      ] GC(288) Phase 4: Move objects 0.093ms
[75.113s][info][gc,heap        ] GC(288) ParNew: 272457K->0K(314560K)
[75.113s][info][gc,heap        ] GC(288) CMS: 5779K->5551K(699072K)
[75.113s][info][gc,metaspace   ] GC(288) Metaspace: 23001K(23936K)->23001K(23936K) NonClass: 20224K(20736K)->20224K(20736K) Class: 2776K(3200K)->2776K(3200K)
[75.113s][info][gc             ] GC(288) Pause Full (System.gc()) 271M->5M(989M) 45.866ms
[75.113s][info][gc,cpu         ] GC(288) User=0.05s Sys=0.00s Real=0.05s
[75.371s][info][gc,start       ] GC(289) Pause Young (Allocation Failure)
[75.371s][info][gc,task        ] GC(289) Using 6 workers of 6 for evacuation
[75.373s][info][gc,heap        ] GC(289) ParNew: 279616K->270K(314560K)
[75.373s][info][gc,heap        ] GC(289) CMS: 5551K->5551K(699072K)
[75.373s][info][gc,metaspace   ] GC(289) Metaspace: 23003K(23936K)->23003K(23936K) NonClass: 20226K(20736K)->20226K(20736K) Class: 2776K(3200K)->2776K(3200K)
[75.373s][info][gc             ] GC(289) Pause Young (Allocation Failure) 278M->5M(989M) 1.467ms
[75.373s][info][gc,cpu         ] GC(289) User=0.00s Sys=0.00s Real=0.00s
[75.632s][info][gc,start       ] GC(290) Pause Young (Allocation Failure)
[75.632s][info][gc,task        ] GC(290) Using 6 workers of 6 for evacuation
[75.633s][info][gc,heap        ] GC(290) ParNew: 279886K->292K(314560K)
[75.633s][info][gc,heap        ] GC(290) CMS: 5551K->5551K(699072K)
[75.633s][info][gc,metaspace   ] GC(290) Metaspace: 23003K(23936K)->23003K(23936K) NonClass: 20226K(20736K)->20226K(20736K) Class: 2776K(3200K)->2776K(3200K)
[75.633s][info][gc             ] GC(290) Pause Young (Allocation Failure) 278M->5M(989M) 1.501ms
[75.633s][info][gc,cpu         ] GC(290) User=0.00s Sys=0.00s Real=0.00s
[75.912s][info][gc,start       ] GC(291) Pause Young (Allocation Failure)
[75.912s][info][gc,task        ] GC(291) Using 6 workers of 6 for evacuation
[75.914s][info][gc,heap        ] GC(291) ParNew: 279908K->326K(314560K)
[75.914s][info][gc,heap        ] GC(291) CMS: 5551K->5551K(699072K)
[75.914s][info][gc,metaspace   ] GC(291) Metaspace: 23003K(23936K)->23003K(23936K) NonClass: 20226K(20736K)->20226K(20736K) Class: 2776K(3200K)->2776K(3200K)
[75.914s][info][gc             ] GC(291) Pause Young (Allocation Failure) 278M->5M(989M) 1.629ms
[75.914s][info][gc,cpu         ] GC(291) User=0.00s Sys=0.00s Real=0.00s
[76.169s][info][gc,start       ] GC(292) Pause Young (Allocation Failure)
[76.169s][info][gc,task        ] GC(292) Using 6 workers of 6 for evacuation
[76.171s][info][gc,heap        ] GC(292) ParNew: 279942K->369K(314560K)
[76.171s][info][gc,heap        ] GC(292) CMS: 5551K->5551K(699072K)
[76.171s][info][gc,metaspace   ] GC(292) Metaspace: 23003K(23936K)->23003K(23936K) NonClass: 20226K(20736K)->20226K(20736K) Class: 2776K(3200K)->2776K(3200K)
[76.171s][info][gc             ] GC(292) Pause Young (Allocation Failure) 278M->5M(989M) 1.447ms
[76.171s][info][gc,cpu         ] GC(292) User=0.00s Sys=0.00s Real=0.00s
[76.431s][info][gc,start       ] GC(293) Pause Young (Allocation Failure)
[76.431s][info][gc,task        ] GC(293) Using 6 workers of 6 for evacuation
[76.432s][info][gc,heap        ] GC(293) ParNew: 279985K->415K(314560K)
[76.432s][info][gc,heap        ] GC(293) CMS: 5551K->5551K(699072K)
[76.432s][info][gc,metaspace   ] GC(293) Metaspace: 23003K(23936K)->23003K(23936K) NonClass: 20226K(20736K)->20226K(20736K) Class: 2776K(3200K)->2776K(3200K)
[76.432s][info][gc             ] GC(293) Pause Young (Allocation Failure) 278M->5M(989M) 1.335ms
[76.432s][info][gc,cpu         ] GC(293) User=0.00s Sys=0.00s Real=0.00s
[76.688s][info][gc,start       ] GC(294) Pause Young (Allocation Failure)
[76.688s][info][gc,task        ] GC(294) Using 6 workers of 6 for evacuation
[76.690s][info][gc,heap        ] GC(294) ParNew: 280031K->375K(314560K)
[76.690s][info][gc,heap        ] GC(294) CMS: 5551K->5551K(699072K)
[76.690s][info][gc,metaspace   ] GC(294) Metaspace: 23003K(23936K)->23003K(23936K) NonClass: 20226K(20736K)->20226K(20736K) Class: 2776K(3200K)->2776K(3200K)
[76.690s][info][gc             ] GC(294) Pause Young (Allocation Failure) 278M->5M(989M) 1.442ms
[76.690s][info][gc,cpu         ] GC(294) User=0.00s Sys=0.00s Real=0.00s
[76.955s][info][gc,start       ] GC(295) Pause Young (Allocation Failure)
[76.955s][info][gc,task        ] GC(295) Using 6 workers of 6 for evacuation
[76.957s][info][gc,heap        ] GC(295) ParNew: 279991K->145K(314560K)
[76.957s][info][gc,heap        ] GC(295) CMS: 5551K->5779K(699072K)
[76.957s][info][gc,metaspace   ] GC(295) Metaspace: 23003K(23936K)->23003K(23936K) NonClass: 20226K(20736K)->20226K(20736K) Class: 2776K(3200K)->2776K(3200K)
[76.957s][info][gc             ] GC(295) Pause Young (Allocation Failure) 278M->5M(989M) 1.671ms
[76.957s][info][gc,cpu         ] GC(295) User=0.00s Sys=0.00s Real=0.00s
[77.161s][info][gc,start       ] GC(296) Pause Full (System.gc())
[77.161s][info][gc,phases,start] GC(296) Phase 1: Mark live objects
[77.166s][info][gc,phases      ] GC(296) Phase 1: Mark live objects 5.527ms
[77.166s][info][gc,phases,start] GC(296) Phase 2: Compute new object addresses
[77.186s][info][gc,phases      ] GC(296) Phase 2: Compute new object addresses 20.132ms
[77.186s][info][gc,phases,start] GC(296) Phase 3: Adjust pointers
[77.192s][info][gc,phases      ] GC(296) Phase 3: Adjust pointers 5.119ms
[77.192s][info][gc,phases,start] GC(296) Phase 4: Move objects
[77.192s][info][gc,phases      ] GC(296) Phase 4: Move objects 0.090ms
[77.192s][info][gc,heap        ] GC(296) ParNew: 157698K->0K(314560K)
[77.192s][info][gc,heap        ] GC(296) CMS: 5779K->5551K(699072K)
[77.192s][info][gc,metaspace   ] GC(296) Metaspace: 23003K(23936K)->23003K(23936K) NonClass: 20226K(20736K)->20226K(20736K) Class: 2776K(3200K)->2776K(3200K)
[77.192s][info][gc             ] GC(296) Pause Full (System.gc()) 159M->5M(989M) 31.813ms
[77.192s][info][gc,cpu         ] GC(296) User=0.05s Sys=0.00s Real=0.03s
[77.451s][info][gc,start       ] GC(297) Pause Young (Allocation Failure)
[77.451s][info][gc,task        ] GC(297) Using 6 workers of 6 for evacuation
[77.453s][info][gc,heap        ] GC(297) ParNew: 279616K->263K(314560K)
[77.453s][info][gc,heap        ] GC(297) CMS: 5551K->5551K(699072K)
[77.453s][info][gc,metaspace   ] GC(297) Metaspace: 23003K(23936K)->23003K(23936K) NonClass: 20226K(20736K)->20226K(20736K) Class: 2776K(3200K)->2776K(3200K)
[77.453s][info][gc             ] GC(297) Pause Young (Allocation Failure) 278M->5M(989M) 1.305ms
[77.453s][info][gc,cpu         ] GC(297) User=0.00s Sys=0.00s Real=0.00s
[77.739s][info][gc,start       ] GC(298) Pause Young (Allocation Failure)
[77.739s][info][gc,task        ] GC(298) Using 6 workers of 6 for evacuation
[77.740s][info][gc,heap        ] GC(298) ParNew: 279879K->284K(314560K)
[77.740s][info][gc,heap        ] GC(298) CMS: 5551K->5551K(699072K)
[77.740s][info][gc,metaspace   ] GC(298) Metaspace: 23003K(23936K)->23003K(23936K) NonClass: 20226K(20736K)->20226K(20736K) Class: 2776K(3200K)->2776K(3200K)
[77.741s][info][gc             ] GC(298) Pause Young (Allocation Failure) 278M->5M(989M) 1.154ms
[77.741s][info][gc,cpu         ] GC(298) User=0.00s Sys=0.00s Real=0.00s
[78.020s][info][gc,start       ] GC(299) Pause Young (Allocation Failure)
[78.020s][info][gc,task        ] GC(299) Using 6 workers of 6 for evacuation
[78.022s][info][gc,heap        ] GC(299) ParNew: 279900K->325K(314560K)
[78.022s][info][gc,heap        ] GC(299) CMS: 5551K->5551K(699072K)
[78.022s][info][gc,metaspace   ] GC(299) Metaspace: 23003K(23936K)->23003K(23936K) NonClass: 20226K(20736K)->20226K(20736K) Class: 2776K(3200K)->2776K(3200K)
[78.022s][info][gc             ] GC(299) Pause Young (Allocation Failure) 278M->5M(989M) 1.401ms
[78.022s][info][gc,cpu         ] GC(299) User=0.00s Sys=0.00s Real=0.00s
[78.274s][info][gc,start       ] GC(300) Pause Young (Allocation Failure)
[78.275s][info][gc,task        ] GC(300) Using 6 workers of 6 for evacuation
[78.276s][info][gc,heap        ] GC(300) ParNew: 279941K->304K(314560K)
[78.276s][info][gc,heap        ] GC(300) CMS: 5551K->5551K(699072K)
[78.276s][info][gc,metaspace   ] GC(300) Metaspace: 23003K(23936K)->23003K(23936K) NonClass: 20226K(20736K)->20226K(20736K) Class: 2776K(3200K)->2776K(3200K)
[78.276s][info][gc             ] GC(300) Pause Young (Allocation Failure) 278M->5M(989M) 1.556ms
[78.276s][info][gc,cpu         ] GC(300) User=0.00s Sys=0.00s Real=0.00s
[78.543s][info][gc,start       ] GC(301) Pause Young (Allocation Failure)
[78.543s][info][gc,task        ] GC(301) Using 6 workers of 6 for evacuation
[78.544s][info][gc,heap        ] GC(301) ParNew: 279920K->345K(314560K)
[78.544s][info][gc,heap        ] GC(301) CMS: 5551K->5551K(699072K)
[78.544s][info][gc,metaspace   ] GC(301) Metaspace: 23003K(23936K)->23003K(23936K) NonClass: 20226K(20736K)->20226K(20736K) Class: 2776K(3200K)->2776K(3200K)
[78.544s][info][gc             ] GC(301) Pause Young (Allocation Failure) 278M->5M(989M) 1.239ms
[78.544s][info][gc,cpu         ] GC(301) User=0.00s Sys=0.00s Real=0.00s
[78.806s][info][gc,start       ] GC(302) Pause Young (Allocation Failure)
[78.806s][info][gc,task        ] GC(302) Using 6 workers of 6 for evacuation
[78.807s][info][gc,heap        ] GC(302) ParNew: 279961K->386K(314560K)
[78.807s][info][gc,heap        ] GC(302) CMS: 5551K->5551K(699072K)
[78.807s][info][gc,metaspace   ] GC(302) Metaspace: 23003K(23936K)->23003K(23936K) NonClass: 20226K(20736K)->20226K(20736K) Class: 2776K(3200K)->2776K(3200K)
[78.807s][info][gc             ] GC(302) Pause Young (Allocation Failure) 278M->5M(989M) 1.454ms
[78.807s][info][gc,cpu         ] GC(302) User=0.00s Sys=0.00s Real=0.00s
[79.113s][info][gc,start       ] GC(303) Pause Young (Allocation Failure)
[79.113s][info][gc,task        ] GC(303) Using 6 workers of 6 for evacuation
[79.114s][info][gc,heap        ] GC(303) ParNew: 280002K->234K(314560K)
[79.114s][info][gc,heap        ] GC(303) CMS: 5551K->5779K(699072K)
[79.114s][info][gc,metaspace   ] GC(303) Metaspace: 23003K(23936K)->23003K(23936K) NonClass: 20226K(20736K)->20226K(20736K) Class: 2776K(3200K)->2776K(3200K)
[79.114s][info][gc             ] GC(303) Pause Young (Allocation Failure) 278M->5M(989M) 1.301ms
[79.114s][info][gc,cpu         ] GC(303) User=0.00s Sys=0.00s Real=0.00s
[79.268s][info][gc,start       ] GC(304) Pause Full (System.gc())
[79.268s][info][gc,phases,start] GC(304) Phase 1: Mark live objects
[79.275s][info][gc,phases      ] GC(304) Phase 1: Mark live objects 6.424ms
[79.275s][info][gc,phases,start] GC(304) Phase 2: Compute new object addresses
[79.293s][info][gc,phases      ] GC(304) Phase 2: Compute new object addresses 17.951ms
[79.293s][info][gc,phases,start] GC(304) Phase 3: Adjust pointers
[79.297s][info][gc,phases      ] GC(304) Phase 3: Adjust pointers 4.079ms
[79.297s][info][gc,phases,start] GC(304) Phase 4: Move objects
[79.297s][info][gc,phases      ] GC(304) Phase 4: Move objects 0.092ms
[79.297s][info][gc,heap        ] GC(304) ParNew: 124484K->0K(314560K)
[79.297s][info][gc,heap        ] GC(304) CMS: 5779K->5551K(699072K)
[79.297s][info][gc,metaspace   ] GC(304) Metaspace: 23003K(23936K)->23003K(23936K) NonClass: 20226K(20736K)->20226K(20736K) Class: 2776K(3200K)->2776K(3200K)
[79.297s][info][gc             ] GC(304) Pause Full (System.gc()) 127M->5M(989M) 29.568ms
[79.297s][info][gc,cpu         ] GC(304) User=0.03s Sys=0.00s Real=0.03s
[79.559s][info][gc,start       ] GC(305) Pause Young (Allocation Failure)
[79.559s][info][gc,task        ] GC(305) Using 6 workers of 6 for evacuation
[79.561s][info][gc,heap        ] GC(305) ParNew: 279616K->268K(314560K)
[79.561s][info][gc,heap        ] GC(305) CMS: 5551K->5551K(699072K)
[79.561s][info][gc,metaspace   ] GC(305) Metaspace: 23004K(23936K)->23004K(23936K) NonClass: 20227K(20736K)->20227K(20736K) Class: 2776K(3200K)->2776K(3200K)
[79.561s][info][gc             ] GC(305) Pause Young (Allocation Failure) 278M->5M(989M) 1.536ms
[79.561s][info][gc,cpu         ] GC(305) User=0.00s Sys=0.00s Real=0.00s
[79.857s][info][gc,start       ] GC(306) Pause Young (Allocation Failure)
[79.857s][info][gc,task        ] GC(306) Using 6 workers of 6 for evacuation
[79.859s][info][gc,heap        ] GC(306) ParNew: 279884K->293K(314560K)
[79.859s][info][gc,heap        ] GC(306) CMS: 5551K->5551K(699072K)
[79.859s][info][gc,metaspace   ] GC(306) Metaspace: 23004K(23936K)->23004K(23936K) NonClass: 20227K(20736K)->20227K(20736K) Class: 2776K(3200K)->2776K(3200K)
[79.859s][info][gc             ] GC(306) Pause Young (Allocation Failure) 278M->5M(989M) 1.329ms
[79.859s][info][gc,cpu         ] GC(306) User=0.00s Sys=0.00s Real=0.00s
[80.112s][info][gc,start       ] GC(307) Pause Young (Allocation Failure)
[80.112s][info][gc,task        ] GC(307) Using 6 workers of 6 for evacuation
[80.113s][info][gc,heap        ] GC(307) ParNew: 279909K->326K(314560K)
[80.113s][info][gc,heap        ] GC(307) CMS: 5551K->5551K(699072K)
[80.113s][info][gc,metaspace   ] GC(307) Metaspace: 23004K(23936K)->23004K(23936K) NonClass: 20227K(20736K)->20227K(20736K) Class: 2776K(3200K)->2776K(3200K)
[80.113s][info][gc             ] GC(307) Pause Young (Allocation Failure) 278M->5M(989M) 1.466ms
[80.113s][info][gc,cpu         ] GC(307) User=0.00s Sys=0.00s Real=0.00s
[80.366s][info][gc,start       ] GC(308) Pause Young (Allocation Failure)
[80.367s][info][gc,task        ] GC(308) Using 6 workers of 6 for evacuation
[80.368s][info][gc,heap        ] GC(308) ParNew: 279942K->308K(314560K)
[80.368s][info][gc,heap        ] GC(308) CMS: 5551K->5551K(699072K)
[80.368s][info][gc,metaspace   ] GC(308) Metaspace: 23004K(23936K)->23004K(23936K) NonClass: 20227K(20736K)->20227K(20736K) Class: 2776K(3200K)->2776K(3200K)
[80.368s][info][gc             ] GC(308) Pause Young (Allocation Failure) 278M->5M(989M) 1.380ms
[80.368s][info][gc,cpu         ] GC(308) User=0.00s Sys=0.00s Real=0.00s
[80.625s][info][gc,start       ] GC(309) Pause Young (Allocation Failure)
[80.625s][info][gc,task        ] GC(309) Using 6 workers of 6 for evacuation
[80.626s][info][gc,heap        ] GC(309) ParNew: 279924K->312K(314560K)
[80.626s][info][gc,heap        ] GC(309) CMS: 5551K->5551K(699072K)
[80.626s][info][gc,metaspace   ] GC(309) Metaspace: 23004K(23936K)->23004K(23936K) NonClass: 20227K(20736K)->20227K(20736K) Class: 2776K(3200K)->2776K(3200K)
[80.626s][info][gc             ] GC(309) Pause Young (Allocation Failure) 278M->5M(989M) 1.544ms
[80.626s][info][gc,cpu         ] GC(309) User=0.00s Sys=0.00s Real=0.00s
[80.879s][info][gc,start       ] GC(310) Pause Young (Allocation Failure)
[80.879s][info][gc,task        ] GC(310) Using 6 workers of 6 for evacuation
[80.881s][info][gc,heap        ] GC(310) ParNew: 279928K->395K(314560K)
[80.881s][info][gc,heap        ] GC(310) CMS: 5551K->5551K(699072K)
[80.881s][info][gc,metaspace   ] GC(310) Metaspace: 23004K(23936K)->23004K(23936K) NonClass: 20227K(20736K)->20227K(20736K) Class: 2776K(3200K)->2776K(3200K)
[80.881s][info][gc             ] GC(310) Pause Young (Allocation Failure) 278M->5M(989M) 1.323ms
[80.881s][info][gc,cpu         ] GC(310) User=0.00s Sys=0.00s Real=0.00s
[81.121s][info][gc,start       ] GC(311) Pause Young (Allocation Failure)
[81.121s][info][gc,task        ] GC(311) Using 6 workers of 6 for evacuation
[81.123s][info][gc,heap        ] GC(311) ParNew: 280011K->236K(314560K)
[81.123s][info][gc,heap        ] GC(311) CMS: 5551K->5779K(699072K)
[81.123s][info][gc,metaspace   ] GC(311) Metaspace: 23004K(23936K)->23004K(23936K) NonClass: 20227K(20736K)->20227K(20736K) Class: 2776K(3200K)->2776K(3200K)
[81.123s][info][gc             ] GC(311) Pause Young (Allocation Failure) 278M->5M(989M) 1.308ms
[81.123s][info][gc,cpu         ] GC(311) User=0.00s Sys=0.00s Real=0.00s
[81.407s][info][gc,start       ] GC(312) Pause Young (Allocation Failure)
[81.407s][info][gc,task        ] GC(312) Using 6 workers of 6 for evacuation
[81.408s][info][gc,heap        ] GC(312) ParNew: 279852K->86K(314560K)
[81.409s][info][gc,heap        ] GC(312) CMS: 5779K->5786K(699072K)
[81.409s][info][gc,metaspace   ] GC(312) Metaspace: 23004K(23936K)->23004K(23936K) NonClass: 20227K(20736K)->20227K(20736K) Class: 2776K(3200K)->2776K(3200K)
[81.409s][info][gc             ] GC(312) Pause Young (Allocation Failure) 278M->5M(989M) 1.468ms
[81.409s][info][gc,cpu         ] GC(312) User=0.00s Sys=0.00s Real=0.00s
[81.559s][info][gc,start       ] GC(313) Pause Full (System.gc())
[81.560s][info][gc,phases,start] GC(313) Phase 1: Mark live objects
[81.566s][info][gc,phases      ] GC(313) Phase 1: Mark live objects 6.132ms
[81.566s][info][gc,phases,start] GC(313) Phase 2: Compute new object addresses
[81.580s][info][gc,phases      ] GC(313) Phase 2: Compute new object addresses 14.564ms
[81.580s][info][gc,phases,start] GC(313) Phase 3: Adjust pointers
[81.584s][info][gc,phases      ] GC(313) Phase 3: Adjust pointers 4.125ms
[81.585s][info][gc,phases,start] GC(313) Phase 4: Move objects
[81.585s][info][gc,phases      ] GC(313) Phase 4: Move objects 0.099ms
[81.585s][info][gc,heap        ] GC(313) ParNew: 104179K->0K(314560K)
[81.585s][info][gc,heap        ] GC(313) CMS: 5786K->5551K(699072K)
[81.585s][info][gc,metaspace   ] GC(313) Metaspace: 23004K(23936K)->23004K(23936K) NonClass: 20227K(20736K)->20227K(20736K) Class: 2776K(3200K)->2776K(3200K)
[81.585s][info][gc             ] GC(313) Pause Full (System.gc()) 107M->5M(989M) 26.011ms
[81.585s][info][gc,cpu         ] GC(313) User=0.02s Sys=0.00s Real=0.02s
[81.851s][info][gc,start       ] GC(314) Pause Young (Allocation Failure)
[81.851s][info][gc,task        ] GC(314) Using 6 workers of 6 for evacuation
[81.852s][info][gc,heap        ] GC(314) ParNew: 279616K->229K(314560K)
[81.852s][info][gc,heap        ] GC(314) CMS: 5551K->5551K(699072K)
[81.852s][info][gc,metaspace   ] GC(314) Metaspace: 23005K(23936K)->23005K(23936K) NonClass: 20228K(20736K)->20228K(20736K) Class: 2776K(3200K)->2776K(3200K)
[81.852s][info][gc             ] GC(314) Pause Young (Allocation Failure) 278M->5M(989M) 1.129ms
[81.852s][info][gc,cpu         ] GC(314) User=0.00s Sys=0.00s Real=0.00s
[82.120s][info][gc,start       ] GC(315) Pause Young (Allocation Failure)
[82.121s][info][gc,task        ] GC(315) Using 6 workers of 6 for evacuation
[82.122s][info][gc,heap        ] GC(315) ParNew: 279845K->252K(314560K)
[82.122s][info][gc,heap        ] GC(315) CMS: 5551K->5551K(699072K)
[82.122s][info][gc,metaspace   ] GC(315) Metaspace: 23005K(23936K)->23005K(23936K) NonClass: 20228K(20736K)->20228K(20736K) Class: 2776K(3200K)->2776K(3200K)
[82.122s][info][gc             ] GC(315) Pause Young (Allocation Failure) 278M->5M(989M) 1.442ms
[82.122s][info][gc,cpu         ] GC(315) User=0.00s Sys=0.00s Real=0.00s
[82.385s][info][gc,start       ] GC(316) Pause Young (Allocation Failure)
[82.386s][info][gc,task        ] GC(316) Using 6 workers of 6 for evacuation
[82.387s][info][gc,heap        ] GC(316) ParNew: 279868K->284K(314560K)
[82.387s][info][gc,heap        ] GC(316) CMS: 5551K->5551K(699072K)
[82.387s][info][gc,metaspace   ] GC(316) Metaspace: 23005K(23936K)->23005K(23936K) NonClass: 20228K(20736K)->20228K(20736K) Class: 2776K(3200K)->2776K(3200K)
[82.387s][info][gc             ] GC(316) Pause Young (Allocation Failure) 278M->5M(989M) 1.516ms
[82.387s][info][gc,cpu         ] GC(316) User=0.02s Sys=0.00s Real=0.00s
[82.696s][info][gc,start       ] GC(317) Pause Young (Allocation Failure)
[82.696s][info][gc,task        ] GC(317) Using 6 workers of 6 for evacuation
[82.697s][info][gc,heap        ] GC(317) ParNew: 279900K->302K(314560K)
[82.697s][info][gc,heap        ] GC(317) CMS: 5551K->5551K(699072K)
[82.697s][info][gc,metaspace   ] GC(317) Metaspace: 23005K(23936K)->23005K(23936K) NonClass: 20228K(20736K)->20228K(20736K) Class: 2776K(3200K)->2776K(3200K)
[82.697s][info][gc             ] GC(317) Pause Young (Allocation Failure) 278M->5M(989M) 1.399ms
[82.698s][info][gc,cpu         ] GC(317) User=0.00s Sys=0.00s Real=0.00s
[82.976s][info][gc,start       ] GC(318) Pause Young (Allocation Failure)
[82.976s][info][gc,task        ] GC(318) Using 6 workers of 6 for evacuation
[82.977s][info][gc,heap        ] GC(318) ParNew: 279918K->354K(314560K)
[82.977s][info][gc,heap        ] GC(318) CMS: 5551K->5551K(699072K)
[82.977s][info][gc,metaspace   ] GC(318) Metaspace: 23005K(23936K)->23005K(23936K) NonClass: 20228K(20736K)->20228K(20736K) Class: 2776K(3200K)->2776K(3200K)
[82.977s][info][gc             ] GC(318) Pause Young (Allocation Failure) 278M->5M(989M) 1.417ms
[82.977s][info][gc,cpu         ] GC(318) User=0.00s Sys=0.00s Real=0.00s
[83.257s][info][gc,start       ] GC(319) Pause Young (Allocation Failure)
[83.257s][info][gc,task        ] GC(319) Using 6 workers of 6 for evacuation
[83.259s][info][gc,heap        ] GC(319) ParNew: 279970K->382K(314560K)
[83.259s][info][gc,heap        ] GC(319) CMS: 5551K->5551K(699072K)
[83.259s][info][gc,metaspace   ] GC(319) Metaspace: 23005K(23936K)->23005K(23936K) NonClass: 20228K(20736K)->20228K(20736K) Class: 2776K(3200K)->2776K(3200K)
[83.259s][info][gc             ] GC(319) Pause Young (Allocation Failure) 278M->5M(989M) 1.858ms
[83.259s][info][gc,cpu         ] GC(319) User=0.00s Sys=0.00s Real=0.00s
[83.454s][info][gc,start       ] GC(320) Pause Full (System.gc())
[83.454s][info][gc,phases,start] GC(320) Phase 1: Mark live objects
[83.459s][info][gc,phases      ] GC(320) Phase 1: Mark live objects 5.550ms
[83.459s][info][gc,phases,start] GC(320) Phase 2: Compute new object addresses
[83.484s][info][gc,phases      ] GC(320) Phase 2: Compute new object addresses 24.601ms
[83.484s][info][gc,phases,start] GC(320) Phase 3: Adjust pointers
[83.488s][info][gc,phases      ] GC(320) Phase 3: Adjust pointers 4.460ms
[83.488s][info][gc,phases,start] GC(320) Phase 4: Move objects
[83.489s][info][gc,phases      ] GC(320) Phase 4: Move objects 0.093ms
[83.489s][info][gc,heap        ] GC(320) ParNew: 182624K->0K(314560K)
[83.489s][info][gc,heap        ] GC(320) CMS: 5551K->5551K(699072K)
[83.489s][info][gc,metaspace   ] GC(320) Metaspace: 23005K(23936K)->23005K(23936K) NonClass: 20228K(20736K)->20228K(20736K) Class: 2776K(3200K)->2776K(3200K)
[83.489s][info][gc             ] GC(320) Pause Full (System.gc()) 183M->5M(989M) 35.651ms
[83.489s][info][gc,cpu         ] GC(320) User=0.00s Sys=0.00s Real=0.03s
[83.753s][info][gc,start       ] GC(321) Pause Young (Allocation Failure)
[83.753s][info][gc,task        ] GC(321) Using 6 workers of 6 for evacuation
[83.754s][info][gc,heap        ] GC(321) ParNew: 279616K->340K(314560K)
[83.754s][info][gc,heap        ] GC(321) CMS: 5551K->5551K(699072K)
[83.754s][info][gc,metaspace   ] GC(321) Metaspace: 23005K(23936K)->23005K(23936K) NonClass: 20228K(20736K)->20228K(20736K) Class: 2776K(3200K)->2776K(3200K)
[83.754s][info][gc             ] GC(321) Pause Young (Allocation Failure) 278M->5M(989M) 1.277ms
[83.754s][info][gc,cpu         ] GC(321) User=0.00s Sys=0.00s Real=0.00s
[84.008s][info][gc,start       ] GC(322) Pause Young (Allocation Failure)
[84.008s][info][gc,task        ] GC(322) Using 6 workers of 6 for evacuation
[84.009s][info][gc,heap        ] GC(322) ParNew: 279956K->410K(314560K)
[84.009s][info][gc,heap        ] GC(322) CMS: 5551K->5551K(699072K)
[84.009s][info][gc,metaspace   ] GC(322) Metaspace: 23005K(23936K)->23005K(23936K) NonClass: 20228K(20736K)->20228K(20736K) Class: 2776K(3200K)->2776K(3200K)
[84.009s][info][gc             ] GC(322) Pause Young (Allocation Failure) 278M->5M(989M) 1.122ms
[84.009s][info][gc,cpu         ] GC(322) User=0.00s Sys=0.00s Real=0.00s
[84.249s][info][gc,start       ] GC(323) Pause Young (Allocation Failure)
[84.249s][info][gc,task        ] GC(323) Using 6 workers of 6 for evacuation
[84.251s][info][gc,heap        ] GC(323) ParNew: 280026K->337K(314560K)
[84.251s][info][gc,heap        ] GC(323) CMS: 5551K->5551K(699072K)
[84.251s][info][gc,metaspace   ] GC(323) Metaspace: 23005K(23936K)->23005K(23936K) NonClass: 20228K(20736K)->20228K(20736K) Class: 2776K(3200K)->2776K(3200K)
[84.251s][info][gc             ] GC(323) Pause Young (Allocation Failure) 278M->5M(989M) 1.511ms
[84.251s][info][gc,cpu         ] GC(323) User=0.00s Sys=0.00s Real=0.00s
[84.543s][info][gc,start       ] GC(324) Pause Young (Allocation Failure)
[84.543s][info][gc,task        ] GC(324) Using 6 workers of 6 for evacuation
[84.544s][info][gc,heap        ] GC(324) ParNew: 279953K->363K(314560K)
[84.544s][info][gc,heap        ] GC(324) CMS: 5551K->5551K(699072K)
[84.544s][info][gc,metaspace   ] GC(324) Metaspace: 23005K(23936K)->23005K(23936K) NonClass: 20228K(20736K)->20228K(20736K) Class: 2776K(3200K)->2776K(3200K)
[84.544s][info][gc             ] GC(324) Pause Young (Allocation Failure) 278M->5M(989M) 1.496ms
[84.544s][info][gc,cpu         ] GC(324) User=0.00s Sys=0.00s Real=0.00s
[84.810s][info][gc,start       ] GC(325) Pause Young (Allocation Failure)
[84.810s][info][gc,task        ] GC(325) Using 6 workers of 6 for evacuation
[84.811s][info][gc,heap        ] GC(325) ParNew: 279979K->400K(314560K)
[84.811s][info][gc,heap        ] GC(325) CMS: 5551K->5551K(699072K)
[84.811s][info][gc,metaspace   ] GC(325) Metaspace: 23005K(23936K)->23005K(23936K) NonClass: 20228K(20736K)->20228K(20736K) Class: 2776K(3200K)->2776K(3200K)
[84.811s][info][gc             ] GC(325) Pause Young (Allocation Failure) 278M->5M(989M) 1.102ms
[84.811s][info][gc,cpu         ] GC(325) User=0.00s Sys=0.00s Real=0.00s
[85.090s][info][gc,start       ] GC(326) Pause Young (Allocation Failure)
[85.090s][info][gc,task        ] GC(326) Using 6 workers of 6 for evacuation
[85.092s][info][gc,heap        ] GC(326) ParNew: 280016K->355K(314560K)
[85.092s][info][gc,heap        ] GC(326) CMS: 5551K->5551K(699072K)
[85.092s][info][gc,metaspace   ] GC(326) Metaspace: 23005K(23936K)->23005K(23936K) NonClass: 20228K(20736K)->20228K(20736K) Class: 2776K(3200K)->2776K(3200K)
[85.092s][info][gc             ] GC(326) Pause Young (Allocation Failure) 278M->5M(989M) 1.354ms
[85.092s][info][gc,cpu         ] GC(326) User=0.00s Sys=0.00s Real=0.00s
[85.323s][info][gc,start       ] GC(327) Pause Young (Allocation Failure)
[85.323s][info][gc,task        ] GC(327) Using 6 workers of 6 for evacuation
[85.324s][info][gc,heap        ] GC(327) ParNew: 279971K->200K(314560K)
[85.324s][info][gc,heap        ] GC(327) CMS: 5551K->5779K(699072K)
[85.324s][info][gc,metaspace   ] GC(327) Metaspace: 23005K(23936K)->23005K(23936K) NonClass: 20228K(20736K)->20228K(20736K) Class: 2776K(3200K)->2776K(3200K)
[85.324s][info][gc             ] GC(327) Pause Young (Allocation Failure) 278M->5M(989M) 1.480ms
[85.324s][info][gc,cpu         ] GC(327) User=0.00s Sys=0.00s Real=0.00s
[85.596s][info][gc,start       ] GC(328) Pause Full (System.gc())
[85.596s][info][gc,phases,start] GC(328) Phase 1: Mark live objects
[85.602s][info][gc,phases      ] GC(328) Phase 1: Mark live objects 5.991ms
[85.602s][info][gc,phases,start] GC(328) Phase 2: Compute new object addresses
[85.630s][info][gc,phases      ] GC(328) Phase 2: Compute new object addresses 28.202ms
[85.630s][info][gc,phases,start] GC(328) Phase 3: Adjust pointers
[85.635s][info][gc,phases      ] GC(328) Phase 3: Adjust pointers 4.532ms
[85.635s][info][gc,phases,start] GC(328) Phase 4: Move objects
[85.635s][info][gc,phases      ] GC(328) Phase 4: Move objects 0.114ms
[85.636s][info][gc,heap        ] GC(328) ParNew: 209392K->0K(314560K)
[85.636s][info][gc,heap        ] GC(328) CMS: 5779K->5551K(699072K)
[85.636s][info][gc,metaspace   ] GC(328) Metaspace: 23005K(23936K)->23005K(23936K) NonClass: 20228K(20736K)->20228K(20736K) Class: 2776K(3200K)->2776K(3200K)
[85.636s][info][gc             ] GC(328) Pause Full (System.gc()) 210M->5M(989M) 39.808ms
[85.636s][info][gc,cpu         ] GC(328) User=0.03s Sys=0.00s Real=0.03s
[85.898s][info][gc,start       ] GC(329) Pause Young (Allocation Failure)
[85.898s][info][gc,task        ] GC(329) Using 6 workers of 6 for evacuation
[85.899s][info][gc,heap        ] GC(329) ParNew: 279616K->259K(314560K)
[85.899s][info][gc,heap        ] GC(329) CMS: 5551K->5551K(699072K)
[85.899s][info][gc,metaspace   ] GC(329) Metaspace: 23005K(23936K)->23005K(23936K) NonClass: 20228K(20736K)->20228K(20736K) Class: 2776K(3200K)->2776K(3200K)
[85.899s][info][gc             ] GC(329) Pause Young (Allocation Failure) 278M->5M(989M) 1.181ms
[85.899s][info][gc,cpu         ] GC(329) User=0.00s Sys=0.00s Real=0.00s
[86.148s][info][gc,start       ] GC(330) Pause Young (Allocation Failure)
[86.148s][info][gc,task        ] GC(330) Using 6 workers of 6 for evacuation
[86.150s][info][gc,heap        ] GC(330) ParNew: 279875K->262K(314560K)
[86.150s][info][gc,heap        ] GC(330) CMS: 5551K->5551K(699072K)
[86.150s][info][gc,metaspace   ] GC(330) Metaspace: 23005K(23936K)->23005K(23936K) NonClass: 20228K(20736K)->20228K(20736K) Class: 2776K(3200K)->2776K(3200K)
[86.150s][info][gc             ] GC(330) Pause Young (Allocation Failure) 278M->5M(989M) 1.466ms
[86.150s][info][gc,cpu         ] GC(330) User=0.00s Sys=0.00s Real=0.00s
[86.405s][info][gc,start       ] GC(331) Pause Young (Allocation Failure)
[86.405s][info][gc,task        ] GC(331) Using 6 workers of 6 for evacuation
[86.407s][info][gc,heap        ] GC(331) ParNew: 279878K->315K(314560K)
[86.407s][info][gc,heap        ] GC(331) CMS: 5551K->5551K(699072K)
[86.407s][info][gc,metaspace   ] GC(331) Metaspace: 23005K(23936K)->23005K(23936K) NonClass: 20228K(20736K)->20228K(20736K) Class: 2776K(3200K)->2776K(3200K)
[86.407s][info][gc             ] GC(331) Pause Young (Allocation Failure) 278M->5M(989M) 1.595ms
[86.407s][info][gc,cpu         ] GC(331) User=0.00s Sys=0.00s Real=0.00s
[86.670s][info][gc,start       ] GC(332) Pause Young (Allocation Failure)
[86.670s][info][gc,task        ] GC(332) Using 6 workers of 6 for evacuation
[86.672s][info][gc,heap        ] GC(332) ParNew: 279931K->353K(314560K)
[86.672s][info][gc,heap        ] GC(332) CMS: 5551K->5551K(699072K)
[86.672s][info][gc,metaspace   ] GC(332) Metaspace: 23005K(23936K)->23005K(23936K) NonClass: 20228K(20736K)->20228K(20736K) Class: 2776K(3200K)->2776K(3200K)
[86.672s][info][gc             ] GC(332) Pause Young (Allocation Failure) 278M->5M(989M) 1.427ms
[86.672s][info][gc,cpu         ] GC(332) User=0.00s Sys=0.00s Real=0.00s
[86.923s][info][gc,start       ] GC(333) Pause Young (Allocation Failure)
[86.923s][info][gc,task        ] GC(333) Using 6 workers of 6 for evacuation
[86.924s][info][gc,heap        ] GC(333) ParNew: 279969K->411K(314560K)
[86.924s][info][gc,heap        ] GC(333) CMS: 5551K->5551K(699072K)
[86.924s][info][gc,metaspace   ] GC(333) Metaspace: 23005K(23936K)->23005K(23936K) NonClass: 20228K(20736K)->20228K(20736K) Class: 2776K(3200K)->2776K(3200K)
[86.924s][info][gc             ] GC(333) Pause Young (Allocation Failure) 278M->5M(989M) 1.272ms
[86.924s][info][gc,cpu         ] GC(333) User=0.00s Sys=0.00s Real=0.00s
[87.172s][info][gc,start       ] GC(334) Pause Young (Allocation Failure)
[87.172s][info][gc,task        ] GC(334) Using 6 workers of 6 for evacuation
[87.174s][info][gc,heap        ] GC(334) ParNew: 280027K->376K(314560K)
[87.174s][info][gc,heap        ] GC(334) CMS: 5551K->5551K(699072K)
[87.174s][info][gc,metaspace   ] GC(334) Metaspace: 23005K(23936K)->23005K(23936K) NonClass: 20228K(20736K)->20228K(20736K) Class: 2776K(3200K)->2776K(3200K)
[87.174s][info][gc             ] GC(334) Pause Young (Allocation Failure) 278M->5M(989M) 1.584ms
[87.174s][info][gc,cpu         ] GC(334) User=0.00s Sys=0.00s Real=0.00s
[87.483s][info][gc,start       ] GC(335) Pause Young (Allocation Failure)
[87.483s][info][gc,task        ] GC(335) Using 6 workers of 6 for evacuation
[87.484s][info][gc,heap        ] GC(335) ParNew: 279992K->169K(314560K)
[87.484s][info][gc,heap        ] GC(335) CMS: 5551K->5779K(699072K)
[87.484s][info][gc,metaspace   ] GC(335) Metaspace: 23005K(23936K)->23005K(23936K) NonClass: 20228K(20736K)->20228K(20736K) Class: 2776K(3200K)->2776K(3200K)
[87.484s][info][gc             ] GC(335) Pause Young (Allocation Failure) 278M->5M(989M) 1.146ms
[87.484s][info][gc,cpu         ] GC(335) User=0.00s Sys=0.00s Real=0.00s
[87.753s][info][gc,start       ] GC(336) Pause Full (System.gc())
[87.754s][info][gc,phases,start] GC(336) Phase 1: Mark live objects
[87.759s][info][gc,phases      ] GC(336) Phase 1: Mark live objects 5.544ms
[87.759s][info][gc,phases,start] GC(336) Phase 2: Compute new object addresses
[87.791s][info][gc,phases      ] GC(336) Phase 2: Compute new object addresses 31.541ms
[87.791s][info][gc,phases,start] GC(336) Phase 3: Adjust pointers
[87.795s][info][gc,phases      ] GC(336) Phase 3: Adjust pointers 4.011ms
[87.795s][info][gc,phases,start] GC(336) Phase 4: Move objects
[87.795s][info][gc,phases      ] GC(336) Phase 4: Move objects 0.093ms
[87.796s][info][gc,heap        ] GC(336) ParNew: 242768K->0K(314560K)
[87.796s][info][gc,heap        ] GC(336) CMS: 5779K->5551K(699072K)
[87.796s][info][gc,metaspace   ] GC(336) Metaspace: 23005K(23936K)->23005K(23936K) NonClass: 20228K(20736K)->20228K(20736K) Class: 2776K(3200K)->2776K(3200K)
[87.796s][info][gc             ] GC(336) Pause Full (System.gc()) 242M->5M(989M) 42.423ms
[87.796s][info][gc,cpu         ] GC(336) User=0.02s Sys=0.00s Real=0.05s
[88.059s][info][gc,start       ] GC(337) Pause Young (Allocation Failure)
[88.059s][info][gc,task        ] GC(337) Using 6 workers of 6 for evacuation
[88.060s][info][gc,heap        ] GC(337) ParNew: 279616K->262K(314560K)
[88.060s][info][gc,heap        ] GC(337) CMS: 5551K->5551K(699072K)
[88.060s][info][gc,metaspace   ] GC(337) Metaspace: 23005K(23936K)->23005K(23936K) NonClass: 20228K(20736K)->20228K(20736K) Class: 2776K(3200K)->2776K(3200K)
[88.060s][info][gc             ] GC(337) Pause Young (Allocation Failure) 278M->5M(989M) 1.329ms
[88.060s][info][gc,cpu         ] GC(337) User=0.00s Sys=0.00s Real=0.00s
[88.379s][info][gc,start       ] GC(338) Pause Young (Allocation Failure)
[88.379s][info][gc,task        ] GC(338) Using 6 workers of 6 for evacuation
[88.380s][info][gc,heap        ] GC(338) ParNew: 279878K->251K(314560K)
[88.380s][info][gc,heap        ] GC(338) CMS: 5551K->5551K(699072K)
[88.380s][info][gc,metaspace   ] GC(338) Metaspace: 23005K(23936K)->23005K(23936K) NonClass: 20228K(20736K)->20228K(20736K) Class: 2776K(3200K)->2776K(3200K)
[88.380s][info][gc             ] GC(338) Pause Young (Allocation Failure) 278M->5M(989M) 1.449ms
[88.380s][info][gc,cpu         ] GC(338) User=0.00s Sys=0.00s Real=0.00s
[88.645s][info][gc,start       ] GC(339) Pause Young (Allocation Failure)
[88.645s][info][gc,task        ] GC(339) Using 6 workers of 6 for evacuation
[88.646s][info][gc,heap        ] GC(339) ParNew: 279867K->278K(314560K)
[88.646s][info][gc,heap        ] GC(339) CMS: 5551K->5551K(699072K)
[88.646s][info][gc,metaspace   ] GC(339) Metaspace: 23005K(23936K)->23005K(23936K) NonClass: 20228K(20736K)->20228K(20736K) Class: 2776K(3200K)->2776K(3200K)
[88.646s][info][gc             ] GC(339) Pause Young (Allocation Failure) 278M->5M(989M) 1.644ms
[88.646s][info][gc,cpu         ] GC(339) User=0.00s Sys=0.00s Real=0.00s
[88.927s][info][gc,start       ] GC(340) Pause Young (Allocation Failure)
[88.927s][info][gc,task        ] GC(340) Using 6 workers of 6 for evacuation
[88.928s][info][gc,heap        ] GC(340) ParNew: 279894K->322K(314560K)
[88.928s][info][gc,heap        ] GC(340) CMS: 5551K->5551K(699072K)
[88.928s][info][gc,metaspace   ] GC(340) Metaspace: 23005K(23936K)->23005K(23936K) NonClass: 20228K(20736K)->20228K(20736K) Class: 2776K(3200K)->2776K(3200K)
[88.928s][info][gc             ] GC(340) Pause Young (Allocation Failure) 278M->5M(989M) 1.262ms
[88.928s][info][gc,cpu         ] GC(340) User=0.00s Sys=0.00s Real=0.00s
[89.196s][info][gc,start       ] GC(341) Pause Young (Allocation Failure)
[89.196s][info][gc,task        ] GC(341) Using 6 workers of 6 for evacuation
[89.197s][info][gc,heap        ] GC(341) ParNew: 279938K->348K(314560K)
[89.197s][info][gc,heap        ] GC(341) CMS: 5551K->5551K(699072K)
[89.197s][info][gc,metaspace   ] GC(341) Metaspace: 23005K(23936K)->23005K(23936K) NonClass: 20228K(20736K)->20228K(20736K) Class: 2776K(3200K)->2776K(3200K)
[89.197s][info][gc             ] GC(341) Pause Young (Allocation Failure) 278M->5M(989M) 1.045ms
[89.197s][info][gc,cpu         ] GC(341) User=0.00s Sys=0.00s Real=0.00s
[89.466s][info][gc,start       ] GC(342) Pause Young (Allocation Failure)
[89.466s][info][gc,task        ] GC(342) Using 6 workers of 6 for evacuation
[89.467s][info][gc,heap        ] GC(342) ParNew: 279964K->399K(314560K)
[89.467s][info][gc,heap        ] GC(342) CMS: 5551K->5551K(699072K)
[89.467s][info][gc,metaspace   ] GC(342) Metaspace: 23005K(23936K)->23005K(23936K) NonClass: 20228K(20736K)->20228K(20736K) Class: 2776K(3200K)->2776K(3200K)
[89.467s][info][gc             ] GC(342) Pause Young (Allocation Failure) 278M->5M(989M) 1.107ms
[89.467s][info][gc,cpu         ] GC(342) User=0.00s Sys=0.00s Real=0.00s
[89.717s][info][gc,start       ] GC(343) Pause Young (Allocation Failure)
[89.717s][info][gc,task        ] GC(343) Using 6 workers of 6 for evacuation
[89.719s][info][gc,heap        ] GC(343) ParNew: 280015K->214K(314560K)
[89.719s][info][gc,heap        ] GC(343) CMS: 5551K->5779K(699072K)
[89.719s][info][gc,metaspace   ] GC(343) Metaspace: 23005K(23936K)->23005K(23936K) NonClass: 20228K(20736K)->20228K(20736K) Class: 2776K(3200K)->2776K(3200K)
[89.719s][info][gc             ] GC(343) Pause Young (Allocation Failure) 278M->5M(989M) 1.574ms
[89.719s][info][gc,cpu         ] GC(343) User=0.00s Sys=0.00s Real=0.00s
[89.976s][info][gc,start       ] GC(344) Pause Full (System.gc())
[89.976s][info][gc,phases,start] GC(344) Phase 1: Mark live objects
[89.982s][info][gc,phases      ] GC(344) Phase 1: Mark live objects 6.105ms
[89.982s][info][gc,phases,start] GC(344) Phase 2: Compute new object addresses
[90.009s][info][gc,phases      ] GC(344) Phase 2: Compute new object addresses 26.804ms
[90.009s][info][gc,phases,start] GC(344) Phase 3: Adjust pointers
[90.013s][info][gc,phases      ] GC(344) Phase 3: Adjust pointers 4.032ms
[90.013s][info][gc,phases,start] GC(344) Phase 4: Move objects
[90.013s][info][gc,phases      ] GC(344) Phase 4: Move objects 0.092ms
[90.014s][info][gc,heap        ] GC(344) ParNew: 202217K->0K(314560K)
[90.014s][info][gc,heap        ] GC(344) CMS: 5779K->5551K(699072K)
[90.014s][info][gc,metaspace   ] GC(344) Metaspace: 23005K(23936K)->23005K(23936K) NonClass: 20228K(20736K)->20228K(20736K) Class: 2776K(3200K)->2776K(3200K)
[90.014s][info][gc             ] GC(344) Pause Full (System.gc()) 203M->5M(989M) 37.950ms
[90.014s][info][gc,cpu         ] GC(344) User=0.00s Sys=0.00s Real=0.04s
[90.274s][info][gc,start       ] GC(345) Pause Young (Allocation Failure)
[90.274s][info][gc,task        ] GC(345) Using 6 workers of 6 for evacuation
[90.276s][info][gc,heap        ] GC(345) ParNew: 279616K->270K(314560K)
[90.276s][info][gc,heap        ] GC(345) CMS: 5551K->5551K(699072K)
[90.276s][info][gc,metaspace   ] GC(345) Metaspace: 23005K(23936K)->23005K(23936K) NonClass: 20228K(20736K)->20228K(20736K) Class: 2776K(3200K)->2776K(3200K)
[90.276s][info][gc             ] GC(345) Pause Young (Allocation Failure) 278M->5M(989M) 1.390ms
[90.276s][info][gc,cpu         ] GC(345) User=0.00s Sys=0.00s Real=0.00s
[90.517s][info][gc,start       ] GC(346) Pause Young (Allocation Failure)
[90.517s][info][gc,task        ] GC(346) Using 6 workers of 6 for evacuation
[90.518s][info][gc,heap        ] GC(346) ParNew: 279886K->280K(314560K)
[90.518s][info][gc,heap        ] GC(346) CMS: 5551K->5551K(699072K)
[90.518s][info][gc,metaspace   ] GC(346) Metaspace: 23005K(23936K)->23005K(23936K) NonClass: 20228K(20736K)->20228K(20736K) Class: 2776K(3200K)->2776K(3200K)
[90.518s][info][gc             ] GC(346) Pause Young (Allocation Failure) 278M->5M(989M) 1.086ms
[90.518s][info][gc,cpu         ] GC(346) User=0.00s Sys=0.00s Real=0.00s
[90.783s][info][gc,start       ] GC(347) Pause Young (Allocation Failure)
[90.783s][info][gc,task        ] GC(347) Using 6 workers of 6 for evacuation
[90.785s][info][gc,heap        ] GC(347) ParNew: 279896K->326K(314560K)
[90.785s][info][gc,heap        ] GC(347) CMS: 5551K->5551K(699072K)
[90.785s][info][gc,metaspace   ] GC(347) Metaspace: 23005K(23936K)->23005K(23936K) NonClass: 20228K(20736K)->20228K(20736K) Class: 2776K(3200K)->2776K(3200K)
[90.785s][info][gc             ] GC(347) Pause Young (Allocation Failure) 278M->5M(989M) 1.416ms
[90.785s][info][gc,cpu         ] GC(347) User=0.00s Sys=0.00s Real=0.00s
[91.056s][info][gc,start       ] GC(348) Pause Young (Allocation Failure)
[91.056s][info][gc,task        ] GC(348) Using 6 workers of 6 for evacuation
[91.057s][info][gc,heap        ] GC(348) ParNew: 279942K->374K(314560K)
[91.057s][info][gc,heap        ] GC(348) CMS: 5551K->5551K(699072K)
[91.057s][info][gc,metaspace   ] GC(348) Metaspace: 23005K(23936K)->23005K(23936K) NonClass: 20228K(20736K)->20228K(20736K) Class: 2776K(3200K)->2776K(3200K)
[91.057s][info][gc             ] GC(348) Pause Young (Allocation Failure) 278M->5M(989M) 1.338ms
[91.057s][info][gc,cpu         ] GC(348) User=0.00s Sys=0.00s Real=0.00s
[91.305s][info][gc,start       ] GC(349) Pause Young (Allocation Failure)
[91.305s][info][gc,task        ] GC(349) Using 6 workers of 6 for evacuation
[91.306s][info][gc,heap        ] GC(349) ParNew: 279990K->333K(314560K)
[91.306s][info][gc,heap        ] GC(349) CMS: 5551K->5551K(699072K)
[91.306s][info][gc,metaspace   ] GC(349) Metaspace: 23005K(23936K)->23005K(23936K) NonClass: 20228K(20736K)->20228K(20736K) Class: 2776K(3200K)->2776K(3200K)
[91.306s][info][gc             ] GC(349) Pause Young (Allocation Failure) 278M->5M(989M) 1.180ms
[91.306s][info][gc,cpu         ] GC(349) User=0.00s Sys=0.00s Real=0.00s
[91.553s][info][gc,start       ] GC(350) Pause Young (Allocation Failure)
[91.553s][info][gc,task        ] GC(350) Using 6 workers of 6 for evacuation
[91.554s][info][gc,heap        ] GC(350) ParNew: 279949K->443K(314560K)
[91.554s][info][gc,heap        ] GC(350) CMS: 5551K->5551K(699072K)
[91.554s][info][gc,metaspace   ] GC(350) Metaspace: 23005K(23936K)->23005K(23936K) NonClass: 20228K(20736K)->20228K(20736K) Class: 2776K(3200K)->2776K(3200K)
[91.554s][info][gc             ] GC(350) Pause Young (Allocation Failure) 278M->5M(989M) 1.056ms
[91.554s][info][gc,cpu         ] GC(350) User=0.00s Sys=0.00s Real=0.00s
[91.832s][info][gc,start       ] GC(351) Pause Young (Allocation Failure)
[91.832s][info][gc,task        ] GC(351) Using 6 workers of 6 for evacuation
[91.833s][info][gc,heap        ] GC(351) ParNew: 280059K->125K(314560K)
[91.833s][info][gc,heap        ] GC(351) CMS: 5551K->5779K(699072K)
[91.833s][info][gc,metaspace   ] GC(351) Metaspace: 23005K(23936K)->23005K(23936K) NonClass: 20228K(20736K)->20228K(20736K) Class: 2776K(3200K)->2776K(3200K)
[91.833s][info][gc             ] GC(351) Pause Young (Allocation Failure) 278M->5M(989M) 1.276ms
[91.833s][info][gc,cpu         ] GC(351) User=0.00s Sys=0.00s Real=0.00s
[92.149s][info][gc,start       ] GC(352) Pause Young (Allocation Failure)
[92.149s][info][gc,task        ] GC(352) Using 6 workers of 6 for evacuation
[92.150s][info][gc,heap        ] GC(352) ParNew: 279741K->61K(314560K)
[92.150s][info][gc,heap        ] GC(352) CMS: 5779K->5785K(699072K)
[92.150s][info][gc,metaspace   ] GC(352) Metaspace: 23005K(23936K)->23005K(23936K) NonClass: 20228K(20736K)->20228K(20736K) Class: 2776K(3200K)->2776K(3200K)
[92.150s][info][gc             ] GC(352) Pause Young (Allocation Failure) 278M->5M(989M) 1.583ms
[92.150s][info][gc,cpu         ] GC(352) User=0.00s Sys=0.00s Real=0.00s
[92.202s][info][gc,start       ] GC(353) Pause Full (System.gc())
[92.202s][info][gc,phases,start] GC(353) Phase 1: Mark live objects
[92.208s][info][gc,phases      ] GC(353) Phase 1: Mark live objects 6.033ms
[92.208s][info][gc,phases,start] GC(353) Phase 2: Compute new object addresses
[92.213s][info][gc,phases      ] GC(353) Phase 2: Compute new object addresses 4.818ms
[92.213s][info][gc,phases,start] GC(353) Phase 3: Adjust pointers
[92.217s][info][gc,phases      ] GC(353) Phase 3: Adjust pointers 4.281ms
[92.217s][info][gc,phases,start] GC(353) Phase 4: Move objects
[92.217s][info][gc,phases      ] GC(353) Phase 4: Move objects 0.122ms
[92.218s][info][gc,heap        ] GC(353) ParNew: 21320K->0K(314560K)
[92.218s][info][gc,heap        ] GC(353) CMS: 5785K->5551K(699072K)
[92.218s][info][gc,metaspace   ] GC(353) Metaspace: 23005K(23936K)->23005K(23936K) NonClass: 20228K(20736K)->20228K(20736K) Class: 2776K(3200K)->2776K(3200K)
[92.218s][info][gc             ] GC(353) Pause Full (System.gc()) 26M->5M(989M) 16.154ms
[92.218s][info][gc,cpu         ] GC(353) User=0.02s Sys=0.00s Real=0.02s
[92.475s][info][gc,start       ] GC(354) Pause Young (Allocation Failure)
[92.475s][info][gc,task        ] GC(354) Using 6 workers of 6 for evacuation
[92.477s][info][gc,heap        ] GC(354) ParNew: 279616K->247K(314560K)
[92.477s][info][gc,heap        ] GC(354) CMS: 5551K->5551K(699072K)
[92.477s][info][gc,metaspace   ] GC(354) Metaspace: 23005K(23936K)->23005K(23936K) NonClass: 20228K(20736K)->20228K(20736K) Class: 2776K(3200K)->2776K(3200K)
[92.477s][info][gc             ] GC(354) Pause Young (Allocation Failure) 278M->5M(989M) 1.514ms
[92.477s][info][gc,cpu         ] GC(354) User=0.00s Sys=0.00s Real=0.00s
[92.748s][info][gc,start       ] GC(355) Pause Young (Allocation Failure)
[92.748s][info][gc,task        ] GC(355) Using 6 workers of 6 for evacuation
[92.749s][info][gc,heap        ] GC(355) ParNew: 279863K->272K(314560K)
[92.749s][info][gc,heap        ] GC(355) CMS: 5551K->5551K(699072K)
[92.749s][info][gc,metaspace   ] GC(355) Metaspace: 23005K(23936K)->23005K(23936K) NonClass: 20228K(20736K)->20228K(20736K) Class: 2776K(3200K)->2776K(3200K)
[92.749s][info][gc             ] GC(355) Pause Young (Allocation Failure) 278M->5M(989M) 1.228ms
[92.749s][info][gc,cpu         ] GC(355) User=0.00s Sys=0.00s Real=0.00s
[92.998s][info][gc,start       ] GC(356) Pause Young (Allocation Failure)
[92.998s][info][gc,task        ] GC(356) Using 6 workers of 6 for evacuation
[92.999s][info][gc,heap        ] GC(356) ParNew: 279888K->292K(314560K)
[92.999s][info][gc,heap        ] GC(356) CMS: 5551K->5551K(699072K)
[92.999s][info][gc,metaspace   ] GC(356) Metaspace: 23005K(23936K)->23005K(23936K) NonClass: 20228K(20736K)->20228K(20736K) Class: 2776K(3200K)->2776K(3200K)
[92.999s][info][gc             ] GC(356) Pause Young (Allocation Failure) 278M->5M(989M) 1.372ms
[92.999s][info][gc,cpu         ] GC(356) User=0.00s Sys=0.00s Real=0.00s
[93.260s][info][gc,start       ] GC(357) Pause Young (Allocation Failure)
[93.260s][info][gc,task        ] GC(357) Using 6 workers of 6 for evacuation
[93.261s][info][gc,heap        ] GC(357) ParNew: 279908K->330K(314560K)
[93.261s][info][gc,heap        ] GC(357) CMS: 5551K->5551K(699072K)
[93.261s][info][gc,metaspace   ] GC(357) Metaspace: 23005K(23936K)->23005K(23936K) NonClass: 20228K(20736K)->20228K(20736K) Class: 2776K(3200K)->2776K(3200K)
[93.261s][info][gc             ] GC(357) Pause Young (Allocation Failure) 278M->5M(989M) 1.237ms
[93.261s][info][gc,cpu         ] GC(357) User=0.00s Sys=0.00s Real=0.00s
[93.508s][info][gc,start       ] GC(358) Pause Young (Allocation Failure)
[93.508s][info][gc,task        ] GC(358) Using 6 workers of 6 for evacuation
[93.509s][info][gc,heap        ] GC(358) ParNew: 279946K->361K(314560K)
[93.509s][info][gc,heap        ] GC(358) CMS: 5551K->5551K(699072K)
[93.509s][info][gc,metaspace   ] GC(358) Metaspace: 23005K(23936K)->23005K(23936K) NonClass: 20228K(20736K)->20228K(20736K) Class: 2776K(3200K)->2776K(3200K)
[93.509s][info][gc             ] GC(358) Pause Young (Allocation Failure) 278M->5M(989M) 1.151ms
[93.509s][info][gc,cpu         ] GC(358) User=0.00s Sys=0.00s Real=0.00s
[93.793s][info][gc,start       ] GC(359) Pause Young (Allocation Failure)
[93.793s][info][gc,task        ] GC(359) Using 6 workers of 6 for evacuation
[93.794s][info][gc,heap        ] GC(359) ParNew: 279977K->419K(314560K)
[93.794s][info][gc,heap        ] GC(359) CMS: 5551K->5551K(699072K)
[93.794s][info][gc,metaspace   ] GC(359) Metaspace: 23005K(23936K)->23005K(23936K) NonClass: 20228K(20736K)->20228K(20736K) Class: 2776K(3200K)->2776K(3200K)
[93.794s][info][gc             ] GC(359) Pause Young (Allocation Failure) 278M->5M(989M) 1.200ms
[93.794s][info][gc,cpu         ] GC(359) User=0.00s Sys=0.00s Real=0.00s
[94.044s][info][gc,start       ] GC(360) Pause Young (Allocation Failure)
[94.044s][info][gc,task        ] GC(360) Using 6 workers of 6 for evacuation
[94.046s][info][gc,heap        ] GC(360) ParNew: 280035K->158K(314560K)
[94.046s][info][gc,heap        ] GC(360) CMS: 5551K->5779K(699072K)
[94.046s][info][gc,metaspace   ] GC(360) Metaspace: 23005K(23936K)->23005K(23936K) NonClass: 20228K(20736K)->20228K(20736K) Class: 2776K(3200K)->2776K(3200K)
[94.046s][info][gc             ] GC(360) Pause Young (Allocation Failure) 278M->5M(989M) 1.644ms
[94.046s][info][gc,cpu         ] GC(360) User=0.00s Sys=0.00s Real=0.00s
[94.353s][info][gc,start       ] GC(361) Pause Young (Allocation Failure)
[94.353s][info][gc,task        ] GC(361) Using 6 workers of 6 for evacuation
[94.355s][info][gc,heap        ] GC(361) ParNew: 279774K->65K(314560K)
[94.355s][info][gc,heap        ] GC(361) CMS: 5779K->5786K(699072K)
[94.355s][info][gc,metaspace   ] GC(361) Metaspace: 23005K(23936K)->23005K(23936K) NonClass: 20228K(20736K)->20228K(20736K) Class: 2776K(3200K)->2776K(3200K)
[94.355s][info][gc             ] GC(361) Pause Young (Allocation Failure) 278M->5M(989M) 1.215ms
[94.355s][info][gc,cpu         ] GC(361) User=0.02s Sys=0.00s Real=0.00s
[94.480s][info][gc,start       ] GC(362) Pause Full (System.gc())
[94.480s][info][gc,phases,start] GC(362) Phase 1: Mark live objects
[94.486s][info][gc,phases      ] GC(362) Phase 1: Mark live objects 5.941ms
[94.486s][info][gc,phases,start] GC(362) Phase 2: Compute new object addresses
[94.498s][info][gc,phases      ] GC(362) Phase 2: Compute new object addresses 11.954ms
[94.498s][info][gc,phases,start] GC(362) Phase 3: Adjust pointers
[94.502s][info][gc,phases      ] GC(362) Phase 3: Adjust pointers 4.085ms
[94.502s][info][gc,phases,start] GC(362) Phase 4: Move objects
[94.502s][info][gc,phases      ] GC(362) Phase 4: Move objects 0.092ms
[94.503s][info][gc,heap        ] GC(362) ParNew: 78824K->0K(314560K)
[94.503s][info][gc,heap        ] GC(362) CMS: 5786K->5551K(699072K)
[94.503s][info][gc,metaspace   ] GC(362) Metaspace: 23005K(23936K)->23005K(23936K) NonClass: 20228K(20736K)->20228K(20736K) Class: 2776K(3200K)->2776K(3200K)
[94.503s][info][gc             ] GC(362) Pause Full (System.gc()) 82M->5M(989M) 23.184ms
[94.503s][info][gc,cpu         ] GC(362) User=0.03s Sys=0.00s Real=0.03s
[94.759s][info][gc,start       ] GC(363) Pause Young (Allocation Failure)
[94.759s][info][gc,task        ] GC(363) Using 6 workers of 6 for evacuation
[94.760s][info][gc,heap        ] GC(363) ParNew: 279616K->246K(314560K)
[94.760s][info][gc,heap        ] GC(363) CMS: 5551K->5551K(699072K)
[94.760s][info][gc,metaspace   ] GC(363) Metaspace: 23007K(23936K)->23007K(23936K) NonClass: 20230K(20736K)->20230K(20736K) Class: 2776K(3200K)->2776K(3200K)
[94.760s][info][gc             ] GC(363) Pause Young (Allocation Failure) 278M->5M(989M) 1.270ms
[94.760s][info][gc,cpu         ] GC(363) User=0.00s Sys=0.00s Real=0.00s
[95.034s][info][gc,start       ] GC(364) Pause Young (Allocation Failure)
[95.034s][info][gc,task        ] GC(364) Using 6 workers of 6 for evacuation
[95.035s][info][gc,heap        ] GC(364) ParNew: 279862K->268K(314560K)
[95.036s][info][gc,heap        ] GC(364) CMS: 5551K->5551K(699072K)
[95.036s][info][gc,metaspace   ] GC(364) Metaspace: 23007K(23936K)->23007K(23936K) NonClass: 20230K(20736K)->20230K(20736K) Class: 2776K(3200K)->2776K(3200K)
[95.036s][info][gc             ] GC(364) Pause Young (Allocation Failure) 278M->5M(989M) 1.396ms
[95.036s][info][gc,cpu         ] GC(364) User=0.00s Sys=0.00s Real=0.00s
[95.316s][info][gc,start       ] GC(365) Pause Young (Allocation Failure)
[95.316s][info][gc,task        ] GC(365) Using 6 workers of 6 for evacuation
[95.317s][info][gc,heap        ] GC(365) ParNew: 279884K->281K(314560K)
[95.317s][info][gc,heap        ] GC(365) CMS: 5551K->5551K(699072K)
[95.317s][info][gc,metaspace   ] GC(365) Metaspace: 23007K(23936K)->23007K(23936K) NonClass: 20230K(20736K)->20230K(20736K) Class: 2776K(3200K)->2776K(3200K)
[95.317s][info][gc             ] GC(365) Pause Young (Allocation Failure) 278M->5M(989M) 0.990ms
[95.317s][info][gc,cpu         ] GC(365) User=0.00s Sys=0.00s Real=0.00s
[95.585s][info][gc,start       ] GC(366) Pause Young (Allocation Failure)
[95.586s][info][gc,task        ] GC(366) Using 6 workers of 6 for evacuation
[95.587s][info][gc,heap        ] GC(366) ParNew: 279897K->333K(314560K)
[95.587s][info][gc,heap        ] GC(366) CMS: 5551K->5551K(699072K)
[95.587s][info][gc,metaspace   ] GC(366) Metaspace: 23007K(23936K)->23007K(23936K) NonClass: 20230K(20736K)->20230K(20736K) Class: 2776K(3200K)->2776K(3200K)
[95.587s][info][gc             ] GC(366) Pause Young (Allocation Failure) 278M->5M(989M) 1.133ms
[95.587s][info][gc,cpu         ] GC(366) User=0.00s Sys=0.00s Real=0.00s
[95.863s][info][gc,start       ] GC(367) Pause Young (Allocation Failure)
[95.863s][info][gc,task        ] GC(367) Using 6 workers of 6 for evacuation
[95.864s][info][gc,heap        ] GC(367) ParNew: 279949K->368K(314560K)
[95.864s][info][gc,heap        ] GC(367) CMS: 5551K->5551K(699072K)
[95.864s][info][gc,metaspace   ] GC(367) Metaspace: 23007K(23936K)->23007K(23936K) NonClass: 20230K(20736K)->20230K(20736K) Class: 2776K(3200K)->2776K(3200K)
[95.864s][info][gc             ] GC(367) Pause Young (Allocation Failure) 278M->5M(989M) 1.234ms
[95.864s][info][gc,cpu         ] GC(367) User=0.00s Sys=0.00s Real=0.00s
[96.133s][info][gc,start       ] GC(368) Pause Young (Allocation Failure)
[96.133s][info][gc,task        ] GC(368) Using 6 workers of 6 for evacuation
[96.134s][info][gc,heap        ] GC(368) ParNew: 279984K->297K(314560K)
[96.134s][info][gc,heap        ] GC(368) CMS: 5551K->5551K(699072K)
[96.134s][info][gc,metaspace   ] GC(368) Metaspace: 23007K(23936K)->23007K(23936K) NonClass: 20230K(20736K)->20230K(20736K) Class: 2776K(3200K)->2776K(3200K)
[96.134s][info][gc             ] GC(368) Pause Young (Allocation Failure) 278M->5M(989M) 1.430ms
[96.134s][info][gc,cpu         ] GC(368) User=0.00s Sys=0.00s Real=0.00s
[96.203s][info][gc,start       ] GC(369) Pause Full (System.gc())
[96.204s][info][gc,phases,start] GC(369) Phase 1: Mark live objects
[96.210s][info][gc,phases      ] GC(369) Phase 1: Mark live objects 6.760ms
[96.210s][info][gc,phases,start] GC(369) Phase 2: Compute new object addresses
[96.219s][info][gc,phases      ] GC(369) Phase 2: Compute new object addresses 8.264ms
[96.219s][info][gc,phases,start] GC(369) Phase 3: Adjust pointers
[96.223s][info][gc,phases      ] GC(369) Phase 3: Adjust pointers 4.040ms
[96.223s][info][gc,phases,start] GC(369) Phase 4: Move objects
[96.223s][info][gc,phases      ] GC(369) Phase 4: Move objects 0.098ms
[96.223s][info][gc,heap        ] GC(369) ParNew: 50876K->0K(314560K)
[96.224s][info][gc,heap        ] GC(369) CMS: 5551K->5551K(699072K)
[96.224s][info][gc,metaspace   ] GC(369) Metaspace: 23008K(23936K)->23008K(23936K) NonClass: 20231K(20736K)->20231K(20736K) Class: 2776K(3200K)->2776K(3200K)
[96.224s][info][gc             ] GC(369) Pause Full (System.gc()) 55M->5M(989M) 20.272ms
[96.224s][info][gc,cpu         ] GC(369) User=0.02s Sys=0.00s Real=0.02s
[96.478s][info][gc,start       ] GC(370) Pause Young (Allocation Failure)
[96.478s][info][gc,task        ] GC(370) Using 6 workers of 6 for evacuation
[96.480s][info][gc,heap        ] GC(370) ParNew: 279616K->278K(314560K)
[96.480s][info][gc,heap        ] GC(370) CMS: 5551K->5551K(699072K)
[96.480s][info][gc,metaspace   ] GC(370) Metaspace: 23008K(23936K)->23008K(23936K) NonClass: 20231K(20736K)->20231K(20736K) Class: 2776K(3200K)->2776K(3200K)
[96.480s][info][gc             ] GC(370) Pause Young (Allocation Failure) 278M->5M(989M) 1.524ms
[96.480s][info][gc,cpu         ] GC(370) User=0.00s Sys=0.00s Real=0.00s
[96.733s][info][gc,start       ] GC(371) Pause Young (Allocation Failure)
[96.733s][info][gc,task        ] GC(371) Using 6 workers of 6 for evacuation
[96.734s][info][gc,heap        ] GC(371) ParNew: 279894K->302K(314560K)
[96.734s][info][gc,heap        ] GC(371) CMS: 5551K->5551K(699072K)
[96.734s][info][gc,metaspace   ] GC(371) Metaspace: 23008K(23936K)->23008K(23936K) NonClass: 20231K(20736K)->20231K(20736K) Class: 2776K(3200K)->2776K(3200K)
[96.734s][info][gc             ] GC(371) Pause Young (Allocation Failure) 278M->5M(989M) 1.446ms
[96.734s][info][gc,cpu         ] GC(371) User=0.00s Sys=0.00s Real=0.00s
[97.003s][info][gc,start       ] GC(372) Pause Young (Allocation Failure)
[97.003s][info][gc,task        ] GC(372) Using 6 workers of 6 for evacuation
[97.004s][info][gc,heap        ] GC(372) ParNew: 279918K->309K(314560K)
[97.005s][info][gc,heap        ] GC(372) CMS: 5551K->5551K(699072K)
[97.005s][info][gc,metaspace   ] GC(372) Metaspace: 23008K(23936K)->23008K(23936K) NonClass: 20231K(20736K)->20231K(20736K) Class: 2776K(3200K)->2776K(3200K)
[97.005s][info][gc             ] GC(372) Pause Young (Allocation Failure) 278M->5M(989M) 1.524ms
[97.005s][info][gc,cpu         ] GC(372) User=0.00s Sys=0.00s Real=0.00s
[97.283s][info][gc,start       ] GC(373) Pause Young (Allocation Failure)
[97.283s][info][gc,task        ] GC(373) Using 6 workers of 6 for evacuation
[97.284s][info][gc,heap        ] GC(373) ParNew: 279925K->388K(314560K)
[97.284s][info][gc,heap        ] GC(373) CMS: 5551K->5551K(699072K)
[97.284s][info][gc,metaspace   ] GC(373) Metaspace: 23008K(23936K)->23008K(23936K) NonClass: 20231K(20736K)->20231K(20736K) Class: 2776K(3200K)->2776K(3200K)
[97.284s][info][gc             ] GC(373) Pause Young (Allocation Failure) 278M->5M(989M) 1.594ms
[97.284s][info][gc,cpu         ] GC(373) User=0.00s Sys=0.00s Real=0.00s
[97.556s][info][gc,start       ] GC(374) Pause Young (Allocation Failure)
[97.556s][info][gc,task        ] GC(374) Using 6 workers of 6 for evacuation
[97.558s][info][gc,heap        ] GC(374) ParNew: 280004K->349K(314560K)
[97.558s][info][gc,heap        ] GC(374) CMS: 5551K->5551K(699072K)
[97.558s][info][gc,metaspace   ] GC(374) Metaspace: 23008K(23936K)->23008K(23936K) NonClass: 20231K(20736K)->20231K(20736K) Class: 2776K(3200K)->2776K(3200K)
[97.558s][info][gc             ] GC(374) Pause Young (Allocation Failure) 278M->5M(989M) 1.507ms
[97.558s][info][gc,cpu         ] GC(374) User=0.00s Sys=0.00s Real=0.00s
[97.801s][info][gc,start       ] GC(375) Pause Young (Allocation Failure)
[97.801s][info][gc,task        ] GC(375) Using 6 workers of 6 for evacuation
[97.802s][info][gc,heap        ] GC(375) ParNew: 279965K->388K(314560K)
[97.802s][info][gc,heap        ] GC(375) CMS: 5551K->5551K(699072K)
[97.802s][info][gc,metaspace   ] GC(375) Metaspace: 23008K(23936K)->23008K(23936K) NonClass: 20231K(20736K)->20231K(20736K) Class: 2776K(3200K)->2776K(3200K)
[97.802s][info][gc             ] GC(375) Pause Young (Allocation Failure) 278M->5M(989M) 1.457ms
[97.802s][info][gc,cpu         ] GC(375) User=0.00s Sys=0.00s Real=0.00s
[98.060s][info][gc,start       ] GC(376) Pause Young (Allocation Failure)
[98.060s][info][gc,task        ] GC(376) Using 6 workers of 6 for evacuation
[98.061s][info][gc,heap        ] GC(376) ParNew: 280004K->233K(314560K)
[98.061s][info][gc,heap        ] GC(376) CMS: 5551K->5750K(699072K)
[98.061s][info][gc,metaspace   ] GC(376) Metaspace: 23008K(23936K)->23008K(23936K) NonClass: 20231K(20736K)->20231K(20736K) Class: 2776K(3200K)->2776K(3200K)
[98.061s][info][gc             ] GC(376) Pause Young (Allocation Failure) 278M->5M(989M) 1.366ms
[98.061s][info][gc,cpu         ] GC(376) User=0.00s Sys=0.00s Real=0.00s
[98.168s][info][gc,start       ] GC(377) Pause Full (System.gc())
[98.169s][info][gc,phases,start] GC(377) Phase 1: Mark live objects
[98.175s][info][gc,phases      ] GC(377) Phase 1: Mark live objects 5.986ms
[98.175s][info][gc,phases,start] GC(377) Phase 2: Compute new object addresses
[98.187s][info][gc,phases      ] GC(377) Phase 2: Compute new object addresses 12.822ms
[98.187s][info][gc,phases,start] GC(377) Phase 3: Adjust pointers
[98.192s][info][gc,phases      ] GC(377) Phase 3: Adjust pointers 4.413ms
[98.192s][info][gc,phases,start] GC(377) Phase 4: Move objects
[98.192s][info][gc,phases      ] GC(377) Phase 4: Move objects 0.089ms
[98.192s][info][gc,heap        ] GC(377) ParNew: 90114K->0K(314560K)
[98.193s][info][gc,heap        ] GC(377) CMS: 5750K->5551K(699072K)
[98.193s][info][gc,metaspace   ] GC(377) Metaspace: 23008K(23936K)->23008K(23936K) NonClass: 20231K(20736K)->20231K(20736K) Class: 2776K(3200K)->2776K(3200K)
[98.193s][info][gc             ] GC(377) Pause Full (System.gc()) 93M->5M(989M) 24.217ms
[98.193s][info][gc,cpu         ] GC(377) User=0.00s Sys=0.00s Real=0.02s
[98.465s][info][gc,start       ] GC(378) Pause Young (Allocation Failure)
[98.465s][info][gc,task        ] GC(378) Using 6 workers of 6 for evacuation
[98.467s][info][gc,heap        ] GC(378) ParNew: 279616K->267K(314560K)
[98.467s][info][gc,heap        ] GC(378) CMS: 5551K->5551K(699072K)
[98.467s][info][gc,metaspace   ] GC(378) Metaspace: 23008K(23936K)->23008K(23936K) NonClass: 20231K(20736K)->20231K(20736K) Class: 2776K(3200K)->2776K(3200K)
[98.467s][info][gc             ] GC(378) Pause Young (Allocation Failure) 278M->5M(989M) 1.527ms
[98.467s][info][gc,cpu         ] GC(378) User=0.00s Sys=0.00s Real=0.00s
[98.741s][info][gc,start       ] GC(379) Pause Young (Allocation Failure)
[98.741s][info][gc,task        ] GC(379) Using 6 workers of 6 for evacuation
[98.742s][info][gc,heap        ] GC(379) ParNew: 279883K->287K(314560K)
[98.742s][info][gc,heap        ] GC(379) CMS: 5551K->5551K(699072K)
[98.742s][info][gc,metaspace   ] GC(379) Metaspace: 23008K(23936K)->23008K(23936K) NonClass: 20231K(20736K)->20231K(20736K) Class: 2776K(3200K)->2776K(3200K)
[98.742s][info][gc             ] GC(379) Pause Young (Allocation Failure) 278M->5M(989M) 1.200ms
[98.742s][info][gc,cpu         ] GC(379) User=0.00s Sys=0.00s Real=0.00s
[99.114s][info][gc,start       ] GC(380) Pause Young (Allocation Failure)
[99.114s][info][gc,task        ] GC(380) Using 6 workers of 6 for evacuation
[99.116s][info][gc,heap        ] GC(380) ParNew: 279903K->317K(314560K)
[99.116s][info][gc,heap        ] GC(380) CMS: 5551K->5551K(699072K)
[99.116s][info][gc,metaspace   ] GC(380) Metaspace: 23008K(23936K)->23008K(23936K) NonClass: 20231K(20736K)->20231K(20736K) Class: 2776K(3200K)->2776K(3200K)
[99.116s][info][gc             ] GC(380) Pause Young (Allocation Failure) 278M->5M(989M) 1.542ms
[99.116s][info][gc,cpu         ] GC(380) User=0.00s Sys=0.00s Real=0.00s
[99.410s][info][gc,start       ] GC(381) Pause Young (Allocation Failure)
[99.410s][info][gc,task        ] GC(381) Using 6 workers of 6 for evacuation
[99.411s][info][gc,heap        ] GC(381) ParNew: 279933K->354K(314560K)
[99.411s][info][gc,heap        ] GC(381) CMS: 5551K->5551K(699072K)
[99.411s][info][gc,metaspace   ] GC(381) Metaspace: 23008K(23936K)->23008K(23936K) NonClass: 20231K(20736K)->20231K(20736K) Class: 2776K(3200K)->2776K(3200K)
[99.411s][info][gc             ] GC(381) Pause Young (Allocation Failure) 278M->5M(989M) 1.548ms
[99.411s][info][gc,cpu         ] GC(381) User=0.00s Sys=0.00s Real=0.00s
[99.708s][info][gc,start       ] GC(382) Pause Young (Allocation Failure)
[99.708s][info][gc,task        ] GC(382) Using 6 workers of 6 for evacuation
[99.710s][info][gc,heap        ] GC(382) ParNew: 279970K->330K(314560K)
[99.710s][info][gc,heap        ] GC(382) CMS: 5551K->5551K(699072K)
[99.710s][info][gc,metaspace   ] GC(382) Metaspace: 23008K(23936K)->23008K(23936K) NonClass: 20231K(20736K)->20231K(20736K) Class: 2776K(3200K)->2776K(3200K)
[99.710s][info][gc             ] GC(382) Pause Young (Allocation Failure) 278M->5M(989M) 1.466ms
[99.710s][info][gc,cpu         ] GC(382) User=0.00s Sys=0.00s Real=0.00s
[99.997s][info][gc,start       ] GC(383) Pause Young (Allocation Failure)
[99.997s][info][gc,task        ] GC(383) Using 6 workers of 6 for evacuation
[99.999s][info][gc,heap        ] GC(383) ParNew: 279946K->379K(314560K)
[99.999s][info][gc,heap        ] GC(383) CMS: 5551K->5551K(699072K)
[99.999s][info][gc,metaspace   ] GC(383) Metaspace: 23008K(23936K)->23008K(23936K) NonClass: 20231K(20736K)->20231K(20736K) Class: 2776K(3200K)->2776K(3200K)
[99.999s][info][gc             ] GC(383) Pause Young (Allocation Failure) 278M->5M(989M) 1.508ms
[99.999s][info][gc,cpu         ] GC(383) User=0.00s Sys=0.00s Real=0.00s
[100.291s][info][gc,start       ] GC(384) Pause Young (Allocation Failure)
[100.294s][info][gc,task        ] GC(384) Using 6 workers of 6 for evacuation
[100.295s][info][gc,heap        ] GC(384) ParNew: 279995K->215K(314560K)
[100.296s][info][gc,heap        ] GC(384) CMS: 5551K->5780K(699072K)
[100.296s][info][gc,metaspace   ] GC(384) Metaspace: 23008K(23936K)->23008K(23936K) NonClass: 20231K(20736K)->20231K(20736K) Class: 2776K(3200K)->2776K(3200K)
[100.296s][info][gc             ] GC(384) Pause Young (Allocation Failure) 278M->5M(989M) 4.133ms
[100.296s][info][gc,cpu         ] GC(384) User=0.00s Sys=0.00s Real=0.00s
[100.582s][info][gc,start       ] GC(385) Pause Full (System.gc())
[100.582s][info][gc,phases,start] GC(385) Phase 1: Mark live objects
[100.588s][info][gc,phases      ] GC(385) Phase 1: Mark live objects 6.089ms
[100.588s][info][gc,phases,start] GC(385) Phase 2: Compute new object addresses
[100.617s][info][gc,phases      ] GC(385) Phase 2: Compute new object addresses 28.744ms
[100.617s][info][gc,phases,start] GC(385) Phase 3: Adjust pointers
[100.622s][info][gc,phases      ] GC(385) Phase 3: Adjust pointers 5.034ms
[100.622s][info][gc,phases,start] GC(385) Phase 4: Move objects
[100.622s][info][gc,phases      ] GC(385) Phase 4: Move objects 0.125ms
[100.623s][info][gc,heap        ] GC(385) ParNew: 200636K->0K(314560K)
[100.623s][info][gc,heap        ] GC(385) CMS: 5780K->5552K(699072K)
[100.623s][info][gc,metaspace   ] GC(385) Metaspace: 23008K(23936K)->23008K(23936K) NonClass: 20231K(20736K)->20231K(20736K) Class: 2776K(3200K)->2776K(3200K)
[100.623s][info][gc             ] GC(385) Pause Full (System.gc()) 201M->5M(989M) 41.021ms
[100.623s][info][gc,cpu         ] GC(385) User=0.00s Sys=0.00s Real=0.04s
[100.924s][info][gc,start       ] GC(386) Pause Young (Allocation Failure)
[100.925s][info][gc,task        ] GC(386) Using 6 workers of 6 for evacuation
[100.926s][info][gc,heap        ] GC(386) ParNew: 279616K->263K(314560K)
[100.926s][info][gc,heap        ] GC(386) CMS: 5552K->5552K(699072K)
[100.926s][info][gc,metaspace   ] GC(386) Metaspace: 23008K(23936K)->23008K(23936K) NonClass: 20231K(20736K)->20231K(20736K) Class: 2776K(3200K)->2776K(3200K)
[100.926s][info][gc             ] GC(386) Pause Young (Allocation Failure) 278M->5M(989M) 1.553ms
[100.926s][info][gc,cpu         ] GC(386) User=0.00s Sys=0.00s Real=0.00s
[101.214s][info][gc,start       ] GC(387) Pause Young (Allocation Failure)
[101.214s][info][gc,task        ] GC(387) Using 6 workers of 6 for evacuation
[101.216s][info][gc,heap        ] GC(387) ParNew: 279879K->275K(314560K)
[101.216s][info][gc,heap        ] GC(387) CMS: 5552K->5552K(699072K)
[101.216s][info][gc,metaspace   ] GC(387) Metaspace: 23008K(23936K)->23008K(23936K) NonClass: 20231K(20736K)->20231K(20736K) Class: 2776K(3200K)->2776K(3200K)
[101.216s][info][gc             ] GC(387) Pause Young (Allocation Failure) 278M->5M(989M) 1.726ms
[101.216s][info][gc,cpu         ] GC(387) User=0.00s Sys=0.00s Real=0.00s
[101.507s][info][gc,start       ] GC(388) Pause Young (Allocation Failure)
[101.507s][info][gc,task        ] GC(388) Using 6 workers of 6 for evacuation
[101.508s][info][gc,heap        ] GC(388) ParNew: 279891K->332K(314560K)
[101.508s][info][gc,heap        ] GC(388) CMS: 5552K->5552K(699072K)
[101.509s][info][gc,metaspace   ] GC(388) Metaspace: 23008K(23936K)->23008K(23936K) NonClass: 20231K(20736K)->20231K(20736K) Class: 2776K(3200K)->2776K(3200K)
[101.509s][info][gc             ] GC(388) Pause Young (Allocation Failure) 278M->5M(989M) 1.687ms
[101.509s][info][gc,cpu         ] GC(388) User=0.00s Sys=0.00s Real=0.00s
[101.794s][info][gc,start       ] GC(389) Pause Young (Allocation Failure)
[101.794s][info][gc,task        ] GC(389) Using 6 workers of 6 for evacuation
[101.796s][info][gc,heap        ] GC(389) ParNew: 279948K->367K(314560K)
[101.796s][info][gc,heap        ] GC(389) CMS: 5552K->5552K(699072K)
[101.796s][info][gc,metaspace   ] GC(389) Metaspace: 23008K(23936K)->23008K(23936K) NonClass: 20231K(20736K)->20231K(20736K) Class: 2776K(3200K)->2776K(3200K)
[101.796s][info][gc             ] GC(389) Pause Young (Allocation Failure) 278M->5M(989M) 1.332ms
[101.796s][info][gc,cpu         ] GC(389) User=0.00s Sys=0.00s Real=0.00s
[102.091s][info][gc,start       ] GC(390) Pause Young (Allocation Failure)
[102.091s][info][gc,task        ] GC(390) Using 6 workers of 6 for evacuation
[102.093s][info][gc,heap        ] GC(390) ParNew: 279983K->428K(314560K)
[102.093s][info][gc,heap        ] GC(390) CMS: 5552K->5552K(699072K)
[102.093s][info][gc,metaspace   ] GC(390) Metaspace: 23008K(23936K)->23008K(23936K) NonClass: 20231K(20736K)->20231K(20736K) Class: 2776K(3200K)->2776K(3200K)
[102.093s][info][gc             ] GC(390) Pause Young (Allocation Failure) 278M->5M(989M) 1.667ms
[102.093s][info][gc,cpu         ] GC(390) User=0.00s Sys=0.00s Real=0.00s
[102.368s][info][gc,start       ] GC(391) Pause Young (Allocation Failure)
[102.368s][info][gc,task        ] GC(391) Using 6 workers of 6 for evacuation
[102.369s][info][gc,heap        ] GC(391) ParNew: 280044K->368K(314560K)
[102.369s][info][gc,heap        ] GC(391) CMS: 5552K->5552K(699072K)
[102.369s][info][gc,metaspace   ] GC(391) Metaspace: 23008K(23936K)->23008K(23936K) NonClass: 20231K(20736K)->20231K(20736K) Class: 2776K(3200K)->2776K(3200K)
[102.369s][info][gc             ] GC(391) Pause Young (Allocation Failure) 278M->5M(989M) 1.489ms
[102.369s][info][gc,cpu         ] GC(391) User=0.00s Sys=0.00s Real=0.00s
[102.644s][info][gc,start       ] GC(392) Pause Young (Allocation Failure)
[102.644s][info][gc,task        ] GC(392) Using 6 workers of 6 for evacuation
[102.646s][info][gc,heap        ] GC(392) ParNew: 279984K->207K(314560K)
[102.646s][info][gc,heap        ] GC(392) CMS: 5552K->5780K(699072K)
[102.646s][info][gc,metaspace   ] GC(392) Metaspace: 23008K(23936K)->23008K(23936K) NonClass: 20231K(20736K)->20231K(20736K) Class: 2776K(3200K)->2776K(3200K)
[102.646s][info][gc             ] GC(392) Pause Young (Allocation Failure) 278M->5M(989M) 1.532ms
[102.646s][info][gc,cpu         ] GC(392) User=0.00s Sys=0.00s Real=0.00s
[102.968s][info][gc,start       ] GC(393) Pause Young (Allocation Failure)
[102.968s][info][gc,task        ] GC(393) Using 6 workers of 6 for evacuation
[102.969s][info][gc,heap        ] GC(393) ParNew: 279823K->77K(314560K)
[102.969s][info][gc,heap        ] GC(393) CMS: 5780K->5787K(699072K)
[102.969s][info][gc,metaspace   ] GC(393) Metaspace: 23008K(23936K)->23008K(23936K) NonClass: 20231K(20736K)->20231K(20736K) Class: 2776K(3200K)->2776K(3200K)
[102.969s][info][gc             ] GC(393) Pause Young (Allocation Failure) 278M->5M(989M) 1.129ms
[102.969s][info][gc,cpu         ] GC(393) User=0.00s Sys=0.00s Real=0.00s
[103.163s][info][gc,start       ] GC(394) Pause Full (System.gc())
[103.163s][info][gc,phases,start] GC(394) Phase 1: Mark live objects
[103.169s][info][gc,phases      ] GC(394) Phase 1: Mark live objects 5.924ms
[103.169s][info][gc,phases,start] GC(394) Phase 2: Compute new object addresses
[103.182s][info][gc,phases      ] GC(394) Phase 2: Compute new object addresses 13.304ms
[103.182s][info][gc,phases,start] GC(394) Phase 3: Adjust pointers
[103.186s][info][gc,phases      ] GC(394) Phase 3: Adjust pointers 4.359ms
[103.187s][info][gc,phases,start] GC(394) Phase 4: Move objects
[103.187s][info][gc,phases      ] GC(394) Phase 4: Move objects 0.092ms
[103.187s][info][gc,heap        ] GC(394) ParNew: 96311K->0K(314560K)
[103.187s][info][gc,heap        ] GC(394) CMS: 5787K->5551K(699072K)
[103.187s][info][gc,metaspace   ] GC(394) Metaspace: 23008K(23936K)->23008K(23936K) NonClass: 20231K(20736K)->20231K(20736K) Class: 2776K(3200K)->2776K(3200K)
[103.187s][info][gc             ] GC(394) Pause Full (System.gc()) 99M->5M(989M) 24.622ms
[103.187s][info][gc,cpu         ] GC(394) User=0.02s Sys=0.00s Real=0.02s
[103.470s][info][gc,start       ] GC(395) Pause Young (Allocation Failure)
[103.470s][info][gc,task        ] GC(395) Using 6 workers of 6 for evacuation
[103.471s][info][gc,heap        ] GC(395) ParNew: 279616K->230K(314560K)
[103.471s][info][gc,heap        ] GC(395) CMS: 5551K->5551K(699072K)
[103.471s][info][gc,metaspace   ] GC(395) Metaspace: 23008K(23936K)->23008K(23936K) NonClass: 20231K(20736K)->20231K(20736K) Class: 2776K(3200K)->2776K(3200K)
[103.471s][info][gc             ] GC(395) Pause Young (Allocation Failure) 278M->5M(989M) 1.486ms
[103.471s][info][gc,cpu         ] GC(395) User=0.00s Sys=0.00s Real=0.00s
[103.777s][info][gc,start       ] GC(396) Pause Young (Allocation Failure)
[103.777s][info][gc,task        ] GC(396) Using 6 workers of 6 for evacuation
[103.778s][info][gc,heap        ] GC(396) ParNew: 279846K->240K(314560K)
[103.778s][info][gc,heap        ] GC(396) CMS: 5551K->5551K(699072K)
[103.778s][info][gc,metaspace   ] GC(396) Metaspace: 23008K(23936K)->23008K(23936K) NonClass: 20231K(20736K)->20231K(20736K) Class: 2776K(3200K)->2776K(3200K)
[103.778s][info][gc             ] GC(396) Pause Young (Allocation Failure) 278M->5M(989M) 1.293ms
[103.778s][info][gc,cpu         ] GC(396) User=0.00s Sys=0.00s Real=0.00s
[104.057s][info][gc,start       ] GC(397) Pause Young (Allocation Failure)
[104.057s][info][gc,task        ] GC(397) Using 6 workers of 6 for evacuation
[104.058s][info][gc,heap        ] GC(397) ParNew: 279856K->263K(314560K)
[104.058s][info][gc,heap        ] GC(397) CMS: 5551K->5551K(699072K)
[104.058s][info][gc,metaspace   ] GC(397) Metaspace: 23008K(23936K)->23008K(23936K) NonClass: 20231K(20736K)->20231K(20736K) Class: 2776K(3200K)->2776K(3200K)
[104.058s][info][gc             ] GC(397) Pause Young (Allocation Failure) 278M->5M(989M) 1.603ms
[104.058s][info][gc,cpu         ] GC(397) User=0.00s Sys=0.00s Real=0.00s
[104.433s][info][gc,start       ] GC(398) Pause Young (Allocation Failure)
[104.433s][info][gc,task        ] GC(398) Using 6 workers of 6 for evacuation
[104.434s][info][gc,heap        ] GC(398) ParNew: 279879K->290K(314560K)
[104.434s][info][gc,heap        ] GC(398) CMS: 5551K->5551K(699072K)
[104.434s][info][gc,metaspace   ] GC(398) Metaspace: 23008K(23936K)->23008K(23936K) NonClass: 20231K(20736K)->20231K(20736K) Class: 2776K(3200K)->2776K(3200K)
[104.435s][info][gc             ] GC(398) Pause Young (Allocation Failure) 278M->5M(989M) 1.357ms
[104.435s][info][gc,cpu         ] GC(398) User=0.00s Sys=0.00s Real=0.00s
[104.721s][info][gc,start       ] GC(399) Pause Young (Allocation Failure)
[104.721s][info][gc,task        ] GC(399) Using 6 workers of 6 for evacuation
[104.722s][info][gc,heap        ] GC(399) ParNew: 279906K->306K(314560K)
[104.722s][info][gc,heap        ] GC(399) CMS: 5551K->5551K(699072K)
[104.722s][info][gc,metaspace   ] GC(399) Metaspace: 23008K(23936K)->23008K(23936K) NonClass: 20231K(20736K)->20231K(20736K) Class: 2776K(3200K)->2776K(3200K)
[104.722s][info][gc             ] GC(399) Pause Young (Allocation Failure) 278M->5M(989M) 1.579ms
[104.722s][info][gc,cpu         ] GC(399) User=0.02s Sys=0.00s Real=0.01s
[105.004s][info][gc,start       ] GC(400) Pause Young (Allocation Failure)
[105.004s][info][gc,task        ] GC(400) Using 6 workers of 6 for evacuation
[105.006s][info][gc,heap        ] GC(400) ParNew: 279922K->350K(314560K)
[105.006s][info][gc,heap        ] GC(400) CMS: 5551K->5551K(699072K)
[105.006s][info][gc,metaspace   ] GC(400) Metaspace: 23008K(23936K)->23008K(23936K) NonClass: 20231K(20736K)->20231K(20736K) Class: 2776K(3200K)->2776K(3200K)
[105.006s][info][gc             ] GC(400) Pause Young (Allocation Failure) 278M->5M(989M) 1.411ms
[105.006s][info][gc,cpu         ] GC(400) User=0.00s Sys=0.00s Real=0.00s
[105.304s][info][gc,start       ] GC(401) Pause Young (Allocation Failure)
[105.304s][info][gc,task        ] GC(401) Using 6 workers of 6 for evacuation
[105.305s][info][gc,heap        ] GC(401) ParNew: 279966K->180K(314560K)
[105.305s][info][gc,heap        ] GC(401) CMS: 5551K->5777K(699072K)
[105.305s][info][gc,metaspace   ] GC(401) Metaspace: 23008K(23936K)->23008K(23936K) NonClass: 20231K(20736K)->20231K(20736K) Class: 2776K(3200K)->2776K(3200K)
[105.305s][info][gc             ] GC(401) Pause Young (Allocation Failure) 278M->5M(989M) 1.309ms
[105.305s][info][gc,cpu         ] GC(401) User=0.00s Sys=0.00s Real=0.00s
[105.651s][info][gc,start       ] GC(402) Pause Young (Allocation Failure)
[105.651s][info][gc,task        ] GC(402) Using 6 workers of 6 for evacuation
[105.653s][info][gc,heap        ] GC(402) ParNew: 279796K->75K(314560K)
[105.653s][info][gc,heap        ] GC(402) CMS: 5777K->5781K(699072K)
[105.653s][info][gc,metaspace   ] GC(402) Metaspace: 23008K(23936K)->23008K(23936K) NonClass: 20231K(20736K)->20231K(20736K) Class: 2776K(3200K)->2776K(3200K)
[105.653s][info][gc             ] GC(402) Pause Young (Allocation Failure) 278M->5M(989M) 1.378ms
[105.653s][info][gc,cpu         ] GC(402) User=0.00s Sys=0.00s Real=0.00s
[105.893s][info][gc,start       ] GC(403) Pause Full (System.gc())
[105.893s][info][gc,phases,start] GC(403) Phase 1: Mark live objects
[105.899s][info][gc,phases      ] GC(403) Phase 1: Mark live objects 6.121ms
[105.899s][info][gc,phases,start] GC(403) Phase 2: Compute new object addresses
[105.914s][info][gc,phases      ] GC(403) Phase 2: Compute new object addresses 15.560ms
[105.915s][info][gc,phases,start] GC(403) Phase 3: Adjust pointers
[105.919s][info][gc,phases      ] GC(403) Phase 3: Adjust pointers 4.706ms
[105.919s][info][gc,phases,start] GC(403) Phase 4: Move objects
[105.919s][info][gc,phases      ] GC(403) Phase 4: Move objects 0.142ms
[105.920s][info][gc,heap        ] GC(403) ParNew: 108476K->0K(314560K)
[105.920s][info][gc,heap        ] GC(403) CMS: 5781K->5552K(699072K)
[105.920s][info][gc,metaspace   ] GC(403) Metaspace: 23008K(23936K)->23008K(23936K) NonClass: 20231K(20736K)->20231K(20736K) Class: 2776K(3200K)->2776K(3200K)
[105.920s][info][gc             ] GC(403) Pause Full (System.gc()) 111M->5M(989M) 27.757ms
[105.920s][info][gc,cpu         ] GC(403) User=0.02s Sys=0.00s Real=0.03s
[106.219s][info][gc,start       ] GC(404) Pause Young (Allocation Failure)
[106.219s][info][gc,task        ] GC(404) Using 6 workers of 6 for evacuation
[106.220s][info][gc,heap        ] GC(404) ParNew: 279616K->220K(314560K)
[106.220s][info][gc,heap        ] GC(404) CMS: 5552K->5552K(699072K)
[106.220s][info][gc,metaspace   ] GC(404) Metaspace: 23008K(23936K)->23008K(23936K) NonClass: 20231K(20736K)->20231K(20736K) Class: 2776K(3200K)->2776K(3200K)
[106.220s][info][gc             ] GC(404) Pause Young (Allocation Failure) 278M->5M(989M) 0.990ms
[106.220s][info][gc,cpu         ] GC(404) User=0.00s Sys=0.00s Real=0.00s
[106.540s][info][gc,start       ] GC(405) Pause Young (Allocation Failure)
[106.540s][info][gc,task        ] GC(405) Using 6 workers of 6 for evacuation
[106.542s][info][gc,heap        ] GC(405) ParNew: 279836K->231K(314560K)
[106.542s][info][gc,heap        ] GC(405) CMS: 5552K->5552K(699072K)
[106.542s][info][gc,metaspace   ] GC(405) Metaspace: 23008K(23936K)->23008K(23936K) NonClass: 20231K(20736K)->20231K(20736K) Class: 2776K(3200K)->2776K(3200K)
[106.542s][info][gc             ] GC(405) Pause Young (Allocation Failure) 278M->5M(989M) 1.385ms
[106.542s][info][gc,cpu         ] GC(405) User=0.00s Sys=0.00s Real=0.00s
[106.832s][info][gc,start       ] GC(406) Pause Young (Allocation Failure)
[106.832s][info][gc,task        ] GC(406) Using 6 workers of 6 for evacuation
[106.834s][info][gc,heap        ] GC(406) ParNew: 279847K->251K(314560K)
[106.834s][info][gc,heap        ] GC(406) CMS: 5552K->5552K(699072K)
[106.834s][info][gc,metaspace   ] GC(406) Metaspace: 23008K(23936K)->23008K(23936K) NonClass: 20231K(20736K)->20231K(20736K) Class: 2776K(3200K)->2776K(3200K)
[106.834s][info][gc             ] GC(406) Pause Young (Allocation Failure) 278M->5M(989M) 1.519ms
[106.834s][info][gc,cpu         ] GC(406) User=0.00s Sys=0.00s Real=0.00s
[107.142s][info][gc,start       ] GC(407) Pause Young (Allocation Failure)
[107.142s][info][gc,task        ] GC(407) Using 6 workers of 6 for evacuation
[107.143s][info][gc,heap        ] GC(407) ParNew: 279867K->278K(314560K)
[107.143s][info][gc,heap        ] GC(407) CMS: 5552K->5552K(699072K)
[107.143s][info][gc,metaspace   ] GC(407) Metaspace: 23008K(23936K)->23008K(23936K) NonClass: 20231K(20736K)->20231K(20736K) Class: 2776K(3200K)->2776K(3200K)
[107.143s][info][gc             ] GC(407) Pause Young (Allocation Failure) 278M->5M(989M) 1.285ms
[107.143s][info][gc,cpu         ] GC(407) User=0.00s Sys=0.00s Real=0.00s
[107.413s][info][gc,start       ] GC(408) Pause Young (Allocation Failure)
[107.413s][info][gc,task        ] GC(408) Using 6 workers of 6 for evacuation
[107.414s][info][gc,heap        ] GC(408) ParNew: 279894K->310K(314560K)
[107.414s][info][gc,heap        ] GC(408) CMS: 5552K->5552K(699072K)
[107.414s][info][gc,metaspace   ] GC(408) Metaspace: 23008K(23936K)->23008K(23936K) NonClass: 20231K(20736K)->20231K(20736K) Class: 2776K(3200K)->2776K(3200K)
[107.414s][info][gc             ] GC(408) Pause Young (Allocation Failure) 278M->5M(989M) 1.500ms
[107.414s][info][gc,cpu         ] GC(408) User=0.00s Sys=0.00s Real=0.00s
[107.708s][info][gc,start       ] GC(409) Pause Young (Allocation Failure)
[107.708s][info][gc,task        ] GC(409) Using 6 workers of 6 for evacuation
[107.709s][info][gc,heap        ] GC(409) ParNew: 279926K->337K(314560K)
[107.709s][info][gc,heap        ] GC(409) CMS: 5552K->5552K(699072K)
[107.709s][info][gc,metaspace   ] GC(409) Metaspace: 23008K(23936K)->23008K(23936K) NonClass: 20231K(20736K)->20231K(20736K) Class: 2776K(3200K)->2776K(3200K)
[107.709s][info][gc             ] GC(409) Pause Young (Allocation Failure) 278M->5M(989M) 1.296ms
[107.709s][info][gc,cpu         ] GC(409) User=0.00s Sys=0.00s Real=0.00s
[108.027s][info][gc,start       ] GC(410) Pause Young (Allocation Failure)
[108.027s][info][gc,task        ] GC(410) Using 6 workers of 6 for evacuation
[108.029s][info][gc,heap        ] GC(410) ParNew: 279953K->163K(314560K)
[108.029s][info][gc,heap        ] GC(410) CMS: 5552K->5778K(699072K)
[108.029s][info][gc,metaspace   ] GC(410) Metaspace: 23008K(23936K)->23008K(23936K) NonClass: 20231K(20736K)->20231K(20736K) Class: 2776K(3200K)->2776K(3200K)
[108.029s][info][gc             ] GC(410) Pause Young (Allocation Failure) 278M->5M(989M) 1.531ms
[108.029s][info][gc,cpu         ] GC(410) User=0.02s Sys=0.00s Real=0.01s
[108.341s][info][gc,start       ] GC(411) Pause Young (Allocation Failure)
[108.341s][info][gc,task        ] GC(411) Using 6 workers of 6 for evacuation
[108.343s][info][gc,heap        ] GC(411) ParNew: 279779K->59K(314560K)
[108.343s][info][gc,heap        ] GC(411) CMS: 5778K->5782K(699072K)
[108.343s][info][gc,metaspace   ] GC(411) Metaspace: 23008K(23936K)->23008K(23936K) NonClass: 20231K(20736K)->20231K(20736K) Class: 2776K(3200K)->2776K(3200K)
[108.343s][info][gc             ] GC(411) Pause Young (Allocation Failure) 278M->5M(989M) 1.446ms
[108.343s][info][gc,cpu         ] GC(411) User=0.00s Sys=0.00s Real=0.00s
[108.465s][info][gc,start       ] GC(412) Pause Full (System.gc())
[108.465s][info][gc,phases,start] GC(412) Phase 1: Mark live objects
[108.472s][info][gc,phases      ] GC(412) Phase 1: Mark live objects 7.364ms
[108.472s][info][gc,phases,start] GC(412) Phase 2: Compute new object addresses
[108.485s][info][gc,phases      ] GC(412) Phase 2: Compute new object addresses 12.246ms
[108.485s][info][gc,phases,start] GC(412) Phase 3: Adjust pointers
[108.489s][info][gc,phases      ] GC(412) Phase 3: Adjust pointers 4.029ms
[108.489s][info][gc,phases,start] GC(412) Phase 4: Move objects
[108.489s][info][gc,phases      ] GC(412) Phase 4: Move objects 0.094ms
[108.489s][info][gc,heap        ] GC(412) ParNew: 80639K->0K(314560K)
[108.489s][info][gc,heap        ] GC(412) CMS: 5782K->5551K(699072K)
[108.489s][info][gc,metaspace   ] GC(412) Metaspace: 23008K(23936K)->23008K(23936K) NonClass: 20231K(20736K)->20231K(20736K) Class: 2776K(3200K)->2776K(3200K)
[108.490s][info][gc             ] GC(412) Pause Full (System.gc()) 84M->5M(989M) 24.785ms
[108.490s][info][gc,cpu         ] GC(412) User=0.02s Sys=0.00s Real=0.02s
[108.774s][info][gc,start       ] GC(413) Pause Young (Allocation Failure)
[108.774s][info][gc,task        ] GC(413) Using 6 workers of 6 for evacuation
[108.775s][info][gc,heap        ] GC(413) ParNew: 279616K->223K(314560K)
[108.775s][info][gc,heap        ] GC(413) CMS: 5551K->5551K(699072K)
[108.775s][info][gc,metaspace   ] GC(413) Metaspace: 23013K(23936K)->23013K(23936K) NonClass: 20236K(20736K)->20236K(20736K) Class: 2776K(3200K)->2776K(3200K)
[108.775s][info][gc             ] GC(413) Pause Young (Allocation Failure) 278M->5M(989M) 1.252ms
[108.775s][info][gc,cpu         ] GC(413) User=0.00s Sys=0.00s Real=0.00s
[109.077s][info][gc,start       ] GC(414) Pause Young (Allocation Failure)
[109.077s][info][gc,task        ] GC(414) Using 6 workers of 6 for evacuation
[109.079s][info][gc,heap        ] GC(414) ParNew: 279839K->230K(314560K)
[109.079s][info][gc,heap        ] GC(414) CMS: 5551K->5551K(699072K)
[109.079s][info][gc,metaspace   ] GC(414) Metaspace: 23013K(23936K)->23013K(23936K) NonClass: 20236K(20736K)->20236K(20736K) Class: 2776K(3200K)->2776K(3200K)
[109.079s][info][gc             ] GC(414) Pause Young (Allocation Failure) 278M->5M(989M) 1.506ms
[109.079s][info][gc,cpu         ] GC(414) User=0.00s Sys=0.00s Real=0.00s
[109.381s][info][gc,start       ] GC(415) Pause Young (Allocation Failure)
[109.381s][info][gc,task        ] GC(415) Using 6 workers of 6 for evacuation
[109.382s][info][gc,heap        ] GC(415) ParNew: 279846K->249K(314560K)
[109.382s][info][gc,heap        ] GC(415) CMS: 5551K->5551K(699072K)
[109.382s][info][gc,metaspace   ] GC(415) Metaspace: 23013K(23936K)->23013K(23936K) NonClass: 20236K(20736K)->20236K(20736K) Class: 2776K(3200K)->2776K(3200K)
[109.382s][info][gc             ] GC(415) Pause Young (Allocation Failure) 278M->5M(989M) 1.272ms
[109.382s][info][gc,cpu         ] GC(415) User=0.00s Sys=0.00s Real=0.00s
[109.716s][info][gc,start       ] GC(416) Pause Young (Allocation Failure)
[109.716s][info][gc,task        ] GC(416) Using 6 workers of 6 for evacuation
[109.717s][info][gc,heap        ] GC(416) ParNew: 279865K->275K(314560K)
[109.717s][info][gc,heap        ] GC(416) CMS: 5551K->5551K(699072K)
[109.717s][info][gc,metaspace   ] GC(416) Metaspace: 23013K(23936K)->23013K(23936K) NonClass: 20236K(20736K)->20236K(20736K) Class: 2776K(3200K)->2776K(3200K)
[109.717s][info][gc             ] GC(416) Pause Young (Allocation Failure) 278M->5M(989M) 1.346ms
[109.717s][info][gc,cpu         ] GC(416) User=0.02s Sys=0.00s Real=0.01s
[110.016s][info][gc,start       ] GC(417) Pause Young (Allocation Failure)
[110.017s][info][gc,task        ] GC(417) Using 6 workers of 6 for evacuation
[110.018s][info][gc,heap        ] GC(417) ParNew: 279891K->298K(314560K)
[110.018s][info][gc,heap        ] GC(417) CMS: 5551K->5551K(699072K)
[110.018s][info][gc,metaspace   ] GC(417) Metaspace: 23013K(23936K)->23013K(23936K) NonClass: 20236K(20736K)->20236K(20736K) Class: 2776K(3200K)->2776K(3200K)
[110.018s][info][gc             ] GC(417) Pause Young (Allocation Failure) 278M->5M(989M) 1.520ms
[110.018s][info][gc,cpu         ] GC(417) User=0.00s Sys=0.00s Real=0.00s
[110.313s][info][gc,start       ] GC(418) Pause Young (Allocation Failure)
[110.314s][info][gc,task        ] GC(418) Using 6 workers of 6 for evacuation
[110.315s][info][gc,heap        ] GC(418) ParNew: 279914K->337K(314560K)
[110.315s][info][gc,heap        ] GC(418) CMS: 5551K->5551K(699072K)
[110.315s][info][gc,metaspace   ] GC(418) Metaspace: 23013K(23936K)->23013K(23936K) NonClass: 20236K(20736K)->20236K(20736K) Class: 2776K(3200K)->2776K(3200K)
[110.315s][info][gc             ] GC(418) Pause Young (Allocation Failure) 278M->5M(989M) 1.950ms
[110.315s][info][gc,cpu         ] GC(418) User=0.00s Sys=0.00s Real=0.00s
[110.620s][info][gc,start       ] GC(419) Pause Young (Allocation Failure)
[110.620s][info][gc,task        ] GC(419) Using 6 workers of 6 for evacuation
[110.621s][info][gc,heap        ] GC(419) ParNew: 279953K->166K(314560K)
[110.621s][info][gc,heap        ] GC(419) CMS: 5551K->5777K(699072K)
[110.621s][info][gc,metaspace   ] GC(419) Metaspace: 23013K(23936K)->23013K(23936K) NonClass: 20236K(20736K)->20236K(20736K) Class: 2776K(3200K)->2776K(3200K)
[110.621s][info][gc             ] GC(419) Pause Young (Allocation Failure) 278M->5M(989M) 1.385ms
[110.621s][info][gc,cpu         ] GC(419) User=0.00s Sys=0.00s Real=0.00s
[110.971s][info][gc,start       ] GC(420) Pause Young (Allocation Failure)
[110.971s][info][gc,task        ] GC(420) Using 6 workers of 6 for evacuation
[110.972s][info][gc,heap        ] GC(420) ParNew: 279782K->54K(314560K)
[110.972s][info][gc,heap        ] GC(420) CMS: 5777K->5781K(699072K)
[110.972s][info][gc,metaspace   ] GC(420) Metaspace: 23013K(23936K)->23013K(23936K) NonClass: 20236K(20736K)->20236K(20736K) Class: 2776K(3200K)->2776K(3200K)
[110.972s][info][gc             ] GC(420) Pause Young (Allocation Failure) 278M->5M(989M) 1.270ms
[110.972s][info][gc,cpu         ] GC(420) User=0.00s Sys=0.00s Real=0.00s
[111.068s][info][gc,start       ] GC(421) Pause Full (System.gc())
[111.068s][info][gc,phases,start] GC(421) Phase 1: Mark live objects
[111.074s][info][gc,phases      ] GC(421) Phase 1: Mark live objects 5.639ms
[111.074s][info][gc,phases,start] GC(421) Phase 2: Compute new object addresses
[111.083s][info][gc,phases      ] GC(421) Phase 2: Compute new object addresses 8.626ms
[111.083s][info][gc,phases,start] GC(421) Phase 3: Adjust pointers
[111.087s][info][gc,phases      ] GC(421) Phase 3: Adjust pointers 4.135ms
[111.087s][info][gc,phases,start] GC(421) Phase 4: Move objects
[111.087s][info][gc,phases      ] GC(421) Phase 4: Move objects 0.093ms
[111.087s][info][gc,heap        ] GC(421) ParNew: 56851K->0K(314560K)
[111.087s][info][gc,heap        ] GC(421) CMS: 5781K->5552K(699072K)
[111.087s][info][gc,metaspace   ] GC(421) Metaspace: 23013K(23936K)->23013K(23936K) NonClass: 20236K(20736K)->20236K(20736K) Class: 2776K(3200K)->2776K(3200K)
[111.088s][info][gc             ] GC(421) Pause Full (System.gc()) 61M->5M(989M) 19.410ms
[111.088s][info][gc,cpu         ] GC(421) User=0.00s Sys=0.00s Real=0.02s
[111.383s][info][gc,start       ] GC(422) Pause Young (Allocation Failure)
[111.383s][info][gc,task        ] GC(422) Using 6 workers of 6 for evacuation
[111.385s][info][gc,heap        ] GC(422) ParNew: 279616K->225K(314560K)
[111.385s][info][gc,heap        ] GC(422) CMS: 5552K->5552K(699072K)
[111.385s][info][gc,metaspace   ] GC(422) Metaspace: 23013K(23936K)->23013K(23936K) NonClass: 20236K(20736K)->20236K(20736K) Class: 2776K(3200K)->2776K(3200K)
[111.385s][info][gc             ] GC(422) Pause Young (Allocation Failure) 278M->5M(989M) 1.523ms
[111.385s][info][gc,cpu         ] GC(422) User=0.00s Sys=0.00s Real=0.00s
[111.682s][info][gc,start       ] GC(423) Pause Young (Allocation Failure)
[111.682s][info][gc,task        ] GC(423) Using 6 workers of 6 for evacuation
[111.684s][info][gc,heap        ] GC(423) ParNew: 279841K->234K(314560K)
[111.684s][info][gc,heap        ] GC(423) CMS: 5552K->5552K(699072K)
[111.684s][info][gc,metaspace   ] GC(423) Metaspace: 23013K(23936K)->23013K(23936K) NonClass: 20236K(20736K)->20236K(20736K) Class: 2776K(3200K)->2776K(3200K)
[111.684s][info][gc             ] GC(423) Pause Young (Allocation Failure) 278M->5M(989M) 1.484ms
[111.684s][info][gc,cpu         ] GC(423) User=0.00s Sys=0.00s Real=0.00s
[111.978s][info][gc,start       ] GC(424) Pause Young (Allocation Failure)
[111.978s][info][gc,task        ] GC(424) Using 6 workers of 6 for evacuation
[111.980s][info][gc,heap        ] GC(424) ParNew: 279850K->251K(314560K)
[111.980s][info][gc,heap        ] GC(424) CMS: 5552K->5552K(699072K)
[111.980s][info][gc,metaspace   ] GC(424) Metaspace: 23013K(23936K)->23013K(23936K) NonClass: 20236K(20736K)->20236K(20736K) Class: 2776K(3200K)->2776K(3200K)
[111.980s][info][gc             ] GC(424) Pause Young (Allocation Failure) 278M->5M(989M) 1.319ms
[111.980s][info][gc,cpu         ] GC(424) User=0.00s Sys=0.00s Real=0.00s
[112.266s][info][gc,start       ] GC(425) Pause Young (Allocation Failure)
[112.266s][info][gc,task        ] GC(425) Using 6 workers of 6 for evacuation
[112.267s][info][gc,heap        ] GC(425) ParNew: 279867K->275K(314560K)
[112.267s][info][gc,heap        ] GC(425) CMS: 5552K->5552K(699072K)
[112.267s][info][gc,metaspace   ] GC(425) Metaspace: 23013K(23936K)->23013K(23936K) NonClass: 20236K(20736K)->20236K(20736K) Class: 2776K(3200K)->2776K(3200K)
[112.267s][info][gc             ] GC(425) Pause Young (Allocation Failure) 278M->5M(989M) 1.560ms
[112.267s][info][gc,cpu         ] GC(425) User=0.00s Sys=0.00s Real=0.00s
[112.573s][info][gc,start       ] GC(426) Pause Young (Allocation Failure)
[112.574s][info][gc,task        ] GC(426) Using 6 workers of 6 for evacuation
[112.575s][info][gc,heap        ] GC(426) ParNew: 279891K->290K(314560K)
[112.575s][info][gc,heap        ] GC(426) CMS: 5552K->5552K(699072K)
[112.575s][info][gc,metaspace   ] GC(426) Metaspace: 23013K(23936K)->23013K(23936K) NonClass: 20236K(20736K)->20236K(20736K) Class: 2776K(3200K)->2776K(3200K)
[112.575s][info][gc             ] GC(426) Pause Young (Allocation Failure) 278M->5M(989M) 2.246ms
[112.575s][info][gc,cpu         ] GC(426) User=0.00s Sys=0.00s Real=0.00s
[112.859s][info][gc,start       ] GC(427) Pause Young (Allocation Failure)
[112.860s][info][gc,task        ] GC(427) Using 6 workers of 6 for evacuation
[112.861s][info][gc,heap        ] GC(427) ParNew: 279906K->315K(314560K)
[112.861s][info][gc,heap        ] GC(427) CMS: 5552K->5552K(699072K)
[112.861s][info][gc,metaspace   ] GC(427) Metaspace: 23013K(23936K)->23013K(23936K) NonClass: 20236K(20736K)->20236K(20736K) Class: 2776K(3200K)->2776K(3200K)
[112.861s][info][gc             ] GC(427) Pause Young (Allocation Failure) 278M->5M(989M) 1.524ms
[112.861s][info][gc,cpu         ] GC(427) User=0.00s Sys=0.00s Real=0.00s
[113.145s][info][gc,start       ] GC(428) Pause Young (Allocation Failure)
[113.145s][info][gc,task        ] GC(428) Using 6 workers of 6 for evacuation
[113.146s][info][gc,heap        ] GC(428) ParNew: 279931K->166K(314560K)
[113.146s][info][gc,heap        ] GC(428) CMS: 5552K->5777K(699072K)
[113.146s][info][gc,metaspace   ] GC(428) Metaspace: 23013K(23936K)->23013K(23936K) NonClass: 20236K(20736K)->20236K(20736K) Class: 2776K(3200K)->2776K(3200K)
[113.146s][info][gc             ] GC(428) Pause Young (Allocation Failure) 278M->5M(989M) 1.437ms
[113.146s][info][gc,cpu         ] GC(428) User=0.00s Sys=0.00s Real=0.00s
[113.543s][info][gc,start       ] GC(429) Pause Young (Allocation Failure)
[113.543s][info][gc,task        ] GC(429) Using 6 workers of 6 for evacuation
[113.544s][info][gc,heap        ] GC(429) ParNew: 279782K->53K(314560K)
[113.544s][info][gc,heap        ] GC(429) CMS: 5777K->5781K(699072K)
[113.544s][info][gc,metaspace   ] GC(429) Metaspace: 23013K(23936K)->23013K(23936K) NonClass: 20236K(20736K)->20236K(20736K) Class: 2776K(3200K)->2776K(3200K)
[113.544s][info][gc             ] GC(429) Pause Young (Allocation Failure) 278M->5M(989M) 1.400ms
[113.544s][info][gc,cpu         ] GC(429) User=0.00s Sys=0.00s Real=0.01s
[113.609s][info][gc,start       ] GC(430) Pause Full (System.gc())
[113.609s][info][gc,phases,start] GC(430) Phase 1: Mark live objects
[113.615s][info][gc,phases      ] GC(430) Phase 1: Mark live objects 6.361ms
[113.615s][info][gc,phases,start] GC(430) Phase 2: Compute new object addresses
[113.621s][info][gc,phases      ] GC(430) Phase 2: Compute new object addresses 6.085ms
[113.621s][info][gc,phases,start] GC(430) Phase 3: Adjust pointers
[113.626s][info][gc,phases      ] GC(430) Phase 3: Adjust pointers 4.955ms
[113.626s][info][gc,phases,start] GC(430) Phase 4: Move objects
[113.627s][info][gc,phases      ] GC(430) Phase 4: Move objects 0.118ms
[113.627s][info][gc,heap        ] GC(430) ParNew: 34837K->0K(314560K)
[113.627s][info][gc,heap        ] GC(430) CMS: 5781K->5551K(699072K)
[113.627s][info][gc,metaspace   ] GC(430) Metaspace: 23013K(23936K)->23013K(23936K) NonClass: 20236K(20736K)->20236K(20736K) Class: 2776K(3200K)->2776K(3200K)
[113.627s][info][gc             ] GC(430) Pause Full (System.gc()) 39M->5M(989M) 18.714ms
[113.628s][info][gc,cpu         ] GC(430) User=0.02s Sys=0.00s Real=0.02s
[113.913s][info][gc,start       ] GC(431) Pause Young (Allocation Failure)
[113.913s][info][gc,task        ] GC(431) Using 6 workers of 6 for evacuation
[113.914s][info][gc,heap        ] GC(431) ParNew: 279616K->223K(314560K)
[113.914s][info][gc,heap        ] GC(431) CMS: 5551K->5551K(699072K)
[113.914s][info][gc,metaspace   ] GC(431) Metaspace: 23013K(23936K)->23013K(23936K) NonClass: 20236K(20736K)->20236K(20736K) Class: 2776K(3200K)->2776K(3200K)
[113.914s][info][gc             ] GC(431) Pause Young (Allocation Failure) 278M->5M(989M) 1.476ms
[113.914s][info][gc,cpu         ] GC(431) User=0.00s Sys=0.00s Real=0.00s
[114.247s][info][gc,start       ] GC(432) Pause Young (Allocation Failure)
[114.247s][info][gc,task        ] GC(432) Using 6 workers of 6 for evacuation
[114.248s][info][gc,heap        ] GC(432) ParNew: 279839K->229K(314560K)
[114.248s][info][gc,heap        ] GC(432) CMS: 5551K->5551K(699072K)
[114.248s][info][gc,metaspace   ] GC(432) Metaspace: 23013K(23936K)->23013K(23936K) NonClass: 20236K(20736K)->20236K(20736K) Class: 2776K(3200K)->2776K(3200K)
[114.248s][info][gc             ] GC(432) Pause Young (Allocation Failure) 278M->5M(989M) 1.411ms
[114.248s][info][gc,cpu         ] GC(432) User=0.00s Sys=0.00s Real=0.00s
[114.558s][info][gc,start       ] GC(433) Pause Young (Allocation Failure)
[114.558s][info][gc,task        ] GC(433) Using 6 workers of 6 for evacuation
[114.559s][info][gc,heap        ] GC(433) ParNew: 279845K->246K(314560K)
[114.559s][info][gc,heap        ] GC(433) CMS: 5551K->5551K(699072K)
[114.559s][info][gc,metaspace   ] GC(433) Metaspace: 23013K(23936K)->23013K(23936K) NonClass: 20236K(20736K)->20236K(20736K) Class: 2776K(3200K)->2776K(3200K)
[114.559s][info][gc             ] GC(433) Pause Young (Allocation Failure) 278M->5M(989M) 1.328ms
[114.559s][info][gc,cpu         ] GC(433) User=0.00s Sys=0.00s Real=0.00s
[114.853s][info][gc,start       ] GC(434) Pause Young (Allocation Failure)
[114.853s][info][gc,task        ] GC(434) Using 6 workers of 6 for evacuation
[114.855s][info][gc,heap        ] GC(434) ParNew: 279862K->267K(314560K)
[114.855s][info][gc,heap        ] GC(434) CMS: 5551K->5551K(699072K)
[114.855s][info][gc,metaspace   ] GC(434) Metaspace: 23013K(23936K)->23013K(23936K) NonClass: 20236K(20736K)->20236K(20736K) Class: 2776K(3200K)->2776K(3200K)
[114.855s][info][gc             ] GC(434) Pause Young (Allocation Failure) 278M->5M(989M) 1.294ms
[114.855s][info][gc,cpu         ] GC(434) User=0.00s Sys=0.00s Real=0.00s
[115.149s][info][gc,start       ] GC(435) Pause Young (Allocation Failure)
[115.149s][info][gc,task        ] GC(435) Using 6 workers of 6 for evacuation
[115.150s][info][gc,heap        ] GC(435) ParNew: 279883K->301K(314560K)
[115.150s][info][gc,heap        ] GC(435) CMS: 5551K->5551K(699072K)
[115.150s][info][gc,metaspace   ] GC(435) Metaspace: 23013K(23936K)->23013K(23936K) NonClass: 20236K(20736K)->20236K(20736K) Class: 2776K(3200K)->2776K(3200K)
[115.150s][info][gc             ] GC(435) Pause Young (Allocation Failure) 278M->5M(989M) 1.293ms
[115.150s][info][gc,cpu         ] GC(435) User=0.00s Sys=0.00s Real=0.00s
[115.431s][info][gc,start       ] GC(436) Pause Young (Allocation Failure)
[115.431s][info][gc,task        ] GC(436) Using 6 workers of 6 for evacuation
[115.432s][info][gc,heap        ] GC(436) ParNew: 279917K->331K(314560K)
[115.432s][info][gc,heap        ] GC(436) CMS: 5551K->5551K(699072K)
[115.432s][info][gc,metaspace   ] GC(436) Metaspace: 23013K(23936K)->23013K(23936K) NonClass: 20236K(20736K)->20236K(20736K) Class: 2776K(3200K)->2776K(3200K)
[115.432s][info][gc             ] GC(436) Pause Young (Allocation Failure) 278M->5M(989M) 1.257ms
[115.432s][info][gc,cpu         ] GC(436) User=0.00s Sys=0.00s Real=0.00s
[115.701s][info][gc,start       ] GC(437) Pause Young (Allocation Failure)
[115.701s][info][gc,task        ] GC(437) Using 6 workers of 6 for evacuation
[115.702s][info][gc,heap        ] GC(437) ParNew: 279947K->153K(314560K)
[115.702s][info][gc,heap        ] GC(437) CMS: 5551K->5777K(699072K)
[115.702s][info][gc,metaspace   ] GC(437) Metaspace: 23013K(23936K)->23013K(23936K) NonClass: 20236K(20736K)->20236K(20736K) Class: 2776K(3200K)->2776K(3200K)
[115.702s][info][gc             ] GC(437) Pause Young (Allocation Failure) 278M->5M(989M) 1.074ms
[115.702s][info][gc,cpu         ] GC(437) User=0.00s Sys=0.00s Real=0.00s
[116.034s][info][gc,start       ] GC(438) Pause Young (Allocation Failure)
[116.035s][info][gc,task        ] GC(438) Using 6 workers of 6 for evacuation
[116.036s][info][gc,heap        ] GC(438) ParNew: 279769K->70K(314560K)
[116.036s][info][gc,heap        ] GC(438) CMS: 5777K->5781K(699072K)
[116.036s][info][gc,metaspace   ] GC(438) Metaspace: 23013K(23936K)->23013K(23936K) NonClass: 20236K(20736K)->20236K(20736K) Class: 2776K(3200K)->2776K(3200K)
[116.036s][info][gc             ] GC(438) Pause Young (Allocation Failure) 278M->5M(989M) 1.400ms
[116.036s][info][gc,cpu         ] GC(438) User=0.00s Sys=0.00s Real=0.00s
[116.238s][info][gc,start       ] GC(439) Pause Full (System.gc())
[116.238s][info][gc,phases,start] GC(439) Phase 1: Mark live objects
[116.244s][info][gc,phases      ] GC(439) Phase 1: Mark live objects 5.976ms
[116.244s][info][gc,phases,start] GC(439) Phase 2: Compute new object addresses
[116.265s][info][gc,phases      ] GC(439) Phase 2: Compute new object addresses 20.972ms
[116.265s][info][gc,phases,start] GC(439) Phase 3: Adjust pointers
[116.269s][info][gc,phases      ] GC(439) Phase 3: Adjust pointers 4.043ms
[116.269s][info][gc,phases,start] GC(439) Phase 4: Move objects
[116.269s][info][gc,phases      ] GC(439) Phase 4: Move objects 0.099ms
[116.270s][info][gc,heap        ] GC(439) ParNew: 148407K->0K(314560K)
[116.270s][info][gc,heap        ] GC(439) CMS: 5781K->5552K(699072K)
[116.270s][info][gc,metaspace   ] GC(439) Metaspace: 23013K(23936K)->23013K(23936K) NonClass: 20236K(20736K)->20236K(20736K) Class: 2776K(3200K)->2776K(3200K)
[116.270s][info][gc             ] GC(439) Pause Full (System.gc()) 150M->5M(989M) 32.096ms
[116.270s][info][gc,cpu         ] GC(439) User=0.00s Sys=0.00s Real=0.03s
[116.556s][info][gc,start       ] GC(440) Pause Young (Allocation Failure)
[116.556s][info][gc,task        ] GC(440) Using 6 workers of 6 for evacuation
[116.557s][info][gc,heap        ] GC(440) ParNew: 279616K->230K(314560K)
[116.557s][info][gc,heap        ] GC(440) CMS: 5552K->5552K(699072K)
[116.557s][info][gc,metaspace   ] GC(440) Metaspace: 23013K(23936K)->23013K(23936K) NonClass: 20236K(20736K)->20236K(20736K) Class: 2776K(3200K)->2776K(3200K)
[116.557s][info][gc             ] GC(440) Pause Young (Allocation Failure) 278M->5M(989M) 1.432ms
[116.557s][info][gc,cpu         ] GC(440) User=0.00s Sys=0.00s Real=0.00s
[116.858s][info][gc,start       ] GC(441) Pause Young (Allocation Failure)
[116.858s][info][gc,task        ] GC(441) Using 6 workers of 6 for evacuation
[116.859s][info][gc,heap        ] GC(441) ParNew: 279846K->239K(314560K)
[116.859s][info][gc,heap        ] GC(441) CMS: 5552K->5552K(699072K)
[116.859s][info][gc,metaspace   ] GC(441) Metaspace: 23013K(23936K)->23013K(23936K) NonClass: 20236K(20736K)->20236K(20736K) Class: 2776K(3200K)->2776K(3200K)
[116.859s][info][gc             ] GC(441) Pause Young (Allocation Failure) 278M->5M(989M) 1.470ms
[116.859s][info][gc,cpu         ] GC(441) User=0.00s Sys=0.00s Real=0.00s
[117.165s][info][gc,start       ] GC(442) Pause Young (Allocation Failure)
[117.165s][info][gc,task        ] GC(442) Using 6 workers of 6 for evacuation
[117.166s][info][gc,heap        ] GC(442) ParNew: 279855K->264K(314560K)
[117.166s][info][gc,heap        ] GC(442) CMS: 5552K->5552K(699072K)
[117.166s][info][gc,metaspace   ] GC(442) Metaspace: 23013K(23936K)->23013K(23936K) NonClass: 20236K(20736K)->20236K(20736K) Class: 2776K(3200K)->2776K(3200K)
[117.166s][info][gc             ] GC(442) Pause Young (Allocation Failure) 278M->5M(989M) 1.394ms
[117.166s][info][gc,cpu         ] GC(442) User=0.00s Sys=0.00s Real=0.00s
[117.454s][info][gc,start       ] GC(443) Pause Young (Allocation Failure)
[117.454s][info][gc,task        ] GC(443) Using 6 workers of 6 for evacuation
[117.455s][info][gc,heap        ] GC(443) ParNew: 279880K->296K(314560K)
[117.455s][info][gc,heap        ] GC(443) CMS: 5552K->5552K(699072K)
[117.455s][info][gc,metaspace   ] GC(443) Metaspace: 23013K(23936K)->23013K(23936K) NonClass: 20236K(20736K)->20236K(20736K) Class: 2776K(3200K)->2776K(3200K)
[117.455s][info][gc             ] GC(443) Pause Young (Allocation Failure) 278M->5M(989M) 1.541ms
[117.455s][info][gc,cpu         ] GC(443) User=0.00s Sys=0.00s Real=0.00s
[117.726s][info][gc,start       ] GC(444) Pause Young (Allocation Failure)
[117.726s][info][gc,task        ] GC(444) Using 6 workers of 6 for evacuation
[117.728s][info][gc,heap        ] GC(444) ParNew: 279912K->334K(314560K)
[117.728s][info][gc,heap        ] GC(444) CMS: 5552K->5552K(699072K)
[117.728s][info][gc,metaspace   ] GC(444) Metaspace: 23013K(23936K)->23013K(23936K) NonClass: 20236K(20736K)->20236K(20736K) Class: 2776K(3200K)->2776K(3200K)
[117.728s][info][gc             ] GC(444) Pause Young (Allocation Failure) 278M->5M(989M) 1.689ms
[117.728s][info][gc,cpu         ] GC(444) User=0.00s Sys=0.00s Real=0.00s
[117.992s][info][gc,start       ] GC(445) Pause Young (Allocation Failure)
[117.992s][info][gc,task        ] GC(445) Using 6 workers of 6 for evacuation
[117.994s][info][gc,heap        ] GC(445) ParNew: 279950K->381K(314560K)
[117.994s][info][gc,heap        ] GC(445) CMS: 5552K->5552K(699072K)
[117.994s][info][gc,metaspace   ] GC(445) Metaspace: 23013K(23936K)->23013K(23936K) NonClass: 20236K(20736K)->20236K(20736K) Class: 2776K(3200K)->2776K(3200K)
[117.994s][info][gc             ] GC(445) Pause Young (Allocation Failure) 278M->5M(989M) 1.478ms
[117.994s][info][gc,cpu         ] GC(445) User=0.00s Sys=0.00s Real=0.00s
[118.265s][info][gc,start       ] GC(446) Pause Young (Allocation Failure)
[118.265s][info][gc,task        ] GC(446) Using 6 workers of 6 for evacuation
[118.267s][info][gc,heap        ] GC(446) ParNew: 279997K->227K(314560K)
[118.267s][info][gc,heap        ] GC(446) CMS: 5552K->5780K(699072K)
[118.267s][info][gc,metaspace   ] GC(446) Metaspace: 23013K(23936K)->23013K(23936K) NonClass: 20236K(20736K)->20236K(20736K) Class: 2776K(3200K)->2776K(3200K)
[118.267s][info][gc             ] GC(446) Pause Young (Allocation Failure) 278M->5M(989M) 1.573ms
[118.267s][info][gc,cpu         ] GC(446) User=0.00s Sys=0.00s Real=0.00s
[118.559s][info][gc,start       ] GC(447) Pause Young (Allocation Failure)
[118.559s][info][gc,task        ] GC(447) Using 6 workers of 6 for evacuation
[118.560s][info][gc,heap        ] GC(447) ParNew: 279843K->95K(314560K)
[118.560s][info][gc,heap        ] GC(447) CMS: 5780K->5787K(699072K)
[118.560s][info][gc,metaspace   ] GC(447) Metaspace: 23013K(23936K)->23013K(23936K) NonClass: 20236K(20736K)->20236K(20736K) Class: 2776K(3200K)->2776K(3200K)
[118.560s][info][gc             ] GC(447) Pause Young (Allocation Failure) 278M->5M(989M) 1.398ms
[118.560s][info][gc,cpu         ] GC(447) User=0.00s Sys=0.00s Real=0.00s
[118.849s][info][gc,start       ] GC(448) Pause Full (System.gc())
[118.849s][info][gc,phases,start] GC(448) Phase 1: Mark live objects
[118.855s][info][gc,phases      ] GC(448) Phase 1: Mark live objects 5.872ms
[118.855s][info][gc,phases,start] GC(448) Phase 2: Compute new object addresses
[118.879s][info][gc,phases      ] GC(448) Phase 2: Compute new object addresses 23.870ms
[118.879s][info][gc,phases,start] GC(448) Phase 3: Adjust pointers
[118.883s][info][gc,phases      ] GC(448) Phase 3: Adjust pointers 4.034ms
[118.883s][info][gc,phases,start] GC(448) Phase 4: Move objects
[118.883s][info][gc,phases      ] GC(448) Phase 4: Move objects 0.094ms
[118.883s][info][gc,heap        ] GC(448) ParNew: 186452K->0K(314560K)
[118.883s][info][gc,heap        ] GC(448) CMS: 5787K->5552K(699072K)
[118.883s][info][gc,metaspace   ] GC(448) Metaspace: 23013K(23936K)->23013K(23936K) NonClass: 20236K(20736K)->20236K(20736K) Class: 2776K(3200K)->2776K(3200K)
[118.884s][info][gc             ] GC(448) Pause Full (System.gc()) 187M->5M(989M) 34.799ms
[118.884s][info][gc,cpu         ] GC(448) User=0.00s Sys=0.00s Real=0.03s
[119.172s][info][gc,start       ] GC(449) Pause Young (Allocation Failure)
[119.172s][info][gc,task        ] GC(449) Using 6 workers of 6 for evacuation
[119.174s][info][gc,heap        ] GC(449) ParNew: 279616K->235K(314560K)
[119.174s][info][gc,heap        ] GC(449) CMS: 5552K->5552K(699072K)
[119.174s][info][gc,metaspace   ] GC(449) Metaspace: 23013K(23936K)->23013K(23936K) NonClass: 20236K(20736K)->20236K(20736K) Class: 2776K(3200K)->2776K(3200K)
[119.174s][info][gc             ] GC(449) Pause Young (Allocation Failure) 278M->5M(989M) 1.368ms
[119.174s][info][gc,cpu         ] GC(449) User=0.00s Sys=0.00s Real=0.00s
[119.457s][info][gc,start       ] GC(450) Pause Young (Allocation Failure)
[119.457s][info][gc,task        ] GC(450) Using 6 workers of 6 for evacuation
[119.459s][info][gc,heap        ] GC(450) ParNew: 279851K->254K(314560K)
[119.459s][info][gc,heap        ] GC(450) CMS: 5552K->5552K(699072K)
[119.459s][info][gc,metaspace   ] GC(450) Metaspace: 23013K(23936K)->23013K(23936K) NonClass: 20236K(20736K)->20236K(20736K) Class: 2776K(3200K)->2776K(3200K)
[119.459s][info][gc             ] GC(450) Pause Young (Allocation Failure) 278M->5M(989M) 1.446ms
[119.459s][info][gc,cpu         ] GC(450) User=0.00s Sys=0.00s Real=0.00s
[119.757s][info][gc,start       ] GC(451) Pause Young (Allocation Failure)
[119.757s][info][gc,task        ] GC(451) Using 6 workers of 6 for evacuation
[119.758s][info][gc,heap        ] GC(451) ParNew: 279870K->279K(314560K)
[119.758s][info][gc,heap        ] GC(451) CMS: 5552K->5552K(699072K)
[119.758s][info][gc,metaspace   ] GC(451) Metaspace: 23013K(23936K)->23013K(23936K) NonClass: 20236K(20736K)->20236K(20736K) Class: 2776K(3200K)->2776K(3200K)
[119.758s][info][gc             ] GC(451) Pause Young (Allocation Failure) 278M->5M(989M) 1.528ms
[119.758s][info][gc,cpu         ] GC(451) User=0.00s Sys=0.00s Real=0.00s
[120.048s][info][gc,start       ] GC(452) Pause Young (Allocation Failure)
[120.048s][info][gc,task        ] GC(452) Using 6 workers of 6 for evacuation
[120.049s][info][gc,heap        ] GC(452) ParNew: 279895K->314K(314560K)
[120.049s][info][gc,heap        ] GC(452) CMS: 5552K->5552K(699072K)
[120.049s][info][gc,metaspace   ] GC(452) Metaspace: 23013K(23936K)->23013K(23936K) NonClass: 20236K(20736K)->20236K(20736K) Class: 2776K(3200K)->2776K(3200K)
[120.049s][info][gc             ] GC(452) Pause Young (Allocation Failure) 278M->5M(989M) 1.722ms
[120.049s][info][gc,cpu         ] GC(452) User=0.00s Sys=0.00s Real=0.00s
[120.331s][info][gc,start       ] GC(453) Pause Young (Allocation Failure)
[120.331s][info][gc,task        ] GC(453) Using 6 workers of 6 for evacuation
[120.332s][info][gc,heap        ] GC(453) ParNew: 279930K->358K(314560K)
[120.332s][info][gc,heap        ] GC(453) CMS: 5552K->5552K(699072K)
[120.332s][info][gc,metaspace   ] GC(453) Metaspace: 23013K(23936K)->23013K(23936K) NonClass: 20236K(20736K)->20236K(20736K) Class: 2776K(3200K)->2776K(3200K)
[120.332s][info][gc             ] GC(453) Pause Young (Allocation Failure) 278M->5M(989M) 1.402ms
[120.332s][info][gc,cpu         ] GC(453) User=0.00s Sys=0.00s Real=0.00s
[120.600s][info][gc,start       ] GC(454) Pause Young (Allocation Failure)
[120.600s][info][gc,task        ] GC(454) Using 6 workers of 6 for evacuation
[120.601s][info][gc,heap        ] GC(454) ParNew: 279974K->388K(314560K)
[120.601s][info][gc,heap        ] GC(454) CMS: 5552K->5552K(699072K)
[120.601s][info][gc,metaspace   ] GC(454) Metaspace: 23013K(23936K)->23013K(23936K) NonClass: 20236K(20736K)->20236K(20736K) Class: 2776K(3200K)->2776K(3200K)
[120.601s][info][gc             ] GC(454) Pause Young (Allocation Failure) 278M->5M(989M) 1.637ms
[120.601s][info][gc,cpu         ] GC(454) User=0.00s Sys=0.00s Real=0.00s
[120.885s][info][gc,start       ] GC(455) Pause Young (Allocation Failure)
[120.885s][info][gc,task        ] GC(455) Using 6 workers of 6 for evacuation
[120.886s][info][gc,heap        ] GC(455) ParNew: 280004K->260K(314560K)
[120.886s][info][gc,heap        ] GC(455) CMS: 5552K->5780K(699072K)
[120.886s][info][gc,metaspace   ] GC(455) Metaspace: 23013K(23936K)->23013K(23936K) NonClass: 20236K(20736K)->20236K(20736K) Class: 2776K(3200K)->2776K(3200K)
[120.886s][info][gc             ] GC(455) Pause Young (Allocation Failure) 278M->5M(989M) 1.315ms
[120.886s][info][gc,cpu         ] GC(455) User=0.02s Sys=0.00s Real=0.00s
[121.195s][info][gc,start       ] GC(456) Pause Young (Allocation Failure)
[121.195s][info][gc,task        ] GC(456) Using 6 workers of 6 for evacuation
[121.196s][info][gc,heap        ] GC(456) ParNew: 279876K->84K(314560K)
[121.196s][info][gc,heap        ] GC(456) CMS: 5780K->5787K(699072K)
[121.196s][info][gc,metaspace   ] GC(456) Metaspace: 23013K(23936K)->23013K(23936K) NonClass: 20236K(20736K)->20236K(20736K) Class: 2776K(3200K)->2776K(3200K)
[121.196s][info][gc             ] GC(456) Pause Young (Allocation Failure) 278M->5M(989M) 1.256ms
[121.196s][info][gc,cpu         ] GC(456) User=0.00s Sys=0.00s Real=0.00s
[121.476s][info][gc,start       ] GC(457) Pause Full (System.gc())
[121.476s][info][gc,phases,start] GC(457) Phase 1: Mark live objects
[121.482s][info][gc,phases      ] GC(457) Phase 1: Mark live objects 6.161ms
[121.482s][info][gc,phases,start] GC(457) Phase 2: Compute new object addresses
[121.508s][info][gc,phases      ] GC(457) Phase 2: Compute new object addresses 25.873ms
[121.508s][info][gc,phases,start] GC(457) Phase 3: Adjust pointers
[121.512s][info][gc,phases      ] GC(457) Phase 3: Adjust pointers 4.044ms
[121.512s][info][gc,phases,start] GC(457) Phase 4: Move objects
[121.512s][info][gc,phases      ] GC(457) Phase 4: Move objects 0.094ms
[121.513s][info][gc,heap        ] GC(457) ParNew: 189900K->0K(314560K)
[121.513s][info][gc,heap        ] GC(457) CMS: 5787K->5552K(699072K)
[121.513s][info][gc,metaspace   ] GC(457) Metaspace: 23013K(23936K)->23013K(23936K) NonClass: 20236K(20736K)->20236K(20736K) Class: 2776K(3200K)->2776K(3200K)
[121.513s][info][gc             ] GC(457) Pause Full (System.gc()) 191M->5M(989M) 37.124ms
[121.513s][info][gc,cpu         ] GC(457) User=0.03s Sys=0.00s Real=0.03s
[121.810s][info][gc,start       ] GC(458) Pause Young (Allocation Failure)
[121.810s][info][gc,task        ] GC(458) Using 6 workers of 6 for evacuation
[121.812s][info][gc,heap        ] GC(458) ParNew: 279616K->241K(314560K)
[121.812s][info][gc,heap        ] GC(458) CMS: 5552K->5552K(699072K)
[121.812s][info][gc,metaspace   ] GC(458) Metaspace: 23013K(23936K)->23013K(23936K) NonClass: 20236K(20736K)->20236K(20736K) Class: 2776K(3200K)->2776K(3200K)
[121.812s][info][gc             ] GC(458) Pause Young (Allocation Failure) 278M->5M(989M) 1.370ms
[121.812s][info][gc,cpu         ] GC(458) User=0.00s Sys=0.00s Real=0.00s
[122.089s][info][gc,start       ] GC(459) Pause Young (Allocation Failure)
[122.089s][info][gc,task        ] GC(459) Using 6 workers of 6 for evacuation
[122.090s][info][gc,heap        ] GC(459) ParNew: 279857K->266K(314560K)
[122.090s][info][gc,heap        ] GC(459) CMS: 5552K->5552K(699072K)
[122.090s][info][gc,metaspace   ] GC(459) Metaspace: 23013K(23936K)->23013K(23936K) NonClass: 20236K(20736K)->20236K(20736K) Class: 2776K(3200K)->2776K(3200K)
[122.090s][info][gc             ] GC(459) Pause Young (Allocation Failure) 278M->5M(989M) 1.683ms
[122.090s][info][gc,cpu         ] GC(459) User=0.02s Sys=0.00s Real=0.00s
[122.393s][info][gc,start       ] GC(460) Pause Young (Allocation Failure)
[122.393s][info][gc,task        ] GC(460) Using 6 workers of 6 for evacuation
[122.394s][info][gc,heap        ] GC(460) ParNew: 279882K->300K(314560K)
[122.394s][info][gc,heap        ] GC(460) CMS: 5552K->5552K(699072K)
[122.394s][info][gc,metaspace   ] GC(460) Metaspace: 23013K(23936K)->23013K(23936K) NonClass: 20236K(20736K)->20236K(20736K) Class: 2776K(3200K)->2776K(3200K)
[122.394s][info][gc             ] GC(460) Pause Young (Allocation Failure) 278M->5M(989M) 1.317ms
[122.394s][info][gc,cpu         ] GC(460) User=0.00s Sys=0.00s Real=0.00s
[122.675s][info][gc,start       ] GC(461) Pause Young (Allocation Failure)
[122.675s][info][gc,task        ] GC(461) Using 6 workers of 6 for evacuation
[122.677s][info][gc,heap        ] GC(461) ParNew: 279916K->330K(314560K)
[122.677s][info][gc,heap        ] GC(461) CMS: 5552K->5552K(699072K)
[122.677s][info][gc,metaspace   ] GC(461) Metaspace: 23013K(23936K)->23013K(23936K) NonClass: 20236K(20736K)->20236K(20736K) Class: 2776K(3200K)->2776K(3200K)
[122.677s][info][gc             ] GC(461) Pause Young (Allocation Failure) 278M->5M(989M) 1.625ms
[122.677s][info][gc,cpu         ] GC(461) User=0.00s Sys=0.00s Real=0.00s
[122.953s][info][gc,start       ] GC(462) Pause Young (Allocation Failure)
[122.953s][info][gc,task        ] GC(462) Using 6 workers of 6 for evacuation
[122.954s][info][gc,heap        ] GC(462) ParNew: 279946K->358K(314560K)
[122.954s][info][gc,heap        ] GC(462) CMS: 5552K->5552K(699072K)
[122.954s][info][gc,metaspace   ] GC(462) Metaspace: 23013K(23936K)->23013K(23936K) NonClass: 20236K(20736K)->20236K(20736K) Class: 2776K(3200K)->2776K(3200K)
[122.954s][info][gc             ] GC(462) Pause Young (Allocation Failure) 278M->5M(989M) 1.404ms
[122.954s][info][gc,cpu         ] GC(462) User=0.00s Sys=0.00s Real=0.00s
[123.244s][info][gc,start       ] GC(463) Pause Young (Allocation Failure)
[123.244s][info][gc,task        ] GC(463) Using 6 workers of 6 for evacuation
[123.246s][info][gc,heap        ] GC(463) ParNew: 279974K->417K(314560K)
[123.246s][info][gc,heap        ] GC(463) CMS: 5552K->5552K(699072K)
[123.246s][info][gc,metaspace   ] GC(463) Metaspace: 23013K(23936K)->23013K(23936K) NonClass: 20236K(20736K)->20236K(20736K) Class: 2776K(3200K)->2776K(3200K)
[123.246s][info][gc             ] GC(463) Pause Young (Allocation Failure) 278M->5M(989M) 1.507ms
[123.246s][info][gc,cpu         ] GC(463) User=0.00s Sys=0.00s Real=0.00s
[123.518s][info][gc,start       ] GC(464) Pause Young (Allocation Failure)
[123.518s][info][gc,task        ] GC(464) Using 6 workers of 6 for evacuation
[123.519s][info][gc,heap        ] GC(464) ParNew: 280033K->150K(314560K)
[123.519s][info][gc,heap        ] GC(464) CMS: 5552K->5781K(699072K)
[123.519s][info][gc,metaspace   ] GC(464) Metaspace: 23013K(23936K)->23013K(23936K) NonClass: 20236K(20736K)->20236K(20736K) Class: 2776K(3200K)->2776K(3200K)
[123.519s][info][gc             ] GC(464) Pause Young (Allocation Failure) 278M->5M(989M) 1.492ms
[123.519s][info][gc,cpu         ] GC(464) User=0.00s Sys=0.00s Real=0.00s
[123.846s][info][gc,start       ] GC(465) Pause Young (Allocation Failure)
[123.846s][info][gc,task        ] GC(465) Using 6 workers of 6 for evacuation
[123.848s][info][gc,heap        ] GC(465) ParNew: 279766K->85K(314560K)
[123.848s][info][gc,heap        ] GC(465) CMS: 5781K->5787K(699072K)
[123.848s][info][gc,metaspace   ] GC(465) Metaspace: 23013K(23936K)->23013K(23936K) NonClass: 20236K(20736K)->20236K(20736K) Class: 2776K(3200K)->2776K(3200K)
[123.848s][info][gc             ] GC(465) Pause Young (Allocation Failure) 278M->5M(989M) 1.429ms
[123.848s][info][gc,cpu         ] GC(465) User=0.00s Sys=0.00s Real=0.00s
[124.147s][info][gc,start       ] GC(466) Pause Full (System.gc())
[124.147s][info][gc,phases,start] GC(466) Phase 1: Mark live objects
[124.153s][info][gc,phases      ] GC(466) Phase 1: Mark live objects 6.245ms
[124.153s][info][gc,phases,start] GC(466) Phase 2: Compute new object addresses
[124.179s][info][gc,phases      ] GC(466) Phase 2: Compute new object addresses 25.752ms
[124.179s][info][gc,phases,start] GC(466) Phase 3: Adjust pointers
[124.183s][info][gc,phases      ] GC(466) Phase 3: Adjust pointers 4.020ms
[124.183s][info][gc,phases,start] GC(466) Phase 4: Move objects
[124.183s][info][gc,phases      ] GC(466) Phase 4: Move objects 0.200ms
[124.184s][info][gc,heap        ] GC(466) ParNew: 204159K->0K(314560K)
[124.184s][info][gc,heap        ] GC(466) CMS: 5787K->5552K(699072K)
[124.184s][info][gc,metaspace   ] GC(466) Metaspace: 23013K(23936K)->23013K(23936K) NonClass: 20236K(20736K)->20236K(20736K) Class: 2776K(3200K)->2776K(3200K)
[124.184s][info][gc             ] GC(466) Pause Full (System.gc()) 205M->5M(989M) 37.312ms
[124.184s][info][gc,cpu         ] GC(466) User=0.00s Sys=0.00s Real=0.03s
[124.473s][info][gc,start       ] GC(467) Pause Young (Allocation Failure)
[124.473s][info][gc,task        ] GC(467) Using 6 workers of 6 for evacuation
[124.474s][info][gc,heap        ] GC(467) ParNew: 279616K->237K(314560K)
[124.474s][info][gc,heap        ] GC(467) CMS: 5552K->5552K(699072K)
[124.474s][info][gc,metaspace   ] GC(467) Metaspace: 23013K(23936K)->23013K(23936K) NonClass: 20236K(20736K)->20236K(20736K) Class: 2776K(3200K)->2776K(3200K)
[124.474s][info][gc             ] GC(467) Pause Young (Allocation Failure) 278M->5M(989M) 1.646ms
[124.474s][info][gc,cpu         ] GC(467) User=0.00s Sys=0.00s Real=0.00s
[124.781s][info][gc,start       ] GC(468) Pause Young (Allocation Failure)
[124.781s][info][gc,task        ] GC(468) Using 6 workers of 6 for evacuation
[124.782s][info][gc,heap        ] GC(468) ParNew: 279853K->250K(314560K)
[124.782s][info][gc,heap        ] GC(468) CMS: 5552K->5552K(699072K)
[124.782s][info][gc,metaspace   ] GC(468) Metaspace: 23013K(23936K)->23013K(23936K) NonClass: 20236K(20736K)->20236K(20736K) Class: 2776K(3200K)->2776K(3200K)
[124.782s][info][gc             ] GC(468) Pause Young (Allocation Failure) 278M->5M(989M) 1.338ms
[124.782s][info][gc,cpu         ] GC(468) User=0.00s Sys=0.00s Real=0.00s
[125.065s][info][gc,start       ] GC(469) Pause Young (Allocation Failure)
[125.065s][info][gc,task        ] GC(469) Using 6 workers of 6 for evacuation
[125.066s][info][gc,heap        ] GC(469) ParNew: 279866K->278K(314560K)
[125.066s][info][gc,heap        ] GC(469) CMS: 5552K->5552K(699072K)
[125.066s][info][gc,metaspace   ] GC(469) Metaspace: 23013K(23936K)->23013K(23936K) NonClass: 20236K(20736K)->20236K(20736K) Class: 2776K(3200K)->2776K(3200K)
[125.066s][info][gc             ] GC(469) Pause Young (Allocation Failure) 278M->5M(989M) 1.386ms
[125.066s][info][gc,cpu         ] GC(469) User=0.00s Sys=0.00s Real=0.00s
[125.352s][info][gc,start       ] GC(470) Pause Young (Allocation Failure)
[125.352s][info][gc,task        ] GC(470) Using 6 workers of 6 for evacuation
[125.354s][info][gc,heap        ] GC(470) ParNew: 279894K->318K(314560K)
[125.354s][info][gc,heap        ] GC(470) CMS: 5552K->5552K(699072K)
[125.354s][info][gc,metaspace   ] GC(470) Metaspace: 23013K(23936K)->23013K(23936K) NonClass: 20236K(20736K)->20236K(20736K) Class: 2776K(3200K)->2776K(3200K)
[125.354s][info][gc             ] GC(470) Pause Young (Allocation Failure) 278M->5M(989M) 1.510ms
[125.354s][info][gc,cpu         ] GC(470) User=0.00s Sys=0.00s Real=0.00s
[125.637s][info][gc,start       ] GC(471) Pause Young (Allocation Failure)
[125.637s][info][gc,task        ] GC(471) Using 6 workers of 6 for evacuation
[125.638s][info][gc,heap        ] GC(471) ParNew: 279934K->360K(314560K)
[125.638s][info][gc,heap        ] GC(471) CMS: 5552K->5552K(699072K)
[125.638s][info][gc,metaspace   ] GC(471) Metaspace: 23013K(23936K)->23013K(23936K) NonClass: 20236K(20736K)->20236K(20736K) Class: 2776K(3200K)->2776K(3200K)
[125.638s][info][gc             ] GC(471) Pause Young (Allocation Failure) 278M->5M(989M) 1.402ms
[125.638s][info][gc,cpu         ] GC(471) User=0.00s Sys=0.00s Real=0.00s
[125.923s][info][gc,start       ] GC(472) Pause Young (Allocation Failure)
[125.923s][info][gc,task        ] GC(472) Using 6 workers of 6 for evacuation
[125.925s][info][gc,heap        ] GC(472) ParNew: 279976K->380K(314560K)
[125.925s][info][gc,heap        ] GC(472) CMS: 5552K->5552K(699072K)
[125.925s][info][gc,metaspace   ] GC(472) Metaspace: 23013K(23936K)->23013K(23936K) NonClass: 20236K(20736K)->20236K(20736K) Class: 2776K(3200K)->2776K(3200K)
[125.925s][info][gc             ] GC(472) Pause Young (Allocation Failure) 278M->5M(989M) 1.643ms
[125.925s][info][gc,cpu         ] GC(472) User=0.00s Sys=0.00s Real=0.00s
[126.188s][info][gc,start       ] GC(473) Pause Young (Allocation Failure)
[126.188s][info][gc,task        ] GC(473) Using 6 workers of 6 for evacuation
[126.189s][info][gc,heap        ] GC(473) ParNew: 279996K->211K(314560K)
[126.189s][info][gc,heap        ] GC(473) CMS: 5552K->5780K(699072K)
[126.189s][info][gc,metaspace   ] GC(473) Metaspace: 23013K(23936K)->23013K(23936K) NonClass: 20236K(20736K)->20236K(20736K) Class: 2776K(3200K)->2776K(3200K)
[126.189s][info][gc             ] GC(473) Pause Young (Allocation Failure) 278M->5M(989M) 1.302ms
[126.189s][info][gc,cpu         ] GC(473) User=0.00s Sys=0.00s Real=0.00s
[126.496s][info][gc,start       ] GC(474) Pause Young (Allocation Failure)
[126.496s][info][gc,task        ] GC(474) Using 6 workers of 6 for evacuation
[126.497s][info][gc,heap        ] GC(474) ParNew: 279827K->101K(314560K)
[126.497s][info][gc,heap        ] GC(474) CMS: 5780K->5787K(699072K)
[126.497s][info][gc,metaspace   ] GC(474) Metaspace: 23013K(23936K)->23013K(23936K) NonClass: 20236K(20736K)->20236K(20736K) Class: 2776K(3200K)->2776K(3200K)
[126.497s][info][gc             ] GC(474) Pause Young (Allocation Failure) 278M->5M(989M) 1.379ms
[126.497s][info][gc,cpu         ] GC(474) User=0.00s Sys=0.00s Real=0.00s
[126.753s][info][gc,start       ] GC(475) Pause Full (System.gc())
[126.753s][info][gc,phases,start] GC(475) Phase 1: Mark live objects
[126.759s][info][gc,phases      ] GC(475) Phase 1: Mark live objects 5.867ms
[126.759s][info][gc,phases,start] GC(475) Phase 2: Compute new object addresses
[126.783s][info][gc,phases      ] GC(475) Phase 2: Compute new object addresses 24.634ms
[126.783s][info][gc,phases,start] GC(475) Phase 3: Adjust pointers
[126.788s][info][gc,phases      ] GC(475) Phase 3: Adjust pointers 4.202ms
[126.788s][info][gc,phases,start] GC(475) Phase 4: Move objects
[126.788s][info][gc,phases      ] GC(475) Phase 4: Move objects 0.094ms
[126.788s][info][gc,heap        ] GC(475) ParNew: 192945K->0K(314560K)
[126.788s][info][gc,heap        ] GC(475) CMS: 5787K->5552K(699072K)
[126.788s][info][gc,metaspace   ] GC(475) Metaspace: 23013K(23936K)->23013K(23936K) NonClass: 20236K(20736K)->20236K(20736K) Class: 2776K(3200K)->2776K(3200K)
[126.788s][info][gc             ] GC(475) Pause Full (System.gc()) 194M->5M(989M) 35.715ms
[126.788s][info][gc,cpu         ] GC(475) User=0.00s Sys=0.00s Real=0.03s
[127.075s][info][gc,start       ] GC(476) Pause Young (Allocation Failure)
[127.075s][info][gc,task        ] GC(476) Using 6 workers of 6 for evacuation
[127.077s][info][gc,heap        ] GC(476) ParNew: 279616K->240K(314560K)
[127.077s][info][gc,heap        ] GC(476) CMS: 5552K->5552K(699072K)
[127.077s][info][gc,metaspace   ] GC(476) Metaspace: 23013K(23936K)->23013K(23936K) NonClass: 20236K(20736K)->20236K(20736K) Class: 2776K(3200K)->2776K(3200K)
[127.077s][info][gc             ] GC(476) Pause Young (Allocation Failure) 278M->5M(989M) 1.610ms
[127.077s][info][gc,cpu         ] GC(476) User=0.00s Sys=0.00s Real=0.00s
[127.363s][info][gc,start       ] GC(477) Pause Young (Allocation Failure)
[127.363s][info][gc,task        ] GC(477) Using 6 workers of 6 for evacuation
[127.365s][info][gc,heap        ] GC(477) ParNew: 279856K->262K(314560K)
[127.365s][info][gc,heap        ] GC(477) CMS: 5552K->5552K(699072K)
[127.365s][info][gc,metaspace   ] GC(477) Metaspace: 23013K(23936K)->23013K(23936K) NonClass: 20236K(20736K)->20236K(20736K) Class: 2776K(3200K)->2776K(3200K)
[127.365s][info][gc             ] GC(477) Pause Young (Allocation Failure) 278M->5M(989M) 1.475ms
[127.365s][info][gc,cpu         ] GC(477) User=0.00s Sys=0.00s Real=0.00s
[127.648s][info][gc,start       ] GC(478) Pause Young (Allocation Failure)
[127.648s][info][gc,task        ] GC(478) Using 6 workers of 6 for evacuation
[127.649s][info][gc,heap        ] GC(478) ParNew: 279878K->295K(314560K)
[127.649s][info][gc,heap        ] GC(478) CMS: 5552K->5552K(699072K)
[127.649s][info][gc,metaspace   ] GC(478) Metaspace: 23013K(23936K)->23013K(23936K) NonClass: 20236K(20736K)->20236K(20736K) Class: 2776K(3200K)->2776K(3200K)
[127.649s][info][gc             ] GC(478) Pause Young (Allocation Failure) 278M->5M(989M) 1.677ms
[127.649s][info][gc,cpu         ] GC(478) User=0.00s Sys=0.00s Real=0.00s
[127.962s][info][gc,start       ] GC(479) Pause Young (Allocation Failure)
[127.962s][info][gc,task        ] GC(479) Using 6 workers of 6 for evacuation
[127.963s][info][gc,heap        ] GC(479) ParNew: 279911K->330K(314560K)
[127.963s][info][gc,heap        ] GC(479) CMS: 5552K->5552K(699072K)
[127.963s][info][gc,metaspace   ] GC(479) Metaspace: 23013K(23936K)->23013K(23936K) NonClass: 20236K(20736K)->20236K(20736K) Class: 2776K(3200K)->2776K(3200K)
[127.963s][info][gc             ] GC(479) Pause Young (Allocation Failure) 278M->5M(989M) 1.456ms
[127.963s][info][gc,cpu         ] GC(479) User=0.00s Sys=0.00s Real=0.00s
[128.240s][info][gc,start       ] GC(480) Pause Young (Allocation Failure)
[128.240s][info][gc,task        ] GC(480) Using 6 workers of 6 for evacuation
[128.241s][info][gc,heap        ] GC(480) ParNew: 279946K->359K(314560K)
[128.241s][info][gc,heap        ] GC(480) CMS: 5552K->5552K(699072K)
[128.241s][info][gc,metaspace   ] GC(480) Metaspace: 23013K(23936K)->23013K(23936K) NonClass: 20236K(20736K)->20236K(20736K) Class: 2776K(3200K)->2776K(3200K)
[128.241s][info][gc             ] GC(480) Pause Young (Allocation Failure) 278M->5M(989M) 1.243ms
[128.241s][info][gc,cpu         ] GC(480) User=0.00s Sys=0.00s Real=0.00s
[128.528s][info][gc,start       ] GC(481) Pause Young (Allocation Failure)
[128.528s][info][gc,task        ] GC(481) Using 6 workers of 6 for evacuation
[128.529s][info][gc,heap        ] GC(481) ParNew: 279975K->406K(314560K)
[128.529s][info][gc,heap        ] GC(481) CMS: 5552K->5552K(699072K)
[128.529s][info][gc,metaspace   ] GC(481) Metaspace: 23013K(23936K)->23013K(23936K) NonClass: 20236K(20736K)->20236K(20736K) Class: 2776K(3200K)->2776K(3200K)
[128.529s][info][gc             ] GC(481) Pause Young (Allocation Failure) 278M->5M(989M) 1.487ms
[128.529s][info][gc,cpu         ] GC(481) User=0.00s Sys=0.00s Real=0.00s
[128.804s][info][gc,start       ] GC(482) Pause Young (Allocation Failure)
[128.804s][info][gc,task        ] GC(482) Using 6 workers of 6 for evacuation
[128.806s][info][gc,heap        ] GC(482) ParNew: 280022K->216K(314560K)
[128.806s][info][gc,heap        ] GC(482) CMS: 5552K->5780K(699072K)
[128.806s][info][gc,metaspace   ] GC(482) Metaspace: 23013K(23936K)->23013K(23936K) NonClass: 20236K(20736K)->20236K(20736K) Class: 2776K(3200K)->2776K(3200K)
[128.806s][info][gc             ] GC(482) Pause Young (Allocation Failure) 278M->5M(989M) 1.547ms
[128.806s][info][gc,cpu         ] GC(482) User=0.00s Sys=0.00s Real=0.00s
[129.098s][info][gc,start       ] GC(483) Pause Young (Allocation Failure)
[129.098s][info][gc,task        ] GC(483) Using 6 workers of 6 for evacuation
[129.099s][info][gc,heap        ] GC(483) ParNew: 279832K->93K(314560K)
[129.099s][info][gc,heap        ] GC(483) CMS: 5780K->5787K(699072K)
[129.099s][info][gc,metaspace   ] GC(483) Metaspace: 23013K(23936K)->23013K(23936K) NonClass: 20236K(20736K)->20236K(20736K) Class: 2776K(3200K)->2776K(3200K)
[129.099s][info][gc             ] GC(483) Pause Young (Allocation Failure) 278M->5M(989M) 1.201ms
[129.099s][info][gc,cpu         ] GC(483) User=0.00s Sys=0.00s Real=0.00s
[129.292s][info][gc,start       ] GC(484) Pause Full (System.gc())
[129.292s][info][gc,phases,start] GC(484) Phase 1: Mark live objects
[129.298s][info][gc,phases      ] GC(484) Phase 1: Mark live objects 6.530ms
[129.299s][info][gc,phases,start] GC(484) Phase 2: Compute new object addresses
[129.319s][info][gc,phases      ] GC(484) Phase 2: Compute new object addresses 20.246ms
[129.319s][info][gc,phases,start] GC(484) Phase 3: Adjust pointers
[129.323s][info][gc,phases      ] GC(484) Phase 3: Adjust pointers 4.087ms
[129.323s][info][gc,phases,start] GC(484) Phase 4: Move objects
[129.323s][info][gc,phases      ] GC(484) Phase 4: Move objects 0.092ms
[129.324s][info][gc,heap        ] GC(484) ParNew: 141693K->0K(314560K)
[129.324s][info][gc,heap        ] GC(484) CMS: 5787K->5552K(699072K)
[129.324s][info][gc,metaspace   ] GC(484) Metaspace: 23013K(23936K)->23013K(23936K) NonClass: 20236K(20736K)->20236K(20736K) Class: 2776K(3200K)->2776K(3200K)
[129.324s][info][gc             ] GC(484) Pause Full (System.gc()) 144M->5M(989M) 31.893ms
[129.324s][info][gc,cpu         ] GC(484) User=0.03s Sys=0.00s Real=0.03s
[129.608s][info][gc,start       ] GC(485) Pause Young (Allocation Failure)
[129.609s][info][gc,task        ] GC(485) Using 6 workers of 6 for evacuation
[129.610s][info][gc,heap        ] GC(485) ParNew: 279616K->242K(314560K)
[129.610s][info][gc,heap        ] GC(485) CMS: 5552K->5552K(699072K)
[129.610s][info][gc,metaspace   ] GC(485) Metaspace: 23013K(23936K)->23013K(23936K) NonClass: 20236K(20736K)->20236K(20736K) Class: 2776K(3200K)->2776K(3200K)
[129.610s][info][gc             ] GC(485) Pause Young (Allocation Failure) 278M->5M(989M) 1.592ms
[129.610s][info][gc,cpu         ] GC(485) User=0.00s Sys=0.00s Real=0.00s
[129.901s][info][gc,start       ] GC(486) Pause Young (Allocation Failure)
[129.901s][info][gc,task        ] GC(486) Using 6 workers of 6 for evacuation
[129.903s][info][gc,heap        ] GC(486) ParNew: 279858K->251K(314560K)
[129.903s][info][gc,heap        ] GC(486) CMS: 5552K->5552K(699072K)
[129.903s][info][gc,metaspace   ] GC(486) Metaspace: 23013K(23936K)->23013K(23936K) NonClass: 20236K(20736K)->20236K(20736K) Class: 2776K(3200K)->2776K(3200K)
[129.903s][info][gc             ] GC(486) Pause Young (Allocation Failure) 278M->5M(989M) 1.486ms
[129.903s][info][gc,cpu         ] GC(486) User=0.02s Sys=0.00s Real=0.00s
[130.182s][info][gc,start       ] GC(487) Pause Young (Allocation Failure)
[130.182s][info][gc,task        ] GC(487) Using 6 workers of 6 for evacuation
[130.183s][info][gc,heap        ] GC(487) ParNew: 279867K->297K(314560K)
[130.183s][info][gc,heap        ] GC(487) CMS: 5552K->5552K(699072K)
[130.183s][info][gc,metaspace   ] GC(487) Metaspace: 23013K(23936K)->23013K(23936K) NonClass: 20236K(20736K)->20236K(20736K) Class: 2776K(3200K)->2776K(3200K)
[130.183s][info][gc             ] GC(487) Pause Young (Allocation Failure) 278M->5M(989M) 1.230ms
[130.183s][info][gc,cpu         ] GC(487) User=0.00s Sys=0.00s Real=0.00s
[130.478s][info][gc,start       ] GC(488) Pause Young (Allocation Failure)
[130.478s][info][gc,task        ] GC(488) Using 6 workers of 6 for evacuation
[130.480s][info][gc,heap        ] GC(488) ParNew: 279913K->328K(314560K)
[130.480s][info][gc,heap        ] GC(488) CMS: 5552K->5552K(699072K)
[130.480s][info][gc,metaspace   ] GC(488) Metaspace: 23013K(23936K)->23013K(23936K) NonClass: 20236K(20736K)->20236K(20736K) Class: 2776K(3200K)->2776K(3200K)
[130.480s][info][gc             ] GC(488) Pause Young (Allocation Failure) 278M->5M(989M) 1.555ms
[130.480s][info][gc,cpu         ] GC(488) User=0.00s Sys=0.00s Real=0.00s
[130.758s][info][gc,start       ] GC(489) Pause Young (Allocation Failure)
[130.758s][info][gc,task        ] GC(489) Using 6 workers of 6 for evacuation
[130.759s][info][gc,heap        ] GC(489) ParNew: 279944K->356K(314560K)
[130.759s][info][gc,heap        ] GC(489) CMS: 5552K->5552K(699072K)
[130.759s][info][gc,metaspace   ] GC(489) Metaspace: 23013K(23936K)->23013K(23936K) NonClass: 20236K(20736K)->20236K(20736K) Class: 2776K(3200K)->2776K(3200K)
[130.759s][info][gc             ] GC(489) Pause Young (Allocation Failure) 278M->5M(989M) 1.521ms
[130.759s][info][gc,cpu         ] GC(489) User=0.00s Sys=0.00s Real=0.00s
[131.024s][info][gc,start       ] GC(490) Pause Young (Allocation Failure)
[131.024s][info][gc,task        ] GC(490) Using 6 workers of 6 for evacuation
[131.025s][info][gc,heap        ] GC(490) ParNew: 279972K->421K(314560K)
[131.025s][info][gc,heap        ] GC(490) CMS: 5552K->5552K(699072K)
[131.025s][info][gc,metaspace   ] GC(490) Metaspace: 23013K(23936K)->23013K(23936K) NonClass: 20236K(20736K)->20236K(20736K) Class: 2776K(3200K)->2776K(3200K)
[131.025s][info][gc             ] GC(490) Pause Young (Allocation Failure) 278M->5M(989M) 1.542ms
[131.025s][info][gc,cpu         ] GC(490) User=0.00s Sys=0.00s Real=0.00s
[131.303s][info][gc,start       ] GC(491) Pause Young (Allocation Failure)
[131.303s][info][gc,task        ] GC(491) Using 6 workers of 6 for evacuation
[131.304s][info][gc,heap        ] GC(491) ParNew: 280037K->158K(314560K)
[131.304s][info][gc,heap        ] GC(491) CMS: 5552K->5780K(699072K)
[131.304s][info][gc,metaspace   ] GC(491) Metaspace: 23013K(23936K)->23013K(23936K) NonClass: 20236K(20736K)->20236K(20736K) Class: 2776K(3200K)->2776K(3200K)
[131.304s][info][gc             ] GC(491) Pause Young (Allocation Failure) 278M->5M(989M) 1.349ms
[131.304s][info][gc,cpu         ] GC(491) User=0.00s Sys=0.00s Real=0.00s
[131.621s][info][gc,start       ] GC(492) Pause Young (Allocation Failure)
[131.621s][info][gc,task        ] GC(492) Using 6 workers of 6 for evacuation
[131.623s][info][gc,heap        ] GC(492) ParNew: 279774K->66K(314560K)
[131.623s][info][gc,heap        ] GC(492) CMS: 5780K->5787K(699072K)
[131.623s][info][gc,metaspace   ] GC(492) Metaspace: 23013K(23936K)->23013K(23936K) NonClass: 20236K(20736K)->20236K(20736K) Class: 2776K(3200K)->2776K(3200K)
[131.623s][info][gc             ] GC(492) Pause Young (Allocation Failure) 278M->5M(989M) 1.951ms
[131.623s][info][gc,cpu         ] GC(492) User=0.00s Sys=0.00s Real=0.00s
[131.913s][info][gc,start       ] GC(493) Pause Full (System.gc())
[131.913s][info][gc,phases,start] GC(493) Phase 1: Mark live objects
[131.919s][info][gc,phases      ] GC(493) Phase 1: Mark live objects 5.784ms
[131.919s][info][gc,phases,start] GC(493) Phase 2: Compute new object addresses
[131.944s][info][gc,phases      ] GC(493) Phase 2: Compute new object addresses 24.830ms
[131.944s][info][gc,phases,start] GC(493) Phase 3: Adjust pointers
[131.948s][info][gc,phases      ] GC(493) Phase 3: Adjust pointers 4.380ms
[131.948s][info][gc,phases,start] GC(493) Phase 4: Move objects
[131.948s][info][gc,phases      ] GC(493) Phase 4: Move objects 0.091ms
[131.949s][info][gc,heap        ] GC(493) ParNew: 195956K->0K(314560K)
[131.949s][info][gc,heap        ] GC(493) CMS: 5787K->5552K(699072K)
[131.949s][info][gc,metaspace   ] GC(493) Metaspace: 23013K(23936K)->23013K(23936K) NonClass: 20236K(20736K)->20236K(20736K) Class: 2776K(3200K)->2776K(3200K)
[131.949s][info][gc             ] GC(493) Pause Full (System.gc()) 197M->5M(989M) 35.999ms
[131.949s][info][gc,cpu         ] GC(493) User=0.03s Sys=0.00s Real=0.03s
[132.233s][info][gc,start       ] GC(494) Pause Young (Allocation Failure)
[132.233s][info][gc,task        ] GC(494) Using 6 workers of 6 for evacuation
[132.234s][info][gc,heap        ] GC(494) ParNew: 279616K->250K(314560K)
[132.234s][info][gc,heap        ] GC(494) CMS: 5552K->5552K(699072K)
[132.234s][info][gc,metaspace   ] GC(494) Metaspace: 23013K(23936K)->23013K(23936K) NonClass: 20236K(20736K)->20236K(20736K) Class: 2776K(3200K)->2776K(3200K)
[132.234s][info][gc             ] GC(494) Pause Young (Allocation Failure) 278M->5M(989M) 1.333ms
[132.234s][info][gc,cpu         ] GC(494) User=0.00s Sys=0.00s Real=0.00s
[132.525s][info][gc,start       ] GC(495) Pause Young (Allocation Failure)
[132.525s][info][gc,task        ] GC(495) Using 6 workers of 6 for evacuation
[132.526s][info][gc,heap        ] GC(495) ParNew: 279866K->276K(314560K)
[132.526s][info][gc,heap        ] GC(495) CMS: 5552K->5552K(699072K)
[132.526s][info][gc,metaspace   ] GC(495) Metaspace: 23013K(23936K)->23013K(23936K) NonClass: 20236K(20736K)->20236K(20736K) Class: 2776K(3200K)->2776K(3200K)
[132.526s][info][gc             ] GC(495) Pause Young (Allocation Failure) 278M->5M(989M) 1.333ms
[132.526s][info][gc,cpu         ] GC(495) User=0.00s Sys=0.00s Real=0.00s
[132.806s][info][gc,start       ] GC(496) Pause Young (Allocation Failure)
[132.806s][info][gc,task        ] GC(496) Using 6 workers of 6 for evacuation
[132.807s][info][gc,heap        ] GC(496) ParNew: 279892K->307K(314560K)
[132.807s][info][gc,heap        ] GC(496) CMS: 5552K->5552K(699072K)
[132.807s][info][gc,metaspace   ] GC(496) Metaspace: 23013K(23936K)->23013K(23936K) NonClass: 20236K(20736K)->20236K(20736K) Class: 2776K(3200K)->2776K(3200K)
[132.807s][info][gc             ] GC(496) Pause Young (Allocation Failure) 278M->5M(989M) 1.662ms
[132.807s][info][gc,cpu         ] GC(496) User=0.00s Sys=0.00s Real=0.00s
[133.078s][info][gc,start       ] GC(497) Pause Young (Allocation Failure)
[133.078s][info][gc,task        ] GC(497) Using 6 workers of 6 for evacuation
[133.080s][info][gc,heap        ] GC(497) ParNew: 279923K->340K(314560K)
[133.080s][info][gc,heap        ] GC(497) CMS: 5552K->5552K(699072K)
[133.080s][info][gc,metaspace   ] GC(497) Metaspace: 23013K(23936K)->23013K(23936K) NonClass: 20236K(20736K)->20236K(20736K) Class: 2776K(3200K)->2776K(3200K)
[133.080s][info][gc             ] GC(497) Pause Young (Allocation Failure) 278M->5M(989M) 1.548ms
[133.080s][info][gc,cpu         ] GC(497) User=0.00s Sys=0.00s Real=0.00s
[133.347s][info][gc,start       ] GC(498) Pause Young (Allocation Failure)
[133.347s][info][gc,task        ] GC(498) Using 6 workers of 6 for evacuation
[133.348s][info][gc,heap        ] GC(498) ParNew: 279956K->341K(314560K)
[133.348s][info][gc,heap        ] GC(498) CMS: 5552K->5552K(699072K)
[133.348s][info][gc,metaspace   ] GC(498) Metaspace: 23013K(23936K)->23013K(23936K) NonClass: 20236K(20736K)->20236K(20736K) Class: 2776K(3200K)->2776K(3200K)
[133.348s][info][gc             ] GC(498) Pause Young (Allocation Failure) 278M->5M(989M) 1.372ms
[133.348s][info][gc,cpu         ] GC(498) User=0.00s Sys=0.00s Real=0.00s
[133.632s][info][gc,start       ] GC(499) Pause Young (Allocation Failure)
[133.632s][info][gc,task        ] GC(499) Using 6 workers of 6 for evacuation
[133.633s][info][gc,heap        ] GC(499) ParNew: 279957K->371K(314560K)
[133.633s][info][gc,heap        ] GC(499) CMS: 5552K->5552K(699072K)
[133.633s][info][gc,metaspace   ] GC(499) Metaspace: 23013K(23936K)->23013K(23936K) NonClass: 20236K(20736K)->20236K(20736K) Class: 2776K(3200K)->2776K(3200K)
[133.633s][info][gc             ] GC(499) Pause Young (Allocation Failure) 278M->5M(989M) 1.399ms
[133.633s][info][gc,cpu         ] GC(499) User=0.00s Sys=0.00s Real=0.00s
[133.900s][info][gc,start       ] GC(500) Pause Young (Allocation Failure)
[133.900s][info][gc,task        ] GC(500) Using 6 workers of 6 for evacuation
[133.901s][info][gc,heap        ] GC(500) ParNew: 279987K->245K(314560K)
[133.901s][info][gc,heap        ] GC(500) CMS: 5552K->5780K(699072K)
[133.901s][info][gc,metaspace   ] GC(500) Metaspace: 23013K(23936K)->23013K(23936K) NonClass: 20236K(20736K)->20236K(20736K) Class: 2776K(3200K)->2776K(3200K)
[133.901s][info][gc             ] GC(500) Pause Young (Allocation Failure) 278M->5M(989M) 1.536ms
[133.901s][info][gc,cpu         ] GC(500) User=0.00s Sys=0.02s Real=0.00s
[134.190s][info][gc,start       ] GC(501) Pause Young (Allocation Failure)
[134.190s][info][gc,task        ] GC(501) Using 6 workers of 6 for evacuation
[134.192s][info][gc,heap        ] GC(501) ParNew: 279861K->80K(314560K)
[134.192s][info][gc,heap        ] GC(501) CMS: 5780K->5787K(699072K)
[134.192s][info][gc,metaspace   ] GC(501) Metaspace: 23013K(23936K)->23013K(23936K) NonClass: 20236K(20736K)->20236K(20736K) Class: 2776K(3200K)->2776K(3200K)
[134.192s][info][gc             ] GC(501) Pause Young (Allocation Failure) 278M->5M(989M) 1.548ms
[134.192s][info][gc,cpu         ] GC(501) User=0.00s Sys=0.00s Real=0.00s
[134.445s][info][gc,start       ] GC(502) Pause Full (System.gc())
[134.445s][info][gc,phases,start] GC(502) Phase 1: Mark live objects
[134.451s][info][gc,phases      ] GC(502) Phase 1: Mark live objects 6.082ms
[134.451s][info][gc,phases,start] GC(502) Phase 2: Compute new object addresses
[134.479s][info][gc,phases      ] GC(502) Phase 2: Compute new object addresses 28.118ms
[134.480s][info][gc,phases,start] GC(502) Phase 3: Adjust pointers
[134.484s][info][gc,phases      ] GC(502) Phase 3: Adjust pointers 4.013ms
[134.484s][info][gc,phases,start] GC(502) Phase 4: Move objects
[134.484s][info][gc,phases      ] GC(502) Phase 4: Move objects 0.093ms
[134.484s][info][gc,heap        ] GC(502) ParNew: 218183K->0K(314560K)
[134.484s][info][gc,heap        ] GC(502) CMS: 5787K->5551K(699072K)
[134.484s][info][gc,metaspace   ] GC(502) Metaspace: 23013K(23936K)->23013K(23936K) NonClass: 20236K(20736K)->20236K(20736K) Class: 2776K(3200K)->2776K(3200K)
[134.484s][info][gc             ] GC(502) Pause Full (System.gc()) 218M->5M(989M) 39.235ms
[134.484s][info][gc,cpu         ] GC(502) User=0.00s Sys=0.00s Real=0.03s
[134.773s][info][gc,start       ] GC(503) Pause Young (Allocation Failure)
[134.773s][info][gc,task        ] GC(503) Using 6 workers of 6 for evacuation
[134.774s][info][gc,heap        ] GC(503) ParNew: 279616K->236K(314560K)
[134.774s][info][gc,heap        ] GC(503) CMS: 5551K->5551K(699072K)
[134.774s][info][gc,metaspace   ] GC(503) Metaspace: 23014K(23936K)->23014K(23936K) NonClass: 20237K(20736K)->20237K(20736K) Class: 2776K(3200K)->2776K(3200K)
[134.774s][info][gc             ] GC(503) Pause Young (Allocation Failure) 278M->5M(989M) 1.224ms
[134.774s][info][gc,cpu         ] GC(503) User=0.00s Sys=0.00s Real=0.00s
[135.068s][info][gc,start       ] GC(504) Pause Young (Allocation Failure)
[135.068s][info][gc,task        ] GC(504) Using 6 workers of 6 for evacuation
[135.070s][info][gc,heap        ] GC(504) ParNew: 279852K->261K(314560K)
[135.070s][info][gc,heap        ] GC(504) CMS: 5551K->5551K(699072K)
[135.070s][info][gc,metaspace   ] GC(504) Metaspace: 23014K(23936K)->23014K(23936K) NonClass: 20237K(20736K)->20237K(20736K) Class: 2776K(3200K)->2776K(3200K)
[135.070s][info][gc             ] GC(504) Pause Young (Allocation Failure) 278M->5M(989M) 1.406ms
[135.070s][info][gc,cpu         ] GC(504) User=0.00s Sys=0.00s Real=0.00s
[135.361s][info][gc,start       ] GC(505) Pause Young (Allocation Failure)
[135.361s][info][gc,task        ] GC(505) Using 6 workers of 6 for evacuation
[135.362s][info][gc,heap        ] GC(505) ParNew: 279877K->285K(314560K)
[135.362s][info][gc,heap        ] GC(505) CMS: 5551K->5551K(699072K)
[135.362s][info][gc,metaspace   ] GC(505) Metaspace: 23014K(23936K)->23014K(23936K) NonClass: 20237K(20736K)->20237K(20736K) Class: 2776K(3200K)->2776K(3200K)
[135.362s][info][gc             ] GC(505) Pause Young (Allocation Failure) 278M->5M(989M) 1.380ms
[135.362s][info][gc,cpu         ] GC(505) User=0.00s Sys=0.00s Real=0.00s
[135.656s][info][gc,start       ] GC(506) Pause Young (Allocation Failure)
[135.656s][info][gc,task        ] GC(506) Using 6 workers of 6 for evacuation
[135.658s][info][gc,heap        ] GC(506) ParNew: 279901K->318K(314560K)
[135.658s][info][gc,heap        ] GC(506) CMS: 5551K->5551K(699072K)
[135.658s][info][gc,metaspace   ] GC(506) Metaspace: 23014K(23936K)->23014K(23936K) NonClass: 20237K(20736K)->20237K(20736K) Class: 2776K(3200K)->2776K(3200K)
[135.658s][info][gc             ] GC(506) Pause Young (Allocation Failure) 278M->5M(989M) 1.423ms
[135.658s][info][gc,cpu         ] GC(506) User=0.00s Sys=0.00s Real=0.00s
[135.925s][info][gc,start       ] GC(507) Pause Young (Allocation Failure)
[135.925s][info][gc,task        ] GC(507) Using 6 workers of 6 for evacuation
[135.926s][info][gc,heap        ] GC(507) ParNew: 279934K->353K(314560K)
[135.926s][info][gc,heap        ] GC(507) CMS: 5551K->5551K(699072K)
[135.926s][info][gc,metaspace   ] GC(507) Metaspace: 23014K(23936K)->23014K(23936K) NonClass: 20237K(20736K)->20237K(20736K) Class: 2776K(3200K)->2776K(3200K)
[135.927s][info][gc             ] GC(507) Pause Young (Allocation Failure) 278M->5M(989M) 1.293ms
[135.927s][info][gc,cpu         ] GC(507) User=0.00s Sys=0.00s Real=0.00s
[136.195s][info][gc,start       ] GC(508) Pause Young (Allocation Failure)
[136.195s][info][gc,task        ] GC(508) Using 6 workers of 6 for evacuation
[136.197s][info][gc,heap        ] GC(508) ParNew: 279969K->418K(314560K)
[136.197s][info][gc,heap        ] GC(508) CMS: 5551K->5551K(699072K)
[136.197s][info][gc,metaspace   ] GC(508) Metaspace: 23014K(23936K)->23014K(23936K) NonClass: 20237K(20736K)->20237K(20736K) Class: 2776K(3200K)->2776K(3200K)
[136.197s][info][gc             ] GC(508) Pause Young (Allocation Failure) 278M->5M(989M) 1.421ms
[136.197s][info][gc,cpu         ] GC(508) User=0.00s Sys=0.00s Real=0.00s
[136.492s][info][gc,start       ] GC(509) Pause Young (Allocation Failure)
[136.492s][info][gc,task        ] GC(509) Using 6 workers of 6 for evacuation
[136.494s][info][gc,heap        ] GC(509) ParNew: 280034K->145K(314560K)
[136.494s][info][gc,heap        ] GC(509) CMS: 5551K->5780K(699072K)
[136.494s][info][gc,metaspace   ] GC(509) Metaspace: 23014K(23936K)->23014K(23936K) NonClass: 20237K(20736K)->20237K(20736K) Class: 2776K(3200K)->2776K(3200K)
[136.494s][info][gc             ] GC(509) Pause Young (Allocation Failure) 278M->5M(989M) 1.459ms
[136.494s][info][gc,cpu         ] GC(509) User=0.00s Sys=0.00s Real=0.00s
[136.819s][info][gc,start       ] GC(510) Pause Young (Allocation Failure)
[136.820s][info][gc,task        ] GC(510) Using 6 workers of 6 for evacuation
[136.821s][info][gc,heap        ] GC(510) ParNew: 279761K->76K(314560K)
[136.821s][info][gc,heap        ] GC(510) CMS: 5780K->5787K(699072K)
[136.821s][info][gc,metaspace   ] GC(510) Metaspace: 23014K(23936K)->23014K(23936K) NonClass: 20237K(20736K)->20237K(20736K) Class: 2776K(3200K)->2776K(3200K)
[136.821s][info][gc             ] GC(510) Pause Young (Allocation Failure) 278M->5M(989M) 1.232ms
[136.821s][info][gc,cpu         ] GC(510) User=0.00s Sys=0.00s Real=0.00s
[136.948s][info][gc,start       ] GC(511) Pause Full (System.gc())
[136.949s][info][gc,phases,start] GC(511) Phase 1: Mark live objects
[136.955s][info][gc,phases      ] GC(511) Phase 1: Mark live objects 5.999ms
[136.955s][info][gc,phases,start] GC(511) Phase 2: Compute new object addresses
[136.969s][info][gc,phases      ] GC(511) Phase 2: Compute new object addresses 14.718ms
[136.969s][info][gc,phases,start] GC(511) Phase 3: Adjust pointers
[136.973s][info][gc,phases      ] GC(511) Phase 3: Adjust pointers 4.029ms
[136.973s][info][gc,phases,start] GC(511) Phase 4: Move objects
[136.974s][info][gc,phases      ] GC(511) Phase 4: Move objects 0.098ms
[136.974s][info][gc,heap        ] GC(511) ParNew: 107141K->0K(314560K)
[136.974s][info][gc,heap        ] GC(511) CMS: 5787K->5552K(699072K)
[136.974s][info][gc,metaspace   ] GC(511) Metaspace: 23014K(23936K)->23014K(23936K) NonClass: 20237K(20736K)->20237K(20736K) Class: 2776K(3200K)->2776K(3200K)
[136.974s][info][gc             ] GC(511) Pause Full (System.gc()) 110M->5M(989M) 25.933ms
[136.974s][info][gc,cpu         ] GC(511) User=0.00s Sys=0.00s Real=0.02s
[137.261s][info][gc,start       ] GC(512) Pause Young (Allocation Failure)
[137.261s][info][gc,task        ] GC(512) Using 6 workers of 6 for evacuation
[137.263s][info][gc,heap        ] GC(512) ParNew: 279616K->232K(314560K)
[137.263s][info][gc,heap        ] GC(512) CMS: 5552K->5552K(699072K)
[137.263s][info][gc,metaspace   ] GC(512) Metaspace: 23014K(23936K)->23014K(23936K) NonClass: 20237K(20736K)->20237K(20736K) Class: 2776K(3200K)->2776K(3200K)
[137.263s][info][gc             ] GC(512) Pause Young (Allocation Failure) 278M->5M(989M) 1.662ms
[137.263s][info][gc,cpu         ] GC(512) User=0.00s Sys=0.00s Real=0.00s
[137.558s][info][gc,start       ] GC(513) Pause Young (Allocation Failure)
[137.558s][info][gc,task        ] GC(513) Using 6 workers of 6 for evacuation
[137.560s][info][gc,heap        ] GC(513) ParNew: 279848K->249K(314560K)
[137.560s][info][gc,heap        ] GC(513) CMS: 5552K->5552K(699072K)
[137.560s][info][gc,metaspace   ] GC(513) Metaspace: 23014K(23936K)->23014K(23936K) NonClass: 20237K(20736K)->20237K(20736K) Class: 2776K(3200K)->2776K(3200K)
[137.560s][info][gc             ] GC(513) Pause Young (Allocation Failure) 278M->5M(989M) 1.503ms
[137.560s][info][gc,cpu         ] GC(513) User=0.00s Sys=0.00s Real=0.00s
[137.838s][info][gc,start       ] GC(514) Pause Young (Allocation Failure)
[137.838s][info][gc,task        ] GC(514) Using 6 workers of 6 for evacuation
[137.840s][info][gc,heap        ] GC(514) ParNew: 279865K->271K(314560K)
[137.840s][info][gc,heap        ] GC(514) CMS: 5552K->5552K(699072K)
[137.840s][info][gc,metaspace   ] GC(514) Metaspace: 23014K(23936K)->23014K(23936K) NonClass: 20237K(20736K)->20237K(20736K) Class: 2776K(3200K)->2776K(3200K)
[137.840s][info][gc             ] GC(514) Pause Young (Allocation Failure) 278M->5M(989M) 1.740ms
[137.840s][info][gc,cpu         ] GC(514) User=0.00s Sys=0.00s Real=0.00s
[138.120s][info][gc,start       ] GC(515) Pause Young (Allocation Failure)
[138.121s][info][gc,task        ] GC(515) Using 6 workers of 6 for evacuation
[138.122s][info][gc,heap        ] GC(515) ParNew: 279887K->312K(314560K)
[138.122s][info][gc,heap        ] GC(515) CMS: 5552K->5552K(699072K)
[138.122s][info][gc,metaspace   ] GC(515) Metaspace: 23014K(23936K)->23014K(23936K) NonClass: 20237K(20736K)->20237K(20736K) Class: 2776K(3200K)->2776K(3200K)
[138.122s][info][gc             ] GC(515) Pause Young (Allocation Failure) 278M->5M(989M) 1.410ms
[138.122s][info][gc,cpu         ] GC(515) User=0.00s Sys=0.00s Real=0.00s
[138.392s][info][gc,start       ] GC(516) Pause Young (Allocation Failure)
[138.392s][info][gc,task        ] GC(516) Using 6 workers of 6 for evacuation
[138.394s][info][gc,heap        ] GC(516) ParNew: 279928K->354K(314560K)
[138.394s][info][gc,heap        ] GC(516) CMS: 5552K->5552K(699072K)
[138.394s][info][gc,metaspace   ] GC(516) Metaspace: 23014K(23936K)->23014K(23936K) NonClass: 20237K(20736K)->20237K(20736K) Class: 2776K(3200K)->2776K(3200K)
[138.394s][info][gc             ] GC(516) Pause Young (Allocation Failure) 278M->5M(989M) 1.651ms
[138.394s][info][gc,cpu         ] GC(516) User=0.00s Sys=0.00s Real=0.00s
[138.671s][info][gc,start       ] GC(517) Pause Young (Allocation Failure)
[138.672s][info][gc,task        ] GC(517) Using 6 workers of 6 for evacuation
[138.673s][info][gc,heap        ] GC(517) ParNew: 279970K->399K(314560K)
[138.673s][info][gc,heap        ] GC(517) CMS: 5552K->5552K(699072K)
[138.673s][info][gc,metaspace   ] GC(517) Metaspace: 23014K(23936K)->23014K(23936K) NonClass: 20237K(20736K)->20237K(20736K) Class: 2776K(3200K)->2776K(3200K)
[138.673s][info][gc             ] GC(517) Pause Young (Allocation Failure) 278M->5M(989M) 1.439ms
[138.673s][info][gc,cpu         ] GC(517) User=0.00s Sys=0.00s Real=0.00s
[138.993s][info][gc,start       ] GC(518) Pause Young (Allocation Failure)
[138.993s][info][gc,task        ] GC(518) Using 6 workers of 6 for evacuation
[138.994s][info][gc,heap        ] GC(518) ParNew: 280015K->202K(314560K)
[138.994s][info][gc,heap        ] GC(518) CMS: 5552K->5780K(699072K)
[138.994s][info][gc,metaspace   ] GC(518) Metaspace: 23014K(23936K)->23014K(23936K) NonClass: 20237K(20736K)->20237K(20736K) Class: 2776K(3200K)->2776K(3200K)
[138.994s][info][gc             ] GC(518) Pause Young (Allocation Failure) 278M->5M(989M) 1.319ms
[138.994s][info][gc,cpu         ] GC(518) User=0.02s Sys=0.00s Real=0.00s
[139.321s][info][gc,start       ] GC(519) Pause Young (Allocation Failure)
[139.321s][info][gc,task        ] GC(519) Using 6 workers of 6 for evacuation
[139.323s][info][gc,heap        ] GC(519) ParNew: 279818K->102K(314560K)
[139.323s][info][gc,heap        ] GC(519) CMS: 5780K->5787K(699072K)
[139.323s][info][gc,metaspace   ] GC(519) Metaspace: 23014K(23936K)->23014K(23936K) NonClass: 20237K(20736K)->20237K(20736K) Class: 2776K(3200K)->2776K(3200K)
[139.323s][info][gc             ] GC(519) Pause Young (Allocation Failure) 278M->5M(989M) 1.373ms
[139.323s][info][gc,cpu         ] GC(519) User=0.00s Sys=0.00s Real=0.00s
[139.429s][info][gc,start       ] GC(520) Pause Full (System.gc())
[139.430s][info][gc,phases,start] GC(520) Phase 1: Mark live objects
[139.435s][info][gc,phases      ] GC(520) Phase 1: Mark live objects 5.868ms
[139.435s][info][gc,phases,start] GC(520) Phase 2: Compute new object addresses
[139.444s][info][gc,phases      ] GC(520) Phase 2: Compute new object addresses 8.127ms
[139.444s][info][gc,phases,start] GC(520) Phase 3: Adjust pointers
[139.448s][info][gc,phases      ] GC(520) Phase 3: Adjust pointers 4.263ms
[139.448s][info][gc,phases,start] GC(520) Phase 4: Move objects
[139.448s][info][gc,phases      ] GC(520) Phase 4: Move objects 0.092ms
[139.449s][info][gc,heap        ] GC(520) ParNew: 54150K->0K(314560K)
[139.449s][info][gc,heap        ] GC(520) CMS: 5787K->5552K(699072K)
[139.449s][info][gc,metaspace   ] GC(520) Metaspace: 23014K(23936K)->23014K(23936K) NonClass: 20237K(20736K)->20237K(20736K) Class: 2776K(3200K)->2776K(3200K)
[139.449s][info][gc             ] GC(520) Pause Full (System.gc()) 58M->5M(989M) 19.283ms
[139.449s][info][gc,cpu         ] GC(520) User=0.02s Sys=0.00s Real=0.01s
[139.738s][info][gc,start       ] GC(521) Pause Young (Allocation Failure)
[139.738s][info][gc,task        ] GC(521) Using 6 workers of 6 for evacuation
[139.740s][info][gc,heap        ] GC(521) ParNew: 279616K->242K(314560K)
[139.740s][info][gc,heap        ] GC(521) CMS: 5552K->5552K(699072K)
[139.740s][info][gc,metaspace   ] GC(521) Metaspace: 23014K(23936K)->23014K(23936K) NonClass: 20237K(20736K)->20237K(20736K) Class: 2776K(3200K)->2776K(3200K)
[139.740s][info][gc             ] GC(521) Pause Young (Allocation Failure) 278M->5M(989M) 1.454ms
[139.740s][info][gc,cpu         ] GC(521) User=0.00s Sys=0.00s Real=0.00s
[140.026s][info][gc,start       ] GC(522) Pause Young (Allocation Failure)
[140.026s][info][gc,task        ] GC(522) Using 6 workers of 6 for evacuation
[140.027s][info][gc,heap        ] GC(522) ParNew: 279858K->264K(314560K)
[140.027s][info][gc,heap        ] GC(522) CMS: 5552K->5552K(699072K)
[140.027s][info][gc,metaspace   ] GC(522) Metaspace: 23014K(23936K)->23014K(23936K) NonClass: 20237K(20736K)->20237K(20736K) Class: 2776K(3200K)->2776K(3200K)
[140.027s][info][gc             ] GC(522) Pause Young (Allocation Failure) 278M->5M(989M) 1.498ms
[140.027s][info][gc,cpu         ] GC(522) User=0.00s Sys=0.00s Real=0.00s
[140.317s][info][gc,start       ] GC(523) Pause Young (Allocation Failure)
[140.317s][info][gc,task        ] GC(523) Using 6 workers of 6 for evacuation
[140.319s][info][gc,heap        ] GC(523) ParNew: 279880K->294K(314560K)
[140.319s][info][gc,heap        ] GC(523) CMS: 5552K->5552K(699072K)
[140.319s][info][gc,metaspace   ] GC(523) Metaspace: 23014K(23936K)->23014K(23936K) NonClass: 20237K(20736K)->20237K(20736K) Class: 2776K(3200K)->2776K(3200K)
[140.319s][info][gc             ] GC(523) Pause Young (Allocation Failure) 278M->5M(989M) 1.474ms
[140.319s][info][gc,cpu         ] GC(523) User=0.00s Sys=0.00s Real=0.00s
[140.596s][info][gc,start       ] GC(524) Pause Young (Allocation Failure)
[140.596s][info][gc,task        ] GC(524) Using 6 workers of 6 for evacuation
[140.597s][info][gc,heap        ] GC(524) ParNew: 279910K->336K(314560K)
[140.597s][info][gc,heap        ] GC(524) CMS: 5552K->5552K(699072K)
[140.597s][info][gc,metaspace   ] GC(524) Metaspace: 23014K(23936K)->23014K(23936K) NonClass: 20237K(20736K)->20237K(20736K) Class: 2776K(3200K)->2776K(3200K)
[140.597s][info][gc             ] GC(524) Pause Young (Allocation Failure) 278M->5M(989M) 1.430ms
[140.597s][info][gc,cpu         ] GC(524) User=0.00s Sys=0.00s Real=0.00s
[140.892s][info][gc,start       ] GC(525) Pause Young (Allocation Failure)
[140.892s][info][gc,task        ] GC(525) Using 6 workers of 6 for evacuation
[140.893s][info][gc,heap        ] GC(525) ParNew: 279952K->367K(314560K)
[140.893s][info][gc,heap        ] GC(525) CMS: 5552K->5552K(699072K)
[140.893s][info][gc,metaspace   ] GC(525) Metaspace: 23014K(23936K)->23014K(23936K) NonClass: 20237K(20736K)->20237K(20736K) Class: 2776K(3200K)->2776K(3200K)
[140.893s][info][gc             ] GC(525) Pause Young (Allocation Failure) 278M->5M(989M) 1.441ms
[140.893s][info][gc,cpu         ] GC(525) User=0.00s Sys=0.00s Real=0.00s
[141.171s][info][gc,start       ] GC(526) Pause Young (Allocation Failure)
[141.171s][info][gc,task        ] GC(526) Using 6 workers of 6 for evacuation
[141.172s][info][gc,heap        ] GC(526) ParNew: 279983K->392K(314560K)
[141.172s][info][gc,heap        ] GC(526) CMS: 5552K->5552K(699072K)
[141.172s][info][gc,metaspace   ] GC(526) Metaspace: 23014K(23936K)->23014K(23936K) NonClass: 20237K(20736K)->20237K(20736K) Class: 2776K(3200K)->2776K(3200K)
[141.172s][info][gc             ] GC(526) Pause Young (Allocation Failure) 278M->5M(989M) 1.335ms
[141.172s][info][gc,cpu         ] GC(526) User=0.00s Sys=0.00s Real=0.00s
[141.439s][info][gc,start       ] GC(527) Pause Young (Allocation Failure)
[141.439s][info][gc,task        ] GC(527) Using 6 workers of 6 for evacuation
[141.440s][info][gc,heap        ] GC(527) ParNew: 280008K->229K(314560K)
[141.440s][info][gc,heap        ] GC(527) CMS: 5552K->5780K(699072K)
[141.440s][info][gc,metaspace   ] GC(527) Metaspace: 23014K(23936K)->23014K(23936K) NonClass: 20237K(20736K)->20237K(20736K) Class: 2776K(3200K)->2776K(3200K)
[141.440s][info][gc             ] GC(527) Pause Young (Allocation Failure) 278M->5M(989M) 1.343ms
[141.440s][info][gc,cpu         ] GC(527) User=0.00s Sys=0.00s Real=0.00s
[141.754s][info][gc,start       ] GC(528) Pause Young (Allocation Failure)
[141.754s][info][gc,task        ] GC(528) Using 6 workers of 6 for evacuation
[141.755s][info][gc,heap        ] GC(528) ParNew: 279845K->87K(314560K)
[141.755s][info][gc,heap        ] GC(528) CMS: 5780K->5787K(699072K)
[141.755s][info][gc,metaspace   ] GC(528) Metaspace: 23014K(23936K)->23014K(23936K) NonClass: 20237K(20736K)->20237K(20736K) Class: 2776K(3200K)->2776K(3200K)
[141.755s][info][gc             ] GC(528) Pause Young (Allocation Failure) 278M->5M(989M) 1.225ms
[141.755s][info][gc,cpu         ] GC(528) User=0.00s Sys=0.00s Real=0.00s
[141.981s][info][gc,start       ] GC(529) Pause Full (System.gc())
[141.982s][info][gc,phases,start] GC(529) Phase 1: Mark live objects
[141.988s][info][gc,phases      ] GC(529) Phase 1: Mark live objects 6.020ms
[141.988s][info][gc,phases,start] GC(529) Phase 2: Compute new object addresses
[142.010s][info][gc,phases      ] GC(529) Phase 2: Compute new object addresses 22.633ms
[142.010s][info][gc,phases,start] GC(529) Phase 3: Adjust pointers
[142.014s][info][gc,phases      ] GC(529) Phase 3: Adjust pointers 4.017ms
[142.014s][info][gc,phases,start] GC(529) Phase 4: Move objects
[142.014s][info][gc,phases      ] GC(529) Phase 4: Move objects 0.093ms
[142.015s][info][gc,heap        ] GC(529) ParNew: 163309K->0K(314560K)
[142.015s][info][gc,heap        ] GC(529) CMS: 5787K->5552K(699072K)
[142.015s][info][gc,metaspace   ] GC(529) Metaspace: 23014K(23936K)->23014K(23936K) NonClass: 20237K(20736K)->20237K(20736K) Class: 2776K(3200K)->2776K(3200K)
[142.015s][info][gc             ] GC(529) Pause Full (System.gc()) 165M->5M(989M) 33.679ms
[142.015s][info][gc,cpu         ] GC(529) User=0.00s Sys=0.00s Real=0.03s
[142.303s][info][gc,start       ] GC(530) Pause Young (Allocation Failure)
[142.303s][info][gc,task        ] GC(530) Using 6 workers of 6 for evacuation
[142.304s][info][gc,heap        ] GC(530) ParNew: 279616K->242K(314560K)
[142.305s][info][gc,heap        ] GC(530) CMS: 5552K->5552K(699072K)
[142.305s][info][gc,metaspace   ] GC(530) Metaspace: 23014K(23936K)->23014K(23936K) NonClass: 20237K(20736K)->20237K(20736K) Class: 2776K(3200K)->2776K(3200K)
[142.305s][info][gc             ] GC(530) Pause Young (Allocation Failure) 278M->5M(989M) 1.573ms
[142.305s][info][gc,cpu         ] GC(530) User=0.00s Sys=0.00s Real=0.00s
[142.583s][info][gc,start       ] GC(531) Pause Young (Allocation Failure)
[142.583s][info][gc,task        ] GC(531) Using 6 workers of 6 for evacuation
[142.584s][info][gc,heap        ] GC(531) ParNew: 279858K->264K(314560K)
[142.584s][info][gc,heap        ] GC(531) CMS: 5552K->5552K(699072K)
[142.584s][info][gc,metaspace   ] GC(531) Metaspace: 23014K(23936K)->23014K(23936K) NonClass: 20237K(20736K)->20237K(20736K) Class: 2776K(3200K)->2776K(3200K)
[142.584s][info][gc             ] GC(531) Pause Young (Allocation Failure) 278M->5M(989M) 1.052ms
[142.584s][info][gc,cpu         ] GC(531) User=0.00s Sys=0.00s Real=0.00s
[142.909s][info][gc,start       ] GC(532) Pause Young (Allocation Failure)
[142.910s][info][gc,task        ] GC(532) Using 6 workers of 6 for evacuation
[142.911s][info][gc,heap        ] GC(532) ParNew: 279880K->299K(314560K)
[142.911s][info][gc,heap        ] GC(532) CMS: 5552K->5552K(699072K)
[142.911s][info][gc,metaspace   ] GC(532) Metaspace: 23014K(23936K)->23014K(23936K) NonClass: 20237K(20736K)->20237K(20736K) Class: 2776K(3200K)->2776K(3200K)
[142.911s][info][gc             ] GC(532) Pause Young (Allocation Failure) 278M->5M(989M) 1.518ms
[142.911s][info][gc,cpu         ] GC(532) User=0.00s Sys=0.00s Real=0.00s
[143.199s][info][gc,start       ] GC(533) Pause Young (Allocation Failure)
[143.199s][info][gc,task        ] GC(533) Using 6 workers of 6 for evacuation
[143.200s][info][gc,heap        ] GC(533) ParNew: 279915K->339K(314560K)
[143.200s][info][gc,heap        ] GC(533) CMS: 5552K->5552K(699072K)
[143.201s][info][gc,metaspace   ] GC(533) Metaspace: 23014K(23936K)->23014K(23936K) NonClass: 20237K(20736K)->20237K(20736K) Class: 2776K(3200K)->2776K(3200K)
[143.201s][info][gc             ] GC(533) Pause Young (Allocation Failure) 278M->5M(989M) 1.598ms
[143.201s][info][gc,cpu         ] GC(533) User=0.00s Sys=0.00s Real=0.00s
[143.482s][info][gc,start       ] GC(534) Pause Young (Allocation Failure)
[143.482s][info][gc,task        ] GC(534) Using 6 workers of 6 for evacuation
[143.484s][info][gc,heap        ] GC(534) ParNew: 279955K->375K(314560K)
[143.484s][info][gc,heap        ] GC(534) CMS: 5552K->5552K(699072K)
[143.484s][info][gc,metaspace   ] GC(534) Metaspace: 23014K(23936K)->23014K(23936K) NonClass: 20237K(20736K)->20237K(20736K) Class: 2776K(3200K)->2776K(3200K)
[143.484s][info][gc             ] GC(534) Pause Young (Allocation Failure) 278M->5M(989M) 1.589ms
[143.484s][info][gc,cpu         ] GC(534) User=0.00s Sys=0.00s Real=0.00s
[143.778s][info][gc,start       ] GC(535) Pause Young (Allocation Failure)
[143.778s][info][gc,task        ] GC(535) Using 6 workers of 6 for evacuation
[143.779s][info][gc,heap        ] GC(535) ParNew: 279991K->396K(314560K)
[143.779s][info][gc,heap        ] GC(535) CMS: 5552K->5552K(699072K)
[143.779s][info][gc,metaspace   ] GC(535) Metaspace: 23014K(23936K)->23014K(23936K) NonClass: 20237K(20736K)->20237K(20736K) Class: 2776K(3200K)->2776K(3200K)
[143.779s][info][gc             ] GC(535) Pause Young (Allocation Failure) 278M->5M(989M) 1.639ms
[143.779s][info][gc,cpu         ] GC(535) User=0.00s Sys=0.00s Real=0.00s
[144.039s][info][gc,start       ] GC(536) Pause Young (Allocation Failure)
[144.039s][info][gc,task        ] GC(536) Using 6 workers of 6 for evacuation
[144.040s][info][gc,heap        ] GC(536) ParNew: 280012K->252K(314560K)
[144.040s][info][gc,heap        ] GC(536) CMS: 5552K->5780K(699072K)
[144.040s][info][gc,metaspace   ] GC(536) Metaspace: 23014K(23936K)->23014K(23936K) NonClass: 20237K(20736K)->20237K(20736K) Class: 2776K(3200K)->2776K(3200K)
[144.040s][info][gc             ] GC(536) Pause Young (Allocation Failure) 278M->5M(989M) 1.409ms
[144.040s][info][gc,cpu         ] GC(536) User=0.00s Sys=0.00s Real=0.00s
[144.374s][info][gc,start       ] GC(537) Pause Young (Allocation Failure)
[144.374s][info][gc,task        ] GC(537) Using 6 workers of 6 for evacuation
[144.375s][info][gc,heap        ] GC(537) ParNew: 279868K->93K(314560K)
[144.375s][info][gc,heap        ] GC(537) CMS: 5780K->5787K(699072K)
[144.375s][info][gc,metaspace   ] GC(537) Metaspace: 23014K(23936K)->23014K(23936K) NonClass: 20237K(20736K)->20237K(20736K) Class: 2776K(3200K)->2776K(3200K)
[144.375s][info][gc             ] GC(537) Pause Young (Allocation Failure) 278M->5M(989M) 1.442ms
[144.375s][info][gc,cpu         ] GC(537) User=0.00s Sys=0.00s Real=0.00s
[144.680s][info][gc,start       ] GC(538) Pause Full (System.gc())
[144.680s][info][gc,phases,start] GC(538) Phase 1: Mark live objects
[144.686s][info][gc,phases      ] GC(538) Phase 1: Mark live objects 6.151ms
[144.686s][info][gc,phases,start] GC(538) Phase 2: Compute new object addresses
[144.709s][info][gc,phases      ] GC(538) Phase 2: Compute new object addresses 22.768ms
[144.709s][info][gc,phases,start] GC(538) Phase 3: Adjust pointers
[144.713s][info][gc,phases      ] GC(538) Phase 3: Adjust pointers 4.026ms
[144.713s][info][gc,phases,start] GC(538) Phase 4: Move objects
[144.713s][info][gc,phases      ] GC(538) Phase 4: Move objects 0.094ms
[144.714s][info][gc,heap        ] GC(538) ParNew: 169807K->0K(314560K)
[144.714s][info][gc,heap        ] GC(538) CMS: 5787K->5552K(699072K)
[144.714s][info][gc,metaspace   ] GC(538) Metaspace: 23014K(23936K)->23014K(23936K) NonClass: 20237K(20736K)->20237K(20736K) Class: 2776K(3200K)->2776K(3200K)
[144.714s][info][gc             ] GC(538) Pause Full (System.gc()) 171M->5M(989M) 33.978ms
[144.714s][info][gc,cpu         ] GC(538) User=0.03s Sys=0.00s Real=0.03s
[145.006s][info][gc,start       ] GC(539) Pause Young (Allocation Failure)
[145.006s][info][gc,task        ] GC(539) Using 6 workers of 6 for evacuation
[145.007s][info][gc,heap        ] GC(539) ParNew: 279616K->239K(314560K)
[145.007s][info][gc,heap        ] GC(539) CMS: 5552K->5552K(699072K)
[145.007s][info][gc,metaspace   ] GC(539) Metaspace: 23014K(23936K)->23014K(23936K) NonClass: 20237K(20736K)->20237K(20736K) Class: 2776K(3200K)->2776K(3200K)
[145.007s][info][gc             ] GC(539) Pause Young (Allocation Failure) 278M->5M(989M) 1.393ms
[145.007s][info][gc,cpu         ] GC(539) User=0.00s Sys=0.00s Real=0.00s
[145.305s][info][gc,start       ] GC(540) Pause Young (Allocation Failure)
[145.305s][info][gc,task        ] GC(540) Using 6 workers of 6 for evacuation
[145.306s][info][gc,heap        ] GC(540) ParNew: 279855K->263K(314560K)
[145.306s][info][gc,heap        ] GC(540) CMS: 5552K->5552K(699072K)
[145.306s][info][gc,metaspace   ] GC(540) Metaspace: 23014K(23936K)->23014K(23936K) NonClass: 20237K(20736K)->20237K(20736K) Class: 2776K(3200K)->2776K(3200K)
[145.306s][info][gc             ] GC(540) Pause Young (Allocation Failure) 278M->5M(989M) 1.579ms
[145.306s][info][gc,cpu         ] GC(540) User=0.00s Sys=0.00s Real=0.00s
[145.581s][info][gc,start       ] GC(541) Pause Young (Allocation Failure)
[145.582s][info][gc,task        ] GC(541) Using 6 workers of 6 for evacuation
[145.583s][info][gc,heap        ] GC(541) ParNew: 279879K->296K(314560K)
[145.583s][info][gc,heap        ] GC(541) CMS: 5552K->5552K(699072K)
[145.583s][info][gc,metaspace   ] GC(541) Metaspace: 23014K(23936K)->23014K(23936K) NonClass: 20237K(20736K)->20237K(20736K) Class: 2776K(3200K)->2776K(3200K)
[145.583s][info][gc             ] GC(541) Pause Young (Allocation Failure) 278M->5M(989M) 1.528ms
[145.583s][info][gc,cpu         ] GC(541) User=0.00s Sys=0.00s Real=0.00s
[145.864s][info][gc,start       ] GC(542) Pause Young (Allocation Failure)
[145.865s][info][gc,task        ] GC(542) Using 6 workers of 6 for evacuation
[145.866s][info][gc,heap        ] GC(542) ParNew: 279912K->342K(314560K)
[145.866s][info][gc,heap        ] GC(542) CMS: 5552K->5552K(699072K)
[145.866s][info][gc,metaspace   ] GC(542) Metaspace: 23014K(23936K)->23014K(23936K) NonClass: 20237K(20736K)->20237K(20736K) Class: 2776K(3200K)->2776K(3200K)
[145.866s][info][gc             ] GC(542) Pause Young (Allocation Failure) 278M->5M(989M) 1.405ms
[145.866s][info][gc,cpu         ] GC(542) User=0.00s Sys=0.00s Real=0.00s
[146.137s][info][gc,start       ] GC(543) Pause Young (Allocation Failure)
[146.137s][info][gc,task        ] GC(543) Using 6 workers of 6 for evacuation
[146.138s][info][gc,heap        ] GC(543) ParNew: 279958K->368K(314560K)
[146.138s][info][gc,heap        ] GC(543) CMS: 5552K->5552K(699072K)
[146.138s][info][gc,metaspace   ] GC(543) Metaspace: 23014K(23936K)->23014K(23936K) NonClass: 20237K(20736K)->20237K(20736K) Class: 2776K(3200K)->2776K(3200K)
[146.138s][info][gc             ] GC(543) Pause Young (Allocation Failure) 278M->5M(989M) 1.220ms
[146.138s][info][gc,cpu         ] GC(543) User=0.00s Sys=0.00s Real=0.00s
[146.410s][info][gc,start       ] GC(544) Pause Young (Allocation Failure)
[146.410s][info][gc,task        ] GC(544) Using 6 workers of 6 for evacuation
[146.412s][info][gc,heap        ] GC(544) ParNew: 279984K->373K(314560K)
[146.412s][info][gc,heap        ] GC(544) CMS: 5552K->5552K(699072K)
[146.412s][info][gc,metaspace   ] GC(544) Metaspace: 23014K(23936K)->23014K(23936K) NonClass: 20237K(20736K)->20237K(20736K) Class: 2776K(3200K)->2776K(3200K)
[146.412s][info][gc             ] GC(544) Pause Young (Allocation Failure) 278M->5M(989M) 1.667ms
[146.412s][info][gc,cpu         ] GC(544) User=0.00s Sys=0.00s Real=0.00s
[146.680s][info][gc,start       ] GC(545) Pause Young (Allocation Failure)
[146.680s][info][gc,task        ] GC(545) Using 6 workers of 6 for evacuation
[146.681s][info][gc,heap        ] GC(545) ParNew: 279989K->245K(314560K)
[146.681s][info][gc,heap        ] GC(545) CMS: 5552K->5780K(699072K)
[146.681s][info][gc,metaspace   ] GC(545) Metaspace: 23014K(23936K)->23014K(23936K) NonClass: 20237K(20736K)->20237K(20736K) Class: 2776K(3200K)->2776K(3200K)
[146.681s][info][gc             ] GC(545) Pause Young (Allocation Failure) 278M->5M(989M) 1.476ms
[146.681s][info][gc,cpu         ] GC(545) User=0.00s Sys=0.00s Real=0.00s
[146.994s][info][gc,start       ] GC(546) Pause Young (Allocation Failure)
[146.994s][info][gc,task        ] GC(546) Using 6 workers of 6 for evacuation
[146.995s][info][gc,heap        ] GC(546) ParNew: 279861K->80K(314560K)
[146.995s][info][gc,heap        ] GC(546) CMS: 5780K->5787K(699072K)
[146.995s][info][gc,metaspace   ] GC(546) Metaspace: 23014K(23936K)->23014K(23936K) NonClass: 20237K(20736K)->20237K(20736K) Class: 2776K(3200K)->2776K(3200K)
[146.995s][info][gc             ] GC(546) Pause Young (Allocation Failure) 278M->5M(989M) 1.240ms
[146.995s][info][gc,cpu         ] GC(546) User=0.00s Sys=0.00s Real=0.00s
[147.317s][info][gc,start       ] GC(547) Pause Full (System.gc())
[147.317s][info][gc,phases,start] GC(547) Phase 1: Mark live objects
[147.323s][info][gc,phases      ] GC(547) Phase 1: Mark live objects 5.954ms
[147.323s][info][gc,phases,start] GC(547) Phase 2: Compute new object addresses
[147.355s][info][gc,phases      ] GC(547) Phase 2: Compute new object addresses 31.132ms
[147.355s][info][gc,phases,start] GC(547) Phase 3: Adjust pointers
[147.359s][info][gc,phases      ] GC(547) Phase 3: Adjust pointers 4.087ms
[147.359s][info][gc,phases,start] GC(547) Phase 4: Move objects
[147.359s][info][gc,phases      ] GC(547) Phase 4: Move objects 0.092ms
[147.359s][info][gc,heap        ] GC(547) ParNew: 244801K->0K(314560K)
[147.359s][info][gc,heap        ] GC(547) CMS: 5787K->5552K(699072K)
[147.359s][info][gc,metaspace   ] GC(547) Metaspace: 23014K(23936K)->23014K(23936K) NonClass: 20237K(20736K)->20237K(20736K) Class: 2776K(3200K)->2776K(3200K)
[147.359s][info][gc             ] GC(547) Pause Full (System.gc()) 244M->5M(989M) 42.242ms
[147.359s][info][gc,cpu         ] GC(547) User=0.00s Sys=0.00s Real=0.05s
[147.650s][info][gc,start       ] GC(548) Pause Young (Allocation Failure)
[147.650s][info][gc,task        ] GC(548) Using 6 workers of 6 for evacuation
[147.651s][info][gc,heap        ] GC(548) ParNew: 279616K->231K(314560K)
[147.651s][info][gc,heap        ] GC(548) CMS: 5552K->5552K(699072K)
[147.651s][info][gc,metaspace   ] GC(548) Metaspace: 23014K(23936K)->23014K(23936K) NonClass: 20237K(20736K)->20237K(20736K) Class: 2776K(3200K)->2776K(3200K)
[147.651s][info][gc             ] GC(548) Pause Young (Allocation Failure) 278M->5M(989M) 1.293ms
[147.651s][info][gc,cpu         ] GC(548) User=0.00s Sys=0.00s Real=0.00s
[147.942s][info][gc,start       ] GC(549) Pause Young (Allocation Failure)
[147.942s][info][gc,task        ] GC(549) Using 6 workers of 6 for evacuation
[147.943s][info][gc,heap        ] GC(549) ParNew: 279847K->249K(314560K)
[147.943s][info][gc,heap        ] GC(549) CMS: 5552K->5552K(699072K)
[147.943s][info][gc,metaspace   ] GC(549) Metaspace: 23014K(23936K)->23014K(23936K) NonClass: 20237K(20736K)->20237K(20736K) Class: 2776K(3200K)->2776K(3200K)
[147.943s][info][gc             ] GC(549) Pause Young (Allocation Failure) 278M->5M(989M) 1.373ms
[147.943s][info][gc,cpu         ] GC(549) User=0.00s Sys=0.00s Real=0.00s
[148.225s][info][gc,start       ] GC(550) Pause Young (Allocation Failure)
[148.225s][info][gc,task        ] GC(550) Using 6 workers of 6 for evacuation
[148.226s][info][gc,heap        ] GC(550) ParNew: 279865K->273K(314560K)
[148.226s][info][gc,heap        ] GC(550) CMS: 5552K->5552K(699072K)
[148.226s][info][gc,metaspace   ] GC(550) Metaspace: 23014K(23936K)->23014K(23936K) NonClass: 20237K(20736K)->20237K(20736K) Class: 2776K(3200K)->2776K(3200K)
[148.226s][info][gc             ] GC(550) Pause Young (Allocation Failure) 278M->5M(989M) 1.497ms
[148.226s][info][gc,cpu         ] GC(550) User=0.00s Sys=0.00s Real=0.00s
[148.510s][info][gc,start       ] GC(551) Pause Young (Allocation Failure)
[148.511s][info][gc,task        ] GC(551) Using 6 workers of 6 for evacuation
[148.512s][info][gc,heap        ] GC(551) ParNew: 279889K->315K(314560K)
[148.512s][info][gc,heap        ] GC(551) CMS: 5552K->5552K(699072K)
[148.512s][info][gc,metaspace   ] GC(551) Metaspace: 23014K(23936K)->23014K(23936K) NonClass: 20237K(20736K)->20237K(20736K) Class: 2776K(3200K)->2776K(3200K)
[148.512s][info][gc             ] GC(551) Pause Young (Allocation Failure) 278M->5M(989M) 1.486ms
[148.512s][info][gc,cpu         ] GC(551) User=0.02s Sys=0.00s Real=0.00s
[148.791s][info][gc,start       ] GC(552) Pause Young (Allocation Failure)
[148.791s][info][gc,task        ] GC(552) Using 6 workers of 6 for evacuation
[148.793s][info][gc,heap        ] GC(552) ParNew: 279931K->342K(314560K)
[148.793s][info][gc,heap        ] GC(552) CMS: 5552K->5552K(699072K)
[148.793s][info][gc,metaspace   ] GC(552) Metaspace: 23014K(23936K)->23014K(23936K) NonClass: 20237K(20736K)->20237K(20736K) Class: 2776K(3200K)->2776K(3200K)
[148.793s][info][gc             ] GC(552) Pause Young (Allocation Failure) 278M->5M(989M) 1.505ms
[148.793s][info][gc,cpu         ] GC(552) User=0.02s Sys=0.00s Real=0.00s
[149.075s][info][gc,start       ] GC(553) Pause Young (Allocation Failure)
[149.075s][info][gc,task        ] GC(553) Using 6 workers of 6 for evacuation
[149.077s][info][gc,heap        ] GC(553) ParNew: 279958K->368K(314560K)
[149.077s][info][gc,heap        ] GC(553) CMS: 5552K->5552K(699072K)
[149.077s][info][gc,metaspace   ] GC(553) Metaspace: 23014K(23936K)->23014K(23936K) NonClass: 20237K(20736K)->20237K(20736K) Class: 2776K(3200K)->2776K(3200K)
[149.077s][info][gc             ] GC(553) Pause Young (Allocation Failure) 278M->5M(989M) 1.523ms
[149.077s][info][gc,cpu         ] GC(553) User=0.00s Sys=0.00s Real=0.00s
[149.337s][info][gc,start       ] GC(554) Pause Young (Allocation Failure)
[149.337s][info][gc,task        ] GC(554) Using 6 workers of 6 for evacuation
[149.338s][info][gc,heap        ] GC(554) ParNew: 279984K->213K(314560K)
[149.338s][info][gc,heap        ] GC(554) CMS: 5552K->5780K(699072K)
[149.338s][info][gc,metaspace   ] GC(554) Metaspace: 23014K(23936K)->23014K(23936K) NonClass: 20237K(20736K)->20237K(20736K) Class: 2776K(3200K)->2776K(3200K)
[149.338s][info][gc             ] GC(554) Pause Young (Allocation Failure) 278M->5M(989M) 1.515ms
[149.338s][info][gc,cpu         ] GC(554) User=0.00s Sys=0.00s Real=0.00s
[149.643s][info][gc,start       ] GC(555) Pause Young (Allocation Failure)
[149.643s][info][gc,task        ] GC(555) Using 6 workers of 6 for evacuation
[149.645s][info][gc,heap        ] GC(555) ParNew: 279829K->92K(314560K)
[149.645s][info][gc,heap        ] GC(555) CMS: 5780K->5787K(699072K)
[149.645s][info][gc,metaspace   ] GC(555) Metaspace: 23014K(23936K)->23014K(23936K) NonClass: 20237K(20736K)->20237K(20736K) Class: 2776K(3200K)->2776K(3200K)
[149.645s][info][gc             ] GC(555) Pause Young (Allocation Failure) 278M->5M(989M) 1.630ms
[149.645s][info][gc,cpu         ] GC(555) User=0.00s Sys=0.00s Real=0.00s
[149.850s][info][gc,start       ] GC(556) Pause Full (System.gc())
[149.850s][info][gc,phases,start] GC(556) Phase 1: Mark live objects
[149.856s][info][gc,phases      ] GC(556) Phase 1: Mark live objects 5.748ms
[149.856s][info][gc,phases,start] GC(556) Phase 2: Compute new object addresses
[149.877s][info][gc,phases      ] GC(556) Phase 2: Compute new object addresses 20.943ms
[149.877s][info][gc,phases,start] GC(556) Phase 3: Adjust pointers
[149.881s][info][gc,phases      ] GC(556) Phase 3: Adjust pointers 4.094ms
[149.881s][info][gc,phases,start] GC(556) Phase 4: Move objects
[149.881s][info][gc,phases      ] GC(556) Phase 4: Move objects 0.102ms
[149.881s][info][gc,heap        ] GC(556) ParNew: 156362K->0K(314560K)
[149.882s][info][gc,heap        ] GC(556) CMS: 5787K->5552K(699072K)
[149.882s][info][gc,metaspace   ] GC(556) Metaspace: 23014K(23936K)->23014K(23936K) NonClass: 20237K(20736K)->20237K(20736K) Class: 2776K(3200K)->2776K(3200K)
[149.882s][info][gc             ] GC(556) Pause Full (System.gc()) 158M->5M(989M) 31.955ms
[149.882s][info][gc,cpu         ] GC(556) User=0.02s Sys=0.00s Real=0.03s
[150.163s][info][gc,start       ] GC(557) Pause Young (Allocation Failure)
[150.163s][info][gc,task        ] GC(557) Using 6 workers of 6 for evacuation
[150.165s][info][gc,heap        ] GC(557) ParNew: 279616K->240K(314560K)
[150.165s][info][gc,heap        ] GC(557) CMS: 5552K->5552K(699072K)
[150.165s][info][gc,metaspace   ] GC(557) Metaspace: 23014K(23936K)->23014K(23936K) NonClass: 20237K(20736K)->20237K(20736K) Class: 2776K(3200K)->2776K(3200K)
[150.165s][info][gc             ] GC(557) Pause Young (Allocation Failure) 278M->5M(989M) 1.563ms
[150.165s][info][gc,cpu         ] GC(557) User=0.00s Sys=0.00s Real=0.00s
[150.443s][info][gc,start       ] GC(558) Pause Young (Allocation Failure)
[150.443s][info][gc,task        ] GC(558) Using 6 workers of 6 for evacuation
[150.445s][info][gc,heap        ] GC(558) ParNew: 279856K->256K(314560K)
[150.445s][info][gc,heap        ] GC(558) CMS: 5552K->5552K(699072K)
[150.445s][info][gc,metaspace   ] GC(558) Metaspace: 23014K(23936K)->23014K(23936K) NonClass: 20237K(20736K)->20237K(20736K) Class: 2776K(3200K)->2776K(3200K)
[150.445s][info][gc             ] GC(558) Pause Young (Allocation Failure) 278M->5M(989M) 1.559ms
[150.445s][info][gc,cpu         ] GC(558) User=0.00s Sys=0.00s Real=0.00s
[150.733s][info][gc,start       ] GC(559) Pause Young (Allocation Failure)
[150.733s][info][gc,task        ] GC(559) Using 6 workers of 6 for evacuation
[150.734s][info][gc,heap        ] GC(559) ParNew: 279872K->282K(314560K)
[150.734s][info][gc,heap        ] GC(559) CMS: 5552K->5552K(699072K)
[150.734s][info][gc,metaspace   ] GC(559) Metaspace: 23014K(23936K)->23014K(23936K) NonClass: 20237K(20736K)->20237K(20736K) Class: 2776K(3200K)->2776K(3200K)
[150.734s][info][gc             ] GC(559) Pause Young (Allocation Failure) 278M->5M(989M) 1.281ms
[150.734s][info][gc,cpu         ] GC(559) User=0.00s Sys=0.00s Real=0.00s
[151.020s][info][gc,start       ] GC(560) Pause Young (Allocation Failure)
[151.020s][info][gc,task        ] GC(560) Using 6 workers of 6 for evacuation
[151.021s][info][gc,heap        ] GC(560) ParNew: 279898K->299K(314560K)
[151.021s][info][gc,heap        ] GC(560) CMS: 5552K->5552K(699072K)
[151.021s][info][gc,metaspace   ] GC(560) Metaspace: 23014K(23936K)->23014K(23936K) NonClass: 20237K(20736K)->20237K(20736K) Class: 2776K(3200K)->2776K(3200K)
[151.021s][info][gc             ] GC(560) Pause Young (Allocation Failure) 278M->5M(989M) 1.583ms
[151.022s][info][gc,cpu         ] GC(560) User=0.00s Sys=0.00s Real=0.00s
[151.300s][info][gc,start       ] GC(561) Pause Young (Allocation Failure)
[151.300s][info][gc,task        ] GC(561) Using 6 workers of 6 for evacuation
[151.301s][info][gc,heap        ] GC(561) ParNew: 279915K->373K(314560K)
[151.301s][info][gc,heap        ] GC(561) CMS: 5552K->5552K(699072K)
[151.301s][info][gc,metaspace   ] GC(561) Metaspace: 23014K(23936K)->23014K(23936K) NonClass: 20237K(20736K)->20237K(20736K) Class: 2776K(3200K)->2776K(3200K)
[151.301s][info][gc             ] GC(561) Pause Young (Allocation Failure) 278M->5M(989M) 1.650ms
[151.301s][info][gc,cpu         ] GC(561) User=0.00s Sys=0.00s Real=0.00s
[151.587s][info][gc,start       ] GC(562) Pause Young (Allocation Failure)
[151.587s][info][gc,task        ] GC(562) Using 6 workers of 6 for evacuation
[151.588s][info][gc,heap        ] GC(562) ParNew: 279989K->411K(314560K)
[151.588s][info][gc,heap        ] GC(562) CMS: 5552K->5552K(699072K)
[151.588s][info][gc,metaspace   ] GC(562) Metaspace: 23014K(23936K)->23014K(23936K) NonClass: 20237K(20736K)->20237K(20736K) Class: 2776K(3200K)->2776K(3200K)
[151.588s][info][gc             ] GC(562) Pause Young (Allocation Failure) 278M->5M(989M) 1.410ms
[151.588s][info][gc,cpu         ] GC(562) User=0.00s Sys=0.00s Real=0.00s
[151.877s][info][gc,start       ] GC(563) Pause Young (Allocation Failure)
[151.877s][info][gc,task        ] GC(563) Using 6 workers of 6 for evacuation
[151.878s][info][gc,heap        ] GC(563) ParNew: 280027K->125K(314560K)
[151.878s][info][gc,heap        ] GC(563) CMS: 5552K->5780K(699072K)
[151.878s][info][gc,metaspace   ] GC(563) Metaspace: 23014K(23936K)->23014K(23936K) NonClass: 20237K(20736K)->20237K(20736K) Class: 2776K(3200K)->2776K(3200K)
[151.878s][info][gc             ] GC(563) Pause Young (Allocation Failure) 278M->5M(989M) 1.431ms
[151.878s][info][gc,cpu         ] GC(563) User=0.00s Sys=0.00s Real=0.00s
[152.177s][info][gc,start       ] GC(564) Pause Young (Allocation Failure)
[152.177s][info][gc,task        ] GC(564) Using 6 workers of 6 for evacuation
[152.178s][info][gc,heap        ] GC(564) ParNew: 279741K->76K(314560K)
[152.178s][info][gc,heap        ] GC(564) CMS: 5780K->5787K(699072K)
[152.178s][info][gc,metaspace   ] GC(564) Metaspace: 23014K(23936K)->23014K(23936K) NonClass: 20237K(20736K)->20237K(20736K) Class: 2776K(3200K)->2776K(3200K)
[152.178s][info][gc             ] GC(564) Pause Young (Allocation Failure) 278M->5M(989M) 1.536ms
[152.178s][info][gc,cpu         ] GC(564) User=0.00s Sys=0.00s Real=0.00s
[152.429s][info][gc,start       ] GC(565) Pause Full (System.gc())
[152.430s][info][gc,phases,start] GC(565) Phase 1: Mark live objects
[152.436s][info][gc,phases      ] GC(565) Phase 1: Mark live objects 5.899ms
[152.436s][info][gc,phases,start] GC(565) Phase 2: Compute new object addresses
[152.458s][info][gc,phases      ] GC(565) Phase 2: Compute new object addresses 22.249ms
[152.458s][info][gc,phases,start] GC(565) Phase 3: Adjust pointers
[152.462s][info][gc,phases      ] GC(565) Phase 3: Adjust pointers 4.063ms
[152.462s][info][gc,phases,start] GC(565) Phase 4: Move objects
[152.462s][info][gc,phases      ] GC(565) Phase 4: Move objects 0.102ms
[152.463s][info][gc,heap        ] GC(565) ParNew: 166854K->0K(314560K)
[152.463s][info][gc,heap        ] GC(565) CMS: 5787K->5552K(699072K)
[152.463s][info][gc,metaspace   ] GC(565) Metaspace: 23014K(23936K)->23014K(23936K) NonClass: 20237K(20736K)->20237K(20736K) Class: 2776K(3200K)->2776K(3200K)
[152.463s][info][gc             ] GC(565) Pause Full (System.gc()) 168M->5M(989M) 33.458ms
[152.463s][info][gc,cpu         ] GC(565) User=0.03s Sys=0.00s Real=0.03s
[152.755s][info][gc,start       ] GC(566) Pause Young (Allocation Failure)
[152.755s][info][gc,task        ] GC(566) Using 6 workers of 6 for evacuation
[152.756s][info][gc,heap        ] GC(566) ParNew: 279616K->235K(314560K)
[152.756s][info][gc,heap        ] GC(566) CMS: 5552K->5552K(699072K)
[152.756s][info][gc,metaspace   ] GC(566) Metaspace: 23014K(23936K)->23014K(23936K) NonClass: 20237K(20736K)->20237K(20736K) Class: 2776K(3200K)->2776K(3200K)
[152.756s][info][gc             ] GC(566) Pause Young (Allocation Failure) 278M->5M(989M) 1.579ms
[152.756s][info][gc,cpu         ] GC(566) User=0.00s Sys=0.00s Real=0.00s
[153.043s][info][gc,start       ] GC(567) Pause Young (Allocation Failure)
[153.043s][info][gc,task        ] GC(567) Using 6 workers of 6 for evacuation
[153.044s][info][gc,heap        ] GC(567) ParNew: 279851K->252K(314560K)
[153.044s][info][gc,heap        ] GC(567) CMS: 5552K->5552K(699072K)
[153.044s][info][gc,metaspace   ] GC(567) Metaspace: 23014K(23936K)->23014K(23936K) NonClass: 20237K(20736K)->20237K(20736K) Class: 2776K(3200K)->2776K(3200K)
[153.044s][info][gc             ] GC(567) Pause Young (Allocation Failure) 278M->5M(989M) 1.566ms
[153.044s][info][gc,cpu         ] GC(567) User=0.00s Sys=0.00s Real=0.00s
[153.346s][info][gc,start       ] GC(568) Pause Young (Allocation Failure)
[153.347s][info][gc,task        ] GC(568) Using 6 workers of 6 for evacuation
[153.348s][info][gc,heap        ] GC(568) ParNew: 279868K->278K(314560K)
[153.348s][info][gc,heap        ] GC(568) CMS: 5552K->5552K(699072K)
[153.348s][info][gc,metaspace   ] GC(568) Metaspace: 23014K(23936K)->23014K(23936K) NonClass: 20237K(20736K)->20237K(20736K) Class: 2776K(3200K)->2776K(3200K)
[153.348s][info][gc             ] GC(568) Pause Young (Allocation Failure) 278M->5M(989M) 1.548ms
[153.348s][info][gc,cpu         ] GC(568) User=0.00s Sys=0.00s Real=0.00s
[153.622s][info][gc,start       ] GC(569) Pause Young (Allocation Failure)
[153.622s][info][gc,task        ] GC(569) Using 6 workers of 6 for evacuation
[153.623s][info][gc,heap        ] GC(569) ParNew: 279894K->313K(314560K)
[153.623s][info][gc,heap        ] GC(569) CMS: 5552K->5552K(699072K)
[153.623s][info][gc,metaspace   ] GC(569) Metaspace: 23014K(23936K)->23014K(23936K) NonClass: 20237K(20736K)->20237K(20736K) Class: 2776K(3200K)->2776K(3200K)
[153.623s][info][gc             ] GC(569) Pause Young (Allocation Failure) 278M->5M(989M) 1.331ms
[153.623s][info][gc,cpu         ] GC(569) User=0.00s Sys=0.00s Real=0.00s
[153.908s][info][gc,start       ] GC(570) Pause Young (Allocation Failure)
[153.908s][info][gc,task        ] GC(570) Using 6 workers of 6 for evacuation
[153.909s][info][gc,heap        ] GC(570) ParNew: 279929K->358K(314560K)
[153.909s][info][gc,heap        ] GC(570) CMS: 5552K->5552K(699072K)
[153.909s][info][gc,metaspace   ] GC(570) Metaspace: 23014K(23936K)->23014K(23936K) NonClass: 20237K(20736K)->20237K(20736K) Class: 2776K(3200K)->2776K(3200K)
[153.909s][info][gc             ] GC(570) Pause Young (Allocation Failure) 278M->5M(989M) 1.518ms
[153.909s][info][gc,cpu         ] GC(570) User=0.00s Sys=0.00s Real=0.00s
[154.186s][info][gc,start       ] GC(571) Pause Young (Allocation Failure)
[154.186s][info][gc,task        ] GC(571) Using 6 workers of 6 for evacuation
[154.187s][info][gc,heap        ] GC(571) ParNew: 279974K->396K(314560K)
[154.187s][info][gc,heap        ] GC(571) CMS: 5552K->5552K(699072K)
[154.187s][info][gc,metaspace   ] GC(571) Metaspace: 23014K(23936K)->23014K(23936K) NonClass: 20237K(20736K)->20237K(20736K) Class: 2776K(3200K)->2776K(3200K)
[154.187s][info][gc             ] GC(571) Pause Young (Allocation Failure) 278M->5M(989M) 1.642ms
[154.187s][info][gc,cpu         ] GC(571) User=0.00s Sys=0.00s Real=0.00s
[154.448s][info][gc,start       ] GC(572) Pause Young (Allocation Failure)
[154.448s][info][gc,task        ] GC(572) Using 6 workers of 6 for evacuation
[154.450s][info][gc,heap        ] GC(572) ParNew: 280012K->203K(314560K)
[154.450s][info][gc,heap        ] GC(572) CMS: 5552K->5781K(699072K)
[154.450s][info][gc,metaspace   ] GC(572) Metaspace: 23014K(23936K)->23014K(23936K) NonClass: 20237K(20736K)->20237K(20736K) Class: 2776K(3200K)->2776K(3200K)
[154.450s][info][gc             ] GC(572) Pause Young (Allocation Failure) 278M->5M(989M) 1.603ms
[154.450s][info][gc,cpu         ] GC(572) User=0.02s Sys=0.00s Real=0.00s
[154.739s][info][gc,start       ] GC(573) Pause Young (Allocation Failure)
[154.739s][info][gc,task        ] GC(573) Using 6 workers of 6 for evacuation
[154.740s][info][gc,heap        ] GC(573) ParNew: 279819K->91K(314560K)
[154.740s][info][gc,heap        ] GC(573) CMS: 5781K->5787K(699072K)
[154.740s][info][gc,metaspace   ] GC(573) Metaspace: 23014K(23936K)->23014K(23936K) NonClass: 20237K(20736K)->20237K(20736K) Class: 2776K(3200K)->2776K(3200K)
[154.740s][info][gc             ] GC(573) Pause Young (Allocation Failure) 278M->5M(989M) 1.177ms
[154.740s][info][gc,cpu         ] GC(573) User=0.00s Sys=0.00s Real=0.00s
[155.012s][info][gc,start       ] GC(574) Pause Full (System.gc())
[155.012s][info][gc,phases,start] GC(574) Phase 1: Mark live objects
[155.019s][info][gc,phases      ] GC(574) Phase 1: Mark live objects 6.097ms
[155.019s][info][gc,phases,start] GC(574) Phase 2: Compute new object addresses
[155.041s][info][gc,phases      ] GC(574) Phase 2: Compute new object addresses 22.694ms
[155.041s][info][gc,phases,start] GC(574) Phase 3: Adjust pointers
[155.046s][info][gc,phases      ] GC(574) Phase 3: Adjust pointers 4.375ms
[155.046s][info][gc,phases,start] GC(574) Phase 4: Move objects
[155.046s][info][gc,phases      ] GC(574) Phase 4: Move objects 0.092ms
[155.047s][info][gc,heap        ] GC(574) ParNew: 175069K->0K(314560K)
[155.047s][info][gc,heap        ] GC(574) CMS: 5787K->5551K(699072K)
[155.047s][info][gc,metaspace   ] GC(574) Metaspace: 23014K(23936K)->23014K(23936K) NonClass: 20237K(20736K)->20237K(20736K) Class: 2776K(3200K)->2776K(3200K)
[155.047s][info][gc             ] GC(574) Pause Full (System.gc()) 176M->5M(989M) 34.358ms
[155.047s][info][gc,cpu         ] GC(574) User=0.03s Sys=0.00s Real=0.03s
[155.328s][info][gc,start       ] GC(575) Pause Young (Allocation Failure)
[155.328s][info][gc,task        ] GC(575) Using 6 workers of 6 for evacuation
[155.330s][info][gc,heap        ] GC(575) ParNew: 279616K->231K(314560K)
[155.330s][info][gc,heap        ] GC(575) CMS: 5551K->5551K(699072K)
[155.330s][info][gc,metaspace   ] GC(575) Metaspace: 23014K(23936K)->23014K(23936K) NonClass: 20237K(20736K)->20237K(20736K) Class: 2776K(3200K)->2776K(3200K)
[155.330s][info][gc             ] GC(575) Pause Young (Allocation Failure) 278M->5M(989M) 1.492ms
[155.330s][info][gc,cpu         ] GC(575) User=0.00s Sys=0.00s Real=0.00s
[155.620s][info][gc,start       ] GC(576) Pause Young (Allocation Failure)
[155.620s][info][gc,task        ] GC(576) Using 6 workers of 6 for evacuation
[155.622s][info][gc,heap        ] GC(576) ParNew: 279847K->250K(314560K)
[155.622s][info][gc,heap        ] GC(576) CMS: 5551K->5551K(699072K)
[155.622s][info][gc,metaspace   ] GC(576) Metaspace: 23014K(23936K)->23014K(23936K) NonClass: 20237K(20736K)->20237K(20736K) Class: 2776K(3200K)->2776K(3200K)
[155.622s][info][gc             ] GC(576) Pause Young (Allocation Failure) 278M->5M(989M) 1.561ms
[155.622s][info][gc,cpu         ] GC(576) User=0.00s Sys=0.00s Real=0.00s
[155.906s][info][gc,start       ] GC(577) Pause Young (Allocation Failure)
[155.906s][info][gc,task        ] GC(577) Using 6 workers of 6 for evacuation
[155.907s][info][gc,heap        ] GC(577) ParNew: 279866K->282K(314560K)
[155.907s][info][gc,heap        ] GC(577) CMS: 5551K->5551K(699072K)
[155.907s][info][gc,metaspace   ] GC(577) Metaspace: 23014K(23936K)->23014K(23936K) NonClass: 20237K(20736K)->20237K(20736K) Class: 2776K(3200K)->2776K(3200K)
[155.907s][info][gc             ] GC(577) Pause Young (Allocation Failure) 278M->5M(989M) 1.473ms
[155.907s][info][gc,cpu         ] GC(577) User=0.00s Sys=0.00s Real=0.00s
[156.189s][info][gc,start       ] GC(578) Pause Young (Allocation Failure)
[156.189s][info][gc,task        ] GC(578) Using 6 workers of 6 for evacuation
[156.191s][info][gc,heap        ] GC(578) ParNew: 279898K->321K(314560K)
[156.193s][info][gc,heap        ] GC(578) CMS: 5551K->5551K(699072K)
[156.193s][info][gc,metaspace   ] GC(578) Metaspace: 23014K(23936K)->23014K(23936K) NonClass: 20237K(20736K)->20237K(20736K) Class: 2776K(3200K)->2776K(3200K)
[156.193s][info][gc             ] GC(578) Pause Young (Allocation Failure) 278M->5M(989M) 3.288ms
[156.193s][info][gc,cpu         ] GC(578) User=0.00s Sys=0.00s Real=0.00s
[156.473s][info][gc,start       ] GC(579) Pause Young (Allocation Failure)
[156.474s][info][gc,task        ] GC(579) Using 6 workers of 6 for evacuation
[156.475s][info][gc,heap        ] GC(579) ParNew: 279937K->357K(314560K)
[156.475s][info][gc,heap        ] GC(579) CMS: 5551K->5551K(699072K)
[156.475s][info][gc,metaspace   ] GC(579) Metaspace: 23014K(23936K)->23014K(23936K) NonClass: 20237K(20736K)->20237K(20736K) Class: 2776K(3200K)->2776K(3200K)
[156.475s][info][gc             ] GC(579) Pause Young (Allocation Failure) 278M->5M(989M) 1.461ms
[156.475s][info][gc,cpu         ] GC(579) User=0.00s Sys=0.00s Real=0.00s
[156.753s][info][gc,start       ] GC(580) Pause Young (Allocation Failure)
[156.753s][info][gc,task        ] GC(580) Using 6 workers of 6 for evacuation
[156.755s][info][gc,heap        ] GC(580) ParNew: 279973K->422K(314560K)
[156.755s][info][gc,heap        ] GC(580) CMS: 5551K->5551K(699072K)
[156.755s][info][gc,metaspace   ] GC(580) Metaspace: 23014K(23936K)->23014K(23936K) NonClass: 20237K(20736K)->20237K(20736K) Class: 2776K(3200K)->2776K(3200K)
[156.755s][info][gc             ] GC(580) Pause Young (Allocation Failure) 278M->5M(989M) 1.479ms
[156.755s][info][gc,cpu         ] GC(580) User=0.00s Sys=0.00s Real=0.00s
[157.038s][info][gc,start       ] GC(581) Pause Young (Allocation Failure)
[157.038s][info][gc,task        ] GC(581) Using 6 workers of 6 for evacuation
[157.039s][info][gc,heap        ] GC(581) ParNew: 280038K->158K(314560K)
[157.040s][info][gc,heap        ] GC(581) CMS: 5551K->5780K(699072K)
[157.040s][info][gc,metaspace   ] GC(581) Metaspace: 23014K(23936K)->23014K(23936K) NonClass: 20237K(20736K)->20237K(20736K) Class: 2776K(3200K)->2776K(3200K)
[157.040s][info][gc             ] GC(581) Pause Young (Allocation Failure) 278M->5M(989M) 1.334ms
[157.040s][info][gc,cpu         ] GC(581) User=0.00s Sys=0.00s Real=0.00s
[157.350s][info][gc,start       ] GC(582) Pause Young (Allocation Failure)
[157.350s][info][gc,task        ] GC(582) Using 6 workers of 6 for evacuation
[157.351s][info][gc,heap        ] GC(582) ParNew: 279774K->74K(314560K)
[157.351s][info][gc,heap        ] GC(582) CMS: 5780K->5787K(699072K)
[157.351s][info][gc,metaspace   ] GC(582) Metaspace: 23014K(23936K)->23014K(23936K) NonClass: 20237K(20736K)->20237K(20736K) Class: 2776K(3200K)->2776K(3200K)
[157.351s][info][gc             ] GC(582) Pause Young (Allocation Failure) 278M->5M(989M) 1.279ms
[157.351s][info][gc,cpu         ] GC(582) User=0.00s Sys=0.00s Real=0.00s
[157.616s][info][gc,start       ] GC(583) Pause Full (System.gc())
[157.616s][info][gc,phases,start] GC(583) Phase 1: Mark live objects
[157.622s][info][gc,phases      ] GC(583) Phase 1: Mark live objects 5.727ms
[157.622s][info][gc,phases,start] GC(583) Phase 2: Compute new object addresses
[157.648s][info][gc,phases      ] GC(583) Phase 2: Compute new object addresses 26.457ms
[157.648s][info][gc,phases,start] GC(583) Phase 3: Adjust pointers
[157.652s][info][gc,phases      ] GC(583) Phase 3: Adjust pointers 4.029ms
[157.652s][info][gc,phases,start] GC(583) Phase 4: Move objects
[157.652s][info][gc,phases      ] GC(583) Phase 4: Move objects 0.094ms
[157.653s][info][gc,heap        ] GC(583) ParNew: 184098K->0K(314560K)
[157.653s][info][gc,heap        ] GC(583) CMS: 5787K->5552K(699072K)
[157.653s][info][gc,metaspace   ] GC(583) Metaspace: 23014K(23936K)->23014K(23936K) NonClass: 20237K(20736K)->20237K(20736K) Class: 2776K(3200K)->2776K(3200K)
[157.653s][info][gc             ] GC(583) Pause Full (System.gc()) 185M->5M(989M) 37.264ms
[157.653s][info][gc,cpu         ] GC(583) User=0.02s Sys=0.00s Real=0.03s
[157.940s][info][gc,start       ] GC(584) Pause Young (Allocation Failure)
[157.940s][info][gc,task        ] GC(584) Using 6 workers of 6 for evacuation
[157.941s][info][gc,heap        ] GC(584) ParNew: 279616K->233K(314560K)
[157.941s][info][gc,heap        ] GC(584) CMS: 5552K->5552K(699072K)
[157.941s][info][gc,metaspace   ] GC(584) Metaspace: 23014K(23936K)->23014K(23936K) NonClass: 20237K(20736K)->20237K(20736K) Class: 2776K(3200K)->2776K(3200K)
[157.941s][info][gc             ] GC(584) Pause Young (Allocation Failure) 278M->5M(989M) 1.414ms
[157.941s][info][gc,cpu         ] GC(584) User=0.00s Sys=0.00s Real=0.00s
[158.243s][info][gc,start       ] GC(585) Pause Young (Allocation Failure)
[158.243s][info][gc,task        ] GC(585) Using 6 workers of 6 for evacuation
[158.244s][info][gc,heap        ] GC(585) ParNew: 279849K->251K(314560K)
[158.244s][info][gc,heap        ] GC(585) CMS: 5552K->5552K(699072K)
[158.244s][info][gc,metaspace   ] GC(585) Metaspace: 23014K(23936K)->23014K(23936K) NonClass: 20237K(20736K)->20237K(20736K) Class: 2776K(3200K)->2776K(3200K)
[158.244s][info][gc             ] GC(585) Pause Young (Allocation Failure) 278M->5M(989M) 1.540ms
[158.244s][info][gc,cpu         ] GC(585) User=0.00s Sys=0.00s Real=0.00s
[158.590s][info][gc,start       ] GC(586) Pause Young (Allocation Failure)
[158.590s][info][gc,task        ] GC(586) Using 6 workers of 6 for evacuation
[158.592s][info][gc,heap        ] GC(586) ParNew: 279867K->273K(314560K)
[158.592s][info][gc,heap        ] GC(586) CMS: 5552K->5552K(699072K)
[158.592s][info][gc,metaspace   ] GC(586) Metaspace: 23014K(23936K)->23014K(23936K) NonClass: 20237K(20736K)->20237K(20736K) Class: 2776K(3200K)->2776K(3200K)
[158.592s][info][gc             ] GC(586) Pause Young (Allocation Failure) 278M->5M(989M) 1.685ms
[158.592s][info][gc,cpu         ] GC(586) User=0.00s Sys=0.00s Real=0.00s
[158.883s][info][gc,start       ] GC(587) Pause Young (Allocation Failure)
[158.883s][info][gc,task        ] GC(587) Using 6 workers of 6 for evacuation
[158.884s][info][gc,heap        ] GC(587) ParNew: 279889K->318K(314560K)
[158.884s][info][gc,heap        ] GC(587) CMS: 5552K->5552K(699072K)
[158.884s][info][gc,metaspace   ] GC(587) Metaspace: 23014K(23936K)->23014K(23936K) NonClass: 20237K(20736K)->20237K(20736K) Class: 2776K(3200K)->2776K(3200K)
[158.884s][info][gc             ] GC(587) Pause Young (Allocation Failure) 278M->5M(989M) 1.446ms
[158.884s][info][gc,cpu         ] GC(587) User=0.00s Sys=0.00s Real=0.00s
[159.168s][info][gc,start       ] GC(588) Pause Young (Allocation Failure)
[159.168s][info][gc,task        ] GC(588) Using 6 workers of 6 for evacuation
[159.170s][info][gc,heap        ] GC(588) ParNew: 279934K->356K(314560K)
[159.170s][info][gc,heap        ] GC(588) CMS: 5552K->5552K(699072K)
[159.170s][info][gc,metaspace   ] GC(588) Metaspace: 23014K(23936K)->23014K(23936K) NonClass: 20237K(20736K)->20237K(20736K) Class: 2776K(3200K)->2776K(3200K)
[159.170s][info][gc             ] GC(588) Pause Young (Allocation Failure) 278M->5M(989M) 1.347ms
[159.170s][info][gc,cpu         ] GC(588) User=0.00s Sys=0.00s Real=0.00s
[159.451s][info][gc,start       ] GC(589) Pause Young (Allocation Failure)
[159.451s][info][gc,task        ] GC(589) Using 6 workers of 6 for evacuation
[159.453s][info][gc,heap        ] GC(589) ParNew: 279972K->410K(314560K)
[159.453s][info][gc,heap        ] GC(589) CMS: 5552K->5552K(699072K)
[159.453s][info][gc,metaspace   ] GC(589) Metaspace: 23014K(23936K)->23014K(23936K) NonClass: 20237K(20736K)->20237K(20736K) Class: 2776K(3200K)->2776K(3200K)
[159.453s][info][gc             ] GC(589) Pause Young (Allocation Failure) 278M->5M(989M) 1.409ms
[159.453s][info][gc,cpu         ] GC(589) User=0.00s Sys=0.00s Real=0.00s
[159.749s][info][gc,start       ] GC(590) Pause Young (Allocation Failure)
[159.749s][info][gc,task        ] GC(590) Using 6 workers of 6 for evacuation
[159.750s][info][gc,heap        ] GC(590) ParNew: 280026K->149K(314560K)
[159.750s][info][gc,heap        ] GC(590) CMS: 5552K->5780K(699072K)
[159.750s][info][gc,metaspace   ] GC(590) Metaspace: 23014K(23936K)->23014K(23936K) NonClass: 20237K(20736K)->20237K(20736K) Class: 2776K(3200K)->2776K(3200K)
[159.750s][info][gc             ] GC(590) Pause Young (Allocation Failure) 278M->5M(989M) 1.311ms
[159.750s][info][gc,cpu         ] GC(590) User=0.00s Sys=0.00s Real=0.00s
[160.038s][info][gc,start       ] GC(591) Pause Young (Allocation Failure)
[160.038s][info][gc,task        ] GC(591) Using 6 workers of 6 for evacuation
[160.039s][info][gc,heap        ] GC(591) ParNew: 279765K->86K(314560K)
[160.039s][info][gc,heap        ] GC(591) CMS: 5780K->5787K(699072K)
[160.039s][info][gc,metaspace   ] GC(591) Metaspace: 23014K(23936K)->23014K(23936K) NonClass: 20237K(20736K)->20237K(20736K) Class: 2776K(3200K)->2776K(3200K)
[160.039s][info][gc             ] GC(591) Pause Young (Allocation Failure) 278M->5M(989M) 1.266ms
[160.039s][info][gc,cpu         ] GC(591) User=0.00s Sys=0.00s Real=0.00s
[160.292s][info][gc,start       ] GC(592) Pause Full (System.gc())
[160.292s][info][gc,phases,start] GC(592) Phase 1: Mark live objects
[160.298s][info][gc,phases      ] GC(592) Phase 1: Mark live objects 5.787ms
[160.298s][info][gc,phases,start] GC(592) Phase 2: Compute new object addresses
[160.323s][info][gc,phases      ] GC(592) Phase 2: Compute new object addresses 25.280ms
[160.323s][info][gc,phases,start] GC(592) Phase 3: Adjust pointers
[160.327s][info][gc,phases      ] GC(592) Phase 3: Adjust pointers 4.126ms
[160.327s][info][gc,phases,start] GC(592) Phase 4: Move objects
[160.327s][info][gc,phases      ] GC(592) Phase 4: Move objects 0.097ms
[160.328s][info][gc,heap        ] GC(592) ParNew: 200918K->0K(314560K)
[160.328s][info][gc,heap        ] GC(592) CMS: 5787K->5551K(699072K)
[160.328s][info][gc,metaspace   ] GC(592) Metaspace: 23014K(23936K)->23014K(23936K) NonClass: 20237K(20736K)->20237K(20736K) Class: 2776K(3200K)->2776K(3200K)
[160.328s][info][gc             ] GC(592) Pause Full (System.gc()) 201M->5M(989M) 36.222ms
[160.328s][info][gc,cpu         ] GC(592) User=0.03s Sys=0.00s Real=0.03s
[160.611s][info][gc,start       ] GC(593) Pause Young (Allocation Failure)
[160.611s][info][gc,task        ] GC(593) Using 6 workers of 6 for evacuation
[160.612s][info][gc,heap        ] GC(593) ParNew: 279616K->229K(314560K)
[160.612s][info][gc,heap        ] GC(593) CMS: 5551K->5551K(699072K)
[160.612s][info][gc,metaspace   ] GC(593) Metaspace: 23014K(23936K)->23014K(23936K) NonClass: 20237K(20736K)->20237K(20736K) Class: 2776K(3200K)->2776K(3200K)
[160.612s][info][gc             ] GC(593) Pause Young (Allocation Failure) 278M->5M(989M) 1.130ms
[160.612s][info][gc,cpu         ] GC(593) User=0.00s Sys=0.00s Real=0.00s
[160.909s][info][gc,start       ] GC(594) Pause Young (Allocation Failure)
[160.909s][info][gc,task        ] GC(594) Using 6 workers of 6 for evacuation
[160.910s][info][gc,heap        ] GC(594) ParNew: 279845K->256K(314560K)
[160.910s][info][gc,heap        ] GC(594) CMS: 5551K->5551K(699072K)
[160.910s][info][gc,metaspace   ] GC(594) Metaspace: 23014K(23936K)->23014K(23936K) NonClass: 20237K(20736K)->20237K(20736K) Class: 2776K(3200K)->2776K(3200K)
[160.910s][info][gc             ] GC(594) Pause Young (Allocation Failure) 278M->5M(989M) 1.509ms
[160.910s][info][gc,cpu         ] GC(594) User=0.00s Sys=0.00s Real=0.00s
[161.213s][info][gc,start       ] GC(595) Pause Young (Allocation Failure)
[161.213s][info][gc,task        ] GC(595) Using 6 workers of 6 for evacuation
[161.214s][info][gc,heap        ] GC(595) ParNew: 279872K->281K(314560K)
[161.214s][info][gc,heap        ] GC(595) CMS: 5551K->5551K(699072K)
[161.214s][info][gc,metaspace   ] GC(595) Metaspace: 23014K(23936K)->23014K(23936K) NonClass: 20237K(20736K)->20237K(20736K) Class: 2776K(3200K)->2776K(3200K)
[161.214s][info][gc             ] GC(595) Pause Young (Allocation Failure) 278M->5M(989M) 1.402ms
[161.214s][info][gc,cpu         ] GC(595) User=0.00s Sys=0.00s Real=0.00s
[161.486s][info][gc,start       ] GC(596) Pause Young (Allocation Failure)
[161.486s][info][gc,task        ] GC(596) Using 6 workers of 6 for evacuation
[161.487s][info][gc,heap        ] GC(596) ParNew: 279897K->316K(314560K)
[161.488s][info][gc,heap        ] GC(596) CMS: 5551K->5551K(699072K)
[161.488s][info][gc,metaspace   ] GC(596) Metaspace: 23014K(23936K)->23014K(23936K) NonClass: 20237K(20736K)->20237K(20736K) Class: 2776K(3200K)->2776K(3200K)
[161.488s][info][gc             ] GC(596) Pause Young (Allocation Failure) 278M->5M(989M) 1.515ms
[161.488s][info][gc,cpu         ] GC(596) User=0.00s Sys=0.00s Real=0.00s
[161.771s][info][gc,start       ] GC(597) Pause Young (Allocation Failure)
[161.771s][info][gc,task        ] GC(597) Using 6 workers of 6 for evacuation
[161.772s][info][gc,heap        ] GC(597) ParNew: 279932K->356K(314560K)
[161.772s][info][gc,heap        ] GC(597) CMS: 5551K->5551K(699072K)
[161.772s][info][gc,metaspace   ] GC(597) Metaspace: 23014K(23936K)->23014K(23936K) NonClass: 20237K(20736K)->20237K(20736K) Class: 2776K(3200K)->2776K(3200K)
[161.772s][info][gc             ] GC(597) Pause Young (Allocation Failure) 278M->5M(989M) 1.507ms
[161.772s][info][gc,cpu         ] GC(597) User=0.00s Sys=0.00s Real=0.00s
[162.052s][info][gc,start       ] GC(598) Pause Young (Allocation Failure)
[162.052s][info][gc,task        ] GC(598) Using 6 workers of 6 for evacuation
[162.053s][info][gc,heap        ] GC(598) ParNew: 279972K->421K(314560K)
[162.053s][info][gc,heap        ] GC(598) CMS: 5551K->5551K(699072K)
[162.053s][info][gc,metaspace   ] GC(598) Metaspace: 23014K(23936K)->23014K(23936K) NonClass: 20237K(20736K)->20237K(20736K) Class: 2776K(3200K)->2776K(3200K)
[162.053s][info][gc             ] GC(598) Pause Young (Allocation Failure) 278M->5M(989M) 1.374ms
[162.053s][info][gc,cpu         ] GC(598) User=0.00s Sys=0.00s Real=0.00s
[162.320s][info][gc,start       ] GC(599) Pause Young (Allocation Failure)
[162.320s][info][gc,task        ] GC(599) Using 6 workers of 6 for evacuation
[162.322s][info][gc,heap        ] GC(599) ParNew: 280037K->132K(314560K)
[162.322s][info][gc,heap        ] GC(599) CMS: 5551K->5780K(699072K)
[162.322s][info][gc,metaspace   ] GC(599) Metaspace: 23014K(23936K)->23014K(23936K) NonClass: 20237K(20736K)->20237K(20736K) Class: 2776K(3200K)->2776K(3200K)
[162.322s][info][gc             ] GC(599) Pause Young (Allocation Failure) 278M->5M(989M) 1.403ms
[162.322s][info][gc,cpu         ] GC(599) User=0.00s Sys=0.00s Real=0.00s
[162.620s][info][gc,start       ] GC(600) Pause Young (Allocation Failure)
[162.620s][info][gc,task        ] GC(600) Using 6 workers of 6 for evacuation
[162.621s][info][gc,heap        ] GC(600) ParNew: 279748K->79K(314560K)
[162.621s][info][gc,heap        ] GC(600) CMS: 5780K->5787K(699072K)
[162.621s][info][gc,metaspace   ] GC(600) Metaspace: 23014K(23936K)->23014K(23936K) NonClass: 20237K(20736K)->20237K(20736K) Class: 2776K(3200K)->2776K(3200K)
[162.621s][info][gc             ] GC(600) Pause Young (Allocation Failure) 278M->5M(989M) 1.265ms
[162.621s][info][gc,cpu         ] GC(600) User=0.02s Sys=0.00s Real=0.00s
[162.875s][info][gc,start       ] GC(601) Pause Full (System.gc())
[162.875s][info][gc,phases,start] GC(601) Phase 1: Mark live objects
[162.881s][info][gc,phases      ] GC(601) Phase 1: Mark live objects 5.953ms
[162.881s][info][gc,phases,start] GC(601) Phase 2: Compute new object addresses
[162.905s][info][gc,phases      ] GC(601) Phase 2: Compute new object addresses 23.402ms
[162.905s][info][gc,phases,start] GC(601) Phase 3: Adjust pointers
[162.909s][info][gc,phases      ] GC(601) Phase 3: Adjust pointers 4.158ms
[162.909s][info][gc,phases,start] GC(601) Phase 4: Move objects
[162.909s][info][gc,phases      ] GC(601) Phase 4: Move objects 0.093ms
[162.909s][info][gc,heap        ] GC(601) ParNew: 183382K->0K(314560K)
[162.909s][info][gc,heap        ] GC(601) CMS: 5787K->5552K(699072K)
[162.909s][info][gc,metaspace   ] GC(601) Metaspace: 23014K(23936K)->23014K(23936K) NonClass: 20237K(20736K)->20237K(20736K) Class: 2776K(3200K)->2776K(3200K)
[162.910s][info][gc             ] GC(601) Pause Full (System.gc()) 184M->5M(989M) 34.549ms
[162.910s][info][gc,cpu         ] GC(601) User=0.03s Sys=0.00s Real=0.03s
[163.195s][info][gc,start       ] GC(602) Pause Young (Allocation Failure)
[163.195s][info][gc,task        ] GC(602) Using 6 workers of 6 for evacuation
[163.196s][info][gc,heap        ] GC(602) ParNew: 279616K->234K(314560K)
[163.196s][info][gc,heap        ] GC(602) CMS: 5552K->5552K(699072K)
[163.196s][info][gc,metaspace   ] GC(602) Metaspace: 23014K(23936K)->23014K(23936K) NonClass: 20237K(20736K)->20237K(20736K) Class: 2776K(3200K)->2776K(3200K)
[163.196s][info][gc             ] GC(602) Pause Young (Allocation Failure) 278M->5M(989M) 1.129ms
[163.196s][info][gc,cpu         ] GC(602) User=0.00s Sys=0.00s Real=0.00s
[163.497s][info][gc,start       ] GC(603) Pause Young (Allocation Failure)
[163.497s][info][gc,task        ] GC(603) Using 6 workers of 6 for evacuation
[163.498s][info][gc,heap        ] GC(603) ParNew: 279850K->241K(314560K)
[163.498s][info][gc,heap        ] GC(603) CMS: 5552K->5552K(699072K)
[163.498s][info][gc,metaspace   ] GC(603) Metaspace: 23014K(23936K)->23014K(23936K) NonClass: 20237K(20736K)->20237K(20736K) Class: 2776K(3200K)->2776K(3200K)
[163.498s][info][gc             ] GC(603) Pause Young (Allocation Failure) 278M->5M(989M) 1.220ms
[163.498s][info][gc,cpu         ] GC(603) User=0.00s Sys=0.00s Real=0.00s
[163.800s][info][gc,start       ] GC(604) Pause Young (Allocation Failure)
[163.800s][info][gc,task        ] GC(604) Using 6 workers of 6 for evacuation
[163.802s][info][gc,heap        ] GC(604) ParNew: 279857K->265K(314560K)
[163.802s][info][gc,heap        ] GC(604) CMS: 5552K->5552K(699072K)
[163.802s][info][gc,metaspace   ] GC(604) Metaspace: 23014K(23936K)->23014K(23936K) NonClass: 20237K(20736K)->20237K(20736K) Class: 2776K(3200K)->2776K(3200K)
[163.802s][info][gc             ] GC(604) Pause Young (Allocation Failure) 278M->5M(989M) 1.295ms
[163.802s][info][gc,cpu         ] GC(604) User=0.00s Sys=0.00s Real=0.00s
[164.079s][info][gc,start       ] GC(605) Pause Young (Allocation Failure)
[164.080s][info][gc,task        ] GC(605) Using 6 workers of 6 for evacuation
[164.081s][info][gc,heap        ] GC(605) ParNew: 279881K->301K(314560K)
[164.081s][info][gc,heap        ] GC(605) CMS: 5552K->5552K(699072K)
[164.081s][info][gc,metaspace   ] GC(605) Metaspace: 23014K(23936K)->23014K(23936K) NonClass: 20237K(20736K)->20237K(20736K) Class: 2776K(3200K)->2776K(3200K)
[164.081s][info][gc             ] GC(605) Pause Young (Allocation Failure) 278M->5M(989M) 1.502ms
[164.081s][info][gc,cpu         ] GC(605) User=0.00s Sys=0.00s Real=0.00s
[164.356s][info][gc,start       ] GC(606) Pause Young (Allocation Failure)
[164.356s][info][gc,task        ] GC(606) Using 6 workers of 6 for evacuation
[164.358s][info][gc,heap        ] GC(606) ParNew: 279917K->342K(314560K)
[164.360s][info][gc,heap        ] GC(606) CMS: 5552K->5552K(699072K)
[164.360s][info][gc,metaspace   ] GC(606) Metaspace: 23014K(23936K)->23014K(23936K) NonClass: 20237K(20736K)->20237K(20736K) Class: 2776K(3200K)->2776K(3200K)
[164.360s][info][gc             ] GC(606) Pause Young (Allocation Failure) 278M->5M(989M) 3.696ms
[164.360s][info][gc,cpu         ] GC(606) User=0.00s Sys=0.00s Real=0.00s
[164.625s][info][gc,start       ] GC(607) Pause Young (Allocation Failure)
[164.625s][info][gc,task        ] GC(607) Using 6 workers of 6 for evacuation
[164.626s][info][gc,heap        ] GC(607) ParNew: 279958K->395K(314560K)
[164.626s][info][gc,heap        ] GC(607) CMS: 5552K->5552K(699072K)
[164.626s][info][gc,metaspace   ] GC(607) Metaspace: 23014K(23936K)->23014K(23936K) NonClass: 20237K(20736K)->20237K(20736K) Class: 2776K(3200K)->2776K(3200K)
[164.626s][info][gc             ] GC(607) Pause Young (Allocation Failure) 278M->5M(989M) 1.515ms
[164.626s][info][gc,cpu         ] GC(607) User=0.00s Sys=0.00s Real=0.00s
[164.894s][info][gc,start       ] GC(608) Pause Young (Allocation Failure)
[164.894s][info][gc,task        ] GC(608) Using 6 workers of 6 for evacuation
[164.895s][info][gc,heap        ] GC(608) ParNew: 280011K->233K(314560K)
[164.895s][info][gc,heap        ] GC(608) CMS: 5552K->5780K(699072K)
[164.895s][info][gc,metaspace   ] GC(608) Metaspace: 23014K(23936K)->23014K(23936K) NonClass: 20237K(20736K)->20237K(20736K) Class: 2776K(3200K)->2776K(3200K)
[164.895s][info][gc             ] GC(608) Pause Young (Allocation Failure) 278M->5M(989M) 1.578ms
[164.895s][info][gc,cpu         ] GC(608) User=0.00s Sys=0.00s Real=0.00s
[165.215s][info][gc,start       ] GC(609) Pause Young (Allocation Failure)
[165.215s][info][gc,task        ] GC(609) Using 6 workers of 6 for evacuation
[165.216s][info][gc,heap        ] GC(609) ParNew: 279849K->97K(314560K)
[165.216s][info][gc,heap        ] GC(609) CMS: 5780K->5787K(699072K)
[165.216s][info][gc,metaspace   ] GC(609) Metaspace: 23014K(23936K)->23014K(23936K) NonClass: 20237K(20736K)->20237K(20736K) Class: 2776K(3200K)->2776K(3200K)
[165.216s][info][gc             ] GC(609) Pause Young (Allocation Failure) 278M->5M(989M) 1.407ms
[165.216s][info][gc,cpu         ] GC(609) User=0.00s Sys=0.00s Real=0.00s
[165.437s][info][gc,start       ] GC(610) Pause Full (System.gc())
[165.437s][info][gc,phases,start] GC(610) Phase 1: Mark live objects
[165.443s][info][gc,phases      ] GC(610) Phase 1: Mark live objects 5.791ms
[165.443s][info][gc,phases,start] GC(610) Phase 2: Compute new object addresses
[165.462s][info][gc,phases      ] GC(610) Phase 2: Compute new object addresses 19.709ms
[165.463s][info][gc,phases,start] GC(610) Phase 3: Adjust pointers
[165.467s][info][gc,phases      ] GC(610) Phase 3: Adjust pointers 4.044ms
[165.467s][info][gc,phases,start] GC(610) Phase 4: Move objects
[165.467s][info][gc,phases      ] GC(610) Phase 4: Move objects 0.092ms
[165.467s][info][gc,heap        ] GC(610) ParNew: 152547K->0K(314560K)
[165.467s][info][gc,heap        ] GC(610) CMS: 5787K->5552K(699072K)
[165.467s][info][gc,metaspace   ] GC(610) Metaspace: 23014K(23936K)->23014K(23936K) NonClass: 20237K(20736K)->20237K(20736K) Class: 2776K(3200K)->2776K(3200K)
[165.467s][info][gc             ] GC(610) Pause Full (System.gc()) 154M->5M(989M) 30.690ms
[165.467s][info][gc,cpu         ] GC(610) User=0.00s Sys=0.00s Real=0.03s
[165.755s][info][gc,start       ] GC(611) Pause Young (Allocation Failure)
[165.755s][info][gc,task        ] GC(611) Using 6 workers of 6 for evacuation
[165.756s][info][gc,heap        ] GC(611) ParNew: 279616K->231K(314560K)
[165.756s][info][gc,heap        ] GC(611) CMS: 5552K->5552K(699072K)
[165.756s][info][gc,metaspace   ] GC(611) Metaspace: 23014K(23936K)->23014K(23936K) NonClass: 20237K(20736K)->20237K(20736K) Class: 2776K(3200K)->2776K(3200K)
[165.756s][info][gc             ] GC(611) Pause Young (Allocation Failure) 278M->5M(989M) 1.450ms
[165.756s][info][gc,cpu         ] GC(611) User=0.00s Sys=0.00s Real=0.00s
[166.035s][info][gc,start       ] GC(612) Pause Young (Allocation Failure)
[166.035s][info][gc,task        ] GC(612) Using 6 workers of 6 for evacuation
[166.036s][info][gc,heap        ] GC(612) ParNew: 279847K->251K(314560K)
[166.036s][info][gc,heap        ] GC(612) CMS: 5552K->5552K(699072K)
[166.036s][info][gc,metaspace   ] GC(612) Metaspace: 23014K(23936K)->23014K(23936K) NonClass: 20237K(20736K)->20237K(20736K) Class: 2776K(3200K)->2776K(3200K)
[166.037s][info][gc             ] GC(612) Pause Young (Allocation Failure) 278M->5M(989M) 1.301ms
[166.037s][info][gc,cpu         ] GC(612) User=0.00s Sys=0.00s Real=0.00s
[166.330s][info][gc,start       ] GC(613) Pause Young (Allocation Failure)
[166.330s][info][gc,task        ] GC(613) Using 6 workers of 6 for evacuation
[166.331s][info][gc,heap        ] GC(613) ParNew: 279867K->284K(314560K)
[166.332s][info][gc,heap        ] GC(613) CMS: 5552K->5552K(699072K)
[166.332s][info][gc,metaspace   ] GC(613) Metaspace: 23014K(23936K)->23014K(23936K) NonClass: 20237K(20736K)->20237K(20736K) Class: 2776K(3200K)->2776K(3200K)
[166.332s][info][gc             ] GC(613) Pause Young (Allocation Failure) 278M->5M(989M) 1.512ms
[166.332s][info][gc,cpu         ] GC(613) User=0.00s Sys=0.00s Real=0.00s
[166.611s][info][gc,start       ] GC(614) Pause Young (Allocation Failure)
[166.611s][info][gc,task        ] GC(614) Using 6 workers of 6 for evacuation
[166.612s][info][gc,heap        ] GC(614) ParNew: 279900K->318K(314560K)
[166.612s][info][gc,heap        ] GC(614) CMS: 5552K->5552K(699072K)
[166.612s][info][gc,metaspace   ] GC(614) Metaspace: 23014K(23936K)->23014K(23936K) NonClass: 20237K(20736K)->20237K(20736K) Class: 2776K(3200K)->2776K(3200K)
[166.612s][info][gc             ] GC(614) Pause Young (Allocation Failure) 278M->5M(989M) 1.453ms
[166.612s][info][gc,cpu         ] GC(614) User=0.00s Sys=0.00s Real=0.00s
[166.889s][info][gc,start       ] GC(615) Pause Young (Allocation Failure)
[166.890s][info][gc,task        ] GC(615) Using 6 workers of 6 for evacuation
[166.891s][info][gc,heap        ] GC(615) ParNew: 279934K->362K(314560K)
[166.891s][info][gc,heap        ] GC(615) CMS: 5552K->5552K(699072K)
[166.891s][info][gc,metaspace   ] GC(615) Metaspace: 23014K(23936K)->23014K(23936K) NonClass: 20237K(20736K)->20237K(20736K) Class: 2776K(3200K)->2776K(3200K)
[166.891s][info][gc             ] GC(615) Pause Young (Allocation Failure) 278M->5M(989M) 1.652ms
[166.891s][info][gc,cpu         ] GC(615) User=0.00s Sys=0.00s Real=0.00s
[167.158s][info][gc,start       ] GC(616) Pause Young (Allocation Failure)
[167.158s][info][gc,task        ] GC(616) Using 6 workers of 6 for evacuation
[167.159s][info][gc,heap        ] GC(616) ParNew: 279978K->401K(314560K)
[167.159s][info][gc,heap        ] GC(616) CMS: 5552K->5552K(699072K)
[167.159s][info][gc,metaspace   ] GC(616) Metaspace: 23014K(23936K)->23014K(23936K) NonClass: 20237K(20736K)->20237K(20736K) Class: 2776K(3200K)->2776K(3200K)
[167.159s][info][gc             ] GC(616) Pause Young (Allocation Failure) 278M->5M(989M) 1.590ms
[167.160s][info][gc,cpu         ] GC(616) User=0.00s Sys=0.00s Real=0.00s
[167.482s][info][gc,start       ] GC(617) Pause Young (Allocation Failure)
[167.482s][info][gc,task        ] GC(617) Using 6 workers of 6 for evacuation
[167.483s][info][gc,heap        ] GC(617) ParNew: 280017K->250K(314560K)
[167.483s][info][gc,heap        ] GC(617) CMS: 5552K->5780K(699072K)
[167.483s][info][gc,metaspace   ] GC(617) Metaspace: 23014K(23936K)->23014K(23936K) NonClass: 20237K(20736K)->20237K(20736K) Class: 2776K(3200K)->2776K(3200K)
[167.483s][info][gc             ] GC(617) Pause Young (Allocation Failure) 278M->5M(989M) 1.446ms
[167.483s][info][gc,cpu         ] GC(617) User=0.00s Sys=0.00s Real=0.00s
[167.790s][info][gc,start       ] GC(618) Pause Young (Allocation Failure)
[167.790s][info][gc,task        ] GC(618) Using 6 workers of 6 for evacuation
[167.791s][info][gc,heap        ] GC(618) ParNew: 279866K->102K(314560K)
[167.791s][info][gc,heap        ] GC(618) CMS: 5780K->5787K(699072K)
[167.791s][info][gc,metaspace   ] GC(618) Metaspace: 23014K(23936K)->23014K(23936K) NonClass: 20237K(20736K)->20237K(20736K) Class: 2776K(3200K)->2776K(3200K)
[167.791s][info][gc             ] GC(618) Pause Young (Allocation Failure) 278M->5M(989M) 1.425ms
[167.791s][info][gc,cpu         ] GC(618) User=0.00s Sys=0.00s Real=0.00s
[168.106s][info][gc,start       ] GC(619) Pause Full (System.gc())
[168.106s][info][gc,phases,start] GC(619) Phase 1: Mark live objects
[168.112s][info][gc,phases      ] GC(619) Phase 1: Mark live objects 5.780ms
[168.112s][info][gc,phases,start] GC(619) Phase 2: Compute new object addresses
[168.135s][info][gc,phases      ] GC(619) Phase 2: Compute new object addresses 23.305ms
[168.135s][info][gc,phases,start] GC(619) Phase 3: Adjust pointers
[168.139s][info][gc,phases      ] GC(619) Phase 3: Adjust pointers 4.049ms
[168.139s][info][gc,phases,start] GC(619) Phase 4: Move objects
[168.139s][info][gc,phases      ] GC(619) Phase 4: Move objects 0.093ms
[168.140s][info][gc,heap        ] GC(619) ParNew: 182118K->0K(314560K)
[168.140s][info][gc,heap        ] GC(619) CMS: 5787K->5552K(699072K)
[168.140s][info][gc,metaspace   ] GC(619) Metaspace: 23014K(23936K)->23014K(23936K) NonClass: 20237K(20736K)->20237K(20736K) Class: 2776K(3200K)->2776K(3200K)
[168.140s][info][gc             ] GC(619) Pause Full (System.gc()) 183M->5M(989M) 34.151ms
[168.140s][info][gc,cpu         ] GC(619) User=0.03s Sys=0.00s Real=0.03s
[168.428s][info][gc,start       ] GC(620) Pause Young (Allocation Failure)
[168.429s][info][gc,task        ] GC(620) Using 6 workers of 6 for evacuation
[168.430s][info][gc,heap        ] GC(620) ParNew: 279616K->238K(314560K)
[168.430s][info][gc,heap        ] GC(620) CMS: 5552K->5552K(699072K)
[168.430s][info][gc,metaspace   ] GC(620) Metaspace: 23014K(23936K)->23014K(23936K) NonClass: 20237K(20736K)->20237K(20736K) Class: 2776K(3200K)->2776K(3200K)
[168.430s][info][gc             ] GC(620) Pause Young (Allocation Failure) 278M->5M(989M) 1.676ms
[168.430s][info][gc,cpu         ] GC(620) User=0.00s Sys=0.00s Real=0.00s
[168.737s][info][gc,start       ] GC(621) Pause Young (Allocation Failure)
[168.737s][info][gc,task        ] GC(621) Using 6 workers of 6 for evacuation
[168.739s][info][gc,heap        ] GC(621) ParNew: 279854K->268K(314560K)
[168.739s][info][gc,heap        ] GC(621) CMS: 5552K->5552K(699072K)
[168.739s][info][gc,metaspace   ] GC(621) Metaspace: 23014K(23936K)->23014K(23936K) NonClass: 20237K(20736K)->20237K(20736K) Class: 2776K(3200K)->2776K(3200K)
[168.739s][info][gc             ] GC(621) Pause Young (Allocation Failure) 278M->5M(989M) 1.581ms
[168.739s][info][gc,cpu         ] GC(621) User=0.00s Sys=0.00s Real=0.00s
[169.024s][info][gc,start       ] GC(622) Pause Young (Allocation Failure)
[169.024s][info][gc,task        ] GC(622) Using 6 workers of 6 for evacuation
[169.025s][info][gc,heap        ] GC(622) ParNew: 279884K->297K(314560K)
[169.025s][info][gc,heap        ] GC(622) CMS: 5552K->5552K(699072K)
[169.025s][info][gc,metaspace   ] GC(622) Metaspace: 23014K(23936K)->23014K(23936K) NonClass: 20237K(20736K)->20237K(20736K) Class: 2776K(3200K)->2776K(3200K)
[169.025s][info][gc             ] GC(622) Pause Young (Allocation Failure) 278M->5M(989M) 1.321ms
[169.025s][info][gc,cpu         ] GC(622) User=0.00s Sys=0.00s Real=0.00s
[169.306s][info][gc,start       ] GC(623) Pause Young (Allocation Failure)
[169.306s][info][gc,task        ] GC(623) Using 6 workers of 6 for evacuation
[169.307s][info][gc,heap        ] GC(623) ParNew: 279913K->339K(314560K)
[169.307s][info][gc,heap        ] GC(623) CMS: 5552K->5552K(699072K)
[169.307s][info][gc,metaspace   ] GC(623) Metaspace: 23014K(23936K)->23014K(23936K) NonClass: 20237K(20736K)->20237K(20736K) Class: 2776K(3200K)->2776K(3200K)
[169.307s][info][gc             ] GC(623) Pause Young (Allocation Failure) 278M->5M(989M) 1.502ms
[169.307s][info][gc,cpu         ] GC(623) User=0.00s Sys=0.00s Real=0.00s
[169.585s][info][gc,start       ] GC(624) Pause Young (Allocation Failure)
[169.585s][info][gc,task        ] GC(624) Using 6 workers of 6 for evacuation
[169.586s][info][gc,heap        ] GC(624) ParNew: 279955K->375K(314560K)
[169.586s][info][gc,heap        ] GC(624) CMS: 5552K->5552K(699072K)
[169.586s][info][gc,metaspace   ] GC(624) Metaspace: 23014K(23936K)->23014K(23936K) NonClass: 20237K(20736K)->20237K(20736K) Class: 2776K(3200K)->2776K(3200K)
[169.586s][info][gc             ] GC(624) Pause Young (Allocation Failure) 278M->5M(989M) 1.562ms
[169.586s][info][gc,cpu         ] GC(624) User=0.00s Sys=0.00s Real=0.00s
[169.860s][info][gc,start       ] GC(625) Pause Young (Allocation Failure)
[169.860s][info][gc,task        ] GC(625) Using 6 workers of 6 for evacuation
[169.861s][info][gc,heap        ] GC(625) ParNew: 279991K->416K(314560K)
[169.861s][info][gc,heap        ] GC(625) CMS: 5552K->5552K(699072K)
[169.861s][info][gc,metaspace   ] GC(625) Metaspace: 23014K(23936K)->23014K(23936K) NonClass: 20237K(20736K)->20237K(20736K) Class: 2776K(3200K)->2776K(3200K)
[169.861s][info][gc             ] GC(625) Pause Young (Allocation Failure) 278M->5M(989M) 1.422ms
[169.861s][info][gc,cpu         ] GC(625) User=0.00s Sys=0.00s Real=0.00s
[170.128s][info][gc,start       ] GC(626) Pause Young (Allocation Failure)
[170.129s][info][gc,task        ] GC(626) Using 6 workers of 6 for evacuation
[170.130s][info][gc,heap        ] GC(626) ParNew: 280032K->153K(314560K)
[170.130s][info][gc,heap        ] GC(626) CMS: 5552K->5780K(699072K)
[170.130s][info][gc,metaspace   ] GC(626) Metaspace: 23014K(23936K)->23014K(23936K) NonClass: 20237K(20736K)->20237K(20736K) Class: 2776K(3200K)->2776K(3200K)
[170.130s][info][gc             ] GC(626) Pause Young (Allocation Failure) 278M->5M(989M) 1.355ms
[170.130s][info][gc,cpu         ] GC(626) User=0.00s Sys=0.00s Real=0.00s
[170.439s][info][gc,start       ] GC(627) Pause Young (Allocation Failure)
[170.439s][info][gc,task        ] GC(627) Using 6 workers of 6 for evacuation
[170.440s][info][gc,heap        ] GC(627) ParNew: 279769K->80K(314560K)
[170.440s][info][gc,heap        ] GC(627) CMS: 5780K->5787K(699072K)
[170.440s][info][gc,metaspace   ] GC(627) Metaspace: 23014K(23936K)->23014K(23936K) NonClass: 20237K(20736K)->20237K(20736K) Class: 2776K(3200K)->2776K(3200K)
[170.440s][info][gc             ] GC(627) Pause Young (Allocation Failure) 278M->5M(989M) 1.434ms
[170.440s][info][gc,cpu         ] GC(627) User=0.00s Sys=0.00s Real=0.00s
[170.686s][info][gc,start       ] GC(628) Pause Full (System.gc())
[170.686s][info][gc,phases,start] GC(628) Phase 1: Mark live objects
[170.692s][info][gc,phases      ] GC(628) Phase 1: Mark live objects 5.826ms
[170.692s][info][gc,phases,start] GC(628) Phase 2: Compute new object addresses
[170.717s][info][gc,phases      ] GC(628) Phase 2: Compute new object addresses 24.558ms
[170.717s][info][gc,phases,start] GC(628) Phase 3: Adjust pointers
[170.721s][info][gc,phases      ] GC(628) Phase 3: Adjust pointers 4.205ms
[170.721s][info][gc,phases,start] GC(628) Phase 4: Move objects
[170.721s][info][gc,phases      ] GC(628) Phase 4: Move objects 0.093ms
[170.722s][info][gc,heap        ] GC(628) ParNew: 184501K->0K(314560K)
[170.722s][info][gc,heap        ] GC(628) CMS: 5787K->5551K(699072K)
[170.722s][info][gc,metaspace   ] GC(628) Metaspace: 23014K(23936K)->23014K(23936K) NonClass: 20237K(20736K)->20237K(20736K) Class: 2776K(3200K)->2776K(3200K)
[170.722s][info][gc             ] GC(628) Pause Full (System.gc()) 185M->5M(989M) 35.642ms
[170.722s][info][gc,cpu         ] GC(628) User=0.00s Sys=0.00s Real=0.03s
[171.007s][info][gc,start       ] GC(629) Pause Young (Allocation Failure)
[171.007s][info][gc,task        ] GC(629) Using 6 workers of 6 for evacuation
[171.008s][info][gc,heap        ] GC(629) ParNew: 279616K->227K(314560K)
[171.008s][info][gc,heap        ] GC(629) CMS: 5551K->5551K(699072K)
[171.008s][info][gc,metaspace   ] GC(629) Metaspace: 23014K(23936K)->23014K(23936K) NonClass: 20237K(20736K)->20237K(20736K) Class: 2776K(3200K)->2776K(3200K)
[171.008s][info][gc             ] GC(629) Pause Young (Allocation Failure) 278M->5M(989M) 1.314ms
[171.008s][info][gc,cpu         ] GC(629) User=0.00s Sys=0.00s Real=0.00s
[171.298s][info][gc,start       ] GC(630) Pause Young (Allocation Failure)
[171.298s][info][gc,task        ] GC(630) Using 6 workers of 6 for evacuation
[171.299s][info][gc,heap        ] GC(630) ParNew: 279843K->249K(314560K)
[171.299s][info][gc,heap        ] GC(630) CMS: 5551K->5551K(699072K)
[171.299s][info][gc,metaspace   ] GC(630) Metaspace: 23014K(23936K)->23014K(23936K) NonClass: 20237K(20736K)->20237K(20736K) Class: 2776K(3200K)->2776K(3200K)
[171.299s][info][gc             ] GC(630) Pause Young (Allocation Failure) 278M->5M(989M) 1.465ms
[171.299s][info][gc,cpu         ] GC(630) User=0.00s Sys=0.00s Real=0.00s
[171.577s][info][gc,start       ] GC(631) Pause Young (Allocation Failure)
[171.577s][info][gc,task        ] GC(631) Using 6 workers of 6 for evacuation
[171.578s][info][gc,heap        ] GC(631) ParNew: 279865K->278K(314560K)
[171.578s][info][gc,heap        ] GC(631) CMS: 5551K->5551K(699072K)
[171.578s][info][gc,metaspace   ] GC(631) Metaspace: 23014K(23936K)->23014K(23936K) NonClass: 20237K(20736K)->20237K(20736K) Class: 2776K(3200K)->2776K(3200K)
[171.578s][info][gc             ] GC(631) Pause Young (Allocation Failure) 278M->5M(989M) 1.387ms
[171.578s][info][gc,cpu         ] GC(631) User=0.00s Sys=0.00s Real=0.00s
[171.857s][info][gc,start       ] GC(632) Pause Young (Allocation Failure)
[171.857s][info][gc,task        ] GC(632) Using 6 workers of 6 for evacuation
[171.858s][info][gc,heap        ] GC(632) ParNew: 279894K->315K(314560K)
[171.858s][info][gc,heap        ] GC(632) CMS: 5551K->5551K(699072K)
[171.858s][info][gc,metaspace   ] GC(632) Metaspace: 23014K(23936K)->23014K(23936K) NonClass: 20237K(20736K)->20237K(20736K) Class: 2776K(3200K)->2776K(3200K)
[171.858s][info][gc             ] GC(632) Pause Young (Allocation Failure) 278M->5M(989M) 1.313ms
[171.858s][info][gc,cpu         ] GC(632) User=0.00s Sys=0.00s Real=0.00s
[172.156s][info][gc,start       ] GC(633) Pause Young (Allocation Failure)
[172.156s][info][gc,task        ] GC(633) Using 6 workers of 6 for evacuation
[172.157s][info][gc,heap        ] GC(633) ParNew: 279931K->349K(314560K)
[172.157s][info][gc,heap        ] GC(633) CMS: 5551K->5551K(699072K)
[172.157s][info][gc,metaspace   ] GC(633) Metaspace: 23014K(23936K)->23014K(23936K) NonClass: 20237K(20736K)->20237K(20736K) Class: 2776K(3200K)->2776K(3200K)
[172.157s][info][gc             ] GC(633) Pause Young (Allocation Failure) 278M->5M(989M) 1.164ms
[172.157s][info][gc,cpu         ] GC(633) User=0.00s Sys=0.00s Real=0.00s
[172.449s][info][gc,start       ] GC(634) Pause Young (Allocation Failure)
[172.449s][info][gc,task        ] GC(634) Using 6 workers of 6 for evacuation
[172.450s][info][gc,heap        ] GC(634) ParNew: 279965K->417K(314560K)
[172.450s][info][gc,heap        ] GC(634) CMS: 5551K->5551K(699072K)
[172.450s][info][gc,metaspace   ] GC(634) Metaspace: 23014K(23936K)->23014K(23936K) NonClass: 20237K(20736K)->20237K(20736K) Class: 2776K(3200K)->2776K(3200K)
[172.450s][info][gc             ] GC(634) Pause Young (Allocation Failure) 278M->5M(989M) 1.297ms
[172.450s][info][gc,cpu         ] GC(634) User=0.00s Sys=0.00s Real=0.00s
[172.785s][info][gc,start       ] GC(635) Pause Young (Allocation Failure)
[172.785s][info][gc,task        ] GC(635) Using 6 workers of 6 for evacuation
[172.786s][info][gc,heap        ] GC(635) ParNew: 280033K->162K(314560K)
[172.786s][info][gc,heap        ] GC(635) CMS: 5551K->5780K(699072K)
[172.786s][info][gc,metaspace   ] GC(635) Metaspace: 23014K(23936K)->23014K(23936K) NonClass: 20237K(20736K)->20237K(20736K) Class: 2776K(3200K)->2776K(3200K)
[172.786s][info][gc             ] GC(635) Pause Young (Allocation Failure) 278M->5M(989M) 1.390ms
[172.786s][info][gc,cpu         ] GC(635) User=0.00s Sys=0.00s Real=0.01s
[173.065s][info][gc,start       ] GC(636) Pause Young (Allocation Failure)
[173.065s][info][gc,task        ] GC(636) Using 6 workers of 6 for evacuation
[173.066s][info][gc,heap        ] GC(636) ParNew: 279778K->76K(314560K)
[173.066s][info][gc,heap        ] GC(636) CMS: 5780K->5787K(699072K)
[173.066s][info][gc,metaspace   ] GC(636) Metaspace: 23014K(23936K)->23014K(23936K) NonClass: 20237K(20736K)->20237K(20736K) Class: 2776K(3200K)->2776K(3200K)
[173.066s][info][gc             ] GC(636) Pause Young (Allocation Failure) 278M->5M(989M) 1.309ms
[173.066s][info][gc,cpu         ] GC(636) User=0.00s Sys=0.00s Real=0.00s
[173.325s][info][gc,start       ] GC(637) Pause Full (System.gc())
[173.325s][info][gc,phases,start] GC(637) Phase 1: Mark live objects
[173.331s][info][gc,phases      ] GC(637) Phase 1: Mark live objects 6.217ms
[173.332s][info][gc,phases,start] GC(637) Phase 2: Compute new object addresses
[173.357s][info][gc,phases      ] GC(637) Phase 2: Compute new object addresses 25.021ms
[173.357s][info][gc,phases,start] GC(637) Phase 3: Adjust pointers
[173.361s][info][gc,phases      ] GC(637) Phase 3: Adjust pointers 4.014ms
[173.361s][info][gc,phases,start] GC(637) Phase 4: Move objects
[173.361s][info][gc,phases      ] GC(637) Phase 4: Move objects 0.096ms
[173.361s][info][gc,heap        ] GC(637) ParNew: 197799K->0K(314560K)
[173.361s][info][gc,heap        ] GC(637) CMS: 5787K->5552K(699072K)
[173.361s][info][gc,metaspace   ] GC(637) Metaspace: 23014K(23936K)->23014K(23936K) NonClass: 20237K(20736K)->20237K(20736K) Class: 2776K(3200K)->2776K(3200K)
[173.361s][info][gc             ] GC(637) Pause Full (System.gc()) 198M->5M(989M) 36.322ms
[173.361s][info][gc,cpu         ] GC(637) User=0.00s Sys=0.00s Real=0.03s
[173.652s][info][gc,start       ] GC(638) Pause Young (Allocation Failure)
[173.653s][info][gc,task        ] GC(638) Using 6 workers of 6 for evacuation
[173.654s][info][gc,heap        ] GC(638) ParNew: 279616K->232K(314560K)
[173.654s][info][gc,heap        ] GC(638) CMS: 5552K->5552K(699072K)
[173.654s][info][gc,metaspace   ] GC(638) Metaspace: 23014K(23936K)->23014K(23936K) NonClass: 20237K(20736K)->20237K(20736K) Class: 2776K(3200K)->2776K(3200K)
[173.654s][info][gc             ] GC(638) Pause Young (Allocation Failure) 278M->5M(989M) 1.423ms
[173.654s][info][gc,cpu         ] GC(638) User=0.00s Sys=0.00s Real=0.00s
[173.953s][info][gc,start       ] GC(639) Pause Young (Allocation Failure)
[173.953s][info][gc,task        ] GC(639) Using 6 workers of 6 for evacuation
[173.955s][info][gc,heap        ] GC(639) ParNew: 279848K->242K(314560K)
[173.955s][info][gc,heap        ] GC(639) CMS: 5552K->5552K(699072K)
[173.955s][info][gc,metaspace   ] GC(639) Metaspace: 23014K(23936K)->23014K(23936K) NonClass: 20237K(20736K)->20237K(20736K) Class: 2776K(3200K)->2776K(3200K)
[173.955s][info][gc             ] GC(639) Pause Young (Allocation Failure) 278M->5M(989M) 1.577ms
[173.955s][info][gc,cpu         ] GC(639) User=0.00s Sys=0.00s Real=0.00s
[174.229s][info][gc,start       ] GC(640) Pause Young (Allocation Failure)
[174.229s][info][gc,task        ] GC(640) Using 6 workers of 6 for evacuation
[174.230s][info][gc,heap        ] GC(640) ParNew: 279858K->268K(314560K)
[174.230s][info][gc,heap        ] GC(640) CMS: 5552K->5552K(699072K)
[174.230s][info][gc,metaspace   ] GC(640) Metaspace: 23014K(23936K)->23014K(23936K) NonClass: 20237K(20736K)->20237K(20736K) Class: 2776K(3200K)->2776K(3200K)
[174.230s][info][gc             ] GC(640) Pause Young (Allocation Failure) 278M->5M(989M) 1.520ms
[174.230s][info][gc,cpu         ] GC(640) User=0.00s Sys=0.00s Real=0.00s
[174.511s][info][gc,start       ] GC(641) Pause Young (Allocation Failure)
[174.511s][info][gc,task        ] GC(641) Using 6 workers of 6 for evacuation
[174.512s][info][gc,heap        ] GC(641) ParNew: 279884K->309K(314560K)
[174.512s][info][gc,heap        ] GC(641) CMS: 5552K->5552K(699072K)
[174.512s][info][gc,metaspace   ] GC(641) Metaspace: 23014K(23936K)->23014K(23936K) NonClass: 20237K(20736K)->20237K(20736K) Class: 2776K(3200K)->2776K(3200K)
[174.512s][info][gc             ] GC(641) Pause Young (Allocation Failure) 278M->5M(989M) 1.496ms
[174.512s][info][gc,cpu         ] GC(641) User=0.02s Sys=0.00s Real=0.00s
[174.788s][info][gc,start       ] GC(642) Pause Young (Allocation Failure)
[174.788s][info][gc,task        ] GC(642) Using 6 workers of 6 for evacuation
[174.789s][info][gc,heap        ] GC(642) ParNew: 279925K->352K(314560K)
[174.789s][info][gc,heap        ] GC(642) CMS: 5552K->5552K(699072K)
[174.789s][info][gc,metaspace   ] GC(642) Metaspace: 23014K(23936K)->23014K(23936K) NonClass: 20237K(20736K)->20237K(20736K) Class: 2776K(3200K)->2776K(3200K)
[174.789s][info][gc             ] GC(642) Pause Young (Allocation Failure) 278M->5M(989M) 1.407ms
[174.789s][info][gc,cpu         ] GC(642) User=0.00s Sys=0.00s Real=0.00s
[175.063s][info][gc,start       ] GC(643) Pause Young (Allocation Failure)
[175.063s][info][gc,task        ] GC(643) Using 6 workers of 6 for evacuation
[175.065s][info][gc,heap        ] GC(643) ParNew: 279968K->407K(314560K)
[175.065s][info][gc,heap        ] GC(643) CMS: 5552K->5552K(699072K)
[175.065s][info][gc,metaspace   ] GC(643) Metaspace: 23014K(23936K)->23014K(23936K) NonClass: 20237K(20736K)->20237K(20736K) Class: 2776K(3200K)->2776K(3200K)
[175.065s][info][gc             ] GC(643) Pause Young (Allocation Failure) 278M->5M(989M) 1.626ms
[175.065s][info][gc,cpu         ] GC(643) User=0.00s Sys=0.00s Real=0.00s
[175.326s][info][gc,start       ] GC(644) Pause Young (Allocation Failure)
[175.326s][info][gc,task        ] GC(644) Using 6 workers of 6 for evacuation
[175.328s][info][gc,heap        ] GC(644) ParNew: 280023K->248K(314560K)
[175.328s][info][gc,heap        ] GC(644) CMS: 5552K->5780K(699072K)
[175.328s][info][gc,metaspace   ] GC(644) Metaspace: 23014K(23936K)->23014K(23936K) NonClass: 20237K(20736K)->20237K(20736K) Class: 2776K(3200K)->2776K(3200K)
[175.328s][info][gc             ] GC(644) Pause Young (Allocation Failure) 278M->5M(989M) 1.443ms
[175.328s][info][gc,cpu         ] GC(644) User=0.00s Sys=0.00s Real=0.00s
[175.618s][info][gc,start       ] GC(645) Pause Young (Allocation Failure)
[175.618s][info][gc,task        ] GC(645) Using 6 workers of 6 for evacuation
[175.619s][info][gc,heap        ] GC(645) ParNew: 279864K->91K(314560K)
[175.619s][info][gc,heap        ] GC(645) CMS: 5780K->5787K(699072K)
[175.619s][info][gc,metaspace   ] GC(645) Metaspace: 23014K(23936K)->23014K(23936K) NonClass: 20237K(20736K)->20237K(20736K) Class: 2776K(3200K)->2776K(3200K)
[175.619s][info][gc             ] GC(645) Pause Young (Allocation Failure) 278M->5M(989M) 1.402ms
[175.619s][info][gc,cpu         ] GC(645) User=0.00s Sys=0.00s Real=0.00s
[175.908s][info][gc,start       ] GC(646) Pause Full (System.gc())
[175.908s][info][gc,phases,start] GC(646) Phase 1: Mark live objects
[175.914s][info][gc,phases      ] GC(646) Phase 1: Mark live objects 5.903ms
[175.914s][info][gc,phases,start] GC(646) Phase 2: Compute new object addresses
[175.938s][info][gc,phases      ] GC(646) Phase 2: Compute new object addresses 24.018ms
[175.938s][info][gc,phases,start] GC(646) Phase 3: Adjust pointers
[175.942s][info][gc,phases      ] GC(646) Phase 3: Adjust pointers 4.039ms
[175.942s][info][gc,phases,start] GC(646) Phase 4: Move objects
[175.942s][info][gc,phases      ] GC(646) Phase 4: Move objects 0.098ms
[175.943s][info][gc,heap        ] GC(646) ParNew: 188370K->0K(314560K)
[175.943s][info][gc,heap        ] GC(646) CMS: 5787K->5552K(699072K)
[175.943s][info][gc,metaspace   ] GC(646) Metaspace: 23014K(23936K)->23014K(23936K) NonClass: 20237K(20736K)->20237K(20736K) Class: 2776K(3200K)->2776K(3200K)
[175.943s][info][gc             ] GC(646) Pause Full (System.gc()) 189M->5M(989M) 35.141ms
[175.943s][info][gc,cpu         ] GC(646) User=0.03s Sys=0.00s Real=0.03s
[176.229s][info][gc,start       ] GC(647) Pause Young (Allocation Failure)
[176.229s][info][gc,task        ] GC(647) Using 6 workers of 6 for evacuation
[176.230s][info][gc,heap        ] GC(647) ParNew: 279616K->240K(314560K)
[176.230s][info][gc,heap        ] GC(647) CMS: 5552K->5552K(699072K)
[176.230s][info][gc,metaspace   ] GC(647) Metaspace: 23014K(23936K)->23014K(23936K) NonClass: 20237K(20736K)->20237K(20736K) Class: 2776K(3200K)->2776K(3200K)
[176.230s][info][gc             ] GC(647) Pause Young (Allocation Failure) 278M->5M(989M) 1.606ms
[176.230s][info][gc,cpu         ] GC(647) User=0.00s Sys=0.00s Real=0.00s
[176.526s][info][gc,start       ] GC(648) Pause Young (Allocation Failure)
[176.526s][info][gc,task        ] GC(648) Using 6 workers of 6 for evacuation
[176.528s][info][gc,heap        ] GC(648) ParNew: 279856K->254K(314560K)
[176.528s][info][gc,heap        ] GC(648) CMS: 5552K->5552K(699072K)
[176.528s][info][gc,metaspace   ] GC(648) Metaspace: 23014K(23936K)->23014K(23936K) NonClass: 20237K(20736K)->20237K(20736K) Class: 2776K(3200K)->2776K(3200K)
[176.528s][info][gc             ] GC(648) Pause Young (Allocation Failure) 278M->5M(989M) 1.566ms
[176.528s][info][gc,cpu         ] GC(648) User=0.02s Sys=0.00s Real=0.00s
[176.813s][info][gc,start       ] GC(649) Pause Young (Allocation Failure)
[176.813s][info][gc,task        ] GC(649) Using 6 workers of 6 for evacuation
[176.814s][info][gc,heap        ] GC(649) ParNew: 279870K->285K(314560K)
[176.814s][info][gc,heap        ] GC(649) CMS: 5552K->5552K(699072K)
[176.814s][info][gc,metaspace   ] GC(649) Metaspace: 23014K(23936K)->23014K(23936K) NonClass: 20237K(20736K)->20237K(20736K) Class: 2776K(3200K)->2776K(3200K)
[176.814s][info][gc             ] GC(649) Pause Young (Allocation Failure) 278M->5M(989M) 1.653ms
[176.814s][info][gc,cpu         ] GC(649) User=0.00s Sys=0.00s Real=0.00s
[177.099s][info][gc,start       ] GC(650) Pause Young (Allocation Failure)
[177.099s][info][gc,task        ] GC(650) Using 6 workers of 6 for evacuation
[177.100s][info][gc,heap        ] GC(650) ParNew: 279901K->318K(314560K)
[177.100s][info][gc,heap        ] GC(650) CMS: 5552K->5552K(699072K)
[177.100s][info][gc,metaspace   ] GC(650) Metaspace: 23014K(23936K)->23014K(23936K) NonClass: 20237K(20736K)->20237K(20736K) Class: 2776K(3200K)->2776K(3200K)
[177.100s][info][gc             ] GC(650) Pause Young (Allocation Failure) 278M->5M(989M) 1.583ms
[177.100s][info][gc,cpu         ] GC(650) User=0.00s Sys=0.00s Real=0.00s
[177.385s][info][gc,start       ] GC(651) Pause Young (Allocation Failure)
[177.385s][info][gc,task        ] GC(651) Using 6 workers of 6 for evacuation
[177.387s][info][gc,heap        ] GC(651) ParNew: 279934K->363K(314560K)
[177.387s][info][gc,heap        ] GC(651) CMS: 5552K->5552K(699072K)
[177.387s][info][gc,metaspace   ] GC(651) Metaspace: 23014K(23936K)->23014K(23936K) NonClass: 20237K(20736K)->20237K(20736K) Class: 2776K(3200K)->2776K(3200K)
[177.387s][info][gc             ] GC(651) Pause Young (Allocation Failure) 278M->5M(989M) 1.641ms
[177.387s][info][gc,cpu         ] GC(651) User=0.00s Sys=0.00s Real=0.00s
[177.663s][info][gc,start       ] GC(652) Pause Young (Allocation Failure)
[177.663s][info][gc,task        ] GC(652) Using 6 workers of 6 for evacuation
[177.664s][info][gc,heap        ] GC(652) ParNew: 279979K->408K(314560K)
[177.664s][info][gc,heap        ] GC(652) CMS: 5552K->5552K(699072K)
[177.664s][info][gc,metaspace   ] GC(652) Metaspace: 23014K(23936K)->23014K(23936K) NonClass: 20237K(20736K)->20237K(20736K) Class: 2776K(3200K)->2776K(3200K)
[177.664s][info][gc             ] GC(652) Pause Young (Allocation Failure) 278M->5M(989M) 1.529ms
[177.664s][info][gc,cpu         ] GC(652) User=0.00s Sys=0.00s Real=0.00s
[177.952s][info][gc,start       ] GC(653) Pause Young (Allocation Failure)
[177.952s][info][gc,task        ] GC(653) Using 6 workers of 6 for evacuation
[177.953s][info][gc,heap        ] GC(653) ParNew: 280024K->216K(314560K)
[177.953s][info][gc,heap        ] GC(653) CMS: 5552K->5780K(699072K)
[177.953s][info][gc,metaspace   ] GC(653) Metaspace: 23014K(23936K)->23014K(23936K) NonClass: 20237K(20736K)->20237K(20736K) Class: 2776K(3200K)->2776K(3200K)
[177.953s][info][gc             ] GC(653) Pause Young (Allocation Failure) 278M->5M(989M) 1.562ms
[177.953s][info][gc,cpu         ] GC(653) User=0.00s Sys=0.00s Real=0.00s
[178.252s][info][gc,start       ] GC(654) Pause Young (Allocation Failure)
[178.253s][info][gc,task        ] GC(654) Using 6 workers of 6 for evacuation
[178.254s][info][gc,heap        ] GC(654) ParNew: 279832K->92K(314560K)
[178.254s][info][gc,heap        ] GC(654) CMS: 5780K->5787K(699072K)
[178.254s][info][gc,metaspace   ] GC(654) Metaspace: 23014K(23936K)->23014K(23936K) NonClass: 20237K(20736K)->20237K(20736K) Class: 2776K(3200K)->2776K(3200K)
[178.254s][info][gc             ] GC(654) Pause Young (Allocation Failure) 278M->5M(989M) 1.331ms
[178.254s][info][gc,cpu         ] GC(654) User=0.00s Sys=0.00s Real=0.00s
[178.528s][info][gc,start       ] GC(655) Pause Full (System.gc())
[178.529s][info][gc,phases,start] GC(655) Phase 1: Mark live objects
[178.535s][info][gc,phases      ] GC(655) Phase 1: Mark live objects 5.887ms
[178.535s][info][gc,phases,start] GC(655) Phase 2: Compute new object addresses
[178.564s][info][gc,phases      ] GC(655) Phase 2: Compute new object addresses 29.119ms
[178.564s][info][gc,phases,start] GC(655) Phase 3: Adjust pointers
[178.568s][info][gc,phases      ] GC(655) Phase 3: Adjust pointers 4.043ms
[178.568s][info][gc,phases,start] GC(655) Phase 4: Move objects
[178.568s][info][gc,phases      ] GC(655) Phase 4: Move objects 0.093ms
[178.569s][info][gc,heap        ] GC(655) ParNew: 234828K->0K(314560K)
[178.569s][info][gc,heap        ] GC(655) CMS: 5787K->5552K(699072K)
[178.569s][info][gc,metaspace   ] GC(655) Metaspace: 23014K(23936K)->23014K(23936K) NonClass: 20237K(20736K)->20237K(20736K) Class: 2776K(3200K)->2776K(3200K)
[178.569s][info][gc             ] GC(655) Pause Full (System.gc()) 234M->5M(989M) 40.256ms
[178.569s][info][gc,cpu         ] GC(655) User=0.05s Sys=0.00s Real=0.05s
[178.859s][info][gc,start       ] GC(656) Pause Young (Allocation Failure)
[178.859s][info][gc,task        ] GC(656) Using 6 workers of 6 for evacuation
[178.861s][info][gc,heap        ] GC(656) ParNew: 279616K->235K(314560K)
[178.861s][info][gc,heap        ] GC(656) CMS: 5552K->5552K(699072K)
[178.861s][info][gc,metaspace   ] GC(656) Metaspace: 23014K(23936K)->23014K(23936K) NonClass: 20237K(20736K)->20237K(20736K) Class: 2776K(3200K)->2776K(3200K)
[178.861s][info][gc             ] GC(656) Pause Young (Allocation Failure) 278M->5M(989M) 1.446ms
[178.861s][info][gc,cpu         ] GC(656) User=0.00s Sys=0.00s Real=0.00s
[179.144s][info][gc,start       ] GC(657) Pause Young (Allocation Failure)
[179.144s][info][gc,task        ] GC(657) Using 6 workers of 6 for evacuation
[179.145s][info][gc,heap        ] GC(657) ParNew: 279851K->268K(314560K)
[179.145s][info][gc,heap        ] GC(657) CMS: 5552K->5552K(699072K)
[179.145s][info][gc,metaspace   ] GC(657) Metaspace: 23014K(23936K)->23014K(23936K) NonClass: 20237K(20736K)->20237K(20736K) Class: 2776K(3200K)->2776K(3200K)
[179.145s][info][gc             ] GC(657) Pause Young (Allocation Failure) 278M->5M(989M) 1.464ms
[179.145s][info][gc,cpu         ] GC(657) User=0.00s Sys=0.00s Real=0.00s
[179.436s][info][gc,start       ] GC(658) Pause Young (Allocation Failure)
[179.436s][info][gc,task        ] GC(658) Using 6 workers of 6 for evacuation
[179.438s][info][gc,heap        ] GC(658) ParNew: 279884K->301K(314560K)
[179.438s][info][gc,heap        ] GC(658) CMS: 5552K->5552K(699072K)
[179.438s][info][gc,metaspace   ] GC(658) Metaspace: 23014K(23936K)->23014K(23936K) NonClass: 20237K(20736K)->20237K(20736K) Class: 2776K(3200K)->2776K(3200K)
[179.438s][info][gc             ] GC(658) Pause Young (Allocation Failure) 278M->5M(989M) 1.545ms
[179.438s][info][gc,cpu         ] GC(658) User=0.00s Sys=0.00s Real=0.00s
[179.727s][info][gc,start       ] GC(659) Pause Young (Allocation Failure)
[179.727s][info][gc,task        ] GC(659) Using 6 workers of 6 for evacuation
[179.729s][info][gc,heap        ] GC(659) ParNew: 279917K->342K(314560K)
[179.729s][info][gc,heap        ] GC(659) CMS: 5552K->5552K(699072K)
[179.729s][info][gc,metaspace   ] GC(659) Metaspace: 23014K(23936K)->23014K(23936K) NonClass: 20237K(20736K)->20237K(20736K) Class: 2776K(3200K)->2776K(3200K)
[179.729s][info][gc             ] GC(659) Pause Young (Allocation Failure) 278M->5M(989M) 1.710ms
[179.729s][info][gc,cpu         ] GC(659) User=0.00s Sys=0.00s Real=0.00s
[180.016s][info][gc,start       ] GC(660) Pause Young (Allocation Failure)
[180.016s][info][gc,task        ] GC(660) Using 6 workers of 6 for evacuation
[180.017s][info][gc,heap        ] GC(660) ParNew: 279958K->380K(314560K)
[180.017s][info][gc,heap        ] GC(660) CMS: 5552K->5552K(699072K)
[180.017s][info][gc,metaspace   ] GC(660) Metaspace: 23014K(23936K)->23014K(23936K) NonClass: 20237K(20736K)->20237K(20736K) Class: 2776K(3200K)->2776K(3200K)
[180.017s][info][gc             ] GC(660) Pause Young (Allocation Failure) 278M->5M(989M) 1.403ms
[180.017s][info][gc,cpu         ] GC(660) User=0.00s Sys=0.00s Real=0.00s
[180.292s][info][gc,start       ] GC(661) Pause Young (Allocation Failure)
[180.292s][info][gc,task        ] GC(661) Using 6 workers of 6 for evacuation
[180.294s][info][gc,heap        ] GC(661) ParNew: 279996K->436K(314560K)
[180.294s][info][gc,heap        ] GC(661) CMS: 5552K->5552K(699072K)
[180.294s][info][gc,metaspace   ] GC(661) Metaspace: 23014K(23936K)->23014K(23936K) NonClass: 20237K(20736K)->20237K(20736K) Class: 2776K(3200K)->2776K(3200K)
[180.294s][info][gc             ] GC(661) Pause Young (Allocation Failure) 278M->5M(989M) 1.660ms
[180.294s][info][gc,cpu         ] GC(661) User=0.00s Sys=0.00s Real=0.00s
[180.569s][info][gc,start       ] GC(662) Pause Young (Allocation Failure)
[180.569s][info][gc,task        ] GC(662) Using 6 workers of 6 for evacuation
[180.571s][info][gc,heap        ] GC(662) ParNew: 280052K->156K(314560K)
[180.571s][info][gc,heap        ] GC(662) CMS: 5552K->5780K(699072K)
[180.571s][info][gc,metaspace   ] GC(662) Metaspace: 23014K(23936K)->23014K(23936K) NonClass: 20237K(20736K)->20237K(20736K) Class: 2776K(3200K)->2776K(3200K)
[180.571s][info][gc             ] GC(662) Pause Young (Allocation Failure) 278M->5M(989M) 1.507ms
[180.571s][info][gc,cpu         ] GC(662) User=0.00s Sys=0.00s Real=0.00s
[180.878s][info][gc,start       ] GC(663) Pause Young (Allocation Failure)
[180.878s][info][gc,task        ] GC(663) Using 6 workers of 6 for evacuation
[180.879s][info][gc,heap        ] GC(663) ParNew: 279772K->74K(314560K)
[180.879s][info][gc,heap        ] GC(663) CMS: 5780K->5786K(699072K)
[180.879s][info][gc,metaspace   ] GC(663) Metaspace: 23014K(23936K)->23014K(23936K) NonClass: 20237K(20736K)->20237K(20736K) Class: 2776K(3200K)->2776K(3200K)
[180.879s][info][gc             ] GC(663) Pause Young (Allocation Failure) 278M->5M(989M) 1.233ms
[180.879s][info][gc,cpu         ] GC(663) User=0.00s Sys=0.00s Real=0.00s
[181.033s][info][gc,start       ] GC(664) Pause Full (System.gc())
[181.033s][info][gc,phases,start] GC(664) Phase 1: Mark live objects
[181.039s][info][gc,phases      ] GC(664) Phase 1: Mark live objects 5.917ms
[181.039s][info][gc,phases,start] GC(664) Phase 2: Compute new object addresses
[181.059s][info][gc,phases      ] GC(664) Phase 2: Compute new object addresses 19.345ms
[181.059s][info][gc,phases,start] GC(664) Phase 3: Adjust pointers
[181.063s][info][gc,phases      ] GC(664) Phase 3: Adjust pointers 4.082ms
[181.063s][info][gc,phases,start] GC(664) Phase 4: Move objects
[181.063s][info][gc,phases      ] GC(664) Phase 4: Move objects 0.092ms
[181.063s][info][gc,heap        ] GC(664) ParNew: 138972K->0K(314560K)
[181.063s][info][gc,heap        ] GC(664) CMS: 5786K->5552K(699072K)
[181.063s][info][gc,metaspace   ] GC(664) Metaspace: 23014K(23936K)->23014K(23936K) NonClass: 20237K(20736K)->20237K(20736K) Class: 2776K(3200K)->2776K(3200K)
[181.063s][info][gc             ] GC(664) Pause Full (System.gc()) 141M->5M(989M) 30.379ms
[181.063s][info][gc,cpu         ] GC(664) User=0.00s Sys=0.00s Real=0.03s
[181.345s][info][gc,start       ] GC(665) Pause Young (Allocation Failure)
[181.345s][info][gc,task        ] GC(665) Using 6 workers of 6 for evacuation
[181.346s][info][gc,heap        ] GC(665) ParNew: 279616K->233K(314560K)
[181.346s][info][gc,heap        ] GC(665) CMS: 5552K->5552K(699072K)
[181.346s][info][gc,metaspace   ] GC(665) Metaspace: 23014K(23936K)->23014K(23936K) NonClass: 20237K(20736K)->20237K(20736K) Class: 2776K(3200K)->2776K(3200K)
[181.346s][info][gc             ] GC(665) Pause Young (Allocation Failure) 278M->5M(989M) 1.504ms
[181.346s][info][gc,cpu         ] GC(665) User=0.00s Sys=0.00s Real=0.00s
[181.643s][info][gc,start       ] GC(666) Pause Young (Allocation Failure)
[181.643s][info][gc,task        ] GC(666) Using 6 workers of 6 for evacuation
[181.644s][info][gc,heap        ] GC(666) ParNew: 279849K->251K(314560K)
[181.645s][info][gc,heap        ] GC(666) CMS: 5552K->5552K(699072K)
[181.645s][info][gc,metaspace   ] GC(666) Metaspace: 23014K(23936K)->23014K(23936K) NonClass: 20237K(20736K)->20237K(20736K) Class: 2776K(3200K)->2776K(3200K)
[181.645s][info][gc             ] GC(666) Pause Young (Allocation Failure) 278M->5M(989M) 1.188ms
[181.645s][info][gc,cpu         ] GC(666) User=0.00s Sys=0.00s Real=0.00s
[181.980s][info][gc,start       ] GC(667) Pause Young (Allocation Failure)
[181.980s][info][gc,task        ] GC(667) Using 6 workers of 6 for evacuation
[181.982s][info][gc,heap        ] GC(667) ParNew: 279867K->285K(314560K)
[181.982s][info][gc,heap        ] GC(667) CMS: 5552K->5552K(699072K)
[181.982s][info][gc,metaspace   ] GC(667) Metaspace: 23014K(23936K)->23014K(23936K) NonClass: 20237K(20736K)->20237K(20736K) Class: 2776K(3200K)->2776K(3200K)
[181.982s][info][gc             ] GC(667) Pause Young (Allocation Failure) 278M->5M(989M) 1.543ms
[181.982s][info][gc,cpu         ] GC(667) User=0.00s Sys=0.00s Real=0.00s
[182.258s][info][gc,start       ] GC(668) Pause Young (Allocation Failure)
[182.259s][info][gc,task        ] GC(668) Using 6 workers of 6 for evacuation
[182.260s][info][gc,heap        ] GC(668) ParNew: 279901K->312K(314560K)
[182.260s][info][gc,heap        ] GC(668) CMS: 5552K->5552K(699072K)
[182.260s][info][gc,metaspace   ] GC(668) Metaspace: 23014K(23936K)->23014K(23936K) NonClass: 20237K(20736K)->20237K(20736K) Class: 2776K(3200K)->2776K(3200K)
[182.260s][info][gc             ] GC(668) Pause Young (Allocation Failure) 278M->5M(989M) 1.593ms
[182.260s][info][gc,cpu         ] GC(668) User=0.00s Sys=0.00s Real=0.00s
[182.540s][info][gc,start       ] GC(669) Pause Young (Allocation Failure)
[182.540s][info][gc,task        ] GC(669) Using 6 workers of 6 for evacuation
[182.542s][info][gc,heap        ] GC(669) ParNew: 279928K->361K(314560K)
[182.542s][info][gc,heap        ] GC(669) CMS: 5552K->5552K(699072K)
[182.542s][info][gc,metaspace   ] GC(669) Metaspace: 23014K(23936K)->23014K(23936K) NonClass: 20237K(20736K)->20237K(20736K) Class: 2776K(3200K)->2776K(3200K)
[182.542s][info][gc             ] GC(669) Pause Young (Allocation Failure) 278M->5M(989M) 1.651ms
[182.542s][info][gc,cpu         ] GC(669) User=0.00s Sys=0.00s Real=0.00s
[182.816s][info][gc,start       ] GC(670) Pause Young (Allocation Failure)
[182.816s][info][gc,task        ] GC(670) Using 6 workers of 6 for evacuation
[182.817s][info][gc,heap        ] GC(670) ParNew: 279977K->421K(314560K)
[182.817s][info][gc,heap        ] GC(670) CMS: 5552K->5552K(699072K)
[182.817s][info][gc,metaspace   ] GC(670) Metaspace: 23014K(23936K)->23014K(23936K) NonClass: 20237K(20736K)->20237K(20736K) Class: 2776K(3200K)->2776K(3200K)
[182.817s][info][gc             ] GC(670) Pause Young (Allocation Failure) 278M->5M(989M) 1.474ms
[182.817s][info][gc,cpu         ] GC(670) User=0.00s Sys=0.00s Real=0.00s
[183.091s][info][gc,start       ] GC(671) Pause Young (Allocation Failure)
[183.091s][info][gc,task        ] GC(671) Using 6 workers of 6 for evacuation
[183.093s][info][gc,heap        ] GC(671) ParNew: 280037K->156K(314560K)
[183.093s][info][gc,heap        ] GC(671) CMS: 5552K->5780K(699072K)
[183.093s][info][gc,metaspace   ] GC(671) Metaspace: 23014K(23936K)->23014K(23936K) NonClass: 20237K(20736K)->20237K(20736K) Class: 2776K(3200K)->2776K(3200K)
[183.093s][info][gc             ] GC(671) Pause Young (Allocation Failure) 278M->5M(989M) 1.474ms
[183.093s][info][gc,cpu         ] GC(671) User=0.00s Sys=0.00s Real=0.00s
[183.435s][info][gc,start       ] GC(672) Pause Young (Allocation Failure)
[183.435s][info][gc,task        ] GC(672) Using 6 workers of 6 for evacuation
[183.436s][info][gc,heap        ] GC(672) ParNew: 279772K->73K(314560K)
[183.436s][info][gc,heap        ] GC(672) CMS: 5780K->5787K(699072K)
[183.436s][info][gc,metaspace   ] GC(672) Metaspace: 23014K(23936K)->23014K(23936K) NonClass: 20237K(20736K)->20237K(20736K) Class: 2776K(3200K)->2776K(3200K)
[183.436s][info][gc             ] GC(672) Pause Young (Allocation Failure) 278M->5M(989M) 1.198ms
[183.436s][info][gc,cpu         ] GC(672) User=0.00s Sys=0.00s Real=0.00s
[183.680s][info][gc,start       ] GC(673) Pause Full (System.gc())
[183.680s][info][gc,phases,start] GC(673) Phase 1: Mark live objects
[183.686s][info][gc,phases      ] GC(673) Phase 1: Mark live objects 5.546ms
[183.686s][info][gc,phases,start] GC(673) Phase 2: Compute new object addresses
[183.708s][info][gc,phases      ] GC(673) Phase 2: Compute new object addresses 22.180ms
[183.708s][info][gc,phases,start] GC(673) Phase 3: Adjust pointers
[183.712s][info][gc,phases      ] GC(673) Phase 3: Adjust pointers 4.167ms
[183.712s][info][gc,phases,start] GC(673) Phase 4: Move objects
[183.712s][info][gc,phases      ] GC(673) Phase 4: Move objects 0.093ms
[183.713s][info][gc,heap        ] GC(673) ParNew: 157313K->0K(314560K)
[183.713s][info][gc,heap        ] GC(673) CMS: 5787K->5552K(699072K)
[183.713s][info][gc,metaspace   ] GC(673) Metaspace: 23014K(23936K)->23014K(23936K) NonClass: 20237K(20736K)->20237K(20736K) Class: 2776K(3200K)->2776K(3200K)
[183.713s][info][gc             ] GC(673) Pause Full (System.gc()) 159M->5M(989M) 32.913ms
[183.713s][info][gc,cpu         ] GC(673) User=0.03s Sys=0.00s Real=0.03s
[184.003s][info][gc,start       ] GC(674) Pause Young (Allocation Failure)
[184.004s][info][gc,task        ] GC(674) Using 6 workers of 6 for evacuation
[184.005s][info][gc,heap        ] GC(674) ParNew: 279616K->252K(314560K)
[184.005s][info][gc,heap        ] GC(674) CMS: 5552K->5552K(699072K)
[184.005s][info][gc,metaspace   ] GC(674) Metaspace: 23014K(23936K)->23014K(23936K) NonClass: 20237K(20736K)->20237K(20736K) Class: 2776K(3200K)->2776K(3200K)
[184.005s][info][gc             ] GC(674) Pause Young (Allocation Failure) 278M->5M(989M) 1.426ms
[184.005s][info][gc,cpu         ] GC(674) User=0.00s Sys=0.00s Real=0.00s
[184.269s][info][gc,start       ] GC(675) Pause Young (Allocation Failure)
[184.269s][info][gc,task        ] GC(675) Using 6 workers of 6 for evacuation
[184.271s][info][gc,heap        ] GC(675) ParNew: 279868K->277K(314560K)
[184.271s][info][gc,heap        ] GC(675) CMS: 5552K->5552K(699072K)
[184.271s][info][gc,metaspace   ] GC(675) Metaspace: 23014K(23936K)->23014K(23936K) NonClass: 20237K(20736K)->20237K(20736K) Class: 2776K(3200K)->2776K(3200K)
[184.271s][info][gc             ] GC(675) Pause Young (Allocation Failure) 278M->5M(989M) 1.646ms
[184.271s][info][gc,cpu         ] GC(675) User=0.00s Sys=0.00s Real=0.00s
[184.540s][info][gc,start       ] GC(676) Pause Young (Allocation Failure)
[184.540s][info][gc,task        ] GC(676) Using 6 workers of 6 for evacuation
[184.541s][info][gc,heap        ] GC(676) ParNew: 279893K->293K(314560K)
[184.541s][info][gc,heap        ] GC(676) CMS: 5552K->5552K(699072K)
[184.541s][info][gc,metaspace   ] GC(676) Metaspace: 23014K(23936K)->23014K(23936K) NonClass: 20237K(20736K)->20237K(20736K) Class: 2776K(3200K)->2776K(3200K)
[184.541s][info][gc             ] GC(676) Pause Young (Allocation Failure) 278M->5M(989M) 1.642ms
[184.541s][info][gc,cpu         ] GC(676) User=0.00s Sys=0.00s Real=0.00s
[184.833s][info][gc,start       ] GC(677) Pause Young (Allocation Failure)
[184.833s][info][gc,task        ] GC(677) Using 6 workers of 6 for evacuation
[184.835s][info][gc,heap        ] GC(677) ParNew: 279909K->343K(314560K)
[184.835s][info][gc,heap        ] GC(677) CMS: 5552K->5552K(699072K)
[184.835s][info][gc,metaspace   ] GC(677) Metaspace: 23014K(23936K)->23014K(23936K) NonClass: 20237K(20736K)->20237K(20736K) Class: 2776K(3200K)->2776K(3200K)
[184.835s][info][gc             ] GC(677) Pause Young (Allocation Failure) 278M->5M(989M) 1.726ms
[184.835s][info][gc,cpu         ] GC(677) User=0.00s Sys=0.00s Real=0.00s
[185.104s][info][gc,start       ] GC(678) Pause Young (Allocation Failure)
[185.104s][info][gc,task        ] GC(678) Using 6 workers of 6 for evacuation
[185.106s][info][gc,heap        ] GC(678) ParNew: 279959K->386K(314560K)
[185.106s][info][gc,heap        ] GC(678) CMS: 5552K->5552K(699072K)
[185.106s][info][gc,metaspace   ] GC(678) Metaspace: 23014K(23936K)->23014K(23936K) NonClass: 20237K(20736K)->20237K(20736K) Class: 2776K(3200K)->2776K(3200K)
[185.106s][info][gc             ] GC(678) Pause Young (Allocation Failure) 278M->5M(989M) 1.288ms
[185.106s][info][gc,cpu         ] GC(678) User=0.02s Sys=0.00s Real=0.00s
[185.434s][info][gc,start       ] GC(679) Pause Young (Allocation Failure)
[185.434s][info][gc,task        ] GC(679) Using 6 workers of 6 for evacuation
[185.436s][info][gc,heap        ] GC(679) ParNew: 280002K->442K(314560K)
[185.436s][info][gc,heap        ] GC(679) CMS: 5552K->5552K(699072K)
[185.436s][info][gc,metaspace   ] GC(679) Metaspace: 23014K(23936K)->23014K(23936K) NonClass: 20237K(20736K)->20237K(20736K) Class: 2776K(3200K)->2776K(3200K)
[185.436s][info][gc             ] GC(679) Pause Young (Allocation Failure) 278M->5M(989M) 1.402ms
[185.436s][info][gc,cpu         ] GC(679) User=0.00s Sys=0.00s Real=0.00s
[185.714s][info][gc,start       ] GC(680) Pause Young (Allocation Failure)
[185.714s][info][gc,task        ] GC(680) Using 6 workers of 6 for evacuation
[185.716s][info][gc,heap        ] GC(680) ParNew: 280058K->129K(314560K)
[185.716s][info][gc,heap        ] GC(680) CMS: 5552K->5780K(699072K)
[185.716s][info][gc,metaspace   ] GC(680) Metaspace: 23014K(23936K)->23014K(23936K) NonClass: 20237K(20736K)->20237K(20736K) Class: 2776K(3200K)->2776K(3200K)
[185.716s][info][gc             ] GC(680) Pause Young (Allocation Failure) 278M->5M(989M) 1.554ms
[185.716s][info][gc,cpu         ] GC(680) User=0.00s Sys=0.00s Real=0.00s
[186.021s][info][gc,start       ] GC(681) Pause Young (Allocation Failure)
[186.021s][info][gc,task        ] GC(681) Using 6 workers of 6 for evacuation
[186.023s][info][gc,heap        ] GC(681) ParNew: 279745K->72K(314560K)
[186.023s][info][gc,heap        ] GC(681) CMS: 5780K->5786K(699072K)
[186.023s][info][gc,metaspace   ] GC(681) Metaspace: 23014K(23936K)->23014K(23936K) NonClass: 20237K(20736K)->20237K(20736K) Class: 2776K(3200K)->2776K(3200K)
[186.023s][info][gc             ] GC(681) Pause Young (Allocation Failure) 278M->5M(989M) 1.244ms
[186.023s][info][gc,cpu         ] GC(681) User=0.00s Sys=0.00s Real=0.00s
[186.295s][info][gc,start       ] GC(682) Pause Full (System.gc())
[186.296s][info][gc,phases,start] GC(682) Phase 1: Mark live objects
[186.302s][info][gc,phases      ] GC(682) Phase 1: Mark live objects 5.979ms
[186.302s][info][gc,phases,start] GC(682) Phase 2: Compute new object addresses
[186.328s][info][gc,phases      ] GC(682) Phase 2: Compute new object addresses 25.882ms
[186.328s][info][gc,phases,start] GC(682) Phase 3: Adjust pointers
[186.332s][info][gc,phases      ] GC(682) Phase 3: Adjust pointers 4.026ms
[186.332s][info][gc,phases,start] GC(682) Phase 4: Move objects
[186.332s][info][gc,phases      ] GC(682) Phase 4: Move objects 0.094ms
[186.332s][info][gc,heap        ] GC(682) ParNew: 204553K->0K(314560K)
[186.332s][info][gc,heap        ] GC(682) CMS: 5786K->5552K(699072K)
[186.332s][info][gc,metaspace   ] GC(682) Metaspace: 23014K(23936K)->23014K(23936K) NonClass: 20237K(20736K)->20237K(20736K) Class: 2776K(3200K)->2776K(3200K)
[186.332s][info][gc             ] GC(682) Pause Full (System.gc()) 205M->5M(989M) 36.921ms
[186.332s][info][gc,cpu         ] GC(682) User=0.03s Sys=0.00s Real=0.03s
[186.617s][info][gc,start       ] GC(683) Pause Young (Allocation Failure)
[186.617s][info][gc,task        ] GC(683) Using 6 workers of 6 for evacuation
[186.618s][info][gc,heap        ] GC(683) ParNew: 279616K->251K(314560K)
[186.618s][info][gc,heap        ] GC(683) CMS: 5552K->5552K(699072K)
[186.618s][info][gc,metaspace   ] GC(683) Metaspace: 23014K(23936K)->23014K(23936K) NonClass: 20237K(20736K)->20237K(20736K) Class: 2776K(3200K)->2776K(3200K)
[186.618s][info][gc             ] GC(683) Pause Young (Allocation Failure) 278M->5M(989M) 1.511ms
[186.618s][info][gc,cpu         ] GC(683) User=0.00s Sys=0.00s Real=0.00s
[186.911s][info][gc,start       ] GC(684) Pause Young (Allocation Failure)
[186.911s][info][gc,task        ] GC(684) Using 6 workers of 6 for evacuation
[186.912s][info][gc,heap        ] GC(684) ParNew: 279867K->277K(314560K)
[186.912s][info][gc,heap        ] GC(684) CMS: 5552K->5552K(699072K)
[186.912s][info][gc,metaspace   ] GC(684) Metaspace: 23014K(23936K)->23014K(23936K) NonClass: 20237K(20736K)->20237K(20736K) Class: 2776K(3200K)->2776K(3200K)
[186.912s][info][gc             ] GC(684) Pause Young (Allocation Failure) 278M->5M(989M) 1.520ms
[186.912s][info][gc,cpu         ] GC(684) User=0.00s Sys=0.00s Real=0.00s
[187.194s][info][gc,start       ] GC(685) Pause Young (Allocation Failure)
[187.194s][info][gc,task        ] GC(685) Using 6 workers of 6 for evacuation
[187.196s][info][gc,heap        ] GC(685) ParNew: 279893K->303K(314560K)
[187.196s][info][gc,heap        ] GC(685) CMS: 5552K->5552K(699072K)
[187.196s][info][gc,metaspace   ] GC(685) Metaspace: 23014K(23936K)->23014K(23936K) NonClass: 20237K(20736K)->20237K(20736K) Class: 2776K(3200K)->2776K(3200K)
[187.196s][info][gc             ] GC(685) Pause Young (Allocation Failure) 278M->5M(989M) 1.958ms
[187.196s][info][gc,cpu         ] GC(685) User=0.00s Sys=0.00s Real=0.00s
[187.487s][info][gc,start       ] GC(686) Pause Young (Allocation Failure)
[187.487s][info][gc,task        ] GC(686) Using 6 workers of 6 for evacuation
[187.488s][info][gc,heap        ] GC(686) ParNew: 279919K->334K(314560K)
[187.488s][info][gc,heap        ] GC(686) CMS: 5552K->5552K(699072K)
[187.488s][info][gc,metaspace   ] GC(686) Metaspace: 23014K(23936K)->23014K(23936K) NonClass: 20237K(20736K)->20237K(20736K) Class: 2776K(3200K)->2776K(3200K)
[187.488s][info][gc             ] GC(686) Pause Young (Allocation Failure) 278M->5M(989M) 1.579ms
[187.488s][info][gc,cpu         ] GC(686) User=0.00s Sys=0.00s Real=0.00s
[187.767s][info][gc,start       ] GC(687) Pause Young (Allocation Failure)
[187.767s][info][gc,task        ] GC(687) Using 6 workers of 6 for evacuation
[187.769s][info][gc,heap        ] GC(687) ParNew: 279950K->365K(314560K)
[187.769s][info][gc,heap        ] GC(687) CMS: 5552K->5552K(699072K)
[187.769s][info][gc,metaspace   ] GC(687) Metaspace: 23014K(23936K)->23014K(23936K) NonClass: 20237K(20736K)->20237K(20736K) Class: 2776K(3200K)->2776K(3200K)
[187.769s][info][gc             ] GC(687) Pause Young (Allocation Failure) 278M->5M(989M) 1.561ms
[187.769s][info][gc,cpu         ] GC(687) User=0.00s Sys=0.00s Real=0.00s
[188.033s][info][gc,start       ] GC(688) Pause Young (Allocation Failure)
[188.033s][info][gc,task        ] GC(688) Using 6 workers of 6 for evacuation
[188.034s][info][gc,heap        ] GC(688) ParNew: 279981K->412K(314560K)
[188.034s][info][gc,heap        ] GC(688) CMS: 5552K->5552K(699072K)
[188.034s][info][gc,metaspace   ] GC(688) Metaspace: 23014K(23936K)->23014K(23936K) NonClass: 20237K(20736K)->20237K(20736K) Class: 2776K(3200K)->2776K(3200K)
[188.034s][info][gc             ] GC(688) Pause Young (Allocation Failure) 278M->5M(989M) 1.453ms
[188.034s][info][gc,cpu         ] GC(688) User=0.00s Sys=0.00s Real=0.00s
[188.322s][info][gc,start       ] GC(689) Pause Young (Allocation Failure)
[188.322s][info][gc,task        ] GC(689) Using 6 workers of 6 for evacuation
[188.323s][info][gc,heap        ] GC(689) ParNew: 280028K->157K(314560K)
[188.324s][info][gc,heap        ] GC(689) CMS: 5552K->5780K(699072K)
[188.324s][info][gc,metaspace   ] GC(689) Metaspace: 23014K(23936K)->23014K(23936K) NonClass: 20237K(20736K)->20237K(20736K) Class: 2776K(3200K)->2776K(3200K)
[188.324s][info][gc             ] GC(689) Pause Young (Allocation Failure) 278M->5M(989M) 1.597ms
[188.324s][info][gc,cpu         ] GC(689) User=0.00s Sys=0.00s Real=0.00s
[188.625s][info][gc,start       ] GC(690) Pause Young (Allocation Failure)
[188.625s][info][gc,task        ] GC(690) Using 6 workers of 6 for evacuation
[188.627s][info][gc,heap        ] GC(690) ParNew: 279773K->73K(314560K)
[188.627s][info][gc,heap        ] GC(690) CMS: 5780K->5787K(699072K)
[188.627s][info][gc,metaspace   ] GC(690) Metaspace: 23014K(23936K)->23014K(23936K) NonClass: 20237K(20736K)->20237K(20736K) Class: 2776K(3200K)->2776K(3200K)
[188.627s][info][gc             ] GC(690) Pause Young (Allocation Failure) 278M->5M(989M) 1.458ms
[188.627s][info][gc,cpu         ] GC(690) User=0.00s Sys=0.00s Real=0.00s
[188.896s][info][gc,start       ] GC(691) Pause Full (System.gc())
[188.896s][info][gc,phases,start] GC(691) Phase 1: Mark live objects
[188.902s][info][gc,phases      ] GC(691) Phase 1: Mark live objects 6.223ms
[188.902s][info][gc,phases,start] GC(691) Phase 2: Compute new object addresses
[188.929s][info][gc,phases      ] GC(691) Phase 2: Compute new object addresses 26.187ms
[188.929s][info][gc,phases,start] GC(691) Phase 3: Adjust pointers
[188.933s][info][gc,phases      ] GC(691) Phase 3: Adjust pointers 4.023ms
[188.933s][info][gc,phases,start] GC(691) Phase 4: Move objects
[188.933s][info][gc,phases      ] GC(691) Phase 4: Move objects 0.093ms
[188.933s][info][gc,heap        ] GC(691) ParNew: 201974K->0K(314560K)
[188.933s][info][gc,heap        ] GC(691) CMS: 5787K->5552K(699072K)
[188.933s][info][gc,metaspace   ] GC(691) Metaspace: 23014K(23936K)->23014K(23936K) NonClass: 20237K(20736K)->20237K(20736K) Class: 2776K(3200K)->2776K(3200K)
[188.934s][info][gc             ] GC(691) Pause Full (System.gc()) 202M->5M(989M) 37.437ms
[188.934s][info][gc,cpu         ] GC(691) User=0.00s Sys=0.00s Real=0.03s
[189.224s][info][gc,start       ] GC(692) Pause Young (Allocation Failure)
[189.224s][info][gc,task        ] GC(692) Using 6 workers of 6 for evacuation
[189.226s][info][gc,heap        ] GC(692) ParNew: 279616K->227K(314560K)
[189.226s][info][gc,heap        ] GC(692) CMS: 5552K->5552K(699072K)
[189.226s][info][gc,metaspace   ] GC(692) Metaspace: 23014K(23936K)->23014K(23936K) NonClass: 20237K(20736K)->20237K(20736K) Class: 2776K(3200K)->2776K(3200K)
[189.226s][info][gc             ] GC(692) Pause Young (Allocation Failure) 278M->5M(989M) 1.567ms
[189.226s][info][gc,cpu         ] GC(692) User=0.00s Sys=0.00s Real=0.00s
[189.512s][info][gc,start       ] GC(693) Pause Young (Allocation Failure)
[189.512s][info][gc,task        ] GC(693) Using 6 workers of 6 for evacuation
[189.513s][info][gc,heap        ] GC(693) ParNew: 279843K->248K(314560K)
[189.513s][info][gc,heap        ] GC(693) CMS: 5552K->5552K(699072K)
[189.513s][info][gc,metaspace   ] GC(693) Metaspace: 23014K(23936K)->23014K(23936K) NonClass: 20237K(20736K)->20237K(20736K) Class: 2776K(3200K)->2776K(3200K)
[189.513s][info][gc             ] GC(693) Pause Young (Allocation Failure) 278M->5M(989M) 1.643ms
[189.513s][info][gc,cpu         ] GC(693) User=0.00s Sys=0.00s Real=0.00s
[189.797s][info][gc,start       ] GC(694) Pause Young (Allocation Failure)
[189.797s][info][gc,task        ] GC(694) Using 6 workers of 6 for evacuation
[189.799s][info][gc,heap        ] GC(694) ParNew: 279864K->278K(314560K)
[189.799s][info][gc,heap        ] GC(694) CMS: 5552K->5552K(699072K)
[189.799s][info][gc,metaspace   ] GC(694) Metaspace: 23014K(23936K)->23014K(23936K) NonClass: 20237K(20736K)->20237K(20736K) Class: 2776K(3200K)->2776K(3200K)
[189.799s][info][gc             ] GC(694) Pause Young (Allocation Failure) 278M->5M(989M) 1.382ms
[189.799s][info][gc,cpu         ] GC(694) User=0.00s Sys=0.00s Real=0.00s
[190.133s][info][gc,start       ] GC(695) Pause Young (Allocation Failure)
[190.133s][info][gc,task        ] GC(695) Using 6 workers of 6 for evacuation
[190.134s][info][gc,heap        ] GC(695) ParNew: 279894K->310K(314560K)
[190.134s][info][gc,heap        ] GC(695) CMS: 5552K->5552K(699072K)
[190.134s][info][gc,metaspace   ] GC(695) Metaspace: 23014K(23936K)->23014K(23936K) NonClass: 20237K(20736K)->20237K(20736K) Class: 2776K(3200K)->2776K(3200K)
[190.134s][info][gc             ] GC(695) Pause Young (Allocation Failure) 278M->5M(989M) 1.601ms
[190.134s][info][gc,cpu         ] GC(695) User=0.00s Sys=0.00s Real=0.00s
[190.410s][info][gc,start       ] GC(696) Pause Young (Allocation Failure)
[190.410s][info][gc,task        ] GC(696) Using 6 workers of 6 for evacuation
[190.411s][info][gc,heap        ] GC(696) ParNew: 279926K->330K(314560K)
[190.411s][info][gc,heap        ] GC(696) CMS: 5552K->5552K(699072K)
[190.411s][info][gc,metaspace   ] GC(696) Metaspace: 23014K(23936K)->23014K(23936K) NonClass: 20237K(20736K)->20237K(20736K) Class: 2776K(3200K)->2776K(3200K)
[190.411s][info][gc             ] GC(696) Pause Young (Allocation Failure) 278M->5M(989M) 1.558ms
[190.411s][info][gc,cpu         ] GC(696) User=0.00s Sys=0.00s Real=0.00s
[190.689s][info][gc,start       ] GC(697) Pause Young (Allocation Failure)
[190.689s][info][gc,task        ] GC(697) Using 6 workers of 6 for evacuation
[190.690s][info][gc,heap        ] GC(697) ParNew: 279946K->403K(314560K)
[190.690s][info][gc,heap        ] GC(697) CMS: 5552K->5552K(699072K)
[190.690s][info][gc,metaspace   ] GC(697) Metaspace: 23014K(23936K)->23014K(23936K) NonClass: 20237K(20736K)->20237K(20736K) Class: 2776K(3200K)->2776K(3200K)
[190.690s][info][gc             ] GC(697) Pause Young (Allocation Failure) 278M->5M(989M) 1.617ms
[190.690s][info][gc,cpu         ] GC(697) User=0.00s Sys=0.00s Real=0.00s
[190.960s][info][gc,start       ] GC(698) Pause Young (Allocation Failure)
[190.960s][info][gc,task        ] GC(698) Using 6 workers of 6 for evacuation
[190.961s][info][gc,heap        ] GC(698) ParNew: 280019K->208K(314560K)
[190.961s][info][gc,heap        ] GC(698) CMS: 5552K->5780K(699072K)
[190.961s][info][gc,metaspace   ] GC(698) Metaspace: 23014K(23936K)->23014K(23936K) NonClass: 20237K(20736K)->20237K(20736K) Class: 2776K(3200K)->2776K(3200K)
[190.961s][info][gc             ] GC(698) Pause Young (Allocation Failure) 278M->5M(989M) 1.475ms
[190.961s][info][gc,cpu         ] GC(698) User=0.00s Sys=0.00s Real=0.00s
[191.249s][info][gc,start       ] GC(699) Pause Young (Allocation Failure)
[191.249s][info][gc,task        ] GC(699) Using 6 workers of 6 for evacuation
[191.251s][info][gc,heap        ] GC(699) ParNew: 279824K->93K(314560K)
[191.251s][info][gc,heap        ] GC(699) CMS: 5780K->5787K(699072K)
[191.251s][info][gc,metaspace   ] GC(699) Metaspace: 23014K(23936K)->23014K(23936K) NonClass: 20237K(20736K)->20237K(20736K) Class: 2776K(3200K)->2776K(3200K)
[191.251s][info][gc             ] GC(699) Pause Young (Allocation Failure) 278M->5M(989M) 1.383ms
[191.251s][info][gc,cpu         ] GC(699) User=0.00s Sys=0.00s Real=0.00s
[191.520s][info][gc,start       ] GC(700) Pause Full (System.gc())
[191.521s][info][gc,phases,start] GC(700) Phase 1: Mark live objects
[191.527s][info][gc,phases      ] GC(700) Phase 1: Mark live objects 6.179ms
[191.527s][info][gc,phases,start] GC(700) Phase 2: Compute new object addresses
[191.550s][info][gc,phases      ] GC(700) Phase 2: Compute new object addresses 23.397ms
[191.550s][info][gc,phases,start] GC(700) Phase 3: Adjust pointers
[191.554s][info][gc,phases      ] GC(700) Phase 3: Adjust pointers 4.040ms
[191.554s][info][gc,phases,start] GC(700) Phase 4: Move objects
[191.554s][info][gc,phases      ] GC(700) Phase 4: Move objects 0.092ms
[191.555s][info][gc,heap        ] GC(700) ParNew: 180067K->0K(314560K)
[191.555s][info][gc,heap        ] GC(700) CMS: 5787K->5551K(699072K)
[191.555s][info][gc,metaspace   ] GC(700) Metaspace: 23014K(23936K)->23014K(23936K) NonClass: 20237K(20736K)->20237K(20736K) Class: 2776K(3200K)->2776K(3200K)
[191.555s][info][gc             ] GC(700) Pause Full (System.gc()) 181M->5M(989M) 34.644ms
[191.555s][info][gc,cpu         ] GC(700) User=0.03s Sys=0.00s Real=0.03s
[191.846s][info][gc,start       ] GC(701) Pause Young (Allocation Failure)
[191.846s][info][gc,task        ] GC(701) Using 6 workers of 6 for evacuation
[191.847s][info][gc,heap        ] GC(701) ParNew: 279616K->242K(314560K)
[191.847s][info][gc,heap        ] GC(701) CMS: 5551K->5551K(699072K)
[191.847s][info][gc,metaspace   ] GC(701) Metaspace: 23014K(23936K)->23014K(23936K) NonClass: 20237K(20736K)->20237K(20736K) Class: 2776K(3200K)->2776K(3200K)
[191.847s][info][gc             ] GC(701) Pause Young (Allocation Failure) 278M->5M(989M) 1.317ms
[191.847s][info][gc,cpu         ] GC(701) User=0.00s Sys=0.00s Real=0.00s
[192.127s][info][gc,start       ] GC(702) Pause Young (Allocation Failure)
[192.127s][info][gc,task        ] GC(702) Using 6 workers of 6 for evacuation
[192.128s][info][gc,heap        ] GC(702) ParNew: 279858K->263K(314560K)
[192.128s][info][gc,heap        ] GC(702) CMS: 5551K->5551K(699072K)
[192.128s][info][gc,metaspace   ] GC(702) Metaspace: 23014K(23936K)->23014K(23936K) NonClass: 20237K(20736K)->20237K(20736K) Class: 2776K(3200K)->2776K(3200K)
[192.128s][info][gc             ] GC(702) Pause Young (Allocation Failure) 278M->5M(989M) 1.494ms
[192.128s][info][gc,cpu         ] GC(702) User=0.00s Sys=0.00s Real=0.00s
[192.433s][info][gc,start       ] GC(703) Pause Young (Allocation Failure)
[192.433s][info][gc,task        ] GC(703) Using 6 workers of 6 for evacuation
[192.434s][info][gc,heap        ] GC(703) ParNew: 279879K->295K(314560K)
[192.434s][info][gc,heap        ] GC(703) CMS: 5551K->5551K(699072K)
[192.434s][info][gc,metaspace   ] GC(703) Metaspace: 23014K(23936K)->23014K(23936K) NonClass: 20237K(20736K)->20237K(20736K) Class: 2776K(3200K)->2776K(3200K)
[192.434s][info][gc             ] GC(703) Pause Young (Allocation Failure) 278M->5M(989M) 1.133ms
[192.434s][info][gc,cpu         ] GC(703) User=0.00s Sys=0.00s Real=0.00s
[192.718s][info][gc,start       ] GC(704) Pause Young (Allocation Failure)
[192.718s][info][gc,task        ] GC(704) Using 6 workers of 6 for evacuation
[192.719s][info][gc,heap        ] GC(704) ParNew: 279911K->320K(314560K)
[192.720s][info][gc,heap        ] GC(704) CMS: 5551K->5551K(699072K)
[192.720s][info][gc,metaspace   ] GC(704) Metaspace: 23014K(23936K)->23014K(23936K) NonClass: 20237K(20736K)->20237K(20736K) Class: 2776K(3200K)->2776K(3200K)
[192.720s][info][gc             ] GC(704) Pause Young (Allocation Failure) 278M->5M(989M) 1.455ms
[192.720s][info][gc,cpu         ] GC(704) User=0.00s Sys=0.00s Real=0.00s
[192.999s][info][gc,start       ] GC(705) Pause Young (Allocation Failure)
[193.000s][info][gc,task        ] GC(705) Using 6 workers of 6 for evacuation
[193.001s][info][gc,heap        ] GC(705) ParNew: 279936K->371K(314560K)
[193.001s][info][gc,heap        ] GC(705) CMS: 5551K->5551K(699072K)
[193.001s][info][gc,metaspace   ] GC(705) Metaspace: 23014K(23936K)->23014K(23936K) NonClass: 20237K(20736K)->20237K(20736K) Class: 2776K(3200K)->2776K(3200K)
[193.001s][info][gc             ] GC(705) Pause Young (Allocation Failure) 278M->5M(989M) 2.046ms
[193.001s][info][gc,cpu         ] GC(705) User=0.00s Sys=0.00s Real=0.00s
[193.282s][info][gc,start       ] GC(706) Pause Young (Allocation Failure)
[193.282s][info][gc,task        ] GC(706) Using 6 workers of 6 for evacuation
[193.283s][info][gc,heap        ] GC(706) ParNew: 279987K->415K(314560K)
[193.283s][info][gc,heap        ] GC(706) CMS: 5551K->5551K(699072K)
[193.283s][info][gc,metaspace   ] GC(706) Metaspace: 23014K(23936K)->23014K(23936K) NonClass: 20237K(20736K)->20237K(20736K) Class: 2776K(3200K)->2776K(3200K)
[193.283s][info][gc             ] GC(706) Pause Young (Allocation Failure) 278M->5M(989M) 1.491ms
[193.283s][info][gc,cpu         ] GC(706) User=0.00s Sys=0.00s Real=0.00s
[193.577s][info][gc,start       ] GC(707) Pause Young (Allocation Failure)
[193.577s][info][gc,task        ] GC(707) Using 6 workers of 6 for evacuation
[193.578s][info][gc,heap        ] GC(707) ParNew: 280031K->146K(314560K)
[193.578s][info][gc,heap        ] GC(707) CMS: 5551K->5780K(699072K)
[193.578s][info][gc,metaspace   ] GC(707) Metaspace: 23014K(23936K)->23014K(23936K) NonClass: 20237K(20736K)->20237K(20736K) Class: 2776K(3200K)->2776K(3200K)
[193.578s][info][gc             ] GC(707) Pause Young (Allocation Failure) 278M->5M(989M) 1.455ms
[193.578s][info][gc,cpu         ] GC(707) User=0.00s Sys=0.00s Real=0.00s
[193.863s][info][gc,start       ] GC(708) Pause Young (Allocation Failure)
[193.863s][info][gc,task        ] GC(708) Using 6 workers of 6 for evacuation
[193.864s][info][gc,heap        ] GC(708) ParNew: 279762K->84K(314560K)
[193.864s][info][gc,heap        ] GC(708) CMS: 5780K->5787K(699072K)
[193.864s][info][gc,metaspace   ] GC(708) Metaspace: 23014K(23936K)->23014K(23936K) NonClass: 20237K(20736K)->20237K(20736K) Class: 2776K(3200K)->2776K(3200K)
[193.864s][info][gc             ] GC(708) Pause Young (Allocation Failure) 278M->5M(989M) 1.235ms
[193.864s][info][gc,cpu         ] GC(708) User=0.00s Sys=0.00s Real=0.00s
[194.082s][info][gc,start       ] GC(709) Pause Full (System.gc())
[194.082s][info][gc,phases,start] GC(709) Phase 1: Mark live objects
[194.088s][info][gc,phases      ] GC(709) Phase 1: Mark live objects 5.644ms
[194.088s][info][gc,phases,start] GC(709) Phase 2: Compute new object addresses
[194.110s][info][gc,phases      ] GC(709) Phase 2: Compute new object addresses 22.456ms
[194.110s][info][gc,phases,start] GC(709) Phase 3: Adjust pointers
[194.115s][info][gc,phases      ] GC(709) Phase 3: Adjust pointers 4.352ms
[194.115s][info][gc,phases,start] GC(709) Phase 4: Move objects
[194.115s][info][gc,phases      ] GC(709) Phase 4: Move objects 0.091ms
[194.115s][info][gc,heap        ] GC(709) ParNew: 170456K->0K(314560K)
[194.115s][info][gc,heap        ] GC(709) CMS: 5787K->5552K(699072K)
[194.115s][info][gc,metaspace   ] GC(709) Metaspace: 23014K(23936K)->23014K(23936K) NonClass: 20237K(20736K)->20237K(20736K) Class: 2776K(3200K)->2776K(3200K)
[194.115s][info][gc             ] GC(709) Pause Full (System.gc()) 172M->5M(989M) 33.493ms
[194.115s][info][gc,cpu         ] GC(709) User=0.03s Sys=0.00s Real=0.03s
[194.400s][info][gc,start       ] GC(710) Pause Young (Allocation Failure)
[194.400s][info][gc,task        ] GC(710) Using 6 workers of 6 for evacuation
[194.401s][info][gc,heap        ] GC(710) ParNew: 279616K->226K(314560K)
[194.401s][info][gc,heap        ] GC(710) CMS: 5552K->5552K(699072K)
[194.401s][info][gc,metaspace   ] GC(710) Metaspace: 23014K(23936K)->23014K(23936K) NonClass: 20237K(20736K)->20237K(20736K) Class: 2776K(3200K)->2776K(3200K)
[194.401s][info][gc             ] GC(710) Pause Young (Allocation Failure) 278M->5M(989M) 1.629ms
[194.402s][info][gc,cpu         ] GC(710) User=0.00s Sys=0.00s Real=0.00s
[194.695s][info][gc,start       ] GC(711) Pause Young (Allocation Failure)
[194.695s][info][gc,task        ] GC(711) Using 6 workers of 6 for evacuation
[194.696s][info][gc,heap        ] GC(711) ParNew: 279842K->248K(314560K)
[194.696s][info][gc,heap        ] GC(711) CMS: 5552K->5552K(699072K)
[194.696s][info][gc,metaspace   ] GC(711) Metaspace: 23014K(23936K)->23014K(23936K) NonClass: 20237K(20736K)->20237K(20736K) Class: 2776K(3200K)->2776K(3200K)
[194.696s][info][gc             ] GC(711) Pause Young (Allocation Failure) 278M->5M(989M) 1.282ms
[194.696s][info][gc,cpu         ] GC(711) User=0.00s Sys=0.00s Real=0.00s
[194.988s][info][gc,start       ] GC(712) Pause Young (Allocation Failure)
[194.988s][info][gc,task        ] GC(712) Using 6 workers of 6 for evacuation
[194.989s][info][gc,heap        ] GC(712) ParNew: 279864K->281K(314560K)
[194.989s][info][gc,heap        ] GC(712) CMS: 5552K->5552K(699072K)
[194.989s][info][gc,metaspace   ] GC(712) Metaspace: 23014K(23936K)->23014K(23936K) NonClass: 20237K(20736K)->20237K(20736K) Class: 2776K(3200K)->2776K(3200K)
[194.989s][info][gc             ] GC(712) Pause Young (Allocation Failure) 278M->5M(989M) 1.421ms
[194.989s][info][gc,cpu         ] GC(712) User=0.00s Sys=0.00s Real=0.00s
[195.269s][info][gc,start       ] GC(713) Pause Young (Allocation Failure)
[195.269s][info][gc,task        ] GC(713) Using 6 workers of 6 for evacuation
[195.270s][info][gc,heap        ] GC(713) ParNew: 279897K->292K(314560K)
[195.270s][info][gc,heap        ] GC(713) CMS: 5552K->5552K(699072K)
[195.270s][info][gc,metaspace   ] GC(713) Metaspace: 23014K(23936K)->23014K(23936K) NonClass: 20237K(20736K)->20237K(20736K) Class: 2776K(3200K)->2776K(3200K)
[195.270s][info][gc             ] GC(713) Pause Young (Allocation Failure) 278M->5M(989M) 1.642ms
[195.270s][info][gc,cpu         ] GC(713) User=0.00s Sys=0.00s Real=0.00s
[195.554s][info][gc,start       ] GC(714) Pause Young (Allocation Failure)
[195.554s][info][gc,task        ] GC(714) Using 6 workers of 6 for evacuation
[195.556s][info][gc,heap        ] GC(714) ParNew: 279908K->366K(314560K)
[195.556s][info][gc,heap        ] GC(714) CMS: 5552K->5552K(699072K)
[195.556s][info][gc,metaspace   ] GC(714) Metaspace: 23014K(23936K)->23014K(23936K) NonClass: 20237K(20736K)->20237K(20736K) Class: 2776K(3200K)->2776K(3200K)
[195.556s][info][gc             ] GC(714) Pause Young (Allocation Failure) 278M->5M(989M) 1.576ms
[195.556s][info][gc,cpu         ] GC(714) User=0.00s Sys=0.00s Real=0.00s
[195.858s][info][gc,start       ] GC(715) Pause Young (Allocation Failure)
[195.858s][info][gc,task        ] GC(715) Using 6 workers of 6 for evacuation
[195.859s][info][gc,heap        ] GC(715) ParNew: 279982K->417K(314560K)
[195.859s][info][gc,heap        ] GC(715) CMS: 5552K->5552K(699072K)
[195.859s][info][gc,metaspace   ] GC(715) Metaspace: 23014K(23936K)->23014K(23936K) NonClass: 20237K(20736K)->20237K(20736K) Class: 2776K(3200K)->2776K(3200K)
[195.860s][info][gc             ] GC(715) Pause Young (Allocation Failure) 278M->5M(989M) 1.827ms
[195.860s][info][gc,cpu         ] GC(715) User=0.00s Sys=0.00s Real=0.00s
[196.172s][info][gc,start       ] GC(716) Pause Young (Allocation Failure)
[196.173s][info][gc,task        ] GC(716) Using 6 workers of 6 for evacuation
[196.174s][info][gc,heap        ] GC(716) ParNew: 280033K->153K(314560K)
[196.174s][info][gc,heap        ] GC(716) CMS: 5552K->5780K(699072K)
[196.174s][info][gc,metaspace   ] GC(716) Metaspace: 23014K(23936K)->23014K(23936K) NonClass: 20237K(20736K)->20237K(20736K) Class: 2776K(3200K)->2776K(3200K)
[196.174s][info][gc             ] GC(716) Pause Young (Allocation Failure) 278M->5M(989M) 1.519ms
[196.174s][info][gc,cpu         ] GC(716) User=0.00s Sys=0.00s Real=0.00s
[196.478s][info][gc,start       ] GC(717) Pause Young (Allocation Failure)
[196.478s][info][gc,task        ] GC(717) Using 6 workers of 6 for evacuation
[196.479s][info][gc,heap        ] GC(717) ParNew: 279769K->80K(314560K)
[196.479s][info][gc,heap        ] GC(717) CMS: 5780K->5787K(699072K)
[196.479s][info][gc,metaspace   ] GC(717) Metaspace: 23014K(23936K)->23014K(23936K) NonClass: 20237K(20736K)->20237K(20736K) Class: 2776K(3200K)->2776K(3200K)
[196.479s][info][gc             ] GC(717) Pause Young (Allocation Failure) 278M->5M(989M) 1.498ms
[196.479s][info][gc,cpu         ] GC(717) User=0.00s Sys=0.00s Real=0.00s
[196.715s][info][gc,start       ] GC(718) Pause Full (System.gc())
[196.715s][info][gc,phases,start] GC(718) Phase 1: Mark live objects
[196.721s][info][gc,phases      ] GC(718) Phase 1: Mark live objects 5.535ms
[196.721s][info][gc,phases,start] GC(718) Phase 2: Compute new object addresses
[196.745s][info][gc,phases      ] GC(718) Phase 2: Compute new object addresses 23.914ms
[196.745s][info][gc,phases,start] GC(718) Phase 3: Adjust pointers
[196.749s][info][gc,phases      ] GC(718) Phase 3: Adjust pointers 4.356ms
[196.749s][info][gc,phases,start] GC(718) Phase 4: Move objects
[196.749s][info][gc,phases      ] GC(718) Phase 4: Move objects 0.091ms
[196.750s][info][gc,heap        ] GC(718) ParNew: 191121K->0K(314560K)
[196.750s][info][gc,heap        ] GC(718) CMS: 5787K->5551K(699072K)
[196.750s][info][gc,metaspace   ] GC(718) Metaspace: 23014K(23936K)->23014K(23936K) NonClass: 20237K(20736K)->20237K(20736K) Class: 2776K(3200K)->2776K(3200K)
[196.750s][info][gc             ] GC(718) Pause Full (System.gc()) 192M->5M(989M) 34.809ms
[196.750s][info][gc,cpu         ] GC(718) User=0.03s Sys=0.00s Real=0.03s
[197.033s][info][gc,start       ] GC(719) Pause Young (Allocation Failure)
[197.033s][info][gc,task        ] GC(719) Using 6 workers of 6 for evacuation
[197.034s][info][gc,heap        ] GC(719) ParNew: 279616K->224K(314560K)
[197.034s][info][gc,heap        ] GC(719) CMS: 5551K->5551K(699072K)
[197.034s][info][gc,metaspace   ] GC(719) Metaspace: 23014K(23936K)->23014K(23936K) NonClass: 20237K(20736K)->20237K(20736K) Class: 2776K(3200K)->2776K(3200K)
[197.034s][info][gc             ] GC(719) Pause Young (Allocation Failure) 278M->5M(989M) 1.325ms
[197.034s][info][gc,cpu         ] GC(719) User=0.00s Sys=0.00s Real=0.00s
[197.333s][info][gc,start       ] GC(720) Pause Young (Allocation Failure)
[197.333s][info][gc,task        ] GC(720) Using 6 workers of 6 for evacuation
[197.334s][info][gc,heap        ] GC(720) ParNew: 279840K->239K(314560K)
[197.334s][info][gc,heap        ] GC(720) CMS: 5551K->5551K(699072K)
[197.334s][info][gc,metaspace   ] GC(720) Metaspace: 23014K(23936K)->23014K(23936K) NonClass: 20237K(20736K)->20237K(20736K) Class: 2776K(3200K)->2776K(3200K)
[197.334s][info][gc             ] GC(720) Pause Young (Allocation Failure) 278M->5M(989M) 1.361ms
[197.334s][info][gc,cpu         ] GC(720) User=0.00s Sys=0.00s Real=0.00s
[197.616s][info][gc,start       ] GC(721) Pause Young (Allocation Failure)
[197.616s][info][gc,task        ] GC(721) Using 6 workers of 6 for evacuation
[197.617s][info][gc,heap        ] GC(721) ParNew: 279855K->284K(314560K)
[197.617s][info][gc,heap        ] GC(721) CMS: 5551K->5551K(699072K)
[197.617s][info][gc,metaspace   ] GC(721) Metaspace: 23014K(23936K)->23014K(23936K) NonClass: 20237K(20736K)->20237K(20736K) Class: 2776K(3200K)->2776K(3200K)
[197.617s][info][gc             ] GC(721) Pause Young (Allocation Failure) 278M->5M(989M) 1.368ms
[197.617s][info][gc,cpu         ] GC(721) User=0.00s Sys=0.00s Real=0.00s
[197.949s][info][gc,start       ] GC(722) Pause Young (Allocation Failure)
[197.949s][info][gc,task        ] GC(722) Using 6 workers of 6 for evacuation
[197.951s][info][gc,heap        ] GC(722) ParNew: 279900K->317K(314560K)
[197.951s][info][gc,heap        ] GC(722) CMS: 5551K->5551K(699072K)
[197.951s][info][gc,metaspace   ] GC(722) Metaspace: 23014K(23936K)->23014K(23936K) NonClass: 20237K(20736K)->20237K(20736K) Class: 2776K(3200K)->2776K(3200K)
[197.951s][info][gc             ] GC(722) Pause Young (Allocation Failure) 278M->5M(989M) 1.357ms
[197.951s][info][gc,cpu         ] GC(722) User=0.00s Sys=0.00s Real=0.00s
[198.216s][info][gc,start       ] GC(723) Pause Young (Allocation Failure)
[198.217s][info][gc,task        ] GC(723) Using 6 workers of 6 for evacuation
[198.218s][info][gc,heap        ] GC(723) ParNew: 279933K->365K(314560K)
[198.218s][info][gc,heap        ] GC(723) CMS: 5551K->5551K(699072K)
[198.218s][info][gc,metaspace   ] GC(723) Metaspace: 23014K(23936K)->23014K(23936K) NonClass: 20237K(20736K)->20237K(20736K) Class: 2776K(3200K)->2776K(3200K)
[198.218s][info][gc             ] GC(723) Pause Young (Allocation Failure) 278M->5M(989M) 1.216ms
[198.218s][info][gc,cpu         ] GC(723) User=0.00s Sys=0.00s Real=0.00s
[198.484s][info][gc,start       ] GC(724) Pause Young (Allocation Failure)
[198.484s][info][gc,task        ] GC(724) Using 6 workers of 6 for evacuation
[198.486s][info][gc,heap        ] GC(724) ParNew: 279981K->397K(314560K)
[198.486s][info][gc,heap        ] GC(724) CMS: 5551K->5551K(699072K)
[198.486s][info][gc,metaspace   ] GC(724) Metaspace: 23014K(23936K)->23014K(23936K) NonClass: 20237K(20736K)->20237K(20736K) Class: 2776K(3200K)->2776K(3200K)
[198.486s][info][gc             ] GC(724) Pause Young (Allocation Failure) 278M->5M(989M) 1.508ms
[198.486s][info][gc,cpu         ] GC(724) User=0.00s Sys=0.00s Real=0.00s
[198.759s][info][gc,start       ] GC(725) Pause Young (Allocation Failure)
[198.759s][info][gc,task        ] GC(725) Using 6 workers of 6 for evacuation
[198.760s][info][gc,heap        ] GC(725) ParNew: 280013K->230K(314560K)
[198.760s][info][gc,heap        ] GC(725) CMS: 5551K->5780K(699072K)
[198.760s][info][gc,metaspace   ] GC(725) Metaspace: 23014K(23936K)->23014K(23936K) NonClass: 20237K(20736K)->20237K(20736K) Class: 2776K(3200K)->2776K(3200K)
[198.760s][info][gc             ] GC(725) Pause Young (Allocation Failure) 278M->5M(989M) 1.183ms
[198.760s][info][gc,cpu         ] GC(725) User=0.00s Sys=0.00s Real=0.00s
[199.077s][info][gc,start       ] GC(726) Pause Young (Allocation Failure)
[199.077s][info][gc,task        ] GC(726) Using 6 workers of 6 for evacuation
[199.078s][info][gc,heap        ] GC(726) ParNew: 279846K->87K(314560K)
[199.078s][info][gc,heap        ] GC(726) CMS: 5780K->5787K(699072K)
[199.078s][info][gc,metaspace   ] GC(726) Metaspace: 23014K(23936K)->23014K(23936K) NonClass: 20237K(20736K)->20237K(20736K) Class: 2776K(3200K)->2776K(3200K)
[199.078s][info][gc             ] GC(726) Pause Young (Allocation Failure) 278M->5M(989M) 0.902ms
[199.078s][info][gc,cpu         ] GC(726) User=0.00s Sys=0.00s Real=0.00s
[199.329s][info][gc,start       ] GC(727) Pause Full (System.gc())
[199.329s][info][gc,phases,start] GC(727) Phase 1: Mark live objects
[199.335s][info][gc,phases      ] GC(727) Phase 1: Mark live objects 6.158ms
[199.336s][info][gc,phases,start] GC(727) Phase 2: Compute new object addresses
[199.358s][info][gc,phases      ] GC(727) Phase 2: Compute new object addresses 22.228ms
[199.358s][info][gc,phases,start] GC(727) Phase 3: Adjust pointers
[199.362s][info][gc,phases      ] GC(727) Phase 3: Adjust pointers 4.126ms
[199.362s][info][gc,phases,start] GC(727) Phase 4: Move objects
[199.362s][info][gc,phases      ] GC(727) Phase 4: Move objects 0.093ms
[199.363s][info][gc,heap        ] GC(727) ParNew: 166610K->0K(314560K)
[199.363s][info][gc,heap        ] GC(727) CMS: 5787K->5552K(699072K)
[199.363s][info][gc,metaspace   ] GC(727) Metaspace: 23014K(23936K)->23014K(23936K) NonClass: 20237K(20736K)->20237K(20736K) Class: 2776K(3200K)->2776K(3200K)
[199.363s][info][gc             ] GC(727) Pause Full (System.gc()) 168M->5M(989M) 33.544ms
[199.363s][info][gc,cpu         ] GC(727) User=0.00s Sys=0.00s Real=0.03s
[199.658s][info][gc,start       ] GC(728) Pause Young (Allocation Failure)
[199.658s][info][gc,task        ] GC(728) Using 6 workers of 6 for evacuation
[199.660s][info][gc,heap        ] GC(728) ParNew: 279616K->237K(314560K)
[199.660s][info][gc,heap        ] GC(728) CMS: 5552K->5552K(699072K)
[199.660s][info][gc,metaspace   ] GC(728) Metaspace: 23014K(23936K)->23014K(23936K) NonClass: 20237K(20736K)->20237K(20736K) Class: 2776K(3200K)->2776K(3200K)
[199.660s][info][gc             ] GC(728) Pause Young (Allocation Failure) 278M->5M(989M) 1.335ms
[199.660s][info][gc,cpu         ] GC(728) User=0.00s Sys=0.00s Real=0.00s
[199.966s][info][gc,start       ] GC(729) Pause Young (Allocation Failure)
[199.966s][info][gc,task        ] GC(729) Using 6 workers of 6 for evacuation
[199.968s][info][gc,heap        ] GC(729) ParNew: 279853K->272K(314560K)
[199.968s][info][gc,heap        ] GC(729) CMS: 5552K->5552K(699072K)
[199.968s][info][gc,metaspace   ] GC(729) Metaspace: 23014K(23936K)->23014K(23936K) NonClass: 20237K(20736K)->20237K(20736K) Class: 2776K(3200K)->2776K(3200K)
[199.968s][info][gc             ] GC(729) Pause Young (Allocation Failure) 278M->5M(989M) 1.446ms
[199.968s][info][gc,cpu         ] GC(729) User=0.00s Sys=0.00s Real=0.00s
[200.263s][info][gc,start       ] GC(730) Pause Young (Allocation Failure)
[200.263s][info][gc,task        ] GC(730) Using 6 workers of 6 for evacuation
[200.264s][info][gc,heap        ] GC(730) ParNew: 279888K->301K(314560K)
[200.264s][info][gc,heap        ] GC(730) CMS: 5552K->5552K(699072K)
[200.264s][info][gc,metaspace   ] GC(730) Metaspace: 23014K(23936K)->23014K(23936K) NonClass: 20237K(20736K)->20237K(20736K) Class: 2776K(3200K)->2776K(3200K)
[200.264s][info][gc             ] GC(730) Pause Young (Allocation Failure) 278M->5M(989M) 1.584ms
[200.264s][info][gc,cpu         ] GC(730) User=0.00s Sys=0.00s Real=0.00s
[200.545s][info][gc,start       ] GC(731) Pause Young (Allocation Failure)
[200.545s][info][gc,task        ] GC(731) Using 6 workers of 6 for evacuation
[200.546s][info][gc,heap        ] GC(731) ParNew: 279917K->334K(314560K)
[200.546s][info][gc,heap        ] GC(731) CMS: 5552K->5552K(699072K)
[200.546s][info][gc,metaspace   ] GC(731) Metaspace: 23014K(23936K)->23014K(23936K) NonClass: 20237K(20736K)->20237K(20736K) Class: 2776K(3200K)->2776K(3200K)
[200.546s][info][gc             ] GC(731) Pause Young (Allocation Failure) 278M->5M(989M) 1.693ms
[200.546s][info][gc,cpu         ] GC(731) User=0.00s Sys=0.00s Real=0.00s
[200.807s][info][gc,start       ] GC(732) Pause Young (Allocation Failure)
[200.807s][info][gc,task        ] GC(732) Using 6 workers of 6 for evacuation
[200.808s][info][gc,heap        ] GC(732) ParNew: 279950K->375K(314560K)
[200.808s][info][gc,heap        ] GC(732) CMS: 5552K->5552K(699072K)
[200.808s][info][gc,metaspace   ] GC(732) Metaspace: 23014K(23936K)->23014K(23936K) NonClass: 20237K(20736K)->20237K(20736K) Class: 2776K(3200K)->2776K(3200K)
[200.809s][info][gc             ] GC(732) Pause Young (Allocation Failure) 278M->5M(989M) 1.381ms
[200.809s][info][gc,cpu         ] GC(732) User=0.02s Sys=0.00s Real=0.00s
[201.124s][info][gc,start       ] GC(733) Pause Young (Allocation Failure)
[201.124s][info][gc,task        ] GC(733) Using 6 workers of 6 for evacuation
[201.126s][info][gc,heap        ] GC(733) ParNew: 279991K->411K(314560K)
[201.126s][info][gc,heap        ] GC(733) CMS: 5552K->5552K(699072K)
[201.126s][info][gc,metaspace   ] GC(733) Metaspace: 23014K(23936K)->23014K(23936K) NonClass: 20237K(20736K)->20237K(20736K) Class: 2776K(3200K)->2776K(3200K)
[201.126s][info][gc             ] GC(733) Pause Young (Allocation Failure) 278M->5M(989M) 1.163ms
[201.126s][info][gc,cpu         ] GC(733) User=0.00s Sys=0.00s Real=0.00s
[201.394s][info][gc,start       ] GC(734) Pause Young (Allocation Failure)
[201.394s][info][gc,task        ] GC(734) Using 6 workers of 6 for evacuation
[201.395s][info][gc,heap        ] GC(734) ParNew: 280027K->152K(314560K)
[201.395s][info][gc,heap        ] GC(734) CMS: 5552K->5780K(699072K)
[201.395s][info][gc,metaspace   ] GC(734) Metaspace: 23014K(23936K)->23014K(23936K) NonClass: 20237K(20736K)->20237K(20736K) Class: 2776K(3200K)->2776K(3200K)
[201.395s][info][gc             ] GC(734) Pause Young (Allocation Failure) 278M->5M(989M) 1.470ms
[201.395s][info][gc,cpu         ] GC(734) User=0.00s Sys=0.00s Real=0.00s
[201.695s][info][gc,start       ] GC(735) Pause Young (Allocation Failure)
[201.695s][info][gc,task        ] GC(735) Using 6 workers of 6 for evacuation
[201.697s][info][gc,heap        ] GC(735) ParNew: 279768K->79K(314560K)
[201.697s][info][gc,heap        ] GC(735) CMS: 5780K->5788K(699072K)
[201.697s][info][gc,metaspace   ] GC(735) Metaspace: 23014K(23936K)->23014K(23936K) NonClass: 20237K(20736K)->20237K(20736K) Class: 2776K(3200K)->2776K(3200K)
[201.697s][info][gc             ] GC(735) Pause Young (Allocation Failure) 278M->5M(989M) 1.522ms
[201.697s][info][gc,cpu         ] GC(735) User=0.00s Sys=0.00s Real=0.00s
[201.986s][info][gc,start       ] GC(736) Pause Full (System.gc())
[201.986s][info][gc,phases,start] GC(736) Phase 1: Mark live objects
[201.992s][info][gc,phases      ] GC(736) Phase 1: Mark live objects 5.951ms
[201.992s][info][gc,phases,start] GC(736) Phase 2: Compute new object addresses
[202.023s][info][gc,phases      ] GC(736) Phase 2: Compute new object addresses 30.147ms
[202.023s][info][gc,phases,start] GC(736) Phase 3: Adjust pointers
[202.027s][info][gc,phases      ] GC(736) Phase 3: Adjust pointers 4.082ms
[202.027s][info][gc,phases,start] GC(736) Phase 4: Move objects
[202.027s][info][gc,phases      ] GC(736) Phase 4: Move objects 0.091ms
[202.027s][info][gc,heap        ] GC(736) ParNew: 244075K->0K(314560K)
[202.027s][info][gc,heap        ] GC(736) CMS: 5788K->5551K(699072K)
[202.027s][info][gc,metaspace   ] GC(736) Metaspace: 23014K(23936K)->23014K(23936K) NonClass: 20237K(20736K)->20237K(20736K) Class: 2776K(3200K)->2776K(3200K)
[202.028s][info][gc             ] GC(736) Pause Full (System.gc()) 244M->5M(989M) 41.224ms
[202.028s][info][gc,cpu         ] GC(736) User=0.05s Sys=0.00s Real=0.05s
[202.311s][info][gc,start       ] GC(737) Pause Young (Allocation Failure)
[202.311s][info][gc,task        ] GC(737) Using 6 workers of 6 for evacuation
[202.313s][info][gc,heap        ] GC(737) ParNew: 279616K->229K(314560K)
[202.313s][info][gc,heap        ] GC(737) CMS: 5551K->5551K(699072K)
[202.313s][info][gc,metaspace   ] GC(737) Metaspace: 23014K(23936K)->23014K(23936K) NonClass: 20237K(20736K)->20237K(20736K) Class: 2776K(3200K)->2776K(3200K)
[202.313s][info][gc             ] GC(737) Pause Young (Allocation Failure) 278M->5M(989M) 1.567ms
[202.313s][info][gc,cpu         ] GC(737) User=0.00s Sys=0.00s Real=0.00s
[202.603s][info][gc,start       ] GC(738) Pause Young (Allocation Failure)
[202.603s][info][gc,task        ] GC(738) Using 6 workers of 6 for evacuation
[202.605s][info][gc,heap        ] GC(738) ParNew: 279845K->244K(314560K)
[202.605s][info][gc,heap        ] GC(738) CMS: 5551K->5551K(699072K)
[202.605s][info][gc,metaspace   ] GC(738) Metaspace: 23014K(23936K)->23014K(23936K) NonClass: 20237K(20736K)->20237K(20736K) Class: 2776K(3200K)->2776K(3200K)
[202.605s][info][gc             ] GC(738) Pause Young (Allocation Failure) 278M->5M(989M) 1.335ms
[202.605s][info][gc,cpu         ] GC(738) User=0.02s Sys=0.00s Real=0.00s
[202.900s][info][gc,start       ] GC(739) Pause Young (Allocation Failure)
[202.900s][info][gc,task        ] GC(739) Using 6 workers of 6 for evacuation
[202.901s][info][gc,heap        ] GC(739) ParNew: 279860K->284K(314560K)
[202.901s][info][gc,heap        ] GC(739) CMS: 5551K->5551K(699072K)
[202.901s][info][gc,metaspace   ] GC(739) Metaspace: 23014K(23936K)->23014K(23936K) NonClass: 20237K(20736K)->20237K(20736K) Class: 2776K(3200K)->2776K(3200K)
[202.901s][info][gc             ] GC(739) Pause Young (Allocation Failure) 278M->5M(989M) 1.335ms
[202.901s][info][gc,cpu         ] GC(739) User=0.00s Sys=0.00s Real=0.00s
[203.174s][info][gc,start       ] GC(740) Pause Young (Allocation Failure)
[203.174s][info][gc,task        ] GC(740) Using 6 workers of 6 for evacuation
[203.175s][info][gc,heap        ] GC(740) ParNew: 279900K->323K(314560K)
[203.175s][info][gc,heap        ] GC(740) CMS: 5551K->5551K(699072K)
[203.175s][info][gc,metaspace   ] GC(740) Metaspace: 23014K(23936K)->23014K(23936K) NonClass: 20237K(20736K)->20237K(20736K) Class: 2776K(3200K)->2776K(3200K)
[203.175s][info][gc             ] GC(740) Pause Young (Allocation Failure) 278M->5M(989M) 1.544ms
[203.175s][info][gc,cpu         ] GC(740) User=0.00s Sys=0.00s Real=0.00s
[203.482s][info][gc,start       ] GC(741) Pause Young (Allocation Failure)
[203.482s][info][gc,task        ] GC(741) Using 6 workers of 6 for evacuation
[203.483s][info][gc,heap        ] GC(741) ParNew: 279939K->352K(314560K)
[203.483s][info][gc,heap        ] GC(741) CMS: 5551K->5551K(699072K)
[203.483s][info][gc,metaspace   ] GC(741) Metaspace: 23014K(23936K)->23014K(23936K) NonClass: 20237K(20736K)->20237K(20736K) Class: 2776K(3200K)->2776K(3200K)
[203.483s][info][gc             ] GC(741) Pause Young (Allocation Failure) 278M->5M(989M) 1.431ms
[203.483s][info][gc,cpu         ] GC(741) User=0.00s Sys=0.00s Real=0.00s
[203.758s][info][gc,start       ] GC(742) Pause Young (Allocation Failure)
[203.758s][info][gc,task        ] GC(742) Using 6 workers of 6 for evacuation
[203.759s][info][gc,heap        ] GC(742) ParNew: 279968K->392K(314560K)
[203.759s][info][gc,heap        ] GC(742) CMS: 5551K->5551K(699072K)
[203.759s][info][gc,metaspace   ] GC(742) Metaspace: 23014K(23936K)->23014K(23936K) NonClass: 20237K(20736K)->20237K(20736K) Class: 2776K(3200K)->2776K(3200K)
[203.759s][info][gc             ] GC(742) Pause Young (Allocation Failure) 278M->5M(989M) 1.312ms
[203.759s][info][gc,cpu         ] GC(742) User=0.00s Sys=0.00s Real=0.00s
[204.043s][info][gc,start       ] GC(743) Pause Young (Allocation Failure)
[204.043s][info][gc,task        ] GC(743) Using 6 workers of 6 for evacuation
[204.045s][info][gc,heap        ] GC(743) ParNew: 280008K->227K(314560K)
[204.045s][info][gc,heap        ] GC(743) CMS: 5551K->5780K(699072K)
[204.045s][info][gc,metaspace   ] GC(743) Metaspace: 23014K(23936K)->23014K(23936K) NonClass: 20237K(20736K)->20237K(20736K) Class: 2776K(3200K)->2776K(3200K)
[204.045s][info][gc             ] GC(743) Pause Young (Allocation Failure) 278M->5M(989M) 1.421ms
[204.045s][info][gc,cpu         ] GC(743) User=0.00s Sys=0.00s Real=0.00s
[204.348s][info][gc,start       ] GC(744) Pause Young (Allocation Failure)
[204.348s][info][gc,task        ] GC(744) Using 6 workers of 6 for evacuation
[204.350s][info][gc,heap        ] GC(744) ParNew: 279843K->97K(314560K)
[204.350s][info][gc,heap        ] GC(744) CMS: 5780K->5787K(699072K)
[204.350s][info][gc,metaspace   ] GC(744) Metaspace: 23014K(23936K)->23014K(23936K) NonClass: 20237K(20736K)->20237K(20736K) Class: 2776K(3200K)->2776K(3200K)
[204.350s][info][gc             ] GC(744) Pause Young (Allocation Failure) 278M->5M(989M) 1.568ms
[204.350s][info][gc,cpu         ] GC(744) User=0.00s Sys=0.00s Real=0.00s
[204.621s][info][gc,start       ] GC(745) Pause Full (System.gc())
[204.621s][info][gc,phases,start] GC(745) Phase 1: Mark live objects
[204.627s][info][gc,phases      ] GC(745) Phase 1: Mark live objects 5.726ms
[204.627s][info][gc,phases,start] GC(745) Phase 2: Compute new object addresses
[204.655s][info][gc,phases      ] GC(745) Phase 2: Compute new object addresses 28.198ms
[204.655s][info][gc,phases,start] GC(745) Phase 3: Adjust pointers
[204.659s][info][gc,phases      ] GC(745) Phase 3: Adjust pointers 4.258ms
[204.659s][info][gc,phases,start] GC(745) Phase 4: Move objects
[204.660s][info][gc,phases      ] GC(745) Phase 4: Move objects 0.093ms
[204.660s][info][gc,heap        ] GC(745) ParNew: 216108K->0K(314560K)
[204.660s][info][gc,heap        ] GC(745) CMS: 5787K->5552K(699072K)
[204.660s][info][gc,metaspace   ] GC(745) Metaspace: 23014K(23936K)->23014K(23936K) NonClass: 20237K(20736K)->20237K(20736K) Class: 2776K(3200K)->2776K(3200K)
[204.660s][info][gc             ] GC(745) Pause Full (System.gc()) 216M->5M(989M) 39.210ms
[204.660s][info][gc,cpu         ] GC(745) User=0.00s Sys=0.00s Real=0.03s
[204.948s][info][gc,start       ] GC(746) Pause Young (Allocation Failure)
[204.948s][info][gc,task        ] GC(746) Using 6 workers of 6 for evacuation
[204.949s][info][gc,heap        ] GC(746) ParNew: 279616K->244K(314560K)
[204.949s][info][gc,heap        ] GC(746) CMS: 5552K->5552K(699072K)
[204.949s][info][gc,metaspace   ] GC(746) Metaspace: 23014K(23936K)->23014K(23936K) NonClass: 20237K(20736K)->20237K(20736K) Class: 2776K(3200K)->2776K(3200K)
[204.949s][info][gc             ] GC(746) Pause Young (Allocation Failure) 278M->5M(989M) 1.467ms
[204.949s][info][gc,cpu         ] GC(746) User=0.00s Sys=0.00s Real=0.00s
[205.219s][info][gc,start       ] GC(747) Pause Young (Allocation Failure)
[205.219s][info][gc,task        ] GC(747) Using 6 workers of 6 for evacuation
[205.221s][info][gc,heap        ] GC(747) ParNew: 279860K->267K(314560K)
[205.221s][info][gc,heap        ] GC(747) CMS: 5552K->5552K(699072K)
[205.221s][info][gc,metaspace   ] GC(747) Metaspace: 23014K(23936K)->23014K(23936K) NonClass: 20237K(20736K)->20237K(20736K) Class: 2776K(3200K)->2776K(3200K)
[205.221s][info][gc             ] GC(747) Pause Young (Allocation Failure) 278M->5M(989M) 1.312ms
[205.221s][info][gc,cpu         ] GC(747) User=0.00s Sys=0.00s Real=0.00s
[205.498s][info][gc,start       ] GC(748) Pause Young (Allocation Failure)
[205.498s][info][gc,task        ] GC(748) Using 6 workers of 6 for evacuation
[205.499s][info][gc,heap        ] GC(748) ParNew: 279883K->287K(314560K)
[205.499s][info][gc,heap        ] GC(748) CMS: 5552K->5552K(699072K)
[205.499s][info][gc,metaspace   ] GC(748) Metaspace: 23014K(23936K)->23014K(23936K) NonClass: 20237K(20736K)->20237K(20736K) Class: 2776K(3200K)->2776K(3200K)
[205.499s][info][gc             ] GC(748) Pause Young (Allocation Failure) 278M->5M(989M) 1.551ms
[205.499s][info][gc,cpu         ] GC(748) User=0.00s Sys=0.00s Real=0.00s
[205.784s][info][gc,start       ] GC(749) Pause Young (Allocation Failure)
[205.784s][info][gc,task        ] GC(749) Using 6 workers of 6 for evacuation
[205.786s][info][gc,heap        ] GC(749) ParNew: 279903K->338K(314560K)
[205.786s][info][gc,heap        ] GC(749) CMS: 5552K->5552K(699072K)
[205.786s][info][gc,metaspace   ] GC(749) Metaspace: 23014K(23936K)->23014K(23936K) NonClass: 20237K(20736K)->20237K(20736K) Class: 2776K(3200K)->2776K(3200K)
[205.786s][info][gc             ] GC(749) Pause Young (Allocation Failure) 278M->5M(989M) 1.544ms
[205.786s][info][gc,cpu         ] GC(749) User=0.00s Sys=0.00s Real=0.00s
[206.072s][info][gc,start       ] GC(750) Pause Young (Allocation Failure)
[206.072s][info][gc,task        ] GC(750) Using 6 workers of 6 for evacuation
[206.073s][info][gc,heap        ] GC(750) ParNew: 279954K->385K(314560K)
[206.073s][info][gc,heap        ] GC(750) CMS: 5552K->5552K(699072K)
[206.073s][info][gc,metaspace   ] GC(750) Metaspace: 23014K(23936K)->23014K(23936K) NonClass: 20237K(20736K)->20237K(20736K) Class: 2776K(3200K)->2776K(3200K)
[206.073s][info][gc             ] GC(750) Pause Young (Allocation Failure) 278M->5M(989M) 1.706ms
[206.073s][info][gc,cpu         ] GC(750) User=0.00s Sys=0.00s Real=0.00s
[206.343s][info][gc,start       ] GC(751) Pause Young (Allocation Failure)
[206.344s][info][gc,task        ] GC(751) Using 6 workers of 6 for evacuation
[206.345s][info][gc,heap        ] GC(751) ParNew: 280001K->382K(314560K)
[206.345s][info][gc,heap        ] GC(751) CMS: 5552K->5552K(699072K)
[206.345s][info][gc,metaspace   ] GC(751) Metaspace: 23014K(23936K)->23014K(23936K) NonClass: 20237K(20736K)->20237K(20736K) Class: 2776K(3200K)->2776K(3200K)
[206.345s][info][gc             ] GC(751) Pause Young (Allocation Failure) 278M->5M(989M) 1.471ms
[206.345s][info][gc,cpu         ] GC(751) User=0.00s Sys=0.00s Real=0.00s
[206.601s][info][gc,start       ] GC(752) Pause Young (Allocation Failure)
[206.601s][info][gc,task        ] GC(752) Using 6 workers of 6 for evacuation
[206.603s][info][gc,heap        ] GC(752) ParNew: 279998K->275K(314560K)
[206.603s][info][gc,heap        ] GC(752) CMS: 5552K->5780K(699072K)
[206.603s][info][gc,metaspace   ] GC(752) Metaspace: 23014K(23936K)->23014K(23936K) NonClass: 20237K(20736K)->20237K(20736K) Class: 2776K(3200K)->2776K(3200K)
[206.603s][info][gc             ] GC(752) Pause Young (Allocation Failure) 278M->5M(989M) 1.425ms
[206.603s][info][gc,cpu         ] GC(752) User=0.00s Sys=0.00s Real=0.00s
[206.922s][info][gc,start       ] GC(753) Pause Young (Allocation Failure)
[206.922s][info][gc,task        ] GC(753) Using 6 workers of 6 for evacuation
[206.924s][info][gc,heap        ] GC(753) ParNew: 279891K->88K(314560K)
[206.924s][info][gc,heap        ] GC(753) CMS: 5780K->5787K(699072K)
[206.924s][info][gc,metaspace   ] GC(753) Metaspace: 23014K(23936K)->23014K(23936K) NonClass: 20237K(20736K)->20237K(20736K) Class: 2776K(3200K)->2776K(3200K)
[206.924s][info][gc             ] GC(753) Pause Young (Allocation Failure) 278M->5M(989M) 1.481ms
[206.924s][info][gc,cpu         ] GC(753) User=0.00s Sys=0.00s Real=0.00s
[207.230s][info][gc,start       ] GC(754) Pause Full (System.gc())
[207.230s][info][gc,phases,start] GC(754) Phase 1: Mark live objects
[207.236s][info][gc,phases      ] GC(754) Phase 1: Mark live objects 5.979ms
[207.236s][info][gc,phases,start] GC(754) Phase 2: Compute new object addresses
[207.267s][info][gc,phases      ] GC(754) Phase 2: Compute new object addresses 30.455ms
[207.267s][info][gc,phases,start] GC(754) Phase 3: Adjust pointers
[207.271s][info][gc,phases      ] GC(754) Phase 3: Adjust pointers 4.355ms
[207.271s][info][gc,phases,start] GC(754) Phase 4: Move objects
[207.271s][info][gc,phases      ] GC(754) Phase 4: Move objects 0.091ms
[207.272s][info][gc,heap        ] GC(754) ParNew: 230298K->0K(314560K)
[207.272s][info][gc,heap        ] GC(754) CMS: 5787K->5551K(699072K)
[207.272s][info][gc,metaspace   ] GC(754) Metaspace: 23014K(23936K)->23014K(23936K) NonClass: 20237K(20736K)->20237K(20736K) Class: 2776K(3200K)->2776K(3200K)
[207.272s][info][gc             ] GC(754) Pause Full (System.gc()) 230M->5M(989M) 41.814ms
[207.272s][info][gc,cpu         ] GC(754) User=0.03s Sys=0.00s Real=0.05s
[207.558s][info][gc,start       ] GC(755) Pause Young (Allocation Failure)
[207.558s][info][gc,task        ] GC(755) Using 6 workers of 6 for evacuation
[207.559s][info][gc,heap        ] GC(755) ParNew: 279616K->241K(314560K)
[207.559s][info][gc,heap        ] GC(755) CMS: 5551K->5551K(699072K)
[207.559s][info][gc,metaspace   ] GC(755) Metaspace: 23015K(23936K)->23015K(23936K) NonClass: 20238K(20736K)->20238K(20736K) Class: 2776K(3200K)->2776K(3200K)
[207.559s][info][gc             ] GC(755) Pause Young (Allocation Failure) 278M->5M(989M) 1.361ms
[207.559s][info][gc,cpu         ] GC(755) User=0.00s Sys=0.00s Real=0.00s
[207.847s][info][gc,start       ] GC(756) Pause Young (Allocation Failure)
[207.847s][info][gc,task        ] GC(756) Using 6 workers of 6 for evacuation
[207.849s][info][gc,heap        ] GC(756) ParNew: 279857K->260K(314560K)
[207.849s][info][gc,heap        ] GC(756) CMS: 5551K->5551K(699072K)
[207.849s][info][gc,metaspace   ] GC(756) Metaspace: 23015K(23936K)->23015K(23936K) NonClass: 20238K(20736K)->20238K(20736K) Class: 2776K(3200K)->2776K(3200K)
[207.849s][info][gc             ] GC(756) Pause Young (Allocation Failure) 278M->5M(989M) 1.490ms
[207.849s][info][gc,cpu         ] GC(756) User=0.00s Sys=0.00s Real=0.00s
[208.132s][info][gc,start       ] GC(757) Pause Young (Allocation Failure)
[208.132s][info][gc,task        ] GC(757) Using 6 workers of 6 for evacuation
[208.133s][info][gc,heap        ] GC(757) ParNew: 279876K->265K(314560K)
[208.133s][info][gc,heap        ] GC(757) CMS: 5551K->5551K(699072K)
[208.133s][info][gc,metaspace   ] GC(757) Metaspace: 23015K(23936K)->23015K(23936K) NonClass: 20238K(20736K)->20238K(20736K) Class: 2776K(3200K)->2776K(3200K)
[208.133s][info][gc             ] GC(757) Pause Young (Allocation Failure) 278M->5M(989M) 1.126ms
[208.134s][info][gc,cpu         ] GC(757) User=0.00s Sys=0.00s Real=0.00s
[208.407s][info][gc,start       ] GC(758) Pause Young (Allocation Failure)
[208.407s][info][gc,task        ] GC(758) Using 6 workers of 6 for evacuation
[208.408s][info][gc,heap        ] GC(758) ParNew: 279881K->348K(314560K)
[208.408s][info][gc,heap        ] GC(758) CMS: 5551K->5551K(699072K)
[208.408s][info][gc,metaspace   ] GC(758) Metaspace: 23015K(23936K)->23015K(23936K) NonClass: 20238K(20736K)->20238K(20736K) Class: 2776K(3200K)->2776K(3200K)
[208.408s][info][gc             ] GC(758) Pause Young (Allocation Failure) 278M->5M(989M) 1.221ms
[208.408s][info][gc,cpu         ] GC(758) User=0.00s Sys=0.00s Real=0.00s
[208.697s][info][gc,start       ] GC(759) Pause Young (Allocation Failure)
[208.697s][info][gc,task        ] GC(759) Using 6 workers of 6 for evacuation
[208.698s][info][gc,heap        ] GC(759) ParNew: 279964K->380K(314560K)
[208.698s][info][gc,heap        ] GC(759) CMS: 5551K->5551K(699072K)
[208.698s][info][gc,metaspace   ] GC(759) Metaspace: 23015K(23936K)->23015K(23936K) NonClass: 20238K(20736K)->20238K(20736K) Class: 2776K(3200K)->2776K(3200K)
[208.699s][info][gc             ] GC(759) Pause Young (Allocation Failure) 278M->5M(989M) 1.501ms
[208.699s][info][gc,cpu         ] GC(759) User=0.02s Sys=0.00s Real=0.00s
[208.969s][info][gc,start       ] GC(760) Pause Young (Allocation Failure)
[208.969s][info][gc,task        ] GC(760) Using 6 workers of 6 for evacuation
[208.971s][info][gc,heap        ] GC(760) ParNew: 279996K->449K(314560K)
[208.971s][info][gc,heap        ] GC(760) CMS: 5551K->5551K(699072K)
[208.971s][info][gc,metaspace   ] GC(760) Metaspace: 23015K(23936K)->23015K(23936K) NonClass: 20238K(20736K)->20238K(20736K) Class: 2776K(3200K)->2776K(3200K)
[208.971s][info][gc             ] GC(760) Pause Young (Allocation Failure) 278M->5M(989M) 1.512ms
[208.971s][info][gc,cpu         ] GC(760) User=0.00s Sys=0.00s Real=0.00s
[209.245s][info][gc,start       ] GC(761) Pause Young (Allocation Failure)
[209.245s][info][gc,task        ] GC(761) Using 6 workers of 6 for evacuation
[209.246s][info][gc,heap        ] GC(761) ParNew: 280065K->129K(314560K)
[209.246s][info][gc,heap        ] GC(761) CMS: 5551K->5780K(699072K)
[209.246s][info][gc,metaspace   ] GC(761) Metaspace: 23015K(23936K)->23015K(23936K) NonClass: 20238K(20736K)->20238K(20736K) Class: 2776K(3200K)->2776K(3200K)
[209.246s][info][gc             ] GC(761) Pause Young (Allocation Failure) 278M->5M(989M) 1.383ms
[209.246s][info][gc,cpu         ] GC(761) User=0.02s Sys=0.00s Real=0.00s
[209.550s][info][gc,start       ] GC(762) Pause Young (Allocation Failure)
[209.550s][info][gc,task        ] GC(762) Using 6 workers of 6 for evacuation
[209.551s][info][gc,heap        ] GC(762) ParNew: 279745K->78K(314560K)
[209.551s][info][gc,heap        ] GC(762) CMS: 5780K->5787K(699072K)
[209.551s][info][gc,metaspace   ] GC(762) Metaspace: 23015K(23936K)->23015K(23936K) NonClass: 20238K(20736K)->20238K(20736K) Class: 2776K(3200K)->2776K(3200K)
[209.551s][info][gc             ] GC(762) Pause Young (Allocation Failure) 278M->5M(989M) 1.245ms
[209.551s][info][gc,cpu         ] GC(762) User=0.00s Sys=0.00s Real=0.00s
[209.840s][info][gc,start       ] GC(763) Pause Full (System.gc())
[209.840s][info][gc,phases,start] GC(763) Phase 1: Mark live objects
[209.846s][info][gc,phases      ] GC(763) Phase 1: Mark live objects 5.762ms
[209.846s][info][gc,phases,start] GC(763) Phase 2: Compute new object addresses
[209.874s][info][gc,phases      ] GC(763) Phase 2: Compute new object addresses 27.808ms
[209.874s][info][gc,phases,start] GC(763) Phase 3: Adjust pointers
[209.878s][info][gc,phases      ] GC(763) Phase 3: Adjust pointers 4.098ms
[209.878s][info][gc,phases,start] GC(763) Phase 4: Move objects
[209.878s][info][gc,phases      ] GC(763) Phase 4: Move objects 0.093ms
[209.879s][info][gc,heap        ] GC(763) ParNew: 220298K->0K(314560K)
[209.879s][info][gc,heap        ] GC(763) CMS: 5787K->5552K(699072K)
[209.879s][info][gc,metaspace   ] GC(763) Metaspace: 23015K(23936K)->23015K(23936K) NonClass: 20238K(20736K)->20238K(20736K) Class: 2776K(3200K)->2776K(3200K)
[209.879s][info][gc             ] GC(763) Pause Full (System.gc()) 220M->5M(989M) 38.685ms
[209.879s][info][gc,cpu         ] GC(763) User=0.00s Sys=0.00s Real=0.03s
[210.164s][info][gc,start       ] GC(764) Pause Young (Allocation Failure)
[210.164s][info][gc,task        ] GC(764) Using 6 workers of 6 for evacuation
[210.165s][info][gc,heap        ] GC(764) ParNew: 279616K->232K(314560K)
[210.165s][info][gc,heap        ] GC(764) CMS: 5552K->5552K(699072K)
[210.165s][info][gc,metaspace   ] GC(764) Metaspace: 23015K(23936K)->23015K(23936K) NonClass: 20238K(20736K)->20238K(20736K) Class: 2776K(3200K)->2776K(3200K)
[210.165s][info][gc             ] GC(764) Pause Young (Allocation Failure) 278M->5M(989M) 1.691ms
[210.165s][info][gc,cpu         ] GC(764) User=0.00s Sys=0.00s Real=0.00s
[210.482s][info][gc,start       ] GC(765) Pause Young (Allocation Failure)
[210.482s][info][gc,task        ] GC(765) Using 6 workers of 6 for evacuation
[210.483s][info][gc,heap        ] GC(765) ParNew: 279848K->252K(314560K)
[210.483s][info][gc,heap        ] GC(765) CMS: 5552K->5552K(699072K)
[210.483s][info][gc,metaspace   ] GC(765) Metaspace: 23015K(23936K)->23015K(23936K) NonClass: 20238K(20736K)->20238K(20736K) Class: 2776K(3200K)->2776K(3200K)
[210.483s][info][gc             ] GC(765) Pause Young (Allocation Failure) 278M->5M(989M) 1.435ms
[210.483s][info][gc,cpu         ] GC(765) User=0.00s Sys=0.00s Real=0.00s
[210.807s][info][gc,start       ] GC(766) Pause Young (Allocation Failure)
[210.807s][info][gc,task        ] GC(766) Using 6 workers of 6 for evacuation
[210.808s][info][gc,heap        ] GC(766) ParNew: 279868K->284K(314560K)
[210.808s][info][gc,heap        ] GC(766) CMS: 5552K->5552K(699072K)
[210.808s][info][gc,metaspace   ] GC(766) Metaspace: 23015K(23936K)->23015K(23936K) NonClass: 20238K(20736K)->20238K(20736K) Class: 2776K(3200K)->2776K(3200K)
[210.808s][info][gc             ] GC(766) Pause Young (Allocation Failure) 278M->5M(989M) 1.625ms
[210.808s][info][gc,cpu         ] GC(766) User=0.00s Sys=0.00s Real=0.00s
[211.091s][info][gc,start       ] GC(767) Pause Young (Allocation Failure)
[211.091s][info][gc,task        ] GC(767) Using 6 workers of 6 for evacuation
[211.092s][info][gc,heap        ] GC(767) ParNew: 279900K->314K(314560K)
[211.092s][info][gc,heap        ] GC(767) CMS: 5552K->5552K(699072K)
[211.092s][info][gc,metaspace   ] GC(767) Metaspace: 23015K(23936K)->23015K(23936K) NonClass: 20238K(20736K)->20238K(20736K) Class: 2776K(3200K)->2776K(3200K)
[211.092s][info][gc             ] GC(767) Pause Young (Allocation Failure) 278M->5M(989M) 1.489ms
[211.092s][info][gc,cpu         ] GC(767) User=0.00s Sys=0.00s Real=0.00s
[211.375s][info][gc,start       ] GC(768) Pause Young (Allocation Failure)
[211.375s][info][gc,task        ] GC(768) Using 6 workers of 6 for evacuation
[211.376s][info][gc,heap        ] GC(768) ParNew: 279930K->354K(314560K)
[211.377s][info][gc,heap        ] GC(768) CMS: 5552K->5552K(699072K)
[211.377s][info][gc,metaspace   ] GC(768) Metaspace: 23015K(23936K)->23015K(23936K) NonClass: 20238K(20736K)->20238K(20736K) Class: 2776K(3200K)->2776K(3200K)
[211.377s][info][gc             ] GC(768) Pause Young (Allocation Failure) 278M->5M(989M) 1.550ms
[211.377s][info][gc,cpu         ] GC(768) User=0.00s Sys=0.00s Real=0.00s
[211.660s][info][gc,start       ] GC(769) Pause Young (Allocation Failure)
[211.660s][info][gc,task        ] GC(769) Using 6 workers of 6 for evacuation
[211.662s][info][gc,heap        ] GC(769) ParNew: 279970K->402K(314560K)
[211.662s][info][gc,heap        ] GC(769) CMS: 5552K->5552K(699072K)
[211.662s][info][gc,metaspace   ] GC(769) Metaspace: 23015K(23936K)->23015K(23936K) NonClass: 20238K(20736K)->20238K(20736K) Class: 2776K(3200K)->2776K(3200K)
[211.662s][info][gc             ] GC(769) Pause Young (Allocation Failure) 278M->5M(989M) 1.398ms
[211.662s][info][gc,cpu         ] GC(769) User=0.00s Sys=0.00s Real=0.00s
[211.925s][info][gc,start       ] GC(770) Pause Young (Allocation Failure)
[211.925s][info][gc,task        ] GC(770) Using 6 workers of 6 for evacuation
[211.927s][info][gc,heap        ] GC(770) ParNew: 280018K->234K(314560K)
[211.927s][info][gc,heap        ] GC(770) CMS: 5552K->5780K(699072K)
[211.927s][info][gc,metaspace   ] GC(770) Metaspace: 23015K(23936K)->23015K(23936K) NonClass: 20238K(20736K)->20238K(20736K) Class: 2776K(3200K)->2776K(3200K)
[211.927s][info][gc             ] GC(770) Pause Young (Allocation Failure) 278M->5M(989M) 1.587ms
[211.927s][info][gc,cpu         ] GC(770) User=0.00s Sys=0.00s Real=0.00s
[212.261s][info][gc,start       ] GC(771) Pause Young (Allocation Failure)
[212.261s][info][gc,task        ] GC(771) Using 6 workers of 6 for evacuation
[212.262s][info][gc,heap        ] GC(771) ParNew: 279850K->97K(314560K)
[212.262s][info][gc,heap        ] GC(771) CMS: 5780K->5788K(699072K)
[212.262s][info][gc,metaspace   ] GC(771) Metaspace: 23015K(23936K)->23015K(23936K) NonClass: 20238K(20736K)->20238K(20736K) Class: 2776K(3200K)->2776K(3200K)
[212.262s][info][gc             ] GC(771) Pause Young (Allocation Failure) 278M->5M(989M) 1.344ms
[212.262s][info][gc,cpu         ] GC(771) User=0.00s Sys=0.00s Real=0.00s
[212.463s][info][gc,start       ] GC(772) Pause Full (System.gc())
[212.463s][info][gc,phases,start] GC(772) Phase 1: Mark live objects
[212.469s][info][gc,phases      ] GC(772) Phase 1: Mark live objects 6.077ms
[212.469s][info][gc,phases,start] GC(772) Phase 2: Compute new object addresses
[212.489s][info][gc,phases      ] GC(772) Phase 2: Compute new object addresses 19.653ms
[212.489s][info][gc,phases,start] GC(772) Phase 3: Adjust pointers
[212.493s][info][gc,phases      ] GC(772) Phase 3: Adjust pointers 4.059ms
[212.493s][info][gc,phases,start] GC(772) Phase 4: Move objects
[212.493s][info][gc,phases      ] GC(772) Phase 4: Move objects 0.093ms
[212.494s][info][gc,heap        ] GC(772) ParNew: 149039K->0K(314560K)
[212.494s][info][gc,heap        ] GC(772) CMS: 5788K->5552K(699072K)
[212.494s][info][gc,metaspace   ] GC(772) Metaspace: 23015K(23936K)->23015K(23936K) NonClass: 20238K(20736K)->20238K(20736K) Class: 2776K(3200K)->2776K(3200K)
[212.494s][info][gc             ] GC(772) Pause Full (System.gc()) 151M->5M(989M) 30.784ms
[212.494s][info][gc,cpu         ] GC(772) User=0.00s Sys=0.00s Real=0.03s
[212.781s][info][gc,start       ] GC(773) Pause Young (Allocation Failure)
[212.781s][info][gc,task        ] GC(773) Using 6 workers of 6 for evacuation
[212.782s][info][gc,heap        ] GC(773) ParNew: 279616K->235K(314560K)
[212.782s][info][gc,heap        ] GC(773) CMS: 5552K->5552K(699072K)
[212.782s][info][gc,metaspace   ] GC(773) Metaspace: 23015K(23936K)->23015K(23936K) NonClass: 20238K(20736K)->20238K(20736K) Class: 2776K(3200K)->2776K(3200K)
[212.782s][info][gc             ] GC(773) Pause Young (Allocation Failure) 278M->5M(989M) 1.383ms
[212.782s][info][gc,cpu         ] GC(773) User=0.00s Sys=0.00s Real=0.00s
[213.068s][info][gc,start       ] GC(774) Pause Young (Allocation Failure)
[213.068s][info][gc,task        ] GC(774) Using 6 workers of 6 for evacuation
[213.069s][info][gc,heap        ] GC(774) ParNew: 279851K->255K(314560K)
[213.069s][info][gc,heap        ] GC(774) CMS: 5552K->5552K(699072K)
[213.069s][info][gc,metaspace   ] GC(774) Metaspace: 23015K(23936K)->23015K(23936K) NonClass: 20238K(20736K)->20238K(20736K) Class: 2776K(3200K)->2776K(3200K)
[213.069s][info][gc             ] GC(774) Pause Young (Allocation Failure) 278M->5M(989M) 1.440ms
[213.069s][info][gc,cpu         ] GC(774) User=0.00s Sys=0.00s Real=0.00s
[213.351s][info][gc,start       ] GC(775) Pause Young (Allocation Failure)
[213.351s][info][gc,task        ] GC(775) Using 6 workers of 6 for evacuation
[213.352s][info][gc,heap        ] GC(775) ParNew: 279871K->284K(314560K)
[213.352s][info][gc,heap        ] GC(775) CMS: 5552K->5552K(699072K)
[213.352s][info][gc,metaspace   ] GC(775) Metaspace: 23015K(23936K)->23015K(23936K) NonClass: 20238K(20736K)->20238K(20736K) Class: 2776K(3200K)->2776K(3200K)
[213.352s][info][gc             ] GC(775) Pause Young (Allocation Failure) 278M->5M(989M) 1.628ms
[213.352s][info][gc,cpu         ] GC(775) User=0.00s Sys=0.00s Real=0.00s
[213.619s][info][gc,start       ] GC(776) Pause Young (Allocation Failure)
[213.620s][info][gc,task        ] GC(776) Using 6 workers of 6 for evacuation
[213.621s][info][gc,heap        ] GC(776) ParNew: 279900K->320K(314560K)
[213.621s][info][gc,heap        ] GC(776) CMS: 5552K->5552K(699072K)
[213.621s][info][gc,metaspace   ] GC(776) Metaspace: 23015K(23936K)->23015K(23936K) NonClass: 20238K(20736K)->20238K(20736K) Class: 2776K(3200K)->2776K(3200K)
[213.621s][info][gc             ] GC(776) Pause Young (Allocation Failure) 278M->5M(989M) 1.563ms
[213.621s][info][gc,cpu         ] GC(776) User=0.02s Sys=0.00s Real=0.00s
[213.904s][info][gc,start       ] GC(777) Pause Young (Allocation Failure)
[213.904s][info][gc,task        ] GC(777) Using 6 workers of 6 for evacuation
[213.906s][info][gc,heap        ] GC(777) ParNew: 279936K->354K(314560K)
[213.906s][info][gc,heap        ] GC(777) CMS: 5552K->5552K(699072K)
[213.906s][info][gc,metaspace   ] GC(777) Metaspace: 23015K(23936K)->23015K(23936K) NonClass: 20238K(20736K)->20238K(20736K) Class: 2776K(3200K)->2776K(3200K)
[213.906s][info][gc             ] GC(777) Pause Young (Allocation Failure) 278M->5M(989M) 1.469ms
[213.906s][info][gc,cpu         ] GC(777) User=0.00s Sys=0.00s Real=0.00s
[214.175s][info][gc,start       ] GC(778) Pause Young (Allocation Failure)
[214.175s][info][gc,task        ] GC(778) Using 6 workers of 6 for evacuation
[214.176s][info][gc,heap        ] GC(778) ParNew: 279970K->416K(314560K)
[214.176s][info][gc,heap        ] GC(778) CMS: 5552K->5552K(699072K)
[214.176s][info][gc,metaspace   ] GC(778) Metaspace: 23015K(23936K)->23015K(23936K) NonClass: 20238K(20736K)->20238K(20736K) Class: 2776K(3200K)->2776K(3200K)
[214.176s][info][gc             ] GC(778) Pause Young (Allocation Failure) 278M->5M(989M) 1.428ms
[214.176s][info][gc,cpu         ] GC(778) User=0.00s Sys=0.00s Real=0.00s
[214.450s][info][gc,start       ] GC(779) Pause Young (Allocation Failure)
[214.450s][info][gc,task        ] GC(779) Using 6 workers of 6 for evacuation
[214.451s][info][gc,heap        ] GC(779) ParNew: 280032K->154K(314560K)
[214.451s][info][gc,heap        ] GC(779) CMS: 5552K->5780K(699072K)
[214.451s][info][gc,metaspace   ] GC(779) Metaspace: 23015K(23936K)->23015K(23936K) NonClass: 20238K(20736K)->20238K(20736K) Class: 2776K(3200K)->2776K(3200K)
[214.451s][info][gc             ] GC(779) Pause Young (Allocation Failure) 278M->5M(989M) 1.607ms
[214.451s][info][gc,cpu         ] GC(779) User=0.00s Sys=0.00s Real=0.00s
[214.759s][info][gc,start       ] GC(780) Pause Young (Allocation Failure)
[214.759s][info][gc,task        ] GC(780) Using 6 workers of 6 for evacuation
[214.761s][info][gc,heap        ] GC(780) ParNew: 279770K->80K(314560K)
[214.761s][info][gc,heap        ] GC(780) CMS: 5780K->5786K(699072K)
[214.761s][info][gc,metaspace   ] GC(780) Metaspace: 23015K(23936K)->23015K(23936K) NonClass: 20238K(20736K)->20238K(20736K) Class: 2776K(3200K)->2776K(3200K)
[214.761s][info][gc             ] GC(780) Pause Young (Allocation Failure) 278M->5M(989M) 1.432ms
[214.761s][info][gc,cpu         ] GC(780) User=0.00s Sys=0.00s Real=0.00s
[214.948s][info][gc,start       ] GC(781) Pause Full (System.gc())
[214.948s][info][gc,phases,start] GC(781) Phase 1: Mark live objects
[214.954s][info][gc,phases      ] GC(781) Phase 1: Mark live objects 5.817ms
[214.954s][info][gc,phases,start] GC(781) Phase 2: Compute new object addresses
[214.974s][info][gc,phases      ] GC(781) Phase 2: Compute new object addresses 20.007ms
[214.974s][info][gc,phases,start] GC(781) Phase 3: Adjust pointers
[214.978s][info][gc,phases      ] GC(781) Phase 3: Adjust pointers 4.100ms
[214.978s][info][gc,phases,start] GC(781) Phase 4: Move objects
[214.978s][info][gc,phases      ] GC(781) Phase 4: Move objects 0.096ms
[214.979s][info][gc,heap        ] GC(781) ParNew: 149928K->0K(314560K)
[214.979s][info][gc,heap        ] GC(781) CMS: 5786K->5552K(699072K)
[214.979s][info][gc,metaspace   ] GC(781) Metaspace: 23015K(23936K)->23015K(23936K) NonClass: 20238K(20736K)->20238K(20736K) Class: 2776K(3200K)->2776K(3200K)
[214.979s][info][gc             ] GC(781) Pause Full (System.gc()) 152M->5M(989M) 31.122ms
[214.979s][info][gc,cpu         ] GC(781) User=0.03s Sys=0.00s Real=0.03s
[215.265s][info][gc,start       ] GC(782) Pause Young (Allocation Failure)
[215.265s][info][gc,task        ] GC(782) Using 6 workers of 6 for evacuation
[215.267s][info][gc,heap        ] GC(782) ParNew: 279616K->231K(314560K)
[215.267s][info][gc,heap        ] GC(782) CMS: 5552K->5552K(699072K)
[215.267s][info][gc,metaspace   ] GC(782) Metaspace: 23015K(23936K)->23015K(23936K) NonClass: 20238K(20736K)->20238K(20736K) Class: 2776K(3200K)->2776K(3200K)
[215.267s][info][gc             ] GC(782) Pause Young (Allocation Failure) 278M->5M(989M) 1.401ms
[215.267s][info][gc,cpu         ] GC(782) User=0.00s Sys=0.00s Real=0.00s
[215.565s][info][gc,start       ] GC(783) Pause Young (Allocation Failure)
[215.565s][info][gc,task        ] GC(783) Using 6 workers of 6 for evacuation
[215.567s][info][gc,heap        ] GC(783) ParNew: 279847K->246K(314560K)
[215.567s][info][gc,heap        ] GC(783) CMS: 5552K->5552K(699072K)
[215.567s][info][gc,metaspace   ] GC(783) Metaspace: 23015K(23936K)->23015K(23936K) NonClass: 20238K(20736K)->20238K(20736K) Class: 2776K(3200K)->2776K(3200K)
[215.567s][info][gc             ] GC(783) Pause Young (Allocation Failure) 278M->5M(989M) 1.571ms
[215.567s][info][gc,cpu         ] GC(783) User=0.00s Sys=0.00s Real=0.00s
[215.866s][info][gc,start       ] GC(784) Pause Young (Allocation Failure)
[215.866s][info][gc,task        ] GC(784) Using 6 workers of 6 for evacuation
[215.867s][info][gc,heap        ] GC(784) ParNew: 279862K->272K(314560K)
[215.867s][info][gc,heap        ] GC(784) CMS: 5552K->5552K(699072K)
[215.867s][info][gc,metaspace   ] GC(784) Metaspace: 23015K(23936K)->23015K(23936K) NonClass: 20238K(20736K)->20238K(20736K) Class: 2776K(3200K)->2776K(3200K)
[215.867s][info][gc             ] GC(784) Pause Young (Allocation Failure) 278M->5M(989M) 1.569ms
[215.867s][info][gc,cpu         ] GC(784) User=0.00s Sys=0.00s Real=0.00s
[216.145s][info][gc,start       ] GC(785) Pause Young (Allocation Failure)
[216.146s][info][gc,task        ] GC(785) Using 6 workers of 6 for evacuation
[216.147s][info][gc,heap        ] GC(785) ParNew: 279888K->311K(314560K)
[216.147s][info][gc,heap        ] GC(785) CMS: 5552K->5552K(699072K)
[216.147s][info][gc,metaspace   ] GC(785) Metaspace: 23015K(23936K)->23015K(23936K) NonClass: 20238K(20736K)->20238K(20736K) Class: 2776K(3200K)->2776K(3200K)
[216.147s][info][gc             ] GC(785) Pause Young (Allocation Failure) 278M->5M(989M) 1.298ms
[216.147s][info][gc,cpu         ] GC(785) User=0.00s Sys=0.00s Real=0.00s
[216.467s][info][gc,start       ] GC(786) Pause Young (Allocation Failure)
[216.467s][info][gc,task        ] GC(786) Using 6 workers of 6 for evacuation
[216.468s][info][gc,heap        ] GC(786) ParNew: 279927K->341K(314560K)
[216.468s][info][gc,heap        ] GC(786) CMS: 5552K->5552K(699072K)
[216.468s][info][gc,metaspace   ] GC(786) Metaspace: 23015K(23936K)->23015K(23936K) NonClass: 20238K(20736K)->20238K(20736K) Class: 2776K(3200K)->2776K(3200K)
[216.468s][info][gc             ] GC(786) Pause Young (Allocation Failure) 278M->5M(989M) 1.345ms
[216.468s][info][gc,cpu         ] GC(786) User=0.00s Sys=0.00s Real=0.00s
[216.750s][info][gc,start       ] GC(787) Pause Young (Allocation Failure)
[216.750s][info][gc,task        ] GC(787) Using 6 workers of 6 for evacuation
[216.752s][info][gc,heap        ] GC(787) ParNew: 279957K->417K(314560K)
[216.752s][info][gc,heap        ] GC(787) CMS: 5552K->5552K(699072K)
[216.752s][info][gc,metaspace   ] GC(787) Metaspace: 23015K(23936K)->23015K(23936K) NonClass: 20238K(20736K)->20238K(20736K) Class: 2776K(3200K)->2776K(3200K)
[216.752s][info][gc             ] GC(787) Pause Young (Allocation Failure) 278M->5M(989M) 1.561ms
[216.752s][info][gc,cpu         ] GC(787) User=0.00s Sys=0.00s Real=0.00s
[217.019s][info][gc,start       ] GC(788) Pause Young (Allocation Failure)
[217.019s][info][gc,task        ] GC(788) Using 6 workers of 6 for evacuation
[217.020s][info][gc,heap        ] GC(788) ParNew: 280033K->132K(314560K)
[217.020s][info][gc,heap        ] GC(788) CMS: 5552K->5780K(699072K)
[217.020s][info][gc,metaspace   ] GC(788) Metaspace: 23015K(23936K)->23015K(23936K) NonClass: 20238K(20736K)->20238K(20736K) Class: 2776K(3200K)->2776K(3200K)
[217.020s][info][gc             ] GC(788) Pause Young (Allocation Failure) 278M->5M(989M) 1.246ms
[217.020s][info][gc,cpu         ] GC(788) User=0.00s Sys=0.00s Real=0.00s
[217.316s][info][gc,start       ] GC(789) Pause Young (Allocation Failure)
[217.316s][info][gc,task        ] GC(789) Using 6 workers of 6 for evacuation
[217.317s][info][gc,heap        ] GC(789) ParNew: 279748K->80K(314560K)
[217.317s][info][gc,heap        ] GC(789) CMS: 5780K->5787K(699072K)
[217.317s][info][gc,metaspace   ] GC(789) Metaspace: 23015K(23936K)->23015K(23936K) NonClass: 20238K(20736K)->20238K(20736K) Class: 2776K(3200K)->2776K(3200K)
[217.317s][info][gc             ] GC(789) Pause Young (Allocation Failure) 278M->5M(989M) 1.348ms
[217.317s][info][gc,cpu         ] GC(789) User=0.00s Sys=0.00s Real=0.00s
[217.580s][info][gc,start       ] GC(790) Pause Full (System.gc())
[217.580s][info][gc,phases,start] GC(790) Phase 1: Mark live objects
[217.586s][info][gc,phases      ] GC(790) Phase 1: Mark live objects 5.639ms
[217.586s][info][gc,phases,start] GC(790) Phase 2: Compute new object addresses
[217.615s][info][gc,phases      ] GC(790) Phase 2: Compute new object addresses 28.702ms
[217.615s][info][gc,phases,start] GC(790) Phase 3: Adjust pointers
[217.619s][info][gc,phases      ] GC(790) Phase 3: Adjust pointers 4.086ms
[217.619s][info][gc,phases,start] GC(790) Phase 4: Move objects
[217.619s][info][gc,phases      ] GC(790) Phase 4: Move objects 0.094ms
[217.620s][info][gc,heap        ] GC(790) ParNew: 228902K->0K(314560K)
[217.620s][info][gc,heap        ] GC(790) CMS: 5787K->5552K(699072K)
[217.620s][info][gc,metaspace   ] GC(790) Metaspace: 23015K(23936K)->23015K(23936K) NonClass: 20238K(20736K)->20238K(20736K) Class: 2776K(3200K)->2776K(3200K)
[217.620s][info][gc             ] GC(790) Pause Full (System.gc()) 229M->5M(989M) 39.459ms
[217.620s][info][gc,cpu         ] GC(790) User=0.03s Sys=0.00s Real=0.03s
[217.905s][info][gc,start       ] GC(791) Pause Young (Allocation Failure)
[217.906s][info][gc,task        ] GC(791) Using 6 workers of 6 for evacuation
[217.907s][info][gc,heap        ] GC(791) ParNew: 279616K->231K(314560K)
[217.907s][info][gc,heap        ] GC(791) CMS: 5552K->5552K(699072K)
[217.907s][info][gc,metaspace   ] GC(791) Metaspace: 23015K(23936K)->23015K(23936K) NonClass: 20238K(20736K)->20238K(20736K) Class: 2776K(3200K)->2776K(3200K)
[217.907s][info][gc             ] GC(791) Pause Young (Allocation Failure) 278M->5M(989M) 1.633ms
[217.907s][info][gc,cpu         ] GC(791) User=0.00s Sys=0.00s Real=0.00s
[218.188s][info][gc,start       ] GC(792) Pause Young (Allocation Failure)
[218.188s][info][gc,task        ] GC(792) Using 6 workers of 6 for evacuation
[218.189s][info][gc,heap        ] GC(792) ParNew: 279847K->250K(314560K)
[218.189s][info][gc,heap        ] GC(792) CMS: 5552K->5552K(699072K)
[218.189s][info][gc,metaspace   ] GC(792) Metaspace: 23015K(23936K)->23015K(23936K) NonClass: 20238K(20736K)->20238K(20736K) Class: 2776K(3200K)->2776K(3200K)
[218.189s][info][gc             ] GC(792) Pause Young (Allocation Failure) 278M->5M(989M) 1.011ms
[218.189s][info][gc,cpu         ] GC(792) User=0.00s Sys=0.00s Real=0.00s
[218.490s][info][gc,start       ] GC(793) Pause Young (Allocation Failure)
[218.490s][info][gc,task        ] GC(793) Using 6 workers of 6 for evacuation
[218.491s][info][gc,heap        ] GC(793) ParNew: 279866K->281K(314560K)
[218.491s][info][gc,heap        ] GC(793) CMS: 5552K->5552K(699072K)
[218.491s][info][gc,metaspace   ] GC(793) Metaspace: 23015K(23936K)->23015K(23936K) NonClass: 20238K(20736K)->20238K(20736K) Class: 2776K(3200K)->2776K(3200K)
[218.491s][info][gc             ] GC(793) Pause Young (Allocation Failure) 278M->5M(989M) 1.650ms
[218.491s][info][gc,cpu         ] GC(793) User=0.00s Sys=0.00s Real=0.00s
[218.768s][info][gc,start       ] GC(794) Pause Young (Allocation Failure)
[218.768s][info][gc,task        ] GC(794) Using 6 workers of 6 for evacuation
[218.770s][info][gc,heap        ] GC(794) ParNew: 279897K->318K(314560K)
[218.770s][info][gc,heap        ] GC(794) CMS: 5552K->5552K(699072K)
[218.770s][info][gc,metaspace   ] GC(794) Metaspace: 23015K(23936K)->23015K(23936K) NonClass: 20238K(20736K)->20238K(20736K) Class: 2776K(3200K)->2776K(3200K)
[218.770s][info][gc             ] GC(794) Pause Young (Allocation Failure) 278M->5M(989M) 1.514ms
[218.770s][info][gc,cpu         ] GC(794) User=0.00s Sys=0.00s Real=0.00s
[219.052s][info][gc,start       ] GC(795) Pause Young (Allocation Failure)
[219.053s][info][gc,task        ] GC(795) Using 6 workers of 6 for evacuation
[219.054s][info][gc,heap        ] GC(795) ParNew: 279934K->365K(314560K)
[219.054s][info][gc,heap        ] GC(795) CMS: 5552K->5552K(699072K)
[219.054s][info][gc,metaspace   ] GC(795) Metaspace: 23015K(23936K)->23015K(23936K) NonClass: 20238K(20736K)->20238K(20736K) Class: 2776K(3200K)->2776K(3200K)
[219.054s][info][gc             ] GC(795) Pause Young (Allocation Failure) 278M->5M(989M) 1.413ms
[219.054s][info][gc,cpu         ] GC(795) User=0.00s Sys=0.00s Real=0.00s
[219.332s][info][gc,start       ] GC(796) Pause Young (Allocation Failure)
[219.332s][info][gc,task        ] GC(796) Using 6 workers of 6 for evacuation
[219.333s][info][gc,heap        ] GC(796) ParNew: 279981K->393K(314560K)
[219.333s][info][gc,heap        ] GC(796) CMS: 5552K->5552K(699072K)
[219.333s][info][gc,metaspace   ] GC(796) Metaspace: 23015K(23936K)->23015K(23936K) NonClass: 20238K(20736K)->20238K(20736K) Class: 2776K(3200K)->2776K(3200K)
[219.333s][info][gc             ] GC(796) Pause Young (Allocation Failure) 278M->5M(989M) 1.533ms
[219.333s][info][gc,cpu         ] GC(796) User=0.00s Sys=0.00s Real=0.00s
[219.599s][info][gc,start       ] GC(797) Pause Young (Allocation Failure)
[219.599s][info][gc,task        ] GC(797) Using 6 workers of 6 for evacuation
[219.600s][info][gc,heap        ] GC(797) ParNew: 280009K->185K(314560K)
[219.600s][info][gc,heap        ] GC(797) CMS: 5552K->5780K(699072K)
[219.600s][info][gc,metaspace   ] GC(797) Metaspace: 23015K(23936K)->23015K(23936K) NonClass: 20238K(20736K)->20238K(20736K) Class: 2776K(3200K)->2776K(3200K)
[219.600s][info][gc             ] GC(797) Pause Young (Allocation Failure) 278M->5M(989M) 1.279ms
[219.600s][info][gc,cpu         ] GC(797) User=0.00s Sys=0.00s Real=0.00s
[219.909s][info][gc,start       ] GC(798) Pause Young (Allocation Failure)
[219.909s][info][gc,task        ] GC(798) Using 6 workers of 6 for evacuation
[219.910s][info][gc,heap        ] GC(798) ParNew: 279801K->99K(314560K)
[219.911s][info][gc,heap        ] GC(798) CMS: 5780K->5787K(699072K)
[219.911s][info][gc,metaspace   ] GC(798) Metaspace: 23015K(23936K)->23015K(23936K) NonClass: 20238K(20736K)->20238K(20736K) Class: 2776K(3200K)->2776K(3200K)
[219.911s][info][gc             ] GC(798) Pause Young (Allocation Failure) 278M->5M(989M) 1.488ms
[219.911s][info][gc,cpu         ] GC(798) User=0.00s Sys=0.00s Real=0.00s
[220.152s][info][gc,start       ] GC(799) Pause Full (System.gc())
[220.152s][info][gc,phases,start] GC(799) Phase 1: Mark live objects
[220.158s][info][gc,phases      ] GC(799) Phase 1: Mark live objects 5.820ms
[220.158s][info][gc,phases,start] GC(799) Phase 2: Compute new object addresses
[220.182s][info][gc,phases      ] GC(799) Phase 2: Compute new object addresses 24.373ms
[220.182s][info][gc,phases,start] GC(799) Phase 3: Adjust pointers
[220.187s][info][gc,phases      ] GC(799) Phase 3: Adjust pointers 4.024ms
[220.187s][info][gc,phases,start] GC(799) Phase 4: Move objects
[220.187s][info][gc,phases      ] GC(799) Phase 4: Move objects 0.093ms
[220.187s][info][gc,heap        ] GC(799) ParNew: 187716K->0K(314560K)
[220.187s][info][gc,heap        ] GC(799) CMS: 5787K->5552K(699072K)
[220.187s][info][gc,metaspace   ] GC(799) Metaspace: 23015K(23936K)->23015K(23936K) NonClass: 20238K(20736K)->20238K(20736K) Class: 2776K(3200K)->2776K(3200K)
[220.187s][info][gc             ] GC(799) Pause Full (System.gc()) 188M->5M(989M) 35.345ms
[220.187s][info][gc,cpu         ] GC(799) User=0.03s Sys=0.00s Real=0.03s
[220.477s][info][gc,start       ] GC(800) Pause Young (Allocation Failure)
[220.477s][info][gc,task        ] GC(800) Using 6 workers of 6 for evacuation
[220.478s][info][gc,heap        ] GC(800) ParNew: 279616K->235K(314560K)
[220.479s][info][gc,heap        ] GC(800) CMS: 5552K->5552K(699072K)
[220.479s][info][gc,metaspace   ] GC(800) Metaspace: 23015K(23936K)->23015K(23936K) NonClass: 20238K(20736K)->20238K(20736K) Class: 2776K(3200K)->2776K(3200K)
[220.479s][info][gc             ] GC(800) Pause Young (Allocation Failure) 278M->5M(989M) 1.410ms
[220.479s][info][gc,cpu         ] GC(800) User=0.00s Sys=0.00s Real=0.00s
[220.758s][info][gc,start       ] GC(801) Pause Young (Allocation Failure)
[220.758s][info][gc,task        ] GC(801) Using 6 workers of 6 for evacuation
[220.760s][info][gc,heap        ] GC(801) ParNew: 279851K->263K(314560K)
[220.760s][info][gc,heap        ] GC(801) CMS: 5552K->5552K(699072K)
[220.760s][info][gc,metaspace   ] GC(801) Metaspace: 23015K(23936K)->23015K(23936K) NonClass: 20238K(20736K)->20238K(20736K) Class: 2776K(3200K)->2776K(3200K)
[220.760s][info][gc             ] GC(801) Pause Young (Allocation Failure) 278M->5M(989M) 1.566ms
[220.760s][info][gc,cpu         ] GC(801) User=0.00s Sys=0.00s Real=0.00s
[221.023s][info][gc,start       ] GC(802) Pause Young (Allocation Failure)
[221.023s][info][gc,task        ] GC(802) Using 6 workers of 6 for evacuation
[221.025s][info][gc,heap        ] GC(802) ParNew: 279879K->303K(314560K)
[221.025s][info][gc,heap        ] GC(802) CMS: 5552K->5552K(699072K)
[221.025s][info][gc,metaspace   ] GC(802) Metaspace: 23015K(23936K)->23015K(23936K) NonClass: 20238K(20736K)->20238K(20736K) Class: 2776K(3200K)->2776K(3200K)
[221.025s][info][gc             ] GC(802) Pause Young (Allocation Failure) 278M->5M(989M) 1.441ms
[221.025s][info][gc,cpu         ] GC(802) User=0.00s Sys=0.00s Real=0.00s
[221.291s][info][gc,start       ] GC(803) Pause Young (Allocation Failure)
[221.291s][info][gc,task        ] GC(803) Using 6 workers of 6 for evacuation
[221.293s][info][gc,heap        ] GC(803) ParNew: 279919K->333K(314560K)
[221.293s][info][gc,heap        ] GC(803) CMS: 5552K->5552K(699072K)
[221.293s][info][gc,metaspace   ] GC(803) Metaspace: 23015K(23936K)->23015K(23936K) NonClass: 20238K(20736K)->20238K(20736K) Class: 2776K(3200K)->2776K(3200K)
[221.293s][info][gc             ] GC(803) Pause Young (Allocation Failure) 278M->5M(989M) 1.661ms
[221.293s][info][gc,cpu         ] GC(803) User=0.02s Sys=0.00s Real=0.00s
[221.586s][info][gc,start       ] GC(804) Pause Young (Allocation Failure)
[221.586s][info][gc,task        ] GC(804) Using 6 workers of 6 for evacuation
[221.587s][info][gc,heap        ] GC(804) ParNew: 279949K->371K(314560K)
[221.587s][info][gc,heap        ] GC(804) CMS: 5552K->5552K(699072K)
[221.587s][info][gc,metaspace   ] GC(804) Metaspace: 23015K(23936K)->23015K(23936K) NonClass: 20238K(20736K)->20238K(20736K) Class: 2776K(3200K)->2776K(3200K)
[221.587s][info][gc             ] GC(804) Pause Young (Allocation Failure) 278M->5M(989M) 1.566ms
[221.587s][info][gc,cpu         ] GC(804) User=0.00s Sys=0.00s Real=0.00s
[221.852s][info][gc,start       ] GC(805) Pause Young (Allocation Failure)
[221.852s][info][gc,task        ] GC(805) Using 6 workers of 6 for evacuation
[221.854s][info][gc,heap        ] GC(805) ParNew: 279987K->386K(314560K)
[221.854s][info][gc,heap        ] GC(805) CMS: 5552K->5552K(699072K)
[221.854s][info][gc,metaspace   ] GC(805) Metaspace: 23015K(23936K)->23015K(23936K) NonClass: 20238K(20736K)->20238K(20736K) Class: 2776K(3200K)->2776K(3200K)
[221.854s][info][gc             ] GC(805) Pause Young (Allocation Failure) 278M->5M(989M) 1.274ms
[221.854s][info][gc,cpu         ] GC(805) User=0.00s Sys=0.00s Real=0.00s
[222.170s][info][gc,start       ] GC(806) Pause Young (Allocation Failure)
[222.170s][info][gc,task        ] GC(806) Using 6 workers of 6 for evacuation
[222.171s][info][gc,heap        ] GC(806) ParNew: 280002K->231K(314560K)
[222.171s][info][gc,heap        ] GC(806) CMS: 5552K->5780K(699072K)
[222.171s][info][gc,metaspace   ] GC(806) Metaspace: 23015K(23936K)->23015K(23936K) NonClass: 20238K(20736K)->20238K(20736K) Class: 2776K(3200K)->2776K(3200K)
[222.171s][info][gc             ] GC(806) Pause Young (Allocation Failure) 278M->5M(989M) 1.485ms
[222.171s][info][gc,cpu         ] GC(806) User=0.00s Sys=0.00s Real=0.00s
[222.489s][info][gc,start       ] GC(807) Pause Young (Allocation Failure)
[222.489s][info][gc,task        ] GC(807) Using 6 workers of 6 for evacuation
[222.490s][info][gc,heap        ] GC(807) ParNew: 279847K->98K(314560K)
[222.490s][info][gc,heap        ] GC(807) CMS: 5780K->5787K(699072K)
[222.490s][info][gc,metaspace   ] GC(807) Metaspace: 23015K(23936K)->23015K(23936K) NonClass: 20238K(20736K)->20238K(20736K) Class: 2776K(3200K)->2776K(3200K)
[222.490s][info][gc             ] GC(807) Pause Young (Allocation Failure) 278M->5M(989M) 1.303ms
[222.490s][info][gc,cpu         ] GC(807) User=0.00s Sys=0.00s Real=0.00s
[222.712s][info][gc,start       ] GC(808) Pause Full (System.gc())
[222.712s][info][gc,phases,start] GC(808) Phase 1: Mark live objects
[222.717s][info][gc,phases      ] GC(808) Phase 1: Mark live objects 5.541ms
[222.718s][info][gc,phases,start] GC(808) Phase 2: Compute new object addresses
[222.738s][info][gc,phases      ] GC(808) Phase 2: Compute new object addresses 20.196ms
[222.738s][info][gc,phases,start] GC(808) Phase 3: Adjust pointers
[222.742s][info][gc,phases      ] GC(808) Phase 3: Adjust pointers 4.564ms
[222.742s][info][gc,phases,start] GC(808) Phase 4: Move objects
[222.742s][info][gc,phases      ] GC(808) Phase 4: Move objects 0.131ms
[222.743s][info][gc,heap        ] GC(808) ParNew: 152513K->0K(314560K)
[222.743s][info][gc,heap        ] GC(808) CMS: 5787K->5552K(699072K)
[222.743s][info][gc,metaspace   ] GC(808) Metaspace: 23015K(23936K)->23015K(23936K) NonClass: 20238K(20736K)->20238K(20736K) Class: 2776K(3200K)->2776K(3200K)
[222.743s][info][gc             ] GC(808) Pause Full (System.gc()) 154M->5M(989M) 31.388ms
[222.743s][info][gc,cpu         ] GC(808) User=0.03s Sys=0.00s Real=0.03s
[223.027s][info][gc,start       ] GC(809) Pause Young (Allocation Failure)
[223.027s][info][gc,task        ] GC(809) Using 6 workers of 6 for evacuation
[223.028s][info][gc,heap        ] GC(809) ParNew: 279616K->237K(314560K)
[223.028s][info][gc,heap        ] GC(809) CMS: 5552K->5552K(699072K)
[223.028s][info][gc,metaspace   ] GC(809) Metaspace: 23015K(23936K)->23015K(23936K) NonClass: 20238K(20736K)->20238K(20736K) Class: 2776K(3200K)->2776K(3200K)
[223.028s][info][gc             ] GC(809) Pause Young (Allocation Failure) 278M->5M(989M) 1.417ms
[223.028s][info][gc,cpu         ] GC(809) User=0.00s Sys=0.00s Real=0.00s
[223.337s][info][gc,start       ] GC(810) Pause Young (Allocation Failure)
[223.337s][info][gc,task        ] GC(810) Using 6 workers of 6 for evacuation
[223.338s][info][gc,heap        ] GC(810) ParNew: 279853K->263K(314560K)
[223.338s][info][gc,heap        ] GC(810) CMS: 5552K->5552K(699072K)
[223.338s][info][gc,metaspace   ] GC(810) Metaspace: 23015K(23936K)->23015K(23936K) NonClass: 20238K(20736K)->20238K(20736K) Class: 2776K(3200K)->2776K(3200K)
[223.338s][info][gc             ] GC(810) Pause Young (Allocation Failure) 278M->5M(989M) 1.412ms
[223.338s][info][gc,cpu         ] GC(810) User=0.00s Sys=0.00s Real=0.00s
[223.615s][info][gc,start       ] GC(811) Pause Young (Allocation Failure)
[223.615s][info][gc,task        ] GC(811) Using 6 workers of 6 for evacuation
[223.617s][info][gc,heap        ] GC(811) ParNew: 279879K->296K(314560K)
[223.617s][info][gc,heap        ] GC(811) CMS: 5552K->5552K(699072K)
[223.617s][info][gc,metaspace   ] GC(811) Metaspace: 23015K(23936K)->23015K(23936K) NonClass: 20238K(20736K)->20238K(20736K) Class: 2776K(3200K)->2776K(3200K)
[223.617s][info][gc             ] GC(811) Pause Young (Allocation Failure) 278M->5M(989M) 1.420ms
[223.617s][info][gc,cpu         ] GC(811) User=0.00s Sys=0.00s Real=0.00s
[223.913s][info][gc,start       ] GC(812) Pause Young (Allocation Failure)
[223.913s][info][gc,task        ] GC(812) Using 6 workers of 6 for evacuation
[223.914s][info][gc,heap        ] GC(812) ParNew: 279912K->329K(314560K)
[223.914s][info][gc,heap        ] GC(812) CMS: 5552K->5552K(699072K)
[223.914s][info][gc,metaspace   ] GC(812) Metaspace: 23015K(23936K)->23015K(23936K) NonClass: 20238K(20736K)->20238K(20736K) Class: 2776K(3200K)->2776K(3200K)
[223.914s][info][gc             ] GC(812) Pause Young (Allocation Failure) 278M->5M(989M) 1.507ms
[223.914s][info][gc,cpu         ] GC(812) User=0.00s Sys=0.00s Real=0.00s
[224.181s][info][gc,start       ] GC(813) Pause Young (Allocation Failure)
[224.181s][info][gc,task        ] GC(813) Using 6 workers of 6 for evacuation
[224.182s][info][gc,heap        ] GC(813) ParNew: 279945K->364K(314560K)
[224.182s][info][gc,heap        ] GC(813) CMS: 5552K->5552K(699072K)
[224.182s][info][gc,metaspace   ] GC(813) Metaspace: 23015K(23936K)->23015K(23936K) NonClass: 20238K(20736K)->20238K(20736K) Class: 2776K(3200K)->2776K(3200K)
[224.182s][info][gc             ] GC(813) Pause Young (Allocation Failure) 278M->5M(989M) 1.535ms
[224.182s][info][gc,cpu         ] GC(813) User=0.00s Sys=0.00s Real=0.00s
[224.468s][info][gc,start       ] GC(814) Pause Young (Allocation Failure)
[224.468s][info][gc,task        ] GC(814) Using 6 workers of 6 for evacuation
[224.469s][info][gc,heap        ] GC(814) ParNew: 279980K->388K(314560K)
[224.469s][info][gc,heap        ] GC(814) CMS: 5552K->5552K(699072K)
[224.469s][info][gc,metaspace   ] GC(814) Metaspace: 23015K(23936K)->23015K(23936K) NonClass: 20238K(20736K)->20238K(20736K) Class: 2776K(3200K)->2776K(3200K)
[224.469s][info][gc             ] GC(814) Pause Young (Allocation Failure) 278M->5M(989M) 1.520ms
[224.469s][info][gc,cpu         ] GC(814) User=0.00s Sys=0.00s Real=0.00s
[224.759s][info][gc,start       ] GC(815) Pause Young (Allocation Failure)
[224.759s][info][gc,task        ] GC(815) Using 6 workers of 6 for evacuation
[224.761s][info][gc,heap        ] GC(815) ParNew: 280004K->257K(314560K)
[224.761s][info][gc,heap        ] GC(815) CMS: 5552K->5780K(699072K)
[224.761s][info][gc,metaspace   ] GC(815) Metaspace: 23015K(23936K)->23015K(23936K) NonClass: 20238K(20736K)->20238K(20736K) Class: 2776K(3200K)->2776K(3200K)
[224.761s][info][gc             ] GC(815) Pause Young (Allocation Failure) 278M->5M(989M) 1.496ms
[224.761s][info][gc,cpu         ] GC(815) User=0.00s Sys=0.00s Real=0.00s
[225.070s][info][gc,start       ] GC(816) Pause Young (Allocation Failure)
[225.070s][info][gc,task        ] GC(816) Using 6 workers of 6 for evacuation
[225.071s][info][gc,heap        ] GC(816) ParNew: 279873K->94K(314560K)
[225.071s][info][gc,heap        ] GC(816) CMS: 5780K->5787K(699072K)
[225.071s][info][gc,metaspace   ] GC(816) Metaspace: 23015K(23936K)->23015K(23936K) NonClass: 20238K(20736K)->20238K(20736K) Class: 2776K(3200K)->2776K(3200K)
[225.071s][info][gc             ] GC(816) Pause Young (Allocation Failure) 278M->5M(989M) 1.268ms
[225.071s][info][gc,cpu         ] GC(816) User=0.00s Sys=0.00s Real=0.00s
[225.360s][info][gc,start       ] GC(817) Pause Full (System.gc())
[225.360s][info][gc,phases,start] GC(817) Phase 1: Mark live objects
[225.366s][info][gc,phases      ] GC(817) Phase 1: Mark live objects 5.803ms
[225.366s][info][gc,phases,start] GC(817) Phase 2: Compute new object addresses
[225.397s][info][gc,phases      ] GC(817) Phase 2: Compute new object addresses 30.987ms
[225.397s][info][gc,phases,start] GC(817) Phase 3: Adjust pointers
[225.401s][info][gc,phases      ] GC(817) Phase 3: Adjust pointers 4.118ms
[225.401s][info][gc,phases,start] GC(817) Phase 4: Move objects
[225.401s][info][gc,phases      ] GC(817) Phase 4: Move objects 0.092ms
[225.402s][info][gc,heap        ] GC(817) ParNew: 248176K->0K(314560K)
[225.402s][info][gc,heap        ] GC(817) CMS: 5787K->5552K(699072K)
[225.402s][info][gc,metaspace   ] GC(817) Metaspace: 23015K(23936K)->23015K(23936K) NonClass: 20238K(20736K)->20238K(20736K) Class: 2776K(3200K)->2776K(3200K)
[225.402s][info][gc             ] GC(817) Pause Full (System.gc()) 248M->5M(989M) 41.950ms
[225.402s][info][gc,cpu         ] GC(817) User=0.05s Sys=0.00s Real=0.05s
[225.693s][info][gc,start       ] GC(818) Pause Young (Allocation Failure)
[225.693s][info][gc,task        ] GC(818) Using 6 workers of 6 for evacuation
[225.694s][info][gc,heap        ] GC(818) ParNew: 279616K->243K(314560K)
[225.694s][info][gc,heap        ] GC(818) CMS: 5552K->5552K(699072K)
[225.694s][info][gc,metaspace   ] GC(818) Metaspace: 23015K(23936K)->23015K(23936K) NonClass: 20238K(20736K)->20238K(20736K) Class: 2776K(3200K)->2776K(3200K)
[225.694s][info][gc             ] GC(818) Pause Young (Allocation Failure) 278M->5M(989M) 1.330ms
[225.694s][info][gc,cpu         ] GC(818) User=0.00s Sys=0.00s Real=0.00s
[225.975s][info][gc,start       ] GC(819) Pause Young (Allocation Failure)
[225.975s][info][gc,task        ] GC(819) Using 6 workers of 6 for evacuation
[225.977s][info][gc,heap        ] GC(819) ParNew: 279859K->260K(314560K)
[225.977s][info][gc,heap        ] GC(819) CMS: 5552K->5552K(699072K)
[225.977s][info][gc,metaspace   ] GC(819) Metaspace: 23015K(23936K)->23015K(23936K) NonClass: 20238K(20736K)->20238K(20736K) Class: 2776K(3200K)->2776K(3200K)
[225.977s][info][gc             ] GC(819) Pause Young (Allocation Failure) 278M->5M(989M) 1.679ms
[225.977s][info][gc,cpu         ] GC(819) User=0.00s Sys=0.00s Real=0.00s
[226.250s][info][gc,start       ] GC(820) Pause Young (Allocation Failure)
[226.250s][info][gc,task        ] GC(820) Using 6 workers of 6 for evacuation
[226.252s][info][gc,heap        ] GC(820) ParNew: 279876K->289K(314560K)
[226.252s][info][gc,heap        ] GC(820) CMS: 5552K->5552K(699072K)
[226.252s][info][gc,metaspace   ] GC(820) Metaspace: 23015K(23936K)->23015K(23936K) NonClass: 20238K(20736K)->20238K(20736K) Class: 2776K(3200K)->2776K(3200K)
[226.252s][info][gc             ] GC(820) Pause Young (Allocation Failure) 278M->5M(989M) 1.488ms
[226.252s][info][gc,cpu         ] GC(820) User=0.00s Sys=0.00s Real=0.00s
[226.537s][info][gc,start       ] GC(821) Pause Young (Allocation Failure)
[226.537s][info][gc,task        ] GC(821) Using 6 workers of 6 for evacuation
[226.539s][info][gc,heap        ] GC(821) ParNew: 279905K->335K(314560K)
[226.539s][info][gc,heap        ] GC(821) CMS: 5552K->5552K(699072K)
[226.539s][info][gc,metaspace   ] GC(821) Metaspace: 23015K(23936K)->23015K(23936K) NonClass: 20238K(20736K)->20238K(20736K) Class: 2776K(3200K)->2776K(3200K)
[226.539s][info][gc             ] GC(821) Pause Young (Allocation Failure) 278M->5M(989M) 1.581ms
[226.539s][info][gc,cpu         ] GC(821) User=0.00s Sys=0.00s Real=0.00s
[226.837s][info][gc,start       ] GC(822) Pause Young (Allocation Failure)
[226.837s][info][gc,task        ] GC(822) Using 6 workers of 6 for evacuation
[226.839s][info][gc,heap        ] GC(822) ParNew: 279951K->376K(314560K)
[226.839s][info][gc,heap        ] GC(822) CMS: 5552K->5552K(699072K)
[226.839s][info][gc,metaspace   ] GC(822) Metaspace: 23015K(23936K)->23015K(23936K) NonClass: 20238K(20736K)->20238K(20736K) Class: 2776K(3200K)->2776K(3200K)
[226.839s][info][gc             ] GC(822) Pause Young (Allocation Failure) 278M->5M(989M) 1.426ms
[226.839s][info][gc,cpu         ] GC(822) User=0.00s Sys=0.00s Real=0.00s
[227.118s][info][gc,start       ] GC(823) Pause Young (Allocation Failure)
[227.118s][info][gc,task        ] GC(823) Using 6 workers of 6 for evacuation
[227.119s][info][gc,heap        ] GC(823) ParNew: 279992K->422K(314560K)
[227.119s][info][gc,heap        ] GC(823) CMS: 5552K->5552K(699072K)
[227.119s][info][gc,metaspace   ] GC(823) Metaspace: 23015K(23936K)->23015K(23936K) NonClass: 20238K(20736K)->20238K(20736K) Class: 2776K(3200K)->2776K(3200K)
[227.119s][info][gc             ] GC(823) Pause Young (Allocation Failure) 278M->5M(989M) 1.475ms
[227.119s][info][gc,cpu         ] GC(823) User=0.00s Sys=0.00s Real=0.00s
[227.413s][info][gc,start       ] GC(824) Pause Young (Allocation Failure)
[227.413s][info][gc,task        ] GC(824) Using 6 workers of 6 for evacuation
[227.414s][info][gc,heap        ] GC(824) ParNew: 280038K->152K(314560K)
[227.414s][info][gc,heap        ] GC(824) CMS: 5552K->5781K(699072K)
[227.414s][info][gc,metaspace   ] GC(824) Metaspace: 23015K(23936K)->23015K(23936K) NonClass: 20238K(20736K)->20238K(20736K) Class: 2776K(3200K)->2776K(3200K)
[227.414s][info][gc             ] GC(824) Pause Young (Allocation Failure) 278M->5M(989M) 1.295ms
[227.414s][info][gc,cpu         ] GC(824) User=0.00s Sys=0.00s Real=0.00s
[227.712s][info][gc,start       ] GC(825) Pause Young (Allocation Failure)
[227.712s][info][gc,task        ] GC(825) Using 6 workers of 6 for evacuation
[227.713s][info][gc,heap        ] GC(825) ParNew: 279768K->80K(314560K)
[227.713s][info][gc,heap        ] GC(825) CMS: 5781K->5787K(699072K)
[227.713s][info][gc,metaspace   ] GC(825) Metaspace: 23015K(23936K)->23015K(23936K) NonClass: 20238K(20736K)->20238K(20736K) Class: 2776K(3200K)->2776K(3200K)
[227.713s][info][gc             ] GC(825) Pause Young (Allocation Failure) 278M->5M(989M) 1.301ms
[227.713s][info][gc,cpu         ] GC(825) User=0.00s Sys=0.00s Real=0.00s
[227.992s][info][gc,start       ] GC(826) Pause Full (System.gc())
[227.992s][info][gc,phases,start] GC(826) Phase 1: Mark live objects
[227.998s][info][gc,phases      ] GC(826) Phase 1: Mark live objects 5.579ms
[227.998s][info][gc,phases,start] GC(826) Phase 2: Compute new object addresses
[228.025s][info][gc,phases      ] GC(826) Phase 2: Compute new object addresses 27.430ms
[228.025s][info][gc,phases,start] GC(826) Phase 3: Adjust pointers
[228.029s][info][gc,phases      ] GC(826) Phase 3: Adjust pointers 4.076ms
[228.029s][info][gc,phases,start] GC(826) Phase 4: Move objects
[228.029s][info][gc,phases      ] GC(826) Phase 4: Move objects 0.094ms
[228.030s][info][gc,heap        ] GC(826) ParNew: 217403K->0K(314560K)
[228.030s][info][gc,heap        ] GC(826) CMS: 5787K->5551K(699072K)
[228.030s][info][gc,metaspace   ] GC(826) Metaspace: 23015K(23936K)->23015K(23936K) NonClass: 20238K(20736K)->20238K(20736K) Class: 2776K(3200K)->2776K(3200K)
[228.030s][info][gc             ] GC(826) Pause Full (System.gc()) 217M->5M(989M) 38.108ms
[228.030s][info][gc,cpu         ] GC(826) User=0.00s Sys=0.00s Real=0.04s
[228.311s][info][gc,start       ] GC(827) Pause Young (Allocation Failure)
[228.311s][info][gc,task        ] GC(827) Using 6 workers of 6 for evacuation
[228.313s][info][gc,heap        ] GC(827) ParNew: 279616K->231K(314560K)
[228.313s][info][gc,heap        ] GC(827) CMS: 5551K->5551K(699072K)
[228.313s][info][gc,metaspace   ] GC(827) Metaspace: 23016K(23936K)->23016K(23936K) NonClass: 20239K(20736K)->20239K(20736K) Class: 2776K(3200K)->2776K(3200K)
[228.313s][info][gc             ] GC(827) Pause Young (Allocation Failure) 278M->5M(989M) 1.271ms
[228.313s][info][gc,cpu         ] GC(827) User=0.00s Sys=0.00s Real=0.00s
[228.607s][info][gc,start       ] GC(828) Pause Young (Allocation Failure)
[228.607s][info][gc,task        ] GC(828) Using 6 workers of 6 for evacuation
[228.608s][info][gc,heap        ] GC(828) ParNew: 279847K->243K(314560K)
[228.608s][info][gc,heap        ] GC(828) CMS: 5551K->5551K(699072K)
[228.608s][info][gc,metaspace   ] GC(828) Metaspace: 23016K(23936K)->23016K(23936K) NonClass: 20239K(20736K)->20239K(20736K) Class: 2776K(3200K)->2776K(3200K)
[228.608s][info][gc             ] GC(828) Pause Young (Allocation Failure) 278M->5M(989M) 1.509ms
[228.608s][info][gc,cpu         ] GC(828) User=0.00s Sys=0.00s Real=0.00s
[228.896s][info][gc,start       ] GC(829) Pause Young (Allocation Failure)
[228.896s][info][gc,task        ] GC(829) Using 6 workers of 6 for evacuation
[228.898s][info][gc,heap        ] GC(829) ParNew: 279859K->275K(314560K)
[228.898s][info][gc,heap        ] GC(829) CMS: 5551K->5551K(699072K)
[228.898s][info][gc,metaspace   ] GC(829) Metaspace: 23016K(23936K)->23016K(23936K) NonClass: 20239K(20736K)->20239K(20736K) Class: 2776K(3200K)->2776K(3200K)
[228.898s][info][gc             ] GC(829) Pause Young (Allocation Failure) 278M->5M(989M) 1.387ms
[228.898s][info][gc,cpu         ] GC(829) User=0.00s Sys=0.00s Real=0.00s
[229.171s][info][gc,start       ] GC(830) Pause Young (Allocation Failure)
[229.171s][info][gc,task        ] GC(830) Using 6 workers of 6 for evacuation
[229.173s][info][gc,heap        ] GC(830) ParNew: 279891K->314K(314560K)
[229.173s][info][gc,heap        ] GC(830) CMS: 5551K->5551K(699072K)
[229.173s][info][gc,metaspace   ] GC(830) Metaspace: 23016K(23936K)->23016K(23936K) NonClass: 20239K(20736K)->20239K(20736K) Class: 2776K(3200K)->2776K(3200K)
[229.173s][info][gc             ] GC(830) Pause Young (Allocation Failure) 278M->5M(989M) 1.510ms
[229.173s][info][gc,cpu         ] GC(830) User=0.00s Sys=0.00s Real=0.00s
[229.451s][info][gc,start       ] GC(831) Pause Young (Allocation Failure)
[229.451s][info][gc,task        ] GC(831) Using 6 workers of 6 for evacuation
[229.452s][info][gc,heap        ] GC(831) ParNew: 279930K->362K(314560K)
[229.452s][info][gc,heap        ] GC(831) CMS: 5551K->5551K(699072K)
[229.452s][info][gc,metaspace   ] GC(831) Metaspace: 23016K(23936K)->23016K(23936K) NonClass: 20239K(20736K)->20239K(20736K) Class: 2776K(3200K)->2776K(3200K)
[229.452s][info][gc             ] GC(831) Pause Young (Allocation Failure) 278M->5M(989M) 1.145ms
[229.452s][info][gc,cpu         ] GC(831) User=0.00s Sys=0.00s Real=0.00s
[229.741s][info][gc,start       ] GC(832) Pause Young (Allocation Failure)
[229.741s][info][gc,task        ] GC(832) Using 6 workers of 6 for evacuation
[229.743s][info][gc,heap        ] GC(832) ParNew: 279978K->418K(314560K)
[229.743s][info][gc,heap        ] GC(832) CMS: 5551K->5551K(699072K)
[229.743s][info][gc,metaspace   ] GC(832) Metaspace: 23016K(23936K)->23016K(23936K) NonClass: 20239K(20736K)->20239K(20736K) Class: 2776K(3200K)->2776K(3200K)
[229.743s][info][gc             ] GC(832) Pause Young (Allocation Failure) 278M->5M(989M) 1.261ms
[229.743s][info][gc,cpu         ] GC(832) User=0.00s Sys=0.00s Real=0.00s
[230.030s][info][gc,start       ] GC(833) Pause Young (Allocation Failure)
[230.030s][info][gc,task        ] GC(833) Using 6 workers of 6 for evacuation
[230.032s][info][gc,heap        ] GC(833) ParNew: 280034K->148K(314560K)
[230.032s][info][gc,heap        ] GC(833) CMS: 5551K->5780K(699072K)
[230.032s][info][gc,metaspace   ] GC(833) Metaspace: 23016K(23936K)->23016K(23936K) NonClass: 20239K(20736K)->20239K(20736K) Class: 2776K(3200K)->2776K(3200K)
[230.032s][info][gc             ] GC(833) Pause Young (Allocation Failure) 278M->5M(989M) 1.586ms
[230.032s][info][gc,cpu         ] GC(833) User=0.00s Sys=0.00s Real=0.00s
[230.335s][info][gc,start       ] GC(834) Pause Young (Allocation Failure)
[230.335s][info][gc,task        ] GC(834) Using 6 workers of 6 for evacuation
[230.337s][info][gc,heap        ] GC(834) ParNew: 279764K->77K(314560K)
[230.337s][info][gc,heap        ] GC(834) CMS: 5780K->5786K(699072K)
[230.337s][info][gc,metaspace   ] GC(834) Metaspace: 23016K(23936K)->23016K(23936K) NonClass: 20239K(20736K)->20239K(20736K) Class: 2776K(3200K)->2776K(3200K)
[230.337s][info][gc             ] GC(834) Pause Young (Allocation Failure) 278M->5M(989M) 1.261ms
[230.337s][info][gc,cpu         ] GC(834) User=0.00s Sys=0.00s Real=0.00s
[230.627s][info][gc,start       ] GC(835) Pause Full (System.gc())
[230.627s][info][gc,phases,start] GC(835) Phase 1: Mark live objects
[230.633s][info][gc,phases      ] GC(835) Phase 1: Mark live objects 5.993ms
[230.633s][info][gc,phases,start] GC(835) Phase 2: Compute new object addresses
[230.660s][info][gc,phases      ] GC(835) Phase 2: Compute new object addresses 26.555ms
[230.660s][info][gc,phases,start] GC(835) Phase 3: Adjust pointers
[230.664s][info][gc,phases      ] GC(835) Phase 3: Adjust pointers 4.050ms
[230.664s][info][gc,phases,start] GC(835) Phase 4: Move objects
[230.664s][info][gc,phases      ] GC(835) Phase 4: Move objects 0.092ms
[230.664s][info][gc,heap        ] GC(835) ParNew: 199422K->0K(314560K)
[230.664s][info][gc,heap        ] GC(835) CMS: 5786K->5552K(699072K)
[230.664s][info][gc,metaspace   ] GC(835) Metaspace: 23016K(23936K)->23016K(23936K) NonClass: 20239K(20736K)->20239K(20736K) Class: 2776K(3200K)->2776K(3200K)
[230.664s][info][gc             ] GC(835) Pause Full (System.gc()) 200M->5M(989M) 37.611ms
[230.665s][info][gc,cpu         ] GC(835) User=0.03s Sys=0.00s Real=0.03s
[230.953s][info][gc,start       ] GC(836) Pause Young (Allocation Failure)
[230.953s][info][gc,task        ] GC(836) Using 6 workers of 6 for evacuation
[230.954s][info][gc,heap        ] GC(836) ParNew: 279616K->234K(314560K)
[230.954s][info][gc,heap        ] GC(836) CMS: 5552K->5552K(699072K)
[230.954s][info][gc,metaspace   ] GC(836) Metaspace: 23016K(23936K)->23016K(23936K) NonClass: 20239K(20736K)->20239K(20736K) Class: 2776K(3200K)->2776K(3200K)
[230.954s][info][gc             ] GC(836) Pause Young (Allocation Failure) 278M->5M(989M) 1.594ms
[230.954s][info][gc,cpu         ] GC(836) User=0.00s Sys=0.00s Real=0.00s
[231.231s][info][gc,start       ] GC(837) Pause Young (Allocation Failure)
[231.231s][info][gc,task        ] GC(837) Using 6 workers of 6 for evacuation
[231.232s][info][gc,heap        ] GC(837) ParNew: 279850K->251K(314560K)
[231.232s][info][gc,heap        ] GC(837) CMS: 5552K->5552K(699072K)
[231.232s][info][gc,metaspace   ] GC(837) Metaspace: 23016K(23936K)->23016K(23936K) NonClass: 20239K(20736K)->20239K(20736K) Class: 2776K(3200K)->2776K(3200K)
[231.232s][info][gc             ] GC(837) Pause Young (Allocation Failure) 278M->5M(989M) 1.560ms
[231.232s][info][gc,cpu         ] GC(837) User=0.00s Sys=0.00s Real=0.00s
[231.507s][info][gc,start       ] GC(838) Pause Young (Allocation Failure)
[231.507s][info][gc,task        ] GC(838) Using 6 workers of 6 for evacuation
[231.508s][info][gc,heap        ] GC(838) ParNew: 279867K->277K(314560K)
[231.508s][info][gc,heap        ] GC(838) CMS: 5552K->5552K(699072K)
[231.508s][info][gc,metaspace   ] GC(838) Metaspace: 23016K(23936K)->23016K(23936K) NonClass: 20239K(20736K)->20239K(20736K) Class: 2776K(3200K)->2776K(3200K)
[231.508s][info][gc             ] GC(838) Pause Young (Allocation Failure) 278M->5M(989M) 1.394ms
[231.508s][info][gc,cpu         ] GC(838) User=0.00s Sys=0.00s Real=0.00s
[231.823s][info][gc,start       ] GC(839) Pause Young (Allocation Failure)
[231.823s][info][gc,task        ] GC(839) Using 6 workers of 6 for evacuation
[231.824s][info][gc,heap        ] GC(839) ParNew: 279893K->319K(314560K)
[231.824s][info][gc,heap        ] GC(839) CMS: 5552K->5552K(699072K)
[231.824s][info][gc,metaspace   ] GC(839) Metaspace: 23016K(23936K)->23016K(23936K) NonClass: 20239K(20736K)->20239K(20736K) Class: 2776K(3200K)->2776K(3200K)
[231.824s][info][gc             ] GC(839) Pause Young (Allocation Failure) 278M->5M(989M) 1.595ms
[231.824s][info][gc,cpu         ] GC(839) User=0.02s Sys=0.00s Real=0.00s
[232.095s][info][gc,start       ] GC(840) Pause Young (Allocation Failure)
[232.095s][info][gc,task        ] GC(840) Using 6 workers of 6 for evacuation
[232.096s][info][gc,heap        ] GC(840) ParNew: 279935K->362K(314560K)
[232.096s][info][gc,heap        ] GC(840) CMS: 5552K->5552K(699072K)
[232.096s][info][gc,metaspace   ] GC(840) Metaspace: 23016K(23936K)->23016K(23936K) NonClass: 20239K(20736K)->20239K(20736K) Class: 2776K(3200K)->2776K(3200K)
[232.096s][info][gc             ] GC(840) Pause Young (Allocation Failure) 278M->5M(989M) 1.458ms
[232.096s][info][gc,cpu         ] GC(840) User=0.00s Sys=0.00s Real=0.00s
[232.374s][info][gc,start       ] GC(841) Pause Young (Allocation Failure)
[232.374s][info][gc,task        ] GC(841) Using 6 workers of 6 for evacuation
[232.375s][info][gc,heap        ] GC(841) ParNew: 279978K->401K(314560K)
[232.375s][info][gc,heap        ] GC(841) CMS: 5552K->5552K(699072K)
[232.375s][info][gc,metaspace   ] GC(841) Metaspace: 23016K(23936K)->23016K(23936K) NonClass: 20239K(20736K)->20239K(20736K) Class: 2776K(3200K)->2776K(3200K)
[232.375s][info][gc             ] GC(841) Pause Young (Allocation Failure) 278M->5M(989M) 1.183ms
[232.375s][info][gc,cpu         ] GC(841) User=0.00s Sys=0.00s Real=0.00s
[232.643s][info][gc,start       ] GC(842) Pause Young (Allocation Failure)
[232.643s][info][gc,task        ] GC(842) Using 6 workers of 6 for evacuation
[232.645s][info][gc,heap        ] GC(842) ParNew: 280017K->245K(314560K)
[232.645s][info][gc,heap        ] GC(842) CMS: 5552K->5780K(699072K)
[232.645s][info][gc,metaspace   ] GC(842) Metaspace: 23016K(23936K)->23016K(23936K) NonClass: 20239K(20736K)->20239K(20736K) Class: 2776K(3200K)->2776K(3200K)
[232.645s][info][gc             ] GC(842) Pause Young (Allocation Failure) 278M->5M(989M) 1.518ms
[232.645s][info][gc,cpu         ] GC(842) User=0.00s Sys=0.00s Real=0.00s
[232.931s][info][gc,start       ] GC(843) Pause Young (Allocation Failure)
[232.931s][info][gc,task        ] GC(843) Using 6 workers of 6 for evacuation
[232.932s][info][gc,heap        ] GC(843) ParNew: 279861K->90K(314560K)
[232.932s][info][gc,heap        ] GC(843) CMS: 5780K->5787K(699072K)
[232.932s][info][gc,metaspace   ] GC(843) Metaspace: 23016K(23936K)->23016K(23936K) NonClass: 20239K(20736K)->20239K(20736K) Class: 2776K(3200K)->2776K(3200K)
[232.932s][info][gc             ] GC(843) Pause Young (Allocation Failure) 278M->5M(989M) 1.482ms
[232.932s][info][gc,cpu         ] GC(843) User=0.00s Sys=0.00s Real=0.00s
[233.216s][info][gc,start       ] GC(844) Pause Full (System.gc())
[233.216s][info][gc,phases,start] GC(844) Phase 1: Mark live objects
[233.222s][info][gc,phases      ] GC(844) Phase 1: Mark live objects 5.862ms
[233.222s][info][gc,phases,start] GC(844) Phase 2: Compute new object addresses
[233.249s][info][gc,phases      ] GC(844) Phase 2: Compute new object addresses 27.125ms
[233.249s][info][gc,phases,start] GC(844) Phase 3: Adjust pointers
[233.253s][info][gc,phases      ] GC(844) Phase 3: Adjust pointers 4.298ms
[233.253s][info][gc,phases,start] GC(844) Phase 4: Move objects
[233.253s][info][gc,phases      ] GC(844) Phase 4: Move objects 0.093ms
[233.254s][info][gc,heap        ] GC(844) ParNew: 213348K->0K(314560K)
[233.254s][info][gc,heap        ] GC(844) CMS: 5787K->5552K(699072K)
[233.254s][info][gc,metaspace   ] GC(844) Metaspace: 23016K(23936K)->23016K(23936K) NonClass: 20239K(20736K)->20239K(20736K) Class: 2776K(3200K)->2776K(3200K)
[233.254s][info][gc             ] GC(844) Pause Full (System.gc()) 214M->5M(989M) 38.312ms
[233.254s][info][gc,cpu         ] GC(844) User=0.03s Sys=0.00s Real=0.03s
[233.536s][info][gc,start       ] GC(845) Pause Young (Allocation Failure)
[233.536s][info][gc,task        ] GC(845) Using 6 workers of 6 for evacuation
[233.537s][info][gc,heap        ] GC(845) ParNew: 279616K->238K(314560K)
[233.537s][info][gc,heap        ] GC(845) CMS: 5552K->5552K(699072K)
[233.537s][info][gc,metaspace   ] GC(845) Metaspace: 23016K(23936K)->23016K(23936K) NonClass: 20239K(20736K)->20239K(20736K) Class: 2776K(3200K)->2776K(3200K)
[233.537s][info][gc             ] GC(845) Pause Young (Allocation Failure) 278M->5M(989M) 1.567ms
[233.537s][info][gc,cpu         ] GC(845) User=0.00s Sys=0.00s Real=0.00s
[233.874s][info][gc,start       ] GC(846) Pause Young (Allocation Failure)
[233.874s][info][gc,task        ] GC(846) Using 6 workers of 6 for evacuation
[233.875s][info][gc,heap        ] GC(846) ParNew: 279854K->255K(314560K)
[233.875s][info][gc,heap        ] GC(846) CMS: 5552K->5552K(699072K)
[233.875s][info][gc,metaspace   ] GC(846) Metaspace: 23016K(23936K)->23016K(23936K) NonClass: 20239K(20736K)->20239K(20736K) Class: 2776K(3200K)->2776K(3200K)
[233.875s][info][gc             ] GC(846) Pause Young (Allocation Failure) 278M->5M(989M) 1.532ms
[233.875s][info][gc,cpu         ] GC(846) User=0.00s Sys=0.00s Real=0.00s
[234.160s][info][gc,start       ] GC(847) Pause Young (Allocation Failure)
[234.160s][info][gc,task        ] GC(847) Using 6 workers of 6 for evacuation
[234.162s][info][gc,heap        ] GC(847) ParNew: 279871K->287K(314560K)
[234.162s][info][gc,heap        ] GC(847) CMS: 5552K->5552K(699072K)
[234.162s][info][gc,metaspace   ] GC(847) Metaspace: 23016K(23936K)->23016K(23936K) NonClass: 20239K(20736K)->20239K(20736K) Class: 2776K(3200K)->2776K(3200K)
[234.162s][info][gc             ] GC(847) Pause Young (Allocation Failure) 278M->5M(989M) 1.595ms
[234.162s][info][gc,cpu         ] GC(847) User=0.00s Sys=0.00s Real=0.00s
[234.447s][info][gc,start       ] GC(848) Pause Young (Allocation Failure)
[234.447s][info][gc,task        ] GC(848) Using 6 workers of 6 for evacuation
[234.449s][info][gc,heap        ] GC(848) ParNew: 279903K->318K(314560K)
[234.449s][info][gc,heap        ] GC(848) CMS: 5552K->5552K(699072K)
[234.449s][info][gc,metaspace   ] GC(848) Metaspace: 23016K(23936K)->23016K(23936K) NonClass: 20239K(20736K)->20239K(20736K) Class: 2776K(3200K)->2776K(3200K)
[234.449s][info][gc             ] GC(848) Pause Young (Allocation Failure) 278M->5M(989M) 1.455ms
[234.449s][info][gc,cpu         ] GC(848) User=0.00s Sys=0.00s Real=0.00s
[234.728s][info][gc,start       ] GC(849) Pause Young (Allocation Failure)
[234.728s][info][gc,task        ] GC(849) Using 6 workers of 6 for evacuation
[234.729s][info][gc,heap        ] GC(849) ParNew: 279934K->363K(314560K)
[234.729s][info][gc,heap        ] GC(849) CMS: 5552K->5552K(699072K)
[234.729s][info][gc,metaspace   ] GC(849) Metaspace: 23016K(23936K)->23016K(23936K) NonClass: 20239K(20736K)->20239K(20736K) Class: 2776K(3200K)->2776K(3200K)
[234.729s][info][gc             ] GC(849) Pause Young (Allocation Failure) 278M->5M(989M) 1.456ms
[234.729s][info][gc,cpu         ] GC(849) User=0.00s Sys=0.00s Real=0.00s
[234.995s][info][gc,start       ] GC(850) Pause Young (Allocation Failure)
[234.995s][info][gc,task        ] GC(850) Using 6 workers of 6 for evacuation
[234.996s][info][gc,heap        ] GC(850) ParNew: 279979K->387K(314560K)
[234.997s][info][gc,heap        ] GC(850) CMS: 5552K->5552K(699072K)
[234.997s][info][gc,metaspace   ] GC(850) Metaspace: 23016K(23936K)->23016K(23936K) NonClass: 20239K(20736K)->20239K(20736K) Class: 2776K(3200K)->2776K(3200K)
[234.997s][info][gc             ] GC(850) Pause Young (Allocation Failure) 278M->5M(989M) 1.302ms
[234.997s][info][gc,cpu         ] GC(850) User=0.02s Sys=0.00s Real=0.00s
[235.258s][info][gc,start       ] GC(851) Pause Young (Allocation Failure)
[235.258s][info][gc,task        ] GC(851) Using 6 workers of 6 for evacuation
[235.259s][info][gc,heap        ] GC(851) ParNew: 280003K->260K(314560K)
[235.259s][info][gc,heap        ] GC(851) CMS: 5552K->5780K(699072K)
[235.259s][info][gc,metaspace   ] GC(851) Metaspace: 23016K(23936K)->23016K(23936K) NonClass: 20239K(20736K)->20239K(20736K) Class: 2776K(3200K)->2776K(3200K)
[235.259s][info][gc             ] GC(851) Pause Young (Allocation Failure) 278M->5M(989M) 1.151ms
[235.259s][info][gc,cpu         ] GC(851) User=0.00s Sys=0.00s Real=0.00s
[235.546s][info][gc,start       ] GC(852) Pause Young (Allocation Failure)
[235.546s][info][gc,task        ] GC(852) Using 6 workers of 6 for evacuation
[235.547s][info][gc,heap        ] GC(852) ParNew: 279876K->74K(314560K)
[235.547s][info][gc,heap        ] GC(852) CMS: 5780K->5788K(699072K)
[235.547s][info][gc,metaspace   ] GC(852) Metaspace: 23016K(23936K)->23016K(23936K) NonClass: 20239K(20736K)->20239K(20736K) Class: 2776K(3200K)->2776K(3200K)
[235.547s][info][gc             ] GC(852) Pause Young (Allocation Failure) 278M->5M(989M) 1.710ms
[235.547s][info][gc,cpu         ] GC(852) User=0.00s Sys=0.00s Real=0.00s
[235.787s][info][gc,start       ] GC(853) Pause Full (System.gc())
[235.787s][info][gc,phases,start] GC(853) Phase 1: Mark live objects
[235.793s][info][gc,phases      ] GC(853) Phase 1: Mark live objects 5.878ms
[235.793s][info][gc,phases,start] GC(853) Phase 2: Compute new object addresses
[235.817s][info][gc,phases      ] GC(853) Phase 2: Compute new object addresses 24.358ms
[235.817s][info][gc,phases,start] GC(853) Phase 3: Adjust pointers
[235.821s][info][gc,phases      ] GC(853) Phase 3: Adjust pointers 4.030ms
[235.821s][info][gc,phases,start] GC(853) Phase 4: Move objects
[235.821s][info][gc,phases      ] GC(853) Phase 4: Move objects 0.094ms
[235.822s][info][gc,heap        ] GC(853) ParNew: 181612K->0K(314560K)
[235.822s][info][gc,heap        ] GC(853) CMS: 5788K->5552K(699072K)
[235.822s][info][gc,metaspace   ] GC(853) Metaspace: 23016K(23936K)->23016K(23936K) NonClass: 20239K(20736K)->20239K(20736K) Class: 2776K(3200K)->2776K(3200K)
[235.822s][info][gc             ] GC(853) Pause Full (System.gc()) 183M->5M(989M) 35.305ms
[235.822s][info][gc,cpu         ] GC(853) User=0.00s Sys=0.00s Real=0.03s
[236.110s][info][gc,start       ] GC(854) Pause Young (Allocation Failure)
[236.110s][info][gc,task        ] GC(854) Using 6 workers of 6 for evacuation
[236.111s][info][gc,heap        ] GC(854) ParNew: 279616K->239K(314560K)
[236.112s][info][gc,heap        ] GC(854) CMS: 5552K->5552K(699072K)
[236.112s][info][gc,metaspace   ] GC(854) Metaspace: 23017K(23936K)->23017K(23936K) NonClass: 20240K(20736K)->20240K(20736K) Class: 2776K(3200K)->2776K(3200K)
[236.112s][info][gc             ] GC(854) Pause Young (Allocation Failure) 278M->5M(989M) 1.555ms
[236.112s][info][gc,cpu         ] GC(854) User=0.00s Sys=0.00s Real=0.00s
[236.417s][info][gc,start       ] GC(855) Pause Young (Allocation Failure)
[236.417s][info][gc,task        ] GC(855) Using 6 workers of 6 for evacuation
[236.418s][info][gc,heap        ] GC(855) ParNew: 279855K->262K(314560K)
[236.418s][info][gc,heap        ] GC(855) CMS: 5552K->5552K(699072K)
[236.418s][info][gc,metaspace   ] GC(855) Metaspace: 23017K(23936K)->23017K(23936K) NonClass: 20240K(20736K)->20240K(20736K) Class: 2776K(3200K)->2776K(3200K)
[236.418s][info][gc             ] GC(855) Pause Young (Allocation Failure) 278M->5M(989M) 1.477ms
[236.418s][info][gc,cpu         ] GC(855) User=0.00s Sys=0.00s Real=0.00s
[236.695s][info][gc,start       ] GC(856) Pause Young (Allocation Failure)
[236.695s][info][gc,task        ] GC(856) Using 6 workers of 6 for evacuation
[236.696s][info][gc,heap        ] GC(856) ParNew: 279878K->278K(314560K)
[236.696s][info][gc,heap        ] GC(856) CMS: 5552K->5552K(699072K)
[236.696s][info][gc,metaspace   ] GC(856) Metaspace: 23017K(23936K)->23017K(23936K) NonClass: 20240K(20736K)->20240K(20736K) Class: 2776K(3200K)->2776K(3200K)
[236.696s][info][gc             ] GC(856) Pause Young (Allocation Failure) 278M->5M(989M) 1.020ms
[236.696s][info][gc,cpu         ] GC(856) User=0.00s Sys=0.00s Real=0.00s
[237.020s][info][gc,start       ] GC(857) Pause Young (Allocation Failure)
[237.020s][info][gc,task        ] GC(857) Using 6 workers of 6 for evacuation
[237.022s][info][gc,heap        ] GC(857) ParNew: 279894K->332K(314560K)
[237.022s][info][gc,heap        ] GC(857) CMS: 5552K->5552K(699072K)
[237.022s][info][gc,metaspace   ] GC(857) Metaspace: 23017K(23936K)->23017K(23936K) NonClass: 20240K(20736K)->20240K(20736K) Class: 2776K(3200K)->2776K(3200K)
[237.022s][info][gc             ] GC(857) Pause Young (Allocation Failure) 278M->5M(989M) 1.483ms
[237.022s][info][gc,cpu         ] GC(857) User=0.00s Sys=0.00s Real=0.00s
[237.293s][info][gc,start       ] GC(858) Pause Young (Allocation Failure)
[237.293s][info][gc,task        ] GC(858) Using 6 workers of 6 for evacuation
[237.294s][info][gc,heap        ] GC(858) ParNew: 279948K->364K(314560K)
[237.294s][info][gc,heap        ] GC(858) CMS: 5552K->5552K(699072K)
[237.294s][info][gc,metaspace   ] GC(858) Metaspace: 23017K(23936K)->23017K(23936K) NonClass: 20240K(20736K)->20240K(20736K) Class: 2776K(3200K)->2776K(3200K)
[237.294s][info][gc             ] GC(858) Pause Young (Allocation Failure) 278M->5M(989M) 1.407ms
[237.294s][info][gc,cpu         ] GC(858) User=0.00s Sys=0.00s Real=0.00s
[237.599s][info][gc,start       ] GC(859) Pause Young (Allocation Failure)
[237.599s][info][gc,task        ] GC(859) Using 6 workers of 6 for evacuation
[237.600s][info][gc,heap        ] GC(859) ParNew: 279980K->394K(314560K)
[237.601s][info][gc,heap        ] GC(859) CMS: 5552K->5552K(699072K)
[237.601s][info][gc,metaspace   ] GC(859) Metaspace: 23017K(23936K)->23017K(23936K) NonClass: 20240K(20736K)->20240K(20736K) Class: 2776K(3200K)->2776K(3200K)
[237.601s][info][gc             ] GC(859) Pause Young (Allocation Failure) 278M->5M(989M) 1.553ms
[237.601s][info][gc,cpu         ] GC(859) User=0.00s Sys=0.00s Real=0.00s
[237.879s][info][gc,start       ] GC(860) Pause Young (Allocation Failure)
[237.879s][info][gc,task        ] GC(860) Using 6 workers of 6 for evacuation
[237.881s][info][gc,heap        ] GC(860) ParNew: 280010K->261K(314560K)
[237.881s][info][gc,heap        ] GC(860) CMS: 5552K->5780K(699072K)
[237.881s][info][gc,metaspace   ] GC(860) Metaspace: 23017K(23936K)->23017K(23936K) NonClass: 20240K(20736K)->20240K(20736K) Class: 2776K(3200K)->2776K(3200K)
[237.881s][info][gc             ] GC(860) Pause Young (Allocation Failure) 278M->5M(989M) 1.612ms
[237.881s][info][gc,cpu         ] GC(860) User=0.00s Sys=0.00s Real=0.00s
[238.245s][info][gc,start       ] GC(861) Pause Young (Allocation Failure)
[238.245s][info][gc,task        ] GC(861) Using 6 workers of 6 for evacuation
[238.246s][info][gc,heap        ] GC(861) ParNew: 279877K->96K(314560K)
[238.247s][info][gc,heap        ] GC(861) CMS: 5780K->5787K(699072K)
[238.247s][info][gc,metaspace   ] GC(861) Metaspace: 23017K(23936K)->23017K(23936K) NonClass: 20240K(20736K)->20240K(20736K) Class: 2776K(3200K)->2776K(3200K)
[238.247s][info][gc             ] GC(861) Pause Young (Allocation Failure) 278M->5M(989M) 1.527ms
[238.247s][info][gc,cpu         ] GC(861) User=0.02s Sys=0.00s Real=0.00s
[238.522s][info][gc,start       ] GC(862) Pause Full (System.gc())
[238.522s][info][gc,phases,start] GC(862) Phase 1: Mark live objects
[238.529s][info][gc,phases      ] GC(862) Phase 1: Mark live objects 6.200ms
[238.529s][info][gc,phases,start] GC(862) Phase 2: Compute new object addresses
[238.552s][info][gc,phases      ] GC(862) Phase 2: Compute new object addresses 22.975ms
[238.552s][info][gc,phases,start] GC(862) Phase 3: Adjust pointers
[238.556s][info][gc,phases      ] GC(862) Phase 3: Adjust pointers 4.040ms
[238.556s][info][gc,phases,start] GC(862) Phase 4: Move objects
[238.556s][info][gc,phases      ] GC(862) Phase 4: Move objects 0.093ms
[238.556s][info][gc,heap        ] GC(862) ParNew: 174838K->0K(314560K)
[238.556s][info][gc,heap        ] GC(862) CMS: 5787K->5552K(699072K)
[238.556s][info][gc,metaspace   ] GC(862) Metaspace: 23017K(23936K)->23017K(23936K) NonClass: 20240K(20736K)->20240K(20736K) Class: 2776K(3200K)->2776K(3200K)
[238.556s][info][gc             ] GC(862) Pause Full (System.gc()) 176M->5M(989M) 34.262ms
[238.556s][info][gc,cpu         ] GC(862) User=0.03s Sys=0.00s Real=0.03s
[238.849s][info][gc,start       ] GC(863) Pause Young (Allocation Failure)
[238.849s][info][gc,task        ] GC(863) Using 6 workers of 6 for evacuation
[238.850s][info][gc,heap        ] GC(863) ParNew: 279616K->244K(314560K)
[238.850s][info][gc,heap        ] GC(863) CMS: 5552K->5552K(699072K)
[238.850s][info][gc,metaspace   ] GC(863) Metaspace: 23017K(23936K)->23017K(23936K) NonClass: 20240K(20736K)->20240K(20736K) Class: 2776K(3200K)->2776K(3200K)
[238.850s][info][gc             ] GC(863) Pause Young (Allocation Failure) 278M->5M(989M) 1.454ms
[238.850s][info][gc,cpu         ] GC(863) User=0.00s Sys=0.00s Real=0.00s
[239.136s][info][gc,start       ] GC(864) Pause Young (Allocation Failure)
[239.136s][info][gc,task        ] GC(864) Using 6 workers of 6 for evacuation
[239.137s][info][gc,heap        ] GC(864) ParNew: 279860K->266K(314560K)
[239.137s][info][gc,heap        ] GC(864) CMS: 5552K->5552K(699072K)
[239.137s][info][gc,metaspace   ] GC(864) Metaspace: 23017K(23936K)->23017K(23936K) NonClass: 20240K(20736K)->20240K(20736K) Class: 2776K(3200K)->2776K(3200K)
[239.137s][info][gc             ] GC(864) Pause Young (Allocation Failure) 278M->5M(989M) 1.637ms
[239.137s][info][gc,cpu         ] GC(864) User=0.00s Sys=0.00s Real=0.00s
[239.421s][info][gc,start       ] GC(865) Pause Young (Allocation Failure)
[239.421s][info][gc,task        ] GC(865) Using 6 workers of 6 for evacuation
[239.423s][info][gc,heap        ] GC(865) ParNew: 279882K->295K(314560K)
[239.423s][info][gc,heap        ] GC(865) CMS: 5552K->5552K(699072K)
[239.423s][info][gc,metaspace   ] GC(865) Metaspace: 23017K(23936K)->23017K(23936K) NonClass: 20240K(20736K)->20240K(20736K) Class: 2776K(3200K)->2776K(3200K)
[239.423s][info][gc             ] GC(865) Pause Young (Allocation Failure) 278M->5M(989M) 1.483ms
[239.423s][info][gc,cpu         ] GC(865) User=0.00s Sys=0.00s Real=0.00s
[239.726s][info][gc,start       ] GC(866) Pause Young (Allocation Failure)
[239.726s][info][gc,task        ] GC(866) Using 6 workers of 6 for evacuation
[239.727s][info][gc,heap        ] GC(866) ParNew: 279911K->330K(314560K)
[239.727s][info][gc,heap        ] GC(866) CMS: 5552K->5552K(699072K)
[239.727s][info][gc,metaspace   ] GC(866) Metaspace: 23017K(23936K)->23017K(23936K) NonClass: 20240K(20736K)->20240K(20736K) Class: 2776K(3200K)->2776K(3200K)
[239.727s][info][gc             ] GC(866) Pause Young (Allocation Failure) 278M->5M(989M) 1.441ms
[239.727s][info][gc,cpu         ] GC(866) User=0.00s Sys=0.00s Real=0.00s
[239.997s][info][gc,start       ] GC(867) Pause Young (Allocation Failure)
[239.997s][info][gc,task        ] GC(867) Using 6 workers of 6 for evacuation
[239.999s][info][gc,heap        ] GC(867) ParNew: 279946K->356K(314560K)
[239.999s][info][gc,heap        ] GC(867) CMS: 5552K->5552K(699072K)
[239.999s][info][gc,metaspace   ] GC(867) Metaspace: 23017K(23936K)->23017K(23936K) NonClass: 20240K(20736K)->20240K(20736K) Class: 2776K(3200K)->2776K(3200K)
[239.999s][info][gc             ] GC(867) Pause Young (Allocation Failure) 278M->5M(989M) 1.598ms
[239.999s][info][gc,cpu         ] GC(867) User=0.00s Sys=0.00s Real=0.00s
[240.273s][info][gc,start       ] GC(868) Pause Young (Allocation Failure)
[240.273s][info][gc,task        ] GC(868) Using 6 workers of 6 for evacuation
[240.274s][info][gc,heap        ] GC(868) ParNew: 279972K->384K(314560K)
[240.274s][info][gc,heap        ] GC(868) CMS: 5552K->5552K(699072K)
[240.274s][info][gc,metaspace   ] GC(868) Metaspace: 23017K(23936K)->23017K(23936K) NonClass: 20240K(20736K)->20240K(20736K) Class: 2776K(3200K)->2776K(3200K)
[240.274s][info][gc             ] GC(868) Pause Young (Allocation Failure) 278M->5M(989M) 1.379ms
[240.274s][info][gc,cpu         ] GC(868) User=0.00s Sys=0.00s Real=0.00s
[240.541s][info][gc,start       ] GC(869) Pause Young (Allocation Failure)
[240.541s][info][gc,task        ] GC(869) Using 6 workers of 6 for evacuation
[240.542s][info][gc,heap        ] GC(869) ParNew: 280000K->254K(314560K)
[240.542s][info][gc,heap        ] GC(869) CMS: 5552K->5780K(699072K)
[240.542s][info][gc,metaspace   ] GC(869) Metaspace: 23017K(23936K)->23017K(23936K) NonClass: 20240K(20736K)->20240K(20736K) Class: 2776K(3200K)->2776K(3200K)
[240.542s][info][gc             ] GC(869) Pause Young (Allocation Failure) 278M->5M(989M) 1.432ms
[240.542s][info][gc,cpu         ] GC(869) User=0.00s Sys=0.02s Real=0.00s
[240.853s][info][gc,start       ] GC(870) Pause Young (Allocation Failure)
[240.853s][info][gc,task        ] GC(870) Using 6 workers of 6 for evacuation
[240.855s][info][gc,heap        ] GC(870) ParNew: 279870K->93K(314560K)
[240.855s][info][gc,heap        ] GC(870) CMS: 5780K->5787K(699072K)
[240.855s][info][gc,metaspace   ] GC(870) Metaspace: 23017K(23936K)->23017K(23936K) NonClass: 20240K(20736K)->20240K(20736K) Class: 2776K(3200K)->2776K(3200K)
[240.855s][info][gc             ] GC(870) Pause Young (Allocation Failure) 278M->5M(989M) 1.385ms
[240.855s][info][gc,cpu         ] GC(870) User=0.00s Sys=0.00s Real=0.00s
[241.083s][info][gc,start       ] GC(871) Pause Full (System.gc())
[241.083s][info][gc,phases,start] GC(871) Phase 1: Mark live objects
[241.089s][info][gc,phases      ] GC(871) Phase 1: Mark live objects 5.712ms
[241.089s][info][gc,phases,start] GC(871) Phase 2: Compute new object addresses
[241.111s][info][gc,phases      ] GC(871) Phase 2: Compute new object addresses 22.507ms
[241.111s][info][gc,phases,start] GC(871) Phase 3: Adjust pointers
[241.115s][info][gc,phases      ] GC(871) Phase 3: Adjust pointers 4.038ms
[241.115s][info][gc,phases,start] GC(871) Phase 4: Move objects
[241.115s][info][gc,phases      ] GC(871) Phase 4: Move objects 0.094ms
[241.116s][info][gc,heap        ] GC(871) ParNew: 173914K->0K(314560K)
[241.116s][info][gc,heap        ] GC(871) CMS: 5787K->5552K(699072K)
[241.116s][info][gc,metaspace   ] GC(871) Metaspace: 23017K(23936K)->23017K(23936K) NonClass: 20240K(20736K)->20240K(20736K) Class: 2776K(3200K)->2776K(3200K)
[241.116s][info][gc             ] GC(871) Pause Full (System.gc()) 175M->5M(989M) 33.370ms
[241.116s][info][gc,cpu         ] GC(871) User=0.03s Sys=0.00s Real=0.03s
[241.403s][info][gc,start       ] GC(872) Pause Young (Allocation Failure)
[241.403s][info][gc,task        ] GC(872) Using 6 workers of 6 for evacuation
[241.404s][info][gc,heap        ] GC(872) ParNew: 279616K->240K(314560K)
[241.404s][info][gc,heap        ] GC(872) CMS: 5552K->5552K(699072K)
[241.404s][info][gc,metaspace   ] GC(872) Metaspace: 23017K(23936K)->23017K(23936K) NonClass: 20240K(20736K)->20240K(20736K) Class: 2776K(3200K)->2776K(3200K)
[241.404s][info][gc             ] GC(872) Pause Young (Allocation Failure) 278M->5M(989M) 1.415ms
[241.404s][info][gc,cpu         ] GC(872) User=0.00s Sys=0.00s Real=0.00s
[241.696s][info][gc,start       ] GC(873) Pause Young (Allocation Failure)
[241.696s][info][gc,task        ] GC(873) Using 6 workers of 6 for evacuation
[241.698s][info][gc,heap        ] GC(873) ParNew: 279856K->266K(314560K)
[241.698s][info][gc,heap        ] GC(873) CMS: 5552K->5552K(699072K)
[241.698s][info][gc,metaspace   ] GC(873) Metaspace: 23017K(23936K)->23017K(23936K) NonClass: 20240K(20736K)->20240K(20736K) Class: 2776K(3200K)->2776K(3200K)
[241.698s][info][gc             ] GC(873) Pause Young (Allocation Failure) 278M->5M(989M) 1.568ms
[241.698s][info][gc,cpu         ] GC(873) User=0.00s Sys=0.00s Real=0.00s
[241.980s][info][gc,start       ] GC(874) Pause Young (Allocation Failure)
[241.981s][info][gc,task        ] GC(874) Using 6 workers of 6 for evacuation
[241.982s][info][gc,heap        ] GC(874) ParNew: 279882K->293K(314560K)
[241.982s][info][gc,heap        ] GC(874) CMS: 5552K->5552K(699072K)
[241.982s][info][gc,metaspace   ] GC(874) Metaspace: 23017K(23936K)->23017K(23936K) NonClass: 20240K(20736K)->20240K(20736K) Class: 2776K(3200K)->2776K(3200K)
[241.982s][info][gc             ] GC(874) Pause Young (Allocation Failure) 278M->5M(989M) 1.546ms
[241.982s][info][gc,cpu         ] GC(874) User=0.00s Sys=0.00s Real=0.00s
[242.256s][info][gc,start       ] GC(875) Pause Young (Allocation Failure)
[242.257s][info][gc,task        ] GC(875) Using 6 workers of 6 for evacuation
[242.258s][info][gc,heap        ] GC(875) ParNew: 279909K->334K(314560K)
[242.258s][info][gc,heap        ] GC(875) CMS: 5552K->5552K(699072K)
[242.258s][info][gc,metaspace   ] GC(875) Metaspace: 23017K(23936K)->23017K(23936K) NonClass: 20240K(20736K)->20240K(20736K) Class: 2776K(3200K)->2776K(3200K)
[242.258s][info][gc             ] GC(875) Pause Young (Allocation Failure) 278M->5M(989M) 1.394ms
[242.258s][info][gc,cpu         ] GC(875) User=0.00s Sys=0.00s Real=0.00s
[242.541s][info][gc,start       ] GC(876) Pause Young (Allocation Failure)
[242.541s][info][gc,task        ] GC(876) Using 6 workers of 6 for evacuation
[242.542s][info][gc,heap        ] GC(876) ParNew: 279950K->369K(314560K)
[242.543s][info][gc,heap        ] GC(876) CMS: 5552K->5552K(699072K)
[242.543s][info][gc,metaspace   ] GC(876) Metaspace: 23017K(23936K)->23017K(23936K) NonClass: 20240K(20736K)->20240K(20736K) Class: 2776K(3200K)->2776K(3200K)
[242.543s][info][gc             ] GC(876) Pause Young (Allocation Failure) 278M->5M(989M) 1.485ms
[242.543s][info][gc,cpu         ] GC(876) User=0.00s Sys=0.02s Real=0.00s
[242.819s][info][gc,start       ] GC(877) Pause Young (Allocation Failure)
[242.819s][info][gc,task        ] GC(877) Using 6 workers of 6 for evacuation
[242.820s][info][gc,heap        ] GC(877) ParNew: 279985K->401K(314560K)
[242.820s][info][gc,heap        ] GC(877) CMS: 5552K->5552K(699072K)
[242.820s][info][gc,metaspace   ] GC(877) Metaspace: 23017K(23936K)->23017K(23936K) NonClass: 20240K(20736K)->20240K(20736K) Class: 2776K(3200K)->2776K(3200K)
[242.820s][info][gc             ] GC(877) Pause Young (Allocation Failure) 278M->5M(989M) 1.537ms
[242.820s][info][gc,cpu         ] GC(877) User=0.00s Sys=0.00s Real=0.00s
[243.093s][info][gc,start       ] GC(878) Pause Young (Allocation Failure)
[243.093s][info][gc,task        ] GC(878) Using 6 workers of 6 for evacuation
[243.094s][info][gc,heap        ] GC(878) ParNew: 280017K->238K(314560K)
[243.094s][info][gc,heap        ] GC(878) CMS: 5552K->5780K(699072K)
[243.094s][info][gc,metaspace   ] GC(878) Metaspace: 23017K(23936K)->23017K(23936K) NonClass: 20240K(20736K)->20240K(20736K) Class: 2776K(3200K)->2776K(3200K)
[243.094s][info][gc             ] GC(878) Pause Young (Allocation Failure) 278M->5M(989M) 1.465ms
[243.094s][info][gc,cpu         ] GC(878) User=0.00s Sys=0.00s Real=0.00s
[243.380s][info][gc,start       ] GC(879) Pause Young (Allocation Failure)
[243.380s][info][gc,task        ] GC(879) Using 6 workers of 6 for evacuation
[243.382s][info][gc,heap        ] GC(879) ParNew: 279854K->99K(314560K)
[243.382s][info][gc,heap        ] GC(879) CMS: 5780K->5787K(699072K)
[243.382s][info][gc,metaspace   ] GC(879) Metaspace: 23017K(23936K)->23017K(23936K) NonClass: 20240K(20736K)->20240K(20736K) Class: 2776K(3200K)->2776K(3200K)
[243.382s][info][gc             ] GC(879) Pause Young (Allocation Failure) 278M->5M(989M) 1.389ms
[243.382s][info][gc,cpu         ] GC(879) User=0.00s Sys=0.00s Real=0.00s
[243.691s][info][gc,heap,exit   ] Heap
[243.692s][info][gc,heap,exit   ]  par new generation   total 314560K, used 241735K [0x00000000c0000000, 0x00000000d5550000, 0x00000000d5550000)
[243.692s][info][gc,heap,exit   ]   eden space 279616K,  86% used [0x00000000c0000000, 0x00000000cebf92f0, 0x00000000d1110000)
[243.692s][info][gc,heap,exit   ]   from space 34944K,   0% used [0x00000000d1110000, 0x00000000d1128c90, 0x00000000d3330000)
[243.692s][info][gc,heap,exit   ]   to   space 34944K,   0% used [0x00000000d3330000, 0x00000000d3330000, 0x00000000d5550000)
[243.692s][info][gc,heap,exit   ]  concurrent mark-sweep generation total 699072K, used 5787K [0x00000000d5550000, 0x0000000100000000, 0x0000000100000000)
[243.692s][info][gc,heap,exit   ]  Metaspace       used 23088K, capacity 23577K, committed 23936K, reserved 1071104K
[243.692s][info][gc,heap,exit   ]   class space    used 2787K, capacity 3024K, committed 3200K, reserved 1048576K
