[0.017s][info][gc] Using Parallel
[0.017s][info][gc,heap,coops] Heap address: 0x0000000700000000, size: 4096 MB, Compressed Oops mode: Zero based, Oop shift amount: 3
[1.329s][info][gc,start     ] GC(0) Pause Young (Metadata GC Threshold)
[1.333s][info][gc,heap      ] GC(0) PSYoungGen: 83894K->4824K(1223168K)
[1.333s][info][gc,heap      ] GC(0) ParOldGen: 0K->16K(2796544K)
[1.333s][info][gc,metaspace ] GC(0) Metaspace: 20686K(21248K)->20686K(21248K) NonClass: 18146K(18432K)->18146K(18432K) Class: 2539K(2816K)->2539K(2816K)
[1.333s][info][gc           ] GC(0) Pause Young (Metadata GC Threshold) 81M->4M(3925M) 4.386ms
[1.333s][info][gc,cpu       ] GC(0) User=0.00s Sys=0.00s Real=0.00s
[1.333s][info][gc,start     ] GC(1) Pause Full (Metadata GC Threshold)
[1.333s][info][gc,phases,start] GC(1) Marking Phase
[1.337s][info][gc,phases      ] GC(1) Marking Phase 4.135ms
[1.337s][info][gc,phases,start] GC(1) Summary Phase
[1.337s][info][gc,phases      ] GC(1) Summary Phase 0.011ms
[1.337s][info][gc,phases,start] GC(1) Adjust Roots
[1.340s][info][gc,phases      ] GC(1) Adjust Roots 2.680ms
[1.340s][info][gc,phases,start] GC(1) Compaction Phase
[1.345s][info][gc,phases      ] GC(1) Compaction Phase 4.647ms
[1.345s][info][gc,phases,start] GC(1) Post Compact
[1.345s][info][gc,phases      ] GC(1) Post Compact 0.602ms
[1.346s][info][gc,heap        ] GC(1) PSYoungGen: 4824K->0K(1223168K)
[1.346s][info][gc,heap        ] GC(1) ParOldGen: 16K->4685K(2796544K)
[1.346s][info][gc,metaspace   ] GC(1) Metaspace: 20686K(21248K)->20686K(21248K) NonClass: 18146K(18432K)->18146K(18432K) Class: 2539K(2816K)->2539K(2816K)
[1.346s][info][gc             ] GC(1) Pause Full (Metadata GC Threshold) 4M->4M(3925M) 12.344ms
[1.346s][info][gc,cpu         ] GC(1) User=0.00s Sys=0.00s Real=0.02s
[1.499s][info][gc,start       ] GC(2) Pause Young (System.gc())
[1.500s][info][gc,heap        ] GC(2) PSYoungGen: 52428K->320K(1223168K)
[1.500s][info][gc,heap        ] GC(2) ParOldGen: 4685K->4693K(2796544K)
[1.500s][info][gc,metaspace   ] GC(2) Metaspace: 23016K(23808K)->23016K(23808K) NonClass: 20047K(20480K)->20047K(20480K) Class: 2969K(3328K)->2969K(3328K)
[1.500s][info][gc             ] GC(2) Pause Young (System.gc()) 55M->4M(3925M) 0.753ms
[1.500s][info][gc,cpu         ] GC(2) User=0.00s Sys=0.00s Real=0.00s
[1.500s][info][gc,start       ] GC(3) Pause Full (System.gc())
[1.500s][info][gc,phases,start] GC(3) Marking Phase
[1.504s][info][gc,phases      ] GC(3) Marking Phase 3.934ms
[1.504s][info][gc,phases,start] GC(3) Summary Phase
[1.504s][info][gc,phases      ] GC(3) Summary Phase 0.010ms
[1.504s][info][gc,phases,start] GC(3) Adjust Roots
[1.507s][info][gc,phases      ] GC(3) Adjust Roots 2.868ms
[1.507s][info][gc,phases,start] GC(3) Compaction Phase
[1.527s][info][gc,phases      ] GC(3) Compaction Phase 20.111ms
[1.527s][info][gc,phases,start] GC(3) Post Compact
[1.528s][info][gc,phases      ] GC(3) Post Compact 0.732ms
[1.528s][info][gc,heap        ] GC(3) PSYoungGen: 320K->0K(1223168K)
[1.528s][info][gc,heap        ] GC(3) ParOldGen: 4693K->4843K(2796544K)
[1.528s][info][gc,metaspace   ] GC(3) Metaspace: 23016K(23808K)->23016K(23808K) NonClass: 20047K(20480K)->20047K(20480K) Class: 2969K(3328K)->2969K(3328K)
[1.528s][info][gc             ] GC(3) Pause Full (System.gc()) 4M->4M(3925M) 27.940ms
[1.528s][info][gc,cpu         ] GC(3) User=0.02s Sys=0.00s Real=0.03s
[4.342s][info][gc,start       ] GC(4) Pause Young (Allocation Failure)
[4.344s][info][gc,heap        ] GC(4) PSYoungGen: 1048576K->1056K(1223168K)
[4.344s][info][gc,heap        ] GC(4) ParOldGen: 4843K->4851K(2796544K)
[4.344s][info][gc,metaspace   ] GC(4) Metaspace: 25017K(25856K)->25017K(25856K) NonClass: 21809K(22272K)->21809K(22272K) Class: 3207K(3584K)->3207K(3584K)
[4.344s][info][gc             ] GC(4) Pause Young (Allocation Failure) 1028M->5M(3925M) 1.663ms
[4.344s][info][gc,cpu         ] GC(4) User=0.00s Sys=0.00s Real=0.00s
[4.604s][info][gc,start       ] GC(5) Pause Young (Allocation Failure)
[4.605s][info][gc,heap        ] GC(5) PSYoungGen: 1049632K->896K(1223168K)
[4.605s][info][gc,heap        ] GC(5) ParOldGen: 4851K->4859K(2796544K)
[4.605s][info][gc,metaspace   ] GC(5) Metaspace: 25019K(25856K)->25019K(25856K) NonClass: 21811K(22272K)->21811K(22272K) Class: 3207K(3584K)->3207K(3584K)
[4.605s][info][gc             ] GC(5) Pause Young (Allocation Failure) 1029M->5M(3925M) 1.292ms
[4.605s][info][gc,cpu         ] GC(5) User=0.00s Sys=0.00s Real=0.00s
[4.792s][info][gc,start       ] GC(6) Pause Young (Allocation Failure)
[4.793s][info][gc,heap        ] GC(6) PSYoungGen: 1049472K->896K(1223168K)
[4.793s][info][gc,heap        ] GC(6) ParOldGen: 4859K->4867K(2796544K)
[4.793s][info][gc,metaspace   ] GC(6) Metaspace: 25019K(25856K)->25019K(25856K) NonClass: 21811K(22272K)->21811K(22272K) Class: 3207K(3584K)->3207K(3584K)
[4.793s][info][gc             ] GC(6) Pause Young (Allocation Failure) 1029M->5M(3925M) 1.162ms
[4.793s][info][gc,cpu         ] GC(6) User=0.00s Sys=0.00s Real=0.00s
[8.410s][info][gc,start       ] GC(7) Pause Young (Allocation Failure)
[8.448s][info][gc,heap        ] GC(7) PSYoungGen: 1049472K->78144K(1350144K)
[8.448s][info][gc,heap        ] GC(7) ParOldGen: 4867K->4875K(2796544K)
[8.448s][info][gc,metaspace   ] GC(7) Metaspace: 25412K(26240K)->25412K(26240K) NonClass: 22129K(22528K)->22129K(22528K) Class: 3282K(3712K)->3282K(3712K)
[8.448s][info][gc             ] GC(7) Pause Young (Allocation Failure) 1029M->81M(4049M) 38.242ms
[8.448s][info][gc,cpu         ] GC(7) User=0.08s Sys=0.05s Real=0.03s
[9.589s][info][gc,start       ] GC(8) Pause Young (Allocation Failure)
[9.862s][info][gc,heap        ] GC(8) PSYoungGen: 1253696K->47594K(1223168K)
[9.862s][info][gc,heap        ] GC(8) ParOldGen: 4875K->389203K(2796544K)
[9.862s][info][gc,metaspace   ] GC(8) Metaspace: 25447K(26240K)->25447K(26240K) NonClass: 22155K(22528K)->22155K(22528K) Class: 3291K(3712K)->3291K(3712K)
[9.862s][info][gc             ] GC(8) Pause Young (Allocation Failure) 1229M->426M(3925M) 273.117ms
[9.862s][info][gc,cpu         ] GC(8) User=1.44s Sys=0.23s Real=0.27s
[10.887s][info][gc,start       ] GC(9) Pause Young (System.gc())
[10.930s][info][gc,heap        ] GC(9) PSYoungGen: 415130K->41738K(1099264K)
[10.930s][info][gc,heap        ] GC(9) ParOldGen: 389203K->389768K(2796544K)
[10.930s][info][gc,metaspace   ] GC(9) Metaspace: 25527K(26496K)->25527K(26496K) NonClass: 22212K(22784K)->22212K(22784K) Class: 3315K(3712K)->3315K(3712K)
[10.930s][info][gc             ] GC(9) Pause Young (System.gc()) 785M->421M(3804M) 43.582ms
[10.930s][info][gc,cpu         ] GC(9) User=0.12s Sys=0.00s Real=0.03s
[10.930s][info][gc,start       ] GC(10) Pause Full (System.gc())
[10.930s][info][gc,phases,start] GC(10) Marking Phase
[10.939s][info][gc,phases      ] GC(10) Marking Phase 8.352ms
[10.939s][info][gc,phases,start] GC(10) Summary Phase
[10.939s][info][gc,phases      ] GC(10) Summary Phase 0.023ms
[10.939s][info][gc,phases,start] GC(10) Adjust Roots
[10.943s][info][gc,phases      ] GC(10) Adjust Roots 4.569ms
[10.943s][info][gc,phases,start] GC(10) Compaction Phase
[10.963s][info][gc,phases      ] GC(10) Compaction Phase 19.176ms
[10.963s][info][gc,phases,start] GC(10) Post Compact
[10.968s][info][gc,phases      ] GC(10) Post Compact 5.351ms
[10.968s][info][gc,heap        ] GC(10) PSYoungGen: 41738K->0K(1099264K)
[10.968s][info][gc,heap        ] GC(10) ParOldGen: 389768K->5480K(2796544K)
[10.968s][info][gc,metaspace   ] GC(10) Metaspace: 25527K(26496K)->25402K(26496K) NonClass: 22212K(22784K)->22127K(22784K) Class: 3315K(3712K)->3274K(3712K)
[10.968s][info][gc             ] GC(10) Pause Full (System.gc()) 421M->5M(3804M) 37.814ms
[10.968s][info][gc,cpu         ] GC(10) User=0.03s Sys=0.00s Real=0.04s
[13.023s][info][gc,start       ] GC(11) Pause Young (Allocation Failure)
[13.023s][info][gc,heap        ] GC(11) PSYoungGen: 924672K->704K(1161216K)
[13.023s][info][gc,heap        ] GC(11) ParOldGen: 5480K->5480K(2796544K)
[13.023s][info][gc,metaspace   ] GC(11) Metaspace: 25403K(26496K)->25403K(26496K) NonClass: 22129K(22784K)->22129K(22784K) Class: 3274K(3712K)->3274K(3712K)
[13.023s][info][gc             ] GC(11) Pause Young (Allocation Failure) 908M->6M(3865M) 0.734ms
[13.023s][info][gc,cpu         ] GC(11) User=0.00s Sys=0.00s Real=0.00s
[13.174s][info][gc,start       ] GC(12) Pause Young (Allocation Failure)
[13.175s][info][gc,heap        ] GC(12) PSYoungGen: 925376K->512K(1173504K)
[13.175s][info][gc,heap        ] GC(12) ParOldGen: 5480K->5480K(2796544K)
[13.175s][info][gc,metaspace   ] GC(12) Metaspace: 25403K(26496K)->25403K(26496K) NonClass: 22129K(22784K)->22129K(22784K) Class: 3274K(3712K)->3274K(3712K)
[13.175s][info][gc             ] GC(12) Pause Young (Allocation Failure) 909M->5M(3877M) 0.568ms
[13.175s][info][gc,cpu         ] GC(12) User=0.00s Sys=0.00s Real=0.00s
[13.338s][info][gc,start       ] GC(13) Pause Young (Allocation Failure)
[13.338s][info][gc,heap        ] GC(13) PSYoungGen: 943104K->352K(1166848K)
[13.338s][info][gc,heap        ] GC(13) ParOldGen: 5480K->5536K(2796544K)
[13.338s][info][gc,metaspace   ] GC(13) Metaspace: 25403K(26496K)->25403K(26496K) NonClass: 22129K(22784K)->22129K(22784K) Class: 3274K(3712K)->3274K(3712K)
[13.338s][info][gc             ] GC(13) Pause Young (Allocation Failure) 926M->5M(3870M) 0.580ms
[13.338s][info][gc,cpu         ] GC(13) User=0.00s Sys=0.00s Real=0.00s
[14.191s][info][gc,start       ] GC(14) Pause Young (Allocation Failure)
[14.400s][info][gc,heap        ] GC(14) PSYoungGen: 942944K->216547K(950784K)
[14.400s][info][gc,heap        ] GC(14) ParOldGen: 5536K->194368K(2796544K)
[14.400s][info][gc,metaspace   ] GC(14) Metaspace: 25403K(26496K)->25403K(26496K) NonClass: 22129K(22784K)->22129K(22784K) Class: 3274K(3712K)->3274K(3712K)
[14.400s][info][gc             ] GC(14) Pause Young (Allocation Failure) 926M->401M(3659M) 209.284ms
[14.400s][info][gc,cpu         ] GC(14) User=1.19s Sys=0.03s Real=0.22s
[19.246s][info][gc,start       ] GC(15) Pause Young (Allocation Failure)
[19.438s][info][gc,heap        ] GC(15) PSYoungGen: 950755K->213536K(948224K)
[19.439s][info][gc,heap        ] GC(15) ParOldGen: 194368K->370666K(2796544K)
[19.439s][info][gc,metaspace   ] GC(15) Metaspace: 25412K(26496K)->25412K(26496K) NonClass: 22137K(22784K)->22137K(22784K) Class: 3274K(3712K)->3274K(3712K)
[19.439s][info][gc             ] GC(15) Pause Young (Allocation Failure) 1118M->570M(3657M) 192.615ms
[19.439s][info][gc,cpu         ] GC(15) User=1.14s Sys=0.00s Real=0.20s
[20.176s][info][gc,start       ] GC(16) Pause Young (Allocation Failure)
[20.412s][info][gc,heap        ] GC(16) PSYoungGen: 947744K->274936K(963584K)
[20.412s][info][gc,heap        ] GC(16) ParOldGen: 370666K->570994K(2796544K)
[20.412s][info][gc,metaspace   ] GC(16) Metaspace: 25412K(26496K)->25412K(26496K) NonClass: 22137K(22784K)->22137K(22784K) Class: 3274K(3712K)->3274K(3712K)
[20.412s][info][gc             ] GC(16) Pause Young (Allocation Failure) 1287M->826M(3672M) 236.296ms
[20.412s][info][gc,cpu         ] GC(16) User=1.31s Sys=0.06s Real=0.23s
[21.623s][info][gc,start       ] GC(17) Pause Young (System.gc())
[21.635s][info][gc,heap        ] GC(17) PSYoungGen: 780900K->64K(1003520K)
[21.635s][info][gc,heap        ] GC(17) ParOldGen: 570994K->573250K(2796544K)
[21.635s][info][gc,metaspace   ] GC(17) Metaspace: 25413K(26496K)->25413K(26496K) NonClass: 22138K(22784K)->22138K(22784K) Class: 3274K(3712K)->3274K(3712K)
[21.635s][info][gc             ] GC(17) Pause Young (System.gc()) 1320M->559M(3711M) 11.444ms
[21.635s][info][gc,cpu         ] GC(17) User=0.00s Sys=0.00s Real=0.00s
[21.635s][info][gc,start       ] GC(18) Pause Full (System.gc())
[21.635s][info][gc,phases,start] GC(18) Marking Phase
[21.640s][info][gc,phases      ] GC(18) Marking Phase 4.649ms
[21.640s][info][gc,phases,start] GC(18) Summary Phase
[21.640s][info][gc,phases      ] GC(18) Summary Phase 0.020ms
[21.640s][info][gc,phases,start] GC(18) Adjust Roots
[21.643s][info][gc,phases      ] GC(18) Adjust Roots 2.846ms
[21.643s][info][gc,phases,start] GC(18) Compaction Phase
[21.646s][info][gc,phases      ] GC(18) Compaction Phase 3.506ms
[21.646s][info][gc,phases,start] GC(18) Post Compact
[21.649s][info][gc,phases      ] GC(18) Post Compact 2.461ms
[21.649s][info][gc,heap        ] GC(18) PSYoungGen: 64K->0K(1003520K)
[21.649s][info][gc,heap        ] GC(18) ParOldGen: 573250K->5480K(2796544K)
[21.649s][info][gc,metaspace   ] GC(18) Metaspace: 25413K(26496K)->25413K(26496K) NonClass: 22138K(22784K)->22138K(22784K) Class: 3274K(3712K)->3274K(3712K)
[21.649s][info][gc             ] GC(18) Pause Full (System.gc()) 559M->5M(3711M) 13.781ms
[21.649s][info][gc,cpu         ] GC(18) User=0.00s Sys=0.00s Real=0.02s
[23.227s][info][gc,start       ] GC(19) Pause Young (Allocation Failure)
[23.228s][info][gc,heap        ] GC(19) PSYoungGen: 609280K->608K(1022464K)
[23.228s][info][gc,heap        ] GC(19) ParOldGen: 5480K->5480K(2796544K)
[23.228s][info][gc,metaspace   ] GC(19) Metaspace: 25414K(26496K)->25414K(26496K) NonClass: 22140K(22784K)->22140K(22784K) Class: 3274K(3712K)->3274K(3712K)
[23.228s][info][gc             ] GC(19) Pause Young (Allocation Failure) 600M->5M(3729M) 0.589ms
[23.228s][info][gc,cpu         ] GC(19) User=0.00s Sys=0.00s Real=0.00s
[23.337s][info][gc,start       ] GC(20) Pause Young (Allocation Failure)
[23.337s][info][gc,heap        ] GC(20) PSYoungGen: 637024K->480K(1011712K)
[23.337s][info][gc,heap        ] GC(20) ParOldGen: 5480K->5712K(2796544K)
[23.337s][info][gc,metaspace   ] GC(20) Metaspace: 25415K(26496K)->25415K(26496K) NonClass: 22141K(22784K)->22141K(22784K) Class: 3274K(3712K)->3274K(3712K)
[23.337s][info][gc             ] GC(20) Pause Young (Allocation Failure) 627M->6M(3719M) 0.765ms
[23.337s][info][gc,cpu         ] GC(20) User=0.00s Sys=0.00s Real=0.00s
[23.444s][info][gc,start       ] GC(21) Pause Young (Allocation Failure)
[23.445s][info][gc,heap        ] GC(21) PSYoungGen: 636896K->352K(1048064K)
[23.445s][info][gc,heap        ] GC(21) ParOldGen: 5712K->5776K(2796544K)
[23.445s][info][gc,metaspace   ] GC(21) Metaspace: 25416K(26496K)->25416K(26496K) NonClass: 22142K(22784K)->22142K(22784K) Class: 3274K(3712K)->3274K(3712K)
[23.445s][info][gc             ] GC(21) Pause Young (Allocation Failure) 627M->5M(3754M) 0.570ms
[23.445s][info][gc,cpu         ] GC(21) User=0.00s Sys=0.00s Real=0.00s
[23.558s][info][gc,start       ] GC(22) Pause Young (Allocation Failure)
[23.559s][info][gc,heap        ] GC(22) PSYoungGen: 684896K->416K(1034240K)
[23.559s][info][gc,heap        ] GC(22) ParOldGen: 5776K->5856K(2796544K)
[23.559s][info][gc,metaspace   ] GC(22) Metaspace: 25416K(26496K)->25416K(26496K) NonClass: 22142K(22784K)->22142K(22784K) Class: 3274K(3712K)->3274K(3712K)
[23.559s][info][gc             ] GC(22) Pause Young (Allocation Failure) 674M->6M(3741M) 0.710ms
[23.559s][info][gc,cpu         ] GC(22) User=0.00s Sys=0.00s Real=0.00s
[23.840s][info][gc,start       ] GC(23) Pause Young (Allocation Failure)
[23.885s][info][gc,heap        ] GC(23) PSYoungGen: 684960K->111299K(1073152K)
[23.885s][info][gc,heap        ] GC(23) ParOldGen: 5856K->5976K(2796544K)
[23.885s][info][gc,metaspace   ] GC(23) Metaspace: 25416K(26496K)->25416K(26496K) NonClass: 22142K(22784K)->22142K(22784K) Class: 3274K(3712K)->3274K(3712K)
[23.885s][info][gc             ] GC(23) Pause Young (Allocation Failure) 674M->114M(3779M) 44.416ms
[23.885s][info][gc,cpu         ] GC(23) User=0.05s Sys=0.00s Real=0.05s
[28.748s][info][gc,start       ] GC(24) Pause Young (Allocation Failure)
[28.749s][info][gc,heap        ] GC(24) PSYoungGen: 849091K->2208K(1062400K)
[28.749s][info][gc,heap        ] GC(24) ParOldGen: 5976K->6016K(2796544K)
[28.749s][info][gc,metaspace   ] GC(24) Metaspace: 25416K(26496K)->25416K(26496K) NonClass: 22142K(22784K)->22142K(22784K) Class: 3274K(3712K)->3274K(3712K)
[28.749s][info][gc             ] GC(24) Pause Young (Allocation Failure) 835M->8M(3768M) 1.438ms
[28.749s][info][gc,cpu         ] GC(24) User=0.00s Sys=0.00s Real=0.00s
[29.163s][info][gc,start       ] GC(25) Pause Young (Allocation Failure)
[29.288s][info][gc,heap        ] GC(25) PSYoungGen: 740000K->308608K(955392K)
[29.288s][info][gc,heap        ] GC(25) ParOldGen: 6016K->8080K(2796544K)
[29.288s][info][gc,metaspace   ] GC(25) Metaspace: 25416K(26496K)->25416K(26496K) NonClass: 22142K(22784K)->22142K(22784K) Class: 3274K(3712K)->3274K(3712K)
[29.288s][info][gc             ] GC(25) Pause Young (Allocation Failure) 728M->309M(3664M) 124.955ms
[29.288s][info][gc,cpu         ] GC(25) User=0.67s Sys=0.00s Real=0.12s
[30.089s][info][gc,start       ] GC(26) Pause Young (Allocation Failure)
[30.288s][info][gc,heap        ] GC(26) PSYoungGen: 952704K->137379K(1020928K)
[30.288s][info][gc,heap        ] GC(26) ParOldGen: 8080K->287112K(2796544K)
[30.288s][info][gc,metaspace   ] GC(26) Metaspace: 25416K(26496K)->25416K(26496K) NonClass: 22142K(22784K)->22142K(22784K) Class: 3274K(3712K)->3274K(3712K)
[30.288s][info][gc             ] GC(26) Pause Young (Allocation Failure) 938M->414M(3728M) 199.462ms
[30.288s][info][gc,cpu         ] GC(26) User=1.12s Sys=0.02s Real=0.20s
[31.273s][info][gc,start       ] GC(27) Pause Young (System.gc())
[31.322s][info][gc,heap        ] GC(27) PSYoungGen: 450510K->128K(1043456K)
[31.322s][info][gc,heap        ] GC(27) ParOldGen: 287112K->385040K(2796544K)
[31.322s][info][gc,metaspace   ] GC(27) Metaspace: 25420K(26496K)->25420K(26496K) NonClass: 22146K(22784K)->22146K(22784K) Class: 3274K(3712K)->3274K(3712K)
[31.322s][info][gc             ] GC(27) Pause Young (System.gc()) 720M->376M(3750M) 49.127ms
[31.322s][info][gc,cpu         ] GC(27) User=0.25s Sys=0.00s Real=0.05s
[31.323s][info][gc,start       ] GC(28) Pause Full (System.gc())
[31.323s][info][gc,phases,start] GC(28) Marking Phase
[31.328s][info][gc,phases      ] GC(28) Marking Phase 5.373ms
[31.328s][info][gc,phases,start] GC(28) Summary Phase
[31.328s][info][gc,phases      ] GC(28) Summary Phase 0.012ms
[31.328s][info][gc,phases,start] GC(28) Adjust Roots
[31.330s][info][gc,phases      ] GC(28) Adjust Roots 2.457ms
[31.330s][info][gc,phases,start] GC(28) Compaction Phase
[31.333s][info][gc,phases      ] GC(28) Compaction Phase 2.700ms
[31.333s][info][gc,phases,start] GC(28) Post Compact
[31.335s][info][gc,phases      ] GC(28) Post Compact 1.898ms
[31.335s][info][gc,heap        ] GC(28) PSYoungGen: 128K->0K(1043456K)
[31.335s][info][gc,heap        ] GC(28) ParOldGen: 385040K->5480K(2796544K)
[31.335s][info][gc,metaspace   ] GC(28) Metaspace: 25420K(26496K)->25420K(26496K) NonClass: 22146K(22784K)->22146K(22784K) Class: 3274K(3712K)->3274K(3712K)
[31.335s][info][gc             ] GC(28) Pause Full (System.gc()) 376M->5M(3750M) 12.709ms
[31.335s][info][gc,cpu         ] GC(28) User=0.02s Sys=0.00s Real=0.02s
[32.979s][info][gc,start       ] GC(29) Pause Young (Allocation Failure)
[32.979s][info][gc,heap        ] GC(29) PSYoungGen: 677888K->640K(1032192K)
[32.979s][info][gc,heap        ] GC(29) ParOldGen: 5480K->5480K(2796544K)
[32.979s][info][gc,metaspace   ] GC(29) Metaspace: 25428K(26496K)->25428K(26496K) NonClass: 22154K(22784K)->22154K(22784K) Class: 3274K(3712K)->3274K(3712K)
[32.979s][info][gc             ] GC(29) Pause Young (Allocation Failure) 667M->5M(3739M) 0.577ms
[32.979s][info][gc,cpu         ] GC(29) User=0.00s Sys=0.00s Real=0.00s
[33.091s][info][gc,start       ] GC(30) Pause Young (Allocation Failure)
[33.091s][info][gc,heap        ] GC(30) PSYoungGen: 678528K->416K(1069056K)
[33.091s][info][gc,heap        ] GC(30) ParOldGen: 5480K->5752K(2796544K)
[33.091s][info][gc,metaspace   ] GC(30) Metaspace: 25431K(26496K)->25431K(26496K) NonClass: 22157K(22784K)->22157K(22784K) Class: 3274K(3712K)->3274K(3712K)
[33.091s][info][gc             ] GC(30) Pause Young (Allocation Failure) 667M->6M(3775M) 0.606ms
[33.091s][info][gc,cpu         ] GC(30) User=0.00s Sys=0.00s Real=0.00s
[33.214s][info][gc,start       ] GC(31) Pause Young (Allocation Failure)
[33.214s][info][gc,heap        ] GC(31) PSYoungGen: 727456K->416K(1055744K)
[33.214s][info][gc,heap        ] GC(31) ParOldGen: 5752K->5800K(2796544K)
[33.214s][info][gc,metaspace   ] GC(31) Metaspace: 25431K(26496K)->25431K(26496K) NonClass: 22157K(22784K)->22157K(22784K) Class: 3274K(3712K)->3274K(3712K)
[33.214s][info][gc             ] GC(31) Pause Young (Allocation Failure) 716M->6M(3762M) 0.725ms
[33.214s][info][gc,cpu         ] GC(31) User=0.00s Sys=0.00s Real=0.00s
[33.337s][info][gc,start       ] GC(32) Pause Young (Allocation Failure)
[33.338s][info][gc,heap        ] GC(32) PSYoungGen: 727456K->448K(1098240K)
[33.338s][info][gc,heap        ] GC(32) ParOldGen: 5800K->5872K(2796544K)
[33.338s][info][gc,metaspace   ] GC(32) Metaspace: 25431K(26496K)->25431K(26496K) NonClass: 22157K(22784K)->22157K(22784K) Class: 3274K(3712K)->3274K(3712K)
[33.338s][info][gc             ] GC(32) Pause Young (Allocation Failure) 716M->6M(3803M) 0.782ms
[33.338s][info][gc,cpu         ] GC(32) User=0.00s Sys=0.00s Real=0.00s
[34.006s][info][gc,start       ] GC(33) Pause Young (Allocation Failure)
[34.140s][info][gc,heap        ] GC(33) PSYoungGen: 784320K->299491K(1083392K)
[34.140s][info][gc,heap        ] GC(33) ParOldGen: 5872K->25880K(2796544K)
[34.140s][info][gc,metaspace   ] GC(33) Metaspace: 25431K(26496K)->25431K(26496K) NonClass: 22157K(22784K)->22157K(22784K) Class: 3274K(3712K)->3274K(3712K)
[34.140s][info][gc             ] GC(33) Pause Young (Allocation Failure) 771M->317M(3789M) 133.563ms
[34.140s][info][gc,cpu         ] GC(33) User=0.72s Sys=0.00s Real=0.14s
[38.799s][info][gc,start       ] GC(34) Pause Young (Allocation Failure)
[38.947s][info][gc,heap        ] GC(34) PSYoungGen: 1083363K->186144K(948224K)
[38.947s][info][gc,heap        ] GC(34) ParOldGen: 25880K->160555K(2796544K)
[38.947s][info][gc,metaspace   ] GC(34) Metaspace: 25432K(26496K)->25432K(26496K) NonClass: 22157K(22784K)->22157K(22784K) Class: 3274K(3712K)->3274K(3712K)
[38.947s][info][gc             ] GC(34) Pause Young (Allocation Failure) 1083M->338M(3657M) 147.615ms
[38.947s][info][gc,cpu         ] GC(34) User=0.84s Sys=0.00s Real=0.14s
[39.317s][info][gc,start       ] GC(35) Pause Young (Allocation Failure)
[39.524s][info][gc,heap        ] GC(35) PSYoungGen: 820000K->262304K(896512K)
[39.525s][info][gc,heap        ] GC(35) ParOldGen: 160555K->344107K(2796544K)
[39.525s][info][gc,metaspace   ] GC(35) Metaspace: 25432K(26496K)->25432K(26496K) NonClass: 22158K(22784K)->22158K(22784K) Class: 3274K(3712K)->3274K(3712K)
[39.525s][info][gc             ] GC(35) Pause Young (Allocation Failure) 957M->592M(3606M) 207.463ms
[39.525s][info][gc,cpu         ] GC(35) User=1.14s Sys=0.00s Real=0.20s
[40.722s][info][gc,start       ] GC(36) Pause Young (Allocation Failure)
[40.839s][info][gc,heap        ] GC(36) PSYoungGen: 896160K->4960K(994816K)
[40.839s][info][gc,heap        ] GC(36) ParOldGen: 344107K->570715K(2796544K)
[40.839s][info][gc,metaspace   ] GC(36) Metaspace: 25432K(26496K)->25432K(26496K) NonClass: 22158K(22784K)->22158K(22784K) Class: 3274K(3712K)->3274K(3712K)
[40.839s][info][gc             ] GC(36) Pause Young (Allocation Failure) 1211M->562M(3702M) 117.450ms
[40.839s][info][gc,cpu         ] GC(36) User=0.67s Sys=0.00s Real=0.13s
[41.280s][info][gc,start       ] GC(37) Pause Young (System.gc())
[41.282s][info][gc,heap        ] GC(37) PSYoungGen: 66656K->96K(982016K)
[41.282s][info][gc,heap        ] GC(37) ParOldGen: 570715K->573579K(2796544K)
[41.282s][info][gc,metaspace   ] GC(37) Metaspace: 25432K(26496K)->25432K(26496K) NonClass: 22158K(22784K)->22158K(22784K) Class: 3274K(3712K)->3274K(3712K)
[41.282s][info][gc             ] GC(37) Pause Young (System.gc()) 622M->560M(3690M) 2.070ms
[41.282s][info][gc,cpu         ] GC(37) User=0.00s Sys=0.00s Real=0.00s
[41.282s][info][gc,start       ] GC(38) Pause Full (System.gc())
[41.282s][info][gc,phases,start] GC(38) Marking Phase
[41.287s][info][gc,phases      ] GC(38) Marking Phase 4.743ms
[41.287s][info][gc,phases,start] GC(38) Summary Phase
[41.287s][info][gc,phases      ] GC(38) Summary Phase 0.012ms
[41.287s][info][gc,phases,start] GC(38) Adjust Roots
[41.290s][info][gc,phases      ] GC(38) Adjust Roots 2.570ms
[41.290s][info][gc,phases,start] GC(38) Compaction Phase
[41.293s][info][gc,phases      ] GC(38) Compaction Phase 2.783ms
[41.293s][info][gc,phases,start] GC(38) Post Compact
[41.294s][info][gc,phases      ] GC(38) Post Compact 1.276ms
[41.294s][info][gc,heap        ] GC(38) PSYoungGen: 96K->0K(982016K)
[41.294s][info][gc,heap        ] GC(38) ParOldGen: 573579K->5480K(2796544K)
[41.294s][info][gc,metaspace   ] GC(38) Metaspace: 25432K(26496K)->25432K(26496K) NonClass: 22158K(22784K)->22158K(22784K) Class: 3274K(3712K)->3274K(3712K)
[41.294s][info][gc             ] GC(38) Pause Full (System.gc()) 560M->5M(3690M) 11.730ms
[41.294s][info][gc,cpu         ] GC(38) User=0.02s Sys=0.00s Real=0.01s
[42.967s][info][gc,start       ] GC(39) Pause Young (Allocation Failure)
[42.968s][info][gc,heap        ] GC(39) PSYoungGen: 579072K->576K(1022976K)
[42.968s][info][gc,heap        ] GC(39) ParOldGen: 5480K->5480K(2796544K)
[42.968s][info][gc,metaspace   ] GC(39) Metaspace: 25432K(26496K)->25432K(26496K) NonClass: 22158K(22784K)->22158K(22784K) Class: 3274K(3712K)->3274K(3712K)
[42.968s][info][gc             ] GC(39) Pause Young (Allocation Failure) 570M->5M(3730M) 0.692ms
[42.968s][info][gc,cpu         ] GC(39) User=0.00s Sys=0.00s Real=0.00s
[43.071s][info][gc,start       ] GC(40) Pause Young (Allocation Failure)
[43.071s][info][gc,heap        ] GC(40) PSYoungGen: 633920K->416K(1008128K)
[43.071s][info][gc,heap        ] GC(40) ParOldGen: 5480K->5704K(2796544K)
[43.071s][info][gc,metaspace   ] GC(40) Metaspace: 25432K(26496K)->25432K(26496K) NonClass: 22158K(22784K)->22158K(22784K) Class: 3274K(3712K)->3274K(3712K)
[43.071s][info][gc             ] GC(40) Pause Young (Allocation Failure) 624M->5M(3715M) 0.708ms
[43.071s][info][gc,cpu         ] GC(40) User=0.00s Sys=0.00s Real=0.00s
[43.174s][info][gc,start       ] GC(41) Pause Young (Allocation Failure)
[43.175s][info][gc,heap        ] GC(41) PSYoungGen: 633760K->448K(1055232K)
[43.175s][info][gc,heap        ] GC(41) ParOldGen: 5704K->5800K(2796544K)
[43.175s][info][gc,metaspace   ] GC(41) Metaspace: 25432K(26496K)->25432K(26496K) NonClass: 22158K(22784K)->22158K(22784K) Class: 3274K(3712K)->3274K(3712K)
[43.175s][info][gc             ] GC(41) Pause Young (Allocation Failure) 624M->6M(3761M) 0.657ms
[43.175s][info][gc,cpu         ] GC(41) User=0.00s Sys=0.00s Real=0.00s
[43.290s][info][gc,start       ] GC(42) Pause Young (Allocation Failure)
[43.291s][info][gc,heap        ] GC(42) PSYoungGen: 696768K->448K(1038848K)
[43.291s][info][gc,heap        ] GC(42) ParOldGen: 5800K->5864K(2796544K)
[43.291s][info][gc,metaspace   ] GC(42) Metaspace: 25432K(26496K)->25432K(26496K) NonClass: 22158K(22784K)->22158K(22784K) Class: 3274K(3712K)->3274K(3712K)
[43.291s][info][gc             ] GC(42) Pause Young (Allocation Failure) 686M->6M(3745M) 0.571ms
[43.291s][info][gc,cpu         ] GC(42) User=0.00s Sys=0.00s Real=0.00s
[43.519s][info][gc,start       ] GC(43) Pause Young (Allocation Failure)
[43.548s][info][gc,heap        ] GC(43) PSYoungGen: 696768K->77379K(1091584K)
[43.548s][info][gc,heap        ] GC(43) ParOldGen: 5864K->5936K(2796544K)
[43.548s][info][gc,metaspace   ] GC(43) Metaspace: 25432K(26496K)->25432K(26496K) NonClass: 22158K(22784K)->22158K(22784K) Class: 3274K(3712K)->3274K(3712K)
[43.548s][info][gc             ] GC(43) Pause Young (Allocation Failure) 686M->81M(3797M) 29.387ms
[43.548s][info][gc,cpu         ] GC(43) User=0.03s Sys=0.00s Real=0.03s
[45.823s][info][gc,start       ] GC(44) Pause Young (Allocation Failure)
[45.823s][info][gc,heap        ] GC(44) PSYoungGen: 842819K->768K(1071616K)
[45.823s][info][gc,heap        ] GC(44) ParOldGen: 5936K->6032K(2796544K)
[45.823s][info][gc,metaspace   ] GC(44) Metaspace: 25432K(26496K)->25432K(26496K) NonClass: 22158K(22784K)->22158K(22784K) Class: 3274K(3712K)->3274K(3712K)
[45.823s][info][gc             ] GC(44) Pause Young (Allocation Failure) 828M->6M(3777M) 0.584ms
[45.823s][info][gc,cpu         ] GC(44) User=0.00s Sys=0.00s Real=0.00s
[48.747s][info][gc,start       ] GC(45) Pause Young (Allocation Failure)
[48.873s][info][gc,heap        ] GC(45) PSYoungGen: 766208K->291840K(968704K)
[48.873s][info][gc,heap        ] GC(45) ParOldGen: 6032K->18816K(2796544K)
[48.873s][info][gc,metaspace   ] GC(45) Metaspace: 25432K(26496K)->25432K(26496K) NonClass: 22158K(22784K)->22158K(22784K) Class: 3274K(3712K)->3274K(3712K)
[48.873s][info][gc             ] GC(45) Pause Young (Allocation Failure) 754M->303M(3677M) 125.596ms
[48.873s][info][gc,cpu         ] GC(45) User=0.70s Sys=0.00s Real=0.13s
[49.711s][info][gc,start       ] GC(46) Pause Young (Allocation Failure)
[49.907s][info][gc,heap        ] GC(46) PSYoungGen: 968704K->146470K(1037312K)
[49.907s][info][gc,heap        ] GC(46) ParOldGen: 18816K->280920K(2796544K)
[49.907s][info][gc,metaspace   ] GC(46) Metaspace: 25432K(26496K)->25432K(26496K) NonClass: 22158K(22784K)->22158K(22784K) Class: 3274K(3712K)->3274K(3712K)
[49.907s][info][gc             ] GC(46) Pause Young (Allocation Failure) 964M->417M(3744M) 195.655ms
[49.907s][info][gc,cpu         ] GC(46) User=1.12s Sys=0.00s Real=0.19s
[50.905s][info][gc,start       ] GC(47) Pause Young (System.gc())
[50.911s][info][gc,heap        ] GC(47) PSYoungGen: 438814K->32K(1053184K)
[50.911s][info][gc,heap        ] GC(47) ParOldGen: 280920K->283176K(2796544K)
[50.911s][info][gc,metaspace   ] GC(47) Metaspace: 25432K(26496K)->25432K(26496K) NonClass: 22158K(22784K)->22158K(22784K) Class: 3274K(3712K)->3274K(3712K)
[50.911s][info][gc             ] GC(47) Pause Young (System.gc()) 702M->276M(3759M) 5.871ms
[50.911s][info][gc,cpu         ] GC(47) User=0.00s Sys=0.00s Real=0.00s
[50.911s][info][gc,start       ] GC(48) Pause Full (System.gc())
[50.911s][info][gc,phases,start] GC(48) Marking Phase
[50.916s][info][gc,phases      ] GC(48) Marking Phase 4.707ms
[50.916s][info][gc,phases,start] GC(48) Summary Phase
[50.916s][info][gc,phases      ] GC(48) Summary Phase 0.012ms
[50.916s][info][gc,phases,start] GC(48) Adjust Roots
[50.919s][info][gc,phases      ] GC(48) Adjust Roots 2.553ms
[50.919s][info][gc,phases,start] GC(48) Compaction Phase
[50.921s][info][gc,phases      ] GC(48) Compaction Phase 2.319ms
[50.921s][info][gc,phases,start] GC(48) Post Compact
[50.923s][info][gc,phases      ] GC(48) Post Compact 1.801ms
[50.923s][info][gc,heap        ] GC(48) PSYoungGen: 32K->0K(1053184K)
[50.923s][info][gc,heap        ] GC(48) ParOldGen: 283176K->5544K(2796544K)
[50.923s][info][gc,metaspace   ] GC(48) Metaspace: 25432K(26496K)->25432K(26496K) NonClass: 22158K(22784K)->22158K(22784K) Class: 3274K(3712K)->3274K(3712K)
[50.923s][info][gc             ] GC(48) Pause Full (System.gc()) 276M->5M(3759M) 11.681ms
[50.923s][info][gc,cpu         ] GC(48) User=0.00s Sys=0.00s Real=0.02s
[52.547s][info][gc,start       ] GC(49) Pause Young (Allocation Failure)
[52.548s][info][gc,heap        ] GC(49) PSYoungGen: 695808K->608K(1040384K)
[52.548s][info][gc,heap        ] GC(49) ParOldGen: 5544K->5544K(2796544K)
[52.548s][info][gc,metaspace   ] GC(49) Metaspace: 25434K(26496K)->25434K(26496K) NonClass: 22160K(22784K)->22160K(22784K) Class: 3274K(3712K)->3274K(3712K)
[52.548s][info][gc             ] GC(49) Pause Young (Allocation Failure) 684M->6M(3747M) 0.655ms
[52.548s][info][gc,cpu         ] GC(49) User=0.00s Sys=0.00s Real=0.00s
[52.661s][info][gc,start       ] GC(50) Pause Young (Allocation Failure)
[52.662s][info][gc,heap        ] GC(50) PSYoungGen: 696416K->544K(1080832K)
[52.662s][info][gc,heap        ] GC(50) ParOldGen: 5544K->5744K(2796544K)
[52.662s][info][gc,metaspace   ] GC(50) Metaspace: 25434K(26496K)->25434K(26496K) NonClass: 22160K(22784K)->22160K(22784K) Class: 3274K(3712K)->3274K(3712K)
[52.662s][info][gc             ] GC(50) Pause Young (Allocation Failure) 685M->6M(3786M) 0.695ms
[52.662s][info][gc,cpu         ] GC(50) User=0.00s Sys=0.00s Real=0.00s
[52.784s][info][gc,start       ] GC(51) Pause Young (Allocation Failure)
[52.785s][info][gc,heap        ] GC(51) PSYoungGen: 750112K->416K(1066496K)
[52.785s][info][gc,heap        ] GC(51) ParOldGen: 5744K->5904K(2796544K)
[52.785s][info][gc,metaspace   ] GC(51) Metaspace: 25434K(26496K)->25434K(26496K) NonClass: 22160K(22784K)->22160K(22784K) Class: 3274K(3712K)->3274K(3712K)
[52.785s][info][gc             ] GC(51) Pause Young (Allocation Failure) 738M->6M(3772M) 0.753ms
[52.785s][info][gc,cpu         ] GC(51) User=0.00s Sys=0.00s Real=0.00s
[52.908s][info][gc,start       ] GC(52) Pause Young (Allocation Failure)
[52.908s][info][gc,heap        ] GC(52) PSYoungGen: 749984K->352K(1110528K)
[52.908s][info][gc,heap        ] GC(52) ParOldGen: 5904K->5984K(2796544K)
[52.908s][info][gc,metaspace   ] GC(52) Metaspace: 25434K(26496K)->25434K(26496K) NonClass: 22160K(22784K)->22160K(22784K) Class: 3274K(3712K)->3274K(3712K)
[52.908s][info][gc             ] GC(52) Pause Young (Allocation Failure) 738M->6M(3815M) 0.622ms
[52.908s][info][gc,cpu         ] GC(52) User=0.00s Sys=0.00s Real=0.00s
[53.671s][info][gc,start       ] GC(53) Pause Young (Allocation Failure)
[53.832s][info][gc,heap        ] GC(53) PSYoungGen: 808800K->287203K(1095680K)
[53.832s][info][gc,heap        ] GC(53) ParOldGen: 5984K->85784K(2796544K)
[53.832s][info][gc,metaspace   ] GC(53) Metaspace: 25434K(26496K)->25434K(26496K) NonClass: 22160K(22784K)->22160K(22784K) Class: 3274K(3712K)->3274K(3712K)
[53.832s][info][gc             ] GC(53) Pause Young (Allocation Failure) 795M->364M(3801M) 161.695ms
[53.833s][info][gc,cpu         ] GC(53) User=0.94s Sys=0.00s Real=0.16s
[58.501s][info][gc,start       ] GC(54) Pause Young (Allocation Failure)
[58.705s][info][gc,heap        ] GC(54) PSYoungGen: 1095651K->216064K(899072K)
[58.705s][info][gc,heap        ] GC(54) ParOldGen: 85784K->291875K(2796544K)
[58.705s][info][gc,metaspace   ] GC(54) Metaspace: 25435K(26496K)->25435K(26496K) NonClass: 22160K(22784K)->22160K(22784K) Class: 3274K(3712K)->3274K(3712K)
[58.705s][info][gc             ] GC(54) Pause Young (Allocation Failure) 1153M->496M(3609M) 204.045ms
[58.705s][info][gc,cpu         ] GC(54) User=1.14s Sys=0.00s Real=0.20s
[59.099s][info][gc,start       ] GC(55) Pause Young (Allocation Failure)
[59.325s][info][gc,heap        ] GC(55) PSYoungGen: 813056K->277290K(874496K)
[59.325s][info][gc,heap        ] GC(55) ParOldGen: 291875K->503459K(2796544K)
[59.325s][info][gc,metaspace   ] GC(55) Metaspace: 25435K(26496K)->25435K(26496K) NonClass: 22160K(22784K)->22160K(22784K) Class: 3274K(3712K)->3274K(3712K)
[59.325s][info][gc             ] GC(55) Pause Young (Allocation Failure) 1079M->762M(3585M) 226.347ms
[59.325s][info][gc,cpu         ] GC(55) User=1.39s Sys=0.00s Real=0.22s
[60.705s][info][gc,start       ] GC(56) Pause Young (Allocation Failure)
[60.717s][info][gc,heap        ] GC(56) PSYoungGen: 874282K->4288K(974336K)
[60.717s][info][gc,heap        ] GC(56) ParOldGen: 503459K->503459K(2796544K)
[60.717s][info][gc,metaspace   ] GC(56) Metaspace: 25435K(26496K)->25435K(26496K) NonClass: 22160K(22784K)->22160K(22784K) Class: 3274K(3712K)->3274K(3712K)
[60.717s][info][gc             ] GC(56) Pause Young (Allocation Failure) 1345M->495M(3682M) 11.724ms
[60.717s][info][gc,cpu         ] GC(56) User=0.02s Sys=0.00s Real=0.02s
[60.975s][info][gc,start       ] GC(57) Pause Young (System.gc())
[60.977s][info][gc,heap        ] GC(57) PSYoungGen: 44970K->32K(961024K)
[60.978s][info][gc,heap        ] GC(57) ParOldGen: 503459K->505707K(2796544K)
[60.978s][info][gc,metaspace   ] GC(57) Metaspace: 25435K(26496K)->25435K(26496K) NonClass: 22161K(22784K)->22161K(22784K) Class: 3274K(3712K)->3274K(3712K)
[60.978s][info][gc             ] GC(57) Pause Young (System.gc()) 535M->493M(3669M) 2.939ms
[60.978s][info][gc,cpu         ] GC(57) User=0.00s Sys=0.00s Real=0.00s
[60.978s][info][gc,start       ] GC(58) Pause Full (System.gc())
[60.978s][info][gc,phases,start] GC(58) Marking Phase
[60.983s][info][gc,phases      ] GC(58) Marking Phase 5.014ms
[60.983s][info][gc,phases,start] GC(58) Summary Phase
[60.983s][info][gc,phases      ] GC(58) Summary Phase 0.013ms
[60.983s][info][gc,phases,start] GC(58) Adjust Roots
[60.985s][info][gc,phases      ] GC(58) Adjust Roots 2.575ms
[60.985s][info][gc,phases,start] GC(58) Compaction Phase
[60.989s][info][gc,phases      ] GC(58) Compaction Phase 3.591ms
[60.989s][info][gc,phases,start] GC(58) Post Compact
[60.991s][info][gc,phases      ] GC(58) Post Compact 2.269ms
[60.991s][info][gc,heap        ] GC(58) PSYoungGen: 32K->0K(961024K)
[60.991s][info][gc,heap        ] GC(58) ParOldGen: 505707K->5544K(2796544K)
[60.991s][info][gc,metaspace   ] GC(58) Metaspace: 25435K(26496K)->25435K(26496K) NonClass: 22161K(22784K)->22161K(22784K) Class: 3274K(3712K)->3274K(3712K)
[60.991s][info][gc             ] GC(58) Pause Full (System.gc()) 493M->5M(3669M) 13.752ms
[60.991s][info][gc,cpu         ] GC(58) User=0.00s Sys=0.00s Real=0.02s
[62.629s][info][gc,start       ] GC(59) Pause Young (Allocation Failure)
[62.629s][info][gc,heap        ] GC(59) PSYoungGen: 537600K->640K(1005056K)
[62.630s][info][gc,heap        ] GC(59) ParOldGen: 5544K->5544K(2796544K)
[62.630s][info][gc,metaspace   ] GC(59) Metaspace: 25437K(26496K)->25437K(26496K) NonClass: 22163K(22784K)->22163K(22784K) Class: 3274K(3712K)->3274K(3712K)
[62.630s][info][gc             ] GC(59) Pause Young (Allocation Failure) 530M->6M(3712M) 0.694ms
[62.630s][info][gc,cpu         ] GC(59) User=0.02s Sys=0.00s Real=0.01s
[62.726s][info][gc,start       ] GC(60) Pause Young (Allocation Failure)
[62.727s][info][gc,heap        ] GC(60) PSYoungGen: 596608K->448K(988672K)
[62.727s][info][gc,heap        ] GC(60) ParOldGen: 5544K->5744K(2796544K)
[62.727s][info][gc,metaspace   ] GC(60) Metaspace: 25437K(26496K)->25437K(26496K) NonClass: 22163K(22784K)->22163K(22784K) Class: 3274K(3712K)->3274K(3712K)
[62.727s][info][gc             ] GC(60) Pause Young (Allocation Failure) 588M->6M(3696M) 0.660ms
[62.727s][info][gc,cpu         ] GC(60) User=0.00s Sys=0.00s Real=0.00s
[62.825s][info][gc,start       ] GC(61) Pause Young (Allocation Failure)
[62.826s][info][gc,heap        ] GC(61) PSYoungGen: 596416K->320K(1038848K)
[62.826s][info][gc,heap        ] GC(61) ParOldGen: 5744K->5840K(2796544K)
[62.826s][info][gc,metaspace   ] GC(61) Metaspace: 25437K(26496K)->25437K(26496K) NonClass: 22163K(22784K)->22163K(22784K) Class: 3274K(3712K)->3274K(3712K)
[62.826s][info][gc             ] GC(61) Pause Young (Allocation Failure) 588M->6M(3745M) 0.604ms
[62.826s][info][gc,cpu         ] GC(61) User=0.00s Sys=0.00s Real=0.00s
[62.935s][info][gc,start       ] GC(62) Pause Young (Allocation Failure)
[62.935s][info][gc,heap        ] GC(62) PSYoungGen: 662848K->512K(1021440K)
[62.935s][info][gc,heap        ] GC(62) ParOldGen: 5840K->5904K(2796544K)
[62.935s][info][gc,metaspace   ] GC(62) Metaspace: 25437K(26496K)->25437K(26496K) NonClass: 22163K(22784K)->22163K(22784K) Class: 3274K(3712K)->3274K(3712K)
[62.935s][info][gc             ] GC(62) Pause Young (Allocation Failure) 653M->6M(3728M) 0.609ms
[62.935s][info][gc,cpu         ] GC(62) User=0.00s Sys=0.00s Real=0.00s
[63.044s][info][gc,start       ] GC(63) Pause Young (Allocation Failure)
[63.045s][info][gc,heap        ] GC(63) PSYoungGen: 663040K->384K(1074176K)
[63.045s][info][gc,heap        ] GC(63) ParOldGen: 5904K->5968K(2796544K)
[63.045s][info][gc,metaspace   ] GC(63) Metaspace: 25437K(26496K)->25437K(26496K) NonClass: 22163K(22784K)->22163K(22784K) Class: 3274K(3712K)->3274K(3712K)
[63.045s][info][gc             ] GC(63) Pause Young (Allocation Failure) 653M->6M(3780M) 0.547ms
[63.045s][info][gc,cpu         ] GC(63) User=0.00s Sys=0.00s Real=0.00s
[63.912s][info][gc,start       ] GC(64) Pause Young (Allocation Failure)
[64.104s][info][gc,heap        ] GC(64) PSYoungGen: 733056K->323555K(1056256K)
[64.104s][info][gc,heap        ] GC(64) ParOldGen: 5968K->113352K(2796544K)
[64.104s][info][gc,metaspace   ] GC(64) Metaspace: 25437K(26496K)->25437K(26496K) NonClass: 22163K(22784K)->22163K(22784K) Class: 3274K(3712K)->3274K(3712K)
[64.104s][info][gc             ] GC(64) Pause Young (Allocation Failure) 721M->426M(3762M) 191.706ms
[64.104s][info][gc,cpu         ] GC(64) User=1.12s Sys=0.00s Real=0.20s
[68.634s][info][gc,start       ] GC(65) Pause Young (Allocation Failure)
[68.855s][info][gc,heap        ] GC(65) PSYoungGen: 1056227K->214720K(846336K)
[68.855s][info][gc,heap        ] GC(65) ParOldGen: 113352K->352923K(2796544K)
[68.855s][info][gc,metaspace   ] GC(65) Metaspace: 25443K(26496K)->25443K(26496K) NonClass: 22169K(22784K)->22169K(22784K) Class: 3274K(3712K)->3274K(3712K)
[68.855s][info][gc             ] GC(65) Pause Young (Allocation Failure) 1142M->554M(3557M) 221.026ms
[68.855s][info][gc,cpu         ] GC(65) User=1.20s Sys=0.02s Real=0.22s
[69.153s][info][gc,start       ] GC(66) Pause Young (Allocation Failure)
[69.342s][info][gc,heap        ] GC(66) PSYoungGen: 719552K->209600K(714752K)
[69.342s][info][gc,heap        ] GC(66) ParOldGen: 352923K->564723K(2796544K)
[69.342s][info][gc,metaspace   ] GC(66) Metaspace: 25443K(26496K)->25443K(26496K) NonClass: 22169K(22784K)->22169K(22784K) Class: 3274K(3712K)->3274K(3712K)
[69.342s][info][gc             ] GC(66) Pause Young (Allocation Failure) 1047M->756M(3429M) 188.985ms
[69.342s][info][gc,cpu         ] GC(66) User=1.22s Sys=0.00s Real=0.19s
[70.110s][info][gc,start       ] GC(67) Pause Young (Allocation Failure)
[70.239s][info][gc,heap        ] GC(67) PSYoungGen: 714432K->22289K(964096K)
[70.239s][info][gc,heap        ] GC(67) ParOldGen: 564723K->754043K(2796544K)
[70.239s][info][gc,metaspace   ] GC(67) Metaspace: 25443K(26496K)->25443K(26496K) NonClass: 22169K(22784K)->22169K(22784K) Class: 3274K(3712K)->3274K(3712K)
[70.239s][info][gc             ] GC(67) Pause Young (Allocation Failure) 1249M->758M(3672M) 129.063ms
[70.239s][info][gc,cpu         ] GC(67) User=0.62s Sys=0.12s Real=0.13s
[71.124s][info][gc,start       ] GC(68) Pause Young (System.gc())
[71.133s][info][gc,heap        ] GC(68) PSYoungGen: 225414K->96K(946688K)
[71.133s][info][gc,heap        ] GC(68) ParOldGen: 754043K->760755K(2796544K)
[71.133s][info][gc,metaspace   ] GC(68) Metaspace: 25446K(26496K)->25446K(26496K) NonClass: 22172K(22784K)->22172K(22784K) Class: 3274K(3712K)->3274K(3712K)
[71.133s][info][gc             ] GC(68) Pause Young (System.gc()) 956M->743M(3655M) 9.200ms
[71.133s][info][gc,cpu         ] GC(68) User=0.00s Sys=0.00s Real=0.00s
[71.133s][info][gc,start       ] GC(69) Pause Full (System.gc())
[71.133s][info][gc,phases,start] GC(69) Marking Phase
[71.139s][info][gc,phases      ] GC(69) Marking Phase 5.019ms
[71.139s][info][gc,phases,start] GC(69) Summary Phase
[71.139s][info][gc,phases      ] GC(69) Summary Phase 0.046ms
[71.139s][info][gc,phases,start] GC(69) Adjust Roots
[71.142s][info][gc,phases      ] GC(69) Adjust Roots 2.874ms
[71.142s][info][gc,phases,start] GC(69) Compaction Phase
[71.144s][info][gc,phases      ] GC(69) Compaction Phase 2.369ms
[71.144s][info][gc,phases,start] GC(69) Post Compact
[71.147s][info][gc,phases      ] GC(69) Post Compact 2.814ms
[71.147s][info][gc,heap        ] GC(69) PSYoungGen: 96K->0K(946688K)
[71.147s][info][gc,heap        ] GC(69) ParOldGen: 760755K->5545K(2796544K)
[71.147s][info][gc,metaspace   ] GC(69) Metaspace: 25446K(26496K)->25446K(26496K) NonClass: 22172K(22784K)->22172K(22784K) Class: 3274K(3712K)->3274K(3712K)
[71.147s][info][gc             ] GC(69) Pause Full (System.gc()) 743M->5M(3655M) 13.418ms
[71.147s][info][gc,cpu         ] GC(69) User=0.02s Sys=0.00s Real=0.02s
[73.010s][info][gc,start       ] GC(70) Pause Young (Allocation Failure)
[73.010s][info][gc,heap        ] GC(70) PSYoungGen: 513024K->544K(995328K)
[73.010s][info][gc,heap        ] GC(70) ParOldGen: 5545K->5545K(2796544K)
[73.010s][info][gc,metaspace   ] GC(70) Metaspace: 25447K(26496K)->25447K(26496K) NonClass: 22173K(22784K)->22173K(22784K) Class: 3274K(3712K)->3274K(3712K)
[73.011s][info][gc             ] GC(70) Pause Young (Allocation Failure) 506M->5M(3703M) 0.649ms
[73.011s][info][gc,cpu         ] GC(70) User=0.00s Sys=0.00s Real=0.00s
[73.106s][info][gc,start       ] GC(71) Pause Young (Allocation Failure)
[73.106s][info][gc,heap        ] GC(71) PSYoungGen: 577056K->416K(978944K)
[73.106s][info][gc,heap        ] GC(71) ParOldGen: 5545K->5761K(2796544K)
[73.106s][info][gc,metaspace   ] GC(71) Metaspace: 25447K(26496K)->25447K(26496K) NonClass: 22173K(22784K)->22173K(22784K) Class: 3274K(3712K)->3274K(3712K)
[73.106s][info][gc             ] GC(71) Pause Young (Allocation Failure) 568M->6M(3687M) 0.678ms
[73.106s][info][gc,cpu         ] GC(71) User=0.00s Sys=0.00s Real=0.00s
[73.202s][info][gc,start       ] GC(72) Pause Young (Allocation Failure)
[73.202s][info][gc,heap        ] GC(72) PSYoungGen: 576928K->320K(1030144K)
[73.202s][info][gc,heap        ] GC(72) ParOldGen: 5761K->5857K(2796544K)
[73.202s][info][gc,metaspace   ] GC(72) Metaspace: 25447K(26496K)->25447K(26496K) NonClass: 22173K(22784K)->22173K(22784K) Class: 3274K(3712K)->3274K(3712K)
[73.202s][info][gc             ] GC(72) Pause Young (Allocation Failure) 569M->6M(3737M) 0.569ms
[73.202s][info][gc,cpu         ] GC(72) User=0.00s Sys=0.00s Real=0.00s
[73.308s][info][gc,start       ] GC(73) Pause Young (Allocation Failure)
[73.309s][info][gc,heap        ] GC(73) PSYoungGen: 644928K->384K(1012224K)
[73.309s][info][gc,heap        ] GC(73) ParOldGen: 5857K->5905K(2796544K)
[73.309s][info][gc,metaspace   ] GC(73) Metaspace: 25447K(26496K)->25447K(26496K) NonClass: 22173K(22784K)->22173K(22784K) Class: 3274K(3712K)->3274K(3712K)
[73.309s][info][gc             ] GC(73) Pause Young (Allocation Failure) 635M->6M(3719M) 0.601ms
[73.309s][info][gc,cpu         ] GC(73) User=0.00s Sys=0.00s Real=0.00s
[73.420s][info][gc,start       ] GC(74) Pause Young (Allocation Failure)
[73.420s][info][gc,heap        ] GC(74) PSYoungGen: 644992K->320K(1065984K)
[73.420s][info][gc,heap        ] GC(74) ParOldGen: 5905K->5961K(2796544K)
[73.420s][info][gc,metaspace   ] GC(74) Metaspace: 25447K(26496K)->25447K(26496K) NonClass: 22173K(22784K)->22173K(22784K) Class: 3274K(3712K)->3274K(3712K)
[73.420s][info][gc             ] GC(74) Pause Young (Allocation Failure) 635M->6M(3772M) 0.621ms
[73.420s][info][gc,cpu         ] GC(74) User=0.00s Sys=0.00s Real=0.00s
[74.145s][info][gc,start       ] GC(75) Pause Young (Allocation Failure)
[74.294s][info][gc,heap        ] GC(75) PSYoungGen: 716608K->331747K(1048064K)
[74.294s][info][gc,heap        ] GC(75) ParOldGen: 5961K->27137K(2796544K)
[74.294s][info][gc,metaspace   ] GC(75) Metaspace: 25447K(26496K)->25447K(26496K) NonClass: 22173K(22784K)->22173K(22784K) Class: 3274K(3712K)->3274K(3712K)
[74.294s][info][gc             ] GC(75) Pause Young (Allocation Failure) 705M->350M(3754M) 148.968ms
[74.294s][info][gc,cpu         ] GC(75) User=0.86s Sys=0.00s Real=0.15s
[78.446s][info][gc,start       ] GC(76) Pause Young (Allocation Failure)
[78.589s][info][gc,heap        ] GC(76) PSYoungGen: 1048035K->171168K(922112K)
[78.589s][info][gc,heap        ] GC(76) ParOldGen: 27137K->155476K(2796544K)
[78.589s][info][gc,metaspace   ] GC(76) Metaspace: 25447K(26496K)->25447K(26496K) NonClass: 22173K(22784K)->22173K(22784K) Class: 3274K(3712K)->3274K(3712K)
[78.589s][info][gc             ] GC(76) Pause Young (Allocation Failure) 1049M->318M(3631M) 142.586ms
[78.589s][info][gc,cpu         ] GC(76) User=0.83s Sys=0.00s Real=0.14s
[78.920s][info][gc,start       ] GC(77) Pause Young (Allocation Failure)
[79.093s][info][gc,heap        ] GC(77) PSYoungGen: 743584K->237440K(809984K)
[79.093s][info][gc,heap        ] GC(77) ParOldGen: 155476K->324124K(2796544K)
[79.093s][info][gc,metaspace   ] GC(77) Metaspace: 25447K(26496K)->25447K(26496K) NonClass: 22173K(22784K)->22173K(22784K) Class: 3274K(3712K)->3274K(3712K)
[79.093s][info][gc             ] GC(77) Pause Young (Allocation Failure) 877M->548M(3522M) 173.075ms
[79.093s][info][gc,cpu         ] GC(77) User=1.00s Sys=0.00s Real=0.17s
[79.911s][info][gc,start       ] GC(78) Pause Young (Allocation Failure)
[80.050s][info][gc,heap        ] GC(78) PSYoungGen: 809856K->48401K(986112K)
[80.051s][info][gc,heap        ] GC(78) ParOldGen: 324124K->535492K(2796544K)
[80.051s][info][gc,metaspace   ] GC(78) Metaspace: 25447K(26496K)->25447K(26496K) NonClass: 22173K(22784K)->22173K(22784K) Class: 3274K(3712K)->3274K(3712K)
[80.051s][info][gc             ] GC(78) Pause Young (Allocation Failure) 1107M->570M(3694M) 139.991ms
[80.051s][info][gc,cpu         ] GC(78) User=0.78s Sys=0.00s Real=0.14s
[80.940s][info][gc,start       ] GC(79) Pause Young (System.gc())
[80.960s][info][gc,heap        ] GC(79) PSYoungGen: 245562K->128K(964096K)
[80.960s][info][gc,heap        ] GC(79) ParOldGen: 535492K->565988K(2796544K)
[80.960s][info][gc,metaspace   ] GC(79) Metaspace: 25449K(26496K)->25449K(26496K) NonClass: 22174K(22784K)->22174K(22784K) Class: 3274K(3712K)->3274K(3712K)
[80.960s][info][gc             ] GC(79) Pause Young (System.gc()) 762M->552M(3672M) 19.745ms
[80.960s][info][gc,cpu         ] GC(79) User=0.06s Sys=0.00s Real=0.02s
[80.960s][info][gc,start       ] GC(80) Pause Full (System.gc())
[80.960s][info][gc,phases,start] GC(80) Marking Phase
[80.965s][info][gc,phases      ] GC(80) Marking Phase 5.696ms
[80.965s][info][gc,phases,start] GC(80) Summary Phase
[80.965s][info][gc,phases      ] GC(80) Summary Phase 0.018ms
[80.965s][info][gc,phases,start] GC(80) Adjust Roots
[80.968s][info][gc,phases      ] GC(80) Adjust Roots 2.631ms
[80.968s][info][gc,phases,start] GC(80) Compaction Phase
[80.970s][info][gc,phases      ] GC(80) Compaction Phase 2.380ms
[80.971s][info][gc,phases,start] GC(80) Post Compact
[80.972s][info][gc,phases      ] GC(80) Post Compact 1.250ms
[80.972s][info][gc,heap        ] GC(80) PSYoungGen: 128K->0K(964096K)
[80.972s][info][gc,heap        ] GC(80) ParOldGen: 565988K->5545K(2796544K)
[80.972s][info][gc,metaspace   ] GC(80) Metaspace: 25449K(26496K)->25449K(26496K) NonClass: 22174K(22784K)->22174K(22784K) Class: 3274K(3712K)->3274K(3712K)
[80.972s][info][gc             ] GC(80) Pause Full (System.gc()) 552M->5M(3672M) 12.258ms
[80.972s][info][gc,cpu         ] GC(80) User=0.00s Sys=0.00s Real=0.01s
[82.601s][info][gc,start       ] GC(81) Pause Young (Allocation Failure)
[82.602s][info][gc,heap        ] GC(81) PSYoungGen: 552448K->736K(1014272K)
[82.602s][info][gc,heap        ] GC(81) ParOldGen: 5545K->5545K(2796544K)
[82.602s][info][gc,metaspace   ] GC(81) Metaspace: 25449K(26496K)->25449K(26496K) NonClass: 22175K(22784K)->22175K(22784K) Class: 3274K(3712K)->3274K(3712K)
[82.602s][info][gc             ] GC(81) Pause Young (Allocation Failure) 544M->6M(3721M) 0.728ms
[82.602s][info][gc,cpu         ] GC(81) User=0.00s Sys=0.00s Real=0.00s
[82.702s][info][gc,start       ] GC(82) Pause Young (Allocation Failure)
[82.702s][info][gc,heap        ] GC(82) PSYoungGen: 616672K->288K(999424K)
[82.702s][info][gc,heap        ] GC(82) ParOldGen: 5545K->5913K(2796544K)
[82.702s][info][gc,metaspace   ] GC(82) Metaspace: 25449K(26496K)->25449K(26496K) NonClass: 22175K(22784K)->22175K(22784K) Class: 3274K(3712K)->3274K(3712K)
[82.702s][info][gc             ] GC(82) Pause Young (Allocation Failure) 607M->6M(3707M) 0.654ms
[82.702s][info][gc,cpu         ] GC(82) User=0.00s Sys=0.00s Real=0.00s
[82.803s][info][gc,start       ] GC(83) Pause Young (Allocation Failure)
[82.803s][info][gc,heap        ] GC(83) PSYoungGen: 616224K->384K(1047040K)
[82.803s][info][gc,heap        ] GC(83) ParOldGen: 5913K->5961K(2796544K)
[82.803s][info][gc,metaspace   ] GC(83) Metaspace: 25449K(26496K)->25449K(26496K) NonClass: 22175K(22784K)->22175K(22784K) Class: 3274K(3712K)->3274K(3712K)
[82.803s][info][gc             ] GC(83) Pause Young (Allocation Failure) 607M->6M(3753M) 0.684ms
[82.803s][info][gc,cpu         ] GC(83) User=0.00s Sys=0.00s Real=0.00s
[82.916s][info][gc,start       ] GC(84) Pause Young (Allocation Failure)
[82.917s][info][gc,heap        ] GC(84) PSYoungGen: 679808K->384K(1030144K)
[82.917s][info][gc,heap        ] GC(84) ParOldGen: 5961K->6009K(2796544K)
[82.917s][info][gc,metaspace   ] GC(84) Metaspace: 25449K(26496K)->25449K(26496K) NonClass: 22175K(22784K)->22175K(22784K) Class: 3274K(3712K)->3274K(3712K)
[82.917s][info][gc             ] GC(84) Pause Young (Allocation Failure) 669M->6M(3737M) 0.616ms
[82.917s][info][gc,cpu         ] GC(84) User=0.00s Sys=0.00s Real=0.00s
[83.033s][info][gc,start       ] GC(85) Pause Young (Allocation Failure)
[83.034s][info][gc,heap        ] GC(85) PSYoungGen: 679808K->128K(1080832K)
[83.034s][info][gc,heap        ] GC(85) ParOldGen: 6009K->6057K(2796544K)
[83.034s][info][gc,metaspace   ] GC(85) Metaspace: 25449K(26496K)->25449K(26496K) NonClass: 22175K(22784K)->22175K(22784K) Class: 3274K(3712K)->3274K(3712K)
[83.034s][info][gc             ] GC(85) Pause Young (Allocation Failure) 669M->6M(3786M) 0.549ms
[83.034s][info][gc,cpu         ] GC(85) User=0.00s Sys=0.00s Real=0.00s
[84.004s][info][gc,start       ] GC(86) Pause Young (Allocation Failure)
[84.187s][info][gc,heap        ] GC(86) PSYoungGen: 747136K->316916K(1063936K)
[84.187s][info][gc,heap        ] GC(86) ParOldGen: 6057K->104825K(2796544K)
[84.187s][info][gc,metaspace   ] GC(86) Metaspace: 25449K(26496K)->25449K(26496K) NonClass: 22175K(22784K)->22175K(22784K) Class: 3274K(3712K)->3274K(3712K)
[84.187s][info][gc             ] GC(86) Pause Young (Allocation Failure) 735M->411M(3770M) 183.615ms
[84.187s][info][gc,cpu         ] GC(86) User=1.05s Sys=0.00s Real=0.19s
[89.626s][info][gc,start       ] GC(87) Pause Young (Allocation Failure)
[89.736s][info][gc,heap        ] GC(87) PSYoungGen: 1063924K->246112K(834560K)
[89.736s][info][gc,heap        ] GC(87) ParOldGen: 104825K->113402K(2796544K)
[89.736s][info][gc,metaspace   ] GC(87) Metaspace: 25451K(26496K)->25451K(26496K) NonClass: 22177K(22784K)->22177K(22784K) Class: 3274K(3712K)->3274K(3712K)
[89.736s][info][gc             ] GC(87) Pause Young (Allocation Failure) 1141M->351M(3546M) 109.962ms
[89.736s][info][gc,cpu         ] GC(87) User=0.62s Sys=0.00s Real=0.11s
[90.182s][info][gc,start       ] GC(88) Pause Young (Allocation Failure)
[90.413s][info][gc,heap        ] GC(88) PSYoungGen: 746848K->225187K(726016K)
[90.414s][info][gc,heap        ] GC(88) ParOldGen: 113402K->354378K(2796544K)
[90.414s][info][gc,metaspace   ] GC(88) Metaspace: 25451K(26496K)->25451K(26496K) NonClass: 22177K(22784K)->22177K(22784K) Class: 3274K(3712K)->3274K(3712K)
[90.414s][info][gc             ] GC(88) Pause Young (Allocation Failure) 840M->565M(3440M) 231.052ms
[90.414s][info][gc,cpu         ] GC(88) User=1.30s Sys=0.00s Real=0.22s
[91.087s][info][gc,start       ] GC(89) Pause Young (Allocation Failure)
[91.185s][info][gc,heap        ] GC(89) PSYoungGen: 725923K->1120K(953344K)
[91.185s][info][gc,heap        ] GC(89) ParOldGen: 354378K->517357K(2796544K)
[91.185s][info][gc,metaspace   ] GC(89) Metaspace: 25451K(26496K)->25451K(26496K) NonClass: 22177K(22784K)->22177K(22784K) Class: 3274K(3712K)->3274K(3712K)
[91.185s][info][gc             ] GC(89) Pause Young (Allocation Failure) 1054M->506M(3662M) 97.870ms
[91.185s][info][gc,cpu         ] GC(89) User=0.59s Sys=0.00s Real=0.11s
[91.980s][info][gc,start       ] GC(90) Pause Young (System.gc())
[91.982s][info][gc,heap        ] GC(90) PSYoungGen: 121205K->64K(939520K)
[91.982s][info][gc,heap        ] GC(90) ParOldGen: 517357K->517557K(2796544K)
[91.982s][info][gc,metaspace   ] GC(90) Metaspace: 25452K(26496K)->25452K(26496K) NonClass: 22178K(22784K)->22178K(22784K) Class: 3274K(3712K)->3274K(3712K)
[91.982s][info][gc             ] GC(90) Pause Young (System.gc()) 623M->505M(3648M) 2.324ms
[91.982s][info][gc,cpu         ] GC(90) User=0.00s Sys=0.00s Real=0.00s
[91.982s][info][gc,start       ] GC(91) Pause Full (System.gc())
[91.982s][info][gc,phases,start] GC(91) Marking Phase
[91.987s][info][gc,phases      ] GC(91) Marking Phase 4.800ms
[91.987s][info][gc,phases,start] GC(91) Summary Phase
[91.987s][info][gc,phases      ] GC(91) Summary Phase 0.013ms
[91.987s][info][gc,phases,start] GC(91) Adjust Roots
[91.990s][info][gc,phases      ] GC(91) Adjust Roots 2.570ms
[91.990s][info][gc,phases,start] GC(91) Compaction Phase
[91.992s][info][gc,phases      ] GC(91) Compaction Phase 2.252ms
[91.992s][info][gc,phases,start] GC(91) Post Compact
[91.993s][info][gc,phases      ] GC(91) Post Compact 1.187ms
[91.993s][info][gc,heap        ] GC(91) PSYoungGen: 64K->0K(939520K)
[91.993s][info][gc,heap        ] GC(91) ParOldGen: 517557K->5545K(2796544K)
[91.993s][info][gc,metaspace   ] GC(91) Metaspace: 25452K(26496K)->25452K(26496K) NonClass: 22178K(22784K)->22178K(22784K) Class: 3274K(3712K)->3274K(3712K)
[91.993s][info][gc             ] GC(91) Pause Full (System.gc()) 505M->5M(3648M) 11.145ms
[91.993s][info][gc,cpu         ] GC(91) User=0.00s Sys=0.00s Real=0.01s
[93.567s][info][gc,start       ] GC(92) Pause Young (Allocation Failure)
[93.568s][info][gc,heap        ] GC(92) PSYoungGen: 495104K->608K(986112K)
[93.568s][info][gc,heap        ] GC(92) ParOldGen: 5545K->5545K(2796544K)
[93.568s][info][gc,metaspace   ] GC(92) Metaspace: 25455K(26496K)->25455K(26496K) NonClass: 22181K(22784K)->22181K(22784K) Class: 3274K(3712K)->3274K(3712K)
[93.568s][info][gc             ] GC(92) Pause Young (Allocation Failure) 488M->6M(3694M) 0.636ms
[93.568s][info][gc,cpu         ] GC(92) User=0.00s Sys=0.00s Real=0.00s
[93.658s][info][gc,start       ] GC(93) Pause Young (Allocation Failure)
[93.659s][info][gc,heap        ] GC(93) PSYoungGen: 558176K->352K(969216K)
[93.659s][info][gc,heap        ] GC(93) ParOldGen: 5545K->5849K(2796544K)
[93.659s][info][gc,metaspace   ] GC(93) Metaspace: 25455K(26496K)->25455K(26496K) NonClass: 22181K(22784K)->22181K(22784K) Class: 3274K(3712K)->3274K(3712K)
[93.659s][info][gc             ] GC(93) Pause Young (Allocation Failure) 550M->6M(3677M) 0.632ms
[93.659s][info][gc,cpu         ] GC(93) User=0.00s Sys=0.00s Real=0.00s
[93.750s][info][gc,start       ] GC(94) Pause Young (Allocation Failure)
[93.751s][info][gc,heap        ] GC(94) PSYoungGen: 557920K->352K(1022464K)
[93.751s][info][gc,heap        ] GC(94) ParOldGen: 5849K->5913K(2796544K)
[93.751s][info][gc,metaspace   ] GC(94) Metaspace: 25455K(26496K)->25455K(26496K) NonClass: 22181K(22784K)->22181K(22784K) Class: 3274K(3712K)->3274K(3712K)
[93.751s][info][gc             ] GC(94) Pause Young (Allocation Failure) 550M->6M(3729M) 0.620ms
[93.751s][info][gc,cpu         ] GC(94) User=0.00s Sys=0.00s Real=0.00s
[93.853s][info][gc,start       ] GC(95) Pause Young (Allocation Failure)
[93.854s][info][gc,heap        ] GC(95) PSYoungGen: 629088K->384K(1004032K)
[93.854s][info][gc,heap        ] GC(95) ParOldGen: 5913K->5977K(2796544K)
[93.854s][info][gc,metaspace   ] GC(95) Metaspace: 25455K(26496K)->25455K(26496K) NonClass: 22181K(22784K)->22181K(22784K) Class: 3274K(3712K)->3274K(3712K)
[93.854s][info][gc             ] GC(95) Pause Young (Allocation Failure) 620M->6M(3711M) 0.564ms
[93.854s][info][gc,cpu         ] GC(95) User=0.00s Sys=0.00s Real=0.00s
[93.958s][info][gc,start       ] GC(96) Pause Young (Allocation Failure)
[93.959s][info][gc,heap        ] GC(96) PSYoungGen: 629120K->384K(1059840K)
[93.959s][info][gc,heap        ] GC(96) ParOldGen: 5977K->6049K(2796544K)
[93.959s][info][gc,metaspace   ] GC(96) Metaspace: 25455K(26496K)->25455K(26496K) NonClass: 22181K(22784K)->22181K(22784K) Class: 3274K(3712K)->3274K(3712K)
[93.959s][info][gc             ] GC(96) Pause Young (Allocation Failure) 620M->6M(3766M) 0.561ms
[93.959s][info][gc,cpu         ] GC(96) User=0.00s Sys=0.00s Real=0.00s
[94.573s][info][gc,start       ] GC(97) Pause Young (Allocation Failure)
[94.692s][info][gc,heap        ] GC(97) PSYoungGen: 703360K->294275K(997376K)
[94.692s][info][gc,heap        ] GC(97) ParOldGen: 6049K->6113K(2796544K)
[94.692s][info][gc,metaspace   ] GC(97) Metaspace: 25455K(26496K)->25455K(26496K) NonClass: 22181K(22784K)->22181K(22784K) Class: 3274K(3712K)->3274K(3712K)
[94.693s][info][gc             ] GC(97) Pause Young (Allocation Failure) 692M->293M(3705M) 119.971ms
[94.693s][info][gc,cpu         ] GC(97) User=0.75s Sys=0.00s Real=0.13s
[99.797s][info][gc,start       ] GC(98) Pause Young (Allocation Failure)
[99.843s][info][gc,heap        ] GC(98) PSYoungGen: 997251K->109600K(1020928K)
[99.843s][info][gc,heap        ] GC(98) ParOldGen: 6113K->6153K(2796544K)
[99.843s][info][gc,metaspace   ] GC(98) Metaspace: 25455K(26496K)->25455K(26496K) NonClass: 22181K(22784K)->22181K(22784K) Class: 3274K(3712K)->3274K(3712K)
[99.843s][info][gc             ] GC(98) Pause Young (Allocation Failure) 979M->113M(3728M) 46.018ms
[99.843s][info][gc,cpu         ] GC(98) User=0.20s Sys=0.00s Real=0.05s
[100.202s][info][gc,start       ] GC(99) Pause Young (Allocation Failure)
[100.367s][info][gc,heap        ] GC(99) PSYoungGen: 732704K->258496K(881664K)
[100.367s][info][gc,heap        ] GC(99) ParOldGen: 6153K->113561K(2796544K)
[100.367s][info][gc,metaspace   ] GC(99) Metaspace: 25455K(26496K)->25455K(26496K) NonClass: 22181K(22784K)->22181K(22784K) Class: 3274K(3712K)->3274K(3712K)
[100.367s][info][gc             ] GC(99) Pause Young (Allocation Failure) 721M->363M(3592M) 165.326ms
[100.367s][info][gc,cpu         ] GC(99) User=0.91s Sys=0.00s Real=0.16s
[101.178s][info][gc,start       ] GC(100) Pause Young (Allocation Failure)
[101.320s][info][gc,heap        ] GC(100) PSYoungGen: 881600K->70257K(1011200K)
[101.320s][info][gc,heap        ] GC(100) ParOldGen: 113561K->342217K(2796544K)
[101.320s][info][gc,metaspace   ] GC(100) Metaspace: 25455K(26496K)->25455K(26496K) NonClass: 22181K(22784K)->22181K(22784K) Class: 3274K(3712K)->3274K(3712K)
[101.320s][info][gc             ] GC(100) Pause Young (Allocation Failure) 971M->402M(3718M) 142.001ms
[101.320s][info][gc,cpu         ] GC(100) User=0.83s Sys=0.00s Real=0.14s
[102.208s][info][gc,start       ] GC(101) Pause Young (System.gc())
[102.233s][info][gc,heap        ] GC(101) PSYoungGen: 272542K->128K(985600K)
[102.234s][info][gc,heap        ] GC(101) ParOldGen: 342217K->392233K(2796544K)
[102.234s][info][gc,metaspace   ] GC(101) Metaspace: 25455K(26496K)->25455K(26496K) NonClass: 22181K(22784K)->22181K(22784K) Class: 3274K(3712K)->3274K(3712K)
[102.234s][info][gc             ] GC(101) Pause Young (System.gc()) 600M->383M(3693M) 25.349ms
[102.234s][info][gc,cpu         ] GC(101) User=0.05s Sys=0.00s Real=0.02s
[102.234s][info][gc,start       ] GC(102) Pause Full (System.gc())
[102.234s][info][gc,phases,start] GC(102) Marking Phase
[102.239s][info][gc,phases      ] GC(102) Marking Phase 5.298ms
[102.239s][info][gc,phases,start] GC(102) Summary Phase
[102.239s][info][gc,phases      ] GC(102) Summary Phase 0.013ms
[102.239s][info][gc,phases,start] GC(102) Adjust Roots
[102.242s][info][gc,phases      ] GC(102) Adjust Roots 3.182ms
[102.242s][info][gc,phases,start] GC(102) Compaction Phase
[102.245s][info][gc,phases      ] GC(102) Compaction Phase 2.431ms
[102.245s][info][gc,phases,start] GC(102) Post Compact
[102.247s][info][gc,phases      ] GC(102) Post Compact 1.949ms
[102.247s][info][gc,heap        ] GC(102) PSYoungGen: 128K->0K(985600K)
[102.247s][info][gc,heap        ] GC(102) ParOldGen: 392233K->5545K(2796544K)
[102.247s][info][gc,metaspace   ] GC(102) Metaspace: 25455K(26496K)->25455K(26496K) NonClass: 22181K(22784K)->22181K(22784K) Class: 3274K(3712K)->3274K(3712K)
[102.247s][info][gc             ] GC(102) Pause Full (System.gc()) 383M->5M(3693M) 13.202ms
[102.247s][info][gc,cpu         ] GC(102) User=0.00s Sys=0.00s Real=0.02s
[103.980s][info][gc,start       ] GC(103) Pause Young (Allocation Failure)
[103.981s][info][gc,heap        ] GC(103) PSYoungGen: 599040K->704K(1037312K)
[103.981s][info][gc,heap        ] GC(103) ParOldGen: 5545K->5545K(2796544K)
[103.981s][info][gc,metaspace   ] GC(103) Metaspace: 25460K(26496K)->25460K(26496K) NonClass: 22186K(22784K)->22186K(22784K) Class: 3274K(3712K)->3274K(3712K)
[103.981s][info][gc             ] GC(103) Pause Young (Allocation Failure) 590M->6M(3744M) 0.804ms
[103.981s][info][gc,cpu         ] GC(103) User=0.00s Sys=0.00s Real=0.00s
[104.089s][info][gc,start       ] GC(104) Pause Young (Allocation Failure)
[104.090s][info][gc,heap        ] GC(104) PSYoungGen: 663744K->288K(1023488K)
[104.090s][info][gc,heap        ] GC(104) ParOldGen: 5545K->5897K(2796544K)
[104.090s][info][gc,metaspace   ] GC(104) Metaspace: 25460K(26496K)->25460K(26496K) NonClass: 22186K(22784K)->22186K(22784K) Class: 3274K(3712K)->3274K(3712K)
[104.090s][info][gc             ] GC(104) Pause Young (Allocation Failure) 653M->6M(3730M) 0.628ms
[104.090s][info][gc,cpu         ] GC(104) User=0.00s Sys=0.00s Real=0.00s
[104.201s][info][gc,start       ] GC(105) Pause Young (Allocation Failure)
[104.201s][info][gc,heap        ] GC(105) PSYoungGen: 663328K->416K(1067520K)
[104.202s][info][gc,heap        ] GC(105) ParOldGen: 5897K->5969K(2796544K)
[104.202s][info][gc,metaspace   ] GC(105) Metaspace: 25460K(26496K)->25460K(26496K) NonClass: 22186K(22784K)->22186K(22784K) Class: 3274K(3712K)->3274K(3712K)
[104.202s][info][gc             ] GC(105) Pause Young (Allocation Failure) 653M->6M(3773M) 0.719ms
[104.202s][info][gc,cpu         ] GC(105) User=0.00s Sys=0.00s Real=0.00s
[104.322s][info][gc,start       ] GC(106) Pause Young (Allocation Failure)
[104.322s][info][gc,heap        ] GC(106) PSYoungGen: 722336K->352K(1052160K)
[104.322s][info][gc,heap        ] GC(106) ParOldGen: 5969K->6025K(2796544K)
[104.322s][info][gc,metaspace   ] GC(106) Metaspace: 25460K(26496K)->25460K(26496K) NonClass: 22186K(22784K)->22186K(22784K) Class: 3274K(3712K)->3274K(3712K)
[104.322s][info][gc             ] GC(106) Pause Young (Allocation Failure) 711M->6M(3758M) 0.531ms
[104.322s][info][gc,cpu         ] GC(106) User=0.00s Sys=0.00s Real=0.00s
[104.689s][info][gc,start       ] GC(107) Pause Young (Allocation Failure)
[104.750s][info][gc,heap        ] GC(107) PSYoungGen: 722272K->153315K(1063424K)
[104.750s][info][gc,heap        ] GC(107) ParOldGen: 6025K->6089K(2796544K)
[104.750s][info][gc,metaspace   ] GC(107) Metaspace: 25460K(26496K)->25460K(26496K) NonClass: 22186K(22784K)->22186K(22784K) Class: 3274K(3712K)->3274K(3712K)
[104.750s][info][gc             ] GC(107) Pause Young (Allocation Failure) 711M->155M(3769M) 60.414ms
[104.750s][info][gc,cpu         ] GC(107) User=0.23s Sys=0.05s Real=0.05s
[108.211s][info][gc,start       ] GC(108) Pause Young (Allocation Failure)
[108.246s][info][gc,heap        ] GC(108) PSYoungGen: 901859K->83616K(1073152K)
[108.246s][info][gc,heap        ] GC(108) ParOldGen: 6089K->6193K(2796544K)
[108.246s][info][gc,metaspace   ] GC(108) Metaspace: 25480K(26496K)->25480K(26496K) NonClass: 22206K(22784K)->22206K(22784K) Class: 3274K(3712K)->3274K(3712K)
[108.246s][info][gc             ] GC(108) Pause Young (Allocation Failure) 886M->87M(3779M) 34.731ms
[108.246s][info][gc,cpu         ] GC(108) User=0.19s Sys=0.00s Real=0.03s
[108.679s][info][gc,start       ] GC(109) Pause Young (Allocation Failure)
[108.842s][info][gc,heap        ] GC(109) PSYoungGen: 832160K->304640K(901632K)
[108.842s][info][gc,heap        ] GC(109) ParOldGen: 6193K->92857K(2796544K)
[108.842s][info][gc,metaspace   ] GC(109) Metaspace: 25480K(26496K)->25480K(26496K) NonClass: 22206K(22784K)->22206K(22784K) Class: 3274K(3712K)->3274K(3712K)
[108.842s][info][gc             ] GC(109) Pause Young (Allocation Failure) 818M->388M(3611M) 162.739ms
[108.842s][info][gc,cpu         ] GC(109) User=0.94s Sys=0.00s Real=0.16s
[109.678s][info][gc,start       ] GC(110) Pause Young (Allocation Failure)
[109.838s][info][gc,heap        ] GC(110) PSYoungGen: 901632K->44003K(997376K)
[109.838s][info][gc,heap        ] GC(110) ParOldGen: 92857K->362769K(2796544K)
[109.838s][info][gc,metaspace   ] GC(110) Metaspace: 25480K(26496K)->25480K(26496K) NonClass: 22206K(22784K)->22206K(22784K) Class: 3274K(3712K)->3274K(3712K)
[109.838s][info][gc             ] GC(110) Pause Young (Allocation Failure) 971M->397M(3705M) 160.203ms
[109.838s][info][gc,cpu         ] GC(110) User=0.94s Sys=0.00s Real=0.16s
[110.680s][info][gc,start       ] GC(111) Pause Young (System.gc())
[110.696s][info][gc,heap        ] GC(111) PSYoungGen: 207913K->96K(1029632K)
[110.696s][info][gc,heap        ] GC(111) ParOldGen: 362769K->389577K(2796544K)
[110.696s][info][gc,metaspace   ] GC(111) Metaspace: 25481K(26496K)->25481K(26496K) NonClass: 22207K(22784K)->22207K(22784K) Class: 3274K(3712K)->3274K(3712K)
[110.696s][info][gc             ] GC(111) Pause Young (System.gc()) 557M->380M(3736M) 15.576ms
[110.696s][info][gc,cpu         ] GC(111) User=0.02s Sys=0.00s Real=0.02s
[110.696s][info][gc,start       ] GC(112) Pause Full (System.gc())
[110.696s][info][gc,phases,start] GC(112) Marking Phase
[110.701s][info][gc,phases      ] GC(112) Marking Phase 4.882ms
[110.701s][info][gc,phases,start] GC(112) Summary Phase
[110.701s][info][gc,phases      ] GC(112) Summary Phase 0.015ms
[110.701s][info][gc,phases,start] GC(112) Adjust Roots
[110.704s][info][gc,phases      ] GC(112) Adjust Roots 2.673ms
[110.704s][info][gc,phases,start] GC(112) Compaction Phase
[110.707s][info][gc,phases      ] GC(112) Compaction Phase 3.089ms
[110.707s][info][gc,phases,start] GC(112) Post Compact
[110.709s][info][gc,phases      ] GC(112) Post Compact 2.630ms
[110.709s][info][gc,heap        ] GC(112) PSYoungGen: 96K->0K(1029632K)
[110.709s][info][gc,heap        ] GC(112) ParOldGen: 389577K->5930K(2796544K)
[110.710s][info][gc,metaspace   ] GC(112) Metaspace: 25481K(26496K)->25481K(26496K) NonClass: 22207K(22784K)->22207K(22784K) Class: 3274K(3712K)->3274K(3712K)
[110.710s][info][gc             ] GC(112) Pause Full (System.gc()) 380M->5M(3736M) 13.608ms
[110.710s][info][gc,cpu         ] GC(112) User=0.02s Sys=0.00s Real=0.02s
[112.461s][info][gc,start       ] GC(113) Pause Young (Allocation Failure)
[112.461s][info][gc,heap        ] GC(113) PSYoungGen: 649216K->608K(1017344K)
[112.461s][info][gc,heap        ] GC(113) ParOldGen: 5930K->5930K(2796544K)
[112.461s][info][gc,metaspace   ] GC(113) Metaspace: 25481K(26496K)->25481K(26496K) NonClass: 22207K(22784K)->22207K(22784K) Class: 3274K(3712K)->3274K(3712K)
[112.461s][info][gc             ] GC(113) Pause Young (Allocation Failure) 639M->6M(3724M) 0.627ms
[112.461s][info][gc,cpu         ] GC(113) User=0.00s Sys=0.00s Real=0.00s
[112.567s][info][gc,start       ] GC(114) Pause Young (Allocation Failure)
[112.567s][info][gc,heap        ] GC(114) PSYoungGen: 649824K->480K(1057792K)
[112.567s][info][gc,heap        ] GC(114) ParOldGen: 5930K->6290K(2796544K)
[112.567s][info][gc,metaspace   ] GC(114) Metaspace: 25481K(26496K)->25481K(26496K) NonClass: 22207K(22784K)->22207K(22784K) Class: 3274K(3712K)->3274K(3712K)
[112.567s][info][gc             ] GC(114) Pause Young (Allocation Failure) 640M->6M(3764M) 0.811ms
[112.567s][info][gc,cpu         ] GC(114) User=0.00s Sys=0.00s Real=0.00s
[112.680s][info][gc,start       ] GC(115) Pause Young (Allocation Failure)
[112.681s][info][gc,heap        ] GC(115) PSYoungGen: 703968K->512K(1043456K)
[112.681s][info][gc,heap        ] GC(115) ParOldGen: 6290K->6402K(2796544K)
[112.681s][info][gc,metaspace   ] GC(115) Metaspace: 25481K(26496K)->25481K(26496K) NonClass: 22207K(22784K)->22207K(22784K) Class: 3274K(3712K)->3274K(3712K)
[112.681s][info][gc             ] GC(115) Pause Young (Allocation Failure) 693M->6M(3750M) 0.737ms
[112.681s][info][gc,cpu         ] GC(115) User=0.00s Sys=0.00s Real=0.00s
[112.795s][info][gc,start       ] GC(116) Pause Young (Allocation Failure)
[112.796s][info][gc,heap        ] GC(116) PSYoungGen: 704000K->320K(1088512K)
[112.796s][info][gc,heap        ] GC(116) ParOldGen: 6402K->6450K(2796544K)
[112.796s][info][gc,metaspace   ] GC(116) Metaspace: 25481K(26496K)->25481K(26496K) NonClass: 22207K(22784K)->22207K(22784K) Class: 3274K(3712K)->3274K(3712K)
[112.796s][info][gc             ] GC(116) Pause Young (Allocation Failure) 693M->6M(3794M) 0.528ms
[112.796s][info][gc,cpu         ] GC(116) User=0.00s Sys=0.00s Real=0.00s
[113.246s][info][gc,start       ] GC(117) Pause Young (Allocation Failure)
[113.326s][info][gc,heap        ] GC(117) PSYoungGen: 764224K->201891K(966144K)
[113.337s][info][gc,heap        ] GC(117) ParOldGen: 6450K->6498K(2796544K)
[113.338s][info][gc,metaspace   ] GC(117) Metaspace: 25481K(26496K)->25481K(26496K) NonClass: 22207K(22784K)->22207K(22784K) Class: 3274K(3712K)->3274K(3712K)
[113.338s][info][gc             ] GC(117) Pause Young (Allocation Failure) 752M->203M(3674M) 91.553ms
[113.338s][info][gc,cpu         ] GC(117) User=0.38s Sys=0.00s Real=0.10s
[118.601s][info][gc,start       ] GC(118) Pause Young (Allocation Failure)
[118.634s][info][gc,heap        ] GC(118) PSYoungGen: 965795K->75072K(1085440K)
[118.634s][info][gc,heap        ] GC(118) ParOldGen: 6498K->6578K(2796544K)
[118.634s][info][gc,metaspace   ] GC(118) Metaspace: 25481K(26496K)->25481K(26496K) NonClass: 22207K(22784K)->22207K(22784K) Class: 3274K(3712K)->3274K(3712K)
[118.634s][info][gc             ] GC(118) Pause Young (Allocation Failure) 949M->79M(3791M) 32.436ms
[118.634s][info][gc,cpu         ] GC(118) User=0.16s Sys=0.00s Real=0.04s
[119.062s][info][gc,start       ] GC(119) Pause Young (Allocation Failure)
[119.224s][info][gc,heap        ] GC(119) PSYoungGen: 823104K->309728K(1057792K)
[119.225s][info][gc,heap        ] GC(119) ParOldGen: 6578K->79746K(2796544K)
[119.225s][info][gc,metaspace   ] GC(119) Metaspace: 25481K(26496K)->25481K(26496K) NonClass: 22207K(22784K)->22207K(22784K) Class: 3274K(3712K)->3274K(3712K)
[119.225s][info][gc             ] GC(119) Pause Young (Allocation Failure) 810M->380M(3764M) 162.843ms
[119.225s][info][gc,cpu         ] GC(119) User=0.94s Sys=0.00s Real=0.16s
[120.709s][info][gc,start       ] GC(120) Pause Young (Allocation Failure)
[120.855s][info][gc,heap        ] GC(120) PSYoungGen: 1057760K->36224K(1020928K)
[120.855s][info][gc,heap        ] GC(120) ParOldGen: 79746K->349562K(2796544K)
[120.855s][info][gc,metaspace   ] GC(120) Metaspace: 25481K(26496K)->25481K(26496K) NonClass: 22207K(22784K)->22207K(22784K) Class: 3274K(3712K)->3274K(3712K)
[120.855s][info][gc             ] GC(120) Pause Young (Allocation Failure) 1110M->376M(3728M) 146.440ms
[120.855s][info][gc,cpu         ] GC(120) User=0.78s Sys=0.00s Real=0.14s
[121.123s][info][gc,start       ] GC(121) Pause Young (System.gc())
[121.139s][info][gc,heap        ] GC(121) PSYoungGen: 75321K->64K(1039360K)
[121.139s][info][gc,heap        ] GC(121) ParOldGen: 349562K->383794K(2796544K)
[121.139s][info][gc,metaspace   ] GC(121) Metaspace: 25481K(26496K)->25481K(26496K) NonClass: 22207K(22784K)->22207K(22784K) Class: 3274K(3712K)->3274K(3712K)
[121.139s][info][gc             ] GC(121) Pause Young (System.gc()) 414M->374M(3746M) 16.491ms
[121.139s][info][gc,cpu         ] GC(121) User=0.03s Sys=0.00s Real=0.02s
[121.139s][info][gc,start       ] GC(122) Pause Full (System.gc())
[121.139s][info][gc,phases,start] GC(122) Marking Phase
[121.144s][info][gc,phases      ] GC(122) Marking Phase 5.065ms
[121.144s][info][gc,phases,start] GC(122) Summary Phase
[121.144s][info][gc,phases      ] GC(122) Summary Phase 0.013ms
[121.144s][info][gc,phases,start] GC(122) Adjust Roots
[121.147s][info][gc,phases      ] GC(122) Adjust Roots 2.668ms
[121.147s][info][gc,phases,start] GC(122) Compaction Phase
[121.150s][info][gc,phases      ] GC(122) Compaction Phase 3.356ms
[121.150s][info][gc,phases,start] GC(122) Post Compact
[121.152s][info][gc,phases      ] GC(122) Post Compact 1.943ms
[121.152s][info][gc,heap        ] GC(122) PSYoungGen: 64K->0K(1039360K)
[121.152s][info][gc,heap        ] GC(122) ParOldGen: 383794K->5930K(2796544K)
[121.152s][info][gc,metaspace   ] GC(122) Metaspace: 25481K(26496K)->25481K(26496K) NonClass: 22207K(22784K)->22207K(22784K) Class: 3274K(3712K)->3274K(3712K)
[121.152s][info][gc             ] GC(122) Pause Full (System.gc()) 374M->5M(3746M) 13.348ms
[121.152s][info][gc,cpu         ] GC(122) User=0.02s Sys=0.00s Real=0.02s
[122.886s][info][gc,start       ] GC(123) Pause Young (Allocation Failure)
[122.887s][info][gc,heap        ] GC(123) PSYoungGen: 680960K->704K(1063936K)
[122.887s][info][gc,heap        ] GC(123) ParOldGen: 5930K->5930K(2796544K)
[122.887s][info][gc,metaspace   ] GC(123) Metaspace: 25481K(26496K)->25481K(26496K) NonClass: 22207K(22784K)->22207K(22784K) Class: 3274K(3712K)->3274K(3712K)
[122.887s][info][gc             ] GC(123) Pause Young (Allocation Failure) 670M->6M(3770M) 0.661ms
[122.887s][info][gc,cpu         ] GC(123) User=0.00s Sys=0.00s Real=0.00s
[123.003s][info][gc,start       ] GC(124) Pause Young (Allocation Failure)
[123.004s][info][gc,heap        ] GC(124) PSYoungGen: 718016K->480K(1051136K)
[123.004s][info][gc,heap        ] GC(124) ParOldGen: 5930K->6258K(2796544K)
[123.004s][info][gc,metaspace   ] GC(124) Metaspace: 25481K(26496K)->25481K(26496K) NonClass: 22207K(22784K)->22207K(22784K) Class: 3274K(3712K)->3274K(3712K)
[123.004s][info][gc             ] GC(124) Pause Young (Allocation Failure) 706M->6M(3757M) 0.710ms
[123.004s][info][gc,cpu         ] GC(124) User=0.00s Sys=0.00s Real=0.00s
[123.124s][info][gc,start       ] GC(125) Pause Young (Allocation Failure)
[123.124s][info][gc,heap        ] GC(125) PSYoungGen: 717792K->448K(1092096K)
[123.124s][info][gc,heap        ] GC(125) ParOldGen: 6258K->6330K(2796544K)
[123.124s][info][gc,metaspace   ] GC(125) Metaspace: 25481K(26496K)->25481K(26496K) NonClass: 22207K(22784K)->22207K(22784K) Class: 3274K(3712K)->3274K(3712K)
[123.124s][info][gc             ] GC(125) Pause Young (Allocation Failure) 707M->6M(3797M) 0.688ms
[123.124s][info][gc,cpu         ] GC(125) User=0.00s Sys=0.00s Real=0.00s
[123.253s][info][gc,start       ] GC(126) Pause Young (Allocation Failure)
[123.254s][info][gc,heap        ] GC(126) PSYoungGen: 772544K->320K(1077760K)
[123.254s][info][gc,heap        ] GC(126) ParOldGen: 6330K->6378K(2796544K)
[123.254s][info][gc,metaspace   ] GC(126) Metaspace: 25481K(26496K)->25481K(26496K) NonClass: 22207K(22784K)->22207K(22784K) Class: 3274K(3712K)->3274K(3712K)
[123.254s][info][gc             ] GC(126) Pause Young (Allocation Failure) 760M->6M(3783M) 0.572ms
[123.254s][info][gc,cpu         ] GC(126) User=0.00s Sys=0.00s Real=0.00s
[123.968s][info][gc,start       ] GC(127) Pause Young (Allocation Failure)
[124.115s][info][gc,heap        ] GC(127) PSYoungGen: 772416K->290787K(940032K)
[124.115s][info][gc,heap        ] GC(127) ParOldGen: 6378K->58186K(2796544K)
[124.115s][info][gc,metaspace   ] GC(127) Metaspace: 25481K(26496K)->25481K(26496K) NonClass: 22207K(22784K)->22207K(22784K) Class: 3274K(3712K)->3274K(3712K)
[124.115s][info][gc             ] GC(127) Pause Young (Allocation Failure) 760M->340M(3649M) 147.774ms
[124.115s][info][gc,cpu         ] GC(127) User=0.86s Sys=0.00s Real=0.16s
[128.667s][info][gc,start       ] GC(128) Pause Young (Allocation Failure)
[128.825s][info][gc,heap        ] GC(128) PSYoungGen: 940003K->133376K(1023488K)
[128.825s][info][gc,heap        ] GC(128) ParOldGen: 58186K->253853K(2796544K)
[128.825s][info][gc,metaspace   ] GC(128) Metaspace: 25481K(26496K)->25481K(26496K) NonClass: 22207K(22784K)->22207K(22784K) Class: 3274K(3712K)->3274K(3712K)
[128.825s][info][gc             ] GC(128) Pause Young (Allocation Failure) 974M->378M(3730M) 158.011ms
[128.825s][info][gc,cpu         ] GC(128) User=0.94s Sys=0.00s Real=0.17s
[129.200s][info][gc,start       ] GC(129) Pause Young (Allocation Failure)
[129.370s][info][gc,heap        ] GC(129) PSYoungGen: 782592K->268992K(954880K)
[129.370s][info][gc,heap        ] GC(129) ParOldGen: 253853K->384965K(2796544K)
[129.370s][info][gc,metaspace   ] GC(129) Metaspace: 25481K(26496K)->25481K(26496K) NonClass: 22207K(22784K)->22207K(22784K) Class: 3274K(3712K)->3274K(3712K)
[129.370s][info][gc             ] GC(129) Pause Young (Allocation Failure) 1012M->638M(3663M) 169.309ms
[129.370s][info][gc,cpu         ] GC(129) User=0.97s Sys=0.00s Real=0.17s
[130.179s][info][gc,start       ] GC(130) Pause Young (Allocation Failure)
[130.334s][info][gc,heap        ] GC(130) PSYoungGen: 859840K->54741K(994304K)
[130.334s][info][gc,heap        ] GC(130) ParOldGen: 384965K->623133K(2796544K)
[130.334s][info][gc,metaspace   ] GC(130) Metaspace: 25481K(26496K)->25481K(26496K) NonClass: 22207K(22784K)->22207K(22784K) Class: 3274K(3712K)->3274K(3712K)
[130.334s][info][gc             ] GC(130) Pause Young (Allocation Failure) 1215M->661M(3702M) 154.646ms
[130.334s][info][gc,cpu         ] GC(130) User=0.97s Sys=0.00s Real=0.16s
[131.202s][info][gc,start       ] GC(131) Pause Young (System.gc())
[131.222s][info][gc,heap        ] GC(131) PSYoungGen: 238391K->128K(1026560K)
[131.222s][info][gc,heap        ] GC(131) ParOldGen: 623133K->655229K(2796544K)
[131.222s][info][gc,metaspace   ] GC(131) Metaspace: 25484K(26496K)->25484K(26496K) NonClass: 22210K(22784K)->22210K(22784K) Class: 3274K(3712K)->3274K(3712K)
[131.222s][info][gc             ] GC(131) Pause Young (System.gc()) 841M->639M(3733M) 19.591ms
[131.222s][info][gc,cpu         ] GC(131) User=0.06s Sys=0.00s Real=0.02s
[131.222s][info][gc,start       ] GC(132) Pause Full (System.gc())
[131.222s][info][gc,phases,start] GC(132) Marking Phase
[131.228s][info][gc,phases      ] GC(132) Marking Phase 5.866ms
[131.228s][info][gc,phases,start] GC(132) Summary Phase
[131.228s][info][gc,phases      ] GC(132) Summary Phase 0.013ms
[131.228s][info][gc,phases,start] GC(132) Adjust Roots
[131.230s][info][gc,phases      ] GC(132) Adjust Roots 2.450ms
[131.231s][info][gc,phases,start] GC(132) Compaction Phase
[131.234s][info][gc,phases      ] GC(132) Compaction Phase 3.604ms
[131.234s][info][gc,phases,start] GC(132) Post Compact
[131.236s][info][gc,phases      ] GC(132) Post Compact 1.362ms
[131.236s][info][gc,heap        ] GC(132) PSYoungGen: 128K->0K(1026560K)
[131.236s][info][gc,heap        ] GC(132) ParOldGen: 655229K->5930K(2796544K)
[131.236s][info][gc,metaspace   ] GC(132) Metaspace: 25484K(26496K)->25484K(26496K) NonClass: 22210K(22784K)->22210K(22784K) Class: 3274K(3712K)->3274K(3712K)
[131.236s][info][gc             ] GC(132) Pause Full (System.gc()) 639M->5M(3733M) 13.613ms
[131.236s][info][gc,cpu         ] GC(132) User=0.00s Sys=0.00s Real=0.02s
[132.960s][info][gc,start       ] GC(133) Pause Young (Allocation Failure)
[132.960s][info][gc,heap        ] GC(133) PSYoungGen: 644096K->704K(1015296K)
[132.960s][info][gc,heap        ] GC(133) ParOldGen: 5930K->5930K(2796544K)
[132.960s][info][gc,metaspace   ] GC(133) Metaspace: 25513K(26496K)->25513K(26496K) NonClass: 22238K(22784K)->22238K(22784K) Class: 3274K(3712K)->3274K(3712K)
[132.960s][info][gc             ] GC(133) Pause Young (Allocation Failure) 634M->6M(3722M) 0.749ms
[132.960s][info][gc,cpu         ] GC(133) User=0.00s Sys=0.00s Real=0.00s
[133.065s][info][gc,start       ] GC(134) Pause Young (Allocation Failure)
[133.065s][info][gc,heap        ] GC(134) PSYoungGen: 644800K->448K(1053184K)
[133.065s][info][gc,heap        ] GC(134) ParOldGen: 5930K->6266K(2796544K)
[133.065s][info][gc,metaspace   ] GC(134) Metaspace: 25513K(26496K)->25513K(26496K) NonClass: 22238K(22784K)->22238K(22784K) Class: 3274K(3712K)->3274K(3712K)
[133.065s][info][gc             ] GC(134) Pause Young (Allocation Failure) 635M->6M(3759M) 0.875ms
[133.065s][info][gc,cpu         ] GC(134) User=0.00s Sys=0.00s Real=0.00s
[133.179s][info][gc,start       ] GC(135) Pause Young (Allocation Failure)
[133.180s][info][gc,heap        ] GC(135) PSYoungGen: 695232K->384K(1039360K)
[133.180s][info][gc,heap        ] GC(135) ParOldGen: 6266K->6354K(2796544K)
[133.180s][info][gc,metaspace   ] GC(135) Metaspace: 25513K(26496K)->25513K(26496K) NonClass: 22238K(22784K)->22238K(22784K) Class: 3274K(3712K)->3274K(3712K)
[133.180s][info][gc             ] GC(135) Pause Young (Allocation Failure) 685M->6M(3746M) 0.582ms
[133.180s][info][gc,cpu         ] GC(135) User=0.00s Sys=0.00s Real=0.00s
[133.298s][info][gc,start       ] GC(136) Pause Young (Allocation Failure)
[133.299s][info][gc,heap        ] GC(136) PSYoungGen: 695168K->320K(1083392K)
[133.299s][info][gc,heap        ] GC(136) ParOldGen: 6354K->6394K(2796544K)
[133.299s][info][gc,metaspace   ] GC(136) Metaspace: 25513K(26496K)->25513K(26496K) NonClass: 22238K(22784K)->22238K(22784K) Class: 3274K(3712K)->3274K(3712K)
[133.299s][info][gc             ] GC(136) Pause Young (Allocation Failure) 685M->6M(3789M) 0.784ms
[133.299s][info][gc,cpu         ] GC(136) User=0.02s Sys=0.00s Real=0.02s
[133.745s][info][gc,start       ] GC(137) Pause Young (Allocation Failure)
[133.822s][info][gc,heap        ] GC(137) PSYoungGen: 753984K->195331K(949248K)
[133.822s][info][gc,heap        ] GC(137) ParOldGen: 6394K->6466K(2796544K)
[133.822s][info][gc,metaspace   ] GC(137) Metaspace: 25513K(26496K)->25513K(26496K) NonClass: 22238K(22784K)->22238K(22784K) Class: 3274K(3712K)->3274K(3712K)
[133.822s][info][gc             ] GC(137) Pause Young (Allocation Failure) 742M->197M(3658M) 77.526ms
[133.822s][info][gc,cpu         ] GC(137) User=0.39s Sys=0.00s Real=0.08s
[138.511s][info][gc,start       ] GC(138) Pause Young (Allocation Failure)
[138.536s][info][gc,heap        ] GC(138) PSYoungGen: 948995K->64672K(1083392K)
[138.536s][info][gc,heap        ] GC(138) ParOldGen: 6466K->6538K(2796544K)
[138.536s][info][gc,metaspace   ] GC(138) Metaspace: 25513K(26496K)->25513K(26496K) NonClass: 22238K(22784K)->22238K(22784K) Class: 3274K(3712K)->3274K(3712K)
[138.536s][info][gc             ] GC(138) Pause Young (Allocation Failure) 933M->69M(3789M) 25.692ms
[138.536s][info][gc,cpu         ] GC(138) User=0.08s Sys=0.00s Real=0.03s
[138.963s][info][gc,start       ] GC(139) Pause Young (Allocation Failure)
[139.118s][info][gc,heap        ] GC(139) PSYoungGen: 808608K->308224K(1052160K)
[139.118s][info][gc,heap        ] GC(139) ParOldGen: 6538K->69474K(2796544K)
[139.118s][info][gc,metaspace   ] GC(139) Metaspace: 25513K(26496K)->25513K(26496K) NonClass: 22238K(22784K)->22238K(22784K) Class: 3274K(3712K)->3274K(3712K)
[139.118s][info][gc             ] GC(139) Pause Young (Allocation Failure) 796M->368M(3758M) 155.281ms
[139.118s][info][gc,cpu         ] GC(139) User=0.77s Sys=0.00s Real=0.15s
[140.317s][info][gc,start       ] GC(140) Pause Young (Allocation Failure)
[140.472s][info][gc,heap        ] GC(140) PSYoungGen: 1052160K->45824K(1027584K)
[140.472s][info][gc,heap        ] GC(140) ParOldGen: 69474K->338250K(2796544K)
[140.472s][info][gc,metaspace   ] GC(140) Metaspace: 25524K(26496K)->25524K(26496K) NonClass: 22250K(22784K)->22250K(22784K) Class: 3274K(3712K)->3274K(3712K)
[140.472s][info][gc             ] GC(140) Pause Young (Allocation Failure) 1095M->375M(3734M) 154.585ms
[140.472s][info][gc,cpu         ] GC(140) User=0.83s Sys=0.00s Real=0.15s
[140.988s][info][gc,start       ] GC(141) Pause Young (System.gc())
[141.009s][info][gc,heap        ] GC(141) PSYoungGen: 115851K->96K(1039872K)
[141.009s][info][gc,heap        ] GC(141) ParOldGen: 338250K->382138K(2796544K)
[141.009s][info][gc,metaspace   ] GC(141) Metaspace: 25526K(26496K)->25526K(26496K) NonClass: 22252K(22784K)->22252K(22784K) Class: 3274K(3712K)->3274K(3712K)
[141.009s][info][gc             ] GC(141) Pause Young (System.gc()) 443M->373M(3746M) 20.971ms
[141.009s][info][gc,cpu         ] GC(141) User=0.06s Sys=0.00s Real=0.03s
[141.009s][info][gc,start       ] GC(142) Pause Full (System.gc())
[141.009s][info][gc,phases,start] GC(142) Marking Phase
[141.014s][info][gc,phases      ] GC(142) Marking Phase 5.054ms
[141.014s][info][gc,phases,start] GC(142) Summary Phase
[141.014s][info][gc,phases      ] GC(142) Summary Phase 0.012ms
[141.014s][info][gc,phases,start] GC(142) Adjust Roots
[141.017s][info][gc,phases      ] GC(142) Adjust Roots 2.468ms
[141.017s][info][gc,phases,start] GC(142) Compaction Phase
[141.020s][info][gc,phases      ] GC(142) Compaction Phase 2.913ms
[141.020s][info][gc,phases,start] GC(142) Post Compact
[141.022s][info][gc,phases      ] GC(142) Post Compact 1.865ms
[141.022s][info][gc,heap        ] GC(142) PSYoungGen: 96K->0K(1039872K)
[141.022s][info][gc,heap        ] GC(142) ParOldGen: 382138K->5930K(2796544K)
[141.022s][info][gc,metaspace   ] GC(142) Metaspace: 25526K(26496K)->25526K(26496K) NonClass: 22252K(22784K)->22252K(22784K) Class: 3274K(3712K)->3274K(3712K)
[141.022s][info][gc             ] GC(142) Pause Full (System.gc()) 373M->5M(3746M) 12.594ms
[141.022s][info][gc,cpu         ] GC(142) User=0.00s Sys=0.00s Real=0.00s
[142.621s][info][gc,start       ] GC(143) Pause Young (Allocation Failure)
[142.621s][info][gc,heap        ] GC(143) PSYoungGen: 681984K->800K(1063936K)
[142.622s][info][gc,heap        ] GC(143) ParOldGen: 5930K->5930K(2796544K)
[142.622s][info][gc,metaspace   ] GC(143) Metaspace: 25527K(26496K)->25527K(26496K) NonClass: 22253K(22784K)->22253K(22784K) Class: 3274K(3712K)->3274K(3712K)
[142.622s][info][gc             ] GC(143) Pause Young (Allocation Failure) 671M->6M(3770M) 0.701ms
[142.622s][info][gc,cpu         ] GC(143) User=0.00s Sys=0.00s Real=0.00s
[142.736s][info][gc,start       ] GC(144) Pause Young (Allocation Failure)
[142.737s][info][gc,heap        ] GC(144) PSYoungGen: 718112K->416K(1051136K)
[142.737s][info][gc,heap        ] GC(144) ParOldGen: 5930K->6274K(2796544K)
[142.737s][info][gc,metaspace   ] GC(144) Metaspace: 25527K(26496K)->25527K(26496K) NonClass: 22253K(22784K)->22253K(22784K) Class: 3274K(3712K)->3274K(3712K)
[142.737s][info][gc             ] GC(144) Pause Young (Allocation Failure) 707M->6M(3757M) 0.756ms
[142.737s][info][gc,cpu         ] GC(144) User=0.00s Sys=0.00s Real=0.00s
[142.854s][info][gc,start       ] GC(145) Pause Young (Allocation Failure)
[142.855s][info][gc,heap        ] GC(145) PSYoungGen: 717728K->384K(1091584K)
[142.855s][info][gc,heap        ] GC(145) ParOldGen: 6274K->6322K(2796544K)
[142.855s][info][gc,metaspace   ] GC(145) Metaspace: 25527K(26496K)->25527K(26496K) NonClass: 22253K(22784K)->22253K(22784K) Class: 3274K(3712K)->3274K(3712K)
[142.855s][info][gc             ] GC(145) Pause Young (Allocation Failure) 707M->6M(3797M) 0.549ms
[142.855s][info][gc,cpu         ] GC(145) User=0.00s Sys=0.00s Real=0.00s
[142.984s][info][gc,start       ] GC(146) Pause Young (Allocation Failure)
[142.984s][info][gc,heap        ] GC(146) PSYoungGen: 771968K->384K(1077760K)
[142.984s][info][gc,heap        ] GC(146) ParOldGen: 6322K->6378K(2796544K)
[142.984s][info][gc,metaspace   ] GC(146) Metaspace: 25527K(26496K)->25527K(26496K) NonClass: 22253K(22784K)->22253K(22784K) Class: 3274K(3712K)->3274K(3712K)
[142.984s][info][gc             ] GC(146) Pause Young (Allocation Failure) 760M->6M(3783M) 0.612ms
[142.984s][info][gc,cpu         ] GC(146) User=0.00s Sys=0.00s Real=0.00s
[143.692s][info][gc,start       ] GC(147) Pause Young (Allocation Failure)
[143.837s][info][gc,heap        ] GC(147) PSYoungGen: 771968K->291299K(944640K)
[143.837s][info][gc,heap        ] GC(147) ParOldGen: 6378K->51802K(2796544K)
[143.837s][info][gc,metaspace   ] GC(147) Metaspace: 25527K(26496K)->25527K(26496K) NonClass: 22253K(22784K)->22253K(22784K) Class: 3274K(3712K)->3274K(3712K)
[143.837s][info][gc             ] GC(147) Pause Young (Allocation Failure) 760M->335M(3653M) 144.486ms
[143.837s][info][gc,cpu         ] GC(147) User=0.89s Sys=0.00s Real=0.16s
[149.070s][info][gc,start       ] GC(148) Pause Young (Allocation Failure)
[149.209s][info][gc,heap        ] GC(148) PSYoungGen: 944611K->133920K(1025536K)
[149.209s][info][gc,heap        ] GC(148) ParOldGen: 51802K->198516K(2796544K)
[149.209s][info][gc,metaspace   ] GC(148) Metaspace: 25527K(26496K)->25527K(26496K) NonClass: 22253K(22784K)->22253K(22784K) Class: 3274K(3712K)->3274K(3712K)
[149.209s][info][gc             ] GC(148) Pause Young (Allocation Failure) 973M->324M(3732M) 138.492ms
[149.209s][info][gc,cpu         ] GC(148) User=0.77s Sys=0.00s Real=0.14s
[149.587s][info][gc,start       ] GC(149) Pause Young (Allocation Failure)
[149.760s][info][gc,heap        ] GC(149) PSYoungGen: 787232K->270688K(954368K)
[149.760s][info][gc,heap        ] GC(149) ParOldGen: 198516K->330212K(2796544K)
[149.760s][info][gc,metaspace   ] GC(149) Metaspace: 25527K(26496K)->25527K(26496K) NonClass: 22253K(22784K)->22253K(22784K) Class: 3274K(3712K)->3274K(3712K)
[149.760s][info][gc             ] GC(149) Pause Young (Allocation Failure) 962M->586M(3663M) 172.273ms
[149.760s][info][gc,cpu         ] GC(149) User=0.95s Sys=0.00s Real=0.17s
[150.588s][info][gc,start       ] GC(150) Pause Young (Allocation Failure)
[150.740s][info][gc,heap        ] GC(150) PSYoungGen: 862560K->51921K(994816K)
[150.740s][info][gc,heap        ] GC(150) ParOldGen: 330212K->570156K(2796544K)
[150.740s][info][gc,metaspace   ] GC(150) Metaspace: 25527K(26496K)->25527K(26496K) NonClass: 22253K(22784K)->22253K(22784K) Class: 3274K(3712K)->3274K(3712K)
[150.740s][info][gc             ] GC(150) Pause Young (Allocation Failure) 1164M->607M(3702M) 151.883ms
[150.740s][info][gc,cpu         ] GC(150) User=0.84s Sys=0.00s Real=0.14s
[151.618s][info][gc,start       ] GC(151) Pause Young (System.gc())
[151.638s][info][gc,heap        ] GC(151) PSYoungGen: 241593K->128K(1026560K)
[151.638s][info][gc,heap        ] GC(151) ParOldGen: 570156K->604588K(2796544K)
[151.638s][info][gc,metaspace   ] GC(151) Metaspace: 25528K(26496K)->25528K(26496K) NonClass: 22253K(22784K)->22253K(22784K) Class: 3274K(3712K)->3274K(3712K)
[151.638s][info][gc             ] GC(151) Pause Young (System.gc()) 792M->590M(3733M) 19.913ms
[151.638s][info][gc,cpu         ] GC(151) User=0.06s Sys=0.00s Real=0.02s
[151.638s][info][gc,start       ] GC(152) Pause Full (System.gc())
[151.638s][info][gc,phases,start] GC(152) Marking Phase
[151.643s][info][gc,phases      ] GC(152) Marking Phase 5.261ms
[151.643s][info][gc,phases,start] GC(152) Summary Phase
[151.643s][info][gc,phases      ] GC(152) Summary Phase 0.016ms
[151.644s][info][gc,phases,start] GC(152) Adjust Roots
[151.646s][info][gc,phases      ] GC(152) Adjust Roots 2.772ms
[151.646s][info][gc,phases,start] GC(152) Compaction Phase
[151.649s][info][gc,phases      ] GC(152) Compaction Phase 2.497ms
[151.649s][info][gc,phases,start] GC(152) Post Compact
[151.650s][info][gc,phases      ] GC(152) Post Compact 1.304ms
[151.650s][info][gc,heap        ] GC(152) PSYoungGen: 128K->0K(1026560K)
[151.650s][info][gc,heap        ] GC(152) ParOldGen: 604588K->5930K(2796544K)
[151.650s][info][gc,metaspace   ] GC(152) Metaspace: 25528K(26496K)->25528K(26496K) NonClass: 22253K(22784K)->22253K(22784K) Class: 3274K(3712K)->3274K(3712K)
[151.650s][info][gc             ] GC(152) Pause Full (System.gc()) 590M->5M(3733M) 12.132ms
[151.650s][info][gc,cpu         ] GC(152) User=0.02s Sys=0.00s Real=0.02s
[153.331s][info][gc,start       ] GC(153) Pause Young (Allocation Failure)
[153.332s][info][gc,heap        ] GC(153) PSYoungGen: 644096K->704K(1015296K)
[153.332s][info][gc,heap        ] GC(153) ParOldGen: 5930K->5930K(2796544K)
[153.332s][info][gc,metaspace   ] GC(153) Metaspace: 25528K(26496K)->25528K(26496K) NonClass: 22253K(22784K)->22253K(22784K) Class: 3274K(3712K)->3274K(3712K)
[153.332s][info][gc             ] GC(153) Pause Young (Allocation Failure) 634M->6M(3722M) 0.655ms
[153.332s][info][gc,cpu         ] GC(153) User=0.00s Sys=0.00s Real=0.00s
[153.441s][info][gc,start       ] GC(154) Pause Young (Allocation Failure)
[153.442s][info][gc,heap        ] GC(154) PSYoungGen: 644800K->512K(1053184K)
[153.442s][info][gc,heap        ] GC(154) ParOldGen: 5930K->6210K(2796544K)
[153.442s][info][gc,metaspace   ] GC(154) Metaspace: 25528K(26496K)->25528K(26496K) NonClass: 22253K(22784K)->22253K(22784K) Class: 3274K(3712K)->3274K(3712K)
[153.442s][info][gc             ] GC(154) Pause Young (Allocation Failure) 635M->6M(3759M) 0.704ms
[153.442s][info][gc,cpu         ] GC(154) User=0.00s Sys=0.00s Real=0.00s
[153.556s][info][gc,start       ] GC(155) Pause Young (Allocation Failure)
[153.556s][info][gc,heap        ] GC(155) PSYoungGen: 695296K->352K(1039360K)
[153.556s][info][gc,heap        ] GC(155) ParOldGen: 6210K->6322K(2796544K)
[153.556s][info][gc,metaspace   ] GC(155) Metaspace: 25528K(26496K)->25528K(26496K) NonClass: 22253K(22784K)->22253K(22784K) Class: 3274K(3712K)->3274K(3712K)
[153.556s][info][gc             ] GC(155) Pause Young (Allocation Failure) 685M->6M(3746M) 0.642ms
[153.556s][info][gc,cpu         ] GC(155) User=0.00s Sys=0.00s Real=0.00s
[153.673s][info][gc,start       ] GC(156) Pause Young (Allocation Failure)
[153.673s][info][gc,heap        ] GC(156) PSYoungGen: 695136K->480K(1083392K)
[153.673s][info][gc,heap        ] GC(156) ParOldGen: 6322K->6378K(2796544K)
[153.673s][info][gc,metaspace   ] GC(156) Metaspace: 25528K(26496K)->25528K(26496K) NonClass: 22253K(22784K)->22253K(22784K) Class: 3274K(3712K)->3274K(3712K)
[153.673s][info][gc             ] GC(156) Pause Young (Allocation Failure) 685M->6M(3789M) 0.691ms
[153.673s][info][gc,cpu         ] GC(156) User=0.00s Sys=0.00s Real=0.00s
[154.106s][info][gc,start       ] GC(157) Pause Young (Allocation Failure)
[154.182s][info][gc,heap        ] GC(157) PSYoungGen: 754144K->191570K(945664K)
[154.182s][info][gc,heap        ] GC(157) ParOldGen: 6378K->6482K(2796544K)
[154.182s][info][gc,metaspace   ] GC(157) Metaspace: 25528K(26496K)->25528K(26496K) NonClass: 22253K(22784K)->22253K(22784K) Class: 3274K(3712K)->3274K(3712K)
[154.183s][info][gc             ] GC(157) Pause Young (Allocation Failure) 742M->193M(3654M) 76.530ms
[154.183s][info][gc,cpu         ] GC(157) User=0.38s Sys=0.00s Real=0.08s
[158.839s][info][gc,start       ] GC(158) Pause Young (Allocation Failure)
[158.865s][info][gc,heap        ] GC(158) PSYoungGen: 945234K->65472K(1084928K)
[158.865s][info][gc,heap        ] GC(158) ParOldGen: 6482K->6562K(2796544K)
[158.865s][info][gc,metaspace   ] GC(158) Metaspace: 25528K(26496K)->25528K(26496K) NonClass: 22253K(22784K)->22253K(22784K) Class: 3274K(3712K)->3274K(3712K)
[158.865s][info][gc             ] GC(158) Pause Young (Allocation Failure) 929M->70M(3790M) 26.086ms
[158.865s][info][gc,cpu         ] GC(158) User=0.09s Sys=0.00s Real=0.03s
[159.294s][info][gc,start       ] GC(159) Pause Young (Allocation Failure)
[159.453s][info][gc,heap        ] GC(159) PSYoungGen: 812480K->309440K(1056768K)
[159.453s][info][gc,heap        ] GC(159) ParOldGen: 6562K->70250K(2796544K)
[159.453s][info][gc,metaspace   ] GC(159) Metaspace: 25528K(26496K)->25528K(26496K) NonClass: 22253K(22784K)->22253K(22784K) Class: 3274K(3712K)->3274K(3712K)
[159.453s][info][gc             ] GC(159) Pause Young (Allocation Failure) 799M->370M(3763M) 159.388ms
[159.453s][info][gc,cpu         ] GC(159) User=0.98s Sys=0.00s Real=0.16s
[160.743s][info][gc,start       ] GC(160) Pause Young (Allocation Failure)
[160.895s][info][gc,heap        ] GC(160) PSYoungGen: 1056448K->44352K(1025024K)
[160.895s][info][gc,heap        ] GC(160) ParOldGen: 70250K->340090K(2796544K)
[160.895s][info][gc,metaspace   ] GC(160) Metaspace: 25528K(26496K)->25528K(26496K) NonClass: 22253K(22784K)->22253K(22784K) Class: 3274K(3712K)->3274K(3712K)
[160.895s][info][gc             ] GC(160) Pause Young (Allocation Failure) 1100M->375M(3732M) 151.459ms
[160.895s][info][gc,cpu         ] GC(160) User=0.86s Sys=0.00s Real=0.16s
[161.373s][info][gc,start       ] GC(161) Pause Young (System.gc())
[161.393s][info][gc,heap        ] GC(161) PSYoungGen: 107477K->64K(1040896K)
[161.393s][info][gc,heap        ] GC(161) ParOldGen: 340090K->382482K(2796544K)
[161.393s][info][gc,metaspace   ] GC(161) Metaspace: 25528K(26496K)->25528K(26496K) NonClass: 22253K(22784K)->22253K(22784K) Class: 3274K(3712K)->3274K(3712K)
[161.393s][info][gc             ] GC(161) Pause Young (System.gc()) 437M->373M(3747M) 20.555ms
[161.393s][info][gc,cpu         ] GC(161) User=0.08s Sys=0.00s Real=0.03s
[161.393s][info][gc,start       ] GC(162) Pause Full (System.gc())
[161.393s][info][gc,phases,start] GC(162) Marking Phase
[161.398s][info][gc,phases      ] GC(162) Marking Phase 4.942ms
[161.398s][info][gc,phases,start] GC(162) Summary Phase
[161.398s][info][gc,phases      ] GC(162) Summary Phase 0.012ms
[161.398s][info][gc,phases,start] GC(162) Adjust Roots
[161.401s][info][gc,phases      ] GC(162) Adjust Roots 2.446ms
[161.401s][info][gc,phases,start] GC(162) Compaction Phase
[161.403s][info][gc,phases      ] GC(162) Compaction Phase 2.426ms
[161.403s][info][gc,phases,start] GC(162) Post Compact
[161.405s][info][gc,phases      ] GC(162) Post Compact 2.046ms
[161.405s][info][gc,heap        ] GC(162) PSYoungGen: 64K->0K(1040896K)
[161.405s][info][gc,heap        ] GC(162) ParOldGen: 382482K->5931K(2796544K)
[161.405s][info][gc,metaspace   ] GC(162) Metaspace: 25528K(26496K)->25528K(26496K) NonClass: 22253K(22784K)->22253K(22784K) Class: 3274K(3712K)->3274K(3712K)
[161.405s][info][gc             ] GC(162) Pause Full (System.gc()) 373M->5M(3747M) 12.178ms
[161.405s][info][gc,cpu         ] GC(162) User=0.00s Sys=0.00s Real=0.02s
[163.293s][info][gc,start       ] GC(163) Pause Young (Allocation Failure)
[163.293s][info][gc,heap        ] GC(163) PSYoungGen: 684032K->544K(1064448K)
[163.293s][info][gc,heap        ] GC(163) ParOldGen: 5931K->5931K(2796544K)
[163.293s][info][gc,metaspace   ] GC(163) Metaspace: 25528K(26496K)->25528K(26496K) NonClass: 22253K(22784K)->22253K(22784K) Class: 3274K(3712K)->3274K(3712K)
[163.294s][info][gc             ] GC(163) Pause Young (Allocation Failure) 673M->6M(3770M) 0.576ms
[163.294s][info][gc,cpu         ] GC(163) User=0.00s Sys=0.00s Real=0.00s
[163.414s][info][gc,start       ] GC(164) Pause Young (Allocation Failure)
[163.415s][info][gc,heap        ] GC(164) PSYoungGen: 719392K->544K(1052160K)
[163.415s][info][gc,heap        ] GC(164) ParOldGen: 5931K->6059K(2796544K)
[163.415s][info][gc,metaspace   ] GC(164) Metaspace: 25528K(26496K)->25528K(26496K) NonClass: 22253K(22784K)->22253K(22784K) Class: 3274K(3712K)->3274K(3712K)
[163.415s][info][gc             ] GC(164) Pause Young (Allocation Failure) 708M->6M(3758M) 1.162ms
[163.415s][info][gc,cpu         ] GC(164) User=0.00s Sys=0.00s Real=0.00s
[163.537s][info][gc,start       ] GC(165) Pause Young (Allocation Failure)
[163.538s][info][gc,heap        ] GC(165) PSYoungGen: 719392K->352K(1092096K)
[163.538s][info][gc,heap        ] GC(165) ParOldGen: 6059K->6219K(2796544K)
[163.538s][info][gc,metaspace   ] GC(165) Metaspace: 25528K(26496K)->25528K(26496K) NonClass: 22253K(22784K)->22253K(22784K) Class: 3274K(3712K)->3274K(3712K)
[163.538s][info][gc             ] GC(165) Pause Young (Allocation Failure) 708M->6M(3797M) 0.661ms
[163.538s][info][gc,cpu         ] GC(165) User=0.00s Sys=0.00s Real=0.00s
[163.665s][info][gc,start       ] GC(166) Pause Young (Allocation Failure)
[163.666s][info][gc,heap        ] GC(166) PSYoungGen: 772960K->384K(1078272K)
[163.666s][info][gc,heap        ] GC(166) ParOldGen: 6219K->6283K(2796544K)
[163.666s][info][gc,metaspace   ] GC(166) Metaspace: 25528K(26496K)->25528K(26496K) NonClass: 22253K(22784K)->22253K(22784K) Class: 3274K(3712K)->3274K(3712K)
[163.666s][info][gc             ] GC(166) Pause Young (Allocation Failure) 760M->6M(3784M) 0.661ms
[163.666s][info][gc,cpu         ] GC(166) User=0.00s Sys=0.00s Real=0.00s
[164.403s][info][gc,start       ] GC(167) Pause Young (Allocation Failure)
[164.557s][info][gc,heap        ] GC(167) PSYoungGen: 772992K->290787K(932864K)
[164.557s][info][gc,heap        ] GC(167) ParOldGen: 6283K->68635K(2796544K)
[164.557s][info][gc,metaspace   ] GC(167) Metaspace: 25528K(26496K)->25528K(26496K) NonClass: 22253K(22784K)->22253K(22784K) Class: 3274K(3712K)->3274K(3712K)
[164.557s][info][gc             ] GC(167) Pause Young (Allocation Failure) 761M->350M(3642M) 153.968ms
[164.557s][info][gc,cpu         ] GC(167) User=0.75s Sys=0.00s Real=0.14s
[170.364s][info][gc,start       ] GC(168) Pause Young (Allocation Failure)
[170.527s][info][gc,heap        ] GC(168) PSYoungGen: 932835K->137824K(1019904K)
[170.527s][info][gc,heap        ] GC(168) ParOldGen: 68635K->257181K(2796544K)
[170.527s][info][gc,metaspace   ] GC(168) Metaspace: 25528K(26496K)->25528K(26496K) NonClass: 22253K(22784K)->22253K(22784K) Class: 3274K(3712K)->3274K(3712K)
[170.527s][info][gc             ] GC(168) Pause Young (Allocation Failure) 977M->385M(3727M) 162.509ms
[170.527s][info][gc,cpu         ] GC(168) User=0.95s Sys=0.00s Real=0.17s
[170.895s][info][gc,start       ] GC(169) Pause Young (Allocation Failure)
[171.066s][info][gc,heap        ] GC(169) PSYoungGen: 779872K->266016K(954368K)
[171.066s][info][gc,heap        ] GC(169) ParOldGen: 257181K->392693K(2796544K)
[171.066s][info][gc,metaspace   ] GC(169) Metaspace: 25528K(26496K)->25528K(26496K) NonClass: 22253K(22784K)->22253K(22784K) Class: 3274K(3712K)->3274K(3712K)
[171.066s][info][gc             ] GC(169) Pause Young (Allocation Failure) 1012M->643M(3663M) 170.869ms
[171.066s][info][gc,cpu         ] GC(169) User=0.95s Sys=0.00s Real=0.17s
[171.891s][info][gc,start       ] GC(170) Pause Young (Allocation Failure)
[172.041s][info][gc,heap        ] GC(170) PSYoungGen: 851744K->50129K(991744K)
[172.041s][info][gc,heap        ] GC(170) ParOldGen: 392693K->628773K(2796544K)
[172.041s][info][gc,metaspace   ] GC(170) Metaspace: 25528K(26496K)->25528K(26496K) NonClass: 22253K(22784K)->22253K(22784K) Class: 3274K(3712K)->3274K(3712K)
[172.041s][info][gc             ] GC(170) Pause Young (Allocation Failure) 1215M->662M(3699M) 150.500ms
[172.041s][info][gc,cpu         ] GC(170) User=0.83s Sys=0.00s Real=0.14s
[172.921s][info][gc,start       ] GC(171) Pause Young (System.gc())
[172.939s][info][gc,heap        ] GC(171) PSYoungGen: 238481K->64K(1022976K)
[172.939s][info][gc,heap        ] GC(171) ParOldGen: 628773K->661501K(2796544K)
[172.939s][info][gc,metaspace   ] GC(171) Metaspace: 25528K(26496K)->25528K(26496K) NonClass: 22253K(22784K)->22253K(22784K) Class: 3274K(3712K)->3274K(3712K)
[172.939s][info][gc             ] GC(171) Pause Young (System.gc()) 846M->646M(3730M) 18.378ms
[172.939s][info][gc,cpu         ] GC(171) User=0.06s Sys=0.00s Real=0.02s
[172.939s][info][gc,start       ] GC(172) Pause Full (System.gc())
[172.939s][info][gc,phases,start] GC(172) Marking Phase
[172.945s][info][gc,phases      ] GC(172) Marking Phase 5.203ms
[172.945s][info][gc,phases,start] GC(172) Summary Phase
[172.945s][info][gc,phases      ] GC(172) Summary Phase 0.015ms
[172.945s][info][gc,phases,start] GC(172) Adjust Roots
[172.947s][info][gc,phases      ] GC(172) Adjust Roots 2.458ms
[172.947s][info][gc,phases,start] GC(172) Compaction Phase
[172.950s][info][gc,phases      ] GC(172) Compaction Phase 2.923ms
[172.950s][info][gc,phases,start] GC(172) Post Compact
[172.952s][info][gc,phases      ] GC(172) Post Compact 1.403ms
[172.952s][info][gc,heap        ] GC(172) PSYoungGen: 64K->0K(1022976K)
[172.952s][info][gc,heap        ] GC(172) ParOldGen: 661501K->5933K(2796544K)
[172.952s][info][gc,metaspace   ] GC(172) Metaspace: 25528K(26496K)->25528K(26496K) NonClass: 22253K(22784K)->22253K(22784K) Class: 3274K(3712K)->3274K(3712K)
[172.952s][info][gc             ] GC(172) Pause Full (System.gc()) 646M->5M(3730M) 12.294ms
[172.952s][info][gc,cpu         ] GC(172) User=0.00s Sys=0.00s Real=0.01s
[174.770s][info][gc,start       ] GC(173) Pause Young (Allocation Failure)
[174.770s][info][gc,heap        ] GC(173) PSYoungGen: 636928K->544K(1011712K)
[174.770s][info][gc,heap        ] GC(173) ParOldGen: 5933K->5933K(2796544K)
[174.770s][info][gc,metaspace   ] GC(173) Metaspace: 25528K(26496K)->25528K(26496K) NonClass: 22253K(22784K)->22253K(22784K) Class: 3274K(3712K)->3274K(3712K)
[174.770s][info][gc             ] GC(173) Pause Young (Allocation Failure) 627M->6M(3719M) 0.574ms
[174.770s][info][gc,cpu         ] GC(173) User=0.00s Sys=0.00s Real=0.00s
[174.876s][info][gc,start       ] GC(174) Pause Young (Allocation Failure)
[174.876s][info][gc,heap        ] GC(174) PSYoungGen: 637472K->384K(1050112K)
[174.877s][info][gc,heap        ] GC(174) ParOldGen: 5933K->6109K(2796544K)
[174.877s][info][gc,metaspace   ] GC(174) Metaspace: 25528K(26496K)->25528K(26496K) NonClass: 22253K(22784K)->22253K(22784K) Class: 3274K(3712K)->3274K(3712K)
[174.877s][info][gc             ] GC(174) Pause Young (Allocation Failure) 628M->6M(3756M) 0.856ms
[174.877s][info][gc,cpu         ] GC(174) User=0.00s Sys=0.00s Real=0.00s
[174.992s][info][gc,start       ] GC(175) Pause Young (Allocation Failure)
[174.993s][info][gc,heap        ] GC(175) PSYoungGen: 689024K->448K(1036288K)
[174.993s][info][gc,heap        ] GC(175) ParOldGen: 6109K->6221K(2796544K)
[174.993s][info][gc,metaspace   ] GC(175) Metaspace: 25528K(26496K)->25528K(26496K) NonClass: 22253K(22784K)->22253K(22784K) Class: 3274K(3712K)->3274K(3712K)
[174.993s][info][gc             ] GC(175) Pause Young (Allocation Failure) 678M->6M(3743M) 0.776ms
[174.993s][info][gc,cpu         ] GC(175) User=0.00s Sys=0.00s Real=0.00s
[175.115s][info][gc,start       ] GC(176) Pause Young (Allocation Failure)
[175.116s][info][gc,heap        ] GC(176) PSYoungGen: 689088K->352K(1080320K)
[175.116s][info][gc,heap        ] GC(176) ParOldGen: 6221K->6277K(2796544K)
[175.116s][info][gc,metaspace   ] GC(176) Metaspace: 25528K(26496K)->25528K(26496K) NonClass: 22253K(22784K)->22253K(22784K) Class: 3274K(3712K)->3274K(3712K)
[175.116s][info][gc             ] GC(176) Pause Young (Allocation Failure) 679M->6M(3786M) 0.699ms
[175.116s][info][gc,cpu         ] GC(176) User=0.00s Sys=0.00s Real=0.00s
[175.526s][info][gc,start       ] GC(177) Pause Young (Allocation Failure)
[175.595s][info][gc,heap        ] GC(177) PSYoungGen: 747872K->174819K(922624K)
[175.595s][info][gc,heap        ] GC(177) ParOldGen: 6277K->6365K(2796544K)
[175.595s][info][gc,metaspace   ] GC(177) Metaspace: 25528K(26496K)->25528K(26496K) NonClass: 22253K(22784K)->22253K(22784K) Class: 3274K(3712K)->3274K(3712K)
[175.595s][info][gc             ] GC(177) Pause Young (Allocation Failure) 736M->176M(3632M) 69.768ms
[175.595s][info][gc,cpu         ] GC(177) User=0.38s Sys=0.00s Real=0.06s
[178.948s][info][gc,start       ] GC(178) Pause Young (Allocation Failure)
[178.991s][info][gc,heap        ] GC(178) PSYoungGen: 922339K->98688K(1079808K)
[178.991s][info][gc,heap        ] GC(178) ParOldGen: 6365K->6413K(2796544K)
[178.991s][info][gc,metaspace   ] GC(178) Metaspace: 25528K(26496K)->25528K(26496K) NonClass: 22253K(22784K)->22253K(22784K) Class: 3274K(3712K)->3274K(3712K)
[178.991s][info][gc             ] GC(178) Pause Young (Allocation Failure) 906M->102M(3785M) 43.760ms
[178.991s][info][gc,cpu         ] GC(178) User=0.17s Sys=0.00s Real=0.05s
[179.421s][info][gc,start       ] GC(179) Pause Young (Allocation Failure)
[179.588s][info][gc,heap        ] GC(179) PSYoungGen: 844160K->308320K(1054208K)
[179.588s][info][gc,heap        ] GC(179) ParOldGen: 6413K->102965K(2796544K)
[179.588s][info][gc,metaspace   ] GC(179) Metaspace: 25528K(26496K)->25528K(26496K) NonClass: 22253K(22784K)->22253K(22784K) Class: 3274K(3712K)->3274K(3712K)
[179.588s][info][gc             ] GC(179) Pause Young (Allocation Failure) 830M->401M(3760M) 166.430ms
[179.588s][info][gc,cpu         ] GC(179) User=0.94s Sys=0.00s Real=0.17s
[181.295s][info][gc,start       ] GC(180) Pause Young (System.gc())
[181.448s][info][gc,heap        ] GC(180) PSYoungGen: 1035990K->14944K(1009152K)
[181.448s][info][gc,heap        ] GC(180) ParOldGen: 102965K->370957K(2796544K)
[181.448s][info][gc,metaspace   ] GC(180) Metaspace: 25529K(26496K)->25529K(26496K) NonClass: 22255K(22784K)->22255K(22784K) Class: 3274K(3712K)->3274K(3712K)
[181.448s][info][gc             ] GC(180) Pause Young (System.gc()) 1112M->376M(3716M) 153.073ms
[181.448s][info][gc,cpu         ] GC(180) User=0.89s Sys=0.00s Real=0.16s
[181.448s][info][gc,start       ] GC(181) Pause Full (System.gc())
[181.448s][info][gc,phases,start] GC(181) Marking Phase
[181.453s][info][gc,phases      ] GC(181) Marking Phase 5.002ms
[181.453s][info][gc,phases,start] GC(181) Summary Phase
[181.453s][info][gc,phases      ] GC(181) Summary Phase 0.012ms
[181.453s][info][gc,phases,start] GC(181) Adjust Roots
[181.456s][info][gc,phases      ] GC(181) Adjust Roots 2.495ms
[181.456s][info][gc,phases,start] GC(181) Compaction Phase
[181.459s][info][gc,phases      ] GC(181) Compaction Phase 2.626ms
[181.459s][info][gc,phases,start] GC(181) Post Compact
[181.461s][info][gc,phases      ] GC(181) Post Compact 1.997ms
[181.461s][info][gc,heap        ] GC(181) PSYoungGen: 14944K->0K(1009152K)
[181.461s][info][gc,heap        ] GC(181) ParOldGen: 370957K->5933K(2796544K)
[181.461s][info][gc,metaspace   ] GC(181) Metaspace: 25529K(26496K)->25529K(26496K) NonClass: 22255K(22784K)->22255K(22784K) Class: 3274K(3712K)->3274K(3712K)
[181.461s][info][gc             ] GC(181) Pause Full (System.gc()) 376M->5M(3716M) 12.411ms
[181.461s][info][gc,cpu         ] GC(181) User=0.00s Sys=0.00s Real=0.01s
[183.048s][info][gc,start       ] GC(182) Pause Young (Allocation Failure)
[183.049s][info][gc,heap        ] GC(182) PSYoungGen: 665600K->736K(1031680K)
[183.049s][info][gc,heap        ] GC(182) ParOldGen: 5933K->5933K(2796544K)
[183.049s][info][gc,metaspace   ] GC(182) Metaspace: 25532K(26496K)->25532K(26496K) NonClass: 22258K(22784K)->22258K(22784K) Class: 3274K(3712K)->3274K(3712K)
[183.049s][info][gc             ] GC(182) Pause Young (Allocation Failure) 655M->6M(3738M) 0.728ms
[183.049s][info][gc,cpu         ] GC(182) User=0.00s Sys=0.00s Real=0.00s
[183.156s][info][gc,start       ] GC(183) Pause Young (Allocation Failure)
[183.157s][info][gc,heap        ] GC(183) PSYoungGen: 666336K->416K(1057792K)
[183.157s][info][gc,heap        ] GC(183) ParOldGen: 5933K->6341K(2796544K)
[183.157s][info][gc,metaspace   ] GC(183) Metaspace: 25532K(26496K)->25532K(26496K) NonClass: 22258K(22784K)->22258K(22784K) Class: 3274K(3712K)->3274K(3712K)
[183.157s][info][gc             ] GC(183) Pause Young (Allocation Failure) 656M->6M(3764M) 0.802ms
[183.157s][info][gc,cpu         ] GC(183) User=0.00s Sys=0.00s Real=0.00s
[183.274s][info][gc,start       ] GC(184) Pause Young (Allocation Failure)
[183.275s][info][gc,heap        ] GC(184) PSYoungGen: 704928K->256K(1044480K)
[183.275s][info][gc,heap        ] GC(184) ParOldGen: 6341K->6445K(2796544K)
[183.275s][info][gc,metaspace   ] GC(184) Metaspace: 25532K(26496K)->25532K(26496K) NonClass: 22258K(22784K)->22258K(22784K) Class: 3274K(3712K)->3274K(3712K)
[183.275s][info][gc             ] GC(184) Pause Young (Allocation Failure) 694M->6M(3751M) 0.519ms
[183.275s][info][gc,cpu         ] GC(184) User=0.00s Sys=0.00s Real=0.00s
[183.397s][info][gc,start       ] GC(185) Pause Young (Allocation Failure)
[183.398s][info][gc,heap        ] GC(185) PSYoungGen: 704768K->384K(1087488K)
[183.398s][info][gc,heap        ] GC(185) ParOldGen: 6445K->6477K(2796544K)
[183.398s][info][gc,metaspace   ] GC(185) Metaspace: 25532K(26496K)->25532K(26496K) NonClass: 22258K(22784K)->22258K(22784K) Class: 3274K(3712K)->3274K(3712K)
[183.398s][info][gc             ] GC(185) Pause Young (Allocation Failure) 694M->6M(3793M) 0.731ms
[183.398s][info][gc,cpu         ] GC(185) User=0.00s Sys=0.00s Real=0.00s
[183.910s][info][gc,start       ] GC(186) Pause Young (Allocation Failure)
[184.004s][info][gc,heap        ] GC(186) PSYoungGen: 762752K->233667K(996352K)
[184.004s][info][gc,heap        ] GC(186) ParOldGen: 6477K->6557K(2796544K)
[184.004s][info][gc,metaspace   ] GC(186) Metaspace: 25532K(26496K)->25532K(26496K) NonClass: 22258K(22784K)->22258K(22784K) Class: 3274K(3712K)->3274K(3712K)
[184.005s][info][gc             ] GC(186) Pause Young (Allocation Failure) 751M->234M(3704M) 94.475ms
[184.005s][info][gc,cpu         ] GC(186) User=0.48s Sys=0.02s Real=0.09s
[188.329s][info][gc,start       ] GC(187) Pause Young (Allocation Failure)
[188.368s][info][gc,heap        ] GC(187) PSYoungGen: 996035K->95616K(1068032K)
[188.373s][info][gc,heap        ] GC(187) ParOldGen: 6557K->6573K(2796544K)
[188.373s][info][gc,metaspace   ] GC(187) Metaspace: 25532K(26496K)->25532K(26496K) NonClass: 22258K(22784K)->22258K(22784K) Class: 3274K(3712K)->3274K(3712K)
[188.373s][info][gc             ] GC(187) Pause Young (Allocation Failure) 979M->99M(3774M) 44.131ms
[188.373s][info][gc,cpu         ] GC(187) User=0.23s Sys=0.00s Real=0.06s
[188.789s][info][gc,start       ] GC(188) Pause Young (Allocation Failure)
[188.959s][info][gc,heap        ] GC(188) PSYoungGen: 813952K->297312K(1015808K)
[188.959s][info][gc,heap        ] GC(188) ParOldGen: 6573K->100117K(2796544K)
[188.959s][info][gc,metaspace   ] GC(188) Metaspace: 25532K(26496K)->25532K(26496K) NonClass: 22258K(22784K)->22258K(22784K) Class: 3274K(3712K)->3274K(3712K)
[188.959s][info][gc             ] GC(188) Pause Young (Allocation Failure) 801M->388M(3723M) 169.816ms
[188.959s][info][gc,cpu         ] GC(188) User=0.95s Sys=0.00s Real=0.17s
[190.336s][info][gc,start       ] GC(189) Pause Young (Allocation Failure)
[190.479s][info][gc,heap        ] GC(189) PSYoungGen: 1015648K->28768K(1028608K)
[190.479s][info][gc,heap        ] GC(189) ParOldGen: 100117K->358637K(2796544K)
[190.479s][info][gc,metaspace   ] GC(189) Metaspace: 25532K(26496K)->25532K(26496K) NonClass: 22258K(22784K)->22258K(22784K) Class: 3274K(3712K)->3274K(3712K)
[190.479s][info][gc             ] GC(189) Pause Young (Allocation Failure) 1089M->378M(3735M) 143.613ms
[190.479s][info][gc,cpu         ] GC(189) User=0.78s Sys=0.00s Real=0.14s
[190.805s][info][gc,start       ] GC(190) Pause Young (System.gc())
[190.819s][info][gc,heap        ] GC(190) PSYoungGen: 73198K->64K(1015808K)
[190.819s][info][gc,heap        ] GC(190) ParOldGen: 358637K->385357K(2796544K)
[190.819s][info][gc,metaspace   ] GC(190) Metaspace: 25532K(26496K)->25532K(26496K) NonClass: 22258K(22784K)->22258K(22784K) Class: 3274K(3712K)->3274K(3712K)
[190.819s][info][gc             ] GC(190) Pause Young (System.gc()) 421M->376M(3723M) 14.011ms
[190.819s][info][gc,cpu         ] GC(190) User=0.02s Sys=0.00s Real=0.02s
[190.819s][info][gc,start       ] GC(191) Pause Full (System.gc())
[190.819s][info][gc,phases,start] GC(191) Marking Phase
[190.824s][info][gc,phases      ] GC(191) Marking Phase 4.899ms
[190.824s][info][gc,phases,start] GC(191) Summary Phase
[190.824s][info][gc,phases      ] GC(191) Summary Phase 0.012ms
[190.824s][info][gc,phases,start] GC(191) Adjust Roots
[190.827s][info][gc,phases      ] GC(191) Adjust Roots 2.487ms
[190.827s][info][gc,phases,start] GC(191) Compaction Phase
[190.829s][info][gc,phases      ] GC(191) Compaction Phase 2.505ms
[190.829s][info][gc,phases,start] GC(191) Post Compact
[190.831s][info][gc,phases      ] GC(191) Post Compact 1.989ms
[190.831s][info][gc,heap        ] GC(191) PSYoungGen: 64K->0K(1015808K)
[190.831s][info][gc,heap        ] GC(191) ParOldGen: 385357K->5933K(2796544K)
[190.831s][info][gc,metaspace   ] GC(191) Metaspace: 25532K(26496K)->25532K(26496K) NonClass: 22258K(22784K)->22258K(22784K) Class: 3274K(3712K)->3274K(3712K)
[190.831s][info][gc             ] GC(191) Pause Full (System.gc()) 376M->5M(3723M) 12.182ms
[190.831s][info][gc,cpu         ] GC(191) User=0.00s Sys=0.00s Real=0.01s
[192.436s][info][gc,start       ] GC(192) Pause Young (Allocation Failure)
[192.437s][info][gc,heap        ] GC(192) PSYoungGen: 646656K->480K(1053696K)
[192.437s][info][gc,heap        ] GC(192) ParOldGen: 5933K->5933K(2796544K)
[192.437s][info][gc,metaspace   ] GC(192) Metaspace: 25532K(26496K)->25532K(26496K) NonClass: 22258K(22784K)->22258K(22784K) Class: 3274K(3712K)->3274K(3712K)
[192.437s][info][gc             ] GC(192) Pause Young (Allocation Failure) 637M->6M(3760M) 0.692ms
[192.437s][info][gc,cpu         ] GC(192) User=0.00s Sys=0.00s Real=0.00s
[192.552s][info][gc,start       ] GC(193) Pause Young (Allocation Failure)
[192.552s][info][gc,heap        ] GC(193) PSYoungGen: 696800K->480K(1040384K)
[192.552s][info][gc,heap        ] GC(193) ParOldGen: 5933K->6061K(2796544K)
[192.552s][info][gc,metaspace   ] GC(193) Metaspace: 25532K(26496K)->25532K(26496K) NonClass: 22258K(22784K)->22258K(22784K) Class: 3274K(3712K)->3274K(3712K)
[192.552s][info][gc             ] GC(193) Pause Young (Allocation Failure) 686M->6M(3747M) 0.684ms
[192.552s][info][gc,cpu         ] GC(193) User=0.00s Sys=0.00s Real=0.00s
[192.667s][info][gc,start       ] GC(194) Pause Young (Allocation Failure)
[192.667s][info][gc,heap        ] GC(194) PSYoungGen: 696800K->448K(1082368K)
[192.667s][info][gc,heap        ] GC(194) ParOldGen: 6061K->6213K(2796544K)
[192.667s][info][gc,metaspace   ] GC(194) Metaspace: 25532K(26496K)->25532K(26496K) NonClass: 22258K(22784K)->22258K(22784K) Class: 3274K(3712K)->3274K(3712K)
[192.667s][info][gc             ] GC(194) Pause Young (Allocation Failure) 686M->6M(3788M) 0.609ms
[192.667s][info][gc,cpu         ] GC(194) User=0.00s Sys=0.00s Real=0.00s
[192.791s][info][gc,start       ] GC(195) Pause Young (Allocation Failure)
[192.792s][info][gc,heap        ] GC(195) PSYoungGen: 752576K->384K(1067520K)
[192.792s][info][gc,heap        ] GC(195) ParOldGen: 6213K->6261K(2796544K)
[192.792s][info][gc,metaspace   ] GC(195) Metaspace: 25532K(26496K)->25532K(26496K) NonClass: 22258K(22784K)->22258K(22784K) Class: 3274K(3712K)->3274K(3712K)
[192.792s][info][gc             ] GC(195) Pause Young (Allocation Failure) 741M->6M(3773M) 0.565ms
[192.792s][info][gc,cpu         ] GC(195) User=0.00s Sys=0.00s Real=0.00s
[193.385s][info][gc,start       ] GC(196) Pause Young (Allocation Failure)
[193.498s][info][gc,heap        ] GC(196) PSYoungGen: 752512K->274450K(984576K)
[193.498s][info][gc,heap        ] GC(196) ParOldGen: 6261K->6333K(2796544K)
[193.498s][info][gc,metaspace   ] GC(196) Metaspace: 25532K(26496K)->25532K(26496K) NonClass: 22258K(22784K)->22258K(22784K) Class: 3274K(3712K)->3274K(3712K)
[193.498s][info][gc             ] GC(196) Pause Young (Allocation Failure) 740M->274M(3692M) 112.583ms
[193.498s][info][gc,cpu         ] GC(196) User=0.58s Sys=0.00s Real=0.11s
[197.810s][info][gc,start       ] GC(197) Pause Young (Allocation Failure)
[197.845s][info][gc,heap        ] GC(197) PSYoungGen: 958482K->87040K(1040896K)
[197.845s][info][gc,heap        ] GC(197) ParOldGen: 6333K->6397K(2796544K)
[197.845s][info][gc,metaspace   ] GC(197) Metaspace: 25532K(26496K)->25532K(26496K) NonClass: 22258K(22784K)->22258K(22784K) Class: 3274K(3712K)->3274K(3712K)
[197.845s][info][gc             ] GC(197) Pause Young (Allocation Failure) 942M->91M(3747M) 35.069ms
[197.845s][info][gc,cpu         ] GC(197) User=0.17s Sys=0.00s Real=0.05s
[198.239s][info][gc,start       ] GC(198) Pause Young (Allocation Failure)
[198.397s][info][gc,heap        ] GC(198) PSYoungGen: 771072K->283552K(963584K)
[198.397s][info][gc,heap        ] GC(198) ParOldGen: 6397K->91429K(2796544K)
[198.397s][info][gc,metaspace   ] GC(198) Metaspace: 25532K(26496K)->25532K(26496K) NonClass: 22258K(22784K)->22258K(22784K) Class: 3274K(3712K)->3274K(3712K)
[198.397s][info][gc             ] GC(198) Pause Young (Allocation Failure) 759M->366M(3672M) 157.681ms
[198.397s][info][gc,cpu         ] GC(198) User=0.92s Sys=0.00s Real=0.16s
[199.247s][info][gc,start       ] GC(199) Pause Young (Allocation Failure)
[199.417s][info][gc,heap        ] GC(199) PSYoungGen: 914336K->66257K(1014272K)
[199.417s][info][gc,heap        ] GC(199) ParOldGen: 91429K->341477K(2796544K)
[199.417s][info][gc,metaspace   ] GC(199) Metaspace: 25532K(26496K)->25532K(26496K) NonClass: 22258K(22784K)->22258K(22784K) Class: 3274K(3712K)->3274K(3712K)
[199.417s][info][gc             ] GC(199) Pause Young (Allocation Failure) 982M->398M(3721M) 170.410ms
[199.417s][info][gc,cpu         ] GC(199) User=0.94s Sys=0.00s Real=0.17s
[200.275s][info][gc,start       ] GC(200) Pause Young (System.gc())
[200.300s][info][gc,heap        ] GC(200) PSYoungGen: 255731K->128K(1047552K)
[200.300s][info][gc,heap        ] GC(200) ParOldGen: 341477K->389101K(2796544K)
[200.300s][info][gc,metaspace   ] GC(200) Metaspace: 25532K(26496K)->25532K(26496K) NonClass: 22258K(22784K)->22258K(22784K) Class: 3274K(3712K)->3274K(3712K)
[200.300s][info][gc             ] GC(200) Pause Young (System.gc()) 583M->380M(3754M) 24.793ms
[200.300s][info][gc,cpu         ] GC(200) User=0.06s Sys=0.00s Real=0.03s
[200.300s][info][gc,start       ] GC(201) Pause Full (System.gc())
[200.300s][info][gc,phases,start] GC(201) Marking Phase
[200.305s][info][gc,phases      ] GC(201) Marking Phase 5.268ms
[200.305s][info][gc,phases,start] GC(201) Summary Phase
[200.305s][info][gc,phases      ] GC(201) Summary Phase 0.013ms
[200.305s][info][gc,phases,start] GC(201) Adjust Roots
[200.308s][info][gc,phases      ] GC(201) Adjust Roots 2.510ms
[200.308s][info][gc,phases,start] GC(201) Compaction Phase
[200.311s][info][gc,phases      ] GC(201) Compaction Phase 2.991ms
[200.311s][info][gc,phases,start] GC(201) Post Compact
[200.313s][info][gc,phases      ] GC(201) Post Compact 1.851ms
[200.313s][info][gc,heap        ] GC(201) PSYoungGen: 128K->0K(1047552K)
[200.313s][info][gc,heap        ] GC(201) ParOldGen: 389101K->5933K(2796544K)
[200.313s][info][gc,metaspace   ] GC(201) Metaspace: 25532K(26496K)->25532K(26496K) NonClass: 22258K(22784K)->22258K(22784K) Class: 3274K(3712K)->3274K(3712K)
[200.313s][info][gc             ] GC(201) Pause Full (System.gc()) 380M->5M(3754M) 12.932ms
[200.313s][info][gc,cpu         ] GC(201) User=0.03s Sys=0.00s Real=0.01s
[202.192s][info][gc,start       ] GC(202) Pause Young (Allocation Failure)
[202.193s][info][gc,heap        ] GC(202) PSYoungGen: 687104K->512K(1037312K)
[202.193s][info][gc,heap        ] GC(202) ParOldGen: 5933K->5933K(2796544K)
[202.193s][info][gc,metaspace   ] GC(202) Metaspace: 25532K(26496K)->25532K(26496K) NonClass: 22258K(22784K)->22258K(22784K) Class: 3274K(3712K)->3274K(3712K)
[202.193s][info][gc             ] GC(202) Pause Young (Allocation Failure) 676M->6M(3744M) 0.687ms
[202.193s][info][gc,cpu         ] GC(202) User=0.00s Sys=0.00s Real=0.00s
[202.306s][info][gc,start       ] GC(203) Pause Young (Allocation Failure)
[202.306s][info][gc,heap        ] GC(203) PSYoungGen: 687616K->448K(1072640K)
[202.306s][info][gc,heap        ] GC(203) ParOldGen: 5933K->6133K(2796544K)
[202.306s][info][gc,metaspace   ] GC(203) Metaspace: 25532K(26496K)->25532K(26496K) NonClass: 22258K(22784K)->22258K(22784K) Class: 3274K(3712K)->3274K(3712K)
[202.307s][info][gc             ] GC(203) Pause Young (Allocation Failure) 677M->6M(3778M) 0.755ms
[202.307s][info][gc,cpu         ] GC(203) User=0.00s Sys=0.00s Real=0.00s
[202.433s][info][gc,start       ] GC(204) Pause Young (Allocation Failure)
[202.433s][info][gc,heap        ] GC(204) PSYoungGen: 735168K->384K(1059840K)
[202.433s][info][gc,heap        ] GC(204) ParOldGen: 6133K->6229K(2796544K)
[202.433s][info][gc,metaspace   ] GC(204) Metaspace: 25532K(26496K)->25532K(26496K) NonClass: 22258K(22784K)->22258K(22784K) Class: 3274K(3712K)->3274K(3712K)
[202.433s][info][gc             ] GC(204) Pause Young (Allocation Failure) 723M->6M(3766M) 0.627ms
[202.433s][info][gc,cpu         ] GC(204) User=0.00s Sys=0.00s Real=0.00s
[202.554s][info][gc,start       ] GC(205) Pause Young (Allocation Failure)
[202.554s][info][gc,heap        ] GC(205) PSYoungGen: 735104K->416K(1100800K)
[202.554s][info][gc,heap        ] GC(205) ParOldGen: 6229K->6301K(2796544K)
[202.554s][info][gc,metaspace   ] GC(205) Metaspace: 25532K(26496K)->25532K(26496K) NonClass: 22258K(22784K)->22258K(22784K) Class: 3274K(3712K)->3274K(3712K)
[202.554s][info][gc             ] GC(205) Pause Young (Allocation Failure) 723M->6M(3806M) 0.585ms
[202.554s][info][gc,cpu         ] GC(205) User=0.00s Sys=0.00s Real=0.00s
[203.254s][info][gc,start       ] GC(206) Pause Young (Allocation Failure)
[203.398s][info][gc,heap        ] GC(206) PSYoungGen: 789920K->296931K(1086464K)
[203.398s][info][gc,heap        ] GC(206) ParOldGen: 6301K->43245K(2796544K)
[203.398s][info][gc,metaspace   ] GC(206) Metaspace: 25532K(26496K)->25532K(26496K) NonClass: 22258K(22784K)->22258K(22784K) Class: 3274K(3712K)->3274K(3712K)
[203.398s][info][gc             ] GC(206) Pause Young (Allocation Failure) 777M->332M(3792M) 144.278ms
[203.398s][info][gc,cpu         ] GC(206) User=0.78s Sys=0.00s Real=0.14s
[207.724s][info][gc,start       ] GC(207) Pause Young (Allocation Failure)
[207.883s][info][gc,heap        ] GC(207) PSYoungGen: 1086435K->190848K(936960K)
[207.883s][info][gc,heap        ] GC(207) ParOldGen: 43245K->186614K(2796544K)
[207.883s][info][gc,metaspace   ] GC(207) Metaspace: 25532K(26496K)->25532K(26496K) NonClass: 22258K(22784K)->22258K(22784K) Class: 3274K(3712K)->3274K(3712K)
[207.883s][info][gc             ] GC(207) Pause Young (Allocation Failure) 1103M->368M(3646M) 159.418ms
[207.883s][info][gc,cpu         ] GC(207) User=0.91s Sys=0.00s Real=0.16s
[208.276s][info][gc,start       ] GC(208) Pause Young (Allocation Failure)
[208.486s][info][gc,heap        ] GC(208) PSYoungGen: 816512K->277080K(903168K)
[208.486s][info][gc,heap        ] GC(208) ParOldGen: 186614K->373310K(2796544K)
[208.486s][info][gc,metaspace   ] GC(208) Metaspace: 25532K(26496K)->25532K(26496K) NonClass: 22258K(22784K)->22258K(22784K) Class: 3274K(3712K)->3274K(3712K)
[208.486s][info][gc             ] GC(208) Pause Young (Allocation Failure) 979M->635M(3613M) 210.005ms
[208.486s][info][gc,cpu         ] GC(208) User=1.19s Sys=0.00s Real=0.20s
[209.839s][info][gc,start       ] GC(209) Pause Young (Allocation Failure)
[209.850s][info][gc,heap        ] GC(209) PSYoungGen: 902744K->4288K(986112K)
[209.850s][info][gc,heap        ] GC(209) ParOldGen: 373310K->373310K(2796544K)
[209.850s][info][gc,metaspace   ] GC(209) Metaspace: 25532K(26496K)->25532K(26496K) NonClass: 22258K(22784K)->22258K(22784K) Class: 3274K(3712K)->3274K(3712K)
[209.850s][info][gc             ] GC(209) Pause Young (Allocation Failure) 1246M->368M(3694M) 11.260ms
[209.850s][info][gc,cpu         ] GC(209) User=0.02s Sys=0.00s Real=0.02s
[210.126s][info][gc,start       ] GC(210) Pause Young (System.gc())
[210.129s][info][gc,heap        ] GC(210) PSYoungGen: 47300K->64K(973312K)
[210.129s][info][gc,heap        ] GC(210) ParOldGen: 373310K->375574K(2796544K)
[210.129s][info][gc,metaspace   ] GC(210) Metaspace: 25532K(26496K)->25532K(26496K) NonClass: 22258K(22784K)->22258K(22784K) Class: 3274K(3712K)->3274K(3712K)
[210.129s][info][gc             ] GC(210) Pause Young (System.gc()) 410M->366M(3681M) 2.740ms
[210.129s][info][gc,cpu         ] GC(210) User=0.00s Sys=0.00s Real=0.00s
[210.129s][info][gc,start       ] GC(211) Pause Full (System.gc())
[210.129s][info][gc,phases,start] GC(211) Marking Phase
[210.134s][info][gc,phases      ] GC(211) Marking Phase 4.775ms
[210.134s][info][gc,phases,start] GC(211) Summary Phase
[210.134s][info][gc,phases      ] GC(211) Summary Phase 0.013ms
[210.134s][info][gc,phases,start] GC(211) Adjust Roots
[210.136s][info][gc,phases      ] GC(211) Adjust Roots 2.492ms
[210.136s][info][gc,phases,start] GC(211) Compaction Phase
[210.140s][info][gc,phases      ] GC(211) Compaction Phase 3.133ms
[210.140s][info][gc,phases,start] GC(211) Post Compact
[210.141s][info][gc,phases      ] GC(211) Post Compact 1.807ms
[210.142s][info][gc,heap        ] GC(211) PSYoungGen: 64K->0K(973312K)
[210.142s][info][gc,heap        ] GC(211) ParOldGen: 375574K->5933K(2796544K)
[210.142s][info][gc,metaspace   ] GC(211) Metaspace: 25532K(26496K)->25532K(26496K) NonClass: 22258K(22784K)->22258K(22784K) Class: 3274K(3712K)->3274K(3712K)
[210.142s][info][gc             ] GC(211) Pause Full (System.gc()) 366M->5M(3681M) 12.505ms
[210.142s][info][gc,cpu         ] GC(211) User=0.02s Sys=0.00s Real=0.02s
[211.862s][info][gc,start       ] GC(212) Pause Young (Allocation Failure)
[211.862s][info][gc,heap        ] GC(212) PSYoungGen: 561664K->736K(1014784K)
[211.862s][info][gc,heap        ] GC(212) ParOldGen: 5933K->5933K(2796544K)
[211.862s][info][gc,metaspace   ] GC(212) Metaspace: 25532K(26496K)->25532K(26496K) NonClass: 22258K(22784K)->22258K(22784K) Class: 3274K(3712K)->3274K(3712K)
[211.862s][info][gc             ] GC(212) Pause Young (Allocation Failure) 554M->6M(3722M) 0.713ms
[211.862s][info][gc,cpu         ] GC(212) User=0.00s Sys=0.00s Real=0.00s
[211.961s][info][gc,start       ] GC(213) Pause Young (Allocation Failure)
[211.962s][info][gc,heap        ] GC(213) PSYoungGen: 617184K->384K(999424K)
[211.962s][info][gc,heap        ] GC(213) ParOldGen: 5933K->6381K(2796544K)
[211.962s][info][gc,metaspace   ] GC(213) Metaspace: 25532K(26496K)->25532K(26496K) NonClass: 22258K(22784K)->22258K(22784K) Class: 3274K(3712K)->3274K(3712K)
[211.962s][info][gc             ] GC(213) Pause Young (Allocation Failure) 608M->6M(3707M) 0.705ms
[211.962s][info][gc,cpu         ] GC(213) User=0.00s Sys=0.00s Real=0.00s
[212.063s][info][gc,start       ] GC(214) Pause Young (Allocation Failure)
[212.063s][info][gc,heap        ] GC(214) PSYoungGen: 616832K->416K(1047040K)
[212.063s][info][gc,heap        ] GC(214) ParOldGen: 6381K->6437K(2796544K)
[212.063s][info][gc,metaspace   ] GC(214) Metaspace: 25532K(26496K)->25532K(26496K) NonClass: 22258K(22784K)->22258K(22784K) Class: 3274K(3712K)->3274K(3712K)
[212.063s][info][gc             ] GC(214) Pause Young (Allocation Failure) 608M->6M(3753M) 0.619ms
[212.063s][info][gc,cpu         ] GC(214) User=0.00s Sys=0.00s Real=0.00s
[212.175s][info][gc,start       ] GC(215) Pause Young (Allocation Failure)
[212.176s][info][gc,heap        ] GC(215) PSYoungGen: 680352K->480K(1030656K)
[212.176s][info][gc,heap        ] GC(215) ParOldGen: 6437K->6501K(2796544K)
[212.176s][info][gc,metaspace   ] GC(215) Metaspace: 25532K(26496K)->25532K(26496K) NonClass: 22258K(22784K)->22258K(22784K) Class: 3274K(3712K)->3274K(3712K)
[212.176s][info][gc             ] GC(215) Pause Young (Allocation Failure) 670M->6M(3737M) 0.658ms
[212.176s][info][gc,cpu         ] GC(215) User=0.00s Sys=0.00s Real=0.00s
[212.313s][info][gc,start       ] GC(216) Pause Young (Allocation Failure)
[212.322s][info][gc,heap        ] GC(216) PSYoungGen: 680416K->25411K(1085440K)
[212.322s][info][gc,heap        ] GC(216) ParOldGen: 6501K->6565K(2796544K)
[212.322s][info][gc,metaspace   ] GC(216) Metaspace: 25534K(26496K)->25534K(26496K) NonClass: 22259K(22784K)->22259K(22784K) Class: 3274K(3712K)->3274K(3712K)
[212.322s][info][gc             ] GC(216) Pause Young (Allocation Failure) 670M->31M(3791M) 8.962ms
[212.322s][info][gc,cpu         ] GC(216) User=0.02s Sys=0.00s Real=0.01s
[213.296s][info][gc,start       ] GC(217) Pause Young (Allocation Failure)
[213.296s][info][gc,heap        ] GC(217) PSYoungGen: 777539K->640K(1064448K)
[213.296s][info][gc,heap        ] GC(217) ParOldGen: 6565K->6661K(2796544K)
[213.296s][info][gc,metaspace   ] GC(217) Metaspace: 25534K(26496K)->25534K(26496K) NonClass: 22259K(22784K)->22259K(22784K) Class: 3274K(3712K)->3274K(3712K)
[213.296s][info][gc             ] GC(217) Pause Young (Allocation Failure) 765M->7M(3770M) 0.549ms
[213.296s][info][gc,cpu         ] GC(217) User=0.00s Sys=0.00s Real=0.00s
[217.630s][info][gc,start       ] GC(218) Pause Young (Allocation Failure)
[217.740s][info][gc,heap        ] GC(218) PSYoungGen: 752768K->260608K(995840K)
[217.740s][info][gc,heap        ] GC(218) ParOldGen: 6661K->6677K(2796544K)
[217.740s][info][gc,metaspace   ] GC(218) Metaspace: 25534K(26496K)->25534K(26496K) NonClass: 22259K(22784K)->22259K(22784K) Class: 3274K(3712K)->3274K(3712K)
[217.740s][info][gc             ] GC(218) Pause Young (Allocation Failure) 741M->261M(3703M) 109.814ms
[217.740s][info][gc,cpu         ] GC(218) User=0.58s Sys=0.00s Real=0.11s
[218.572s][info][gc,start       ] GC(219) Pause Young (Allocation Failure)
[218.775s][info][gc,heap        ] GC(219) PSYoungGen: 960000K->201450K(901120K)
[218.775s][info][gc,heap        ] GC(219) ParOldGen: 6677K->242037K(2796544K)
[218.775s][info][gc,metaspace   ] GC(219) Metaspace: 25534K(26496K)->25534K(26496K) NonClass: 22259K(22784K)->22259K(22784K) Class: 3274K(3712K)->3274K(3712K)
[218.775s][info][gc             ] GC(219) Pause Young (Allocation Failure) 944M->433M(3611M) 202.294ms
[218.775s][info][gc,cpu         ] GC(219) User=1.14s Sys=0.00s Real=0.20s
[219.852s][info][gc,start       ] GC(220) Pause Young (System.gc())
[219.859s][info][gc,heap        ] GC(220) PSYoungGen: 582623K->32K(1042432K)
[219.859s][info][gc,heap        ] GC(220) ParOldGen: 242037K->242813K(2796544K)
[219.859s][info][gc,metaspace   ] GC(220) Metaspace: 25534K(26496K)->25534K(26496K) NonClass: 22259K(22784K)->22259K(22784K) Class: 3274K(3712K)->3274K(3712K)
[219.859s][info][gc             ] GC(220) Pause Young (System.gc()) 805M->237M(3749M) 6.613ms
[219.859s][info][gc,cpu         ] GC(220) User=0.02s Sys=0.00s Real=0.02s
[219.859s][info][gc,start       ] GC(221) Pause Full (System.gc())
[219.859s][info][gc,phases,start] GC(221) Marking Phase
[219.864s][info][gc,phases      ] GC(221) Marking Phase 4.689ms
[219.864s][info][gc,phases,start] GC(221) Summary Phase
[219.864s][info][gc,phases      ] GC(221) Summary Phase 0.011ms
[219.864s][info][gc,phases,start] GC(221) Adjust Roots
[219.866s][info][gc,phases      ] GC(221) Adjust Roots 2.492ms
[219.866s][info][gc,phases,start] GC(221) Compaction Phase
[219.869s][info][gc,phases      ] GC(221) Compaction Phase 2.615ms
[219.869s][info][gc,phases,start] GC(221) Post Compact
[219.871s][info][gc,phases      ] GC(221) Post Compact 1.519ms
[219.871s][info][gc,heap        ] GC(221) PSYoungGen: 32K->0K(1042432K)
[219.871s][info][gc,heap        ] GC(221) ParOldGen: 242813K->5933K(2796544K)
[219.871s][info][gc,metaspace   ] GC(221) Metaspace: 25534K(26496K)->25534K(26496K) NonClass: 22259K(22784K)->22259K(22784K) Class: 3274K(3712K)->3274K(3712K)
[219.871s][info][gc             ] GC(221) Pause Full (System.gc()) 237M->5M(3749M) 11.644ms
[219.871s][info][gc,cpu         ] GC(221) User=0.00s Sys=0.00s Real=0.00s
[221.881s][info][gc,start       ] GC(222) Pause Young (Allocation Failure)
[221.882s][info][gc,heap        ] GC(222) PSYoungGen: 673280K->608K(1028608K)
[221.882s][info][gc,heap        ] GC(222) ParOldGen: 5933K->5933K(2796544K)
[221.882s][info][gc,metaspace   ] GC(222) Metaspace: 25534K(26496K)->25534K(26496K) NonClass: 22259K(22784K)->22259K(22784K) Class: 3274K(3712K)->3274K(3712K)
[221.882s][info][gc             ] GC(222) Pause Young (Allocation Failure) 663M->6M(3735M) 0.674ms
[221.882s][info][gc,cpu         ] GC(222) User=0.00s Sys=0.00s Real=0.00s
[221.992s][info][gc,start       ] GC(223) Pause Young (Allocation Failure)
[221.993s][info][gc,heap        ] GC(223) PSYoungGen: 673888K->416K(1072640K)
[221.993s][info][gc,heap        ] GC(223) ParOldGen: 5933K->6181K(2796544K)
[221.993s][info][gc,metaspace   ] GC(223) Metaspace: 25534K(26496K)->25534K(26496K) NonClass: 22259K(22784K)->22259K(22784K) Class: 3274K(3712K)->3274K(3712K)
[221.993s][info][gc             ] GC(223) Pause Young (Allocation Failure) 663M->6M(3778M) 0.619ms
[221.993s][info][gc,cpu         ] GC(223) User=0.00s Sys=0.00s Real=0.00s
[222.115s][info][gc,start       ] GC(224) Pause Young (Allocation Failure)
[222.115s][info][gc,heap        ] GC(224) PSYoungGen: 732576K->384K(1057280K)
[222.115s][info][gc,heap        ] GC(224) ParOldGen: 6181K->6205K(2796544K)
[222.115s][info][gc,metaspace   ] GC(224) Metaspace: 25534K(26496K)->25534K(26496K) NonClass: 22259K(22784K)->22259K(22784K) Class: 3274K(3712K)->3274K(3712K)
[222.115s][info][gc             ] GC(224) Pause Young (Allocation Failure) 721M->6M(3763M) 0.693ms
[222.115s][info][gc,cpu         ] GC(224) User=0.00s Sys=0.00s Real=0.00s
[222.236s][info][gc,start       ] GC(225) Pause Young (Allocation Failure)
[222.237s][info][gc,heap        ] GC(225) PSYoungGen: 732544K->352K(1104384K)
[222.237s][info][gc,heap        ] GC(225) ParOldGen: 6205K->6277K(2796544K)
[222.237s][info][gc,metaspace   ] GC(225) Metaspace: 25534K(26496K)->25534K(26496K) NonClass: 22259K(22784K)->22259K(22784K) Class: 3274K(3712K)->3274K(3712K)
[222.237s][info][gc             ] GC(225) Pause Young (Allocation Failure) 721M->6M(3809M) 0.624ms
[222.237s][info][gc,cpu         ] GC(225) User=0.00s Sys=0.00s Real=0.00s
[222.915s][info][gc,start       ] GC(226) Pause Young (Allocation Failure)
[223.048s][info][gc,heap        ] GC(226) PSYoungGen: 795488K->293347K(1088512K)
[223.048s][info][gc,heap        ] GC(226) ParOldGen: 6277K->31989K(2796544K)
[223.048s][info][gc,metaspace   ] GC(226) Metaspace: 25534K(26496K)->25534K(26496K) NonClass: 22259K(22784K)->22259K(22784K) Class: 3274K(3712K)->3274K(3712K)
[223.048s][info][gc             ] GC(226) Pause Young (Allocation Failure) 782M->317M(3794M) 133.440ms
[223.048s][info][gc,cpu         ] GC(226) User=0.80s Sys=0.00s Real=0.14s
[228.658s][info][gc,start       ] GC(227) Pause Young (Allocation Failure)
[228.816s][info][gc,heap        ] GC(227) PSYoungGen: 1088483K->172032K(957440K)
[228.816s][info][gc,heap        ] GC(227) ParOldGen: 31989K->207856K(2796544K)
[228.816s][info][gc,metaspace   ] GC(227) Metaspace: 25534K(26496K)->25534K(26496K) NonClass: 22259K(22784K)->22259K(22784K) Class: 3274K(3712K)->3274K(3712K)
[228.816s][info][gc             ] GC(227) Pause Young (Allocation Failure) 1094M->370M(3666M) 158.081ms
[228.816s][info][gc,cpu         ] GC(227) User=0.94s Sys=0.00s Real=0.16s
[229.220s][info][gc,start       ] GC(228) Pause Young (Allocation Failure)
[229.413s][info][gc,heap        ] GC(228) PSYoungGen: 820224K->286026K(934400K)
[229.413s][info][gc,heap        ] GC(228) ParOldGen: 207856K->375936K(2796544K)
[229.413s][info][gc,metaspace   ] GC(228) Metaspace: 25534K(26496K)->25534K(26496K) NonClass: 22259K(22784K)->22259K(22784K) Class: 3274K(3712K)->3274K(3712K)
[229.413s][info][gc             ] GC(228) Pause Young (Allocation Failure) 1003M->646M(3643M) 193.764ms
[229.413s][info][gc,cpu         ] GC(228) User=1.14s Sys=0.00s Real=0.20s
[230.844s][info][gc,start       ] GC(229) Pause Young (Allocation Failure)
[230.854s][info][gc,heap        ] GC(229) PSYoungGen: 934218K->4320K(992256K)
[230.854s][info][gc,heap        ] GC(229) ParOldGen: 375936K->375936K(2796544K)
[230.854s][info][gc,metaspace   ] GC(229) Metaspace: 25534K(26496K)->25534K(26496K) NonClass: 22259K(22784K)->22259K(22784K) Class: 3274K(3712K)->3274K(3712K)
[230.854s][info][gc             ] GC(229) Pause Young (Allocation Failure) 1279M->371M(3700M) 10.104ms
[230.854s][info][gc,cpu         ] GC(229) User=0.00s Sys=0.00s Real=0.00s
[231.056s][info][gc,start       ] GC(230) Pause Young (System.gc())
[231.059s][info][gc,heap        ] GC(230) PSYoungGen: 35466K->64K(978432K)
[231.059s][info][gc,heap        ] GC(230) ParOldGen: 375936K->378192K(2796544K)
[231.059s][info][gc,metaspace   ] GC(230) Metaspace: 25534K(26496K)->25534K(26496K) NonClass: 22259K(22784K)->22259K(22784K) Class: 3274K(3712K)->3274K(3712K)
[231.059s][info][gc             ] GC(230) Pause Young (System.gc()) 401M->369M(3686M) 2.857ms
[231.059s][info][gc,cpu         ] GC(230) User=0.00s Sys=0.00s Real=0.00s
[231.059s][info][gc,start       ] GC(231) Pause Full (System.gc())
[231.059s][info][gc,phases,start] GC(231) Marking Phase
[231.065s][info][gc,phases      ] GC(231) Marking Phase 5.617ms
[231.065s][info][gc,phases,start] GC(231) Summary Phase
[231.065s][info][gc,phases      ] GC(231) Summary Phase 0.013ms
[231.065s][info][gc,phases,start] GC(231) Adjust Roots
[231.068s][info][gc,phases      ] GC(231) Adjust Roots 2.543ms
[231.068s][info][gc,phases,start] GC(231) Compaction Phase
[231.070s][info][gc,phases      ] GC(231) Compaction Phase 2.801ms
[231.071s][info][gc,phases,start] GC(231) Post Compact
[231.072s][info][gc,phases      ] GC(231) Post Compact 1.882ms
[231.072s][info][gc,heap        ] GC(231) PSYoungGen: 64K->0K(978432K)
[231.072s][info][gc,heap        ] GC(231) ParOldGen: 378192K->5933K(2796544K)
[231.072s][info][gc,metaspace   ] GC(231) Metaspace: 25534K(26496K)->25534K(26496K) NonClass: 22259K(22784K)->22259K(22784K) Class: 3274K(3712K)->3274K(3712K)
[231.073s][info][gc             ] GC(231) Pause Full (System.gc()) 369M->5M(3686M) 13.201ms
[231.073s][info][gc,cpu         ] GC(231) User=0.00s Sys=0.00s Real=0.02s
[232.762s][info][gc,start       ] GC(232) Pause Young (Allocation Failure)
[232.763s][info][gc,heap        ] GC(232) PSYoungGen: 572928K->576K(1022464K)
[232.763s][info][gc,heap        ] GC(232) ParOldGen: 5933K->5933K(2796544K)
[232.763s][info][gc,metaspace   ] GC(232) Metaspace: 25534K(26496K)->25534K(26496K) NonClass: 22260K(22784K)->22260K(22784K) Class: 3274K(3712K)->3274K(3712K)
[232.763s][info][gc             ] GC(232) Pause Young (Allocation Failure) 565M->6M(3729M) 0.681ms
[232.763s][info][gc,cpu         ] GC(232) User=0.00s Sys=0.00s Real=0.00s
[232.865s][info][gc,start       ] GC(233) Pause Young (Allocation Failure)
[232.866s][info][gc,heap        ] GC(233) PSYoungGen: 631872K->512K(1006592K)
[232.866s][info][gc,heap        ] GC(233) ParOldGen: 5933K->6197K(2796544K)
[232.866s][info][gc,metaspace   ] GC(233) Metaspace: 25534K(26496K)->25534K(26496K) NonClass: 22260K(22784K)->22260K(22784K) Class: 3274K(3712K)->3274K(3712K)
[232.866s][info][gc             ] GC(233) Pause Young (Allocation Failure) 622M->6M(3714M) 0.744ms
[232.866s][info][gc,cpu         ] GC(233) User=0.00s Sys=0.00s Real=0.00s
[232.969s][info][gc,start       ] GC(234) Pause Young (Allocation Failure)
[232.970s][info][gc,heap        ] GC(234) PSYoungGen: 631808K->320K(1055744K)
[232.970s][info][gc,heap        ] GC(234) ParOldGen: 6197K->6309K(2796544K)
[232.970s][info][gc,metaspace   ] GC(234) Metaspace: 25534K(26496K)->25534K(26496K) NonClass: 22260K(22784K)->22260K(22784K) Class: 3274K(3712K)->3274K(3712K)
[232.970s][info][gc             ] GC(234) Pause Young (Allocation Failure) 623M->6M(3762M) 0.561ms
[232.970s][info][gc,cpu         ] GC(234) User=0.00s Sys=0.00s Real=0.00s
[233.084s][info][gc,start       ] GC(235) Pause Young (Allocation Failure)
[233.085s][info][gc,heap        ] GC(235) PSYoungGen: 697152K->416K(1038848K)
[233.085s][info][gc,heap        ] GC(235) ParOldGen: 6309K->6373K(2796544K)
[233.085s][info][gc,metaspace   ] GC(235) Metaspace: 25534K(26496K)->25534K(26496K) NonClass: 22260K(22784K)->22260K(22784K) Class: 3274K(3712K)->3274K(3712K)
[233.085s][info][gc             ] GC(235) Pause Young (Allocation Failure) 686M->6M(3745M) 0.582ms
[233.085s][info][gc,cpu         ] GC(235) User=0.00s Sys=0.00s Real=0.00s
[233.303s][info][gc,start       ] GC(236) Pause Young (Allocation Failure)
[233.330s][info][gc,heap        ] GC(236) PSYoungGen: 697248K->71794K(1094144K)
[233.330s][info][gc,heap        ] GC(236) ParOldGen: 6373K->6445K(2796544K)
[233.330s][info][gc,metaspace   ] GC(236) Metaspace: 25534K(26496K)->25534K(26496K) NonClass: 22260K(22784K)->22260K(22784K) Class: 3274K(3712K)->3274K(3712K)
[233.331s][info][gc             ] GC(236) Pause Young (Allocation Failure) 687M->76M(3799M) 27.674ms
[233.331s][info][gc,cpu         ] GC(236) User=0.03s Sys=0.00s Real=0.03s
[237.604s][info][gc,start       ] GC(237) Pause Young (Allocation Failure)
[237.607s][info][gc,heap        ] GC(237) PSYoungGen: 840818K->5344K(1072640K)
[237.607s][info][gc,heap        ] GC(237) ParOldGen: 6445K->6557K(2796544K)
[237.607s][info][gc,metaspace   ] GC(237) Metaspace: 25534K(26496K)->25534K(26496K) NonClass: 22260K(22784K)->22260K(22784K) Class: 3274K(3712K)->3274K(3712K)
[237.608s][info][gc             ] GC(237) Pause Young (Allocation Failure) 827M->11M(3778M) 3.121ms
[237.608s][info][gc,cpu         ] GC(237) User=0.00s Sys=0.00s Real=0.00s
[238.042s][info][gc,start       ] GC(238) Pause Young (Allocation Failure)
[238.179s][info][gc,heap        ] GC(238) PSYoungGen: 774368K->288256K(954880K)
[238.179s][info][gc,heap        ] GC(238) ParOldGen: 6557K->44429K(2796544K)
[238.179s][info][gc,metaspace   ] GC(238) Metaspace: 25534K(26496K)->25534K(26496K) NonClass: 22260K(22784K)->22260K(22784K) Class: 3274K(3712K)->3274K(3712K)
[238.179s][info][gc             ] GC(238) Pause Young (Allocation Failure) 762M->324M(3663M) 137.525ms
[238.179s][info][gc,cpu         ] GC(238) User=0.84s Sys=0.00s Real=0.14s
[239.027s][info][gc,start       ] GC(239) Pause Young (Allocation Failure)
[239.209s][info][gc,heap        ] GC(239) PSYoungGen: 954880K->125336K(1032192K)
[239.209s][info][gc,heap        ] GC(239) ParOldGen: 44429K->302677K(2796544K)
[239.209s][info][gc,metaspace   ] GC(239) Metaspace: 25534K(26496K)->25534K(26496K) NonClass: 22260K(22784K)->22260K(22784K) Class: 3274K(3712K)->3274K(3712K)
[239.209s][info][gc             ] GC(239) Pause Young (Allocation Failure) 975M->417M(3739M) 182.191ms
[239.209s][info][gc,cpu         ] GC(239) User=1.03s Sys=0.00s Real=0.17s
[240.153s][info][gc,start       ] GC(240) Pause Young (System.gc())
[240.196s][info][gc,heap        ] GC(240) PSYoungGen: 379558K->96K(1056256K)
[240.196s][info][gc,heap        ] GC(240) ParOldGen: 302677K->387101K(2796544K)
[240.196s][info][gc,metaspace   ] GC(240) Metaspace: 25534K(26496K)->25534K(26496K) NonClass: 22260K(22784K)->22260K(22784K) Class: 3274K(3712K)->3274K(3712K)
[240.196s][info][gc             ] GC(240) Pause Young (System.gc()) 666M->378M(3762M) 43.747ms
[240.196s][info][gc,cpu         ] GC(240) User=0.11s Sys=0.00s Real=0.05s
[240.196s][info][gc,start       ] GC(241) Pause Full (System.gc())
[240.196s][info][gc,phases,start] GC(241) Marking Phase
[240.201s][info][gc,phases      ] GC(241) Marking Phase 5.057ms
[240.201s][info][gc,phases,start] GC(241) Summary Phase
[240.201s][info][gc,phases      ] GC(241) Summary Phase 0.011ms
[240.201s][info][gc,phases,start] GC(241) Adjust Roots
[240.204s][info][gc,phases      ] GC(241) Adjust Roots 2.506ms
[240.204s][info][gc,phases,start] GC(241) Compaction Phase
[240.206s][info][gc,phases      ] GC(241) Compaction Phase 2.281ms
[240.206s][info][gc,phases,start] GC(241) Post Compact
[240.208s][info][gc,phases      ] GC(241) Post Compact 1.894ms
[240.208s][info][gc,heap        ] GC(241) PSYoungGen: 96K->0K(1056256K)
[240.208s][info][gc,heap        ] GC(241) ParOldGen: 387101K->5933K(2796544K)
[240.208s][info][gc,metaspace   ] GC(241) Metaspace: 25534K(26496K)->25534K(26496K) NonClass: 22260K(22784K)->22260K(22784K) Class: 3274K(3712K)->3274K(3712K)
[240.208s][info][gc             ] GC(241) Pause Full (System.gc()) 378M->5M(3762M) 12.048ms
[240.208s][info][gc,cpu         ] GC(241) User=0.00s Sys=0.00s Real=0.01s
[241.820s][info][gc,start       ] GC(242) Pause Young (Allocation Failure)
[241.821s][info][gc,heap        ] GC(242) PSYoungGen: 702464K->672K(1043968K)
[241.821s][info][gc,heap        ] GC(242) ParOldGen: 5933K->5933K(2796544K)
[241.821s][info][gc,metaspace   ] GC(242) Metaspace: 25541K(26496K)->25541K(26496K) NonClass: 22267K(22784K)->22267K(22784K) Class: 3274K(3712K)->3274K(3712K)
[241.821s][info][gc             ] GC(242) Pause Young (Allocation Failure) 691M->6M(3750M) 0.662ms
[241.821s][info][gc,cpu         ] GC(242) User=0.00s Sys=0.00s Real=0.00s
[241.934s][info][gc,start       ] GC(243) Pause Young (Allocation Failure)
[241.935s][info][gc,heap        ] GC(243) PSYoungGen: 703136K->480K(1084416K)
[241.935s][info][gc,heap        ] GC(243) ParOldGen: 5933K->6205K(2796544K)
[241.935s][info][gc,metaspace   ] GC(243) Metaspace: 25541K(26496K)->25541K(26496K) NonClass: 22267K(22784K)->22267K(22784K) Class: 3274K(3712K)->3274K(3712K)
[241.935s][info][gc             ] GC(243) Pause Young (Allocation Failure) 692M->6M(3790M) 0.699ms
[241.935s][info][gc,cpu         ] GC(243) User=0.00s Sys=0.00s Real=0.00s
[242.060s][info][gc,start       ] GC(244) Pause Young (Allocation Failure)
[242.060s][info][gc,heap        ] GC(244) PSYoungGen: 757216K->352K(1070080K)
[242.060s][info][gc,heap        ] GC(244) ParOldGen: 6205K->6301K(2796544K)
[242.060s][info][gc,metaspace   ] GC(244) Metaspace: 25541K(26496K)->25541K(26496K) NonClass: 22267K(22784K)->22267K(22784K) Class: 3274K(3712K)->3274K(3712K)
[242.060s][info][gc             ] GC(244) Pause Young (Allocation Failure) 745M->6M(3776M) 0.644ms
[242.060s][info][gc,cpu         ] GC(244) User=0.00s Sys=0.00s Real=0.00s
[242.186s][info][gc,start       ] GC(245) Pause Young (Allocation Failure)
[242.186s][info][gc,heap        ] GC(245) PSYoungGen: 757088K->416K(1113600K)
[242.186s][info][gc,heap        ] GC(245) ParOldGen: 6301K->6357K(2796544K)
[242.187s][info][gc,metaspace   ] GC(245) Metaspace: 25541K(26496K)->25541K(26496K) NonClass: 22267K(22784K)->22267K(22784K) Class: 3274K(3712K)->3274K(3712K)
[242.187s][info][gc             ] GC(245) Pause Young (Allocation Failure) 745M->6M(3818M) 0.648ms
[242.187s][info][gc,cpu         ] GC(245) User=0.00s Sys=0.00s Real=0.00s
[242.968s][info][gc,start       ] GC(246) Pause Young (Allocation Failure)
[243.139s][info][gc,heap        ] GC(246) PSYoungGen: 815008K->284146K(1098752K)
[243.139s][info][gc,heap        ] GC(246) ParOldGen: 6357K->97653K(2796544K)
[243.139s][info][gc,metaspace   ] GC(246) Metaspace: 25541K(26496K)->25541K(26496K) NonClass: 22267K(22784K)->22267K(22784K) Class: 3274K(3712K)->3274K(3712K)
[243.139s][info][gc             ] GC(246) Pause Young (Allocation Failure) 802M->372M(3804M) 171.003ms
[243.139s][info][gc,cpu         ] GC(246) User=0.95s Sys=0.00s Real=0.17s
[247.577s][info][gc,start       ] GC(247) Pause Young (Allocation Failure)
[247.773s][info][gc,heap        ] GC(247) PSYoungGen: 1098738K->224416K(889856K)
[247.773s][info][gc,heap        ] GC(247) ParOldGen: 97653K->300864K(2796544K)
[247.773s][info][gc,metaspace   ] GC(247) Metaspace: 25541K(26496K)->25541K(26496K) NonClass: 22267K(22784K)->22267K(22784K) Class: 3274K(3712K)->3274K(3712K)
[247.773s][info][gc             ] GC(247) Pause Young (Allocation Failure) 1168M->512M(3600M) 195.621ms
[247.773s][info][gc,cpu         ] GC(247) User=1.12s Sys=0.00s Real=0.19s
[248.241s][info][gc,start       ] GC(248) Pause Young (Allocation Failure)
[248.484s][info][gc,heap        ] GC(248) PSYoungGen: 815264K->271608K(862720K)
[248.484s][info][gc,heap        ] GC(248) ParOldGen: 300864K->520704K(2796544K)
[248.484s][info][gc,metaspace   ] GC(248) Metaspace: 25541K(26496K)->25541K(26496K) NonClass: 22267K(22784K)->22267K(22784K) Class: 3274K(3712K)->3274K(3712K)
[248.484s][info][gc             ] GC(248) Pause Young (Allocation Failure) 1089M->773M(3573M) 242.966ms
[248.484s][info][gc,cpu         ] GC(248) User=1.39s Sys=0.00s Real=0.24s
[249.775s][info][gc,start       ] GC(249) Pause Young (Allocation Failure)
[249.787s][info][gc,heap        ] GC(249) PSYoungGen: 862456K->2432K(973312K)
[249.787s][info][gc,heap        ] GC(249) ParOldGen: 520704K->521608K(2796544K)
[249.787s][info][gc,metaspace   ] GC(249) Metaspace: 25541K(26496K)->25541K(26496K) NonClass: 22267K(22784K)->22267K(22784K) Class: 3274K(3712K)->3274K(3712K)
[249.787s][info][gc             ] GC(249) Pause Young (Allocation Failure) 1350M->511M(3681M) 11.835ms
[249.787s][info][gc,cpu         ] GC(249) User=0.00s Sys=0.00s Real=0.01s
[250.014s][info][gc,start       ] GC(250) Pause Young (System.gc())
[250.015s][info][gc,heap        ] GC(250) PSYoungGen: 40137K->96K(960000K)
[250.015s][info][gc,heap        ] GC(250) ParOldGen: 521608K->521896K(2796544K)
[250.015s][info][gc,metaspace   ] GC(250) Metaspace: 25541K(26496K)->25541K(26496K) NonClass: 22267K(22784K)->22267K(22784K) Class: 3274K(3712K)->3274K(3712K)
[250.015s][info][gc             ] GC(250) Pause Young (System.gc()) 548M->509M(3668M) 1.585ms
[250.015s][info][gc,cpu         ] GC(250) User=0.00s Sys=0.00s Real=0.00s
[250.015s][info][gc,start       ] GC(251) Pause Full (System.gc())
[250.015s][info][gc,phases,start] GC(251) Marking Phase
[250.020s][info][gc,phases      ] GC(251) Marking Phase 5.033ms
[250.020s][info][gc,phases,start] GC(251) Summary Phase
[250.020s][info][gc,phases      ] GC(251) Summary Phase 0.013ms
[250.020s][info][gc,phases,start] GC(251) Adjust Roots
[250.023s][info][gc,phases      ] GC(251) Adjust Roots 2.474ms
[250.023s][info][gc,phases,start] GC(251) Compaction Phase
[250.026s][info][gc,phases      ] GC(251) Compaction Phase 2.809ms
[250.026s][info][gc,phases,start] GC(251) Post Compact
[250.027s][info][gc,phases      ] GC(251) Post Compact 1.350ms
[250.027s][info][gc,heap        ] GC(251) PSYoungGen: 96K->0K(960000K)
[250.027s][info][gc,heap        ] GC(251) ParOldGen: 521896K->5933K(2796544K)
[250.027s][info][gc,metaspace   ] GC(251) Metaspace: 25541K(26496K)->25541K(26496K) NonClass: 22267K(22784K)->22267K(22784K) Class: 3274K(3712K)->3274K(3712K)
[250.027s][info][gc             ] GC(251) Pause Full (System.gc()) 509M->5M(3668M) 11.974ms
[250.027s][info][gc,cpu         ] GC(251) User=0.00s Sys=0.00s Real=0.02s
[251.936s][info][gc,start       ] GC(252) Pause Young (Allocation Failure)
[251.937s][info][gc,heap        ] GC(252) PSYoungGen: 535552K->736K(1004032K)
[251.937s][info][gc,heap        ] GC(252) ParOldGen: 5933K->5933K(2796544K)
[251.937s][info][gc,metaspace   ] GC(252) Metaspace: 25546K(26496K)->25546K(26496K) NonClass: 22271K(22784K)->22271K(22784K) Class: 3274K(3712K)->3274K(3712K)
[251.937s][info][gc             ] GC(252) Pause Young (Allocation Failure) 528M->6M(3711M) 0.748ms
[251.937s][info][gc,cpu         ] GC(252) User=0.00s Sys=0.00s Real=0.00s
[252.032s][info][gc,start       ] GC(253) Pause Young (Allocation Failure)
[252.033s][info][gc,heap        ] GC(253) PSYoungGen: 595168K->384K(988160K)
[252.033s][info][gc,heap        ] GC(253) ParOldGen: 5933K->6317K(2796544K)
[252.033s][info][gc,metaspace   ] GC(253) Metaspace: 25546K(26496K)->25546K(26496K) NonClass: 22271K(22784K)->22271K(22784K) Class: 3274K(3712K)->3274K(3712K)
[252.033s][info][gc             ] GC(253) Pause Young (Allocation Failure) 587M->6M(3696M) 0.778ms
[252.033s][info][gc,cpu         ] GC(253) User=0.00s Sys=0.00s Real=0.00s
[252.130s][info][gc,start       ] GC(254) Pause Young (Allocation Failure)
[252.131s][info][gc,heap        ] GC(254) PSYoungGen: 594816K->352K(1038336K)
[252.131s][info][gc,heap        ] GC(254) ParOldGen: 6317K->6365K(2796544K)
[252.131s][info][gc,metaspace   ] GC(254) Metaspace: 25546K(26496K)->25546K(26496K) NonClass: 22271K(22784K)->22271K(22784K) Class: 3274K(3712K)->3274K(3712K)
[252.131s][info][gc             ] GC(254) Pause Young (Allocation Failure) 587M->6M(3745M) 0.605ms
[252.131s][info][gc,cpu         ] GC(254) User=0.00s Sys=0.00s Real=0.00s
[252.240s][info][gc,start       ] GC(255) Pause Young (Allocation Failure)
[252.240s][info][gc,heap        ] GC(255) PSYoungGen: 661856K->416K(1020928K)
[252.240s][info][gc,heap        ] GC(255) ParOldGen: 6365K->6437K(2796544K)
[252.241s][info][gc,metaspace   ] GC(255) Metaspace: 25546K(26496K)->25546K(26496K) NonClass: 22271K(22784K)->22271K(22784K) Class: 3274K(3712K)->3274K(3712K)
[252.241s][info][gc             ] GC(255) Pause Young (Allocation Failure) 652M->6M(3728M) 0.633ms
[252.241s][info][gc,cpu         ] GC(255) User=0.00s Sys=0.00s Real=0.00s
[252.353s][info][gc,start       ] GC(256) Pause Young (Allocation Failure)
[252.354s][info][gc,heap        ] GC(256) PSYoungGen: 661920K->352K(1073664K)
[252.354s][info][gc,heap        ] GC(256) ParOldGen: 6437K->6469K(2796544K)
[252.354s][info][gc,metaspace   ] GC(256) Metaspace: 25546K(26496K)->25546K(26496K) NonClass: 22271K(22784K)->22271K(22784K) Class: 3274K(3712K)->3274K(3712K)
[252.354s][info][gc             ] GC(256) Pause Young (Allocation Failure) 652M->6M(3779M) 0.645ms
[252.354s][info][gc,cpu         ] GC(256) User=0.02s Sys=0.00s Real=0.00s
[253.205s][info][gc,start       ] GC(257) Pause Young (Allocation Failure)
[253.396s][info][gc,heap        ] GC(257) PSYoungGen: 732000K->324067K(1055744K)
[253.396s][info][gc,heap        ] GC(257) ParOldGen: 6469K->102357K(2796544K)
[253.396s][info][gc,metaspace   ] GC(257) Metaspace: 25546K(26496K)->25546K(26496K) NonClass: 22272K(22784K)->22272K(22784K) Class: 3274K(3712K)->3274K(3712K)
[253.396s][info][gc             ] GC(257) Pause Young (Allocation Failure) 721M->416M(3762M) 190.495ms
[253.396s][info][gc,cpu         ] GC(257) User=1.08s Sys=0.00s Real=0.19s
[256.548s][info][gc,start       ] GC(258) Pause Young (Allocation Failure)
[256.787s][info][gc,heap        ] GC(258) PSYoungGen: 1055715K->258816K(819200K)
[256.787s][info][gc,heap        ] GC(258) ParOldGen: 102357K->338865K(2796544K)
[256.787s][info][gc,metaspace   ] GC(258) Metaspace: 25547K(26496K)->25547K(26496K) NonClass: 22273K(22784K)->22273K(22784K) Class: 3274K(3712K)->3274K(3712K)
[256.787s][info][gc             ] GC(258) Pause Young (Allocation Failure) 1130M->583M(3531M) 238.323ms
[256.787s][info][gc,cpu         ] GC(258) User=1.41s Sys=0.00s Real=0.24s
[257.113s][info][gc,start       ] GC(259) Pause Young (Allocation Failure)
[257.338s][info][gc,heap        ] GC(259) PSYoungGen: 736000K->229514K(707072K)
[257.338s][info][gc,heap        ] GC(259) ParOldGen: 338865K->592529K(2796544K)
[257.338s][info][gc,metaspace   ] GC(259) Metaspace: 25547K(26496K)->25547K(26496K) NonClass: 22273K(22784K)->22273K(22784K) Class: 3274K(3712K)->3274K(3712K)
[257.338s][info][gc             ] GC(259) Pause Young (Allocation Failure) 1049M->802M(3421M) 224.955ms
[257.338s][info][gc,cpu         ] GC(259) User=1.31s Sys=0.00s Real=0.22s
[258.132s][info][gc,start       ] GC(260) Pause Young (Allocation Failure)
[258.235s][info][gc,heap        ] GC(260) PSYoungGen: 706698K->6112K(943616K)
[258.235s][info][gc,heap        ] GC(260) ParOldGen: 592529K->757854K(2796544K)
[258.235s][info][gc,metaspace   ] GC(260) Metaspace: 25547K(26496K)->25547K(26496K) NonClass: 22273K(22784K)->22273K(22784K) Class: 3274K(3712K)->3274K(3712K)
[258.235s][info][gc             ] GC(260) Pause Young (Allocation Failure) 1268M->746M(3652M) 102.619ms
[258.235s][info][gc,cpu         ] GC(260) User=0.56s Sys=0.00s Real=0.09s
[259.046s][info][gc,start       ] GC(261) Pause Young (System.gc())
[259.051s][info][gc,heap        ] GC(261) PSYoungGen: 156118K->32K(931840K)
[259.051s][info][gc,heap        ] GC(261) ParOldGen: 757854K->760110K(2796544K)
[259.051s][info][gc,metaspace   ] GC(261) Metaspace: 25547K(26496K)->25547K(26496K) NonClass: 22273K(22784K)->22273K(22784K) Class: 3274K(3712K)->3274K(3712K)
[259.051s][info][gc             ] GC(261) Pause Young (System.gc()) 892M->742M(3641M) 4.935ms
[259.051s][info][gc,cpu         ] GC(261) User=0.00s Sys=0.00s Real=0.00s
[259.051s][info][gc,start       ] GC(262) Pause Full (System.gc())
[259.051s][info][gc,phases,start] GC(262) Marking Phase
[259.057s][info][gc,phases      ] GC(262) Marking Phase 5.187ms
[259.057s][info][gc,phases,start] GC(262) Summary Phase
[259.057s][info][gc,phases      ] GC(262) Summary Phase 0.015ms
[259.057s][info][gc,phases,start] GC(262) Adjust Roots
[259.059s][info][gc,phases      ] GC(262) Adjust Roots 2.628ms
[259.059s][info][gc,phases,start] GC(262) Compaction Phase
[259.062s][info][gc,phases      ] GC(262) Compaction Phase 2.781ms
[259.062s][info][gc,phases,start] GC(262) Post Compact
[259.064s][info][gc,phases      ] GC(262) Post Compact 1.477ms
[259.064s][info][gc,heap        ] GC(262) PSYoungGen: 32K->0K(931840K)
[259.064s][info][gc,heap        ] GC(262) ParOldGen: 760110K->5935K(2796544K)
[259.064s][info][gc,metaspace   ] GC(262) Metaspace: 25547K(26496K)->25547K(26496K) NonClass: 22273K(22784K)->22273K(22784K) Class: 3274K(3712K)->3274K(3712K)
[259.064s][info][gc             ] GC(262) Pause Full (System.gc()) 742M->5M(3641M) 12.410ms
[259.064s][info][gc,cpu         ] GC(262) User=0.00s Sys=0.00s Real=0.02s
[260.736s][info][gc,start       ] GC(263) Pause Young (Allocation Failure)
[260.737s][info][gc,heap        ] GC(263) PSYoungGen: 477696K->672K(976896K)
[260.737s][info][gc,heap        ] GC(263) ParOldGen: 5935K->5935K(2796544K)
[260.737s][info][gc,metaspace   ] GC(263) Metaspace: 25547K(26496K)->25547K(26496K) NonClass: 22273K(22784K)->22273K(22784K) Class: 3274K(3712K)->3274K(3712K)
[260.737s][info][gc             ] GC(263) Pause Young (Allocation Failure) 472M->6M(3685M) 0.727ms
[260.737s][info][gc,cpu         ] GC(263) User=0.00s Sys=0.00s Real=0.00s
[260.825s][info][gc,start       ] GC(264) Pause Young (Allocation Failure)
[260.825s][info][gc,heap        ] GC(264) PSYoungGen: 539296K->416K(959488K)
[260.825s][info][gc,heap        ] GC(264) ParOldGen: 5935K->6215K(2796544K)
[260.825s][info][gc,metaspace   ] GC(264) Metaspace: 25547K(26496K)->25547K(26496K) NonClass: 22273K(22784K)->22273K(22784K) Class: 3274K(3712K)->3274K(3712K)
[260.825s][info][gc             ] GC(264) Pause Young (Allocation Failure) 532M->6M(3668M) 0.641ms
[260.825s][info][gc,cpu         ] GC(264) User=0.00s Sys=0.00s Real=0.00s
[260.913s][info][gc,start       ] GC(265) Pause Young (Allocation Failure)
[260.913s][info][gc,heap        ] GC(265) PSYoungGen: 539040K->384K(1013760K)
[260.913s][info][gc,heap        ] GC(265) ParOldGen: 6215K->6263K(2796544K)
[260.913s][info][gc,metaspace   ] GC(265) Metaspace: 25547K(26496K)->25547K(26496K) NonClass: 22273K(22784K)->22273K(22784K) Class: 3274K(3712K)->3274K(3712K)
[260.913s][info][gc             ] GC(265) Pause Young (Allocation Failure) 532M->6M(3721M) 0.580ms
[260.913s][info][gc,cpu         ] GC(265) User=0.00s Sys=0.00s Real=0.00s
[261.013s][info][gc,start       ] GC(266) Pause Young (Allocation Failure)
[261.014s][info][gc,heap        ] GC(266) PSYoungGen: 611712K->544K(995328K)
[261.014s][info][gc,heap        ] GC(266) ParOldGen: 6263K->6327K(2796544K)
[261.014s][info][gc,metaspace   ] GC(266) Metaspace: 25547K(26496K)->25547K(26496K) NonClass: 22273K(22784K)->22273K(22784K) Class: 3274K(3712K)->3274K(3712K)
[261.014s][info][gc             ] GC(266) Pause Young (Allocation Failure) 603M->6M(3703M) 0.665ms
[261.014s][info][gc,cpu         ] GC(266) User=0.00s Sys=0.00s Real=0.00s
[261.116s][info][gc,start       ] GC(267) Pause Young (Allocation Failure)
[261.116s][info][gc,heap        ] GC(267) PSYoungGen: 611872K->256K(1052160K)
[261.116s][info][gc,heap        ] GC(267) ParOldGen: 6327K->6375K(2796544K)
[261.116s][info][gc,metaspace   ] GC(267) Metaspace: 25547K(26496K)->25547K(26496K) NonClass: 22273K(22784K)->22273K(22784K) Class: 3274K(3712K)->3274K(3712K)
[261.116s][info][gc             ] GC(267) Pause Young (Allocation Failure) 603M->6M(3758M) 0.658ms
[261.116s][info][gc,cpu         ] GC(267) User=0.00s Sys=0.00s Real=0.00s
[261.634s][info][gc,start       ] GC(268) Pause Young (Allocation Failure)
[261.727s][info][gc,heap        ] GC(268) PSYoungGen: 687872K->225091K(912896K)
[261.727s][info][gc,heap        ] GC(268) ParOldGen: 6375K->6447K(2796544K)
[261.727s][info][gc,metaspace   ] GC(268) Metaspace: 25547K(26496K)->25547K(26496K) NonClass: 22273K(22784K)->22273K(22784K) Class: 3274K(3712K)->3274K(3712K)
[261.727s][info][gc             ] GC(268) Pause Young (Allocation Failure) 677M->226M(3622M) 92.753ms
[261.727s][info][gc,cpu         ] GC(268) User=0.48s Sys=0.00s Real=0.09s
[266.316s][info][gc,start       ] GC(269) Pause Young (Allocation Failure)
[266.342s][info][gc,heap        ] GC(269) PSYoungGen: 912707K->58592K(1046528K)
[266.342s][info][gc,heap        ] GC(269) ParOldGen: 6447K->6471K(2796544K)
[266.342s][info][gc,metaspace   ] GC(269) Metaspace: 25547K(26496K)->25547K(26496K) NonClass: 22273K(22784K)->22273K(22784K) Class: 3274K(3712K)->3274K(3712K)
[266.342s][info][gc             ] GC(269) Pause Young (Allocation Failure) 897M->63M(3753M) 25.258ms
[266.342s][info][gc,cpu         ] GC(269) User=0.09s Sys=0.00s Real=0.03s
[266.726s][info][gc,start       ] GC(270) Pause Young (Allocation Failure)
[266.864s][info][gc,heap        ] GC(270) PSYoungGen: 726240K->277344K(945152K)
[266.864s][info][gc,heap        ] GC(270) ParOldGen: 6471K->63447K(2796544K)
[266.864s][info][gc,metaspace   ] GC(270) Metaspace: 25547K(26496K)->25547K(26496K) NonClass: 22273K(22784K)->22273K(22784K) Class: 3274K(3712K)->3274K(3712K)
[266.864s][info][gc             ] GC(270) Pause Young (Allocation Failure) 715M->332M(3654M) 137.471ms
[266.864s][info][gc,cpu         ] GC(270) User=0.77s Sys=0.00s Real=0.14s
[267.719s][info][gc,start       ] GC(271) Pause Young (Allocation Failure)
[267.890s][info][gc,heap        ] GC(271) PSYoungGen: 944992K->103889K(1025536K)
[267.890s][info][gc,heap        ] GC(271) ParOldGen: 63447K->309303K(2796544K)
[267.890s][info][gc,metaspace   ] GC(271) Metaspace: 25547K(26496K)->25547K(26496K) NonClass: 22273K(22784K)->22273K(22784K) Class: 3274K(3712K)->3274K(3712K)
[267.890s][info][gc             ] GC(271) Pause Young (Allocation Failure) 984M->403M(3732M) 170.706ms
[267.890s][info][gc,cpu         ] GC(271) User=0.95s Sys=0.00s Real=0.16s
[268.802s][info][gc,start       ] GC(272) Pause Young (System.gc())
[268.840s][info][gc,heap        ] GC(272) PSYoungGen: 336166K->32K(998912K)
[268.851s][info][gc,heap        ] GC(272) ParOldGen: 309303K->386735K(2796544K)
[268.851s][info][gc,metaspace   ] GC(272) Metaspace: 25547K(26496K)->25547K(26496K) NonClass: 22273K(22784K)->22273K(22784K) Class: 3274K(3712K)->3274K(3712K)
[268.851s][info][gc             ] GC(272) Pause Young (System.gc()) 630M->377M(3706M) 48.494ms
[268.851s][info][gc,cpu         ] GC(272) User=0.12s Sys=0.00s Real=0.06s
[268.851s][info][gc,start       ] GC(273) Pause Full (System.gc())
[268.851s][info][gc,phases,start] GC(273) Marking Phase
[268.856s][info][gc,phases      ] GC(273) Marking Phase 5.475ms
[268.856s][info][gc,phases,start] GC(273) Summary Phase
[268.856s][info][gc,phases      ] GC(273) Summary Phase 0.011ms
[268.856s][info][gc,phases,start] GC(273) Adjust Roots
[268.859s][info][gc,phases      ] GC(273) Adjust Roots 2.502ms
[268.859s][info][gc,phases,start] GC(273) Compaction Phase
[268.862s][info][gc,phases      ] GC(273) Compaction Phase 2.463ms
[268.862s][info][gc,phases,start] GC(273) Post Compact
[268.864s][info][gc,phases      ] GC(273) Post Compact 1.931ms
[268.864s][info][gc,heap        ] GC(273) PSYoungGen: 32K->0K(998912K)
[268.864s][info][gc,heap        ] GC(273) ParOldGen: 386735K->5935K(2796544K)
[268.864s][info][gc,metaspace   ] GC(273) Metaspace: 25547K(26496K)->25547K(26496K) NonClass: 22273K(22784K)->22273K(22784K) Class: 3274K(3712K)->3274K(3712K)
[268.864s][info][gc             ] GC(273) Pause Full (System.gc()) 377M->5M(3706M) 12.693ms
[268.864s][info][gc,cpu         ] GC(273) User=0.00s Sys=0.00s Real=0.00s
[270.453s][info][gc,start       ] GC(274) Pause Young (Allocation Failure)
[270.454s][info][gc,heap        ] GC(274) PSYoungGen: 626688K->736K(1050624K)
[270.454s][info][gc,heap        ] GC(274) ParOldGen: 5935K->5935K(2796544K)
[270.454s][info][gc,metaspace   ] GC(274) Metaspace: 25547K(26496K)->25547K(26496K) NonClass: 22273K(22784K)->22273K(22784K) Class: 3274K(3712K)->3274K(3712K)
[270.454s][info][gc             ] GC(274) Pause Young (Allocation Failure) 617M->6M(3757M) 0.778ms
[270.454s][info][gc,cpu         ] GC(274) User=0.00s Sys=0.00s Real=0.00s
[270.566s][info][gc,start       ] GC(275) Pause Young (Allocation Failure)
[270.567s][info][gc,heap        ] GC(275) PSYoungGen: 690912K->384K(1037312K)
[270.567s][info][gc,heap        ] GC(275) ParOldGen: 5935K->6279K(2796544K)
[270.567s][info][gc,metaspace   ] GC(275) Metaspace: 25547K(26496K)->25547K(26496K) NonClass: 22273K(22784K)->22273K(22784K) Class: 3274K(3712K)->3274K(3712K)
[270.567s][info][gc             ] GC(275) Pause Young (Allocation Failure) 680M->6M(3744M) 0.787ms
[270.567s][info][gc,cpu         ] GC(275) User=0.00s Sys=0.00s Real=0.00s
[270.680s][info][gc,start       ] GC(276) Pause Young (Allocation Failure)
[270.681s][info][gc,heap        ] GC(276) PSYoungGen: 690560K->288K(1079296K)
[270.681s][info][gc,heap        ] GC(276) ParOldGen: 6279K->6311K(2796544K)
[270.681s][info][gc,metaspace   ] GC(276) Metaspace: 25547K(26496K)->25547K(26496K) NonClass: 22273K(22784K)->22273K(22784K) Class: 3274K(3712K)->3274K(3712K)
[270.681s][info][gc             ] GC(276) Pause Young (Allocation Failure) 680M->6M(3785M) 0.627ms
[270.681s][info][gc,cpu         ] GC(276) User=0.00s Sys=0.00s Real=0.00s
[270.805s][info][gc,start       ] GC(277) Pause Young (Allocation Failure)
[270.805s][info][gc,heap        ] GC(277) PSYoungGen: 746272K->352K(1064448K)
[270.805s][info][gc,heap        ] GC(277) ParOldGen: 6311K->6359K(2796544K)
[270.805s][info][gc,metaspace   ] GC(277) Metaspace: 25547K(26496K)->25547K(26496K) NonClass: 22273K(22784K)->22273K(22784K) Class: 3274K(3712K)->3274K(3712K)
[270.805s][info][gc             ] GC(277) Pause Young (Allocation Failure) 734M->6M(3770M) 0.549ms
[270.805s][info][gc,cpu         ] GC(277) User=0.00s Sys=0.00s Real=0.00s
[271.327s][info][gc,start       ] GC(278) Pause Young (Allocation Failure)
[271.427s][info][gc,heap        ] GC(278) PSYoungGen: 746336K->240035K(1008128K)
[271.427s][info][gc,heap        ] GC(278) ParOldGen: 6359K->6431K(2796544K)
[271.427s][info][gc,metaspace   ] GC(278) Metaspace: 25547K(26496K)->25547K(26496K) NonClass: 22273K(22784K)->22273K(22784K) Class: 3274K(3712K)->3274K(3712K)
[271.427s][info][gc             ] GC(278) Pause Young (Allocation Failure) 735M->240M(3715M) 100.310ms
[271.427s][info][gc,cpu         ] GC(278) User=0.55s Sys=0.00s Real=0.10s
[276.076s][info][gc,start       ] GC(279) Pause Young (Allocation Failure)
[276.110s][info][gc,heap        ] GC(279) PSYoungGen: 944547K->74528K(1051136K)
[276.110s][info][gc,heap        ] GC(279) ParOldGen: 6431K->6479K(2796544K)
[276.110s][info][gc,metaspace   ] GC(279) Metaspace: 25547K(26496K)->25547K(26496K) NonClass: 22273K(22784K)->22273K(22784K) Class: 3274K(3712K)->3274K(3712K)
[276.110s][info][gc             ] GC(279) Pause Young (Allocation Failure) 928M->79M(3757M) 33.720ms
[276.110s][info][gc,cpu         ] GC(279) User=0.16s Sys=0.00s Real=0.03s
[276.512s][info][gc,start       ] GC(280) Pause Young (Allocation Failure)
[276.661s][info][gc,heap        ] GC(280) PSYoungGen: 779040K->292032K(965632K)
[276.661s][info][gc,heap        ] GC(280) ParOldGen: 6479K->79167K(2796544K)
[276.661s][info][gc,metaspace   ] GC(280) Metaspace: 25547K(26496K)->25547K(26496K) NonClass: 22273K(22784K)->22273K(22784K) Class: 3274K(3712K)->3274K(3712K)
[276.662s][info][gc             ] GC(280) Pause Young (Allocation Failure) 767M->362M(3674M) 149.175ms
[276.662s][info][gc,cpu         ] GC(280) User=0.86s Sys=0.00s Real=0.16s
[277.509s][info][gc,start       ] GC(281) Pause Young (Allocation Failure)
[277.681s][info][gc,heap        ] GC(281) PSYoungGen: 938176K->73507K(1021952K)
[277.681s][info][gc,heap        ] GC(281) ParOldGen: 79167K->336183K(2796544K)
[277.681s][info][gc,metaspace   ] GC(281) Metaspace: 25547K(26496K)->25547K(26496K) NonClass: 22273K(22784K)->22273K(22784K) Class: 3274K(3712K)->3274K(3712K)
[277.681s][info][gc             ] GC(281) Pause Young (Allocation Failure) 993M->400M(3729M) 171.937ms
[277.681s][info][gc,cpu         ] GC(281) User=1.05s Sys=0.00s Real=0.17s
[278.547s][info][gc,start       ] GC(282) Pause Young (System.gc())
[278.574s][info][gc,heap        ] GC(282) PSYoungGen: 259098K->64K(1055744K)
[278.574s][info][gc,heap        ] GC(282) ParOldGen: 336183K->388023K(2796544K)
[278.574s][info][gc,metaspace   ] GC(282) Metaspace: 25547K(26496K)->25547K(26496K) NonClass: 22273K(22784K)->22273K(22784K) Class: 3274K(3712K)->3274K(3712K)
[278.574s][info][gc             ] GC(282) Pause Young (System.gc()) 581M->378M(3762M) 26.567ms
[278.574s][info][gc,cpu         ] GC(282) User=0.08s Sys=0.00s Real=0.03s
[278.574s][info][gc,start       ] GC(283) Pause Full (System.gc())
[278.574s][info][gc,phases,start] GC(283) Marking Phase
[278.579s][info][gc,phases      ] GC(283) Marking Phase 5.479ms
[278.579s][info][gc,phases,start] GC(283) Summary Phase
[278.579s][info][gc,phases      ] GC(283) Summary Phase 0.012ms
[278.579s][info][gc,phases,start] GC(283) Adjust Roots
[278.582s][info][gc,phases      ] GC(283) Adjust Roots 2.738ms
[278.582s][info][gc,phases,start] GC(283) Compaction Phase
[278.585s][info][gc,phases      ] GC(283) Compaction Phase 3.322ms
[278.586s][info][gc,phases,start] GC(283) Post Compact
[278.588s][info][gc,phases      ] GC(283) Post Compact 2.014ms
[278.588s][info][gc,heap        ] GC(283) PSYoungGen: 64K->0K(1055744K)
[278.588s][info][gc,heap        ] GC(283) ParOldGen: 388023K->6447K(2796544K)
[278.588s][info][gc,metaspace   ] GC(283) Metaspace: 25547K(26496K)->25547K(26496K) NonClass: 22273K(22784K)->22273K(22784K) Class: 3274K(3712K)->3274K(3712K)
[278.588s][info][gc             ] GC(283) Pause Full (System.gc()) 378M->6M(3762M) 13.853ms
[278.588s][info][gc,cpu         ] GC(283) User=0.00s Sys=0.00s Real=0.02s
[280.684s][info][gc,start       ] GC(284) Pause Young (Allocation Failure)
[280.685s][info][gc,heap        ] GC(284) PSYoungGen: 704000K->672K(1046016K)
[280.685s][info][gc,heap        ] GC(284) ParOldGen: 6447K->6447K(2796544K)
[280.685s][info][gc,metaspace   ] GC(284) Metaspace: 25551K(26496K)->25551K(26496K) NonClass: 22277K(22784K)->22277K(22784K) Class: 3274K(3712K)->3274K(3712K)
[280.685s][info][gc             ] GC(284) Pause Young (Allocation Failure) 693M->6M(3752M) 0.778ms
[280.685s][info][gc,cpu         ] GC(284) User=0.00s Sys=0.00s Real=0.00s
[280.799s][info][gc,start       ] GC(285) Pause Young (Allocation Failure)
[280.799s][info][gc,heap        ] GC(285) PSYoungGen: 704672K->608K(1079808K)
[280.799s][info][gc,heap        ] GC(285) ParOldGen: 6447K->6663K(2796544K)
[280.799s][info][gc,metaspace   ] GC(285) Metaspace: 25551K(26496K)->25551K(26496K) NonClass: 22277K(22784K)->22277K(22784K) Class: 3274K(3712K)->3274K(3712K)
[280.799s][info][gc             ] GC(285) Pause Young (Allocation Failure) 694M->7M(3785M) 0.879ms
[280.799s][info][gc,cpu         ] GC(285) User=0.00s Sys=0.00s Real=0.00s
[280.922s][info][gc,start       ] GC(286) Pause Young (Allocation Failure)
[280.923s][info][gc,heap        ] GC(286) PSYoungGen: 750176K->608K(1067520K)
[280.923s][info][gc,heap        ] GC(286) ParOldGen: 6663K->6847K(2796544K)
[280.923s][info][gc,metaspace   ] GC(286) Metaspace: 25551K(26496K)->25551K(26496K) NonClass: 22277K(22784K)->22277K(22784K) Class: 3274K(3712K)->3274K(3712K)
[280.923s][info][gc             ] GC(286) Pause Young (Allocation Failure) 739M->7M(3773M) 0.855ms
[280.923s][info][gc,cpu         ] GC(286) User=0.00s Sys=0.00s Real=0.00s
[281.046s][info][gc,start       ] GC(287) Pause Young (Allocation Failure)
[281.046s][info][gc,heap        ] GC(287) PSYoungGen: 750176K->192K(1106944K)
[281.046s][info][gc,heap        ] GC(287) ParOldGen: 6847K->6999K(2796544K)
[281.046s][info][gc,metaspace   ] GC(287) Metaspace: 25551K(26496K)->25551K(26496K) NonClass: 22277K(22784K)->22277K(22784K) Class: 3274K(3712K)->3274K(3712K)
[281.046s][info][gc             ] GC(287) Pause Young (Allocation Failure) 739M->7M(3812M) 0.706ms
[281.046s][info][gc,cpu         ] GC(287) User=0.00s Sys=0.00s Real=0.00s
[281.807s][info][gc,start       ] GC(288) Pause Young (Allocation Failure)
[281.967s][info][gc,heap        ] GC(288) PSYoungGen: 802496K->290802K(1093120K)
[281.967s][info][gc,heap        ] GC(288) ParOldGen: 6999K->79407K(2796544K)
[281.967s][info][gc,metaspace   ] GC(288) Metaspace: 25551K(26496K)->25551K(26496K) NonClass: 22277K(22784K)->22277K(22784K) Class: 3274K(3712K)->3274K(3712K)
[281.967s][info][gc             ] GC(288) Pause Young (Allocation Failure) 790M->361M(3798M) 160.686ms
[281.967s][info][gc,cpu         ] GC(288) User=0.95s Sys=0.03s Real=0.17s
[287.748s][info][gc,start       ] GC(289) Pause Young (Allocation Failure)
[287.943s][info][gc,heap        ] GC(289) PSYoungGen: 1093106K->209728K(907776K)
[287.943s][info][gc,heap        ] GC(289) ParOldGen: 79407K->284129K(2796544K)
[287.943s][info][gc,metaspace   ] GC(289) Metaspace: 25551K(26496K)->25551K(26496K) NonClass: 22277K(22784K)->22277K(22784K) Class: 3274K(3712K)->3274K(3712K)
[287.943s][info][gc             ] GC(289) Pause Young (Allocation Failure) 1145M->482M(3617M) 194.875ms
[287.943s][info][gc,cpu         ] GC(289) User=1.09s Sys=0.00s Real=0.20s
[288.338s][info][gc,start       ] GC(290) Pause Young (Allocation Failure)
[288.558s][info][gc,heap        ] GC(290) PSYoungGen: 812864K->274488K(878080K)
[288.558s][info][gc,heap        ] GC(290) ParOldGen: 284129K->489433K(2796544K)
[288.558s][info][gc,metaspace   ] GC(290) Metaspace: 25551K(26496K)->25551K(26496K) NonClass: 22277K(22784K)->22277K(22784K) Class: 3274K(3712K)->3274K(3712K)
[288.558s][info][gc             ] GC(290) Pause Young (Allocation Failure) 1071M->746M(3588M) 219.713ms
[288.558s][info][gc,cpu         ] GC(290) User=1.22s Sys=0.00s Real=0.22s
[289.913s][info][gc,start       ] GC(291) Pause Young (Allocation Failure)
[289.925s][info][gc,heap        ] GC(291) PSYoungGen: 877624K->4320K(977920K)
[289.925s][info][gc,heap        ] GC(291) ParOldGen: 489433K->489441K(2796544K)
[289.925s][info][gc,metaspace   ] GC(291) Metaspace: 25551K(26496K)->25551K(26496K) NonClass: 22277K(22784K)->22277K(22784K) Class: 3274K(3712K)->3274K(3712K)
[289.925s][info][gc             ] GC(291) Pause Young (Allocation Failure) 1335M->482M(3686M) 12.603ms
[289.925s][info][gc,cpu         ] GC(291) User=0.02s Sys=0.00s Real=0.02s
[290.201s][info][gc,start       ] GC(292) Pause Young (System.gc())
[290.203s][info][gc,heap        ] GC(292) PSYoungGen: 44079K->32K(965120K)
[290.203s][info][gc,heap        ] GC(292) ParOldGen: 489441K->491689K(2796544K)
[290.203s][info][gc,metaspace   ] GC(292) Metaspace: 25551K(26496K)->25551K(26496K) NonClass: 22277K(22784K)->22277K(22784K) Class: 3274K(3712K)->3274K(3712K)
[290.203s][info][gc             ] GC(292) Pause Young (System.gc()) 521M->480M(3673M) 2.800ms
[290.203s][info][gc,cpu         ] GC(292) User=0.00s Sys=0.00s Real=0.00s
[290.203s][info][gc,start       ] GC(293) Pause Full (System.gc())
[290.203s][info][gc,phases,start] GC(293) Marking Phase
[290.208s][info][gc,phases      ] GC(293) Marking Phase 4.960ms
[290.209s][info][gc,phases,start] GC(293) Summary Phase
[290.209s][info][gc,phases      ] GC(293) Summary Phase 0.013ms
[290.209s][info][gc,phases,start] GC(293) Adjust Roots
[290.211s][info][gc,phases      ] GC(293) Adjust Roots 2.777ms
[290.211s][info][gc,phases,start] GC(293) Compaction Phase
[290.215s][info][gc,phases      ] GC(293) Compaction Phase 3.176ms
[290.215s][info][gc,phases,start] GC(293) Post Compact
[290.217s][info][gc,phases      ] GC(293) Post Compact 2.249ms
[290.217s][info][gc,heap        ] GC(293) PSYoungGen: 32K->0K(965120K)
[290.217s][info][gc,heap        ] GC(293) ParOldGen: 491689K->6447K(2796544K)
[290.217s][info][gc,metaspace   ] GC(293) Metaspace: 25551K(26496K)->25551K(26496K) NonClass: 22277K(22784K)->22277K(22784K) Class: 3274K(3712K)->3274K(3712K)
[290.217s][info][gc             ] GC(293) Pause Full (System.gc()) 480M->6M(3673M) 13.468ms
[290.217s][info][gc,cpu         ] GC(293) User=0.02s Sys=0.00s Real=0.02s
[291.787s][info][gc,start       ] GC(294) Pause Young (Allocation Failure)
[291.788s][info][gc,heap        ] GC(294) PSYoungGen: 545280K->608K(1006592K)
[291.788s][info][gc,heap        ] GC(294) ParOldGen: 6447K->6447K(2796544K)
[291.788s][info][gc,metaspace   ] GC(294) Metaspace: 25551K(26496K)->25551K(26496K) NonClass: 22277K(22784K)->22277K(22784K) Class: 3274K(3712K)->3274K(3712K)
[291.788s][info][gc             ] GC(294) Pause Young (Allocation Failure) 538M->6M(3714M) 0.752ms
[291.788s][info][gc,cpu         ] GC(294) User=0.00s Sys=0.00s Real=0.00s
[291.885s][info][gc,start       ] GC(295) Pause Young (Allocation Failure)
[291.885s][info][gc,heap        ] GC(295) PSYoungGen: 600672K->384K(991232K)
[291.885s][info][gc,heap        ] GC(295) ParOldGen: 6447K->6695K(2796544K)
[291.885s][info][gc,metaspace   ] GC(295) Metaspace: 25551K(26496K)->25551K(26496K) NonClass: 22277K(22784K)->22277K(22784K) Class: 3274K(3712K)->3274K(3712K)
[291.885s][info][gc             ] GC(295) Pause Young (Allocation Failure) 592M->6M(3699M) 0.686ms
[291.885s][info][gc,cpu         ] GC(295) User=0.00s Sys=0.00s Real=0.00s
[291.984s][info][gc,start       ] GC(296) Pause Young (Allocation Failure)
[291.985s][info][gc,heap        ] GC(296) PSYoungGen: 600448K->448K(1039360K)
[291.985s][info][gc,heap        ] GC(296) ParOldGen: 6695K->6823K(2796544K)
[291.985s][info][gc,metaspace   ] GC(296) Metaspace: 25551K(26496K)->25551K(26496K) NonClass: 22277K(22784K)->22277K(22784K) Class: 3274K(3712K)->3274K(3712K)
[291.985s][info][gc             ] GC(296) Pause Young (Allocation Failure) 592M->7M(3746M) 0.642ms
[291.985s][info][gc,cpu         ] GC(296) User=0.00s Sys=0.00s Real=0.00s
[292.097s][info][gc,start       ] GC(297) Pause Young (Allocation Failure)
[292.098s][info][gc,heap        ] GC(297) PSYoungGen: 665024K->384K(1022976K)
[292.098s][info][gc,heap        ] GC(297) ParOldGen: 6823K->6887K(2796544K)
[292.098s][info][gc,metaspace   ] GC(297) Metaspace: 25551K(26496K)->25551K(26496K) NonClass: 22277K(22784K)->22277K(22784K) Class: 3274K(3712K)->3274K(3712K)
[292.098s][info][gc             ] GC(297) Pause Young (Allocation Failure) 656M->7M(3730M) 0.661ms
[292.098s][info][gc,cpu         ] GC(297) User=0.00s Sys=0.00s Real=0.00s
[292.209s][info][gc,start       ] GC(298) Pause Young (Allocation Failure)
[292.210s][info][gc,heap        ] GC(298) PSYoungGen: 664960K->320K(1074176K)
[292.210s][info][gc,heap        ] GC(298) ParOldGen: 6887K->6943K(2796544K)
[292.210s][info][gc,metaspace   ] GC(298) Metaspace: 25551K(26496K)->25551K(26496K) NonClass: 22277K(22784K)->22277K(22784K) Class: 3274K(3712K)->3274K(3712K)
[292.210s][info][gc             ] GC(298) Pause Young (Allocation Failure) 656M->7M(3780M) 0.540ms
[292.210s][info][gc,cpu         ] GC(298) User=0.00s Sys=0.00s Real=0.00s
[293.079s][info][gc,start       ] GC(299) Pause Young (Allocation Failure)
[293.275s][info][gc,heap        ] GC(299) PSYoungGen: 733504K->323570K(1056768K)
[293.275s][info][gc,heap        ] GC(299) ParOldGen: 6943K->114511K(2796544K)
[293.275s][info][gc,metaspace   ] GC(299) Metaspace: 25551K(26496K)->25551K(26496K) NonClass: 22277K(22784K)->22277K(22784K) Class: 3274K(3712K)->3274K(3712K)
[293.275s][info][gc             ] GC(299) Pause Young (Allocation Failure) 723M->427M(3763M) 195.825ms
[293.275s][info][gc,cpu         ] GC(299) User=1.12s Sys=0.00s Real=0.19s
[297.639s][info][gc,start       ] GC(300) Pause Young (Allocation Failure)
[297.847s][info][gc,heap        ] GC(300) PSYoungGen: 1056754K->217024K(844800K)
[297.847s][info][gc,heap        ] GC(300) ParOldGen: 114511K->320122K(2796544K)
[297.847s][info][gc,metaspace   ] GC(300) Metaspace: 25551K(26496K)->25551K(26496K) NonClass: 22277K(22784K)->22277K(22784K) Class: 3274K(3712K)->3274K(3712K)
[297.847s][info][gc             ] GC(300) Pause Young (Allocation Failure) 1143M->524M(3556M) 208.316ms
[297.847s][info][gc,cpu         ] GC(300) User=1.22s Sys=0.00s Real=0.20s
[298.142s][info][gc,start       ] GC(301) Pause Young (Allocation Failure)
[298.326s][info][gc,heap        ] GC(301) PSYoungGen: 720832K->209216K(713216K)
[298.326s][info][gc,heap        ] GC(301) ParOldGen: 320122K->534242K(2796544K)
[298.326s][info][gc,metaspace   ] GC(301) Metaspace: 25551K(26496K)->25551K(26496K) NonClass: 22277K(22784K)->22277K(22784K) Class: 3274K(3712K)->3274K(3712K)
[298.326s][info][gc             ] GC(301) Pause Young (Allocation Failure) 1016M->726M(3427M) 183.949ms
[298.326s][info][gc,cpu         ] GC(301) User=1.03s Sys=0.00s Real=0.19s
[299.121s][info][gc,start       ] GC(302) Pause Young (Allocation Failure)
[299.243s][info][gc,heap        ] GC(302) PSYoungGen: 713024K->22577K(964096K)
[299.243s][info][gc,heap        ] GC(302) ParOldGen: 534242K->723258K(2796544K)
[299.243s][info][gc,metaspace   ] GC(302) Metaspace: 25551K(26496K)->25551K(26496K) NonClass: 22277K(22784K)->22277K(22784K) Class: 3274K(3712K)->3274K(3712K)
[299.243s][info][gc             ] GC(302) Pause Young (Allocation Failure) 1218M->728M(3672M) 121.785ms
[299.243s][info][gc,cpu         ] GC(302) User=0.55s Sys=0.03s Real=0.12s
[300.128s][info][gc,start       ] GC(303) Pause Young (System.gc())
[300.137s][info][gc,heap        ] GC(303) PSYoungGen: 224854K->128K(946688K)
[300.137s][info][gc,heap        ] GC(303) ParOldGen: 723258K->730130K(2796544K)
[300.137s][info][gc,metaspace   ] GC(303) Metaspace: 25551K(26496K)->25551K(26496K) NonClass: 22277K(22784K)->22277K(22784K) Class: 3274K(3712K)->3274K(3712K)
[300.137s][info][gc             ] GC(303) Pause Young (System.gc()) 925M->713M(3655M) 8.788ms
[300.137s][info][gc,cpu         ] GC(303) User=0.00s Sys=0.00s Real=0.00s
[300.137s][info][gc,start       ] GC(304) Pause Full (System.gc())
[300.137s][info][gc,phases,start] GC(304) Marking Phase
[300.142s][info][gc,phases      ] GC(304) Marking Phase 5.050ms
[300.142s][info][gc,phases,start] GC(304) Summary Phase
[300.142s][info][gc,phases      ] GC(304) Summary Phase 0.013ms
[300.142s][info][gc,phases,start] GC(304) Adjust Roots
[300.145s][info][gc,phases      ] GC(304) Adjust Roots 2.584ms
[300.145s][info][gc,phases,start] GC(304) Compaction Phase
[300.147s][info][gc,phases      ] GC(304) Compaction Phase 2.066ms
[300.147s][info][gc,phases,start] GC(304) Post Compact
[300.148s][info][gc,phases      ] GC(304) Post Compact 1.448ms
[300.148s][info][gc,heap        ] GC(304) PSYoungGen: 128K->0K(946688K)
[300.148s][info][gc,heap        ] GC(304) ParOldGen: 730130K->6447K(2796544K)
[300.148s][info][gc,metaspace   ] GC(304) Metaspace: 25551K(26496K)->25551K(26496K) NonClass: 22277K(22784K)->22277K(22784K) Class: 3274K(3712K)->3274K(3712K)
[300.148s][info][gc             ] GC(304) Pause Full (System.gc()) 713M->6M(3655M) 11.465ms
[300.148s][info][gc,cpu         ] GC(304) User=0.00s Sys=0.00s Real=0.02s
[302.207s][info][gc,start       ] GC(305) Pause Young (Allocation Failure)
[302.208s][info][gc,heap        ] GC(305) PSYoungGen: 513024K->640K(994816K)
[302.208s][info][gc,heap        ] GC(305) ParOldGen: 6447K->6447K(2796544K)
[302.208s][info][gc,metaspace   ] GC(305) Metaspace: 25551K(26496K)->25551K(26496K) NonClass: 22277K(22784K)->22277K(22784K) Class: 3274K(3712K)->3274K(3712K)
[302.208s][info][gc             ] GC(305) Pause Young (Allocation Failure) 507M->6M(3702M) 0.737ms
[302.208s][info][gc,cpu         ] GC(305) User=0.00s Sys=0.00s Real=0.00s
[302.302s][info][gc,start       ] GC(306) Pause Young (Allocation Failure)
[302.302s][info][gc,heap        ] GC(306) PSYoungGen: 576128K->416K(978432K)
[302.302s][info][gc,heap        ] GC(306) ParOldGen: 6447K->6719K(2796544K)
[302.302s][info][gc,metaspace   ] GC(306) Metaspace: 25551K(26496K)->25551K(26496K) NonClass: 22277K(22784K)->22277K(22784K) Class: 3274K(3712K)->3274K(3712K)
[302.302s][info][gc             ] GC(306) Pause Young (Allocation Failure) 568M->6M(3686M) 0.693ms
[302.302s][info][gc,cpu         ] GC(306) User=0.00s Sys=0.00s Real=0.00s
[302.401s][info][gc,start       ] GC(307) Pause Young (Allocation Failure)
[302.401s][info][gc,heap        ] GC(307) PSYoungGen: 575904K->352K(1029120K)
[302.402s][info][gc,heap        ] GC(307) ParOldGen: 6719K->6831K(2796544K)
[302.402s][info][gc,metaspace   ] GC(307) Metaspace: 25551K(26496K)->25551K(26496K) NonClass: 22277K(22784K)->22277K(22784K) Class: 3274K(3712K)->3274K(3712K)
[302.402s][info][gc             ] GC(307) Pause Young (Allocation Failure) 568M->7M(3736M) 0.771ms
[302.402s][info][gc,cpu         ] GC(307) User=0.00s Sys=0.00s Real=0.00s
[302.509s][info][gc,start       ] GC(308) Pause Young (Allocation Failure)
[302.510s][info][gc,heap        ] GC(308) PSYoungGen: 643424K->384K(1011712K)
[302.510s][info][gc,heap        ] GC(308) ParOldGen: 6831K->6879K(2796544K)
[302.510s][info][gc,metaspace   ] GC(308) Metaspace: 25551K(26496K)->25551K(26496K) NonClass: 22277K(22784K)->22277K(22784K) Class: 3274K(3712K)->3274K(3712K)
[302.510s][info][gc             ] GC(308) Pause Young (Allocation Failure) 635M->7M(3719M) 0.772ms
[302.510s][info][gc,cpu         ] GC(308) User=0.00s Sys=0.00s Real=0.00s
[302.617s][info][gc,start       ] GC(309) Pause Young (Allocation Failure)
[302.618s][info][gc,heap        ] GC(309) PSYoungGen: 643456K->320K(1064960K)
[302.618s][info][gc,heap        ] GC(309) ParOldGen: 6879K->6975K(2796544K)
[302.618s][info][gc,metaspace   ] GC(309) Metaspace: 25551K(26496K)->25551K(26496K) NonClass: 22277K(22784K)->22277K(22784K) Class: 3274K(3712K)->3274K(3712K)
[302.618s][info][gc             ] GC(309) Pause Young (Allocation Failure) 635M->7M(3771M) 0.814ms
[302.618s][info][gc,cpu         ] GC(309) User=0.00s Sys=0.00s Real=0.00s
[303.343s][info][gc,start       ] GC(310) Pause Young (Allocation Failure)
[303.496s][info][gc,heap        ] GC(310) PSYoungGen: 714560K->332786K(1047040K)
[303.496s][info][gc,heap        ] GC(310) ParOldGen: 6975K->27471K(2796544K)
[303.496s][info][gc,metaspace   ] GC(310) Metaspace: 25551K(26496K)->25551K(26496K) NonClass: 22277K(22784K)->22277K(22784K) Class: 3274K(3712K)->3274K(3712K)
[303.496s][info][gc             ] GC(310) Pause Young (Allocation Failure) 704M->351M(3753M) 152.903ms
[303.496s][info][gc,cpu         ] GC(310) User=0.84s Sys=0.00s Real=0.16s
[309.111s][info][gc,start       ] GC(311) Pause Young (Allocation Failure)
[309.245s][info][gc,heap        ] GC(311) PSYoungGen: 1047026K->162720K(928256K)
[309.245s][info][gc,heap        ] GC(311) ParOldGen: 27471K->154569K(2796544K)
[309.245s][info][gc,metaspace   ] GC(311) Metaspace: 25551K(26496K)->25551K(26496K) NonClass: 22277K(22784K)->22277K(22784K) Class: 3274K(3712K)->3274K(3712K)
[309.245s][info][gc             ] GC(311) Pause Young (Allocation Failure) 1049M->309M(3637M) 134.706ms
[309.245s][info][gc,cpu         ] GC(311) User=0.75s Sys=0.00s Real=0.14s
[309.584s][info][gc,start       ] GC(312) Pause Young (Allocation Failure)
[309.755s][info][gc,heap        ] GC(312) PSYoungGen: 740256K->239520K(817152K)
[309.755s][info][gc,heap        ] GC(312) ParOldGen: 154569K->314737K(2796544K)
[309.755s][info][gc,metaspace   ] GC(312) Metaspace: 25551K(26496K)->25551K(26496K) NonClass: 22277K(22784K)->22277K(22784K) Class: 3274K(3712K)->3274K(3712K)
[309.755s][info][gc             ] GC(312) Pause Young (Allocation Failure) 873M->541M(3529M) 170.453ms
[309.755s][info][gc,cpu         ] GC(312) User=0.95s Sys=0.00s Real=0.17s
[310.570s][info][gc,start       ] GC(313) Pause Young (Allocation Failure)
[310.708s][info][gc,heap        ] GC(313) PSYoungGen: 817056K->48451K(987648K)
[310.708s][info][gc,heap        ] GC(313) ParOldGen: 314737K->527289K(2796544K)
[310.708s][info][gc,metaspace   ] GC(313) Metaspace: 25551K(26496K)->25551K(26496K) NonClass: 22277K(22784K)->22277K(22784K) Class: 3274K(3712K)->3274K(3712K)
[310.708s][info][gc             ] GC(313) Pause Young (Allocation Failure) 1105M->562M(3695M) 137.138ms
[310.708s][info][gc,cpu         ] GC(313) User=0.77s Sys=0.00s Real=0.14s
[311.575s][info][gc,start       ] GC(314) Pause Young (System.gc())
[311.592s][info][gc,heap        ] GC(314) PSYoungGen: 232138K->96K(965632K)
[311.592s][info][gc,heap        ] GC(314) ParOldGen: 527289K->555913K(2796544K)
[311.592s][info][gc,metaspace   ] GC(314) Metaspace: 25551K(26496K)->25551K(26496K) NonClass: 22277K(22784K)->22277K(22784K) Class: 3274K(3712K)->3274K(3712K)
[311.592s][info][gc             ] GC(314) Pause Young (System.gc()) 741M->542M(3674M) 17.332ms
[311.592s][info][gc,cpu         ] GC(314) User=0.05s Sys=0.00s Real=0.02s
[311.592s][info][gc,start       ] GC(315) Pause Full (System.gc())
[311.592s][info][gc,phases,start] GC(315) Marking Phase
[311.598s][info][gc,phases      ] GC(315) Marking Phase 5.449ms
[311.598s][info][gc,phases,start] GC(315) Summary Phase
[311.598s][info][gc,phases      ] GC(315) Summary Phase 0.013ms
[311.598s][info][gc,phases,start] GC(315) Adjust Roots
[311.601s][info][gc,phases      ] GC(315) Adjust Roots 2.525ms
[311.601s][info][gc,phases,start] GC(315) Compaction Phase
[311.603s][info][gc,phases      ] GC(315) Compaction Phase 2.698ms
[311.603s][info][gc,phases,start] GC(315) Post Compact
[311.605s][info][gc,phases      ] GC(315) Post Compact 1.258ms
[311.605s][info][gc,heap        ] GC(315) PSYoungGen: 96K->0K(965632K)
[311.605s][info][gc,heap        ] GC(315) ParOldGen: 555913K->6447K(2796544K)
[311.605s][info][gc,metaspace   ] GC(315) Metaspace: 25551K(26496K)->25551K(26496K) NonClass: 22277K(22784K)->22277K(22784K) Class: 3274K(3712K)->3274K(3712K)
[311.605s][info][gc             ] GC(315) Pause Full (System.gc()) 542M->6M(3674M) 12.231ms
[311.605s][info][gc,cpu         ] GC(315) User=0.00s Sys=0.00s Real=0.02s
[313.181s][info][gc,start       ] GC(316) Pause Young (Allocation Failure)
[313.182s][info][gc,heap        ] GC(316) PSYoungGen: 555520K->640K(1015808K)
[313.182s][info][gc,heap        ] GC(316) ParOldGen: 6447K->6447K(2796544K)
[313.182s][info][gc,metaspace   ] GC(316) Metaspace: 25551K(26496K)->25551K(26496K) NonClass: 22277K(22784K)->22277K(22784K) Class: 3274K(3712K)->3274K(3712K)
[313.182s][info][gc             ] GC(316) Pause Young (Allocation Failure) 548M->6M(3723M) 0.666ms
[313.182s][info][gc,cpu         ] GC(316) User=0.00s Sys=0.00s Real=0.00s
[313.282s][info][gc,start       ] GC(317) Pause Young (Allocation Failure)
[313.282s][info][gc,heap        ] GC(317) PSYoungGen: 619648K->416K(1000960K)
[313.282s][info][gc,heap        ] GC(317) ParOldGen: 6447K->6775K(2796544K)
[313.282s][info][gc,metaspace   ] GC(317) Metaspace: 25551K(26496K)->25551K(26496K) NonClass: 22277K(22784K)->22277K(22784K) Class: 3274K(3712K)->3274K(3712K)
[313.282s][info][gc             ] GC(317) Pause Young (Allocation Failure) 611M->7M(3708M) 0.774ms
[313.282s][info][gc,cpu         ] GC(317) User=0.00s Sys=0.00s Real=0.00s
[313.387s][info][gc,start       ] GC(318) Pause Young (Allocation Failure)
[313.388s][info][gc,heap        ] GC(318) PSYoungGen: 619424K->384K(1048064K)
[313.388s][info][gc,heap        ] GC(318) ParOldGen: 6775K->6855K(2796544K)
[313.388s][info][gc,metaspace   ] GC(318) Metaspace: 25551K(26496K)->25551K(26496K) NonClass: 22277K(22784K)->22277K(22784K) Class: 3274K(3712K)->3274K(3712K)
[313.388s][info][gc             ] GC(318) Pause Young (Allocation Failure) 611M->7M(3754M) 0.887ms
[313.388s][info][gc,cpu         ] GC(318) User=0.00s Sys=0.00s Real=0.00s
[313.503s][info][gc,start       ] GC(319) Pause Young (Allocation Failure)
[313.504s][info][gc,heap        ] GC(319) PSYoungGen: 681856K->320K(1031168K)
[313.504s][info][gc,heap        ] GC(319) ParOldGen: 6855K->6895K(2796544K)
[313.504s][info][gc,metaspace   ] GC(319) Metaspace: 25551K(26496K)->25551K(26496K) NonClass: 22277K(22784K)->22277K(22784K) Class: 3274K(3712K)->3274K(3712K)
[313.504s][info][gc             ] GC(319) Pause Young (Allocation Failure) 672M->7M(3738M) 0.704ms
[313.504s][info][gc,cpu         ] GC(319) User=0.00s Sys=0.00s Real=0.00s
[313.640s][info][gc,start       ] GC(320) Pause Young (Allocation Failure)
[313.648s][info][gc,heap        ] GC(320) PSYoungGen: 681792K->21938K(1085440K)
[313.648s][info][gc,heap        ] GC(320) ParOldGen: 6895K->6943K(2796544K)
[313.648s][info][gc,metaspace   ] GC(320) Metaspace: 25551K(26496K)->25551K(26496K) NonClass: 22277K(22784K)->22277K(22784K) Class: 3274K(3712K)->3274K(3712K)
[313.648s][info][gc             ] GC(320) Pause Young (Allocation Failure) 672M->28M(3791M) 8.652ms
[313.648s][info][gc,cpu         ] GC(320) User=0.02s Sys=0.00s Real=0.02s
[314.617s][info][gc,start       ] GC(321) Pause Young (Allocation Failure)
[314.634s][info][gc,heap        ] GC(321) PSYoungGen: 774066K->18368K(1064448K)
[314.634s][info][gc,heap        ] GC(321) ParOldGen: 6943K->15866K(2796544K)
[314.634s][info][gc,metaspace   ] GC(321) Metaspace: 25551K(26496K)->25551K(26496K) NonClass: 22277K(22784K)->22277K(22784K) Class: 3274K(3712K)->3274K(3712K)
[314.634s][info][gc             ] GC(321) Pause Young (Allocation Failure) 762M->33M(3770M) 17.209ms
[314.634s][info][gc,cpu         ] GC(321) User=0.00s Sys=0.00s Real=0.02s
[317.937s][info][gc,start       ] GC(322) Pause Young (Allocation Failure)
[318.059s][info][gc,heap        ] GC(322) PSYoungGen: 770496K->286464K(979456K)
[318.059s][info][gc,heap        ] GC(322) ParOldGen: 15866K->21306K(2796544K)
[318.059s][info][gc,metaspace   ] GC(322) Metaspace: 25552K(26496K)->25552K(26496K) NonClass: 22277K(22784K)->22277K(22784K) Class: 3274K(3712K)->3274K(3712K)
[318.059s][info][gc             ] GC(322) Pause Young (Allocation Failure) 767M->300M(3687M) 122.322ms
[318.059s][info][gc,cpu         ] GC(322) User=0.67s Sys=0.00s Real=0.13s
[318.865s][info][gc,start       ] GC(323) Pause Young (Allocation Failure)
[319.067s][info][gc,heap        ] GC(323) PSYoungGen: 972544K->173226K(859648K)
[319.067s][info][gc,heap        ] GC(323) ParOldGen: 21306K->277834K(2796544K)
[319.067s][info][gc,metaspace   ] GC(323) Metaspace: 25552K(26496K)->25552K(26496K) NonClass: 22277K(22784K)->22277K(22784K) Class: 3274K(3712K)->3274K(3712K)
[319.067s][info][gc             ] GC(323) Pause Young (Allocation Failure) 970M->440M(3570M) 202.093ms
[319.067s][info][gc,cpu         ] GC(323) User=1.16s Sys=0.00s Real=0.20s
[320.098s][info][gc,start       ] GC(324) Pause Young (System.gc())
[320.104s][info][gc,heap        ] GC(324) PSYoungGen: 508934K->128K(1047040K)
[320.104s][info][gc,heap        ] GC(324) ParOldGen: 277834K->279650K(2796544K)
[320.104s][info][gc,metaspace   ] GC(324) Metaspace: 25553K(26496K)->25553K(26496K) NonClass: 22278K(22784K)->22278K(22784K) Class: 3274K(3712K)->3274K(3712K)
[320.104s][info][gc             ] GC(324) Pause Young (System.gc()) 768M->273M(3753M) 5.308ms
[320.104s][info][gc,cpu         ] GC(324) User=0.00s Sys=0.00s Real=0.00s
[320.104s][info][gc,start       ] GC(325) Pause Full (System.gc())
[320.104s][info][gc,phases,start] GC(325) Marking Phase
[320.109s][info][gc,phases      ] GC(325) Marking Phase 5.001ms
[320.109s][info][gc,phases,start] GC(325) Summary Phase
[320.109s][info][gc,phases      ] GC(325) Summary Phase 0.012ms
[320.109s][info][gc,phases,start] GC(325) Adjust Roots
[320.111s][info][gc,phases      ] GC(325) Adjust Roots 2.532ms
[320.111s][info][gc,phases,start] GC(325) Compaction Phase
[320.113s][info][gc,phases      ] GC(325) Compaction Phase 2.106ms
[320.114s][info][gc,phases,start] GC(325) Post Compact
[320.115s][info][gc,phases      ] GC(325) Post Compact 1.514ms
[320.115s][info][gc,heap        ] GC(325) PSYoungGen: 128K->0K(1047040K)
[320.115s][info][gc,heap        ] GC(325) ParOldGen: 279650K->6458K(2796544K)
[320.115s][info][gc,metaspace   ] GC(325) Metaspace: 25553K(26496K)->25553K(26496K) NonClass: 22278K(22784K)->22278K(22784K) Class: 3274K(3712K)->3274K(3712K)
[320.115s][info][gc             ] GC(325) Pause Full (System.gc()) 273M->6M(3753M) 11.471ms
[320.115s][info][gc,cpu         ] GC(325) User=0.00s Sys=0.00s Real=0.02s
[321.814s][info][gc,start       ] GC(326) Pause Young (Allocation Failure)
[321.815s][info][gc,heap        ] GC(326) PSYoungGen: 683008K->608K(1033728K)
[321.815s][info][gc,heap        ] GC(326) ParOldGen: 6458K->6458K(2796544K)
[321.815s][info][gc,metaspace   ] GC(326) Metaspace: 25553K(26496K)->25553K(26496K) NonClass: 22278K(22784K)->22278K(22784K) Class: 3274K(3712K)->3274K(3712K)
[321.815s][info][gc             ] GC(326) Pause Young (Allocation Failure) 673M->6M(3740M) 0.859ms
[321.815s][info][gc,cpu         ] GC(326) User=0.00s Sys=0.00s Real=0.00s
[321.927s][info][gc,start       ] GC(327) Pause Young (Allocation Failure)
[321.927s][info][gc,heap        ] GC(327) PSYoungGen: 683616K->544K(1076224K)
[321.927s][info][gc,heap        ] GC(327) ParOldGen: 6458K->6714K(2796544K)
[321.927s][info][gc,metaspace   ] GC(327) Metaspace: 25553K(26496K)->25553K(26496K) NonClass: 22278K(22784K)->22278K(22784K) Class: 3274K(3712K)->3274K(3712K)
[321.927s][info][gc             ] GC(327) Pause Young (Allocation Failure) 673M->7M(3782M) 0.763ms
[321.927s][info][gc,cpu         ] GC(327) User=0.00s Sys=0.00s Real=0.00s
[322.051s][info][gc,start       ] GC(328) Pause Young (Allocation Failure)
[322.051s][info][gc,heap        ] GC(328) PSYoungGen: 740384K->480K(1061376K)
[322.051s][info][gc,heap        ] GC(328) ParOldGen: 6714K->6850K(2796544K)
[322.051s][info][gc,metaspace   ] GC(328) Metaspace: 25553K(26496K)->25553K(26496K) NonClass: 22278K(22784K)->22278K(22784K) Class: 3274K(3712K)->3274K(3712K)
[322.051s][info][gc             ] GC(328) Pause Young (Allocation Failure) 729M->7M(3767M) 0.696ms
[322.051s][info][gc,cpu         ] GC(328) User=0.00s Sys=0.00s Real=0.00s
[322.175s][info][gc,start       ] GC(329) Pause Young (Allocation Failure)
[322.176s][info][gc,heap        ] GC(329) PSYoungGen: 740320K->320K(1106944K)
[322.176s][info][gc,heap        ] GC(329) ParOldGen: 6850K->6962K(2796544K)
[322.176s][info][gc,metaspace   ] GC(329) Metaspace: 25553K(26496K)->25553K(26496K) NonClass: 22278K(22784K)->22278K(22784K) Class: 3274K(3712K)->3274K(3712K)
[322.176s][info][gc             ] GC(329) Pause Young (Allocation Failure) 729M->7M(3812M) 0.597ms
[322.176s][info][gc,cpu         ] GC(329) User=0.00s Sys=0.00s Real=0.00s
[322.883s][info][gc,start       ] GC(330) Pause Young (Allocation Failure)
[323.026s][info][gc,heap        ] GC(330) PSYoungGen: 801088K->290802K(1091584K)
[323.026s][info][gc,heap        ] GC(330) ParOldGen: 6962K->49666K(2796544K)
[323.026s][info][gc,metaspace   ] GC(330) Metaspace: 25553K(26496K)->25553K(26496K) NonClass: 22278K(22784K)->22278K(22784K) Class: 3274K(3712K)->3274K(3712K)
[323.026s][info][gc             ] GC(330) Pause Young (Allocation Failure) 789M->332M(3797M) 142.609ms
[323.026s][info][gc,cpu         ] GC(330) User=0.84s Sys=0.00s Real=0.15s
[328.887s][info][gc,start       ] GC(331) Pause Young (Allocation Failure)
[329.065s][info][gc,heap        ] GC(331) PSYoungGen: 1091570K->187488K(939008K)
[329.066s][info][gc,heap        ] GC(331) ParOldGen: 49666K->241877K(2796544K)
[329.066s][info][gc,metaspace   ] GC(331) Metaspace: 25553K(26496K)->25553K(26496K) NonClass: 22278K(22784K)->22278K(22784K) Class: 3274K(3712K)->3274K(3712K)
[329.066s][info][gc             ] GC(331) Pause Young (Allocation Failure) 1114M->419M(3648M) 178.783ms
[329.066s][info][gc,cpu         ] GC(331) User=1.02s Sys=0.00s Real=0.17s
[329.469s][info][gc,start       ] GC(332) Pause Young (Allocation Failure)
[329.672s][info][gc,heap        ] GC(332) PSYoungGen: 820320K->284458K(917504K)
[329.672s][info][gc,heap        ] GC(332) ParOldGen: 241877K->425189K(2796544K)
[329.672s][info][gc,metaspace   ] GC(332) Metaspace: 25553K(26496K)->25553K(26496K) NonClass: 22278K(22784K)->22278K(22784K) Class: 3274K(3712K)->3274K(3712K)
[329.672s][info][gc             ] GC(332) Pause Young (Allocation Failure) 1037M->693M(3627M) 203.196ms
[329.672s][info][gc,cpu         ] GC(332) User=1.14s Sys=0.00s Real=0.20s
[331.088s][info][gc,start       ] GC(333) Pause Young (Allocation Failure)
[331.100s][info][gc,heap        ] GC(333) PSYoungGen: 917290K->4320K(986112K)
[331.100s][info][gc,heap        ] GC(333) ParOldGen: 425189K->425189K(2796544K)
[331.100s][info][gc,metaspace   ] GC(333) Metaspace: 25553K(26496K)->25553K(26496K) NonClass: 22278K(22784K)->22278K(22784K) Class: 3274K(3712K)->3274K(3712K)
[331.100s][info][gc             ] GC(333) Pause Young (Allocation Failure) 1311M->419M(3694M) 11.439ms
[331.100s][info][gc,cpu         ] GC(333) User=0.02s Sys=0.00s Real=0.02s
[331.320s][info][gc,start       ] GC(334) Pause Young (System.gc())
[331.323s][info][gc,heap        ] GC(334) PSYoungGen: 40526K->32K(972800K)
[331.323s][info][gc,heap        ] GC(334) ParOldGen: 425189K->427445K(2796544K)
[331.323s][info][gc,metaspace   ] GC(334) Metaspace: 25553K(26496K)->25553K(26496K) NonClass: 22278K(22784K)->22278K(22784K) Class: 3274K(3712K)->3274K(3712K)
[331.323s][info][gc             ] GC(334) Pause Young (System.gc()) 454M->417M(3681M) 2.753ms
[331.323s][info][gc,cpu         ] GC(334) User=0.00s Sys=0.00s Real=0.00s
[331.323s][info][gc,start       ] GC(335) Pause Full (System.gc())
[331.323s][info][gc,phases,start] GC(335) Marking Phase
[331.328s][info][gc,phases      ] GC(335) Marking Phase 4.915ms
[331.328s][info][gc,phases,start] GC(335) Summary Phase
[331.328s][info][gc,phases      ] GC(335) Summary Phase 0.012ms
[331.328s][info][gc,phases,start] GC(335) Adjust Roots
[331.331s][info][gc,phases      ] GC(335) Adjust Roots 2.574ms
[331.331s][info][gc,phases,start] GC(335) Compaction Phase
[331.333s][info][gc,phases      ] GC(335) Compaction Phase 2.355ms
[331.333s][info][gc,phases,start] GC(335) Post Compact
[331.335s][info][gc,phases      ] GC(335) Post Compact 2.162ms
[331.335s][info][gc,heap        ] GC(335) PSYoungGen: 32K->0K(972800K)
[331.335s][info][gc,heap        ] GC(335) ParOldGen: 427445K->6458K(2796544K)
[331.335s][info][gc,metaspace   ] GC(335) Metaspace: 25553K(26496K)->25553K(26496K) NonClass: 22278K(22784K)->22278K(22784K) Class: 3274K(3712K)->3274K(3712K)
[331.336s][info][gc             ] GC(335) Pause Full (System.gc()) 417M->6M(3681M) 12.296ms
[331.336s][info][gc,cpu         ] GC(335) User=0.00s Sys=0.00s Real=0.02s
[332.935s][info][gc,start       ] GC(336) Pause Young (Allocation Failure)
[332.936s][info][gc,heap        ] GC(336) PSYoungGen: 561152K->640K(1016320K)
[332.936s][info][gc,heap        ] GC(336) ParOldGen: 6458K->6458K(2796544K)
[332.936s][info][gc,metaspace   ] GC(336) Metaspace: 25554K(26496K)->25554K(26496K) NonClass: 22280K(22784K)->22280K(22784K) Class: 3274K(3712K)->3274K(3712K)
[332.936s][info][gc             ] GC(336) Pause Young (Allocation Failure) 554M->6M(3723M) 0.674ms
[332.936s][info][gc,cpu         ] GC(336) User=0.00s Sys=0.00s Real=0.00s
[333.037s][info][gc,start       ] GC(337) Pause Young (Allocation Failure)
[333.037s][info][gc,heap        ] GC(337) PSYoungGen: 620160K->416K(1000960K)
[333.037s][info][gc,heap        ] GC(337) ParOldGen: 6458K->6762K(2796544K)
[333.037s][info][gc,metaspace   ] GC(337) Metaspace: 25554K(26496K)->25554K(26496K) NonClass: 22280K(22784K)->22280K(22784K) Class: 3274K(3712K)->3274K(3712K)
[333.037s][info][gc             ] GC(337) Pause Young (Allocation Failure) 611M->7M(3708M) 0.640ms
[333.037s][info][gc,cpu         ] GC(337) User=0.00s Sys=0.00s Real=0.00s
[333.140s][info][gc,start       ] GC(338) Pause Young (Allocation Failure)
[333.140s][info][gc,heap        ] GC(338) PSYoungGen: 619936K->384K(1050112K)
[333.140s][info][gc,heap        ] GC(338) ParOldGen: 6762K->6858K(2796544K)
[333.141s][info][gc,metaspace   ] GC(338) Metaspace: 25554K(26496K)->25554K(26496K) NonClass: 22280K(22784K)->22280K(22784K) Class: 3274K(3712K)->3274K(3712K)
[333.141s][info][gc             ] GC(338) Pause Young (Allocation Failure) 612M->7M(3756M) 0.553ms
[333.141s][info][gc,cpu         ] GC(338) User=0.00s Sys=0.00s Real=0.00s
[333.253s][info][gc,start       ] GC(339) Pause Young (Allocation Failure)
[333.253s][info][gc,heap        ] GC(339) PSYoungGen: 685440K->352K(1032704K)
[333.253s][info][gc,heap        ] GC(339) ParOldGen: 6858K->6986K(2796544K)
[333.253s][info][gc,metaspace   ] GC(339) Metaspace: 25554K(26496K)->25554K(26496K) NonClass: 22280K(22784K)->22280K(22784K) Class: 3274K(3712K)->3274K(3712K)
[333.253s][info][gc             ] GC(339) Pause Young (Allocation Failure) 676M->7M(3739M) 0.558ms
[333.253s][info][gc,cpu         ] GC(339) User=0.00s Sys=0.00s Real=0.00s
[333.401s][info][gc,start       ] GC(340) Pause Young (Allocation Failure)
[333.410s][info][gc,heap        ] GC(340) PSYoungGen: 685408K->28114K(1089024K)
[333.411s][info][gc,heap        ] GC(340) ParOldGen: 6986K->7026K(2796544K)
[333.411s][info][gc,metaspace   ] GC(340) Metaspace: 25554K(26496K)->25554K(26496K) NonClass: 22280K(22784K)->22280K(22784K) Class: 3274K(3712K)->3274K(3712K)
[333.411s][info][gc             ] GC(340) Pause Young (Allocation Failure) 676M->34M(3794M) 9.852ms
[333.411s][info][gc,cpu         ] GC(340) User=0.02s Sys=0.00s Real=0.02s
[334.611s][info][gc,start       ] GC(341) Pause Young (Allocation Failure)
[334.611s][info][gc,heap        ] GC(341) PSYoungGen: 786386K->640K(1067008K)
[334.611s][info][gc,heap        ] GC(341) ParOldGen: 7026K->7098K(2796544K)
[334.611s][info][gc,metaspace   ] GC(341) Metaspace: 25554K(26496K)->25554K(26496K) NonClass: 22280K(22784K)->22280K(22784K) Class: 3274K(3712K)->3274K(3712K)
[334.611s][info][gc             ] GC(341) Pause Young (Allocation Failure) 774M->7M(3773M) 0.605ms
[334.611s][info][gc,cpu         ] GC(341) User=0.00s Sys=0.00s Real=0.00s
[338.954s][info][gc,start       ] GC(342) Pause Young (Allocation Failure)
[339.064s][info][gc,heap        ] GC(342) PSYoungGen: 758912K->268512K(992256K)
[339.064s][info][gc,heap        ] GC(342) ParOldGen: 7098K->7106K(2796544K)
[339.064s][info][gc,metaspace   ] GC(342) Metaspace: 25554K(26496K)->25554K(26496K) NonClass: 22280K(22784K)->22280K(22784K) Class: 3274K(3712K)->3274K(3712K)
[339.064s][info][gc             ] GC(342) Pause Young (Allocation Failure) 748M->269M(3700M) 109.964ms
[339.064s][info][gc,cpu         ] GC(342) User=0.59s Sys=0.00s Real=0.11s
[339.874s][info][gc,start       ] GC(343) Pause Young (Allocation Failure)
[340.078s][info][gc,heap        ] GC(343) PSYoungGen: 967904K->193514K(892928K)
[340.078s][info][gc,heap        ] GC(343) ParOldGen: 7106K->248490K(2796544K)
[340.078s][info][gc,metaspace   ] GC(343) Metaspace: 25554K(26496K)->25554K(26496K) NonClass: 22280K(22784K)->22280K(22784K) Class: 3274K(3712K)->3274K(3712K)
[340.078s][info][gc             ] GC(343) Pause Young (Allocation Failure) 952M->431M(3603M) 204.317ms
[340.078s][info][gc,cpu         ] GC(343) User=1.19s Sys=0.00s Real=0.20s
[341.130s][info][gc,start       ] GC(344) Pause Young (System.gc())
[341.135s][info][gc,heap        ] GC(344) PSYoungGen: 557598K->64K(1044992K)
[341.135s][info][gc,heap        ] GC(344) ParOldGen: 248490K->250738K(2796544K)
[341.135s][info][gc,metaspace   ] GC(344) Metaspace: 25554K(26496K)->25554K(26496K) NonClass: 22280K(22784K)->22280K(22784K) Class: 3274K(3712K)->3274K(3712K)
[341.135s][info][gc             ] GC(344) Pause Young (System.gc()) 787M->244M(3751M) 5.908ms
[341.135s][info][gc,cpu         ] GC(344) User=0.00s Sys=0.00s Real=0.00s
[341.135s][info][gc,start       ] GC(345) Pause Full (System.gc())
[341.136s][info][gc,phases,start] GC(345) Marking Phase
[341.141s][info][gc,phases      ] GC(345) Marking Phase 5.233ms
[341.141s][info][gc,phases,start] GC(345) Summary Phase
[341.141s][info][gc,phases      ] GC(345) Summary Phase 0.011ms
[341.141s][info][gc,phases,start] GC(345) Adjust Roots
[341.143s][info][gc,phases      ] GC(345) Adjust Roots 2.532ms
[341.143s][info][gc,phases,start] GC(345) Compaction Phase
[341.146s][info][gc,phases      ] GC(345) Compaction Phase 2.167ms
[341.146s][info][gc,phases,start] GC(345) Post Compact
[341.147s][info][gc,phases      ] GC(345) Post Compact 1.613ms
[341.147s][info][gc,heap        ] GC(345) PSYoungGen: 64K->0K(1044992K)
[341.147s][info][gc,heap        ] GC(345) ParOldGen: 250738K->6458K(2796544K)
[341.147s][info][gc,metaspace   ] GC(345) Metaspace: 25554K(26496K)->25554K(26496K) NonClass: 22280K(22784K)->22280K(22784K) Class: 3274K(3712K)->3274K(3712K)
[341.147s][info][gc             ] GC(345) Pause Full (System.gc()) 244M->6M(3751M) 11.867ms
[341.147s][info][gc,cpu         ] GC(345) User=0.00s Sys=0.00s Real=0.01s
[342.864s][info][gc,start       ] GC(346) Pause Young (Allocation Failure)
[342.865s][info][gc,heap        ] GC(346) PSYoungGen: 678400K->704K(1031168K)
[342.865s][info][gc,heap        ] GC(346) ParOldGen: 6458K->6458K(2796544K)
[342.865s][info][gc,metaspace   ] GC(346) Metaspace: 25554K(26496K)->25554K(26496K) NonClass: 22280K(22784K)->22280K(22784K) Class: 3274K(3712K)->3274K(3712K)
[342.865s][info][gc             ] GC(346) Pause Young (Allocation Failure) 668M->6M(3738M) 0.728ms
[342.865s][info][gc,cpu         ] GC(346) User=0.00s Sys=0.00s Real=0.00s
[342.974s][info][gc,start       ] GC(347) Pause Young (Allocation Failure)
[342.975s][info][gc,heap        ] GC(347) PSYoungGen: 679104K->448K(1075712K)
[342.975s][info][gc,heap        ] GC(347) ParOldGen: 6458K->6730K(2796544K)
[342.975s][info][gc,metaspace   ] GC(347) Metaspace: 25554K(26496K)->25554K(26496K) NonClass: 22280K(22784K)->22280K(22784K) Class: 3274K(3712K)->3274K(3712K)
[342.975s][info][gc             ] GC(347) Pause Young (Allocation Failure) 669M->7M(3781M) 0.743ms
[342.975s][info][gc,cpu         ] GC(347) User=0.00s Sys=0.00s Real=0.00s
[343.096s][info][gc,start       ] GC(348) Pause Young (Allocation Failure)
[343.096s][info][gc,heap        ] GC(348) PSYoungGen: 738752K->352K(1060352K)
[343.096s][info][gc,heap        ] GC(348) ParOldGen: 6730K->6842K(2796544K)
[343.096s][info][gc,metaspace   ] GC(348) Metaspace: 25554K(26496K)->25554K(26496K) NonClass: 22280K(22784K)->22280K(22784K) Class: 3274K(3712K)->3274K(3712K)
[343.096s][info][gc             ] GC(348) Pause Young (Allocation Failure) 728M->7M(3766M) 0.567ms
[343.096s][info][gc,cpu         ] GC(348) User=0.00s Sys=0.00s Real=0.00s
[343.221s][info][gc,start       ] GC(349) Pause Young (Allocation Failure)
[343.221s][info][gc,heap        ] GC(349) PSYoungGen: 738656K->448K(1106944K)
[343.221s][info][gc,heap        ] GC(349) ParOldGen: 6842K->6882K(2796544K)
[343.221s][info][gc,metaspace   ] GC(349) Metaspace: 25554K(26496K)->25554K(26496K) NonClass: 22280K(22784K)->22280K(22784K) Class: 3274K(3712K)->3274K(3712K)
[343.221s][info][gc             ] GC(349) Pause Young (Allocation Failure) 728M->7M(3812M) 0.644ms
[343.221s][info][gc,cpu         ] GC(349) User=0.00s Sys=0.00s Real=0.00s
[343.913s][info][gc,start       ] GC(350) Pause Young (Allocation Failure)
[344.052s][info][gc,heap        ] GC(350) PSYoungGen: 800704K->290802K(1091072K)
[344.052s][info][gc,heap        ] GC(350) ParOldGen: 6882K->44698K(2796544K)
[344.052s][info][gc,metaspace   ] GC(350) Metaspace: 25554K(26496K)->25554K(26496K) NonClass: 22280K(22784K)->22280K(22784K) Class: 3274K(3712K)->3274K(3712K)
[344.052s][info][gc             ] GC(350) Pause Young (Allocation Failure) 788M->327M(3796M) 139.822ms
[344.052s][info][gc,cpu         ] GC(350) User=0.75s Sys=0.00s Real=0.14s
[348.344s][info][gc,start       ] GC(351) Pause Young (Allocation Failure)
[348.524s][info][gc,heap        ] GC(351) PSYoungGen: 1091058K->185088K(943616K)
[348.524s][info][gc,heap        ] GC(351) ParOldGen: 44698K->231971K(2796544K)
[348.524s][info][gc,metaspace   ] GC(351) Metaspace: 25554K(26496K)->25554K(26496K) NonClass: 22280K(22784K)->22280K(22784K) Class: 3274K(3712K)->3274K(3712K)
[348.524s][info][gc             ] GC(351) Pause Young (Allocation Failure) 1109M->407M(3652M) 180.258ms
[348.524s][info][gc,cpu         ] GC(351) User=1.03s Sys=0.00s Real=0.19s
[348.926s][info][gc,start       ] GC(352) Pause Young (Allocation Failure)
[349.128s][info][gc,heap        ] GC(352) PSYoungGen: 822016K->271441K(908800K)
[349.128s][info][gc,heap        ] GC(352) ParOldGen: 231971K->412915K(2796544K)
[349.128s][info][gc,metaspace   ] GC(352) Metaspace: 25554K(26496K)->25554K(26496K) NonClass: 22280K(22784K)->22280K(22784K) Class: 3274K(3712K)->3274K(3712K)
[349.128s][info][gc             ] GC(352) Pause Young (Allocation Failure) 1029M->668M(3618M) 201.918ms
[349.128s][info][gc,cpu         ] GC(352) User=1.12s Sys=0.00s Real=0.20s
[350.587s][info][gc,start       ] GC(353) Pause Young (Allocation Failure)
[350.597s][info][gc,heap        ] GC(353) PSYoungGen: 908369K->4352K(992768K)
[350.597s][info][gc,heap        ] GC(353) ParOldGen: 412915K->412915K(2796544K)
[350.597s][info][gc,metaspace   ] GC(353) Metaspace: 25554K(26496K)->25554K(26496K) NonClass: 22280K(22784K)->22280K(22784K) Class: 3274K(3712K)->3274K(3712K)
[350.597s][info][gc             ] GC(353) Pause Young (Allocation Failure) 1290M->407M(3700M) 10.665ms
[350.598s][info][gc,cpu         ] GC(353) User=0.02s Sys=0.00s Real=0.02s
[350.767s][info][gc,start       ] GC(354) Pause Young (System.gc())
[350.770s][info][gc,heap        ] GC(354) PSYoungGen: 27647K->64K(978944K)
[350.770s][info][gc,heap        ] GC(354) ParOldGen: 412915K->415171K(2796544K)
[350.770s][info][gc,metaspace   ] GC(354) Metaspace: 25554K(26496K)->25554K(26496K) NonClass: 22280K(22784K)->22280K(22784K) Class: 3274K(3712K)->3274K(3712K)
[350.770s][info][gc             ] GC(354) Pause Young (System.gc()) 430M->405M(3687M) 2.897ms
[350.770s][info][gc,cpu         ] GC(354) User=0.00s Sys=0.00s Real=0.02s
[350.770s][info][gc,start       ] GC(355) Pause Full (System.gc())
[350.770s][info][gc,phases,start] GC(355) Marking Phase
[350.775s][info][gc,phases      ] GC(355) Marking Phase 4.959ms
[350.775s][info][gc,phases,start] GC(355) Summary Phase
[350.775s][info][gc,phases      ] GC(355) Summary Phase 0.013ms
[350.775s][info][gc,phases,start] GC(355) Adjust Roots
[350.778s][info][gc,phases      ] GC(355) Adjust Roots 2.575ms
[350.778s][info][gc,phases,start] GC(355) Compaction Phase
[350.780s][info][gc,phases      ] GC(355) Compaction Phase 2.489ms
[350.780s][info][gc,phases,start] GC(355) Post Compact
[350.782s][info][gc,phases      ] GC(355) Post Compact 2.175ms
[350.783s][info][gc,heap        ] GC(355) PSYoungGen: 64K->0K(978944K)
[350.783s][info][gc,heap        ] GC(355) ParOldGen: 415171K->6458K(2796544K)
[350.783s][info][gc,metaspace   ] GC(355) Metaspace: 25554K(26496K)->25554K(26496K) NonClass: 22280K(22784K)->22280K(22784K) Class: 3274K(3712K)->3274K(3712K)
[350.783s][info][gc             ] GC(355) Pause Full (System.gc()) 405M->6M(3687M) 12.511ms
[350.783s][info][gc,cpu         ] GC(355) User=0.02s Sys=0.00s Real=0.01s
[352.498s][info][gc,start       ] GC(356) Pause Young (Allocation Failure)
[352.499s][info][gc,heap        ] GC(356) PSYoungGen: 573952K->640K(1022976K)
[352.499s][info][gc,heap        ] GC(356) ParOldGen: 6458K->6458K(2796544K)
[352.499s][info][gc,metaspace   ] GC(356) Metaspace: 25556K(26496K)->25556K(26496K) NonClass: 22281K(22784K)->22281K(22784K) Class: 3274K(3712K)->3274K(3712K)
[352.499s][info][gc             ] GC(356) Pause Young (Allocation Failure) 566M->6M(3730M) 0.656ms
[352.499s][info][gc,cpu         ] GC(356) User=0.00s Sys=0.00s Real=0.00s
[352.601s][info][gc,start       ] GC(357) Pause Young (Allocation Failure)
[352.602s][info][gc,heap        ] GC(357) PSYoungGen: 632960K->448K(1007104K)
[352.602s][info][gc,heap        ] GC(357) ParOldGen: 6458K->6770K(2796544K)
[352.602s][info][gc,metaspace   ] GC(357) Metaspace: 25556K(26496K)->25556K(26496K) NonClass: 22281K(22784K)->22281K(22784K) Class: 3274K(3712K)->3274K(3712K)
[352.602s][info][gc             ] GC(357) Pause Young (Allocation Failure) 624M->7M(3714M) 0.774ms
[352.602s][info][gc,cpu         ] GC(357) User=0.00s Sys=0.00s Real=0.00s
[352.706s][info][gc,start       ] GC(358) Pause Young (Allocation Failure)
[352.707s][info][gc,heap        ] GC(358) PSYoungGen: 632768K->320K(1056256K)
[352.707s][info][gc,heap        ] GC(358) ParOldGen: 6770K->6866K(2796544K)
[352.707s][info][gc,metaspace   ] GC(358) Metaspace: 25556K(26496K)->25556K(26496K) NonClass: 22281K(22784K)->22281K(22784K) Class: 3274K(3712K)->3274K(3712K)
[352.707s][info][gc             ] GC(358) Pause Young (Allocation Failure) 624M->7M(3762M) 0.545ms
[352.707s][info][gc,cpu         ] GC(358) User=0.00s Sys=0.00s Real=0.00s
[352.823s][info][gc,start       ] GC(359) Pause Young (Allocation Failure)
[352.824s][info][gc,heap        ] GC(359) PSYoungGen: 698176K->352K(1039360K)
[352.824s][info][gc,heap        ] GC(359) ParOldGen: 6866K->6914K(2796544K)
[352.824s][info][gc,metaspace   ] GC(359) Metaspace: 25556K(26496K)->25556K(26496K) NonClass: 22281K(22784K)->22281K(22784K) Class: 3274K(3712K)->3274K(3712K)
[352.824s][info][gc             ] GC(359) Pause Young (Allocation Failure) 688M->7M(3746M) 0.577ms
[352.824s][info][gc,cpu         ] GC(359) User=0.00s Sys=0.00s Real=0.00s
[353.045s][info][gc,start       ] GC(360) Pause Young (Allocation Failure)
[353.074s][info][gc,heap        ] GC(360) PSYoungGen: 698208K->73522K(1093632K)
[353.074s][info][gc,heap        ] GC(360) ParOldGen: 6914K->7018K(2796544K)
[353.074s][info][gc,metaspace   ] GC(360) Metaspace: 25556K(26496K)->25556K(26496K) NonClass: 22281K(22784K)->22281K(22784K) Class: 3274K(3712K)->3274K(3712K)
[353.074s][info][gc             ] GC(360) Pause Young (Allocation Failure) 688M->78M(3799M) 28.550ms
[353.074s][info][gc,cpu         ] GC(360) User=0.03s Sys=0.00s Real=0.03s
[355.391s][info][gc,start       ] GC(361) Pause Young (Allocation Failure)
[355.391s][info][gc,heap        ] GC(361) PSYoungGen: 842546K->704K(1073152K)
[355.391s][info][gc,heap        ] GC(361) ParOldGen: 7018K->7050K(2796544K)
[355.391s][info][gc,metaspace   ] GC(361) Metaspace: 25556K(26496K)->25556K(26496K) NonClass: 22281K(22784K)->22281K(22784K) Class: 3274K(3712K)->3274K(3712K)
[355.391s][info][gc             ] GC(361) Pause Young (Allocation Failure) 829M->7M(3779M) 0.608ms
[355.391s][info][gc,cpu         ] GC(361) User=0.00s Sys=0.00s Real=0.00s
[358.249s][info][gc,start       ] GC(362) Pause Young (Allocation Failure)
[358.385s][info][gc,heap        ] GC(362) PSYoungGen: 769728K->289280K(968192K)
[358.385s][info][gc,heap        ] GC(362) ParOldGen: 7050K->23746K(2796544K)
[358.385s][info][gc,metaspace   ] GC(362) Metaspace: 25556K(26496K)->25556K(26496K) NonClass: 22281K(22784K)->22281K(22784K) Class: 3274K(3712K)->3274K(3712K)
[358.385s][info][gc             ] GC(362) Pause Young (Allocation Failure) 758M->305M(3676M) 135.983ms
[358.385s][info][gc,cpu         ] GC(362) User=0.73s Sys=0.00s Real=0.14s
[359.217s][info][gc,start       ] GC(363) Pause Young (Allocation Failure)
[359.422s][info][gc,heap        ] GC(363) PSYoungGen: 968192K->147512K(1038336K)
[359.422s][info][gc,heap        ] GC(363) ParOldGen: 23746K->287330K(2796544K)
[359.422s][info][gc,metaspace   ] GC(363) Metaspace: 25556K(26496K)->25556K(26496K) NonClass: 22281K(22784K)->22281K(22784K) Class: 3274K(3712K)->3274K(3712K)
[359.422s][info][gc             ] GC(363) Pause Young (Allocation Failure) 968M->424M(3745M) 205.288ms
[359.422s][info][gc,cpu         ] GC(363) User=1.12s Sys=0.00s Real=0.20s
[360.403s][info][gc,start       ] GC(364) Pause Young (System.gc())
[360.409s][info][gc,heap        ] GC(364) PSYoungGen: 441235K->64K(1053696K)
[360.409s][info][gc,heap        ] GC(364) ParOldGen: 287330K->289586K(2796544K)
[360.409s][info][gc,metaspace   ] GC(364) Metaspace: 25556K(26496K)->25556K(26496K) NonClass: 22281K(22784K)->22281K(22784K) Class: 3274K(3712K)->3274K(3712K)
[360.409s][info][gc             ] GC(364) Pause Young (System.gc()) 711M->282M(3760M) 5.915ms
[360.409s][info][gc,cpu         ] GC(364) User=0.00s Sys=0.00s Real=0.01s
[360.409s][info][gc,start       ] GC(365) Pause Full (System.gc())
[360.409s][info][gc,phases,start] GC(365) Marking Phase
[360.414s][info][gc,phases      ] GC(365) Marking Phase 5.039ms
[360.414s][info][gc,phases,start] GC(365) Summary Phase
[360.414s][info][gc,phases      ] GC(365) Summary Phase 0.013ms
[360.414s][info][gc,phases,start] GC(365) Adjust Roots
[360.417s][info][gc,phases      ] GC(365) Adjust Roots 2.584ms
[360.417s][info][gc,phases,start] GC(365) Compaction Phase
[360.419s][info][gc,phases      ] GC(365) Compaction Phase 1.976ms
[360.419s][info][gc,phases,start] GC(365) Post Compact
[360.421s][info][gc,phases      ] GC(365) Post Compact 1.655ms
[360.421s][info][gc,heap        ] GC(365) PSYoungGen: 64K->0K(1053696K)
[360.421s][info][gc,heap        ] GC(365) ParOldGen: 289586K->6458K(2796544K)
[360.421s][info][gc,metaspace   ] GC(365) Metaspace: 25556K(26496K)->25556K(26496K) NonClass: 22281K(22784K)->22281K(22784K) Class: 3274K(3712K)->3274K(3712K)
[360.421s][info][gc             ] GC(365) Pause Full (System.gc()) 282M->6M(3760M) 11.546ms
[360.421s][info][gc,cpu         ] GC(365) User=0.02s Sys=0.00s Real=0.01s
[362.012s][info][gc,start       ] GC(366) Pause Young (Allocation Failure)
[362.012s][info][gc,heap        ] GC(366) PSYoungGen: 696832K->480K(1040896K)
[362.012s][info][gc,heap        ] GC(366) ParOldGen: 6458K->6458K(2796544K)
[362.012s][info][gc,metaspace   ] GC(366) Metaspace: 25556K(26496K)->25556K(26496K) NonClass: 22282K(22784K)->22282K(22784K) Class: 3274K(3712K)->3274K(3712K)
[362.012s][info][gc             ] GC(366) Pause Young (Allocation Failure) 686M->6M(3747M) 0.577ms
[362.013s][info][gc,cpu         ] GC(366) User=0.00s Sys=0.00s Real=0.00s
[362.126s][info][gc,start       ] GC(367) Pause Young (Allocation Failure)
[362.127s][info][gc,heap        ] GC(367) PSYoungGen: 697312K->512K(1081856K)
[362.127s][info][gc,heap        ] GC(367) ParOldGen: 6458K->6618K(2796544K)
[362.127s][info][gc,metaspace   ] GC(367) Metaspace: 25556K(26496K)->25556K(26496K) NonClass: 22282K(22784K)->22282K(22784K) Class: 3274K(3712K)->3274K(3712K)
[362.127s][info][gc             ] GC(367) Pause Young (Allocation Failure) 687M->6M(3787M) 0.647ms
[362.127s][info][gc,cpu         ] GC(367) User=0.00s Sys=0.00s Real=0.00s
[362.251s][info][gc,start       ] GC(368) Pause Young (Allocation Failure)
[362.252s][info][gc,heap        ] GC(368) PSYoungGen: 752128K->352K(1067520K)
[362.252s][info][gc,heap        ] GC(368) ParOldGen: 6618K->6666K(2796544K)
[362.252s][info][gc,metaspace   ] GC(368) Metaspace: 25556K(26496K)->25556K(26496K) NonClass: 22282K(22784K)->22282K(22784K) Class: 3274K(3712K)->3274K(3712K)
[362.252s][info][gc             ] GC(368) Pause Young (Allocation Failure) 740M->6M(3773M) 0.542ms
[362.252s][info][gc,cpu         ] GC(368) User=0.00s Sys=0.00s Real=0.00s
[362.377s][info][gc,start       ] GC(369) Pause Young (Allocation Failure)
[362.378s][info][gc,heap        ] GC(369) PSYoungGen: 751968K->224K(1111552K)
[362.378s][info][gc,heap        ] GC(369) ParOldGen: 6666K->6722K(2796544K)
[362.378s][info][gc,metaspace   ] GC(369) Metaspace: 25556K(26496K)->25556K(26496K) NonClass: 22282K(22784K)->22282K(22784K) Class: 3274K(3712K)->3274K(3712K)
[362.378s][info][gc             ] GC(369) Pause Young (Allocation Failure) 740M->6M(3816M) 0.744ms
[362.378s][info][gc,cpu         ] GC(369) User=0.00s Sys=0.00s Real=0.00s
[363.165s][info][gc,start       ] GC(370) Pause Young (Allocation Failure)
[363.340s][info][gc,heap        ] GC(370) PSYoungGen: 810720K->286194K(1096704K)
[363.340s][info][gc,heap        ] GC(370) ParOldGen: 6722K->99090K(2796544K)
[363.340s][info][gc,metaspace   ] GC(370) Metaspace: 25556K(26496K)->25556K(26496K) NonClass: 22282K(22784K)->22282K(22784K) Class: 3274K(3712K)->3274K(3712K)
[363.340s][info][gc             ] GC(370) Pause Young (Allocation Failure) 798M->376M(3802M) 174.312ms
[363.340s][info][gc,cpu         ] GC(370) User=0.97s Sys=0.00s Real=0.17s
[367.708s][info][gc,start       ] GC(371) Pause Young (Allocation Failure)
[367.926s][info][gc,heap        ] GC(371) PSYoungGen: 1096690K->240256K(874496K)
[367.926s][info][gc,heap        ] GC(371) ParOldGen: 99090K->307741K(2796544K)
[367.927s][info][gc,metaspace   ] GC(371) Metaspace: 25556K(26496K)->25556K(26496K) NonClass: 22282K(22784K)->22282K(22784K) Class: 3274K(3712K)->3274K(3712K)
[367.927s][info][gc             ] GC(371) Pause Young (Allocation Failure) 1167M->535M(3585M) 218.155ms
[367.927s][info][gc,cpu         ] GC(371) User=1.20s Sys=0.00s Real=0.22s
[368.305s][info][gc,start       ] GC(372) Pause Young (Allocation Failure)
[368.541s][info][gc,heap        ] GC(372) PSYoungGen: 813696K->251857K(825344K)
[368.541s][info][gc,heap        ] GC(372) ParOldGen: 307741K->543445K(2796544K)
[368.541s][info][gc,metaspace   ] GC(372) Metaspace: 25556K(26496K)->25556K(26496K) NonClass: 22282K(22784K)->22282K(22784K) Class: 3274K(3712K)->3274K(3712K)
[368.541s][info][gc             ] GC(372) Pause Young (Allocation Failure) 1095M->776M(3537M) 236.210ms
[368.541s][info][gc,cpu         ] GC(372) User=1.38s Sys=0.00s Real=0.24s
[369.659s][info][gc,start       ] GC(373) Pause Young (Allocation Failure)
[369.671s][info][gc,heap        ] GC(373) PSYoungGen: 825297K->4320K(973824K)
[369.671s][info][gc,heap        ] GC(373) ParOldGen: 543445K->543445K(2796544K)
[369.671s][info][gc,metaspace   ] GC(373) Metaspace: 25556K(26496K)->25556K(26496K) NonClass: 22282K(22784K)->22282K(22784K) Class: 3274K(3712K)->3274K(3712K)
[369.671s][info][gc             ] GC(373) Pause Young (Allocation Failure) 1336M->534M(3682M) 12.240ms
[369.671s][info][gc,cpu         ] GC(373) User=0.02s Sys=0.00s Real=0.02s
[370.183s][info][gc,start       ] GC(374) Pause Young (System.gc())
[370.186s][info][gc,heap        ] GC(374) PSYoungGen: 75570K->32K(960512K)
[370.187s][info][gc,heap        ] GC(374) ParOldGen: 543445K->545709K(2796544K)
[370.187s][info][gc,metaspace   ] GC(374) Metaspace: 25556K(26496K)->25556K(26496K) NonClass: 22282K(22784K)->22282K(22784K) Class: 3274K(3712K)->3274K(3712K)
[370.187s][info][gc             ] GC(374) Pause Young (System.gc()) 604M->532M(3669M) 3.221ms
[370.187s][info][gc,cpu         ] GC(374) User=0.00s Sys=0.00s Real=0.00s
[370.187s][info][gc,start       ] GC(375) Pause Full (System.gc())
[370.187s][info][gc,phases,start] GC(375) Marking Phase
[370.192s][info][gc,phases      ] GC(375) Marking Phase 5.002ms
[370.200s][info][gc,phases,start] GC(375) Summary Phase
[370.200s][info][gc,phases      ] GC(375) Summary Phase 0.061ms
[370.200s][info][gc,phases,start] GC(375) Adjust Roots
[370.203s][info][gc,phases      ] GC(375) Adjust Roots 2.809ms
[370.203s][info][gc,phases,start] GC(375) Compaction Phase
[370.205s][info][gc,phases      ] GC(375) Compaction Phase 2.214ms
[370.205s][info][gc,phases,start] GC(375) Post Compact
[370.207s][info][gc,phases      ] GC(375) Post Compact 1.500ms
[370.207s][info][gc,heap        ] GC(375) PSYoungGen: 32K->0K(960512K)
[370.207s][info][gc,heap        ] GC(375) ParOldGen: 545709K->6458K(2796544K)
[370.207s][info][gc,metaspace   ] GC(375) Metaspace: 25556K(26496K)->25556K(26496K) NonClass: 22282K(22784K)->22282K(22784K) Class: 3274K(3712K)->3274K(3712K)
[370.207s][info][gc             ] GC(375) Pause Full (System.gc()) 532M->6M(3669M) 20.220ms
[370.207s][info][gc,cpu         ] GC(375) User=0.02s Sys=0.00s Real=0.03s
[371.936s][info][gc,start       ] GC(376) Pause Young (Allocation Failure)
[371.937s][info][gc,heap        ] GC(376) PSYoungGen: 536576K->704K(1004544K)
[371.937s][info][gc,heap        ] GC(376) ParOldGen: 6458K->6458K(2796544K)
[371.937s][info][gc,metaspace   ] GC(376) Metaspace: 25558K(26496K)->25558K(26496K) NonClass: 22284K(22784K)->22284K(22784K) Class: 3274K(3712K)->3274K(3712K)
[371.937s][info][gc             ] GC(376) Pause Young (Allocation Failure) 530M->6M(3712M) 0.722ms
[371.937s][info][gc,cpu         ] GC(376) User=0.00s Sys=0.00s Real=0.00s
[372.034s][info][gc,start       ] GC(377) Pause Young (Allocation Failure)
[372.035s][info][gc,heap        ] GC(377) PSYoungGen: 596160K->416K(988672K)
[372.035s][info][gc,heap        ] GC(377) ParOldGen: 6458K->6714K(2796544K)
[372.035s][info][gc,metaspace   ] GC(377) Metaspace: 25558K(26496K)->25558K(26496K) NonClass: 22284K(22784K)->22284K(22784K) Class: 3274K(3712K)->3274K(3712K)
[372.035s][info][gc             ] GC(377) Pause Young (Allocation Failure) 588M->6M(3696M) 0.630ms
[372.035s][info][gc,cpu         ] GC(377) User=0.00s Sys=0.00s Real=0.00s
[372.133s][info][gc,start       ] GC(378) Pause Young (Allocation Failure)
[372.134s][info][gc,heap        ] GC(378) PSYoungGen: 595872K->416K(1038336K)
[372.134s][info][gc,heap        ] GC(378) ParOldGen: 6714K->6818K(2796544K)
[372.134s][info][gc,metaspace   ] GC(378) Metaspace: 25558K(26496K)->25558K(26496K) NonClass: 22284K(22784K)->22284K(22784K) Class: 3274K(3712K)->3274K(3712K)
[372.134s][info][gc             ] GC(378) Pause Young (Allocation Failure) 588M->7M(3745M) 0.645ms
[372.134s][info][gc,cpu         ] GC(378) User=0.00s Sys=0.00s Real=0.00s
[372.242s][info][gc,start       ] GC(379) Pause Young (Allocation Failure)
[372.243s][info][gc,heap        ] GC(379) PSYoungGen: 662432K->224K(1021440K)
[372.243s][info][gc,heap        ] GC(379) ParOldGen: 6818K->6882K(2796544K)
[372.243s][info][gc,metaspace   ] GC(379) Metaspace: 25558K(26496K)->25558K(26496K) NonClass: 22284K(22784K)->22284K(22784K) Class: 3274K(3712K)->3274K(3712K)
[372.243s][info][gc             ] GC(379) Pause Young (Allocation Failure) 653M->6M(3728M) 0.490ms
[372.243s][info][gc,cpu         ] GC(379) User=0.00s Sys=0.00s Real=0.00s
[372.357s][info][gc,start       ] GC(380) Pause Young (Allocation Failure)
[372.358s][info][gc,heap        ] GC(380) PSYoungGen: 662240K->320K(1073664K)
[372.358s][info][gc,heap        ] GC(380) ParOldGen: 6882K->6922K(2796544K)
[372.358s][info][gc,metaspace   ] GC(380) Metaspace: 25558K(26496K)->25558K(26496K) NonClass: 22284K(22784K)->22284K(22784K) Class: 3274K(3712K)->3274K(3712K)
[372.358s][info][gc             ] GC(380) Pause Young (Allocation Failure) 653M->7M(3779M) 0.599ms
[372.358s][info][gc,cpu         ] GC(380) User=0.00s Sys=0.00s Real=0.00s
[373.208s][info][gc,start       ] GC(381) Pause Young (Allocation Failure)
[373.398s][info][gc,heap        ] GC(381) PSYoungGen: 732480K->324067K(1056256K)
[373.398s][info][gc,heap        ] GC(381) ParOldGen: 6922K->105002K(2796544K)
[373.399s][info][gc,metaspace   ] GC(381) Metaspace: 25558K(26496K)->25558K(26496K) NonClass: 22284K(22784K)->22284K(22784K) Class: 3274K(3712K)->3274K(3712K)
[373.399s][info][gc             ] GC(381) Pause Young (Allocation Failure) 722M->419M(3762M) 190.621ms
[373.399s][info][gc,cpu         ] GC(381) User=1.06s Sys=0.00s Real=0.19s
[377.721s][info][gc,start       ] GC(382) Pause Young (Allocation Failure)
[377.935s][info][gc,heap        ] GC(382) PSYoungGen: 1056227K->212512K(852480K)
[377.935s][info][gc,heap        ] GC(382) ParOldGen: 105002K->338500K(2796544K)
[377.936s][info][gc,metaspace   ] GC(382) Metaspace: 25558K(26496K)->25558K(26496K) NonClass: 22284K(22784K)->22284K(22784K) Class: 3274K(3712K)->3274K(3712K)
[377.936s][info][gc             ] GC(382) Pause Young (Allocation Failure) 1134M->538M(3563M) 214.691ms
[377.936s][info][gc,cpu         ] GC(382) User=1.09s Sys=0.02s Real=0.22s
[378.236s][info][gc,start       ] GC(383) Pause Young (Allocation Failure)
[378.433s][info][gc,heap        ] GC(383) PSYoungGen: 723488K->212096K(723456K)
[378.433s][info][gc,heap        ] GC(383) ParOldGen: 338500K->548092K(2796544K)
[378.433s][info][gc,metaspace   ] GC(383) Metaspace: 25558K(26496K)->25558K(26496K) NonClass: 22284K(22784K)->22284K(22784K) Class: 3274K(3712K)->3274K(3712K)
[378.433s][info][gc             ] GC(383) Pause Young (Allocation Failure) 1037M->742M(3437M) 197.127ms
[378.433s][info][gc,cpu         ] GC(383) User=1.12s Sys=0.00s Real=0.19s
[379.175s][info][gc,start       ] GC(384) Pause Young (Allocation Failure)
[379.301s][info][gc,heap        ] GC(384) PSYoungGen: 723072K->29429K(967168K)
[379.301s][info][gc,heap        ] GC(384) ParOldGen: 548092K->739284K(2796544K)
[379.301s][info][gc,metaspace   ] GC(384) Metaspace: 25558K(26496K)->25558K(26496K) NonClass: 22284K(22784K)->22284K(22784K) Class: 3274K(3712K)->3274K(3712K)
[379.301s][info][gc             ] GC(384) Pause Young (Allocation Failure) 1241M->750M(3675M) 126.390ms
[379.301s][info][gc,cpu         ] GC(384) User=0.73s Sys=0.00s Real=0.12s
[380.178s][info][gc,start       ] GC(385) Pause Young (System.gc())
[380.187s][info][gc,heap        ] GC(385) PSYoungGen: 223477K->128K(948224K)
[380.188s][info][gc,heap        ] GC(385) ParOldGen: 739284K->747428K(2796544K)
[380.188s][info][gc,metaspace   ] GC(385) Metaspace: 25558K(26496K)->25558K(26496K) NonClass: 22284K(22784K)->22284K(22784K) Class: 3274K(3712K)->3274K(3712K)
[380.188s][info][gc             ] GC(385) Pause Young (System.gc()) 940M->730M(3657M) 9.915ms
[380.188s][info][gc,cpu         ] GC(385) User=0.00s Sys=0.00s Real=0.01s
[380.188s][info][gc,start       ] GC(386) Pause Full (System.gc())
[380.188s][info][gc,phases,start] GC(386) Marking Phase
[380.193s][info][gc,phases      ] GC(386) Marking Phase 5.448ms
[380.193s][info][gc,phases,start] GC(386) Summary Phase
[380.193s][info][gc,phases      ] GC(386) Summary Phase 0.019ms
[380.193s][info][gc,phases,start] GC(386) Adjust Roots
[380.196s][info][gc,phases      ] GC(386) Adjust Roots 2.602ms
[380.196s][info][gc,phases,start] GC(386) Compaction Phase
[380.198s][info][gc,phases      ] GC(386) Compaction Phase 2.396ms
[380.198s][info][gc,phases,start] GC(386) Post Compact
[380.200s][info][gc,phases      ] GC(386) Post Compact 1.497ms
[380.200s][info][gc,heap        ] GC(386) PSYoungGen: 128K->0K(948224K)
[380.200s][info][gc,heap        ] GC(386) ParOldGen: 747428K->6458K(2796544K)
[380.200s][info][gc,metaspace   ] GC(386) Metaspace: 25558K(26496K)->25558K(26496K) NonClass: 22284K(22784K)->22284K(22784K) Class: 3274K(3712K)->3274K(3712K)
[380.200s][info][gc             ] GC(386) Pause Full (System.gc()) 730M->6M(3657M) 12.242ms
[380.200s][info][gc,cpu         ] GC(386) User=0.00s Sys=0.00s Real=0.00s
[382.065s][info][gc,start       ] GC(387) Pause Young (Allocation Failure)
[382.065s][info][gc,heap        ] GC(387) PSYoungGen: 517632K->640K(997376K)
[382.065s][info][gc,heap        ] GC(387) ParOldGen: 6458K->6458K(2796544K)
[382.065s][info][gc,metaspace   ] GC(387) Metaspace: 25560K(26496K)->25560K(26496K) NonClass: 22285K(22784K)->22285K(22784K) Class: 3274K(3712K)->3274K(3712K)
[382.065s][info][gc             ] GC(387) Pause Young (Allocation Failure) 511M->6M(3705M) 0.678ms
[382.065s][info][gc,cpu         ] GC(387) User=0.00s Sys=0.00s Real=0.00s
[382.161s][info][gc,start       ] GC(388) Pause Young (Allocation Failure)
[382.161s][info][gc,heap        ] GC(388) PSYoungGen: 581760K->352K(981504K)
[382.161s][info][gc,heap        ] GC(388) ParOldGen: 6458K->6618K(2796544K)
[382.161s][info][gc,metaspace   ] GC(388) Metaspace: 25560K(26496K)->25560K(26496K) NonClass: 22285K(22784K)->22285K(22784K) Class: 3274K(3712K)->3274K(3712K)
[382.161s][info][gc             ] GC(388) Pause Young (Allocation Failure) 574M->6M(3689M) 0.621ms
[382.161s][info][gc,cpu         ] GC(388) User=0.00s Sys=0.00s Real=0.00s
[382.257s][info][gc,start       ] GC(389) Pause Young (Allocation Failure)
[382.257s][info][gc,heap        ] GC(389) PSYoungGen: 581472K->416K(1031680K)
[382.257s][info][gc,heap        ] GC(389) ParOldGen: 6618K->6666K(2796544K)
[382.258s][info][gc,metaspace   ] GC(389) Metaspace: 25560K(26496K)->25560K(26496K) NonClass: 22285K(22784K)->22285K(22784K) Class: 3274K(3712K)->3274K(3712K)
[382.258s][info][gc             ] GC(389) Pause Young (Allocation Failure) 574M->6M(3738M) 0.580ms
[382.258s][info][gc,cpu         ] GC(389) User=0.00s Sys=0.00s Real=0.00s
[382.365s][info][gc,start       ] GC(390) Pause Young (Allocation Failure)
[382.366s][info][gc,heap        ] GC(390) PSYoungGen: 648608K->416K(1014272K)
[382.366s][info][gc,heap        ] GC(390) ParOldGen: 6666K->6682K(2796544K)
[382.366s][info][gc,metaspace   ] GC(390) Metaspace: 25560K(26496K)->25560K(26496K) NonClass: 22285K(22784K)->22285K(22784K) Class: 3274K(3712K)->3274K(3712K)
[382.366s][info][gc             ] GC(390) Pause Young (Allocation Failure) 639M->6M(3721M) 0.942ms
[382.366s][info][gc,cpu         ] GC(390) User=0.00s Sys=0.00s Real=0.00s
[382.478s][info][gc,start       ] GC(391) Pause Young (Allocation Failure)
[382.490s][info][gc,heap        ] GC(391) PSYoungGen: 648608K->320K(1067520K)
[382.490s][info][gc,heap        ] GC(391) ParOldGen: 6682K->6786K(2796544K)
[382.490s][info][gc,metaspace   ] GC(391) Metaspace: 25560K(26496K)->25560K(26496K) NonClass: 22285K(22784K)->22285K(22784K) Class: 3274K(3712K)->3274K(3712K)
[382.490s][info][gc             ] GC(391) Pause Young (Allocation Failure) 639M->6M(3773M) 11.801ms
[382.490s][info][gc,cpu         ] GC(391) User=0.00s Sys=0.00s Real=0.02s
[383.263s][info][gc,start       ] GC(392) Pause Young (Allocation Failure)
[383.432s][info][gc,heap        ] GC(392) PSYoungGen: 719680K->330226K(1049600K)
[383.432s][info][gc,heap        ] GC(392) ParOldGen: 6786K->58554K(2796544K)
[383.432s][info][gc,metaspace   ] GC(392) Metaspace: 25560K(26496K)->25560K(26496K) NonClass: 22285K(22784K)->22285K(22784K) Class: 3274K(3712K)->3274K(3712K)
[383.432s][info][gc             ] GC(392) Pause Young (Allocation Failure) 709M->379M(3756M) 169.468ms
[383.432s][info][gc,cpu         ] GC(392) User=0.91s Sys=0.00s Real=0.17s
[387.797s][info][gc,start       ] GC(393) Pause Young (Allocation Failure)
[387.967s][info][gc,heap        ] GC(393) PSYoungGen: 1049586K->188992K(891904K)
[387.967s][info][gc,heap        ] GC(393) ParOldGen: 58554K->223781K(2796544K)
[387.967s][info][gc,metaspace   ] GC(393) Metaspace: 25560K(26496K)->25560K(26496K) NonClass: 22285K(22784K)->22285K(22784K) Class: 3274K(3712K)->3274K(3712K)
[387.967s][info][gc             ] GC(393) Pause Young (Allocation Failure) 1082M->403M(3602M) 170.095ms
[387.967s][info][gc,cpu         ] GC(393) User=0.89s Sys=0.00s Real=0.17s
[388.285s][info][gc,start       ] GC(394) Pause Young (Allocation Failure)
[388.465s][info][gc,heap        ] GC(394) PSYoungGen: 732736K->225632K(769536K)
[388.465s][info][gc,heap        ] GC(394) ParOldGen: 223781K->410109K(2796544K)
[388.465s][info][gc,metaspace   ] GC(394) Metaspace: 25560K(26496K)->25560K(26496K) NonClass: 22285K(22784K)->22285K(22784K) Class: 3274K(3712K)->3274K(3712K)
[388.465s][info][gc             ] GC(394) Pause Young (Allocation Failure) 934M->620M(3482M) 180.483ms
[388.465s][info][gc,cpu         ] GC(394) User=1.03s Sys=0.00s Real=0.19s
[389.260s][info][gc,start       ] GC(395) Pause Young (Allocation Failure)
[389.400s][info][gc,heap        ] GC(395) PSYoungGen: 769376K->46229K(978432K)
[389.400s][info][gc,heap        ] GC(395) ParOldGen: 410109K->612325K(2796544K)
[389.400s][info][gc,metaspace   ] GC(395) Metaspace: 25560K(26496K)->25560K(26496K) NonClass: 22285K(22784K)->22285K(22784K) Class: 3274K(3712K)->3274K(3712K)
[389.400s][info][gc             ] GC(395) Pause Young (Allocation Failure) 1151M->643M(3686M) 139.612ms
[389.400s][info][gc,cpu         ] GC(395) User=0.66s Sys=0.00s Real=0.13s
[390.283s][info][gc,start       ] GC(396) Pause Young (System.gc())
[390.299s][info][gc,heap        ] GC(396) PSYoungGen: 255031K->96K(956928K)
[390.299s][info][gc,heap        ] GC(396) ParOldGen: 612325K->634917K(2796544K)
[390.299s][info][gc,metaspace   ] GC(396) Metaspace: 25562K(26496K)->25562K(26496K) NonClass: 22287K(22784K)->22287K(22784K) Class: 3274K(3712K)->3274K(3712K)
[390.299s][info][gc             ] GC(396) Pause Young (System.gc()) 847M->620M(3665M) 16.213ms
[390.299s][info][gc,cpu         ] GC(396) User=0.05s Sys=0.00s Real=0.02s
[390.299s][info][gc,start       ] GC(397) Pause Full (System.gc())
[390.299s][info][gc,phases,start] GC(397) Marking Phase
[390.305s][info][gc,phases      ] GC(397) Marking Phase 5.494ms
[390.305s][info][gc,phases,start] GC(397) Summary Phase
[390.305s][info][gc,phases      ] GC(397) Summary Phase 0.013ms
[390.305s][info][gc,phases,start] GC(397) Adjust Roots
[390.308s][info][gc,phases      ] GC(397) Adjust Roots 2.552ms
[390.308s][info][gc,phases,start] GC(397) Compaction Phase
[390.310s][info][gc,phases      ] GC(397) Compaction Phase 2.456ms
[390.310s][info][gc,phases,start] GC(397) Post Compact
[390.311s][info][gc,phases      ] GC(397) Post Compact 1.321ms
[390.311s][info][gc,heap        ] GC(397) PSYoungGen: 96K->0K(956928K)
[390.311s][info][gc,heap        ] GC(397) ParOldGen: 634917K->6458K(2796544K)
[390.311s][info][gc,metaspace   ] GC(397) Metaspace: 25562K(26496K)->25562K(26496K) NonClass: 22287K(22784K)->22287K(22784K) Class: 3274K(3712K)->3274K(3712K)
[390.312s][info][gc             ] GC(397) Pause Full (System.gc()) 620M->6M(3665M) 12.136ms
[390.312s][info][gc,cpu         ] GC(397) User=0.00s Sys=0.00s Real=0.00s
[392.322s][info][gc,start       ] GC(398) Pause Young (Allocation Failure)
[392.323s][info][gc,heap        ] GC(398) PSYoungGen: 537600K->544K(1007104K)
[392.323s][info][gc,heap        ] GC(398) ParOldGen: 6458K->6458K(2796544K)
[392.323s][info][gc,metaspace   ] GC(398) Metaspace: 25566K(26496K)->25566K(26496K) NonClass: 22292K(22784K)->22292K(22784K) Class: 3274K(3712K)->3274K(3712K)
[392.323s][info][gc             ] GC(398) Pause Young (Allocation Failure) 531M->6M(3714M) 0.617ms
[392.323s][info][gc,cpu         ] GC(398) User=0.00s Sys=0.00s Real=0.00s
[392.425s][info][gc,start       ] GC(399) Pause Young (Allocation Failure)
[392.426s][info][gc,heap        ] GC(399) PSYoungGen: 602144K->448K(992256K)
[392.426s][info][gc,heap        ] GC(399) ParOldGen: 6458K->6674K(2796544K)
[392.426s][info][gc,metaspace   ] GC(399) Metaspace: 25566K(26496K)->25566K(26496K) NonClass: 22292K(22784K)->22292K(22784K) Class: 3274K(3712K)->3274K(3712K)
[392.426s][info][gc             ] GC(399) Pause Young (Allocation Failure) 594M->6M(3700M) 0.668ms
[392.426s][info][gc,cpu         ] GC(399) User=0.00s Sys=0.00s Real=0.00s
[392.525s][info][gc,start       ] GC(400) Pause Young (Allocation Failure)
[392.526s][info][gc,heap        ] GC(400) PSYoungGen: 602048K->416K(1039872K)
[392.526s][info][gc,heap        ] GC(400) ParOldGen: 6674K->6794K(2796544K)
[392.526s][info][gc,metaspace   ] GC(400) Metaspace: 25566K(26496K)->25566K(26496K) NonClass: 22292K(22784K)->22292K(22784K) Class: 3274K(3712K)->3274K(3712K)
[392.526s][info][gc             ] GC(400) Pause Young (Allocation Failure) 594M->7M(3746M) 0.682ms
[392.526s][info][gc,cpu         ] GC(400) User=0.00s Sys=0.00s Real=0.00s
[392.636s][info][gc,start       ] GC(401) Pause Young (Allocation Failure)
[392.637s][info][gc,heap        ] GC(401) PSYoungGen: 665504K->384K(1022976K)
[392.637s][info][gc,heap        ] GC(401) ParOldGen: 6794K->6850K(2796544K)
[392.637s][info][gc,metaspace   ] GC(401) Metaspace: 25566K(26496K)->25566K(26496K) NonClass: 22292K(22784K)->22292K(22784K) Class: 3274K(3712K)->3274K(3712K)
[392.637s][info][gc             ] GC(401) Pause Young (Allocation Failure) 656M->7M(3730M) 0.655ms
[392.637s][info][gc,cpu         ] GC(401) User=0.00s Sys=0.00s Real=0.00s
[392.748s][info][gc,start       ] GC(402) Pause Young (Allocation Failure)
[392.749s][info][gc,heap        ] GC(402) PSYoungGen: 665472K->320K(1074176K)
[392.749s][info][gc,heap        ] GC(402) ParOldGen: 6850K->6898K(2796544K)
[392.749s][info][gc,metaspace   ] GC(402) Metaspace: 25566K(26496K)->25566K(26496K) NonClass: 22292K(22784K)->22292K(22784K) Class: 3274K(3712K)->3274K(3712K)
[392.749s][info][gc             ] GC(402) Pause Young (Allocation Failure) 656M->7M(3780M) 0.547ms
[392.749s][info][gc,cpu         ] GC(402) User=0.00s Sys=0.00s Real=0.00s
[393.650s][info][gc,start       ] GC(403) Pause Young (Allocation Failure)
[393.850s][info][gc,heap        ] GC(403) PSYoungGen: 734016K->323572K(1057280K)
[393.850s][info][gc,heap        ] GC(403) ParOldGen: 6898K->121698K(2796544K)
[393.850s][info][gc,metaspace   ] GC(403) Metaspace: 25566K(26496K)->25566K(26496K) NonClass: 22292K(22784K)->22292K(22784K) Class: 3274K(3712K)->3274K(3712K)
[393.850s][info][gc             ] GC(403) Pause Young (Allocation Failure) 723M->434M(3763M) 199.816ms
[393.850s][info][gc,cpu         ] GC(403) User=1.14s Sys=0.00s Real=0.20s
[396.883s][info][gc,start       ] GC(404) Pause Young (Allocation Failure)
[397.021s][info][gc,heap        ] GC(404) PSYoungGen: 1057268K->260480K(807424K)
[397.021s][info][gc,heap        ] GC(404) ParOldGen: 121698K->158556K(2796544K)
[397.021s][info][gc,metaspace   ] GC(404) Metaspace: 25566K(26496K)->25566K(26496K) NonClass: 22292K(22784K)->22292K(22784K) Class: 3274K(3712K)->3274K(3712K)
[397.021s][info][gc             ] GC(404) Pause Young (Allocation Failure) 1151M->409M(3519M) 137.530ms
[397.021s][info][gc,cpu         ] GC(404) User=0.77s Sys=0.00s Real=0.14s
[397.346s][info][gc,start       ] GC(405) Pause Young (Allocation Failure)
[397.573s][info][gc,heap        ] GC(405) PSYoungGen: 727424K->222584K(689664K)
[397.573s][info][gc,heap        ] GC(405) ParOldGen: 158556K->413796K(2796544K)
[397.573s][info][gc,metaspace   ] GC(405) Metaspace: 25566K(26496K)->25566K(26496K) NonClass: 22292K(22784K)->22292K(22784K) Class: 3274K(3712K)->3274K(3712K)
[397.573s][info][gc             ] GC(405) Pause Young (Allocation Failure) 865M->621M(3404M) 226.620ms
[397.573s][info][gc,cpu         ] GC(405) User=1.34s Sys=0.02s Real=0.22s
[398.359s][info][gc,start       ] GC(406) Pause Young (Allocation Failure)
[398.464s][info][gc,heap        ] GC(406) PSYoungGen: 689528K->4160K(941568K)
[398.464s][info][gc,heap        ] GC(406) ParOldGen: 413796K->571254K(2796544K)
[398.464s][info][gc,metaspace   ] GC(406) Metaspace: 25566K(26496K)->25566K(26496K) NonClass: 22292K(22784K)->22292K(22784K) Class: 3274K(3712K)->3274K(3712K)
[398.465s][info][gc             ] GC(406) Pause Young (Allocation Failure) 1077M->561M(3650M) 105.242ms
[398.465s][info][gc,cpu         ] GC(406) User=0.56s Sys=0.00s Real=0.11s
[399.296s][info][gc,start       ] GC(407) Pause Young (System.gc())
[399.299s][info][gc,heap        ] GC(407) PSYoungGen: 159515K->32K(931840K)
[399.300s][info][gc,heap        ] GC(407) ParOldGen: 571254K->573510K(2796544K)
[399.300s][info][gc,metaspace   ] GC(407) Metaspace: 25566K(26496K)->25566K(26496K) NonClass: 22292K(22784K)->22292K(22784K) Class: 3274K(3712K)->3274K(3712K)
[399.300s][info][gc             ] GC(407) Pause Young (System.gc()) 713M->560M(3641M) 3.217ms
[399.300s][info][gc,cpu         ] GC(407) User=0.00s Sys=0.00s Real=0.00s
[399.300s][info][gc,start       ] GC(408) Pause Full (System.gc())
[399.300s][info][gc,phases,start] GC(408) Marking Phase
[399.305s][info][gc,phases      ] GC(408) Marking Phase 4.937ms
[399.305s][info][gc,phases,start] GC(408) Summary Phase
[399.305s][info][gc,phases      ] GC(408) Summary Phase 0.013ms
[399.305s][info][gc,phases,start] GC(408) Adjust Roots
[399.307s][info][gc,phases      ] GC(408) Adjust Roots 2.552ms
[399.307s][info][gc,phases,start] GC(408) Compaction Phase
[399.309s][info][gc,phases      ] GC(408) Compaction Phase 2.070ms
[399.309s][info][gc,phases,start] GC(408) Post Compact
[399.311s][info][gc,phases      ] GC(408) Post Compact 1.623ms
[399.311s][info][gc,heap        ] GC(408) PSYoungGen: 32K->0K(931840K)
[399.311s][info][gc,heap        ] GC(408) ParOldGen: 573510K->6458K(2796544K)
[399.311s][info][gc,metaspace   ] GC(408) Metaspace: 25566K(26496K)->25566K(26496K) NonClass: 22292K(22784K)->22292K(22784K) Class: 3274K(3712K)->3274K(3712K)
[399.311s][info][gc             ] GC(408) Pause Full (System.gc()) 560M->6M(3641M) 11.540ms
[399.311s][info][gc,cpu         ] GC(408) User=0.02s Sys=0.00s Real=0.01s
[400.967s][info][gc,start       ] GC(409) Pause Young (Allocation Failure)
[400.968s][info][gc,heap        ] GC(409) PSYoungGen: 475648K->480K(974336K)
[400.968s][info][gc,heap        ] GC(409) ParOldGen: 6458K->6458K(2796544K)
[400.968s][info][gc,metaspace   ] GC(409) Metaspace: 25566K(26496K)->25566K(26496K) NonClass: 22292K(22784K)->22292K(22784K) Class: 3274K(3712K)->3274K(3712K)
[400.968s][info][gc             ] GC(409) Pause Young (Allocation Failure) 470M->6M(3682M) 0.708ms
[400.968s][info][gc,cpu         ] GC(409) User=0.00s Sys=0.00s Real=0.00s
[401.056s][info][gc,start       ] GC(410) Pause Young (Allocation Failure)
[401.056s][info][gc,heap        ] GC(410) PSYoungGen: 534496K->480K(957440K)
[401.056s][info][gc,heap        ] GC(410) ParOldGen: 6458K->6626K(2796544K)
[401.056s][info][gc,metaspace   ] GC(410) Metaspace: 25566K(26496K)->25566K(26496K) NonClass: 22292K(22784K)->22292K(22784K) Class: 3274K(3712K)->3274K(3712K)
[401.056s][info][gc             ] GC(410) Pause Young (Allocation Failure) 528M->6M(3666M) 0.608ms
[401.056s][info][gc,cpu         ] GC(410) User=0.00s Sys=0.00s Real=0.00s
[401.145s][info][gc,start       ] GC(411) Pause Young (Allocation Failure)
[401.146s][info][gc,heap        ] GC(411) PSYoungGen: 534496K->384K(1011712K)
[401.146s][info][gc,heap        ] GC(411) ParOldGen: 6626K->6714K(2796544K)
[401.146s][info][gc,metaspace   ] GC(411) Metaspace: 25566K(26496K)->25566K(26496K) NonClass: 22292K(22784K)->22292K(22784K) Class: 3274K(3712K)->3274K(3712K)
[401.146s][info][gc             ] GC(411) Pause Young (Allocation Failure) 528M->6M(3719M) 0.602ms
[401.146s][info][gc,cpu         ] GC(411) User=0.00s Sys=0.00s Real=0.00s
[401.246s][info][gc,start       ] GC(412) Pause Young (Allocation Failure)
[401.246s][info][gc,heap        ] GC(412) PSYoungGen: 607104K->480K(992768K)
[401.246s][info][gc,heap        ] GC(412) ParOldGen: 6714K->6794K(2796544K)
[401.246s][info][gc,metaspace   ] GC(412) Metaspace: 25566K(26496K)->25566K(26496K) NonClass: 22292K(22784K)->22292K(22784K) Class: 3274K(3712K)->3274K(3712K)
[401.246s][info][gc             ] GC(412) Pause Young (Allocation Failure) 599M->7M(3700M) 0.602ms
[401.246s][info][gc,cpu         ] GC(412) User=0.00s Sys=0.00s Real=0.00s
[401.349s][info][gc,start       ] GC(413) Pause Young (Allocation Failure)
[401.350s][info][gc,heap        ] GC(413) PSYoungGen: 607200K->448K(1049600K)
[401.350s][info][gc,heap        ] GC(413) ParOldGen: 6794K->6834K(2796544K)
[401.350s][info][gc,metaspace   ] GC(413) Metaspace: 25566K(26496K)->25566K(26496K) NonClass: 22292K(22784K)->22292K(22784K) Class: 3274K(3712K)->3274K(3712K)
[401.350s][info][gc             ] GC(413) Pause Young (Allocation Failure) 599M->7M(3756M) 0.717ms
[401.350s][info][gc,cpu         ] GC(413) User=0.00s Sys=0.00s Real=0.00s
[401.806s][info][gc,start       ] GC(414) Pause Young (Allocation Failure)
[401.889s][info][gc,heap        ] GC(414) PSYoungGen: 682944K->205858K(888832K)
[401.889s][info][gc,heap        ] GC(414) ParOldGen: 6834K->6930K(2796544K)
[401.889s][info][gc,metaspace   ] GC(414) Metaspace: 25566K(26496K)->25566K(26496K) NonClass: 22292K(22784K)->22292K(22784K) Class: 3274K(3712K)->3274K(3712K)
[401.889s][info][gc             ] GC(414) Pause Young (Allocation Failure) 673M->207M(3599M) 82.326ms
[401.889s][info][gc,cpu         ] GC(414) User=0.47s Sys=0.00s Real=0.08s
[405.427s][info][gc,start       ] GC(415) Pause Young (Allocation Failure)
[405.456s][info][gc,heap        ] GC(415) PSYoungGen: 888354K->70848K(1053696K)
[405.456s][info][gc,heap        ] GC(415) ParOldGen: 6930K->6962K(2796544K)
[405.456s][info][gc,metaspace   ] GC(415) Metaspace: 25566K(26496K)->25566K(26496K) NonClass: 22292K(22784K)->22292K(22784K) Class: 3274K(3712K)->3274K(3712K)
[405.456s][info][gc             ] GC(415) Pause Young (Allocation Failure) 874M->75M(3760M) 28.319ms
[405.456s][info][gc,cpu         ] GC(415) User=0.09s Sys=0.00s Real=0.03s
[405.845s][info][gc,start       ] GC(416) Pause Young (Allocation Failure)
[405.990s][info][gc,heap        ] GC(416) PSYoungGen: 751296K->282304K(963072K)
[405.990s][info][gc,heap        ] GC(416) ParOldGen: 6962K->75954K(2796544K)
[405.990s][info][gc,metaspace   ] GC(416) Metaspace: 25566K(26496K)->25566K(26496K) NonClass: 22292K(22784K)->22292K(22784K) Class: 3274K(3712K)->3274K(3712K)
[405.990s][info][gc             ] GC(416) Pause Young (Allocation Failure) 740M->349M(3671M) 145.204ms
[405.990s][info][gc,cpu         ] GC(416) User=0.84s Sys=0.00s Real=0.15s
[406.871s][info][gc,start       ] GC(417) Pause Young (Allocation Failure)
[407.040s][info][gc,heap        ] GC(417) PSYoungGen: 962752K->82161K(1031680K)
[407.040s][info][gc,heap        ] GC(417) ParOldGen: 75954K->323210K(2796544K)
[407.040s][info][gc,metaspace   ] GC(417) Metaspace: 25566K(26496K)->25566K(26496K) NonClass: 22292K(22784K)->22292K(22784K) Class: 3274K(3712K)->3274K(3712K)
[407.040s][info][gc             ] GC(417) Pause Young (Allocation Failure) 1014M->395M(3738M) 168.795ms
[407.040s][info][gc,cpu         ] GC(417) User=1.00s Sys=0.00s Real=0.17s
[407.889s][info][gc,start       ] GC(418) Pause Young (System.gc())
[407.919s][info][gc,heap        ] GC(418) PSYoungGen: 262048K->96K(1003520K)
[407.920s][info][gc,heap        ] GC(418) ParOldGen: 323210K->385602K(2796544K)
[407.920s][info][gc,metaspace   ] GC(418) Metaspace: 25566K(26496K)->25566K(26496K) NonClass: 22292K(22784K)->22292K(22784K) Class: 3274K(3712K)->3274K(3712K)
[407.920s][info][gc             ] GC(418) Pause Young (System.gc()) 571M->376M(3711M) 30.296ms
[407.920s][info][gc,cpu         ] GC(418) User=0.06s Sys=0.00s Real=0.03s
[407.920s][info][gc,start       ] GC(419) Pause Full (System.gc())
[407.920s][info][gc,phases,start] GC(419) Marking Phase
[407.925s][info][gc,phases      ] GC(419) Marking Phase 5.421ms
[407.925s][info][gc,phases,start] GC(419) Summary Phase
[407.925s][info][gc,phases      ] GC(419) Summary Phase 0.013ms
[407.925s][info][gc,phases,start] GC(419) Adjust Roots
[407.928s][info][gc,phases      ] GC(419) Adjust Roots 2.560ms
[407.928s][info][gc,phases,start] GC(419) Compaction Phase
[407.930s][info][gc,phases      ] GC(419) Compaction Phase 1.945ms
[407.930s][info][gc,phases,start] GC(419) Post Compact
[407.932s][info][gc,phases      ] GC(419) Post Compact 1.857ms
[407.932s][info][gc,heap        ] GC(419) PSYoungGen: 96K->0K(1003520K)
[407.932s][info][gc,heap        ] GC(419) ParOldGen: 385602K->6458K(2796544K)
[407.932s][info][gc,metaspace   ] GC(419) Metaspace: 25566K(26496K)->25566K(26496K) NonClass: 22292K(22784K)->22292K(22784K) Class: 3274K(3712K)->3274K(3712K)
[407.932s][info][gc             ] GC(419) Pause Full (System.gc()) 376M->6M(3711M) 12.184ms
[407.932s][info][gc,cpu         ] GC(419) User=0.00s Sys=0.00s Real=0.02s
[409.935s][info][gc,start       ] GC(420) Pause Young (Allocation Failure)
[409.936s][info][gc,heap        ] GC(420) PSYoungGen: 637440K->800K(1055744K)
[409.936s][info][gc,heap        ] GC(420) ParOldGen: 6458K->6458K(2796544K)
[409.936s][info][gc,metaspace   ] GC(420) Metaspace: 25574K(26496K)->25574K(26496K) NonClass: 22299K(22784K)->22299K(22784K) Class: 3274K(3712K)->3274K(3712K)
[409.936s][info][gc             ] GC(420) Pause Young (Allocation Failure) 628M->7M(3762M) 0.852ms
[409.936s][info][gc,cpu         ] GC(420) User=0.00s Sys=0.00s Real=0.00s
[410.048s][info][gc,start       ] GC(421) Pause Young (Allocation Failure)
[410.049s][info][gc,heap        ] GC(421) PSYoungGen: 701728K->480K(1042944K)
[410.049s][info][gc,heap        ] GC(421) ParOldGen: 6458K->6722K(2796544K)
[410.049s][info][gc,metaspace   ] GC(421) Metaspace: 25574K(26496K)->25574K(26496K) NonClass: 22299K(22784K)->22299K(22784K) Class: 3274K(3712K)->3274K(3712K)
[410.049s][info][gc             ] GC(421) Pause Young (Allocation Failure) 691M->7M(3749M) 0.730ms
[410.049s][info][gc,cpu         ] GC(421) User=0.00s Sys=0.00s Real=0.00s
[410.165s][info][gc,start       ] GC(422) Pause Young (Allocation Failure)
[410.165s][info][gc,heap        ] GC(422) PSYoungGen: 701408K->352K(1084416K)
[410.165s][info][gc,heap        ] GC(422) ParOldGen: 6722K->6834K(2796544K)
[410.165s][info][gc,metaspace   ] GC(422) Metaspace: 25574K(26496K)->25574K(26496K) NonClass: 22299K(22784K)->22299K(22784K) Class: 3274K(3712K)->3274K(3712K)
[410.165s][info][gc             ] GC(422) Pause Young (Allocation Failure) 691M->7M(3790M) 0.636ms
[410.165s][info][gc,cpu         ] GC(422) User=0.00s Sys=0.00s Real=0.00s
[410.291s][info][gc,start       ] GC(423) Pause Young (Allocation Failure)
[410.291s][info][gc,heap        ] GC(423) PSYoungGen: 757088K->352K(1070080K)
[410.291s][info][gc,heap        ] GC(423) ParOldGen: 6834K->6882K(2796544K)
[410.291s][info][gc,metaspace   ] GC(423) Metaspace: 25574K(26496K)->25574K(26496K) NonClass: 22299K(22784K)->22299K(22784K) Class: 3274K(3712K)->3274K(3712K)
[410.291s][info][gc             ] GC(423) Pause Young (Allocation Failure) 746M->7M(3776M) 0.554ms
[410.291s][info][gc,cpu         ] GC(423) User=0.00s Sys=0.00s Real=0.00s
[410.868s][info][gc,start       ] GC(424) Pause Young (Allocation Failure)
[410.978s][info][gc,heap        ] GC(424) PSYoungGen: 757088K->272867K(986624K)
[410.978s][info][gc,heap        ] GC(424) ParOldGen: 6882K->6954K(2796544K)
[410.978s][info][gc,metaspace   ] GC(424) Metaspace: 25574K(26496K)->25574K(26496K) NonClass: 22299K(22784K)->22299K(22784K) Class: 3274K(3712K)->3274K(3712K)
[410.978s][info][gc             ] GC(424) Pause Young (Allocation Failure) 746M->273M(3694M) 109.435ms
[410.978s][info][gc,cpu         ] GC(424) User=0.58s Sys=0.00s Real=0.11s
[416.391s][info][gc,start       ] GC(425) Pause Young (Allocation Failure)
[416.430s][info][gc,heap        ] GC(425) PSYoungGen: 960995K->86784K(1042944K)
[416.430s][info][gc,heap        ] GC(425) ParOldGen: 6954K->7010K(2796544K)
[416.430s][info][gc,metaspace   ] GC(425) Metaspace: 25574K(26496K)->25574K(26496K) NonClass: 22299K(22784K)->22299K(22784K) Class: 3274K(3712K)->3274K(3712K)
[416.430s][info][gc             ] GC(425) Pause Young (Allocation Failure) 945M->91M(3749M) 38.417ms
[416.430s][info][gc,cpu         ] GC(425) User=0.16s Sys=0.00s Real=0.03s
[416.824s][info][gc,start       ] GC(426) Pause Young (Allocation Failure)
[416.974s][info][gc,heap        ] GC(426) PSYoungGen: 774912K->285184K(964608K)
[416.974s][info][gc,heap        ] GC(426) ParOldGen: 7010K->91770K(2796544K)
[416.974s][info][gc,metaspace   ] GC(426) Metaspace: 25574K(26496K)->25574K(26496K) NonClass: 22299K(22784K)->22299K(22784K) Class: 3274K(3712K)->3274K(3712K)
[416.974s][info][gc             ] GC(426) Pause Young (Allocation Failure) 763M->368M(3673M) 150.495ms
[416.975s][info][gc,cpu         ] GC(426) User=0.78s Sys=0.00s Real=0.15s
[417.816s][info][gc,start       ] GC(427) Pause Young (Allocation Failure)
[417.983s][info][gc,heap        ] GC(427) PSYoungGen: 919040K->70133K(1015808K)
[417.983s][info][gc,heap        ] GC(427) ParOldGen: 91770K->342858K(2796544K)
[417.983s][info][gc,metaspace   ] GC(427) Metaspace: 25574K(26496K)->25574K(26496K) NonClass: 22299K(22784K)->22299K(22784K) Class: 3274K(3712K)->3274K(3712K)
[417.983s][info][gc             ] GC(427) Pause Young (Allocation Failure) 987M->403M(3723M) 167.147ms
[417.983s][info][gc,cpu         ] GC(427) User=0.94s Sys=0.00s Real=0.16s
[418.835s][info][gc,start       ] GC(428) Pause Young (System.gc())
[418.859s][info][gc,heap        ] GC(428) PSYoungGen: 252053K->160K(1049088K)
[418.859s][info][gc,heap        ] GC(428) ParOldGen: 342858K->389274K(2796544K)
[418.859s][info][gc,metaspace   ] GC(428) Metaspace: 25574K(26496K)->25574K(26496K) NonClass: 22299K(22784K)->22299K(22784K) Class: 3274K(3712K)->3274K(3712K)
[418.859s][info][gc             ] GC(428) Pause Young (System.gc()) 580M->380M(3755M) 23.555ms
[418.859s][info][gc,cpu         ] GC(428) User=0.08s Sys=0.00s Real=0.02s
[418.859s][info][gc,start       ] GC(429) Pause Full (System.gc())
[418.859s][info][gc,phases,start] GC(429) Marking Phase
[418.865s][info][gc,phases      ] GC(429) Marking Phase 5.462ms
[418.865s][info][gc,phases,start] GC(429) Summary Phase
[418.865s][info][gc,phases      ] GC(429) Summary Phase 0.012ms
[418.865s][info][gc,phases,start] GC(429) Adjust Roots
[418.867s][info][gc,phases      ] GC(429) Adjust Roots 2.600ms
[418.867s][info][gc,phases,start] GC(429) Compaction Phase
[418.869s][info][gc,phases      ] GC(429) Compaction Phase 1.928ms
[418.869s][info][gc,phases,start] GC(429) Post Compact
[418.871s][info][gc,phases      ] GC(429) Post Compact 1.868ms
[418.871s][info][gc,heap        ] GC(429) PSYoungGen: 160K->0K(1049088K)
[418.871s][info][gc,heap        ] GC(429) ParOldGen: 389274K->6458K(2796544K)
[418.871s][info][gc,metaspace   ] GC(429) Metaspace: 25574K(26496K)->25574K(26496K) NonClass: 22299K(22784K)->22299K(22784K) Class: 3274K(3712K)->3274K(3712K)
[418.871s][info][gc             ] GC(429) Pause Full (System.gc()) 380M->6M(3755M) 12.181ms
[418.871s][info][gc,cpu         ] GC(429) User=0.00s Sys=0.00s Real=0.02s
[420.850s][info][gc,start       ] GC(430) Pause Young (Allocation Failure)
[420.851s][info][gc,heap        ] GC(430) PSYoungGen: 690176K->640K(1038848K)
[420.851s][info][gc,heap        ] GC(430) ParOldGen: 6458K->6458K(2796544K)
[420.851s][info][gc,metaspace   ] GC(430) Metaspace: 25576K(26496K)->25576K(26496K) NonClass: 22302K(22784K)->22302K(22784K) Class: 3274K(3712K)->3274K(3712K)
[420.851s][info][gc             ] GC(430) Pause Young (Allocation Failure) 680M->6M(3745M) 0.731ms
[420.851s][info][gc,cpu         ] GC(430) User=0.00s Sys=0.00s Real=0.00s
[420.964s][info][gc,start       ] GC(431) Pause Young (Allocation Failure)
[420.964s][info][gc,heap        ] GC(431) PSYoungGen: 690816K->640K(1073664K)
[420.964s][info][gc,heap        ] GC(431) ParOldGen: 6458K->6594K(2796544K)
[420.964s][info][gc,metaspace   ] GC(431) Metaspace: 25576K(26496K)->25576K(26496K) NonClass: 22302K(22784K)->22302K(22784K) Class: 3274K(3712K)->3274K(3712K)
[420.964s][info][gc             ] GC(431) Pause Young (Allocation Failure) 680M->7M(3779M) 0.685ms
[420.964s][info][gc,cpu         ] GC(431) User=0.00s Sys=0.00s Real=0.00s
[421.083s][info][gc,start       ] GC(432) Pause Young (Allocation Failure)
[421.084s][info][gc,heap        ] GC(432) PSYoungGen: 737408K->352K(1060864K)
[421.084s][info][gc,heap        ] GC(432) ParOldGen: 6594K->6778K(2796544K)
[421.084s][info][gc,metaspace   ] GC(432) Metaspace: 25576K(26496K)->25576K(26496K) NonClass: 22302K(22784K)->22302K(22784K) Class: 3274K(3712K)->3274K(3712K)
[421.084s][info][gc             ] GC(432) Pause Young (Allocation Failure) 726M->6M(3767M) 0.685ms
[421.084s][info][gc,cpu         ] GC(432) User=0.00s Sys=0.00s Real=0.00s
[421.208s][info][gc,start       ] GC(433) Pause Young (Allocation Failure)
[421.208s][info][gc,heap        ] GC(433) PSYoungGen: 737120K->352K(1101312K)
[421.208s][info][gc,heap        ] GC(433) ParOldGen: 6778K->6818K(2796544K)
[421.208s][info][gc,metaspace   ] GC(433) Metaspace: 25576K(26496K)->25576K(26496K) NonClass: 22302K(22784K)->22302K(22784K) Class: 3274K(3712K)->3274K(3712K)
[421.208s][info][gc             ] GC(433) Pause Young (Allocation Failure) 726M->7M(3806M) 0.666ms
[421.208s][info][gc,cpu         ] GC(433) User=0.00s Sys=0.00s Real=0.00s
[421.913s][info][gc,start       ] GC(434) Pause Young (Allocation Failure)
[422.055s][info][gc,heap        ] GC(434) PSYoungGen: 790880K->296419K(1086976K)
[422.055s][info][gc,heap        ] GC(434) ParOldGen: 6818K->45434K(2796544K)
[422.055s][info][gc,metaspace   ] GC(434) Metaspace: 25576K(26496K)->25576K(26496K) NonClass: 22302K(22784K)->22302K(22784K) Class: 3274K(3712K)->3274K(3712K)
[422.055s][info][gc             ] GC(434) Pause Young (Allocation Failure) 779M->333M(3792M) 142.130ms
[422.055s][info][gc,cpu         ] GC(434) User=0.80s Sys=0.00s Real=0.14s
[426.536s][info][gc,start       ] GC(435) Pause Young (Allocation Failure)
[426.716s][info][gc,heap        ] GC(435) PSYoungGen: 1086947K->179968K(944640K)
[426.716s][info][gc,heap        ] GC(435) ParOldGen: 45434K->236053K(2796544K)
[426.716s][info][gc,metaspace   ] GC(435) Metaspace: 25576K(26496K)->25576K(26496K) NonClass: 22302K(22784K)->22302K(22784K) Class: 3274K(3712K)->3274K(3712K)
[426.716s][info][gc             ] GC(435) Pause Young (Allocation Failure) 1105M->406M(3653M) 179.475ms
[426.716s][info][gc,cpu         ] GC(435) User=1.05s Sys=0.00s Real=0.19s
[427.104s][info][gc,start       ] GC(436) Pause Young (Allocation Failure)
[427.301s][info][gc,heap        ] GC(436) PSYoungGen: 813824K->277528K(911872K)
[427.301s][info][gc,heap        ] GC(436) ParOldGen: 236053K->411949K(2796544K)
[427.301s][info][gc,metaspace   ] GC(436) Metaspace: 25576K(26496K)->25576K(26496K) NonClass: 22302K(22784K)->22302K(22784K) Class: 3274K(3712K)->3274K(3712K)
[427.301s][info][gc             ] GC(436) Pause Young (Allocation Failure) 1025M->673M(3621M) 197.200ms
[427.301s][info][gc,cpu         ] GC(436) User=1.17s Sys=0.00s Real=0.20s
[428.602s][info][gc,start       ] GC(437) Pause Young (Allocation Failure)
[428.612s][info][gc,heap        ] GC(437) PSYoungGen: 911384K->4320K(989184K)
[428.612s][info][gc,heap        ] GC(437) ParOldGen: 411949K->411949K(2796544K)
[428.612s][info][gc,metaspace   ] GC(437) Metaspace: 25576K(26496K)->25576K(26496K) NonClass: 22302K(22784K)->22302K(22784K) Class: 3274K(3712K)->3274K(3712K)
[428.612s][info][gc             ] GC(437) Pause Young (Allocation Failure) 1292M->406M(3697M) 10.084ms
[428.612s][info][gc,cpu         ] GC(437) User=0.05s Sys=0.00s Real=0.00s
[428.943s][info][gc,start       ] GC(438) Pause Young (System.gc())
[428.946s][info][gc,heap        ] GC(438) PSYoungGen: 51422K->64K(976896K)
[428.946s][info][gc,heap        ] GC(438) ParOldGen: 411949K->414205K(2796544K)
[428.946s][info][gc,metaspace   ] GC(438) Metaspace: 25576K(26496K)->25576K(26496K) NonClass: 22302K(22784K)->22302K(22784K) Class: 3274K(3712K)->3274K(3712K)
[428.946s][info][gc             ] GC(438) Pause Young (System.gc()) 452M->404M(3685M) 2.951ms
[428.946s][info][gc,cpu         ] GC(438) User=0.00s Sys=0.00s Real=0.01s
[428.946s][info][gc,start       ] GC(439) Pause Full (System.gc())
[428.946s][info][gc,phases,start] GC(439) Marking Phase
[428.951s][info][gc,phases      ] GC(439) Marking Phase 4.976ms
[428.951s][info][gc,phases,start] GC(439) Summary Phase
[428.951s][info][gc,phases      ] GC(439) Summary Phase 0.012ms
[428.951s][info][gc,phases,start] GC(439) Adjust Roots
[428.954s][info][gc,phases      ] GC(439) Adjust Roots 2.592ms
[428.954s][info][gc,phases,start] GC(439) Compaction Phase
[428.956s][info][gc,phases      ] GC(439) Compaction Phase 2.349ms
[428.956s][info][gc,phases,start] GC(439) Post Compact
[428.958s][info][gc,phases      ] GC(439) Post Compact 1.946ms
[428.958s][info][gc,heap        ] GC(439) PSYoungGen: 64K->0K(976896K)
[428.958s][info][gc,heap        ] GC(439) ParOldGen: 414205K->6458K(2796544K)
[428.958s][info][gc,metaspace   ] GC(439) Metaspace: 25576K(26496K)->25576K(26496K) NonClass: 22302K(22784K)->22302K(22784K) Class: 3274K(3712K)->3274K(3712K)
[428.959s][info][gc             ] GC(439) Pause Full (System.gc()) 404M->6M(3685M) 12.180ms
[428.959s][info][gc,cpu         ] GC(439) User=0.00s Sys=0.00s Real=0.00s
[430.533s][info][gc,start       ] GC(440) Pause Young (Allocation Failure)
[430.534s][info][gc,heap        ] GC(440) PSYoungGen: 568320K->608K(1017856K)
[430.534s][info][gc,heap        ] GC(440) ParOldGen: 6458K->6458K(2796544K)
[430.534s][info][gc,metaspace   ] GC(440) Metaspace: 25576K(26496K)->25576K(26496K) NonClass: 22302K(22784K)->22302K(22784K) Class: 3274K(3712K)->3274K(3712K)
[430.534s][info][gc             ] GC(440) Pause Young (Allocation Failure) 561M->6M(3725M) 0.837ms
[430.534s][info][gc,cpu         ] GC(440) User=0.00s Sys=0.00s Real=0.00s
[430.635s][info][gc,start       ] GC(441) Pause Young (Allocation Failure)
[430.636s][info][gc,heap        ] GC(441) PSYoungGen: 623200K->416K(1002496K)
[430.636s][info][gc,heap        ] GC(441) ParOldGen: 6458K->6762K(2796544K)
[430.636s][info][gc,metaspace   ] GC(441) Metaspace: 25576K(26496K)->25576K(26496K) NonClass: 22302K(22784K)->22302K(22784K) Class: 3274K(3712K)->3274K(3712K)
[430.636s][info][gc             ] GC(441) Pause Young (Allocation Failure) 614M->7M(3710M) 0.745ms
[430.636s][info][gc,cpu         ] GC(441) User=0.00s Sys=0.00s Real=0.00s
[430.739s][info][gc,start       ] GC(442) Pause Young (Allocation Failure)
[430.740s][info][gc,heap        ] GC(442) PSYoungGen: 623008K->448K(1050112K)
[430.740s][info][gc,heap        ] GC(442) ParOldGen: 6762K->6842K(2796544K)
[430.740s][info][gc,metaspace   ] GC(442) Metaspace: 25576K(26496K)->25576K(26496K) NonClass: 22302K(22784K)->22302K(22784K) Class: 3274K(3712K)->3274K(3712K)
[430.740s][info][gc             ] GC(442) Pause Young (Allocation Failure) 615M->7M(3756M) 0.592ms
[430.740s][info][gc,cpu         ] GC(442) User=0.00s Sys=0.00s Real=0.00s
[430.856s][info][gc,start       ] GC(443) Pause Young (Allocation Failure)
[430.857s][info][gc,heap        ] GC(443) PSYoungGen: 686016K->352K(1033216K)
[430.857s][info][gc,heap        ] GC(443) ParOldGen: 6842K->6938K(2796544K)
[430.857s][info][gc,metaspace   ] GC(443) Metaspace: 25576K(26496K)->25576K(26496K) NonClass: 22302K(22784K)->22302K(22784K) Class: 3274K(3712K)->3274K(3712K)
[430.857s][info][gc             ] GC(443) Pause Young (Allocation Failure) 676M->7M(3740M) 0.540ms
[430.857s][info][gc,cpu         ] GC(443) User=0.00s Sys=0.00s Real=0.00s
[431.019s][info][gc,start       ] GC(444) Pause Young (Allocation Failure)
[431.033s][info][gc,heap        ] GC(444) PSYoungGen: 685920K->37906K(1090048K)
[431.033s][info][gc,heap        ] GC(444) ParOldGen: 6938K->7002K(2796544K)
[431.033s][info][gc,metaspace   ] GC(444) Metaspace: 25576K(26496K)->25576K(26496K) NonClass: 22302K(22784K)->22302K(22784K) Class: 3274K(3712K)->3274K(3712K)
[431.033s][info][gc             ] GC(444) Pause Young (Allocation Failure) 676M->43M(3795M) 14.102ms
[431.033s][info][gc,cpu         ] GC(444) User=0.02s Sys=0.00s Real=0.01s
[432.383s][info][gc,start       ] GC(445) Pause Young (Allocation Failure)
[432.384s][info][gc,heap        ] GC(445) PSYoungGen: 796690K->672K(1066496K)
[432.384s][info][gc,heap        ] GC(445) ParOldGen: 7002K->7090K(2796544K)
[432.384s][info][gc,metaspace   ] GC(445) Metaspace: 25576K(26496K)->25576K(26496K) NonClass: 22302K(22784K)->22302K(22784K) Class: 3274K(3712K)->3274K(3712K)
[432.384s][info][gc             ] GC(445) Pause Young (Allocation Failure) 784M->7M(3772M) 0.708ms
[432.384s][info][gc,cpu         ] GC(445) User=0.00s Sys=0.00s Real=0.00s
[436.628s][info][gc,start       ] GC(446) Pause Young (Allocation Failure)
[436.743s][info][gc,heap        ] GC(446) PSYoungGen: 759456K->273152K(989696K)
[436.749s][info][gc,heap        ] GC(446) ParOldGen: 7090K->7106K(2796544K)
[436.749s][info][gc,metaspace   ] GC(446) Metaspace: 25576K(26496K)->25576K(26496K) NonClass: 22302K(22784K)->22302K(22784K) Class: 3274K(3712K)->3274K(3712K)
[436.749s][info][gc             ] GC(446) Pause Young (Allocation Failure) 748M->273M(3697M) 121.404ms
[436.749s][info][gc,cpu         ] GC(446) User=0.69s Sys=0.00s Real=0.13s
[437.574s][info][gc,start       ] GC(447) Pause Young (Allocation Failure)
[437.776s][info][gc,heap        ] GC(447) PSYoungGen: 970496K->184792K(882176K)
[437.776s][info][gc,heap        ] GC(447) ParOldGen: 7106K->252402K(2796544K)
[437.776s][info][gc,metaspace   ] GC(447) Metaspace: 25576K(26496K)->25576K(26496K) NonClass: 22302K(22784K)->22302K(22784K) Class: 3274K(3712K)->3274K(3712K)
[437.776s][info][gc             ] GC(447) Pause Young (Allocation Failure) 954M->426M(3592M) 201.340ms
[437.776s][info][gc,cpu         ] GC(447) User=1.06s Sys=0.00s Real=0.20s
[438.819s][info][gc,start       ] GC(448) Pause Young (System.gc())
[438.824s][info][gc,heap        ] GC(448) PSYoungGen: 537775K->96K(1047552K)
[438.824s][info][gc,heap        ] GC(448) ParOldGen: 252402K->254202K(2796544K)
[438.824s][info][gc,metaspace   ] GC(448) Metaspace: 25576K(26496K)->25576K(26496K) NonClass: 22302K(22784K)->22302K(22784K) Class: 3274K(3712K)->3274K(3712K)
[438.824s][info][gc             ] GC(448) Pause Young (System.gc()) 771M->248M(3754M) 5.796ms
[438.824s][info][gc,cpu         ] GC(448) User=0.00s Sys=0.00s Real=0.00s
[438.824s][info][gc,start       ] GC(449) Pause Full (System.gc())
[438.824s][info][gc,phases,start] GC(449) Marking Phase
[438.830s][info][gc,phases      ] GC(449) Marking Phase 5.307ms
[438.830s][info][gc,phases,start] GC(449) Summary Phase
[438.830s][info][gc,phases      ] GC(449) Summary Phase 0.011ms
[438.830s][info][gc,phases,start] GC(449) Adjust Roots
[438.832s][info][gc,phases      ] GC(449) Adjust Roots 2.658ms
[438.833s][info][gc,phases,start] GC(449) Compaction Phase
[438.835s][info][gc,phases      ] GC(449) Compaction Phase 2.266ms
[438.835s][info][gc,phases,start] GC(449) Post Compact
[438.837s][info][gc,phases      ] GC(449) Post Compact 1.659ms
[438.837s][info][gc,heap        ] GC(449) PSYoungGen: 96K->0K(1047552K)
[438.837s][info][gc,heap        ] GC(449) ParOldGen: 254202K->6458K(2796544K)
[438.837s][info][gc,metaspace   ] GC(449) Metaspace: 25576K(26496K)->25576K(26496K) NonClass: 22302K(22784K)->22302K(22784K) Class: 3274K(3712K)->3274K(3712K)
[438.837s][info][gc             ] GC(449) Pause Full (System.gc()) 248M->6M(3754M) 12.243ms
[438.837s][info][gc,cpu         ] GC(449) User=0.00s Sys=0.00s Real=0.01s
[440.750s][info][gc,start       ] GC(450) Pause Young (Allocation Failure)
[440.751s][info][gc,heap        ] GC(450) PSYoungGen: 684032K->480K(1034240K)
[440.751s][info][gc,heap        ] GC(450) ParOldGen: 6458K->6458K(2796544K)
[440.751s][info][gc,metaspace   ] GC(450) Metaspace: 25576K(26496K)->25576K(26496K) NonClass: 22302K(22784K)->22302K(22784K) Class: 3274K(3712K)->3274K(3712K)
[440.751s][info][gc             ] GC(450) Pause Young (Allocation Failure) 674M->6M(3741M) 0.651ms
[440.751s][info][gc,cpu         ] GC(450) User=0.00s Sys=0.00s Real=0.00s
[440.862s][info][gc,start       ] GC(451) Pause Young (Allocation Failure)
[440.862s][info][gc,heap        ] GC(451) PSYoungGen: 684512K->672K(1076736K)
[440.862s][info][gc,heap        ] GC(451) ParOldGen: 6458K->6578K(2796544K)
[440.862s][info][gc,metaspace   ] GC(451) Metaspace: 25576K(26496K)->25576K(26496K) NonClass: 22302K(22784K)->22302K(22784K) Class: 3274K(3712K)->3274K(3712K)
[440.862s][info][gc             ] GC(451) Pause Young (Allocation Failure) 674M->7M(3782M) 0.688ms
[440.862s][info][gc,cpu         ] GC(451) User=0.00s Sys=0.00s Real=0.00s
[440.983s][info][gc,start       ] GC(452) Pause Young (Allocation Failure)
[440.984s][info][gc,heap        ] GC(452) PSYoungGen: 741536K->416K(1061888K)
[440.984s][info][gc,heap        ] GC(452) ParOldGen: 6578K->6754K(2796544K)
[440.984s][info][gc,metaspace   ] GC(452) Metaspace: 25576K(26496K)->25576K(26496K) NonClass: 22302K(22784K)->22302K(22784K) Class: 3274K(3712K)->3274K(3712K)
[440.984s][info][gc             ] GC(452) Pause Young (Allocation Failure) 730M->7M(3768M) 0.660ms
[440.984s][info][gc,cpu         ] GC(452) User=0.00s Sys=0.00s Real=0.00s
[441.107s][info][gc,start       ] GC(453) Pause Young (Allocation Failure)
[441.108s][info][gc,heap        ] GC(453) PSYoungGen: 741280K->352K(1107456K)
[441.108s][info][gc,heap        ] GC(453) ParOldGen: 6754K->6850K(2796544K)
[441.108s][info][gc,metaspace   ] GC(453) Metaspace: 25576K(26496K)->25576K(26496K) NonClass: 22302K(22784K)->22302K(22784K) Class: 3274K(3712K)->3274K(3712K)
[441.108s][info][gc             ] GC(453) Pause Young (Allocation Failure) 730M->7M(3812M) 0.627ms
[441.108s][info][gc,cpu         ] GC(453) User=0.02s Sys=0.00s Real=0.02s
[441.817s][info][gc,start       ] GC(454) Pause Young (Allocation Failure)
[441.964s][info][gc,heap        ] GC(454) PSYoungGen: 802144K->290290K(1092096K)
[441.964s][info][gc,heap        ] GC(454) ParOldGen: 6850K->54674K(2796544K)
[441.964s][info][gc,metaspace   ] GC(454) Metaspace: 25576K(26496K)->25576K(26496K) NonClass: 22302K(22784K)->22302K(22784K) Class: 3274K(3712K)->3274K(3712K)
[441.964s][info][gc             ] GC(454) Pause Young (Allocation Failure) 790M->336M(3797M) 147.456ms
[441.964s][info][gc,cpu         ] GC(454) User=0.86s Sys=0.00s Real=0.14s
[446.811s][info][gc,start       ] GC(455) Pause Young (Allocation Failure)
[446.988s][info][gc,heap        ] GC(455) PSYoungGen: 1092082K->193824K(932352K)
[446.988s][info][gc,heap        ] GC(455) ParOldGen: 54674K->228531K(2796544K)
[446.988s][info][gc,metaspace   ] GC(455) Metaspace: 25576K(26496K)->25576K(26496K) NonClass: 22302K(22784K)->22302K(22784K) Class: 3274K(3712K)->3274K(3712K)
[446.988s][info][gc             ] GC(455) Pause Young (Allocation Failure) 1119M->412M(3641M) 177.217ms
[446.988s][info][gc,cpu         ] GC(455) User=1.02s Sys=0.00s Real=0.17s
[447.391s][info][gc,start       ] GC(456) Pause Young (Allocation Failure)
[447.601s][info][gc,heap        ] GC(456) PSYoungGen: 820512K->274421K(901120K)
[447.601s][info][gc,heap        ] GC(456) ParOldGen: 228531K->418131K(2796544K)
[447.601s][info][gc,metaspace   ] GC(456) Metaspace: 25576K(26496K)->25576K(26496K) NonClass: 22302K(22784K)->22302K(22784K) Class: 3274K(3712K)->3274K(3712K)
[447.601s][info][gc             ] GC(456) Pause Young (Allocation Failure) 1024M->676M(3611M) 209.838ms
[447.601s][info][gc,cpu         ] GC(456) User=1.20s Sys=0.00s Real=0.20s
[449.018s][info][gc,start       ] GC(457) Pause Young (Allocation Failure)
[449.029s][info][gc,heap        ] GC(457) PSYoungGen: 901109K->4320K(987136K)
[449.029s][info][gc,heap        ] GC(457) ParOldGen: 418131K->418139K(2796544K)
[449.029s][info][gc,metaspace   ] GC(457) Metaspace: 25576K(26496K)->25576K(26496K) NonClass: 22302K(22784K)->22302K(22784K) Class: 3274K(3712K)->3274K(3712K)
[449.029s][info][gc             ] GC(457) Pause Young (Allocation Failure) 1288M->412M(3695M) 10.806ms
[449.029s][info][gc,cpu         ] GC(457) User=0.02s Sys=0.00s Real=0.02s
[449.260s][info][gc,start       ] GC(458) Pause Young (System.gc())
[449.263s][info][gc,heap        ] GC(458) PSYoungGen: 34612K->32K(973312K)
[449.263s][info][gc,heap        ] GC(458) ParOldGen: 418139K->420395K(2796544K)
[449.263s][info][gc,metaspace   ] GC(458) Metaspace: 25577K(26496K)->25577K(26496K) NonClass: 22303K(22784K)->22303K(22784K) Class: 3274K(3712K)->3274K(3712K)
[449.263s][info][gc             ] GC(458) Pause Young (System.gc()) 442M->410M(3681M) 3.052ms
[449.263s][info][gc,cpu         ] GC(458) User=0.00s Sys=0.00s Real=0.00s
[449.263s][info][gc,start       ] GC(459) Pause Full (System.gc())
[449.263s][info][gc,phases,start] GC(459) Marking Phase
[449.268s][info][gc,phases      ] GC(459) Marking Phase 4.850ms
[449.268s][info][gc,phases,start] GC(459) Summary Phase
[449.268s][info][gc,phases      ] GC(459) Summary Phase 0.012ms
[449.268s][info][gc,phases,start] GC(459) Adjust Roots
[449.270s][info][gc,phases      ] GC(459) Adjust Roots 2.583ms
[449.270s][info][gc,phases,start] GC(459) Compaction Phase
[449.272s][info][gc,phases      ] GC(459) Compaction Phase 1.607ms
[449.272s][info][gc,phases,start] GC(459) Post Compact
[449.274s][info][gc,phases      ] GC(459) Post Compact 2.264ms
[449.274s][info][gc,heap        ] GC(459) PSYoungGen: 32K->0K(973312K)
[449.274s][info][gc,heap        ] GC(459) ParOldGen: 420395K->6458K(2796544K)
[449.274s][info][gc,metaspace   ] GC(459) Metaspace: 25577K(26496K)->25577K(26496K) NonClass: 22303K(22784K)->22303K(22784K) Class: 3274K(3712K)->3274K(3712K)
[449.274s][info][gc             ] GC(459) Pause Full (System.gc()) 410M->6M(3681M) 11.640ms
[449.274s][info][gc,cpu         ] GC(459) User=0.00s Sys=0.00s Real=0.02s
[450.871s][info][gc,start       ] GC(460) Pause Young (Allocation Failure)
[450.872s][info][gc,heap        ] GC(460) PSYoungGen: 562688K->640K(1017344K)
[450.872s][info][gc,heap        ] GC(460) ParOldGen: 6458K->6458K(2796544K)
[450.872s][info][gc,metaspace   ] GC(460) Metaspace: 25577K(26496K)->25577K(26496K) NonClass: 22303K(22784K)->22303K(22784K) Class: 3274K(3712K)->3274K(3712K)
[450.872s][info][gc             ] GC(460) Pause Young (Allocation Failure) 555M->6M(3724M) 0.916ms
[450.872s][info][gc,cpu         ] GC(460) User=0.00s Sys=0.00s Real=0.01s
[450.973s][info][gc,start       ] GC(461) Pause Young (Allocation Failure)
[450.974s][info][gc,heap        ] GC(461) PSYoungGen: 621696K->576K(1001472K)
[450.974s][info][gc,heap        ] GC(461) ParOldGen: 6458K->6714K(2796544K)
[450.974s][info][gc,metaspace   ] GC(461) Metaspace: 25577K(26496K)->25577K(26496K) NonClass: 22303K(22784K)->22303K(22784K) Class: 3274K(3712K)->3274K(3712K)
[450.974s][info][gc             ] GC(461) Pause Young (Allocation Failure) 613M->7M(3709M) 0.754ms
[450.974s][info][gc,cpu         ] GC(461) User=0.00s Sys=0.00s Real=0.00s
[451.075s][info][gc,start       ] GC(462) Pause Young (Allocation Failure)
[451.076s][info][gc,heap        ] GC(462) PSYoungGen: 621632K->416K(1050624K)
[451.076s][info][gc,heap        ] GC(462) ParOldGen: 6714K->6906K(2796544K)
[451.076s][info][gc,metaspace   ] GC(462) Metaspace: 25577K(26496K)->25577K(26496K) NonClass: 22303K(22784K)->22303K(22784K) Class: 3274K(3712K)->3274K(3712K)
[451.076s][info][gc             ] GC(462) Pause Young (Allocation Failure) 613M->7M(3757M) 0.707ms
[451.076s][info][gc,cpu         ] GC(462) User=0.02s Sys=0.00s Real=0.02s
[451.188s][info][gc,start       ] GC(463) Pause Young (Allocation Failure)
[451.189s][info][gc,heap        ] GC(463) PSYoungGen: 687008K->352K(1033728K)
[451.189s][info][gc,heap        ] GC(463) ParOldGen: 6906K->6994K(2796544K)
[451.189s][info][gc,metaspace   ] GC(463) Metaspace: 25577K(26496K)->25577K(26496K) NonClass: 22303K(22784K)->22303K(22784K) Class: 3274K(3712K)->3274K(3712K)
[451.189s][info][gc             ] GC(463) Pause Young (Allocation Failure) 677M->7M(3740M) 0.647ms
[451.189s][info][gc,cpu         ] GC(463) User=0.02s Sys=0.00s Real=0.00s
[451.332s][info][gc,start       ] GC(464) Pause Young (Allocation Failure)
[451.341s][info][gc,heap        ] GC(464) PSYoungGen: 686944K->26258K(1089536K)
[451.342s][info][gc,heap        ] GC(464) ParOldGen: 6994K->7034K(2796544K)
[451.342s][info][gc,metaspace   ] GC(464) Metaspace: 25577K(26496K)->25577K(26496K) NonClass: 22303K(22784K)->22303K(22784K) Class: 3274K(3712K)->3274K(3712K)
[451.342s][info][gc             ] GC(464) Pause Young (Allocation Failure) 677M->32M(3795M) 9.509ms
[451.342s][info][gc,cpu         ] GC(464) User=0.00s Sys=0.00s Real=0.00s
[452.444s][info][gc,start       ] GC(465) Pause Young (Allocation Failure)
[452.445s][info][gc,heap        ] GC(465) PSYoungGen: 786066K->672K(1068032K)
[452.445s][info][gc,heap        ] GC(465) ParOldGen: 7034K->7098K(2796544K)
[452.445s][info][gc,metaspace   ] GC(465) Metaspace: 25577K(26496K)->25577K(26496K) NonClass: 22303K(22784K)->22303K(22784K) Class: 3274K(3712K)->3274K(3712K)
[452.445s][info][gc             ] GC(465) Pause Young (Allocation Failure) 774M->7M(3774M) 0.574ms
[452.445s][info][gc,cpu         ] GC(465) User=0.00s Sys=0.00s Real=0.00s
[456.681s][info][gc,start       ] GC(466) Pause Young (Allocation Failure)
[456.793s][info][gc,heap        ] GC(466) PSYoungGen: 760480K->266368K(993280K)
[456.793s][info][gc,heap        ] GC(466) ParOldGen: 7098K->7114K(2796544K)
[456.793s][info][gc,metaspace   ] GC(466) Metaspace: 25577K(26496K)->25577K(26496K) NonClass: 22303K(22784K)->22303K(22784K) Class: 3274K(3712K)->3274K(3712K)
[456.793s][info][gc             ] GC(466) Pause Young (Allocation Failure) 749M->267M(3701M) 112.798ms
[456.793s][info][gc,cpu         ] GC(466) User=0.56s Sys=0.02s Real=0.11s
[457.599s][info][gc,start       ] GC(467) Pause Young (Allocation Failure)
[457.802s][info][gc,heap        ] GC(467) PSYoungGen: 967808K->195882K(897536K)
[457.802s][info][gc,heap        ] GC(467) ParOldGen: 7114K->246690K(2796544K)
[457.802s][info][gc,metaspace   ] GC(467) Metaspace: 25577K(26496K)->25577K(26496K) NonClass: 22303K(22784K)->22303K(22784K) Class: 3274K(3712K)->3274K(3712K)
[457.802s][info][gc             ] GC(467) Pause Young (Allocation Failure) 952M->432M(3607M) 203.308ms
[457.802s][info][gc,cpu         ] GC(467) User=1.12s Sys=0.00s Real=0.20s
[458.866s][info][gc,start       ] GC(468) Pause Young (System.gc())
[458.872s][info][gc,heap        ] GC(468) PSYoungGen: 561393K->64K(1045504K)
[458.872s][info][gc,heap        ] GC(468) ParOldGen: 246690K->248946K(2796544K)
[458.872s][info][gc,metaspace   ] GC(468) Metaspace: 25577K(26496K)->25577K(26496K) NonClass: 22303K(22784K)->22303K(22784K) Class: 3274K(3712K)->3274K(3712K)
[458.872s][info][gc             ] GC(468) Pause Young (System.gc()) 789M->243M(3752M) 6.214ms
[458.872s][info][gc,cpu         ] GC(468) User=0.00s Sys=0.00s Real=0.00s
[458.872s][info][gc,start       ] GC(469) Pause Full (System.gc())
[458.872s][info][gc,phases,start] GC(469) Marking Phase
[458.877s][info][gc,phases      ] GC(469) Marking Phase 5.086ms
[458.877s][info][gc,phases,start] GC(469) Summary Phase
[458.877s][info][gc,phases      ] GC(469) Summary Phase 0.012ms
[458.877s][info][gc,phases,start] GC(469) Adjust Roots
[458.880s][info][gc,phases      ] GC(469) Adjust Roots 2.622ms
[458.880s][info][gc,phases,start] GC(469) Compaction Phase
[458.881s][info][gc,phases      ] GC(469) Compaction Phase 1.651ms
[458.881s][info][gc,phases,start] GC(469) Post Compact
[458.883s][info][gc,phases      ] GC(469) Post Compact 1.413ms
[458.883s][info][gc,heap        ] GC(469) PSYoungGen: 64K->0K(1045504K)
[458.883s][info][gc,heap        ] GC(469) ParOldGen: 248946K->6458K(2796544K)
[458.883s][info][gc,metaspace   ] GC(469) Metaspace: 25577K(26496K)->25577K(26496K) NonClass: 22303K(22784K)->22303K(22784K) Class: 3274K(3712K)->3274K(3712K)
[458.883s][info][gc             ] GC(469) Pause Full (System.gc()) 243M->6M(3752M) 11.084ms
[458.883s][info][gc,cpu         ] GC(469) User=0.00s Sys=0.00s Real=0.02s
[460.901s][info][gc,start       ] GC(470) Pause Young (Allocation Failure)
[460.901s][info][gc,heap        ] GC(470) PSYoungGen: 678912K->768K(1031168K)
[460.901s][info][gc,heap        ] GC(470) ParOldGen: 6458K->6458K(2796544K)
[460.901s][info][gc,metaspace   ] GC(470) Metaspace: 25577K(26496K)->25577K(26496K) NonClass: 22303K(22784K)->22303K(22784K) Class: 3274K(3712K)->3274K(3712K)
[460.901s][info][gc             ] GC(470) Pause Young (Allocation Failure) 669M->7M(3738M) 0.724ms
[460.901s][info][gc,cpu         ] GC(470) User=0.00s Sys=0.00s Real=0.00s
[461.011s][info][gc,start       ] GC(471) Pause Young (Allocation Failure)
[461.012s][info][gc,heap        ] GC(471) PSYoungGen: 679680K->448K(1075712K)
[461.012s][info][gc,heap        ] GC(471) ParOldGen: 6458K->6842K(2796544K)
[461.012s][info][gc,metaspace   ] GC(471) Metaspace: 25577K(26496K)->25577K(26496K) NonClass: 22303K(22784K)->22303K(22784K) Class: 3274K(3712K)->3274K(3712K)
[461.012s][info][gc             ] GC(471) Pause Young (Allocation Failure) 670M->7M(3781M) 0.787ms
[461.012s][info][gc,cpu         ] GC(471) User=0.00s Sys=0.00s Real=0.00s
[461.134s][info][gc,start       ] GC(472) Pause Young (Allocation Failure)
[461.135s][info][gc,heap        ] GC(472) PSYoungGen: 738752K->384K(1060352K)
[461.135s][info][gc,heap        ] GC(472) ParOldGen: 6842K->6898K(2796544K)
[461.135s][info][gc,metaspace   ] GC(472) Metaspace: 25577K(26496K)->25577K(26496K) NonClass: 22303K(22784K)->22303K(22784K) Class: 3274K(3712K)->3274K(3712K)
[461.135s][info][gc             ] GC(472) Pause Young (Allocation Failure) 728M->7M(3766M) 0.556ms
[461.135s][info][gc,cpu         ] GC(472) User=0.00s Sys=0.00s Real=0.00s
[461.257s][info][gc,start       ] GC(473) Pause Young (Allocation Failure)
[461.258s][info][gc,heap        ] GC(473) PSYoungGen: 738688K->384K(1106944K)
[461.258s][info][gc,heap        ] GC(473) ParOldGen: 6898K->6970K(2796544K)
[461.258s][info][gc,metaspace   ] GC(473) Metaspace: 25577K(26496K)->25577K(26496K) NonClass: 22303K(22784K)->22303K(22784K) Class: 3274K(3712K)->3274K(3712K)
[461.258s][info][gc             ] GC(473) Pause Young (Allocation Failure) 728M->7M(3812M) 0.563ms
[461.258s][info][gc,cpu         ] GC(473) User=0.00s Sys=0.00s Real=0.00s
[461.945s][info][gc,start       ] GC(474) Pause Young (Allocation Failure)
[462.084s][info][gc,heap        ] GC(474) PSYoungGen: 801152K->290802K(1091584K)
[462.084s][info][gc,heap        ] GC(474) ParOldGen: 6970K->42770K(2796544K)
[462.084s][info][gc,metaspace   ] GC(474) Metaspace: 25577K(26496K)->25577K(26496K) NonClass: 22303K(22784K)->22303K(22784K) Class: 3274K(3712K)->3274K(3712K)
[462.084s][info][gc             ] GC(474) Pause Young (Allocation Failure) 789M->325M(3797M) 139.425ms
[462.084s][info][gc,cpu         ] GC(474) User=0.75s Sys=0.02s Real=0.14s
[466.368s][info][gc,start       ] GC(475) Pause Young (Allocation Failure)
[466.545s][info][gc,heap        ] GC(475) PSYoungGen: 1091570K->180288K(948224K)
[466.545s][info][gc,heap        ] GC(475) ParOldGen: 42770K->227148K(2796544K)
[466.545s][info][gc,metaspace   ] GC(475) Metaspace: 25577K(26496K)->25577K(26496K) NonClass: 22303K(22784K)->22303K(22784K) Class: 3274K(3712K)->3274K(3712K)
[466.545s][info][gc             ] GC(475) Pause Young (Allocation Failure) 1107M->397M(3657M) 176.624ms
[466.545s][info][gc,cpu         ] GC(475) User=0.95s Sys=0.00s Real=0.19s
[466.948s][info][gc,start       ] GC(476) Pause Young (Allocation Failure)
[467.147s][info][gc,heap        ] GC(476) PSYoungGen: 822336K->271697K(913920K)
[467.147s][info][gc,heap        ] GC(476) ParOldGen: 227148K->403396K(2796544K)
[467.147s][info][gc,metaspace   ] GC(476) Metaspace: 25577K(26496K)->25577K(26496K) NonClass: 22303K(22784K)->22303K(22784K) Class: 3274K(3712K)->3274K(3712K)
[467.147s][info][gc             ] GC(476) Pause Young (Allocation Failure) 1024M->659M(3623M) 198.734ms
[467.147s][info][gc,cpu         ] GC(476) User=1.12s Sys=0.00s Real=0.20s
[468.636s][info][gc,start       ] GC(477) Pause Young (Allocation Failure)
[468.647s][info][gc,heap        ] GC(477) PSYoungGen: 913745K->4320K(994304K)
[468.647s][info][gc,heap        ] GC(477) ParOldGen: 403396K->403396K(2796544K)
[468.647s][info][gc,metaspace   ] GC(477) Metaspace: 25577K(26496K)->25577K(26496K) NonClass: 22303K(22784K)->22303K(22784K) Class: 3274K(3712K)->3274K(3712K)
[468.647s][info][gc             ] GC(477) Pause Young (Allocation Failure) 1286M->398M(3702M) 10.839ms
[468.647s][info][gc,cpu         ] GC(477) User=0.02s Sys=0.00s Real=0.01s
[468.799s][info][gc,start       ] GC(478) Pause Young (System.gc())
[468.802s][info][gc,heap        ] GC(478) PSYoungGen: 25689K->64K(980992K)
[468.802s][info][gc,heap        ] GC(478) ParOldGen: 403396K->405652K(2796544K)
[468.802s][info][gc,metaspace   ] GC(478) Metaspace: 25577K(26496K)->25577K(26496K) NonClass: 22303K(22784K)->22303K(22784K) Class: 3274K(3712K)->3274K(3712K)
[468.802s][info][gc             ] GC(478) Pause Young (System.gc()) 419M->396M(3689M) 2.789ms
[468.802s][info][gc,cpu         ] GC(478) User=0.02s Sys=0.00s Real=0.02s
[468.802s][info][gc,start       ] GC(479) Pause Full (System.gc())
[468.802s][info][gc,phases,start] GC(479) Marking Phase
[468.807s][info][gc,phases      ] GC(479) Marking Phase 5.543ms
[468.808s][info][gc,phases,start] GC(479) Summary Phase
[468.808s][info][gc,phases      ] GC(479) Summary Phase 0.012ms
[468.808s][info][gc,phases,start] GC(479) Adjust Roots
[468.810s][info][gc,phases      ] GC(479) Adjust Roots 2.553ms
[468.810s][info][gc,phases,start] GC(479) Compaction Phase
[468.812s][info][gc,phases      ] GC(479) Compaction Phase 1.929ms
[468.812s][info][gc,phases,start] GC(479) Post Compact
[468.814s][info][gc,phases      ] GC(479) Post Compact 1.879ms
[468.814s][info][gc,heap        ] GC(479) PSYoungGen: 64K->0K(980992K)
[468.814s][info][gc,heap        ] GC(479) ParOldGen: 405652K->6458K(2796544K)
[468.814s][info][gc,metaspace   ] GC(479) Metaspace: 25577K(26496K)->25577K(26496K) NonClass: 22303K(22784K)->22303K(22784K) Class: 3274K(3712K)->3274K(3712K)
[468.814s][info][gc             ] GC(479) Pause Full (System.gc()) 396M->6M(3689M) 12.193ms
[468.814s][info][gc,cpu         ] GC(479) User=0.00s Sys=0.00s Real=0.01s
[470.481s][info][gc,start       ] GC(480) Pause Young (Allocation Failure)
[470.482s][info][gc,heap        ] GC(480) PSYoungGen: 577536K->416K(1024512K)
[470.482s][info][gc,heap        ] GC(480) ParOldGen: 6458K->6458K(2796544K)
[470.482s][info][gc,metaspace   ] GC(480) Metaspace: 25577K(26496K)->25577K(26496K) NonClass: 22303K(22784K)->22303K(22784K) Class: 3274K(3712K)->3274K(3712K)
[470.482s][info][gc             ] GC(480) Pause Young (Allocation Failure) 570M->6M(3731M) 0.632ms
[470.482s][info][gc,cpu         ] GC(480) User=0.00s Sys=0.00s Real=0.00s
[470.586s][info][gc,start       ] GC(481) Pause Young (Allocation Failure)
[470.587s][info][gc,heap        ] GC(481) PSYoungGen: 636320K->416K(1009152K)
[470.587s][info][gc,heap        ] GC(481) ParOldGen: 6458K->6594K(2796544K)
[470.587s][info][gc,metaspace   ] GC(481) Metaspace: 25577K(26496K)->25577K(26496K) NonClass: 22303K(22784K)->22303K(22784K) Class: 3274K(3712K)->3274K(3712K)
[470.587s][info][gc             ] GC(481) Pause Young (Allocation Failure) 627M->6M(3716M) 0.720ms
[470.587s][info][gc,cpu         ] GC(481) User=0.00s Sys=0.00s Real=0.00s
[470.692s][info][gc,start       ] GC(482) Pause Young (Allocation Failure)
[470.692s][info][gc,heap        ] GC(482) PSYoungGen: 636320K->480K(1057792K)
[470.692s][info][gc,heap        ] GC(482) ParOldGen: 6594K->6650K(2796544K)
[470.692s][info][gc,metaspace   ] GC(482) Metaspace: 25577K(26496K)->25577K(26496K) NonClass: 22303K(22784K)->22303K(22784K) Class: 3274K(3712K)->3274K(3712K)
[470.692s][info][gc             ] GC(482) Pause Young (Allocation Failure) 627M->6M(3764M) 0.635ms
[470.692s][info][gc,cpu         ] GC(482) User=0.00s Sys=0.00s Real=0.00s
[470.807s][info][gc,start       ] GC(483) Pause Young (Allocation Failure)
[470.808s][info][gc,heap        ] GC(483) PSYoungGen: 701408K->544K(1040896K)
[470.808s][info][gc,heap        ] GC(483) ParOldGen: 6650K->6706K(2796544K)
[470.808s][info][gc,metaspace   ] GC(483) Metaspace: 25577K(26496K)->25577K(26496K) NonClass: 22303K(22784K)->22303K(22784K) Class: 3274K(3712K)->3274K(3712K)
[470.808s][info][gc             ] GC(483) Pause Young (Allocation Failure) 691M->7M(3747M) 0.604ms
[470.808s][info][gc,cpu         ] GC(483) User=0.00s Sys=0.00s Real=0.00s
[471.061s][info][gc,start       ] GC(484) Pause Young (Allocation Failure)
[471.097s][info][gc,heap        ] GC(484) PSYoungGen: 701472K->90994K(1088512K)
[471.097s][info][gc,heap        ] GC(484) ParOldGen: 6706K->6778K(2796544K)
[471.097s][info][gc,metaspace   ] GC(484) Metaspace: 25577K(26496K)->25577K(26496K) NonClass: 22303K(22784K)->22303K(22784K) Class: 3274K(3712K)->3274K(3712K)
[471.097s][info][gc             ] GC(484) Pause Young (Allocation Failure) 691M->95M(3794M) 36.378ms
[471.097s][info][gc,cpu         ] GC(484) User=0.05s Sys=0.00s Real=0.05s
[475.714s][info][gc,start       ] GC(485) Pause Young (Allocation Failure)
[475.715s][info][gc,heap        ] GC(485) PSYoungGen: 856434K->832K(1074688K)
[475.715s][info][gc,heap        ] GC(485) ParOldGen: 6778K->6866K(2796544K)
[475.715s][info][gc,metaspace   ] GC(485) Metaspace: 25577K(26496K)->25577K(26496K) NonClass: 22303K(22784K)->22303K(22784K) Class: 3274K(3712K)->3274K(3712K)
[475.715s][info][gc             ] GC(485) Pause Young (Allocation Failure) 842M->7M(3780M) 1.316ms
[475.715s][info][gc,cpu         ] GC(485) User=0.00s Sys=0.00s Real=0.00s
[476.146s][info][gc,start       ] GC(486) Pause Young (Allocation Failure)
[476.290s][info][gc,heap        ] GC(486) PSYoungGen: 766272K->294400K(954880K)
[476.300s][info][gc,heap        ] GC(486) ParOldGen: 6866K->33250K(2796544K)
[476.300s][info][gc,metaspace   ] GC(486) Metaspace: 25577K(26496K)->25577K(26496K) NonClass: 22303K(22784K)->22303K(22784K) Class: 3274K(3712K)->3274K(3712K)
[476.300s][info][gc             ] GC(486) Pause Young (Allocation Failure) 755M->319M(3663M) 153.375ms
[476.300s][info][gc,cpu         ] GC(486) User=0.83s Sys=0.02s Real=0.17s
[477.115s][info][gc,start       ] GC(487) Pause Young (Allocation Failure)
[477.317s][info][gc,heap        ] GC(487) PSYoungGen: 954880K->132344K(1029120K)
[477.317s][info][gc,heap        ] GC(487) ParOldGen: 33250K->305578K(2796544K)
[477.317s][info][gc,metaspace   ] GC(487) Metaspace: 25577K(26496K)->25577K(26496K) NonClass: 22303K(22784K)->22303K(22784K) Class: 3274K(3712K)->3274K(3712K)
[477.317s][info][gc             ] GC(487) Pause Young (Allocation Failure) 964M->427M(3736M) 201.519ms
[477.317s][info][gc,cpu         ] GC(487) User=1.14s Sys=0.00s Real=0.20s
[478.275s][info][gc,start       ] GC(488) Pause Young (System.gc())
[478.321s][info][gc,heap        ] GC(488) PSYoungGen: 409925K->128K(1051136K)
[478.321s][info][gc,heap        ] GC(488) ParOldGen: 305578K->394610K(2796544K)
[478.321s][info][gc,metaspace   ] GC(488) Metaspace: 25581K(26496K)->25581K(26496K) NonClass: 22307K(22784K)->22307K(22784K) Class: 3274K(3712K)->3274K(3712K)
[478.322s][info][gc             ] GC(488) Pause Young (System.gc()) 698M->385M(3757M) 46.650ms
[478.322s][info][gc,cpu         ] GC(488) User=0.14s Sys=0.05s Real=0.05s
[478.322s][info][gc,start       ] GC(489) Pause Full (System.gc())
[478.322s][info][gc,phases,start] GC(489) Marking Phase
[478.326s][info][gc,phases      ] GC(489) Marking Phase 4.825ms
[478.326s][info][gc,phases,start] GC(489) Summary Phase
[478.326s][info][gc,phases      ] GC(489) Summary Phase 0.011ms
[478.326s][info][gc,phases,start] GC(489) Adjust Roots
[478.329s][info][gc,phases      ] GC(489) Adjust Roots 2.603ms
[478.329s][info][gc,phases,start] GC(489) Compaction Phase
[478.331s][info][gc,phases      ] GC(489) Compaction Phase 2.015ms
[478.331s][info][gc,phases,start] GC(489) Post Compact
[478.333s][info][gc,phases      ] GC(489) Post Compact 1.882ms
[478.333s][info][gc,heap        ] GC(489) PSYoungGen: 128K->0K(1051136K)
[478.333s][info][gc,heap        ] GC(489) ParOldGen: 394610K->6458K(2796544K)
[478.333s][info][gc,metaspace   ] GC(489) Metaspace: 25581K(26496K)->25581K(26496K) NonClass: 22307K(22784K)->22307K(22784K) Class: 3274K(3712K)->3274K(3712K)
[478.333s][info][gc             ] GC(489) Pause Full (System.gc()) 385M->6M(3757M) 11.605ms
[478.333s][info][gc,cpu         ] GC(489) User=0.00s Sys=0.00s Real=0.02s
[479.928s][info][gc,start       ] GC(490) Pause Young (Allocation Failure)
[479.929s][info][gc,heap        ] GC(490) PSYoungGen: 692224K->576K(1038848K)
[479.929s][info][gc,heap        ] GC(490) ParOldGen: 6458K->6458K(2796544K)
[479.929s][info][gc,metaspace   ] GC(490) Metaspace: 25597K(26496K)->25597K(26496K) NonClass: 22322K(22784K)->22322K(22784K) Class: 3274K(3712K)->3274K(3712K)
[479.929s][info][gc             ] GC(490) Pause Young (Allocation Failure) 682M->6M(3745M) 0.709ms
[479.929s][info][gc,cpu         ] GC(490) User=0.00s Sys=0.00s Real=0.00s
[480.041s][info][gc,start       ] GC(491) Pause Young (Allocation Failure)
[480.041s][info][gc,heap        ] GC(491) PSYoungGen: 692800K->416K(1079808K)
[480.041s][info][gc,heap        ] GC(491) ParOldGen: 6458K->6578K(2796544K)
[480.041s][info][gc,metaspace   ] GC(491) Metaspace: 25597K(26496K)->25597K(26496K) NonClass: 22322K(22784K)->22322K(22784K) Class: 3274K(3712K)->3274K(3712K)
[480.041s][info][gc             ] GC(491) Pause Young (Allocation Failure) 682M->6M(3785M) 0.592ms
[480.041s][info][gc,cpu         ] GC(491) User=0.00s Sys=0.00s Real=0.00s
[480.166s][info][gc,start       ] GC(492) Pause Young (Allocation Failure)
[480.167s][info][gc,heap        ] GC(492) PSYoungGen: 747424K->512K(1064960K)
[480.167s][info][gc,heap        ] GC(492) ParOldGen: 6578K->6634K(2796544K)
[480.167s][info][gc,metaspace   ] GC(492) Metaspace: 25597K(26496K)->25597K(26496K) NonClass: 22322K(22784K)->22322K(22784K) Class: 3274K(3712K)->3274K(3712K)
[480.167s][info][gc             ] GC(492) Pause Young (Allocation Failure) 736M->6M(3771M) 0.646ms
[480.167s][info][gc,cpu         ] GC(492) User=0.00s Sys=0.00s Real=0.00s
[480.290s][info][gc,start       ] GC(493) Pause Young (Allocation Failure)
[480.291s][info][gc,heap        ] GC(493) PSYoungGen: 747520K->416K(1109504K)
[480.291s][info][gc,heap        ] GC(493) ParOldGen: 6634K->6682K(2796544K)
[480.291s][info][gc,metaspace   ] GC(493) Metaspace: 25597K(26496K)->25597K(26496K) NonClass: 22322K(22784K)->22322K(22784K) Class: 3274K(3712K)->3274K(3712K)
[480.291s][info][gc             ] GC(493) Pause Young (Allocation Failure) 736M->6M(3814M) 0.725ms
[480.291s][info][gc,cpu         ] GC(493) User=0.00s Sys=0.00s Real=0.00s
[481.042s][info][gc,start       ] GC(494) Pause Young (Allocation Failure)
[481.202s][info][gc,heap        ] GC(494) PSYoungGen: 806816K->288242K(1094656K)
[481.202s][info][gc,heap        ] GC(494) ParOldGen: 6682K->77522K(2796544K)
[481.202s][info][gc,metaspace   ] GC(494) Metaspace: 25597K(26496K)->25597K(26496K) NonClass: 22322K(22784K)->22322K(22784K) Class: 3274K(3712K)->3274K(3712K)
[481.202s][info][gc             ] GC(494) Pause Young (Allocation Failure) 794M->357M(3800M) 159.668ms
[481.202s][info][gc,cpu         ] GC(494) User=0.91s Sys=0.00s Real=0.16s
[486.939s][info][gc,start       ] GC(495) Pause Young (Allocation Failure)
[487.140s][info][gc,heap        ] GC(495) PSYoungGen: 1094642K->207872K(910336K)
[487.140s][info][gc,heap        ] GC(495) ParOldGen: 77522K->284029K(2796544K)
[487.140s][info][gc,metaspace   ] GC(495) Metaspace: 25597K(26496K)->25597K(26496K) NonClass: 22322K(22784K)->22322K(22784K) Class: 3274K(3712K)->3274K(3712K)
[487.140s][info][gc             ] GC(495) Pause Young (Allocation Failure) 1144M->480M(3620M) 201.284ms
[487.140s][info][gc,cpu         ] GC(495) User=1.14s Sys=0.00s Real=0.20s
[487.533s][info][gc,start       ] GC(496) Pause Young (Allocation Failure)
[487.754s][info][gc,heap        ] GC(496) PSYoungGen: 815104K->276088K(883712K)
[487.754s][info][gc,heap        ] GC(496) ParOldGen: 284029K->487509K(2796544K)
[487.754s][info][gc,metaspace   ] GC(496) Metaspace: 25597K(26496K)->25597K(26496K) NonClass: 22322K(22784K)->22322K(22784K) Class: 3274K(3712K)->3274K(3712K)
[487.754s][info][gc             ] GC(496) Pause Young (Allocation Failure) 1073M->745M(3594M) 220.657ms
[487.754s][info][gc,cpu         ] GC(496) User=1.30s Sys=0.00s Real=0.22s
[489.127s][info][gc,start       ] GC(497) Pause Young (Allocation Failure)
[489.139s][info][gc,heap        ] GC(497) PSYoungGen: 883320K->4320K(978944K)
[489.139s][info][gc,heap        ] GC(497) ParOldGen: 487509K->487509K(2796544K)
[489.139s][info][gc,metaspace   ] GC(497) Metaspace: 25597K(26496K)->25597K(26496K) NonClass: 22323K(22784K)->22323K(22784K) Class: 3274K(3712K)->3274K(3712K)
[489.139s][info][gc             ] GC(497) Pause Young (Allocation Failure) 1338M->480M(3687M) 12.145ms
[489.139s][info][gc,cpu         ] GC(497) User=0.02s Sys=0.00s Real=0.02s
[489.401s][info][gc,start       ] GC(498) Pause Young (System.gc())
[489.404s][info][gc,heap        ] GC(498) PSYoungGen: 38998K->64K(965120K)
[489.404s][info][gc,heap        ] GC(498) ParOldGen: 487509K->489765K(2796544K)
[489.404s][info][gc,metaspace   ] GC(498) Metaspace: 25597K(26496K)->25597K(26496K) NonClass: 22323K(22784K)->22323K(22784K) Class: 3274K(3712K)->3274K(3712K)
[489.404s][info][gc             ] GC(498) Pause Young (System.gc()) 514M->478M(3673M) 2.847ms
[489.404s][info][gc,cpu         ] GC(498) User=0.00s Sys=0.00s Real=0.00s
[489.404s][info][gc,start       ] GC(499) Pause Full (System.gc())
[489.404s][info][gc,phases,start] GC(499) Marking Phase
[489.409s][info][gc,phases      ] GC(499) Marking Phase 4.936ms
[489.409s][info][gc,phases,start] GC(499) Summary Phase
[489.409s][info][gc,phases      ] GC(499) Summary Phase 0.013ms
[489.409s][info][gc,phases,start] GC(499) Adjust Roots
[489.412s][info][gc,phases      ] GC(499) Adjust Roots 2.581ms
[489.412s][info][gc,phases,start] GC(499) Compaction Phase
[489.414s][info][gc,phases      ] GC(499) Compaction Phase 2.036ms
[489.414s][info][gc,phases,start] GC(499) Post Compact
[489.416s][info][gc,phases      ] GC(499) Post Compact 2.218ms
[489.416s][info][gc,heap        ] GC(499) PSYoungGen: 64K->0K(965120K)
[489.416s][info][gc,heap        ] GC(499) ParOldGen: 489765K->6458K(2796544K)
[489.416s][info][gc,metaspace   ] GC(499) Metaspace: 25597K(26496K)->25597K(26496K) NonClass: 22323K(22784K)->22323K(22784K) Class: 3274K(3712K)->3274K(3712K)
[489.416s][info][gc             ] GC(499) Pause Full (System.gc()) 478M->6M(3673M) 12.087ms
[489.416s][info][gc,cpu         ] GC(499) User=0.02s Sys=0.00s Real=0.02s
[491.090s][info][gc,start       ] GC(500) Pause Young (Allocation Failure)
[491.091s][info][gc,heap        ] GC(500) PSYoungGen: 546304K->448K(1009152K)
[491.091s][info][gc,heap        ] GC(500) ParOldGen: 6458K->6458K(2796544K)
[491.091s][info][gc,metaspace   ] GC(500) Metaspace: 25597K(26496K)->25597K(26496K) NonClass: 22323K(22784K)->22323K(22784K) Class: 3274K(3712K)->3274K(3712K)
[491.091s][info][gc             ] GC(500) Pause Young (Allocation Failure) 539M->6M(3716M) 0.660ms
[491.091s][info][gc,cpu         ] GC(500) User=0.00s Sys=0.00s Real=0.00s
[491.191s][info][gc,start       ] GC(501) Pause Young (Allocation Failure)
[491.191s][info][gc,heap        ] GC(501) PSYoungGen: 605120K->384K(993280K)
[491.191s][info][gc,heap        ] GC(501) ParOldGen: 6458K->6586K(2796544K)
[491.191s][info][gc,metaspace   ] GC(501) Metaspace: 25597K(26496K)->25597K(26496K) NonClass: 22323K(22784K)->22323K(22784K) Class: 3274K(3712K)->3274K(3712K)
[491.191s][info][gc             ] GC(501) Pause Young (Allocation Failure) 597M->6M(3701M) 0.558ms
[491.191s][info][gc,cpu         ] GC(501) User=0.00s Sys=0.00s Real=0.00s
[491.291s][info][gc,start       ] GC(502) Pause Young (Allocation Failure)
[491.303s][info][gc,heap        ] GC(502) PSYoungGen: 605056K->480K(1042944K)
[491.303s][info][gc,heap        ] GC(502) ParOldGen: 6586K->6722K(2796544K)
[491.303s][info][gc,metaspace   ] GC(502) Metaspace: 25597K(26496K)->25597K(26496K) NonClass: 22323K(22784K)->22323K(22784K) Class: 3274K(3712K)->3274K(3712K)
[491.303s][info][gc             ] GC(502) Pause Young (Allocation Failure) 597M->7M(3749M) 11.848ms
[491.303s][info][gc,cpu         ] GC(502) User=0.00s Sys=0.00s Real=0.02s
[491.417s][info][gc,start       ] GC(503) Pause Young (Allocation Failure)
[491.418s][info][gc,heap        ] GC(503) PSYoungGen: 671200K->352K(1025536K)
[491.418s][info][gc,heap        ] GC(503) ParOldGen: 6722K->6786K(2796544K)
[491.418s][info][gc,metaspace   ] GC(503) Metaspace: 25597K(26496K)->25597K(26496K) NonClass: 22323K(22784K)->22323K(22784K) Class: 3274K(3712K)->3274K(3712K)
[491.418s][info][gc             ] GC(503) Pause Young (Allocation Failure) 662M->6M(3732M) 0.683ms
[491.418s][info][gc,cpu         ] GC(503) User=0.00s Sys=0.00s Real=0.00s
[491.537s][info][gc,start       ] GC(504) Pause Young (Allocation Failure)
[491.537s][info][gc,heap        ] GC(504) PSYoungGen: 671072K->352K(1077760K)
[491.537s][info][gc,heap        ] GC(504) ParOldGen: 6786K->6842K(2796544K)
[491.537s][info][gc,metaspace   ] GC(504) Metaspace: 25597K(26496K)->25597K(26496K) NonClass: 22323K(22784K)->22323K(22784K) Class: 3274K(3712K)->3274K(3712K)
[491.537s][info][gc             ] GC(504) Pause Young (Allocation Failure) 661M->7M(3783M) 0.531ms
[491.537s][info][gc,cpu         ] GC(504) User=0.00s Sys=0.00s Real=0.00s
[492.461s][info][gc,start       ] GC(505) Pause Young (Allocation Failure)
[492.654s][info][gc,heap        ] GC(505) PSYoungGen: 740704K->319988K(1060352K)
[492.654s][info][gc,heap        ] GC(505) ParOldGen: 6842K->115418K(2796544K)
[492.654s][info][gc,metaspace   ] GC(505) Metaspace: 25597K(26496K)->25597K(26496K) NonClass: 22323K(22784K)->22323K(22784K) Class: 3274K(3712K)->3274K(3712K)
[492.655s][info][gc             ] GC(505) Pause Young (Allocation Failure) 730M->425M(3766M) 193.147ms
[492.655s][info][gc,cpu         ] GC(505) User=1.12s Sys=0.00s Real=0.20s
[496.358s][info][gc,start       ] GC(506) Pause Young (Allocation Failure)
[496.481s][info][gc,heap        ] GC(506) PSYoungGen: 1060340K->265120K(810496K)
[496.481s][info][gc,heap        ] GC(506) ParOldGen: 115418K->121563K(2796544K)
[496.481s][info][gc,metaspace   ] GC(506) Metaspace: 25597K(26496K)->25597K(26496K) NonClass: 22323K(22784K)->22323K(22784K) Class: 3274K(3712K)->3274K(3712K)
[496.481s][info][gc             ] GC(506) Pause Young (Allocation Failure) 1148M->377M(3522M) 122.504ms
[496.481s][info][gc,cpu         ] GC(506) User=0.66s Sys=0.00s Real=0.13s
[497.026s][info][gc,start       ] GC(507) Pause Young (Allocation Failure)
[497.242s][info][gc,heap        ] GC(507) PSYoungGen: 738208K->218200K(691712K)
[497.242s][info][gc,heap        ] GC(507) ParOldGen: 121563K->381083K(2796544K)
[497.242s][info][gc,metaspace   ] GC(507) Metaspace: 25597K(26496K)->25597K(26496K) NonClass: 22323K(22784K)->22323K(22784K) Class: 3274K(3712K)->3274K(3712K)
[497.242s][info][gc             ] GC(507) Pause Young (Allocation Failure) 839M->585M(3406M) 216.661ms
[497.242s][info][gc,cpu         ] GC(507) User=1.30s Sys=0.00s Real=0.22s
[497.759s][info][gc,start       ] GC(508) Pause Young (Allocation Failure)
[497.850s][info][gc,heap        ] GC(508) PSYoungGen: 691288K->1344K(945152K)
[497.850s][info][gc,heap        ] GC(508) ParOldGen: 381083K->536000K(2796544K)
[497.850s][info][gc,metaspace   ] GC(508) Metaspace: 25597K(26496K)->25597K(26496K) NonClass: 22323K(22784K)->22323K(22784K) Class: 3274K(3712K)->3274K(3712K)
[497.850s][info][gc             ] GC(508) Pause Young (Allocation Failure) 1047M->524M(3654M) 90.238ms
[497.850s][info][gc,cpu         ] GC(508) User=0.55s Sys=0.00s Real=0.09s
[498.657s][info][gc,start       ] GC(509) Pause Young (System.gc())
[498.659s][info][gc,heap        ] GC(509) PSYoungGen: 126794K->32K(931840K)
[498.659s][info][gc,heap        ] GC(509) ParOldGen: 536000K->536000K(2796544K)
[498.659s][info][gc,metaspace   ] GC(509) Metaspace: 25597K(26496K)->25597K(26496K) NonClass: 22323K(22784K)->22323K(22784K) Class: 3274K(3712K)->3274K(3712K)
[498.659s][info][gc             ] GC(509) Pause Young (System.gc()) 647M->523M(3641M) 1.895ms
[498.659s][info][gc,cpu         ] GC(509) User=0.00s Sys=0.00s Real=0.00s
[498.659s][info][gc,start       ] GC(510) Pause Full (System.gc())
[498.659s][info][gc,phases,start] GC(510) Marking Phase
[498.664s][info][gc,phases      ] GC(510) Marking Phase 5.163ms
[498.664s][info][gc,phases,start] GC(510) Summary Phase
[498.664s][info][gc,phases      ] GC(510) Summary Phase 0.013ms
[498.664s][info][gc,phases,start] GC(510) Adjust Roots
[498.667s][info][gc,phases      ] GC(510) Adjust Roots 2.642ms
[498.667s][info][gc,phases,start] GC(510) Compaction Phase
[498.669s][info][gc,phases      ] GC(510) Compaction Phase 2.292ms
[498.669s][info][gc,phases,start] GC(510) Post Compact
[498.671s][info][gc,phases      ] GC(510) Post Compact 1.201ms
[498.671s][info][gc,heap        ] GC(510) PSYoungGen: 32K->0K(931840K)
[498.671s][info][gc,heap        ] GC(510) ParOldGen: 536000K->6458K(2796544K)
[498.671s][info][gc,metaspace   ] GC(510) Metaspace: 25597K(26496K)->25597K(26496K) NonClass: 22323K(22784K)->22323K(22784K) Class: 3274K(3712K)->3274K(3712K)
[498.671s][info][gc             ] GC(510) Pause Full (System.gc()) 523M->6M(3641M) 11.601ms
[498.671s][info][gc,cpu         ] GC(510) User=0.02s Sys=0.00s Real=0.02s
[500.223s][info][gc,start       ] GC(511) Pause Young (Allocation Failure)
[500.224s][info][gc,heap        ] GC(511) PSYoungGen: 479232K->608K(978432K)
[500.224s][info][gc,heap        ] GC(511) ParOldGen: 6458K->6458K(2796544K)
[500.224s][info][gc,metaspace   ] GC(511) Metaspace: 25597K(26496K)->25597K(26496K) NonClass: 22323K(22784K)->22323K(22784K) Class: 3274K(3712K)->3274K(3712K)
[500.224s][info][gc             ] GC(511) Pause Young (Allocation Failure) 474M->6M(3686M) 0.682ms
[500.224s][info][gc,cpu         ] GC(511) User=0.00s Sys=0.00s Real=0.00s
[500.312s][info][gc,start       ] GC(512) Pause Young (Allocation Failure)
[500.313s][info][gc,heap        ] GC(512) PSYoungGen: 542304K->448K(961024K)
[500.313s][info][gc,heap        ] GC(512) ParOldGen: 6458K->6746K(2796544K)
[500.313s][info][gc,metaspace   ] GC(512) Metaspace: 25597K(26496K)->25597K(26496K) NonClass: 22323K(22784K)->22323K(22784K) Class: 3274K(3712K)->3274K(3712K)
[500.313s][info][gc             ] GC(512) Pause Young (Allocation Failure) 535M->7M(3669M) 0.653ms
[500.313s][info][gc,cpu         ] GC(512) User=0.00s Sys=0.00s Real=0.00s
[500.403s][info][gc,start       ] GC(513) Pause Young (Allocation Failure)
[500.404s][info][gc,heap        ] GC(513) PSYoungGen: 542144K->352K(1015808K)
[500.404s][info][gc,heap        ] GC(513) ParOldGen: 6746K->6858K(2796544K)
[500.404s][info][gc,metaspace   ] GC(513) Metaspace: 25597K(26496K)->25597K(26496K) NonClass: 22323K(22784K)->22323K(22784K) Class: 3274K(3712K)->3274K(3712K)
[500.404s][info][gc             ] GC(513) Pause Young (Allocation Failure) 536M->7M(3723M) 0.817ms
[500.404s][info][gc,cpu         ] GC(513) User=0.00s Sys=0.00s Real=0.00s
[500.507s][info][gc,start       ] GC(514) Pause Young (Allocation Failure)
[500.507s][info][gc,heap        ] GC(514) PSYoungGen: 615264K->384K(996864K)
[500.507s][info][gc,heap        ] GC(514) ParOldGen: 6858K->6914K(2796544K)
[500.507s][info][gc,metaspace   ] GC(514) Metaspace: 25597K(26496K)->25597K(26496K) NonClass: 22323K(22784K)->22323K(22784K) Class: 3274K(3712K)->3274K(3712K)
[500.507s][info][gc             ] GC(514) Pause Young (Allocation Failure) 607M->7M(3704M) 0.572ms
[500.507s][info][gc,cpu         ] GC(514) User=0.00s Sys=0.00s Real=0.00s
[500.609s][info][gc,start       ] GC(515) Pause Young (Allocation Failure)
[500.609s][info][gc,heap        ] GC(515) PSYoungGen: 615296K->448K(1053696K)
[500.609s][info][gc,heap        ] GC(515) ParOldGen: 6914K->6986K(2796544K)
[500.609s][info][gc,metaspace   ] GC(515) Metaspace: 25597K(26496K)->25597K(26496K) NonClass: 22323K(22784K)->22323K(22784K) Class: 3274K(3712K)->3274K(3712K)
[500.609s][info][gc             ] GC(515) Pause Young (Allocation Failure) 607M->7M(3760M) 0.567ms
[500.609s][info][gc,cpu         ] GC(515) User=0.00s Sys=0.00s Real=0.00s
[501.090s][info][gc,start       ] GC(516) Pause Young (Allocation Failure)
[501.181s][info][gc,heap        ] GC(516) PSYoungGen: 691136K->223058K(913920K)
[501.181s][info][gc,heap        ] GC(516) ParOldGen: 6986K->7106K(2796544K)
[501.181s][info][gc,metaspace   ] GC(516) Metaspace: 25597K(26496K)->25597K(26496K) NonClass: 22323K(22784K)->22323K(22784K) Class: 3274K(3712K)->3274K(3712K)
[501.181s][info][gc             ] GC(516) Pause Young (Allocation Failure) 681M->224M(3623M) 90.494ms
[501.181s][info][gc,cpu         ] GC(516) User=0.53s Sys=0.00s Real=0.10s
[505.579s][info][gc,start       ] GC(517) Pause Young (Allocation Failure)
[505.602s][info][gc,heap        ] GC(517) PSYoungGen: 913746K->59392K(1049088K)
[505.602s][info][gc,heap        ] GC(517) ParOldGen: 7106K->7162K(2796544K)
[505.602s][info][gc,metaspace   ] GC(517) Metaspace: 25598K(26496K)->25598K(26496K) NonClass: 22324K(22784K)->22324K(22784K) Class: 3274K(3712K)->3274K(3712K)
[505.602s][info][gc             ] GC(517) Pause Young (Allocation Failure) 899M->64M(3755M) 23.762ms
[505.602s][info][gc,cpu         ] GC(517) User=0.09s Sys=0.00s Real=0.03s
[505.986s][info][gc,start       ] GC(518) Pause Young (Allocation Failure)
[506.124s][info][gc,heap        ] GC(518) PSYoungGen: 732160K->279392K(952320K)
[506.124s][info][gc,heap        ] GC(518) ParOldGen: 7162K->64938K(2796544K)
[506.124s][info][gc,metaspace   ] GC(518) Metaspace: 25598K(26496K)->25598K(26496K) NonClass: 22324K(22784K)->22324K(22784K) Class: 3274K(3712K)->3274K(3712K)
[506.124s][info][gc             ] GC(518) Pause Young (Allocation Failure) 721M->336M(3661M) 137.408ms
[506.124s][info][gc,cpu         ] GC(518) User=0.78s Sys=0.00s Real=0.13s
[506.973s][info][gc,start       ] GC(519) Pause Young (Allocation Failure)
[507.147s][info][gc,heap        ] GC(519) PSYoungGen: 952160K->102883K(1027072K)
[507.147s][info][gc,heap        ] GC(519) ParOldGen: 64938K->311834K(2796544K)
[507.147s][info][gc,metaspace   ] GC(519) Metaspace: 25599K(26496K)->25599K(26496K) NonClass: 22324K(22784K)->22324K(22784K) Class: 3274K(3712K)->3274K(3712K)
[507.147s][info][gc             ] GC(519) Pause Young (Allocation Failure) 993M->404M(3734M) 174.001ms
[507.147s][info][gc,cpu         ] GC(519) User=1.02s Sys=0.00s Real=0.17s
[508.043s][info][gc,start       ] GC(520) Pause Young (System.gc())
[508.080s][info][gc,heap        ] GC(520) PSYoungGen: 325575K->64K(999936K)
[508.080s][info][gc,heap        ] GC(520) ParOldGen: 311834K->386778K(2796544K)
[508.080s][info][gc,metaspace   ] GC(520) Metaspace: 25599K(26496K)->25599K(26496K) NonClass: 22324K(22784K)->22324K(22784K) Class: 3274K(3712K)->3274K(3712K)
[508.080s][info][gc             ] GC(520) Pause Young (System.gc()) 622M->377M(3707M) 36.882ms
[508.080s][info][gc,cpu         ] GC(520) User=0.14s Sys=0.00s Real=0.05s
[508.080s][info][gc,start       ] GC(521) Pause Full (System.gc())
[508.080s][info][gc,phases,start] GC(521) Marking Phase
[508.086s][info][gc,phases      ] GC(521) Marking Phase 5.334ms
[508.086s][info][gc,phases,start] GC(521) Summary Phase
[508.086s][info][gc,phases      ] GC(521) Summary Phase 0.011ms
[508.086s][info][gc,phases,start] GC(521) Adjust Roots
[508.088s][info][gc,phases      ] GC(521) Adjust Roots 2.570ms
[508.088s][info][gc,phases,start] GC(521) Compaction Phase
[508.090s][info][gc,phases      ] GC(521) Compaction Phase 2.240ms
[508.090s][info][gc,phases,start] GC(521) Post Compact
[508.093s][info][gc,phases      ] GC(521) Post Compact 2.048ms
[508.093s][info][gc,heap        ] GC(521) PSYoungGen: 64K->0K(999936K)
[508.093s][info][gc,heap        ] GC(521) ParOldGen: 386778K->6458K(2796544K)
[508.093s][info][gc,metaspace   ] GC(521) Metaspace: 25599K(26496K)->25599K(26496K) NonClass: 22324K(22784K)->22324K(22784K) Class: 3274K(3712K)->3274K(3712K)
[508.093s][info][gc             ] GC(521) Pause Full (System.gc()) 377M->6M(3707M) 12.487ms
[508.093s][info][gc,cpu         ] GC(521) User=0.00s Sys=0.00s Real=0.01s
[509.668s][info][gc,start       ] GC(522) Pause Young (Allocation Failure)
[509.669s][info][gc,heap        ] GC(522) PSYoungGen: 629248K->544K(1051648K)
[509.669s][info][gc,heap        ] GC(522) ParOldGen: 6458K->6458K(2796544K)
[509.669s][info][gc,metaspace   ] GC(522) Metaspace: 25599K(26496K)->25599K(26496K) NonClass: 22324K(22784K)->22324K(22784K) Class: 3274K(3712K)->3274K(3712K)
[509.669s][info][gc             ] GC(522) Pause Young (Allocation Failure) 620M->6M(3758M) 0.737ms
[509.669s][info][gc,cpu         ] GC(522) User=0.00s Sys=0.00s Real=0.00s
[509.781s][info][gc,start       ] GC(523) Pause Young (Allocation Failure)
[509.781s][info][gc,heap        ] GC(523) PSYoungGen: 692768K->704K(1038336K)
[509.781s][info][gc,heap        ] GC(523) ParOldGen: 6458K->6618K(2796544K)
[509.781s][info][gc,metaspace   ] GC(523) Metaspace: 25599K(26496K)->25599K(26496K) NonClass: 22324K(22784K)->22324K(22784K) Class: 3274K(3712K)->3274K(3712K)
[509.781s][info][gc             ] GC(523) Pause Young (Allocation Failure) 682M->7M(3745M) 0.681ms
[509.781s][info][gc,cpu         ] GC(523) User=0.00s Sys=0.00s Real=0.00s
[509.892s][info][gc,start       ] GC(524) Pause Young (Allocation Failure)
[509.893s][info][gc,heap        ] GC(524) PSYoungGen: 692928K->320K(1080320K)
[509.893s][info][gc,heap        ] GC(524) ParOldGen: 6618K->6834K(2796544K)
[509.893s][info][gc,metaspace   ] GC(524) Metaspace: 25599K(26496K)->25599K(26496K) NonClass: 22324K(22784K)->22324K(22784K) Class: 3274K(3712K)->3274K(3712K)
[509.893s][info][gc             ] GC(524) Pause Young (Allocation Failure) 683M->6M(3786M) 0.590ms
[509.893s][info][gc,cpu         ] GC(524) User=0.00s Sys=0.00s Real=0.00s
[510.016s][info][gc,start       ] GC(525) Pause Young (Allocation Failure)
[510.017s][info][gc,heap        ] GC(525) PSYoungGen: 748352K->352K(1065472K)
[510.017s][info][gc,heap        ] GC(525) ParOldGen: 6834K->6866K(2796544K)
[510.017s][info][gc,metaspace   ] GC(525) Metaspace: 25599K(26496K)->25599K(26496K) NonClass: 22324K(22784K)->22324K(22784K) Class: 3274K(3712K)->3274K(3712K)
[510.017s][info][gc             ] GC(525) Pause Young (Allocation Failure) 737M->7M(3771M) 0.555ms
[510.017s][info][gc,cpu         ] GC(525) User=0.00s Sys=0.00s Real=0.00s
[510.550s][info][gc,start       ] GC(526) Pause Young (Allocation Failure)
[510.648s][info][gc,heap        ] GC(526) PSYoungGen: 748384K->245379K(1005056K)
[510.648s][info][gc,heap        ] GC(526) ParOldGen: 6866K->6954K(2796544K)
[510.648s][info][gc,metaspace   ] GC(526) Metaspace: 25600K(26496K)->25600K(26496K) NonClass: 22325K(22784K)->22325K(22784K) Class: 3274K(3712K)->3274K(3712K)
[510.648s][info][gc             ] GC(526) Pause Young (Allocation Failure) 737M->246M(3712M) 97.812ms
[510.648s][info][gc,cpu         ] GC(526) User=0.56s Sys=0.00s Real=0.09s
[514.701s][info][gc,start       ] GC(527) Pause Young (Allocation Failure)
[514.738s][info][gc,heap        ] GC(527) PSYoungGen: 947843K->94208K(1050112K)
[514.738s][info][gc,heap        ] GC(527) ParOldGen: 6954K->7058K(2796544K)
[514.738s][info][gc,metaspace   ] GC(527) Metaspace: 25600K(26496K)->25600K(26496K) NonClass: 22325K(22784K)->22325K(22784K) Class: 3274K(3712K)->3274K(3712K)
[514.738s][info][gc             ] GC(527) Pause Young (Allocation Failure) 932M->98M(3756M) 37.077ms
[514.738s][info][gc,cpu         ] GC(527) User=0.08s Sys=0.00s Real=0.04s
[515.143s][info][gc,start       ] GC(528) Pause Young (Allocation Failure)
[515.303s][info][gc,heap        ] GC(528) PSYoungGen: 796672K->290944K(961536K)
[515.303s][info][gc,heap        ] GC(528) ParOldGen: 7058K->99186K(2796544K)
[515.303s][info][gc,metaspace   ] GC(528) Metaspace: 25600K(26496K)->25600K(26496K) NonClass: 22325K(22784K)->22325K(22784K) Class: 3274K(3712K)->3274K(3712K)
[515.303s][info][gc             ] GC(528) Pause Young (Allocation Failure) 784M->380M(3670M) 159.604ms
[515.303s][info][gc,cpu         ] GC(528) User=0.73s Sys=0.03s Real=0.17s
[516.158s][info][gc,start       ] GC(529) Pause Young (Allocation Failure)
[516.319s][info][gc,heap        ] GC(529) PSYoungGen: 924800K->47217K(1015808K)
[516.319s][info][gc,heap        ] GC(529) ParOldGen: 99186K->353554K(2796544K)
[516.319s][info][gc,metaspace   ] GC(529) Metaspace: 25600K(26496K)->25600K(26496K) NonClass: 22325K(22784K)->22325K(22784K) Class: 3274K(3712K)->3274K(3712K)
[516.319s][info][gc             ] GC(529) Pause Young (Allocation Failure) 999M->391M(3723M) 161.190ms
[516.319s][info][gc,cpu         ] GC(529) User=0.94s Sys=0.00s Real=0.16s
[517.141s][info][gc,start       ] GC(530) Pause Young (System.gc())
[517.159s][info][gc,heap        ] GC(530) PSYoungGen: 193066K->160K(1046528K)
[517.159s][info][gc,heap        ] GC(530) ParOldGen: 353554K->387474K(2796544K)
[517.159s][info][gc,metaspace   ] GC(530) Metaspace: 25600K(26496K)->25600K(26496K) NonClass: 22325K(22784K)->22325K(22784K) Class: 3274K(3712K)->3274K(3712K)
[517.159s][info][gc             ] GC(530) Pause Young (System.gc()) 533M->378M(3753M) 18.459ms
[517.159s][info][gc,cpu         ] GC(530) User=0.06s Sys=0.00s Real=0.01s
[517.159s][info][gc,start       ] GC(531) Pause Full (System.gc())
[517.159s][info][gc,phases,start] GC(531) Marking Phase
[517.165s][info][gc,phases      ] GC(531) Marking Phase 5.070ms
[517.165s][info][gc,phases,start] GC(531) Summary Phase
[517.165s][info][gc,phases      ] GC(531) Summary Phase 0.014ms
[517.165s][info][gc,phases,start] GC(531) Adjust Roots
[517.167s][info][gc,phases      ] GC(531) Adjust Roots 2.603ms
[517.167s][info][gc,phases,start] GC(531) Compaction Phase
[517.169s][info][gc,phases      ] GC(531) Compaction Phase 2.073ms
[517.169s][info][gc,phases,start] GC(531) Post Compact
[517.171s][info][gc,phases      ] GC(531) Post Compact 1.953ms
[517.171s][info][gc,heap        ] GC(531) PSYoungGen: 160K->0K(1046528K)
[517.171s][info][gc,heap        ] GC(531) ParOldGen: 387474K->6458K(2796544K)
[517.171s][info][gc,metaspace   ] GC(531) Metaspace: 25600K(26496K)->25600K(26496K) NonClass: 22325K(22784K)->22325K(22784K) Class: 3274K(3712K)->3274K(3712K)
[517.171s][info][gc             ] GC(531) Pause Full (System.gc()) 378M->6M(3753M) 12.030ms
[517.171s][info][gc,cpu         ] GC(531) User=0.00s Sys=0.00s Real=0.02s
[518.752s][info][gc,start       ] GC(532) Pause Young (Allocation Failure)
[518.753s][info][gc,heap        ] GC(532) PSYoungGen: 684032K->640K(1035264K)
[518.753s][info][gc,heap        ] GC(532) ParOldGen: 6458K->6458K(2796544K)
[518.753s][info][gc,metaspace   ] GC(532) Metaspace: 25600K(26496K)->25600K(26496K) NonClass: 22325K(22784K)->22325K(22784K) Class: 3274K(3712K)->3274K(3712K)
[518.753s][info][gc             ] GC(532) Pause Young (Allocation Failure) 674M->6M(3742M) 0.852ms
[518.753s][info][gc,cpu         ] GC(532) User=0.00s Sys=0.00s Real=0.00s
[518.870s][info][gc,start       ] GC(533) Pause Young (Allocation Failure)
[518.871s][info][gc,heap        ] GC(533) PSYoungGen: 684672K->320K(1072640K)
[518.871s][info][gc,heap        ] GC(533) ParOldGen: 6458K->6786K(2796544K)
[518.871s][info][gc,metaspace   ] GC(533) Metaspace: 25600K(26496K)->25600K(26496K) NonClass: 22325K(22784K)->22325K(22784K) Class: 3274K(3712K)->3274K(3712K)
[518.871s][info][gc             ] GC(533) Pause Young (Allocation Failure) 674M->6M(3778M) 1.004ms
[518.871s][info][gc,cpu         ] GC(533) User=0.00s Sys=0.00s Real=0.00s
[518.996s][info][gc,start       ] GC(534) Pause Young (Allocation Failure)
[518.997s][info][gc,heap        ] GC(534) PSYoungGen: 734528K->448K(1059328K)
[518.997s][info][gc,heap        ] GC(534) ParOldGen: 6786K->6866K(2796544K)
[518.997s][info][gc,metaspace   ] GC(534) Metaspace: 25600K(26496K)->25600K(26496K) NonClass: 22325K(22784K)->22325K(22784K) Class: 3274K(3712K)->3274K(3712K)
[518.997s][info][gc             ] GC(534) Pause Young (Allocation Failure) 723M->7M(3765M) 0.664ms
[518.997s][info][gc,cpu         ] GC(534) User=0.00s Sys=0.00s Real=0.00s
[519.119s][info][gc,start       ] GC(535) Pause Young (Allocation Failure)
[519.120s][info][gc,heap        ] GC(535) PSYoungGen: 734656K->352K(1101312K)
[519.120s][info][gc,heap        ] GC(535) ParOldGen: 6866K->6938K(2796544K)
[519.120s][info][gc,metaspace   ] GC(535) Metaspace: 25600K(26496K)->25600K(26496K) NonClass: 22325K(22784K)->22325K(22784K) Class: 3274K(3712K)->3274K(3712K)
[519.120s][info][gc             ] GC(535) Pause Young (Allocation Failure) 724M->7M(3806M) 0.583ms
[519.120s][info][gc,cpu         ] GC(535) User=0.00s Sys=0.00s Real=0.00s
[519.797s][info][gc,start       ] GC(536) Pause Young (Allocation Failure)
[519.923s][info][gc,heap        ] GC(536) PSYoungGen: 790880K->296419K(1086976K)
[519.923s][info][gc,heap        ] GC(536) ParOldGen: 6938K->19594K(2796544K)
[519.923s][info][gc,metaspace   ] GC(536) Metaspace: 25600K(26496K)->25600K(26496K) NonClass: 22325K(22784K)->22325K(22784K) Class: 3274K(3712K)->3274K(3712K)
[519.923s][info][gc             ] GC(536) Pause Young (Allocation Failure) 779M->308M(3792M) 126.172ms
[519.923s][info][gc,cpu         ] GC(536) User=0.70s Sys=0.00s Real=0.13s
[523.810s][info][gc,start       ] GC(537) Pause Young (Allocation Failure)
[523.969s][info][gc,heap        ] GC(537) PSYoungGen: 1086947K->182880K(957952K)
[523.969s][info][gc,heap        ] GC(537) ParOldGen: 19594K->170979K(2796544K)
[523.969s][info][gc,metaspace   ] GC(537) Metaspace: 25600K(26496K)->25600K(26496K) NonClass: 22325K(22784K)->22325K(22784K) Class: 3274K(3712K)->3274K(3712K)
[523.969s][info][gc             ] GC(537) Pause Young (Allocation Failure) 1080M->345M(3666M) 159.226ms
[523.969s][info][gc,cpu         ] GC(537) User=0.86s Sys=0.00s Real=0.17s
[524.386s][info][gc,start       ] GC(538) Pause Young (Allocation Failure)
[524.603s][info][gc,heap        ] GC(538) PSYoungGen: 830048K->283331K(930816K)
[524.603s][info][gc,heap        ] GC(538) ParOldGen: 170979K->349683K(2796544K)
[524.603s][info][gc,metaspace   ] GC(538) Metaspace: 25600K(26496K)->25600K(26496K) NonClass: 22325K(22784K)->22325K(22784K) Class: 3274K(3712K)->3274K(3712K)
[524.603s][info][gc             ] GC(538) Pause Young (Allocation Failure) 977M->618M(3640M) 217.430ms
[524.603s][info][gc,cpu         ] GC(538) User=1.22s Sys=0.00s Real=0.22s
[526.219s][info][gc,start       ] GC(539) Pause Young (System.gc())
[526.231s][info][gc,heap        ] GC(539) PSYoungGen: 928894K->2208K(991744K)
[526.231s][info][gc,heap        ] GC(539) ParOldGen: 349683K->349683K(2796544K)
[526.231s][info][gc,metaspace   ] GC(539) Metaspace: 25601K(26496K)->25601K(26496K) NonClass: 22326K(22784K)->22326K(22784K) Class: 3274K(3712K)->3274K(3712K)
[526.231s][info][gc             ] GC(539) Pause Young (System.gc()) 1248M->343M(3699M) 11.318ms
[526.231s][info][gc,cpu         ] GC(539) User=0.02s Sys=0.00s Real=0.02s
[526.231s][info][gc,start       ] GC(540) Pause Full (System.gc())
[526.231s][info][gc,phases,start] GC(540) Marking Phase
[526.236s][info][gc,phases      ] GC(540) Marking Phase 5.138ms
[526.236s][info][gc,phases,start] GC(540) Summary Phase
[526.236s][info][gc,phases      ] GC(540) Summary Phase 0.012ms
[526.236s][info][gc,phases,start] GC(540) Adjust Roots
[526.239s][info][gc,phases      ] GC(540) Adjust Roots 2.620ms
[526.239s][info][gc,phases,start] GC(540) Compaction Phase
[526.241s][info][gc,phases      ] GC(540) Compaction Phase 1.947ms
[526.241s][info][gc,phases,start] GC(540) Post Compact
[526.243s][info][gc,phases      ] GC(540) Post Compact 1.966ms
[526.243s][info][gc,heap        ] GC(540) PSYoungGen: 2208K->0K(991744K)
[526.243s][info][gc,heap        ] GC(540) ParOldGen: 349683K->6458K(2796544K)
[526.243s][info][gc,metaspace   ] GC(540) Metaspace: 25601K(26496K)->25601K(26496K) NonClass: 22326K(22784K)->22326K(22784K) Class: 3274K(3712K)->3274K(3712K)
[526.243s][info][gc             ] GC(540) Pause Full (System.gc()) 343M->6M(3699M) 11.975ms
[526.243s][info][gc,cpu         ] GC(540) User=0.00s Sys=0.00s Real=0.00s
[527.814s][info][gc,start       ] GC(541) Pause Young (Allocation Failure)
[527.814s][info][gc,heap        ] GC(541) PSYoungGen: 573440K->480K(979456K)
[527.814s][info][gc,heap        ] GC(541) ParOldGen: 6458K->6458K(2796544K)
[527.814s][info][gc,metaspace   ] GC(541) Metaspace: 25601K(26496K)->25601K(26496K) NonClass: 22326K(22784K)->22326K(22784K) Class: 3274K(3712K)->3274K(3712K)
[527.814s][info][gc             ] GC(541) Pause Young (Allocation Failure) 566M->6M(3687M) 0.778ms
[527.814s][info][gc,cpu         ] GC(541) User=0.02s Sys=0.00s Real=0.02s
[527.910s][info][gc,start       ] GC(542) Pause Young (Allocation Failure)
[527.910s][info][gc,heap        ] GC(542) PSYoungGen: 573920K->416K(1020928K)
[527.910s][info][gc,heap        ] GC(542) ParOldGen: 6458K->6514K(2796544K)
[527.910s][info][gc,metaspace   ] GC(542) Metaspace: 25601K(26496K)->25601K(26496K) NonClass: 22326K(22784K)->22326K(22784K) Class: 3274K(3712K)->3274K(3712K)
[527.910s][info][gc             ] GC(542) Pause Young (Allocation Failure) 566M->6M(3728M) 0.536ms
[527.910s][info][gc,cpu         ] GC(542) User=0.00s Sys=0.00s Real=0.00s
[528.014s][info][gc,start       ] GC(543) Pause Young (Allocation Failure)
[528.015s][info][gc,heap        ] GC(543) PSYoungGen: 629152K->544K(1005568K)
[528.015s][info][gc,heap        ] GC(543) ParOldGen: 6514K->6594K(2796544K)
[528.015s][info][gc,metaspace   ] GC(543) Metaspace: 25601K(26496K)->25601K(26496K) NonClass: 22326K(22784K)->22326K(22784K) Class: 3274K(3712K)->3274K(3712K)
[528.015s][info][gc             ] GC(543) Pause Young (Allocation Failure) 620M->6M(3713M) 0.667ms
[528.015s][info][gc,cpu         ] GC(543) User=0.00s Sys=0.00s Real=0.00s
[528.118s][info][gc,start       ] GC(544) Pause Young (Allocation Failure)
[528.118s][info][gc,heap        ] GC(544) PSYoungGen: 629280K->384K(1053696K)
[528.118s][info][gc,heap        ] GC(544) ParOldGen: 6594K->6706K(2796544K)
[528.118s][info][gc,metaspace   ] GC(544) Metaspace: 25601K(26496K)->25601K(26496K) NonClass: 22326K(22784K)->22326K(22784K) Class: 3274K(3712K)->3274K(3712K)
[528.118s][info][gc             ] GC(544) Pause Young (Allocation Failure) 620M->6M(3760M) 0.602ms
[528.118s][info][gc,cpu         ] GC(544) User=0.00s Sys=0.00s Real=0.00s
[528.237s][info][gc,start       ] GC(545) Pause Young (Allocation Failure)
[528.237s][info][gc,heap        ] GC(545) PSYoungGen: 693120K->256K(1036800K)
[528.237s][info][gc,heap        ] GC(545) ParOldGen: 6706K->6754K(2796544K)
[528.237s][info][gc,metaspace   ] GC(545) Metaspace: 25601K(26496K)->25601K(26496K) NonClass: 22326K(22784K)->22326K(22784K) Class: 3274K(3712K)->3274K(3712K)
[528.237s][info][gc             ] GC(545) Pause Young (Allocation Failure) 683M->6M(3743M) 0.604ms
[528.237s][info][gc,cpu         ] GC(545) User=0.00s Sys=0.00s Real=0.00s
[529.128s][info][gc,start       ] GC(546) Pause Young (Allocation Failure)
[529.326s][info][gc,heap        ] GC(546) PSYoungGen: 692992K->327651K(845824K)
[529.326s][info][gc,heap        ] GC(546) ParOldGen: 6754K->114426K(2796544K)
[529.326s][info][gc,metaspace   ] GC(546) Metaspace: 25601K(26496K)->25601K(26496K) NonClass: 22326K(22784K)->22326K(22784K) Class: 3274K(3712K)->3274K(3712K)
[529.326s][info][gc             ] GC(546) Pause Young (Allocation Failure) 683M->431M(3557M) 197.178ms
[529.326s][info][gc,cpu         ] GC(546) User=1.12s Sys=0.00s Real=0.19s
[533.422s][info][gc,start       ] GC(547) Pause Young (Allocation Failure)
[533.504s][info][gc,heap        ] GC(547) PSYoungGen: 845795K->133856K(957952K)
[533.504s][info][gc,heap        ] GC(547) ParOldGen: 114426K->148085K(2796544K)
[533.504s][info][gc,metaspace   ] GC(547) Metaspace: 25601K(26496K)->25601K(26496K) NonClass: 22326K(22784K)->22326K(22784K) Class: 3274K(3712K)->3274K(3712K)
[533.504s][info][gc             ] GC(547) Pause Young (Allocation Failure) 937M->275M(3666M) 82.164ms
[533.504s][info][gc,cpu         ] GC(547) User=0.45s Sys=0.00s Real=0.08s
[533.803s][info][gc,start       ] GC(548) Pause Young (Allocation Failure)
[533.950s][info][gc,heap        ] GC(548) PSYoungGen: 652000K->215584K(956928K)
[533.950s][info][gc,heap        ] GC(548) ParOldGen: 148085K->279613K(2796544K)
[533.950s][info][gc,metaspace   ] GC(548) Metaspace: 25601K(26496K)->25601K(26496K) NonClass: 22326K(22784K)->22326K(22784K) Class: 3274K(3712K)->3274K(3712K)
[533.950s][info][gc             ] GC(548) Pause Young (Allocation Failure) 781M->483M(3665M) 147.184ms
[533.950s][info][gc,cpu         ] GC(548) User=0.83s Sys=0.00s Real=0.14s
[534.666s][info][gc,start       ] GC(549) Pause Young (Allocation Failure)
[534.822s][info][gc,heap        ] GC(549) PSYoungGen: 753184K->114598K(967680K)
[534.822s][info][gc,heap        ] GC(549) ParOldGen: 279613K->480253K(2796544K)
[534.822s][info][gc,metaspace   ] GC(549) Metaspace: 25601K(26496K)->25601K(26496K) NonClass: 22326K(22784K)->22326K(22784K) Class: 3274K(3712K)->3274K(3712K)
[534.822s][info][gc             ] GC(549) Pause Young (Allocation Failure) 1008M->580M(3676M) 156.834ms
[534.822s][info][gc,cpu         ] GC(549) User=0.89s Sys=0.00s Real=0.16s
[535.844s][info][gc,start       ] GC(550) Pause Young (System.gc())
[535.884s][info][gc,heap        ] GC(550) PSYoungGen: 451451K->96K(1008128K)
[535.884s][info][gc,heap        ] GC(550) ParOldGen: 480253K->550237K(2796544K)
[535.884s][info][gc,metaspace   ] GC(550) Metaspace: 25601K(26496K)->25601K(26496K) NonClass: 22326K(22784K)->22326K(22784K) Class: 3274K(3712K)->3274K(3712K)
[535.884s][info][gc             ] GC(550) Pause Young (System.gc()) 909M->537M(3715M) 40.477ms
[535.884s][info][gc,cpu         ] GC(550) User=0.12s Sys=0.00s Real=0.05s
[535.884s][info][gc,start       ] GC(551) Pause Full (System.gc())
[535.884s][info][gc,phases,start] GC(551) Marking Phase
[535.890s][info][gc,phases      ] GC(551) Marking Phase 5.196ms
[535.890s][info][gc,phases,start] GC(551) Summary Phase
[535.890s][info][gc,phases      ] GC(551) Summary Phase 0.013ms
[535.890s][info][gc,phases,start] GC(551) Adjust Roots
[535.892s][info][gc,phases      ] GC(551) Adjust Roots 2.590ms
[535.892s][info][gc,phases,start] GC(551) Compaction Phase
[535.894s][info][gc,phases      ] GC(551) Compaction Phase 2.212ms
[535.894s][info][gc,phases,start] GC(551) Post Compact
[535.896s][info][gc,phases      ] GC(551) Post Compact 1.211ms
[535.896s][info][gc,heap        ] GC(551) PSYoungGen: 96K->0K(1008128K)
[535.896s][info][gc,heap        ] GC(551) ParOldGen: 550237K->6458K(2796544K)
[535.896s][info][gc,metaspace   ] GC(551) Metaspace: 25601K(26496K)->25601K(26496K) NonClass: 22326K(22784K)->22326K(22784K) Class: 3274K(3712K)->3274K(3712K)
[535.896s][info][gc             ] GC(551) Pause Full (System.gc()) 537M->6M(3715M) 11.482ms
[535.896s][info][gc,cpu         ] GC(551) User=0.00s Sys=0.00s Real=0.00s
[537.797s][info][gc,start       ] GC(552) Pause Young (Allocation Failure)
[537.798s][info][gc,heap        ] GC(552) PSYoungGen: 608768K->704K(998400K)
[537.798s][info][gc,heap        ] GC(552) ParOldGen: 6458K->6458K(2796544K)
[537.798s][info][gc,metaspace   ] GC(552) Metaspace: 25601K(26496K)->25601K(26496K) NonClass: 22326K(22784K)->22326K(22784K) Class: 3274K(3712K)->3274K(3712K)
[537.798s][info][gc             ] GC(552) Pause Young (Allocation Failure) 600M->6M(3706M) 0.820ms
[537.798s][info][gc,cpu         ] GC(552) User=0.00s Sys=0.00s Real=0.00s
[537.897s][info][gc,start       ] GC(553) Pause Young (Allocation Failure)
[537.898s][info][gc,heap        ] GC(553) PSYoungGen: 609472K->320K(1033216K)
[537.898s][info][gc,heap        ] GC(553) ParOldGen: 6458K->6706K(2796544K)
[537.898s][info][gc,metaspace   ] GC(553) Metaspace: 25601K(26496K)->25601K(26496K) NonClass: 22326K(22784K)->22326K(22784K) Class: 3274K(3712K)->3274K(3712K)
[537.898s][info][gc             ] GC(553) Pause Young (Allocation Failure) 601M->6M(3740M) 0.639ms
[537.898s][info][gc,cpu         ] GC(553) User=0.00s Sys=0.00s Real=0.00s
[538.006s][info][gc,start       ] GC(554) Pause Young (Allocation Failure)
[538.007s][info][gc,heap        ] GC(554) PSYoungGen: 655680K->384K(1019904K)
[538.007s][info][gc,heap        ] GC(554) ParOldGen: 6706K->6746K(2796544K)
[538.007s][info][gc,metaspace   ] GC(554) Metaspace: 25601K(26496K)->25601K(26496K) NonClass: 22326K(22784K)->22326K(22784K) Class: 3274K(3712K)->3274K(3712K)
[538.007s][info][gc             ] GC(554) Pause Young (Allocation Failure) 646M->6M(3727M) 0.562ms
[538.007s][info][gc,cpu         ] GC(554) User=0.00s Sys=0.00s Real=0.00s
[538.116s][info][gc,start       ] GC(555) Pause Young (Allocation Failure)
[538.117s][info][gc,heap        ] GC(555) PSYoungGen: 655744K->320K(1062912K)
[538.117s][info][gc,heap        ] GC(555) ParOldGen: 6746K->6850K(2796544K)
[538.117s][info][gc,metaspace   ] GC(555) Metaspace: 25601K(26496K)->25601K(26496K) NonClass: 22326K(22784K)->22326K(22784K) Class: 3274K(3712K)->3274K(3712K)
[538.117s][info][gc             ] GC(555) Pause Young (Allocation Failure) 646M->7M(3769M) 0.620ms
[538.117s][info][gc,cpu         ] GC(555) User=0.00s Sys=0.00s Real=0.00s
[538.352s][info][gc,start       ] GC(556) Pause Young (Allocation Failure)
[538.383s][info][gc,heap        ] GC(556) PSYoungGen: 713024K->82243K(1047552K)
[538.383s][info][gc,heap        ] GC(556) ParOldGen: 6850K->6898K(2796544K)
[538.383s][info][gc,metaspace   ] GC(556) Metaspace: 25601K(26496K)->25601K(26496K) NonClass: 22326K(22784K)->22326K(22784K) Class: 3274K(3712K)->3274K(3712K)
[538.383s][info][gc             ] GC(556) Pause Young (Allocation Failure) 703M->87M(3754M) 31.688ms
[538.383s][info][gc,cpu         ] GC(556) User=0.03s Sys=0.00s Real=0.03s
[540.033s][info][gc,start       ] GC(557) Pause Young (Allocation Failure)
[540.034s][info][gc,heap        ] GC(557) PSYoungGen: 794947K->640K(1096704K)
[540.034s][info][gc,heap        ] GC(557) ParOldGen: 6898K->6978K(2796544K)
[540.034s][info][gc,metaspace   ] GC(557) Metaspace: 25601K(26496K)->25601K(26496K) NonClass: 22326K(22784K)->22326K(22784K) Class: 3274K(3712K)->3274K(3712K)
[540.034s][info][gc             ] GC(557) Pause Young (Allocation Failure) 783M->7M(3802M) 0.596ms
[540.034s][info][gc,cpu         ] GC(557) User=0.00s Sys=0.00s Real=0.00s
[544.156s][info][gc,start       ] GC(558) Pause Young (Allocation Failure)
[544.283s][info][gc,heap        ] GC(558) PSYoungGen: 783488K->292928K(1076224K)
[544.283s][info][gc,heap        ] GC(558) ParOldGen: 6978K->6986K(2796544K)
[544.283s][info][gc,metaspace   ] GC(558) Metaspace: 25601K(26496K)->25601K(26496K) NonClass: 22326K(22784K)->22326K(22784K) Class: 3274K(3712K)->3274K(3712K)
[544.283s][info][gc             ] GC(558) Pause Young (Allocation Failure) 771M->292M(3782M) 126.668ms
[544.283s][info][gc,cpu         ] GC(558) User=0.66s Sys=0.00s Real=0.11s
[545.193s][info][gc,start       ] GC(559) Pause Young (Allocation Failure)
[545.380s][info][gc,heap        ] GC(559) PSYoungGen: 1075776K->155306K(997376K)
[545.380s][info][gc,heap        ] GC(559) ParOldGen: 6986K->261682K(2796544K)
[545.380s][info][gc,metaspace   ] GC(559) Metaspace: 25601K(26496K)->25601K(26496K) NonClass: 22326K(22784K)->22326K(22784K) Class: 3274K(3712K)->3274K(3712K)
[545.380s][info][gc             ] GC(559) Pause Young (Allocation Failure) 1057M->407M(3705M) 187.152ms
[545.380s][info][gc,cpu         ] GC(559) User=1.08s Sys=0.00s Real=0.19s
[546.274s][info][gc,start       ] GC(560) Pause Young (System.gc())
[546.276s][info][gc,heap        ] GC(560) PSYoungGen: 375600K->32K(1036800K)
[546.276s][info][gc,heap        ] GC(560) ParOldGen: 261682K->263938K(2796544K)
[546.276s][info][gc,metaspace   ] GC(560) Metaspace: 25602K(26496K)->25602K(26496K) NonClass: 22327K(22784K)->22327K(22784K) Class: 3274K(3712K)->3274K(3712K)
[546.276s][info][gc             ] GC(560) Pause Young (System.gc()) 622M->257M(3743M) 2.566ms
[546.276s][info][gc,cpu         ] GC(560) User=0.00s Sys=0.00s Real=0.00s
[546.276s][info][gc,start       ] GC(561) Pause Full (System.gc())
[546.276s][info][gc,phases,start] GC(561) Marking Phase
[546.281s][info][gc,phases      ] GC(561) Marking Phase 4.919ms
[546.281s][info][gc,phases,start] GC(561) Summary Phase
[546.281s][info][gc,phases      ] GC(561) Summary Phase 0.012ms
[546.281s][info][gc,phases,start] GC(561) Adjust Roots
[546.284s][info][gc,phases      ] GC(561) Adjust Roots 2.629ms
[546.284s][info][gc,phases,start] GC(561) Compaction Phase
[546.286s][info][gc,phases      ] GC(561) Compaction Phase 2.356ms
[546.286s][info][gc,phases,start] GC(561) Post Compact
[546.288s][info][gc,phases      ] GC(561) Post Compact 1.469ms
[546.288s][info][gc,heap        ] GC(561) PSYoungGen: 32K->0K(1036800K)
[546.288s][info][gc,heap        ] GC(561) ParOldGen: 263938K->6458K(2796544K)
[546.288s][info][gc,metaspace   ] GC(561) Metaspace: 25602K(26496K)->25602K(26496K) NonClass: 22327K(22784K)->22327K(22784K) Class: 3274K(3712K)->3274K(3712K)
[546.288s][info][gc             ] GC(561) Pause Full (System.gc()) 257M->6M(3743M) 11.719ms
[546.288s][info][gc,cpu         ] GC(561) User=0.00s Sys=0.00s Real=0.01s
[548.351s][info][gc,start       ] GC(562) Pause Young (Allocation Failure)
[548.352s][info][gc,heap        ] GC(562) PSYoungGen: 675840K->608K(1060864K)
[548.352s][info][gc,heap        ] GC(562) ParOldGen: 6458K->6458K(2796544K)
[548.352s][info][gc,metaspace   ] GC(562) Metaspace: 25602K(26496K)->25602K(26496K) NonClass: 22327K(22784K)->22327K(22784K) Class: 3274K(3712K)->3274K(3712K)
[548.352s][info][gc             ] GC(562) Pause Young (Allocation Failure) 666M->6M(3767M) 0.773ms
[548.352s][info][gc,cpu         ] GC(562) User=0.00s Sys=0.00s Real=0.00s
[548.474s][info][gc,start       ] GC(563) Pause Young (Allocation Failure)
[548.475s][info][gc,heap        ] GC(563) PSYoungGen: 711776K->352K(1048064K)
[548.475s][info][gc,heap        ] GC(563) ParOldGen: 6458K->6698K(2796544K)
[548.475s][info][gc,metaspace   ] GC(563) Metaspace: 25602K(26496K)->25602K(26496K) NonClass: 22327K(22784K)->22327K(22784K) Class: 3274K(3712K)->3274K(3712K)
[548.475s][info][gc             ] GC(563) Pause Young (Allocation Failure) 701M->6M(3754M) 0.804ms
[548.475s][info][gc,cpu         ] GC(563) User=0.00s Sys=0.00s Real=0.00s
[548.591s][info][gc,start       ] GC(564) Pause Young (Allocation Failure)
[548.592s][info][gc,heap        ] GC(564) PSYoungGen: 711520K->384K(1089024K)
[548.592s][info][gc,heap        ] GC(564) ParOldGen: 6698K->6810K(2796544K)
[548.592s][info][gc,metaspace   ] GC(564) Metaspace: 25602K(26496K)->25602K(26496K) NonClass: 22327K(22784K)->22327K(22784K) Class: 3274K(3712K)->3274K(3712K)
[548.592s][info][gc             ] GC(564) Pause Young (Allocation Failure) 701M->7M(3794M) 0.803ms
[548.592s][info][gc,cpu         ] GC(564) User=0.00s Sys=0.00s Real=0.00s
[548.719s][info][gc,start       ] GC(565) Pause Young (Allocation Failure)
[548.720s][info][gc,heap        ] GC(565) PSYoungGen: 766336K->384K(1074688K)
[548.720s][info][gc,heap        ] GC(565) ParOldGen: 6810K->6874K(2796544K)
[548.720s][info][gc,metaspace   ] GC(565) Metaspace: 25602K(26496K)->25602K(26496K) NonClass: 22327K(22784K)->22327K(22784K) Class: 3274K(3712K)->3274K(3712K)
[548.720s][info][gc             ] GC(565) Pause Young (Allocation Failure) 755M->7M(3780M) 0.593ms
[548.720s][info][gc,cpu         ] GC(565) User=0.00s Sys=0.00s Real=0.00s
[549.387s][info][gc,start       ] GC(566) Pause Young (Allocation Failure)
[549.524s][info][gc,heap        ] GC(566) PSYoungGen: 766336K->294370K(955904K)
[549.524s][info][gc,heap        ] GC(566) ParOldGen: 6874K->31642K(2796544K)
[549.524s][info][gc,metaspace   ] GC(566) Metaspace: 25602K(26496K)->25602K(26496K) NonClass: 22327K(22784K)->22327K(22784K) Class: 3274K(3712K)->3274K(3712K)
[549.524s][info][gc             ] GC(566) Pause Young (Allocation Failure) 755M->318M(3664M) 137.184ms
[549.524s][info][gc,cpu         ] GC(566) User=0.73s Sys=0.00s Real=0.12s
[553.619s][info][gc,start       ] GC(567) Pause Young (Allocation Failure)
[553.765s][info][gc,heap        ] GC(567) PSYoungGen: 955874K->128672K(1029632K)
[553.765s][info][gc,heap        ] GC(567) ParOldGen: 31642K->204293K(2796544K)
[553.765s][info][gc,metaspace   ] GC(567) Metaspace: 25602K(26496K)->25602K(26496K) NonClass: 22327K(22784K)->22327K(22784K) Class: 3274K(3712K)->3274K(3712K)
[553.765s][info][gc             ] GC(567) Pause Young (Allocation Failure) 964M->325M(3736M) 145.677ms
[553.765s][info][gc,cpu         ] GC(567) User=0.83s Sys=0.00s Real=0.14s
[554.148s][info][gc,start       ] GC(568) Pause Young (Allocation Failure)
[554.322s][info][gc,heap        ] GC(568) PSYoungGen: 790176K->274016K(955392K)
[554.322s][info][gc,heap        ] GC(568) ParOldGen: 204293K->330677K(2796544K)
[554.322s][info][gc,metaspace   ] GC(568) Metaspace: 25602K(26496K)->25602K(26496K) NonClass: 22327K(22784K)->22327K(22784K) Class: 3274K(3712K)->3274K(3712K)
[554.322s][info][gc             ] GC(568) Pause Young (Allocation Failure) 971M->590M(3664M) 173.632ms
[554.322s][info][gc,cpu         ] GC(568) User=1.03s Sys=0.00s Real=0.17s
[555.176s][info][gc,start       ] GC(569) Pause Young (Allocation Failure)
[555.326s][info][gc,heap        ] GC(569) PSYoungGen: 872032K->51110K(997888K)
[555.326s][info][gc,heap        ] GC(569) ParOldGen: 330677K->572093K(2796544K)
[555.326s][info][gc,metaspace   ] GC(569) Metaspace: 25602K(26496K)->25602K(26496K) NonClass: 22327K(22784K)->22327K(22784K) Class: 3274K(3712K)->3274K(3712K)
[555.326s][info][gc             ] GC(569) Pause Young (Allocation Failure) 1174M->608M(3705M) 150.449ms
[555.326s][info][gc,cpu         ] GC(569) User=0.84s Sys=0.00s Real=0.16s
[556.154s][info][gc,start       ] GC(570) Pause Young (System.gc())
[556.170s][info][gc,heap        ] GC(570) PSYoungGen: 219578K->160K(1029632K)
[556.170s][info][gc,heap        ] GC(570) ParOldGen: 572093K->599805K(2796544K)
[556.170s][info][gc,metaspace   ] GC(570) Metaspace: 25602K(26496K)->25602K(26496K) NonClass: 22327K(22784K)->22327K(22784K) Class: 3274K(3712K)->3274K(3712K)
[556.170s][info][gc             ] GC(570) Pause Young (System.gc()) 773M->585M(3736M) 16.436ms
[556.170s][info][gc,cpu         ] GC(570) User=0.06s Sys=0.00s Real=0.01s
[556.170s][info][gc,start       ] GC(571) Pause Full (System.gc())
[556.170s][info][gc,phases,start] GC(571) Marking Phase
[556.176s][info][gc,phases      ] GC(571) Marking Phase 5.250ms
[556.176s][info][gc,phases,start] GC(571) Summary Phase
[556.176s][info][gc,phases      ] GC(571) Summary Phase 0.012ms
[556.176s][info][gc,phases,start] GC(571) Adjust Roots
[556.178s][info][gc,phases      ] GC(571) Adjust Roots 2.599ms
[556.178s][info][gc,phases,start] GC(571) Compaction Phase
[556.181s][info][gc,phases      ] GC(571) Compaction Phase 2.104ms
[556.181s][info][gc,phases,start] GC(571) Post Compact
[556.182s][info][gc,phases      ] GC(571) Post Compact 1.320ms
[556.182s][info][gc,heap        ] GC(571) PSYoungGen: 160K->0K(1029632K)
[556.182s][info][gc,heap        ] GC(571) ParOldGen: 599805K->6458K(2796544K)
[556.182s][info][gc,metaspace   ] GC(571) Metaspace: 25602K(26496K)->25602K(26496K) NonClass: 22327K(22784K)->22327K(22784K) Class: 3274K(3712K)->3274K(3712K)
[556.182s][info][gc             ] GC(571) Pause Full (System.gc()) 585M->6M(3736M) 11.577ms
[556.182s][info][gc,cpu         ] GC(571) User=0.00s Sys=0.00s Real=0.01s
[557.905s][info][gc,start       ] GC(572) Pause Young (Allocation Failure)
[557.906s][info][gc,heap        ] GC(572) PSYoungGen: 650240K->512K(1018368K)
[557.906s][info][gc,heap        ] GC(572) ParOldGen: 6458K->6466K(2796544K)
[557.906s][info][gc,metaspace   ] GC(572) Metaspace: 25609K(26496K)->25609K(26496K) NonClass: 22334K(22784K)->22334K(22784K) Class: 3274K(3712K)->3274K(3712K)
[557.906s][info][gc             ] GC(572) Pause Young (Allocation Failure) 641M->6M(3725M) 0.622ms
[557.906s][info][gc,cpu         ] GC(572) User=0.00s Sys=0.00s Real=0.00s
[558.012s][info][gc,start       ] GC(573) Pause Young (Allocation Failure)
[558.013s][info][gc,heap        ] GC(573) PSYoungGen: 650752K->480K(1056256K)
[558.013s][info][gc,heap        ] GC(573) ParOldGen: 6466K->6586K(2796544K)
[558.013s][info][gc,metaspace   ] GC(573) Metaspace: 25609K(26496K)->25609K(26496K) NonClass: 22334K(22784K)->22334K(22784K) Class: 3274K(3712K)->3274K(3712K)
[558.013s][info][gc             ] GC(573) Pause Young (Allocation Failure) 641M->6M(3762M) 0.635ms
[558.013s][info][gc,cpu         ] GC(573) User=0.00s Sys=0.00s Real=0.00s
[558.128s][info][gc,start       ] GC(574) Pause Young (Allocation Failure)
[558.140s][info][gc,heap        ] GC(574) PSYoungGen: 701408K->448K(1042432K)
[558.140s][info][gc,heap        ] GC(574) ParOldGen: 6586K->6682K(2796544K)
[558.140s][info][gc,metaspace   ] GC(574) Metaspace: 25609K(26496K)->25609K(26496K) NonClass: 22334K(22784K)->22334K(22784K) Class: 3274K(3712K)->3274K(3712K)
[558.140s][info][gc             ] GC(574) Pause Young (Allocation Failure) 691M->6M(3749M) 11.792ms
[558.140s][info][gc,cpu         ] GC(574) User=0.00s Sys=0.00s Real=0.02s
[558.256s][info][gc,start       ] GC(575) Pause Young (Allocation Failure)
[558.256s][info][gc,heap        ] GC(575) PSYoungGen: 701376K->320K(1085952K)
[558.256s][info][gc,heap        ] GC(575) ParOldGen: 6682K->6722K(2796544K)
[558.256s][info][gc,metaspace   ] GC(575) Metaspace: 25609K(26496K)->25609K(26496K) NonClass: 22334K(22784K)->22334K(22784K) Class: 3274K(3712K)->3274K(3712K)
[558.256s][info][gc             ] GC(575) Pause Young (Allocation Failure) 691M->6M(3791M) 0.579ms
[558.256s][info][gc,cpu         ] GC(575) User=0.02s Sys=0.00s Real=0.01s
[558.741s][info][gc,start       ] GC(576) Pause Young (Allocation Failure)
[558.830s][info][gc,heap        ] GC(576) PSYoungGen: 759616K->219730K(979456K)
[558.830s][info][gc,heap        ] GC(576) ParOldGen: 6722K->6770K(2796544K)
[558.830s][info][gc,metaspace   ] GC(576) Metaspace: 25609K(26496K)->25609K(26496K) NonClass: 22334K(22784K)->22334K(22784K) Class: 3274K(3712K)->3274K(3712K)
[558.830s][info][gc             ] GC(576) Pause Young (Allocation Failure) 748M->221M(3687M) 88.603ms
[558.830s][info][gc,cpu         ] GC(576) User=0.55s Sys=0.00s Real=0.10s
[562.586s][info][gc,start       ] GC(577) Pause Young (Allocation Failure)
[562.632s][info][gc,heap        ] GC(577) PSYoungGen: 979026K->106976K(1067008K)
[562.632s][info][gc,heap        ] GC(577) ParOldGen: 6770K->6866K(2796544K)
[562.632s][info][gc,metaspace   ] GC(577) Metaspace: 25609K(26496K)->25609K(26496K) NonClass: 22334K(22784K)->22334K(22784K) Class: 3274K(3712K)->3274K(3712K)
[562.632s][info][gc             ] GC(577) Pause Young (Allocation Failure) 962M->111M(3773M) 45.921ms
[562.632s][info][gc,cpu         ] GC(577) User=0.17s Sys=0.00s Real=0.05s
[563.047s][info][gc,start       ] GC(578) Pause Young (Allocation Failure)
[563.212s][info][gc,heap        ] GC(578) PSYoungGen: 827872K->298208K(1019392K)
[563.212s][info][gc,heap        ] GC(578) ParOldGen: 6866K->111610K(2796544K)
[563.212s][info][gc,metaspace   ] GC(578) Metaspace: 25609K(26496K)->25609K(26496K) NonClass: 22334K(22784K)->22334K(22784K) Class: 3274K(3712K)->3274K(3712K)
[563.212s][info][gc             ] GC(578) Pause Young (Allocation Failure) 815M->400M(3726M) 165.057ms
[563.212s][info][gc,cpu         ] GC(578) User=0.94s Sys=0.00s Real=0.16s
[564.746s][info][gc,start       ] GC(579) Pause Young (Allocation Failure)
[564.887s][info][gc,heap        ] GC(579) PSYoungGen: 1019104K->18272K(1025536K)
[564.887s][info][gc,heap        ] GC(579) ParOldGen: 111610K->370618K(2796544K)
[564.887s][info][gc,metaspace   ] GC(579) Metaspace: 25609K(26496K)->25609K(26496K) NonClass: 22334K(22784K)->22334K(22784K) Class: 3274K(3712K)->3274K(3712K)
[564.887s][info][gc             ] GC(579) Pause Young (Allocation Failure) 1104M->379M(3732M) 141.309ms
[564.887s][info][gc,cpu         ] GC(579) User=0.81s Sys=0.00s Real=0.14s
[564.991s][info][gc,start       ] GC(580) Pause Young (System.gc())
[564.999s][info][gc,heap        ] GC(580) PSYoungGen: 34090K->64K(1019392K)
[564.999s][info][gc,heap        ] GC(580) ParOldGen: 370618K->386834K(2796544K)
[564.999s][info][gc,metaspace   ] GC(580) Metaspace: 25609K(26496K)->25609K(26496K) NonClass: 22334K(22784K)->22334K(22784K) Class: 3274K(3712K)->3274K(3712K)
[564.999s][info][gc             ] GC(580) Pause Young (System.gc()) 395M->377M(3726M) 8.418ms
[564.999s][info][gc,cpu         ] GC(580) User=0.00s Sys=0.00s Real=0.01s
[564.999s][info][gc,start       ] GC(581) Pause Full (System.gc())
[564.999s][info][gc,phases,start] GC(581) Marking Phase
[565.004s][info][gc,phases      ] GC(581) Marking Phase 4.997ms
[565.004s][info][gc,phases,start] GC(581) Summary Phase
[565.004s][info][gc,phases      ] GC(581) Summary Phase 0.011ms
[565.004s][info][gc,phases,start] GC(581) Adjust Roots
[565.007s][info][gc,phases      ] GC(581) Adjust Roots 2.603ms
[565.007s][info][gc,phases,start] GC(581) Compaction Phase
[565.009s][info][gc,phases      ] GC(581) Compaction Phase 1.818ms
[565.009s][info][gc,phases,start] GC(581) Post Compact
[565.011s][info][gc,phases      ] GC(581) Post Compact 2.059ms
[565.011s][info][gc,heap        ] GC(581) PSYoungGen: 64K->0K(1019392K)
[565.011s][info][gc,heap        ] GC(581) ParOldGen: 386834K->6458K(2796544K)
[565.011s][info][gc,metaspace   ] GC(581) Metaspace: 25609K(26496K)->25609K(26496K) NonClass: 22334K(22784K)->22334K(22784K) Class: 3274K(3712K)->3274K(3712K)
[565.011s][info][gc             ] GC(581) Pause Full (System.gc()) 377M->6M(3726M) 11.799ms
[565.011s][info][gc,cpu         ] GC(581) User=0.00s Sys=0.00s Real=0.01s
[566.595s][info][gc,start       ] GC(582) Pause Young (Allocation Failure)
[566.596s][info][gc,heap        ] GC(582) PSYoungGen: 647168K->480K(1051648K)
[566.596s][info][gc,heap        ] GC(582) ParOldGen: 6458K->6458K(2796544K)
[566.596s][info][gc,metaspace   ] GC(582) Metaspace: 25609K(26496K)->25609K(26496K) NonClass: 22334K(22784K)->22334K(22784K) Class: 3274K(3712K)->3274K(3712K)
[566.596s][info][gc             ] GC(582) Pause Young (Allocation Failure) 638M->6M(3758M) 0.607ms
[566.596s][info][gc,cpu         ] GC(582) User=0.00s Sys=0.00s Real=0.00s
[566.709s][info][gc,start       ] GC(583) Pause Young (Allocation Failure)
[566.710s][info][gc,heap        ] GC(583) PSYoungGen: 692192K->448K(1037824K)
[566.710s][info][gc,heap        ] GC(583) ParOldGen: 6458K->6642K(2796544K)
[566.710s][info][gc,metaspace   ] GC(583) Metaspace: 25609K(26496K)->25609K(26496K) NonClass: 22334K(22784K)->22334K(22784K) Class: 3274K(3712K)->3274K(3712K)
[566.710s][info][gc             ] GC(583) Pause Young (Allocation Failure) 682M->6M(3744M) 0.681ms
[566.710s][info][gc,cpu         ] GC(583) User=0.00s Sys=0.00s Real=0.00s
[566.822s][info][gc,start       ] GC(584) Pause Young (Allocation Failure)
[566.823s][info][gc,heap        ] GC(584) PSYoungGen: 692160K->416K(1081344K)
[566.823s][info][gc,heap        ] GC(584) ParOldGen: 6642K->6746K(2796544K)
[566.823s][info][gc,metaspace   ] GC(584) Metaspace: 25609K(26496K)->25609K(26496K) NonClass: 22334K(22784K)->22334K(22784K) Class: 3274K(3712K)->3274K(3712K)
[566.823s][info][gc             ] GC(584) Pause Young (Allocation Failure) 682M->6M(3787M) 0.636ms
[566.823s][info][gc,cpu         ] GC(584) User=0.00s Sys=0.00s Real=0.00s
[566.949s][info][gc,start       ] GC(585) Pause Young (Allocation Failure)
[566.950s][info][gc,heap        ] GC(585) PSYoungGen: 749984K->320K(1065984K)
[566.950s][info][gc,heap        ] GC(585) ParOldGen: 6746K->6802K(2796544K)
[566.950s][info][gc,metaspace   ] GC(585) Metaspace: 25609K(26496K)->25609K(26496K) NonClass: 22334K(22784K)->22334K(22784K) Class: 3274K(3712K)->3274K(3712K)
[566.950s][info][gc             ] GC(585) Pause Young (Allocation Failure) 738M->6M(3772M) 0.548ms
[566.950s][info][gc,cpu         ] GC(585) User=0.00s Sys=0.00s Real=0.00s
[567.524s][info][gc,start       ] GC(586) Pause Young (Allocation Failure)
[567.632s][info][gc,heap        ] GC(586) PSYoungGen: 749888K->268146K(988160K)
[567.632s][info][gc,heap        ] GC(586) ParOldGen: 6802K->6882K(2796544K)
[567.632s][info][gc,metaspace   ] GC(586) Metaspace: 25609K(26496K)->25609K(26496K) NonClass: 22334K(22784K)->22334K(22784K) Class: 3274K(3712K)->3274K(3712K)
[567.632s][info][gc             ] GC(586) Pause Young (Allocation Failure) 738M->268M(3696M) 107.888ms
[567.632s][info][gc,cpu         ] GC(586) User=0.58s Sys=0.00s Real=0.11s
[572.251s][info][gc,start       ] GC(587) Pause Young (Allocation Failure)
[572.285s][info][gc,heap        ] GC(587) PSYoungGen: 955250K->85728K(1042432K)
[572.285s][info][gc,heap        ] GC(587) ParOldGen: 6882K->6954K(2796544K)
[572.285s][info][gc,metaspace   ] GC(587) Metaspace: 25609K(26496K)->25609K(26496K) NonClass: 22334K(22784K)->22334K(22784K) Class: 3274K(3712K)->3274K(3712K)
[572.285s][info][gc             ] GC(587) Pause Young (Allocation Failure) 939M->90M(3749M) 33.902ms
[572.285s][info][gc,cpu         ] GC(587) User=0.16s Sys=0.00s Real=0.03s
[572.682s][info][gc,start       ] GC(588) Pause Young (Allocation Failure)
[572.836s][info][gc,heap        ] GC(588) PSYoungGen: 772832K->284800K(963072K)
[572.836s][info][gc,heap        ] GC(588) ParOldGen: 6954K->90682K(2796544K)
[572.836s][info][gc,metaspace   ] GC(588) Metaspace: 25609K(26496K)->25609K(26496K) NonClass: 22334K(22784K)->22334K(22784K) Class: 3274K(3712K)->3274K(3712K)
[572.836s][info][gc             ] GC(588) Pause Young (Allocation Failure) 761M->366M(3671M) 154.381ms
[572.836s][info][gc,cpu         ] GC(588) User=0.84s Sys=0.00s Real=0.14s
[573.688s][info][gc,start       ] GC(589) Pause Young (Allocation Failure)
[573.848s][info][gc,heap        ] GC(589) PSYoungGen: 916608K->66193K(1014784K)
[573.848s][info][gc,heap        ] GC(589) ParOldGen: 90682K->341778K(2796544K)
[573.848s][info][gc,metaspace   ] GC(589) Metaspace: 25609K(26496K)->25609K(26496K) NonClass: 22334K(22784K)->22334K(22784K) Class: 3274K(3712K)->3274K(3712K)
[573.848s][info][gc             ] GC(589) Pause Young (Allocation Failure) 983M->398M(3722M) 160.133ms
[573.848s][info][gc,cpu         ] GC(589) User=0.94s Sys=0.00s Real=0.16s
[574.712s][info][gc,start       ] GC(590) Pause Young (System.gc())
[574.736s][info][gc,heap        ] GC(590) PSYoungGen: 253011K->32K(1048576K)
[574.736s][info][gc,heap        ] GC(590) ParOldGen: 341778K->389426K(2796544K)
[574.736s][info][gc,metaspace   ] GC(590) Metaspace: 25609K(26496K)->25609K(26496K) NonClass: 22334K(22784K)->22334K(22784K) Class: 3274K(3712K)->3274K(3712K)
[574.736s][info][gc             ] GC(590) Pause Young (System.gc()) 580M->380M(3755M) 24.093ms
[574.736s][info][gc,cpu         ] GC(590) User=0.06s Sys=0.00s Real=0.02s
[574.736s][info][gc,start       ] GC(591) Pause Full (System.gc())
[574.736s][info][gc,phases,start] GC(591) Marking Phase
[574.741s][info][gc,phases      ] GC(591) Marking Phase 5.457ms
[574.741s][info][gc,phases,start] GC(591) Summary Phase
[574.741s][info][gc,phases      ] GC(591) Summary Phase 0.012ms
[574.741s][info][gc,phases,start] GC(591) Adjust Roots
[574.744s][info][gc,phases      ] GC(591) Adjust Roots 2.604ms
[574.744s][info][gc,phases,start] GC(591) Compaction Phase
[574.746s][info][gc,phases      ] GC(591) Compaction Phase 2.317ms
[574.746s][info][gc,phases,start] GC(591) Post Compact
[574.748s][info][gc,phases      ] GC(591) Post Compact 1.868ms
[574.748s][info][gc,heap        ] GC(591) PSYoungGen: 32K->0K(1048576K)
[574.748s][info][gc,heap        ] GC(591) ParOldGen: 389426K->6458K(2796544K)
[574.748s][info][gc,metaspace   ] GC(591) Metaspace: 25609K(26496K)->25609K(26496K) NonClass: 22334K(22784K)->22334K(22784K) Class: 3274K(3712K)->3274K(3712K)
[574.748s][info][gc             ] GC(591) Pause Full (System.gc()) 380M->6M(3755M) 12.554ms
[574.748s][info][gc,cpu         ] GC(591) User=0.00s Sys=0.00s Real=0.02s
[576.693s][info][gc,start       ] GC(592) Pause Young (Allocation Failure)
[576.694s][info][gc,heap        ] GC(592) PSYoungGen: 689152K->576K(1038336K)
[576.694s][info][gc,heap        ] GC(592) ParOldGen: 6458K->6458K(2796544K)
[576.694s][info][gc,metaspace   ] GC(592) Metaspace: 25609K(26496K)->25609K(26496K) NonClass: 22334K(22784K)->22334K(22784K) Class: 3274K(3712K)->3274K(3712K)
[576.694s][info][gc             ] GC(592) Pause Young (Allocation Failure) 679M->6M(3745M) 0.650ms
[576.694s][info][gc,cpu         ] GC(592) User=0.00s Sys=0.00s Real=0.00s
[576.806s][info][gc,start       ] GC(593) Pause Young (Allocation Failure)
[576.806s][info][gc,heap        ] GC(593) PSYoungGen: 689728K->416K(1073664K)
[576.806s][info][gc,heap        ] GC(593) ParOldGen: 6458K->6618K(2796544K)
[576.806s][info][gc,metaspace   ] GC(593) Metaspace: 25609K(26496K)->25609K(26496K) NonClass: 22334K(22784K)->22334K(22784K) Class: 3274K(3712K)->3274K(3712K)
[576.806s][info][gc             ] GC(593) Pause Young (Allocation Failure) 679M->6M(3779M) 0.628ms
[576.806s][info][gc,cpu         ] GC(593) User=0.00s Sys=0.00s Real=0.00s
[576.930s][info][gc,start       ] GC(594) Pause Young (Allocation Failure)
[576.931s][info][gc,heap        ] GC(594) PSYoungGen: 737184K->352K(1060864K)
[576.931s][info][gc,heap        ] GC(594) ParOldGen: 6618K->6690K(2796544K)
[576.931s][info][gc,metaspace   ] GC(594) Metaspace: 25609K(26496K)->25609K(26496K) NonClass: 22334K(22784K)->22334K(22784K) Class: 3274K(3712K)->3274K(3712K)
[576.931s][info][gc             ] GC(594) Pause Young (Allocation Failure) 726M->6M(3767M) 0.578ms
[576.931s][info][gc,cpu         ] GC(594) User=0.00s Sys=0.00s Real=0.00s
[577.054s][info][gc,start       ] GC(595) Pause Young (Allocation Failure)
[577.055s][info][gc,heap        ] GC(595) PSYoungGen: 737120K->384K(1101824K)
[577.055s][info][gc,heap        ] GC(595) ParOldGen: 6690K->6762K(2796544K)
[577.055s][info][gc,metaspace   ] GC(595) Metaspace: 25609K(26496K)->25609K(26496K) NonClass: 22334K(22784K)->22334K(22784K) Class: 3274K(3712K)->3274K(3712K)
[577.055s][info][gc             ] GC(595) Pause Young (Allocation Failure) 726M->6M(3807M) 0.577ms
[577.055s][info][gc,cpu         ] GC(595) User=0.00s Sys=0.00s Real=0.00s
[577.779s][info][gc,start       ] GC(596) Pause Young (Allocation Failure)
[577.928s][info][gc,heap        ] GC(596) PSYoungGen: 791936K->295922K(1087488K)
[577.928s][info][gc,heap        ] GC(596) ParOldGen: 6762K->56138K(2796544K)
[577.928s][info][gc,metaspace   ] GC(596) Metaspace: 25609K(26496K)->25609K(26496K) NonClass: 22334K(22784K)->22334K(22784K) Class: 3274K(3712K)->3274K(3712K)
[577.928s][info][gc             ] GC(596) Pause Young (Allocation Failure) 779M->343M(3793M) 149.513ms
[577.928s][info][gc,cpu         ] GC(596) User=0.86s Sys=0.00s Real=0.16s
[581.597s][info][gc,start       ] GC(597) Pause Young (Allocation Failure)
[581.772s][info][gc,heap        ] GC(597) PSYoungGen: 1087474K->217248K(910336K)
[581.772s][info][gc,heap        ] GC(597) ParOldGen: 56138K->212230K(2796544K)
[581.772s][info][gc,metaspace   ] GC(597) Metaspace: 25609K(26496K)->25609K(26496K) NonClass: 22334K(22784K)->22334K(22784K) Class: 3274K(3712K)->3274K(3712K)
[581.772s][info][gc             ] GC(597) Pause Young (Allocation Failure) 1116M->419M(3620M) 175.005ms
[581.772s][info][gc,cpu         ] GC(597) User=1.03s Sys=0.00s Real=0.17s
[582.168s][info][gc,start       ] GC(598) Pause Young (Allocation Failure)
[582.393s][info][gc,heap        ] GC(598) PSYoungGen: 817312K->275896K(876032K)
[582.393s][info][gc,heap        ] GC(598) ParOldGen: 212230K->424982K(2796544K)
[582.393s][info][gc,metaspace   ] GC(598) Metaspace: 25609K(26496K)->25609K(26496K) NonClass: 22334K(22784K)->22334K(22784K) Class: 3274K(3712K)->3274K(3712K)
[582.393s][info][gc             ] GC(598) Pause Young (Allocation Failure) 1005M->684M(3586M) 224.520ms
[582.393s][info][gc,cpu         ] GC(598) User=1.27s Sys=0.05s Real=0.22s
[583.725s][info][gc,start       ] GC(599) Pause Young (Allocation Failure)
[583.737s][info][gc,heap        ] GC(599) PSYoungGen: 875960K->4288K(976384K)
[583.737s][info][gc,heap        ] GC(599) ParOldGen: 424982K->424990K(2796544K)
[583.737s][info][gc,metaspace   ] GC(599) Metaspace: 25609K(26496K)->25609K(26496K) NonClass: 22334K(22784K)->22334K(22784K) Class: 3274K(3712K)->3274K(3712K)
[583.737s][info][gc             ] GC(599) Pause Young (Allocation Failure) 1270M->419M(3684M) 12.427ms
[583.737s][info][gc,cpu         ] GC(599) User=0.02s Sys=0.00s Real=0.02s
[584.008s][info][gc,start       ] GC(600) Pause Young (System.gc())
[584.011s][info][gc,heap        ] GC(600) PSYoungGen: 43723K->64K(963584K)
[584.011s][info][gc,heap        ] GC(600) ParOldGen: 424990K->427238K(2796544K)
[584.011s][info][gc,metaspace   ] GC(600) Metaspace: 25609K(26496K)->25609K(26496K) NonClass: 22334K(22784K)->22334K(22784K) Class: 3274K(3712K)->3274K(3712K)
[584.011s][info][gc             ] GC(600) Pause Young (System.gc()) 457M->417M(3672M) 3.197ms
[584.011s][info][gc,cpu         ] GC(600) User=0.00s Sys=0.00s Real=0.00s
[584.011s][info][gc,start       ] GC(601) Pause Full (System.gc())
[584.011s][info][gc,phases,start] GC(601) Marking Phase
[584.016s][info][gc,phases      ] GC(601) Marking Phase 5.063ms
[584.016s][info][gc,phases,start] GC(601) Summary Phase
[584.016s][info][gc,phases      ] GC(601) Summary Phase 0.012ms
[584.016s][info][gc,phases,start] GC(601) Adjust Roots
[584.019s][info][gc,phases      ] GC(601) Adjust Roots 2.615ms
[584.030s][info][gc,phases,start] GC(601) Compaction Phase
[584.032s][info][gc,phases      ] GC(601) Compaction Phase 1.787ms
[584.032s][info][gc,phases,start] GC(601) Post Compact
[584.034s][info][gc,phases      ] GC(601) Post Compact 1.990ms
[584.034s][info][gc,heap        ] GC(601) PSYoungGen: 64K->0K(963584K)
[584.034s][info][gc,heap        ] GC(601) ParOldGen: 427238K->6458K(2796544K)
[584.034s][info][gc,metaspace   ] GC(601) Metaspace: 25609K(26496K)->25609K(26496K) NonClass: 22334K(22784K)->22334K(22784K) Class: 3274K(3712K)->3274K(3712K)
[584.034s][info][gc             ] GC(601) Pause Full (System.gc()) 417M->6M(3672M) 22.699ms
[584.034s][info][gc,cpu         ] GC(601) User=0.00s Sys=0.00s Real=0.03s
[585.624s][info][gc,start       ] GC(602) Pause Young (Allocation Failure)
[585.625s][info][gc,heap        ] GC(602) PSYoungGen: 542208K->640K(1005568K)
[585.625s][info][gc,heap        ] GC(602) ParOldGen: 6458K->6458K(2796544K)
[585.625s][info][gc,metaspace   ] GC(602) Metaspace: 25609K(26496K)->25609K(26496K) NonClass: 22334K(22784K)->22334K(22784K) Class: 3274K(3712K)->3274K(3712K)
[585.625s][info][gc             ] GC(602) Pause Young (Allocation Failure) 535M->6M(3713M) 0.687ms
[585.625s][info][gc,cpu         ] GC(602) User=0.00s Sys=0.00s Real=0.00s
[585.722s][info][gc,start       ] GC(603) Pause Young (Allocation Failure)
[585.723s][info][gc,heap        ] GC(603) PSYoungGen: 598656K->416K(990208K)
[585.723s][info][gc,heap        ] GC(603) ParOldGen: 6458K->6698K(2796544K)
[585.723s][info][gc,metaspace   ] GC(603) Metaspace: 25609K(26496K)->25609K(26496K) NonClass: 22334K(22784K)->22334K(22784K) Class: 3274K(3712K)->3274K(3712K)
[585.723s][info][gc             ] GC(603) Pause Young (Allocation Failure) 590M->6M(3698M) 0.701ms
[585.723s][info][gc,cpu         ] GC(603) User=0.00s Sys=0.00s Real=0.00s
[585.821s][info][gc,start       ] GC(604) Pause Young (Allocation Failure)
[585.821s][info][gc,heap        ] GC(604) PSYoungGen: 598432K->480K(1038848K)
[585.821s][info][gc,heap        ] GC(604) ParOldGen: 6698K->6754K(2796544K)
[585.821s][info][gc,metaspace   ] GC(604) Metaspace: 25609K(26496K)->25609K(26496K) NonClass: 22334K(22784K)->22334K(22784K) Class: 3274K(3712K)->3274K(3712K)
[585.821s][info][gc             ] GC(604) Pause Young (Allocation Failure) 590M->7M(3745M) 0.710ms
[585.821s][info][gc,cpu         ] GC(604) User=0.00s Sys=0.00s Real=0.00s
[585.930s][info][gc,start       ] GC(605) Pause Young (Allocation Failure)
[585.931s][info][gc,heap        ] GC(605) PSYoungGen: 663520K->416K(1021952K)
[585.931s][info][gc,heap        ] GC(605) ParOldGen: 6754K->6914K(2796544K)
[585.931s][info][gc,metaspace   ] GC(605) Metaspace: 25609K(26496K)->25609K(26496K) NonClass: 22334K(22784K)->22334K(22784K) Class: 3274K(3712K)->3274K(3712K)
[585.931s][info][gc             ] GC(605) Pause Young (Allocation Failure) 654M->7M(3729M) 0.616ms
[585.931s][info][gc,cpu         ] GC(605) User=0.00s Sys=0.00s Real=0.00s
[586.040s][info][gc,start       ] GC(606) Pause Young (Allocation Failure)
[586.041s][info][gc,heap        ] GC(606) PSYoungGen: 663456K->352K(1073664K)
[586.041s][info][gc,heap        ] GC(606) ParOldGen: 6914K->6962K(2796544K)
[586.041s][info][gc,metaspace   ] GC(606) Metaspace: 25609K(26496K)->25609K(26496K) NonClass: 22334K(22784K)->22334K(22784K) Class: 3274K(3712K)->3274K(3712K)
[586.041s][info][gc             ] GC(606) Pause Young (Allocation Failure) 654M->7M(3779M) 0.545ms
[586.041s][info][gc,cpu         ] GC(606) User=0.00s Sys=0.00s Real=0.00s
[586.901s][info][gc,start       ] GC(607) Pause Young (Allocation Failure)
[587.096s][info][gc,heap        ] GC(607) PSYoungGen: 732512K->324082K(1056256K)
[587.096s][info][gc,heap        ] GC(607) ParOldGen: 6962K->110306K(2796544K)
[587.096s][info][gc,metaspace   ] GC(607) Metaspace: 25609K(26496K)->25609K(26496K) NonClass: 22334K(22784K)->22334K(22784K) Class: 3274K(3712K)->3274K(3712K)
[587.096s][info][gc             ] GC(607) Pause Young (Allocation Failure) 722M->424M(3762M) 194.449ms
[587.096s][info][gc,cpu         ] GC(607) User=1.14s Sys=0.00s Real=0.20s
[593.035s][info][gc,start       ] GC(608) Pause Young (Allocation Failure)
[593.257s][info][gc,heap        ] GC(608) PSYoungGen: 1056242K->212736K(849408K)
[593.257s][info][gc,heap        ] GC(608) ParOldGen: 110306K->347765K(2796544K)
[593.257s][info][gc,metaspace   ] GC(608) Metaspace: 25609K(26496K)->25609K(26496K) NonClass: 22334K(22784K)->22334K(22784K) Class: 3274K(3712K)->3274K(3712K)
[593.257s][info][gc             ] GC(608) Pause Young (Allocation Failure) 1139M->547M(3560M) 221.933ms
[593.257s][info][gc,cpu         ] GC(608) User=1.30s Sys=0.00s Real=0.22s
[593.555s][info][gc,start       ] GC(609) Pause Young (Allocation Failure)
[593.738s][info][gc,heap        ] GC(609) PSYoungGen: 720640K->210848K(718848K)
[593.738s][info][gc,heap        ] GC(609) ParOldGen: 347765K->557581K(2796544K)
[593.738s][info][gc,metaspace   ] GC(609) Metaspace: 25609K(26496K)->25609K(26496K) NonClass: 22334K(22784K)->22334K(22784K) Class: 3274K(3712K)->3274K(3712K)
[593.738s][info][gc             ] GC(609) Pause Young (Allocation Failure) 1043M->750M(3433M) 182.880ms
[593.738s][info][gc,cpu         ] GC(609) User=0.95s Sys=0.00s Real=0.18s
[594.533s][info][gc,start       ] GC(610) Pause Young (Allocation Failure)
[594.655s][info][gc,heap        ] GC(610) PSYoungGen: 718752K->32646K(967168K)
[594.655s][info][gc,heap        ] GC(610) ParOldGen: 557581K->747861K(2796544K)
[594.655s][info][gc,metaspace   ] GC(610) Metaspace: 25609K(26496K)->25609K(26496K) NonClass: 22334K(22784K)->22334K(22784K) Class: 3274K(3712K)->3274K(3712K)
[594.655s][info][gc             ] GC(610) Pause Young (Allocation Failure) 1246M->762M(3675M) 122.450ms
[594.655s][info][gc,cpu         ] GC(610) User=0.69s Sys=0.00s Real=0.13s
[595.538s][info][gc,start       ] GC(611) Pause Young (System.gc())
[595.547s][info][gc,heap        ] GC(611) PSYoungGen: 231063K->64K(947712K)
[595.547s][info][gc,heap        ] GC(611) ParOldGen: 747861K->755981K(2796544K)
[595.547s][info][gc,metaspace   ] GC(611) Metaspace: 25609K(26496K)->25609K(26496K) NonClass: 22334K(22784K)->22334K(22784K) Class: 3274K(3712K)->3274K(3712K)
[595.547s][info][gc             ] GC(611) Pause Young (System.gc()) 955M->738M(3656M) 9.733ms
[595.547s][info][gc,cpu         ] GC(611) User=0.02s Sys=0.00s Real=0.02s
[595.547s][info][gc,start       ] GC(612) Pause Full (System.gc())
[595.547s][info][gc,phases,start] GC(612) Marking Phase
[595.553s][info][gc,phases      ] GC(612) Marking Phase 5.104ms
[595.553s][info][gc,phases,start] GC(612) Summary Phase
[595.553s][info][gc,phases      ] GC(612) Summary Phase 0.015ms
[595.553s][info][gc,phases,start] GC(612) Adjust Roots
[595.555s][info][gc,phases      ] GC(612) Adjust Roots 2.675ms
[595.555s][info][gc,phases,start] GC(612) Compaction Phase
[595.557s][info][gc,phases      ] GC(612) Compaction Phase 1.796ms
[595.557s][info][gc,phases,start] GC(612) Post Compact
[595.559s][info][gc,phases      ] GC(612) Post Compact 1.473ms
[595.559s][info][gc,heap        ] GC(612) PSYoungGen: 64K->0K(947712K)
[595.559s][info][gc,heap        ] GC(612) ParOldGen: 755981K->6458K(2796544K)
[595.559s][info][gc,metaspace   ] GC(612) Metaspace: 25609K(26496K)->25609K(26496K) NonClass: 22334K(22784K)->22334K(22784K) Class: 3274K(3712K)->3274K(3712K)
[595.559s][info][gc             ] GC(612) Pause Full (System.gc()) 738M->6M(3656M) 11.374ms
[595.559s][info][gc,cpu         ] GC(612) User=0.00s Sys=0.00s Real=0.02s
[597.498s][info][gc,start       ] GC(613) Pause Young (Allocation Failure)
[597.499s][info][gc,heap        ] GC(613) PSYoungGen: 517120K->512K(996864K)
[597.499s][info][gc,heap        ] GC(613) ParOldGen: 6458K->6458K(2796544K)
[597.499s][info][gc,metaspace   ] GC(613) Metaspace: 25609K(26496K)->25609K(26496K) NonClass: 22334K(22784K)->22334K(22784K) Class: 3274K(3712K)->3274K(3712K)
[597.499s][info][gc             ] GC(613) Pause Young (Allocation Failure) 511M->6M(3704M) 0.738ms
[597.499s][info][gc,cpu         ] GC(613) User=0.00s Sys=0.00s Real=0.00s
[597.594s][info][gc,start       ] GC(614) Pause Young (Allocation Failure)
[597.594s][info][gc,heap        ] GC(614) PSYoungGen: 580608K->288K(980992K)
[597.594s][info][gc,heap        ] GC(614) ParOldGen: 6458K->6650K(2796544K)
[597.594s][info][gc,metaspace   ] GC(614) Metaspace: 25609K(26496K)->25609K(26496K) NonClass: 22334K(22784K)->22334K(22784K) Class: 3274K(3712K)->3274K(3712K)
[597.594s][info][gc             ] GC(614) Pause Young (Allocation Failure) 573M->6M(3689M) 0.700ms
[597.594s][info][gc,cpu         ] GC(614) User=0.00s Sys=0.00s Real=0.00s
[597.690s][info][gc,start       ] GC(615) Pause Young (Allocation Failure)
[597.702s][info][gc,heap        ] GC(615) PSYoungGen: 580384K->384K(1030656K)
[597.702s][info][gc,heap        ] GC(615) ParOldGen: 6650K->6738K(2796544K)
[597.702s][info][gc,metaspace   ] GC(615) Metaspace: 25609K(26496K)->25609K(26496K) NonClass: 22334K(22784K)->22334K(22784K) Class: 3274K(3712K)->3274K(3712K)
[597.702s][info][gc             ] GC(615) Pause Young (Allocation Failure) 573M->6M(3737M) 11.970ms
[597.702s][info][gc,cpu         ] GC(615) User=0.00s Sys=0.00s Real=0.03s
[597.809s][info][gc,start       ] GC(616) Pause Young (Allocation Failure)
[597.809s][info][gc,heap        ] GC(616) PSYoungGen: 646528K->416K(1013248K)
[597.809s][info][gc,heap        ] GC(616) ParOldGen: 6738K->6810K(2796544K)
[597.809s][info][gc,metaspace   ] GC(616) Metaspace: 25609K(26496K)->25609K(26496K) NonClass: 22334K(22784K)->22334K(22784K) Class: 3274K(3712K)->3274K(3712K)
[597.810s][info][gc             ] GC(616) Pause Young (Allocation Failure) 637M->7M(3720M) 0.610ms
[597.810s][info][gc,cpu         ] GC(616) User=0.00s Sys=0.00s Real=0.00s
[597.918s][info][gc,start       ] GC(617) Pause Young (Allocation Failure)
[597.918s][info][gc,heap        ] GC(617) PSYoungGen: 646560K->288K(1066496K)
[597.918s][info][gc,heap        ] GC(617) ParOldGen: 6810K->6874K(2796544K)
[597.918s][info][gc,metaspace   ] GC(617) Metaspace: 25609K(26496K)->25609K(26496K) NonClass: 22334K(22784K)->22334K(22784K) Class: 3274K(3712K)->3274K(3712K)
[597.918s][info][gc             ] GC(617) Pause Young (Allocation Failure) 638M->6M(3772M) 0.601ms
[597.918s][info][gc,cpu         ] GC(617) User=0.00s Sys=0.00s Real=0.00s
[598.662s][info][gc,start       ] GC(618) Pause Young (Allocation Failure)
[598.815s][info][gc,heap        ] GC(618) PSYoungGen: 717600K->331250K(1048576K)
[598.815s][info][gc,heap        ] GC(618) ParOldGen: 6874K->40282K(2796544K)
[598.815s][info][gc,metaspace   ] GC(618) Metaspace: 25609K(26496K)->25609K(26496K) NonClass: 22334K(22784K)->22334K(22784K) Class: 3274K(3712K)->3274K(3712K)
[598.815s][info][gc             ] GC(618) Pause Young (Allocation Failure) 707M->362M(3755M) 153.160ms
[598.815s][info][gc,cpu         ] GC(618) User=0.81s Sys=0.00s Real=0.14s
[602.528s][info][gc,start       ] GC(619) Pause Young (Allocation Failure)
[602.715s][info][gc,heap        ] GC(619) PSYoungGen: 1048562K->187040K(904192K)
[602.715s][info][gc,heap        ] GC(619) ParOldGen: 40282K->245580K(2796544K)
[602.715s][info][gc,metaspace   ] GC(619) Metaspace: 25609K(26496K)->25609K(26496K) NonClass: 22334K(22784K)->22334K(22784K) Class: 3274K(3712K)->3274K(3712K)
[602.715s][info][gc             ] GC(619) Pause Young (Allocation Failure) 1063M->422M(3614M) 187.068ms
[602.715s][info][gc,cpu         ] GC(619) User=1.02s Sys=0.00s Real=0.17s
[603.039s][info][gc,start       ] GC(620) Pause Young (Allocation Failure)
[603.216s][info][gc,heap        ] GC(620) PSYoungGen: 742048K->230176K(785408K)
[603.217s][info][gc,heap        ] GC(620) ParOldGen: 245580K->429932K(2796544K)
[603.217s][info][gc,metaspace   ] GC(620) Metaspace: 25609K(26496K)->25609K(26496K) NonClass: 22334K(22784K)->22334K(22784K) Class: 3274K(3712K)->3274K(3712K)
[603.217s][info][gc             ] GC(620) Pause Young (Allocation Failure) 964M->644M(3498M) 177.090ms
[603.217s][info][gc,cpu         ] GC(620) User=1.00s Sys=0.00s Real=0.17s
[604.049s][info][gc,start       ] GC(621) Pause Young (Allocation Failure)
[604.184s][info][gc,heap        ] GC(621) PSYoungGen: 785184K->32259K(978944K)
[604.184s][info][gc,heap        ] GC(621) ParOldGen: 429932K->634156K(2796544K)
[604.184s][info][gc,metaspace   ] GC(621) Metaspace: 25609K(26496K)->25609K(26496K) NonClass: 22334K(22784K)->22334K(22784K) Class: 3274K(3712K)->3274K(3712K)
[604.184s][info][gc             ] GC(621) Pause Young (Allocation Failure) 1186M->650M(3687M) 134.891ms
[604.184s][info][gc,cpu         ] GC(621) User=0.75s Sys=0.00s Real=0.14s
[605.042s][info][gc,start       ] GC(622) Pause Young (System.gc())
[605.054s][info][gc,heap        ] GC(622) PSYoungGen: 205475K->128K(959488K)
[605.054s][info][gc,heap        ] GC(622) ParOldGen: 634156K->649508K(2796544K)
[605.054s][info][gc,metaspace   ] GC(622) Metaspace: 25611K(26496K)->25611K(26496K) NonClass: 22336K(22784K)->22336K(22784K) Class: 3274K(3712K)->3274K(3712K)
[605.054s][info][gc             ] GC(622) Pause Young (System.gc()) 819M->634M(3668M) 11.765ms
[605.054s][info][gc,cpu         ] GC(622) User=0.00s Sys=0.00s Real=0.00s
[605.054s][info][gc,start       ] GC(623) Pause Full (System.gc())
[605.054s][info][gc,phases,start] GC(623) Marking Phase
[605.059s][info][gc,phases      ] GC(623) Marking Phase 5.250ms
[605.059s][info][gc,phases,start] GC(623) Summary Phase
[605.059s][info][gc,phases      ] GC(623) Summary Phase 0.013ms
[605.059s][info][gc,phases,start] GC(623) Adjust Roots
[605.062s][info][gc,phases      ] GC(623) Adjust Roots 2.599ms
[605.062s][info][gc,phases,start] GC(623) Compaction Phase
[605.064s][info][gc,phases      ] GC(623) Compaction Phase 2.447ms
[605.064s][info][gc,phases,start] GC(623) Post Compact
[605.065s][info][gc,phases      ] GC(623) Post Compact 1.321ms
[605.066s][info][gc,heap        ] GC(623) PSYoungGen: 128K->0K(959488K)
[605.066s][info][gc,heap        ] GC(623) ParOldGen: 649508K->6458K(2796544K)
[605.066s][info][gc,metaspace   ] GC(623) Metaspace: 25611K(26496K)->25611K(26496K) NonClass: 22336K(22784K)->22336K(22784K) Class: 3274K(3712K)->3274K(3712K)
[605.066s][info][gc             ] GC(623) Pause Full (System.gc()) 634M->6M(3668M) 11.910ms
[605.066s][info][gc,cpu         ] GC(623) User=0.00s Sys=0.00s Real=0.02s
[606.629s][info][gc,start       ] GC(624) Pause Young (Allocation Failure)
[606.629s][info][gc,heap        ] GC(624) PSYoungGen: 540672K->544K(1008128K)
[606.629s][info][gc,heap        ] GC(624) ParOldGen: 6458K->6458K(2796544K)
[606.629s][info][gc,metaspace   ] GC(624) Metaspace: 25611K(26496K)->25611K(26496K) NonClass: 22336K(22784K)->22336K(22784K) Class: 3274K(3712K)->3274K(3712K)
[606.629s][info][gc             ] GC(624) Pause Young (Allocation Failure) 534M->6M(3715M) 0.620ms
[606.629s][info][gc,cpu         ] GC(624) User=0.00s Sys=0.00s Real=0.00s
[606.726s][info][gc,start       ] GC(625) Pause Young (Allocation Failure)
[606.727s][info][gc,heap        ] GC(625) PSYoungGen: 603680K->512K(992768K)
[606.727s][info][gc,heap        ] GC(625) ParOldGen: 6458K->6698K(2796544K)
[606.727s][info][gc,metaspace   ] GC(625) Metaspace: 25611K(26496K)->25611K(26496K) NonClass: 22336K(22784K)->22336K(22784K) Class: 3274K(3712K)->3274K(3712K)
[606.727s][info][gc             ] GC(625) Pause Young (Allocation Failure) 595M->7M(3700M) 0.731ms
[606.727s][info][gc,cpu         ] GC(625) User=0.00s Sys=0.00s Real=0.00s
[606.826s][info][gc,start       ] GC(626) Pause Young (Allocation Failure)
[606.827s][info][gc,heap        ] GC(626) PSYoungGen: 603648K->480K(1041920K)
[606.827s][info][gc,heap        ] GC(626) ParOldGen: 6698K->6882K(2796544K)
[606.827s][info][gc,metaspace   ] GC(626) Metaspace: 25611K(26496K)->25611K(26496K) NonClass: 22336K(22784K)->22336K(22784K) Class: 3274K(3712K)->3274K(3712K)
[606.827s][info][gc             ] GC(626) Pause Young (Allocation Failure) 596M->7M(3748M) 0.770ms
[606.827s][info][gc,cpu         ] GC(626) User=0.00s Sys=0.00s Real=0.00s
[606.937s][info][gc,start       ] GC(627) Pause Young (Allocation Failure)
[606.938s][info][gc,heap        ] GC(627) PSYoungGen: 669664K->416K(1025024K)
[606.938s][info][gc,heap        ] GC(627) ParOldGen: 6882K->6994K(2796544K)
[606.938s][info][gc,metaspace   ] GC(627) Metaspace: 25611K(26496K)->25611K(26496K) NonClass: 22336K(22784K)->22336K(22784K) Class: 3274K(3712K)->3274K(3712K)
[606.938s][info][gc             ] GC(627) Pause Young (Allocation Failure) 660M->7M(3732M) 0.656ms
[606.938s][info][gc,cpu         ] GC(627) User=0.00s Sys=0.00s Real=0.00s
[607.050s][info][gc,start       ] GC(628) Pause Young (Allocation Failure)
[607.051s][info][gc,heap        ] GC(628) PSYoungGen: 669600K->320K(1076736K)
[607.051s][info][gc,heap        ] GC(628) ParOldGen: 6994K->7026K(2796544K)
[607.051s][info][gc,metaspace   ] GC(628) Metaspace: 25611K(26496K)->25611K(26496K) NonClass: 22336K(22784K)->22336K(22784K) Class: 3274K(3712K)->3274K(3712K)
[607.051s][info][gc             ] GC(628) Pause Young (Allocation Failure) 660M->7M(3782M) 0.702ms
[607.051s][info][gc,cpu         ] GC(628) User=0.00s Sys=0.00s Real=0.02s
[607.932s][info][gc,start       ] GC(629) Pause Young (Allocation Failure)
[608.133s][info][gc,heap        ] GC(629) PSYoungGen: 738624K->321010K(1059328K)
[608.133s][info][gc,heap        ] GC(629) ParOldGen: 7026K->122354K(2796544K)
[608.133s][info][gc,metaspace   ] GC(629) Metaspace: 25611K(26496K)->25611K(26496K) NonClass: 22336K(22784K)->22336K(22784K) Class: 3274K(3712K)->3274K(3712K)
[608.133s][info][gc             ] GC(629) Pause Young (Allocation Failure) 728M->432M(3765M) 201.585ms
[608.133s][info][gc,cpu         ] GC(629) User=1.14s Sys=0.00s Real=0.20s
[612.576s][info][gc,start       ] GC(630) Pause Young (Allocation Failure)
[612.806s][info][gc,heap        ] GC(630) PSYoungGen: 1059314K->220704K(839168K)
[612.806s][info][gc,heap        ] GC(630) ParOldGen: 122354K->362166K(2796544K)
[612.806s][info][gc,metaspace   ] GC(630) Metaspace: 25612K(26496K)->25612K(26496K) NonClass: 22338K(22784K)->22338K(22784K) Class: 3274K(3712K)->3274K(3712K)
[612.806s][info][gc             ] GC(630) Pause Young (Allocation Failure) 1153M->569M(3550M) 229.428ms
[612.806s][info][gc,cpu         ] GC(630) User=1.17s Sys=0.02s Real=0.22s
[613.098s][info][gc,start       ] GC(631) Pause Young (Allocation Failure)
[613.284s][info][gc,heap        ] GC(631) PSYoungGen: 721440K->207936K(709120K)
[613.284s][info][gc,heap        ] GC(631) ParOldGen: 362166K->579934K(2796544K)
[613.284s][info][gc,metaspace   ] GC(631) Metaspace: 25612K(26496K)->25612K(26496K) NonClass: 22338K(22784K)->22338K(22784K) Class: 3274K(3712K)->3274K(3712K)
[613.284s][info][gc             ] GC(631) Pause Young (Allocation Failure) 1058M->769M(3423M) 186.383ms
[613.284s][info][gc,cpu         ] GC(631) User=1.05s Sys=0.00s Real=0.19s
[614.040s][info][gc,start       ] GC(632) Pause Young (Allocation Failure)
[614.168s][info][gc,heap        ] GC(632) PSYoungGen: 708672K->16049K(962048K)
[614.169s][info][gc,heap        ] GC(632) ParOldGen: 579934K->767390K(2796544K)
[614.169s][info][gc,metaspace   ] GC(632) Metaspace: 25612K(26496K)->25612K(26496K) NonClass: 22338K(22784K)->22338K(22784K) Class: 3274K(3712K)->3274K(3712K)
[614.169s][info][gc             ] GC(632) Pause Young (Allocation Failure) 1258M->765M(3670M) 128.429ms
[614.169s][info][gc,cpu         ] GC(632) User=0.66s Sys=0.00s Real=0.12s
[615.037s][info][gc,start       ] GC(633) Pause Young (System.gc())
[615.045s][info][gc,heap        ] GC(633) PSYoungGen: 207510K->64K(945664K)
[615.045s][info][gc,heap        ] GC(633) ParOldGen: 767390K->769342K(2796544K)
[615.045s][info][gc,metaspace   ] GC(633) Metaspace: 25612K(26496K)->25612K(26496K) NonClass: 22338K(22784K)->22338K(22784K) Class: 3274K(3712K)->3274K(3712K)
[615.045s][info][gc             ] GC(633) Pause Young (System.gc()) 952M->751M(3654M) 7.573ms
[615.045s][info][gc,cpu         ] GC(633) User=0.02s Sys=0.00s Real=0.02s
[615.045s][info][gc,start       ] GC(634) Pause Full (System.gc())
[615.045s][info][gc,phases,start] GC(634) Marking Phase
[615.050s][info][gc,phases      ] GC(634) Marking Phase 4.847ms
[615.050s][info][gc,phases,start] GC(634) Summary Phase
[615.050s][info][gc,phases      ] GC(634) Summary Phase 0.014ms
[615.050s][info][gc,phases,start] GC(634) Adjust Roots
[615.052s][info][gc,phases      ] GC(634) Adjust Roots 2.619ms
[615.053s][info][gc,phases,start] GC(634) Compaction Phase
[615.055s][info][gc,phases      ] GC(634) Compaction Phase 2.372ms
[615.055s][info][gc,phases,start] GC(634) Post Compact
[615.057s][info][gc,phases      ] GC(634) Post Compact 1.610ms
[615.057s][info][gc,heap        ] GC(634) PSYoungGen: 64K->0K(945664K)
[615.057s][info][gc,heap        ] GC(634) ParOldGen: 769342K->6458K(2796544K)
[615.057s][info][gc,metaspace   ] GC(634) Metaspace: 25612K(26496K)->25612K(26496K) NonClass: 22338K(22784K)->22338K(22784K) Class: 3274K(3712K)->3274K(3712K)
[615.057s][info][gc             ] GC(634) Pause Full (System.gc()) 751M->6M(3654M) 11.840ms
[615.057s][info][gc,cpu         ] GC(634) User=0.00s Sys=0.00s Real=0.00s
[617.049s][info][gc,start       ] GC(635) Pause Young (Allocation Failure)
[617.049s][info][gc,heap        ] GC(635) PSYoungGen: 509952K->672K(993280K)
[617.049s][info][gc,heap        ] GC(635) ParOldGen: 6458K->6458K(2796544K)
[617.049s][info][gc,metaspace   ] GC(635) Metaspace: 25612K(26496K)->25612K(26496K) NonClass: 22338K(22784K)->22338K(22784K) Class: 3274K(3712K)->3274K(3712K)
[617.049s][info][gc             ] GC(635) Pause Young (Allocation Failure) 504M->6M(3701M) 0.784ms
[617.049s][info][gc,cpu         ] GC(635) User=0.00s Sys=0.00s Real=0.00s
[617.143s][info][gc,start       ] GC(636) Pause Young (Allocation Failure)
[617.143s][info][gc,heap        ] GC(636) PSYoungGen: 573088K->384K(976896K)
[617.143s][info][gc,heap        ] GC(636) ParOldGen: 6458K->6658K(2796544K)
[617.143s][info][gc,metaspace   ] GC(636) Metaspace: 25612K(26496K)->25612K(26496K) NonClass: 22338K(22784K)->22338K(22784K) Class: 3274K(3712K)->3274K(3712K)
[617.143s][info][gc             ] GC(636) Pause Young (Allocation Failure) 565M->6M(3685M) 0.597ms
[617.143s][info][gc,cpu         ] GC(636) User=0.00s Sys=0.00s Real=0.00s
[617.239s][info][gc,start       ] GC(637) Pause Young (Allocation Failure)
[617.239s][info][gc,heap        ] GC(637) PSYoungGen: 572800K->352K(1028608K)
[617.239s][info][gc,heap        ] GC(637) ParOldGen: 6658K->6706K(2796544K)
[617.239s][info][gc,metaspace   ] GC(637) Metaspace: 25612K(26496K)->25612K(26496K) NonClass: 22338K(22784K)->22338K(22784K) Class: 3274K(3712K)->3274K(3712K)
[617.239s][info][gc             ] GC(637) Pause Young (Allocation Failure) 565M->6M(3735M) 0.528ms
[617.239s][info][gc,cpu         ] GC(637) User=0.00s Sys=0.00s Real=0.00s
[617.346s][info][gc,start       ] GC(638) Pause Young (Allocation Failure)
[617.347s][info][gc,heap        ] GC(638) PSYoungGen: 641888K->512K(1010688K)
[617.347s][info][gc,heap        ] GC(638) ParOldGen: 6706K->6754K(2796544K)
[617.347s][info][gc,metaspace   ] GC(638) Metaspace: 25612K(26496K)->25612K(26496K) NonClass: 22338K(22784K)->22338K(22784K) Class: 3274K(3712K)->3274K(3712K)
[617.347s][info][gc             ] GC(638) Pause Young (Allocation Failure) 633M->7M(3718M) 0.557ms
[617.347s][info][gc,cpu         ] GC(638) User=0.00s Sys=0.00s Real=0.00s
[617.458s][info][gc,start       ] GC(639) Pause Young (Allocation Failure)
[617.459s][info][gc,heap        ] GC(639) PSYoungGen: 642048K->288K(1064960K)
[617.459s][info][gc,heap        ] GC(639) ParOldGen: 6754K->6802K(2796544K)
[617.459s][info][gc,metaspace   ] GC(639) Metaspace: 25612K(26496K)->25612K(26496K) NonClass: 22338K(22784K)->22338K(22784K) Class: 3274K(3712K)->3274K(3712K)
[617.459s][info][gc             ] GC(639) Pause Young (Allocation Failure) 633M->6M(3771M) 0.602ms
[617.459s][info][gc,cpu         ] GC(639) User=0.00s Sys=0.00s Real=0.00s
[618.157s][info][gc,start       ] GC(640) Pause Young (Allocation Failure)
[618.298s][info][gc,heap        ] GC(640) PSYoungGen: 714016K->332786K(1046528K)
[618.298s][info][gc,heap        ] GC(640) ParOldGen: 6802K->15530K(2796544K)
[618.298s][info][gc,metaspace   ] GC(640) Metaspace: 25613K(26496K)->25613K(26496K) NonClass: 22339K(22784K)->22339K(22784K) Class: 3274K(3712K)->3274K(3712K)
[618.298s][info][gc             ] GC(640) Pause Young (Allocation Failure) 703M->340M(3753M) 140.754ms
[618.298s][info][gc,cpu         ] GC(640) User=0.77s Sys=0.00s Real=0.14s
[622.994s][info][gc,start       ] GC(641) Pause Young (Allocation Failure)
[623.102s][info][gc,heap        ] GC(641) PSYoungGen: 1046514K->151584K(943104K)
[623.102s][info][gc,heap        ] GC(641) ParOldGen: 15530K->96595K(2796544K)
[623.102s][info][gc,metaspace   ] GC(641) Metaspace: 25613K(26496K)->25613K(26496K) NonClass: 22339K(22784K)->22339K(22784K) Class: 3274K(3712K)->3274K(3712K)
[623.102s][info][gc             ] GC(641) Pause Young (Allocation Failure) 1037M->242M(3652M) 108.412ms
[623.102s][info][gc,cpu         ] GC(641) User=0.61s Sys=0.00s Real=0.11s
[623.446s][info][gc,start       ] GC(642) Pause Young (Allocation Failure)
[623.621s][info][gc,heap        ] GC(642) PSYoungGen: 743456K->245440K(837632K)
[623.621s][info][gc,heap        ] GC(642) ParOldGen: 96595K->245731K(2796544K)
[623.621s][info][gc,metaspace   ] GC(642) Metaspace: 25613K(26496K)->25613K(26496K) NonClass: 22339K(22784K)->22339K(22784K) Class: 3274K(3712K)->3274K(3712K)
[623.621s][info][gc             ] GC(642) Pause Young (Allocation Failure) 820M->479M(3549M) 174.597ms
[623.621s][info][gc,cpu         ] GC(642) User=1.02s Sys=0.02s Real=0.17s
[624.459s][info][gc,start       ] GC(643) Pause Young (Allocation Failure)
[624.600s][info][gc,heap        ] GC(643) PSYoungGen: 837312K->48465K(991232K)
[624.600s][info][gc,heap        ] GC(643) ParOldGen: 245731K->462795K(2796544K)
[624.600s][info][gc,metaspace   ] GC(643) Metaspace: 25613K(26496K)->25613K(26496K) NonClass: 22339K(22784K)->22339K(22784K) Class: 3274K(3712K)->3274K(3712K)
[624.600s][info][gc             ] GC(643) Pause Young (Allocation Failure) 1057M->499M(3699M) 140.829ms
[624.600s][info][gc,cpu         ] GC(643) User=0.70s Sys=0.05s Real=0.14s
[625.447s][info][gc,start       ] GC(644) Pause Young (System.gc())
[625.465s][info][gc,heap        ] GC(644) PSYoungGen: 233959K->64K(969216K)
[625.465s][info][gc,heap        ] GC(644) ParOldGen: 462795K->494523K(2796544K)
[625.465s][info][gc,metaspace   ] GC(644) Metaspace: 25613K(26496K)->25613K(26496K) NonClass: 22339K(22784K)->22339K(22784K) Class: 3274K(3712K)->3274K(3712K)
[625.465s][info][gc             ] GC(644) Pause Young (System.gc()) 680M->482M(3677M) 18.415ms
[625.465s][info][gc,cpu         ] GC(644) User=0.09s Sys=0.00s Real=0.03s
[625.465s][info][gc,start       ] GC(645) Pause Full (System.gc())
[625.465s][info][gc,phases,start] GC(645) Marking Phase
[625.470s][info][gc,phases      ] GC(645) Marking Phase 4.915ms
[625.470s][info][gc,phases,start] GC(645) Summary Phase
[625.470s][info][gc,phases      ] GC(645) Summary Phase 0.013ms
[625.470s][info][gc,phases,start] GC(645) Adjust Roots
[625.473s][info][gc,phases      ] GC(645) Adjust Roots 2.620ms
[625.473s][info][gc,phases,start] GC(645) Compaction Phase
[625.475s][info][gc,phases      ] GC(645) Compaction Phase 1.714ms
[625.475s][info][gc,phases,start] GC(645) Post Compact
[625.477s][info][gc,phases      ] GC(645) Post Compact 2.289ms
[625.477s][info][gc,heap        ] GC(645) PSYoungGen: 64K->0K(969216K)
[625.477s][info][gc,heap        ] GC(645) ParOldGen: 494523K->6458K(2796544K)
[625.477s][info][gc,metaspace   ] GC(645) Metaspace: 25613K(26496K)->25613K(26496K) NonClass: 22339K(22784K)->22339K(22784K) Class: 3274K(3712K)->3274K(3712K)
[625.477s][info][gc             ] GC(645) Pause Full (System.gc()) 482M->6M(3677M) 11.877ms
[625.477s][info][gc,cpu         ] GC(645) User=0.00s Sys=0.00s Real=0.00s
[627.052s][info][gc,start       ] GC(646) Pause Young (Allocation Failure)
[627.052s][info][gc,heap        ] GC(646) PSYoungGen: 562688K->608K(1019392K)
[627.052s][info][gc,heap        ] GC(646) ParOldGen: 6458K->6458K(2796544K)
[627.052s][info][gc,metaspace   ] GC(646) Metaspace: 25613K(26496K)->25613K(26496K) NonClass: 22339K(22784K)->22339K(22784K) Class: 3274K(3712K)->3274K(3712K)
[627.052s][info][gc             ] GC(646) Pause Young (Allocation Failure) 555M->6M(3726M) 0.700ms
[627.052s][info][gc,cpu         ] GC(646) User=0.00s Sys=0.00s Real=0.00s
[627.155s][info][gc,start       ] GC(647) Pause Young (Allocation Failure)
[627.156s][info][gc,heap        ] GC(647) PSYoungGen: 626784K->384K(1004544K)
[627.156s][info][gc,heap        ] GC(647) ParOldGen: 6458K->6618K(2796544K)
[627.156s][info][gc,metaspace   ] GC(647) Metaspace: 25613K(26496K)->25613K(26496K) NonClass: 22339K(22784K)->22339K(22784K) Class: 3274K(3712K)->3274K(3712K)
[627.156s][info][gc             ] GC(647) Pause Young (Allocation Failure) 618M->6M(3712M) 0.720ms
[627.156s][info][gc,cpu         ] GC(647) User=0.00s Sys=0.00s Real=0.00s
[627.259s][info][gc,start       ] GC(648) Pause Young (Allocation Failure)
[627.260s][info][gc,heap        ] GC(648) PSYoungGen: 626560K->480K(1051648K)
[627.260s][info][gc,heap        ] GC(648) ParOldGen: 6618K->6762K(2796544K)
[627.260s][info][gc,metaspace   ] GC(648) Metaspace: 25613K(26496K)->25613K(26496K) NonClass: 22339K(22784K)->22339K(22784K) Class: 3274K(3712K)->3274K(3712K)
[627.260s][info][gc             ] GC(648) Pause Young (Allocation Failure) 618M->7M(3758M) 0.573ms
[627.260s][info][gc,cpu         ] GC(648) User=0.00s Sys=0.00s Real=0.00s
[627.372s][info][gc,start       ] GC(649) Pause Young (Allocation Failure)
[627.372s][info][gc,heap        ] GC(649) PSYoungGen: 689632K->352K(1035264K)
[627.372s][info][gc,heap        ] GC(649) ParOldGen: 6762K->6866K(2796544K)
[627.372s][info][gc,metaspace   ] GC(649) Metaspace: 25613K(26496K)->25613K(26496K) NonClass: 22339K(22784K)->22339K(22784K) Class: 3274K(3712K)->3274K(3712K)
[627.372s][info][gc             ] GC(649) Pause Young (Allocation Failure) 680M->7M(3742M) 0.575ms
[627.372s][info][gc,cpu         ] GC(649) User=0.00s Sys=0.00s Real=0.00s
[627.554s][info][gc,start       ] GC(650) Pause Young (Allocation Failure)
[627.571s][info][gc,heap        ] GC(650) PSYoungGen: 689504K->45906K(1092608K)
[627.571s][info][gc,heap        ] GC(650) ParOldGen: 6866K->6898K(2796544K)
[627.571s][info][gc,metaspace   ] GC(650) Metaspace: 25613K(26496K)->25613K(26496K) NonClass: 22339K(22784K)->22339K(22784K) Class: 3274K(3712K)->3274K(3712K)
[627.571s][info][gc             ] GC(650) Pause Young (Allocation Failure) 680M->51M(3798M) 17.338ms
[627.571s][info][gc,cpu         ] GC(650) User=0.02s Sys=0.00s Real=0.02s
[629.128s][info][gc,start       ] GC(651) Pause Young (Allocation Failure)
[629.128s][info][gc,heap        ] GC(651) PSYoungGen: 808786K->608K(1068032K)
[629.128s][info][gc,heap        ] GC(651) ParOldGen: 6898K->7010K(2796544K)
[629.128s][info][gc,metaspace   ] GC(651) Metaspace: 25613K(26496K)->25613K(26496K) NonClass: 22339K(22784K)->22339K(22784K) Class: 3274K(3712K)->3274K(3712K)
[629.128s][info][gc             ] GC(651) Pause Young (Allocation Failure) 796M->7M(3774M) 0.579ms
[629.128s][info][gc,cpu         ] GC(651) User=0.00s Sys=0.00s Real=0.00s
[632.760s][info][gc,start       ] GC(652) Pause Young (Allocation Failure)
[632.877s][info][gc,heap        ] GC(652) PSYoungGen: 763488K->281632K(985600K)
[632.877s][info][gc,heap        ] GC(652) ParOldGen: 7010K->7018K(2796544K)
[632.877s][info][gc,metaspace   ] GC(652) Metaspace: 25613K(26496K)->25613K(26496K) NonClass: 22339K(22784K)->22339K(22784K) Class: 3274K(3712K)->3274K(3712K)
[632.877s][info][gc             ] GC(652) Pause Young (Allocation Failure) 752M->281M(3693M) 116.743ms
[632.877s][info][gc,cpu         ] GC(652) User=0.67s Sys=0.00s Real=0.13s
[633.690s][info][gc,start       ] GC(653) Pause Young (Allocation Failure)
[633.892s][info][gc,heap        ] GC(653) PSYoungGen: 976928K->174744K(870400K)
[633.892s][info][gc,heap        ] GC(653) ParOldGen: 7018K->258794K(2796544K)
[633.892s][info][gc,metaspace   ] GC(653) Metaspace: 25613K(26496K)->25613K(26496K) NonClass: 22339K(22784K)->22339K(22784K) Class: 3274K(3712K)->3274K(3712K)
[633.892s][info][gc             ] GC(653) Pause Young (Allocation Failure) 960M->423M(3581M) 201.602ms
[633.892s][info][gc,cpu         ] GC(653) User=1.11s Sys=0.00s Real=0.19s
[634.909s][info][gc,start       ] GC(654) Pause Young (System.gc())
[634.913s][info][gc,heap        ] GC(654) PSYoungGen: 510098K->96K(1050112K)
[634.913s][info][gc,heap        ] GC(654) ParOldGen: 258794K->260586K(2796544K)
[634.914s][info][gc,metaspace   ] GC(654) Metaspace: 25624K(26496K)->25624K(26496K) NonClass: 22350K(22784K)->22350K(22784K) Class: 3274K(3712K)->3274K(3712K)
[634.914s][info][gc             ] GC(654) Pause Young (System.gc()) 750M->254M(3756M) 5.014ms
[634.914s][info][gc,cpu         ] GC(654) User=0.00s Sys=0.00s Real=0.00s
[634.914s][info][gc,start       ] GC(655) Pause Full (System.gc())
[634.914s][info][gc,phases,start] GC(655) Marking Phase
[634.919s][info][gc,phases      ] GC(655) Marking Phase 4.998ms
[634.919s][info][gc,phases,start] GC(655) Summary Phase
[634.919s][info][gc,phases      ] GC(655) Summary Phase 0.011ms
[634.919s][info][gc,phases,start] GC(655) Adjust Roots
[634.921s][info][gc,phases      ] GC(655) Adjust Roots 2.617ms
[634.921s][info][gc,phases,start] GC(655) Compaction Phase
[634.923s][info][gc,phases      ] GC(655) Compaction Phase 1.923ms
[634.923s][info][gc,phases,start] GC(655) Post Compact
[634.925s][info][gc,phases      ] GC(655) Post Compact 1.485ms
[634.925s][info][gc,heap        ] GC(655) PSYoungGen: 96K->0K(1050112K)
[634.925s][info][gc,heap        ] GC(655) ParOldGen: 260586K->6458K(2796544K)
[634.925s][info][gc,metaspace   ] GC(655) Metaspace: 25624K(26496K)->25624K(26496K) NonClass: 22350K(22784K)->22350K(22784K) Class: 3274K(3712K)->3274K(3712K)
[634.925s][info][gc             ] GC(655) Pause Full (System.gc()) 254M->6M(3756M) 11.354ms
[634.925s][info][gc,cpu         ] GC(655) User=0.02s Sys=0.00s Real=0.01s
[636.606s][info][gc,start       ] GC(656) Pause Young (Allocation Failure)
[636.606s][info][gc,heap        ] GC(656) PSYoungGen: 689664K->736K(1037312K)
[636.606s][info][gc,heap        ] GC(656) ParOldGen: 6458K->6458K(2796544K)
[636.606s][info][gc,metaspace   ] GC(656) Metaspace: 25625K(26496K)->25625K(26496K) NonClass: 22351K(22784K)->22351K(22784K) Class: 3274K(3712K)->3274K(3712K)
[636.606s][info][gc             ] GC(656) Pause Young (Allocation Failure) 679M->7M(3744M) 0.743ms
[636.606s][info][gc,cpu         ] GC(656) User=0.00s Sys=0.00s Real=0.00s
[636.716s][info][gc,start       ] GC(657) Pause Young (Allocation Failure)
[636.717s][info][gc,heap        ] GC(657) PSYoungGen: 690400K->480K(1079296K)
[636.717s][info][gc,heap        ] GC(657) ParOldGen: 6458K->6786K(2796544K)
[636.717s][info][gc,metaspace   ] GC(657) Metaspace: 25625K(26496K)->25625K(26496K) NonClass: 22351K(22784K)->22351K(22784K) Class: 3274K(3712K)->3274K(3712K)
[636.717s][info][gc             ] GC(657) Pause Young (Allocation Failure) 680M->7M(3785M) 0.706ms
[636.717s][info][gc,cpu         ] GC(657) User=0.00s Sys=0.00s Real=0.00s
[636.839s][info][gc,start       ] GC(658) Pause Young (Allocation Failure)
[636.839s][info][gc,heap        ] GC(658) PSYoungGen: 746464K->352K(1064448K)
[636.839s][info][gc,heap        ] GC(658) ParOldGen: 6786K->6850K(2796544K)
[636.839s][info][gc,metaspace   ] GC(658) Metaspace: 25625K(26496K)->25625K(26496K) NonClass: 22351K(22784K)->22351K(22784K) Class: 3274K(3712K)->3274K(3712K)
[636.839s][info][gc             ] GC(658) Pause Young (Allocation Failure) 735M->7M(3770M) 0.557ms
[636.839s][info][gc,cpu         ] GC(658) User=0.00s Sys=0.00s Real=0.00s
[636.963s][info][gc,start       ] GC(659) Pause Young (Allocation Failure)
[636.964s][info][gc,heap        ] GC(659) PSYoungGen: 746336K->352K(1109504K)
[636.964s][info][gc,heap        ] GC(659) ParOldGen: 6850K->6882K(2796544K)
[636.964s][info][gc,metaspace   ] GC(659) Metaspace: 25625K(26496K)->25625K(26496K) NonClass: 22351K(22784K)->22351K(22784K) Class: 3274K(3712K)->3274K(3712K)
[636.964s][info][gc             ] GC(659) Pause Young (Allocation Failure) 735M->7M(3814M) 0.565ms
[636.964s][info][gc,cpu         ] GC(659) User=0.00s Sys=0.00s Real=0.00s
[637.699s][info][gc,start       ] GC(660) Pause Young (Allocation Failure)
[637.851s][info][gc,heap        ] GC(660) PSYoungGen: 806240K->288227K(1094144K)
[637.851s][info][gc,heap        ] GC(660) ParOldGen: 6882K->67778K(2796544K)
[637.851s][info][gc,metaspace   ] GC(660) Metaspace: 25625K(26496K)->25625K(26496K) NonClass: 22351K(22784K)->22351K(22784K) Class: 3274K(3712K)->3274K(3712K)
[637.851s][info][gc             ] GC(660) Pause Young (Allocation Failure) 794M->347M(3799M) 151.993ms
[637.851s][info][gc,cpu         ] GC(660) User=0.86s Sys=0.00s Real=0.16s
[642.140s][info][gc,start       ] GC(661) Pause Young (Allocation Failure)
[642.336s][info][gc,heap        ] GC(661) PSYoungGen: 1094115K->209920K(913920K)
[642.336s][info][gc,heap        ] GC(661) ParOldGen: 67778K->264995K(2796544K)
[642.336s][info][gc,metaspace   ] GC(661) Metaspace: 25625K(26496K)->25625K(26496K) NonClass: 22351K(22784K)->22351K(22784K) Class: 3274K(3712K)->3274K(3712K)
[642.336s][info][gc             ] GC(661) Pause Young (Allocation Failure) 1134M->463M(3623M) 196.261ms
[642.336s][info][gc,cpu         ] GC(661) User=1.11s Sys=0.00s Real=0.19s
[642.743s][info][gc,start       ] GC(662) Pause Young (Allocation Failure)
[642.963s][info][gc,heap        ] GC(662) PSYoungGen: 820224K->269105K(879616K)
[642.963s][info][gc,heap        ] GC(662) ParOldGen: 264995K->470459K(2796544K)
[642.963s][info][gc,metaspace   ] GC(662) Metaspace: 25625K(26496K)->25625K(26496K) NonClass: 22351K(22784K)->22351K(22784K) Class: 3274K(3712K)->3274K(3712K)
[642.963s][info][gc             ] GC(662) Pause Young (Allocation Failure) 1059M->722M(3590M) 220.736ms
[642.963s][info][gc,cpu         ] GC(662) User=1.30s Sys=0.00s Real=0.22s
[644.448s][info][gc,start       ] GC(663) Pause Young (Allocation Failure)
[644.460s][info][gc,heap        ] GC(663) PSYoungGen: 879409K->4352K(982528K)
[644.460s][info][gc,heap        ] GC(663) ParOldGen: 470459K->470459K(2796544K)
[644.460s][info][gc,metaspace   ] GC(663) Metaspace: 25625K(26496K)->25625K(26496K) NonClass: 22351K(22784K)->22351K(22784K) Class: 3274K(3712K)->3274K(3712K)
[644.460s][info][gc             ] GC(663) Pause Young (Allocation Failure) 1318M->463M(3690M) 12.328ms
[644.460s][info][gc,cpu         ] GC(663) User=0.02s Sys=0.00s Real=0.02s
[644.593s][info][gc,start       ] GC(664) Pause Young (System.gc())
[644.595s][info][gc,heap        ] GC(664) PSYoungGen: 28731K->32K(969216K)
[644.595s][info][gc,heap        ] GC(664) ParOldGen: 470459K->472707K(2796544K)
[644.595s][info][gc,metaspace   ] GC(664) Metaspace: 25625K(26496K)->25625K(26496K) NonClass: 22351K(22784K)->22351K(22784K) Class: 3274K(3712K)->3274K(3712K)
[644.595s][info][gc             ] GC(664) Pause Young (System.gc()) 487M->461M(3677M) 2.753ms
[644.595s][info][gc,cpu         ] GC(664) User=0.00s Sys=0.00s Real=0.00s
[644.595s][info][gc,start       ] GC(665) Pause Full (System.gc())
[644.595s][info][gc,phases,start] GC(665) Marking Phase
[644.601s][info][gc,phases      ] GC(665) Marking Phase 5.292ms
[644.601s][info][gc,phases,start] GC(665) Summary Phase
[644.601s][info][gc,phases      ] GC(665) Summary Phase 0.013ms
[644.601s][info][gc,phases,start] GC(665) Adjust Roots
[644.603s][info][gc,phases      ] GC(665) Adjust Roots 2.637ms
[644.603s][info][gc,phases,start] GC(665) Compaction Phase
[644.606s][info][gc,phases      ] GC(665) Compaction Phase 2.403ms
[644.606s][info][gc,phases,start] GC(665) Post Compact
[644.608s][info][gc,phases      ] GC(665) Post Compact 2.151ms
[644.608s][info][gc,heap        ] GC(665) PSYoungGen: 32K->0K(969216K)
[644.608s][info][gc,heap        ] GC(665) ParOldGen: 472707K->6458K(2796544K)
[644.608s][info][gc,metaspace   ] GC(665) Metaspace: 25625K(26496K)->25625K(26496K) NonClass: 22351K(22784K)->22351K(22784K) Class: 3274K(3712K)->3274K(3712K)
[644.608s][info][gc             ] GC(665) Pause Full (System.gc()) 461M->6M(3677M) 12.833ms
[644.608s][info][gc,cpu         ] GC(665) User=0.00s Sys=0.00s Real=0.02s
[646.213s][info][gc,start       ] GC(666) Pause Young (Allocation Failure)
[646.214s][info][gc,heap        ] GC(666) PSYoungGen: 553984K->704K(1012736K)
[646.214s][info][gc,heap        ] GC(666) ParOldGen: 6458K->6458K(2796544K)
[646.214s][info][gc,metaspace   ] GC(666) Metaspace: 25625K(26496K)->25625K(26496K) NonClass: 22351K(22784K)->22351K(22784K) Class: 3274K(3712K)->3274K(3712K)
[646.214s][info][gc             ] GC(666) Pause Young (Allocation Failure) 547M->6M(3720M) 0.808ms
[646.214s][info][gc,cpu         ] GC(666) User=0.00s Sys=0.00s Real=0.00s
[646.314s][info][gc,start       ] GC(667) Pause Young (Allocation Failure)
[646.314s][info][gc,heap        ] GC(667) PSYoungGen: 613056K->416K(997376K)
[646.315s][info][gc,heap        ] GC(667) ParOldGen: 6458K->6762K(2796544K)
[646.315s][info][gc,metaspace   ] GC(667) Metaspace: 25625K(26496K)->25625K(26496K) NonClass: 22351K(22784K)->22351K(22784K) Class: 3274K(3712K)->3274K(3712K)
[646.315s][info][gc             ] GC(667) Pause Young (Allocation Failure) 604M->7M(3705M) 0.710ms
[646.315s][info][gc,cpu         ] GC(667) User=0.00s Sys=0.00s Real=0.00s
[646.417s][info][gc,start       ] GC(668) Pause Young (Allocation Failure)
[646.417s][info][gc,heap        ] GC(668) PSYoungGen: 612768K->320K(1046528K)
[646.417s][info][gc,heap        ] GC(668) ParOldGen: 6762K->6818K(2796544K)
[646.417s][info][gc,metaspace   ] GC(668) Metaspace: 25625K(26496K)->25625K(26496K) NonClass: 22351K(22784K)->22351K(22784K) Class: 3274K(3712K)->3274K(3712K)
[646.417s][info][gc             ] GC(668) Pause Young (Allocation Failure) 605M->6M(3753M) 0.642ms
[646.417s][info][gc,cpu         ] GC(668) User=0.00s Sys=0.00s Real=0.00s
[646.534s][info][gc,start       ] GC(669) Pause Young (Allocation Failure)
[646.534s][info][gc,heap        ] GC(669) PSYoungGen: 678720K->320K(1029632K)
[646.534s][info][gc,heap        ] GC(669) ParOldGen: 6818K->6858K(2796544K)
[646.534s][info][gc,metaspace   ] GC(669) Metaspace: 25625K(26496K)->25625K(26496K) NonClass: 22351K(22784K)->22351K(22784K) Class: 3274K(3712K)->3274K(3712K)
[646.534s][info][gc             ] GC(669) Pause Young (Allocation Failure) 669M->7M(3736M) 0.556ms
[646.534s][info][gc,cpu         ] GC(669) User=0.00s Sys=0.00s Real=0.00s
[646.658s][info][gc,start       ] GC(670) Pause Young (Allocation Failure)
[646.664s][info][gc,heap        ] GC(670) PSYoungGen: 678720K->14450K(1083904K)
[646.664s][info][gc,heap        ] GC(670) ParOldGen: 6858K->6914K(2796544K)
[646.664s][info][gc,metaspace   ] GC(670) Metaspace: 25625K(26496K)->25625K(26496K) NonClass: 22351K(22784K)->22351K(22784K) Class: 3274K(3712K)->3274K(3712K)
[646.664s][info][gc             ] GC(670) Pause Young (Allocation Failure) 669M->20M(3789M) 6.127ms
[646.664s][info][gc,cpu         ] GC(670) User=0.00s Sys=0.00s Real=0.00s
[647.627s][info][gc,start       ] GC(671) Pause Young (Allocation Failure)
[647.807s][info][gc,heap        ] GC(671) PSYoungGen: 764530K->313840K(1063936K)
[647.807s][info][gc,heap        ] GC(671) ParOldGen: 6914K->101093K(2796544K)
[647.807s][info][gc,metaspace   ] GC(671) Metaspace: 25625K(26496K)->25625K(26496K) NonClass: 22351K(22784K)->22351K(22784K) Class: 3274K(3712K)->3274K(3712K)
[647.807s][info][gc             ] GC(671) Pause Young (Allocation Failure) 753M->405M(3770M) 179.479ms
[647.807s][info][gc,cpu         ] GC(671) User=1.05s Sys=0.00s Real=0.19s
[650.945s][info][gc,start       ] GC(672) Pause Young (Allocation Failure)
[651.074s][info][gc,heap        ] GC(672) PSYoungGen: 1063920K->285792K(815104K)
[651.074s][info][gc,heap        ] GC(672) ParOldGen: 101093K->106085K(2796544K)
[651.074s][info][gc,metaspace   ] GC(672) Metaspace: 25625K(26496K)->25625K(26496K) NonClass: 22351K(22784K)->22351K(22784K) Class: 3274K(3712K)->3274K(3712K)
[651.074s][info][gc             ] GC(672) Pause Young (Allocation Failure) 1137M->382M(3527M) 129.330ms
[651.074s][info][gc,cpu         ] GC(672) User=0.69s Sys=0.00s Real=0.13s
[651.622s][info][gc,start       ] GC(673) Pause Young (Allocation Failure)
[651.842s][info][gc,heap        ] GC(673) PSYoungGen: 767072K->187462K(939520K)
[651.842s][info][gc,heap        ] GC(673) ParOldGen: 106085K->380021K(2796544K)
[651.842s][info][gc,metaspace   ] GC(673) Metaspace: 25625K(26496K)->25625K(26496K) NonClass: 22351K(22784K)->22351K(22784K) Class: 3274K(3712K)->3274K(3712K)
[651.842s][info][gc             ] GC(673) Pause Young (Allocation Failure) 852M->554M(3648M) 220.095ms
[651.842s][info][gc,cpu         ] GC(673) User=1.30s Sys=0.00s Real=0.22s
[652.608s][info][gc,start       ] GC(674) Pause Young (Allocation Failure)
[652.621s][info][gc,heap        ] GC(674) PSYoungGen: 668742K->2176K(959488K)
[652.621s][info][gc,heap        ] GC(674) ParOldGen: 380021K->382277K(2796544K)
[652.621s][info][gc,metaspace   ] GC(674) Metaspace: 25625K(26496K)->25625K(26496K) NonClass: 22351K(22784K)->22351K(22784K) Class: 3274K(3712K)->3274K(3712K)
[652.621s][info][gc             ] GC(674) Pause Young (Allocation Failure) 1024M->375M(3668M) 13.272ms
[652.621s][info][gc,cpu         ] GC(674) User=0.00s Sys=0.00s Real=0.00s
[653.090s][info][gc,start       ] GC(675) Pause Young (System.gc())
[653.092s][info][gc,heap        ] GC(675) PSYoungGen: 62315K->32K(945664K)
[653.092s][info][gc,heap        ] GC(675) ParOldGen: 382277K->382285K(2796544K)
[653.092s][info][gc,metaspace   ] GC(675) Metaspace: 25625K(26496K)->25625K(26496K) NonClass: 22351K(22784K)->22351K(22784K) Class: 3274K(3712K)->3274K(3712K)
[653.092s][info][gc             ] GC(675) Pause Young (System.gc()) 434M->373M(3654M) 1.800ms
[653.092s][info][gc,cpu         ] GC(675) User=0.00s Sys=0.00s Real=0.01s
[653.092s][info][gc,start       ] GC(676) Pause Full (System.gc())
[653.092s][info][gc,phases,start] GC(676) Marking Phase
[653.097s][info][gc,phases      ] GC(676) Marking Phase 4.951ms
[653.097s][info][gc,phases,start] GC(676) Summary Phase
[653.097s][info][gc,phases      ] GC(676) Summary Phase 0.013ms
[653.097s][info][gc,phases,start] GC(676) Adjust Roots
[653.100s][info][gc,phases      ] GC(676) Adjust Roots 2.676ms
[653.100s][info][gc,phases,start] GC(676) Compaction Phase
[653.102s][info][gc,phases      ] GC(676) Compaction Phase 2.212ms
[653.102s][info][gc,phases,start] GC(676) Post Compact
[653.104s][info][gc,phases      ] GC(676) Post Compact 1.878ms
[653.104s][info][gc,heap        ] GC(676) PSYoungGen: 32K->0K(945664K)
[653.104s][info][gc,heap        ] GC(676) ParOldGen: 382285K->6458K(2796544K)
[653.104s][info][gc,metaspace   ] GC(676) Metaspace: 25625K(26496K)->25625K(26496K) NonClass: 22351K(22784K)->22351K(22784K) Class: 3274K(3712K)->3274K(3712K)
[653.104s][info][gc             ] GC(676) Pause Full (System.gc()) 373M->6M(3654M) 12.059ms
[653.104s][info][gc,cpu         ] GC(676) User=0.00s Sys=0.00s Real=0.00s
[654.838s][info][gc,start       ] GC(677) Pause Young (Allocation Failure)
[654.839s][info][gc,heap        ] GC(677) PSYoungGen: 507392K->576K(991232K)
[654.839s][info][gc,heap        ] GC(677) ParOldGen: 6458K->6458K(2796544K)
[654.839s][info][gc,metaspace   ] GC(677) Metaspace: 25625K(26496K)->25625K(26496K) NonClass: 22351K(22784K)->22351K(22784K) Class: 3274K(3712K)->3274K(3712K)
[654.839s][info][gc             ] GC(677) Pause Young (Allocation Failure) 501M->6M(3699M) 0.679ms
[654.839s][info][gc,cpu         ] GC(677) User=0.00s Sys=0.00s Real=0.00s
[654.932s][info][gc,start       ] GC(678) Pause Young (Allocation Failure)
[654.941s][info][gc,heap        ] GC(678) PSYoungGen: 568384K->416K(974336K)
[654.941s][info][gc,heap        ] GC(678) ParOldGen: 6458K->6714K(2796544K)
[654.941s][info][gc,metaspace   ] GC(678) Metaspace: 25625K(26496K)->25625K(26496K) NonClass: 22351K(22784K)->22351K(22784K) Class: 3274K(3712K)->3274K(3712K)
[654.941s][info][gc             ] GC(678) Pause Young (Allocation Failure) 561M->6M(3682M) 8.541ms
[654.941s][info][gc,cpu         ] GC(678) User=0.00s Sys=0.00s Real=0.01s
[655.034s][info][gc,start       ] GC(679) Pause Young (Allocation Failure)
[655.035s][info][gc,heap        ] GC(679) PSYoungGen: 568224K->480K(1026560K)
[655.035s][info][gc,heap        ] GC(679) ParOldGen: 6714K->6818K(2796544K)
[655.035s][info][gc,metaspace   ] GC(679) Metaspace: 25625K(26496K)->25625K(26496K) NonClass: 22351K(22784K)->22351K(22784K) Class: 3274K(3712K)->3274K(3712K)
[655.035s][info][gc             ] GC(679) Pause Young (Allocation Failure) 561M->7M(3733M) 0.663ms
[655.035s][info][gc,cpu         ] GC(679) User=0.00s Sys=0.00s Real=0.00s
[655.140s][info][gc,start       ] GC(680) Pause Young (Allocation Failure)
[655.140s][info][gc,heap        ] GC(680) PSYoungGen: 637920K->416K(1008640K)
[655.140s][info][gc,heap        ] GC(680) ParOldGen: 6818K->6882K(2796544K)
[655.140s][info][gc,metaspace   ] GC(680) Metaspace: 25625K(26496K)->25625K(26496K) NonClass: 22351K(22784K)->22351K(22784K) Class: 3274K(3712K)->3274K(3712K)
[655.141s][info][gc             ] GC(680) Pause Young (Allocation Failure) 629M->7M(3716M) 0.634ms
[655.141s][info][gc,cpu         ] GC(680) User=0.00s Sys=0.00s Real=0.00s
[655.247s][info][gc,start       ] GC(681) Pause Young (Allocation Failure)
[655.247s][info][gc,heap        ] GC(681) PSYoungGen: 637856K->288K(1063424K)
[655.247s][info][gc,heap        ] GC(681) ParOldGen: 6882K->6986K(2796544K)
[655.247s][info][gc,metaspace   ] GC(681) Metaspace: 25625K(26496K)->25625K(26496K) NonClass: 22351K(22784K)->22351K(22784K) Class: 3274K(3712K)->3274K(3712K)
[655.247s][info][gc             ] GC(681) Pause Young (Allocation Failure) 629M->7M(3769M) 0.584ms
[655.247s][info][gc,cpu         ] GC(681) User=0.00s Sys=0.00s Real=0.00s
[655.915s][info][gc,start       ] GC(682) Pause Young (Allocation Failure)
[656.046s][info][gc,heap        ] GC(682) PSYoungGen: 710944K->321426K(1032192K)
[656.046s][info][gc,heap        ] GC(682) ParOldGen: 6986K->7042K(2796544K)
[656.046s][info][gc,metaspace   ] GC(682) Metaspace: 25625K(26496K)->25625K(26496K) NonClass: 22351K(22784K)->22351K(22784K) Class: 3274K(3712K)->3274K(3712K)
[656.046s][info][gc             ] GC(682) Pause Young (Allocation Failure) 701M->320M(3739M) 131.249ms
[656.046s][info][gc,cpu         ] GC(682) User=0.73s Sys=0.00s Real=0.14s
[660.477s][info][gc,start       ] GC(683) Pause Young (Allocation Failure)
[660.532s][info][gc,heap        ] GC(683) PSYoungGen: 1032082K->129248K(984064K)
[660.532s][info][gc,heap        ] GC(683) ParOldGen: 7042K->7082K(2796544K)
[660.532s][info][gc,metaspace   ] GC(683) Metaspace: 25625K(26496K)->25625K(26496K) NonClass: 22351K(22784K)->22351K(22784K) Class: 3274K(3712K)->3274K(3712K)
[660.532s][info][gc             ] GC(683) Pause Young (Allocation Failure) 1014M->133M(3692M) 55.289ms
[660.532s][info][gc,cpu         ] GC(683) User=0.28s Sys=0.00s Real=0.05s
[660.888s][info][gc,start       ] GC(684) Pause Young (Allocation Failure)
[661.048s][info][gc,heap        ] GC(684) PSYoungGen: 747744K->256384K(875008K)
[661.048s][info][gc,heap        ] GC(684) ParOldGen: 7082K->133978K(2796544K)
[661.048s][info][gc,metaspace   ] GC(684) Metaspace: 25625K(26496K)->25625K(26496K) NonClass: 22351K(22784K)->22351K(22784K) Class: 3274K(3712K)->3274K(3712K)
[661.048s][info][gc             ] GC(684) Pause Young (Allocation Failure) 737M->381M(3585M) 159.537ms
[661.048s][info][gc,cpu         ] GC(684) User=0.91s Sys=0.00s Real=0.15s
[661.884s][info][gc,start       ] GC(685) Pause Young (Allocation Failure)
[662.026s][info][gc,heap        ] GC(685) PSYoungGen: 874880K->55573K(999424K)
[662.026s][info][gc,heap        ] GC(685) ParOldGen: 133978K->358930K(2796544K)
[662.026s][info][gc,metaspace   ] GC(685) Metaspace: 25625K(26496K)->25625K(26496K) NonClass: 22351K(22784K)->22351K(22784K) Class: 3274K(3712K)->3274K(3712K)
[662.026s][info][gc             ] GC(685) Pause Young (Allocation Failure) 985M->404M(3707M) 142.406ms
[662.026s][info][gc,cpu         ] GC(685) User=0.72s Sys=0.02s Real=0.14s
[662.870s][info][gc,start       ] GC(686) Pause Young (System.gc())
[662.889s][info][gc,heap        ] GC(686) PSYoungGen: 219939K->160K(975872K)
[662.889s][info][gc,heap        ] GC(686) ParOldGen: 358930K->393714K(2796544K)
[662.889s][info][gc,metaspace   ] GC(686) Metaspace: 25625K(26496K)->25625K(26496K) NonClass: 22351K(22784K)->22351K(22784K) Class: 3274K(3712K)->3274K(3712K)
[662.889s][info][gc             ] GC(686) Pause Young (System.gc()) 565M->384M(3684M) 19.044ms
[662.889s][info][gc,cpu         ] GC(686) User=0.06s Sys=0.00s Real=0.03s
[662.889s][info][gc,start       ] GC(687) Pause Full (System.gc())
[662.889s][info][gc,phases,start] GC(687) Marking Phase
[662.894s][info][gc,phases      ] GC(687) Marking Phase 5.266ms
[662.894s][info][gc,phases,start] GC(687) Summary Phase
[662.894s][info][gc,phases      ] GC(687) Summary Phase 0.016ms
[662.894s][info][gc,phases,start] GC(687) Adjust Roots
[662.897s][info][gc,phases      ] GC(687) Adjust Roots 2.622ms
[662.897s][info][gc,phases,start] GC(687) Compaction Phase
[662.899s][info][gc,phases      ] GC(687) Compaction Phase 2.199ms
[662.899s][info][gc,phases,start] GC(687) Post Compact
[662.901s][info][gc,phases      ] GC(687) Post Compact 2.115ms
[662.902s][info][gc,heap        ] GC(687) PSYoungGen: 160K->0K(975872K)
[662.902s][info][gc,heap        ] GC(687) ParOldGen: 393714K->6458K(2796544K)
[662.902s][info][gc,metaspace   ] GC(687) Metaspace: 25625K(26496K)->25625K(26496K) NonClass: 22351K(22784K)->22351K(22784K) Class: 3274K(3712K)->3274K(3712K)
[662.902s][info][gc             ] GC(687) Pause Full (System.gc()) 384M->6M(3684M) 12.556ms
[662.902s][info][gc,cpu         ] GC(687) User=0.00s Sys=0.00s Real=0.00s
[664.474s][info][gc,start       ] GC(688) Pause Young (Allocation Failure)
[664.475s][info][gc,heap        ] GC(688) PSYoungGen: 577536K->544K(1026560K)
[664.485s][info][gc,heap        ] GC(688) ParOldGen: 6458K->6458K(2796544K)
[664.485s][info][gc,metaspace   ] GC(688) Metaspace: 25627K(26496K)->25627K(26496K) NonClass: 22352K(22784K)->22352K(22784K) Class: 3274K(3712K)->3274K(3712K)
[664.485s][info][gc             ] GC(688) Pause Young (Allocation Failure) 570M->6M(3733M) 11.583ms
[664.485s][info][gc,cpu         ] GC(688) User=0.00s Sys=0.00s Real=0.03s
[664.590s][info][gc,start       ] GC(689) Pause Young (Allocation Failure)
[664.591s][info][gc,heap        ] GC(689) PSYoungGen: 641568K->576K(1012224K)
[664.591s][info][gc,heap        ] GC(689) ParOldGen: 6458K->6666K(2796544K)
[664.591s][info][gc,metaspace   ] GC(689) Metaspace: 25627K(26496K)->25627K(26496K) NonClass: 22352K(22784K)->22352K(22784K) Class: 3274K(3712K)->3274K(3712K)
[664.591s][info][gc             ] GC(689) Pause Young (Allocation Failure) 632M->7M(3719M) 0.722ms
[664.591s][info][gc,cpu         ] GC(689) User=0.00s Sys=0.00s Real=0.00s
[664.698s][info][gc,start       ] GC(690) Pause Young (Allocation Failure)
[664.699s][info][gc,heap        ] GC(690) PSYoungGen: 641600K->384K(1057792K)
[664.699s][info][gc,heap        ] GC(690) ParOldGen: 6666K->6810K(2796544K)
[664.699s][info][gc,metaspace   ] GC(690) Metaspace: 25627K(26496K)->25627K(26496K) NonClass: 22352K(22784K)->22352K(22784K) Class: 3274K(3712K)->3274K(3712K)
[664.699s][info][gc             ] GC(690) Pause Young (Allocation Failure) 633M->7M(3764M) 0.584ms
[664.699s][info][gc,cpu         ] GC(690) User=0.00s Sys=0.00s Real=0.00s
[664.817s][info][gc,start       ] GC(691) Pause Young (Allocation Failure)
[664.818s][info][gc,heap        ] GC(691) PSYoungGen: 702336K->352K(1041920K)
[664.818s][info][gc,heap        ] GC(691) ParOldGen: 6810K->6850K(2796544K)
[664.818s][info][gc,metaspace   ] GC(691) Metaspace: 25627K(26496K)->25627K(26496K) NonClass: 22352K(22784K)->22352K(22784K) Class: 3274K(3712K)->3274K(3712K)
[664.818s][info][gc             ] GC(691) Pause Young (Allocation Failure) 692M->7M(3748M) 0.596ms
[664.818s][info][gc,cpu         ] GC(691) User=0.00s Sys=0.00s Real=0.00s
[665.066s][info][gc,start       ] GC(692) Pause Young (Allocation Failure)
[665.100s][info][gc,heap        ] GC(692) PSYoungGen: 702304K->89074K(1089536K)
[665.100s][info][gc,heap        ] GC(692) ParOldGen: 6850K->6938K(2796544K)
[665.100s][info][gc,metaspace   ] GC(692) Metaspace: 25627K(26496K)->25627K(26496K) NonClass: 22352K(22784K)->22352K(22784K) Class: 3274K(3712K)->3274K(3712K)
[665.100s][info][gc             ] GC(692) Pause Young (Allocation Failure) 692M->93M(3795M) 34.702ms
[665.100s][info][gc,cpu         ] GC(692) User=0.03s Sys=0.00s Real=0.04s
[667.707s][info][gc,start       ] GC(693) Pause Young (Allocation Failure)
[667.708s][info][gc,heap        ] GC(693) PSYoungGen: 855026K->736K(1074176K)
[667.708s][info][gc,heap        ] GC(693) ParOldGen: 6938K->7042K(2796544K)
[667.708s][info][gc,metaspace   ] GC(693) Metaspace: 25627K(26496K)->25627K(26496K) NonClass: 22352K(22784K)->22352K(22784K) Class: 3274K(3712K)->3274K(3712K)
[667.708s][info][gc             ] GC(693) Pause Young (Allocation Failure) 841M->7M(3780M) 0.640ms
[667.708s][info][gc,cpu         ] GC(693) User=0.00s Sys=0.00s Real=0.00s
[670.134s][info][gc,start       ] GC(694) Pause Young (Allocation Failure)
[670.263s][info][gc,heap        ] GC(694) PSYoungGen: 766688K->293888K(960512K)
[670.263s][info][gc,heap        ] GC(694) ParOldGen: 7042K->26474K(2796544K)
[670.263s][info][gc,metaspace   ] GC(694) Metaspace: 25627K(26496K)->25627K(26496K) NonClass: 22352K(22784K)->22352K(22784K) Class: 3274K(3712K)->3274K(3712K)
[670.263s][info][gc             ] GC(694) Pause Young (Allocation Failure) 755M->312M(3669M) 129.067ms
[670.263s][info][gc,cpu         ] GC(694) User=0.73s Sys=0.00s Real=0.12s
[671.090s][info][gc,start       ] GC(695) Pause Young (Allocation Failure)
[671.288s][info][gc,heap        ] GC(695) PSYoungGen: 960512K->139864K(1032192K)
[671.325s][info][gc,heap        ] GC(695) ParOldGen: 26474K->289882K(2796544K)
[671.325s][info][gc,metaspace   ] GC(695) Metaspace: 25627K(26496K)->25627K(26496K) NonClass: 22352K(22784K)->22352K(22784K) Class: 3274K(3712K)->3274K(3712K)
[671.325s][info][gc             ] GC(695) Pause Young (Allocation Failure) 963M->419M(3739M) 235.315ms
[671.325s][info][gc,cpu         ] GC(695) User=1.12s Sys=0.00s Real=0.24s
[672.297s][info][gc,start       ] GC(696) Pause Young (System.gc())
[672.302s][info][gc,heap        ] GC(696) PSYoungGen: 426795K->32K(1051136K)
[672.302s][info][gc,heap        ] GC(696) ParOldGen: 289882K->292130K(2796544K)
[672.302s][info][gc,metaspace   ] GC(696) Metaspace: 25627K(26496K)->25627K(26496K) NonClass: 22352K(22784K)->22352K(22784K) Class: 3274K(3712K)->3274K(3712K)
[672.302s][info][gc             ] GC(696) Pause Young (System.gc()) 699M->285M(3757M) 5.488ms
[672.302s][info][gc,cpu         ] GC(696) User=0.00s Sys=0.00s Real=0.00s
[672.302s][info][gc,start       ] GC(697) Pause Full (System.gc())
[672.302s][info][gc,phases,start] GC(697) Marking Phase
[672.307s][info][gc,phases      ] GC(697) Marking Phase 5.104ms
[672.307s][info][gc,phases,start] GC(697) Summary Phase
[672.307s][info][gc,phases      ] GC(697) Summary Phase 0.011ms
[672.307s][info][gc,phases,start] GC(697) Adjust Roots
[672.310s][info][gc,phases      ] GC(697) Adjust Roots 2.638ms
[672.310s][info][gc,phases,start] GC(697) Compaction Phase
[672.312s][info][gc,phases      ] GC(697) Compaction Phase 1.790ms
[672.312s][info][gc,phases,start] GC(697) Post Compact
[672.313s][info][gc,phases      ] GC(697) Post Compact 1.552ms
[672.314s][info][gc,heap        ] GC(697) PSYoungGen: 32K->0K(1051136K)
[672.314s][info][gc,heap        ] GC(697) ParOldGen: 292130K->6458K(2796544K)
[672.314s][info][gc,metaspace   ] GC(697) Metaspace: 25627K(26496K)->25627K(26496K) NonClass: 22352K(22784K)->22352K(22784K) Class: 3274K(3712K)->3274K(3712K)
[672.314s][info][gc             ] GC(697) Pause Full (System.gc()) 285M->6M(3757M) 11.426ms
[672.314s][info][gc,cpu         ] GC(697) User=0.00s Sys=0.00s Real=0.02s
[673.907s][info][gc,start       ] GC(698) Pause Young (Allocation Failure)
[673.907s][info][gc,heap        ] GC(698) PSYoungGen: 692736K->864K(1039360K)
[673.907s][info][gc,heap        ] GC(698) ParOldGen: 6458K->6458K(2796544K)
[673.907s][info][gc,metaspace   ] GC(698) Metaspace: 25627K(26496K)->25627K(26496K) NonClass: 22352K(22784K)->22352K(22784K) Class: 3274K(3712K)->3274K(3712K)
[673.907s][info][gc             ] GC(698) Pause Young (Allocation Failure) 682M->7M(3746M) 0.789ms
[673.907s][info][gc,cpu         ] GC(698) User=0.00s Sys=0.00s Real=0.00s
[674.019s][info][gc,start       ] GC(699) Pause Young (Allocation Failure)
[674.019s][info][gc,heap        ] GC(699) PSYoungGen: 693600K->480K(1079296K)
[674.019s][info][gc,heap        ] GC(699) ParOldGen: 6458K->6890K(2796544K)
[674.019s][info][gc,metaspace   ] GC(699) Metaspace: 25627K(26496K)->25627K(26496K) NonClass: 22352K(22784K)->22352K(22784K) Class: 3274K(3712K)->3274K(3712K)
[674.019s][info][gc             ] GC(699) Pause Young (Allocation Failure) 683M->7M(3785M) 0.795ms
[674.019s][info][gc,cpu         ] GC(699) User=0.00s Sys=0.00s Real=0.00s
[674.144s][info][gc,start       ] GC(700) Pause Young (Allocation Failure)
[674.144s][info][gc,heap        ] GC(700) PSYoungGen: 746976K->352K(1064960K)
[674.144s][info][gc,heap        ] GC(700) ParOldGen: 6890K->6978K(2796544K)
[674.144s][info][gc,metaspace   ] GC(700) Metaspace: 25627K(26496K)->25627K(26496K) NonClass: 22352K(22784K)->22352K(22784K) Class: 3274K(3712K)->3274K(3712K)
[674.144s][info][gc             ] GC(700) Pause Young (Allocation Failure) 736M->7M(3771M) 0.659ms
[674.144s][info][gc,cpu         ] GC(700) User=0.00s Sys=0.00s Real=0.00s
[674.271s][info][gc,start       ] GC(701) Pause Young (Allocation Failure)
[674.272s][info][gc,heap        ] GC(701) PSYoungGen: 746848K->384K(1108480K)
[674.272s][info][gc,heap        ] GC(701) ParOldGen: 6978K->7026K(2796544K)
[674.272s][info][gc,metaspace   ] GC(701) Metaspace: 25627K(26496K)->25627K(26496K) NonClass: 22352K(22784K)->22352K(22784K) Class: 3274K(3712K)->3274K(3712K)
[674.272s][info][gc             ] GC(701) Pause Young (Allocation Failure) 736M->7M(3813M) 0.587ms
[674.272s][info][gc,cpu         ] GC(701) User=0.00s Sys=0.00s Real=0.00s
[674.998s][info][gc,start       ] GC(702) Pause Young (Allocation Failure)
[675.150s][info][gc,heap        ] GC(702) PSYoungGen: 804736K->289266K(1093632K)
[675.150s][info][gc,heap        ] GC(702) ParOldGen: 7026K->65362K(2796544K)
[675.150s][info][gc,metaspace   ] GC(702) Metaspace: 25627K(26496K)->25627K(26496K) NonClass: 22352K(22784K)->22352K(22784K) Class: 3274K(3712K)->3274K(3712K)
[675.150s][info][gc             ] GC(702) Pause Young (Allocation Failure) 792M->346M(3799M) 152.160ms
[675.150s][info][gc,cpu         ] GC(702) User=0.83s Sys=0.00s Real=0.14s
[677.955s][info][gc,start       ] GC(703) Pause Young (Allocation Failure)
[678.166s][info][gc,heap        ] GC(703) PSYoungGen: 1093618K->248960K(886784K)
[678.187s][info][gc,heap        ] GC(703) ParOldGen: 65362K->265333K(2796544K)
[678.187s][info][gc,metaspace   ] GC(703) Metaspace: 25627K(26496K)->25627K(26496K) NonClass: 22352K(22784K)->22352K(22784K) Class: 3274K(3712K)->3274K(3712K)
[678.187s][info][gc             ] GC(703) Pause Young (Allocation Failure) 1131M->502M(3597M) 231.921ms
[678.187s][info][gc,cpu         ] GC(703) User=1.22s Sys=0.03s Real=0.24s
[678.797s][info][gc,start       ] GC(704) Pause Young (Allocation Failure)
[679.018s][info][gc,heap        ] GC(704) PSYoungGen: 831616K->243786K(826880K)
[679.018s][info][gc,heap        ] GC(704) ParOldGen: 265333K->505341K(2796544K)
[679.018s][info][gc,metaspace   ] GC(704) Metaspace: 25627K(26496K)->25627K(26496K) NonClass: 22352K(22784K)->22352K(22784K) Class: 3274K(3712K)->3274K(3712K)
[679.018s][info][gc             ] GC(704) Pause Young (Allocation Failure) 1071M->731M(3538M) 221.545ms
[679.018s][info][gc,cpu         ] GC(704) User=1.27s Sys=0.03s Real=0.22s
[680.300s][info][gc,start       ] GC(705) Pause Young (System.gc())
[680.311s][info][gc,heap        ] GC(705) PSYoungGen: 808214K->32K(979968K)
[680.311s][info][gc,heap        ] GC(705) ParOldGen: 505341K->505733K(2796544K)
[680.311s][info][gc,metaspace   ] GC(705) Metaspace: 25627K(26496K)->25627K(26496K) NonClass: 22352K(22784K)->22352K(22784K) Class: 3274K(3712K)->3274K(3712K)
[680.311s][info][gc             ] GC(705) Pause Young (System.gc()) 1282M->493M(3688M) 11.770ms
[680.311s][info][gc,cpu         ] GC(705) User=0.02s Sys=0.00s Real=0.02s
[680.311s][info][gc,start       ] GC(706) Pause Full (System.gc())
[680.312s][info][gc,phases,start] GC(706) Marking Phase
[680.316s][info][gc,phases      ] GC(706) Marking Phase 4.881ms
[680.316s][info][gc,phases,start] GC(706) Summary Phase
[680.316s][info][gc,phases      ] GC(706) Summary Phase 0.025ms
[680.316s][info][gc,phases,start] GC(706) Adjust Roots
[680.319s][info][gc,phases      ] GC(706) Adjust Roots 2.665ms
[680.319s][info][gc,phases,start] GC(706) Compaction Phase
[680.323s][info][gc,phases      ] GC(706) Compaction Phase 3.549ms
[680.323s][info][gc,phases,start] GC(706) Post Compact
[680.330s][info][gc,phases      ] GC(706) Post Compact 7.105ms
[680.330s][info][gc,heap        ] GC(706) PSYoungGen: 32K->0K(979968K)
[680.330s][info][gc,heap        ] GC(706) ParOldGen: 505733K->6459K(2796544K)
[680.330s][info][gc,metaspace   ] GC(706) Metaspace: 25627K(26496K)->25627K(26496K) NonClass: 22352K(22784K)->22352K(22784K) Class: 3274K(3712K)->3274K(3712K)
[680.330s][info][gc             ] GC(706) Pause Full (System.gc()) 493M->6M(3688M) 18.526ms
[680.330s][info][gc,cpu         ] GC(706) User=0.00s Sys=0.00s Real=0.02s
[682.403s][info][gc,start       ] GC(707) Pause Young (Allocation Failure)
[682.404s][info][gc,heap        ] GC(707) PSYoungGen: 549376K->544K(967168K)
[682.404s][info][gc,heap        ] GC(707) ParOldGen: 6459K->6459K(2796544K)
[682.404s][info][gc,metaspace   ] GC(707) Metaspace: 25627K(26496K)->25627K(26496K) NonClass: 22353K(22784K)->22353K(22784K) Class: 3274K(3712K)->3274K(3712K)
[682.404s][info][gc             ] GC(707) Pause Young (Allocation Failure) 542M->6M(3675M) 0.850ms
[682.404s][info][gc,cpu         ] GC(707) User=0.00s Sys=0.00s Real=0.00s
[682.497s][info][gc,start       ] GC(708) Pause Young (Allocation Failure)
[682.498s][info][gc,heap        ] GC(708) PSYoungGen: 549920K->448K(1010176K)
[682.498s][info][gc,heap        ] GC(708) ParOldGen: 6459K->6691K(2796544K)
[682.498s][info][gc,metaspace   ] GC(708) Metaspace: 25627K(26496K)->25627K(26496K) NonClass: 22353K(22784K)->22353K(22784K) Class: 3274K(3712K)->3274K(3712K)
[682.498s][info][gc             ] GC(708) Pause Young (Allocation Failure) 543M->6M(3717M) 0.751ms
[682.498s][info][gc,cpu         ] GC(708) User=0.00s Sys=0.00s Real=0.00s
[682.598s][info][gc,start       ] GC(709) Pause Young (Allocation Failure)
[682.598s][info][gc,heap        ] GC(709) PSYoungGen: 607168K->384K(994304K)
[682.598s][info][gc,heap        ] GC(709) ParOldGen: 6691K->6843K(2796544K)
[682.598s][info][gc,metaspace   ] GC(709) Metaspace: 25627K(26496K)->25627K(26496K) NonClass: 22353K(22784K)->22353K(22784K) Class: 3274K(3712K)->3274K(3712K)
[682.598s][info][gc             ] GC(709) Pause Young (Allocation Failure) 599M->7M(3702M) 0.530ms
[682.598s][info][gc,cpu         ] GC(709) User=0.00s Sys=0.00s Real=0.00s
[682.700s][info][gc,start       ] GC(710) Pause Young (Allocation Failure)
[682.700s][info][gc,heap        ] GC(710) PSYoungGen: 607104K->352K(1043968K)
[682.700s][info][gc,heap        ] GC(710) ParOldGen: 6843K->6907K(2796544K)
[682.700s][info][gc,metaspace   ] GC(710) Metaspace: 25627K(26496K)->25627K(26496K) NonClass: 22353K(22784K)->22353K(22784K) Class: 3274K(3712K)->3274K(3712K)
[682.700s][info][gc             ] GC(710) Pause Young (Allocation Failure) 599M->7M(3750M) 0.610ms
[682.700s][info][gc,cpu         ] GC(710) User=0.00s Sys=0.00s Real=0.00s
[682.813s][info][gc,start       ] GC(711) Pause Young (Allocation Failure)
[682.813s][info][gc,heap        ] GC(711) PSYoungGen: 673120K->352K(1026560K)
[682.813s][info][gc,heap        ] GC(711) ParOldGen: 6907K->6963K(2796544K)
[682.813s][info][gc,metaspace   ] GC(711) Metaspace: 25627K(26496K)->25627K(26496K) NonClass: 22353K(22784K)->22353K(22784K) Class: 3274K(3712K)->3274K(3712K)
[682.813s][info][gc             ] GC(711) Pause Young (Allocation Failure) 664M->7M(3733M) 0.539ms
[682.813s][info][gc,cpu         ] GC(711) User=0.00s Sys=0.00s Real=0.00s
[683.517s][info][gc,start       ] GC(712) Pause Young (Allocation Failure)
[683.657s][info][gc,heap        ] GC(712) PSYoungGen: 673120K->336355K(904704K)
[683.657s][info][gc,heap        ] GC(712) ParOldGen: 6963K->16827K(2796544K)
[683.657s][info][gc,metaspace   ] GC(712) Metaspace: 25627K(26496K)->25627K(26496K) NonClass: 22353K(22784K)->22353K(22784K) Class: 3274K(3712K)->3274K(3712K)
[683.657s][info][gc             ] GC(712) Pause Young (Allocation Failure) 664M->344M(3614M) 140.296ms
[683.657s][info][gc,cpu         ] GC(712) User=0.77s Sys=0.00s Real=0.14s
[687.879s][info][gc,start       ] GC(713) Pause Young (Allocation Failure)
[688.012s][info][gc,heap        ] GC(713) PSYoungGen: 904675K->104992K(983040K)
[688.012s][info][gc,heap        ] GC(713) ParOldGen: 16827K->180965K(2796544K)
[688.012s][info][gc,metaspace   ] GC(713) Metaspace: 25627K(26496K)->25627K(26496K) NonClass: 22353K(22784K)->22353K(22784K) Class: 3274K(3712K)->3274K(3712K)
[688.013s][info][gc             ] GC(713) Pause Young (Allocation Failure) 899M->279M(3691M) 133.559ms
[688.013s][info][gc,cpu         ] GC(713) User=0.77s Sys=0.00s Real=0.14s
[688.337s][info][gc,start       ] GC(714) Pause Young (Allocation Failure)
[688.488s][info][gc,heap        ] GC(714) PSYoungGen: 673312K->236288K(960512K)
[688.488s][info][gc,heap        ] GC(714) ParOldGen: 180965K->283877K(2796544K)
[688.488s][info][gc,metaspace   ] GC(714) Metaspace: 25627K(26496K)->25627K(26496K) NonClass: 22353K(22784K)->22353K(22784K) Class: 3274K(3712K)->3274K(3712K)
[688.489s][info][gc             ] GC(714) Pause Young (Allocation Failure) 834M->507M(3669M) 151.022ms
[688.489s][info][gc,cpu         ] GC(714) User=0.77s Sys=0.00s Real=0.16s
[689.218s][info][gc,start       ] GC(715) Pause Young (Allocation Failure)
[689.388s][info][gc,heap        ] GC(715) PSYoungGen: 808704K->114801K(985088K)
[689.388s][info][gc,heap        ] GC(715) ParOldGen: 283877K->501293K(2796544K)
[689.388s][info][gc,metaspace   ] GC(715) Metaspace: 25627K(26496K)->25627K(26496K) NonClass: 22353K(22784K)->22353K(22784K) Class: 3274K(3712K)->3274K(3712K)
[689.388s][info][gc             ] GC(715) Pause Young (Allocation Failure) 1066M->601M(3693M) 170.772ms
[689.388s][info][gc,cpu         ] GC(715) User=0.95s Sys=0.00s Real=0.17s
[690.410s][info][gc,start       ] GC(716) Pause Young (System.gc())
[690.453s][info][gc,heap        ] GC(716) PSYoungGen: 449946K->96K(1022464K)
[690.453s][info][gc,heap        ] GC(716) ParOldGen: 501293K->580125K(2796544K)
[690.453s][info][gc,metaspace   ] GC(716) Metaspace: 25627K(26496K)->25627K(26496K) NonClass: 22353K(22784K)->22353K(22784K) Class: 3274K(3712K)->3274K(3712K)
[690.453s][info][gc             ] GC(716) Pause Young (System.gc()) 928M->566M(3729M) 42.432ms
[690.453s][info][gc,cpu         ] GC(716) User=0.16s Sys=0.00s Real=0.05s
[690.453s][info][gc,start       ] GC(717) Pause Full (System.gc())
[690.453s][info][gc,phases,start] GC(717) Marking Phase
[690.458s][info][gc,phases      ] GC(717) Marking Phase 5.000ms
[690.458s][info][gc,phases,start] GC(717) Summary Phase
[690.458s][info][gc,phases      ] GC(717) Summary Phase 0.019ms
[690.458s][info][gc,phases,start] GC(717) Adjust Roots
[690.461s][info][gc,phases      ] GC(717) Adjust Roots 2.606ms
[690.470s][info][gc,phases,start] GC(717) Compaction Phase
[690.472s][info][gc,phases      ] GC(717) Compaction Phase 2.342ms
[690.472s][info][gc,phases,start] GC(717) Post Compact
[690.474s][info][gc,phases      ] GC(717) Post Compact 1.961ms
[690.474s][info][gc,heap        ] GC(717) PSYoungGen: 96K->0K(1022464K)
[690.474s][info][gc,heap        ] GC(717) ParOldGen: 580125K->6458K(2796544K)
[690.474s][info][gc,metaspace   ] GC(717) Metaspace: 25627K(26496K)->25627K(26496K) NonClass: 22353K(22784K)->22353K(22784K) Class: 3274K(3712K)->3274K(3712K)
[690.474s][info][gc             ] GC(717) Pause Full (System.gc()) 566M->6M(3729M) 21.523ms
[690.474s][info][gc,cpu         ] GC(717) User=0.00s Sys=0.00s Real=0.03s
[692.281s][info][gc,start       ] GC(718) Pause Young (Allocation Failure)
[692.281s][info][gc,heap        ] GC(718) PSYoungGen: 636928K->480K(1012224K)
[692.282s][info][gc,heap        ] GC(718) ParOldGen: 6458K->6458K(2796544K)
[692.282s][info][gc,metaspace   ] GC(718) Metaspace: 25627K(26496K)->25627K(26496K) NonClass: 22353K(22784K)->22353K(22784K) Class: 3274K(3712K)->3274K(3712K)
[692.282s][info][gc             ] GC(718) Pause Young (Allocation Failure) 628M->6M(3719M) 0.940ms
[692.282s][info][gc,cpu         ] GC(718) User=0.02s Sys=0.00s Real=0.02s
[692.385s][info][gc,start       ] GC(719) Pause Young (Allocation Failure)
[692.386s][info][gc,heap        ] GC(719) PSYoungGen: 637408K->416K(1047552K)
[692.386s][info][gc,heap        ] GC(719) ParOldGen: 6458K->6682K(2796544K)
[692.386s][info][gc,metaspace   ] GC(719) Metaspace: 25627K(26496K)->25627K(26496K) NonClass: 22353K(22784K)->22353K(22784K) Class: 3274K(3712K)->3274K(3712K)
[692.386s][info][gc             ] GC(719) Pause Young (Allocation Failure) 628M->6M(3754M) 0.762ms
[692.386s][info][gc,cpu         ] GC(719) User=0.00s Sys=0.00s Real=0.00s
[692.506s][info][gc,start       ] GC(720) Pause Young (Allocation Failure)
[692.507s][info][gc,heap        ] GC(720) PSYoungGen: 684448K->512K(1034240K)
[692.507s][info][gc,heap        ] GC(720) ParOldGen: 6682K->6818K(2796544K)
[692.507s][info][gc,metaspace   ] GC(720) Metaspace: 25627K(26496K)->25627K(26496K) NonClass: 22353K(22784K)->22353K(22784K) Class: 3274K(3712K)->3274K(3712K)
[692.507s][info][gc             ] GC(720) Pause Young (Allocation Failure) 674M->7M(3741M) 0.727ms
[692.507s][info][gc,cpu         ] GC(720) User=0.00s Sys=0.00s Real=0.00s
[692.620s][info][gc,start       ] GC(721) Pause Young (Allocation Failure)
[692.621s][info][gc,heap        ] GC(721) PSYoungGen: 684544K->320K(1076224K)
[692.621s][info][gc,heap        ] GC(721) ParOldGen: 6818K->6898K(2796544K)
[692.621s][info][gc,metaspace   ] GC(721) Metaspace: 25627K(26496K)->25627K(26496K) NonClass: 22353K(22784K)->22353K(22784K) Class: 3274K(3712K)->3274K(3712K)
[692.621s][info][gc             ] GC(721) Pause Young (Allocation Failure) 675M->7M(3782M) 0.611ms
[692.621s][info][gc,cpu         ] GC(721) User=0.00s Sys=0.00s Real=0.00s
[692.997s][info][gc,start       ] GC(722) Pause Young (Allocation Failure)
[693.061s][info][gc,heap        ] GC(722) PSYoungGen: 740160K->159634K(1061376K)
[693.061s][info][gc,heap        ] GC(722) ParOldGen: 6898K->6954K(2796544K)
[693.061s][info][gc,metaspace   ] GC(722) Metaspace: 25627K(26496K)->25627K(26496K) NonClass: 22353K(22784K)->22353K(22784K) Class: 3274K(3712K)->3274K(3712K)
[693.061s][info][gc             ] GC(722) Pause Young (Allocation Failure) 729M->162M(3767M) 63.630ms
[693.061s][info][gc,cpu         ] GC(722) User=0.39s Sys=0.00s Real=0.06s
[699.076s][info][gc,start       ] GC(723) Pause Young (Allocation Failure)
[699.091s][info][gc,heap        ] GC(723) PSYoungGen: 899474K->35968K(1085952K)
[699.091s][info][gc,heap        ] GC(723) ParOldGen: 6954K->7002K(2796544K)
[699.091s][info][gc,metaspace   ] GC(723) Metaspace: 25627K(26496K)->25627K(26496K) NonClass: 22353K(22784K)->22353K(22784K) Class: 3274K(3712K)->3274K(3712K)
[699.091s][info][gc             ] GC(723) Pause Young (Allocation Failure) 885M->41M(3791M) 15.504ms
[699.092s][info][gc,cpu         ] GC(723) User=0.02s Sys=0.00s Real=0.02s
[699.521s][info][gc,start       ] GC(724) Pause Young (Allocation Failure)
[699.669s][info][gc,heap        ] GC(724) PSYoungGen: 790656K->311808K(1066496K)
[699.670s][info][gc,heap        ] GC(724) ParOldGen: 7002K->43226K(2796544K)
[699.670s][info][gc,metaspace   ] GC(724) Metaspace: 25627K(26496K)->25627K(26496K) NonClass: 22353K(22784K)->22353K(22784K) Class: 3274K(3712K)->3274K(3712K)
[699.670s][info][gc             ] GC(724) Pause Young (Allocation Failure) 778M->346M(3772M) 148.319ms
[699.670s][info][gc,cpu         ] GC(724) User=0.94s Sys=0.00s Real=0.14s
[700.646s][info][gc,start       ] GC(725) Pause Young (Allocation Failure)
[700.813s][info][gc,heap        ] GC(725) PSYoungGen: 1066496K->72881K(997888K)
[700.813s][info][gc,heap        ] GC(725) ParOldGen: 43226K->317114K(2796544K)
[700.813s][info][gc,metaspace   ] GC(725) Metaspace: 25627K(26496K)->25627K(26496K) NonClass: 22353K(22784K)->22353K(22784K) Class: 3274K(3712K)->3274K(3712K)
[700.813s][info][gc             ] GC(725) Pause Young (Allocation Failure) 1083M->380M(3705M) 167.604ms
[700.813s][info][gc,cpu         ] GC(725) User=0.95s Sys=0.00s Real=0.17s
[701.598s][info][gc,start       ] GC(726) Pause Young (System.gc())
[701.628s][info][gc,heap        ] GC(726) PSYoungGen: 186851K->128K(1032192K)
[701.629s][info][gc,heap        ] GC(726) ParOldGen: 317114K->382426K(2796544K)
[701.629s][info][gc,metaspace   ] GC(726) Metaspace: 25627K(26496K)->25627K(26496K) NonClass: 22353K(22784K)->22353K(22784K) Class: 3274K(3712K)->3274K(3712K)
[701.629s][info][gc             ] GC(726) Pause Young (System.gc()) 492M->373M(3739M) 30.689ms
[701.629s][info][gc,cpu         ] GC(726) User=0.06s Sys=0.00s Real=0.03s
[701.629s][info][gc,start       ] GC(727) Pause Full (System.gc())
[701.629s][info][gc,phases,start] GC(727) Marking Phase
[701.634s][info][gc,phases      ] GC(727) Marking Phase 5.122ms
[701.634s][info][gc,phases,start] GC(727) Summary Phase
[701.634s][info][gc,phases      ] GC(727) Summary Phase 0.013ms
[701.634s][info][gc,phases,start] GC(727) Adjust Roots
[701.637s][info][gc,phases      ] GC(727) Adjust Roots 2.634ms
[701.637s][info][gc,phases,start] GC(727) Compaction Phase
[701.639s][info][gc,phases      ] GC(727) Compaction Phase 2.100ms
[701.639s][info][gc,phases,start] GC(727) Post Compact
[701.641s][info][gc,phases      ] GC(727) Post Compact 1.876ms
[701.641s][info][gc,heap        ] GC(727) PSYoungGen: 128K->0K(1032192K)
[701.641s][info][gc,heap        ] GC(727) ParOldGen: 382426K->6458K(2796544K)
[701.641s][info][gc,metaspace   ] GC(727) Metaspace: 25627K(26496K)->25627K(26496K) NonClass: 22353K(22784K)->22353K(22784K) Class: 3274K(3712K)->3274K(3712K)
[701.641s][info][gc             ] GC(727) Pause Full (System.gc()) 373M->6M(3739M) 12.062ms
[701.641s][info][gc,cpu         ] GC(727) User=0.02s Sys=0.00s Real=0.02s
[703.229s][info][gc,start       ] GC(728) Pause Young (Allocation Failure)
[703.230s][info][gc,heap        ] GC(728) PSYoungGen: 666624K->672K(1056256K)
[703.230s][info][gc,heap        ] GC(728) ParOldGen: 6458K->6458K(2796544K)
[703.230s][info][gc,metaspace   ] GC(728) Metaspace: 25627K(26496K)->25627K(26496K) NonClass: 22353K(22784K)->22353K(22784K) Class: 3274K(3712K)->3274K(3712K)
[703.230s][info][gc             ] GC(728) Pause Young (Allocation Failure) 657M->6M(3762M) 0.702ms
[703.230s][info][gc,cpu         ] GC(728) User=0.00s Sys=0.00s Real=0.00s
[703.345s][info][gc,start       ] GC(729) Pause Young (Allocation Failure)
[703.345s][info][gc,heap        ] GC(729) PSYoungGen: 702624K->384K(1043456K)
[703.345s][info][gc,heap        ] GC(729) ParOldGen: 6458K->6762K(2796544K)
[703.345s][info][gc,metaspace   ] GC(729) Metaspace: 25627K(26496K)->25627K(26496K) NonClass: 22353K(22784K)->22353K(22784K) Class: 3274K(3712K)->3274K(3712K)
[703.345s][info][gc             ] GC(729) Pause Young (Allocation Failure) 692M->6M(3750M) 0.702ms
[703.345s][info][gc,cpu         ] GC(729) User=0.00s Sys=0.00s Real=0.00s
[703.468s][info][gc,start       ] GC(730) Pause Young (Allocation Failure)
[703.468s][info][gc,heap        ] GC(730) PSYoungGen: 702336K->352K(1083904K)
[703.468s][info][gc,heap        ] GC(730) ParOldGen: 6762K->6834K(2796544K)
[703.468s][info][gc,metaspace   ] GC(730) Metaspace: 25627K(26496K)->25627K(26496K) NonClass: 22353K(22784K)->22353K(22784K) Class: 3274K(3712K)->3274K(3712K)
[703.468s][info][gc             ] GC(730) Pause Young (Allocation Failure) 692M->7M(3789M) 0.496ms
[703.468s][info][gc,cpu         ] GC(730) User=0.00s Sys=0.00s Real=0.00s
[703.593s][info][gc,start       ] GC(731) Pause Young (Allocation Failure)
[703.594s][info][gc,heap        ] GC(731) PSYoungGen: 756064K->352K(1069568K)
[703.594s][info][gc,heap        ] GC(731) ParOldGen: 6834K->6882K(2796544K)
[703.594s][info][gc,metaspace   ] GC(731) Metaspace: 25627K(26496K)->25627K(26496K) NonClass: 22353K(22784K)->22353K(22784K) Class: 3274K(3712K)->3274K(3712K)
[703.594s][info][gc             ] GC(731) Pause Young (Allocation Failure) 745M->7M(3775M) 0.534ms
[703.594s][info][gc,cpu         ] GC(731) User=0.00s Sys=0.00s Real=0.00s
[704.212s][info][gc,start       ] GC(732) Pause Young (Allocation Failure)
[704.331s][info][gc,heap        ] GC(732) PSYoungGen: 756064K->291954K(971776K)
[704.331s][info][gc,heap        ] GC(732) ParOldGen: 6882K->6954K(2796544K)
[704.331s][info][gc,metaspace   ] GC(732) Metaspace: 25627K(26496K)->25627K(26496K) NonClass: 22353K(22784K)->22353K(22784K) Class: 3274K(3712K)->3274K(3712K)
[704.331s][info][gc             ] GC(732) Pause Young (Allocation Failure) 745M->291M(3680M) 118.925ms
[704.331s][info][gc,cpu         ] GC(732) User=0.70s Sys=0.00s Real=0.13s
[708.796s][info][gc,start       ] GC(733) Pause Young (Allocation Failure)
[708.836s][info][gc,heap        ] GC(733) PSYoungGen: 964722K->94464K(1035264K)
[708.836s][info][gc,heap        ] GC(733) ParOldGen: 6954K->7002K(2796544K)
[708.836s][info][gc,metaspace   ] GC(733) Metaspace: 25627K(26496K)->25627K(26496K) NonClass: 22353K(22784K)->22353K(22784K) Class: 3274K(3712K)->3274K(3712K)
[708.836s][info][gc             ] GC(733) Pause Young (Allocation Failure) 948M->99M(3742M) 40.237ms
[708.836s][info][gc,cpu         ] GC(733) User=0.19s Sys=0.00s Real=0.05s
[709.221s][info][gc,start       ] GC(734) Pause Young (Allocation Failure)
[709.376s][info][gc,heap        ] GC(734) PSYoungGen: 767232K->278816K(963072K)
[709.376s][info][gc,heap        ] GC(734) ParOldGen: 7002K->99394K(2796544K)
[709.376s][info][gc,metaspace   ] GC(734) Metaspace: 25627K(26496K)->25627K(26496K) NonClass: 22353K(22784K)->22353K(22784K) Class: 3274K(3712K)->3274K(3712K)
[709.376s][info][gc             ] GC(734) Pause Young (Allocation Failure) 756M->369M(3671M) 154.955ms
[709.376s][info][gc,cpu         ] GC(734) User=0.86s Sys=0.00s Real=0.16s
[710.226s][info][gc,start       ] GC(735) Pause Young (Allocation Failure)
[710.386s][info][gc,heap        ] GC(735) PSYoungGen: 902432K->63729K(1010688K)
[710.386s][info][gc,heap        ] GC(735) ParOldGen: 99394K->345490K(2796544K)
[710.386s][info][gc,metaspace   ] GC(735) Metaspace: 25627K(26496K)->25627K(26496K) NonClass: 22353K(22784K)->22353K(22784K) Class: 3274K(3712K)->3274K(3712K)
[710.386s][info][gc             ] GC(735) Pause Young (Allocation Failure) 978M->399M(3718M) 160.534ms
[710.386s][info][gc,cpu         ] GC(735) User=0.89s Sys=0.00s Real=0.16s
[711.244s][info][gc,start       ] GC(736) Pause Young (System.gc())
[711.268s][info][gc,heap        ] GC(736) PSYoungGen: 251476K->96K(1043456K)
[711.269s][info][gc,heap        ] GC(736) ParOldGen: 345490K->390802K(2796544K)
[711.269s][info][gc,metaspace   ] GC(736) Metaspace: 25627K(26496K)->25627K(26496K) NonClass: 22353K(22784K)->22353K(22784K) Class: 3274K(3712K)->3274K(3712K)
[711.269s][info][gc             ] GC(736) Pause Young (System.gc()) 582M->381M(3750M) 25.011ms
[711.269s][info][gc,cpu         ] GC(736) User=0.08s Sys=0.00s Real=0.03s
[711.269s][info][gc,start       ] GC(737) Pause Full (System.gc())
[711.269s][info][gc,phases,start] GC(737) Marking Phase
[711.274s][info][gc,phases      ] GC(737) Marking Phase 5.095ms
[711.274s][info][gc,phases,start] GC(737) Summary Phase
[711.274s][info][gc,phases      ] GC(737) Summary Phase 0.011ms
[711.274s][info][gc,phases,start] GC(737) Adjust Roots
[711.276s][info][gc,phases      ] GC(737) Adjust Roots 2.634ms
[711.276s][info][gc,phases,start] GC(737) Compaction Phase
[711.279s][info][gc,phases      ] GC(737) Compaction Phase 2.232ms
[711.279s][info][gc,phases,start] GC(737) Post Compact
[711.281s][info][gc,phases      ] GC(737) Post Compact 1.868ms
[711.281s][info][gc,heap        ] GC(737) PSYoungGen: 96K->0K(1043456K)
[711.281s][info][gc,heap        ] GC(737) ParOldGen: 390802K->6458K(2796544K)
[711.281s][info][gc,metaspace   ] GC(737) Metaspace: 25627K(26496K)->25627K(26496K) NonClass: 22353K(22784K)->22353K(22784K) Class: 3274K(3712K)->3274K(3712K)
[711.281s][info][gc             ] GC(737) Pause Full (System.gc()) 381M->6M(3750M) 12.114ms
[711.281s][info][gc,cpu         ] GC(737) User=0.02s Sys=0.00s Real=0.02s
[713.086s][info][gc,start       ] GC(738) Pause Young (Allocation Failure)
[713.087s][info][gc,heap        ] GC(738) PSYoungGen: 678912K->672K(1033216K)
[713.087s][info][gc,heap        ] GC(738) ParOldGen: 6458K->6458K(2796544K)
[713.087s][info][gc,metaspace   ] GC(738) Metaspace: 25627K(26496K)->25627K(26496K) NonClass: 22353K(22784K)->22353K(22784K) Class: 3274K(3712K)->3274K(3712K)
[713.087s][info][gc             ] GC(738) Pause Young (Allocation Failure) 669M->6M(3740M) 0.577ms
[713.087s][info][gc,cpu         ] GC(738) User=0.00s Sys=0.00s Real=0.00s
[713.196s][info][gc,start       ] GC(739) Pause Young (Allocation Failure)
[713.197s][info][gc,heap        ] GC(739) PSYoungGen: 679584K->512K(1068544K)
[713.197s][info][gc,heap        ] GC(739) ParOldGen: 6458K->6722K(2796544K)
[713.197s][info][gc,metaspace   ] GC(739) Metaspace: 25627K(26496K)->25627K(26496K) NonClass: 22353K(22784K)->22353K(22784K) Class: 3274K(3712K)->3274K(3712K)
[713.197s][info][gc             ] GC(739) Pause Young (Allocation Failure) 669M->7M(3774M) 0.663ms
[713.197s][info][gc,cpu         ] GC(739) User=0.00s Sys=0.00s Real=0.00s
[713.315s][info][gc,start       ] GC(740) Pause Young (Allocation Failure)
[713.316s][info][gc,heap        ] GC(740) PSYoungGen: 726528K->288K(1055232K)
[713.316s][info][gc,heap        ] GC(740) ParOldGen: 6722K->6818K(2796544K)
[713.316s][info][gc,metaspace   ] GC(740) Metaspace: 25627K(26496K)->25627K(26496K) NonClass: 22353K(22784K)->22353K(22784K) Class: 3274K(3712K)->3274K(3712K)
[713.316s][info][gc             ] GC(740) Pause Young (Allocation Failure) 716M->6M(3761M) 0.559ms
[713.316s][info][gc,cpu         ] GC(740) User=0.00s Sys=0.00s Real=0.00s
[713.441s][info][gc,start       ] GC(741) Pause Young (Allocation Failure)
[713.442s][info][gc,heap        ] GC(741) PSYoungGen: 726304K->384K(1096704K)
[713.442s][info][gc,heap        ] GC(741) ParOldGen: 6818K->6850K(2796544K)
[713.442s][info][gc,metaspace   ] GC(741) Metaspace: 25627K(26496K)->25627K(26496K) NonClass: 22353K(22784K)->22353K(22784K) Class: 3274K(3712K)->3274K(3712K)
[713.442s][info][gc             ] GC(741) Pause Young (Allocation Failure) 715M->7M(3802M) 0.892ms
[713.442s][info][gc,cpu         ] GC(741) User=0.00s Sys=0.00s Real=0.00s
[714.073s][info][gc,start       ] GC(742) Pause Young (Allocation Failure)
[714.192s][info][gc,heap        ] GC(742) PSYoungGen: 781696K->294946K(1076736K)
[714.192s][info][gc,heap        ] GC(742) ParOldGen: 6850K->6962K(2796544K)
[714.192s][info][gc,metaspace   ] GC(742) Metaspace: 25627K(26496K)->25627K(26496K) NonClass: 22353K(22784K)->22353K(22784K) Class: 3274K(3712K)->3274K(3712K)
[714.192s][info][gc             ] GC(742) Pause Young (Allocation Failure) 770M->294M(3782M) 119.238ms
[714.192s][info][gc,cpu         ] GC(742) User=0.66s Sys=0.00s Real=0.11s
[717.943s][info][gc,start       ] GC(743) Pause Young (Allocation Failure)
[718.011s][info][gc,heap        ] GC(743) PSYoungGen: 1076258K->172128K(978432K)
[718.011s][info][gc,heap        ] GC(743) ParOldGen: 6962K->7018K(2796544K)
[718.011s][info][gc,metaspace   ] GC(743) Metaspace: 25627K(26496K)->25627K(26496K) NonClass: 22353K(22784K)->22353K(22784K) Class: 3274K(3712K)->3274K(3712K)
[718.011s][info][gc             ] GC(743) Pause Young (Allocation Failure) 1057M->174M(3686M) 68.268ms
[718.011s][info][gc,cpu         ] GC(743) User=0.38s Sys=0.00s Real=0.06s
[718.441s][info][gc,start       ] GC(744) Pause Young (Allocation Failure)
[718.644s][info][gc,heap        ] GC(744) PSYoungGen: 829536K->299978K(957440K)
[718.644s][info][gc,heap        ] GC(744) ParOldGen: 7018K->174994K(2796544K)
[718.644s][info][gc,metaspace   ] GC(744) Metaspace: 25627K(26496K)->25627K(26496K) NonClass: 22353K(22784K)->22353K(22784K) Class: 3274K(3712K)->3274K(3712K)
[718.644s][info][gc             ] GC(744) Pause Young (Allocation Failure) 816M->463M(3666M) 203.564ms
[718.644s][info][gc,cpu         ] GC(744) User=1.17s Sys=0.00s Real=0.20s
[720.269s][info][gc,start       ] GC(745) Pause Young (System.gc())
[720.280s][info][gc,heap        ] GC(745) PSYoungGen: 938062K->2240K(990208K)
[720.280s][info][gc,heap        ] GC(745) ParOldGen: 174994K->174994K(2796544K)
[720.280s][info][gc,metaspace   ] GC(745) Metaspace: 25627K(26496K)->25627K(26496K) NonClass: 22353K(22784K)->22353K(22784K) Class: 3274K(3712K)->3274K(3712K)
[720.280s][info][gc             ] GC(745) Pause Young (System.gc()) 1086M->173M(3698M) 10.916ms
[720.280s][info][gc,cpu         ] GC(745) User=0.02s Sys=0.00s Real=0.02s
[720.280s][info][gc,start       ] GC(746) Pause Full (System.gc())
[720.280s][info][gc,phases,start] GC(746) Marking Phase
[720.285s][info][gc,phases      ] GC(746) Marking Phase 4.714ms
[720.285s][info][gc,phases,start] GC(746) Summary Phase
[720.285s][info][gc,phases      ] GC(746) Summary Phase 0.011ms
[720.285s][info][gc,phases,start] GC(746) Adjust Roots
[720.288s][info][gc,phases      ] GC(746) Adjust Roots 2.647ms
[720.288s][info][gc,phases,start] GC(746) Compaction Phase
[720.290s][info][gc,phases      ] GC(746) Compaction Phase 1.899ms
[720.290s][info][gc,phases,start] GC(746) Post Compact
[720.291s][info][gc,phases      ] GC(746) Post Compact 1.292ms
[720.291s][info][gc,heap        ] GC(746) PSYoungGen: 2240K->0K(990208K)
[720.291s][info][gc,heap        ] GC(746) ParOldGen: 174994K->6459K(2796544K)
[720.291s][info][gc,metaspace   ] GC(746) Metaspace: 25627K(26496K)->25627K(26496K) NonClass: 22353K(22784K)->22353K(22784K) Class: 3274K(3712K)->3274K(3712K)
[720.291s][info][gc             ] GC(746) Pause Full (System.gc()) 173M->6M(3698M) 10.932ms
[720.291s][info][gc,cpu         ] GC(746) User=0.02s Sys=0.00s Real=0.02s
[721.858s][info][gc,start       ] GC(747) Pause Young (Allocation Failure)
[721.858s][info][gc,heap        ] GC(747) PSYoungGen: 570368K->608K(977920K)
[721.858s][info][gc,heap        ] GC(747) ParOldGen: 6459K->6459K(2796544K)
[721.858s][info][gc,metaspace   ] GC(747) Metaspace: 25627K(26496K)->25627K(26496K) NonClass: 22353K(22784K)->22353K(22784K) Class: 3274K(3712K)->3274K(3712K)
[721.858s][info][gc             ] GC(747) Pause Young (Allocation Failure) 563M->6M(3686M) 0.696ms
[721.858s][info][gc,cpu         ] GC(747) User=0.00s Sys=0.00s Real=0.02s
[721.950s][info][gc,start       ] GC(748) Pause Young (Allocation Failure)
[721.950s][info][gc,heap        ] GC(748) PSYoungGen: 570976K->480K(1018880K)
[721.950s][info][gc,heap        ] GC(748) ParOldGen: 6459K->6699K(2796544K)
[721.950s][info][gc,metaspace   ] GC(748) Metaspace: 25627K(26496K)->25627K(26496K) NonClass: 22353K(22784K)->22353K(22784K) Class: 3274K(3712K)->3274K(3712K)
[721.950s][info][gc             ] GC(748) Pause Young (Allocation Failure) 563M->7M(3726M) 0.655ms
[721.951s][info][gc,cpu         ] GC(748) User=0.00s Sys=0.00s Real=0.00s
[722.055s][info][gc,start       ] GC(749) Pause Young (Allocation Failure)
[722.056s][info][gc,heap        ] GC(749) PSYoungGen: 625632K->384K(1004032K)
[722.056s][info][gc,heap        ] GC(749) ParOldGen: 6699K->6867K(2796544K)
[722.056s][info][gc,metaspace   ] GC(749) Metaspace: 25627K(26496K)->25627K(26496K) NonClass: 22353K(22784K)->22353K(22784K) Class: 3274K(3712K)->3274K(3712K)
[722.056s][info][gc             ] GC(749) Pause Young (Allocation Failure) 617M->7M(3711M) 0.579ms
[722.056s][info][gc,cpu         ] GC(749) User=0.00s Sys=0.00s Real=0.00s
[722.161s][info][gc,start       ] GC(750) Pause Young (Allocation Failure)
[722.161s][info][gc,heap        ] GC(750) PSYoungGen: 625536K->384K(1051648K)
[722.161s][info][gc,heap        ] GC(750) ParOldGen: 6867K->6931K(2796544K)
[722.161s][info][gc,metaspace   ] GC(750) Metaspace: 25627K(26496K)->25627K(26496K) NonClass: 22353K(22784K)->22353K(22784K) Class: 3274K(3712K)->3274K(3712K)
[722.161s][info][gc             ] GC(750) Pause Young (Allocation Failure) 617M->7M(3758M) 0.618ms
[722.161s][info][gc,cpu         ] GC(750) User=0.00s Sys=0.00s Real=0.00s
[722.279s][info][gc,start       ] GC(751) Pause Young (Allocation Failure)
[722.280s][info][gc,heap        ] GC(751) PSYoungGen: 689536K->320K(1035264K)
[722.280s][info][gc,heap        ] GC(751) ParOldGen: 6931K->6979K(2796544K)
[722.280s][info][gc,metaspace   ] GC(751) Metaspace: 25627K(26496K)->25627K(26496K) NonClass: 22353K(22784K)->22353K(22784K) Class: 3274K(3712K)->3274K(3712K)
[722.280s][info][gc             ] GC(751) Pause Young (Allocation Failure) 680M->7M(3742M) 0.540ms
[722.280s][info][gc,cpu         ] GC(751) User=0.00s Sys=0.00s Real=0.00s
[723.101s][info][gc,start       ] GC(752) Pause Young (Allocation Failure)
[723.281s][info][gc,heap        ] GC(752) PSYoungGen: 689472K->329187K(862720K)
[723.281s][info][gc,heap        ] GC(752) ParOldGen: 6979K->88131K(2796544K)
[723.281s][info][gc,metaspace   ] GC(752) Metaspace: 25627K(26496K)->25627K(26496K) NonClass: 22353K(22784K)->22353K(22784K) Class: 3274K(3712K)->3274K(3712K)
[723.281s][info][gc             ] GC(752) Pause Young (Allocation Failure) 680M->407M(3573M) 180.274ms
[723.281s][info][gc,cpu         ] GC(752) User=1.03s Sys=0.00s Real=0.17s
[726.852s][info][gc,start       ] GC(753) Pause Young (Allocation Failure)
[727.044s][info][gc,heap        ] GC(753) PSYoungGen: 862691K->148800K(965632K)
[727.044s][info][gc,heap        ] GC(753) ParOldGen: 88131K->320373K(2796544K)
[727.044s][info][gc,metaspace   ] GC(753) Metaspace: 25627K(26496K)->25627K(26496K) NonClass: 22353K(22784K)->22353K(22784K) Class: 3274K(3712K)->3274K(3712K)
[727.044s][info][gc             ] GC(753) Pause Young (Allocation Failure) 928M->458M(3674M) 191.635ms
[727.044s][info][gc,cpu         ] GC(753) User=1.09s Sys=0.00s Real=0.19s
[727.350s][info][gc,start       ] GC(754) Pause Young (Allocation Failure)
[727.512s][info][gc,heap        ] GC(754) PSYoungGen: 682304K->221760K(953344K)
[727.512s][info][gc,heap        ] GC(754) ParOldGen: 320373K->466805K(2796544K)
[727.512s][info][gc,metaspace   ] GC(754) Metaspace: 25627K(26496K)->25627K(26496K) NonClass: 22353K(22784K)->22353K(22784K) Class: 3274K(3712K)->3274K(3712K)
[727.512s][info][gc             ] GC(754) Pause Young (Allocation Failure) 979M->672M(3662M) 162.805ms
[727.512s][info][gc,cpu         ] GC(754) User=0.97s Sys=0.00s Real=0.17s
[728.225s][info][gc,start       ] GC(755) Pause Young (Allocation Failure)
[728.379s][info][gc,heap        ] GC(755) PSYoungGen: 756288K->93621K(966144K)
[728.379s][info][gc,heap        ] GC(755) ParOldGen: 466805K->671293K(2796544K)
[728.379s][info][gc,metaspace   ] GC(755) Metaspace: 25627K(26496K)->25627K(26496K) NonClass: 22353K(22784K)->22353K(22784K) Class: 3274K(3712K)->3274K(3712K)
[728.379s][info][gc             ] GC(755) Pause Young (Allocation Failure) 1194M->746M(3674M) 153.809ms
[728.379s][info][gc,cpu         ] GC(755) User=0.86s Sys=0.00s Real=0.16s
[729.351s][info][gc,start       ] GC(756) Pause Young (System.gc())
[729.383s][info][gc,heap        ] GC(756) PSYoungGen: 401425K->128K(1005056K)
[729.383s][info][gc,heap        ] GC(756) ParOldGen: 671293K->728013K(2796544K)
[729.383s][info][gc,metaspace   ] GC(756) Metaspace: 25627K(26496K)->25627K(26496K) NonClass: 22353K(22784K)->22353K(22784K) Class: 3274K(3712K)->3274K(3712K)
[729.383s][info][gc             ] GC(756) Pause Young (System.gc()) 1047M->711M(3712M) 32.742ms
[729.383s][info][gc,cpu         ] GC(756) User=0.11s Sys=0.00s Real=0.03s
[729.383s][info][gc,start       ] GC(757) Pause Full (System.gc())
[729.383s][info][gc,phases,start] GC(757) Marking Phase
[729.389s][info][gc,phases      ] GC(757) Marking Phase 5.471ms
[729.389s][info][gc,phases,start] GC(757) Summary Phase
[729.389s][info][gc,phases      ] GC(757) Summary Phase 0.023ms
[729.389s][info][gc,phases,start] GC(757) Adjust Roots
[729.392s][info][gc,phases      ] GC(757) Adjust Roots 2.607ms
[729.392s][info][gc,phases,start] GC(757) Compaction Phase
[729.394s][info][gc,phases      ] GC(757) Compaction Phase 2.060ms
[729.394s][info][gc,phases,start] GC(757) Post Compact
[729.396s][info][gc,phases      ] GC(757) Post Compact 2.642ms
[729.397s][info][gc,heap        ] GC(757) PSYoungGen: 128K->0K(1005056K)
[729.397s][info][gc,heap        ] GC(757) ParOldGen: 728013K->6458K(2796544K)
[729.397s][info][gc,metaspace   ] GC(757) Metaspace: 25627K(26496K)->25627K(26496K) NonClass: 22353K(22784K)->22353K(22784K) Class: 3274K(3712K)->3274K(3712K)
[729.397s][info][gc             ] GC(757) Pause Full (System.gc()) 711M->6M(3712M) 13.137ms
[729.397s][info][gc,cpu         ] GC(757) User=0.02s Sys=0.00s Real=0.02s
[730.968s][info][gc,start       ] GC(758) Pause Young (Allocation Failure)
[730.969s][info][gc,heap        ] GC(758) PSYoungGen: 602112K->672K(994816K)
[730.969s][info][gc,heap        ] GC(758) ParOldGen: 6458K->6458K(2796544K)
[730.969s][info][gc,metaspace   ] GC(758) Metaspace: 25627K(26496K)->25627K(26496K) NonClass: 22353K(22784K)->22353K(22784K) Class: 3274K(3712K)->3274K(3712K)
[730.969s][info][gc             ] GC(758) Pause Young (Allocation Failure) 594M->6M(3702M) 0.696ms
[730.969s][info][gc,cpu         ] GC(758) User=0.00s Sys=0.00s Real=0.00s
[731.068s][info][gc,start       ] GC(759) Pause Young (Allocation Failure)
[731.068s][info][gc,heap        ] GC(759) PSYoungGen: 602784K->384K(1031680K)
[731.068s][info][gc,heap        ] GC(759) ParOldGen: 6458K->6706K(2796544K)
[731.068s][info][gc,metaspace   ] GC(759) Metaspace: 25627K(26496K)->25627K(26496K) NonClass: 22353K(22784K)->22353K(22784K) Class: 3274K(3712K)->3274K(3712K)
[731.068s][info][gc             ] GC(759) Pause Young (Allocation Failure) 594M->6M(3738M) 0.570ms
[731.068s][info][gc,cpu         ] GC(759) User=0.00s Sys=0.00s Real=0.00s
[731.176s][info][gc,start       ] GC(760) Pause Young (Allocation Failure)
[731.177s][info][gc,heap        ] GC(760) PSYoungGen: 652160K->384K(1017856K)
[731.177s][info][gc,heap        ] GC(760) ParOldGen: 6706K->6770K(2796544K)
[731.177s][info][gc,metaspace   ] GC(760) Metaspace: 25627K(26496K)->25627K(26496K) NonClass: 22353K(22784K)->22353K(22784K) Class: 3274K(3712K)->3274K(3712K)
[731.177s][info][gc             ] GC(760) Pause Young (Allocation Failure) 643M->6M(3725M) 0.636ms
[731.177s][info][gc,cpu         ] GC(760) User=0.00s Sys=0.00s Real=0.00s
[731.285s][info][gc,start       ] GC(761) Pause Young (Allocation Failure)
[731.285s][info][gc,heap        ] GC(761) PSYoungGen: 652160K->448K(1062400K)
[731.285s][info][gc,heap        ] GC(761) ParOldGen: 6770K->6818K(2796544K)
[731.285s][info][gc,metaspace   ] GC(761) Metaspace: 25627K(26496K)->25627K(26496K) NonClass: 22353K(22784K)->22353K(22784K) Class: 3274K(3712K)->3274K(3712K)
[731.285s][info][gc             ] GC(761) Pause Young (Allocation Failure) 643M->7M(3768M) 0.580ms
[731.285s][info][gc,cpu         ] GC(761) User=0.00s Sys=0.00s Real=0.00s
[731.490s][info][gc,start       ] GC(762) Pause Young (Allocation Failure)
[731.513s][info][gc,heap        ] GC(762) PSYoungGen: 711616K->59970K(1046528K)
[731.513s][info][gc,heap        ] GC(762) ParOldGen: 6818K->6874K(2796544K)
[731.513s][info][gc,metaspace   ] GC(762) Metaspace: 25627K(26496K)->25627K(26496K) NonClass: 22353K(22784K)->22353K(22784K) Class: 3274K(3712K)->3274K(3712K)
[731.513s][info][gc             ] GC(762) Pause Young (Allocation Failure) 701M->65M(3753M) 23.401ms
[731.513s][info][gc,cpu         ] GC(762) User=0.02s Sys=0.00s Real=0.02s
[732.665s][info][gc,start       ] GC(763) Pause Young (Allocation Failure)
[732.665s][info][gc,heap        ] GC(763) PSYoungGen: 771138K->640K(1101824K)
[732.665s][info][gc,heap        ] GC(763) ParOldGen: 6874K->6994K(2796544K)
[732.665s][info][gc,metaspace   ] GC(763) Metaspace: 25627K(26496K)->25627K(26496K) NonClass: 22353K(22784K)->22353K(22784K) Class: 3274K(3712K)->3274K(3712K)
[732.665s][info][gc             ] GC(763) Pause Young (Allocation Failure) 759M->7M(3807M) 0.672ms
[732.665s][info][gc,cpu         ] GC(763) User=0.00s Sys=0.00s Real=0.00s
[737.351s][info][gc,start       ] GC(764) Pause Young (Allocation Failure)
[737.479s][info][gc,heap        ] GC(764) PSYoungGen: 793216K->284192K(1077248K)
[737.479s][info][gc,heap        ] GC(764) ParOldGen: 6994K->7002K(2796544K)
[737.479s][info][gc,metaspace   ] GC(764) Metaspace: 25627K(26496K)->25627K(26496K) NonClass: 22353K(22784K)->22353K(22784K) Class: 3274K(3712K)->3274K(3712K)
[737.479s][info][gc             ] GC(764) Pause Young (Allocation Failure) 781M->284M(3783M) 127.905ms
[737.479s][info][gc,cpu         ] GC(764) User=0.72s Sys=0.00s Real=0.14s
[738.380s][info][gc,start       ] GC(765) Pause Young (Allocation Failure)
[738.574s][info][gc,heap        ] GC(765) PSYoungGen: 1076768K->164234K(1000448K)
[738.574s][info][gc,heap        ] GC(765) ParOldGen: 7002K->254106K(2796544K)
[738.574s][info][gc,metaspace   ] GC(765) Metaspace: 25627K(26496K)->25627K(26496K) NonClass: 22353K(22784K)->22353K(22784K) Class: 3274K(3712K)->3274K(3712K)
[738.574s][info][gc             ] GC(765) Pause Young (Allocation Failure) 1058M->408M(3708M) 194.204ms
[738.574s][info][gc,cpu         ] GC(765) User=1.03s Sys=0.00s Real=0.19s
[739.461s][info][gc,start       ] GC(766) Pause Young (System.gc())
[739.463s][info][gc,heap        ] GC(766) PSYoungGen: 393740K->96K(1038848K)
[739.463s][info][gc,heap        ] GC(766) ParOldGen: 254106K->256354K(2796544K)
[739.463s][info][gc,metaspace   ] GC(766) Metaspace: 25627K(26496K)->25627K(26496K) NonClass: 22353K(22784K)->22353K(22784K) Class: 3274K(3712K)->3274K(3712K)
[739.463s][info][gc             ] GC(766) Pause Young (System.gc()) 632M->250M(3745M) 2.562ms
[739.463s][info][gc,cpu         ] GC(766) User=0.00s Sys=0.00s Real=0.00s
[739.463s][info][gc,start       ] GC(767) Pause Full (System.gc())
[739.463s][info][gc,phases,start] GC(767) Marking Phase
[739.468s][info][gc,phases      ] GC(767) Marking Phase 4.838ms
[739.468s][info][gc,phases,start] GC(767) Summary Phase
[739.468s][info][gc,phases      ] GC(767) Summary Phase 0.012ms
[739.468s][info][gc,phases,start] GC(767) Adjust Roots
[739.471s][info][gc,phases      ] GC(767) Adjust Roots 2.628ms
[739.471s][info][gc,phases,start] GC(767) Compaction Phase
[739.473s][info][gc,phases      ] GC(767) Compaction Phase 2.217ms
[739.473s][info][gc,phases,start] GC(767) Post Compact
[739.475s][info][gc,phases      ] GC(767) Post Compact 1.386ms
[739.475s][info][gc,heap        ] GC(767) PSYoungGen: 96K->0K(1038848K)
[739.475s][info][gc,heap        ] GC(767) ParOldGen: 256354K->6458K(2796544K)
[739.475s][info][gc,metaspace   ] GC(767) Metaspace: 25627K(26496K)->25627K(26496K) NonClass: 22353K(22784K)->22353K(22784K) Class: 3274K(3712K)->3274K(3712K)
[739.475s][info][gc             ] GC(767) Pause Full (System.gc()) 250M->6M(3745M) 11.402ms
[739.475s][info][gc,cpu         ] GC(767) User=0.00s Sys=0.00s Real=0.02s
[741.282s][info][gc,start       ] GC(768) Pause Young (Allocation Failure)
[741.283s][info][gc,heap        ] GC(768) PSYoungGen: 679936K->800K(1063424K)
[741.283s][info][gc,heap        ] GC(768) ParOldGen: 6458K->6458K(2796544K)
[741.283s][info][gc,metaspace   ] GC(768) Metaspace: 25627K(26496K)->25627K(26496K) NonClass: 22353K(22784K)->22353K(22784K) Class: 3274K(3712K)->3274K(3712K)
[741.283s][info][gc             ] GC(768) Pause Young (Allocation Failure) 670M->7M(3769M) 0.717ms
[741.283s][info][gc,cpu         ] GC(768) User=0.00s Sys=0.00s Real=0.00s
[741.400s][info][gc,start       ] GC(769) Pause Young (Allocation Failure)
[741.401s][info][gc,heap        ] GC(769) PSYoungGen: 717088K->384K(1050624K)
[741.401s][info][gc,heap        ] GC(769) ParOldGen: 6458K->6674K(2796544K)
[741.401s][info][gc,metaspace   ] GC(769) Metaspace: 25627K(26496K)->25627K(26496K) NonClass: 22353K(22784K)->22353K(22784K) Class: 3274K(3712K)->3274K(3712K)
[741.401s][info][gc             ] GC(769) Pause Young (Allocation Failure) 706M->6M(3757M) 0.832ms
[741.401s][info][gc,cpu         ] GC(769) User=0.00s Sys=0.00s Real=0.00s
[741.522s][info][gc,start       ] GC(770) Pause Young (Allocation Failure)
[741.522s][info][gc,heap        ] GC(770) PSYoungGen: 716672K->352K(1092096K)
[741.522s][info][gc,heap        ] GC(770) ParOldGen: 6674K->6770K(2796544K)
[741.522s][info][gc,metaspace   ] GC(770) Metaspace: 25627K(26496K)->25627K(26496K) NonClass: 22353K(22784K)->22353K(22784K) Class: 3274K(3712K)->3274K(3712K)
[741.522s][info][gc             ] GC(770) Pause Young (Allocation Failure) 706M->6M(3797M) 0.550ms
[741.522s][info][gc,cpu         ] GC(770) User=0.00s Sys=0.00s Real=0.00s
[741.650s][info][gc,start       ] GC(771) Pause Young (Allocation Failure)
[741.651s][info][gc,heap        ] GC(771) PSYoungGen: 772448K->352K(1077760K)
[741.651s][info][gc,heap        ] GC(771) ParOldGen: 6770K->6818K(2796544K)
[741.651s][info][gc,metaspace   ] GC(771) Metaspace: 25627K(26496K)->25627K(26496K) NonClass: 22353K(22784K)->22353K(22784K) Class: 3274K(3712K)->3274K(3712K)
[741.651s][info][gc             ] GC(771) Pause Young (Allocation Failure) 760M->7M(3783M) 0.582ms
[741.651s][info][gc,cpu         ] GC(771) User=0.00s Sys=0.00s Real=0.00s
[742.360s][info][gc,start       ] GC(772) Pause Young (Allocation Failure)
[742.515s][info][gc,heap        ] GC(772) PSYoungGen: 772448K->290802K(939008K)
[742.516s][info][gc,heap        ] GC(772) ParOldGen: 6818K->59322K(2796544K)
[742.516s][info][gc,metaspace   ] GC(772) Metaspace: 25627K(26496K)->25627K(26496K) NonClass: 22353K(22784K)->22353K(22784K) Class: 3274K(3712K)->3274K(3712K)
[742.516s][info][gc             ] GC(772) Pause Young (Allocation Failure) 761M->341M(3648M) 155.567ms
[742.516s][info][gc,cpu         ] GC(772) User=0.80s Sys=0.00s Real=0.14s
[747.277s][info][gc,start       ] GC(773) Pause Young (Allocation Failure)
[747.422s][info][gc,heap        ] GC(773) PSYoungGen: 938994K->138720K(1022976K)
[747.422s][info][gc,heap        ] GC(773) ParOldGen: 59322K->212909K(2796544K)
[747.422s][info][gc,metaspace   ] GC(773) Metaspace: 25627K(26496K)->25627K(26496K) NonClass: 22353K(22784K)->22353K(22784K) Class: 3274K(3712K)->3274K(3712K)
[747.422s][info][gc             ] GC(773) Pause Young (Allocation Failure) 974M->343M(3730M) 145.223ms
[747.422s][info][gc,cpu         ] GC(773) User=0.84s Sys=0.00s Real=0.14s
[747.796s][info][gc,start       ] GC(774) Pause Young (Allocation Failure)
[747.978s][info][gc,heap        ] GC(774) PSYoungGen: 786912K->268608K(953344K)
[747.978s][info][gc,heap        ] GC(774) ParOldGen: 212909K->349365K(2796544K)
[747.978s][info][gc,metaspace   ] GC(774) Metaspace: 25627K(26496K)->25627K(26496K) NonClass: 22353K(22784K)->22353K(22784K) Class: 3274K(3712K)->3274K(3712K)
[747.978s][info][gc             ] GC(774) Pause Young (Allocation Failure) 976M->603M(3662M) 181.723ms
[747.978s][info][gc,cpu         ] GC(774) User=1.03s Sys=0.00s Real=0.17s
[748.797s][info][gc,start       ] GC(775) Pause Young (Allocation Failure)
[748.944s][info][gc,heap        ] GC(775) PSYoungGen: 855360K->56550K(992256K)
[748.944s][info][gc,heap        ] GC(775) ParOldGen: 349365K->587349K(2796544K)
[748.944s][info][gc,metaspace   ] GC(775) Metaspace: 25627K(26496K)->25627K(26496K) NonClass: 22353K(22784K)->22353K(22784K) Class: 3274K(3712K)->3274K(3712K)
[748.944s][info][gc             ] GC(775) Pause Young (Allocation Failure) 1176M->628M(3700M) 146.860ms
[748.944s][info][gc,cpu         ] GC(775) User=0.91s Sys=0.00s Real=0.16s
[749.804s][info][gc,start       ] GC(776) Pause Young (System.gc())
[749.824s][info][gc,heap        ] GC(776) PSYoungGen: 246919K->128K(1025024K)
[749.824s][info][gc,heap        ] GC(776) ParOldGen: 587349K->618077K(2796544K)
[749.824s][info][gc,metaspace   ] GC(776) Metaspace: 25627K(26496K)->25627K(26496K) NonClass: 22353K(22784K)->22353K(22784K) Class: 3274K(3712K)->3274K(3712K)
[749.824s][info][gc             ] GC(776) Pause Young (System.gc()) 814M->603M(3732M) 19.511ms
[749.824s][info][gc,cpu         ] GC(776) User=0.08s Sys=0.00s Real=0.01s
[749.824s][info][gc,start       ] GC(777) Pause Full (System.gc())
[749.824s][info][gc,phases,start] GC(777) Marking Phase
[749.829s][info][gc,phases      ] GC(777) Marking Phase 5.151ms
[749.829s][info][gc,phases,start] GC(777) Summary Phase
[749.829s][info][gc,phases      ] GC(777) Summary Phase 0.013ms
[749.829s][info][gc,phases,start] GC(777) Adjust Roots
[749.832s][info][gc,phases      ] GC(777) Adjust Roots 2.622ms
[749.832s][info][gc,phases,start] GC(777) Compaction Phase
[749.834s][info][gc,phases      ] GC(777) Compaction Phase 2.111ms
[749.834s][info][gc,phases,start] GC(777) Post Compact
[749.835s][info][gc,phases      ] GC(777) Post Compact 1.416ms
[749.835s][info][gc,heap        ] GC(777) PSYoungGen: 128K->0K(1025024K)
[749.835s][info][gc,heap        ] GC(777) ParOldGen: 618077K->6458K(2796544K)
[749.835s][info][gc,metaspace   ] GC(777) Metaspace: 25627K(26496K)->25627K(26496K) NonClass: 22353K(22784K)->22353K(22784K) Class: 3274K(3712K)->3274K(3712K)
[749.835s][info][gc             ] GC(777) Pause Full (System.gc()) 603M->6M(3732M) 11.649ms
[749.835s][info][gc,cpu         ] GC(777) User=0.00s Sys=0.00s Real=0.02s
[751.535s][info][gc,start       ] GC(778) Pause Young (Allocation Failure)
[751.536s][info][gc,heap        ] GC(778) PSYoungGen: 641024K->672K(1013760K)
[751.536s][info][gc,heap        ] GC(778) ParOldGen: 6458K->6458K(2796544K)
[751.536s][info][gc,metaspace   ] GC(778) Metaspace: 25627K(26496K)->25627K(26496K) NonClass: 22353K(22784K)->22353K(22784K) Class: 3274K(3712K)->3274K(3712K)
[751.536s][info][gc             ] GC(778) Pause Young (Allocation Failure) 632M->6M(3721M) 0.727ms
[751.536s][info][gc,cpu         ] GC(778) User=0.00s Sys=0.00s Real=0.00s
[751.637s][info][gc,start       ] GC(779) Pause Young (Allocation Failure)
[751.638s][info][gc,heap        ] GC(779) PSYoungGen: 641696K->480K(1051648K)
[751.638s][info][gc,heap        ] GC(779) ParOldGen: 6458K->6754K(2796544K)
[751.638s][info][gc,metaspace   ] GC(779) Metaspace: 25627K(26496K)->25627K(26496K) NonClass: 22353K(22784K)->22353K(22784K) Class: 3274K(3712K)->3274K(3712K)
[751.638s][info][gc             ] GC(779) Pause Young (Allocation Failure) 632M->7M(3758M) 0.735ms
[751.638s][info][gc,cpu         ] GC(779) User=0.00s Sys=0.00s Real=0.00s
[751.750s][info][gc,start       ] GC(780) Pause Young (Allocation Failure)
[751.751s][info][gc,heap        ] GC(780) PSYoungGen: 692192K->576K(1037824K)
[751.751s][info][gc,heap        ] GC(780) ParOldGen: 6754K->6866K(2796544K)
[751.751s][info][gc,metaspace   ] GC(780) Metaspace: 25627K(26496K)->25627K(26496K) NonClass: 22353K(22784K)->22353K(22784K) Class: 3274K(3712K)->3274K(3712K)
[751.751s][info][gc             ] GC(780) Pause Young (Allocation Failure) 682M->7M(3744M) 0.861ms
[751.751s][info][gc,cpu         ] GC(780) User=0.00s Sys=0.00s Real=0.02s
[751.865s][info][gc,start       ] GC(781) Pause Young (Allocation Failure)
[751.866s][info][gc,heap        ] GC(781) PSYoungGen: 692288K->384K(1081856K)
[751.866s][info][gc,heap        ] GC(781) ParOldGen: 6866K->6946K(2796544K)
[751.866s][info][gc,metaspace   ] GC(781) Metaspace: 25627K(26496K)->25627K(26496K) NonClass: 22353K(22784K)->22353K(22784K) Class: 3274K(3712K)->3274K(3712K)
[751.866s][info][gc             ] GC(781) Pause Young (Allocation Failure) 682M->7M(3787M) 0.669ms
[751.866s][info][gc,cpu         ] GC(781) User=0.00s Sys=0.00s Real=0.00s
[752.280s][info][gc,start       ] GC(782) Pause Young (Allocation Failure)
[752.352s][info][gc,heap        ] GC(782) PSYoungGen: 750976K->179346K(930304K)
[752.352s][info][gc,heap        ] GC(782) ParOldGen: 6946K->6986K(2796544K)
[752.352s][info][gc,metaspace   ] GC(782) Metaspace: 25627K(26496K)->25627K(26496K) NonClass: 22353K(22784K)->22353K(22784K) Class: 3274K(3712K)->3274K(3712K)
[752.352s][info][gc             ] GC(782) Pause Young (Allocation Failure) 740M->181M(3639M) 71.779ms
[752.352s][info][gc,cpu         ] GC(782) User=0.34s Sys=0.00s Real=0.08s
[756.717s][info][gc,start       ] GC(783) Pause Young (Allocation Failure)
[756.746s][info][gc,heap        ] GC(783) PSYoungGen: 929938K->66624K(1088512K)
[756.746s][info][gc,heap        ] GC(783) ParOldGen: 6986K->7098K(2796544K)
[756.746s][info][gc,metaspace   ] GC(783) Metaspace: 25627K(26496K)->25627K(26496K) NonClass: 22353K(22784K)->22353K(22784K) Class: 3274K(3712K)->3274K(3712K)
[756.746s][info][gc             ] GC(783) Pause Young (Allocation Failure) 914M->71M(3794M) 28.861ms
[756.746s][info][gc,cpu         ] GC(783) User=0.11s Sys=0.00s Real=0.03s
[757.183s][info][gc,start       ] GC(784) Pause Young (Allocation Failure)
[757.336s][info][gc,heap        ] GC(784) PSYoungGen: 820800K->309248K(1063424K)
[757.336s][info][gc,heap        ] GC(784) ParOldGen: 7098K->74994K(2796544K)
[757.336s][info][gc,metaspace   ] GC(784) Metaspace: 25627K(26496K)->25627K(26496K) NonClass: 22353K(22784K)->22353K(22784K) Class: 3274K(3712K)->3274K(3712K)
[757.336s][info][gc             ] GC(784) Pause Young (Allocation Failure) 808M->375M(3769M) 153.195ms
[757.336s][info][gc,cpu         ] GC(784) User=0.92s Sys=0.00s Real=0.15s
[758.700s][info][gc,start       ] GC(785) Pause Young (Allocation Failure)
[758.855s][info][gc,heap        ] GC(785) PSYoungGen: 1063424K->41984K(974336K)
[758.855s][info][gc,heap        ] GC(785) ParOldGen: 74994K->345218K(2796544K)
[758.855s][info][gc,metaspace   ] GC(785) Metaspace: 25627K(26496K)->25627K(26496K) NonClass: 22353K(22784K)->22353K(22784K) Class: 3274K(3712K)->3274K(3712K)
[758.855s][info][gc             ] GC(785) Pause Young (Allocation Failure) 1111M->378M(3682M) 155.153ms
[758.855s][info][gc,cpu         ] GC(785) User=0.86s Sys=0.00s Real=0.16s
[759.184s][info][gc,start       ] GC(786) Pause Young (System.gc())
[759.202s][info][gc,heap        ] GC(786) PSYoungGen: 88354K->32K(1018880K)
[759.202s][info][gc,heap        ] GC(786) ParOldGen: 345218K->385250K(2796544K)
[759.202s][info][gc,metaspace   ] GC(786) Metaspace: 25628K(26496K)->25628K(26496K) NonClass: 22353K(22784K)->22353K(22784K) Class: 3274K(3712K)->3274K(3712K)
[759.202s][info][gc             ] GC(786) Pause Young (System.gc()) 423M->376M(3726M) 18.544ms
[759.202s][info][gc,cpu         ] GC(786) User=0.05s Sys=0.00s Real=0.02s
[759.202s][info][gc,start       ] GC(787) Pause Full (System.gc())
[759.202s][info][gc,phases,start] GC(787) Marking Phase
[759.208s][info][gc,phases      ] GC(787) Marking Phase 5.249ms
[759.208s][info][gc,phases,start] GC(787) Summary Phase
[759.208s][info][gc,phases      ] GC(787) Summary Phase 0.012ms
[759.208s][info][gc,phases,start] GC(787) Adjust Roots
[759.210s][info][gc,phases      ] GC(787) Adjust Roots 2.640ms
[759.210s][info][gc,phases,start] GC(787) Compaction Phase
[759.212s][info][gc,phases      ] GC(787) Compaction Phase 1.975ms
[759.212s][info][gc,phases,start] GC(787) Post Compact
[759.214s][info][gc,phases      ] GC(787) Post Compact 1.877ms
[759.214s][info][gc,heap        ] GC(787) PSYoungGen: 32K->0K(1018880K)
[759.214s][info][gc,heap        ] GC(787) ParOldGen: 385250K->6458K(2796544K)
[759.214s][info][gc,metaspace   ] GC(787) Metaspace: 25628K(26496K)->25628K(26496K) NonClass: 22353K(22784K)->22353K(22784K) Class: 3274K(3712K)->3274K(3712K)
[759.214s][info][gc             ] GC(787) Pause Full (System.gc()) 376M->6M(3726M) 12.053ms
[759.214s][info][gc,cpu         ] GC(787) User=0.00s Sys=0.00s Real=0.01s
[760.809s][info][gc,start       ] GC(788) Pause Young (Allocation Failure)
[760.810s][info][gc,heap        ] GC(788) PSYoungGen: 640000K->544K(1043968K)
[760.810s][info][gc,heap        ] GC(788) ParOldGen: 6458K->6458K(2796544K)
[760.810s][info][gc,metaspace   ] GC(788) Metaspace: 25631K(26752K)->25631K(26752K) NonClass: 22356K(23040K)->22356K(23040K) Class: 3274K(3712K)->3274K(3712K)
[760.810s][info][gc             ] GC(788) Pause Young (Allocation Failure) 631M->6M(3750M) 0.643ms
[760.810s][info][gc,cpu         ] GC(788) User=0.00s Sys=0.00s Real=0.00s
[760.922s][info][gc,start       ] GC(789) Pause Young (Allocation Failure)
[760.923s][info][gc,heap        ] GC(789) PSYoungGen: 677408K->384K(1030656K)
[760.923s][info][gc,heap        ] GC(789) ParOldGen: 6458K->6594K(2796544K)
[760.923s][info][gc,metaspace   ] GC(789) Metaspace: 25631K(26752K)->25631K(26752K) NonClass: 22356K(23040K)->22356K(23040K) Class: 3274K(3712K)->3274K(3712K)
[760.923s][info][gc             ] GC(789) Pause Young (Allocation Failure) 667M->6M(3737M) 0.615ms
[760.923s][info][gc,cpu         ] GC(789) User=0.00s Sys=0.00s Real=0.00s
[761.034s][info][gc,start       ] GC(790) Pause Young (Allocation Failure)
[761.035s][info][gc,heap        ] GC(790) PSYoungGen: 677248K->448K(1073664K)
[761.035s][info][gc,heap        ] GC(790) ParOldGen: 6594K->6666K(2796544K)
[761.035s][info][gc,metaspace   ] GC(790) Metaspace: 25631K(26752K)->25631K(26752K) NonClass: 22356K(23040K)->22356K(23040K) Class: 3274K(3712K)->3274K(3712K)
[761.035s][info][gc             ] GC(790) Pause Young (Allocation Failure) 667M->6M(3779M) 0.601ms
[761.035s][info][gc,cpu         ] GC(790) User=0.00s Sys=0.00s Real=0.00s
[761.157s][info][gc,start       ] GC(791) Pause Young (Allocation Failure)
[761.157s][info][gc,heap        ] GC(791) PSYoungGen: 735168K->416K(1058816K)
[761.157s][info][gc,heap        ] GC(791) ParOldGen: 6666K->6746K(2796544K)
[761.157s][info][gc,metaspace   ] GC(791) Metaspace: 25631K(26752K)->25631K(26752K) NonClass: 22356K(23040K)->22356K(23040K) Class: 3274K(3712K)->3274K(3712K)
[761.157s][info][gc             ] GC(791) Pause Young (Allocation Failure) 724M->6M(3765M) 0.665ms
[761.157s][info][gc,cpu         ] GC(791) User=0.02s Sys=0.00s Real=0.01s
[761.620s][info][gc,start       ] GC(792) Pause Young (Allocation Failure)
[761.705s][info][gc,heap        ] GC(792) PSYoungGen: 735136K->207826K(1027584K)
[761.712s][info][gc,heap        ] GC(792) ParOldGen: 6746K->6842K(2796544K)
[761.712s][info][gc,metaspace   ] GC(792) Metaspace: 25631K(26752K)->25631K(26752K) NonClass: 22356K(23040K)->22356K(23040K) Class: 3274K(3712K)->3274K(3712K)
[761.712s][info][gc             ] GC(792) Pause Young (Allocation Failure) 724M->209M(3734M) 92.189ms
[761.712s][info][gc,cpu         ] GC(792) User=0.55s Sys=0.00s Real=0.10s
[766.197s][info][gc,start       ] GC(793) Pause Young (Allocation Failure)
[766.219s][info][gc,heap        ] GC(793) PSYoungGen: 926674K->54752K(1058304K)
[766.219s][info][gc,heap        ] GC(793) ParOldGen: 6842K->6922K(2796544K)
[766.219s][info][gc,metaspace   ] GC(793) Metaspace: 25631K(26752K)->25631K(26752K) NonClass: 22356K(23040K)->22356K(23040K) Class: 3274K(3712K)->3274K(3712K)
[766.219s][info][gc             ] GC(793) Pause Young (Allocation Failure) 911M->60M(3764M) 21.643ms
[766.219s][info][gc,cpu         ] GC(793) User=0.08s Sys=0.00s Real=0.02s
[766.632s][info][gc,start       ] GC(794) Pause Young (Allocation Failure)
[766.788s][info][gc,heap        ] GC(794) PSYoungGen: 773600K->298176K(962560K)
[766.788s][info][gc,heap        ] GC(794) ParOldGen: 6922K->60090K(2796544K)
[766.788s][info][gc,metaspace   ] GC(794) Metaspace: 25631K(26752K)->25631K(26752K) NonClass: 22356K(23040K)->22356K(23040K) Class: 3274K(3712K)->3274K(3712K)
[766.788s][info][gc             ] GC(794) Pause Young (Allocation Failure) 762M->349M(3671M) 156.346ms
[766.788s][info][gc,cpu         ] GC(794) User=0.89s Sys=0.00s Real=0.16s
[767.608s][info][gc,start       ] GC(795) Pause Young (Allocation Failure)
[767.776s][info][gc,heap        ] GC(795) PSYoungGen: 945344K->88227K(1022464K)
[767.776s][info][gc,heap        ] GC(795) ParOldGen: 60090K->324154K(2796544K)
[767.776s][info][gc,metaspace   ] GC(795) Metaspace: 25631K(26752K)->25631K(26752K) NonClass: 22356K(23040K)->22356K(23040K) Class: 3274K(3712K)->3274K(3712K)
[767.776s][info][gc             ] GC(795) Pause Young (Allocation Failure) 981M->402M(3729M) 168.031ms
[767.776s][info][gc,cpu         ] GC(795) User=0.97s Sys=0.00s Real=0.17s
[768.669s][info][gc,start       ] GC(796) Pause Young (System.gc())
[768.702s][info][gc,heap        ] GC(796) PSYoungGen: 304161K->128K(1059840K)
[768.702s][info][gc,heap        ] GC(796) ParOldGen: 324154K->386674K(2796544K)
[768.702s][info][gc,metaspace   ] GC(796) Metaspace: 25636K(26752K)->25636K(26752K) NonClass: 22362K(23040K)->22362K(23040K) Class: 3274K(3712K)->3274K(3712K)
[768.703s][info][gc             ] GC(796) Pause Young (System.gc()) 613M->377M(3766M) 33.487ms
[768.703s][info][gc,cpu         ] GC(796) User=0.11s Sys=0.00s Real=0.03s
[768.703s][info][gc,start       ] GC(797) Pause Full (System.gc())
[768.703s][info][gc,phases,start] GC(797) Marking Phase
[768.708s][info][gc,phases      ] GC(797) Marking Phase 5.328ms
[768.708s][info][gc,phases,start] GC(797) Summary Phase
[768.708s][info][gc,phases      ] GC(797) Summary Phase 0.011ms
[768.708s][info][gc,phases,start] GC(797) Adjust Roots
[768.711s][info][gc,phases      ] GC(797) Adjust Roots 2.654ms
[768.711s][info][gc,phases,start] GC(797) Compaction Phase
[768.713s][info][gc,phases      ] GC(797) Compaction Phase 2.035ms
[768.713s][info][gc,phases,start] GC(797) Post Compact
[768.715s][info][gc,phases      ] GC(797) Post Compact 1.891ms
[768.715s][info][gc,heap        ] GC(797) PSYoungGen: 128K->0K(1059840K)
[768.715s][info][gc,heap        ] GC(797) ParOldGen: 386674K->6458K(2796544K)
[768.715s][info][gc,metaspace   ] GC(797) Metaspace: 25636K(26752K)->25636K(26752K) NonClass: 22362K(23040K)->22362K(23040K) Class: 3274K(3712K)->3274K(3712K)
[768.715s][info][gc             ] GC(797) Pause Full (System.gc()) 377M->6M(3766M) 12.221ms
[768.715s][info][gc,cpu         ] GC(797) User=0.00s Sys=0.00s Real=0.02s
[770.790s][info][gc,start       ] GC(798) Pause Young (Allocation Failure)
[770.791s][info][gc,heap        ] GC(798) PSYoungGen: 711680K->608K(1049600K)
[770.791s][info][gc,heap        ] GC(798) ParOldGen: 6458K->6458K(2796544K)
[770.791s][info][gc,metaspace   ] GC(798) Metaspace: 25636K(26752K)->25636K(26752K) NonClass: 22362K(23040K)->22362K(23040K) Class: 3274K(3712K)->3274K(3712K)
[770.791s][info][gc             ] GC(798) Pause Young (Allocation Failure) 701M->6M(3756M) 0.738ms
[770.791s][info][gc,cpu         ] GC(798) User=0.00s Sys=0.00s Real=0.00s
[770.905s][info][gc,start       ] GC(799) Pause Young (Allocation Failure)
[770.905s][info][gc,heap        ] GC(799) PSYoungGen: 712288K->352K(1083392K)
[770.905s][info][gc,heap        ] GC(799) ParOldGen: 6458K->6682K(2796544K)
[770.905s][info][gc,metaspace   ] GC(799) Metaspace: 25636K(26752K)->25636K(26752K) NonClass: 22362K(23040K)->22362K(23040K) Class: 3274K(3712K)->3274K(3712K)
[770.905s][info][gc             ] GC(799) Pause Young (Allocation Failure) 701M->6M(3789M) 0.665ms
[770.905s][info][gc,cpu         ] GC(799) User=0.00s Sys=0.00s Real=0.00s
[771.028s][info][gc,start       ] GC(800) Pause Young (Allocation Failure)
[771.029s][info][gc,heap        ] GC(800) PSYoungGen: 757088K->480K(1071104K)
[771.029s][info][gc,heap        ] GC(800) ParOldGen: 6682K->6746K(2796544K)
[771.029s][info][gc,metaspace   ] GC(800) Metaspace: 25636K(26752K)->25636K(26752K) NonClass: 22362K(23040K)->22362K(23040K) Class: 3274K(3712K)->3274K(3712K)
[771.029s][info][gc             ] GC(800) Pause Young (Allocation Failure) 745M->7M(3777M) 0.702ms
[771.029s][info][gc,cpu         ] GC(800) User=0.00s Sys=0.00s Real=0.00s
[771.153s][info][gc,start       ] GC(801) Pause Young (Allocation Failure)
[771.154s][info][gc,heap        ] GC(801) PSYoungGen: 757216K->352K(1110528K)
[771.154s][info][gc,heap        ] GC(801) ParOldGen: 6746K->6834K(2796544K)
[771.154s][info][gc,metaspace   ] GC(801) Metaspace: 25636K(26752K)->25636K(26752K) NonClass: 22362K(23040K)->22362K(23040K) Class: 3274K(3712K)->3274K(3712K)
[771.154s][info][gc             ] GC(801) Pause Young (Allocation Failure) 746M->7M(3815M) 0.563ms
[771.154s][info][gc,cpu         ] GC(801) User=0.00s Sys=0.00s Real=0.00s
[771.889s][info][gc,start       ] GC(802) Pause Young (Allocation Failure)
[772.044s][info][gc,heap        ] GC(802) PSYoungGen: 809824K->287218K(1096704K)
[772.044s][info][gc,heap        ] GC(802) ParOldGen: 6834K->72954K(2796544K)
[772.044s][info][gc,metaspace   ] GC(802) Metaspace: 25636K(26752K)->25636K(26752K) NonClass: 22362K(23040K)->22362K(23040K) Class: 3274K(3712K)->3274K(3712K)
[772.044s][info][gc             ] GC(802) Pause Young (Allocation Failure) 797M->351M(3802M) 155.523ms
[772.044s][info][gc,cpu         ] GC(802) User=0.86s Sys=0.00s Real=0.16s
[776.827s][info][gc,start       ] GC(803) Pause Young (Allocation Failure)
[777.023s][info][gc,heap        ] GC(803) PSYoungGen: 1096690K->204224K(919552K)
[777.024s][info][gc,heap        ] GC(803) ParOldGen: 72954K->274965K(2796544K)
[777.024s][info][gc,metaspace   ] GC(803) Metaspace: 25636K(26752K)->25636K(26752K) NonClass: 22362K(23040K)->22362K(23040K) Class: 3274K(3712K)->3274K(3712K)
[777.024s][info][gc             ] GC(803) Pause Young (Allocation Failure) 1142M->467M(3629M) 196.669ms
[777.024s][info][gc,cpu         ] GC(803) User=1.12s Sys=0.00s Real=0.19s
[777.432s][info][gc,start       ] GC(804) Pause Young (Allocation Failure)
[777.651s][info][gc,heap        ] GC(804) PSYoungGen: 822720K->281432K(900096K)
[777.651s][info][gc,heap        ] GC(804) ParOldGen: 274965K->474861K(2796544K)
[777.651s][info][gc,metaspace   ] GC(804) Metaspace: 25636K(26752K)->25636K(26752K) NonClass: 22362K(23040K)->22362K(23040K) Class: 3274K(3712K)->3274K(3712K)
[777.651s][info][gc             ] GC(804) Pause Young (Allocation Failure) 1071M->738M(3610M) 219.809ms
[777.651s][info][gc,cpu         ] GC(804) User=1.30s Sys=0.00s Real=0.22s
[779.107s][info][gc,start       ] GC(805) Pause Young (Allocation Failure)
[779.118s][info][gc,heap        ] GC(805) PSYoungGen: 899928K->4352K(981504K)
[779.118s][info][gc,heap        ] GC(805) ParOldGen: 474861K->474861K(2796544K)
[779.118s][info][gc,metaspace   ] GC(805) Metaspace: 25636K(26752K)->25636K(26752K) NonClass: 22362K(23040K)->22362K(23040K) Class: 3274K(3712K)->3274K(3712K)
[779.118s][info][gc             ] GC(805) Pause Young (Allocation Failure) 1342M->467M(3689M) 11.221ms
[779.118s][info][gc,cpu         ] GC(805) User=0.02s Sys=0.00s Real=0.02s
[779.290s][info][gc,start       ] GC(806) Pause Young (System.gc())
[779.293s][info][gc,heap        ] GC(806) PSYoungGen: 28950K->64K(968704K)
[779.293s][info][gc,heap        ] GC(806) ParOldGen: 474861K->477117K(2796544K)
[779.293s][info][gc,metaspace   ] GC(806) Metaspace: 25636K(26752K)->25636K(26752K) NonClass: 22362K(23040K)->22362K(23040K) Class: 3274K(3712K)->3274K(3712K)
[779.293s][info][gc             ] GC(806) Pause Young (System.gc()) 492M->465M(3677M) 2.974ms
[779.293s][info][gc,cpu         ] GC(806) User=0.00s Sys=0.00s Real=0.00s
[779.293s][info][gc,start       ] GC(807) Pause Full (System.gc())
[779.293s][info][gc,phases,start] GC(807) Marking Phase
[779.298s][info][gc,phases      ] GC(807) Marking Phase 5.158ms
[779.298s][info][gc,phases,start] GC(807) Summary Phase
[779.298s][info][gc,phases      ] GC(807) Summary Phase 0.013ms
[779.298s][info][gc,phases,start] GC(807) Adjust Roots
[779.301s][info][gc,phases      ] GC(807) Adjust Roots 2.640ms
[779.301s][info][gc,phases,start] GC(807) Compaction Phase
[779.303s][info][gc,phases      ] GC(807) Compaction Phase 2.224ms
[779.303s][info][gc,phases,start] GC(807) Post Compact
[779.305s][info][gc,phases      ] GC(807) Post Compact 2.315ms
[779.306s][info][gc,heap        ] GC(807) PSYoungGen: 64K->0K(968704K)
[779.306s][info][gc,heap        ] GC(807) ParOldGen: 477117K->6459K(2796544K)
[779.306s][info][gc,metaspace   ] GC(807) Metaspace: 25636K(26752K)->25636K(26752K) NonClass: 22362K(23040K)->22362K(23040K) Class: 3274K(3712K)->3274K(3712K)
[779.306s][info][gc             ] GC(807) Pause Full (System.gc()) 465M->6M(3677M) 12.665ms
[779.306s][info][gc,cpu         ] GC(807) User=0.00s Sys=0.00s Real=0.02s
[781.053s][info][gc,start       ] GC(808) Pause Young (Allocation Failure)
[781.054s][info][gc,heap        ] GC(808) PSYoungGen: 552448K->672K(1010176K)
[781.054s][info][gc,heap        ] GC(808) ParOldGen: 6459K->6459K(2796544K)
[781.054s][info][gc,metaspace   ] GC(808) Metaspace: 25636K(26752K)->25636K(26752K) NonClass: 22362K(23040K)->22362K(23040K) Class: 3274K(3712K)->3274K(3712K)
[781.054s][info][gc             ] GC(808) Pause Young (Allocation Failure) 545M->6M(3717M) 0.753ms
[781.054s][info][gc,cpu         ] GC(808) User=0.00s Sys=0.00s Real=0.00s
[781.152s][info][gc,start       ] GC(809) Pause Young (Allocation Failure)
[781.152s][info][gc,heap        ] GC(809) PSYoungGen: 607904K->416K(994816K)
[781.152s][info][gc,heap        ] GC(809) ParOldGen: 6459K->6779K(2796544K)
[781.152s][info][gc,metaspace   ] GC(809) Metaspace: 25636K(26752K)->25636K(26752K) NonClass: 22362K(23040K)->22362K(23040K) Class: 3274K(3712K)->3274K(3712K)
[781.152s][info][gc             ] GC(809) Pause Young (Allocation Failure) 599M->7M(3702M) 0.713ms
[781.152s][info][gc,cpu         ] GC(809) User=0.00s Sys=0.00s Real=0.00s
[781.250s][info][gc,start       ] GC(810) Pause Young (Allocation Failure)
[781.251s][info][gc,heap        ] GC(810) PSYoungGen: 607648K->384K(1042944K)
[781.251s][info][gc,heap        ] GC(810) ParOldGen: 6779K->6875K(2796544K)
[781.251s][info][gc,metaspace   ] GC(810) Metaspace: 25636K(26752K)->25636K(26752K) NonClass: 22362K(23040K)->22362K(23040K) Class: 3274K(3712K)->3274K(3712K)
[781.251s][info][gc             ] GC(810) Pause Young (Allocation Failure) 600M->7M(3749M) 0.547ms
[781.251s][info][gc,cpu         ] GC(810) User=0.00s Sys=0.00s Real=0.00s
[781.360s][info][gc,start       ] GC(811) Pause Young (Allocation Failure)
[781.360s][info][gc,heap        ] GC(811) PSYoungGen: 671616K->352K(1026048K)
[781.360s][info][gc,heap        ] GC(811) ParOldGen: 6875K->6923K(2796544K)
[781.360s][info][gc,metaspace   ] GC(811) Metaspace: 25636K(26752K)->25636K(26752K) NonClass: 22362K(23040K)->22362K(23040K) Class: 3274K(3712K)->3274K(3712K)
[781.360s][info][gc             ] GC(811) Pause Young (Allocation Failure) 662M->7M(3733M) 0.566ms
[781.360s][info][gc,cpu         ] GC(811) User=0.00s Sys=0.00s Real=0.00s
[781.476s][info][gc,start       ] GC(812) Pause Young (Allocation Failure)
[781.476s][info][gc,heap        ] GC(812) PSYoungGen: 671584K->320K(1077248K)
[781.476s][info][gc,heap        ] GC(812) ParOldGen: 6923K->6971K(2796544K)
[781.476s][info][gc,metaspace   ] GC(812) Metaspace: 25636K(26752K)->25636K(26752K) NonClass: 22362K(23040K)->22362K(23040K) Class: 3274K(3712K)->3274K(3712K)
[781.476s][info][gc             ] GC(812) Pause Young (Allocation Failure) 662M->7M(3783M) 0.580ms
[781.476s][info][gc,cpu         ] GC(812) User=0.00s Sys=0.00s Real=0.00s
[782.311s][info][gc,start       ] GC(813) Pause Young (Allocation Failure)
[782.503s][info][gc,heap        ] GC(813) PSYoungGen: 739648K->320483K(1059840K)
[782.503s][info][gc,heap        ] GC(813) ParOldGen: 6971K->101107K(2796544K)
[782.503s][info][gc,metaspace   ] GC(813) Metaspace: 25636K(26752K)->25636K(26752K) NonClass: 22362K(23040K)->22362K(23040K) Class: 3274K(3712K)->3274K(3712K)
[782.503s][info][gc             ] GC(813) Pause Young (Allocation Failure) 729M->411M(3766M) 192.470ms
[782.503s][info][gc,cpu         ] GC(813) User=1.06s Sys=0.00s Real=0.19s
[786.445s][info][gc,start       ] GC(814) Pause Young (Allocation Failure)
[786.665s][info][gc,heap        ] GC(814) PSYoungGen: 1059811K->243424K(835584K)
[786.665s][info][gc,heap        ] GC(814) ParOldGen: 101107K->307557K(2796544K)
[786.665s][info][gc,metaspace   ] GC(814) Metaspace: 25636K(26752K)->25636K(26752K) NonClass: 22362K(23040K)->22362K(23040K) Class: 3274K(3712K)->3274K(3712K)
[786.665s][info][gc             ] GC(814) Pause Young (Allocation Failure) 1133M->538M(3547M) 219.355ms
[786.665s][info][gc,cpu         ] GC(814) User=1.28s Sys=0.00s Real=0.22s
[786.986s][info][gc,start       ] GC(815) Pause Young (Allocation Failure)
[787.203s][info][gc,heap        ] GC(815) PSYoungGen: 741088K->230922K(729088K)
[787.203s][info][gc,heap        ] GC(815) ParOldGen: 307557K->546061K(2796544K)
[787.203s][info][gc,metaspace   ] GC(815) Metaspace: 25636K(26752K)->25636K(26752K) NonClass: 22362K(23040K)->22362K(23040K) Class: 3274K(3712K)->3274K(3712K)
[787.203s][info][gc             ] GC(815) Pause Young (Allocation Failure) 1024M->758M(3443M) 217.093ms
[787.203s][info][gc,cpu         ] GC(815) User=1.22s Sys=0.00s Real=0.22s
[788.016s][info][gc,start       ] GC(816) Pause Young (Allocation Failure)
[788.124s][info][gc,heap        ] GC(816) PSYoungGen: 728586K->9856K(951808K)
[788.124s][info][gc,heap        ] GC(816) ParOldGen: 546061K->726724K(2796544K)
[788.124s][info][gc,metaspace   ] GC(816) Metaspace: 25636K(26752K)->25636K(26752K) NonClass: 22362K(23040K)->22362K(23040K) Class: 3274K(3712K)->3274K(3712K)
[788.124s][info][gc             ] GC(816) Pause Young (Allocation Failure) 1244M->719M(3660M) 108.053ms
[788.124s][info][gc,cpu         ] GC(816) User=0.55s Sys=0.00s Real=0.09s
[788.947s][info][gc,start       ] GC(817) Pause Young (System.gc())
[788.953s][info][gc,heap        ] GC(817) PSYoungGen: 169074K->64K(936448K)
[788.953s][info][gc,heap        ] GC(817) ParOldGen: 726724K->728972K(2796544K)
[788.953s][info][gc,metaspace   ] GC(817) Metaspace: 25636K(26752K)->25636K(26752K) NonClass: 22362K(23040K)->22362K(23040K) Class: 3274K(3712K)->3274K(3712K)
[788.953s][info][gc             ] GC(817) Pause Young (System.gc()) 874M->711M(3645M) 5.807ms
[788.953s][info][gc,cpu         ] GC(817) User=0.00s Sys=0.00s Real=0.00s
[788.953s][info][gc,start       ] GC(818) Pause Full (System.gc())
[788.953s][info][gc,phases,start] GC(818) Marking Phase
[788.958s][info][gc,phases      ] GC(818) Marking Phase 5.237ms
[788.958s][info][gc,phases,start] GC(818) Summary Phase
[788.958s][info][gc,phases      ] GC(818) Summary Phase 0.013ms
[788.958s][info][gc,phases,start] GC(818) Adjust Roots
[788.961s][info][gc,phases      ] GC(818) Adjust Roots 2.682ms
[788.961s][info][gc,phases,start] GC(818) Compaction Phase
[788.963s][info][gc,phases      ] GC(818) Compaction Phase 2.121ms
[788.963s][info][gc,phases,start] GC(818) Post Compact
[788.965s][info][gc,phases      ] GC(818) Post Compact 1.584ms
[788.965s][info][gc,heap        ] GC(818) PSYoungGen: 64K->0K(936448K)
[788.965s][info][gc,heap        ] GC(818) ParOldGen: 728972K->6458K(2796544K)
[788.965s][info][gc,metaspace   ] GC(818) Metaspace: 25636K(26752K)->25636K(26752K) NonClass: 22362K(23040K)->22362K(23040K) Class: 3274K(3712K)->3274K(3712K)
[788.965s][info][gc             ] GC(818) Pause Full (System.gc()) 711M->6M(3645M) 11.940ms
[788.965s][info][gc,cpu         ] GC(818) User=0.02s Sys=0.00s Real=0.02s
[790.528s][info][gc,start       ] GC(819) Pause Young (Allocation Failure)
[790.529s][info][gc,heap        ] GC(819) PSYoungGen: 490496K->672K(984064K)
[790.529s][info][gc,heap        ] GC(819) ParOldGen: 6458K->6458K(2796544K)
[790.529s][info][gc,metaspace   ] GC(819) Metaspace: 25636K(26752K)->25636K(26752K) NonClass: 22362K(23040K)->22362K(23040K) Class: 3274K(3712K)->3274K(3712K)
[790.529s][info][gc             ] GC(819) Pause Young (Allocation Failure) 485M->6M(3692M) 0.750ms
[790.529s][info][gc,cpu         ] GC(819) User=0.00s Sys=0.00s Real=0.00s
[790.617s][info][gc,start       ] GC(820) Pause Young (Allocation Failure)
[790.617s][info][gc,heap        ] GC(820) PSYoungGen: 554144K->448K(967168K)
[790.617s][info][gc,heap        ] GC(820) ParOldGen: 6458K->6794K(2796544K)
[790.617s][info][gc,metaspace   ] GC(820) Metaspace: 25636K(26752K)->25636K(26752K) NonClass: 22362K(23040K)->22362K(23040K) Class: 3274K(3712K)->3274K(3712K)
[790.617s][info][gc             ] GC(820) Pause Young (Allocation Failure) 547M->7M(3675M) 0.743ms
[790.617s][info][gc,cpu         ] GC(820) User=0.00s Sys=0.00s Real=0.00s
[790.708s][info][gc,start       ] GC(821) Pause Young (Allocation Failure)
[790.708s][info][gc,heap        ] GC(821) PSYoungGen: 553920K->320K(1020416K)
[790.708s][info][gc,heap        ] GC(821) ParOldGen: 6794K->6858K(2796544K)
[790.708s][info][gc,metaspace   ] GC(821) Metaspace: 25636K(26752K)->25636K(26752K) NonClass: 22362K(23040K)->22362K(23040K) Class: 3274K(3712K)->3274K(3712K)
[790.708s][info][gc             ] GC(821) Pause Young (Allocation Failure) 547M->7M(3727M) 0.494ms
[790.708s][info][gc,cpu         ] GC(821) User=0.00s Sys=0.00s Real=0.00s
[790.809s][info][gc,start       ] GC(822) Pause Young (Allocation Failure)
[790.810s][info][gc,heap        ] GC(822) PSYoungGen: 624960K->480K(1001984K)
[790.810s][info][gc,heap        ] GC(822) ParOldGen: 6858K->6930K(2796544K)
[790.810s][info][gc,metaspace   ] GC(822) Metaspace: 25636K(26752K)->25636K(26752K) NonClass: 22362K(23040K)->22362K(23040K) Class: 3274K(3712K)->3274K(3712K)
[790.810s][info][gc             ] GC(822) Pause Young (Allocation Failure) 617M->7M(3709M) 0.582ms
[790.810s][info][gc,cpu         ] GC(822) User=0.00s Sys=0.00s Real=0.00s
[790.911s][info][gc,start       ] GC(823) Pause Young (Allocation Failure)
[790.912s][info][gc,heap        ] GC(823) PSYoungGen: 625120K->448K(1057280K)
[790.912s][info][gc,heap        ] GC(823) ParOldGen: 6930K->7010K(2796544K)
[790.912s][info][gc,metaspace   ] GC(823) Metaspace: 25636K(26752K)->25636K(26752K) NonClass: 22362K(23040K)->22362K(23040K) Class: 3274K(3712K)->3274K(3712K)
[790.912s][info][gc             ] GC(823) Pause Young (Allocation Failure) 617M->7M(3763M) 0.564ms
[790.912s][info][gc,cpu         ] GC(823) User=0.00s Sys=0.00s Real=0.00s
[791.389s][info][gc,start       ] GC(824) Pause Young (Allocation Failure)
[791.479s][info][gc,heap        ] GC(824) PSYoungGen: 698816K->218865K(917504K)
[791.479s][info][gc,heap        ] GC(824) ParOldGen: 7010K->7074K(2796544K)
[791.479s][info][gc,metaspace   ] GC(824) Metaspace: 25636K(26752K)->25636K(26752K) NonClass: 22362K(23040K)->22362K(23040K) Class: 3274K(3712K)->3274K(3712K)
[791.479s][info][gc             ] GC(824) Pause Young (Allocation Failure) 689M->220M(3627M) 90.337ms
[791.479s][info][gc,cpu         ] GC(824) User=0.44s Sys=0.00s Real=0.10s
[795.683s][info][gc,start       ] GC(825) Pause Young (Allocation Failure)
[795.713s][info][gc,heap        ] GC(825) PSYoungGen: 917233K->69472K(1055232K)
[795.713s][info][gc,heap        ] GC(825) ParOldGen: 7074K->7138K(2796544K)
[795.713s][info][gc,metaspace   ] GC(825) Metaspace: 25636K(26752K)->25636K(26752K) NonClass: 22362K(23040K)->22362K(23040K) Class: 3274K(3712K)->3274K(3712K)
[795.713s][info][gc             ] GC(825) Pause Young (Allocation Failure) 902M->74M(3761M) 29.718ms
[795.713s][info][gc,cpu         ] GC(825) User=0.09s Sys=0.00s Real=0.03s
[796.102s][info][gc,start       ] GC(826) Pause Young (Allocation Failure)
[796.249s][info][gc,heap        ] GC(826) PSYoungGen: 752992K->283520K(967168K)
[796.249s][info][gc,heap        ] GC(826) ParOldGen: 7138K->74786K(2796544K)
[796.249s][info][gc,metaspace   ] GC(826) Metaspace: 25636K(26752K)->25636K(26752K) NonClass: 22362K(23040K)->22362K(23040K) Class: 3274K(3712K)->3274K(3712K)
[796.249s][info][gc             ] GC(826) Pause Young (Allocation Failure) 742M->349M(3675M) 146.487ms
[796.249s][info][gc,cpu         ] GC(826) User=0.86s Sys=0.00s Real=0.16s
[797.146s][info][gc,start       ] GC(827) Pause Young (Allocation Failure)
[797.311s][info][gc,heap        ] GC(827) PSYoungGen: 967040K->84899K(1032704K)
[797.311s][info][gc,heap        ] GC(827) ParOldGen: 74786K->322730K(2796544K)
[797.311s][info][gc,metaspace   ] GC(827) Metaspace: 25637K(26752K)->25637K(26752K) NonClass: 22363K(23040K)->22363K(23040K) Class: 3274K(3712K)->3274K(3712K)
[797.311s][info][gc             ] GC(827) Pause Young (Allocation Failure) 1017M->398M(3739M) 164.722ms
[797.311s][info][gc,cpu         ] GC(827) User=0.94s Sys=0.00s Real=0.16s
[798.169s][info][gc,start       ] GC(828) Pause Young (System.gc())
[798.202s][info][gc,heap        ] GC(828) PSYoungGen: 264050K->128K(1004032K)
[798.202s][info][gc,heap        ] GC(828) ParOldGen: 322730K->385434K(2796544K)
[798.202s][info][gc,metaspace   ] GC(828) Metaspace: 25637K(26752K)->25637K(26752K) NonClass: 22363K(23040K)->22363K(23040K) Class: 3274K(3712K)->3274K(3712K)
[798.202s][info][gc             ] GC(828) Pause Young (System.gc()) 573M->376M(3711M) 32.713ms
[798.202s][info][gc,cpu         ] GC(828) User=0.12s Sys=0.00s Real=0.03s
[798.202s][info][gc,start       ] GC(829) Pause Full (System.gc())
[798.202s][info][gc,phases,start] GC(829) Marking Phase
[798.207s][info][gc,phases      ] GC(829) Marking Phase 5.298ms
[798.207s][info][gc,phases,start] GC(829) Summary Phase
[798.207s][info][gc,phases      ] GC(829) Summary Phase 0.013ms
[798.207s][info][gc,phases,start] GC(829) Adjust Roots
[798.210s][info][gc,phases      ] GC(829) Adjust Roots 2.674ms
[798.210s][info][gc,phases,start] GC(829) Compaction Phase
[798.212s][info][gc,phases      ] GC(829) Compaction Phase 2.060ms
[798.212s][info][gc,phases,start] GC(829) Post Compact
[798.214s][info][gc,phases      ] GC(829) Post Compact 1.891ms
[798.214s][info][gc,heap        ] GC(829) PSYoungGen: 128K->0K(1004032K)
[798.214s][info][gc,heap        ] GC(829) ParOldGen: 385434K->6459K(2796544K)
[798.214s][info][gc,metaspace   ] GC(829) Metaspace: 25637K(26752K)->25637K(26752K) NonClass: 22363K(23040K)->22363K(23040K) Class: 3274K(3712K)->3274K(3712K)
[798.214s][info][gc             ] GC(829) Pause Full (System.gc()) 376M->6M(3711M) 12.243ms
[798.214s][info][gc,cpu         ] GC(829) User=0.00s Sys=0.00s Real=0.01s
[799.873s][info][gc,start       ] GC(830) Pause Young (Allocation Failure)
[799.874s][info][gc,heap        ] GC(830) PSYoungGen: 638976K->640K(1056768K)
[799.874s][info][gc,heap        ] GC(830) ParOldGen: 6459K->6459K(2796544K)
[799.874s][info][gc,metaspace   ] GC(830) Metaspace: 25637K(26752K)->25637K(26752K) NonClass: 22363K(23040K)->22363K(23040K) Class: 3274K(3712K)->3274K(3712K)
[799.874s][info][gc             ] GC(830) Pause Young (Allocation Failure) 630M->6M(3763M) 0.679ms
[799.874s][info][gc,cpu         ] GC(830) User=0.00s Sys=0.00s Real=0.00s
[799.985s][info][gc,start       ] GC(831) Pause Young (Allocation Failure)
[799.985s][info][gc,heap        ] GC(831) PSYoungGen: 703616K->512K(1043968K)
[799.985s][info][gc,heap        ] GC(831) ParOldGen: 6459K->6739K(2796544K)
[799.985s][info][gc,metaspace   ] GC(831) Metaspace: 25637K(26752K)->25637K(26752K) NonClass: 22363K(23040K)->22363K(23040K) Class: 3274K(3712K)->3274K(3712K)
[799.985s][info][gc             ] GC(831) Pause Young (Allocation Failure) 693M->7M(3750M) 0.646ms
[799.985s][info][gc,cpu         ] GC(831) User=0.00s Sys=0.00s Real=0.00s
[800.099s][info][gc,start       ] GC(832) Pause Young (Allocation Failure)
[800.100s][info][gc,heap        ] GC(832) PSYoungGen: 703488K->416K(1084928K)
[800.100s][info][gc,heap        ] GC(832) ParOldGen: 6739K->6875K(2796544K)
[800.100s][info][gc,metaspace   ] GC(832) Metaspace: 25637K(26752K)->25637K(26752K) NonClass: 22363K(23040K)->22363K(23040K) Class: 3274K(3712K)->3274K(3712K)
[800.100s][info][gc             ] GC(832) Pause Young (Allocation Failure) 693M->7M(3790M) 0.681ms
[800.100s][info][gc,cpu         ] GC(832) User=0.00s Sys=0.00s Real=0.00s
[800.225s][info][gc,start       ] GC(833) Pause Young (Allocation Failure)
[800.225s][info][gc,heap        ] GC(833) PSYoungGen: 758176K->384K(1070592K)
[800.225s][info][gc,heap        ] GC(833) ParOldGen: 6875K->6923K(2796544K)
[800.225s][info][gc,metaspace   ] GC(833) Metaspace: 25637K(26752K)->25637K(26752K) NonClass: 22363K(23040K)->22363K(23040K) Class: 3274K(3712K)->3274K(3712K)
[800.225s][info][gc             ] GC(833) Pause Young (Allocation Failure) 747M->7M(3776M) 0.587ms
[800.225s][info][gc,cpu         ] GC(833) User=0.00s Sys=0.00s Real=0.00s
[800.725s][info][gc,start       ] GC(834) Pause Young (Allocation Failure)
[800.816s][info][gc,heap        ] GC(834) PSYoungGen: 758144K->225682K(1022464K)
[800.816s][info][gc,heap        ] GC(834) ParOldGen: 6923K->6979K(2796544K)
[800.816s][info][gc,metaspace   ] GC(834) Metaspace: 25637K(26752K)->25637K(26752K) NonClass: 22363K(23040K)->22363K(23040K) Class: 3274K(3712K)->3274K(3712K)
[800.816s][info][gc             ] GC(834) Pause Young (Allocation Failure) 747M->227M(3729M) 91.682ms
[800.816s][info][gc,cpu         ] GC(834) User=0.48s Sys=0.00s Real=0.09s
[805.465s][info][gc,start       ] GC(835) Pause Young (Allocation Failure)
[805.495s][info][gc,heap        ] GC(835) PSYoungGen: 949650K->68992K(1060864K)
[805.495s][info][gc,heap        ] GC(835) ParOldGen: 6979K->7043K(2796544K)
[805.495s][info][gc,metaspace   ] GC(835) Metaspace: 25637K(26752K)->25637K(26752K) NonClass: 22363K(23040K)->22363K(23040K) Class: 3274K(3712K)->3274K(3712K)
[805.495s][info][gc             ] GC(835) Pause Young (Allocation Failure) 934M->74M(3767M) 29.537ms
[805.495s][info][gc,cpu         ] GC(835) User=0.09s Sys=0.00s Real=0.03s
[805.910s][info][gc,start       ] GC(836) Pause Young (Allocation Failure)
[806.060s][info][gc,heap        ] GC(836) PSYoungGen: 792960K->300032K(965632K)
[806.061s][info][gc,heap        ] GC(836) ParOldGen: 7043K->74235K(2796544K)
[806.061s][info][gc,metaspace   ] GC(836) Metaspace: 25637K(26752K)->25637K(26752K) NonClass: 22363K(23040K)->22363K(23040K) Class: 3274K(3712K)->3274K(3712K)
[806.061s][info][gc             ] GC(836) Pause Young (Allocation Failure) 781M->365M(3674M) 151.112ms
[806.061s][info][gc,cpu         ] GC(836) User=0.86s Sys=0.00s Real=0.16s
[806.945s][info][gc,start       ] GC(837) Pause Young (Allocation Failure)
[807.115s][info][gc,heap        ] GC(837) PSYoungGen: 954368K->68355K(1026048K)
[807.115s][info][gc,heap        ] GC(837) ParOldGen: 74235K->337251K(2796544K)
[807.115s][info][gc,metaspace   ] GC(837) Metaspace: 25637K(26752K)->25637K(26752K) NonClass: 22363K(23040K)->22363K(23040K) Class: 3274K(3712K)->3274K(3712K)
[807.115s][info][gc             ] GC(837) Pause Young (Allocation Failure) 1004M->396M(3733M) 169.957ms
[807.115s][info][gc,cpu         ] GC(837) User=0.95s Sys=0.00s Real=0.17s
[807.965s][info][gc,start       ] GC(838) Pause Young (System.gc())
[807.989s][info][gc,heap        ] GC(838) PSYoungGen: 234187K->64K(1059328K)
[807.989s][info][gc,heap        ] GC(838) ParOldGen: 337251K->385987K(2796544K)
[807.989s][info][gc,metaspace   ] GC(838) Metaspace: 25637K(26752K)->25637K(26752K) NonClass: 22363K(23040K)->22363K(23040K) Class: 3274K(3712K)->3274K(3712K)
[807.989s][info][gc             ] GC(838) Pause Young (System.gc()) 558M->377M(3765M) 24.203ms
[807.989s][info][gc,cpu         ] GC(838) User=0.08s Sys=0.00s Real=0.03s
[807.990s][info][gc,start       ] GC(839) Pause Full (System.gc())
[807.990s][info][gc,phases,start] GC(839) Marking Phase
[807.995s][info][gc,phases      ] GC(839) Marking Phase 5.087ms
[807.995s][info][gc,phases,start] GC(839) Summary Phase
[807.995s][info][gc,phases      ] GC(839) Summary Phase 0.011ms
[807.995s][info][gc,phases,start] GC(839) Adjust Roots
[807.997s][info][gc,phases      ] GC(839) Adjust Roots 2.636ms
[807.997s][info][gc,phases,start] GC(839) Compaction Phase
[808.000s][info][gc,phases      ] GC(839) Compaction Phase 2.156ms
[808.000s][info][gc,phases,start] GC(839) Post Compact
[808.002s][info][gc,phases      ] GC(839) Post Compact 2.239ms
[808.002s][info][gc,heap        ] GC(839) PSYoungGen: 64K->0K(1059328K)
[808.002s][info][gc,heap        ] GC(839) ParOldGen: 385987K->6458K(2796544K)
[808.002s][info][gc,metaspace   ] GC(839) Metaspace: 25637K(26752K)->25637K(26752K) NonClass: 22363K(23040K)->22363K(23040K) Class: 3274K(3712K)->3274K(3712K)
[808.002s][info][gc             ] GC(839) Pause Full (System.gc()) 377M->6M(3765M) 12.401ms
[808.002s][info][gc,cpu         ] GC(839) User=0.00s Sys=0.00s Real=0.02s
[809.853s][info][gc,start       ] GC(840) Pause Young (Allocation Failure)
[809.854s][info][gc,heap        ] GC(840) PSYoungGen: 710656K->800K(1049088K)
[809.854s][info][gc,heap        ] GC(840) ParOldGen: 6458K->6458K(2796544K)
[809.854s][info][gc,metaspace   ] GC(840) Metaspace: 25637K(26752K)->25637K(26752K) NonClass: 22363K(23040K)->22363K(23040K) Class: 3274K(3712K)->3274K(3712K)
[809.854s][info][gc             ] GC(840) Pause Young (Allocation Failure) 700M->7M(3755M) 0.763ms
[809.854s][info][gc,cpu         ] GC(840) User=0.00s Sys=0.00s Real=0.00s
[809.966s][info][gc,start       ] GC(841) Pause Young (Allocation Failure)
[809.967s][info][gc,heap        ] GC(841) PSYoungGen: 711456K->352K(1083392K)
[809.967s][info][gc,heap        ] GC(841) ParOldGen: 6458K->6794K(2796544K)
[809.967s][info][gc,metaspace   ] GC(841) Metaspace: 25637K(26752K)->25637K(26752K) NonClass: 22363K(23040K)->22363K(23040K) Class: 3274K(3712K)->3274K(3712K)
[809.967s][info][gc             ] GC(841) Pause Young (Allocation Failure) 701M->6M(3789M) 0.647ms
[809.967s][info][gc,cpu         ] GC(841) User=0.00s Sys=0.00s Real=0.00s
[810.089s][info][gc,start       ] GC(842) Pause Young (Allocation Failure)
[810.089s][info][gc,heap        ] GC(842) PSYoungGen: 756576K->288K(1070592K)
[810.089s][info][gc,heap        ] GC(842) ParOldGen: 6794K->6858K(2796544K)
[810.089s][info][gc,metaspace   ] GC(842) Metaspace: 25637K(26752K)->25637K(26752K) NonClass: 22363K(23040K)->22363K(23040K) Class: 3274K(3712K)->3274K(3712K)
[810.089s][info][gc             ] GC(842) Pause Young (Allocation Failure) 745M->6M(3776M) 0.597ms
[810.089s][info][gc,cpu         ] GC(842) User=0.00s Sys=0.00s Real=0.00s
[810.213s][info][gc,start       ] GC(843) Pause Young (Allocation Failure)
[810.214s][info][gc,heap        ] GC(843) PSYoungGen: 756512K->416K(1110528K)
[810.214s][info][gc,heap        ] GC(843) ParOldGen: 6858K->6898K(2796544K)
[810.214s][info][gc,metaspace   ] GC(843) Metaspace: 25637K(26752K)->25637K(26752K) NonClass: 22363K(23040K)->22363K(23040K) Class: 3274K(3712K)->3274K(3712K)
[810.214s][info][gc             ] GC(843) Pause Young (Allocation Failure) 745M->7M(3815M) 0.867ms
[810.214s][info][gc,cpu         ] GC(843) User=0.00s Sys=0.00s Real=0.00s
[810.927s][info][gc,start       ] GC(844) Pause Young (Allocation Failure)
[811.073s][info][gc,heap        ] GC(844) PSYoungGen: 809888K->287218K(1096704K)
[811.073s][info][gc,heap        ] GC(844) ParOldGen: 6898K->58186K(2796544K)
[811.073s][info][gc,metaspace   ] GC(844) Metaspace: 25637K(26752K)->25637K(26752K) NonClass: 22363K(23040K)->22363K(23040K) Class: 3274K(3712K)->3274K(3712K)
[811.073s][info][gc             ] GC(844) Pause Young (Allocation Failure) 797M->337M(3802M) 145.919ms
[811.073s][info][gc,cpu         ] GC(844) User=0.84s Sys=0.00s Real=0.14s
[816.570s][info][gc,start       ] GC(845) Pause Young (Allocation Failure)
[816.752s][info][gc,heap        ] GC(845) PSYoungGen: 1096690K->193632K(935936K)
[816.752s][info][gc,heap        ] GC(845) ParOldGen: 58186K->253261K(2796544K)
[816.752s][info][gc,metaspace   ] GC(845) Metaspace: 25637K(26752K)->25637K(26752K) NonClass: 22363K(23040K)->22363K(23040K) Class: 3274K(3712K)->3274K(3712K)
[816.752s][info][gc             ] GC(845) Pause Young (Allocation Failure) 1127M->436M(3645M) 182.083ms
[816.752s][info][gc,cpu         ] GC(845) User=1.06s Sys=0.00s Real=0.19s
[817.163s][info][gc,start       ] GC(846) Pause Young (Allocation Failure)
[817.374s][info][gc,heap        ] GC(846) PSYoungGen: 828512K->274641K(909824K)
[817.374s][info][gc,heap        ] GC(846) ParOldGen: 253261K->442685K(2796544K)
[817.374s][info][gc,metaspace   ] GC(846) Metaspace: 25637K(26752K)->25637K(26752K) NonClass: 22363K(23040K)->22363K(23040K) Class: 3274K(3712K)->3274K(3712K)
[817.374s][info][gc             ] GC(846) Pause Young (Allocation Failure) 1056M->700M(3619M) 211.352ms
[817.374s][info][gc,cpu         ] GC(846) User=1.23s Sys=0.00s Real=0.22s
[818.917s][info][gc,start       ] GC(847) Pause Young (Allocation Failure)
[818.928s][info][gc,heap        ] GC(847) PSYoungGen: 909521K->4320K(990720K)
[818.928s][info][gc,heap        ] GC(847) ParOldGen: 442685K->442685K(2796544K)
[818.928s][info][gc,metaspace   ] GC(847) Metaspace: 25637K(26752K)->25637K(26752K) NonClass: 22363K(23040K)->22363K(23040K) Class: 3274K(3712K)->3274K(3712K)
[818.928s][info][gc             ] GC(847) Pause Young (Allocation Failure) 1320M->436M(3698M) 11.040ms
[818.928s][info][gc,cpu         ] GC(847) User=0.02s Sys=0.00s Real=0.02s
[819.015s][info][gc,start       ] GC(848) Pause Young (System.gc())
[819.018s][info][gc,heap        ] GC(848) PSYoungGen: 23065K->64K(977920K)
[819.018s][info][gc,heap        ] GC(848) ParOldGen: 442685K->444949K(2796544K)
[819.018s][info][gc,metaspace   ] GC(848) Metaspace: 25637K(26752K)->25637K(26752K) NonClass: 22363K(23040K)->22363K(23040K) Class: 3274K(3712K)->3274K(3712K)
[819.018s][info][gc             ] GC(848) Pause Young (System.gc()) 454M->434M(3686M) 2.983ms
[819.018s][info][gc,cpu         ] GC(848) User=0.00s Sys=0.00s Real=0.00s
[819.018s][info][gc,start       ] GC(849) Pause Full (System.gc())
[819.018s][info][gc,phases,start] GC(849) Marking Phase
[819.023s][info][gc,phases      ] GC(849) Marking Phase 4.961ms
[819.023s][info][gc,phases,start] GC(849) Summary Phase
[819.023s][info][gc,phases      ] GC(849) Summary Phase 0.012ms
[819.023s][info][gc,phases,start] GC(849) Adjust Roots
[819.025s][info][gc,phases      ] GC(849) Adjust Roots 2.646ms
[819.026s][info][gc,phases,start] GC(849) Compaction Phase
[819.027s][info][gc,phases      ] GC(849) Compaction Phase 1.937ms
[819.028s][info][gc,phases,start] GC(849) Post Compact
[819.030s][info][gc,phases      ] GC(849) Post Compact 2.067ms
[819.030s][info][gc,heap        ] GC(849) PSYoungGen: 64K->0K(977920K)
[819.030s][info][gc,heap        ] GC(849) ParOldGen: 444949K->6459K(2796544K)
[819.030s][info][gc,metaspace   ] GC(849) Metaspace: 25637K(26752K)->25637K(26752K) NonClass: 22363K(23040K)->22363K(23040K) Class: 3274K(3712K)->3274K(3712K)
[819.030s][info][gc             ] GC(849) Pause Full (System.gc()) 434M->6M(3686M) 12.013ms
[819.030s][info][gc,cpu         ] GC(849) User=0.00s Sys=0.00s Real=0.01s
[820.634s][info][gc,start       ] GC(850) Pause Young (Allocation Failure)
[820.635s][info][gc,heap        ] GC(850) PSYoungGen: 570880K->608K(1018880K)
[820.635s][info][gc,heap        ] GC(850) ParOldGen: 6459K->6459K(2796544K)
[820.635s][info][gc,metaspace   ] GC(850) Metaspace: 25637K(26752K)->25637K(26752K) NonClass: 22363K(23040K)->22363K(23040K) Class: 3274K(3712K)->3274K(3712K)
[820.635s][info][gc             ] GC(850) Pause Young (Allocation Failure) 563M->6M(3726M) 0.758ms
[820.635s][info][gc,cpu         ] GC(850) User=0.00s Sys=0.00s Real=0.00s
[820.738s][info][gc,start       ] GC(851) Pause Young (Allocation Failure)
[820.739s][info][gc,heap        ] GC(851) PSYoungGen: 625760K->448K(1004032K)
[820.739s][info][gc,heap        ] GC(851) ParOldGen: 6459K->6635K(2796544K)
[820.739s][info][gc,metaspace   ] GC(851) Metaspace: 25637K(26752K)->25637K(26752K) NonClass: 22363K(23040K)->22363K(23040K) Class: 3274K(3712K)->3274K(3712K)
[820.739s][info][gc             ] GC(851) Pause Young (Allocation Failure) 617M->6M(3711M) 0.735ms
[820.739s][info][gc,cpu         ] GC(851) User=0.00s Sys=0.00s Real=0.00s
[820.841s][info][gc,start       ] GC(852) Pause Young (Allocation Failure)
[820.841s][info][gc,heap        ] GC(852) PSYoungGen: 625600K->352K(1051136K)
[820.841s][info][gc,heap        ] GC(852) ParOldGen: 6635K->6707K(2796544K)
[820.841s][info][gc,metaspace   ] GC(852) Metaspace: 25637K(26752K)->25637K(26752K) NonClass: 22363K(23040K)->22363K(23040K) Class: 3274K(3712K)->3274K(3712K)
[820.841s][info][gc             ] GC(852) Pause Young (Allocation Failure) 617M->6M(3757M) 0.558ms
[820.841s][info][gc,cpu         ] GC(852) User=0.00s Sys=0.00s Real=0.00s
[820.955s][info][gc,start       ] GC(853) Pause Young (Allocation Failure)
[820.956s][info][gc,heap        ] GC(853) PSYoungGen: 688480K->448K(1034752K)
[820.956s][info][gc,heap        ] GC(853) ParOldGen: 6707K->6755K(2796544K)
[820.956s][info][gc,metaspace   ] GC(853) Metaspace: 25637K(26752K)->25637K(26752K) NonClass: 22363K(23040K)->22363K(23040K) Class: 3274K(3712K)->3274K(3712K)
[820.956s][info][gc             ] GC(853) Pause Young (Allocation Failure) 678M->7M(3741M) 0.670ms
[820.956s][info][gc,cpu         ] GC(853) User=0.00s Sys=0.00s Real=0.00s
[821.085s][info][gc,start       ] GC(854) Pause Young (Allocation Failure)
[821.093s][info][gc,heap        ] GC(854) PSYoungGen: 688576K->17810K(1087488K)
[821.093s][info][gc,heap        ] GC(854) ParOldGen: 6755K->6795K(2796544K)
[821.093s][info][gc,metaspace   ] GC(854) Metaspace: 25637K(26752K)->25637K(26752K) NonClass: 22363K(23040K)->22363K(23040K) Class: 3274K(3712K)->3274K(3712K)
[821.093s][info][gc             ] GC(854) Pause Young (Allocation Failure) 679M->24M(3793M) 7.835ms
[821.093s][info][gc,cpu         ] GC(854) User=0.02s Sys=0.00s Real=0.02s
[822.069s][info][gc,start       ] GC(855) Pause Young (Allocation Failure)
[822.251s][info][gc,heap        ] GC(855) PSYoungGen: 775058K->310256K(1067520K)
[822.252s][info][gc,heap        ] GC(855) ParOldGen: 6795K->108605K(2796544K)
[822.252s][info][gc,metaspace   ] GC(855) Metaspace: 25637K(26752K)->25637K(26752K) NonClass: 22363K(23040K)->22363K(23040K) Class: 3274K(3712K)->3274K(3712K)
[822.252s][info][gc             ] GC(855) Pause Young (Allocation Failure) 763M->409M(3773M) 182.407ms
[822.252s][info][gc,cpu         ] GC(855) User=1.03s Sys=0.00s Real=0.17s
[825.880s][info][gc,start       ] GC(856) Pause Young (Allocation Failure)
[826.003s][info][gc,heap        ] GC(856) PSYoungGen: 1067504K->272416K(825856K)
[826.003s][info][gc,heap        ] GC(856) ParOldGen: 108605K->113677K(2796544K)
[826.003s][info][gc,metaspace   ] GC(856) Metaspace: 25637K(26752K)->25637K(26752K) NonClass: 22363K(23040K)->22363K(23040K) Class: 3274K(3712K)->3274K(3712K)
[826.003s][info][gc             ] GC(856) Pause Young (Allocation Failure) 1148M->377M(3537M) 123.070ms
[826.003s][info][gc,cpu         ] GC(856) User=0.62s Sys=0.00s Real=0.11s
[826.554s][info][gc,start       ] GC(857) Pause Young (Allocation Failure)
[826.772s][info][gc,heap        ] GC(857) PSYoungGen: 768032K->193105K(946688K)
[826.773s][info][gc,heap        ] GC(857) ParOldGen: 113677K->376357K(2796544K)
[826.773s][info][gc,metaspace   ] GC(857) Metaspace: 25637K(26752K)->25637K(26752K) NonClass: 22363K(23040K)->22363K(23040K) Class: 3274K(3712K)->3274K(3712K)
[826.773s][info][gc             ] GC(857) Pause Young (Allocation Failure) 861M->556M(3655M) 218.741ms
[826.773s][info][gc,cpu         ] GC(857) User=1.28s Sys=0.00s Real=0.22s
[827.503s][info][gc,start       ] GC(858) Pause Young (Allocation Failure)
[827.516s][info][gc,heap        ] GC(858) PSYoungGen: 688721K->2176K(963072K)
[827.516s][info][gc,heap        ] GC(858) ParOldGen: 376357K->377949K(2796544K)
[827.516s][info][gc,metaspace   ] GC(858) Metaspace: 25637K(26752K)->25637K(26752K) NonClass: 22363K(23040K)->22363K(23040K) Class: 3274K(3712K)->3274K(3712K)
[827.516s][info][gc             ] GC(858) Pause Young (Allocation Failure) 1040M->371M(3671M) 13.115ms
[827.516s][info][gc,cpu         ] GC(858) User=0.02s Sys=0.00s Real=0.02s
[828.057s][info][gc,start       ] GC(859) Pause Young (System.gc())
[828.058s][info][gc,heap        ] GC(859) PSYoungGen: 74166K->32K(949760K)
[828.058s][info][gc,heap        ] GC(859) ParOldGen: 377949K->377957K(2796544K)
[828.058s][info][gc,metaspace   ] GC(859) Metaspace: 25637K(26752K)->25637K(26752K) NonClass: 22363K(23040K)->22363K(23040K) Class: 3274K(3712K)->3274K(3712K)
[828.058s][info][gc             ] GC(859) Pause Young (System.gc()) 441M->369M(3658M) 1.506ms
[828.058s][info][gc,cpu         ] GC(859) User=0.00s Sys=0.00s Real=0.00s
[828.058s][info][gc,start       ] GC(860) Pause Full (System.gc())
[828.058s][info][gc,phases,start] GC(860) Marking Phase
[828.064s][info][gc,phases      ] GC(860) Marking Phase 5.080ms
[828.064s][info][gc,phases,start] GC(860) Summary Phase
[828.064s][info][gc,phases      ] GC(860) Summary Phase 0.013ms
[828.064s][info][gc,phases,start] GC(860) Adjust Roots
[828.066s][info][gc,phases      ] GC(860) Adjust Roots 2.716ms
[828.066s][info][gc,phases,start] GC(860) Compaction Phase
[828.068s][info][gc,phases      ] GC(860) Compaction Phase 1.933ms
[828.068s][info][gc,phases,start] GC(860) Post Compact
[828.071s][info][gc,phases      ] GC(860) Post Compact 2.103ms
[828.071s][info][gc,heap        ] GC(860) PSYoungGen: 32K->0K(949760K)
[828.071s][info][gc,heap        ] GC(860) ParOldGen: 377957K->6458K(2796544K)
[828.071s][info][gc,metaspace   ] GC(860) Metaspace: 25637K(26752K)->25637K(26752K) NonClass: 22363K(23040K)->22363K(23040K) Class: 3274K(3712K)->3274K(3712K)
[828.071s][info][gc             ] GC(860) Pause Full (System.gc()) 369M->6M(3658M) 12.164ms
[828.071s][info][gc,cpu         ] GC(860) User=0.00s Sys=0.00s Real=0.02s
[829.823s][info][gc,start       ] GC(861) Pause Young (Allocation Failure)
[829.823s][info][gc,heap        ] GC(861) PSYoungGen: 515072K->512K(994304K)
[829.823s][info][gc,heap        ] GC(861) ParOldGen: 6458K->6458K(2796544K)
[829.824s][info][gc,metaspace   ] GC(861) Metaspace: 25637K(26752K)->25637K(26752K) NonClass: 22363K(23040K)->22363K(23040K) Class: 3274K(3712K)->3274K(3712K)
[829.824s][info][gc             ] GC(861) Pause Young (Allocation Failure) 509M->6M(3702M) 0.682ms
[829.824s][info][gc,cpu         ] GC(861) User=0.00s Sys=0.00s Real=0.00s
[829.917s][info][gc,start       ] GC(862) Pause Young (Allocation Failure)
[829.917s][info][gc,heap        ] GC(862) PSYoungGen: 574976K->416K(977920K)
[829.917s][info][gc,heap        ] GC(862) ParOldGen: 6458K->6666K(2796544K)
[829.917s][info][gc,metaspace   ] GC(862) Metaspace: 25637K(26752K)->25637K(26752K) NonClass: 22363K(23040K)->22363K(23040K) Class: 3274K(3712K)->3274K(3712K)
[829.917s][info][gc             ] GC(862) Pause Young (Allocation Failure) 567M->6M(3686M) 0.594ms
[829.917s][info][gc,cpu         ] GC(862) User=0.00s Sys=0.00s Real=0.00s
[830.011s][info][gc,start       ] GC(863) Pause Young (Allocation Failure)
[830.011s][info][gc,heap        ] GC(863) PSYoungGen: 574880K->416K(1029120K)
[830.011s][info][gc,heap        ] GC(863) ParOldGen: 6666K->6794K(2796544K)
[830.011s][info][gc,metaspace   ] GC(863) Metaspace: 25637K(26752K)->25637K(26752K) NonClass: 22363K(23040K)->22363K(23040K) Class: 3274K(3712K)->3274K(3712K)
[830.011s][info][gc             ] GC(863) Pause Young (Allocation Failure) 567M->7M(3736M) 0.565ms
[830.011s][info][gc,cpu         ] GC(863) User=0.00s Sys=0.00s Real=0.00s
[830.118s][info][gc,start       ] GC(864) Pause Young (Allocation Failure)
[830.118s][info][gc,heap        ] GC(864) PSYoungGen: 642976K->352K(1011200K)
[830.118s][info][gc,heap        ] GC(864) ParOldGen: 6794K->6850K(2796544K)
[830.118s][info][gc,metaspace   ] GC(864) Metaspace: 25637K(26752K)->25637K(26752K) NonClass: 22363K(23040K)->22363K(23040K) Class: 3274K(3712K)->3274K(3712K)
[830.118s][info][gc             ] GC(864) Pause Young (Allocation Failure) 634M->7M(3718M) 0.612ms
[830.118s][info][gc,cpu         ] GC(864) User=0.00s Sys=0.00s Real=0.00s
[830.226s][info][gc,start       ] GC(865) Pause Young (Allocation Failure)
[830.226s][info][gc,heap        ] GC(865) PSYoungGen: 642912K->416K(1064960K)
[830.226s][info][gc,heap        ] GC(865) ParOldGen: 6850K->6914K(2796544K)
[830.226s][info][gc,metaspace   ] GC(865) Metaspace: 25637K(26752K)->25637K(26752K) NonClass: 22363K(23040K)->22363K(23040K) Class: 3274K(3712K)->3274K(3712K)
[830.226s][info][gc             ] GC(865) Pause Young (Allocation Failure) 634M->7M(3771M) 0.588ms
[830.226s][info][gc,cpu         ] GC(865) User=0.00s Sys=0.00s Real=0.00s
[830.862s][info][gc,start       ] GC(866) Pause Young (Allocation Failure)
[830.987s][info][gc,heap        ] GC(866) PSYoungGen: 714656K->304338K(1018880K)
[830.987s][info][gc,heap        ] GC(866) ParOldGen: 6914K->7042K(2796544K)
[830.987s][info][gc,metaspace   ] GC(866) Metaspace: 25637K(26752K)->25637K(26752K) NonClass: 22363K(23040K)->22363K(23040K) Class: 3274K(3712K)->3274K(3712K)
[830.987s][info][gc             ] GC(866) Pause Young (Allocation Failure) 704M->304M(3726M) 125.020ms
[830.987s][info][gc,cpu         ] GC(866) User=0.67s Sys=0.00s Real=0.12s
[835.150s][info][gc,start       ] GC(867) Pause Young (Allocation Failure)
[835.201s][info][gc,heap        ] GC(867) PSYoungGen: 1018578K->116864K(1019392K)
[835.201s][info][gc,heap        ] GC(867) ParOldGen: 7042K->7082K(2796544K)
[835.201s][info][gc,metaspace   ] GC(867) Metaspace: 25637K(26752K)->25637K(26752K) NonClass: 22363K(23040K)->22363K(23040K) Class: 3274K(3712K)->3274K(3712K)
[835.201s][info][gc             ] GC(867) Pause Young (Allocation Failure) 1001M->121M(3726M) 50.530ms
[835.201s][info][gc,cpu         ] GC(867) User=0.23s Sys=0.00s Real=0.05s
[835.571s][info][gc,start       ] GC(868) Pause Young (Allocation Failure)
[835.728s][info][gc,heap        ] GC(868) PSYoungGen: 757376K->265440K(906240K)
[835.728s][info][gc,heap        ] GC(868) ParOldGen: 7082K->121682K(2796544K)
[835.728s][info][gc,metaspace   ] GC(868) Metaspace: 25637K(26752K)->25637K(26752K) NonClass: 22363K(23040K)->22363K(23040K) Class: 3274K(3712K)->3274K(3712K)
[835.728s][info][gc             ] GC(868) Pause Young (Allocation Failure) 746M->378M(3616M) 157.362ms
[835.728s][info][gc,cpu         ] GC(868) User=0.95s Sys=0.00s Real=0.16s
[836.593s][info][gc,start       ] GC(869) Pause Young (Allocation Failure)
[836.738s][info][gc,heap        ] GC(869) PSYoungGen: 905952K->54147K(1005056K)
[836.738s][info][gc,heap        ] GC(869) ParOldGen: 121682K->353258K(2796544K)
[836.738s][info][gc,metaspace   ] GC(869) Metaspace: 25637K(26752K)->25637K(26752K) NonClass: 22363K(23040K)->22363K(23040K) Class: 3274K(3712K)->3274K(3712K)
[836.738s][info][gc             ] GC(869) Pause Young (Allocation Failure) 1003M->397M(3712M) 145.608ms
[836.738s][info][gc,cpu         ] GC(869) User=0.84s Sys=0.00s Real=0.14s
[837.565s][info][gc,start       ] GC(870) Pause Young (System.gc())
[837.584s][info][gc,heap        ] GC(870) PSYoungGen: 198308K->64K(982016K)
[837.584s][info][gc,heap        ] GC(870) ParOldGen: 353258K->390706K(2796544K)
[837.584s][info][gc,metaspace   ] GC(870) Metaspace: 25637K(26752K)->25637K(26752K) NonClass: 22363K(23040K)->22363K(23040K) Class: 3274K(3712K)->3274K(3712K)
[837.584s][info][gc             ] GC(870) Pause Young (System.gc()) 538M->381M(3690M) 19.220ms
[837.584s][info][gc,cpu         ] GC(870) User=0.05s Sys=0.00s Real=0.02s
[837.584s][info][gc,start       ] GC(871) Pause Full (System.gc())
[837.584s][info][gc,phases,start] GC(871) Marking Phase
[837.589s][info][gc,phases      ] GC(871) Marking Phase 5.030ms
[837.589s][info][gc,phases,start] GC(871) Summary Phase
[837.589s][info][gc,phases      ] GC(871) Summary Phase 0.011ms
[837.589s][info][gc,phases,start] GC(871) Adjust Roots
[837.592s][info][gc,phases      ] GC(871) Adjust Roots 2.646ms
[837.592s][info][gc,phases,start] GC(871) Compaction Phase
[837.594s][info][gc,phases      ] GC(871) Compaction Phase 1.782ms
[837.594s][info][gc,phases,start] GC(871) Post Compact
[837.596s][info][gc,phases      ] GC(871) Post Compact 2.094ms
[837.596s][info][gc,heap        ] GC(871) PSYoungGen: 64K->0K(982016K)
[837.596s][info][gc,heap        ] GC(871) ParOldGen: 390706K->6458K(2796544K)
[837.596s][info][gc,metaspace   ] GC(871) Metaspace: 25637K(26752K)->25637K(26752K) NonClass: 22363K(23040K)->22363K(23040K) Class: 3274K(3712K)->3274K(3712K)
[837.596s][info][gc             ] GC(871) Pause Full (System.gc()) 381M->6M(3690M) 11.859ms
[837.596s][info][gc,cpu         ] GC(871) User=0.00s Sys=0.00s Real=0.02s
[839.278s][info][gc,start       ] GC(872) Pause Young (Allocation Failure)
[839.279s][info][gc,heap        ] GC(872) PSYoungGen: 589312K->672K(1032192K)
[839.279s][info][gc,heap        ] GC(872) ParOldGen: 6458K->6458K(2796544K)
[839.279s][info][gc,metaspace   ] GC(872) Metaspace: 25637K(26752K)->25637K(26752K) NonClass: 22363K(23040K)->22363K(23040K) Class: 3274K(3712K)->3274K(3712K)
[839.279s][info][gc             ] GC(872) Pause Young (Allocation Failure) 581M->6M(3739M) 0.706ms
[839.279s][info][gc,cpu         ] GC(872) User=0.00s Sys=0.00s Real=0.00s
[839.385s][info][gc,start       ] GC(873) Pause Young (Allocation Failure)
[839.385s][info][gc,heap        ] GC(873) PSYoungGen: 652960K->416K(1017856K)
[839.385s][info][gc,heap        ] GC(873) ParOldGen: 6458K->6762K(2796544K)
[839.385s][info][gc,metaspace   ] GC(873) Metaspace: 25637K(26752K)->25637K(26752K) NonClass: 22363K(23040K)->22363K(23040K) Class: 3274K(3712K)->3274K(3712K)
[839.385s][info][gc             ] GC(873) Pause Young (Allocation Failure) 643M->7M(3725M) 0.820ms
[839.385s][info][gc,cpu         ] GC(873) User=0.00s Sys=0.00s Real=0.00s
[839.496s][info][gc,start       ] GC(874) Pause Young (Allocation Failure)
[839.496s][info][gc,heap        ] GC(874) PSYoungGen: 652704K->384K(1062912K)
[839.496s][info][gc,heap        ] GC(874) ParOldGen: 6762K->6802K(2796544K)
[839.496s][info][gc,metaspace   ] GC(874) Metaspace: 25637K(26752K)->25637K(26752K) NonClass: 22363K(23040K)->22363K(23040K) Class: 3274K(3712K)->3274K(3712K)
[839.496s][info][gc             ] GC(874) Pause Young (Allocation Failure) 644M->7M(3769M) 0.541ms
[839.496s][info][gc,cpu         ] GC(874) User=0.00s Sys=0.00s Real=0.00s
[839.611s][info][gc,start       ] GC(875) Pause Young (Allocation Failure)
[839.611s][info][gc,heap        ] GC(875) PSYoungGen: 712576K->352K(1047040K)
[839.611s][info][gc,heap        ] GC(875) ParOldGen: 6802K->6906K(2796544K)
[839.611s][info][gc,metaspace   ] GC(875) Metaspace: 25637K(26752K)->25637K(26752K) NonClass: 22363K(23040K)->22363K(23040K) Class: 3274K(3712K)->3274K(3712K)
[839.611s][info][gc             ] GC(875) Pause Young (Allocation Failure) 702M->7M(3753M) 0.632ms
[839.611s][info][gc,cpu         ] GC(875) User=0.00s Sys=0.00s Real=0.00s
[839.843s][info][gc,start       ] GC(876) Pause Young (Allocation Failure)
[839.874s][info][gc,heap        ] GC(876) PSYoungGen: 712544K->78658K(1097216K)
[839.874s][info][gc,heap        ] GC(876) ParOldGen: 6906K->6938K(2796544K)
[839.874s][info][gc,metaspace   ] GC(876) Metaspace: 25637K(26752K)->25637K(26752K) NonClass: 22363K(23040K)->22363K(23040K) Class: 3274K(3712K)->3274K(3712K)
[839.874s][info][gc             ] GC(876) Pause Young (Allocation Failure) 702M->83M(3802M) 30.738ms
[839.874s][info][gc,cpu         ] GC(876) User=0.03s Sys=0.00s Real=0.03s
[842.288s][info][gc,start       ] GC(877) Pause Young (Allocation Failure)
[842.289s][info][gc,heap        ] GC(877) PSYoungGen: 856898K->672K(1078784K)
[842.289s][info][gc,heap        ] GC(877) ParOldGen: 6938K->7074K(2796544K)
[842.289s][info][gc,metaspace   ] GC(877) Metaspace: 25637K(26752K)->25637K(26752K) NonClass: 22363K(23040K)->22363K(23040K) Class: 3274K(3712K)->3274K(3712K)
[842.289s][info][gc             ] GC(877) Pause Young (Allocation Failure) 843M->7M(3784M) 0.637ms
[842.289s][info][gc,cpu         ] GC(877) User=0.00s Sys=0.00s Real=0.00s
[844.765s][info][gc,start       ] GC(878) Pause Young (Allocation Failure)
[844.899s][info][gc,heap        ] GC(878) PSYoungGen: 778912K->286720K(967680K)
[844.899s][info][gc,heap        ] GC(878) ParOldGen: 7074K->32362K(2796544K)
[844.899s][info][gc,metaspace   ] GC(878) Metaspace: 25637K(26752K)->25637K(26752K) NonClass: 22363K(23040K)->22363K(23040K) Class: 3274K(3712K)->3274K(3712K)
[844.899s][info][gc             ] GC(878) Pause Young (Allocation Failure) 767M->311M(3676M) 133.944ms
[844.899s][info][gc,cpu         ] GC(878) User=0.75s Sys=0.00s Real=0.13s
[845.736s][info][gc,start       ] GC(879) Pause Young (Allocation Failure)
[845.929s][info][gc,heap        ] GC(879) PSYoungGen: 967680K->140120K(1039360K)
[845.929s][info][gc,heap        ] GC(879) ParOldGen: 32362K->289562K(2796544K)
[845.929s][info][gc,metaspace   ] GC(879) Metaspace: 25637K(26752K)->25637K(26752K) NonClass: 22363K(23040K)->22363K(23040K) Class: 3274K(3712K)->3274K(3712K)
[845.929s][info][gc             ] GC(879) Pause Young (Allocation Failure) 976M->419M(3746M) 192.502ms
[845.929s][info][gc,cpu         ] GC(879) User=1.16s Sys=0.00s Real=0.20s
[846.873s][info][gc,start       ] GC(880) Pause Young (System.gc())
[846.878s][info][gc,heap        ] GC(880) PSYoungGen: 411069K->64K(1056768K)
[846.878s][info][gc,heap        ] GC(880) ParOldGen: 289562K->291818K(2796544K)
[846.878s][info][gc,metaspace   ] GC(880) Metaspace: 25637K(26752K)->25637K(26752K) NonClass: 22363K(23040K)->22363K(23040K) Class: 3274K(3712K)->3274K(3712K)
[846.878s][info][gc             ] GC(880) Pause Young (System.gc()) 684M->285M(3763M) 5.377ms
[846.878s][info][gc,cpu         ] GC(880) User=0.00s Sys=0.00s Real=0.00s
[846.878s][info][gc,start       ] GC(881) Pause Full (System.gc())
[846.878s][info][gc,phases,start] GC(881) Marking Phase
[846.883s][info][gc,phases      ] GC(881) Marking Phase 4.921ms
[846.883s][info][gc,phases,start] GC(881) Summary Phase
[846.883s][info][gc,phases      ] GC(881) Summary Phase 0.013ms
[846.883s][info][gc,phases,start] GC(881) Adjust Roots
[846.886s][info][gc,phases      ] GC(881) Adjust Roots 2.669ms
[846.886s][info][gc,phases,start] GC(881) Compaction Phase
[846.888s][info][gc,phases      ] GC(881) Compaction Phase 1.702ms
[846.888s][info][gc,phases,start] GC(881) Post Compact
[846.889s][info][gc,phases      ] GC(881) Post Compact 1.546ms
[846.889s][info][gc,heap        ] GC(881) PSYoungGen: 64K->0K(1056768K)
[846.889s][info][gc,heap        ] GC(881) ParOldGen: 291818K->6458K(2796544K)
[846.889s][info][gc,metaspace   ] GC(881) Metaspace: 25637K(26752K)->25637K(26752K) NonClass: 22363K(23040K)->22363K(23040K) Class: 3274K(3712K)->3274K(3712K)
[846.889s][info][gc             ] GC(881) Pause Full (System.gc()) 285M->6M(3763M) 11.188ms
[846.889s][info][gc,cpu         ] GC(881) User=0.00s Sys=0.00s Real=0.01s
[848.478s][info][gc,start       ] GC(882) Pause Young (Allocation Failure)
[848.479s][info][gc,heap        ] GC(882) PSYoungGen: 703488K->608K(1044480K)
[848.479s][info][gc,heap        ] GC(882) ParOldGen: 6458K->6458K(2796544K)
[848.479s][info][gc,metaspace   ] GC(882) Metaspace: 25637K(26752K)->25637K(26752K) NonClass: 22363K(23040K)->22363K(23040K) Class: 3274K(3712K)->3274K(3712K)
[848.479s][info][gc             ] GC(882) Pause Young (Allocation Failure) 693M->6M(3751M) 0.727ms
[848.479s][info][gc,cpu         ] GC(882) User=0.00s Sys=0.00s Real=0.00s
[848.592s][info][gc,start       ] GC(883) Pause Young (Allocation Failure)
[848.592s][info][gc,heap        ] GC(883) PSYoungGen: 704096K->544K(1083904K)
[848.592s][info][gc,heap        ] GC(883) ParOldGen: 6458K->6658K(2796544K)
[848.592s][info][gc,metaspace   ] GC(883) Metaspace: 25637K(26752K)->25637K(26752K) NonClass: 22363K(23040K)->22363K(23040K) Class: 3274K(3712K)->3274K(3712K)
[848.592s][info][gc             ] GC(883) Pause Young (Allocation Failure) 693M->7M(3789M) 0.635ms
[848.592s][info][gc,cpu         ] GC(883) User=0.00s Sys=0.00s Real=0.00s
[848.716s][info][gc,start       ] GC(884) Pause Young (Allocation Failure)
[848.716s][info][gc,heap        ] GC(884) PSYoungGen: 756768K->320K(1070080K)
[848.716s][info][gc,heap        ] GC(884) ParOldGen: 6658K->6794K(2796544K)
[848.716s][info][gc,metaspace   ] GC(884) Metaspace: 25637K(26752K)->25637K(26752K) NonClass: 22363K(23040K)->22363K(23040K) Class: 3274K(3712K)->3274K(3712K)
[848.717s][info][gc             ] GC(884) Pause Young (Allocation Failure) 745M->6M(3776M) 0.603ms
[848.717s][info][gc,cpu         ] GC(884) User=0.00s Sys=0.00s Real=0.00s
[848.843s][info][gc,start       ] GC(885) Pause Young (Allocation Failure)
[848.844s][info][gc,heap        ] GC(885) PSYoungGen: 756544K->384K(1113088K)
[848.844s][info][gc,heap        ] GC(885) ParOldGen: 6794K->6834K(2796544K)
[848.844s][info][gc,metaspace   ] GC(885) Metaspace: 25637K(26752K)->25637K(26752K) NonClass: 22363K(23040K)->22363K(23040K) Class: 3274K(3712K)->3274K(3712K)
[848.844s][info][gc             ] GC(885) Pause Young (Allocation Failure) 745M->7M(3818M) 0.666ms
[848.844s][info][gc,cpu         ] GC(885) User=0.00s Sys=0.00s Real=0.00s
[849.563s][info][gc,start       ] GC(886) Pause Young (Allocation Failure)
[849.712s][info][gc,heap        ] GC(886) PSYoungGen: 814464K->284658K(1098752K)
[849.712s][info][gc,heap        ] GC(886) ParOldGen: 6834K->60386K(2796544K)
[849.712s][info][gc,metaspace   ] GC(886) Metaspace: 25637K(26752K)->25637K(26752K) NonClass: 22363K(23040K)->22363K(23040K) Class: 3274K(3712K)->3274K(3712K)
[849.712s][info][gc             ] GC(886) Pause Young (Allocation Failure) 802M->336M(3804M) 148.756ms
[849.712s][info][gc,cpu         ] GC(886) User=0.86s Sys=0.00s Real=0.15s
[854.347s][info][gc,start       ] GC(887) Pause Young (Allocation Failure)
[854.525s][info][gc,heap        ] GC(887) PSYoungGen: 1098738K->197088K(932864K)
[854.526s][info][gc,heap        ] GC(887) ParOldGen: 60386K->227261K(2796544K)
[854.526s][info][gc,metaspace   ] GC(887) Metaspace: 25637K(26752K)->25637K(26752K) NonClass: 22363K(23040K)->22363K(23040K) Class: 3274K(3712K)->3274K(3712K)
[854.526s][info][gc             ] GC(887) Pause Young (Allocation Failure) 1131M->414M(3642M) 178.510ms
[854.526s][info][gc,cpu         ] GC(887) User=0.95s Sys=0.00s Real=0.17s
[854.936s][info][gc,start       ] GC(888) Pause Young (Allocation Failure)
[855.154s][info][gc,heap        ] GC(888) PSYoungGen: 830944K->274897K(908800K)
[855.154s][info][gc,heap        ] GC(888) ParOldGen: 227261K->420109K(2796544K)
[855.154s][info][gc,metaspace   ] GC(888) Metaspace: 25637K(26752K)->25637K(26752K) NonClass: 22363K(23040K)->22363K(23040K) Class: 3274K(3712K)->3274K(3712K)
[855.154s][info][gc             ] GC(888) Pause Young (Allocation Failure) 1033M->678M(3618M) 217.656ms
[855.154s][info][gc,cpu         ] GC(888) User=1.17s Sys=0.00s Real=0.20s
[856.734s][info][gc,start       ] GC(889) Pause Young (Allocation Failure)
[856.745s][info][gc,heap        ] GC(889) PSYoungGen: 908753K->4288K(989696K)
[856.745s][info][gc,heap        ] GC(889) ParOldGen: 420109K->420109K(2796544K)
[856.745s][info][gc,metaspace   ] GC(889) Metaspace: 25637K(26752K)->25637K(26752K) NonClass: 22363K(23040K)->22363K(23040K) Class: 3274K(3712K)->3274K(3712K)
[856.745s][info][gc             ] GC(889) Pause Young (Allocation Failure) 1297M->414M(3697M) 11.150ms
[856.745s][info][gc,cpu         ] GC(889) User=0.02s Sys=0.00s Real=0.02s
[856.791s][info][gc,start       ] GC(890) Pause Young (System.gc())
[856.794s][info][gc,heap        ] GC(890) PSYoungGen: 12792K->64K(976896K)
[856.794s][info][gc,heap        ] GC(890) ParOldGen: 420109K->422365K(2796544K)
[856.794s][info][gc,metaspace   ] GC(890) Metaspace: 25637K(26752K)->25637K(26752K) NonClass: 22363K(23040K)->22363K(23040K) Class: 3274K(3712K)->3274K(3712K)
[856.794s][info][gc             ] GC(890) Pause Young (System.gc()) 422M->412M(3685M) 2.817ms
[856.794s][info][gc,cpu         ] GC(890) User=0.00s Sys=0.00s Real=0.00s
[856.794s][info][gc,start       ] GC(891) Pause Full (System.gc())
[856.794s][info][gc,phases,start] GC(891) Marking Phase
[856.799s][info][gc,phases      ] GC(891) Marking Phase 4.841ms
[856.799s][info][gc,phases,start] GC(891) Summary Phase
[856.799s][info][gc,phases      ] GC(891) Summary Phase 0.012ms
[856.799s][info][gc,phases,start] GC(891) Adjust Roots
[856.801s][info][gc,phases      ] GC(891) Adjust Roots 2.637ms
[856.802s][info][gc,phases,start] GC(891) Compaction Phase
[856.804s][info][gc,phases      ] GC(891) Compaction Phase 2.165ms
[856.804s][info][gc,phases,start] GC(891) Post Compact
[856.806s][info][gc,phases      ] GC(891) Post Compact 2.019ms
[856.806s][info][gc,heap        ] GC(891) PSYoungGen: 64K->0K(976896K)
[856.806s][info][gc,heap        ] GC(891) ParOldGen: 422365K->6459K(2796544K)
[856.806s][info][gc,metaspace   ] GC(891) Metaspace: 25637K(26752K)->25637K(26752K) NonClass: 22363K(23040K)->22363K(23040K) Class: 3274K(3712K)->3274K(3712K)
[856.806s][info][gc             ] GC(891) Pause Full (System.gc()) 412M->6M(3685M) 12.002ms
[856.806s][info][gc,cpu         ] GC(891) User=0.00s Sys=0.00s Real=0.00s
[858.455s][info][gc,start       ] GC(892) Pause Young (Allocation Failure)
[858.456s][info][gc,heap        ] GC(892) PSYoungGen: 568832K->704K(1019392K)
[858.456s][info][gc,heap        ] GC(892) ParOldGen: 6459K->6459K(2796544K)
[858.456s][info][gc,metaspace   ] GC(892) Metaspace: 25637K(26752K)->25637K(26752K) NonClass: 22363K(23040K)->22363K(23040K) Class: 3274K(3712K)->3274K(3712K)
[858.456s][info][gc             ] GC(892) Pause Young (Allocation Failure) 561M->6M(3726M) 0.853ms
[858.456s][info][gc,cpu         ] GC(892) User=0.02s Sys=0.00s Real=0.02s
[858.558s][info][gc,start       ] GC(893) Pause Young (Allocation Failure)
[858.559s][info][gc,heap        ] GC(893) PSYoungGen: 626368K->352K(1004032K)
[858.559s][info][gc,heap        ] GC(893) ParOldGen: 6459K->6811K(2796544K)
[858.559s][info][gc,metaspace   ] GC(893) Metaspace: 25637K(26752K)->25637K(26752K) NonClass: 22363K(23040K)->22363K(23040K) Class: 3274K(3712K)->3274K(3712K)
[858.559s][info][gc             ] GC(893) Pause Young (Allocation Failure) 617M->6M(3711M) 0.671ms
[858.559s][info][gc,cpu         ] GC(893) User=0.00s Sys=0.00s Real=0.00s
[858.660s][info][gc,start       ] GC(894) Pause Young (Allocation Failure)
[858.661s][info][gc,heap        ] GC(894) PSYoungGen: 626016K->288K(1052160K)
[858.661s][info][gc,heap        ] GC(894) ParOldGen: 6811K->6883K(2796544K)
[858.661s][info][gc,metaspace   ] GC(894) Metaspace: 25637K(26752K)->25637K(26752K) NonClass: 22363K(23040K)->22363K(23040K) Class: 3274K(3712K)->3274K(3712K)
[858.661s][info][gc             ] GC(894) Pause Young (Allocation Failure) 617M->7M(3758M) 0.564ms
[858.661s][info][gc,cpu         ] GC(894) User=0.00s Sys=0.00s Real=0.00s
[858.774s][info][gc,start       ] GC(895) Pause Young (Allocation Failure)
[858.774s][info][gc,heap        ] GC(895) PSYoungGen: 689952K->416K(1035264K)
[858.774s][info][gc,heap        ] GC(895) ParOldGen: 6883K->6931K(2796544K)
[858.774s][info][gc,metaspace   ] GC(895) Metaspace: 25637K(26752K)->25637K(26752K) NonClass: 22363K(23040K)->22363K(23040K) Class: 3274K(3712K)->3274K(3712K)
[858.774s][info][gc             ] GC(895) Pause Young (Allocation Failure) 680M->7M(3742M) 0.615ms
[858.774s][info][gc,cpu         ] GC(895) User=0.00s Sys=0.00s Real=0.00s
[858.893s][info][gc,start       ] GC(896) Pause Young (Allocation Failure)
[858.898s][info][gc,heap        ] GC(896) PSYoungGen: 690080K->10851K(1088000K)
[858.898s][info][gc,heap        ] GC(896) ParOldGen: 6931K->6987K(2796544K)
[858.898s][info][gc,metaspace   ] GC(896) Metaspace: 25637K(26752K)->25637K(26752K) NonClass: 22363K(23040K)->22363K(23040K) Class: 3274K(3712K)->3274K(3712K)
[858.898s][info][gc             ] GC(896) Pause Young (Allocation Failure) 680M->17M(3793M) 5.236ms
[858.898s][info][gc,cpu         ] GC(896) User=0.02s Sys=0.00s Real=0.02s
[859.880s][info][gc,start       ] GC(897) Pause Young (Allocation Failure)
[860.066s][info][gc,heap        ] GC(897) PSYoungGen: 770147K->309744K(1069056K)
[860.066s][info][gc,heap        ] GC(897) ParOldGen: 6987K->112221K(2796544K)
[860.066s][info][gc,metaspace   ] GC(897) Metaspace: 25637K(26752K)->25637K(26752K) NonClass: 22363K(23040K)->22363K(23040K) Class: 3274K(3712K)->3274K(3712K)
[860.066s][info][gc             ] GC(897) Pause Young (Allocation Failure) 758M->412M(3775M) 185.621ms
[860.066s][info][gc,cpu         ] GC(897) User=1.00s Sys=0.00s Real=0.19s
[863.667s][info][gc,start       ] GC(898) Pause Young (Allocation Failure)
[863.780s][info][gc,heap        ] GC(898) PSYoungGen: 1069040K->264096K(827392K)
[863.780s][info][gc,heap        ] GC(898) ParOldGen: 112221K->115453K(2796544K)
[863.780s][info][gc,metaspace   ] GC(898) Metaspace: 25637K(26752K)->25637K(26752K) NonClass: 22363K(23040K)->22363K(23040K) Class: 3274K(3712K)->3274K(3712K)
[863.780s][info][gc             ] GC(898) Pause Young (Allocation Failure) 1153M->370M(3539M) 113.398ms
[863.780s][info][gc,cpu         ] GC(898) User=0.64s Sys=0.06s Real=0.12s
[864.337s][info][gc,start       ] GC(899) Pause Young (Allocation Failure)
[864.557s][info][gc,heap        ] GC(899) PSYoungGen: 762784K->202673K(701440K)
[864.568s][info][gc,heap        ] GC(899) ParOldGen: 115453K->371517K(2796544K)
[864.568s][info][gc,metaspace   ] GC(899) Metaspace: 25637K(26752K)->25637K(26752K) NonClass: 22363K(23040K)->22363K(23040K) Class: 3274K(3712K)->3274K(3712K)
[864.568s][info][gc             ] GC(899) Pause Young (Allocation Failure) 857M->560M(3416M) 230.550ms
[864.568s][info][gc,cpu         ] GC(899) User=1.25s Sys=0.00s Real=0.24s
[865.128s][info][gc,start       ] GC(900) Pause Young (Allocation Failure)
[865.142s][info][gc,heap        ] GC(900) PSYoungGen: 701361K->2112K(961024K)
[865.142s][info][gc,heap        ] GC(900) ParOldGen: 371517K->372717K(2796544K)
[865.142s][info][gc,metaspace   ] GC(900) Metaspace: 25637K(26752K)->25637K(26752K) NonClass: 22363K(23040K)->22363K(23040K) Class: 3274K(3712K)->3274K(3712K)
[865.142s][info][gc             ] GC(900) Pause Young (Allocation Failure) 1047M->366M(3669M) 14.381ms
[865.142s][info][gc,cpu         ] GC(900) User=0.00s Sys=0.00s Real=0.02s
[865.890s][info][gc,start       ] GC(901) Pause Young (System.gc())
[865.892s][info][gc,heap        ] GC(901) PSYoungGen: 90372K->64K(947200K)
[865.892s][info][gc,heap        ] GC(901) ParOldGen: 372717K->372733K(2796544K)
[865.892s][info][gc,metaspace   ] GC(901) Metaspace: 25637K(26752K)->25637K(26752K) NonClass: 22363K(23040K)->22363K(23040K) Class: 3274K(3712K)->3274K(3712K)
[865.892s][info][gc             ] GC(901) Pause Young (System.gc()) 452M->364M(3656M) 1.502ms
[865.892s][info][gc,cpu         ] GC(901) User=0.00s Sys=0.00s Real=0.00s
[865.892s][info][gc,start       ] GC(902) Pause Full (System.gc())
[865.892s][info][gc,phases,start] GC(902) Marking Phase
[865.897s][info][gc,phases      ] GC(902) Marking Phase 5.092ms
[865.897s][info][gc,phases,start] GC(902) Summary Phase
[865.897s][info][gc,phases      ] GC(902) Summary Phase 0.011ms
[865.897s][info][gc,phases,start] GC(902) Adjust Roots
[865.900s][info][gc,phases      ] GC(902) Adjust Roots 2.625ms
[865.900s][info][gc,phases,start] GC(902) Compaction Phase
[865.902s][info][gc,phases      ] GC(902) Compaction Phase 2.345ms
[865.902s][info][gc,phases,start] GC(902) Post Compact
[865.904s][info][gc,phases      ] GC(902) Post Compact 2.116ms
[865.905s][info][gc,heap        ] GC(902) PSYoungGen: 64K->0K(947200K)
[865.905s][info][gc,heap        ] GC(902) ParOldGen: 372733K->6458K(2796544K)
[865.905s][info][gc,metaspace   ] GC(902) Metaspace: 25637K(26752K)->25637K(26752K) NonClass: 22363K(23040K)->22363K(23040K) Class: 3274K(3712K)->3274K(3712K)
[865.905s][info][gc             ] GC(902) Pause Full (System.gc()) 364M->6M(3656M) 12.537ms
[865.905s][info][gc,cpu         ] GC(902) User=0.00s Sys=0.00s Real=0.02s
[867.975s][info][gc,start       ] GC(903) Pause Young (Allocation Failure)
[867.976s][info][gc,heap        ] GC(903) PSYoungGen: 510464K->672K(992768K)
[867.976s][info][gc,heap        ] GC(903) ParOldGen: 6458K->6458K(2796544K)
[867.976s][info][gc,metaspace   ] GC(903) Metaspace: 25637K(26752K)->25637K(26752K) NonClass: 22363K(23040K)->22363K(23040K) Class: 3274K(3712K)->3274K(3712K)
[867.976s][info][gc             ] GC(903) Pause Young (Allocation Failure) 504M->6M(3700M) 0.694ms
[867.976s][info][gc,cpu         ] GC(903) User=0.00s Sys=0.00s Real=0.00s
[868.067s][info][gc,start       ] GC(904) Pause Young (Allocation Failure)
[868.067s][info][gc,heap        ] GC(904) PSYoungGen: 572064K->480K(976384K)
[868.067s][info][gc,heap        ] GC(904) ParOldGen: 6458K->6762K(2796544K)
[868.067s][info][gc,metaspace   ] GC(904) Metaspace: 25637K(26752K)->25637K(26752K) NonClass: 22363K(23040K)->22363K(23040K) Class: 3274K(3712K)->3274K(3712K)
[868.067s][info][gc             ] GC(904) Pause Young (Allocation Failure) 564M->7M(3684M) 0.844ms
[868.067s][info][gc,cpu         ] GC(904) User=0.00s Sys=0.00s Real=0.00s
[868.160s][info][gc,start       ] GC(905) Pause Young (Allocation Failure)
[868.160s][info][gc,heap        ] GC(905) PSYoungGen: 571872K->448K(1028096K)
[868.160s][info][gc,heap        ] GC(905) ParOldGen: 6762K->6978K(2796544K)
[868.160s][info][gc,metaspace   ] GC(905) Metaspace: 25637K(26752K)->25637K(26752K) NonClass: 22363K(23040K)->22363K(23040K) Class: 3274K(3712K)->3274K(3712K)
[868.160s][info][gc             ] GC(905) Pause Young (Allocation Failure) 565M->7M(3735M) 0.588ms
[868.160s][info][gc,cpu         ] GC(905) User=0.00s Sys=0.00s Real=0.00s
[868.263s][info][gc,start       ] GC(906) Pause Young (Allocation Failure)
[868.264s][info][gc,heap        ] GC(906) PSYoungGen: 640960K->416K(1010176K)
[868.264s][info][gc,heap        ] GC(906) ParOldGen: 6978K->7074K(2796544K)
[868.264s][info][gc,metaspace   ] GC(906) Metaspace: 25637K(26752K)->25637K(26752K) NonClass: 22363K(23040K)->22363K(23040K) Class: 3274K(3712K)->3274K(3712K)
[868.264s][info][gc             ] GC(906) Pause Young (Allocation Failure) 632M->7M(3717M) 0.680ms
[868.264s][info][gc,cpu         ] GC(906) User=0.00s Sys=0.00s Real=0.00s
[868.369s][info][gc,start       ] GC(907) Pause Young (Allocation Failure)
[868.370s][info][gc,heap        ] GC(907) PSYoungGen: 640928K->384K(1064960K)
[868.370s][info][gc,heap        ] GC(907) ParOldGen: 7074K->7122K(2796544K)
[868.370s][info][gc,metaspace   ] GC(907) Metaspace: 25637K(26752K)->25637K(26752K) NonClass: 22363K(23040K)->22363K(23040K) Class: 3274K(3712K)->3274K(3712K)
[868.370s][info][gc             ] GC(907) Pause Young (Allocation Failure) 632M->7M(3771M) 0.574ms
[868.370s][info][gc,cpu         ] GC(907) User=0.00s Sys=0.00s Real=0.00s
[868.961s][info][gc,start       ] GC(908) Pause Young (Allocation Failure)
[869.073s][info][gc,heap        ] GC(908) PSYoungGen: 714112K->280803K(994816K)
[869.074s][info][gc,heap        ] GC(908) ParOldGen: 7122K->7178K(2796544K)
[869.074s][info][gc,metaspace   ] GC(908) Metaspace: 25637K(26752K)->25637K(26752K) NonClass: 22363K(23040K)->22363K(23040K) Class: 3274K(3712K)->3274K(3712K)
[869.074s][info][gc             ] GC(908) Pause Young (Allocation Failure) 704M->281M(3702M) 112.091ms
[869.074s][info][gc,cpu         ] GC(908) User=0.61s Sys=0.00s Real=0.11s
[874.439s][info][gc,start       ] GC(909) Pause Young (Allocation Failure)
[874.480s][info][gc,heap        ] GC(909) PSYoungGen: 994531K->101120K(1032192K)
[874.480s][info][gc,heap        ] GC(909) ParOldGen: 7178K->7242K(2796544K)
[874.480s][info][gc,metaspace   ] GC(909) Metaspace: 25637K(26752K)->25637K(26752K) NonClass: 22363K(23040K)->22363K(23040K) Class: 3274K(3712K)->3274K(3712K)
[874.480s][info][gc             ] GC(909) Pause Young (Allocation Failure) 978M->105M(3739M) 41.271ms
[874.480s][info][gc,cpu         ] GC(909) User=0.16s Sys=0.00s Real=0.03s
[874.850s][info][gc,start       ] GC(910) Pause Young (Allocation Failure)
[875.004s][info][gc,heap        ] GC(910) PSYoungGen: 744704K->266912K(910848K)
[875.004s][info][gc,heap        ] GC(910) ParOldGen: 7242K->106218K(2796544K)
[875.004s][info][gc,metaspace   ] GC(910) Metaspace: 25637K(26752K)->25637K(26752K) NonClass: 22363K(23040K)->22363K(23040K) Class: 3274K(3712K)->3274K(3712K)
[875.004s][info][gc             ] GC(910) Pause Young (Allocation Failure) 734M->364M(3620M) 153.871ms
[875.004s][info][gc,cpu         ] GC(910) User=0.77s Sys=0.00s Real=0.15s
[875.880s][info][gc,start       ] GC(911) Pause Young (Allocation Failure)
[876.038s][info][gc,heap        ] GC(911) PSYoungGen: 910496K->69795K(1017344K)
[876.038s][info][gc,heap        ] GC(911) ParOldGen: 106218K->340570K(2796544K)
[876.038s][info][gc,metaspace   ] GC(911) Metaspace: 25637K(26752K)->25637K(26752K) NonClass: 22363K(23040K)->22363K(23040K) Class: 3274K(3712K)->3274K(3712K)
[876.038s][info][gc             ] GC(911) Pause Young (Allocation Failure) 992M->400M(3724M) 157.849ms
[876.038s][info][gc,cpu         ] GC(911) User=0.92s Sys=0.00s Real=0.16s
[876.903s][info][gc,start       ] GC(912) Pause Young (System.gc())
[876.930s][info][gc,heap        ] GC(912) PSYoungGen: 247018K->64K(991744K)
[876.930s][info][gc,heap        ] GC(912) ParOldGen: 340570K->389242K(2796544K)
[876.930s][info][gc,metaspace   ] GC(912) Metaspace: 25637K(26752K)->25637K(26752K) NonClass: 22363K(23040K)->22363K(23040K) Class: 3274K(3712K)->3274K(3712K)
[876.930s][info][gc             ] GC(912) Pause Young (System.gc()) 573M->380M(3699M) 26.436ms
[876.930s][info][gc,cpu         ] GC(912) User=0.08s Sys=0.00s Real=0.03s
[876.930s][info][gc,start       ] GC(913) Pause Full (System.gc())
[876.930s][info][gc,phases,start] GC(913) Marking Phase
[876.935s][info][gc,phases      ] GC(913) Marking Phase 5.258ms
[876.935s][info][gc,phases,start] GC(913) Summary Phase
[876.935s][info][gc,phases      ] GC(913) Summary Phase 0.013ms
[876.935s][info][gc,phases,start] GC(913) Adjust Roots
[876.938s][info][gc,phases      ] GC(913) Adjust Roots 2.647ms
[876.938s][info][gc,phases,start] GC(913) Compaction Phase
[876.940s][info][gc,phases      ] GC(913) Compaction Phase 2.257ms
[876.940s][info][gc,phases,start] GC(913) Post Compact
[876.942s][info][gc,phases      ] GC(913) Post Compact 1.965ms
[876.942s][info][gc,heap        ] GC(913) PSYoungGen: 64K->0K(991744K)
[876.942s][info][gc,heap        ] GC(913) ParOldGen: 389242K->6459K(2796544K)
[876.942s][info][gc,metaspace   ] GC(913) Metaspace: 25637K(26752K)->25637K(26752K) NonClass: 22363K(23040K)->22363K(23040K) Class: 3274K(3712K)->3274K(3712K)
[876.942s][info][gc             ] GC(913) Pause Full (System.gc()) 380M->6M(3699M) 12.458ms
[876.942s][info][gc,cpu         ] GC(913) User=0.00s Sys=0.00s Real=0.02s
[878.696s][info][gc,start       ] GC(914) Pause Young (Allocation Failure)
[878.697s][info][gc,heap        ] GC(914) PSYoungGen: 611328K->544K(1042432K)
[878.697s][info][gc,heap        ] GC(914) ParOldGen: 6459K->6459K(2796544K)
[878.697s][info][gc,metaspace   ] GC(914) Metaspace: 25637K(26752K)->25637K(26752K) NonClass: 22363K(23040K)->22363K(23040K) Class: 3274K(3712K)->3274K(3712K)
[878.697s][info][gc             ] GC(914) Pause Young (Allocation Failure) 603M->6M(3749M) 0.631ms
[878.697s][info][gc,cpu         ] GC(914) User=0.00s Sys=0.00s Real=0.00s
[878.806s][info][gc,start       ] GC(915) Pause Young (Allocation Failure)
[878.806s][info][gc,heap        ] GC(915) PSYoungGen: 674336K->448K(1029120K)
[878.806s][info][gc,heap        ] GC(915) ParOldGen: 6459K->6683K(2796544K)
[878.806s][info][gc,metaspace   ] GC(915) Metaspace: 25637K(26752K)->25637K(26752K) NonClass: 22363K(23040K)->22363K(23040K) Class: 3274K(3712K)->3274K(3712K)
[878.807s][info][gc             ] GC(915) Pause Young (Allocation Failure) 664M->6M(3736M) 0.667ms
[878.807s][info][gc,cpu         ] GC(915) User=0.00s Sys=0.00s Real=0.00s
[878.917s][info][gc,start       ] GC(916) Pause Young (Allocation Failure)
[878.918s][info][gc,heap        ] GC(916) PSYoungGen: 674240K->448K(1072128K)
[878.918s][info][gc,heap        ] GC(916) ParOldGen: 6683K->6811K(2796544K)
[878.918s][info][gc,metaspace   ] GC(916) Metaspace: 25637K(26752K)->25637K(26752K) NonClass: 22363K(23040K)->22363K(23040K) Class: 3274K(3712K)->3274K(3712K)
[878.918s][info][gc             ] GC(916) Pause Young (Allocation Failure) 664M->7M(3778M) 0.664ms
[878.918s][info][gc,cpu         ] GC(916) User=0.00s Sys=0.00s Real=0.00s
[879.038s][info][gc,start       ] GC(917) Pause Young (Allocation Failure)
[879.038s][info][gc,heap        ] GC(917) PSYoungGen: 732096K->384K(1057280K)
[879.038s][info][gc,heap        ] GC(917) ParOldGen: 6811K->6867K(2796544K)
[879.038s][info][gc,metaspace   ] GC(917) Metaspace: 25637K(26752K)->25637K(26752K) NonClass: 22363K(23040K)->22363K(23040K) Class: 3274K(3712K)->3274K(3712K)
[879.038s][info][gc             ] GC(917) Pause Young (Allocation Failure) 721M->7M(3763M) 0.630ms
[879.038s][info][gc,cpu         ] GC(917) User=0.00s Sys=0.00s Real=0.00s
[879.396s][info][gc,start       ] GC(918) Pause Young (Allocation Failure)
[879.456s][info][gc,heap        ] GC(918) PSYoungGen: 732032K->144897K(1073152K)
[879.456s][info][gc,heap        ] GC(918) ParOldGen: 6867K->6907K(2796544K)
[879.456s][info][gc,metaspace   ] GC(918) Metaspace: 25637K(26752K)->25637K(26752K) NonClass: 22363K(23040K)->22363K(23040K) Class: 3274K(3712K)->3274K(3712K)
[879.456s][info][gc             ] GC(918) Pause Young (Allocation Failure) 721M->148M(3779M) 60.115ms
[879.456s][info][gc,cpu         ] GC(918) User=0.25s Sys=0.00s Real=0.06s
[883.669s][info][gc,start       ] GC(919) Pause Young (Allocation Failure)
[883.692s][info][gc,heap        ] GC(919) PSYoungGen: 907777K->54208K(1080320K)
[883.692s][info][gc,heap        ] GC(919) ParOldGen: 6907K->6947K(2796544K)
[883.692s][info][gc,metaspace   ] GC(919) Metaspace: 25637K(26752K)->25637K(26752K) NonClass: 22363K(23040K)->22363K(23040K) Class: 3274K(3712K)->3274K(3712K)
[883.692s][info][gc             ] GC(919) Pause Young (Allocation Failure) 893M->59M(3786M) 23.686ms
[883.692s][info][gc,cpu         ] GC(919) User=0.08s Sys=0.00s Real=0.03s
[884.129s][info][gc,start       ] GC(920) Pause Young (Allocation Failure)
[884.282s][info][gc,heap        ] GC(920) PSYoungGen: 817088K->294400K(924160K)
[884.307s][info][gc,heap        ] GC(920) ParOldGen: 6947K->81307K(2796544K)
[884.307s][info][gc,metaspace   ] GC(920) Metaspace: 25637K(26752K)->25637K(26752K) NonClass: 22363K(23040K)->22363K(23040K) Class: 3274K(3712K)->3274K(3712K)
[884.307s][info][gc             ] GC(920) Pause Young (Allocation Failure) 804M->366M(3633M) 178.427ms
[884.307s][info][gc,cpu         ] GC(920) User=0.91s Sys=0.00s Real=0.18s
[885.152s][info][gc,start       ] GC(921) Pause Young (Allocation Failure)
[885.320s][info][gc,heap        ] GC(921) PSYoungGen: 924160K->68835K(1013760K)
[885.320s][info][gc,heap        ] GC(921) ParOldGen: 81307K->342659K(2796544K)
[885.320s][info][gc,metaspace   ] GC(921) Metaspace: 25637K(26752K)->25637K(26752K) NonClass: 22363K(23040K)->22363K(23040K) Class: 3274K(3712K)->3274K(3712K)
[885.321s][info][gc             ] GC(921) Pause Young (Allocation Failure) 981M->401M(3721M) 168.473ms
[885.321s][info][gc,cpu         ] GC(921) User=0.95s Sys=0.00s Real=0.17s
[886.176s][info][gc,start       ] GC(922) Pause Young (System.gc())
[886.200s][info][gc,heap        ] GC(922) PSYoungGen: 254780K->160K(1049088K)
[886.200s][info][gc,heap        ] GC(922) ParOldGen: 342659K->390003K(2796544K)
[886.200s][info][gc,metaspace   ] GC(922) Metaspace: 25637K(26752K)->25637K(26752K) NonClass: 22363K(23040K)->22363K(23040K) Class: 3274K(3712K)->3274K(3712K)
[886.200s][info][gc             ] GC(922) Pause Young (System.gc()) 583M->381M(3755M) 24.512ms
[886.200s][info][gc,cpu         ] GC(922) User=0.08s Sys=0.00s Real=0.03s
[886.201s][info][gc,start       ] GC(923) Pause Full (System.gc())
[886.201s][info][gc,phases,start] GC(923) Marking Phase
[886.206s][info][gc,phases      ] GC(923) Marking Phase 5.258ms
[886.206s][info][gc,phases,start] GC(923) Summary Phase
[886.206s][info][gc,phases      ] GC(923) Summary Phase 0.013ms
[886.206s][info][gc,phases,start] GC(923) Adjust Roots
[886.209s][info][gc,phases      ] GC(923) Adjust Roots 2.684ms
[886.209s][info][gc,phases,start] GC(923) Compaction Phase
[886.211s][info][gc,phases      ] GC(923) Compaction Phase 2.230ms
[886.211s][info][gc,phases,start] GC(923) Post Compact
[886.213s][info][gc,phases      ] GC(923) Post Compact 1.907ms
[886.213s][info][gc,heap        ] GC(923) PSYoungGen: 160K->0K(1049088K)
[886.213s][info][gc,heap        ] GC(923) ParOldGen: 390003K->6458K(2796544K)
[886.213s][info][gc,metaspace   ] GC(923) Metaspace: 25637K(26752K)->25637K(26752K) NonClass: 22363K(23040K)->22363K(23040K) Class: 3274K(3712K)->3274K(3712K)
[886.213s][info][gc             ] GC(923) Pause Full (System.gc()) 381M->6M(3755M) 12.428ms
[886.213s][info][gc,cpu         ] GC(923) User=0.00s Sys=0.00s Real=0.00s
[888.048s][info][gc,start       ] GC(924) Pause Young (Allocation Failure)
[888.048s][info][gc,heap        ] GC(924) PSYoungGen: 689664K->544K(1038336K)
[888.048s][info][gc,heap        ] GC(924) ParOldGen: 6458K->6458K(2796544K)
[888.048s][info][gc,metaspace   ] GC(924) Metaspace: 25637K(26752K)->25637K(26752K) NonClass: 22363K(23040K)->22363K(23040K) Class: 3274K(3712K)->3274K(3712K)
[888.048s][info][gc             ] GC(924) Pause Young (Allocation Failure) 679M->6M(3745M) 0.655ms
[888.048s][info][gc,cpu         ] GC(924) User=0.00s Sys=0.00s Real=0.00s
[888.160s][info][gc,start       ] GC(925) Pause Young (Allocation Failure)
[888.161s][info][gc,heap        ] GC(925) PSYoungGen: 690208K->512K(1075200K)
[888.161s][info][gc,heap        ] GC(925) ParOldGen: 6458K->6602K(2796544K)
[888.161s][info][gc,metaspace   ] GC(925) Metaspace: 25637K(26752K)->25637K(26752K) NonClass: 22363K(23040K)->22363K(23040K) Class: 3274K(3712K)->3274K(3712K)
[888.161s][info][gc             ] GC(925) Pause Young (Allocation Failure) 680M->6M(3781M) 0.701ms
[888.161s][info][gc,cpu         ] GC(925) User=0.00s Sys=0.00s Real=0.00s
[888.280s][info][gc,start       ] GC(926) Pause Young (Allocation Failure)
[888.281s][info][gc,heap        ] GC(926) PSYoungGen: 739840K->384K(1061888K)
[888.281s][info][gc,heap        ] GC(926) ParOldGen: 6602K->6794K(2796544K)
[888.281s][info][gc,metaspace   ] GC(926) Metaspace: 25637K(26752K)->25637K(26752K) NonClass: 22363K(23040K)->22363K(23040K) Class: 3274K(3712K)->3274K(3712K)
[888.281s][info][gc             ] GC(926) Pause Young (Allocation Failure) 728M->7M(3768M) 0.758ms
[888.281s][info][gc,cpu         ] GC(926) User=0.00s Sys=0.00s Real=0.00s
[888.406s][info][gc,start       ] GC(927) Pause Young (Allocation Failure)
[888.406s][info][gc,heap        ] GC(927) PSYoungGen: 739712K->416K(1103872K)
[888.406s][info][gc,heap        ] GC(927) ParOldGen: 6794K->6834K(2796544K)
[888.406s][info][gc,metaspace   ] GC(927) Metaspace: 25637K(26752K)->25637K(26752K) NonClass: 22363K(23040K)->22363K(23040K) Class: 3274K(3712K)->3274K(3712K)
[888.406s][info][gc             ] GC(927) Pause Young (Allocation Failure) 729M->7M(3809M) 0.636ms
[888.406s][info][gc,cpu         ] GC(927) User=0.00s Sys=0.00s Real=0.00s
[889.040s][info][gc,start       ] GC(928) Pause Young (Allocation Failure)
[889.162s][info][gc,heap        ] GC(928) PSYoungGen: 795552K->293874K(1089024K)
[889.162s][info][gc,heap        ] GC(928) ParOldGen: 6834K->9050K(2796544K)
[889.162s][info][gc,metaspace   ] GC(928) Metaspace: 25637K(26752K)->25637K(26752K) NonClass: 22363K(23040K)->22363K(23040K) Class: 3274K(3712K)->3274K(3712K)
[889.162s][info][gc             ] GC(928) Pause Young (Allocation Failure) 783M->295M(3794M) 121.745ms
[889.162s][info][gc,cpu         ] GC(928) User=0.69s Sys=0.02s Real=0.12s
[893.843s][info][gc,start       ] GC(929) Pause Young (Allocation Failure)
[893.935s][info][gc,heap        ] GC(929) PSYoungGen: 1089010K->151136K(989696K)
[893.935s][info][gc,heap        ] GC(929) ParOldGen: 9050K->59676K(2796544K)
[893.935s][info][gc,metaspace   ] GC(929) Metaspace: 25637K(26752K)->25637K(26752K) NonClass: 22363K(23040K)->22363K(23040K) Class: 3274K(3712K)->3274K(3712K)
[893.935s][info][gc             ] GC(929) Pause Young (Allocation Failure) 1072M->205M(3697M) 91.732ms
[893.935s][info][gc,cpu         ] GC(929) User=0.41s Sys=0.00s Real=0.09s
[894.347s][info][gc,start       ] GC(930) Pause Young (Allocation Failure)
[894.539s][info][gc,heap        ] GC(930) PSYoungGen: 832096K->297354K(978432K)
[894.539s][info][gc,heap        ] GC(930) ParOldGen: 59676K->207076K(2796544K)
[894.539s][info][gc,metaspace   ] GC(930) Metaspace: 25637K(26752K)->25637K(26752K) NonClass: 22363K(23040K)->22363K(23040K) Class: 3274K(3712K)->3274K(3712K)
[894.539s][info][gc             ] GC(930) Pause Young (Allocation Failure) 870M->492M(3686M) 191.693ms
[894.539s][info][gc,cpu         ] GC(930) User=1.06s Sys=0.00s Real=0.19s
[896.157s][info][gc,start       ] GC(931) Pause Young (System.gc())
[896.166s][info][gc,heap        ] GC(931) PSYoungGen: 976461K->2272K(1000960K)
[896.166s][info][gc,heap        ] GC(931) ParOldGen: 207076K->207084K(2796544K)
[896.166s][info][gc,metaspace   ] GC(931) Metaspace: 25637K(26752K)->25637K(26752K) NonClass: 22363K(23040K)->22363K(23040K) Class: 3274K(3712K)->3274K(3712K)
[896.166s][info][gc             ] GC(931) Pause Young (System.gc()) 1155M->204M(3708M) 9.410ms
[896.167s][info][gc,cpu         ] GC(931) User=0.00s Sys=0.00s Real=0.00s
[896.167s][info][gc,start       ] GC(932) Pause Full (System.gc())
[896.167s][info][gc,phases,start] GC(932) Marking Phase
[896.172s][info][gc,phases      ] GC(932) Marking Phase 5.092ms
[896.172s][info][gc,phases,start] GC(932) Summary Phase
[896.172s][info][gc,phases      ] GC(932) Summary Phase 0.011ms
[896.172s][info][gc,phases,start] GC(932) Adjust Roots
[896.174s][info][gc,phases      ] GC(932) Adjust Roots 2.677ms
[896.174s][info][gc,phases,start] GC(932) Compaction Phase
[896.176s][info][gc,phases      ] GC(932) Compaction Phase 2.004ms
[896.176s][info][gc,phases,start] GC(932) Post Compact
[896.178s][info][gc,phases      ] GC(932) Post Compact 1.278ms
[896.178s][info][gc,heap        ] GC(932) PSYoungGen: 2272K->0K(1000960K)
[896.178s][info][gc,heap        ] GC(932) ParOldGen: 207084K->6458K(2796544K)
[896.178s][info][gc,metaspace   ] GC(932) Metaspace: 25637K(26752K)->25637K(26752K) NonClass: 22363K(23040K)->22363K(23040K) Class: 3274K(3712K)->3274K(3712K)
[896.178s][info][gc             ] GC(932) Pause Full (System.gc()) 204M->6M(3708M) 11.355ms
[896.178s][info][gc,cpu         ] GC(932) User=0.00s Sys=0.00s Real=0.02s
[897.761s][info][gc,start       ] GC(933) Pause Young (Allocation Failure)
[897.762s][info][gc,heap        ] GC(933) PSYoungGen: 591872K->704K(988672K)
[897.762s][info][gc,heap        ] GC(933) ParOldGen: 6458K->6458K(2796544K)
[897.762s][info][gc,metaspace   ] GC(933) Metaspace: 25637K(26752K)->25637K(26752K) NonClass: 22363K(23040K)->22363K(23040K) Class: 3274K(3712K)->3274K(3712K)
[897.762s][info][gc             ] GC(933) Pause Young (Allocation Failure) 584M->6M(3696M) 0.706ms
[897.762s][info][gc,cpu         ] GC(933) User=0.00s Sys=0.00s Real=0.00s
[897.856s][info][gc,start       ] GC(934) Pause Young (Allocation Failure)
[897.856s][info][gc,heap        ] GC(934) PSYoungGen: 592576K->512K(1029632K)
[897.856s][info][gc,heap        ] GC(934) ParOldGen: 6458K->6642K(2796544K)
[897.856s][info][gc,metaspace   ] GC(934) Metaspace: 25637K(26752K)->25637K(26752K) NonClass: 22363K(23040K)->22363K(23040K) Class: 3274K(3712K)->3274K(3712K)
[897.856s][info][gc             ] GC(934) Pause Young (Allocation Failure) 584M->6M(3736M) 0.646ms
[897.856s][info][gc,cpu         ] GC(934) User=0.00s Sys=0.00s Real=0.00s
[897.961s][info][gc,start       ] GC(935) Pause Young (Allocation Failure)
[897.961s][info][gc,heap        ] GC(935) PSYoungGen: 647168K->352K(1014784K)
[897.961s][info][gc,heap        ] GC(935) ParOldGen: 6642K->6770K(2796544K)
[897.961s][info][gc,metaspace   ] GC(935) Metaspace: 25637K(26752K)->25637K(26752K) NonClass: 22363K(23040K)->22363K(23040K) Class: 3274K(3712K)->3274K(3712K)
[897.961s][info][gc             ] GC(935) Pause Young (Allocation Failure) 638M->6M(3722M) 0.571ms
[897.961s][info][gc,cpu         ] GC(935) User=0.00s Sys=0.00s Real=0.00s
[898.067s][info][gc,start       ] GC(936) Pause Young (Allocation Failure)
[898.068s][info][gc,heap        ] GC(936) PSYoungGen: 647008K->352K(1061376K)
[898.068s][info][gc,heap        ] GC(936) ParOldGen: 6770K->6810K(2796544K)
[898.068s][info][gc,metaspace   ] GC(936) Metaspace: 25637K(26752K)->25637K(26752K) NonClass: 22363K(23040K)->22363K(23040K) Class: 3274K(3712K)->3274K(3712K)
[898.068s][info][gc             ] GC(936) Pause Young (Allocation Failure) 638M->6M(3767M) 0.733ms
[898.068s][info][gc,cpu         ] GC(936) User=0.02s Sys=0.00s Real=0.02s
[898.187s][info][gc,start       ] GC(937) Pause Young (Allocation Failure)
[898.187s][info][gc,heap        ] GC(937) PSYoungGen: 708960K->256K(1044992K)
[898.187s][info][gc,heap        ] GC(937) ParOldGen: 6810K->6890K(2796544K)
[898.187s][info][gc,metaspace   ] GC(937) Metaspace: 25637K(26752K)->25637K(26752K) NonClass: 22363K(23040K)->22363K(23040K) Class: 3274K(3712K)->3274K(3712K)
[898.187s][info][gc             ] GC(937) Pause Young (Allocation Failure) 698M->6M(3751M) 0.679ms
[898.187s][info][gc,cpu         ] GC(937) User=0.00s Sys=0.00s Real=0.00s
[899.084s][info][gc,start       ] GC(938) Pause Young (Allocation Failure)
[899.285s][info][gc,heap        ] GC(938) PSYoungGen: 708864K->319971K(848384K)
[899.285s][info][gc,heap        ] GC(938) ParOldGen: 6890K->124778K(2796544K)
[899.285s][info][gc,metaspace   ] GC(938) Metaspace: 25637K(26752K)->25637K(26752K) NonClass: 22363K(23040K)->22363K(23040K) Class: 3274K(3712K)->3274K(3712K)
[899.285s][info][gc             ] GC(938) Pause Young (Allocation Failure) 698M->434M(3559M) 200.564ms
[899.285s][info][gc,cpu         ] GC(938) User=1.11s Sys=0.00s Real=0.20s
[903.410s][info][gc,start       ] GC(939) Pause Young (Allocation Failure)
[903.498s][info][gc,heap        ] GC(939) PSYoungGen: 848355K->140768K(963072K)
[903.498s][info][gc,heap        ] GC(939) ParOldGen: 124778K->162077K(2796544K)
[903.498s][info][gc,metaspace   ] GC(939) Metaspace: 25637K(26752K)->25637K(26752K) NonClass: 22363K(23040K)->22363K(23040K) Class: 3274K(3712K)->3274K(3712K)
[903.498s][info][gc             ] GC(939) Pause Young (Allocation Failure) 950M->295M(3671M) 87.815ms
[903.498s][info][gc,cpu         ] GC(939) User=0.44s Sys=0.00s Real=0.09s
[903.801s][info][gc,start       ] GC(940) Pause Young (Allocation Failure)
[903.956s][info][gc,heap        ] GC(940) PSYoungGen: 669152K->219712K(954880K)
[903.956s][info][gc,heap        ] GC(940) ParOldGen: 162077K->300485K(2796544K)
[903.956s][info][gc,metaspace   ] GC(940) Metaspace: 25637K(26752K)->25637K(26752K) NonClass: 22363K(23040K)->22363K(23040K) Class: 3274K(3712K)->3274K(3712K)
[903.956s][info][gc             ] GC(940) Pause Young (Allocation Failure) 811M->508M(3663M) 154.984ms
[903.956s][info][gc,cpu         ] GC(940) User=0.91s Sys=0.00s Real=0.16s
[904.693s][info][gc,start       ] GC(941) Pause Young (Allocation Failure)
[904.844s][info][gc,heap        ] GC(941) PSYoungGen: 757312K->95651K(967680K)
[904.844s][info][gc,heap        ] GC(941) ParOldGen: 300485K->503405K(2796544K)
[904.844s][info][gc,metaspace   ] GC(941) Metaspace: 25637K(26752K)->25637K(26752K) NonClass: 22363K(23040K)->22363K(23040K) Class: 3274K(3712K)->3274K(3712K)
[904.844s][info][gc             ] GC(941) Pause Young (Allocation Failure) 1033M->585M(3676M) 150.786ms
[904.844s][info][gc,cpu         ] GC(941) User=0.83s Sys=0.00s Real=0.14s
[905.841s][info][gc,start       ] GC(942) Pause Young (System.gc())
[905.876s][info][gc,heap        ] GC(942) PSYoungGen: 407140K->160K(1007104K)
[905.876s][info][gc,heap        ] GC(942) ParOldGen: 503405K->563901K(2796544K)
[905.876s][info][gc,metaspace   ] GC(942) Metaspace: 25637K(26752K)->25637K(26752K) NonClass: 22363K(23040K)->22363K(23040K) Class: 3274K(3712K)->3274K(3712K)
[905.876s][info][gc             ] GC(942) Pause Young (System.gc()) 889M->550M(3714M) 34.782ms
[905.876s][info][gc,cpu         ] GC(942) User=0.12s Sys=0.00s Real=0.03s
[905.876s][info][gc,start       ] GC(943) Pause Full (System.gc())
[905.876s][info][gc,phases,start] GC(943) Marking Phase
[905.882s][info][gc,phases      ] GC(943) Marking Phase 5.443ms
[905.882s][info][gc,phases,start] GC(943) Summary Phase
[905.882s][info][gc,phases      ] GC(943) Summary Phase 0.013ms
[905.882s][info][gc,phases,start] GC(943) Adjust Roots
[905.884s][info][gc,phases      ] GC(943) Adjust Roots 2.636ms
[905.884s][info][gc,phases,start] GC(943) Compaction Phase
[905.887s][info][gc,phases      ] GC(943) Compaction Phase 2.299ms
[905.887s][info][gc,phases,start] GC(943) Post Compact
[905.888s][info][gc,phases      ] GC(943) Post Compact 1.291ms
[905.888s][info][gc,heap        ] GC(943) PSYoungGen: 160K->0K(1007104K)
[905.888s][info][gc,heap        ] GC(943) ParOldGen: 563901K->6458K(2796544K)
[905.888s][info][gc,metaspace   ] GC(943) Metaspace: 25637K(26752K)->25637K(26752K) NonClass: 22363K(23040K)->22363K(23040K) Class: 3274K(3712K)->3274K(3712K)
[905.888s][info][gc             ] GC(943) Pause Full (System.gc()) 550M->6M(3714M) 11.972ms
[905.888s][info][gc,cpu         ] GC(943) User=0.02s Sys=0.00s Real=0.02s
[907.465s][info][gc,start       ] GC(944) Pause Young (Allocation Failure)
[907.465s][info][gc,heap        ] GC(944) PSYoungGen: 606208K->640K(996864K)
[907.465s][info][gc,heap        ] GC(944) ParOldGen: 6458K->6458K(2796544K)
[907.466s][info][gc,metaspace   ] GC(944) Metaspace: 25637K(26752K)->25637K(26752K) NonClass: 22363K(23040K)->22363K(23040K) Class: 3274K(3712K)->3274K(3712K)
[907.466s][info][gc             ] GC(944) Pause Young (Allocation Failure) 598M->6M(3704M) 0.744ms
[907.466s][info][gc,cpu         ] GC(944) User=0.00s Sys=0.00s Real=0.00s
[907.562s][info][gc,start       ] GC(945) Pause Young (Allocation Failure)
[907.563s][info][gc,heap        ] GC(945) PSYoungGen: 606848K->416K(1033216K)
[907.563s][info][gc,heap        ] GC(945) ParOldGen: 6458K->6786K(2796544K)
[907.563s][info][gc,metaspace   ] GC(945) Metaspace: 25637K(26752K)->25637K(26752K) NonClass: 22363K(23040K)->22363K(23040K) Class: 3274K(3712K)->3274K(3712K)
[907.563s][info][gc             ] GC(945) Pause Young (Allocation Failure) 598M->7M(3740M) 0.677ms
[907.563s][info][gc,cpu         ] GC(945) User=0.00s Sys=0.00s Real=0.00s
[907.668s][info][gc,start       ] GC(946) Pause Young (Allocation Failure)
[907.668s][info][gc,heap        ] GC(946) PSYoungGen: 655264K->480K(1019392K)
[907.668s][info][gc,heap        ] GC(946) ParOldGen: 6786K->6874K(2796544K)
[907.668s][info][gc,metaspace   ] GC(946) Metaspace: 25637K(26752K)->25637K(26752K) NonClass: 22363K(23040K)->22363K(23040K) Class: 3274K(3712K)->3274K(3712K)
[907.668s][info][gc             ] GC(946) Pause Young (Allocation Failure) 646M->7M(3726M) 0.597ms
[907.669s][info][gc,cpu         ] GC(946) User=0.00s Sys=0.00s Real=0.00s
[907.775s][info][gc,start       ] GC(947) Pause Young (Allocation Failure)
[907.775s][info][gc,heap        ] GC(947) PSYoungGen: 655328K->352K(1063424K)
[907.775s][info][gc,heap        ] GC(947) ParOldGen: 6874K->6946K(2796544K)
[907.775s][info][gc,metaspace   ] GC(947) Metaspace: 25637K(26752K)->25637K(26752K) NonClass: 22363K(23040K)->22363K(23040K) Class: 3274K(3712K)->3274K(3712K)
[907.775s][info][gc             ] GC(947) Pause Young (Allocation Failure) 646M->7M(3769M) 0.520ms
[907.775s][info][gc,cpu         ] GC(947) User=0.00s Sys=0.00s Real=0.00s
[907.923s][info][gc,start       ] GC(948) Pause Young (Allocation Failure)
[907.933s][info][gc,heap        ] GC(948) PSYoungGen: 714080K->28626K(1048064K)
[907.933s][info][gc,heap        ] GC(948) ParOldGen: 6946K->6994K(2796544K)
[907.933s][info][gc,metaspace   ] GC(948) Metaspace: 25637K(26752K)->25637K(26752K) NonClass: 22363K(23040K)->22363K(23040K) Class: 3274K(3712K)->3274K(3712K)
[907.933s][info][gc             ] GC(948) Pause Young (Allocation Failure) 704M->34M(3754M) 10.282ms
[907.933s][info][gc,cpu         ] GC(948) User=0.02s Sys=0.00s Real=0.02s
[908.852s][info][gc,start       ] GC(949) Pause Young (Allocation Failure)
[909.046s][info][gc,heap        ] GC(949) PSYoungGen: 742354K->313840K(867840K)
[909.046s][info][gc,heap        ] GC(949) ParOldGen: 6994K->115486K(2796544K)
[909.046s][info][gc,metaspace   ] GC(949) Metaspace: 25637K(26752K)->25637K(26752K) NonClass: 22363K(23040K)->22363K(23040K) Class: 3274K(3712K)->3274K(3712K)
[909.046s][info][gc             ] GC(949) Pause Young (Allocation Failure) 731M->419M(3578M) 194.011ms
[909.046s][info][gc,cpu         ] GC(949) User=1.08s Sys=0.00s Real=0.19s
[912.660s][info][gc,start       ] GC(950) Pause Young (Allocation Failure)
[912.739s][info][gc,heap        ] GC(950) PSYoungGen: 867824K->177664K(975872K)
[912.739s][info][gc,heap        ] GC(950) ParOldGen: 115486K->122862K(2796544K)
[912.739s][info][gc,metaspace   ] GC(950) Metaspace: 25637K(26752K)->25637K(26752K) NonClass: 22363K(23040K)->22363K(23040K) Class: 3274K(3712K)->3274K(3712K)
[912.739s][info][gc             ] GC(950) Pause Young (Allocation Failure) 960M->293M(3684M) 79.233ms
[912.739s][info][gc,cpu         ] GC(950) User=0.45s Sys=0.00s Real=0.08s
[913.062s][info][gc,start       ] GC(951) Pause Young (Allocation Failure)
[913.231s][info][gc,heap        ] GC(951) PSYoungGen: 731648K->229760K(949760K)
[913.231s][info][gc,heap        ] GC(951) ParOldGen: 122862K->297838K(2796544K)
[913.231s][info][gc,metaspace   ] GC(951) Metaspace: 25637K(26752K)->25637K(26752K) NonClass: 22363K(23040K)->22363K(23040K) Class: 3274K(3712K)->3274K(3712K)
[913.231s][info][gc             ] GC(951) Pause Young (Allocation Failure) 834M->515M(3658M) 168.539ms
[913.231s][info][gc,cpu         ] GC(951) User=0.95s Sys=0.00s Real=0.17s
[914.032s][info][gc,start       ] GC(952) Pause Young (Allocation Failure)
[914.164s][info][gc,heap        ] GC(952) PSYoungGen: 760192K->39413K(964096K)
[914.164s][info][gc,heap        ] GC(952) ParOldGen: 297838K->504006K(2796544K)
[914.164s][info][gc,metaspace   ] GC(952) Metaspace: 25637K(26752K)->25637K(26752K) NonClass: 22363K(23040K)->22363K(23040K) Class: 3274K(3712K)->3274K(3712K)
[914.164s][info][gc             ] GC(952) Pause Young (Allocation Failure) 1033M->530M(3672M) 132.312ms
[914.164s][info][gc,cpu         ] GC(952) User=0.75s Sys=0.00s Real=0.13s
[915.039s][info][gc,start       ] GC(953) Pause Young (System.gc())
[915.052s][info][gc,heap        ] GC(953) PSYoungGen: 244631K->160K(993792K)
[915.052s][info][gc,heap        ] GC(953) ParOldGen: 504006K->520774K(2796544K)
[915.052s][info][gc,metaspace   ] GC(953) Metaspace: 25640K(26752K)->25640K(26752K) NonClass: 22365K(23040K)->22365K(23040K) Class: 3274K(3712K)->3274K(3712K)
[915.052s][info][gc             ] GC(953) Pause Young (System.gc()) 731M->508M(3701M) 13.195ms
[915.052s][info][gc,cpu         ] GC(953) User=0.02s Sys=0.00s Real=0.02s
[915.052s][info][gc,start       ] GC(954) Pause Full (System.gc())
[915.052s][info][gc,phases,start] GC(954) Marking Phase
[915.058s][info][gc,phases      ] GC(954) Marking Phase 5.449ms
[915.058s][info][gc,phases,start] GC(954) Summary Phase
[915.058s][info][gc,phases      ] GC(954) Summary Phase 0.013ms
[915.058s][info][gc,phases,start] GC(954) Adjust Roots
[915.061s][info][gc,phases      ] GC(954) Adjust Roots 2.712ms
[915.061s][info][gc,phases,start] GC(954) Compaction Phase
[915.063s][info][gc,phases      ] GC(954) Compaction Phase 2.054ms
[915.063s][info][gc,phases,start] GC(954) Post Compact
[915.064s][info][gc,phases      ] GC(954) Post Compact 1.272ms
[915.064s][info][gc,heap        ] GC(954) PSYoungGen: 160K->0K(993792K)
[915.064s][info][gc,heap        ] GC(954) ParOldGen: 520774K->6459K(2796544K)
[915.064s][info][gc,metaspace   ] GC(954) Metaspace: 25640K(26752K)->25640K(26752K) NonClass: 22365K(23040K)->22365K(23040K) Class: 3274K(3712K)->3274K(3712K)
[915.064s][info][gc             ] GC(954) Pause Full (System.gc()) 508M->6M(3701M) 11.841ms
[915.064s][info][gc,cpu         ] GC(954) User=0.00s Sys=0.00s Real=0.01s
[917.053s][info][gc,start       ] GC(955) Pause Young (Allocation Failure)
[917.053s][info][gc,heap        ] GC(955) PSYoungGen: 578048K->608K(982016K)
[917.053s][info][gc,heap        ] GC(955) ParOldGen: 6459K->6459K(2796544K)
[917.053s][info][gc,metaspace   ] GC(955) Metaspace: 25640K(26752K)->25640K(26752K) NonClass: 22365K(23040K)->22365K(23040K) Class: 3274K(3712K)->3274K(3712K)
[917.053s][info][gc             ] GC(955) Pause Young (Allocation Failure) 570M->6M(3690M) 0.734ms
[917.053s][info][gc,cpu         ] GC(955) User=0.00s Sys=0.00s Real=0.00s
[917.147s][info][gc,start       ] GC(956) Pause Young (Allocation Failure)
[917.147s][info][gc,heap        ] GC(956) PSYoungGen: 578656K->480K(1022464K)
[917.147s][info][gc,heap        ] GC(956) ParOldGen: 6459K->6763K(2796544K)
[917.148s][info][gc,metaspace   ] GC(956) Metaspace: 25640K(26752K)->25640K(26752K) NonClass: 22365K(23040K)->22365K(23040K) Class: 3274K(3712K)->3274K(3712K)
[917.148s][info][gc             ] GC(956) Pause Young (Allocation Failure) 571M->7M(3729M) 0.636ms
[917.148s][info][gc,cpu         ] GC(956) User=0.00s Sys=0.00s Real=0.00s
[917.251s][info][gc,start       ] GC(957) Pause Young (Allocation Failure)
[917.251s][info][gc,heap        ] GC(957) PSYoungGen: 632800K->320K(1007616K)
[917.251s][info][gc,heap        ] GC(957) ParOldGen: 6763K->6835K(2796544K)
[917.251s][info][gc,metaspace   ] GC(957) Metaspace: 25640K(26752K)->25640K(26752K) NonClass: 22365K(23040K)->22365K(23040K) Class: 3274K(3712K)->3274K(3712K)
[917.251s][info][gc             ] GC(957) Pause Young (Allocation Failure) 624M->6M(3715M) 0.565ms
[917.251s][info][gc,cpu         ] GC(957) User=0.00s Sys=0.00s Real=0.00s
[917.354s][info][gc,start       ] GC(958) Pause Young (Allocation Failure)
[917.354s][info][gc,heap        ] GC(958) PSYoungGen: 632640K->480K(1054720K)
[917.354s][info][gc,heap        ] GC(958) ParOldGen: 6835K->6883K(2796544K)
[917.354s][info][gc,metaspace   ] GC(958) Metaspace: 25640K(26752K)->25640K(26752K) NonClass: 22365K(23040K)->22365K(23040K) Class: 3274K(3712K)->3274K(3712K)
[917.354s][info][gc             ] GC(958) Pause Young (Allocation Failure) 624M->7M(3761M) 0.579ms
[917.354s][info][gc,cpu         ] GC(958) User=0.00s Sys=0.00s Real=0.00s
[917.474s][info][gc,start       ] GC(959) Pause Young (Allocation Failure)
[917.474s][info][gc,heap        ] GC(959) PSYoungGen: 695776K->320K(1038336K)
[917.474s][info][gc,heap        ] GC(959) ParOldGen: 6883K->6931K(2796544K)
[917.474s][info][gc,metaspace   ] GC(959) Metaspace: 25640K(26752K)->25640K(26752K) NonClass: 22365K(23040K)->22365K(23040K) Class: 3274K(3712K)->3274K(3712K)
[917.474s][info][gc             ] GC(959) Pause Young (Allocation Failure) 686M->7M(3745M) 0.565ms
[917.474s][info][gc,cpu         ] GC(959) User=0.00s Sys=0.00s Real=0.00s
[918.276s][info][gc,start       ] GC(960) Pause Young (Allocation Failure)
[918.455s][info][gc,heap        ] GC(960) PSYoungGen: 695616K->326130K(872960K)
[918.455s][info][gc,heap        ] GC(960) ParOldGen: 6931K->80243K(2796544K)
[918.455s][info][gc,metaspace   ] GC(960) Metaspace: 25640K(26752K)->25640K(26752K) NonClass: 22365K(23040K)->22365K(23040K) Class: 3274K(3712K)->3274K(3712K)
[918.455s][info][gc             ] GC(960) Pause Young (Allocation Failure) 686M->396M(3583M) 179.305ms
[918.455s][info][gc,cpu         ] GC(960) User=0.98s Sys=0.00s Real=0.17s
[922.947s][info][gc,start       ] GC(961) Pause Young (Allocation Failure)
[923.123s][info][gc,heap        ] GC(961) PSYoungGen: 872946K->124512K(972288K)
[923.123s][info][gc,heap        ] GC(961) ParOldGen: 80243K->307901K(2796544K)
[923.123s][info][gc,metaspace   ] GC(961) Metaspace: 25640K(26752K)->25640K(26752K) NonClass: 22365K(23040K)->22365K(23040K) Class: 3274K(3712K)->3274K(3712K)
[923.123s][info][gc             ] GC(961) Pause Young (Allocation Failure) 930M->422M(3680M) 176.523ms
[923.123s][info][gc,cpu         ] GC(961) User=1.00s Sys=0.00s Real=0.17s
[923.439s][info][gc,start       ] GC(962) Pause Young (Allocation Failure)
[923.591s][info][gc,heap        ] GC(962) PSYoungGen: 671328K->227392K(957952K)
[923.591s][info][gc,heap        ] GC(962) ParOldGen: 307901K->430229K(2796544K)
[923.591s][info][gc,metaspace   ] GC(962) Metaspace: 25640K(26752K)->25640K(26752K) NonClass: 22365K(23040K)->22365K(23040K) Class: 3274K(3712K)->3274K(3712K)
[923.591s][info][gc             ] GC(962) Pause Young (Allocation Failure) 956M->642M(3666M) 152.507ms
[923.591s][info][gc,cpu         ] GC(962) User=0.86s Sys=0.00s Real=0.16s
[924.323s][info][gc,start       ] GC(963) Pause Young (Allocation Failure)
[924.487s][info][gc,heap        ] GC(963) PSYoungGen: 781376K->112675K(975872K)
[924.524s][info][gc,heap        ] GC(963) ParOldGen: 430229K->640573K(2796544K)
[924.524s][info][gc,metaspace   ] GC(963) Metaspace: 25640K(26752K)->25640K(26752K) NonClass: 22365K(23040K)->22365K(23040K) Class: 3274K(3712K)->3274K(3712K)
[924.524s][info][gc             ] GC(963) Pause Young (Allocation Failure) 1183M->735M(3684M) 201.613ms
[924.524s][info][gc,cpu         ] GC(963) User=0.91s Sys=0.00s Real=0.21s
[925.553s][info][gc,start       ] GC(964) Pause Young (System.gc())
[925.594s][info][gc,heap        ] GC(964) PSYoungGen: 449387K->32K(1015296K)
[925.594s][info][gc,heap        ] GC(964) ParOldGen: 640573K->714509K(2796544K)
[925.594s][info][gc,metaspace   ] GC(964) Metaspace: 25640K(26752K)->25640K(26752K) NonClass: 22365K(23040K)->22365K(23040K) Class: 3274K(3712K)->3274K(3712K)
[925.594s][info][gc             ] GC(964) Pause Young (System.gc()) 1064M->697M(3722M) 41.134ms
[925.594s][info][gc,cpu         ] GC(964) User=0.12s Sys=0.00s Real=0.03s
[925.594s][info][gc,start       ] GC(965) Pause Full (System.gc())
[925.594s][info][gc,phases,start] GC(965) Marking Phase
[925.600s][info][gc,phases      ] GC(965) Marking Phase 5.316ms
[925.600s][info][gc,phases,start] GC(965) Summary Phase
[925.600s][info][gc,phases      ] GC(965) Summary Phase 0.014ms
[925.600s][info][gc,phases,start] GC(965) Adjust Roots
[925.603s][info][gc,phases      ] GC(965) Adjust Roots 2.625ms
[925.603s][info][gc,phases,start] GC(965) Compaction Phase
[925.604s][info][gc,phases      ] GC(965) Compaction Phase 1.811ms
[925.604s][info][gc,phases,start] GC(965) Post Compact
[925.606s][info][gc,phases      ] GC(965) Post Compact 1.501ms
[925.606s][info][gc,heap        ] GC(965) PSYoungGen: 32K->0K(1015296K)
[925.606s][info][gc,heap        ] GC(965) ParOldGen: 714509K->6458K(2796544K)
[925.606s][info][gc,metaspace   ] GC(965) Metaspace: 25640K(26752K)->25640K(26752K) NonClass: 22365K(23040K)->22365K(23040K) Class: 3274K(3712K)->3274K(3712K)
[925.606s][info][gc             ] GC(965) Pause Full (System.gc()) 697M->6M(3722M) 11.553ms
[925.606s][info][gc,cpu         ] GC(965) User=0.00s Sys=0.00s Real=0.02s
[927.240s][info][gc,start       ] GC(966) Pause Young (Allocation Failure)
[927.241s][info][gc,heap        ] GC(966) PSYoungGen: 623616K->640K(1006080K)
[927.241s][info][gc,heap        ] GC(966) ParOldGen: 6458K->6458K(2796544K)
[927.241s][info][gc,metaspace   ] GC(966) Metaspace: 25640K(26752K)->25640K(26752K) NonClass: 22365K(23040K)->22365K(23040K) Class: 3274K(3712K)->3274K(3712K)
[927.241s][info][gc             ] GC(966) Pause Young (Allocation Failure) 615M->6M(3713M) 0.712ms
[927.241s][info][gc,cpu         ] GC(966) User=0.00s Sys=0.00s Real=0.00s
[927.340s][info][gc,start       ] GC(967) Pause Young (Allocation Failure)
[927.341s][info][gc,heap        ] GC(967) PSYoungGen: 624256K->352K(1040384K)
[927.341s][info][gc,heap        ] GC(967) ParOldGen: 6458K->6722K(2796544K)
[927.341s][info][gc,metaspace   ] GC(967) Metaspace: 25640K(26752K)->25640K(26752K) NonClass: 22365K(23040K)->22365K(23040K) Class: 3274K(3712K)->3274K(3712K)
[927.341s][info][gc             ] GC(967) Pause Young (Allocation Failure) 615M->6M(3747M) 0.661ms
[927.341s][info][gc,cpu         ] GC(967) User=0.00s Sys=0.00s Real=0.00s
[927.454s][info][gc,start       ] GC(968) Pause Young (Allocation Failure)
[927.455s][info][gc,heap        ] GC(968) PSYoungGen: 670048K->352K(1027072K)
[927.455s][info][gc,heap        ] GC(968) ParOldGen: 6722K->6746K(2796544K)
[927.455s][info][gc,metaspace   ] GC(968) Metaspace: 25640K(26752K)->25640K(26752K) NonClass: 22365K(23040K)->22365K(23040K) Class: 3274K(3712K)->3274K(3712K)
[927.455s][info][gc             ] GC(968) Pause Young (Allocation Failure) 660M->6M(3734M) 0.558ms
[927.455s][info][gc,cpu         ] GC(968) User=0.00s Sys=0.00s Real=0.00s
[927.564s][info][gc,start       ] GC(969) Pause Young (Allocation Failure)
[927.565s][info][gc,heap        ] GC(969) PSYoungGen: 670048K->384K(1069568K)
[927.565s][info][gc,heap        ] GC(969) ParOldGen: 6746K->6810K(2796544K)
[927.565s][info][gc,metaspace   ] GC(969) Metaspace: 25640K(26752K)->25640K(26752K) NonClass: 22365K(23040K)->22365K(23040K) Class: 3274K(3712K)->3274K(3712K)
[927.565s][info][gc             ] GC(969) Pause Young (Allocation Failure) 660M->7M(3775M) 0.559ms
[927.565s][info][gc,cpu         ] GC(969) User=0.00s Sys=0.00s Real=0.00s
[927.808s][info][gc,start       ] GC(970) Pause Young (Allocation Failure)
[927.841s][info][gc,heap        ] GC(970) PSYoungGen: 726912K->84402K(1054720K)
[927.841s][info][gc,heap        ] GC(970) ParOldGen: 6810K->6874K(2796544K)
[927.841s][info][gc,metaspace   ] GC(970) Metaspace: 25641K(26752K)->25641K(26752K) NonClass: 22367K(23040K)->22367K(23040K) Class: 3274K(3712K)->3274K(3712K)
[927.841s][info][gc             ] GC(970) Pause Young (Allocation Failure) 716M->89M(3761M) 32.974ms
[927.841s][info][gc,cpu         ] GC(970) User=0.03s Sys=0.00s Real=0.02s
[929.561s][info][gc,start       ] GC(971) Pause Young (Allocation Failure)
[929.562s][info][gc,heap        ] GC(971) PSYoungGen: 810930K->640K(1101312K)
[929.562s][info][gc,heap        ] GC(971) ParOldGen: 6874K->6938K(2796544K)
[929.562s][info][gc,metaspace   ] GC(971) Metaspace: 25641K(26752K)->25641K(26752K) NonClass: 22367K(23040K)->22367K(23040K) Class: 3274K(3712K)->3274K(3712K)
[929.562s][info][gc             ] GC(971) Pause Young (Allocation Failure) 798M->7M(3806M) 0.592ms
[929.562s][info][gc,cpu         ] GC(971) User=0.00s Sys=0.00s Real=0.00s
[933.342s][info][gc,start       ] GC(972) Pause Young (Allocation Failure)
[933.477s][info][gc,heap        ] GC(972) PSYoungGen: 792704K->296448K(1088512K)
[933.477s][info][gc,heap        ] GC(972) ParOldGen: 6938K->8722K(2796544K)
[933.477s][info][gc,metaspace   ] GC(972) Metaspace: 25641K(26752K)->25641K(26752K) NonClass: 22367K(23040K)->22367K(23040K) Class: 3274K(3712K)->3274K(3712K)
[933.477s][info][gc             ] GC(972) Pause Young (Allocation Failure) 780M->298M(3794M) 134.429ms
[933.477s][info][gc,cpu         ] GC(972) User=0.73s Sys=0.00s Real=0.13s
[934.396s][info][gc,start       ] GC(973) Pause Young (Allocation Failure)
[934.585s][info][gc,heap        ] GC(973) PSYoungGen: 1088512K->131313K(1005568K)
[934.585s][info][gc,heap        ] GC(973) ParOldGen: 8722K->268018K(2796544K)
[934.585s][info][gc,metaspace   ] GC(973) Metaspace: 25641K(26752K)->25641K(26752K) NonClass: 22367K(23040K)->22367K(23040K) Class: 3274K(3712K)->3274K(3712K)
[934.585s][info][gc             ] GC(973) Pause Young (Allocation Failure) 1071M->389M(3713M) 189.462ms
[934.585s][info][gc,cpu         ] GC(973) User=1.09s Sys=0.00s Real=0.19s
[935.454s][info][gc,start       ] GC(974) Pause Young (System.gc())
[935.456s][info][gc,heap        ] GC(974) PSYoungGen: 327302K->64K(1047040K)
[935.456s][info][gc,heap        ] GC(974) ParOldGen: 268018K->270274K(2796544K)
[935.456s][info][gc,metaspace   ] GC(974) Metaspace: 25641K(26752K)->25641K(26752K) NonClass: 22367K(23040K)->22367K(23040K) Class: 3274K(3712K)->3274K(3712K)
[935.456s][info][gc             ] GC(974) Pause Young (System.gc()) 581M->264M(3753M) 2.547ms
[935.456s][info][gc,cpu         ] GC(974) User=0.00s Sys=0.00s Real=0.00s
[935.456s][info][gc,start       ] GC(975) Pause Full (System.gc())
[935.456s][info][gc,phases,start] GC(975) Marking Phase
[935.461s][info][gc,phases      ] GC(975) Marking Phase 4.896ms
[935.461s][info][gc,phases,start] GC(975) Summary Phase
[935.461s][info][gc,phases      ] GC(975) Summary Phase 0.012ms
[935.461s][info][gc,phases,start] GC(975) Adjust Roots
[935.464s][info][gc,phases      ] GC(975) Adjust Roots 2.635ms
[935.464s][info][gc,phases,start] GC(975) Compaction Phase
[935.466s][info][gc,phases      ] GC(975) Compaction Phase 2.241ms
[935.466s][info][gc,phases,start] GC(975) Post Compact
[935.468s][info][gc,phases      ] GC(975) Post Compact 1.705ms
[935.468s][info][gc,heap        ] GC(975) PSYoungGen: 64K->0K(1047040K)
[935.468s][info][gc,heap        ] GC(975) ParOldGen: 270274K->6458K(2796544K)
[935.468s][info][gc,metaspace   ] GC(975) Metaspace: 25641K(26752K)->25641K(26752K) NonClass: 22367K(23040K)->22367K(23040K) Class: 3274K(3712K)->3274K(3712K)
[935.468s][info][gc             ] GC(975) Pause Full (System.gc()) 264M->6M(3753M) 11.797ms
[935.468s][info][gc,cpu         ] GC(975) User=0.02s Sys=0.00s Real=0.01s
[937.440s][info][gc,start       ] GC(976) Pause Young (Allocation Failure)
[937.441s][info][gc,heap        ] GC(976) PSYoungGen: 696320K->512K(1070592K)
[937.441s][info][gc,heap        ] GC(976) ParOldGen: 6458K->6458K(2796544K)
[937.441s][info][gc,metaspace   ] GC(976) Metaspace: 25641K(26752K)->25641K(26752K) NonClass: 22367K(23040K)->22367K(23040K) Class: 3274K(3712K)->3274K(3712K)
[937.441s][info][gc             ] GC(976) Pause Young (Allocation Failure) 686M->6M(3776M) 0.657ms
[937.441s][info][gc,cpu         ] GC(976) User=0.00s Sys=0.00s Real=0.00s
[937.560s][info][gc,start       ] GC(977) Pause Young (Allocation Failure)
[937.560s][info][gc,heap        ] GC(977) PSYoungGen: 731648K->544K(1058304K)
[937.560s][info][gc,heap        ] GC(977) ParOldGen: 6458K->6706K(2796544K)
[937.560s][info][gc,metaspace   ] GC(977) Metaspace: 25641K(26752K)->25641K(26752K) NonClass: 22367K(23040K)->22367K(23040K) Class: 3274K(3712K)->3274K(3712K)
[937.560s][info][gc             ] GC(977) Pause Young (Allocation Failure) 720M->7M(3764M) 0.732ms
[937.560s][info][gc,cpu         ] GC(977) User=0.00s Sys=0.00s Real=0.00s
[937.678s][info][gc,start       ] GC(978) Pause Young (Allocation Failure)
[937.678s][info][gc,heap        ] GC(978) PSYoungGen: 731680K->448K(1097728K)
[937.678s][info][gc,heap        ] GC(978) ParOldGen: 6706K->6818K(2796544K)
[937.678s][info][gc,metaspace   ] GC(978) Metaspace: 25641K(26752K)->25641K(26752K) NonClass: 22367K(23040K)->22367K(23040K) Class: 3274K(3712K)->3274K(3712K)
[937.678s][info][gc             ] GC(978) Pause Young (Allocation Failure) 721M->7M(3803M) 0.589ms
[937.678s][info][gc,cpu         ] GC(978) User=0.00s Sys=0.00s Real=0.00s
[937.808s][info][gc,start       ] GC(979) Pause Young (Allocation Failure)
[937.808s][info][gc,heap        ] GC(979) PSYoungGen: 784320K->480K(1083904K)
[937.808s][info][gc,heap        ] GC(979) ParOldGen: 6818K->6866K(2796544K)
[937.808s][info][gc,metaspace   ] GC(979) Metaspace: 25641K(26752K)->25641K(26752K) NonClass: 22367K(23040K)->22367K(23040K) Class: 3274K(3712K)->3274K(3712K)
[937.808s][info][gc             ] GC(979) Pause Young (Allocation Failure) 772M->7M(3789M) 0.663ms
[937.808s][info][gc,cpu         ] GC(979) User=0.00s Sys=0.00s Real=0.00s
[938.525s][info][gc,start       ] GC(980) Pause Young (Allocation Failure)
[938.674s][info][gc,heap        ] GC(980) PSYoungGen: 784352K->285682K(945152K)
[938.674s][info][gc,heap        ] GC(980) ParOldGen: 6866K->62850K(2796544K)
[938.674s][info][gc,metaspace   ] GC(980) Metaspace: 25641K(26752K)->25641K(26752K) NonClass: 22367K(23040K)->22367K(23040K) Class: 3274K(3712K)->3274K(3712K)
[938.674s][info][gc             ] GC(980) Pause Young (Allocation Failure) 772M->340M(3654M) 149.041ms
[938.674s][info][gc,cpu         ] GC(980) User=0.84s Sys=0.00s Real=0.14s
[942.639s][info][gc,start       ] GC(981) Pause Young (Allocation Failure)
[942.806s][info][gc,heap        ] GC(981) PSYoungGen: 945138K->146880K(1028608K)
[942.806s][info][gc,heap        ] GC(981) ParOldGen: 62850K->257421K(2796544K)
[942.806s][info][gc,metaspace   ] GC(981) Metaspace: 25641K(26752K)->25641K(26752K) NonClass: 22367K(23040K)->22367K(23040K) Class: 3274K(3712K)->3274K(3712K)
[942.806s][info][gc             ] GC(981) Pause Young (Allocation Failure) 984M->394M(3735M) 166.213ms
[942.806s][info][gc,cpu         ] GC(981) User=0.95s Sys=0.00s Real=0.17s
[943.188s][info][gc,start       ] GC(982) Pause Young (Allocation Failure)
[943.367s][info][gc,heap        ] GC(982) PSYoungGen: 806336K->272992K(951296K)
[943.367s][info][gc,heap        ] GC(982) ParOldGen: 257421K->401853K(2796544K)
[943.367s][info][gc,metaspace   ] GC(982) Metaspace: 25641K(26752K)->25641K(26752K) NonClass: 22367K(23040K)->22367K(23040K) Class: 3274K(3712K)->3274K(3712K)
[943.367s][info][gc             ] GC(982) Pause Young (Allocation Failure) 1038M->659M(3660M) 178.509ms
[943.367s][info][gc,cpu         ] GC(982) User=1.03s Sys=0.00s Real=0.19s
[944.182s][info][gc,start       ] GC(983) Pause Young (Allocation Failure)
[944.327s][info][gc,heap        ] GC(983) PSYoungGen: 859744K->31811K(992256K)
[944.327s][info][gc,heap        ] GC(983) ParOldGen: 401853K->642133K(2796544K)
[944.327s][info][gc,metaspace   ] GC(983) Metaspace: 25641K(26752K)->25641K(26752K) NonClass: 22367K(23040K)->22367K(23040K) Class: 3274K(3712K)->3274K(3712K)
[944.327s][info][gc             ] GC(983) Pause Young (Allocation Failure) 1232M->658M(3700M) 144.207ms
[944.327s][info][gc,cpu         ] GC(983) User=0.88s Sys=0.00s Real=0.16s
[945.142s][info][gc,start       ] GC(984) Pause Young (System.gc())
[945.154s][info][gc,heap        ] GC(984) PSYoungGen: 186406K->160K(1021440K)
[945.154s][info][gc,heap        ] GC(984) ParOldGen: 642133K->659005K(2796544K)
[945.154s][info][gc,metaspace   ] GC(984) Metaspace: 25659K(26752K)->25659K(26752K) NonClass: 22385K(23040K)->22385K(23040K) Class: 3274K(3712K)->3274K(3712K)
[945.154s][info][gc             ] GC(984) Pause Young (System.gc()) 809M->643M(3728M) 11.905ms
[945.154s][info][gc,cpu         ] GC(984) User=0.00s Sys=0.00s Real=0.00s
[945.154s][info][gc,start       ] GC(985) Pause Full (System.gc())
[945.154s][info][gc,phases,start] GC(985) Marking Phase
[945.159s][info][gc,phases      ] GC(985) Marking Phase 5.475ms
[945.159s][info][gc,phases,start] GC(985) Summary Phase
[945.159s][info][gc,phases      ] GC(985) Summary Phase 0.013ms
[945.160s][info][gc,phases,start] GC(985) Adjust Roots
[945.162s][info][gc,phases      ] GC(985) Adjust Roots 2.689ms
[945.162s][info][gc,phases,start] GC(985) Compaction Phase
[945.165s][info][gc,phases      ] GC(985) Compaction Phase 2.397ms
[945.165s][info][gc,phases,start] GC(985) Post Compact
[945.166s][info][gc,phases      ] GC(985) Post Compact 1.351ms
[945.166s][info][gc,heap        ] GC(985) PSYoungGen: 160K->0K(1021440K)
[945.166s][info][gc,heap        ] GC(985) ParOldGen: 659005K->6458K(2796544K)
[945.166s][info][gc,metaspace   ] GC(985) Metaspace: 25659K(26752K)->25659K(26752K) NonClass: 22385K(23040K)->22385K(23040K) Class: 3274K(3712K)->3274K(3712K)
[945.166s][info][gc             ] GC(985) Pause Full (System.gc()) 643M->6M(3728M) 12.198ms
[945.166s][info][gc,cpu         ] GC(985) User=0.00s Sys=0.00s Real=0.02s
[946.781s][info][gc,start       ] GC(986) Pause Young (Allocation Failure)
[946.782s][info][gc,heap        ] GC(986) PSYoungGen: 633344K->640K(1009664K)
[946.782s][info][gc,heap        ] GC(986) ParOldGen: 6458K->6458K(2796544K)
[946.782s][info][gc,metaspace   ] GC(986) Metaspace: 25666K(26752K)->25666K(26752K) NonClass: 22391K(23040K)->22391K(23040K) Class: 3274K(3712K)->3274K(3712K)
[946.782s][info][gc             ] GC(986) Pause Young (Allocation Failure) 624M->6M(3717M) 0.757ms
[946.782s][info][gc,cpu         ] GC(986) User=0.00s Sys=0.00s Real=0.00s
[946.882s][info][gc,start       ] GC(987) Pause Young (Allocation Failure)
[946.883s][info][gc,heap        ] GC(987) PSYoungGen: 633984K->480K(1049600K)
[946.883s][info][gc,heap        ] GC(987) ParOldGen: 6458K->6794K(2796544K)
[946.883s][info][gc,metaspace   ] GC(987) Metaspace: 25666K(26752K)->25666K(26752K) NonClass: 22391K(23040K)->22391K(23040K) Class: 3274K(3712K)->3274K(3712K)
[946.883s][info][gc             ] GC(987) Pause Young (Allocation Failure) 625M->7M(3756M) 0.718ms
[946.883s][info][gc,cpu         ] GC(987) User=0.00s Sys=0.00s Real=0.00s
[946.993s][info][gc,start       ] GC(988) Pause Young (Allocation Failure)
[946.994s][info][gc,heap        ] GC(988) PSYoungGen: 687584K->352K(1035264K)
[946.994s][info][gc,heap        ] GC(988) ParOldGen: 6794K->6874K(2796544K)
[946.994s][info][gc,metaspace   ] GC(988) Metaspace: 25666K(26752K)->25666K(26752K) NonClass: 22391K(23040K)->22391K(23040K) Class: 3274K(3712K)->3274K(3712K)
[946.994s][info][gc             ] GC(988) Pause Young (Allocation Failure) 678M->7M(3742M) 0.604ms
[946.994s][info][gc,cpu         ] GC(988) User=0.00s Sys=0.00s Real=0.02s
[947.107s][info][gc,start       ] GC(989) Pause Young (Allocation Failure)
[947.107s][info][gc,heap        ] GC(989) PSYoungGen: 687456K->384K(1080832K)
[947.107s][info][gc,heap        ] GC(989) ParOldGen: 6874K->6970K(2796544K)
[947.107s][info][gc,metaspace   ] GC(989) Metaspace: 25666K(26752K)->25666K(26752K) NonClass: 22391K(23040K)->22391K(23040K) Class: 3274K(3712K)->3274K(3712K)
[947.107s][info][gc             ] GC(989) Pause Young (Allocation Failure) 678M->7M(3786M) 0.526ms
[947.107s][info][gc,cpu         ] GC(989) User=0.00s Sys=0.00s Real=0.00s
[947.420s][info][gc,start       ] GC(990) Pause Young (Allocation Failure)
[947.468s][info][gc,heap        ] GC(990) PSYoungGen: 748416K->120338K(1064960K)
[947.468s][info][gc,heap        ] GC(990) ParOldGen: 6970K->7010K(2796544K)
[947.468s][info][gc,metaspace   ] GC(990) Metaspace: 25666K(26752K)->25666K(26752K) NonClass: 22391K(23040K)->22391K(23040K) Class: 3274K(3712K)->3274K(3712K)
[947.468s][info][gc             ] GC(990) Pause Young (Allocation Failure) 737M->124M(3771M) 47.932ms
[947.468s][info][gc,cpu         ] GC(990) User=0.09s Sys=0.00s Real=0.05s
[952.251s][info][gc,start       ] GC(991) Pause Young (Allocation Failure)
[952.254s][info][gc,heap        ] GC(991) PSYoungGen: 868370K->6912K(1098752K)
[952.254s][info][gc,heap        ] GC(991) ParOldGen: 7010K->7090K(2796544K)
[952.254s][info][gc,metaspace   ] GC(991) Metaspace: 25666K(26752K)->25666K(26752K) NonClass: 22391K(23040K)->22391K(23040K) Class: 3274K(3712K)->3274K(3712K)
[952.254s][info][gc             ] GC(991) Pause Young (Allocation Failure) 854M->13M(3804M) 3.545ms
[952.254s][info][gc,cpu         ] GC(991) User=0.02s Sys=0.00s Real=0.02s
[952.701s][info][gc,start       ] GC(992) Pause Young (Allocation Failure)
[952.839s][info][gc,heap        ] GC(992) PSYoungGen: 791808K->299008K(1083904K)
[952.839s][info][gc,heap        ] GC(992) ParOldGen: 7090K->41986K(2796544K)
[952.839s][info][gc,metaspace   ] GC(992) Metaspace: 25666K(26752K)->25666K(26752K) NonClass: 22391K(23040K)->22391K(23040K) Class: 3274K(3712K)->3274K(3712K)
[952.839s][info][gc             ] GC(992) Pause Young (Allocation Failure) 780M->333M(3789M) 138.401ms
[952.839s][info][gc,cpu         ] GC(992) User=0.67s Sys=0.00s Real=0.14s
[953.820s][info][gc,start       ] GC(993) Pause Young (Allocation Failure)
[953.991s][info][gc,heap        ] GC(993) PSYoungGen: 1083904K->86161K(1016320K)
[953.991s][info][gc,heap        ] GC(993) ParOldGen: 41986K->306650K(2796544K)
[953.991s][info][gc,metaspace   ] GC(993) Metaspace: 25666K(26752K)->25666K(26752K) NonClass: 22391K(23040K)->22391K(23040K) Class: 3274K(3712K)->3274K(3712K)
[953.991s][info][gc             ] GC(993) Pause Young (Allocation Failure) 1099M->383M(3723M) 171.579ms
[953.991s][info][gc,cpu         ] GC(993) User=0.84s Sys=0.02s Real=0.17s
[954.783s][info][gc,start       ] GC(994) Pause Young (System.gc())
[954.819s][info][gc,heap        ] GC(994) PSYoungGen: 206842K->64K(1050112K)
[954.819s][info][gc,heap        ] GC(994) ParOldGen: 306650K->384282K(2796544K)
[954.819s][info][gc,metaspace   ] GC(994) Metaspace: 25666K(26752K)->25666K(26752K) NonClass: 22391K(23040K)->22391K(23040K) Class: 3274K(3712K)->3274K(3712K)
[954.819s][info][gc             ] GC(994) Pause Young (System.gc()) 501M->375M(3756M) 36.431ms
[954.819s][info][gc,cpu         ] GC(994) User=0.12s Sys=0.00s Real=0.03s
[954.819s][info][gc,start       ] GC(995) Pause Full (System.gc())
[954.819s][info][gc,phases,start] GC(995) Marking Phase
[954.824s][info][gc,phases      ] GC(995) Marking Phase 5.028ms
[954.824s][info][gc,phases,start] GC(995) Summary Phase
[954.824s][info][gc,phases      ] GC(995) Summary Phase 0.011ms
[954.824s][info][gc,phases,start] GC(995) Adjust Roots
[954.827s][info][gc,phases      ] GC(995) Adjust Roots 2.693ms
[954.827s][info][gc,phases,start] GC(995) Compaction Phase
[954.829s][info][gc,phases      ] GC(995) Compaction Phase 2.164ms
[954.829s][info][gc,phases,start] GC(995) Post Compact
[954.831s][info][gc,phases      ] GC(995) Post Compact 1.851ms
[954.831s][info][gc,heap        ] GC(995) PSYoungGen: 64K->0K(1050112K)
[954.831s][info][gc,heap        ] GC(995) ParOldGen: 384282K->6459K(2796544K)
[954.831s][info][gc,metaspace   ] GC(995) Metaspace: 25666K(26752K)->25666K(26752K) NonClass: 22391K(23040K)->22391K(23040K) Class: 3274K(3712K)->3274K(3712K)
[954.831s][info][gc             ] GC(995) Pause Full (System.gc()) 375M->6M(3756M) 12.017ms
[954.831s][info][gc,cpu         ] GC(995) User=0.00s Sys=0.00s Real=0.02s
[956.443s][info][gc,start       ] GC(996) Pause Young (Allocation Failure)
[956.444s][info][gc,heap        ] GC(996) PSYoungGen: 702464K->672K(1074176K)
[956.444s][info][gc,heap        ] GC(996) ParOldGen: 6459K->6459K(2796544K)
[956.444s][info][gc,metaspace   ] GC(996) Metaspace: 25666K(26752K)->25666K(26752K) NonClass: 22391K(23040K)->22391K(23040K) Class: 3274K(3712K)->3274K(3712K)
[956.444s][info][gc             ] GC(996) Pause Young (Allocation Failure) 692M->6M(3780M) 0.726ms
[956.444s][info][gc,cpu         ] GC(996) User=0.00s Sys=0.00s Real=0.00s
[956.562s][info][gc,start       ] GC(997) Pause Young (Allocation Failure)
[956.562s][info][gc,heap        ] GC(997) PSYoungGen: 738464K->384K(1061376K)
[956.562s][info][gc,heap        ] GC(997) ParOldGen: 6459K->6795K(2796544K)
[956.562s][info][gc,metaspace   ] GC(997) Metaspace: 25666K(26752K)->25666K(26752K) NonClass: 22391K(23040K)->22391K(23040K) Class: 3274K(3712K)->3274K(3712K)
[956.562s][info][gc             ] GC(997) Pause Young (Allocation Failure) 727M->7M(3767M) 0.708ms
[956.562s][info][gc,cpu         ] GC(997) User=0.00s Sys=0.00s Real=0.00s
[956.684s][info][gc,start       ] GC(998) Pause Young (Allocation Failure)
[956.684s][info][gc,heap        ] GC(998) PSYoungGen: 738176K->352K(1101824K)
[956.684s][info][gc,heap        ] GC(998) ParOldGen: 6795K->6899K(2796544K)
[956.684s][info][gc,metaspace   ] GC(998) Metaspace: 25666K(26752K)->25666K(26752K) NonClass: 22391K(23040K)->22391K(23040K) Class: 3274K(3712K)->3274K(3712K)
[956.684s][info][gc             ] GC(998) Pause Young (Allocation Failure) 727M->7M(3807M) 0.535ms
[956.684s][info][gc,cpu         ] GC(998) User=0.00s Sys=0.00s Real=0.00s
[956.813s][info][gc,start       ] GC(999) Pause Young (Allocation Failure)
[956.814s][info][gc,heap        ] GC(999) PSYoungGen: 791904K->320K(1087488K)
[956.814s][info][gc,heap        ] GC(999) ParOldGen: 6899K->6947K(2796544K)
[956.814s][info][gc,metaspace   ] GC(999) Metaspace: 25666K(26752K)->25666K(26752K) NonClass: 22391K(23040K)->22391K(23040K) Class: 3274K(3712K)->3274K(3712K)
[956.814s][info][gc             ] GC(999) Pause Young (Allocation Failure) 780M->7M(3793M) 0.629ms
[956.814s][info][gc,cpu         ] GC(999) User=0.00s Sys=0.00s Real=0.00s
[957.545s][info][gc,start       ] GC(1000) Pause Young (Allocation Failure)
[957.701s][info][gc,heap        ] GC(1000) PSYoungGen: 791872K->281586K(941056K)
[957.701s][info][gc,heap        ] GC(1000) ParOldGen: 6947K->74723K(2796544K)
[957.701s][info][gc,metaspace   ] GC(1000) Metaspace: 25666K(26752K)->25666K(26752K) NonClass: 22391K(23040K)->22391K(23040K) Class: 3274K(3712K)->3274K(3712K)
[957.701s][info][gc             ] GC(1000) Pause Young (Allocation Failure) 780M->347M(3650M) 156.180ms
[957.701s][info][gc,cpu         ] GC(1000) User=0.86s Sys=0.00s Real=0.16s
[961.826s][info][gc,start       ] GC(1001) Pause Young (Allocation Failure)
[961.980s][info][gc,heap        ] GC(1001) PSYoungGen: 941042K->154368K(1028608K)
[961.980s][info][gc,heap        ] GC(1001) ParOldGen: 74723K->245957K(2796544K)
[961.980s][info][gc,metaspace   ] GC(1001) Metaspace: 25666K(26752K)->25666K(26752K) NonClass: 22391K(23040K)->22391K(23040K) Class: 3274K(3712K)->3274K(3712K)
[961.980s][info][gc             ] GC(1001) Pause Young (Allocation Failure) 991M->390M(3735M) 154.695ms
[961.980s][info][gc,cpu         ] GC(1001) User=0.80s Sys=0.00s Real=0.15s
[962.365s][info][gc,start       ] GC(1002) Pause Young (Allocation Failure)
[962.554s][info][gc,heap        ] GC(1002) PSYoungGen: 813824K->272960K(949248K)
[962.555s][info][gc,heap        ] GC(1002) ParOldGen: 245957K->397909K(2796544K)
[962.555s][info][gc,metaspace   ] GC(1002) Metaspace: 25666K(26752K)->25666K(26752K) NonClass: 22391K(23040K)->22391K(23040K) Class: 3274K(3712K)->3274K(3712K)
[962.555s][info][gc             ] GC(1002) Pause Young (Allocation Failure) 1034M->655M(3658M) 189.664ms
[962.555s][info][gc,cpu         ] GC(1002) User=1.06s Sys=0.00s Real=0.19s
[963.366s][info][gc,start       ] GC(1003) Pause Young (Allocation Failure)
[963.511s][info][gc,heap        ] GC(1003) PSYoungGen: 854592K->27107K(989696K)
[963.511s][info][gc,heap        ] GC(1003) ParOldGen: 397909K->637885K(2796544K)
[963.511s][info][gc,metaspace   ] GC(1003) Metaspace: 25666K(26752K)->25666K(26752K) NonClass: 22391K(23040K)->22391K(23040K) Class: 3274K(3712K)->3274K(3712K)
[963.511s][info][gc             ] GC(1003) Pause Young (Allocation Failure) 1223M->649M(3697M) 145.489ms
[963.511s][info][gc,cpu         ] GC(1003) User=0.80s Sys=0.00s Real=0.14s
[964.329s][info][gc,start       ] GC(1004) Pause Young (System.gc())
[964.338s][info][gc,heap        ] GC(1004) PSYoungGen: 172756K->128K(1018880K)
[964.339s][info][gc,heap        ] GC(1004) ParOldGen: 637885K->651229K(2796544K)
[964.339s][info][gc,metaspace   ] GC(1004) Metaspace: 25666K(26752K)->25666K(26752K) NonClass: 22391K(23040K)->22391K(23040K) Class: 3274K(3712K)->3274K(3712K)
[964.339s][info][gc             ] GC(1004) Pause Young (System.gc()) 791M->636M(3726M) 9.685ms
[964.339s][info][gc,cpu         ] GC(1004) User=0.02s Sys=0.00s Real=0.01s
[964.339s][info][gc,start       ] GC(1005) Pause Full (System.gc())
[964.339s][info][gc,phases,start] GC(1005) Marking Phase
[964.344s][info][gc,phases      ] GC(1005) Marking Phase 5.500ms
[964.344s][info][gc,phases,start] GC(1005) Summary Phase
[964.344s][info][gc,phases      ] GC(1005) Summary Phase 0.014ms
[964.344s][info][gc,phases,start] GC(1005) Adjust Roots
[964.347s][info][gc,phases      ] GC(1005) Adjust Roots 2.696ms
[964.347s][info][gc,phases,start] GC(1005) Compaction Phase
[964.349s][info][gc,phases      ] GC(1005) Compaction Phase 2.325ms
[964.349s][info][gc,phases,start] GC(1005) Post Compact
[964.351s][info][gc,phases      ] GC(1005) Post Compact 1.357ms
[964.351s][info][gc,heap        ] GC(1005) PSYoungGen: 128K->0K(1018880K)
[964.351s][info][gc,heap        ] GC(1005) ParOldGen: 651229K->6458K(2796544K)
[964.351s][info][gc,metaspace   ] GC(1005) Metaspace: 25666K(26752K)->25666K(26752K) NonClass: 22391K(23040K)->22391K(23040K) Class: 3274K(3712K)->3274K(3712K)
[964.351s][info][gc             ] GC(1005) Pause Full (System.gc()) 636M->6M(3726M) 12.180ms
[964.351s][info][gc,cpu         ] GC(1005) User=0.00s Sys=0.00s Real=0.00s
[965.929s][info][gc,start       ] GC(1006) Pause Young (Allocation Failure)
[965.930s][info][gc,heap        ] GC(1006) PSYoungGen: 627712K->576K(1006592K)
[965.930s][info][gc,heap        ] GC(1006) ParOldGen: 6458K->6458K(2796544K)
[965.930s][info][gc,metaspace   ] GC(1006) Metaspace: 25666K(26752K)->25666K(26752K) NonClass: 22391K(23040K)->22391K(23040K) Class: 3274K(3712K)->3274K(3712K)
[965.930s][info][gc             ] GC(1006) Pause Young (Allocation Failure) 619M->6M(3714M) 0.666ms
[965.930s][info][gc,cpu         ] GC(1006) User=0.00s Sys=0.00s Real=0.00s
[966.031s][info][gc,start       ] GC(1007) Pause Young (Allocation Failure)
[966.031s][info][gc,heap        ] GC(1007) PSYoungGen: 628288K->544K(1047552K)
[966.031s][info][gc,heap        ] GC(1007) ParOldGen: 6458K->6666K(2796544K)
[966.031s][info][gc,metaspace   ] GC(1007) Metaspace: 25666K(26752K)->25666K(26752K) NonClass: 22391K(23040K)->22391K(23040K) Class: 3274K(3712K)->3274K(3712K)
[966.031s][info][gc             ] GC(1007) Pause Young (Allocation Failure) 619M->7M(3754M) 0.649ms
[966.031s][info][gc,cpu         ] GC(1007) User=0.00s Sys=0.00s Real=0.00s
[966.142s][info][gc,start       ] GC(1008) Pause Young (Allocation Failure)
[966.143s][info][gc,heap        ] GC(1008) PSYoungGen: 683040K->448K(1032704K)
[966.143s][info][gc,heap        ] GC(1008) ParOldGen: 6666K->6898K(2796544K)
[966.143s][info][gc,metaspace   ] GC(1008) Metaspace: 25666K(26752K)->25666K(26752K) NonClass: 22391K(23040K)->22391K(23040K) Class: 3274K(3712K)->3274K(3712K)
[966.143s][info][gc             ] GC(1008) Pause Young (Allocation Failure) 673M->7M(3739M) 0.713ms
[966.143s][info][gc,cpu         ] GC(1008) User=0.02s Sys=0.00s Real=0.02s
[966.254s][info][gc,start       ] GC(1009) Pause Young (Allocation Failure)
[966.255s][info][gc,heap        ] GC(1009) PSYoungGen: 682944K->320K(1079296K)
[966.255s][info][gc,heap        ] GC(1009) ParOldGen: 6898K->6954K(2796544K)
[966.255s][info][gc,metaspace   ] GC(1009) Metaspace: 25666K(26752K)->25666K(26752K) NonClass: 22391K(23040K)->22391K(23040K) Class: 3274K(3712K)->3274K(3712K)
[966.255s][info][gc             ] GC(1009) Pause Young (Allocation Failure) 673M->7M(3785M) 0.603ms
[966.255s][info][gc,cpu         ] GC(1009) User=0.00s Sys=0.00s Real=0.00s
[966.539s][info][gc,start       ] GC(1010) Pause Young (Allocation Failure)
[966.581s][info][gc,heap        ] GC(1010) PSYoungGen: 745280K->105202K(1063424K)
[966.581s][info][gc,heap        ] GC(1010) ParOldGen: 6954K->6994K(2796544K)
[966.581s][info][gc,metaspace   ] GC(1010) Metaspace: 25666K(26752K)->25666K(26752K) NonClass: 22391K(23040K)->22391K(23040K) Class: 3274K(3712K)->3274K(3712K)
[966.581s][info][gc             ] GC(1010) Pause Young (Allocation Failure) 734M->109M(3769M) 41.858ms
[966.581s][info][gc,cpu         ] GC(1010) User=0.03s Sys=0.00s Real=0.03s
[968.985s][info][gc,start       ] GC(1011) Pause Young (Allocation Failure)
[968.986s][info][gc,heap        ] GC(1011) PSYoungGen: 850162K->704K(1101824K)
[968.986s][info][gc,heap        ] GC(1011) ParOldGen: 6994K->7114K(2796544K)
[968.986s][info][gc,metaspace   ] GC(1011) Metaspace: 25666K(26752K)->25666K(26752K) NonClass: 22391K(23040K)->22391K(23040K) Class: 3274K(3712K)->3274K(3712K)
[968.986s][info][gc             ] GC(1011) Pause Young (Allocation Failure) 837M->7M(3807M) 0.681ms
[968.986s][info][gc,cpu         ] GC(1011) User=0.00s Sys=0.00s Real=0.00s
[971.629s][info][gc,start       ] GC(1012) Pause Young (Allocation Failure)
[971.770s][info][gc,heap        ] GC(1012) PSYoungGen: 792768K->295936K(1088000K)
[971.770s][info][gc,heap        ] GC(1012) ParOldGen: 7114K->31138K(2796544K)
[971.770s][info][gc,metaspace   ] GC(1012) Metaspace: 25666K(26752K)->25666K(26752K) NonClass: 22391K(23040K)->22391K(23040K) Class: 3274K(3712K)->3274K(3712K)
[971.770s][info][gc             ] GC(1012) Pause Young (Allocation Failure) 781M->319M(3793M) 141.145ms
[971.770s][info][gc,cpu         ] GC(1012) User=0.77s Sys=0.00s Real=0.14s
[972.746s][info][gc,start       ] GC(1013) Pause Young (Allocation Failure)
[972.935s][info][gc,heap        ] GC(1013) PSYoungGen: 1088000K->102865K(1011200K)
[972.936s][info][gc,heap        ] GC(1013) ParOldGen: 31138K->298274K(2796544K)
[972.936s][info][gc,metaspace   ] GC(1013) Metaspace: 25666K(26752K)->25666K(26752K) NonClass: 22391K(23040K)->22391K(23040K) Class: 3274K(3712K)->3274K(3712K)
[972.936s][info][gc             ] GC(1013) Pause Young (Allocation Failure) 1092M->391M(3718M) 189.330ms
[972.936s][info][gc,cpu         ] GC(1013) User=1.20s Sys=0.00s Real=0.19s
[973.761s][info][gc,start       ] GC(1014) Pause Young (System.gc())
[973.764s][info][gc,heap        ] GC(1014) PSYoungGen: 250856K->64K(1049600K)
[973.764s][info][gc,heap        ] GC(1014) ParOldGen: 298274K->300538K(2796544K)
[973.764s][info][gc,metaspace   ] GC(1014) Metaspace: 25666K(26752K)->25666K(26752K) NonClass: 22391K(23040K)->22391K(23040K) Class: 3274K(3712K)->3274K(3712K)
[973.764s][info][gc             ] GC(1014) Pause Young (System.gc()) 536M->293M(3756M) 2.690ms
[973.764s][info][gc,cpu         ] GC(1014) User=0.00s Sys=0.00s Real=0.00s
[973.764s][info][gc,start       ] GC(1015) Pause Full (System.gc())
[973.764s][info][gc,phases,start] GC(1015) Marking Phase
[973.769s][info][gc,phases      ] GC(1015) Marking Phase 5.027ms
[973.769s][info][gc,phases,start] GC(1015) Summary Phase
[973.769s][info][gc,phases      ] GC(1015) Summary Phase 0.012ms
[973.769s][info][gc,phases,start] GC(1015) Adjust Roots
[973.772s][info][gc,phases      ] GC(1015) Adjust Roots 2.655ms
[973.772s][info][gc,phases,start] GC(1015) Compaction Phase
[973.774s][info][gc,phases      ] GC(1015) Compaction Phase 2.268ms
[973.774s][info][gc,phases,start] GC(1015) Post Compact
[973.776s][info][gc,phases      ] GC(1015) Post Compact 1.619ms
[973.776s][info][gc,heap        ] GC(1015) PSYoungGen: 64K->0K(1049600K)
[973.776s][info][gc,heap        ] GC(1015) ParOldGen: 300538K->6458K(2796544K)
[973.776s][info][gc,metaspace   ] GC(1015) Metaspace: 25666K(26752K)->25666K(26752K) NonClass: 22391K(23040K)->22391K(23040K) Class: 3274K(3712K)->3274K(3712K)
[973.776s][info][gc             ] GC(1015) Pause Full (System.gc()) 293M->6M(3756M) 11.877ms
[973.776s][info][gc,cpu         ] GC(1015) User=0.00s Sys=0.00s Real=0.02s
[975.377s][info][gc,start       ] GC(1016) Pause Young (Allocation Failure)
[975.378s][info][gc,heap        ] GC(1016) PSYoungGen: 701440K->544K(1074688K)
[975.378s][info][gc,heap        ] GC(1016) ParOldGen: 6458K->6458K(2796544K)
[975.378s][info][gc,metaspace   ] GC(1016) Metaspace: 25666K(26752K)->25666K(26752K) NonClass: 22391K(23040K)->22391K(23040K) Class: 3274K(3712K)->3274K(3712K)
[975.378s][info][gc             ] GC(1016) Pause Young (Allocation Failure) 691M->6M(3780M) 0.638ms
[975.378s][info][gc,cpu         ] GC(1016) User=0.00s Sys=0.00s Real=0.00s
[975.503s][info][gc,start       ] GC(1017) Pause Young (Allocation Failure)
[975.504s][info][gc,heap        ] GC(1017) PSYoungGen: 738848K->352K(1061376K)
[975.504s][info][gc,heap        ] GC(1017) ParOldGen: 6458K->6626K(2796544K)
[975.504s][info][gc,metaspace   ] GC(1017) Metaspace: 25666K(26752K)->25666K(26752K) NonClass: 22391K(23040K)->22391K(23040K) Class: 3274K(3712K)->3274K(3712K)
[975.504s][info][gc             ] GC(1017) Pause Young (Allocation Failure) 727M->6M(3767M) 0.657ms
[975.504s][info][gc,cpu         ] GC(1017) User=0.00s Sys=0.00s Real=0.00s
[975.626s][info][gc,start       ] GC(1018) Pause Young (Allocation Failure)
[975.626s][info][gc,heap        ] GC(1018) PSYoungGen: 738656K->512K(1102336K)
[975.626s][info][gc,heap        ] GC(1018) ParOldGen: 6626K->6674K(2796544K)
[975.626s][info][gc,metaspace   ] GC(1018) Metaspace: 25666K(26752K)->25666K(26752K) NonClass: 22391K(23040K)->22391K(23040K) Class: 3274K(3712K)->3274K(3712K)
[975.626s][info][gc             ] GC(1018) Pause Young (Allocation Failure) 727M->7M(3807M) 0.667ms
[975.626s][info][gc,cpu         ] GC(1018) User=0.00s Sys=0.00s Real=0.00s
[975.754s][info][gc,start       ] GC(1019) Pause Young (Allocation Failure)
[975.755s][info][gc,heap        ] GC(1019) PSYoungGen: 793088K->416K(1088000K)
[975.755s][info][gc,heap        ] GC(1019) ParOldGen: 6674K->6794K(2796544K)
[975.755s][info][gc,metaspace   ] GC(1019) Metaspace: 25666K(26752K)->25666K(26752K) NonClass: 22391K(23040K)->22391K(23040K) Class: 3274K(3712K)->3274K(3712K)
[975.755s][info][gc             ] GC(1019) Pause Young (Allocation Failure) 781M->7M(3793M) 0.612ms
[975.755s][info][gc,cpu         ] GC(1019) User=0.00s Sys=0.00s Real=0.00s
[976.530s][info][gc,start       ] GC(1020) Pause Young (Allocation Failure)
[976.701s][info][gc,heap        ] GC(1020) PSYoungGen: 792992K->281074K(925184K)
[976.701s][info][gc,heap        ] GC(1020) ParOldGen: 6794K->97698K(2796544K)
[976.701s][info][gc,metaspace   ] GC(1020) Metaspace: 25666K(26752K)->25666K(26752K) NonClass: 22391K(23040K)->22391K(23040K) Class: 3274K(3712K)->3274K(3712K)
[976.701s][info][gc             ] GC(1020) Pause Young (Allocation Failure) 781M->369M(3634M) 171.031ms
[976.701s][info][gc,cpu         ] GC(1020) User=0.94s Sys=0.00s Real=0.17s
[982.399s][info][gc,start       ] GC(1021) Pause Young (Allocation Failure)
[982.577s][info][gc,heap        ] GC(1021) PSYoungGen: 925170K->163136K(807424K)
[982.577s][info][gc,heap        ] GC(1021) ParOldGen: 97698K->291805K(2796544K)
[982.577s][info][gc,metaspace   ] GC(1021) Metaspace: 25666K(26752K)->25666K(26752K) NonClass: 22391K(23040K)->22391K(23040K) Class: 3274K(3712K)->3274K(3712K)
[982.577s][info][gc             ] GC(1021) Pause Young (Allocation Failure) 998M->444M(3519M) 178.652ms
[982.577s][info][gc,cpu         ] GC(1021) User=1.03s Sys=0.00s Real=0.17s
[982.949s][info][gc,start       ] GC(1022) Pause Young (Allocation Failure)
[983.139s][info][gc,heap        ] GC(1022) PSYoungGen: 807232K->266752K(947712K)
[983.139s][info][gc,heap        ] GC(1022) ParOldGen: 291805K->452605K(2796544K)
[983.139s][info][gc,metaspace   ] GC(1022) Metaspace: 25666K(26752K)->25666K(26752K) NonClass: 22391K(23040K)->22391K(23040K) Class: 3274K(3712K)->3274K(3712K)
[983.139s][info][gc             ] GC(1022) Pause Young (Allocation Failure) 1073M->702M(3656M) 189.776ms
[983.139s][info][gc,cpu         ] GC(1022) User=1.11s Sys=0.00s Real=0.18s
[983.932s][info][gc,start       ] GC(1023) Pause Young (Allocation Failure)
[984.081s][info][gc,heap        ] GC(1023) PSYoungGen: 837120K->42229K(984064K)
[984.081s][info][gc,heap        ] GC(1023) ParOldGen: 452605K->689429K(2796544K)
[984.081s][info][gc,metaspace   ] GC(1023) Metaspace: 25666K(26752K)->25666K(26752K) NonClass: 22391K(23040K)->22391K(23040K) Class: 3274K(3712K)->3274K(3712K)
[984.081s][info][gc             ] GC(1023) Pause Young (Allocation Failure) 1259M->714M(3692M) 149.316ms
[984.081s][info][gc,cpu         ] GC(1023) User=0.84s Sys=0.00s Real=0.14s
[984.939s][info][gc,heap,exit   ] Heap
[984.939s][info][gc,heap,exit   ]  PSYoungGen      total 984064K, used 228767K [0x00000007aab00000, 0x0000000800000000, 0x0000000800000000)
[984.939s][info][gc,heap,exit   ]   eden space 570368K, 32% used [0x00000007aab00000,0x00000007b612a9a8,0x00000007cd800000)
[984.939s][info][gc,heap,exit   ]   from space 413696K, 10% used [0x00000007cd800000,0x00000007d013d470,0x00000007e6c00000)
[984.939s][info][gc,heap,exit   ]   to   space 394240K, 0% used [0x00000007e7f00000,0x00000007e7f00000,0x0000000800000000)
[984.939s][info][gc,heap,exit   ]  ParOldGen       total 2796544K, used 689429K [0x0000000700000000, 0x00000007aab00000, 0x00000007aab00000)
[984.939s][info][gc,heap,exit   ]   object space 2796544K, 24% used [0x0000000700000000,0x000000072a145750,0x00000007aab00000)
[984.939s][info][gc,heap,exit   ]  Metaspace       used 25774K, capacity 26495K, committed 26752K, reserved 1073152K
[984.939s][info][gc,heap,exit   ]   class space    used 3297K, capacity 3626K, committed 3712K, reserved 1048576K
