[0.009s][info][gc] Using Parallel
[0.027s][info][gc,init] Version: 17.0.12+7-adhoc..jdk17u (release)
[0.027s][info][gc,init] CPUs: 6 total, 6 available
[0.027s][info][gc,init] Memory: 15591M
[0.027s][info][gc,init] Large Page Support: Disabled
[0.027s][info][gc,init] NUMA Support: Disabled
[0.027s][info][gc,init] Compressed Oops: Enabled (Zero based)
[0.027s][info][gc,init] Alignments: Space 512K, Generation 512K, Heap 2M
[0.027s][info][gc,init] Heap Min Capacity: 8G
[0.027s][info][gc,init] Heap Initial Capacity: 8G
[0.027s][info][gc,init] Heap Max Capacity: 8G
[0.027s][info][gc,init] Pre-touch: Disabled
[0.027s][info][gc,init] Parallel Workers: 6
[0.038s][info][gc,metaspace] CDS archive(s) mapped at: [0x000001f86e000000-0x000001f86ebc0000-0x000001f86ebc0000), size 12320768, SharedBaseAddress: 0x000001f86e000000, ArchiveRelocationMode: 1.
[0.038s][info][gc,metaspace] Compressed class space mapped at: 0x000001f86f000000-0x000001f8af000000, reserved size: 1073741824
[0.038s][info][gc,metaspace] Narrow klass base: 0x000001f86e000000, Narrow klass shift: 0, Narrow klass range: 0x100000000
[1.059s][info][gc,start    ] GC(0) Pause Young (System.gc())
[1.063s][info][gc,heap     ] GC(0) PSYoungGen: 167813K(2446848K)->4967K(2446848K) Eden: 167813K(2097664K)->0K(2097664K) From: 0K(349184K)->4967K(349184K)
[1.063s][info][gc,heap     ] GC(0) ParOldGen: 0K(5592576K)->16K(5592576K)
[1.063s][info][gc,metaspace] GC(0) Metaspace: 14357K(14592K)->14357K(14592K) NonClass: 12283K(12416K)->12283K(12416K) Class: 2074K(2176K)->2074K(2176K)
[1.063s][info][gc          ] GC(0) Pause Young (System.gc()) 163M->4M(7851M) 3.749ms
[1.063s][info][gc,cpu      ] GC(0) User=0.00s Sys=0.00s Real=0.02s
[1.063s][info][gc,start    ] GC(1) Pause Full (System.gc())
[1.063s][info][gc,phases,start] GC(1) Marking Phase
[1.065s][info][gc,phases      ] GC(1) Marking Phase 2.553ms
[1.065s][info][gc,phases,start] GC(1) Summary Phase
[1.065s][info][gc,phases      ] GC(1) Summary Phase 0.027ms
[1.065s][info][gc,phases,start] GC(1) Adjust Roots
[1.067s][info][gc,phases      ] GC(1) Adjust Roots 1.304ms
[1.067s][info][gc,phases,start] GC(1) Compaction Phase
[1.069s][info][gc,phases      ] GC(1) Compaction Phase 2.569ms
[1.069s][info][gc,phases,start] GC(1) Post Compact
[1.070s][info][gc,phases      ] GC(1) Post Compact 1.042ms
[1.070s][info][gc,heap        ] GC(1) PSYoungGen: 4967K(2446848K)->0K(2446848K) Eden: 0K(2097664K)->0K(2097664K) From: 4967K(349184K)->0K(349184K)
[1.070s][info][gc,heap        ] GC(1) ParOldGen: 16K(5592576K)->4868K(5592576K)
[1.070s][info][gc,metaspace   ] GC(1) Metaspace: 14357K(14592K)->14357K(14592K) NonClass: 12283K(12416K)->12283K(12416K) Class: 2074K(2176K)->2074K(2176K)
[1.070s][info][gc             ] GC(1) Pause Full (System.gc()) 4M->4M(7851M) 7.726ms
[1.071s][info][gc,cpu         ] GC(1) User=0.02s Sys=0.08s Real=0.00s
[3.708s][info][gc,start       ] GC(2) Pause Young (Allocation Failure)
[3.709s][info][gc,heap        ] GC(2) PSYoungGen: 2097664K(2446848K)->704K(2446848K) Eden: 2097664K(2097664K)->0K(2097664K) From: 0K(349184K)->704K(349184K)
[3.709s][info][gc,heap        ] GC(2) ParOldGen: 4868K(5592576K)->4876K(5592576K)
[3.709s][info][gc,metaspace   ] GC(2) Metaspace: 16000K(16256K)->16000K(16256K) NonClass: 13706K(13824K)->13706K(13824K) Class: 2294K(2432K)->2294K(2432K)
[3.709s][info][gc             ] GC(2) Pause Young (Allocation Failure) 2053M->5M(7851M) 1.307ms
[3.709s][info][gc,cpu         ] GC(2) User=0.06s Sys=0.02s Real=0.00s
[7.187s][info][gc,start       ] GC(3) Pause Young (Allocation Failure)
[7.234s][info][gc,heap        ] GC(3) PSYoungGen: 2098368K(2446848K)->87600K(2446848K) Eden: 2097664K(2097664K)->0K(2097664K) From: 704K(349184K)->87600K(349184K)
[7.234s][info][gc,heap        ] GC(3) ParOldGen: 4876K(5592576K)->4884K(5592576K)
[7.234s][info][gc,metaspace   ] GC(3) Metaspace: 16340K(16640K)->16340K(16640K) NonClass: 13993K(14144K)->13993K(14144K) Class: 2347K(2496K)->2347K(2496K)
[7.234s][info][gc             ] GC(3) Pause Young (Allocation Failure) 2053M->90M(7851M) 46.545ms
[7.234s][info][gc,cpu         ] GC(3) User=0.16s Sys=0.12s Real=0.05s
[9.306s][info][gc,start       ] GC(4) Pause Young (System.gc())
[9.307s][info][gc,heap        ] GC(4) PSYoungGen: 1664673K(2446848K)->528K(2446848K) Eden: 1577073K(2097664K)->0K(2097664K) From: 87600K(349184K)->528K(349184K)
[9.307s][info][gc,heap        ] GC(4) ParOldGen: 4884K(5592576K)->4892K(5592576K)
[9.307s][info][gc,metaspace   ] GC(4) Metaspace: 16465K(16768K)->16465K(16768K) NonClass: 14090K(14272K)->14090K(14272K) Class: 2374K(2496K)->2374K(2496K)
[9.307s][info][gc             ] GC(4) Pause Young (System.gc()) 1630M->5M(7851M) 1.068ms
[9.307s][info][gc,cpu         ] GC(4) User=0.00s Sys=0.00s Real=0.00s
[9.307s][info][gc,start       ] GC(5) Pause Full (System.gc())
[9.307s][info][gc,phases,start] GC(5) Marking Phase
[9.314s][info][gc,phases      ] GC(5) Marking Phase 6.633ms
[9.314s][info][gc,phases,start] GC(5) Summary Phase
[9.314s][info][gc,phases      ] GC(5) Summary Phase 0.010ms
[9.314s][info][gc,phases,start] GC(5) Adjust Roots
[9.317s][info][gc,phases      ] GC(5) Adjust Roots 2.893ms
[9.317s][info][gc,phases,start] GC(5) Compaction Phase
[9.321s][info][gc,phases      ] GC(5) Compaction Phase 4.385ms
[9.321s][info][gc,phases,start] GC(5) Post Compact
[9.322s][info][gc,phases      ] GC(5) Post Compact 0.740ms
[9.322s][info][gc,heap        ] GC(5) PSYoungGen: 528K(2446848K)->0K(2446848K) Eden: 0K(2097664K)->0K(2097664K) From: 528K(349184K)->0K(349184K)
[9.322s][info][gc,heap        ] GC(5) ParOldGen: 4892K(5592576K)->5229K(5592576K)
[9.322s][info][gc,metaspace   ] GC(5) Metaspace: 16465K(16768K)->16378K(16768K) NonClass: 14090K(14272K)->14029K(14272K) Class: 2374K(2496K)->2349K(2496K)
[9.322s][info][gc             ] GC(5) Pause Full (System.gc()) 5M->5M(7851M) 14.908ms
[9.322s][info][gc,cpu         ] GC(5) User=0.08s Sys=0.02s Real=0.03s
[11.467s][info][gc,start       ] GC(6) Pause Young (Allocation Failure)
[11.467s][info][gc,heap        ] GC(6) PSYoungGen: 2097664K(2446848K)->352K(2446848K) Eden: 2097664K(2097664K)->0K(2097664K) From: 0K(349184K)->352K(349184K)
[11.467s][info][gc,heap        ] GC(6) ParOldGen: 5229K(5592576K)->5229K(5592576K)
[11.467s][info][gc,metaspace   ] GC(6) Metaspace: 16379K(16768K)->16379K(16768K) NonClass: 14030K(14272K)->14030K(14272K) Class: 2349K(2496K)->2349K(2496K)
[11.467s][info][gc             ] GC(6) Pause Young (Allocation Failure) 2053M->5M(7851M) 0.540ms
[11.467s][info][gc,cpu         ] GC(6) User=0.00s Sys=0.00s Real=0.00s
[14.963s][info][gc,start       ] GC(7) Pause Young (Allocation Failure)
[15.052s][info][gc,heap        ] GC(7) PSYoungGen: 2098016K(2446848K)->173984K(2446848K) Eden: 2097664K(2097664K)->0K(2097664K) From: 352K(349184K)->173984K(349184K)
[15.052s][info][gc,heap        ] GC(7) ParOldGen: 5229K(5592576K)->5229K(5592576K)
[15.052s][info][gc,metaspace   ] GC(7) Metaspace: 16381K(16768K)->16381K(16768K) NonClass: 14032K(14272K)->14032K(14272K) Class: 2349K(2496K)->2349K(2496K)
[15.052s][info][gc             ] GC(7) Pause Young (Allocation Failure) 2053M->175M(7851M) 88.891ms
[15.052s][info][gc,cpu         ] GC(7) User=0.41s Sys=0.06s Real=0.10s
[16.979s][info][gc,start       ] GC(8) Pause Young (System.gc())
[16.980s][info][gc,heap        ] GC(8) PSYoungGen: 1468092K(2446848K)->288K(2446848K) Eden: 1294108K(2097664K)->0K(2097664K) From: 173984K(349184K)->288K(349184K)
[16.980s][info][gc,heap        ] GC(8) ParOldGen: 5229K(5592576K)->5229K(5592576K)
[16.980s][info][gc,metaspace   ] GC(8) Metaspace: 16381K(16768K)->16381K(16768K) NonClass: 14032K(14272K)->14032K(14272K) Class: 2349K(2496K)->2349K(2496K)
[16.980s][info][gc             ] GC(8) Pause Young (System.gc()) 1438M->5M(7851M) 0.539ms
[16.980s][info][gc,cpu         ] GC(8) User=0.00s Sys=0.00s Real=0.00s
[16.980s][info][gc,start       ] GC(9) Pause Full (System.gc())
[16.980s][info][gc,phases,start] GC(9) Marking Phase
[16.985s][info][gc,phases      ] GC(9) Marking Phase 4.717ms
[16.985s][info][gc,phases,start] GC(9) Summary Phase
[16.985s][info][gc,phases      ] GC(9) Summary Phase 0.010ms
[16.985s][info][gc,phases,start] GC(9) Adjust Roots
[16.987s][info][gc,phases      ] GC(9) Adjust Roots 2.447ms
[16.987s][info][gc,phases,start] GC(9) Compaction Phase
[16.990s][info][gc,phases      ] GC(9) Compaction Phase 2.191ms
[16.990s][info][gc,phases,start] GC(9) Post Compact
[16.990s][info][gc,phases      ] GC(9) Post Compact 0.403ms
[16.990s][info][gc,heap        ] GC(9) PSYoungGen: 288K(2446848K)->0K(2446848K) Eden: 0K(2097664K)->0K(2097664K) From: 288K(349184K)->0K(349184K)
[16.990s][info][gc,heap        ] GC(9) ParOldGen: 5229K(5592576K)->5351K(5592576K)
[16.990s][info][gc,metaspace   ] GC(9) Metaspace: 16381K(16768K)->16381K(16768K) NonClass: 14032K(14272K)->14032K(14272K) Class: 2349K(2496K)->2349K(2496K)
[16.990s][info][gc             ] GC(9) Pause Full (System.gc()) 5M->5M(7851M) 10.067ms
[16.990s][info][gc,cpu         ] GC(9) User=0.03s Sys=0.00s Real=0.01s
[18.975s][info][gc,start       ] GC(10) Pause Young (Allocation Failure)
[18.976s][info][gc,heap        ] GC(10) PSYoungGen: 2097664K(2446848K)->352K(2652160K) Eden: 2097664K(2097664K)->0K(2302976K) From: 0K(349184K)->352K(349184K)
[18.976s][info][gc,heap        ] GC(10) ParOldGen: 5351K(5592576K)->5351K(5592576K)
[18.976s][info][gc,metaspace   ] GC(10) Metaspace: 16382K(16768K)->16382K(16768K) NonClass: 14033K(14272K)->14033K(14272K) Class: 2349K(2496K)->2349K(2496K)
[18.976s][info][gc             ] GC(10) Pause Young (Allocation Failure) 2053M->5M(8051M) 0.486ms
[18.976s][info][gc,cpu         ] GC(10) User=0.00s Sys=0.00s Real=0.00s
[22.851s][info][gc,start       ] GC(11) Pause Young (Allocation Failure)
[23.030s][info][gc,heap        ] GC(11) PSYoungGen: 2303328K(2652160K)->143840K(2446848K) Eden: 2302976K(2302976K)->0K(2302976K) From: 352K(349184K)->143840K(143872K)
[23.030s][info][gc,heap        ] GC(11) ParOldGen: 5351K(5592576K)->128639K(5592576K)
[23.030s][info][gc,metaspace   ] GC(11) Metaspace: 16383K(16768K)->16383K(16768K) NonClass: 14033K(14272K)->14033K(14272K) Class: 2349K(2496K)->2349K(2496K)
[23.030s][info][gc             ] GC(11) Pause Young (Allocation Failure) 2254M->266M(7851M) 178.842ms
[23.030s][info][gc,cpu         ] GC(11) User=0.78s Sys=0.19s Real=0.18s
[24.870s][info][gc,start       ] GC(12) Pause Young (System.gc())
[24.929s][info][gc,heap        ] GC(12) PSYoungGen: 1208767K(2446848K)->112896K(2562560K) Eden: 1064927K(2302976K)->0K(2336256K) From: 143840K(143872K)->112896K(226304K)
[24.929s][info][gc,heap        ] GC(12) ParOldGen: 128639K(5592576K)->128639K(5592576K)
[24.929s][info][gc,metaspace   ] GC(12) Metaspace: 16383K(16768K)->16383K(16768K) NonClass: 14033K(14272K)->14033K(14272K) Class: 2349K(2496K)->2349K(2496K)
[24.929s][info][gc             ] GC(12) Pause Young (System.gc()) 1306M->235M(7964M) 59.018ms
[24.929s][info][gc,cpu         ] GC(12) User=0.27s Sys=0.00s Real=0.06s
[24.929s][info][gc,start       ] GC(13) Pause Full (System.gc())
[24.929s][info][gc,phases,start] GC(13) Marking Phase
[24.934s][info][gc,phases      ] GC(13) Marking Phase 4.790ms
[24.934s][info][gc,phases,start] GC(13) Summary Phase
[24.934s][info][gc,phases      ] GC(13) Summary Phase 0.028ms
[24.934s][info][gc,phases,start] GC(13) Adjust Roots
[24.937s][info][gc,phases      ] GC(13) Adjust Roots 2.822ms
[24.937s][info][gc,phases,start] GC(13) Compaction Phase
[24.940s][info][gc,phases      ] GC(13) Compaction Phase 3.168ms
[24.940s][info][gc,phases,start] GC(13) Post Compact
[24.943s][info][gc,phases      ] GC(13) Post Compact 3.023ms
[24.943s][info][gc,heap        ] GC(13) PSYoungGen: 112896K(2562560K)->0K(2562560K) Eden: 0K(2336256K)->0K(2336256K) From: 112896K(226304K)->0K(226304K)
[24.943s][info][gc,heap        ] GC(13) ParOldGen: 128639K(5592576K)->5483K(5592576K)
[24.943s][info][gc,metaspace   ] GC(13) Metaspace: 16383K(16768K)->16383K(16768K) NonClass: 14033K(14272K)->14033K(14272K) Class: 2349K(2496K)->2349K(2496K)
[24.943s][info][gc             ] GC(13) Pause Full (System.gc()) 235M->5M(7964M) 14.100ms
[24.943s][info][gc,cpu         ] GC(13) User=0.00s Sys=0.00s Real=0.01s
[26.933s][info][gc,start       ] GC(14) Pause Young (Allocation Failure)
[26.933s][info][gc,heap        ] GC(14) PSYoungGen: 2336256K(2562560K)->384K(2566144K) Eden: 2336256K(2336256K)->0K(2336256K) From: 0K(226304K)->384K(229888K)
[26.933s][info][gc,heap        ] GC(14) ParOldGen: 5483K(5592576K)->5483K(5592576K)
[26.933s][info][gc,metaspace   ] GC(14) Metaspace: 16385K(16768K)->16385K(16768K) NonClass: 14036K(14272K)->14036K(14272K) Class: 2349K(2496K)->2349K(2496K)
[26.933s][info][gc             ] GC(14) Pause Young (Allocation Failure) 2286M->5M(7967M) 0.499ms
[26.933s][info][gc,cpu         ] GC(14) User=0.00s Sys=0.00s Real=0.00s
[30.601s][info][gc,start       ] GC(15) Pause Young (Allocation Failure)
[30.817s][info][gc,heap        ] GC(15) PSYoungGen: 2336640K(2566144K)->224256K(2373120K) Eden: 2336256K(2336256K)->0K(2148864K) From: 384K(229888K)->224256K(224256K)
[30.817s][info][gc,heap        ] GC(15) ParOldGen: 5483K(5592576K)->152435K(5592576K)
[30.817s][info][gc,metaspace   ] GC(15) Metaspace: 16395K(16768K)->16395K(16768K) NonClass: 14046K(14272K)->14046K(14272K) Class: 2349K(2496K)->2349K(2496K)
[30.817s][info][gc             ] GC(15) Pause Young (Allocation Failure) 2287M->367M(7779M) 216.604ms
[30.817s][info][gc,cpu         ] GC(15) User=1.05s Sys=0.08s Real=0.22s
[32.522s][info][gc,start       ] GC(16) Pause Young (System.gc())
[32.596s][info][gc,heap        ] GC(16) PSYoungGen: 1064274K(2373120K)->172416K(2321408K) Eden: 840018K(2148864K)->0K(2148864K) From: 224256K(224256K)->172416K(172544K)
[32.596s][info][gc,heap        ] GC(16) ParOldGen: 152435K(5592576K)->152451K(5592576K)
[32.596s][info][gc,metaspace   ] GC(16) Metaspace: 16396K(16768K)->16396K(16768K) NonClass: 14046K(14272K)->14046K(14272K) Class: 2349K(2496K)->2349K(2496K)
[32.596s][info][gc             ] GC(16) Pause Young (System.gc()) 1188M->317M(7728M) 73.770ms
[32.596s][info][gc,cpu         ] GC(16) User=0.38s Sys=0.00s Real=0.07s
[32.596s][info][gc,start       ] GC(17) Pause Full (System.gc())
[32.596s][info][gc,phases,start] GC(17) Marking Phase
[32.600s][info][gc,phases      ] GC(17) Marking Phase 4.566ms
[32.600s][info][gc,phases,start] GC(17) Summary Phase
[32.600s][info][gc,phases      ] GC(17) Summary Phase 0.023ms
[32.600s][info][gc,phases,start] GC(17) Adjust Roots
[32.603s][info][gc,phases      ] GC(17) Adjust Roots 2.759ms
[32.603s][info][gc,phases,start] GC(17) Compaction Phase
[32.606s][info][gc,phases      ] GC(17) Compaction Phase 2.800ms
[32.606s][info][gc,phases,start] GC(17) Post Compact
[32.609s][info][gc,phases      ] GC(17) Post Compact 3.213ms
[32.609s][info][gc,heap        ] GC(17) PSYoungGen: 172416K(2321408K)->0K(2321408K) Eden: 0K(2148864K)->0K(2148864K) From: 172416K(172544K)->0K(172544K)
[32.609s][info][gc,heap        ] GC(17) ParOldGen: 152451K(5592576K)->5484K(5592576K)
[32.609s][info][gc,metaspace   ] GC(17) Metaspace: 16396K(16768K)->16396K(16768K) NonClass: 14046K(14272K)->14046K(14272K) Class: 2349K(2496K)->2349K(2496K)
[32.609s][info][gc             ] GC(17) Pause Full (System.gc()) 317M->5M(7728M) 13.610ms
[32.609s][info][gc,cpu         ] GC(17) User=0.00s Sys=0.02s Real=0.01s
[34.504s][info][gc,start       ] GC(18) Pause Young (Allocation Failure)
[34.505s][info][gc,heap        ] GC(18) PSYoungGen: 2148864K(2321408K)->384K(2471936K) Eden: 2148864K(2148864K)->0K(2141184K) From: 0K(172544K)->384K(330752K)
[34.505s][info][gc,heap        ] GC(18) ParOldGen: 5484K(5592576K)->5484K(5592576K)
[34.505s][info][gc,metaspace   ] GC(18) Metaspace: 16402K(16832K)->16402K(16832K) NonClass: 14053K(14336K)->14053K(14336K) Class: 2349K(2496K)->2349K(2496K)
[34.505s][info][gc             ] GC(18) Pause Young (Allocation Failure) 2103M->5M(7875M) 0.528ms
[34.505s][info][gc,cpu         ] GC(18) User=0.00s Sys=0.00s Real=0.00s
[38.355s][info][gc,start       ] GC(19) Pause Young (Allocation Failure)
[38.451s][info][gc,heap        ] GC(19) PSYoungGen: 2141568K(2471936K)->213344K(2354688K) Eden: 2141184K(2141184K)->0K(2141184K) From: 384K(330752K)->213344K(213504K)
[38.452s][info][gc,heap        ] GC(19) ParOldGen: 5484K(5592576K)->5524K(5592576K)
[38.452s][info][gc,metaspace   ] GC(19) Metaspace: 16405K(16832K)->16405K(16832K) NonClass: 14056K(14336K)->14056K(14336K) Class: 2349K(2496K)->2349K(2496K)
[38.452s][info][gc             ] GC(19) Pause Young (Allocation Failure) 2096M->213M(7761M) 96.324ms
[38.452s][info][gc,cpu         ] GC(19) User=0.56s Sys=0.00s Real=0.10s
[40.335s][info][gc,start       ] GC(20) Pause Young (System.gc())
[40.335s][info][gc,heap        ] GC(20) PSYoungGen: 1420341K(2354688K)->160K(2456576K) Eden: 1206997K(2141184K)->0K(2109952K) From: 213344K(213504K)->160K(346624K)
[40.335s][info][gc,heap        ] GC(20) ParOldGen: 5524K(5592576K)->5572K(5592576K)
[40.335s][info][gc,metaspace   ] GC(20) Metaspace: 16406K(16832K)->16406K(16832K) NonClass: 14057K(14336K)->14057K(14336K) Class: 2349K(2496K)->2349K(2496K)
[40.335s][info][gc             ] GC(20) Pause Young (System.gc()) 1392M->5M(7860M) 0.303ms
[40.335s][info][gc,cpu         ] GC(20) User=0.00s Sys=0.00s Real=0.00s
[40.335s][info][gc,start       ] GC(21) Pause Full (System.gc())
[40.335s][info][gc,phases,start] GC(21) Marking Phase
[40.340s][info][gc,phases      ] GC(21) Marking Phase 4.678ms
[40.340s][info][gc,phases,start] GC(21) Summary Phase
[40.340s][info][gc,phases      ] GC(21) Summary Phase 0.009ms
[40.340s][info][gc,phases,start] GC(21) Adjust Roots
[40.343s][info][gc,phases      ] GC(21) Adjust Roots 3.290ms
[40.343s][info][gc,phases,start] GC(21) Compaction Phase
[40.346s][info][gc,phases      ] GC(21) Compaction Phase 3.311ms
[40.347s][info][gc,phases,start] GC(21) Post Compact
[40.347s][info][gc,phases      ] GC(21) Post Compact 0.400ms
[40.347s][info][gc,heap        ] GC(21) PSYoungGen: 160K(2456576K)->0K(2456576K) Eden: 0K(2109952K)->0K(2109952K) From: 160K(346624K)->0K(346624K)
[40.347s][info][gc,heap        ] GC(21) ParOldGen: 5572K(5592576K)->5485K(5592576K)
[40.347s][info][gc,metaspace   ] GC(21) Metaspace: 16406K(16832K)->16406K(16832K) NonClass: 14057K(14336K)->14057K(14336K) Class: 2349K(2496K)->2349K(2496K)
[40.347s][info][gc             ] GC(21) Pause Full (System.gc()) 5M->5M(7860M) 11.848ms
[40.347s][info][gc,cpu         ] GC(21) User=0.00s Sys=0.00s Real=0.01s
[42.295s][info][gc,start       ] GC(22) Pause Young (Allocation Failure)
[42.295s][info][gc,heap        ] GC(22) PSYoungGen: 2109952K(2456576K)->352K(2449408K) Eden: 2109952K(2109952K)->0K(2109952K) From: 0K(346624K)->352K(339456K)
[42.295s][info][gc,heap        ] GC(22) ParOldGen: 5485K(5592576K)->5485K(5592576K)
[42.295s][info][gc,metaspace   ] GC(22) Metaspace: 16406K(16832K)->16406K(16832K) NonClass: 14057K(14336K)->14057K(14336K) Class: 2349K(2496K)->2349K(2496K)
[42.295s][info][gc             ] GC(22) Pause Young (Allocation Failure) 2065M->5M(7853M) 0.502ms
[42.295s][info][gc,cpu         ] GC(22) User=0.00s Sys=0.00s Real=0.00s
[45.754s][info][gc,start       ] GC(23) Pause Young (Allocation Failure)
[45.840s][info][gc,heap        ] GC(23) PSYoungGen: 2110304K(2449408K)->184544K(2439680K) Eden: 2109952K(2109952K)->0K(2109952K) From: 352K(339456K)->184544K(329728K)
[45.840s][info][gc,heap        ] GC(23) ParOldGen: 5485K(5592576K)->5525K(5592576K)
[45.840s][info][gc,metaspace   ] GC(23) Metaspace: 16406K(16832K)->16406K(16832K) NonClass: 14057K(14336K)->14057K(14336K) Class: 2349K(2496K)->2349K(2496K)
[45.840s][info][gc             ] GC(23) Pause Young (Allocation Failure) 2066M->185M(7844M) 85.998ms
[45.840s][info][gc,cpu         ] GC(23) User=0.56s Sys=0.00s Real=0.09s
[47.700s][info][gc,start       ] GC(24) Pause Young (System.gc())
[47.700s][info][gc,heap        ] GC(24) PSYoungGen: 1461410K(2439680K)->192K(2452992K) Eden: 1276866K(2109952K)->0K(2109952K) From: 184544K(329728K)->192K(343040K)
[47.700s][info][gc,heap        ] GC(24) ParOldGen: 5525K(5592576K)->5565K(5592576K)
[47.700s][info][gc,metaspace   ] GC(24) Metaspace: 16407K(16832K)->16407K(16832K) NonClass: 14058K(14336K)->14058K(14336K) Class: 2349K(2496K)->2349K(2496K)
[47.700s][info][gc             ] GC(24) Pause Young (System.gc()) 1432M->5M(7857M) 0.310ms
[47.700s][info][gc,cpu         ] GC(24) User=0.00s Sys=0.00s Real=0.00s
[47.700s][info][gc,start       ] GC(25) Pause Full (System.gc())
[47.701s][info][gc,phases,start] GC(25) Marking Phase
[47.705s][info][gc,phases      ] GC(25) Marking Phase 4.787ms
[47.705s][info][gc,phases,start] GC(25) Summary Phase
[47.705s][info][gc,phases      ] GC(25) Summary Phase 0.009ms
[47.705s][info][gc,phases,start] GC(25) Adjust Roots
[47.708s][info][gc,phases      ] GC(25) Adjust Roots 2.356ms
[47.708s][info][gc,phases,start] GC(25) Compaction Phase
[47.710s][info][gc,phases      ] GC(25) Compaction Phase 2.043ms
[47.710s][info][gc,phases,start] GC(25) Post Compact
[47.710s][info][gc,phases      ] GC(25) Post Compact 0.401ms
[47.710s][info][gc,heap        ] GC(25) PSYoungGen: 192K(2452992K)->0K(2452992K) Eden: 0K(2109952K)->0K(2109952K) From: 192K(343040K)->0K(343040K)
[47.710s][info][gc,heap        ] GC(25) ParOldGen: 5565K(5592576K)->5485K(5592576K)
[47.710s][info][gc,metaspace   ] GC(25) Metaspace: 16407K(16832K)->16407K(16832K) NonClass: 14058K(14336K)->14058K(14336K) Class: 2349K(2496K)->2349K(2496K)
[47.710s][info][gc             ] GC(25) Pause Full (System.gc()) 5M->5M(7857M) 9.811ms
[47.710s][info][gc,cpu         ] GC(25) User=0.00s Sys=0.02s Real=0.01s
[49.593s][info][gc,start       ] GC(26) Pause Young (Allocation Failure)
[49.594s][info][gc,heap        ] GC(26) PSYoungGen: 2109952K(2452992K)->320K(2473472K) Eden: 2109952K(2109952K)->0K(2140160K) From: 0K(343040K)->320K(333312K)
[49.594s][info][gc,heap        ] GC(26) ParOldGen: 5485K(5592576K)->5485K(5592576K)
[49.594s][info][gc,metaspace   ] GC(26) Metaspace: 16409K(16832K)->16409K(16832K) NonClass: 14060K(14336K)->14060K(14336K) Class: 2349K(2496K)->2349K(2496K)
[49.594s][info][gc             ] GC(26) Pause Young (Allocation Failure) 2065M->5M(7877M) 0.699ms
[49.594s][info][gc,cpu         ] GC(26) User=0.00s Sys=0.00s Real=0.00s
[53.080s][info][gc,start       ] GC(27) Pause Young (Allocation Failure)
[53.169s][info][gc,heap        ] GC(27) PSYoungGen: 2140480K(2473472K)->198656K(2338816K) Eden: 2140160K(2140160K)->0K(2140160K) From: 320K(333312K)->198656K(198656K)
[53.169s][info][gc,heap        ] GC(27) ParOldGen: 5485K(5592576K)->5517K(5592576K)
[53.169s][info][gc,metaspace   ] GC(27) Metaspace: 16411K(16832K)->16411K(16832K) NonClass: 14061K(14336K)->14061K(14336K) Class: 2349K(2496K)->2349K(2496K)
[53.169s][info][gc             ] GC(27) Pause Young (Allocation Failure) 2095M->199M(7745M) 88.690ms
[53.169s][info][gc,cpu         ] GC(27) User=0.55s Sys=0.02s Real=0.09s
[55.073s][info][gc,start       ] GC(28) Pause Young (System.gc())
[55.073s][info][gc,heap        ] GC(28) PSYoungGen: 1435661K(2338816K)->160K(2463232K) Eden: 1237005K(2140160K)->0K(2119680K) From: 198656K(198656K)->160K(343552K)
[55.073s][info][gc,heap        ] GC(28) ParOldGen: 5517K(5592576K)->5565K(5592576K)
[55.073s][info][gc,metaspace   ] GC(28) Metaspace: 16412K(16832K)->16412K(16832K) NonClass: 14063K(14336K)->14063K(14336K) Class: 2349K(2496K)->2349K(2496K)
[55.073s][info][gc             ] GC(28) Pause Young (System.gc()) 1407M->5M(7867M) 0.352ms
[55.073s][info][gc,cpu         ] GC(28) User=0.00s Sys=0.00s Real=0.00s
[55.073s][info][gc,start       ] GC(29) Pause Full (System.gc())
[55.073s][info][gc,phases,start] GC(29) Marking Phase
[55.078s][info][gc,phases      ] GC(29) Marking Phase 4.999ms
[55.078s][info][gc,phases,start] GC(29) Summary Phase
[55.078s][info][gc,phases      ] GC(29) Summary Phase 0.009ms
[55.078s][info][gc,phases,start] GC(29) Adjust Roots
[55.081s][info][gc,phases      ] GC(29) Adjust Roots 2.345ms
[55.081s][info][gc,phases,start] GC(29) Compaction Phase
[55.083s][info][gc,phases      ] GC(29) Compaction Phase 2.064ms
[55.083s][info][gc,phases,start] GC(29) Post Compact
[55.083s][info][gc,phases      ] GC(29) Post Compact 0.405ms
[55.083s][info][gc,heap        ] GC(29) PSYoungGen: 160K(2463232K)->0K(2463232K) Eden: 0K(2119680K)->0K(2119680K) From: 160K(343552K)->0K(343552K)
[55.083s][info][gc,heap        ] GC(29) ParOldGen: 5565K(5592576K)->5486K(5592576K)
[55.083s][info][gc,metaspace   ] GC(29) Metaspace: 16412K(16832K)->16412K(16832K) NonClass: 14063K(14336K)->14063K(14336K) Class: 2349K(2496K)->2349K(2496K)
[55.083s][info][gc             ] GC(29) Pause Full (System.gc()) 5M->5M(7867M) 10.053ms
[55.083s][info][gc,cpu         ] GC(29) User=0.00s Sys=0.00s Real=0.02s
[57.440s][info][gc,start       ] GC(30) Pause Young (Allocation Failure)
[57.441s][info][gc,heap        ] GC(30) PSYoungGen: 2119680K(2463232K)->320K(2452480K) Eden: 2119680K(2119680K)->0K(2119680K) From: 0K(343552K)->320K(332800K)
[57.441s][info][gc,heap        ] GC(30) ParOldGen: 5486K(5592576K)->5486K(5592576K)
[57.441s][info][gc,metaspace   ] GC(30) Metaspace: 16412K(16832K)->16412K(16832K) NonClass: 14063K(14336K)->14063K(14336K) Class: 2349K(2496K)->2349K(2496K)
[57.441s][info][gc             ] GC(30) Pause Young (Allocation Failure) 2075M->5M(7856M) 0.971ms
[57.441s][info][gc,cpu         ] GC(30) User=0.00s Sys=0.00s Real=0.00s
[61.014s][info][gc,start       ] GC(31) Pause Young (Allocation Failure)
[61.099s][info][gc,heap        ] GC(31) PSYoungGen: 2120000K(2452480K)->191904K(2435584K) Eden: 2119680K(2119680K)->0K(2115072K) From: 320K(332800K)->191904K(320512K)
[61.099s][info][gc,heap        ] GC(31) ParOldGen: 5486K(5592576K)->5518K(5592576K)
[61.099s][info][gc,metaspace   ] GC(31) Metaspace: 16427K(16832K)->16427K(16832K) NonClass: 14078K(14336K)->14078K(14336K) Class: 2349K(2496K)->2349K(2496K)
[61.099s][info][gc             ] GC(31) Pause Young (Allocation Failure) 2075M->192M(7840M) 84.852ms
[61.099s][info][gc,cpu         ] GC(31) User=0.47s Sys=0.02s Real=0.09s
[63.050s][info][gc,start       ] GC(32) Pause Young (System.gc())
[63.050s][info][gc,heap        ] GC(32) PSYoungGen: 1448967K(2435584K)->192K(2455552K) Eden: 1257063K(2115072K)->0K(2115072K) From: 191904K(320512K)->192K(340480K)
[63.050s][info][gc,heap        ] GC(32) ParOldGen: 5518K(5592576K)->5558K(5592576K)
[63.050s][info][gc,metaspace   ] GC(32) Metaspace: 16429K(16832K)->16429K(16832K) NonClass: 14080K(14336K)->14080K(14336K) Class: 2349K(2496K)->2349K(2496K)
[63.050s][info][gc             ] GC(32) Pause Young (System.gc()) 1420M->5M(7859M) 0.429ms
[63.050s][info][gc,cpu         ] GC(32) User=0.00s Sys=0.00s Real=0.00s
[63.050s][info][gc,start       ] GC(33) Pause Full (System.gc())
[63.050s][info][gc,phases,start] GC(33) Marking Phase
[63.055s][info][gc,phases      ] GC(33) Marking Phase 4.899ms
[63.055s][info][gc,phases,start] GC(33) Summary Phase
[63.055s][info][gc,phases      ] GC(33) Summary Phase 0.009ms
[63.055s][info][gc,phases,start] GC(33) Adjust Roots
[63.057s][info][gc,phases      ] GC(33) Adjust Roots 2.221ms
[63.057s][info][gc,phases,start] GC(33) Compaction Phase
[63.059s][info][gc,phases      ] GC(33) Compaction Phase 1.929ms
[63.059s][info][gc,phases,start] GC(33) Post Compact
[63.060s][info][gc,phases      ] GC(33) Post Compact 0.405ms
[63.060s][info][gc,heap        ] GC(33) PSYoungGen: 192K(2455552K)->0K(2455552K) Eden: 0K(2115072K)->0K(2115072K) From: 192K(340480K)->0K(340480K)
[63.060s][info][gc,heap        ] GC(33) ParOldGen: 5558K(5592576K)->5486K(5592576K)
[63.060s][info][gc,metaspace   ] GC(33) Metaspace: 16429K(16832K)->16429K(16832K) NonClass: 14080K(14336K)->14080K(14336K) Class: 2349K(2496K)->2349K(2496K)
[63.060s][info][gc             ] GC(33) Pause Full (System.gc()) 5M->5M(7859M) 9.698ms
[63.060s][info][gc,cpu         ] GC(33) User=0.02s Sys=0.00s Real=0.02s
[64.939s][info][gc,start       ] GC(34) Pause Young (Allocation Failure)
[64.940s][info][gc,heap        ] GC(34) PSYoungGen: 2115072K(2455552K)->384K(2480128K) Eden: 2115072K(2115072K)->0K(2151424K) From: 0K(340480K)->384K(328704K)
[64.940s][info][gc,heap        ] GC(34) ParOldGen: 5486K(5592576K)->5494K(5592576K)
[64.940s][info][gc,metaspace   ] GC(34) Metaspace: 16433K(16832K)->16433K(16832K) NonClass: 14084K(14336K)->14084K(14336K) Class: 2349K(2496K)->2349K(2496K)
[64.940s][info][gc             ] GC(34) Pause Young (Allocation Failure) 2070M->5M(7883M) 0.477ms
[64.940s][info][gc,cpu         ] GC(34) User=0.00s Sys=0.00s Real=0.00s
[68.659s][info][gc,start       ] GC(35) Pause Young (Allocation Failure)
[68.748s][info][gc,heap        ] GC(35) PSYoungGen: 2151808K(2480128K)->192576K(2344448K) Eden: 2151424K(2151424K)->0K(2151424K) From: 384K(328704K)->192576K(193024K)
[68.748s][info][gc,heap        ] GC(35) ParOldGen: 5494K(5592576K)->5526K(5592576K)
[68.748s][info][gc,metaspace   ] GC(35) Metaspace: 16433K(16832K)->16433K(16832K) NonClass: 14084K(14336K)->14084K(14336K) Class: 2349K(2496K)->2349K(2496K)
[68.748s][info][gc             ] GC(35) Pause Young (Allocation Failure) 2106M->193M(7751M) 89.020ms
[68.748s][info][gc,cpu         ] GC(35) User=0.56s Sys=0.00s Real=0.09s
[70.637s][info][gc,start       ] GC(36) Pause Young (System.gc())
[70.637s][info][gc,heap        ] GC(36) PSYoungGen: 1455344K(2344448K)->128K(2470912K) Eden: 1262768K(2151424K)->0K(2133504K) From: 192576K(193024K)->128K(337408K)
[70.637s][info][gc,heap        ] GC(36) ParOldGen: 5526K(5592576K)->5558K(5592576K)
[70.637s][info][gc,metaspace   ] GC(36) Metaspace: 16434K(16832K)->16434K(16832K) NonClass: 14085K(14336K)->14085K(14336K) Class: 2349K(2496K)->2349K(2496K)
[70.637s][info][gc             ] GC(36) Pause Young (System.gc()) 1426M->5M(7874M) 0.316ms
[70.637s][info][gc,cpu         ] GC(36) User=0.00s Sys=0.00s Real=0.00s
[70.637s][info][gc,start       ] GC(37) Pause Full (System.gc())
[70.637s][info][gc,phases,start] GC(37) Marking Phase
[70.642s][info][gc,phases      ] GC(37) Marking Phase 4.927ms
[70.642s][info][gc,phases,start] GC(37) Summary Phase
[70.642s][info][gc,phases      ] GC(37) Summary Phase 0.010ms
[70.642s][info][gc,phases,start] GC(37) Adjust Roots
[70.644s][info][gc,phases      ] GC(37) Adjust Roots 2.304ms
[70.644s][info][gc,phases,start] GC(37) Compaction Phase
[70.646s][info][gc,phases      ] GC(37) Compaction Phase 1.789ms
[70.646s][info][gc,phases,start] GC(37) Post Compact
[70.647s][info][gc,phases      ] GC(37) Post Compact 0.405ms
[70.647s][info][gc,heap        ] GC(37) PSYoungGen: 128K(2470912K)->0K(2470912K) Eden: 0K(2133504K)->0K(2133504K) From: 128K(337408K)->0K(337408K)
[70.647s][info][gc,heap        ] GC(37) ParOldGen: 5558K(5592576K)->5488K(5592576K)
[70.647s][info][gc,metaspace   ] GC(37) Metaspace: 16434K(16832K)->16434K(16832K) NonClass: 14085K(14336K)->14085K(14336K) Class: 2349K(2496K)->2349K(2496K)
[70.647s][info][gc             ] GC(37) Pause Full (System.gc()) 5M->5M(7874M) 9.641ms
[70.647s][info][gc,cpu         ] GC(37) User=0.03s Sys=0.00s Real=0.00s
[72.541s][info][gc,start       ] GC(38) Pause Young (Allocation Failure)
[72.541s][info][gc,heap        ] GC(38) PSYoungGen: 2133504K(2470912K)->352K(2458624K) Eden: 2133504K(2133504K)->0K(2133504K) From: 0K(337408K)->352K(325120K)
[72.541s][info][gc,heap        ] GC(38) ParOldGen: 5488K(5592576K)->5488K(5592576K)
[72.541s][info][gc,metaspace   ] GC(38) Metaspace: 16438K(16832K)->16438K(16832K) NonClass: 14089K(14336K)->14089K(14336K) Class: 2349K(2496K)->2349K(2496K)
[72.542s][info][gc             ] GC(38) Pause Young (Allocation Failure) 2088M->5M(7862M) 0.766ms
[72.542s][info][gc,cpu         ] GC(38) User=0.00s Sys=0.00s Real=0.00s
[76.019s][info][gc,start       ] GC(39) Pause Young (Allocation Failure)
[76.110s][info][gc,heap        ] GC(39) PSYoungGen: 2133856K(2458624K)->205440K(2428928K) Eden: 2133504K(2133504K)->0K(2117120K) From: 352K(325120K)->205440K(311808K)
[76.110s][info][gc,heap        ] GC(39) ParOldGen: 5488K(5592576K)->5512K(5592576K)
[76.110s][info][gc,metaspace   ] GC(39) Metaspace: 16438K(16832K)->16438K(16832K) NonClass: 14089K(14336K)->14089K(14336K) Class: 2349K(2496K)->2349K(2496K)
[76.110s][info][gc             ] GC(39) Pause Young (Allocation Failure) 2089M->206M(7833M) 90.648ms
[76.110s][info][gc,cpu         ] GC(39) User=0.50s Sys=0.00s Real=0.11s
[78.009s][info][gc,start       ] GC(40) Pause Young (System.gc())
[78.009s][info][gc,heap        ] GC(40) PSYoungGen: 1437942K(2428928K)->192K(2456576K) Eden: 1232502K(2117120K)->0K(2117120K) From: 205440K(311808K)->192K(339456K)
[78.009s][info][gc,heap        ] GC(40) ParOldGen: 5512K(5592576K)->5560K(5592576K)
[78.009s][info][gc,metaspace   ] GC(40) Metaspace: 16438K(16832K)->16438K(16832K) NonClass: 14089K(14336K)->14089K(14336K) Class: 2349K(2496K)->2349K(2496K)
[78.009s][info][gc             ] GC(40) Pause Young (System.gc()) 1409M->5M(7860M) 0.435ms
[78.009s][info][gc,cpu         ] GC(40) User=0.00s Sys=0.00s Real=0.00s
[78.009s][info][gc,start       ] GC(41) Pause Full (System.gc())
[78.009s][info][gc,phases,start] GC(41) Marking Phase
[78.014s][info][gc,phases      ] GC(41) Marking Phase 4.747ms
[78.014s][info][gc,phases,start] GC(41) Summary Phase
[78.014s][info][gc,phases      ] GC(41) Summary Phase 0.009ms
[78.014s][info][gc,phases,start] GC(41) Adjust Roots
[78.017s][info][gc,phases      ] GC(41) Adjust Roots 3.201ms
[78.017s][info][gc,phases,start] GC(41) Compaction Phase
[78.019s][info][gc,phases      ] GC(41) Compaction Phase 2.117ms
[78.019s][info][gc,phases,start] GC(41) Post Compact
[78.020s][info][gc,phases      ] GC(41) Post Compact 0.458ms
[78.020s][info][gc,heap        ] GC(41) PSYoungGen: 192K(2456576K)->0K(2456576K) Eden: 0K(2117120K)->0K(2117120K) From: 192K(339456K)->0K(339456K)
[78.020s][info][gc,heap        ] GC(41) ParOldGen: 5560K(5592576K)->5487K(5592576K)
[78.020s][info][gc,metaspace   ] GC(41) Metaspace: 16438K(16832K)->16438K(16832K) NonClass: 14089K(14336K)->14089K(14336K) Class: 2349K(2496K)->2349K(2496K)
[78.020s][info][gc             ] GC(41) Pause Full (System.gc()) 5M->5M(7860M) 10.780ms
[78.020s][info][gc,cpu         ] GC(41) User=0.00s Sys=0.00s Real=0.00s
[80.325s][info][gc,start       ] GC(42) Pause Young (Allocation Failure)
[80.325s][info][gc,heap        ] GC(42) PSYoungGen: 2117120K(2456576K)->352K(2483200K) Eden: 2117120K(2117120K)->0K(2156544K) From: 0K(339456K)->352K(326656K)
[80.325s][info][gc,heap        ] GC(42) ParOldGen: 5487K(5592576K)->5487K(5592576K)
[80.325s][info][gc,metaspace   ] GC(42) Metaspace: 16441K(16832K)->16441K(16832K) NonClass: 14092K(14336K)->14092K(14336K) Class: 2349K(2496K)->2349K(2496K)
[80.326s][info][gc             ] GC(42) Pause Young (Allocation Failure) 2072M->5M(7886M) 0.733ms
[80.326s][info][gc,cpu         ] GC(42) User=0.00s Sys=0.00s Real=0.00s
[83.929s][info][gc,start       ] GC(43) Pause Young (Allocation Failure)
[84.025s][info][gc,heap        ] GC(43) PSYoungGen: 2156896K(2483200K)->211552K(2368512K) Eden: 2156544K(2156544K)->0K(2156544K) From: 352K(326656K)->211552K(211968K)
[84.025s][info][gc,heap        ] GC(43) ParOldGen: 5487K(5592576K)->5519K(5592576K)
[84.025s][info][gc,metaspace   ] GC(43) Metaspace: 16441K(16832K)->16441K(16832K) NonClass: 14092K(14336K)->14092K(14336K) Class: 2349K(2496K)->2349K(2496K)
[84.025s][info][gc             ] GC(43) Pause Young (Allocation Failure) 2111M->211M(7774M) 95.578ms
[84.025s][info][gc,cpu         ] GC(43) User=0.56s Sys=0.00s Real=0.10s
[85.889s][info][gc,start       ] GC(44) Pause Young (System.gc())
[85.890s][info][gc,heap        ] GC(44) PSYoungGen: 1435593K(2368512K)->160K(2466304K) Eden: 1224041K(2156544K)->0K(2123264K) From: 211552K(211968K)->160K(343040K)
[85.890s][info][gc,heap        ] GC(44) ParOldGen: 5519K(5592576K)->5567K(5592576K)
[85.890s][info][gc,metaspace   ] GC(44) Metaspace: 16444K(16832K)->16444K(16832K) NonClass: 14095K(14336K)->14095K(14336K) Class: 2349K(2496K)->2349K(2496K)
[85.890s][info][gc             ] GC(44) Pause Young (System.gc()) 1407M->5M(7870M) 0.293ms
[85.890s][info][gc,cpu         ] GC(44) User=0.00s Sys=0.00s Real=0.00s
[85.890s][info][gc,start       ] GC(45) Pause Full (System.gc())
[85.890s][info][gc,phases,start] GC(45) Marking Phase
[85.895s][info][gc,phases      ] GC(45) Marking Phase 4.773ms
[85.895s][info][gc,phases,start] GC(45) Summary Phase
[85.895s][info][gc,phases      ] GC(45) Summary Phase 0.010ms
[85.895s][info][gc,phases,start] GC(45) Adjust Roots
[85.897s][info][gc,phases      ] GC(45) Adjust Roots 2.337ms
[85.897s][info][gc,phases,start] GC(45) Compaction Phase
[85.899s][info][gc,phases      ] GC(45) Compaction Phase 2.428ms
[85.899s][info][gc,phases,start] GC(45) Post Compact
[85.900s][info][gc,phases      ] GC(45) Post Compact 0.510ms
[85.900s][info][gc,heap        ] GC(45) PSYoungGen: 160K(2466304K)->0K(2466304K) Eden: 0K(2123264K)->0K(2123264K) From: 160K(343040K)->0K(343040K)
[85.900s][info][gc,heap        ] GC(45) ParOldGen: 5567K(5592576K)->5488K(5592576K)
[85.900s][info][gc,metaspace   ] GC(45) Metaspace: 16444K(16832K)->16444K(16832K) NonClass: 14095K(14336K)->14095K(14336K) Class: 2349K(2496K)->2349K(2496K)
[85.900s][info][gc             ] GC(45) Pause Full (System.gc()) 5M->5M(7870M) 10.279ms
[85.900s][info][gc,cpu         ] GC(45) User=0.02s Sys=0.00s Real=0.00s
[87.785s][info][gc,start       ] GC(46) Pause Young (Allocation Failure)
[87.786s][info][gc,heap        ] GC(46) PSYoungGen: 2123264K(2466304K)->352K(2452992K) Eden: 2123264K(2123264K)->0K(2123264K) From: 0K(343040K)->352K(329728K)
[87.786s][info][gc,heap        ] GC(46) ParOldGen: 5488K(5592576K)->5488K(5592576K)
[87.786s][info][gc,metaspace   ] GC(46) Metaspace: 16446K(16832K)->16446K(16832K) NonClass: 14096K(14336K)->14096K(14336K) Class: 2349K(2496K)->2349K(2496K)
[87.786s][info][gc             ] GC(46) Pause Young (Allocation Failure) 2078M->5M(7857M) 0.535ms
[87.786s][info][gc,cpu         ] GC(46) User=0.00s Sys=0.00s Real=0.00s
[91.740s][info][gc,start       ] GC(47) Pause Young (Allocation Failure)
[91.828s][info][gc,heap        ] GC(47) PSYoungGen: 2123616K(2452992K)->194592K(2434048K) Eden: 2123264K(2123264K)->0K(2118144K) From: 352K(329728K)->194592K(315904K)
[91.828s][info][gc,heap        ] GC(47) ParOldGen: 5488K(5592576K)->5520K(5592576K)
[91.828s][info][gc,metaspace   ] GC(47) Metaspace: 16446K(16832K)->16446K(16832K) NonClass: 14096K(14336K)->14096K(14336K) Class: 2349K(2496K)->2349K(2496K)
[91.828s][info][gc             ] GC(47) Pause Young (Allocation Failure) 2079M->195M(7838M) 87.800ms
[91.828s][info][gc,cpu         ] GC(47) User=0.47s Sys=0.00s Real=0.10s
[93.734s][info][gc,start       ] GC(48) Pause Young (System.gc())
[93.734s][info][gc,heap        ] GC(48) PSYoungGen: 1448844K(2434048K)->128K(2457088K) Eden: 1254252K(2118144K)->0K(2118144K) From: 194592K(315904K)->128K(338944K)
[93.734s][info][gc,heap        ] GC(48) ParOldGen: 5520K(5592576K)->5552K(5592576K)
[93.734s][info][gc,metaspace   ] GC(48) Metaspace: 16446K(16832K)->16446K(16832K) NonClass: 14096K(14336K)->14096K(14336K) Class: 2349K(2496K)->2349K(2496K)
[93.734s][info][gc             ] GC(48) Pause Young (System.gc()) 1420M->5M(7861M) 0.327ms
[93.734s][info][gc,cpu         ] GC(48) User=0.00s Sys=0.00s Real=0.00s
[93.734s][info][gc,start       ] GC(49) Pause Full (System.gc())
[93.734s][info][gc,phases,start] GC(49) Marking Phase
[93.739s][info][gc,phases      ] GC(49) Marking Phase 4.907ms
[93.741s][info][gc,phases,start] GC(49) Summary Phase
[93.741s][info][gc,phases      ] GC(49) Summary Phase 0.037ms
[93.741s][info][gc,phases,start] GC(49) Adjust Roots
[93.743s][info][gc,phases      ] GC(49) Adjust Roots 2.324ms
[93.744s][info][gc,phases,start] GC(49) Compaction Phase
[93.745s][info][gc,phases      ] GC(49) Compaction Phase 1.907ms
[93.745s][info][gc,phases,start] GC(49) Post Compact
[93.746s][info][gc,phases      ] GC(49) Post Compact 0.400ms
[93.746s][info][gc,heap        ] GC(49) PSYoungGen: 128K(2457088K)->0K(2457088K) Eden: 0K(2118144K)->0K(2118144K) From: 128K(338944K)->0K(338944K)
[93.746s][info][gc,heap        ] GC(49) ParOldGen: 5552K(5592576K)->5488K(5592576K)
[93.746s][info][gc,metaspace   ] GC(49) Metaspace: 16446K(16832K)->16446K(16832K) NonClass: 14096K(14336K)->14096K(14336K) Class: 2349K(2496K)->2349K(2496K)
[93.746s][info][gc             ] GC(49) Pause Full (System.gc()) 5M->5M(7861M) 11.580ms
[93.746s][info][gc,cpu         ] GC(49) User=0.00s Sys=0.00s Real=0.02s
[95.626s][info][gc,start       ] GC(50) Pause Young (Allocation Failure)
[95.626s][info][gc,heap        ] GC(50) PSYoungGen: 2118144K(2457088K)->352K(2484224K) Eden: 2118144K(2118144K)->0K(2158592K) From: 0K(338944K)->352K(325632K)
[95.626s][info][gc,heap        ] GC(50) ParOldGen: 5488K(5592576K)->5488K(5592576K)
[95.626s][info][gc,metaspace   ] GC(50) Metaspace: 16447K(16832K)->16447K(16832K) NonClass: 14098K(14336K)->14098K(14336K) Class: 2349K(2496K)->2349K(2496K)
[95.626s][info][gc             ] GC(50) Pause Young (Allocation Failure) 2073M->5M(7887M) 0.552ms
[95.626s][info][gc,cpu         ] GC(50) User=0.00s Sys=0.00s Real=0.00s
[99.263s][info][gc,start       ] GC(51) Pause Young (Allocation Failure)
[99.359s][info][gc,heap        ] GC(51) PSYoungGen: 2158944K(2484224K)->203648K(2362368K) Eden: 2158592K(2158592K)->0K(2158592K) From: 352K(325632K)->203648K(203776K)
[99.360s][info][gc,heap        ] GC(51) ParOldGen: 5488K(5592576K)->5520K(5592576K)
[99.360s][info][gc,metaspace   ] GC(51) Metaspace: 16448K(16832K)->16448K(16832K) NonClass: 14098K(14336K)->14098K(14336K) Class: 2349K(2496K)->2349K(2496K)
[99.360s][info][gc             ] GC(51) Pause Young (Allocation Failure) 2113M->204M(7768M) 96.048ms
[99.360s][info][gc,cpu         ] GC(51) User=0.55s Sys=0.00s Real=0.10s
[101.240s][info][gc,start       ] GC(52) Pause Young (System.gc())
[101.240s][info][gc,heap        ] GC(52) PSYoungGen: 1433286K(2362368K)->192K(2469888K) Eden: 1229638K(2158592K)->0K(2130432K) From: 203648K(203776K)->192K(339456K)
[101.240s][info][gc,heap        ] GC(52) ParOldGen: 5520K(5592576K)->5560K(5592576K)
[101.240s][info][gc,metaspace   ] GC(52) Metaspace: 16449K(16832K)->16449K(16832K) NonClass: 14099K(14336K)->14099K(14336K) Class: 2349K(2496K)->2349K(2496K)
[101.240s][info][gc             ] GC(52) Pause Young (System.gc()) 1405M->5M(7873M) 0.344ms
[101.240s][info][gc,cpu         ] GC(52) User=0.00s Sys=0.00s Real=0.00s
[101.240s][info][gc,start       ] GC(53) Pause Full (System.gc())
[101.240s][info][gc,phases,start] GC(53) Marking Phase
[101.245s][info][gc,phases      ] GC(53) Marking Phase 4.938ms
[101.245s][info][gc,phases,start] GC(53) Summary Phase
[101.245s][info][gc,phases      ] GC(53) Summary Phase 0.010ms
[101.245s][info][gc,phases,start] GC(53) Adjust Roots
[101.248s][info][gc,phases      ] GC(53) Adjust Roots 2.582ms
[101.248s][info][gc,phases,start] GC(53) Compaction Phase
[101.252s][info][gc,phases      ] GC(53) Compaction Phase 3.677ms
[101.252s][info][gc,phases,start] GC(53) Post Compact
[101.252s][info][gc,phases      ] GC(53) Post Compact 0.687ms
[101.253s][info][gc,heap        ] GC(53) PSYoungGen: 192K(2469888K)->0K(2469888K) Eden: 0K(2130432K)->0K(2130432K) From: 192K(339456K)->0K(339456K)
[101.253s][info][gc,heap        ] GC(53) ParOldGen: 5560K(5592576K)->5489K(5592576K)
[101.253s][info][gc,metaspace   ] GC(53) Metaspace: 16449K(16832K)->16449K(16832K) NonClass: 14099K(14336K)->14099K(14336K) Class: 2349K(2496K)->2349K(2496K)
[101.253s][info][gc             ] GC(53) Pause Full (System.gc()) 5M->5M(7873M) 12.170ms
[101.253s][info][gc,cpu         ] GC(53) User=0.00s Sys=0.00s Real=0.02s
[103.529s][info][gc,start       ] GC(54) Pause Young (Allocation Failure)
[103.529s][info][gc,heap        ] GC(54) PSYoungGen: 2130432K(2469888K)->384K(2456576K) Eden: 2130432K(2130432K)->0K(2130432K) From: 0K(339456K)->384K(326144K)
[103.529s][info][gc,heap        ] GC(54) ParOldGen: 5489K(5592576K)->5489K(5592576K)
[103.529s][info][gc,metaspace   ] GC(54) Metaspace: 16462K(16832K)->16462K(16832K) NonClass: 14113K(14336K)->14113K(14336K) Class: 2349K(2496K)->2349K(2496K)
[103.529s][info][gc             ] GC(54) Pause Young (Allocation Failure) 2085M->5M(7860M) 0.596ms
[103.529s][info][gc,cpu         ] GC(54) User=0.00s Sys=0.00s Real=0.00s
[107.309s][info][gc,start       ] GC(55) Pause Young (Allocation Failure)
[107.403s][info][gc,heap        ] GC(55) PSYoungGen: 2130816K(2456576K)->209696K(2424832K) Eden: 2130432K(2130432K)->0K(2113024K) From: 384K(326144K)->209696K(311808K)
[107.403s][info][gc,heap        ] GC(55) ParOldGen: 5489K(5592576K)->5533K(5592576K)
[107.403s][info][gc,metaspace   ] GC(55) Metaspace: 16462K(16832K)->16462K(16832K) NonClass: 14113K(14336K)->14113K(14336K) Class: 2349K(2496K)->2349K(2496K)
[107.403s][info][gc             ] GC(55) Pause Young (Allocation Failure) 2086M->210M(7829M) 93.658ms
[107.403s][info][gc,cpu         ] GC(55) User=0.55s Sys=0.00s Real=0.09s
[109.285s][info][gc,start       ] GC(56) Pause Young (System.gc())
[109.286s][info][gc,heap        ] GC(56) PSYoungGen: 1425449K(2424832K)->160K(2454528K) Eden: 1215753K(2113024K)->0K(2113024K) From: 209696K(311808K)->160K(341504K)
[109.286s][info][gc,heap        ] GC(56) ParOldGen: 5533K(5592576K)->5573K(5592576K)
[109.286s][info][gc,metaspace   ] GC(56) Metaspace: 16463K(16832K)->16463K(16832K) NonClass: 14114K(14336K)->14114K(14336K) Class: 2349K(2496K)->2349K(2496K)
[109.286s][info][gc             ] GC(56) Pause Young (System.gc()) 1397M->5M(7858M) 0.462ms
[109.286s][info][gc,cpu         ] GC(56) User=0.00s Sys=0.00s Real=0.00s
[109.286s][info][gc,start       ] GC(57) Pause Full (System.gc())
[109.286s][info][gc,phases,start] GC(57) Marking Phase
[109.290s][info][gc,phases      ] GC(57) Marking Phase 4.724ms
[109.290s][info][gc,phases,start] GC(57) Summary Phase
[109.290s][info][gc,phases      ] GC(57) Summary Phase 0.010ms
[109.290s][info][gc,phases,start] GC(57) Adjust Roots
[109.294s][info][gc,phases      ] GC(57) Adjust Roots 3.604ms
[109.294s][info][gc,phases,start] GC(57) Compaction Phase
[109.297s][info][gc,phases      ] GC(57) Compaction Phase 2.849ms
[109.297s][info][gc,phases,start] GC(57) Post Compact
[109.297s][info][gc,phases      ] GC(57) Post Compact 0.403ms
[109.297s][info][gc,heap        ] GC(57) PSYoungGen: 160K(2454528K)->0K(2454528K) Eden: 0K(2113024K)->0K(2113024K) From: 160K(341504K)->0K(341504K)
[109.297s][info][gc,heap        ] GC(57) ParOldGen: 5573K(5592576K)->5491K(5592576K)
[109.297s][info][gc,metaspace   ] GC(57) Metaspace: 16463K(16832K)->16463K(16832K) NonClass: 14114K(14336K)->14114K(14336K) Class: 2349K(2496K)->2349K(2496K)
[109.298s][info][gc             ] GC(57) Pause Full (System.gc()) 5M->5M(7858M) 11.830ms
[109.298s][info][gc,cpu         ] GC(57) User=0.09s Sys=0.00s Real=0.01s
[111.365s][info][gc,start       ] GC(58) Pause Young (Allocation Failure)
[111.365s][info][gc,heap        ] GC(58) PSYoungGen: 2113024K(2454528K)->384K(2482176K) Eden: 2113024K(2113024K)->0K(2153984K) From: 0K(341504K)->384K(328192K)
[111.365s][info][gc,heap        ] GC(58) ParOldGen: 5491K(5592576K)->5491K(5592576K)
[111.365s][info][gc,metaspace   ] GC(58) Metaspace: 16470K(16896K)->16470K(16896K) NonClass: 14121K(14400K)->14121K(14400K) Class: 2349K(2496K)->2349K(2496K)
[111.365s][info][gc             ] GC(58) Pause Young (Allocation Failure) 2068M->5M(7885M) 0.524ms
[111.365s][info][gc,cpu         ] GC(58) User=0.02s Sys=0.00s Real=0.00s
[115.158s][info][gc,start       ] GC(59) Pause Young (Allocation Failure)
[115.246s][info][gc,heap        ] GC(59) PSYoungGen: 2154368K(2482176K)->199136K(2353152K) Eden: 2153984K(2153984K)->0K(2153984K) From: 384K(328192K)->199136K(199168K)
[115.246s][info][gc,heap        ] GC(59) ParOldGen: 5491K(5592576K)->5527K(5592576K)
[115.246s][info][gc,metaspace   ] GC(59) Metaspace: 16470K(16896K)->16470K(16896K) NonClass: 14121K(14400K)->14121K(14400K) Class: 2349K(2496K)->2349K(2496K)
[115.246s][info][gc             ] GC(59) Pause Young (Allocation Failure) 2109M->199M(7759M) 88.219ms
[115.246s][info][gc,cpu         ] GC(59) User=0.55s Sys=0.00s Real=0.09s
[117.137s][info][gc,start       ] GC(60) Pause Young (System.gc())
[117.137s][info][gc,heap        ] GC(60) PSYoungGen: 1453837K(2353152K)->192K(2469888K) Eden: 1254701K(2153984K)->0K(2130432K) From: 199136K(199168K)->192K(339456K)
[117.137s][info][gc,heap        ] GC(60) ParOldGen: 5527K(5592576K)->5567K(5592576K)
[117.137s][info][gc,metaspace   ] GC(60) Metaspace: 16472K(16896K)->16472K(16896K) NonClass: 14122K(14400K)->14122K(14400K) Class: 2349K(2496K)->2349K(2496K)
[117.137s][info][gc             ] GC(60) Pause Young (System.gc()) 1425M->5M(7873M) 0.349ms
[117.137s][info][gc,cpu         ] GC(60) User=0.00s Sys=0.00s Real=0.00s
[117.137s][info][gc,start       ] GC(61) Pause Full (System.gc())
[117.137s][info][gc,phases,start] GC(61) Marking Phase
[117.142s][info][gc,phases      ] GC(61) Marking Phase 4.838ms
[117.142s][info][gc,phases,start] GC(61) Summary Phase
[117.142s][info][gc,phases      ] GC(61) Summary Phase 0.009ms
[117.142s][info][gc,phases,start] GC(61) Adjust Roots
[117.145s][info][gc,phases      ] GC(61) Adjust Roots 3.102ms
[117.145s][info][gc,phases,start] GC(61) Compaction Phase
[117.147s][info][gc,phases      ] GC(61) Compaction Phase 2.053ms
[117.147s][info][gc,phases,start] GC(61) Post Compact
[117.148s][info][gc,phases      ] GC(61) Post Compact 0.404ms
[117.148s][info][gc,heap        ] GC(61) PSYoungGen: 192K(2469888K)->0K(2469888K) Eden: 0K(2130432K)->0K(2130432K) From: 192K(339456K)->0K(339456K)
[117.148s][info][gc,heap        ] GC(61) ParOldGen: 5567K(5592576K)->5494K(5592576K)
[117.148s][info][gc,metaspace   ] GC(61) Metaspace: 16472K(16896K)->16472K(16896K) NonClass: 14122K(14400K)->14122K(14400K) Class: 2349K(2496K)->2349K(2496K)
[117.148s][info][gc             ] GC(61) Pause Full (System.gc()) 5M->5M(7873M) 10.622ms
[117.148s][info][gc,cpu         ] GC(61) User=0.00s Sys=0.02s Real=0.02s
[119.496s][info][gc,start       ] GC(62) Pause Young (Allocation Failure)
[119.497s][info][gc,heap        ] GC(62) PSYoungGen: 2130432K(2469888K)->352K(2456576K) Eden: 2130432K(2130432K)->0K(2130432K) From: 0K(339456K)->352K(326144K)
[119.497s][info][gc,heap        ] GC(62) ParOldGen: 5494K(5592576K)->5494K(5592576K)
[119.497s][info][gc,metaspace   ] GC(62) Metaspace: 16473K(16896K)->16473K(16896K) NonClass: 14123K(14400K)->14123K(14400K) Class: 2349K(2496K)->2349K(2496K)
[119.497s][info][gc             ] GC(62) Pause Young (Allocation Failure) 2085M->5M(7860M) 0.664ms
[119.497s][info][gc,cpu         ] GC(62) User=0.00s Sys=0.00s Real=0.00s
[123.092s][info][gc,start       ] GC(63) Pause Young (Allocation Failure)
[123.183s][info][gc,heap        ] GC(63) PSYoungGen: 2130784K(2456576K)->204256K(2428928K) Eden: 2130432K(2130432K)->0K(2117120K) From: 352K(326144K)->204256K(311808K)
[123.183s][info][gc,heap        ] GC(63) ParOldGen: 5494K(5592576K)->5534K(5592576K)
[123.183s][info][gc,metaspace   ] GC(63) Metaspace: 16473K(16896K)->16473K(16896K) NonClass: 14123K(14400K)->14123K(14400K) Class: 2349K(2496K)->2349K(2496K)
[123.183s][info][gc             ] GC(63) Pause Young (Allocation Failure) 2086M->204M(7833M) 90.700ms
[123.183s][info][gc,cpu         ] GC(63) User=0.56s Sys=0.00s Real=0.10s
[125.093s][info][gc,start       ] GC(64) Pause Young (System.gc())
[125.093s][info][gc,heap        ] GC(64) PSYoungGen: 1434208K(2428928K)->192K(2456576K) Eden: 1229952K(2117120K)->0K(2117120K) From: 204256K(311808K)->192K(339456K)
[125.093s][info][gc,heap        ] GC(64) ParOldGen: 5534K(5592576K)->5574K(5592576K)
[125.093s][info][gc,metaspace   ] GC(64) Metaspace: 16473K(16896K)->16473K(16896K) NonClass: 14124K(14400K)->14124K(14400K) Class: 2349K(2496K)->2349K(2496K)
[125.094s][info][gc             ] GC(64) Pause Young (System.gc()) 1405M->5M(7860M) 0.400ms
[125.094s][info][gc,cpu         ] GC(64) User=0.00s Sys=0.00s Real=0.00s
[125.094s][info][gc,start       ] GC(65) Pause Full (System.gc())
[125.094s][info][gc,phases,start] GC(65) Marking Phase
[125.098s][info][gc,phases      ] GC(65) Marking Phase 4.883ms
[125.099s][info][gc,phases,start] GC(65) Summary Phase
[125.099s][info][gc,phases      ] GC(65) Summary Phase 0.010ms
[125.099s][info][gc,phases,start] GC(65) Adjust Roots
[125.101s][info][gc,phases      ] GC(65) Adjust Roots 2.371ms
[125.101s][info][gc,phases,start] GC(65) Compaction Phase
[125.103s][info][gc,phases      ] GC(65) Compaction Phase 1.915ms
[125.103s][info][gc,phases,start] GC(65) Post Compact
[125.103s][info][gc,phases      ] GC(65) Post Compact 0.403ms
[125.103s][info][gc,heap        ] GC(65) PSYoungGen: 192K(2456576K)->0K(2456576K) Eden: 0K(2117120K)->0K(2117120K) From: 192K(339456K)->0K(339456K)
[125.103s][info][gc,heap        ] GC(65) ParOldGen: 5574K(5592576K)->5494K(5592576K)
[125.103s][info][gc,metaspace   ] GC(65) Metaspace: 16473K(16896K)->16473K(16896K) NonClass: 14124K(14400K)->14124K(14400K) Class: 2349K(2496K)->2349K(2496K)
[125.103s][info][gc             ] GC(65) Pause Full (System.gc()) 5M->5M(7860M) 9.830ms
[125.103s][info][gc,cpu         ] GC(65) User=0.02s Sys=0.00s Real=0.02s
[127.024s][info][gc,start       ] GC(66) Pause Young (Allocation Failure)
[127.024s][info][gc,heap        ] GC(66) PSYoungGen: 2117120K(2456576K)->352K(2484224K) Eden: 2117120K(2117120K)->0K(2158080K) From: 0K(339456K)->352K(326144K)
[127.024s][info][gc,heap        ] GC(66) ParOldGen: 5494K(5592576K)->5494K(5592576K)
[127.024s][info][gc,metaspace   ] GC(66) Metaspace: 16473K(16896K)->16473K(16896K) NonClass: 14124K(14400K)->14124K(14400K) Class: 2349K(2496K)->2349K(2496K)
[127.024s][info][gc             ] GC(66) Pause Young (Allocation Failure) 2072M->5M(7887M) 0.493ms
[127.024s][info][gc,cpu         ] GC(66) User=0.00s Sys=0.00s Real=0.00s
[130.866s][info][gc,start       ] GC(67) Pause Young (Allocation Failure)
[130.958s][info][gc,heap        ] GC(67) PSYoungGen: 2158432K(2484224K)->205984K(2364416K) Eden: 2158080K(2158080K)->0K(2158080K) From: 352K(326144K)->205984K(206336K)
[130.958s][info][gc,heap        ] GC(67) ParOldGen: 5494K(5592576K)->5518K(5592576K)
[130.958s][info][gc,metaspace   ] GC(67) Metaspace: 16473K(16896K)->16473K(16896K) NonClass: 14124K(14400K)->14124K(14400K) Class: 2349K(2496K)->2349K(2496K)
[130.958s][info][gc             ] GC(67) Pause Young (Allocation Failure) 2113M->206M(7770M) 92.243ms
[130.958s][info][gc,cpu         ] GC(67) User=0.45s Sys=0.00s Real=0.10s
[132.832s][info][gc,start       ] GC(68) Pause Young (System.gc())
[132.833s][info][gc,heap        ] GC(68) PSYoungGen: 1437267K(2364416K)->160K(2469376K) Eden: 1231283K(2158080K)->0K(2128896K) From: 205984K(206336K)->160K(340480K)
[132.833s][info][gc,heap        ] GC(68) ParOldGen: 5518K(5592576K)->5566K(5592576K)
[132.833s][info][gc,metaspace   ] GC(68) Metaspace: 16476K(16896K)->16476K(16896K) NonClass: 14126K(14400K)->14126K(14400K) Class: 2349K(2496K)->2349K(2496K)
[132.833s][info][gc             ] GC(68) Pause Young (System.gc()) 1408M->5M(7873M) 0.406ms
[132.833s][info][gc,cpu         ] GC(68) User=0.00s Sys=0.00s Real=0.00s
[132.833s][info][gc,start       ] GC(69) Pause Full (System.gc())
[132.833s][info][gc,phases,start] GC(69) Marking Phase
[132.838s][info][gc,phases      ] GC(69) Marking Phase 4.823ms
[132.838s][info][gc,phases,start] GC(69) Summary Phase
[132.838s][info][gc,phases      ] GC(69) Summary Phase 0.010ms
[132.838s][info][gc,phases,start] GC(69) Adjust Roots
[132.840s][info][gc,phases      ] GC(69) Adjust Roots 2.275ms
[132.840s][info][gc,phases,start] GC(69) Compaction Phase
[132.842s][info][gc,phases      ] GC(69) Compaction Phase 1.936ms
[132.842s][info][gc,phases,start] GC(69) Post Compact
[132.842s][info][gc,phases      ] GC(69) Post Compact 0.399ms
[132.842s][info][gc,heap        ] GC(69) PSYoungGen: 160K(2469376K)->0K(2469376K) Eden: 0K(2128896K)->0K(2128896K) From: 160K(340480K)->0K(340480K)
[132.842s][info][gc,heap        ] GC(69) ParOldGen: 5566K(5592576K)->5494K(5592576K)
[132.842s][info][gc,metaspace   ] GC(69) Metaspace: 16476K(16896K)->16476K(16896K) NonClass: 14126K(14400K)->14126K(14400K) Class: 2349K(2496K)->2349K(2496K)
[132.842s][info][gc             ] GC(69) Pause Full (System.gc()) 5M->5M(7873M) 9.641ms
[132.842s][info][gc,cpu         ] GC(69) User=0.09s Sys=0.00s Real=0.02s
[135.180s][info][gc,start       ] GC(70) Pause Young (Allocation Failure)
[135.181s][info][gc,heap        ] GC(70) PSYoungGen: 2128896K(2469376K)->352K(2455552K) Eden: 2128896K(2128896K)->0K(2128896K) From: 0K(340480K)->352K(326656K)
[135.181s][info][gc,heap        ] GC(70) ParOldGen: 5494K(5592576K)->5494K(5592576K)
[135.181s][info][gc,metaspace   ] GC(70) Metaspace: 16477K(16896K)->16477K(16896K) NonClass: 14127K(14400K)->14127K(14400K) Class: 2349K(2496K)->2349K(2496K)
[135.181s][info][gc             ] GC(70) Pause Young (Allocation Failure) 2084M->5M(7859M) 0.620ms
[135.181s][info][gc,cpu         ] GC(70) User=0.00s Sys=0.00s Real=0.00s
[138.999s][info][gc,start       ] GC(71) Pause Young (Allocation Failure)
[139.090s][info][gc,heap        ] GC(71) PSYoungGen: 2129248K(2455552K)->200032K(2431488K) Eden: 2128896K(2128896K)->0K(2119168K) From: 352K(326656K)->200032K(312320K)
[139.090s][info][gc,heap        ] GC(71) ParOldGen: 5494K(5592576K)->5534K(5592576K)
[139.090s][info][gc,metaspace   ] GC(71) Metaspace: 16477K(16896K)->16477K(16896K) NonClass: 14127K(14400K)->14127K(14400K) Class: 2349K(2496K)->2349K(2496K)
[139.090s][info][gc             ] GC(71) Pause Young (Allocation Failure) 2084M->200M(7836M) 90.964ms
[139.090s][info][gc,cpu         ] GC(71) User=0.55s Sys=0.00s Real=0.10s
[141.007s][info][gc,start       ] GC(72) Pause Young (System.gc())
[141.008s][info][gc,heap        ] GC(72) PSYoungGen: 1436954K(2431488K)->160K(2457600K) Eden: 1236922K(2119168K)->0K(2119168K) From: 200032K(312320K)->160K(338432K)
[141.008s][info][gc,heap        ] GC(72) ParOldGen: 5534K(5592576K)->5566K(5592576K)
[141.008s][info][gc,metaspace   ] GC(72) Metaspace: 16480K(16896K)->16480K(16896K) NonClass: 14130K(14400K)->14130K(14400K) Class: 2349K(2496K)->2349K(2496K)
[141.008s][info][gc             ] GC(72) Pause Young (System.gc()) 1408M->5M(7861M) 0.359ms
[141.008s][info][gc,cpu         ] GC(72) User=0.00s Sys=0.00s Real=0.00s
[141.008s][info][gc,start       ] GC(73) Pause Full (System.gc())
[141.008s][info][gc,phases,start] GC(73) Marking Phase
[141.012s][info][gc,phases      ] GC(73) Marking Phase 4.773ms
[141.012s][info][gc,phases,start] GC(73) Summary Phase
[141.012s][info][gc,phases      ] GC(73) Summary Phase 0.009ms
[141.012s][info][gc,phases,start] GC(73) Adjust Roots
[141.015s][info][gc,phases      ] GC(73) Adjust Roots 2.403ms
[141.015s][info][gc,phases,start] GC(73) Compaction Phase
[141.017s][info][gc,phases      ] GC(73) Compaction Phase 1.901ms
[141.017s][info][gc,phases,start] GC(73) Post Compact
[141.017s][info][gc,phases      ] GC(73) Post Compact 0.405ms
[141.017s][info][gc,heap        ] GC(73) PSYoungGen: 160K(2457600K)->0K(2457600K) Eden: 0K(2119168K)->0K(2119168K) From: 160K(338432K)->0K(338432K)
[141.017s][info][gc,heap        ] GC(73) ParOldGen: 5566K(5592576K)->5494K(5592576K)
[141.017s][info][gc,metaspace   ] GC(73) Metaspace: 16480K(16896K)->16480K(16896K) NonClass: 14130K(14400K)->14130K(14400K) Class: 2349K(2496K)->2349K(2496K)
[141.017s][info][gc             ] GC(73) Pause Full (System.gc()) 5M->5M(7861M) 9.726ms
[141.017s][info][gc,cpu         ] GC(73) User=0.00s Sys=0.00s Real=0.02s
[142.959s][info][gc,start       ] GC(74) Pause Young (Allocation Failure)
[142.959s][info][gc,heap        ] GC(74) PSYoungGen: 2119168K(2457600K)->352K(2485248K) Eden: 2119168K(2119168K)->0K(2160128K) From: 0K(338432K)->352K(325120K)
[142.959s][info][gc,heap        ] GC(74) ParOldGen: 5494K(5592576K)->5494K(5592576K)
[142.959s][info][gc,metaspace   ] GC(74) Metaspace: 16480K(16896K)->16480K(16896K) NonClass: 14131K(14400K)->14131K(14400K) Class: 2349K(2496K)->2349K(2496K)
[142.959s][info][gc             ] GC(74) Pause Young (Allocation Failure) 2074M->5M(7888M) 0.483ms
[142.959s][info][gc,cpu         ] GC(74) User=0.00s Sys=0.00s Real=0.00s
[146.791s][info][gc,start       ] GC(75) Pause Young (Allocation Failure)
[146.888s][info][gc,heap        ] GC(75) PSYoungGen: 2160480K(2485248K)->206656K(2366976K) Eden: 2160128K(2160128K)->0K(2160128K) From: 352K(325120K)->206656K(206848K)
[146.888s][info][gc,heap        ] GC(75) ParOldGen: 5494K(5592576K)->5526K(5592576K)
[146.888s][info][gc,metaspace   ] GC(75) Metaspace: 16480K(16896K)->16480K(16896K) NonClass: 14131K(14400K)->14131K(14400K) Class: 2349K(2496K)->2349K(2496K)
[146.888s][info][gc             ] GC(75) Pause Young (Allocation Failure) 2115M->207M(7773M) 97.757ms
[146.889s][info][gc,cpu         ] GC(75) User=0.56s Sys=0.00s Real=0.11s
[148.750s][info][gc,start       ] GC(76) Pause Young (System.gc())
[148.750s][info][gc,heap        ] GC(76) PSYoungGen: 1436988K(2366976K)->128K(2469888K) Eden: 1230332K(2160128K)->0K(2129920K) From: 206656K(206848K)->128K(339968K)
[148.750s][info][gc,heap        ] GC(76) ParOldGen: 5526K(5592576K)->5558K(5592576K)
[148.750s][info][gc,metaspace   ] GC(76) Metaspace: 16494K(16896K)->16494K(16896K) NonClass: 14145K(14400K)->14145K(14400K) Class: 2349K(2496K)->2349K(2496K)
[148.750s][info][gc             ] GC(76) Pause Young (System.gc()) 1408M->5M(7873M) 0.454ms
[148.750s][info][gc,cpu         ] GC(76) User=0.00s Sys=0.00s Real=0.00s
[148.750s][info][gc,start       ] GC(77) Pause Full (System.gc())
[148.750s][info][gc,phases,start] GC(77) Marking Phase
[148.755s][info][gc,phases      ] GC(77) Marking Phase 4.837ms
[148.755s][info][gc,phases,start] GC(77) Summary Phase
[148.755s][info][gc,phases      ] GC(77) Summary Phase 0.009ms
[148.755s][info][gc,phases,start] GC(77) Adjust Roots
[148.758s][info][gc,phases      ] GC(77) Adjust Roots 2.260ms
[148.758s][info][gc,phases,start] GC(77) Compaction Phase
[148.760s][info][gc,phases      ] GC(77) Compaction Phase 2.012ms
[148.760s][info][gc,phases,start] GC(77) Post Compact
[148.760s][info][gc,phases      ] GC(77) Post Compact 0.403ms
[148.760s][info][gc,heap        ] GC(77) PSYoungGen: 128K(2469888K)->0K(2469888K) Eden: 0K(2129920K)->0K(2129920K) From: 128K(339968K)->0K(339968K)
[148.760s][info][gc,heap        ] GC(77) ParOldGen: 5558K(5592576K)->5494K(5592576K)
[148.760s][info][gc,metaspace   ] GC(77) Metaspace: 16494K(16896K)->16494K(16896K) NonClass: 14145K(14400K)->14145K(14400K) Class: 2349K(2496K)->2349K(2496K)
[148.760s][info][gc             ] GC(77) Pause Full (System.gc()) 5M->5M(7873M) 9.743ms
[148.760s][info][gc,cpu         ] GC(77) User=0.00s Sys=0.02s Real=0.02s
[150.749s][info][gc,start       ] GC(78) Pause Young (Allocation Failure)
[150.749s][info][gc,heap        ] GC(78) PSYoungGen: 2129920K(2469888K)->384K(2456064K) Eden: 2129920K(2129920K)->0K(2129920K) From: 0K(339968K)->384K(326144K)
[150.749s][info][gc,heap        ] GC(78) ParOldGen: 5494K(5592576K)->5494K(5592576K)
[150.749s][info][gc,metaspace   ] GC(78) Metaspace: 16494K(16896K)->16494K(16896K) NonClass: 14145K(14400K)->14145K(14400K) Class: 2349K(2496K)->2349K(2496K)
[150.749s][info][gc             ] GC(78) Pause Young (Allocation Failure) 2085M->5M(7860M) 0.525ms
[150.749s][info][gc,cpu         ] GC(78) User=0.00s Sys=0.00s Real=0.00s
[154.606s][info][gc,start       ] GC(79) Pause Young (Allocation Failure)
[154.699s][info][gc,heap        ] GC(79) PSYoungGen: 2130304K(2456064K)->201472K(2429952K) Eden: 2129920K(2129920K)->0K(2118144K) From: 384K(326144K)->201472K(311808K)
[154.699s][info][gc,heap        ] GC(79) ParOldGen: 5494K(5592576K)->5526K(5592576K)
[154.699s][info][gc,metaspace   ] GC(79) Metaspace: 16494K(16896K)->16494K(16896K) NonClass: 14145K(14400K)->14145K(14400K) Class: 2349K(2496K)->2349K(2496K)
[154.699s][info][gc             ] GC(79) Pause Young (Allocation Failure) 2085M->202M(7834M) 93.620ms
[154.699s][info][gc,cpu         ] GC(79) User=0.56s Sys=0.00s Real=0.09s
[156.605s][info][gc,start       ] GC(80) Pause Young (System.gc())
[156.606s][info][gc,heap        ] GC(80) PSYoungGen: 1446291K(2429952K)->192K(2457088K) Eden: 1244819K(2118144K)->0K(2118144K) From: 201472K(311808K)->192K(338944K)
[156.606s][info][gc,heap        ] GC(80) ParOldGen: 5526K(5592576K)->5558K(5592576K)
[156.606s][info][gc,metaspace   ] GC(80) Metaspace: 16494K(16896K)->16494K(16896K) NonClass: 14145K(14400K)->14145K(14400K) Class: 2349K(2496K)->2349K(2496K)
[156.606s][info][gc             ] GC(80) Pause Young (System.gc()) 1417M->5M(7861M) 0.340ms
[156.606s][info][gc,cpu         ] GC(80) User=0.00s Sys=0.00s Real=0.00s
[156.606s][info][gc,start       ] GC(81) Pause Full (System.gc())
[156.606s][info][gc,phases,start] GC(81) Marking Phase
[156.611s][info][gc,phases      ] GC(81) Marking Phase 5.274ms
[156.611s][info][gc,phases,start] GC(81) Summary Phase
[156.611s][info][gc,phases      ] GC(81) Summary Phase 0.009ms
[156.611s][info][gc,phases,start] GC(81) Adjust Roots
[156.614s][info][gc,phases      ] GC(81) Adjust Roots 2.555ms
[156.614s][info][gc,phases,start] GC(81) Compaction Phase
[156.616s][info][gc,phases      ] GC(81) Compaction Phase 2.301ms
[156.616s][info][gc,phases,start] GC(81) Post Compact
[156.616s][info][gc,phases      ] GC(81) Post Compact 0.401ms
[156.617s][info][gc,heap        ] GC(81) PSYoungGen: 192K(2457088K)->0K(2457088K) Eden: 0K(2118144K)->0K(2118144K) From: 192K(338944K)->0K(338944K)
[156.617s][info][gc,heap        ] GC(81) ParOldGen: 5558K(5592576K)->5494K(5592576K)
[156.617s][info][gc,metaspace   ] GC(81) Metaspace: 16494K(16896K)->16494K(16896K) NonClass: 14145K(14400K)->14145K(14400K) Class: 2349K(2496K)->2349K(2496K)
[156.617s][info][gc             ] GC(81) Pause Full (System.gc()) 5M->5M(7861M) 10.788ms
[156.617s][info][gc,cpu         ] GC(81) User=0.09s Sys=0.00s Real=0.02s
[158.812s][info][gc,start       ] GC(82) Pause Young (Allocation Failure)
[158.813s][info][gc,heap        ] GC(82) PSYoungGen: 2118144K(2457088K)->352K(2485248K) Eden: 2118144K(2118144K)->0K(2160128K) From: 0K(338944K)->352K(325120K)
[158.813s][info][gc,heap        ] GC(82) ParOldGen: 5494K(5592576K)->5494K(5592576K)
[158.813s][info][gc,metaspace   ] GC(82) Metaspace: 16494K(16896K)->16494K(16896K) NonClass: 14145K(14400K)->14145K(14400K) Class: 2349K(2496K)->2349K(2496K)
[158.813s][info][gc             ] GC(82) Pause Young (Allocation Failure) 2073M->5M(7888M) 0.665ms
[158.813s][info][gc,cpu         ] GC(82) User=0.00s Sys=0.00s Real=0.00s
[162.456s][info][gc,start       ] GC(83) Pause Young (Allocation Failure)
[162.552s][info][gc,heap        ] GC(83) PSYoungGen: 2160480K(2485248K)->208160K(2368512K) Eden: 2160128K(2160128K)->0K(2160128K) From: 352K(325120K)->208160K(208384K)
[162.552s][info][gc,heap        ] GC(83) ParOldGen: 5494K(5592576K)->5526K(5592576K)
[162.552s][info][gc,metaspace   ] GC(83) Metaspace: 16494K(16896K)->16494K(16896K) NonClass: 14145K(14400K)->14145K(14400K) Class: 2349K(2496K)->2349K(2496K)
[162.552s][info][gc             ] GC(83) Pause Young (Allocation Failure) 2115M->208M(7774M) 95.855ms
[162.552s][info][gc,cpu         ] GC(83) User=0.53s Sys=0.00s Real=0.11s
[164.432s][info][gc,start       ] GC(84) Pause Young (System.gc())
[164.433s][info][gc,heap        ] GC(84) PSYoungGen: 1432488K(2368512K)->160K(2469376K) Eden: 1224328K(2160128K)->0K(2128896K) From: 208160K(208384K)->160K(340480K)
[164.433s][info][gc,heap        ] GC(84) ParOldGen: 5526K(5592576K)->5566K(5592576K)
[164.433s][info][gc,metaspace   ] GC(84) Metaspace: 16495K(16896K)->16495K(16896K) NonClass: 14145K(14400K)->14145K(14400K) Class: 2349K(2496K)->2349K(2496K)
[164.433s][info][gc             ] GC(84) Pause Young (System.gc()) 1404M->5M(7873M) 0.327ms
[164.433s][info][gc,cpu         ] GC(84) User=0.00s Sys=0.00s Real=0.00s
[164.433s][info][gc,start       ] GC(85) Pause Full (System.gc())
[164.433s][info][gc,phases,start] GC(85) Marking Phase
[164.438s][info][gc,phases      ] GC(85) Marking Phase 4.970ms
[164.438s][info][gc,phases,start] GC(85) Summary Phase
[164.438s][info][gc,phases      ] GC(85) Summary Phase 0.009ms
[164.438s][info][gc,phases,start] GC(85) Adjust Roots
[164.441s][info][gc,phases      ] GC(85) Adjust Roots 2.861ms
[164.441s][info][gc,phases,start] GC(85) Compaction Phase
[164.443s][info][gc,phases      ] GC(85) Compaction Phase 2.064ms
[164.443s][info][gc,phases,start] GC(85) Post Compact
[164.443s][info][gc,phases      ] GC(85) Post Compact 0.403ms
[164.443s][info][gc,heap        ] GC(85) PSYoungGen: 160K(2469376K)->0K(2469376K) Eden: 0K(2128896K)->0K(2128896K) From: 160K(340480K)->0K(340480K)
[164.443s][info][gc,heap        ] GC(85) ParOldGen: 5566K(5592576K)->5494K(5592576K)
[164.443s][info][gc,metaspace   ] GC(85) Metaspace: 16495K(16896K)->16495K(16896K) NonClass: 14145K(14400K)->14145K(14400K) Class: 2349K(2496K)->2349K(2496K)
[164.443s][info][gc             ] GC(85) Pause Full (System.gc()) 5M->5M(7873M) 10.480ms
[164.443s][info][gc,cpu         ] GC(85) User=0.03s Sys=0.00s Real=0.02s
[166.655s][info][gc,start       ] GC(86) Pause Young (Allocation Failure)
[166.655s][info][gc,heap        ] GC(86) PSYoungGen: 2128896K(2469376K)->320K(2455552K) Eden: 2128896K(2128896K)->0K(2128896K) From: 0K(340480K)->320K(326656K)
[166.655s][info][gc,heap        ] GC(86) ParOldGen: 5494K(5592576K)->5502K(5592576K)
[166.655s][info][gc,metaspace   ] GC(86) Metaspace: 16499K(16896K)->16499K(16896K) NonClass: 14149K(14400K)->14149K(14400K) Class: 2349K(2496K)->2349K(2496K)
[166.655s][info][gc             ] GC(86) Pause Young (Allocation Failure) 2084M->5M(7859M) 0.515ms
[166.655s][info][gc,cpu         ] GC(86) User=0.00s Sys=0.00s Real=0.00s
[170.953s][info][gc,start       ] GC(87) Pause Young (Allocation Failure)
[171.044s][info][gc,heap        ] GC(87) PSYoungGen: 2129216K(2455552K)->197856K(2433024K) Eden: 2128896K(2128896K)->0K(2120192K) From: 320K(326656K)->197856K(312832K)
[171.044s][info][gc,heap        ] GC(87) ParOldGen: 5502K(5592576K)->5526K(5592576K)
[171.044s][info][gc,metaspace   ] GC(87) Metaspace: 16502K(16896K)->16502K(16896K) NonClass: 14152K(14400K)->14152K(14400K) Class: 2349K(2496K)->2349K(2496K)
[171.044s][info][gc             ] GC(87) Pause Young (Allocation Failure) 2084M->198M(7837M) 90.204ms
[171.044s][info][gc,cpu         ] GC(87) User=0.56s Sys=0.00s Real=0.09s
[172.947s][info][gc,start       ] GC(88) Pause Young (System.gc())
[172.947s][info][gc,heap        ] GC(88) PSYoungGen: 1443546K(2433024K)->192K(2458112K) Eden: 1245690K(2120192K)->0K(2120192K) From: 197856K(312832K)->192K(337920K)
[172.947s][info][gc,heap        ] GC(88) ParOldGen: 5526K(5592576K)->5558K(5592576K)
[172.947s][info][gc,metaspace   ] GC(88) Metaspace: 16504K(16896K)->16504K(16896K) NonClass: 14155K(14400K)->14155K(14400K) Class: 2349K(2496K)->2349K(2496K)
[172.947s][info][gc             ] GC(88) Pause Young (System.gc()) 1415M->5M(7862M) 0.429ms
[172.947s][info][gc,cpu         ] GC(88) User=0.00s Sys=0.00s Real=0.00s
[172.947s][info][gc,start       ] GC(89) Pause Full (System.gc())
[172.947s][info][gc,phases,start] GC(89) Marking Phase
[172.952s][info][gc,phases      ] GC(89) Marking Phase 5.053ms
[172.952s][info][gc,phases,start] GC(89) Summary Phase
[172.952s][info][gc,phases      ] GC(89) Summary Phase 0.010ms
[172.952s][info][gc,phases,start] GC(89) Adjust Roots
[172.956s][info][gc,phases      ] GC(89) Adjust Roots 3.219ms
[172.956s][info][gc,phases,start] GC(89) Compaction Phase
[172.958s][info][gc,phases      ] GC(89) Compaction Phase 2.041ms
[172.958s][info][gc,phases,start] GC(89) Post Compact
[172.958s][info][gc,phases      ] GC(89) Post Compact 0.404ms
[172.958s][info][gc,heap        ] GC(89) PSYoungGen: 192K(2458112K)->0K(2458112K) Eden: 0K(2120192K)->0K(2120192K) From: 192K(337920K)->0K(337920K)
[172.958s][info][gc,heap        ] GC(89) ParOldGen: 5558K(5592576K)->5495K(5592576K)
[172.958s][info][gc,metaspace   ] GC(89) Metaspace: 16504K(16896K)->16504K(16896K) NonClass: 14155K(14400K)->14155K(14400K) Class: 2349K(2496K)->2349K(2496K)
[172.958s][info][gc             ] GC(89) Pause Full (System.gc()) 5M->5M(7862M) 10.967ms
[172.958s][info][gc,cpu         ] GC(89) User=0.00s Sys=0.00s Real=0.01s
[175.002s][info][gc,start       ] GC(90) Pause Young (Allocation Failure)
[175.003s][info][gc,heap        ] GC(90) PSYoungGen: 2120192K(2458112K)->352K(2485760K) Eden: 2120192K(2120192K)->0K(2161152K) From: 0K(337920K)->352K(324608K)
[175.003s][info][gc,heap        ] GC(90) ParOldGen: 5495K(5592576K)->5495K(5592576K)
[175.003s][info][gc,metaspace   ] GC(90) Metaspace: 16505K(16896K)->16505K(16896K) NonClass: 14156K(14400K)->14156K(14400K) Class: 2349K(2496K)->2349K(2496K)
[175.003s][info][gc             ] GC(90) Pause Young (Allocation Failure) 2075M->5M(7889M) 0.541ms
[175.003s][info][gc,cpu         ] GC(90) User=0.00s Sys=0.00s Real=0.00s
[178.866s][info][gc,start       ] GC(91) Pause Young (Allocation Failure)
[178.963s][info][gc,heap        ] GC(91) PSYoungGen: 2161504K(2485760K)->209440K(2371072K) Eden: 2161152K(2161152K)->0K(2161152K) From: 352K(324608K)->209440K(209920K)
[178.963s][info][gc,heap        ] GC(91) ParOldGen: 5495K(5592576K)->5535K(5592576K)
[178.963s][info][gc,metaspace   ] GC(91) Metaspace: 16505K(16896K)->16505K(16896K) NonClass: 14156K(14400K)->14156K(14400K) Class: 2349K(2496K)->2349K(2496K)
[178.963s][info][gc             ] GC(91) Pause Young (Allocation Failure) 2116M->209M(7777M) 96.693ms
[178.963s][info][gc,cpu         ] GC(91) User=0.56s Sys=0.00s Real=0.10s
[180.854s][info][gc,start       ] GC(92) Pause Young (System.gc())
[180.854s][info][gc,heap        ] GC(92) PSYoungGen: 1433763K(2371072K)->160K(2469376K) Eden: 1224323K(2161152K)->0K(2128896K) From: 209440K(209920K)->160K(340480K)
[180.854s][info][gc,heap        ] GC(92) ParOldGen: 5535K(5592576K)->5575K(5592576K)
[180.854s][info][gc,metaspace   ] GC(92) Metaspace: 16507K(16896K)->16507K(16896K) NonClass: 14157K(14400K)->14157K(14400K) Class: 2349K(2496K)->2349K(2496K)
[180.854s][info][gc             ] GC(92) Pause Young (System.gc()) 1405M->5M(7873M) 0.457ms
[180.854s][info][gc,cpu         ] GC(92) User=0.00s Sys=0.00s Real=0.00s
[180.854s][info][gc,start       ] GC(93) Pause Full (System.gc())
[180.854s][info][gc,phases,start] GC(93) Marking Phase
[180.859s][info][gc,phases      ] GC(93) Marking Phase 5.005ms
[180.859s][info][gc,phases,start] GC(93) Summary Phase
[180.859s][info][gc,phases      ] GC(93) Summary Phase 0.010ms
[180.859s][info][gc,phases,start] GC(93) Adjust Roots
[180.862s][info][gc,phases      ] GC(93) Adjust Roots 2.326ms
[180.862s][info][gc,phases,start] GC(93) Compaction Phase
[180.864s][info][gc,phases      ] GC(93) Compaction Phase 1.949ms
[180.864s][info][gc,phases,start] GC(93) Post Compact
[180.864s][info][gc,phases      ] GC(93) Post Compact 0.404ms
[180.864s][info][gc,heap        ] GC(93) PSYoungGen: 160K(2469376K)->0K(2469376K) Eden: 0K(2128896K)->0K(2128896K) From: 160K(340480K)->0K(340480K)
[180.864s][info][gc,heap        ] GC(93) ParOldGen: 5575K(5592576K)->5495K(5592576K)
[180.864s][info][gc,metaspace   ] GC(93) Metaspace: 16507K(16896K)->16507K(16896K) NonClass: 14157K(14400K)->14157K(14400K) Class: 2349K(2496K)->2349K(2496K)
[180.864s][info][gc             ] GC(93) Pause Full (System.gc()) 5M->5M(7873M) 9.922ms
[180.864s][info][gc,cpu         ] GC(93) User=0.00s Sys=0.00s Real=0.00s
[182.952s][info][gc,start       ] GC(94) Pause Young (Allocation Failure)
[182.953s][info][gc,heap        ] GC(94) PSYoungGen: 2128896K(2469376K)->384K(2455552K) Eden: 2128896K(2128896K)->0K(2128896K) From: 0K(340480K)->384K(326656K)
[182.953s][info][gc,heap        ] GC(94) ParOldGen: 5495K(5592576K)->5495K(5592576K)
[182.953s][info][gc,metaspace   ] GC(94) Metaspace: 16508K(16896K)->16508K(16896K) NonClass: 14158K(14400K)->14158K(14400K) Class: 2349K(2496K)->2349K(2496K)
[182.953s][info][gc             ] GC(94) Pause Young (Allocation Failure) 2084M->5M(7859M) 0.507ms
[182.953s][info][gc,cpu         ] GC(94) User=0.00s Sys=0.00s Real=0.00s
[186.602s][info][gc,start       ] GC(95) Pause Young (Allocation Failure)
[186.698s][info][gc,heap        ] GC(95) PSYoungGen: 2129280K(2455552K)->203104K(2428416K) Eden: 2128896K(2128896K)->0K(2116096K) From: 384K(326656K)->203104K(312320K)
[186.698s][info][gc,heap        ] GC(95) ParOldGen: 5495K(5592576K)->5527K(5592576K)
[186.698s][info][gc,metaspace   ] GC(95) Metaspace: 16512K(16896K)->16512K(16896K) NonClass: 14162K(14400K)->14162K(14400K) Class: 2349K(2496K)->2349K(2496K)
[186.699s][info][gc             ] GC(95) Pause Young (Allocation Failure) 2084M->203M(7833M) 96.213ms
[186.699s][info][gc,cpu         ] GC(95) User=0.56s Sys=0.00s Real=0.11s
[188.578s][info][gc,start       ] GC(96) Pause Young (System.gc())
[188.579s][info][gc,heap        ] GC(96) PSYoungGen: 1440893K(2428416K)->192K(2456064K) Eden: 1237789K(2116096K)->0K(2116096K) From: 203104K(312320K)->192K(339968K)
[188.579s][info][gc,heap        ] GC(96) ParOldGen: 5527K(5592576K)->5575K(5592576K)
[188.579s][info][gc,metaspace   ] GC(96) Metaspace: 16512K(16896K)->16512K(16896K) NonClass: 14162K(14400K)->14162K(14400K) Class: 2349K(2496K)->2349K(2496K)
[188.579s][info][gc             ] GC(96) Pause Young (System.gc()) 1412M->5M(7860M) 0.408ms
[188.579s][info][gc,cpu         ] GC(96) User=0.00s Sys=0.00s Real=0.00s
[188.579s][info][gc,start       ] GC(97) Pause Full (System.gc())
[188.579s][info][gc,phases,start] GC(97) Marking Phase
[188.583s][info][gc,phases      ] GC(97) Marking Phase 3.958ms
[188.583s][info][gc,phases,start] GC(97) Summary Phase
[188.583s][info][gc,phases      ] GC(97) Summary Phase 0.015ms
[188.583s][info][gc,phases,start] GC(97) Adjust Roots
[188.584s][info][gc,phases      ] GC(97) Adjust Roots 1.594ms
[188.585s][info][gc,phases,start] GC(97) Compaction Phase
[188.586s][info][gc,phases      ] GC(97) Compaction Phase 1.936ms
[188.587s][info][gc,phases,start] GC(97) Post Compact
[188.587s][info][gc,phases      ] GC(97) Post Compact 0.405ms
[188.587s][info][gc,heap        ] GC(97) PSYoungGen: 192K(2456064K)->0K(2456064K) Eden: 0K(2116096K)->0K(2116096K) From: 192K(339968K)->0K(339968K)
[188.587s][info][gc,heap        ] GC(97) ParOldGen: 5575K(5592576K)->5494K(5592576K)
[188.587s][info][gc,metaspace   ] GC(97) Metaspace: 16512K(16896K)->16512K(16896K) NonClass: 14162K(14400K)->14162K(14400K) Class: 2349K(2496K)->2349K(2496K)
[188.587s][info][gc             ] GC(97) Pause Full (System.gc()) 5M->5M(7860M) 8.129ms
[188.587s][info][gc,cpu         ] GC(97) User=0.02s Sys=0.00s Real=0.00s
[190.696s][info][gc,start       ] GC(98) Pause Young (Allocation Failure)
[190.697s][info][gc,heap        ] GC(98) PSYoungGen: 2116096K(2456064K)->352K(2484224K) Eden: 2116096K(2116096K)->0K(2158080K) From: 0K(339968K)->352K(326144K)
[190.697s][info][gc,heap        ] GC(98) ParOldGen: 5494K(5592576K)->5494K(5592576K)
[190.697s][info][gc,metaspace   ] GC(98) Metaspace: 16512K(16896K)->16512K(16896K) NonClass: 14162K(14400K)->14162K(14400K) Class: 2349K(2496K)->2349K(2496K)
[190.697s][info][gc             ] GC(98) Pause Young (Allocation Failure) 2071M->5M(7887M) 0.533ms
[190.697s][info][gc,cpu         ] GC(98) User=0.00s Sys=0.00s Real=0.00s
[193.986s][info][gc,start       ] GC(99) Pause Young (Allocation Failure)
[194.081s][info][gc,heap        ] GC(99) PSYoungGen: 2158432K(2484224K)->208928K(2367488K) Eden: 2158080K(2158080K)->0K(2158080K) From: 352K(326144K)->208928K(209408K)
[194.081s][info][gc,heap        ] GC(99) ParOldGen: 5494K(5592576K)->5534K(5592576K)
[194.081s][info][gc,metaspace   ] GC(99) Metaspace: 16512K(16896K)->16512K(16896K) NonClass: 14162K(14400K)->14162K(14400K) Class: 2349K(2496K)->2349K(2496K)
[194.081s][info][gc             ] GC(99) Pause Young (Allocation Failure) 2113M->209M(7773M) 94.542ms
[194.081s][info][gc,cpu         ] GC(99) User=0.56s Sys=0.00s Real=0.11s
[195.951s][info][gc,start       ] GC(100) Pause Young (System.gc())
[195.951s][info][gc,heap        ] GC(100) PSYoungGen: 1423644K(2367488K)->160K(2468352K) Eden: 1214716K(2158080K)->0K(2126848K) From: 208928K(209408K)->160K(341504K)
[195.951s][info][gc,heap        ] GC(100) ParOldGen: 5534K(5592576K)->5566K(5592576K)
[195.951s][info][gc,metaspace   ] GC(100) Metaspace: 16512K(16896K)->16512K(16896K) NonClass: 14162K(14400K)->14162K(14400K) Class: 2349K(2496K)->2349K(2496K)
[195.951s][info][gc             ] GC(100) Pause Young (System.gc()) 1395M->5M(7872M) 0.309ms
[195.951s][info][gc,cpu         ] GC(100) User=0.00s Sys=0.00s Real=0.00s
[195.951s][info][gc,start       ] GC(101) Pause Full (System.gc())
[195.951s][info][gc,phases,start] GC(101) Marking Phase
[195.955s][info][gc,phases      ] GC(101) Marking Phase 4.180ms
[195.955s][info][gc,phases,start] GC(101) Summary Phase
[195.955s][info][gc,phases      ] GC(101) Summary Phase 0.010ms
[195.955s][info][gc,phases,start] GC(101) Adjust Roots
[195.957s][info][gc,phases      ] GC(101) Adjust Roots 1.776ms
[195.957s][info][gc,phases,start] GC(101) Compaction Phase
[195.960s][info][gc,phases      ] GC(101) Compaction Phase 3.087ms
[195.960s][info][gc,phases,start] GC(101) Post Compact
[195.961s][info][gc,phases      ] GC(101) Post Compact 0.534ms
[195.961s][info][gc,heap        ] GC(101) PSYoungGen: 160K(2468352K)->0K(2468352K) Eden: 0K(2126848K)->0K(2126848K) From: 160K(341504K)->0K(341504K)
[195.961s][info][gc,heap        ] GC(101) ParOldGen: 5566K(5592576K)->5495K(5592576K)
[195.961s][info][gc,metaspace   ] GC(101) Metaspace: 16512K(16896K)->16512K(16896K) NonClass: 14162K(14400K)->14162K(14400K) Class: 2349K(2496K)->2349K(2496K)
[195.961s][info][gc             ] GC(101) Pause Full (System.gc()) 5M->5M(7872M) 9.783ms
[195.961s][info][gc,cpu         ] GC(101) User=0.05s Sys=0.00s Real=0.02s
[197.874s][info][gc,start       ] GC(102) Pause Young (Allocation Failure)
[197.874s][info][gc,heap        ] GC(102) PSYoungGen: 2126848K(2468352K)->384K(2454528K) Eden: 2126848K(2126848K)->0K(2126848K) From: 0K(341504K)->384K(327680K)
[197.874s][info][gc,heap        ] GC(102) ParOldGen: 5495K(5592576K)->5495K(5592576K)
[197.874s][info][gc,metaspace   ] GC(102) Metaspace: 16514K(16896K)->16514K(16896K) NonClass: 14165K(14400K)->14165K(14400K) Class: 2349K(2496K)->2349K(2496K)
[197.874s][info][gc             ] GC(102) Pause Young (Allocation Failure) 2082M->5M(7858M) 0.543ms
[197.874s][info][gc,cpu         ] GC(102) User=0.00s Sys=0.00s Real=0.00s
[201.235s][info][gc,start       ] GC(103) Pause Young (Allocation Failure)
[201.324s][info][gc,heap        ] GC(103) PSYoungGen: 2127232K(2454528K)->194912K(2434560K) Eden: 2126848K(2126848K)->0K(2121216K) From: 384K(327680K)->194912K(313344K)
[201.324s][info][gc,heap        ] GC(103) ParOldGen: 5495K(5592576K)->5527K(5592576K)
[201.324s][info][gc,metaspace   ] GC(103) Metaspace: 16517K(16896K)->16517K(16896K) NonClass: 14167K(14400K)->14167K(14400K) Class: 2349K(2496K)->2349K(2496K)
[201.324s][info][gc             ] GC(103) Pause Young (Allocation Failure) 2082M->195M(7839M) 88.687ms
[201.324s][info][gc,cpu         ] GC(103) User=0.53s Sys=0.02s Real=0.10s
[203.221s][info][gc,start       ] GC(104) Pause Young (System.gc())
[203.221s][info][gc,heap        ] GC(104) PSYoungGen: 1454102K(2434560K)->160K(2458624K) Eden: 1259190K(2121216K)->0K(2121216K) From: 194912K(313344K)->160K(337408K)
[203.221s][info][gc,heap        ] GC(104) ParOldGen: 5527K(5592576K)->5567K(5592576K)
[203.221s][info][gc,metaspace   ] GC(104) Metaspace: 16518K(16896K)->16518K(16896K) NonClass: 14169K(14400K)->14169K(14400K) Class: 2349K(2496K)->2349K(2496K)
[203.221s][info][gc             ] GC(104) Pause Young (System.gc()) 1425M->5M(7862M) 0.416ms
[203.221s][info][gc,cpu         ] GC(104) User=0.00s Sys=0.00s Real=0.00s
[203.221s][info][gc,start       ] GC(105) Pause Full (System.gc())
[203.221s][info][gc,phases,start] GC(105) Marking Phase
[203.225s][info][gc,phases      ] GC(105) Marking Phase 3.722ms
[203.225s][info][gc,phases,start] GC(105) Summary Phase
[203.225s][info][gc,phases      ] GC(105) Summary Phase 0.010ms
[203.225s][info][gc,phases,start] GC(105) Adjust Roots
[203.227s][info][gc,phases      ] GC(105) Adjust Roots 2.209ms
[203.227s][info][gc,phases,start] GC(105) Compaction Phase
[203.230s][info][gc,phases      ] GC(105) Compaction Phase 2.526ms
[203.230s][info][gc,phases,start] GC(105) Post Compact
[203.230s][info][gc,phases      ] GC(105) Post Compact 0.400ms
[203.230s][info][gc,heap        ] GC(105) PSYoungGen: 160K(2458624K)->0K(2458624K) Eden: 0K(2121216K)->0K(2121216K) From: 160K(337408K)->0K(337408K)
[203.230s][info][gc,heap        ] GC(105) ParOldGen: 5567K(5592576K)->5495K(5592576K)
[203.230s][info][gc,metaspace   ] GC(105) Metaspace: 16518K(16896K)->16518K(16896K) NonClass: 14169K(14400K)->14169K(14400K) Class: 2349K(2496K)->2349K(2496K)
[203.230s][info][gc             ] GC(105) Pause Full (System.gc()) 5M->5M(7862M) 9.058ms
[203.230s][info][gc,cpu         ] GC(105) User=0.02s Sys=0.00s Real=0.02s
[205.375s][info][gc,start       ] GC(106) Pause Young (Allocation Failure)
[205.375s][info][gc,heap        ] GC(106) PSYoungGen: 2121216K(2458624K)->384K(2486272K) Eden: 2121216K(2121216K)->0K(2162176K) From: 0K(337408K)->384K(324096K)
[205.375s][info][gc,heap        ] GC(106) ParOldGen: 5495K(5592576K)->5495K(5592576K)
[205.375s][info][gc,metaspace   ] GC(106) Metaspace: 16518K(16896K)->16518K(16896K) NonClass: 14169K(14400K)->14169K(14400K) Class: 2349K(2496K)->2349K(2496K)
[205.375s][info][gc             ] GC(106) Pause Young (Allocation Failure) 2076M->5M(7889M) 0.532ms
[205.375s][info][gc,cpu         ] GC(106) User=0.00s Sys=0.00s Real=0.00s
[208.783s][info][gc,start       ] GC(107) Pause Young (Allocation Failure)
[208.879s][info][gc,heap        ] GC(107) PSYoungGen: 2162560K(2486272K)->208096K(2370560K) Eden: 2162176K(2162176K)->0K(2162176K) From: 384K(324096K)->208096K(208384K)
[208.880s][info][gc,heap        ] GC(107) ParOldGen: 5495K(5592576K)->5535K(5592576K)
[208.880s][info][gc,metaspace   ] GC(107) Metaspace: 16518K(16896K)->16518K(16896K) NonClass: 14169K(14400K)->14169K(14400K) Class: 2349K(2496K)->2349K(2496K)
[208.880s][info][gc             ] GC(107) Pause Young (Allocation Failure) 2117M->208M(7776M) 96.397ms
[208.880s][info][gc,cpu         ] GC(107) User=0.56s Sys=0.00s Real=0.10s
[210.763s][info][gc,start       ] GC(108) Pause Young (System.gc())
[210.764s][info][gc,heap        ] GC(108) PSYoungGen: 1436293K(2370560K)->160K(2469888K) Eden: 1228197K(2162176K)->0K(2130432K) From: 208096K(208384K)->160K(339456K)
[210.764s][info][gc,heap        ] GC(108) ParOldGen: 5535K(5592576K)->5583K(5592576K)
[210.764s][info][gc,metaspace   ] GC(108) Metaspace: 16518K(16896K)->16518K(16896K) NonClass: 14169K(14400K)->14169K(14400K) Class: 2349K(2496K)->2349K(2496K)
[210.764s][info][gc             ] GC(108) Pause Young (System.gc()) 1408M->5M(7873M) 0.335ms
[210.764s][info][gc,cpu         ] GC(108) User=0.00s Sys=0.00s Real=0.00s
[210.764s][info][gc,start       ] GC(109) Pause Full (System.gc())
[210.764s][info][gc,phases,start] GC(109) Marking Phase
[210.768s][info][gc,phases      ] GC(109) Marking Phase 4.251ms
[210.768s][info][gc,phases,start] GC(109) Summary Phase
[210.768s][info][gc,phases      ] GC(109) Summary Phase 0.010ms
[210.768s][info][gc,phases,start] GC(109) Adjust Roots
[210.770s][info][gc,phases      ] GC(109) Adjust Roots 2.121ms
[210.770s][info][gc,phases,start] GC(109) Compaction Phase
[210.772s][info][gc,phases      ] GC(109) Compaction Phase 1.947ms
[210.772s][info][gc,phases,start] GC(109) Post Compact
[210.773s][info][gc,phases      ] GC(109) Post Compact 0.399ms
[210.773s][info][gc,heap        ] GC(109) PSYoungGen: 160K(2469888K)->0K(2469888K) Eden: 0K(2130432K)->0K(2130432K) From: 160K(339456K)->0K(339456K)
[210.773s][info][gc,heap        ] GC(109) ParOldGen: 5583K(5592576K)->5495K(5592576K)
[210.773s][info][gc,metaspace   ] GC(109) Metaspace: 16518K(16896K)->16518K(16896K) NonClass: 14169K(14400K)->14169K(14400K) Class: 2349K(2496K)->2349K(2496K)
[210.773s][info][gc             ] GC(109) Pause Full (System.gc()) 5M->5M(7873M) 8.909ms
[210.773s][info][gc,cpu         ] GC(109) User=0.06s Sys=0.00s Real=0.01s
[212.702s][info][gc,start       ] GC(110) Pause Young (Allocation Failure)
[212.702s][info][gc,heap        ] GC(110) PSYoungGen: 2130432K(2469888K)->352K(2456576K) Eden: 2130432K(2130432K)->0K(2130432K) From: 0K(339456K)->352K(326144K)
[212.702s][info][gc,heap        ] GC(110) ParOldGen: 5495K(5592576K)->5495K(5592576K)
[212.702s][info][gc,metaspace   ] GC(110) Metaspace: 16518K(16896K)->16518K(16896K) NonClass: 14169K(14400K)->14169K(14400K) Class: 2349K(2496K)->2349K(2496K)
[212.702s][info][gc             ] GC(110) Pause Young (Allocation Failure) 2085M->5M(7860M) 0.603ms
[212.702s][info][gc,cpu         ] GC(110) User=0.00s Sys=0.00s Real=0.00s
[216.549s][info][gc,start       ] GC(111) Pause Young (Allocation Failure)
[216.641s][info][gc,heap        ] GC(111) PSYoungGen: 2130784K(2456576K)->206272K(2426880K) Eden: 2130432K(2130432K)->0K(2115072K) From: 352K(326144K)->206272K(311808K)
[216.641s][info][gc,heap        ] GC(111) ParOldGen: 5495K(5592576K)->5527K(5592576K)
[216.641s][info][gc,metaspace   ] GC(111) Metaspace: 16518K(16896K)->16518K(16896K) NonClass: 14169K(14400K)->14169K(14400K) Class: 2349K(2496K)->2349K(2496K)
[216.641s][info][gc             ] GC(111) Pause Young (Allocation Failure) 2086M->206M(7831M) 92.026ms
[216.641s][info][gc,cpu         ] GC(111) User=0.56s Sys=0.00s Real=0.11s
[218.572s][info][gc,start       ] GC(112) Pause Young (System.gc())
[218.573s][info][gc,heap        ] GC(112) PSYoungGen: 1438031K(2426880K)->160K(2455552K) Eden: 1231759K(2115072K)->0K(2115072K) From: 206272K(311808K)->160K(340480K)
[218.573s][info][gc,heap        ] GC(112) ParOldGen: 5527K(5592576K)->5559K(5592576K)
[218.573s][info][gc,metaspace   ] GC(112) Metaspace: 16518K(16896K)->16518K(16896K) NonClass: 14169K(14400K)->14169K(14400K) Class: 2349K(2496K)->2349K(2496K)
[218.573s][info][gc             ] GC(112) Pause Young (System.gc()) 1409M->5M(7859M) 0.586ms
[218.573s][info][gc,cpu         ] GC(112) User=0.00s Sys=0.00s Real=0.00s
[218.573s][info][gc,start       ] GC(113) Pause Full (System.gc())
[218.573s][info][gc,phases,start] GC(113) Marking Phase
[218.577s][info][gc,phases      ] GC(113) Marking Phase 3.722ms
[218.577s][info][gc,phases,start] GC(113) Summary Phase
[218.577s][info][gc,phases      ] GC(113) Summary Phase 0.009ms
[218.577s][info][gc,phases,start] GC(113) Adjust Roots
[218.578s][info][gc,phases      ] GC(113) Adjust Roots 1.528ms
[218.578s][info][gc,phases,start] GC(113) Compaction Phase
[218.580s][info][gc,phases      ] GC(113) Compaction Phase 1.926ms
[218.580s][info][gc,phases,start] GC(113) Post Compact
[218.581s][info][gc,phases      ] GC(113) Post Compact 0.400ms
[218.581s][info][gc,heap        ] GC(113) PSYoungGen: 160K(2455552K)->0K(2455552K) Eden: 0K(2115072K)->0K(2115072K) From: 160K(340480K)->0K(340480K)
[218.581s][info][gc,heap        ] GC(113) ParOldGen: 5559K(5592576K)->5495K(5592576K)
[218.581s][info][gc,metaspace   ] GC(113) Metaspace: 16518K(16896K)->16518K(16896K) NonClass: 14169K(14400K)->14169K(14400K) Class: 2349K(2496K)->2349K(2496K)
[218.581s][info][gc             ] GC(113) Pause Full (System.gc()) 5M->5M(7859M) 7.756ms
[218.581s][info][gc,cpu         ] GC(113) User=0.00s Sys=0.00s Real=0.00s
[221.107s][info][gc,start       ] GC(114) Pause Young (Allocation Failure)
[221.107s][info][gc,heap        ] GC(114) PSYoungGen: 2115072K(2455552K)->384K(2483712K) Eden: 2115072K(2115072K)->0K(2157056K) From: 0K(340480K)->384K(326656K)
[221.107s][info][gc,heap        ] GC(114) ParOldGen: 5495K(5592576K)->5503K(5592576K)
[221.107s][info][gc,metaspace   ] GC(114) Metaspace: 16526K(16896K)->16526K(16896K) NonClass: 14177K(14400K)->14177K(14400K) Class: 2349K(2496K)->2349K(2496K)
[221.107s][info][gc             ] GC(114) Pause Young (Allocation Failure) 2070M->5M(7887M) 0.599ms
[221.107s][info][gc,cpu         ] GC(114) User=0.00s Sys=0.00s Real=0.00s
[224.897s][info][gc,start       ] GC(115) Pause Young (Allocation Failure)
[224.992s][info][gc,heap        ] GC(115) PSYoungGen: 2157440K(2483712K)->206624K(2363904K) Eden: 2157056K(2157056K)->0K(2157056K) From: 384K(326656K)->206624K(206848K)
[224.992s][info][gc,heap        ] GC(115) ParOldGen: 5503K(5592576K)->5535K(5592576K)
[224.992s][info][gc,metaspace   ] GC(115) Metaspace: 16526K(16896K)->16526K(16896K) NonClass: 14177K(14400K)->14177K(14400K) Class: 2349K(2496K)->2349K(2496K)
[224.992s][info][gc             ] GC(115) Pause Young (Allocation Failure) 2112M->207M(7770M) 95.351ms
[224.992s][info][gc,cpu         ] GC(115) User=0.56s Sys=0.00s Real=0.11s
[226.867s][info][gc,start       ] GC(116) Pause Young (System.gc())
[226.867s][info][gc,heap        ] GC(116) PSYoungGen: 1425359K(2363904K)->192K(2468352K) Eden: 1218735K(2157056K)->0K(2127360K) From: 206624K(206848K)->192K(340992K)
[226.867s][info][gc,heap        ] GC(116) ParOldGen: 5535K(5592576K)->5583K(5592576K)
[226.867s][info][gc,metaspace   ] GC(116) Metaspace: 16526K(16896K)->16526K(16896K) NonClass: 14177K(14400K)->14177K(14400K) Class: 2349K(2496K)->2349K(2496K)
[226.867s][info][gc             ] GC(116) Pause Young (System.gc()) 1397M->5M(7872M) 0.357ms
[226.867s][info][gc,cpu         ] GC(116) User=0.00s Sys=0.00s Real=0.00s
[226.867s][info][gc,start       ] GC(117) Pause Full (System.gc())
[226.867s][info][gc,phases,start] GC(117) Marking Phase
[226.871s][info][gc,phases      ] GC(117) Marking Phase 4.107ms
[226.871s][info][gc,phases,start] GC(117) Summary Phase
[226.871s][info][gc,phases      ] GC(117) Summary Phase 0.010ms
[226.871s][info][gc,phases,start] GC(117) Adjust Roots
[226.874s][info][gc,phases      ] GC(117) Adjust Roots 2.020ms
[226.874s][info][gc,phases,start] GC(117) Compaction Phase
[226.875s][info][gc,phases      ] GC(117) Compaction Phase 1.802ms
[226.875s][info][gc,phases,start] GC(117) Post Compact
[226.876s][info][gc,phases      ] GC(117) Post Compact 0.404ms
[226.876s][info][gc,heap        ] GC(117) PSYoungGen: 192K(2468352K)->0K(2468352K) Eden: 0K(2127360K)->0K(2127360K) From: 192K(340992K)->0K(340992K)
[226.876s][info][gc,heap        ] GC(117) ParOldGen: 5583K(5592576K)->5495K(5592576K)
[226.876s][info][gc,metaspace   ] GC(117) Metaspace: 16526K(16896K)->16526K(16896K) NonClass: 14177K(14400K)->14177K(14400K) Class: 2349K(2496K)->2349K(2496K)
[226.876s][info][gc             ] GC(117) Pause Full (System.gc()) 5M->5M(7872M) 8.540ms
[226.876s][info][gc,cpu         ] GC(117) User=0.00s Sys=0.00s Real=0.02s
[228.810s][info][gc,start       ] GC(118) Pause Young (Allocation Failure)
[228.810s][info][gc,heap        ] GC(118) PSYoungGen: 2127360K(2468352K)->384K(2455040K) Eden: 2127360K(2127360K)->0K(2127360K) From: 0K(340992K)->384K(327680K)
[228.810s][info][gc,heap        ] GC(118) ParOldGen: 5495K(5592576K)->5495K(5592576K)
[228.810s][info][gc,metaspace   ] GC(118) Metaspace: 16528K(16896K)->16528K(16896K) NonClass: 14179K(14400K)->14179K(14400K) Class: 2349K(2496K)->2349K(2496K)
[228.810s][info][gc             ] GC(118) Pause Young (Allocation Failure) 2082M->5M(7859M) 0.503ms
[228.810s][info][gc,cpu         ] GC(118) User=0.00s Sys=0.00s Real=0.00s
[232.609s][info][gc,start       ] GC(119) Pause Young (Allocation Failure)
[232.699s][info][gc,heap        ] GC(119) PSYoungGen: 2127744K(2455040K)->198208K(2432512K) Eden: 2127360K(2127360K)->0K(2119168K) From: 384K(327680K)->198208K(313344K)
[232.699s][info][gc,heap        ] GC(119) ParOldGen: 5495K(5592576K)->5527K(5592576K)
[232.699s][info][gc,metaspace   ] GC(119) Metaspace: 16529K(16896K)->16529K(16896K) NonClass: 14179K(14400K)->14179K(14400K) Class: 2349K(2496K)->2349K(2496K)
[232.699s][info][gc             ] GC(119) Pause Young (Allocation Failure) 2083M->198M(7837M) 89.579ms
[232.699s][info][gc,cpu         ] GC(119) User=0.52s Sys=0.02s Real=0.09s
[234.558s][info][gc,start       ] GC(120) Pause Young (System.gc())
[234.559s][info][gc,heap        ] GC(120) PSYoungGen: 1446739K(2432512K)->128K(2457600K) Eden: 1248531K(2119168K)->0K(2119168K) From: 198208K(313344K)->128K(338432K)
[234.559s][info][gc,heap        ] GC(120) ParOldGen: 5527K(5592576K)->6071K(5592576K)
[234.559s][info][gc,metaspace   ] GC(120) Metaspace: 16535K(16896K)->16535K(16896K) NonClass: 14185K(14400K)->14185K(14400K) Class: 2349K(2496K)->2349K(2496K)
[234.559s][info][gc             ] GC(120) Pause Young (System.gc()) 1418M->6M(7861M) 1.032ms
[234.559s][info][gc,cpu         ] GC(120) User=0.00s Sys=0.00s Real=0.00s
[234.559s][info][gc,start       ] GC(121) Pause Full (System.gc())
[234.559s][info][gc,phases,start] GC(121) Marking Phase
[234.563s][info][gc,phases      ] GC(121) Marking Phase 3.851ms
[234.563s][info][gc,phases,start] GC(121) Summary Phase
[234.563s][info][gc,phases      ] GC(121) Summary Phase 0.010ms
[234.563s][info][gc,phases,start] GC(121) Adjust Roots
[234.564s][info][gc,phases      ] GC(121) Adjust Roots 1.649ms
[234.565s][info][gc,phases,start] GC(121) Compaction Phase
[234.567s][info][gc,phases      ] GC(121) Compaction Phase 2.196ms
[234.567s][info][gc,phases,start] GC(121) Post Compact
[234.567s][info][gc,phases      ] GC(121) Post Compact 0.404ms
[234.567s][info][gc,heap        ] GC(121) PSYoungGen: 128K(2457600K)->0K(2457600K) Eden: 0K(2119168K)->0K(2119168K) From: 128K(338432K)->0K(338432K)
[234.567s][info][gc,heap        ] GC(121) ParOldGen: 6071K(5592576K)->5752K(5592576K)
[234.567s][info][gc,metaspace   ] GC(121) Metaspace: 16535K(16896K)->16535K(16896K) NonClass: 14185K(14400K)->14185K(14400K) Class: 2349K(2496K)->2349K(2496K)
[234.567s][info][gc             ] GC(121) Pause Full (System.gc()) 6M->5M(7861M) 8.301ms
[234.567s][info][gc,cpu         ] GC(121) User=0.00s Sys=0.00s Real=0.02s
[236.824s][info][gc,start       ] GC(122) Pause Young (Allocation Failure)
[236.824s][info][gc,heap        ] GC(122) PSYoungGen: 2119168K(2457600K)->352K(2485248K) Eden: 2119168K(2119168K)->0K(2160128K) From: 0K(338432K)->352K(325120K)
[236.824s][info][gc,heap        ] GC(122) ParOldGen: 5752K(5592576K)->5752K(5592576K)
[236.824s][info][gc,metaspace   ] GC(122) Metaspace: 16535K(16896K)->16535K(16896K) NonClass: 14185K(14400K)->14185K(14400K) Class: 2349K(2496K)->2349K(2496K)
[236.824s][info][gc             ] GC(122) Pause Young (Allocation Failure) 2075M->5M(7888M) 0.626ms
[236.824s][info][gc,cpu         ] GC(122) User=0.00s Sys=0.00s Real=0.00s
[240.562s][info][gc,start       ] GC(123) Pause Young (Allocation Failure)
[240.657s][info][gc,heap        ] GC(123) PSYoungGen: 2160480K(2485248K)->210592K(2371072K) Eden: 2160128K(2160128K)->0K(2160128K) From: 352K(325120K)->210592K(210944K)
[240.657s][info][gc,heap        ] GC(123) ParOldGen: 5752K(5592576K)->5792K(5592576K)
[240.657s][info][gc,metaspace   ] GC(123) Metaspace: 16535K(16896K)->16535K(16896K) NonClass: 14185K(14400K)->14185K(14400K) Class: 2349K(2496K)->2349K(2496K)
[240.657s][info][gc             ] GC(123) Pause Young (Allocation Failure) 2115M->211M(7777M) 94.352ms
[240.657s][info][gc,cpu         ] GC(123) User=0.53s Sys=0.03s Real=0.10s
[242.547s][info][gc,start       ] GC(124) Pause Young (System.gc())
[242.547s][info][gc,heap        ] GC(124) PSYoungGen: 1427572K(2371072K)->192K(2468352K) Eden: 1216980K(2160128K)->0K(2127360K) From: 210592K(210944K)->192K(340992K)
[242.547s][info][gc,heap        ] GC(124) ParOldGen: 5792K(5592576K)->5824K(5592576K)
[242.547s][info][gc,metaspace   ] GC(124) Metaspace: 16535K(16896K)->16535K(16896K) NonClass: 14186K(14400K)->14186K(14400K) Class: 2349K(2496K)->2349K(2496K)
[242.547s][info][gc             ] GC(124) Pause Young (System.gc()) 1399M->5M(7872M) 0.412ms
[242.547s][info][gc,cpu         ] GC(124) User=0.00s Sys=0.00s Real=0.00s
[242.547s][info][gc,start       ] GC(125) Pause Full (System.gc())
[242.547s][info][gc,phases,start] GC(125) Marking Phase
[242.551s][info][gc,phases      ] GC(125) Marking Phase 3.804ms
[242.551s][info][gc,phases,start] GC(125) Summary Phase
[242.551s][info][gc,phases      ] GC(125) Summary Phase 0.009ms
[242.551s][info][gc,phases,start] GC(125) Adjust Roots
[242.553s][info][gc,phases      ] GC(125) Adjust Roots 1.985ms
[242.553s][info][gc,phases,start] GC(125) Compaction Phase
[242.556s][info][gc,phases      ] GC(125) Compaction Phase 2.292ms
[242.556s][info][gc,phases,start] GC(125) Post Compact
[242.556s][info][gc,phases      ] GC(125) Post Compact 0.555ms
[242.556s][info][gc,heap        ] GC(125) PSYoungGen: 192K(2468352K)->0K(2468352K) Eden: 0K(2127360K)->0K(2127360K) From: 192K(340992K)->0K(340992K)
[242.556s][info][gc,heap        ] GC(125) ParOldGen: 5824K(5592576K)->5752K(5592576K)
[242.556s][info][gc,metaspace   ] GC(125) Metaspace: 16535K(16896K)->16535K(16896K) NonClass: 14186K(14400K)->14186K(14400K) Class: 2349K(2496K)->2349K(2496K)
[242.556s][info][gc             ] GC(125) Pause Full (System.gc()) 5M->5M(7872M) 8.881ms
[242.556s][info][gc,cpu         ] GC(125) User=0.02s Sys=0.00s Real=0.02s
[244.857s][info][gc,start       ] GC(126) Pause Young (Allocation Failure)
[244.857s][info][gc,heap        ] GC(126) PSYoungGen: 2127360K(2468352K)->352K(2455040K) Eden: 2127360K(2127360K)->0K(2127360K) From: 0K(340992K)->352K(327680K)
[244.857s][info][gc,heap        ] GC(126) ParOldGen: 5752K(5592576K)->5752K(5592576K)
[244.857s][info][gc,metaspace   ] GC(126) Metaspace: 16535K(16896K)->16535K(16896K) NonClass: 14186K(14400K)->14186K(14400K) Class: 2349K(2496K)->2349K(2496K)
[244.857s][info][gc             ] GC(126) Pause Young (Allocation Failure) 2083M->5M(7859M) 0.533ms
[244.857s][info][gc,cpu         ] GC(126) User=0.00s Sys=0.00s Real=0.00s
[248.517s][info][gc,start       ] GC(127) Pause Young (Allocation Failure)
[248.609s][info][gc,heap        ] GC(127) PSYoungGen: 2127712K(2455040K)->199360K(2431488K) Eden: 2127360K(2127360K)->0K(2118144K) From: 352K(327680K)->199360K(313344K)
[248.609s][info][gc,heap        ] GC(127) ParOldGen: 5752K(5592576K)->5784K(5592576K)
[248.609s][info][gc,metaspace   ] GC(127) Metaspace: 16535K(16896K)->16535K(16896K) NonClass: 14186K(14400K)->14186K(14400K) Class: 2349K(2496K)->2349K(2496K)
[248.609s][info][gc             ] GC(127) Pause Young (Allocation Failure) 2083M->200M(7836M) 91.637ms
[248.609s][info][gc,cpu         ] GC(127) User=0.52s Sys=0.02s Real=0.09s
[250.532s][info][gc,start       ] GC(128) Pause Young (System.gc())
[250.533s][info][gc,heap        ] GC(128) PSYoungGen: 1445135K(2431488K)->192K(2457088K) Eden: 1245775K(2118144K)->0K(2118144K) From: 199360K(313344K)->192K(338944K)
[250.533s][info][gc,heap        ] GC(128) ParOldGen: 5784K(5592576K)->5832K(5592576K)
[250.533s][info][gc,metaspace   ] GC(128) Metaspace: 16544K(16960K)->16544K(16960K) NonClass: 14195K(14464K)->14195K(14464K) Class: 2349K(2496K)->2349K(2496K)
[250.533s][info][gc             ] GC(128) Pause Young (System.gc()) 1416M->5M(7861M) 0.473ms
[250.533s][info][gc,cpu         ] GC(128) User=0.00s Sys=0.00s Real=0.00s
[250.533s][info][gc,start       ] GC(129) Pause Full (System.gc())
[250.533s][info][gc,phases,start] GC(129) Marking Phase
[250.537s][info][gc,phases      ] GC(129) Marking Phase 3.972ms
[250.537s][info][gc,phases,start] GC(129) Summary Phase
[250.537s][info][gc,phases      ] GC(129) Summary Phase 0.010ms
[250.537s][info][gc,phases,start] GC(129) Adjust Roots
[250.539s][info][gc,phases      ] GC(129) Adjust Roots 2.673ms
[250.540s][info][gc,phases,start] GC(129) Compaction Phase
[250.543s][info][gc,phases      ] GC(129) Compaction Phase 3.032ms
[250.543s][info][gc,phases,start] GC(129) Post Compact
[250.543s][info][gc,phases      ] GC(129) Post Compact 0.404ms
[250.543s][info][gc,heap        ] GC(129) PSYoungGen: 192K(2457088K)->0K(2457088K) Eden: 0K(2118144K)->0K(2118144K) From: 192K(338944K)->0K(338944K)
[250.543s][info][gc,heap        ] GC(129) ParOldGen: 5832K(5592576K)->5752K(5592576K)
[250.543s][info][gc,metaspace   ] GC(129) Metaspace: 16544K(16960K)->16544K(16960K) NonClass: 14195K(14464K)->14195K(14464K) Class: 2349K(2496K)->2349K(2496K)
[250.543s][info][gc             ] GC(129) Pause Full (System.gc()) 5M->5M(7861M) 10.301ms
[250.543s][info][gc,cpu         ] GC(129) User=0.02s Sys=0.00s Real=0.01s
[252.967s][info][gc,start       ] GC(130) Pause Young (Allocation Failure)
[252.968s][info][gc,heap        ] GC(130) PSYoungGen: 2118144K(2457088K)->320K(2484736K) Eden: 2118144K(2118144K)->0K(2159104K) From: 0K(338944K)->320K(325632K)
[252.968s][info][gc,heap        ] GC(130) ParOldGen: 5752K(5592576K)->5752K(5592576K)
[252.968s][info][gc,metaspace   ] GC(130) Metaspace: 16544K(16960K)->16544K(16960K) NonClass: 14195K(14464K)->14195K(14464K) Class: 2349K(2496K)->2349K(2496K)
[252.968s][info][gc             ] GC(130) Pause Young (Allocation Failure) 2074M->5M(7888M) 0.478ms
[252.968s][info][gc,cpu         ] GC(130) User=0.00s Sys=0.00s Real=0.00s
[256.874s][info][gc,start       ] GC(131) Pause Young (Allocation Failure)
[256.968s][info][gc,heap        ] GC(131) PSYoungGen: 2159424K(2484736K)->211552K(2371072K) Eden: 2159104K(2159104K)->0K(2159104K) From: 320K(325632K)->211552K(211968K)
[256.968s][info][gc,heap        ] GC(131) ParOldGen: 5752K(5592576K)->5784K(5592576K)
[256.968s][info][gc,metaspace   ] GC(131) Metaspace: 16544K(16960K)->16544K(16960K) NonClass: 14195K(14464K)->14195K(14464K) Class: 2349K(2496K)->2349K(2496K)
[256.968s][info][gc             ] GC(131) Pause Young (Allocation Failure) 2114M->212M(7777M) 93.460ms
[256.968s][info][gc,cpu         ] GC(131) User=0.56s Sys=0.00s Real=0.09s
[258.870s][info][gc,start       ] GC(132) Pause Young (System.gc())
[258.871s][info][gc,heap        ] GC(132) PSYoungGen: 1429117K(2371072K)->192K(2467840K) Eden: 1217565K(2159104K)->0K(2125824K) From: 211552K(211968K)->192K(342016K)
[258.871s][info][gc,heap        ] GC(132) ParOldGen: 5784K(5592576K)->5824K(5592576K)
[258.871s][info][gc,metaspace   ] GC(132) Metaspace: 16544K(16960K)->16544K(16960K) NonClass: 14195K(14464K)->14195K(14464K) Class: 2349K(2496K)->2349K(2496K)
[258.871s][info][gc             ] GC(132) Pause Young (System.gc()) 1401M->5M(7871M) 0.329ms
[258.871s][info][gc,cpu         ] GC(132) User=0.00s Sys=0.00s Real=0.00s
[258.871s][info][gc,start       ] GC(133) Pause Full (System.gc())
[258.871s][info][gc,phases,start] GC(133) Marking Phase
[258.875s][info][gc,phases      ] GC(133) Marking Phase 3.982ms
[258.875s][info][gc,phases,start] GC(133) Summary Phase
[258.875s][info][gc,phases      ] GC(133) Summary Phase 0.010ms
[258.875s][info][gc,phases,start] GC(133) Adjust Roots
[258.876s][info][gc,phases      ] GC(133) Adjust Roots 1.537ms
[258.876s][info][gc,phases,start] GC(133) Compaction Phase
[258.878s][info][gc,phases      ] GC(133) Compaction Phase 2.024ms
[258.878s][info][gc,phases,start] GC(133) Post Compact
[258.879s][info][gc,phases      ] GC(133) Post Compact 0.402ms
[258.879s][info][gc,heap        ] GC(133) PSYoungGen: 192K(2467840K)->0K(2467840K) Eden: 0K(2125824K)->0K(2125824K) From: 192K(342016K)->0K(342016K)
[258.879s][info][gc,heap        ] GC(133) ParOldGen: 5824K(5592576K)->5753K(5592576K)
[258.879s][info][gc,metaspace   ] GC(133) Metaspace: 16544K(16960K)->16544K(16960K) NonClass: 14195K(14464K)->14195K(14464K) Class: 2349K(2496K)->2349K(2496K)
[258.879s][info][gc             ] GC(133) Pause Full (System.gc()) 5M->5M(7871M) 8.181ms
[258.879s][info][gc,cpu         ] GC(133) User=0.00s Sys=0.00s Real=0.02s
[260.945s][info][gc,start       ] GC(134) Pause Young (Allocation Failure)
[260.945s][info][gc,heap        ] GC(134) PSYoungGen: 2125824K(2467840K)->384K(2454016K) Eden: 2125824K(2125824K)->0K(2125824K) From: 0K(342016K)->384K(328192K)
[260.945s][info][gc,heap        ] GC(134) ParOldGen: 5753K(5592576K)->5753K(5592576K)
[260.945s][info][gc,metaspace   ] GC(134) Metaspace: 16544K(16960K)->16544K(16960K) NonClass: 14195K(14464K)->14195K(14464K) Class: 2349K(2496K)->2349K(2496K)
[260.945s][info][gc             ] GC(134) Pause Young (Allocation Failure) 2081M->5M(7858M) 0.501ms
[260.945s][info][gc,cpu         ] GC(134) User=0.00s Sys=0.00s Real=0.00s
[264.815s][info][gc,start       ] GC(135) Pause Young (Allocation Failure)
[264.902s][info][gc,heap        ] GC(135) PSYoungGen: 2126208K(2454016K)->198176K(2432000K) Eden: 2125824K(2125824K)->0K(2118144K) From: 384K(328192K)->198176K(313856K)
[264.902s][info][gc,heap        ] GC(135) ParOldGen: 5753K(5592576K)->5793K(5592576K)
[264.902s][info][gc,metaspace   ] GC(135) Metaspace: 16544K(16960K)->16544K(16960K) NonClass: 14195K(14464K)->14195K(14464K) Class: 2349K(2496K)->2349K(2496K)
[264.902s][info][gc             ] GC(135) Pause Young (Allocation Failure) 2081M->199M(7836M) 87.236ms
[264.902s][info][gc,cpu         ] GC(135) User=0.55s Sys=0.02s Real=0.09s
[266.818s][info][gc,start       ] GC(136) Pause Young (System.gc())
[266.819s][info][gc,heap        ] GC(136) PSYoungGen: 1439139K(2432000K)->192K(2457088K) Eden: 1240963K(2118144K)->0K(2118144K) From: 198176K(313856K)->192K(338944K)
[266.819s][info][gc,heap        ] GC(136) ParOldGen: 5793K(5592576K)->5833K(5592576K)
[266.819s][info][gc,metaspace   ] GC(136) Metaspace: 16544K(16960K)->16544K(16960K) NonClass: 14195K(14464K)->14195K(14464K) Class: 2349K(2496K)->2349K(2496K)
[266.819s][info][gc             ] GC(136) Pause Young (System.gc()) 1411M->5M(7861M) 0.324ms
[266.819s][info][gc,cpu         ] GC(136) User=0.00s Sys=0.00s Real=0.00s
[266.819s][info][gc,start       ] GC(137) Pause Full (System.gc())
[266.819s][info][gc,phases,start] GC(137) Marking Phase
[266.823s][info][gc,phases      ] GC(137) Marking Phase 4.339ms
[266.823s][info][gc,phases,start] GC(137) Summary Phase
[266.823s][info][gc,phases      ] GC(137) Summary Phase 0.009ms
[266.823s][info][gc,phases,start] GC(137) Adjust Roots
[266.826s][info][gc,phases      ] GC(137) Adjust Roots 2.972ms
[266.826s][info][gc,phases,start] GC(137) Compaction Phase
[266.828s][info][gc,phases      ] GC(137) Compaction Phase 2.159ms
[266.828s][info][gc,phases,start] GC(137) Post Compact
[266.829s][info][gc,phases      ] GC(137) Post Compact 0.406ms
[266.829s][info][gc,heap        ] GC(137) PSYoungGen: 192K(2457088K)->0K(2457088K) Eden: 0K(2118144K)->0K(2118144K) From: 192K(338944K)->0K(338944K)
[266.829s][info][gc,heap        ] GC(137) ParOldGen: 5833K(5592576K)->5753K(5592576K)
[266.829s][info][gc,metaspace   ] GC(137) Metaspace: 16544K(16960K)->16544K(16960K) NonClass: 14195K(14464K)->14195K(14464K) Class: 2349K(2496K)->2349K(2496K)
[266.829s][info][gc             ] GC(137) Pause Full (System.gc()) 5M->5M(7861M) 10.098ms
[266.829s][info][gc,cpu         ] GC(137) User=0.00s Sys=0.00s Real=0.00s
[268.774s][info][gc,start       ] GC(138) Pause Young (Allocation Failure)
[268.775s][info][gc,heap        ] GC(138) PSYoungGen: 2118144K(2457088K)->288K(2484736K) Eden: 2118144K(2118144K)->0K(2159104K) From: 0K(338944K)->288K(325632K)
[268.775s][info][gc,heap        ] GC(138) ParOldGen: 5753K(5592576K)->5753K(5592576K)
[268.775s][info][gc,metaspace   ] GC(138) Metaspace: 16544K(16960K)->16544K(16960K) NonClass: 14195K(14464K)->14195K(14464K) Class: 2349K(2496K)->2349K(2496K)
[268.775s][info][gc             ] GC(138) Pause Young (Allocation Failure) 2074M->5M(7888M) 0.611ms
[268.775s][info][gc,cpu         ] GC(138) User=0.00s Sys=0.00s Real=0.00s
[272.322s][info][gc,start       ] GC(139) Pause Young (Allocation Failure)
[272.421s][info][gc,heap        ] GC(139) PSYoungGen: 2159392K(2484736K)->210208K(2369536K) Eden: 2159104K(2159104K)->0K(2159104K) From: 288K(325632K)->210208K(210432K)
[272.421s][info][gc,heap        ] GC(139) ParOldGen: 5753K(5592576K)->5793K(5592576K)
[272.421s][info][gc,metaspace   ] GC(139) Metaspace: 16544K(16960K)->16544K(16960K) NonClass: 14195K(14464K)->14195K(14464K) Class: 2349K(2496K)->2349K(2496K)
[272.421s][info][gc             ] GC(139) Pause Young (Allocation Failure) 2114M->210M(7775M) 99.235ms
[272.421s][info][gc,cpu         ] GC(139) User=0.56s Sys=0.00s Real=0.10s
[274.279s][info][gc,start       ] GC(140) Pause Young (System.gc())
[274.279s][info][gc,heap        ] GC(140) PSYoungGen: 1432701K(2369536K)->160K(2468352K) Eden: 1222493K(2159104K)->0K(2126848K) From: 210208K(210432K)->160K(341504K)
[274.279s][info][gc,heap        ] GC(140) ParOldGen: 5793K(5592576K)->5833K(5592576K)
[274.279s][info][gc,metaspace   ] GC(140) Metaspace: 16544K(16960K)->16544K(16960K) NonClass: 14195K(14464K)->14195K(14464K) Class: 2349K(2496K)->2349K(2496K)
[274.279s][info][gc             ] GC(140) Pause Young (System.gc()) 1404M->5M(7872M) 0.382ms
[274.279s][info][gc,cpu         ] GC(140) User=0.00s Sys=0.00s Real=0.00s
[274.279s][info][gc,start       ] GC(141) Pause Full (System.gc())
[274.279s][info][gc,phases,start] GC(141) Marking Phase
[274.284s][info][gc,phases      ] GC(141) Marking Phase 4.236ms
[274.284s][info][gc,phases,start] GC(141) Summary Phase
[274.284s][info][gc,phases      ] GC(141) Summary Phase 0.010ms
[274.284s][info][gc,phases,start] GC(141) Adjust Roots
[274.285s][info][gc,phases      ] GC(141) Adjust Roots 1.611ms
[274.285s][info][gc,phases,start] GC(141) Compaction Phase
[274.287s][info][gc,phases      ] GC(141) Compaction Phase 2.195ms
[274.288s][info][gc,phases,start] GC(141) Post Compact
[274.288s][info][gc,phases      ] GC(141) Post Compact 0.404ms
[274.288s][info][gc,heap        ] GC(141) PSYoungGen: 160K(2468352K)->0K(2468352K) Eden: 0K(2126848K)->0K(2126848K) From: 160K(341504K)->0K(341504K)
[274.288s][info][gc,heap        ] GC(141) ParOldGen: 5833K(5592576K)->5752K(5592576K)
[274.288s][info][gc,metaspace   ] GC(141) Metaspace: 16544K(16960K)->16544K(16960K) NonClass: 14195K(14464K)->14195K(14464K) Class: 2349K(2496K)->2349K(2496K)
[274.288s][info][gc             ] GC(141) Pause Full (System.gc()) 5M->5M(7872M) 8.681ms
[274.288s][info][gc,cpu         ] GC(141) User=0.09s Sys=0.00s Real=0.00s
[276.235s][info][gc,start       ] GC(142) Pause Young (Allocation Failure)
[276.236s][info][gc,heap        ] GC(142) PSYoungGen: 2126848K(2468352K)->384K(2454528K) Eden: 2126848K(2126848K)->0K(2126848K) From: 0K(341504K)->384K(327680K)
[276.236s][info][gc,heap        ] GC(142) ParOldGen: 5752K(5592576K)->5752K(5592576K)
[276.236s][info][gc,metaspace   ] GC(142) Metaspace: 16544K(16960K)->16544K(16960K) NonClass: 14195K(14464K)->14195K(14464K) Class: 2349K(2496K)->2349K(2496K)
[276.236s][info][gc             ] GC(142) Pause Young (Allocation Failure) 2082M->5M(7858M) 0.524ms
[276.236s][info][gc,cpu         ] GC(142) User=0.00s Sys=0.00s Real=0.00s
[279.807s][info][gc,start       ] GC(143) Pause Young (Allocation Failure)
[279.893s][info][gc,heap        ] GC(143) PSYoungGen: 2127232K(2454528K)->193888K(2434560K) Eden: 2126848K(2126848K)->0K(2121216K) From: 384K(327680K)->193888K(313344K)
[279.893s][info][gc,heap        ] GC(143) ParOldGen: 5752K(5592576K)->5792K(5592576K)
[279.893s][info][gc,metaspace   ] GC(143) Metaspace: 16544K(16960K)->16544K(16960K) NonClass: 14195K(14464K)->14195K(14464K) Class: 2349K(2496K)->2349K(2496K)
[279.893s][info][gc             ] GC(143) Pause Young (Allocation Failure) 2082M->195M(7839M) 85.864ms
[279.893s][info][gc,cpu         ] GC(143) User=0.45s Sys=0.00s Real=0.09s
[281.817s][info][gc,start       ] GC(144) Pause Young (System.gc())
[281.817s][info][gc,heap        ] GC(144) PSYoungGen: 1451524K(2434560K)->192K(2458624K) Eden: 1257636K(2121216K)->0K(2121216K) From: 193888K(313344K)->192K(337408K)
[281.817s][info][gc,heap        ] GC(144) ParOldGen: 5792K(5592576K)->5824K(5592576K)
[281.817s][info][gc,metaspace   ] GC(144) Metaspace: 16544K(16960K)->16544K(16960K) NonClass: 14195K(14464K)->14195K(14464K) Class: 2349K(2496K)->2349K(2496K)
[281.817s][info][gc             ] GC(144) Pause Young (System.gc()) 1423M->5M(7862M) 0.302ms
[281.817s][info][gc,cpu         ] GC(144) User=0.00s Sys=0.00s Real=0.00s
[281.817s][info][gc,start       ] GC(145) Pause Full (System.gc())
[281.817s][info][gc,phases,start] GC(145) Marking Phase
[281.821s][info][gc,phases      ] GC(145) Marking Phase 3.977ms
[281.822s][info][gc,phases,start] GC(145) Summary Phase
[281.822s][info][gc,phases      ] GC(145) Summary Phase 0.009ms
[281.822s][info][gc,phases,start] GC(145) Adjust Roots
[281.823s][info][gc,phases      ] GC(145) Adjust Roots 1.526ms
[281.823s][info][gc,phases,start] GC(145) Compaction Phase
[281.830s][info][gc,phases      ] GC(145) Compaction Phase 6.799ms
[281.830s][info][gc,phases,start] GC(145) Post Compact
[281.835s][info][gc,phases      ] GC(145) Post Compact 4.799ms
[281.835s][info][gc,heap        ] GC(145) PSYoungGen: 192K(2458624K)->0K(2458624K) Eden: 0K(2121216K)->0K(2121216K) From: 192K(337408K)->0K(337408K)
[281.835s][info][gc,heap        ] GC(145) ParOldGen: 5824K(5592576K)->5752K(5592576K)
[281.835s][info][gc,metaspace   ] GC(145) Metaspace: 16544K(16960K)->16544K(16960K) NonClass: 14195K(14464K)->14195K(14464K) Class: 2349K(2496K)->2349K(2496K)
[281.835s][info][gc             ] GC(145) Pause Full (System.gc()) 5M->5M(7862M) 17.348ms
[281.835s][info][gc,cpu         ] GC(145) User=0.09s Sys=0.02s Real=0.01s
[283.783s][info][gc,start       ] GC(146) Pause Young (Allocation Failure)
[283.783s][info][gc,heap        ] GC(146) PSYoungGen: 2121216K(2458624K)->384K(2486272K) Eden: 2121216K(2121216K)->0K(2162688K) From: 0K(337408K)->384K(323584K)
[283.783s][info][gc,heap        ] GC(146) ParOldGen: 5752K(5592576K)->5752K(5592576K)
[283.783s][info][gc,metaspace   ] GC(146) Metaspace: 16544K(16960K)->16544K(16960K) NonClass: 14195K(14464K)->14195K(14464K) Class: 2349K(2496K)->2349K(2496K)
[283.783s][info][gc             ] GC(146) Pause Young (Allocation Failure) 2077M->5M(7889M) 0.486ms
[283.783s][info][gc,cpu         ] GC(146) User=0.00s Sys=0.00s Real=0.00s
[287.296s][info][gc,start       ] GC(147) Pause Young (Allocation Failure)
[287.395s][info][gc,heap        ] GC(147) PSYoungGen: 2163072K(2486272K)->212864K(2375680K) Eden: 2162688K(2162688K)->0K(2162688K) From: 384K(323584K)->212864K(212992K)
[287.395s][info][gc,heap        ] GC(147) ParOldGen: 5752K(5592576K)->5792K(5592576K)
[287.395s][info][gc,metaspace   ] GC(147) Metaspace: 16544K(16960K)->16544K(16960K) NonClass: 14195K(14464K)->14195K(14464K) Class: 2349K(2496K)->2349K(2496K)
[287.395s][info][gc             ] GC(147) Pause Young (Allocation Failure) 2117M->213M(7781M) 98.479ms
[287.395s][info][gc,cpu         ] GC(147) User=0.53s Sys=0.02s Real=0.11s
[289.305s][info][gc,start       ] GC(148) Pause Young (System.gc())
[289.305s][info][gc,heap        ] GC(148) PSYoungGen: 1420582K(2375680K)->128K(2468864K) Eden: 1207718K(2162688K)->0K(2127872K) From: 212864K(212992K)->128K(340992K)
[289.305s][info][gc,heap        ] GC(148) ParOldGen: 5792K(5592576K)->5824K(5592576K)
[289.305s][info][gc,metaspace   ] GC(148) Metaspace: 16544K(16960K)->16544K(16960K) NonClass: 14195K(14464K)->14195K(14464K) Class: 2349K(2496K)->2349K(2496K)
[289.305s][info][gc             ] GC(148) Pause Young (System.gc()) 1392M->5M(7872M) 0.339ms
[289.305s][info][gc,cpu         ] GC(148) User=0.00s Sys=0.00s Real=0.00s
[289.305s][info][gc,start       ] GC(149) Pause Full (System.gc())
[289.305s][info][gc,phases,start] GC(149) Marking Phase
[289.309s][info][gc,phases      ] GC(149) Marking Phase 3.920ms
[289.309s][info][gc,phases,start] GC(149) Summary Phase
[289.309s][info][gc,phases      ] GC(149) Summary Phase 0.009ms
[289.309s][info][gc,phases,start] GC(149) Adjust Roots
[289.311s][info][gc,phases      ] GC(149) Adjust Roots 2.043ms
[289.311s][info][gc,phases,start] GC(149) Compaction Phase
[289.313s][info][gc,phases      ] GC(149) Compaction Phase 2.075ms
[289.313s][info][gc,phases,start] GC(149) Post Compact
[289.314s][info][gc,phases      ] GC(149) Post Compact 0.401ms
[289.314s][info][gc,heap        ] GC(149) PSYoungGen: 128K(2468864K)->0K(2468864K) Eden: 0K(2127872K)->0K(2127872K) From: 128K(340992K)->0K(340992K)
[289.314s][info][gc,heap        ] GC(149) ParOldGen: 5824K(5592576K)->5753K(5592576K)
[289.314s][info][gc,metaspace   ] GC(149) Metaspace: 16544K(16960K)->16544K(16960K) NonClass: 14195K(14464K)->14195K(14464K) Class: 2349K(2496K)->2349K(2496K)
[289.314s][info][gc             ] GC(149) Pause Full (System.gc()) 5M->5M(7872M) 8.616ms
[289.314s][info][gc,cpu         ] GC(149) User=0.00s Sys=0.00s Real=0.00s
[291.237s][info][gc,start       ] GC(150) Pause Young (Allocation Failure)
[291.237s][info][gc,heap        ] GC(150) PSYoungGen: 2127872K(2468864K)->384K(2455040K) Eden: 2127872K(2127872K)->0K(2127872K) From: 0K(340992K)->384K(327168K)
[291.237s][info][gc,heap        ] GC(150) ParOldGen: 5753K(5592576K)->5753K(5592576K)
[291.237s][info][gc,metaspace   ] GC(150) Metaspace: 16546K(16960K)->16546K(16960K) NonClass: 14197K(14464K)->14197K(14464K) Class: 2349K(2496K)->2349K(2496K)
[291.237s][info][gc             ] GC(150) Pause Young (Allocation Failure) 2083M->5M(7859M) 0.467ms
[291.237s][info][gc,cpu         ] GC(150) User=0.00s Sys=0.00s Real=0.00s
[295.440s][info][gc,start       ] GC(151) Pause Young (Allocation Failure)
[295.535s][info][gc,heap        ] GC(151) PSYoungGen: 2128256K(2455040K)->202432K(2428928K) Eden: 2127872K(2127872K)->0K(2116096K) From: 384K(327168K)->202432K(312832K)
[295.535s][info][gc,heap        ] GC(151) ParOldGen: 5753K(5592576K)->5793K(5592576K)
[295.535s][info][gc,metaspace   ] GC(151) Metaspace: 16546K(16960K)->16546K(16960K) NonClass: 14197K(14464K)->14197K(14464K) Class: 2349K(2496K)->2349K(2496K)
[295.535s][info][gc             ] GC(151) Pause Young (Allocation Failure) 2083M->203M(7833M) 94.329ms
[295.535s][info][gc,cpu         ] GC(151) User=0.56s Sys=0.00s Real=0.11s
[297.406s][info][gc,start       ] GC(152) Pause Young (System.gc())
[297.406s][info][gc,heap        ] GC(152) PSYoungGen: 1443116K(2428928K)->128K(2456064K) Eden: 1240684K(2116096K)->0K(2116096K) From: 202432K(312832K)->128K(339968K)
[297.406s][info][gc,heap        ] GC(152) ParOldGen: 5793K(5592576K)->5817K(5592576K)
[297.406s][info][gc,metaspace   ] GC(152) Metaspace: 16546K(16960K)->16546K(16960K) NonClass: 14197K(14464K)->14197K(14464K) Class: 2349K(2496K)->2349K(2496K)
[297.406s][info][gc             ] GC(152) Pause Young (System.gc()) 1414M->5M(7860M) 0.403ms
[297.406s][info][gc,cpu         ] GC(152) User=0.00s Sys=0.00s Real=0.00s
[297.406s][info][gc,start       ] GC(153) Pause Full (System.gc())
[297.406s][info][gc,phases,start] GC(153) Marking Phase
[297.410s][info][gc,phases      ] GC(153) Marking Phase 3.927ms
[297.410s][info][gc,phases,start] GC(153) Summary Phase
[297.410s][info][gc,phases      ] GC(153) Summary Phase 0.010ms
[297.410s][info][gc,phases,start] GC(153) Adjust Roots
[297.412s][info][gc,phases      ] GC(153) Adjust Roots 1.650ms
[297.412s][info][gc,phases,start] GC(153) Compaction Phase
[297.414s][info][gc,phases      ] GC(153) Compaction Phase 2.423ms
[297.414s][info][gc,phases,start] GC(153) Post Compact
[297.415s][info][gc,phases      ] GC(153) Post Compact 0.403ms
[297.415s][info][gc,heap        ] GC(153) PSYoungGen: 128K(2456064K)->0K(2456064K) Eden: 0K(2116096K)->0K(2116096K) From: 128K(339968K)->0K(339968K)
[297.415s][info][gc,heap        ] GC(153) ParOldGen: 5817K(5592576K)->5752K(5592576K)
[297.415s][info][gc,metaspace   ] GC(153) Metaspace: 16546K(16960K)->16546K(16960K) NonClass: 14197K(14464K)->14197K(14464K) Class: 2349K(2496K)->2349K(2496K)
[297.415s][info][gc             ] GC(153) Pause Full (System.gc()) 5M->5M(7860M) 8.637ms
[297.415s][info][gc,cpu         ] GC(153) User=0.02s Sys=0.00s Real=0.02s
[299.594s][info][gc,start       ] GC(154) Pause Young (Allocation Failure)
[299.595s][info][gc,heap        ] GC(154) PSYoungGen: 2116096K(2456064K)->384K(2483712K) Eden: 2116096K(2116096K)->0K(2157056K) From: 0K(339968K)->384K(326656K)
[299.595s][info][gc,heap        ] GC(154) ParOldGen: 5752K(5592576K)->5752K(5592576K)
[299.595s][info][gc,metaspace   ] GC(154) Metaspace: 16546K(16960K)->16546K(16960K) NonClass: 14197K(14464K)->14197K(14464K) Class: 2349K(2496K)->2349K(2496K)
[299.595s][info][gc             ] GC(154) Pause Young (Allocation Failure) 2072M->5M(7887M) 0.484ms
[299.595s][info][gc,cpu         ] GC(154) User=0.00s Sys=0.00s Real=0.00s
[303.452s][info][gc,start       ] GC(155) Pause Young (Allocation Failure)
[303.549s][info][gc,heap        ] GC(155) PSYoungGen: 2157440K(2483712K)->212288K(2369536K) Eden: 2157056K(2157056K)->0K(2157056K) From: 384K(326656K)->212288K(212480K)
[303.549s][info][gc,heap        ] GC(155) ParOldGen: 5752K(5592576K)->5784K(5592576K)
[303.549s][info][gc,metaspace   ] GC(155) Metaspace: 16547K(16960K)->16547K(16960K) NonClass: 14198K(14464K)->14198K(14464K) Class: 2349K(2496K)->2349K(2496K)
[303.549s][info][gc             ] GC(155) Pause Young (Allocation Failure) 2112M->212M(7775M) 96.522ms
[303.549s][info][gc,cpu         ] GC(155) User=0.56s Sys=0.00s Real=0.10s
[305.498s][info][gc,start       ] GC(156) Pause Young (System.gc())
[305.499s][info][gc,heap        ] GC(156) PSYoungGen: 1427292K(2369536K)->192K(2466816K) Eden: 1215004K(2157056K)->0K(2123776K) From: 212288K(212480K)->192K(343040K)
[305.499s][info][gc,heap        ] GC(156) ParOldGen: 5784K(5592576K)->5808K(5592576K)
[305.499s][info][gc,metaspace   ] GC(156) Metaspace: 16548K(16960K)->16548K(16960K) NonClass: 14198K(14464K)->14198K(14464K) Class: 2349K(2496K)->2349K(2496K)
[305.499s][info][gc             ] GC(156) Pause Young (System.gc()) 1399M->5M(7870M) 0.371ms
[305.499s][info][gc,cpu         ] GC(156) User=0.00s Sys=0.00s Real=0.00s
[305.499s][info][gc,start       ] GC(157) Pause Full (System.gc())
[305.499s][info][gc,phases,start] GC(157) Marking Phase
[305.503s][info][gc,phases      ] GC(157) Marking Phase 4.214ms
[305.503s][info][gc,phases,start] GC(157) Summary Phase
[305.503s][info][gc,phases      ] GC(157) Summary Phase 0.009ms
[305.503s][info][gc,phases,start] GC(157) Adjust Roots
[305.505s][info][gc,phases      ] GC(157) Adjust Roots 1.601ms
[305.505s][info][gc,phases,start] GC(157) Compaction Phase
[305.507s][info][gc,phases      ] GC(157) Compaction Phase 2.026ms
[305.507s][info][gc,phases,start] GC(157) Post Compact
[305.507s][info][gc,phases      ] GC(157) Post Compact 0.588ms
[305.507s][info][gc,heap        ] GC(157) PSYoungGen: 192K(2466816K)->0K(2466816K) Eden: 0K(2123776K)->0K(2123776K) From: 192K(343040K)->0K(343040K)
[305.507s][info][gc,heap        ] GC(157) ParOldGen: 5808K(5592576K)->5752K(5592576K)
[305.507s][info][gc,metaspace   ] GC(157) Metaspace: 16548K(16960K)->16548K(16960K) NonClass: 14198K(14464K)->14198K(14464K) Class: 2349K(2496K)->2349K(2496K)
[305.507s][info][gc             ] GC(157) Pause Full (System.gc()) 5M->5M(7870M) 8.694ms
[305.507s][info][gc,cpu         ] GC(157) User=0.02s Sys=0.00s Real=0.01s
[307.445s][info][gc,start       ] GC(158) Pause Young (Allocation Failure)
[307.445s][info][gc,heap        ] GC(158) PSYoungGen: 2123776K(2466816K)->352K(2452992K) Eden: 2123776K(2123776K)->0K(2123776K) From: 0K(343040K)->352K(329216K)
[307.445s][info][gc,heap        ] GC(158) ParOldGen: 5752K(5592576K)->5752K(5592576K)
[307.445s][info][gc,metaspace   ] GC(158) Metaspace: 16550K(16960K)->16550K(16960K) NonClass: 14201K(14464K)->14201K(14464K) Class: 2349K(2496K)->2349K(2496K)
[307.445s][info][gc             ] GC(158) Pause Young (Allocation Failure) 2079M->5M(7857M) 0.503ms
[307.445s][info][gc,cpu         ] GC(158) User=0.00s Sys=0.00s Real=0.00s
[310.933s][info][gc,start       ] GC(159) Pause Young (Allocation Failure)
[311.018s][info][gc,heap        ] GC(159) PSYoungGen: 2124128K(2452992K)->190368K(2436096K) Eden: 2123776K(2123776K)->0K(2121216K) From: 352K(329216K)->190368K(314880K)
[311.018s][info][gc,heap        ] GC(159) ParOldGen: 5752K(5592576K)->5792K(5592576K)
[311.018s][info][gc,metaspace   ] GC(159) Metaspace: 16550K(16960K)->16550K(16960K) NonClass: 14201K(14464K)->14201K(14464K) Class: 2349K(2496K)->2349K(2496K)
[311.018s][info][gc             ] GC(159) Pause Young (Allocation Failure) 2079M->191M(7840M) 85.755ms
[311.019s][info][gc,cpu         ] GC(159) User=0.47s Sys=0.00s Real=0.09s
[312.949s][info][gc,start       ] GC(160) Pause Young (System.gc())
[312.949s][info][gc,heap        ] GC(160) PSYoungGen: 1458926K(2436096K)->160K(2458624K) Eden: 1268558K(2121216K)->0K(2121216K) From: 190368K(314880K)->160K(337408K)
[312.949s][info][gc,heap        ] GC(160) ParOldGen: 5792K(5592576K)->5832K(5592576K)
[312.949s][info][gc,metaspace   ] GC(160) Metaspace: 16550K(16960K)->16550K(16960K) NonClass: 14201K(14464K)->14201K(14464K) Class: 2349K(2496K)->2349K(2496K)
[312.949s][info][gc             ] GC(160) Pause Young (System.gc()) 1430M->5M(7862M) 0.401ms
[312.949s][info][gc,cpu         ] GC(160) User=0.00s Sys=0.00s Real=0.00s
[312.949s][info][gc,start       ] GC(161) Pause Full (System.gc())
[312.949s][info][gc,phases,start] GC(161) Marking Phase
[312.953s][info][gc,phases      ] GC(161) Marking Phase 4.187ms
[312.953s][info][gc,phases,start] GC(161) Summary Phase
[312.954s][info][gc,phases      ] GC(161) Summary Phase 0.009ms
[312.954s][info][gc,phases,start] GC(161) Adjust Roots
[312.955s][info][gc,phases      ] GC(161) Adjust Roots 1.689ms
[312.955s][info][gc,phases,start] GC(161) Compaction Phase
[312.958s][info][gc,phases      ] GC(161) Compaction Phase 2.247ms
[312.958s][info][gc,phases,start] GC(161) Post Compact
[312.958s][info][gc,phases      ] GC(161) Post Compact 0.404ms
[312.958s][info][gc,heap        ] GC(161) PSYoungGen: 160K(2458624K)->0K(2458624K) Eden: 0K(2121216K)->0K(2121216K) From: 160K(337408K)->0K(337408K)
[312.958s][info][gc,heap        ] GC(161) ParOldGen: 5832K(5592576K)->5752K(5592576K)
[312.958s][info][gc,metaspace   ] GC(161) Metaspace: 16550K(16960K)->16550K(16960K) NonClass: 14201K(14464K)->14201K(14464K) Class: 2349K(2496K)->2349K(2496K)
[312.958s][info][gc             ] GC(161) Pause Full (System.gc()) 5M->5M(7862M) 8.777ms
[312.958s][info][gc,cpu         ] GC(161) User=0.00s Sys=0.00s Real=0.01s
[314.896s][info][gc,start       ] GC(162) Pause Young (Allocation Failure)
[314.897s][info][gc,heap        ] GC(162) PSYoungGen: 2121216K(2458624K)->384K(2486784K) Eden: 2121216K(2121216K)->0K(2163200K) From: 0K(337408K)->384K(323584K)
[314.897s][info][gc,heap        ] GC(162) ParOldGen: 5752K(5592576K)->5752K(5592576K)
[314.897s][info][gc,metaspace   ] GC(162) Metaspace: 16550K(16960K)->16550K(16960K) NonClass: 14201K(14464K)->14201K(14464K) Class: 2349K(2496K)->2349K(2496K)
[314.897s][info][gc             ] GC(162) Pause Young (Allocation Failure) 2077M->5M(7890M) 0.616ms
[314.897s][info][gc,cpu         ] GC(162) User=0.00s Sys=0.00s Real=0.00s
[318.203s][info][gc,start       ] GC(163) Pause Young (Allocation Failure)
[318.297s][info][gc,heap        ] GC(163) PSYoungGen: 2163584K(2486784K)->207328K(2370560K) Eden: 2163200K(2163200K)->0K(2163200K) From: 384K(323584K)->207328K(207360K)
[318.297s][info][gc,heap        ] GC(163) ParOldGen: 5752K(5592576K)->5792K(5592576K)
[318.297s][info][gc,metaspace   ] GC(163) Metaspace: 16550K(16960K)->16550K(16960K) NonClass: 14201K(14464K)->14201K(14464K) Class: 2349K(2496K)->2349K(2496K)
[318.297s][info][gc             ] GC(163) Pause Young (Allocation Failure) 2118M->208M(7776M) 93.737ms
[318.297s][info][gc,cpu         ] GC(163) User=0.55s Sys=0.02s Real=0.10s
[320.193s][info][gc,start       ] GC(164) Pause Young (System.gc())
[320.193s][info][gc,heap        ] GC(164) PSYoungGen: 1426945K(2370560K)->128K(2470912K) Eden: 1219617K(2163200K)->0K(2131968K) From: 207328K(207360K)->128K(338944K)
[320.193s][info][gc,heap        ] GC(164) ParOldGen: 5792K(5592576K)->5824K(5592576K)
[320.193s][info][gc,metaspace   ] GC(164) Metaspace: 16550K(16960K)->16550K(16960K) NonClass: 14201K(14464K)->14201K(14464K) Class: 2349K(2496K)->2349K(2496K)
[320.193s][info][gc             ] GC(164) Pause Young (System.gc()) 1399M->5M(7874M) 0.418ms
[320.193s][info][gc,cpu         ] GC(164) User=0.00s Sys=0.00s Real=0.00s
[320.193s][info][gc,start       ] GC(165) Pause Full (System.gc())
[320.193s][info][gc,phases,start] GC(165) Marking Phase
[320.198s][info][gc,phases      ] GC(165) Marking Phase 4.351ms
[320.198s][info][gc,phases,start] GC(165) Summary Phase
[320.198s][info][gc,phases      ] GC(165) Summary Phase 0.009ms
[320.198s][info][gc,phases,start] GC(165) Adjust Roots
[320.201s][info][gc,phases      ] GC(165) Adjust Roots 2.634ms
[320.201s][info][gc,phases,start] GC(165) Compaction Phase
[320.203s][info][gc,phases      ] GC(165) Compaction Phase 2.227ms
[320.203s][info][gc,phases,start] GC(165) Post Compact
[320.203s][info][gc,phases      ] GC(165) Post Compact 0.404ms
[320.203s][info][gc,heap        ] GC(165) PSYoungGen: 128K(2470912K)->0K(2470912K) Eden: 0K(2131968K)->0K(2131968K) From: 128K(338944K)->0K(338944K)
[320.203s][info][gc,heap        ] GC(165) ParOldGen: 5824K(5592576K)->5752K(5592576K)
[320.203s][info][gc,metaspace   ] GC(165) Metaspace: 16550K(16960K)->16550K(16960K) NonClass: 14201K(14464K)->14201K(14464K) Class: 2349K(2496K)->2349K(2496K)
[320.203s][info][gc             ] GC(165) Pause Full (System.gc()) 5M->5M(7874M) 9.838ms
[320.203s][info][gc,cpu         ] GC(165) User=0.00s Sys=0.00s Real=0.00s
[322.404s][info][gc,start       ] GC(166) Pause Young (Allocation Failure)
[322.404s][info][gc,heap        ] GC(166) PSYoungGen: 2131968K(2470912K)->352K(2457088K) Eden: 2131968K(2131968K)->0K(2131968K) From: 0K(338944K)->352K(325120K)
[322.404s][info][gc,heap        ] GC(166) ParOldGen: 5752K(5592576K)->5752K(5592576K)
[322.404s][info][gc,metaspace   ] GC(166) Metaspace: 16559K(16960K)->16559K(16960K) NonClass: 14209K(14464K)->14209K(14464K) Class: 2349K(2496K)->2349K(2496K)
[322.404s][info][gc             ] GC(166) Pause Young (Allocation Failure) 2087M->5M(7861M) 0.576ms
[322.404s][info][gc,cpu         ] GC(166) User=0.00s Sys=0.00s Real=0.00s
[326.232s][info][gc,start       ] GC(167) Pause Young (Allocation Failure)
[326.327s][info][gc,heap        ] GC(167) PSYoungGen: 2132320K(2457088K)->207104K(2426880K) Eden: 2131968K(2131968K)->0K(2116096K) From: 352K(325120K)->207104K(310784K)
[326.328s][info][gc,heap        ] GC(167) ParOldGen: 5752K(5592576K)->5792K(5592576K)
[326.328s][info][gc,metaspace   ] GC(167) Metaspace: 16559K(16960K)->16559K(16960K) NonClass: 14209K(14464K)->14209K(14464K) Class: 2349K(2496K)->2349K(2496K)
[326.328s][info][gc             ] GC(167) Pause Young (Allocation Failure) 2087M->207M(7831M) 95.341ms
[326.328s][info][gc,cpu         ] GC(167) User=0.56s Sys=0.00s Real=0.10s
[328.187s][info][gc,start       ] GC(168) Pause Young (System.gc())
[328.188s][info][gc,heap        ] GC(168) PSYoungGen: 1428604K(2426880K)->160K(2456064K) Eden: 1221500K(2116096K)->0K(2116096K) From: 207104K(310784K)->160K(339968K)
[328.188s][info][gc,heap        ] GC(168) ParOldGen: 5792K(5592576K)->5832K(5592576K)
[328.188s][info][gc,metaspace   ] GC(168) Metaspace: 16559K(16960K)->16559K(16960K) NonClass: 14209K(14464K)->14209K(14464K) Class: 2349K(2496K)->2349K(2496K)
[328.188s][info][gc             ] GC(168) Pause Young (System.gc()) 1400M->5M(7860M) 0.387ms
[328.188s][info][gc,cpu         ] GC(168) User=0.00s Sys=0.00s Real=0.00s
[328.188s][info][gc,start       ] GC(169) Pause Full (System.gc())
[328.188s][info][gc,phases,start] GC(169) Marking Phase
[328.192s][info][gc,phases      ] GC(169) Marking Phase 4.139ms
[328.192s][info][gc,phases,start] GC(169) Summary Phase
[328.192s][info][gc,phases      ] GC(169) Summary Phase 0.009ms
[328.192s][info][gc,phases,start] GC(169) Adjust Roots
[328.194s][info][gc,phases      ] GC(169) Adjust Roots 1.637ms
[328.194s][info][gc,phases,start] GC(169) Compaction Phase
[328.196s][info][gc,phases      ] GC(169) Compaction Phase 1.852ms
[328.196s][info][gc,phases,start] GC(169) Post Compact
[328.196s][info][gc,phases      ] GC(169) Post Compact 0.488ms
[328.196s][info][gc,heap        ] GC(169) PSYoungGen: 160K(2456064K)->0K(2456064K) Eden: 0K(2116096K)->0K(2116096K) From: 160K(339968K)->0K(339968K)
[328.196s][info][gc,heap        ] GC(169) ParOldGen: 5832K(5592576K)->5752K(5592576K)
[328.196s][info][gc,metaspace   ] GC(169) Metaspace: 16559K(16960K)->16559K(16960K) NonClass: 14209K(14464K)->14209K(14464K) Class: 2349K(2496K)->2349K(2496K)
[328.196s][info][gc             ] GC(169) Pause Full (System.gc()) 5M->5M(7860M) 8.401ms
[328.196s][info][gc,cpu         ] GC(169) User=0.02s Sys=0.00s Real=0.02s
[330.113s][info][gc,start       ] GC(170) Pause Young (Allocation Failure)
[330.113s][info][gc,heap        ] GC(170) PSYoungGen: 2116096K(2456064K)->352K(2483712K) Eden: 2116096K(2116096K)->0K(2157056K) From: 0K(339968K)->352K(326656K)
[330.113s][info][gc,heap        ] GC(170) ParOldGen: 5752K(5592576K)->5752K(5592576K)
[330.113s][info][gc,metaspace   ] GC(170) Metaspace: 16562K(16960K)->16562K(16960K) NonClass: 14213K(14464K)->14213K(14464K) Class: 2349K(2496K)->2349K(2496K)
[330.113s][info][gc             ] GC(170) Pause Young (Allocation Failure) 2072M->5M(7887M) 0.666ms
[330.113s][info][gc,cpu         ] GC(170) User=0.00s Sys=0.00s Real=0.00s
[333.369s][info][gc,start       ] GC(171) Pause Young (Allocation Failure)
[333.462s][info][gc,heap        ] GC(171) PSYoungGen: 2157408K(2483712K)->202880K(2360320K) Eden: 2157056K(2157056K)->0K(2157056K) From: 352K(326656K)->202880K(203264K)
[333.462s][info][gc,heap        ] GC(171) ParOldGen: 5752K(5592576K)->5784K(5592576K)
[333.462s][info][gc,metaspace   ] GC(171) Metaspace: 16562K(16960K)->16562K(16960K) NonClass: 14213K(14464K)->14213K(14464K) Class: 2349K(2496K)->2349K(2496K)
[333.462s][info][gc             ] GC(171) Pause Young (Allocation Failure) 2112M->203M(7766M) 93.223ms
[333.462s][info][gc,cpu         ] GC(171) User=0.56s Sys=0.00s Real=0.10s
[335.361s][info][gc,start       ] GC(172) Pause Young (System.gc())
[335.361s][info][gc,heap        ] GC(172) PSYoungGen: 1449779K(2360320K)->160K(2469888K) Eden: 1246899K(2157056K)->0K(2130432K) From: 202880K(203264K)->160K(339456K)
[335.361s][info][gc,heap        ] GC(172) ParOldGen: 5784K(5592576K)->5824K(5592576K)
[335.361s][info][gc,metaspace   ] GC(172) Metaspace: 16562K(16960K)->16562K(16960K) NonClass: 14213K(14464K)->14213K(14464K) Class: 2349K(2496K)->2349K(2496K)
[335.361s][info][gc             ] GC(172) Pause Young (System.gc()) 1421M->5M(7873M) 0.397ms
[335.361s][info][gc,cpu         ] GC(172) User=0.00s Sys=0.00s Real=0.00s
[335.361s][info][gc,start       ] GC(173) Pause Full (System.gc())
[335.361s][info][gc,phases,start] GC(173) Marking Phase
[335.365s][info][gc,phases      ] GC(173) Marking Phase 4.046ms
[335.365s][info][gc,phases,start] GC(173) Summary Phase
[335.365s][info][gc,phases      ] GC(173) Summary Phase 0.016ms
[335.365s][info][gc,phases,start] GC(173) Adjust Roots
[335.367s][info][gc,phases      ] GC(173) Adjust Roots 1.672ms
[335.367s][info][gc,phases,start] GC(173) Compaction Phase
[335.369s][info][gc,phases      ] GC(173) Compaction Phase 1.961ms
[335.369s][info][gc,phases,start] GC(173) Post Compact
[335.370s][info][gc,phases      ] GC(173) Post Compact 0.402ms
[335.370s][info][gc,heap        ] GC(173) PSYoungGen: 160K(2469888K)->0K(2469888K) Eden: 0K(2130432K)->0K(2130432K) From: 160K(339456K)->0K(339456K)
[335.370s][info][gc,heap        ] GC(173) ParOldGen: 5824K(5592576K)->5753K(5592576K)
[335.370s][info][gc,metaspace   ] GC(173) Metaspace: 16562K(16960K)->16562K(16960K) NonClass: 14213K(14464K)->14213K(14464K) Class: 2349K(2496K)->2349K(2496K)
[335.370s][info][gc             ] GC(173) Pause Full (System.gc()) 5M->5M(7873M) 8.402ms
[335.370s][info][gc,cpu         ] GC(173) User=0.02s Sys=0.00s Real=0.02s
[337.438s][info][gc,start       ] GC(174) Pause Young (Allocation Failure)
[337.438s][info][gc,heap        ] GC(174) PSYoungGen: 2130432K(2469888K)->384K(2456576K) Eden: 2130432K(2130432K)->0K(2130432K) From: 0K(339456K)->384K(326144K)
[337.438s][info][gc,heap        ] GC(174) ParOldGen: 5753K(5592576K)->5753K(5592576K)
[337.438s][info][gc,metaspace   ] GC(174) Metaspace: 16563K(16960K)->16563K(16960K) NonClass: 14213K(14464K)->14213K(14464K) Class: 2349K(2496K)->2349K(2496K)
[337.438s][info][gc             ] GC(174) Pause Young (Allocation Failure) 2086M->5M(7860M) 0.526ms
[337.438s][info][gc,cpu         ] GC(174) User=0.00s Sys=0.00s Real=0.00s
[340.991s][info][gc,start       ] GC(175) Pause Young (Allocation Failure)
[341.079s][info][gc,heap        ] GC(175) PSYoungGen: 2130816K(2456576K)->199072K(2433024K) Eden: 2130432K(2130432K)->0K(2121216K) From: 384K(326144K)->199072K(311808K)
[341.079s][info][gc,heap        ] GC(175) ParOldGen: 5753K(5592576K)->5793K(5592576K)
[341.079s][info][gc,metaspace   ] GC(175) Metaspace: 16563K(16960K)->16563K(16960K) NonClass: 14213K(14464K)->14213K(14464K) Class: 2349K(2496K)->2349K(2496K)
[341.079s][info][gc             ] GC(175) Pause Young (Allocation Failure) 2086M->200M(7837M) 88.104ms
[341.079s][info][gc,cpu         ] GC(175) User=0.45s Sys=0.00s Real=0.10s
[342.977s][info][gc,start       ] GC(176) Pause Young (System.gc())
[342.978s][info][gc,heap        ] GC(176) PSYoungGen: 1438877K(2433024K)->128K(2458624K) Eden: 1239805K(2121216K)->0K(2121216K) From: 199072K(311808K)->128K(337408K)
[342.978s][info][gc,heap        ] GC(176) ParOldGen: 5793K(5592576K)->5825K(5592576K)
[342.978s][info][gc,metaspace   ] GC(176) Metaspace: 16563K(16960K)->16563K(16960K) NonClass: 14213K(14464K)->14213K(14464K) Class: 2349K(2496K)->2349K(2496K)
[342.978s][info][gc             ] GC(176) Pause Young (System.gc()) 1410M->5M(7862M) 0.360ms
[342.978s][info][gc,cpu         ] GC(176) User=0.00s Sys=0.00s Real=0.00s
[342.978s][info][gc,start       ] GC(177) Pause Full (System.gc())
[342.978s][info][gc,phases,start] GC(177) Marking Phase
[342.982s][info][gc,phases      ] GC(177) Marking Phase 3.807ms
[342.982s][info][gc,phases,start] GC(177) Summary Phase
[342.982s][info][gc,phases      ] GC(177) Summary Phase 0.009ms
[342.982s][info][gc,phases,start] GC(177) Adjust Roots
[342.983s][info][gc,phases      ] GC(177) Adjust Roots 1.590ms
[342.983s][info][gc,phases,start] GC(177) Compaction Phase
[342.986s][info][gc,phases      ] GC(177) Compaction Phase 2.513ms
[342.986s][info][gc,phases,start] GC(177) Post Compact
[342.986s][info][gc,phases      ] GC(177) Post Compact 0.402ms
[342.986s][info][gc,heap        ] GC(177) PSYoungGen: 128K(2458624K)->0K(2458624K) Eden: 0K(2121216K)->0K(2121216K) From: 128K(337408K)->0K(337408K)
[342.986s][info][gc,heap        ] GC(177) ParOldGen: 5825K(5592576K)->5752K(5592576K)
[342.986s][info][gc,metaspace   ] GC(177) Metaspace: 16563K(16960K)->16563K(16960K) NonClass: 14213K(14464K)->14213K(14464K) Class: 2349K(2496K)->2349K(2496K)
[342.986s][info][gc             ] GC(177) Pause Full (System.gc()) 5M->5M(7862M) 8.505ms
[342.986s][info][gc,cpu         ] GC(177) User=0.00s Sys=0.00s Real=0.02s
[344.918s][info][gc,start       ] GC(178) Pause Young (Allocation Failure)
[344.918s][info][gc,heap        ] GC(178) PSYoungGen: 2121216K(2458624K)->320K(2486272K) Eden: 2121216K(2121216K)->0K(2162176K) From: 0K(337408K)->320K(324096K)
[344.918s][info][gc,heap        ] GC(178) ParOldGen: 5752K(5592576K)->5752K(5592576K)
[344.918s][info][gc,metaspace   ] GC(178) Metaspace: 16564K(16960K)->16564K(16960K) NonClass: 14215K(14464K)->14215K(14464K) Class: 2349K(2496K)->2349K(2496K)
[344.918s][info][gc             ] GC(178) Pause Young (Allocation Failure) 2077M->5M(7889M) 0.492ms
[344.918s][info][gc,cpu         ] GC(178) User=0.00s Sys=0.00s Real=0.00s
[348.507s][info][gc,start       ] GC(179) Pause Young (Allocation Failure)
[348.606s][info][gc,heap        ] GC(179) PSYoungGen: 2162496K(2486272K)->211648K(2374144K) Eden: 2162176K(2162176K)->0K(2162176K) From: 320K(324096K)->211648K(211968K)
[348.607s][info][gc,heap        ] GC(179) ParOldGen: 5752K(5592576K)->5792K(5592576K)
[348.607s][info][gc,metaspace   ] GC(179) Metaspace: 16570K(16960K)->16570K(16960K) NonClass: 14221K(14464K)->14221K(14464K) Class: 2349K(2496K)->2349K(2496K)
[348.607s][info][gc             ] GC(179) Pause Young (Allocation Failure) 2117M->212M(7780M) 99.062ms
[348.607s][info][gc,cpu         ] GC(179) User=0.55s Sys=0.02s Real=0.10s
[350.499s][info][gc,start       ] GC(180) Pause Young (System.gc())
[350.500s][info][gc,heap        ] GC(180) PSYoungGen: 1422037K(2374144K)->160K(2468864K) Eden: 1210389K(2162176K)->0K(2127872K) From: 211648K(211968K)->160K(340992K)
[350.500s][info][gc,heap        ] GC(180) ParOldGen: 5792K(5592576K)->5832K(5592576K)
[350.500s][info][gc,metaspace   ] GC(180) Metaspace: 16570K(16960K)->16570K(16960K) NonClass: 14221K(14464K)->14221K(14464K) Class: 2349K(2496K)->2349K(2496K)
[350.500s][info][gc             ] GC(180) Pause Young (System.gc()) 1394M->5M(7872M) 0.309ms
[350.500s][info][gc,cpu         ] GC(180) User=0.00s Sys=0.00s Real=0.00s
[350.500s][info][gc,start       ] GC(181) Pause Full (System.gc())
[350.500s][info][gc,phases,start] GC(181) Marking Phase
[350.504s][info][gc,phases      ] GC(181) Marking Phase 4.051ms
[350.504s][info][gc,phases,start] GC(181) Summary Phase
[350.504s][info][gc,phases      ] GC(181) Summary Phase 0.009ms
[350.504s][info][gc,phases,start] GC(181) Adjust Roots
[350.506s][info][gc,phases      ] GC(181) Adjust Roots 2.053ms
[350.506s][info][gc,phases,start] GC(181) Compaction Phase
[350.508s][info][gc,phases      ] GC(181) Compaction Phase 1.852ms
[350.508s][info][gc,phases,start] GC(181) Post Compact
[350.508s][info][gc,phases      ] GC(181) Post Compact 0.403ms
[350.508s][info][gc,heap        ] GC(181) PSYoungGen: 160K(2468864K)->0K(2468864K) Eden: 0K(2127872K)->0K(2127872K) From: 160K(340992K)->0K(340992K)
[350.508s][info][gc,heap        ] GC(181) ParOldGen: 5832K(5592576K)->5753K(5592576K)
[350.508s][info][gc,metaspace   ] GC(181) Metaspace: 16570K(16960K)->16570K(16960K) NonClass: 14221K(14464K)->14221K(14464K) Class: 2349K(2496K)->2349K(2496K)
[350.508s][info][gc             ] GC(181) Pause Full (System.gc()) 5M->5M(7872M) 8.559ms
[350.508s][info][gc,cpu         ] GC(181) User=0.02s Sys=0.00s Real=0.02s
[352.899s][info][gc,start       ] GC(182) Pause Young (Allocation Failure)
[352.900s][info][gc,heap        ] GC(182) PSYoungGen: 2127872K(2468864K)->384K(2455040K) Eden: 2127872K(2127872K)->0K(2127872K) From: 0K(340992K)->384K(327168K)
[352.900s][info][gc,heap        ] GC(182) ParOldGen: 5753K(5592576K)->5753K(5592576K)
[352.900s][info][gc,metaspace   ] GC(182) Metaspace: 16570K(16960K)->16570K(16960K) NonClass: 14221K(14464K)->14221K(14464K) Class: 2349K(2496K)->2349K(2496K)
[352.900s][info][gc             ] GC(182) Pause Young (Allocation Failure) 2083M->5M(7859M) 0.577ms
[352.900s][info][gc,cpu         ] GC(182) User=0.00s Sys=0.00s Real=0.00s
[356.983s][info][gc,start       ] GC(183) Pause Young (Allocation Failure)
[357.073s][info][gc,heap        ] GC(183) PSYoungGen: 2128256K(2455040K)->196736K(2433024K) Eden: 2127872K(2127872K)->0K(2120192K) From: 384K(327168K)->196736K(312832K)
[357.073s][info][gc,heap        ] GC(183) ParOldGen: 5753K(5592576K)->5785K(5592576K)
[357.073s][info][gc,metaspace   ] GC(183) Metaspace: 16570K(16960K)->16570K(16960K) NonClass: 14221K(14464K)->14221K(14464K) Class: 2349K(2496K)->2349K(2496K)
[357.073s][info][gc             ] GC(183) Pause Young (Allocation Failure) 2083M->197M(7837M) 89.473ms
[357.073s][info][gc,cpu         ] GC(183) User=0.56s Sys=0.00s Real=0.10s
[358.992s][info][gc,start       ] GC(184) Pause Young (System.gc())
[358.992s][info][gc,heap        ] GC(184) PSYoungGen: 1447636K(2433024K)->192K(2458112K) Eden: 1250900K(2120192K)->0K(2120192K) From: 196736K(312832K)->192K(337920K)
[358.992s][info][gc,heap        ] GC(184) ParOldGen: 5785K(5592576K)->5833K(5592576K)
[358.992s][info][gc,metaspace   ] GC(184) Metaspace: 16570K(16960K)->16570K(16960K) NonClass: 14221K(14464K)->14221K(14464K) Class: 2349K(2496K)->2349K(2496K)
[358.992s][info][gc             ] GC(184) Pause Young (System.gc()) 1419M->5M(7862M) 0.334ms
[358.992s][info][gc,cpu         ] GC(184) User=0.00s Sys=0.00s Real=0.00s
[358.992s][info][gc,start       ] GC(185) Pause Full (System.gc())
[358.992s][info][gc,phases,start] GC(185) Marking Phase
[358.997s][info][gc,phases      ] GC(185) Marking Phase 4.135ms
[358.997s][info][gc,phases,start] GC(185) Summary Phase
[358.997s][info][gc,phases      ] GC(185) Summary Phase 0.011ms
[358.997s][info][gc,phases,start] GC(185) Adjust Roots
[358.998s][info][gc,phases      ] GC(185) Adjust Roots 1.704ms
[358.998s][info][gc,phases,start] GC(185) Compaction Phase
[359.001s][info][gc,phases      ] GC(185) Compaction Phase 2.474ms
[359.001s][info][gc,phases,start] GC(185) Post Compact
[359.001s][info][gc,phases      ] GC(185) Post Compact 0.402ms
[359.001s][info][gc,heap        ] GC(185) PSYoungGen: 192K(2458112K)->0K(2458112K) Eden: 0K(2120192K)->0K(2120192K) From: 192K(337920K)->0K(337920K)
[359.001s][info][gc,heap        ] GC(185) ParOldGen: 5833K(5592576K)->5753K(5592576K)
[359.001s][info][gc,metaspace   ] GC(185) Metaspace: 16570K(16960K)->16570K(16960K) NonClass: 14221K(14464K)->14221K(14464K) Class: 2349K(2496K)->2349K(2496K)
[359.001s][info][gc             ] GC(185) Pause Full (System.gc()) 5M->5M(7862M) 8.909ms
[359.001s][info][gc,cpu         ] GC(185) User=0.00s Sys=0.00s Real=0.02s
[361.176s][info][gc,start       ] GC(186) Pause Young (Allocation Failure)
[361.177s][info][gc,heap        ] GC(186) PSYoungGen: 2120192K(2458112K)->352K(2485760K) Eden: 2120192K(2120192K)->0K(2161664K) From: 0K(337920K)->352K(324096K)
[361.177s][info][gc,heap        ] GC(186) ParOldGen: 5753K(5592576K)->5753K(5592576K)
[361.177s][info][gc,metaspace   ] GC(186) Metaspace: 16570K(16960K)->16570K(16960K) NonClass: 14221K(14464K)->14221K(14464K) Class: 2349K(2496K)->2349K(2496K)
[361.177s][info][gc             ] GC(186) Pause Young (Allocation Failure) 2076M->5M(7889M) 0.494ms
[361.177s][info][gc,cpu         ] GC(186) User=0.00s Sys=0.00s Real=0.00s
[364.548s][info][gc,start       ] GC(187) Pause Young (Allocation Failure)
[364.640s][info][gc,heap        ] GC(187) PSYoungGen: 2162016K(2485760K)->208832K(2370560K) Eden: 2161664K(2161664K)->0K(2161664K) From: 352K(324096K)->208832K(208896K)
[364.640s][info][gc,heap        ] GC(187) ParOldGen: 5753K(5592576K)->5793K(5592576K)
[364.640s][info][gc,metaspace   ] GC(187) Metaspace: 16570K(16960K)->16570K(16960K) NonClass: 14221K(14464K)->14221K(14464K) Class: 2349K(2496K)->2349K(2496K)
[364.640s][info][gc             ] GC(187) Pause Young (Allocation Failure) 2116M->209M(7776M) 92.765ms
[364.640s][info][gc,cpu         ] GC(187) User=0.55s Sys=0.00s Real=0.09s
[366.537s][info][gc,start       ] GC(188) Pause Young (System.gc())
[366.538s][info][gc,heap        ] GC(188) PSYoungGen: 1435129K(2370560K)->96K(2469888K) Eden: 1226297K(2161664K)->0K(2129920K) From: 208832K(208896K)->96K(339968K)
[366.538s][info][gc,heap        ] GC(188) ParOldGen: 5793K(5592576K)->5833K(5592576K)
[366.538s][info][gc,metaspace   ] GC(188) Metaspace: 16570K(16960K)->16570K(16960K) NonClass: 14221K(14464K)->14221K(14464K) Class: 2349K(2496K)->2349K(2496K)
[366.538s][info][gc             ] GC(188) Pause Young (System.gc()) 1407M->5M(7873M) 0.616ms
[366.538s][info][gc,cpu         ] GC(188) User=0.00s Sys=0.00s Real=0.00s
[366.538s][info][gc,start       ] GC(189) Pause Full (System.gc())
[366.538s][info][gc,phases,start] GC(189) Marking Phase
[366.542s][info][gc,phases      ] GC(189) Marking Phase 3.985ms
[366.542s][info][gc,phases,start] GC(189) Summary Phase
[366.542s][info][gc,phases      ] GC(189) Summary Phase 0.010ms
[366.542s][info][gc,phases,start] GC(189) Adjust Roots
[366.544s][info][gc,phases      ] GC(189) Adjust Roots 1.573ms
[366.544s][info][gc,phases,start] GC(189) Compaction Phase
[366.546s][info][gc,phases      ] GC(189) Compaction Phase 2.015ms
[366.546s][info][gc,phases,start] GC(189) Post Compact
[366.546s][info][gc,phases      ] GC(189) Post Compact 0.398ms
[366.546s][info][gc,heap        ] GC(189) PSYoungGen: 96K(2469888K)->0K(2469888K) Eden: 0K(2129920K)->0K(2129920K) From: 96K(339968K)->0K(339968K)
[366.546s][info][gc,heap        ] GC(189) ParOldGen: 5833K(5592576K)->5753K(5592576K)
[366.546s][info][gc,metaspace   ] GC(189) Metaspace: 16570K(16960K)->16570K(16960K) NonClass: 14221K(14464K)->14221K(14464K) Class: 2349K(2496K)->2349K(2496K)
[366.546s][info][gc             ] GC(189) Pause Full (System.gc()) 5M->5M(7873M) 8.162ms
[366.546s][info][gc,cpu         ] GC(189) User=0.00s Sys=0.00s Real=0.00s
[368.977s][info][gc,start       ] GC(190) Pause Young (Allocation Failure)
[368.978s][info][gc,heap        ] GC(190) PSYoungGen: 2129920K(2469888K)->384K(2456064K) Eden: 2129920K(2129920K)->0K(2129920K) From: 0K(339968K)->384K(326144K)
[368.978s][info][gc,heap        ] GC(190) ParOldGen: 5753K(5592576K)->5753K(5592576K)
[368.978s][info][gc,metaspace   ] GC(190) Metaspace: 16570K(16960K)->16570K(16960K) NonClass: 14221K(14464K)->14221K(14464K) Class: 2349K(2496K)->2349K(2496K)
[368.978s][info][gc             ] GC(190) Pause Young (Allocation Failure) 2085M->5M(7860M) 0.575ms
[368.978s][info][gc,cpu         ] GC(190) User=0.00s Sys=0.00s Real=0.00s
[372.886s][info][gc,start       ] GC(191) Pause Young (Allocation Failure)
[372.970s][info][gc,heap        ] GC(191) PSYoungGen: 2130304K(2456064K)->189152K(2439680K) Eden: 2129920K(2129920K)->0K(2127360K) From: 384K(326144K)->189152K(312320K)
[372.970s][info][gc,heap        ] GC(191) ParOldGen: 5753K(5592576K)->5785K(5592576K)
[372.970s][info][gc,metaspace   ] GC(191) Metaspace: 16570K(16960K)->16570K(16960K) NonClass: 14221K(14464K)->14221K(14464K) Class: 2349K(2496K)->2349K(2496K)
[372.970s][info][gc             ] GC(191) Pause Young (Allocation Failure) 2085M->190M(7844M) 83.293ms
[372.970s][info][gc,cpu         ] GC(191) User=0.47s Sys=0.00s Real=0.08s
[374.877s][info][gc,start       ] GC(192) Pause Young (System.gc())
[374.877s][info][gc,heap        ] GC(192) PSYoungGen: 1450696K(2439680K)->192K(2461696K) Eden: 1261544K(2127360K)->0K(2127360K) From: 189152K(312320K)->192K(334336K)
[374.877s][info][gc,heap        ] GC(192) ParOldGen: 5785K(5592576K)->5825K(5592576K)
[374.877s][info][gc,metaspace   ] GC(192) Metaspace: 16579K(16960K)->16579K(16960K) NonClass: 14230K(14464K)->14230K(14464K) Class: 2349K(2496K)->2349K(2496K)
[374.878s][info][gc             ] GC(192) Pause Young (System.gc()) 1422M->5M(7865M) 0.319ms
[374.878s][info][gc,cpu         ] GC(192) User=0.00s Sys=0.00s Real=0.00s
[374.878s][info][gc,start       ] GC(193) Pause Full (System.gc())
[374.878s][info][gc,phases,start] GC(193) Marking Phase
[374.881s][info][gc,phases      ] GC(193) Marking Phase 3.921ms
[374.882s][info][gc,phases,start] GC(193) Summary Phase
[374.882s][info][gc,phases      ] GC(193) Summary Phase 0.011ms
[374.882s][info][gc,phases,start] GC(193) Adjust Roots
[374.884s][info][gc,phases      ] GC(193) Adjust Roots 2.224ms
[374.884s][info][gc,phases,start] GC(193) Compaction Phase
[374.886s][info][gc,phases      ] GC(193) Compaction Phase 2.167ms
[374.886s][info][gc,phases,start] GC(193) Post Compact
[374.886s][info][gc,phases      ] GC(193) Post Compact 0.400ms
[374.886s][info][gc,heap        ] GC(193) PSYoungGen: 192K(2461696K)->0K(2461696K) Eden: 0K(2127360K)->0K(2127360K) From: 192K(334336K)->0K(334336K)
[374.886s][info][gc,heap        ] GC(193) ParOldGen: 5825K(5592576K)->5753K(5592576K)
[374.886s][info][gc,metaspace   ] GC(193) Metaspace: 16579K(16960K)->16579K(16960K) NonClass: 14230K(14464K)->14230K(14464K) Class: 2349K(2496K)->2349K(2496K)
[374.887s][info][gc             ] GC(193) Pause Full (System.gc()) 5M->5M(7865M) 8.955ms
[374.887s][info][gc,cpu         ] GC(193) User=0.02s Sys=0.00s Real=0.01s
[376.843s][info][gc,start       ] GC(194) Pause Young (Allocation Failure)
[376.844s][info][gc,heap        ] GC(194) PSYoungGen: 2127360K(2461696K)->352K(2489344K) Eden: 2127360K(2127360K)->0K(2168320K) From: 0K(334336K)->352K(321024K)
[376.844s][info][gc,heap        ] GC(194) ParOldGen: 5753K(5592576K)->5753K(5592576K)
[376.844s][info][gc,metaspace   ] GC(194) Metaspace: 16594K(16960K)->16594K(16960K) NonClass: 14245K(14464K)->14245K(14464K) Class: 2349K(2496K)->2349K(2496K)
[376.844s][info][gc             ] GC(194) Pause Young (Allocation Failure) 2083M->5M(7892M) 0.483ms
[376.844s][info][gc,cpu         ] GC(194) User=0.00s Sys=0.00s Real=0.00s
[380.130s][info][gc,start       ] GC(195) Pause Young (Allocation Failure)
[380.224s][info][gc,heap        ] GC(195) PSYoungGen: 2168672K(2489344K)->213600K(2382336K) Eden: 2168320K(2168320K)->0K(2168320K) From: 352K(321024K)->213600K(214016K)
[380.224s][info][gc,heap        ] GC(195) ParOldGen: 5753K(5592576K)->5793K(5592576K)
[380.224s][info][gc,metaspace   ] GC(195) Metaspace: 16594K(16960K)->16594K(16960K) NonClass: 14245K(14464K)->14245K(14464K) Class: 2349K(2496K)->2349K(2496K)
[380.224s][info][gc             ] GC(195) Pause Young (Allocation Failure) 2123M->214M(7788M) 94.591ms
[380.224s][info][gc,cpu         ] GC(195) User=0.66s Sys=0.00s Real=0.10s
[382.096s][info][gc,start       ] GC(196) Pause Young (System.gc())
[382.096s][info][gc,heap        ] GC(196) PSYoungGen: 1419623K(2382336K)->128K(2470400K) Eden: 1206023K(2168320K)->0K(2131456K) From: 213600K(214016K)->128K(338944K)
[382.096s][info][gc,heap        ] GC(196) ParOldGen: 5793K(5592576K)->5825K(5592576K)
[382.096s][info][gc,metaspace   ] GC(196) Metaspace: 16594K(16960K)->16594K(16960K) NonClass: 14245K(14464K)->14245K(14464K) Class: 2349K(2496K)->2349K(2496K)
[382.096s][info][gc             ] GC(196) Pause Young (System.gc()) 1392M->5M(7874M) 0.444ms
[382.096s][info][gc,cpu         ] GC(196) User=0.00s Sys=0.00s Real=0.00s
[382.096s][info][gc,start       ] GC(197) Pause Full (System.gc())
[382.096s][info][gc,phases,start] GC(197) Marking Phase
[382.100s][info][gc,phases      ] GC(197) Marking Phase 3.960ms
[382.100s][info][gc,phases,start] GC(197) Summary Phase
[382.100s][info][gc,phases      ] GC(197) Summary Phase 0.008ms
[382.100s][info][gc,phases,start] GC(197) Adjust Roots
[382.102s][info][gc,phases      ] GC(197) Adjust Roots 1.637ms
[382.102s][info][gc,phases,start] GC(197) Compaction Phase
[382.104s][info][gc,phases      ] GC(197) Compaction Phase 2.182ms
[382.104s][info][gc,phases,start] GC(197) Post Compact
[382.105s][info][gc,phases      ] GC(197) Post Compact 0.425ms
[382.105s][info][gc,heap        ] GC(197) PSYoungGen: 128K(2470400K)->0K(2470400K) Eden: 0K(2131456K)->0K(2131456K) From: 128K(338944K)->0K(338944K)
[382.105s][info][gc,heap        ] GC(197) ParOldGen: 5825K(5592576K)->5753K(5592576K)
[382.105s][info][gc,metaspace   ] GC(197) Metaspace: 16594K(16960K)->16594K(16960K) NonClass: 14245K(14464K)->14245K(14464K) Class: 2349K(2496K)->2349K(2496K)
[382.105s][info][gc             ] GC(197) Pause Full (System.gc()) 5M->5M(7874M) 8.436ms
[382.105s][info][gc,cpu         ] GC(197) User=0.02s Sys=0.00s Real=0.02s
[384.037s][info][gc,start       ] GC(198) Pause Young (Allocation Failure)
[384.038s][info][gc,heap        ] GC(198) PSYoungGen: 2131456K(2470400K)->320K(2457088K) Eden: 2131456K(2131456K)->0K(2131456K) From: 0K(338944K)->320K(325632K)
[384.038s][info][gc,heap        ] GC(198) ParOldGen: 5753K(5592576K)->5753K(5592576K)
[384.038s][info][gc,metaspace   ] GC(198) Metaspace: 16594K(16960K)->16594K(16960K) NonClass: 14245K(14464K)->14245K(14464K) Class: 2349K(2496K)->2349K(2496K)
[384.038s][info][gc             ] GC(198) Pause Young (Allocation Failure) 2087M->5M(7861M) 0.621ms
[384.038s][info][gc,cpu         ] GC(198) User=0.00s Sys=0.00s Real=0.00s
[388.136s][info][gc,start       ] GC(199) Pause Young (Allocation Failure)
[388.225s][info][gc,heap        ] GC(199) PSYoungGen: 2131776K(2457088K)->198784K(2433536K) Eden: 2131456K(2131456K)->0K(2122240K) From: 320K(325632K)->198784K(311296K)
[388.225s][info][gc,heap        ] GC(199) ParOldGen: 5753K(5592576K)->5793K(5592576K)
[388.225s][info][gc,metaspace   ] GC(199) Metaspace: 16594K(16960K)->16594K(16960K) NonClass: 14245K(14464K)->14245K(14464K) Class: 2349K(2496K)->2349K(2496K)
[388.225s][info][gc             ] GC(199) Pause Young (Allocation Failure) 2087M->199M(7838M) 88.618ms
[388.225s][info][gc,cpu         ] GC(199) User=0.56s Sys=0.00s Real=0.10s
[390.119s][info][gc,start       ] GC(200) Pause Young (System.gc())
[390.120s][info][gc,heap        ] GC(200) PSYoungGen: 1439254K(2433536K)->192K(2459136K) Eden: 1240470K(2122240K)->0K(2122240K) From: 198784K(311296K)->192K(336896K)
[390.120s][info][gc,heap        ] GC(200) ParOldGen: 5793K(5592576K)->5833K(5592576K)
[390.120s][info][gc,metaspace   ] GC(200) Metaspace: 16594K(16960K)->16594K(16960K) NonClass: 14245K(14464K)->14245K(14464K) Class: 2349K(2496K)->2349K(2496K)
[390.120s][info][gc             ] GC(200) Pause Young (System.gc()) 1411M->5M(7863M) 0.362ms
[390.120s][info][gc,cpu         ] GC(200) User=0.00s Sys=0.00s Real=0.00s
[390.120s][info][gc,start       ] GC(201) Pause Full (System.gc())
[390.120s][info][gc,phases,start] GC(201) Marking Phase
[390.124s][info][gc,phases      ] GC(201) Marking Phase 4.372ms
[390.124s][info][gc,phases,start] GC(201) Summary Phase
[390.124s][info][gc,phases      ] GC(201) Summary Phase 0.010ms
[390.124s][info][gc,phases,start] GC(201) Adjust Roots
[390.126s][info][gc,phases      ] GC(201) Adjust Roots 1.738ms
[390.126s][info][gc,phases,start] GC(201) Compaction Phase
[390.128s][info][gc,phases      ] GC(201) Compaction Phase 1.922ms
[390.128s][info][gc,phases,start] GC(201) Post Compact
[390.128s][info][gc,phases      ] GC(201) Post Compact 0.399ms
[390.128s][info][gc,heap        ] GC(201) PSYoungGen: 192K(2459136K)->0K(2459136K) Eden: 0K(2122240K)->0K(2122240K) From: 192K(336896K)->0K(336896K)
[390.128s][info][gc,heap        ] GC(201) ParOldGen: 5833K(5592576K)->5753K(5592576K)
[390.128s][info][gc,metaspace   ] GC(201) Metaspace: 16594K(16960K)->16594K(16960K) NonClass: 14245K(14464K)->14245K(14464K) Class: 2349K(2496K)->2349K(2496K)
[390.128s][info][gc             ] GC(201) Pause Full (System.gc()) 5M->5M(7863M) 8.677ms
[390.128s][info][gc,cpu         ] GC(201) User=0.00s Sys=0.00s Real=0.02s
[392.602s][info][gc,start       ] GC(202) Pause Young (Allocation Failure)
[392.603s][info][gc,heap        ] GC(202) PSYoungGen: 2122240K(2459136K)->352K(2486784K) Eden: 2122240K(2122240K)->0K(2163200K) From: 0K(336896K)->352K(323584K)
[392.603s][info][gc,heap        ] GC(202) ParOldGen: 5753K(5592576K)->5753K(5592576K)
[392.603s][info][gc,metaspace   ] GC(202) Metaspace: 16594K(16960K)->16594K(16960K) NonClass: 14245K(14464K)->14245K(14464K) Class: 2349K(2496K)->2349K(2496K)
[392.603s][info][gc             ] GC(202) Pause Young (Allocation Failure) 2078M->5M(7890M) 0.660ms
[392.603s][info][gc,cpu         ] GC(202) User=0.00s Sys=0.00s Real=0.00s
[396.327s][info][gc,start       ] GC(203) Pause Young (Allocation Failure)
[396.420s][info][gc,heap        ] GC(203) PSYoungGen: 2163552K(2486784K)->210560K(2374144K) Eden: 2163200K(2163200K)->0K(2163200K) From: 352K(323584K)->210560K(210944K)
[396.420s][info][gc,heap        ] GC(203) ParOldGen: 5753K(5592576K)->5785K(5592576K)
[396.420s][info][gc,metaspace   ] GC(203) Metaspace: 16594K(16960K)->16594K(16960K) NonClass: 14245K(14464K)->14245K(14464K) Class: 2349K(2496K)->2349K(2496K)
[396.420s][info][gc             ] GC(203) Pause Young (Allocation Failure) 2118M->211M(7780M) 93.079ms
[396.420s][info][gc,cpu         ] GC(203) User=0.56s Sys=0.00s Real=0.09s
[398.295s][info][gc,start       ] GC(204) Pause Young (System.gc())
[398.296s][info][gc,heap        ] GC(204) PSYoungGen: 1424041K(2374144K)->192K(2469376K) Eden: 1213481K(2163200K)->0K(2129408K) From: 210560K(210944K)->192K(339968K)
[398.296s][info][gc,heap        ] GC(204) ParOldGen: 5785K(5592576K)->5833K(5592576K)
[398.296s][info][gc,metaspace   ] GC(204) Metaspace: 16594K(16960K)->16594K(16960K) NonClass: 14245K(14464K)->14245K(14464K) Class: 2349K(2496K)->2349K(2496K)
[398.296s][info][gc             ] GC(204) Pause Young (System.gc()) 1396M->5M(7873M) 0.425ms
[398.296s][info][gc,cpu         ] GC(204) User=0.00s Sys=0.00s Real=0.00s
[398.296s][info][gc,start       ] GC(205) Pause Full (System.gc())
[398.296s][info][gc,phases,start] GC(205) Marking Phase
[398.300s][info][gc,phases      ] GC(205) Marking Phase 4.377ms
[398.300s][info][gc,phases,start] GC(205) Summary Phase
[398.300s][info][gc,phases      ] GC(205) Summary Phase 0.010ms
[398.300s][info][gc,phases,start] GC(205) Adjust Roots
[398.302s][info][gc,phases      ] GC(205) Adjust Roots 1.899ms
[398.302s][info][gc,phases,start] GC(205) Compaction Phase
[398.304s][info][gc,phases      ] GC(205) Compaction Phase 2.141ms
[398.305s][info][gc,phases,start] GC(205) Post Compact
[398.305s][info][gc,phases      ] GC(205) Post Compact 0.423ms
[398.305s][info][gc,heap        ] GC(205) PSYoungGen: 192K(2469376K)->0K(2469376K) Eden: 0K(2129408K)->0K(2129408K) From: 192K(339968K)->0K(339968K)
[398.305s][info][gc,heap        ] GC(205) ParOldGen: 5833K(5592576K)->5753K(5592576K)
[398.305s][info][gc,metaspace   ] GC(205) Metaspace: 16594K(16960K)->16594K(16960K) NonClass: 14245K(14464K)->14245K(14464K) Class: 2349K(2496K)->2349K(2496K)
[398.305s][info][gc             ] GC(205) Pause Full (System.gc()) 5M->5M(7873M) 9.090ms
[398.305s][info][gc,cpu         ] GC(205) User=0.02s Sys=0.00s Real=0.00s
[400.298s][info][gc,start       ] GC(206) Pause Young (Allocation Failure)
[400.299s][info][gc,heap        ] GC(206) PSYoungGen: 2129408K(2469376K)->352K(2456064K) Eden: 2129408K(2129408K)->0K(2129408K) From: 0K(339968K)->352K(326656K)
[400.299s][info][gc,heap        ] GC(206) ParOldGen: 5753K(5592576K)->5753K(5592576K)
[400.299s][info][gc,metaspace   ] GC(206) Metaspace: 16594K(16960K)->16594K(16960K) NonClass: 14245K(14464K)->14245K(14464K) Class: 2349K(2496K)->2349K(2496K)
[400.299s][info][gc             ] GC(206) Pause Young (Allocation Failure) 2085M->5M(7860M) 0.642ms
[400.299s][info][gc,cpu         ] GC(206) User=0.00s Sys=0.00s Real=0.00s
[403.888s][info][gc,start       ] GC(207) Pause Young (Allocation Failure)
[403.982s][info][gc,heap        ] GC(207) PSYoungGen: 2129760K(2456064K)->205984K(2427392K) Eden: 2129408K(2129408K)->0K(2115072K) From: 352K(326656K)->205984K(312320K)
[403.982s][info][gc,heap        ] GC(207) ParOldGen: 5753K(5592576K)->5793K(5592576K)
[403.982s][info][gc,metaspace   ] GC(207) Metaspace: 16594K(16960K)->16594K(16960K) NonClass: 14245K(14464K)->14245K(14464K) Class: 2349K(2496K)->2349K(2496K)
[403.982s][info][gc             ] GC(207) Pause Young (Allocation Failure) 2085M->206M(7832M) 94.125ms
[403.982s][info][gc,cpu         ] GC(207) User=0.56s Sys=0.00s Real=0.10s
[405.878s][info][gc,start       ] GC(208) Pause Young (System.gc())
[405.878s][info][gc,heap        ] GC(208) PSYoungGen: 1437858K(2427392K)->128K(2455552K) Eden: 1231874K(2115072K)->0K(2115072K) From: 205984K(312320K)->128K(340480K)
[405.878s][info][gc,heap        ] GC(208) ParOldGen: 5793K(5592576K)->5825K(5592576K)
[405.878s][info][gc,metaspace   ] GC(208) Metaspace: 16594K(16960K)->16594K(16960K) NonClass: 14245K(14464K)->14245K(14464K) Class: 2349K(2496K)->2349K(2496K)
[405.878s][info][gc             ] GC(208) Pause Young (System.gc()) 1409M->5M(7859M) 0.338ms
[405.878s][info][gc,cpu         ] GC(208) User=0.00s Sys=0.00s Real=0.00s
[405.878s][info][gc,start       ] GC(209) Pause Full (System.gc())
[405.878s][info][gc,phases,start] GC(209) Marking Phase
[405.882s][info][gc,phases      ] GC(209) Marking Phase 4.202ms
[405.883s][info][gc,phases,start] GC(209) Summary Phase
[405.883s][info][gc,phases      ] GC(209) Summary Phase 0.010ms
[405.883s][info][gc,phases,start] GC(209) Adjust Roots
[405.884s][info][gc,phases      ] GC(209) Adjust Roots 1.721ms
[405.884s][info][gc,phases,start] GC(209) Compaction Phase
[405.886s][info][gc,phases      ] GC(209) Compaction Phase 2.156ms
[405.887s][info][gc,phases,start] GC(209) Post Compact
[405.887s][info][gc,phases      ] GC(209) Post Compact 0.409ms
[405.887s][info][gc,heap        ] GC(209) PSYoungGen: 128K(2455552K)->0K(2455552K) Eden: 0K(2115072K)->0K(2115072K) From: 128K(340480K)->0K(340480K)
[405.887s][info][gc,heap        ] GC(209) ParOldGen: 5825K(5592576K)->5752K(5592576K)
[405.887s][info][gc,metaspace   ] GC(209) Metaspace: 16594K(16960K)->16594K(16960K) NonClass: 14245K(14464K)->14245K(14464K) Class: 2349K(2496K)->2349K(2496K)
[405.887s][info][gc             ] GC(209) Pause Full (System.gc()) 5M->5M(7859M) 8.728ms
[405.887s][info][gc,cpu         ] GC(209) User=0.02s Sys=0.00s Real=0.02s
[407.995s][info][gc,start       ] GC(210) Pause Young (Allocation Failure)
[407.995s][info][gc,heap        ] GC(210) PSYoungGen: 2115072K(2455552K)->384K(2483200K) Eden: 2115072K(2115072K)->0K(2156032K) From: 0K(340480K)->384K(327168K)
[407.995s][info][gc,heap        ] GC(210) ParOldGen: 5752K(5592576K)->5752K(5592576K)
[407.995s][info][gc,metaspace   ] GC(210) Metaspace: 16594K(16960K)->16594K(16960K) NonClass: 14245K(14464K)->14245K(14464K) Class: 2349K(2496K)->2349K(2496K)
[407.995s][info][gc             ] GC(210) Pause Young (Allocation Failure) 2071M->5M(7886M) 0.483ms
[407.995s][info][gc,cpu         ] GC(210) User=0.00s Sys=0.00s Real=0.00s
[411.694s][info][gc,start       ] GC(211) Pause Young (Allocation Failure)
[411.788s][info][gc,heap        ] GC(211) PSYoungGen: 2156416K(2483200K)->205632K(2361856K) Eden: 2156032K(2156032K)->0K(2156032K) From: 384K(327168K)->205632K(205824K)
[411.789s][info][gc,heap        ] GC(211) ParOldGen: 5752K(5592576K)->5792K(5592576K)
[411.789s][info][gc,metaspace   ] GC(211) Metaspace: 16594K(16960K)->16594K(16960K) NonClass: 14245K(14464K)->14245K(14464K) Class: 2349K(2496K)->2349K(2496K)
[411.789s][info][gc             ] GC(211) Pause Young (Allocation Failure) 2111M->206M(7768M) 94.177ms
[411.789s][info][gc,cpu         ] GC(211) User=0.56s Sys=0.00s Real=0.10s
[413.634s][info][gc,start       ] GC(212) Pause Young (System.gc())
[413.635s][info][gc,heap        ] GC(212) PSYoungGen: 1436486K(2361856K)->160K(2468864K) Eden: 1230854K(2156032K)->0K(2127872K) From: 205632K(205824K)->160K(340992K)
[413.635s][info][gc,heap        ] GC(212) ParOldGen: 5792K(5592576K)->5840K(5592576K)
[413.635s][info][gc,metaspace   ] GC(212) Metaspace: 16594K(16960K)->16594K(16960K) NonClass: 14245K(14464K)->14245K(14464K) Class: 2349K(2496K)->2349K(2496K)
[413.635s][info][gc             ] GC(212) Pause Young (System.gc()) 1408M->5M(7872M) 0.471ms
[413.635s][info][gc,cpu         ] GC(212) User=0.00s Sys=0.00s Real=0.00s
[413.635s][info][gc,start       ] GC(213) Pause Full (System.gc())
[413.635s][info][gc,phases,start] GC(213) Marking Phase
[413.639s][info][gc,phases      ] GC(213) Marking Phase 4.460ms
[413.639s][info][gc,phases,start] GC(213) Summary Phase
[413.639s][info][gc,phases      ] GC(213) Summary Phase 0.010ms
[413.639s][info][gc,phases,start] GC(213) Adjust Roots
[413.641s][info][gc,phases      ] GC(213) Adjust Roots 1.580ms
[413.641s][info][gc,phases,start] GC(213) Compaction Phase
[413.643s][info][gc,phases      ] GC(213) Compaction Phase 2.106ms
[413.643s][info][gc,phases,start] GC(213) Post Compact
[413.644s][info][gc,phases      ] GC(213) Post Compact 0.402ms
[413.644s][info][gc,heap        ] GC(213) PSYoungGen: 160K(2468864K)->0K(2468864K) Eden: 0K(2127872K)->0K(2127872K) From: 160K(340992K)->0K(340992K)
[413.644s][info][gc,heap        ] GC(213) ParOldGen: 5840K(5592576K)->5753K(5592576K)
[413.644s][info][gc,metaspace   ] GC(213) Metaspace: 16594K(16960K)->16594K(16960K) NonClass: 14245K(14464K)->14245K(14464K) Class: 2349K(2496K)->2349K(2496K)
[413.644s][info][gc             ] GC(213) Pause Full (System.gc()) 5M->5M(7872M) 8.767ms
[413.644s][info][gc,cpu         ] GC(213) User=0.00s Sys=0.00s Real=0.00s
[415.578s][info][gc,start       ] GC(214) Pause Young (Allocation Failure)
[415.578s][info][gc,heap        ] GC(214) PSYoungGen: 2127872K(2468864K)->320K(2455040K) Eden: 2127872K(2127872K)->0K(2127872K) From: 0K(340992K)->320K(327168K)
[415.578s][info][gc,heap        ] GC(214) ParOldGen: 5753K(5592576K)->5753K(5592576K)
[415.578s][info][gc,metaspace   ] GC(214) Metaspace: 16594K(16960K)->16594K(16960K) NonClass: 14245K(14464K)->14245K(14464K) Class: 2349K(2496K)->2349K(2496K)
[415.578s][info][gc             ] GC(214) Pause Young (Allocation Failure) 2083M->5M(7859M) 0.471ms
[415.578s][info][gc,cpu         ] GC(214) User=0.00s Sys=0.00s Real=0.00s
[419.018s][info][gc,start       ] GC(215) Pause Young (Allocation Failure)
[419.111s][info][gc,heap        ] GC(215) PSYoungGen: 2128192K(2455040K)->202560K(2428928K) Eden: 2127872K(2127872K)->0K(2116096K) From: 320K(327168K)->202560K(312832K)
[419.111s][info][gc,heap        ] GC(215) ParOldGen: 5753K(5592576K)->5785K(5592576K)
[419.111s][info][gc,metaspace   ] GC(215) Metaspace: 16594K(16960K)->16594K(16960K) NonClass: 14245K(14464K)->14245K(14464K) Class: 2349K(2496K)->2349K(2496K)
[419.111s][info][gc             ] GC(215) Pause Young (Allocation Failure) 2083M->203M(7833M) 93.336ms
[419.111s][info][gc,cpu         ] GC(215) User=0.56s Sys=0.00s Real=0.09s
[421.010s][info][gc,start       ] GC(216) Pause Young (System.gc())
[421.010s][info][gc,heap        ] GC(216) PSYoungGen: 1441126K(2428928K)->160K(2456064K) Eden: 1238566K(2116096K)->0K(2116096K) From: 202560K(312832K)->160K(339968K)
[421.010s][info][gc,heap        ] GC(216) ParOldGen: 5785K(5592576K)->5809K(5592576K)
[421.010s][info][gc,metaspace   ] GC(216) Metaspace: 16594K(16960K)->16594K(16960K) NonClass: 14245K(14464K)->14245K(14464K) Class: 2349K(2496K)->2349K(2496K)
[421.010s][info][gc             ] GC(216) Pause Young (System.gc()) 1412M->5M(7860M) 0.457ms
[421.010s][info][gc,cpu         ] GC(216) User=0.00s Sys=0.00s Real=0.00s
[421.010s][info][gc,start       ] GC(217) Pause Full (System.gc())
[421.010s][info][gc,phases,start] GC(217) Marking Phase
[421.015s][info][gc,phases      ] GC(217) Marking Phase 4.141ms
[421.015s][info][gc,phases,start] GC(217) Summary Phase
[421.015s][info][gc,phases      ] GC(217) Summary Phase 0.010ms
[421.015s][info][gc,phases,start] GC(217) Adjust Roots
[421.016s][info][gc,phases      ] GC(217) Adjust Roots 1.601ms
[421.016s][info][gc,phases,start] GC(217) Compaction Phase
[421.018s][info][gc,phases      ] GC(217) Compaction Phase 2.131ms
[421.018s][info][gc,phases,start] GC(217) Post Compact
[421.019s][info][gc,phases      ] GC(217) Post Compact 0.400ms
[421.019s][info][gc,heap        ] GC(217) PSYoungGen: 160K(2456064K)->0K(2456064K) Eden: 0K(2116096K)->0K(2116096K) From: 160K(339968K)->0K(339968K)
[421.019s][info][gc,heap        ] GC(217) ParOldGen: 5809K(5592576K)->5752K(5592576K)
[421.019s][info][gc,metaspace   ] GC(217) Metaspace: 16594K(16960K)->16594K(16960K) NonClass: 14245K(14464K)->14245K(14464K) Class: 2349K(2496K)->2349K(2496K)
[421.019s][info][gc             ] GC(217) Pause Full (System.gc()) 5M->5M(7860M) 8.480ms
[421.019s][info][gc,cpu         ] GC(217) User=0.00s Sys=0.00s Real=0.02s
[422.937s][info][gc,start       ] GC(218) Pause Young (Allocation Failure)
[422.938s][info][gc,heap        ] GC(218) PSYoungGen: 2116096K(2456064K)->384K(2483712K) Eden: 2116096K(2116096K)->0K(2157056K) From: 0K(339968K)->384K(326656K)
[422.938s][info][gc,heap        ] GC(218) ParOldGen: 5752K(5592576K)->5752K(5592576K)
[422.938s][info][gc,metaspace   ] GC(218) Metaspace: 16594K(16960K)->16594K(16960K) NonClass: 14245K(14464K)->14245K(14464K) Class: 2349K(2496K)->2349K(2496K)
[422.938s][info][gc             ] GC(218) Pause Young (Allocation Failure) 2072M->5M(7887M) 0.490ms
[422.938s][info][gc,cpu         ] GC(218) User=0.00s Sys=0.00s Real=0.00s
[426.624s][info][gc,start       ] GC(219) Pause Young (Allocation Failure)
[426.713s][info][gc,heap        ] GC(219) PSYoungGen: 2157440K(2483712K)->200320K(2357760K) Eden: 2157056K(2157056K)->0K(2157056K) From: 384K(326656K)->200320K(200704K)
[426.713s][info][gc,heap        ] GC(219) ParOldGen: 5752K(5592576K)->5792K(5592576K)
[426.713s][info][gc,metaspace   ] GC(219) Metaspace: 16594K(16960K)->16594K(16960K) NonClass: 14245K(14464K)->14245K(14464K) Class: 2349K(2496K)->2349K(2496K)
[426.713s][info][gc             ] GC(219) Pause Young (Allocation Failure) 2112M->201M(7764M) 88.273ms
[426.713s][info][gc,cpu         ] GC(219) User=0.56s Sys=0.00s Real=0.09s
[428.627s][info][gc,start       ] GC(220) Pause Young (System.gc())
[428.627s][info][gc,heap        ] GC(220) PSYoungGen: 1437269K(2357760K)->192K(2470912K) Eden: 1236949K(2157056K)->0K(2132480K) From: 200320K(200704K)->192K(338432K)
[428.627s][info][gc,heap        ] GC(220) ParOldGen: 5792K(5592576K)->5840K(5592576K)
[428.627s][info][gc,metaspace   ] GC(220) Metaspace: 16594K(16960K)->16594K(16960K) NonClass: 14245K(14464K)->14245K(14464K) Class: 2349K(2496K)->2349K(2496K)
[428.627s][info][gc             ] GC(220) Pause Young (System.gc()) 1409M->5M(7874M) 0.348ms
[428.627s][info][gc,cpu         ] GC(220) User=0.00s Sys=0.00s Real=0.00s
[428.627s][info][gc,start       ] GC(221) Pause Full (System.gc())
[428.627s][info][gc,phases,start] GC(221) Marking Phase
[428.631s][info][gc,phases      ] GC(221) Marking Phase 4.250ms
[428.631s][info][gc,phases,start] GC(221) Summary Phase
[428.631s][info][gc,phases      ] GC(221) Summary Phase 0.009ms
[428.631s][info][gc,phases,start] GC(221) Adjust Roots
[428.633s][info][gc,phases      ] GC(221) Adjust Roots 1.834ms
[428.633s][info][gc,phases,start] GC(221) Compaction Phase
[428.635s][info][gc,phases      ] GC(221) Compaction Phase 1.998ms
[428.635s][info][gc,phases,start] GC(221) Post Compact
[428.636s][info][gc,phases      ] GC(221) Post Compact 0.402ms
[428.636s][info][gc,heap        ] GC(221) PSYoungGen: 192K(2470912K)->0K(2470912K) Eden: 0K(2132480K)->0K(2132480K) From: 192K(338432K)->0K(338432K)
[428.636s][info][gc,heap        ] GC(221) ParOldGen: 5840K(5592576K)->5753K(5592576K)
[428.636s][info][gc,metaspace   ] GC(221) Metaspace: 16594K(16960K)->16594K(16960K) NonClass: 14245K(14464K)->14245K(14464K) Class: 2349K(2496K)->2349K(2496K)
[428.636s][info][gc             ] GC(221) Pause Full (System.gc()) 5M->5M(7874M) 8.686ms
[428.636s][info][gc,cpu         ] GC(221) User=0.02s Sys=0.00s Real=0.01s
[430.812s][info][gc,start       ] GC(222) Pause Young (Allocation Failure)
[430.813s][info][gc,heap        ] GC(222) PSYoungGen: 2132480K(2470912K)->384K(2457600K) Eden: 2132480K(2132480K)->0K(2132480K) From: 0K(338432K)->384K(325120K)
[430.813s][info][gc,heap        ] GC(222) ParOldGen: 5753K(5592576K)->5753K(5592576K)
[430.813s][info][gc,metaspace   ] GC(222) Metaspace: 16595K(16960K)->16595K(16960K) NonClass: 14246K(14464K)->14246K(14464K) Class: 2349K(2496K)->2349K(2496K)
[430.813s][info][gc             ] GC(222) Pause Young (Allocation Failure) 2088M->5M(7861M) 0.506ms
[430.813s][info][gc,cpu         ] GC(222) User=0.00s Sys=0.00s Real=0.00s
[434.591s][info][gc,start       ] GC(223) Pause Young (Allocation Failure)
[434.682s][info][gc,heap        ] GC(223) PSYoungGen: 2132864K(2457600K)->202976K(2429952K) Eden: 2132480K(2132480K)->0K(2119168K) From: 384K(325120K)->202976K(310784K)
[434.682s][info][gc,heap        ] GC(223) ParOldGen: 5753K(5592576K)->5793K(5592576K)
[434.682s][info][gc,metaspace   ] GC(223) Metaspace: 16595K(16960K)->16595K(16960K) NonClass: 14246K(14464K)->14246K(14464K) Class: 2349K(2496K)->2349K(2496K)
[434.682s][info][gc             ] GC(223) Pause Young (Allocation Failure) 2088M->203M(7834M) 91.086ms
[434.682s][info][gc,cpu         ] GC(223) User=0.53s Sys=0.00s Real=0.10s
[436.572s][info][gc,start       ] GC(224) Pause Young (System.gc())
[436.573s][info][gc,heap        ] GC(224) PSYoungGen: 1442243K(2429952K)->160K(2457600K) Eden: 1239267K(2119168K)->0K(2119168K) From: 202976K(310784K)->160K(338432K)
[436.573s][info][gc,heap        ] GC(224) ParOldGen: 5793K(5592576K)->5817K(5592576K)
[436.573s][info][gc,metaspace   ] GC(224) Metaspace: 16595K(16960K)->16595K(16960K) NonClass: 14246K(14464K)->14246K(14464K) Class: 2349K(2496K)->2349K(2496K)
[436.573s][info][gc             ] GC(224) Pause Young (System.gc()) 1414M->5M(7861M) 0.397ms
[436.573s][info][gc,cpu         ] GC(224) User=0.00s Sys=0.00s Real=0.00s
[436.573s][info][gc,start       ] GC(225) Pause Full (System.gc())
[436.573s][info][gc,phases,start] GC(225) Marking Phase
[436.577s][info][gc,phases      ] GC(225) Marking Phase 4.069ms
[436.577s][info][gc,phases,start] GC(225) Summary Phase
[436.577s][info][gc,phases      ] GC(225) Summary Phase 0.009ms
[436.577s][info][gc,phases,start] GC(225) Adjust Roots
[436.579s][info][gc,phases      ] GC(225) Adjust Roots 1.640ms
[436.579s][info][gc,phases,start] GC(225) Compaction Phase
[436.581s][info][gc,phases      ] GC(225) Compaction Phase 1.991ms
[436.581s][info][gc,phases,start] GC(225) Post Compact
[436.581s][info][gc,phases      ] GC(225) Post Compact 0.404ms
[436.581s][info][gc,heap        ] GC(225) PSYoungGen: 160K(2457600K)->0K(2457600K) Eden: 0K(2119168K)->0K(2119168K) From: 160K(338432K)->0K(338432K)
[436.581s][info][gc,heap        ] GC(225) ParOldGen: 5817K(5592576K)->5752K(5592576K)
[436.581s][info][gc,metaspace   ] GC(225) Metaspace: 16595K(16960K)->16595K(16960K) NonClass: 14246K(14464K)->14246K(14464K) Class: 2349K(2496K)->2349K(2496K)
[436.581s][info][gc             ] GC(225) Pause Full (System.gc()) 5M->5M(7861M) 8.339ms
[436.581s][info][gc,cpu         ] GC(225) User=0.00s Sys=0.00s Real=0.01s
[438.500s][info][gc,start       ] GC(226) Pause Young (Allocation Failure)
[438.501s][info][gc,heap        ] GC(226) PSYoungGen: 2119168K(2457600K)->384K(2485248K) Eden: 2119168K(2119168K)->0K(2160640K) From: 0K(338432K)->384K(324608K)
[438.501s][info][gc,heap        ] GC(226) ParOldGen: 5752K(5592576K)->5752K(5592576K)
[438.501s][info][gc,metaspace   ] GC(226) Metaspace: 16595K(16960K)->16595K(16960K) NonClass: 14246K(14464K)->14246K(14464K) Class: 2349K(2496K)->2349K(2496K)
[438.501s][info][gc             ] GC(226) Pause Young (Allocation Failure) 2075M->5M(7888M) 0.481ms
[438.501s][info][gc,cpu         ] GC(226) User=0.00s Sys=0.00s Real=0.00s
[442.099s][info][gc,start       ] GC(227) Pause Young (Allocation Failure)
[442.196s][info][gc,heap        ] GC(227) PSYoungGen: 2161024K(2485248K)->207520K(2368512K) Eden: 2160640K(2160640K)->0K(2160640K) From: 384K(324608K)->207520K(207872K)
[442.196s][info][gc,heap        ] GC(227) ParOldGen: 5752K(5592576K)->5792K(5592576K)
[442.196s][info][gc,metaspace   ] GC(227) Metaspace: 16595K(16960K)->16595K(16960K) NonClass: 14246K(14464K)->14246K(14464K) Class: 2349K(2496K)->2349K(2496K)
[442.196s][info][gc             ] GC(227) Pause Young (Allocation Failure) 2115M->208M(7774M) 97.044ms
[442.196s][info][gc,cpu         ] GC(227) User=0.55s Sys=0.00s Real=0.11s
[444.054s][info][gc,start       ] GC(228) Pause Young (System.gc())
[444.055s][info][gc,heap        ] GC(228) PSYoungGen: 1427264K(2368512K)->192K(2469888K) Eden: 1219744K(2160640K)->0K(2129920K) From: 207520K(207872K)->192K(339968K)
[444.055s][info][gc,heap        ] GC(228) ParOldGen: 5792K(5592576K)->5840K(5592576K)
[444.055s][info][gc,metaspace   ] GC(228) Metaspace: 16595K(16960K)->16595K(16960K) NonClass: 14246K(14464K)->14246K(14464K) Class: 2349K(2496K)->2349K(2496K)
[444.055s][info][gc             ] GC(228) Pause Young (System.gc()) 1399M->5M(7873M) 0.346ms
[444.055s][info][gc,cpu         ] GC(228) User=0.00s Sys=0.00s Real=0.00s
[444.055s][info][gc,start       ] GC(229) Pause Full (System.gc())
[444.055s][info][gc,phases,start] GC(229) Marking Phase
[444.059s][info][gc,phases      ] GC(229) Marking Phase 4.313ms
[444.059s][info][gc,phases,start] GC(229) Summary Phase
[444.059s][info][gc,phases      ] GC(229) Summary Phase 0.009ms
[444.059s][info][gc,phases,start] GC(229) Adjust Roots
[444.061s][info][gc,phases      ] GC(229) Adjust Roots 1.854ms
[444.061s][info][gc,phases,start] GC(229) Compaction Phase
[444.063s][info][gc,phases      ] GC(229) Compaction Phase 2.170ms
[444.063s][info][gc,phases,start] GC(229) Post Compact
[444.064s][info][gc,phases      ] GC(229) Post Compact 0.405ms
[444.064s][info][gc,heap        ] GC(229) PSYoungGen: 192K(2469888K)->0K(2469888K) Eden: 0K(2129920K)->0K(2129920K) From: 192K(339968K)->0K(339968K)
[444.064s][info][gc,heap        ] GC(229) ParOldGen: 5840K(5592576K)->5754K(5592576K)
[444.064s][info][gc,metaspace   ] GC(229) Metaspace: 16595K(16960K)->16595K(16960K) NonClass: 14246K(14464K)->14246K(14464K) Class: 2349K(2496K)->2349K(2496K)
[444.064s][info][gc             ] GC(229) Pause Full (System.gc()) 5M->5M(7873M) 8.990ms
[444.064s][info][gc,cpu         ] GC(229) User=0.00s Sys=0.00s Real=0.00s
[446.205s][info][gc,start       ] GC(230) Pause Young (Allocation Failure)
[446.206s][info][gc,heap        ] GC(230) PSYoungGen: 2129920K(2469888K)->352K(2456064K) Eden: 2129920K(2129920K)->0K(2129920K) From: 0K(339968K)->352K(326144K)
[446.206s][info][gc,heap        ] GC(230) ParOldGen: 5754K(5592576K)->5754K(5592576K)
[446.206s][info][gc,metaspace   ] GC(230) Metaspace: 16595K(16960K)->16595K(16960K) NonClass: 14246K(14464K)->14246K(14464K) Class: 2349K(2496K)->2349K(2496K)
[446.206s][info][gc             ] GC(230) Pause Young (Allocation Failure) 2085M->5M(7860M) 0.522ms
[446.206s][info][gc,cpu         ] GC(230) User=0.00s Sys=0.00s Real=0.00s
[449.867s][info][gc,start       ] GC(231) Pause Young (Allocation Failure)
[449.962s][info][gc,heap        ] GC(231) PSYoungGen: 2130272K(2456064K)->205088K(2427904K) Eden: 2129920K(2129920K)->0K(2116096K) From: 352K(326144K)->205088K(311808K)
[449.962s][info][gc,heap        ] GC(231) ParOldGen: 5754K(5592576K)->5794K(5592576K)
[449.962s][info][gc,metaspace   ] GC(231) Metaspace: 16595K(16960K)->16595K(16960K) NonClass: 14246K(14464K)->14246K(14464K) Class: 2349K(2496K)->2349K(2496K)
[449.962s][info][gc             ] GC(231) Pause Young (Allocation Failure) 2085M->205M(7832M) 94.965ms
[449.962s][info][gc,cpu         ] GC(231) User=0.56s Sys=0.00s Real=0.10s
[451.845s][info][gc,start       ] GC(232) Pause Young (System.gc())
[451.845s][info][gc,heap        ] GC(232) PSYoungGen: 1431212K(2427904K)->128K(2456064K) Eden: 1226124K(2116096K)->0K(2116096K) From: 205088K(311808K)->128K(339968K)
[451.845s][info][gc,heap        ] GC(232) ParOldGen: 5794K(5592576K)->5834K(5592576K)
[451.845s][info][gc,metaspace   ] GC(232) Metaspace: 16595K(16960K)->16595K(16960K) NonClass: 14246K(14464K)->14246K(14464K) Class: 2349K(2496K)->2349K(2496K)
[451.845s][info][gc             ] GC(232) Pause Young (System.gc()) 1403M->5M(7860M) 0.496ms
[451.845s][info][gc,cpu         ] GC(232) User=0.00s Sys=0.00s Real=0.00s
[451.845s][info][gc,start       ] GC(233) Pause Full (System.gc())
[451.845s][info][gc,phases,start] GC(233) Marking Phase
[451.850s][info][gc,phases      ] GC(233) Marking Phase 4.258ms
[451.850s][info][gc,phases,start] GC(233) Summary Phase
[451.850s][info][gc,phases      ] GC(233) Summary Phase 0.010ms
[451.850s][info][gc,phases,start] GC(233) Adjust Roots
[451.851s][info][gc,phases      ] GC(233) Adjust Roots 1.698ms
[451.852s][info][gc,phases,start] GC(233) Compaction Phase
[451.854s][info][gc,phases      ] GC(233) Compaction Phase 2.159ms
[451.854s][info][gc,phases,start] GC(233) Post Compact
[451.854s][info][gc,phases      ] GC(233) Post Compact 0.402ms
[451.854s][info][gc,heap        ] GC(233) PSYoungGen: 128K(2456064K)->0K(2456064K) Eden: 0K(2116096K)->0K(2116096K) From: 128K(339968K)->0K(339968K)
[451.854s][info][gc,heap        ] GC(233) ParOldGen: 5834K(5592576K)->5755K(5592576K)
[451.854s][info][gc,metaspace   ] GC(233) Metaspace: 16595K(16960K)->16595K(16960K) NonClass: 14246K(14464K)->14246K(14464K) Class: 2349K(2496K)->2349K(2496K)
[451.854s][info][gc             ] GC(233) Pause Full (System.gc()) 5M->5M(7860M) 8.757ms
[451.854s][info][gc,cpu         ] GC(233) User=0.02s Sys=0.00s Real=0.00s
[453.791s][info][gc,start       ] GC(234) Pause Young (Allocation Failure)
[453.791s][info][gc,heap        ] GC(234) PSYoungGen: 2116096K(2456064K)->384K(2483712K) Eden: 2116096K(2116096K)->0K(2157056K) From: 0K(339968K)->384K(326656K)
[453.791s][info][gc,heap        ] GC(234) ParOldGen: 5755K(5592576K)->5755K(5592576K)
[453.791s][info][gc,metaspace   ] GC(234) Metaspace: 16596K(16960K)->16596K(16960K) NonClass: 14246K(14464K)->14246K(14464K) Class: 2349K(2496K)->2349K(2496K)
[453.791s][info][gc             ] GC(234) Pause Young (Allocation Failure) 2072M->5M(7887M) 0.533ms
[453.791s][info][gc,cpu         ] GC(234) User=0.00s Sys=0.00s Real=0.00s
[457.627s][info][gc,start       ] GC(235) Pause Young (Allocation Failure)
[457.721s][info][gc,heap        ] GC(235) PSYoungGen: 2157440K(2483712K)->207712K(2364928K) Eden: 2157056K(2157056K)->0K(2157056K) From: 384K(326656K)->207712K(207872K)
[457.721s][info][gc,heap        ] GC(235) ParOldGen: 5755K(5592576K)->5795K(5592576K)
[457.721s][info][gc,metaspace   ] GC(235) Metaspace: 16596K(16960K)->16596K(16960K) NonClass: 14246K(14464K)->14246K(14464K) Class: 2349K(2496K)->2349K(2496K)
[457.721s][info][gc             ] GC(235) Pause Young (Allocation Failure) 2112M->208M(7771M) 94.257ms
[457.721s][info][gc,cpu         ] GC(235) User=0.56s Sys=0.00s Real=0.10s
[459.606s][info][gc,start       ] GC(236) Pause Young (System.gc())
[459.606s][info][gc,heap        ] GC(236) PSYoungGen: 1436381K(2364928K)->160K(2468352K) Eden: 1228669K(2157056K)->0K(2126848K) From: 207712K(207872K)->160K(341504K)
[459.606s][info][gc,heap        ] GC(236) ParOldGen: 5795K(5592576K)->5835K(5592576K)
[459.606s][info][gc,metaspace   ] GC(236) Metaspace: 16596K(16960K)->16596K(16960K) NonClass: 14246K(14464K)->14246K(14464K) Class: 2349K(2496K)->2349K(2496K)
[459.606s][info][gc             ] GC(236) Pause Young (System.gc()) 1408M->5M(7872M) 0.510ms
[459.606s][info][gc,cpu         ] GC(236) User=0.00s Sys=0.00s Real=0.00s
[459.606s][info][gc,start       ] GC(237) Pause Full (System.gc())
[459.606s][info][gc,phases,start] GC(237) Marking Phase
[459.610s][info][gc,phases      ] GC(237) Marking Phase 4.077ms
[459.610s][info][gc,phases,start] GC(237) Summary Phase
[459.610s][info][gc,phases      ] GC(237) Summary Phase 0.009ms
[459.610s][info][gc,phases,start] GC(237) Adjust Roots
[459.613s][info][gc,phases      ] GC(237) Adjust Roots 2.863ms
[459.613s][info][gc,phases,start] GC(237) Compaction Phase
[459.616s][info][gc,phases      ] GC(237) Compaction Phase 2.341ms
[459.616s][info][gc,phases,start] GC(237) Post Compact
[459.616s][info][gc,phases      ] GC(237) Post Compact 0.528ms
[459.616s][info][gc,heap        ] GC(237) PSYoungGen: 160K(2468352K)->0K(2468352K) Eden: 0K(2126848K)->0K(2126848K) From: 160K(341504K)->0K(341504K)
[459.616s][info][gc,heap        ] GC(237) ParOldGen: 5835K(5592576K)->5755K(5592576K)
[459.616s][info][gc,metaspace   ] GC(237) Metaspace: 16596K(16960K)->16596K(16960K) NonClass: 14246K(14464K)->14246K(14464K) Class: 2349K(2496K)->2349K(2496K)
[459.616s][info][gc             ] GC(237) Pause Full (System.gc()) 5M->5M(7872M) 10.051ms
[459.616s][info][gc,cpu         ] GC(237) User=0.06s Sys=0.00s Real=0.02s
[461.738s][info][gc,start       ] GC(238) Pause Young (Allocation Failure)
[461.739s][info][gc,heap        ] GC(238) PSYoungGen: 2126848K(2468352K)->352K(2454528K) Eden: 2126848K(2126848K)->0K(2126848K) From: 0K(341504K)->352K(327680K)
[461.739s][info][gc,heap        ] GC(238) ParOldGen: 5755K(5592576K)->5755K(5592576K)
[461.739s][info][gc,metaspace   ] GC(238) Metaspace: 16596K(16960K)->16596K(16960K) NonClass: 14247K(14464K)->14247K(14464K) Class: 2349K(2496K)->2349K(2496K)
[461.739s][info][gc             ] GC(238) Pause Young (Allocation Failure) 2082M->5M(7858M) 0.555ms
[461.739s][info][gc,cpu         ] GC(238) User=0.00s Sys=0.00s Real=0.00s
[465.466s][info][gc,start       ] GC(239) Pause Young (Allocation Failure)
[465.557s][info][gc,heap        ] GC(239) PSYoungGen: 2127200K(2454528K)->196032K(2433536K) Eden: 2126848K(2126848K)->0K(2120192K) From: 352K(327680K)->196032K(313344K)
[465.557s][info][gc,heap        ] GC(239) ParOldGen: 5755K(5592576K)->5795K(5592576K)
[465.557s][info][gc,metaspace   ] GC(239) Metaspace: 16596K(16960K)->16596K(16960K) NonClass: 14247K(14464K)->14247K(14464K) Class: 2349K(2496K)->2349K(2496K)
[465.557s][info][gc             ] GC(239) Pause Young (Allocation Failure) 2082M->197M(7838M) 91.787ms
[465.557s][info][gc,cpu         ] GC(239) User=0.56s Sys=0.00s Real=0.10s
[467.393s][info][gc,start       ] GC(240) Pause Young (System.gc())
[467.393s][info][gc,heap        ] GC(240) PSYoungGen: 1445884K(2433536K)->192K(2458112K) Eden: 1249852K(2120192K)->0K(2120192K) From: 196032K(313344K)->192K(337920K)
[467.393s][info][gc,heap        ] GC(240) ParOldGen: 5795K(5592576K)->5819K(5592576K)
[467.393s][info][gc,metaspace   ] GC(240) Metaspace: 16596K(16960K)->16596K(16960K) NonClass: 14247K(14464K)->14247K(14464K) Class: 2349K(2496K)->2349K(2496K)
[467.393s][info][gc             ] GC(240) Pause Young (System.gc()) 1417M->5M(7862M) 0.365ms
[467.393s][info][gc,cpu         ] GC(240) User=0.00s Sys=0.00s Real=0.00s
[467.393s][info][gc,start       ] GC(241) Pause Full (System.gc())
[467.393s][info][gc,phases,start] GC(241) Marking Phase
[467.397s][info][gc,phases      ] GC(241) Marking Phase 4.182ms
[467.397s][info][gc,phases,start] GC(241) Summary Phase
[467.397s][info][gc,phases      ] GC(241) Summary Phase 0.010ms
[467.397s][info][gc,phases,start] GC(241) Adjust Roots
[467.399s][info][gc,phases      ] GC(241) Adjust Roots 1.637ms
[467.399s][info][gc,phases,start] GC(241) Compaction Phase
[467.402s][info][gc,phases      ] GC(241) Compaction Phase 2.708ms
[467.402s][info][gc,phases,start] GC(241) Post Compact
[467.402s][info][gc,phases      ] GC(241) Post Compact 0.424ms
[467.402s][info][gc,heap        ] GC(241) PSYoungGen: 192K(2458112K)->0K(2458112K) Eden: 0K(2120192K)->0K(2120192K) From: 192K(337920K)->0K(337920K)
[467.402s][info][gc,heap        ] GC(241) ParOldGen: 5819K(5592576K)->5755K(5592576K)
[467.402s][info][gc,metaspace   ] GC(241) Metaspace: 16596K(16960K)->16596K(16960K) NonClass: 14247K(14464K)->14247K(14464K) Class: 2349K(2496K)->2349K(2496K)
[467.402s][info][gc             ] GC(241) Pause Full (System.gc()) 5M->5M(7862M) 9.209ms
[467.402s][info][gc,cpu         ] GC(241) User=0.02s Sys=0.00s Real=0.01s
[469.323s][info][gc,start       ] GC(242) Pause Young (Allocation Failure)
[469.323s][info][gc,heap        ] GC(242) PSYoungGen: 2120192K(2458112K)->384K(2485760K) Eden: 2120192K(2120192K)->0K(2161152K) From: 0K(337920K)->384K(324608K)
[469.323s][info][gc,heap        ] GC(242) ParOldGen: 5755K(5592576K)->5755K(5592576K)
[469.323s][info][gc,metaspace   ] GC(242) Metaspace: 16596K(16960K)->16596K(16960K) NonClass: 14247K(14464K)->14247K(14464K) Class: 2349K(2496K)->2349K(2496K)
[469.323s][info][gc             ] GC(242) Pause Young (Allocation Failure) 2076M->5M(7889M) 0.532ms
[469.323s][info][gc,cpu         ] GC(242) User=0.00s Sys=0.00s Real=0.00s
[473.245s][info][gc,start       ] GC(243) Pause Young (Allocation Failure)
[473.344s][info][gc,heap        ] GC(243) PSYoungGen: 2161536K(2485760K)->212384K(2373632K) Eden: 2161152K(2161152K)->0K(2161152K) From: 384K(324608K)->212384K(212480K)
[473.345s][info][gc,heap        ] GC(243) ParOldGen: 5755K(5592576K)->5787K(5592576K)
[473.345s][info][gc,metaspace   ] GC(243) Metaspace: 16596K(16960K)->16596K(16960K) NonClass: 14247K(14464K)->14247K(14464K) Class: 2349K(2496K)->2349K(2496K)
[473.345s][info][gc             ] GC(243) Pause Young (Allocation Failure) 2116M->213M(7779M) 99.082ms
[473.345s][info][gc,cpu         ] GC(243) User=0.56s Sys=0.00s Real=0.11s
[475.220s][info][gc,start       ] GC(244) Pause Young (System.gc())
[475.220s][info][gc,heap        ] GC(244) PSYoungGen: 1422809K(2373632K)->160K(2468352K) Eden: 1210425K(2161152K)->0K(2126848K) From: 212384K(212480K)->160K(341504K)
[475.220s][info][gc,heap        ] GC(244) ParOldGen: 5787K(5592576K)->5827K(5592576K)
[475.220s][info][gc,metaspace   ] GC(244) Metaspace: 16599K(16960K)->16599K(16960K) NonClass: 14250K(14464K)->14250K(14464K) Class: 2349K(2496K)->2349K(2496K)
[475.220s][info][gc             ] GC(244) Pause Young (System.gc()) 1395M->5M(7872M) 0.355ms
[475.220s][info][gc,cpu         ] GC(244) User=0.00s Sys=0.00s Real=0.00s
[475.220s][info][gc,start       ] GC(245) Pause Full (System.gc())
[475.220s][info][gc,phases,start] GC(245) Marking Phase
[475.225s][info][gc,phases      ] GC(245) Marking Phase 4.172ms
[475.225s][info][gc,phases,start] GC(245) Summary Phase
[475.225s][info][gc,phases      ] GC(245) Summary Phase 0.009ms
[475.225s][info][gc,phases,start] GC(245) Adjust Roots
[475.227s][info][gc,phases      ] GC(245) Adjust Roots 2.537ms
[475.227s][info][gc,phases,start] GC(245) Compaction Phase
[475.230s][info][gc,phases      ] GC(245) Compaction Phase 2.352ms
[475.230s][info][gc,phases,start] GC(245) Post Compact
[475.230s][info][gc,phases      ] GC(245) Post Compact 0.403ms
[475.230s][info][gc,heap        ] GC(245) PSYoungGen: 160K(2468352K)->0K(2468352K) Eden: 0K(2126848K)->0K(2126848K) From: 160K(341504K)->0K(341504K)
[475.230s][info][gc,heap        ] GC(245) ParOldGen: 5827K(5592576K)->5756K(5592576K)
[475.230s][info][gc,metaspace   ] GC(245) Metaspace: 16599K(16960K)->16599K(16960K) NonClass: 14250K(14464K)->14250K(14464K) Class: 2349K(2496K)->2349K(2496K)
[475.230s][info][gc             ] GC(245) Pause Full (System.gc()) 5M->5M(7872M) 9.642ms
[475.230s][info][gc,cpu         ] GC(245) User=0.02s Sys=0.00s Real=0.02s
[477.378s][info][gc,start       ] GC(246) Pause Young (Allocation Failure)
[477.378s][info][gc,heap        ] GC(246) PSYoungGen: 2126848K(2468352K)->352K(2454528K) Eden: 2126848K(2126848K)->0K(2126848K) From: 0K(341504K)->352K(327680K)
[477.378s][info][gc,heap        ] GC(246) ParOldGen: 5756K(5592576K)->5756K(5592576K)
[477.378s][info][gc,metaspace   ] GC(246) Metaspace: 16601K(16960K)->16601K(16960K) NonClass: 14252K(14464K)->14252K(14464K) Class: 2349K(2496K)->2349K(2496K)
[477.378s][info][gc             ] GC(246) Pause Young (Allocation Failure) 2082M->5M(7858M) 0.526ms
[477.378s][info][gc,cpu         ] GC(246) User=0.00s Sys=0.00s Real=0.00s
[480.800s][info][gc,start       ] GC(247) Pause Young (Allocation Failure)
[480.890s][info][gc,heap        ] GC(247) PSYoungGen: 2127200K(2454528K)->200704K(2430464K) Eden: 2126848K(2126848K)->0K(2117120K) From: 352K(327680K)->200704K(313344K)
[480.890s][info][gc,heap        ] GC(247) ParOldGen: 5756K(5592576K)->5788K(5592576K)
[480.890s][info][gc,metaspace   ] GC(247) Metaspace: 16603K(16960K)->16603K(16960K) NonClass: 14253K(14464K)->14253K(14464K) Class: 2349K(2496K)->2349K(2496K)
[480.890s][info][gc             ] GC(247) Pause Young (Allocation Failure) 2082M->201M(7835M) 89.607ms
[480.890s][info][gc,cpu         ] GC(247) User=0.56s Sys=0.00s Real=0.10s
[482.770s][info][gc,start       ] GC(248) Pause Young (System.gc())
[482.771s][info][gc,heap        ] GC(248) PSYoungGen: 1441106K(2430464K)->128K(2456576K) Eden: 1240402K(2117120K)->0K(2117120K) From: 200704K(313344K)->128K(339456K)
[482.771s][info][gc,heap        ] GC(248) ParOldGen: 5788K(5592576K)->5828K(5592576K)
[482.771s][info][gc,metaspace   ] GC(248) Metaspace: 16617K(17024K)->16617K(17024K) NonClass: 14268K(14528K)->14268K(14528K) Class: 2349K(2496K)->2349K(2496K)
[482.771s][info][gc             ] GC(248) Pause Young (System.gc()) 1412M->5M(7860M) 0.595ms
[482.771s][info][gc,cpu         ] GC(248) User=0.00s Sys=0.00s Real=0.00s
[482.771s][info][gc,start       ] GC(249) Pause Full (System.gc())
[482.771s][info][gc,phases,start] GC(249) Marking Phase
[482.775s][info][gc,phases      ] GC(249) Marking Phase 4.129ms
[482.775s][info][gc,phases,start] GC(249) Summary Phase
[482.775s][info][gc,phases      ] GC(249) Summary Phase 0.009ms
[482.775s][info][gc,phases,start] GC(249) Adjust Roots
[482.777s][info][gc,phases      ] GC(249) Adjust Roots 1.973ms
[482.777s][info][gc,phases,start] GC(249) Compaction Phase
[482.779s][info][gc,phases      ] GC(249) Compaction Phase 2.168ms
[482.779s][info][gc,phases,start] GC(249) Post Compact
[482.780s][info][gc,phases      ] GC(249) Post Compact 0.402ms
[482.780s][info][gc,heap        ] GC(249) PSYoungGen: 128K(2456576K)->0K(2456576K) Eden: 0K(2117120K)->0K(2117120K) From: 128K(339456K)->0K(339456K)
[482.780s][info][gc,heap        ] GC(249) ParOldGen: 5828K(5592576K)->5755K(5592576K)
[482.780s][info][gc,metaspace   ] GC(249) Metaspace: 16617K(17024K)->16617K(17024K) NonClass: 14268K(14528K)->14268K(14528K) Class: 2349K(2496K)->2349K(2496K)
[482.780s][info][gc             ] GC(249) Pause Full (System.gc()) 5M->5M(7860M) 8.921ms
[482.780s][info][gc,cpu         ] GC(249) User=0.00s Sys=0.02s Real=0.00s
[484.685s][info][gc,start       ] GC(250) Pause Young (Allocation Failure)
[484.686s][info][gc,heap        ] GC(250) PSYoungGen: 2117120K(2456576K)->352K(2484224K) Eden: 2117120K(2117120K)->0K(2158080K) From: 0K(339456K)->352K(326144K)
[484.686s][info][gc,heap        ] GC(250) ParOldGen: 5755K(5592576K)->5755K(5592576K)
[484.686s][info][gc,metaspace   ] GC(250) Metaspace: 16617K(17024K)->16617K(17024K) NonClass: 14268K(14528K)->14268K(14528K) Class: 2349K(2496K)->2349K(2496K)
[484.686s][info][gc             ] GC(250) Pause Young (Allocation Failure) 2073M->5M(7887M) 0.615ms
[484.686s][info][gc,cpu         ] GC(250) User=0.00s Sys=0.00s Real=0.00s
[488.124s][info][gc,start       ] GC(251) Pause Young (Allocation Failure)
[488.217s][info][gc,heap        ] GC(251) PSYoungGen: 2158432K(2484224K)->205280K(2363392K) Eden: 2158080K(2158080K)->0K(2158080K) From: 352K(326144K)->205280K(205312K)
[488.217s][info][gc,heap        ] GC(251) ParOldGen: 5755K(5592576K)->5795K(5592576K)
[488.217s][info][gc,metaspace   ] GC(251) Metaspace: 16618K(17024K)->16618K(17024K) NonClass: 14269K(14528K)->14269K(14528K) Class: 2349K(2496K)->2349K(2496K)
[488.217s][info][gc             ] GC(251) Pause Young (Allocation Failure) 2113M->206M(7769M) 92.307ms
[488.217s][info][gc,cpu         ] GC(251) User=0.55s Sys=0.00s Real=0.10s
[490.102s][info][gc,start       ] GC(252) Pause Young (System.gc())
[490.102s][info][gc,heap        ] GC(252) PSYoungGen: 1441033K(2363392K)->192K(2469376K) Eden: 1235753K(2158080K)->0K(2129408K) From: 205280K(205312K)->192K(339968K)
[490.102s][info][gc,heap        ] GC(252) ParOldGen: 5795K(5592576K)->5835K(5592576K)
[490.102s][info][gc,metaspace   ] GC(252) Metaspace: 16618K(17024K)->16618K(17024K) NonClass: 14269K(14528K)->14269K(14528K) Class: 2349K(2496K)->2349K(2496K)
[490.102s][info][gc             ] GC(252) Pause Young (System.gc()) 1412M->5M(7873M) 0.272ms
[490.102s][info][gc,cpu         ] GC(252) User=0.00s Sys=0.00s Real=0.00s
[490.102s][info][gc,start       ] GC(253) Pause Full (System.gc())
[490.102s][info][gc,phases,start] GC(253) Marking Phase
[490.106s][info][gc,phases      ] GC(253) Marking Phase 4.118ms
[490.106s][info][gc,phases,start] GC(253) Summary Phase
[490.106s][info][gc,phases      ] GC(253) Summary Phase 0.010ms
[490.106s][info][gc,phases,start] GC(253) Adjust Roots
[490.108s][info][gc,phases      ] GC(253) Adjust Roots 1.623ms
[490.108s][info][gc,phases,start] GC(253) Compaction Phase
[490.110s][info][gc,phases      ] GC(253) Compaction Phase 2.421ms
[490.110s][info][gc,phases,start] GC(253) Post Compact
[490.111s][info][gc,phases      ] GC(253) Post Compact 0.400ms
[490.111s][info][gc,heap        ] GC(253) PSYoungGen: 192K(2469376K)->0K(2469376K) Eden: 0K(2129408K)->0K(2129408K) From: 192K(339968K)->0K(339968K)
[490.111s][info][gc,heap        ] GC(253) ParOldGen: 5835K(5592576K)->5755K(5592576K)
[490.111s][info][gc,metaspace   ] GC(253) Metaspace: 16618K(17024K)->16618K(17024K) NonClass: 14269K(14528K)->14269K(14528K) Class: 2349K(2496K)->2349K(2496K)
[490.111s][info][gc             ] GC(253) Pause Full (System.gc()) 5M->5M(7873M) 8.785ms
[490.111s][info][gc,cpu         ] GC(253) User=0.00s Sys=0.00s Real=0.00s
[492.511s][info][gc,start       ] GC(254) Pause Young (Allocation Failure)
[492.511s][info][gc,heap        ] GC(254) PSYoungGen: 2129408K(2469376K)->352K(2456064K) Eden: 2129408K(2129408K)->0K(2129408K) From: 0K(339968K)->352K(326656K)
[492.511s][info][gc,heap        ] GC(254) ParOldGen: 5755K(5592576K)->5755K(5592576K)
[492.511s][info][gc,metaspace   ] GC(254) Metaspace: 16619K(17024K)->16619K(17024K) NonClass: 14269K(14528K)->14269K(14528K) Class: 2349K(2496K)->2349K(2496K)
[492.511s][info][gc             ] GC(254) Pause Young (Allocation Failure) 2085M->5M(7860M) 0.512ms
[492.511s][info][gc,cpu         ] GC(254) User=0.00s Sys=0.00s Real=0.00s
[495.959s][info][gc,start       ] GC(255) Pause Young (Allocation Failure)
[496.052s][info][gc,heap        ] GC(255) PSYoungGen: 2129760K(2456064K)->204096K(2428416K) Eden: 2129408K(2129408K)->0K(2116096K) From: 352K(326656K)->204096K(312320K)
[496.052s][info][gc,heap        ] GC(255) ParOldGen: 5755K(5592576K)->5787K(5592576K)
[496.052s][info][gc,metaspace   ] GC(255) Metaspace: 16619K(17024K)->16619K(17024K) NonClass: 14269K(14528K)->14269K(14528K) Class: 2349K(2496K)->2349K(2496K)
[496.052s][info][gc             ] GC(255) Pause Young (Allocation Failure) 2085M->204M(7833M) 93.558ms
[496.052s][info][gc,cpu         ] GC(255) User=0.45s Sys=0.02s Real=0.11s
[497.931s][info][gc,start       ] GC(256) Pause Young (System.gc())
[497.932s][info][gc,heap        ] GC(256) PSYoungGen: 1434237K(2428416K)->192K(2456064K) Eden: 1230141K(2116096K)->0K(2116096K) From: 204096K(312320K)->192K(339968K)
[497.932s][info][gc,heap        ] GC(256) ParOldGen: 5787K(5592576K)->5827K(5592576K)
[497.932s][info][gc,metaspace   ] GC(256) Metaspace: 16628K(17024K)->16628K(17024K) NonClass: 14279K(14528K)->14279K(14528K) Class: 2349K(2496K)->2349K(2496K)
[497.932s][info][gc             ] GC(256) Pause Young (System.gc()) 1406M->5M(7860M) 0.400ms
[497.932s][info][gc,cpu         ] GC(256) User=0.00s Sys=0.00s Real=0.00s
[497.932s][info][gc,start       ] GC(257) Pause Full (System.gc())
[497.932s][info][gc,phases,start] GC(257) Marking Phase
[497.936s][info][gc,phases      ] GC(257) Marking Phase 4.417ms
[497.936s][info][gc,phases,start] GC(257) Summary Phase
[497.936s][info][gc,phases      ] GC(257) Summary Phase 0.010ms
[497.936s][info][gc,phases,start] GC(257) Adjust Roots
[497.938s][info][gc,phases      ] GC(257) Adjust Roots 1.693ms
[497.938s][info][gc,phases,start] GC(257) Compaction Phase
[497.941s][info][gc,phases      ] GC(257) Compaction Phase 2.597ms
[497.941s][info][gc,phases,start] GC(257) Post Compact
[497.941s][info][gc,phases      ] GC(257) Post Compact 0.403ms
[497.941s][info][gc,heap        ] GC(257) PSYoungGen: 192K(2456064K)->0K(2456064K) Eden: 0K(2116096K)->0K(2116096K) From: 192K(339968K)->0K(339968K)
[497.941s][info][gc,heap        ] GC(257) ParOldGen: 5827K(5592576K)->5755K(5592576K)
[497.941s][info][gc,metaspace   ] GC(257) Metaspace: 16628K(17024K)->16628K(17024K) NonClass: 14279K(14528K)->14279K(14528K) Class: 2349K(2496K)->2349K(2496K)
[497.941s][info][gc             ] GC(257) Pause Full (System.gc()) 5M->5M(7860M) 9.335ms
[497.941s][info][gc,cpu         ] GC(257) User=0.00s Sys=0.00s Real=0.02s
[500.005s][info][gc,start       ] GC(258) Pause Young (Allocation Failure)
[500.005s][info][gc,heap        ] GC(258) PSYoungGen: 2116096K(2456064K)->384K(2483712K) Eden: 2116096K(2116096K)->0K(2157568K) From: 0K(339968K)->384K(326144K)
[500.005s][info][gc,heap        ] GC(258) ParOldGen: 5755K(5592576K)->5763K(5592576K)
[500.005s][info][gc,metaspace   ] GC(258) Metaspace: 16639K(17024K)->16639K(17024K) NonClass: 14290K(14528K)->14290K(14528K) Class: 2349K(2496K)->2349K(2496K)
[500.005s][info][gc             ] GC(258) Pause Young (Allocation Failure) 2072M->6M(7887M) 0.474ms
[500.005s][info][gc,cpu         ] GC(258) User=0.00s Sys=0.00s Real=0.00s
[503.841s][info][gc,start       ] GC(259) Pause Young (Allocation Failure)
[503.931s][info][gc,heap        ] GC(259) PSYoungGen: 2157952K(2483712K)->204128K(2361856K) Eden: 2157568K(2157568K)->0K(2157568K) From: 384K(326144K)->204128K(204288K)
[503.931s][info][gc,heap        ] GC(259) ParOldGen: 5763K(5592576K)->5803K(5592576K)
[503.931s][info][gc,metaspace   ] GC(259) Metaspace: 16639K(17024K)->16639K(17024K) NonClass: 14290K(14528K)->14290K(14528K) Class: 2349K(2496K)->2349K(2496K)
[503.931s][info][gc             ] GC(259) Pause Young (Allocation Failure) 2113M->205M(7768M) 90.207ms
[503.931s][info][gc,cpu         ] GC(259) User=0.55s Sys=0.00s Real=0.10s
[505.839s][info][gc,start       ] GC(260) Pause Young (System.gc())
[505.840s][info][gc,heap        ] GC(260) PSYoungGen: 1437061K(2361856K)->192K(2469888K) Eden: 1232933K(2157568K)->0K(2129920K) From: 204128K(204288K)->192K(339968K)
[505.840s][info][gc,heap        ] GC(260) ParOldGen: 5803K(5592576K)->5851K(5592576K)
[505.840s][info][gc,metaspace   ] GC(260) Metaspace: 16639K(17024K)->16639K(17024K) NonClass: 14290K(14528K)->14290K(14528K) Class: 2349K(2496K)->2349K(2496K)
[505.840s][info][gc             ] GC(260) Pause Young (System.gc()) 1409M->5M(7873M) 0.484ms
[505.840s][info][gc,cpu         ] GC(260) User=0.00s Sys=0.00s Real=0.00s
[505.840s][info][gc,start       ] GC(261) Pause Full (System.gc())
[505.840s][info][gc,phases,start] GC(261) Marking Phase
[505.844s][info][gc,phases      ] GC(261) Marking Phase 4.146ms
[505.844s][info][gc,phases,start] GC(261) Summary Phase
[505.844s][info][gc,phases      ] GC(261) Summary Phase 0.010ms
[505.844s][info][gc,phases,start] GC(261) Adjust Roots
[505.847s][info][gc,phases      ] GC(261) Adjust Roots 2.820ms
[505.847s][info][gc,phases,start] GC(261) Compaction Phase
[505.849s][info][gc,phases      ] GC(261) Compaction Phase 2.579ms
[505.849s][info][gc,phases,start] GC(261) Post Compact
[505.850s][info][gc,phases      ] GC(261) Post Compact 0.400ms
[505.850s][info][gc,heap        ] GC(261) PSYoungGen: 192K(2469888K)->0K(2469888K) Eden: 0K(2129920K)->0K(2129920K) From: 192K(339968K)->0K(339968K)
[505.850s][info][gc,heap        ] GC(261) ParOldGen: 5851K(5592576K)->5755K(5592576K)
[505.850s][info][gc,metaspace   ] GC(261) Metaspace: 16639K(17024K)->16639K(17024K) NonClass: 14290K(14528K)->14290K(14528K) Class: 2349K(2496K)->2349K(2496K)
[505.850s][info][gc             ] GC(261) Pause Full (System.gc()) 5M->5M(7873M) 10.155ms
[505.850s][info][gc,cpu         ] GC(261) User=0.03s Sys=0.00s Real=0.01s
[507.984s][info][gc,start       ] GC(262) Pause Young (Allocation Failure)
[507.985s][info][gc,heap        ] GC(262) PSYoungGen: 2129920K(2469888K)->320K(2456064K) Eden: 2129920K(2129920K)->0K(2129920K) From: 0K(339968K)->320K(326144K)
[507.985s][info][gc,heap        ] GC(262) ParOldGen: 5755K(5592576K)->5755K(5592576K)
[507.985s][info][gc,metaspace   ] GC(262) Metaspace: 16639K(17024K)->16639K(17024K) NonClass: 14290K(14528K)->14290K(14528K) Class: 2349K(2496K)->2349K(2496K)
[507.985s][info][gc             ] GC(262) Pause Young (Allocation Failure) 2085M->5M(7860M) 0.554ms
[507.985s][info][gc,cpu         ] GC(262) User=0.00s Sys=0.00s Real=0.00s
[511.403s][info][gc,start       ] GC(263) Pause Young (Allocation Failure)
[511.498s][info][gc,heap        ] GC(263) PSYoungGen: 2130240K(2456064K)->202560K(2428928K) Eden: 2129920K(2129920K)->0K(2117120K) From: 320K(326144K)->202560K(311808K)
[511.498s][info][gc,heap        ] GC(263) ParOldGen: 5755K(5592576K)->5795K(5592576K)
[511.498s][info][gc,metaspace   ] GC(263) Metaspace: 16639K(17024K)->16639K(17024K) NonClass: 14290K(14528K)->14290K(14528K) Class: 2349K(2496K)->2349K(2496K)
[511.498s][info][gc             ] GC(263) Pause Young (Allocation Failure) 2085M->203M(7833M) 94.895ms
[511.498s][info][gc,cpu         ] GC(263) User=0.56s Sys=0.00s Real=0.10s
[513.375s][info][gc,start       ] GC(264) Pause Young (System.gc())
[513.375s][info][gc,heap        ] GC(264) PSYoungGen: 1433529K(2428928K)->160K(2456576K) Eden: 1230969K(2117120K)->0K(2117120K) From: 202560K(311808K)->160K(339456K)
[513.375s][info][gc,heap        ] GC(264) ParOldGen: 5795K(5592576K)->5835K(5592576K)
[513.375s][info][gc,metaspace   ] GC(264) Metaspace: 16640K(17024K)->16640K(17024K) NonClass: 14291K(14528K)->14291K(14528K) Class: 2349K(2496K)->2349K(2496K)
[513.375s][info][gc             ] GC(264) Pause Young (System.gc()) 1405M->5M(7860M) 0.390ms
[513.375s][info][gc,cpu         ] GC(264) User=0.00s Sys=0.00s Real=0.00s
[513.375s][info][gc,start       ] GC(265) Pause Full (System.gc())
[513.375s][info][gc,phases,start] GC(265) Marking Phase
[513.379s][info][gc,phases      ] GC(265) Marking Phase 3.993ms
[513.379s][info][gc,phases,start] GC(265) Summary Phase
[513.379s][info][gc,phases      ] GC(265) Summary Phase 0.010ms
[513.379s][info][gc,phases,start] GC(265) Adjust Roots
[513.382s][info][gc,phases      ] GC(265) Adjust Roots 2.431ms
[513.382s][info][gc,phases,start] GC(265) Compaction Phase
[513.384s][info][gc,phases      ] GC(265) Compaction Phase 2.229ms
[513.384s][info][gc,phases,start] GC(265) Post Compact
[513.385s][info][gc,phases      ] GC(265) Post Compact 0.405ms
[513.385s][info][gc,heap        ] GC(265) PSYoungGen: 160K(2456576K)->0K(2456576K) Eden: 0K(2117120K)->0K(2117120K) From: 160K(339456K)->0K(339456K)
[513.385s][info][gc,heap        ] GC(265) ParOldGen: 5835K(5592576K)->5755K(5592576K)
[513.385s][info][gc,metaspace   ] GC(265) Metaspace: 16640K(17024K)->16640K(17024K) NonClass: 14291K(14528K)->14291K(14528K) Class: 2349K(2496K)->2349K(2496K)
[513.385s][info][gc             ] GC(265) Pause Full (System.gc()) 5M->5M(7860M) 9.247ms
[513.385s][info][gc,cpu         ] GC(265) User=0.02s Sys=0.00s Real=0.00s
[515.306s][info][gc,start       ] GC(266) Pause Young (Allocation Failure)
[515.307s][info][gc,heap        ] GC(266) PSYoungGen: 2117120K(2456576K)->320K(2484736K) Eden: 2117120K(2117120K)->0K(2159104K) From: 0K(339456K)->320K(325632K)
[515.307s][info][gc,heap        ] GC(266) ParOldGen: 5755K(5592576K)->5755K(5592576K)
[515.307s][info][gc,metaspace   ] GC(266) Metaspace: 16640K(17024K)->16640K(17024K) NonClass: 14291K(14528K)->14291K(14528K) Class: 2349K(2496K)->2349K(2496K)
[515.307s][info][gc             ] GC(266) Pause Young (Allocation Failure) 2073M->5M(7888M) 0.553ms
[515.307s][info][gc,cpu         ] GC(266) User=0.00s Sys=0.00s Real=0.00s
[519.317s][info][gc,start       ] GC(267) Pause Young (Allocation Failure)
[519.412s][info][gc,heap        ] GC(267) PSYoungGen: 2159424K(2484736K)->210080K(2369536K) Eden: 2159104K(2159104K)->0K(2159104K) From: 320K(325632K)->210080K(210432K)
[519.412s][info][gc,heap        ] GC(267) ParOldGen: 5755K(5592576K)->5795K(5592576K)
[519.412s][info][gc,metaspace   ] GC(267) Metaspace: 16640K(17024K)->16640K(17024K) NonClass: 14291K(14528K)->14291K(14528K) Class: 2349K(2496K)->2349K(2496K)
[519.412s][info][gc             ] GC(267) Pause Young (Allocation Failure) 2114M->210M(7775M) 94.678ms
[519.412s][info][gc,cpu         ] GC(267) User=0.58s Sys=0.00s Real=0.10s
[521.344s][info][gc,start       ] GC(268) Pause Young (System.gc())
[521.345s][info][gc,heap        ] GC(268) PSYoungGen: 1433434K(2369536K)->192K(2468352K) Eden: 1223354K(2159104K)->0K(2126848K) From: 210080K(210432K)->192K(341504K)
[521.345s][info][gc,heap        ] GC(268) ParOldGen: 5795K(5592576K)->5835K(5592576K)
[521.345s][info][gc,metaspace   ] GC(268) Metaspace: 16641K(17024K)->16641K(17024K) NonClass: 14291K(14528K)->14291K(14528K) Class: 2349K(2496K)->2349K(2496K)
[521.345s][info][gc             ] GC(268) Pause Young (System.gc()) 1405M->5M(7872M) 0.318ms
[521.345s][info][gc,cpu         ] GC(268) User=0.00s Sys=0.00s Real=0.00s
[521.345s][info][gc,start       ] GC(269) Pause Full (System.gc())
[521.345s][info][gc,phases,start] GC(269) Marking Phase
[521.349s][info][gc,phases      ] GC(269) Marking Phase 4.011ms
[521.349s][info][gc,phases,start] GC(269) Summary Phase
[521.349s][info][gc,phases      ] GC(269) Summary Phase 0.010ms
[521.349s][info][gc,phases,start] GC(269) Adjust Roots
[521.351s][info][gc,phases      ] GC(269) Adjust Roots 1.979ms
[521.351s][info][gc,phases,start] GC(269) Compaction Phase
[521.353s][info][gc,phases      ] GC(269) Compaction Phase 2.145ms
[521.353s][info][gc,phases,start] GC(269) Post Compact
[521.353s][info][gc,phases      ] GC(269) Post Compact 0.407ms
[521.353s][info][gc,heap        ] GC(269) PSYoungGen: 192K(2468352K)->0K(2468352K) Eden: 0K(2126848K)->0K(2126848K) From: 192K(341504K)->0K(341504K)
[521.353s][info][gc,heap        ] GC(269) ParOldGen: 5835K(5592576K)->5756K(5592576K)
[521.353s][info][gc,metaspace   ] GC(269) Metaspace: 16641K(17024K)->16641K(17024K) NonClass: 14291K(14528K)->14291K(14528K) Class: 2349K(2496K)->2349K(2496K)
[521.353s][info][gc             ] GC(269) Pause Full (System.gc()) 5M->5M(7872M) 8.780ms
[521.353s][info][gc,cpu         ] GC(269) User=0.02s Sys=0.00s Real=0.01s
[523.398s][info][gc,start       ] GC(270) Pause Young (Allocation Failure)
[523.398s][info][gc,heap        ] GC(270) PSYoungGen: 2126848K(2468352K)->352K(2454528K) Eden: 2126848K(2126848K)->0K(2126848K) From: 0K(341504K)->352K(327680K)
[523.398s][info][gc,heap        ] GC(270) ParOldGen: 5756K(5592576K)->5756K(5592576K)
[523.398s][info][gc,metaspace   ] GC(270) Metaspace: 16641K(17024K)->16641K(17024K) NonClass: 14291K(14528K)->14291K(14528K) Class: 2349K(2496K)->2349K(2496K)
[523.398s][info][gc             ] GC(270) Pause Young (Allocation Failure) 2082M->5M(7858M) 0.542ms
[523.398s][info][gc,cpu         ] GC(270) User=0.00s Sys=0.00s Real=0.00s
[526.865s][info][gc,start       ] GC(271) Pause Young (Allocation Failure)
[526.953s][info][gc,heap        ] GC(271) PSYoungGen: 2127200K(2454528K)->193920K(2434560K) Eden: 2126848K(2126848K)->0K(2121216K) From: 352K(327680K)->193920K(313344K)
[526.953s][info][gc,heap        ] GC(271) ParOldGen: 5756K(5592576K)->5788K(5592576K)
[526.953s][info][gc,metaspace   ] GC(271) Metaspace: 16641K(17024K)->16641K(17024K) NonClass: 14291K(14528K)->14291K(14528K) Class: 2349K(2496K)->2349K(2496K)
[526.953s][info][gc             ] GC(271) Pause Young (Allocation Failure) 2082M->195M(7839M) 87.938ms
[526.953s][info][gc,cpu         ] GC(271) User=0.47s Sys=0.00s Real=0.10s
[528.866s][info][gc,start       ] GC(272) Pause Young (System.gc())
[528.866s][info][gc,heap        ] GC(272) PSYoungGen: 1456083K(2434560K)->192K(2458624K) Eden: 1262163K(2121216K)->0K(2121216K) From: 193920K(313344K)->192K(337408K)
[528.866s][info][gc,heap        ] GC(272) ParOldGen: 5788K(5592576K)->5828K(5592576K)
[528.867s][info][gc,metaspace   ] GC(272) Metaspace: 16641K(17024K)->16641K(17024K) NonClass: 14291K(14528K)->14291K(14528K) Class: 2349K(2496K)->2349K(2496K)
[528.867s][info][gc             ] GC(272) Pause Young (System.gc()) 1427M->5M(7862M) 0.395ms
[528.867s][info][gc,cpu         ] GC(272) User=0.00s Sys=0.00s Real=0.00s
[528.867s][info][gc,start       ] GC(273) Pause Full (System.gc())
[528.867s][info][gc,phases,start] GC(273) Marking Phase
[528.871s][info][gc,phases      ] GC(273) Marking Phase 4.245ms
[528.871s][info][gc,phases,start] GC(273) Summary Phase
[528.871s][info][gc,phases      ] GC(273) Summary Phase 0.009ms
[528.871s][info][gc,phases,start] GC(273) Adjust Roots
[528.873s][info][gc,phases      ] GC(273) Adjust Roots 2.091ms
[528.873s][info][gc,phases,start] GC(273) Compaction Phase
[528.875s][info][gc,phases      ] GC(273) Compaction Phase 2.014ms
[528.875s][info][gc,phases,start] GC(273) Post Compact
[528.876s][info][gc,phases      ] GC(273) Post Compact 0.404ms
[528.876s][info][gc,heap        ] GC(273) PSYoungGen: 192K(2458624K)->0K(2458624K) Eden: 0K(2121216K)->0K(2121216K) From: 192K(337408K)->0K(337408K)
[528.876s][info][gc,heap        ] GC(273) ParOldGen: 5828K(5592576K)->5755K(5592576K)
[528.876s][info][gc,metaspace   ] GC(273) Metaspace: 16641K(17024K)->16641K(17024K) NonClass: 14291K(14528K)->14291K(14528K) Class: 2349K(2496K)->2349K(2496K)
[528.876s][info][gc             ] GC(273) Pause Full (System.gc()) 5M->5M(7862M) 8.974ms
[528.876s][info][gc,cpu         ] GC(273) User=0.00s Sys=0.00s Real=0.01s
[531.265s][info][gc,start       ] GC(274) Pause Young (Allocation Failure)
[531.266s][info][gc,heap        ] GC(274) PSYoungGen: 2121216K(2458624K)->384K(2486272K) Eden: 2121216K(2121216K)->0K(2162688K) From: 0K(337408K)->384K(323584K)
[531.266s][info][gc,heap        ] GC(274) ParOldGen: 5755K(5592576K)->5755K(5592576K)
[531.266s][info][gc,metaspace   ] GC(274) Metaspace: 16641K(17024K)->16641K(17024K) NonClass: 14291K(14528K)->14291K(14528K) Class: 2349K(2496K)->2349K(2496K)
[531.266s][info][gc             ] GC(274) Pause Young (Allocation Failure) 2077M->5M(7889M) 0.555ms
[531.266s][info][gc,cpu         ] GC(274) User=0.00s Sys=0.00s Real=0.00s
[534.616s][info][gc,start       ] GC(275) Pause Young (Allocation Failure)
[534.710s][info][gc,heap        ] GC(275) PSYoungGen: 2163072K(2486272K)->211968K(2374656K) Eden: 2162688K(2162688K)->0K(2162688K) From: 384K(323584K)->211968K(211968K)
[534.710s][info][gc,heap        ] GC(275) ParOldGen: 5755K(5592576K)->5787K(5592576K)
[534.710s][info][gc,metaspace   ] GC(275) Metaspace: 16641K(17024K)->16641K(17024K) NonClass: 14291K(14528K)->14291K(14528K) Class: 2349K(2496K)->2349K(2496K)
[534.710s][info][gc             ] GC(275) Pause Young (Allocation Failure) 2117M->212M(7780M) 94.111ms
[534.710s][info][gc,cpu         ] GC(275) User=0.56s Sys=0.00s Real=0.10s
[536.589s][info][gc,start       ] GC(276) Pause Young (System.gc())
[536.589s][info][gc,heap        ] GC(276) PSYoungGen: 1426477K(2374656K)->128K(2468864K) Eden: 1214509K(2162688K)->0K(2128384K) From: 211968K(211968K)->128K(340480K)
[536.589s][info][gc,heap        ] GC(276) ParOldGen: 5787K(5592576K)->5811K(5592576K)
[536.589s][info][gc,metaspace   ] GC(276) Metaspace: 16641K(17024K)->16641K(17024K) NonClass: 14291K(14528K)->14291K(14528K) Class: 2349K(2496K)->2349K(2496K)
[536.589s][info][gc             ] GC(276) Pause Young (System.gc()) 1398M->5M(7872M) 0.607ms
[536.589s][info][gc,cpu         ] GC(276) User=0.00s Sys=0.00s Real=0.01s
[536.589s][info][gc,start       ] GC(277) Pause Full (System.gc())
[536.589s][info][gc,phases,start] GC(277) Marking Phase
[536.593s][info][gc,phases      ] GC(277) Marking Phase 4.087ms
[536.593s][info][gc,phases,start] GC(277) Summary Phase
[536.593s][info][gc,phases      ] GC(277) Summary Phase 0.009ms
[536.593s][info][gc,phases,start] GC(277) Adjust Roots
[536.595s][info][gc,phases      ] GC(277) Adjust Roots 1.784ms
[536.595s][info][gc,phases,start] GC(277) Compaction Phase
[536.597s][info][gc,phases      ] GC(277) Compaction Phase 2.175ms
[536.598s][info][gc,phases,start] GC(277) Post Compact
[536.598s][info][gc,phases      ] GC(277) Post Compact 0.405ms
[536.598s][info][gc,heap        ] GC(277) PSYoungGen: 128K(2468864K)->0K(2468864K) Eden: 0K(2128384K)->0K(2128384K) From: 128K(340480K)->0K(340480K)
[536.598s][info][gc,heap        ] GC(277) ParOldGen: 5811K(5592576K)->5755K(5592576K)
[536.598s][info][gc,metaspace   ] GC(277) Metaspace: 16641K(17024K)->16641K(17024K) NonClass: 14291K(14528K)->14291K(14528K) Class: 2349K(2496K)->2349K(2496K)
[536.598s][info][gc             ] GC(277) Pause Full (System.gc()) 5M->5M(7872M) 8.672ms
[536.598s][info][gc,cpu         ] GC(277) User=0.00s Sys=0.00s Real=0.01s
[538.536s][info][gc,start       ] GC(278) Pause Young (Allocation Failure)
[538.537s][info][gc,heap        ] GC(278) PSYoungGen: 2128384K(2468864K)->384K(2455552K) Eden: 2128384K(2128384K)->0K(2128384K) From: 0K(340480K)->384K(327168K)
[538.537s][info][gc,heap        ] GC(278) ParOldGen: 5755K(5592576K)->5755K(5592576K)
[538.537s][info][gc,metaspace   ] GC(278) Metaspace: 16642K(17024K)->16642K(17024K) NonClass: 14292K(14528K)->14292K(14528K) Class: 2349K(2496K)->2349K(2496K)
[538.537s][info][gc             ] GC(278) Pause Young (Allocation Failure) 2084M->5M(7859M) 0.497ms
[538.537s][info][gc,cpu         ] GC(278) User=0.02s Sys=0.00s Real=0.00s
[542.348s][info][gc,start       ] GC(279) Pause Young (Allocation Failure)
[542.438s][info][gc,heap        ] GC(279) PSYoungGen: 2128768K(2455552K)->196672K(2433024K) Eden: 2128384K(2128384K)->0K(2120192K) From: 384K(327168K)->196672K(312832K)
[542.438s][info][gc,heap        ] GC(279) ParOldGen: 5755K(5592576K)->5795K(5592576K)
[542.438s][info][gc,metaspace   ] GC(279) Metaspace: 16642K(17024K)->16642K(17024K) NonClass: 14292K(14528K)->14292K(14528K) Class: 2349K(2496K)->2349K(2496K)
[542.438s][info][gc             ] GC(279) Pause Young (Allocation Failure) 2084M->197M(7837M) 89.386ms
[542.438s][info][gc,cpu         ] GC(279) User=0.56s Sys=0.00s Real=0.10s
[544.331s][info][gc,start       ] GC(280) Pause Young (System.gc())
[544.331s][info][gc,heap        ] GC(280) PSYoungGen: 1436604K(2433024K)->192K(2458112K) Eden: 1239932K(2120192K)->0K(2120192K) From: 196672K(312832K)->192K(337920K)
[544.331s][info][gc,heap        ] GC(280) ParOldGen: 5795K(5592576K)->5827K(5592576K)
[544.331s][info][gc,metaspace   ] GC(280) Metaspace: 16642K(17024K)->16642K(17024K) NonClass: 14292K(14528K)->14292K(14528K) Class: 2349K(2496K)->2349K(2496K)
[544.331s][info][gc             ] GC(280) Pause Young (System.gc()) 1408M->5M(7862M) 0.391ms
[544.331s][info][gc,cpu         ] GC(280) User=0.00s Sys=0.00s Real=0.00s
[544.331s][info][gc,start       ] GC(281) Pause Full (System.gc())
[544.331s][info][gc,phases,start] GC(281) Marking Phase
[544.336s][info][gc,phases      ] GC(281) Marking Phase 4.195ms
[544.336s][info][gc,phases,start] GC(281) Summary Phase
[544.336s][info][gc,phases      ] GC(281) Summary Phase 0.009ms
[544.336s][info][gc,phases,start] GC(281) Adjust Roots
[544.338s][info][gc,phases      ] GC(281) Adjust Roots 1.934ms
[544.338s][info][gc,phases,start] GC(281) Compaction Phase
[544.340s][info][gc,phases      ] GC(281) Compaction Phase 2.179ms
[544.340s][info][gc,phases,start] GC(281) Post Compact
[544.340s][info][gc,phases      ] GC(281) Post Compact 0.407ms
[544.340s][info][gc,heap        ] GC(281) PSYoungGen: 192K(2458112K)->0K(2458112K) Eden: 0K(2120192K)->0K(2120192K) From: 192K(337920K)->0K(337920K)
[544.340s][info][gc,heap        ] GC(281) ParOldGen: 5827K(5592576K)->5756K(5592576K)
[544.340s][info][gc,metaspace   ] GC(281) Metaspace: 16642K(17024K)->16642K(17024K) NonClass: 14292K(14528K)->14292K(14528K) Class: 2349K(2496K)->2349K(2496K)
[544.340s][info][gc             ] GC(281) Pause Full (System.gc()) 5M->5M(7862M) 8.951ms
[544.340s][info][gc,cpu         ] GC(281) User=0.02s Sys=0.00s Real=0.02s
[546.600s][info][gc,start       ] GC(282) Pause Young (Allocation Failure)
[546.600s][info][gc,heap        ] GC(282) PSYoungGen: 2120192K(2458112K)->352K(2486272K) Eden: 2120192K(2120192K)->0K(2162176K) From: 0K(337920K)->352K(324096K)
[546.600s][info][gc,heap        ] GC(282) ParOldGen: 5756K(5592576K)->5756K(5592576K)
[546.600s][info][gc,metaspace   ] GC(282) Metaspace: 16642K(17024K)->16642K(17024K) NonClass: 14292K(14528K)->14292K(14528K) Class: 2349K(2496K)->2349K(2496K)
[546.600s][info][gc             ] GC(282) Pause Young (Allocation Failure) 2076M->5M(7889M) 0.891ms
[546.600s][info][gc,cpu         ] GC(282) User=0.00s Sys=0.00s Real=0.00s
[550.500s][info][gc,start       ] GC(283) Pause Young (Allocation Failure)
[550.595s][info][gc,heap        ] GC(283) PSYoungGen: 2162528K(2486272K)->212064K(2374656K) Eden: 2162176K(2162176K)->0K(2162176K) From: 352K(324096K)->212064K(212480K)
[550.595s][info][gc,heap        ] GC(283) ParOldGen: 5756K(5592576K)->5796K(5592576K)
[550.595s][info][gc,metaspace   ] GC(283) Metaspace: 16642K(17024K)->16642K(17024K) NonClass: 14292K(14528K)->14292K(14528K) Class: 2349K(2496K)->2349K(2496K)
[550.595s][info][gc             ] GC(283) Pause Young (Allocation Failure) 2117M->212M(7780M) 95.381ms
[550.595s][info][gc,cpu         ] GC(283) User=0.56s Sys=0.00s Real=0.10s
[552.484s][info][gc,start       ] GC(284) Pause Young (System.gc())
[552.485s][info][gc,heap        ] GC(284) PSYoungGen: 1428795K(2374656K)->192K(2468864K) Eden: 1216731K(2162176K)->0K(2127872K) From: 212064K(212480K)->192K(340992K)
[552.485s][info][gc,heap        ] GC(284) ParOldGen: 5796K(5592576K)->5828K(5592576K)
[552.485s][info][gc,metaspace   ] GC(284) Metaspace: 16642K(17024K)->16642K(17024K) NonClass: 14292K(14528K)->14292K(14528K) Class: 2349K(2496K)->2349K(2496K)
[552.485s][info][gc             ] GC(284) Pause Young (System.gc()) 1400M->5M(7872M) 0.335ms
[552.485s][info][gc,cpu         ] GC(284) User=0.00s Sys=0.00s Real=0.00s
[552.485s][info][gc,start       ] GC(285) Pause Full (System.gc())
[552.485s][info][gc,phases,start] GC(285) Marking Phase
[552.489s][info][gc,phases      ] GC(285) Marking Phase 4.181ms
[552.489s][info][gc,phases,start] GC(285) Summary Phase
[552.489s][info][gc,phases      ] GC(285) Summary Phase 0.010ms
[552.489s][info][gc,phases,start] GC(285) Adjust Roots
[552.491s][info][gc,phases      ] GC(285) Adjust Roots 1.667ms
[552.491s][info][gc,phases,start] GC(285) Compaction Phase
[552.493s][info][gc,phases      ] GC(285) Compaction Phase 2.178ms
[552.493s][info][gc,phases,start] GC(285) Post Compact
[552.493s][info][gc,phases      ] GC(285) Post Compact 0.421ms
[552.493s][info][gc,heap        ] GC(285) PSYoungGen: 192K(2468864K)->0K(2468864K) Eden: 0K(2127872K)->0K(2127872K) From: 192K(340992K)->0K(340992K)
[552.493s][info][gc,heap        ] GC(285) ParOldGen: 5828K(5592576K)->5756K(5592576K)
[552.494s][info][gc,metaspace   ] GC(285) Metaspace: 16642K(17024K)->16642K(17024K) NonClass: 14292K(14528K)->14292K(14528K) Class: 2349K(2496K)->2349K(2496K)
[552.494s][info][gc             ] GC(285) Pause Full (System.gc()) 5M->5M(7872M) 8.654ms
[552.494s][info][gc,cpu         ] GC(285) User=0.02s Sys=0.00s Real=0.01s
[554.764s][info][gc,start       ] GC(286) Pause Young (Allocation Failure)
[554.764s][info][gc,heap        ] GC(286) PSYoungGen: 2127872K(2468864K)->320K(2455040K) Eden: 2127872K(2127872K)->0K(2127872K) From: 0K(340992K)->320K(327168K)
[554.764s][info][gc,heap        ] GC(286) ParOldGen: 5756K(5592576K)->5756K(5592576K)
[554.764s][info][gc,metaspace   ] GC(286) Metaspace: 16642K(17024K)->16642K(17024K) NonClass: 14292K(14528K)->14292K(14528K) Class: 2349K(2496K)->2349K(2496K)
[554.764s][info][gc             ] GC(286) Pause Young (Allocation Failure) 2083M->5M(7859M) 0.561ms
[554.765s][info][gc,cpu         ] GC(286) User=0.00s Sys=0.00s Real=0.00s
[558.380s][info][gc,start       ] GC(287) Pause Young (Allocation Failure)
[558.476s][info][gc,heap        ] GC(287) PSYoungGen: 2128192K(2455040K)->208064K(2424832K) Eden: 2127872K(2127872K)->0K(2112000K) From: 320K(327168K)->208064K(312832K)
[558.476s][info][gc,heap        ] GC(287) ParOldGen: 5756K(5592576K)->5796K(5592576K)
[558.476s][info][gc,metaspace   ] GC(287) Metaspace: 16642K(17024K)->16642K(17024K) NonClass: 14292K(14528K)->14292K(14528K) Class: 2349K(2496K)->2349K(2496K)
[558.476s][info][gc             ] GC(287) Pause Young (Allocation Failure) 2083M->208M(7829M) 96.008ms
[558.476s][info][gc,cpu         ] GC(287) User=0.55s Sys=0.02s Real=0.10s
[560.355s][info][gc,start       ] GC(288) Pause Young (System.gc())
[560.355s][info][gc,heap        ] GC(288) PSYoungGen: 1425818K(2424832K)->192K(2454016K) Eden: 1217754K(2112000K)->0K(2112000K) From: 208064K(312832K)->192K(342016K)
[560.355s][info][gc,heap        ] GC(288) ParOldGen: 5796K(5592576K)->5836K(5592576K)
[560.355s][info][gc,metaspace   ] GC(288) Metaspace: 16642K(17024K)->16642K(17024K) NonClass: 14292K(14528K)->14292K(14528K) Class: 2349K(2496K)->2349K(2496K)
[560.355s][info][gc             ] GC(288) Pause Young (System.gc()) 1398M->5M(7858M) 0.347ms
[560.355s][info][gc,cpu         ] GC(288) User=0.00s Sys=0.00s Real=0.00s
[560.355s][info][gc,start       ] GC(289) Pause Full (System.gc())
[560.355s][info][gc,phases,start] GC(289) Marking Phase
[560.359s][info][gc,phases      ] GC(289) Marking Phase 4.198ms
[560.359s][info][gc,phases,start] GC(289) Summary Phase
[560.359s][info][gc,phases      ] GC(289) Summary Phase 0.009ms
[560.359s][info][gc,phases,start] GC(289) Adjust Roots
[560.361s][info][gc,phases      ] GC(289) Adjust Roots 1.769ms
[560.361s][info][gc,phases,start] GC(289) Compaction Phase
[560.364s][info][gc,phases      ] GC(289) Compaction Phase 2.676ms
[560.364s][info][gc,phases,start] GC(289) Post Compact
[560.364s][info][gc,phases      ] GC(289) Post Compact 0.401ms
[560.364s][info][gc,heap        ] GC(289) PSYoungGen: 192K(2454016K)->0K(2454016K) Eden: 0K(2112000K)->0K(2112000K) From: 192K(342016K)->0K(342016K)
[560.364s][info][gc,heap        ] GC(289) ParOldGen: 5836K(5592576K)->5756K(5592576K)
[560.364s][info][gc,metaspace   ] GC(289) Metaspace: 16642K(17024K)->16642K(17024K) NonClass: 14292K(14528K)->14292K(14528K) Class: 2349K(2496K)->2349K(2496K)
[560.364s][info][gc             ] GC(289) Pause Full (System.gc()) 5M->5M(7858M) 9.257ms
[560.364s][info][gc,cpu         ] GC(289) User=0.00s Sys=0.00s Real=0.00s
[562.519s][info][gc,start       ] GC(290) Pause Young (Allocation Failure)
[562.520s][info][gc,heap        ] GC(290) PSYoungGen: 2112000K(2454016K)->384K(2481664K) Eden: 2112000K(2112000K)->0K(2152960K) From: 0K(342016K)->384K(328704K)
[562.520s][info][gc,heap        ] GC(290) ParOldGen: 5756K(5592576K)->5756K(5592576K)
[562.520s][info][gc,metaspace   ] GC(290) Metaspace: 16642K(17024K)->16642K(17024K) NonClass: 14292K(14528K)->14292K(14528K) Class: 2349K(2496K)->2349K(2496K)
[562.520s][info][gc             ] GC(290) Pause Young (Allocation Failure) 2068M->5M(7885M) 0.516ms
[562.520s][info][gc,cpu         ] GC(290) User=0.00s Sys=0.00s Real=0.00s
[566.338s][info][gc,start       ] GC(291) Pause Young (Allocation Failure)
[566.431s][info][gc,heap        ] GC(291) PSYoungGen: 2153344K(2481664K)->206624K(2359808K) Eden: 2152960K(2152960K)->0K(2152960K) From: 384K(328704K)->206624K(206848K)
[566.432s][info][gc,heap        ] GC(291) ParOldGen: 5756K(5592576K)->5788K(5592576K)
[566.432s][info][gc,metaspace   ] GC(291) Metaspace: 16642K(17024K)->16642K(17024K) NonClass: 14292K(14528K)->14292K(14528K) Class: 2349K(2496K)->2349K(2496K)
[566.432s][info][gc             ] GC(291) Pause Young (Allocation Failure) 2108M->207M(7766M) 93.872ms
[566.432s][info][gc,cpu         ] GC(291) User=0.56s Sys=0.00s Real=0.09s
[568.301s][info][gc,start       ] GC(292) Pause Young (System.gc())
[568.302s][info][gc,heap        ] GC(292) PSYoungGen: 1425919K(2359808K)->192K(2467328K) Eden: 1219295K(2152960K)->0K(2124800K) From: 206624K(206848K)->192K(342528K)
[568.302s][info][gc,heap        ] GC(292) ParOldGen: 5788K(5592576K)->5836K(5592576K)
[568.302s][info][gc,metaspace   ] GC(292) Metaspace: 16642K(17024K)->16642K(17024K) NonClass: 14292K(14528K)->14292K(14528K) Class: 2349K(2496K)->2349K(2496K)
[568.302s][info][gc             ] GC(292) Pause Young (System.gc()) 1398M->5M(7871M) 0.341ms
[568.302s][info][gc,cpu         ] GC(292) User=0.00s Sys=0.00s Real=0.00s
[568.302s][info][gc,start       ] GC(293) Pause Full (System.gc())
[568.302s][info][gc,phases,start] GC(293) Marking Phase
[568.306s][info][gc,phases      ] GC(293) Marking Phase 4.361ms
[568.306s][info][gc,phases,start] GC(293) Summary Phase
[568.306s][info][gc,phases      ] GC(293) Summary Phase 0.010ms
[568.306s][info][gc,phases,start] GC(293) Adjust Roots
[568.308s][info][gc,phases      ] GC(293) Adjust Roots 1.742ms
[568.308s][info][gc,phases,start] GC(293) Compaction Phase
[568.311s][info][gc,phases      ] GC(293) Compaction Phase 2.576ms
[568.311s][info][gc,phases,start] GC(293) Post Compact
[568.311s][info][gc,phases      ] GC(293) Post Compact 0.398ms
[568.311s][info][gc,heap        ] GC(293) PSYoungGen: 192K(2467328K)->0K(2467328K) Eden: 0K(2124800K)->0K(2124800K) From: 192K(342528K)->0K(342528K)
[568.311s][info][gc,heap        ] GC(293) ParOldGen: 5836K(5592576K)->5756K(5592576K)
[568.311s][info][gc,metaspace   ] GC(293) Metaspace: 16642K(17024K)->16642K(17024K) NonClass: 14292K(14528K)->14292K(14528K) Class: 2349K(2496K)->2349K(2496K)
[568.311s][info][gc             ] GC(293) Pause Full (System.gc()) 5M->5M(7871M) 9.306ms
[568.311s][info][gc,cpu         ] GC(293) User=0.08s Sys=0.00s Real=0.02s
[570.231s][info][gc,start       ] GC(294) Pause Young (Allocation Failure)
[570.231s][info][gc,heap        ] GC(294) PSYoungGen: 2124800K(2467328K)->352K(2453504K) Eden: 2124800K(2124800K)->0K(2124800K) From: 0K(342528K)->352K(328704K)
[570.231s][info][gc,heap        ] GC(294) ParOldGen: 5756K(5592576K)->5756K(5592576K)
[570.231s][info][gc,metaspace   ] GC(294) Metaspace: 16642K(17024K)->16642K(17024K) NonClass: 14292K(14528K)->14292K(14528K) Class: 2349K(2496K)->2349K(2496K)
[570.231s][info][gc             ] GC(294) Pause Young (Allocation Failure) 2080M->5M(7857M) 0.558ms
[570.231s][info][gc,cpu         ] GC(294) User=0.00s Sys=0.00s Real=0.00s
[573.642s][info][gc,start       ] GC(295) Pause Young (Allocation Failure)
[573.732s][info][gc,heap        ] GC(295) PSYoungGen: 2125152K(2453504K)->197056K(2431488K) Eden: 2124800K(2124800K)->0K(2117120K) From: 352K(328704K)->197056K(314368K)
[573.732s][info][gc,heap        ] GC(295) ParOldGen: 5756K(5592576K)->5796K(5592576K)
[573.732s][info][gc,metaspace   ] GC(295) Metaspace: 16642K(17024K)->16642K(17024K) NonClass: 14292K(14528K)->14292K(14528K) Class: 2349K(2496K)->2349K(2496K)
[573.732s][info][gc             ] GC(295) Pause Young (Allocation Failure) 2080M->198M(7836M) 90.609ms
[573.732s][info][gc,cpu         ] GC(295) User=0.55s Sys=0.00s Real=0.11s
[575.644s][info][gc,start       ] GC(296) Pause Young (System.gc())
[575.645s][info][gc,heap        ] GC(296) PSYoungGen: 1448262K(2431488K)->160K(2456576K) Eden: 1251206K(2117120K)->0K(2117120K) From: 197056K(314368K)->160K(339456K)
[575.645s][info][gc,heap        ] GC(296) ParOldGen: 5796K(5592576K)->5820K(5592576K)
[575.645s][info][gc,metaspace   ] GC(296) Metaspace: 16642K(17024K)->16642K(17024K) NonClass: 14292K(14528K)->14292K(14528K) Class: 2349K(2496K)->2349K(2496K)
[575.645s][info][gc             ] GC(296) Pause Young (System.gc()) 1419M->5M(7860M) 0.443ms
[575.645s][info][gc,cpu         ] GC(296) User=0.00s Sys=0.00s Real=0.00s
[575.645s][info][gc,start       ] GC(297) Pause Full (System.gc())
[575.645s][info][gc,phases,start] GC(297) Marking Phase
[575.649s][info][gc,phases      ] GC(297) Marking Phase 3.888ms
[575.649s][info][gc,phases,start] GC(297) Summary Phase
[575.649s][info][gc,phases      ] GC(297) Summary Phase 0.009ms
[575.649s][info][gc,phases,start] GC(297) Adjust Roots
[575.651s][info][gc,phases      ] GC(297) Adjust Roots 1.697ms
[575.651s][info][gc,phases,start] GC(297) Compaction Phase
[575.653s][info][gc,phases      ] GC(297) Compaction Phase 2.081ms
[575.653s][info][gc,phases,start] GC(297) Post Compact
[575.653s][info][gc,phases      ] GC(297) Post Compact 0.406ms
[575.653s][info][gc,heap        ] GC(297) PSYoungGen: 160K(2456576K)->0K(2456576K) Eden: 0K(2117120K)->0K(2117120K) From: 160K(339456K)->0K(339456K)
[575.653s][info][gc,heap        ] GC(297) ParOldGen: 5820K(5592576K)->5755K(5592576K)
[575.653s][info][gc,metaspace   ] GC(297) Metaspace: 16642K(17024K)->16642K(17024K) NonClass: 14292K(14528K)->14292K(14528K) Class: 2349K(2496K)->2349K(2496K)
[575.653s][info][gc             ] GC(297) Pause Full (System.gc()) 5M->5M(7860M) 8.309ms
[575.653s][info][gc,cpu         ] GC(297) User=0.09s Sys=0.00s Real=0.00s
[577.959s][info][gc,start       ] GC(298) Pause Young (Allocation Failure)
[577.959s][info][gc,heap        ] GC(298) PSYoungGen: 2117120K(2456576K)->384K(2484736K) Eden: 2117120K(2117120K)->0K(2159104K) From: 0K(339456K)->384K(325632K)
[577.959s][info][gc,heap        ] GC(298) ParOldGen: 5755K(5592576K)->5755K(5592576K)
[577.959s][info][gc,metaspace   ] GC(298) Metaspace: 16642K(17024K)->16642K(17024K) NonClass: 14292K(14528K)->14292K(14528K) Class: 2349K(2496K)->2349K(2496K)
[577.959s][info][gc             ] GC(298) Pause Young (Allocation Failure) 2073M->5M(7888M) 0.498ms
[577.959s][info][gc,cpu         ] GC(298) User=0.00s Sys=0.00s Real=0.00s
[582.083s][info][gc,start       ] GC(299) Pause Young (Allocation Failure)
[582.177s][info][gc,heap        ] GC(299) PSYoungGen: 2159488K(2484736K)->205952K(2365440K) Eden: 2159104K(2159104K)->0K(2159104K) From: 384K(325632K)->205952K(206336K)
[582.177s][info][gc,heap        ] GC(299) ParOldGen: 5755K(5592576K)->5795K(5592576K)
[582.177s][info][gc,metaspace   ] GC(299) Metaspace: 16642K(17024K)->16642K(17024K) NonClass: 14292K(14528K)->14292K(14528K) Class: 2349K(2496K)->2349K(2496K)
[582.177s][info][gc             ] GC(299) Pause Young (Allocation Failure) 2114M->206M(7771M) 94.312ms
[582.177s][info][gc,cpu         ] GC(299) User=0.56s Sys=0.00s Real=0.11s
[584.072s][info][gc,start       ] GC(300) Pause Young (System.gc())
[584.072s][info][gc,heap        ] GC(300) PSYoungGen: 1438777K(2365440K)->192K(2469888K) Eden: 1232825K(2159104K)->0K(2129920K) From: 205952K(206336K)->192K(339968K)
[584.072s][info][gc,heap        ] GC(300) ParOldGen: 5795K(5592576K)->5843K(5592576K)
[584.072s][info][gc,metaspace   ] GC(300) Metaspace: 16642K(17024K)->16642K(17024K) NonClass: 14292K(14528K)->14292K(14528K) Class: 2349K(2496K)->2349K(2496K)
[584.072s][info][gc             ] GC(300) Pause Young (System.gc()) 1410M->5M(7873M) 0.375ms
[584.072s][info][gc,cpu         ] GC(300) User=0.00s Sys=0.00s Real=0.00s
[584.072s][info][gc,start       ] GC(301) Pause Full (System.gc())
[584.072s][info][gc,phases,start] GC(301) Marking Phase
[584.076s][info][gc,phases      ] GC(301) Marking Phase 4.068ms
[584.076s][info][gc,phases,start] GC(301) Summary Phase
[584.076s][info][gc,phases      ] GC(301) Summary Phase 0.009ms
[584.076s][info][gc,phases,start] GC(301) Adjust Roots
[584.078s][info][gc,phases      ] GC(301) Adjust Roots 1.583ms
[584.078s][info][gc,phases,start] GC(301) Compaction Phase
[584.081s][info][gc,phases      ] GC(301) Compaction Phase 2.510ms
[584.081s][info][gc,phases,start] GC(301) Post Compact
[584.081s][info][gc,phases      ] GC(301) Post Compact 0.404ms
[584.081s][info][gc,heap        ] GC(301) PSYoungGen: 192K(2469888K)->0K(2469888K) Eden: 0K(2129920K)->0K(2129920K) From: 192K(339968K)->0K(339968K)
[584.081s][info][gc,heap        ] GC(301) ParOldGen: 5843K(5592576K)->5756K(5592576K)
[584.081s][info][gc,metaspace   ] GC(301) Metaspace: 16642K(17024K)->16642K(17024K) NonClass: 14292K(14528K)->14292K(14528K) Class: 2349K(2496K)->2349K(2496K)
[584.081s][info][gc             ] GC(301) Pause Full (System.gc()) 5M->5M(7873M) 8.761ms
[584.081s][info][gc,cpu         ] GC(301) User=0.00s Sys=0.00s Real=0.00s
[586.414s][info][gc,start       ] GC(302) Pause Young (Allocation Failure)
[586.415s][info][gc,heap        ] GC(302) PSYoungGen: 2129920K(2469888K)->384K(2456064K) Eden: 2129920K(2129920K)->0K(2129920K) From: 0K(339968K)->384K(326144K)
[586.415s][info][gc,heap        ] GC(302) ParOldGen: 5756K(5592576K)->5756K(5592576K)
[586.415s][info][gc,metaspace   ] GC(302) Metaspace: 16642K(17024K)->16642K(17024K) NonClass: 14292K(14528K)->14292K(14528K) Class: 2349K(2496K)->2349K(2496K)
[586.415s][info][gc             ] GC(302) Pause Young (Allocation Failure) 2085M->5M(7860M) 0.552ms
[586.415s][info][gc,cpu         ] GC(302) User=0.00s Sys=0.00s Real=0.00s
[589.823s][info][gc,start       ] GC(303) Pause Young (Allocation Failure)
[589.914s][info][gc,heap        ] GC(303) PSYoungGen: 2130304K(2456064K)->199456K(2432512K) Eden: 2129920K(2129920K)->0K(2120192K) From: 384K(326144K)->199456K(312320K)
[589.914s][info][gc,heap        ] GC(303) ParOldGen: 5756K(5592576K)->5796K(5592576K)
[589.914s][info][gc,metaspace   ] GC(303) Metaspace: 16642K(17024K)->16642K(17024K) NonClass: 14292K(14528K)->14292K(14528K) Class: 2349K(2496K)->2349K(2496K)
[589.914s][info][gc             ] GC(303) Pause Young (Allocation Failure) 2085M->200M(7837M) 90.281ms
[589.914s][info][gc,cpu         ] GC(303) User=0.55s Sys=0.02s Real=0.09s
[591.820s][info][gc,start       ] GC(304) Pause Young (System.gc())
[591.821s][info][gc,heap        ] GC(304) PSYoungGen: 1443969K(2432512K)->160K(2458112K) Eden: 1244513K(2120192K)->0K(2120192K) From: 199456K(312320K)->160K(337920K)
[591.821s][info][gc,heap        ] GC(304) ParOldGen: 5796K(5592576K)->5836K(5592576K)
[591.821s][info][gc,metaspace   ] GC(304) Metaspace: 16642K(17024K)->16642K(17024K) NonClass: 14292K(14528K)->14292K(14528K) Class: 2349K(2496K)->2349K(2496K)
[591.821s][info][gc             ] GC(304) Pause Young (System.gc()) 1415M->5M(7862M) 0.373ms
[591.821s][info][gc,cpu         ] GC(304) User=0.00s Sys=0.00s Real=0.00s
[591.821s][info][gc,start       ] GC(305) Pause Full (System.gc())
[591.821s][info][gc,phases,start] GC(305) Marking Phase
[591.825s][info][gc,phases      ] GC(305) Marking Phase 4.430ms
[591.825s][info][gc,phases,start] GC(305) Summary Phase
[591.825s][info][gc,phases      ] GC(305) Summary Phase 0.014ms
[591.825s][info][gc,phases,start] GC(305) Adjust Roots
[591.827s][info][gc,phases      ] GC(305) Adjust Roots 1.652ms
[591.827s][info][gc,phases,start] GC(305) Compaction Phase
[591.829s][info][gc,phases      ] GC(305) Compaction Phase 2.175ms
[591.829s][info][gc,phases,start] GC(305) Post Compact
[591.830s][info][gc,phases      ] GC(305) Post Compact 0.401ms
[591.830s][info][gc,heap        ] GC(305) PSYoungGen: 160K(2458112K)->0K(2458112K) Eden: 0K(2120192K)->0K(2120192K) From: 160K(337920K)->0K(337920K)
[591.830s][info][gc,heap        ] GC(305) ParOldGen: 5836K(5592576K)->5755K(5592576K)
[591.830s][info][gc,metaspace   ] GC(305) Metaspace: 16642K(17024K)->16642K(17024K) NonClass: 14292K(14528K)->14292K(14528K) Class: 2349K(2496K)->2349K(2496K)
[591.830s][info][gc             ] GC(305) Pause Full (System.gc()) 5M->5M(7862M) 8.897ms
[591.830s][info][gc,cpu         ] GC(305) User=0.00s Sys=0.00s Real=0.02s
[593.760s][info][gc,start       ] GC(306) Pause Young (Allocation Failure)
[593.761s][info][gc,heap        ] GC(306) PSYoungGen: 2120192K(2458112K)->320K(2485760K) Eden: 2120192K(2120192K)->0K(2161152K) From: 0K(337920K)->320K(324608K)
[593.761s][info][gc,heap        ] GC(306) ParOldGen: 5755K(5592576K)->5755K(5592576K)
[593.761s][info][gc,metaspace   ] GC(306) Metaspace: 16642K(17024K)->16642K(17024K) NonClass: 14293K(14528K)->14293K(14528K) Class: 2349K(2496K)->2349K(2496K)
[593.761s][info][gc             ] GC(306) Pause Young (Allocation Failure) 2076M->5M(7889M) 0.638ms
[593.761s][info][gc,cpu         ] GC(306) User=0.00s Sys=0.00s Real=0.00s
[597.562s][info][gc,start       ] GC(307) Pause Young (Allocation Failure)
[597.656s][info][gc,heap        ] GC(307) PSYoungGen: 2161472K(2485760K)->212736K(2374144K) Eden: 2161152K(2161152K)->0K(2161152K) From: 320K(324608K)->212736K(212992K)
[597.657s][info][gc,heap        ] GC(307) ParOldGen: 5755K(5592576K)->5795K(5592576K)
[597.657s][info][gc,metaspace   ] GC(307) Metaspace: 16642K(17024K)->16642K(17024K) NonClass: 14293K(14528K)->14293K(14528K) Class: 2349K(2496K)->2349K(2496K)
[597.657s][info][gc             ] GC(307) Pause Young (Allocation Failure) 2116M->213M(7780M) 94.165ms
[597.657s][info][gc,cpu         ] GC(307) User=0.56s Sys=0.00s Real=0.11s
[599.537s][info][gc,start       ] GC(308) Pause Young (System.gc())
[599.537s][info][gc,heap        ] GC(308) PSYoungGen: 1430870K(2374144K)->160K(2467840K) Eden: 1218134K(2161152K)->0K(2126336K) From: 212736K(212992K)->160K(341504K)
[599.537s][info][gc,heap        ] GC(308) ParOldGen: 5795K(5592576K)->5843K(5592576K)
[599.537s][info][gc,metaspace   ] GC(308) Metaspace: 16642K(17024K)->16642K(17024K) NonClass: 14293K(14528K)->14293K(14528K) Class: 2349K(2496K)->2349K(2496K)
[599.537s][info][gc             ] GC(308) Pause Young (System.gc()) 1402M->5M(7871M) 0.380ms
[599.537s][info][gc,cpu         ] GC(308) User=0.00s Sys=0.00s Real=0.00s
[599.538s][info][gc,start       ] GC(309) Pause Full (System.gc())
[599.538s][info][gc,phases,start] GC(309) Marking Phase
[599.542s][info][gc,phases      ] GC(309) Marking Phase 4.075ms
[599.542s][info][gc,phases,start] GC(309) Summary Phase
[599.542s][info][gc,phases      ] GC(309) Summary Phase 0.010ms
[599.542s][info][gc,phases,start] GC(309) Adjust Roots
[599.543s][info][gc,phases      ] GC(309) Adjust Roots 1.651ms
[599.543s][info][gc,phases,start] GC(309) Compaction Phase
[599.547s][info][gc,phases      ] GC(309) Compaction Phase 3.205ms
[599.547s][info][gc,phases,start] GC(309) Post Compact
[599.547s][info][gc,phases      ] GC(309) Post Compact 0.402ms
[599.547s][info][gc,heap        ] GC(309) PSYoungGen: 160K(2467840K)->0K(2467840K) Eden: 0K(2126336K)->0K(2126336K) From: 160K(341504K)->0K(341504K)
[599.547s][info][gc,heap        ] GC(309) ParOldGen: 5843K(5592576K)->5756K(5592576K)
[599.547s][info][gc,metaspace   ] GC(309) Metaspace: 16642K(17024K)->16642K(17024K) NonClass: 14293K(14528K)->14293K(14528K) Class: 2349K(2496K)->2349K(2496K)
[599.547s][info][gc             ] GC(309) Pause Full (System.gc()) 5M->5M(7871M) 9.541ms
[599.547s][info][gc,cpu         ] GC(309) User=0.00s Sys=0.00s Real=0.02s
[601.453s][info][gc,start       ] GC(310) Pause Young (Allocation Failure)
[601.454s][info][gc,heap        ] GC(310) PSYoungGen: 2126336K(2467840K)->352K(2454528K) Eden: 2126336K(2126336K)->0K(2126336K) From: 0K(341504K)->352K(328192K)
[601.454s][info][gc,heap        ] GC(310) ParOldGen: 5756K(5592576K)->5756K(5592576K)
[601.454s][info][gc,metaspace   ] GC(310) Metaspace: 16645K(17024K)->16645K(17024K) NonClass: 14296K(14528K)->14296K(14528K) Class: 2349K(2496K)->2349K(2496K)
[601.454s][info][gc             ] GC(310) Pause Young (Allocation Failure) 2082M->5M(7858M) 0.699ms
[601.454s][info][gc,cpu         ] GC(310) User=0.00s Sys=0.00s Real=0.00s
[605.170s][info][gc,start       ] GC(311) Pause Young (Allocation Failure)
[605.250s][info][gc,heap        ] GC(311) PSYoungGen: 2126688K(2454528K)->175520K(2448384K) Eden: 2126336K(2126336K)->0K(2134528K) From: 352K(328192K)->175520K(313856K)
[605.250s][info][gc,heap        ] GC(311) ParOldGen: 5756K(5592576K)->5788K(5592576K)
[605.250s][info][gc,metaspace   ] GC(311) Metaspace: 16645K(17024K)->16645K(17024K) NonClass: 14296K(14528K)->14296K(14528K) Class: 2349K(2496K)->2349K(2496K)
[605.250s][info][gc             ] GC(311) Pause Young (Allocation Failure) 2082M->177M(7852M) 79.627ms
[605.250s][info][gc,cpu         ] GC(311) User=0.47s Sys=0.00s Real=0.08s
[607.176s][info][gc,start       ] GC(312) Pause Young (System.gc())
[607.176s][info][gc,heap        ] GC(312) PSYoungGen: 1470120K(2448384K)->160K(2465280K) Eden: 1294600K(2134528K)->0K(2134528K) From: 175520K(313856K)->160K(330752K)
[607.176s][info][gc,heap        ] GC(312) ParOldGen: 5788K(5592576K)->5828K(5592576K)
[607.176s][info][gc,metaspace   ] GC(312) Metaspace: 16645K(17024K)->16645K(17024K) NonClass: 14296K(14528K)->14296K(14528K) Class: 2349K(2496K)->2349K(2496K)
[607.176s][info][gc             ] GC(312) Pause Young (System.gc()) 1441M->5M(7869M) 0.427ms
[607.176s][info][gc,cpu         ] GC(312) User=0.00s Sys=0.00s Real=0.00s
[607.176s][info][gc,start       ] GC(313) Pause Full (System.gc())
[607.176s][info][gc,phases,start] GC(313) Marking Phase
[607.181s][info][gc,phases      ] GC(313) Marking Phase 4.153ms
[607.181s][info][gc,phases,start] GC(313) Summary Phase
[607.181s][info][gc,phases      ] GC(313) Summary Phase 0.009ms
[607.181s][info][gc,phases,start] GC(313) Adjust Roots
[607.182s][info][gc,phases      ] GC(313) Adjust Roots 1.799ms
[607.182s][info][gc,phases,start] GC(313) Compaction Phase
[607.185s][info][gc,phases      ] GC(313) Compaction Phase 2.092ms
[607.185s][info][gc,phases,start] GC(313) Post Compact
[607.185s][info][gc,phases      ] GC(313) Post Compact 0.402ms
[607.185s][info][gc,heap        ] GC(313) PSYoungGen: 160K(2465280K)->0K(2465280K) Eden: 0K(2134528K)->0K(2134528K) From: 160K(330752K)->0K(330752K)
[607.185s][info][gc,heap        ] GC(313) ParOldGen: 5828K(5592576K)->5755K(5592576K)
[607.185s][info][gc,metaspace   ] GC(313) Metaspace: 16645K(17024K)->16645K(17024K) NonClass: 14296K(14528K)->14296K(14528K) Class: 2349K(2496K)->2349K(2496K)
[607.185s][info][gc             ] GC(313) Pause Full (System.gc()) 5M->5M(7869M) 8.649ms
[607.185s][info][gc,cpu         ] GC(313) User=0.09s Sys=0.00s Real=0.02s
[609.574s][info][gc,start       ] GC(314) Pause Young (Allocation Failure)
[609.575s][info][gc,heap        ] GC(314) PSYoungGen: 2134528K(2465280K)->352K(2492928K) Eden: 2134528K(2134528K)->0K(2175488K) From: 0K(330752K)->352K(317440K)
[609.575s][info][gc,heap        ] GC(314) ParOldGen: 5755K(5592576K)->5755K(5592576K)
[609.575s][info][gc,metaspace   ] GC(314) Metaspace: 16645K(17024K)->16645K(17024K) NonClass: 14296K(14528K)->14296K(14528K) Class: 2349K(2496K)->2349K(2496K)
[609.575s][info][gc             ] GC(314) Pause Young (Allocation Failure) 2090M->5M(7896M) 0.485ms
[609.575s][info][gc,cpu         ] GC(314) User=0.00s Sys=0.00s Real=0.00s
[612.916s][info][gc,start       ] GC(315) Pause Young (Allocation Failure)
[613.005s][info][gc,heap        ] GC(315) PSYoungGen: 2175840K(2492928K)->194912K(2370560K) Eden: 2175488K(2175488K)->0K(2175488K) From: 352K(317440K)->194912K(195072K)
[613.005s][info][gc,heap        ] GC(315) ParOldGen: 5755K(5592576K)->5795K(5592576K)
[613.005s][info][gc,metaspace   ] GC(315) Metaspace: 16645K(17024K)->16645K(17024K) NonClass: 14296K(14528K)->14296K(14528K) Class: 2349K(2496K)->2349K(2496K)
[613.005s][info][gc             ] GC(315) Pause Young (Allocation Failure) 2130M->196M(7776M) 88.929ms
[613.005s][info][gc,cpu         ] GC(315) User=0.45s Sys=0.02s Real=0.09s
[614.930s][info][gc,start       ] GC(316) Pause Young (System.gc())
[614.930s][info][gc,heap        ] GC(316) PSYoungGen: 1438438K(2370560K)->160K(2480128K) Eden: 1243526K(2175488K)->0K(2150912K) From: 194912K(195072K)->160K(329216K)
[614.930s][info][gc,heap        ] GC(316) ParOldGen: 5795K(5592576K)->5819K(5592576K)
[614.930s][info][gc,metaspace   ] GC(316) Metaspace: 16645K(17024K)->16645K(17024K) NonClass: 14296K(14528K)->14296K(14528K) Class: 2349K(2496K)->2349K(2496K)
[614.930s][info][gc             ] GC(316) Pause Young (System.gc()) 1410M->5M(7883M) 0.460ms
[614.930s][info][gc,cpu         ] GC(316) User=0.00s Sys=0.00s Real=0.00s
[614.930s][info][gc,start       ] GC(317) Pause Full (System.gc())
[614.930s][info][gc,phases,start] GC(317) Marking Phase
[614.934s][info][gc,phases      ] GC(317) Marking Phase 4.232ms
[614.934s][info][gc,phases,start] GC(317) Summary Phase
[614.934s][info][gc,phases      ] GC(317) Summary Phase 0.009ms
[614.934s][info][gc,phases,start] GC(317) Adjust Roots
[614.936s][info][gc,phases      ] GC(317) Adjust Roots 2.011ms
[614.936s][info][gc,phases,start] GC(317) Compaction Phase
[614.939s][info][gc,phases      ] GC(317) Compaction Phase 2.155ms
[614.939s][info][gc,phases,start] GC(317) Post Compact
[614.939s][info][gc,phases      ] GC(317) Post Compact 0.401ms
[614.939s][info][gc,heap        ] GC(317) PSYoungGen: 160K(2480128K)->0K(2480128K) Eden: 0K(2150912K)->0K(2150912K) From: 160K(329216K)->0K(329216K)
[614.939s][info][gc,heap        ] GC(317) ParOldGen: 5819K(5592576K)->5756K(5592576K)
[614.939s][info][gc,metaspace   ] GC(317) Metaspace: 16645K(17024K)->16645K(17024K) NonClass: 14296K(14528K)->14296K(14528K) Class: 2349K(2496K)->2349K(2496K)
[614.939s][info][gc             ] GC(317) Pause Full (System.gc()) 5M->5M(7883M) 9.002ms
[614.939s][info][gc,cpu         ] GC(317) User=0.00s Sys=0.00s Real=0.01s
[616.859s][info][gc,start       ] GC(318) Pause Young (Allocation Failure)
[616.860s][info][gc,heap        ] GC(318) PSYoungGen: 2150912K(2480128K)->352K(2466816K) Eden: 2150912K(2150912K)->0K(2150912K) From: 0K(329216K)->352K(315904K)
[616.860s][info][gc,heap        ] GC(318) ParOldGen: 5756K(5592576K)->5756K(5592576K)
[616.860s][info][gc,metaspace   ] GC(318) Metaspace: 16645K(17024K)->16645K(17024K) NonClass: 14296K(14528K)->14296K(14528K) Class: 2349K(2496K)->2349K(2496K)
[616.860s][info][gc             ] GC(318) Pause Young (Allocation Failure) 2106M->5M(7870M) 0.503ms
[616.860s][info][gc,cpu         ] GC(318) User=0.00s Sys=0.00s Real=0.00s
[620.630s][info][gc,start       ] GC(319) Pause Young (Allocation Failure)
[620.716s][info][gc,heap        ] GC(319) PSYoungGen: 2151264K(2466816K)->184224K(2449920K) Eden: 2150912K(2150912K)->0K(2147840K) From: 352K(315904K)->184224K(302080K)
[620.716s][info][gc,heap        ] GC(319) ParOldGen: 5756K(5592576K)->5796K(5592576K)
[620.716s][info][gc,metaspace   ] GC(319) Metaspace: 16645K(17024K)->16645K(17024K) NonClass: 14296K(14528K)->14296K(14528K) Class: 2349K(2496K)->2349K(2496K)
[620.716s][info][gc             ] GC(319) Pause Young (Allocation Failure) 2106M->185M(7854M) 86.532ms
[620.716s][info][gc,cpu         ] GC(319) User=0.56s Sys=0.00s Real=0.10s
[622.599s][info][gc,start       ] GC(320) Pause Young (System.gc())
[622.600s][info][gc,heap        ] GC(320) PSYoungGen: 1474572K(2449920K)->192K(2471936K) Eden: 1290348K(2147840K)->0K(2147840K) From: 184224K(302080K)->192K(324096K)
[622.600s][info][gc,heap        ] GC(320) ParOldGen: 5796K(5592576K)->5820K(5592576K)
[622.600s][info][gc,metaspace   ] GC(320) Metaspace: 16645K(17024K)->16645K(17024K) NonClass: 14296K(14528K)->14296K(14528K) Class: 2349K(2496K)->2349K(2496K)
[622.600s][info][gc             ] GC(320) Pause Young (System.gc()) 1445M->5M(7875M) 0.388ms
[622.600s][info][gc,cpu         ] GC(320) User=0.00s Sys=0.00s Real=0.00s
[622.600s][info][gc,start       ] GC(321) Pause Full (System.gc())
[622.600s][info][gc,phases,start] GC(321) Marking Phase
[622.605s][info][gc,phases      ] GC(321) Marking Phase 4.893ms
[622.605s][info][gc,phases,start] GC(321) Summary Phase
[622.605s][info][gc,phases      ] GC(321) Summary Phase 0.010ms
[622.605s][info][gc,phases,start] GC(321) Adjust Roots
[622.606s][info][gc,phases      ] GC(321) Adjust Roots 1.719ms
[622.607s][info][gc,phases,start] GC(321) Compaction Phase
[622.609s][info][gc,phases      ] GC(321) Compaction Phase 2.240ms
[622.609s][info][gc,phases,start] GC(321) Post Compact
[622.609s][info][gc,phases      ] GC(321) Post Compact 0.454ms
[622.609s][info][gc,heap        ] GC(321) PSYoungGen: 192K(2471936K)->0K(2471936K) Eden: 0K(2147840K)->0K(2147840K) From: 192K(324096K)->0K(324096K)
[622.609s][info][gc,heap        ] GC(321) ParOldGen: 5820K(5592576K)->5755K(5592576K)
[622.609s][info][gc,metaspace   ] GC(321) Metaspace: 16645K(17024K)->16645K(17024K) NonClass: 14296K(14528K)->14296K(14528K) Class: 2349K(2496K)->2349K(2496K)
[622.609s][info][gc             ] GC(321) Pause Full (System.gc()) 5M->5M(7875M) 9.540ms
[622.609s][info][gc,cpu         ] GC(321) User=0.00s Sys=0.00s Real=0.02s
[624.760s][info][gc,start       ] GC(322) Pause Young (Allocation Failure)
[624.761s][info][gc,heap        ] GC(322) PSYoungGen: 2147840K(2471936K)->384K(2499072K) Eden: 2147840K(2147840K)->0K(2188288K) From: 0K(324096K)->384K(310784K)
[624.761s][info][gc,heap        ] GC(322) ParOldGen: 5755K(5592576K)->5755K(5592576K)
[624.761s][info][gc,metaspace   ] GC(322) Metaspace: 16645K(17024K)->16645K(17024K) NonClass: 14296K(14528K)->14296K(14528K) Class: 2349K(2496K)->2349K(2496K)
[624.761s][info][gc             ] GC(322) Pause Young (Allocation Failure) 2103M->5M(7902M) 0.587ms
[624.761s][info][gc,cpu         ] GC(322) User=0.00s Sys=0.00s Real=0.00s
[628.559s][info][gc,start       ] GC(323) Pause Young (Allocation Failure)
[628.652s][info][gc,heap        ] GC(323) PSYoungGen: 2188672K(2499072K)->200032K(2388480K) Eden: 2188288K(2188288K)->0K(2188288K) From: 384K(310784K)->200032K(200192K)
[628.652s][info][gc,heap        ] GC(323) ParOldGen: 5755K(5592576K)->5795K(5592576K)
[628.652s][info][gc,metaspace   ] GC(323) Metaspace: 16645K(17024K)->16645K(17024K) NonClass: 14296K(14528K)->14296K(14528K) Class: 2349K(2496K)->2349K(2496K)
[628.652s][info][gc             ] GC(323) Pause Young (Allocation Failure) 2142M->201M(7794M) 92.881ms
[628.652s][info][gc,cpu         ] GC(323) User=0.48s Sys=0.00s Real=0.10s
[630.558s][info][gc,start       ] GC(324) Pause Young (System.gc())
[630.558s][info][gc,heap        ] GC(324) PSYoungGen: 1446052K(2388480K)->160K(2483200K) Eden: 1246020K(2188288K)->0K(2157568K) From: 200032K(200192K)->160K(325632K)
[630.558s][info][gc,heap        ] GC(324) ParOldGen: 5795K(5592576K)->5827K(5592576K)
[630.558s][info][gc,metaspace   ] GC(324) Metaspace: 16646K(17024K)->16646K(17024K) NonClass: 14296K(14528K)->14296K(14528K) Class: 2349K(2496K)->2349K(2496K)
[630.558s][info][gc             ] GC(324) Pause Young (System.gc()) 1417M->5M(7886M) 0.383ms
[630.559s][info][gc,cpu         ] GC(324) User=0.00s Sys=0.00s Real=0.00s
[630.559s][info][gc,start       ] GC(325) Pause Full (System.gc())
[630.559s][info][gc,phases,start] GC(325) Marking Phase
[630.563s][info][gc,phases      ] GC(325) Marking Phase 4.181ms
[630.563s][info][gc,phases,start] GC(325) Summary Phase
[630.563s][info][gc,phases      ] GC(325) Summary Phase 0.009ms
[630.563s][info][gc,phases,start] GC(325) Adjust Roots
[630.565s][info][gc,phases      ] GC(325) Adjust Roots 1.748ms
[630.565s][info][gc,phases,start] GC(325) Compaction Phase
[630.567s][info][gc,phases      ] GC(325) Compaction Phase 1.891ms
[630.567s][info][gc,phases,start] GC(325) Post Compact
[630.567s][info][gc,phases      ] GC(325) Post Compact 0.402ms
[630.567s][info][gc,heap        ] GC(325) PSYoungGen: 160K(2483200K)->0K(2483200K) Eden: 0K(2157568K)->0K(2157568K) From: 160K(325632K)->0K(325632K)
[630.567s][info][gc,heap        ] GC(325) ParOldGen: 5827K(5592576K)->5756K(5592576K)
[630.567s][info][gc,metaspace   ] GC(325) Metaspace: 16646K(17024K)->16646K(17024K) NonClass: 14296K(14528K)->14296K(14528K) Class: 2349K(2496K)->2349K(2496K)
[630.567s][info][gc             ] GC(325) Pause Full (System.gc()) 5M->5M(7886M) 8.599ms
[630.567s][info][gc,cpu         ] GC(325) User=0.00s Sys=0.00s Real=0.00s
[632.521s][info][gc,start       ] GC(326) Pause Young (Allocation Failure)
[632.522s][info][gc,heap        ] GC(326) PSYoungGen: 2157568K(2483200K)->384K(2470400K) Eden: 2157568K(2157568K)->0K(2157568K) From: 0K(325632K)->384K(312832K)
[632.522s][info][gc,heap        ] GC(326) ParOldGen: 5756K(5592576K)->5756K(5592576K)
[632.522s][info][gc,metaspace   ] GC(326) Metaspace: 16646K(17024K)->16646K(17024K) NonClass: 14296K(14528K)->14296K(14528K) Class: 2349K(2496K)->2349K(2496K)
[632.522s][info][gc             ] GC(326) Pause Young (Allocation Failure) 2112M->5M(7874M) 0.574ms
[632.522s][info][gc,cpu         ] GC(326) User=0.00s Sys=0.00s Real=0.00s
[635.922s][info][gc,start       ] GC(327) Pause Young (Allocation Failure)
[636.012s][info][gc,heap        ] GC(327) PSYoungGen: 2157952K(2470400K)->189472K(2447872K) Eden: 2157568K(2157568K)->0K(2148864K) From: 384K(312832K)->189472K(299008K)
[636.012s][info][gc,heap        ] GC(327) ParOldGen: 5756K(5592576K)->5788K(5592576K)
[636.012s][info][gc,metaspace   ] GC(327) Metaspace: 16646K(17024K)->16646K(17024K) NonClass: 14296K(14528K)->14296K(14528K) Class: 2349K(2496K)->2349K(2496K)
[636.012s][info][gc             ] GC(327) Pause Young (Allocation Failure) 2112M->190M(7852M) 89.091ms
[636.012s][info][gc,cpu         ] GC(327) User=0.56s Sys=0.00s Real=0.09s
[637.888s][info][gc,start       ] GC(328) Pause Young (System.gc())
[637.888s][info][gc,heap        ] GC(328) PSYoungGen: 1463578K(2447872K)->160K(2472448K) Eden: 1274106K(2148864K)->0K(2148864K) From: 189472K(299008K)->160K(323584K)
[637.888s][info][gc,heap        ] GC(328) ParOldGen: 5788K(5592576K)->5836K(5592576K)
[637.888s][info][gc,metaspace   ] GC(328) Metaspace: 16646K(17024K)->16646K(17024K) NonClass: 14296K(14528K)->14296K(14528K) Class: 2349K(2496K)->2349K(2496K)
[637.888s][info][gc             ] GC(328) Pause Young (System.gc()) 1434M->5M(7876M) 0.391ms
[637.888s][info][gc,cpu         ] GC(328) User=0.00s Sys=0.00s Real=0.00s
[637.888s][info][gc,start       ] GC(329) Pause Full (System.gc())
[637.888s][info][gc,phases,start] GC(329) Marking Phase
[637.893s][info][gc,phases      ] GC(329) Marking Phase 4.364ms
[637.893s][info][gc,phases,start] GC(329) Summary Phase
[637.893s][info][gc,phases      ] GC(329) Summary Phase 0.009ms
[637.893s][info][gc,phases,start] GC(329) Adjust Roots
[637.894s][info][gc,phases      ] GC(329) Adjust Roots 1.679ms
[637.894s][info][gc,phases,start] GC(329) Compaction Phase
[637.897s][info][gc,phases      ] GC(329) Compaction Phase 2.084ms
[637.897s][info][gc,phases,start] GC(329) Post Compact
[637.897s][info][gc,phases      ] GC(329) Post Compact 0.402ms
[637.897s][info][gc,heap        ] GC(329) PSYoungGen: 160K(2472448K)->0K(2472448K) Eden: 0K(2148864K)->0K(2148864K) From: 160K(323584K)->0K(323584K)
[637.897s][info][gc,heap        ] GC(329) ParOldGen: 5836K(5592576K)->5755K(5592576K)
[637.897s][info][gc,metaspace   ] GC(329) Metaspace: 16646K(17024K)->16646K(17024K) NonClass: 14296K(14528K)->14296K(14528K) Class: 2349K(2496K)->2349K(2496K)
[637.897s][info][gc             ] GC(329) Pause Full (System.gc()) 5M->5M(7876M) 8.777ms
[637.897s][info][gc,cpu         ] GC(329) User=0.05s Sys=0.00s Real=0.00s
[639.830s][info][gc,start       ] GC(330) Pause Young (Allocation Failure)
[639.831s][info][gc,heap        ] GC(330) PSYoungGen: 2148864K(2472448K)->320K(2499072K) Eden: 2148864K(2148864K)->0K(2188800K) From: 0K(323584K)->320K(310272K)
[639.831s][info][gc,heap        ] GC(330) ParOldGen: 5755K(5592576K)->5755K(5592576K)
[639.831s][info][gc,metaspace   ] GC(330) Metaspace: 16647K(17024K)->16647K(17024K) NonClass: 14297K(14528K)->14297K(14528K) Class: 2349K(2496K)->2349K(2496K)
[639.831s][info][gc             ] GC(330) Pause Young (Allocation Failure) 2104M->5M(7902M) 0.625ms
[639.831s][info][gc,cpu         ] GC(330) User=0.00s Sys=0.00s Real=0.00s
[643.429s][info][gc,start       ] GC(331) Pause Young (Allocation Failure)
[643.520s][info][gc,heap        ] GC(331) PSYoungGen: 2189120K(2499072K)->194368K(2383360K) Eden: 2188800K(2188800K)->0K(2188800K) From: 320K(310272K)->194368K(194560K)
[643.520s][info][gc,heap        ] GC(331) ParOldGen: 5755K(5592576K)->5787K(5592576K)
[643.520s][info][gc,metaspace   ] GC(331) Metaspace: 16647K(17024K)->16647K(17024K) NonClass: 14297K(14528K)->14297K(14528K) Class: 2349K(2496K)->2349K(2496K)
[643.520s][info][gc             ] GC(331) Pause Young (Allocation Failure) 2143M->195M(7789M) 91.270ms
[643.520s][info][gc,cpu         ] GC(331) User=0.47s Sys=0.00s Real=0.09s
[645.430s][info][gc,start       ] GC(332) Pause Young (System.gc())
[645.430s][info][gc,heap        ] GC(332) PSYoungGen: 1453073K(2383360K)->192K(2485760K) Eden: 1258705K(2188800K)->0K(2162688K) From: 194368K(194560K)->192K(323072K)
[645.431s][info][gc,heap        ] GC(332) ParOldGen: 5787K(5592576K)->5827K(5592576K)
[645.431s][info][gc,metaspace   ] GC(332) Metaspace: 16647K(17024K)->16647K(17024K) NonClass: 14297K(14528K)->14297K(14528K) Class: 2349K(2496K)->2349K(2496K)
[645.431s][info][gc             ] GC(332) Pause Young (System.gc()) 1424M->5M(7889M) 0.327ms
[645.431s][info][gc,cpu         ] GC(332) User=0.00s Sys=0.00s Real=0.00s
[645.431s][info][gc,start       ] GC(333) Pause Full (System.gc())
[645.431s][info][gc,phases,start] GC(333) Marking Phase
[645.435s][info][gc,phases      ] GC(333) Marking Phase 4.393ms
[645.435s][info][gc,phases,start] GC(333) Summary Phase
[645.435s][info][gc,phases      ] GC(333) Summary Phase 0.010ms
[645.435s][info][gc,phases,start] GC(333) Adjust Roots
[645.438s][info][gc,phases      ] GC(333) Adjust Roots 2.817ms
[645.438s][info][gc,phases,start] GC(333) Compaction Phase
[645.440s][info][gc,phases      ] GC(333) Compaction Phase 2.076ms
[645.440s][info][gc,phases,start] GC(333) Post Compact
[645.440s][info][gc,phases      ] GC(333) Post Compact 0.401ms
[645.440s][info][gc,heap        ] GC(333) PSYoungGen: 192K(2485760K)->0K(2485760K) Eden: 0K(2162688K)->0K(2162688K) From: 192K(323072K)->0K(323072K)
[645.440s][info][gc,heap        ] GC(333) ParOldGen: 5827K(5592576K)->5756K(5592576K)
[645.440s][info][gc,metaspace   ] GC(333) Metaspace: 16647K(17024K)->16647K(17024K) NonClass: 14297K(14528K)->14297K(14528K) Class: 2349K(2496K)->2349K(2496K)
[645.440s][info][gc             ] GC(333) Pause Full (System.gc()) 5M->5M(7889M) 9.925ms
[645.441s][info][gc,cpu         ] GC(333) User=0.00s Sys=0.00s Real=0.00s
[647.909s][info][gc,start       ] GC(334) Pause Young (Allocation Failure)
[647.909s][info][gc,heap        ] GC(334) PSYoungGen: 2162688K(2485760K)->352K(2472960K) Eden: 2162688K(2162688K)->0K(2162688K) From: 0K(323072K)->352K(310272K)
[647.909s][info][gc,heap        ] GC(334) ParOldGen: 5756K(5592576K)->5756K(5592576K)
[647.909s][info][gc,metaspace   ] GC(334) Metaspace: 16647K(17024K)->16647K(17024K) NonClass: 14297K(14528K)->14297K(14528K) Class: 2349K(2496K)->2349K(2496K)
[647.909s][info][gc             ] GC(334) Pause Young (Allocation Failure) 2117M->5M(7876M) 0.538ms
[647.909s][info][gc,cpu         ] GC(334) User=0.00s Sys=0.00s Real=0.00s
[652.119s][info][gc,start       ] GC(335) Pause Young (Allocation Failure)
[652.209s][info][gc,heap        ] GC(335) PSYoungGen: 2163040K(2472960K)->196576K(2444288K) Eden: 2162688K(2162688K)->0K(2147840K) From: 352K(310272K)->196576K(296448K)
[652.209s][info][gc,heap        ] GC(335) ParOldGen: 5756K(5592576K)->5796K(5592576K)
[652.209s][info][gc,metaspace   ] GC(335) Metaspace: 16647K(17024K)->16647K(17024K) NonClass: 14297K(14528K)->14297K(14528K) Class: 2349K(2496K)->2349K(2496K)
[652.209s][info][gc             ] GC(335) Pause Young (Allocation Failure) 2117M->197M(7848M) 90.263ms
[652.209s][info][gc,cpu         ] GC(335) User=0.56s Sys=0.00s Real=0.10s
[654.080s][info][gc,start       ] GC(336) Pause Young (System.gc())
[654.081s][info][gc,heap        ] GC(336) PSYoungGen: 1451960K(2444288K)->160K(2471936K) Eden: 1255384K(2147840K)->0K(2147840K) From: 196576K(296448K)->160K(324096K)
[654.081s][info][gc,heap        ] GC(336) ParOldGen: 5796K(5592576K)->5828K(5592576K)
[654.081s][info][gc,metaspace   ] GC(336) Metaspace: 16647K(17024K)->16647K(17024K) NonClass: 14297K(14528K)->14297K(14528K) Class: 2349K(2496K)->2349K(2496K)
[654.081s][info][gc             ] GC(336) Pause Young (System.gc()) 1423M->5M(7875M) 0.381ms
[654.081s][info][gc,cpu         ] GC(336) User=0.00s Sys=0.00s Real=0.00s
[654.081s][info][gc,start       ] GC(337) Pause Full (System.gc())
[654.081s][info][gc,phases,start] GC(337) Marking Phase
[654.085s][info][gc,phases      ] GC(337) Marking Phase 4.257ms
[654.085s][info][gc,phases,start] GC(337) Summary Phase
[654.085s][info][gc,phases      ] GC(337) Summary Phase 0.009ms
[654.085s][info][gc,phases,start] GC(337) Adjust Roots
[654.088s][info][gc,phases      ] GC(337) Adjust Roots 2.788ms
[654.088s][info][gc,phases,start] GC(337) Compaction Phase
[654.090s][info][gc,phases      ] GC(337) Compaction Phase 2.153ms
[654.090s][info][gc,phases,start] GC(337) Post Compact
[654.091s][info][gc,phases      ] GC(337) Post Compact 0.524ms
[654.091s][info][gc,heap        ] GC(337) PSYoungGen: 160K(2471936K)->0K(2471936K) Eden: 0K(2147840K)->0K(2147840K) From: 160K(324096K)->0K(324096K)
[654.091s][info][gc,heap        ] GC(337) ParOldGen: 5828K(5592576K)->5755K(5592576K)
[654.091s][info][gc,metaspace   ] GC(337) Metaspace: 16647K(17024K)->16647K(17024K) NonClass: 14297K(14528K)->14297K(14528K) Class: 2349K(2496K)->2349K(2496K)
[654.091s][info][gc             ] GC(337) Pause Full (System.gc()) 5M->5M(7875M) 9.907ms
[654.091s][info][gc,cpu         ] GC(337) User=0.02s Sys=0.00s Real=0.02s
[656.207s][info][gc,start       ] GC(338) Pause Young (Allocation Failure)
[656.207s][info][gc,heap        ] GC(338) PSYoungGen: 2147840K(2471936K)->384K(2498560K) Eden: 2147840K(2147840K)->0K(2187264K) From: 0K(324096K)->384K(311296K)
[656.207s][info][gc,heap        ] GC(338) ParOldGen: 5755K(5592576K)->5755K(5592576K)
[656.207s][info][gc,metaspace   ] GC(338) Metaspace: 16647K(17024K)->16647K(17024K) NonClass: 14297K(14528K)->14297K(14528K) Class: 2349K(2496K)->2349K(2496K)
[656.207s][info][gc             ] GC(338) Pause Young (Allocation Failure) 2103M->5M(7901M) 0.507ms
[656.207s][info][gc,cpu         ] GC(338) User=0.00s Sys=0.00s Real=0.00s
[659.836s][info][gc,start       ] GC(339) Pause Young (Allocation Failure)
[659.925s][info][gc,heap        ] GC(339) PSYoungGen: 2187648K(2498560K)->194464K(2381824K) Eden: 2187264K(2187264K)->0K(2187264K) From: 384K(311296K)->194464K(194560K)
[659.925s][info][gc,heap        ] GC(339) ParOldGen: 5755K(5592576K)->5795K(5592576K)
[659.925s][info][gc,metaspace   ] GC(339) Metaspace: 16647K(17024K)->16647K(17024K) NonClass: 14297K(14528K)->14297K(14528K) Class: 2349K(2496K)->2349K(2496K)
[659.925s][info][gc             ] GC(339) Pause Young (Allocation Failure) 2141M->195M(7787M) 88.617ms
[659.925s][info][gc,cpu         ] GC(339) User=0.47s Sys=0.00s Real=0.10s
[661.835s][info][gc,start       ] GC(340) Pause Young (System.gc())
[661.835s][info][gc,heap        ] GC(340) PSYoungGen: 1456121K(2381824K)->160K(2485248K) Eden: 1261657K(2187264K)->0K(2161152K) From: 194464K(194560K)->160K(324096K)
[661.835s][info][gc,heap        ] GC(340) ParOldGen: 5795K(5592576K)->5835K(5592576K)
[661.835s][info][gc,metaspace   ] GC(340) Metaspace: 16647K(17024K)->16647K(17024K) NonClass: 14297K(14528K)->14297K(14528K) Class: 2349K(2496K)->2349K(2496K)
[661.835s][info][gc             ] GC(340) Pause Young (System.gc()) 1427M->5M(7888M) 0.413ms
[661.835s][info][gc,cpu         ] GC(340) User=0.00s Sys=0.00s Real=0.00s
[661.835s][info][gc,start       ] GC(341) Pause Full (System.gc())
[661.835s][info][gc,phases,start] GC(341) Marking Phase
[661.840s][info][gc,phases      ] GC(341) Marking Phase 4.288ms
[661.840s][info][gc,phases,start] GC(341) Summary Phase
[661.840s][info][gc,phases      ] GC(341) Summary Phase 0.009ms
[661.840s][info][gc,phases,start] GC(341) Adjust Roots
[661.842s][info][gc,phases      ] GC(341) Adjust Roots 1.843ms
[661.842s][info][gc,phases,start] GC(341) Compaction Phase
[661.844s][info][gc,phases      ] GC(341) Compaction Phase 2.230ms
[661.844s][info][gc,phases,start] GC(341) Post Compact
[661.844s][info][gc,phases      ] GC(341) Post Compact 0.401ms
[661.844s][info][gc,heap        ] GC(341) PSYoungGen: 160K(2485248K)->0K(2485248K) Eden: 0K(2161152K)->0K(2161152K) From: 160K(324096K)->0K(324096K)
[661.844s][info][gc,heap        ] GC(341) ParOldGen: 5835K(5592576K)->5756K(5592576K)
[661.844s][info][gc,metaspace   ] GC(341) Metaspace: 16647K(17024K)->16647K(17024K) NonClass: 14297K(14528K)->14297K(14528K) Class: 2349K(2496K)->2349K(2496K)
[661.844s][info][gc             ] GC(341) Pause Full (System.gc()) 5M->5M(7888M) 8.956ms
[661.844s][info][gc,cpu         ] GC(341) User=0.00s Sys=0.00s Real=0.01s
[664.060s][info][gc,start       ] GC(342) Pause Young (Allocation Failure)
[664.060s][info][gc,heap        ] GC(342) PSYoungGen: 2161152K(2485248K)->320K(2471936K) Eden: 2161152K(2161152K)->0K(2161152K) From: 0K(324096K)->320K(310784K)
[664.060s][info][gc,heap        ] GC(342) ParOldGen: 5756K(5592576K)->5756K(5592576K)
[664.060s][info][gc,metaspace   ] GC(342) Metaspace: 16649K(17024K)->16649K(17024K) NonClass: 14299K(14528K)->14299K(14528K) Class: 2349K(2496K)->2349K(2496K)
[664.060s][info][gc             ] GC(342) Pause Young (Allocation Failure) 2116M->5M(7875M) 0.474ms
[664.060s][info][gc,cpu         ] GC(342) User=0.00s Sys=0.00s Real=0.00s
[667.617s][info][gc,start       ] GC(343) Pause Young (Allocation Failure)
[667.708s][info][gc,heap        ] GC(343) PSYoungGen: 2161472K(2471936K)->197984K(2443264K) Eden: 2161152K(2161152K)->0K(2145792K) From: 320K(310784K)->197984K(297472K)
[667.708s][info][gc,heap        ] GC(343) ParOldGen: 5756K(5592576K)->5796K(5592576K)
[667.708s][info][gc,metaspace   ] GC(343) Metaspace: 16649K(17024K)->16649K(17024K) NonClass: 14299K(14528K)->14299K(14528K) Class: 2349K(2496K)->2349K(2496K)
[667.708s][info][gc             ] GC(343) Pause Young (Allocation Failure) 2116M->199M(7847M) 91.194ms
[667.708s][info][gc,cpu         ] GC(343) User=0.47s Sys=0.00s Real=0.11s
[669.640s][info][gc,start       ] GC(344) Pause Young (System.gc())
[669.641s][info][gc,heap        ] GC(344) PSYoungGen: 1445190K(2443264K)->160K(2470912K) Eden: 1247206K(2145792K)->0K(2145792K) From: 197984K(297472K)->160K(325120K)
[669.641s][info][gc,heap        ] GC(344) ParOldGen: 5796K(5592576K)->5836K(5592576K)
[669.641s][info][gc,metaspace   ] GC(344) Metaspace: 16649K(17024K)->16649K(17024K) NonClass: 14299K(14528K)->14299K(14528K) Class: 2349K(2496K)->2349K(2496K)
[669.641s][info][gc             ] GC(344) Pause Young (System.gc()) 1416M->5M(7874M) 0.480ms
[669.641s][info][gc,cpu         ] GC(344) User=0.00s Sys=0.00s Real=0.00s
[669.641s][info][gc,start       ] GC(345) Pause Full (System.gc())
[669.641s][info][gc,phases,start] GC(345) Marking Phase
[669.645s][info][gc,phases      ] GC(345) Marking Phase 4.653ms
[669.645s][info][gc,phases,start] GC(345) Summary Phase
[669.645s][info][gc,phases      ] GC(345) Summary Phase 0.010ms
[669.645s][info][gc,phases,start] GC(345) Adjust Roots
[669.647s][info][gc,phases      ] GC(345) Adjust Roots 1.689ms
[669.647s][info][gc,phases,start] GC(345) Compaction Phase
[669.650s][info][gc,phases      ] GC(345) Compaction Phase 2.311ms
[669.650s][info][gc,phases,start] GC(345) Post Compact
[669.650s][info][gc,phases      ] GC(345) Post Compact 0.401ms
[669.650s][info][gc,heap        ] GC(345) PSYoungGen: 160K(2470912K)->0K(2470912K) Eden: 0K(2145792K)->0K(2145792K) From: 160K(325120K)->0K(325120K)
[669.650s][info][gc,heap        ] GC(345) ParOldGen: 5836K(5592576K)->5756K(5592576K)
[669.650s][info][gc,metaspace   ] GC(345) Metaspace: 16649K(17024K)->16649K(17024K) NonClass: 14299K(14528K)->14299K(14528K) Class: 2349K(2496K)->2349K(2496K)
[669.650s][info][gc             ] GC(345) Pause Full (System.gc()) 5M->5M(7874M) 9.284ms
[669.650s][info][gc,cpu         ] GC(345) User=0.02s Sys=0.00s Real=0.00s
[671.669s][info][gc,start       ] GC(346) Pause Young (Allocation Failure)
[671.671s][info][gc,heap        ] GC(346) PSYoungGen: 2145792K(2470912K)->352K(2497536K) Eden: 2145792K(2145792K)->0K(2185216K) From: 0K(325120K)->352K(312320K)
[671.671s][info][gc,heap        ] GC(346) ParOldGen: 5756K(5592576K)->5756K(5592576K)
[671.671s][info][gc,metaspace   ] GC(346) Metaspace: 16649K(17024K)->16649K(17024K) NonClass: 14299K(14528K)->14299K(14528K) Class: 2349K(2496K)->2349K(2496K)
[671.671s][info][gc             ] GC(346) Pause Young (Allocation Failure) 2101M->5M(7900M) 1.415ms
[671.671s][info][gc,cpu         ] GC(346) User=0.00s Sys=0.00s Real=0.00s
[675.034s][info][gc,start       ] GC(347) Pause Young (Allocation Failure)
[675.124s][info][gc,heap        ] GC(347) PSYoungGen: 2185568K(2497536K)->195776K(2381312K) Eden: 2185216K(2185216K)->0K(2185216K) From: 352K(312320K)->195776K(196096K)
[675.124s][info][gc,heap        ] GC(347) ParOldGen: 5756K(5592576K)->5796K(5592576K)
[675.124s][info][gc,metaspace   ] GC(347) Metaspace: 16649K(17024K)->16649K(17024K) NonClass: 14299K(14528K)->14299K(14528K) Class: 2349K(2496K)->2349K(2496K)
[675.124s][info][gc             ] GC(347) Pause Young (Allocation Failure) 2139M->196M(7787M) 90.332ms
[675.124s][info][gc,cpu         ] GC(347) User=0.48s Sys=0.02s Real=0.10s
[677.047s][info][gc,start       ] GC(348) Pause Young (System.gc())
[677.048s][info][gc,heap        ] GC(348) PSYoungGen: 1453704K(2381312K)->128K(2483712K) Eden: 1257928K(2185216K)->0K(2158592K) From: 195776K(196096K)->128K(325120K)
[677.048s][info][gc,heap        ] GC(348) ParOldGen: 5796K(5592576K)->5828K(5592576K)
[677.048s][info][gc,metaspace   ] GC(348) Metaspace: 16650K(17024K)->16650K(17024K) NonClass: 14300K(14528K)->14300K(14528K) Class: 2349K(2496K)->2349K(2496K)
[677.048s][info][gc             ] GC(348) Pause Young (System.gc()) 1425M->5M(7887M) 0.383ms
[677.048s][info][gc,cpu         ] GC(348) User=0.00s Sys=0.00s Real=0.00s
[677.048s][info][gc,start       ] GC(349) Pause Full (System.gc())
[677.048s][info][gc,phases,start] GC(349) Marking Phase
[677.052s][info][gc,phases      ] GC(349) Marking Phase 4.157ms
[677.052s][info][gc,phases,start] GC(349) Summary Phase
[677.052s][info][gc,phases      ] GC(349) Summary Phase 0.010ms
[677.052s][info][gc,phases,start] GC(349) Adjust Roots
[677.054s][info][gc,phases      ] GC(349) Adjust Roots 1.679ms
[677.054s][info][gc,phases,start] GC(349) Compaction Phase
[677.056s][info][gc,phases      ] GC(349) Compaction Phase 2.542ms
[677.056s][info][gc,phases,start] GC(349) Post Compact
[677.057s][info][gc,phases      ] GC(349) Post Compact 0.405ms
[677.057s][info][gc,heap        ] GC(349) PSYoungGen: 128K(2483712K)->0K(2483712K) Eden: 0K(2158592K)->0K(2158592K) From: 128K(325120K)->0K(325120K)
[677.057s][info][gc,heap        ] GC(349) ParOldGen: 5828K(5592576K)->5756K(5592576K)
[677.057s][info][gc,metaspace   ] GC(349) Metaspace: 16650K(17024K)->16650K(17024K) NonClass: 14300K(14528K)->14300K(14528K) Class: 2349K(2496K)->2349K(2496K)
[677.057s][info][gc             ] GC(349) Pause Full (System.gc()) 5M->5M(7887M) 9.009ms
[677.057s][info][gc,cpu         ] GC(349) User=0.09s Sys=0.00s Real=0.01s
[679.231s][info][gc,start       ] GC(350) Pause Young (Allocation Failure)
[679.231s][info][gc,heap        ] GC(350) PSYoungGen: 2158592K(2483712K)->352K(2470912K) Eden: 2158592K(2158592K)->0K(2158592K) From: 0K(325120K)->352K(312320K)
[679.231s][info][gc,heap        ] GC(350) ParOldGen: 5756K(5592576K)->5756K(5592576K)
[679.231s][info][gc,metaspace   ] GC(350) Metaspace: 16650K(17024K)->16650K(17024K) NonClass: 14300K(14528K)->14300K(14528K) Class: 2349K(2496K)->2349K(2496K)
[679.231s][info][gc             ] GC(350) Pause Young (Allocation Failure) 2113M->5M(7874M) 0.517ms
[679.231s][info][gc,cpu         ] GC(350) User=0.00s Sys=0.00s Real=0.00s
[682.859s][info][gc,start       ] GC(351) Pause Young (Allocation Failure)
[682.943s][info][gc,heap        ] GC(351) PSYoungGen: 2158944K(2470912K)->188864K(2449408K) Eden: 2158592K(2158592K)->0K(2150912K) From: 352K(312320K)->188864K(298496K)
[682.943s][info][gc,heap        ] GC(351) ParOldGen: 5756K(5592576K)->5788K(5592576K)
[682.943s][info][gc,metaspace   ] GC(351) Metaspace: 16650K(17024K)->16650K(17024K) NonClass: 14300K(14528K)->14300K(14528K) Class: 2349K(2496K)->2349K(2496K)
[682.943s][info][gc             ] GC(351) Pause Young (Allocation Failure) 2113M->190M(7853M) 83.595ms
[682.943s][info][gc,cpu         ] GC(351) User=0.47s Sys=0.00s Real=0.08s
[684.852s][info][gc,start       ] GC(352) Pause Young (System.gc())
[684.853s][info][gc,heap        ] GC(352) PSYoungGen: 1453896K(2449408K)->160K(2473472K) Eden: 1265032K(2150912K)->0K(2150912K) From: 188864K(298496K)->160K(322560K)
[684.853s][info][gc,heap        ] GC(352) ParOldGen: 5788K(5592576K)->5820K(5592576K)
[684.853s][info][gc,metaspace   ] GC(352) Metaspace: 16650K(17024K)->16650K(17024K) NonClass: 14300K(14528K)->14300K(14528K) Class: 2349K(2496K)->2349K(2496K)
[684.853s][info][gc             ] GC(352) Pause Young (System.gc()) 1425M->5M(7877M) 0.513ms
[684.853s][info][gc,cpu         ] GC(352) User=0.00s Sys=0.00s Real=0.02s
[684.853s][info][gc,start       ] GC(353) Pause Full (System.gc())
[684.853s][info][gc,phases,start] GC(353) Marking Phase
[684.857s][info][gc,phases      ] GC(353) Marking Phase 4.076ms
[684.857s][info][gc,phases,start] GC(353) Summary Phase
[684.857s][info][gc,phases      ] GC(353) Summary Phase 0.010ms
[684.857s][info][gc,phases,start] GC(353) Adjust Roots
[684.859s][info][gc,phases      ] GC(353) Adjust Roots 1.748ms
[684.859s][info][gc,phases,start] GC(353) Compaction Phase
[684.861s][info][gc,phases      ] GC(353) Compaction Phase 2.660ms
[684.861s][info][gc,phases,start] GC(353) Post Compact
[684.862s][info][gc,phases      ] GC(353) Post Compact 0.405ms
[684.862s][info][gc,heap        ] GC(353) PSYoungGen: 160K(2473472K)->0K(2473472K) Eden: 0K(2150912K)->0K(2150912K) From: 160K(322560K)->0K(322560K)
[684.862s][info][gc,heap        ] GC(353) ParOldGen: 5820K(5592576K)->5755K(5592576K)
[684.862s][info][gc,metaspace   ] GC(353) Metaspace: 16650K(17024K)->16650K(17024K) NonClass: 14300K(14528K)->14300K(14528K) Class: 2349K(2496K)->2349K(2496K)
[684.862s][info][gc             ] GC(353) Pause Full (System.gc()) 5M->5M(7877M) 9.151ms
[684.862s][info][gc,cpu         ] GC(353) User=0.00s Sys=0.00s Real=0.00s
[686.793s][info][gc,start       ] GC(354) Pause Young (Allocation Failure)
[686.794s][info][gc,heap        ] GC(354) PSYoungGen: 2150912K(2473472K)->352K(2499584K) Eden: 2150912K(2150912K)->0K(2189824K) From: 0K(322560K)->352K(309760K)
[686.794s][info][gc,heap        ] GC(354) ParOldGen: 5755K(5592576K)->5755K(5592576K)
[686.794s][info][gc,metaspace   ] GC(354) Metaspace: 16650K(17024K)->16650K(17024K) NonClass: 14300K(14528K)->14300K(14528K) Class: 2349K(2496K)->2349K(2496K)
[686.794s][info][gc             ] GC(354) Pause Young (Allocation Failure) 2106M->5M(7902M) 0.717ms
[686.794s][info][gc,cpu         ] GC(354) User=0.00s Sys=0.00s Real=0.00s
[690.351s][info][gc,start       ] GC(355) Pause Young (Allocation Failure)
[690.440s][info][gc,heap        ] GC(355) PSYoungGen: 2190176K(2499584K)->201088K(2391040K) Eden: 2189824K(2189824K)->0K(2189824K) From: 352K(309760K)->201088K(201216K)
[690.440s][info][gc,heap        ] GC(355) ParOldGen: 5755K(5592576K)->5795K(5592576K)
[690.440s][info][gc,metaspace   ] GC(355) Metaspace: 16650K(17024K)->16650K(17024K) NonClass: 14300K(14528K)->14300K(14528K) Class: 2349K(2496K)->2349K(2496K)
[690.440s][info][gc             ] GC(355) Pause Young (Allocation Failure) 2144M->202M(7796M) 89.081ms
[690.440s][info][gc,cpu         ] GC(355) User=0.47s Sys=0.00s Real=0.09s
[692.327s][info][gc,start       ] GC(356) Pause Young (System.gc())
[692.327s][info][gc,heap        ] GC(356) PSYoungGen: 1441118K(2391040K)->192K(2483712K) Eden: 1240030K(2189824K)->0K(2158592K) From: 201088K(201216K)->192K(325120K)
[692.327s][info][gc,heap        ] GC(356) ParOldGen: 5795K(5592576K)->5835K(5592576K)
[692.327s][info][gc,metaspace   ] GC(356) Metaspace: 16650K(17024K)->16650K(17024K) NonClass: 14300K(14528K)->14300K(14528K) Class: 2349K(2496K)->2349K(2496K)
[692.327s][info][gc             ] GC(356) Pause Young (System.gc()) 1413M->5M(7887M) 0.452ms
[692.327s][info][gc,cpu         ] GC(356) User=0.00s Sys=0.00s Real=0.00s
[692.327s][info][gc,start       ] GC(357) Pause Full (System.gc())
[692.327s][info][gc,phases,start] GC(357) Marking Phase
[692.332s][info][gc,phases      ] GC(357) Marking Phase 4.245ms
[692.332s][info][gc,phases,start] GC(357) Summary Phase
[692.332s][info][gc,phases      ] GC(357) Summary Phase 0.010ms
[692.332s][info][gc,phases,start] GC(357) Adjust Roots
[692.333s][info][gc,phases      ] GC(357) Adjust Roots 1.706ms
[692.333s][info][gc,phases,start] GC(357) Compaction Phase
[692.336s][info][gc,phases      ] GC(357) Compaction Phase 2.151ms
[692.336s][info][gc,phases,start] GC(357) Post Compact
[692.336s][info][gc,phases      ] GC(357) Post Compact 0.403ms
[692.336s][info][gc,heap        ] GC(357) PSYoungGen: 192K(2483712K)->0K(2483712K) Eden: 0K(2158592K)->0K(2158592K) From: 192K(325120K)->0K(325120K)
[692.336s][info][gc,heap        ] GC(357) ParOldGen: 5835K(5592576K)->5756K(5592576K)
[692.336s][info][gc,metaspace   ] GC(357) Metaspace: 16650K(17024K)->16650K(17024K) NonClass: 14300K(14528K)->14300K(14528K) Class: 2349K(2496K)->2349K(2496K)
[692.336s][info][gc             ] GC(357) Pause Full (System.gc()) 5M->5M(7887M) 8.741ms
[692.336s][info][gc,cpu         ] GC(357) User=0.02s Sys=0.00s Real=0.02s
[694.444s][info][gc,start       ] GC(358) Pause Young (Allocation Failure)
[694.445s][info][gc,heap        ] GC(358) PSYoungGen: 2158592K(2483712K)->352K(2470912K) Eden: 2158592K(2158592K)->0K(2158592K) From: 0K(325120K)->352K(312320K)
[694.445s][info][gc,heap        ] GC(358) ParOldGen: 5756K(5592576K)->5756K(5592576K)
[694.445s][info][gc,metaspace   ] GC(358) Metaspace: 16650K(17024K)->16650K(17024K) NonClass: 14300K(14528K)->14300K(14528K) Class: 2349K(2496K)->2349K(2496K)
[694.445s][info][gc             ] GC(358) Pause Young (Allocation Failure) 2113M->5M(7874M) 0.569ms
[694.445s][info][gc,cpu         ] GC(358) User=0.00s Sys=0.00s Real=0.00s
[698.171s][info][gc,start       ] GC(359) Pause Young (Allocation Failure)
[698.261s][info][gc,heap        ] GC(359) PSYoungGen: 2158944K(2470912K)->196928K(2443264K) Eden: 2158592K(2158592K)->0K(2144768K) From: 352K(312320K)->196928K(298496K)
[698.261s][info][gc,heap        ] GC(359) ParOldGen: 5756K(5592576K)->5800K(5592576K)
[698.261s][info][gc,metaspace   ] GC(359) Metaspace: 16650K(17024K)->16650K(17024K) NonClass: 14300K(14528K)->14300K(14528K) Class: 2349K(2496K)->2349K(2496K)
[698.261s][info][gc             ] GC(359) Pause Young (Allocation Failure) 2113M->197M(7847M) 90.607ms
[698.261s][info][gc,cpu         ] GC(359) User=0.55s Sys=0.00s Real=0.09s
[700.170s][info][gc,start       ] GC(360) Pause Young (System.gc())
[700.170s][info][gc,heap        ] GC(360) PSYoungGen: 1447953K(2443264K)->160K(2470400K) Eden: 1251025K(2144768K)->0K(2144768K) From: 196928K(298496K)->160K(325632K)
[700.170s][info][gc,heap        ] GC(360) ParOldGen: 5800K(5592576K)->5840K(5592576K)
[700.170s][info][gc,metaspace   ] GC(360) Metaspace: 16650K(17024K)->16650K(17024K) NonClass: 14300K(14528K)->14300K(14528K) Class: 2349K(2496K)->2349K(2496K)
[700.170s][info][gc             ] GC(360) Pause Young (System.gc()) 1419M->5M(7874M) 0.339ms
[700.170s][info][gc,cpu         ] GC(360) User=0.00s Sys=0.00s Real=0.00s
[700.170s][info][gc,start       ] GC(361) Pause Full (System.gc())
[700.170s][info][gc,phases,start] GC(361) Marking Phase
[700.175s][info][gc,phases      ] GC(361) Marking Phase 4.269ms
[700.175s][info][gc,phases,start] GC(361) Summary Phase
[700.175s][info][gc,phases      ] GC(361) Summary Phase 0.010ms
[700.175s][info][gc,phases,start] GC(361) Adjust Roots
[700.177s][info][gc,phases      ] GC(361) Adjust Roots 2.342ms
[700.177s][info][gc,phases,start] GC(361) Compaction Phase
[700.179s][info][gc,phases      ] GC(361) Compaction Phase 2.008ms
[700.179s][info][gc,phases,start] GC(361) Post Compact
[700.180s][info][gc,phases      ] GC(361) Post Compact 0.400ms
[700.180s][info][gc,heap        ] GC(361) PSYoungGen: 160K(2470400K)->0K(2470400K) Eden: 0K(2144768K)->0K(2144768K) From: 160K(325632K)->0K(325632K)
[700.180s][info][gc,heap        ] GC(361) ParOldGen: 5840K(5592576K)->5757K(5592576K)
[700.180s][info][gc,metaspace   ] GC(361) Metaspace: 16650K(17024K)->16650K(17024K) NonClass: 14300K(14528K)->14300K(14528K) Class: 2349K(2496K)->2349K(2496K)
[700.180s][info][gc             ] GC(361) Pause Full (System.gc()) 5M->5M(7874M) 9.223ms
[700.180s][info][gc,cpu         ] GC(361) User=0.00s Sys=0.00s Real=0.01s
[702.542s][info][gc,start       ] GC(362) Pause Young (Allocation Failure)
[702.543s][info][gc,heap        ] GC(362) PSYoungGen: 2144768K(2470400K)->352K(2497024K) Eden: 2144768K(2144768K)->0K(2184192K) From: 0K(325632K)->352K(312832K)
[702.543s][info][gc,heap        ] GC(362) ParOldGen: 5757K(5592576K)->5757K(5592576K)
[702.543s][info][gc,metaspace   ] GC(362) Metaspace: 16650K(17024K)->16650K(17024K) NonClass: 14300K(14528K)->14300K(14528K) Class: 2349K(2496K)->2349K(2496K)
[702.543s][info][gc             ] GC(362) Pause Young (Allocation Failure) 2100M->5M(7900M) 0.521ms
[702.543s][info][gc,cpu         ] GC(362) User=0.00s Sys=0.00s Real=0.00s
[706.093s][info][gc,start       ] GC(363) Pause Young (Allocation Failure)
[706.185s][info][gc,heap        ] GC(363) PSYoungGen: 2184544K(2497024K)->199744K(2384384K) Eden: 2184192K(2184192K)->0K(2184192K) From: 352K(312832K)->199744K(200192K)
[706.185s][info][gc,heap        ] GC(363) ParOldGen: 5757K(5592576K)->5789K(5592576K)
[706.185s][info][gc,metaspace   ] GC(363) Metaspace: 16650K(17024K)->16650K(17024K) NonClass: 14300K(14528K)->14300K(14528K) Class: 2349K(2496K)->2349K(2496K)
[706.185s][info][gc             ] GC(363) Pause Young (Allocation Failure) 2138M->200M(7790M) 92.250ms
[706.185s][info][gc,cpu         ] GC(363) User=0.56s Sys=0.00s Real=0.09s
[708.075s][info][gc,start       ] GC(364) Pause Young (System.gc())
[708.075s][info][gc,heap        ] GC(364) PSYoungGen: 1440927K(2384384K)->160K(2481664K) Eden: 1241183K(2184192K)->0K(2154496K) From: 199744K(200192K)->160K(327168K)
[708.075s][info][gc,heap        ] GC(364) ParOldGen: 5789K(5592576K)->5837K(5592576K)
[708.075s][info][gc,metaspace   ] GC(364) Metaspace: 16650K(17024K)->16650K(17024K) NonClass: 14300K(14528K)->14300K(14528K) Class: 2349K(2496K)->2349K(2496K)
[708.075s][info][gc             ] GC(364) Pause Young (System.gc()) 1412M->5M(7885M) 0.392ms
[708.075s][info][gc,cpu         ] GC(364) User=0.00s Sys=0.00s Real=0.00s
[708.075s][info][gc,start       ] GC(365) Pause Full (System.gc())
[708.075s][info][gc,phases,start] GC(365) Marking Phase
[708.080s][info][gc,phases      ] GC(365) Marking Phase 4.217ms
[708.080s][info][gc,phases,start] GC(365) Summary Phase
[708.080s][info][gc,phases      ] GC(365) Summary Phase 0.010ms
[708.080s][info][gc,phases,start] GC(365) Adjust Roots
[708.083s][info][gc,phases      ] GC(365) Adjust Roots 2.967ms
[708.083s][info][gc,phases,start] GC(365) Compaction Phase
[708.085s][info][gc,phases      ] GC(365) Compaction Phase 2.208ms
[708.085s][info][gc,phases,start] GC(365) Post Compact
[708.085s][info][gc,phases      ] GC(365) Post Compact 0.600ms
[708.085s][info][gc,heap        ] GC(365) PSYoungGen: 160K(2481664K)->0K(2481664K) Eden: 0K(2154496K)->0K(2154496K) From: 160K(327168K)->0K(327168K)
[708.085s][info][gc,heap        ] GC(365) ParOldGen: 5837K(5592576K)->5758K(5592576K)
[708.085s][info][gc,metaspace   ] GC(365) Metaspace: 16650K(17024K)->16650K(17024K) NonClass: 14300K(14528K)->14300K(14528K) Class: 2349K(2496K)->2349K(2496K)
[708.086s][info][gc             ] GC(365) Pause Full (System.gc()) 5M->5M(7885M) 10.233ms
[708.086s][info][gc,cpu         ] GC(365) User=0.09s Sys=0.00s Real=0.02s
[710.200s][info][gc,start       ] GC(366) Pause Young (Allocation Failure)
[710.200s][info][gc,heap        ] GC(366) PSYoungGen: 2154496K(2481664K)->352K(2468864K) Eden: 2154496K(2154496K)->0K(2154496K) From: 0K(327168K)->352K(314368K)
[710.200s][info][gc,heap        ] GC(366) ParOldGen: 5758K(5592576K)->5758K(5592576K)
[710.200s][info][gc,metaspace   ] GC(366) Metaspace: 16650K(17024K)->16650K(17024K) NonClass: 14300K(14528K)->14300K(14528K) Class: 2349K(2496K)->2349K(2496K)
[710.200s][info][gc             ] GC(366) Pause Young (Allocation Failure) 2109M->5M(7872M) 0.491ms
[710.200s][info][gc,cpu         ] GC(366) User=0.00s Sys=0.00s Real=0.00s
[713.711s][info][gc,start       ] GC(367) Pause Young (Allocation Failure)
[713.798s][info][gc,heap        ] GC(367) PSYoungGen: 2154848K(2468864K)->191936K(2445312K) Eden: 2154496K(2154496K)->0K(2144768K) From: 352K(314368K)->191936K(300544K)
[713.798s][info][gc,heap        ] GC(367) ParOldGen: 5758K(5592576K)->5798K(5592576K)
[713.798s][info][gc,metaspace   ] GC(367) Metaspace: 16650K(17024K)->16650K(17024K) NonClass: 14300K(14528K)->14300K(14528K) Class: 2349K(2496K)->2349K(2496K)
[713.798s][info][gc             ] GC(367) Pause Young (Allocation Failure) 2109M->193M(7849M) 87.166ms
[713.798s][info][gc,cpu         ] GC(367) User=0.47s Sys=0.00s Real=0.10s
[715.704s][info][gc,start       ] GC(368) Pause Young (System.gc())
[715.704s][info][gc,heap        ] GC(368) PSYoungGen: 1463284K(2445312K)->128K(2470400K) Eden: 1271348K(2144768K)->0K(2144768K) From: 191936K(300544K)->128K(325632K)
[715.704s][info][gc,heap        ] GC(368) ParOldGen: 5798K(5592576K)->5830K(5592576K)
[715.704s][info][gc,metaspace   ] GC(368) Metaspace: 16650K(17024K)->16650K(17024K) NonClass: 14300K(14528K)->14300K(14528K) Class: 2349K(2496K)->2349K(2496K)
[715.704s][info][gc             ] GC(368) Pause Young (System.gc()) 1434M->5M(7874M) 0.432ms
[715.704s][info][gc,cpu         ] GC(368) User=0.00s Sys=0.00s Real=0.00s
[715.704s][info][gc,start       ] GC(369) Pause Full (System.gc())
[715.704s][info][gc,phases,start] GC(369) Marking Phase
[715.708s][info][gc,phases      ] GC(369) Marking Phase 4.061ms
[715.708s][info][gc,phases,start] GC(369) Summary Phase
[715.708s][info][gc,phases      ] GC(369) Summary Phase 0.009ms
[715.709s][info][gc,phases,start] GC(369) Adjust Roots
[715.710s][info][gc,phases      ] GC(369) Adjust Roots 1.745ms
[715.710s][info][gc,phases,start] GC(369) Compaction Phase
[715.712s][info][gc,phases      ] GC(369) Compaction Phase 1.949ms
[715.712s][info][gc,phases,start] GC(369) Post Compact
[715.713s][info][gc,phases      ] GC(369) Post Compact 0.544ms
[715.713s][info][gc,heap        ] GC(369) PSYoungGen: 128K(2470400K)->0K(2470400K) Eden: 0K(2144768K)->0K(2144768K) From: 128K(325632K)->0K(325632K)
[715.713s][info][gc,heap        ] GC(369) ParOldGen: 5830K(5592576K)->5759K(5592576K)
[715.713s][info][gc,metaspace   ] GC(369) Metaspace: 16650K(17024K)->16650K(17024K) NonClass: 14300K(14528K)->14300K(14528K) Class: 2349K(2496K)->2349K(2496K)
[715.713s][info][gc             ] GC(369) Pause Full (System.gc()) 5M->5M(7874M) 8.536ms
[715.713s][info][gc,cpu         ] GC(369) User=0.00s Sys=0.02s Real=0.01s
[717.873s][info][gc,start       ] GC(370) Pause Young (Allocation Failure)
[717.874s][info][gc,heap        ] GC(370) PSYoungGen: 2144768K(2470400K)->320K(2497024K) Eden: 2144768K(2144768K)->0K(2184704K) From: 0K(325632K)->320K(312320K)
[717.874s][info][gc,heap        ] GC(370) ParOldGen: 5759K(5592576K)->5759K(5592576K)
[717.874s][info][gc,metaspace   ] GC(370) Metaspace: 16650K(17024K)->16650K(17024K) NonClass: 14300K(14528K)->14300K(14528K) Class: 2349K(2496K)->2349K(2496K)
[717.874s][info][gc             ] GC(370) Pause Young (Allocation Failure) 2100M->5M(7900M) 0.512ms
[717.874s][info][gc,cpu         ] GC(370) User=0.00s Sys=0.00s Real=0.00s
[721.988s][info][gc,start       ] GC(371) Pause Young (Allocation Failure)
[722.076s][info][gc,heap        ] GC(371) PSYoungGen: 2185024K(2497024K)->192416K(2377216K) Eden: 2184704K(2184704K)->0K(2184704K) From: 320K(312320K)->192416K(192512K)
[722.076s][info][gc,heap        ] GC(371) ParOldGen: 5759K(5592576K)->5799K(5592576K)
[722.076s][info][gc,metaspace   ] GC(371) Metaspace: 16650K(17024K)->16650K(17024K) NonClass: 14300K(14528K)->14300K(14528K) Class: 2349K(2496K)->2349K(2496K)
[722.076s][info][gc             ] GC(371) Pause Young (Allocation Failure) 2139M->193M(7783M) 88.187ms
[722.076s][info][gc,cpu         ] GC(371) User=0.56s Sys=0.00s Real=0.10s
[723.973s][info][gc,start       ] GC(372) Pause Young (System.gc())
[723.974s][info][gc,heap        ] GC(372) PSYoungGen: 1450236K(2377216K)->192K(2484736K) Eden: 1257820K(2184704K)->0K(2160640K) From: 192416K(192512K)->192K(324096K)
[723.974s][info][gc,heap        ] GC(372) ParOldGen: 5799K(5592576K)->5839K(5592576K)
[723.974s][info][gc,metaspace   ] GC(372) Metaspace: 16654K(17024K)->16654K(17024K) NonClass: 14304K(14528K)->14304K(14528K) Class: 2349K(2496K)->2349K(2496K)
[723.974s][info][gc             ] GC(372) Pause Young (System.gc()) 1421M->5M(7888M) 0.475ms
[723.974s][info][gc,cpu         ] GC(372) User=0.00s Sys=0.00s Real=0.00s
[723.974s][info][gc,start       ] GC(373) Pause Full (System.gc())
[723.974s][info][gc,phases,start] GC(373) Marking Phase
[723.978s][info][gc,phases      ] GC(373) Marking Phase 4.027ms
[723.978s][info][gc,phases,start] GC(373) Summary Phase
[723.978s][info][gc,phases      ] GC(373) Summary Phase 0.010ms
[723.978s][info][gc,phases,start] GC(373) Adjust Roots
[723.980s][info][gc,phases      ] GC(373) Adjust Roots 1.675ms
[723.980s][info][gc,phases,start] GC(373) Compaction Phase
[723.982s][info][gc,phases      ] GC(373) Compaction Phase 1.994ms
[723.982s][info][gc,phases,start] GC(373) Post Compact
[723.982s][info][gc,phases      ] GC(373) Post Compact 0.406ms
[723.982s][info][gc,heap        ] GC(373) PSYoungGen: 192K(2484736K)->0K(2484736K) Eden: 0K(2160640K)->0K(2160640K) From: 192K(324096K)->0K(324096K)
[723.982s][info][gc,heap        ] GC(373) ParOldGen: 5839K(5592576K)->5759K(5592576K)
[723.982s][info][gc,metaspace   ] GC(373) Metaspace: 16654K(17024K)->16654K(17024K) NonClass: 14304K(14528K)->14304K(14528K) Class: 2349K(2496K)->2349K(2496K)
[723.982s][info][gc             ] GC(373) Pause Full (System.gc()) 5M->5M(7888M) 8.321ms
[723.982s][info][gc,cpu         ] GC(373) User=0.02s Sys=0.00s Real=0.00s
[726.423s][info][gc,start       ] GC(374) Pause Young (Allocation Failure)
[726.423s][info][gc,heap        ] GC(374) PSYoungGen: 2160640K(2484736K)->384K(2471936K) Eden: 2160640K(2160640K)->0K(2160640K) From: 0K(324096K)->384K(311296K)
[726.423s][info][gc,heap        ] GC(374) ParOldGen: 5759K(5592576K)->5759K(5592576K)
[726.423s][info][gc,metaspace   ] GC(374) Metaspace: 16654K(17024K)->16654K(17024K) NonClass: 14305K(14528K)->14305K(14528K) Class: 2349K(2496K)->2349K(2496K)
[726.423s][info][gc             ] GC(374) Pause Young (Allocation Failure) 2115M->5M(7875M) 0.483ms
[726.423s][info][gc,cpu         ] GC(374) User=0.00s Sys=0.00s Real=0.00s
[729.874s][info][gc,start       ] GC(375) Pause Young (Allocation Failure)
[729.965s][info][gc,heap        ] GC(375) PSYoungGen: 2161024K(2471936K)->203456K(2438144K) Eden: 2160640K(2160640K)->0K(2140672K) From: 384K(311296K)->203456K(297472K)
[729.965s][info][gc,heap        ] GC(375) ParOldGen: 5759K(5592576K)->5799K(5592576K)
[729.965s][info][gc,metaspace   ] GC(375) Metaspace: 16654K(17024K)->16654K(17024K) NonClass: 14305K(14528K)->14305K(14528K) Class: 2349K(2496K)->2349K(2496K)
[729.965s][info][gc             ] GC(375) Pause Young (Allocation Failure) 2115M->204M(7842M) 91.286ms
[729.965s][info][gc,cpu         ] GC(375) User=0.56s Sys=0.00s Real=0.10s
[731.862s][info][gc,start       ] GC(376) Pause Young (System.gc())
[731.862s][info][gc,heap        ] GC(376) PSYoungGen: 1440005K(2438144K)->192K(2468352K) Eden: 1236549K(2140672K)->0K(2140672K) From: 203456K(297472K)->192K(327680K)
[731.862s][info][gc,heap        ] GC(376) ParOldGen: 5799K(5592576K)->5831K(5592576K)
[731.862s][info][gc,metaspace   ] GC(376) Metaspace: 16656K(17024K)->16656K(17024K) NonClass: 14306K(14528K)->14306K(14528K) Class: 2349K(2496K)->2349K(2496K)
[731.862s][info][gc             ] GC(376) Pause Young (System.gc()) 1411M->5M(7872M) 0.382ms
[731.862s][info][gc,cpu         ] GC(376) User=0.00s Sys=0.00s Real=0.00s
[731.862s][info][gc,start       ] GC(377) Pause Full (System.gc())
[731.862s][info][gc,phases,start] GC(377) Marking Phase
[731.866s][info][gc,phases      ] GC(377) Marking Phase 4.470ms
[731.866s][info][gc,phases,start] GC(377) Summary Phase
[731.867s][info][gc,phases      ] GC(377) Summary Phase 0.010ms
[731.867s][info][gc,phases,start] GC(377) Adjust Roots
[731.868s][info][gc,phases      ] GC(377) Adjust Roots 1.687ms
[731.868s][info][gc,phases,start] GC(377) Compaction Phase
[731.870s][info][gc,phases      ] GC(377) Compaction Phase 1.994ms
[731.870s][info][gc,phases,start] GC(377) Post Compact
[731.871s][info][gc,phases      ] GC(377) Post Compact 0.399ms
[731.871s][info][gc,heap        ] GC(377) PSYoungGen: 192K(2468352K)->0K(2468352K) Eden: 0K(2140672K)->0K(2140672K) From: 192K(327680K)->0K(327680K)
[731.871s][info][gc,heap        ] GC(377) ParOldGen: 5831K(5592576K)->5759K(5592576K)
[731.871s][info][gc,metaspace   ] GC(377) Metaspace: 16656K(17024K)->16656K(17024K) NonClass: 14306K(14528K)->14306K(14528K) Class: 2349K(2496K)->2349K(2496K)
[731.871s][info][gc             ] GC(377) Pause Full (System.gc()) 5M->5M(7872M) 8.771ms
[731.871s][info][gc,cpu         ] GC(377) User=0.02s Sys=0.00s Real=0.02s
[734.316s][info][gc,start       ] GC(378) Pause Young (Allocation Failure)
[734.316s][info][gc,heap        ] GC(378) PSYoungGen: 2140672K(2468352K)->352K(2495488K) Eden: 2140672K(2140672K)->0K(2181120K) From: 0K(327680K)->352K(314368K)
[734.316s][info][gc,heap        ] GC(378) ParOldGen: 5759K(5592576K)->5759K(5592576K)
[734.316s][info][gc,metaspace   ] GC(378) Metaspace: 16656K(17024K)->16656K(17024K) NonClass: 14306K(14528K)->14306K(14528K) Class: 2349K(2496K)->2349K(2496K)
[734.316s][info][gc             ] GC(378) Pause Young (Allocation Failure) 2096M->5M(7898M) 0.496ms
[734.316s][info][gc,cpu         ] GC(378) User=0.00s Sys=0.00s Real=0.00s
[738.200s][info][gc,start       ] GC(379) Pause Young (Allocation Failure)
[738.291s][info][gc,heap        ] GC(379) PSYoungGen: 2181472K(2495488K)->196832K(2378240K) Eden: 2181120K(2181120K)->0K(2181120K) From: 352K(314368K)->196832K(197120K)
[738.291s][info][gc,heap        ] GC(379) ParOldGen: 5759K(5592576K)->5799K(5592576K)
[738.291s][info][gc,metaspace   ] GC(379) Metaspace: 16656K(17024K)->16656K(17024K) NonClass: 14307K(14528K)->14307K(14528K) Class: 2349K(2496K)->2349K(2496K)
[738.291s][info][gc             ] GC(379) Pause Young (Allocation Failure) 2135M->197M(7784M) 90.374ms
[738.291s][info][gc,cpu         ] GC(379) User=0.55s Sys=0.00s Real=0.09s
[740.202s][info][gc,start       ] GC(380) Pause Young (System.gc())
[740.202s][info][gc,heap        ] GC(380) PSYoungGen: 1454161K(2378240K)->160K(2481664K) Eden: 1257329K(2181120K)->0K(2153984K) From: 196832K(197120K)->160K(327680K)
[740.202s][info][gc,heap        ] GC(380) ParOldGen: 5799K(5592576K)->5847K(5592576K)
[740.202s][info][gc,metaspace   ] GC(380) Metaspace: 16656K(17024K)->16656K(17024K) NonClass: 14307K(14528K)->14307K(14528K) Class: 2349K(2496K)->2349K(2496K)
[740.202s][info][gc             ] GC(380) Pause Young (System.gc()) 1425M->5M(7885M) 0.349ms
[740.202s][info][gc,cpu         ] GC(380) User=0.00s Sys=0.00s Real=0.00s
[740.202s][info][gc,start       ] GC(381) Pause Full (System.gc())
[740.202s][info][gc,phases,start] GC(381) Marking Phase
[740.206s][info][gc,phases      ] GC(381) Marking Phase 4.209ms
[740.206s][info][gc,phases,start] GC(381) Summary Phase
[740.206s][info][gc,phases      ] GC(381) Summary Phase 0.009ms
[740.206s][info][gc,phases,start] GC(381) Adjust Roots
[740.208s][info][gc,phases      ] GC(381) Adjust Roots 1.778ms
[740.208s][info][gc,phases,start] GC(381) Compaction Phase
[740.211s][info][gc,phases      ] GC(381) Compaction Phase 2.438ms
[740.211s][info][gc,phases,start] GC(381) Post Compact
[740.211s][info][gc,phases      ] GC(381) Post Compact 0.403ms
[740.211s][info][gc,heap        ] GC(381) PSYoungGen: 160K(2481664K)->0K(2481664K) Eden: 0K(2153984K)->0K(2153984K) From: 160K(327680K)->0K(327680K)
[740.211s][info][gc,heap        ] GC(381) ParOldGen: 5847K(5592576K)->5759K(5592576K)
[740.211s][info][gc,metaspace   ] GC(381) Metaspace: 16656K(17024K)->16656K(17024K) NonClass: 14307K(14528K)->14307K(14528K) Class: 2349K(2496K)->2349K(2496K)
[740.211s][info][gc             ] GC(381) Pause Full (System.gc()) 5M->5M(7885M) 9.066ms
[740.211s][info][gc,cpu         ] GC(381) User=0.02s Sys=0.00s Real=0.00s
[742.761s][info][gc,start       ] GC(382) Pause Young (Allocation Failure)
[742.762s][info][gc,heap        ] GC(382) PSYoungGen: 2153984K(2481664K)->352K(2468352K) Eden: 2153984K(2153984K)->0K(2153984K) From: 0K(327680K)->352K(314368K)
[742.762s][info][gc,heap        ] GC(382) ParOldGen: 5759K(5592576K)->5759K(5592576K)
[742.762s][info][gc,metaspace   ] GC(382) Metaspace: 16656K(17024K)->16656K(17024K) NonClass: 14307K(14528K)->14307K(14528K) Class: 2349K(2496K)->2349K(2496K)
[742.762s][info][gc             ] GC(382) Pause Young (Allocation Failure) 2109M->5M(7872M) 0.568ms
[742.762s][info][gc,cpu         ] GC(382) User=0.00s Sys=0.00s Real=0.00s
[746.279s][info][gc,start       ] GC(383) Pause Young (Allocation Failure)
[746.364s][info][gc,heap        ] GC(383) PSYoungGen: 2154336K(2468352K)->189664K(2447360K) Eden: 2153984K(2153984K)->0K(2146816K) From: 352K(314368K)->189664K(300544K)
[746.364s][info][gc,heap        ] GC(383) ParOldGen: 5759K(5592576K)->5791K(5592576K)
[746.364s][info][gc,metaspace   ] GC(383) Metaspace: 16656K(17024K)->16656K(17024K) NonClass: 14307K(14528K)->14307K(14528K) Class: 2349K(2496K)->2349K(2496K)
[746.364s][info][gc             ] GC(383) Pause Young (Allocation Failure) 2109M->190M(7851M) 84.964ms
[746.364s][info][gc,cpu         ] GC(383) User=0.47s Sys=0.00s Real=0.09s
[748.280s][info][gc,start       ] GC(384) Pause Young (System.gc())
[748.280s][info][gc,heap        ] GC(384) PSYoungGen: 1459611K(2447360K)->192K(2471424K) Eden: 1269947K(2146816K)->0K(2146816K) From: 189664K(300544K)->192K(324608K)
[748.280s][info][gc,heap        ] GC(384) ParOldGen: 5791K(5592576K)->5831K(5592576K)
[748.280s][info][gc,metaspace   ] GC(384) Metaspace: 16671K(17024K)->16671K(17024K) NonClass: 14322K(14528K)->14322K(14528K) Class: 2349K(2496K)->2349K(2496K)
[748.280s][info][gc             ] GC(384) Pause Young (System.gc()) 1431M->5M(7875M) 0.452ms
[748.280s][info][gc,cpu         ] GC(384) User=0.00s Sys=0.00s Real=0.00s
[748.280s][info][gc,start       ] GC(385) Pause Full (System.gc())
[748.280s][info][gc,phases,start] GC(385) Marking Phase
[748.284s][info][gc,phases      ] GC(385) Marking Phase 4.139ms
[748.285s][info][gc,phases,start] GC(385) Summary Phase
[748.285s][info][gc,phases      ] GC(385) Summary Phase 0.010ms
[748.285s][info][gc,phases,start] GC(385) Adjust Roots
[748.286s][info][gc,phases      ] GC(385) Adjust Roots 1.793ms
[748.286s][info][gc,phases,start] GC(385) Compaction Phase
[748.288s][info][gc,phases      ] GC(385) Compaction Phase 1.991ms
[748.288s][info][gc,phases,start] GC(385) Post Compact
[748.289s][info][gc,phases      ] GC(385) Post Compact 0.404ms
[748.289s][info][gc,heap        ] GC(385) PSYoungGen: 192K(2471424K)->0K(2471424K) Eden: 0K(2146816K)->0K(2146816K) From: 192K(324608K)->0K(324608K)
[748.289s][info][gc,heap        ] GC(385) ParOldGen: 5831K(5592576K)->5759K(5592576K)
[748.289s][info][gc,metaspace   ] GC(385) Metaspace: 16671K(17024K)->16671K(17024K) NonClass: 14322K(14528K)->14322K(14528K) Class: 2349K(2496K)->2349K(2496K)
[748.289s][info][gc             ] GC(385) Pause Full (System.gc()) 5M->5M(7875M) 8.555ms
[748.289s][info][gc,cpu         ] GC(385) User=0.02s Sys=0.00s Real=0.00s
[750.459s][info][gc,start       ] GC(386) Pause Young (Allocation Failure)
[750.459s][info][gc,heap        ] GC(386) PSYoungGen: 2146816K(2471424K)->320K(2498048K) Eden: 2146816K(2146816K)->0K(2186240K) From: 0K(324608K)->320K(311808K)
[750.459s][info][gc,heap        ] GC(386) ParOldGen: 5759K(5592576K)->5759K(5592576K)
[750.459s][info][gc,metaspace   ] GC(386) Metaspace: 16684K(17024K)->16684K(17024K) NonClass: 14335K(14528K)->14335K(14528K) Class: 2349K(2496K)->2349K(2496K)
[750.459s][info][gc             ] GC(386) Pause Young (Allocation Failure) 2102M->5M(7901M) 0.641ms
[750.459s][info][gc,cpu         ] GC(386) User=0.00s Sys=0.00s Real=0.00s
[753.710s][info][gc,start       ] GC(387) Pause Young (Allocation Failure)
[753.802s][info][gc,heap        ] GC(387) PSYoungGen: 2186560K(2498048K)->196800K(2383360K) Eden: 2186240K(2186240K)->0K(2186240K) From: 320K(311808K)->196800K(197120K)
[753.802s][info][gc,heap        ] GC(387) ParOldGen: 5759K(5592576K)->5799K(5592576K)
[753.802s][info][gc,metaspace   ] GC(387) Metaspace: 16684K(17024K)->16684K(17024K) NonClass: 14335K(14528K)->14335K(14528K) Class: 2349K(2496K)->2349K(2496K)
[753.802s][info][gc             ] GC(387) Pause Young (Allocation Failure) 2140M->197M(7789M) 91.494ms
[753.802s][info][gc,cpu         ] GC(387) User=0.45s Sys=0.02s Real=0.10s
[755.694s][info][gc,start       ] GC(388) Pause Young (System.gc())
[755.694s][info][gc,heap        ] GC(388) PSYoungGen: 1449329K(2383360K)->192K(2483712K) Eden: 1252529K(2186240K)->0K(2158592K) From: 196800K(197120K)->192K(325120K)
[755.694s][info][gc,heap        ] GC(388) ParOldGen: 5799K(5592576K)->5847K(5592576K)
[755.694s][info][gc,metaspace   ] GC(388) Metaspace: 16684K(17024K)->16684K(17024K) NonClass: 14335K(14528K)->14335K(14528K) Class: 2349K(2496K)->2349K(2496K)
[755.694s][info][gc             ] GC(388) Pause Young (System.gc()) 1421M->5M(7887M) 0.396ms
[755.694s][info][gc,cpu         ] GC(388) User=0.00s Sys=0.00s Real=0.00s
[755.695s][info][gc,start       ] GC(389) Pause Full (System.gc())
[755.695s][info][gc,phases,start] GC(389) Marking Phase
[755.699s][info][gc,phases      ] GC(389) Marking Phase 4.470ms
[755.699s][info][gc,phases,start] GC(389) Summary Phase
[755.699s][info][gc,phases      ] GC(389) Summary Phase 0.009ms
[755.699s][info][gc,phases,start] GC(389) Adjust Roots
[755.701s][info][gc,phases      ] GC(389) Adjust Roots 1.734ms
[755.701s][info][gc,phases,start] GC(389) Compaction Phase
[755.703s][info][gc,phases      ] GC(389) Compaction Phase 2.063ms
[755.703s][info][gc,phases,start] GC(389) Post Compact
[755.704s][info][gc,phases      ] GC(389) Post Compact 0.521ms
[755.704s][info][gc,heap        ] GC(389) PSYoungGen: 192K(2483712K)->0K(2483712K) Eden: 0K(2158592K)->0K(2158592K) From: 192K(325120K)->0K(325120K)
[755.704s][info][gc,heap        ] GC(389) ParOldGen: 5847K(5592576K)->5759K(5592576K)
[755.704s][info][gc,metaspace   ] GC(389) Metaspace: 16684K(17024K)->16684K(17024K) NonClass: 14335K(14528K)->14335K(14528K) Class: 2349K(2496K)->2349K(2496K)
[755.704s][info][gc             ] GC(389) Pause Full (System.gc()) 5M->5M(7887M) 9.030ms
[755.704s][info][gc,cpu         ] GC(389) User=0.00s Sys=0.00s Real=0.02s
[757.875s][info][gc,start       ] GC(390) Pause Young (Allocation Failure)
[757.875s][info][gc,heap        ] GC(390) PSYoungGen: 2158592K(2483712K)->384K(2470912K) Eden: 2158592K(2158592K)->0K(2158592K) From: 0K(325120K)->384K(312320K)
[757.875s][info][gc,heap        ] GC(390) ParOldGen: 5759K(5592576K)->5759K(5592576K)
[757.875s][info][gc,metaspace   ] GC(390) Metaspace: 16684K(17024K)->16684K(17024K) NonClass: 14335K(14528K)->14335K(14528K) Class: 2349K(2496K)->2349K(2496K)
[757.875s][info][gc             ] GC(390) Pause Young (Allocation Failure) 2113M->5M(7874M) 0.545ms
[757.875s][info][gc,cpu         ] GC(390) User=0.00s Sys=0.00s Real=0.00s
[761.802s][info][gc,start       ] GC(391) Pause Young (Allocation Failure)
[761.896s][info][gc,heap        ] GC(391) PSYoungGen: 2158976K(2470912K)->199360K(2441216K) Eden: 2158592K(2158592K)->0K(2142720K) From: 384K(312320K)->199360K(298496K)
[761.896s][info][gc,heap        ] GC(391) ParOldGen: 5759K(5592576K)->5799K(5592576K)
[761.896s][info][gc,metaspace   ] GC(391) Metaspace: 16684K(17024K)->16684K(17024K) NonClass: 14335K(14528K)->14335K(14528K) Class: 2349K(2496K)->2349K(2496K)
[761.896s][info][gc             ] GC(391) Pause Young (Allocation Failure) 2113M->200M(7845M) 93.806ms
[761.896s][info][gc,cpu         ] GC(391) User=0.47s Sys=0.00s Real=0.10s
[763.778s][info][gc,start       ] GC(392) Pause Young (System.gc())
[763.778s][info][gc,heap        ] GC(392) PSYoungGen: 1444948K(2441216K)->192K(2469376K) Eden: 1245588K(2142720K)->0K(2142720K) From: 199360K(298496K)->192K(326656K)
[763.778s][info][gc,heap        ] GC(392) ParOldGen: 5799K(5592576K)->5831K(5592576K)
[763.778s][info][gc,metaspace   ] GC(392) Metaspace: 16684K(17024K)->16684K(17024K) NonClass: 14335K(14528K)->14335K(14528K) Class: 2349K(2496K)->2349K(2496K)
[763.778s][info][gc             ] GC(392) Pause Young (System.gc()) 1416M->5M(7873M) 0.337ms
[763.778s][info][gc,cpu         ] GC(392) User=0.00s Sys=0.00s Real=0.00s
[763.778s][info][gc,start       ] GC(393) Pause Full (System.gc())
[763.778s][info][gc,phases,start] GC(393) Marking Phase
[763.782s][info][gc,phases      ] GC(393) Marking Phase 4.158ms
[763.782s][info][gc,phases,start] GC(393) Summary Phase
[763.782s][info][gc,phases      ] GC(393) Summary Phase 0.010ms
[763.782s][info][gc,phases,start] GC(393) Adjust Roots
[763.785s][info][gc,phases      ] GC(393) Adjust Roots 2.761ms
[763.785s][info][gc,phases,start] GC(393) Compaction Phase
[763.787s][info][gc,phases      ] GC(393) Compaction Phase 2.160ms
[763.787s][info][gc,phases,start] GC(393) Post Compact
[763.788s][info][gc,phases      ] GC(393) Post Compact 0.408ms
[763.788s][info][gc,heap        ] GC(393) PSYoungGen: 192K(2469376K)->0K(2469376K) Eden: 0K(2142720K)->0K(2142720K) From: 192K(326656K)->0K(326656K)
[763.788s][info][gc,heap        ] GC(393) ParOldGen: 5831K(5592576K)->5759K(5592576K)
[763.788s][info][gc,metaspace   ] GC(393) Metaspace: 16684K(17024K)->16684K(17024K) NonClass: 14335K(14528K)->14335K(14528K) Class: 2349K(2496K)->2349K(2496K)
[763.788s][info][gc             ] GC(393) Pause Full (System.gc()) 5M->5M(7873M) 9.717ms
[763.788s][info][gc,cpu         ] GC(393) User=0.03s Sys=0.00s Real=0.00s
[765.960s][info][gc,start       ] GC(394) Pause Young (Allocation Failure)
[765.961s][info][gc,heap        ] GC(394) PSYoungGen: 2142720K(2469376K)->384K(2496000K) Eden: 2142720K(2142720K)->0K(2182144K) From: 0K(326656K)->384K(313856K)
[765.961s][info][gc,heap        ] GC(394) ParOldGen: 5759K(5592576K)->5759K(5592576K)
[765.961s][info][gc,metaspace   ] GC(394) Metaspace: 16684K(17024K)->16684K(17024K) NonClass: 14335K(14528K)->14335K(14528K) Class: 2349K(2496K)->2349K(2496K)
[765.961s][info][gc             ] GC(394) Pause Young (Allocation Failure) 2098M->5M(7899M) 0.534ms
[765.961s][info][gc,cpu         ] GC(394) User=0.00s Sys=0.00s Real=0.00s
[769.780s][info][gc,start       ] GC(395) Pause Young (Allocation Failure)
[769.863s][info][gc,heap        ] GC(395) PSYoungGen: 2182528K(2496000K)->188160K(2370560K) Eden: 2182144K(2182144K)->0K(2182144K) From: 384K(313856K)->188160K(188416K)
[769.864s][info][gc,heap        ] GC(395) ParOldGen: 5759K(5592576K)->5791K(5592576K)
[769.864s][info][gc,metaspace   ] GC(395) Metaspace: 16684K(17024K)->16684K(17024K) NonClass: 14335K(14528K)->14335K(14528K) Class: 2349K(2496K)->2349K(2496K)
[769.864s][info][gc             ] GC(395) Pause Young (Allocation Failure) 2136M->189M(7776M) 83.034ms
[769.864s][info][gc,cpu         ] GC(395) User=0.47s Sys=0.00s Real=0.08s
[771.747s][info][gc,start       ] GC(396) Pause Young (System.gc())
[771.747s][info][gc,heap        ] GC(396) PSYoungGen: 1466968K(2370560K)->128K(2485248K) Eden: 1278808K(2182144K)->0K(2161664K) From: 188160K(188416K)->128K(323584K)
[771.747s][info][gc,heap        ] GC(396) ParOldGen: 5791K(5592576K)->5823K(5592576K)
[771.747s][info][gc,metaspace   ] GC(396) Metaspace: 16684K(17024K)->16684K(17024K) NonClass: 14335K(14528K)->14335K(14528K) Class: 2349K(2496K)->2349K(2496K)
[771.747s][info][gc             ] GC(396) Pause Young (System.gc()) 1438M->5M(7888M) 0.404ms
[771.747s][info][gc,cpu         ] GC(396) User=0.00s Sys=0.00s Real=0.00s
[771.747s][info][gc,start       ] GC(397) Pause Full (System.gc())
[771.747s][info][gc,phases,start] GC(397) Marking Phase
[771.751s][info][gc,phases      ] GC(397) Marking Phase 4.173ms
[771.752s][info][gc,phases,start] GC(397) Summary Phase
[771.752s][info][gc,phases      ] GC(397) Summary Phase 0.009ms
[771.752s][info][gc,phases,start] GC(397) Adjust Roots
[771.753s][info][gc,phases      ] GC(397) Adjust Roots 1.698ms
[771.753s][info][gc,phases,start] GC(397) Compaction Phase
[771.755s][info][gc,phases      ] GC(397) Compaction Phase 2.105ms
[771.755s][info][gc,phases,start] GC(397) Post Compact
[771.756s][info][gc,phases      ] GC(397) Post Compact 0.403ms
[771.756s][info][gc,heap        ] GC(397) PSYoungGen: 128K(2485248K)->0K(2485248K) Eden: 0K(2161664K)->0K(2161664K) From: 128K(323584K)->0K(323584K)
[771.756s][info][gc,heap        ] GC(397) ParOldGen: 5823K(5592576K)->5759K(5592576K)
[771.756s][info][gc,metaspace   ] GC(397) Metaspace: 16684K(17024K)->16684K(17024K) NonClass: 14335K(14528K)->14335K(14528K) Class: 2349K(2496K)->2349K(2496K)
[771.756s][info][gc             ] GC(397) Pause Full (System.gc()) 5M->5M(7888M) 8.620ms
[771.756s][info][gc,cpu         ] GC(397) User=0.03s Sys=0.00s Real=0.00s
[773.702s][info][gc,start       ] GC(398) Pause Young (Allocation Failure)
[773.703s][info][gc,heap        ] GC(398) PSYoungGen: 2161664K(2485248K)->352K(2472448K) Eden: 2161664K(2161664K)->0K(2161664K) From: 0K(323584K)->352K(310784K)
[773.703s][info][gc,heap        ] GC(398) ParOldGen: 5759K(5592576K)->5759K(5592576K)
[773.703s][info][gc,metaspace   ] GC(398) Metaspace: 16684K(17024K)->16684K(17024K) NonClass: 14335K(14528K)->14335K(14528K) Class: 2349K(2496K)->2349K(2496K)
[773.703s][info][gc             ] GC(398) Pause Young (Allocation Failure) 2116M->5M(7876M) 0.946ms
[773.703s][info][gc,cpu         ] GC(398) User=0.00s Sys=0.00s Real=0.00s
[777.797s][info][gc,start       ] GC(399) Pause Young (Allocation Failure)
[777.888s][info][gc,heap        ] GC(399) PSYoungGen: 2162016K(2472448K)->197120K(2443776K) Eden: 2161664K(2161664K)->0K(2146816K) From: 352K(310784K)->197120K(296960K)
[777.888s][info][gc,heap        ] GC(399) ParOldGen: 5759K(5592576K)->5799K(5592576K)
[777.888s][info][gc,metaspace   ] GC(399) Metaspace: 16684K(17024K)->16684K(17024K) NonClass: 14335K(14528K)->14335K(14528K) Class: 2349K(2496K)->2349K(2496K)
[777.888s][info][gc             ] GC(399) Pause Young (Allocation Failure) 2116M->198M(7848M) 90.898ms
[777.888s][info][gc,cpu         ] GC(399) User=0.56s Sys=0.00s Real=0.09s
[779.801s][info][gc,heap,exit   ] Heap
[779.801s][info][gc,heap,exit   ]  PSYoungGen      total 2443776K, used 1464495K [0x0000000755580000, 0x0000000800000000, 0x0000000800000000)
[779.801s][info][gc,heap,exit   ]   eden space 2146816K, 59% used [0x0000000755580000,0x00000007a2b2bd28,0x00000007d8600000)
[779.801s][info][gc,heap,exit   ]   from space 296960K, 66% used [0x00000007ede00000,0x00000007f9e80000,0x0000000800000000)
[779.801s][info][gc,heap,exit   ]   to   space 324608K, 0% used [0x00000007d8600000,0x00000007d8600000,0x00000007ec300000)
[779.801s][info][gc,heap,exit   ]  ParOldGen       total 5592576K, used 5799K [0x0000000600000000, 0x0000000755580000, 0x0000000755580000)
[779.801s][info][gc,heap,exit   ]   object space 5592576K, 0% used [0x0000000600000000,0x00000006005a9d10,0x0000000755580000)
[779.801s][info][gc,heap,exit   ]  Metaspace       used 16764K, committed 17088K, reserved 1114112K
[779.801s][info][gc,heap,exit   ]   class space    used 2364K, committed 2496K, reserved 1048576K
