[0.007s][info][gc,heap] Heap region size: 2M
[0.057s][info][gc     ] Using G1
[0.058s][info][gc,heap,coops] Heap address: 0x0000000700000000, size: 4096 MB, Compressed Oops mode: Zero based, Oop shift amount: 3
[1.314s][info][gc,task      ] GC(0) Using 6 workers of 6 for full compaction
[1.314s][info][gc,start     ] GC(0) Pause Full (System.gc())
[1.315s][info][gc,phases,start] GC(0) Phase 1: Mark live objects
[1.317s][info][gc,stringtable ] GC(0) Cleaned string and symbol table, strings: 5497 processed, 11 removed, symbols: 52614 processed, 5 removed
[1.317s][info][gc,phases      ] GC(0) Phase 1: Mark live objects 2.918ms
[1.318s][info][gc,phases,start] GC(0) Phase 2: Prepare for compaction
[1.321s][info][gc,phases      ] GC(0) Phase 2: Prepare for compaction 3.170ms
[1.321s][info][gc,phases,start] GC(0) Phase 3: Adjust pointers
[1.323s][info][gc,phases      ] GC(0) Phase 3: Adjust pointers 1.282ms
[1.323s][info][gc,phases,start] GC(0) Phase 4: Compact heap
[1.324s][info][gc,phases      ] GC(0) Phase 4: Compact heap 1.473ms
[1.325s][info][gc,heap        ] GC(0) Eden regions: 18->0(102)
[1.326s][info][gc,heap        ] GC(0) Survivor regions: 0->0(0)
[1.326s][info][gc,heap        ] GC(0) Old regions: 0->6
[1.326s][info][gc,heap        ] GC(0) Humongous regions: 0->0
[1.326s][info][gc,metaspace   ] GC(0) Metaspace: 20198K(20864K)->20198K(20864K) NonClass: 17794K(18176K)->17794K(18176K) Class: 2404K(2688K)->2404K(2688K)
[1.326s][info][gc             ] GC(0) Pause Full (System.gc()) 35M->4M(4096M) 11.175ms
[1.326s][info][gc,cpu         ] GC(0) User=0.00s Sys=0.00s Real=0.02s
[3.006s][info][gc,start       ] GC(1) Pause Young (Normal) (G1 Evacuation Pause)
[3.006s][info][gc,task        ] GC(1) Using 6 workers of 6 for evacuation
[3.023s][info][gc,phases      ] GC(1)   Pre Evacuate Collection Set: 0.0ms
[3.023s][info][gc,phases      ] GC(1)   Evacuate Collection Set: 15.8ms
[3.023s][info][gc,phases      ] GC(1)   Post Evacuate Collection Set: 0.6ms
[3.023s][info][gc,phases      ] GC(1)   Other: 0.3ms
[3.023s][info][gc,heap        ] GC(1) Eden regions: 102->0(89)
[3.023s][info][gc,heap        ] GC(1) Survivor regions: 0->13(13)
[3.023s][info][gc,heap        ] GC(1) Old regions: 6->6
[3.023s][info][gc,heap        ] GC(1) Humongous regions: 0->0
[3.023s][info][gc,metaspace   ] GC(1) Metaspace: 23334K(24192K)->23334K(24192K) NonClass: 20451K(20992K)->20451K(20992K) Class: 2882K(3200K)->2882K(3200K)
[3.023s][info][gc             ] GC(1) Pause Young (Normal) (G1 Evacuation Pause) 208M->30M(4096M) 16.893ms
[3.023s][info][gc,cpu         ] GC(1) User=0.03s Sys=0.00s Real=0.02s
[3.050s][info][gc,start       ] GC(2) Pause Young (Normal) (G1 Evacuation Pause)
[3.050s][info][gc,task        ] GC(2) Using 6 workers of 6 for evacuation
[3.063s][info][gc,phases      ] GC(2)   Pre Evacuate Collection Set: 0.0ms
[3.063s][info][gc,phases      ] GC(2)   Evacuate Collection Set: 12.8ms
[3.063s][info][gc,phases      ] GC(2)   Post Evacuate Collection Set: 0.6ms
[3.063s][info][gc,phases      ] GC(2)   Other: 0.2ms
[3.063s][info][gc,heap        ] GC(2) Eden regions: 89->0(101)
[3.063s][info][gc,heap        ] GC(2) Survivor regions: 13->1(13)
[3.063s][info][gc,heap        ] GC(2) Old regions: 6->20
[3.063s][info][gc,heap        ] GC(2) Humongous regions: 0->0
[3.063s][info][gc,metaspace   ] GC(2) Metaspace: 23335K(24192K)->23335K(24192K) NonClass: 20452K(20992K)->20452K(20992K) Class: 2882K(3200K)->2882K(3200K)
[3.063s][info][gc             ] GC(2) Pause Young (Normal) (G1 Evacuation Pause) 208M->32M(4096M) 13.764ms
[3.063s][info][gc,cpu         ] GC(2) User=0.00s Sys=0.00s Real=0.00s
[3.094s][info][gc,start       ] GC(3) Pause Young (Normal) (G1 Evacuation Pause)
[3.094s][info][gc,task        ] GC(3) Using 6 workers of 6 for evacuation
[3.095s][info][gc,phases      ] GC(3)   Pre Evacuate Collection Set: 0.0ms
[3.095s][info][gc,phases      ] GC(3)   Evacuate Collection Set: 0.1ms
[3.095s][info][gc,phases      ] GC(3)   Post Evacuate Collection Set: 0.3ms
[3.095s][info][gc,phases      ] GC(3)   Other: 0.2ms
[3.095s][info][gc,heap        ] GC(3) Eden regions: 101->0(107)
[3.095s][info][gc,heap        ] GC(3) Survivor regions: 1->1(13)
[3.095s][info][gc,heap        ] GC(3) Old regions: 20->20
[3.095s][info][gc,heap        ] GC(3) Humongous regions: 0->0
[3.095s][info][gc,metaspace   ] GC(3) Metaspace: 23335K(24192K)->23335K(24192K) NonClass: 20452K(20992K)->20452K(20992K) Class: 2882K(3200K)->2882K(3200K)
[3.095s][info][gc             ] GC(3) Pause Young (Normal) (G1 Evacuation Pause) 234M->31M(4096M) 0.794ms
[3.095s][info][gc,cpu         ] GC(3) User=0.00s Sys=0.00s Real=0.00s
[3.128s][info][gc,start       ] GC(4) Pause Young (Normal) (G1 Evacuation Pause)
[3.128s][info][gc,task        ] GC(4) Using 6 workers of 6 for evacuation
[3.128s][info][gc,phases      ] GC(4)   Pre Evacuate Collection Set: 0.0ms
[3.128s][info][gc,phases      ] GC(4)   Evacuate Collection Set: 0.1ms
[3.128s][info][gc,phases      ] GC(4)   Post Evacuate Collection Set: 0.4ms
[3.128s][info][gc,phases      ] GC(4)   Other: 0.2ms
[3.128s][info][gc,heap        ] GC(4) Eden regions: 107->0(1227)
[3.128s][info][gc,heap        ] GC(4) Survivor regions: 1->1(14)
[3.128s][info][gc,heap        ] GC(4) Old regions: 20->20
[3.128s][info][gc,heap        ] GC(4) Humongous regions: 0->0
[3.128s][info][gc,metaspace   ] GC(4) Metaspace: 23335K(24192K)->23335K(24192K) NonClass: 20452K(20992K)->20452K(20992K) Class: 2882K(3200K)->2882K(3200K)
[3.128s][info][gc             ] GC(4) Pause Young (Normal) (G1 Evacuation Pause) 245M->30M(4096M) 0.871ms
[3.128s][info][gc,cpu         ] GC(4) User=0.00s Sys=0.00s Real=0.02s
[5.955s][info][gc,task        ] GC(5) Using 6 workers of 6 for full compaction
[5.955s][info][gc,start       ] GC(5) Pause Full (System.gc())
[5.955s][info][gc,phases,start] GC(5) Phase 1: Mark live objects
[5.959s][info][gc,stringtable ] GC(5) Cleaned string and symbol table, strings: 6017 processed, 4 removed, symbols: 55823 processed, 2 removed
[5.959s][info][gc,phases      ] GC(5) Phase 1: Mark live objects 4.000ms
[5.959s][info][gc,phases,start] GC(5) Phase 2: Prepare for compaction
[5.963s][info][gc,phases      ] GC(5) Phase 2: Prepare for compaction 4.272ms
[5.964s][info][gc,phases,start] GC(5) Phase 3: Adjust pointers
[5.966s][info][gc,phases      ] GC(5) Phase 3: Adjust pointers 2.411ms
[5.966s][info][gc,phases,start] GC(5) Phase 4: Compact heap
[5.970s][info][gc,phases      ] GC(5) Phase 4: Compact heap 4.043ms
[5.973s][info][gc,heap        ] GC(5) Eden regions: 925->0(1228)
[5.973s][info][gc,heap        ] GC(5) Survivor regions: 1->0(14)
[5.973s][info][gc,heap        ] GC(5) Old regions: 20->5
[5.973s][info][gc,heap        ] GC(5) Humongous regions: 0->0
[5.973s][info][gc,metaspace   ] GC(5) Metaspace: 23560K(24576K)->23560K(24576K) NonClass: 20632K(21248K)->20632K(21248K) Class: 2927K(3328K)->2927K(3328K)
[5.973s][info][gc             ] GC(5) Pause Full (System.gc()) 1879M->4M(4096M) 17.905ms
[5.973s][info][gc,cpu         ] GC(5) User=0.00s Sys=0.00s Real=0.02s
[10.524s][info][gc,start       ] GC(6) Pause Young (Normal) (G1 Evacuation Pause)
[10.524s][info][gc,task        ] GC(6) Using 6 workers of 6 for evacuation
[10.541s][info][gc,phases      ] GC(6)   Pre Evacuate Collection Set: 0.0ms
[10.541s][info][gc,phases      ] GC(6)   Evacuate Collection Set: 14.4ms
[10.541s][info][gc,phases      ] GC(6)   Post Evacuate Collection Set: 1.1ms
[10.541s][info][gc,phases      ] GC(6)   Other: 0.7ms
[10.541s][info][gc,heap        ] GC(6) Eden regions: 1228->0(543)
[10.541s][info][gc,heap        ] GC(6) Survivor regions: 0->13(154)
[10.541s][info][gc,heap        ] GC(6) Old regions: 5->5
[10.541s][info][gc,heap        ] GC(6) Humongous regions: 0->0
[10.541s][info][gc,metaspace   ] GC(6) Metaspace: 23578K(24576K)->23578K(24576K) NonClass: 20651K(21248K)->20651K(21248K) Class: 2927K(3328K)->2927K(3328K)
[10.541s][info][gc             ] GC(6) Pause Young (Normal) (G1 Evacuation Pause) 2460M->30M(4096M) 16.313ms
[10.541s][info][gc,cpu         ] GC(6) User=0.02s Sys=0.00s Real=0.02s
[10.594s][info][gc,task        ] GC(7) Using 6 workers of 6 for full compaction
[10.595s][info][gc,start       ] GC(7) Pause Full (System.gc())
[10.595s][info][gc,phases,start] GC(7) Phase 1: Mark live objects
[10.597s][info][gc,stringtable ] GC(7) Cleaned string and symbol table, strings: 6018 processed, 0 removed, symbols: 55821 processed, 0 removed
[10.598s][info][gc,phases      ] GC(7) Phase 1: Mark live objects 2.742ms
[10.598s][info][gc,phases,start] GC(7) Phase 2: Prepare for compaction
[10.600s][info][gc,phases      ] GC(7) Phase 2: Prepare for compaction 2.282ms
[10.600s][info][gc,phases,start] GC(7) Phase 3: Adjust pointers
[10.602s][info][gc,phases      ] GC(7) Phase 3: Adjust pointers 2.458ms
[10.603s][info][gc,phases,start] GC(7) Phase 4: Compact heap
[10.603s][info][gc,phases      ] GC(7) Phase 4: Compact heap 0.423ms
[10.605s][info][gc,heap        ] GC(7) Eden regions: 79->0(557)
[10.605s][info][gc,heap        ] GC(7) Survivor regions: 13->0(154)
[10.605s][info][gc,heap        ] GC(7) Old regions: 5->5
[10.605s][info][gc,heap        ] GC(7) Humongous regions: 0->0
[10.605s][info][gc,metaspace   ] GC(7) Metaspace: 23581K(24576K)->23581K(24576K) NonClass: 20653K(21248K)->20653K(21248K) Class: 2927K(3328K)->2927K(3328K)
[10.605s][info][gc             ] GC(7) Pause Full (System.gc()) 188M->4M(4096M) 10.526ms
[10.605s][info][gc,cpu         ] GC(7) User=0.00s Sys=0.00s Real=0.02s
[12.776s][info][gc,start       ] GC(8) Pause Young (Normal) (G1 Evacuation Pause)
[12.776s][info][gc,task        ] GC(8) Using 6 workers of 6 for evacuation
[12.792s][info][gc,phases      ] GC(8)   Pre Evacuate Collection Set: 0.1ms
[12.792s][info][gc,phases      ] GC(8)   Evacuate Collection Set: 14.3ms
[12.792s][info][gc,phases      ] GC(8)   Post Evacuate Collection Set: 0.7ms
[12.792s][info][gc,phases      ] GC(8)   Other: 0.3ms
[12.792s][info][gc,heap        ] GC(8) Eden regions: 557->0(550)
[12.792s][info][gc,heap        ] GC(8) Survivor regions: 0->14(70)
[12.792s][info][gc,heap        ] GC(8) Old regions: 5->5
[12.792s][info][gc,heap        ] GC(8) Humongous regions: 0->0
[12.792s][info][gc,metaspace   ] GC(8) Metaspace: 23587K(24576K)->23587K(24576K) NonClass: 20660K(21248K)->20660K(21248K) Class: 2927K(3328K)->2927K(3328K)
[12.792s][info][gc             ] GC(8) Pause Young (Normal) (G1 Evacuation Pause) 1118M->32M(4096M) 15.500ms
[12.792s][info][gc,cpu         ] GC(8) User=0.02s Sys=0.00s Real=0.02s
[14.966s][info][gc,start       ] GC(9) Pause Young (Normal) (G1 Evacuation Pause)
[14.966s][info][gc,task        ] GC(9) Using 6 workers of 6 for evacuation
[14.980s][info][gc,phases      ] GC(9)   Pre Evacuate Collection Set: 0.0ms
[14.980s][info][gc,phases      ] GC(9)   Evacuate Collection Set: 12.8ms
[14.980s][info][gc,phases      ] GC(9)   Post Evacuate Collection Set: 1.0ms
[14.980s][info][gc,phases      ] GC(9)   Other: 0.2ms
[14.980s][info][gc,heap        ] GC(9) Eden regions: 550->0(1214)
[14.980s][info][gc,heap        ] GC(9) Survivor regions: 14->14(71)
[14.980s][info][gc,heap        ] GC(9) Old regions: 5->5
[14.980s][info][gc,heap        ] GC(9) Humongous regions: 0->0
[14.980s][info][gc,metaspace   ] GC(9) Metaspace: 23589K(24576K)->23589K(24576K) NonClass: 20661K(21248K)->20661K(21248K) Class: 2927K(3328K)->2927K(3328K)
[14.980s][info][gc             ] GC(9) Pause Young (Normal) (G1 Evacuation Pause) 1132M->32M(4096M) 14.142ms
[14.980s][info][gc,cpu         ] GC(9) User=0.00s Sys=0.00s Real=0.01s
[15.087s][info][gc,task        ] GC(10) Using 6 workers of 6 for full compaction
[15.087s][info][gc,start       ] GC(10) Pause Full (System.gc())
[15.087s][info][gc,phases,start] GC(10) Phase 1: Mark live objects
[15.090s][info][gc,stringtable ] GC(10) Cleaned string and symbol table, strings: 6023 processed, 0 removed, symbols: 55821 processed, 0 removed
[15.090s][info][gc,phases      ] GC(10) Phase 1: Mark live objects 2.480ms
[15.090s][info][gc,phases,start] GC(10) Phase 2: Prepare for compaction
[15.092s][info][gc,phases      ] GC(10) Phase 2: Prepare for compaction 2.814ms
[15.093s][info][gc,phases,start] GC(10) Phase 3: Adjust pointers
[15.095s][info][gc,phases      ] GC(10) Phase 3: Adjust pointers 2.445ms
[15.095s][info][gc,phases,start] GC(10) Phase 4: Compact heap
[15.096s][info][gc,phases      ] GC(10) Phase 4: Compact heap 0.992ms
[15.098s][info][gc,heap        ] GC(10) Eden regions: 201->0(1228)
[15.098s][info][gc,heap        ] GC(10) Survivor regions: 14->0(71)
[15.098s][info][gc,heap        ] GC(10) Old regions: 5->5
[15.098s][info][gc,heap        ] GC(10) Humongous regions: 0->0
[15.098s][info][gc,metaspace   ] GC(10) Metaspace: 23590K(24576K)->23590K(24576K) NonClass: 20662K(21248K)->20662K(21248K) Class: 2927K(3328K)->2927K(3328K)
[15.098s][info][gc             ] GC(10) Pause Full (System.gc()) 433M->4M(4096M) 11.434ms
[15.099s][info][gc,cpu         ] GC(10) User=0.02s Sys=0.00s Real=0.02s
[19.494s][info][gc,start       ] GC(11) Pause Young (Normal) (G1 Evacuation Pause)
[19.494s][info][gc,task        ] GC(11) Using 6 workers of 6 for evacuation
[19.508s][info][gc,phases      ] GC(11)   Pre Evacuate Collection Set: 0.0ms
[19.508s][info][gc,phases      ] GC(11)   Evacuate Collection Set: 12.7ms
[19.508s][info][gc,phases      ] GC(11)   Post Evacuate Collection Set: 1.2ms
[19.509s][info][gc,phases      ] GC(11)   Other: 0.3ms
[19.509s][info][gc,heap        ] GC(11) Eden regions: 1228->0(1214)
[19.509s][info][gc,heap        ] GC(11) Survivor regions: 0->14(154)
[19.509s][info][gc,heap        ] GC(11) Old regions: 5->5
[19.509s][info][gc,heap        ] GC(11) Humongous regions: 0->0
[19.509s][info][gc,metaspace   ] GC(11) Metaspace: 23591K(24576K)->23591K(24576K) NonClass: 20663K(21248K)->20663K(21248K) Class: 2927K(3328K)->2927K(3328K)
[19.509s][info][gc             ] GC(11) Pause Young (Normal) (G1 Evacuation Pause) 2460M->31M(4096M) 14.343ms
[19.509s][info][gc,cpu         ] GC(11) User=0.02s Sys=0.00s Real=0.02s
[19.560s][info][gc,task        ] GC(12) Using 6 workers of 6 for full compaction
[19.560s][info][gc,start       ] GC(12) Pause Full (System.gc())
[19.560s][info][gc,phases,start] GC(12) Phase 1: Mark live objects
[19.563s][info][gc,stringtable ] GC(12) Cleaned string and symbol table, strings: 6037 processed, 0 removed, symbols: 55821 processed, 0 removed
[19.563s][info][gc,phases      ] GC(12) Phase 1: Mark live objects 2.748ms
[19.563s][info][gc,phases,start] GC(12) Phase 2: Prepare for compaction
[19.565s][info][gc,phases      ] GC(12) Phase 2: Prepare for compaction 2.133ms
[19.565s][info][gc,phases,start] GC(12) Phase 3: Adjust pointers
[19.568s][info][gc,phases      ] GC(12) Phase 3: Adjust pointers 2.541ms
[19.568s][info][gc,phases,start] GC(12) Phase 4: Compact heap
[19.569s][info][gc,phases      ] GC(12) Phase 4: Compact heap 0.658ms
[19.571s][info][gc,heap        ] GC(12) Eden regions: 79->0(1228)
[19.571s][info][gc,heap        ] GC(12) Survivor regions: 14->0(154)
[19.571s][info][gc,heap        ] GC(12) Old regions: 5->6
[19.571s][info][gc,heap        ] GC(12) Humongous regions: 0->0
[19.571s][info][gc,metaspace   ] GC(12) Metaspace: 23591K(24576K)->23591K(24576K) NonClass: 20663K(21248K)->20663K(21248K) Class: 2927K(3328K)->2927K(3328K)
[19.571s][info][gc             ] GC(12) Pause Full (System.gc()) 189M->4M(4096M) 11.138ms
[19.571s][info][gc,cpu         ] GC(12) User=0.00s Sys=0.00s Real=0.02s
[23.960s][info][gc,start       ] GC(13) Pause Young (Normal) (G1 Evacuation Pause)
[23.960s][info][gc,task        ] GC(13) Using 6 workers of 6 for evacuation
[23.974s][info][gc,phases      ] GC(13)   Pre Evacuate Collection Set: 0.0ms
[23.974s][info][gc,phases      ] GC(13)   Evacuate Collection Set: 12.6ms
[23.974s][info][gc,phases      ] GC(13)   Post Evacuate Collection Set: 1.5ms
[23.974s][info][gc,phases      ] GC(13)   Other: 0.3ms
[23.974s][info][gc,heap        ] GC(13) Eden regions: 1228->0(1214)
[23.974s][info][gc,heap        ] GC(13) Survivor regions: 0->14(154)
[23.974s][info][gc,heap        ] GC(13) Old regions: 6->6
[23.974s][info][gc,heap        ] GC(13) Humongous regions: 0->0
[23.974s][info][gc,metaspace   ] GC(13) Metaspace: 23597K(24576K)->23597K(24576K) NonClass: 20669K(21248K)->20669K(21248K) Class: 2927K(3328K)->2927K(3328K)
[23.974s][info][gc             ] GC(13) Pause Young (Normal) (G1 Evacuation Pause) 2460M->32M(4096M) 14.533ms
[23.974s][info][gc,cpu         ] GC(13) User=0.02s Sys=0.00s Real=0.02s
[24.028s][info][gc,task        ] GC(14) Using 6 workers of 6 for full compaction
[24.028s][info][gc,start       ] GC(14) Pause Full (System.gc())
[24.028s][info][gc,phases,start] GC(14) Phase 1: Mark live objects
[24.031s][info][gc,stringtable ] GC(14) Cleaned string and symbol table, strings: 6040 processed, 0 removed, symbols: 55821 processed, 0 removed
[24.031s][info][gc,phases      ] GC(14) Phase 1: Mark live objects 2.830ms
[24.031s][info][gc,phases,start] GC(14) Phase 2: Prepare for compaction
[24.033s][info][gc,phases      ] GC(14) Phase 2: Prepare for compaction 2.263ms
[24.033s][info][gc,phases,start] GC(14) Phase 3: Adjust pointers
[24.036s][info][gc,phases      ] GC(14) Phase 3: Adjust pointers 2.659ms
[24.036s][info][gc,phases,start] GC(14) Phase 4: Compact heap
[24.036s][info][gc,phases      ] GC(14) Phase 4: Compact heap 0.400ms
[24.039s][info][gc,heap        ] GC(14) Eden regions: 79->0(1228)
[24.039s][info][gc,heap        ] GC(14) Survivor regions: 14->0(154)
[24.039s][info][gc,heap        ] GC(14) Old regions: 6->6
[24.039s][info][gc,heap        ] GC(14) Humongous regions: 0->0
[24.039s][info][gc,metaspace   ] GC(14) Metaspace: 23598K(24576K)->23598K(24576K) NonClass: 20670K(21248K)->20670K(21248K) Class: 2927K(3328K)->2927K(3328K)
[24.039s][info][gc             ] GC(14) Pause Full (System.gc()) 190M->4M(4096M) 10.928ms
[24.039s][info][gc,cpu         ] GC(14) User=0.02s Sys=0.00s Real=0.01s
[28.434s][info][gc,start       ] GC(15) Pause Young (Normal) (G1 Evacuation Pause)
[28.434s][info][gc,task        ] GC(15) Using 6 workers of 6 for evacuation
[28.448s][info][gc,phases      ] GC(15)   Pre Evacuate Collection Set: 0.0ms
[28.448s][info][gc,phases      ] GC(15)   Evacuate Collection Set: 12.5ms
[28.448s][info][gc,phases      ] GC(15)   Post Evacuate Collection Set: 1.2ms
[28.448s][info][gc,phases      ] GC(15)   Other: 0.2ms
[28.448s][info][gc,heap        ] GC(15) Eden regions: 1228->0(1214)
[28.448s][info][gc,heap        ] GC(15) Survivor regions: 0->14(154)
[28.448s][info][gc,heap        ] GC(15) Old regions: 6->6
[28.448s][info][gc,heap        ] GC(15) Humongous regions: 0->0
[28.448s][info][gc,metaspace   ] GC(15) Metaspace: 23598K(24576K)->23598K(24576K) NonClass: 20671K(21248K)->20671K(21248K) Class: 2927K(3328K)->2927K(3328K)
[28.448s][info][gc             ] GC(15) Pause Young (Normal) (G1 Evacuation Pause) 2460M->31M(4096M) 14.114ms
[28.448s][info][gc,cpu         ] GC(15) User=0.02s Sys=0.00s Real=0.01s
[28.499s][info][gc,task        ] GC(16) Using 6 workers of 6 for full compaction
[28.500s][info][gc,start       ] GC(16) Pause Full (System.gc())
[28.500s][info][gc,phases,start] GC(16) Phase 1: Mark live objects
[28.503s][info][gc,stringtable ] GC(16) Cleaned string and symbol table, strings: 6048 processed, 0 removed, symbols: 55821 processed, 0 removed
[28.503s][info][gc,phases      ] GC(16) Phase 1: Mark live objects 3.082ms
[28.503s][info][gc,phases,start] GC(16) Phase 2: Prepare for compaction
[28.505s][info][gc,phases      ] GC(16) Phase 2: Prepare for compaction 2.237ms
[28.505s][info][gc,phases,start] GC(16) Phase 3: Adjust pointers
[28.508s][info][gc,phases      ] GC(16) Phase 3: Adjust pointers 2.506ms
[28.508s][info][gc,phases,start] GC(16) Phase 4: Compact heap
[28.508s][info][gc,phases      ] GC(16) Phase 4: Compact heap 0.481ms
[28.511s][info][gc,heap        ] GC(16) Eden regions: 79->0(1228)
[28.511s][info][gc,heap        ] GC(16) Survivor regions: 14->0(154)
[28.511s][info][gc,heap        ] GC(16) Old regions: 6->5
[28.511s][info][gc,heap        ] GC(16) Humongous regions: 0->0
[28.511s][info][gc,metaspace   ] GC(16) Metaspace: 23598K(24576K)->23598K(24576K) NonClass: 20671K(21248K)->20671K(21248K) Class: 2927K(3328K)->2927K(3328K)
[28.511s][info][gc             ] GC(16) Pause Full (System.gc()) 189M->4M(4096M) 11.332ms
[28.511s][info][gc,cpu         ] GC(16) User=0.02s Sys=0.00s Real=0.02s
[32.903s][info][gc,start       ] GC(17) Pause Young (Normal) (G1 Evacuation Pause)
[32.903s][info][gc,task        ] GC(17) Using 6 workers of 6 for evacuation
[32.917s][info][gc,phases      ] GC(17)   Pre Evacuate Collection Set: 0.0ms
[32.917s][info][gc,phases      ] GC(17)   Evacuate Collection Set: 12.6ms
[32.917s][info][gc,phases      ] GC(17)   Post Evacuate Collection Set: 1.3ms
[32.917s][info][gc,phases      ] GC(17)   Other: 0.2ms
[32.917s][info][gc,heap        ] GC(17) Eden regions: 1228->0(1214)
[32.917s][info][gc,heap        ] GC(17) Survivor regions: 0->14(154)
[32.917s][info][gc,heap        ] GC(17) Old regions: 5->5
[32.917s][info][gc,heap        ] GC(17) Humongous regions: 0->0
[32.917s][info][gc,metaspace   ] GC(17) Metaspace: 23603K(24576K)->23603K(24576K) NonClass: 20675K(21248K)->20675K(21248K) Class: 2927K(3328K)->2927K(3328K)
[32.917s][info][gc             ] GC(17) Pause Young (Normal) (G1 Evacuation Pause) 2460M->32M(4096M) 14.210ms
[32.917s][info][gc,cpu         ] GC(17) User=0.00s Sys=0.00s Real=0.00s
[32.968s][info][gc,task        ] GC(18) Using 6 workers of 6 for full compaction
[32.968s][info][gc,start       ] GC(18) Pause Full (System.gc())
[32.968s][info][gc,phases,start] GC(18) Phase 1: Mark live objects
[32.971s][info][gc,stringtable ] GC(18) Cleaned string and symbol table, strings: 6054 processed, 0 removed, symbols: 55821 processed, 0 removed
[32.971s][info][gc,phases      ] GC(18) Phase 1: Mark live objects 2.966ms
[32.971s][info][gc,phases,start] GC(18) Phase 2: Prepare for compaction
[32.974s][info][gc,phases      ] GC(18) Phase 2: Prepare for compaction 2.200ms
[32.974s][info][gc,phases,start] GC(18) Phase 3: Adjust pointers
[32.976s][info][gc,phases      ] GC(18) Phase 3: Adjust pointers 2.478ms
[32.976s][info][gc,phases,start] GC(18) Phase 4: Compact heap
[32.977s][info][gc,phases      ] GC(18) Phase 4: Compact heap 0.474ms
[32.979s][info][gc,heap        ] GC(18) Eden regions: 79->0(1228)
[32.979s][info][gc,heap        ] GC(18) Survivor regions: 14->0(154)
[32.979s][info][gc,heap        ] GC(18) Old regions: 5->5
[32.979s][info][gc,heap        ] GC(18) Humongous regions: 0->0
[32.979s][info][gc,metaspace   ] GC(18) Metaspace: 23603K(24576K)->23603K(24576K) NonClass: 20676K(21248K)->20676K(21248K) Class: 2927K(3328K)->2927K(3328K)
[32.979s][info][gc             ] GC(18) Pause Full (System.gc()) 190M->4M(4096M) 10.829ms
[32.979s][info][gc,cpu         ] GC(18) User=0.00s Sys=0.00s Real=0.00s
[37.371s][info][gc,start       ] GC(19) Pause Young (Normal) (G1 Evacuation Pause)
[37.371s][info][gc,task        ] GC(19) Using 6 workers of 6 for evacuation
[37.385s][info][gc,phases      ] GC(19)   Pre Evacuate Collection Set: 0.0ms
[37.385s][info][gc,phases      ] GC(19)   Evacuate Collection Set: 12.6ms
[37.385s][info][gc,phases      ] GC(19)   Post Evacuate Collection Set: 1.2ms
[37.385s][info][gc,phases      ] GC(19)   Other: 0.3ms
[37.385s][info][gc,heap        ] GC(19) Eden regions: 1228->0(1214)
[37.385s][info][gc,heap        ] GC(19) Survivor regions: 0->14(154)
[37.385s][info][gc,heap        ] GC(19) Old regions: 5->5
[37.385s][info][gc,heap        ] GC(19) Humongous regions: 0->0
[37.385s][info][gc,metaspace   ] GC(19) Metaspace: 23605K(24576K)->23605K(24576K) NonClass: 20678K(21248K)->20678K(21248K) Class: 2927K(3328K)->2927K(3328K)
[37.385s][info][gc             ] GC(19) Pause Young (Normal) (G1 Evacuation Pause) 2460M->32M(4096M) 14.233ms
[37.385s][info][gc,cpu         ] GC(19) User=0.02s Sys=0.00s Real=0.02s
[37.436s][info][gc,task        ] GC(20) Using 6 workers of 6 for full compaction
[37.436s][info][gc,start       ] GC(20) Pause Full (System.gc())
[37.437s][info][gc,phases,start] GC(20) Phase 1: Mark live objects
[37.439s][info][gc,stringtable ] GC(20) Cleaned string and symbol table, strings: 6054 processed, 0 removed, symbols: 55821 processed, 0 removed
[37.439s][info][gc,phases      ] GC(20) Phase 1: Mark live objects 2.770ms
[37.439s][info][gc,phases,start] GC(20) Phase 2: Prepare for compaction
[37.442s][info][gc,phases      ] GC(20) Phase 2: Prepare for compaction 2.361ms
[37.442s][info][gc,phases,start] GC(20) Phase 3: Adjust pointers
[37.444s][info][gc,phases      ] GC(20) Phase 3: Adjust pointers 2.364ms
[37.444s][info][gc,phases,start] GC(20) Phase 4: Compact heap
[37.445s][info][gc,phases      ] GC(20) Phase 4: Compact heap 0.653ms
[37.447s][info][gc,heap        ] GC(20) Eden regions: 79->0(1228)
[37.447s][info][gc,heap        ] GC(20) Survivor regions: 14->0(154)
[37.447s][info][gc,heap        ] GC(20) Old regions: 5->5
[37.447s][info][gc,heap        ] GC(20) Humongous regions: 0->0
[37.447s][info][gc,metaspace   ] GC(20) Metaspace: 23605K(24576K)->23605K(24576K) NonClass: 20678K(21248K)->20678K(21248K) Class: 2927K(3328K)->2927K(3328K)
[37.447s][info][gc             ] GC(20) Pause Full (System.gc()) 190M->4M(4096M) 10.904ms
[37.447s][info][gc,cpu         ] GC(20) User=0.02s Sys=0.00s Real=0.02s
[41.829s][info][gc,start       ] GC(21) Pause Young (Normal) (G1 Evacuation Pause)
[41.829s][info][gc,task        ] GC(21) Using 6 workers of 6 for evacuation
[41.843s][info][gc,phases      ] GC(21)   Pre Evacuate Collection Set: 0.1ms
[41.843s][info][gc,phases      ] GC(21)   Evacuate Collection Set: 12.7ms
[41.843s][info][gc,phases      ] GC(21)   Post Evacuate Collection Set: 1.2ms
[41.843s][info][gc,phases      ] GC(21)   Other: 0.3ms
[41.843s][info][gc,heap        ] GC(21) Eden regions: 1228->0(1214)
[41.843s][info][gc,heap        ] GC(21) Survivor regions: 0->14(154)
[41.843s][info][gc,heap        ] GC(21) Old regions: 5->5
[41.843s][info][gc,heap        ] GC(21) Humongous regions: 0->0
[41.843s][info][gc,metaspace   ] GC(21) Metaspace: 23609K(24576K)->23609K(24576K) NonClass: 20681K(21248K)->20681K(21248K) Class: 2927K(3328K)->2927K(3328K)
[41.843s][info][gc             ] GC(21) Pause Young (Normal) (G1 Evacuation Pause) 2460M->32M(4096M) 14.366ms
[41.843s][info][gc,cpu         ] GC(21) User=0.02s Sys=0.00s Real=0.02s
[41.895s][info][gc,task        ] GC(22) Using 6 workers of 6 for full compaction
[41.895s][info][gc,start       ] GC(22) Pause Full (System.gc())
[41.895s][info][gc,phases,start] GC(22) Phase 1: Mark live objects
[41.898s][info][gc,stringtable ] GC(22) Cleaned string and symbol table, strings: 6054 processed, 0 removed, symbols: 55821 processed, 0 removed
[41.898s][info][gc,phases      ] GC(22) Phase 1: Mark live objects 2.812ms
[41.898s][info][gc,phases,start] GC(22) Phase 2: Prepare for compaction
[41.900s][info][gc,phases      ] GC(22) Phase 2: Prepare for compaction 2.187ms
[41.901s][info][gc,phases,start] GC(22) Phase 3: Adjust pointers
[41.903s][info][gc,phases      ] GC(22) Phase 3: Adjust pointers 2.399ms
[41.903s][info][gc,phases,start] GC(22) Phase 4: Compact heap
[41.904s][info][gc,phases      ] GC(22) Phase 4: Compact heap 0.632ms
[41.906s][info][gc,heap        ] GC(22) Eden regions: 79->0(1228)
[41.906s][info][gc,heap        ] GC(22) Survivor regions: 14->0(154)
[41.906s][info][gc,heap        ] GC(22) Old regions: 5->6
[41.906s][info][gc,heap        ] GC(22) Humongous regions: 0->0
[41.906s][info][gc,metaspace   ] GC(22) Metaspace: 23611K(24576K)->23611K(24576K) NonClass: 20684K(21248K)->20684K(21248K) Class: 2927K(3328K)->2927K(3328K)
[41.906s][info][gc             ] GC(22) Pause Full (System.gc()) 190M->4M(4096M) 10.778ms
[41.906s][info][gc,cpu         ] GC(22) User=0.02s Sys=0.00s Real=0.02s
[46.294s][info][gc,start       ] GC(23) Pause Young (Normal) (G1 Evacuation Pause)
[46.294s][info][gc,task        ] GC(23) Using 6 workers of 6 for evacuation
[46.308s][info][gc,phases      ] GC(23)   Pre Evacuate Collection Set: 0.0ms
[46.308s][info][gc,phases      ] GC(23)   Evacuate Collection Set: 12.5ms
[46.308s][info][gc,phases      ] GC(23)   Post Evacuate Collection Set: 1.3ms
[46.308s][info][gc,phases      ] GC(23)   Other: 0.2ms
[46.308s][info][gc,heap        ] GC(23) Eden regions: 1228->0(1214)
[46.308s][info][gc,heap        ] GC(23) Survivor regions: 0->14(154)
[46.308s][info][gc,heap        ] GC(23) Old regions: 6->6
[46.308s][info][gc,heap        ] GC(23) Humongous regions: 0->0
[46.308s][info][gc,metaspace   ] GC(23) Metaspace: 23612K(24576K)->23612K(24576K) NonClass: 20685K(21248K)->20685K(21248K) Class: 2927K(3328K)->2927K(3328K)
[46.308s][info][gc             ] GC(23) Pause Young (Normal) (G1 Evacuation Pause) 2460M->32M(4096M) 14.170ms
[46.308s][info][gc,cpu         ] GC(23) User=0.02s Sys=0.00s Real=0.02s
[46.359s][info][gc,task        ] GC(24) Using 6 workers of 6 for full compaction
[46.359s][info][gc,start       ] GC(24) Pause Full (System.gc())
[46.359s][info][gc,phases,start] GC(24) Phase 1: Mark live objects
[46.362s][info][gc,stringtable ] GC(24) Cleaned string and symbol table, strings: 6057 processed, 0 removed, symbols: 55821 processed, 0 removed
[46.362s][info][gc,phases      ] GC(24) Phase 1: Mark live objects 3.151ms
[46.362s][info][gc,phases,start] GC(24) Phase 2: Prepare for compaction
[46.365s][info][gc,phases      ] GC(24) Phase 2: Prepare for compaction 2.389ms
[46.365s][info][gc,phases,start] GC(24) Phase 3: Adjust pointers
[46.367s][info][gc,phases      ] GC(24) Phase 3: Adjust pointers 2.495ms
[46.367s][info][gc,phases,start] GC(24) Phase 4: Compact heap
[46.368s][info][gc,phases      ] GC(24) Phase 4: Compact heap 0.542ms
[46.370s][info][gc,heap        ] GC(24) Eden regions: 80->0(1228)
[46.370s][info][gc,heap        ] GC(24) Survivor regions: 14->0(154)
[46.370s][info][gc,heap        ] GC(24) Old regions: 6->5
[46.370s][info][gc,heap        ] GC(24) Humongous regions: 0->0
[46.370s][info][gc,metaspace   ] GC(24) Metaspace: 23612K(24576K)->23612K(24576K) NonClass: 20685K(21248K)->20685K(21248K) Class: 2927K(3328K)->2927K(3328K)
[46.370s][info][gc             ] GC(24) Pause Full (System.gc()) 191M->4M(4096M) 11.528ms
[46.371s][info][gc,cpu         ] GC(24) User=0.00s Sys=0.00s Real=0.02s
[50.757s][info][gc,start       ] GC(25) Pause Young (Normal) (G1 Evacuation Pause)
[50.757s][info][gc,task        ] GC(25) Using 6 workers of 6 for evacuation
[50.771s][info][gc,phases      ] GC(25)   Pre Evacuate Collection Set: 0.0ms
[50.771s][info][gc,phases      ] GC(25)   Evacuate Collection Set: 12.7ms
[50.771s][info][gc,phases      ] GC(25)   Post Evacuate Collection Set: 1.2ms
[50.771s][info][gc,phases      ] GC(25)   Other: 0.2ms
[50.771s][info][gc,heap        ] GC(25) Eden regions: 1228->0(1214)
[50.771s][info][gc,heap        ] GC(25) Survivor regions: 0->14(154)
[50.771s][info][gc,heap        ] GC(25) Old regions: 5->5
[50.771s][info][gc,heap        ] GC(25) Humongous regions: 0->0
[50.771s][info][gc,metaspace   ] GC(25) Metaspace: 23614K(24576K)->23614K(24576K) NonClass: 20686K(21248K)->20686K(21248K) Class: 2927K(3328K)->2927K(3328K)
[50.771s][info][gc             ] GC(25) Pause Young (Normal) (G1 Evacuation Pause) 2460M->32M(4096M) 14.253ms
[50.771s][info][gc,cpu         ] GC(25) User=0.00s Sys=0.00s Real=0.00s
[50.822s][info][gc,task        ] GC(26) Using 6 workers of 6 for full compaction
[50.823s][info][gc,start       ] GC(26) Pause Full (System.gc())
[50.823s][info][gc,phases,start] GC(26) Phase 1: Mark live objects
[50.826s][info][gc,stringtable ] GC(26) Cleaned string and symbol table, strings: 6057 processed, 0 removed, symbols: 55821 processed, 0 removed
[50.826s][info][gc,phases      ] GC(26) Phase 1: Mark live objects 2.890ms
[50.826s][info][gc,phases,start] GC(26) Phase 2: Prepare for compaction
[50.828s][info][gc,phases      ] GC(26) Phase 2: Prepare for compaction 2.136ms
[50.828s][info][gc,phases,start] GC(26) Phase 3: Adjust pointers
[50.831s][info][gc,phases      ] GC(26) Phase 3: Adjust pointers 2.638ms
[50.831s][info][gc,phases,start] GC(26) Phase 4: Compact heap
[50.831s][info][gc,phases      ] GC(26) Phase 4: Compact heap 0.408ms
[50.833s][info][gc,heap        ] GC(26) Eden regions: 79->0(1228)
[50.833s][info][gc,heap        ] GC(26) Survivor regions: 14->0(154)
[50.833s][info][gc,heap        ] GC(26) Old regions: 5->5
[50.833s][info][gc,heap        ] GC(26) Humongous regions: 0->0
[50.833s][info][gc,metaspace   ] GC(26) Metaspace: 23614K(24576K)->23614K(24576K) NonClass: 20686K(21248K)->20686K(21248K) Class: 2927K(3328K)->2927K(3328K)
[50.833s][info][gc             ] GC(26) Pause Full (System.gc()) 190M->4M(4096M) 10.829ms
[50.834s][info][gc,cpu         ] GC(26) User=0.00s Sys=0.00s Real=0.02s
[55.215s][info][gc,start       ] GC(27) Pause Young (Normal) (G1 Evacuation Pause)
[55.215s][info][gc,task        ] GC(27) Using 6 workers of 6 for evacuation
[55.229s][info][gc,phases      ] GC(27)   Pre Evacuate Collection Set: 0.0ms
[55.229s][info][gc,phases      ] GC(27)   Evacuate Collection Set: 12.6ms
[55.229s][info][gc,phases      ] GC(27)   Post Evacuate Collection Set: 1.2ms
[55.229s][info][gc,phases      ] GC(27)   Other: 0.3ms
[55.229s][info][gc,heap        ] GC(27) Eden regions: 1228->0(1214)
[55.229s][info][gc,heap        ] GC(27) Survivor regions: 0->14(154)
[55.229s][info][gc,heap        ] GC(27) Old regions: 5->5
[55.229s][info][gc,heap        ] GC(27) Humongous regions: 0->0
[55.229s][info][gc,metaspace   ] GC(27) Metaspace: 23617K(24576K)->23617K(24576K) NonClass: 20689K(21248K)->20689K(21248K) Class: 2927K(3328K)->2927K(3328K)
[55.229s][info][gc             ] GC(27) Pause Young (Normal) (G1 Evacuation Pause) 2460M->32M(4096M) 14.245ms
[55.229s][info][gc,cpu         ] GC(27) User=0.00s Sys=0.00s Real=0.00s
[55.280s][info][gc,task        ] GC(28) Using 6 workers of 6 for full compaction
[55.280s][info][gc,start       ] GC(28) Pause Full (System.gc())
[55.280s][info][gc,phases,start] GC(28) Phase 1: Mark live objects
[55.283s][info][gc,stringtable ] GC(28) Cleaned string and symbol table, strings: 6060 processed, 0 removed, symbols: 55821 processed, 0 removed
[55.283s][info][gc,phases      ] GC(28) Phase 1: Mark live objects 2.817ms
[55.283s][info][gc,phases,start] GC(28) Phase 2: Prepare for compaction
[55.285s][info][gc,phases      ] GC(28) Phase 2: Prepare for compaction 2.372ms
[55.286s][info][gc,phases,start] GC(28) Phase 3: Adjust pointers
[55.288s][info][gc,phases      ] GC(28) Phase 3: Adjust pointers 2.433ms
[55.288s][info][gc,phases,start] GC(28) Phase 4: Compact heap
[55.289s][info][gc,phases      ] GC(28) Phase 4: Compact heap 0.820ms
[55.291s][info][gc,heap        ] GC(28) Eden regions: 79->0(1228)
[55.291s][info][gc,heap        ] GC(28) Survivor regions: 14->0(154)
[55.291s][info][gc,heap        ] GC(28) Old regions: 5->6
[55.291s][info][gc,heap        ] GC(28) Humongous regions: 0->0
[55.291s][info][gc,metaspace   ] GC(28) Metaspace: 23617K(24576K)->23617K(24576K) NonClass: 20689K(21248K)->20689K(21248K) Class: 2927K(3328K)->2927K(3328K)
[55.291s][info][gc             ] GC(28) Pause Full (System.gc()) 190M->4M(4096M) 11.283ms
[55.291s][info][gc,cpu         ] GC(28) User=0.00s Sys=0.00s Real=0.00s
[59.681s][info][gc,start       ] GC(29) Pause Young (Normal) (G1 Evacuation Pause)
[59.681s][info][gc,task        ] GC(29) Using 6 workers of 6 for evacuation
[59.695s][info][gc,phases      ] GC(29)   Pre Evacuate Collection Set: 0.0ms
[59.695s][info][gc,phases      ] GC(29)   Evacuate Collection Set: 12.6ms
[59.695s][info][gc,phases      ] GC(29)   Post Evacuate Collection Set: 1.4ms
[59.695s][info][gc,phases      ] GC(29)   Other: 0.2ms
[59.695s][info][gc,heap        ] GC(29) Eden regions: 1228->0(1214)
[59.695s][info][gc,heap        ] GC(29) Survivor regions: 0->14(154)
[59.695s][info][gc,heap        ] GC(29) Old regions: 6->6
[59.695s][info][gc,heap        ] GC(29) Humongous regions: 0->0
[59.695s][info][gc,metaspace   ] GC(29) Metaspace: 23624K(24576K)->23624K(24576K) NonClass: 20696K(21248K)->20696K(21248K) Class: 2927K(3328K)->2927K(3328K)
[59.696s][info][gc             ] GC(29) Pause Young (Normal) (G1 Evacuation Pause) 2460M->32M(4096M) 14.369ms
[59.696s][info][gc,cpu         ] GC(29) User=0.02s Sys=0.00s Real=0.01s
[59.747s][info][gc,task        ] GC(30) Using 6 workers of 6 for full compaction
[59.747s][info][gc,start       ] GC(30) Pause Full (System.gc())
[59.747s][info][gc,phases,start] GC(30) Phase 1: Mark live objects
[59.750s][info][gc,stringtable ] GC(30) Cleaned string and symbol table, strings: 6060 processed, 0 removed, symbols: 55821 processed, 0 removed
[59.750s][info][gc,phases      ] GC(30) Phase 1: Mark live objects 3.050ms
[59.750s][info][gc,phases,start] GC(30) Phase 2: Prepare for compaction
[59.753s][info][gc,phases      ] GC(30) Phase 2: Prepare for compaction 2.455ms
[59.753s][info][gc,phases,start] GC(30) Phase 3: Adjust pointers
[59.756s][info][gc,phases      ] GC(30) Phase 3: Adjust pointers 2.467ms
[59.756s][info][gc,phases,start] GC(30) Phase 4: Compact heap
[59.756s][info][gc,phases      ] GC(30) Phase 4: Compact heap 0.717ms
[59.759s][info][gc,heap        ] GC(30) Eden regions: 79->0(1228)
[59.759s][info][gc,heap        ] GC(30) Survivor regions: 14->0(154)
[59.759s][info][gc,heap        ] GC(30) Old regions: 6->6
[59.759s][info][gc,heap        ] GC(30) Humongous regions: 0->0
[59.759s][info][gc,metaspace   ] GC(30) Metaspace: 23626K(24576K)->23626K(24576K) NonClass: 20698K(21248K)->20698K(21248K) Class: 2927K(3328K)->2927K(3328K)
[59.759s][info][gc             ] GC(30) Pause Full (System.gc()) 190M->4M(4096M) 11.350ms
[59.759s][info][gc,cpu         ] GC(30) User=0.02s Sys=0.00s Real=0.02s
[64.144s][info][gc,start       ] GC(31) Pause Young (Normal) (G1 Evacuation Pause)
[64.144s][info][gc,task        ] GC(31) Using 6 workers of 6 for evacuation
[64.158s][info][gc,phases      ] GC(31)   Pre Evacuate Collection Set: 0.0ms
[64.158s][info][gc,phases      ] GC(31)   Evacuate Collection Set: 12.7ms
[64.158s][info][gc,phases      ] GC(31)   Post Evacuate Collection Set: 1.2ms
[64.158s][info][gc,phases      ] GC(31)   Other: 0.2ms
[64.158s][info][gc,heap        ] GC(31) Eden regions: 1228->0(1214)
[64.158s][info][gc,heap        ] GC(31) Survivor regions: 0->14(154)
[64.158s][info][gc,heap        ] GC(31) Old regions: 6->6
[64.158s][info][gc,heap        ] GC(31) Humongous regions: 0->0
[64.158s][info][gc,metaspace   ] GC(31) Metaspace: 23627K(24576K)->23627K(24576K) NonClass: 20700K(21248K)->20700K(21248K) Class: 2927K(3328K)->2927K(3328K)
[64.158s][info][gc             ] GC(31) Pause Young (Normal) (G1 Evacuation Pause) 2460M->32M(4096M) 14.255ms
[64.158s][info][gc,cpu         ] GC(31) User=0.02s Sys=0.00s Real=0.02s
[64.209s][info][gc,task        ] GC(32) Using 6 workers of 6 for full compaction
[64.209s][info][gc,start       ] GC(32) Pause Full (System.gc())
[64.210s][info][gc,phases,start] GC(32) Phase 1: Mark live objects
[64.212s][info][gc,stringtable ] GC(32) Cleaned string and symbol table, strings: 6060 processed, 0 removed, symbols: 55821 processed, 0 removed
[64.212s][info][gc,phases      ] GC(32) Phase 1: Mark live objects 2.747ms
[64.212s][info][gc,phases,start] GC(32) Phase 2: Prepare for compaction
[64.215s][info][gc,phases      ] GC(32) Phase 2: Prepare for compaction 2.300ms
[64.215s][info][gc,phases,start] GC(32) Phase 3: Adjust pointers
[64.217s][info][gc,phases      ] GC(32) Phase 3: Adjust pointers 2.533ms
[64.217s][info][gc,phases,start] GC(32) Phase 4: Compact heap
[64.218s][info][gc,phases      ] GC(32) Phase 4: Compact heap 0.690ms
[64.220s][info][gc,heap        ] GC(32) Eden regions: 79->0(1228)
[64.220s][info][gc,heap        ] GC(32) Survivor regions: 14->0(154)
[64.220s][info][gc,heap        ] GC(32) Old regions: 6->6
[64.220s][info][gc,heap        ] GC(32) Humongous regions: 0->0
[64.220s][info][gc,metaspace   ] GC(32) Metaspace: 23631K(24576K)->23631K(24576K) NonClass: 20703K(21248K)->20703K(21248K) Class: 2927K(3328K)->2927K(3328K)
[64.220s][info][gc             ] GC(32) Pause Full (System.gc()) 190M->4M(4096M) 10.965ms
[64.221s][info][gc,cpu         ] GC(32) User=0.00s Sys=0.00s Real=0.00s
[68.606s][info][gc,start       ] GC(33) Pause Young (Normal) (G1 Evacuation Pause)
[68.606s][info][gc,task        ] GC(33) Using 6 workers of 6 for evacuation
[68.620s][info][gc,phases      ] GC(33)   Pre Evacuate Collection Set: 0.0ms
[68.620s][info][gc,phases      ] GC(33)   Evacuate Collection Set: 12.6ms
[68.620s][info][gc,phases      ] GC(33)   Post Evacuate Collection Set: 1.3ms
[68.620s][info][gc,phases      ] GC(33)   Other: 0.2ms
[68.620s][info][gc,heap        ] GC(33) Eden regions: 1228->0(1213)
[68.620s][info][gc,heap        ] GC(33) Survivor regions: 0->15(154)
[68.620s][info][gc,heap        ] GC(33) Old regions: 6->6
[68.620s][info][gc,heap        ] GC(33) Humongous regions: 0->0
[68.620s][info][gc,metaspace   ] GC(33) Metaspace: 23646K(24576K)->23646K(24576K) NonClass: 20718K(21248K)->20718K(21248K) Class: 2927K(3328K)->2927K(3328K)
[68.620s][info][gc             ] GC(33) Pause Young (Normal) (G1 Evacuation Pause) 2460M->33M(4096M) 14.361ms
[68.620s][info][gc,cpu         ] GC(33) User=0.00s Sys=0.00s Real=0.02s
[68.672s][info][gc,task        ] GC(34) Using 6 workers of 6 for full compaction
[68.672s][info][gc,start       ] GC(34) Pause Full (System.gc())
[68.672s][info][gc,phases,start] GC(34) Phase 1: Mark live objects
[68.675s][info][gc,stringtable ] GC(34) Cleaned string and symbol table, strings: 6060 processed, 0 removed, symbols: 55821 processed, 0 removed
[68.675s][info][gc,phases      ] GC(34) Phase 1: Mark live objects 2.491ms
[68.675s][info][gc,phases,start] GC(34) Phase 2: Prepare for compaction
[68.677s][info][gc,phases      ] GC(34) Phase 2: Prepare for compaction 2.482ms
[68.677s][info][gc,phases,start] GC(34) Phase 3: Adjust pointers
[68.680s][info][gc,phases      ] GC(34) Phase 3: Adjust pointers 2.433ms
[68.680s][info][gc,phases,start] GC(34) Phase 4: Compact heap
[68.680s][info][gc,phases      ] GC(34) Phase 4: Compact heap 0.645ms
[68.683s][info][gc,heap        ] GC(34) Eden regions: 79->0(1228)
[68.683s][info][gc,heap        ] GC(34) Survivor regions: 15->0(154)
[68.683s][info][gc,heap        ] GC(34) Old regions: 6->6
[68.683s][info][gc,heap        ] GC(34) Humongous regions: 0->0
[68.683s][info][gc,metaspace   ] GC(34) Metaspace: 23649K(24576K)->23649K(24576K) NonClass: 20721K(21248K)->20721K(21248K) Class: 2927K(3328K)->2927K(3328K)
[68.683s][info][gc             ] GC(34) Pause Full (System.gc()) 191M->4M(4096M) 11.092ms
[68.683s][info][gc,cpu         ] GC(34) User=0.00s Sys=0.00s Real=0.02s
[73.063s][info][gc,start       ] GC(35) Pause Young (Normal) (G1 Evacuation Pause)
[73.063s][info][gc,task        ] GC(35) Using 6 workers of 6 for evacuation
[73.077s][info][gc,phases      ] GC(35)   Pre Evacuate Collection Set: 0.1ms
[73.077s][info][gc,phases      ] GC(35)   Evacuate Collection Set: 12.3ms
[73.077s][info][gc,phases      ] GC(35)   Post Evacuate Collection Set: 1.2ms
[73.077s][info][gc,phases      ] GC(35)   Other: 0.3ms
[73.077s][info][gc,heap        ] GC(35) Eden regions: 1228->0(1214)
[73.077s][info][gc,heap        ] GC(35) Survivor regions: 0->14(154)
[73.077s][info][gc,heap        ] GC(35) Old regions: 6->6
[73.077s][info][gc,heap        ] GC(35) Humongous regions: 0->0
[73.077s][info][gc,metaspace   ] GC(35) Metaspace: 23649K(24576K)->23649K(24576K) NonClass: 20721K(21248K)->20721K(21248K) Class: 2927K(3328K)->2927K(3328K)
[73.077s][info][gc             ] GC(35) Pause Young (Normal) (G1 Evacuation Pause) 2460M->32M(4096M) 14.007ms
[73.077s][info][gc,cpu         ] GC(35) User=0.00s Sys=0.00s Real=0.00s
[73.127s][info][gc,task        ] GC(36) Using 6 workers of 6 for full compaction
[73.127s][info][gc,start       ] GC(36) Pause Full (System.gc())
[73.128s][info][gc,phases,start] GC(36) Phase 1: Mark live objects
[73.130s][info][gc,stringtable ] GC(36) Cleaned string and symbol table, strings: 6060 processed, 0 removed, symbols: 55821 processed, 0 removed
[73.130s][info][gc,phases      ] GC(36) Phase 1: Mark live objects 2.855ms
[73.130s][info][gc,phases,start] GC(36) Phase 2: Prepare for compaction
[73.133s][info][gc,phases      ] GC(36) Phase 2: Prepare for compaction 2.861ms
[73.133s][info][gc,phases,start] GC(36) Phase 3: Adjust pointers
[73.136s][info][gc,phases      ] GC(36) Phase 3: Adjust pointers 2.386ms
[73.136s][info][gc,phases,start] GC(36) Phase 4: Compact heap
[73.137s][info][gc,phases      ] GC(36) Phase 4: Compact heap 0.691ms
[73.139s][info][gc,heap        ] GC(36) Eden regions: 79->0(1228)
[73.139s][info][gc,heap        ] GC(36) Survivor regions: 14->0(154)
[73.139s][info][gc,heap        ] GC(36) Old regions: 6->5
[73.139s][info][gc,heap        ] GC(36) Humongous regions: 0->0
[73.139s][info][gc,metaspace   ] GC(36) Metaspace: 23649K(24576K)->23649K(24576K) NonClass: 20721K(21248K)->20721K(21248K) Class: 2927K(3328K)->2927K(3328K)
[73.139s][info][gc             ] GC(36) Pause Full (System.gc()) 190M->4M(4096M) 11.425ms
[73.139s][info][gc,cpu         ] GC(36) User=0.00s Sys=0.00s Real=0.00s
[77.518s][info][gc,start       ] GC(37) Pause Young (Normal) (G1 Evacuation Pause)
[77.518s][info][gc,task        ] GC(37) Using 6 workers of 6 for evacuation
[77.532s][info][gc,phases      ] GC(37)   Pre Evacuate Collection Set: 0.0ms
[77.532s][info][gc,phases      ] GC(37)   Evacuate Collection Set: 12.5ms
[77.532s][info][gc,phases      ] GC(37)   Post Evacuate Collection Set: 1.2ms
[77.532s][info][gc,phases      ] GC(37)   Other: 0.2ms
[77.532s][info][gc,heap        ] GC(37) Eden regions: 1228->0(1214)
[77.532s][info][gc,heap        ] GC(37) Survivor regions: 0->14(154)
[77.532s][info][gc,heap        ] GC(37) Old regions: 5->5
[77.532s][info][gc,heap        ] GC(37) Humongous regions: 0->0
[77.532s][info][gc,metaspace   ] GC(37) Metaspace: 23650K(24576K)->23650K(24576K) NonClass: 20722K(21248K)->20722K(21248K) Class: 2927K(3328K)->2927K(3328K)
[77.532s][info][gc             ] GC(37) Pause Young (Normal) (G1 Evacuation Pause) 2460M->32M(4096M) 14.061ms
[77.532s][info][gc,cpu         ] GC(37) User=0.02s Sys=0.00s Real=0.02s
[77.584s][info][gc,task        ] GC(38) Using 6 workers of 6 for full compaction
[77.584s][info][gc,start       ] GC(38) Pause Full (System.gc())
[77.584s][info][gc,phases,start] GC(38) Phase 1: Mark live objects
[77.587s][info][gc,stringtable ] GC(38) Cleaned string and symbol table, strings: 6060 processed, 0 removed, symbols: 55821 processed, 0 removed
[77.587s][info][gc,phases      ] GC(38) Phase 1: Mark live objects 2.776ms
[77.587s][info][gc,phases,start] GC(38) Phase 2: Prepare for compaction
[77.589s][info][gc,phases      ] GC(38) Phase 2: Prepare for compaction 2.414ms
[77.589s][info][gc,phases,start] GC(38) Phase 3: Adjust pointers
[77.592s][info][gc,phases      ] GC(38) Phase 3: Adjust pointers 2.419ms
[77.592s][info][gc,phases,start] GC(38) Phase 4: Compact heap
[77.592s][info][gc,phases      ] GC(38) Phase 4: Compact heap 0.523ms
[77.594s][info][gc,heap        ] GC(38) Eden regions: 79->0(1228)
[77.594s][info][gc,heap        ] GC(38) Survivor regions: 14->0(154)
[77.594s][info][gc,heap        ] GC(38) Old regions: 5->4
[77.594s][info][gc,heap        ] GC(38) Humongous regions: 0->0
[77.594s][info][gc,metaspace   ] GC(38) Metaspace: 23650K(24576K)->23650K(24576K) NonClass: 20722K(21248K)->20722K(21248K) Class: 2927K(3328K)->2927K(3328K)
[77.595s][info][gc             ] GC(38) Pause Full (System.gc()) 190M->4M(4096M) 10.813ms
[77.595s][info][gc,cpu         ] GC(38) User=0.00s Sys=0.00s Real=0.02s
[81.973s][info][gc,start       ] GC(39) Pause Young (Normal) (G1 Evacuation Pause)
[81.973s][info][gc,task        ] GC(39) Using 6 workers of 6 for evacuation
[81.988s][info][gc,phases      ] GC(39)   Pre Evacuate Collection Set: 0.1ms
[81.988s][info][gc,phases      ] GC(39)   Evacuate Collection Set: 13.2ms
[81.988s][info][gc,phases      ] GC(39)   Post Evacuate Collection Set: 1.2ms
[81.988s][info][gc,phases      ] GC(39)   Other: 0.4ms
[81.988s][info][gc,heap        ] GC(39) Eden regions: 1228->0(1214)
[81.988s][info][gc,heap        ] GC(39) Survivor regions: 0->14(154)
[81.988s][info][gc,heap        ] GC(39) Old regions: 4->4
[81.988s][info][gc,heap        ] GC(39) Humongous regions: 0->0
[81.988s][info][gc,metaspace   ] GC(39) Metaspace: 23650K(24576K)->23650K(24576K) NonClass: 20722K(21248K)->20722K(21248K) Class: 2927K(3328K)->2927K(3328K)
[81.988s][info][gc             ] GC(39) Pause Young (Normal) (G1 Evacuation Pause) 2460M->32M(4096M) 14.873ms
[81.988s][info][gc,cpu         ] GC(39) User=0.00s Sys=0.00s Real=0.02s
[82.039s][info][gc,task        ] GC(40) Using 6 workers of 6 for full compaction
[82.040s][info][gc,start       ] GC(40) Pause Full (System.gc())
[82.040s][info][gc,phases,start] GC(40) Phase 1: Mark live objects
[82.042s][info][gc,stringtable ] GC(40) Cleaned string and symbol table, strings: 6060 processed, 0 removed, symbols: 55821 processed, 0 removed
[82.043s][info][gc,phases      ] GC(40) Phase 1: Mark live objects 2.814ms
[82.043s][info][gc,phases,start] GC(40) Phase 2: Prepare for compaction
[82.045s][info][gc,phases      ] GC(40) Phase 2: Prepare for compaction 2.292ms
[82.045s][info][gc,phases,start] GC(40) Phase 3: Adjust pointers
[82.048s][info][gc,phases      ] GC(40) Phase 3: Adjust pointers 2.587ms
[82.048s][info][gc,phases,start] GC(40) Phase 4: Compact heap
[82.048s][info][gc,phases      ] GC(40) Phase 4: Compact heap 0.527ms
[82.051s][info][gc,heap        ] GC(40) Eden regions: 79->0(1228)
[82.051s][info][gc,heap        ] GC(40) Survivor regions: 14->0(154)
[82.051s][info][gc,heap        ] GC(40) Old regions: 4->5
[82.051s][info][gc,heap        ] GC(40) Humongous regions: 0->0
[82.051s][info][gc,metaspace   ] GC(40) Metaspace: 23652K(24576K)->23652K(24576K) NonClass: 20724K(21248K)->20724K(21248K) Class: 2927K(3328K)->2927K(3328K)
[82.051s][info][gc             ] GC(40) Pause Full (System.gc()) 190M->4M(4096M) 11.372ms
[82.051s][info][gc,cpu         ] GC(40) User=0.02s Sys=0.00s Real=0.02s
[86.425s][info][gc,start       ] GC(41) Pause Young (Normal) (G1 Evacuation Pause)
[86.425s][info][gc,task        ] GC(41) Using 6 workers of 6 for evacuation
[86.439s][info][gc,phases      ] GC(41)   Pre Evacuate Collection Set: 0.0ms
[86.439s][info][gc,phases      ] GC(41)   Evacuate Collection Set: 13.1ms
[86.439s][info][gc,phases      ] GC(41)   Post Evacuate Collection Set: 1.3ms
[86.439s][info][gc,phases      ] GC(41)   Other: 0.3ms
[86.439s][info][gc,heap        ] GC(41) Eden regions: 1228->0(1214)
[86.439s][info][gc,heap        ] GC(41) Survivor regions: 0->14(154)
[86.439s][info][gc,heap        ] GC(41) Old regions: 5->5
[86.439s][info][gc,heap        ] GC(41) Humongous regions: 0->0
[86.439s][info][gc,metaspace   ] GC(41) Metaspace: 23660K(24576K)->23660K(24576K) NonClass: 20732K(21248K)->20732K(21248K) Class: 2927K(3328K)->2927K(3328K)
[86.439s][info][gc             ] GC(41) Pause Young (Normal) (G1 Evacuation Pause) 2460M->32M(4096M) 14.798ms
[86.439s][info][gc,cpu         ] GC(41) User=0.06s Sys=0.00s Real=0.02s
[86.490s][info][gc,task        ] GC(42) Using 6 workers of 6 for full compaction
[86.491s][info][gc,start       ] GC(42) Pause Full (System.gc())
[86.491s][info][gc,phases,start] GC(42) Phase 1: Mark live objects
[86.494s][info][gc,stringtable ] GC(42) Cleaned string and symbol table, strings: 6060 processed, 0 removed, symbols: 55821 processed, 0 removed
[86.494s][info][gc,phases      ] GC(42) Phase 1: Mark live objects 3.039ms
[86.494s][info][gc,phases,start] GC(42) Phase 2: Prepare for compaction
[86.496s][info][gc,phases      ] GC(42) Phase 2: Prepare for compaction 2.212ms
[86.496s][info][gc,phases,start] GC(42) Phase 3: Adjust pointers
[86.499s][info][gc,phases      ] GC(42) Phase 3: Adjust pointers 2.634ms
[86.499s][info][gc,phases,start] GC(42) Phase 4: Compact heap
[86.499s][info][gc,phases      ] GC(42) Phase 4: Compact heap 0.459ms
[86.502s][info][gc,heap        ] GC(42) Eden regions: 79->0(1228)
[86.502s][info][gc,heap        ] GC(42) Survivor regions: 14->0(154)
[86.502s][info][gc,heap        ] GC(42) Old regions: 5->4
[86.502s][info][gc,heap        ] GC(42) Humongous regions: 0->0
[86.502s][info][gc,metaspace   ] GC(42) Metaspace: 23660K(24576K)->23660K(24576K) NonClass: 20732K(21248K)->20732K(21248K) Class: 2927K(3328K)->2927K(3328K)
[86.502s][info][gc             ] GC(42) Pause Full (System.gc()) 190M->4M(4096M) 11.055ms
[86.502s][info][gc,cpu         ] GC(42) User=0.00s Sys=0.00s Real=0.00s
[90.881s][info][gc,start       ] GC(43) Pause Young (Normal) (G1 Evacuation Pause)
[90.881s][info][gc,task        ] GC(43) Using 6 workers of 6 for evacuation
[90.896s][info][gc,phases      ] GC(43)   Pre Evacuate Collection Set: 0.0ms
[90.896s][info][gc,phases      ] GC(43)   Evacuate Collection Set: 12.7ms
[90.896s][info][gc,phases      ] GC(43)   Post Evacuate Collection Set: 1.3ms
[90.896s][info][gc,phases      ] GC(43)   Other: 0.3ms
[90.896s][info][gc,heap        ] GC(43) Eden regions: 1228->0(1214)
[90.896s][info][gc,heap        ] GC(43) Survivor regions: 0->14(154)
[90.896s][info][gc,heap        ] GC(43) Old regions: 4->4
[90.896s][info][gc,heap        ] GC(43) Humongous regions: 0->0
[90.896s][info][gc,metaspace   ] GC(43) Metaspace: 23662K(24576K)->23662K(24576K) NonClass: 20734K(21248K)->20734K(21248K) Class: 2927K(3328K)->2927K(3328K)
[90.896s][info][gc             ] GC(43) Pause Young (Normal) (G1 Evacuation Pause) 2460M->32M(4096M) 14.442ms
[90.896s][info][gc,cpu         ] GC(43) User=0.02s Sys=0.00s Real=0.02s
[90.947s][info][gc,task        ] GC(44) Using 6 workers of 6 for full compaction
[90.947s][info][gc,start       ] GC(44) Pause Full (System.gc())
[90.947s][info][gc,phases,start] GC(44) Phase 1: Mark live objects
[90.950s][info][gc,stringtable ] GC(44) Cleaned string and symbol table, strings: 6060 processed, 0 removed, symbols: 55821 processed, 0 removed
[90.950s][info][gc,phases      ] GC(44) Phase 1: Mark live objects 3.199ms
[90.950s][info][gc,phases,start] GC(44) Phase 2: Prepare for compaction
[90.952s][info][gc,phases      ] GC(44) Phase 2: Prepare for compaction 2.313ms
[90.952s][info][gc,phases,start] GC(44) Phase 3: Adjust pointers
[90.955s][info][gc,phases      ] GC(44) Phase 3: Adjust pointers 2.715ms
[90.955s][info][gc,phases,start] GC(44) Phase 4: Compact heap
[90.956s][info][gc,phases      ] GC(44) Phase 4: Compact heap 0.494ms
[90.958s][info][gc,heap        ] GC(44) Eden regions: 79->0(1228)
[90.958s][info][gc,heap        ] GC(44) Survivor regions: 14->0(154)
[90.958s][info][gc,heap        ] GC(44) Old regions: 4->6
[90.958s][info][gc,heap        ] GC(44) Humongous regions: 0->0
[90.958s][info][gc,metaspace   ] GC(44) Metaspace: 23665K(24576K)->23665K(24576K) NonClass: 20737K(21248K)->20737K(21248K) Class: 2927K(3328K)->2927K(3328K)
[90.958s][info][gc             ] GC(44) Pause Full (System.gc()) 190M->4M(4096M) 11.476ms
[90.958s][info][gc,cpu         ] GC(44) User=0.00s Sys=0.00s Real=0.00s
[95.337s][info][gc,start       ] GC(45) Pause Young (Normal) (G1 Evacuation Pause)
[95.337s][info][gc,task        ] GC(45) Using 6 workers of 6 for evacuation
[95.351s][info][gc,phases      ] GC(45)   Pre Evacuate Collection Set: 0.0ms
[95.351s][info][gc,phases      ] GC(45)   Evacuate Collection Set: 12.5ms
[95.351s][info][gc,phases      ] GC(45)   Post Evacuate Collection Set: 1.2ms
[95.351s][info][gc,phases      ] GC(45)   Other: 0.3ms
[95.351s][info][gc,heap        ] GC(45) Eden regions: 1228->0(1214)
[95.351s][info][gc,heap        ] GC(45) Survivor regions: 0->14(154)
[95.351s][info][gc,heap        ] GC(45) Old regions: 6->6
[95.351s][info][gc,heap        ] GC(45) Humongous regions: 0->0
[95.351s][info][gc,metaspace   ] GC(45) Metaspace: 23665K(24576K)->23665K(24576K) NonClass: 20737K(21248K)->20737K(21248K) Class: 2927K(3328K)->2927K(3328K)
[95.351s][info][gc             ] GC(45) Pause Young (Normal) (G1 Evacuation Pause) 2460M->32M(4096M) 14.122ms
[95.351s][info][gc,cpu         ] GC(45) User=0.02s Sys=0.00s Real=0.02s
[95.402s][info][gc,task        ] GC(46) Using 6 workers of 6 for full compaction
[95.402s][info][gc,start       ] GC(46) Pause Full (System.gc())
[95.402s][info][gc,phases,start] GC(46) Phase 1: Mark live objects
[95.405s][info][gc,stringtable ] GC(46) Cleaned string and symbol table, strings: 6060 processed, 0 removed, symbols: 55821 processed, 0 removed
[95.405s][info][gc,phases      ] GC(46) Phase 1: Mark live objects 2.738ms
[95.405s][info][gc,phases,start] GC(46) Phase 2: Prepare for compaction
[95.407s][info][gc,phases      ] GC(46) Phase 2: Prepare for compaction 2.386ms
[95.407s][info][gc,phases,start] GC(46) Phase 3: Adjust pointers
[95.410s][info][gc,phases      ] GC(46) Phase 3: Adjust pointers 2.429ms
[95.410s][info][gc,phases,start] GC(46) Phase 4: Compact heap
[95.410s][info][gc,phases      ] GC(46) Phase 4: Compact heap 0.639ms
[95.413s][info][gc,heap        ] GC(46) Eden regions: 79->0(1228)
[95.413s][info][gc,heap        ] GC(46) Survivor regions: 14->0(154)
[95.413s][info][gc,heap        ] GC(46) Old regions: 6->5
[95.413s][info][gc,heap        ] GC(46) Humongous regions: 0->0
[95.413s][info][gc,metaspace   ] GC(46) Metaspace: 23666K(24576K)->23666K(24576K) NonClass: 20738K(21248K)->20738K(21248K) Class: 2927K(3328K)->2927K(3328K)
[95.413s][info][gc             ] GC(46) Pause Full (System.gc()) 190M->4M(4096M) 10.920ms
[95.413s][info][gc,cpu         ] GC(46) User=0.02s Sys=0.00s Real=0.02s
[99.816s][info][gc,start       ] GC(47) Pause Young (Normal) (G1 Evacuation Pause)
[99.816s][info][gc,task        ] GC(47) Using 6 workers of 6 for evacuation
[99.830s][info][gc,phases      ] GC(47)   Pre Evacuate Collection Set: 0.0ms
[99.830s][info][gc,phases      ] GC(47)   Evacuate Collection Set: 13.0ms
[99.830s][info][gc,phases      ] GC(47)   Post Evacuate Collection Set: 1.3ms
[99.830s][info][gc,phases      ] GC(47)   Other: 0.3ms
[99.830s][info][gc,heap        ] GC(47) Eden regions: 1228->0(1214)
[99.830s][info][gc,heap        ] GC(47) Survivor regions: 0->14(154)
[99.830s][info][gc,heap        ] GC(47) Old regions: 5->5
[99.830s][info][gc,heap        ] GC(47) Humongous regions: 0->0
[99.830s][info][gc,metaspace   ] GC(47) Metaspace: 23680K(24576K)->23680K(24576K) NonClass: 20753K(21248K)->20753K(21248K) Class: 2927K(3328K)->2927K(3328K)
[99.830s][info][gc             ] GC(47) Pause Young (Normal) (G1 Evacuation Pause) 2460M->32M(4096M) 14.735ms
[99.830s][info][gc,cpu         ] GC(47) User=0.00s Sys=0.00s Real=0.02s
[99.881s][info][gc,task        ] GC(48) Using 6 workers of 6 for full compaction
[99.881s][info][gc,start       ] GC(48) Pause Full (System.gc())
[99.881s][info][gc,phases,start] GC(48) Phase 1: Mark live objects
[99.884s][info][gc,stringtable ] GC(48) Cleaned string and symbol table, strings: 6060 processed, 0 removed, symbols: 55821 processed, 0 removed
[99.884s][info][gc,phases      ] GC(48) Phase 1: Mark live objects 2.855ms
[99.884s][info][gc,phases,start] GC(48) Phase 2: Prepare for compaction
[99.887s][info][gc,phases      ] GC(48) Phase 2: Prepare for compaction 2.268ms
[99.887s][info][gc,phases,start] GC(48) Phase 3: Adjust pointers
[99.889s][info][gc,phases      ] GC(48) Phase 3: Adjust pointers 2.525ms
[99.889s][info][gc,phases,start] GC(48) Phase 4: Compact heap
[99.890s][info][gc,phases      ] GC(48) Phase 4: Compact heap 0.497ms
[99.892s][info][gc,heap        ] GC(48) Eden regions: 79->0(1228)
[99.892s][info][gc,heap        ] GC(48) Survivor regions: 14->0(154)
[99.892s][info][gc,heap        ] GC(48) Old regions: 5->4
[99.892s][info][gc,heap        ] GC(48) Humongous regions: 0->0
[99.892s][info][gc,metaspace   ] GC(48) Metaspace: 23684K(24576K)->23684K(24576K) NonClass: 20756K(21248K)->20756K(21248K) Class: 2927K(3328K)->2927K(3328K)
[99.892s][info][gc             ] GC(48) Pause Full (System.gc()) 190M->4M(4096M) 10.885ms
[99.892s][info][gc,cpu         ] GC(48) User=0.00s Sys=0.00s Real=0.00s
[104.269s][info][gc,start       ] GC(49) Pause Young (Normal) (G1 Evacuation Pause)
[104.269s][info][gc,task        ] GC(49) Using 6 workers of 6 for evacuation
[104.284s][info][gc,phases      ] GC(49)   Pre Evacuate Collection Set: 0.1ms
[104.284s][info][gc,phases      ] GC(49)   Evacuate Collection Set: 13.3ms
[104.284s][info][gc,phases      ] GC(49)   Post Evacuate Collection Set: 1.2ms
[104.284s][info][gc,phases      ] GC(49)   Other: 0.3ms
[104.284s][info][gc,heap        ] GC(49) Eden regions: 1228->0(1214)
[104.284s][info][gc,heap        ] GC(49) Survivor regions: 0->14(154)
[104.284s][info][gc,heap        ] GC(49) Old regions: 4->4
[104.284s][info][gc,heap        ] GC(49) Humongous regions: 0->0
[104.284s][info][gc,metaspace   ] GC(49) Metaspace: 23686K(24576K)->23686K(24576K) NonClass: 20758K(21248K)->20758K(21248K) Class: 2927K(3328K)->2927K(3328K)
[104.284s][info][gc             ] GC(49) Pause Young (Normal) (G1 Evacuation Pause) 2460M->32M(4096M) 15.020ms
[104.284s][info][gc,cpu         ] GC(49) User=0.02s Sys=0.00s Real=0.01s
[104.335s][info][gc,task        ] GC(50) Using 6 workers of 6 for full compaction
[104.335s][info][gc,start       ] GC(50) Pause Full (System.gc())
[104.336s][info][gc,phases,start] GC(50) Phase 1: Mark live objects
[104.339s][info][gc,stringtable ] GC(50) Cleaned string and symbol table, strings: 6060 processed, 0 removed, symbols: 55821 processed, 0 removed
[104.339s][info][gc,phases      ] GC(50) Phase 1: Mark live objects 3.177ms
[104.339s][info][gc,phases,start] GC(50) Phase 2: Prepare for compaction
[104.341s][info][gc,phases      ] GC(50) Phase 2: Prepare for compaction 2.393ms
[104.341s][info][gc,phases,start] GC(50) Phase 3: Adjust pointers
[104.344s][info][gc,phases      ] GC(50) Phase 3: Adjust pointers 2.487ms
[104.344s][info][gc,phases,start] GC(50) Phase 4: Compact heap
[104.344s][info][gc,phases      ] GC(50) Phase 4: Compact heap 0.526ms
[104.347s][info][gc,heap        ] GC(50) Eden regions: 79->0(1228)
[104.347s][info][gc,heap        ] GC(50) Survivor regions: 14->0(154)
[104.347s][info][gc,heap        ] GC(50) Old regions: 4->5
[104.347s][info][gc,heap        ] GC(50) Humongous regions: 0->0
[104.347s][info][gc,metaspace   ] GC(50) Metaspace: 23686K(24576K)->23686K(24576K) NonClass: 20758K(21248K)->20758K(21248K) Class: 2927K(3328K)->2927K(3328K)
[104.347s][info][gc             ] GC(50) Pause Full (System.gc()) 190M->4M(4096M) 11.412ms
[104.347s][info][gc,cpu         ] GC(50) User=0.02s Sys=0.00s Real=0.01s
[108.727s][info][gc,start       ] GC(51) Pause Young (Normal) (G1 Evacuation Pause)
[108.727s][info][gc,task        ] GC(51) Using 6 workers of 6 for evacuation
[108.741s][info][gc,phases      ] GC(51)   Pre Evacuate Collection Set: 0.0ms
[108.741s][info][gc,phases      ] GC(51)   Evacuate Collection Set: 12.7ms
[108.741s][info][gc,phases      ] GC(51)   Post Evacuate Collection Set: 1.2ms
[108.741s][info][gc,phases      ] GC(51)   Other: 0.2ms
[108.741s][info][gc,heap        ] GC(51) Eden regions: 1228->0(1214)
[108.741s][info][gc,heap        ] GC(51) Survivor regions: 0->14(154)
[108.741s][info][gc,heap        ] GC(51) Old regions: 5->5
[108.741s][info][gc,heap        ] GC(51) Humongous regions: 0->0
[108.741s][info][gc,metaspace   ] GC(51) Metaspace: 23688K(24576K)->23688K(24576K) NonClass: 20760K(21248K)->20760K(21248K) Class: 2927K(3328K)->2927K(3328K)
[108.741s][info][gc             ] GC(51) Pause Young (Normal) (G1 Evacuation Pause) 2460M->32M(4096M) 14.285ms
[108.741s][info][gc,cpu         ] GC(51) User=0.02s Sys=0.00s Real=0.02s
[108.795s][info][gc,task        ] GC(52) Using 6 workers of 6 for full compaction
[108.795s][info][gc,start       ] GC(52) Pause Full (System.gc())
[108.795s][info][gc,phases,start] GC(52) Phase 1: Mark live objects
[108.798s][info][gc,stringtable ] GC(52) Cleaned string and symbol table, strings: 6060 processed, 0 removed, symbols: 55821 processed, 0 removed
[108.798s][info][gc,phases      ] GC(52) Phase 1: Mark live objects 2.578ms
[108.798s][info][gc,phases,start] GC(52) Phase 2: Prepare for compaction
[108.800s][info][gc,phases      ] GC(52) Phase 2: Prepare for compaction 2.057ms
[108.800s][info][gc,phases,start] GC(52) Phase 3: Adjust pointers
[108.803s][info][gc,phases      ] GC(52) Phase 3: Adjust pointers 2.522ms
[108.803s][info][gc,phases,start] GC(52) Phase 4: Compact heap
[108.803s][info][gc,phases      ] GC(52) Phase 4: Compact heap 0.468ms
[108.805s][info][gc,heap        ] GC(52) Eden regions: 79->0(1228)
[108.805s][info][gc,heap        ] GC(52) Survivor regions: 14->0(154)
[108.805s][info][gc,heap        ] GC(52) Old regions: 5->5
[108.805s][info][gc,heap        ] GC(52) Humongous regions: 0->0
[108.805s][info][gc,metaspace   ] GC(52) Metaspace: 23688K(24576K)->23688K(24576K) NonClass: 20760K(21248K)->20760K(21248K) Class: 2927K(3328K)->2927K(3328K)
[108.805s][info][gc             ] GC(52) Pause Full (System.gc()) 190M->4M(4096M) 10.335ms
[108.806s][info][gc,cpu         ] GC(52) User=0.00s Sys=0.00s Real=0.02s
[113.183s][info][gc,start       ] GC(53) Pause Young (Normal) (G1 Evacuation Pause)
[113.184s][info][gc,task        ] GC(53) Using 6 workers of 6 for evacuation
[113.197s][info][gc,phases      ] GC(53)   Pre Evacuate Collection Set: 0.0ms
[113.197s][info][gc,phases      ] GC(53)   Evacuate Collection Set: 12.5ms
[113.197s][info][gc,phases      ] GC(53)   Post Evacuate Collection Set: 1.2ms
[113.198s][info][gc,phases      ] GC(53)   Other: 0.2ms
[113.198s][info][gc,heap        ] GC(53) Eden regions: 1228->0(1214)
[113.198s][info][gc,heap        ] GC(53) Survivor regions: 0->14(154)
[113.198s][info][gc,heap        ] GC(53) Old regions: 5->5
[113.198s][info][gc,heap        ] GC(53) Humongous regions: 0->0
[113.198s][info][gc,metaspace   ] GC(53) Metaspace: 23688K(24576K)->23688K(24576K) NonClass: 20760K(21248K)->20760K(21248K) Class: 2927K(3328K)->2927K(3328K)
[113.198s][info][gc             ] GC(53) Pause Young (Normal) (G1 Evacuation Pause) 2460M->32M(4096M) 14.075ms
[113.198s][info][gc,cpu         ] GC(53) User=0.02s Sys=0.00s Real=0.02s
[113.250s][info][gc,task        ] GC(54) Using 6 workers of 6 for full compaction
[113.250s][info][gc,start       ] GC(54) Pause Full (System.gc())
[113.250s][info][gc,phases,start] GC(54) Phase 1: Mark live objects
[113.253s][info][gc,stringtable ] GC(54) Cleaned string and symbol table, strings: 6060 processed, 0 removed, symbols: 55821 processed, 0 removed
[113.253s][info][gc,phases      ] GC(54) Phase 1: Mark live objects 2.889ms
[113.253s][info][gc,phases,start] GC(54) Phase 2: Prepare for compaction
[113.255s][info][gc,phases      ] GC(54) Phase 2: Prepare for compaction 2.294ms
[113.255s][info][gc,phases,start] GC(54) Phase 3: Adjust pointers
[113.258s][info][gc,phases      ] GC(54) Phase 3: Adjust pointers 2.580ms
[113.258s][info][gc,phases,start] GC(54) Phase 4: Compact heap
[113.259s][info][gc,phases      ] GC(54) Phase 4: Compact heap 0.544ms
[113.261s][info][gc,heap        ] GC(54) Eden regions: 79->0(1228)
[113.261s][info][gc,heap        ] GC(54) Survivor regions: 14->0(154)
[113.261s][info][gc,heap        ] GC(54) Old regions: 5->5
[113.261s][info][gc,heap        ] GC(54) Humongous regions: 0->0
[113.261s][info][gc,metaspace   ] GC(54) Metaspace: 23688K(24576K)->23688K(24576K) NonClass: 20760K(21248K)->20760K(21248K) Class: 2927K(3328K)->2927K(3328K)
[113.261s][info][gc             ] GC(54) Pause Full (System.gc()) 190M->4M(4096M) 11.082ms
[113.261s][info][gc,cpu         ] GC(54) User=0.02s Sys=0.00s Real=0.02s
[117.637s][info][gc,start       ] GC(55) Pause Young (Normal) (G1 Evacuation Pause)
[117.637s][info][gc,task        ] GC(55) Using 6 workers of 6 for evacuation
[117.651s][info][gc,phases      ] GC(55)   Pre Evacuate Collection Set: 0.0ms
[117.651s][info][gc,phases      ] GC(55)   Evacuate Collection Set: 12.6ms
[117.651s][info][gc,phases      ] GC(55)   Post Evacuate Collection Set: 1.2ms
[117.651s][info][gc,phases      ] GC(55)   Other: 0.2ms
[117.651s][info][gc,heap        ] GC(55) Eden regions: 1228->0(1214)
[117.651s][info][gc,heap        ] GC(55) Survivor regions: 0->14(154)
[117.651s][info][gc,heap        ] GC(55) Old regions: 5->5
[117.651s][info][gc,heap        ] GC(55) Humongous regions: 0->0
[117.651s][info][gc,metaspace   ] GC(55) Metaspace: 23699K(24576K)->23699K(24576K) NonClass: 20771K(21248K)->20771K(21248K) Class: 2927K(3328K)->2927K(3328K)
[117.651s][info][gc             ] GC(55) Pause Young (Normal) (G1 Evacuation Pause) 2460M->32M(4096M) 14.095ms
[117.651s][info][gc,cpu         ] GC(55) User=0.00s Sys=0.00s Real=0.00s
[117.702s][info][gc,task        ] GC(56) Using 6 workers of 6 for full compaction
[117.702s][info][gc,start       ] GC(56) Pause Full (System.gc())
[117.702s][info][gc,phases,start] GC(56) Phase 1: Mark live objects
[117.705s][info][gc,stringtable ] GC(56) Cleaned string and symbol table, strings: 6061 processed, 0 removed, symbols: 55821 processed, 0 removed
[117.705s][info][gc,phases      ] GC(56) Phase 1: Mark live objects 2.840ms
[117.705s][info][gc,phases,start] GC(56) Phase 2: Prepare for compaction
[117.708s][info][gc,phases      ] GC(56) Phase 2: Prepare for compaction 2.275ms
[117.708s][info][gc,phases,start] GC(56) Phase 3: Adjust pointers
[117.710s][info][gc,phases      ] GC(56) Phase 3: Adjust pointers 2.480ms
[117.710s][info][gc,phases,start] GC(56) Phase 4: Compact heap
[117.711s][info][gc,phases      ] GC(56) Phase 4: Compact heap 0.594ms
[117.713s][info][gc,heap        ] GC(56) Eden regions: 80->0(1228)
[117.713s][info][gc,heap        ] GC(56) Survivor regions: 14->0(154)
[117.713s][info][gc,heap        ] GC(56) Old regions: 5->5
[117.713s][info][gc,heap        ] GC(56) Humongous regions: 0->0
[117.713s][info][gc,metaspace   ] GC(56) Metaspace: 23704K(24576K)->23704K(24576K) NonClass: 20777K(21248K)->20777K(21248K) Class: 2927K(3328K)->2927K(3328K)
[117.713s][info][gc             ] GC(56) Pause Full (System.gc()) 191M->4M(4096M) 10.870ms
[117.713s][info][gc,cpu         ] GC(56) User=0.00s Sys=0.00s Real=0.00s
[122.095s][info][gc,start       ] GC(57) Pause Young (Normal) (G1 Evacuation Pause)
[122.095s][info][gc,task        ] GC(57) Using 6 workers of 6 for evacuation
[122.110s][info][gc,phases      ] GC(57)   Pre Evacuate Collection Set: 0.0ms
[122.110s][info][gc,phases      ] GC(57)   Evacuate Collection Set: 12.9ms
[122.110s][info][gc,phases      ] GC(57)   Post Evacuate Collection Set: 1.2ms
[122.110s][info][gc,phases      ] GC(57)   Other: 0.3ms
[122.110s][info][gc,heap        ] GC(57) Eden regions: 1228->0(1214)
[122.110s][info][gc,heap        ] GC(57) Survivor regions: 0->14(154)
[122.110s][info][gc,heap        ] GC(57) Old regions: 5->5
[122.110s][info][gc,heap        ] GC(57) Humongous regions: 0->0
[122.110s][info][gc,metaspace   ] GC(57) Metaspace: 23730K(24832K)->23730K(24832K) NonClass: 20802K(21504K)->20802K(21504K) Class: 2927K(3328K)->2927K(3328K)
[122.110s][info][gc             ] GC(57) Pause Young (Normal) (G1 Evacuation Pause) 2460M->32M(4096M) 14.552ms
[122.110s][info][gc,cpu         ] GC(57) User=0.03s Sys=0.00s Real=0.03s
[122.161s][info][gc,task        ] GC(58) Using 6 workers of 6 for full compaction
[122.161s][info][gc,start       ] GC(58) Pause Full (System.gc())
[122.161s][info][gc,phases,start] GC(58) Phase 1: Mark live objects
[122.164s][info][gc,stringtable ] GC(58) Cleaned string and symbol table, strings: 6083 processed, 0 removed, symbols: 55821 processed, 0 removed
[122.164s][info][gc,phases      ] GC(58) Phase 1: Mark live objects 2.779ms
[122.164s][info][gc,phases,start] GC(58) Phase 2: Prepare for compaction
[122.166s][info][gc,phases      ] GC(58) Phase 2: Prepare for compaction 2.376ms
[122.166s][info][gc,phases,start] GC(58) Phase 3: Adjust pointers
[122.169s][info][gc,phases      ] GC(58) Phase 3: Adjust pointers 2.458ms
[122.169s][info][gc,phases,start] GC(58) Phase 4: Compact heap
[122.170s][info][gc,phases      ] GC(58) Phase 4: Compact heap 0.771ms
[122.172s][info][gc,heap        ] GC(58) Eden regions: 79->0(1228)
[122.172s][info][gc,heap        ] GC(58) Survivor regions: 14->0(154)
[122.172s][info][gc,heap        ] GC(58) Old regions: 5->6
[122.172s][info][gc,heap        ] GC(58) Humongous regions: 0->0
[122.172s][info][gc,metaspace   ] GC(58) Metaspace: 23730K(24832K)->23730K(24832K) NonClass: 20802K(21504K)->20802K(21504K) Class: 2927K(3328K)->2927K(3328K)
[122.172s][info][gc             ] GC(58) Pause Full (System.gc()) 190M->4M(4096M) 11.034ms
[122.172s][info][gc,cpu         ] GC(58) User=0.00s Sys=0.00s Real=0.00s
[126.558s][info][gc,start       ] GC(59) Pause Young (Normal) (G1 Evacuation Pause)
[126.558s][info][gc,task        ] GC(59) Using 6 workers of 6 for evacuation
[126.572s][info][gc,phases      ] GC(59)   Pre Evacuate Collection Set: 0.0ms
[126.572s][info][gc,phases      ] GC(59)   Evacuate Collection Set: 12.7ms
[126.572s][info][gc,phases      ] GC(59)   Post Evacuate Collection Set: 1.2ms
[126.572s][info][gc,phases      ] GC(59)   Other: 0.3ms
[126.572s][info][gc,heap        ] GC(59) Eden regions: 1228->0(1214)
[126.572s][info][gc,heap        ] GC(59) Survivor regions: 0->14(154)
[126.572s][info][gc,heap        ] GC(59) Old regions: 6->6
[126.572s][info][gc,heap        ] GC(59) Humongous regions: 0->0
[126.572s][info][gc,metaspace   ] GC(59) Metaspace: 23731K(24832K)->23731K(24832K) NonClass: 20803K(21504K)->20803K(21504K) Class: 2927K(3328K)->2927K(3328K)
[126.572s][info][gc             ] GC(59) Pause Young (Normal) (G1 Evacuation Pause) 2460M->32M(4096M) 14.286ms
[126.572s][info][gc,cpu         ] GC(59) User=0.00s Sys=0.00s Real=0.02s
[126.623s][info][gc,task        ] GC(60) Using 6 workers of 6 for full compaction
[126.623s][info][gc,start       ] GC(60) Pause Full (System.gc())
[126.623s][info][gc,phases,start] GC(60) Phase 1: Mark live objects
[126.626s][info][gc,stringtable ] GC(60) Cleaned string and symbol table, strings: 6083 processed, 0 removed, symbols: 55821 processed, 0 removed
[126.626s][info][gc,phases      ] GC(60) Phase 1: Mark live objects 3.074ms
[126.626s][info][gc,phases,start] GC(60) Phase 2: Prepare for compaction
[126.629s][info][gc,phases      ] GC(60) Phase 2: Prepare for compaction 2.318ms
[126.629s][info][gc,phases,start] GC(60) Phase 3: Adjust pointers
[126.631s][info][gc,phases      ] GC(60) Phase 3: Adjust pointers 2.548ms
[126.631s][info][gc,phases,start] GC(60) Phase 4: Compact heap
[126.632s][info][gc,phases      ] GC(60) Phase 4: Compact heap 0.501ms
[126.634s][info][gc,heap        ] GC(60) Eden regions: 79->0(1228)
[126.634s][info][gc,heap        ] GC(60) Survivor regions: 14->0(154)
[126.634s][info][gc,heap        ] GC(60) Old regions: 6->5
[126.634s][info][gc,heap        ] GC(60) Humongous regions: 0->0
[126.634s][info][gc,metaspace   ] GC(60) Metaspace: 23731K(24832K)->23731K(24832K) NonClass: 20803K(21504K)->20803K(21504K) Class: 2927K(3328K)->2927K(3328K)
[126.634s][info][gc             ] GC(60) Pause Full (System.gc()) 190M->4M(4096M) 11.187ms
[126.634s][info][gc,cpu         ] GC(60) User=0.00s Sys=0.00s Real=0.00s
[131.033s][info][gc,start       ] GC(61) Pause Young (Normal) (G1 Evacuation Pause)
[131.033s][info][gc,task        ] GC(61) Using 6 workers of 6 for evacuation
[131.047s][info][gc,phases      ] GC(61)   Pre Evacuate Collection Set: 0.1ms
[131.048s][info][gc,phases      ] GC(61)   Evacuate Collection Set: 12.8ms
[131.048s][info][gc,phases      ] GC(61)   Post Evacuate Collection Set: 1.2ms
[131.048s][info][gc,phases      ] GC(61)   Other: 0.3ms
[131.048s][info][gc,heap        ] GC(61) Eden regions: 1228->0(1214)
[131.048s][info][gc,heap        ] GC(61) Survivor regions: 0->14(154)
[131.048s][info][gc,heap        ] GC(61) Old regions: 5->5
[131.048s][info][gc,heap        ] GC(61) Humongous regions: 0->0
[131.048s][info][gc,metaspace   ] GC(61) Metaspace: 23742K(24832K)->23742K(24832K) NonClass: 20815K(21504K)->20815K(21504K) Class: 2927K(3328K)->2927K(3328K)
[131.048s][info][gc             ] GC(61) Pause Young (Normal) (G1 Evacuation Pause) 2460M->32M(4096M) 14.487ms
[131.048s][info][gc,cpu         ] GC(61) User=0.00s Sys=0.00s Real=0.01s
[131.099s][info][gc,task        ] GC(62) Using 6 workers of 6 for full compaction
[131.099s][info][gc,start       ] GC(62) Pause Full (System.gc())
[131.099s][info][gc,phases,start] GC(62) Phase 1: Mark live objects
[131.102s][info][gc,stringtable ] GC(62) Cleaned string and symbol table, strings: 6083 processed, 0 removed, symbols: 55821 processed, 0 removed
[131.102s][info][gc,phases      ] GC(62) Phase 1: Mark live objects 3.093ms
[131.102s][info][gc,phases,start] GC(62) Phase 2: Prepare for compaction
[131.104s][info][gc,phases      ] GC(62) Phase 2: Prepare for compaction 2.293ms
[131.104s][info][gc,phases,start] GC(62) Phase 3: Adjust pointers
[131.107s][info][gc,phases      ] GC(62) Phase 3: Adjust pointers 2.590ms
[131.107s][info][gc,phases,start] GC(62) Phase 4: Compact heap
[131.107s][info][gc,phases      ] GC(62) Phase 4: Compact heap 0.488ms
[131.110s][info][gc,heap        ] GC(62) Eden regions: 79->0(1228)
[131.110s][info][gc,heap        ] GC(62) Survivor regions: 14->0(154)
[131.110s][info][gc,heap        ] GC(62) Old regions: 5->5
[131.110s][info][gc,heap        ] GC(62) Humongous regions: 0->0
[131.110s][info][gc,metaspace   ] GC(62) Metaspace: 23743K(24832K)->23743K(24832K) NonClass: 20815K(21504K)->20815K(21504K) Class: 2927K(3328K)->2927K(3328K)
[131.110s][info][gc             ] GC(62) Pause Full (System.gc()) 190M->4M(4096M) 11.293ms
[131.110s][info][gc,cpu         ] GC(62) User=0.00s Sys=0.00s Real=0.00s
[135.486s][info][gc,start       ] GC(63) Pause Young (Normal) (G1 Evacuation Pause)
[135.486s][info][gc,task        ] GC(63) Using 6 workers of 6 for evacuation
[135.500s][info][gc,phases      ] GC(63)   Pre Evacuate Collection Set: 0.1ms
[135.500s][info][gc,phases      ] GC(63)   Evacuate Collection Set: 12.5ms
[135.500s][info][gc,phases      ] GC(63)   Post Evacuate Collection Set: 1.2ms
[135.500s][info][gc,phases      ] GC(63)   Other: 0.3ms
[135.500s][info][gc,heap        ] GC(63) Eden regions: 1228->0(1214)
[135.500s][info][gc,heap        ] GC(63) Survivor regions: 0->14(154)
[135.500s][info][gc,heap        ] GC(63) Old regions: 5->5
[135.500s][info][gc,heap        ] GC(63) Humongous regions: 0->0
[135.500s][info][gc,metaspace   ] GC(63) Metaspace: 23743K(24832K)->23743K(24832K) NonClass: 20815K(21504K)->20815K(21504K) Class: 2927K(3328K)->2927K(3328K)
[135.500s][info][gc             ] GC(63) Pause Young (Normal) (G1 Evacuation Pause) 2460M->32M(4096M) 14.251ms
[135.500s][info][gc,cpu         ] GC(63) User=0.02s Sys=0.00s Real=0.02s
[135.552s][info][gc,task        ] GC(64) Using 6 workers of 6 for full compaction
[135.552s][info][gc,start       ] GC(64) Pause Full (System.gc())
[135.552s][info][gc,phases,start] GC(64) Phase 1: Mark live objects
[135.555s][info][gc,stringtable ] GC(64) Cleaned string and symbol table, strings: 6083 processed, 0 removed, symbols: 55821 processed, 0 removed
[135.555s][info][gc,phases      ] GC(64) Phase 1: Mark live objects 2.921ms
[135.555s][info][gc,phases,start] GC(64) Phase 2: Prepare for compaction
[135.557s][info][gc,phases      ] GC(64) Phase 2: Prepare for compaction 2.393ms
[135.557s][info][gc,phases,start] GC(64) Phase 3: Adjust pointers
[135.560s][info][gc,phases      ] GC(64) Phase 3: Adjust pointers 2.560ms
[135.560s][info][gc,phases,start] GC(64) Phase 4: Compact heap
[135.561s][info][gc,phases      ] GC(64) Phase 4: Compact heap 0.435ms
[135.563s][info][gc,heap        ] GC(64) Eden regions: 79->0(1228)
[135.563s][info][gc,heap        ] GC(64) Survivor regions: 14->0(154)
[135.563s][info][gc,heap        ] GC(64) Old regions: 5->5
[135.563s][info][gc,heap        ] GC(64) Humongous regions: 0->0
[135.563s][info][gc,metaspace   ] GC(64) Metaspace: 23756K(24832K)->23756K(24832K) NonClass: 20829K(21504K)->20829K(21504K) Class: 2927K(3328K)->2927K(3328K)
[135.563s][info][gc             ] GC(64) Pause Full (System.gc()) 190M->4M(4096M) 10.999ms
[135.563s][info][gc,cpu         ] GC(64) User=0.02s Sys=0.00s Real=0.02s
[139.944s][info][gc,start       ] GC(65) Pause Young (Normal) (G1 Evacuation Pause)
[139.944s][info][gc,task        ] GC(65) Using 6 workers of 6 for evacuation
[139.958s][info][gc,phases      ] GC(65)   Pre Evacuate Collection Set: 0.0ms
[139.958s][info][gc,phases      ] GC(65)   Evacuate Collection Set: 12.6ms
[139.958s][info][gc,phases      ] GC(65)   Post Evacuate Collection Set: 1.2ms
[139.958s][info][gc,phases      ] GC(65)   Other: 0.3ms
[139.958s][info][gc,heap        ] GC(65) Eden regions: 1228->0(1214)
[139.958s][info][gc,heap        ] GC(65) Survivor regions: 0->14(154)
[139.958s][info][gc,heap        ] GC(65) Old regions: 5->5
[139.958s][info][gc,heap        ] GC(65) Humongous regions: 0->0
[139.958s][info][gc,metaspace   ] GC(65) Metaspace: 23761K(24832K)->23761K(24832K) NonClass: 20834K(21504K)->20834K(21504K) Class: 2927K(3328K)->2927K(3328K)
[139.958s][info][gc             ] GC(65) Pause Young (Normal) (G1 Evacuation Pause) 2460M->32M(4096M) 14.254ms
[139.958s][info][gc,cpu         ] GC(65) User=0.02s Sys=0.00s Real=0.02s
[140.009s][info][gc,task        ] GC(66) Using 6 workers of 6 for full compaction
[140.009s][info][gc,start       ] GC(66) Pause Full (System.gc())
[140.009s][info][gc,phases,start] GC(66) Phase 1: Mark live objects
[140.012s][info][gc,stringtable ] GC(66) Cleaned string and symbol table, strings: 6083 processed, 0 removed, symbols: 55821 processed, 0 removed
[140.012s][info][gc,phases      ] GC(66) Phase 1: Mark live objects 3.178ms
[140.012s][info][gc,phases,start] GC(66) Phase 2: Prepare for compaction
[140.015s][info][gc,phases      ] GC(66) Phase 2: Prepare for compaction 2.132ms
[140.015s][info][gc,phases,start] GC(66) Phase 3: Adjust pointers
[140.017s][info][gc,phases      ] GC(66) Phase 3: Adjust pointers 2.659ms
[140.017s][info][gc,phases,start] GC(66) Phase 4: Compact heap
[140.018s][info][gc,phases      ] GC(66) Phase 4: Compact heap 0.493ms
[140.021s][info][gc,heap        ] GC(66) Eden regions: 79->0(1228)
[140.021s][info][gc,heap        ] GC(66) Survivor regions: 14->0(154)
[140.021s][info][gc,heap        ] GC(66) Old regions: 5->6
[140.021s][info][gc,heap        ] GC(66) Humongous regions: 0->0
[140.021s][info][gc,metaspace   ] GC(66) Metaspace: 23762K(24832K)->23762K(24832K) NonClass: 20834K(21504K)->20834K(21504K) Class: 2927K(3328K)->2927K(3328K)
[140.021s][info][gc             ] GC(66) Pause Full (System.gc()) 190M->4M(4096M) 11.867ms
[140.021s][info][gc,cpu         ] GC(66) User=0.00s Sys=0.00s Real=0.02s
[144.399s][info][gc,start       ] GC(67) Pause Young (Normal) (G1 Evacuation Pause)
[144.399s][info][gc,task        ] GC(67) Using 6 workers of 6 for evacuation
[144.413s][info][gc,phases      ] GC(67)   Pre Evacuate Collection Set: 0.1ms
[144.413s][info][gc,phases      ] GC(67)   Evacuate Collection Set: 12.8ms
[144.413s][info][gc,phases      ] GC(67)   Post Evacuate Collection Set: 1.2ms
[144.413s][info][gc,phases      ] GC(67)   Other: 0.3ms
[144.413s][info][gc,heap        ] GC(67) Eden regions: 1228->0(1214)
[144.413s][info][gc,heap        ] GC(67) Survivor regions: 0->14(154)
[144.413s][info][gc,heap        ] GC(67) Old regions: 6->6
[144.413s][info][gc,heap        ] GC(67) Humongous regions: 0->0
[144.413s][info][gc,metaspace   ] GC(67) Metaspace: 23766K(24832K)->23766K(24832K) NonClass: 20839K(21504K)->20839K(21504K) Class: 2927K(3328K)->2927K(3328K)
[144.413s][info][gc             ] GC(67) Pause Young (Normal) (G1 Evacuation Pause) 2460M->32M(4096M) 14.474ms
[144.413s][info][gc,cpu         ] GC(67) User=0.02s Sys=0.00s Real=0.01s
[144.464s][info][gc,task        ] GC(68) Using 6 workers of 6 for full compaction
[144.464s][info][gc,start       ] GC(68) Pause Full (System.gc())
[144.464s][info][gc,phases,start] GC(68) Phase 1: Mark live objects
[144.467s][info][gc,stringtable ] GC(68) Cleaned string and symbol table, strings: 6083 processed, 0 removed, symbols: 55821 processed, 0 removed
[144.467s][info][gc,phases      ] GC(68) Phase 1: Mark live objects 2.875ms
[144.467s][info][gc,phases,start] GC(68) Phase 2: Prepare for compaction
[144.469s][info][gc,phases      ] GC(68) Phase 2: Prepare for compaction 2.254ms
[144.469s][info][gc,phases,start] GC(68) Phase 3: Adjust pointers
[144.472s][info][gc,phases      ] GC(68) Phase 3: Adjust pointers 2.990ms
[144.472s][info][gc,phases,start] GC(68) Phase 4: Compact heap
[144.473s][info][gc,phases      ] GC(68) Phase 4: Compact heap 0.486ms
[144.475s][info][gc,heap        ] GC(68) Eden regions: 79->0(1228)
[144.475s][info][gc,heap        ] GC(68) Survivor regions: 14->0(154)
[144.475s][info][gc,heap        ] GC(68) Old regions: 6->5
[144.475s][info][gc,heap        ] GC(68) Humongous regions: 0->0
[144.475s][info][gc,metaspace   ] GC(68) Metaspace: 23767K(24832K)->23767K(24832K) NonClass: 20840K(21504K)->20840K(21504K) Class: 2927K(3328K)->2927K(3328K)
[144.475s][info][gc             ] GC(68) Pause Full (System.gc()) 190M->4M(4096M) 11.400ms
[144.475s][info][gc,cpu         ] GC(68) User=0.00s Sys=0.00s Real=0.01s
[148.863s][info][gc,start       ] GC(69) Pause Young (Normal) (G1 Evacuation Pause)
[148.864s][info][gc,task        ] GC(69) Using 6 workers of 6 for evacuation
[148.878s][info][gc,phases      ] GC(69)   Pre Evacuate Collection Set: 0.1ms
[148.878s][info][gc,phases      ] GC(69)   Evacuate Collection Set: 12.6ms
[148.878s][info][gc,phases      ] GC(69)   Post Evacuate Collection Set: 1.3ms
[148.878s][info][gc,phases      ] GC(69)   Other: 0.4ms
[148.878s][info][gc,heap        ] GC(69) Eden regions: 1228->0(1214)
[148.878s][info][gc,heap        ] GC(69) Survivor regions: 0->14(154)
[148.878s][info][gc,heap        ] GC(69) Old regions: 5->5
[148.878s][info][gc,heap        ] GC(69) Humongous regions: 0->0
[148.878s][info][gc,metaspace   ] GC(69) Metaspace: 23768K(24832K)->23768K(24832K) NonClass: 20840K(21504K)->20840K(21504K) Class: 2927K(3328K)->2927K(3328K)
[148.878s][info][gc             ] GC(69) Pause Young (Normal) (G1 Evacuation Pause) 2460M->32M(4096M) 14.359ms
[148.878s][info][gc,cpu         ] GC(69) User=0.02s Sys=0.00s Real=0.02s
[148.928s][info][gc,task        ] GC(70) Using 6 workers of 6 for full compaction
[148.929s][info][gc,start       ] GC(70) Pause Full (System.gc())
[148.929s][info][gc,phases,start] GC(70) Phase 1: Mark live objects
[148.931s][info][gc,stringtable ] GC(70) Cleaned string and symbol table, strings: 6084 processed, 0 removed, symbols: 55821 processed, 0 removed
[148.931s][info][gc,phases      ] GC(70) Phase 1: Mark live objects 2.570ms
[148.931s][info][gc,phases,start] GC(70) Phase 2: Prepare for compaction
[148.934s][info][gc,phases      ] GC(70) Phase 2: Prepare for compaction 2.480ms
[148.934s][info][gc,phases,start] GC(70) Phase 3: Adjust pointers
[148.936s][info][gc,phases      ] GC(70) Phase 3: Adjust pointers 2.550ms
[148.937s][info][gc,phases,start] GC(70) Phase 4: Compact heap
[148.937s][info][gc,phases      ] GC(70) Phase 4: Compact heap 0.643ms
[148.940s][info][gc,heap        ] GC(70) Eden regions: 79->0(1228)
[148.940s][info][gc,heap        ] GC(70) Survivor regions: 14->0(154)
[148.940s][info][gc,heap        ] GC(70) Old regions: 5->5
[148.940s][info][gc,heap        ] GC(70) Humongous regions: 0->0
[148.940s][info][gc,metaspace   ] GC(70) Metaspace: 23768K(24832K)->23768K(24832K) NonClass: 20840K(21504K)->20840K(21504K) Class: 2927K(3328K)->2927K(3328K)
[148.940s][info][gc             ] GC(70) Pause Full (System.gc()) 190M->4M(4096M) 11.102ms
[148.940s][info][gc,cpu         ] GC(70) User=0.02s Sys=0.00s Real=0.02s
[153.285s][info][gc,start       ] GC(71) Pause Young (Normal) (G1 Evacuation Pause)
[153.285s][info][gc,task        ] GC(71) Using 6 workers of 6 for evacuation
[153.299s][info][gc,phases      ] GC(71)   Pre Evacuate Collection Set: 0.0ms
[153.300s][info][gc,phases      ] GC(71)   Evacuate Collection Set: 12.9ms
[153.300s][info][gc,phases      ] GC(71)   Post Evacuate Collection Set: 1.2ms
[153.300s][info][gc,phases      ] GC(71)   Other: 0.3ms
[153.300s][info][gc,heap        ] GC(71) Eden regions: 1228->0(1214)
[153.300s][info][gc,heap        ] GC(71) Survivor regions: 0->14(154)
[153.300s][info][gc,heap        ] GC(71) Old regions: 5->5
[153.300s][info][gc,heap        ] GC(71) Humongous regions: 0->0
[153.300s][info][gc,metaspace   ] GC(71) Metaspace: 23768K(24832K)->23768K(24832K) NonClass: 20840K(21504K)->20840K(21504K) Class: 2927K(3328K)->2927K(3328K)
[153.300s][info][gc             ] GC(71) Pause Young (Normal) (G1 Evacuation Pause) 2460M->31M(4096M) 14.599ms
[153.300s][info][gc,cpu         ] GC(71) User=0.02s Sys=0.00s Real=0.01s
[153.352s][info][gc,task        ] GC(72) Using 6 workers of 6 for full compaction
[153.352s][info][gc,start       ] GC(72) Pause Full (System.gc())
[153.352s][info][gc,phases,start] GC(72) Phase 1: Mark live objects
[153.355s][info][gc,stringtable ] GC(72) Cleaned string and symbol table, strings: 6093 processed, 0 removed, symbols: 55821 processed, 0 removed
[153.355s][info][gc,phases      ] GC(72) Phase 1: Mark live objects 3.145ms
[153.355s][info][gc,phases,start] GC(72) Phase 2: Prepare for compaction
[153.358s][info][gc,phases      ] GC(72) Phase 2: Prepare for compaction 2.153ms
[153.358s][info][gc,phases,start] GC(72) Phase 3: Adjust pointers
[153.361s][info][gc,phases      ] GC(72) Phase 3: Adjust pointers 2.808ms
[153.361s][info][gc,phases,start] GC(72) Phase 4: Compact heap
[153.361s][info][gc,phases      ] GC(72) Phase 4: Compact heap 0.738ms
[153.364s][info][gc,heap        ] GC(72) Eden regions: 79->0(1228)
[153.364s][info][gc,heap        ] GC(72) Survivor regions: 14->0(154)
[153.364s][info][gc,heap        ] GC(72) Old regions: 5->5
[153.364s][info][gc,heap        ] GC(72) Humongous regions: 0->0
[153.364s][info][gc,metaspace   ] GC(72) Metaspace: 23768K(24832K)->23768K(24832K) NonClass: 20840K(21504K)->20840K(21504K) Class: 2927K(3328K)->2927K(3328K)
[153.364s][info][gc             ] GC(72) Pause Full (System.gc()) 189M->4M(4096M) 12.230ms
[153.365s][info][gc,cpu         ] GC(72) User=0.02s Sys=0.00s Real=0.02s
[157.649s][info][gc,start       ] GC(73) Pause Young (Normal) (G1 Evacuation Pause)
[157.649s][info][gc,task        ] GC(73) Using 6 workers of 6 for evacuation
[157.663s][info][gc,phases      ] GC(73)   Pre Evacuate Collection Set: 0.0ms
[157.663s][info][gc,phases      ] GC(73)   Evacuate Collection Set: 12.8ms
[157.663s][info][gc,phases      ] GC(73)   Post Evacuate Collection Set: 1.3ms
[157.663s][info][gc,phases      ] GC(73)   Other: 0.3ms
[157.663s][info][gc,heap        ] GC(73) Eden regions: 1228->0(1214)
[157.663s][info][gc,heap        ] GC(73) Survivor regions: 0->14(154)
[157.663s][info][gc,heap        ] GC(73) Old regions: 5->5
[157.663s][info][gc,heap        ] GC(73) Humongous regions: 0->0
[157.663s][info][gc,metaspace   ] GC(73) Metaspace: 23769K(24832K)->23769K(24832K) NonClass: 20841K(21504K)->20841K(21504K) Class: 2927K(3328K)->2927K(3328K)
[157.663s][info][gc             ] GC(73) Pause Young (Normal) (G1 Evacuation Pause) 2460M->32M(4096M) 14.587ms
[157.663s][info][gc,cpu         ] GC(73) User=0.02s Sys=0.00s Real=0.02s
[157.716s][info][gc,task        ] GC(74) Using 6 workers of 6 for full compaction
[157.716s][info][gc,start       ] GC(74) Pause Full (System.gc())
[157.717s][info][gc,phases,start] GC(74) Phase 1: Mark live objects
[157.720s][info][gc,stringtable ] GC(74) Cleaned string and symbol table, strings: 6095 processed, 0 removed, symbols: 55821 processed, 0 removed
[157.720s][info][gc,phases      ] GC(74) Phase 1: Mark live objects 3.194ms
[157.720s][info][gc,phases,start] GC(74) Phase 2: Prepare for compaction
[157.722s][info][gc,phases      ] GC(74) Phase 2: Prepare for compaction 2.330ms
[157.722s][info][gc,phases,start] GC(74) Phase 3: Adjust pointers
[157.725s][info][gc,phases      ] GC(74) Phase 3: Adjust pointers 2.768ms
[157.725s][info][gc,phases,start] GC(74) Phase 4: Compact heap
[157.726s][info][gc,phases      ] GC(74) Phase 4: Compact heap 0.596ms
[157.728s][info][gc,heap        ] GC(74) Eden regions: 79->0(1228)
[157.728s][info][gc,heap        ] GC(74) Survivor regions: 14->0(154)
[157.728s][info][gc,heap        ] GC(74) Old regions: 5->5
[157.728s][info][gc,heap        ] GC(74) Humongous regions: 0->0
[157.728s][info][gc,metaspace   ] GC(74) Metaspace: 23769K(24832K)->23769K(24832K) NonClass: 20841K(21504K)->20841K(21504K) Class: 2927K(3328K)->2927K(3328K)
[157.728s][info][gc             ] GC(74) Pause Full (System.gc()) 190M->4M(4096M) 11.584ms
[157.728s][info][gc,cpu         ] GC(74) User=0.00s Sys=0.00s Real=0.02s
[162.021s][info][gc,start       ] GC(75) Pause Young (Normal) (G1 Evacuation Pause)
[162.021s][info][gc,task        ] GC(75) Using 6 workers of 6 for evacuation
[162.035s][info][gc,phases      ] GC(75)   Pre Evacuate Collection Set: 0.0ms
[162.035s][info][gc,phases      ] GC(75)   Evacuate Collection Set: 13.0ms
[162.035s][info][gc,phases      ] GC(75)   Post Evacuate Collection Set: 1.2ms
[162.035s][info][gc,phases      ] GC(75)   Other: 0.2ms
[162.035s][info][gc,heap        ] GC(75) Eden regions: 1228->0(1214)
[162.035s][info][gc,heap        ] GC(75) Survivor regions: 0->14(154)
[162.035s][info][gc,heap        ] GC(75) Old regions: 5->5
[162.035s][info][gc,heap        ] GC(75) Humongous regions: 0->0
[162.035s][info][gc,metaspace   ] GC(75) Metaspace: 23772K(24832K)->23772K(24832K) NonClass: 20844K(21504K)->20844K(21504K) Class: 2927K(3328K)->2927K(3328K)
[162.035s][info][gc             ] GC(75) Pause Young (Normal) (G1 Evacuation Pause) 2460M->32M(4096M) 14.540ms
[162.035s][info][gc,cpu         ] GC(75) User=0.02s Sys=0.00s Real=0.02s
[162.086s][info][gc,task        ] GC(76) Using 6 workers of 6 for full compaction
[162.087s][info][gc,start       ] GC(76) Pause Full (System.gc())
[162.087s][info][gc,phases,start] GC(76) Phase 1: Mark live objects
[162.089s][info][gc,stringtable ] GC(76) Cleaned string and symbol table, strings: 6095 processed, 0 removed, symbols: 55821 processed, 0 removed
[162.089s][info][gc,phases      ] GC(76) Phase 1: Mark live objects 2.701ms
[162.089s][info][gc,phases,start] GC(76) Phase 2: Prepare for compaction
[162.092s][info][gc,phases      ] GC(76) Phase 2: Prepare for compaction 2.578ms
[162.092s][info][gc,phases,start] GC(76) Phase 3: Adjust pointers
[162.095s][info][gc,phases      ] GC(76) Phase 3: Adjust pointers 2.475ms
[162.095s][info][gc,phases,start] GC(76) Phase 4: Compact heap
[162.095s][info][gc,phases      ] GC(76) Phase 4: Compact heap 0.680ms
[162.098s][info][gc,heap        ] GC(76) Eden regions: 79->0(1228)
[162.098s][info][gc,heap        ] GC(76) Survivor regions: 14->0(154)
[162.098s][info][gc,heap        ] GC(76) Old regions: 5->5
[162.098s][info][gc,heap        ] GC(76) Humongous regions: 0->0
[162.098s][info][gc,metaspace   ] GC(76) Metaspace: 23772K(24832K)->23772K(24832K) NonClass: 20844K(21504K)->20844K(21504K) Class: 2927K(3328K)->2927K(3328K)
[162.098s][info][gc             ] GC(76) Pause Full (System.gc()) 190M->4M(4096M) 11.097ms
[162.098s][info][gc,cpu         ] GC(76) User=0.02s Sys=0.00s Real=0.01s
[166.383s][info][gc,start       ] GC(77) Pause Young (Normal) (G1 Evacuation Pause)
[166.383s][info][gc,task        ] GC(77) Using 6 workers of 6 for evacuation
[166.397s][info][gc,phases      ] GC(77)   Pre Evacuate Collection Set: 0.0ms
[166.397s][info][gc,phases      ] GC(77)   Evacuate Collection Set: 12.9ms
[166.397s][info][gc,phases      ] GC(77)   Post Evacuate Collection Set: 1.2ms
[166.397s][info][gc,phases      ] GC(77)   Other: 0.2ms
[166.397s][info][gc,heap        ] GC(77) Eden regions: 1228->0(1213)
[166.397s][info][gc,heap        ] GC(77) Survivor regions: 0->15(154)
[166.397s][info][gc,heap        ] GC(77) Old regions: 5->5
[166.397s][info][gc,heap        ] GC(77) Humongous regions: 0->0
[166.397s][info][gc,metaspace   ] GC(77) Metaspace: 23772K(24832K)->23772K(24832K) NonClass: 20844K(21504K)->20844K(21504K) Class: 2927K(3328K)->2927K(3328K)
[166.397s][info][gc             ] GC(77) Pause Young (Normal) (G1 Evacuation Pause) 2460M->33M(4096M) 14.409ms
[166.397s][info][gc,cpu         ] GC(77) User=0.02s Sys=0.00s Real=0.02s
[166.448s][info][gc,task        ] GC(78) Using 6 workers of 6 for full compaction
[166.448s][info][gc,start       ] GC(78) Pause Full (System.gc())
[166.448s][info][gc,phases,start] GC(78) Phase 1: Mark live objects
[166.451s][info][gc,stringtable ] GC(78) Cleaned string and symbol table, strings: 6095 processed, 0 removed, symbols: 55821 processed, 0 removed
[166.451s][info][gc,phases      ] GC(78) Phase 1: Mark live objects 3.042ms
[166.451s][info][gc,phases,start] GC(78) Phase 2: Prepare for compaction
[166.454s][info][gc,phases      ] GC(78) Phase 2: Prepare for compaction 2.667ms
[166.454s][info][gc,phases,start] GC(78) Phase 3: Adjust pointers
[166.457s][info][gc,phases      ] GC(78) Phase 3: Adjust pointers 2.601ms
[166.457s][info][gc,phases,start] GC(78) Phase 4: Compact heap
[166.457s][info][gc,phases      ] GC(78) Phase 4: Compact heap 0.484ms
[166.460s][info][gc,heap        ] GC(78) Eden regions: 79->0(1228)
[166.460s][info][gc,heap        ] GC(78) Survivor regions: 15->0(154)
[166.460s][info][gc,heap        ] GC(78) Old regions: 5->5
[166.460s][info][gc,heap        ] GC(78) Humongous regions: 0->0
[166.460s][info][gc,metaspace   ] GC(78) Metaspace: 23772K(24832K)->23772K(24832K) NonClass: 20844K(21504K)->20844K(21504K) Class: 2927K(3328K)->2927K(3328K)
[166.460s][info][gc             ] GC(78) Pause Full (System.gc()) 191M->4M(4096M) 11.429ms
[166.460s][info][gc,cpu         ] GC(78) User=0.00s Sys=0.00s Real=0.02s
[170.741s][info][gc,start       ] GC(79) Pause Young (Normal) (G1 Evacuation Pause)
[170.741s][info][gc,task        ] GC(79) Using 6 workers of 6 for evacuation
[170.755s][info][gc,phases      ] GC(79)   Pre Evacuate Collection Set: 0.0ms
[170.755s][info][gc,phases      ] GC(79)   Evacuate Collection Set: 12.9ms
[170.755s][info][gc,phases      ] GC(79)   Post Evacuate Collection Set: 1.2ms
[170.755s][info][gc,phases      ] GC(79)   Other: 0.3ms
[170.755s][info][gc,heap        ] GC(79) Eden regions: 1228->0(1214)
[170.755s][info][gc,heap        ] GC(79) Survivor regions: 0->14(154)
[170.755s][info][gc,heap        ] GC(79) Old regions: 5->5
[170.755s][info][gc,heap        ] GC(79) Humongous regions: 0->0
[170.755s][info][gc,metaspace   ] GC(79) Metaspace: 23783K(24832K)->23783K(24832K) NonClass: 20856K(21504K)->20856K(21504K) Class: 2927K(3328K)->2927K(3328K)
[170.755s][info][gc             ] GC(79) Pause Young (Normal) (G1 Evacuation Pause) 2460M->32M(4096M) 14.495ms
[170.755s][info][gc,cpu         ] GC(79) User=0.02s Sys=0.00s Real=0.01s
[170.808s][info][gc,task        ] GC(80) Using 6 workers of 6 for full compaction
[170.809s][info][gc,start       ] GC(80) Pause Full (System.gc())
[170.809s][info][gc,phases,start] GC(80) Phase 1: Mark live objects
[170.812s][info][gc,stringtable ] GC(80) Cleaned string and symbol table, strings: 6095 processed, 0 removed, symbols: 55821 processed, 0 removed
[170.812s][info][gc,phases      ] GC(80) Phase 1: Mark live objects 3.495ms
[170.812s][info][gc,phases,start] GC(80) Phase 2: Prepare for compaction
[170.814s][info][gc,phases      ] GC(80) Phase 2: Prepare for compaction 1.999ms
[170.814s][info][gc,phases,start] GC(80) Phase 3: Adjust pointers
[170.817s][info][gc,phases      ] GC(80) Phase 3: Adjust pointers 2.513ms
[170.817s][info][gc,phases,start] GC(80) Phase 4: Compact heap
[170.817s][info][gc,phases      ] GC(80) Phase 4: Compact heap 0.442ms
[170.820s][info][gc,heap        ] GC(80) Eden regions: 79->0(1228)
[170.820s][info][gc,heap        ] GC(80) Survivor regions: 14->0(154)
[170.820s][info][gc,heap        ] GC(80) Old regions: 5->6
[170.820s][info][gc,heap        ] GC(80) Humongous regions: 0->0
[170.820s][info][gc,metaspace   ] GC(80) Metaspace: 23785K(24832K)->23785K(24832K) NonClass: 20857K(21504K)->20857K(21504K) Class: 2927K(3328K)->2927K(3328K)
[170.820s][info][gc             ] GC(80) Pause Full (System.gc()) 190M->4M(4096M) 11.152ms
[170.820s][info][gc,cpu         ] GC(80) User=0.00s Sys=0.00s Real=0.02s
[175.102s][info][gc,start       ] GC(81) Pause Young (Normal) (G1 Evacuation Pause)
[175.102s][info][gc,task        ] GC(81) Using 6 workers of 6 for evacuation
[175.116s][info][gc,phases      ] GC(81)   Pre Evacuate Collection Set: 0.0ms
[175.116s][info][gc,phases      ] GC(81)   Evacuate Collection Set: 12.7ms
[175.116s][info][gc,phases      ] GC(81)   Post Evacuate Collection Set: 1.2ms
[175.116s][info][gc,phases      ] GC(81)   Other: 0.3ms
[175.116s][info][gc,heap        ] GC(81) Eden regions: 1228->0(1214)
[175.116s][info][gc,heap        ] GC(81) Survivor regions: 0->14(154)
[175.116s][info][gc,heap        ] GC(81) Old regions: 6->6
[175.116s][info][gc,heap        ] GC(81) Humongous regions: 0->0
[175.116s][info][gc,metaspace   ] GC(81) Metaspace: 23787K(24832K)->23787K(24832K) NonClass: 20860K(21504K)->20860K(21504K) Class: 2927K(3328K)->2927K(3328K)
[175.116s][info][gc             ] GC(81) Pause Young (Normal) (G1 Evacuation Pause) 2460M->32M(4096M) 14.403ms
[175.116s][info][gc,cpu         ] GC(81) User=0.02s Sys=0.00s Real=0.02s
[175.167s][info][gc,task        ] GC(82) Using 6 workers of 6 for full compaction
[175.167s][info][gc,start       ] GC(82) Pause Full (System.gc())
[175.168s][info][gc,phases,start] GC(82) Phase 1: Mark live objects
[175.171s][info][gc,stringtable ] GC(82) Cleaned string and symbol table, strings: 6096 processed, 0 removed, symbols: 55821 processed, 0 removed
[175.171s][info][gc,phases      ] GC(82) Phase 1: Mark live objects 2.964ms
[175.171s][info][gc,phases,start] GC(82) Phase 2: Prepare for compaction
[175.173s][info][gc,phases      ] GC(82) Phase 2: Prepare for compaction 2.404ms
[175.173s][info][gc,phases,start] GC(82) Phase 3: Adjust pointers
[175.176s][info][gc,phases      ] GC(82) Phase 3: Adjust pointers 2.647ms
[175.176s][info][gc,phases,start] GC(82) Phase 4: Compact heap
[175.176s][info][gc,phases      ] GC(82) Phase 4: Compact heap 0.555ms
[175.179s][info][gc,heap        ] GC(82) Eden regions: 79->0(1228)
[175.179s][info][gc,heap        ] GC(82) Survivor regions: 14->0(154)
[175.179s][info][gc,heap        ] GC(82) Old regions: 6->5
[175.179s][info][gc,heap        ] GC(82) Humongous regions: 0->0
[175.179s][info][gc,metaspace   ] GC(82) Metaspace: 23787K(24832K)->23787K(24832K) NonClass: 20860K(21504K)->20860K(21504K) Class: 2927K(3328K)->2927K(3328K)
[175.179s][info][gc             ] GC(82) Pause Full (System.gc()) 190M->4M(4096M) 11.889ms
[175.179s][info][gc,cpu         ] GC(82) User=0.02s Sys=0.00s Real=0.02s
[179.466s][info][gc,start       ] GC(83) Pause Young (Normal) (G1 Evacuation Pause)
[179.466s][info][gc,task        ] GC(83) Using 6 workers of 6 for evacuation
[179.480s][info][gc,phases      ] GC(83)   Pre Evacuate Collection Set: 0.0ms
[179.480s][info][gc,phases      ] GC(83)   Evacuate Collection Set: 12.4ms
[179.480s][info][gc,phases      ] GC(83)   Post Evacuate Collection Set: 1.1ms
[179.480s][info][gc,phases      ] GC(83)   Other: 0.2ms
[179.480s][info][gc,heap        ] GC(83) Eden regions: 1228->0(1214)
[179.480s][info][gc,heap        ] GC(83) Survivor regions: 0->14(154)
[179.480s][info][gc,heap        ] GC(83) Old regions: 5->5
[179.480s][info][gc,heap        ] GC(83) Humongous regions: 0->0
[179.480s][info][gc,metaspace   ] GC(83) Metaspace: 23788K(24832K)->23788K(24832K) NonClass: 20860K(21504K)->20860K(21504K) Class: 2927K(3328K)->2927K(3328K)
[179.480s][info][gc             ] GC(83) Pause Young (Normal) (G1 Evacuation Pause) 2460M->32M(4096M) 13.891ms
[179.480s][info][gc,cpu         ] GC(83) User=0.02s Sys=0.00s Real=0.02s
[179.531s][info][gc,task        ] GC(84) Using 6 workers of 6 for full compaction
[179.531s][info][gc,start       ] GC(84) Pause Full (System.gc())
[179.531s][info][gc,phases,start] GC(84) Phase 1: Mark live objects
[179.534s][info][gc,stringtable ] GC(84) Cleaned string and symbol table, strings: 6097 processed, 0 removed, symbols: 55821 processed, 0 removed
[179.534s][info][gc,phases      ] GC(84) Phase 1: Mark live objects 3.275ms
[179.534s][info][gc,phases,start] GC(84) Phase 2: Prepare for compaction
[179.537s][info][gc,phases      ] GC(84) Phase 2: Prepare for compaction 2.561ms
[179.537s][info][gc,phases,start] GC(84) Phase 3: Adjust pointers
[179.539s][info][gc,phases      ] GC(84) Phase 3: Adjust pointers 2.627ms
[179.539s][info][gc,phases,start] GC(84) Phase 4: Compact heap
[179.540s][info][gc,phases      ] GC(84) Phase 4: Compact heap 0.625ms
[179.543s][info][gc,heap        ] GC(84) Eden regions: 79->0(1228)
[179.543s][info][gc,heap        ] GC(84) Survivor regions: 14->0(154)
[179.543s][info][gc,heap        ] GC(84) Old regions: 5->5
[179.543s][info][gc,heap        ] GC(84) Humongous regions: 0->0
[179.543s][info][gc,metaspace   ] GC(84) Metaspace: 23788K(24832K)->23788K(24832K) NonClass: 20860K(21504K)->20860K(21504K) Class: 2927K(3328K)->2927K(3328K)
[179.543s][info][gc             ] GC(84) Pause Full (System.gc()) 190M->4M(4096M) 12.216ms
[179.543s][info][gc,cpu         ] GC(84) User=0.00s Sys=0.00s Real=0.02s
[183.828s][info][gc,start       ] GC(85) Pause Young (Normal) (G1 Evacuation Pause)
[183.828s][info][gc,task        ] GC(85) Using 6 workers of 6 for evacuation
[183.842s][info][gc,phases      ] GC(85)   Pre Evacuate Collection Set: 0.0ms
[183.842s][info][gc,phases      ] GC(85)   Evacuate Collection Set: 12.6ms
[183.842s][info][gc,phases      ] GC(85)   Post Evacuate Collection Set: 1.2ms
[183.842s][info][gc,phases      ] GC(85)   Other: 0.3ms
[183.842s][info][gc,heap        ] GC(85) Eden regions: 1228->0(1214)
[183.842s][info][gc,heap        ] GC(85) Survivor regions: 0->14(154)
[183.842s][info][gc,heap        ] GC(85) Old regions: 5->5
[183.842s][info][gc,heap        ] GC(85) Humongous regions: 0->0
[183.842s][info][gc,metaspace   ] GC(85) Metaspace: 23788K(24832K)->23788K(24832K) NonClass: 20860K(21504K)->20860K(21504K) Class: 2927K(3328K)->2927K(3328K)
[183.842s][info][gc             ] GC(85) Pause Young (Normal) (G1 Evacuation Pause) 2460M->32M(4096M) 14.217ms
[183.842s][info][gc,cpu         ] GC(85) User=0.00s Sys=0.00s Real=0.00s
[183.893s][info][gc,task        ] GC(86) Using 6 workers of 6 for full compaction
[183.894s][info][gc,start       ] GC(86) Pause Full (System.gc())
[183.894s][info][gc,phases,start] GC(86) Phase 1: Mark live objects
[183.897s][info][gc,stringtable ] GC(86) Cleaned string and symbol table, strings: 6097 processed, 0 removed, symbols: 55821 processed, 0 removed
[183.897s][info][gc,phases      ] GC(86) Phase 1: Mark live objects 2.910ms
[183.897s][info][gc,phases,start] GC(86) Phase 2: Prepare for compaction
[183.899s][info][gc,phases      ] GC(86) Phase 2: Prepare for compaction 2.469ms
[183.899s][info][gc,phases,start] GC(86) Phase 3: Adjust pointers
[183.902s][info][gc,phases      ] GC(86) Phase 3: Adjust pointers 2.590ms
[183.902s][info][gc,phases,start] GC(86) Phase 4: Compact heap
[183.903s][info][gc,phases      ] GC(86) Phase 4: Compact heap 0.607ms
[183.905s][info][gc,heap        ] GC(86) Eden regions: 79->0(1228)
[183.905s][info][gc,heap        ] GC(86) Survivor regions: 14->0(154)
[183.905s][info][gc,heap        ] GC(86) Old regions: 5->6
[183.905s][info][gc,heap        ] GC(86) Humongous regions: 0->0
[183.905s][info][gc,metaspace   ] GC(86) Metaspace: 23788K(24832K)->23788K(24832K) NonClass: 20860K(21504K)->20860K(21504K) Class: 2927K(3328K)->2927K(3328K)
[183.905s][info][gc             ] GC(86) Pause Full (System.gc()) 190M->4M(4096M) 11.581ms
[183.905s][info][gc,cpu         ] GC(86) User=0.00s Sys=0.00s Real=0.00s
[188.185s][info][gc,start       ] GC(87) Pause Young (Normal) (G1 Evacuation Pause)
[188.185s][info][gc,task        ] GC(87) Using 6 workers of 6 for evacuation
[188.199s][info][gc,phases      ] GC(87)   Pre Evacuate Collection Set: 0.0ms
[188.200s][info][gc,phases      ] GC(87)   Evacuate Collection Set: 12.9ms
[188.200s][info][gc,phases      ] GC(87)   Post Evacuate Collection Set: 1.3ms
[188.200s][info][gc,phases      ] GC(87)   Other: 0.2ms
[188.200s][info][gc,heap        ] GC(87) Eden regions: 1228->0(1213)
[188.200s][info][gc,heap        ] GC(87) Survivor regions: 0->15(154)
[188.200s][info][gc,heap        ] GC(87) Old regions: 6->6
[188.200s][info][gc,heap        ] GC(87) Humongous regions: 0->0
[188.200s][info][gc,metaspace   ] GC(87) Metaspace: 23796K(24832K)->23796K(24832K) NonClass: 20868K(21504K)->20868K(21504K) Class: 2927K(3328K)->2927K(3328K)
[188.200s][info][gc             ] GC(87) Pause Young (Normal) (G1 Evacuation Pause) 2460M->33M(4096M) 14.475ms
[188.200s][info][gc,cpu         ] GC(87) User=0.02s Sys=0.00s Real=0.01s
[188.251s][info][gc,task        ] GC(88) Using 6 workers of 6 for full compaction
[188.251s][info][gc,start       ] GC(88) Pause Full (System.gc())
[188.251s][info][gc,phases,start] GC(88) Phase 1: Mark live objects
[188.254s][info][gc,stringtable ] GC(88) Cleaned string and symbol table, strings: 6097 processed, 0 removed, symbols: 55821 processed, 0 removed
[188.254s][info][gc,phases      ] GC(88) Phase 1: Mark live objects 2.533ms
[188.254s][info][gc,phases,start] GC(88) Phase 2: Prepare for compaction
[188.256s][info][gc,phases      ] GC(88) Phase 2: Prepare for compaction 2.595ms
[188.256s][info][gc,phases,start] GC(88) Phase 3: Adjust pointers
[188.259s][info][gc,phases      ] GC(88) Phase 3: Adjust pointers 2.496ms
[188.259s][info][gc,phases,start] GC(88) Phase 4: Compact heap
[188.260s][info][gc,phases      ] GC(88) Phase 4: Compact heap 0.745ms
[188.262s][info][gc,heap        ] GC(88) Eden regions: 79->0(1228)
[188.262s][info][gc,heap        ] GC(88) Survivor regions: 15->0(154)
[188.262s][info][gc,heap        ] GC(88) Old regions: 6->5
[188.262s][info][gc,heap        ] GC(88) Humongous regions: 0->0
[188.262s][info][gc,metaspace   ] GC(88) Metaspace: 23796K(24832K)->23796K(24832K) NonClass: 20868K(21504K)->20868K(21504K) Class: 2927K(3328K)->2927K(3328K)
[188.262s][info][gc             ] GC(88) Pause Full (System.gc()) 191M->4M(4096M) 11.095ms
[188.262s][info][gc,cpu         ] GC(88) User=0.02s Sys=0.00s Real=0.02s
[192.550s][info][gc,start       ] GC(89) Pause Young (Normal) (G1 Evacuation Pause)
[192.550s][info][gc,task        ] GC(89) Using 6 workers of 6 for evacuation
[192.564s][info][gc,phases      ] GC(89)   Pre Evacuate Collection Set: 0.0ms
[192.564s][info][gc,phases      ] GC(89)   Evacuate Collection Set: 12.5ms
[192.564s][info][gc,phases      ] GC(89)   Post Evacuate Collection Set: 1.2ms
[192.564s][info][gc,phases      ] GC(89)   Other: 0.2ms
[192.564s][info][gc,heap        ] GC(89) Eden regions: 1228->0(1214)
[192.564s][info][gc,heap        ] GC(89) Survivor regions: 0->14(154)
[192.564s][info][gc,heap        ] GC(89) Old regions: 5->5
[192.564s][info][gc,heap        ] GC(89) Humongous regions: 0->0
[192.564s][info][gc,metaspace   ] GC(89) Metaspace: 23803K(24832K)->23803K(24832K) NonClass: 20875K(21504K)->20875K(21504K) Class: 2927K(3328K)->2927K(3328K)
[192.564s][info][gc             ] GC(89) Pause Young (Normal) (G1 Evacuation Pause) 2460M->32M(4096M) 14.039ms
[192.564s][info][gc,cpu         ] GC(89) User=0.02s Sys=0.00s Real=0.02s
[192.615s][info][gc,task        ] GC(90) Using 6 workers of 6 for full compaction
[192.615s][info][gc,start       ] GC(90) Pause Full (System.gc())
[192.615s][info][gc,phases,start] GC(90) Phase 1: Mark live objects
[192.618s][info][gc,stringtable ] GC(90) Cleaned string and symbol table, strings: 6099 processed, 0 removed, symbols: 55821 processed, 0 removed
[192.618s][info][gc,phases      ] GC(90) Phase 1: Mark live objects 2.643ms
[192.618s][info][gc,phases,start] GC(90) Phase 2: Prepare for compaction
[192.621s][info][gc,phases      ] GC(90) Phase 2: Prepare for compaction 2.588ms
[192.621s][info][gc,phases,start] GC(90) Phase 3: Adjust pointers
[192.623s][info][gc,phases      ] GC(90) Phase 3: Adjust pointers 2.543ms
[192.623s][info][gc,phases,start] GC(90) Phase 4: Compact heap
[192.624s][info][gc,phases      ] GC(90) Phase 4: Compact heap 0.703ms
[192.626s][info][gc,heap        ] GC(90) Eden regions: 79->0(1228)
[192.627s][info][gc,heap        ] GC(90) Survivor regions: 14->0(154)
[192.627s][info][gc,heap        ] GC(90) Old regions: 5->5
[192.627s][info][gc,heap        ] GC(90) Humongous regions: 0->0
[192.627s][info][gc,metaspace   ] GC(90) Metaspace: 23803K(24832K)->23803K(24832K) NonClass: 20876K(21504K)->20876K(21504K) Class: 2927K(3328K)->2927K(3328K)
[192.627s][info][gc             ] GC(90) Pause Full (System.gc()) 190M->4M(4096M) 11.375ms
[192.627s][info][gc,cpu         ] GC(90) User=0.02s Sys=0.00s Real=0.02s
[196.911s][info][gc,start       ] GC(91) Pause Young (Normal) (G1 Evacuation Pause)
[196.911s][info][gc,task        ] GC(91) Using 6 workers of 6 for evacuation
[196.925s][info][gc,phases      ] GC(91)   Pre Evacuate Collection Set: 0.1ms
[196.925s][info][gc,phases      ] GC(91)   Evacuate Collection Set: 12.8ms
[196.925s][info][gc,phases      ] GC(91)   Post Evacuate Collection Set: 1.3ms
[196.925s][info][gc,phases      ] GC(91)   Other: 0.3ms
[196.925s][info][gc,heap        ] GC(91) Eden regions: 1228->0(1214)
[196.925s][info][gc,heap        ] GC(91) Survivor regions: 0->14(154)
[196.925s][info][gc,heap        ] GC(91) Old regions: 5->5
[196.925s][info][gc,heap        ] GC(91) Humongous regions: 0->0
[196.925s][info][gc,metaspace   ] GC(91) Metaspace: 23803K(24832K)->23803K(24832K) NonClass: 20876K(21504K)->20876K(21504K) Class: 2927K(3328K)->2927K(3328K)
[196.926s][info][gc             ] GC(91) Pause Young (Normal) (G1 Evacuation Pause) 2460M->32M(4096M) 14.598ms
[196.926s][info][gc,cpu         ] GC(91) User=0.02s Sys=0.00s Real=0.01s
[196.979s][info][gc,task        ] GC(92) Using 6 workers of 6 for full compaction
[196.979s][info][gc,start       ] GC(92) Pause Full (System.gc())
[196.979s][info][gc,phases,start] GC(92) Phase 1: Mark live objects
[196.982s][info][gc,stringtable ] GC(92) Cleaned string and symbol table, strings: 6099 processed, 0 removed, symbols: 55821 processed, 0 removed
[196.982s][info][gc,phases      ] GC(92) Phase 1: Mark live objects 2.738ms
[196.982s][info][gc,phases,start] GC(92) Phase 2: Prepare for compaction
[196.984s][info][gc,phases      ] GC(92) Phase 2: Prepare for compaction 2.172ms
[196.984s][info][gc,phases,start] GC(92) Phase 3: Adjust pointers
[196.986s][info][gc,phases      ] GC(92) Phase 3: Adjust pointers 2.510ms
[196.987s][info][gc,phases,start] GC(92) Phase 4: Compact heap
[196.987s][info][gc,phases      ] GC(92) Phase 4: Compact heap 0.593ms
[196.990s][info][gc,heap        ] GC(92) Eden regions: 79->0(1228)
[196.990s][info][gc,heap        ] GC(92) Survivor regions: 14->0(154)
[196.990s][info][gc,heap        ] GC(92) Old regions: 5->5
[196.990s][info][gc,heap        ] GC(92) Humongous regions: 0->0
[196.990s][info][gc,metaspace   ] GC(92) Metaspace: 23803K(24832K)->23803K(24832K) NonClass: 20876K(21504K)->20876K(21504K) Class: 2927K(3328K)->2927K(3328K)
[196.990s][info][gc             ] GC(92) Pause Full (System.gc()) 190M->4M(4096M) 10.962ms
[196.990s][info][gc,cpu         ] GC(92) User=0.02s Sys=0.00s Real=0.02s
[201.265s][info][gc,start       ] GC(93) Pause Young (Normal) (G1 Evacuation Pause)
[201.265s][info][gc,task        ] GC(93) Using 6 workers of 6 for evacuation
[201.279s][info][gc,phases      ] GC(93)   Pre Evacuate Collection Set: 0.0ms
[201.279s][info][gc,phases      ] GC(93)   Evacuate Collection Set: 12.6ms
[201.279s][info][gc,phases      ] GC(93)   Post Evacuate Collection Set: 1.2ms
[201.279s][info][gc,phases      ] GC(93)   Other: 0.3ms
[201.279s][info][gc,heap        ] GC(93) Eden regions: 1228->0(1214)
[201.279s][info][gc,heap        ] GC(93) Survivor regions: 0->14(154)
[201.279s][info][gc,heap        ] GC(93) Old regions: 5->5
[201.279s][info][gc,heap        ] GC(93) Humongous regions: 0->0
[201.279s][info][gc,metaspace   ] GC(93) Metaspace: 23803K(24832K)->23803K(24832K) NonClass: 20876K(21504K)->20876K(21504K) Class: 2927K(3328K)->2927K(3328K)
[201.279s][info][gc             ] GC(93) Pause Young (Normal) (G1 Evacuation Pause) 2460M->32M(4096M) 14.216ms
[201.279s][info][gc,cpu         ] GC(93) User=0.02s Sys=0.00s Real=0.02s
[201.330s][info][gc,task        ] GC(94) Using 6 workers of 6 for full compaction
[201.330s][info][gc,start       ] GC(94) Pause Full (System.gc())
[201.330s][info][gc,phases,start] GC(94) Phase 1: Mark live objects
[201.333s][info][gc,stringtable ] GC(94) Cleaned string and symbol table, strings: 6099 processed, 0 removed, symbols: 55821 processed, 0 removed
[201.333s][info][gc,phases      ] GC(94) Phase 1: Mark live objects 2.979ms
[201.333s][info][gc,phases,start] GC(94) Phase 2: Prepare for compaction
[201.336s][info][gc,phases      ] GC(94) Phase 2: Prepare for compaction 2.368ms
[201.336s][info][gc,phases,start] GC(94) Phase 3: Adjust pointers
[201.339s][info][gc,phases      ] GC(94) Phase 3: Adjust pointers 2.791ms
[201.339s][info][gc,phases,start] GC(94) Phase 4: Compact heap
[201.339s][info][gc,phases      ] GC(94) Phase 4: Compact heap 0.508ms
[201.341s][info][gc,heap        ] GC(94) Eden regions: 79->0(1228)
[201.341s][info][gc,heap        ] GC(94) Survivor regions: 14->0(154)
[201.341s][info][gc,heap        ] GC(94) Old regions: 5->5
[201.341s][info][gc,heap        ] GC(94) Humongous regions: 0->0
[201.342s][info][gc,metaspace   ] GC(94) Metaspace: 23803K(24832K)->23803K(24832K) NonClass: 20876K(21504K)->20876K(21504K) Class: 2927K(3328K)->2927K(3328K)
[201.342s][info][gc             ] GC(94) Pause Full (System.gc()) 190M->4M(4096M) 11.408ms
[201.342s][info][gc,cpu         ] GC(94) User=0.02s Sys=0.00s Real=0.02s
[205.629s][info][gc,start       ] GC(95) Pause Young (Normal) (G1 Evacuation Pause)
[205.629s][info][gc,task        ] GC(95) Using 6 workers of 6 for evacuation
[205.644s][info][gc,phases      ] GC(95)   Pre Evacuate Collection Set: 0.0ms
[205.644s][info][gc,phases      ] GC(95)   Evacuate Collection Set: 12.8ms
[205.644s][info][gc,phases      ] GC(95)   Post Evacuate Collection Set: 1.2ms
[205.644s][info][gc,phases      ] GC(95)   Other: 0.3ms
[205.644s][info][gc,heap        ] GC(95) Eden regions: 1228->0(1214)
[205.644s][info][gc,heap        ] GC(95) Survivor regions: 0->14(154)
[205.644s][info][gc,heap        ] GC(95) Old regions: 5->5
[205.644s][info][gc,heap        ] GC(95) Humongous regions: 0->0
[205.644s][info][gc,metaspace   ] GC(95) Metaspace: 23803K(24832K)->23803K(24832K) NonClass: 20876K(21504K)->20876K(21504K) Class: 2927K(3328K)->2927K(3328K)
[205.644s][info][gc             ] GC(95) Pause Young (Normal) (G1 Evacuation Pause) 2460M->32M(4096M) 14.456ms
[205.644s][info][gc,cpu         ] GC(95) User=0.02s Sys=0.00s Real=0.02s
[205.694s][info][gc,task        ] GC(96) Using 6 workers of 6 for full compaction
[205.694s][info][gc,start       ] GC(96) Pause Full (System.gc())
[205.695s][info][gc,phases,start] GC(96) Phase 1: Mark live objects
[205.698s][info][gc,stringtable ] GC(96) Cleaned string and symbol table, strings: 6099 processed, 0 removed, symbols: 55821 processed, 0 removed
[205.698s][info][gc,phases      ] GC(96) Phase 1: Mark live objects 3.130ms
[205.698s][info][gc,phases,start] GC(96) Phase 2: Prepare for compaction
[205.700s][info][gc,phases      ] GC(96) Phase 2: Prepare for compaction 2.323ms
[205.700s][info][gc,phases,start] GC(96) Phase 3: Adjust pointers
[205.703s][info][gc,phases      ] GC(96) Phase 3: Adjust pointers 2.692ms
[205.703s][info][gc,phases,start] GC(96) Phase 4: Compact heap
[205.703s][info][gc,phases      ] GC(96) Phase 4: Compact heap 0.533ms
[205.706s][info][gc,heap        ] GC(96) Eden regions: 79->0(1228)
[205.706s][info][gc,heap        ] GC(96) Survivor regions: 14->0(154)
[205.706s][info][gc,heap        ] GC(96) Old regions: 5->5
[205.706s][info][gc,heap        ] GC(96) Humongous regions: 0->0
[205.706s][info][gc,metaspace   ] GC(96) Metaspace: 23803K(24832K)->23803K(24832K) NonClass: 20876K(21504K)->20876K(21504K) Class: 2927K(3328K)->2927K(3328K)
[205.706s][info][gc             ] GC(96) Pause Full (System.gc()) 190M->4M(4096M) 11.546ms
[205.706s][info][gc,cpu         ] GC(96) User=0.00s Sys=0.02s Real=0.02s
[209.990s][info][gc,start       ] GC(97) Pause Young (Normal) (G1 Evacuation Pause)
[209.990s][info][gc,task        ] GC(97) Using 6 workers of 6 for evacuation
[210.004s][info][gc,phases      ] GC(97)   Pre Evacuate Collection Set: 0.1ms
[210.004s][info][gc,phases      ] GC(97)   Evacuate Collection Set: 12.6ms
[210.004s][info][gc,phases      ] GC(97)   Post Evacuate Collection Set: 1.2ms
[210.004s][info][gc,phases      ] GC(97)   Other: 0.3ms
[210.004s][info][gc,heap        ] GC(97) Eden regions: 1228->0(1214)
[210.004s][info][gc,heap        ] GC(97) Survivor regions: 0->14(154)
[210.004s][info][gc,heap        ] GC(97) Old regions: 5->5
[210.004s][info][gc,heap        ] GC(97) Humongous regions: 0->0
[210.004s][info][gc,metaspace   ] GC(97) Metaspace: 23803K(24832K)->23803K(24832K) NonClass: 20876K(21504K)->20876K(21504K) Class: 2927K(3328K)->2927K(3328K)
[210.004s][info][gc             ] GC(97) Pause Young (Normal) (G1 Evacuation Pause) 2460M->32M(4096M) 14.342ms
[210.004s][info][gc,cpu         ] GC(97) User=0.02s Sys=0.00s Real=0.01s
[210.054s][info][gc,task        ] GC(98) Using 6 workers of 6 for full compaction
[210.055s][info][gc,start       ] GC(98) Pause Full (System.gc())
[210.055s][info][gc,phases,start] GC(98) Phase 1: Mark live objects
[210.058s][info][gc,stringtable ] GC(98) Cleaned string and symbol table, strings: 6099 processed, 0 removed, symbols: 55821 processed, 0 removed
[210.058s][info][gc,phases      ] GC(98) Phase 1: Mark live objects 2.889ms
[210.058s][info][gc,phases,start] GC(98) Phase 2: Prepare for compaction
[210.060s][info][gc,phases      ] GC(98) Phase 2: Prepare for compaction 2.618ms
[210.060s][info][gc,phases,start] GC(98) Phase 3: Adjust pointers
[210.063s][info][gc,phases      ] GC(98) Phase 3: Adjust pointers 2.686ms
[210.063s][info][gc,phases,start] GC(98) Phase 4: Compact heap
[210.064s][info][gc,phases      ] GC(98) Phase 4: Compact heap 0.477ms
[210.066s][info][gc,heap        ] GC(98) Eden regions: 79->0(1228)
[210.066s][info][gc,heap        ] GC(98) Survivor regions: 14->0(154)
[210.066s][info][gc,heap        ] GC(98) Old regions: 5->5
[210.066s][info][gc,heap        ] GC(98) Humongous regions: 0->0
[210.066s][info][gc,metaspace   ] GC(98) Metaspace: 23803K(24832K)->23803K(24832K) NonClass: 20876K(21504K)->20876K(21504K) Class: 2927K(3328K)->2927K(3328K)
[210.066s][info][gc             ] GC(98) Pause Full (System.gc()) 190M->4M(4096M) 11.672ms
[210.066s][info][gc,cpu         ] GC(98) User=0.02s Sys=0.00s Real=0.02s
[214.351s][info][gc,start       ] GC(99) Pause Young (Normal) (G1 Evacuation Pause)
[214.351s][info][gc,task        ] GC(99) Using 6 workers of 6 for evacuation
[214.365s][info][gc,phases      ] GC(99)   Pre Evacuate Collection Set: 0.0ms
[214.365s][info][gc,phases      ] GC(99)   Evacuate Collection Set: 12.6ms
[214.365s][info][gc,phases      ] GC(99)   Post Evacuate Collection Set: 1.2ms
[214.365s][info][gc,phases      ] GC(99)   Other: 0.3ms
[214.365s][info][gc,heap        ] GC(99) Eden regions: 1228->0(1214)
[214.365s][info][gc,heap        ] GC(99) Survivor regions: 0->14(154)
[214.365s][info][gc,heap        ] GC(99) Old regions: 5->5
[214.365s][info][gc,heap        ] GC(99) Humongous regions: 0->0
[214.365s][info][gc,metaspace   ] GC(99) Metaspace: 23803K(24832K)->23803K(24832K) NonClass: 20876K(21504K)->20876K(21504K) Class: 2927K(3328K)->2927K(3328K)
[214.365s][info][gc             ] GC(99) Pause Young (Normal) (G1 Evacuation Pause) 2460M->31M(4096M) 14.212ms
[214.365s][info][gc,cpu         ] GC(99) User=0.02s Sys=0.00s Real=0.02s
[214.416s][info][gc,task        ] GC(100) Using 6 workers of 6 for full compaction
[214.417s][info][gc,start       ] GC(100) Pause Full (System.gc())
[214.417s][info][gc,phases,start] GC(100) Phase 1: Mark live objects
[214.420s][info][gc,stringtable ] GC(100) Cleaned string and symbol table, strings: 6099 processed, 0 removed, symbols: 55821 processed, 0 removed
[214.420s][info][gc,phases      ] GC(100) Phase 1: Mark live objects 2.894ms
[214.420s][info][gc,phases,start] GC(100) Phase 2: Prepare for compaction
[214.422s][info][gc,phases      ] GC(100) Phase 2: Prepare for compaction 2.278ms
[214.422s][info][gc,phases,start] GC(100) Phase 3: Adjust pointers
[214.425s][info][gc,phases      ] GC(100) Phase 3: Adjust pointers 2.734ms
[214.425s][info][gc,phases,start] GC(100) Phase 4: Compact heap
[214.426s][info][gc,phases      ] GC(100) Phase 4: Compact heap 0.796ms
[214.429s][info][gc,heap        ] GC(100) Eden regions: 79->0(1228)
[214.429s][info][gc,heap        ] GC(100) Survivor regions: 14->0(154)
[214.429s][info][gc,heap        ] GC(100) Old regions: 5->5
[214.429s][info][gc,heap        ] GC(100) Humongous regions: 0->0
[214.429s][info][gc,metaspace   ] GC(100) Metaspace: 23805K(24832K)->23805K(24832K) NonClass: 20877K(21504K)->20877K(21504K) Class: 2927K(3328K)->2927K(3328K)
[214.429s][info][gc             ] GC(100) Pause Full (System.gc()) 189M->4M(4096M) 12.325ms
[214.429s][info][gc,cpu         ] GC(100) User=0.00s Sys=0.00s Real=0.02s
[218.712s][info][gc,start       ] GC(101) Pause Young (Normal) (G1 Evacuation Pause)
[218.712s][info][gc,task        ] GC(101) Using 6 workers of 6 for evacuation
[218.726s][info][gc,phases      ] GC(101)   Pre Evacuate Collection Set: 0.0ms
[218.726s][info][gc,phases      ] GC(101)   Evacuate Collection Set: 12.9ms
[218.726s][info][gc,phases      ] GC(101)   Post Evacuate Collection Set: 1.2ms
[218.726s][info][gc,phases      ] GC(101)   Other: 0.2ms
[218.726s][info][gc,heap        ] GC(101) Eden regions: 1228->0(1214)
[218.726s][info][gc,heap        ] GC(101) Survivor regions: 0->14(154)
[218.726s][info][gc,heap        ] GC(101) Old regions: 5->5
[218.726s][info][gc,heap        ] GC(101) Humongous regions: 0->0
[218.726s][info][gc,metaspace   ] GC(101) Metaspace: 23807K(24832K)->23807K(24832K) NonClass: 20879K(21504K)->20879K(21504K) Class: 2927K(3328K)->2927K(3328K)
[218.726s][info][gc             ] GC(101) Pause Young (Normal) (G1 Evacuation Pause) 2460M->32M(4096M) 14.377ms
[218.726s][info][gc,cpu         ] GC(101) User=0.00s Sys=0.00s Real=0.00s
[218.777s][info][gc,task        ] GC(102) Using 6 workers of 6 for full compaction
[218.777s][info][gc,start       ] GC(102) Pause Full (System.gc())
[218.777s][info][gc,phases,start] GC(102) Phase 1: Mark live objects
[218.780s][info][gc,stringtable ] GC(102) Cleaned string and symbol table, strings: 6099 processed, 0 removed, symbols: 55821 processed, 0 removed
[218.780s][info][gc,phases      ] GC(102) Phase 1: Mark live objects 2.644ms
[218.780s][info][gc,phases,start] GC(102) Phase 2: Prepare for compaction
[218.782s][info][gc,phases      ] GC(102) Phase 2: Prepare for compaction 2.356ms
[218.783s][info][gc,phases,start] GC(102) Phase 3: Adjust pointers
[218.785s][info][gc,phases      ] GC(102) Phase 3: Adjust pointers 2.618ms
[218.785s][info][gc,phases,start] GC(102) Phase 4: Compact heap
[218.786s][info][gc,phases      ] GC(102) Phase 4: Compact heap 0.694ms
[218.788s][info][gc,heap        ] GC(102) Eden regions: 79->0(1228)
[218.788s][info][gc,heap        ] GC(102) Survivor regions: 14->0(154)
[218.788s][info][gc,heap        ] GC(102) Old regions: 5->6
[218.788s][info][gc,heap        ] GC(102) Humongous regions: 0->0
[218.788s][info][gc,metaspace   ] GC(102) Metaspace: 23807K(24832K)->23807K(24832K) NonClass: 20879K(21504K)->20879K(21504K) Class: 2927K(3328K)->2927K(3328K)
[218.788s][info][gc             ] GC(102) Pause Full (System.gc()) 190M->4M(4096M) 11.096ms
[218.788s][info][gc,cpu         ] GC(102) User=0.00s Sys=0.00s Real=0.00s
[223.075s][info][gc,start       ] GC(103) Pause Young (Normal) (G1 Evacuation Pause)
[223.075s][info][gc,task        ] GC(103) Using 6 workers of 6 for evacuation
[223.089s][info][gc,phases      ] GC(103)   Pre Evacuate Collection Set: 0.0ms
[223.091s][info][gc,phases      ] GC(103)   Evacuate Collection Set: 12.8ms
[223.091s][info][gc,phases      ] GC(103)   Post Evacuate Collection Set: 1.3ms
[223.091s][info][gc,phases      ] GC(103)   Other: 0.3ms
[223.091s][info][gc,heap        ] GC(103) Eden regions: 1228->0(1214)
[223.091s][info][gc,heap        ] GC(103) Survivor regions: 0->14(154)
[223.091s][info][gc,heap        ] GC(103) Old regions: 6->6
[223.091s][info][gc,heap        ] GC(103) Humongous regions: 0->0
[223.091s][info][gc,metaspace   ] GC(103) Metaspace: 23823K(24832K)->23823K(24832K) NonClass: 20895K(21504K)->20895K(21504K) Class: 2927K(3328K)->2927K(3328K)
[223.091s][info][gc             ] GC(103) Pause Young (Normal) (G1 Evacuation Pause) 2460M->32M(4096M) 15.894ms
[223.091s][info][gc,cpu         ] GC(103) User=0.02s Sys=0.00s Real=0.01s
[223.142s][info][gc,task        ] GC(104) Using 6 workers of 6 for full compaction
[223.142s][info][gc,start       ] GC(104) Pause Full (System.gc())
[223.142s][info][gc,phases,start] GC(104) Phase 1: Mark live objects
[223.145s][info][gc,stringtable ] GC(104) Cleaned string and symbol table, strings: 6099 processed, 0 removed, symbols: 55821 processed, 0 removed
[223.145s][info][gc,phases      ] GC(104) Phase 1: Mark live objects 3.101ms
[223.145s][info][gc,phases,start] GC(104) Phase 2: Prepare for compaction
[223.148s][info][gc,phases      ] GC(104) Phase 2: Prepare for compaction 2.422ms
[223.148s][info][gc,phases,start] GC(104) Phase 3: Adjust pointers
[223.151s][info][gc,phases      ] GC(104) Phase 3: Adjust pointers 2.854ms
[223.151s][info][gc,phases,start] GC(104) Phase 4: Compact heap
[223.152s][info][gc,phases      ] GC(104) Phase 4: Compact heap 1.102ms
[223.155s][info][gc,heap        ] GC(104) Eden regions: 79->0(1228)
[223.155s][info][gc,heap        ] GC(104) Survivor regions: 14->0(154)
[223.155s][info][gc,heap        ] GC(104) Old regions: 6->6
[223.155s][info][gc,heap        ] GC(104) Humongous regions: 0->0
[223.155s][info][gc,metaspace   ] GC(104) Metaspace: 23823K(24832K)->23823K(24832K) NonClass: 20895K(21504K)->20895K(21504K) Class: 2927K(3328K)->2927K(3328K)
[223.155s][info][gc             ] GC(104) Pause Full (System.gc()) 190M->4M(4096M) 12.677ms
[223.155s][info][gc,cpu         ] GC(104) User=0.00s Sys=0.00s Real=0.01s
[227.443s][info][gc,start       ] GC(105) Pause Young (Normal) (G1 Evacuation Pause)
[227.443s][info][gc,task        ] GC(105) Using 6 workers of 6 for evacuation
[227.457s][info][gc,phases      ] GC(105)   Pre Evacuate Collection Set: 0.0ms
[227.457s][info][gc,phases      ] GC(105)   Evacuate Collection Set: 12.9ms
[227.457s][info][gc,phases      ] GC(105)   Post Evacuate Collection Set: 1.1ms
[227.457s][info][gc,phases      ] GC(105)   Other: 0.2ms
[227.457s][info][gc,heap        ] GC(105) Eden regions: 1228->0(1214)
[227.457s][info][gc,heap        ] GC(105) Survivor regions: 0->14(154)
[227.457s][info][gc,heap        ] GC(105) Old regions: 6->6
[227.457s][info][gc,heap        ] GC(105) Humongous regions: 0->0
[227.457s][info][gc,metaspace   ] GC(105) Metaspace: 23823K(24832K)->23823K(24832K) NonClass: 20895K(21504K)->20895K(21504K) Class: 2927K(3328K)->2927K(3328K)
[227.457s][info][gc             ] GC(105) Pause Young (Normal) (G1 Evacuation Pause) 2460M->32M(4096M) 14.342ms
[227.457s][info][gc,cpu         ] GC(105) User=0.00s Sys=0.00s Real=0.00s
[227.508s][info][gc,task        ] GC(106) Using 6 workers of 6 for full compaction
[227.508s][info][gc,start       ] GC(106) Pause Full (System.gc())
[227.508s][info][gc,phases,start] GC(106) Phase 1: Mark live objects
[227.511s][info][gc,stringtable ] GC(106) Cleaned string and symbol table, strings: 6099 processed, 0 removed, symbols: 55821 processed, 0 removed
[227.511s][info][gc,phases      ] GC(106) Phase 1: Mark live objects 2.983ms
[227.511s][info][gc,phases,start] GC(106) Phase 2: Prepare for compaction
[227.513s][info][gc,phases      ] GC(106) Phase 2: Prepare for compaction 2.160ms
[227.513s][info][gc,phases,start] GC(106) Phase 3: Adjust pointers
[227.516s][info][gc,phases      ] GC(106) Phase 3: Adjust pointers 2.741ms
[227.516s][info][gc,phases,start] GC(106) Phase 4: Compact heap
[227.517s][info][gc,phases      ] GC(106) Phase 4: Compact heap 0.745ms
[227.520s][info][gc,heap        ] GC(106) Eden regions: 79->0(1228)
[227.520s][info][gc,heap        ] GC(106) Survivor regions: 14->0(154)
[227.520s][info][gc,heap        ] GC(106) Old regions: 6->6
[227.520s][info][gc,heap        ] GC(106) Humongous regions: 0->0
[227.520s][info][gc,metaspace   ] GC(106) Metaspace: 23823K(24832K)->23823K(24832K) NonClass: 20895K(21504K)->20895K(21504K) Class: 2927K(3328K)->2927K(3328K)
[227.520s][info][gc             ] GC(106) Pause Full (System.gc()) 190M->4M(4096M) 11.721ms
[227.520s][info][gc,cpu         ] GC(106) User=0.00s Sys=0.00s Real=0.00s
[231.805s][info][gc,start       ] GC(107) Pause Young (Normal) (G1 Evacuation Pause)
[231.805s][info][gc,task        ] GC(107) Using 6 workers of 6 for evacuation
[231.821s][info][gc,phases      ] GC(107)   Pre Evacuate Collection Set: 0.0ms
[231.821s][info][gc,phases      ] GC(107)   Evacuate Collection Set: 14.5ms
[231.821s][info][gc,phases      ] GC(107)   Post Evacuate Collection Set: 1.6ms
[231.821s][info][gc,phases      ] GC(107)   Other: 0.2ms
[231.821s][info][gc,heap        ] GC(107) Eden regions: 1228->0(1214)
[231.821s][info][gc,heap        ] GC(107) Survivor regions: 0->14(154)
[231.821s][info][gc,heap        ] GC(107) Old regions: 6->6
[231.821s][info][gc,heap        ] GC(107) Humongous regions: 0->0
[231.821s][info][gc,metaspace   ] GC(107) Metaspace: 23823K(24832K)->23823K(24832K) NonClass: 20895K(21504K)->20895K(21504K) Class: 2927K(3328K)->2927K(3328K)
[231.821s][info][gc             ] GC(107) Pause Young (Normal) (G1 Evacuation Pause) 2460M->31M(4096M) 16.395ms
[231.821s][info][gc,cpu         ] GC(107) User=0.00s Sys=0.00s Real=0.00s
[231.873s][info][gc,task        ] GC(108) Using 6 workers of 6 for full compaction
[231.873s][info][gc,start       ] GC(108) Pause Full (System.gc())
[231.873s][info][gc,phases,start] GC(108) Phase 1: Mark live objects
[231.876s][info][gc,stringtable ] GC(108) Cleaned string and symbol table, strings: 6099 processed, 0 removed, symbols: 55821 processed, 0 removed
[231.876s][info][gc,phases      ] GC(108) Phase 1: Mark live objects 3.011ms
[231.876s][info][gc,phases,start] GC(108) Phase 2: Prepare for compaction
[231.879s][info][gc,phases      ] GC(108) Phase 2: Prepare for compaction 2.237ms
[231.879s][info][gc,phases,start] GC(108) Phase 3: Adjust pointers
[231.882s][info][gc,phases      ] GC(108) Phase 3: Adjust pointers 2.781ms
[231.882s][info][gc,phases,start] GC(108) Phase 4: Compact heap
[231.882s][info][gc,phases      ] GC(108) Phase 4: Compact heap 0.536ms
[231.885s][info][gc,heap        ] GC(108) Eden regions: 79->0(1228)
[231.885s][info][gc,heap        ] GC(108) Survivor regions: 14->0(154)
[231.885s][info][gc,heap        ] GC(108) Old regions: 6->5
[231.885s][info][gc,heap        ] GC(108) Humongous regions: 0->0
[231.885s][info][gc,metaspace   ] GC(108) Metaspace: 23823K(24832K)->23823K(24832K) NonClass: 20895K(21504K)->20895K(21504K) Class: 2927K(3328K)->2927K(3328K)
[231.885s][info][gc             ] GC(108) Pause Full (System.gc()) 189M->4M(4096M) 11.532ms
[231.885s][info][gc,cpu         ] GC(108) User=0.00s Sys=0.00s Real=0.00s
[236.171s][info][gc,start       ] GC(109) Pause Young (Normal) (G1 Evacuation Pause)
[236.171s][info][gc,task        ] GC(109) Using 6 workers of 6 for evacuation
[236.185s][info][gc,phases      ] GC(109)   Pre Evacuate Collection Set: 0.1ms
[236.185s][info][gc,phases      ] GC(109)   Evacuate Collection Set: 12.4ms
[236.185s][info][gc,phases      ] GC(109)   Post Evacuate Collection Set: 1.3ms
[236.185s][info][gc,phases      ] GC(109)   Other: 0.3ms
[236.185s][info][gc,heap        ] GC(109) Eden regions: 1228->0(1214)
[236.185s][info][gc,heap        ] GC(109) Survivor regions: 0->14(154)
[236.185s][info][gc,heap        ] GC(109) Old regions: 5->5
[236.185s][info][gc,heap        ] GC(109) Humongous regions: 0->0
[236.185s][info][gc,metaspace   ] GC(109) Metaspace: 23825K(24832K)->23825K(24832K) NonClass: 20897K(21504K)->20897K(21504K) Class: 2927K(3328K)->2927K(3328K)
[236.185s][info][gc             ] GC(109) Pause Young (Normal) (G1 Evacuation Pause) 2460M->32M(4096M) 14.112ms
[236.185s][info][gc,cpu         ] GC(109) User=0.02s Sys=0.00s Real=0.02s
[236.235s][info][gc,task        ] GC(110) Using 6 workers of 6 for full compaction
[236.235s][info][gc,start       ] GC(110) Pause Full (System.gc())
[236.235s][info][gc,phases,start] GC(110) Phase 1: Mark live objects
[236.238s][info][gc,stringtable ] GC(110) Cleaned string and symbol table, strings: 6099 processed, 0 removed, symbols: 55821 processed, 0 removed
[236.238s][info][gc,phases      ] GC(110) Phase 1: Mark live objects 2.954ms
[236.238s][info][gc,phases,start] GC(110) Phase 2: Prepare for compaction
[236.241s][info][gc,phases      ] GC(110) Phase 2: Prepare for compaction 2.125ms
[236.241s][info][gc,phases,start] GC(110) Phase 3: Adjust pointers
[236.243s][info][gc,phases      ] GC(110) Phase 3: Adjust pointers 2.593ms
[236.243s][info][gc,phases,start] GC(110) Phase 4: Compact heap
[236.244s][info][gc,phases      ] GC(110) Phase 4: Compact heap 0.545ms
[236.247s][info][gc,heap        ] GC(110) Eden regions: 79->0(1228)
[236.247s][info][gc,heap        ] GC(110) Survivor regions: 14->0(154)
[236.247s][info][gc,heap        ] GC(110) Old regions: 5->5
[236.247s][info][gc,heap        ] GC(110) Humongous regions: 0->0
[236.247s][info][gc,metaspace   ] GC(110) Metaspace: 23826K(24832K)->23826K(24832K) NonClass: 20898K(21504K)->20898K(21504K) Class: 2927K(3328K)->2927K(3328K)
[236.247s][info][gc             ] GC(110) Pause Full (System.gc()) 190M->4M(4096M) 11.390ms
[236.247s][info][gc,cpu         ] GC(110) User=0.00s Sys=0.00s Real=0.00s
[240.527s][info][gc,start       ] GC(111) Pause Young (Normal) (G1 Evacuation Pause)
[240.527s][info][gc,task        ] GC(111) Using 6 workers of 6 for evacuation
[240.541s][info][gc,phases      ] GC(111)   Pre Evacuate Collection Set: 0.0ms
[240.543s][info][gc,phases      ] GC(111)   Evacuate Collection Set: 12.6ms
[240.543s][info][gc,phases      ] GC(111)   Post Evacuate Collection Set: 1.2ms
[240.543s][info][gc,phases      ] GC(111)   Other: 0.2ms
[240.543s][info][gc,heap        ] GC(111) Eden regions: 1228->0(1214)
[240.543s][info][gc,heap        ] GC(111) Survivor regions: 0->14(154)
[240.543s][info][gc,heap        ] GC(111) Old regions: 5->5
[240.543s][info][gc,heap        ] GC(111) Humongous regions: 0->0
[240.543s][info][gc,metaspace   ] GC(111) Metaspace: 23827K(24832K)->23827K(24832K) NonClass: 20899K(21504K)->20899K(21504K) Class: 2927K(3328K)->2927K(3328K)
[240.543s][info][gc             ] GC(111) Pause Young (Normal) (G1 Evacuation Pause) 2460M->32M(4096M) 15.535ms
[240.543s][info][gc,cpu         ] GC(111) User=0.02s Sys=0.00s Real=0.02s
[240.595s][info][gc,task        ] GC(112) Using 6 workers of 6 for full compaction
[240.595s][info][gc,start       ] GC(112) Pause Full (System.gc())
[240.595s][info][gc,phases,start] GC(112) Phase 1: Mark live objects
[240.598s][info][gc,stringtable ] GC(112) Cleaned string and symbol table, strings: 6099 processed, 0 removed, symbols: 55821 processed, 0 removed
[240.598s][info][gc,phases      ] GC(112) Phase 1: Mark live objects 2.933ms
[240.598s][info][gc,phases,start] GC(112) Phase 2: Prepare for compaction
[240.600s][info][gc,phases      ] GC(112) Phase 2: Prepare for compaction 2.309ms
[240.600s][info][gc,phases,start] GC(112) Phase 3: Adjust pointers
[240.603s][info][gc,phases      ] GC(112) Phase 3: Adjust pointers 2.771ms
[240.603s][info][gc,phases,start] GC(112) Phase 4: Compact heap
[240.605s][info][gc,phases      ] GC(112) Phase 4: Compact heap 1.465ms
[240.607s][info][gc,heap        ] GC(112) Eden regions: 79->0(1228)
[240.607s][info][gc,heap        ] GC(112) Survivor regions: 14->0(154)
[240.607s][info][gc,heap        ] GC(112) Old regions: 5->5
[240.607s][info][gc,heap        ] GC(112) Humongous regions: 0->0
[240.607s][info][gc,metaspace   ] GC(112) Metaspace: 23827K(24832K)->23827K(24832K) NonClass: 20899K(21504K)->20899K(21504K) Class: 2927K(3328K)->2927K(3328K)
[240.607s][info][gc             ] GC(112) Pause Full (System.gc()) 190M->4M(4096M) 12.420ms
[240.607s][info][gc,cpu         ] GC(112) User=0.02s Sys=0.00s Real=0.01s
[244.892s][info][gc,start       ] GC(113) Pause Young (Normal) (G1 Evacuation Pause)
[244.892s][info][gc,task        ] GC(113) Using 6 workers of 6 for evacuation
[244.906s][info][gc,phases      ] GC(113)   Pre Evacuate Collection Set: 0.1ms
[244.906s][info][gc,phases      ] GC(113)   Evacuate Collection Set: 12.8ms
[244.906s][info][gc,phases      ] GC(113)   Post Evacuate Collection Set: 1.3ms
[244.906s][info][gc,phases      ] GC(113)   Other: 0.3ms
[244.906s][info][gc,heap        ] GC(113) Eden regions: 1228->0(1214)
[244.906s][info][gc,heap        ] GC(113) Survivor regions: 0->14(154)
[244.906s][info][gc,heap        ] GC(113) Old regions: 5->5
[244.907s][info][gc,heap        ] GC(113) Humongous regions: 0->0
[244.907s][info][gc,metaspace   ] GC(113) Metaspace: 23827K(24832K)->23827K(24832K) NonClass: 20899K(21504K)->20899K(21504K) Class: 2927K(3328K)->2927K(3328K)
[244.907s][info][gc             ] GC(113) Pause Young (Normal) (G1 Evacuation Pause) 2460M->32M(4096M) 14.526ms
[244.907s][info][gc,cpu         ] GC(113) User=0.02s Sys=0.00s Real=0.02s
[244.957s][info][gc,task        ] GC(114) Using 6 workers of 6 for full compaction
[244.957s][info][gc,start       ] GC(114) Pause Full (System.gc())
[244.958s][info][gc,phases,start] GC(114) Phase 1: Mark live objects
[244.961s][info][gc,stringtable ] GC(114) Cleaned string and symbol table, strings: 6099 processed, 0 removed, symbols: 55821 processed, 0 removed
[244.961s][info][gc,phases      ] GC(114) Phase 1: Mark live objects 3.262ms
[244.961s][info][gc,phases,start] GC(114) Phase 2: Prepare for compaction
[244.963s][info][gc,phases      ] GC(114) Phase 2: Prepare for compaction 2.484ms
[244.964s][info][gc,phases,start] GC(114) Phase 3: Adjust pointers
[244.966s][info][gc,phases      ] GC(114) Phase 3: Adjust pointers 2.789ms
[244.966s][info][gc,phases,start] GC(114) Phase 4: Compact heap
[244.967s][info][gc,phases      ] GC(114) Phase 4: Compact heap 0.629ms
[244.970s][info][gc,heap        ] GC(114) Eden regions: 79->0(1228)
[244.970s][info][gc,heap        ] GC(114) Survivor regions: 14->0(154)
[244.970s][info][gc,heap        ] GC(114) Old regions: 5->6
[244.970s][info][gc,heap        ] GC(114) Humongous regions: 0->0
[244.970s][info][gc,metaspace   ] GC(114) Metaspace: 23827K(24832K)->23827K(24832K) NonClass: 20899K(21504K)->20899K(21504K) Class: 2927K(3328K)->2927K(3328K)
[244.970s][info][gc             ] GC(114) Pause Full (System.gc()) 190M->4M(4096M) 12.124ms
[244.970s][info][gc,cpu         ] GC(114) User=0.02s Sys=0.00s Real=0.02s
[249.268s][info][gc,start       ] GC(115) Pause Young (Normal) (G1 Evacuation Pause)
[249.268s][info][gc,task        ] GC(115) Using 6 workers of 6 for evacuation
[249.282s][info][gc,phases      ] GC(115)   Pre Evacuate Collection Set: 0.0ms
[249.282s][info][gc,phases      ] GC(115)   Evacuate Collection Set: 12.9ms
[249.282s][info][gc,phases      ] GC(115)   Post Evacuate Collection Set: 1.1ms
[249.282s][info][gc,phases      ] GC(115)   Other: 0.2ms
[249.282s][info][gc,heap        ] GC(115) Eden regions: 1228->0(1214)
[249.282s][info][gc,heap        ] GC(115) Survivor regions: 0->14(154)
[249.282s][info][gc,heap        ] GC(115) Old regions: 6->6
[249.282s][info][gc,heap        ] GC(115) Humongous regions: 0->0
[249.282s][info][gc,metaspace   ] GC(115) Metaspace: 23827K(24832K)->23827K(24832K) NonClass: 20899K(21504K)->20899K(21504K) Class: 2927K(3328K)->2927K(3328K)
[249.282s][info][gc             ] GC(115) Pause Young (Normal) (G1 Evacuation Pause) 2460M->32M(4096M) 14.319ms
[249.282s][info][gc,cpu         ] GC(115) User=0.02s Sys=0.00s Real=0.02s
[249.333s][info][gc,task        ] GC(116) Using 6 workers of 6 for full compaction
[249.333s][info][gc,start       ] GC(116) Pause Full (System.gc())
[249.333s][info][gc,phases,start] GC(116) Phase 1: Mark live objects
[249.336s][info][gc,stringtable ] GC(116) Cleaned string and symbol table, strings: 6099 processed, 0 removed, symbols: 55821 processed, 0 removed
[249.336s][info][gc,phases      ] GC(116) Phase 1: Mark live objects 2.962ms
[249.336s][info][gc,phases,start] GC(116) Phase 2: Prepare for compaction
[249.339s][info][gc,phases      ] GC(116) Phase 2: Prepare for compaction 2.426ms
[249.339s][info][gc,phases,start] GC(116) Phase 3: Adjust pointers
[249.341s][info][gc,phases      ] GC(116) Phase 3: Adjust pointers 2.643ms
[249.341s][info][gc,phases,start] GC(116) Phase 4: Compact heap
[249.342s][info][gc,phases      ] GC(116) Phase 4: Compact heap 0.446ms
[249.344s][info][gc,heap        ] GC(116) Eden regions: 79->0(1228)
[249.344s][info][gc,heap        ] GC(116) Survivor regions: 14->0(154)
[249.344s][info][gc,heap        ] GC(116) Old regions: 6->5
[249.344s][info][gc,heap        ] GC(116) Humongous regions: 0->0
[249.344s][info][gc,metaspace   ] GC(116) Metaspace: 23827K(24832K)->23827K(24832K) NonClass: 20899K(21504K)->20899K(21504K) Class: 2927K(3328K)->2927K(3328K)
[249.344s][info][gc             ] GC(116) Pause Full (System.gc()) 190M->4M(4096M) 11.292ms
[249.344s][info][gc,cpu         ] GC(116) User=0.00s Sys=0.00s Real=0.02s
[253.622s][info][gc,start       ] GC(117) Pause Young (Normal) (G1 Evacuation Pause)
[253.622s][info][gc,task        ] GC(117) Using 6 workers of 6 for evacuation
[253.636s][info][gc,phases      ] GC(117)   Pre Evacuate Collection Set: 0.0ms
[253.636s][info][gc,phases      ] GC(117)   Evacuate Collection Set: 12.4ms
[253.636s][info][gc,phases      ] GC(117)   Post Evacuate Collection Set: 1.2ms
[253.636s][info][gc,phases      ] GC(117)   Other: 0.3ms
[253.636s][info][gc,heap        ] GC(117) Eden regions: 1228->0(1213)
[253.636s][info][gc,heap        ] GC(117) Survivor regions: 0->15(154)
[253.636s][info][gc,heap        ] GC(117) Old regions: 5->5
[253.636s][info][gc,heap        ] GC(117) Humongous regions: 0->0
[253.636s][info][gc,metaspace   ] GC(117) Metaspace: 23827K(24832K)->23827K(24832K) NonClass: 20899K(21504K)->20899K(21504K) Class: 2927K(3328K)->2927K(3328K)
[253.636s][info][gc             ] GC(117) Pause Young (Normal) (G1 Evacuation Pause) 2460M->33M(4096M) 14.065ms
[253.636s][info][gc,cpu         ] GC(117) User=0.02s Sys=0.00s Real=0.02s
[253.687s][info][gc,task        ] GC(118) Using 6 workers of 6 for full compaction
[253.687s][info][gc,start       ] GC(118) Pause Full (System.gc())
[253.687s][info][gc,phases,start] GC(118) Phase 1: Mark live objects
[253.690s][info][gc,stringtable ] GC(118) Cleaned string and symbol table, strings: 6099 processed, 0 removed, symbols: 55821 processed, 0 removed
[253.690s][info][gc,phases      ] GC(118) Phase 1: Mark live objects 2.906ms
[253.690s][info][gc,phases,start] GC(118) Phase 2: Prepare for compaction
[253.693s][info][gc,phases      ] GC(118) Phase 2: Prepare for compaction 2.476ms
[253.693s][info][gc,phases,start] GC(118) Phase 3: Adjust pointers
[253.695s][info][gc,phases      ] GC(118) Phase 3: Adjust pointers 2.688ms
[253.695s][info][gc,phases,start] GC(118) Phase 4: Compact heap
[253.696s][info][gc,phases      ] GC(118) Phase 4: Compact heap 0.654ms
[253.698s][info][gc,heap        ] GC(118) Eden regions: 79->0(1228)
[253.699s][info][gc,heap        ] GC(118) Survivor regions: 15->0(154)
[253.699s][info][gc,heap        ] GC(118) Old regions: 5->5
[253.699s][info][gc,heap        ] GC(118) Humongous regions: 0->0
[253.699s][info][gc,metaspace   ] GC(118) Metaspace: 23829K(24832K)->23829K(24832K) NonClass: 20901K(21504K)->20901K(21504K) Class: 2927K(3328K)->2927K(3328K)
[253.699s][info][gc             ] GC(118) Pause Full (System.gc()) 191M->4M(4096M) 11.575ms
[253.699s][info][gc,cpu         ] GC(118) User=0.00s Sys=0.02s Real=0.02s
[257.980s][info][gc,start       ] GC(119) Pause Young (Normal) (G1 Evacuation Pause)
[257.980s][info][gc,task        ] GC(119) Using 6 workers of 6 for evacuation
[257.994s][info][gc,phases      ] GC(119)   Pre Evacuate Collection Set: 0.0ms
[257.994s][info][gc,phases      ] GC(119)   Evacuate Collection Set: 12.5ms
[257.994s][info][gc,phases      ] GC(119)   Post Evacuate Collection Set: 1.2ms
[257.994s][info][gc,phases      ] GC(119)   Other: 0.3ms
[257.994s][info][gc,heap        ] GC(119) Eden regions: 1228->0(1214)
[257.994s][info][gc,heap        ] GC(119) Survivor regions: 0->14(154)
[257.994s][info][gc,heap        ] GC(119) Old regions: 5->5
[257.994s][info][gc,heap        ] GC(119) Humongous regions: 0->0
[257.994s][info][gc,metaspace   ] GC(119) Metaspace: 23834K(24832K)->23834K(24832K) NonClass: 20906K(21504K)->20906K(21504K) Class: 2927K(3328K)->2927K(3328K)
[257.994s][info][gc             ] GC(119) Pause Young (Normal) (G1 Evacuation Pause) 2460M->32M(4096M) 14.186ms
[257.994s][info][gc,cpu         ] GC(119) User=0.00s Sys=0.00s Real=0.00s
[258.044s][info][gc,task        ] GC(120) Using 6 workers of 6 for full compaction
[258.045s][info][gc,start       ] GC(120) Pause Full (System.gc())
[258.045s][info][gc,phases,start] GC(120) Phase 1: Mark live objects
[258.048s][info][gc,stringtable ] GC(120) Cleaned string and symbol table, strings: 6100 processed, 0 removed, symbols: 55821 processed, 0 removed
[258.048s][info][gc,phases      ] GC(120) Phase 1: Mark live objects 2.853ms
[258.048s][info][gc,phases,start] GC(120) Phase 2: Prepare for compaction
[258.050s][info][gc,phases      ] GC(120) Phase 2: Prepare for compaction 2.142ms
[258.050s][info][gc,phases,start] GC(120) Phase 3: Adjust pointers
[258.053s][info][gc,phases      ] GC(120) Phase 3: Adjust pointers 2.740ms
[258.053s][info][gc,phases,start] GC(120) Phase 4: Compact heap
[258.054s][info][gc,phases      ] GC(120) Phase 4: Compact heap 0.832ms
[258.056s][info][gc,heap        ] GC(120) Eden regions: 79->0(1228)
[258.056s][info][gc,heap        ] GC(120) Survivor regions: 14->0(154)
[258.056s][info][gc,heap        ] GC(120) Old regions: 5->5
[258.056s][info][gc,heap        ] GC(120) Humongous regions: 0->0
[258.056s][info][gc,metaspace   ] GC(120) Metaspace: 23834K(24832K)->23834K(24832K) NonClass: 20906K(21504K)->20906K(21504K) Class: 2927K(3328K)->2927K(3328K)
[258.056s][info][gc             ] GC(120) Pause Full (System.gc()) 190M->4M(4096M) 11.477ms
[258.056s][info][gc,cpu         ] GC(120) User=0.00s Sys=0.00s Real=0.00s
[262.335s][info][gc,start       ] GC(121) Pause Young (Normal) (G1 Evacuation Pause)
[262.335s][info][gc,task        ] GC(121) Using 6 workers of 6 for evacuation
[262.349s][info][gc,phases      ] GC(121)   Pre Evacuate Collection Set: 0.0ms
[262.349s][info][gc,phases      ] GC(121)   Evacuate Collection Set: 12.6ms
[262.349s][info][gc,phases      ] GC(121)   Post Evacuate Collection Set: 1.2ms
[262.349s][info][gc,phases      ] GC(121)   Other: 0.3ms
[262.349s][info][gc,heap        ] GC(121) Eden regions: 1228->0(1214)
[262.349s][info][gc,heap        ] GC(121) Survivor regions: 0->14(154)
[262.349s][info][gc,heap        ] GC(121) Old regions: 5->5
[262.349s][info][gc,heap        ] GC(121) Humongous regions: 0->0
[262.349s][info][gc,metaspace   ] GC(121) Metaspace: 23837K(24832K)->23837K(24832K) NonClass: 20909K(21504K)->20909K(21504K) Class: 2927K(3328K)->2927K(3328K)
[262.349s][info][gc             ] GC(121) Pause Young (Normal) (G1 Evacuation Pause) 2460M->32M(4096M) 14.318ms
[262.349s][info][gc,cpu         ] GC(121) User=0.02s Sys=0.00s Real=0.02s
[262.400s][info][gc,task        ] GC(122) Using 6 workers of 6 for full compaction
[262.400s][info][gc,start       ] GC(122) Pause Full (System.gc())
[262.400s][info][gc,phases,start] GC(122) Phase 1: Mark live objects
[262.403s][info][gc,stringtable ] GC(122) Cleaned string and symbol table, strings: 6100 processed, 0 removed, symbols: 55821 processed, 0 removed
[262.403s][info][gc,phases      ] GC(122) Phase 1: Mark live objects 2.857ms
[262.403s][info][gc,phases,start] GC(122) Phase 2: Prepare for compaction
[262.406s][info][gc,phases      ] GC(122) Phase 2: Prepare for compaction 2.368ms
[262.406s][info][gc,phases,start] GC(122) Phase 3: Adjust pointers
[262.409s][info][gc,phases      ] GC(122) Phase 3: Adjust pointers 2.796ms
[262.409s][info][gc,phases,start] GC(122) Phase 4: Compact heap
[262.409s][info][gc,phases      ] GC(122) Phase 4: Compact heap 0.546ms
[262.411s][info][gc,heap        ] GC(122) Eden regions: 79->0(1228)
[262.412s][info][gc,heap        ] GC(122) Survivor regions: 14->0(154)
[262.412s][info][gc,heap        ] GC(122) Old regions: 5->5
[262.412s][info][gc,heap        ] GC(122) Humongous regions: 0->0
[262.412s][info][gc,metaspace   ] GC(122) Metaspace: 23837K(24832K)->23837K(24832K) NonClass: 20909K(21504K)->20909K(21504K) Class: 2927K(3328K)->2927K(3328K)
[262.412s][info][gc             ] GC(122) Pause Full (System.gc()) 190M->4M(4096M) 11.354ms
[262.412s][info][gc,cpu         ] GC(122) User=0.00s Sys=0.00s Real=0.01s
[266.686s][info][gc,start       ] GC(123) Pause Young (Normal) (G1 Evacuation Pause)
[266.686s][info][gc,task        ] GC(123) Using 6 workers of 6 for evacuation
[266.701s][info][gc,phases      ] GC(123)   Pre Evacuate Collection Set: 0.0ms
[266.701s][info][gc,phases      ] GC(123)   Evacuate Collection Set: 13.0ms
[266.701s][info][gc,phases      ] GC(123)   Post Evacuate Collection Set: 1.3ms
[266.701s][info][gc,phases      ] GC(123)   Other: 0.2ms
[266.701s][info][gc,heap        ] GC(123) Eden regions: 1228->0(1214)
[266.701s][info][gc,heap        ] GC(123) Survivor regions: 0->14(154)
[266.701s][info][gc,heap        ] GC(123) Old regions: 5->5
[266.701s][info][gc,heap        ] GC(123) Humongous regions: 0->0
[266.701s][info][gc,metaspace   ] GC(123) Metaspace: 23837K(24832K)->23837K(24832K) NonClass: 20909K(21504K)->20909K(21504K) Class: 2927K(3328K)->2927K(3328K)
[266.701s][info][gc             ] GC(123) Pause Young (Normal) (G1 Evacuation Pause) 2460M->32M(4096M) 14.659ms
[266.701s][info][gc,cpu         ] GC(123) User=0.02s Sys=0.00s Real=0.02s
[266.753s][info][gc,task        ] GC(124) Using 6 workers of 6 for full compaction
[266.753s][info][gc,start       ] GC(124) Pause Full (System.gc())
[266.753s][info][gc,phases,start] GC(124) Phase 1: Mark live objects
[266.756s][info][gc,stringtable ] GC(124) Cleaned string and symbol table, strings: 6100 processed, 0 removed, symbols: 55821 processed, 0 removed
[266.756s][info][gc,phases      ] GC(124) Phase 1: Mark live objects 2.859ms
[266.756s][info][gc,phases,start] GC(124) Phase 2: Prepare for compaction
[266.758s][info][gc,phases      ] GC(124) Phase 2: Prepare for compaction 2.610ms
[266.759s][info][gc,phases,start] GC(124) Phase 3: Adjust pointers
[266.761s][info][gc,phases      ] GC(124) Phase 3: Adjust pointers 2.845ms
[266.761s][info][gc,phases,start] GC(124) Phase 4: Compact heap
[266.762s][info][gc,phases      ] GC(124) Phase 4: Compact heap 0.542ms
[266.764s][info][gc,heap        ] GC(124) Eden regions: 79->0(1228)
[266.764s][info][gc,heap        ] GC(124) Survivor regions: 14->0(154)
[266.764s][info][gc,heap        ] GC(124) Old regions: 5->5
[266.764s][info][gc,heap        ] GC(124) Humongous regions: 0->0
[266.764s][info][gc,metaspace   ] GC(124) Metaspace: 23837K(24832K)->23837K(24832K) NonClass: 20909K(21504K)->20909K(21504K) Class: 2927K(3328K)->2927K(3328K)
[266.764s][info][gc             ] GC(124) Pause Full (System.gc()) 190M->4M(4096M) 11.690ms
[266.765s][info][gc,cpu         ] GC(124) User=0.02s Sys=0.00s Real=0.02s
[271.038s][info][gc,start       ] GC(125) Pause Young (Normal) (G1 Evacuation Pause)
[271.038s][info][gc,task        ] GC(125) Using 6 workers of 6 for evacuation
[271.052s][info][gc,phases      ] GC(125)   Pre Evacuate Collection Set: 0.0ms
[271.052s][info][gc,phases      ] GC(125)   Evacuate Collection Set: 12.4ms
[271.052s][info][gc,phases      ] GC(125)   Post Evacuate Collection Set: 1.2ms
[271.052s][info][gc,phases      ] GC(125)   Other: 0.3ms
[271.052s][info][gc,heap        ] GC(125) Eden regions: 1228->0(1214)
[271.052s][info][gc,heap        ] GC(125) Survivor regions: 0->14(154)
[271.052s][info][gc,heap        ] GC(125) Old regions: 5->5
[271.052s][info][gc,heap        ] GC(125) Humongous regions: 0->0
[271.052s][info][gc,metaspace   ] GC(125) Metaspace: 23837K(24832K)->23837K(24832K) NonClass: 20909K(21504K)->20909K(21504K) Class: 2927K(3328K)->2927K(3328K)
[271.052s][info][gc             ] GC(125) Pause Young (Normal) (G1 Evacuation Pause) 2460M->32M(4096M) 14.078ms
[271.052s][info][gc,cpu         ] GC(125) User=0.02s Sys=0.00s Real=0.02s
[271.104s][info][gc,task        ] GC(126) Using 6 workers of 6 for full compaction
[271.104s][info][gc,start       ] GC(126) Pause Full (System.gc())
[271.104s][info][gc,phases,start] GC(126) Phase 1: Mark live objects
[271.107s][info][gc,stringtable ] GC(126) Cleaned string and symbol table, strings: 6100 processed, 0 removed, symbols: 55821 processed, 0 removed
[271.107s][info][gc,phases      ] GC(126) Phase 1: Mark live objects 3.006ms
[271.107s][info][gc,phases,start] GC(126) Phase 2: Prepare for compaction
[271.109s][info][gc,phases      ] GC(126) Phase 2: Prepare for compaction 2.607ms
[271.110s][info][gc,phases,start] GC(126) Phase 3: Adjust pointers
[271.112s][info][gc,phases      ] GC(126) Phase 3: Adjust pointers 2.755ms
[271.112s][info][gc,phases,start] GC(126) Phase 4: Compact heap
[271.113s][info][gc,phases      ] GC(126) Phase 4: Compact heap 0.651ms
[271.115s][info][gc,heap        ] GC(126) Eden regions: 79->0(1228)
[271.116s][info][gc,heap        ] GC(126) Survivor regions: 14->0(154)
[271.116s][info][gc,heap        ] GC(126) Old regions: 5->5
[271.116s][info][gc,heap        ] GC(126) Humongous regions: 0->0
[271.116s][info][gc,metaspace   ] GC(126) Metaspace: 23837K(24832K)->23837K(24832K) NonClass: 20909K(21504K)->20909K(21504K) Class: 2927K(3328K)->2927K(3328K)
[271.116s][info][gc             ] GC(126) Pause Full (System.gc()) 190M->4M(4096M) 11.906ms
[271.116s][info][gc,cpu         ] GC(126) User=0.02s Sys=0.00s Real=0.01s
[275.393s][info][gc,start       ] GC(127) Pause Young (Normal) (G1 Evacuation Pause)
[275.393s][info][gc,task        ] GC(127) Using 6 workers of 6 for evacuation
[275.407s][info][gc,phases      ] GC(127)   Pre Evacuate Collection Set: 0.0ms
[275.407s][info][gc,phases      ] GC(127)   Evacuate Collection Set: 12.4ms
[275.407s][info][gc,phases      ] GC(127)   Post Evacuate Collection Set: 1.1ms
[275.407s][info][gc,phases      ] GC(127)   Other: 0.3ms
[275.407s][info][gc,heap        ] GC(127) Eden regions: 1228->0(1214)
[275.407s][info][gc,heap        ] GC(127) Survivor regions: 0->14(154)
[275.407s][info][gc,heap        ] GC(127) Old regions: 5->5
[275.407s][info][gc,heap        ] GC(127) Humongous regions: 0->0
[275.407s][info][gc,metaspace   ] GC(127) Metaspace: 23837K(24832K)->23837K(24832K) NonClass: 20909K(21504K)->20909K(21504K) Class: 2927K(3328K)->2927K(3328K)
[275.407s][info][gc             ] GC(127) Pause Young (Normal) (G1 Evacuation Pause) 2460M->32M(4096M) 13.947ms
[275.407s][info][gc,cpu         ] GC(127) User=0.00s Sys=0.00s Real=0.00s
[275.458s][info][gc,task        ] GC(128) Using 6 workers of 6 for full compaction
[275.461s][info][gc,start       ] GC(128) Pause Full (System.gc())
[275.461s][info][gc,phases,start] GC(128) Phase 1: Mark live objects
[275.464s][info][gc,stringtable ] GC(128) Cleaned string and symbol table, strings: 6100 processed, 0 removed, symbols: 55821 processed, 0 removed
[275.464s][info][gc,phases      ] GC(128) Phase 1: Mark live objects 3.262ms
[275.464s][info][gc,phases,start] GC(128) Phase 2: Prepare for compaction
[275.466s][info][gc,phases      ] GC(128) Phase 2: Prepare for compaction 1.973ms
[275.466s][info][gc,phases,start] GC(128) Phase 3: Adjust pointers
[275.469s][info][gc,phases      ] GC(128) Phase 3: Adjust pointers 2.627ms
[275.469s][info][gc,phases,start] GC(128) Phase 4: Compact heap
[275.470s][info][gc,phases      ] GC(128) Phase 4: Compact heap 0.697ms
[275.472s][info][gc,heap        ] GC(128) Eden regions: 79->0(1228)
[275.472s][info][gc,heap        ] GC(128) Survivor regions: 14->0(154)
[275.472s][info][gc,heap        ] GC(128) Old regions: 5->6
[275.472s][info][gc,heap        ] GC(128) Humongous regions: 0->0
[275.472s][info][gc,metaspace   ] GC(128) Metaspace: 23837K(24832K)->23837K(24832K) NonClass: 20909K(21504K)->20909K(21504K) Class: 2927K(3328K)->2927K(3328K)
[275.472s][info][gc             ] GC(128) Pause Full (System.gc()) 190M->4M(4096M) 11.519ms
[275.472s][info][gc,cpu         ] GC(128) User=0.00s Sys=0.00s Real=0.01s
[279.751s][info][gc,start       ] GC(129) Pause Young (Normal) (G1 Evacuation Pause)
[279.751s][info][gc,task        ] GC(129) Using 6 workers of 6 for evacuation
[279.765s][info][gc,phases      ] GC(129)   Pre Evacuate Collection Set: 0.1ms
[279.765s][info][gc,phases      ] GC(129)   Evacuate Collection Set: 12.8ms
[279.765s][info][gc,phases      ] GC(129)   Post Evacuate Collection Set: 1.1ms
[279.765s][info][gc,phases      ] GC(129)   Other: 0.3ms
[279.765s][info][gc,heap        ] GC(129) Eden regions: 1228->0(1214)
[279.765s][info][gc,heap        ] GC(129) Survivor regions: 0->14(154)
[279.765s][info][gc,heap        ] GC(129) Old regions: 6->6
[279.765s][info][gc,heap        ] GC(129) Humongous regions: 0->0
[279.765s][info][gc,metaspace   ] GC(129) Metaspace: 23837K(24832K)->23837K(24832K) NonClass: 20909K(21504K)->20909K(21504K) Class: 2927K(3328K)->2927K(3328K)
[279.765s][info][gc             ] GC(129) Pause Young (Normal) (G1 Evacuation Pause) 2460M->32M(4096M) 14.367ms
[279.765s][info][gc,cpu         ] GC(129) User=0.02s Sys=0.00s Real=0.02s
[279.818s][info][gc,task        ] GC(130) Using 6 workers of 6 for full compaction
[279.818s][info][gc,start       ] GC(130) Pause Full (System.gc())
[279.818s][info][gc,phases,start] GC(130) Phase 1: Mark live objects
[279.821s][info][gc,stringtable ] GC(130) Cleaned string and symbol table, strings: 6100 processed, 0 removed, symbols: 55821 processed, 0 removed
[279.821s][info][gc,phases      ] GC(130) Phase 1: Mark live objects 2.787ms
[279.821s][info][gc,phases,start] GC(130) Phase 2: Prepare for compaction
[279.823s][info][gc,phases      ] GC(130) Phase 2: Prepare for compaction 2.133ms
[279.823s][info][gc,phases,start] GC(130) Phase 3: Adjust pointers
[279.826s][info][gc,phases      ] GC(130) Phase 3: Adjust pointers 2.737ms
[279.826s][info][gc,phases,start] GC(130) Phase 4: Compact heap
[279.827s][info][gc,phases      ] GC(130) Phase 4: Compact heap 0.694ms
[279.829s][info][gc,heap        ] GC(130) Eden regions: 79->0(1228)
[279.829s][info][gc,heap        ] GC(130) Survivor regions: 14->0(154)
[279.829s][info][gc,heap        ] GC(130) Old regions: 6->6
[279.829s][info][gc,heap        ] GC(130) Humongous regions: 0->0
[279.829s][info][gc,metaspace   ] GC(130) Metaspace: 23837K(24832K)->23837K(24832K) NonClass: 20909K(21504K)->20909K(21504K) Class: 2927K(3328K)->2927K(3328K)
[279.829s][info][gc             ] GC(130) Pause Full (System.gc()) 190M->4M(4096M) 11.268ms
[279.829s][info][gc,cpu         ] GC(130) User=0.02s Sys=0.00s Real=0.02s
[284.111s][info][gc,start       ] GC(131) Pause Young (Normal) (G1 Evacuation Pause)
[284.111s][info][gc,task        ] GC(131) Using 6 workers of 6 for evacuation
[284.126s][info][gc,phases      ] GC(131)   Pre Evacuate Collection Set: 0.0ms
[284.126s][info][gc,phases      ] GC(131)   Evacuate Collection Set: 13.3ms
[284.126s][info][gc,phases      ] GC(131)   Post Evacuate Collection Set: 1.2ms
[284.126s][info][gc,phases      ] GC(131)   Other: 0.3ms
[284.126s][info][gc,heap        ] GC(131) Eden regions: 1228->0(1214)
[284.126s][info][gc,heap        ] GC(131) Survivor regions: 0->14(154)
[284.126s][info][gc,heap        ] GC(131) Old regions: 6->6
[284.126s][info][gc,heap        ] GC(131) Humongous regions: 0->0
[284.126s][info][gc,metaspace   ] GC(131) Metaspace: 23840K(24832K)->23840K(24832K) NonClass: 20912K(21504K)->20912K(21504K) Class: 2927K(3328K)->2927K(3328K)
[284.126s][info][gc             ] GC(131) Pause Young (Normal) (G1 Evacuation Pause) 2460M->32M(4096M) 14.857ms
[284.126s][info][gc,cpu         ] GC(131) User=0.02s Sys=0.00s Real=0.02s
[284.177s][info][gc,task        ] GC(132) Using 6 workers of 6 for full compaction
[284.178s][info][gc,start       ] GC(132) Pause Full (System.gc())
[284.178s][info][gc,phases,start] GC(132) Phase 1: Mark live objects
[284.181s][info][gc,stringtable ] GC(132) Cleaned string and symbol table, strings: 6100 processed, 0 removed, symbols: 55821 processed, 0 removed
[284.181s][info][gc,phases      ] GC(132) Phase 1: Mark live objects 2.996ms
[284.181s][info][gc,phases,start] GC(132) Phase 2: Prepare for compaction
[284.183s][info][gc,phases      ] GC(132) Phase 2: Prepare for compaction 2.543ms
[284.183s][info][gc,phases,start] GC(132) Phase 3: Adjust pointers
[284.186s][info][gc,phases      ] GC(132) Phase 3: Adjust pointers 2.737ms
[284.186s][info][gc,phases,start] GC(132) Phase 4: Compact heap
[284.187s][info][gc,phases      ] GC(132) Phase 4: Compact heap 0.577ms
[284.190s][info][gc,heap        ] GC(132) Eden regions: 79->0(1228)
[284.190s][info][gc,heap        ] GC(132) Survivor regions: 14->0(154)
[284.190s][info][gc,heap        ] GC(132) Old regions: 6->5
[284.190s][info][gc,heap        ] GC(132) Humongous regions: 0->0
[284.190s][info][gc,metaspace   ] GC(132) Metaspace: 23845K(24832K)->23845K(24832K) NonClass: 20917K(21504K)->20917K(21504K) Class: 2927K(3328K)->2927K(3328K)
[284.190s][info][gc             ] GC(132) Pause Full (System.gc()) 190M->4M(4096M) 12.246ms
[284.190s][info][gc,cpu         ] GC(132) User=0.02s Sys=0.00s Real=0.02s
[288.472s][info][gc,start       ] GC(133) Pause Young (Normal) (G1 Evacuation Pause)
[288.472s][info][gc,task        ] GC(133) Using 6 workers of 6 for evacuation
[288.486s][info][gc,phases      ] GC(133)   Pre Evacuate Collection Set: 0.0ms
[288.486s][info][gc,phases      ] GC(133)   Evacuate Collection Set: 12.6ms
[288.486s][info][gc,phases      ] GC(133)   Post Evacuate Collection Set: 1.2ms
[288.487s][info][gc,phases      ] GC(133)   Other: 0.3ms
[288.487s][info][gc,heap        ] GC(133) Eden regions: 1228->0(1214)
[288.487s][info][gc,heap        ] GC(133) Survivor regions: 0->14(154)
[288.487s][info][gc,heap        ] GC(133) Old regions: 5->5
[288.487s][info][gc,heap        ] GC(133) Humongous regions: 0->0
[288.487s][info][gc,metaspace   ] GC(133) Metaspace: 23846K(24832K)->23846K(24832K) NonClass: 20918K(21504K)->20918K(21504K) Class: 2927K(3328K)->2927K(3328K)
[288.487s][info][gc             ] GC(133) Pause Young (Normal) (G1 Evacuation Pause) 2460M->32M(4096M) 14.278ms
[288.487s][info][gc,cpu         ] GC(133) User=0.02s Sys=0.00s Real=0.01s
[288.537s][info][gc,task        ] GC(134) Using 6 workers of 6 for full compaction
[288.537s][info][gc,start       ] GC(134) Pause Full (System.gc())
[288.537s][info][gc,phases,start] GC(134) Phase 1: Mark live objects
[288.540s][info][gc,stringtable ] GC(134) Cleaned string and symbol table, strings: 6100 processed, 0 removed, symbols: 55821 processed, 0 removed
[288.540s][info][gc,phases      ] GC(134) Phase 1: Mark live objects 3.104ms
[288.540s][info][gc,phases,start] GC(134) Phase 2: Prepare for compaction
[288.543s][info][gc,phases      ] GC(134) Phase 2: Prepare for compaction 2.258ms
[288.543s][info][gc,phases,start] GC(134) Phase 3: Adjust pointers
[288.545s][info][gc,phases      ] GC(134) Phase 3: Adjust pointers 2.763ms
[288.546s][info][gc,phases,start] GC(134) Phase 4: Compact heap
[288.546s][info][gc,phases      ] GC(134) Phase 4: Compact heap 0.520ms
[288.548s][info][gc,heap        ] GC(134) Eden regions: 79->0(1228)
[288.548s][info][gc,heap        ] GC(134) Survivor regions: 14->0(154)
[288.548s][info][gc,heap        ] GC(134) Old regions: 5->5
[288.548s][info][gc,heap        ] GC(134) Humongous regions: 0->0
[288.548s][info][gc,metaspace   ] GC(134) Metaspace: 23846K(24832K)->23846K(24832K) NonClass: 20918K(21504K)->20918K(21504K) Class: 2927K(3328K)->2927K(3328K)
[288.548s][info][gc             ] GC(134) Pause Full (System.gc()) 190M->4M(4096M) 11.465ms
[288.549s][info][gc,cpu         ] GC(134) User=0.00s Sys=0.00s Real=0.01s
[292.837s][info][gc,start       ] GC(135) Pause Young (Normal) (G1 Evacuation Pause)
[292.837s][info][gc,task        ] GC(135) Using 6 workers of 6 for evacuation
[292.851s][info][gc,phases      ] GC(135)   Pre Evacuate Collection Set: 0.1ms
[292.851s][info][gc,phases      ] GC(135)   Evacuate Collection Set: 12.6ms
[292.851s][info][gc,phases      ] GC(135)   Post Evacuate Collection Set: 1.1ms
[292.851s][info][gc,phases      ] GC(135)   Other: 0.3ms
[292.851s][info][gc,heap        ] GC(135) Eden regions: 1228->0(1214)
[292.851s][info][gc,heap        ] GC(135) Survivor regions: 0->14(154)
[292.851s][info][gc,heap        ] GC(135) Old regions: 5->5
[292.851s][info][gc,heap        ] GC(135) Humongous regions: 0->0
[292.851s][info][gc,metaspace   ] GC(135) Metaspace: 23846K(24832K)->23846K(24832K) NonClass: 20918K(21504K)->20918K(21504K) Class: 2927K(3328K)->2927K(3328K)
[292.851s][info][gc             ] GC(135) Pause Young (Normal) (G1 Evacuation Pause) 2460M->32M(4096M) 14.267ms
[292.851s][info][gc,cpu         ] GC(135) User=0.02s Sys=0.00s Real=0.02s
[292.902s][info][gc,task        ] GC(136) Using 6 workers of 6 for full compaction
[292.902s][info][gc,start       ] GC(136) Pause Full (System.gc())
[292.902s][info][gc,phases,start] GC(136) Phase 1: Mark live objects
[292.905s][info][gc,stringtable ] GC(136) Cleaned string and symbol table, strings: 6100 processed, 0 removed, symbols: 55821 processed, 0 removed
[292.905s][info][gc,phases      ] GC(136) Phase 1: Mark live objects 2.944ms
[292.905s][info][gc,phases,start] GC(136) Phase 2: Prepare for compaction
[292.908s][info][gc,phases      ] GC(136) Phase 2: Prepare for compaction 2.295ms
[292.908s][info][gc,phases,start] GC(136) Phase 3: Adjust pointers
[292.910s][info][gc,phases      ] GC(136) Phase 3: Adjust pointers 2.742ms
[292.910s][info][gc,phases,start] GC(136) Phase 4: Compact heap
[292.911s][info][gc,phases      ] GC(136) Phase 4: Compact heap 0.657ms
[292.914s][info][gc,heap        ] GC(136) Eden regions: 79->0(1228)
[292.914s][info][gc,heap        ] GC(136) Survivor regions: 14->0(154)
[292.914s][info][gc,heap        ] GC(136) Old regions: 5->6
[292.914s][info][gc,heap        ] GC(136) Humongous regions: 0->0
[292.914s][info][gc,metaspace   ] GC(136) Metaspace: 23846K(24832K)->23846K(24832K) NonClass: 20918K(21504K)->20918K(21504K) Class: 2927K(3328K)->2927K(3328K)
[292.914s][info][gc             ] GC(136) Pause Full (System.gc()) 190M->4M(4096M) 11.796ms
[292.914s][info][gc,cpu         ] GC(136) User=0.00s Sys=0.00s Real=0.02s
[297.195s][info][gc,start       ] GC(137) Pause Young (Normal) (G1 Evacuation Pause)
[297.195s][info][gc,task        ] GC(137) Using 6 workers of 6 for evacuation
[297.209s][info][gc,phases      ] GC(137)   Pre Evacuate Collection Set: 0.0ms
[297.209s][info][gc,phases      ] GC(137)   Evacuate Collection Set: 12.5ms
[297.209s][info][gc,phases      ] GC(137)   Post Evacuate Collection Set: 1.3ms
[297.209s][info][gc,phases      ] GC(137)   Other: 0.3ms
[297.209s][info][gc,heap        ] GC(137) Eden regions: 1228->0(1214)
[297.209s][info][gc,heap        ] GC(137) Survivor regions: 0->14(154)
[297.209s][info][gc,heap        ] GC(137) Old regions: 6->6
[297.209s][info][gc,heap        ] GC(137) Humongous regions: 0->0
[297.209s][info][gc,metaspace   ] GC(137) Metaspace: 23846K(24832K)->23846K(24832K) NonClass: 20918K(21504K)->20918K(21504K) Class: 2927K(3328K)->2927K(3328K)
[297.209s][info][gc             ] GC(137) Pause Young (Normal) (G1 Evacuation Pause) 2460M->31M(4096M) 14.220ms
[297.209s][info][gc,cpu         ] GC(137) User=0.02s Sys=0.00s Real=0.02s
[297.260s][info][gc,task        ] GC(138) Using 6 workers of 6 for full compaction
[297.260s][info][gc,start       ] GC(138) Pause Full (System.gc())
[297.260s][info][gc,phases,start] GC(138) Phase 1: Mark live objects
[297.264s][info][gc,stringtable ] GC(138) Cleaned string and symbol table, strings: 6100 processed, 0 removed, symbols: 55821 processed, 0 removed
[297.264s][info][gc,phases      ] GC(138) Phase 1: Mark live objects 3.500ms
[297.264s][info][gc,phases,start] GC(138) Phase 2: Prepare for compaction
[297.266s][info][gc,phases      ] GC(138) Phase 2: Prepare for compaction 2.195ms
[297.266s][info][gc,phases,start] GC(138) Phase 3: Adjust pointers
[297.269s][info][gc,phases      ] GC(138) Phase 3: Adjust pointers 2.883ms
[297.269s][info][gc,phases,start] GC(138) Phase 4: Compact heap
[297.269s][info][gc,phases      ] GC(138) Phase 4: Compact heap 0.487ms
[297.272s][info][gc,heap        ] GC(138) Eden regions: 79->0(1228)
[297.272s][info][gc,heap        ] GC(138) Survivor regions: 14->0(154)
[297.272s][info][gc,heap        ] GC(138) Old regions: 6->6
[297.272s][info][gc,heap        ] GC(138) Humongous regions: 0->0
[297.272s][info][gc,metaspace   ] GC(138) Metaspace: 23847K(24832K)->23847K(24832K) NonClass: 20920K(21504K)->20920K(21504K) Class: 2927K(3328K)->2927K(3328K)
[297.272s][info][gc             ] GC(138) Pause Full (System.gc()) 189M->4M(4096M) 12.008ms
[297.272s][info][gc,cpu         ] GC(138) User=0.00s Sys=0.00s Real=0.01s
[301.556s][info][gc,start       ] GC(139) Pause Young (Normal) (G1 Evacuation Pause)
[301.556s][info][gc,task        ] GC(139) Using 6 workers of 6 for evacuation
[301.570s][info][gc,phases      ] GC(139)   Pre Evacuate Collection Set: 0.0ms
[301.570s][info][gc,phases      ] GC(139)   Evacuate Collection Set: 12.5ms
[301.570s][info][gc,phases      ] GC(139)   Post Evacuate Collection Set: 1.2ms
[301.570s][info][gc,phases      ] GC(139)   Other: 0.2ms
[301.570s][info][gc,heap        ] GC(139) Eden regions: 1228->0(1214)
[301.570s][info][gc,heap        ] GC(139) Survivor regions: 0->14(154)
[301.570s][info][gc,heap        ] GC(139) Old regions: 6->6
[301.570s][info][gc,heap        ] GC(139) Humongous regions: 0->0
[301.570s][info][gc,metaspace   ] GC(139) Metaspace: 23847K(24832K)->23847K(24832K) NonClass: 20920K(21504K)->20920K(21504K) Class: 2927K(3328K)->2927K(3328K)
[301.570s][info][gc             ] GC(139) Pause Young (Normal) (G1 Evacuation Pause) 2460M->32M(4096M) 14.066ms
[301.570s][info][gc,cpu         ] GC(139) User=0.02s Sys=0.00s Real=0.02s
[301.621s][info][gc,task        ] GC(140) Using 6 workers of 6 for full compaction
[301.621s][info][gc,start       ] GC(140) Pause Full (System.gc())
[301.621s][info][gc,phases,start] GC(140) Phase 1: Mark live objects
[301.624s][info][gc,stringtable ] GC(140) Cleaned string and symbol table, strings: 6100 processed, 0 removed, symbols: 55821 processed, 0 removed
[301.624s][info][gc,phases      ] GC(140) Phase 1: Mark live objects 2.809ms
[301.624s][info][gc,phases,start] GC(140) Phase 2: Prepare for compaction
[301.627s][info][gc,phases      ] GC(140) Phase 2: Prepare for compaction 2.366ms
[301.627s][info][gc,phases,start] GC(140) Phase 3: Adjust pointers
[301.630s][info][gc,phases      ] GC(140) Phase 3: Adjust pointers 2.912ms
[301.630s][info][gc,phases,start] GC(140) Phase 4: Compact heap
[301.631s][info][gc,phases      ] GC(140) Phase 4: Compact heap 0.785ms
[301.633s][info][gc,heap        ] GC(140) Eden regions: 79->0(1228)
[301.633s][info][gc,heap        ] GC(140) Survivor regions: 14->0(154)
[301.633s][info][gc,heap        ] GC(140) Old regions: 6->5
[301.633s][info][gc,heap        ] GC(140) Humongous regions: 0->0
[301.633s][info][gc,metaspace   ] GC(140) Metaspace: 23847K(24832K)->23847K(24832K) NonClass: 20920K(21504K)->20920K(21504K) Class: 2927K(3328K)->2927K(3328K)
[301.633s][info][gc             ] GC(140) Pause Full (System.gc()) 190M->4M(4096M) 11.580ms
[301.633s][info][gc,cpu         ] GC(140) User=0.02s Sys=0.00s Real=0.02s
[305.920s][info][gc,start       ] GC(141) Pause Young (Normal) (G1 Evacuation Pause)
[305.920s][info][gc,task        ] GC(141) Using 6 workers of 6 for evacuation
[305.934s][info][gc,phases      ] GC(141)   Pre Evacuate Collection Set: 0.1ms
[305.934s][info][gc,phases      ] GC(141)   Evacuate Collection Set: 12.4ms
[305.934s][info][gc,phases      ] GC(141)   Post Evacuate Collection Set: 1.2ms
[305.934s][info][gc,phases      ] GC(141)   Other: 0.4ms
[305.934s][info][gc,heap        ] GC(141) Eden regions: 1228->0(1214)
[305.934s][info][gc,heap        ] GC(141) Survivor regions: 0->14(154)
[305.934s][info][gc,heap        ] GC(141) Old regions: 5->5
[305.934s][info][gc,heap        ] GC(141) Humongous regions: 0->0
[305.934s][info][gc,metaspace   ] GC(141) Metaspace: 23847K(24832K)->23847K(24832K) NonClass: 20920K(21504K)->20920K(21504K) Class: 2927K(3328K)->2927K(3328K)
[305.934s][info][gc             ] GC(141) Pause Young (Normal) (G1 Evacuation Pause) 2460M->32M(4096M) 14.167ms
[305.934s][info][gc,cpu         ] GC(141) User=0.02s Sys=0.00s Real=0.02s
[305.985s][info][gc,task        ] GC(142) Using 6 workers of 6 for full compaction
[305.985s][info][gc,start       ] GC(142) Pause Full (System.gc())
[305.985s][info][gc,phases,start] GC(142) Phase 1: Mark live objects
[305.989s][info][gc,stringtable ] GC(142) Cleaned string and symbol table, strings: 6100 processed, 0 removed, symbols: 55821 processed, 0 removed
[305.989s][info][gc,phases      ] GC(142) Phase 1: Mark live objects 3.090ms
[305.989s][info][gc,phases,start] GC(142) Phase 2: Prepare for compaction
[305.991s][info][gc,phases      ] GC(142) Phase 2: Prepare for compaction 2.168ms
[305.991s][info][gc,phases,start] GC(142) Phase 3: Adjust pointers
[305.994s][info][gc,phases      ] GC(142) Phase 3: Adjust pointers 2.989ms
[305.994s][info][gc,phases,start] GC(142) Phase 4: Compact heap
[305.995s][info][gc,phases      ] GC(142) Phase 4: Compact heap 0.580ms
[305.997s][info][gc,heap        ] GC(142) Eden regions: 79->0(1228)
[305.997s][info][gc,heap        ] GC(142) Survivor regions: 14->0(154)
[305.997s][info][gc,heap        ] GC(142) Old regions: 5->5
[305.997s][info][gc,heap        ] GC(142) Humongous regions: 0->0
[305.997s][info][gc,metaspace   ] GC(142) Metaspace: 23847K(24832K)->23847K(24832K) NonClass: 20920K(21504K)->20920K(21504K) Class: 2927K(3328K)->2927K(3328K)
[305.997s][info][gc             ] GC(142) Pause Full (System.gc()) 190M->4M(4096M) 11.632ms
[305.997s][info][gc,cpu         ] GC(142) User=0.00s Sys=0.00s Real=0.02s
[310.287s][info][gc,start       ] GC(143) Pause Young (Normal) (G1 Evacuation Pause)
[310.287s][info][gc,task        ] GC(143) Using 6 workers of 6 for evacuation
[310.301s][info][gc,phases      ] GC(143)   Pre Evacuate Collection Set: 0.1ms
[310.303s][info][gc,phases      ] GC(143)   Evacuate Collection Set: 12.6ms
[310.303s][info][gc,phases      ] GC(143)   Post Evacuate Collection Set: 1.3ms
[310.303s][info][gc,phases      ] GC(143)   Other: 0.3ms
[310.303s][info][gc,heap        ] GC(143) Eden regions: 1228->0(1213)
[310.303s][info][gc,heap        ] GC(143) Survivor regions: 0->15(154)
[310.303s][info][gc,heap        ] GC(143) Old regions: 5->5
[310.303s][info][gc,heap        ] GC(143) Humongous regions: 0->0
[310.303s][info][gc,metaspace   ] GC(143) Metaspace: 23847K(24832K)->23847K(24832K) NonClass: 20920K(21504K)->20920K(21504K) Class: 2927K(3328K)->2927K(3328K)
[310.303s][info][gc             ] GC(143) Pause Young (Normal) (G1 Evacuation Pause) 2460M->33M(4096M) 16.028ms
[310.303s][info][gc,cpu         ] GC(143) User=0.02s Sys=0.00s Real=0.02s
[310.355s][info][gc,task        ] GC(144) Using 6 workers of 6 for full compaction
[310.355s][info][gc,start       ] GC(144) Pause Full (System.gc())
[310.355s][info][gc,phases,start] GC(144) Phase 1: Mark live objects
[310.358s][info][gc,stringtable ] GC(144) Cleaned string and symbol table, strings: 6108 processed, 0 removed, symbols: 55821 processed, 0 removed
[310.358s][info][gc,phases      ] GC(144) Phase 1: Mark live objects 3.008ms
[310.358s][info][gc,phases,start] GC(144) Phase 2: Prepare for compaction
[310.361s][info][gc,phases      ] GC(144) Phase 2: Prepare for compaction 2.245ms
[310.361s][info][gc,phases,start] GC(144) Phase 3: Adjust pointers
[310.364s][info][gc,phases      ] GC(144) Phase 3: Adjust pointers 2.909ms
[310.364s][info][gc,phases,start] GC(144) Phase 4: Compact heap
[310.364s][info][gc,phases      ] GC(144) Phase 4: Compact heap 0.552ms
[310.367s][info][gc,heap        ] GC(144) Eden regions: 79->0(1228)
[310.367s][info][gc,heap        ] GC(144) Survivor regions: 15->0(154)
[310.367s][info][gc,heap        ] GC(144) Old regions: 5->6
[310.367s][info][gc,heap        ] GC(144) Humongous regions: 0->0
[310.367s][info][gc,metaspace   ] GC(144) Metaspace: 23847K(24832K)->23847K(24832K) NonClass: 20920K(21504K)->20920K(21504K) Class: 2927K(3328K)->2927K(3328K)
[310.367s][info][gc             ] GC(144) Pause Full (System.gc()) 191M->4M(4096M) 11.692ms
[310.367s][info][gc,cpu         ] GC(144) User=0.00s Sys=0.00s Real=0.00s
[314.648s][info][gc,start       ] GC(145) Pause Young (Normal) (G1 Evacuation Pause)
[314.648s][info][gc,task        ] GC(145) Using 6 workers of 6 for evacuation
[314.662s][info][gc,phases      ] GC(145)   Pre Evacuate Collection Set: 0.1ms
[314.662s][info][gc,phases      ] GC(145)   Evacuate Collection Set: 12.6ms
[314.662s][info][gc,phases      ] GC(145)   Post Evacuate Collection Set: 1.2ms
[314.662s][info][gc,phases      ] GC(145)   Other: 0.3ms
[314.662s][info][gc,heap        ] GC(145) Eden regions: 1228->0(1214)
[314.662s][info][gc,heap        ] GC(145) Survivor regions: 0->14(154)
[314.662s][info][gc,heap        ] GC(145) Old regions: 6->6
[314.662s][info][gc,heap        ] GC(145) Humongous regions: 0->0
[314.662s][info][gc,metaspace   ] GC(145) Metaspace: 23847K(24832K)->23847K(24832K) NonClass: 20920K(21504K)->20920K(21504K) Class: 2927K(3328K)->2927K(3328K)
[314.662s][info][gc             ] GC(145) Pause Young (Normal) (G1 Evacuation Pause) 2460M->32M(4096M) 14.296ms
[314.662s][info][gc,cpu         ] GC(145) User=0.02s Sys=0.00s Real=0.02s
[314.713s][info][gc,task        ] GC(146) Using 6 workers of 6 for full compaction
[314.713s][info][gc,start       ] GC(146) Pause Full (System.gc())
[314.713s][info][gc,phases,start] GC(146) Phase 1: Mark live objects
[314.716s][info][gc,stringtable ] GC(146) Cleaned string and symbol table, strings: 6108 processed, 0 removed, symbols: 55821 processed, 0 removed
[314.716s][info][gc,phases      ] GC(146) Phase 1: Mark live objects 2.941ms
[314.716s][info][gc,phases,start] GC(146) Phase 2: Prepare for compaction
[314.719s][info][gc,phases      ] GC(146) Phase 2: Prepare for compaction 2.393ms
[314.719s][info][gc,phases,start] GC(146) Phase 3: Adjust pointers
[314.721s][info][gc,phases      ] GC(146) Phase 3: Adjust pointers 2.684ms
[314.722s][info][gc,phases,start] GC(146) Phase 4: Compact heap
[314.722s][info][gc,phases      ] GC(146) Phase 4: Compact heap 0.642ms
[314.724s][info][gc,heap        ] GC(146) Eden regions: 79->0(1228)
[314.725s][info][gc,heap        ] GC(146) Survivor regions: 14->0(154)
[314.725s][info][gc,heap        ] GC(146) Old regions: 6->5
[314.725s][info][gc,heap        ] GC(146) Humongous regions: 0->0
[314.725s][info][gc,metaspace   ] GC(146) Metaspace: 23847K(24832K)->23847K(24832K) NonClass: 20920K(21504K)->20920K(21504K) Class: 2927K(3328K)->2927K(3328K)
[314.725s][info][gc             ] GC(146) Pause Full (System.gc()) 190M->4M(4096M) 11.386ms
[314.725s][info][gc,cpu         ] GC(146) User=0.00s Sys=0.00s Real=0.01s
[319.008s][info][gc,start       ] GC(147) Pause Young (Normal) (G1 Evacuation Pause)
[319.008s][info][gc,task        ] GC(147) Using 6 workers of 6 for evacuation
[319.022s][info][gc,phases      ] GC(147)   Pre Evacuate Collection Set: 0.1ms
[319.022s][info][gc,phases      ] GC(147)   Evacuate Collection Set: 12.5ms
[319.022s][info][gc,phases      ] GC(147)   Post Evacuate Collection Set: 1.2ms
[319.022s][info][gc,phases      ] GC(147)   Other: 0.3ms
[319.022s][info][gc,heap        ] GC(147) Eden regions: 1228->0(1214)
[319.022s][info][gc,heap        ] GC(147) Survivor regions: 0->14(154)
[319.022s][info][gc,heap        ] GC(147) Old regions: 5->5
[319.022s][info][gc,heap        ] GC(147) Humongous regions: 0->0
[319.022s][info][gc,metaspace   ] GC(147) Metaspace: 23848K(24832K)->23848K(24832K) NonClass: 20920K(21504K)->20920K(21504K) Class: 2927K(3328K)->2927K(3328K)
[319.022s][info][gc             ] GC(147) Pause Young (Normal) (G1 Evacuation Pause) 2460M->31M(4096M) 14.194ms
[319.022s][info][gc,cpu         ] GC(147) User=0.00s Sys=0.00s Real=0.00s
[319.073s][info][gc,task        ] GC(148) Using 6 workers of 6 for full compaction
[319.073s][info][gc,start       ] GC(148) Pause Full (System.gc())
[319.073s][info][gc,phases,start] GC(148) Phase 1: Mark live objects
[319.076s][info][gc,stringtable ] GC(148) Cleaned string and symbol table, strings: 6108 processed, 0 removed, symbols: 55821 processed, 0 removed
[319.076s][info][gc,phases      ] GC(148) Phase 1: Mark live objects 3.094ms
[319.076s][info][gc,phases,start] GC(148) Phase 2: Prepare for compaction
[319.079s][info][gc,phases      ] GC(148) Phase 2: Prepare for compaction 2.176ms
[319.079s][info][gc,phases,start] GC(148) Phase 3: Adjust pointers
[319.082s][info][gc,phases      ] GC(148) Phase 3: Adjust pointers 2.874ms
[319.082s][info][gc,phases,start] GC(148) Phase 4: Compact heap
[319.083s][info][gc,phases      ] GC(148) Phase 4: Compact heap 1.092ms
[319.085s][info][gc,heap        ] GC(148) Eden regions: 79->0(1228)
[319.085s][info][gc,heap        ] GC(148) Survivor regions: 14->0(154)
[319.085s][info][gc,heap        ] GC(148) Old regions: 5->5
[319.085s][info][gc,heap        ] GC(148) Humongous regions: 0->0
[319.085s][info][gc,metaspace   ] GC(148) Metaspace: 23848K(24832K)->23848K(24832K) NonClass: 20920K(21504K)->20920K(21504K) Class: 2927K(3328K)->2927K(3328K)
[319.085s][info][gc             ] GC(148) Pause Full (System.gc()) 189M->4M(4096M) 12.192ms
[319.085s][info][gc,cpu         ] GC(148) User=0.00s Sys=0.00s Real=0.01s
[323.366s][info][gc,start       ] GC(149) Pause Young (Normal) (G1 Evacuation Pause)
[323.367s][info][gc,task        ] GC(149) Using 6 workers of 6 for evacuation
[323.381s][info][gc,phases      ] GC(149)   Pre Evacuate Collection Set: 0.1ms
[323.381s][info][gc,phases      ] GC(149)   Evacuate Collection Set: 12.7ms
[323.381s][info][gc,phases      ] GC(149)   Post Evacuate Collection Set: 1.2ms
[323.381s][info][gc,phases      ] GC(149)   Other: 0.3ms
[323.381s][info][gc,heap        ] GC(149) Eden regions: 1228->0(1214)
[323.381s][info][gc,heap        ] GC(149) Survivor regions: 0->14(154)
[323.381s][info][gc,heap        ] GC(149) Old regions: 5->5
[323.381s][info][gc,heap        ] GC(149) Humongous regions: 0->0
[323.381s][info][gc,metaspace   ] GC(149) Metaspace: 23848K(24832K)->23848K(24832K) NonClass: 20920K(21504K)->20920K(21504K) Class: 2927K(3328K)->2927K(3328K)
[323.381s][info][gc             ] GC(149) Pause Young (Normal) (G1 Evacuation Pause) 2460M->32M(4096M) 14.449ms
[323.381s][info][gc,cpu         ] GC(149) User=0.02s Sys=0.00s Real=0.02s
[323.432s][info][gc,task        ] GC(150) Using 6 workers of 6 for full compaction
[323.432s][info][gc,start       ] GC(150) Pause Full (System.gc())
[323.432s][info][gc,phases,start] GC(150) Phase 1: Mark live objects
[323.435s][info][gc,stringtable ] GC(150) Cleaned string and symbol table, strings: 6108 processed, 0 removed, symbols: 55821 processed, 0 removed
[323.435s][info][gc,phases      ] GC(150) Phase 1: Mark live objects 3.197ms
[323.435s][info][gc,phases,start] GC(150) Phase 2: Prepare for compaction
[323.438s][info][gc,phases      ] GC(150) Phase 2: Prepare for compaction 2.399ms
[323.438s][info][gc,phases,start] GC(150) Phase 3: Adjust pointers
[323.441s][info][gc,phases      ] GC(150) Phase 3: Adjust pointers 2.850ms
[323.441s][info][gc,phases,start] GC(150) Phase 4: Compact heap
[323.441s][info][gc,phases      ] GC(150) Phase 4: Compact heap 0.487ms
[323.443s][info][gc,heap        ] GC(150) Eden regions: 79->0(1228)
[323.443s][info][gc,heap        ] GC(150) Survivor regions: 14->0(154)
[323.443s][info][gc,heap        ] GC(150) Old regions: 5->5
[323.443s][info][gc,heap        ] GC(150) Humongous regions: 0->0
[323.443s][info][gc,metaspace   ] GC(150) Metaspace: 23848K(24832K)->23848K(24832K) NonClass: 20920K(21504K)->20920K(21504K) Class: 2927K(3328K)->2927K(3328K)
[323.444s][info][gc             ] GC(150) Pause Full (System.gc()) 190M->4M(4096M) 11.612ms
[323.444s][info][gc,cpu         ] GC(150) User=0.00s Sys=0.00s Real=0.01s
[327.723s][info][gc,start       ] GC(151) Pause Young (Normal) (G1 Evacuation Pause)
[327.723s][info][gc,task        ] GC(151) Using 6 workers of 6 for evacuation
[327.738s][info][gc,phases      ] GC(151)   Pre Evacuate Collection Set: 0.0ms
[327.740s][info][gc,phases      ] GC(151)   Evacuate Collection Set: 14.0ms
[327.740s][info][gc,phases      ] GC(151)   Post Evacuate Collection Set: 1.1ms
[327.740s][info][gc,phases      ] GC(151)   Other: 0.2ms
[327.740s][info][gc,heap        ] GC(151) Eden regions: 1228->0(1214)
[327.740s][info][gc,heap        ] GC(151) Survivor regions: 0->14(154)
[327.740s][info][gc,heap        ] GC(151) Old regions: 5->5
[327.740s][info][gc,heap        ] GC(151) Humongous regions: 0->0
[327.740s][info][gc,metaspace   ] GC(151) Metaspace: 23848K(24832K)->23848K(24832K) NonClass: 20920K(21504K)->20920K(21504K) Class: 2927K(3328K)->2927K(3328K)
[327.740s][info][gc             ] GC(151) Pause Young (Normal) (G1 Evacuation Pause) 2460M->32M(4096M) 17.268ms
[327.740s][info][gc,cpu         ] GC(151) User=0.02s Sys=0.00s Real=0.01s
[327.793s][info][gc,task        ] GC(152) Using 6 workers of 6 for full compaction
[327.793s][info][gc,start       ] GC(152) Pause Full (System.gc())
[327.793s][info][gc,phases,start] GC(152) Phase 1: Mark live objects
[327.796s][info][gc,stringtable ] GC(152) Cleaned string and symbol table, strings: 6108 processed, 0 removed, symbols: 55821 processed, 0 removed
[327.796s][info][gc,phases      ] GC(152) Phase 1: Mark live objects 3.016ms
[327.796s][info][gc,phases,start] GC(152) Phase 2: Prepare for compaction
[327.799s][info][gc,phases      ] GC(152) Phase 2: Prepare for compaction 2.214ms
[327.799s][info][gc,phases,start] GC(152) Phase 3: Adjust pointers
[327.802s][info][gc,phases      ] GC(152) Phase 3: Adjust pointers 2.924ms
[327.802s][info][gc,phases,start] GC(152) Phase 4: Compact heap
[327.802s][info][gc,phases      ] GC(152) Phase 4: Compact heap 0.529ms
[327.805s][info][gc,heap        ] GC(152) Eden regions: 79->0(1228)
[327.805s][info][gc,heap        ] GC(152) Survivor regions: 14->0(154)
[327.805s][info][gc,heap        ] GC(152) Old regions: 5->6
[327.805s][info][gc,heap        ] GC(152) Humongous regions: 0->0
[327.805s][info][gc,metaspace   ] GC(152) Metaspace: 23848K(24832K)->23848K(24832K) NonClass: 20920K(21504K)->20920K(21504K) Class: 2927K(3328K)->2927K(3328K)
[327.805s][info][gc             ] GC(152) Pause Full (System.gc()) 190M->4M(4096M) 12.401ms
[327.806s][info][gc,cpu         ] GC(152) User=0.02s Sys=0.00s Real=0.02s
[332.087s][info][gc,start       ] GC(153) Pause Young (Normal) (G1 Evacuation Pause)
[332.087s][info][gc,task        ] GC(153) Using 6 workers of 6 for evacuation
[332.101s][info][gc,phases      ] GC(153)   Pre Evacuate Collection Set: 0.0ms
[332.101s][info][gc,phases      ] GC(153)   Evacuate Collection Set: 13.1ms
[332.101s][info][gc,phases      ] GC(153)   Post Evacuate Collection Set: 1.2ms
[332.101s][info][gc,phases      ] GC(153)   Other: 0.3ms
[332.101s][info][gc,heap        ] GC(153) Eden regions: 1228->0(1214)
[332.101s][info][gc,heap        ] GC(153) Survivor regions: 0->14(154)
[332.101s][info][gc,heap        ] GC(153) Old regions: 6->6
[332.101s][info][gc,heap        ] GC(153) Humongous regions: 0->0
[332.101s][info][gc,metaspace   ] GC(153) Metaspace: 23848K(24832K)->23848K(24832K) NonClass: 20920K(21504K)->20920K(21504K) Class: 2927K(3328K)->2927K(3328K)
[332.101s][info][gc             ] GC(153) Pause Young (Normal) (G1 Evacuation Pause) 2460M->32M(4096M) 14.691ms
[332.101s][info][gc,cpu         ] GC(153) User=0.02s Sys=0.00s Real=0.02s
[332.153s][info][gc,task        ] GC(154) Using 6 workers of 6 for full compaction
[332.153s][info][gc,start       ] GC(154) Pause Full (System.gc())
[332.153s][info][gc,phases,start] GC(154) Phase 1: Mark live objects
[332.156s][info][gc,stringtable ] GC(154) Cleaned string and symbol table, strings: 6108 processed, 0 removed, symbols: 55821 processed, 0 removed
[332.156s][info][gc,phases      ] GC(154) Phase 1: Mark live objects 3.154ms
[332.156s][info][gc,phases,start] GC(154) Phase 2: Prepare for compaction
[332.158s][info][gc,phases      ] GC(154) Phase 2: Prepare for compaction 2.434ms
[332.159s][info][gc,phases,start] GC(154) Phase 3: Adjust pointers
[332.161s][info][gc,phases      ] GC(154) Phase 3: Adjust pointers 2.822ms
[332.161s][info][gc,phases,start] GC(154) Phase 4: Compact heap
[332.162s][info][gc,phases      ] GC(154) Phase 4: Compact heap 0.550ms
[332.165s][info][gc,heap        ] GC(154) Eden regions: 79->0(1228)
[332.165s][info][gc,heap        ] GC(154) Survivor regions: 14->0(154)
[332.165s][info][gc,heap        ] GC(154) Old regions: 6->5
[332.165s][info][gc,heap        ] GC(154) Humongous regions: 0->0
[332.165s][info][gc,metaspace   ] GC(154) Metaspace: 23848K(24832K)->23848K(24832K) NonClass: 20920K(21504K)->20920K(21504K) Class: 2927K(3328K)->2927K(3328K)
[332.165s][info][gc             ] GC(154) Pause Full (System.gc()) 190M->4M(4096M) 11.902ms
[332.165s][info][gc,cpu         ] GC(154) User=0.02s Sys=0.00s Real=0.02s
[336.439s][info][gc,start       ] GC(155) Pause Young (Normal) (G1 Evacuation Pause)
[336.439s][info][gc,task        ] GC(155) Using 6 workers of 6 for evacuation
[336.453s][info][gc,phases      ] GC(155)   Pre Evacuate Collection Set: 0.0ms
[336.453s][info][gc,phases      ] GC(155)   Evacuate Collection Set: 12.6ms
[336.453s][info][gc,phases      ] GC(155)   Post Evacuate Collection Set: 1.3ms
[336.453s][info][gc,phases      ] GC(155)   Other: 0.3ms
[336.453s][info][gc,heap        ] GC(155) Eden regions: 1228->0(1214)
[336.453s][info][gc,heap        ] GC(155) Survivor regions: 0->14(154)
[336.453s][info][gc,heap        ] GC(155) Old regions: 5->5
[336.453s][info][gc,heap        ] GC(155) Humongous regions: 0->0
[336.453s][info][gc,metaspace   ] GC(155) Metaspace: 23848K(24832K)->23848K(24832K) NonClass: 20920K(21504K)->20920K(21504K) Class: 2927K(3328K)->2927K(3328K)
[336.453s][info][gc             ] GC(155) Pause Young (Normal) (G1 Evacuation Pause) 2460M->32M(4096M) 14.426ms
[336.453s][info][gc,cpu         ] GC(155) User=0.02s Sys=0.00s Real=0.02s
[336.504s][info][gc,task        ] GC(156) Using 6 workers of 6 for full compaction
[336.505s][info][gc,start       ] GC(156) Pause Full (System.gc())
[336.505s][info][gc,phases,start] GC(156) Phase 1: Mark live objects
[336.508s][info][gc,stringtable ] GC(156) Cleaned string and symbol table, strings: 6108 processed, 0 removed, symbols: 55821 processed, 0 removed
[336.508s][info][gc,phases      ] GC(156) Phase 1: Mark live objects 2.946ms
[336.508s][info][gc,phases,start] GC(156) Phase 2: Prepare for compaction
[336.510s][info][gc,phases      ] GC(156) Phase 2: Prepare for compaction 2.360ms
[336.510s][info][gc,phases,start] GC(156) Phase 3: Adjust pointers
[336.513s][info][gc,phases      ] GC(156) Phase 3: Adjust pointers 2.635ms
[336.513s][info][gc,phases,start] GC(156) Phase 4: Compact heap
[336.514s][info][gc,phases      ] GC(156) Phase 4: Compact heap 0.626ms
[336.516s][info][gc,heap        ] GC(156) Eden regions: 79->0(1228)
[336.516s][info][gc,heap        ] GC(156) Survivor regions: 14->0(154)
[336.516s][info][gc,heap        ] GC(156) Old regions: 5->5
[336.516s][info][gc,heap        ] GC(156) Humongous regions: 0->0
[336.516s][info][gc,metaspace   ] GC(156) Metaspace: 23848K(24832K)->23848K(24832K) NonClass: 20920K(21504K)->20920K(21504K) Class: 2927K(3328K)->2927K(3328K)
[336.516s][info][gc             ] GC(156) Pause Full (System.gc()) 190M->4M(4096M) 11.484ms
[336.516s][info][gc,cpu         ] GC(156) User=0.02s Sys=0.00s Real=0.02s
[340.797s][info][gc,start       ] GC(157) Pause Young (Normal) (G1 Evacuation Pause)
[340.797s][info][gc,task        ] GC(157) Using 6 workers of 6 for evacuation
[340.812s][info][gc,phases      ] GC(157)   Pre Evacuate Collection Set: 0.0ms
[340.812s][info][gc,phases      ] GC(157)   Evacuate Collection Set: 13.1ms
[340.812s][info][gc,phases      ] GC(157)   Post Evacuate Collection Set: 1.6ms
[340.812s][info][gc,phases      ] GC(157)   Other: 0.2ms
[340.812s][info][gc,heap        ] GC(157) Eden regions: 1228->0(1214)
[340.812s][info][gc,heap        ] GC(157) Survivor regions: 0->14(154)
[340.812s][info][gc,heap        ] GC(157) Old regions: 5->5
[340.812s][info][gc,heap        ] GC(157) Humongous regions: 0->0
[340.812s][info][gc,metaspace   ] GC(157) Metaspace: 23848K(24832K)->23848K(24832K) NonClass: 20920K(21504K)->20920K(21504K) Class: 2927K(3328K)->2927K(3328K)
[340.812s][info][gc             ] GC(157) Pause Young (Normal) (G1 Evacuation Pause) 2460M->32M(4096M) 15.059ms
[340.812s][info][gc,cpu         ] GC(157) User=0.00s Sys=0.00s Real=0.00s
[340.866s][info][gc,task        ] GC(158) Using 6 workers of 6 for full compaction
[340.866s][info][gc,start       ] GC(158) Pause Full (System.gc())
[340.866s][info][gc,phases,start] GC(158) Phase 1: Mark live objects
[340.869s][info][gc,stringtable ] GC(158) Cleaned string and symbol table, strings: 6108 processed, 0 removed, symbols: 55821 processed, 0 removed
[340.869s][info][gc,phases      ] GC(158) Phase 1: Mark live objects 2.497ms
[340.869s][info][gc,phases,start] GC(158) Phase 2: Prepare for compaction
[340.871s][info][gc,phases      ] GC(158) Phase 2: Prepare for compaction 2.071ms
[340.871s][info][gc,phases,start] GC(158) Phase 3: Adjust pointers
[340.874s][info][gc,phases      ] GC(158) Phase 3: Adjust pointers 2.687ms
[340.874s][info][gc,phases,start] GC(158) Phase 4: Compact heap
[340.874s][info][gc,phases      ] GC(158) Phase 4: Compact heap 0.672ms
[340.877s][info][gc,heap        ] GC(158) Eden regions: 79->0(1228)
[340.877s][info][gc,heap        ] GC(158) Survivor regions: 14->0(154)
[340.877s][info][gc,heap        ] GC(158) Old regions: 5->6
[340.877s][info][gc,heap        ] GC(158) Humongous regions: 0->0
[340.877s][info][gc,metaspace   ] GC(158) Metaspace: 23848K(24832K)->23848K(24832K) NonClass: 20920K(21504K)->20920K(21504K) Class: 2927K(3328K)->2927K(3328K)
[340.878s][info][gc             ] GC(158) Pause Full (System.gc()) 190M->4M(4096M) 11.513ms
[340.878s][info][gc,cpu         ] GC(158) User=0.00s Sys=0.00s Real=0.02s
[345.163s][info][gc,start       ] GC(159) Pause Young (Normal) (G1 Evacuation Pause)
[345.163s][info][gc,task        ] GC(159) Using 6 workers of 6 for evacuation
[345.177s][info][gc,phases      ] GC(159)   Pre Evacuate Collection Set: 0.1ms
[345.177s][info][gc,phases      ] GC(159)   Evacuate Collection Set: 12.6ms
[345.177s][info][gc,phases      ] GC(159)   Post Evacuate Collection Set: 1.2ms
[345.177s][info][gc,phases      ] GC(159)   Other: 0.3ms
[345.177s][info][gc,heap        ] GC(159) Eden regions: 1228->0(1214)
[345.177s][info][gc,heap        ] GC(159) Survivor regions: 0->14(154)
[345.177s][info][gc,heap        ] GC(159) Old regions: 6->6
[345.177s][info][gc,heap        ] GC(159) Humongous regions: 0->0
[345.177s][info][gc,metaspace   ] GC(159) Metaspace: 23848K(24832K)->23848K(24832K) NonClass: 20920K(21504K)->20920K(21504K) Class: 2927K(3328K)->2927K(3328K)
[345.177s][info][gc             ] GC(159) Pause Young (Normal) (G1 Evacuation Pause) 2460M->32M(4096M) 14.304ms
[345.177s][info][gc,cpu         ] GC(159) User=0.00s Sys=0.00s Real=0.02s
[345.228s][info][gc,task        ] GC(160) Using 6 workers of 6 for full compaction
[345.228s][info][gc,start       ] GC(160) Pause Full (System.gc())
[345.229s][info][gc,phases,start] GC(160) Phase 1: Mark live objects
[345.232s][info][gc,stringtable ] GC(160) Cleaned string and symbol table, strings: 6108 processed, 0 removed, symbols: 55821 processed, 0 removed
[345.232s][info][gc,phases      ] GC(160) Phase 1: Mark live objects 3.270ms
[345.232s][info][gc,phases,start] GC(160) Phase 2: Prepare for compaction
[345.234s][info][gc,phases      ] GC(160) Phase 2: Prepare for compaction 2.285ms
[345.234s][info][gc,phases,start] GC(160) Phase 3: Adjust pointers
[345.237s][info][gc,phases      ] GC(160) Phase 3: Adjust pointers 2.750ms
[345.237s][info][gc,phases,start] GC(160) Phase 4: Compact heap
[345.238s][info][gc,phases      ] GC(160) Phase 4: Compact heap 0.495ms
[345.240s][info][gc,heap        ] GC(160) Eden regions: 79->0(1228)
[345.240s][info][gc,heap        ] GC(160) Survivor regions: 14->0(154)
[345.240s][info][gc,heap        ] GC(160) Old regions: 6->6
[345.240s][info][gc,heap        ] GC(160) Humongous regions: 0->0
[345.240s][info][gc,metaspace   ] GC(160) Metaspace: 23848K(24832K)->23848K(24832K) NonClass: 20920K(21504K)->20920K(21504K) Class: 2927K(3328K)->2927K(3328K)
[345.240s][info][gc             ] GC(160) Pause Full (System.gc()) 190M->4M(4096M) 11.988ms
[345.241s][info][gc,cpu         ] GC(160) User=0.00s Sys=0.00s Real=0.02s
[349.533s][info][gc,start       ] GC(161) Pause Young (Normal) (G1 Evacuation Pause)
[349.533s][info][gc,task        ] GC(161) Using 6 workers of 6 for evacuation
[349.547s][info][gc,phases      ] GC(161)   Pre Evacuate Collection Set: 0.0ms
[349.551s][info][gc,phases      ] GC(161)   Evacuate Collection Set: 12.6ms
[349.551s][info][gc,phases      ] GC(161)   Post Evacuate Collection Set: 1.2ms
[349.551s][info][gc,phases      ] GC(161)   Other: 0.2ms
[349.551s][info][gc,heap        ] GC(161) Eden regions: 1228->0(1214)
[349.551s][info][gc,heap        ] GC(161) Survivor regions: 0->14(154)
[349.551s][info][gc,heap        ] GC(161) Old regions: 6->6
[349.551s][info][gc,heap        ] GC(161) Humongous regions: 0->0
[349.551s][info][gc,metaspace   ] GC(161) Metaspace: 23853K(24832K)->23853K(24832K) NonClass: 20926K(21504K)->20926K(21504K) Class: 2927K(3328K)->2927K(3328K)
[349.551s][info][gc             ] GC(161) Pause Young (Normal) (G1 Evacuation Pause) 2460M->32M(4096M) 18.265ms
[349.551s][info][gc,cpu         ] GC(161) User=0.02s Sys=0.00s Real=0.03s
[349.603s][info][gc,task        ] GC(162) Using 6 workers of 6 for full compaction
[349.603s][info][gc,start       ] GC(162) Pause Full (System.gc())
[349.603s][info][gc,phases,start] GC(162) Phase 1: Mark live objects
[349.606s][info][gc,stringtable ] GC(162) Cleaned string and symbol table, strings: 6109 processed, 0 removed, symbols: 55821 processed, 0 removed
[349.606s][info][gc,phases      ] GC(162) Phase 1: Mark live objects 2.983ms
[349.606s][info][gc,phases,start] GC(162) Phase 2: Prepare for compaction
[349.609s][info][gc,phases      ] GC(162) Phase 2: Prepare for compaction 2.652ms
[349.609s][info][gc,phases,start] GC(162) Phase 3: Adjust pointers
[349.612s][info][gc,phases      ] GC(162) Phase 3: Adjust pointers 2.578ms
[349.612s][info][gc,phases,start] GC(162) Phase 4: Compact heap
[349.613s][info][gc,phases      ] GC(162) Phase 4: Compact heap 1.089ms
[349.615s][info][gc,heap        ] GC(162) Eden regions: 79->0(1228)
[349.615s][info][gc,heap        ] GC(162) Survivor regions: 14->0(154)
[349.615s][info][gc,heap        ] GC(162) Old regions: 6->5
[349.615s][info][gc,heap        ] GC(162) Humongous regions: 0->0
[349.615s][info][gc,metaspace   ] GC(162) Metaspace: 23853K(24832K)->23853K(24832K) NonClass: 20926K(21504K)->20926K(21504K) Class: 2927K(3328K)->2927K(3328K)
[349.615s][info][gc             ] GC(162) Pause Full (System.gc()) 190M->4M(4096M) 11.926ms
[349.615s][info][gc,cpu         ] GC(162) User=0.00s Sys=0.00s Real=0.00s
[353.899s][info][gc,start       ] GC(163) Pause Young (Normal) (G1 Evacuation Pause)
[353.899s][info][gc,task        ] GC(163) Using 6 workers of 6 for evacuation
[353.914s][info][gc,phases      ] GC(163)   Pre Evacuate Collection Set: 0.0ms
[353.914s][info][gc,phases      ] GC(163)   Evacuate Collection Set: 13.7ms
[353.914s][info][gc,phases      ] GC(163)   Post Evacuate Collection Set: 1.2ms
[353.914s][info][gc,phases      ] GC(163)   Other: 0.3ms
[353.914s][info][gc,heap        ] GC(163) Eden regions: 1228->0(1214)
[353.914s][info][gc,heap        ] GC(163) Survivor regions: 0->14(154)
[353.914s][info][gc,heap        ] GC(163) Old regions: 5->5
[353.914s][info][gc,heap        ] GC(163) Humongous regions: 0->0
[353.914s][info][gc,metaspace   ] GC(163) Metaspace: 23853K(24832K)->23853K(24832K) NonClass: 20926K(21504K)->20926K(21504K) Class: 2927K(3328K)->2927K(3328K)
[353.914s][info][gc             ] GC(163) Pause Young (Normal) (G1 Evacuation Pause) 2460M->32M(4096M) 15.398ms
[353.914s][info][gc,cpu         ] GC(163) User=0.02s Sys=0.00s Real=0.01s
[353.966s][info][gc,task        ] GC(164) Using 6 workers of 6 for full compaction
[353.966s][info][gc,start       ] GC(164) Pause Full (System.gc())
[353.966s][info][gc,phases,start] GC(164) Phase 1: Mark live objects
[353.969s][info][gc,stringtable ] GC(164) Cleaned string and symbol table, strings: 6109 processed, 0 removed, symbols: 55821 processed, 0 removed
[353.969s][info][gc,phases      ] GC(164) Phase 1: Mark live objects 3.050ms
[353.969s][info][gc,phases,start] GC(164) Phase 2: Prepare for compaction
[353.971s][info][gc,phases      ] GC(164) Phase 2: Prepare for compaction 2.417ms
[353.972s][info][gc,phases,start] GC(164) Phase 3: Adjust pointers
[353.974s][info][gc,phases      ] GC(164) Phase 3: Adjust pointers 2.676ms
[353.974s][info][gc,phases,start] GC(164) Phase 4: Compact heap
[353.975s][info][gc,phases      ] GC(164) Phase 4: Compact heap 0.528ms
[353.977s][info][gc,heap        ] GC(164) Eden regions: 79->0(1228)
[353.977s][info][gc,heap        ] GC(164) Survivor regions: 14->0(154)
[353.977s][info][gc,heap        ] GC(164) Old regions: 5->5
[353.977s][info][gc,heap        ] GC(164) Humongous regions: 0->0
[353.977s][info][gc,metaspace   ] GC(164) Metaspace: 23853K(24832K)->23853K(24832K) NonClass: 20926K(21504K)->20926K(21504K) Class: 2927K(3328K)->2927K(3328K)
[353.977s][info][gc             ] GC(164) Pause Full (System.gc()) 190M->4M(4096M) 11.710ms
[353.978s][info][gc,cpu         ] GC(164) User=0.02s Sys=0.00s Real=0.02s
[358.262s][info][gc,start       ] GC(165) Pause Young (Normal) (G1 Evacuation Pause)
[358.262s][info][gc,task        ] GC(165) Using 6 workers of 6 for evacuation
[358.276s][info][gc,phases      ] GC(165)   Pre Evacuate Collection Set: 0.0ms
[358.277s][info][gc,phases      ] GC(165)   Evacuate Collection Set: 12.8ms
[358.277s][info][gc,phases      ] GC(165)   Post Evacuate Collection Set: 1.1ms
[358.277s][info][gc,phases      ] GC(165)   Other: 0.2ms
[358.277s][info][gc,heap        ] GC(165) Eden regions: 1228->0(1214)
[358.277s][info][gc,heap        ] GC(165) Survivor regions: 0->14(154)
[358.277s][info][gc,heap        ] GC(165) Old regions: 5->5
[358.277s][info][gc,heap        ] GC(165) Humongous regions: 0->0
[358.277s][info][gc,metaspace   ] GC(165) Metaspace: 23854K(24832K)->23854K(24832K) NonClass: 20926K(21504K)->20926K(21504K) Class: 2927K(3328K)->2927K(3328K)
[358.277s][info][gc             ] GC(165) Pause Young (Normal) (G1 Evacuation Pause) 2460M->32M(4096M) 14.379ms
[358.277s][info][gc,cpu         ] GC(165) User=0.03s Sys=0.00s Real=0.02s
[358.328s][info][gc,task        ] GC(166) Using 6 workers of 6 for full compaction
[358.328s][info][gc,start       ] GC(166) Pause Full (System.gc())
[358.328s][info][gc,phases,start] GC(166) Phase 1: Mark live objects
[358.331s][info][gc,stringtable ] GC(166) Cleaned string and symbol table, strings: 6109 processed, 0 removed, symbols: 55821 processed, 0 removed
[358.331s][info][gc,phases      ] GC(166) Phase 1: Mark live objects 2.983ms
[358.331s][info][gc,phases,start] GC(166) Phase 2: Prepare for compaction
[358.334s][info][gc,phases      ] GC(166) Phase 2: Prepare for compaction 2.469ms
[358.334s][info][gc,phases,start] GC(166) Phase 3: Adjust pointers
[358.337s][info][gc,phases      ] GC(166) Phase 3: Adjust pointers 2.868ms
[358.337s][info][gc,phases,start] GC(166) Phase 4: Compact heap
[358.337s][info][gc,phases      ] GC(166) Phase 4: Compact heap 0.570ms
[358.340s][info][gc,heap        ] GC(166) Eden regions: 79->0(1228)
[358.340s][info][gc,heap        ] GC(166) Survivor regions: 14->0(154)
[358.340s][info][gc,heap        ] GC(166) Old regions: 5->5
[358.340s][info][gc,heap        ] GC(166) Humongous regions: 0->0
[358.340s][info][gc,metaspace   ] GC(166) Metaspace: 23854K(24832K)->23854K(24832K) NonClass: 20926K(21504K)->20926K(21504K) Class: 2927K(3328K)->2927K(3328K)
[358.340s][info][gc             ] GC(166) Pause Full (System.gc()) 190M->4M(4096M) 11.747ms
[358.340s][info][gc,cpu         ] GC(166) User=0.02s Sys=0.00s Real=0.02s
[362.637s][info][gc,start       ] GC(167) Pause Young (Normal) (G1 Evacuation Pause)
[362.637s][info][gc,task        ] GC(167) Using 6 workers of 6 for evacuation
[362.651s][info][gc,phases      ] GC(167)   Pre Evacuate Collection Set: 0.0ms
[362.651s][info][gc,phases      ] GC(167)   Evacuate Collection Set: 12.8ms
[362.651s][info][gc,phases      ] GC(167)   Post Evacuate Collection Set: 1.2ms
[362.651s][info][gc,phases      ] GC(167)   Other: 0.2ms
[362.651s][info][gc,heap        ] GC(167) Eden regions: 1228->0(1214)
[362.651s][info][gc,heap        ] GC(167) Survivor regions: 0->14(154)
[362.651s][info][gc,heap        ] GC(167) Old regions: 5->5
[362.651s][info][gc,heap        ] GC(167) Humongous regions: 0->0
[362.651s][info][gc,metaspace   ] GC(167) Metaspace: 23854K(24832K)->23854K(24832K) NonClass: 20926K(21504K)->20926K(21504K) Class: 2927K(3328K)->2927K(3328K)
[362.651s][info][gc             ] GC(167) Pause Young (Normal) (G1 Evacuation Pause) 2460M->31M(4096M) 14.365ms
[362.651s][info][gc,cpu         ] GC(167) User=0.00s Sys=0.00s Real=0.02s
[362.703s][info][gc,task        ] GC(168) Using 6 workers of 6 for full compaction
[362.703s][info][gc,start       ] GC(168) Pause Full (System.gc())
[362.704s][info][gc,phases,start] GC(168) Phase 1: Mark live objects
[362.706s][info][gc,stringtable ] GC(168) Cleaned string and symbol table, strings: 6109 processed, 0 removed, symbols: 55821 processed, 0 removed
[362.706s][info][gc,phases      ] GC(168) Phase 1: Mark live objects 2.743ms
[362.706s][info][gc,phases,start] GC(168) Phase 2: Prepare for compaction
[362.709s][info][gc,phases      ] GC(168) Phase 2: Prepare for compaction 2.311ms
[362.709s][info][gc,phases,start] GC(168) Phase 3: Adjust pointers
[362.712s][info][gc,phases      ] GC(168) Phase 3: Adjust pointers 2.951ms
[362.712s][info][gc,phases,start] GC(168) Phase 4: Compact heap
[362.713s][info][gc,phases      ] GC(168) Phase 4: Compact heap 0.533ms
[362.715s][info][gc,heap        ] GC(168) Eden regions: 79->0(1228)
[362.715s][info][gc,heap        ] GC(168) Survivor regions: 14->0(154)
[362.715s][info][gc,heap        ] GC(168) Old regions: 5->5
[362.715s][info][gc,heap        ] GC(168) Humongous regions: 0->0
[362.715s][info][gc,metaspace   ] GC(168) Metaspace: 23854K(24832K)->23854K(24832K) NonClass: 20926K(21504K)->20926K(21504K) Class: 2927K(3328K)->2927K(3328K)
[362.715s][info][gc             ] GC(168) Pause Full (System.gc()) 189M->4M(4096M) 11.599ms
[362.715s][info][gc,cpu         ] GC(168) User=0.00s Sys=0.00s Real=0.02s
[367.028s][info][gc,start       ] GC(169) Pause Young (Normal) (G1 Evacuation Pause)
[367.029s][info][gc,task        ] GC(169) Using 6 workers of 6 for evacuation
[367.044s][info][gc,phases      ] GC(169)   Pre Evacuate Collection Set: 0.0ms
[367.044s][info][gc,phases      ] GC(169)   Evacuate Collection Set: 13.9ms
[367.044s][info][gc,phases      ] GC(169)   Post Evacuate Collection Set: 1.4ms
[367.044s][info][gc,phases      ] GC(169)   Other: 0.2ms
[367.044s][info][gc,heap        ] GC(169) Eden regions: 1228->0(1214)
[367.044s][info][gc,heap        ] GC(169) Survivor regions: 0->14(154)
[367.044s][info][gc,heap        ] GC(169) Old regions: 5->5
[367.044s][info][gc,heap        ] GC(169) Humongous regions: 0->0
[367.044s][info][gc,metaspace   ] GC(169) Metaspace: 23854K(24832K)->23854K(24832K) NonClass: 20926K(21504K)->20926K(21504K) Class: 2927K(3328K)->2927K(3328K)
[367.044s][info][gc             ] GC(169) Pause Young (Normal) (G1 Evacuation Pause) 2460M->32M(4096M) 15.757ms
[367.044s][info][gc,cpu         ] GC(169) User=0.02s Sys=0.00s Real=0.01s
[367.098s][info][gc,task        ] GC(170) Using 6 workers of 6 for full compaction
[367.098s][info][gc,start       ] GC(170) Pause Full (System.gc())
[367.098s][info][gc,phases,start] GC(170) Phase 1: Mark live objects
[367.101s][info][gc,stringtable ] GC(170) Cleaned string and symbol table, strings: 6109 processed, 0 removed, symbols: 55821 processed, 0 removed
[367.101s][info][gc,phases      ] GC(170) Phase 1: Mark live objects 2.619ms
[367.101s][info][gc,phases,start] GC(170) Phase 2: Prepare for compaction
[367.103s][info][gc,phases      ] GC(170) Phase 2: Prepare for compaction 2.097ms
[367.103s][info][gc,phases,start] GC(170) Phase 3: Adjust pointers
[367.106s][info][gc,phases      ] GC(170) Phase 3: Adjust pointers 2.747ms
[367.106s][info][gc,phases,start] GC(170) Phase 4: Compact heap
[367.107s][info][gc,phases      ] GC(170) Phase 4: Compact heap 1.100ms
[367.110s][info][gc,heap        ] GC(170) Eden regions: 79->0(1228)
[367.110s][info][gc,heap        ] GC(170) Survivor regions: 14->0(154)
[367.110s][info][gc,heap        ] GC(170) Old regions: 5->5
[367.110s][info][gc,heap        ] GC(170) Humongous regions: 0->0
[367.110s][info][gc,metaspace   ] GC(170) Metaspace: 23854K(24832K)->23854K(24832K) NonClass: 20926K(21504K)->20926K(21504K) Class: 2927K(3328K)->2927K(3328K)
[367.110s][info][gc             ] GC(170) Pause Full (System.gc()) 190M->4M(4096M) 11.817ms
[367.110s][info][gc,cpu         ] GC(170) User=0.00s Sys=0.00s Real=0.00s
[371.422s][info][gc,start       ] GC(171) Pause Young (Normal) (G1 Evacuation Pause)
[371.422s][info][gc,task        ] GC(171) Using 6 workers of 6 for evacuation
[371.438s][info][gc,phases      ] GC(171)   Pre Evacuate Collection Set: 0.0ms
[371.438s][info][gc,phases      ] GC(171)   Evacuate Collection Set: 14.6ms
[371.438s][info][gc,phases      ] GC(171)   Post Evacuate Collection Set: 1.2ms
[371.438s][info][gc,phases      ] GC(171)   Other: 0.2ms
[371.438s][info][gc,heap        ] GC(171) Eden regions: 1228->0(1214)
[371.438s][info][gc,heap        ] GC(171) Survivor regions: 0->14(154)
[371.438s][info][gc,heap        ] GC(171) Old regions: 5->5
[371.438s][info][gc,heap        ] GC(171) Humongous regions: 0->0
[371.438s][info][gc,metaspace   ] GC(171) Metaspace: 23854K(24832K)->23854K(24832K) NonClass: 20926K(21504K)->20926K(21504K) Class: 2927K(3328K)->2927K(3328K)
[371.438s][info][gc             ] GC(171) Pause Young (Normal) (G1 Evacuation Pause) 2460M->32M(4096M) 16.085ms
[371.438s][info][gc,cpu         ] GC(171) User=0.02s Sys=0.00s Real=0.02s
[371.489s][info][gc,task        ] GC(172) Using 6 workers of 6 for full compaction
[371.489s][info][gc,start       ] GC(172) Pause Full (System.gc())
[371.489s][info][gc,phases,start] GC(172) Phase 1: Mark live objects
[371.492s][info][gc,stringtable ] GC(172) Cleaned string and symbol table, strings: 6109 processed, 0 removed, symbols: 55821 processed, 0 removed
[371.492s][info][gc,phases      ] GC(172) Phase 1: Mark live objects 3.187ms
[371.492s][info][gc,phases,start] GC(172) Phase 2: Prepare for compaction
[371.494s][info][gc,phases      ] GC(172) Phase 2: Prepare for compaction 2.320ms
[371.495s][info][gc,phases,start] GC(172) Phase 3: Adjust pointers
[371.497s][info][gc,phases      ] GC(172) Phase 3: Adjust pointers 2.853ms
[371.497s][info][gc,phases,start] GC(172) Phase 4: Compact heap
[371.498s][info][gc,phases      ] GC(172) Phase 4: Compact heap 0.500ms
[371.500s][info][gc,heap        ] GC(172) Eden regions: 79->0(1228)
[371.500s][info][gc,heap        ] GC(172) Survivor regions: 14->0(154)
[371.500s][info][gc,heap        ] GC(172) Old regions: 5->5
[371.500s][info][gc,heap        ] GC(172) Humongous regions: 0->0
[371.500s][info][gc,metaspace   ] GC(172) Metaspace: 23854K(24832K)->23854K(24832K) NonClass: 20926K(21504K)->20926K(21504K) Class: 2927K(3328K)->2927K(3328K)
[371.500s][info][gc             ] GC(172) Pause Full (System.gc()) 190M->4M(4096M) 11.631ms
[371.500s][info][gc,cpu         ] GC(172) User=0.02s Sys=0.00s Real=0.02s
[375.785s][info][gc,start       ] GC(173) Pause Young (Normal) (G1 Evacuation Pause)
[375.785s][info][gc,task        ] GC(173) Using 6 workers of 6 for evacuation
[375.799s][info][gc,phases      ] GC(173)   Pre Evacuate Collection Set: 0.0ms
[375.799s][info][gc,phases      ] GC(173)   Evacuate Collection Set: 12.4ms
[375.799s][info][gc,phases      ] GC(173)   Post Evacuate Collection Set: 1.3ms
[375.799s][info][gc,phases      ] GC(173)   Other: 0.3ms
[375.799s][info][gc,heap        ] GC(173) Eden regions: 1228->0(1214)
[375.799s][info][gc,heap        ] GC(173) Survivor regions: 0->14(154)
[375.799s][info][gc,heap        ] GC(173) Old regions: 5->5
[375.799s][info][gc,heap        ] GC(173) Humongous regions: 0->0
[375.799s][info][gc,metaspace   ] GC(173) Metaspace: 23854K(24832K)->23854K(24832K) NonClass: 20926K(21504K)->20926K(21504K) Class: 2927K(3328K)->2927K(3328K)
[375.799s][info][gc             ] GC(173) Pause Young (Normal) (G1 Evacuation Pause) 2460M->32M(4096M) 14.076ms
[375.799s][info][gc,cpu         ] GC(173) User=0.02s Sys=0.00s Real=0.02s
[375.852s][info][gc,task        ] GC(174) Using 6 workers of 6 for full compaction
[375.852s][info][gc,start       ] GC(174) Pause Full (System.gc())
[375.853s][info][gc,phases,start] GC(174) Phase 1: Mark live objects
[375.855s][info][gc,stringtable ] GC(174) Cleaned string and symbol table, strings: 6109 processed, 0 removed, symbols: 55821 processed, 0 removed
[375.855s][info][gc,phases      ] GC(174) Phase 1: Mark live objects 2.763ms
[375.855s][info][gc,phases,start] GC(174) Phase 2: Prepare for compaction
[375.858s][info][gc,phases      ] GC(174) Phase 2: Prepare for compaction 2.295ms
[375.858s][info][gc,phases,start] GC(174) Phase 3: Adjust pointers
[375.860s][info][gc,phases      ] GC(174) Phase 3: Adjust pointers 2.586ms
[375.860s][info][gc,phases,start] GC(174) Phase 4: Compact heap
[375.861s][info][gc,phases      ] GC(174) Phase 4: Compact heap 0.487ms
[375.864s][info][gc,heap        ] GC(174) Eden regions: 79->0(1228)
[375.864s][info][gc,heap        ] GC(174) Survivor regions: 14->0(154)
[375.864s][info][gc,heap        ] GC(174) Old regions: 5->5
[375.864s][info][gc,heap        ] GC(174) Humongous regions: 0->0
[375.864s][info][gc,metaspace   ] GC(174) Metaspace: 23854K(24832K)->23854K(24832K) NonClass: 20927K(21504K)->20927K(21504K) Class: 2927K(3328K)->2927K(3328K)
[375.864s][info][gc             ] GC(174) Pause Full (System.gc()) 190M->4M(4096M) 11.484ms
[375.864s][info][gc,cpu         ] GC(174) User=0.02s Sys=0.00s Real=0.02s
[380.171s][info][gc,start       ] GC(175) Pause Young (Normal) (G1 Evacuation Pause)
[380.171s][info][gc,task        ] GC(175) Using 6 workers of 6 for evacuation
[380.185s][info][gc,phases      ] GC(175)   Pre Evacuate Collection Set: 0.0ms
[380.185s][info][gc,phases      ] GC(175)   Evacuate Collection Set: 12.8ms
[380.185s][info][gc,phases      ] GC(175)   Post Evacuate Collection Set: 1.2ms
[380.185s][info][gc,phases      ] GC(175)   Other: 0.3ms
[380.185s][info][gc,heap        ] GC(175) Eden regions: 1228->0(1214)
[380.185s][info][gc,heap        ] GC(175) Survivor regions: 0->14(154)
[380.185s][info][gc,heap        ] GC(175) Old regions: 5->5
[380.185s][info][gc,heap        ] GC(175) Humongous regions: 0->0
[380.185s][info][gc,metaspace   ] GC(175) Metaspace: 23854K(24832K)->23854K(24832K) NonClass: 20927K(21504K)->20927K(21504K) Class: 2927K(3328K)->2927K(3328K)
[380.185s][info][gc             ] GC(175) Pause Young (Normal) (G1 Evacuation Pause) 2460M->32M(4096M) 14.393ms
[380.185s][info][gc,cpu         ] GC(175) User=0.02s Sys=0.00s Real=0.02s
[380.236s][info][gc,task        ] GC(176) Using 6 workers of 6 for full compaction
[380.236s][info][gc,start       ] GC(176) Pause Full (System.gc())
[380.237s][info][gc,phases,start] GC(176) Phase 1: Mark live objects
[380.239s][info][gc,stringtable ] GC(176) Cleaned string and symbol table, strings: 6109 processed, 0 removed, symbols: 55821 processed, 0 removed
[380.239s][info][gc,phases      ] GC(176) Phase 1: Mark live objects 2.737ms
[380.239s][info][gc,phases,start] GC(176) Phase 2: Prepare for compaction
[380.242s][info][gc,phases      ] GC(176) Phase 2: Prepare for compaction 2.487ms
[380.242s][info][gc,phases,start] GC(176) Phase 3: Adjust pointers
[380.245s][info][gc,phases      ] GC(176) Phase 3: Adjust pointers 2.844ms
[380.245s][info][gc,phases,start] GC(176) Phase 4: Compact heap
[380.245s][info][gc,phases      ] GC(176) Phase 4: Compact heap 0.566ms
[380.248s][info][gc,heap        ] GC(176) Eden regions: 79->0(1228)
[380.248s][info][gc,heap        ] GC(176) Survivor regions: 14->0(154)
[380.248s][info][gc,heap        ] GC(176) Old regions: 5->5
[380.248s][info][gc,heap        ] GC(176) Humongous regions: 0->0
[380.248s][info][gc,metaspace   ] GC(176) Metaspace: 23854K(24832K)->23854K(24832K) NonClass: 20927K(21504K)->20927K(21504K) Class: 2927K(3328K)->2927K(3328K)
[380.248s][info][gc             ] GC(176) Pause Full (System.gc()) 190M->4M(4096M) 11.448ms
[380.248s][info][gc,cpu         ] GC(176) User=0.02s Sys=0.00s Real=0.02s
[384.528s][info][gc,start       ] GC(177) Pause Young (Normal) (G1 Evacuation Pause)
[384.528s][info][gc,task        ] GC(177) Using 6 workers of 6 for evacuation
[384.543s][info][gc,phases      ] GC(177)   Pre Evacuate Collection Set: 0.0ms
[384.543s][info][gc,phases      ] GC(177)   Evacuate Collection Set: 13.3ms
[384.543s][info][gc,phases      ] GC(177)   Post Evacuate Collection Set: 1.2ms
[384.543s][info][gc,phases      ] GC(177)   Other: 0.2ms
[384.543s][info][gc,heap        ] GC(177) Eden regions: 1228->0(1214)
[384.543s][info][gc,heap        ] GC(177) Survivor regions: 0->14(154)
[384.543s][info][gc,heap        ] GC(177) Old regions: 5->5
[384.543s][info][gc,heap        ] GC(177) Humongous regions: 0->0
[384.543s][info][gc,metaspace   ] GC(177) Metaspace: 23854K(24832K)->23854K(24832K) NonClass: 20927K(21504K)->20927K(21504K) Class: 2927K(3328K)->2927K(3328K)
[384.543s][info][gc             ] GC(177) Pause Young (Normal) (G1 Evacuation Pause) 2460M->32M(4096M) 14.838ms
[384.543s][info][gc,cpu         ] GC(177) User=0.00s Sys=0.00s Real=0.02s
[384.594s][info][gc,task        ] GC(178) Using 6 workers of 6 for full compaction
[384.594s][info][gc,start       ] GC(178) Pause Full (System.gc())
[384.594s][info][gc,phases,start] GC(178) Phase 1: Mark live objects
[384.598s][info][gc,stringtable ] GC(178) Cleaned string and symbol table, strings: 6109 processed, 0 removed, symbols: 55821 processed, 0 removed
[384.598s][info][gc,phases      ] GC(178) Phase 1: Mark live objects 3.265ms
[384.598s][info][gc,phases,start] GC(178) Phase 2: Prepare for compaction
[384.600s][info][gc,phases      ] GC(178) Phase 2: Prepare for compaction 2.067ms
[384.600s][info][gc,phases,start] GC(178) Phase 3: Adjust pointers
[384.603s][info][gc,phases      ] GC(178) Phase 3: Adjust pointers 2.616ms
[384.603s][info][gc,phases,start] GC(178) Phase 4: Compact heap
[384.603s][info][gc,phases      ] GC(178) Phase 4: Compact heap 0.730ms
[384.606s][info][gc,heap        ] GC(178) Eden regions: 79->0(1228)
[384.606s][info][gc,heap        ] GC(178) Survivor regions: 14->0(154)
[384.606s][info][gc,heap        ] GC(178) Old regions: 5->5
[384.606s][info][gc,heap        ] GC(178) Humongous regions: 0->0
[384.606s][info][gc,metaspace   ] GC(178) Metaspace: 23854K(24832K)->23854K(24832K) NonClass: 20927K(21504K)->20927K(21504K) Class: 2927K(3328K)->2927K(3328K)
[384.606s][info][gc             ] GC(178) Pause Full (System.gc()) 190M->4M(4096M) 11.671ms
[384.606s][info][gc,cpu         ] GC(178) User=0.00s Sys=0.00s Real=0.02s
[388.892s][info][gc,start       ] GC(179) Pause Young (Normal) (G1 Evacuation Pause)
[388.892s][info][gc,task        ] GC(179) Using 6 workers of 6 for evacuation
[388.906s][info][gc,phases      ] GC(179)   Pre Evacuate Collection Set: 0.1ms
[388.906s][info][gc,phases      ] GC(179)   Evacuate Collection Set: 12.7ms
[388.906s][info][gc,phases      ] GC(179)   Post Evacuate Collection Set: 1.2ms
[388.906s][info][gc,phases      ] GC(179)   Other: 0.3ms
[388.906s][info][gc,heap        ] GC(179) Eden regions: 1228->0(1214)
[388.906s][info][gc,heap        ] GC(179) Survivor regions: 0->14(154)
[388.906s][info][gc,heap        ] GC(179) Old regions: 5->5
[388.906s][info][gc,heap        ] GC(179) Humongous regions: 0->0
[388.906s][info][gc,metaspace   ] GC(179) Metaspace: 23854K(24832K)->23854K(24832K) NonClass: 20927K(21504K)->20927K(21504K) Class: 2927K(3328K)->2927K(3328K)
[388.906s][info][gc             ] GC(179) Pause Young (Normal) (G1 Evacuation Pause) 2460M->32M(4096M) 14.365ms
[388.906s][info][gc,cpu         ] GC(179) User=0.00s Sys=0.00s Real=0.00s
[388.957s][info][gc,task        ] GC(180) Using 6 workers of 6 for full compaction
[388.957s][info][gc,start       ] GC(180) Pause Full (System.gc())
[388.958s][info][gc,phases,start] GC(180) Phase 1: Mark live objects
[388.961s][info][gc,stringtable ] GC(180) Cleaned string and symbol table, strings: 6109 processed, 0 removed, symbols: 55821 processed, 0 removed
[388.961s][info][gc,phases      ] GC(180) Phase 1: Mark live objects 3.035ms
[388.961s][info][gc,phases,start] GC(180) Phase 2: Prepare for compaction
[388.963s][info][gc,phases      ] GC(180) Phase 2: Prepare for compaction 2.166ms
[388.963s][info][gc,phases,start] GC(180) Phase 3: Adjust pointers
[388.966s][info][gc,phases      ] GC(180) Phase 3: Adjust pointers 2.741ms
[388.966s][info][gc,phases,start] GC(180) Phase 4: Compact heap
[388.966s][info][gc,phases      ] GC(180) Phase 4: Compact heap 0.581ms
[388.969s][info][gc,heap        ] GC(180) Eden regions: 79->0(1228)
[388.969s][info][gc,heap        ] GC(180) Survivor regions: 14->0(154)
[388.969s][info][gc,heap        ] GC(180) Old regions: 5->6
[388.969s][info][gc,heap        ] GC(180) Humongous regions: 0->0
[388.969s][info][gc,metaspace   ] GC(180) Metaspace: 23854K(24832K)->23854K(24832K) NonClass: 20927K(21504K)->20927K(21504K) Class: 2927K(3328K)->2927K(3328K)
[388.969s][info][gc             ] GC(180) Pause Full (System.gc()) 190M->4M(4096M) 11.352ms
[388.969s][info][gc,cpu         ] GC(180) User=0.00s Sys=0.00s Real=0.00s
[393.256s][info][gc,start       ] GC(181) Pause Young (Normal) (G1 Evacuation Pause)
[393.256s][info][gc,task        ] GC(181) Using 6 workers of 6 for evacuation
[393.270s][info][gc,phases      ] GC(181)   Pre Evacuate Collection Set: 0.0ms
[393.270s][info][gc,phases      ] GC(181)   Evacuate Collection Set: 12.2ms
[393.270s][info][gc,phases      ] GC(181)   Post Evacuate Collection Set: 1.2ms
[393.270s][info][gc,phases      ] GC(181)   Other: 0.3ms
[393.270s][info][gc,heap        ] GC(181) Eden regions: 1228->0(1214)
[393.270s][info][gc,heap        ] GC(181) Survivor regions: 0->14(154)
[393.270s][info][gc,heap        ] GC(181) Old regions: 6->6
[393.270s][info][gc,heap        ] GC(181) Humongous regions: 0->0
[393.270s][info][gc,metaspace   ] GC(181) Metaspace: 23854K(24832K)->23854K(24832K) NonClass: 20927K(21504K)->20927K(21504K) Class: 2927K(3328K)->2927K(3328K)
[393.270s][info][gc             ] GC(181) Pause Young (Normal) (G1 Evacuation Pause) 2460M->32M(4096M) 13.833ms
[393.270s][info][gc,cpu         ] GC(181) User=0.00s Sys=0.00s Real=0.00s
[393.322s][info][gc,task        ] GC(182) Using 6 workers of 6 for full compaction
[393.322s][info][gc,start       ] GC(182) Pause Full (System.gc())
[393.322s][info][gc,phases,start] GC(182) Phase 1: Mark live objects
[393.325s][info][gc,stringtable ] GC(182) Cleaned string and symbol table, strings: 6109 processed, 0 removed, symbols: 55821 processed, 0 removed
[393.325s][info][gc,phases      ] GC(182) Phase 1: Mark live objects 3.351ms
[393.325s][info][gc,phases,start] GC(182) Phase 2: Prepare for compaction
[393.328s][info][gc,phases      ] GC(182) Phase 2: Prepare for compaction 2.287ms
[393.328s][info][gc,phases,start] GC(182) Phase 3: Adjust pointers
[393.331s][info][gc,phases      ] GC(182) Phase 3: Adjust pointers 2.892ms
[393.331s][info][gc,phases,start] GC(182) Phase 4: Compact heap
[393.332s][info][gc,phases      ] GC(182) Phase 4: Compact heap 0.714ms
[393.334s][info][gc,heap        ] GC(182) Eden regions: 79->0(1228)
[393.334s][info][gc,heap        ] GC(182) Survivor regions: 14->0(154)
[393.334s][info][gc,heap        ] GC(182) Old regions: 6->6
[393.334s][info][gc,heap        ] GC(182) Humongous regions: 0->0
[393.334s][info][gc,metaspace   ] GC(182) Metaspace: 23854K(24832K)->23854K(24832K) NonClass: 20927K(21504K)->20927K(21504K) Class: 2927K(3328K)->2927K(3328K)
[393.334s][info][gc             ] GC(182) Pause Full (System.gc()) 190M->4M(4096M) 12.249ms
[393.334s][info][gc,cpu         ] GC(182) User=0.00s Sys=0.00s Real=0.01s
[397.618s][info][gc,start       ] GC(183) Pause Young (Normal) (G1 Evacuation Pause)
[397.619s][info][gc,task        ] GC(183) Using 6 workers of 6 for evacuation
[397.632s][info][gc,phases      ] GC(183)   Pre Evacuate Collection Set: 0.0ms
[397.632s][info][gc,phases      ] GC(183)   Evacuate Collection Set: 12.3ms
[397.632s][info][gc,phases      ] GC(183)   Post Evacuate Collection Set: 1.2ms
[397.632s][info][gc,phases      ] GC(183)   Other: 0.3ms
[397.632s][info][gc,heap        ] GC(183) Eden regions: 1228->0(1214)
[397.632s][info][gc,heap        ] GC(183) Survivor regions: 0->14(154)
[397.632s][info][gc,heap        ] GC(183) Old regions: 6->6
[397.632s][info][gc,heap        ] GC(183) Humongous regions: 0->0
[397.632s][info][gc,metaspace   ] GC(183) Metaspace: 23854K(24832K)->23854K(24832K) NonClass: 20927K(21504K)->20927K(21504K) Class: 2927K(3328K)->2927K(3328K)
[397.632s][info][gc             ] GC(183) Pause Young (Normal) (G1 Evacuation Pause) 2460M->32M(4096M) 13.913ms
[397.632s][info][gc,cpu         ] GC(183) User=0.00s Sys=0.00s Real=0.00s
[397.684s][info][gc,task        ] GC(184) Using 6 workers of 6 for full compaction
[397.684s][info][gc,start       ] GC(184) Pause Full (System.gc())
[397.684s][info][gc,phases,start] GC(184) Phase 1: Mark live objects
[397.687s][info][gc,stringtable ] GC(184) Cleaned string and symbol table, strings: 6109 processed, 0 removed, symbols: 55821 processed, 0 removed
[397.687s][info][gc,phases      ] GC(184) Phase 1: Mark live objects 3.061ms
[397.687s][info][gc,phases,start] GC(184) Phase 2: Prepare for compaction
[397.689s][info][gc,phases      ] GC(184) Phase 2: Prepare for compaction 2.122ms
[397.689s][info][gc,phases,start] GC(184) Phase 3: Adjust pointers
[397.692s][info][gc,phases      ] GC(184) Phase 3: Adjust pointers 3.042ms
[397.692s][info][gc,phases,start] GC(184) Phase 4: Compact heap
[397.693s][info][gc,phases      ] GC(184) Phase 4: Compact heap 0.794ms
[397.695s][info][gc,heap        ] GC(184) Eden regions: 79->0(1228)
[397.695s][info][gc,heap        ] GC(184) Survivor regions: 14->0(154)
[397.695s][info][gc,heap        ] GC(184) Old regions: 6->5
[397.695s][info][gc,heap        ] GC(184) Humongous regions: 0->0
[397.695s][info][gc,metaspace   ] GC(184) Metaspace: 23854K(24832K)->23854K(24832K) NonClass: 20927K(21504K)->20927K(21504K) Class: 2927K(3328K)->2927K(3328K)
[397.695s][info][gc             ] GC(184) Pause Full (System.gc()) 190M->4M(4096M) 11.851ms
[397.696s][info][gc,cpu         ] GC(184) User=0.00s Sys=0.00s Real=0.00s
[401.979s][info][gc,start       ] GC(185) Pause Young (Normal) (G1 Evacuation Pause)
[401.979s][info][gc,task        ] GC(185) Using 6 workers of 6 for evacuation
[401.994s][info][gc,phases      ] GC(185)   Pre Evacuate Collection Set: 0.0ms
[401.994s][info][gc,phases      ] GC(185)   Evacuate Collection Set: 12.7ms
[401.994s][info][gc,phases      ] GC(185)   Post Evacuate Collection Set: 1.2ms
[401.994s][info][gc,phases      ] GC(185)   Other: 0.2ms
[401.994s][info][gc,heap        ] GC(185) Eden regions: 1228->0(1214)
[401.994s][info][gc,heap        ] GC(185) Survivor regions: 0->14(154)
[401.994s][info][gc,heap        ] GC(185) Old regions: 5->5
[401.994s][info][gc,heap        ] GC(185) Humongous regions: 0->0
[401.994s][info][gc,metaspace   ] GC(185) Metaspace: 23860K(24832K)->23860K(24832K) NonClass: 20932K(21504K)->20932K(21504K) Class: 2927K(3328K)->2927K(3328K)
[401.994s][info][gc             ] GC(185) Pause Young (Normal) (G1 Evacuation Pause) 2460M->32M(4096M) 14.241ms
[401.994s][info][gc,cpu         ] GC(185) User=0.00s Sys=0.00s Real=0.01s
[402.045s][info][gc,task        ] GC(186) Using 6 workers of 6 for full compaction
[402.045s][info][gc,start       ] GC(186) Pause Full (System.gc())
[402.045s][info][gc,phases,start] GC(186) Phase 1: Mark live objects
[402.048s][info][gc,stringtable ] GC(186) Cleaned string and symbol table, strings: 6111 processed, 0 removed, symbols: 55821 processed, 0 removed
[402.048s][info][gc,phases      ] GC(186) Phase 1: Mark live objects 3.267ms
[402.048s][info][gc,phases,start] GC(186) Phase 2: Prepare for compaction
[402.051s][info][gc,phases      ] GC(186) Phase 2: Prepare for compaction 2.266ms
[402.051s][info][gc,phases,start] GC(186) Phase 3: Adjust pointers
[402.054s][info][gc,phases      ] GC(186) Phase 3: Adjust pointers 2.817ms
[402.054s][info][gc,phases,start] GC(186) Phase 4: Compact heap
[402.054s][info][gc,phases      ] GC(186) Phase 4: Compact heap 0.439ms
[402.057s][info][gc,heap        ] GC(186) Eden regions: 79->0(1228)
[402.057s][info][gc,heap        ] GC(186) Survivor regions: 14->0(154)
[402.057s][info][gc,heap        ] GC(186) Old regions: 5->5
[402.057s][info][gc,heap        ] GC(186) Humongous regions: 0->0
[402.057s][info][gc,metaspace   ] GC(186) Metaspace: 23860K(24832K)->23860K(24832K) NonClass: 20932K(21504K)->20932K(21504K) Class: 2927K(3328K)->2927K(3328K)
[402.057s][info][gc             ] GC(186) Pause Full (System.gc()) 190M->4M(4096M) 11.924ms
[402.057s][info][gc,cpu         ] GC(186) User=0.02s Sys=0.00s Real=0.02s
[406.341s][info][gc,start       ] GC(187) Pause Young (Normal) (G1 Evacuation Pause)
[406.341s][info][gc,task        ] GC(187) Using 6 workers of 6 for evacuation
[406.355s][info][gc,phases      ] GC(187)   Pre Evacuate Collection Set: 0.0ms
[406.355s][info][gc,phases      ] GC(187)   Evacuate Collection Set: 12.6ms
[406.355s][info][gc,phases      ] GC(187)   Post Evacuate Collection Set: 1.2ms
[406.355s][info][gc,phases      ] GC(187)   Other: 0.3ms
[406.355s][info][gc,heap        ] GC(187) Eden regions: 1228->0(1214)
[406.355s][info][gc,heap        ] GC(187) Survivor regions: 0->14(154)
[406.355s][info][gc,heap        ] GC(187) Old regions: 5->5
[406.355s][info][gc,heap        ] GC(187) Humongous regions: 0->0
[406.355s][info][gc,metaspace   ] GC(187) Metaspace: 23860K(24832K)->23860K(24832K) NonClass: 20932K(21504K)->20932K(21504K) Class: 2927K(3328K)->2927K(3328K)
[406.355s][info][gc             ] GC(187) Pause Young (Normal) (G1 Evacuation Pause) 2460M->31M(4096M) 14.286ms
[406.355s][info][gc,cpu         ] GC(187) User=0.02s Sys=0.00s Real=0.02s
[406.406s][info][gc,task        ] GC(188) Using 6 workers of 6 for full compaction
[406.406s][info][gc,start       ] GC(188) Pause Full (System.gc())
[406.406s][info][gc,phases,start] GC(188) Phase 1: Mark live objects
[406.409s][info][gc,stringtable ] GC(188) Cleaned string and symbol table, strings: 6111 processed, 0 removed, symbols: 55821 processed, 0 removed
[406.409s][info][gc,phases      ] GC(188) Phase 1: Mark live objects 3.293ms
[406.409s][info][gc,phases,start] GC(188) Phase 2: Prepare for compaction
[406.411s][info][gc,phases      ] GC(188) Phase 2: Prepare for compaction 2.214ms
[406.412s][info][gc,phases,start] GC(188) Phase 3: Adjust pointers
[406.415s][info][gc,phases      ] GC(188) Phase 3: Adjust pointers 2.989ms
[406.415s][info][gc,phases,start] GC(188) Phase 4: Compact heap
[406.415s][info][gc,phases      ] GC(188) Phase 4: Compact heap 0.601ms
[406.418s][info][gc,heap        ] GC(188) Eden regions: 79->0(1228)
[406.418s][info][gc,heap        ] GC(188) Survivor regions: 14->0(154)
[406.418s][info][gc,heap        ] GC(188) Old regions: 5->6
[406.418s][info][gc,heap        ] GC(188) Humongous regions: 0->0
[406.418s][info][gc,metaspace   ] GC(188) Metaspace: 23860K(24832K)->23860K(24832K) NonClass: 20932K(21504K)->20932K(21504K) Class: 2927K(3328K)->2927K(3328K)
[406.418s][info][gc             ] GC(188) Pause Full (System.gc()) 189M->4M(4096M) 11.982ms
[406.418s][info][gc,cpu         ] GC(188) User=0.00s Sys=0.00s Real=0.02s
[410.697s][info][gc,start       ] GC(189) Pause Young (Normal) (G1 Evacuation Pause)
[410.697s][info][gc,task        ] GC(189) Using 6 workers of 6 for evacuation
[410.711s][info][gc,phases      ] GC(189)   Pre Evacuate Collection Set: 0.1ms
[410.711s][info][gc,phases      ] GC(189)   Evacuate Collection Set: 12.6ms
[410.711s][info][gc,phases      ] GC(189)   Post Evacuate Collection Set: 1.2ms
[410.711s][info][gc,phases      ] GC(189)   Other: 0.3ms
[410.711s][info][gc,heap        ] GC(189) Eden regions: 1228->0(1214)
[410.711s][info][gc,heap        ] GC(189) Survivor regions: 0->14(154)
[410.711s][info][gc,heap        ] GC(189) Old regions: 6->6
[410.711s][info][gc,heap        ] GC(189) Humongous regions: 0->0
[410.711s][info][gc,metaspace   ] GC(189) Metaspace: 23860K(24832K)->23860K(24832K) NonClass: 20932K(21504K)->20932K(21504K) Class: 2927K(3328K)->2927K(3328K)
[410.711s][info][gc             ] GC(189) Pause Young (Normal) (G1 Evacuation Pause) 2460M->32M(4096M) 14.371ms
[410.711s][info][gc,cpu         ] GC(189) User=0.00s Sys=0.00s Real=0.01s
[410.762s][info][gc,task        ] GC(190) Using 6 workers of 6 for full compaction
[410.762s][info][gc,start       ] GC(190) Pause Full (System.gc())
[410.763s][info][gc,phases,start] GC(190) Phase 1: Mark live objects
[410.766s][info][gc,stringtable ] GC(190) Cleaned string and symbol table, strings: 6111 processed, 0 removed, symbols: 55821 processed, 0 removed
[410.766s][info][gc,phases      ] GC(190) Phase 1: Mark live objects 2.992ms
[410.766s][info][gc,phases,start] GC(190) Phase 2: Prepare for compaction
[410.768s][info][gc,phases      ] GC(190) Phase 2: Prepare for compaction 2.345ms
[410.768s][info][gc,phases,start] GC(190) Phase 3: Adjust pointers
[410.771s][info][gc,phases      ] GC(190) Phase 3: Adjust pointers 2.744ms
[410.771s][info][gc,phases,start] GC(190) Phase 4: Compact heap
[410.771s][info][gc,phases      ] GC(190) Phase 4: Compact heap 0.572ms
[410.774s][info][gc,heap        ] GC(190) Eden regions: 79->0(1228)
[410.774s][info][gc,heap        ] GC(190) Survivor regions: 14->0(154)
[410.774s][info][gc,heap        ] GC(190) Old regions: 6->5
[410.774s][info][gc,heap        ] GC(190) Humongous regions: 0->0
[410.774s][info][gc,metaspace   ] GC(190) Metaspace: 23860K(24832K)->23860K(24832K) NonClass: 20932K(21504K)->20932K(21504K) Class: 2927K(3328K)->2927K(3328K)
[410.774s][info][gc             ] GC(190) Pause Full (System.gc()) 190M->4M(4096M) 11.478ms
[410.774s][info][gc,cpu         ] GC(190) User=0.02s Sys=0.00s Real=0.02s
[415.058s][info][gc,start       ] GC(191) Pause Young (Normal) (G1 Evacuation Pause)
[415.058s][info][gc,task        ] GC(191) Using 6 workers of 6 for evacuation
[415.072s][info][gc,phases      ] GC(191)   Pre Evacuate Collection Set: 0.0ms
[415.072s][info][gc,phases      ] GC(191)   Evacuate Collection Set: 12.7ms
[415.072s][info][gc,phases      ] GC(191)   Post Evacuate Collection Set: 1.2ms
[415.072s][info][gc,phases      ] GC(191)   Other: 0.2ms
[415.072s][info][gc,heap        ] GC(191) Eden regions: 1228->0(1214)
[415.072s][info][gc,heap        ] GC(191) Survivor regions: 0->14(154)
[415.072s][info][gc,heap        ] GC(191) Old regions: 5->5
[415.072s][info][gc,heap        ] GC(191) Humongous regions: 0->0
[415.072s][info][gc,metaspace   ] GC(191) Metaspace: 23860K(24832K)->23860K(24832K) NonClass: 20932K(21504K)->20932K(21504K) Class: 2927K(3328K)->2927K(3328K)
[415.073s][info][gc             ] GC(191) Pause Young (Normal) (G1 Evacuation Pause) 2460M->32M(4096M) 14.223ms
[415.073s][info][gc,cpu         ] GC(191) User=0.02s Sys=0.00s Real=0.02s
[415.123s][info][gc,task        ] GC(192) Using 6 workers of 6 for full compaction
[415.124s][info][gc,start       ] GC(192) Pause Full (System.gc())
[415.124s][info][gc,phases,start] GC(192) Phase 1: Mark live objects
[415.127s][info][gc,stringtable ] GC(192) Cleaned string and symbol table, strings: 6111 processed, 0 removed, symbols: 55821 processed, 0 removed
[415.127s][info][gc,phases      ] GC(192) Phase 1: Mark live objects 2.925ms
[415.127s][info][gc,phases,start] GC(192) Phase 2: Prepare for compaction
[415.129s][info][gc,phases      ] GC(192) Phase 2: Prepare for compaction 2.290ms
[415.129s][info][gc,phases,start] GC(192) Phase 3: Adjust pointers
[415.132s][info][gc,phases      ] GC(192) Phase 3: Adjust pointers 2.785ms
[415.132s][info][gc,phases,start] GC(192) Phase 4: Compact heap
[415.133s][info][gc,phases      ] GC(192) Phase 4: Compact heap 0.571ms
[415.136s][info][gc,heap        ] GC(192) Eden regions: 79->0(1228)
[415.136s][info][gc,heap        ] GC(192) Survivor regions: 14->0(154)
[415.136s][info][gc,heap        ] GC(192) Old regions: 5->5
[415.136s][info][gc,heap        ] GC(192) Humongous regions: 0->0
[415.136s][info][gc,metaspace   ] GC(192) Metaspace: 23860K(24832K)->23860K(24832K) NonClass: 20932K(21504K)->20932K(21504K) Class: 2927K(3328K)->2927K(3328K)
[415.136s][info][gc             ] GC(192) Pause Full (System.gc()) 190M->4M(4096M) 12.201ms
[415.136s][info][gc,cpu         ] GC(192) User=0.00s Sys=0.00s Real=0.02s
[419.413s][info][gc,start       ] GC(193) Pause Young (Normal) (G1 Evacuation Pause)
[419.413s][info][gc,task        ] GC(193) Using 6 workers of 6 for evacuation
[419.427s][info][gc,phases      ] GC(193)   Pre Evacuate Collection Set: 0.0ms
[419.427s][info][gc,phases      ] GC(193)   Evacuate Collection Set: 13.2ms
[419.427s][info][gc,phases      ] GC(193)   Post Evacuate Collection Set: 1.2ms
[419.427s][info][gc,phases      ] GC(193)   Other: 0.3ms
[419.427s][info][gc,heap        ] GC(193) Eden regions: 1228->0(1214)
[419.427s][info][gc,heap        ] GC(193) Survivor regions: 0->14(154)
[419.427s][info][gc,heap        ] GC(193) Old regions: 5->5
[419.427s][info][gc,heap        ] GC(193) Humongous regions: 0->0
[419.427s][info][gc,metaspace   ] GC(193) Metaspace: 23860K(24832K)->23860K(24832K) NonClass: 20932K(21504K)->20932K(21504K) Class: 2927K(3328K)->2927K(3328K)
[419.427s][info][gc             ] GC(193) Pause Young (Normal) (G1 Evacuation Pause) 2460M->32M(4096M) 14.921ms
[419.427s][info][gc,cpu         ] GC(193) User=0.02s Sys=0.00s Real=0.02s
[419.478s][info][gc,task        ] GC(194) Using 6 workers of 6 for full compaction
[419.478s][info][gc,start       ] GC(194) Pause Full (System.gc())
[419.479s][info][gc,phases,start] GC(194) Phase 1: Mark live objects
[419.482s][info][gc,stringtable ] GC(194) Cleaned string and symbol table, strings: 6111 processed, 0 removed, symbols: 55821 processed, 0 removed
[419.482s][info][gc,phases      ] GC(194) Phase 1: Mark live objects 3.230ms
[419.482s][info][gc,phases,start] GC(194) Phase 2: Prepare for compaction
[419.484s][info][gc,phases      ] GC(194) Phase 2: Prepare for compaction 2.300ms
[419.484s][info][gc,phases,start] GC(194) Phase 3: Adjust pointers
[419.487s][info][gc,phases      ] GC(194) Phase 3: Adjust pointers 2.738ms
[419.487s][info][gc,phases,start] GC(194) Phase 4: Compact heap
[419.487s][info][gc,phases      ] GC(194) Phase 4: Compact heap 0.501ms
[419.490s][info][gc,heap        ] GC(194) Eden regions: 79->0(1228)
[419.490s][info][gc,heap        ] GC(194) Survivor regions: 14->0(154)
[419.490s][info][gc,heap        ] GC(194) Old regions: 5->5
[419.490s][info][gc,heap        ] GC(194) Humongous regions: 0->0
[419.490s][info][gc,metaspace   ] GC(194) Metaspace: 23860K(24832K)->23860K(24832K) NonClass: 20932K(21504K)->20932K(21504K) Class: 2927K(3328K)->2927K(3328K)
[419.490s][info][gc             ] GC(194) Pause Full (System.gc()) 190M->4M(4096M) 11.966ms
[419.490s][info][gc,cpu         ] GC(194) User=0.02s Sys=0.00s Real=0.02s
[423.767s][info][gc,start       ] GC(195) Pause Young (Normal) (G1 Evacuation Pause)
[423.767s][info][gc,task        ] GC(195) Using 6 workers of 6 for evacuation
[423.782s][info][gc,phases      ] GC(195)   Pre Evacuate Collection Set: 0.0ms
[423.782s][info][gc,phases      ] GC(195)   Evacuate Collection Set: 12.8ms
[423.782s][info][gc,phases      ] GC(195)   Post Evacuate Collection Set: 1.2ms
[423.782s][info][gc,phases      ] GC(195)   Other: 0.2ms
[423.782s][info][gc,heap        ] GC(195) Eden regions: 1228->0(1214)
[423.782s][info][gc,heap        ] GC(195) Survivor regions: 0->14(154)
[423.782s][info][gc,heap        ] GC(195) Old regions: 5->5
[423.782s][info][gc,heap        ] GC(195) Humongous regions: 0->0
[423.782s][info][gc,metaspace   ] GC(195) Metaspace: 23861K(24832K)->23861K(24832K) NonClass: 20933K(21504K)->20933K(21504K) Class: 2927K(3328K)->2927K(3328K)
[423.782s][info][gc             ] GC(195) Pause Young (Normal) (G1 Evacuation Pause) 2460M->32M(4096M) 14.347ms
[423.782s][info][gc,cpu         ] GC(195) User=0.00s Sys=0.00s Real=0.02s
[423.833s][info][gc,task        ] GC(196) Using 6 workers of 6 for full compaction
[423.834s][info][gc,start       ] GC(196) Pause Full (System.gc())
[423.834s][info][gc,phases,start] GC(196) Phase 1: Mark live objects
[423.837s][info][gc,stringtable ] GC(196) Cleaned string and symbol table, strings: 6111 processed, 0 removed, symbols: 55821 processed, 0 removed
[423.837s][info][gc,phases      ] GC(196) Phase 1: Mark live objects 3.670ms
[423.837s][info][gc,phases,start] GC(196) Phase 2: Prepare for compaction
[423.840s][info][gc,phases      ] GC(196) Phase 2: Prepare for compaction 2.318ms
[423.840s][info][gc,phases,start] GC(196) Phase 3: Adjust pointers
[423.843s][info][gc,phases      ] GC(196) Phase 3: Adjust pointers 2.907ms
[423.843s][info][gc,phases,start] GC(196) Phase 4: Compact heap
[423.844s][info][gc,phases      ] GC(196) Phase 4: Compact heap 1.017ms
[423.847s][info][gc,heap        ] GC(196) Eden regions: 79->0(1228)
[423.847s][info][gc,heap        ] GC(196) Survivor regions: 14->0(154)
[423.847s][info][gc,heap        ] GC(196) Old regions: 5->6
[423.847s][info][gc,heap        ] GC(196) Humongous regions: 0->0
[423.847s][info][gc,metaspace   ] GC(196) Metaspace: 23869K(24832K)->23869K(24832K) NonClass: 20942K(21504K)->20942K(21504K) Class: 2927K(3328K)->2927K(3328K)
[423.847s][info][gc             ] GC(196) Pause Full (System.gc()) 190M->4M(4096M) 13.559ms
[423.847s][info][gc,cpu         ] GC(196) User=0.00s Sys=0.00s Real=0.02s
[428.133s][info][gc,start       ] GC(197) Pause Young (Normal) (G1 Evacuation Pause)
[428.133s][info][gc,task        ] GC(197) Using 6 workers of 6 for evacuation
[428.147s][info][gc,phases      ] GC(197)   Pre Evacuate Collection Set: 0.0ms
[428.147s][info][gc,phases      ] GC(197)   Evacuate Collection Set: 12.3ms
[428.147s][info][gc,phases      ] GC(197)   Post Evacuate Collection Set: 1.1ms
[428.147s][info][gc,phases      ] GC(197)   Other: 0.3ms
[428.147s][info][gc,heap        ] GC(197) Eden regions: 1228->0(1214)
[428.147s][info][gc,heap        ] GC(197) Survivor regions: 0->14(154)
[428.147s][info][gc,heap        ] GC(197) Old regions: 6->6
[428.147s][info][gc,heap        ] GC(197) Humongous regions: 0->0
[428.147s][info][gc,metaspace   ] GC(197) Metaspace: 23874K(24832K)->23874K(24832K) NonClass: 20947K(21504K)->20947K(21504K) Class: 2927K(3328K)->2927K(3328K)
[428.147s][info][gc             ] GC(197) Pause Young (Normal) (G1 Evacuation Pause) 2460M->32M(4096M) 13.844ms
[428.147s][info][gc,cpu         ] GC(197) User=0.00s Sys=0.00s Real=0.01s
[428.198s][info][gc,task        ] GC(198) Using 6 workers of 6 for full compaction
[428.198s][info][gc,start       ] GC(198) Pause Full (System.gc())
[428.199s][info][gc,phases,start] GC(198) Phase 1: Mark live objects
[428.201s][info][gc,stringtable ] GC(198) Cleaned string and symbol table, strings: 6111 processed, 0 removed, symbols: 55821 processed, 0 removed
[428.201s][info][gc,phases      ] GC(198) Phase 1: Mark live objects 2.807ms
[428.201s][info][gc,phases,start] GC(198) Phase 2: Prepare for compaction
[428.204s][info][gc,phases      ] GC(198) Phase 2: Prepare for compaction 2.363ms
[428.204s][info][gc,phases,start] GC(198) Phase 3: Adjust pointers
[428.207s][info][gc,phases      ] GC(198) Phase 3: Adjust pointers 2.637ms
[428.207s][info][gc,phases,start] GC(198) Phase 4: Compact heap
[428.207s][info][gc,phases      ] GC(198) Phase 4: Compact heap 0.697ms
[428.210s][info][gc,heap        ] GC(198) Eden regions: 79->0(1228)
[428.210s][info][gc,heap        ] GC(198) Survivor regions: 14->0(154)
[428.210s][info][gc,heap        ] GC(198) Old regions: 6->5
[428.210s][info][gc,heap        ] GC(198) Humongous regions: 0->0
[428.210s][info][gc,metaspace   ] GC(198) Metaspace: 23874K(24832K)->23874K(24832K) NonClass: 20947K(21504K)->20947K(21504K) Class: 2927K(3328K)->2927K(3328K)
[428.210s][info][gc             ] GC(198) Pause Full (System.gc()) 190M->4M(4096M) 11.529ms
[428.210s][info][gc,cpu         ] GC(198) User=0.00s Sys=0.00s Real=0.00s
[432.497s][info][gc,start       ] GC(199) Pause Young (Normal) (G1 Evacuation Pause)
[432.497s][info][gc,task        ] GC(199) Using 6 workers of 6 for evacuation
[432.511s][info][gc,phases      ] GC(199)   Pre Evacuate Collection Set: 0.0ms
[432.511s][info][gc,phases      ] GC(199)   Evacuate Collection Set: 12.4ms
[432.511s][info][gc,phases      ] GC(199)   Post Evacuate Collection Set: 1.2ms
[432.511s][info][gc,phases      ] GC(199)   Other: 0.3ms
[432.511s][info][gc,heap        ] GC(199) Eden regions: 1228->0(1214)
[432.511s][info][gc,heap        ] GC(199) Survivor regions: 0->14(154)
[432.511s][info][gc,heap        ] GC(199) Old regions: 5->5
[432.511s][info][gc,heap        ] GC(199) Humongous regions: 0->0
[432.511s][info][gc,metaspace   ] GC(199) Metaspace: 23874K(24832K)->23874K(24832K) NonClass: 20947K(21504K)->20947K(21504K) Class: 2927K(3328K)->2927K(3328K)
[432.511s][info][gc             ] GC(199) Pause Young (Normal) (G1 Evacuation Pause) 2460M->32M(4096M) 13.984ms
[432.511s][info][gc,cpu         ] GC(199) User=0.00s Sys=0.00s Real=0.00s
[432.561s][info][gc,task        ] GC(200) Using 6 workers of 6 for full compaction
[432.561s][info][gc,start       ] GC(200) Pause Full (System.gc())
[432.562s][info][gc,phases,start] GC(200) Phase 1: Mark live objects
[432.565s][info][gc,stringtable ] GC(200) Cleaned string and symbol table, strings: 6111 processed, 0 removed, symbols: 55821 processed, 0 removed
[432.565s][info][gc,phases      ] GC(200) Phase 1: Mark live objects 3.142ms
[432.565s][info][gc,phases,start] GC(200) Phase 2: Prepare for compaction
[432.567s][info][gc,phases      ] GC(200) Phase 2: Prepare for compaction 2.456ms
[432.567s][info][gc,phases,start] GC(200) Phase 3: Adjust pointers
[432.570s][info][gc,phases      ] GC(200) Phase 3: Adjust pointers 2.878ms
[432.570s][info][gc,phases,start] GC(200) Phase 4: Compact heap
[432.571s][info][gc,phases      ] GC(200) Phase 4: Compact heap 0.561ms
[432.573s][info][gc,heap        ] GC(200) Eden regions: 79->0(1228)
[432.573s][info][gc,heap        ] GC(200) Survivor regions: 14->0(154)
[432.573s][info][gc,heap        ] GC(200) Old regions: 5->5
[432.573s][info][gc,heap        ] GC(200) Humongous regions: 0->0
[432.573s][info][gc,metaspace   ] GC(200) Metaspace: 23874K(24832K)->23874K(24832K) NonClass: 20947K(21504K)->20947K(21504K) Class: 2927K(3328K)->2927K(3328K)
[432.573s][info][gc             ] GC(200) Pause Full (System.gc()) 190M->4M(4096M) 11.808ms
[432.573s][info][gc,cpu         ] GC(200) User=0.00s Sys=0.00s Real=0.00s
[436.852s][info][gc,start       ] GC(201) Pause Young (Normal) (G1 Evacuation Pause)
[436.852s][info][gc,task        ] GC(201) Using 6 workers of 6 for evacuation
[436.866s][info][gc,phases      ] GC(201)   Pre Evacuate Collection Set: 0.0ms
[436.866s][info][gc,phases      ] GC(201)   Evacuate Collection Set: 12.7ms
[436.866s][info][gc,phases      ] GC(201)   Post Evacuate Collection Set: 1.1ms
[436.866s][info][gc,phases      ] GC(201)   Other: 0.2ms
[436.866s][info][gc,heap        ] GC(201) Eden regions: 1228->0(1214)
[436.866s][info][gc,heap        ] GC(201) Survivor regions: 0->14(154)
[436.866s][info][gc,heap        ] GC(201) Old regions: 5->5
[436.866s][info][gc,heap        ] GC(201) Humongous regions: 0->0
[436.866s][info][gc,metaspace   ] GC(201) Metaspace: 23874K(24832K)->23874K(24832K) NonClass: 20947K(21504K)->20947K(21504K) Class: 2927K(3328K)->2927K(3328K)
[436.866s][info][gc             ] GC(201) Pause Young (Normal) (G1 Evacuation Pause) 2460M->32M(4096M) 14.186ms
[436.866s][info][gc,cpu         ] GC(201) User=0.02s Sys=0.00s Real=0.02s
[436.917s][info][gc,task        ] GC(202) Using 6 workers of 6 for full compaction
[436.917s][info][gc,start       ] GC(202) Pause Full (System.gc())
[436.918s][info][gc,phases,start] GC(202) Phase 1: Mark live objects
[436.920s][info][gc,stringtable ] GC(202) Cleaned string and symbol table, strings: 6111 processed, 0 removed, symbols: 55821 processed, 0 removed
[436.921s][info][gc,phases      ] GC(202) Phase 1: Mark live objects 2.935ms
[436.921s][info][gc,phases,start] GC(202) Phase 2: Prepare for compaction
[436.923s][info][gc,phases      ] GC(202) Phase 2: Prepare for compaction 2.321ms
[436.923s][info][gc,phases,start] GC(202) Phase 3: Adjust pointers
[436.926s][info][gc,phases      ] GC(202) Phase 3: Adjust pointers 2.728ms
[436.926s][info][gc,phases,start] GC(202) Phase 4: Compact heap
[436.926s][info][gc,phases      ] GC(202) Phase 4: Compact heap 0.548ms
[436.929s][info][gc,heap        ] GC(202) Eden regions: 79->0(1228)
[436.929s][info][gc,heap        ] GC(202) Survivor regions: 14->0(154)
[436.929s][info][gc,heap        ] GC(202) Old regions: 5->5
[436.929s][info][gc,heap        ] GC(202) Humongous regions: 0->0
[436.929s][info][gc,metaspace   ] GC(202) Metaspace: 23874K(24832K)->23874K(24832K) NonClass: 20947K(21504K)->20947K(21504K) Class: 2927K(3328K)->2927K(3328K)
[436.929s][info][gc             ] GC(202) Pause Full (System.gc()) 190M->4M(4096M) 11.417ms
[436.929s][info][gc,cpu         ] GC(202) User=0.00s Sys=0.00s Real=0.02s
[441.209s][info][gc,start       ] GC(203) Pause Young (Normal) (G1 Evacuation Pause)
[441.209s][info][gc,task        ] GC(203) Using 6 workers of 6 for evacuation
[441.224s][info][gc,phases      ] GC(203)   Pre Evacuate Collection Set: 0.0ms
[441.225s][info][gc,phases      ] GC(203)   Evacuate Collection Set: 12.7ms
[441.225s][info][gc,phases      ] GC(203)   Post Evacuate Collection Set: 1.3ms
[441.225s][info][gc,phases      ] GC(203)   Other: 0.3ms
[441.225s][info][gc,heap        ] GC(203) Eden regions: 1228->0(1214)
[441.225s][info][gc,heap        ] GC(203) Survivor regions: 0->14(154)
[441.225s][info][gc,heap        ] GC(203) Old regions: 5->5
[441.225s][info][gc,heap        ] GC(203) Humongous regions: 0->0
[441.225s][info][gc,metaspace   ] GC(203) Metaspace: 23874K(24832K)->23874K(24832K) NonClass: 20947K(21504K)->20947K(21504K) Class: 2927K(3328K)->2927K(3328K)
[441.225s][info][gc             ] GC(203) Pause Young (Normal) (G1 Evacuation Pause) 2460M->31M(4096M) 15.713ms
[441.225s][info][gc,cpu         ] GC(203) User=0.02s Sys=0.00s Real=0.01s
[441.281s][info][gc,heap,exit   ] Heap
[441.281s][info][gc,heap,exit   ]  garbage-first heap   total 4194304K, used 196319K [0x0000000700000000, 0x0000000800000000)
[441.281s][info][gc,heap,exit   ]   region size 2048K, 95 young (194560K), 14 survivors (28672K)
[441.281s][info][gc,heap,exit   ]  Metaspace       used 23948K, capacity 24682K, committed 24832K, reserved 1071104K
[441.281s][info][gc,heap,exit   ]   class space    used 2938K, capacity 3245K, committed 3328K, reserved 1048576K
