[0.008s][info][gc] Using Serial
[0.012s][info][gc,init] Version: 17.0.12+7-adhoc..jdk17u (release)
[0.012s][info][gc,init] CPUs: 6 total, 6 available
[0.012s][info][gc,init] Memory: 15591M
[0.012s][info][gc,init] Large Page Support: Disabled
[0.012s][info][gc,init] NUMA Support: Disabled
[0.012s][info][gc,init] Compressed Oops: Enabled (32-bit)
[0.012s][info][gc,init] Heap Min Capacity: 2G
[0.012s][info][gc,init] Heap Initial Capacity: 2G
[0.012s][info][gc,init] Heap Max Capacity: 2G
[0.012s][info][gc,init] Pre-touch: Disabled
[0.019s][info][gc,metaspace] CDS archive(s) mapped at: [0x000001c953000000-0x000001c953bc0000-0x000001c953bc0000), size 12320768, SharedBaseAddress: 0x000001c953000000, ArchiveRelocationMode: 1.
[0.022s][info][gc,metaspace] Compressed class space mapped at: 0x000001c954000000-0x000001c994000000, reserved size: 1073741824
[0.022s][info][gc,metaspace] Narrow klass base: 0x000001c953000000, Narrow klass shift: 0, Narrow klass range: 0x100000000
[1.352s][info][gc,start    ] GC(0) Pause Full (System.gc())
[1.352s][info][gc,phases,start] GC(0) Phase 1: Mark live objects
[1.402s][info][gc,phases      ] GC(0) Phase 1: Mark live objects 50.112ms
[1.402s][info][gc,phases,start] GC(0) Phase 2: Compute new object addresses
[1.461s][info][gc,phases      ] GC(0) Phase 2: Compute new object addresses 58.769ms
[1.461s][info][gc,phases,start] GC(0) Phase 3: Adjust pointers
[1.514s][info][gc,phases      ] GC(0) Phase 3: Adjust pointers 52.407ms
[1.514s][info][gc,phases,start] GC(0) Phase 4: Move objects
[1.558s][info][gc,phases      ] GC(0) Phase 4: Move objects 44.640ms
[1.559s][info][gc,heap        ] GC(0) DefNew: 469779K(629120K)->0K(629120K) Eden: 469779K(559232K)->0K(559232K) From: 0K(69888K)->0K(69888K)
[1.559s][info][gc,heap        ] GC(0) Tenured: 0K(1398144K)->34165K(1398144K)
[1.559s][info][gc,metaspace   ] GC(0) Metaspace: 8692K(8960K)->8692K(8960K) NonClass: 7557K(7680K)->7557K(7680K) Class: 1135K(1280K)->1135K(1280K)
[1.559s][info][gc             ] GC(0) Pause Full (System.gc()) 458M->33M(1979M) 206.959ms
[1.559s][info][gc,cpu         ] GC(0) User=0.20s Sys=0.05s Real=0.21s
[2.131s][info][gc,start       ] GC(1) Pause Full (System.gc())
[2.131s][info][gc,phases,start] GC(1) Phase 1: Mark live objects
[2.177s][info][gc,phases      ] GC(1) Phase 1: Mark live objects 46.013ms
[2.177s][info][gc,phases,start] GC(1) Phase 2: Compute new object addresses
[2.208s][info][gc,phases      ] GC(1) Phase 2: Compute new object addresses 30.885ms
[2.208s][info][gc,phases,start] GC(1) Phase 3: Adjust pointers
[2.230s][info][gc,phases      ] GC(1) Phase 3: Adjust pointers 21.588ms
[2.230s][info][gc,phases,start] GC(1) Phase 4: Move objects
[2.230s][info][gc,phases      ] GC(1) Phase 4: Move objects 0.266ms
[2.230s][info][gc,heap        ] GC(1) DefNew: 189340K(629120K)->0K(629120K) Eden: 189340K(559232K)->0K(559232K) From: 0K(69888K)->0K(69888K)
[2.230s][info][gc,heap        ] GC(1) Tenured: 34165K(1398144K)->34965K(1398144K)
[2.230s][info][gc,metaspace   ] GC(1) Metaspace: 11387K(11584K)->11371K(11584K) NonClass: 9809K(9920K)->9797K(9920K) Class: 1578K(1664K)->1573K(1664K)
[2.230s][info][gc             ] GC(1) Pause Full (System.gc()) 218M->34M(1979M) 99.306ms
[2.230s][info][gc,cpu         ] GC(1) User=0.11s Sys=0.00s Real=0.10s
[2.388s][info][gc,start       ] GC(2) Pause Full (System.gc())
[2.388s][info][gc,phases,start] GC(2) Phase 1: Mark live objects
[2.430s][info][gc,phases      ] GC(2) Phase 1: Mark live objects 41.964ms
[2.430s][info][gc,phases,start] GC(2) Phase 2: Compute new object addresses
[2.460s][info][gc,phases      ] GC(2) Phase 2: Compute new object addresses 30.114ms
[2.461s][info][gc,phases,start] GC(2) Phase 3: Adjust pointers
[2.482s][info][gc,phases      ] GC(2) Phase 3: Adjust pointers 21.161ms
[2.482s][info][gc,phases,start] GC(2) Phase 4: Move objects
[2.482s][info][gc,phases      ] GC(2) Phase 4: Move objects 0.010ms
[2.482s][info][gc,heap        ] GC(2) DefNew: 167370K(629120K)->0K(629120K) Eden: 167370K(559232K)->0K(559232K) From: 0K(69888K)->0K(69888K)
[2.482s][info][gc,heap        ] GC(2) Tenured: 34965K(1398144K)->34966K(1398144K)
[2.482s][info][gc,metaspace   ] GC(2) Metaspace: 11398K(11648K)->11398K(11648K) NonClass: 9824K(9984K)->9824K(9984K) Class: 1573K(1664K)->1573K(1664K)
[2.482s][info][gc             ] GC(2) Pause Full (System.gc()) 197M->34M(1979M) 93.627ms
[2.482s][info][gc,cpu         ] GC(2) User=0.12s Sys=0.00s Real=0.09s
[2.608s][info][gc,start       ] GC(3) Pause Full (System.gc())
[2.608s][info][gc,phases,start] GC(3) Phase 1: Mark live objects
[2.648s][info][gc,phases      ] GC(3) Phase 1: Mark live objects 40.556ms
[2.648s][info][gc,phases,start] GC(3) Phase 2: Compute new object addresses
[2.678s][info][gc,phases      ] GC(3) Phase 2: Compute new object addresses 29.331ms
[2.678s][info][gc,phases,start] GC(3) Phase 3: Adjust pointers
[2.699s][info][gc,phases      ] GC(3) Phase 3: Adjust pointers 21.676ms
[2.699s][info][gc,phases,start] GC(3) Phase 4: Move objects
[2.706s][info][gc,phases      ] GC(3) Phase 4: Move objects 7.093ms
[2.707s][info][gc,heap        ] GC(3) DefNew: 167370K(629120K)->0K(629120K) Eden: 167370K(559232K)->0K(559232K) From: 0K(69888K)->0K(69888K)
[2.707s][info][gc,heap        ] GC(3) Tenured: 34966K(1398144K)->34917K(1398144K)
[2.707s][info][gc,metaspace   ] GC(3) Metaspace: 11414K(11648K)->11414K(11648K) NonClass: 9841K(9984K)->9841K(9984K) Class: 1573K(1664K)->1573K(1664K)
[2.707s][info][gc             ] GC(3) Pause Full (System.gc()) 197M->34M(1979M) 99.056ms
[2.707s][info][gc,cpu         ] GC(3) User=0.09s Sys=0.00s Real=0.10s
[2.807s][info][gc,start       ] GC(4) Pause Full (System.gc())
[2.807s][info][gc,phases,start] GC(4) Phase 1: Mark live objects
[2.847s][info][gc,phases      ] GC(4) Phase 1: Mark live objects 40.090ms
[2.847s][info][gc,phases,start] GC(4) Phase 2: Compute new object addresses
[2.876s][info][gc,phases      ] GC(4) Phase 2: Compute new object addresses 29.179ms
[2.876s][info][gc,phases,start] GC(4) Phase 3: Adjust pointers
[2.897s][info][gc,phases      ] GC(4) Phase 3: Adjust pointers 21.218ms
[2.897s][info][gc,phases,start] GC(4) Phase 4: Move objects
[2.897s][info][gc,phases      ] GC(4) Phase 4: Move objects 0.010ms
[2.898s][info][gc,heap        ] GC(4) DefNew: 161778K(629120K)->0K(629120K) Eden: 161778K(559232K)->0K(559232K) From: 0K(69888K)->0K(69888K)
[2.898s][info][gc,heap        ] GC(4) Tenured: 34917K(1398144K)->34917K(1398144K)
[2.898s][info][gc,metaspace   ] GC(4) Metaspace: 11429K(11648K)->11429K(11648K) NonClass: 9855K(9984K)->9855K(9984K) Class: 1573K(1664K)->1573K(1664K)
[2.898s][info][gc             ] GC(4) Pause Full (System.gc()) 192M->34M(1979M) 90.783ms
[2.898s][info][gc,cpu         ] GC(4) User=0.08s Sys=0.00s Real=0.08s
[3.007s][info][gc,start       ] GC(5) Pause Full (System.gc())
[3.007s][info][gc,phases,start] GC(5) Phase 1: Mark live objects
[3.048s][info][gc,phases      ] GC(5) Phase 1: Mark live objects 40.777ms
[3.048s][info][gc,phases,start] GC(5) Phase 2: Compute new object addresses
[3.077s][info][gc,phases      ] GC(5) Phase 2: Compute new object addresses 29.549ms
[3.077s][info][gc,phases,start] GC(5) Phase 3: Adjust pointers
[3.099s][info][gc,phases      ] GC(5) Phase 3: Adjust pointers 21.250ms
[3.099s][info][gc,phases,start] GC(5) Phase 4: Move objects
[3.099s][info][gc,phases      ] GC(5) Phase 4: Move objects 0.010ms
[3.099s][info][gc,heap        ] GC(5) DefNew: 161778K(629120K)->0K(629120K) Eden: 161778K(559232K)->0K(559232K) From: 0K(69888K)->0K(69888K)
[3.099s][info][gc,heap        ] GC(5) Tenured: 34917K(1398144K)->34918K(1398144K)
[3.099s][info][gc,metaspace   ] GC(5) Metaspace: 11451K(11648K)->11451K(11648K) NonClass: 9877K(9984K)->9877K(9984K) Class: 1573K(1664K)->1573K(1664K)
[3.099s][info][gc             ] GC(5) Pause Full (System.gc()) 192M->34M(1979M) 91.890ms
[3.099s][info][gc,cpu         ] GC(5) User=0.12s Sys=0.00s Real=0.09s
[3.187s][info][gc,start       ] GC(6) Pause Full (System.gc())
[3.187s][info][gc,phases,start] GC(6) Phase 1: Mark live objects
[3.228s][info][gc,phases      ] GC(6) Phase 1: Mark live objects 40.187ms
[3.228s][info][gc,phases,start] GC(6) Phase 2: Compute new object addresses
[3.257s][info][gc,phases      ] GC(6) Phase 2: Compute new object addresses 29.402ms
[3.257s][info][gc,phases,start] GC(6) Phase 3: Adjust pointers
[3.279s][info][gc,phases      ] GC(6) Phase 3: Adjust pointers 21.509ms
[3.279s][info][gc,phases,start] GC(6) Phase 4: Move objects
[3.279s][info][gc,phases      ] GC(6) Phase 4: Move objects 0.010ms
[3.279s][info][gc,heap        ] GC(6) DefNew: 161778K(629120K)->0K(629120K) Eden: 161778K(559232K)->0K(559232K) From: 0K(69888K)->0K(69888K)
[3.279s][info][gc,heap        ] GC(6) Tenured: 34918K(1398144K)->34919K(1398144K)
[3.279s][info][gc,metaspace   ] GC(6) Metaspace: 11466K(11712K)->11466K(11712K) NonClass: 9892K(10048K)->9892K(10048K) Class: 1573K(1664K)->1573K(1664K)
[3.279s][info][gc             ] GC(6) Pause Full (System.gc()) 192M->34M(1979M) 91.475ms
[3.279s][info][gc,cpu         ] GC(6) User=0.09s Sys=0.00s Real=0.08s
[3.368s][info][gc,start       ] GC(7) Pause Full (System.gc())
[3.369s][info][gc,phases,start] GC(7) Phase 1: Mark live objects
[3.411s][info][gc,phases      ] GC(7) Phase 1: Mark live objects 41.931ms
[3.411s][info][gc,phases,start] GC(7) Phase 2: Compute new object addresses
[3.441s][info][gc,phases      ] GC(7) Phase 2: Compute new object addresses 30.461ms
[3.441s][info][gc,phases,start] GC(7) Phase 3: Adjust pointers
[3.462s][info][gc,phases      ] GC(7) Phase 3: Adjust pointers 21.195ms
[3.462s][info][gc,phases,start] GC(7) Phase 4: Move objects
[3.462s][info][gc,phases      ] GC(7) Phase 4: Move objects 0.011ms
[3.462s][info][gc,heap        ] GC(7) DefNew: 161778K(629120K)->0K(629120K) Eden: 161778K(559232K)->0K(559232K) From: 0K(69888K)->0K(69888K)
[3.462s][info][gc,heap        ] GC(7) Tenured: 34919K(1398144K)->34917K(1398144K)
[3.462s][info][gc,metaspace   ] GC(7) Metaspace: 11513K(11712K)->11513K(11712K) NonClass: 9939K(10048K)->9939K(10048K) Class: 1573K(1664K)->1573K(1664K)
[3.462s][info][gc             ] GC(7) Pause Full (System.gc()) 192M->34M(1979M) 93.923ms
[3.462s][info][gc,cpu         ] GC(7) User=0.11s Sys=0.00s Real=0.09s
[3.545s][info][gc,start       ] GC(8) Pause Full (System.gc())
[3.545s][info][gc,phases,start] GC(8) Phase 1: Mark live objects
[3.586s][info][gc,phases      ] GC(8) Phase 1: Mark live objects 40.860ms
[3.586s][info][gc,phases,start] GC(8) Phase 2: Compute new object addresses
[3.616s][info][gc,phases      ] GC(8) Phase 2: Compute new object addresses 29.838ms
[3.616s][info][gc,phases,start] GC(8) Phase 3: Adjust pointers
[3.637s][info][gc,phases      ] GC(8) Phase 3: Adjust pointers 21.322ms
[3.637s][info][gc,phases,start] GC(8) Phase 4: Move objects
[3.637s][info][gc,phases      ] GC(8) Phase 4: Move objects 0.010ms
[3.637s][info][gc,heap        ] GC(8) DefNew: 161778K(629120K)->0K(629120K) Eden: 161778K(559232K)->0K(559232K) From: 0K(69888K)->0K(69888K)
[3.637s][info][gc,heap        ] GC(8) Tenured: 34917K(1398144K)->34917K(1398144K)
[3.637s][info][gc,metaspace   ] GC(8) Metaspace: 11515K(11712K)->11515K(11712K) NonClass: 9942K(10048K)->9942K(10048K) Class: 1573K(1664K)->1573K(1664K)
[3.637s][info][gc             ] GC(8) Pause Full (System.gc()) 192M->34M(1979M) 92.375ms
[3.637s][info][gc,cpu         ] GC(8) User=0.09s Sys=0.00s Real=0.10s
[3.721s][info][gc,start       ] GC(9) Pause Full (System.gc())
[3.721s][info][gc,phases,start] GC(9) Phase 1: Mark live objects
[3.763s][info][gc,phases      ] GC(9) Phase 1: Mark live objects 41.773ms
[3.763s][info][gc,phases,start] GC(9) Phase 2: Compute new object addresses
[3.793s][info][gc,phases      ] GC(9) Phase 2: Compute new object addresses 29.838ms
[3.793s][info][gc,phases,start] GC(9) Phase 3: Adjust pointers
[3.815s][info][gc,phases      ] GC(9) Phase 3: Adjust pointers 21.444ms
[3.815s][info][gc,phases,start] GC(9) Phase 4: Move objects
[3.815s][info][gc,phases      ] GC(9) Phase 4: Move objects 0.009ms
[3.815s][info][gc,heap        ] GC(9) DefNew: 167370K(629120K)->0K(629120K) Eden: 167370K(559232K)->0K(559232K) From: 0K(69888K)->0K(69888K)
[3.815s][info][gc,heap        ] GC(9) Tenured: 34917K(1398144K)->34918K(1398144K)
[3.815s][info][gc,metaspace   ] GC(9) Metaspace: 11550K(11776K)->11550K(11776K) NonClass: 9976K(10112K)->9976K(10112K) Class: 1573K(1664K)->1573K(1664K)
[3.815s][info][gc             ] GC(9) Pause Full (System.gc()) 197M->34M(1979M) 93.429ms
[3.815s][info][gc,cpu         ] GC(9) User=0.09s Sys=0.00s Real=0.08s
[3.898s][info][gc,start       ] GC(10) Pause Full (System.gc())
[3.898s][info][gc,phases,start] GC(10) Phase 1: Mark live objects
[3.939s][info][gc,phases      ] GC(10) Phase 1: Mark live objects 40.444ms
[3.939s][info][gc,phases,start] GC(10) Phase 2: Compute new object addresses
[3.968s][info][gc,phases      ] GC(10) Phase 2: Compute new object addresses 29.639ms
[3.969s][info][gc,phases,start] GC(10) Phase 3: Adjust pointers
[3.990s][info][gc,phases      ] GC(10) Phase 3: Adjust pointers 21.503ms
[3.990s][info][gc,phases,start] GC(10) Phase 4: Move objects
[3.990s][info][gc,phases      ] GC(10) Phase 4: Move objects 0.010ms
[3.990s][info][gc,heap        ] GC(10) DefNew: 161778K(629120K)->0K(629120K) Eden: 161778K(559232K)->0K(559232K) From: 0K(69888K)->0K(69888K)
[3.990s][info][gc,heap        ] GC(10) Tenured: 34918K(1398144K)->34918K(1398144K)
[3.990s][info][gc,metaspace   ] GC(10) Metaspace: 11560K(11776K)->11560K(11776K) NonClass: 9987K(10112K)->9987K(10112K) Class: 1573K(1664K)->1573K(1664K)
[3.990s][info][gc             ] GC(10) Pause Full (System.gc()) 192M->34M(1979M) 91.947ms
[3.990s][info][gc,cpu         ] GC(10) User=0.09s Sys=0.00s Real=0.08s
[4.073s][info][gc,start       ] GC(11) Pause Full (System.gc())
[4.073s][info][gc,phases,start] GC(11) Phase 1: Mark live objects
[4.114s][info][gc,phases      ] GC(11) Phase 1: Mark live objects 40.573ms
[4.114s][info][gc,phases,start] GC(11) Phase 2: Compute new object addresses
[4.143s][info][gc,phases      ] GC(11) Phase 2: Compute new object addresses 29.481ms
[4.143s][info][gc,phases,start] GC(11) Phase 3: Adjust pointers
[4.166s][info][gc,phases      ] GC(11) Phase 3: Adjust pointers 22.195ms
[4.166s][info][gc,phases,start] GC(11) Phase 4: Move objects
[4.166s][info][gc,phases      ] GC(11) Phase 4: Move objects 0.011ms
[4.166s][info][gc,heap        ] GC(11) DefNew: 161778K(629120K)->0K(629120K) Eden: 161778K(559232K)->0K(559232K) From: 0K(69888K)->0K(69888K)
[4.166s][info][gc,heap        ] GC(11) Tenured: 34918K(1398144K)->34917K(1398144K)
[4.166s][info][gc,metaspace   ] GC(11) Metaspace: 11572K(11776K)->11572K(11776K) NonClass: 9998K(10112K)->9998K(10112K) Class: 1573K(1664K)->1573K(1664K)
[4.166s][info][gc             ] GC(11) Pause Full (System.gc()) 192M->34M(1979M) 92.566ms
[4.166s][info][gc,cpu         ] GC(11) User=0.08s Sys=0.00s Real=0.08s
[4.249s][info][gc,start       ] GC(12) Pause Full (System.gc())
[4.249s][info][gc,phases,start] GC(12) Phase 1: Mark live objects
[4.290s][info][gc,phases      ] GC(12) Phase 1: Mark live objects 40.477ms
[4.290s][info][gc,phases,start] GC(12) Phase 2: Compute new object addresses
[4.319s][info][gc,phases      ] GC(12) Phase 2: Compute new object addresses 29.647ms
[4.319s][info][gc,phases,start] GC(12) Phase 3: Adjust pointers
[4.341s][info][gc,phases      ] GC(12) Phase 3: Adjust pointers 21.587ms
[4.341s][info][gc,phases,start] GC(12) Phase 4: Move objects
[4.341s][info][gc,phases      ] GC(12) Phase 4: Move objects 0.009ms
[4.341s][info][gc,heap        ] GC(12) DefNew: 161778K(629120K)->0K(629120K) Eden: 161778K(559232K)->0K(559232K) From: 0K(69888K)->0K(69888K)
[4.341s][info][gc,heap        ] GC(12) Tenured: 34917K(1398144K)->34918K(1398144K)
[4.341s][info][gc,metaspace   ] GC(12) Metaspace: 11573K(11776K)->11573K(11776K) NonClass: 9999K(10112K)->9999K(10112K) Class: 1573K(1664K)->1573K(1664K)
[4.341s][info][gc             ] GC(12) Pause Full (System.gc()) 192M->34M(1979M) 92.078ms
[4.341s][info][gc,cpu         ] GC(12) User=0.09s Sys=0.00s Real=0.09s
[4.423s][info][gc,start       ] GC(13) Pause Full (System.gc())
[4.424s][info][gc,phases,start] GC(13) Phase 1: Mark live objects
[4.464s][info][gc,phases      ] GC(13) Phase 1: Mark live objects 40.738ms
[4.464s][info][gc,phases,start] GC(13) Phase 2: Compute new object addresses
[4.495s][info][gc,phases      ] GC(13) Phase 2: Compute new object addresses 30.768ms
[4.495s][info][gc,phases,start] GC(13) Phase 3: Adjust pointers
[4.517s][info][gc,phases      ] GC(13) Phase 3: Adjust pointers 21.797ms
[4.517s][info][gc,phases,start] GC(13) Phase 4: Move objects
[4.517s][info][gc,phases      ] GC(13) Phase 4: Move objects 0.010ms
[4.517s][info][gc,heap        ] GC(13) DefNew: 161778K(629120K)->0K(629120K) Eden: 161778K(559232K)->0K(559232K) From: 0K(69888K)->0K(69888K)
[4.517s][info][gc,heap        ] GC(13) Tenured: 34918K(1398144K)->34918K(1398144K)
[4.517s][info][gc,metaspace   ] GC(13) Metaspace: 11576K(11776K)->11576K(11776K) NonClass: 10002K(10112K)->10002K(10112K) Class: 1573K(1664K)->1573K(1664K)
[4.517s][info][gc             ] GC(13) Pause Full (System.gc()) 192M->34M(1979M) 93.702ms
[4.517s][info][gc,cpu         ] GC(13) User=0.09s Sys=0.00s Real=0.08s
[4.601s][info][gc,start       ] GC(14) Pause Full (System.gc())
[4.601s][info][gc,phases,start] GC(14) Phase 1: Mark live objects
[4.642s][info][gc,phases      ] GC(14) Phase 1: Mark live objects 40.834ms
[4.642s][info][gc,phases,start] GC(14) Phase 2: Compute new object addresses
[4.671s][info][gc,phases      ] GC(14) Phase 2: Compute new object addresses 29.341ms
[4.671s][info][gc,phases,start] GC(14) Phase 3: Adjust pointers
[4.693s][info][gc,phases      ] GC(14) Phase 3: Adjust pointers 21.713ms
[4.693s][info][gc,phases,start] GC(14) Phase 4: Move objects
[4.693s][info][gc,phases      ] GC(14) Phase 4: Move objects 0.010ms
[4.693s][info][gc,heap        ] GC(14) DefNew: 161778K(629120K)->0K(629120K) Eden: 161778K(559232K)->0K(559232K) From: 0K(69888K)->0K(69888K)
[4.693s][info][gc,heap        ] GC(14) Tenured: 34918K(1398144K)->34918K(1398144K)
[4.693s][info][gc,metaspace   ] GC(14) Metaspace: 11584K(11776K)->11584K(11776K) NonClass: 10011K(10112K)->10011K(10112K) Class: 1573K(1664K)->1573K(1664K)
[4.693s][info][gc             ] GC(14) Pause Full (System.gc()) 192M->34M(1979M) 92.234ms
[4.693s][info][gc,cpu         ] GC(14) User=0.09s Sys=0.00s Real=0.09s
[4.775s][info][gc,start       ] GC(15) Pause Full (System.gc())
[4.775s][info][gc,phases,start] GC(15) Phase 1: Mark live objects
[4.816s][info][gc,phases      ] GC(15) Phase 1: Mark live objects 40.771ms
[4.816s][info][gc,phases,start] GC(15) Phase 2: Compute new object addresses
[4.845s][info][gc,phases      ] GC(15) Phase 2: Compute new object addresses 29.530ms
[4.845s][info][gc,phases,start] GC(15) Phase 3: Adjust pointers
[4.867s][info][gc,phases      ] GC(15) Phase 3: Adjust pointers 21.565ms
[4.867s][info][gc,phases,start] GC(15) Phase 4: Move objects
[4.867s][info][gc,phases      ] GC(15) Phase 4: Move objects 0.010ms
[4.867s][info][gc,heap        ] GC(15) DefNew: 161778K(629120K)->0K(629120K) Eden: 161778K(559232K)->0K(559232K) From: 0K(69888K)->0K(69888K)
[4.867s][info][gc,heap        ] GC(15) Tenured: 34918K(1398144K)->34917K(1398144K)
[4.867s][info][gc,metaspace   ] GC(15) Metaspace: 11590K(11776K)->11590K(11776K) NonClass: 10017K(10112K)->10017K(10112K) Class: 1573K(1664K)->1573K(1664K)
[4.867s][info][gc             ] GC(15) Pause Full (System.gc()) 192M->34M(1979M) 92.172ms
[4.867s][info][gc,cpu         ] GC(15) User=0.08s Sys=0.00s Real=0.10s
[4.950s][info][gc,start       ] GC(16) Pause Full (System.gc())
[4.950s][info][gc,phases,start] GC(16) Phase 1: Mark live objects
[4.992s][info][gc,phases      ] GC(16) Phase 1: Mark live objects 41.461ms
[4.992s][info][gc,phases,start] GC(16) Phase 2: Compute new object addresses
[5.021s][info][gc,phases      ] GC(16) Phase 2: Compute new object addresses 29.420ms
[5.021s][info][gc,phases,start] GC(16) Phase 3: Adjust pointers
[5.043s][info][gc,phases      ] GC(16) Phase 3: Adjust pointers 21.671ms
[5.043s][info][gc,phases,start] GC(16) Phase 4: Move objects
[5.043s][info][gc,phases      ] GC(16) Phase 4: Move objects 0.010ms
[5.043s][info][gc,heap        ] GC(16) DefNew: 161778K(629120K)->0K(629120K) Eden: 161778K(559232K)->0K(559232K) From: 0K(69888K)->0K(69888K)
[5.043s][info][gc,heap        ] GC(16) Tenured: 34917K(1398144K)->34918K(1398144K)
[5.043s][info][gc,metaspace   ] GC(16) Metaspace: 11592K(11776K)->11592K(11776K) NonClass: 10018K(10112K)->10018K(10112K) Class: 1573K(1664K)->1573K(1664K)
[5.043s][info][gc             ] GC(16) Pause Full (System.gc()) 192M->34M(1979M) 92.898ms
[5.043s][info][gc,cpu         ] GC(16) User=0.09s Sys=0.00s Real=0.09s
[5.126s][info][gc,start       ] GC(17) Pause Full (System.gc())
[5.126s][info][gc,phases,start] GC(17) Phase 1: Mark live objects
[5.168s][info][gc,phases      ] GC(17) Phase 1: Mark live objects 41.992ms
[5.168s][info][gc,phases,start] GC(17) Phase 2: Compute new object addresses
[5.198s][info][gc,phases      ] GC(17) Phase 2: Compute new object addresses 29.834ms
[5.198s][info][gc,phases,start] GC(17) Phase 3: Adjust pointers
[5.220s][info][gc,phases      ] GC(17) Phase 3: Adjust pointers 21.831ms
[5.220s][info][gc,phases,start] GC(17) Phase 4: Move objects
[5.220s][info][gc,phases      ] GC(17) Phase 4: Move objects 0.010ms
[5.220s][info][gc,heap        ] GC(17) DefNew: 161783K(629120K)->0K(629120K) Eden: 161783K(559232K)->0K(559232K) From: 0K(69888K)->0K(69888K)
[5.220s][info][gc,heap        ] GC(17) Tenured: 34918K(1398144K)->34918K(1398144K)
[5.220s][info][gc,metaspace   ] GC(17) Metaspace: 11594K(11776K)->11594K(11776K) NonClass: 10020K(10112K)->10020K(10112K) Class: 1573K(1664K)->1573K(1664K)
[5.220s][info][gc             ] GC(17) Pause Full (System.gc()) 192M->34M(1979M) 94.025ms
[5.220s][info][gc,cpu         ] GC(17) User=0.08s Sys=0.02s Real=0.09s
[5.302s][info][gc,start       ] GC(18) Pause Full (System.gc())
[5.302s][info][gc,phases,start] GC(18) Phase 1: Mark live objects
[5.344s][info][gc,phases      ] GC(18) Phase 1: Mark live objects 41.400ms
[5.344s][info][gc,phases,start] GC(18) Phase 2: Compute new object addresses
[5.373s][info][gc,phases      ] GC(18) Phase 2: Compute new object addresses 29.474ms
[5.373s][info][gc,phases,start] GC(18) Phase 3: Adjust pointers
[5.395s][info][gc,phases      ] GC(18) Phase 3: Adjust pointers 22.184ms
[5.395s][info][gc,phases,start] GC(18) Phase 4: Move objects
[5.395s][info][gc,phases      ] GC(18) Phase 4: Move objects 0.010ms
[5.396s][info][gc,heap        ] GC(18) DefNew: 161778K(629120K)->0K(629120K) Eden: 161778K(559232K)->0K(559232K) From: 0K(69888K)->0K(69888K)
[5.396s][info][gc,heap        ] GC(18) Tenured: 34918K(1398144K)->34918K(1398144K)
[5.396s][info][gc,metaspace   ] GC(18) Metaspace: 11596K(11776K)->11596K(11776K) NonClass: 10023K(10112K)->10023K(10112K) Class: 1573K(1664K)->1573K(1664K)
[5.396s][info][gc             ] GC(18) Pause Full (System.gc()) 192M->34M(1979M) 93.422ms
[5.396s][info][gc,cpu         ] GC(18) User=0.09s Sys=0.00s Real=0.10s
[5.478s][info][gc,start       ] GC(19) Pause Full (System.gc())
[5.478s][info][gc,phases,start] GC(19) Phase 1: Mark live objects
[5.519s][info][gc,phases      ] GC(19) Phase 1: Mark live objects 41.250ms
[5.520s][info][gc,phases,start] GC(19) Phase 2: Compute new object addresses
[5.550s][info][gc,phases      ] GC(19) Phase 2: Compute new object addresses 30.348ms
[5.550s][info][gc,phases,start] GC(19) Phase 3: Adjust pointers
[5.572s][info][gc,phases      ] GC(19) Phase 3: Adjust pointers 21.691ms
[5.572s][info][gc,phases,start] GC(19) Phase 4: Move objects
[5.572s][info][gc,phases      ] GC(19) Phase 4: Move objects 0.009ms
[5.572s][info][gc,heap        ] GC(19) DefNew: 161778K(629120K)->0K(629120K) Eden: 161778K(559232K)->0K(559232K) From: 0K(69888K)->0K(69888K)
[5.572s][info][gc,heap        ] GC(19) Tenured: 34918K(1398144K)->34917K(1398144K)
[5.572s][info][gc,metaspace   ] GC(19) Metaspace: 11596K(11776K)->11596K(11776K) NonClass: 10023K(10112K)->10023K(10112K) Class: 1573K(1664K)->1573K(1664K)
[5.572s][info][gc             ] GC(19) Pause Full (System.gc()) 192M->34M(1979M) 93.637ms
[5.572s][info][gc,cpu         ] GC(19) User=0.08s Sys=0.00s Real=0.09s
[5.654s][info][gc,start       ] GC(20) Pause Full (System.gc())
[5.654s][info][gc,phases,start] GC(20) Phase 1: Mark live objects
[5.696s][info][gc,phases      ] GC(20) Phase 1: Mark live objects 41.898ms
[5.696s][info][gc,phases,start] GC(20) Phase 2: Compute new object addresses
[5.726s][info][gc,phases      ] GC(20) Phase 2: Compute new object addresses 29.857ms
[5.726s][info][gc,phases,start] GC(20) Phase 3: Adjust pointers
[5.747s][info][gc,phases      ] GC(20) Phase 3: Adjust pointers 21.856ms
[5.747s][info][gc,phases,start] GC(20) Phase 4: Move objects
[5.747s][info][gc,phases      ] GC(20) Phase 4: Move objects 0.010ms
[5.748s][info][gc,heap        ] GC(20) DefNew: 161778K(629120K)->0K(629120K) Eden: 161778K(559232K)->0K(559232K) From: 0K(69888K)->0K(69888K)
[5.748s][info][gc,heap        ] GC(20) Tenured: 34917K(1398144K)->34917K(1398144K)
[5.748s][info][gc,metaspace   ] GC(20) Metaspace: 11601K(11776K)->11601K(11776K) NonClass: 10027K(10112K)->10027K(10112K) Class: 1573K(1664K)->1573K(1664K)
[5.748s][info][gc             ] GC(20) Pause Full (System.gc()) 192M->34M(1979M) 93.957ms
[5.748s][info][gc,cpu         ] GC(20) User=0.08s Sys=0.02s Real=0.09s
[5.830s][info][gc,start       ] GC(21) Pause Full (System.gc())
[5.830s][info][gc,phases,start] GC(21) Phase 1: Mark live objects
[5.872s][info][gc,phases      ] GC(21) Phase 1: Mark live objects 42.060ms
[5.872s][info][gc,phases,start] GC(21) Phase 2: Compute new object addresses
[5.902s][info][gc,phases      ] GC(21) Phase 2: Compute new object addresses 30.037ms
[5.902s][info][gc,phases,start] GC(21) Phase 3: Adjust pointers
[5.924s][info][gc,phases      ] GC(21) Phase 3: Adjust pointers 21.673ms
[5.924s][info][gc,phases,start] GC(21) Phase 4: Move objects
[5.924s][info][gc,phases      ] GC(21) Phase 4: Move objects 0.009ms
[5.924s][info][gc,heap        ] GC(21) DefNew: 161778K(629120K)->0K(629120K) Eden: 161778K(559232K)->0K(559232K) From: 0K(69888K)->0K(69888K)
[5.924s][info][gc,heap        ] GC(21) Tenured: 34917K(1398144K)->34918K(1398144K)
[5.924s][info][gc,metaspace   ] GC(21) Metaspace: 11602K(11776K)->11602K(11776K) NonClass: 10029K(10112K)->10029K(10112K) Class: 1573K(1664K)->1573K(1664K)
[5.924s][info][gc             ] GC(21) Pause Full (System.gc()) 192M->34M(1979M) 94.139ms
[5.924s][info][gc,cpu         ] GC(21) User=0.09s Sys=0.00s Real=0.10s
[6.005s][info][gc,start       ] GC(22) Pause Full (System.gc())
[6.005s][info][gc,phases,start] GC(22) Phase 1: Mark live objects
[6.047s][info][gc,phases      ] GC(22) Phase 1: Mark live objects 41.321ms
[6.047s][info][gc,phases,start] GC(22) Phase 2: Compute new object addresses
[6.076s][info][gc,phases      ] GC(22) Phase 2: Compute new object addresses 29.448ms
[6.076s][info][gc,phases,start] GC(22) Phase 3: Adjust pointers
[6.098s][info][gc,phases      ] GC(22) Phase 3: Adjust pointers 21.890ms
[6.098s][info][gc,phases,start] GC(22) Phase 4: Move objects
[6.098s][info][gc,phases      ] GC(22) Phase 4: Move objects 0.010ms
[6.098s][info][gc,heap        ] GC(22) DefNew: 161778K(629120K)->0K(629120K) Eden: 161778K(559232K)->0K(559232K) From: 0K(69888K)->0K(69888K)
[6.098s][info][gc,heap        ] GC(22) Tenured: 34918K(1398144K)->34919K(1398144K)
[6.098s][info][gc,metaspace   ] GC(22) Metaspace: 11603K(11776K)->11603K(11776K) NonClass: 10029K(10112K)->10029K(10112K) Class: 1573K(1664K)->1573K(1664K)
[6.098s][info][gc             ] GC(22) Pause Full (System.gc()) 192M->34M(1979M) 93.002ms
[6.098s][info][gc,cpu         ] GC(22) User=0.09s Sys=0.00s Real=0.10s
[6.181s][info][gc,start       ] GC(23) Pause Full (System.gc())
[6.181s][info][gc,phases,start] GC(23) Phase 1: Mark live objects
[6.223s][info][gc,phases      ] GC(23) Phase 1: Mark live objects 42.097ms
[6.223s][info][gc,phases,start] GC(23) Phase 2: Compute new object addresses
[6.253s][info][gc,phases      ] GC(23) Phase 2: Compute new object addresses 29.640ms
[6.253s][info][gc,phases,start] GC(23) Phase 3: Adjust pointers
[6.275s][info][gc,phases      ] GC(23) Phase 3: Adjust pointers 21.794ms
[6.275s][info][gc,phases,start] GC(23) Phase 4: Move objects
[6.275s][info][gc,phases      ] GC(23) Phase 4: Move objects 0.015ms
[6.275s][info][gc,heap        ] GC(23) DefNew: 161778K(629120K)->0K(629120K) Eden: 161778K(559232K)->0K(559232K) From: 0K(69888K)->0K(69888K)
[6.275s][info][gc,heap        ] GC(23) Tenured: 34919K(1398144K)->34917K(1398144K)
[6.275s][info][gc,metaspace   ] GC(23) Metaspace: 11608K(11776K)->11608K(11776K) NonClass: 10035K(10112K)->10035K(10112K) Class: 1573K(1664K)->1573K(1664K)
[6.275s][info][gc             ] GC(23) Pause Full (System.gc()) 192M->34M(1979M) 93.919ms
[6.275s][info][gc,cpu         ] GC(23) User=0.08s Sys=0.00s Real=0.09s
[6.357s][info][gc,start       ] GC(24) Pause Full (System.gc())
[6.357s][info][gc,phases,start] GC(24) Phase 1: Mark live objects
[6.398s][info][gc,phases      ] GC(24) Phase 1: Mark live objects 41.167ms
[6.398s][info][gc,phases,start] GC(24) Phase 2: Compute new object addresses
[6.427s][info][gc,phases      ] GC(24) Phase 2: Compute new object addresses 29.568ms
[6.428s][info][gc,phases,start] GC(24) Phase 3: Adjust pointers
[6.449s][info][gc,phases      ] GC(24) Phase 3: Adjust pointers 21.737ms
[6.449s][info][gc,phases,start] GC(24) Phase 4: Move objects
[6.449s][info][gc,phases      ] GC(24) Phase 4: Move objects 0.010ms
[6.449s][info][gc,heap        ] GC(24) DefNew: 161778K(629120K)->0K(629120K) Eden: 161778K(559232K)->0K(559232K) From: 0K(69888K)->0K(69888K)
[6.449s][info][gc,heap        ] GC(24) Tenured: 34917K(1398144K)->34918K(1398144K)
[6.449s][info][gc,metaspace   ] GC(24) Metaspace: 11610K(11776K)->11610K(11776K) NonClass: 10036K(10112K)->10036K(10112K) Class: 1573K(1664K)->1573K(1664K)
[6.449s][info][gc             ] GC(24) Pause Full (System.gc()) 192M->34M(1979M) 92.793ms
[6.449s][info][gc,cpu         ] GC(24) User=0.09s Sys=0.00s Real=0.10s
[6.531s][info][gc,start       ] GC(25) Pause Full (System.gc())
[6.531s][info][gc,phases,start] GC(25) Phase 1: Mark live objects
[6.573s][info][gc,phases      ] GC(25) Phase 1: Mark live objects 41.660ms
[6.573s][info][gc,phases,start] GC(25) Phase 2: Compute new object addresses
[6.602s][info][gc,phases      ] GC(25) Phase 2: Compute new object addresses 29.588ms
[6.603s][info][gc,phases,start] GC(25) Phase 3: Adjust pointers
[6.624s][info][gc,phases      ] GC(25) Phase 3: Adjust pointers 21.596ms
[6.624s][info][gc,phases,start] GC(25) Phase 4: Move objects
[6.624s][info][gc,phases      ] GC(25) Phase 4: Move objects 0.010ms
[6.624s][info][gc,heap        ] GC(25) DefNew: 161778K(629120K)->0K(629120K) Eden: 161778K(559232K)->0K(559232K) From: 0K(69888K)->0K(69888K)
[6.624s][info][gc,heap        ] GC(25) Tenured: 34918K(1398144K)->34918K(1398144K)
[6.624s][info][gc,metaspace   ] GC(25) Metaspace: 11610K(11776K)->11610K(11776K) NonClass: 10036K(10112K)->10036K(10112K) Class: 1573K(1664K)->1573K(1664K)
[6.624s][info][gc             ] GC(25) Pause Full (System.gc()) 192M->34M(1979M) 93.198ms
[6.624s][info][gc,cpu         ] GC(25) User=0.09s Sys=0.00s Real=0.08s
[6.706s][info][gc,start       ] GC(26) Pause Full (System.gc())
[6.706s][info][gc,phases,start] GC(26) Phase 1: Mark live objects
[6.747s][info][gc,phases      ] GC(26) Phase 1: Mark live objects 41.438ms
[6.747s][info][gc,phases,start] GC(26) Phase 2: Compute new object addresses
[6.777s][info][gc,phases      ] GC(26) Phase 2: Compute new object addresses 29.495ms
[6.777s][info][gc,phases,start] GC(26) Phase 3: Adjust pointers
[6.798s][info][gc,phases      ] GC(26) Phase 3: Adjust pointers 21.465ms
[6.798s][info][gc,phases,start] GC(26) Phase 4: Move objects
[6.798s][info][gc,phases      ] GC(26) Phase 4: Move objects 0.010ms
[6.799s][info][gc,heap        ] GC(26) DefNew: 161778K(629120K)->0K(629120K) Eden: 161778K(559232K)->0K(559232K) From: 0K(69888K)->0K(69888K)
[6.799s][info][gc,heap        ] GC(26) Tenured: 34918K(1398144K)->34919K(1398144K)
[6.799s][info][gc,metaspace   ] GC(26) Metaspace: 11611K(11776K)->11611K(11776K) NonClass: 10037K(10112K)->10037K(10112K) Class: 1573K(1664K)->1573K(1664K)
[6.799s][info][gc             ] GC(26) Pause Full (System.gc()) 192M->34M(1979M) 92.847ms
[6.799s][info][gc,cpu         ] GC(26) User=0.09s Sys=0.00s Real=0.10s
[6.881s][info][gc,start       ] GC(27) Pause Full (System.gc())
[6.881s][info][gc,phases,start] GC(27) Phase 1: Mark live objects
[6.923s][info][gc,phases      ] GC(27) Phase 1: Mark live objects 42.211ms
[6.923s][info][gc,phases,start] GC(27) Phase 2: Compute new object addresses
[6.953s][info][gc,phases      ] GC(27) Phase 2: Compute new object addresses 29.466ms
[6.953s][info][gc,phases,start] GC(27) Phase 3: Adjust pointers
[6.975s][info][gc,phases      ] GC(27) Phase 3: Adjust pointers 21.638ms
[6.975s][info][gc,phases,start] GC(27) Phase 4: Move objects
[6.975s][info][gc,phases      ] GC(27) Phase 4: Move objects 0.009ms
[6.975s][info][gc,heap        ] GC(27) DefNew: 161778K(629120K)->0K(629120K) Eden: 161778K(559232K)->0K(559232K) From: 0K(69888K)->0K(69888K)
[6.975s][info][gc,heap        ] GC(27) Tenured: 34919K(1398144K)->34917K(1398144K)
[6.975s][info][gc,metaspace   ] GC(27) Metaspace: 11611K(11776K)->11611K(11776K) NonClass: 10037K(10112K)->10037K(10112K) Class: 1573K(1664K)->1573K(1664K)
[6.975s][info][gc             ] GC(27) Pause Full (System.gc()) 192M->34M(1979M) 93.670ms
[6.975s][info][gc,cpu         ] GC(27) User=0.09s Sys=0.00s Real=0.11s
[7.058s][info][gc,start       ] GC(28) Pause Full (System.gc())
[7.058s][info][gc,phases,start] GC(28) Phase 1: Mark live objects
[7.100s][info][gc,phases      ] GC(28) Phase 1: Mark live objects 41.840ms
[7.100s][info][gc,phases,start] GC(28) Phase 2: Compute new object addresses
[7.129s][info][gc,phases      ] GC(28) Phase 2: Compute new object addresses 29.769ms
[7.129s][info][gc,phases,start] GC(28) Phase 3: Adjust pointers
[7.151s][info][gc,phases      ] GC(28) Phase 3: Adjust pointers 21.509ms
[7.151s][info][gc,phases,start] GC(28) Phase 4: Move objects
[7.151s][info][gc,phases      ] GC(28) Phase 4: Move objects 0.010ms
[7.151s][info][gc,heap        ] GC(28) DefNew: 161778K(629120K)->0K(629120K) Eden: 161778K(559232K)->0K(559232K) From: 0K(69888K)->0K(69888K)
[7.151s][info][gc,heap        ] GC(28) Tenured: 34917K(1398144K)->34918K(1398144K)
[7.151s][info][gc,metaspace   ] GC(28) Metaspace: 11611K(11776K)->11611K(11776K) NonClass: 10037K(10112K)->10037K(10112K) Class: 1573K(1664K)->1573K(1664K)
[7.151s][info][gc             ] GC(28) Pause Full (System.gc()) 192M->34M(1979M) 93.511ms
[7.151s][info][gc,cpu         ] GC(28) User=0.08s Sys=0.00s Real=0.10s
[7.235s][info][gc,start       ] GC(29) Pause Full (System.gc())
[7.235s][info][gc,phases,start] GC(29) Phase 1: Mark live objects
[7.277s][info][gc,phases      ] GC(29) Phase 1: Mark live objects 41.458ms
[7.277s][info][gc,phases,start] GC(29) Phase 2: Compute new object addresses
[7.306s][info][gc,phases      ] GC(29) Phase 2: Compute new object addresses 29.457ms
[7.306s][info][gc,phases,start] GC(29) Phase 3: Adjust pointers
[7.328s][info][gc,phases      ] GC(29) Phase 3: Adjust pointers 21.457ms
[7.328s][info][gc,phases,start] GC(29) Phase 4: Move objects
[7.328s][info][gc,phases      ] GC(29) Phase 4: Move objects 0.009ms
[7.328s][info][gc,heap        ] GC(29) DefNew: 161778K(629120K)->0K(629120K) Eden: 161778K(559232K)->0K(559232K) From: 0K(69888K)->0K(69888K)
[7.328s][info][gc,heap        ] GC(29) Tenured: 34918K(1398144K)->34919K(1398144K)
[7.328s][info][gc,metaspace   ] GC(29) Metaspace: 11611K(11776K)->11611K(11776K) NonClass: 10037K(10112K)->10037K(10112K) Class: 1573K(1664K)->1573K(1664K)
[7.328s][info][gc             ] GC(29) Pause Full (System.gc()) 192M->34M(1979M) 92.729ms
[7.328s][info][gc,cpu         ] GC(29) User=0.09s Sys=0.00s Real=0.08s
[7.410s][info][gc,start       ] GC(30) Pause Full (System.gc())
[7.410s][info][gc,phases,start] GC(30) Phase 1: Mark live objects
[7.452s][info][gc,phases      ] GC(30) Phase 1: Mark live objects 41.883ms
[7.452s][info][gc,phases,start] GC(30) Phase 2: Compute new object addresses
[7.482s][info][gc,phases      ] GC(30) Phase 2: Compute new object addresses 29.779ms
[7.482s][info][gc,phases,start] GC(30) Phase 3: Adjust pointers
[7.503s][info][gc,phases      ] GC(30) Phase 3: Adjust pointers 21.563ms
[7.503s][info][gc,phases,start] GC(30) Phase 4: Move objects
[7.503s][info][gc,phases      ] GC(30) Phase 4: Move objects 0.010ms
[7.503s][info][gc,heap        ] GC(30) DefNew: 161778K(629120K)->0K(629120K) Eden: 161778K(559232K)->0K(559232K) From: 0K(69888K)->0K(69888K)
[7.503s][info][gc,heap        ] GC(30) Tenured: 34919K(1398144K)->34919K(1398144K)
[7.503s][info][gc,metaspace   ] GC(30) Metaspace: 11621K(11840K)->11621K(11840K) NonClass: 10048K(10176K)->10048K(10176K) Class: 1573K(1664K)->1573K(1664K)
[7.503s][info][gc             ] GC(30) Pause Full (System.gc()) 192M->34M(1979M) 93.636ms
[7.503s][info][gc,cpu         ] GC(30) User=0.08s Sys=0.02s Real=0.08s
[7.586s][info][gc,start       ] GC(31) Pause Full (System.gc())
[7.586s][info][gc,phases,start] GC(31) Phase 1: Mark live objects
[7.629s][info][gc,phases      ] GC(31) Phase 1: Mark live objects 42.448ms
[7.629s][info][gc,phases,start] GC(31) Phase 2: Compute new object addresses
[7.659s][info][gc,phases      ] GC(31) Phase 2: Compute new object addresses 29.999ms
[7.659s][info][gc,phases,start] GC(31) Phase 3: Adjust pointers
[7.680s][info][gc,phases      ] GC(31) Phase 3: Adjust pointers 21.350ms
[7.680s][info][gc,phases,start] GC(31) Phase 4: Move objects
[7.680s][info][gc,phases      ] GC(31) Phase 4: Move objects 0.010ms
[7.680s][info][gc,heap        ] GC(31) DefNew: 161778K(629120K)->0K(629120K) Eden: 161778K(559232K)->0K(559232K) From: 0K(69888K)->0K(69888K)
[7.680s][info][gc,heap        ] GC(31) Tenured: 34919K(1398144K)->34917K(1398144K)
[7.680s][info][gc,metaspace   ] GC(31) Metaspace: 11624K(11840K)->11624K(11840K) NonClass: 10051K(10176K)->10051K(10176K) Class: 1573K(1664K)->1573K(1664K)
[7.680s][info][gc             ] GC(31) Pause Full (System.gc()) 192M->34M(1979M) 94.180ms
[7.680s][info][gc,cpu         ] GC(31) User=0.09s Sys=0.00s Real=0.10s
[7.763s][info][gc,start       ] GC(32) Pause Full (System.gc())
[7.763s][info][gc,phases,start] GC(32) Phase 1: Mark live objects
[7.804s][info][gc,phases      ] GC(32) Phase 1: Mark live objects 41.358ms
[7.804s][info][gc,phases,start] GC(32) Phase 2: Compute new object addresses
[7.834s][info][gc,phases      ] GC(32) Phase 2: Compute new object addresses 29.386ms
[7.834s][info][gc,phases,start] GC(32) Phase 3: Adjust pointers
[7.855s][info][gc,phases      ] GC(32) Phase 3: Adjust pointers 21.682ms
[7.856s][info][gc,phases,start] GC(32) Phase 4: Move objects
[7.856s][info][gc,phases      ] GC(32) Phase 4: Move objects 0.010ms
[7.856s][info][gc,heap        ] GC(32) DefNew: 161778K(629120K)->0K(629120K) Eden: 161778K(559232K)->0K(559232K) From: 0K(69888K)->0K(69888K)
[7.856s][info][gc,heap        ] GC(32) Tenured: 34917K(1398144K)->34918K(1398144K)
[7.856s][info][gc,metaspace   ] GC(32) Metaspace: 11624K(11840K)->11624K(11840K) NonClass: 10051K(10176K)->10051K(10176K) Class: 1573K(1664K)->1573K(1664K)
[7.856s][info][gc             ] GC(32) Pause Full (System.gc()) 192M->34M(1979M) 92.778ms
[7.856s][info][gc,cpu         ] GC(32) User=0.09s Sys=0.00s Real=0.10s
[7.938s][info][gc,start       ] GC(33) Pause Full (System.gc())
[7.938s][info][gc,phases,start] GC(33) Phase 1: Mark live objects
[7.980s][info][gc,phases      ] GC(33) Phase 1: Mark live objects 41.905ms
[7.980s][info][gc,phases,start] GC(33) Phase 2: Compute new object addresses
[8.010s][info][gc,phases      ] GC(33) Phase 2: Compute new object addresses 29.792ms
[8.010s][info][gc,phases,start] GC(33) Phase 3: Adjust pointers
[8.031s][info][gc,phases      ] GC(33) Phase 3: Adjust pointers 21.546ms
[8.031s][info][gc,phases,start] GC(33) Phase 4: Move objects
[8.031s][info][gc,phases      ] GC(33) Phase 4: Move objects 0.009ms
[8.031s][info][gc,heap        ] GC(33) DefNew: 161778K(629120K)->0K(629120K) Eden: 161778K(559232K)->0K(559232K) From: 0K(69888K)->0K(69888K)
[8.031s][info][gc,heap        ] GC(33) Tenured: 34918K(1398144K)->34919K(1398144K)
[8.031s][info][gc,metaspace   ] GC(33) Metaspace: 11624K(11840K)->11624K(11840K) NonClass: 10051K(10176K)->10051K(10176K) Class: 1573K(1664K)->1573K(1664K)
[8.031s][info][gc             ] GC(33) Pause Full (System.gc()) 192M->34M(1979M) 93.582ms
[8.031s][info][gc,cpu         ] GC(33) User=0.08s Sys=0.02s Real=0.10s
[8.113s][info][gc,start       ] GC(34) Pause Full (System.gc())
[8.113s][info][gc,phases,start] GC(34) Phase 1: Mark live objects
[8.156s][info][gc,phases      ] GC(34) Phase 1: Mark live objects 42.834ms
[8.156s][info][gc,phases,start] GC(34) Phase 2: Compute new object addresses
[8.186s][info][gc,phases      ] GC(34) Phase 2: Compute new object addresses 29.829ms
[8.186s][info][gc,phases,start] GC(34) Phase 3: Adjust pointers
[8.208s][info][gc,phases      ] GC(34) Phase 3: Adjust pointers 21.835ms
[8.208s][info][gc,phases,start] GC(34) Phase 4: Move objects
[8.208s][info][gc,phases      ] GC(34) Phase 4: Move objects 0.011ms
[8.208s][info][gc,heap        ] GC(34) DefNew: 161778K(629120K)->0K(629120K) Eden: 161778K(559232K)->0K(559232K) From: 0K(69888K)->0K(69888K)
[8.208s][info][gc,heap        ] GC(34) Tenured: 34919K(1398144K)->34919K(1398144K)
[8.208s][info][gc,metaspace   ] GC(34) Metaspace: 11624K(11840K)->11624K(11840K) NonClass: 10051K(10176K)->10051K(10176K) Class: 1573K(1664K)->1573K(1664K)
[8.208s][info][gc             ] GC(34) Pause Full (System.gc()) 192M->34M(1979M) 94.846ms
[8.208s][info][gc,cpu         ] GC(34) User=0.09s Sys=0.00s Real=0.10s
[8.290s][info][gc,start       ] GC(35) Pause Full (System.gc())
[8.290s][info][gc,phases,start] GC(35) Phase 1: Mark live objects
[8.332s][info][gc,phases      ] GC(35) Phase 1: Mark live objects 42.210ms
[8.332s][info][gc,phases,start] GC(35) Phase 2: Compute new object addresses
[8.362s][info][gc,phases      ] GC(35) Phase 2: Compute new object addresses 29.767ms
[8.362s][info][gc,phases,start] GC(35) Phase 3: Adjust pointers
[8.384s][info][gc,phases      ] GC(35) Phase 3: Adjust pointers 21.656ms
[8.384s][info][gc,phases,start] GC(35) Phase 4: Move objects
[8.384s][info][gc,phases      ] GC(35) Phase 4: Move objects 0.010ms
[8.384s][info][gc,heap        ] GC(35) DefNew: 161778K(629120K)->0K(629120K) Eden: 161778K(559232K)->0K(559232K) From: 0K(69888K)->0K(69888K)
[8.384s][info][gc,heap        ] GC(35) Tenured: 34919K(1398144K)->34917K(1398144K)
[8.384s][info][gc,metaspace   ] GC(35) Metaspace: 11624K(11840K)->11624K(11840K) NonClass: 10051K(10176K)->10051K(10176K) Class: 1573K(1664K)->1573K(1664K)
[8.384s][info][gc             ] GC(35) Pause Full (System.gc()) 192M->34M(1979M) 94.021ms
[8.384s][info][gc,cpu         ] GC(35) User=0.08s Sys=0.02s Real=0.10s
[8.467s][info][gc,start       ] GC(36) Pause Full (System.gc())
[8.467s][info][gc,phases,start] GC(36) Phase 1: Mark live objects
[8.509s][info][gc,phases      ] GC(36) Phase 1: Mark live objects 42.081ms
[8.509s][info][gc,phases,start] GC(36) Phase 2: Compute new object addresses
[8.539s][info][gc,phases      ] GC(36) Phase 2: Compute new object addresses 29.734ms
[8.539s][info][gc,phases,start] GC(36) Phase 3: Adjust pointers
[8.561s][info][gc,phases      ] GC(36) Phase 3: Adjust pointers 21.659ms
[8.561s][info][gc,phases,start] GC(36) Phase 4: Move objects
[8.561s][info][gc,phases      ] GC(36) Phase 4: Move objects 0.010ms
[8.561s][info][gc,heap        ] GC(36) DefNew: 161778K(629120K)->0K(629120K) Eden: 161778K(559232K)->0K(559232K) From: 0K(69888K)->0K(69888K)
[8.561s][info][gc,heap        ] GC(36) Tenured: 34917K(1398144K)->34918K(1398144K)
[8.561s][info][gc,metaspace   ] GC(36) Metaspace: 11625K(11840K)->11625K(11840K) NonClass: 10052K(10176K)->10052K(10176K) Class: 1573K(1664K)->1573K(1664K)
[8.561s][info][gc             ] GC(36) Pause Full (System.gc()) 192M->34M(1979M) 93.835ms
[8.561s][info][gc,cpu         ] GC(36) User=0.09s Sys=0.00s Real=0.09s
[8.643s][info][gc,start       ] GC(37) Pause Full (System.gc())
[8.643s][info][gc,phases,start] GC(37) Phase 1: Mark live objects
[8.685s][info][gc,phases      ] GC(37) Phase 1: Mark live objects 41.575ms
[8.685s][info][gc,phases,start] GC(37) Phase 2: Compute new object addresses
[8.715s][info][gc,phases      ] GC(37) Phase 2: Compute new object addresses 29.833ms
[8.715s][info][gc,phases,start] GC(37) Phase 3: Adjust pointers
[8.737s][info][gc,phases      ] GC(37) Phase 3: Adjust pointers 21.757ms
[8.737s][info][gc,phases,start] GC(37) Phase 4: Move objects
[8.737s][info][gc,phases      ] GC(37) Phase 4: Move objects 0.010ms
[8.737s][info][gc,heap        ] GC(37) DefNew: 161778K(629120K)->0K(629120K) Eden: 161778K(559232K)->0K(559232K) From: 0K(69888K)->0K(69888K)
[8.737s][info][gc,heap        ] GC(37) Tenured: 34918K(1398144K)->34918K(1398144K)
[8.737s][info][gc,metaspace   ] GC(37) Metaspace: 11626K(11840K)->11626K(11840K) NonClass: 10052K(10176K)->10052K(10176K) Class: 1573K(1664K)->1573K(1664K)
[8.737s][info][gc             ] GC(37) Pause Full (System.gc()) 192M->34M(1979M) 93.541ms
[8.737s][info][gc,cpu         ] GC(37) User=0.09s Sys=0.00s Real=0.08s
[8.819s][info][gc,start       ] GC(38) Pause Full (System.gc())
[8.819s][info][gc,phases,start] GC(38) Phase 1: Mark live objects
[8.860s][info][gc,phases      ] GC(38) Phase 1: Mark live objects 40.965ms
[8.860s][info][gc,phases,start] GC(38) Phase 2: Compute new object addresses
[8.889s][info][gc,phases      ] GC(38) Phase 2: Compute new object addresses 29.355ms
[8.889s][info][gc,phases,start] GC(38) Phase 3: Adjust pointers
[8.911s][info][gc,phases      ] GC(38) Phase 3: Adjust pointers 21.658ms
[8.911s][info][gc,phases,start] GC(38) Phase 4: Move objects
[8.911s][info][gc,phases      ] GC(38) Phase 4: Move objects 0.010ms
[8.911s][info][gc,heap        ] GC(38) DefNew: 161778K(629120K)->0K(629120K) Eden: 161778K(559232K)->0K(559232K) From: 0K(69888K)->0K(69888K)
[8.911s][info][gc,heap        ] GC(38) Tenured: 34918K(1398144K)->34919K(1398144K)
[8.911s][info][gc,metaspace   ] GC(38) Metaspace: 11626K(11840K)->11626K(11840K) NonClass: 10052K(10176K)->10052K(10176K) Class: 1573K(1664K)->1573K(1664K)
[8.911s][info][gc             ] GC(38) Pause Full (System.gc()) 192M->34M(1979M) 92.288ms
[8.911s][info][gc,cpu         ] GC(38) User=0.09s Sys=0.00s Real=0.08s
[8.993s][info][gc,start       ] GC(39) Pause Full (System.gc())
[8.993s][info][gc,phases,start] GC(39) Phase 1: Mark live objects
[9.034s][info][gc,phases      ] GC(39) Phase 1: Mark live objects 41.178ms
[9.034s][info][gc,phases,start] GC(39) Phase 2: Compute new object addresses
[9.064s][info][gc,phases      ] GC(39) Phase 2: Compute new object addresses 29.405ms
[9.064s][info][gc,phases,start] GC(39) Phase 3: Adjust pointers
[9.085s][info][gc,phases      ] GC(39) Phase 3: Adjust pointers 21.543ms
[9.085s][info][gc,phases,start] GC(39) Phase 4: Move objects
[9.085s][info][gc,phases      ] GC(39) Phase 4: Move objects 0.010ms
[9.086s][info][gc,heap        ] GC(39) DefNew: 161778K(629120K)->0K(629120K) Eden: 161778K(559232K)->0K(559232K) From: 0K(69888K)->0K(69888K)
[9.086s][info][gc,heap        ] GC(39) Tenured: 34919K(1398144K)->34918K(1398144K)
[9.086s][info][gc,metaspace   ] GC(39) Metaspace: 11626K(11840K)->11626K(11840K) NonClass: 10052K(10176K)->10052K(10176K) Class: 1573K(1664K)->1573K(1664K)
[9.086s][info][gc             ] GC(39) Pause Full (System.gc()) 192M->34M(1979M) 92.432ms
[9.086s][info][gc,cpu         ] GC(39) User=0.08s Sys=0.00s Real=0.08s
[9.168s][info][gc,start       ] GC(40) Pause Full (System.gc())
[9.168s][info][gc,phases,start] GC(40) Phase 1: Mark live objects
[9.211s][info][gc,phases      ] GC(40) Phase 1: Mark live objects 42.901ms
[9.211s][info][gc,phases,start] GC(40) Phase 2: Compute new object addresses
[9.240s][info][gc,phases      ] GC(40) Phase 2: Compute new object addresses 29.380ms
[9.240s][info][gc,phases,start] GC(40) Phase 3: Adjust pointers
[9.262s][info][gc,phases      ] GC(40) Phase 3: Adjust pointers 21.480ms
[9.262s][info][gc,phases,start] GC(40) Phase 4: Move objects
[9.262s][info][gc,phases      ] GC(40) Phase 4: Move objects 0.009ms
[9.262s][info][gc,heap        ] GC(40) DefNew: 161778K(629120K)->0K(629120K) Eden: 161778K(559232K)->0K(559232K) From: 0K(69888K)->0K(69888K)
[9.262s][info][gc,heap        ] GC(40) Tenured: 34918K(1398144K)->34918K(1398144K)
[9.262s][info][gc,metaspace   ] GC(40) Metaspace: 11626K(11840K)->11626K(11840K) NonClass: 10052K(10176K)->10052K(10176K) Class: 1573K(1664K)->1573K(1664K)
[9.262s][info][gc             ] GC(40) Pause Full (System.gc()) 192M->34M(1979M) 94.158ms
[9.262s][info][gc,cpu         ] GC(40) User=0.09s Sys=0.00s Real=0.10s
[9.345s][info][gc,start       ] GC(41) Pause Full (System.gc())
[9.345s][info][gc,phases,start] GC(41) Phase 1: Mark live objects
[9.386s][info][gc,phases      ] GC(41) Phase 1: Mark live objects 41.814ms
[9.386s][info][gc,phases,start] GC(41) Phase 2: Compute new object addresses
[9.416s][info][gc,phases      ] GC(41) Phase 2: Compute new object addresses 29.571ms
[9.416s][info][gc,phases,start] GC(41) Phase 3: Adjust pointers
[9.438s][info][gc,phases      ] GC(41) Phase 3: Adjust pointers 21.717ms
[9.438s][info][gc,phases,start] GC(41) Phase 4: Move objects
[9.438s][info][gc,phases      ] GC(41) Phase 4: Move objects 0.010ms
[9.438s][info][gc,heap        ] GC(41) DefNew: 161778K(629120K)->0K(629120K) Eden: 161778K(559232K)->0K(559232K) From: 0K(69888K)->0K(69888K)
[9.438s][info][gc,heap        ] GC(41) Tenured: 34918K(1398144K)->34919K(1398144K)
[9.438s][info][gc,metaspace   ] GC(41) Metaspace: 11626K(11840K)->11626K(11840K) NonClass: 10052K(10176K)->10052K(10176K) Class: 1573K(1664K)->1573K(1664K)
[9.438s][info][gc             ] GC(41) Pause Full (System.gc()) 192M->34M(1979M) 93.479ms
[9.438s][info][gc,cpu         ] GC(41) User=0.09s Sys=0.00s Real=0.10s
[9.521s][info][gc,start       ] GC(42) Pause Full (System.gc())
[9.521s][info][gc,phases,start] GC(42) Phase 1: Mark live objects
[9.563s][info][gc,phases      ] GC(42) Phase 1: Mark live objects 41.585ms
[9.563s][info][gc,phases,start] GC(42) Phase 2: Compute new object addresses
[9.592s][info][gc,phases      ] GC(42) Phase 2: Compute new object addresses 29.390ms
[9.592s][info][gc,phases,start] GC(42) Phase 3: Adjust pointers
[9.614s][info][gc,phases      ] GC(42) Phase 3: Adjust pointers 21.336ms
[9.614s][info][gc,phases,start] GC(42) Phase 4: Move objects
[9.614s][info][gc,phases      ] GC(42) Phase 4: Move objects 0.010ms
[9.614s][info][gc,heap        ] GC(42) DefNew: 161778K(629120K)->0K(629120K) Eden: 161778K(559232K)->0K(559232K) From: 0K(69888K)->0K(69888K)
[9.614s][info][gc,heap        ] GC(42) Tenured: 34919K(1398144K)->34919K(1398144K)
[9.614s][info][gc,metaspace   ] GC(42) Metaspace: 11626K(11840K)->11626K(11840K) NonClass: 10052K(10176K)->10052K(10176K) Class: 1573K(1664K)->1573K(1664K)
[9.614s][info][gc             ] GC(42) Pause Full (System.gc()) 192M->34M(1979M) 92.614ms
[9.614s][info][gc,cpu         ] GC(42) User=0.09s Sys=0.00s Real=0.08s
[9.695s][info][gc,start       ] GC(43) Pause Full (System.gc())
[9.695s][info][gc,phases,start] GC(43) Phase 1: Mark live objects
[9.738s][info][gc,phases      ] GC(43) Phase 1: Mark live objects 42.864ms
[9.738s][info][gc,phases,start] GC(43) Phase 2: Compute new object addresses
[9.768s][info][gc,phases      ] GC(43) Phase 2: Compute new object addresses 29.541ms
[9.768s][info][gc,phases,start] GC(43) Phase 3: Adjust pointers
[9.789s][info][gc,phases      ] GC(43) Phase 3: Adjust pointers 21.707ms
[9.789s][info][gc,phases,start] GC(43) Phase 4: Move objects
[9.789s][info][gc,phases      ] GC(43) Phase 4: Move objects 0.010ms
[9.790s][info][gc,heap        ] GC(43) DefNew: 161783K(629120K)->0K(629120K) Eden: 161783K(559232K)->0K(559232K) From: 0K(69888K)->0K(69888K)
[9.790s][info][gc,heap        ] GC(43) Tenured: 34919K(1398144K)->34917K(1398144K)
[9.790s][info][gc,metaspace   ] GC(43) Metaspace: 11626K(11840K)->11626K(11840K) NonClass: 10052K(10176K)->10052K(10176K) Class: 1573K(1664K)->1573K(1664K)
[9.790s][info][gc             ] GC(43) Pause Full (System.gc()) 192M->34M(1979M) 94.458ms
[9.790s][info][gc,cpu         ] GC(43) User=0.09s Sys=0.00s Real=0.10s
[9.872s][info][gc,start       ] GC(44) Pause Full (System.gc())
[9.873s][info][gc,phases,start] GC(44) Phase 1: Mark live objects
[9.914s][info][gc,phases      ] GC(44) Phase 1: Mark live objects 41.189ms
[9.914s][info][gc,phases,start] GC(44) Phase 2: Compute new object addresses
[9.943s][info][gc,phases      ] GC(44) Phase 2: Compute new object addresses 29.408ms
[9.943s][info][gc,phases,start] GC(44) Phase 3: Adjust pointers
[9.965s][info][gc,phases      ] GC(44) Phase 3: Adjust pointers 21.473ms
[9.965s][info][gc,phases,start] GC(44) Phase 4: Move objects
[9.965s][info][gc,phases      ] GC(44) Phase 4: Move objects 0.010ms
[9.965s][info][gc,heap        ] GC(44) DefNew: 161778K(629120K)->0K(629120K) Eden: 161778K(559232K)->0K(559232K) From: 0K(69888K)->0K(69888K)
[9.965s][info][gc,heap        ] GC(44) Tenured: 34917K(1398144K)->34918K(1398144K)
[9.965s][info][gc,metaspace   ] GC(44) Metaspace: 11626K(11840K)->11626K(11840K) NonClass: 10052K(10176K)->10052K(10176K) Class: 1573K(1664K)->1573K(1664K)
[9.965s][info][gc             ] GC(44) Pause Full (System.gc()) 192M->34M(1979M) 92.383ms
[9.965s][info][gc,cpu         ] GC(44) User=0.09s Sys=0.00s Real=0.10s
[10.046s][info][gc,start       ] GC(45) Pause Full (System.gc())
[10.046s][info][gc,phases,start] GC(45) Phase 1: Mark live objects
[10.089s][info][gc,phases      ] GC(45) Phase 1: Mark live objects 42.868ms
[10.089s][info][gc,phases,start] GC(45) Phase 2: Compute new object addresses
[10.119s][info][gc,phases      ] GC(45) Phase 2: Compute new object addresses 29.463ms
[10.119s][info][gc,phases,start] GC(45) Phase 3: Adjust pointers
[10.140s][info][gc,phases      ] GC(45) Phase 3: Adjust pointers 21.512ms
[10.140s][info][gc,phases,start] GC(45) Phase 4: Move objects
[10.140s][info][gc,phases      ] GC(45) Phase 4: Move objects 0.010ms
[10.140s][info][gc,heap        ] GC(45) DefNew: 161778K(629120K)->0K(629120K) Eden: 161778K(559232K)->0K(559232K) From: 0K(69888K)->0K(69888K)
[10.140s][info][gc,heap        ] GC(45) Tenured: 34918K(1398144K)->34919K(1398144K)
[10.140s][info][gc,metaspace   ] GC(45) Metaspace: 11626K(11840K)->11626K(11840K) NonClass: 10052K(10176K)->10052K(10176K) Class: 1573K(1664K)->1573K(1664K)
[10.140s][info][gc             ] GC(45) Pause Full (System.gc()) 192M->34M(1979M) 94.215ms
[10.140s][info][gc,cpu         ] GC(45) User=0.08s Sys=0.00s Real=0.10s
[10.225s][info][gc,start       ] GC(46) Pause Full (System.gc())
[10.225s][info][gc,phases,start] GC(46) Phase 1: Mark live objects
[10.267s][info][gc,phases      ] GC(46) Phase 1: Mark live objects 41.629ms
[10.267s][info][gc,phases,start] GC(46) Phase 2: Compute new object addresses
[10.297s][info][gc,phases      ] GC(46) Phase 2: Compute new object addresses 29.698ms
[10.297s][info][gc,phases,start] GC(46) Phase 3: Adjust pointers
[10.318s][info][gc,phases      ] GC(46) Phase 3: Adjust pointers 21.519ms
[10.318s][info][gc,phases,start] GC(46) Phase 4: Move objects
[10.318s][info][gc,phases      ] GC(46) Phase 4: Move objects 0.010ms
[10.318s][info][gc,heap        ] GC(46) DefNew: 161778K(629120K)->0K(629120K) Eden: 161778K(559232K)->0K(559232K) From: 0K(69888K)->0K(69888K)
[10.318s][info][gc,heap        ] GC(46) Tenured: 34919K(1398144K)->34919K(1398144K)
[10.318s][info][gc,metaspace   ] GC(46) Metaspace: 11626K(11840K)->11626K(11840K) NonClass: 10052K(10176K)->10052K(10176K) Class: 1573K(1664K)->1573K(1664K)
[10.318s][info][gc             ] GC(46) Pause Full (System.gc()) 192M->34M(1979M) 93.213ms
[10.318s][info][gc,cpu         ] GC(46) User=0.09s Sys=0.00s Real=0.10s
[10.401s][info][gc,start       ] GC(47) Pause Full (System.gc())
[10.402s][info][gc,phases,start] GC(47) Phase 1: Mark live objects
[10.443s][info][gc,phases      ] GC(47) Phase 1: Mark live objects 41.465ms
[10.443s][info][gc,phases,start] GC(47) Phase 2: Compute new object addresses
[10.473s][info][gc,phases      ] GC(47) Phase 2: Compute new object addresses 29.474ms
[10.473s][info][gc,phases,start] GC(47) Phase 3: Adjust pointers
[10.494s][info][gc,phases      ] GC(47) Phase 3: Adjust pointers 21.573ms
[10.494s][info][gc,phases,start] GC(47) Phase 4: Move objects
[10.494s][info][gc,phases      ] GC(47) Phase 4: Move objects 0.023ms
[10.494s][info][gc,heap        ] GC(47) DefNew: 161778K(629120K)->0K(629120K) Eden: 161778K(559232K)->0K(559232K) From: 0K(69888K)->0K(69888K)
[10.494s][info][gc,heap        ] GC(47) Tenured: 34919K(1398144K)->34917K(1398144K)
[10.494s][info][gc,metaspace   ] GC(47) Metaspace: 11626K(11840K)->11626K(11840K) NonClass: 10052K(10176K)->10052K(10176K) Class: 1573K(1664K)->1573K(1664K)
[10.494s][info][gc             ] GC(47) Pause Full (System.gc()) 192M->34M(1979M) 92.897ms
[10.494s][info][gc,cpu         ] GC(47) User=0.08s Sys=0.00s Real=0.08s
[10.577s][info][gc,start       ] GC(48) Pause Full (System.gc())
[10.577s][info][gc,phases,start] GC(48) Phase 1: Mark live objects
[10.620s][info][gc,phases      ] GC(48) Phase 1: Mark live objects 42.428ms
[10.620s][info][gc,phases,start] GC(48) Phase 2: Compute new object addresses
[10.649s][info][gc,phases      ] GC(48) Phase 2: Compute new object addresses 29.414ms
[10.649s][info][gc,phases,start] GC(48) Phase 3: Adjust pointers
[10.671s][info][gc,phases      ] GC(48) Phase 3: Adjust pointers 21.739ms
[10.671s][info][gc,phases,start] GC(48) Phase 4: Move objects
[10.671s][info][gc,phases      ] GC(48) Phase 4: Move objects 0.010ms
[10.671s][info][gc,heap        ] GC(48) DefNew: 161778K(629120K)->0K(629120K) Eden: 161778K(559232K)->0K(559232K) From: 0K(69888K)->0K(69888K)
[10.671s][info][gc,heap        ] GC(48) Tenured: 34917K(1398144K)->34918K(1398144K)
[10.671s][info][gc,metaspace   ] GC(48) Metaspace: 11626K(11840K)->11626K(11840K) NonClass: 10053K(10176K)->10053K(10176K) Class: 1573K(1664K)->1573K(1664K)
[10.671s][info][gc             ] GC(48) Pause Full (System.gc()) 192M->34M(1979M) 93.957ms
[10.671s][info][gc,cpu         ] GC(48) User=0.09s Sys=0.00s Real=0.10s
[10.752s][info][gc,start       ] GC(49) Pause Full (System.gc())
[10.752s][info][gc,phases,start] GC(49) Phase 1: Mark live objects
[10.794s][info][gc,phases      ] GC(49) Phase 1: Mark live objects 41.420ms
[10.794s][info][gc,phases,start] GC(49) Phase 2: Compute new object addresses
[10.824s][info][gc,phases      ] GC(49) Phase 2: Compute new object addresses 29.661ms
[10.824s][info][gc,phases,start] GC(49) Phase 3: Adjust pointers
[10.845s][info][gc,phases      ] GC(49) Phase 3: Adjust pointers 21.647ms
[10.845s][info][gc,phases,start] GC(49) Phase 4: Move objects
[10.845s][info][gc,phases      ] GC(49) Phase 4: Move objects 0.010ms
[10.845s][info][gc,heap        ] GC(49) DefNew: 161778K(629120K)->0K(629120K) Eden: 161778K(559232K)->0K(559232K) From: 0K(69888K)->0K(69888K)
[10.845s][info][gc,heap        ] GC(49) Tenured: 34918K(1398144K)->34918K(1398144K)
[10.845s][info][gc,metaspace   ] GC(49) Metaspace: 11628K(11840K)->11628K(11840K) NonClass: 10054K(10176K)->10054K(10176K) Class: 1573K(1664K)->1573K(1664K)
[10.845s][info][gc             ] GC(49) Pause Full (System.gc()) 192M->34M(1979M) 93.028ms
[10.845s][info][gc,cpu         ] GC(49) User=0.09s Sys=0.00s Real=0.08s
[10.930s][info][gc,start       ] GC(50) Pause Full (System.gc())
[10.930s][info][gc,phases,start] GC(50) Phase 1: Mark live objects
[10.971s][info][gc,phases      ] GC(50) Phase 1: Mark live objects 41.354ms
[10.971s][info][gc,phases,start] GC(50) Phase 2: Compute new object addresses
[11.001s][info][gc,phases      ] GC(50) Phase 2: Compute new object addresses 29.412ms
[11.001s][info][gc,phases,start] GC(50) Phase 3: Adjust pointers
[11.022s][info][gc,phases      ] GC(50) Phase 3: Adjust pointers 21.619ms
[11.022s][info][gc,phases,start] GC(50) Phase 4: Move objects
[11.022s][info][gc,phases      ] GC(50) Phase 4: Move objects 0.010ms
[11.022s][info][gc,heap        ] GC(50) DefNew: 161778K(629120K)->0K(629120K) Eden: 161778K(559232K)->0K(559232K) From: 0K(69888K)->0K(69888K)
[11.022s][info][gc,heap        ] GC(50) Tenured: 34918K(1398144K)->34918K(1398144K)
[11.023s][info][gc,metaspace   ] GC(50) Metaspace: 11638K(11840K)->11638K(11840K) NonClass: 10064K(10176K)->10064K(10176K) Class: 1573K(1664K)->1573K(1664K)
[11.023s][info][gc             ] GC(50) Pause Full (System.gc()) 192M->34M(1979M) 92.736ms
[11.023s][info][gc,cpu         ] GC(50) User=0.09s Sys=0.00s Real=0.09s
[11.104s][info][gc,start       ] GC(51) Pause Full (System.gc())
[11.104s][info][gc,phases,start] GC(51) Phase 1: Mark live objects
[11.146s][info][gc,phases      ] GC(51) Phase 1: Mark live objects 42.333ms
[11.146s][info][gc,phases,start] GC(51) Phase 2: Compute new object addresses
[11.176s][info][gc,phases      ] GC(51) Phase 2: Compute new object addresses 29.594ms
[11.176s][info][gc,phases,start] GC(51) Phase 3: Adjust pointers
[11.198s][info][gc,phases      ] GC(51) Phase 3: Adjust pointers 21.600ms
[11.198s][info][gc,phases,start] GC(51) Phase 4: Move objects
[11.198s][info][gc,phases      ] GC(51) Phase 4: Move objects 0.010ms
[11.198s][info][gc,heap        ] GC(51) DefNew: 161778K(629120K)->0K(629120K) Eden: 161778K(559232K)->0K(559232K) From: 0K(69888K)->0K(69888K)
[11.198s][info][gc,heap        ] GC(51) Tenured: 34918K(1398144K)->34917K(1398144K)
[11.198s][info][gc,metaspace   ] GC(51) Metaspace: 11646K(11840K)->11646K(11840K) NonClass: 10072K(10176K)->10072K(10176K) Class: 1573K(1664K)->1573K(1664K)
[11.198s][info][gc             ] GC(51) Pause Full (System.gc()) 192M->34M(1979M) 93.871ms
[11.198s][info][gc,cpu         ] GC(51) User=0.09s Sys=0.00s Real=0.08s
[11.279s][info][gc,start       ] GC(52) Pause Full (System.gc())
[11.279s][info][gc,phases,start] GC(52) Phase 1: Mark live objects
[11.321s][info][gc,phases      ] GC(52) Phase 1: Mark live objects 41.887ms
[11.321s][info][gc,phases,start] GC(52) Phase 2: Compute new object addresses
[11.351s][info][gc,phases      ] GC(52) Phase 2: Compute new object addresses 29.465ms
[11.351s][info][gc,phases,start] GC(52) Phase 3: Adjust pointers
[11.372s][info][gc,phases      ] GC(52) Phase 3: Adjust pointers 21.446ms
[11.372s][info][gc,phases,start] GC(52) Phase 4: Move objects
[11.372s][info][gc,phases      ] GC(52) Phase 4: Move objects 0.009ms
[11.372s][info][gc,heap        ] GC(52) DefNew: 161778K(629120K)->0K(629120K) Eden: 161778K(559232K)->0K(559232K) From: 0K(69888K)->0K(69888K)
[11.372s][info][gc,heap        ] GC(52) Tenured: 34917K(1398144K)->34918K(1398144K)
[11.373s][info][gc,metaspace   ] GC(52) Metaspace: 11647K(11840K)->11647K(11840K) NonClass: 10073K(10176K)->10073K(10176K) Class: 1573K(1664K)->1573K(1664K)
[11.373s][info][gc             ] GC(52) Pause Full (System.gc()) 192M->34M(1979M) 93.154ms
[11.373s][info][gc,cpu         ] GC(52) User=0.09s Sys=0.00s Real=0.08s
[11.454s][info][gc,start       ] GC(53) Pause Full (System.gc())
[11.454s][info][gc,phases,start] GC(53) Phase 1: Mark live objects
[11.496s][info][gc,phases      ] GC(53) Phase 1: Mark live objects 41.518ms
[11.496s][info][gc,phases,start] GC(53) Phase 2: Compute new object addresses
[11.525s][info][gc,phases      ] GC(53) Phase 2: Compute new object addresses 29.733ms
[11.525s][info][gc,phases,start] GC(53) Phase 3: Adjust pointers
[11.547s][info][gc,phases      ] GC(53) Phase 3: Adjust pointers 21.535ms
[11.547s][info][gc,phases,start] GC(53) Phase 4: Move objects
[11.547s][info][gc,phases      ] GC(53) Phase 4: Move objects 0.010ms
[11.547s][info][gc,heap        ] GC(53) DefNew: 161778K(629120K)->0K(629120K) Eden: 161778K(559232K)->0K(559232K) From: 0K(69888K)->0K(69888K)
[11.547s][info][gc,heap        ] GC(53) Tenured: 34918K(1398144K)->34918K(1398144K)
[11.547s][info][gc,metaspace   ] GC(53) Metaspace: 11647K(11840K)->11647K(11840K) NonClass: 10073K(10176K)->10073K(10176K) Class: 1573K(1664K)->1573K(1664K)
[11.547s][info][gc             ] GC(53) Pause Full (System.gc()) 192M->34M(1979M) 93.146ms
[11.547s][info][gc,cpu         ] GC(53) User=0.09s Sys=0.00s Real=0.08s
[11.629s][info][gc,start       ] GC(54) Pause Full (System.gc())
[11.629s][info][gc,phases,start] GC(54) Phase 1: Mark live objects
[11.672s][info][gc,phases      ] GC(54) Phase 1: Mark live objects 43.076ms
[11.672s][info][gc,phases,start] GC(54) Phase 2: Compute new object addresses
[11.702s][info][gc,phases      ] GC(54) Phase 2: Compute new object addresses 29.810ms
[11.702s][info][gc,phases,start] GC(54) Phase 3: Adjust pointers
[11.723s][info][gc,phases      ] GC(54) Phase 3: Adjust pointers 21.462ms
[11.723s][info][gc,phases,start] GC(54) Phase 4: Move objects
[11.723s][info][gc,phases      ] GC(54) Phase 4: Move objects 0.010ms
[11.723s][info][gc,heap        ] GC(54) DefNew: 161778K(629120K)->0K(629120K) Eden: 161778K(559232K)->0K(559232K) From: 0K(69888K)->0K(69888K)
[11.723s][info][gc,heap        ] GC(54) Tenured: 34918K(1398144K)->34919K(1398144K)
[11.723s][info][gc,metaspace   ] GC(54) Metaspace: 11647K(11840K)->11647K(11840K) NonClass: 10073K(10176K)->10073K(10176K) Class: 1573K(1664K)->1573K(1664K)
[11.723s][info][gc             ] GC(54) Pause Full (System.gc()) 192M->34M(1979M) 94.748ms
[11.723s][info][gc,cpu         ] GC(54) User=0.09s Sys=0.00s Real=0.08s
[11.806s][info][gc,start       ] GC(55) Pause Full (System.gc())
[11.806s][info][gc,phases,start] GC(55) Phase 1: Mark live objects
[11.847s][info][gc,phases      ] GC(55) Phase 1: Mark live objects 41.539ms
[11.847s][info][gc,phases,start] GC(55) Phase 2: Compute new object addresses
[11.877s][info][gc,phases      ] GC(55) Phase 2: Compute new object addresses 29.792ms
[11.877s][info][gc,phases,start] GC(55) Phase 3: Adjust pointers
[11.899s][info][gc,phases      ] GC(55) Phase 3: Adjust pointers 21.768ms
[11.899s][info][gc,phases,start] GC(55) Phase 4: Move objects
[11.899s][info][gc,phases      ] GC(55) Phase 4: Move objects 0.010ms
[11.899s][info][gc,heap        ] GC(55) DefNew: 161778K(629120K)->0K(629120K) Eden: 161778K(559232K)->0K(559232K) From: 0K(69888K)->0K(69888K)
[11.899s][info][gc,heap        ] GC(55) Tenured: 34919K(1398144K)->34917K(1398144K)
[11.899s][info][gc,metaspace   ] GC(55) Metaspace: 11647K(11840K)->11647K(11840K) NonClass: 10073K(10176K)->10073K(10176K) Class: 1573K(1664K)->1573K(1664K)
[11.899s][info][gc             ] GC(55) Pause Full (System.gc()) 192M->34M(1979M) 93.457ms
[11.899s][info][gc,cpu         ] GC(55) User=0.08s Sys=0.00s Real=0.08s
[11.980s][info][gc,start       ] GC(56) Pause Full (System.gc())
[11.980s][info][gc,phases,start] GC(56) Phase 1: Mark live objects
[12.022s][info][gc,phases      ] GC(56) Phase 1: Mark live objects 41.972ms
[12.022s][info][gc,phases,start] GC(56) Phase 2: Compute new object addresses
[12.052s][info][gc,phases      ] GC(56) Phase 2: Compute new object addresses 29.454ms
[12.052s][info][gc,phases,start] GC(56) Phase 3: Adjust pointers
[12.074s][info][gc,phases      ] GC(56) Phase 3: Adjust pointers 21.642ms
[12.074s][info][gc,phases,start] GC(56) Phase 4: Move objects
[12.074s][info][gc,phases      ] GC(56) Phase 4: Move objects 0.011ms
[12.074s][info][gc,heap        ] GC(56) DefNew: 161778K(629120K)->0K(629120K) Eden: 161778K(559232K)->0K(559232K) From: 0K(69888K)->0K(69888K)
[12.074s][info][gc,heap        ] GC(56) Tenured: 34917K(1398144K)->34922K(1398144K)
[12.074s][info][gc,metaspace   ] GC(56) Metaspace: 11655K(11840K)->11655K(11840K) NonClass: 10082K(10176K)->10082K(10176K) Class: 1573K(1664K)->1573K(1664K)
[12.074s][info][gc             ] GC(56) Pause Full (System.gc()) 192M->34M(1979M) 93.388ms
[12.074s][info][gc,cpu         ] GC(56) User=0.09s Sys=0.00s Real=0.10s
[12.157s][info][gc,start       ] GC(57) Pause Full (System.gc())
[12.157s][info][gc,phases,start] GC(57) Phase 1: Mark live objects
[12.200s][info][gc,phases      ] GC(57) Phase 1: Mark live objects 42.685ms
[12.200s][info][gc,phases,start] GC(57) Phase 2: Compute new object addresses
[12.229s][info][gc,phases      ] GC(57) Phase 2: Compute new object addresses 29.433ms
[12.229s][info][gc,phases,start] GC(57) Phase 3: Adjust pointers
[12.251s][info][gc,phases      ] GC(57) Phase 3: Adjust pointers 21.664ms
[12.251s][info][gc,phases,start] GC(57) Phase 4: Move objects
[12.251s][info][gc,phases      ] GC(57) Phase 4: Move objects 0.011ms
[12.251s][info][gc,heap        ] GC(57) DefNew: 161778K(629120K)->0K(629120K) Eden: 161778K(559232K)->0K(559232K) From: 0K(69888K)->0K(69888K)
[12.251s][info][gc,heap        ] GC(57) Tenured: 34922K(1398144K)->34922K(1398144K)
[12.251s][info][gc,metaspace   ] GC(57) Metaspace: 11656K(11840K)->11656K(11840K) NonClass: 10082K(10176K)->10082K(10176K) Class: 1573K(1664K)->1573K(1664K)
[12.251s][info][gc             ] GC(57) Pause Full (System.gc()) 192M->34M(1979M) 94.179ms
[12.251s][info][gc,cpu         ] GC(57) User=0.09s Sys=0.00s Real=0.08s
[12.333s][info][gc,start       ] GC(58) Pause Full (System.gc())
[12.333s][info][gc,phases,start] GC(58) Phase 1: Mark live objects
[12.375s][info][gc,phases      ] GC(58) Phase 1: Mark live objects 41.532ms
[12.375s][info][gc,phases,start] GC(58) Phase 2: Compute new object addresses
[12.404s][info][gc,phases      ] GC(58) Phase 2: Compute new object addresses 29.457ms
[12.404s][info][gc,phases,start] GC(58) Phase 3: Adjust pointers
[12.426s][info][gc,phases      ] GC(58) Phase 3: Adjust pointers 21.522ms
[12.426s][info][gc,phases,start] GC(58) Phase 4: Move objects
[12.426s][info][gc,phases      ] GC(58) Phase 4: Move objects 0.010ms
[12.426s][info][gc,heap        ] GC(58) DefNew: 161778K(629120K)->0K(629120K) Eden: 161778K(559232K)->0K(559232K) From: 0K(69888K)->0K(69888K)
[12.426s][info][gc,heap        ] GC(58) Tenured: 34922K(1398144K)->34923K(1398144K)
[12.426s][info][gc,metaspace   ] GC(58) Metaspace: 11656K(11840K)->11656K(11840K) NonClass: 10082K(10176K)->10082K(10176K) Class: 1573K(1664K)->1573K(1664K)
[12.426s][info][gc             ] GC(58) Pause Full (System.gc()) 192M->34M(1979M) 92.886ms
[12.426s][info][gc,cpu         ] GC(58) User=0.09s Sys=0.00s Real=0.08s
[12.508s][info][gc,start       ] GC(59) Pause Full (System.gc())
[12.508s][info][gc,phases,start] GC(59) Phase 1: Mark live objects
[12.551s][info][gc,phases      ] GC(59) Phase 1: Mark live objects 42.623ms
[12.551s][info][gc,phases,start] GC(59) Phase 2: Compute new object addresses
[12.580s][info][gc,phases      ] GC(59) Phase 2: Compute new object addresses 29.516ms
[12.580s][info][gc,phases,start] GC(59) Phase 3: Adjust pointers
[12.602s][info][gc,phases      ] GC(59) Phase 3: Adjust pointers 21.689ms
[12.602s][info][gc,phases,start] GC(59) Phase 4: Move objects
[12.602s][info][gc,phases      ] GC(59) Phase 4: Move objects 0.012ms
[12.602s][info][gc,heap        ] GC(59) DefNew: 161778K(629120K)->0K(629120K) Eden: 161778K(559232K)->0K(559232K) From: 0K(69888K)->0K(69888K)
[12.602s][info][gc,heap        ] GC(59) Tenured: 34923K(1398144K)->34921K(1398144K)
[12.602s][info][gc,metaspace   ] GC(59) Metaspace: 11656K(11840K)->11656K(11840K) NonClass: 10082K(10176K)->10082K(10176K) Class: 1573K(1664K)->1573K(1664K)
[12.602s][info][gc             ] GC(59) Pause Full (System.gc()) 192M->34M(1979M) 94.228ms
[12.602s][info][gc,cpu         ] GC(59) User=0.09s Sys=0.00s Real=0.10s
[12.685s][info][gc,start       ] GC(60) Pause Full (System.gc())
[12.685s][info][gc,phases,start] GC(60) Phase 1: Mark live objects
[12.727s][info][gc,phases      ] GC(60) Phase 1: Mark live objects 41.966ms
[12.727s][info][gc,phases,start] GC(60) Phase 2: Compute new object addresses
[12.757s][info][gc,phases      ] GC(60) Phase 2: Compute new object addresses 29.765ms
[12.757s][info][gc,phases,start] GC(60) Phase 3: Adjust pointers
[12.779s][info][gc,phases      ] GC(60) Phase 3: Adjust pointers 21.526ms
[12.779s][info][gc,phases,start] GC(60) Phase 4: Move objects
[12.779s][info][gc,phases      ] GC(60) Phase 4: Move objects 0.010ms
[12.779s][info][gc,heap        ] GC(60) DefNew: 161778K(629120K)->0K(629120K) Eden: 161778K(559232K)->0K(559232K) From: 0K(69888K)->0K(69888K)
[12.779s][info][gc,heap        ] GC(60) Tenured: 34921K(1398144K)->34922K(1398144K)
[12.779s][info][gc,metaspace   ] GC(60) Metaspace: 11656K(11840K)->11656K(11840K) NonClass: 10082K(10176K)->10082K(10176K) Class: 1573K(1664K)->1573K(1664K)
[12.779s][info][gc             ] GC(60) Pause Full (System.gc()) 192M->34M(1979M) 93.609ms
[12.779s][info][gc,cpu         ] GC(60) User=0.09s Sys=0.00s Real=0.10s
[12.860s][info][gc,start       ] GC(61) Pause Full (System.gc())
[12.861s][info][gc,phases,start] GC(61) Phase 1: Mark live objects
[12.903s][info][gc,phases      ] GC(61) Phase 1: Mark live objects 42.178ms
[12.903s][info][gc,phases,start] GC(61) Phase 2: Compute new object addresses
[12.932s][info][gc,phases      ] GC(61) Phase 2: Compute new object addresses 29.465ms
[12.932s][info][gc,phases,start] GC(61) Phase 3: Adjust pointers
[12.954s][info][gc,phases      ] GC(61) Phase 3: Adjust pointers 21.645ms
[12.954s][info][gc,phases,start] GC(61) Phase 4: Move objects
[12.954s][info][gc,phases      ] GC(61) Phase 4: Move objects 0.010ms
[12.954s][info][gc,heap        ] GC(61) DefNew: 161783K(629120K)->0K(629120K) Eden: 161783K(559232K)->0K(559232K) From: 0K(69888K)->0K(69888K)
[12.954s][info][gc,heap        ] GC(61) Tenured: 34922K(1398144K)->34923K(1398144K)
[12.954s][info][gc,metaspace   ] GC(61) Metaspace: 11656K(11840K)->11656K(11840K) NonClass: 10082K(10176K)->10082K(10176K) Class: 1573K(1664K)->1573K(1664K)
[12.954s][info][gc             ] GC(61) Pause Full (System.gc()) 192M->34M(1979M) 93.650ms
[12.954s][info][gc,cpu         ] GC(61) User=0.08s Sys=0.02s Real=0.09s
[13.036s][info][gc,start       ] GC(62) Pause Full (System.gc())
[13.036s][info][gc,phases,start] GC(62) Phase 1: Mark live objects
[13.078s][info][gc,phases      ] GC(62) Phase 1: Mark live objects 41.562ms
[13.078s][info][gc,phases,start] GC(62) Phase 2: Compute new object addresses
[13.107s][info][gc,phases      ] GC(62) Phase 2: Compute new object addresses 29.450ms
[13.108s][info][gc,phases,start] GC(62) Phase 3: Adjust pointers
[13.129s][info][gc,phases      ] GC(62) Phase 3: Adjust pointers 21.696ms
[13.129s][info][gc,phases,start] GC(62) Phase 4: Move objects
[13.129s][info][gc,phases      ] GC(62) Phase 4: Move objects 0.010ms
[13.129s][info][gc,heap        ] GC(62) DefNew: 161778K(629120K)->0K(629120K) Eden: 161778K(559232K)->0K(559232K) From: 0K(69888K)->0K(69888K)
[13.129s][info][gc,heap        ] GC(62) Tenured: 34923K(1398144K)->34923K(1398144K)
[13.129s][info][gc,metaspace   ] GC(62) Metaspace: 11656K(11840K)->11656K(11840K) NonClass: 10083K(10176K)->10083K(10176K) Class: 1573K(1664K)->1573K(1664K)
[13.129s][info][gc             ] GC(62) Pause Full (System.gc()) 192M->34M(1979M) 93.081ms
[13.129s][info][gc,cpu         ] GC(62) User=0.09s Sys=0.00s Real=0.10s
[13.212s][info][gc,start       ] GC(63) Pause Full (System.gc())
[13.212s][info][gc,phases,start] GC(63) Phase 1: Mark live objects
[13.255s][info][gc,phases      ] GC(63) Phase 1: Mark live objects 42.714ms
[13.255s][info][gc,phases,start] GC(63) Phase 2: Compute new object addresses
[13.284s][info][gc,phases      ] GC(63) Phase 2: Compute new object addresses 29.490ms
[13.284s][info][gc,phases,start] GC(63) Phase 3: Adjust pointers
[13.306s][info][gc,phases      ] GC(63) Phase 3: Adjust pointers 21.576ms
[13.306s][info][gc,phases,start] GC(63) Phase 4: Move objects
[13.306s][info][gc,phases      ] GC(63) Phase 4: Move objects 0.010ms
[13.306s][info][gc,heap        ] GC(63) DefNew: 161778K(629120K)->0K(629120K) Eden: 161778K(559232K)->0K(559232K) From: 0K(69888K)->0K(69888K)
[13.306s][info][gc,heap        ] GC(63) Tenured: 34923K(1398144K)->34922K(1398144K)
[13.306s][info][gc,metaspace   ] GC(63) Metaspace: 11656K(11840K)->11656K(11840K) NonClass: 10083K(10176K)->10083K(10176K) Class: 1573K(1664K)->1573K(1664K)
[13.306s][info][gc             ] GC(63) Pause Full (System.gc()) 192M->34M(1979M) 94.148ms
[13.306s][info][gc,cpu         ] GC(63) User=0.09s Sys=0.02s Real=0.10s
[13.390s][info][gc,start       ] GC(64) Pause Full (System.gc())
[13.390s][info][gc,phases,start] GC(64) Phase 1: Mark live objects
[13.432s][info][gc,phases      ] GC(64) Phase 1: Mark live objects 41.193ms
[13.432s][info][gc,phases,start] GC(64) Phase 2: Compute new object addresses
[13.461s][info][gc,phases      ] GC(64) Phase 2: Compute new object addresses 29.418ms
[13.461s][info][gc,phases,start] GC(64) Phase 3: Adjust pointers
[13.483s][info][gc,phases      ] GC(64) Phase 3: Adjust pointers 21.707ms
[13.483s][info][gc,phases,start] GC(64) Phase 4: Move objects
[13.483s][info][gc,phases      ] GC(64) Phase 4: Move objects 0.022ms
[13.483s][info][gc,heap        ] GC(64) DefNew: 167370K(629120K)->0K(629120K) Eden: 167370K(559232K)->0K(559232K) From: 0K(69888K)->0K(69888K)
[13.483s][info][gc,heap        ] GC(64) Tenured: 34922K(1398144K)->34923K(1398144K)
[13.483s][info][gc,metaspace   ] GC(64) Metaspace: 11665K(11840K)->11665K(11840K) NonClass: 10091K(10176K)->10091K(10176K) Class: 1573K(1664K)->1573K(1664K)
[13.483s][info][gc             ] GC(64) Pause Full (System.gc()) 197M->34M(1979M) 92.633ms
[13.483s][info][gc,cpu         ] GC(64) User=0.09s Sys=0.00s Real=0.08s
[13.565s][info][gc,start       ] GC(65) Pause Full (System.gc())
[13.565s][info][gc,phases,start] GC(65) Phase 1: Mark live objects
[13.607s][info][gc,phases      ] GC(65) Phase 1: Mark live objects 42.180ms
[13.607s][info][gc,phases,start] GC(65) Phase 2: Compute new object addresses
[13.637s][info][gc,phases      ] GC(65) Phase 2: Compute new object addresses 29.845ms
[13.637s][info][gc,phases,start] GC(65) Phase 3: Adjust pointers
[13.659s][info][gc,phases      ] GC(65) Phase 3: Adjust pointers 21.533ms
[13.659s][info][gc,phases,start] GC(65) Phase 4: Move objects
[13.659s][info][gc,phases      ] GC(65) Phase 4: Move objects 0.010ms
[13.659s][info][gc,heap        ] GC(65) DefNew: 161778K(629120K)->0K(629120K) Eden: 161778K(559232K)->0K(559232K) From: 0K(69888K)->0K(69888K)
[13.659s][info][gc,heap        ] GC(65) Tenured: 34923K(1398144K)->34924K(1398144K)
[13.659s][info][gc,metaspace   ] GC(65) Metaspace: 11673K(11840K)->11673K(11840K) NonClass: 10099K(10176K)->10099K(10176K) Class: 1573K(1664K)->1573K(1664K)
[13.659s][info][gc             ] GC(65) Pause Full (System.gc()) 192M->34M(1979M) 93.925ms
[13.659s][info][gc,cpu         ] GC(65) User=0.09s Sys=0.00s Real=0.10s
[13.742s][info][gc,start       ] GC(66) Pause Full (System.gc())
[13.742s][info][gc,phases,start] GC(66) Phase 1: Mark live objects
[13.785s][info][gc,phases      ] GC(66) Phase 1: Mark live objects 42.500ms
[13.785s][info][gc,phases,start] GC(66) Phase 2: Compute new object addresses
[13.814s][info][gc,phases      ] GC(66) Phase 2: Compute new object addresses 29.537ms
[13.814s][info][gc,phases,start] GC(66) Phase 3: Adjust pointers
[13.836s][info][gc,phases      ] GC(66) Phase 3: Adjust pointers 21.791ms
[13.836s][info][gc,phases,start] GC(66) Phase 4: Move objects
[13.836s][info][gc,phases      ] GC(66) Phase 4: Move objects 0.010ms
[13.836s][info][gc,heap        ] GC(66) DefNew: 161778K(629120K)->0K(629120K) Eden: 161778K(559232K)->0K(559232K) From: 0K(69888K)->0K(69888K)
[13.836s][info][gc,heap        ] GC(66) Tenured: 34924K(1398144K)->34924K(1398144K)
[13.836s][info][gc,metaspace   ] GC(66) Metaspace: 11674K(11840K)->11674K(11840K) NonClass: 10100K(10176K)->10100K(10176K) Class: 1573K(1664K)->1573K(1664K)
[13.836s][info][gc             ] GC(66) Pause Full (System.gc()) 192M->34M(1979M) 94.173ms
[13.836s][info][gc,cpu         ] GC(66) User=0.09s Sys=0.00s Real=0.08s
[13.918s][info][gc,start       ] GC(67) Pause Full (System.gc())
[13.918s][info][gc,phases,start] GC(67) Phase 1: Mark live objects
[13.960s][info][gc,phases      ] GC(67) Phase 1: Mark live objects 41.819ms
[13.960s][info][gc,phases,start] GC(67) Phase 2: Compute new object addresses
[13.990s][info][gc,phases      ] GC(67) Phase 2: Compute new object addresses 29.745ms
[13.990s][info][gc,phases,start] GC(67) Phase 3: Adjust pointers
[14.011s][info][gc,phases      ] GC(67) Phase 3: Adjust pointers 21.481ms
[14.012s][info][gc,phases,start] GC(67) Phase 4: Move objects
[14.012s][info][gc,phases      ] GC(67) Phase 4: Move objects 0.011ms
[14.012s][info][gc,heap        ] GC(67) DefNew: 161778K(629120K)->0K(629120K) Eden: 161778K(559232K)->0K(559232K) From: 0K(69888K)->0K(69888K)
[14.012s][info][gc,heap        ] GC(67) Tenured: 34924K(1398144K)->34923K(1398144K)
[14.012s][info][gc,metaspace   ] GC(67) Metaspace: 11675K(11840K)->11675K(11840K) NonClass: 10101K(10176K)->10101K(10176K) Class: 1573K(1664K)->1573K(1664K)
[14.012s][info][gc             ] GC(67) Pause Full (System.gc()) 192M->34M(1979M) 93.431ms
[14.012s][info][gc,cpu         ] GC(67) User=0.06s Sys=0.03s Real=0.08s
[14.094s][info][gc,start       ] GC(68) Pause Full (System.gc())
[14.094s][info][gc,phases,start] GC(68) Phase 1: Mark live objects
[14.135s][info][gc,phases      ] GC(68) Phase 1: Mark live objects 41.249ms
[14.135s][info][gc,phases,start] GC(68) Phase 2: Compute new object addresses
[14.165s][info][gc,phases      ] GC(68) Phase 2: Compute new object addresses 29.514ms
[14.165s][info][gc,phases,start] GC(68) Phase 3: Adjust pointers
[14.186s][info][gc,phases      ] GC(68) Phase 3: Adjust pointers 21.799ms
[14.186s][info][gc,phases,start] GC(68) Phase 4: Move objects
[14.186s][info][gc,phases      ] GC(68) Phase 4: Move objects 0.010ms
[14.187s][info][gc,heap        ] GC(68) DefNew: 161778K(629120K)->0K(629120K) Eden: 161778K(559232K)->0K(559232K) From: 0K(69888K)->0K(69888K)
[14.187s][info][gc,heap        ] GC(68) Tenured: 34923K(1398144K)->34923K(1398144K)
[14.187s][info][gc,metaspace   ] GC(68) Metaspace: 11675K(11840K)->11675K(11840K) NonClass: 10102K(10176K)->10102K(10176K) Class: 1573K(1664K)->1573K(1664K)
[14.187s][info][gc             ] GC(68) Pause Full (System.gc()) 192M->34M(1979M) 92.932ms
[14.187s][info][gc,cpu         ] GC(68) User=0.09s Sys=0.00s Real=0.08s
[14.269s][info][gc,start       ] GC(69) Pause Full (System.gc())
[14.269s][info][gc,phases,start] GC(69) Phase 1: Mark live objects
[14.311s][info][gc,phases      ] GC(69) Phase 1: Mark live objects 42.013ms
[14.311s][info][gc,phases,start] GC(69) Phase 2: Compute new object addresses
[14.341s][info][gc,phases      ] GC(69) Phase 2: Compute new object addresses 29.773ms
[14.341s][info][gc,phases,start] GC(69) Phase 3: Adjust pointers
[14.362s][info][gc,phases      ] GC(69) Phase 3: Adjust pointers 21.464ms
[14.363s][info][gc,phases,start] GC(69) Phase 4: Move objects
[14.363s][info][gc,phases      ] GC(69) Phase 4: Move objects 0.010ms
[14.363s][info][gc,heap        ] GC(69) DefNew: 161778K(629120K)->0K(629120K) Eden: 161778K(559232K)->0K(559232K) From: 0K(69888K)->0K(69888K)
[14.363s][info][gc,heap        ] GC(69) Tenured: 34923K(1398144K)->34923K(1398144K)
[14.363s][info][gc,metaspace   ] GC(69) Metaspace: 11675K(11840K)->11675K(11840K) NonClass: 10102K(10176K)->10102K(10176K) Class: 1573K(1664K)->1573K(1664K)
[14.363s][info][gc             ] GC(69) Pause Full (System.gc()) 192M->34M(1979M) 93.651ms
[14.363s][info][gc,cpu         ] GC(69) User=0.08s Sys=0.02s Real=0.10s
[14.446s][info][gc,start       ] GC(70) Pause Full (System.gc())
[14.446s][info][gc,phases,start] GC(70) Phase 1: Mark live objects
[14.488s][info][gc,phases      ] GC(70) Phase 1: Mark live objects 41.859ms
[14.488s][info][gc,phases,start] GC(70) Phase 2: Compute new object addresses
[14.517s][info][gc,phases      ] GC(70) Phase 2: Compute new object addresses 29.376ms
[14.517s][info][gc,phases,start] GC(70) Phase 3: Adjust pointers
[14.539s][info][gc,phases      ] GC(70) Phase 3: Adjust pointers 21.719ms
[14.539s][info][gc,phases,start] GC(70) Phase 4: Move objects
[14.539s][info][gc,phases      ] GC(70) Phase 4: Move objects 0.010ms
[14.539s][info][gc,heap        ] GC(70) DefNew: 161778K(629120K)->0K(629120K) Eden: 161778K(559232K)->0K(559232K) From: 0K(69888K)->0K(69888K)
[14.539s][info][gc,heap        ] GC(70) Tenured: 34923K(1398144K)->34924K(1398144K)
[14.539s][info][gc,metaspace   ] GC(70) Metaspace: 11675K(11840K)->11675K(11840K) NonClass: 10102K(10176K)->10102K(10176K) Class: 1573K(1664K)->1573K(1664K)
[14.539s][info][gc             ] GC(70) Pause Full (System.gc()) 192M->34M(1979M) 93.292ms
[14.539s][info][gc,cpu         ] GC(70) User=0.09s Sys=0.00s Real=0.10s
[14.621s][info][gc,start       ] GC(71) Pause Full (System.gc())
[14.621s][info][gc,phases,start] GC(71) Phase 1: Mark live objects
[14.664s][info][gc,phases      ] GC(71) Phase 1: Mark live objects 42.693ms
[14.664s][info][gc,phases,start] GC(71) Phase 2: Compute new object addresses
[14.694s][info][gc,phases      ] GC(71) Phase 2: Compute new object addresses 29.701ms
[14.694s][info][gc,phases,start] GC(71) Phase 3: Adjust pointers
[14.716s][info][gc,phases      ] GC(71) Phase 3: Adjust pointers 21.941ms
[14.716s][info][gc,phases,start] GC(71) Phase 4: Move objects
[14.716s][info][gc,phases      ] GC(71) Phase 4: Move objects 0.010ms
[14.716s][info][gc,heap        ] GC(71) DefNew: 161778K(629120K)->0K(629120K) Eden: 161778K(559232K)->0K(559232K) From: 0K(69888K)->0K(69888K)
[14.716s][info][gc,heap        ] GC(71) Tenured: 34924K(1398144K)->34923K(1398144K)
[14.716s][info][gc,metaspace   ] GC(71) Metaspace: 11675K(11840K)->11675K(11840K) NonClass: 10102K(10176K)->10102K(10176K) Class: 1573K(1664K)->1573K(1664K)
[14.716s][info][gc             ] GC(71) Pause Full (System.gc()) 192M->34M(1979M) 94.711ms
[14.716s][info][gc,cpu         ] GC(71) User=0.09s Sys=0.00s Real=0.10s
[14.798s][info][gc,start       ] GC(72) Pause Full (System.gc())
[14.798s][info][gc,phases,start] GC(72) Phase 1: Mark live objects
[14.840s][info][gc,phases      ] GC(72) Phase 1: Mark live objects 42.020ms
[14.840s][info][gc,phases,start] GC(72) Phase 2: Compute new object addresses
[14.870s][info][gc,phases      ] GC(72) Phase 2: Compute new object addresses 29.869ms
[14.870s][info][gc,phases,start] GC(72) Phase 3: Adjust pointers
[14.892s][info][gc,phases      ] GC(72) Phase 3: Adjust pointers 21.597ms
[14.892s][info][gc,phases,start] GC(72) Phase 4: Move objects
[14.892s][info][gc,phases      ] GC(72) Phase 4: Move objects 0.010ms
[14.892s][info][gc,heap        ] GC(72) DefNew: 161778K(629120K)->0K(629120K) Eden: 161778K(559232K)->0K(559232K) From: 0K(69888K)->0K(69888K)
[14.892s][info][gc,heap        ] GC(72) Tenured: 34923K(1398144K)->34923K(1398144K)
[14.892s][info][gc,metaspace   ] GC(72) Metaspace: 11675K(11840K)->11675K(11840K) NonClass: 10102K(10176K)->10102K(10176K) Class: 1573K(1664K)->1573K(1664K)
[14.892s][info][gc             ] GC(72) Pause Full (System.gc()) 192M->34M(1979M) 93.878ms
[14.892s][info][gc,cpu         ] GC(72) User=0.09s Sys=0.00s Real=0.10s
[14.973s][info][gc,start       ] GC(73) Pause Full (System.gc())
[14.974s][info][gc,phases,start] GC(73) Phase 1: Mark live objects
[15.016s][info][gc,phases      ] GC(73) Phase 1: Mark live objects 42.360ms
[15.016s][info][gc,phases,start] GC(73) Phase 2: Compute new object addresses
[15.045s][info][gc,phases      ] GC(73) Phase 2: Compute new object addresses 29.454ms
[15.045s][info][gc,phases,start] GC(73) Phase 3: Adjust pointers
[15.067s][info][gc,phases      ] GC(73) Phase 3: Adjust pointers 21.877ms
[15.067s][info][gc,phases,start] GC(73) Phase 4: Move objects
[15.067s][info][gc,phases      ] GC(73) Phase 4: Move objects 0.011ms
[15.067s][info][gc,heap        ] GC(73) DefNew: 161778K(629120K)->0K(629120K) Eden: 161778K(559232K)->0K(559232K) From: 0K(69888K)->0K(69888K)
[15.067s][info][gc,heap        ] GC(73) Tenured: 34923K(1398144K)->34923K(1398144K)
[15.067s][info][gc,metaspace   ] GC(73) Metaspace: 11675K(11840K)->11675K(11840K) NonClass: 10102K(10176K)->10102K(10176K) Class: 1573K(1664K)->1573K(1664K)
[15.068s][info][gc             ] GC(73) Pause Full (System.gc()) 192M->34M(1979M) 94.041ms
[15.068s][info][gc,cpu         ] GC(73) User=0.09s Sys=0.00s Real=0.09s
[15.151s][info][gc,start       ] GC(74) Pause Full (System.gc())
[15.151s][info][gc,phases,start] GC(74) Phase 1: Mark live objects
[15.193s][info][gc,phases      ] GC(74) Phase 1: Mark live objects 42.729ms
[15.194s][info][gc,phases,start] GC(74) Phase 2: Compute new object addresses
[15.224s][info][gc,phases      ] GC(74) Phase 2: Compute new object addresses 30.861ms
[15.224s][info][gc,phases,start] GC(74) Phase 3: Adjust pointers
[15.246s][info][gc,phases      ] GC(74) Phase 3: Adjust pointers 21.598ms
[15.246s][info][gc,phases,start] GC(74) Phase 4: Move objects
[15.246s][info][gc,phases      ] GC(74) Phase 4: Move objects 0.010ms
[15.246s][info][gc,heap        ] GC(74) DefNew: 161778K(629120K)->0K(629120K) Eden: 161778K(559232K)->0K(559232K) From: 0K(69888K)->0K(69888K)
[15.246s][info][gc,heap        ] GC(74) Tenured: 34923K(1398144K)->34924K(1398144K)
[15.246s][info][gc,metaspace   ] GC(74) Metaspace: 11675K(11840K)->11675K(11840K) NonClass: 10102K(10176K)->10102K(10176K) Class: 1573K(1664K)->1573K(1664K)
[15.246s][info][gc             ] GC(74) Pause Full (System.gc()) 192M->34M(1979M) 95.646ms
[15.246s][info][gc,cpu         ] GC(74) User=0.06s Sys=0.00s Real=0.10s
[15.326s][info][gc,start       ] GC(75) Pause Full (System.gc())
[15.327s][info][gc,phases,start] GC(75) Phase 1: Mark live objects
[15.368s][info][gc,phases      ] GC(75) Phase 1: Mark live objects 41.469ms
[15.368s][info][gc,phases,start] GC(75) Phase 2: Compute new object addresses
[15.398s][info][gc,phases      ] GC(75) Phase 2: Compute new object addresses 29.494ms
[15.398s][info][gc,phases,start] GC(75) Phase 3: Adjust pointers
[15.420s][info][gc,phases      ] GC(75) Phase 3: Adjust pointers 21.973ms
[15.420s][info][gc,phases,start] GC(75) Phase 4: Move objects
[15.420s][info][gc,phases      ] GC(75) Phase 4: Move objects 0.012ms
[15.420s][info][gc,heap        ] GC(75) DefNew: 161778K(629120K)->0K(629120K) Eden: 161778K(559232K)->0K(559232K) From: 0K(69888K)->0K(69888K)
[15.420s][info][gc,heap        ] GC(75) Tenured: 34924K(1398144K)->34923K(1398144K)
[15.420s][info][gc,metaspace   ] GC(75) Metaspace: 11675K(11840K)->11675K(11840K) NonClass: 10102K(10176K)->10102K(10176K) Class: 1573K(1664K)->1573K(1664K)
[15.420s][info][gc             ] GC(75) Pause Full (System.gc()) 192M->34M(1979M) 93.302ms
[15.420s][info][gc,cpu         ] GC(75) User=0.09s Sys=0.00s Real=0.08s
[15.502s][info][gc,start       ] GC(76) Pause Full (System.gc())
[15.502s][info][gc,phases,start] GC(76) Phase 1: Mark live objects
[15.544s][info][gc,phases      ] GC(76) Phase 1: Mark live objects 41.758ms
[15.544s][info][gc,phases,start] GC(76) Phase 2: Compute new object addresses
[15.574s][info][gc,phases      ] GC(76) Phase 2: Compute new object addresses 29.960ms
[15.574s][info][gc,phases,start] GC(76) Phase 3: Adjust pointers
[15.596s][info][gc,phases      ] GC(76) Phase 3: Adjust pointers 21.659ms
[15.596s][info][gc,phases,start] GC(76) Phase 4: Move objects
[15.596s][info][gc,phases      ] GC(76) Phase 4: Move objects 0.010ms
[15.596s][info][gc,heap        ] GC(76) DefNew: 161778K(629120K)->0K(629120K) Eden: 161778K(559232K)->0K(559232K) From: 0K(69888K)->0K(69888K)
[15.596s][info][gc,heap        ] GC(76) Tenured: 34923K(1398144K)->34923K(1398144K)
[15.596s][info][gc,metaspace   ] GC(76) Metaspace: 11678K(11840K)->11678K(11840K) NonClass: 10105K(10176K)->10105K(10176K) Class: 1573K(1664K)->1573K(1664K)
[15.596s][info][gc             ] GC(76) Pause Full (System.gc()) 192M->34M(1979M) 93.756ms
[15.596s][info][gc,cpu         ] GC(76) User=0.09s Sys=0.00s Real=0.09s
[15.678s][info][gc,start       ] GC(77) Pause Full (System.gc())
[15.678s][info][gc,phases,start] GC(77) Phase 1: Mark live objects
[15.719s][info][gc,phases      ] GC(77) Phase 1: Mark live objects 41.609ms
[15.719s][info][gc,phases,start] GC(77) Phase 2: Compute new object addresses
[15.749s][info][gc,phases      ] GC(77) Phase 2: Compute new object addresses 29.499ms
[15.749s][info][gc,phases,start] GC(77) Phase 3: Adjust pointers
[15.771s][info][gc,phases      ] GC(77) Phase 3: Adjust pointers 21.778ms
[15.771s][info][gc,phases,start] GC(77) Phase 4: Move objects
[15.771s][info][gc,phases      ] GC(77) Phase 4: Move objects 0.009ms
[15.771s][info][gc,heap        ] GC(77) DefNew: 161778K(629120K)->0K(629120K) Eden: 161778K(559232K)->0K(559232K) From: 0K(69888K)->0K(69888K)
[15.771s][info][gc,heap        ] GC(77) Tenured: 34923K(1398144K)->34924K(1398144K)
[15.771s][info][gc,metaspace   ] GC(77) Metaspace: 11681K(11904K)->11681K(11904K) NonClass: 10107K(10240K)->10107K(10240K) Class: 1573K(1664K)->1573K(1664K)
[15.771s][info][gc             ] GC(77) Pause Full (System.gc()) 192M->34M(1979M) 93.203ms
[15.771s][info][gc,cpu         ] GC(77) User=0.09s Sys=0.00s Real=0.10s
[15.853s][info][gc,start       ] GC(78) Pause Full (System.gc())
[15.854s][info][gc,phases,start] GC(78) Phase 1: Mark live objects
[15.895s][info][gc,phases      ] GC(78) Phase 1: Mark live objects 41.531ms
[15.895s][info][gc,phases,start] GC(78) Phase 2: Compute new object addresses
[15.925s][info][gc,phases      ] GC(78) Phase 2: Compute new object addresses 29.755ms
[15.925s][info][gc,phases,start] GC(78) Phase 3: Adjust pointers
[15.947s][info][gc,phases      ] GC(78) Phase 3: Adjust pointers 21.871ms
[15.947s][info][gc,phases,start] GC(78) Phase 4: Move objects
[15.947s][info][gc,phases      ] GC(78) Phase 4: Move objects 0.010ms
[15.947s][info][gc,heap        ] GC(78) DefNew: 161778K(629120K)->0K(629120K) Eden: 161778K(559232K)->0K(559232K) From: 0K(69888K)->0K(69888K)
[15.947s][info][gc,heap        ] GC(78) Tenured: 34924K(1398144K)->34925K(1398144K)
[15.947s][info][gc,metaspace   ] GC(78) Metaspace: 11681K(11904K)->11681K(11904K) NonClass: 10107K(10240K)->10107K(10240K) Class: 1573K(1664K)->1573K(1664K)
[15.947s][info][gc             ] GC(78) Pause Full (System.gc()) 192M->34M(1979M) 93.542ms
[15.947s][info][gc,cpu         ] GC(78) User=0.08s Sys=0.00s Real=0.10s
[16.033s][info][gc,start       ] GC(79) Pause Full (System.gc())
[16.033s][info][gc,phases,start] GC(79) Phase 1: Mark live objects
[16.075s][info][gc,phases      ] GC(79) Phase 1: Mark live objects 41.880ms
[16.075s][info][gc,phases,start] GC(79) Phase 2: Compute new object addresses
[16.105s][info][gc,phases      ] GC(79) Phase 2: Compute new object addresses 29.783ms
[16.105s][info][gc,phases,start] GC(79) Phase 3: Adjust pointers
[16.126s][info][gc,phases      ] GC(79) Phase 3: Adjust pointers 21.679ms
[16.126s][info][gc,phases,start] GC(79) Phase 4: Move objects
[16.126s][info][gc,phases      ] GC(79) Phase 4: Move objects 0.010ms
[16.126s][info][gc,heap        ] GC(79) DefNew: 161778K(629120K)->0K(629120K) Eden: 161778K(559232K)->0K(559232K) From: 0K(69888K)->0K(69888K)
[16.126s][info][gc,heap        ] GC(79) Tenured: 34925K(1398144K)->34923K(1398144K)
[16.127s][info][gc,metaspace   ] GC(79) Metaspace: 11681K(11904K)->11681K(11904K) NonClass: 10107K(10240K)->10107K(10240K) Class: 1573K(1664K)->1573K(1664K)
[16.127s][info][gc             ] GC(79) Pause Full (System.gc()) 192M->34M(1979M) 93.693ms
[16.127s][info][gc,cpu         ] GC(79) User=0.09s Sys=0.00s Real=0.09s
[16.209s][info][gc,start       ] GC(80) Pause Full (System.gc())
[16.209s][info][gc,phases,start] GC(80) Phase 1: Mark live objects
[16.251s][info][gc,phases      ] GC(80) Phase 1: Mark live objects 41.444ms
[16.251s][info][gc,phases,start] GC(80) Phase 2: Compute new object addresses
[16.280s][info][gc,phases      ] GC(80) Phase 2: Compute new object addresses 29.350ms
[16.280s][info][gc,phases,start] GC(80) Phase 3: Adjust pointers
[16.302s][info][gc,phases      ] GC(80) Phase 3: Adjust pointers 21.773ms
[16.302s][info][gc,phases,start] GC(80) Phase 4: Move objects
[16.302s][info][gc,phases      ] GC(80) Phase 4: Move objects 0.010ms
[16.302s][info][gc,heap        ] GC(80) DefNew: 161778K(629120K)->0K(629120K) Eden: 161778K(559232K)->0K(559232K) From: 0K(69888K)->0K(69888K)
[16.302s][info][gc,heap        ] GC(80) Tenured: 34923K(1398144K)->34923K(1398144K)
[16.302s][info][gc,metaspace   ] GC(80) Metaspace: 11681K(11904K)->11681K(11904K) NonClass: 10107K(10240K)->10107K(10240K) Class: 1573K(1664K)->1573K(1664K)
[16.302s][info][gc             ] GC(80) Pause Full (System.gc()) 192M->34M(1979M) 92.908ms
[16.302s][info][gc,cpu         ] GC(80) User=0.09s Sys=0.00s Real=0.09s
[16.383s][info][gc,start       ] GC(81) Pause Full (System.gc())
[16.383s][info][gc,phases,start] GC(81) Phase 1: Mark live objects
[16.426s][info][gc,phases      ] GC(81) Phase 1: Mark live objects 42.761ms
[16.426s][info][gc,phases,start] GC(81) Phase 2: Compute new object addresses
[16.456s][info][gc,phases      ] GC(81) Phase 2: Compute new object addresses 29.798ms
[16.456s][info][gc,phases,start] GC(81) Phase 3: Adjust pointers
[16.478s][info][gc,phases      ] GC(81) Phase 3: Adjust pointers 21.832ms
[16.478s][info][gc,phases,start] GC(81) Phase 4: Move objects
[16.478s][info][gc,phases      ] GC(81) Phase 4: Move objects 0.022ms
[16.478s][info][gc,heap        ] GC(81) DefNew: 161778K(629120K)->0K(629120K) Eden: 161778K(559232K)->0K(559232K) From: 0K(69888K)->0K(69888K)
[16.478s][info][gc,heap        ] GC(81) Tenured: 34923K(1398144K)->34923K(1398144K)
[16.478s][info][gc,metaspace   ] GC(81) Metaspace: 11681K(11904K)->11681K(11904K) NonClass: 10107K(10240K)->10107K(10240K) Class: 1573K(1664K)->1573K(1664K)
[16.478s][info][gc             ] GC(81) Pause Full (System.gc()) 192M->34M(1979M) 94.758ms
[16.478s][info][gc,cpu         ] GC(81) User=0.11s Sys=0.00s Real=0.09s
[16.561s][info][gc,start       ] GC(82) Pause Full (System.gc())
[16.561s][info][gc,phases,start] GC(82) Phase 1: Mark live objects
[16.603s][info][gc,phases      ] GC(82) Phase 1: Mark live objects 42.461ms
[16.603s][info][gc,phases,start] GC(82) Phase 2: Compute new object addresses
[16.633s][info][gc,phases      ] GC(82) Phase 2: Compute new object addresses 29.491ms
[16.633s][info][gc,phases,start] GC(82) Phase 3: Adjust pointers
[16.654s][info][gc,phases      ] GC(82) Phase 3: Adjust pointers 21.549ms
[16.654s][info][gc,phases,start] GC(82) Phase 4: Move objects
[16.654s][info][gc,phases      ] GC(82) Phase 4: Move objects 0.011ms
[16.654s][info][gc,heap        ] GC(82) DefNew: 161778K(629120K)->0K(629120K) Eden: 161778K(559232K)->0K(559232K) From: 0K(69888K)->0K(69888K)
[16.655s][info][gc,heap        ] GC(82) Tenured: 34923K(1398144K)->34924K(1398144K)
[16.655s][info][gc,metaspace   ] GC(82) Metaspace: 11681K(11904K)->11681K(11904K) NonClass: 10107K(10240K)->10107K(10240K) Class: 1573K(1664K)->1573K(1664K)
[16.655s][info][gc             ] GC(82) Pause Full (System.gc()) 192M->34M(1979M) 93.845ms
[16.655s][info][gc,cpu         ] GC(82) User=0.09s Sys=0.00s Real=0.09s
[16.737s][info][gc,start       ] GC(83) Pause Full (System.gc())
[16.737s][info][gc,phases,start] GC(83) Phase 1: Mark live objects
[16.779s][info][gc,phases      ] GC(83) Phase 1: Mark live objects 42.170ms
[16.780s][info][gc,phases,start] GC(83) Phase 2: Compute new object addresses
[16.809s][info][gc,phases      ] GC(83) Phase 2: Compute new object addresses 29.628ms
[16.809s][info][gc,phases,start] GC(83) Phase 3: Adjust pointers
[16.831s][info][gc,phases      ] GC(83) Phase 3: Adjust pointers 21.764ms
[16.831s][info][gc,phases,start] GC(83) Phase 4: Move objects
[16.831s][info][gc,phases      ] GC(83) Phase 4: Move objects 0.026ms
[16.831s][info][gc,heap        ] GC(83) DefNew: 161778K(629120K)->0K(629120K) Eden: 161778K(559232K)->0K(559232K) From: 0K(69888K)->0K(69888K)
[16.831s][info][gc,heap        ] GC(83) Tenured: 34924K(1398144K)->34923K(1398144K)
[16.831s][info][gc,metaspace   ] GC(83) Metaspace: 11681K(11904K)->11681K(11904K) NonClass: 10107K(10240K)->10107K(10240K) Class: 1573K(1664K)->1573K(1664K)
[16.831s][info][gc             ] GC(83) Pause Full (System.gc()) 192M->34M(1979M) 93.941ms
[16.831s][info][gc,cpu         ] GC(83) User=0.09s Sys=0.00s Real=0.08s
[16.913s][info][gc,start       ] GC(84) Pause Full (System.gc())
[16.913s][info][gc,phases,start] GC(84) Phase 1: Mark live objects
[16.955s][info][gc,phases      ] GC(84) Phase 1: Mark live objects 42.225ms
[16.955s][info][gc,phases,start] GC(84) Phase 2: Compute new object addresses
[16.985s][info][gc,phases      ] GC(84) Phase 2: Compute new object addresses 29.810ms
[16.985s][info][gc,phases,start] GC(84) Phase 3: Adjust pointers
[17.007s][info][gc,phases      ] GC(84) Phase 3: Adjust pointers 21.558ms
[17.007s][info][gc,phases,start] GC(84) Phase 4: Move objects
[17.007s][info][gc,phases      ] GC(84) Phase 4: Move objects 0.010ms
[17.007s][info][gc,heap        ] GC(84) DefNew: 161778K(629120K)->0K(629120K) Eden: 161778K(559232K)->0K(559232K) From: 0K(69888K)->0K(69888K)
[17.007s][info][gc,heap        ] GC(84) Tenured: 34923K(1398144K)->34923K(1398144K)
[17.007s][info][gc,metaspace   ] GC(84) Metaspace: 11681K(11904K)->11681K(11904K) NonClass: 10107K(10240K)->10107K(10240K) Class: 1573K(1664K)->1573K(1664K)
[17.007s][info][gc             ] GC(84) Pause Full (System.gc()) 192M->34M(1979M) 93.958ms
[17.007s][info][gc,cpu         ] GC(84) User=0.06s Sys=0.02s Real=0.09s
[17.089s][info][gc,start       ] GC(85) Pause Full (System.gc())
[17.089s][info][gc,phases,start] GC(85) Phase 1: Mark live objects
[17.131s][info][gc,phases      ] GC(85) Phase 1: Mark live objects 42.449ms
[17.131s][info][gc,phases,start] GC(85) Phase 2: Compute new object addresses
[17.161s][info][gc,phases      ] GC(85) Phase 2: Compute new object addresses 29.580ms
[17.161s][info][gc,phases,start] GC(85) Phase 3: Adjust pointers
[17.183s][info][gc,phases      ] GC(85) Phase 3: Adjust pointers 21.962ms
[17.183s][info][gc,phases,start] GC(85) Phase 4: Move objects
[17.183s][info][gc,phases      ] GC(85) Phase 4: Move objects 0.010ms
[17.183s][info][gc,heap        ] GC(85) DefNew: 161778K(629120K)->0K(629120K) Eden: 161778K(559232K)->0K(559232K) From: 0K(69888K)->0K(69888K)
[17.183s][info][gc,heap        ] GC(85) Tenured: 34923K(1398144K)->34923K(1398144K)
[17.183s][info][gc,metaspace   ] GC(85) Metaspace: 11681K(11904K)->11681K(11904K) NonClass: 10107K(10240K)->10107K(10240K) Class: 1573K(1664K)->1573K(1664K)
[17.183s][info][gc             ] GC(85) Pause Full (System.gc()) 192M->34M(1979M) 94.338ms
[17.183s][info][gc,cpu         ] GC(85) User=0.09s Sys=0.00s Real=0.09s
[17.265s][info][gc,start       ] GC(86) Pause Full (System.gc())
[17.265s][info][gc,phases,start] GC(86) Phase 1: Mark live objects
[17.307s][info][gc,phases      ] GC(86) Phase 1: Mark live objects 41.509ms
[17.307s][info][gc,phases,start] GC(86) Phase 2: Compute new object addresses
[17.336s][info][gc,phases      ] GC(86) Phase 2: Compute new object addresses 29.411ms
[17.336s][info][gc,phases,start] GC(86) Phase 3: Adjust pointers
[17.358s][info][gc,phases      ] GC(86) Phase 3: Adjust pointers 21.479ms
[17.358s][info][gc,phases,start] GC(86) Phase 4: Move objects
[17.358s][info][gc,phases      ] GC(86) Phase 4: Move objects 0.010ms
[17.358s][info][gc,heap        ] GC(86) DefNew: 161778K(629120K)->0K(629120K) Eden: 161778K(559232K)->0K(559232K) From: 0K(69888K)->0K(69888K)
[17.358s][info][gc,heap        ] GC(86) Tenured: 34923K(1398144K)->34924K(1398144K)
[17.358s][info][gc,metaspace   ] GC(86) Metaspace: 11681K(11904K)->11681K(11904K) NonClass: 10108K(10240K)->10108K(10240K) Class: 1573K(1664K)->1573K(1664K)
[17.358s][info][gc             ] GC(86) Pause Full (System.gc()) 192M->34M(1979M) 92.734ms
[17.358s][info][gc,cpu         ] GC(86) User=0.09s Sys=0.00s Real=0.08s
[17.440s][info][gc,start       ] GC(87) Pause Full (System.gc())
[17.440s][info][gc,phases,start] GC(87) Phase 1: Mark live objects
[17.483s][info][gc,phases      ] GC(87) Phase 1: Mark live objects 42.571ms
[17.483s][info][gc,phases,start] GC(87) Phase 2: Compute new object addresses
[17.512s][info][gc,phases      ] GC(87) Phase 2: Compute new object addresses 29.552ms
[17.512s][info][gc,phases,start] GC(87) Phase 3: Adjust pointers
[17.534s][info][gc,phases      ] GC(87) Phase 3: Adjust pointers 21.542ms
[17.534s][info][gc,phases,start] GC(87) Phase 4: Move objects
[17.534s][info][gc,phases      ] GC(87) Phase 4: Move objects 0.012ms
[17.534s][info][gc,heap        ] GC(87) DefNew: 161778K(629120K)->0K(629120K) Eden: 161778K(559232K)->0K(559232K) From: 0K(69888K)->0K(69888K)
[17.534s][info][gc,heap        ] GC(87) Tenured: 34924K(1398144K)->34923K(1398144K)
[17.534s][info][gc,metaspace   ] GC(87) Metaspace: 11681K(11904K)->11681K(11904K) NonClass: 10108K(10240K)->10108K(10240K) Class: 1573K(1664K)->1573K(1664K)
[17.534s][info][gc             ] GC(87) Pause Full (System.gc()) 192M->34M(1979M) 94.018ms
[17.534s][info][gc,cpu         ] GC(87) User=0.08s Sys=0.00s Real=0.08s
[17.617s][info][gc,start       ] GC(88) Pause Full (System.gc())
[17.617s][info][gc,phases,start] GC(88) Phase 1: Mark live objects
[17.658s][info][gc,phases      ] GC(88) Phase 1: Mark live objects 41.749ms
[17.659s][info][gc,phases,start] GC(88) Phase 2: Compute new object addresses
[17.688s][info][gc,phases      ] GC(88) Phase 2: Compute new object addresses 29.773ms
[17.688s][info][gc,phases,start] GC(88) Phase 3: Adjust pointers
[17.710s][info][gc,phases      ] GC(88) Phase 3: Adjust pointers 21.450ms
[17.710s][info][gc,phases,start] GC(88) Phase 4: Move objects
[17.710s][info][gc,phases      ] GC(88) Phase 4: Move objects 0.010ms
[17.710s][info][gc,heap        ] GC(88) DefNew: 161778K(629120K)->0K(629120K) Eden: 161778K(559232K)->0K(559232K) From: 0K(69888K)->0K(69888K)
[17.710s][info][gc,heap        ] GC(88) Tenured: 34923K(1398144K)->34923K(1398144K)
[17.710s][info][gc,metaspace   ] GC(88) Metaspace: 11681K(11904K)->11681K(11904K) NonClass: 10108K(10240K)->10108K(10240K) Class: 1573K(1664K)->1573K(1664K)
[17.710s][info][gc             ] GC(88) Pause Full (System.gc()) 192M->34M(1979M) 93.325ms
[17.710s][info][gc,cpu         ] GC(88) User=0.09s Sys=0.00s Real=0.08s
[17.791s][info][gc,start       ] GC(89) Pause Full (System.gc())
[17.791s][info][gc,phases,start] GC(89) Phase 1: Mark live objects
[17.833s][info][gc,phases      ] GC(89) Phase 1: Mark live objects 42.254ms
[17.834s][info][gc,phases,start] GC(89) Phase 2: Compute new object addresses
[17.863s][info][gc,phases      ] GC(89) Phase 2: Compute new object addresses 29.522ms
[17.863s][info][gc,phases,start] GC(89) Phase 3: Adjust pointers
[17.885s][info][gc,phases      ] GC(89) Phase 3: Adjust pointers 22.026ms
[17.885s][info][gc,phases,start] GC(89) Phase 4: Move objects
[17.885s][info][gc,phases      ] GC(89) Phase 4: Move objects 0.009ms
[17.885s][info][gc,heap        ] GC(89) DefNew: 161778K(629120K)->0K(629120K) Eden: 161778K(559232K)->0K(559232K) From: 0K(69888K)->0K(69888K)
[17.885s][info][gc,heap        ] GC(89) Tenured: 34923K(1398144K)->34923K(1398144K)
[17.885s][info][gc,metaspace   ] GC(89) Metaspace: 11681K(11904K)->11681K(11904K) NonClass: 10108K(10240K)->10108K(10240K) Class: 1573K(1664K)->1573K(1664K)
[17.885s][info][gc             ] GC(89) Pause Full (System.gc()) 192M->34M(1979M) 94.171ms
[17.885s][info][gc,cpu         ] GC(89) User=0.09s Sys=0.00s Real=0.08s
[17.967s][info][gc,start       ] GC(90) Pause Full (System.gc())
[17.967s][info][gc,phases,start] GC(90) Phase 1: Mark live objects
[18.009s][info][gc,phases      ] GC(90) Phase 1: Mark live objects 41.898ms
[18.009s][info][gc,phases,start] GC(90) Phase 2: Compute new object addresses
[18.039s][info][gc,phases      ] GC(90) Phase 2: Compute new object addresses 29.700ms
[18.039s][info][gc,phases,start] GC(90) Phase 3: Adjust pointers
[18.061s][info][gc,phases      ] GC(90) Phase 3: Adjust pointers 21.787ms
[18.061s][info][gc,phases,start] GC(90) Phase 4: Move objects
[18.061s][info][gc,phases      ] GC(90) Phase 4: Move objects 0.011ms
[18.061s][info][gc,heap        ] GC(90) DefNew: 161778K(629120K)->0K(629120K) Eden: 161778K(559232K)->0K(559232K) From: 0K(69888K)->0K(69888K)
[18.061s][info][gc,heap        ] GC(90) Tenured: 34923K(1398144K)->34924K(1398144K)
[18.061s][info][gc,metaspace   ] GC(90) Metaspace: 11681K(11904K)->11681K(11904K) NonClass: 10108K(10240K)->10108K(10240K) Class: 1573K(1664K)->1573K(1664K)
[18.061s][info][gc             ] GC(90) Pause Full (System.gc()) 192M->34M(1979M) 93.751ms
[18.061s][info][gc,cpu         ] GC(90) User=0.08s Sys=0.00s Real=0.08s
[18.143s][info][gc,start       ] GC(91) Pause Full (System.gc())
[18.143s][info][gc,phases,start] GC(91) Phase 1: Mark live objects
[18.186s][info][gc,phases      ] GC(91) Phase 1: Mark live objects 42.959ms
[18.186s][info][gc,phases,start] GC(91) Phase 2: Compute new object addresses
[18.216s][info][gc,phases      ] GC(91) Phase 2: Compute new object addresses 30.085ms
[18.216s][info][gc,phases,start] GC(91) Phase 3: Adjust pointers
[18.238s][info][gc,phases      ] GC(91) Phase 3: Adjust pointers 21.617ms
[18.238s][info][gc,phases,start] GC(91) Phase 4: Move objects
[18.238s][info][gc,phases      ] GC(91) Phase 4: Move objects 0.010ms
[18.238s][info][gc,heap        ] GC(91) DefNew: 161778K(629120K)->0K(629120K) Eden: 161778K(559232K)->0K(559232K) From: 0K(69888K)->0K(69888K)
[18.238s][info][gc,heap        ] GC(91) Tenured: 34924K(1398144K)->34923K(1398144K)
[18.238s][info][gc,metaspace   ] GC(91) Metaspace: 11681K(11904K)->11681K(11904K) NonClass: 10108K(10240K)->10108K(10240K) Class: 1573K(1664K)->1573K(1664K)
[18.238s][info][gc             ] GC(91) Pause Full (System.gc()) 192M->34M(1979M) 95.027ms
[18.238s][info][gc,cpu         ] GC(91) User=0.09s Sys=0.00s Real=0.08s
[18.323s][info][gc,start       ] GC(92) Pause Full (System.gc())
[18.323s][info][gc,phases,start] GC(92) Phase 1: Mark live objects
[18.365s][info][gc,phases      ] GC(92) Phase 1: Mark live objects 41.596ms
[18.365s][info][gc,phases,start] GC(92) Phase 2: Compute new object addresses
[18.394s][info][gc,phases      ] GC(92) Phase 2: Compute new object addresses 29.295ms
[18.394s][info][gc,phases,start] GC(92) Phase 3: Adjust pointers
[18.416s][info][gc,phases      ] GC(92) Phase 3: Adjust pointers 21.934ms
[18.416s][info][gc,phases,start] GC(92) Phase 4: Move objects
[18.416s][info][gc,phases      ] GC(92) Phase 4: Move objects 0.010ms
[18.416s][info][gc,heap        ] GC(92) DefNew: 161778K(629120K)->0K(629120K) Eden: 161778K(559232K)->0K(559232K) From: 0K(69888K)->0K(69888K)
[18.416s][info][gc,heap        ] GC(92) Tenured: 34923K(1398144K)->34923K(1398144K)
[18.416s][info][gc,metaspace   ] GC(92) Metaspace: 11681K(11904K)->11681K(11904K) NonClass: 10108K(10240K)->10108K(10240K) Class: 1573K(1664K)->1573K(1664K)
[18.416s][info][gc             ] GC(92) Pause Full (System.gc()) 192M->34M(1979M) 93.163ms
[18.416s][info][gc,cpu         ] GC(92) User=0.08s Sys=0.00s Real=0.09s
[18.498s][info][gc,start       ] GC(93) Pause Full (System.gc())
[18.499s][info][gc,phases,start] GC(93) Phase 1: Mark live objects
[18.540s][info][gc,phases      ] GC(93) Phase 1: Mark live objects 41.655ms
[18.540s][info][gc,phases,start] GC(93) Phase 2: Compute new object addresses
[18.570s][info][gc,phases      ] GC(93) Phase 2: Compute new object addresses 29.429ms
[18.570s][info][gc,phases,start] GC(93) Phase 3: Adjust pointers
[18.591s][info][gc,phases      ] GC(93) Phase 3: Adjust pointers 21.655ms
[18.591s][info][gc,phases,start] GC(93) Phase 4: Move objects
[18.591s][info][gc,phases      ] GC(93) Phase 4: Move objects 0.009ms
[18.592s][info][gc,heap        ] GC(93) DefNew: 161778K(629120K)->0K(629120K) Eden: 161778K(559232K)->0K(559232K) From: 0K(69888K)->0K(69888K)
[18.592s][info][gc,heap        ] GC(93) Tenured: 34923K(1398144K)->34923K(1398144K)
[18.592s][info][gc,metaspace   ] GC(93) Metaspace: 11681K(11904K)->11681K(11904K) NonClass: 10108K(10240K)->10108K(10240K) Class: 1573K(1664K)->1573K(1664K)
[18.592s][info][gc             ] GC(93) Pause Full (System.gc()) 192M->34M(1979M) 93.076ms
[18.592s][info][gc,cpu         ] GC(93) User=0.09s Sys=0.00s Real=0.09s
[18.675s][info][gc,start       ] GC(94) Pause Full (System.gc())
[18.675s][info][gc,phases,start] GC(94) Phase 1: Mark live objects
[18.717s][info][gc,phases      ] GC(94) Phase 1: Mark live objects 42.668ms
[18.718s][info][gc,phases,start] GC(94) Phase 2: Compute new object addresses
[18.747s][info][gc,phases      ] GC(94) Phase 2: Compute new object addresses 29.417ms
[18.747s][info][gc,phases,start] GC(94) Phase 3: Adjust pointers
[18.769s][info][gc,phases      ] GC(94) Phase 3: Adjust pointers 21.611ms
[18.769s][info][gc,phases,start] GC(94) Phase 4: Move objects
[18.769s][info][gc,phases      ] GC(94) Phase 4: Move objects 0.010ms
[18.769s][info][gc,heap        ] GC(94) DefNew: 161778K(629120K)->0K(629120K) Eden: 161778K(559232K)->0K(559232K) From: 0K(69888K)->0K(69888K)
[18.769s][info][gc,heap        ] GC(94) Tenured: 34923K(1398144K)->34924K(1398144K)
[18.769s][info][gc,metaspace   ] GC(94) Metaspace: 11682K(11904K)->11682K(11904K) NonClass: 10109K(10240K)->10109K(10240K) Class: 1573K(1664K)->1573K(1664K)
[18.769s][info][gc             ] GC(94) Pause Full (System.gc()) 192M->34M(1979M) 94.032ms
[18.769s][info][gc,cpu         ] GC(94) User=0.09s Sys=0.00s Real=0.09s
[18.852s][info][gc,start       ] GC(95) Pause Full (System.gc())
[18.852s][info][gc,phases,start] GC(95) Phase 1: Mark live objects
[18.893s][info][gc,phases      ] GC(95) Phase 1: Mark live objects 41.179ms
[18.893s][info][gc,phases,start] GC(95) Phase 2: Compute new object addresses
[18.923s][info][gc,phases      ] GC(95) Phase 2: Compute new object addresses 29.656ms
[18.923s][info][gc,phases,start] GC(95) Phase 3: Adjust pointers
[18.945s][info][gc,phases      ] GC(95) Phase 3: Adjust pointers 21.914ms
[18.945s][info][gc,phases,start] GC(95) Phase 4: Move objects
[18.945s][info][gc,phases      ] GC(95) Phase 4: Move objects 0.011ms
[18.945s][info][gc,heap        ] GC(95) DefNew: 161783K(629120K)->0K(629120K) Eden: 161783K(559232K)->0K(559232K) From: 0K(69888K)->0K(69888K)
[18.945s][info][gc,heap        ] GC(95) Tenured: 34924K(1398144K)->34923K(1398144K)
[18.945s][info][gc,metaspace   ] GC(95) Metaspace: 11682K(11904K)->11682K(11904K) NonClass: 10109K(10240K)->10109K(10240K) Class: 1573K(1664K)->1573K(1664K)
[18.945s][info][gc             ] GC(95) Pause Full (System.gc()) 192M->34M(1979M) 93.160ms
[18.945s][info][gc,cpu         ] GC(95) User=0.08s Sys=0.02s Real=0.10s
[19.027s][info][gc,start       ] GC(96) Pause Full (System.gc())
[19.027s][info][gc,phases,start] GC(96) Phase 1: Mark live objects
[19.067s][info][gc,phases      ] GC(96) Phase 1: Mark live objects 40.349ms
[19.067s][info][gc,phases,start] GC(96) Phase 2: Compute new object addresses
[19.096s][info][gc,phases      ] GC(96) Phase 2: Compute new object addresses 29.259ms
[19.096s][info][gc,phases,start] GC(96) Phase 3: Adjust pointers
[19.118s][info][gc,phases      ] GC(96) Phase 3: Adjust pointers 21.902ms
[19.118s][info][gc,phases,start] GC(96) Phase 4: Move objects
[19.118s][info][gc,phases      ] GC(96) Phase 4: Move objects 0.010ms
[19.118s][info][gc,heap        ] GC(96) DefNew: 161778K(629120K)->0K(629120K) Eden: 161778K(559232K)->0K(559232K) From: 0K(69888K)->0K(69888K)
[19.118s][info][gc,heap        ] GC(96) Tenured: 34923K(1398144K)->34923K(1398144K)
[19.118s][info][gc,metaspace   ] GC(96) Metaspace: 11685K(11904K)->11685K(11904K) NonClass: 10111K(10240K)->10111K(10240K) Class: 1573K(1664K)->1573K(1664K)
[19.118s][info][gc             ] GC(96) Pause Full (System.gc()) 192M->34M(1979M) 91.815ms
[19.118s][info][gc,cpu         ] GC(96) User=0.06s Sys=0.00s Real=0.09s
[19.201s][info][gc,start       ] GC(97) Pause Full (System.gc())
[19.201s][info][gc,phases,start] GC(97) Phase 1: Mark live objects
[19.242s][info][gc,phases      ] GC(97) Phase 1: Mark live objects 41.138ms
[19.242s][info][gc,phases,start] GC(97) Phase 2: Compute new object addresses
[19.272s][info][gc,phases      ] GC(97) Phase 2: Compute new object addresses 29.746ms
[19.272s][info][gc,phases,start] GC(97) Phase 3: Adjust pointers
[19.294s][info][gc,phases      ] GC(97) Phase 3: Adjust pointers 21.755ms
[19.295s][info][gc,phases,start] GC(97) Phase 4: Move objects
[19.295s][info][gc,phases      ] GC(97) Phase 4: Move objects 0.042ms
[19.295s][info][gc,heap        ] GC(97) DefNew: 161783K(629120K)->0K(629120K) Eden: 161783K(559232K)->0K(559232K) From: 0K(69888K)->0K(69888K)
[19.295s][info][gc,heap        ] GC(97) Tenured: 34923K(1398144K)->34923K(1398144K)
[19.295s][info][gc,metaspace   ] GC(97) Metaspace: 11689K(11904K)->11689K(11904K) NonClass: 10115K(10240K)->10115K(10240K) Class: 1573K(1664K)->1573K(1664K)
[19.295s][info][gc             ] GC(97) Pause Full (System.gc()) 192M->34M(1979M) 94.677ms
[19.295s][info][gc,cpu         ] GC(97) User=0.08s Sys=0.00s Real=0.10s
[19.377s][info][gc,start       ] GC(98) Pause Full (System.gc())
[19.377s][info][gc,phases,start] GC(98) Phase 1: Mark live objects
[19.418s][info][gc,phases      ] GC(98) Phase 1: Mark live objects 40.579ms
[19.418s][info][gc,phases,start] GC(98) Phase 2: Compute new object addresses
[19.447s][info][gc,phases      ] GC(98) Phase 2: Compute new object addresses 29.391ms
[19.447s][info][gc,phases,start] GC(98) Phase 3: Adjust pointers
[19.469s][info][gc,phases      ] GC(98) Phase 3: Adjust pointers 21.754ms
[19.469s][info][gc,phases,start] GC(98) Phase 4: Move objects
[19.469s][info][gc,phases      ] GC(98) Phase 4: Move objects 0.015ms
[19.469s][info][gc,heap        ] GC(98) DefNew: 161778K(629120K)->0K(629120K) Eden: 161778K(559232K)->0K(559232K) From: 0K(69888K)->0K(69888K)
[19.469s][info][gc,heap        ] GC(98) Tenured: 34923K(1398144K)->34924K(1398144K)
[19.469s][info][gc,metaspace   ] GC(98) Metaspace: 11689K(11904K)->11689K(11904K) NonClass: 10115K(10240K)->10115K(10240K) Class: 1573K(1664K)->1573K(1664K)
[19.469s][info][gc             ] GC(98) Pause Full (System.gc()) 192M->34M(1979M) 92.069ms
[19.469s][info][gc,cpu         ] GC(98) User=0.09s Sys=0.00s Real=0.10s
[19.552s][info][gc,start       ] GC(99) Pause Full (System.gc())
[19.552s][info][gc,phases,start] GC(99) Phase 1: Mark live objects
[19.593s][info][gc,phases      ] GC(99) Phase 1: Mark live objects 41.191ms
[19.593s][info][gc,phases,start] GC(99) Phase 2: Compute new object addresses
[19.623s][info][gc,phases      ] GC(99) Phase 2: Compute new object addresses 29.759ms
[19.623s][info][gc,phases,start] GC(99) Phase 3: Adjust pointers
[19.645s][info][gc,phases      ] GC(99) Phase 3: Adjust pointers 21.830ms
[19.645s][info][gc,phases,start] GC(99) Phase 4: Move objects
[19.645s][info][gc,phases      ] GC(99) Phase 4: Move objects 0.009ms
[19.645s][info][gc,heap        ] GC(99) DefNew: 161778K(629120K)->0K(629120K) Eden: 161778K(559232K)->0K(559232K) From: 0K(69888K)->0K(69888K)
[19.645s][info][gc,heap        ] GC(99) Tenured: 34924K(1398144K)->34923K(1398144K)
[19.645s][info][gc,metaspace   ] GC(99) Metaspace: 11689K(11904K)->11689K(11904K) NonClass: 10115K(10240K)->10115K(10240K) Class: 1573K(1664K)->1573K(1664K)
[19.645s][info][gc             ] GC(99) Pause Full (System.gc()) 192M->34M(1979M) 93.179ms
[19.645s][info][gc,cpu         ] GC(99) User=0.09s Sys=0.00s Real=0.10s
[19.731s][info][gc,heap,exit   ] Heap
[19.731s][info][gc,heap,exit   ]  def new generation   total 629120K, used 173767K [0x0000000080000000, 0x00000000aaaa0000, 0x00000000aaaa0000)
[19.731s][info][gc,heap,exit   ]   eden space 559232K,  31% used [0x0000000080000000, 0x000000008a9b1e88, 0x00000000a2220000)
[19.731s][info][gc,heap,exit   ]   from space 69888K,   0% used [0x00000000a2220000, 0x00000000a2220000, 0x00000000a6660000)
[19.731s][info][gc,heap,exit   ]   to   space 69888K,   0% used [0x00000000a6660000, 0x00000000a6660000, 0x00000000aaaa0000)
[19.731s][info][gc,heap,exit   ]  tenured generation   total 1398144K, used 34923K [0x00000000aaaa0000, 0x0000000100000000, 0x0000000100000000)
[19.731s][info][gc,heap,exit   ]    the space 1398144K,   2% used [0x00000000aaaa0000, 0x00000000accbac68, 0x00000000accbae00, 0x0000000100000000)
[19.731s][info][gc,heap,exit   ]  Metaspace       used 11761K, committed 12032K, reserved 1114112K
[19.731s][info][gc,heap,exit   ]   class space    used 1583K, committed 1728K, reserved 1048576K
