[0.013s][info][gc] Using Parallel
[0.013s][info][gc,heap,coops] Heap address: 0x0000000080000000, size: 2048 MB, Compressed Oops mode: 32-bit
[2.621s][info][gc,start     ] GC(0) Pause Young (Metadata GC Threshold)
[2.625s][info][gc,heap      ] GC(0) PSYoungGen: 73515K->4890K(611840K)
[2.625s][info][gc,heap      ] GC(0) PSOldGen: 0K->16K(1398272K)
[2.625s][info][gc,metaspace ] GC(0) Metaspace: 20770K(21296K)->20770K(21296K) NonClass: 18304K(18608K)->18304K(18608K) Class: 2465K(2688K)->2465K(2688K)
[2.625s][info][gc           ] GC(0) Pause Young (Metadata GC Threshold) 71M->4M(1963M) 4.238ms
[2.625s][info][gc,cpu       ] GC(0) User=0.00s Sys=0.00s Real=0.01s
[2.625s][info][gc,start     ] GC(1) Pause Full (Metadata GC Threshold)
[2.625s][info][gc,phases,start] GC(1) Phase 1: Mark live objects
[2.630s][info][gc,phases      ] GC(1) Phase 1: Mark live objects 4.814ms
[2.630s][info][gc,phases,start] GC(1) Phase 2: Compute new object addresses
[2.631s][info][gc,phases      ] GC(1) Phase 2: Compute new object addresses 1.011ms
[2.631s][info][gc,phases,start] GC(1) Phase 3: Adjust pointers
[2.634s][info][gc,phases      ] GC(1) Phase 3: Adjust pointers 2.741ms
[2.634s][info][gc,phases,start] GC(1) Phase 4: Move objects
[2.636s][info][gc,phases      ] GC(1) Phase 4: Move objects 1.635ms
[2.636s][info][gc,heap        ] GC(1) PSYoungGen: 4890K->0K(611840K)
[2.636s][info][gc,heap        ] GC(1) PSOldGen: 16K->4713K(1398272K)
[2.636s][info][gc,metaspace   ] GC(1) Metaspace: 20770K(21296K)->20770K(21296K) NonClass: 18304K(18608K)->18304K(18608K) Class: 2465K(2688K)->2465K(2688K)
[2.636s][info][gc             ] GC(1) Pause Full (Metadata GC Threshold) 4M->4M(1963M) 10.973ms
[2.636s][info][gc,cpu         ] GC(1) User=0.02s Sys=0.00s Real=0.01s
[13.030s][info][gc,start       ] GC(2) Pause Young (Metadata GC Threshold)
[13.035s][info][gc,heap        ] GC(2) PSYoungGen: 94523K->15535K(611840K)
[13.035s][info][gc,heap        ] GC(2) PSOldGen: 4713K->4785K(1398272K)
[13.035s][info][gc,metaspace   ] GC(2) Metaspace: 34406K(35376K)->34406K(35376K) NonClass: 30153K(30640K)->30153K(30640K) Class: 4253K(4736K)->4253K(4736K)
[13.035s][info][gc             ] GC(2) Pause Young (Metadata GC Threshold) 96M->19M(1963M) 5.317ms
[13.035s][info][gc,cpu         ] GC(2) User=0.05s Sys=0.05s Real=0.01s
[13.035s][info][gc,start       ] GC(3) Pause Full (Metadata GC Threshold)
[13.035s][info][gc,phases,start] GC(3) Phase 1: Mark live objects
[13.048s][info][gc,phases      ] GC(3) Phase 1: Mark live objects 12.782ms
[13.048s][info][gc,phases,start] GC(3) Phase 2: Compute new object addresses
[13.050s][info][gc,phases      ] GC(3) Phase 2: Compute new object addresses 1.764ms
[13.050s][info][gc,phases,start] GC(3) Phase 3: Adjust pointers
[13.056s][info][gc,phases      ] GC(3) Phase 3: Adjust pointers 5.629ms
[13.056s][info][gc,phases,start] GC(3) Phase 4: Move objects
[13.059s][info][gc,phases      ] GC(3) Phase 4: Move objects 3.713ms
[13.060s][info][gc,heap        ] GC(3) PSYoungGen: 15535K->0K(611840K)
[13.060s][info][gc,heap        ] GC(3) PSOldGen: 4785K->19958K(1398272K)
[13.060s][info][gc,metaspace   ] GC(3) Metaspace: 34406K(35376K)->34390K(35376K) NonClass: 30153K(30640K)->30141K(30640K) Class: 4253K(4736K)->4248K(4736K)
[13.060s][info][gc             ] GC(3) Pause Full (Metadata GC Threshold) 19M->19M(1963M) 24.623ms
[13.060s][info][gc,cpu         ] GC(3) User=0.02s Sys=0.00s Real=0.02s
[14.565s][info][gc,start       ] GC(4) Pause Young (Metadata GC Threshold)
[14.570s][info][gc,heap        ] GC(4) PSYoungGen: 314962K->6219K(611840K)
[14.570s][info][gc,heap        ] GC(4) PSOldGen: 19958K->19966K(1398272K)
[14.570s][info][gc,metaspace   ] GC(4) Metaspace: 57196K(58928K)->57196K(58928K) NonClass: 50055K(50864K)->50055K(50864K) Class: 7140K(8064K)->7140K(8064K)
[14.570s][info][gc             ] GC(4) Pause Young (Metadata GC Threshold) 327M->25M(1963M) 4.362ms
[14.570s][info][gc,cpu         ] GC(4) User=0.00s Sys=0.00s Real=0.00s
[14.570s][info][gc,start       ] GC(5) Pause Full (Metadata GC Threshold)
[14.570s][info][gc,phases,start] GC(5) Phase 1: Mark live objects
[14.590s][info][gc,phases      ] GC(5) Phase 1: Mark live objects 19.597ms
[14.590s][info][gc,phases,start] GC(5) Phase 2: Compute new object addresses
[14.593s][info][gc,phases      ] GC(5) Phase 2: Compute new object addresses 2.890ms
[14.593s][info][gc,phases,start] GC(5) Phase 3: Adjust pointers
[14.603s][info][gc,phases      ] GC(5) Phase 3: Adjust pointers 9.907ms
[14.603s][info][gc,phases,start] GC(5) Phase 4: Move objects
[14.605s][info][gc,phases      ] GC(5) Phase 4: Move objects 2.045ms
[14.605s][info][gc,heap        ] GC(5) PSYoungGen: 6219K->0K(611840K)
[14.605s][info][gc,heap        ] GC(5) PSOldGen: 19966K->25970K(1398272K)
[14.605s][info][gc,metaspace   ] GC(5) Metaspace: 57196K(58928K)->57196K(58928K) NonClass: 50055K(50864K)->50055K(50864K) Class: 7140K(8064K)->7140K(8064K)
[14.605s][info][gc             ] GC(5) Pause Full (Metadata GC Threshold) 25M->25M(1963M) 35.491ms
[14.605s][info][gc,cpu         ] GC(5) User=0.03s Sys=0.00s Real=0.05s
[17.457s][info][gc,start       ] GC(6) Pause Young (Allocation Failure)
[17.469s][info][gc,heap        ] GC(6) PSYoungGen: 524800K->13817K(611840K)
[17.469s][info][gc,heap        ] GC(6) PSOldGen: 25970K->25986K(1398272K)
[17.469s][info][gc,metaspace   ] GC(6) Metaspace: 80019K(84272K)->80019K(84272K) NonClass: 69383K(71600K)->69383K(71600K) Class: 10635K(12672K)->10635K(12672K)
[17.469s][info][gc             ] GC(6) Pause Young (Allocation Failure) 537M->38M(1963M) 11.441ms
[17.469s][info][gc,cpu         ] GC(6) User=0.00s Sys=0.00s Real=0.02s
[17.554s][info][gc,start       ] GC(7) Pause Young (System.gc())
[17.564s][info][gc,heap        ] GC(7) PSYoungGen: 120204K->13749K(611840K)
[17.564s][info][gc,heap        ] GC(7) PSOldGen: 25986K->25994K(1398272K)
[17.564s][info][gc,metaspace   ] GC(7) Metaspace: 80621K(84912K)->80621K(84912K) NonClass: 69859K(72112K)->69859K(72112K) Class: 10761K(12800K)->10761K(12800K)
[17.564s][info][gc             ] GC(7) Pause Young (System.gc()) 142M->38M(1963M) 10.318ms
[17.565s][info][gc,cpu         ] GC(7) User=0.03s Sys=0.00s Real=0.01s
[17.565s][info][gc,start       ] GC(8) Pause Full (System.gc())
[17.565s][info][gc,phases,start] GC(8) Phase 1: Mark live objects
[17.619s][info][gc,phases      ] GC(8) Phase 1: Mark live objects 53.607ms
[17.619s][info][gc,phases,start] GC(8) Phase 2: Compute new object addresses
[17.625s][info][gc,phases      ] GC(8) Phase 2: Compute new object addresses 5.899ms
[17.625s][info][gc,phases,start] GC(8) Phase 3: Adjust pointers
[17.646s][info][gc,phases      ] GC(8) Phase 3: Adjust pointers 21.264ms
[17.646s][info][gc,phases,start] GC(8) Phase 4: Move objects
[17.656s][info][gc,phases      ] GC(8) Phase 4: Move objects 9.763ms
[17.657s][info][gc,heap        ] GC(8) PSYoungGen: 13749K->0K(611840K)
[17.657s][info][gc,heap        ] GC(8) PSOldGen: 25994K->38789K(1398272K)
[17.657s][info][gc,metaspace   ] GC(8) Metaspace: 80621K(84912K)->80202K(84912K) NonClass: 69859K(72112K)->69589K(72112K) Class: 10761K(12800K)->10612K(12800K)
[17.657s][info][gc             ] GC(8) Pause Full (System.gc()) 38M->37M(1963M) 92.918ms
[17.658s][info][gc,cpu         ] GC(8) User=0.25s Sys=0.00s Real=0.09s
[18.403s][info][gc,start       ] GC(9) Pause Young (Allocation Failure)
[18.405s][info][gc,heap        ] GC(9) PSYoungGen: 524578K->2869K(678400K)
[18.405s][info][gc,heap        ] GC(9) PSOldGen: 38789K->38797K(1398272K)
[18.405s][info][gc,metaspace   ] GC(9) Metaspace: 82565K(87216K)->82565K(87216K) NonClass: 71513K(73904K)->71513K(73904K) Class: 11051K(13312K)->11051K(13312K)
[18.405s][info][gc             ] GC(9) Pause Young (Allocation Failure) 550M->40M(2028M) 2.196ms
[18.405s][info][gc,cpu         ] GC(9) User=0.00s Sys=0.00s Real=0.01s
[21.144s][info][gc,start       ] GC(10) Pause Young (Allocation Failure)
[21.149s][info][gc,heap        ] GC(10) PSYoungGen: 594229K->6371K(611840K)
[21.149s][info][gc,heap        ] GC(10) PSOldGen: 38797K->38805K(1398272K)
[21.149s][info][gc,metaspace   ] GC(10) Metaspace: 86864K(92080K)->86864K(92080K) NonClass: 75328K(78000K)->75328K(78000K) Class: 11535K(14080K)->11535K(14080K)
[21.149s][info][gc             ] GC(10) Pause Young (Allocation Failure) 618M->44M(1963M) 4.957ms
[21.149s][info][gc,cpu         ] GC(10) User=0.00s Sys=0.00s Real=0.00s
[22.986s][info][gc,start       ] GC(11) Pause Young (Allocation Failure)
[22.990s][info][gc,heap        ] GC(11) PSYoungGen: 596598K->7173K(679936K)
[22.990s][info][gc,heap        ] GC(11) PSOldGen: 38805K->38813K(1398272K)
[22.990s][info][gc,metaspace   ] GC(11) Metaspace: 87646K(92976K)->87646K(92976K) NonClass: 76041K(78768K)->76041K(78768K) Class: 11605K(14208K)->11605K(14208K)
[22.990s][info][gc             ] GC(11) Pause Young (Allocation Failure) 620M->44M(2029M) 3.732ms
[22.990s][info][gc,cpu         ] GC(11) User=0.00s Sys=0.00s Real=0.01s
[25.289s][info][gc,start       ] GC(12) Pause Young (Allocation Failure)
[25.294s][info][gc,heap        ] GC(12) PSYoungGen: 665282K->9573K(679424K)
[25.294s][info][gc,heap        ] GC(12) PSOldGen: 38813K->38821K(1398272K)
[25.294s][info][gc,metaspace   ] GC(12) Metaspace: 88911K(94384K)->88911K(94384K) NonClass: 77173K(80048K)->77173K(80048K) Class: 11738K(14336K)->11738K(14336K)
[25.294s][info][gc             ] GC(12) Pause Young (Allocation Failure) 687M->47M(2029M) 5.476ms
[25.294s][info][gc,cpu         ] GC(12) User=0.00s Sys=0.00s Real=0.00s
[26.147s][info][gc,start       ] GC(13) Pause Young (Allocation Failure)
[26.153s][info][gc,heap        ] GC(13) PSYoungGen: 667200K->6422K(681472K)
[26.153s][info][gc,heap        ] GC(13) PSOldGen: 38821K->43273K(1398272K)
[26.153s][info][gc,metaspace   ] GC(13) Metaspace: 89319K(95024K)->89319K(95024K) NonClass: 77543K(80560K)->77543K(80560K) Class: 11775K(14464K)->11775K(14464K)
[26.153s][info][gc             ] GC(13) Pause Young (Allocation Failure) 689M->48M(2031M) 5.917ms
[26.153s][info][gc,cpu         ] GC(13) User=0.00s Sys=0.00s Real=0.01s
[28.259s][info][gc,start       ] GC(14) Pause Young (Allocation Failure)
[28.263s][info][gc,heap        ] GC(14) PSYoungGen: 669016K->4661K(680960K)
[28.263s][info][gc,heap        ] GC(14) PSOldGen: 43273K->46575K(1398272K)
[28.263s][info][gc,metaspace   ] GC(14) Metaspace: 89728K(95280K)->89728K(95280K) NonClass: 77886K(80816K)->77886K(80816K) Class: 11841K(14464K)->11841K(14464K)
[28.263s][info][gc             ] GC(14) Pause Young (Allocation Failure) 695M->50M(2030M) 3.879ms
[28.263s][info][gc,cpu         ] GC(14) User=0.00s Sys=0.00s Real=0.01s
[30.622s][info][gc,start       ] GC(15) Pause Young (Allocation Failure)
[30.625s][info][gc,heap        ] GC(15) PSYoungGen: 668213K->4993K(681984K)
[30.625s][info][gc,heap        ] GC(15) PSOldGen: 46575K->50109K(1398272K)
[30.625s][info][gc,metaspace   ] GC(15) Metaspace: 90050K(95792K)->90050K(95792K) NonClass: 78208K(81328K)->78208K(81328K) Class: 11841K(14464K)->11841K(14464K)
[30.625s][info][gc             ] GC(15) Pause Young (Allocation Failure) 698M->53M(2031M) 3.487ms
[30.625s][info][gc,cpu         ] GC(15) User=0.00s Sys=0.00s Real=0.00s
[32.535s][info][gc,start       ] GC(16) Pause Young (Allocation Failure)
[32.538s][info][gc,heap        ] GC(16) PSYoungGen: 669569K->4102K(681472K)
[32.538s][info][gc,heap        ] GC(16) PSOldGen: 50109K->52138K(1398272K)
[32.538s][info][gc,metaspace   ] GC(16) Metaspace: 90158K(95792K)->90158K(95792K) NonClass: 78312K(81328K)->78312K(81328K) Class: 11845K(14464K)->11845K(14464K)
[32.538s][info][gc             ] GC(16) Pause Young (Allocation Failure) 702M->54M(2031M) 3.045ms
[32.538s][info][gc,cpu         ] GC(16) User=0.00s Sys=0.00s Real=0.00s
[33.425s][info][gc,start       ] GC(17) Pause Young (Allocation Failure)
[33.427s][info][gc,heap        ] GC(17) PSYoungGen: 668678K->3323K(681984K)
[33.427s][info][gc,heap        ] GC(17) PSOldGen: 52138K->54714K(1398272K)
[33.427s][info][gc,metaspace   ] GC(17) Metaspace: 90234K(95792K)->90234K(95792K) NonClass: 78387K(81328K)->78387K(81328K) Class: 11846K(14464K)->11846K(14464K)
[33.427s][info][gc             ] GC(17) Pause Young (Allocation Failure) 703M->56M(2031M) 2.630ms
[33.427s][info][gc,cpu         ] GC(17) User=0.00s Sys=0.00s Real=0.00s
[35.621s][info][gc,start       ] GC(18) Pause Young (Allocation Failure)
[35.624s][info][gc,heap        ] GC(18) PSYoungGen: 668411K->2635K(681984K)
[35.624s][info][gc,heap        ] GC(18) PSOldGen: 54714K->57567K(1398272K)
[35.624s][info][gc,metaspace   ] GC(18) Metaspace: 90268K(96048K)->90268K(96048K) NonClass: 78422K(81584K)->78422K(81584K) Class: 11846K(14464K)->11846K(14464K)
[35.624s][info][gc             ] GC(18) Pause Young (Allocation Failure) 706M->58M(2031M) 2.835ms
[35.624s][info][gc,cpu         ] GC(18) User=0.00s Sys=0.00s Real=0.01s
[37.893s][info][gc,start       ] GC(19) Pause Young (GCLocker Initiated GC)
[37.895s][info][gc,heap        ] GC(19) PSYoungGen: 667723K->4489K(683008K)
[37.895s][info][gc,heap        ] GC(19) PSOldGen: 57632K->59083K(1398272K)
[37.895s][info][gc,metaspace   ] GC(19) Metaspace: 90305K(96048K)->90305K(96048K) NonClass: 78459K(81584K)->78459K(81584K) Class: 11846K(14464K)->11846K(14464K)
[37.896s][info][gc             ] GC(19) Pause Young (GCLocker Initiated GC) 708M->62M(2032M) 2.682ms
[37.896s][info][gc,cpu         ] GC(19) User=0.00s Sys=0.00s Real=0.00s
[39.088s][info][gc,start       ] GC(20) Pause Young (Allocation Failure)
[39.092s][info][gc,heap        ] GC(20) PSYoungGen: 671113K->4588K(682496K)
[39.092s][info][gc,heap        ] GC(20) PSOldGen: 76492K->78549K(1398272K)
[39.092s][info][gc,metaspace   ] GC(20) Metaspace: 90387K(96048K)->90387K(96048K) NonClass: 78540K(81584K)->78540K(81584K) Class: 11847K(14464K)->11847K(14464K)
[39.092s][info][gc             ] GC(20) Pause Young (Allocation Failure) 730M->81M(2032M) 3.439ms
[39.092s][info][gc,cpu         ] GC(20) User=0.00s Sys=0.00s Real=0.00s
[40.350s][info][gc,start       ] GC(21) Pause Young (Allocation Failure)
[40.353s][info][gc,heap        ] GC(21) PSYoungGen: 671212K->4586K(684032K)
[40.353s][info][gc,heap        ] GC(21) PSOldGen: 78549K->81616K(1398272K)
[40.353s][info][gc,metaspace   ] GC(21) Metaspace: 90466K(96304K)->90466K(96304K) NonClass: 78615K(81840K)->78615K(81840K) Class: 11850K(14464K)->11850K(14464K)
[40.353s][info][gc             ] GC(21) Pause Young (Allocation Failure) 732M->84M(2033M) 3.091ms
[40.353s][info][gc,cpu         ] GC(21) User=0.00s Sys=0.00s Real=0.01s
[42.647s][info][gc,start       ] GC(22) Pause Young (Allocation Failure)
[42.649s][info][gc,heap        ] GC(22) PSYoungGen: 673258K->2335K(683520K)
[42.649s][info][gc,heap        ] GC(22) PSOldGen: 81616K->83786K(1398272K)
[42.649s][info][gc,metaspace   ] GC(22) Metaspace: 90518K(96304K)->90518K(96304K) NonClass: 78667K(81840K)->78667K(81840K) Class: 11850K(14464K)->11850K(14464K)
[42.649s][info][gc             ] GC(22) Pause Young (Allocation Failure) 737M->84M(2033M) 2.660ms
[42.650s][info][gc,cpu         ] GC(22) User=0.00s Sys=0.00s Real=0.02s
[44.919s][info][gc,start       ] GC(23) Pause Young (Allocation Failure)
[44.922s][info][gc,heap        ] GC(23) PSYoungGen: 668854K->3315K(684544K)
[44.922s][info][gc,heap        ] GC(23) PSOldGen: 83786K->85587K(1398272K)
[44.922s][info][gc,metaspace   ] GC(23) Metaspace: 90569K(96304K)->90569K(96304K) NonClass: 78718K(81840K)->78718K(81840K) Class: 11851K(14464K)->11851K(14464K)
[44.922s][info][gc             ] GC(23) Pause Young (Allocation Failure) 735M->86M(2034M) 2.940ms
[44.922s][info][gc,cpu         ] GC(23) User=0.00s Sys=0.00s Real=0.01s
[45.573s][info][gc,start       ] GC(24) Pause Young (Allocation Failure)
[45.577s][info][gc,heap        ] GC(24) PSYoungGen: 671746K->2950K(684544K)
[45.577s][info][gc,heap        ] GC(24) PSOldGen: 85587K->88111K(1398272K)
[45.577s][info][gc,metaspace   ] GC(24) Metaspace: 90640K(96304K)->90640K(96304K) NonClass: 78789K(81840K)->78789K(81840K) Class: 11851K(14464K)->11851K(14464K)
[45.578s][info][gc             ] GC(24) Pause Young (Allocation Failure) 739M->88M(2034M) 4.219ms
[45.578s][info][gc,cpu         ] GC(24) User=0.00s Sys=0.00s Real=0.00s
[47.635s][info][gc,start       ] GC(25) Pause Young (Allocation Failure)
[47.637s][info][gc,heap        ] GC(25) PSYoungGen: 671575K->3083K(685568K)
[47.637s][info][gc,heap        ] GC(25) PSOldGen: 88111K->89656K(1398272K)
[47.637s][info][gc,metaspace   ] GC(25) Metaspace: 90684K(96304K)->90684K(96304K) NonClass: 78833K(81840K)->78833K(81840K) Class: 11851K(14464K)->11851K(14464K)
[47.637s][info][gc             ] GC(25) Pause Young (Allocation Failure) 741M->90M(2035M) 2.588ms
[47.638s][info][gc,cpu         ] GC(25) User=0.00s Sys=0.00s Real=0.00s
[48.955s][info][gc,start       ] GC(26) Pause Young (Allocation Failure)
[48.959s][info][gc,heap        ] GC(26) PSYoungGen: 673913K->12604K(684544K)
[48.959s][info][gc,heap        ] GC(26) PSOldGen: 89656K->92165K(1398272K)
[48.959s][info][gc,metaspace   ] GC(26) Metaspace: 90717K(96560K)->90717K(96560K) NonClass: 78865K(82096K)->78865K(82096K) Class: 11851K(14464K)->11851K(14464K)
[48.959s][info][gc             ] GC(26) Pause Young (Allocation Failure) 745M->102M(2034M) 4.755ms
[48.959s][info][gc,cpu         ] GC(26) User=0.00s Sys=0.02s Real=0.00s
[49.965s][info][gc,start       ] GC(27) Pause Young (Allocation Failure)
[49.967s][info][gc,heap        ] GC(27) PSYoungGen: 684348K->3475K(683520K)
[49.967s][info][gc,heap        ] GC(27) PSOldGen: 92165K->94991K(1398272K)
[49.967s][info][gc,metaspace   ] GC(27) Metaspace: 90755K(96560K)->90755K(96560K) NonClass: 78903K(82096K)->78903K(82096K) Class: 11851K(14464K)->11851K(14464K)
[49.967s][info][gc             ] GC(27) Pause Young (Allocation Failure) 758M->96M(2033M) 2.776ms
[49.967s][info][gc,cpu         ] GC(27) User=0.00s Sys=0.00s Real=0.00s
[52.097s][info][gc,start       ] GC(28) Pause Young (Allocation Failure)
[52.101s][info][gc,heap        ] GC(28) PSYoungGen: 672659K->4131K(684032K)
[52.101s][info][gc,heap        ] GC(28) PSOldGen: 94991K->97548K(1398272K)
[52.101s][info][gc,metaspace   ] GC(28) Metaspace: 90901K(96688K)->90901K(96688K) NonClass: 79026K(82096K)->79026K(82096K) Class: 11874K(14592K)->11874K(14592K)
[52.101s][info][gc             ] GC(28) Pause Young (Allocation Failure) 749M->99M(2033M) 3.860ms
[52.101s][info][gc,cpu         ] GC(28) User=0.00s Sys=0.00s Real=0.00s
[52.663s][info][gc,start       ] GC(29) Pause Young (GCLocker Initiated GC)
[52.666s][info][gc,heap        ] GC(29) PSYoungGen: 673315K->5455K(685568K)
[52.666s][info][gc,heap        ] GC(29) PSOldGen: 97580K->100006K(1398272K)
[52.666s][info][gc,metaspace   ] GC(29) Metaspace: 90922K(96688K)->90922K(96688K) NonClass: 79047K(82096K)->79047K(82096K) Class: 11874K(14592K)->11874K(14592K)
[52.666s][info][gc             ] GC(29) Pause Young (GCLocker Initiated GC) 752M->102M(2035M) 3.116ms
[52.666s][info][gc,cpu         ] GC(29) User=0.00s Sys=0.00s Real=0.00s
[54.910s][info][gc,start       ] GC(30) Pause Young (Allocation Failure)
[54.913s][info][gc,heap        ] GC(30) PSYoungGen: 676687K->6399K(684544K)
[54.913s][info][gc,heap        ] GC(30) PSOldGen: 100078K->102273K(1398272K)
[54.913s][info][gc,metaspace   ] GC(30) Metaspace: 90952K(96688K)->90952K(96688K) NonClass: 79077K(82096K)->79077K(82096K) Class: 11874K(14592K)->11874K(14592K)
[54.913s][info][gc             ] GC(30) Pause Young (Allocation Failure) 758M->106M(2034M) 3.309ms
[54.913s][info][gc,cpu         ] GC(30) User=0.00s Sys=0.00s Real=0.00s
[55.933s][info][gc,start       ] GC(31) Pause Young (Allocation Failure)
[55.937s][info][gc,heap        ] GC(31) PSYoungGen: 676300K->4152K(686592K)
[55.937s][info][gc,heap        ] GC(31) PSOldGen: 102273K->104358K(1398272K)
[55.938s][info][gc,metaspace   ] GC(31) Metaspace: 90985K(96944K)->90985K(96944K) NonClass: 79110K(82352K)->79110K(82352K) Class: 11874K(14592K)->11874K(14592K)
[55.938s][info][gc             ] GC(31) Pause Young (Allocation Failure) 760M->105M(2036M) 4.294ms
[55.938s][info][gc,cpu         ] GC(31) User=0.00s Sys=0.00s Real=0.00s
[57.230s][info][gc,start       ] GC(32) Pause Young (Allocation Failure)
[57.233s][info][gc,heap        ] GC(32) PSYoungGen: 675926K->3064K(686080K)
[57.233s][info][gc,heap        ] GC(32) PSOldGen: 104358K->107302K(1398272K)
[57.233s][info][gc,metaspace   ] GC(32) Metaspace: 91080K(96944K)->91080K(96944K) NonClass: 79203K(82352K)->79203K(82352K) Class: 11876K(14592K)->11876K(14592K)
[57.233s][info][gc             ] GC(32) Pause Young (Allocation Failure) 761M->107M(2035M) 3.037ms
[57.233s][info][gc,cpu         ] GC(32) User=0.00s Sys=0.00s Real=0.01s
[59.287s][info][gc,start       ] GC(33) Pause Young (Allocation Failure)
[59.291s][info][gc,heap        ] GC(33) PSYoungGen: 676856K->4295K(687104K)
[59.291s][info][gc,heap        ] GC(33) PSOldGen: 107302K->109866K(1398272K)
[59.291s][info][gc,metaspace   ] GC(33) Metaspace: 91111K(96944K)->91111K(96944K) NonClass: 79234K(82352K)->79234K(82352K) Class: 11876K(14592K)->11876K(14592K)
[59.291s][info][gc             ] GC(33) Pause Young (Allocation Failure) 765M->111M(2036M) 3.378ms
[59.291s][info][gc,cpu         ] GC(33) User=0.00s Sys=0.00s Real=0.00s
[59.889s][info][gc,start       ] GC(34) Pause Young (System.gc())
[59.891s][info][gc,heap        ] GC(34) PSYoungGen: 473154K->1088K(686592K)
[59.891s][info][gc,heap        ] GC(34) PSOldGen: 109866K->112226K(1398272K)
[59.891s][info][gc,metaspace   ] GC(34) Metaspace: 91728K(97968K)->91728K(97968K) NonClass: 79684K(83120K)->79684K(83120K) Class: 12043K(14848K)->12043K(14848K)
[59.891s][info][gc             ] GC(34) Pause Young (System.gc()) 569M->110M(2036M) 2.671ms
[59.891s][info][gc,cpu         ] GC(34) User=0.00s Sys=0.00s Real=0.00s
[59.891s][info][gc,start       ] GC(35) Pause Full (System.gc())
[59.893s][info][gc,phases,start] GC(35) Phase 1: Mark live objects
[59.966s][info][gc,phases      ] GC(35) Phase 1: Mark live objects 73.199ms
[59.966s][info][gc,phases,start] GC(35) Phase 2: Compute new object addresses
[59.977s][info][gc,phases      ] GC(35) Phase 2: Compute new object addresses 11.046ms
[59.978s][info][gc,phases,start] GC(35) Phase 3: Adjust pointers
[60.012s][info][gc,phases      ] GC(35) Phase 3: Adjust pointers 34.244ms
[60.012s][info][gc,phases,start] GC(35) Phase 4: Move objects
[60.012s][info][gc,phases      ] GC(35) Phase 4: Move objects 0.321ms
[60.015s][info][gc,heap        ] GC(35) PSYoungGen: 1088K->0K(686592K)
[60.015s][info][gc,heap        ] GC(35) PSOldGen: 112226K->113159K(1398272K)
[60.015s][info][gc,metaspace   ] GC(35) Metaspace: 91728K(97968K)->90219K(97968K) NonClass: 79684K(83120K)->78672K(83120K) Class: 12043K(14848K)->11546K(14848K)
[60.015s][info][gc             ] GC(35) Pause Full (System.gc()) 110M->110M(2036M) 124.054ms
[60.015s][info][gc,cpu         ] GC(35) User=0.12s Sys=0.02s Real=0.12s
[61.027s][info][gc,start       ] GC(36) Pause Young (Allocation Failure)
[61.029s][info][gc,heap        ] GC(36) PSYoungGen: 674816K->3637K(687616K)
[61.029s][info][gc,heap        ] GC(36) PSOldGen: 113159K->113167K(1398272K)
[61.029s][info][gc,metaspace   ] GC(36) Metaspace: 90273K(97968K)->90273K(97968K) NonClass: 78722K(83120K)->78722K(83120K) Class: 11550K(14848K)->11550K(14848K)
[61.029s][info][gc             ] GC(36) Pause Young (Allocation Failure) 769M->114M(2037M) 2.608ms
[61.029s][info][gc,cpu         ] GC(36) User=0.00s Sys=0.00s Real=0.00s
[63.360s][info][gc,start       ] GC(37) Pause Young (Allocation Failure)
[63.363s][info][gc,heap        ] GC(37) PSYoungGen: 679162K->2643K(687104K)
[63.363s][info][gc,heap        ] GC(37) PSOldGen: 113167K->116344K(1398272K)
[63.363s][info][gc,metaspace   ] GC(37) Metaspace: 90288K(97968K)->90288K(97968K) NonClass: 78738K(83120K)->78738K(83120K) Class: 11550K(14848K)->11550K(14848K)
[63.364s][info][gc             ] GC(37) Pause Young (Allocation Failure) 773M->116M(2036M) 3.125ms
[63.364s][info][gc,cpu         ] GC(37) User=0.02s Sys=0.00s Real=0.00s
[65.619s][info][gc,start       ] GC(38) Pause Young (Allocation Failure)
[65.622s][info][gc,heap        ] GC(38) PSYoungGen: 678334K->2187K(688128K)
[65.622s][info][gc,heap        ] GC(38) PSOldGen: 116344K->118071K(1398272K)
[65.622s][info][gc,metaspace   ] GC(38) Metaspace: 90307K(97968K)->90307K(97968K) NonClass: 78756K(83120K)->78756K(83120K) Class: 11551K(14848K)->11551K(14848K)
[65.622s][info][gc             ] GC(38) Pause Young (Allocation Failure) 776M->117M(2037M) 3.436ms
[65.622s][info][gc,cpu         ] GC(38) User=0.00s Sys=0.00s Real=0.00s
[66.377s][info][gc,start       ] GC(39) Pause Young (Allocation Failure)
[66.382s][info][gc,heap        ] GC(39) PSYoungGen: 679563K->8755K(686592K)
[66.382s][info][gc,heap        ] GC(39) PSOldGen: 118071K->127778K(1398272K)
[66.382s][info][gc,metaspace   ] GC(39) Metaspace: 90351K(97968K)->90351K(97968K) NonClass: 78796K(83120K)->78796K(83120K) Class: 11554K(14848K)->11554K(14848K)
[66.382s][info][gc             ] GC(39) Pause Young (Allocation Failure) 778M->133M(2036M) 4.562ms
[66.382s][info][gc,cpu         ] GC(39) User=0.00s Sys=0.00s Real=0.00s
[67.911s][info][gc,start       ] GC(40) Pause Young (Allocation Failure)
[67.913s][info][gc,heap        ] GC(40) PSYoungGen: 684947K->2696K(687616K)
[67.913s][info][gc,heap        ] GC(40) PSOldGen: 127778K->130887K(1398272K)
[67.913s][info][gc,metaspace   ] GC(40) Metaspace: 90362K(97968K)->90362K(97968K) NonClass: 78808K(83120K)->78808K(83120K) Class: 11554K(14848K)->11554K(14848K)
[67.913s][info][gc             ] GC(40) Pause Young (Allocation Failure) 793M->130M(2037M) 2.865ms
[67.914s][info][gc,cpu         ] GC(40) User=0.00s Sys=0.00s Real=0.01s
[70.073s][info][gc,start       ] GC(41) Pause Young (Allocation Failure)
[70.076s][info][gc,heap        ] GC(41) PSYoungGen: 678536K->4049K(687104K)
[70.076s][info][gc,heap        ] GC(41) PSOldGen: 130887K->132583K(1398272K)
[70.076s][info][gc,metaspace   ] GC(41) Metaspace: 90432K(97968K)->90432K(97968K) NonClass: 78877K(83120K)->78877K(83120K) Class: 11554K(14848K)->11554K(14848K)
[70.076s][info][gc             ] GC(41) Pause Young (Allocation Failure) 790M->133M(2036M) 3.184ms
[70.076s][info][gc,cpu         ] GC(41) User=0.00s Sys=0.00s Real=0.00s
[72.084s][info][gc,start       ] GC(42) Pause Young (Allocation Failure)
[72.087s][info][gc,heap        ] GC(42) PSYoungGen: 679889K->4034K(688640K)
[72.087s][info][gc,heap        ] GC(42) PSOldGen: 132583K->134513K(1398272K)
[72.087s][info][gc,metaspace   ] GC(42) Metaspace: 90444K(97968K)->90444K(97968K) NonClass: 78889K(83120K)->78889K(83120K) Class: 11554K(14848K)->11554K(14848K)
[72.087s][info][gc             ] GC(42) Pause Young (Allocation Failure) 793M->135M(2038M) 3.116ms
[72.087s][info][gc,cpu         ] GC(42) User=0.00s Sys=0.00s Real=0.00s
[72.875s][info][gc,start       ] GC(43) Pause Young (Allocation Failure)
[72.877s][info][gc,heap        ] GC(43) PSYoungGen: 681922K->3304K(688128K)
[72.877s][info][gc,heap        ] GC(43) PSOldGen: 134513K->136980K(1398272K)
[72.877s][info][gc,metaspace   ] GC(43) Metaspace: 90481K(97968K)->90481K(97968K) NonClass: 78926K(83120K)->78926K(83120K) Class: 11554K(14848K)->11554K(14848K)
[72.878s][info][gc             ] GC(43) Pause Young (Allocation Failure) 797M->136M(2037M) 2.664ms
[72.878s][info][gc,cpu         ] GC(43) User=0.09s Sys=0.00s Real=0.00s
[75.048s][info][gc,start       ] GC(44) Pause Young (Allocation Failure)
[75.051s][info][gc,heap        ] GC(44) PSYoungGen: 681192K->2250K(689152K)
[75.051s][info][gc,heap        ] GC(44) PSOldGen: 136980K->139813K(1398272K)
[75.051s][info][gc,metaspace   ] GC(44) Metaspace: 90488K(97968K)->90488K(97968K) NonClass: 78933K(83120K)->78933K(83120K) Class: 11554K(14848K)->11554K(14848K)
[75.051s][info][gc             ] GC(44) Pause Young (Allocation Failure) 798M->138M(2038M) 2.658ms
[75.051s][info][gc,cpu         ] GC(44) User=0.00s Sys=0.00s Real=0.02s
[77.356s][info][gc,start       ] GC(45) Pause Young (Allocation Failure)
[77.359s][info][gc,heap        ] GC(45) PSYoungGen: 680816K->2908K(689152K)
[77.359s][info][gc,heap        ] GC(45) PSOldGen: 139813K->141256K(1398272K)
[77.359s][info][gc,metaspace   ] GC(45) Metaspace: 90521K(97968K)->90521K(97968K) NonClass: 78966K(83120K)->78966K(83120K) Class: 11554K(14848K)->11554K(14848K)
[77.359s][info][gc             ] GC(45) Pause Young (Allocation Failure) 801M->140M(2038M) 3.083ms
[77.359s][info][gc,cpu         ] GC(45) User=0.00s Sys=0.00s Real=0.00s
[78.376s][info][gc,start       ] GC(46) Pause Young (Allocation Failure)
[78.380s][info][gc,heap        ] GC(46) PSYoungGen: 681192K->4483K(690176K)
[78.380s][info][gc,heap        ] GC(46) PSOldGen: 141256K->143243K(1398272K)
[78.380s][info][gc,metaspace   ] GC(46) Metaspace: 90528K(97968K)->90528K(97968K) NonClass: 78973K(83120K)->78973K(83120K) Class: 11554K(14848K)->11554K(14848K)
[78.380s][info][gc             ] GC(46) Pause Young (Allocation Failure) 803M->144M(2039M) 3.675ms
[78.380s][info][gc,cpu         ] GC(46) User=0.03s Sys=0.00s Real=0.00s
[79.689s][info][gc,start       ] GC(47) Pause Young (Allocation Failure)
[79.692s][info][gc,heap        ] GC(47) PSYoungGen: 685115K->3308K(689664K)
[79.692s][info][gc,heap        ] GC(47) PSOldGen: 143243K->146225K(1398272K)
[79.692s][info][gc,metaspace   ] GC(47) Metaspace: 90544K(97968K)->90544K(97968K) NonClass: 78989K(83120K)->78989K(83120K) Class: 11554K(14848K)->11554K(14848K)
[79.692s][info][gc             ] GC(47) Pause Young (Allocation Failure) 808M->146M(2039M) 3.718ms
[79.692s][info][gc,cpu         ] GC(47) User=0.02s Sys=0.00s Real=0.01s
[81.923s][info][gc,start       ] GC(48) Pause Young (Allocation Failure)
[81.925s][info][gc,heap        ] GC(48) PSYoungGen: 681230K->2590K(690688K)
[81.925s][info][gc,heap        ] GC(48) PSOldGen: 146225K->148302K(1398272K)
[81.925s][info][gc,metaspace   ] GC(48) Metaspace: 90550K(97968K)->90550K(97968K) NonClass: 78995K(83120K)->78995K(83120K) Class: 11555K(14848K)->11555K(14848K)
[81.925s][info][gc             ] GC(48) Pause Young (Allocation Failure) 808M->147M(2040M) 2.659ms
[81.925s][info][gc,cpu         ] GC(48) User=0.03s Sys=0.06s Real=0.00s
[83.958s][info][gc,start       ] GC(49) Pause Young (Allocation Failure)
[83.963s][info][gc,heap        ] GC(49) PSYoungGen: 684574K->4647K(690176K)
[83.963s][info][gc,heap        ] GC(49) PSOldGen: 148302K->150207K(1398272K)
[83.963s][info][gc,metaspace   ] GC(49) Metaspace: 90553K(97968K)->90553K(97968K) NonClass: 78998K(83120K)->78998K(83120K) Class: 11555K(14848K)->11555K(14848K)
[83.963s][info][gc             ] GC(49) Pause Young (Allocation Failure) 813M->151M(2039M) 4.379ms
[83.963s][info][gc,cpu         ] GC(49) User=0.00s Sys=0.00s Real=0.01s
[84.642s][info][gc,start       ] GC(50) Pause Young (Allocation Failure)
[84.644s][info][gc,heap        ] GC(50) PSYoungGen: 686631K->3050K(690688K)
[84.644s][info][gc,heap        ] GC(50) PSOldGen: 150207K->152590K(1398272K)
[84.644s][info][gc,metaspace   ] GC(50) Metaspace: 90569K(98224K)->90569K(98224K) NonClass: 79014K(83376K)->79014K(83376K) Class: 11555K(14848K)->11555K(14848K)
[84.644s][info][gc             ] GC(50) Pause Young (Allocation Failure) 817M->151M(2040M) 2.715ms
[84.644s][info][gc,cpu         ] GC(50) User=0.02s Sys=0.00s Real=0.00s
[86.953s][info][gc,start       ] GC(51) Pause Young (Allocation Failure)
[86.956s][info][gc,heap        ] GC(51) PSYoungGen: 685546K->2652K(690688K)
[86.956s][info][gc,heap        ] GC(51) PSOldGen: 152590K->155250K(1398272K)
[86.956s][info][gc,metaspace   ] GC(51) Metaspace: 90573K(98224K)->90573K(98224K) NonClass: 79018K(83376K)->79018K(83376K) Class: 11555K(14848K)->11555K(14848K)
[86.956s][info][gc             ] GC(51) Pause Young (Allocation Failure) 818M->154M(2040M) 2.983ms
[86.956s][info][gc,cpu         ] GC(51) User=0.06s Sys=0.03s Real=0.01s
[87.795s][info][gc,start       ] GC(52) Pause Young (Allocation Failure)
[87.797s][info][gc,heap        ] GC(52) PSYoungGen: 685148K->4371K(691200K)
[87.797s][info][gc,heap        ] GC(52) PSOldGen: 155250K->156776K(1398272K)
[87.797s][info][gc,metaspace   ] GC(52) Metaspace: 90578K(98224K)->90578K(98224K) NonClass: 79022K(83376K)->79022K(83376K) Class: 11556K(14848K)->11556K(14848K)
[87.797s][info][gc             ] GC(52) Pause Young (Allocation Failure) 820M->157M(2040M) 2.795ms
[87.797s][info][gc,cpu         ] GC(52) User=0.00s Sys=0.00s Real=0.00s
[89.325s][info][gc,start       ] GC(53) Pause Young (Allocation Failure)
[89.328s][info][gc,heap        ] GC(53) PSYoungGen: 687048K->2696K(691200K)
[89.328s][info][gc,heap        ] GC(53) PSOldGen: 156776K->160006K(1398272K)
[89.328s][info][gc,metaspace   ] GC(53) Metaspace: 90587K(98224K)->90587K(98224K) NonClass: 79031K(83376K)->79031K(83376K) Class: 11556K(14848K)->11556K(14848K)
[89.328s][info][gc             ] GC(53) Pause Young (Allocation Failure) 824M->158M(2040M) 3.288ms
[89.328s][info][gc,cpu         ] GC(53) User=0.00s Sys=0.00s Real=0.01s
[90.955s][info][gc,start       ] GC(54) Pause Young (Allocation Failure)
[90.958s][info][gc,heap        ] GC(54) PSYoungGen: 685621K->2850K(691712K)
[90.958s][info][gc,heap        ] GC(54) PSOldGen: 160006K->162116K(1398272K)
[90.958s][info][gc,metaspace   ] GC(54) Metaspace: 90590K(98224K)->90590K(98224K) NonClass: 79034K(83376K)->79034K(83376K) Class: 11556K(14848K)->11556K(14848K)
[90.959s][info][gc             ] GC(54) Pause Young (Allocation Failure) 825M->161M(2041M) 3.739ms
[90.959s][info][gc,cpu         ] GC(54) User=0.00s Sys=0.00s Real=0.01s
[91.743s][info][gc,start       ] GC(55) Pause Young (Allocation Failure)
[91.746s][info][gc,heap        ] GC(55) PSYoungGen: 686882K->3539K(691200K)
[91.746s][info][gc,heap        ] GC(55) PSOldGen: 162116K->164352K(1398272K)
[91.746s][info][gc,metaspace   ] GC(55) Metaspace: 90601K(98224K)->90601K(98224K) NonClass: 79045K(83376K)->79045K(83376K) Class: 11556K(14848K)->11556K(14848K)
[91.746s][info][gc             ] GC(55) Pause Young (Allocation Failure) 829M->163M(2040M) 3.249ms
[91.746s][info][gc,cpu         ] GC(55) User=0.00s Sys=0.00s Real=0.01s
[93.881s][info][gc,start       ] GC(56) Pause Young (Allocation Failure)
[93.885s][info][gc,heap        ] GC(56) PSYoungGen: 687571K->3371K(692224K)
[93.885s][info][gc,heap        ] GC(56) PSOldGen: 164352K->167328K(1398272K)
[93.885s][info][gc,metaspace   ] GC(56) Metaspace: 90603K(98224K)->90603K(98224K) NonClass: 79046K(83376K)->79046K(83376K) Class: 11556K(14848K)->11556K(14848K)
[93.885s][info][gc             ] GC(56) Pause Young (Allocation Failure) 831M->166M(2041M) 3.555ms
[93.885s][info][gc,cpu         ] GC(56) User=0.00s Sys=0.00s Real=0.02s
[94.508s][info][gc,start       ] GC(57) Pause Young (Allocation Failure)
[94.511s][info][gc,heap        ] GC(57) PSYoungGen: 686130K->2838K(691712K)
[94.511s][info][gc,heap        ] GC(57) PSOldGen: 167328K->170043K(1398272K)
[94.511s][info][gc,metaspace   ] GC(57) Metaspace: 90605K(98224K)->90605K(98224K) NonClass: 79048K(83376K)->79048K(83376K) Class: 11556K(14848K)->11556K(14848K)
[94.511s][info][gc             ] GC(57) Pause Young (Allocation Failure) 833M->168M(2041M) 3.713ms
[94.511s][info][gc,cpu         ] GC(57) User=0.00s Sys=0.00s Real=0.00s
[96.508s][info][gc,start       ] GC(58) Pause Young (Allocation Failure)
[96.511s][info][gc,heap        ] GC(58) PSYoungGen: 687894K->3918K(692736K)
[96.511s][info][gc,heap        ] GC(58) PSOldGen: 170043K->171700K(1398272K)
[96.511s][info][gc,metaspace   ] GC(58) Metaspace: 90609K(98224K)->90609K(98224K) NonClass: 79052K(83376K)->79052K(83376K) Class: 11556K(14848K)->11556K(14848K)
[96.511s][info][gc             ] GC(58) Pause Young (Allocation Failure) 837M->171M(2042M) 2.943ms
[96.511s][info][gc,cpu         ] GC(58) User=0.00s Sys=0.00s Real=0.00s
[97.997s][info][gc,start       ] GC(59) Pause Young (Allocation Failure)
[98.001s][info][gc,heap        ] GC(59) PSYoungGen: 689998K->3558K(692224K)
[98.001s][info][gc,heap        ] GC(59) PSOldGen: 171700K->174089K(1398272K)
[98.001s][info][gc,metaspace   ] GC(59) Metaspace: 90613K(98224K)->90613K(98224K) NonClass: 79056K(83376K)->79056K(83376K) Class: 11556K(14848K)->11556K(14848K)
[98.001s][info][gc             ] GC(59) Pause Young (Allocation Failure) 841M->173M(2041M) 3.133ms
[98.001s][info][gc,cpu         ] GC(59) User=0.00s Sys=0.00s Real=0.00s
[98.154s][info][gc,start       ] GC(60) Pause Young (System.gc())
[98.156s][info][gc,heap        ] GC(60) PSYoungGen: 228731K->480K(691712K)
[98.156s][info][gc,heap        ] GC(60) PSOldGen: 174089K->176306K(1398272K)
[98.156s][info][gc,metaspace   ] GC(60) Metaspace: 90619K(98224K)->90619K(98224K) NonClass: 79061K(83376K)->79061K(83376K) Class: 11557K(14848K)->11557K(14848K)
[98.156s][info][gc             ] GC(60) Pause Young (System.gc()) 393M->172M(2041M) 2.439ms
[98.156s][info][gc,cpu         ] GC(60) User=0.00s Sys=0.00s Real=0.00s
[98.156s][info][gc,start       ] GC(61) Pause Full (System.gc())
[98.158s][info][gc,phases,start] GC(61) Phase 1: Mark live objects
[98.234s][info][gc,phases      ] GC(61) Phase 1: Mark live objects 75.931ms
[98.234s][info][gc,phases,start] GC(61) Phase 2: Compute new object addresses
[98.249s][info][gc,phases      ] GC(61) Phase 2: Compute new object addresses 14.714ms
[98.249s][info][gc,phases,start] GC(61) Phase 3: Adjust pointers
[98.286s][info][gc,phases      ] GC(61) Phase 3: Adjust pointers 36.639ms
[98.286s][info][gc,phases,start] GC(61) Phase 4: Move objects
[98.292s][info][gc,phases      ] GC(61) Phase 4: Move objects 6.461ms
[98.295s][info][gc,heap        ] GC(61) PSYoungGen: 480K->0K(691712K)
[98.295s][info][gc,heap        ] GC(61) PSOldGen: 176306K->150732K(1398272K)
[98.295s][info][gc,metaspace   ] GC(61) Metaspace: 90619K(98224K)->90616K(98224K) NonClass: 79061K(83376K)->79059K(83376K) Class: 11557K(14848K)->11556K(14848K)
[98.295s][info][gc             ] GC(61) Pause Full (System.gc()) 172M->147M(2041M) 138.370ms
[98.295s][info][gc,cpu         ] GC(61) User=0.14s Sys=0.00s Real=0.14s
[99.243s][info][gc,start       ] GC(62) Pause Young (Allocation Failure)
[99.246s][info][gc,heap        ] GC(62) PSYoungGen: 685568K->3801K(692224K)
[99.246s][info][gc,heap        ] GC(62) PSOldGen: 150732K->150732K(1398272K)
[99.246s][info][gc,metaspace   ] GC(62) Metaspace: 90636K(98224K)->90636K(98224K) NonClass: 79079K(83376K)->79079K(83376K) Class: 11556K(14848K)->11556K(14848K)
[99.246s][info][gc             ] GC(62) Pause Young (Allocation Failure) 816M->150M(2041M) 2.603ms
[99.246s][info][gc,cpu         ] GC(62) User=0.00s Sys=0.00s Real=0.00s
[101.664s][info][gc,start       ] GC(63) Pause Young (Allocation Failure)
[101.666s][info][gc,heap        ] GC(63) PSYoungGen: 689369K->2292K(692736K)
[101.666s][info][gc,heap        ] GC(63) PSOldGen: 150732K->153349K(1398272K)
[101.666s][info][gc,metaspace   ] GC(63) Metaspace: 90675K(98224K)->90675K(98224K) NonClass: 79118K(83376K)->79118K(83376K) Class: 11556K(14848K)->11556K(14848K)
[101.666s][info][gc             ] GC(63) Pause Young (Allocation Failure) 820M->151M(2042M) 2.479ms
[101.666s][info][gc,cpu         ] GC(63) User=0.00s Sys=0.00s Real=0.00s
[103.822s][info][gc,start       ] GC(64) Pause Young (Allocation Failure)
[103.825s][info][gc,heap        ] GC(64) PSYoungGen: 688884K->1949K(692736K)
[103.825s][info][gc,heap        ] GC(64) PSOldGen: 153349K->154879K(1398272K)
[103.825s][info][gc,metaspace   ] GC(64) Metaspace: 90687K(98224K)->90687K(98224K) NonClass: 79130K(83376K)->79130K(83376K) Class: 11556K(14848K)->11556K(14848K)
[103.825s][info][gc             ] GC(64) Pause Young (Allocation Failure) 822M->153M(2042M) 2.385ms
[103.825s][info][gc,cpu         ] GC(64) User=0.00s Sys=0.00s Real=0.00s
[104.475s][info][gc,start       ] GC(65) Pause Young (Allocation Failure)
[104.479s][info][gc,heap        ] GC(65) PSYoungGen: 688002K->5413K(691712K)
[104.479s][info][gc,heap        ] GC(65) PSOldGen: 154879K->168550K(1398272K)
[104.479s][info][gc,metaspace   ] GC(65) Metaspace: 90691K(98224K)->90691K(98224K) NonClass: 79134K(83376K)->79134K(83376K) Class: 11556K(14848K)->11556K(14848K)
[104.479s][info][gc             ] GC(65) Pause Young (Allocation Failure) 823M->169M(2041M) 3.857ms
[104.479s][info][gc,cpu         ] GC(65) User=0.00s Sys=0.00s Real=0.00s
[106.206s][info][gc,start       ] GC(66) Pause Young (Allocation Failure)
[106.209s][info][gc,heap        ] GC(66) PSYoungGen: 689915K->2764K(692224K)
[106.209s][info][gc,heap        ] GC(66) PSOldGen: 168550K->171258K(1398272K)
[106.209s][info][gc,metaspace   ] GC(66) Metaspace: 90701K(98224K)->90701K(98224K) NonClass: 79144K(83376K)->79144K(83376K) Class: 11556K(14848K)->11556K(14848K)
[106.209s][info][gc             ] GC(66) Pause Young (Allocation Failure) 838M->169M(2041M) 2.898ms
[106.209s][info][gc,cpu         ] GC(66) User=0.00s Sys=0.00s Real=0.01s
[108.675s][info][gc,start       ] GC(67) Pause Young (Allocation Failure)
[108.677s][info][gc,heap        ] GC(67) PSYoungGen: 686315K->2571K(692736K)
[108.677s][info][gc,heap        ] GC(67) PSOldGen: 171258K->173030K(1398272K)
[108.677s][info][gc,metaspace   ] GC(67) Metaspace: 90709K(98224K)->90709K(98224K) NonClass: 79152K(83376K)->79152K(83376K) Class: 11556K(14848K)->11556K(14848K)
[108.677s][info][gc             ] GC(67) Pause Young (Allocation Failure) 837M->171M(2042M) 2.484ms
[108.678s][info][gc,cpu         ] GC(67) User=0.00s Sys=0.00s Real=0.00s
[110.299s][info][gc,start       ] GC(68) Pause Young (Allocation Failure)
[110.301s][info][gc,heap        ] GC(68) PSYoungGen: 685392K->2882K(692224K)
[110.301s][info][gc,heap        ] GC(68) PSOldGen: 173030K->174917K(1398272K)
[110.301s][info][gc,metaspace   ] GC(68) Metaspace: 90747K(98224K)->90747K(98224K) NonClass: 79187K(83376K)->79187K(83376K) Class: 11559K(14848K)->11559K(14848K)
[110.301s][info][gc             ] GC(68) Pause Young (Allocation Failure) 838M->173M(2041M) 2.589ms
[110.301s][info][gc,cpu         ] GC(68) User=0.00s Sys=0.00s Real=0.00s
[111.060s][info][gc,start       ] GC(69) Pause Young (Allocation Failure)
[111.063s][info][gc,heap        ] GC(69) PSYoungGen: 688962K->3376K(692736K)
[111.063s][info][gc,heap        ] GC(69) PSOldGen: 174917K->177168K(1398272K)
[111.063s][info][gc,metaspace   ] GC(69) Metaspace: 90754K(98224K)->90754K(98224K) NonClass: 79194K(83376K)->79194K(83376K) Class: 11559K(14848K)->11559K(14848K)
[111.063s][info][gc             ] GC(69) Pause Young (Allocation Failure) 843M->176M(2042M) 2.776ms
[111.063s][info][gc,cpu         ] GC(69) User=0.00s Sys=0.00s Real=0.01s
[113.616s][info][gc,start       ] GC(70) Pause Young (Allocation Failure)
[113.619s][info][gc,heap        ] GC(70) PSYoungGen: 689968K->2335K(692736K)
[113.619s][info][gc,heap        ] GC(70) PSOldGen: 177168K->179371K(1398272K)
[113.619s][info][gc,metaspace   ] GC(70) Metaspace: 90754K(98224K)->90754K(98224K) NonClass: 79194K(83376K)->79194K(83376K) Class: 11559K(14848K)->11559K(14848K)
[113.619s][info][gc             ] GC(70) Pause Young (Allocation Failure) 846M->177M(2042M) 2.856ms
[113.619s][info][gc,cpu         ] GC(70) User=0.00s Sys=0.00s Real=0.00s
[115.882s][info][gc,start       ] GC(71) Pause Young (Allocation Failure)
[115.884s][info][gc,heap        ] GC(71) PSYoungGen: 688627K->2277K(693248K)
[115.884s][info][gc,heap        ] GC(71) PSOldGen: 179371K->181039K(1398272K)
[115.884s][info][gc,metaspace   ] GC(71) Metaspace: 90754K(98224K)->90754K(98224K) NonClass: 79194K(83376K)->79194K(83376K) Class: 11559K(14848K)->11559K(14848K)
[115.884s][info][gc             ] GC(71) Pause Young (Allocation Failure) 847M->179M(2042M) 2.571ms
[115.884s][info][gc,cpu         ] GC(71) User=0.00s Sys=0.00s Real=0.00s
[116.542s][info][gc,start       ] GC(72) Pause Young (Allocation Failure)
[116.547s][info][gc,heap        ] GC(72) PSYoungGen: 689746K->4964K(692736K)
[116.547s][info][gc,heap        ] GC(72) PSOldGen: 181039K->190778K(1398272K)
[116.547s][info][gc,metaspace   ] GC(72) Metaspace: 90768K(98224K)->90768K(98224K) NonClass: 79208K(83376K)->79208K(83376K) Class: 11559K(14848K)->11559K(14848K)
[116.547s][info][gc             ] GC(72) Pause Young (Allocation Failure) 850M->191M(2042M) 4.149ms
[116.547s][info][gc,cpu         ] GC(72) User=0.00s Sys=0.00s Real=0.00s
[118.338s][info][gc,start       ] GC(73) Pause Young (Allocation Failure)
[118.341s][info][gc,heap        ] GC(73) PSYoungGen: 692580K->2891K(692736K)
[118.341s][info][gc,heap        ] GC(73) PSOldGen: 190778K->193843K(1398272K)
[118.341s][info][gc,metaspace   ] GC(73) Metaspace: 90770K(98224K)->90770K(98224K) NonClass: 79210K(83376K)->79210K(83376K) Class: 11559K(14848K)->11559K(14848K)
[118.341s][info][gc             ] GC(73) Pause Young (Allocation Failure) 862M->192M(2042M) 3.061ms
[118.341s][info][gc,cpu         ] GC(73) User=0.00s Sys=0.00s Real=0.01s
[120.573s][info][gc,start       ] GC(74) Pause Young (Allocation Failure)
[120.576s][info][gc,heap        ] GC(74) PSYoungGen: 689483K->3082K(692736K)
[120.577s][info][gc,heap        ] GC(74) PSOldGen: 193843K->195569K(1398272K)
[120.577s][info][gc,metaspace   ] GC(74) Metaspace: 90773K(98224K)->90773K(98224K) NonClass: 79213K(83376K)->79213K(83376K) Class: 11559K(14848K)->11559K(14848K)
[120.577s][info][gc             ] GC(74) Pause Young (Allocation Failure) 862M->193M(2042M) 3.225ms
[120.577s][info][gc,cpu         ] GC(74) User=0.00s Sys=0.00s Real=0.00s
[122.328s][info][gc,start       ] GC(75) Pause Young (Allocation Failure)
[122.331s][info][gc,heap        ] GC(75) PSYoungGen: 689674K->2582K(693248K)
[122.331s][info][gc,heap        ] GC(75) PSOldGen: 195569K->197426K(1398272K)
[122.331s][info][gc,metaspace   ] GC(75) Metaspace: 90792K(98224K)->90792K(98224K) NonClass: 79225K(83376K)->79225K(83376K) Class: 11566K(14848K)->11566K(14848K)
[122.331s][info][gc             ] GC(75) Pause Young (Allocation Failure) 864M->195M(2042M) 3.066ms
[122.331s][info][gc,cpu         ] GC(75) User=0.06s Sys=0.02s Real=0.00s
[123.110s][info][gc,start       ] GC(76) Pause Young (Allocation Failure)
[123.113s][info][gc,heap        ] GC(76) PSYoungGen: 690198K->3451K(693248K)
[123.113s][info][gc,heap        ] GC(76) PSOldGen: 197426K->199443K(1398272K)
[123.113s][info][gc,metaspace   ] GC(76) Metaspace: 90792K(98224K)->90792K(98224K) NonClass: 79226K(83376K)->79226K(83376K) Class: 11566K(14848K)->11566K(14848K)
[123.113s][info][gc             ] GC(76) Pause Young (Allocation Failure) 866M->198M(2042M) 3.137ms
[123.114s][info][gc,cpu         ] GC(76) User=0.02s Sys=0.00s Real=0.00s
[125.271s][info][gc,start       ] GC(77) Pause Young (Allocation Failure)
[125.274s][info][gc,heap        ] GC(77) PSYoungGen: 689632K->3531K(693248K)
[125.274s][info][gc,heap        ] GC(77) PSOldGen: 199443K->202354K(1398272K)
[125.274s][info][gc,metaspace   ] GC(77) Metaspace: 90794K(98224K)->90794K(98224K) NonClass: 79228K(83376K)->79228K(83376K) Class: 11566K(14848K)->11566K(14848K)
[125.274s][info][gc             ] GC(77) Pause Young (Allocation Failure) 868M->201M(2042M) 3.091ms
[125.274s][info][gc,cpu         ] GC(77) User=0.00s Sys=0.00s Real=0.01s
[125.929s][info][gc,start       ] GC(78) Pause Young (Allocation Failure)
[125.932s][info][gc,heap        ] GC(78) PSYoungGen: 687115K->2998K(693248K)
[125.933s][info][gc,heap        ] GC(78) PSOldGen: 202354K->204933K(1398272K)
[125.933s][info][gc,metaspace   ] GC(78) Metaspace: 90804K(98224K)->90804K(98224K) NonClass: 79237K(83376K)->79237K(83376K) Class: 11566K(14848K)->11566K(14848K)
[125.933s][info][gc             ] GC(78) Pause Young (Allocation Failure) 868M->203M(2042M) 3.297ms
[125.933s][info][gc,cpu         ] GC(78) User=0.00s Sys=0.00s Real=0.00s
[128.129s][info][gc,start       ] GC(79) Pause Young (Allocation Failure)
[128.131s][info][gc,heap        ] GC(79) PSYoungGen: 690614K->2965K(693760K)
[128.131s][info][gc,heap        ] GC(79) PSOldGen: 204933K->206502K(1398272K)
[128.131s][info][gc,metaspace   ] GC(79) Metaspace: 90820K(98224K)->90820K(98224K) NonClass: 79253K(83376K)->79253K(83376K) Class: 11567K(14848K)->11567K(14848K)
[128.131s][info][gc             ] GC(79) Pause Young (Allocation Failure) 874M->204M(2043M) 2.624ms
[128.131s][info][gc,cpu         ] GC(79) User=0.00s Sys=0.00s Real=0.00s
[129.123s][info][gc,start       ] GC(80) Pause Young (Allocation Failure)
[129.129s][info][gc,heap        ] GC(80) PSYoungGen: 688987K->4108K(693760K)
[129.129s][info][gc,heap        ] GC(80) PSOldGen: 206502K->208878K(1398272K)
[129.129s][info][gc,metaspace   ] GC(80) Metaspace: 90842K(98224K)->90842K(98224K) NonClass: 79275K(83376K)->79275K(83376K) Class: 11567K(14848K)->11567K(14848K)
[129.129s][info][gc             ] GC(80) Pause Young (Allocation Failure) 874M->207M(2043M) 5.885ms
[129.129s][info][gc,cpu         ] GC(80) User=0.05s Sys=0.00s Real=0.00s
[130.337s][info][gc,start       ] GC(81) Pause Young (GCLocker Initiated GC)
[130.340s][info][gc,heap        ] GC(81) PSYoungGen: 692748K->5115K(690688K)
[130.340s][info][gc,heap        ] GC(81) PSOldGen: 208881K->211325K(1398272K)
[130.340s][info][gc,metaspace   ] GC(81) Metaspace: 90845K(98224K)->90845K(98224K) NonClass: 79278K(83376K)->79278K(83376K) Class: 11567K(14848K)->11567K(14848K)
[130.340s][info][gc             ] GC(81) Pause Young (GCLocker Initiated GC) 880M->211M(2040M) 3.116ms
[130.340s][info][gc,cpu         ] GC(81) User=0.00s Sys=0.00s Real=0.00s
[132.235s][info][gc,start       ] GC(82) Pause Young (Allocation Failure)
[132.238s][info][gc,heap        ] GC(82) PSYoungGen: 690683K->3956K(692224K)
[132.238s][info][gc,heap        ] GC(82) PSOldGen: 211332K->214055K(1398272K)
[132.238s][info][gc,metaspace   ] GC(82) Metaspace: 90848K(98224K)->90848K(98224K) NonClass: 79281K(83376K)->79281K(83376K) Class: 11567K(14848K)->11567K(14848K)
[132.238s][info][gc             ] GC(82) Pause Young (Allocation Failure) 880M->212M(2041M) 3.304ms
[132.238s][info][gc,cpu         ] GC(82) User=0.08s Sys=0.02s Real=0.00s
[133.019s][info][gc,start       ] GC(83) Pause Young (Allocation Failure)
[133.022s][info][gc,heap        ] GC(83) PSYoungGen: 689524K->3728K(692736K)
[133.022s][info][gc,heap        ] GC(83) PSOldGen: 214055K->216516K(1398272K)
[133.022s][info][gc,metaspace   ] GC(83) Metaspace: 90852K(98224K)->90852K(98224K) NonClass: 79285K(83376K)->79285K(83376K) Class: 11567K(14848K)->11567K(14848K)
[133.022s][info][gc             ] GC(83) Pause Young (Allocation Failure) 882M->215M(2042M) 3.433ms
[133.022s][info][gc,cpu         ] GC(83) User=0.00s Sys=0.00s Real=0.00s
[135.392s][info][gc,start       ] GC(84) Pause Young (Allocation Failure)
[135.396s][info][gc,heap        ] GC(84) PSYoungGen: 689808K->3086K(692224K)
[135.396s][info][gc,heap        ] GC(84) PSOldGen: 216516K->219801K(1398272K)
[135.396s][info][gc,metaspace   ] GC(84) Metaspace: 90855K(98224K)->90855K(98224K) NonClass: 79288K(83376K)->79288K(83376K) Class: 11567K(14848K)->11567K(14848K)
[135.396s][info][gc             ] GC(84) Pause Young (Allocation Failure) 885M->217M(2041M) 4.296ms
[135.396s][info][gc,cpu         ] GC(84) User=0.02s Sys=0.00s Real=0.00s
[136.248s][info][gc,start       ] GC(85) Pause Young (Allocation Failure)
[136.250s][info][gc,heap        ] GC(85) PSYoungGen: 689163K->2559K(692736K)
[136.250s][info][gc,heap        ] GC(85) PSOldGen: 219801K->221179K(1398272K)
[136.250s][info][gc,metaspace   ] GC(85) Metaspace: 90861K(98224K)->90861K(98224K) NonClass: 79294K(83376K)->79294K(83376K) Class: 11567K(14848K)->11567K(14848K)
[136.250s][info][gc             ] GC(85) Pause Young (Allocation Failure) 887M->218M(2042M) 2.571ms
[136.250s][info][gc,cpu         ] GC(85) User=0.00s Sys=0.00s Real=0.00s
[136.273s][info][gc,start       ] GC(86) Pause Young (System.gc())
[136.275s][info][gc,heap        ] GC(86) PSYoungGen: 53133K->192K(687104K)
[136.275s][info][gc,heap        ] GC(86) PSOldGen: 221179K->223169K(1398272K)
[136.275s][info][gc,metaspace   ] GC(86) Metaspace: 90862K(98224K)->90862K(98224K) NonClass: 79295K(83376K)->79295K(83376K) Class: 11567K(14848K)->11567K(14848K)
[136.275s][info][gc             ] GC(86) Pause Young (System.gc()) 267M->218M(2036M) 2.514ms
[136.275s][info][gc,cpu         ] GC(86) User=0.00s Sys=0.00s Real=0.01s
[136.275s][info][gc,start       ] GC(87) Pause Full (System.gc())
[136.277s][info][gc,phases,start] GC(87) Phase 1: Mark live objects
[136.353s][info][gc,phases      ] GC(87) Phase 1: Mark live objects 76.411ms
[136.353s][info][gc,phases,start] GC(87) Phase 2: Compute new object addresses
[136.368s][info][gc,phases      ] GC(87) Phase 2: Compute new object addresses 14.822ms
[136.368s][info][gc,phases,start] GC(87) Phase 3: Adjust pointers
[136.406s][info][gc,phases      ] GC(87) Phase 3: Adjust pointers 38.083ms
[136.406s][info][gc,phases,start] GC(87) Phase 4: Move objects
[136.414s][info][gc,phases      ] GC(87) Phase 4: Move objects 7.673ms
[136.416s][info][gc,heap        ] GC(87) PSYoungGen: 192K->0K(687104K)
[136.416s][info][gc,heap        ] GC(87) PSOldGen: 223169K->151999K(1398272K)
[136.416s][info][gc,metaspace   ] GC(87) Metaspace: 90862K(98224K)->90847K(98224K) NonClass: 79295K(83376K)->79286K(83376K) Class: 11567K(14848K)->11561K(14848K)
[136.416s][info][gc             ] GC(87) Pause Full (System.gc()) 218M->148M(2036M) 141.205ms
[136.416s][info][gc,cpu         ] GC(87) User=0.14s Sys=0.00s Real=0.14s
[137.402s][info][gc,start       ] GC(88) Pause Young (Allocation Failure)
[137.405s][info][gc,heap        ] GC(88) PSYoungGen: 686592K->3807K(692736K)
[137.405s][info][gc,heap        ] GC(88) PSOldGen: 151999K->151999K(1398272K)
[137.405s][info][gc,metaspace   ] GC(88) Metaspace: 90864K(98224K)->90864K(98224K) NonClass: 79303K(83376K)->79303K(83376K) Class: 11561K(14848K)->11561K(14848K)
[137.405s][info][gc             ] GC(88) Pause Young (Allocation Failure) 818M->152M(2042M) 2.900ms
[137.405s][info][gc,cpu         ] GC(88) User=0.00s Sys=0.00s Real=0.00s
[139.768s][info][gc,start       ] GC(89) Pause Young (Allocation Failure)
[139.770s][info][gc,heap        ] GC(89) PSYoungGen: 689887K->2271K(692224K)
[139.770s][info][gc,heap        ] GC(89) PSOldGen: 151999K->154614K(1398272K)
[139.770s][info][gc,metaspace   ] GC(89) Metaspace: 90871K(98224K)->90871K(98224K) NonClass: 79310K(83376K)->79310K(83376K) Class: 11561K(14848K)->11561K(14848K)
[139.770s][info][gc             ] GC(89) Pause Young (Allocation Failure) 822M->153M(2041M) 2.352ms
[139.770s][info][gc,cpu         ] GC(89) User=0.00s Sys=0.00s Real=0.00s
[141.900s][info][gc,start       ] GC(90) Pause Young (Allocation Failure)
[141.902s][info][gc,heap        ] GC(90) PSYoungGen: 686651K->2124K(692736K)
[141.902s][info][gc,heap        ] GC(90) PSOldGen: 154614K->156104K(1398272K)
[141.902s][info][gc,metaspace   ] GC(90) Metaspace: 90871K(98224K)->90871K(98224K) NonClass: 79310K(83376K)->79310K(83376K) Class: 11561K(14848K)->11561K(14848K)
[141.902s][info][gc             ] GC(90) Pause Young (Allocation Failure) 821M->154M(2042M) 2.144ms
[141.903s][info][gc,cpu         ] GC(90) User=0.00s Sys=0.00s Real=0.00s
[142.540s][info][gc,start       ] GC(91) Pause Young (Allocation Failure)
[142.544s][info][gc,heap        ] GC(91) PSYoungGen: 688585K->5142K(692224K)
[142.544s][info][gc,heap        ] GC(91) PSOldGen: 156104K->169797K(1398272K)
[142.544s][info][gc,metaspace   ] GC(91) Metaspace: 90885K(98480K)->90885K(98480K) NonClass: 79324K(83632K)->79324K(83632K) Class: 11561K(14848K)->11561K(14848K)
[142.544s][info][gc             ] GC(91) Pause Young (Allocation Failure) 824M->170M(2041M) 3.720ms
[142.544s][info][gc,cpu         ] GC(91) User=0.00s Sys=0.00s Real=0.01s
[144.232s][info][gc,start       ] GC(92) Pause Young (Allocation Failure)
[144.235s][info][gc,heap        ] GC(92) PSYoungGen: 691734K->3307K(692736K)
[144.235s][info][gc,heap        ] GC(92) PSOldGen: 169797K->172511K(1398272K)
[144.235s][info][gc,metaspace   ] GC(92) Metaspace: 90904K(98480K)->90904K(98480K) NonClass: 79339K(83632K)->79339K(83632K) Class: 11564K(14848K)->11564K(14848K)
[144.235s][info][gc             ] GC(92) Pause Young (Allocation Failure) 841M->171M(2042M) 2.809ms
[144.235s][info][gc,cpu         ] GC(92) User=0.00s Sys=0.00s Real=0.01s
[146.651s][info][gc,start       ] GC(93) Pause Young (Allocation Failure)
[146.654s][info][gc,heap        ] GC(93) PSYoungGen: 689387K->3295K(692224K)
[146.654s][info][gc,heap        ] GC(93) PSOldGen: 172511K->174293K(1398272K)
[146.654s][info][gc,metaspace   ] GC(93) Metaspace: 90911K(98480K)->90911K(98480K) NonClass: 79347K(83632K)->79347K(83632K) Class: 11564K(14848K)->11564K(14848K)
[146.654s][info][gc             ] GC(93) Pause Young (Allocation Failure) 841M->173M(2041M) 2.619ms
[146.654s][info][gc,cpu         ] GC(93) User=0.00s Sys=0.00s Real=0.00s
[148.268s][info][gc,start       ] GC(94) Pause Young (Allocation Failure)
[148.271s][info][gc,heap        ] GC(94) PSYoungGen: 686084K->2946K(693248K)
[148.271s][info][gc,heap        ] GC(94) PSOldGen: 174293K->176150K(1398272K)
[148.271s][info][gc,metaspace   ] GC(94) Metaspace: 90912K(98480K)->90912K(98480K) NonClass: 79347K(83632K)->79347K(83632K) Class: 11564K(14848K)->11564K(14848K)
[148.271s][info][gc             ] GC(94) Pause Young (Allocation Failure) 840M->174M(2042M) 2.548ms
[148.271s][info][gc,cpu         ] GC(94) User=0.00s Sys=0.00s Real=0.02s
[149.029s][info][gc,start       ] GC(95) Pause Young (Allocation Failure)
[149.032s][info][gc,heap        ] GC(95) PSYoungGen: 690050K->3312K(692736K)
[149.032s][info][gc,heap        ] GC(95) PSOldGen: 176150K->178251K(1398272K)
[149.032s][info][gc,metaspace   ] GC(95) Metaspace: 90921K(98480K)->90921K(98480K) NonClass: 79357K(83632K)->79357K(83632K) Class: 11564K(14848K)->11564K(14848K)
[149.032s][info][gc             ] GC(95) Pause Young (Allocation Failure) 845M->177M(2042M) 2.758ms
[149.032s][info][gc,cpu         ] GC(95) User=0.00s Sys=0.00s Real=0.02s
[151.517s][info][gc,start       ] GC(96) Pause Young (Allocation Failure)
[151.520s][info][gc,heap        ] GC(96) PSYoungGen: 690416K->2294K(693248K)
[151.520s][info][gc,heap        ] GC(96) PSOldGen: 178251K->180459K(1398272K)
[151.520s][info][gc,metaspace   ] GC(96) Metaspace: 90927K(98480K)->90927K(98480K) NonClass: 79362K(83632K)->79362K(83632K) Class: 11564K(14848K)->11564K(14848K)
[151.520s][info][gc             ] GC(96) Pause Young (Allocation Failure) 848M->178M(2042M) 2.602ms
[151.520s][info][gc,cpu         ] GC(96) User=0.00s Sys=0.00s Real=0.00s
[153.750s][info][gc,start       ] GC(97) Pause Young (Allocation Failure)
[153.753s][info][gc,heap        ] GC(97) PSYoungGen: 689910K->3160K(693248K)
[153.753s][info][gc,heap        ] GC(97) PSOldGen: 180459K->182162K(1398272K)
[153.753s][info][gc,metaspace   ] GC(97) Metaspace: 90932K(98480K)->90932K(98480K) NonClass: 79367K(83632K)->79367K(83632K) Class: 11564K(14848K)->11564K(14848K)
[153.753s][info][gc             ] GC(97) Pause Young (Allocation Failure) 849M->180M(2042M) 3.011ms
[153.753s][info][gc,cpu         ] GC(97) User=0.08s Sys=0.02s Real=0.01s
[154.370s][info][gc,start       ] GC(98) Pause Young (Allocation Failure)
[154.374s][info][gc,heap        ] GC(98) PSYoungGen: 689180K->5462K(692224K)
[154.374s][info][gc,heap        ] GC(98) PSOldGen: 182162K->195844K(1398272K)
[154.374s][info][gc,metaspace   ] GC(98) Metaspace: 90964K(98480K)->90964K(98480K) NonClass: 79399K(83632K)->79399K(83632K) Class: 11564K(14848K)->11564K(14848K)
[154.374s][info][gc             ] GC(98) Pause Young (Allocation Failure) 850M->196M(2041M) 4.047ms
[154.374s][info][gc,cpu         ] GC(98) User=0.00s Sys=0.00s Real=0.00s
[156.129s][info][gc,start       ] GC(99) Pause Young (GCLocker Initiated GC)
[156.132s][info][gc,heap        ] GC(99) PSYoungGen: 692054K->4202K(692736K)
[156.132s][info][gc,heap        ] GC(99) PSOldGen: 195886K->198763K(1398272K)
[156.132s][info][gc,metaspace   ] GC(99) Metaspace: 90971K(98480K)->90971K(98480K) NonClass: 79407K(83632K)->79407K(83632K) Class: 11564K(14848K)->11564K(14848K)
[156.132s][info][gc             ] GC(99) Pause Young (GCLocker Initiated GC) 867M->198M(2042M) 2.826ms
[156.132s][info][gc,cpu         ] GC(99) User=0.00s Sys=0.00s Real=0.01s
[158.432s][info][gc,start       ] GC(100) Pause Young (Allocation Failure)
[158.435s][info][gc,heap        ] GC(100) PSYoungGen: 690794K->2993K(692736K)
[158.435s][info][gc,heap        ] GC(100) PSOldGen: 202861K->204622K(1398272K)
[158.435s][info][gc,metaspace   ] GC(100) Metaspace: 90978K(98480K)->90978K(98480K) NonClass: 79413K(83632K)->79413K(83632K) Class: 11564K(14848K)->11564K(14848K)
[158.435s][info][gc             ] GC(100) Pause Young (Allocation Failure) 872M->202M(2042M) 2.531ms
[158.435s][info][gc,cpu         ] GC(100) User=0.00s Sys=0.00s Real=0.00s
[160.058s][info][gc,start       ] GC(101) Pause Young (Allocation Failure)
[160.061s][info][gc,heap        ] GC(101) PSYoungGen: 689585K->4967K(692736K)
[160.061s][info][gc,heap        ] GC(101) PSOldGen: 204622K->206501K(1398272K)
[160.061s][info][gc,metaspace   ] GC(101) Metaspace: 90979K(98480K)->90979K(98480K) NonClass: 79414K(83632K)->79414K(83632K) Class: 11564K(14848K)->11564K(14848K)
[160.061s][info][gc             ] GC(101) Pause Young (Allocation Failure) 873M->206M(2042M) 2.909ms
[160.061s][info][gc,cpu         ] GC(101) User=0.00s Sys=0.00s Real=0.00s
[160.838s][info][gc,start       ] GC(102) Pause Young (Allocation Failure)
[160.841s][info][gc,heap        ] GC(102) PSYoungGen: 691559K->3475K(692736K)
[160.841s][info][gc,heap        ] GC(102) PSOldGen: 206501K->208709K(1398272K)
[160.841s][info][gc,metaspace   ] GC(102) Metaspace: 90979K(98480K)->90979K(98480K) NonClass: 79415K(83632K)->79415K(83632K) Class: 11564K(14848K)->11564K(14848K)
[160.841s][info][gc             ] GC(102) Pause Young (Allocation Failure) 877M->207M(2042M) 3.187ms
[160.841s][info][gc,cpu         ] GC(102) User=0.00s Sys=0.00s Real=0.01s
[163.050s][info][gc,start       ] GC(103) Pause Young (Allocation Failure)
[163.053s][info][gc,heap        ] GC(103) PSYoungGen: 686111K->3441K(692736K)
[163.053s][info][gc,heap        ] GC(103) PSOldGen: 208709K->211628K(1398272K)
[163.053s][info][gc,metaspace   ] GC(103) Metaspace: 90982K(98480K)->90982K(98480K) NonClass: 79417K(83632K)->79417K(83632K) Class: 11564K(14848K)->11564K(14848K)
[163.053s][info][gc             ] GC(103) Pause Young (Allocation Failure) 873M->210M(2042M) 3.345ms
[163.054s][info][gc,cpu         ] GC(103) User=0.00s Sys=0.00s Real=0.01s
[163.708s][info][gc,start       ] GC(104) Pause Young (Allocation Failure)
[163.710s][info][gc,heap        ] GC(104) PSYoungGen: 690033K->3269K(693248K)
[163.710s][info][gc,heap        ] GC(104) PSOldGen: 211628K->214292K(1398272K)
[163.710s][info][gc,metaspace   ] GC(104) Metaspace: 90985K(98480K)->90985K(98480K) NonClass: 79420K(83632K)->79420K(83632K) Class: 11564K(14848K)->11564K(14848K)
[163.711s][info][gc             ] GC(104) Pause Young (Allocation Failure) 880M->212M(2042M) 2.624ms
[163.711s][info][gc,cpu         ] GC(104) User=0.00s Sys=0.00s Real=0.00s
[165.911s][info][gc,start       ] GC(105) Pause Young (Allocation Failure)
[165.914s][info][gc,heap        ] GC(105) PSYoungGen: 690885K->4851K(692736K)
[165.914s][info][gc,heap        ] GC(105) PSOldGen: 214292K->215835K(1398272K)
[165.914s][info][gc,metaspace   ] GC(105) Metaspace: 90986K(98480K)->90986K(98480K) NonClass: 79422K(83632K)->79422K(83632K) Class: 11564K(14848K)->11564K(14848K)
[165.914s][info][gc             ] GC(105) Pause Young (Allocation Failure) 883M->215M(2042M) 2.892ms
[165.914s][info][gc,cpu         ] GC(105) User=0.00s Sys=0.00s Real=0.00s
[166.895s][info][gc,start       ] GC(106) Pause Young (Allocation Failure)
[166.899s][info][gc,heap        ] GC(106) PSYoungGen: 691635K->3650K(693248K)
[166.899s][info][gc,heap        ] GC(106) PSOldGen: 215835K->218225K(1398272K)
[166.899s][info][gc,metaspace   ] GC(106) Metaspace: 90991K(98480K)->90991K(98480K) NonClass: 79425K(83632K)->79425K(83632K) Class: 11565K(14848K)->11565K(14848K)
[166.899s][info][gc             ] GC(106) Pause Young (Allocation Failure) 886M->216M(2042M) 4.184ms
[166.899s][info][gc,cpu         ] GC(106) User=0.00s Sys=0.00s Real=0.01s
[168.151s][info][gc,start       ] GC(107) Pause Young (Allocation Failure)
[168.154s][info][gc,heap        ] GC(107) PSYoungGen: 690754K->3723K(692736K)
[168.154s][info][gc,heap        ] GC(107) PSOldGen: 218225K->220727K(1398272K)
[168.154s][info][gc,metaspace   ] GC(107) Metaspace: 90992K(98480K)->90992K(98480K) NonClass: 79426K(83632K)->79426K(83632K) Class: 11565K(14848K)->11565K(14848K)
[168.154s][info][gc             ] GC(107) Pause Young (Allocation Failure) 887M->219M(2042M) 2.890ms
[168.154s][info][gc,cpu         ] GC(107) User=0.00s Sys=0.00s Real=0.00s
[169.962s][info][gc,start       ] GC(108) Pause Young (Allocation Failure)
[169.965s][info][gc,heap        ] GC(108) PSYoungGen: 690827K->5395K(692224K)
[169.965s][info][gc,heap        ] GC(108) PSOldGen: 220727K->223400K(1398272K)
[169.965s][info][gc,metaspace   ] GC(108) Metaspace: 90992K(98480K)->90992K(98480K) NonClass: 79426K(83632K)->79426K(83632K) Class: 11565K(14848K)->11565K(14848K)
[169.965s][info][gc             ] GC(108) Pause Young (Allocation Failure) 890M->223M(2041M) 3.570ms
[169.965s][info][gc,cpu         ] GC(108) User=0.00s Sys=0.00s Real=0.01s
[170.697s][info][gc,start       ] GC(109) Pause Young (Allocation Failure)
[170.700s][info][gc,heap        ] GC(109) PSYoungGen: 691987K->3261K(692736K)
[170.700s][info][gc,heap        ] GC(109) PSOldGen: 223400K->225883K(1398272K)
[170.700s][info][gc,metaspace   ] GC(109) Metaspace: 90999K(98480K)->90999K(98480K) NonClass: 79433K(83632K)->79433K(83632K) Class: 11566K(14848K)->11566K(14848K)
[170.700s][info][gc             ] GC(109) Pause Young (Allocation Failure) 893M->223M(2042M) 3.097ms
[170.700s][info][gc,cpu         ] GC(109) User=0.00s Sys=0.00s Real=0.02s
[173.042s][info][gc,start       ] GC(110) Pause Young (Allocation Failure)
[173.045s][info][gc,heap        ] GC(110) PSYoungGen: 689853K->3895K(693248K)
[173.045s][info][gc,heap        ] GC(110) PSOldGen: 225883K->228636K(1398272K)
[173.045s][info][gc,metaspace   ] GC(110) Metaspace: 91000K(98480K)->91000K(98480K) NonClass: 79434K(83632K)->79434K(83632K) Class: 11566K(14848K)->11566K(14848K)
[173.045s][info][gc             ] GC(110) Pause Young (Allocation Failure) 894M->227M(2042M) 3.480ms
[173.045s][info][gc,cpu         ] GC(110) User=0.00s Sys=0.00s Real=0.00s
[173.890s][info][gc,start       ] GC(111) Pause Young (Allocation Failure)
[173.894s][info][gc,heap        ] GC(111) PSYoungGen: 690999K->3135K(692736K)
[173.894s][info][gc,heap        ] GC(111) PSOldGen: 228636K->230734K(1398272K)
[173.894s][info][gc,metaspace   ] GC(111) Metaspace: 91010K(98480K)->91010K(98480K) NonClass: 79443K(83632K)->79443K(83632K) Class: 11566K(14848K)->11566K(14848K)
[173.894s][info][gc             ] GC(111) Pause Young (Allocation Failure) 898M->228M(2042M) 3.179ms
[173.894s][info][gc,cpu         ] GC(111) User=0.09s Sys=0.00s Real=0.00s
[173.898s][info][gc,start       ] GC(112) Pause Young (System.gc())
[173.901s][info][gc,heap        ] GC(112) PSYoungGen: 18489K->192K(692224K)
[173.901s][info][gc,heap        ] GC(112) PSOldGen: 230734K->232195K(1398272K)
[173.901s][info][gc,metaspace   ] GC(112) Metaspace: 91010K(98480K)->91010K(98480K) NonClass: 79443K(83632K)->79443K(83632K) Class: 11566K(14848K)->11566K(14848K)
[173.901s][info][gc             ] GC(112) Pause Young (System.gc()) 243M->226M(2041M) 2.495ms
[173.901s][info][gc,cpu         ] GC(112) User=0.00s Sys=0.00s Real=0.01s
[173.901s][info][gc,start       ] GC(113) Pause Full (System.gc())
[173.902s][info][gc,phases,start] GC(113) Phase 1: Mark live objects
[173.979s][info][gc,phases      ] GC(113) Phase 1: Mark live objects 76.352ms
[173.979s][info][gc,phases,start] GC(113) Phase 2: Compute new object addresses
[173.993s][info][gc,phases      ] GC(113) Phase 2: Compute new object addresses 14.292ms
[173.993s][info][gc,phases,start] GC(113) Phase 3: Adjust pointers
[174.031s][info][gc,phases      ] GC(113) Phase 3: Adjust pointers 37.475ms
[174.031s][info][gc,phases,start] GC(113) Phase 4: Move objects
[174.048s][info][gc,phases      ] GC(113) Phase 4: Move objects 17.073ms
[174.050s][info][gc,heap        ] GC(113) PSYoungGen: 192K->0K(692224K)
[174.050s][info][gc,heap        ] GC(113) PSOldGen: 232195K->82987K(1398272K)
[174.050s][info][gc,metaspace   ] GC(113) Metaspace: 91010K(98480K)->91009K(98480K) NonClass: 79443K(83632K)->79443K(83632K) Class: 11566K(14848K)->11565K(14848K)
[174.050s][info][gc             ] GC(113) Pause Full (System.gc()) 226M->81M(2041M) 149.493ms
[174.050s][info][gc,cpu         ] GC(113) User=0.16s Sys=0.00s Real=0.14s
[174.966s][info][gc,start       ] GC(114) Pause Young (Allocation Failure)
[174.968s][info][gc,heap        ] GC(114) PSYoungGen: 686592K->3583K(692736K)
[174.968s][info][gc,heap        ] GC(114) PSOldGen: 82987K->82995K(1398272K)
[174.968s][info][gc,metaspace   ] GC(114) Metaspace: 91029K(98480K)->91029K(98480K) NonClass: 79463K(83632K)->79463K(83632K) Class: 11565K(14848K)->11565K(14848K)
[174.968s][info][gc             ] GC(114) Pause Young (Allocation Failure) 751M->84M(2042M) 2.601ms
[174.968s][info][gc,cpu         ] GC(114) User=0.00s Sys=0.00s Real=0.01s
[177.346s][info][gc,start       ] GC(115) Pause Young (Allocation Failure)
[177.348s][info][gc,heap        ] GC(115) PSYoungGen: 690175K->2249K(692736K)
[177.348s][info][gc,heap        ] GC(115) PSOldGen: 82995K->85596K(1398272K)
[177.348s][info][gc,metaspace   ] GC(115) Metaspace: 91029K(98480K)->91029K(98480K) NonClass: 79463K(83632K)->79463K(83632K) Class: 11565K(14848K)->11565K(14848K)
[177.348s][info][gc             ] GC(115) Pause Young (Allocation Failure) 755M->85M(2042M) 2.436ms
[177.348s][info][gc,cpu         ] GC(115) User=0.00s Sys=0.00s Real=0.00s
[179.502s][info][gc,start       ] GC(116) Pause Young (Allocation Failure)
[179.504s][info][gc,heap        ] GC(116) PSYoungGen: 686445K->2156K(692736K)
[179.504s][info][gc,heap        ] GC(116) PSOldGen: 85596K->87115K(1398272K)
[179.504s][info][gc,metaspace   ] GC(116) Metaspace: 91031K(98480K)->91031K(98480K) NonClass: 79465K(83632K)->79465K(83632K) Class: 11565K(14848K)->11565K(14848K)
[179.504s][info][gc             ] GC(116) Pause Young (Allocation Failure) 753M->87M(2042M) 2.499ms
[179.504s][info][gc,cpu         ] GC(116) User=0.00s Sys=0.00s Real=0.01s
[180.140s][info][gc,start       ] GC(117) Pause Young (Allocation Failure)
[180.144s][info][gc,heap        ] GC(117) PSYoungGen: 685206K->5302K(691712K)
[180.144s][info][gc,heap        ] GC(117) PSOldGen: 87115K->96745K(1398272K)
[180.144s][info][gc,metaspace   ] GC(117) Metaspace: 91036K(98480K)->91036K(98480K) NonClass: 79470K(83632K)->79470K(83632K) Class: 11565K(14848K)->11565K(14848K)
[180.144s][info][gc             ] GC(117) Pause Young (Allocation Failure) 754M->99M(2041M) 3.532ms
[180.144s][info][gc,cpu         ] GC(117) User=0.06s Sys=0.02s Real=0.00s
[181.783s][info][gc,start       ] GC(118) Pause Young (Allocation Failure)
[181.785s][info][gc,heap        ] GC(118) PSYoungGen: 688130K->2806K(692224K)
[181.786s][info][gc,heap        ] GC(118) PSOldGen: 96745K->99518K(1398272K)
[181.786s][info][gc,metaspace   ] GC(118) Metaspace: 91037K(98480K)->91037K(98480K) NonClass: 79471K(83632K)->79471K(83632K) Class: 11565K(14848K)->11565K(14848K)
[181.786s][info][gc             ] GC(118) Pause Young (Allocation Failure) 766M->99M(2041M) 2.731ms
[181.786s][info][gc,cpu         ] GC(118) User=0.00s Sys=0.00s Real=0.01s
[184.171s][info][gc,start       ] GC(119) Pause Young (Allocation Failure)
[184.174s][info][gc,heap        ] GC(119) PSYoungGen: 686650K->2631K(692736K)
[184.174s][info][gc,heap        ] GC(119) PSOldGen: 99518K->101271K(1398272K)
[184.174s][info][gc,metaspace   ] GC(119) Metaspace: 91039K(98480K)->91039K(98480K) NonClass: 79473K(83632K)->79473K(83632K) Class: 11565K(14848K)->11565K(14848K)
[184.174s][info][gc             ] GC(119) Pause Young (Allocation Failure) 767M->101M(2042M) 2.153ms
[184.174s][info][gc,cpu         ] GC(119) User=0.09s Sys=0.00s Real=0.00s
[185.765s][info][gc,start       ] GC(120) Pause Young (Allocation Failure)
[185.768s][info][gc,heap        ] GC(120) PSYoungGen: 688574K->2658K(692736K)
[185.768s][info][gc,heap        ] GC(120) PSOldGen: 101271K->103147K(1398272K)
[185.768s][info][gc,metaspace   ] GC(120) Metaspace: 91039K(98480K)->91039K(98480K) NonClass: 79473K(83632K)->79473K(83632K) Class: 11565K(14848K)->11565K(14848K)
[185.768s][info][gc             ] GC(120) Pause Young (Allocation Failure) 771M->103M(2042M) 2.384ms
[185.768s][info][gc,cpu         ] GC(120) User=0.06s Sys=0.00s Real=0.00s
[186.536s][info][gc,start       ] GC(121) Pause Young (Allocation Failure)
[186.539s][info][gc,heap        ] GC(121) PSYoungGen: 689250K->3515K(693248K)
[186.539s][info][gc,heap        ] GC(121) PSOldGen: 103147K->105289K(1398272K)
[186.539s][info][gc,metaspace   ] GC(121) Metaspace: 91039K(98480K)->91039K(98480K) NonClass: 79473K(83632K)->79473K(83632K) Class: 11565K(14848K)->11565K(14848K)
[186.539s][info][gc             ] GC(121) Pause Young (Allocation Failure) 773M->106M(2042M) 2.978ms
[186.539s][info][gc,cpu         ] GC(121) User=0.00s Sys=0.00s Real=0.01s
[188.992s][info][gc,start       ] GC(122) Pause Young (Allocation Failure)
[188.994s][info][gc,heap        ] GC(122) PSYoungGen: 690619K->2389K(692736K)
[188.994s][info][gc,heap        ] GC(122) PSOldGen: 105289K->107522K(1398272K)
[188.994s][info][gc,metaspace   ] GC(122) Metaspace: 91045K(98480K)->91045K(98480K) NonClass: 79477K(83632K)->79477K(83632K) Class: 11567K(14848K)->11567K(14848K)
[188.994s][info][gc             ] GC(122) Pause Young (Allocation Failure) 777M->107M(2042M) 2.340ms
[188.995s][info][gc,cpu         ] GC(122) User=0.00s Sys=0.00s Real=0.00s
[191.211s][info][gc,start       ] GC(123) Pause Young (Allocation Failure)
[191.214s][info][gc,heap        ] GC(123) PSYoungGen: 688666K->2112K(693248K)
[191.214s][info][gc,heap        ] GC(123) PSOldGen: 107522K->109145K(1398272K)
[191.214s][info][gc,metaspace   ] GC(123) Metaspace: 91046K(98480K)->91046K(98480K) NonClass: 79478K(83632K)->79478K(83632K) Class: 11567K(14848K)->11567K(14848K)
[191.214s][info][gc             ] GC(123) Pause Young (Allocation Failure) 777M->108M(2042M) 2.349ms
[191.214s][info][gc,cpu         ] GC(123) User=0.00s Sys=0.00s Real=0.00s
[191.842s][info][gc,start       ] GC(124) Pause Young (Allocation Failure)
[191.846s][info][gc,heap        ] GC(124) PSYoungGen: 689005K->5302K(693248K)
[191.846s][info][gc,heap        ] GC(124) PSOldGen: 109145K->122839K(1398272K)
[191.846s][info][gc,metaspace   ] GC(124) Metaspace: 91048K(98480K)->91048K(98480K) NonClass: 79481K(83632K)->79481K(83632K) Class: 11567K(14848K)->11567K(14848K)
[191.846s][info][gc             ] GC(124) Pause Young (Allocation Failure) 779M->125M(2042M) 4.032ms
[191.846s][info][gc,cpu         ] GC(124) User=0.06s Sys=0.00s Real=0.00s
[193.616s][info][gc,start       ] GC(125) Pause Young (Allocation Failure)
[193.619s][info][gc,heap        ] GC(125) PSYoungGen: 692918K->3290K(692224K)
[193.619s][info][gc,heap        ] GC(125) PSOldGen: 122839K->125796K(1398272K)
[193.619s][info][gc,metaspace   ] GC(125) Metaspace: 91051K(98480K)->91051K(98480K) NonClass: 79484K(83632K)->79484K(83632K) Class: 11567K(14848K)->11567K(14848K)
[193.619s][info][gc             ] GC(125) Pause Young (Allocation Failure) 796M->126M(2041M) 2.811ms
[193.619s][info][gc,cpu         ] GC(125) User=0.00s Sys=0.00s Real=0.01s
[195.846s][info][gc,start       ] GC(126) Pause Young (Allocation Failure)
[195.848s][info][gc,heap        ] GC(126) PSYoungGen: 689882K->3083K(692736K)
[195.848s][info][gc,heap        ] GC(126) PSOldGen: 125796K->127586K(1398272K)
[195.848s][info][gc,metaspace   ] GC(126) Metaspace: 91055K(98480K)->91055K(98480K) NonClass: 79487K(83632K)->79487K(83632K) Class: 11567K(14848K)->11567K(14848K)
[195.848s][info][gc             ] GC(126) Pause Young (Allocation Failure) 796M->127M(2042M) 2.506ms
[195.848s][info][gc,cpu         ] GC(126) User=0.00s Sys=0.00s Real=0.00s
[197.556s][info][gc,start       ] GC(127) Pause Young (Allocation Failure)
[197.559s][info][gc,heap        ] GC(127) PSYoungGen: 689675K->2883K(693248K)
[197.559s][info][gc,heap        ] GC(127) PSOldGen: 127586K->129404K(1398272K)
[197.559s][info][gc,metaspace   ] GC(127) Metaspace: 91061K(98480K)->91061K(98480K) NonClass: 79494K(83632K)->79494K(83632K) Class: 11567K(14848K)->11567K(14848K)
[197.559s][info][gc             ] GC(127) Pause Young (Allocation Failure) 798M->129M(2042M) 3.039ms
[197.559s][info][gc,cpu         ] GC(127) User=0.00s Sys=0.00s Real=0.00s
[198.323s][info][gc,start       ] GC(128) Pause Young (Allocation Failure)
[198.326s][info][gc,heap        ] GC(128) PSYoungGen: 690499K->3432K(693248K)
[198.326s][info][gc,heap        ] GC(128) PSOldGen: 129404K->131353K(1398272K)
[198.326s][info][gc,metaspace   ] GC(128) Metaspace: 91083K(98480K)->91083K(98480K) NonClass: 79516K(83632K)->79516K(83632K) Class: 11567K(14848K)->11567K(14848K)
[198.326s][info][gc             ] GC(128) Pause Young (Allocation Failure) 800M->131M(2042M) 2.789ms
[198.326s][info][gc,cpu         ] GC(128) User=0.00s Sys=0.00s Real=0.00s
[200.509s][info][gc,start       ] GC(129) Pause Young (Allocation Failure)
[200.512s][info][gc,heap        ] GC(129) PSYoungGen: 691048K->3356K(693760K)
[200.512s][info][gc,heap        ] GC(129) PSOldGen: 131353K->134277K(1398272K)
[200.512s][info][gc,metaspace   ] GC(129) Metaspace: 91083K(98480K)->91083K(98480K) NonClass: 79516K(83632K)->79516K(83632K) Class: 11567K(14848K)->11567K(14848K)
[200.512s][info][gc             ] GC(129) Pause Young (Allocation Failure) 803M->134M(2043M) 2.880ms
[200.512s][info][gc,cpu         ] GC(129) User=0.00s Sys=0.00s Real=0.00s
[201.160s][info][gc,start       ] GC(130) Pause Young (Allocation Failure)
[201.163s][info][gc,heap        ] GC(130) PSYoungGen: 691125K->2229K(693248K)
[201.163s][info][gc,heap        ] GC(130) PSOldGen: 134277K->136733K(1398272K)
[201.163s][info][gc,metaspace   ] GC(130) Metaspace: 91084K(98480K)->91084K(98480K) NonClass: 79516K(83632K)->79516K(83632K) Class: 11567K(14848K)->11567K(14848K)
[201.163s][info][gc             ] GC(130) Pause Young (Allocation Failure) 806M->135M(2042M) 3.307ms
[201.163s][info][gc,cpu         ] GC(130) User=0.00s Sys=0.00s Real=0.00s
[203.399s][info][gc,start       ] GC(131) Pause Young (Allocation Failure)
[203.403s][info][gc,heap        ] GC(131) PSYoungGen: 690357K->3550K(693760K)
[203.403s][info][gc,heap        ] GC(131) PSOldGen: 136733K->138314K(1398272K)
[203.403s][info][gc,metaspace   ] GC(131) Metaspace: 91087K(98480K)->91087K(98480K) NonClass: 79519K(83632K)->79519K(83632K) Class: 11567K(14848K)->11567K(14848K)
[203.403s][info][gc             ] GC(131) Pause Young (Allocation Failure) 807M->138M(2043M) 3.919ms
[203.403s][info][gc,cpu         ] GC(131) User=0.00s Sys=0.00s Real=0.01s
[204.394s][info][gc,start       ] GC(132) Pause Young (Allocation Failure)
[204.398s][info][gc,heap        ] GC(132) PSYoungGen: 690924K->4099K(693248K)
[204.398s][info][gc,heap        ] GC(132) PSOldGen: 138314K->140736K(1398272K)
[204.398s][info][gc,metaspace   ] GC(132) Metaspace: 91087K(98480K)->91087K(98480K) NonClass: 79519K(83632K)->79519K(83632K) Class: 11567K(14848K)->11567K(14848K)
[204.398s][info][gc             ] GC(132) Pause Young (Allocation Failure) 809M->141M(2042M) 4.591ms
[204.399s][info][gc,cpu         ] GC(132) User=0.00s Sys=0.00s Real=0.00s
[205.666s][info][gc,start       ] GC(133) Pause Young (Allocation Failure)
[205.669s][info][gc,heap        ] GC(133) PSYoungGen: 691881K->3578K(693760K)
[205.669s][info][gc,heap        ] GC(133) PSOldGen: 140736K->143071K(1398272K)
[205.669s][info][gc,metaspace   ] GC(133) Metaspace: 91087K(98480K)->91087K(98480K) NonClass: 79520K(83632K)->79520K(83632K) Class: 11567K(14848K)->11567K(14848K)
[205.669s][info][gc             ] GC(133) Pause Young (Allocation Failure) 813M->143M(2043M) 3.602ms
[205.669s][info][gc,cpu         ] GC(133) User=0.00s Sys=0.00s Real=0.00s
[207.468s][info][gc,start       ] GC(134) Pause Young (Allocation Failure)
[207.471s][info][gc,heap        ] GC(134) PSYoungGen: 691706K->4602K(693248K)
[207.471s][info][gc,heap        ] GC(134) PSOldGen: 143071K->145792K(1398272K)
[207.471s][info][gc,metaspace   ] GC(134) Metaspace: 91087K(98480K)->91087K(98480K) NonClass: 79520K(83632K)->79520K(83632K) Class: 11567K(14848K)->11567K(14848K)
[207.471s][info][gc             ] GC(134) Pause Young (Allocation Failure) 815M->146M(2042M) 3.159ms
[207.471s][info][gc,cpu         ] GC(134) User=0.09s Sys=0.00s Real=0.01s
[208.211s][info][gc,start       ] GC(135) Pause Young (Allocation Failure)
[208.214s][info][gc,heap        ] GC(135) PSYoungGen: 692730K->3221K(693248K)
[208.214s][info][gc,heap        ] GC(135) PSOldGen: 145792K->148139K(1398272K)
[208.214s][info][gc,metaspace   ] GC(135) Metaspace: 91087K(98480K)->91087K(98480K) NonClass: 79520K(83632K)->79520K(83632K) Class: 11567K(14848K)->11567K(14848K)
[208.214s][info][gc             ] GC(135) Pause Young (Allocation Failure) 818M->147M(2042M) 3.036ms
[208.214s][info][gc,cpu         ] GC(135) User=0.00s Sys=0.00s Real=0.00s
[210.534s][info][gc,start       ] GC(136) Pause Young (Allocation Failure)
[210.537s][info][gc,heap        ] GC(136) PSYoungGen: 690837K->3544K(693248K)
[210.537s][info][gc,heap        ] GC(136) PSOldGen: 148139K->150870K(1398272K)
[210.537s][info][gc,metaspace   ] GC(136) Metaspace: 91088K(98480K)->91088K(98480K) NonClass: 79520K(83632K)->79520K(83632K) Class: 11567K(14848K)->11567K(14848K)
[210.537s][info][gc             ] GC(136) Pause Young (Allocation Failure) 819M->150M(2042M) 3.183ms
[210.538s][info][gc,cpu         ] GC(136) User=0.00s Sys=0.00s Real=0.01s
[211.384s][info][gc,start       ] GC(137) Pause Young (Allocation Failure)
[211.386s][info][gc,heap        ] GC(137) PSYoungGen: 691160K->3103K(693760K)
[211.386s][info][gc,heap        ] GC(137) PSOldGen: 150870K->152728K(1398272K)
[211.386s][info][gc,metaspace   ] GC(137) Metaspace: 91088K(98480K)->91088K(98480K) NonClass: 79520K(83632K)->79520K(83632K) Class: 11567K(14848K)->11567K(14848K)
[211.387s][info][gc             ] GC(137) Pause Young (Allocation Failure) 822M->152M(2043M) 2.883ms
[211.387s][info][gc,cpu         ] GC(137) User=0.00s Sys=0.00s Real=0.00s
[211.398s][info][gc,start       ] GC(138) Pause Young (System.gc())
[211.400s][info][gc,heap        ] GC(138) PSYoungGen: 29014K->192K(689152K)
[211.400s][info][gc,heap        ] GC(138) PSOldGen: 152728K->154482K(1398272K)
[211.400s][info][gc,metaspace   ] GC(138) Metaspace: 91088K(98480K)->91088K(98480K) NonClass: 79520K(83632K)->79520K(83632K) Class: 11567K(14848K)->11567K(14848K)
[211.400s][info][gc             ] GC(138) Pause Young (System.gc()) 177M->151M(2038M) 2.438ms
[211.400s][info][gc,cpu         ] GC(138) User=0.00s Sys=0.00s Real=0.00s
[211.400s][info][gc,start       ] GC(139) Pause Full (System.gc())
[211.402s][info][gc,phases,start] GC(139) Phase 1: Mark live objects
[211.458s][info][gc,phases      ] GC(139) Phase 1: Mark live objects 55.565ms
[211.458s][info][gc,phases,start] GC(139) Phase 2: Compute new object addresses
[211.472s][info][gc,phases      ] GC(139) Phase 2: Compute new object addresses 13.868ms
[211.472s][info][gc,phases,start] GC(139) Phase 3: Adjust pointers
[211.507s][info][gc,phases      ] GC(139) Phase 3: Adjust pointers 35.421ms
[211.507s][info][gc,phases,start] GC(139) Phase 4: Move objects
[211.508s][info][gc,phases      ] GC(139) Phase 4: Move objects 0.648ms
[211.511s][info][gc,heap        ] GC(139) PSYoungGen: 192K->0K(689152K)
[211.511s][info][gc,heap        ] GC(139) PSOldGen: 154482K->152678K(1398272K)
[211.511s][info][gc,metaspace   ] GC(139) Metaspace: 91088K(98480K)->91088K(98480K) NonClass: 79520K(83632K)->79520K(83632K) Class: 11567K(14848K)->11567K(14848K)
[211.511s][info][gc             ] GC(139) Pause Full (System.gc()) 151M->149M(2038M) 110.600ms
[211.511s][info][gc,cpu         ] GC(139) User=0.11s Sys=0.00s Real=0.10s
[212.430s][info][gc,start       ] GC(140) Pause Young (Allocation Failure)
[212.433s][info][gc,heap        ] GC(140) PSYoungGen: 688640K->3767K(693248K)
[212.433s][info][gc,heap        ] GC(140) PSOldGen: 152678K->152678K(1398272K)
[212.433s][info][gc,metaspace   ] GC(140) Metaspace: 91095K(98480K)->91095K(98480K) NonClass: 79527K(83632K)->79527K(83632K) Class: 11567K(14848K)->11567K(14848K)
[212.433s][info][gc             ] GC(140) Pause Young (Allocation Failure) 821M->152M(2042M) 2.649ms
[212.433s][info][gc,cpu         ] GC(140) User=0.00s Sys=0.00s Real=0.00s
[214.774s][info][gc,start       ] GC(141) Pause Young (Allocation Failure)
[214.777s][info][gc,heap        ] GC(141) PSYoungGen: 691383K->2230K(693248K)
[214.777s][info][gc,heap        ] GC(141) PSOldGen: 152678K->155271K(1398272K)
[214.777s][info][gc,metaspace   ] GC(141) Metaspace: 91095K(98480K)->91095K(98480K) NonClass: 79527K(83632K)->79527K(83632K) Class: 11567K(14848K)->11567K(14848K)
[214.777s][info][gc             ] GC(141) Pause Young (Allocation Failure) 824M->153M(2042M) 2.830ms
[214.777s][info][gc,cpu         ] GC(141) User=0.00s Sys=0.00s Real=0.00s
[216.912s][info][gc,start       ] GC(142) Pause Young (Allocation Failure)
[216.914s][info][gc,heap        ] GC(142) PSYoungGen: 689846K->2580K(693248K)
[216.914s][info][gc,heap        ] GC(142) PSOldGen: 155271K->156745K(1398272K)
[216.914s][info][gc,metaspace   ] GC(142) Metaspace: 91095K(98480K)->91095K(98480K) NonClass: 79527K(83632K)->79527K(83632K) Class: 11567K(14848K)->11567K(14848K)
[216.914s][info][gc             ] GC(142) Pause Young (Allocation Failure) 825M->155M(2042M) 2.457ms
[216.914s][info][gc,cpu         ] GC(142) User=0.00s Sys=0.00s Real=0.00s
[217.545s][info][gc,start       ] GC(143) Pause Young (Allocation Failure)
[217.549s][info][gc,heap        ] GC(143) PSYoungGen: 689023K->5335K(693248K)
[217.549s][info][gc,heap        ] GC(143) PSOldGen: 156745K->166395K(1398272K)
[217.549s][info][gc,metaspace   ] GC(143) Metaspace: 91095K(98480K)->91095K(98480K) NonClass: 79527K(83632K)->79527K(83632K) Class: 11567K(14848K)->11567K(14848K)
[217.549s][info][gc             ] GC(143) Pause Young (Allocation Failure) 825M->167M(2042M) 3.766ms
[217.549s][info][gc,cpu         ] GC(143) User=0.06s Sys=0.02s Real=0.00s
[219.211s][info][gc,start       ] GC(144) Pause Young (Allocation Failure)
[219.214s][info][gc,heap        ] GC(144) PSYoungGen: 692951K->3645K(692224K)
[219.214s][info][gc,heap        ] GC(144) PSOldGen: 166395K->169052K(1398272K)
[219.214s][info][gc,metaspace   ] GC(144) Metaspace: 91097K(98480K)->91097K(98480K) NonClass: 79529K(83632K)->79529K(83632K) Class: 11567K(14848K)->11567K(14848K)
[219.214s][info][gc             ] GC(144) Pause Young (Allocation Failure) 839M->168M(2041M) 2.995ms
[219.214s][info][gc,cpu         ] GC(144) User=0.00s Sys=0.00s Real=0.01s
[221.617s][info][gc,start       ] GC(145) Pause Young (Allocation Failure)
[221.619s][info][gc,heap        ] GC(145) PSYoungGen: 690237K->5523K(692224K)
[221.619s][info][gc,heap        ] GC(145) PSOldGen: 169052K->170826K(1398272K)
[221.619s][info][gc,metaspace   ] GC(145) Metaspace: 91101K(98480K)->91101K(98480K) NonClass: 79533K(83632K)->79533K(83632K) Class: 11567K(14848K)->11567K(14848K)
[221.619s][info][gc             ] GC(145) Pause Young (Allocation Failure) 839M->172M(2041M) 2.844ms
[221.620s][info][gc,cpu         ] GC(145) User=0.00s Sys=0.00s Real=0.00s
[223.228s][info][gc,start       ] GC(146) Pause Young (Allocation Failure)
[223.231s][info][gc,heap        ] GC(146) PSYoungGen: 692115K->2979K(692736K)
[223.231s][info][gc,heap        ] GC(146) PSOldGen: 170826K->172694K(1398272K)
[223.231s][info][gc,metaspace   ] GC(146) Metaspace: 91101K(98480K)->91101K(98480K) NonClass: 79533K(83632K)->79533K(83632K) Class: 11567K(14848K)->11567K(14848K)
[223.231s][info][gc             ] GC(146) Pause Young (Allocation Failure) 842M->171M(2042M) 3.107ms
[223.231s][info][gc,cpu         ] GC(146) User=0.00s Sys=0.00s Real=0.00s
[223.986s][info][gc,start       ] GC(147) Pause Young (Allocation Failure)
[223.989s][info][gc,heap        ] GC(147) PSYoungGen: 689059K->3421K(692224K)
[223.989s][info][gc,heap        ] GC(147) PSOldGen: 172694K->174953K(1398272K)
[223.989s][info][gc,metaspace   ] GC(147) Metaspace: 91109K(98480K)->91109K(98480K) NonClass: 79541K(83632K)->79541K(83632K) Class: 11567K(14848K)->11567K(14848K)
[223.989s][info][gc             ] GC(147) Pause Young (Allocation Failure) 841M->174M(2041M) 2.985ms
[223.989s][info][gc,cpu         ] GC(147) User=0.00s Sys=0.00s Real=0.00s
[226.451s][info][gc,start       ] GC(148) Pause Young (Allocation Failure)
[226.453s][info][gc,heap        ] GC(148) PSYoungGen: 689501K->2399K(692736K)
[226.453s][info][gc,heap        ] GC(148) PSOldGen: 174953K->177157K(1398272K)
[226.453s][info][gc,metaspace   ] GC(148) Metaspace: 91110K(98480K)->91110K(98480K) NonClass: 79542K(83632K)->79542K(83632K) Class: 11567K(14848K)->11567K(14848K)
[226.453s][info][gc             ] GC(148) Pause Young (Allocation Failure) 844M->175M(2042M) 2.581ms
[226.454s][info][gc,cpu         ] GC(148) User=0.00s Sys=0.00s Real=0.00s
[228.676s][info][gc,start       ] GC(149) Pause Young (Allocation Failure)
[228.679s][info][gc,heap        ] GC(149) PSYoungGen: 688991K->3293K(692736K)
[228.679s][info][gc,heap        ] GC(149) PSOldGen: 177157K->178852K(1398272K)
[228.679s][info][gc,metaspace   ] GC(149) Metaspace: 91115K(98480K)->91115K(98480K) NonClass: 79548K(83632K)->79548K(83632K) Class: 11567K(14848K)->11567K(14848K)
[228.679s][info][gc             ] GC(149) Pause Young (Allocation Failure) 845M->177M(2042M) 2.973ms
[228.679s][info][gc,cpu         ] GC(149) User=0.00s Sys=0.00s Real=0.00s
[229.297s][info][gc,start       ] GC(150) Pause Young (Allocation Failure)
[229.300s][info][gc,heap        ] GC(150) PSYoungGen: 686079K->5271K(692224K)
[229.300s][info][gc,heap        ] GC(150) PSOldGen: 178852K->180350K(1398272K)
[229.300s][info][gc,metaspace   ] GC(150) Metaspace: 91115K(98480K)->91115K(98480K) NonClass: 79548K(83632K)->79548K(83632K) Class: 11567K(14848K)->11567K(14848K)
[229.300s][info][gc             ] GC(150) Pause Young (Allocation Failure) 844M->181M(2041M) 2.897ms
[229.300s][info][gc,cpu         ] GC(150) User=0.09s Sys=0.00s Real=0.00s
[231.045s][info][gc,start       ] GC(151) Pause Young (Allocation Failure)
[231.048s][info][gc,heap        ] GC(151) PSYoungGen: 691863K->4473K(691200K)
[231.048s][info][gc,heap        ] GC(151) PSOldGen: 180350K->183300K(1398272K)
[231.048s][info][gc,metaspace   ] GC(151) Metaspace: 91115K(98480K)->91115K(98480K) NonClass: 79548K(83632K)->79548K(83632K) Class: 11567K(14848K)->11567K(14848K)
[231.048s][info][gc             ] GC(151) Pause Young (Allocation Failure) 851M->183M(2040M) 3.125ms
[231.048s][info][gc,cpu         ] GC(151) User=0.00s Sys=0.00s Real=0.00s
[233.379s][info][gc,start       ] GC(152) Pause Young (Allocation Failure)
[233.381s][info][gc,heap        ] GC(152) PSYoungGen: 691065K->2970K(692736K)
[233.381s][info][gc,heap        ] GC(152) PSOldGen: 183300K->185042K(1398272K)
[233.381s][info][gc,metaspace   ] GC(152) Metaspace: 91115K(98480K)->91115K(98480K) NonClass: 79548K(83632K)->79548K(83632K) Class: 11567K(14848K)->11567K(14848K)
[233.381s][info][gc             ] GC(152) Pause Young (Allocation Failure) 853M->183M(2042M) 2.586ms
[233.381s][info][gc,cpu         ] GC(152) User=0.00s Sys=0.00s Real=0.00s
[234.998s][info][gc,start       ] GC(153) Pause Young (Allocation Failure)
[235.001s][info][gc,heap        ] GC(153) PSYoungGen: 689050K->4581K(692224K)
[235.001s][info][gc,heap        ] GC(153) PSOldGen: 185042K->186896K(1398272K)
[235.001s][info][gc,metaspace   ] GC(153) Metaspace: 91122K(98480K)->91122K(98480K) NonClass: 79553K(83632K)->79553K(83632K) Class: 11568K(14848K)->11568K(14848K)
[235.001s][info][gc             ] GC(153) Pause Young (Allocation Failure) 853M->186M(2041M) 2.902ms
[235.001s][info][gc,cpu         ] GC(153) User=0.00s Sys=0.00s Real=0.00s
[235.779s][info][gc,start       ] GC(154) Pause Young (Allocation Failure)
[235.782s][info][gc,heap        ] GC(154) PSYoungGen: 690661K->3442K(692736K)
[235.782s][info][gc,heap        ] GC(154) PSOldGen: 186896K->188917K(1398272K)
[235.782s][info][gc,metaspace   ] GC(154) Metaspace: 91123K(98480K)->91123K(98480K) NonClass: 79554K(83632K)->79554K(83632K) Class: 11568K(14848K)->11568K(14848K)
[235.782s][info][gc             ] GC(154) Pause Young (Allocation Failure) 856M->187M(2042M) 3.180ms
[235.782s][info][gc,cpu         ] GC(154) User=0.00s Sys=0.00s Real=0.00s
[238.005s][info][gc,start       ] GC(155) Pause Young (Allocation Failure)
[238.008s][info][gc,heap        ] GC(155) PSYoungGen: 689480K->3412K(692736K)
[238.008s][info][gc,heap        ] GC(155) PSOldGen: 188917K->191890K(1398272K)
[238.008s][info][gc,metaspace   ] GC(155) Metaspace: 91125K(98480K)->91125K(98480K) NonClass: 79556K(83632K)->79556K(83632K) Class: 11569K(14848K)->11569K(14848K)
[238.008s][info][gc             ] GC(155) Pause Young (Allocation Failure) 857M->190M(2042M) 3.197ms
[238.008s][info][gc,cpu         ] GC(155) User=0.00s Sys=0.00s Real=0.00s
[238.668s][info][gc,start       ] GC(156) Pause Young (Allocation Failure)
[238.671s][info][gc,heap        ] GC(156) PSYoungGen: 690004K->2811K(692736K)
[238.671s][info][gc,heap        ] GC(156) PSOldGen: 191890K->194479K(1398272K)
[238.671s][info][gc,metaspace   ] GC(156) Metaspace: 91127K(98480K)->91127K(98480K) NonClass: 79558K(83632K)->79558K(83632K) Class: 11569K(14848K)->11569K(14848K)
[238.671s][info][gc             ] GC(156) Pause Young (Allocation Failure) 861M->192M(2042M) 3.329ms
[238.671s][info][gc,cpu         ] GC(156) User=0.00s Sys=0.00s Real=0.01s
[240.855s][info][gc,start       ] GC(157) Pause Young (Allocation Failure)
[240.858s][info][gc,heap        ] GC(157) PSYoungGen: 689403K->4813K(692736K)
[240.858s][info][gc,heap        ] GC(157) PSOldGen: 194479K->196043K(1398272K)
[240.858s][info][gc,metaspace   ] GC(157) Metaspace: 91128K(98480K)->91128K(98480K) NonClass: 79559K(83632K)->79559K(83632K) Class: 11569K(14848K)->11569K(14848K)
[240.858s][info][gc             ] GC(157) Pause Young (Allocation Failure) 863M->196M(2042M) 3.093ms
[240.858s][info][gc,cpu         ] GC(157) User=0.00s Sys=0.00s Real=0.00s
[241.816s][info][gc,start       ] GC(158) Pause Young (Allocation Failure)
[241.819s][info][gc,heap        ] GC(158) PSYoungGen: 690899K->3507K(692736K)
[241.819s][info][gc,heap        ] GC(158) PSOldGen: 196043K->198448K(1398272K)
[241.819s][info][gc,metaspace   ] GC(158) Metaspace: 91133K(98480K)->91133K(98480K) NonClass: 79564K(83632K)->79564K(83632K) Class: 11569K(14848K)->11569K(14848K)
[241.819s][info][gc             ] GC(158) Pause Young (Allocation Failure) 866M->197M(2042M) 3.268ms
[241.819s][info][gc,cpu         ] GC(158) User=0.00s Sys=0.00s Real=0.00s
[243.060s][info][gc,start       ] GC(159) Pause Young (Allocation Failure)
[243.063s][info][gc,heap        ] GC(159) PSYoungGen: 689083K->3155K(692736K)
[243.063s][info][gc,heap        ] GC(159) PSOldGen: 198448K->200960K(1398272K)
[243.063s][info][gc,metaspace   ] GC(159) Metaspace: 91133K(98480K)->91133K(98480K) NonClass: 79564K(83632K)->79564K(83632K) Class: 11569K(14848K)->11569K(14848K)
[243.063s][info][gc             ] GC(159) Pause Young (Allocation Failure) 866M->199M(2042M) 2.756ms
[243.063s][info][gc,cpu         ] GC(159) User=0.00s Sys=0.00s Real=0.00s
[244.848s][info][gc,start       ] GC(160) Pause Young (Allocation Failure)
[244.851s][info][gc,heap        ] GC(160) PSYoungGen: 689747K->4902K(692224K)
[244.851s][info][gc,heap        ] GC(160) PSOldGen: 200960K->203601K(1398272K)
[244.851s][info][gc,metaspace   ] GC(160) Metaspace: 91133K(98480K)->91133K(98480K) NonClass: 79564K(83632K)->79564K(83632K) Class: 11569K(14848K)->11569K(14848K)
[244.851s][info][gc             ] GC(160) Pause Young (Allocation Failure) 869M->203M(2041M) 3.292ms
[244.851s][info][gc,cpu         ] GC(160) User=0.00s Sys=0.00s Real=0.00s
[245.590s][info][gc,start       ] GC(161) Pause Young (Allocation Failure)
[245.593s][info][gc,heap        ] GC(161) PSYoungGen: 691494K->3186K(692736K)
[245.593s][info][gc,heap        ] GC(161) PSOldGen: 203601K->206011K(1398272K)
[245.593s][info][gc,metaspace   ] GC(161) Metaspace: 91133K(98480K)->91133K(98480K) NonClass: 79564K(83632K)->79564K(83632K) Class: 11569K(14848K)->11569K(14848K)
[245.593s][info][gc             ] GC(161) Pause Young (Allocation Failure) 874M->204M(2042M) 3.086ms
[245.593s][info][gc,cpu         ] GC(161) User=0.00s Sys=0.00s Real=0.01s
[247.913s][info][gc,start       ] GC(162) Pause Young (Allocation Failure)
[247.916s][info][gc,heap        ] GC(162) PSYoungGen: 689778K->3651K(693248K)
[247.916s][info][gc,heap        ] GC(162) PSOldGen: 206011K->208757K(1398272K)
[247.916s][info][gc,metaspace   ] GC(162) Metaspace: 91133K(98480K)->91133K(98480K) NonClass: 79564K(83632K)->79564K(83632K) Class: 11569K(14848K)->11569K(14848K)
[247.916s][info][gc             ] GC(162) Pause Young (Allocation Failure) 874M->207M(2042M) 3.142ms
[247.916s][info][gc,cpu         ] GC(162) User=0.00s Sys=0.00s Real=0.00s
[248.759s][info][gc,start       ] GC(163) Pause Young (Allocation Failure)
[248.762s][info][gc,heap        ] GC(163) PSYoungGen: 690755K->2847K(692736K)
[248.762s][info][gc,heap        ] GC(163) PSOldGen: 208757K->210679K(1398272K)
[248.762s][info][gc,metaspace   ] GC(163) Metaspace: 91134K(98480K)->91134K(98480K) NonClass: 79565K(83632K)->79565K(83632K) Class: 11569K(14848K)->11569K(14848K)
[248.762s][info][gc             ] GC(163) Pause Young (Allocation Failure) 878M->208M(2042M) 3.196ms
[248.762s][info][gc,cpu         ] GC(163) User=0.00s Sys=0.00s Real=0.00s
[248.768s][info][gc,start       ] GC(164) Pause Young (System.gc())
[248.770s][info][gc,heap        ] GC(164) PSYoungGen: 26738K->192K(692224K)
[248.770s][info][gc,heap        ] GC(164) PSOldGen: 210679K->212336K(1398272K)
[248.770s][info][gc,metaspace   ] GC(164) Metaspace: 91134K(98480K)->91134K(98480K) NonClass: 79565K(83632K)->79565K(83632K) Class: 11569K(14848K)->11569K(14848K)
[248.770s][info][gc             ] GC(164) Pause Young (System.gc()) 231M->207M(2041M) 2.031ms
[248.770s][info][gc,cpu         ] GC(164) User=0.00s Sys=0.00s Real=0.00s
[248.770s][info][gc,start       ] GC(165) Pause Full (System.gc())
[248.772s][info][gc,phases,start] GC(165) Phase 1: Mark live objects
[248.828s][info][gc,phases      ] GC(165) Phase 1: Mark live objects 55.915ms
[248.828s][info][gc,phases,start] GC(165) Phase 2: Compute new object addresses
[248.843s][info][gc,phases      ] GC(165) Phase 2: Compute new object addresses 14.571ms
[248.843s][info][gc,phases,start] GC(165) Phase 3: Adjust pointers
[248.879s][info][gc,phases      ] GC(165) Phase 3: Adjust pointers 36.643ms
[248.879s][info][gc,phases,start] GC(165) Phase 4: Move objects
[248.887s][info][gc,phases      ] GC(165) Phase 4: Move objects 7.309ms
[248.889s][info][gc,heap        ] GC(165) PSYoungGen: 192K->0K(692224K)
[248.889s][info][gc,heap        ] GC(165) PSOldGen: 212336K->146331K(1398272K)
[248.889s][info][gc,metaspace   ] GC(165) Metaspace: 91134K(98480K)->91134K(98480K) NonClass: 79565K(83632K)->79565K(83632K) Class: 11569K(14848K)->11569K(14848K)
[248.889s][info][gc             ] GC(165) Pause Full (System.gc()) 207M->142M(2041M) 119.337ms
[248.889s][info][gc,cpu         ] GC(165) User=0.11s Sys=0.00s Real=0.12s
[249.794s][info][gc,start       ] GC(166) Pause Young (Allocation Failure)
[249.797s][info][gc,heap        ] GC(166) PSYoungGen: 686592K->3742K(692736K)
[249.797s][info][gc,heap        ] GC(166) PSOldGen: 146331K->146331K(1398272K)
[249.797s][info][gc,metaspace   ] GC(166) Metaspace: 91146K(98480K)->91146K(98480K) NonClass: 79576K(83632K)->79576K(83632K) Class: 11569K(14848K)->11569K(14848K)
[249.797s][info][gc             ] GC(166) Pause Young (Allocation Failure) 813M->146M(2042M) 2.784ms
[249.797s][info][gc,cpu         ] GC(166) User=0.00s Sys=0.00s Real=0.01s
[252.193s][info][gc,start       ] GC(167) Pause Young (Allocation Failure)
[252.196s][info][gc,heap        ] GC(167) PSYoungGen: 690334K->2325K(692736K)
[252.196s][info][gc,heap        ] GC(167) PSOldGen: 146331K->148928K(1398272K)
[252.196s][info][gc,metaspace   ] GC(167) Metaspace: 91148K(98480K)->91148K(98480K) NonClass: 79578K(83632K)->79578K(83632K) Class: 11569K(14848K)->11569K(14848K)
[252.196s][info][gc             ] GC(167) Pause Young (Allocation Failure) 817M->147M(2042M) 2.617ms
[252.196s][info][gc,cpu         ] GC(167) User=0.00s Sys=0.00s Real=0.01s
[254.361s][info][gc,start       ] GC(168) Pause Young (Allocation Failure)
[254.364s][info][gc,heap        ] GC(168) PSYoungGen: 686939K->2092K(692736K)
[254.364s][info][gc,heap        ] GC(168) PSOldGen: 148928K->150383K(1398272K)
[254.364s][info][gc,metaspace   ] GC(168) Metaspace: 91150K(98480K)->91150K(98480K) NonClass: 79580K(83632K)->79580K(83632K) Class: 11569K(14848K)->11569K(14848K)
[254.364s][info][gc             ] GC(168) Pause Young (Allocation Failure) 816M->148M(2042M) 2.663ms
[254.364s][info][gc,cpu         ] GC(168) User=0.00s Sys=0.00s Real=0.01s
[254.992s][info][gc,start       ] GC(169) Pause Young (Allocation Failure)
[254.996s][info][gc,heap        ] GC(169) PSYoungGen: 685336K->5046K(692736K)
[254.996s][info][gc,heap        ] GC(169) PSOldGen: 150383K->168172K(1398272K)
[254.996s][info][gc,metaspace   ] GC(169) Metaspace: 91150K(98480K)->91150K(98480K) NonClass: 79581K(83632K)->79581K(83632K) Class: 11569K(14848K)->11569K(14848K)
[254.996s][info][gc             ] GC(169) Pause Young (Allocation Failure) 816M->169M(2042M) 4.226ms
[254.996s][info][gc,cpu         ] GC(169) User=0.00s Sys=0.00s Real=0.00s
[256.669s][info][gc,start       ] GC(170) Pause Young (Allocation Failure)
[256.671s][info][gc,heap        ] GC(170) PSYoungGen: 688730K->2787K(692736K)
[256.671s][info][gc,heap        ] GC(170) PSOldGen: 168172K->170875K(1398272K)
[256.671s][info][gc,metaspace   ] GC(170) Metaspace: 91151K(98480K)->91151K(98480K) NonClass: 79581K(83632K)->79581K(83632K) Class: 11569K(14848K)->11569K(14848K)
[256.671s][info][gc             ] GC(170) Pause Young (Allocation Failure) 836M->169M(2042M) 2.875ms
[256.671s][info][gc,cpu         ] GC(170) User=0.00s Sys=0.00s Real=0.01s
[259.060s][info][gc,start       ] GC(171) Pause Young (Allocation Failure)
[259.062s][info][gc,heap        ] GC(171) PSYoungGen: 689379K->2739K(692736K)
[259.062s][info][gc,heap        ] GC(171) PSOldGen: 170875K->172618K(1398272K)
[259.062s][info][gc,metaspace   ] GC(171) Metaspace: 91151K(98480K)->91151K(98480K) NonClass: 79581K(83632K)->79581K(83632K) Class: 11569K(14848K)->11569K(14848K)
[259.062s][info][gc             ] GC(171) Pause Young (Allocation Failure) 840M->171M(2042M) 2.205ms
[259.062s][info][gc,cpu         ] GC(171) User=0.00s Sys=0.00s Real=0.00s
[260.703s][info][gc,start       ] GC(172) Pause Young (Allocation Failure)
[260.705s][info][gc,heap        ] GC(172) PSYoungGen: 687330K->2915K(692736K)
[260.705s][info][gc,heap        ] GC(172) PSOldGen: 172618K->174503K(1398272K)
[260.705s][info][gc,metaspace   ] GC(172) Metaspace: 91151K(98480K)->91151K(98480K) NonClass: 79582K(83632K)->79582K(83632K) Class: 11569K(14848K)->11569K(14848K)
[260.705s][info][gc             ] GC(172) Pause Young (Allocation Failure) 839M->173M(2042M) 2.687ms
[260.706s][info][gc,cpu         ] GC(172) User=0.08s Sys=0.00s Real=0.01s
[261.460s][info][gc,start       ] GC(173) Pause Young (Allocation Failure)
[261.463s][info][gc,heap        ] GC(173) PSYoungGen: 689507K->3419K(693248K)
[261.463s][info][gc,heap        ] GC(173) PSOldGen: 174503K->176577K(1398272K)
[261.463s][info][gc,metaspace   ] GC(173) Metaspace: 91151K(98480K)->91151K(98480K) NonClass: 79582K(83632K)->79582K(83632K) Class: 11569K(14848K)->11569K(14848K)
[261.463s][info][gc             ] GC(173) Pause Young (Allocation Failure) 843M->175M(2042M) 2.935ms
[261.463s][info][gc,cpu         ] GC(173) User=0.00s Sys=0.00s Real=0.00s
[263.934s][info][gc,start       ] GC(174) Pause Young (Allocation Failure)
[263.936s][info][gc,heap        ] GC(174) PSYoungGen: 691035K->2359K(693248K)
[263.936s][info][gc,heap        ] GC(174) PSOldGen: 176577K->178796K(1398272K)
[263.936s][info][gc,metaspace   ] GC(174) Metaspace: 91151K(98480K)->91151K(98480K) NonClass: 79582K(83632K)->79582K(83632K) Class: 11569K(14848K)->11569K(14848K)
[263.936s][info][gc             ] GC(174) Pause Young (Allocation Failure) 847M->176M(2042M) 2.660ms
[263.936s][info][gc,cpu         ] GC(174) User=0.00s Sys=0.00s Real=0.00s
[266.158s][info][gc,start       ] GC(175) Pause Young (Allocation Failure)
[266.161s][info][gc,heap        ] GC(175) PSYoungGen: 689975K->2979K(693760K)
[266.161s][info][gc,heap        ] GC(175) PSOldGen: 178796K->180405K(1398272K)
[266.161s][info][gc,metaspace   ] GC(175) Metaspace: 91151K(98480K)->91151K(98480K) NonClass: 79582K(83632K)->79582K(83632K) Class: 11569K(14848K)->11569K(14848K)
[266.161s][info][gc             ] GC(175) Pause Young (Allocation Failure) 848M->179M(2043M) 2.700ms
[266.161s][info][gc,cpu         ] GC(175) User=0.00s Sys=0.00s Real=0.00s
[266.787s][info][gc,start       ] GC(176) Pause Young (Allocation Failure)
[266.791s][info][gc,heap        ] GC(176) PSYoungGen: 689792K->5110K(693248K)
[266.791s][info][gc,heap        ] GC(176) PSOldGen: 180405K->182469K(1398272K)
[266.791s][info][gc,metaspace   ] GC(176) Metaspace: 91151K(98480K)->91151K(98480K) NonClass: 79582K(83632K)->79582K(83632K) Class: 11569K(14848K)->11569K(14848K)
[266.791s][info][gc             ] GC(176) Pause Young (Allocation Failure) 849M->183M(2042M) 3.384ms
[266.791s][info][gc,cpu         ] GC(176) User=0.00s Sys=0.00s Real=0.00s
[268.551s][info][gc,start       ] GC(177) Pause Young (Allocation Failure)
[268.554s][info][gc,heap        ] GC(177) PSYoungGen: 693238K->4749K(691200K)
[268.554s][info][gc,heap        ] GC(177) PSOldGen: 182469K->185401K(1398272K)
[268.554s][info][gc,metaspace   ] GC(177) Metaspace: 91153K(98480K)->91153K(98480K) NonClass: 79583K(83632K)->79583K(83632K) Class: 11569K(14848K)->11569K(14848K)
[268.554s][info][gc             ] GC(177) Pause Young (Allocation Failure) 855M->185M(2040M) 3.167ms
[268.555s][info][gc,cpu         ] GC(177) User=0.00s Sys=0.00s Real=0.02s
[270.846s][info][gc,start       ] GC(178) Pause Young (Allocation Failure)
[270.849s][info][gc,heap        ] GC(178) PSYoungGen: 690317K->2868K(692224K)
[270.849s][info][gc,heap        ] GC(178) PSOldGen: 185401K->187211K(1398272K)
[270.849s][info][gc,metaspace   ] GC(178) Metaspace: 91153K(98480K)->91153K(98480K) NonClass: 79583K(83632K)->79583K(83632K) Class: 11569K(14848K)->11569K(14848K)
[270.849s][info][gc             ] GC(178) Pause Young (Allocation Failure) 855M->185M(2041M) 2.938ms
[270.849s][info][gc,cpu         ] GC(178) User=0.00s Sys=0.00s Real=0.01s
[272.481s][info][gc,start       ] GC(179) Pause Young (Allocation Failure)
[272.484s][info][gc,heap        ] GC(179) PSYoungGen: 688436K->4726K(692224K)
[272.484s][info][gc,heap        ] GC(179) PSOldGen: 187211K->189071K(1398272K)
[272.484s][info][gc,metaspace   ] GC(179) Metaspace: 91157K(98480K)->91157K(98480K) NonClass: 79587K(83632K)->79587K(83632K) Class: 11569K(14848K)->11569K(14848K)
[272.484s][info][gc             ] GC(179) Pause Young (Allocation Failure) 855M->189M(2041M) 3.133ms
[272.484s][info][gc,cpu         ] GC(179) User=0.00s Sys=0.00s Real=0.00s
[273.284s][info][gc,start       ] GC(180) Pause Young (Allocation Failure)
[273.287s][info][gc,heap        ] GC(180) PSYoungGen: 690294K->3339K(692224K)
[273.287s][info][gc,heap        ] GC(180) PSOldGen: 189071K->191222K(1398272K)
[273.287s][info][gc,metaspace   ] GC(180) Metaspace: 91157K(98480K)->91157K(98480K) NonClass: 79587K(83632K)->79587K(83632K) Class: 11569K(14848K)->11569K(14848K)
[273.287s][info][gc             ] GC(180) Pause Young (Allocation Failure) 858M->190M(2041M) 3.251ms
[273.287s][info][gc,cpu         ] GC(180) User=0.00s Sys=0.00s Real=0.01s
[275.592s][info][gc,start       ] GC(181) Pause Young (Allocation Failure)
[275.595s][info][gc,heap        ] GC(181) PSYoungGen: 688907K->3496K(692736K)
[275.595s][info][gc,heap        ] GC(181) PSOldGen: 191222K->194132K(1398272K)
[275.595s][info][gc,metaspace   ] GC(181) Metaspace: 91160K(98480K)->91160K(98480K) NonClass: 79591K(83632K)->79591K(83632K) Class: 11569K(14848K)->11569K(14848K)
[275.595s][info][gc             ] GC(181) Pause Young (Allocation Failure) 859M->192M(2042M) 3.262ms
[275.595s][info][gc,cpu         ] GC(181) User=0.00s Sys=0.00s Real=0.01s
[276.249s][info][gc,start       ] GC(182) Pause Young (Allocation Failure)
[276.252s][info][gc,heap        ] GC(182) PSYoungGen: 689576K->2293K(692224K)
[276.252s][info][gc,heap        ] GC(182) PSOldGen: 194132K->196515K(1398272K)
[276.252s][info][gc,metaspace   ] GC(182) Metaspace: 91161K(98480K)->91161K(98480K) NonClass: 79592K(83632K)->79592K(83632K) Class: 11569K(14848K)->11569K(14848K)
[276.252s][info][gc             ] GC(182) Pause Young (Allocation Failure) 862M->194M(2041M) 2.602ms
[276.252s][info][gc,cpu         ] GC(182) User=0.06s Sys=0.00s Real=0.00s
[278.487s][info][gc,start       ] GC(183) Pause Young (Allocation Failure)
[278.490s][info][gc,heap        ] GC(183) PSYoungGen: 688373K->4646K(691712K)
[278.490s][info][gc,heap        ] GC(183) PSOldGen: 196515K->198092K(1398272K)
[278.490s][info][gc,metaspace   ] GC(183) Metaspace: 91164K(98480K)->91164K(98480K) NonClass: 79595K(83632K)->79595K(83632K) Class: 11569K(14848K)->11569K(14848K)
[278.490s][info][gc             ] GC(183) Pause Young (Allocation Failure) 864M->197M(2041M) 2.929ms
[278.490s][info][gc,cpu         ] GC(183) User=0.00s Sys=0.00s Real=0.00s
[279.454s][info][gc,start       ] GC(184) Pause Young (Allocation Failure)
[279.457s][info][gc,heap        ] GC(184) PSYoungGen: 689212K->3554K(692224K)
[279.458s][info][gc,heap        ] GC(184) PSOldGen: 198092K->200502K(1398272K)
[279.458s][info][gc,metaspace   ] GC(184) Metaspace: 91164K(98480K)->91164K(98480K) NonClass: 79595K(83632K)->79595K(83632K) Class: 11569K(14848K)->11569K(14848K)
[279.458s][info][gc             ] GC(184) Pause Young (Allocation Failure) 866M->199M(2041M) 3.367ms
[279.458s][info][gc,cpu         ] GC(184) User=0.02s Sys=0.00s Real=0.00s
[280.703s][info][gc,start       ] GC(185) Pause Young (Allocation Failure)
[280.706s][info][gc,heap        ] GC(185) PSYoungGen: 688450K->3086K(692736K)
[280.706s][info][gc,heap        ] GC(185) PSOldGen: 200502K->203064K(1398272K)
[280.706s][info][gc,metaspace   ] GC(185) Metaspace: 91164K(98480K)->91164K(98480K) NonClass: 79595K(83632K)->79595K(83632K) Class: 11569K(14848K)->11569K(14848K)
[280.706s][info][gc             ] GC(185) Pause Young (Allocation Failure) 868M->201M(2042M) 2.957ms
[280.706s][info][gc,cpu         ] GC(185) User=0.08s Sys=0.00s Real=0.01s
[282.483s][info][gc,start       ] GC(186) Pause Young (Allocation Failure)
[282.486s][info][gc,heap        ] GC(186) PSYoungGen: 689678K->4653K(692736K)
[282.486s][info][gc,heap        ] GC(186) PSOldGen: 203064K->205662K(1398272K)
[282.486s][info][gc,metaspace   ] GC(186) Metaspace: 91166K(98480K)->91166K(98480K) NonClass: 79597K(83632K)->79597K(83632K) Class: 11569K(14848K)->11569K(14848K)
[282.486s][info][gc             ] GC(186) Pause Young (Allocation Failure) 871M->205M(2042M) 3.609ms
[282.486s][info][gc,cpu         ] GC(186) User=0.08s Sys=0.00s Real=0.00s
[283.236s][info][gc,start       ] GC(187) Pause Young (Allocation Failure)
[283.239s][info][gc,heap        ] GC(187) PSYoungGen: 691245K->3347K(692736K)
[283.239s][info][gc,heap        ] GC(187) PSOldGen: 205662K->208167K(1398272K)
[283.239s][info][gc,metaspace   ] GC(187) Metaspace: 91166K(98480K)->91166K(98480K) NonClass: 79597K(83632K)->79597K(83632K) Class: 11569K(14848K)->11569K(14848K)
[283.239s][info][gc             ] GC(187) Pause Young (Allocation Failure) 875M->206M(2042M) 3.054ms
[283.240s][info][gc,cpu         ] GC(187) User=0.00s Sys=0.00s Real=0.01s
[285.589s][info][gc,start       ] GC(188) Pause Young (Allocation Failure)
[285.591s][info][gc,heap        ] GC(188) PSYoungGen: 689939K->3544K(692736K)
[285.591s][info][gc,heap        ] GC(188) PSOldGen: 208167K->210944K(1398272K)
[285.592s][info][gc,metaspace   ] GC(188) Metaspace: 91166K(98480K)->91166K(98480K) NonClass: 79597K(83632K)->79597K(83632K) Class: 11569K(14848K)->11569K(14848K)
[285.592s][info][gc             ] GC(188) Pause Young (Allocation Failure) 877M->209M(2042M) 2.958ms
[285.592s][info][gc,cpu         ] GC(188) User=0.00s Sys=0.00s Real=0.00s
[286.433s][info][gc,start       ] GC(189) Pause Young (Allocation Failure)
[286.436s][info][gc,heap        ] GC(189) PSYoungGen: 690136K->3183K(693248K)
[286.436s][info][gc,heap        ] GC(189) PSOldGen: 210944K->212738K(1398272K)
[286.437s][info][gc,metaspace   ] GC(189) Metaspace: 91166K(98480K)->91166K(98480K) NonClass: 79597K(83632K)->79597K(83632K) Class: 11569K(14848K)->11569K(14848K)
[286.437s][info][gc             ] GC(189) Pause Young (Allocation Failure) 879M->210M(2042M) 3.551ms
[286.437s][info][gc,cpu         ] GC(189) User=0.00s Sys=0.00s Real=0.00s
[286.447s][info][gc,start       ] GC(190) Pause Young (System.gc())
[286.449s][info][gc,heap        ] GC(190) PSYoungGen: 30455K->192K(688128K)
[286.449s][info][gc,heap        ] GC(190) PSOldGen: 212738K->214409K(1398272K)
[286.449s][info][gc,metaspace   ] GC(190) Metaspace: 91166K(98480K)->91166K(98480K) NonClass: 79597K(83632K)->79597K(83632K) Class: 11569K(14848K)->11569K(14848K)
[286.449s][info][gc             ] GC(190) Pause Young (System.gc()) 237M->209M(2037M) 2.039ms
[286.449s][info][gc,cpu         ] GC(190) User=0.00s Sys=0.00s Real=0.00s
[286.449s][info][gc,start       ] GC(191) Pause Full (System.gc())
[286.452s][info][gc,phases,start] GC(191) Phase 1: Mark live objects
[286.508s][info][gc,phases      ] GC(191) Phase 1: Mark live objects 55.737ms
[286.508s][info][gc,phases,start] GC(191) Phase 2: Compute new object addresses
[286.523s][info][gc,phases      ] GC(191) Phase 2: Compute new object addresses 15.162ms
[286.523s][info][gc,phases,start] GC(191) Phase 3: Adjust pointers
[286.560s][info][gc,phases      ] GC(191) Phase 3: Adjust pointers 36.564ms
[286.560s][info][gc,phases,start] GC(191) Phase 4: Move objects
[286.568s][info][gc,phases      ] GC(191) Phase 4: Move objects 8.291ms
[286.571s][info][gc,heap        ] GC(191) PSYoungGen: 192K->0K(688128K)
[286.571s][info][gc,heap        ] GC(191) PSOldGen: 214409K->152597K(1398272K)
[286.571s][info][gc,metaspace   ] GC(191) Metaspace: 91166K(98480K)->91166K(98480K) NonClass: 79597K(83632K)->79597K(83632K) Class: 11569K(14848K)->11569K(14848K)
[286.571s][info][gc             ] GC(191) Pause Full (System.gc()) 209M->149M(2037M) 121.968ms
[286.571s][info][gc,cpu         ] GC(191) User=0.12s Sys=0.00s Real=0.12s
[287.486s][info][gc,start       ] GC(192) Pause Young (Allocation Failure)
[287.488s][info][gc,heap        ] GC(192) PSYoungGen: 687616K->3563K(692736K)
[287.488s][info][gc,heap        ] GC(192) PSOldGen: 152597K->152597K(1398272K)
[287.489s][info][gc,metaspace   ] GC(192) Metaspace: 91166K(98480K)->91166K(98480K) NonClass: 79597K(83632K)->79597K(83632K) Class: 11569K(14848K)->11569K(14848K)
[287.489s][info][gc             ] GC(192) Pause Young (Allocation Failure) 820M->152M(2042M) 2.532ms
[287.489s][info][gc,cpu         ] GC(192) User=0.00s Sys=0.00s Real=0.00s
[289.841s][info][gc,start       ] GC(193) Pause Young (Allocation Failure)
[289.844s][info][gc,heap        ] GC(193) PSYoungGen: 690155K->2230K(692736K)
[289.844s][info][gc,heap        ] GC(193) PSOldGen: 152597K->155174K(1398272K)
[289.844s][info][gc,metaspace   ] GC(193) Metaspace: 91168K(98480K)->91168K(98480K) NonClass: 79599K(83632K)->79599K(83632K) Class: 11569K(14848K)->11569K(14848K)
[289.844s][info][gc             ] GC(193) Pause Young (Allocation Failure) 823M->153M(2042M) 2.736ms
[289.844s][info][gc,cpu         ] GC(193) User=0.00s Sys=0.00s Real=0.00s
[291.964s][info][gc,start       ] GC(194) Pause Young (Allocation Failure)
[291.966s][info][gc,heap        ] GC(194) PSYoungGen: 688822K->2674K(693248K)
[291.966s][info][gc,heap        ] GC(194) PSOldGen: 155174K->156732K(1398272K)
[291.966s][info][gc,metaspace   ] GC(194) Metaspace: 91168K(98480K)->91168K(98480K) NonClass: 79599K(83632K)->79599K(83632K) Class: 11569K(14848K)->11569K(14848K)
[291.966s][info][gc             ] GC(194) Pause Young (Allocation Failure) 824M->155M(2042M) 2.507ms
[291.966s][info][gc,cpu         ] GC(194) User=0.00s Sys=0.00s Real=0.01s
[292.587s][info][gc,start       ] GC(195) Pause Young (Allocation Failure)
[292.593s][info][gc,heap        ] GC(195) PSYoungGen: 688119K->5302K(692736K)
[292.593s][info][gc,heap        ] GC(195) PSOldGen: 156732K->174518K(1398272K)
[292.593s][info][gc,metaspace   ] GC(195) Metaspace: 91171K(98480K)->91171K(98480K) NonClass: 79601K(83632K)->79601K(83632K) Class: 11569K(14848K)->11569K(14848K)
[292.593s][info][gc             ] GC(195) Pause Young (Allocation Failure) 825M->175M(2042M) 5.261ms
[292.593s][info][gc,cpu         ] GC(195) User=0.00s Sys=0.00s Real=0.01s
[294.277s][info][gc,start       ] GC(196) Pause Young (Allocation Failure)
[294.280s][info][gc,heap        ] GC(196) PSYoungGen: 692406K->3856K(692736K)
[294.280s][info][gc,heap        ] GC(196) PSOldGen: 174518K->177280K(1398272K)
[294.280s][info][gc,metaspace   ] GC(196) Metaspace: 91171K(98480K)->91171K(98480K) NonClass: 79601K(83632K)->79601K(83632K) Class: 11569K(14848K)->11569K(14848K)
[294.280s][info][gc             ] GC(196) Pause Young (Allocation Failure) 846M->176M(2042M) 2.866ms
[294.280s][info][gc,cpu         ] GC(196) User=0.00s Sys=0.00s Real=0.00s
[296.723s][info][gc,start       ] GC(197) Pause Young (GCLocker Initiated GC)
[296.726s][info][gc,heap        ] GC(197) PSYoungGen: 690448K->5763K(692736K)
[296.726s][info][gc,heap        ] GC(197) PSOldGen: 177350K->179102K(1398272K)
[296.726s][info][gc,metaspace   ] GC(197) Metaspace: 91171K(98480K)->91171K(98480K) NonClass: 79601K(83632K)->79601K(83632K) Class: 11569K(14848K)->11569K(14848K)
[296.726s][info][gc             ] GC(197) Pause Young (GCLocker Initiated GC) 847M->180M(2042M) 3.008ms
[296.726s][info][gc,cpu         ] GC(197) User=0.00s Sys=0.00s Real=0.00s
[298.331s][info][gc,start       ] GC(198) Pause Young (Allocation Failure)
[298.334s][info][gc,heap        ] GC(198) PSYoungGen: 692355K->2947K(691712K)
[298.334s][info][gc,heap        ] GC(198) PSOldGen: 179106K->181099K(1398272K)
[298.334s][info][gc,metaspace   ] GC(198) Metaspace: 91172K(98480K)->91172K(98480K) NonClass: 79602K(83632K)->79602K(83632K) Class: 11569K(14848K)->11569K(14848K)
[298.334s][info][gc             ] GC(198) Pause Young (Allocation Failure) 851M->179M(2041M) 3.187ms
[298.335s][info][gc,cpu         ] GC(198) User=0.00s Sys=0.00s Real=0.02s
[299.097s][info][gc,start       ] GC(199) Pause Young (Allocation Failure)
[299.100s][info][gc,heap        ] GC(199) PSYoungGen: 688515K->3344K(692224K)
[299.100s][info][gc,heap        ] GC(199) PSOldGen: 181099K->183338K(1398272K)
[299.100s][info][gc,metaspace   ] GC(199) Metaspace: 91173K(98480K)->91173K(98480K) NonClass: 79603K(83632K)->79603K(83632K) Class: 11569K(14848K)->11569K(14848K)
[299.100s][info][gc             ] GC(199) Pause Young (Allocation Failure) 849M->182M(2041M) 3.167ms
[299.100s][info][gc,cpu         ] GC(199) User=0.00s Sys=0.00s Real=0.00s
[301.566s][info][gc,start       ] GC(200) Pause Young (Allocation Failure)
[301.568s][info][gc,heap        ] GC(200) PSYoungGen: 688912K->2315K(692736K)
[301.568s][info][gc,heap        ] GC(200) PSOldGen: 183338K->185540K(1398272K)
[301.568s][info][gc,metaspace   ] GC(200) Metaspace: 91173K(98480K)->91173K(98480K) NonClass: 79603K(83632K)->79603K(83632K) Class: 11569K(14848K)->11569K(14848K)
[301.568s][info][gc             ] GC(200) Pause Young (Allocation Failure) 851M->183M(2042M) 2.662ms
[301.568s][info][gc,cpu         ] GC(200) User=0.00s Sys=0.00s Real=0.00s
[303.810s][info][gc,start       ] GC(201) Pause Young (Allocation Failure)
[303.813s][info][gc,heap        ] GC(201) PSYoungGen: 688395K->3276K(692224K)
[303.813s][info][gc,heap        ] GC(201) PSOldGen: 185540K->187171K(1398272K)
[303.813s][info][gc,metaspace   ] GC(201) Metaspace: 91173K(98480K)->91173K(98480K) NonClass: 79603K(83632K)->79603K(83632K) Class: 11569K(14848K)->11569K(14848K)
[303.813s][info][gc             ] GC(201) Pause Young (Allocation Failure) 853M->185M(2041M) 2.885ms
[303.813s][info][gc,cpu         ] GC(201) User=0.00s Sys=0.00s Real=0.00s
[304.432s][info][gc,start       ] GC(202) Pause Young (Allocation Failure)
[304.435s][info][gc,heap        ] GC(202) PSYoungGen: 687083K->5687K(691712K)
[304.435s][info][gc,heap        ] GC(202) PSOldGen: 187171K->192733K(1398272K)
[304.435s][info][gc,metaspace   ] GC(202) Metaspace: 91173K(98480K)->91173K(98480K) NonClass: 79603K(83632K)->79603K(83632K) Class: 11569K(14848K)->11569K(14848K)
[304.435s][info][gc             ] GC(202) Pause Young (Allocation Failure) 853M->193M(2041M) 3.483ms
[304.435s][info][gc,cpu         ] GC(202) User=0.00s Sys=0.00s Real=0.01s
[306.183s][info][gc,start       ] GC(203) Pause Young (Allocation Failure)
[306.186s][info][gc,heap        ] GC(203) PSYoungGen: 691255K->4577K(692224K)
[306.186s][info][gc,heap        ] GC(203) PSOldGen: 192733K->195571K(1398272K)
[306.186s][info][gc,metaspace   ] GC(203) Metaspace: 91173K(98480K)->91173K(98480K) NonClass: 79603K(83632K)->79603K(83632K) Class: 11569K(14848K)->11569K(14848K)
[306.186s][info][gc             ] GC(203) Pause Young (Allocation Failure) 863M->195M(2041M) 2.958ms
[306.186s][info][gc,cpu         ] GC(203) User=0.00s Sys=0.00s Real=0.00s
[308.478s][info][gc,start       ] GC(204) Pause Young (Allocation Failure)
[308.481s][info][gc,heap        ] GC(204) PSYoungGen: 686827K->2573K(692224K)
[308.481s][info][gc,heap        ] GC(204) PSOldGen: 195571K->197308K(1398272K)
[308.481s][info][gc,metaspace   ] GC(204) Metaspace: 91173K(98480K)->91173K(98480K) NonClass: 79603K(83632K)->79603K(83632K) Class: 11569K(14848K)->11569K(14848K)
[308.481s][info][gc             ] GC(204) Pause Young (Allocation Failure) 861M->195M(2041M) 2.336ms
[308.481s][info][gc,cpu         ] GC(204) User=0.00s Sys=0.00s Real=0.00s
[310.096s][info][gc,start       ] GC(205) Pause Young (Allocation Failure)
[310.099s][info][gc,heap        ] GC(205) PSYoungGen: 688141K->3027K(692224K)
[310.099s][info][gc,heap        ] GC(205) PSOldGen: 197308K->199187K(1398272K)
[310.099s][info][gc,metaspace   ] GC(205) Metaspace: 91173K(98480K)->91173K(98480K) NonClass: 79603K(83632K)->79603K(83632K) Class: 11569K(14848K)->11569K(14848K)
[310.099s][info][gc             ] GC(205) Pause Young (Allocation Failure) 864M->197M(2041M) 2.683ms
[310.099s][info][gc,cpu         ] GC(205) User=0.00s Sys=0.00s Real=0.00s
[310.866s][info][gc,start       ] GC(206) Pause Young (Allocation Failure)
[310.869s][info][gc,heap        ] GC(206) PSYoungGen: 688595K->3445K(692736K)
[310.869s][info][gc,heap        ] GC(206) PSOldGen: 199187K->201146K(1398272K)
[310.869s][info][gc,metaspace   ] GC(206) Metaspace: 91173K(98480K)->91173K(98480K) NonClass: 79603K(83632K)->79603K(83632K) Class: 11569K(14848K)->11569K(14848K)
[310.869s][info][gc             ] GC(206) Pause Young (Allocation Failure) 866M->199M(2042M) 2.880ms
[310.869s][info][gc,cpu         ] GC(206) User=0.00s Sys=0.00s Real=0.01s
[313.033s][info][gc,start       ] GC(207) Pause Young (Allocation Failure)
[313.036s][info][gc,heap        ] GC(207) PSYoungGen: 689525K->5904K(692224K)
[313.036s][info][gc,heap        ] GC(207) PSOldGen: 201146K->204041K(1398272K)
[313.036s][info][gc,metaspace   ] GC(207) Metaspace: 91174K(98480K)->91174K(98480K) NonClass: 79604K(83632K)->79604K(83632K) Class: 11569K(14848K)->11569K(14848K)
[313.036s][info][gc             ] GC(207) Pause Young (Allocation Failure) 869M->205M(2041M) 3.209ms
[313.036s][info][gc,cpu         ] GC(207) User=0.00s Sys=0.00s Real=0.00s
[313.722s][info][gc,start       ] GC(208) Pause Young (Allocation Failure)
[313.724s][info][gc,heap        ] GC(208) PSYoungGen: 688265K->2037K(692224K)
[313.725s][info][gc,heap        ] GC(208) PSOldGen: 204041K->206525K(1398272K)
[313.725s][info][gc,metaspace   ] GC(208) Metaspace: 91174K(98480K)->91174K(98480K) NonClass: 79604K(83632K)->79604K(83632K) Class: 11569K(14848K)->11569K(14848K)
[313.725s][info][gc             ] GC(208) Pause Young (Allocation Failure) 871M->203M(2041M) 2.177ms
[313.725s][info][gc,cpu         ] GC(208) User=0.00s Sys=0.00s Real=0.00s
[315.929s][info][gc,start       ] GC(209) Pause Young (Allocation Failure)
[315.931s][info][gc,heap        ] GC(209) PSYoungGen: 687605K->3675K(692224K)
[315.931s][info][gc,heap        ] GC(209) PSOldGen: 206525K->208127K(1398272K)
[315.931s][info][gc,metaspace   ] GC(209) Metaspace: 91174K(98480K)->91174K(98480K) NonClass: 79604K(83632K)->79604K(83632K) Class: 11569K(14848K)->11569K(14848K)
[315.932s][info][gc             ] GC(209) Pause Young (Allocation Failure) 873M->206M(2041M) 2.600ms
[315.932s][info][gc,cpu         ] GC(209) User=0.00s Sys=0.00s Real=0.00s
[316.947s][info][gc,start       ] GC(210) Pause Young (Allocation Failure)
[316.951s][info][gc,heap        ] GC(210) PSYoungGen: 686093K->3907K(692224K)
[316.951s][info][gc,heap        ] GC(210) PSOldGen: 208127K->210514K(1398272K)
[316.951s][info][gc,metaspace   ] GC(210) Metaspace: 91175K(98480K)->91175K(98480K) NonClass: 79605K(83632K)->79605K(83632K) Class: 11569K(14848K)->11569K(14848K)
[316.951s][info][gc             ] GC(210) Pause Young (Allocation Failure) 873M->209M(2041M) 4.039ms
[316.951s][info][gc,cpu         ] GC(210) User=0.00s Sys=0.00s Real=0.00s
[318.142s][info][gc,start       ] GC(211) Pause Young (Allocation Failure)
[318.145s][info][gc,heap        ] GC(211) PSYoungGen: 689475K->5488K(692224K)
[318.146s][info][gc,heap        ] GC(211) PSOldGen: 210514K->212844K(1398272K)
[318.146s][info][gc,metaspace   ] GC(211) Metaspace: 91175K(98480K)->91175K(98480K) NonClass: 79605K(83632K)->79605K(83632K) Class: 11569K(14848K)->11569K(14848K)
[318.146s][info][gc             ] GC(211) Pause Young (Allocation Failure) 878M->213M(2041M) 3.274ms
[318.146s][info][gc,cpu         ] GC(211) User=0.00s Sys=0.00s Real=0.00s
[319.982s][info][gc,start       ] GC(212) Pause Young (Allocation Failure)
[319.984s][info][gc,heap        ] GC(212) PSYoungGen: 691056K->3985K(692224K)
[319.985s][info][gc,heap        ] GC(212) PSOldGen: 212844K->215566K(1398272K)
[319.985s][info][gc,metaspace   ] GC(212) Metaspace: 91175K(98480K)->91175K(98480K) NonClass: 79605K(83632K)->79605K(83632K) Class: 11569K(14848K)->11569K(14848K)
[319.985s][info][gc             ] GC(212) Pause Young (Allocation Failure) 882M->214M(2041M) 2.973ms
[319.985s][info][gc,cpu         ] GC(212) User=0.00s Sys=0.00s Real=0.00s
[320.720s][info][gc,start       ] GC(213) Pause Young (Allocation Failure)
[320.723s][info][gc,heap        ] GC(213) PSYoungGen: 689553K->3360K(692224K)
[320.723s][info][gc,heap        ] GC(213) PSOldGen: 215566K->217957K(1398272K)
[320.723s][info][gc,metaspace   ] GC(213) Metaspace: 91183K(98480K)->91183K(98480K) NonClass: 79614K(83632K)->79614K(83632K) Class: 11569K(14848K)->11569K(14848K)
[320.723s][info][gc             ] GC(213) Pause Young (Allocation Failure) 883M->216M(2041M) 3.303ms
[320.723s][info][gc,cpu         ] GC(213) User=0.02s Sys=0.00s Real=0.01s
[323.078s][info][gc,start       ] GC(214) Pause Young (Allocation Failure)
[323.081s][info][gc,heap        ] GC(214) PSYoungGen: 688928K->3125K(692736K)
[323.081s][info][gc,heap        ] GC(214) PSOldGen: 217957K->220705K(1398272K)
[323.081s][info][gc,metaspace   ] GC(214) Metaspace: 91185K(98480K)->91185K(98480K) NonClass: 79615K(83632K)->79615K(83632K) Class: 11569K(14848K)->11569K(14848K)
[323.081s][info][gc             ] GC(214) Pause Young (Allocation Failure) 885M->218M(2042M) 2.867ms
[323.081s][info][gc,cpu         ] GC(214) User=0.09s Sys=0.00s Real=0.00s
[323.922s][info][gc,start       ] GC(215) Pause Young (Allocation Failure)
[323.924s][info][gc,heap        ] GC(215) PSYoungGen: 689205K->2975K(692224K)
[323.924s][info][gc,heap        ] GC(215) PSOldGen: 220705K->222171K(1398272K)
[323.924s][info][gc,metaspace   ] GC(215) Metaspace: 91187K(98480K)->91187K(98480K) NonClass: 79617K(83632K)->79617K(83632K) Class: 11569K(14848K)->11569K(14848K)
[323.925s][info][gc             ] GC(215) Pause Young (Allocation Failure) 888M->219M(2041M) 2.678ms
[323.925s][info][gc,cpu         ] GC(215) User=0.08s Sys=0.02s Real=0.00s
[323.941s][info][gc,start       ] GC(216) Pause Young (System.gc())
[323.943s][info][gc,heap        ] GC(216) PSYoungGen: 50256K->128K(691712K)
[323.943s][info][gc,heap        ] GC(216) PSOldGen: 222171K->224272K(1398272K)
[323.943s][info][gc,metaspace   ] GC(216) Metaspace: 91187K(98480K)->91187K(98480K) NonClass: 79617K(83632K)->79617K(83632K) Class: 11569K(14848K)->11569K(14848K)
[323.943s][info][gc             ] GC(216) Pause Young (System.gc()) 266M->219M(2041M) 2.271ms
[323.943s][info][gc,cpu         ] GC(216) User=0.00s Sys=0.00s Real=0.00s
[323.943s][info][gc,start       ] GC(217) Pause Full (System.gc())
[323.945s][info][gc,phases,start] GC(217) Phase 1: Mark live objects
[324.001s][info][gc,phases      ] GC(217) Phase 1: Mark live objects 55.905ms
[324.001s][info][gc,phases,start] GC(217) Phase 2: Compute new object addresses
[324.015s][info][gc,phases      ] GC(217) Phase 2: Compute new object addresses 14.162ms
[324.015s][info][gc,phases,start] GC(217) Phase 3: Adjust pointers
[324.053s][info][gc,phases      ] GC(217) Phase 3: Adjust pointers 38.070ms
[324.053s][info][gc,phases,start] GC(217) Phase 4: Move objects
[324.066s][info][gc,phases      ] GC(217) Phase 4: Move objects 13.120ms
[324.069s][info][gc,heap        ] GC(217) PSYoungGen: 128K->0K(691712K)
[324.069s][info][gc,heap        ] GC(217) PSOldGen: 224272K->83112K(1398272K)
[324.069s][info][gc,metaspace   ] GC(217) Metaspace: 91187K(98480K)->91187K(98480K) NonClass: 79617K(83632K)->79617K(83632K) Class: 11569K(14848K)->11569K(14848K)
[324.069s][info][gc             ] GC(217) Pause Full (System.gc()) 219M->81M(2041M) 125.654ms
[324.069s][info][gc,cpu         ] GC(217) User=0.12s Sys=0.00s Real=0.12s
[324.959s][info][gc,start       ] GC(218) Pause Young (Allocation Failure)
[324.961s][info][gc,heap        ] GC(218) PSYoungGen: 685568K->3609K(692224K)
[324.962s][info][gc,heap        ] GC(218) PSOldGen: 83112K->83112K(1398272K)
[324.962s][info][gc,metaspace   ] GC(218) Metaspace: 91188K(98480K)->91188K(98480K) NonClass: 79618K(83632K)->79618K(83632K) Class: 11569K(14848K)->11569K(14848K)
[324.962s][info][gc             ] GC(218) Pause Young (Allocation Failure) 750M->84M(2041M) 2.763ms
[324.962s][info][gc,cpu         ] GC(218) User=0.00s Sys=0.00s Real=0.00s
[327.325s][info][gc,start       ] GC(219) Pause Young (Allocation Failure)
[327.327s][info][gc,heap        ] GC(219) PSYoungGen: 689177K->2324K(692736K)
[327.327s][info][gc,heap        ] GC(219) PSOldGen: 83112K->85720K(1398272K)
[327.327s][info][gc,metaspace   ] GC(219) Metaspace: 91188K(98480K)->91188K(98480K) NonClass: 79618K(83632K)->79618K(83632K) Class: 11569K(14848K)->11569K(14848K)
[327.327s][info][gc             ] GC(219) Pause Young (Allocation Failure) 754M->85M(2042M) 2.576ms
[327.327s][info][gc,cpu         ] GC(219) User=0.00s Sys=0.00s Real=0.00s
[329.431s][info][gc,start       ] GC(220) Pause Young (Allocation Failure)
[329.433s][info][gc,heap        ] GC(220) PSYoungGen: 685618K->2097K(692224K)
[329.433s][info][gc,heap        ] GC(220) PSOldGen: 85720K->87175K(1398272K)
[329.433s][info][gc,metaspace   ] GC(220) Metaspace: 91188K(98480K)->91188K(98480K) NonClass: 79618K(83632K)->79618K(83632K) Class: 11569K(14848K)->11569K(14848K)
[329.433s][info][gc             ] GC(220) Pause Young (Allocation Failure) 753M->87M(2041M) 2.145ms
[329.433s][info][gc,cpu         ] GC(220) User=0.00s Sys=0.00s Real=0.00s
[330.071s][info][gc,start       ] GC(221) Pause Young (Allocation Failure)
[330.076s][info][gc,heap        ] GC(221) PSYoungGen: 684680K->5014K(691712K)
[330.076s][info][gc,heap        ] GC(221) PSOldGen: 87175K->100924K(1398272K)
[330.076s][info][gc,metaspace   ] GC(221) Metaspace: 91188K(98480K)->91188K(98480K) NonClass: 79618K(83632K)->79618K(83632K) Class: 11569K(14848K)->11569K(14848K)
[330.076s][info][gc             ] GC(221) Pause Young (Allocation Failure) 753M->103M(2041M) 4.479ms
[330.076s][info][gc,cpu         ] GC(221) User=0.00s Sys=0.00s Real=0.00s
[331.773s][info][gc,start       ] GC(222) Pause Young (Allocation Failure)
[331.776s][info][gc,heap        ] GC(222) PSYoungGen: 690582K->2770K(692224K)
[331.776s][info][gc,heap        ] GC(222) PSOldGen: 100924K->103584K(1398272K)
[331.776s][info][gc,metaspace   ] GC(222) Metaspace: 91188K(98480K)->91188K(98480K) NonClass: 79619K(83632K)->79619K(83632K) Class: 11569K(14848K)->11569K(14848K)
[331.776s][info][gc             ] GC(222) Pause Young (Allocation Failure) 772M->103M(2041M) 2.612ms
[331.776s][info][gc,cpu         ] GC(222) User=0.00s Sys=0.00s Real=0.00s
[334.173s][info][gc,start       ] GC(223) Pause Young (Allocation Failure)
[334.176s][info][gc,heap        ] GC(223) PSYoungGen: 685520K->2625K(692736K)
[334.176s][info][gc,heap        ] GC(223) PSOldGen: 103584K->105323K(1398272K)
[334.176s][info][gc,metaspace   ] GC(223) Metaspace: 91188K(98480K)->91188K(98480K) NonClass: 79619K(83632K)->79619K(83632K) Class: 11569K(14848K)->11569K(14848K)
[334.176s][info][gc             ] GC(223) Pause Young (Allocation Failure) 770M->105M(2042M) 2.237ms
[334.176s][info][gc,cpu         ] GC(223) User=0.00s Sys=0.00s Real=0.00s
[335.785s][info][gc,start       ] GC(224) Pause Young (Allocation Failure)
[335.787s][info][gc,heap        ] GC(224) PSYoungGen: 685008K->2851K(692224K)
[335.788s][info][gc,heap        ] GC(224) PSOldGen: 105323K->107234K(1398272K)
[335.788s][info][gc,metaspace   ] GC(224) Metaspace: 91188K(98480K)->91188K(98480K) NonClass: 79619K(83632K)->79619K(83632K) Class: 11569K(14848K)->11569K(14848K)
[335.788s][info][gc             ] GC(224) Pause Young (Allocation Failure) 771M->107M(2041M) 2.693ms
[335.788s][info][gc,cpu         ] GC(224) User=0.00s Sys=0.00s Real=0.00s
[336.538s][info][gc,start       ] GC(225) Pause Young (Allocation Failure)
[336.540s][info][gc,heap        ] GC(225) PSYoungGen: 688931K->3442K(693248K)
[336.541s][info][gc,heap        ] GC(225) PSOldGen: 107234K->109492K(1398272K)
[336.541s][info][gc,metaspace   ] GC(225) Metaspace: 91188K(98480K)->91188K(98480K) NonClass: 79619K(83632K)->79619K(83632K) Class: 11569K(14848K)->11569K(14848K)
[336.541s][info][gc             ] GC(225) Pause Young (Allocation Failure) 777M->110M(2042M) 2.584ms
[336.541s][info][gc,cpu         ] GC(225) User=0.00s Sys=0.00s Real=0.00s
[338.998s][info][gc,start       ] GC(226) Pause Young (Allocation Failure)
[339.001s][info][gc,heap        ] GC(226) PSYoungGen: 690546K->2368K(692736K)
[339.001s][info][gc,heap        ] GC(226) PSOldGen: 109492K->111693K(1398272K)
[339.001s][info][gc,metaspace   ] GC(226) Metaspace: 91188K(98480K)->91188K(98480K) NonClass: 79619K(83632K)->79619K(83632K) Class: 11569K(14848K)->11569K(14848K)
[339.001s][info][gc             ] GC(226) Pause Young (Allocation Failure) 781M->111M(2042M) 2.618ms
[339.001s][info][gc,cpu         ] GC(226) User=0.00s Sys=0.00s Real=0.00s
[341.212s][info][gc,start       ] GC(227) Pause Young (Allocation Failure)
[341.214s][info][gc,heap        ] GC(227) PSYoungGen: 689472K->2112K(693248K)
[341.214s][info][gc,heap        ] GC(227) PSOldGen: 111693K->113375K(1398272K)
[341.214s][info][gc,metaspace   ] GC(227) Metaspace: 91188K(98480K)->91188K(98480K) NonClass: 79619K(83632K)->79619K(83632K) Class: 11569K(14848K)->11569K(14848K)
[341.214s][info][gc             ] GC(227) Pause Young (Allocation Failure) 782M->112M(2042M) 2.377ms
[341.215s][info][gc,cpu         ] GC(227) User=0.00s Sys=0.00s Real=0.00s
[341.849s][info][gc,start       ] GC(228) Pause Young (Allocation Failure)
[341.852s][info][gc,heap        ] GC(228) PSYoungGen: 687065K->5348K(693248K)
[341.852s][info][gc,heap        ] GC(228) PSOldGen: 113375K->131118K(1398272K)
[341.852s][info][gc,metaspace   ] GC(228) Metaspace: 91190K(98480K)->91190K(98480K) NonClass: 79620K(83632K)->79620K(83632K) Class: 11569K(14848K)->11569K(14848K)
[341.853s][info][gc             ] GC(228) Pause Young (Allocation Failure) 781M->133M(2042M) 3.973ms
[341.853s][info][gc,cpu         ] GC(228) User=0.00s Sys=0.00s Real=0.01s
[343.631s][info][gc,start       ] GC(229) Pause Young (Allocation Failure)
[343.633s][info][gc,heap        ] GC(229) PSYoungGen: 689804K->2746K(692224K)
[343.634s][info][gc,heap        ] GC(229) PSOldGen: 131118K->134240K(1398272K)
[343.634s][info][gc,metaspace   ] GC(229) Metaspace: 91190K(98480K)->91190K(98480K) NonClass: 79620K(83632K)->79620K(83632K) Class: 11569K(14848K)->11569K(14848K)
[343.634s][info][gc             ] GC(229) Pause Young (Allocation Failure) 801M->133M(2041M) 2.789ms
[343.634s][info][gc,cpu         ] GC(229) User=0.00s Sys=0.00s Real=0.00s
[345.860s][info][gc,start       ] GC(230) Pause Young (Allocation Failure)
[345.862s][info][gc,heap        ] GC(230) PSYoungGen: 689338K->2943K(692736K)
[345.862s][info][gc,heap        ] GC(230) PSOldGen: 134240K->136000K(1398272K)
[345.862s][info][gc,metaspace   ] GC(230) Metaspace: 91190K(98480K)->91190K(98480K) NonClass: 79620K(83632K)->79620K(83632K) Class: 11569K(14848K)->11569K(14848K)
[345.862s][info][gc             ] GC(230) Pause Young (Allocation Failure) 804M->135M(2042M) 2.437ms
[345.862s][info][gc,cpu         ] GC(230) User=0.08s Sys=0.02s Real=0.01s
[347.570s][info][gc,start       ] GC(231) Pause Young (Allocation Failure)
[347.573s][info][gc,heap        ] GC(231) PSYoungGen: 689535K->2666K(693248K)
[347.573s][info][gc,heap        ] GC(231) PSOldGen: 136000K->137811K(1398272K)
[347.573s][info][gc,metaspace   ] GC(231) Metaspace: 91190K(98480K)->91190K(98480K) NonClass: 79620K(83632K)->79620K(83632K) Class: 11569K(14848K)->11569K(14848K)
[347.573s][info][gc             ] GC(231) Pause Young (Allocation Failure) 806M->137M(2042M) 2.684ms
[347.573s][info][gc,cpu         ] GC(231) User=0.00s Sys=0.00s Real=0.00s
[348.342s][info][gc,start       ] GC(232) Pause Young (Allocation Failure)
[348.344s][info][gc,heap        ] GC(232) PSYoungGen: 689770K->3413K(692736K)
[348.345s][info][gc,heap        ] GC(232) PSOldGen: 137811K->139883K(1398272K)
[348.345s][info][gc,metaspace   ] GC(232) Metaspace: 91190K(98480K)->91190K(98480K) NonClass: 79620K(83632K)->79620K(83632K) Class: 11569K(14848K)->11569K(14848K)
[348.345s][info][gc             ] GC(232) Pause Young (Allocation Failure) 808M->139M(2042M) 2.572ms
[348.345s][info][gc,cpu         ] GC(232) User=0.00s Sys=0.00s Real=0.00s
[350.493s][info][gc,start       ] GC(233) Pause Young (Allocation Failure)
[350.496s][info][gc,heap        ] GC(233) PSYoungGen: 688800K->3440K(693248K)
[350.496s][info][gc,heap        ] GC(233) PSOldGen: 139883K->142816K(1398272K)
[350.496s][info][gc,metaspace   ] GC(233) Metaspace: 91190K(98480K)->91190K(98480K) NonClass: 79620K(83632K)->79620K(83632K) Class: 11569K(14848K)->11569K(14848K)
[350.496s][info][gc             ] GC(233) Pause Young (Allocation Failure) 809M->142M(2042M) 2.682ms
[350.496s][info][gc,cpu         ] GC(233) User=0.00s Sys=0.00s Real=0.01s
[351.143s][info][gc,start       ] GC(234) Pause Young (Allocation Failure)
[351.146s][info][gc,heap        ] GC(234) PSYoungGen: 689945K->2966K(693248K)
[351.147s][info][gc,heap        ] GC(234) PSOldGen: 142816K->145374K(1398272K)
[351.147s][info][gc,metaspace   ] GC(234) Metaspace: 91190K(98480K)->91190K(98480K) NonClass: 79620K(83632K)->79620K(83632K) Class: 11569K(14848K)->11569K(14848K)
[351.147s][info][gc             ] GC(234) Pause Young (Allocation Failure) 813M->144M(2042M) 3.442ms
[351.147s][info][gc,cpu         ] GC(234) User=0.00s Sys=0.00s Real=0.00s
[353.355s][info][gc,start       ] GC(235) Pause Young (Allocation Failure)
[353.358s][info][gc,heap        ] GC(235) PSYoungGen: 690531K->3057K(693760K)
[353.358s][info][gc,heap        ] GC(235) PSOldGen: 145374K->146952K(1398272K)
[353.358s][info][gc,metaspace   ] GC(235) Metaspace: 91190K(98480K)->91190K(98480K) NonClass: 79620K(83632K)->79620K(83632K) Class: 11569K(14848K)->11569K(14848K)
[353.358s][info][gc             ] GC(235) Pause Young (Allocation Failure) 816M->146M(2043M) 2.414ms
[353.358s][info][gc,cpu         ] GC(235) User=0.00s Sys=0.00s Real=0.00s
[354.371s][info][gc,start       ] GC(236) Pause Young (Allocation Failure)
[354.375s][info][gc,heap        ] GC(236) PSYoungGen: 690806K->3916K(693760K)
[354.375s][info][gc,heap        ] GC(236) PSOldGen: 146952K->149307K(1398272K)
[354.375s][info][gc,metaspace   ] GC(236) Metaspace: 91190K(98480K)->91190K(98480K) NonClass: 79620K(83632K)->79620K(83632K) Class: 11569K(14848K)->11569K(14848K)
[354.375s][info][gc             ] GC(236) Pause Young (Allocation Failure) 818M->149M(2043M) 3.783ms
[354.375s][info][gc,cpu         ] GC(236) User=0.00s Sys=0.00s Real=0.00s
[355.600s][info][gc,start       ] GC(237) Pause Young (Allocation Failure)
[355.603s][info][gc,heap        ] GC(237) PSYoungGen: 692556K->5118K(690688K)
[355.603s][info][gc,heap        ] GC(237) PSOldGen: 149307K->152007K(1398272K)
[355.603s][info][gc,metaspace   ] GC(237) Metaspace: 91190K(98480K)->91190K(98480K) NonClass: 79620K(83632K)->79620K(83632K) Class: 11569K(14848K)->11569K(14848K)
[355.603s][info][gc             ] GC(237) Pause Young (Allocation Failure) 822M->153M(2040M) 2.998ms
[355.603s][info][gc,cpu         ] GC(237) User=0.00s Sys=0.00s Real=0.01s
[357.432s][info][gc,start       ] GC(238) Pause Young (Allocation Failure)
[357.435s][info][gc,heap        ] GC(238) PSYoungGen: 690686K->4067K(692224K)
[357.435s][info][gc,heap        ] GC(238) PSOldGen: 152007K->154939K(1398272K)
[357.435s][info][gc,metaspace   ] GC(238) Metaspace: 91190K(98480K)->91190K(98480K) NonClass: 79620K(83632K)->79620K(83632K) Class: 11569K(14848K)->11569K(14848K)
[357.436s][info][gc             ] GC(238) Pause Young (Allocation Failure) 822M->155M(2041M) 3.110ms
[357.436s][info][gc,cpu         ] GC(238) User=0.00s Sys=0.00s Real=0.00s
[358.169s][info][gc,start       ] GC(239) Pause Young (Allocation Failure)
[358.172s][info][gc,heap        ] GC(239) PSYoungGen: 689635K->3133K(692224K)
[358.172s][info][gc,heap        ] GC(239) PSOldGen: 154939K->157398K(1398272K)
[358.172s][info][gc,metaspace   ] GC(239) Metaspace: 91191K(98480K)->91191K(98480K) NonClass: 79621K(83632K)->79621K(83632K) Class: 11569K(14848K)->11569K(14848K)
[358.172s][info][gc             ] GC(239) Pause Young (Allocation Failure) 824M->156M(2041M) 2.977ms
[358.172s][info][gc,cpu         ] GC(239) User=0.00s Sys=0.00s Real=0.00s
[360.490s][info][gc,start       ] GC(240) Pause Young (Allocation Failure)
[360.493s][info][gc,heap        ] GC(240) PSYoungGen: 688701K->3229K(692224K)
[360.493s][info][gc,heap        ] GC(240) PSOldGen: 157398K->160093K(1398272K)
[360.493s][info][gc,metaspace   ] GC(240) Metaspace: 91191K(98480K)->91191K(98480K) NonClass: 79621K(83632K)->79621K(83632K) Class: 11569K(14848K)->11569K(14848K)
[360.493s][info][gc             ] GC(240) Pause Young (Allocation Failure) 826M->159M(2041M) 2.734ms
[360.493s][info][gc,cpu         ] GC(240) User=0.00s Sys=0.00s Real=0.00s
[361.330s][info][gc,start       ] GC(241) Pause Young (Allocation Failure)
[361.332s][info][gc,heap        ] GC(241) PSYoungGen: 688797K->2815K(692736K)
[361.333s][info][gc,heap        ] GC(241) PSOldGen: 160093K->161575K(1398272K)
[361.333s][info][gc,metaspace   ] GC(241) Metaspace: 91192K(98480K)->91192K(98480K) NonClass: 79622K(83632K)->79622K(83632K) Class: 11569K(14848K)->11569K(14848K)
[361.333s][info][gc             ] GC(241) Pause Young (Allocation Failure) 828M->160M(2042M) 2.345ms
[361.333s][info][gc,cpu         ] GC(241) User=0.00s Sys=0.00s Real=0.00s
[361.350s][info][gc,start       ] GC(242) Pause Young (System.gc())
[361.352s][info][gc,heap        ] GC(242) PSYoungGen: 48156K->192K(687104K)
[361.352s][info][gc,heap        ] GC(242) PSOldGen: 161575K->163527K(1398272K)
[361.352s][info][gc,metaspace   ] GC(242) Metaspace: 91192K(98480K)->91192K(98480K) NonClass: 79622K(83632K)->79622K(83632K) Class: 11569K(14848K)->11569K(14848K)
[361.352s][info][gc             ] GC(242) Pause Young (System.gc()) 204M->159M(2036M) 1.907ms
[361.352s][info][gc,cpu         ] GC(242) User=0.00s Sys=0.00s Real=0.00s
[361.352s][info][gc,start       ] GC(243) Pause Full (System.gc())
[361.353s][info][gc,phases,start] GC(243) Phase 1: Mark live objects
[361.412s][info][gc,phases      ] GC(243) Phase 1: Mark live objects 58.457ms
[361.412s][info][gc,phases,start] GC(243) Phase 2: Compute new object addresses
[361.428s][info][gc,phases      ] GC(243) Phase 2: Compute new object addresses 15.543ms
[361.428s][info][gc,phases,start] GC(243) Phase 3: Adjust pointers
[361.465s][info][gc,phases      ] GC(243) Phase 3: Adjust pointers 36.939ms
[361.465s][info][gc,phases,start] GC(243) Phase 4: Move objects
[361.469s][info][gc,phases      ] GC(243) Phase 4: Move objects 4.213ms
[361.471s][info][gc,heap        ] GC(243) PSYoungGen: 192K->0K(687104K)
[361.471s][info][gc,heap        ] GC(243) PSOldGen: 163527K->144451K(1398272K)
[361.471s][info][gc,metaspace   ] GC(243) Metaspace: 91192K(98480K)->91192K(98480K) NonClass: 79622K(83632K)->79622K(83632K) Class: 11569K(14848K)->11569K(14848K)
[361.471s][info][gc             ] GC(243) Pause Full (System.gc()) 159M->141M(2036M) 119.414ms
[361.471s][info][gc,cpu         ] GC(243) User=0.12s Sys=0.00s Real=0.12s
[362.374s][info][gc,start       ] GC(244) Pause Young (Allocation Failure)
[362.377s][info][gc,heap        ] GC(244) PSYoungGen: 686592K->3643K(692736K)
[362.377s][info][gc,heap        ] GC(244) PSOldGen: 144451K->144459K(1398272K)
[362.377s][info][gc,metaspace   ] GC(244) Metaspace: 91229K(98480K)->91229K(98480K) NonClass: 79650K(83632K)->79650K(83632K) Class: 11579K(14848K)->11579K(14848K)
[362.377s][info][gc             ] GC(244) Pause Young (Allocation Failure) 811M->144M(2042M) 2.673ms
[362.377s][info][gc,cpu         ] GC(244) User=0.05s Sys=0.00s Real=0.00s
[364.734s][info][gc,start       ] GC(245) Pause Young (Allocation Failure)
[364.736s][info][gc,heap        ] GC(245) PSYoungGen: 689723K->2345K(692224K)
[364.736s][info][gc,heap        ] GC(245) PSOldGen: 144459K->147044K(1398272K)
[364.736s][info][gc,metaspace   ] GC(245) Metaspace: 91229K(98480K)->91229K(98480K) NonClass: 79650K(83632K)->79650K(83632K) Class: 11579K(14848K)->11579K(14848K)
[364.736s][info][gc             ] GC(245) Pause Young (Allocation Failure) 814M->145M(2041M) 2.672ms
[364.736s][info][gc,cpu         ] GC(245) User=0.06s Sys=0.00s Real=0.00s
[366.849s][info][gc,start       ] GC(246) Pause Young (Allocation Failure)
[366.852s][info][gc,heap        ] GC(246) PSYoungGen: 688425K->2409K(692736K)
[366.852s][info][gc,heap        ] GC(246) PSOldGen: 147044K->148566K(1398272K)
[366.852s][info][gc,metaspace   ] GC(246) Metaspace: 91229K(98480K)->91229K(98480K) NonClass: 79650K(83632K)->79650K(83632K) Class: 11579K(14848K)->11579K(14848K)
[366.852s][info][gc             ] GC(246) Pause Young (Allocation Failure) 815M->147M(2042M) 2.414ms
[366.852s][info][gc,cpu         ] GC(246) User=0.00s Sys=0.00s Real=0.00s
[367.475s][info][gc,start       ] GC(247) Pause Young (Allocation Failure)
[367.479s][info][gc,heap        ] GC(247) PSYoungGen: 688717K->6143K(692736K)
[367.479s][info][gc,heap        ] GC(247) PSOldGen: 148566K->165261K(1398272K)
[367.479s][info][gc,metaspace   ] GC(247) Metaspace: 91229K(98480K)->91229K(98480K) NonClass: 79650K(83632K)->79650K(83632K) Class: 11579K(14848K)->11579K(14848K)
[367.479s][info][gc             ] GC(247) Pause Young (Allocation Failure) 817M->167M(2042M) 4.108ms
[367.480s][info][gc,cpu         ] GC(247) User=0.00s Sys=0.00s Real=0.00s
[369.160s][info][gc,start       ] GC(248) Pause Young (Allocation Failure)
[369.163s][info][gc,heap        ] GC(248) PSYoungGen: 692735K->3841K(679424K)
[369.163s][info][gc,heap        ] GC(248) PSOldGen: 165261K->166942K(1398272K)
[369.163s][info][gc,metaspace   ] GC(248) Metaspace: 91229K(98480K)->91229K(98480K) NonClass: 79650K(83632K)->79650K(83632K) Class: 11579K(14848K)->11579K(14848K)
[369.163s][info][gc             ] GC(248) Pause Young (Allocation Failure) 837M->166M(2029M) 2.759ms
[369.163s][info][gc,cpu         ] GC(248) User=0.00s Sys=0.00s Real=0.00s
[371.551s][info][gc,start       ] GC(249) Pause Young (Allocation Failure)
[371.553s][info][gc,heap        ] GC(249) PSYoungGen: 676133K->2492K(686080K)
[371.553s][info][gc,heap        ] GC(249) PSOldGen: 166942K->168772K(1398272K)
[371.553s][info][gc,metaspace   ] GC(249) Metaspace: 91229K(98480K)->91229K(98480K) NonClass: 79650K(83632K)->79650K(83632K) Class: 11579K(14848K)->11579K(14848K)
[371.553s][info][gc             ] GC(249) Pause Young (Allocation Failure) 823M->167M(2035M) 2.156ms
[371.553s][info][gc,cpu         ] GC(249) User=0.00s Sys=0.00s Real=0.00s
[373.143s][info][gc,start       ] GC(250) Pause Young (Allocation Failure)
[373.146s][info][gc,heap        ] GC(250) PSYoungGen: 675321K->4194K(687104K)
[373.146s][info][gc,heap        ] GC(250) PSOldGen: 168772K->170643K(1398272K)
[373.146s][info][gc,metaspace   ] GC(250) Metaspace: 91229K(98480K)->91229K(98480K) NonClass: 79650K(83632K)->79650K(83632K) Class: 11579K(14848K)->11579K(14848K)
[373.146s][info][gc             ] GC(250) Pause Young (Allocation Failure) 824M->170M(2036M) 3.209ms
[373.146s][info][gc,cpu         ] GC(250) User=0.00s Sys=0.00s Real=0.01s
[373.894s][info][gc,start       ] GC(251) Pause Young (Allocation Failure)
[373.897s][info][gc,heap        ] GC(251) PSYoungGen: 679010K->3376K(686592K)
[373.897s][info][gc,heap        ] GC(251) PSOldGen: 170643K->172793K(1398272K)
[373.897s][info][gc,metaspace   ] GC(251) Metaspace: 91236K(98480K)->91236K(98480K) NonClass: 79657K(83632K)->79657K(83632K) Class: 11579K(14848K)->11579K(14848K)
[373.897s][info][gc             ] GC(251) Pause Young (Allocation Failure) 829M->172M(2036M) 2.898ms
[373.897s][info][gc,cpu         ] GC(251) User=0.00s Sys=0.00s Real=0.01s
[376.311s][info][gc,start       ] GC(252) Pause Young (Allocation Failure)
[376.315s][info][gc,heap        ] GC(252) PSYoungGen: 678052K->3103K(688128K)
[376.315s][info][gc,heap        ] GC(252) PSOldGen: 172793K->175733K(1398272K)
[376.315s][info][gc,metaspace   ] GC(252) Metaspace: 91236K(98480K)->91236K(98480K) NonClass: 79657K(83632K)->79657K(83632K) Class: 11579K(14848K)->11579K(14848K)
[376.315s][info][gc             ] GC(252) Pause Young (Allocation Failure) 830M->174M(2037M) 3.846ms
[376.315s][info][gc,cpu         ] GC(252) User=0.02s Sys=0.03s Real=0.00s
[378.493s][info][gc,start       ] GC(253) Pause Young (Allocation Failure)
[378.496s][info][gc,heap        ] GC(253) PSYoungGen: 679967K->3072K(687616K)
[378.496s][info][gc,heap        ] GC(253) PSOldGen: 175733K->177529K(1398272K)
[378.496s][info][gc,metaspace   ] GC(253) Metaspace: 91236K(98480K)->91236K(98480K) NonClass: 79657K(83632K)->79657K(83632K) Class: 11579K(14848K)->11579K(14848K)
[378.496s][info][gc             ] GC(253) Pause Young (Allocation Failure) 835M->176M(2037M) 3.231ms
[378.496s][info][gc,cpu         ] GC(253) User=0.00s Sys=0.00s Real=0.01s
[379.291s][info][gc,start       ] GC(254) Pause Young (Allocation Failure)
[379.293s][info][gc,heap        ] GC(254) PSYoungGen: 676243K->3859K(689152K)
[379.293s][info][gc,heap        ] GC(254) PSOldGen: 177529K->179028K(1398272K)
[379.293s][info][gc,metaspace   ] GC(254) Metaspace: 91236K(98480K)->91236K(98480K) NonClass: 79657K(83632K)->79657K(83632K) Class: 11579K(14848K)->11579K(14848K)
[379.293s][info][gc             ] GC(254) Pause Young (Allocation Failure) 833M->178M(2038M) 2.681ms
[379.293s][info][gc,cpu         ] GC(254) User=0.00s Sys=0.00s Real=0.01s
[380.715s][info][gc,start       ] GC(255) Pause Young (Allocation Failure)
[380.718s][info][gc,heap        ] GC(255) PSYoungGen: 682771K->3198K(688640K)
[380.718s][info][gc,heap        ] GC(255) PSOldGen: 179028K->182129K(1398272K)
[380.718s][info][gc,metaspace   ] GC(255) Metaspace: 91236K(98480K)->91236K(98480K) NonClass: 79657K(83632K)->79657K(83632K) Class: 11579K(14848K)->11579K(14848K)
[380.718s][info][gc             ] GC(255) Pause Young (Allocation Failure) 841M->180M(2038M) 2.709ms
[380.718s][info][gc,cpu         ] GC(255) User=0.00s Sys=0.00s Real=0.00s
[383.026s][info][gc,start       ] GC(256) Pause Young (Allocation Failure)
[383.028s][info][gc,heap        ] GC(256) PSYoungGen: 682110K->4314K(689664K)
[383.028s][info][gc,heap        ] GC(256) PSOldGen: 182129K->183757K(1398272K)
[383.028s][info][gc,metaspace   ] GC(256) Metaspace: 91236K(98480K)->91236K(98480K) NonClass: 79657K(83632K)->79657K(83632K) Class: 11579K(14848K)->11579K(14848K)
[383.028s][info][gc             ] GC(256) Pause Young (Allocation Failure) 843M->183M(2039M) 2.816ms
[383.028s][info][gc,cpu         ] GC(256) User=0.00s Sys=0.00s Real=0.00s
[384.909s][info][gc,start       ] GC(257) Pause Young (Allocation Failure)
[384.912s][info][gc,heap        ] GC(257) PSYoungGen: 684762K->4192K(689664K)
[384.912s][info][gc,heap        ] GC(257) PSOldGen: 183757K->185558K(1398272K)
[384.912s][info][gc,metaspace   ] GC(257) Metaspace: 91236K(98480K)->91236K(98480K) NonClass: 79657K(83632K)->79657K(83632K) Class: 11579K(14848K)->11579K(14848K)
[384.912s][info][gc             ] GC(257) Pause Young (Allocation Failure) 848M->185M(2039M) 2.923ms
[384.912s][info][gc,cpu         ] GC(257) User=0.00s Sys=0.00s Real=0.00s
[385.681s][info][gc,start       ] GC(258) Pause Young (Allocation Failure)
[385.684s][info][gc,heap        ] GC(258) PSYoungGen: 684640K->3345K(690688K)
[385.684s][info][gc,heap        ] GC(258) PSOldGen: 185558K->187806K(1398272K)
[385.684s][info][gc,metaspace   ] GC(258) Metaspace: 91236K(98480K)->91236K(98480K) NonClass: 79657K(83632K)->79657K(83632K) Class: 11579K(14848K)->11579K(14848K)
[385.684s][info][gc             ] GC(258) Pause Young (Allocation Failure) 849M->186M(2040M) 2.810ms
[385.684s][info][gc,cpu         ] GC(258) User=0.00s Sys=0.00s Real=0.00s
[387.850s][info][gc,start       ] GC(259) Pause Young (Allocation Failure)
[387.853s][info][gc,heap        ] GC(259) PSYoungGen: 685329K->2851K(690176K)
[387.853s][info][gc,heap        ] GC(259) PSOldGen: 187806K->190547K(1398272K)
[387.853s][info][gc,metaspace   ] GC(259) Metaspace: 91236K(98480K)->91236K(98480K) NonClass: 79657K(83632K)->79657K(83632K) Class: 11579K(14848K)->11579K(14848K)
[387.853s][info][gc             ] GC(259) Pause Young (Allocation Failure) 852M->188M(2039M) 2.656ms
[387.853s][info][gc,cpu         ] GC(259) User=0.00s Sys=0.00s Real=0.00s
[388.538s][info][gc,start       ] GC(260) Pause Young (Allocation Failure)
[388.541s][info][gc,heap        ] GC(260) PSYoungGen: 681883K->8181K(683520K)
[388.541s][info][gc,heap        ] GC(260) PSOldGen: 190547K->197238K(1398272K)
[388.541s][info][gc,metaspace   ] GC(260) Metaspace: 91237K(98480K)->91237K(98480K) NonClass: 79658K(83632K)->79658K(83632K) Class: 11579K(14848K)->11579K(14848K)
[388.541s][info][gc             ] GC(260) Pause Young (Allocation Failure) 851M->200M(2033M) 3.688ms
[388.541s][info][gc,cpu         ] GC(260) User=0.00s Sys=0.00s Real=0.00s
[390.223s][info][gc,start       ] GC(261) Pause Young (Allocation Failure)
[390.227s][info][gc,heap        ] GC(261) PSYoungGen: 682501K->2761K(687104K)
[390.227s][info][gc,heap        ] GC(261) PSOldGen: 197238K->200134K(1398272K)
[390.227s][info][gc,metaspace   ] GC(261) Metaspace: 91237K(98480K)->91237K(98480K) NonClass: 79658K(83632K)->79658K(83632K) Class: 11579K(14848K)->11579K(14848K)
[390.227s][info][gc             ] GC(261) Pause Young (Allocation Failure) 859M->198M(2036M) 3.338ms
[390.227s][info][gc,cpu         ] GC(261) User=0.00s Sys=0.00s Real=0.01s
[391.720s][info][gc,start       ] GC(262) Pause Young (Allocation Failure)
[391.723s][info][gc,heap        ] GC(262) PSYoungGen: 674844K->7905K(686592K)
[391.723s][info][gc,heap        ] GC(262) PSOldGen: 200134K->202300K(1398272K)
[391.723s][info][gc,metaspace   ] GC(262) Metaspace: 91237K(98480K)->91237K(98480K) NonClass: 79658K(83632K)->79658K(83632K) Class: 11579K(14848K)->11579K(14848K)
[391.723s][info][gc             ] GC(262) Pause Young (Allocation Failure) 854M->205M(2036M) 3.159ms
[391.723s][info][gc,cpu         ] GC(262) User=0.02s Sys=0.00s Real=0.00s
[392.408s][info][gc,start       ] GC(263) Pause Young (Allocation Failure)
[392.411s][info][gc,heap        ] GC(263) PSYoungGen: 683231K->3425K(687104K)
[392.411s][info][gc,heap        ] GC(263) PSOldGen: 202300K->204584K(1398272K)
[392.411s][info][gc,metaspace   ] GC(263) Metaspace: 91237K(98480K)->91237K(98480K) NonClass: 79658K(83632K)->79658K(83632K) Class: 11579K(14848K)->11579K(14848K)
[392.411s][info][gc             ] GC(263) Pause Young (Allocation Failure) 864M->203M(2036M) 3.127ms
[392.411s][info][gc,cpu         ] GC(263) User=0.00s Sys=0.00s Real=0.00s
[394.528s][info][gc,start       ] GC(264) Pause Young (Allocation Failure)
[394.531s][info][gc,heap        ] GC(264) PSYoungGen: 677931K->3379K(687616K)
[394.532s][info][gc,heap        ] GC(264) PSOldGen: 204584K->207503K(1398272K)
[394.532s][info][gc,metaspace   ] GC(264) Metaspace: 91237K(98480K)->91237K(98480K) NonClass: 79658K(83632K)->79658K(83632K) Class: 11579K(14848K)->11579K(14848K)
[394.532s][info][gc             ] GC(264) Pause Young (Allocation Failure) 861M->205M(2037M) 3.381ms
[394.532s][info][gc,cpu         ] GC(264) User=0.00s Sys=0.00s Real=0.00s
[395.119s][info][gc,start       ] GC(265) Pause Young (Allocation Failure)
[395.121s][info][gc,heap        ] GC(265) PSYoungGen: 679219K->1925K(687104K)
[395.121s][info][gc,heap        ] GC(265) PSOldGen: 207503K->210140K(1398272K)
[395.121s][info][gc,metaspace   ] GC(265) Metaspace: 91237K(98480K)->91237K(98480K) NonClass: 79658K(83632K)->79658K(83632K) Class: 11579K(14848K)->11579K(14848K)
[395.121s][info][gc             ] GC(265) Pause Young (Allocation Failure) 865M->207M(2036M) 2.307ms
[395.121s][info][gc,cpu         ] GC(265) User=0.00s Sys=0.00s Real=0.00s
[397.161s][info][gc,start       ] GC(266) Pause Young (Allocation Failure)
[397.164s][info][gc,heap        ] GC(266) PSYoungGen: 676965K->2988K(688128K)
[397.164s][info][gc,heap        ] GC(266) PSOldGen: 210140K->211685K(1398272K)
[397.164s][info][gc,metaspace   ] GC(266) Metaspace: 91238K(98480K)->91238K(98480K) NonClass: 79659K(83632K)->79659K(83632K) Class: 11579K(14848K)->11579K(14848K)
[397.164s][info][gc             ] GC(266) Pause Young (Allocation Failure) 866M->209M(2037M) 2.603ms
[397.164s][info][gc,cpu         ] GC(266) User=0.00s Sys=0.00s Real=0.00s
[398.545s][info][gc,start       ] GC(267) Pause Young (Allocation Failure)
[398.548s][info][gc,heap        ] GC(267) PSYoungGen: 679852K->3490K(687616K)
[398.548s][info][gc,heap        ] GC(267) PSOldGen: 211685K->214038K(1398272K)
[398.548s][info][gc,metaspace   ] GC(267) Metaspace: 91238K(98480K)->91238K(98480K) NonClass: 79659K(83632K)->79659K(83632K) Class: 11579K(14848K)->11579K(14848K)
[398.548s][info][gc             ] GC(267) Pause Young (Allocation Failure) 870M->212M(2037M) 2.967ms
[398.548s][info][gc,cpu         ] GC(267) User=0.09s Sys=0.00s Real=0.00s
[398.695s][info][gc,start       ] GC(268) Pause Young (System.gc())
[398.697s][info][gc,heap        ] GC(268) PSYoungGen: 221487K->480K(688640K)
[398.697s][info][gc,heap        ] GC(268) PSOldGen: 214038K->216081K(1398272K)
[398.697s][info][gc,metaspace   ] GC(268) Metaspace: 91239K(98480K)->91239K(98480K) NonClass: 79660K(83632K)->79660K(83632K) Class: 11579K(14848K)->11579K(14848K)
[398.697s][info][gc             ] GC(268) Pause Young (System.gc()) 425M->211M(2038M) 2.380ms
[398.697s][info][gc,cpu         ] GC(268) User=0.00s Sys=0.00s Real=0.00s
[398.697s][info][gc,start       ] GC(269) Pause Full (System.gc())
[398.699s][info][gc,phases,start] GC(269) Phase 1: Mark live objects
[398.755s][info][gc,phases      ] GC(269) Phase 1: Mark live objects 56.258ms
[398.755s][info][gc,phases,start] GC(269) Phase 2: Compute new object addresses
[398.770s][info][gc,phases      ] GC(269) Phase 2: Compute new object addresses 14.685ms
[398.770s][info][gc,phases,start] GC(269) Phase 3: Adjust pointers
[398.807s][info][gc,phases      ] GC(269) Phase 3: Adjust pointers 37.182ms
[398.807s][info][gc,phases,start] GC(269) Phase 4: Move objects
[398.814s][info][gc,phases      ] GC(269) Phase 4: Move objects 7.522ms
[398.817s][info][gc,heap        ] GC(269) PSYoungGen: 480K->0K(688640K)
[398.817s][info][gc,heap        ] GC(269) PSOldGen: 216081K->149772K(1398272K)
[398.817s][info][gc,metaspace   ] GC(269) Metaspace: 91239K(98480K)->91239K(98480K) NonClass: 79660K(83632K)->79660K(83632K) Class: 11579K(14848K)->11579K(14848K)
[398.817s][info][gc             ] GC(269) Pause Full (System.gc()) 211M->146M(2038M) 119.847ms
[398.817s][info][gc,cpu         ] GC(269) User=0.12s Sys=0.00s Real=0.12s
[399.722s][info][gc,start       ] GC(270) Pause Young (Allocation Failure)
[399.725s][info][gc,heap        ] GC(270) PSYoungGen: 678400K->3699K(688640K)
[399.725s][info][gc,heap        ] GC(270) PSOldGen: 149772K->149772K(1398272K)
[399.725s][info][gc,metaspace   ] GC(270) Metaspace: 91239K(98480K)->91239K(98480K) NonClass: 79660K(83632K)->79660K(83632K) Class: 11579K(14848K)->11579K(14848K)
[399.725s][info][gc             ] GC(270) Pause Young (Allocation Failure) 808M->149M(2038M) 2.871ms
[399.725s][info][gc,cpu         ] GC(270) User=0.00s Sys=0.00s Real=0.00s
[402.107s][info][gc,start       ] GC(271) Pause Young (Allocation Failure)
[402.109s][info][gc,heap        ] GC(271) PSYoungGen: 682099K->2257K(689664K)
[402.109s][info][gc,heap        ] GC(271) PSOldGen: 149772K->152902K(1398272K)
[402.109s][info][gc,metaspace   ] GC(271) Metaspace: 91239K(98480K)->91239K(98480K) NonClass: 79660K(83632K)->79660K(83632K) Class: 11579K(14848K)->11579K(14848K)
[402.109s][info][gc             ] GC(271) Pause Young (Allocation Failure) 812M->151M(2039M) 2.544ms
[402.109s][info][gc,cpu         ] GC(271) User=0.00s Sys=0.00s Real=0.00s
[404.246s][info][gc,start       ] GC(272) Pause Young (GCLocker Initiated GC)
[404.248s][info][gc,heap        ] GC(272) PSYoungGen: 682193K->3728K(689152K)
[404.248s][info][gc,heap        ] GC(272) PSOldGen: 152902K->154568K(1398272K)
[404.248s][info][gc,metaspace   ] GC(272) Metaspace: 91239K(98480K)->91239K(98480K) NonClass: 79660K(83632K)->79660K(83632K) Class: 11579K(14848K)->11579K(14848K)
[404.248s][info][gc             ] GC(272) Pause Young (GCLocker Initiated GC) 815M->154M(2038M) 2.668ms
[404.248s][info][gc,cpu         ] GC(272) User=0.00s Sys=0.00s Real=0.00s
[404.902s][info][gc,start       ] GC(273) Pause Young (Allocation Failure)
[404.906s][info][gc,heap        ] GC(273) PSYoungGen: 683664K->5605K(689152K)
[404.906s][info][gc,heap        ] GC(273) PSOldGen: 203913K->205413K(1398272K)
[404.906s][info][gc,metaspace   ] GC(273) Metaspace: 91240K(98480K)->91240K(98480K) NonClass: 79661K(83632K)->79661K(83632K) Class: 11579K(14848K)->11579K(14848K)
[404.906s][info][gc             ] GC(273) Pause Young (Allocation Failure) 866M->206M(2038M) 3.692ms
[404.906s][info][gc,cpu         ] GC(273) User=0.00s Sys=0.00s Real=0.00s
[406.634s][info][gc,start       ] GC(274) Pause Young (Allocation Failure)
[406.637s][info][gc,heap        ] GC(274) PSYoungGen: 686053K->4570K(689664K)
[406.637s][info][gc,heap        ] GC(274) PSOldGen: 205413K->208375K(1398272K)
[406.637s][info][gc,metaspace   ] GC(274) Metaspace: 91240K(98480K)->91240K(98480K) NonClass: 79661K(83632K)->79661K(83632K) Class: 11579K(14848K)->11579K(14848K)
[406.637s][info][gc             ] GC(274) Pause Young (Allocation Failure) 870M->207M(2039M) 3.068ms
[406.637s][info][gc,cpu         ] GC(274) User=0.00s Sys=0.00s Real=0.00s
[409.018s][info][gc,start       ] GC(275) Pause Young (GCLocker Initiated GC)
[409.022s][info][gc,heap        ] GC(275) PSYoungGen: 685018K->4232K(690176K)
[409.022s][info][gc,heap        ] GC(275) PSOldGen: 208391K->210137K(1398272K)
[409.022s][info][gc,metaspace   ] GC(275) Metaspace: 91241K(98480K)->91241K(98480K) NonClass: 79662K(83632K)->79662K(83632K) Class: 11579K(14848K)->11579K(14848K)
[409.022s][info][gc             ] GC(275) Pause Young (GCLocker Initiated GC) 872M->209M(2039M) 3.867ms
[409.022s][info][gc,cpu         ] GC(275) User=0.00s Sys=0.00s Real=0.00s
[410.591s][info][gc,start       ] GC(276) Pause Young (Allocation Failure)
[410.594s][info][gc,heap        ] GC(276) PSYoungGen: 685704K->2690K(690176K)
[410.594s][info][gc,heap        ] GC(276) PSOldGen: 210717K->212606K(1398272K)
[410.594s][info][gc,metaspace   ] GC(276) Metaspace: 91245K(98480K)->91245K(98480K) NonClass: 79666K(83632K)->79666K(83632K) Class: 11579K(14848K)->11579K(14848K)
[410.594s][info][gc             ] GC(276) Pause Young (Allocation Failure) 875M->210M(2039M) 2.853ms
[410.594s][info][gc,cpu         ] GC(276) User=0.00s Sys=0.00s Real=0.01s
[411.341s][info][gc,start       ] GC(277) Pause Young (Allocation Failure)
[411.344s][info][gc,heap        ] GC(277) PSYoungGen: 684162K->3454K(690688K)
[411.344s][info][gc,heap        ] GC(277) PSOldGen: 212606K->214809K(1398272K)
[411.344s][info][gc,metaspace   ] GC(277) Metaspace: 91245K(98480K)->91245K(98480K) NonClass: 79666K(83632K)->79666K(83632K) Class: 11579K(14848K)->11579K(14848K)
[411.344s][info][gc             ] GC(277) Pause Young (Allocation Failure) 875M->213M(2040M) 3.004ms
[411.344s][info][gc,cpu         ] GC(277) User=0.00s Sys=0.00s Real=0.00s
[413.800s][info][gc,start       ] GC(278) Pause Young (Allocation Failure)
[413.803s][info][gc,heap        ] GC(278) PSYoungGen: 685950K->2255K(690688K)
[413.803s][info][gc,heap        ] GC(278) PSOldGen: 214809K->217085K(1398272K)
[413.803s][info][gc,metaspace   ] GC(278) Metaspace: 91245K(98480K)->91245K(98480K) NonClass: 79666K(83632K)->79666K(83632K) Class: 11579K(14848K)->11579K(14848K)
[413.803s][info][gc             ] GC(278) Pause Young (Allocation Failure) 879M->214M(2040M) 2.679ms
[413.803s][info][gc,cpu         ] GC(278) User=0.00s Sys=0.00s Real=0.00s
[416.008s][info][gc,start       ] GC(279) Pause Young (Allocation Failure)
[416.010s][info][gc,heap        ] GC(279) PSYoungGen: 684751K->2424K(691200K)
[416.010s][info][gc,heap        ] GC(279) PSOldGen: 217085K->218766K(1398272K)
[416.010s][info][gc,metaspace   ] GC(279) Metaspace: 91245K(98480K)->91245K(98480K) NonClass: 79666K(83632K)->79666K(83632K) Class: 11579K(14848K)->11579K(14848K)
[416.010s][info][gc             ] GC(279) Pause Young (Allocation Failure) 880M->216M(2040M) 2.504ms
[416.010s][info][gc,cpu         ] GC(279) User=0.00s Sys=0.00s Real=0.00s
[416.635s][info][gc,start       ] GC(280) Pause Young (Allocation Failure)
[416.638s][info][gc,heap        ] GC(280) PSYoungGen: 683987K->5302K(691200K)
[416.638s][info][gc,heap        ] GC(280) PSOldGen: 218766K->228360K(1398272K)
[416.638s][info][gc,metaspace   ] GC(280) Metaspace: 91245K(98480K)->91245K(98480K) NonClass: 79666K(83632K)->79666K(83632K) Class: 11579K(14848K)->11579K(14848K)
[416.638s][info][gc             ] GC(280) Pause Young (Allocation Failure) 881M->228M(2040M) 3.899ms
[416.638s][info][gc,cpu         ] GC(280) User=0.00s Sys=0.00s Real=0.00s
[418.383s][info][gc,start       ] GC(281) Pause Young (Allocation Failure)
[418.386s][info][gc,heap        ] GC(281) PSYoungGen: 685481K->2764K(691200K)
[418.386s][info][gc,heap        ] GC(281) PSOldGen: 228360K->231306K(1398272K)
[418.386s][info][gc,metaspace   ] GC(281) Metaspace: 91247K(98480K)->91247K(98480K) NonClass: 79667K(83632K)->79667K(83632K) Class: 11579K(14848K)->11579K(14848K)
[418.386s][info][gc             ] GC(281) Pause Young (Allocation Failure) 892M->228M(2040M) 3.006ms
[418.386s][info][gc,cpu         ] GC(281) User=0.00s Sys=0.00s Real=0.00s
[420.610s][info][gc,start       ] GC(282) Pause Young (Allocation Failure)
[420.613s][info][gc,heap        ] GC(282) PSYoungGen: 686284K->3270K(691200K)
[420.613s][info][gc,heap        ] GC(282) PSOldGen: 231306K->233090K(1398272K)
[420.613s][info][gc,metaspace   ] GC(282) Metaspace: 91247K(98480K)->91247K(98480K) NonClass: 79668K(83632K)->79668K(83632K) Class: 11579K(14848K)->11579K(14848K)
[420.613s][info][gc             ] GC(282) Pause Young (Allocation Failure) 896M->230M(2040M) 3.030ms
[420.613s][info][gc,cpu         ] GC(282) User=0.03s Sys=0.03s Real=0.00s
[422.311s][info][gc,start       ] GC(283) Pause Young (Allocation Failure)
[422.314s][info][gc,heap        ] GC(283) PSYoungGen: 686790K->2605K(691712K)
[422.314s][info][gc,heap        ] GC(283) PSOldGen: 233090K->234907K(1398272K)
[422.314s][info][gc,metaspace   ] GC(283) Metaspace: 91247K(98480K)->91247K(98480K) NonClass: 79668K(83632K)->79668K(83632K) Class: 11579K(14848K)->11579K(14848K)
[422.314s][info][gc             ] GC(283) Pause Young (Allocation Failure) 898M->231M(2041M) 2.919ms
[422.314s][info][gc,cpu         ] GC(283) User=0.08s Sys=0.02s Real=0.00s
[423.089s][info][gc,start       ] GC(284) Pause Young (Allocation Failure)
[423.092s][info][gc,heap        ] GC(284) PSYoungGen: 687149K->3456K(691712K)
[423.092s][info][gc,heap        ] GC(284) PSOldGen: 234907K->236923K(1398272K)
[423.092s][info][gc,metaspace   ] GC(284) Metaspace: 91247K(98480K)->91247K(98480K) NonClass: 79668K(83632K)->79668K(83632K) Class: 11579K(14848K)->11579K(14848K)
[423.092s][info][gc             ] GC(284) Pause Young (Allocation Failure) 900M->234M(2041M) 3.386ms
[423.092s][info][gc,cpu         ] GC(284) User=0.00s Sys=0.00s Real=0.01s
[425.285s][info][gc,start       ] GC(285) Pause Young (Allocation Failure)
[425.288s][info][gc,heap        ] GC(285) PSYoungGen: 687924K->3391K(692224K)
[425.288s][info][gc,heap        ] GC(285) PSOldGen: 236923K->239833K(1398272K)
[425.288s][info][gc,metaspace   ] GC(285) Metaspace: 91247K(98480K)->91247K(98480K) NonClass: 79668K(83632K)->79668K(83632K) Class: 11579K(14848K)->11579K(14848K)
[425.288s][info][gc             ] GC(285) Pause Young (Allocation Failure) 903M->237M(2041M) 3.203ms
[425.288s][info][gc,cpu         ] GC(285) User=0.00s Sys=0.00s Real=0.01s
[425.946s][info][gc,start       ] GC(286) Pause Young (Allocation Failure)
[425.949s][info][gc,heap        ] GC(286) PSYoungGen: 685524K->2774K(692224K)
[425.949s][info][gc,heap        ] GC(286) PSOldGen: 239833K->242263K(1398272K)
[425.949s][info][gc,metaspace   ] GC(286) Metaspace: 91249K(98480K)->91249K(98480K) NonClass: 79669K(83632K)->79669K(83632K) Class: 11579K(14848K)->11579K(14848K)
[425.949s][info][gc             ] GC(286) Pause Young (Allocation Failure) 903M->239M(2041M) 3.129ms
[425.950s][info][gc,cpu         ] GC(286) User=0.00s Sys=0.00s Real=0.00s
[428.097s][info][gc,start       ] GC(287) Pause Young (Allocation Failure)
[428.100s][info][gc,heap        ] GC(287) PSYoungGen: 688342K->4294K(691712K)
[428.100s][info][gc,heap        ] GC(287) PSOldGen: 242263K->243900K(1398272K)
[428.100s][info][gc,metaspace   ] GC(287) Metaspace: 91249K(98480K)->91249K(98480K) NonClass: 79669K(83632K)->79669K(83632K) Class: 11579K(14848K)->11579K(14848K)
[428.100s][info][gc             ] GC(287) Pause Young (Allocation Failure) 908M->242M(2041M) 2.654ms
[428.100s][info][gc,cpu         ] GC(287) User=0.00s Sys=0.00s Real=0.00s
[429.150s][info][gc,start       ] GC(288) Pause Young (Allocation Failure)
[429.154s][info][gc,heap        ] GC(288) PSYoungGen: 687878K->4877K(692224K)
[429.154s][info][gc,heap        ] GC(288) PSOldGen: 243900K->254479K(1398272K)
[429.154s][info][gc,metaspace   ] GC(288) Metaspace: 91249K(98480K)->91249K(98480K) NonClass: 79669K(83632K)->79669K(83632K) Class: 11579K(14848K)->11579K(14848K)
[429.154s][info][gc             ] GC(288) Pause Young (Allocation Failure) 909M->253M(2041M) 4.085ms
[429.154s][info][gc,cpu         ] GC(288) User=0.00s Sys=0.00s Real=0.00s
[430.321s][info][gc,start       ] GC(289) Pause Young (Allocation Failure)
[430.324s][info][gc,heap        ] GC(289) PSYoungGen: 689485K->3253K(692224K)
[430.324s][info][gc,heap        ] GC(289) PSOldGen: 254479K->256858K(1398272K)
[430.324s][info][gc,metaspace   ] GC(289) Metaspace: 91249K(98480K)->91249K(98480K) NonClass: 79669K(83632K)->79669K(83632K) Class: 11579K(14848K)->11579K(14848K)
[430.324s][info][gc             ] GC(289) Pause Young (Allocation Failure) 921M->254M(2041M) 2.881ms
[430.324s][info][gc,cpu         ] GC(289) User=0.00s Sys=0.00s Real=0.00s
[432.210s][info][gc,start       ] GC(290) Pause Young (Allocation Failure)
[432.213s][info][gc,heap        ] GC(290) PSYoungGen: 688713K->3219K(692224K)
[432.213s][info][gc,heap        ] GC(290) PSOldGen: 256858K->259537K(1398272K)
[432.213s][info][gc,metaspace   ] GC(290) Metaspace: 91253K(98480K)->91253K(98480K) NonClass: 79674K(83632K)->79674K(83632K) Class: 11579K(14848K)->11579K(14848K)
[432.213s][info][gc             ] GC(290) Pause Young (Allocation Failure) 923M->256M(2041M) 2.902ms
[432.213s][info][gc,cpu         ] GC(290) User=0.00s Sys=0.00s Real=0.00s
[432.977s][info][gc,start       ] GC(291) Pause Young (Allocation Failure)
[432.980s][info][gc,heap        ] GC(291) PSYoungGen: 688787K->3163K(692736K)
[432.980s][info][gc,heap        ] GC(291) PSOldGen: 259537K->261966K(1398272K)
[432.980s][info][gc,metaspace   ] GC(291) Metaspace: 91253K(98480K)->91253K(98480K) NonClass: 79674K(83632K)->79674K(83632K) Class: 11579K(14848K)->11579K(14848K)
[432.980s][info][gc             ] GC(291) Pause Young (Allocation Failure) 926M->258M(2042M) 3.037ms
[432.980s][info][gc,cpu         ] GC(291) User=0.00s Sys=0.00s Real=0.01s
[435.343s][info][gc,start       ] GC(292) Pause Young (Allocation Failure)
[435.345s][info][gc,heap        ] GC(292) PSYoungGen: 689755K->1898K(692736K)
[435.345s][info][gc,heap        ] GC(292) PSOldGen: 261966K->264622K(1398272K)
[435.345s][info][gc,metaspace   ] GC(292) Metaspace: 91253K(98480K)->91253K(98480K) NonClass: 79674K(83632K)->79674K(83632K) Class: 11579K(14848K)->11579K(14848K)
[435.346s][info][gc             ] GC(292) Pause Young (Allocation Failure) 929M->260M(2042M) 2.658ms
[435.346s][info][gc,cpu         ] GC(292) User=0.09s Sys=0.00s Real=0.00s
[436.172s][info][gc,start       ] GC(293) Pause Young (Allocation Failure)
[436.175s][info][gc,heap        ] GC(293) PSYoungGen: 688414K->2846K(692736K)
[436.175s][info][gc,heap        ] GC(293) PSOldGen: 264622K->265989K(1398272K)
[436.175s][info][gc,metaspace   ] GC(293) Metaspace: 91270K(98480K)->91270K(98480K) NonClass: 79686K(83632K)->79686K(83632K) Class: 11584K(14848K)->11584K(14848K)
[436.175s][info][gc             ] GC(293) Pause Young (Allocation Failure) 930M->262M(2042M) 2.661ms
[436.175s][info][gc,cpu         ] GC(293) User=0.08s Sys=0.00s Real=0.00s
[436.206s][info][gc,start       ] GC(294) Pause Young (System.gc())
[436.208s][info][gc,heap        ] GC(294) PSYoungGen: 62232K->239K(692736K)
[436.208s][info][gc,heap        ] GC(294) PSOldGen: 265989K->267959K(1398272K)
[436.208s][info][gc,metaspace   ] GC(294) Metaspace: 91270K(98480K)->91270K(98480K) NonClass: 79686K(83632K)->79686K(83632K) Class: 11584K(14848K)->11584K(14848K)
[436.208s][info][gc             ] GC(294) Pause Young (System.gc()) 320M->261M(2042M) 1.984ms
[436.208s][info][gc,cpu         ] GC(294) User=0.00s Sys=0.00s Real=0.00s
[436.208s][info][gc,start       ] GC(295) Pause Full (System.gc())
[436.210s][info][gc,phases,start] GC(295) Phase 1: Mark live objects
[436.287s][info][gc,phases      ] GC(295) Phase 1: Mark live objects 77.118ms
[436.287s][info][gc,phases,start] GC(295) Phase 2: Compute new object addresses
[436.301s][info][gc,phases      ] GC(295) Phase 2: Compute new object addresses 14.431ms
[436.301s][info][gc,phases,start] GC(295) Phase 3: Adjust pointers
[436.338s][info][gc,phases      ] GC(295) Phase 3: Adjust pointers 36.645ms
[436.338s][info][gc,phases,start] GC(295) Phase 4: Move objects
[436.346s][info][gc,phases      ] GC(295) Phase 4: Move objects 7.595ms
[436.348s][info][gc,heap        ] GC(295) PSYoungGen: 239K->0K(692736K)
[436.348s][info][gc,heap        ] GC(295) PSOldGen: 267959K->152715K(1398272K)
[436.348s][info][gc,metaspace   ] GC(295) Metaspace: 91270K(98480K)->91261K(98480K) NonClass: 79686K(83632K)->79681K(83632K) Class: 11584K(14848K)->11580K(14848K)
[436.348s][info][gc             ] GC(295) Pause Full (System.gc()) 261M->149M(2042M) 140.105ms
[436.348s][info][gc,cpu         ] GC(295) User=0.14s Sys=0.00s Real=0.14s
[437.252s][info][gc,start       ] GC(296) Pause Young (Allocation Failure)
[437.254s][info][gc,heap        ] GC(296) PSYoungGen: 686592K->3566K(692736K)
[437.254s][info][gc,heap        ] GC(296) PSOldGen: 152715K->152715K(1398272K)
[437.254s][info][gc,metaspace   ] GC(296) Metaspace: 91261K(98480K)->91261K(98480K) NonClass: 79681K(83632K)->79681K(83632K) Class: 11580K(14848K)->11580K(14848K)
[437.254s][info][gc             ] GC(296) Pause Young (Allocation Failure) 819M->152M(2042M) 2.504ms
[437.255s][info][gc,cpu         ] GC(296) User=0.00s Sys=0.00s Real=0.00s
[439.634s][info][gc,start       ] GC(297) Pause Young (Allocation Failure)
[439.636s][info][gc,heap        ] GC(297) PSYoungGen: 690158K->2211K(692736K)
[439.636s][info][gc,heap        ] GC(297) PSOldGen: 152715K->155301K(1398272K)
[439.636s][info][gc,metaspace   ] GC(297) Metaspace: 91261K(98480K)->91261K(98480K) NonClass: 79681K(83632K)->79681K(83632K) Class: 11580K(14848K)->11580K(14848K)
[439.637s][info][gc             ] GC(297) Pause Young (Allocation Failure) 823M->153M(2042M) 2.449ms
[439.637s][info][gc,cpu         ] GC(297) User=0.00s Sys=0.00s Real=0.00s
[441.750s][info][gc,start       ] GC(298) Pause Young (Allocation Failure)
[441.752s][info][gc,heap        ] GC(298) PSYoungGen: 686052K->2072K(692736K)
[441.752s][info][gc,heap        ] GC(298) PSOldGen: 155301K->156781K(1398272K)
[441.752s][info][gc,metaspace   ] GC(298) Metaspace: 91261K(98480K)->91261K(98480K) NonClass: 79681K(83632K)->79681K(83632K) Class: 11580K(14848K)->11580K(14848K)
[441.752s][info][gc             ] GC(298) Pause Young (Allocation Failure) 821M->155M(2042M) 2.253ms
[441.752s][info][gc,cpu         ] GC(298) User=0.06s Sys=0.02s Real=0.00s
[442.376s][info][gc,start       ] GC(299) Pause Young (Allocation Failure)
[442.379s][info][gc,heap        ] GC(299) PSYoungGen: 688485K->5142K(692224K)
[442.379s][info][gc,heap        ] GC(299) PSOldGen: 156781K->170522K(1398272K)
[442.379s][info][gc,metaspace   ] GC(299) Metaspace: 91263K(98480K)->91263K(98480K) NonClass: 79683K(83632K)->79683K(83632K) Class: 11580K(14848K)->11580K(14848K)
[442.379s][info][gc             ] GC(299) Pause Young (Allocation Failure) 825M->171M(2041M) 3.632ms
[442.379s][info][gc,cpu         ] GC(299) User=0.08s Sys=0.02s Real=0.00s
[444.053s][info][gc,start       ] GC(300) Pause Young (Allocation Failure)
[444.056s][info][gc,heap        ] GC(300) PSYoungGen: 691734K->3404K(692736K)
[444.056s][info][gc,heap        ] GC(300) PSOldGen: 170522K->173181K(1398272K)
[444.056s][info][gc,metaspace   ] GC(300) Metaspace: 91264K(98480K)->91264K(98480K) NonClass: 79683K(83632K)->79683K(83632K) Class: 11580K(14848K)->11580K(14848K)
[444.056s][info][gc             ] GC(300) Pause Young (Allocation Failure) 842M->172M(2042M) 3.007ms
[444.056s][info][gc,cpu         ] GC(300) User=0.00s Sys=0.00s Real=0.00s
[446.495s][info][gc,start       ] GC(301) Pause Young (Allocation Failure)
[446.498s][info][gc,heap        ] GC(301) PSYoungGen: 689484K->3238K(692224K)
[446.498s][info][gc,heap        ] GC(301) PSOldGen: 173181K->174955K(1398272K)
[446.498s][info][gc,metaspace   ] GC(301) Metaspace: 91264K(98480K)->91264K(98480K) NonClass: 79683K(83632K)->79683K(83632K) Class: 11580K(14848K)->11580K(14848K)
[446.498s][info][gc             ] GC(301) Pause Young (Allocation Failure) 842M->174M(2041M) 2.453ms
[446.498s][info][gc,cpu         ] GC(301) User=0.00s Sys=0.00s Real=0.00s
[448.076s][info][gc,start       ] GC(302) Pause Young (Allocation Failure)
[448.079s][info][gc,heap        ] GC(302) PSYoungGen: 689318K->2850K(693248K)
[448.079s][info][gc,heap        ] GC(302) PSOldGen: 174955K->176823K(1398272K)
[448.079s][info][gc,metaspace   ] GC(302) Metaspace: 91264K(98480K)->91264K(98480K) NonClass: 79683K(83632K)->79683K(83632K) Class: 11580K(14848K)->11580K(14848K)
[448.079s][info][gc             ] GC(302) Pause Young (Allocation Failure) 844M->175M(2042M) 2.779ms
[448.079s][info][gc,cpu         ] GC(302) User=0.00s Sys=0.00s Real=0.00s
[448.850s][info][gc,start       ] GC(303) Pause Young (Allocation Failure)
[448.853s][info][gc,heap        ] GC(303) PSYoungGen: 689954K->3432K(692736K)
[448.853s][info][gc,heap        ] GC(303) PSOldGen: 176823K->179160K(1398272K)
[448.853s][info][gc,metaspace   ] GC(303) Metaspace: 91264K(98480K)->91264K(98480K) NonClass: 79683K(83632K)->79683K(83632K) Class: 11580K(14848K)->11580K(14848K)
[448.853s][info][gc             ] GC(303) Pause Young (Allocation Failure) 846M->178M(2042M) 2.818ms
[448.853s][info][gc,cpu         ] GC(303) User=0.00s Sys=0.00s Real=0.00s
[451.297s][info][gc,start       ] GC(304) Pause Young (Allocation Failure)
[451.299s][info][gc,heap        ] GC(304) PSYoungGen: 690536K->2358K(693248K)
[451.299s][info][gc,heap        ] GC(304) PSOldGen: 179160K->181352K(1398272K)
[451.299s][info][gc,metaspace   ] GC(304) Metaspace: 91264K(98480K)->91264K(98480K) NonClass: 79683K(83632K)->79683K(83632K) Class: 11580K(14848K)->11580K(14848K)
[451.299s][info][gc             ] GC(304) Pause Young (Allocation Failure) 849M->179M(2042M) 2.358ms
[451.299s][info][gc,cpu         ] GC(304) User=0.09s Sys=0.00s Real=0.00s
[453.504s][info][gc,start       ] GC(305) Pause Young (Allocation Failure)
[453.507s][info][gc,heap        ] GC(305) PSYoungGen: 689974K->3038K(693248K)
[453.507s][info][gc,heap        ] GC(305) PSOldGen: 181352K->183060K(1398272K)
[453.507s][info][gc,metaspace   ] GC(305) Metaspace: 91267K(98480K)->91267K(98480K) NonClass: 79686K(83632K)->79686K(83632K) Class: 11580K(14848K)->11580K(14848K)
[453.507s][info][gc             ] GC(305) Pause Young (Allocation Failure) 850M->181M(2042M) 2.592ms
[453.507s][info][gc,cpu         ] GC(305) User=0.00s Sys=0.00s Real=0.00s
[454.126s][info][gc,start       ] GC(306) Pause Young (Allocation Failure)
[454.130s][info][gc,heap        ] GC(306) PSYoungGen: 687372K->5110K(678400K)
[454.130s][info][gc,heap        ] GC(306) PSOldGen: 183060K->201241K(1398272K)
[454.130s][info][gc,metaspace   ] GC(306) Metaspace: 91267K(98480K)->91267K(98480K) NonClass: 79686K(83632K)->79686K(83632K) Class: 11580K(14848K)->11580K(14848K)
[454.130s][info][gc             ] GC(306) Pause Young (Allocation Failure) 850M->201M(2028M) 4.304ms
[454.130s][info][gc,cpu         ] GC(306) User=0.08s Sys=0.00s Real=0.00s
[455.868s][info][gc,start       ] GC(307) Pause Young (Allocation Failure)
[455.870s][info][gc,heap        ] GC(307) PSYoungGen: 674859K->2714K(686080K)
[455.870s][info][gc,heap        ] GC(307) PSOldGen: 201241K->204170K(1398272K)
[455.870s][info][gc,metaspace   ] GC(307) Metaspace: 91267K(98480K)->91267K(98480K) NonClass: 79686K(83632K)->79686K(83632K) Class: 11580K(14848K)->11580K(14848K)
[455.870s][info][gc             ] GC(307) Pause Young (Allocation Failure) 855M->202M(2035M) 2.655ms
[455.870s][info][gc,cpu         ] GC(307) User=0.00s Sys=0.00s Real=0.00s
[458.082s][info][gc,start       ] GC(308) Pause Young (Allocation Failure)
[458.085s][info][gc,heap        ] GC(308) PSYoungGen: 675238K->2565K(687104K)
[458.085s][info][gc,heap        ] GC(308) PSOldGen: 204170K->205930K(1398272K)
[458.085s][info][gc,metaspace   ] GC(308) Metaspace: 91267K(98480K)->91267K(98480K) NonClass: 79686K(83632K)->79686K(83632K) Class: 11580K(14848K)->11580K(14848K)
[458.085s][info][gc             ] GC(308) Pause Young (Allocation Failure) 858M->203M(2036M) 2.481ms
[458.085s][info][gc,cpu         ] GC(308) User=0.00s Sys=0.00s Real=0.00s
[459.772s][info][gc,start       ] GC(309) Pause Young (Allocation Failure)
[459.775s][info][gc,heap        ] GC(309) PSYoungGen: 677381K->2625K(686592K)
[459.775s][info][gc,heap        ] GC(309) PSOldGen: 205930K->207715K(1398272K)
[459.775s][info][gc,metaspace   ] GC(309) Metaspace: 91267K(98480K)->91267K(98480K) NonClass: 79686K(83632K)->79686K(83632K) Class: 11580K(14848K)->11580K(14848K)
[459.775s][info][gc             ] GC(309) Pause Young (Allocation Failure) 862M->205M(2036M) 2.669ms
[459.775s][info][gc,cpu         ] GC(309) User=0.00s Sys=0.00s Real=0.01s
[460.532s][info][gc,start       ] GC(310) Pause Young (Allocation Failure)
[460.535s][info][gc,heap        ] GC(310) PSYoungGen: 677441K->3307K(687616K)
[460.535s][info][gc,heap        ] GC(310) PSOldGen: 207715K->209789K(1398272K)
[460.535s][info][gc,metaspace   ] GC(310) Metaspace: 91267K(98480K)->91267K(98480K) NonClass: 79686K(83632K)->79686K(83632K) Class: 11580K(14848K)->11580K(14848K)
[460.535s][info][gc             ] GC(310) Pause Young (Allocation Failure) 864M->208M(2037M) 2.887ms
[460.535s][info][gc,cpu         ] GC(310) User=0.02s Sys=0.00s Real=0.00s
[462.694s][info][gc,start       ] GC(311) Pause Young (Allocation Failure)
[462.697s][info][gc,heap        ] GC(311) PSYoungGen: 678192K->3187K(687104K)
[462.697s][info][gc,heap        ] GC(311) PSOldGen: 209789K->212643K(1398272K)
[462.697s][info][gc,metaspace   ] GC(311) Metaspace: 91267K(98480K)->91267K(98480K) NonClass: 79686K(83632K)->79686K(83632K) Class: 11580K(14848K)->11580K(14848K)
[462.697s][info][gc             ] GC(311) Pause Young (Allocation Failure) 867M->210M(2036M) 3.198ms
[462.697s][info][gc,cpu         ] GC(311) User=0.00s Sys=0.00s Real=0.00s
[463.364s][info][gc,start       ] GC(312) Pause Young (Allocation Failure)
[463.368s][info][gc,heap        ] GC(312) PSYoungGen: 678343K->8070K(687104K)
[463.368s][info][gc,heap        ] GC(312) PSOldGen: 212643K->215096K(1398272K)
[463.368s][info][gc,metaspace   ] GC(312) Metaspace: 91267K(98480K)->91267K(98480K) NonClass: 79686K(83632K)->79686K(83632K) Class: 11580K(14848K)->11580K(14848K)
[463.368s][info][gc             ] GC(312) Pause Young (Allocation Failure) 870M->217M(2036M) 3.916ms
[463.368s][info][gc,cpu         ] GC(312) User=0.00s Sys=0.00s Real=0.00s
[465.150s][info][gc,start       ] GC(313) Pause Young (Allocation Failure)
[465.153s][info][gc,heap        ] GC(313) PSYoungGen: 684422K->3322K(687616K)
[465.153s][info][gc,heap        ] GC(313) PSOldGen: 215096K->216785K(1398272K)
[465.153s][info][gc,metaspace   ] GC(313) Metaspace: 91267K(98480K)->91267K(98480K) NonClass: 79686K(83632K)->79686K(83632K) Class: 11580K(14848K)->11580K(14848K)
[465.153s][info][gc             ] GC(313) Pause Young (Allocation Failure) 878M->214M(2037M) 3.119ms
[465.153s][info][gc,cpu         ] GC(313) User=0.00s Sys=0.00s Real=0.00s
[466.558s][info][gc,start       ] GC(314) Pause Young (Allocation Failure)
[466.561s][info][gc,heap        ] GC(314) PSYoungGen: 677185K->3674K(688128K)
[466.562s][info][gc,heap        ] GC(314) PSOldGen: 216785K->219019K(1398272K)
[466.562s][info][gc,metaspace   ] GC(314) Metaspace: 91273K(98480K)->91273K(98480K) NonClass: 79692K(83632K)->79692K(83632K) Class: 11580K(14848K)->11580K(14848K)
[466.562s][info][gc             ] GC(314) Pause Young (Allocation Failure) 873M->217M(2037M) 3.272ms
[466.562s][info][gc,cpu         ] GC(314) User=0.00s Sys=0.00s Real=0.01s
[467.412s][info][gc,start       ] GC(315) Pause Young (Allocation Failure)
[467.415s][info][gc,heap        ] GC(315) PSYoungGen: 680223K->3473K(687616K)
[467.415s][info][gc,heap        ] GC(315) PSOldGen: 219019K->221160K(1398272K)
[467.415s][info][gc,metaspace   ] GC(315) Metaspace: 91273K(98480K)->91273K(98480K) NonClass: 79692K(83632K)->79692K(83632K) Class: 11580K(14848K)->11580K(14848K)
[467.415s][info][gc             ] GC(315) Pause Young (Allocation Failure) 878M->219M(2037M) 2.786ms
[467.415s][info][gc,cpu         ] GC(315) User=0.00s Sys=0.00s Real=0.00s
[469.545s][info][gc,start       ] GC(316) Pause Young (Allocation Failure)
[469.548s][info][gc,heap        ] GC(316) PSYoungGen: 680337K->3410K(689152K)
[469.548s][info][gc,heap        ] GC(316) PSOldGen: 221160K->224107K(1398272K)
[469.548s][info][gc,metaspace   ] GC(316) Metaspace: 91273K(98480K)->91273K(98480K) NonClass: 79692K(83632K)->79692K(83632K) Class: 11580K(14848K)->11580K(14848K)
[469.548s][info][gc             ] GC(316) Pause Young (Allocation Failure) 880M->222M(2038M) 3.421ms
[469.548s][info][gc,cpu         ] GC(316) User=0.00s Sys=0.00s Real=0.00s
[470.078s][info][gc,start       ] GC(317) Pause Young (Allocation Failure)
[470.081s][info][gc,heap        ] GC(317) PSYoungGen: 682322K->2586K(688640K)
[470.081s][info][gc,heap        ] GC(317) PSOldGen: 224107K->226678K(1398272K)
[470.081s][info][gc,metaspace   ] GC(317) Metaspace: 91279K(98480K)->91279K(98480K) NonClass: 79698K(83632K)->79698K(83632K) Class: 11580K(14848K)->11580K(14848K)
[470.081s][info][gc             ] GC(317) Pause Young (Allocation Failure) 885M->223M(2038M) 2.626ms
[470.081s][info][gc,cpu         ] GC(317) User=0.09s Sys=0.00s Real=0.00s
[472.383s][info][gc,start       ] GC(318) Pause Young (Allocation Failure)
[472.389s][info][gc,heap        ] GC(318) PSYoungGen: 681498K->3467K(689664K)
[472.389s][info][gc,heap        ] GC(318) PSOldGen: 226678K->228844K(1398272K)
[472.389s][info][gc,metaspace   ] GC(318) Metaspace: 91279K(98480K)->91279K(98480K) NonClass: 79698K(83632K)->79698K(83632K) Class: 11580K(14848K)->11580K(14848K)
[472.389s][info][gc             ] GC(318) Pause Young (Allocation Failure) 886M->226M(2039M) 5.830ms
[472.389s][info][gc,cpu         ] GC(318) User=0.00s Sys=0.00s Real=0.00s
[473.498s][info][gc,start       ] GC(319) Pause Young (Allocation Failure)
[473.503s][info][gc,heap        ] GC(319) PSYoungGen: 683915K->6520K(687104K)
[473.503s][info][gc,heap        ] GC(319) PSOldGen: 228844K->230685K(1398272K)
[473.503s][info][gc,metaspace   ] GC(319) Metaspace: 91282K(98480K)->91282K(98480K) NonClass: 79701K(83632K)->79701K(83632K) Class: 11580K(14848K)->11580K(14848K)
[473.503s][info][gc             ] GC(319) Pause Young (Allocation Failure) 891M->231M(2036M) 4.783ms
[473.503s][info][gc,cpu         ] GC(319) User=0.06s Sys=0.00s Real=0.01s
[473.592s][info][gc,start       ] GC(320) Pause Young (System.gc())
[473.594s][info][gc,heap        ] GC(320) PSYoungGen: 166766K->448K(689152K)
[473.594s][info][gc,heap        ] GC(320) PSOldGen: 230685K->232551K(1398272K)
[473.594s][info][gc,metaspace   ] GC(320) Metaspace: 91283K(98480K)->91283K(98480K) NonClass: 79702K(83632K)->79702K(83632K) Class: 11580K(14848K)->11580K(14848K)
[473.594s][info][gc             ] GC(320) Pause Young (System.gc()) 388M->227M(2038M) 2.036ms
[473.594s][info][gc,cpu         ] GC(320) User=0.00s Sys=0.00s Real=0.00s
[473.595s][info][gc,start       ] GC(321) Pause Full (System.gc())
[473.597s][info][gc,phases,start] GC(321) Phase 1: Mark live objects
[473.653s][info][gc,phases      ] GC(321) Phase 1: Mark live objects 55.981ms
[473.653s][info][gc,phases,start] GC(321) Phase 2: Compute new object addresses
[473.667s][info][gc,phases      ] GC(321) Phase 2: Compute new object addresses 14.161ms
[473.667s][info][gc,phases,start] GC(321) Phase 3: Adjust pointers
[473.705s][info][gc,phases      ] GC(321) Phase 3: Adjust pointers 38.098ms
[473.705s][info][gc,phases,start] GC(321) Phase 4: Move objects
[473.718s][info][gc,phases      ] GC(321) Phase 4: Move objects 12.315ms
[473.720s][info][gc,heap        ] GC(321) PSYoungGen: 448K->0K(689152K)
[473.720s][info][gc,heap        ] GC(321) PSOldGen: 232551K->83089K(1398272K)
[473.720s][info][gc,metaspace   ] GC(321) Metaspace: 91283K(98480K)->91283K(98480K) NonClass: 79702K(83632K)->79702K(83632K) Class: 11580K(14848K)->11580K(14848K)
[473.720s][info][gc             ] GC(321) Pause Full (System.gc()) 227M->81M(2038M) 125.527ms
[473.720s][info][gc,cpu         ] GC(321) User=0.12s Sys=0.02s Real=0.13s
[474.637s][info][gc,start       ] GC(322) Pause Young (Allocation Failure)
[474.639s][info][gc,heap        ] GC(322) PSYoungGen: 679424K->3516K(689152K)
[474.639s][info][gc,heap        ] GC(322) PSOldGen: 83089K->83089K(1398272K)
[474.639s][info][gc,metaspace   ] GC(322) Metaspace: 91283K(98480K)->91283K(98480K) NonClass: 79702K(83632K)->79702K(83632K) Class: 11580K(14848K)->11580K(14848K)
[474.639s][info][gc             ] GC(322) Pause Young (Allocation Failure) 744M->84M(2038M) 2.140ms
[474.639s][info][gc,cpu         ] GC(322) User=0.00s Sys=0.00s Real=0.00s
[476.995s][info][gc,start       ] GC(323) Pause Young (Allocation Failure)
[476.997s][info][gc,heap        ] GC(323) PSYoungGen: 682940K->2382K(690176K)
[476.997s][info][gc,heap        ] GC(323) PSOldGen: 83089K->85850K(1398272K)
[476.997s][info][gc,metaspace   ] GC(323) Metaspace: 91283K(98480K)->91283K(98480K) NonClass: 79702K(83632K)->79702K(83632K) Class: 11580K(14848K)->11580K(14848K)
[476.997s][info][gc             ] GC(323) Pause Young (Allocation Failure) 748M->86M(2039M) 2.228ms
[476.997s][info][gc,cpu         ] GC(323) User=0.00s Sys=0.00s Real=0.00s
[479.101s][info][gc,start       ] GC(324) Pause Young (GCLocker Initiated GC)
[479.103s][info][gc,heap        ] GC(324) PSYoungGen: 683342K->3822K(689664K)
[479.103s][info][gc,heap        ] GC(324) PSOldGen: 85891K->87551K(1398272K)
[479.103s][info][gc,metaspace   ] GC(324) Metaspace: 91283K(98480K)->91283K(98480K) NonClass: 79702K(83632K)->79702K(83632K) Class: 11580K(14848K)->11580K(14848K)
[479.103s][info][gc             ] GC(324) Pause Young (GCLocker Initiated GC) 751M->89M(2039M) 2.478ms
[479.103s][info][gc,cpu         ] GC(324) User=0.00s Sys=0.00s Real=0.00s
[479.746s][info][gc,start       ] GC(325) Pause Young (Allocation Failure)
[479.749s][info][gc,heap        ] GC(325) PSYoungGen: 684782K->5093K(689664K)
[479.749s][info][gc,heap        ] GC(325) PSOldGen: 136711K->138219K(1398272K)
[479.750s][info][gc,metaspace   ] GC(325) Metaspace: 91285K(98480K)->91285K(98480K) NonClass: 79704K(83632K)->79704K(83632K) Class: 11580K(14848K)->11580K(14848K)
[479.750s][info][gc             ] GC(325) Pause Young (Allocation Failure) 802M->139M(2039M) 3.557ms
[479.750s][info][gc,cpu         ] GC(325) User=0.00s Sys=0.00s Real=0.00s
[481.541s][info][gc,start       ] GC(326) Pause Young (Allocation Failure)
[481.543s][info][gc,heap        ] GC(326) PSYoungGen: 685862K->2945K(690176K)
[481.543s][info][gc,heap        ] GC(326) PSOldGen: 138219K->141064K(1398272K)
[481.543s][info][gc,metaspace   ] GC(326) Metaspace: 91290K(98736K)->91290K(98736K) NonClass: 79710K(83888K)->79710K(83888K) Class: 11580K(14848K)->11580K(14848K)
[481.543s][info][gc             ] GC(326) Pause Young (Allocation Failure) 804M->140M(2039M) 2.613ms
[481.543s][info][gc,cpu         ] GC(326) User=0.00s Sys=0.00s Real=0.00s
[483.914s][info][gc,start       ] GC(327) Pause Young (Allocation Failure)
[483.916s][info][gc,heap        ] GC(327) PSYoungGen: 680782K->2507K(690688K)
[483.916s][info][gc,heap        ] GC(327) PSOldGen: 141064K->142822K(1398272K)
[483.916s][info][gc,metaspace   ] GC(327) Metaspace: 91291K(98736K)->91291K(98736K) NonClass: 79711K(83888K)->79711K(83888K) Class: 11580K(14848K)->11580K(14848K)
[483.916s][info][gc             ] GC(327) Pause Young (Allocation Failure) 802M->141M(2040M) 2.408ms
[483.916s][info][gc,cpu         ] GC(327) User=0.00s Sys=0.00s Real=0.00s
[485.451s][info][gc,start       ] GC(328) Pause Young (Allocation Failure)
[485.454s][info][gc,heap        ] GC(328) PSYoungGen: 684531K->2755K(690688K)
[485.454s][info][gc,heap        ] GC(328) PSOldGen: 142822K->144735K(1398272K)
[485.454s][info][gc,metaspace   ] GC(328) Metaspace: 91293K(98736K)->91293K(98736K) NonClass: 79712K(83888K)->79712K(83888K) Class: 11580K(14848K)->11580K(14848K)
[485.454s][info][gc             ] GC(328) Pause Young (Allocation Failure) 807M->144M(2040M) 3.163ms
[485.454s][info][gc,cpu         ] GC(328) User=0.00s Sys=0.00s Real=0.00s
[486.210s][info][gc,start       ] GC(329) Pause Young (Allocation Failure)
[486.213s][info][gc,heap        ] GC(329) PSYoungGen: 685251K->3494K(691712K)
[486.213s][info][gc,heap        ] GC(329) PSOldGen: 144735K->146869K(1398272K)
[486.213s][info][gc,metaspace   ] GC(329) Metaspace: 91293K(98736K)->91293K(98736K) NonClass: 79712K(83888K)->79712K(83888K) Class: 11580K(14848K)->11580K(14848K)
[486.213s][info][gc             ] GC(329) Pause Young (Allocation Failure) 810M->146M(2041M) 2.660ms
[486.213s][info][gc,cpu         ] GC(329) User=0.00s Sys=0.00s Real=0.00s
[488.677s][info][gc,start       ] GC(330) Pause Young (Allocation Failure)
[488.680s][info][gc,heap        ] GC(330) PSYoungGen: 687526K->2355K(691200K)
[488.680s][info][gc,heap        ] GC(330) PSOldGen: 146869K->149042K(1398272K)
[488.680s][info][gc,metaspace   ] GC(330) Metaspace: 91294K(98736K)->91294K(98736K) NonClass: 79713K(83888K)->79713K(83888K) Class: 11580K(14848K)->11580K(14848K)
[488.680s][info][gc             ] GC(330) Pause Young (Allocation Failure) 814M->147M(2040M) 2.544ms
[488.680s][info][gc,cpu         ] GC(330) User=0.00s Sys=0.00s Real=0.00s
[490.911s][info][gc,start       ] GC(331) Pause Young (Allocation Failure)
[490.914s][info][gc,heap        ] GC(331) PSYoungGen: 686387K->3320K(692224K)
[490.914s][info][gc,heap        ] GC(331) PSOldGen: 149042K->150697K(1398272K)
[490.914s][info][gc,metaspace   ] GC(331) Metaspace: 91294K(98736K)->91294K(98736K) NonClass: 79713K(83888K)->79713K(83888K) Class: 11580K(14848K)->11580K(14848K)
[490.914s][info][gc             ] GC(331) Pause Young (Allocation Failure) 815M->150M(2041M) 2.734ms
[490.914s][info][gc,cpu         ] GC(331) User=0.00s Sys=0.00s Real=0.00s
[491.529s][info][gc,start       ] GC(332) Pause Young (Allocation Failure)
[491.532s][info][gc,heap        ] GC(332) PSYoungGen: 687608K->5751K(691712K)
[491.532s][info][gc,heap        ] GC(332) PSOldGen: 150697K->156275K(1398272K)
[491.532s][info][gc,metaspace   ] GC(332) Metaspace: 91294K(98736K)->91294K(98736K) NonClass: 79713K(83888K)->79713K(83888K) Class: 11580K(14848K)->11580K(14848K)
[491.532s][info][gc             ] GC(332) Pause Young (Allocation Failure) 818M->158M(2041M) 3.272ms
[491.532s][info][gc,cpu         ] GC(332) User=0.00s Sys=0.00s Real=0.00s
[493.296s][info][gc,start       ] GC(333) Pause Young (Allocation Failure)
[493.299s][info][gc,heap        ] GC(333) PSYoungGen: 690807K->4552K(691712K)
[493.299s][info][gc,heap        ] GC(333) PSOldGen: 156275K->159094K(1398272K)
[493.299s][info][gc,metaspace   ] GC(333) Metaspace: 91295K(98736K)->91295K(98736K) NonClass: 79714K(83888K)->79714K(83888K) Class: 11580K(14848K)->11580K(14848K)
[493.299s][info][gc             ] GC(333) Pause Young (Allocation Failure) 827M->159M(2041M) 2.811ms
[493.299s][info][gc,cpu         ] GC(333) User=0.03s Sys=0.02s Real=0.00s
[495.614s][info][gc,start       ] GC(334) Pause Young (Allocation Failure)
[495.616s][info][gc,heap        ] GC(334) PSYoungGen: 686843K->2552K(691712K)
[495.616s][info][gc,heap        ] GC(334) PSOldGen: 159094K->160876K(1398272K)
[495.616s][info][gc,metaspace   ] GC(334) Metaspace: 91295K(98736K)->91295K(98736K) NonClass: 79714K(83888K)->79714K(83888K) Class: 11580K(14848K)->11580K(14848K)
[495.616s][info][gc             ] GC(334) Pause Young (Allocation Failure) 826M->159M(2041M) 2.389ms
[495.616s][info][gc,cpu         ] GC(334) User=0.00s Sys=0.00s Real=0.00s
[497.231s][info][gc,start       ] GC(335) Pause Young (Allocation Failure)
[497.234s][info][gc,heap        ] GC(335) PSYoungGen: 687096K->3251K(691712K)
[497.234s][info][gc,heap        ] GC(335) PSOldGen: 160876K->162725K(1398272K)
[497.234s][info][gc,metaspace   ] GC(335) Metaspace: 91296K(98736K)->91296K(98736K) NonClass: 79715K(83888K)->79715K(83888K) Class: 11580K(14848K)->11580K(14848K)
[497.234s][info][gc             ] GC(335) Pause Young (Allocation Failure) 828M->162M(2041M) 2.795ms
[497.234s][info][gc,cpu         ] GC(335) User=0.00s Sys=0.00s Real=0.00s
[498.006s][info][gc,start       ] GC(336) Pause Young (Allocation Failure)
[498.009s][info][gc,heap        ] GC(336) PSYoungGen: 687795K->3229K(691712K)
[498.009s][info][gc,heap        ] GC(336) PSOldGen: 162725K->164927K(1398272K)
[498.009s][info][gc,metaspace   ] GC(336) Metaspace: 91299K(98736K)->91299K(98736K) NonClass: 79718K(83888K)->79718K(83888K) Class: 11580K(14848K)->11580K(14848K)
[498.009s][info][gc             ] GC(336) Pause Young (Allocation Failure) 830M->164M(2041M) 2.811ms
[498.009s][info][gc,cpu         ] GC(336) User=0.00s Sys=0.00s Real=0.00s
[500.140s][info][gc,start       ] GC(337) Pause Young (Allocation Failure)
[500.143s][info][gc,heap        ] GC(337) PSYoungGen: 687773K->5670K(691200K)
[500.143s][info][gc,heap        ] GC(337) PSOldGen: 164927K->167839K(1398272K)
[500.143s][info][gc,metaspace   ] GC(337) Metaspace: 91299K(98736K)->91299K(98736K) NonClass: 79718K(83888K)->79718K(83888K) Class: 11580K(14848K)->11580K(14848K)
[500.143s][info][gc             ] GC(337) Pause Young (Allocation Failure) 832M->169M(2040M) 3.014ms
[500.143s][info][gc,cpu         ] GC(337) User=0.05s Sys=0.00s Real=0.00s
[500.811s][info][gc,start       ] GC(338) Pause Young (Allocation Failure)
[500.813s][info][gc,heap        ] GC(338) PSYoungGen: 689928K->2037K(691712K)
[500.813s][info][gc,heap        ] GC(338) PSOldGen: 167839K->170289K(1398272K)
[500.813s][info][gc,metaspace   ] GC(338) Metaspace: 91299K(98736K)->91299K(98736K) NonClass: 79718K(83888K)->79718K(83888K) Class: 11580K(14848K)->11580K(14848K)
[500.813s][info][gc             ] GC(338) Pause Young (Allocation Failure) 837M->168M(2041M) 2.874ms
[500.814s][info][gc,cpu         ] GC(338) User=0.00s Sys=0.00s Real=0.00s
[502.979s][info][gc,start       ] GC(339) Pause Young (Allocation Failure)
[502.981s][info][gc,heap        ] GC(339) PSYoungGen: 686581K->3518K(692224K)
[502.981s][info][gc,heap        ] GC(339) PSOldGen: 170289K->171855K(1398272K)
[502.981s][info][gc,metaspace   ] GC(339) Metaspace: 91304K(98736K)->91304K(98736K) NonClass: 79722K(83888K)->79722K(83888K) Class: 11581K(14848K)->11581K(14848K)
[502.981s][info][gc             ] GC(339) Pause Young (Allocation Failure) 836M->171M(2041M) 2.513ms
[502.981s][info][gc,cpu         ] GC(339) User=0.00s Sys=0.00s Real=0.00s
[503.969s][info][gc,start       ] GC(340) Pause Young (Allocation Failure)
[503.973s][info][gc,heap        ] GC(340) PSYoungGen: 687453K->4228K(691712K)
[503.973s][info][gc,heap        ] GC(340) PSOldGen: 171855K->174272K(1398272K)
[503.973s][info][gc,metaspace   ] GC(340) Metaspace: 91307K(98736K)->91307K(98736K) NonClass: 79726K(83888K)->79726K(83888K) Class: 11581K(14848K)->11581K(14848K)
[503.973s][info][gc             ] GC(340) Pause Young (Allocation Failure) 839M->174M(2041M) 4.077ms
[503.973s][info][gc,cpu         ] GC(340) User=0.03s Sys=0.00s Real=0.00s
[505.159s][info][gc,start       ] GC(341) Pause Young (Allocation Failure)
[505.162s][info][gc,heap        ] GC(341) PSYoungGen: 689284K->5088K(691200K)
[505.162s][info][gc,heap        ] GC(341) PSOldGen: 174272K->176783K(1398272K)
[505.162s][info][gc,metaspace   ] GC(341) Metaspace: 91307K(98736K)->91307K(98736K) NonClass: 79726K(83888K)->79726K(83888K) Class: 11581K(14848K)->11581K(14848K)
[505.162s][info][gc             ] GC(341) Pause Young (Allocation Failure) 843M->177M(2040M) 3.009ms
[505.162s][info][gc,cpu         ] GC(341) User=0.00s Sys=0.00s Real=0.02s
[507.032s][info][gc,start       ] GC(342) Pause Young (Allocation Failure)
[507.035s][info][gc,heap        ] GC(342) PSYoungGen: 689632K->4257K(691712K)
[507.035s][info][gc,heap        ] GC(342) PSOldGen: 176783K->179507K(1398272K)
[507.035s][info][gc,metaspace   ] GC(342) Metaspace: 91307K(98736K)->91307K(98736K) NonClass: 79726K(83888K)->79726K(83888K) Class: 11581K(14848K)->11581K(14848K)
[507.035s][info][gc             ] GC(342) Pause Young (Allocation Failure) 846M->179M(2041M) 3.034ms
[507.035s][info][gc,cpu         ] GC(342) User=0.09s Sys=0.00s Real=0.00s
[507.772s][info][gc,start       ] GC(343) Pause Young (Allocation Failure)
[507.775s][info][gc,heap        ] GC(343) PSYoungGen: 688801K->3230K(692224K)
[507.775s][info][gc,heap        ] GC(343) PSOldGen: 179507K->181851K(1398272K)
[507.775s][info][gc,metaspace   ] GC(343) Metaspace: 91307K(98736K)->91307K(98736K) NonClass: 79726K(83888K)->79726K(83888K) Class: 11581K(14848K)->11581K(14848K)
[507.775s][info][gc             ] GC(343) Pause Young (Allocation Failure) 847M->180M(2041M) 3.430ms
[507.775s][info][gc,cpu         ] GC(343) User=0.00s Sys=0.00s Real=0.02s
[510.133s][info][gc,start       ] GC(344) Pause Young (Allocation Failure)
[510.136s][info][gc,heap        ] GC(344) PSYoungGen: 688286K->3220K(691712K)
[510.136s][info][gc,heap        ] GC(344) PSOldGen: 181851K->184529K(1398272K)
[510.136s][info][gc,metaspace   ] GC(344) Metaspace: 91309K(98736K)->91309K(98736K) NonClass: 79727K(83888K)->79727K(83888K) Class: 11581K(14848K)->11581K(14848K)
[510.136s][info][gc             ] GC(344) Pause Young (Allocation Failure) 849M->183M(2041M) 2.858ms
[510.136s][info][gc,cpu         ] GC(344) User=0.00s Sys=0.00s Real=0.00s
[510.963s][info][gc,start       ] GC(345) Pause Young (Allocation Failure)
[510.965s][info][gc,heap        ] GC(345) PSYoungGen: 688276K->2975K(692224K)
[510.965s][info][gc,heap        ] GC(345) PSOldGen: 184529K->186035K(1398272K)
[510.965s][info][gc,metaspace   ] GC(345) Metaspace: 91317K(98736K)->91317K(98736K) NonClass: 79734K(83888K)->79734K(83888K) Class: 11583K(14848K)->11583K(14848K)
[510.965s][info][gc             ] GC(345) Pause Young (Allocation Failure) 852M->184M(2041M) 2.761ms
[510.965s][info][gc,cpu         ] GC(345) User=0.00s Sys=0.00s Real=0.00s
[510.977s][info][gc,start       ] GC(346) Pause Young (System.gc())
[510.979s][info][gc,heap        ] GC(346) PSYoungGen: 48187K->192K(692224K)
[510.979s][info][gc,heap        ] GC(346) PSOldGen: 186035K->188269K(1398272K)
[510.979s][info][gc,metaspace   ] GC(346) Metaspace: 91317K(98736K)->91317K(98736K) NonClass: 79734K(83888K)->79734K(83888K) Class: 11583K(14848K)->11583K(14848K)
[510.979s][info][gc             ] GC(346) Pause Young (System.gc()) 228M->184M(2041M) 2.119ms
[510.979s][info][gc,cpu         ] GC(346) User=0.00s Sys=0.00s Real=0.00s
[510.979s][info][gc,start       ] GC(347) Pause Full (System.gc())
[510.981s][info][gc,phases,start] GC(347) Phase 1: Mark live objects
[511.059s][info][gc,phases      ] GC(347) Phase 1: Mark live objects 77.987ms
[511.059s][info][gc,phases,start] GC(347) Phase 2: Compute new object addresses
[511.073s][info][gc,phases      ] GC(347) Phase 2: Compute new object addresses 14.065ms
[511.073s][info][gc,phases,start] GC(347) Phase 3: Adjust pointers
[511.110s][info][gc,phases      ] GC(347) Phase 3: Adjust pointers 37.047ms
[511.110s][info][gc,phases,start] GC(347) Phase 4: Move objects
[511.117s][info][gc,phases      ] GC(347) Phase 4: Move objects 6.277ms
[511.119s][info][gc,heap        ] GC(347) PSYoungGen: 192K->0K(692224K)
[511.119s][info][gc,heap        ] GC(347) PSOldGen: 188269K->118732K(1398272K)
[511.119s][info][gc,metaspace   ] GC(347) Metaspace: 91317K(98736K)->91314K(98736K) NonClass: 79734K(83888K)->79732K(83888K) Class: 11583K(14848K)->11582K(14848K)
[511.119s][info][gc             ] GC(347) Pause Full (System.gc()) 184M->115M(2041M) 139.689ms
[511.119s][info][gc,cpu         ] GC(347) User=0.14s Sys=0.00s Real=0.14s
[512.066s][info][gc,start       ] GC(348) Pause Young (Allocation Failure)
[512.069s][info][gc,heap        ] GC(348) PSYoungGen: 685568K->3678K(692224K)
[512.069s][info][gc,heap        ] GC(348) PSOldGen: 118732K->118732K(1398272K)
[512.069s][info][gc,metaspace   ] GC(348) Metaspace: 91314K(98736K)->91314K(98736K) NonClass: 79732K(83888K)->79732K(83888K) Class: 11582K(14848K)->11582K(14848K)
[512.069s][info][gc             ] GC(348) Pause Young (Allocation Failure) 785M->119M(2041M) 2.847ms
[512.069s][info][gc,cpu         ] GC(348) User=0.00s Sys=0.00s Real=0.01s
[514.431s][info][gc,start       ] GC(349) Pause Young (Allocation Failure)
[514.433s][info][gc,heap        ] GC(349) PSYoungGen: 689246K->2208K(692224K)
[514.433s][info][gc,heap        ] GC(349) PSOldGen: 118732K->121306K(1398272K)
[514.433s][info][gc,metaspace   ] GC(349) Metaspace: 91317K(98736K)->91317K(98736K) NonClass: 79735K(83888K)->79735K(83888K) Class: 11582K(14848K)->11582K(14848K)
[514.433s][info][gc             ] GC(349) Pause Young (Allocation Failure) 789M->120M(2041M) 2.537ms
[514.433s][info][gc,cpu         ] GC(349) User=0.00s Sys=0.00s Real=0.00s
[516.552s][info][gc,start       ] GC(350) Pause Young (Allocation Failure)
[516.554s][info][gc,heap        ] GC(350) PSYoungGen: 687776K->1871K(692224K)
[516.554s][info][gc,heap        ] GC(350) PSOldGen: 121306K->122831K(1398272K)
[516.554s][info][gc,metaspace   ] GC(350) Metaspace: 91317K(98736K)->91317K(98736K) NonClass: 79735K(83888K)->79735K(83888K) Class: 11582K(14848K)->11582K(14848K)
[516.554s][info][gc             ] GC(350) Pause Young (Allocation Failure) 790M->121M(2041M) 2.204ms
[516.554s][info][gc,cpu         ] GC(350) User=0.00s Sys=0.00s Real=0.00s
[517.184s][info][gc,start       ] GC(351) Pause Young (Allocation Failure)
[517.187s][info][gc,heap        ] GC(351) PSYoungGen: 684323K->6638K(692224K)
[517.187s][info][gc,heap        ] GC(351) PSOldGen: 122831K->126932K(1398272K)
[517.187s][info][gc,metaspace   ] GC(351) Metaspace: 91317K(98736K)->91317K(98736K) NonClass: 79735K(83888K)->79735K(83888K) Class: 11582K(14848K)->11582K(14848K)
[517.187s][info][gc             ] GC(351) Pause Young (Allocation Failure) 788M->130M(2041M) 3.449ms
[517.187s][info][gc,cpu         ] GC(351) User=0.00s Sys=0.00s Real=0.00s
[518.855s][info][gc,start       ] GC(352) Pause Young (Allocation Failure)
[518.858s][info][gc,heap        ] GC(352) PSYoungGen: 691322K->3223K(688128K)
[518.859s][info][gc,heap        ] GC(352) PSOldGen: 126932K->136951K(1398272K)
[518.859s][info][gc,metaspace   ] GC(352) Metaspace: 91317K(98736K)->91317K(98736K) NonClass: 79735K(83888K)->79735K(83888K) Class: 11582K(14848K)->11582K(14848K)
[518.859s][info][gc             ] GC(352) Pause Young (Allocation Failure) 799M->136M(2037M) 3.656ms
[518.859s][info][gc,cpu         ] GC(352) User=0.00s Sys=0.00s Real=0.00s
[521.187s][info][gc,start       ] GC(353) Pause Young (Allocation Failure)
[521.190s][info][gc,heap        ] GC(353) PSYoungGen: 684695K->4743K(690176K)
[521.190s][info][gc,heap        ] GC(353) PSOldGen: 136951K->138725K(1398272K)
[521.190s][info][gc,metaspace   ] GC(353) Metaspace: 91317K(98736K)->91317K(98736K) NonClass: 79735K(83888K)->79735K(83888K) Class: 11582K(14848K)->11582K(14848K)
[521.191s][info][gc             ] GC(353) Pause Young (Allocation Failure) 802M->140M(2039M) 3.048ms
[521.191s][info][gc,cpu         ] GC(353) User=0.08s Sys=0.00s Real=0.00s
[522.862s][info][gc,start       ] GC(354) Pause Young (Allocation Failure)
[522.866s][info][gc,heap        ] GC(354) PSYoungGen: 686215K->5537K(690176K)
[522.866s][info][gc,heap        ] GC(354) PSOldGen: 138725K->140599K(1398272K)
[522.866s][info][gc,metaspace   ] GC(354) Metaspace: 91317K(98736K)->91317K(98736K) NonClass: 79735K(83888K)->79735K(83888K) Class: 11582K(14848K)->11582K(14848K)
[522.866s][info][gc             ] GC(354) Pause Young (Allocation Failure) 805M->142M(2039M) 3.877ms
[522.866s][info][gc,cpu         ] GC(354) User=0.00s Sys=0.00s Real=0.01s
[523.614s][info][gc,start       ] GC(355) Pause Young (Allocation Failure)
[523.617s][info][gc,heap        ] GC(355) PSYoungGen: 687009K->3328K(690176K)
[523.617s][info][gc,heap        ] GC(355) PSOldGen: 140599K->142852K(1398272K)
[523.617s][info][gc,metaspace   ] GC(355) Metaspace: 91317K(98736K)->91317K(98736K) NonClass: 79735K(83888K)->79735K(83888K) Class: 11582K(14848K)->11582K(14848K)
[523.617s][info][gc             ] GC(355) Pause Young (Allocation Failure) 808M->142M(2039M) 2.834ms
[523.617s][info][gc,cpu         ] GC(355) User=0.00s Sys=0.00s Real=0.00s
[526.100s][info][gc,start       ] GC(356) Pause Young (Allocation Failure)
[526.102s][info][gc,heap        ] GC(356) PSYoungGen: 684745K->2463K(690688K)
[526.102s][info][gc,heap        ] GC(356) PSOldGen: 142852K->145306K(1398272K)
[526.102s][info][gc,metaspace   ] GC(356) Metaspace: 91317K(98736K)->91317K(98736K) NonClass: 79735K(83888K)->79735K(83888K) Class: 11582K(14848K)->11582K(14848K)
[526.102s][info][gc             ] GC(356) Pause Young (Allocation Failure) 808M->144M(2040M) 2.468ms
[526.102s][info][gc,cpu         ] GC(356) User=0.00s Sys=0.00s Real=0.00s
[528.297s][info][gc,start       ] GC(357) Pause Young (Allocation Failure)
[528.299s][info][gc,heap        ] GC(357) PSYoungGen: 684959K->2726K(690688K)
[528.299s][info][gc,heap        ] GC(357) PSOldGen: 145306K->147059K(1398272K)
[528.299s][info][gc,metaspace   ] GC(357) Metaspace: 91317K(98736K)->91317K(98736K) NonClass: 79735K(83888K)->79735K(83888K) Class: 11582K(14848K)->11582K(14848K)
[528.299s][info][gc             ] GC(357) Pause Young (Allocation Failure) 810M->146M(2040M) 2.743ms
[528.300s][info][gc,cpu         ] GC(357) User=0.09s Sys=0.00s Real=0.02s
[528.969s][info][gc,start       ] GC(358) Pause Young (Allocation Failure)
[528.973s][info][gc,heap        ] GC(358) PSYoungGen: 683103K->8163K(675328K)
[528.973s][info][gc,heap        ] GC(358) PSOldGen: 147059K->165567K(1398272K)
[528.973s][info][gc,metaspace   ] GC(358) Metaspace: 91317K(98736K)->91317K(98736K) NonClass: 79735K(83888K)->79735K(83888K) Class: 11582K(14848K)->11582K(14848K)
[528.973s][info][gc             ] GC(358) Pause Young (Allocation Failure) 810M->169M(2025M) 4.365ms
[528.973s][info][gc,cpu         ] GC(358) User=0.09s Sys=0.00s Real=0.01s
[530.491s][info][gc,start       ] GC(359) Pause Young (Allocation Failure)
[530.494s][info][gc,heap        ] GC(359) PSYoungGen: 675299K->3041K(683008K)
[530.494s][info][gc,heap        ] GC(359) PSOldGen: 165567K->168959K(1398272K)
[530.494s][info][gc,metaspace   ] GC(359) Metaspace: 91317K(98736K)->91317K(98736K) NonClass: 79735K(83888K)->79735K(83888K) Class: 11582K(14848K)->11582K(14848K)
[530.494s][info][gc             ] GC(359) Pause Young (Allocation Failure) 821M->167M(2032M) 3.295ms
[530.494s][info][gc,cpu         ] GC(359) User=0.00s Sys=0.00s Real=0.01s
[532.724s][info][gc,start       ] GC(360) Pause Young (Allocation Failure)
[532.727s][info][gc,heap        ] GC(360) PSYoungGen: 669669K->2638K(683520K)
[532.727s][info][gc,heap        ] GC(360) PSOldGen: 168959K->170642K(1398272K)
[532.727s][info][gc,metaspace   ] GC(360) Metaspace: 91317K(98736K)->91317K(98736K) NonClass: 79735K(83888K)->79735K(83888K) Class: 11582K(14848K)->11582K(14848K)
[532.727s][info][gc             ] GC(360) Pause Young (Allocation Failure) 818M->169M(2033M) 3.254ms
[532.727s][info][gc,cpu         ] GC(360) User=0.00s Sys=0.00s Real=0.00s
[534.572s][info][gc,start       ] GC(361) Pause Young (Allocation Failure)
[534.574s][info][gc,heap        ] GC(361) PSYoungGen: 670798K->3792K(683520K)
[534.574s][info][gc,heap        ] GC(361) PSOldGen: 170642K->172410K(1398272K)
[534.574s][info][gc,metaspace   ] GC(361) Metaspace: 91317K(98736K)->91317K(98736K) NonClass: 79735K(83888K)->79735K(83888K) Class: 11582K(14848K)->11582K(14848K)
[534.574s][info][gc             ] GC(361) Pause Young (Allocation Failure) 821M->172M(2033M) 2.793ms
[534.574s][info][gc,cpu         ] GC(361) User=0.00s Sys=0.00s Real=0.00s
[535.333s][info][gc,start       ] GC(362) Pause Young (Allocation Failure)
[535.336s][info][gc,heap        ] GC(362) PSYoungGen: 671952K->3101K(685056K)
[535.336s][info][gc,heap        ] GC(362) PSOldGen: 172410K->174531K(1398272K)
[535.336s][info][gc,metaspace   ] GC(362) Metaspace: 91320K(98736K)->91320K(98736K) NonClass: 79738K(83888K)->79738K(83888K) Class: 11582K(14848K)->11582K(14848K)
[535.336s][info][gc             ] GC(362) Pause Young (Allocation Failure) 824M->173M(2034M) 2.812ms
[535.336s][info][gc,cpu         ] GC(362) User=0.00s Sys=0.00s Real=0.00s
[537.513s][info][gc,start       ] GC(363) Pause Young (Allocation Failure)
[537.516s][info][gc,heap        ] GC(363) PSYoungGen: 673821K->4043K(684544K)
[537.516s][info][gc,heap        ] GC(363) PSOldGen: 174531K->177272K(1398272K)
[537.516s][info][gc,metaspace   ] GC(363) Metaspace: 91320K(98736K)->91320K(98736K) NonClass: 79738K(83888K)->79738K(83888K) Class: 11582K(14848K)->11582K(14848K)
[537.516s][info][gc             ] GC(363) Pause Young (Allocation Failure) 828M->177M(2034M) 3.083ms
[537.516s][info][gc,cpu         ] GC(363) User=0.00s Sys=0.00s Real=0.00s
[538.207s][info][gc,start       ] GC(364) Pause Young (Allocation Failure)
[538.211s][info][gc,heap        ] GC(364) PSYoungGen: 671654K->12931K(681472K)
[538.211s][info][gc,heap        ] GC(364) PSOldGen: 177272K->191012K(1398272K)
[538.211s][info][gc,metaspace   ] GC(364) Metaspace: 91320K(98736K)->91320K(98736K) NonClass: 79738K(83888K)->79738K(83888K) Class: 11582K(14848K)->11582K(14848K)
[538.211s][info][gc             ] GC(364) Pause Young (Allocation Failure) 829M->199M(2031M) 4.591ms
[538.211s][info][gc,cpu         ] GC(364) User=0.00s Sys=0.00s Real=0.00s
[539.713s][info][gc,start       ] GC(365) Pause Young (Allocation Failure)
[539.716s][info][gc,heap        ] GC(365) PSYoungGen: 681091K->3089K(683520K)
[539.716s][info][gc,heap        ] GC(365) PSOldGen: 191012K->194138K(1398272K)
[539.716s][info][gc,metaspace   ] GC(365) Metaspace: 91320K(98736K)->91320K(98736K) NonClass: 79738K(83888K)->79738K(83888K) Class: 11582K(14848K)->11582K(14848K)
[539.716s][info][gc             ] GC(365) Pause Young (Allocation Failure) 851M->192M(2033M) 3.127ms
[539.716s][info][gc,cpu         ] GC(365) User=0.00s Sys=0.00s Real=0.00s
[541.350s][info][gc,start       ] GC(366) Pause Young (Allocation Failure)
[541.353s][info][gc,heap        ] GC(366) PSYoungGen: 671249K->2762K(684544K)
[541.353s][info][gc,heap        ] GC(366) PSOldGen: 194138K->196248K(1398272K)
[541.353s][info][gc,metaspace   ] GC(366) Metaspace: 91320K(98736K)->91320K(98736K) NonClass: 79738K(83888K)->79738K(83888K) Class: 11582K(14848K)->11582K(14848K)
[541.353s][info][gc             ] GC(366) Pause Young (Allocation Failure) 845M->194M(2034M) 3.085ms
[541.353s][info][gc,cpu         ] GC(366) User=0.00s Sys=0.00s Real=0.00s
[542.108s][info][gc,start       ] GC(367) Pause Young (Allocation Failure)
[542.111s][info][gc,heap        ] GC(367) PSYoungGen: 672458K->3307K(684032K)
[542.111s][info][gc,heap        ] GC(367) PSOldGen: 196248K->198168K(1398272K)
[542.111s][info][gc,metaspace   ] GC(367) Metaspace: 91320K(98736K)->91320K(98736K) NonClass: 79738K(83888K)->79738K(83888K) Class: 11582K(14848K)->11582K(14848K)
[542.111s][info][gc             ] GC(367) Pause Young (Allocation Failure) 848M->196M(2033M) 2.897ms
[542.111s][info][gc,cpu         ] GC(367) User=0.00s Sys=0.00s Real=0.00s
[544.209s][info][gc,start       ] GC(368) Pause Young (Allocation Failure)
[544.212s][info][gc,heap        ] GC(368) PSYoungGen: 673003K->3093K(685568K)
[544.212s][info][gc,heap        ] GC(368) PSOldGen: 198168K->201127K(1398272K)
[544.212s][info][gc,metaspace   ] GC(368) Metaspace: 91320K(98736K)->91320K(98736K) NonClass: 79738K(83888K)->79738K(83888K) Class: 11582K(14848K)->11582K(14848K)
[544.212s][info][gc             ] GC(368) Pause Young (Allocation Failure) 850M->199M(2035M) 3.154ms
[544.212s][info][gc,cpu         ] GC(368) User=0.00s Sys=0.00s Real=0.00s
[544.816s][info][gc,start       ] GC(369) Pause Young (Allocation Failure)
[544.819s][info][gc,heap        ] GC(369) PSYoungGen: 671867K->7910K(685056K)
[544.819s][info][gc,heap        ] GC(369) PSOldGen: 201127K->203546K(1398272K)
[544.819s][info][gc,metaspace   ] GC(369) Metaspace: 91320K(98736K)->91320K(98736K) NonClass: 79738K(83888K)->79738K(83888K) Class: 11582K(14848K)->11582K(14848K)
[544.819s][info][gc             ] GC(369) Pause Young (Allocation Failure) 852M->206M(2034M) 3.041ms
[544.819s][info][gc,cpu         ] GC(369) User=0.00s Sys=0.00s Real=0.00s
[546.638s][info][gc,start       ] GC(370) Pause Young (Allocation Failure)
[546.641s][info][gc,heap        ] GC(370) PSYoungGen: 679654K->3417K(685568K)
[546.641s][info][gc,heap        ] GC(370) PSOldGen: 203546K->205255K(1398272K)
[546.641s][info][gc,metaspace   ] GC(370) Metaspace: 91320K(98736K)->91320K(98736K) NonClass: 79738K(83888K)->79738K(83888K) Class: 11582K(14848K)->11582K(14848K)
[546.641s][info][gc             ] GC(370) Pause Young (Allocation Failure) 862M->203M(2035M) 2.750ms
[546.641s][info][gc,cpu         ] GC(370) User=0.00s Sys=0.00s Real=0.01s
[548.210s][info][gc,start       ] GC(371) Pause Young (Allocation Failure)
[548.213s][info][gc,heap        ] GC(371) PSYoungGen: 675161K->3837K(685056K)
[548.213s][info][gc,heap        ] GC(371) PSOldGen: 205255K->207518K(1398272K)
[548.213s][info][gc,metaspace   ] GC(371) Metaspace: 91321K(98736K)->91321K(98736K) NonClass: 79739K(83888K)->79739K(83888K) Class: 11582K(14848K)->11582K(14848K)
[548.213s][info][gc             ] GC(371) Pause Young (Allocation Failure) 859M->206M(2034M) 3.060ms
[548.213s][info][gc,cpu         ] GC(371) User=0.00s Sys=0.00s Real=0.00s
[548.479s][info][gc,start       ] GC(372) Pause Young (System.gc())
[548.482s][info][gc,heap        ] GC(372) PSYoungGen: 293506K->480K(686592K)
[548.482s][info][gc,heap        ] GC(372) PSOldGen: 207518K->209531K(1398272K)
[548.482s][info][gc,metaspace   ] GC(372) Metaspace: 91322K(98736K)->91322K(98736K) NonClass: 79740K(83888K)->79740K(83888K) Class: 11582K(14848K)->11582K(14848K)
[548.482s][info][gc             ] GC(372) Pause Young (System.gc()) 489M->205M(2036M) 2.575ms
[548.482s][info][gc,cpu         ] GC(372) User=0.00s Sys=0.00s Real=0.00s
[548.482s][info][gc,start       ] GC(373) Pause Full (System.gc())
[548.484s][info][gc,phases,start] GC(373) Phase 1: Mark live objects
[548.541s][info][gc,phases      ] GC(373) Phase 1: Mark live objects 57.092ms
[548.541s][info][gc,phases,start] GC(373) Phase 2: Compute new object addresses
[548.555s][info][gc,phases      ] GC(373) Phase 2: Compute new object addresses 14.374ms
[548.556s][info][gc,phases,start] GC(373) Phase 3: Adjust pointers
[548.593s][info][gc,phases      ] GC(373) Phase 3: Adjust pointers 37.756ms
[548.593s][info][gc,phases,start] GC(373) Phase 4: Move objects
[548.599s][info][gc,phases      ] GC(373) Phase 4: Move objects 6.025ms
[548.602s][info][gc,heap        ] GC(373) PSYoungGen: 480K->0K(686592K)
[548.602s][info][gc,heap        ] GC(373) PSOldGen: 209531K->153046K(1398272K)
[548.602s][info][gc,metaspace   ] GC(373) Metaspace: 91322K(98736K)->91322K(98736K) NonClass: 79740K(83888K)->79740K(83888K) Class: 11582K(14848K)->11582K(14848K)
[548.602s][info][gc             ] GC(373) Pause Full (System.gc()) 205M->149M(2036M) 119.913ms
[548.602s][info][gc,cpu         ] GC(373) User=0.12s Sys=0.00s Real=0.11s
[549.487s][info][gc,start       ] GC(374) Pause Young (Allocation Failure)
[549.490s][info][gc,heap        ] GC(374) PSYoungGen: 674304K->3538K(686592K)
[549.490s][info][gc,heap        ] GC(374) PSOldGen: 153046K->153046K(1398272K)
[549.490s][info][gc,metaspace   ] GC(374) Metaspace: 91322K(98736K)->91322K(98736K) NonClass: 79740K(83888K)->79740K(83888K) Class: 11582K(14848K)->11582K(14848K)
[549.490s][info][gc             ] GC(374) Pause Young (Allocation Failure) 807M->152M(2036M) 2.548ms
[549.490s][info][gc,cpu         ] GC(374) User=0.00s Sys=0.00s Real=0.01s
[551.752s][info][gc,start       ] GC(375) Pause Young (Allocation Failure)
[551.756s][info][gc,heap        ] GC(375) PSYoungGen: 676832K->3215K(687616K)
[551.756s][info][gc,heap        ] GC(375) PSOldGen: 153046K->156201K(1398272K)
[551.756s][info][gc,metaspace   ] GC(375) Metaspace: 91322K(98736K)->91322K(98736K) NonClass: 79740K(83888K)->79740K(83888K) Class: 11582K(14848K)->11582K(14848K)
[551.756s][info][gc             ] GC(375) Pause Young (Allocation Failure) 810M->155M(2037M) 4.316ms
[551.756s][info][gc,cpu         ] GC(375) User=0.00s Sys=0.00s Real=0.00s
[553.878s][info][gc,start       ] GC(376) Pause Young (Allocation Failure)
[553.881s][info][gc,heap        ] GC(376) PSYoungGen: 679055K->3919K(687104K)
[553.881s][info][gc,heap        ] GC(376) PSOldGen: 156201K->157853K(1398272K)
[553.881s][info][gc,metaspace   ] GC(376) Metaspace: 91324K(98736K)->91324K(98736K) NonClass: 79742K(83888K)->79742K(83888K) Class: 11582K(14848K)->11582K(14848K)
[553.881s][info][gc             ] GC(376) Pause Young (Allocation Failure) 815M->157M(2036M) 2.577ms
[553.881s][info][gc,cpu         ] GC(376) User=0.00s Sys=0.00s Real=0.00s
[554.624s][info][gc,start       ] GC(377) Pause Young (Allocation Failure)
[554.627s][info][gc,heap        ] GC(377) PSYoungGen: 679111K->8275K(686080K)
[554.627s][info][gc,heap        ] GC(377) PSOldGen: 157853K->159320K(1398272K)
[554.627s][info][gc,metaspace   ] GC(377) Metaspace: 91324K(98736K)->91324K(98736K) NonClass: 79742K(83888K)->79742K(83888K) Class: 11582K(14848K)->11582K(14848K)
[554.627s][info][gc             ] GC(377) Pause Young (Allocation Failure) 817M->163M(2035M) 2.925ms
[554.627s][info][gc,cpu         ] GC(377) User=0.06s Sys=0.00s Real=0.00s
[556.042s][info][gc,start       ] GC(378) Pause Young (Allocation Failure)
[556.046s][info][gc,heap        ] GC(378) PSYoungGen: 683603K->4901K(687104K)
[556.046s][info][gc,heap        ] GC(378) PSOldGen: 159320K->162161K(1398272K)
[556.046s][info][gc,metaspace   ] GC(378) Metaspace: 91324K(98736K)->91324K(98736K) NonClass: 79742K(83888K)->79742K(83888K) Class: 11582K(14848K)->11582K(14848K)
[556.046s][info][gc             ] GC(378) Pause Young (Allocation Failure) 823M->163M(2036M) 3.203ms
[556.046s][info][gc,cpu         ] GC(378) User=0.00s Sys=0.00s Real=0.00s
[558.261s][info][gc,start       ] GC(379) Pause Young (Allocation Failure)
[558.264s][info][gc,heap        ] GC(379) PSYoungGen: 680229K->4522K(688640K)
[558.264s][info][gc,heap        ] GC(379) PSOldGen: 162161K->163785K(1398272K)
[558.264s][info][gc,metaspace   ] GC(379) Metaspace: 91332K(98736K)->91332K(98736K) NonClass: 79750K(83888K)->79750K(83888K) Class: 11582K(14848K)->11582K(14848K)
[558.264s][info][gc             ] GC(379) Pause Young (Allocation Failure) 822M->164M(2038M) 2.792ms
[558.264s][info][gc,cpu         ] GC(379) User=0.00s Sys=0.00s Real=0.00s
[560.255s][info][gc,start       ] GC(380) Pause Young (Allocation Failure)
[560.258s][info][gc,heap        ] GC(380) PSYoungGen: 681898K->4113K(687616K)
[560.258s][info][gc,heap        ] GC(380) PSOldGen: 163785K->165671K(1398272K)
[560.258s][info][gc,metaspace   ] GC(380) Metaspace: 91333K(98736K)->91333K(98736K) NonClass: 79751K(83888K)->79751K(83888K) Class: 11582K(14848K)->11582K(14848K)
[560.258s][info][gc             ] GC(380) Pause Young (Allocation Failure) 825M->165M(2037M) 2.872ms
[560.258s][info][gc,cpu         ] GC(380) User=0.00s Sys=0.00s Real=0.00s
[561.012s][info][gc,start       ] GC(381) Pause Young (Allocation Failure)
[561.015s][info][gc,heap        ] GC(381) PSYoungGen: 681489K->3230K(689152K)
[561.015s][info][gc,heap        ] GC(381) PSOldGen: 165671K->167887K(1398272K)
[561.015s][info][gc,metaspace   ] GC(381) Metaspace: 91334K(98736K)->91334K(98736K) NonClass: 79752K(83888K)->79752K(83888K) Class: 11582K(14848K)->11582K(14848K)
[561.015s][info][gc             ] GC(381) Pause Young (Allocation Failure) 827M->167M(2038M) 2.848ms
[561.015s][info][gc,cpu         ] GC(381) User=0.00s Sys=0.00s Real=0.00s
[563.170s][info][gc,start       ] GC(382) Pause Young (Allocation Failure)
[563.173s][info][gc,heap        ] GC(382) PSYoungGen: 682639K->5186K(689152K)
[563.173s][info][gc,heap        ] GC(382) PSOldGen: 167887K->170659K(1398272K)
[563.173s][info][gc,metaspace   ] GC(382) Metaspace: 91334K(98736K)->91334K(98736K) NonClass: 79752K(83888K)->79752K(83888K) Class: 11582K(14848K)->11582K(14848K)
[563.173s][info][gc             ] GC(382) Pause Young (Allocation Failure) 830M->171M(2038M) 2.958ms
[563.173s][info][gc,cpu         ] GC(382) User=0.00s Sys=0.00s Real=0.00s
[565.408s][info][gc,start       ] GC(383) Pause Young (Allocation Failure)
[565.411s][info][gc,heap        ] GC(383) PSYoungGen: 684610K->6610K(688640K)
[565.411s][info][gc,heap        ] GC(383) PSOldGen: 170659K->172030K(1398272K)
[565.411s][info][gc,metaspace   ] GC(383) Metaspace: 91334K(98736K)->91334K(98736K) NonClass: 79752K(83888K)->79752K(83888K) Class: 11582K(14848K)->11582K(14848K)
[565.411s][info][gc             ] GC(383) Pause Young (Allocation Failure) 835M->174M(2038M) 3.214ms
[565.411s][info][gc,cpu         ] GC(383) User=0.00s Sys=0.00s Real=0.00s
[566.354s][info][gc,start       ] GC(384) Pause Young (Allocation Failure)
[566.357s][info][gc,heap        ] GC(384) PSYoungGen: 684461K->4120K(689152K)
[566.357s][info][gc,heap        ] GC(384) PSOldGen: 172030K->174001K(1398272K)
[566.357s][info][gc,metaspace   ] GC(384) Metaspace: 91336K(98736K)->91336K(98736K) NonClass: 79754K(83888K)->79754K(83888K) Class: 11582K(14848K)->11582K(14848K)
[566.357s][info][gc             ] GC(384) Pause Young (Allocation Failure) 836M->173M(2038M) 2.658ms
[566.357s][info][gc,cpu         ] GC(384) User=0.00s Sys=0.00s Real=0.00s
[567.736s][info][gc,start       ] GC(385) Pause Young (Allocation Failure)
[567.739s][info][gc,heap        ] GC(385) PSYoungGen: 683475K->3364K(689664K)
[567.739s][info][gc,heap        ] GC(385) PSOldGen: 174001K->176664K(1398272K)
[567.739s][info][gc,metaspace   ] GC(385) Metaspace: 91336K(98736K)->91336K(98736K) NonClass: 79754K(83888K)->79754K(83888K) Class: 11582K(14848K)->11582K(14848K)
[567.739s][info][gc             ] GC(385) Pause Young (Allocation Failure) 837M->175M(2039M) 3.573ms
[567.739s][info][gc,cpu         ] GC(385) User=0.02s Sys=0.00s Real=0.00s
[569.913s][info][gc,start       ] GC(386) Pause Young (Allocation Failure)
[569.915s][info][gc,heap        ] GC(386) PSYoungGen: 683128K->2673K(689664K)
[569.915s][info][gc,heap        ] GC(386) PSOldGen: 176664K->178742K(1398272K)
[569.915s][info][gc,metaspace   ] GC(386) Metaspace: 91336K(98736K)->91336K(98736K) NonClass: 79754K(83888K)->79754K(83888K) Class: 11582K(14848K)->11582K(14848K)
[569.915s][info][gc             ] GC(386) Pause Young (Allocation Failure) 839M->177M(2039M) 2.761ms
[569.916s][info][gc,cpu         ] GC(386) User=0.00s Sys=0.00s Real=0.00s
[571.858s][info][gc,start       ] GC(387) Pause Young (Allocation Failure)
[571.862s][info][gc,heap        ] GC(387) PSYoungGen: 683121K->8674K(687616K)
[571.863s][info][gc,heap        ] GC(387) PSOldGen: 178742K->180552K(1398272K)
[571.863s][info][gc,metaspace   ] GC(387) Metaspace: 91336K(98736K)->91336K(98736K) NonClass: 79754K(83888K)->79754K(83888K) Class: 11582K(14848K)->11582K(14848K)
[571.863s][info][gc             ] GC(387) Pause Young (Allocation Failure) 841M->184M(2037M) 4.411ms
[571.863s][info][gc,cpu         ] GC(387) User=0.09s Sys=0.00s Real=0.00s
[572.649s][info][gc,start       ] GC(388) Pause Young (Allocation Failure)
[572.654s][info][gc,heap        ] GC(388) PSYoungGen: 686636K->3995K(688640K)
[572.654s][info][gc,heap        ] GC(388) PSOldGen: 180552K->182858K(1398272K)
[572.654s][info][gc,metaspace   ] GC(388) Metaspace: 91337K(98736K)->91337K(98736K) NonClass: 79755K(83888K)->79755K(83888K) Class: 11582K(14848K)->11582K(14848K)
[572.654s][info][gc             ] GC(388) Pause Young (Allocation Failure) 846M->182M(2038M) 4.294ms
[572.654s][info][gc,cpu         ] GC(388) User=0.00s Sys=0.00s Real=0.00s
[574.844s][info][gc,start       ] GC(389) Pause Young (GCLocker Initiated GC)
[574.848s][info][gc,heap        ] GC(389) PSYoungGen: 682395K->4184K(689664K)
[574.848s][info][gc,heap        ] GC(389) PSOldGen: 182874K->185635K(1398272K)
[574.848s][info][gc,metaspace   ] GC(389) Metaspace: 91337K(98736K)->91337K(98736K) NonClass: 79755K(83888K)->79755K(83888K) Class: 11582K(14848K)->11582K(14848K)
[574.848s][info][gc             ] GC(389) Pause Young (GCLocker Initiated GC) 844M->185M(2039M) 3.659ms
[574.848s][info][gc,cpu         ] GC(389) User=0.05s Sys=0.02s Real=0.00s
[575.629s][info][gc,start       ] GC(390) Pause Young (Allocation Failure)
[575.634s][info][gc,heap        ] GC(390) PSYoungGen: 684120K->5141K(689152K)
[575.635s][info][gc,heap        ] GC(390) PSOldGen: 275908K->277360K(1398272K)
[575.635s][info][gc,metaspace   ] GC(390) Metaspace: 91337K(98736K)->91337K(98736K) NonClass: 79755K(83888K)->79755K(83888K) Class: 11582K(14848K)->11582K(14848K)
[575.635s][info][gc             ] GC(390) Pause Young (Allocation Failure) 937M->275M(2038M) 5.627ms
[575.635s][info][gc,cpu         ] GC(390) User=0.00s Sys=0.00s Real=0.01s
[577.418s][info][gc,start       ] GC(391) Pause Young (GCLocker Initiated GC)
[577.422s][info][gc,heap        ] GC(391) PSYoungGen: 685077K->3454K(690176K)
[577.422s][info][gc,heap        ] GC(391) PSOldGen: 277362K->280328K(1398272K)
[577.422s][info][gc,metaspace   ] GC(391) Metaspace: 91337K(98736K)->91337K(98736K) NonClass: 79755K(83888K)->79755K(83888K) Class: 11582K(14848K)->11582K(14848K)
[577.422s][info][gc             ] GC(391) Pause Young (GCLocker Initiated GC) 939M->277M(2039M) 3.436ms
[577.422s][info][gc,cpu         ] GC(391) User=0.00s Sys=0.00s Real=0.00s
[578.822s][info][gc,start       ] GC(392) Pause Young (Allocation Failure)
[578.825s][info][gc,heap        ] GC(392) PSYoungGen: 684414K->3417K(689664K)
[578.825s][info][gc,heap        ] GC(392) PSOldGen: 280330K->282672K(1398272K)
[578.825s][info][gc,metaspace   ] GC(392) Metaspace: 91338K(98736K)->91338K(98736K) NonClass: 79756K(83888K)->79756K(83888K) Class: 11582K(14848K)->11582K(14848K)
[578.825s][info][gc             ] GC(392) Pause Young (Allocation Failure) 942M->279M(2039M) 3.093ms
[578.825s][info][gc,cpu         ] GC(392) User=0.00s Sys=0.00s Real=0.01s
[579.672s][info][gc,start       ] GC(393) Pause Young (GCLocker Initiated GC)
[579.676s][info][gc,heap        ] GC(393) PSYoungGen: 684377K->3685K(690176K)
[579.676s][info][gc,heap        ] GC(393) PSOldGen: 282672K->285153K(1398272K)
[579.676s][info][gc,metaspace   ] GC(393) Metaspace: 91338K(98736K)->91338K(98736K) NonClass: 79756K(83888K)->79756K(83888K) Class: 11582K(14848K)->11582K(14848K)
[579.676s][info][gc             ] GC(393) Pause Young (GCLocker Initiated GC) 944M->282M(2039M) 3.244ms
[579.676s][info][gc,cpu         ] GC(393) User=0.08s Sys=0.00s Real=0.02s
[581.768s][info][gc,start       ] GC(394) Pause Young (Allocation Failure)
[581.771s][info][gc,heap        ] GC(394) PSYoungGen: 685157K->4095K(690176K)
[581.771s][info][gc,heap        ] GC(394) PSOldGen: 285155K->287830K(1398272K)
[581.772s][info][gc,metaspace   ] GC(394) Metaspace: 91338K(98736K)->91338K(98736K) NonClass: 79756K(83888K)->79756K(83888K) Class: 11582K(14848K)->11582K(14848K)
[581.772s][info][gc             ] GC(394) Pause Young (Allocation Failure) 947M->285M(2039M) 3.144ms
[581.772s][info][gc,cpu         ] GC(394) User=0.00s Sys=0.00s Real=0.00s
[582.290s][info][gc,start       ] GC(395) Pause Young (Allocation Failure)
[582.293s][info][gc,heap        ] GC(395) PSYoungGen: 685567K->3916K(691200K)
[582.293s][info][gc,heap        ] GC(395) PSOldGen: 287830K->290527K(1398272K)
[582.293s][info][gc,metaspace   ] GC(395) Metaspace: 91339K(98736K)->91339K(98736K) NonClass: 79757K(83888K)->79757K(83888K) Class: 11582K(14848K)->11582K(14848K)
[582.293s][info][gc             ] GC(395) Pause Young (Allocation Failure) 950M->287M(2040M) 2.846ms
[582.293s][info][gc,cpu         ] GC(395) User=0.00s Sys=0.00s Real=0.00s
[584.690s][info][gc,start       ] GC(396) Pause Young (Allocation Failure)
[584.693s][info][gc,heap        ] GC(396) PSYoungGen: 686924K->4298K(690688K)
[584.693s][info][gc,heap        ] GC(396) PSOldGen: 290527K->292691K(1398272K)
[584.693s][info][gc,metaspace   ] GC(396) Metaspace: 91339K(98736K)->91339K(98736K) NonClass: 79757K(83888K)->79757K(83888K) Class: 11582K(14848K)->11582K(14848K)
[584.693s][info][gc             ] GC(396) Pause Young (Allocation Failure) 954M->290M(2040M) 3.098ms
[584.693s][info][gc,cpu         ] GC(396) User=0.00s Sys=0.00s Real=0.00s
[585.734s][info][gc,start       ] GC(397) Pause Young (Allocation Failure)
[585.738s][info][gc,heap        ] GC(397) PSYoungGen: 686950K->5772K(691200K)
[585.738s][info][gc,heap        ] GC(397) PSOldGen: 292691K->294557K(1398272K)
[585.738s][info][gc,metaspace   ] GC(397) Metaspace: 91339K(98736K)->91339K(98736K) NonClass: 79757K(83888K)->79757K(83888K) Class: 11582K(14848K)->11582K(14848K)
[585.738s][info][gc             ] GC(397) Pause Young (Allocation Failure) 956M->293M(2040M) 3.120ms
[585.738s][info][gc,cpu         ] GC(397) User=0.08s Sys=0.02s Real=0.00s
[585.824s][info][gc,start       ] GC(398) Pause Young (System.gc())
[585.826s][info][gc,heap        ] GC(398) PSYoungGen: 141850K->416K(684032K)
[585.826s][info][gc,heap        ] GC(398) PSOldGen: 294557K->296445K(1398272K)
[585.826s][info][gc,metaspace   ] GC(398) Metaspace: 91340K(98736K)->91340K(98736K) NonClass: 79757K(83888K)->79757K(83888K) Class: 11582K(14848K)->11582K(14848K)
[585.826s][info][gc             ] GC(398) Pause Young (System.gc()) 426M->289M(2033M) 2.556ms
[585.826s][info][gc,cpu         ] GC(398) User=0.00s Sys=0.00s Real=0.00s
[585.827s][info][gc,start       ] GC(399) Pause Full (System.gc())
[585.830s][info][gc,phases,start] GC(399) Phase 1: Mark live objects
[585.888s][info][gc,phases      ] GC(399) Phase 1: Mark live objects 57.296ms
[585.888s][info][gc,phases,start] GC(399) Phase 2: Compute new object addresses
[585.902s][info][gc,phases      ] GC(399) Phase 2: Compute new object addresses 14.790ms
[585.902s][info][gc,phases,start] GC(399) Phase 3: Adjust pointers
[585.940s][info][gc,phases      ] GC(399) Phase 3: Adjust pointers 37.796ms
[585.940s][info][gc,phases,start] GC(399) Phase 4: Move objects
[585.948s][info][gc,phases      ] GC(399) Phase 4: Move objects 7.786ms
[585.951s][info][gc,heap        ] GC(399) PSYoungGen: 416K->0K(684032K)
[585.951s][info][gc,heap        ] GC(399) PSOldGen: 296445K->153500K(1398272K)
[585.951s][info][gc,metaspace   ] GC(399) Metaspace: 91340K(98736K)->91340K(98736K) NonClass: 79757K(83888K)->79757K(83888K) Class: 11582K(14848K)->11582K(14848K)
[585.951s][info][gc             ] GC(399) Pause Full (System.gc()) 289M->149M(2033M) 124.241ms
[585.951s][info][gc,cpu         ] GC(399) User=0.12s Sys=0.00s Real=0.12s
[586.827s][info][gc,start       ] GC(400) Pause Young (Allocation Failure)
[586.830s][info][gc,heap        ] GC(400) PSYoungGen: 683520K->3677K(691200K)
[586.830s][info][gc,heap        ] GC(400) PSOldGen: 153500K->153500K(1398272K)
[586.830s][info][gc,metaspace   ] GC(400) Metaspace: 91340K(98736K)->91340K(98736K) NonClass: 79757K(83888K)->79757K(83888K) Class: 11582K(14848K)->11582K(14848K)
[586.830s][info][gc             ] GC(400) Pause Young (Allocation Failure) 817M->153M(2040M) 2.519ms
[586.830s][info][gc,cpu         ] GC(400) User=0.06s Sys=0.00s Real=0.00s
[589.151s][info][gc,start       ] GC(401) Pause Young (Allocation Failure)
[589.154s][info][gc,heap        ] GC(401) PSYoungGen: 686685K->2186K(690688K)
[589.154s][info][gc,heap        ] GC(401) PSOldGen: 153500K->156075K(1398272K)
[589.154s][info][gc,metaspace   ] GC(401) Metaspace: 91341K(98736K)->91341K(98736K) NonClass: 79759K(83888K)->79759K(83888K) Class: 11582K(14848K)->11582K(14848K)
[589.154s][info][gc             ] GC(401) Pause Young (Allocation Failure) 820M->154M(2040M) 2.399ms
[589.154s][info][gc,cpu         ] GC(401) User=0.00s Sys=0.00s Real=0.00s
[591.323s][info][gc,start       ] GC(402) Pause Young (Allocation Failure)
[591.326s][info][gc,heap        ] GC(402) PSYoungGen: 684594K->3262K(691200K)
[591.326s][info][gc,heap        ] GC(402) PSOldGen: 156075K->157609K(1398272K)
[591.326s][info][gc,metaspace   ] GC(402) Metaspace: 91341K(98736K)->91341K(98736K) NonClass: 79759K(83888K)->79759K(83888K) Class: 11582K(14848K)->11582K(14848K)
[591.326s][info][gc             ] GC(402) Pause Young (Allocation Failure) 820M->157M(2040M) 2.648ms
[591.326s][info][gc,cpu         ] GC(402) User=0.00s Sys=0.00s Real=0.00s
[591.967s][info][gc,start       ] GC(403) Pause Young (Allocation Failure)
[591.970s][info][gc,heap        ] GC(403) PSYoungGen: 685806K->4997K(691200K)
[591.970s][info][gc,heap        ] GC(403) PSOldGen: 157609K->163253K(1398272K)
[591.970s][info][gc,metaspace   ] GC(403) Metaspace: 91341K(98736K)->91341K(98736K) NonClass: 79759K(83888K)->79759K(83888K) Class: 11582K(14848K)->11582K(14848K)
[591.970s][info][gc             ] GC(403) Pause Young (Allocation Failure) 823M->164M(2040M) 3.530ms
[591.970s][info][gc,cpu         ] GC(403) User=0.00s Sys=0.00s Real=0.00s
[593.591s][info][gc,start       ] GC(404) Pause Young (Allocation Failure)
[593.594s][info][gc,heap        ] GC(404) PSYoungGen: 688517K->5626K(691200K)
[593.594s][info][gc,heap        ] GC(404) PSOldGen: 163253K->166075K(1398272K)
[593.594s][info][gc,metaspace   ] GC(404) Metaspace: 91341K(98736K)->91341K(98736K) NonClass: 79759K(83888K)->79759K(83888K) Class: 11582K(14848K)->11582K(14848K)
[593.594s][info][gc             ] GC(404) Pause Young (Allocation Failure) 831M->167M(2040M) 3.024ms
[593.594s][info][gc,cpu         ] GC(404) User=0.00s Sys=0.00s Real=0.00s
[595.981s][info][gc,start       ] GC(405) Pause Young (Allocation Failure)
[595.984s][info][gc,heap        ] GC(405) PSYoungGen: 689146K->3670K(691200K)
[595.984s][info][gc,heap        ] GC(405) PSOldGen: 166075K->167777K(1398272K)
[595.984s][info][gc,metaspace   ] GC(405) Metaspace: 91341K(98736K)->91341K(98736K) NonClass: 79759K(83888K)->79759K(83888K) Class: 11582K(14848K)->11582K(14848K)
[595.984s][info][gc             ] GC(405) Pause Young (Allocation Failure) 835M->167M(2040M) 2.545ms
[595.984s][info][gc,cpu         ] GC(405) User=0.00s Sys=0.00s Real=0.00s
[597.648s][info][gc,start       ] GC(406) Pause Young (Allocation Failure)
[597.652s][info][gc,heap        ] GC(406) PSYoungGen: 687190K->6657K(690176K)
[597.652s][info][gc,heap        ] GC(406) PSOldGen: 167777K->169625K(1398272K)
[597.652s][info][gc,metaspace   ] GC(406) Metaspace: 91341K(98736K)->91341K(98736K) NonClass: 79759K(83888K)->79759K(83888K) Class: 11582K(14848K)->11582K(14848K)
[597.652s][info][gc             ] GC(406) Pause Young (Allocation Failure) 834M->172M(2039M) 3.995ms
[597.652s][info][gc,cpu         ] GC(406) User=0.00s Sys=0.00s Real=0.00s
[598.388s][info][gc,start       ] GC(407) Pause Young (Allocation Failure)
[598.391s][info][gc,heap        ] GC(407) PSYoungGen: 689153K->3550K(690688K)
[598.391s][info][gc,heap        ] GC(407) PSOldGen: 169625K->171804K(1398272K)
[598.391s][info][gc,metaspace   ] GC(407) Metaspace: 91341K(98736K)->91341K(98736K) NonClass: 79759K(83888K)->79759K(83888K) Class: 11582K(14848K)->11582K(14848K)
[598.391s][info][gc             ] GC(407) Pause Young (Allocation Failure) 838M->171M(2040M) 2.759ms
[598.391s][info][gc,cpu         ] GC(407) User=0.00s Sys=0.00s Real=0.00s
[600.860s][info][gc,start       ] GC(408) Pause Young (GCLocker Initiated GC)
[600.862s][info][gc,heap        ] GC(408) PSYoungGen: 686046K->2399K(690688K)
[600.862s][info][gc,heap        ] GC(408) PSOldGen: 171825K->174302K(1398272K)
[600.862s][info][gc,metaspace   ] GC(408) Metaspace: 91341K(98736K)->91341K(98736K) NonClass: 79759K(83888K)->79759K(83888K) Class: 11582K(14848K)->11582K(14848K)
[600.862s][info][gc             ] GC(408) Pause Young (GCLocker Initiated GC) 837M->172M(2040M) 2.633ms
[600.862s][info][gc,cpu         ] GC(408) User=0.08s Sys=0.00s Real=0.00s
[603.047s][info][gc,start       ] GC(409) Pause Young (Allocation Failure)
[603.050s][info][gc,heap        ] GC(409) PSYoungGen: 684895K->2438K(690688K)
[603.050s][info][gc,heap        ] GC(409) PSOldGen: 174304K->175993K(1398272K)
[603.050s][info][gc,metaspace   ] GC(409) Metaspace: 91344K(98736K)->91344K(98736K) NonClass: 79762K(83888K)->79762K(83888K) Class: 11582K(14848K)->11582K(14848K)
[603.050s][info][gc             ] GC(409) Pause Young (Allocation Failure) 839M->174M(2040M) 2.440ms
[603.050s][info][gc,cpu         ] GC(409) User=0.08s Sys=0.00s Real=0.00s
[603.721s][info][gc,start       ] GC(410) Pause Young (Allocation Failure)
[603.725s][info][gc,heap        ] GC(410) PSYoungGen: 684210K->7651K(674816K)
[603.725s][info][gc,heap        ] GC(410) PSOldGen: 175993K->194989K(1398272K)
[603.725s][info][gc,metaspace   ] GC(410) Metaspace: 91344K(98736K)->91344K(98736K) NonClass: 79762K(83888K)->79762K(83888K) Class: 11582K(14848K)->11582K(14848K)
[603.725s][info][gc             ] GC(410) Pause Young (Allocation Failure) 840M->197M(2024M) 4.506ms
[603.726s][info][gc,cpu         ] GC(410) User=0.00s Sys=0.00s Real=0.00s
[605.231s][info][gc,start       ] GC(411) Pause Young (Allocation Failure)
[605.234s][info][gc,heap        ] GC(411) PSYoungGen: 674787K->7050K(683008K)
[605.234s][info][gc,heap        ] GC(411) PSOldGen: 194989K->198197K(1398272K)
[605.234s][info][gc,metaspace   ] GC(411) Metaspace: 91344K(98736K)->91344K(98736K) NonClass: 79762K(83888K)->79762K(83888K) Class: 11582K(14848K)->11582K(14848K)
[605.234s][info][gc             ] GC(411) Pause Young (Allocation Failure) 849M->200M(2032M) 3.060ms
[605.234s][info][gc,cpu         ] GC(411) User=0.00s Sys=0.00s Real=0.00s
[607.491s][info][gc,start       ] GC(412) Pause Young (Allocation Failure)
[607.495s][info][gc,heap        ] GC(412) PSYoungGen: 674077K->2704K(684032K)
[607.495s][info][gc,heap        ] GC(412) PSOldGen: 198197K->204013K(1398272K)
[607.495s][info][gc,metaspace   ] GC(412) Metaspace: 91344K(98736K)->91344K(98736K) NonClass: 79762K(83888K)->79762K(83888K) Class: 11582K(14848K)->11582K(14848K)
[607.495s][info][gc             ] GC(412) Pause Young (Allocation Failure) 851M->201M(2033M) 3.568ms
[607.495s][info][gc,cpu         ] GC(412) User=0.00s Sys=0.00s Real=0.00s
[609.345s][info][gc,start       ] GC(413) Pause Young (Allocation Failure)
[609.348s][info][gc,heap        ] GC(413) PSYoungGen: 671376K->4020K(683520K)
[609.348s][info][gc,heap        ] GC(413) PSOldGen: 204013K->205752K(1398272K)
[609.348s][info][gc,metaspace   ] GC(413) Metaspace: 91345K(98736K)->91345K(98736K) NonClass: 79763K(83888K)->79763K(83888K) Class: 11582K(14848K)->11582K(14848K)
[609.348s][info][gc             ] GC(413) Pause Young (Allocation Failure) 854M->204M(2033M) 3.280ms
[609.348s][info][gc,cpu         ] GC(413) User=0.02s Sys=0.00s Real=0.00s
[610.105s][info][gc,start       ] GC(414) Pause Young (Allocation Failure)
[610.107s][info][gc,heap        ] GC(414) PSYoungGen: 672692K->3179K(685056K)
[610.108s][info][gc,heap        ] GC(414) PSOldGen: 205752K->207848K(1398272K)
[610.108s][info][gc,metaspace   ] GC(414) Metaspace: 91345K(98736K)->91345K(98736K) NonClass: 79763K(83888K)->79763K(83888K) Class: 11582K(14848K)->11582K(14848K)
[610.108s][info][gc             ] GC(414) Pause Young (Allocation Failure) 857M->206M(2034M) 2.630ms
[610.108s][info][gc,cpu         ] GC(414) User=0.00s Sys=0.00s Real=0.00s
[612.308s][info][gc,start       ] GC(415) Pause Young (GCLocker Initiated GC)
[612.311s][info][gc,heap        ] GC(415) PSYoungGen: 673899K->3981K(684544K)
[612.311s][info][gc,heap        ] GC(415) PSOldGen: 207875K->210578K(1398272K)
[612.311s][info][gc,metaspace   ] GC(415) Metaspace: 91345K(98736K)->91345K(98736K) NonClass: 79763K(83888K)->79763K(83888K) Class: 11582K(14848K)->11582K(14848K)
[612.311s][info][gc             ] GC(415) Pause Young (GCLocker Initiated GC) 861M->209M(2034M) 2.749ms
[612.311s][info][gc,cpu         ] GC(415) User=0.00s Sys=0.00s Real=0.00s
[613.004s][info][gc,start       ] GC(416) Pause Young (Allocation Failure)
[613.007s][info][gc,heap        ] GC(416) PSYoungGen: 674701K->5446K(686080K)
[613.007s][info][gc,heap        ] GC(416) PSOldGen: 280342K->281778K(1398272K)
[613.007s][info][gc,metaspace   ] GC(416) Metaspace: 91345K(98736K)->91345K(98736K) NonClass: 79763K(83888K)->79763K(83888K) Class: 11582K(14848K)->11582K(14848K)
[613.007s][info][gc             ] GC(416) Pause Young (Allocation Failure) 932M->280M(2035M) 3.571ms
[613.007s][info][gc,cpu         ] GC(416) User=0.00s Sys=0.00s Real=0.00s
[614.788s][info][gc,start       ] GC(417) Pause Young (Allocation Failure)
[614.791s][info][gc,heap        ] GC(417) PSYoungGen: 676605K->2792K(685568K)
[614.791s][info][gc,heap        ] GC(417) PSOldGen: 281778K->284784K(1398272K)
[614.791s][info][gc,metaspace   ] GC(417) Metaspace: 91346K(98736K)->91346K(98736K) NonClass: 79763K(83888K)->79763K(83888K) Class: 11582K(14848K)->11582K(14848K)
[614.791s][info][gc             ] GC(417) Pause Young (Allocation Failure) 935M->280M(2035M) 3.030ms
[614.791s][info][gc,cpu         ] GC(417) User=0.00s Sys=0.00s Real=0.01s
[616.208s][info][gc,start       ] GC(418) Pause Young (Allocation Failure)
[616.211s][info][gc,heap        ] GC(418) PSYoungGen: 672580K->3994K(687104K)
[616.211s][info][gc,heap        ] GC(418) PSOldGen: 284784K->287012K(1398272K)
[616.211s][info][gc,metaspace   ] GC(418) Metaspace: 91346K(98736K)->91346K(98736K) NonClass: 79763K(83888K)->79763K(83888K) Class: 11582K(14848K)->11582K(14848K)
[616.211s][info][gc             ] GC(418) Pause Young (Allocation Failure) 934M->284M(2036M) 3.333ms
[616.211s][info][gc,cpu         ] GC(418) User=0.00s Sys=0.00s Real=0.00s
[616.972s][info][gc,start       ] GC(419) Pause Young (Allocation Failure)
[616.975s][info][gc,heap        ] GC(419) PSYoungGen: 678810K->3842K(686592K)
[616.975s][info][gc,heap        ] GC(419) PSOldGen: 287012K->289090K(1398272K)
[616.975s][info][gc,metaspace   ] GC(419) Metaspace: 91347K(98736K)->91347K(98736K) NonClass: 79764K(83888K)->79764K(83888K) Class: 11582K(14848K)->11582K(14848K)
[616.975s][info][gc             ] GC(419) Pause Young (Allocation Failure) 943M->286M(2036M) 3.089ms
[616.975s][info][gc,cpu         ] GC(419) User=0.00s Sys=0.00s Real=0.01s
[619.102s][info][gc,start       ] GC(420) Pause Young (Allocation Failure)
[619.105s][info][gc,heap        ] GC(420) PSYoungGen: 678658K->4208K(688128K)
[619.105s][info][gc,heap        ] GC(420) PSOldGen: 289090K->292043K(1398272K)
[619.105s][info][gc,metaspace   ] GC(420) Metaspace: 91347K(98736K)->91347K(98736K) NonClass: 79764K(83888K)->79764K(83888K) Class: 11582K(14848K)->11582K(14848K)
[619.105s][info][gc             ] GC(420) Pause Young (Allocation Failure) 945M->289M(2037M) 3.223ms
[619.105s][info][gc,cpu         ] GC(420) User=0.00s Sys=0.00s Real=0.01s
[619.716s][info][gc,start       ] GC(421) Pause Young (Allocation Failure)
[619.719s][info][gc,heap        ] GC(421) PSYoungGen: 681072K->4053K(687616K)
[619.719s][info][gc,heap        ] GC(421) PSOldGen: 292043K->294452K(1398272K)
[619.719s][info][gc,metaspace   ] GC(421) Metaspace: 91351K(98736K)->91351K(98736K) NonClass: 79769K(83888K)->79769K(83888K) Class: 11582K(14848K)->11582K(14848K)
[619.719s][info][gc             ] GC(421) Pause Young (Allocation Failure) 950M->291M(2037M) 2.755ms
[619.719s][info][gc,cpu         ] GC(421) User=0.00s Sys=0.00s Real=0.00s
[621.812s][info][gc,start       ] GC(422) Pause Young (Allocation Failure)
[621.815s][info][gc,heap        ] GC(422) PSYoungGen: 680086K->2825K(688640K)
[621.815s][info][gc,heap        ] GC(422) PSOldGen: 294452K->296513K(1398272K)
[621.815s][info][gc,metaspace   ] GC(422) Metaspace: 91354K(98736K)->91354K(98736K) NonClass: 79771K(83888K)->79771K(83888K) Class: 11582K(14848K)->11582K(14848K)
[621.815s][info][gc             ] GC(422) Pause Young (Allocation Failure) 951M->292M(2038M) 3.133ms
[621.815s][info][gc,cpu         ] GC(422) User=0.08s Sys=0.00s Real=0.01s
[623.137s][info][gc,start       ] GC(423) Pause Young (Allocation Failure)
[623.141s][info][gc,heap        ] GC(423) PSYoungGen: 681225K->5508K(688640K)
[623.141s][info][gc,heap        ] GC(423) PSOldGen: 296513K->298429K(1398272K)
[623.141s][info][gc,metaspace   ] GC(423) Metaspace: 91363K(98736K)->91363K(98736K) NonClass: 79780K(83888K)->79780K(83888K) Class: 11583K(14848K)->11583K(14848K)
[623.141s][info][gc             ] GC(423) Pause Young (Allocation Failure) 954M->296M(2038M) 4.375ms
[623.141s][info][gc,cpu         ] GC(423) User=0.00s Sys=0.00s Real=0.00s
[623.250s][info][gc,start       ] GC(424) Pause Young (System.gc())
[623.252s][info][gc,heap        ] GC(424) PSYoungGen: 189314K->448K(688640K)
[623.252s][info][gc,heap        ] GC(424) PSOldGen: 298429K->300474K(1398272K)
[623.252s][info][gc,metaspace   ] GC(424) Metaspace: 91366K(98736K)->91366K(98736K) NonClass: 79783K(83888K)->79783K(83888K) Class: 11583K(14848K)->11583K(14848K)
[623.252s][info][gc             ] GC(424) Pause Young (System.gc()) 476M->293M(2038M) 2.515ms
[623.252s][info][gc,cpu         ] GC(424) User=0.06s Sys=0.02s Real=0.00s
[623.253s][info][gc,start       ] GC(425) Pause Full (System.gc())
[623.254s][info][gc,phases,start] GC(425) Phase 1: Mark live objects
[623.310s][info][gc,phases      ] GC(425) Phase 1: Mark live objects 56.401ms
[623.311s][info][gc,phases,start] GC(425) Phase 2: Compute new object addresses
[623.325s][info][gc,phases      ] GC(425) Phase 2: Compute new object addresses 14.438ms
[623.325s][info][gc,phases,start] GC(425) Phase 3: Adjust pointers
[623.363s][info][gc,phases      ] GC(425) Phase 3: Adjust pointers 37.844ms
[623.363s][info][gc,phases,start] GC(425) Phase 4: Move objects
[623.375s][info][gc,phases      ] GC(425) Phase 4: Move objects 11.873ms
[623.377s][info][gc,heap        ] GC(425) PSYoungGen: 448K->0K(688640K)
[623.377s][info][gc,heap        ] GC(425) PSOldGen: 300474K->83821K(1398272K)
[623.377s][info][gc,metaspace   ] GC(425) Metaspace: 91366K(98736K)->91366K(98736K) NonClass: 79783K(83888K)->79783K(83888K) Class: 11583K(14848K)->11583K(14848K)
[623.377s][info][gc             ] GC(425) Pause Full (System.gc()) 293M->81M(2038M) 124.736ms
[623.377s][info][gc,cpu         ] GC(425) User=0.12s Sys=0.00s Real=0.12s
[624.269s][info][gc,start       ] GC(426) Pause Young (Allocation Failure)
[624.271s][info][gc,heap        ] GC(426) PSYoungGen: 678400K->3613K(688640K)
[624.271s][info][gc,heap        ] GC(426) PSOldGen: 83821K->83821K(1398272K)
[624.271s][info][gc,metaspace   ] GC(426) Metaspace: 91366K(98736K)->91366K(98736K) NonClass: 79783K(83888K)->79783K(83888K) Class: 11583K(14848K)->11583K(14848K)
[624.271s][info][gc             ] GC(426) Pause Young (Allocation Failure) 744M->85M(2038M) 2.499ms
[624.271s][info][gc,cpu         ] GC(426) User=0.00s Sys=0.00s Real=0.00s
[626.650s][info][gc,start       ] GC(427) Pause Young (Allocation Failure)
[626.652s][info][gc,heap        ] GC(427) PSYoungGen: 682013K->6361K(688128K)
[626.652s][info][gc,heap        ] GC(427) PSOldGen: 83821K->86974K(1398272K)
[626.652s][info][gc,metaspace   ] GC(427) Metaspace: 91366K(98736K)->91366K(98736K) NonClass: 79783K(83888K)->79783K(83888K) Class: 11583K(14848K)->11583K(14848K)
[626.652s][info][gc             ] GC(427) Pause Young (Allocation Failure) 747M->91M(2037M) 2.706ms
[626.652s][info][gc,cpu         ] GC(427) User=0.00s Sys=0.00s Real=0.00s
[628.777s][info][gc,start       ] GC(428) Pause Young (Allocation Failure)
[628.779s][info][gc,heap        ] GC(428) PSYoungGen: 684761K->3440K(688640K)
[628.779s][info][gc,heap        ] GC(428) PSOldGen: 86974K->88648K(1398272K)
[628.779s][info][gc,metaspace   ] GC(428) Metaspace: 91366K(98736K)->91366K(98736K) NonClass: 79783K(83888K)->79783K(83888K) Class: 11583K(14848K)->11583K(14848K)
[628.779s][info][gc             ] GC(428) Pause Young (Allocation Failure) 753M->89M(2038M) 2.594ms
[628.779s][info][gc,cpu         ] GC(428) User=0.00s Sys=0.00s Real=0.00s
[629.444s][info][gc,start       ] GC(429) Pause Young (Allocation Failure)
[629.447s][info][gc,heap        ] GC(429) PSYoungGen: 681014K->4917K(689664K)
[629.447s][info][gc,heap        ] GC(429) PSOldGen: 88648K->90196K(1398272K)
[629.447s][info][gc,metaspace   ] GC(429) Metaspace: 91366K(98736K)->91366K(98736K) NonClass: 79783K(83888K)->79783K(83888K) Class: 11583K(14848K)->11583K(14848K)
[629.447s][info][gc             ] GC(429) Pause Young (Allocation Failure) 751M->92M(2039M) 2.696ms
[629.447s][info][gc,cpu         ] GC(429) User=0.00s Sys=0.00s Real=0.00s
[630.977s][info][gc,start       ] GC(430) Pause Young (Allocation Failure)
[630.980s][info][gc,heap        ] GC(430) PSYoungGen: 684853K->4832K(689152K)
[630.980s][info][gc,heap        ] GC(430) PSOldGen: 90196K->93043K(1398272K)
[630.980s][info][gc,metaspace   ] GC(430) Metaspace: 91366K(98736K)->91366K(98736K) NonClass: 79783K(83888K)->79783K(83888K) Class: 11583K(14848K)->11583K(14848K)
[630.980s][info][gc             ] GC(430) Pause Young (Allocation Failure) 756M->95M(2038M) 2.993ms
[630.980s][info][gc,cpu         ] GC(430) User=0.00s Sys=0.00s Real=0.00s
[633.344s][info][gc,start       ] GC(431) Pause Young (GCLocker Initiated GC)
[633.347s][info][gc,heap        ] GC(431) PSYoungGen: 684768K->6042K(689664K)
[633.347s][info][gc,heap        ] GC(431) PSOldGen: 93139K->94812K(1398272K)
[633.347s][info][gc,metaspace   ] GC(431) Metaspace: 91366K(98736K)->91366K(98736K) NonClass: 79783K(83888K)->79783K(83888K) Class: 11583K(14848K)->11583K(14848K)
[633.347s][info][gc             ] GC(431) Pause Young (GCLocker Initiated GC) 759M->98M(2039M) 3.006ms
[633.347s][info][gc,cpu         ] GC(431) User=0.08s Sys=0.00s Real=0.00s
[635.106s][info][gc,start       ] GC(432) Pause Young (Allocation Failure)
[635.109s][info][gc,heap        ] GC(432) PSYoungGen: 686490K->6501K(687104K)
[635.109s][info][gc,heap        ] GC(432) PSOldGen: 94820K->96686K(1398272K)
[635.110s][info][gc,metaspace   ] GC(432) Metaspace: 91369K(98736K)->91369K(98736K) NonClass: 79786K(83888K)->79786K(83888K) Class: 11583K(14848K)->11583K(14848K)
[635.110s][info][gc             ] GC(432) Pause Young (Allocation Failure) 762M->100M(2036M) 3.789ms
[635.110s][info][gc,cpu         ] GC(432) User=0.00s Sys=0.00s Real=0.01s
[635.858s][info][gc,start       ] GC(433) Pause Young (Allocation Failure)
[635.861s][info][gc,heap        ] GC(433) PSYoungGen: 686949K->3782K(689664K)
[635.861s][info][gc,heap        ] GC(433) PSOldGen: 96686K->100106K(1398272K)
[635.861s][info][gc,metaspace   ] GC(433) Metaspace: 91369K(98736K)->91369K(98736K) NonClass: 79786K(83888K)->79786K(83888K) Class: 11583K(14848K)->11583K(14848K)
[635.861s][info][gc             ] GC(433) Pause Young (Allocation Failure) 765M->101M(2039M) 3.650ms
[635.862s][info][gc,cpu         ] GC(433) User=0.08s Sys=0.02s Real=0.00s
[638.151s][info][gc,start       ] GC(434) Pause Young (Allocation Failure)
[638.153s][info][gc,heap        ] GC(434) PSYoungGen: 682550K->2640K(689152K)
[638.153s][info][gc,heap        ] GC(434) PSOldGen: 100106K->103293K(1398272K)
[638.153s][info][gc,metaspace   ] GC(434) Metaspace: 91369K(98736K)->91369K(98736K) NonClass: 79786K(83888K)->79786K(83888K) Class: 11583K(14848K)->11583K(14848K)
[638.153s][info][gc             ] GC(434) Pause Young (Allocation Failure) 764M->103M(2038M) 2.724ms
[638.153s][info][gc,cpu         ] GC(434) User=0.00s Sys=0.00s Real=0.01s
[640.391s][info][gc,start       ] GC(435) Pause Young (Allocation Failure)
[640.393s][info][gc,heap        ] GC(435) PSYoungGen: 682175K->2112K(689664K)
[640.393s][info][gc,heap        ] GC(435) PSOldGen: 103293K->105121K(1398272K)
[640.393s][info][gc,metaspace   ] GC(435) Metaspace: 91369K(98736K)->91369K(98736K) NonClass: 79786K(83888K)->79786K(83888K) Class: 11583K(14848K)->11583K(14848K)
[640.393s][info][gc             ] GC(435) Pause Young (Allocation Failure) 767M->104M(2039M) 2.327ms
[640.393s][info][gc,cpu         ] GC(435) User=0.09s Sys=0.00s Real=0.00s
[641.212s][info][gc,start       ] GC(436) Pause Young (Allocation Failure)
[641.215s][info][gc,heap        ] GC(436) PSYoungGen: 682560K->4104K(689664K)
[641.215s][info][gc,heap        ] GC(436) PSOldGen: 105121K->106566K(1398272K)
[641.215s][info][gc,metaspace   ] GC(436) Metaspace: 91371K(98736K)->91371K(98736K) NonClass: 79788K(83888K)->79788K(83888K) Class: 11583K(14848K)->11583K(14848K)
[641.215s][info][gc             ] GC(436) Pause Young (Allocation Failure) 769M->108M(2039M) 2.792ms
[641.215s][info][gc,cpu         ] GC(436) User=0.00s Sys=0.00s Real=0.01s
[642.671s][info][gc,start       ] GC(437) Pause Young (Allocation Failure)
[642.673s][info][gc,heap        ] GC(437) PSYoungGen: 684552K->3309K(690688K)
[642.673s][info][gc,heap        ] GC(437) PSOldGen: 106566K->109814K(1398272K)
[642.673s][info][gc,metaspace   ] GC(437) Metaspace: 91371K(98736K)->91371K(98736K) NonClass: 79788K(83888K)->79788K(83888K) Class: 11583K(14848K)->11583K(14848K)
[642.674s][info][gc             ] GC(437) Pause Young (Allocation Failure) 772M->110M(2040M) 2.665ms
[642.674s][info][gc,cpu         ] GC(437) User=0.03s Sys=0.00s Real=0.00s
[644.965s][info][gc,start       ] GC(438) Pause Young (Allocation Failure)
[644.968s][info][gc,heap        ] GC(438) PSYoungGen: 685293K->2905K(690176K)
[644.968s][info][gc,heap        ] GC(438) PSOldGen: 109814K->111444K(1398272K)
[644.968s][info][gc,metaspace   ] GC(438) Metaspace: 91371K(98736K)->91371K(98736K) NonClass: 79788K(83888K)->79788K(83888K) Class: 11583K(14848K)->11583K(14848K)
[644.968s][info][gc             ] GC(438) Pause Young (Allocation Failure) 776M->111M(2039M) 2.770ms
[644.968s][info][gc,cpu         ] GC(438) User=0.00s Sys=0.00s Real=0.00s
[646.793s][info][gc,start       ] GC(439) Pause Young (Allocation Failure)
[646.796s][info][gc,heap        ] GC(439) PSYoungGen: 684889K->4758K(690688K)
[646.796s][info][gc,heap        ] GC(439) PSOldGen: 111444K->113237K(1398272K)
[646.796s][info][gc,metaspace   ] GC(439) Metaspace: 91372K(98736K)->91372K(98736K) NonClass: 79789K(83888K)->79789K(83888K) Class: 11583K(14848K)->11583K(14848K)
[646.796s][info][gc             ] GC(439) Pause Young (Allocation Failure) 777M->115M(2040M) 3.162ms
[646.796s][info][gc,cpu         ] GC(439) User=0.00s Sys=0.00s Real=0.00s
[647.557s][info][gc,start       ] GC(440) Pause Young (Allocation Failure)
[647.560s][info][gc,heap        ] GC(440) PSYoungGen: 687254K->3216K(690688K)
[647.560s][info][gc,heap        ] GC(440) PSOldGen: 113237K->115356K(1398272K)
[647.560s][info][gc,metaspace   ] GC(440) Metaspace: 91372K(98736K)->91372K(98736K) NonClass: 79789K(83888K)->79789K(83888K) Class: 11583K(14848K)->11583K(14848K)
[647.560s][info][gc             ] GC(440) Pause Young (Allocation Failure) 781M->115M(2040M) 2.942ms
[647.560s][info][gc,cpu         ] GC(440) User=0.00s Sys=0.00s Real=0.00s
[649.715s][info][gc,start       ] GC(441) Pause Young (Allocation Failure)
[649.717s][info][gc,heap        ] GC(441) PSYoungGen: 685712K->3360K(691200K)
[649.718s][info][gc,heap        ] GC(441) PSOldGen: 115356K->118145K(1398272K)
[649.718s][info][gc,metaspace   ] GC(441) Metaspace: 91377K(98736K)->91377K(98736K) NonClass: 79794K(83888K)->79794K(83888K) Class: 11583K(14848K)->11583K(14848K)
[649.718s][info][gc             ] GC(441) Pause Young (Allocation Failure) 782M->118M(2040M) 2.771ms
[649.718s][info][gc,cpu         ] GC(441) User=0.00s Sys=0.00s Real=0.00s
[650.377s][info][gc,start       ] GC(442) Pause Young (Allocation Failure)
[650.380s][info][gc,heap        ] GC(442) PSYoungGen: 683573K->7669K(691200K)
[650.380s][info][gc,heap        ] GC(442) PSOldGen: 118145K->121770K(1398272K)
[650.380s][info][gc,metaspace   ] GC(442) Metaspace: 91377K(98736K)->91377K(98736K) NonClass: 79794K(83888K)->79794K(83888K) Class: 11583K(14848K)->11583K(14848K)
[650.380s][info][gc             ] GC(442) Pause Young (Allocation Failure) 782M->126M(2040M) 3.300ms
[650.380s][info][gc,cpu         ] GC(442) User=0.00s Sys=0.00s Real=0.00s
[652.113s][info][gc,start       ] GC(443) Pause Young (GCLocker Initiated GC)
[652.116s][info][gc,heap        ] GC(443) PSYoungGen: 691189K->4683K(687104K)
[652.116s][info][gc,heap        ] GC(443) PSOldGen: 121779K->124566K(1398272K)
[652.116s][info][gc,metaspace   ] GC(443) Metaspace: 91377K(98736K)->91377K(98736K) NonClass: 79794K(83888K)->79794K(83888K) Class: 11583K(14848K)->11583K(14848K)
[652.116s][info][gc             ] GC(443) Pause Young (GCLocker Initiated GC) 793M->126M(2036M) 3.328ms
[652.116s][info][gc,cpu         ] GC(443) User=0.00s Sys=0.00s Real=0.00s
[653.622s][info][gc,start       ] GC(444) Pause Young (Allocation Failure)
[653.625s][info][gc,heap        ] GC(444) PSYoungGen: 684107K->3294K(689152K)
[653.625s][info][gc,heap        ] GC(444) PSOldGen: 145047K->147519K(1398272K)
[653.625s][info][gc,metaspace   ] GC(444) Metaspace: 91378K(98736K)->91378K(98736K) NonClass: 79794K(83888K)->79794K(83888K) Class: 11583K(14848K)->11583K(14848K)
[653.625s][info][gc             ] GC(444) Pause Young (Allocation Failure) 809M->147M(2038M) 3.411ms
[653.625s][info][gc,cpu         ] GC(444) User=0.00s Sys=0.00s Real=0.00s
[654.471s][info][gc,start       ] GC(445) Pause Young (Allocation Failure)
[654.474s][info][gc,heap        ] GC(445) PSYoungGen: 682718K->4083K(690176K)
[654.475s][info][gc,heap        ] GC(445) PSOldGen: 147519K->149672K(1398272K)
[654.475s][info][gc,metaspace   ] GC(445) Metaspace: 91378K(98736K)->91378K(98736K) NonClass: 79794K(83888K)->79794K(83888K) Class: 11583K(14848K)->11583K(14848K)
[654.475s][info][gc             ] GC(445) Pause Young (Allocation Failure) 810M->150M(2039M) 3.939ms
[654.475s][info][gc,cpu         ] GC(445) User=0.00s Sys=0.00s Real=0.01s
[656.546s][info][gc,start       ] GC(446) Pause Young (Allocation Failure)
[656.549s][info][gc,heap        ] GC(446) PSYoungGen: 685043K->4203K(689664K)
[656.549s][info][gc,heap        ] GC(446) PSOldGen: 149672K->152684K(1398272K)
[656.549s][info][gc,metaspace   ] GC(446) Metaspace: 91378K(98736K)->91378K(98736K) NonClass: 79794K(83888K)->79794K(83888K) Class: 11583K(14848K)->11583K(14848K)
[656.549s][info][gc             ] GC(446) Pause Young (Allocation Failure) 815M->153M(2039M) 3.256ms
[656.549s][info][gc,cpu         ] GC(446) User=0.09s Sys=0.00s Real=0.00s
[657.085s][info][gc,start       ] GC(447) Pause Young (Allocation Failure)
[657.088s][info][gc,heap        ] GC(447) PSYoungGen: 682579K->2538K(690176K)
[657.088s][info][gc,heap        ] GC(447) PSOldGen: 152684K->155207K(1398272K)
[657.088s][info][gc,metaspace   ] GC(447) Metaspace: 91378K(98736K)->91378K(98736K) NonClass: 79794K(83888K)->79794K(83888K) Class: 11583K(14848K)->11583K(14848K)
[657.088s][info][gc             ] GC(447) Pause Young (Allocation Failure) 815M->154M(2039M) 2.603ms
[657.088s][info][gc,cpu         ] GC(447) User=0.00s Sys=0.00s Real=0.00s
[659.449s][info][gc,start       ] GC(448) Pause Young (Allocation Failure)
[659.452s][info][gc,heap        ] GC(448) PSYoungGen: 684010K->3251K(690176K)
[659.452s][info][gc,heap        ] GC(448) PSOldGen: 155207K->157353K(1398272K)
[659.452s][info][gc,metaspace   ] GC(448) Metaspace: 91378K(98736K)->91378K(98736K) NonClass: 79795K(83888K)->79795K(83888K) Class: 11583K(14848K)->11583K(14848K)
[659.452s][info][gc             ] GC(448) Pause Young (Allocation Failure) 819M->156M(2039M) 2.890ms
[659.452s][info][gc,cpu         ] GC(448) User=0.00s Sys=0.00s Real=0.00s
[660.522s][info][gc,start       ] GC(449) Pause Young (Allocation Failure)
[660.525s][info][gc,heap        ] GC(449) PSYoungGen: 684723K->2507K(690688K)
[660.525s][info][gc,heap        ] GC(449) PSOldGen: 157353K->159218K(1398272K)
[660.525s][info][gc,metaspace   ] GC(449) Metaspace: 91378K(98736K)->91378K(98736K) NonClass: 79795K(83888K)->79795K(83888K) Class: 11583K(14848K)->11583K(14848K)
[660.525s][info][gc             ] GC(449) Pause Young (Allocation Failure) 822M->157M(2040M) 2.928ms
[660.525s][info][gc,cpu         ] GC(449) User=0.00s Sys=0.00s Real=0.01s
[660.610s][info][gc,start       ] GC(450) Pause Young (System.gc())
[660.612s][info][gc,heap        ] GC(450) PSYoungGen: 150178K->480K(690688K)
[660.612s][info][gc,heap        ] GC(450) PSOldGen: 159218K->160932K(1398272K)
[660.612s][info][gc,metaspace   ] GC(450) Metaspace: 91378K(98736K)->91378K(98736K) NonClass: 79795K(83888K)->79795K(83888K) Class: 11583K(14848K)->11583K(14848K)
[660.612s][info][gc             ] GC(450) Pause Young (System.gc()) 302M->157M(2040M) 1.964ms
[660.612s][info][gc,cpu         ] GC(450) User=0.05s Sys=0.00s Real=0.00s
[660.612s][info][gc,start       ] GC(451) Pause Full (System.gc())
[660.614s][info][gc,phases,start] GC(451) Phase 1: Mark live objects
[660.671s][info][gc,phases      ] GC(451) Phase 1: Mark live objects 57.167ms
[660.671s][info][gc,phases,start] GC(451) Phase 2: Compute new object addresses
[660.686s][info][gc,phases      ] GC(451) Phase 2: Compute new object addresses 14.997ms
[660.686s][info][gc,phases,start] GC(451) Phase 3: Adjust pointers
[660.722s][info][gc,phases      ] GC(451) Phase 3: Adjust pointers 35.879ms
[660.722s][info][gc,phases,start] GC(451) Phase 4: Move objects
[660.724s][info][gc,phases      ] GC(451) Phase 4: Move objects 2.213ms
[660.727s][info][gc,heap        ] GC(451) PSYoungGen: 480K->0K(690688K)
[660.727s][info][gc,heap        ] GC(451) PSOldGen: 160932K->135626K(1398272K)
[660.727s][info][gc,metaspace   ] GC(451) Metaspace: 91378K(98736K)->91378K(98736K) NonClass: 79795K(83888K)->79795K(83888K) Class: 11583K(14848K)->11583K(14848K)
[660.727s][info][gc             ] GC(451) Pause Full (System.gc()) 157M->132M(2040M) 114.548ms
[660.727s][info][gc,cpu         ] GC(451) User=0.09s Sys=0.02s Real=0.11s
[661.632s][info][gc,start       ] GC(452) Pause Young (Allocation Failure)
[661.635s][info][gc,heap        ] GC(452) PSYoungGen: 682496K->3763K(690688K)
[661.635s][info][gc,heap        ] GC(452) PSOldGen: 135626K->135626K(1398272K)
[661.635s][info][gc,metaspace   ] GC(452) Metaspace: 91378K(98736K)->91378K(98736K) NonClass: 79795K(83888K)->79795K(83888K) Class: 11583K(14848K)->11583K(14848K)
[661.635s][info][gc             ] GC(452) Pause Young (Allocation Failure) 798M->136M(2040M) 3.000ms
[661.635s][info][gc,cpu         ] GC(452) User=0.00s Sys=0.00s Real=0.00s
[664.005s][info][gc,start       ] GC(453) Pause Young (Allocation Failure)
[664.007s][info][gc,heap        ] GC(453) PSYoungGen: 686168K->2207K(690688K)
[664.007s][info][gc,heap        ] GC(453) PSOldGen: 135626K->138209K(1398272K)
[664.007s][info][gc,metaspace   ] GC(453) Metaspace: 91394K(98736K)->91394K(98736K) NonClass: 79810K(83888K)->79810K(83888K) Class: 11583K(14848K)->11583K(14848K)
[664.007s][info][gc             ] GC(453) Pause Young (Allocation Failure) 802M->137M(2040M) 2.280ms
[664.007s][info][gc,cpu         ] GC(453) User=0.00s Sys=0.00s Real=0.00s
[666.126s][info][gc,start       ] GC(454) Pause Young (Allocation Failure)
[666.128s][info][gc,heap        ] GC(454) PSYoungGen: 684290K->2462K(691200K)
[666.128s][info][gc,heap        ] GC(454) PSOldGen: 138209K->139670K(1398272K)
[666.128s][info][gc,metaspace   ] GC(454) Metaspace: 91394K(98736K)->91394K(98736K) NonClass: 79810K(83888K)->79810K(83888K) Class: 11583K(14848K)->11583K(14848K)
[666.128s][info][gc             ] GC(454) Pause Young (Allocation Failure) 803M->138M(2040M) 2.237ms
[666.128s][info][gc,cpu         ] GC(454) User=0.02s Sys=0.00s Real=0.00s
[666.759s][info][gc,start       ] GC(455) Pause Young (Allocation Failure)
[666.763s][info][gc,heap        ] GC(455) PSYoungGen: 683832K->7651K(691200K)
[666.763s][info][gc,heap        ] GC(455) PSOldGen: 139670K->154680K(1398272K)
[666.763s][info][gc,metaspace   ] GC(455) Metaspace: 91394K(98736K)->91394K(98736K) NonClass: 79810K(83888K)->79810K(83888K) Class: 11583K(14848K)->11583K(14848K)
[666.763s][info][gc             ] GC(455) Pause Young (Allocation Failure) 804M->158M(2040M) 4.188ms
[666.763s][info][gc,cpu         ] GC(455) User=0.00s Sys=0.00s Real=0.00s
[668.324s][info][gc,start       ] GC(456) Pause Young (Allocation Failure)
[668.327s][info][gc,heap        ] GC(456) PSYoungGen: 691171K->3569K(678912K)
[668.327s][info][gc,heap        ] GC(456) PSOldGen: 154680K->157637K(1398272K)
[668.327s][info][gc,metaspace   ] GC(456) Metaspace: 91394K(98736K)->91394K(98736K) NonClass: 79810K(83888K)->79810K(83888K) Class: 11583K(14848K)->11583K(14848K)
[668.327s][info][gc             ] GC(456) Pause Young (Allocation Failure) 826M->157M(2028M) 2.930ms
[668.327s][info][gc,cpu         ] GC(456) User=0.00s Sys=0.00s Real=0.01s
[670.672s][info][gc,start       ] GC(457) Pause Young (Allocation Failure)
[670.674s][info][gc,heap        ] GC(457) PSYoungGen: 671334K->2539K(685056K)
[670.674s][info][gc,heap        ] GC(457) PSOldGen: 157637K->159408K(1398272K)
[670.674s][info][gc,metaspace   ] GC(457) Metaspace: 91394K(98736K)->91394K(98736K) NonClass: 79810K(83888K)->79810K(83888K) Class: 11583K(14848K)->11583K(14848K)
[670.674s][info][gc             ] GC(457) Pause Young (Allocation Failure) 809M->158M(2034M) 2.657ms
[670.674s][info][gc,cpu         ] GC(457) User=0.06s Sys=0.00s Real=0.00s
[672.401s][info][gc,start       ] GC(458) Pause Young (Allocation Failure)
[672.405s][info][gc,heap        ] GC(458) PSYoungGen: 673771K->6263K(686080K)
[672.405s][info][gc,heap        ] GC(458) PSOldGen: 159408K->161250K(1398272K)
[672.405s][info][gc,metaspace   ] GC(458) Metaspace: 91394K(98736K)->91394K(98736K) NonClass: 79810K(83888K)->79810K(83888K) Class: 11583K(14848K)->11583K(14848K)
[672.405s][info][gc             ] GC(458) Pause Young (Allocation Failure) 813M->163M(2035M) 3.973ms
[672.405s][info][gc,cpu         ] GC(458) User=0.00s Sys=0.00s Real=0.01s
[673.141s][info][gc,start       ] GC(459) Pause Young (Allocation Failure)
[673.144s][info][gc,heap        ] GC(459) PSYoungGen: 679031K->3248K(685568K)
[673.144s][info][gc,heap        ] GC(459) PSOldGen: 161250K->163394K(1398272K)
[673.144s][info][gc,metaspace   ] GC(459) Metaspace: 91394K(98736K)->91394K(98736K) NonClass: 79810K(83888K)->79810K(83888K) Class: 11583K(14848K)->11583K(14848K)
[673.144s][info][gc             ] GC(459) Pause Young (Allocation Failure) 820M->162M(2035M) 2.685ms
[673.144s][info][gc,cpu         ] GC(459) User=0.08s Sys=0.00s Real=0.00s
[675.355s][info][gc,start       ] GC(460) Pause Young (Allocation Failure)
[675.358s][info][gc,heap        ] GC(460) PSYoungGen: 676016K->2884K(686592K)
[675.358s][info][gc,heap        ] GC(460) PSOldGen: 163394K->166252K(1398272K)
[675.358s][info][gc,metaspace   ] GC(460) Metaspace: 91394K(98736K)->91394K(98736K) NonClass: 79810K(83888K)->79810K(83888K) Class: 11583K(14848K)->11583K(14848K)
[675.358s][info][gc             ] GC(460) Pause Young (Allocation Failure) 819M->165M(2036M) 3.037ms
[675.358s][info][gc,cpu         ] GC(460) User=0.00s Sys=0.00s Real=0.00s
[677.667s][info][gc,start       ] GC(461) Pause Young (Allocation Failure)
[677.669s][info][gc,heap        ] GC(461) PSYoungGen: 673026K->2617K(686080K)
[677.669s][info][gc,heap        ] GC(461) PSOldGen: 166252K->167631K(1398272K)
[677.669s][info][gc,metaspace   ] GC(461) Metaspace: 91394K(98736K)->91394K(98736K) NonClass: 79810K(83888K)->79810K(83888K) Class: 11583K(14848K)->11583K(14848K)
[677.669s][info][gc             ] GC(461) Pause Young (Allocation Failure) 819M->166M(2035M) 2.529ms
[677.669s][info][gc,cpu         ] GC(461) User=0.00s Sys=0.00s Real=0.00s
[678.497s][info][gc,start       ] GC(462) Pause Young (Allocation Failure)
[678.501s][info][gc,heap        ] GC(462) PSYoungGen: 674382K->4204K(687616K)
[678.501s][info][gc,heap        ] GC(462) PSOldGen: 167631K->169573K(1398272K)
[678.501s][info][gc,metaspace   ] GC(462) Metaspace: 91395K(98736K)->91395K(98736K) NonClass: 79812K(83888K)->79812K(83888K) Class: 11583K(14848K)->11583K(14848K)
[678.501s][info][gc             ] GC(462) Pause Young (Allocation Failure) 822M->169M(2037M) 4.102ms
[678.501s][info][gc,cpu         ] GC(462) User=0.00s Sys=0.00s Real=0.00s
[680.072s][info][gc,start       ] GC(463) Pause Young (Allocation Failure)
[680.076s][info][gc,heap        ] GC(463) PSYoungGen: 680044K->3266K(687104K)
[680.076s][info][gc,heap        ] GC(463) PSOldGen: 169573K->172204K(1398272K)
[680.076s][info][gc,metaspace   ] GC(463) Metaspace: 91395K(98736K)->91395K(98736K) NonClass: 79812K(83888K)->79812K(83888K) Class: 11583K(14848K)->11583K(14848K)
[680.076s][info][gc             ] GC(463) Pause Young (Allocation Failure) 829M->171M(2036M) 3.174ms
[680.076s][info][gc,cpu         ] GC(463) User=0.00s Sys=0.00s Real=0.00s
[682.253s][info][gc,start       ] GC(464) Pause Young (Allocation Failure)
[682.256s][info][gc,heap        ] GC(464) PSYoungGen: 678229K->2788K(688640K)
[682.256s][info][gc,heap        ] GC(464) PSOldGen: 172204K->174274K(1398272K)
[682.256s][info][gc,metaspace   ] GC(464) Metaspace: 91395K(98736K)->91395K(98736K) NonClass: 79812K(83888K)->79812K(83888K) Class: 11583K(14848K)->11583K(14848K)
[682.256s][info][gc             ] GC(464) Pause Young (Allocation Failure) 830M->172M(2038M) 3.000ms
[682.256s][info][gc,cpu         ] GC(464) User=0.00s Sys=0.00s Real=0.00s
[684.225s][info][gc,start       ] GC(465) Pause Young (Allocation Failure)
[684.228s][info][gc,heap        ] GC(465) PSYoungGen: 680676K->5852K(688128K)
[684.228s][info][gc,heap        ] GC(465) PSOldGen: 174274K->176057K(1398272K)
[684.228s][info][gc,metaspace   ] GC(465) Metaspace: 91395K(98736K)->91395K(98736K) NonClass: 79812K(83888K)->79812K(83888K) Class: 11583K(14848K)->11583K(14848K)
[684.228s][info][gc             ] GC(465) Pause Young (Allocation Failure) 834M->177M(2037M) 3.840ms
[684.228s][info][gc,cpu         ] GC(465) User=0.00s Sys=0.00s Real=0.00s
[685.003s][info][gc,start       ] GC(466) Pause Young (Allocation Failure)
[685.009s][info][gc,heap        ] GC(466) PSYoungGen: 683740K->4123K(689152K)
[685.009s][info][gc,heap        ] GC(466) PSOldGen: 176057K->178363K(1398272K)
[685.009s][info][gc,metaspace   ] GC(466) Metaspace: 91396K(98736K)->91396K(98736K) NonClass: 79813K(83888K)->79813K(83888K) Class: 11583K(14848K)->11583K(14848K)
[685.009s][info][gc             ] GC(466) Pause Young (Allocation Failure) 839M->178M(2038M) 6.430ms
[685.009s][info][gc,cpu         ] GC(466) User=0.00s Sys=0.00s Real=0.01s
[687.230s][info][gc,start       ] GC(467) Pause Young (Allocation Failure)
[687.233s][info][gc,heap        ] GC(467) PSYoungGen: 683035K->4856K(688640K)
[687.233s][info][gc,heap        ] GC(467) PSOldGen: 178363K->181120K(1398272K)
[687.233s][info][gc,metaspace   ] GC(467) Metaspace: 91396K(98736K)->91396K(98736K) NonClass: 79813K(83888K)->79813K(83888K) Class: 11583K(14848K)->11583K(14848K)
[687.233s][info][gc             ] GC(467) Pause Young (Allocation Failure) 841M->181M(2038M) 3.075ms
[687.233s][info][gc,cpu         ] GC(467) User=0.00s Sys=0.00s Real=0.00s
[688.018s][info][gc,start       ] GC(468) Pause Young (Allocation Failure)
[688.021s][info][gc,heap        ] GC(468) PSYoungGen: 680402K->8563K(687104K)
[688.021s][info][gc,heap        ] GC(468) PSOldGen: 181120K->182588K(1398272K)
[688.021s][info][gc,metaspace   ] GC(468) Metaspace: 91396K(98736K)->91396K(98736K) NonClass: 79813K(83888K)->79813K(83888K) Class: 11583K(14848K)->11583K(14848K)
[688.021s][info][gc             ] GC(468) Pause Young (Allocation Failure) 841M->186M(2036M) 3.231ms
[688.021s][info][gc,cpu         ] GC(468) User=0.00s Sys=0.00s Real=0.02s
[689.492s][info][gc,start       ] GC(469) Pause Young (Allocation Failure)
[689.495s][info][gc,heap        ] GC(469) PSYoungGen: 685276K->2574K(688128K)
[689.495s][info][gc,heap        ] GC(469) PSOldGen: 182588K->185545K(1398272K)
[689.495s][info][gc,metaspace   ] GC(469) Metaspace: 91398K(98736K)->91398K(98736K) NonClass: 79815K(83888K)->79815K(83888K) Class: 11583K(14848K)->11583K(14848K)
[689.495s][info][gc             ] GC(469) Pause Young (Allocation Failure) 847M->183M(2037M) 2.552ms
[689.495s][info][gc,cpu         ] GC(469) User=0.00s Sys=0.00s Real=0.00s
[691.126s][info][gc,start       ] GC(470) Pause Young (Allocation Failure)
[691.129s][info][gc,heap        ] GC(470) PSYoungGen: 679950K->2812K(688640K)
[691.129s][info][gc,heap        ] GC(470) PSOldGen: 185545K->187645K(1398272K)
[691.129s][info][gc,metaspace   ] GC(470) Metaspace: 91398K(98736K)->91398K(98736K) NonClass: 79815K(83888K)->79815K(83888K) Class: 11583K(14848K)->11583K(14848K)
[691.129s][info][gc             ] GC(470) Pause Young (Allocation Failure) 845M->185M(2038M) 3.056ms
[691.129s][info][gc,cpu         ] GC(470) User=0.02s Sys=0.00s Real=0.00s
[691.865s][info][gc,start       ] GC(471) Pause Young (Allocation Failure)
[691.868s][info][gc,heap        ] GC(471) PSYoungGen: 681212K->3357K(688640K)
[691.868s][info][gc,heap        ] GC(471) PSOldGen: 187645K->189718K(1398272K)
[691.868s][info][gc,metaspace   ] GC(471) Metaspace: 91398K(98736K)->91398K(98736K) NonClass: 79815K(83888K)->79815K(83888K) Class: 11583K(14848K)->11583K(14848K)
[691.868s][info][gc             ] GC(471) Pause Young (Allocation Failure) 848M->188M(2038M) 2.938ms
[691.868s][info][gc,cpu         ] GC(471) User=0.00s Sys=0.00s Real=0.02s
[693.986s][info][gc,start       ] GC(472) Pause Young (Allocation Failure)
[693.988s][info][gc,heap        ] GC(472) PSYoungGen: 681757K->3243K(689664K)
[693.988s][info][gc,heap        ] GC(472) PSOldGen: 189718K->192681K(1398272K)
[693.988s][info][gc,metaspace   ] GC(472) Metaspace: 91398K(98736K)->91398K(98736K) NonClass: 79815K(83888K)->79815K(83888K) Class: 11583K(14848K)->11583K(14848K)
[693.988s][info][gc             ] GC(472) Pause Young (Allocation Failure) 851M->191M(2039M) 2.829ms
[693.988s][info][gc,cpu         ] GC(472) User=0.02s Sys=0.00s Real=0.00s
[694.610s][info][gc,start       ] GC(473) Pause Young (Allocation Failure)
[694.613s][info][gc,heap        ] GC(473) PSYoungGen: 683179K->2549K(689152K)
[694.613s][info][gc,heap        ] GC(473) PSOldGen: 192681K->195277K(1398272K)
[694.613s][info][gc,metaspace   ] GC(473) Metaspace: 91398K(98736K)->91398K(98736K) NonClass: 79815K(83888K)->79815K(83888K) Class: 11583K(14848K)->11583K(14848K)
[694.613s][info][gc             ] GC(473) Pause Young (Allocation Failure) 855M->193M(2038M) 3.584ms
[694.613s][info][gc,cpu         ] GC(473) User=0.03s Sys=0.02s Real=0.00s
[696.564s][info][gc,start       ] GC(474) Pause Young (Allocation Failure)
[696.568s][info][gc,heap        ] GC(474) PSYoungGen: 682485K->5241K(689664K)
[696.568s][info][gc,heap        ] GC(474) PSOldGen: 195277K->196930K(1398272K)
[696.568s][info][gc,metaspace   ] GC(474) Metaspace: 91398K(98736K)->91398K(98736K) NonClass: 79815K(83888K)->79815K(83888K) Class: 11583K(14848K)->11583K(14848K)
[696.568s][info][gc             ] GC(474) Pause Young (Allocation Failure) 857M->197M(2039M) 4.183ms
[696.568s][info][gc,cpu         ] GC(474) User=0.02s Sys=0.00s Real=0.00s
[698.017s][info][gc,start       ] GC(475) Pause Young (Allocation Failure)
[698.022s][info][gc,heap        ] GC(475) PSYoungGen: 685689K->4902K(689664K)
[698.022s][info][gc,heap        ] GC(475) PSOldGen: 196930K->199233K(1398272K)
[698.022s][info][gc,metaspace   ] GC(475) Metaspace: 91398K(98736K)->91398K(98736K) NonClass: 79815K(83888K)->79815K(83888K) Class: 11583K(14848K)->11583K(14848K)
[698.022s][info][gc             ] GC(475) Pause Young (Allocation Failure) 861M->199M(2039M) 5.224ms
[698.022s][info][gc,cpu         ] GC(475) User=0.02s Sys=0.00s Real=0.01s
[698.241s][info][gc,start       ] GC(476) Pause Young (System.gc())
[698.243s][info][gc,heap        ] GC(476) PSYoungGen: 245391K->512K(689152K)
[698.243s][info][gc,heap        ] GC(476) PSOldGen: 199233K->201293K(1398272K)
[698.243s][info][gc,metaspace   ] GC(476) Metaspace: 91399K(98736K)->91399K(98736K) NonClass: 79815K(83888K)->79815K(83888K) Class: 11583K(14848K)->11583K(14848K)
[698.243s][info][gc             ] GC(476) Pause Young (System.gc()) 434M->197M(2038M) 2.216ms
[698.243s][info][gc,cpu         ] GC(476) User=0.00s Sys=0.00s Real=0.00s
[698.243s][info][gc,start       ] GC(477) Pause Full (System.gc())
[698.245s][info][gc,phases,start] GC(477) Phase 1: Mark live objects
[698.301s][info][gc,phases      ] GC(477) Phase 1: Mark live objects 56.676ms
[698.301s][info][gc,phases,start] GC(477) Phase 2: Compute new object addresses
[698.316s][info][gc,phases      ] GC(477) Phase 2: Compute new object addresses 14.786ms
[698.316s][info][gc,phases,start] GC(477) Phase 3: Adjust pointers
[698.354s][info][gc,phases      ] GC(477) Phase 3: Adjust pointers 37.744ms
[698.354s][info][gc,phases,start] GC(477) Phase 4: Move objects
[698.361s][info][gc,phases      ] GC(477) Phase 4: Move objects 7.160ms
[698.364s][info][gc,heap        ] GC(477) PSYoungGen: 512K->0K(689152K)
[698.364s][info][gc,heap        ] GC(477) PSOldGen: 201293K->153603K(1398272K)
[698.364s][info][gc,metaspace   ] GC(477) Metaspace: 91399K(98736K)->91399K(98736K) NonClass: 79815K(83888K)->79815K(83888K) Class: 11583K(14848K)->11583K(14848K)
[698.364s][info][gc             ] GC(477) Pause Full (System.gc()) 197M->150M(2038M) 120.639ms
[698.364s][info][gc,cpu         ] GC(477) User=0.12s Sys=0.00s Real=0.13s
[699.268s][info][gc,start       ] GC(478) Pause Young (Allocation Failure)
[699.270s][info][gc,heap        ] GC(478) PSYoungGen: 680448K->3534K(689664K)
[699.270s][info][gc,heap        ] GC(478) PSOldGen: 153603K->153603K(1398272K)
[699.270s][info][gc,metaspace   ] GC(478) Metaspace: 91399K(98736K)->91399K(98736K) NonClass: 79815K(83888K)->79815K(83888K) Class: 11583K(14848K)->11583K(14848K)
[699.270s][info][gc             ] GC(478) Pause Young (Allocation Failure) 814M->153M(2039M) 2.719ms
[699.270s][info][gc,cpu         ] GC(478) User=0.00s Sys=0.00s Real=0.00s
[701.646s][info][gc,start       ] GC(479) Pause Young (GCLocker Initiated GC)
[701.648s][info][gc,heap        ] GC(479) PSYoungGen: 683982K->2315K(690176K)
[701.648s][info][gc,heap        ] GC(479) PSOldGen: 153633K->156385K(1398272K)
[701.648s][info][gc,metaspace   ] GC(479) Metaspace: 91399K(98736K)->91399K(98736K) NonClass: 79815K(83888K)->79815K(83888K) Class: 11583K(14848K)->11583K(14848K)
[701.648s][info][gc             ] GC(479) Pause Young (GCLocker Initiated GC) 817M->154M(2039M) 2.286ms
[701.648s][info][gc,cpu         ] GC(479) User=0.00s Sys=0.00s Real=0.00s
[703.797s][info][gc,start       ] GC(480) Pause Young (Allocation Failure)
[703.800s][info][gc,heap        ] GC(480) PSYoungGen: 683787K->3976K(690176K)
[703.800s][info][gc,heap        ] GC(480) PSOldGen: 156388K->158058K(1398272K)
[703.800s][info][gc,metaspace   ] GC(480) Metaspace: 91399K(98736K)->91399K(98736K) NonClass: 79816K(83888K)->79816K(83888K) Class: 11583K(14848K)->11583K(14848K)
[703.800s][info][gc             ] GC(480) Pause Young (Allocation Failure) 820M->158M(2039M) 2.814ms
[703.800s][info][gc,cpu         ] GC(480) User=0.08s Sys=0.02s Real=0.00s
[704.435s][info][gc,start       ] GC(481) Pause Young (Allocation Failure)
[704.438s][info][gc,heap        ] GC(481) PSYoungGen: 681791K->8179K(683520K)
[704.438s][info][gc,heap        ] GC(481) PSOldGen: 158058K->164356K(1398272K)
[704.438s][info][gc,metaspace   ] GC(481) Metaspace: 91401K(98736K)->91401K(98736K) NonClass: 79817K(83888K)->79817K(83888K) Class: 11583K(14848K)->11583K(14848K)
[704.438s][info][gc             ] GC(481) Pause Young (Allocation Failure) 820M->168M(2033M) 3.542ms
[704.438s][info][gc,cpu         ] GC(481) User=0.00s Sys=0.00s Real=0.00s
[705.987s][info][gc,start       ] GC(482) Pause Young (Allocation Failure)
[705.990s][info][gc,heap        ] GC(482) PSYoungGen: 683507K->3125K(687104K)
[705.990s][info][gc,heap        ] GC(482) PSOldGen: 164356K->167312K(1398272K)
[705.990s][info][gc,metaspace   ] GC(482) Metaspace: 91401K(98736K)->91401K(98736K) NonClass: 79817K(83888K)->79817K(83888K) Class: 11583K(14848K)->11583K(14848K)
[705.990s][info][gc             ] GC(482) Pause Young (Allocation Failure) 827M->166M(2036M) 2.764ms
[705.990s][info][gc,cpu         ] GC(482) User=0.00s Sys=0.00s Real=0.00s
[708.294s][info][gc,start       ] GC(483) Pause Young (GCLocker Initiated GC)
[708.297s][info][gc,heap        ] GC(483) PSYoungGen: 678453K->6022K(687616K)
[708.297s][info][gc,heap        ] GC(483) PSOldGen: 167413K->169089K(1398272K)
[708.297s][info][gc,metaspace   ] GC(483) Metaspace: 91401K(98736K)->91401K(98736K) NonClass: 79817K(83888K)->79817K(83888K) Class: 11583K(14848K)->11583K(14848K)
[708.297s][info][gc             ] GC(483) Pause Young (GCLocker Initiated GC) 826M->171M(2037M) 3.025ms
[708.297s][info][gc,cpu         ] GC(483) User=0.00s Sys=0.00s Real=0.00s
[710.048s][info][gc,start       ] GC(484) Pause Young (Allocation Failure)
[710.052s][info][gc,heap        ] GC(484) PSYoungGen: 682374K->5344K(687616K)
[710.052s][info][gc,heap        ] GC(484) PSOldGen: 169091K->170991K(1398272K)
[710.052s][info][gc,metaspace   ] GC(484) Metaspace: 91401K(98736K)->91401K(98736K) NonClass: 79817K(83888K)->79817K(83888K) Class: 11583K(14848K)->11583K(14848K)
[710.052s][info][gc             ] GC(484) Pause Young (Allocation Failure) 831M->172M(2037M) 3.836ms
[710.052s][info][gc,cpu         ] GC(484) User=0.02s Sys=0.00s Real=0.01s
[710.780s][info][gc,start       ] GC(485) Pause Young (Allocation Failure)
[710.783s][info][gc,heap        ] GC(485) PSYoungGen: 681696K->3243K(688640K)
[710.783s][info][gc,heap        ] GC(485) PSOldGen: 170991K->173290K(1398272K)
[710.783s][info][gc,metaspace   ] GC(485) Metaspace: 91401K(98736K)->91401K(98736K) NonClass: 79817K(83888K)->79817K(83888K) Class: 11583K(14848K)->11583K(14848K)
[710.783s][info][gc             ] GC(485) Pause Young (Allocation Failure) 832M->172M(2038M) 3.078ms
[710.783s][info][gc,cpu         ] GC(485) User=0.09s Sys=0.00s Real=0.01s
[713.020s][info][gc,start       ] GC(486) Pause Young (Allocation Failure)
[713.023s][info][gc,heap        ] GC(486) PSYoungGen: 680950K->3135K(688128K)
[713.023s][info][gc,heap        ] GC(486) PSOldGen: 173290K->176163K(1398272K)
[713.023s][info][gc,metaspace   ] GC(486) Metaspace: 91401K(98736K)->91401K(98736K) NonClass: 79817K(83888K)->79817K(83888K) Class: 11583K(14848K)->11583K(14848K)
[713.023s][info][gc             ] GC(486) Pause Young (Allocation Failure) 834M->175M(2037M) 2.445ms
[713.023s][info][gc,cpu         ] GC(486) User=0.00s Sys=0.00s Real=0.00s
[715.250s][info][gc,start       ] GC(487) Pause Young (Allocation Failure)
[715.253s][info][gc,heap        ] GC(487) PSYoungGen: 681023K->4056K(689152K)
[715.253s][info][gc,heap        ] GC(487) PSOldGen: 176163K->177981K(1398272K)
[715.253s][info][gc,metaspace   ] GC(487) Metaspace: 91401K(98736K)->91401K(98736K) NonClass: 79817K(83888K)->79817K(83888K) Class: 11583K(14848K)->11583K(14848K)
[715.253s][info][gc             ] GC(487) Pause Young (Allocation Failure) 837M->177M(2038M) 3.132ms
[715.253s][info][gc,cpu         ] GC(487) User=0.06s Sys=0.00s Real=0.00s
[716.095s][info][gc,start       ] GC(488) Pause Young (Allocation Failure)
[716.098s][info][gc,heap        ] GC(488) PSYoungGen: 682446K->3971K(688640K)
[716.098s][info][gc,heap        ] GC(488) PSOldGen: 177981K->179491K(1398272K)
[716.098s][info][gc,metaspace   ] GC(488) Metaspace: 91401K(98736K)->91401K(98736K) NonClass: 79817K(83888K)->79817K(83888K) Class: 11583K(14848K)->11583K(14848K)
[716.098s][info][gc             ] GC(488) Pause Young (Allocation Failure) 840M->179M(2038M) 3.281ms
[716.098s][info][gc,cpu         ] GC(488) User=0.02s Sys=0.00s Real=0.01s
[717.478s][info][gc,start       ] GC(489) Pause Young (Allocation Failure)
[717.481s][info][gc,heap        ] GC(489) PSYoungGen: 682883K->4241K(690176K)
[717.481s][info][gc,heap        ] GC(489) PSOldGen: 179491K->182357K(1398272K)
[717.481s][info][gc,metaspace   ] GC(489) Metaspace: 91401K(98736K)->91401K(98736K) NonClass: 79817K(83888K)->79817K(83888K) Class: 11583K(14848K)->11583K(14848K)
[717.481s][info][gc             ] GC(489) Pause Young (Allocation Failure) 842M->182M(2039M) 3.197ms
[717.481s][info][gc,cpu         ] GC(489) User=0.00s Sys=0.00s Real=0.00s
[719.742s][info][gc,start       ] GC(490) Pause Young (Allocation Failure)
[719.745s][info][gc,heap        ] GC(490) PSYoungGen: 684890K->2514K(689664K)
[719.745s][info][gc,heap        ] GC(490) PSOldGen: 182357K->184292K(1398272K)
[719.745s][info][gc,metaspace   ] GC(490) Metaspace: 91401K(98736K)->91401K(98736K) NonClass: 79817K(83888K)->79817K(83888K) Class: 11583K(14848K)->11583K(14848K)
[719.745s][info][gc             ] GC(490) Pause Young (Allocation Failure) 846M->182M(2039M) 2.760ms
[719.745s][info][gc,cpu         ] GC(490) User=0.00s Sys=0.00s Real=0.01s
[721.720s][info][gc,start       ] GC(491) Pause Young (Allocation Failure)
[721.723s][info][gc,heap        ] GC(491) PSYoungGen: 683474K->3741K(690688K)
[721.723s][info][gc,heap        ] GC(491) PSOldGen: 184292K->186095K(1398272K)
[721.723s][info][gc,metaspace   ] GC(491) Metaspace: 91401K(98736K)->91401K(98736K) NonClass: 79817K(83888K)->79817K(83888K) Class: 11583K(14848K)->11583K(14848K)
[721.723s][info][gc             ] GC(491) Pause Young (Allocation Failure) 847M->185M(2040M) 2.951ms
[721.723s][info][gc,cpu         ] GC(491) User=0.00s Sys=0.00s Real=0.00s
[722.487s][info][gc,start       ] GC(492) Pause Young (Allocation Failure)
[722.490s][info][gc,heap        ] GC(492) PSYoungGen: 685725K->3217K(690176K)
[722.490s][info][gc,heap        ] GC(492) PSOldGen: 186095K->188214K(1398272K)
[722.490s][info][gc,metaspace   ] GC(492) Metaspace: 91401K(98736K)->91401K(98736K) NonClass: 79817K(83888K)->79817K(83888K) Class: 11583K(14848K)->11583K(14848K)
[722.490s][info][gc             ] GC(492) Pause Young (Allocation Failure) 851M->186M(2039M) 2.964ms
[722.490s][info][gc,cpu         ] GC(492) User=0.00s Sys=0.00s Real=0.00s
[724.677s][info][gc,start       ] GC(493) Pause Young (Allocation Failure)
[724.680s][info][gc,heap        ] GC(493) PSYoungGen: 684914K->2462K(690688K)
[724.680s][info][gc,heap        ] GC(493) PSOldGen: 188214K->190917K(1398272K)
[724.680s][info][gc,metaspace   ] GC(493) Metaspace: 91401K(98736K)->91401K(98736K) NonClass: 79817K(83888K)->79817K(83888K) Class: 11583K(14848K)->11583K(14848K)
[724.680s][info][gc             ] GC(493) Pause Young (Allocation Failure) 852M->188M(2040M) 2.673ms
[724.680s][info][gc,cpu         ] GC(493) User=0.00s Sys=0.00s Real=0.00s
[725.348s][info][gc,start       ] GC(494) Pause Young (Allocation Failure)
[725.352s][info][gc,heap        ] GC(494) PSYoungGen: 682133K->8163K(690688K)
[725.352s][info][gc,heap        ] GC(494) PSOldGen: 190917K->201317K(1398272K)
[725.352s][info][gc,metaspace   ] GC(494) Metaspace: 91401K(98736K)->91401K(98736K) NonClass: 79817K(83888K)->79817K(83888K) Class: 11583K(14848K)->11583K(14848K)
[725.352s][info][gc             ] GC(494) Pause Young (Allocation Failure) 852M->204M(2040M) 3.991ms
[725.352s][info][gc,cpu         ] GC(494) User=0.00s Sys=0.00s Real=0.00s
[726.928s][info][gc,start       ] GC(495) Pause Young (Allocation Failure)
[726.932s][info][gc,heap        ] GC(495) PSYoungGen: 690659K->3125K(681472K)
[726.932s][info][gc,heap        ] GC(495) PSOldGen: 201317K->204268K(1398272K)
[726.932s][info][gc,metaspace   ] GC(495) Metaspace: 91401K(98736K)->91401K(98736K) NonClass: 79817K(83888K)->79817K(83888K) Class: 11583K(14848K)->11583K(14848K)
[726.932s][info][gc             ] GC(495) Pause Young (Allocation Failure) 871M->202M(2031M) 4.013ms
[726.932s][info][gc,cpu         ] GC(495) User=0.00s Sys=0.00s Real=0.00s
[728.445s][info][gc,start       ] GC(496) Pause Young (Allocation Failure)
[728.449s][info][gc,heap        ] GC(496) PSYoungGen: 676405K->3940K(686080K)
[728.449s][info][gc,heap        ] GC(496) PSOldGen: 204268K->206376K(1398272K)
[728.449s][info][gc,metaspace   ] GC(496) Metaspace: 91401K(98736K)->91401K(98736K) NonClass: 79817K(83888K)->79817K(83888K) Class: 11583K(14848K)->11583K(14848K)
[728.449s][info][gc             ] GC(496) Pause Young (Allocation Failure) 860M->205M(2035M) 4.827ms
[728.450s][info][gc,cpu         ] GC(496) User=0.00s Sys=0.00s Real=0.00s
[729.212s][info][gc,start       ] GC(497) Pause Young (Allocation Failure)
[729.215s][info][gc,heap        ] GC(497) PSYoungGen: 677220K->3500K(687104K)
[729.215s][info][gc,heap        ] GC(497) PSOldGen: 206376K->208535K(1398272K)
[729.215s][info][gc,metaspace   ] GC(497) Metaspace: 91401K(98736K)->91401K(98736K) NonClass: 79817K(83888K)->79817K(83888K) Class: 11583K(14848K)->11583K(14848K)
[729.215s][info][gc             ] GC(497) Pause Young (Allocation Failure) 862M->207M(2036M) 2.831ms
[729.215s][info][gc,cpu         ] GC(497) User=0.00s Sys=0.00s Real=0.01s
[731.347s][info][gc,start       ] GC(498) Pause Young (Allocation Failure)
[731.350s][info][gc,heap        ] GC(498) PSYoungGen: 678299K->3315K(686592K)
[731.350s][info][gc,heap        ] GC(498) PSOldGen: 208535K->211504K(1398272K)
[731.350s][info][gc,metaspace   ] GC(498) Metaspace: 91401K(98736K)->91401K(98736K) NonClass: 79817K(83888K)->79817K(83888K) Class: 11583K(14848K)->11583K(14848K)
[731.350s][info][gc             ] GC(498) Pause Young (Allocation Failure) 866M->209M(2036M) 3.299ms
[731.350s][info][gc,cpu         ] GC(498) User=0.00s Sys=0.00s Real=0.01s
[731.955s][info][gc,start       ] GC(499) Pause Young (Allocation Failure)
[731.958s][info][gc,heap        ] GC(499) PSYoungGen: 677312K->2613K(687616K)
[731.958s][info][gc,heap        ] GC(499) PSOldGen: 211504K->213949K(1398272K)
[731.958s][info][gc,metaspace   ] GC(499) Metaspace: 91401K(98736K)->91401K(98736K) NonClass: 79817K(83888K)->79817K(83888K) Class: 11583K(14848K)->11583K(14848K)
[731.958s][info][gc             ] GC(499) Pause Young (Allocation Failure) 867M->211M(2037M) 3.308ms
[731.958s][info][gc,cpu         ] GC(499) User=0.00s Sys=0.00s Real=0.00s
[733.878s][info][gc,start       ] GC(500) Pause Young (Allocation Failure)
[733.881s][info][gc,heap        ] GC(500) PSYoungGen: 678965K->4639K(687616K)
[733.881s][info][gc,heap        ] GC(500) PSOldGen: 213949K->215661K(1398272K)
[733.881s][info][gc,metaspace   ] GC(500) Metaspace: 91401K(98736K)->91401K(98736K) NonClass: 79817K(83888K)->79817K(83888K) Class: 11583K(14848K)->11583K(14848K)
[733.881s][info][gc             ] GC(500) Pause Young (Allocation Failure) 871M->215M(2037M) 2.806ms
[733.881s][info][gc,cpu         ] GC(500) User=0.00s Sys=0.00s Real=0.00s
[735.317s][info][gc,start       ] GC(501) Pause Young (Allocation Failure)
[735.321s][info][gc,heap        ] GC(501) PSYoungGen: 680991K->7529K(687104K)
[735.321s][info][gc,heap        ] GC(501) PSOldGen: 215661K->217976K(1398272K)
[735.321s][info][gc,metaspace   ] GC(501) Metaspace: 91401K(98736K)->91401K(98736K) NonClass: 79818K(83888K)->79818K(83888K) Class: 11583K(14848K)->11583K(14848K)
[735.321s][info][gc             ] GC(501) Pause Young (Allocation Failure) 875M->220M(2036M) 4.139ms
[735.322s][info][gc,cpu         ] GC(501) User=0.00s Sys=0.00s Real=0.00s
[735.544s][info][gc,start       ] GC(502) Pause Young (System.gc())
[735.545s][info][gc,heap        ] GC(502) PSYoungGen: 255931K->480K(687616K)
[735.546s][info][gc,heap        ] GC(502) PSOldGen: 217976K->220100K(1398272K)
[735.546s][info][gc,metaspace   ] GC(502) Metaspace: 91401K(98736K)->91401K(98736K) NonClass: 79818K(83888K)->79818K(83888K) Class: 11583K(14848K)->11583K(14848K)
[735.546s][info][gc             ] GC(502) Pause Young (System.gc()) 462M->215M(2037M) 2.003ms
[735.546s][info][gc,cpu         ] GC(502) User=0.00s Sys=0.00s Real=0.00s
[735.546s][info][gc,start       ] GC(503) Pause Full (System.gc())
[735.548s][info][gc,phases,start] GC(503) Phase 1: Mark live objects
[735.605s][info][gc,phases      ] GC(503) Phase 1: Mark live objects 57.197ms
[735.605s][info][gc,phases,start] GC(503) Phase 2: Compute new object addresses
[735.621s][info][gc,phases      ] GC(503) Phase 2: Compute new object addresses 15.689ms
[735.621s][info][gc,phases,start] GC(503) Phase 3: Adjust pointers
[735.658s][info][gc,phases      ] GC(503) Phase 3: Adjust pointers 37.016ms
[735.658s][info][gc,phases,start] GC(503) Phase 4: Move objects
[735.666s][info][gc,phases      ] GC(503) Phase 4: Move objects 7.938ms
[735.668s][info][gc,heap        ] GC(503) PSYoungGen: 480K->0K(687616K)
[735.668s][info][gc,heap        ] GC(503) PSOldGen: 220100K->153846K(1398272K)
[735.668s][info][gc,metaspace   ] GC(503) Metaspace: 91401K(98736K)->91401K(98736K) NonClass: 79818K(83888K)->79818K(83888K) Class: 11583K(14848K)->11583K(14848K)
[735.668s][info][gc             ] GC(503) Pause Full (System.gc()) 215M->150M(2037M) 122.713ms
[735.668s][info][gc,cpu         ] GC(503) User=0.12s Sys=0.00s Real=0.13s
[736.616s][info][gc,start       ] GC(504) Pause Young (Allocation Failure)
[736.619s][info][gc,heap        ] GC(504) PSYoungGen: 676352K->3776K(688128K)
[736.619s][info][gc,heap        ] GC(504) PSOldGen: 153846K->153846K(1398272K)
[736.619s][info][gc,metaspace   ] GC(504) Metaspace: 91401K(98736K)->91401K(98736K) NonClass: 79818K(83888K)->79818K(83888K) Class: 11583K(14848K)->11583K(14848K)
[736.619s][info][gc             ] GC(504) Pause Young (Allocation Failure) 810M->153M(2037M) 2.534ms
[736.619s][info][gc,cpu         ] GC(504) User=0.00s Sys=0.00s Real=0.00s
[738.950s][info][gc,start       ] GC(505) Pause Young (Allocation Failure)
[738.953s][info][gc,heap        ] GC(505) PSYoungGen: 677384K->2352K(687616K)
[738.953s][info][gc,heap        ] GC(505) PSOldGen: 153846K->157008K(1398272K)
[738.953s][info][gc,metaspace   ] GC(505) Metaspace: 91401K(98736K)->91401K(98736K) NonClass: 79818K(83888K)->79818K(83888K) Class: 11583K(14848K)->11583K(14848K)
[738.953s][info][gc             ] GC(505) Pause Young (Allocation Failure) 811M->155M(2037M) 2.716ms
[738.953s][info][gc,cpu         ] GC(505) User=0.00s Sys=0.00s Real=0.00s
[741.020s][info][gc,start       ] GC(506) Pause Young (Allocation Failure)
[741.022s][info][gc,heap        ] GC(506) PSYoungGen: 679216K->2447K(688640K)
[741.022s][info][gc,heap        ] GC(506) PSOldGen: 157008K->158724K(1398272K)
[741.022s][info][gc,metaspace   ] GC(506) Metaspace: 91401K(98736K)->91401K(98736K) NonClass: 79818K(83888K)->79818K(83888K) Class: 11583K(14848K)->11583K(14848K)
[741.022s][info][gc             ] GC(506) Pause Young (Allocation Failure) 816M->157M(2038M) 2.308ms
[741.022s][info][gc,cpu         ] GC(506) User=0.00s Sys=0.00s Real=0.00s
[741.682s][info][gc,start       ] GC(507) Pause Young (Allocation Failure)
[741.686s][info][gc,heap        ] GC(507) PSYoungGen: 678000K->8611K(687104K)
[741.686s][info][gc,heap        ] GC(507) PSOldGen: 158724K->172544K(1398272K)
[741.686s][info][gc,metaspace   ] GC(507) Metaspace: 91401K(98736K)->91401K(98736K) NonClass: 79818K(83888K)->79818K(83888K) Class: 11583K(14848K)->11583K(14848K)
[741.686s][info][gc             ] GC(507) Pause Young (Allocation Failure) 817M->176M(2036M) 4.248ms
[741.686s][info][gc,cpu         ] GC(507) User=0.00s Sys=0.00s Real=0.00s
[743.172s][info][gc,start       ] GC(508) Pause Young (Allocation Failure)
[743.175s][info][gc,heap        ] GC(508) PSYoungGen: 687011K->3134K(688128K)
[743.175s][info][gc,heap        ] GC(508) PSOldGen: 172544K->175327K(1398272K)
[743.175s][info][gc,metaspace   ] GC(508) Metaspace: 91401K(98736K)->91401K(98736K) NonClass: 79818K(83888K)->79818K(83888K) Class: 11583K(14848K)->11583K(14848K)
[743.175s][info][gc             ] GC(508) Pause Young (Allocation Failure) 839M->174M(2037M) 2.680ms
[743.175s][info][gc,cpu         ] GC(508) User=0.09s Sys=0.00s Real=0.00s
[745.467s][info][gc,start       ] GC(509) Pause Young (Allocation Failure)
[745.470s][info][gc,heap        ] GC(509) PSYoungGen: 679998K->2472K(687616K)
[745.470s][info][gc,heap        ] GC(509) PSOldGen: 175327K->176999K(1398272K)
[745.470s][info][gc,metaspace   ] GC(509) Metaspace: 91401K(98736K)->91401K(98736K) NonClass: 79818K(83888K)->79818K(83888K) Class: 11583K(14848K)->11583K(14848K)
[745.470s][info][gc             ] GC(509) Pause Young (Allocation Failure) 835M->175M(2037M) 2.491ms
[745.470s][info][gc,cpu         ] GC(509) User=0.00s Sys=0.00s Real=0.00s
[747.327s][info][gc,start       ] GC(510) Pause Young (Allocation Failure)
[747.331s][info][gc,heap        ] GC(510) PSYoungGen: 679336K->4445K(689152K)
[747.331s][info][gc,heap        ] GC(510) PSOldGen: 176999K->178814K(1398272K)
[747.331s][info][gc,metaspace   ] GC(510) Metaspace: 91403K(98736K)->91403K(98736K) NonClass: 79820K(83888K)->79820K(83888K) Class: 11583K(14848K)->11583K(14848K)
[747.331s][info][gc             ] GC(510) Pause Young (Allocation Failure) 836M->178M(2038M) 3.756ms
[747.331s][info][gc,cpu         ] GC(510) User=0.06s Sys=0.00s Real=0.00s
[748.078s][info][gc,start       ] GC(511) Pause Young (Allocation Failure)
[748.081s][info][gc,heap        ] GC(511) PSYoungGen: 683357K->3285K(688640K)
[748.081s][info][gc,heap        ] GC(511) PSOldGen: 178814K->181186K(1398272K)
[748.081s][info][gc,metaspace   ] GC(511) Metaspace: 91403K(98736K)->91403K(98736K) NonClass: 79820K(83888K)->79820K(83888K) Class: 11583K(14848K)->11583K(14848K)
[748.081s][info][gc             ] GC(511) Pause Young (Allocation Failure) 841M->180M(2038M) 2.867ms
[748.081s][info][gc,cpu         ] GC(511) User=0.08s Sys=0.02s Real=0.01s
[750.295s][info][gc,start       ] GC(512) Pause Young (Allocation Failure)
[750.297s][info][gc,heap        ] GC(512) PSYoungGen: 678289K->2042K(689664K)
[750.297s][info][gc,heap        ] GC(512) PSOldGen: 181186K->184021K(1398272K)
[750.297s][info][gc,metaspace   ] GC(512) Metaspace: 91403K(98736K)->91403K(98736K) NonClass: 79820K(83888K)->79820K(83888K) Class: 11583K(14848K)->11583K(14848K)
[750.297s][info][gc             ] GC(512) Pause Young (Allocation Failure) 839M->181M(2039M) 2.393ms
[750.297s][info][gc,cpu         ] GC(512) User=0.00s Sys=0.00s Real=0.00s
[752.541s][info][gc,start       ] GC(513) Pause Young (Allocation Failure)
[752.543s][info][gc,heap        ] GC(513) PSYoungGen: 680379K->2609K(689152K)
[752.543s][info][gc,heap        ] GC(513) PSOldGen: 184021K->185428K(1398272K)
[752.543s][info][gc,metaspace   ] GC(513) Metaspace: 91403K(98736K)->91403K(98736K) NonClass: 79820K(83888K)->79820K(83888K) Class: 11583K(14848K)->11583K(14848K)
[752.543s][info][gc             ] GC(513) Pause Young (Allocation Failure) 844M->183M(2038M) 2.591ms
[752.543s][info][gc,cpu         ] GC(513) User=0.00s Sys=0.00s Real=0.00s
[753.441s][info][gc,start       ] GC(514) Pause Young (Allocation Failure)
[753.444s][info][gc,heap        ] GC(514) PSYoungGen: 682448K->3307K(690176K)
[753.444s][info][gc,heap        ] GC(514) PSOldGen: 185428K->187407K(1398272K)
[753.444s][info][gc,metaspace   ] GC(514) Metaspace: 91403K(98736K)->91403K(98736K) NonClass: 79820K(83888K)->79820K(83888K) Class: 11583K(14848K)->11583K(14848K)
[753.444s][info][gc             ] GC(514) Pause Young (Allocation Failure) 847M->186M(2039M) 2.514ms
[753.444s][info][gc,cpu         ] GC(514) User=0.00s Sys=0.00s Real=0.00s
[754.778s][info][gc,start       ] GC(515) Pause Young (Allocation Failure)
[754.781s][info][gc,heap        ] GC(515) PSYoungGen: 684267K->3749K(689664K)
[754.781s][info][gc,heap        ] GC(515) PSOldGen: 187407K->190141K(1398272K)
[754.781s][info][gc,metaspace   ] GC(515) Metaspace: 91403K(98736K)->91403K(98736K) NonClass: 79820K(83888K)->79820K(83888K) Class: 11583K(14848K)->11583K(14848K)
[754.781s][info][gc             ] GC(515) Pause Young (Allocation Failure) 851M->189M(2039M) 3.125ms
[754.781s][info][gc,cpu         ] GC(515) User=0.00s Sys=0.00s Real=0.00s
[756.962s][info][gc,start       ] GC(516) Pause Young (Allocation Failure)
[756.965s][info][gc,heap        ] GC(516) PSYoungGen: 684709K->3061K(691200K)
[756.965s][info][gc,heap        ] GC(516) PSOldGen: 190141K->192332K(1398272K)
[756.965s][info][gc,metaspace   ] GC(516) Metaspace: 91403K(98736K)->91403K(98736K) NonClass: 79820K(83888K)->79820K(83888K) Class: 11583K(14848K)->11583K(14848K)
[756.965s][info][gc             ] GC(516) Pause Young (Allocation Failure) 854M->190M(2040M) 2.958ms
[756.965s][info][gc,cpu         ] GC(516) User=0.00s Sys=0.00s Real=0.00s
[759.016s][info][gc,start       ] GC(517) Pause Young (Allocation Failure)
[759.019s][info][gc,heap        ] GC(517) PSYoungGen: 685706K->2931K(690688K)
[759.019s][info][gc,heap        ] GC(517) PSOldGen: 192332K->194105K(1398272K)
[759.019s][info][gc,metaspace   ] GC(517) Metaspace: 91403K(98736K)->91403K(98736K) NonClass: 79820K(83888K)->79820K(83888K) Class: 11583K(14848K)->11583K(14848K)
[759.019s][info][gc             ] GC(517) Pause Young (Allocation Failure) 857M->192M(2040M) 2.804ms
[759.019s][info][gc,cpu         ] GC(517) User=0.08s Sys=0.00s Real=0.00s
[759.785s][info][gc,start       ] GC(518) Pause Young (Allocation Failure)
[759.788s][info][gc,heap        ] GC(518) PSYoungGen: 685939K->3291K(691712K)
[759.788s][info][gc,heap        ] GC(518) PSOldGen: 194105K->196322K(1398272K)
[759.788s][info][gc,metaspace   ] GC(518) Metaspace: 91403K(98736K)->91403K(98736K) NonClass: 79820K(83888K)->79820K(83888K) Class: 11583K(14848K)->11583K(14848K)
[759.788s][info][gc             ] GC(518) Pause Young (Allocation Failure) 859M->194M(2041M) 2.678ms
[759.788s][info][gc,cpu         ] GC(518) User=0.00s Sys=0.00s Real=0.00s
[761.970s][info][gc,start       ] GC(519) Pause Young (Allocation Failure)
[761.972s][info][gc,heap        ] GC(519) PSYoungGen: 687323K->3944K(691200K)
[761.972s][info][gc,heap        ] GC(519) PSOldGen: 196322K->199055K(1398272K)
[761.972s][info][gc,metaspace   ] GC(519) Metaspace: 91403K(98736K)->91403K(98736K) NonClass: 79820K(83888K)->79820K(83888K) Class: 11583K(14848K)->11583K(14848K)
[761.972s][info][gc             ] GC(519) Pause Young (Allocation Failure) 862M->198M(2040M) 2.726ms
[761.972s][info][gc,cpu         ] GC(519) User=0.02s Sys=0.00s Real=0.01s
[762.644s][info][gc,start       ] GC(520) Pause Young (Allocation Failure)
[762.648s][info][gc,heap        ] GC(520) PSYoungGen: 684326K->5301K(691712K)
[762.648s][info][gc,heap        ] GC(520) PSOldGen: 199055K->208723K(1398272K)
[762.648s][info][gc,metaspace   ] GC(520) Metaspace: 91403K(98736K)->91403K(98736K) NonClass: 79820K(83888K)->79820K(83888K) Class: 11583K(14848K)->11583K(14848K)
[762.648s][info][gc             ] GC(520) Pause Young (Allocation Failure) 862M->209M(2041M) 3.549ms
[762.648s][info][gc,cpu         ] GC(520) User=0.00s Sys=0.00s Real=0.00s
[764.225s][info][gc,start       ] GC(521) Pause Young (Allocation Failure)
[764.228s][info][gc,heap        ] GC(521) PSYoungGen: 689845K->3194K(691712K)
[764.228s][info][gc,heap        ] GC(521) PSOldGen: 208723K->211701K(1398272K)
[764.228s][info][gc,metaspace   ] GC(521) Metaspace: 91404K(98736K)->91404K(98736K) NonClass: 79821K(83888K)->79821K(83888K) Class: 11583K(14848K)->11583K(14848K)
[764.228s][info][gc             ] GC(521) Pause Young (Allocation Failure) 877M->209M(2041M) 2.880ms
[764.228s][info][gc,cpu         ] GC(521) User=0.00s Sys=0.00s Real=0.00s
[765.839s][info][gc,start       ] GC(522) Pause Young (Allocation Failure)
[765.841s][info][gc,heap        ] GC(522) PSYoungGen: 687738K->3521K(692224K)
[765.842s][info][gc,heap        ] GC(522) PSOldGen: 211701K->213862K(1398272K)
[765.842s][info][gc,metaspace   ] GC(522) Metaspace: 91404K(98736K)->91404K(98736K) NonClass: 79821K(83888K)->79821K(83888K) Class: 11583K(14848K)->11583K(14848K)
[765.842s][info][gc             ] GC(522) Pause Young (Allocation Failure) 878M->212M(2041M) 2.786ms
[765.842s][info][gc,cpu         ] GC(522) User=0.00s Sys=0.00s Real=0.00s
[766.536s][info][gc,start       ] GC(523) Pause Young (Allocation Failure)
[766.539s][info][gc,heap        ] GC(523) PSYoungGen: 688577K->4111K(691712K)
[766.539s][info][gc,heap        ] GC(523) PSOldGen: 213862K->216073K(1398272K)
[766.539s][info][gc,metaspace   ] GC(523) Metaspace: 91404K(98736K)->91404K(98736K) NonClass: 79821K(83888K)->79821K(83888K) Class: 11583K(14848K)->11583K(14848K)
[766.539s][info][gc             ] GC(523) Pause Young (Allocation Failure) 881M->215M(2041M) 2.805ms
[766.539s][info][gc,cpu         ] GC(523) User=0.00s Sys=0.00s Real=0.00s
[768.661s][info][gc,start       ] GC(524) Pause Young (Allocation Failure)
[768.664s][info][gc,heap        ] GC(524) PSYoungGen: 689167K->3967K(692224K)
[768.664s][info][gc,heap        ] GC(524) PSOldGen: 216073K->218991K(1398272K)
[768.664s][info][gc,metaspace   ] GC(524) Metaspace: 91413K(98736K)->91413K(98736K) NonClass: 79830K(83888K)->79830K(83888K) Class: 11583K(14848K)->11583K(14848K)
[768.664s][info][gc             ] GC(524) Pause Young (Allocation Failure) 884M->217M(2041M) 3.258ms
[768.664s][info][gc,cpu         ] GC(524) User=0.00s Sys=0.00s Real=0.01s
[769.259s][info][gc,start       ] GC(525) Pause Young (Allocation Failure)
[769.261s][info][gc,heap        ] GC(525) PSYoungGen: 689535K->3764K(692224K)
[769.261s][info][gc,heap        ] GC(525) PSOldGen: 218991K->221529K(1398272K)
[769.261s][info][gc,metaspace   ] GC(525) Metaspace: 91413K(98736K)->91413K(98736K) NonClass: 79830K(83888K)->79830K(83888K) Class: 11583K(14848K)->11583K(14848K)
[769.261s][info][gc             ] GC(525) Pause Young (Allocation Failure) 887M->220M(2041M) 2.459ms
[769.261s][info][gc,cpu         ] GC(525) User=0.00s Sys=0.00s Real=0.00s
[771.489s][info][gc,start       ] GC(526) Pause Young (Allocation Failure)
[771.491s][info][gc,heap        ] GC(526) PSYoungGen: 688560K->2678K(692736K)
[771.491s][info][gc,heap        ] GC(526) PSOldGen: 221529K->223467K(1398272K)
[771.491s][info][gc,metaspace   ] GC(526) Metaspace: 91413K(98736K)->91413K(98736K) NonClass: 79830K(83888K)->79830K(83888K) Class: 11583K(14848K)->11583K(14848K)
[771.491s][info][gc             ] GC(526) Pause Young (Allocation Failure) 888M->220M(2042M) 2.799ms
[771.491s][info][gc,cpu         ] GC(526) User=0.00s Sys=0.00s Real=0.01s
[772.676s][info][gc,start       ] GC(527) Pause Young (Allocation Failure)
[772.680s][info][gc,heap        ] GC(527) PSYoungGen: 689270K->6136K(692736K)
[772.680s][info][gc,heap        ] GC(527) PSOldGen: 223467K->225575K(1398272K)
[772.680s][info][gc,metaspace   ] GC(527) Metaspace: 91413K(98736K)->91413K(98736K) NonClass: 79830K(83888K)->79830K(83888K) Class: 11583K(14848K)->11583K(14848K)
[772.680s][info][gc             ] GC(527) Pause Young (Allocation Failure) 891M->226M(2042M) 4.208ms
[772.680s][info][gc,cpu         ] GC(527) User=0.00s Sys=0.00s Real=0.00s
[772.777s][info][gc,start       ] GC(528) Pause Young (System.gc())
[772.779s][info][gc,heap        ] GC(528) PSYoungGen: 179278K->512K(688640K)
[772.779s][info][gc,heap        ] GC(528) PSOldGen: 225575K->227453K(1398272K)
[772.779s][info][gc,metaspace   ] GC(528) Metaspace: 91415K(98736K)->91415K(98736K) NonClass: 79831K(83888K)->79831K(83888K) Class: 11583K(14848K)->11583K(14848K)
[772.779s][info][gc             ] GC(528) Pause Young (System.gc()) 395M->222M(2038M) 2.217ms
[772.779s][info][gc,cpu         ] GC(528) User=0.00s Sys=0.00s Real=0.00s
[772.779s][info][gc,start       ] GC(529) Pause Full (System.gc())
[772.781s][info][gc,phases,start] GC(529) Phase 1: Mark live objects
[772.838s][info][gc,phases      ] GC(529) Phase 1: Mark live objects 56.487ms
[772.838s][info][gc,phases,start] GC(529) Phase 2: Compute new object addresses
[772.852s][info][gc,phases      ] GC(529) Phase 2: Compute new object addresses 14.667ms
[772.852s][info][gc,phases,start] GC(529) Phase 3: Adjust pointers
[772.890s][info][gc,phases      ] GC(529) Phase 3: Adjust pointers 37.912ms
[772.890s][info][gc,phases,start] GC(529) Phase 4: Move objects
[772.902s][info][gc,phases      ] GC(529) Phase 4: Move objects 11.437ms
[772.904s][info][gc,heap        ] GC(529) PSYoungGen: 512K->0K(688640K)
[772.904s][info][gc,heap        ] GC(529) PSOldGen: 227453K->83521K(1398272K)
[772.904s][info][gc,metaspace   ] GC(529) Metaspace: 91415K(98736K)->91415K(98736K) NonClass: 79831K(83888K)->79831K(83888K) Class: 11583K(14848K)->11583K(14848K)
[772.904s][info][gc             ] GC(529) Pause Full (System.gc()) 222M->81M(2038M) 125.266ms
[772.904s][info][gc,cpu         ] GC(529) User=0.12s Sys=0.00s Real=0.13s
[773.798s][info][gc,start       ] GC(530) Pause Young (Allocation Failure)
[773.801s][info][gc,heap        ] GC(530) PSYoungGen: 682496K->3585K(690688K)
[773.801s][info][gc,heap        ] GC(530) PSOldGen: 83521K->83521K(1398272K)
[773.801s][info][gc,metaspace   ] GC(530) Metaspace: 91415K(98736K)->91415K(98736K) NonClass: 79831K(83888K)->79831K(83888K) Class: 11583K(14848K)->11583K(14848K)
[773.801s][info][gc             ] GC(530) Pause Young (Allocation Failure) 748M->85M(2040M) 2.435ms
[773.801s][info][gc,cpu         ] GC(530) User=0.00s Sys=0.00s Real=0.00s
[776.166s][info][gc,start       ] GC(531) Pause Young (Allocation Failure)
[776.168s][info][gc,heap        ] GC(531) PSYoungGen: 686081K->2304K(691200K)
[776.168s][info][gc,heap        ] GC(531) PSOldGen: 83521K->86120K(1398272K)
[776.168s][info][gc,metaspace   ] GC(531) Metaspace: 91415K(98736K)->91415K(98736K) NonClass: 79831K(83888K)->79831K(83888K) Class: 11583K(14848K)->11583K(14848K)
[776.168s][info][gc             ] GC(531) Pause Young (Allocation Failure) 751M->86M(2040M) 2.355ms
[776.168s][info][gc,cpu         ] GC(531) User=0.00s Sys=0.00s Real=0.00s
[778.260s][info][gc,start       ] GC(532) Pause Young (Allocation Failure)
[778.263s][info][gc,heap        ] GC(532) PSYoungGen: 685417K->3358K(691200K)
[778.263s][info][gc,heap        ] GC(532) PSOldGen: 86120K->87557K(1398272K)
[778.263s][info][gc,metaspace   ] GC(532) Metaspace: 91415K(98736K)->91415K(98736K) NonClass: 79831K(83888K)->79831K(83888K) Class: 11583K(14848K)->11583K(14848K)
[778.263s][info][gc             ] GC(532) Pause Young (Allocation Failure) 753M->88M(2040M) 2.438ms
[778.263s][info][gc,cpu         ] GC(532) User=0.00s Sys=0.00s Real=0.00s
[778.907s][info][gc,start       ] GC(533) Pause Young (Allocation Failure)
[778.910s][info][gc,heap        ] GC(533) PSYoungGen: 685952K->7139K(687616K)
[778.910s][info][gc,heap        ] GC(533) PSOldGen: 87557K->90826K(1398272K)
[778.910s][info][gc,metaspace   ] GC(533) Metaspace: 91415K(98736K)->91415K(98736K) NonClass: 79831K(83888K)->79831K(83888K) Class: 11583K(14848K)->11583K(14848K)
[778.910s][info][gc             ] GC(533) Pause Young (Allocation Failure) 755M->95M(2037M) 3.194ms
[778.910s][info][gc,cpu         ] GC(533) User=0.03s Sys=0.02s Real=0.00s
[780.531s][info][gc,start       ] GC(534) Pause Young (Allocation Failure)
[780.534s][info][gc,heap        ] GC(534) PSYoungGen: 687587K->8352K(689152K)
[780.534s][info][gc,heap        ] GC(534) PSOldGen: 90826K->97795K(1398272K)
[780.535s][info][gc,metaspace   ] GC(534) Metaspace: 91415K(98736K)->91415K(98736K) NonClass: 79831K(83888K)->79831K(83888K) Class: 11583K(14848K)->11583K(14848K)
[780.535s][info][gc             ] GC(534) Pause Young (Allocation Failure) 760M->103M(2038M) 3.327ms
[780.535s][info][gc,cpu         ] GC(534) User=0.09s Sys=0.00s Real=0.00s
[782.923s][info][gc,start       ] GC(535) Pause Young (GCLocker Initiated GC)
[782.926s][info][gc,heap        ] GC(535) PSYoungGen: 688800K->4488K(689152K)
[782.926s][info][gc,heap        ] GC(535) PSOldGen: 97816K->103670K(1398272K)
[782.926s][info][gc,metaspace   ] GC(535) Metaspace: 91415K(98736K)->91415K(98736K) NonClass: 79831K(83888K)->79831K(83888K) Class: 11583K(14848K)->11583K(14848K)
[782.926s][info][gc             ] GC(535) Pause Young (GCLocker Initiated GC) 768M->105M(2038M) 3.079ms
[782.926s][info][gc,cpu         ] GC(535) User=0.02s Sys=0.00s Real=0.00s
[784.589s][info][gc,start       ] GC(536) Pause Young (Allocation Failure)
[784.594s][info][gc,heap        ] GC(536) PSYoungGen: 683912K->7233K(687104K)
[784.594s][info][gc,heap        ] GC(536) PSOldGen: 103671K->105930K(1398272K)
[784.594s][info][gc,metaspace   ] GC(536) Metaspace: 91415K(98736K)->91415K(98736K) NonClass: 79831K(83888K)->79831K(83888K) Class: 11583K(14848K)->11583K(14848K)
[784.594s][info][gc             ] GC(536) Pause Young (Allocation Failure) 769M->110M(2036M) 4.494ms
[784.594s][info][gc,cpu         ] GC(536) User=0.00s Sys=0.00s Real=0.00s
[785.341s][info][gc,start       ] GC(537) Pause Young (Allocation Failure)
[785.343s][info][gc,heap        ] GC(537) PSYoungGen: 686550K->3358K(688640K)
[785.343s][info][gc,heap        ] GC(537) PSOldGen: 105930K->108192K(1398272K)
[785.343s][info][gc,metaspace   ] GC(537) Metaspace: 91415K(98736K)->91415K(98736K) NonClass: 79831K(83888K)->79831K(83888K) Class: 11583K(14848K)->11583K(14848K)
[785.343s][info][gc             ] GC(537) Pause Young (Allocation Failure) 773M->108M(2038M) 2.764ms
[785.343s][info][gc,cpu         ] GC(537) User=0.00s Sys=0.00s Real=0.00s
[787.764s][info][gc,start       ] GC(538) Pause Young (Allocation Failure)
[787.767s][info][gc,heap        ] GC(538) PSYoungGen: 680787K->2704K(688640K)
[787.767s][info][gc,heap        ] GC(538) PSOldGen: 108192K->111111K(1398272K)
[787.767s][info][gc,metaspace   ] GC(538) Metaspace: 91415K(98736K)->91415K(98736K) NonClass: 79831K(83888K)->79831K(83888K) Class: 11583K(14848K)->11583K(14848K)
[787.767s][info][gc             ] GC(538) Pause Young (Allocation Failure) 770M->111M(2038M) 3.179ms
[787.767s][info][gc,cpu         ] GC(538) User=0.03s Sys=0.00s Real=0.00s
[789.961s][info][gc,start       ] GC(539) Pause Young (Allocation Failure)
[789.963s][info][gc,heap        ] GC(539) PSYoungGen: 681104K->5098K(689152K)
[789.963s][info][gc,heap        ] GC(539) PSOldGen: 111111K->112896K(1398272K)
[789.963s][info][gc,metaspace   ] GC(539) Metaspace: 91415K(98736K)->91415K(98736K) NonClass: 79831K(83888K)->79831K(83888K) Class: 11583K(14848K)->11583K(14848K)
[789.963s][info][gc             ] GC(539) Pause Young (Allocation Failure) 773M->115M(2038M) 2.754ms
[789.964s][info][gc,cpu         ] GC(539) User=0.00s Sys=0.00s Real=0.00s
[790.695s][info][gc,start       ] GC(540) Pause Young (Allocation Failure)
[790.699s][info][gc,heap        ] GC(540) PSYoungGen: 682288K->8627K(688128K)
[790.699s][info][gc,heap        ] GC(540) PSOldGen: 112896K->114411K(1398272K)
[790.699s][info][gc,metaspace   ] GC(540) Metaspace: 91415K(98736K)->91415K(98736K) NonClass: 79831K(83888K)->79831K(83888K) Class: 11583K(14848K)->11583K(14848K)
[790.699s][info][gc             ] GC(540) Pause Young (Allocation Failure) 776M->120M(2037M) 3.449ms
[790.699s][info][gc,cpu         ] GC(540) User=0.00s Sys=0.00s Real=0.01s
[792.181s][info][gc,start       ] GC(541) Pause Young (Allocation Failure)
[792.184s][info][gc,heap        ] GC(541) PSYoungGen: 688051K->2613K(688128K)
[792.184s][info][gc,heap        ] GC(541) PSOldGen: 114411K->117500K(1398272K)
[792.184s][info][gc,metaspace   ] GC(541) Metaspace: 91415K(98736K)->91415K(98736K) NonClass: 79831K(83888K)->79831K(83888K) Class: 11583K(14848K)->11583K(14848K)
[792.184s][info][gc             ] GC(541) Pause Young (Allocation Failure) 783M->117M(2037M) 2.609ms
[792.184s][info][gc,cpu         ] GC(541) User=0.00s Sys=0.00s Real=0.01s
[794.429s][info][gc,start       ] GC(542) Pause Young (Allocation Failure)
[794.431s][info][gc,heap        ] GC(542) PSYoungGen: 679251K->2557K(688128K)
[794.431s][info][gc,heap        ] GC(542) PSOldGen: 117500K->119166K(1398272K)
[794.431s][info][gc,metaspace   ] GC(542) Metaspace: 91415K(98736K)->91415K(98736K) NonClass: 79831K(83888K)->79831K(83888K) Class: 11583K(14848K)->11583K(14848K)
[794.431s][info][gc             ] GC(542) Pause Young (Allocation Failure) 778M->118M(2037M) 2.477ms
[794.431s][info][gc,cpu         ] GC(542) User=0.00s Sys=0.00s Real=0.00s
[796.293s][info][gc,start       ] GC(543) Pause Young (Allocation Failure)
[796.297s][info][gc,heap        ] GC(543) PSYoungGen: 679933K->4954K(689152K)
[796.297s][info][gc,heap        ] GC(543) PSOldGen: 119166K->120953K(1398272K)
[796.297s][info][gc,metaspace   ] GC(543) Metaspace: 91415K(98736K)->91415K(98736K) NonClass: 79831K(83888K)->79831K(83888K) Class: 11583K(14848K)->11583K(14848K)
[796.297s][info][gc             ] GC(543) Pause Young (Allocation Failure) 780M->122M(2038M) 3.306ms
[796.297s][info][gc,cpu         ] GC(543) User=0.00s Sys=0.00s Real=0.00s
[797.093s][info][gc,start       ] GC(544) Pause Young (Allocation Failure)
[797.096s][info][gc,heap        ] GC(544) PSYoungGen: 683866K->3217K(688640K)
[797.096s][info][gc,heap        ] GC(544) PSOldGen: 120953K->123177K(1398272K)
[797.096s][info][gc,metaspace   ] GC(544) Metaspace: 91415K(98736K)->91415K(98736K) NonClass: 79831K(83888K)->79831K(83888K) Class: 11583K(14848K)->11583K(14848K)
[797.096s][info][gc             ] GC(544) Pause Young (Allocation Failure) 785M->123M(2038M) 3.138ms
[797.096s][info][gc,cpu         ] GC(544) User=0.06s Sys=0.02s Real=0.00s
[799.256s][info][gc,start       ] GC(545) Pause Young (Allocation Failure)
[799.258s][info][gc,heap        ] GC(545) PSYoungGen: 682129K->3255K(689664K)
[799.258s][info][gc,heap        ] GC(545) PSOldGen: 123177K->125948K(1398272K)
[799.258s][info][gc,metaspace   ] GC(545) Metaspace: 91415K(98736K)->91415K(98736K) NonClass: 79831K(83888K)->79831K(83888K) Class: 11583K(14848K)->11583K(14848K)
[799.258s][info][gc             ] GC(545) Pause Young (Allocation Failure) 786M->126M(2039M) 2.683ms
[799.258s][info][gc,cpu         ] GC(545) User=0.00s Sys=0.00s Real=0.00s
[799.930s][info][gc,start       ] GC(546) Pause Young (Allocation Failure)
[799.934s][info][gc,heap        ] GC(546) PSYoungGen: 681785K->9206K(689152K)
[799.934s][info][gc,heap        ] GC(546) PSOldGen: 125948K->139788K(1398272K)
[799.934s][info][gc,metaspace   ] GC(546) Metaspace: 91415K(98736K)->91415K(98736K) NonClass: 79831K(83888K)->79831K(83888K) Class: 11583K(14848K)->11583K(14848K)
[799.934s][info][gc             ] GC(546) Pause Young (Allocation Failure) 788M->145M(2038M) 4.377ms
[799.934s][info][gc,cpu         ] GC(546) User=0.00s Sys=0.00s Real=0.00s
[801.619s][info][gc,start       ] GC(547) Pause Young (Allocation Failure)
[801.621s][info][gc,heap        ] GC(547) PSYoungGen: 689142K->3491K(677888K)
[801.621s][info][gc,heap        ] GC(547) PSOldGen: 139788K->142575K(1398272K)
[801.621s][info][gc,metaspace   ] GC(547) Metaspace: 91415K(98736K)->91415K(98736K) NonClass: 79831K(83888K)->79831K(83888K) Class: 11583K(14848K)->11583K(14848K)
[801.621s][info][gc             ] GC(547) Pause Young (Allocation Failure) 809M->142M(2027M) 2.841ms
[801.621s][info][gc,cpu         ] GC(547) User=0.00s Sys=0.00s Real=0.00s
[803.129s][info][gc,start       ] GC(548) Pause Young (Allocation Failure)
[803.133s][info][gc,heap        ] GC(548) PSYoungGen: 669721K->12062K(680448K)
[803.133s][info][gc,heap        ] GC(548) PSOldGen: 142575K->144780K(1398272K)
[803.133s][info][gc,metaspace   ] GC(548) Metaspace: 91415K(98736K)->91415K(98736K) NonClass: 79831K(83888K)->79831K(83888K) Class: 11583K(14848K)->11583K(14848K)
[803.133s][info][gc             ] GC(548) Pause Young (Allocation Failure) 793M->153M(2030M) 3.410ms
[803.133s][info][gc,cpu         ] GC(548) User=0.00s Sys=0.00s Real=0.01s
[803.814s][info][gc,start       ] GC(549) Pause Young (Allocation Failure)
[803.817s][info][gc,heap        ] GC(549) PSYoungGen: 680093K->3440K(682496K)
[803.817s][info][gc,heap        ] GC(549) PSOldGen: 144780K->147021K(1398272K)
[803.817s][info][gc,metaspace   ] GC(549) Metaspace: 91415K(98736K)->91415K(98736K) NonClass: 79831K(83888K)->79831K(83888K) Class: 11583K(14848K)->11583K(14848K)
[803.817s][info][gc             ] GC(549) Pause Young (Allocation Failure) 805M->146M(2032M) 2.850ms
[803.817s][info][gc,cpu         ] GC(549) User=0.00s Sys=0.00s Real=0.00s
[805.877s][info][gc,start       ] GC(550) Pause Young (Allocation Failure)
[805.880s][info][gc,heap        ] GC(550) PSYoungGen: 665297K->3499K(681984K)
[805.880s][info][gc,heap        ] GC(550) PSOldGen: 147021K->149985K(1398272K)
[805.880s][info][gc,metaspace   ] GC(550) Metaspace: 91415K(98736K)->91415K(98736K) NonClass: 79831K(83888K)->79831K(83888K) Class: 11583K(14848K)->11583K(14848K)
[805.880s][info][gc             ] GC(550) Pause Young (Allocation Failure) 793M->149M(2031M) 3.046ms
[805.880s][info][gc,cpu         ] GC(550) User=0.00s Sys=0.00s Real=0.00s
[806.480s][info][gc,start       ] GC(551) Pause Young (Allocation Failure)
[806.482s][info][gc,heap        ] GC(551) PSYoungGen: 668186K->2357K(683520K)
[806.482s][info][gc,heap        ] GC(551) PSOldGen: 149985K->152556K(1398272K)
[806.482s][info][gc,metaspace   ] GC(551) Metaspace: 91415K(98736K)->91415K(98736K) NonClass: 79831K(83888K)->79831K(83888K) Class: 11583K(14848K)->11583K(14848K)
[806.482s][info][gc             ] GC(551) Pause Young (Allocation Failure) 798M->151M(2033M) 2.737ms
[806.482s][info][gc,cpu         ] GC(551) User=0.00s Sys=0.00s Real=0.00s
[808.350s][info][gc,start       ] GC(552) Pause Young (GCLocker Initiated GC)
[808.353s][info][gc,heap        ] GC(552) PSYoungGen: 670005K->3679K(683008K)
[808.353s][info][gc,heap        ] GC(552) PSOldGen: 152608K->154242K(1398272K)
[808.353s][info][gc,metaspace   ] GC(552) Metaspace: 91415K(98736K)->91415K(98736K) NonClass: 79831K(83888K)->79831K(83888K) Class: 11583K(14848K)->11583K(14848K)
[808.353s][info][gc             ] GC(552) Pause Young (GCLocker Initiated GC) 803M->154M(2032M) 2.553ms
[808.353s][info][gc,cpu         ] GC(552) User=0.00s Sys=0.00s Real=0.00s
[809.836s][info][gc,start       ] GC(553) Pause Young (Allocation Failure)
[809.839s][info][gc,heap        ] GC(553) PSYoungGen: 671327K->4588K(685056K)
[809.839s][info][gc,heap        ] GC(553) PSOldGen: 154245K->156584K(1398272K)
[809.839s][info][gc,metaspace   ] GC(553) Metaspace: 91415K(98736K)->91415K(98736K) NonClass: 79831K(83888K)->79831K(83888K) Class: 11583K(14848K)->11583K(14848K)
[809.839s][info][gc             ] GC(553) Pause Young (Allocation Failure) 806M->157M(2034M) 3.372ms
[809.839s][info][gc,cpu         ] GC(553) User=0.00s Sys=0.00s Real=0.01s
[810.075s][info][gc,start       ] GC(554) Pause Young (System.gc())
[810.078s][info][gc,heap        ] GC(554) PSYoungGen: 270953K->576K(684032K)
[810.078s][info][gc,heap        ] GC(554) PSOldGen: 156584K->158875K(1398272K)
[810.078s][info][gc,metaspace   ] GC(554) Metaspace: 91417K(98736K)->91417K(98736K) NonClass: 79834K(83888K)->79834K(83888K) Class: 11583K(14848K)->11583K(14848K)
[810.078s][info][gc             ] GC(554) Pause Young (System.gc()) 417M->155M(2033M) 2.274ms
[810.078s][info][gc,cpu         ] GC(554) User=0.00s Sys=0.00s Real=0.00s
[810.078s][info][gc,start       ] GC(555) Pause Full (System.gc())
[810.079s][info][gc,phases,start] GC(555) Phase 1: Mark live objects
[810.137s][info][gc,phases      ] GC(555) Phase 1: Mark live objects 57.202ms
[810.137s][info][gc,phases,start] GC(555) Phase 2: Compute new object addresses
[810.151s][info][gc,phases      ] GC(555) Phase 2: Compute new object addresses 14.567ms
[810.151s][info][gc,phases,start] GC(555) Phase 3: Adjust pointers
[810.187s][info][gc,phases      ] GC(555) Phase 3: Adjust pointers 36.146ms
[810.187s][info][gc,phases,start] GC(555) Phase 4: Move objects
[810.190s][info][gc,phases      ] GC(555) Phase 4: Move objects 2.119ms
[810.192s][info][gc,heap        ] GC(555) PSYoungGen: 576K->0K(684032K)
[810.192s][info][gc,heap        ] GC(555) PSOldGen: 158875K->153915K(1398272K)
[810.192s][info][gc,metaspace   ] GC(555) Metaspace: 91417K(98736K)->91417K(98736K) NonClass: 79834K(83888K)->79834K(83888K) Class: 11583K(14848K)->11583K(14848K)
[810.192s][info][gc             ] GC(555) Pause Full (System.gc()) 155M->150M(2033M) 114.377ms
[810.192s][info][gc,cpu         ] GC(555) User=0.12s Sys=0.00s Real=0.11s
[811.085s][info][gc,start       ] GC(556) Pause Young (Allocation Failure)
[811.087s][info][gc,heap        ] GC(556) PSYoungGen: 670208K->3467K(685568K)
[811.087s][info][gc,heap        ] GC(556) PSOldGen: 153915K->153915K(1398272K)
[811.087s][info][gc,metaspace   ] GC(556) Metaspace: 91417K(98736K)->91417K(98736K) NonClass: 79834K(83888K)->79834K(83888K) Class: 11583K(14848K)->11583K(14848K)
[811.087s][info][gc             ] GC(556) Pause Young (Allocation Failure) 804M->153M(2035M) 2.873ms
[811.088s][info][gc,cpu         ] GC(556) User=0.00s Sys=0.00s Real=0.00s
[813.287s][info][gc,start       ] GC(557) Pause Young (Allocation Failure)
[813.290s][info][gc,heap        ] GC(557) PSYoungGen: 675211K->2791K(685056K)
[813.290s][info][gc,heap        ] GC(557) PSOldGen: 153915K->157037K(1398272K)
[813.290s][info][gc,metaspace   ] GC(557) Metaspace: 91417K(98736K)->91417K(98736K) NonClass: 79834K(83888K)->79834K(83888K) Class: 11583K(14848K)->11583K(14848K)
[813.290s][info][gc             ] GC(557) Pause Young (Allocation Failure) 809M->156M(2034M) 3.295ms
[813.290s][info][gc,cpu         ] GC(557) User=0.00s Sys=0.00s Real=0.01s
[815.508s][info][gc,start       ] GC(558) Pause Young (GCLocker Initiated GC)
[815.510s][info][gc,heap        ] GC(558) PSYoungGen: 674535K->4315K(687104K)
[815.510s][info][gc,heap        ] GC(558) PSOldGen: 157039K->158745K(1398272K)
[815.510s][info][gc,metaspace   ] GC(558) Metaspace: 91417K(98736K)->91417K(98736K) NonClass: 79834K(83888K)->79834K(83888K) Class: 11583K(14848K)->11583K(14848K)
[815.510s][info][gc             ] GC(558) Pause Young (GCLocker Initiated GC) 812M->159M(2036M) 2.548ms
[815.510s][info][gc,cpu         ] GC(558) User=0.00s Sys=0.00s Real=0.00s
[816.246s][info][gc,start       ] GC(559) Pause Young (Allocation Failure)
[816.249s][info][gc,heap        ] GC(559) PSYoungGen: 678619K->4339K(686080K)
[816.249s][info][gc,heap        ] GC(559) PSOldGen: 179226K->180710K(1398272K)
[816.249s][info][gc,metaspace   ] GC(559) Metaspace: 91417K(98736K)->91417K(98736K) NonClass: 79834K(83888K)->79834K(83888K) Class: 11583K(14848K)->11583K(14848K)
[816.249s][info][gc             ] GC(559) Pause Young (Allocation Failure) 837M->180M(2035M) 2.872ms
[816.249s][info][gc,cpu         ] GC(559) User=0.00s Sys=0.00s Real=0.00s
[817.722s][info][gc,start       ] GC(560) Pause Young (Allocation Failure)
[817.725s][info][gc,heap        ] GC(560) PSYoungGen: 678643K->3355K(688128K)
[817.725s][info][gc,heap        ] GC(560) PSOldGen: 180710K->183868K(1398272K)
[817.725s][info][gc,metaspace   ] GC(560) Metaspace: 91425K(98736K)->91425K(98736K) NonClass: 79841K(83888K)->79841K(83888K) Class: 11583K(14848K)->11583K(14848K)
[817.725s][info][gc             ] GC(560) Pause Young (Allocation Failure) 839M->182M(2037M) 3.092ms
[817.725s][info][gc,cpu         ] GC(560) User=0.00s Sys=0.00s Real=0.01s
[819.983s][info][gc,start       ] GC(561) Pause Young (Allocation Failure)
[819.986s][info][gc,heap        ] GC(561) PSYoungGen: 679730K->2590K(687616K)
[819.986s][info][gc,heap        ] GC(561) PSOldGen: 183868K->185532K(1398272K)
[819.986s][info][gc,metaspace   ] GC(561) Metaspace: 91448K(98736K)->91448K(98736K) NonClass: 79864K(83888K)->79864K(83888K) Class: 11583K(14848K)->11583K(14848K)
[819.986s][info][gc             ] GC(561) Pause Young (Allocation Failure) 843M->183M(2037M) 2.334ms
[819.986s][info][gc,cpu         ] GC(561) User=0.00s Sys=0.00s Real=0.00s
[821.819s][info][gc,start       ] GC(562) Pause Young (Allocation Failure)
[821.822s][info][gc,heap        ] GC(562) PSYoungGen: 679454K->4377K(688640K)
[821.822s][info][gc,heap        ] GC(562) PSOldGen: 185532K->187395K(1398272K)
[821.822s][info][gc,metaspace   ] GC(562) Metaspace: 91448K(98736K)->91448K(98736K) NonClass: 79864K(83888K)->79864K(83888K) Class: 11583K(14848K)->11583K(14848K)
[821.822s][info][gc             ] GC(562) Pause Young (Allocation Failure) 844M->187M(2038M) 2.966ms
[821.822s][info][gc,cpu         ] GC(562) User=0.00s Sys=0.00s Real=0.00s
[822.568s][info][gc,start       ] GC(563) Pause Young (Allocation Failure)
[822.571s][info][gc,heap        ] GC(563) PSYoungGen: 682265K->3280K(688128K)
[822.571s][info][gc,heap        ] GC(563) PSOldGen: 187395K->189685K(1398272K)
[822.571s][info][gc,metaspace   ] GC(563) Metaspace: 91448K(98736K)->91448K(98736K) NonClass: 79864K(83888K)->79864K(83888K) Class: 11583K(14848K)->11583K(14848K)
[822.571s][info][gc             ] GC(563) Pause Young (Allocation Failure) 849M->188M(2037M) 2.624ms
[822.571s][info][gc,cpu         ] GC(563) User=0.00s Sys=0.00s Real=0.00s
[824.834s][info][gc,start       ] GC(564) Pause Young (Allocation Failure)
[824.836s][info][gc,heap        ] GC(564) PSYoungGen: 679166K->2030K(689664K)
[824.836s][info][gc,heap        ] GC(564) PSOldGen: 189685K->192536K(1398272K)
[824.836s][info][gc,metaspace   ] GC(564) Metaspace: 91448K(98736K)->91448K(98736K) NonClass: 79864K(83888K)->79864K(83888K) Class: 11583K(14848K)->11583K(14848K)
[824.836s][info][gc             ] GC(564) Pause Young (Allocation Failure) 848M->190M(2039M) 2.427ms
[824.836s][info][gc,cpu         ] GC(564) User=0.00s Sys=0.00s Real=0.00s
[827.076s][info][gc,start       ] GC(565) Pause Young (Allocation Failure)
[827.078s][info][gc,heap        ] GC(565) PSYoungGen: 678203K->2606K(689152K)
[827.078s][info][gc,heap        ] GC(565) PSOldGen: 192536K->193934K(1398272K)
[827.078s][info][gc,metaspace   ] GC(565) Metaspace: 91448K(98736K)->91448K(98736K) NonClass: 79864K(83888K)->79864K(83888K) Class: 11583K(14848K)->11583K(14848K)
[827.078s][info][gc             ] GC(565) Pause Young (Allocation Failure) 850M->191M(2038M) 2.459ms
[827.078s][info][gc,cpu         ] GC(565) User=0.00s Sys=0.00s Real=0.00s
[827.937s][info][gc,start       ] GC(566) Pause Young (Allocation Failure)
[827.940s][info][gc,heap        ] GC(566) PSYoungGen: 681714K->3179K(690176K)
[827.940s][info][gc,heap        ] GC(566) PSOldGen: 193934K->195909K(1398272K)
[827.940s][info][gc,metaspace   ] GC(566) Metaspace: 91449K(98736K)->91449K(98736K) NonClass: 79865K(83888K)->79865K(83888K) Class: 11583K(14848K)->11583K(14848K)
[827.940s][info][gc             ] GC(566) Pause Young (Allocation Failure) 855M->194M(2039M) 2.457ms
[827.940s][info][gc,cpu         ] GC(566) User=0.09s Sys=0.00s Real=0.00s
[829.308s][info][gc,start       ] GC(567) Pause Young (GCLocker Initiated GC)
[829.311s][info][gc,heap        ] GC(567) PSYoungGen: 684139K->3960K(689664K)
[829.311s][info][gc,heap        ] GC(567) PSOldGen: 195914K->198598K(1398272K)
[829.311s][info][gc,metaspace   ] GC(567) Metaspace: 91449K(98736K)->91449K(98736K) NonClass: 79865K(83888K)->79865K(83888K) Class: 11583K(14848K)->11583K(14848K)
[829.311s][info][gc             ] GC(567) Pause Young (GCLocker Initiated GC) 859M->197M(2039M) 3.079ms
[829.311s][info][gc,cpu         ] GC(567) User=0.00s Sys=0.00s Real=0.01s
[831.485s][info][gc,start       ] GC(568) Pause Young (Allocation Failure)
[831.489s][info][gc,heap        ] GC(568) PSYoungGen: 684920K->2901K(690688K)
[831.489s][info][gc,heap        ] GC(568) PSOldGen: 198610K->200725K(1398272K)
[831.489s][info][gc,metaspace   ] GC(568) Metaspace: 91449K(98736K)->91449K(98736K) NonClass: 79865K(83888K)->79865K(83888K) Class: 11583K(14848K)->11583K(14848K)
[831.489s][info][gc             ] GC(568) Pause Young (Allocation Failure) 862M->198M(2040M) 3.396ms
[831.489s][info][gc,cpu         ] GC(568) User=0.02s Sys=0.00s Real=0.01s
[833.451s][info][gc,start       ] GC(569) Pause Young (Allocation Failure)
[833.454s][info][gc,heap        ] GC(569) PSYoungGen: 684754K->2931K(690688K)
[833.454s][info][gc,heap        ] GC(569) PSOldGen: 200725K->202549K(1398272K)
[833.454s][info][gc,metaspace   ] GC(569) Metaspace: 91449K(98736K)->91449K(98736K) NonClass: 79865K(83888K)->79865K(83888K) Class: 11583K(14848K)->11583K(14848K)
[833.454s][info][gc             ] GC(569) Pause Young (Allocation Failure) 864M->200M(2040M) 3.091ms
[833.454s][info][gc,cpu         ] GC(569) User=0.00s Sys=0.00s Real=0.00s
[834.252s][info][gc,start       ] GC(570) Pause Young (Allocation Failure)
[834.255s][info][gc,heap        ] GC(570) PSYoungGen: 685427K->3323K(691712K)
[834.255s][info][gc,heap        ] GC(570) PSOldGen: 202549K->204709K(1398272K)
[834.255s][info][gc,metaspace   ] GC(570) Metaspace: 91449K(98736K)->91449K(98736K) NonClass: 79865K(83888K)->79865K(83888K) Class: 11583K(14848K)->11583K(14848K)
[834.255s][info][gc             ] GC(570) Pause Young (Allocation Failure) 867M->203M(2041M) 2.909ms
[834.255s][info][gc,cpu         ] GC(570) User=0.00s Sys=0.00s Real=0.01s
[836.437s][info][gc,start       ] GC(571) Pause Young (Allocation Failure)
[836.440s][info][gc,heap        ] GC(571) PSYoungGen: 687355K->4300K(691200K)
[836.440s][info][gc,heap        ] GC(571) PSOldGen: 204709K->207432K(1398272K)
[836.440s][info][gc,metaspace   ] GC(571) Metaspace: 91449K(98736K)->91449K(98736K) NonClass: 79865K(83888K)->79865K(83888K) Class: 11583K(14848K)->11583K(14848K)
[836.440s][info][gc             ] GC(571) Pause Young (Allocation Failure) 871M->206M(2040M) 2.853ms
[836.440s][info][gc,cpu         ] GC(571) User=0.09s Sys=0.00s Real=0.00s
[837.122s][info][gc,start       ] GC(572) Pause Young (Allocation Failure)
[837.126s][info][gc,heap        ] GC(572) PSYoungGen: 687138K->4836K(690688K)
[837.126s][info][gc,heap        ] GC(572) PSOldGen: 207432K->217100K(1398272K)
[837.126s][info][gc,metaspace   ] GC(572) Metaspace: 91449K(98736K)->91449K(98736K) NonClass: 79865K(83888K)->79865K(83888K) Class: 11583K(14848K)->11583K(14848K)
[837.126s][info][gc             ] GC(572) Pause Young (Allocation Failure) 873M->216M(2040M) 3.710ms
[837.126s][info][gc,cpu         ] GC(572) User=0.00s Sys=0.00s Real=0.00s
[838.721s][info][gc,start       ] GC(573) Pause Young (Allocation Failure)
[838.724s][info][gc,heap        ] GC(573) PSYoungGen: 684517K->2756K(691200K)
[838.724s][info][gc,heap        ] GC(573) PSOldGen: 217100K->220142K(1398272K)
[838.724s][info][gc,metaspace   ] GC(573) Metaspace: 91449K(98736K)->91449K(98736K) NonClass: 79865K(83888K)->79865K(83888K) Class: 11583K(14848K)->11583K(14848K)
[838.724s][info][gc             ] GC(573) Pause Young (Allocation Failure) 880M->217M(2040M) 2.844ms
[838.724s][info][gc,cpu         ] GC(573) User=0.00s Sys=0.00s Real=0.00s
[840.324s][info][gc,start       ] GC(574) Pause Young (Allocation Failure)
[840.327s][info][gc,heap        ] GC(574) PSYoungGen: 686276K->3233K(691712K)
[840.327s][info][gc,heap        ] GC(574) PSOldGen: 220142K->222350K(1398272K)
[840.327s][info][gc,metaspace   ] GC(574) Metaspace: 91449K(98736K)->91449K(98736K) NonClass: 79865K(83888K)->79865K(83888K) Class: 11583K(14848K)->11583K(14848K)
[840.327s][info][gc             ] GC(574) Pause Young (Allocation Failure) 885M->220M(2041M) 2.976ms
[840.327s][info][gc,cpu         ] GC(574) User=0.00s Sys=0.00s Real=0.00s
[841.030s][info][gc,start       ] GC(575) Pause Young (Allocation Failure)
[841.033s][info][gc,heap        ] GC(575) PSYoungGen: 683777K->3714K(691712K)
[841.033s][info][gc,heap        ] GC(575) PSOldGen: 222350K->224306K(1398272K)
[841.033s][info][gc,metaspace   ] GC(575) Metaspace: 91449K(98736K)->91449K(98736K) NonClass: 79865K(83888K)->79865K(83888K) Class: 11583K(14848K)->11583K(14848K)
[841.033s][info][gc             ] GC(575) Pause Young (Allocation Failure) 884M->222M(2041M) 2.804ms
[841.033s][info][gc,cpu         ] GC(575) User=0.05s Sys=0.00s Real=0.00s
[843.193s][info][gc,start       ] GC(576) Pause Young (Allocation Failure)
[843.196s][info][gc,heap        ] GC(576) PSYoungGen: 688258K->3944K(692224K)
[843.196s][info][gc,heap        ] GC(576) PSOldGen: 224306K->227427K(1398272K)
[843.196s][info][gc,metaspace   ] GC(576) Metaspace: 91449K(98736K)->91449K(98736K) NonClass: 79865K(83888K)->79865K(83888K) Class: 11583K(14848K)->11583K(14848K)
[843.196s][info][gc             ] GC(576) Pause Young (Allocation Failure) 891M->225M(2041M) 3.313ms
[843.196s][info][gc,cpu         ] GC(576) User=0.00s Sys=0.00s Real=0.02s
[843.809s][info][gc,start       ] GC(577) Pause Young (Allocation Failure)
[843.811s][info][gc,heap        ] GC(577) PSYoungGen: 689512K->3813K(692224K)
[843.811s][info][gc,heap        ] GC(577) PSOldGen: 227427K->229885K(1398272K)
[843.811s][info][gc,metaspace   ] GC(577) Metaspace: 91449K(98736K)->91449K(98736K) NonClass: 79865K(83888K)->79865K(83888K) Class: 11583K(14848K)->11583K(14848K)
[843.811s][info][gc             ] GC(577) Pause Young (Allocation Failure) 895M->228M(2041M) 2.841ms
[843.811s][info][gc,cpu         ] GC(577) User=0.00s Sys=0.00s Real=0.01s
[845.910s][info][gc,start       ] GC(578) Pause Young (Allocation Failure)
[845.913s][info][gc,heap        ] GC(578) PSYoungGen: 689049K->2826K(692736K)
[845.913s][info][gc,heap        ] GC(578) PSOldGen: 229885K->231902K(1398272K)
[845.913s][info][gc,metaspace   ] GC(578) Metaspace: 91449K(98736K)->91449K(98736K) NonClass: 79865K(83888K)->79865K(83888K) Class: 11583K(14848K)->11583K(14848K)
[845.913s][info][gc             ] GC(578) Pause Young (Allocation Failure) 897M->229M(2042M) 3.145ms
[845.913s][info][gc,cpu         ] GC(578) User=0.00s Sys=0.00s Real=0.00s
[847.206s][info][gc,start       ] GC(579) Pause Young (Allocation Failure)
[847.211s][info][gc,heap        ] GC(579) PSYoungGen: 689418K->6085K(692736K)
[847.211s][info][gc,heap        ] GC(579) PSOldGen: 231902K->233815K(1398272K)
[847.211s][info][gc,metaspace   ] GC(579) Metaspace: 91449K(98736K)->91449K(98736K) NonClass: 79865K(83888K)->79865K(83888K) Class: 11583K(14848K)->11583K(14848K)
[847.211s][info][gc             ] GC(579) Pause Young (Allocation Failure) 899M->234M(2042M) 4.580ms
[847.211s][info][gc,cpu         ] GC(579) User=0.00s Sys=0.00s Real=0.01s
[847.311s][info][gc,start       ] GC(580) Pause Young (System.gc())
[847.314s][info][gc,heap        ] GC(580) PSYoungGen: 183067K->480K(690688K)
[847.314s][info][gc,heap        ] GC(580) PSOldGen: 233815K->235683K(1398272K)
[847.314s][info][gc,metaspace   ] GC(580) Metaspace: 91454K(98736K)->91454K(98736K) NonClass: 79870K(83888K)->79870K(83888K) Class: 11583K(14848K)->11583K(14848K)
[847.314s][info][gc             ] GC(580) Pause Young (System.gc()) 407M->230M(2040M) 2.135ms
[847.314s][info][gc,cpu         ] GC(580) User=0.00s Sys=0.00s Real=0.00s
[847.314s][info][gc,start       ] GC(581) Pause Full (System.gc())
[847.315s][info][gc,phases,start] GC(581) Phase 1: Mark live objects
[847.373s][info][gc,phases      ] GC(581) Phase 1: Mark live objects 57.623ms
[847.373s][info][gc,phases,start] GC(581) Phase 2: Compute new object addresses
[847.388s][info][gc,phases      ] GC(581) Phase 2: Compute new object addresses 15.094ms
[847.388s][info][gc,phases,start] GC(581) Phase 3: Adjust pointers
[847.426s][info][gc,phases      ] GC(581) Phase 3: Adjust pointers 37.851ms
[847.426s][info][gc,phases,start] GC(581) Phase 4: Move objects
[847.434s][info][gc,phases      ] GC(581) Phase 4: Move objects 7.384ms
[847.436s][info][gc,heap        ] GC(581) PSYoungGen: 480K->0K(690688K)
[847.436s][info][gc,heap        ] GC(581) PSOldGen: 235683K->153298K(1398272K)
[847.436s][info][gc,metaspace   ] GC(581) Metaspace: 91454K(98736K)->91454K(98736K) NonClass: 79870K(83888K)->79870K(83888K) Class: 11583K(14848K)->11583K(14848K)
[847.436s][info][gc             ] GC(581) Pause Full (System.gc()) 230M->149M(2040M) 122.267ms
[847.436s][info][gc,cpu         ] GC(581) User=0.12s Sys=0.00s Real=0.13s
[848.330s][info][gc,start       ] GC(582) Pause Young (Allocation Failure)
[848.333s][info][gc,heap        ] GC(582) PSYoungGen: 684544K->3612K(691712K)
[848.333s][info][gc,heap        ] GC(582) PSOldGen: 153298K->153298K(1398272K)
[848.333s][info][gc,metaspace   ] GC(582) Metaspace: 91454K(98736K)->91454K(98736K) NonClass: 79870K(83888K)->79870K(83888K) Class: 11583K(14848K)->11583K(14848K)
[848.333s][info][gc             ] GC(582) Pause Young (Allocation Failure) 818M->153M(2041M) 2.458ms
[848.333s][info][gc,cpu         ] GC(582) User=0.00s Sys=0.00s Real=0.00s
[850.697s][info][gc,start       ] GC(583) Pause Young (Allocation Failure)
[850.699s][info][gc,heap        ] GC(583) PSYoungGen: 688156K->2070K(692224K)
[850.699s][info][gc,heap        ] GC(583) PSOldGen: 153298K->155917K(1398272K)
[850.699s][info][gc,metaspace   ] GC(583) Metaspace: 91454K(98736K)->91454K(98736K) NonClass: 79870K(83888K)->79870K(83888K) Class: 11583K(14848K)->11583K(14848K)
[850.699s][info][gc             ] GC(583) Pause Young (Allocation Failure) 821M->154M(2041M) 2.249ms
[850.699s][info][gc,cpu         ] GC(583) User=0.00s Sys=0.00s Real=0.00s
[852.830s][info][gc,start       ] GC(584) Pause Young (Allocation Failure)
[852.832s][info][gc,heap        ] GC(584) PSYoungGen: 687126K->1819K(691712K)
[852.832s][info][gc,heap        ] GC(584) PSOldGen: 155917K->157447K(1398272K)
[852.832s][info][gc,metaspace   ] GC(584) Metaspace: 91454K(98736K)->91454K(98736K) NonClass: 79870K(83888K)->79870K(83888K) Class: 11583K(14848K)->11583K(14848K)
[852.832s][info][gc             ] GC(584) Pause Young (Allocation Failure) 823M->155M(2041M) 2.387ms
[852.832s][info][gc,cpu         ] GC(584) User=0.00s Sys=0.00s Real=0.00s
[853.456s][info][gc,start       ] GC(585) Pause Young (Allocation Failure)
[853.459s][info][gc,heap        ] GC(585) PSYoungGen: 683519K->5028K(691200K)
[853.459s][info][gc,heap        ] GC(585) PSOldGen: 157447K->162910K(1398272K)
[853.459s][info][gc,metaspace   ] GC(585) Metaspace: 91454K(98736K)->91454K(98736K) NonClass: 79870K(83888K)->79870K(83888K) Class: 11583K(14848K)->11583K(14848K)
[853.459s][info][gc             ] GC(585) Pause Young (Allocation Failure) 821M->164M(2040M) 2.946ms
[853.459s][info][gc,cpu         ] GC(585) User=0.00s Sys=0.00s Real=0.00s
[855.136s][info][gc,start       ] GC(586) Pause Young (Allocation Failure)
[855.139s][info][gc,heap        ] GC(586) PSYoungGen: 689572K->3263K(691712K)
[855.140s][info][gc,heap        ] GC(586) PSOldGen: 162910K->165610K(1398272K)
[855.140s][info][gc,metaspace   ] GC(586) Metaspace: 91454K(98736K)->91454K(98736K) NonClass: 79870K(83888K)->79870K(83888K) Class: 11583K(14848K)->11583K(14848K)
[855.140s][info][gc             ] GC(586) Pause Young (Allocation Failure) 832M->164M(2041M) 3.730ms
[855.140s][info][gc,cpu         ] GC(586) User=0.00s Sys=0.00s Real=0.00s
[857.540s][info][gc,start       ] GC(587) Pause Young (Allocation Failure)
[857.544s][info][gc,heap        ] GC(587) PSYoungGen: 687807K->2987K(692224K)
[857.544s][info][gc,heap        ] GC(587) PSOldGen: 165610K->167327K(1398272K)
[857.544s][info][gc,metaspace   ] GC(587) Metaspace: 91454K(98736K)->91454K(98736K) NonClass: 79870K(83888K)->79870K(83888K) Class: 11583K(14848K)->11583K(14848K)
[857.544s][info][gc             ] GC(587) Pause Young (Allocation Failure) 833M->166M(2041M) 4.729ms
[857.544s][info][gc,cpu         ] GC(587) User=0.00s Sys=0.00s Real=0.00s
[859.171s][info][gc,start       ] GC(588) Pause Young (Allocation Failure)
[859.174s][info][gc,heap        ] GC(588) PSYoungGen: 688555K->2849K(692224K)
[859.174s][info][gc,heap        ] GC(588) PSOldGen: 167327K->169192K(1398272K)
[859.174s][info][gc,metaspace   ] GC(588) Metaspace: 91465K(98736K)->91465K(98736K) NonClass: 79881K(83888K)->79881K(83888K) Class: 11583K(14848K)->11583K(14848K)
[859.174s][info][gc             ] GC(588) Pause Young (Allocation Failure) 835M->168M(2041M) 2.504ms
[859.174s][info][gc,cpu         ] GC(588) User=0.09s Sys=0.00s Real=0.00s
[859.927s][info][gc,start       ] GC(589) Pause Young (Allocation Failure)
[859.930s][info][gc,heap        ] GC(589) PSYoungGen: 688417K->3507K(692736K)
[859.930s][info][gc,heap        ] GC(589) PSOldGen: 169192K->171500K(1398272K)
[859.930s][info][gc,metaspace   ] GC(589) Metaspace: 91465K(98736K)->91465K(98736K) NonClass: 79881K(83888K)->79881K(83888K) Class: 11583K(14848K)->11583K(14848K)
[859.931s][info][gc             ] GC(589) Pause Young (Allocation Failure) 837M->170M(2042M) 3.123ms
[859.931s][info][gc,cpu         ] GC(589) User=0.00s Sys=0.00s Real=0.00s
[862.382s][info][gc,start       ] GC(590) Pause Young (Allocation Failure)
[862.385s][info][gc,heap        ] GC(590) PSYoungGen: 690099K->2296K(692736K)
[862.385s][info][gc,heap        ] GC(590) PSOldGen: 171500K->173699K(1398272K)
[862.385s][info][gc,metaspace   ] GC(590) Metaspace: 91465K(98736K)->91465K(98736K) NonClass: 79881K(83888K)->79881K(83888K) Class: 11583K(14848K)->11583K(14848K)
[862.385s][info][gc             ] GC(590) Pause Young (Allocation Failure) 841M->171M(2042M) 2.767ms
[862.385s][info][gc,cpu         ] GC(590) User=0.00s Sys=0.00s Real=0.00s
[864.627s][info][gc,start       ] GC(591) Pause Young (Allocation Failure)
[864.630s][info][gc,heap        ] GC(591) PSYoungGen: 688240K->2301K(692736K)
[864.630s][info][gc,heap        ] GC(591) PSOldGen: 173699K->175359K(1398272K)
[864.630s][info][gc,metaspace   ] GC(591) Metaspace: 91465K(98736K)->91465K(98736K) NonClass: 79881K(83888K)->79881K(83888K) Class: 11583K(14848K)->11583K(14848K)
[864.630s][info][gc             ] GC(591) Pause Young (Allocation Failure) 841M->173M(2042M) 2.436ms
[864.630s][info][gc,cpu         ] GC(591) User=0.00s Sys=0.00s Real=0.00s
[865.247s][info][gc,start       ] GC(592) Pause Young (GCLocker Initiated GC)
[865.250s][info][gc,heap        ] GC(592) PSYoungGen: 688622K->5189K(692224K)
[865.250s][info][gc,heap        ] GC(592) PSOldGen: 179455K->181011K(1398272K)
[865.250s][info][gc,metaspace   ] GC(592) Metaspace: 91465K(98736K)->91465K(98736K) NonClass: 79881K(83888K)->79881K(83888K) Class: 11583K(14848K)->11583K(14848K)
[865.250s][info][gc             ] GC(592) Pause Young (GCLocker Initiated GC) 847M->181M(2041M) 2.799ms
[865.250s][info][gc,cpu         ] GC(592) User=0.00s Sys=0.00s Real=0.00s
[867.031s][info][gc,start       ] GC(593) Pause Young (Allocation Failure)
[867.034s][info][gc,heap        ] GC(593) PSYoungGen: 691781K->3244K(692736K)
[867.034s][info][gc,heap        ] GC(593) PSOldGen: 185108K->188242K(1398272K)
[867.034s][info][gc,metaspace   ] GC(593) Metaspace: 91465K(98736K)->91465K(98736K) NonClass: 79881K(83888K)->79881K(83888K) Class: 11583K(14848K)->11583K(14848K)
[867.034s][info][gc             ] GC(593) Pause Young (Allocation Failure) 856M->186M(2042M) 2.954ms
[867.034s][info][gc,cpu         ] GC(593) User=0.06s Sys=0.02s Real=0.01s
[869.307s][info][gc,start       ] GC(594) Pause Young (GCLocker Initiated GC)
[869.310s][info][gc,heap        ] GC(594) PSYoungGen: 689324K->5653K(692224K)
[869.310s][info][gc,heap        ] GC(594) PSOldGen: 188247K->190029K(1398272K)
[869.310s][info][gc,metaspace   ] GC(594) Metaspace: 91465K(98736K)->91465K(98736K) NonClass: 79881K(83888K)->79881K(83888K) Class: 11583K(14848K)->11583K(14848K)
[869.310s][info][gc             ] GC(594) Pause Young (GCLocker Initiated GC) 857M->191M(2041M) 3.034ms
[869.310s][info][gc,cpu         ] GC(594) User=0.00s Sys=0.00s Real=0.00s
[870.961s][info][gc,start       ] GC(595) Pause Young (Allocation Failure)
[870.963s][info][gc,heap        ] GC(595) PSYoungGen: 691733K->2658K(692224K)
[870.963s][info][gc,heap        ] GC(595) PSOldGen: 190031K->191907K(1398272K)
[870.963s][info][gc,metaspace   ] GC(595) Metaspace: 91465K(98736K)->91465K(98736K) NonClass: 79881K(83888K)->79881K(83888K) Class: 11583K(14848K)->11583K(14848K)
[870.963s][info][gc             ] GC(595) Pause Young (Allocation Failure) 861M->190M(2041M) 2.576ms
[870.963s][info][gc,cpu         ] GC(595) User=0.00s Sys=0.00s Real=0.00s
[871.731s][info][gc,start       ] GC(596) Pause Young (Allocation Failure)
[871.733s][info][gc,heap        ] GC(596) PSYoungGen: 688226K->3339K(692224K)
[871.733s][info][gc,heap        ] GC(596) PSOldGen: 191907K->193986K(1398272K)
[871.733s][info][gc,metaspace   ] GC(596) Metaspace: 91465K(98736K)->91465K(98736K) NonClass: 79881K(83888K)->79881K(83888K) Class: 11583K(14848K)->11583K(14848K)
[871.733s][info][gc             ] GC(596) Pause Young (Allocation Failure) 859M->192M(2041M) 2.790ms
[871.733s][info][gc,cpu         ] GC(596) User=0.00s Sys=0.00s Real=0.00s
[873.895s][info][gc,start       ] GC(597) Pause Young (Allocation Failure)
[873.898s][info][gc,heap        ] GC(597) PSYoungGen: 687585K->3507K(692736K)
[873.898s][info][gc,heap        ] GC(597) PSOldGen: 193986K->196902K(1398272K)
[873.898s][info][gc,metaspace   ] GC(597) Metaspace: 91465K(98736K)->91465K(98736K) NonClass: 79881K(83888K)->79881K(83888K) Class: 11583K(14848K)->11583K(14848K)
[873.898s][info][gc             ] GC(597) Pause Young (Allocation Failure) 860M->195M(2042M) 2.938ms
[873.898s][info][gc,cpu         ] GC(597) User=0.00s Sys=0.00s Real=0.00s
[874.548s][info][gc,start       ] GC(598) Pause Young (Allocation Failure)
[874.550s][info][gc,heap        ] GC(598) PSYoungGen: 689085K->2934K(692736K)
[874.550s][info][gc,heap        ] GC(598) PSOldGen: 196902K->199510K(1398272K)
[874.550s][info][gc,metaspace   ] GC(598) Metaspace: 91465K(98736K)->91465K(98736K) NonClass: 79881K(83888K)->79881K(83888K) Class: 11583K(14848K)->11583K(14848K)
[874.550s][info][gc             ] GC(598) Pause Young (Allocation Failure) 865M->197M(2042M) 2.843ms
[874.551s][info][gc,cpu         ] GC(598) User=0.06s Sys=0.00s Real=0.00s
[876.755s][info][gc,start       ] GC(599) Pause Young (Allocation Failure)
[876.758s][info][gc,heap        ] GC(599) PSYoungGen: 688078K->2981K(693248K)
[876.758s][info][gc,heap        ] GC(599) PSOldGen: 199510K->201071K(1398272K)
[876.758s][info][gc,metaspace   ] GC(599) Metaspace: 91465K(98736K)->91465K(98736K) NonClass: 79881K(83888K)->79881K(83888K) Class: 11583K(14848K)->11583K(14848K)
[876.758s][info][gc             ] GC(599) Pause Young (Allocation Failure) 866M->199M(2042M) 2.631ms
[876.758s][info][gc,cpu         ] GC(599) User=0.00s Sys=0.00s Real=0.00s
[877.761s][info][gc,start       ] GC(600) Pause Young (Allocation Failure)
[877.764s][info][gc,heap        ] GC(600) PSYoungGen: 686755K->4100K(692736K)
[877.765s][info][gc,heap        ] GC(600) PSOldGen: 201071K->203477K(1398272K)
[877.765s][info][gc,metaspace   ] GC(600) Metaspace: 91465K(98736K)->91465K(98736K) NonClass: 79881K(83888K)->79881K(83888K) Class: 11583K(14848K)->11583K(14848K)
[877.765s][info][gc             ] GC(600) Pause Young (Allocation Failure) 867M->202M(2042M) 3.943ms
[877.765s][info][gc,cpu         ] GC(600) User=0.00s Sys=0.00s Real=0.00s
[878.964s][info][gc,start       ] GC(601) Pause Young (GCLocker Initiated GC)
[878.967s][info][gc,heap        ] GC(601) PSYoungGen: 691204K->5361K(692224K)
[878.967s][info][gc,heap        ] GC(601) PSOldGen: 203491K->205880K(1398272K)
[878.968s][info][gc,metaspace   ] GC(601) Metaspace: 91466K(98736K)->91466K(98736K) NonClass: 79882K(83888K)->79882K(83888K) Class: 11583K(14848K)->11583K(14848K)
[878.968s][info][gc             ] GC(601) Pause Young (GCLocker Initiated GC) 873M->206M(2041M) 3.279ms
[878.968s][info][gc,cpu         ] GC(601) User=0.00s Sys=0.00s Real=0.01s
[880.790s][info][gc,start       ] GC(602) Pause Young (Allocation Failure)
[880.793s][info][gc,heap        ] GC(602) PSYoungGen: 691953K->4126K(692736K)
[880.793s][info][gc,heap        ] GC(602) PSOldGen: 205887K->208841K(1398272K)
[880.793s][info][gc,metaspace   ] GC(602) Metaspace: 91466K(98736K)->91466K(98736K) NonClass: 79882K(83888K)->79882K(83888K) Class: 11583K(14848K)->11583K(14848K)
[880.793s][info][gc             ] GC(602) Pause Young (Allocation Failure) 876M->207M(2042M) 3.263ms
[880.793s][info][gc,cpu         ] GC(602) User=0.00s Sys=0.00s Real=0.00s
[881.534s][info][gc,start       ] GC(603) Pause Young (Allocation Failure)
[881.537s][info][gc,heap        ] GC(603) PSYoungGen: 690718K->3774K(692736K)
[881.537s][info][gc,heap        ] GC(603) PSOldGen: 208841K->211348K(1398272K)
[881.537s][info][gc,metaspace   ] GC(603) Metaspace: 91466K(98736K)->91466K(98736K) NonClass: 79882K(83888K)->79882K(83888K) Class: 11583K(14848K)->11583K(14848K)
[881.537s][info][gc             ] GC(603) Pause Young (Allocation Failure) 878M->210M(2042M) 3.477ms
[881.538s][info][gc,cpu         ] GC(603) User=0.00s Sys=0.00s Real=0.02s
[883.870s][info][gc,start       ] GC(604) Pause Young (Allocation Failure)
[883.873s][info][gc,heap        ] GC(604) PSYoungGen: 690366K->3244K(692736K)
[883.873s][info][gc,heap        ] GC(604) PSOldGen: 211348K->214615K(1398272K)
[883.873s][info][gc,metaspace   ] GC(604) Metaspace: 91471K(98736K)->91471K(98736K) NonClass: 79887K(83888K)->79887K(83888K) Class: 11583K(14848K)->11583K(14848K)
[883.873s][info][gc             ] GC(604) Pause Young (Allocation Failure) 880M->212M(2042M) 3.243ms
[883.873s][info][gc,cpu         ] GC(604) User=0.00s Sys=0.00s Real=0.00s
[884.697s][info][gc,start       ] GC(605) Pause Young (Allocation Failure)
[884.700s][info][gc,heap        ] GC(605) PSYoungGen: 689836K->3487K(693248K)
[884.700s][info][gc,heap        ] GC(605) PSOldGen: 214615K->216129K(1398272K)
[884.700s][info][gc,metaspace   ] GC(605) Metaspace: 91474K(98736K)->91474K(98736K) NonClass: 79891K(83888K)->79891K(83888K) Class: 11583K(14848K)->11583K(14848K)
[884.700s][info][gc             ] GC(605) Pause Young (Allocation Failure) 883M->214M(2042M) 3.046ms
[884.700s][info][gc,cpu         ] GC(605) User=0.00s Sys=0.00s Real=0.01s
[884.713s][info][gc,start       ] GC(606) Pause Young (System.gc())
[884.715s][info][gc,heap        ] GC(606) PSYoungGen: 44808K->192K(692736K)
[884.715s][info][gc,heap        ] GC(606) PSOldGen: 216129K->218152K(1398272K)
[884.715s][info][gc,metaspace   ] GC(606) Metaspace: 91476K(98736K)->91476K(98736K) NonClass: 79893K(83888K)->79893K(83888K) Class: 11583K(14848K)->11583K(14848K)
[884.715s][info][gc             ] GC(606) Pause Young (System.gc()) 254M->213M(2042M) 2.046ms
[884.715s][info][gc,cpu         ] GC(606) User=0.00s Sys=0.00s Real=0.00s
[884.715s][info][gc,start       ] GC(607) Pause Full (System.gc())
[884.717s][info][gc,phases,start] GC(607) Phase 1: Mark live objects
[884.773s][info][gc,phases      ] GC(607) Phase 1: Mark live objects 56.574ms
[884.773s][info][gc,phases,start] GC(607) Phase 2: Compute new object addresses
[884.788s][info][gc,phases      ] GC(607) Phase 2: Compute new object addresses 14.618ms
[884.788s][info][gc,phases,start] GC(607) Phase 3: Adjust pointers
[884.825s][info][gc,phases      ] GC(607) Phase 3: Adjust pointers 36.900ms
[884.825s][info][gc,phases,start] GC(607) Phase 4: Move objects
[884.833s][info][gc,phases      ] GC(607) Phase 4: Move objects 7.620ms
[884.835s][info][gc,heap        ] GC(607) PSYoungGen: 192K->0K(692736K)
[884.835s][info][gc,heap        ] GC(607) PSOldGen: 218152K->152769K(1398272K)
[884.835s][info][gc,metaspace   ] GC(607) Metaspace: 91476K(98736K)->91476K(98736K) NonClass: 79893K(83888K)->79893K(83888K) Class: 11583K(14848K)->11583K(14848K)
[884.835s][info][gc             ] GC(607) Pause Full (System.gc()) 213M->149M(2042M) 120.191ms
[884.835s][info][gc,cpu         ] GC(607) User=0.12s Sys=0.00s Real=0.12s
[885.740s][info][gc,start       ] GC(608) Pause Young (Allocation Failure)
[885.742s][info][gc,heap        ] GC(608) PSYoungGen: 687104K->3669K(692736K)
[885.742s][info][gc,heap        ] GC(608) PSOldGen: 152769K->152769K(1398272K)
[885.742s][info][gc,metaspace   ] GC(608) Metaspace: 91476K(98736K)->91476K(98736K) NonClass: 79893K(83888K)->79893K(83888K) Class: 11583K(14848K)->11583K(14848K)
[885.742s][info][gc             ] GC(608) Pause Young (Allocation Failure) 820M->152M(2042M) 2.092ms
[885.742s][info][gc,cpu         ] GC(608) User=0.00s Sys=0.00s Real=0.00s
[888.088s][info][gc,start       ] GC(609) Pause Young (Allocation Failure)
[888.090s][info][gc,heap        ] GC(609) PSYoungGen: 690261K->2143K(692736K)
[888.090s][info][gc,heap        ] GC(609) PSOldGen: 152769K->155341K(1398272K)
[888.090s][info][gc,metaspace   ] GC(609) Metaspace: 91476K(98736K)->91476K(98736K) NonClass: 79893K(83888K)->79893K(83888K) Class: 11583K(14848K)->11583K(14848K)
[888.090s][info][gc             ] GC(609) Pause Young (Allocation Failure) 823M->153M(2042M) 2.599ms
[888.090s][info][gc,cpu         ] GC(609) User=0.00s Sys=0.00s Real=0.00s
[890.219s][info][gc,start       ] GC(610) Pause Young (Allocation Failure)
[890.221s][info][gc,heap        ] GC(610) PSYoungGen: 687154K->2105K(692736K)
[890.221s][info][gc,heap        ] GC(610) PSOldGen: 155341K->156879K(1398272K)
[890.221s][info][gc,metaspace   ] GC(610) Metaspace: 91476K(98736K)->91476K(98736K) NonClass: 79893K(83888K)->79893K(83888K) Class: 11583K(14848K)->11583K(14848K)
[890.221s][info][gc             ] GC(610) Pause Young (Allocation Failure) 822M->155M(2042M) 2.385ms
[890.221s][info][gc,cpu         ] GC(610) User=0.09s Sys=0.00s Real=0.00s
[890.861s][info][gc,start       ] GC(611) Pause Young (Allocation Failure)
[890.865s][info][gc,heap        ] GC(611) PSYoungGen: 685991K->6120K(692736K)
[890.865s][info][gc,heap        ] GC(611) PSOldGen: 156879K->165474K(1398272K)
[890.865s][info][gc,metaspace   ] GC(611) Metaspace: 91476K(98736K)->91476K(98736K) NonClass: 79893K(83888K)->79893K(83888K) Class: 11583K(14848K)->11583K(14848K)
[890.865s][info][gc             ] GC(611) Pause Young (Allocation Failure) 823M->167M(2042M) 3.435ms
[890.865s][info][gc,cpu         ] GC(611) User=0.00s Sys=0.00s Real=0.00s
[892.536s][info][gc,start       ] GC(612) Pause Young (Allocation Failure)
[892.539s][info][gc,heap        ] GC(612) PSYoungGen: 689467K->2825K(685568K)
[892.539s][info][gc,heap        ] GC(612) PSOldGen: 165474K->171347K(1398272K)
[892.539s][info][gc,metaspace   ] GC(612) Metaspace: 91476K(98736K)->91476K(98736K) NonClass: 79893K(83888K)->79893K(83888K) Class: 11583K(14848K)->11583K(14848K)
[892.539s][info][gc             ] GC(612) Pause Young (Allocation Failure) 834M->170M(2035M) 3.254ms
[892.539s][info][gc,cpu         ] GC(612) User=0.00s Sys=0.00s Real=0.00s
[894.879s][info][gc,start       ] GC(613) Pause Young (Allocation Failure)
[894.882s][info][gc,heap        ] GC(613) PSYoungGen: 681366K->2658K(689152K)
[894.882s][info][gc,heap        ] GC(613) PSOldGen: 171347K->173154K(1398272K)
[894.882s][info][gc,metaspace   ] GC(613) Metaspace: 91476K(98736K)->91476K(98736K) NonClass: 79893K(83888K)->79893K(83888K) Class: 11583K(14848K)->11583K(14848K)
[894.882s][info][gc             ] GC(613) Pause Young (Allocation Failure) 832M->171M(2038M) 2.678ms
[894.882s][info][gc,cpu         ] GC(613) User=0.00s Sys=0.00s Real=0.01s
[896.489s][info][gc,start       ] GC(614) Pause Young (Allocation Failure)
[896.492s][info][gc,heap        ] GC(614) PSYoungGen: 682069K->3617K(690176K)
[896.492s][info][gc,heap        ] GC(614) PSOldGen: 173154K->174985K(1398272K)
[896.492s][info][gc,metaspace   ] GC(614) Metaspace: 91477K(98736K)->91477K(98736K) NonClass: 79893K(83888K)->79893K(83888K) Class: 11583K(14848K)->11583K(14848K)
[896.492s][info][gc             ] GC(614) Pause Young (Allocation Failure) 835M->174M(2039M) 3.433ms
[896.492s][info][gc,cpu         ] GC(614) User=0.00s Sys=0.00s Real=0.00s
[897.242s][info][gc,start       ] GC(615) Pause Young (Allocation Failure)
[897.244s][info][gc,heap        ] GC(615) PSYoungGen: 684577K->3389K(689664K)
[897.244s][info][gc,heap        ] GC(615) PSOldGen: 174985K->177169K(1398272K)
[897.244s][info][gc,metaspace   ] GC(615) Metaspace: 91477K(98736K)->91477K(98736K) NonClass: 79893K(83888K)->79893K(83888K) Class: 11583K(14848K)->11583K(14848K)
[897.244s][info][gc             ] GC(615) Pause Young (Allocation Failure) 839M->176M(2039M) 2.881ms
[897.244s][info][gc,cpu         ] GC(615) User=0.00s Sys=0.00s Real=0.01s
[899.720s][info][gc,start       ] GC(616) Pause Young (Allocation Failure)
[899.723s][info][gc,heap        ] GC(616) PSYoungGen: 684349K->2469K(690688K)
[899.723s][info][gc,heap        ] GC(616) PSOldGen: 177169K->179637K(1398272K)
[899.723s][info][gc,metaspace   ] GC(616) Metaspace: 91477K(98736K)->91477K(98736K) NonClass: 79893K(83888K)->79893K(83888K) Class: 11583K(14848K)->11583K(14848K)
[899.723s][info][gc             ] GC(616) Pause Young (Allocation Failure) 841M->177M(2040M) 2.649ms
[899.723s][info][gc,cpu         ] GC(616) User=0.02s Sys=0.00s Real=0.00s
[901.908s][info][gc,start       ] GC(617) Pause Young (Allocation Failure)
[901.911s][info][gc,heap        ] GC(617) PSYoungGen: 684453K->2507K(690176K)
[901.911s][info][gc,heap        ] GC(617) PSOldGen: 179637K->181412K(1398272K)
[901.911s][info][gc,metaspace   ] GC(617) Metaspace: 91477K(98736K)->91477K(98736K) NonClass: 79893K(83888K)->79893K(83888K) Class: 11583K(14848K)->11583K(14848K)
[901.911s][info][gc             ] GC(617) Pause Young (Allocation Failure) 843M->179M(2039M) 2.450ms
[901.911s][info][gc,cpu         ] GC(617) User=0.00s Sys=0.00s Real=0.01s
[902.581s][info][gc,start       ] GC(618) Pause Young (Allocation Failure)
[902.585s][info][gc,heap        ] GC(618) PSYoungGen: 683021K->8163K(674304K)
[902.585s][info][gc,heap        ] GC(618) PSOldGen: 181412K->200058K(1398272K)
[902.585s][info][gc,metaspace   ] GC(618) Metaspace: 91479K(98736K)->91479K(98736K) NonClass: 79895K(83888K)->79895K(83888K) Class: 11583K(14848K)->11583K(14848K)
[902.585s][info][gc             ] GC(618) Pause Young (Allocation Failure) 844M->203M(2024M) 4.447ms
[902.585s][info][gc,cpu         ] GC(618) User=0.00s Sys=0.00s Real=0.00s
[904.084s][info][gc,start       ] GC(619) Pause Young (Allocation Failure)
[904.087s][info][gc,heap        ] GC(619) PSYoungGen: 672612K->2627K(682496K)
[904.087s][info][gc,heap        ] GC(619) PSOldGen: 200058K->203189K(1398272K)
[904.087s][info][gc,metaspace   ] GC(619) Metaspace: 91479K(98736K)->91479K(98736K) NonClass: 79895K(83888K)->79895K(83888K) Class: 11583K(14848K)->11583K(14848K)
[904.087s][info][gc             ] GC(619) Pause Young (Allocation Failure) 852M->200M(2032M) 2.688ms
[904.087s][info][gc,cpu         ] GC(619) User=0.00s Sys=0.00s Real=0.01s
[906.295s][info][gc,start       ] GC(620) Pause Young (Allocation Failure)
[906.298s][info][gc,heap        ] GC(620) PSYoungGen: 668739K->4043K(684032K)
[906.298s][info][gc,heap        ] GC(620) PSOldGen: 203189K->204883K(1398272K)
[906.298s][info][gc,metaspace   ] GC(620) Metaspace: 91479K(98736K)->91479K(98736K) NonClass: 79895K(83888K)->79895K(83888K) Class: 11583K(14848K)->11583K(14848K)
[906.298s][info][gc             ] GC(620) Pause Young (Allocation Failure) 851M->204M(2033M) 2.705ms
[906.298s][info][gc,cpu         ] GC(620) User=0.00s Sys=0.00s Real=0.01s
[908.197s][info][gc,start       ] GC(621) Pause Young (Allocation Failure)
[908.201s][info][gc,heap        ] GC(621) PSYoungGen: 672203K->3842K(683008K)
[908.201s][info][gc,heap        ] GC(621) PSOldGen: 204883K->206635K(1398272K)
[908.201s][info][gc,metaspace   ] GC(621) Metaspace: 91479K(98736K)->91479K(98736K) NonClass: 79895K(83888K)->79895K(83888K) Class: 11583K(14848K)->11583K(14848K)
[908.201s][info][gc             ] GC(621) Pause Young (Allocation Failure) 856M->205M(2032M) 3.138ms
[908.201s][info][gc,cpu         ] GC(621) User=0.00s Sys=0.00s Real=0.00s
[908.948s][info][gc,start       ] GC(622) Pause Young (Allocation Failure)
[908.951s][info][gc,heap        ] GC(622) PSYoungGen: 672002K->3229K(685056K)
[908.951s][info][gc,heap        ] GC(622) PSOldGen: 206635K->208953K(1398272K)
[908.951s][info][gc,metaspace   ] GC(622) Metaspace: 91479K(98736K)->91479K(98736K) NonClass: 79895K(83888K)->79895K(83888K) Class: 11583K(14848K)->11583K(14848K)
[908.951s][info][gc             ] GC(622) Pause Young (Allocation Failure) 858M->207M(2034M) 3.242ms
[908.951s][info][gc,cpu         ] GC(622) User=0.00s Sys=0.00s Real=0.01s
[911.094s][info][gc,start       ] GC(623) Pause Young (Allocation Failure)
[911.096s][info][gc,heap        ] GC(623) PSYoungGen: 673949K->2663K(684544K)
[911.096s][info][gc,heap        ] GC(623) PSOldGen: 208953K->211647K(1398272K)
[911.096s][info][gc,metaspace   ] GC(623) Metaspace: 91479K(98736K)->91479K(98736K) NonClass: 79895K(83888K)->79895K(83888K) Class: 11583K(14848K)->11583K(14848K)
[911.096s][info][gc             ] GC(623) Pause Young (Allocation Failure) 862M->209M(2034M) 2.654ms
[911.096s][info][gc,cpu         ] GC(623) User=0.08s Sys=0.02s Real=0.00s
[911.812s][info][gc,start       ] GC(624) Pause Young (Allocation Failure)
[911.816s][info][gc,heap        ] GC(624) PSYoungGen: 672504K->12515K(681472K)
[911.816s][info][gc,heap        ] GC(624) PSOldGen: 211647K->217202K(1398272K)
[911.816s][info][gc,metaspace   ] GC(624) Metaspace: 91479K(98736K)->91479K(98736K) NonClass: 79895K(83888K)->79895K(83888K) Class: 11583K(14848K)->11583K(14848K)
[911.816s][info][gc             ] GC(624) Pause Young (Allocation Failure) 863M->224M(2031M) 3.672ms
[911.816s][info][gc,cpu         ] GC(624) User=0.06s Sys=0.02s Real=0.01s
[913.281s][info][gc,start       ] GC(625) Pause Young (Allocation Failure)
[913.284s][info][gc,heap        ] GC(625) PSYoungGen: 680072K->2763K(683520K)
[913.284s][info][gc,heap        ] GC(625) PSOldGen: 217202K->220181K(1398272K)
[913.284s][info][gc,metaspace   ] GC(625) Metaspace: 91479K(98736K)->91479K(98736K) NonClass: 79895K(83888K)->79895K(83888K) Class: 11583K(14848K)->11583K(14848K)
[913.284s][info][gc             ] GC(625) Pause Young (Allocation Failure) 876M->217M(2033M) 2.729ms
[913.284s][info][gc,cpu         ] GC(625) User=0.09s Sys=0.00s Real=0.00s
[914.899s][info][gc,start       ] GC(626) Pause Young (Allocation Failure)
[914.902s][info][gc,heap        ] GC(626) PSYoungGen: 669985K->2594K(684544K)
[914.902s][info][gc,heap        ] GC(626) PSOldGen: 220181K->222237K(1398272K)
[914.902s][info][gc,metaspace   ] GC(626) Metaspace: 91479K(98736K)->91479K(98736K) NonClass: 79895K(83888K)->79895K(83888K) Class: 11583K(14848K)->11583K(14848K)
[914.902s][info][gc             ] GC(626) Pause Young (Allocation Failure) 869M->219M(2034M) 2.931ms
[914.902s][info][gc,cpu         ] GC(626) User=0.00s Sys=0.00s Real=0.00s
[915.628s][info][gc,start       ] GC(627) Pause Young (Allocation Failure)
[915.630s][info][gc,heap        ] GC(627) PSYoungGen: 672290K->3465K(684032K)
[915.631s][info][gc,heap        ] GC(627) PSOldGen: 222237K->224309K(1398272K)
[915.631s][info][gc,metaspace   ] GC(627) Metaspace: 91479K(98736K)->91479K(98736K) NonClass: 79895K(83888K)->79895K(83888K) Class: 11583K(14848K)->11583K(14848K)
[915.631s][info][gc             ] GC(627) Pause Young (Allocation Failure) 873M->222M(2033M) 2.890ms
[915.631s][info][gc,cpu         ] GC(627) User=0.00s Sys=0.00s Real=0.01s
[917.776s][info][gc,start       ] GC(628) Pause Young (Allocation Failure)
[917.779s][info][gc,heap        ] GC(628) PSYoungGen: 673161K->3397K(685568K)
[917.779s][info][gc,heap        ] GC(628) PSOldGen: 224309K->227271K(1398272K)
[917.779s][info][gc,metaspace   ] GC(628) Metaspace: 91479K(98736K)->91479K(98736K) NonClass: 79895K(83888K)->79895K(83888K) Class: 11583K(14848K)->11583K(14848K)
[917.779s][info][gc             ] GC(628) Pause Young (Allocation Failure) 876M->225M(2035M) 3.221ms
[917.779s][info][gc,cpu         ] GC(628) User=0.00s Sys=0.00s Real=0.00s
[918.386s][info][gc,start       ] GC(629) Pause Young (Allocation Failure)
[918.390s][info][gc,heap        ] GC(629) PSYoungGen: 672729K->4215K(685056K)
[918.390s][info][gc,heap        ] GC(629) PSOldGen: 227271K->229708K(1398272K)
[918.390s][info][gc,metaspace   ] GC(629) Metaspace: 91481K(98736K)->91481K(98736K) NonClass: 79897K(83888K)->79897K(83888K) Class: 11583K(14848K)->11583K(14848K)
[918.390s][info][gc             ] GC(629) Pause Young (Allocation Failure) 878M->228M(2034M) 3.609ms
[918.390s][info][gc,cpu         ] GC(629) User=0.00s Sys=0.00s Real=0.00s
[920.190s][info][gc,start       ] GC(630) Pause Young (Allocation Failure)
[920.192s][info][gc,heap        ] GC(630) PSYoungGen: 675798K->2897K(686592K)
[920.193s][info][gc,heap        ] GC(630) PSOldGen: 229708K->231432K(1398272K)
[920.193s][info][gc,metaspace   ] GC(630) Metaspace: 91481K(98736K)->91481K(98736K) NonClass: 79897K(83888K)->79897K(83888K) Class: 11583K(14848K)->11583K(14848K)
[920.193s][info][gc             ] GC(630) Pause Young (Allocation Failure) 884M->228M(2036M) 2.614ms
[920.193s][info][gc,cpu         ] GC(630) User=0.00s Sys=0.00s Real=0.01s
[921.732s][info][gc,start       ] GC(631) Pause Young (Allocation Failure)
[921.735s][info][gc,heap        ] GC(631) PSYoungGen: 677201K->3431K(686592K)
[921.735s][info][gc,heap        ] GC(631) PSOldGen: 231432K->233614K(1398272K)
[921.735s][info][gc,metaspace   ] GC(631) Metaspace: 91481K(98736K)->91481K(98736K) NonClass: 79897K(83888K)->79897K(83888K) Class: 11583K(14848K)->11583K(14848K)
[921.735s][info][gc             ] GC(631) Pause Young (Allocation Failure) 887M->231M(2036M) 2.980ms
[921.735s][info][gc,cpu         ] GC(631) User=0.00s Sys=0.00s Real=0.00s
[922.002s][info][gc,start       ] GC(632) Pause Young (System.gc())
[922.005s][info][gc,heap        ] GC(632) PSYoungGen: 303905K->512K(687616K)
[922.005s][info][gc,heap        ] GC(632) PSOldGen: 233614K->235762K(1398272K)
[922.005s][info][gc,metaspace   ] GC(632) Metaspace: 91483K(98736K)->91483K(98736K) NonClass: 79899K(83888K)->79899K(83888K) Class: 11583K(14848K)->11583K(14848K)
[922.005s][info][gc             ] GC(632) Pause Young (System.gc()) 524M->230M(2037M) 2.292ms
[922.005s][info][gc,cpu         ] GC(632) User=0.00s Sys=0.00s Real=0.00s
[922.005s][info][gc,start       ] GC(633) Pause Full (System.gc())
[922.006s][info][gc,phases,start] GC(633) Phase 1: Mark live objects
[922.064s][info][gc,phases      ] GC(633) Phase 1: Mark live objects 57.136ms
[922.064s][info][gc,phases,start] GC(633) Phase 2: Compute new object addresses
[922.078s][info][gc,phases      ] GC(633) Phase 2: Compute new object addresses 14.322ms
[922.078s][info][gc,phases,start] GC(633) Phase 3: Adjust pointers
[922.116s][info][gc,phases      ] GC(633) Phase 3: Adjust pointers 37.918ms
[922.116s][info][gc,phases,start] GC(633) Phase 4: Move objects
[922.128s][info][gc,phases      ] GC(633) Phase 4: Move objects 12.193ms
[922.131s][info][gc,heap        ] GC(633) PSYoungGen: 512K->0K(687616K)
[922.131s][info][gc,heap        ] GC(633) PSOldGen: 235762K->83390K(1398272K)
[922.131s][info][gc,metaspace   ] GC(633) Metaspace: 91483K(98736K)->91483K(98736K) NonClass: 79899K(83888K)->79899K(83888K) Class: 11583K(14848K)->11583K(14848K)
[922.131s][info][gc             ] GC(633) Pause Full (System.gc()) 230M->81M(2037M) 125.868ms
[922.131s][info][gc,cpu         ] GC(633) User=0.12s Sys=0.00s Real=0.12s
[923.043s][info][gc,start       ] GC(634) Pause Young (Allocation Failure)
[923.046s][info][gc,heap        ] GC(634) PSYoungGen: 676352K->3594K(687616K)
[923.046s][info][gc,heap        ] GC(634) PSOldGen: 83390K->83390K(1398272K)
[923.046s][info][gc,metaspace   ] GC(634) Metaspace: 91483K(98736K)->91483K(98736K) NonClass: 79899K(83888K)->79899K(83888K) Class: 11583K(14848K)->11583K(14848K)
[923.046s][info][gc             ] GC(634) Pause Young (Allocation Failure) 741M->84M(2037M) 2.107ms
[923.046s][info][gc,cpu         ] GC(634) User=0.00s Sys=0.00s Real=0.00s
[925.411s][info][gc,start       ] GC(635) Pause Young (Allocation Failure)
[925.414s][info][gc,heap        ] GC(635) PSYoungGen: 677069K->2347K(688640K)
[925.414s][info][gc,heap        ] GC(635) PSOldGen: 83390K->86507K(1398272K)
[925.414s][info][gc,metaspace   ] GC(635) Metaspace: 91483K(98736K)->91483K(98736K) NonClass: 79899K(83888K)->79899K(83888K) Class: 11583K(14848K)->11583K(14848K)
[925.414s][info][gc             ] GC(635) Pause Young (Allocation Failure) 742M->86M(2038M) 2.643ms
[925.414s][info][gc,cpu         ] GC(635) User=0.00s Sys=0.00s Real=0.01s
[927.474s][info][gc,start       ] GC(636) Pause Young (Allocation Failure)
[927.477s][info][gc,heap        ] GC(636) PSYoungGen: 680235K->2654K(688128K)
[927.477s][info][gc,heap        ] GC(636) PSOldGen: 86507K->88197K(1398272K)
[927.477s][info][gc,metaspace   ] GC(636) Metaspace: 91483K(98736K)->91483K(98736K) NonClass: 79899K(83888K)->79899K(83888K) Class: 11583K(14848K)->11583K(14848K)
[927.477s][info][gc             ] GC(636) Pause Young (Allocation Failure) 748M->88M(2037M) 2.401ms
[927.477s][info][gc,cpu         ] GC(636) User=0.00s Sys=0.00s Real=0.00s
[928.149s][info][gc,start       ] GC(637) Pause Young (Allocation Failure)
[928.153s][info][gc,heap        ] GC(637) PSYoungGen: 676918K->8483K(686592K)
[928.153s][info][gc,heap        ] GC(637) PSOldGen: 88197K->102001K(1398272K)
[928.153s][info][gc,metaspace   ] GC(637) Metaspace: 91484K(98736K)->91484K(98736K) NonClass: 79900K(83888K)->79900K(83888K) Class: 11583K(14848K)->11583K(14848K)
[928.153s][info][gc             ] GC(637) Pause Young (Allocation Failure) 747M->107M(2036M) 3.935ms
[928.153s][info][gc,cpu         ] GC(637) User=0.00s Sys=0.00s Real=0.00s
[929.635s][info][gc,start       ] GC(638) Pause Young (Allocation Failure)
[929.638s][info][gc,heap        ] GC(638) PSYoungGen: 684835K->3134K(687616K)
[929.638s][info][gc,heap        ] GC(638) PSOldGen: 102001K->104797K(1398272K)
[929.638s][info][gc,metaspace   ] GC(638) Metaspace: 91484K(98736K)->91484K(98736K) NonClass: 79900K(83888K)->79900K(83888K) Class: 11583K(14848K)->11583K(14848K)
[929.638s][info][gc             ] GC(638) Pause Young (Allocation Failure) 768M->105M(2037M) 2.546ms
[929.638s][info][gc,cpu         ] GC(638) User=0.00s Sys=0.00s Real=0.00s
[931.837s][info][gc,start       ] GC(639) Pause Young (Allocation Failure)
[931.839s][info][gc,heap        ] GC(639) PSYoungGen: 679007K->2576K(688640K)
[931.840s][info][gc,heap        ] GC(639) PSOldGen: 104797K->106460K(1398272K)
[931.840s][info][gc,metaspace   ] GC(639) Metaspace: 91484K(98736K)->91484K(98736K) NonClass: 79900K(83888K)->79900K(83888K) Class: 11583K(14848K)->11583K(14848K)
[931.840s][info][gc             ] GC(639) Pause Young (Allocation Failure) 765M->106M(2038M) 2.353ms
[931.840s][info][gc,cpu         ] GC(639) User=0.00s Sys=0.00s Real=0.00s
[933.765s][info][gc,start       ] GC(640) Pause Young (Allocation Failure)
[933.768s][info][gc,heap        ] GC(640) PSYoungGen: 680464K->4339K(688128K)
[933.768s][info][gc,heap        ] GC(640) PSOldGen: 106460K->108265K(1398272K)
[933.768s][info][gc,metaspace   ] GC(640) Metaspace: 91484K(98736K)->91484K(98736K) NonClass: 79900K(83888K)->79900K(83888K) Class: 11583K(14848K)->11583K(14848K)
[933.768s][info][gc             ] GC(640) Pause Young (Allocation Failure) 768M->109M(2037M) 3.081ms
[933.768s][info][gc,cpu         ] GC(640) User=0.09s Sys=0.00s Real=0.00s
[934.509s][info][gc,start       ] GC(641) Pause Young (Allocation Failure)
[934.512s][info][gc,heap        ] GC(641) PSYoungGen: 682227K->3275K(689664K)
[934.512s][info][gc,heap        ] GC(641) PSOldGen: 108265K->110577K(1398272K)
[934.512s][info][gc,metaspace   ] GC(641) Metaspace: 91484K(98736K)->91484K(98736K) NonClass: 79900K(83888K)->79900K(83888K) Class: 11583K(14848K)->11583K(14848K)
[934.512s][info][gc             ] GC(641) Pause Young (Allocation Failure) 771M->111M(2039M) 2.983ms
[934.512s][info][gc,cpu         ] GC(641) User=0.00s Sys=0.00s Real=0.00s
[936.823s][info][gc,start       ] GC(642) Pause Young (Allocation Failure)
[936.825s][info][gc,heap        ] GC(642) PSYoungGen: 683211K->2334K(689152K)
[936.825s][info][gc,heap        ] GC(642) PSOldGen: 110577K->113427K(1398272K)
[936.825s][info][gc,metaspace   ] GC(642) Metaspace: 91484K(98736K)->91484K(98736K) NonClass: 79900K(83888K)->79900K(83888K) Class: 11583K(14848K)->11583K(14848K)
[936.825s][info][gc             ] GC(642) Pause Young (Allocation Failure) 775M->113M(2038M) 2.595ms
[936.825s][info][gc,cpu         ] GC(642) User=0.00s Sys=0.00s Real=0.00s
[939.247s][info][gc,start       ] GC(643) Pause Young (Allocation Failure)
[939.250s][info][gc,heap        ] GC(643) PSYoungGen: 682270K->3394K(690176K)
[939.250s][info][gc,heap        ] GC(643) PSOldGen: 113427K->114822K(1398272K)
[939.250s][info][gc,metaspace   ] GC(643) Metaspace: 91484K(98736K)->91484K(98736K) NonClass: 79900K(83888K)->79900K(83888K) Class: 11583K(14848K)->11583K(14848K)
[939.250s][info][gc             ] GC(643) Pause Young (Allocation Failure) 777M->115M(2039M) 2.950ms
[939.250s][info][gc,cpu         ] GC(643) User=0.00s Sys=0.00s Real=0.01s
[940.207s][info][gc,start       ] GC(644) Pause Young (Allocation Failure)
[940.211s][info][gc,heap        ] GC(644) PSYoungGen: 684354K->3819K(689664K)
[940.211s][info][gc,heap        ] GC(644) PSOldGen: 114822K->116800K(1398272K)
[940.211s][info][gc,metaspace   ] GC(644) Metaspace: 91484K(98736K)->91484K(98736K) NonClass: 79900K(83888K)->79900K(83888K) Class: 11583K(14848K)->11583K(14848K)
[940.211s][info][gc             ] GC(644) Pause Young (Allocation Failure) 780M->117M(2039M) 3.876ms
[940.211s][info][gc,cpu         ] GC(644) User=0.00s Sys=0.00s Real=0.00s
[941.630s][info][gc,start       ] GC(645) Pause Young (Allocation Failure)
[941.633s][info][gc,heap        ] GC(645) PSYoungGen: 684779K->4834K(690688K)
[941.633s][info][gc,heap        ] GC(645) PSOldGen: 116800K->119492K(1398272K)
[941.633s][info][gc,metaspace   ] GC(645) Metaspace: 91484K(98736K)->91484K(98736K) NonClass: 79900K(83888K)->79900K(83888K) Class: 11583K(14848K)->11583K(14848K)
[941.633s][info][gc             ] GC(645) Pause Young (Allocation Failure) 782M->121M(2040M) 3.067ms
[941.633s][info][gc,cpu         ] GC(645) User=0.00s Sys=0.00s Real=0.02s
[943.862s][info][gc,start       ] GC(646) Pause Young (Allocation Failure)
[943.865s][info][gc,heap        ] GC(646) PSYoungGen: 686575K->2658K(690688K)
[943.865s][info][gc,heap        ] GC(646) PSOldGen: 119492K->121593K(1398272K)
[943.865s][info][gc,metaspace   ] GC(646) Metaspace: 91485K(98736K)->91485K(98736K) NonClass: 79902K(83888K)->79902K(83888K) Class: 11583K(14848K)->11583K(14848K)
[943.865s][info][gc             ] GC(646) Pause Young (Allocation Failure) 787M->121M(2040M) 2.818ms
[943.865s][info][gc,cpu         ] GC(646) User=0.00s Sys=0.00s Real=0.00s
[945.838s][info][gc,start       ] GC(647) Pause Young (Allocation Failure)
[945.840s][info][gc,heap        ] GC(647) PSYoungGen: 685154K->3565K(691200K)
[945.841s][info][gc,heap        ] GC(647) PSOldGen: 121593K->123368K(1398272K)
[945.841s][info][gc,metaspace   ] GC(647) Metaspace: 91485K(98736K)->91485K(98736K) NonClass: 79902K(83888K)->79902K(83888K) Class: 11583K(14848K)->11583K(14848K)
[945.841s][info][gc             ] GC(647) Pause Young (Allocation Failure) 787M->123M(2040M) 2.745ms
[945.841s][info][gc,cpu         ] GC(647) User=0.00s Sys=0.00s Real=0.00s
[946.601s][info][gc,start       ] GC(648) Pause Young (Allocation Failure)
[946.604s][info][gc,heap        ] GC(648) PSYoungGen: 686573K->3189K(690688K)
[946.604s][info][gc,heap        ] GC(648) PSOldGen: 123368K->125525K(1398272K)
[946.604s][info][gc,metaspace   ] GC(648) Metaspace: 91485K(98736K)->91485K(98736K) NonClass: 79902K(83888K)->79902K(83888K) Class: 11583K(14848K)->11583K(14848K)
[946.604s][info][gc             ] GC(648) Pause Young (Allocation Failure) 790M->125M(2040M) 2.791ms
[946.604s][info][gc,cpu         ] GC(648) User=0.00s Sys=0.00s Real=0.02s
[948.788s][info][gc,start       ] GC(649) Pause Young (Allocation Failure)
[948.791s][info][gc,heap        ] GC(649) PSYoungGen: 685745K->2246K(691712K)
[948.791s][info][gc,heap        ] GC(649) PSOldGen: 125525K->128250K(1398272K)
[948.791s][info][gc,metaspace   ] GC(649) Metaspace: 91485K(98736K)->91485K(98736K) NonClass: 79902K(83888K)->79902K(83888K) Class: 11583K(14848K)->11583K(14848K)
[948.791s][info][gc             ] GC(649) Pause Young (Allocation Failure) 792M->127M(2041M) 2.553ms
[948.791s][info][gc,cpu         ] GC(649) User=0.00s Sys=0.00s Real=0.00s
[949.459s][info][gc,start       ] GC(650) Pause Young (Allocation Failure)
[949.462s][info][gc,heap        ] GC(650) PSYoungGen: 685818K->5125K(690176K)
[949.462s][info][gc,heap        ] GC(650) PSOldGen: 128250K->133893K(1398272K)
[949.462s][info][gc,metaspace   ] GC(650) Metaspace: 91485K(98736K)->91485K(98736K) NonClass: 79902K(83888K)->79902K(83888K) Class: 11583K(14848K)->11583K(14848K)
[949.462s][info][gc             ] GC(650) Pause Young (Allocation Failure) 794M->135M(2039M) 3.309ms
[949.462s][info][gc,cpu         ] GC(650) User=0.00s Sys=0.00s Real=0.00s
[951.171s][info][gc,start       ] GC(651) Pause Young (Allocation Failure)
[951.174s][info][gc,heap        ] GC(651) PSYoungGen: 689669K->2884K(691712K)
[951.174s][info][gc,heap        ] GC(651) PSOldGen: 133893K->136823K(1398272K)
[951.174s][info][gc,metaspace   ] GC(651) Metaspace: 91485K(98736K)->91485K(98736K) NonClass: 79902K(83888K)->79902K(83888K) Class: 11583K(14848K)->11583K(14848K)
[951.174s][info][gc             ] GC(651) Pause Young (Allocation Failure) 804M->136M(2041M) 2.824ms
[951.174s][info][gc,cpu         ] GC(651) User=0.09s Sys=0.00s Real=0.00s
[952.685s][info][gc,start       ] GC(652) Pause Young (Allocation Failure)
[952.688s][info][gc,heap        ] GC(652) PSYoungGen: 682895K->7137K(691200K)
[952.688s][info][gc,heap        ] GC(652) PSOldGen: 136823K->144075K(1398272K)
[952.688s][info][gc,metaspace   ] GC(652) Metaspace: 91485K(98736K)->91485K(98736K) NonClass: 79902K(83888K)->79902K(83888K) Class: 11583K(14848K)->11583K(14848K)
[952.688s][info][gc             ] GC(652) Pause Young (Allocation Failure) 800M->147M(2040M) 3.505ms
[952.688s][info][gc,cpu         ] GC(652) User=0.00s Sys=0.00s Real=0.00s
[953.425s][info][gc,start       ] GC(653) Pause Young (Allocation Failure)
[953.428s][info][gc,heap        ] GC(653) PSYoungGen: 690313K->7614K(684032K)
[953.428s][info][gc,heap        ] GC(653) PSOldGen: 144075K->146518K(1398272K)
[953.428s][info][gc,metaspace   ] GC(653) Metaspace: 91485K(98736K)->91485K(98736K) NonClass: 79902K(83888K)->79902K(83888K) Class: 11583K(14848K)->11583K(14848K)
[953.428s][info][gc             ] GC(653) Pause Young (Allocation Failure) 814M->150M(2033M) 3.250ms
[953.428s][info][gc,cpu         ] GC(653) User=0.00s Sys=0.00s Real=0.01s
[955.509s][info][gc,start       ] GC(654) Pause Young (Allocation Failure)
[955.513s][info][gc,heap        ] GC(654) PSYoungGen: 683966K->3699K(687616K)
[955.513s][info][gc,heap        ] GC(654) PSOldGen: 146518K->153579K(1398272K)
[955.513s][info][gc,metaspace   ] GC(654) Metaspace: 91485K(98736K)->91485K(98736K) NonClass: 79902K(83888K)->79902K(83888K) Class: 11583K(14848K)->11583K(14848K)
[955.513s][info][gc             ] GC(654) Pause Young (Allocation Failure) 811M->153M(2037M) 4.001ms
[955.513s][info][gc,cpu         ] GC(654) User=0.00s Sys=0.00s Real=0.01s
[956.106s][info][gc,start       ] GC(655) Pause Young (Allocation Failure)
[956.109s][info][gc,heap        ] GC(655) PSYoungGen: 680051K->3545K(688128K)
[956.109s][info][gc,heap        ] GC(655) PSOldGen: 153579K->156034K(1398272K)
[956.109s][info][gc,metaspace   ] GC(655) Metaspace: 91485K(98736K)->91485K(98736K) NonClass: 79902K(83888K)->79902K(83888K) Class: 11583K(14848K)->11583K(14848K)
[956.109s][info][gc             ] GC(655) Pause Young (Allocation Failure) 814M->155M(2037M) 2.502ms
[956.109s][info][gc,cpu         ] GC(655) User=0.00s Sys=0.00s Real=0.00s
[958.134s][info][gc,start       ] GC(656) Pause Young (Allocation Failure)
[958.137s][info][gc,heap        ] GC(656) PSYoungGen: 680409K->3820K(687616K)
[958.137s][info][gc,heap        ] GC(656) PSOldGen: 156034K->157786K(1398272K)
[958.137s][info][gc,metaspace   ] GC(656) Metaspace: 91485K(98736K)->91485K(98736K) NonClass: 79902K(83888K)->79902K(83888K) Class: 11583K(14848K)->11583K(14848K)
[958.137s][info][gc             ] GC(656) Pause Young (Allocation Failure) 816M->157M(2037M) 2.712ms
[958.137s][info][gc,cpu         ] GC(656) User=0.00s Sys=0.00s Real=0.01s
[959.509s][info][gc,start       ] GC(657) Pause Young (Allocation Failure)
[959.512s][info][gc,heap        ] GC(657) PSYoungGen: 680684K->3958K(689152K)
[959.512s][info][gc,heap        ] GC(657) PSOldGen: 157786K->160020K(1398272K)
[959.512s][info][gc,metaspace   ] GC(657) Metaspace: 91485K(98736K)->91485K(98736K) NonClass: 79902K(83888K)->79902K(83888K) Class: 11583K(14848K)->11583K(14848K)
[959.512s][info][gc             ] GC(657) Pause Young (Allocation Failure) 818M->160M(2038M) 3.206ms
[959.512s][info][gc,cpu         ] GC(657) User=0.00s Sys=0.00s Real=0.00s
[959.650s][info][gc,start       ] GC(658) Pause Young (System.gc())
[959.652s][info][gc,heap        ] GC(658) PSYoungGen: 210868K->448K(688640K)
[959.652s][info][gc,heap        ] GC(658) PSOldGen: 160020K->161897K(1398272K)
[959.652s][info][gc,metaspace   ] GC(658) Metaspace: 91487K(98736K)->91487K(98736K) NonClass: 79903K(83888K)->79903K(83888K) Class: 11583K(14848K)->11583K(14848K)
[959.652s][info][gc             ] GC(658) Pause Young (System.gc()) 362M->158M(2038M) 2.101ms
[959.652s][info][gc,cpu         ] GC(658) User=0.00s Sys=0.00s Real=0.00s
[959.653s][info][gc,start       ] GC(659) Pause Full (System.gc())
[959.656s][info][gc,phases,start] GC(659) Phase 1: Mark live objects
[959.713s][info][gc,phases      ] GC(659) Phase 1: Mark live objects 56.757ms
[959.713s][info][gc,phases,start] GC(659) Phase 2: Compute new object addresses
[959.727s][info][gc,phases      ] GC(659) Phase 2: Compute new object addresses 14.514ms
[959.727s][info][gc,phases,start] GC(659) Phase 3: Adjust pointers
[959.763s][info][gc,phases      ] GC(659) Phase 3: Adjust pointers 36.343ms
[959.764s][info][gc,phases,start] GC(659) Phase 4: Move objects
[959.765s][info][gc,phases      ] GC(659) Phase 4: Move objects 1.879ms
[959.768s][info][gc,heap        ] GC(659) PSYoungGen: 448K->0K(688640K)
[959.768s][info][gc,heap        ] GC(659) PSOldGen: 161897K->153707K(1398272K)
[959.768s][info][gc,metaspace   ] GC(659) Metaspace: 91487K(98736K)->91487K(98736K) NonClass: 79903K(83888K)->79903K(83888K) Class: 11583K(14848K)->11583K(14848K)
[959.768s][info][gc             ] GC(659) Pause Full (System.gc()) 158M->150M(2038M) 115.482ms
[959.768s][info][gc,cpu         ] GC(659) User=0.09s Sys=0.02s Real=0.11s
[960.676s][info][gc,start       ] GC(660) Pause Young (Allocation Failure)
[960.678s][info][gc,heap        ] GC(660) PSYoungGen: 678912K->3598K(689152K)
[960.678s][info][gc,heap        ] GC(660) PSOldGen: 153707K->153707K(1398272K)
[960.678s][info][gc,metaspace   ] GC(660) Metaspace: 91488K(98736K)->91488K(98736K) NonClass: 79904K(83888K)->79904K(83888K) Class: 11583K(14848K)->11583K(14848K)
[960.678s][info][gc             ] GC(660) Pause Young (Allocation Failure) 813M->153M(2038M) 2.757ms
[960.678s][info][gc,cpu         ] GC(660) User=0.00s Sys=0.00s Real=0.01s
[963.046s][info][gc,start       ] GC(661) Pause Young (Allocation Failure)
[963.049s][info][gc,heap        ] GC(661) PSYoungGen: 682510K->2372K(688640K)
[963.049s][info][gc,heap        ] GC(661) PSOldGen: 153707K->156470K(1398272K)
[963.049s][info][gc,metaspace   ] GC(661) Metaspace: 91488K(98736K)->91488K(98736K) NonClass: 79904K(83888K)->79904K(83888K) Class: 11583K(14848K)->11583K(14848K)
[963.049s][info][gc             ] GC(661) Pause Young (Allocation Failure) 816M->155M(2038M) 3.063ms
[963.049s][info][gc,cpu         ] GC(661) User=0.09s Sys=0.00s Real=0.00s
[965.160s][info][gc,start       ] GC(662) Pause Young (Allocation Failure)
[965.163s][info][gc,heap        ] GC(662) PSYoungGen: 681284K->3722K(690176K)
[965.163s][info][gc,heap        ] GC(662) PSOldGen: 156470K->158072K(1398272K)
[965.163s][info][gc,metaspace   ] GC(662) Metaspace: 91488K(98736K)->91488K(98736K) NonClass: 79904K(83888K)->79904K(83888K) Class: 11583K(14848K)->11583K(14848K)
[965.163s][info][gc             ] GC(662) Pause Young (Allocation Failure) 818M->158M(2039M) 2.923ms
[965.163s][info][gc,cpu         ] GC(662) User=0.00s Sys=0.00s Real=0.02s
[965.798s][info][gc,start       ] GC(663) Pause Young (Allocation Failure)
[965.801s][info][gc,heap        ] GC(663) PSYoungGen: 683407K->8676K(689664K)
[965.801s][info][gc,heap        ] GC(663) PSOldGen: 158072K->163804K(1398272K)
[965.801s][info][gc,metaspace   ] GC(663) Metaspace: 91488K(98736K)->91488K(98736K) NonClass: 79904K(83888K)->79904K(83888K) Class: 11583K(14848K)->11583K(14848K)
[965.801s][info][gc             ] GC(663) Pause Young (Allocation Failure) 821M->168M(2039M) 3.295ms
[965.801s][info][gc,cpu         ] GC(663) User=0.02s Sys=0.00s Real=0.00s
[967.362s][info][gc,start       ] GC(664) Pause Young (Allocation Failure)
[967.366s][info][gc,heap        ] GC(664) PSYoungGen: 689636K->3153K(684544K)
[967.366s][info][gc,heap        ] GC(664) PSOldGen: 163804K->166623K(1398272K)
[967.366s][info][gc,metaspace   ] GC(664) Metaspace: 91488K(98736K)->91488K(98736K) NonClass: 79904K(83888K)->79904K(83888K) Class: 11583K(14848K)->11583K(14848K)
[967.366s][info][gc             ] GC(664) Pause Young (Allocation Failure) 833M->165M(2034M) 3.400ms
[967.366s][info][gc,cpu         ] GC(664) User=0.00s Sys=0.00s Real=0.00s
[969.699s][info][gc,start       ] GC(665) Pause Young (Allocation Failure)
[969.701s][info][gc,heap        ] GC(665) PSYoungGen: 678481K->4727K(687104K)
[969.701s][info][gc,heap        ] GC(665) PSOldGen: 166623K->168306K(1398272K)
[969.701s][info][gc,metaspace   ] GC(665) Metaspace: 91489K(98736K)->91489K(98736K) NonClass: 79906K(83888K)->79906K(83888K) Class: 11583K(14848K)->11583K(14848K)
[969.701s][info][gc             ] GC(665) Pause Young (Allocation Failure) 825M->168M(2036M) 2.787ms
[969.702s][info][gc,cpu         ] GC(665) User=0.00s Sys=0.00s Real=0.00s
[971.413s][info][gc,start       ] GC(666) Pause Young (Allocation Failure)
[971.417s][info][gc,heap        ] GC(666) PSYoungGen: 680055K->5249K(688128K)
[971.417s][info][gc,heap        ] GC(666) PSOldGen: 168306K->170180K(1398272K)
[971.417s][info][gc,metaspace   ] GC(666) Metaspace: 91489K(98736K)->91489K(98736K) NonClass: 79906K(83888K)->79906K(83888K) Class: 11583K(14848K)->11583K(14848K)
[971.417s][info][gc             ] GC(666) Pause Young (Allocation Failure) 828M->171M(2037M) 3.530ms
[971.417s][info][gc,cpu         ] GC(666) User=0.00s Sys=0.00s Real=0.00s
[972.175s][info][gc,start       ] GC(667) Pause Young (Allocation Failure)
[972.178s][info][gc,heap        ] GC(667) PSYoungGen: 682113K->3494K(687616K)
[972.178s][info][gc,heap        ] GC(667) PSOldGen: 170180K->172589K(1398272K)
[972.178s][info][gc,metaspace   ] GC(667) Metaspace: 91489K(98736K)->91489K(98736K) NonClass: 79906K(83888K)->79906K(83888K) Class: 11583K(14848K)->11583K(14848K)
[972.178s][info][gc             ] GC(667) Pause Young (Allocation Failure) 832M->171M(2037M) 3.104ms
[972.178s][info][gc,cpu         ] GC(667) User=0.00s Sys=0.00s Real=0.02s
[974.389s][info][gc,start       ] GC(668) Pause Young (Allocation Failure)
[974.392s][info][gc,heap        ] GC(668) PSYoungGen: 680358K->3054K(688640K)
[974.392s][info][gc,heap        ] GC(668) PSOldGen: 172589K->175486K(1398272K)
[974.392s][info][gc,metaspace   ] GC(668) Metaspace: 91489K(98736K)->91489K(98736K) NonClass: 79906K(83888K)->79906K(83888K) Class: 11583K(14848K)->11583K(14848K)
[974.392s][info][gc             ] GC(668) Pause Young (Allocation Failure) 832M->174M(2038M) 3.118ms
[974.393s][info][gc,cpu         ] GC(668) User=0.09s Sys=0.00s Real=0.00s
[976.640s][info][gc,start       ] GC(669) Pause Young (Allocation Failure)
[976.643s][info][gc,heap        ] GC(669) PSYoungGen: 681454K->3638K(688640K)
[976.643s][info][gc,heap        ] GC(669) PSOldGen: 175486K->176882K(1398272K)
[976.643s][info][gc,metaspace   ] GC(669) Metaspace: 91489K(98736K)->91489K(98736K) NonClass: 79906K(83888K)->79906K(83888K) Class: 11583K(14848K)->11583K(14848K)
[976.643s][info][gc             ] GC(669) Pause Young (Allocation Failure) 836M->176M(2038M) 2.757ms
[976.643s][info][gc,cpu         ] GC(669) User=0.09s Sys=0.00s Real=0.00s
[977.549s][info][gc,start       ] GC(670) Pause Young (Allocation Failure)
[977.552s][info][gc,heap        ] GC(670) PSYoungGen: 678297K->3339K(689664K)
[977.552s][info][gc,heap        ] GC(670) PSOldGen: 176882K->178865K(1398272K)
[977.552s][info][gc,metaspace   ] GC(670) Metaspace: 91489K(98736K)->91489K(98736K) NonClass: 79906K(83888K)->79906K(83888K) Class: 11583K(14848K)->11583K(14848K)
[977.552s][info][gc             ] GC(670) Pause Young (Allocation Failure) 835M->177M(2039M) 3.272ms
[977.552s][info][gc,cpu         ] GC(670) User=0.00s Sys=0.00s Real=0.01s
[978.898s][info][gc,start       ] GC(671) Pause Young (Allocation Failure)
[978.901s][info][gc,heap        ] GC(671) PSYoungGen: 683275K->3460K(689152K)
[978.901s][info][gc,heap        ] GC(671) PSOldGen: 178865K->181476K(1398272K)
[978.901s][info][gc,metaspace   ] GC(671) Metaspace: 91489K(98736K)->91489K(98736K) NonClass: 79906K(83888K)->79906K(83888K) Class: 11583K(14848K)->11583K(14848K)
[978.901s][info][gc             ] GC(671) Pause Young (Allocation Failure) 841M->180M(2038M) 2.902ms
[978.901s][info][gc,cpu         ] GC(671) User=0.00s Sys=0.00s Real=0.00s
[981.144s][info][gc,start       ] GC(672) Pause Young (GCLocker Initiated GC)
[981.147s][info][gc,heap        ] GC(672) PSYoungGen: 683396K->4956K(690176K)
[981.147s][info][gc,heap        ] GC(672) PSOldGen: 181575K->183705K(1398272K)
[981.147s][info][gc,metaspace   ] GC(672) Metaspace: 91489K(98736K)->91489K(98736K) NonClass: 79906K(83888K)->79906K(83888K) Class: 11583K(14848K)->11583K(14848K)
[981.147s][info][gc             ] GC(672) Pause Young (GCLocker Initiated GC) 844M->184M(2039M) 3.303ms
[981.147s][info][gc,cpu         ] GC(672) User=0.00s Sys=0.00s Real=0.00s
[983.176s][info][gc,start       ] GC(673) Pause Young (Allocation Failure)
[983.178s][info][gc,heap        ] GC(673) PSYoungGen: 685916K->3219K(689664K)
[983.178s][info][gc,heap        ] GC(673) PSOldGen: 187803K->189612K(1398272K)
[983.178s][info][gc,metaspace   ] GC(673) Metaspace: 91494K(98736K)->91494K(98736K) NonClass: 79910K(83888K)->79910K(83888K) Class: 11583K(14848K)->11583K(14848K)
[983.178s][info][gc             ] GC(673) Pause Young (Allocation Failure) 853M->188M(2039M) 2.818ms
[983.179s][info][gc,cpu         ] GC(673) User=0.00s Sys=0.00s Real=0.00s
[983.940s][info][gc,start       ] GC(674) Pause Young (Allocation Failure)
[983.943s][info][gc,heap        ] GC(674) PSYoungGen: 684179K->3249K(690688K)
[983.943s][info][gc,heap        ] GC(674) PSOldGen: 189612K->191839K(1398272K)
[983.943s][info][gc,metaspace   ] GC(674) Metaspace: 91494K(98736K)->91494K(98736K) NonClass: 79910K(83888K)->79910K(83888K) Class: 11583K(14848K)->11583K(14848K)
[983.943s][info][gc             ] GC(674) Pause Young (Allocation Failure) 853M->190M(2040M) 3.180ms
[983.943s][info][gc,cpu         ] GC(674) User=0.00s Sys=0.00s Real=0.01s
[986.148s][info][gc,start       ] GC(675) Pause Young (GCLocker Initiated GC)
[986.151s][info][gc,heap        ] GC(675) PSYoungGen: 685233K->4176K(690176K)
[986.151s][info][gc,heap        ] GC(675) PSOldGen: 191847K->194608K(1398272K)
[986.151s][info][gc,metaspace   ] GC(675) Metaspace: 91494K(98736K)->91494K(98736K) NonClass: 79910K(83888K)->79910K(83888K) Class: 11583K(14848K)->11583K(14848K)
[986.151s][info][gc             ] GC(675) Pause Young (GCLocker Initiated GC) 856M->194M(2039M) 2.882ms
[986.151s][info][gc,cpu         ] GC(675) User=0.00s Sys=0.00s Real=0.00s
[986.834s][info][gc,start       ] GC(676) Pause Young (Allocation Failure)
[986.838s][info][gc,heap        ] GC(676) PSYoungGen: 686160K->5861K(690688K)
[986.838s][info][gc,heap        ] GC(676) PSOldGen: 239793K->241261K(1398272K)
[986.838s][info][gc,metaspace   ] GC(676) Metaspace: 91494K(98736K)->91494K(98736K) NonClass: 79910K(83888K)->79910K(83888K) Class: 11583K(14848K)->11583K(14848K)
[986.838s][info][gc             ] GC(676) Pause Young (Allocation Failure) 904M->241M(2040M) 3.448ms
[986.838s][info][gc,cpu         ] GC(676) User=0.00s Sys=0.00s Real=0.00s
[988.653s][info][gc,start       ] GC(677) Pause Young (Allocation Failure)
[988.656s][info][gc,heap        ] GC(677) PSYoungGen: 687825K->2768K(690688K)
[988.656s][info][gc,heap        ] GC(677) PSOldGen: 241261K->244158K(1398272K)
[988.656s][info][gc,metaspace   ] GC(677) Metaspace: 91494K(98736K)->91494K(98736K) NonClass: 79910K(83888K)->79910K(83888K) Class: 11583K(14848K)->11583K(14848K)
[988.656s][info][gc             ] GC(677) Pause Young (Allocation Failure) 907M->241M(2040M) 2.999ms
[988.656s][info][gc,cpu         ] GC(677) User=0.00s Sys=0.00s Real=0.00s
[990.060s][info][gc,start       ] GC(678) Pause Young (Allocation Failure)
[990.063s][info][gc,heap        ] GC(678) PSYoungGen: 681254K->3983K(691200K)
[990.063s][info][gc,heap        ] GC(678) PSOldGen: 244158K->246371K(1398272K)
[990.063s][info][gc,metaspace   ] GC(678) Metaspace: 91502K(98736K)->91502K(98736K) NonClass: 79918K(83888K)->79918K(83888K) Class: 11583K(14848K)->11583K(14848K)
[990.063s][info][gc             ] GC(678) Pause Young (Allocation Failure) 903M->244M(2040M) 3.351ms
[990.063s][info][gc,cpu         ] GC(678) User=0.00s Sys=0.00s Real=0.00s
[990.905s][info][gc,start       ] GC(679) Pause Young (Allocation Failure)
[990.908s][info][gc,heap        ] GC(679) PSYoungGen: 686200K->3503K(690688K)
[990.908s][info][gc,heap        ] GC(679) PSOldGen: 246371K->248544K(1398272K)
[990.908s][info][gc,metaspace   ] GC(679) Metaspace: 91502K(98736K)->91502K(98736K) NonClass: 79918K(83888K)->79918K(83888K) Class: 11583K(14848K)->11583K(14848K)
[990.908s][info][gc             ] GC(679) Pause Young (Allocation Failure) 910M->246M(2040M) 2.655ms
[990.908s][info][gc,cpu         ] GC(679) User=0.08s Sys=0.00s Real=0.00s
[992.966s][info][gc,start       ] GC(680) Pause Young (Allocation Failure)
[992.970s][info][gc,heap        ] GC(680) PSYoungGen: 686511K->3874K(691712K)
[992.970s][info][gc,heap        ] GC(680) PSOldGen: 248544K->251493K(1398272K)
[992.970s][info][gc,metaspace   ] GC(680) Metaspace: 91502K(98736K)->91502K(98736K) NonClass: 79918K(83888K)->79918K(83888K) Class: 11583K(14848K)->11583K(14848K)
[992.970s][info][gc             ] GC(680) Pause Young (Allocation Failure) 913M->249M(2041M) 3.288ms
[992.970s][info][gc,cpu         ] GC(680) User=0.00s Sys=0.00s Real=0.00s
[993.514s][info][gc,start       ] GC(681) Pause Young (Allocation Failure)
[993.516s][info][gc,heap        ] GC(681) PSYoungGen: 685407K->2538K(691200K)
[993.516s][info][gc,heap        ] GC(681) PSOldGen: 251493K->254108K(1398272K)
[993.516s][info][gc,metaspace   ] GC(681) Metaspace: 91502K(98736K)->91502K(98736K) NonClass: 79918K(83888K)->79918K(83888K) Class: 11583K(14848K)->11583K(14848K)
[993.516s][info][gc             ] GC(681) Pause Young (Allocation Failure) 914M->250M(2040M) 2.674ms
[993.516s][info][gc,cpu         ] GC(681) User=0.00s Sys=0.00s Real=0.00s
[995.872s][info][gc,start       ] GC(682) Pause Young (Allocation Failure)
[995.876s][info][gc,heap        ] GC(682) PSYoungGen: 686570K->3464K(691712K)
[995.876s][info][gc,heap        ] GC(682) PSOldGen: 254108K->256263K(1398272K)
[995.876s][info][gc,metaspace   ] GC(682) Metaspace: 91502K(98736K)->91502K(98736K) NonClass: 79918K(83888K)->79918K(83888K) Class: 11583K(14848K)->11583K(14848K)
[995.876s][info][gc             ] GC(682) Pause Young (Allocation Failure) 918M->253M(2041M) 3.349ms
[995.876s][info][gc,cpu         ] GC(682) User=0.00s Sys=0.00s Real=0.01s
[996.949s][info][gc,start       ] GC(683) Pause Young (Allocation Failure)
[996.952s][info][gc,heap        ] GC(683) PSYoungGen: 685046K->2316K(691712K)
[996.952s][info][gc,heap        ] GC(683) PSOldGen: 256263K->258121K(1398272K)
[996.952s][info][gc,metaspace   ] GC(683) Metaspace: 91502K(98736K)->91502K(98736K) NonClass: 79918K(83888K)->79918K(83888K) Class: 11583K(14848K)->11583K(14848K)
[996.952s][info][gc             ] GC(683) Pause Young (Allocation Failure) 919M->254M(2041M) 2.658ms
[996.952s][info][gc,cpu         ] GC(683) User=0.00s Sys=0.00s Real=0.00s
[997.032s][info][gc,start       ] GC(684) Pause Young (System.gc())
[997.035s][info][gc,heap        ] GC(684) PSYoungGen: 147678K->416K(691712K)
[997.035s][info][gc,heap        ] GC(684) PSOldGen: 258121K->259908K(1398272K)
[997.035s][info][gc,metaspace   ] GC(684) Metaspace: 91506K(98736K)->91506K(98736K) NonClass: 79923K(83888K)->79923K(83888K) Class: 11583K(14848K)->11583K(14848K)
[997.035s][info][gc             ] GC(684) Pause Young (System.gc()) 396M->254M(2041M) 2.203ms
[997.035s][info][gc,cpu         ] GC(684) User=0.02s Sys=0.00s Real=0.00s
[997.035s][info][gc,start       ] GC(685) Pause Full (System.gc())
[997.038s][info][gc,phases,start] GC(685) Phase 1: Mark live objects
[997.096s][info][gc,phases      ] GC(685) Phase 1: Mark live objects 57.257ms
[997.096s][info][gc,phases,start] GC(685) Phase 2: Compute new object addresses
[997.111s][info][gc,phases      ] GC(685) Phase 2: Compute new object addresses 14.956ms
[997.111s][info][gc,phases,start] GC(685) Phase 3: Adjust pointers
[997.148s][info][gc,phases      ] GC(685) Phase 3: Adjust pointers 37.118ms
[997.148s][info][gc,phases,start] GC(685) Phase 4: Move objects
[997.155s][info][gc,phases      ] GC(685) Phase 4: Move objects 7.474ms
[997.158s][info][gc,heap        ] GC(685) PSYoungGen: 416K->0K(691712K)
[997.158s][info][gc,heap        ] GC(685) PSOldGen: 259908K->153766K(1398272K)
[997.158s][info][gc,metaspace   ] GC(685) Metaspace: 91506K(98736K)->91506K(98736K) NonClass: 79923K(83888K)->79923K(83888K) Class: 11583K(14848K)->11583K(14848K)
[997.158s][info][gc             ] GC(685) Pause Full (System.gc()) 254M->150M(2041M) 123.179ms
[997.158s][info][gc,cpu         ] GC(685) User=0.11s Sys=0.00s Real=0.12s
[998.061s][info][gc,start       ] GC(686) Pause Young (Allocation Failure)
[998.063s][info][gc,heap        ] GC(686) PSYoungGen: 684544K->3771K(691712K)
[998.063s][info][gc,heap        ] GC(686) PSOldGen: 153766K->153766K(1398272K)
[998.063s][info][gc,metaspace   ] GC(686) Metaspace: 91506K(98736K)->91506K(98736K) NonClass: 79923K(83888K)->79923K(83888K) Class: 11583K(14848K)->11583K(14848K)
[998.063s][info][gc             ] GC(686) Pause Young (Allocation Failure) 818M->153M(2041M) 2.343ms
[998.063s][info][gc,cpu         ] GC(686) User=0.00s Sys=0.00s Real=0.00s
[1000.424s][info][gc,start       ] GC(687) Pause Young (Allocation Failure)
[1000.426s][info][gc,heap        ] GC(687) PSYoungGen: 688315K->2347K(692224K)
[1000.426s][info][gc,heap        ] GC(687) PSOldGen: 153766K->156337K(1398272K)
[1000.426s][info][gc,metaspace   ] GC(687) Metaspace: 91506K(98736K)->91506K(98736K) NonClass: 79923K(83888K)->79923K(83888K) Class: 11583K(14848K)->11583K(14848K)
[1000.426s][info][gc             ] GC(687) Pause Young (Allocation Failure) 822M->154M(2041M) 2.376ms
[1000.426s][info][gc,cpu         ] GC(687) User=0.00s Sys=0.00s Real=0.00s
[1002.523s][info][gc,start       ] GC(688) Pause Young (Allocation Failure)
[1002.526s][info][gc,heap        ] GC(688) PSYoungGen: 687403K->1862K(691712K)
[1002.526s][info][gc,heap        ] GC(688) PSOldGen: 156337K->157883K(1398272K)
[1002.526s][info][gc,metaspace   ] GC(688) Metaspace: 91506K(98736K)->91506K(98736K) NonClass: 79923K(83888K)->79923K(83888K) Class: 11583K(14848K)->11583K(14848K)
[1002.526s][info][gc             ] GC(688) Pause Young (Allocation Failure) 823M->156M(2041M) 2.670ms
[1002.526s][info][gc,cpu         ] GC(688) User=0.00s Sys=0.00s Real=0.00s
[1003.139s][info][gc,start       ] GC(689) Pause Young (Allocation Failure)
[1003.142s][info][gc,heap        ] GC(689) PSYoungGen: 684168K->4964K(691200K)
[1003.142s][info][gc,heap        ] GC(689) PSOldGen: 157883K->171530K(1398272K)
[1003.142s][info][gc,metaspace   ] GC(689) Metaspace: 91506K(98736K)->91506K(98736K) NonClass: 79923K(83888K)->79923K(83888K) Class: 11583K(14848K)->11583K(14848K)
[1003.142s][info][gc             ] GC(689) Pause Young (Allocation Failure) 822M->172M(2040M) 3.644ms
[1003.142s][info][gc,cpu         ] GC(689) User=0.05s Sys=0.02s Real=0.00s
[1004.769s][info][gc,start       ] GC(690) Pause Young (Allocation Failure)
[1004.773s][info][gc,heap        ] GC(690) PSYoungGen: 689508K->6148K(691200K)
[1004.773s][info][gc,heap        ] GC(690) PSOldGen: 171530K->174402K(1398272K)
[1004.773s][info][gc,metaspace   ] GC(690) Metaspace: 91506K(98736K)->91506K(98736K) NonClass: 79923K(83888K)->79923K(83888K) Class: 11583K(14848K)->11583K(14848K)
[1004.773s][info][gc             ] GC(690) Pause Young (Allocation Failure) 840M->176M(2040M) 3.361ms
[1004.773s][info][gc,cpu         ] GC(690) User=0.00s Sys=0.00s Real=0.00s
[1007.172s][info][gc,start       ] GC(691) Pause Young (Allocation Failure)
[1007.175s][info][gc,heap        ] GC(691) PSYoungGen: 690692K->2827K(691200K)
[1007.175s][info][gc,heap        ] GC(691) PSOldGen: 174402K->176115K(1398272K)
[1007.175s][info][gc,metaspace   ] GC(691) Metaspace: 91506K(98736K)->91506K(98736K) NonClass: 79923K(83888K)->79923K(83888K) Class: 11583K(14848K)->11583K(14848K)
[1007.175s][info][gc             ] GC(691) Pause Young (Allocation Failure) 844M->174M(2040M) 2.813ms
[1007.175s][info][gc,cpu         ] GC(691) User=0.08s Sys=0.00s Real=0.00s
[1008.800s][info][gc,start       ] GC(692) Pause Young (Allocation Failure)
[1008.803s][info][gc,heap        ] GC(692) PSYoungGen: 686318K->2785K(691200K)
[1008.803s][info][gc,heap        ] GC(692) PSOldGen: 176115K->177966K(1398272K)
[1008.803s][info][gc,metaspace   ] GC(692) Metaspace: 91506K(98736K)->91506K(98736K) NonClass: 79923K(83888K)->79923K(83888K) Class: 11583K(14848K)->11583K(14848K)
[1008.803s][info][gc             ] GC(692) Pause Young (Allocation Failure) 842M->176M(2040M) 2.737ms
[1008.803s][info][gc,cpu         ] GC(692) User=0.00s Sys=0.00s Real=0.00s
[1009.541s][info][gc,start       ] GC(693) Pause Young (Allocation Failure)
[1009.544s][info][gc,heap        ] GC(693) PSYoungGen: 686305K->3455K(691712K)
[1009.544s][info][gc,heap        ] GC(693) PSOldGen: 177966K->180123K(1398272K)
[1009.544s][info][gc,metaspace   ] GC(693) Metaspace: 91506K(98736K)->91506K(98736K) NonClass: 79923K(83888K)->79923K(83888K) Class: 11583K(14848K)->11583K(14848K)
[1009.544s][info][gc             ] GC(693) Pause Young (Allocation Failure) 844M->179M(2041M) 2.759ms
[1009.544s][info][gc,cpu         ] GC(693) User=0.00s Sys=0.00s Real=0.00s
[1011.964s][info][gc,start       ] GC(694) Pause Young (Allocation Failure)
[1011.967s][info][gc,heap        ] GC(694) PSYoungGen: 687999K->2175K(691712K)
[1011.967s][info][gc,heap        ] GC(694) PSOldGen: 180123K->182345K(1398272K)
[1011.967s][info][gc,metaspace   ] GC(694) Metaspace: 91506K(98736K)->91506K(98736K) NonClass: 79923K(83888K)->79923K(83888K) Class: 11583K(14848K)->11583K(14848K)
[1011.967s][info][gc             ] GC(694) Pause Young (Allocation Failure) 847M->180M(2041M) 2.572ms
[1011.967s][info][gc,cpu         ] GC(694) User=0.00s Sys=0.00s Real=0.01s
[1014.198s][info][gc,start       ] GC(695) Pause Young (Allocation Failure)
[1014.201s][info][gc,heap        ] GC(695) PSYoungGen: 686719K->4422K(691200K)
[1014.201s][info][gc,heap        ] GC(695) PSOldGen: 182345K->183920K(1398272K)
[1014.201s][info][gc,metaspace   ] GC(695) Metaspace: 91506K(98736K)->91506K(98736K) NonClass: 79923K(83888K)->79923K(83888K) Class: 11583K(14848K)->11583K(14848K)
[1014.201s][info][gc             ] GC(695) Pause Young (Allocation Failure) 848M->183M(2040M) 2.747ms
[1014.201s][info][gc,cpu         ] GC(695) User=0.00s Sys=0.00s Real=0.00s
[1014.832s][info][gc,start       ] GC(696) Pause Young (Allocation Failure)
[1014.836s][info][gc,heap        ] GC(696) PSYoungGen: 686590K->4996K(691712K)
[1014.836s][info][gc,heap        ] GC(696) PSOldGen: 183920K->197659K(1398272K)
[1014.836s][info][gc,metaspace   ] GC(696) Metaspace: 91506K(98736K)->91506K(98736K) NonClass: 79923K(83888K)->79923K(83888K) Class: 11583K(14848K)->11583K(14848K)
[1014.836s][info][gc             ] GC(696) Pause Young (Allocation Failure) 850M->197M(2041M) 3.600ms
[1014.836s][info][gc,cpu         ] GC(696) User=0.00s Sys=0.00s Real=0.00s
[1016.477s][info][gc,start       ] GC(697) Pause Young (Allocation Failure)
[1016.480s][info][gc,heap        ] GC(697) PSYoungGen: 689540K->3209K(692224K)
[1016.480s][info][gc,heap        ] GC(697) PSOldGen: 197659K->200707K(1398272K)
[1016.480s][info][gc,metaspace   ] GC(697) Metaspace: 91506K(98736K)->91506K(98736K) NonClass: 79923K(83888K)->79923K(83888K) Class: 11583K(14848K)->11583K(14848K)
[1016.480s][info][gc             ] GC(697) Pause Young (Allocation Failure) 866M->199M(2041M) 3.102ms
[1016.480s][info][gc,cpu         ] GC(697) User=0.00s Sys=0.00s Real=0.00s
[1018.787s][info][gc,start       ] GC(698) Pause Young (Allocation Failure)
[1018.789s][info][gc,heap        ] GC(698) PSYoungGen: 688265K->4290K(691712K)
[1018.789s][info][gc,heap        ] GC(698) PSOldGen: 200707K->202449K(1398272K)
[1018.789s][info][gc,metaspace   ] GC(698) Metaspace: 91506K(98736K)->91506K(98736K) NonClass: 79923K(83888K)->79923K(83888K) Class: 11583K(14848K)->11583K(14848K)
[1018.789s][info][gc             ] GC(698) Pause Young (Allocation Failure) 868M->201M(2041M) 2.782ms
[1018.789s][info][gc,cpu         ] GC(698) User=0.00s Sys=0.00s Real=0.01s
[1020.525s][info][gc,start       ] GC(699) Pause Young (Allocation Failure)
[1020.528s][info][gc,heap        ] GC(699) PSYoungGen: 689346K->3028K(692224K)
[1020.528s][info][gc,heap        ] GC(699) PSOldGen: 202449K->204269K(1398272K)
[1020.528s][info][gc,metaspace   ] GC(699) Metaspace: 91506K(98736K)->91506K(98736K) NonClass: 79923K(83888K)->79923K(83888K) Class: 11583K(14848K)->11583K(14848K)
[1020.528s][info][gc             ] GC(699) Pause Young (Allocation Failure) 870M->202M(2041M) 3.132ms
[1020.528s][info][gc,cpu         ] GC(699) User=0.00s Sys=0.00s Real=0.00s
[1021.287s][info][gc,start       ] GC(700) Pause Young (Allocation Failure)
[1021.290s][info][gc,heap        ] GC(700) PSYoungGen: 688596K->3486K(692224K)
[1021.290s][info][gc,heap        ] GC(700) PSOldGen: 204269K->206214K(1398272K)
[1021.290s][info][gc,metaspace   ] GC(700) Metaspace: 91506K(98736K)->91506K(98736K) NonClass: 79923K(83888K)->79923K(83888K) Class: 11583K(14848K)->11583K(14848K)
[1021.290s][info][gc             ] GC(700) Pause Young (Allocation Failure) 871M->204M(2041M) 2.894ms
[1021.290s][info][gc,cpu         ] GC(700) User=0.00s Sys=0.00s Real=0.00s
[1023.671s][info][gc,start       ] GC(701) Pause Young (Allocation Failure)
[1023.674s][info][gc,heap        ] GC(701) PSYoungGen: 686971K->3179K(692736K)
[1023.674s][info][gc,heap        ] GC(701) PSOldGen: 206214K->209097K(1398272K)
[1023.674s][info][gc,metaspace   ] GC(701) Metaspace: 91506K(98736K)->91506K(98736K) NonClass: 79923K(83888K)->79923K(83888K) Class: 11583K(14848K)->11583K(14848K)
[1023.674s][info][gc             ] GC(701) Pause Young (Allocation Failure) 872M->207M(2042M) 2.807ms
[1023.674s][info][gc,cpu         ] GC(701) User=0.08s Sys=0.02s Real=0.01s
[1024.321s][info][gc,start       ] GC(702) Pause Young (Allocation Failure)
[1024.324s][info][gc,heap        ] GC(702) PSYoungGen: 689391K->2421K(692736K)
[1024.325s][info][gc,heap        ] GC(702) PSOldGen: 209097K->211486K(1398272K)
[1024.325s][info][gc,metaspace   ] GC(702) Metaspace: 91506K(98736K)->91506K(98736K) NonClass: 79923K(83888K)->79923K(83888K) Class: 11583K(14848K)->11583K(14848K)
[1024.325s][info][gc             ] GC(702) Pause Young (Allocation Failure) 877M->208M(2042M) 3.913ms
[1024.325s][info][gc,cpu         ] GC(702) User=0.00s Sys=0.00s Real=0.00s
[1026.421s][info][gc,start       ] GC(703) Pause Young (Allocation Failure)
[1026.424s][info][gc,heap        ] GC(703) PSYoungGen: 689013K->2975K(692736K)
[1026.424s][info][gc,heap        ] GC(703) PSOldGen: 211486K->213185K(1398272K)
[1026.424s][info][gc,metaspace   ] GC(703) Metaspace: 91506K(98736K)->91506K(98736K) NonClass: 79923K(83888K)->79923K(83888K) Class: 11583K(14848K)->11583K(14848K)
[1026.424s][info][gc             ] GC(703) Pause Young (Allocation Failure) 879M->211M(2042M) 2.481ms
[1026.424s][info][gc,cpu         ] GC(703) User=0.06s Sys=0.02s Real=0.00s
[1027.515s][info][gc,start       ] GC(704) Pause Young (Allocation Failure)
[1027.518s][info][gc,heap        ] GC(704) PSYoungGen: 689216K->3852K(692736K)
[1027.519s][info][gc,heap        ] GC(704) PSOldGen: 213185K->215526K(1398272K)
[1027.519s][info][gc,metaspace   ] GC(704) Metaspace: 91506K(98736K)->91506K(98736K) NonClass: 79923K(83888K)->79923K(83888K) Class: 11583K(14848K)->11583K(14848K)
[1027.519s][info][gc             ] GC(704) Pause Young (Allocation Failure) 881M->214M(2042M) 3.889ms
[1027.519s][info][gc,cpu         ] GC(704) User=0.06s Sys=0.00s Real=0.00s
[1028.634s][info][gc,start       ] GC(705) Pause Young (GCLocker Initiated GC)
[1028.637s][info][gc,heap        ] GC(705) PSYoungGen: 690444K->5336K(691712K)
[1028.637s][info][gc,heap        ] GC(705) PSOldGen: 215527K->218000K(1398272K)
[1028.637s][info][gc,metaspace   ] GC(705) Metaspace: 91506K(98736K)->91506K(98736K) NonClass: 79923K(83888K)->79923K(83888K) Class: 11583K(14848K)->11583K(14848K)
[1028.637s][info][gc             ] GC(705) Pause Young (GCLocker Initiated GC) 884M->218M(2041M) 2.993ms
[1028.637s][info][gc,cpu         ] GC(705) User=0.00s Sys=0.00s Real=0.00s
[1030.495s][info][gc,start       ] GC(706) Pause Young (Allocation Failure)
[1030.502s][info][gc,heap        ] GC(706) PSYoungGen: 690904K->4741K(692224K)
[1030.502s][info][gc,heap        ] GC(706) PSOldGen: 218001K->220767K(1398272K)
[1030.502s][info][gc,metaspace   ] GC(706) Metaspace: 91506K(98736K)->91506K(98736K) NonClass: 79923K(83888K)->79923K(83888K) Class: 11583K(14848K)->11583K(14848K)
[1030.502s][info][gc             ] GC(706) Pause Young (Allocation Failure) 887M->220M(2041M) 6.348ms
[1030.502s][info][gc,cpu         ] GC(706) User=0.03s Sys=0.00s Real=0.01s
[1031.304s][info][gc,start       ] GC(707) Pause Young (Allocation Failure)
[1031.306s][info][gc,heap        ] GC(707) PSYoungGen: 690309K->3208K(692736K)
[1031.306s][info][gc,heap        ] GC(707) PSOldGen: 220767K->223142K(1398272K)
[1031.306s][info][gc,metaspace   ] GC(707) Metaspace: 91506K(98736K)->91506K(98736K) NonClass: 79923K(83888K)->79923K(83888K) Class: 11583K(14848K)->11583K(14848K)
[1031.306s][info][gc             ] GC(707) Pause Young (Allocation Failure) 889M->221M(2042M) 2.734ms
[1031.306s][info][gc,cpu         ] GC(707) User=0.00s Sys=0.00s Real=0.00s
[1033.694s][info][gc,start       ] GC(708) Pause Young (Allocation Failure)
[1033.697s][info][gc,heap        ] GC(708) PSYoungGen: 688570K->3919K(692224K)
[1033.697s][info][gc,heap        ] GC(708) PSOldGen: 223142K->225761K(1398272K)
[1033.697s][info][gc,metaspace   ] GC(708) Metaspace: 91506K(98736K)->91506K(98736K) NonClass: 79923K(83888K)->79923K(83888K) Class: 11583K(14848K)->11583K(14848K)
[1033.697s][info][gc             ] GC(708) Pause Young (Allocation Failure) 890M->224M(2041M) 2.691ms
[1033.697s][info][gc,cpu         ] GC(708) User=0.00s Sys=0.00s Real=0.00s
[1034.540s][info][gc,start       ] GC(709) Pause Young (Allocation Failure)
[1034.543s][info][gc,heap        ] GC(709) PSYoungGen: 689999K->3262K(692736K)
[1034.543s][info][gc,heap        ] GC(709) PSOldGen: 225761K->227285K(1398272K)
[1034.543s][info][gc,metaspace   ] GC(709) Metaspace: 91506K(98736K)->91506K(98736K) NonClass: 79923K(83888K)->79923K(83888K) Class: 11583K(14848K)->11583K(14848K)
[1034.543s][info][gc             ] GC(709) Pause Young (Allocation Failure) 894M->225M(2042M) 3.112ms
[1034.543s][info][gc,cpu         ] GC(709) User=0.00s Sys=0.00s Real=0.01s
[1034.578s][info][gc,start       ] GC(710) Pause Young (System.gc())
[1034.580s][info][gc,heap        ] GC(710) PSYoungGen: 72099K->239K(687104K)
[1034.580s][info][gc,heap        ] GC(710) PSOldGen: 227285K->229426K(1398272K)
[1034.580s][info][gc,metaspace   ] GC(710) Metaspace: 91506K(98736K)->91506K(98736K) NonClass: 79923K(83888K)->79923K(83888K) Class: 11583K(14848K)->11583K(14848K)
[1034.580s][info][gc             ] GC(710) Pause Young (System.gc()) 292M->224M(2036M) 2.206ms
[1034.580s][info][gc,cpu         ] GC(710) User=0.06s Sys=0.00s Real=0.00s
[1034.580s][info][gc,start       ] GC(711) Pause Full (System.gc())
[1034.582s][info][gc,phases,start] GC(711) Phase 1: Mark live objects
[1034.639s][info][gc,phases      ] GC(711) Phase 1: Mark live objects 56.955ms
[1034.639s][info][gc,phases,start] GC(711) Phase 2: Compute new object addresses
[1034.653s][info][gc,phases      ] GC(711) Phase 2: Compute new object addresses 14.514ms
[1034.653s][info][gc,phases,start] GC(711) Phase 3: Adjust pointers
[1034.690s][info][gc,phases      ] GC(711) Phase 3: Adjust pointers 36.904ms
[1034.690s][info][gc,phases,start] GC(711) Phase 4: Move objects
[1034.698s][info][gc,phases      ] GC(711) Phase 4: Move objects 7.719ms
[1034.701s][info][gc,heap        ] GC(711) PSYoungGen: 239K->0K(687104K)
[1034.701s][info][gc,heap        ] GC(711) PSOldGen: 229426K->153092K(1398272K)
[1034.701s][info][gc,metaspace   ] GC(711) Metaspace: 91506K(98736K)->91506K(98736K) NonClass: 79923K(83888K)->79923K(83888K) Class: 11583K(14848K)->11583K(14848K)
[1034.701s][info][gc             ] GC(711) Pause Full (System.gc()) 224M->149M(2036M) 120.523ms
[1034.701s][info][gc,cpu         ] GC(711) User=0.11s Sys=0.00s Real=0.12s
[1035.602s][info][gc,start       ] GC(712) Pause Young (Allocation Failure)
[1035.605s][info][gc,heap        ] GC(712) PSYoungGen: 686592K->3692K(692736K)
[1035.605s][info][gc,heap        ] GC(712) PSOldGen: 153092K->153092K(1398272K)
[1035.605s][info][gc,metaspace   ] GC(712) Metaspace: 91506K(98736K)->91506K(98736K) NonClass: 79923K(83888K)->79923K(83888K) Class: 11583K(14848K)->11583K(14848K)
[1035.605s][info][gc             ] GC(712) Pause Young (Allocation Failure) 820M->153M(2042M) 2.856ms
[1035.605s][info][gc,cpu         ] GC(712) User=0.00s Sys=0.00s Real=0.00s
[1037.999s][info][gc,start       ] GC(713) Pause Young (Allocation Failure)
[1038.002s][info][gc,heap        ] GC(713) PSYoungGen: 689772K->2292K(692224K)
[1038.002s][info][gc,heap        ] GC(713) PSOldGen: 153092K->155670K(1398272K)
[1038.002s][info][gc,metaspace   ] GC(713) Metaspace: 91506K(98736K)->91506K(98736K) NonClass: 79923K(83888K)->79923K(83888K) Class: 11583K(14848K)->11583K(14848K)
[1038.002s][info][gc             ] GC(713) Pause Young (Allocation Failure) 823M->154M(2041M) 2.678ms
[1038.002s][info][gc,cpu         ] GC(713) User=0.08s Sys=0.00s Real=0.00s
[1040.090s][info][gc,start       ] GC(714) Pause Young (Allocation Failure)
[1040.092s][info][gc,heap        ] GC(714) PSYoungGen: 686112K->2124K(692736K)
[1040.093s][info][gc,heap        ] GC(714) PSOldGen: 155670K->157199K(1398272K)
[1040.093s][info][gc,metaspace   ] GC(714) Metaspace: 91506K(98736K)->91506K(98736K) NonClass: 79923K(83888K)->79923K(83888K) Class: 11583K(14848K)->11583K(14848K)
[1040.093s][info][gc             ] GC(714) Pause Young (Allocation Failure) 822M->155M(2042M) 2.554ms
[1040.093s][info][gc,cpu         ] GC(714) User=0.00s Sys=0.00s Real=0.00s
[1040.743s][info][gc,start       ] GC(715) Pause Young (Allocation Failure)
[1040.747s][info][gc,heap        ] GC(715) PSYoungGen: 685652K->5238K(692224K)
[1040.747s][info][gc,heap        ] GC(715) PSOldGen: 157199K->170901K(1398272K)
[1040.747s][info][gc,metaspace   ] GC(715) Metaspace: 91506K(98736K)->91506K(98736K) NonClass: 79923K(83888K)->79923K(83888K) Class: 11583K(14848K)->11583K(14848K)
[1040.747s][info][gc             ] GC(715) Pause Young (Allocation Failure) 823M->172M(2041M) 3.909ms
[1040.747s][info][gc,cpu         ] GC(715) User=0.00s Sys=0.00s Real=0.00s
[1042.414s][info][gc,start       ] GC(716) Pause Young (Allocation Failure)
[1042.416s][info][gc,heap        ] GC(716) PSYoungGen: 689248K->2786K(692224K)
[1042.416s][info][gc,heap        ] GC(716) PSOldGen: 170901K->173547K(1398272K)
[1042.416s][info][gc,metaspace   ] GC(716) Metaspace: 91506K(98736K)->91506K(98736K) NonClass: 79923K(83888K)->79923K(83888K) Class: 11583K(14848K)->11583K(14848K)
[1042.416s][info][gc             ] GC(716) Pause Young (Allocation Failure) 839M->172M(2041M) 2.501ms
[1042.416s][info][gc,cpu         ] GC(716) User=0.00s Sys=0.00s Real=0.00s
[1044.794s][info][gc,start       ] GC(717) Pause Young (Allocation Failure)
[1044.796s][info][gc,heap        ] GC(717) PSYoungGen: 685860K->2582K(692224K)
[1044.796s][info][gc,heap        ] GC(717) PSOldGen: 173547K->175305K(1398272K)
[1044.796s][info][gc,metaspace   ] GC(717) Metaspace: 91506K(98736K)->91506K(98736K) NonClass: 79923K(83888K)->79923K(83888K) Class: 11583K(14848K)->11583K(14848K)
[1044.796s][info][gc             ] GC(717) Pause Young (Allocation Failure) 839M->173M(2041M) 2.428ms
[1044.797s][info][gc,cpu         ] GC(717) User=0.00s Sys=0.00s Real=0.00s
[1046.380s][info][gc,start       ] GC(718) Pause Young (Allocation Failure)
[1046.382s][info][gc,heap        ] GC(718) PSYoungGen: 684861K->2819K(692736K)
[1046.382s][info][gc,heap        ] GC(718) PSOldGen: 175305K->177164K(1398272K)
[1046.382s][info][gc,metaspace   ] GC(718) Metaspace: 91506K(98736K)->91506K(98736K) NonClass: 79923K(83888K)->79923K(83888K) Class: 11583K(14848K)->11583K(14848K)
[1046.382s][info][gc             ] GC(718) Pause Young (Allocation Failure) 840M->175M(2042M) 2.431ms
[1046.382s][info][gc,cpu         ] GC(718) User=0.00s Sys=0.00s Real=0.00s
[1047.142s][info][gc,start       ] GC(719) Pause Young (Allocation Failure)
[1047.145s][info][gc,heap        ] GC(719) PSYoungGen: 689411K->3390K(692736K)
[1047.145s][info][gc,heap        ] GC(719) PSOldGen: 177164K->179399K(1398272K)
[1047.145s][info][gc,metaspace   ] GC(719) Metaspace: 91506K(98736K)->91506K(98736K) NonClass: 79923K(83888K)->79923K(83888K) Class: 11583K(14848K)->11583K(14848K)
[1047.145s][info][gc             ] GC(719) Pause Young (Allocation Failure) 846M->178M(2042M) 3.028ms
[1047.145s][info][gc,cpu         ] GC(719) User=0.02s Sys=0.00s Real=0.00s
[1049.592s][info][gc,start       ] GC(720) Pause Young (Allocation Failure)
[1049.595s][info][gc,heap        ] GC(720) PSYoungGen: 689982K->2368K(693248K)
[1049.595s][info][gc,heap        ] GC(720) PSOldGen: 179399K->181670K(1398272K)
[1049.595s][info][gc,metaspace   ] GC(720) Metaspace: 91507K(98736K)->91507K(98736K) NonClass: 79923K(83888K)->79923K(83888K) Class: 11583K(14848K)->11583K(14848K)
[1049.595s][info][gc             ] GC(720) Pause Young (Allocation Failure) 849M->179M(2042M) 2.751ms
[1049.595s][info][gc,cpu         ] GC(720) User=0.00s Sys=0.00s Real=0.00s
[1051.862s][info][gc,start       ] GC(721) Pause Young (Allocation Failure)
[1051.865s][info][gc,heap        ] GC(721) PSYoungGen: 689984K->1950K(693248K)
[1051.865s][info][gc,heap        ] GC(721) PSOldGen: 181670K->183349K(1398272K)
[1051.865s][info][gc,metaspace   ] GC(721) Metaspace: 91507K(98736K)->91507K(98736K) NonClass: 79923K(83888K)->79923K(83888K) Class: 11583K(14848K)->11583K(14848K)
[1051.865s][info][gc             ] GC(721) Pause Young (Allocation Failure) 851M->180M(2042M) 2.471ms
[1051.865s][info][gc,cpu         ] GC(721) User=0.00s Sys=0.00s Real=0.00s
[1052.486s][info][gc,start       ] GC(722) Pause Young (Allocation Failure)
[1052.489s][info][gc,heap        ] GC(722) PSYoungGen: 687434K->5252K(692224K)
[1052.489s][info][gc,heap        ] GC(722) PSOldGen: 183349K->192908K(1398272K)
[1052.489s][info][gc,metaspace   ] GC(722) Metaspace: 91507K(98736K)->91507K(98736K) NonClass: 79923K(83888K)->79923K(83888K) Class: 11583K(14848K)->11583K(14848K)
[1052.489s][info][gc             ] GC(722) Pause Young (Allocation Failure) 850M->193M(2041M) 3.788ms
[1052.489s][info][gc,cpu         ] GC(722) User=0.02s Sys=0.00s Real=0.00s
[1054.239s][info][gc,start       ] GC(723) Pause Young (Allocation Failure)
[1054.242s][info][gc,heap        ] GC(723) PSYoungGen: 689438K->2733K(692736K)
[1054.242s][info][gc,heap        ] GC(723) PSOldGen: 192908K->195970K(1398272K)
[1054.242s][info][gc,metaspace   ] GC(723) Metaspace: 91507K(98736K)->91507K(98736K) NonClass: 79923K(83888K)->79923K(83888K) Class: 11583K(14848K)->11583K(14848K)
[1054.242s][info][gc             ] GC(723) Pause Young (Allocation Failure) 861M->194M(2042M) 2.811ms
[1054.242s][info][gc,cpu         ] GC(723) User=0.00s Sys=0.00s Real=0.00s
[1056.473s][info][gc,start       ] GC(724) Pause Young (Allocation Failure)
[1056.476s][info][gc,heap        ] GC(724) PSYoungGen: 689325K->3055K(693248K)
[1056.476s][info][gc,heap        ] GC(724) PSOldGen: 195970K->197728K(1398272K)
[1056.476s][info][gc,metaspace   ] GC(724) Metaspace: 91507K(98736K)->91507K(98736K) NonClass: 79923K(83888K)->79923K(83888K) Class: 11583K(14848K)->11583K(14848K)
[1056.476s][info][gc             ] GC(724) Pause Young (Allocation Failure) 864M->196M(2042M) 2.750ms
[1056.476s][info][gc,cpu         ] GC(724) User=0.00s Sys=0.00s Real=0.02s
[1058.148s][info][gc,start       ] GC(725) Pause Young (Allocation Failure)
[1058.151s][info][gc,heap        ] GC(725) PSYoungGen: 690159K->2797K(692736K)
[1058.151s][info][gc,heap        ] GC(725) PSOldGen: 197728K->199540K(1398272K)
[1058.151s][info][gc,metaspace   ] GC(725) Metaspace: 91507K(98736K)->91507K(98736K) NonClass: 79923K(83888K)->79923K(83888K) Class: 11583K(14848K)->11583K(14848K)
[1058.151s][info][gc             ] GC(725) Pause Young (Allocation Failure) 867M->197M(2042M) 3.034ms
[1058.151s][info][gc,cpu         ] GC(725) User=0.00s Sys=0.00s Real=0.01s
[1058.923s][info][gc,start       ] GC(726) Pause Young (Allocation Failure)
[1058.926s][info][gc,heap        ] GC(726) PSYoungGen: 689901K->3355K(693248K)
[1058.926s][info][gc,heap        ] GC(726) PSOldGen: 199540K->201557K(1398272K)
[1058.926s][info][gc,metaspace   ] GC(726) Metaspace: 91507K(98736K)->91507K(98736K) NonClass: 79923K(83888K)->79923K(83888K) Class: 11583K(14848K)->11583K(14848K)
[1058.926s][info][gc             ] GC(726) Pause Young (Allocation Failure) 868M->200M(2042M) 2.945ms
[1058.926s][info][gc,cpu         ] GC(726) User=0.02s Sys=0.00s Real=0.01s
[1061.265s][info][gc,start       ] GC(727) Pause Young (Allocation Failure)
[1061.268s][info][gc,heap        ] GC(727) PSYoungGen: 690971K->3420K(693248K)
[1061.268s][info][gc,heap        ] GC(727) PSOldGen: 201557K->204473K(1398272K)
[1061.268s][info][gc,metaspace   ] GC(727) Metaspace: 91507K(98736K)->91507K(98736K) NonClass: 79923K(83888K)->79923K(83888K) Class: 11583K(14848K)->11583K(14848K)
[1061.268s][info][gc             ] GC(727) Pause Young (Allocation Failure) 871M->203M(2042M) 3.120ms
[1061.269s][info][gc,cpu         ] GC(727) User=0.09s Sys=0.00s Real=0.01s
[1061.946s][info][gc,start       ] GC(728) Pause Young (Allocation Failure)
[1061.948s][info][gc,heap        ] GC(728) PSYoungGen: 690394K->2005K(693248K)
[1061.948s][info][gc,heap        ] GC(728) PSOldGen: 204473K->207036K(1398272K)
[1061.949s][info][gc,metaspace   ] GC(728) Metaspace: 91507K(98736K)->91507K(98736K) NonClass: 79923K(83888K)->79923K(83888K) Class: 11583K(14848K)->11583K(14848K)
[1061.949s][info][gc             ] GC(728) Pause Young (Allocation Failure) 873M->204M(2042M) 2.855ms
[1061.949s][info][gc,cpu         ] GC(728) User=0.00s Sys=0.00s Real=0.01s
[1064.181s][info][gc,start       ] GC(729) Pause Young (Allocation Failure)
[1064.184s][info][gc,heap        ] GC(729) PSYoungGen: 689621K->3985K(693248K)
[1064.184s][info][gc,heap        ] GC(729) PSOldGen: 207036K->208610K(1398272K)
[1064.184s][info][gc,metaspace   ] GC(729) Metaspace: 91507K(98736K)->91507K(98736K) NonClass: 79923K(83888K)->79923K(83888K) Class: 11583K(14848K)->11583K(14848K)
[1064.184s][info][gc             ] GC(729) Pause Young (Allocation Failure) 875M->207M(2042M) 3.224ms
[1064.184s][info][gc,cpu         ] GC(729) User=0.00s Sys=0.00s Real=0.00s
[1065.179s][info][gc,start       ] GC(730) Pause Young (Allocation Failure)
[1065.183s][info][gc,heap        ] GC(730) PSYoungGen: 688185K->4420K(693248K)
[1065.183s][info][gc,heap        ] GC(730) PSOldGen: 208610K->211022K(1398272K)
[1065.183s][info][gc,metaspace   ] GC(730) Metaspace: 91507K(98736K)->91507K(98736K) NonClass: 79923K(83888K)->79923K(83888K) Class: 11583K(14848K)->11583K(14848K)
[1065.183s][info][gc             ] GC(730) Pause Young (Allocation Failure) 875M->210M(2042M) 3.959ms
[1065.183s][info][gc,cpu         ] GC(730) User=0.00s Sys=0.00s Real=0.00s
[1066.452s][info][gc,start       ] GC(731) Pause Young (Allocation Failure)
[1066.455s][info][gc,heap        ] GC(731) PSYoungGen: 692036K->3621K(693248K)
[1066.455s][info][gc,heap        ] GC(731) PSOldGen: 211022K->213418K(1398272K)
[1066.455s][info][gc,metaspace   ] GC(731) Metaspace: 91507K(98736K)->91507K(98736K) NonClass: 79923K(83888K)->79923K(83888K) Class: 11583K(14848K)->11583K(14848K)
[1066.455s][info][gc             ] GC(731) Pause Young (Allocation Failure) 881M->211M(2042M) 3.186ms
[1066.455s][info][gc,cpu         ] GC(731) User=0.03s Sys=0.03s Real=0.00s
[1068.288s][info][gc,start       ] GC(732) Pause Young (Allocation Failure)
[1068.291s][info][gc,heap        ] GC(732) PSYoungGen: 691237K->4546K(692224K)
[1068.291s][info][gc,heap        ] GC(732) PSOldGen: 213418K->216128K(1398272K)
[1068.291s][info][gc,metaspace   ] GC(732) Metaspace: 91507K(98736K)->91507K(98736K) NonClass: 79923K(83888K)->79923K(83888K) Class: 11583K(14848K)->11583K(14848K)
[1068.291s][info][gc             ] GC(732) Pause Young (Allocation Failure) 883M->215M(2041M) 3.310ms
[1068.291s][info][gc,cpu         ] GC(732) User=0.00s Sys=0.00s Real=0.00s
[1069.038s][info][gc,start       ] GC(733) Pause Young (Allocation Failure)
[1069.041s][info][gc,heap        ] GC(733) PSYoungGen: 691138K->3231K(692736K)
[1069.041s][info][gc,heap        ] GC(733) PSOldGen: 216128K->218541K(1398272K)
[1069.041s][info][gc,metaspace   ] GC(733) Metaspace: 91507K(98736K)->91507K(98736K) NonClass: 79923K(83888K)->79923K(83888K) Class: 11583K(14848K)->11583K(14848K)
[1069.041s][info][gc             ] GC(733) Pause Young (Allocation Failure) 886M->216M(2042M) 2.799ms
[1069.041s][info][gc,cpu         ] GC(733) User=0.00s Sys=0.00s Real=0.00s
[1071.359s][info][gc,start       ] GC(734) Pause Young (Allocation Failure)
[1071.362s][info][gc,heap        ] GC(734) PSYoungGen: 689823K->3448K(693248K)
[1071.362s][info][gc,heap        ] GC(734) PSOldGen: 218541K->221277K(1398272K)
[1071.362s][info][gc,metaspace   ] GC(734) Metaspace: 91507K(98736K)->91507K(98736K) NonClass: 79923K(83888K)->79923K(83888K) Class: 11583K(14848K)->11583K(14848K)
[1071.362s][info][gc             ] GC(734) Pause Young (Allocation Failure) 887M->219M(2042M) 3.073ms
[1071.362s][info][gc,cpu         ] GC(734) User=0.09s Sys=0.00s Real=0.00s
[1072.205s][info][gc,start       ] GC(735) Pause Young (Allocation Failure)
[1072.208s][info][gc,heap        ] GC(735) PSYoungGen: 691064K->2975K(693248K)
[1072.208s][info][gc,heap        ] GC(735) PSOldGen: 221277K->223007K(1398272K)
[1072.208s][info][gc,metaspace   ] GC(735) Metaspace: 91508K(98736K)->91508K(98736K) NonClass: 79924K(83888K)->79924K(83888K) Class: 11583K(14848K)->11583K(14848K)
[1072.208s][info][gc             ] GC(735) Pause Young (Allocation Failure) 890M->220M(2042M) 3.123ms
[1072.208s][info][gc,cpu         ] GC(735) User=0.00s Sys=0.00s Real=0.00s
[1072.216s][info][gc,start       ] GC(736) Pause Young (System.gc())
[1072.218s][info][gc,heap        ] GC(736) PSYoungGen: 32528K->192K(693248K)
[1072.218s][info][gc,heap        ] GC(736) PSOldGen: 223007K->224751K(1398272K)
[1072.218s][info][gc,metaspace   ] GC(736) Metaspace: 91508K(98736K)->91508K(98736K) NonClass: 79924K(83888K)->79924K(83888K) Class: 11583K(14848K)->11583K(14848K)
[1072.218s][info][gc             ] GC(736) Pause Young (System.gc()) 249M->219M(2042M) 1.941ms
[1072.218s][info][gc,cpu         ] GC(736) User=0.00s Sys=0.00s Real=0.00s
[1072.218s][info][gc,start       ] GC(737) Pause Full (System.gc())
[1072.220s][info][gc,phases,start] GC(737) Phase 1: Mark live objects
[1072.276s][info][gc,phases      ] GC(737) Phase 1: Mark live objects 56.120ms
[1072.276s][info][gc,phases,start] GC(737) Phase 2: Compute new object addresses
[1072.291s][info][gc,phases      ] GC(737) Phase 2: Compute new object addresses 14.190ms
[1072.291s][info][gc,phases,start] GC(737) Phase 3: Adjust pointers
[1072.328s][info][gc,phases      ] GC(737) Phase 3: Adjust pointers 37.337ms
[1072.328s][info][gc,phases,start] GC(737) Phase 4: Move objects
[1072.340s][info][gc,phases      ] GC(737) Phase 4: Move objects 11.812ms
[1072.342s][info][gc,heap        ] GC(737) PSYoungGen: 192K->0K(693248K)
[1072.342s][info][gc,heap        ] GC(737) PSOldGen: 224751K->83001K(1398272K)
[1072.342s][info][gc,metaspace   ] GC(737) Metaspace: 91508K(98736K)->91508K(98736K) NonClass: 79924K(83888K)->79924K(83888K) Class: 11583K(14848K)->11583K(14848K)
[1072.342s][info][gc             ] GC(737) Pause Full (System.gc()) 219M->81M(2042M) 123.819ms
[1072.342s][info][gc,cpu         ] GC(737) User=0.12s Sys=0.00s Real=0.12s
[1073.251s][info][gc,start       ] GC(738) Pause Young (Allocation Failure)
[1073.254s][info][gc,heap        ] GC(738) PSYoungGen: 687616K->3637K(693248K)
[1073.254s][info][gc,heap        ] GC(738) PSOldGen: 83001K->83001K(1398272K)
[1073.254s][info][gc,metaspace   ] GC(738) Metaspace: 91508K(98736K)->91508K(98736K) NonClass: 79924K(83888K)->79924K(83888K) Class: 11583K(14848K)->11583K(14848K)
[1073.254s][info][gc             ] GC(738) Pause Young (Allocation Failure) 752M->84M(2042M) 2.755ms
[1073.254s][info][gc,cpu         ] GC(738) User=0.02s Sys=0.00s Real=0.00s
[1075.668s][info][gc,start       ] GC(739) Pause Young (Allocation Failure)
[1075.670s][info][gc,heap        ] GC(739) PSYoungGen: 691226K->2197K(693248K)
[1075.670s][info][gc,heap        ] GC(739) PSOldGen: 83001K->85605K(1398272K)
[1075.670s][info][gc,metaspace   ] GC(739) Metaspace: 91508K(98736K)->91508K(98736K) NonClass: 79924K(83888K)->79924K(83888K) Class: 11583K(14848K)->11583K(14848K)
[1075.670s][info][gc             ] GC(739) Pause Young (Allocation Failure) 756M->85M(2042M) 2.419ms
[1075.670s][info][gc,cpu         ] GC(739) User=0.00s Sys=0.00s Real=0.00s
[1077.806s][info][gc,start       ] GC(740) Pause Young (Allocation Failure)
[1077.808s][info][gc,heap        ] GC(740) PSYoungGen: 689813K->2723K(693248K)
[1077.808s][info][gc,heap        ] GC(740) PSOldGen: 85605K->87076K(1398272K)
[1077.808s][info][gc,metaspace   ] GC(740) Metaspace: 91508K(98736K)->91508K(98736K) NonClass: 79924K(83888K)->79924K(83888K) Class: 11583K(14848K)->11583K(14848K)
[1077.808s][info][gc             ] GC(740) Pause Young (Allocation Failure) 757M->87M(2042M) 2.311ms
[1077.808s][info][gc,cpu         ] GC(740) User=0.00s Sys=0.00s Real=0.01s
[1078.455s][info][gc,start       ] GC(741) Pause Young (Allocation Failure)
[1078.459s][info][gc,heap        ] GC(741) PSYoungGen: 687772K->5270K(692224K)
[1078.459s][info][gc,heap        ] GC(741) PSOldGen: 87076K->104886K(1398272K)
[1078.459s][info][gc,metaspace   ] GC(741) Metaspace: 91508K(98736K)->91508K(98736K) NonClass: 79925K(83888K)->79925K(83888K) Class: 11583K(14848K)->11583K(14848K)
[1078.460s][info][gc             ] GC(741) Pause Young (Allocation Failure) 756M->107M(2041M) 4.160ms
[1078.460s][info][gc,cpu         ] GC(741) User=0.00s Sys=0.00s Real=0.01s
[1080.567s][info][gc,start       ] GC(742) Pause Young (Allocation Failure)
[1080.571s][info][gc,heap        ] GC(742) PSYoungGen: 691862K->3737K(692736K)
[1080.571s][info][gc,heap        ] GC(742) PSOldGen: 104886K->107606K(1398272K)
[1080.571s][info][gc,metaspace   ] GC(742) Metaspace: 91508K(98736K)->91508K(98736K) NonClass: 79925K(83888K)->79925K(83888K) Class: 11583K(14848K)->11583K(14848K)
[1080.571s][info][gc             ] GC(742) Pause Young (Allocation Failure) 778M->108M(2042M) 3.754ms
[1080.571s][info][gc,cpu         ] GC(742) User=0.00s Sys=0.00s Real=0.01s
[1083.294s][info][gc,start       ] GC(743) Pause Young (Allocation Failure)
[1083.298s][info][gc,heap        ] GC(743) PSYoungGen: 690329K->6143K(689664K)
[1083.298s][info][gc,heap        ] GC(743) PSOldGen: 107606K->109847K(1398272K)
[1083.298s][info][gc,metaspace   ] GC(743) Metaspace: 91508K(98736K)->91508K(98736K) NonClass: 79925K(83888K)->79925K(83888K) Class: 11583K(14848K)->11583K(14848K)
[1083.298s][info][gc             ] GC(743) Pause Young (Allocation Failure) 779M->113M(2039M) 3.321ms
[1083.298s][info][gc,cpu         ] GC(743) User=0.00s Sys=0.00s Real=0.00s
[1084.904s][info][gc,start       ] GC(744) Pause Young (Allocation Failure)
[1084.906s][info][gc,heap        ] GC(744) PSYoungGen: 689663K->2898K(691200K)
[1084.906s][info][gc,heap        ] GC(744) PSOldGen: 109847K->111843K(1398272K)
[1084.906s][info][gc,metaspace   ] GC(744) Metaspace: 91508K(98736K)->91508K(98736K) NonClass: 79925K(83888K)->79925K(83888K) Class: 11583K(14848K)->11583K(14848K)
[1084.906s][info][gc             ] GC(744) Pause Young (Allocation Failure) 780M->112M(2040M) 2.775ms
[1084.906s][info][gc,cpu         ] GC(744) User=0.00s Sys=0.00s Real=0.00s
[1085.681s][info][gc,start       ] GC(745) Pause Young (Allocation Failure)
[1085.683s][info][gc,heap        ] GC(745) PSYoungGen: 686418K->3293K(691712K)
[1085.683s][info][gc,heap        ] GC(745) PSOldGen: 111843K->114012K(1398272K)
[1085.683s][info][gc,metaspace   ] GC(745) Metaspace: 91508K(98736K)->91508K(98736K) NonClass: 79925K(83888K)->79925K(83888K) Class: 11583K(14848K)->11583K(14848K)
[1085.683s][info][gc             ] GC(745) Pause Young (Allocation Failure) 779M->114M(2041M) 2.757ms
[1085.683s][info][gc,cpu         ] GC(745) User=0.00s Sys=0.00s Real=0.01s
[1088.220s][info][gc,start       ] GC(746) Pause Young (Allocation Failure)
[1088.222s][info][gc,heap        ] GC(746) PSYoungGen: 687325K->2378K(691200K)
[1088.222s][info][gc,heap        ] GC(746) PSOldGen: 114012K->116199K(1398272K)
[1088.222s][info][gc,metaspace   ] GC(746) Metaspace: 91508K(98736K)->91508K(98736K) NonClass: 79925K(83888K)->79925K(83888K) Class: 11583K(14848K)->11583K(14848K)
[1088.222s][info][gc             ] GC(746) Pause Young (Allocation Failure) 782M->115M(2040M) 2.492ms
[1088.222s][info][gc,cpu         ] GC(746) User=0.00s Sys=0.02s Real=0.00s
[1090.445s][info][gc,start       ] GC(747) Pause Young (Allocation Failure)
[1090.448s][info][gc,heap        ] GC(747) PSYoungGen: 686410K->3000K(692224K)
[1090.448s][info][gc,heap        ] GC(747) PSOldGen: 116199K->117918K(1398272K)
[1090.448s][info][gc,metaspace   ] GC(747) Metaspace: 91508K(98736K)->91508K(98736K) NonClass: 79925K(83888K)->79925K(83888K) Class: 11583K(14848K)->11583K(14848K)
[1090.448s][info][gc             ] GC(747) Pause Young (Allocation Failure) 783M->118M(2041M) 2.721ms
[1090.448s][info][gc,cpu         ] GC(747) User=0.00s Sys=0.00s Real=0.00s
[1091.062s][info][gc,start       ] GC(748) Pause Young (Allocation Failure)
[1091.066s][info][gc,heap        ] GC(748) PSYoungGen: 685524K->5462K(691712K)
[1091.066s][info][gc,heap        ] GC(748) PSOldGen: 117918K->131600K(1398272K)
[1091.066s][info][gc,metaspace   ] GC(748) Metaspace: 91508K(98736K)->91508K(98736K) NonClass: 79925K(83888K)->79925K(83888K) Class: 11583K(14848K)->11583K(14848K)
[1091.066s][info][gc             ] GC(748) Pause Young (Allocation Failure) 784M->133M(2041M) 4.096ms
[1091.066s][info][gc,cpu         ] GC(748) User=0.06s Sys=0.02s Real=0.00s
[1092.806s][info][gc,start       ] GC(749) Pause Young (Allocation Failure)
[1092.809s][info][gc,heap        ] GC(749) PSYoungGen: 690518K->3254K(691712K)
[1092.809s][info][gc,heap        ] GC(749) PSOldGen: 131600K->134482K(1398272K)
[1092.809s][info][gc,metaspace   ] GC(749) Metaspace: 91508K(98736K)->91508K(98736K) NonClass: 79925K(83888K)->79925K(83888K) Class: 11583K(14848K)->11583K(14848K)
[1092.809s][info][gc             ] GC(749) Pause Young (Allocation Failure) 802M->134M(2041M) 3.135ms
[1092.809s][info][gc,cpu         ] GC(749) User=0.00s Sys=0.00s Real=0.01s
[1095.052s][info][gc,start       ] GC(750) Pause Young (GCLocker Initiated GC)
[1095.056s][info][gc,heap        ] GC(750) PSYoungGen: 687798K->6231K(691200K)
[1095.056s][info][gc,heap        ] GC(750) PSOldGen: 134484K->136258K(1398272K)
[1095.056s][info][gc,metaspace   ] GC(750) Metaspace: 91508K(98736K)->91508K(98736K) NonClass: 79925K(83888K)->79925K(83888K) Class: 11583K(14848K)->11583K(14848K)
[1095.056s][info][gc             ] GC(750) Pause Young (GCLocker Initiated GC) 803M->139M(2040M) 3.521ms
[1095.056s][info][gc,cpu         ] GC(750) User=0.00s Sys=0.00s Real=0.00s
[1096.724s][info][gc,start       ] GC(751) Pause Young (Allocation Failure)
[1096.727s][info][gc,heap        ] GC(751) PSYoungGen: 690775K->3093K(691200K)
[1096.727s][info][gc,heap        ] GC(751) PSOldGen: 136273K->138168K(1398272K)
[1096.727s][info][gc,metaspace   ] GC(751) Metaspace: 91510K(98736K)->91510K(98736K) NonClass: 79926K(83888K)->79926K(83888K) Class: 11583K(14848K)->11583K(14848K)
[1096.727s][info][gc             ] GC(751) Pause Young (Allocation Failure) 807M->137M(2040M) 2.991ms
[1096.727s][info][gc,cpu         ] GC(751) User=0.00s Sys=0.00s Real=0.00s
[1097.516s][info][gc,start       ] GC(752) Pause Young (Allocation Failure)
[1097.519s][info][gc,heap        ] GC(752) PSYoungGen: 686613K->3387K(691200K)
[1097.519s][info][gc,heap        ] GC(752) PSOldGen: 138168K->140318K(1398272K)
[1097.519s][info][gc,metaspace   ] GC(752) Metaspace: 91510K(98736K)->91510K(98736K) NonClass: 79926K(83888K)->79926K(83888K) Class: 11583K(14848K)->11583K(14848K)
[1097.519s][info][gc             ] GC(752) Pause Young (Allocation Failure) 805M->140M(2040M) 2.814ms
[1097.519s][info][gc,cpu         ] GC(752) User=0.09s Sys=0.00s Real=0.02s
[1099.725s][info][gc,start       ] GC(753) Pause Young (Allocation Failure)
[1099.727s][info][gc,heap        ] GC(753) PSYoungGen: 686906K->3330K(691712K)
[1099.727s][info][gc,heap        ] GC(753) PSOldGen: 140318K->143228K(1398272K)
[1099.727s][info][gc,metaspace   ] GC(753) Metaspace: 91510K(98736K)->91510K(98736K) NonClass: 79926K(83888K)->79926K(83888K) Class: 11583K(14848K)->11583K(14848K)
[1099.727s][info][gc             ] GC(753) Pause Young (Allocation Failure) 807M->143M(2041M) 2.959ms
[1099.728s][info][gc,cpu         ] GC(753) User=0.00s Sys=0.00s Real=0.01s
[1100.374s][info][gc,start       ] GC(754) Pause Young (Allocation Failure)
[1100.377s][info][gc,heap        ] GC(754) PSYoungGen: 687164K->6998K(691712K)
[1100.377s][info][gc,heap        ] GC(754) PSOldGen: 143228K->145869K(1398272K)
[1100.377s][info][gc,metaspace   ] GC(754) Metaspace: 91510K(98736K)->91510K(98736K) NonClass: 79926K(83888K)->79926K(83888K) Class: 11583K(14848K)->11583K(14848K)
[1100.377s][info][gc             ] GC(754) Pause Young (Allocation Failure) 810M->149M(2041M) 3.065ms
[1100.377s][info][gc,cpu         ] GC(754) User=0.09s Sys=0.00s Real=0.00s
[1102.557s][info][gc,start       ] GC(755) Pause Young (Allocation Failure)
[1102.560s][info][gc,heap        ] GC(755) PSYoungGen: 691384K->3198K(690688K)
[1102.560s][info][gc,heap        ] GC(755) PSOldGen: 145869K->147440K(1398272K)
[1102.560s][info][gc,metaspace   ] GC(755) Metaspace: 91510K(98736K)->91510K(98736K) NonClass: 79926K(83888K)->79926K(83888K) Class: 11583K(14848K)->11583K(14848K)
[1102.560s][info][gc             ] GC(755) Pause Young (Allocation Failure) 817M->147M(2040M) 2.632ms
[1102.560s][info][gc,cpu         ] GC(755) User=0.00s Sys=0.00s Real=0.01s
[1103.552s][info][gc,start       ] GC(756) Pause Young (Allocation Failure)
[1103.555s][info][gc,heap        ] GC(756) PSYoungGen: 683533K->4397K(691200K)
[1103.555s][info][gc,heap        ] GC(756) PSOldGen: 147440K->149787K(1398272K)
[1103.555s][info][gc,metaspace   ] GC(756) Metaspace: 91510K(98736K)->91510K(98736K) NonClass: 79926K(83888K)->79926K(83888K) Class: 11583K(14848K)->11583K(14848K)
[1103.555s][info][gc             ] GC(756) Pause Young (Allocation Failure) 811M->150M(2040M) 3.308ms
[1103.556s][info][gc,cpu         ] GC(756) User=0.00s Sys=0.00s Real=0.00s
[1104.697s][info][gc,start       ] GC(757) Pause Young (Allocation Failure)
[1104.700s][info][gc,heap        ] GC(757) PSYoungGen: 685026K->3229K(691712K)
[1104.700s][info][gc,heap        ] GC(757) PSOldGen: 149787K->152224K(1398272K)
[1104.700s][info][gc,metaspace   ] GC(757) Metaspace: 91510K(98736K)->91510K(98736K) NonClass: 79926K(83888K)->79926K(83888K) Class: 11583K(14848K)->11583K(14848K)
[1104.700s][info][gc             ] GC(757) Pause Young (Allocation Failure) 815M->151M(2041M) 2.953ms
[1104.700s][info][gc,cpu         ] GC(757) User=0.00s Sys=0.00s Real=0.00s
[1106.587s][info][gc,start       ] GC(758) Pause Young (Allocation Failure)
[1106.590s][info][gc,heap        ] GC(758) PSYoungGen: 685063K->3225K(691200K)
[1106.590s][info][gc,heap        ] GC(758) PSOldGen: 152224K->154932K(1398272K)
[1106.590s][info][gc,metaspace   ] GC(758) Metaspace: 91510K(98736K)->91510K(98736K) NonClass: 79926K(83888K)->79926K(83888K) Class: 11583K(14848K)->11583K(14848K)
[1106.590s][info][gc             ] GC(758) Pause Young (Allocation Failure) 817M->154M(2040M) 2.860ms
[1106.590s][info][gc,cpu         ] GC(758) User=0.00s Sys=0.00s Real=0.01s
[1107.323s][info][gc,start       ] GC(759) Pause Young (Allocation Failure)
[1107.326s][info][gc,heap        ] GC(759) PSYoungGen: 687257K->3195K(692224K)
[1107.326s][info][gc,heap        ] GC(759) PSOldGen: 154932K->157441K(1398272K)
[1107.326s][info][gc,metaspace   ] GC(759) Metaspace: 91511K(98736K)->91511K(98736K) NonClass: 79927K(83888K)->79927K(83888K) Class: 11583K(14848K)->11583K(14848K)
[1107.326s][info][gc             ] GC(759) Pause Young (Allocation Failure) 822M->156M(2041M) 3.063ms
[1107.327s][info][gc,cpu         ] GC(759) User=0.00s Sys=0.00s Real=0.00s
[1109.661s][info][gc,start       ] GC(760) Pause Young (Allocation Failure)
[1109.664s][info][gc,heap        ] GC(760) PSYoungGen: 688251K->2233K(691712K)
[1109.664s][info][gc,heap        ] GC(760) PSOldGen: 157441K->160075K(1398272K)
[1109.664s][info][gc,metaspace   ] GC(760) Metaspace: 91511K(98736K)->91511K(98736K) NonClass: 79927K(83888K)->79927K(83888K) Class: 11583K(14848K)->11583K(14848K)
[1109.664s][info][gc             ] GC(760) Pause Young (Allocation Failure) 825M->158M(2041M) 2.588ms
[1109.664s][info][gc,cpu         ] GC(760) User=0.00s Sys=0.00s Real=0.00s
[1110.491s][info][gc,start       ] GC(761) Pause Young (Allocation Failure)
[1110.494s][info][gc,heap        ] GC(761) PSYoungGen: 687289K->3358K(692224K)
[1110.494s][info][gc,heap        ] GC(761) PSOldGen: 160075K->161450K(1398272K)
[1110.494s][info][gc,metaspace   ] GC(761) Metaspace: 91511K(98736K)->91511K(98736K) NonClass: 79927K(83888K)->79927K(83888K) Class: 11583K(14848K)->11583K(14848K)
[1110.494s][info][gc             ] GC(761) Pause Young (Allocation Failure) 827M->160M(2041M) 3.384ms
[1110.494s][info][gc,cpu         ] GC(761) User=0.00s Sys=0.00s Real=0.00s
[1110.528s][info][gc,start       ] GC(762) Pause Young (System.gc())
[1110.530s][info][gc,heap        ] GC(762) PSYoungGen: 69631K->239K(686080K)
[1110.530s][info][gc,heap        ] GC(762) PSOldGen: 161450K->163483K(1398272K)
[1110.530s][info][gc,metaspace   ] GC(762) Metaspace: 91511K(98736K)->91511K(98736K) NonClass: 79927K(83888K)->79927K(83888K) Class: 11583K(14848K)->11583K(14848K)
[1110.530s][info][gc             ] GC(762) Pause Young (System.gc()) 225M->159M(2035M) 1.838ms
[1110.530s][info][gc,cpu         ] GC(762) User=0.00s Sys=0.00s Real=0.00s
[1110.530s][info][gc,start       ] GC(763) Pause Full (System.gc())
[1110.533s][info][gc,phases,start] GC(763) Phase 1: Mark live objects
[1110.589s][info][gc,phases      ] GC(763) Phase 1: Mark live objects 55.957ms
[1110.589s][info][gc,phases,start] GC(763) Phase 2: Compute new object addresses
[1110.604s][info][gc,phases      ] GC(763) Phase 2: Compute new object addresses 14.565ms
[1110.604s][info][gc,phases,start] GC(763) Phase 3: Adjust pointers
[1110.641s][info][gc,phases      ] GC(763) Phase 3: Adjust pointers 36.933ms
[1110.641s][info][gc,phases,start] GC(763) Phase 4: Move objects
[1110.645s][info][gc,phases      ] GC(763) Phase 4: Move objects 4.187ms
[1110.648s][info][gc,heap        ] GC(763) PSYoungGen: 239K->0K(686080K)
[1110.648s][info][gc,heap        ] GC(763) PSOldGen: 163483K->140768K(1398272K)
[1110.648s][info][gc,metaspace   ] GC(763) Metaspace: 91511K(98736K)->91511K(98736K) NonClass: 79927K(83888K)->79927K(83888K) Class: 11583K(14848K)->11583K(14848K)
[1110.648s][info][gc             ] GC(763) Pause Full (System.gc()) 159M->137M(2035M) 117.285ms
[1110.648s][info][gc,cpu         ] GC(763) User=0.11s Sys=0.02s Real=0.12s
[1111.589s][info][gc,start       ] GC(764) Pause Young (Allocation Failure)
[1111.592s][info][gc,heap        ] GC(764) PSYoungGen: 685568K->3622K(692224K)
[1111.592s][info][gc,heap        ] GC(764) PSOldGen: 140768K->140768K(1398272K)
[1111.592s][info][gc,metaspace   ] GC(764) Metaspace: 91511K(98736K)->91511K(98736K) NonClass: 79927K(83888K)->79927K(83888K) Class: 11583K(14848K)->11583K(14848K)
[1111.592s][info][gc             ] GC(764) Pause Young (Allocation Failure) 806M->141M(2041M) 3.005ms
[1111.593s][info][gc,cpu         ] GC(764) User=0.00s Sys=0.00s Real=0.00s
[1113.974s][info][gc,start       ] GC(765) Pause Young (Allocation Failure)
[1113.977s][info][gc,heap        ] GC(765) PSYoungGen: 688678K->2260K(691712K)
[1113.977s][info][gc,heap        ] GC(765) PSOldGen: 140768K->143342K(1398272K)
[1113.977s][info][gc,metaspace   ] GC(765) Metaspace: 91511K(98736K)->91511K(98736K) NonClass: 79927K(83888K)->79927K(83888K) Class: 11583K(14848K)->11583K(14848K)
[1113.977s][info][gc             ] GC(765) Pause Young (Allocation Failure) 810M->142M(2041M) 2.493ms
[1113.977s][info][gc,cpu         ] GC(765) User=0.00s Sys=0.00s Real=0.00s
[1116.043s][info][gc,start       ] GC(766) Pause Young (Allocation Failure)
[1116.045s][info][gc,heap        ] GC(766) PSYoungGen: 686488K->2136K(692224K)
[1116.045s][info][gc,heap        ] GC(766) PSOldGen: 143342K->144877K(1398272K)
[1116.045s][info][gc,metaspace   ] GC(766) Metaspace: 91511K(98736K)->91511K(98736K) NonClass: 79927K(83888K)->79927K(83888K) Class: 11583K(14848K)->11583K(14848K)
[1116.045s][info][gc             ] GC(766) Pause Young (Allocation Failure) 810M->143M(2041M) 2.232ms
[1116.045s][info][gc,cpu         ] GC(766) User=0.00s Sys=0.00s Real=0.00s
[1116.674s][info][gc,start       ] GC(767) Pause Young (Allocation Failure)
[1116.678s][info][gc,heap        ] GC(767) PSYoungGen: 685588K->5110K(692224K)
[1116.678s][info][gc,heap        ] GC(767) PSOldGen: 144877K->162675K(1398272K)
[1116.678s][info][gc,metaspace   ] GC(767) Metaspace: 91511K(98736K)->91511K(98736K) NonClass: 79927K(83888K)->79927K(83888K) Class: 11583K(14848K)->11583K(14848K)
[1116.678s][info][gc             ] GC(767) Pause Young (Allocation Failure) 811M->163M(2041M) 4.000ms
[1116.678s][info][gc,cpu         ] GC(767) User=0.00s Sys=0.00s Real=0.00s
[1118.364s][info][gc,start       ] GC(768) Pause Young (Allocation Failure)
[1118.367s][info][gc,heap        ] GC(768) PSYoungGen: 690153K->2793K(692224K)
[1118.367s][info][gc,heap        ] GC(768) PSOldGen: 162675K->165451K(1398272K)
[1118.367s][info][gc,metaspace   ] GC(768) Metaspace: 91511K(98736K)->91511K(98736K) NonClass: 79927K(83888K)->79927K(83888K) Class: 11583K(14848K)->11583K(14848K)
[1118.367s][info][gc             ] GC(768) Pause Young (Allocation Failure) 832M->164M(2041M) 2.514ms
[1118.367s][info][gc,cpu         ] GC(768) User=0.00s Sys=0.00s Real=0.00s
[1120.733s][info][gc,start       ] GC(769) Pause Young (Allocation Failure)
[1120.735s][info][gc,heap        ] GC(769) PSYoungGen: 686275K->2593K(692224K)
[1120.735s][info][gc,heap        ] GC(769) PSOldGen: 165451K->167225K(1398272K)
[1120.735s][info][gc,metaspace   ] GC(769) Metaspace: 91511K(98736K)->91511K(98736K) NonClass: 79927K(83888K)->79927K(83888K) Class: 11583K(14848K)->11583K(14848K)
[1120.735s][info][gc             ] GC(769) Pause Young (Allocation Failure) 831M->165M(2041M) 2.333ms
[1120.735s][info][gc,cpu         ] GC(769) User=0.00s Sys=0.00s Real=0.00s
[1122.349s][info][gc,start       ] GC(770) Pause Young (Allocation Failure)
[1122.352s][info][gc,heap        ] GC(770) PSYoungGen: 688008K->2690K(692736K)
[1122.352s][info][gc,heap        ] GC(770) PSOldGen: 167225K->169088K(1398272K)
[1122.352s][info][gc,metaspace   ] GC(770) Metaspace: 91511K(98736K)->91511K(98736K) NonClass: 79927K(83888K)->79927K(83888K) Class: 11583K(14848K)->11583K(14848K)
[1122.352s][info][gc             ] GC(770) Pause Young (Allocation Failure) 835M->167M(2042M) 2.321ms
[1122.352s][info][gc,cpu         ] GC(770) User=0.00s Sys=0.00s Real=0.00s
[1123.110s][info][gc,start       ] GC(771) Pause Young (Allocation Failure)
[1123.113s][info][gc,heap        ] GC(771) PSYoungGen: 688770K->3294K(692224K)
[1123.113s][info][gc,heap        ] GC(771) PSOldGen: 169088K->171221K(1398272K)
[1123.113s][info][gc,metaspace   ] GC(771) Metaspace: 91511K(98736K)->91511K(98736K) NonClass: 79927K(83888K)->79927K(83888K) Class: 11583K(14848K)->11583K(14848K)
[1123.113s][info][gc             ] GC(771) Pause Young (Allocation Failure) 837M->170M(2041M) 2.718ms
[1123.113s][info][gc,cpu         ] GC(771) User=0.02s Sys=0.00s Real=0.00s
[1125.599s][info][gc,start       ] GC(772) Pause Young (Allocation Failure)
[1125.602s][info][gc,heap        ] GC(772) PSYoungGen: 689374K->2391K(693248K)
[1125.602s][info][gc,heap        ] GC(772) PSOldGen: 171221K->173449K(1398272K)
[1125.602s][info][gc,metaspace   ] GC(772) Metaspace: 91511K(98736K)->91511K(98736K) NonClass: 79927K(83888K)->79927K(83888K) Class: 11583K(14848K)->11583K(14848K)
[1125.602s][info][gc             ] GC(772) Pause Young (Allocation Failure) 840M->171M(2042M) 2.569ms
[1125.602s][info][gc,cpu         ] GC(772) User=0.00s Sys=0.00s Real=0.00s
[1127.829s][info][gc,start       ] GC(773) Pause Young (Allocation Failure)
[1127.832s][info][gc,heap        ] GC(773) PSYoungGen: 689495K->1862K(692736K)
[1127.832s][info][gc,heap        ] GC(773) PSOldGen: 173449K->175040K(1398272K)
[1127.832s][info][gc,metaspace   ] GC(773) Metaspace: 91511K(98736K)->91511K(98736K) NonClass: 79927K(83888K)->79927K(83888K) Class: 11583K(14848K)->11583K(14848K)
[1127.832s][info][gc             ] GC(773) Pause Young (Allocation Failure) 842M->172M(2042M) 2.451ms
[1127.832s][info][gc,cpu         ] GC(773) User=0.02s Sys=0.00s Real=0.00s
[1128.450s][info][gc,start       ] GC(774) Pause Young (Allocation Failure)
[1128.454s][info][gc,heap        ] GC(774) PSYoungGen: 688134K->5285K(691200K)
[1128.454s][info][gc,heap        ] GC(774) PSOldGen: 175040K->184575K(1398272K)
[1128.454s][info][gc,metaspace   ] GC(774) Metaspace: 91513K(98736K)->91513K(98736K) NonClass: 79929K(83888K)->79929K(83888K) Class: 11583K(14848K)->11583K(14848K)
[1128.454s][info][gc             ] GC(774) Pause Young (Allocation Failure) 842M->185M(2040M) 3.874ms
[1128.454s][info][gc,cpu         ] GC(774) User=0.00s Sys=0.00s Real=0.00s
[1130.185s][info][gc,start       ] GC(775) Pause Young (Allocation Failure)
[1130.187s][info][gc,heap        ] GC(775) PSYoungGen: 690853K->3248K(692224K)
[1130.187s][info][gc,heap        ] GC(775) PSOldGen: 184575K->187588K(1398272K)
[1130.187s][info][gc,metaspace   ] GC(775) Metaspace: 91513K(98736K)->91513K(98736K) NonClass: 79929K(83888K)->79929K(83888K) Class: 11583K(14848K)->11583K(14848K)
[1130.187s][info][gc             ] GC(775) Pause Young (Allocation Failure) 854M->186M(2041M) 2.828ms
[1130.187s][info][gc,cpu         ] GC(775) User=0.00s Sys=0.00s Real=0.00s
[1132.462s][info][gc,start       ] GC(776) Pause Young (GCLocker Initiated GC)
[1132.465s][info][gc,heap        ] GC(776) PSYoungGen: 688816K->5807K(691712K)
[1132.465s][info][gc,heap        ] GC(776) PSOldGen: 187621K->189411K(1398272K)
[1132.465s][info][gc,metaspace   ] GC(776) Metaspace: 91515K(98736K)->91515K(98736K) NonClass: 79931K(83888K)->79931K(83888K) Class: 11583K(14848K)->11583K(14848K)
[1132.465s][info][gc             ] GC(776) Pause Young (GCLocker Initiated GC) 855M->190M(2041M) 3.030ms
[1132.465s][info][gc,cpu         ] GC(776) User=0.00s Sys=0.00s Real=0.01s
[1134.135s][info][gc,start       ] GC(777) Pause Young (Allocation Failure)
[1134.138s][info][gc,heap        ] GC(777) PSYoungGen: 691375K->2722K(692224K)
[1134.138s][info][gc,heap        ] GC(777) PSOldGen: 189412K->191220K(1398272K)
[1134.138s][info][gc,metaspace   ] GC(777) Metaspace: 91515K(98736K)->91515K(98736K) NonClass: 79931K(83888K)->79931K(83888K) Class: 11583K(14848K)->11583K(14848K)
[1134.138s][info][gc             ] GC(777) Pause Young (Allocation Failure) 860M->189M(2041M) 2.531ms
[1134.138s][info][gc,cpu         ] GC(777) User=0.00s Sys=0.00s Real=0.00s
[1134.913s][info][gc,start       ] GC(778) Pause Young (Allocation Failure)
[1134.916s][info][gc,heap        ] GC(778) PSYoungGen: 688290K->3455K(692736K)
[1134.916s][info][gc,heap        ] GC(778) PSOldGen: 191220K->193190K(1398272K)
[1134.916s][info][gc,metaspace   ] GC(778) Metaspace: 91515K(98736K)->91515K(98736K) NonClass: 79931K(83888K)->79931K(83888K) Class: 11583K(14848K)->11583K(14848K)
[1134.916s][info][gc             ] GC(778) Pause Young (Allocation Failure) 858M->192M(2042M) 2.878ms
[1134.916s][info][gc,cpu         ] GC(778) User=0.00s Sys=0.00s Real=0.01s
[1137.058s][info][gc,start       ] GC(779) Pause Young (Allocation Failure)
[1137.060s][info][gc,heap        ] GC(779) PSYoungGen: 686998K->3339K(692224K)
[1137.060s][info][gc,heap        ] GC(779) PSOldGen: 193190K->196101K(1398272K)
[1137.060s][info][gc,metaspace   ] GC(779) Metaspace: 91515K(98736K)->91515K(98736K) NonClass: 79931K(83888K)->79931K(83888K) Class: 11583K(14848K)->11583K(14848K)
[1137.060s][info][gc             ] GC(779) Pause Young (Allocation Failure) 859M->194M(2041M) 2.643ms
[1137.060s][info][gc,cpu         ] GC(779) User=0.00s Sys=0.00s Real=0.01s
[1137.710s][info][gc,start       ] GC(780) Pause Young (Allocation Failure)
[1137.712s][info][gc,heap        ] GC(780) PSYoungGen: 685767K->2774K(692736K)
[1137.712s][info][gc,heap        ] GC(780) PSOldGen: 196101K->198546K(1398272K)
[1137.712s][info][gc,metaspace   ] GC(780) Metaspace: 91515K(98736K)->91515K(98736K) NonClass: 79931K(83888K)->79931K(83888K) Class: 11583K(14848K)->11583K(14848K)
[1137.712s][info][gc             ] GC(780) Pause Young (Allocation Failure) 861M->196M(2042M) 2.848ms
[1137.712s][info][gc,cpu         ] GC(780) User=0.00s Sys=0.00s Real=0.00s
[1139.893s][info][gc,start       ] GC(781) Pause Young (Allocation Failure)
[1139.896s][info][gc,heap        ] GC(781) PSYoungGen: 688868K->3391K(692736K)
[1139.896s][info][gc,heap        ] GC(781) PSOldGen: 198546K->200112K(1398272K)
[1139.896s][info][gc,metaspace   ] GC(781) Metaspace: 91515K(98736K)->91515K(98736K) NonClass: 79931K(83888K)->79931K(83888K) Class: 11583K(14848K)->11583K(14848K)
[1139.896s][info][gc             ] GC(781) Pause Young (Allocation Failure) 866M->198M(2042M) 2.819ms
[1139.896s][info][gc,cpu         ] GC(781) User=0.00s Sys=0.00s Real=0.00s
[1140.890s][info][gc,start       ] GC(782) Pause Young (Allocation Failure)
[1140.893s][info][gc,heap        ] GC(782) PSYoungGen: 689983K->4365K(692224K)
[1140.893s][info][gc,heap        ] GC(782) PSOldGen: 200112K->206590K(1398272K)
[1140.893s][info][gc,metaspace   ] GC(782) Metaspace: 91515K(98736K)->91515K(98736K) NonClass: 79931K(83888K)->79931K(83888K) Class: 11583K(14848K)->11583K(14848K)
[1140.893s][info][gc             ] GC(782) Pause Young (Allocation Failure) 869M->206M(2041M) 3.438ms
[1140.894s][info][gc,cpu         ] GC(782) User=0.08s Sys=0.02s Real=0.00s
[1142.059s][info][gc,start       ] GC(783) Pause Young (Allocation Failure)
[1142.062s][info][gc,heap        ] GC(783) PSYoungGen: 690957K->3966K(692736K)
[1142.062s][info][gc,heap        ] GC(783) PSOldGen: 206590K->208971K(1398272K)
[1142.062s][info][gc,metaspace   ] GC(783) Metaspace: 91515K(98736K)->91515K(98736K) NonClass: 79931K(83888K)->79931K(83888K) Class: 11583K(14848K)->11583K(14848K)
[1142.062s][info][gc             ] GC(783) Pause Young (Allocation Failure) 876M->207M(2042M) 2.821ms
[1142.062s][info][gc,cpu         ] GC(783) User=0.00s Sys=0.00s Real=0.00s
[1143.940s][info][gc,start       ] GC(784) Pause Young (Allocation Failure)
[1143.943s][info][gc,heap        ] GC(784) PSYoungGen: 690558K->3970K(693248K)
[1143.943s][info][gc,heap        ] GC(784) PSOldGen: 208971K->211689K(1398272K)
[1143.943s][info][gc,metaspace   ] GC(784) Metaspace: 91515K(98736K)->91515K(98736K) NonClass: 79931K(83888K)->79931K(83888K) Class: 11583K(14848K)->11583K(14848K)
[1143.943s][info][gc             ] GC(784) Pause Young (Allocation Failure) 878M->210M(2042M) 2.983ms
[1143.943s][info][gc,cpu         ] GC(784) User=0.00s Sys=0.00s Real=0.00s
[1144.685s][info][gc,start       ] GC(785) Pause Young (Allocation Failure)
[1144.688s][info][gc,heap        ] GC(785) PSYoungGen: 691074K->3115K(692736K)
[1144.688s][info][gc,heap        ] GC(785) PSOldGen: 211689K->214031K(1398272K)
[1144.688s][info][gc,metaspace   ] GC(785) Metaspace: 91515K(98736K)->91515K(98736K) NonClass: 79931K(83888K)->79931K(83888K) Class: 11583K(14848K)->11583K(14848K)
[1144.688s][info][gc             ] GC(785) Pause Young (Allocation Failure) 881M->212M(2042M) 2.693ms
[1144.688s][info][gc,cpu         ] GC(785) User=0.00s Sys=0.00s Real=0.00s
[1147.028s][info][gc,start       ] GC(786) Pause Young (Allocation Failure)
[1147.031s][info][gc,heap        ] GC(786) PSYoungGen: 690219K->3256K(693248K)
[1147.031s][info][gc,heap        ] GC(786) PSOldGen: 214031K->216704K(1398272K)
[1147.031s][info][gc,metaspace   ] GC(786) Metaspace: 91515K(98736K)->91515K(98736K) NonClass: 79931K(83888K)->79931K(83888K) Class: 11583K(14848K)->11583K(14848K)
[1147.031s][info][gc             ] GC(786) Pause Young (Allocation Failure) 883M->214M(2042M) 3.080ms
[1147.031s][info][gc,cpu         ] GC(786) User=0.00s Sys=0.00s Real=0.00s
[1147.872s][info][gc,start       ] GC(787) Pause Young (Allocation Failure)
[1147.875s][info][gc,heap        ] GC(787) PSYoungGen: 690872K->3711K(693248K)
[1147.875s][info][gc,heap        ] GC(787) PSOldGen: 216704K->218258K(1398272K)
[1147.875s][info][gc,metaspace   ] GC(787) Metaspace: 91515K(98736K)->91515K(98736K) NonClass: 79931K(83888K)->79931K(83888K) Class: 11583K(14848K)->11583K(14848K)
[1147.875s][info][gc             ] GC(787) Pause Young (Allocation Failure) 886M->216M(2042M) 3.127ms
[1147.875s][info][gc,cpu         ] GC(787) User=0.00s Sys=0.00s Real=0.00s
[1147.887s][info][gc,start       ] GC(788) Pause Young (System.gc())
[1147.890s][info][gc,heap        ] GC(788) PSYoungGen: 44720K->192K(693248K)
[1147.890s][info][gc,heap        ] GC(788) PSOldGen: 218258K->220383K(1398272K)
[1147.890s][info][gc,metaspace   ] GC(788) Metaspace: 91515K(98736K)->91515K(98736K) NonClass: 79931K(83888K)->79931K(83888K) Class: 11583K(14848K)->11583K(14848K)
[1147.890s][info][gc             ] GC(788) Pause Young (System.gc()) 256M->215M(2042M) 2.208ms
[1147.890s][info][gc,cpu         ] GC(788) User=0.00s Sys=0.00s Real=0.01s
[1147.890s][info][gc,start       ] GC(789) Pause Full (System.gc())
[1147.894s][info][gc,phases,start] GC(789) Phase 1: Mark live objects
[1147.950s][info][gc,phases      ] GC(789) Phase 1: Mark live objects 56.243ms
[1147.950s][info][gc,phases,start] GC(789) Phase 2: Compute new object addresses
[1147.965s][info][gc,phases      ] GC(789) Phase 2: Compute new object addresses 14.485ms
[1147.965s][info][gc,phases,start] GC(789) Phase 3: Adjust pointers
[1148.002s][info][gc,phases      ] GC(789) Phase 3: Adjust pointers 36.856ms
[1148.002s][info][gc,phases,start] GC(789) Phase 4: Move objects
[1148.009s][info][gc,phases      ] GC(789) Phase 4: Move objects 7.236ms
[1148.011s][info][gc,heap        ] GC(789) PSYoungGen: 192K->0K(693248K)
[1148.011s][info][gc,heap        ] GC(789) PSOldGen: 220383K->152880K(1398272K)
[1148.011s][info][gc,metaspace   ] GC(789) Metaspace: 91515K(98736K)->91515K(98736K) NonClass: 79931K(83888K)->79931K(83888K) Class: 11583K(14848K)->11583K(14848K)
[1148.011s][info][gc             ] GC(789) Pause Full (System.gc()) 215M->149M(2042M) 121.552ms
[1148.011s][info][gc,cpu         ] GC(789) User=0.12s Sys=0.00s Real=0.11s
[1148.899s][info][gc,start       ] GC(790) Pause Young (Allocation Failure)
[1148.902s][info][gc,heap        ] GC(790) PSYoungGen: 687616K->3696K(693248K)
[1148.902s][info][gc,heap        ] GC(790) PSOldGen: 152880K->152880K(1398272K)
[1148.902s][info][gc,metaspace   ] GC(790) Metaspace: 91515K(98736K)->91515K(98736K) NonClass: 79931K(83888K)->79931K(83888K) Class: 11583K(14848K)->11583K(14848K)
[1148.902s][info][gc             ] GC(790) Pause Young (Allocation Failure) 820M->152M(2042M) 2.591ms
[1148.902s][info][gc,cpu         ] GC(790) User=0.00s Sys=0.00s Real=0.02s
[1151.233s][info][gc,start       ] GC(791) Pause Young (Allocation Failure)
[1151.235s][info][gc,heap        ] GC(791) PSYoungGen: 691268K->2271K(693248K)
[1151.235s][info][gc,heap        ] GC(791) PSOldGen: 152880K->155570K(1398272K)
[1151.235s][info][gc,metaspace   ] GC(791) Metaspace: 91515K(98736K)->91515K(98736K) NonClass: 79931K(83888K)->79931K(83888K) Class: 11583K(14848K)->11583K(14848K)
[1151.235s][info][gc             ] GC(791) Pause Young (Allocation Failure) 824M->154M(2042M) 2.846ms
[1151.235s][info][gc,cpu         ] GC(791) User=0.00s Sys=0.00s Real=0.00s
[1153.346s][info][gc,start       ] GC(792) Pause Young (Allocation Failure)
[1153.349s][info][gc,heap        ] GC(792) PSYoungGen: 689887K->2720K(693248K)
[1153.349s][info][gc,heap        ] GC(792) PSOldGen: 155570K->157052K(1398272K)
[1153.349s][info][gc,metaspace   ] GC(792) Metaspace: 91515K(98736K)->91515K(98736K) NonClass: 79931K(83888K)->79931K(83888K) Class: 11583K(14848K)->11583K(14848K)
[1153.349s][info][gc             ] GC(792) Pause Young (Allocation Failure) 825M->156M(2042M) 2.565ms
[1153.349s][info][gc,cpu         ] GC(792) User=0.00s Sys=0.00s Real=0.00s
[1153.969s][info][gc,start       ] GC(793) Pause Young (Allocation Failure)
[1153.973s][info][gc,heap        ] GC(793) PSYoungGen: 688012K->5398K(692224K)
[1153.973s][info][gc,heap        ] GC(793) PSOldGen: 157052K->174894K(1398272K)
[1153.973s][info][gc,metaspace   ] GC(793) Metaspace: 91515K(98736K)->91515K(98736K) NonClass: 79931K(83888K)->79931K(83888K) Class: 11583K(14848K)->11583K(14848K)
[1153.973s][info][gc             ] GC(793) Pause Young (Allocation Failure) 825M->176M(2041M) 4.388ms
[1153.973s][info][gc,cpu         ] GC(793) User=0.08s Sys=0.00s Real=0.00s
[1155.649s][info][gc,start       ] GC(794) Pause Young (Allocation Failure)
[1155.652s][info][gc,heap        ] GC(794) PSYoungGen: 691990K->3535K(692736K)
[1155.652s][info][gc,heap        ] GC(794) PSOldGen: 174894K->177609K(1398272K)
[1155.652s][info][gc,metaspace   ] GC(794) Metaspace: 91515K(98736K)->91515K(98736K) NonClass: 79931K(83888K)->79931K(83888K) Class: 11583K(14848K)->11583K(14848K)
[1155.652s][info][gc             ] GC(794) Pause Young (Allocation Failure) 846M->176M(2042M) 2.972ms
[1155.652s][info][gc,cpu         ] GC(794) User=0.00s Sys=0.00s Real=0.00s
[1158.069s][info][gc,start       ] GC(795) Pause Young (GCLocker Initiated GC)
[1158.071s][info][gc,heap        ] GC(795) PSYoungGen: 690127K->5951K(691712K)
[1158.071s][info][gc,heap        ] GC(795) PSOldGen: 177643K->179421K(1398272K)
[1158.071s][info][gc,metaspace   ] GC(795) Metaspace: 91515K(98736K)->91515K(98736K) NonClass: 79931K(83888K)->79931K(83888K) Class: 11583K(14848K)->11583K(14848K)
[1158.071s][info][gc             ] GC(795) Pause Young (GCLocker Initiated GC) 847M->181M(2041M) 2.924ms
[1158.072s][info][gc,cpu         ] GC(795) User=0.00s Sys=0.00s Real=0.00s
[1159.681s][info][gc,start       ] GC(796) Pause Young (Allocation Failure)
[1159.688s][info][gc,heap        ] GC(796) PSYoungGen: 691519K->3011K(692224K)
[1159.688s][info][gc,heap        ] GC(796) PSOldGen: 179531K->181463K(1398272K)
[1159.688s][info][gc,metaspace   ] GC(796) Metaspace: 91515K(98736K)->91515K(98736K) NonClass: 79931K(83888K)->79931K(83888K) Class: 11583K(14848K)->11583K(14848K)
[1159.688s][info][gc             ] GC(796) Pause Young (Allocation Failure) 850M->180M(2041M) 6.863ms
[1159.688s][info][gc,cpu         ] GC(796) User=0.00s Sys=0.00s Real=0.01s
[1160.443s][info][gc,start       ] GC(797) Pause Young (Allocation Failure)
[1160.446s][info][gc,heap        ] GC(797) PSYoungGen: 688579K->3408K(692736K)
[1160.446s][info][gc,heap        ] GC(797) PSOldGen: 181463K->183758K(1398272K)
[1160.446s][info][gc,metaspace   ] GC(797) Metaspace: 91515K(98736K)->91515K(98736K) NonClass: 79931K(83888K)->79931K(83888K) Class: 11583K(14848K)->11583K(14848K)
[1160.446s][info][gc             ] GC(797) Pause Young (Allocation Failure) 849M->182M(2042M) 2.922ms
[1160.446s][info][gc,cpu         ] GC(797) User=0.00s Sys=0.00s Real=0.01s
[1162.928s][info][gc,start       ] GC(798) Pause Young (Allocation Failure)
[1162.930s][info][gc,heap        ] GC(798) PSYoungGen: 689488K->2506K(692224K)
[1162.930s][info][gc,heap        ] GC(798) PSOldGen: 183758K->185941K(1398272K)
[1162.930s][info][gc,metaspace   ] GC(798) Metaspace: 91515K(98736K)->91515K(98736K) NonClass: 79931K(83888K)->79931K(83888K) Class: 11583K(14848K)->11583K(14848K)
[1162.930s][info][gc             ] GC(798) Pause Young (Allocation Failure) 852M->184M(2041M) 2.527ms
[1162.930s][info][gc,cpu         ] GC(798) User=0.00s Sys=0.00s Real=0.00s
[1165.157s][info][gc,start       ] GC(799) Pause Young (Allocation Failure)
[1165.159s][info][gc,heap        ] GC(799) PSYoungGen: 688586K->3299K(692736K)
[1165.159s][info][gc,heap        ] GC(799) PSOldGen: 185941K->187652K(1398272K)
[1165.159s][info][gc,metaspace   ] GC(799) Metaspace: 91515K(98736K)->91515K(98736K) NonClass: 79931K(83888K)->79931K(83888K) Class: 11583K(14848K)->11583K(14848K)
[1165.159s][info][gc             ] GC(799) Pause Young (Allocation Failure) 854M->186M(2042M) 2.826ms
[1165.160s][info][gc,cpu         ] GC(799) User=0.09s Sys=0.00s Real=0.00s
[1165.781s][info][gc,start       ] GC(800) Pause Young (Allocation Failure)
[1165.785s][info][gc,heap        ] GC(800) PSYoungGen: 686291K->5495K(692224K)
[1165.785s][info][gc,heap        ] GC(800) PSOldGen: 187652K->197358K(1398272K)
[1165.785s][info][gc,metaspace   ] GC(800) Metaspace: 91515K(98736K)->91515K(98736K) NonClass: 79931K(83888K)->79931K(83888K) Class: 11583K(14848K)->11583K(14848K)
[1165.785s][info][gc             ] GC(800) Pause Young (Allocation Failure) 853M->198M(2041M) 3.791ms
[1165.785s][info][gc,cpu         ] GC(800) User=0.08s Sys=0.00s Real=0.00s
[1167.549s][info][gc,start       ] GC(801) Pause Young (Allocation Failure)
[1167.552s][info][gc,heap        ] GC(801) PSYoungGen: 692087K->4317K(692224K)
[1167.552s][info][gc,heap        ] GC(801) PSOldGen: 197358K->200238K(1398272K)
[1167.552s][info][gc,metaspace   ] GC(801) Metaspace: 91515K(98736K)->91515K(98736K) NonClass: 79931K(83888K)->79931K(83888K) Class: 11583K(14848K)->11583K(14848K)
[1167.552s][info][gc             ] GC(801) Pause Young (Allocation Failure) 868M->199M(2041M) 2.959ms
[1167.552s][info][gc,cpu         ] GC(801) User=0.00s Sys=0.00s Real=0.00s
[1169.852s][info][gc,start       ] GC(802) Pause Young (Allocation Failure)
[1169.854s][info][gc,heap        ] GC(802) PSYoungGen: 689885K->2822K(692224K)
[1169.854s][info][gc,heap        ] GC(802) PSOldGen: 200238K->202007K(1398272K)
[1169.854s][info][gc,metaspace   ] GC(802) Metaspace: 91515K(98736K)->91515K(98736K) NonClass: 79931K(83888K)->79931K(83888K) Class: 11583K(14848K)->11583K(14848K)
[1169.854s][info][gc             ] GC(802) Pause Young (Allocation Failure) 869M->200M(2041M) 2.724ms
[1169.854s][info][gc,cpu         ] GC(802) User=0.00s Sys=0.00s Real=0.01s
[1171.452s][info][gc,start       ] GC(803) Pause Young (Allocation Failure)
[1171.455s][info][gc,heap        ] GC(803) PSYoungGen: 688390K->3877K(692736K)
[1171.455s][info][gc,heap        ] GC(803) PSOldGen: 202007K->203896K(1398272K)
[1171.455s][info][gc,metaspace   ] GC(803) Metaspace: 91515K(98736K)->91515K(98736K) NonClass: 79931K(83888K)->79931K(83888K) Class: 11583K(14848K)->11583K(14848K)
[1171.455s][info][gc             ] GC(803) Pause Young (Allocation Failure) 869M->202M(2042M) 3.178ms
[1171.455s][info][gc,cpu         ] GC(803) User=0.09s Sys=0.00s Real=0.00s
[1172.224s][info][gc,start       ] GC(804) Pause Young (Allocation Failure)
[1172.227s][info][gc,heap        ] GC(804) PSYoungGen: 689957K->3281K(692224K)
[1172.227s][info][gc,heap        ] GC(804) PSOldGen: 203896K->205920K(1398272K)
[1172.227s][info][gc,metaspace   ] GC(804) Metaspace: 91515K(98736K)->91515K(98736K) NonClass: 79931K(83888K)->79931K(83888K) Class: 11583K(14848K)->11583K(14848K)
[1172.227s][info][gc             ] GC(804) Pause Young (Allocation Failure) 872M->204M(2041M) 3.207ms
[1172.227s][info][gc,cpu         ] GC(804) User=0.00s Sys=0.00s Real=0.02s
[1174.435s][info][gc,start       ] GC(805) Pause Young (Allocation Failure)
[1174.437s][info][gc,heap        ] GC(805) PSYoungGen: 689291K->3394K(692736K)
[1174.437s][info][gc,heap        ] GC(805) PSOldGen: 205920K->208836K(1398272K)
[1174.437s][info][gc,metaspace   ] GC(805) Metaspace: 91515K(98736K)->91515K(98736K) NonClass: 79931K(83888K)->79931K(83888K) Class: 11583K(14848K)->11583K(14848K)
[1174.437s][info][gc             ] GC(805) Pause Young (Allocation Failure) 874M->207M(2042M) 2.777ms
[1174.437s][info][gc,cpu         ] GC(805) User=0.00s Sys=0.00s Real=0.00s
[1175.077s][info][gc,start       ] GC(806) Pause Young (Allocation Failure)
[1175.080s][info][gc,heap        ] GC(806) PSYoungGen: 689986K->2389K(692736K)
[1175.080s][info][gc,heap        ] GC(806) PSOldGen: 208836K->211383K(1398272K)
[1175.080s][info][gc,metaspace   ] GC(806) Metaspace: 91515K(98736K)->91515K(98736K) NonClass: 79931K(83888K)->79931K(83888K) Class: 11583K(14848K)->11583K(14848K)
[1175.080s][info][gc             ] GC(806) Pause Young (Allocation Failure) 877M->208M(2042M) 2.322ms
[1175.080s][info][gc,cpu         ] GC(806) User=0.09s Sys=0.00s Real=0.00s
[1177.322s][info][gc,start       ] GC(807) Pause Young (Allocation Failure)
[1177.325s][info][gc,heap        ] GC(807) PSYoungGen: 688981K->4722K(692736K)
[1177.325s][info][gc,heap        ] GC(807) PSOldGen: 211383K->212969K(1398272K)
[1177.325s][info][gc,metaspace   ] GC(807) Metaspace: 91515K(98736K)->91515K(98736K) NonClass: 79931K(83888K)->79931K(83888K) Class: 11583K(14848K)->11583K(14848K)
[1177.325s][info][gc             ] GC(807) Pause Young (Allocation Failure) 879M->212M(2042M) 3.285ms
[1177.325s][info][gc,cpu         ] GC(807) User=0.00s Sys=0.00s Real=0.00s
[1178.316s][info][gc,start       ] GC(808) Pause Young (Allocation Failure)
[1178.319s][info][gc,heap        ] GC(808) PSYoungGen: 690626K->3362K(692736K)
[1178.319s][info][gc,heap        ] GC(808) PSOldGen: 212969K->215364K(1398272K)
[1178.319s][info][gc,metaspace   ] GC(808) Metaspace: 91520K(98736K)->91520K(98736K) NonClass: 79937K(83888K)->79937K(83888K) Class: 11583K(14848K)->11583K(14848K)
[1178.319s][info][gc             ] GC(808) Pause Young (Allocation Failure) 882M->213M(2042M) 3.197ms
[1178.319s][info][gc,cpu         ] GC(808) User=0.00s Sys=0.00s Real=0.00s
[1179.620s][info][gc,start       ] GC(809) Pause Young (Allocation Failure)
[1179.623s][info][gc,heap        ] GC(809) PSYoungGen: 686113K->3172K(693248K)
[1179.623s][info][gc,heap        ] GC(809) PSOldGen: 215364K->217830K(1398272K)
[1179.623s][info][gc,metaspace   ] GC(809) Metaspace: 91520K(98736K)->91520K(98736K) NonClass: 79937K(83888K)->79937K(83888K) Class: 11583K(14848K)->11583K(14848K)
[1179.623s][info][gc             ] GC(809) Pause Young (Allocation Failure) 880M->215M(2042M) 2.634ms
[1179.623s][info][gc,cpu         ] GC(809) User=0.00s Sys=0.00s Real=0.00s
[1181.429s][info][gc,start       ] GC(810) Pause Young (Allocation Failure)
[1181.432s][info][gc,heap        ] GC(810) PSYoungGen: 690276K->4988K(692736K)
[1181.432s][info][gc,heap        ] GC(810) PSOldGen: 217830K->220514K(1398272K)
[1181.432s][info][gc,metaspace   ] GC(810) Metaspace: 91520K(98736K)->91520K(98736K) NonClass: 79937K(83888K)->79937K(83888K) Class: 11583K(14848K)->11583K(14848K)
[1181.432s][info][gc             ] GC(810) Pause Young (Allocation Failure) 886M->220M(2042M) 3.536ms
[1181.432s][info][gc,cpu         ] GC(810) User=0.00s Sys=0.00s Real=0.00s
[1182.174s][info][gc,start       ] GC(811) Pause Young (Allocation Failure)
[1182.177s][info][gc,heap        ] GC(811) PSYoungGen: 692092K->3253K(692736K)
[1182.177s][info][gc,heap        ] GC(811) PSOldGen: 220514K->222933K(1398272K)
[1182.177s][info][gc,metaspace   ] GC(811) Metaspace: 91520K(98736K)->91520K(98736K) NonClass: 79937K(83888K)->79937K(83888K) Class: 11583K(14848K)->11583K(14848K)
[1182.177s][info][gc             ] GC(811) Pause Young (Allocation Failure) 891M->220M(2042M) 2.878ms
[1182.177s][info][gc,cpu         ] GC(811) User=0.00s Sys=0.00s Real=0.00s
[1184.478s][info][gc,start       ] GC(812) Pause Young (Allocation Failure)
[1184.481s][info][gc,heap        ] GC(812) PSYoungGen: 689845K->3645K(692736K)
[1184.481s][info][gc,heap        ] GC(812) PSOldGen: 222933K->225683K(1398272K)
[1184.481s][info][gc,metaspace   ] GC(812) Metaspace: 91521K(98736K)->91521K(98736K) NonClass: 79937K(83888K)->79937K(83888K) Class: 11583K(14848K)->11583K(14848K)
[1184.481s][info][gc             ] GC(812) Pause Young (Allocation Failure) 891M->223M(2042M) 3.345ms
[1184.482s][info][gc,cpu         ] GC(812) User=0.00s Sys=0.00s Real=0.00s
[1185.319s][info][gc,start       ] GC(813) Pause Young (Allocation Failure)
[1185.322s][info][gc,heap        ] GC(813) PSYoungGen: 690237K->2847K(693248K)
[1185.322s][info][gc,heap        ] GC(813) PSOldGen: 225683K->227637K(1398272K)
[1185.322s][info][gc,metaspace   ] GC(813) Metaspace: 91521K(98736K)->91521K(98736K) NonClass: 79937K(83888K)->79937K(83888K) Class: 11583K(14848K)->11583K(14848K)
[1185.322s][info][gc             ] GC(813) Pause Young (Allocation Failure) 894M->225M(2042M) 2.921ms
[1185.322s][info][gc,cpu         ] GC(813) User=0.00s Sys=0.00s Real=0.00s
[1185.329s][info][gc,start       ] GC(814) Pause Young (System.gc())
[1185.331s][info][gc,heap        ] GC(814) PSYoungGen: 26522K->192K(688128K)
[1185.331s][info][gc,heap        ] GC(814) PSOldGen: 227637K->229254K(1398272K)
[1185.331s][info][gc,metaspace   ] GC(814) Metaspace: 91521K(98736K)->91521K(98736K) NonClass: 79937K(83888K)->79937K(83888K) Class: 11583K(14848K)->11583K(14848K)
[1185.331s][info][gc             ] GC(814) Pause Young (System.gc()) 248M->224M(2037M) 1.833ms
[1185.331s][info][gc,cpu         ] GC(814) User=0.00s Sys=0.00s Real=0.00s
[1185.331s][info][gc,start       ] GC(815) Pause Full (System.gc())
[1185.333s][info][gc,phases,start] GC(815) Phase 1: Mark live objects
[1185.389s][info][gc,phases      ] GC(815) Phase 1: Mark live objects 56.215ms
[1185.389s][info][gc,phases,start] GC(815) Phase 2: Compute new object addresses
[1185.405s][info][gc,phases      ] GC(815) Phase 2: Compute new object addresses 15.990ms
[1185.405s][info][gc,phases,start] GC(815) Phase 3: Adjust pointers
[1185.442s][info][gc,phases      ] GC(815) Phase 3: Adjust pointers 36.708ms
[1185.442s][info][gc,phases,start] GC(815) Phase 4: Move objects
[1185.451s][info][gc,phases      ] GC(815) Phase 4: Move objects 8.444ms
[1185.454s][info][gc,heap        ] GC(815) PSYoungGen: 192K->0K(688128K)
[1185.454s][info][gc,heap        ] GC(815) PSOldGen: 229254K->152733K(1398272K)
[1185.454s][info][gc,metaspace   ] GC(815) Metaspace: 91521K(98736K)->91521K(98736K) NonClass: 79937K(83888K)->79937K(83888K) Class: 11583K(14848K)->11583K(14848K)
[1185.454s][info][gc             ] GC(815) Pause Full (System.gc()) 224M->149M(2037M) 122.635ms
[1185.454s][info][gc,cpu         ] GC(815) User=0.11s Sys=0.00s Real=0.11s
[1186.370s][info][gc,start       ] GC(816) Pause Young (Allocation Failure)
[1186.373s][info][gc,heap        ] GC(816) PSYoungGen: 687616K->3677K(692736K)
[1186.373s][info][gc,heap        ] GC(816) PSOldGen: 152733K->152733K(1398272K)
[1186.373s][info][gc,metaspace   ] GC(816) Metaspace: 91521K(98736K)->91521K(98736K) NonClass: 79937K(83888K)->79937K(83888K) Class: 11583K(14848K)->11583K(14848K)
[1186.373s][info][gc             ] GC(816) Pause Young (Allocation Failure) 820M->152M(2042M) 2.530ms
[1186.373s][info][gc,cpu         ] GC(816) User=0.00s Sys=0.00s Real=0.00s
[1188.716s][info][gc,start       ] GC(817) Pause Young (Allocation Failure)
[1188.719s][info][gc,heap        ] GC(817) PSYoungGen: 690269K->2391K(692736K)
[1188.719s][info][gc,heap        ] GC(817) PSOldGen: 152733K->155336K(1398272K)
[1188.719s][info][gc,metaspace   ] GC(817) Metaspace: 91521K(98736K)->91521K(98736K) NonClass: 79937K(83888K)->79937K(83888K) Class: 11583K(14848K)->11583K(14848K)
[1188.719s][info][gc             ] GC(817) Pause Young (Allocation Failure) 823M->154M(2042M) 3.222ms
[1188.719s][info][gc,cpu         ] GC(817) User=0.00s Sys=0.00s Real=0.00s
[1190.788s][info][gc,start       ] GC(818) Pause Young (Allocation Failure)
[1190.790s][info][gc,heap        ] GC(818) PSYoungGen: 688983K->2753K(693248K)
[1190.790s][info][gc,heap        ] GC(818) PSOldGen: 155336K->156810K(1398272K)
[1190.790s][info][gc,metaspace   ] GC(818) Metaspace: 91521K(98736K)->91521K(98736K) NonClass: 79937K(83888K)->79937K(83888K) Class: 11583K(14848K)->11583K(14848K)
[1190.790s][info][gc             ] GC(818) Pause Young (Allocation Failure) 824M->155M(2042M) 2.254ms
[1190.790s][info][gc,cpu         ] GC(818) User=0.00s Sys=0.00s Real=0.00s
[1191.412s][info][gc,start       ] GC(819) Pause Young (Allocation Failure)
[1191.417s][info][gc,heap        ] GC(819) PSYoungGen: 688699K->5319K(692736K)
[1191.417s][info][gc,heap        ] GC(819) PSOldGen: 156810K->174604K(1398272K)
[1191.417s][info][gc,metaspace   ] GC(819) Metaspace: 91521K(98736K)->91521K(98736K) NonClass: 79937K(83888K)->79937K(83888K) Class: 11583K(14848K)->11583K(14848K)
[1191.418s][info][gc             ] GC(819) Pause Young (Allocation Failure) 825M->175M(2042M) 5.313ms
[1191.418s][info][gc,cpu         ] GC(819) User=0.00s Sys=0.00s Real=0.00s
[1193.107s][info][gc,start       ] GC(820) Pause Young (GCLocker Initiated GC)
[1193.110s][info][gc,heap        ] GC(820) PSYoungGen: 692423K->4011K(692736K)
[1193.110s][info][gc,heap        ] GC(820) PSOldGen: 174606K->177377K(1398272K)
[1193.110s][info][gc,metaspace   ] GC(820) Metaspace: 91521K(98736K)->91521K(98736K) NonClass: 79937K(83888K)->79937K(83888K) Class: 11583K(14848K)->11583K(14848K)
[1193.110s][info][gc             ] GC(820) Pause Young (GCLocker Initiated GC) 846M->177M(2042M) 2.844ms
[1193.110s][info][gc,cpu         ] GC(820) User=0.00s Sys=0.00s Real=0.00s
[1195.509s][info][gc,start       ] GC(821) Pause Young (Allocation Failure)
[1195.512s][info][gc,heap        ] GC(821) PSYoungGen: 690603K->6112K(692736K)
[1195.512s][info][gc,heap        ] GC(821) PSOldGen: 177383K->179160K(1398272K)
[1195.512s][info][gc,metaspace   ] GC(821) Metaspace: 91521K(98736K)->91521K(98736K) NonClass: 79937K(83888K)->79937K(83888K) Class: 11583K(14848K)->11583K(14848K)
[1195.512s][info][gc             ] GC(821) Pause Young (Allocation Failure) 847M->180M(2042M) 3.206ms
[1195.512s][info][gc,cpu         ] GC(821) User=0.00s Sys=0.00s Real=0.00s
[1197.091s][info][gc,start       ] GC(822) Pause Young (Allocation Failure)
[1197.094s][info][gc,heap        ] GC(822) PSYoungGen: 692704K->2966K(689664K)
[1197.095s][info][gc,heap        ] GC(822) PSOldGen: 179160K->181145K(1398272K)
[1197.095s][info][gc,metaspace   ] GC(822) Metaspace: 91521K(98736K)->91521K(98736K) NonClass: 79937K(83888K)->79937K(83888K) Class: 11583K(14848K)->11583K(14848K)
[1197.095s][info][gc             ] GC(822) Pause Young (Allocation Failure) 851M->179M(2039M) 3.216ms
[1197.095s][info][gc,cpu         ] GC(822) User=0.00s Sys=0.00s Real=0.01s
[1197.854s][info][gc,start       ] GC(823) Pause Young (Allocation Failure)
[1197.858s][info][gc,heap        ] GC(823) PSYoungGen: 686486K->3358K(691200K)
[1197.858s][info][gc,heap        ] GC(823) PSOldGen: 181145K->183231K(1398272K)
[1197.858s][info][gc,metaspace   ] GC(823) Metaspace: 91521K(98736K)->91521K(98736K) NonClass: 79937K(83888K)->79937K(83888K) Class: 11583K(14848K)->11583K(14848K)
[1197.858s][info][gc             ] GC(823) Pause Young (Allocation Failure) 847M->182M(2040M) 4.112ms
[1197.858s][info][gc,cpu         ] GC(823) User=0.00s Sys=0.00s Real=0.00s
[1200.337s][info][gc,start       ] GC(824) Pause Young (Allocation Failure)
[1200.339s][info][gc,heap        ] GC(824) PSYoungGen: 686829K->2516K(691712K)
[1200.339s][info][gc,heap        ] GC(824) PSOldGen: 183231K->185431K(1398272K)
[1200.339s][info][gc,metaspace   ] GC(824) Metaspace: 91521K(98736K)->91521K(98736K) NonClass: 79937K(83888K)->79937K(83888K) Class: 11583K(14848K)->11583K(14848K)
[1200.339s][info][gc             ] GC(824) Pause Young (Allocation Failure) 849M->183M(2041M) 2.471ms
[1200.339s][info][gc,cpu         ] GC(824) User=0.00s Sys=0.00s Real=0.00s
[1202.565s][info][gc,start       ] GC(825) Pause Young (Allocation Failure)
[1202.567s][info][gc,heap        ] GC(825) PSYoungGen: 687060K->2668K(691712K)
[1202.567s][info][gc,heap        ] GC(825) PSOldGen: 185431K->187086K(1398272K)
[1202.567s][info][gc,metaspace   ] GC(825) Metaspace: 91521K(98736K)->91521K(98736K) NonClass: 79937K(83888K)->79937K(83888K) Class: 11583K(14848K)->11583K(14848K)
[1202.567s][info][gc             ] GC(825) Pause Young (Allocation Failure) 852M->185M(2041M) 2.432ms
[1202.567s][info][gc,cpu         ] GC(825) User=0.00s Sys=0.00s Real=0.01s
[1203.182s][info][gc,start       ] GC(826) Pause Young (Allocation Failure)
[1203.186s][info][gc,heap        ] GC(826) PSYoungGen: 685485K->5462K(691712K)
[1203.186s][info][gc,heap        ] GC(826) PSOldGen: 187086K->200800K(1398272K)
[1203.186s][info][gc,metaspace   ] GC(826) Metaspace: 91521K(98736K)->91521K(98736K) NonClass: 79937K(83888K)->79937K(83888K) Class: 11583K(14848K)->11583K(14848K)
[1203.186s][info][gc             ] GC(826) Pause Young (Allocation Failure) 852M->201M(2041M) 4.698ms
[1203.186s][info][gc,cpu         ] GC(826) User=0.00s Sys=0.00s Real=0.00s
[1204.937s][info][gc,start       ] GC(827) Pause Young (Allocation Failure)
[1204.940s][info][gc,heap        ] GC(827) PSYoungGen: 690006K->3458K(691712K)
[1204.940s][info][gc,heap        ] GC(827) PSOldGen: 200800K->203692K(1398272K)
[1204.940s][info][gc,metaspace   ] GC(827) Metaspace: 91521K(98736K)->91521K(98736K) NonClass: 79937K(83888K)->79937K(83888K) Class: 11583K(14848K)->11583K(14848K)
[1204.940s][info][gc             ] GC(827) Pause Young (Allocation Failure) 869M->202M(2041M) 3.130ms
[1204.940s][info][gc,cpu         ] GC(827) User=0.06s Sys=0.02s Real=0.01s
[1207.212s][info][gc,start       ] GC(828) Pause Young (Allocation Failure)
[1207.215s][info][gc,heap        ] GC(828) PSYoungGen: 688002K->6375K(690688K)
[1207.215s][info][gc,heap        ] GC(828) PSOldGen: 203692K->205466K(1398272K)
[1207.215s][info][gc,metaspace   ] GC(828) Metaspace: 91521K(98736K)->91521K(98736K) NonClass: 79937K(83888K)->79937K(83888K) Class: 11583K(14848K)->11583K(14848K)
[1207.215s][info][gc             ] GC(828) Pause Young (Allocation Failure) 870M->206M(2040M) 3.186ms
[1207.215s][info][gc,cpu         ] GC(828) User=0.00s Sys=0.00s Real=0.00s
[1208.868s][info][gc,start       ] GC(829) Pause Young (Allocation Failure)
[1208.870s][info][gc,heap        ] GC(829) PSYoungGen: 689895K->2850K(691200K)
[1208.870s][info][gc,heap        ] GC(829) PSOldGen: 205466K->207275K(1398272K)
[1208.870s][info][gc,metaspace   ] GC(829) Metaspace: 91523K(98736K)->91523K(98736K) NonClass: 79939K(83888K)->79939K(83888K) Class: 11583K(14848K)->11583K(14848K)
[1208.870s][info][gc             ] GC(829) Pause Young (Allocation Failure) 874M->205M(2040M) 2.915ms
[1208.870s][info][gc,cpu         ] GC(829) User=0.00s Sys=0.00s Real=0.02s
[1209.633s][info][gc,start       ] GC(830) Pause Young (Allocation Failure)
[1209.636s][info][gc,heap        ] GC(830) PSYoungGen: 686370K->3468K(691712K)
[1209.636s][info][gc,heap        ] GC(830) PSOldGen: 207275K->209436K(1398272K)
[1209.636s][info][gc,metaspace   ] GC(830) Metaspace: 91523K(98736K)->91523K(98736K) NonClass: 79939K(83888K)->79939K(83888K) Class: 11583K(14848K)->11583K(14848K)
[1209.636s][info][gc             ] GC(830) Pause Young (Allocation Failure) 872M->207M(2041M) 2.923ms
[1209.636s][info][gc,cpu         ] GC(830) User=0.00s Sys=0.00s Real=0.00s
[1211.785s][info][gc,start       ] GC(831) Pause Young (Allocation Failure)
[1211.788s][info][gc,heap        ] GC(831) PSYoungGen: 686219K->3554K(691200K)
[1211.788s][info][gc,heap        ] GC(831) PSOldGen: 209436K->212350K(1398272K)
[1211.788s][info][gc,metaspace   ] GC(831) Metaspace: 91523K(98736K)->91523K(98736K) NonClass: 79939K(83888K)->79939K(83888K) Class: 11583K(14848K)->11583K(14848K)
[1211.788s][info][gc             ] GC(831) Pause Young (Allocation Failure) 874M->210M(2040M) 2.950ms
[1211.788s][info][gc,cpu         ] GC(831) User=0.00s Sys=0.00s Real=0.01s
[1212.434s][info][gc,start       ] GC(832) Pause Young (Allocation Failure)
[1212.437s][info][gc,heap        ] GC(832) PSYoungGen: 686419K->2742K(692224K)
[1212.437s][info][gc,heap        ] GC(832) PSOldGen: 212350K->214754K(1398272K)
[1212.437s][info][gc,metaspace   ] GC(832) Metaspace: 91523K(98736K)->91523K(98736K) NonClass: 79939K(83888K)->79939K(83888K) Class: 11583K(14848K)->11583K(14848K)
[1212.437s][info][gc             ] GC(832) Pause Young (Allocation Failure) 877M->212M(2041M) 3.553ms
[1212.437s][info][gc,cpu         ] GC(832) User=0.00s Sys=0.00s Real=0.00s
[1214.619s][info][gc,start       ] GC(833) Pause Young (Allocation Failure)
[1214.622s][info][gc,heap        ] GC(833) PSYoungGen: 687798K->3441K(691712K)
[1214.622s][info][gc,heap        ] GC(833) PSOldGen: 214754K->216308K(1398272K)
[1214.622s][info][gc,metaspace   ] GC(833) Metaspace: 91523K(98736K)->91523K(98736K) NonClass: 79939K(83888K)->79939K(83888K) Class: 11583K(14848K)->11583K(14848K)
[1214.622s][info][gc             ] GC(833) Pause Young (Allocation Failure) 881M->214M(2041M) 3.050ms
[1214.622s][info][gc,cpu         ] GC(833) User=0.00s Sys=0.00s Real=0.00s
[1215.610s][info][gc,start       ] GC(834) Pause Young (Allocation Failure)
[1215.615s][info][gc,heap        ] GC(834) PSYoungGen: 685762K->5006K(692224K)
[1215.615s][info][gc,heap        ] GC(834) PSOldGen: 216308K->230961K(1398272K)
[1215.615s][info][gc,metaspace   ] GC(834) Metaspace: 91523K(98736K)->91523K(98736K) NonClass: 79939K(83888K)->79939K(83888K) Class: 11583K(14848K)->11583K(14848K)
[1215.615s][info][gc             ] GC(834) Pause Young (Allocation Failure) 880M->230M(2041M) 4.408ms
[1215.615s][info][gc,cpu         ] GC(834) User=0.02s Sys=0.00s Real=0.00s
[1216.767s][info][gc,start       ] GC(835) Pause Young (Allocation Failure)
[1216.769s][info][gc,heap        ] GC(835) PSYoungGen: 686798K->3252K(692224K)
[1216.769s][info][gc,heap        ] GC(835) PSOldGen: 230961K->233455K(1398272K)
[1216.769s][info][gc,metaspace   ] GC(835) Metaspace: 91523K(98736K)->91523K(98736K) NonClass: 79939K(83888K)->79939K(83888K) Class: 11583K(14848K)->11583K(14848K)
[1216.769s][info][gc             ] GC(835) Pause Young (Allocation Failure) 896M->231M(2041M) 2.754ms
[1216.769s][info][gc,cpu         ] GC(835) User=0.02s Sys=0.00s Real=0.00s
[1218.646s][info][gc,start       ] GC(836) Pause Young (Allocation Failure)
[1218.649s][info][gc,heap        ] GC(836) PSYoungGen: 688820K->3577K(692224K)
[1218.649s][info][gc,heap        ] GC(836) PSOldGen: 233455K->236209K(1398272K)
[1218.649s][info][gc,metaspace   ] GC(836) Metaspace: 91523K(98736K)->91523K(98736K) NonClass: 79939K(83888K)->79939K(83888K) Class: 11583K(14848K)->11583K(14848K)
[1218.649s][info][gc             ] GC(836) Pause Young (Allocation Failure) 900M->234M(2041M) 3.253ms
[1218.649s][info][gc,cpu         ] GC(836) User=0.00s Sys=0.00s Real=0.01s
[1219.416s][info][gc,start       ] GC(837) Pause Young (Allocation Failure)
[1219.420s][info][gc,heap        ] GC(837) PSYoungGen: 689145K->3108K(692224K)
[1219.420s][info][gc,heap        ] GC(837) PSOldGen: 236209K->238739K(1398272K)
[1219.420s][info][gc,metaspace   ] GC(837) Metaspace: 91554K(98736K)->91554K(98736K) NonClass: 79970K(83888K)->79970K(83888K) Class: 11583K(14848K)->11583K(14848K)
[1219.420s][info][gc             ] GC(837) Pause Young (Allocation Failure) 903M->236M(2041M) 3.486ms
[1219.420s][info][gc,cpu         ] GC(837) User=0.00s Sys=0.00s Real=0.02s
[1221.745s][info][gc,start       ] GC(838) Pause Young (Allocation Failure)
[1221.748s][info][gc,heap        ] GC(838) PSYoungGen: 684847K->2104K(692736K)
[1221.748s][info][gc,heap        ] GC(838) PSOldGen: 238739K->241387K(1398272K)
[1221.748s][info][gc,metaspace   ] GC(838) Metaspace: 91554K(98736K)->91554K(98736K) NonClass: 79970K(83888K)->79970K(83888K) Class: 11583K(14848K)->11583K(14848K)
[1221.748s][info][gc             ] GC(838) Pause Young (Allocation Failure) 901M->237M(2042M) 2.950ms
[1221.748s][info][gc,cpu         ] GC(838) User=0.00s Sys=0.00s Real=0.00s
[1222.567s][info][gc,start       ] GC(839) Pause Young (Allocation Failure)
[1222.569s][info][gc,heap        ] GC(839) PSYoungGen: 688491K->2736K(692736K)
[1222.569s][info][gc,heap        ] GC(839) PSOldGen: 241387K->242776K(1398272K)
[1222.569s][info][gc,metaspace   ] GC(839) Metaspace: 91559K(98736K)->91559K(98736K) NonClass: 79975K(83888K)->79975K(83888K) Class: 11583K(14848K)->11583K(14848K)
[1222.569s][info][gc             ] GC(839) Pause Young (Allocation Failure) 908M->239M(2042M) 2.579ms
[1222.570s][info][gc,cpu         ] GC(839) User=0.00s Sys=0.00s Real=0.00s
[1222.597s][info][gc,start       ] GC(840) Pause Young (System.gc())
[1222.599s][info][gc,heap        ] GC(840) PSYoungGen: 59738K->239K(691712K)
[1222.599s][info][gc,heap        ] GC(840) PSOldGen: 242776K->244813K(1398272K)
[1222.599s][info][gc,metaspace   ] GC(840) Metaspace: 91560K(98736K)->91560K(98736K) NonClass: 79976K(83888K)->79976K(83888K) Class: 11583K(14848K)->11583K(14848K)
[1222.599s][info][gc             ] GC(840) Pause Young (System.gc()) 295M->239M(2041M) 2.043ms
[1222.599s][info][gc,cpu         ] GC(840) User=0.00s Sys=0.00s Real=0.00s
[1222.599s][info][gc,start       ] GC(841) Pause Full (System.gc())
[1222.600s][info][gc,phases,start] GC(841) Phase 1: Mark live objects
[1222.657s][info][gc,phases      ] GC(841) Phase 1: Mark live objects 56.697ms
[1222.657s][info][gc,phases,start] GC(841) Phase 2: Compute new object addresses
[1222.671s][info][gc,phases      ] GC(841) Phase 2: Compute new object addresses 14.369ms
[1222.671s][info][gc,phases,start] GC(841) Phase 3: Adjust pointers
[1222.709s][info][gc,phases      ] GC(841) Phase 3: Adjust pointers 37.694ms
[1222.709s][info][gc,phases,start] GC(841) Phase 4: Move objects
[1222.722s][info][gc,phases      ] GC(841) Phase 4: Move objects 13.195ms
[1222.725s][info][gc,heap        ] GC(841) PSYoungGen: 239K->0K(691712K)
[1222.725s][info][gc,heap        ] GC(841) PSOldGen: 244813K->82948K(1398272K)
[1222.725s][info][gc,metaspace   ] GC(841) Metaspace: 91560K(98736K)->91560K(98736K) NonClass: 79976K(83888K)->79976K(83888K) Class: 11583K(14848K)->11583K(14848K)
[1222.725s][info][gc             ] GC(841) Pause Full (System.gc()) 239M->81M(2041M) 126.233ms
[1222.725s][info][gc,cpu         ] GC(841) User=0.12s Sys=0.00s Real=0.12s
[1223.632s][info][gc,start       ] GC(842) Pause Young (Allocation Failure)
[1223.634s][info][gc,heap        ] GC(842) PSYoungGen: 685568K->3585K(692224K)
[1223.634s][info][gc,heap        ] GC(842) PSOldGen: 82948K->82948K(1398272K)
[1223.634s][info][gc,metaspace   ] GC(842) Metaspace: 91560K(98736K)->91560K(98736K) NonClass: 79976K(83888K)->79976K(83888K) Class: 11583K(14848K)->11583K(14848K)
[1223.634s][info][gc             ] GC(842) Pause Young (Allocation Failure) 750M->84M(2041M) 2.513ms
[1223.634s][info][gc,cpu         ] GC(842) User=0.00s Sys=0.00s Real=0.00s
[1225.977s][info][gc,start       ] GC(843) Pause Young (Allocation Failure)
[1225.979s][info][gc,heap        ] GC(843) PSYoungGen: 689140K->2219K(692736K)
[1225.979s][info][gc,heap        ] GC(843) PSOldGen: 82948K->85520K(1398272K)
[1225.979s][info][gc,metaspace   ] GC(843) Metaspace: 91560K(98736K)->91560K(98736K) NonClass: 79976K(83888K)->79976K(83888K) Class: 11583K(14848K)->11583K(14848K)
[1225.979s][info][gc             ] GC(843) Pause Young (Allocation Failure) 753M->85M(2042M) 2.373ms
[1225.979s][info][gc,cpu         ] GC(843) User=0.00s Sys=0.00s Real=0.00s
[1228.075s][info][gc,start       ] GC(844) Pause Young (Allocation Failure)
[1228.077s][info][gc,heap        ] GC(844) PSYoungGen: 686658K->2092K(692736K)
[1228.077s][info][gc,heap        ] GC(844) PSOldGen: 85520K->87045K(1398272K)
[1228.077s][info][gc,metaspace   ] GC(844) Metaspace: 91560K(98736K)->91560K(98736K) NonClass: 79976K(83888K)->79976K(83888K) Class: 11583K(14848K)->11583K(14848K)
[1228.077s][info][gc             ] GC(844) Pause Young (Allocation Failure) 754M->87M(2042M) 2.272ms
[1228.077s][info][gc,cpu         ] GC(844) User=0.00s Sys=0.00s Real=0.00s
[1228.704s][info][gc,start       ] GC(845) Pause Young (Allocation Failure)
[1228.709s][info][gc,heap        ] GC(845) PSYoungGen: 684772K->5302K(691712K)
[1228.709s][info][gc,heap        ] GC(845) PSOldGen: 87045K->96651K(1398272K)
[1228.709s][info][gc,metaspace   ] GC(845) Metaspace: 91560K(98736K)->91560K(98736K) NonClass: 79976K(83888K)->79976K(83888K) Class: 11583K(14848K)->11583K(14848K)
[1228.709s][info][gc             ] GC(845) Pause Young (Allocation Failure) 753M->99M(2041M) 4.863ms
[1228.709s][info][gc,cpu         ] GC(845) User=0.02s Sys=0.00s Real=0.01s
[1230.372s][info][gc,start       ] GC(846) Pause Young (Allocation Failure)
[1230.374s][info][gc,heap        ] GC(846) PSYoungGen: 687814K->2778K(692224K)
[1230.374s][info][gc,heap        ] GC(846) PSOldGen: 96651K->99417K(1398272K)
[1230.374s][info][gc,metaspace   ] GC(846) Metaspace: 91560K(98736K)->91560K(98736K) NonClass: 79976K(83888K)->79976K(83888K) Class: 11583K(14848K)->11583K(14848K)
[1230.374s][info][gc             ] GC(846) Pause Young (Allocation Failure) 766M->99M(2041M) 2.471ms
[1230.374s][info][gc,cpu         ] GC(846) User=0.00s Sys=0.00s Real=0.00s
[1232.792s][info][gc,start       ] GC(847) Pause Young (Allocation Failure)
[1232.794s][info][gc,heap        ] GC(847) PSYoungGen: 685169K->2573K(692736K)
[1232.794s][info][gc,heap        ] GC(847) PSOldGen: 99417K->101178K(1398272K)
[1232.794s][info][gc,metaspace   ] GC(847) Metaspace: 91560K(98736K)->91560K(98736K) NonClass: 79977K(83888K)->79977K(83888K) Class: 11583K(14848K)->11583K(14848K)
[1232.794s][info][gc             ] GC(847) Pause Young (Allocation Failure) 766M->101M(2042M) 2.319ms
[1232.794s][info][gc,cpu         ] GC(847) User=0.00s Sys=0.00s Real=0.00s
[1234.388s][info][gc,start       ] GC(848) Pause Young (Allocation Failure)
[1234.391s][info][gc,heap        ] GC(848) PSYoungGen: 688606K->2818K(692224K)
[1234.391s][info][gc,heap        ] GC(848) PSOldGen: 101178K->103055K(1398272K)
[1234.391s][info][gc,metaspace   ] GC(848) Metaspace: 91560K(98736K)->91560K(98736K) NonClass: 79977K(83888K)->79977K(83888K) Class: 11583K(14848K)->11583K(14848K)
[1234.391s][info][gc             ] GC(848) Pause Young (Allocation Failure) 771M->103M(2041M) 2.791ms
[1234.391s][info][gc,cpu         ] GC(848) User=0.00s Sys=0.00s Real=0.00s
[1235.144s][info][gc,start       ] GC(849) Pause Young (Allocation Failure)
[1235.146s][info][gc,heap        ] GC(849) PSYoungGen: 688898K->3261K(693248K)
[1235.147s][info][gc,heap        ] GC(849) PSOldGen: 103055K->105237K(1398272K)
[1235.147s][info][gc,metaspace   ] GC(849) Metaspace: 91560K(98736K)->91560K(98736K) NonClass: 79977K(83888K)->79977K(83888K) Class: 11583K(14848K)->11583K(14848K)
[1235.147s][info][gc             ] GC(849) Pause Young (Allocation Failure) 773M->105M(2042M) 2.746ms
[1235.147s][info][gc,cpu         ] GC(849) User=0.00s Sys=0.00s Real=0.00s
[1237.601s][info][gc,start       ] GC(850) Pause Young (Allocation Failure)
[1237.604s][info][gc,heap        ] GC(850) PSYoungGen: 690365K->2219K(692736K)
[1237.604s][info][gc,heap        ] GC(850) PSOldGen: 105237K->107461K(1398272K)
[1237.604s][info][gc,metaspace   ] GC(850) Metaspace: 91560K(98736K)->91560K(98736K) NonClass: 79977K(83888K)->79977K(83888K) Class: 11583K(14848K)->11583K(14848K)
[1237.604s][info][gc             ] GC(850) Pause Young (Allocation Failure) 776M->107M(2042M) 2.589ms
[1237.604s][info][gc,cpu         ] GC(850) User=0.00s Sys=0.00s Real=0.00s
[1239.841s][info][gc,start       ] GC(851) Pause Young (Allocation Failure)
[1239.843s][info][gc,heap        ] GC(851) PSYoungGen: 689323K->2424K(693248K)
[1239.843s][info][gc,heap        ] GC(851) PSOldGen: 107461K->109076K(1398272K)
[1239.843s][info][gc,metaspace   ] GC(851) Metaspace: 91561K(98736K)->91561K(98736K) NonClass: 79977K(83888K)->79977K(83888K) Class: 11583K(14848K)->11583K(14848K)
[1239.843s][info][gc             ] GC(851) Pause Young (Allocation Failure) 778M->108M(2042M) 2.263ms
[1239.843s][info][gc,cpu         ] GC(851) User=0.00s Sys=0.00s Real=0.00s
[1240.457s][info][gc,start       ] GC(852) Pause Young (Allocation Failure)
[1240.461s][info][gc,heap        ] GC(852) PSYoungGen: 686545K->5366K(693248K)
[1240.461s][info][gc,heap        ] GC(852) PSOldGen: 109076K->126894K(1398272K)
[1240.461s][info][gc,metaspace   ] GC(852) Metaspace: 91561K(98736K)->91561K(98736K) NonClass: 79977K(83888K)->79977K(83888K) Class: 11583K(14848K)->11583K(14848K)
[1240.461s][info][gc             ] GC(852) Pause Young (Allocation Failure) 776M->129M(2042M) 4.352ms
[1240.462s][info][gc,cpu         ] GC(852) User=0.00s Sys=0.00s Real=0.01s
[1242.169s][info][gc,start       ] GC(853) Pause Young (Allocation Failure)
[1242.171s][info][gc,heap        ] GC(853) PSYoungGen: 692982K->3307K(692224K)
[1242.172s][info][gc,heap        ] GC(853) PSOldGen: 126894K->129843K(1398272K)
[1242.172s][info][gc,metaspace   ] GC(853) Metaspace: 91561K(98736K)->91561K(98736K) NonClass: 79977K(83888K)->79977K(83888K) Class: 11583K(14848K)->11583K(14848K)
[1242.172s][info][gc             ] GC(853) Pause Young (Allocation Failure) 800M->130M(2041M) 2.816ms
[1242.172s][info][gc,cpu         ] GC(853) User=0.00s Sys=0.00s Real=0.00s
[1244.457s][info][gc,start       ] GC(854) Pause Young (Allocation Failure)
[1244.460s][info][gc,heap        ] GC(854) PSYoungGen: 689899K->2874K(692736K)
[1244.460s][info][gc,heap        ] GC(854) PSOldGen: 129843K->131617K(1398272K)
[1244.460s][info][gc,metaspace   ] GC(854) Metaspace: 91561K(98736K)->91561K(98736K) NonClass: 79977K(83888K)->79977K(83888K) Class: 11583K(14848K)->11583K(14848K)
[1244.460s][info][gc             ] GC(854) Pause Young (Allocation Failure) 800M->131M(2042M) 3.628ms
[1244.460s][info][gc,cpu         ] GC(854) User=0.00s Sys=0.00s Real=0.00s
[1246.072s][info][gc,start       ] GC(855) Pause Young (Allocation Failure)
[1246.074s][info][gc,heap        ] GC(855) PSYoungGen: 689466K->2948K(693248K)
[1246.074s][info][gc,heap        ] GC(855) PSOldGen: 131617K->133440K(1398272K)
[1246.074s][info][gc,metaspace   ] GC(855) Metaspace: 91561K(98736K)->91561K(98736K) NonClass: 79977K(83888K)->79977K(83888K) Class: 11583K(14848K)->11583K(14848K)
[1246.074s][info][gc             ] GC(855) Pause Young (Allocation Failure) 801M->133M(2042M) 2.522ms
[1246.074s][info][gc,cpu         ] GC(855) User=0.00s Sys=0.00s Real=0.00s
[1246.833s][info][gc,start       ] GC(856) Pause Young (Allocation Failure)
[1246.835s][info][gc,heap        ] GC(856) PSYoungGen: 690564K->3436K(693248K)
[1246.835s][info][gc,heap        ] GC(856) PSOldGen: 133440K->135436K(1398272K)
[1246.835s][info][gc,metaspace   ] GC(856) Metaspace: 91561K(98736K)->91561K(98736K) NonClass: 79977K(83888K)->79977K(83888K) Class: 11583K(14848K)->11583K(14848K)
[1246.835s][info][gc             ] GC(856) Pause Young (Allocation Failure) 804M->135M(2042M) 2.579ms
[1246.835s][info][gc,cpu         ] GC(856) User=0.00s Sys=0.00s Real=0.00s
[1249.024s][info][gc,start       ] GC(857) Pause Young (Allocation Failure)
[1249.027s][info][gc,heap        ] GC(857) PSYoungGen: 690436K->3383K(693760K)
[1249.027s][info][gc,heap        ] GC(857) PSOldGen: 135436K->138348K(1398272K)
[1249.027s][info][gc,metaspace   ] GC(857) Metaspace: 91561K(98736K)->91561K(98736K) NonClass: 79977K(83888K)->79977K(83888K) Class: 11583K(14848K)->11583K(14848K)
[1249.027s][info][gc             ] GC(857) Pause Young (Allocation Failure) 806M->138M(2043M) 2.989ms
[1249.027s][info][gc,cpu         ] GC(857) User=0.00s Sys=0.00s Real=0.01s
[1249.659s][info][gc,start       ] GC(858) Pause Young (Allocation Failure)
[1249.663s][info][gc,heap        ] GC(858) PSYoungGen: 691511K->2549K(693248K)
[1249.663s][info][gc,heap        ] GC(858) PSOldGen: 138348K->140842K(1398272K)
[1249.663s][info][gc,metaspace   ] GC(858) Metaspace: 91561K(98736K)->91561K(98736K) NonClass: 79977K(83888K)->79977K(83888K) Class: 11583K(14848K)->11583K(14848K)
[1249.663s][info][gc             ] GC(858) Pause Young (Allocation Failure) 810M->140M(2042M) 3.125ms
[1249.663s][info][gc,cpu         ] GC(858) User=0.00s Sys=0.00s Real=0.01s
[1251.841s][info][gc,start       ] GC(859) Pause Young (Allocation Failure)
[1251.844s][info][gc,heap        ] GC(859) PSYoungGen: 690677K->4925K(692736K)
[1251.844s][info][gc,heap        ] GC(859) PSOldGen: 140842K->142442K(1398272K)
[1251.844s][info][gc,metaspace   ] GC(859) Metaspace: 91562K(98736K)->91562K(98736K) NonClass: 79977K(83888K)->79977K(83888K) Class: 11584K(14848K)->11584K(14848K)
[1251.844s][info][gc             ] GC(859) Pause Young (Allocation Failure) 812M->143M(2042M) 3.106ms
[1251.844s][info][gc,cpu         ] GC(859) User=0.00s Sys=0.00s Real=0.00s
[1252.803s][info][gc,start       ] GC(860) Pause Young (Allocation Failure)
[1252.807s][info][gc,heap        ] GC(860) PSYoungGen: 692462K->3618K(693248K)
[1252.807s][info][gc,heap        ] GC(860) PSOldGen: 142442K->148929K(1398272K)
[1252.807s][info][gc,metaspace   ] GC(860) Metaspace: 91562K(98736K)->91562K(98736K) NonClass: 79977K(83888K)->79977K(83888K) Class: 11584K(14848K)->11584K(14848K)
[1252.807s][info][gc             ] GC(860) Pause Young (Allocation Failure) 815M->148M(2042M) 3.544ms
[1252.807s][info][gc,cpu         ] GC(860) User=0.00s Sys=0.00s Real=0.00s
[1254.053s][info][gc,start       ] GC(861) Pause Young (Allocation Failure)
[1254.056s][info][gc,heap        ] GC(861) PSYoungGen: 691234K->3605K(693248K)
[1254.056s][info][gc,heap        ] GC(861) PSOldGen: 148929K->151376K(1398272K)
[1254.056s][info][gc,metaspace   ] GC(861) Metaspace: 91562K(98736K)->91562K(98736K) NonClass: 79977K(83888K)->79977K(83888K) Class: 11584K(14848K)->11584K(14848K)
[1254.056s][info][gc             ] GC(861) Pause Young (Allocation Failure) 820M->151M(2042M) 2.719ms
[1254.056s][info][gc,cpu         ] GC(861) User=0.00s Sys=0.00s Real=0.00s
[1255.837s][info][gc,start       ] GC(862) Pause Young (Allocation Failure)
[1255.841s][info][gc,heap        ] GC(862) PSYoungGen: 691221K->5439K(693248K)
[1255.841s][info][gc,heap        ] GC(862) PSOldGen: 151376K->154022K(1398272K)
[1255.841s][info][gc,metaspace   ] GC(862) Metaspace: 91562K(98736K)->91562K(98736K) NonClass: 79977K(83888K)->79977K(83888K) Class: 11584K(14848K)->11584K(14848K)
[1255.841s][info][gc             ] GC(862) Pause Young (Allocation Failure) 822M->155M(2042M) 3.493ms
[1255.841s][info][gc,cpu         ] GC(862) User=0.00s Sys=0.00s Real=0.00s
[1256.576s][info][gc,start       ] GC(863) Pause Young (Allocation Failure)
[1256.579s][info][gc,heap        ] GC(863) PSYoungGen: 693055K->3216K(692224K)
[1256.579s][info][gc,heap        ] GC(863) PSOldGen: 154022K->156384K(1398272K)
[1256.579s][info][gc,metaspace   ] GC(863) Metaspace: 91562K(98736K)->91562K(98736K) NonClass: 79977K(83888K)->79977K(83888K) Class: 11584K(14848K)->11584K(14848K)
[1256.579s][info][gc             ] GC(863) Pause Young (Allocation Failure) 827M->155M(2041M) 2.919ms
[1256.579s][info][gc,cpu         ] GC(863) User=0.00s Sys=0.00s Real=0.01s
[1258.904s][info][gc,start       ] GC(864) Pause Young (Allocation Failure)
[1258.907s][info][gc,heap        ] GC(864) PSYoungGen: 689808K->3657K(692736K)
[1258.907s][info][gc,heap        ] GC(864) PSOldGen: 156384K->159157K(1398272K)
[1258.907s][info][gc,metaspace   ] GC(864) Metaspace: 91562K(98736K)->91562K(98736K) NonClass: 79977K(83888K)->79977K(83888K) Class: 11584K(14848K)->11584K(14848K)
[1258.907s][info][gc             ] GC(864) Pause Young (Allocation Failure) 826M->158M(2042M) 2.845ms
[1258.907s][info][gc,cpu         ] GC(864) User=0.00s Sys=0.00s Real=0.00s
[1259.730s][info][gc,start       ] GC(865) Pause Young (Allocation Failure)
[1259.732s][info][gc,heap        ] GC(865) PSYoungGen: 690249K->3071K(693248K)
[1259.732s][info][gc,heap        ] GC(865) PSOldGen: 159157K->161335K(1398272K)
[1259.732s][info][gc,metaspace   ] GC(865) Metaspace: 91563K(98736K)->91563K(98736K) NonClass: 79979K(83888K)->79979K(83888K) Class: 11584K(14848K)->11584K(14848K)
[1259.732s][info][gc             ] GC(865) Pause Young (Allocation Failure) 829M->160M(2042M) 2.956ms
[1259.733s][info][gc,cpu         ] GC(865) User=0.00s Sys=0.00s Real=0.00s
[1259.735s][info][gc,start       ] GC(866) Pause Young (System.gc())
[1259.737s][info][gc,heap        ] GC(866) PSYoungGen: 18116K->192K(688128K)
[1259.737s][info][gc,heap        ] GC(866) PSOldGen: 161335K->162872K(1398272K)
[1259.737s][info][gc,metaspace   ] GC(866) Metaspace: 91563K(98736K)->91563K(98736K) NonClass: 79979K(83888K)->79979K(83888K) Class: 11584K(14848K)->11584K(14848K)
[1259.737s][info][gc             ] GC(866) Pause Young (System.gc()) 175M->159M(2037M) 1.906ms
[1259.737s][info][gc,cpu         ] GC(866) User=0.00s Sys=0.02s Real=0.00s
[1259.737s][info][gc,start       ] GC(867) Pause Full (System.gc())
[1259.739s][info][gc,phases,start] GC(867) Phase 1: Mark live objects
[1259.795s][info][gc,phases      ] GC(867) Phase 1: Mark live objects 56.169ms
[1259.795s][info][gc,phases,start] GC(867) Phase 2: Compute new object addresses
[1259.809s][info][gc,phases      ] GC(867) Phase 2: Compute new object addresses 14.043ms
[1259.809s][info][gc,phases,start] GC(867) Phase 3: Adjust pointers
[1259.845s][info][gc,phases      ] GC(867) Phase 3: Adjust pointers 36.159ms
[1259.845s][info][gc,phases,start] GC(867) Phase 4: Move objects
[1259.848s][info][gc,phases      ] GC(867) Phase 4: Move objects 2.678ms
[1259.851s][info][gc,heap        ] GC(867) PSYoungGen: 192K->0K(688128K)
[1259.851s][info][gc,heap        ] GC(867) PSOldGen: 162872K->153437K(1398272K)
[1259.851s][info][gc,metaspace   ] GC(867) Metaspace: 91563K(98736K)->91563K(98736K) NonClass: 79979K(83888K)->79979K(83888K) Class: 11584K(14848K)->11584K(14848K)
[1259.851s][info][gc             ] GC(867) Pause Full (System.gc()) 159M->149M(2037M) 113.387ms
[1259.851s][info][gc,cpu         ] GC(867) User=0.11s Sys=0.00s Real=0.11s
[1260.753s][info][gc,start       ] GC(868) Pause Young (Allocation Failure)
[1260.756s][info][gc,heap        ] GC(868) PSYoungGen: 687616K->3581K(692736K)
[1260.756s][info][gc,heap        ] GC(868) PSOldGen: 153437K->153437K(1398272K)
[1260.756s][info][gc,metaspace   ] GC(868) Metaspace: 91563K(98736K)->91563K(98736K) NonClass: 79979K(83888K)->79979K(83888K) Class: 11584K(14848K)->11584K(14848K)
[1260.756s][info][gc             ] GC(868) Pause Young (Allocation Failure) 821M->153M(2042M) 2.956ms
[1260.756s][info][gc,cpu         ] GC(868) User=0.00s Sys=0.00s Real=0.00s
[1263.126s][info][gc,start       ] GC(869) Pause Young (Allocation Failure)
[1263.128s][info][gc,heap        ] GC(869) PSYoungGen: 690173K->2231K(692736K)
[1263.128s][info][gc,heap        ] GC(869) PSOldGen: 153437K->156028K(1398272K)
[1263.128s][info][gc,metaspace   ] GC(869) Metaspace: 91564K(98736K)->91564K(98736K) NonClass: 79980K(83888K)->79980K(83888K) Class: 11584K(14848K)->11584K(14848K)
[1263.128s][info][gc             ] GC(869) Pause Young (Allocation Failure) 823M->154M(2042M) 2.650ms
[1263.128s][info][gc,cpu         ] GC(869) User=0.02s Sys=0.00s Real=0.00s
[1265.213s][info][gc,start       ] GC(870) Pause Young (Allocation Failure)
[1265.215s][info][gc,heap        ] GC(870) PSYoungGen: 688823K->2796K(693248K)
[1265.215s][info][gc,heap        ] GC(870) PSOldGen: 156028K->157489K(1398272K)
[1265.215s][info][gc,metaspace   ] GC(870) Metaspace: 91564K(98736K)->91564K(98736K) NonClass: 79980K(83888K)->79980K(83888K) Class: 11584K(14848K)->11584K(14848K)
[1265.215s][info][gc             ] GC(870) Pause Young (Allocation Failure) 825M->156M(2042M) 2.317ms
[1265.215s][info][gc,cpu         ] GC(870) User=0.00s Sys=0.00s Real=0.00s
[1265.846s][info][gc,start       ] GC(871) Pause Young (Allocation Failure)
[1265.850s][info][gc,heap        ] GC(871) PSYoungGen: 688806K->5366K(693248K)
[1265.850s][info][gc,heap        ] GC(871) PSOldGen: 157489K->175324K(1398272K)
[1265.850s][info][gc,metaspace   ] GC(871) Metaspace: 91564K(98736K)->91564K(98736K) NonClass: 79980K(83888K)->79980K(83888K) Class: 11584K(14848K)->11584K(14848K)
[1265.850s][info][gc             ] GC(871) Pause Young (Allocation Failure) 826M->176M(2042M) 4.048ms
[1265.850s][info][gc,cpu         ] GC(871) User=0.00s Sys=0.00s Real=0.01s
[1267.537s][info][gc,start       ] GC(872) Pause Young (Allocation Failure)
[1267.541s][info][gc,heap        ] GC(872) PSYoungGen: 692982K->4008K(692224K)
[1267.541s][info][gc,heap        ] GC(872) PSOldGen: 175324K->177993K(1398272K)
[1267.541s][info][gc,metaspace   ] GC(872) Metaspace: 91564K(98736K)->91564K(98736K) NonClass: 79980K(83888K)->79980K(83888K) Class: 11584K(14848K)->11584K(14848K)
[1267.541s][info][gc             ] GC(872) Pause Young (Allocation Failure) 847M->177M(2041M) 3.799ms
[1267.541s][info][gc,cpu         ] GC(872) User=0.00s Sys=0.00s Real=0.00s
[1269.925s][info][gc,start       ] GC(873) Pause Young (Allocation Failure)
[1269.928s][info][gc,heap        ] GC(873) PSYoungGen: 690600K->6127K(692736K)
[1269.928s][info][gc,heap        ] GC(873) PSOldGen: 177993K->179831K(1398272K)
[1269.928s][info][gc,metaspace   ] GC(873) Metaspace: 91564K(98736K)->91564K(98736K) NonClass: 79980K(83888K)->79980K(83888K) Class: 11584K(14848K)->11584K(14848K)
[1269.928s][info][gc             ] GC(873) Pause Young (Allocation Failure) 848M->181M(2042M) 3.297ms
[1269.928s][info][gc,cpu         ] GC(873) User=0.00s Sys=0.00s Real=0.00s
[1271.479s][info][gc,start       ] GC(874) Pause Young (Allocation Failure)
[1271.481s][info][gc,heap        ] GC(874) PSYoungGen: 692719K->2806K(691712K)
[1271.481s][info][gc,heap        ] GC(874) PSOldGen: 179831K->181723K(1398272K)
[1271.481s][info][gc,metaspace   ] GC(874) Metaspace: 91564K(98736K)->91564K(98736K) NonClass: 79980K(83888K)->79980K(83888K) Class: 11584K(14848K)->11584K(14848K)
[1271.481s][info][gc             ] GC(874) Pause Young (Allocation Failure) 852M->180M(2041M) 2.711ms
[1271.481s][info][gc,cpu         ] GC(874) User=0.00s Sys=0.00s Real=0.00s
[1272.251s][info][gc,start       ] GC(875) Pause Young (Allocation Failure)
[1272.254s][info][gc,heap        ] GC(875) PSYoungGen: 688374K->3403K(692224K)
[1272.254s][info][gc,heap        ] GC(875) PSOldGen: 181723K->183981K(1398272K)
[1272.254s][info][gc,metaspace   ] GC(875) Metaspace: 91564K(98736K)->91564K(98736K) NonClass: 79980K(83888K)->79980K(83888K) Class: 11584K(14848K)->11584K(14848K)
[1272.254s][info][gc             ] GC(875) Pause Young (Allocation Failure) 849M->182M(2041M) 2.959ms
[1272.254s][info][gc,cpu         ] GC(875) User=0.02s Sys=0.00s Real=0.02s
[1274.741s][info][gc,start       ] GC(876) Pause Young (Allocation Failure)
[1274.744s][info][gc,heap        ] GC(876) PSYoungGen: 688971K->2326K(692224K)
[1274.744s][info][gc,heap        ] GC(876) PSOldGen: 183981K->186167K(1398272K)
[1274.744s][info][gc,metaspace   ] GC(876) Metaspace: 91564K(98736K)->91564K(98736K) NonClass: 79980K(83888K)->79980K(83888K) Class: 11584K(14848K)->11584K(14848K)
[1274.744s][info][gc             ] GC(876) Pause Young (Allocation Failure) 852M->184M(2041M) 2.623ms
[1274.744s][info][gc,cpu         ] GC(876) User=0.00s Sys=0.00s Real=0.00s
[1276.942s][info][gc,start       ] GC(877) Pause Young (Allocation Failure)
[1276.948s][info][gc,heap        ] GC(877) PSYoungGen: 687894K->3296K(692224K)
[1276.948s][info][gc,heap        ] GC(877) PSOldGen: 186167K->187883K(1398272K)
[1276.948s][info][gc,metaspace   ] GC(877) Metaspace: 91564K(98736K)->91564K(98736K) NonClass: 79980K(83888K)->79980K(83888K) Class: 11584K(14848K)->11584K(14848K)
[1276.948s][info][gc             ] GC(877) Pause Young (Allocation Failure) 853M->186M(2041M) 6.236ms
[1276.948s][info][gc,cpu         ] GC(877) User=0.00s Sys=0.00s Real=0.00s
[1277.555s][info][gc,start       ] GC(878) Pause Young (Allocation Failure)
[1277.559s][info][gc,heap        ] GC(878) PSYoungGen: 687480K->5495K(691712K)
[1277.559s][info][gc,heap        ] GC(878) PSOldGen: 187883K->201653K(1398272K)
[1277.559s][info][gc,metaspace   ] GC(878) Metaspace: 91564K(98736K)->91564K(98736K) NonClass: 79980K(83888K)->79980K(83888K) Class: 11584K(14848K)->11584K(14848K)
[1277.559s][info][gc             ] GC(878) Pause Young (Allocation Failure) 854M->202M(2041M) 4.237ms
[1277.559s][info][gc,cpu         ] GC(878) User=0.00s Sys=0.00s Real=0.00s
[1279.343s][info][gc,start       ] GC(879) Pause Young (Allocation Failure)
[1279.346s][info][gc,heap        ] GC(879) PSYoungGen: 691063K->4562K(692224K)
[1279.346s][info][gc,heap        ] GC(879) PSOldGen: 201653K->204611K(1398272K)
[1279.346s][info][gc,metaspace   ] GC(879) Metaspace: 91564K(98736K)->91564K(98736K) NonClass: 79980K(83888K)->79980K(83888K) Class: 11584K(14848K)->11584K(14848K)
[1279.346s][info][gc             ] GC(879) Pause Young (Allocation Failure) 871M->204M(2041M) 3.023ms
[1279.346s][info][gc,cpu         ] GC(879) User=0.09s Sys=0.00s Real=0.00s
[1281.633s][info][gc,start       ] GC(880) Pause Young (Allocation Failure)
[1281.635s][info][gc,heap        ] GC(880) PSYoungGen: 690130K->2879K(692224K)
[1281.635s][info][gc,heap        ] GC(880) PSOldGen: 204611K->206401K(1398272K)
[1281.635s][info][gc,metaspace   ] GC(880) Metaspace: 91564K(98736K)->91564K(98736K) NonClass: 79980K(83888K)->79980K(83888K) Class: 11584K(14848K)->11584K(14848K)
[1281.635s][info][gc             ] GC(880) Pause Young (Allocation Failure) 873M->204M(2041M) 2.614ms
[1281.635s][info][gc,cpu         ] GC(880) User=0.00s Sys=0.00s Real=0.00s
[1283.231s][info][gc,start       ] GC(881) Pause Young (Allocation Failure)
[1283.234s][info][gc,heap        ] GC(881) PSYoungGen: 688447K->4677K(692224K)
[1283.234s][info][gc,heap        ] GC(881) PSOldGen: 206401K->208262K(1398272K)
[1283.234s][info][gc,metaspace   ] GC(881) Metaspace: 91564K(98736K)->91564K(98736K) NonClass: 79980K(83888K)->79980K(83888K) Class: 11584K(14848K)->11584K(14848K)
[1283.234s][info][gc             ] GC(881) Pause Young (Allocation Failure) 873M->207M(2041M) 2.961ms
[1283.234s][info][gc,cpu         ] GC(881) User=0.00s Sys=0.00s Real=0.00s
[1284.005s][info][gc,start       ] GC(882) Pause Young (Allocation Failure)
[1284.008s][info][gc,heap        ] GC(882) PSYoungGen: 690245K->3400K(692224K)
[1284.008s][info][gc,heap        ] GC(882) PSOldGen: 208262K->210350K(1398272K)
[1284.008s][info][gc,metaspace   ] GC(882) Metaspace: 91564K(98736K)->91564K(98736K) NonClass: 79980K(83888K)->79980K(83888K) Class: 11584K(14848K)->11584K(14848K)
[1284.008s][info][gc             ] GC(882) Pause Young (Allocation Failure) 877M->208M(2041M) 2.775ms
[1284.008s][info][gc,cpu         ] GC(882) User=0.00s Sys=0.00s Real=0.00s
[1286.144s][info][gc,start       ] GC(883) Pause Young (Allocation Failure)
[1286.148s][info][gc,heap        ] GC(883) PSYoungGen: 688968K->4772K(692224K)
[1286.148s][info][gc,heap        ] GC(883) PSOldGen: 210350K->213265K(1398272K)
[1286.148s][info][gc,metaspace   ] GC(883) Metaspace: 91564K(98736K)->91564K(98736K) NonClass: 79980K(83888K)->79980K(83888K) Class: 11584K(14848K)->11584K(14848K)
[1286.148s][info][gc             ] GC(883) Pause Young (Allocation Failure) 878M->212M(2041M) 3.795ms
[1286.148s][info][gc,cpu         ] GC(883) User=0.00s Sys=0.00s Real=0.00s
[1286.815s][info][gc,start       ] GC(884) Pause Young (Allocation Failure)
[1286.817s][info][gc,heap        ] GC(884) PSYoungGen: 690340K->2485K(692224K)
[1286.817s][info][gc,heap        ] GC(884) PSOldGen: 213265K->215799K(1398272K)
[1286.818s][info][gc,metaspace   ] GC(884) Metaspace: 91564K(98736K)->91564K(98736K) NonClass: 79980K(83888K)->79980K(83888K) Class: 11584K(14848K)->11584K(14848K)
[1286.818s][info][gc             ] GC(884) Pause Young (Allocation Failure) 882M->213M(2041M) 2.515ms
[1286.818s][info][gc,cpu         ] GC(884) User=0.00s Sys=0.00s Real=0.00s
[1289.018s][info][gc,start       ] GC(885) Pause Young (GCLocker Initiated GC)
[1289.021s][info][gc,heap        ] GC(885) PSYoungGen: 688053K->4755K(692224K)
[1289.021s][info][gc,heap        ] GC(885) PSOldGen: 215800K->217388K(1398272K)
[1289.021s][info][gc,metaspace   ] GC(885) Metaspace: 91564K(98736K)->91564K(98736K) NonClass: 79980K(83888K)->79980K(83888K) Class: 11584K(14848K)->11584K(14848K)
[1289.021s][info][gc             ] GC(885) Pause Young (GCLocker Initiated GC) 882M->216M(2041M) 2.862ms
[1289.021s][info][gc,cpu         ] GC(885) User=0.00s Sys=0.00s Real=0.01s
[1289.994s][info][gc,start       ] GC(886) Pause Young (Allocation Failure)
[1289.998s][info][gc,heap        ] GC(886) PSYoungGen: 690323K->3298K(692224K)
[1289.998s][info][gc,heap        ] GC(886) PSOldGen: 218414K->220983K(1398272K)
[1289.998s][info][gc,metaspace   ] GC(886) Metaspace: 91564K(98736K)->91564K(98736K) NonClass: 79980K(83888K)->79980K(83888K) Class: 11584K(14848K)->11584K(14848K)
[1289.998s][info][gc             ] GC(886) Pause Young (Allocation Failure) 887M->219M(2041M) 3.515ms
[1289.998s][info][gc,cpu         ] GC(886) User=0.00s Sys=0.00s Real=0.00s
[1291.240s][info][gc,start       ] GC(887) Pause Young (Allocation Failure)
[1291.243s][info][gc,heap        ] GC(887) PSYoungGen: 686479K->3312K(692224K)
[1291.243s][info][gc,heap        ] GC(887) PSOldGen: 220983K->223413K(1398272K)
[1291.243s][info][gc,metaspace   ] GC(887) Metaspace: 91564K(98736K)->91564K(98736K) NonClass: 79980K(83888K)->79980K(83888K) Class: 11584K(14848K)->11584K(14848K)
[1291.243s][info][gc             ] GC(887) Pause Young (Allocation Failure) 886M->221M(2041M) 2.939ms
[1291.243s][info][gc,cpu         ] GC(887) User=0.00s Sys=0.00s Real=0.01s
[1293.022s][info][gc,start       ] GC(888) Pause Young (Allocation Failure)
[1293.026s][info][gc,heap        ] GC(888) PSYoungGen: 688880K->4551K(692224K)
[1293.026s][info][gc,heap        ] GC(888) PSOldGen: 223413K->226177K(1398272K)
[1293.026s][info][gc,metaspace   ] GC(888) Metaspace: 91564K(98736K)->91564K(98736K) NonClass: 79980K(83888K)->79980K(83888K) Class: 11584K(14848K)->11584K(14848K)
[1293.026s][info][gc             ] GC(888) Pause Young (Allocation Failure) 890M->225M(2041M) 3.707ms
[1293.026s][info][gc,cpu         ] GC(888) User=0.00s Sys=0.00s Real=0.00s
[1293.764s][info][gc,start       ] GC(889) Pause Young (Allocation Failure)
[1293.767s][info][gc,heap        ] GC(889) PSYoungGen: 690119K->3149K(692224K)
[1293.767s][info][gc,heap        ] GC(889) PSOldGen: 226177K->228605K(1398272K)
[1293.767s][info][gc,metaspace   ] GC(889) Metaspace: 91564K(98736K)->91564K(98736K) NonClass: 79980K(83888K)->79980K(83888K) Class: 11584K(14848K)->11584K(14848K)
[1293.767s][info][gc             ] GC(889) Pause Young (Allocation Failure) 894M->226M(2041M) 3.039ms
[1293.767s][info][gc,cpu         ] GC(889) User=0.00s Sys=0.00s Real=0.00s
[1296.052s][info][gc,start       ] GC(890) Pause Young (Allocation Failure)
[1296.055s][info][gc,heap        ] GC(890) PSYoungGen: 688717K->3532K(692736K)
[1296.055s][info][gc,heap        ] GC(890) PSOldGen: 228605K->231340K(1398272K)
[1296.055s][info][gc,metaspace   ] GC(890) Metaspace: 91564K(98736K)->91564K(98736K) NonClass: 79980K(83888K)->79980K(83888K) Class: 11584K(14848K)->11584K(14848K)
[1296.055s][info][gc             ] GC(890) Pause Young (Allocation Failure) 895M->229M(2042M) 2.955ms
[1296.055s][info][gc,cpu         ] GC(890) User=0.00s Sys=0.00s Real=0.00s
[1296.893s][info][gc,start       ] GC(891) Pause Young (Allocation Failure)
[1296.895s][info][gc,heap        ] GC(891) PSYoungGen: 690124K->3039K(692736K)
[1296.896s][info][gc,heap        ] GC(891) PSOldGen: 231340K->233142K(1398272K)
[1296.896s][info][gc,metaspace   ] GC(891) Metaspace: 91564K(98736K)->91564K(98736K) NonClass: 79980K(83888K)->79980K(83888K) Class: 11584K(14848K)->11584K(14848K)
[1296.896s][info][gc             ] GC(891) Pause Young (Allocation Failure) 899M->230M(2042M) 2.910ms
[1296.896s][info][gc,cpu         ] GC(891) User=0.00s Sys=0.00s Real=0.00s
[1296.901s][info][gc,start       ] GC(892) Pause Young (System.gc())
[1296.903s][info][gc,heap        ] GC(892) PSYoungGen: 28242K->192K(692736K)
[1296.903s][info][gc,heap        ] GC(892) PSOldGen: 233142K->234900K(1398272K)
[1296.903s][info][gc,metaspace   ] GC(892) Metaspace: 91564K(98736K)->91564K(98736K) NonClass: 79980K(83888K)->79980K(83888K) Class: 11584K(14848K)->11584K(14848K)
[1296.903s][info][gc             ] GC(892) Pause Young (System.gc()) 255M->229M(2042M) 2.051ms
[1296.903s][info][gc,cpu         ] GC(892) User=0.00s Sys=0.00s Real=0.00s
[1296.903s][info][gc,start       ] GC(893) Pause Full (System.gc())
[1296.907s][info][gc,phases,start] GC(893) Phase 1: Mark live objects
[1296.964s][info][gc,phases      ] GC(893) Phase 1: Mark live objects 56.612ms
[1296.964s][info][gc,phases,start] GC(893) Phase 2: Compute new object addresses
[1296.979s][info][gc,phases      ] GC(893) Phase 2: Compute new object addresses 14.585ms
[1296.979s][info][gc,phases,start] GC(893) Phase 3: Adjust pointers
[1297.016s][info][gc,phases      ] GC(893) Phase 3: Adjust pointers 36.924ms
[1297.016s][info][gc,phases,start] GC(893) Phase 4: Move objects
[1297.023s][info][gc,phases      ] GC(893) Phase 4: Move objects 7.116ms
[1297.025s][info][gc,heap        ] GC(893) PSYoungGen: 192K->0K(692736K)
[1297.025s][info][gc,heap        ] GC(893) PSOldGen: 234900K->150280K(1398272K)
[1297.025s][info][gc,metaspace   ] GC(893) Metaspace: 91564K(98736K)->91564K(98736K) NonClass: 79980K(83888K)->79980K(83888K) Class: 11584K(14848K)->11584K(14848K)
[1297.025s][info][gc             ] GC(893) Pause Full (System.gc()) 229M->146M(2042M) 121.852ms
[1297.025s][info][gc,cpu         ] GC(893) User=0.12s Sys=0.00s Real=0.12s
[1297.922s][info][gc,start       ] GC(894) Pause Young (Allocation Failure)
[1297.925s][info][gc,heap        ] GC(894) PSYoungGen: 686592K->3609K(692736K)
[1297.925s][info][gc,heap        ] GC(894) PSOldGen: 150280K->150280K(1398272K)
[1297.925s][info][gc,metaspace   ] GC(894) Metaspace: 91564K(98736K)->91564K(98736K) NonClass: 79980K(83888K)->79980K(83888K) Class: 11584K(14848K)->11584K(14848K)
[1297.925s][info][gc             ] GC(894) Pause Young (Allocation Failure) 817M->150M(2042M) 2.858ms
[1297.925s][info][gc,cpu         ] GC(894) User=0.05s Sys=0.02s Real=0.00s
[1300.308s][info][gc,start       ] GC(895) Pause Young (Allocation Failure)
[1300.311s][info][gc,heap        ] GC(895) PSYoungGen: 690201K->2198K(692736K)
[1300.311s][info][gc,heap        ] GC(895) PSOldGen: 150280K->152843K(1398272K)
[1300.311s][info][gc,metaspace   ] GC(895) Metaspace: 91566K(98736K)->91566K(98736K) NonClass: 79982K(83888K)->79982K(83888K) Class: 11584K(14848K)->11584K(14848K)
[1300.311s][info][gc             ] GC(895) Pause Young (Allocation Failure) 820M->151M(2042M) 2.483ms
[1300.311s][info][gc,cpu         ] GC(895) User=0.00s Sys=0.00s Real=0.00s
[1302.435s][info][gc,start       ] GC(896) Pause Young (Allocation Failure)
[1302.438s][info][gc,heap        ] GC(896) PSYoungGen: 688790K->2572K(692736K)
[1302.438s][info][gc,heap        ] GC(896) PSOldGen: 152843K->154386K(1398272K)
[1302.438s][info][gc,metaspace   ] GC(896) Metaspace: 91581K(98736K)->91581K(98736K) NonClass: 79997K(83888K)->79997K(83888K) Class: 11584K(14848K)->11584K(14848K)
[1302.438s][info][gc             ] GC(896) Pause Young (Allocation Failure) 821M->153M(2042M) 2.548ms
[1302.438s][info][gc,cpu         ] GC(896) User=0.00s Sys=0.00s Real=0.00s
[1303.065s][info][gc,start       ] GC(897) Pause Young (Allocation Failure)
[1303.068s][info][gc,heap        ] GC(897) PSYoungGen: 685262K->6133K(682496K)
[1303.068s][info][gc,heap        ] GC(897) PSOldGen: 154386K->166987K(1398272K)
[1303.068s][info][gc,metaspace   ] GC(897) Metaspace: 91581K(98736K)->91581K(98736K) NonClass: 79997K(83888K)->79997K(83888K) Class: 11584K(14848K)->11584K(14848K)
[1303.068s][info][gc             ] GC(897) Pause Young (Allocation Failure) 819M->169M(2032M) 3.931ms
[1303.069s][info][gc,cpu         ] GC(897) User=0.00s Sys=0.00s Real=0.00s
[1304.747s][info][gc,start       ] GC(898) Pause Young (Allocation Failure)
[1304.750s][info][gc,heap        ] GC(898) PSYoungGen: 682485K->6992K(683520K)
[1304.750s][info][gc,heap        ] GC(898) PSOldGen: 166987K->168826K(1398272K)
[1304.750s][info][gc,metaspace   ] GC(898) Metaspace: 91581K(98736K)->91581K(98736K) NonClass: 79997K(83888K)->79997K(83888K) Class: 11584K(14848K)->11584K(14848K)
[1304.750s][info][gc             ] GC(898) Pause Young (Allocation Failure) 829M->171M(2033M) 2.932ms
[1304.750s][info][gc,cpu         ] GC(898) User=0.00s Sys=0.00s Real=0.00s
[1307.084s][info][gc,start       ] GC(899) Pause Young (Allocation Failure)
[1307.088s][info][gc,heap        ] GC(899) PSYoungGen: 683196K->2905K(687616K)
[1307.088s][info][gc,heap        ] GC(899) PSOldGen: 168826K->174685K(1398272K)
[1307.088s][info][gc,metaspace   ] GC(899) Metaspace: 91581K(98736K)->91581K(98736K) NonClass: 79997K(83888K)->79997K(83888K) Class: 11584K(14848K)->11584K(14848K)
[1307.088s][info][gc             ] GC(899) Pause Young (Allocation Failure) 832M->173M(2037M) 4.056ms
[1307.088s][info][gc,cpu         ] GC(899) User=0.00s Sys=0.00s Real=0.00s
[1308.716s][info][gc,start       ] GC(900) Pause Young (Allocation Failure)
[1308.720s][info][gc,heap        ] GC(900) PSYoungGen: 678745K->6241K(687104K)
[1308.720s][info][gc,heap        ] GC(900) PSOldGen: 174685K->176541K(1398272K)
[1308.720s][info][gc,metaspace   ] GC(900) Metaspace: 91581K(98736K)->91581K(98736K) NonClass: 79997K(83888K)->79997K(83888K) Class: 11584K(14848K)->11584K(14848K)
[1308.720s][info][gc             ] GC(900) Pause Young (Allocation Failure) 833M->178M(2036M) 4.131ms
[1308.720s][info][gc,cpu         ] GC(900) User=0.00s Sys=0.00s Real=0.00s
[1309.459s][info][gc,start       ] GC(901) Pause Young (Allocation Failure)
[1309.462s][info][gc,heap        ] GC(901) PSYoungGen: 682081K->3526K(688128K)
[1309.462s][info][gc,heap        ] GC(901) PSOldGen: 176541K->178741K(1398272K)
[1309.462s][info][gc,metaspace   ] GC(901) Metaspace: 91581K(98736K)->91581K(98736K) NonClass: 79997K(83888K)->79997K(83888K) Class: 11584K(14848K)->11584K(14848K)
[1309.462s][info][gc             ] GC(901) Pause Young (Allocation Failure) 838M->177M(2037M) 2.832ms
[1309.462s][info][gc,cpu         ] GC(901) User=0.00s Sys=0.00s Real=0.00s
[1311.856s][info][gc,start       ] GC(902) Pause Young (Allocation Failure)
[1311.860s][info][gc,heap        ] GC(902) PSYoungGen: 679442K->3343K(687616K)
[1311.860s][info][gc,heap        ] GC(902) PSOldGen: 178741K->181689K(1398272K)
[1311.860s][info][gc,metaspace   ] GC(902) Metaspace: 91581K(98736K)->91581K(98736K) NonClass: 79997K(83888K)->79997K(83888K) Class: 11584K(14848K)->11584K(14848K)
[1311.860s][info][gc             ] GC(902) Pause Young (Allocation Failure) 838M->180M(2037M) 4.090ms
[1311.861s][info][gc,cpu         ] GC(902) User=0.00s Sys=0.00s Real=0.00s
[1314.006s][info][gc,start       ] GC(903) Pause Young (Allocation Failure)
[1314.008s][info][gc,heap        ] GC(903) PSYoungGen: 680207K->2948K(688640K)
[1314.008s][info][gc,heap        ] GC(903) PSOldGen: 181689K->183517K(1398272K)
[1314.009s][info][gc,metaspace   ] GC(903) Metaspace: 91581K(98736K)->91581K(98736K) NonClass: 79997K(83888K)->79997K(83888K) Class: 11584K(14848K)->11584K(14848K)
[1314.009s][info][gc             ] GC(903) Pause Young (Allocation Failure) 841M->182M(2038M) 2.971ms
[1314.009s][info][gc,cpu         ] GC(903) User=0.00s Sys=0.00s Real=0.00s
[1314.809s][info][gc,start       ] GC(904) Pause Young (Allocation Failure)
[1314.811s][info][gc,heap        ] GC(904) PSYoungGen: 680836K->4147K(688128K)
[1314.811s][info][gc,heap        ] GC(904) PSOldGen: 183517K->185017K(1398272K)
[1314.811s][info][gc,metaspace   ] GC(904) Metaspace: 91581K(98736K)->91581K(98736K) NonClass: 79997K(83888K)->79997K(83888K) Class: 11584K(14848K)->11584K(14848K)
[1314.811s][info][gc             ] GC(904) Pause Young (Allocation Failure) 844M->184M(2037M) 2.556ms
[1314.811s][info][gc,cpu         ] GC(904) User=0.00s Sys=0.00s Real=0.01s
[1316.274s][info][gc,start       ] GC(905) Pause Young (GCLocker Initiated GC)
[1316.277s][info][gc,heap        ] GC(905) PSYoungGen: 682035K->6391K(688128K)
[1316.277s][info][gc,heap        ] GC(905) PSOldGen: 185049K->188156K(1398272K)
[1316.277s][info][gc,metaspace   ] GC(905) Metaspace: 91581K(98736K)->91581K(98736K) NonClass: 79997K(83888K)->79997K(83888K) Class: 11584K(14848K)->11584K(14848K)
[1316.277s][info][gc             ] GC(905) Pause Young (GCLocker Initiated GC) 846M->189M(2037M) 3.146ms
[1316.277s][info][gc,cpu         ] GC(905) User=0.00s Sys=0.00s Real=0.01s
[1318.570s][info][gc,start       ] GC(906) Pause Young (Allocation Failure)
[1318.573s][info][gc,heap        ] GC(906) PSYoungGen: 684791K->2817K(688640K)
[1318.573s][info][gc,heap        ] GC(906) PSOldGen: 189182K->190817K(1398272K)
[1318.573s][info][gc,metaspace   ] GC(906) Metaspace: 91581K(98736K)->91581K(98736K) NonClass: 79997K(83888K)->79997K(83888K) Class: 11584K(14848K)->11584K(14848K)
[1318.573s][info][gc             ] GC(906) Pause Young (Allocation Failure) 853M->189M(2038M) 3.018ms
[1318.573s][info][gc,cpu         ] GC(906) User=0.00s Sys=0.00s Real=0.00s
[1320.426s][info][gc,start       ] GC(907) Pause Young (Allocation Failure)
[1320.430s][info][gc,heap        ] GC(907) PSYoungGen: 681217K->4413K(689664K)
[1320.430s][info][gc,heap        ] GC(907) PSOldGen: 190817K->192643K(1398272K)
[1320.430s][info][gc,metaspace   ] GC(907) Metaspace: 91581K(98736K)->91581K(98736K) NonClass: 79997K(83888K)->79997K(83888K) Class: 11584K(14848K)->11584K(14848K)
[1320.430s][info][gc             ] GC(907) Pause Young (Allocation Failure) 851M->192M(2039M) 3.617ms
[1320.430s][info][gc,cpu         ] GC(907) User=0.00s Sys=0.00s Real=0.00s
[1321.210s][info][gc,start       ] GC(908) Pause Young (Allocation Failure)
[1321.213s][info][gc,heap        ] GC(908) PSYoungGen: 684349K->3285K(689152K)
[1321.213s][info][gc,heap        ] GC(908) PSOldGen: 192643K->194908K(1398272K)
[1321.213s][info][gc,metaspace   ] GC(908) Metaspace: 91581K(98736K)->91581K(98736K) NonClass: 79997K(83888K)->79997K(83888K) Class: 11584K(14848K)->11584K(14848K)
[1321.213s][info][gc             ] GC(908) Pause Young (Allocation Failure) 856M->193M(2038M) 2.827ms
[1321.213s][info][gc,cpu         ] GC(908) User=0.00s Sys=0.00s Real=0.00s
[1323.383s][info][gc,start       ] GC(909) Pause Young (Allocation Failure)
[1323.386s][info][gc,heap        ] GC(909) PSYoungGen: 683221K->3180K(690176K)
[1323.386s][info][gc,heap        ] GC(909) PSOldGen: 194908K->197683K(1398272K)
[1323.386s][info][gc,metaspace   ] GC(909) Metaspace: 91581K(98736K)->91581K(98736K) NonClass: 79997K(83888K)->79997K(83888K) Class: 11584K(14848K)->11584K(14848K)
[1323.386s][info][gc             ] GC(909) Pause Young (Allocation Failure) 857M->196M(2039M) 2.876ms
[1323.386s][info][gc,cpu         ] GC(909) User=0.00s Sys=0.00s Real=0.00s
[1324.045s][info][gc,start       ] GC(910) Pause Young (Allocation Failure)
[1324.049s][info][gc,heap        ] GC(910) PSYoungGen: 682296K->8694K(689664K)
[1324.049s][info][gc,heap        ] GC(910) PSOldGen: 197683K->207891K(1398272K)
[1324.049s][info][gc,metaspace   ] GC(910) Metaspace: 91581K(98736K)->91581K(98736K) NonClass: 79997K(83888K)->79997K(83888K) Class: 11584K(14848K)->11584K(14848K)
[1324.049s][info][gc             ] GC(910) Pause Young (Allocation Failure) 859M->211M(2039M) 4.080ms
[1324.049s][info][gc,cpu         ] GC(910) User=0.03s Sys=0.03s Real=0.00s
[1325.735s][info][gc,start       ] GC(911) Pause Young (Allocation Failure)
[1325.738s][info][gc,heap        ] GC(911) PSYoungGen: 689654K->3386K(681472K)
[1325.738s][info][gc,heap        ] GC(911) PSOldGen: 207891K->210643K(1398272K)
[1325.738s][info][gc,metaspace   ] GC(911) Metaspace: 91581K(98736K)->91581K(98736K) NonClass: 79997K(83888K)->79997K(83888K) Class: 11584K(14848K)->11584K(14848K)
[1325.738s][info][gc             ] GC(911) Pause Young (Allocation Failure) 876M->209M(2031M) 2.793ms
[1325.738s][info][gc,cpu         ] GC(911) User=0.02s Sys=0.00s Real=0.00s
[1327.217s][info][gc,start       ] GC(912) Pause Young (Allocation Failure)
[1327.221s][info][gc,heap        ] GC(912) PSYoungGen: 671797K->12062K(684544K)
[1327.221s][info][gc,heap        ] GC(912) PSOldGen: 210643K->212848K(1398272K)
[1327.221s][info][gc,metaspace   ] GC(912) Metaspace: 91581K(98736K)->91581K(98736K) NonClass: 79997K(83888K)->79997K(83888K) Class: 11584K(14848K)->11584K(14848K)
[1327.221s][info][gc             ] GC(912) Pause Young (Allocation Failure) 861M->219M(2034M) 3.761ms
[1327.221s][info][gc,cpu         ] GC(912) User=0.06s Sys=0.00s Real=0.02s
[1327.911s][info][gc,start       ] GC(913) Pause Young (Allocation Failure)
[1327.914s][info][gc,heap        ] GC(913) PSYoungGen: 684318K->3714K(683520K)
[1327.914s][info][gc,heap        ] GC(913) PSOldGen: 212848K->215083K(1398272K)
[1327.914s][info][gc,metaspace   ] GC(913) Metaspace: 91581K(98736K)->91581K(98736K) NonClass: 79997K(83888K)->79997K(83888K) Class: 11584K(14848K)->11584K(14848K)
[1327.914s][info][gc             ] GC(913) Pause Young (Allocation Failure) 876M->213M(2033M) 2.811ms
[1327.914s][info][gc,cpu         ] GC(913) User=0.00s Sys=0.00s Real=0.02s
[1330.033s][info][gc,start       ] GC(914) Pause Young (Allocation Failure)
[1330.036s][info][gc,heap        ] GC(914) PSYoungGen: 672898K->3563K(684032K)
[1330.036s][info][gc,heap        ] GC(914) PSOldGen: 215083K->218004K(1398272K)
[1330.036s][info][gc,metaspace   ] GC(914) Metaspace: 91581K(98736K)->91581K(98736K) NonClass: 79997K(83888K)->79997K(83888K) Class: 11584K(14848K)->11584K(14848K)
[1330.036s][info][gc             ] GC(914) Pause Young (Allocation Failure) 867M->216M(2033M) 3.719ms
[1330.036s][info][gc,cpu         ] GC(914) User=0.00s Sys=0.00s Real=0.01s
[1330.592s][info][gc,start       ] GC(915) Pause Young (Allocation Failure)
[1330.595s][info][gc,heap        ] GC(915) PSYoungGen: 671535K->2742K(685056K)
[1330.595s][info][gc,heap        ] GC(915) PSOldGen: 218004K->220606K(1398272K)
[1330.595s][info][gc,metaspace   ] GC(915) Metaspace: 91581K(98736K)->91581K(98736K) NonClass: 79997K(83888K)->79997K(83888K) Class: 11584K(14848K)->11584K(14848K)
[1330.595s][info][gc             ] GC(915) Pause Young (Allocation Failure) 868M->218M(2034M) 2.945ms
[1330.595s][info][gc,cpu         ] GC(915) User=0.00s Sys=0.00s Real=0.00s
[1332.573s][info][gc,start       ] GC(916) Pause Young (Allocation Failure)
[1332.575s][info][gc,heap        ] GC(916) PSYoungGen: 670477K->2905K(684544K)
[1332.575s][info][gc,heap        ] GC(916) PSOldGen: 220606K->222164K(1398272K)
[1332.575s][info][gc,metaspace   ] GC(916) Metaspace: 91581K(98736K)->91581K(98736K) NonClass: 79997K(83888K)->79997K(83888K) Class: 11584K(14848K)->11584K(14848K)
[1332.575s][info][gc             ] GC(916) Pause Young (Allocation Failure) 870M->219M(2034M) 2.299ms
[1332.576s][info][gc,cpu         ] GC(916) User=0.00s Sys=0.00s Real=0.00s
[1333.952s][info][gc,start       ] GC(917) Pause Young (Allocation Failure)
[1333.956s][info][gc,heap        ] GC(917) PSYoungGen: 673625K->7378K(685568K)
[1333.956s][info][gc,heap        ] GC(917) PSOldGen: 222164K->224503K(1398272K)
[1333.956s][info][gc,metaspace   ] GC(917) Metaspace: 91581K(98736K)->91581K(98736K) NonClass: 79997K(83888K)->79997K(83888K) Class: 11584K(14848K)->11584K(14848K)
[1333.956s][info][gc             ] GC(917) Pause Young (Allocation Failure) 874M->226M(2035M) 3.841ms
[1333.956s][info][gc,cpu         ] GC(917) User=0.09s Sys=0.00s Real=0.00s
[1334.180s][info][gc,start       ] GC(918) Pause Young (System.gc())
[1334.182s][info][gc,heap        ] GC(918) PSYoungGen: 250423K->480K(685568K)
[1334.182s][info][gc,heap        ] GC(918) PSOldGen: 224503K->226521K(1398272K)
[1334.182s][info][gc,metaspace   ] GC(918) Metaspace: 91585K(98736K)->91585K(98736K) NonClass: 80000K(83888K)->80000K(83888K) Class: 11584K(14848K)->11584K(14848K)
[1334.182s][info][gc             ] GC(918) Pause Young (System.gc()) 463M->221M(2035M) 2.728ms
[1334.182s][info][gc,cpu         ] GC(918) User=0.00s Sys=0.00s Real=0.00s
[1334.182s][info][gc,start       ] GC(919) Pause Full (System.gc())
[1334.184s][info][gc,phases,start] GC(919) Phase 1: Mark live objects
[1334.243s][info][gc,phases      ] GC(919) Phase 1: Mark live objects 58.846ms
[1334.243s][info][gc,phases,start] GC(919) Phase 2: Compute new object addresses
[1334.258s][info][gc,phases      ] GC(919) Phase 2: Compute new object addresses 14.594ms
[1334.258s][info][gc,phases,start] GC(919) Phase 3: Adjust pointers
[1334.295s][info][gc,phases      ] GC(919) Phase 3: Adjust pointers 37.095ms
[1334.295s][info][gc,phases,start] GC(919) Phase 4: Move objects
[1334.302s][info][gc,phases      ] GC(919) Phase 4: Move objects 7.694ms
[1334.305s][info][gc,heap        ] GC(919) PSYoungGen: 480K->0K(685568K)
[1334.305s][info][gc,heap        ] GC(919) PSOldGen: 226521K->153496K(1398272K)
[1334.305s][info][gc,metaspace   ] GC(919) Metaspace: 91585K(98736K)->91585K(98736K) NonClass: 80000K(83888K)->80000K(83888K) Class: 11584K(14848K)->11584K(14848K)
[1334.305s][info][gc             ] GC(919) Pause Full (System.gc()) 221M->149M(2035M) 122.576ms
[1334.305s][info][gc,cpu         ] GC(919) User=0.12s Sys=0.00s Real=0.12s
[1335.187s][info][gc,start       ] GC(920) Pause Young (Allocation Failure)
[1335.189s][info][gc,heap        ] GC(920) PSYoungGen: 672256K->3609K(686080K)
[1335.189s][info][gc,heap        ] GC(920) PSOldGen: 153496K->153496K(1398272K)
[1335.189s][info][gc,metaspace   ] GC(920) Metaspace: 91585K(98736K)->91585K(98736K) NonClass: 80000K(83888K)->80000K(83888K) Class: 11584K(14848K)->11584K(14848K)
[1335.189s][info][gc             ] GC(920) Pause Young (Allocation Failure) 806M->153M(2035M) 2.473ms
[1335.189s][info][gc,cpu         ] GC(920) User=0.08s Sys=0.00s Real=0.00s
[1337.399s][info][gc,start       ] GC(921) Pause Young (Allocation Failure)
[1337.402s][info][gc,heap        ] GC(921) PSYoungGen: 676377K->2999K(685568K)
[1337.402s][info][gc,heap        ] GC(921) PSOldGen: 153496K->156627K(1398272K)
[1337.402s][info][gc,metaspace   ] GC(921) Metaspace: 91585K(98736K)->91585K(98736K) NonClass: 80000K(83888K)->80000K(83888K) Class: 11584K(14848K)->11584K(14848K)
[1337.402s][info][gc             ] GC(921) Pause Young (Allocation Failure) 810M->155M(2035M) 3.831ms
[1337.403s][info][gc,cpu         ] GC(921) User=0.00s Sys=0.00s Real=0.00s
[1339.606s][info][gc,start       ] GC(922) Pause Young (GCLocker Initiated GC)
[1339.609s][info][gc,heap        ] GC(922) PSYoungGen: 675767K->5650K(687104K)
[1339.609s][info][gc,heap        ] GC(922) PSOldGen: 156659K->158381K(1398272K)
[1339.609s][info][gc,metaspace   ] GC(922) Metaspace: 91585K(98736K)->91585K(98736K) NonClass: 80000K(83888K)->80000K(83888K) Class: 11584K(14848K)->11584K(14848K)
[1339.609s][info][gc             ] GC(922) Pause Young (GCLocker Initiated GC) 812M->160M(2036M) 2.975ms
[1339.609s][info][gc,cpu         ] GC(922) User=0.00s Sys=0.00s Real=0.00s
[1340.330s][info][gc,start       ] GC(923) Pause Young (Allocation Failure)
[1340.334s][info][gc,heap        ] GC(923) PSYoungGen: 680466K->5462K(686592K)
[1340.334s][info][gc,heap        ] GC(923) PSOldGen: 244398K->245906K(1398272K)
[1340.334s][info][gc,metaspace   ] GC(923) Metaspace: 91585K(98736K)->91585K(98736K) NonClass: 80000K(83888K)->80000K(83888K) Class: 11584K(14848K)->11584K(14848K)
[1340.334s][info][gc             ] GC(923) Pause Young (Allocation Failure) 903M->245M(2036M) 3.659ms
[1340.334s][info][gc,cpu         ] GC(923) User=0.00s Sys=0.00s Real=0.00s
[1342.079s][info][gc,start       ] GC(924) Pause Young (Allocation Failure)
[1342.083s][info][gc,heap        ] GC(924) PSYoungGen: 680278K->3189K(687616K)
[1342.083s][info][gc,heap        ] GC(924) PSOldGen: 245906K->248929K(1398272K)
[1342.083s][info][gc,metaspace   ] GC(924) Metaspace: 91585K(98736K)->91585K(98736K) NonClass: 80000K(83888K)->80000K(83888K) Class: 11584K(14848K)->11584K(14848K)
[1342.083s][info][gc             ] GC(924) Pause Young (Allocation Failure) 904M->246M(2037M) 3.435ms
[1342.083s][info][gc,cpu         ] GC(924) User=0.02s Sys=0.00s Real=0.00s
[1344.500s][info][gc,start       ] GC(925) Pause Young (Allocation Failure)
[1344.504s][info][gc,heap        ] GC(925) PSYoungGen: 679029K->3027K(687104K)
[1344.504s][info][gc,heap        ] GC(925) PSOldGen: 248929K->250687K(1398272K)
[1344.504s][info][gc,metaspace   ] GC(925) Metaspace: 91585K(98736K)->91585K(98736K) NonClass: 80000K(83888K)->80000K(83888K) Class: 11584K(14848K)->11584K(14848K)
[1344.504s][info][gc             ] GC(925) Pause Young (Allocation Failure) 906M->247M(2036M) 3.318ms
[1344.504s][info][gc,cpu         ] GC(925) User=0.05s Sys=0.00s Real=0.00s
[1346.030s][info][gc,start       ] GC(926) Pause Young (Allocation Failure)
[1346.033s][info][gc,heap        ] GC(926) PSYoungGen: 675602K->2755K(688128K)
[1346.033s][info][gc,heap        ] GC(926) PSOldGen: 250687K->252568K(1398272K)
[1346.033s][info][gc,metaspace   ] GC(926) Metaspace: 91585K(98736K)->91585K(98736K) NonClass: 80000K(83888K)->80000K(83888K) Class: 11584K(14848K)->11584K(14848K)
[1346.033s][info][gc             ] GC(926) Pause Young (Allocation Failure) 904M->249M(2037M) 2.712ms
[1346.033s][info][gc,cpu         ] GC(926) User=0.09s Sys=0.00s Real=0.00s
[1346.776s][info][gc,start       ] GC(927) Pause Young (Allocation Failure)
[1346.779s][info][gc,heap        ] GC(927) PSYoungGen: 680131K->3280K(688128K)
[1346.779s][info][gc,heap        ] GC(927) PSOldGen: 252568K->254763K(1398272K)
[1346.779s][info][gc,metaspace   ] GC(927) Metaspace: 91585K(98736K)->91585K(98736K) NonClass: 80000K(83888K)->80000K(83888K) Class: 11584K(14848K)->11584K(14848K)
[1346.779s][info][gc             ] GC(927) Pause Young (Allocation Failure) 910M->251M(2037M) 3.173ms
[1346.779s][info][gc,cpu         ] GC(927) User=0.00s Sys=0.00s Real=0.00s
[1349.211s][info][gc,start       ] GC(928) Pause Young (Allocation Failure)
[1349.213s][info][gc,heap        ] GC(928) PSYoungGen: 680656K->2326K(689152K)
[1349.213s][info][gc,heap        ] GC(928) PSOldGen: 254763K->256948K(1398272K)
[1349.213s][info][gc,metaspace   ] GC(928) Metaspace: 91585K(98736K)->91585K(98736K) NonClass: 80000K(83888K)->80000K(83888K) Class: 11584K(14848K)->11584K(14848K)
[1349.213s][info][gc             ] GC(928) Pause Young (Allocation Failure) 913M->253M(2038M) 2.897ms
[1349.213s][info][gc,cpu         ] GC(928) User=0.00s Sys=0.00s Real=0.00s
[1351.422s][info][gc,start       ] GC(929) Pause Young (Allocation Failure)
[1351.425s][info][gc,heap        ] GC(929) PSYoungGen: 681238K->4231K(688640K)
[1351.425s][info][gc,heap        ] GC(929) PSOldGen: 256948K->258611K(1398272K)
[1351.425s][info][gc,metaspace   ] GC(929) Metaspace: 91585K(98736K)->91585K(98736K) NonClass: 80000K(83888K)->80000K(83888K) Class: 11584K(14848K)->11584K(14848K)
[1351.425s][info][gc             ] GC(929) Pause Young (Allocation Failure) 916M->256M(2038M) 2.814ms
[1351.425s][info][gc,cpu         ] GC(929) User=0.09s Sys=0.00s Real=0.00s
[1352.055s][info][gc,start       ] GC(930) Pause Young (Allocation Failure)
[1352.058s][info][gc,heap        ] GC(930) PSYoungGen: 681342K->9092K(686592K)
[1352.058s][info][gc,heap        ] GC(930) PSOldGen: 258611K->260198K(1398272K)
[1352.058s][info][gc,metaspace   ] GC(930) Metaspace: 91585K(98736K)->91585K(98736K) NonClass: 80000K(83888K)->80000K(83888K) Class: 11584K(14848K)->11584K(14848K)
[1352.059s][info][gc             ] GC(930) Pause Young (Allocation Failure) 917M->262M(2036M) 3.113ms
[1352.059s][info][gc,cpu         ] GC(930) User=0.00s Sys=0.00s Real=0.00s
[1353.619s][info][gc,start       ] GC(931) Pause Young (Allocation Failure)
[1353.622s][info][gc,heap        ] GC(931) PSYoungGen: 686468K->4177K(688128K)
[1353.623s][info][gc,heap        ] GC(931) PSOldGen: 260198K->263309K(1398272K)
[1353.623s][info][gc,metaspace   ] GC(931) Metaspace: 91585K(98736K)->91585K(98736K) NonClass: 80000K(83888K)->80000K(83888K) Class: 11584K(14848K)->11584K(14848K)
[1353.623s][info][gc             ] GC(931) Pause Young (Allocation Failure) 924M->261M(2037M) 3.166ms
[1353.623s][info][gc,cpu         ] GC(931) User=0.00s Sys=0.00s Real=0.01s
[1355.876s][info][gc,start       ] GC(932) Pause Young (Allocation Failure)
[1355.879s][info][gc,heap        ] GC(932) PSYoungGen: 681017K->2800K(689152K)
[1355.879s][info][gc,heap        ] GC(932) PSOldGen: 263309K->264972K(1398272K)
[1355.879s][info][gc,metaspace   ] GC(932) Metaspace: 91585K(98736K)->91585K(98736K) NonClass: 80000K(83888K)->80000K(83888K) Class: 11584K(14848K)->11584K(14848K)
[1355.879s][info][gc             ] GC(932) Pause Young (Allocation Failure) 922M->261M(2038M) 3.550ms
[1355.879s][info][gc,cpu         ] GC(932) User=0.02s Sys=0.00s Real=0.00s
[1357.673s][info][gc,start       ] GC(933) Pause Young (Allocation Failure)
[1357.677s][info][gc,heap        ] GC(933) PSYoungGen: 681712K->6494K(688640K)
[1357.677s][info][gc,heap        ] GC(933) PSOldGen: 264972K->266773K(1398272K)
[1357.677s][info][gc,metaspace   ] GC(933) Metaspace: 91585K(98736K)->91585K(98736K) NonClass: 80000K(83888K)->80000K(83888K) Class: 11584K(14848K)->11584K(14848K)
[1357.677s][info][gc             ] GC(933) Pause Young (Allocation Failure) 924M->266M(2038M) 4.243ms
[1357.677s][info][gc,cpu         ] GC(933) User=0.02s Sys=0.00s Real=0.01s
[1358.421s][info][gc,start       ] GC(934) Pause Young (Allocation Failure)
[1358.424s][info][gc,heap        ] GC(934) PSYoungGen: 685406K->3229K(689152K)
[1358.424s][info][gc,heap        ] GC(934) PSOldGen: 266773K->268861K(1398272K)
[1358.424s][info][gc,metaspace   ] GC(934) Metaspace: 91585K(98736K)->91585K(98736K) NonClass: 80000K(83888K)->80000K(83888K) Class: 11584K(14848K)->11584K(14848K)
[1358.424s][info][gc             ] GC(934) Pause Young (Allocation Failure) 929M->265M(2038M) 3.091ms
[1358.424s][info][gc,cpu         ] GC(934) User=0.08s Sys=0.00s Real=0.00s
[1360.589s][info][gc,start       ] GC(935) Pause Young (Allocation Failure)
[1360.592s][info][gc,heap        ] GC(935) PSYoungGen: 682141K->3677K(688640K)
[1360.592s][info][gc,heap        ] GC(935) PSOldGen: 268861K->271725K(1398272K)
[1360.592s][info][gc,metaspace   ] GC(935) Metaspace: 91585K(98736K)->91585K(98736K) NonClass: 80000K(83888K)->80000K(83888K) Class: 11584K(14848K)->11584K(14848K)
[1360.592s][info][gc             ] GC(935) Pause Young (Allocation Failure) 928M->268M(2038M) 3.228ms
[1360.592s][info][gc,cpu         ] GC(935) User=0.00s Sys=0.00s Real=0.00s
[1361.254s][info][gc,start       ] GC(936) Pause Young (Allocation Failure)
[1361.259s][info][gc,heap        ] GC(936) PSYoungGen: 680885K->8823K(687104K)
[1361.259s][info][gc,heap        ] GC(936) PSOldGen: 271725K->277727K(1398272K)
[1361.259s][info][gc,metaspace   ] GC(936) Metaspace: 91585K(98736K)->91585K(98736K) NonClass: 80000K(83888K)->80000K(83888K) Class: 11584K(14848K)->11584K(14848K)
[1361.259s][info][gc             ] GC(936) Pause Young (Allocation Failure) 930M->279M(2036M) 5.101ms
[1361.259s][info][gc,cpu         ] GC(936) User=0.00s Sys=0.00s Real=0.00s
[1363.030s][info][gc,start       ] GC(937) Pause Young (Allocation Failure)
[1363.034s][info][gc,heap        ] GC(937) PSYoungGen: 685299K->3183K(688128K)
[1363.034s][info][gc,heap        ] GC(937) PSOldGen: 277727K->280003K(1398272K)
[1363.034s][info][gc,metaspace   ] GC(937) Metaspace: 91585K(98736K)->91585K(98736K) NonClass: 80000K(83888K)->80000K(83888K) Class: 11584K(14848K)->11584K(14848K)
[1363.034s][info][gc             ] GC(937) Pause Young (Allocation Failure) 940M->276M(2037M) 3.716ms
[1363.034s][info][gc,cpu         ] GC(937) User=0.08s Sys=0.00s Real=0.00s
[1364.438s][info][gc,start       ] GC(938) Pause Young (Allocation Failure)
[1364.441s][info][gc,heap        ] GC(938) PSYoungGen: 680559K->8415K(686592K)
[1364.441s][info][gc,heap        ] GC(938) PSOldGen: 280003K->282213K(1398272K)
[1364.441s][info][gc,metaspace   ] GC(938) Metaspace: 91585K(98736K)->91585K(98736K) NonClass: 80000K(83888K)->80000K(83888K) Class: 11584K(14848K)->11584K(14848K)
[1364.441s][info][gc             ] GC(938) Pause Young (Allocation Failure) 938M->283M(2036M) 3.801ms
[1364.441s][info][gc,cpu         ] GC(938) User=0.08s Sys=0.00s Real=0.02s
[1365.221s][info][gc,start       ] GC(939) Pause Young (Allocation Failure)
[1365.224s][info][gc,heap        ] GC(939) PSYoungGen: 684767K->5608K(687616K)
[1365.224s][info][gc,heap        ] GC(939) PSOldGen: 282213K->284333K(1398272K)
[1365.224s][info][gc,metaspace   ] GC(939) Metaspace: 91585K(98736K)->91585K(98736K) NonClass: 80000K(83888K)->80000K(83888K) Class: 11584K(14848K)->11584K(14848K)
[1365.224s][info][gc             ] GC(939) Pause Young (Allocation Failure) 944M->283M(2037M) 3.029ms
[1365.224s][info][gc,cpu         ] GC(939) User=0.00s Sys=0.00s Real=0.00s
[1367.288s][info][gc,start       ] GC(940) Pause Young (Allocation Failure)
[1367.291s][info][gc,heap        ] GC(940) PSYoungGen: 681960K->5118K(688640K)
[1367.291s][info][gc,heap        ] GC(940) PSOldGen: 284333K->287295K(1398272K)
[1367.291s][info][gc,metaspace   ] GC(940) Metaspace: 91585K(98736K)->91585K(98736K) NonClass: 80000K(83888K)->80000K(83888K) Class: 11584K(14848K)->11584K(14848K)
[1367.291s][info][gc             ] GC(940) Pause Young (Allocation Failure) 943M->285M(2038M) 3.139ms
[1367.291s][info][gc,cpu         ] GC(940) User=0.00s Sys=0.00s Real=0.00s
[1367.874s][info][gc,start       ] GC(941) Pause Young (Allocation Failure)
[1367.877s][info][gc,heap        ] GC(941) PSYoungGen: 683006K->4021K(688128K)
[1367.877s][info][gc,heap        ] GC(941) PSOldGen: 287295K->289726K(1398272K)
[1367.877s][info][gc,metaspace   ] GC(941) Metaspace: 91585K(98736K)->91585K(98736K) NonClass: 80000K(83888K)->80000K(83888K) Class: 11584K(14848K)->11584K(14848K)
[1367.877s][info][gc             ] GC(941) Pause Young (Allocation Failure) 947M->286M(2037M) 2.750ms
[1367.877s][info][gc,cpu         ] GC(941) User=0.08s Sys=0.02s Real=0.00s
[1370.131s][info][gc,start       ] GC(942) Pause Young (Allocation Failure)
[1370.134s][info][gc,heap        ] GC(942) PSYoungGen: 681909K->2927K(689152K)
[1370.134s][info][gc,heap        ] GC(942) PSOldGen: 289726K->291760K(1398272K)
[1370.134s][info][gc,metaspace   ] GC(942) Metaspace: 91585K(98736K)->91585K(98736K) NonClass: 80000K(83888K)->80000K(83888K) Class: 11584K(14848K)->11584K(14848K)
[1370.134s][info][gc             ] GC(942) Pause Young (Allocation Failure) 948M->287M(2038M) 2.616ms
[1370.134s][info][gc,cpu         ] GC(942) User=0.00s Sys=0.00s Real=0.00s
[1371.272s][info][gc,start       ] GC(943) Pause Young (Allocation Failure)
[1371.277s][info][gc,heap        ] GC(943) PSYoungGen: 681839K->6091K(688640K)
[1371.277s][info][gc,heap        ] GC(943) PSOldGen: 291760K->293771K(1398272K)
[1371.277s][info][gc,metaspace   ] GC(943) Metaspace: 91585K(98736K)->91585K(98736K) NonClass: 80000K(83888K)->80000K(83888K) Class: 11584K(14848K)->11584K(14848K)
[1371.277s][info][gc             ] GC(943) Pause Young (Allocation Failure) 950M->292M(2038M) 4.706ms
[1371.277s][info][gc,cpu         ] GC(943) User=0.00s Sys=0.00s Real=0.00s
[1371.375s][info][gc,start       ] GC(944) Pause Young (System.gc())
[1371.377s][info][gc,heap        ] GC(944) PSYoungGen: 184318K->480K(688128K)
[1371.377s][info][gc,heap        ] GC(944) PSOldGen: 293771K->295614K(1398272K)
[1371.377s][info][gc,metaspace   ] GC(944) Metaspace: 91585K(98736K)->91585K(98736K) NonClass: 80000K(83888K)->80000K(83888K) Class: 11584K(14848K)->11584K(14848K)
[1371.377s][info][gc             ] GC(944) Pause Young (System.gc()) 466M->289M(2037M) 2.326ms
[1371.377s][info][gc,cpu         ] GC(944) User=0.06s Sys=0.02s Real=0.00s
[1371.377s][info][gc,start       ] GC(945) Pause Full (System.gc())
[1371.381s][info][gc,phases,start] GC(945) Phase 1: Mark live objects
[1371.437s][info][gc,phases      ] GC(945) Phase 1: Mark live objects 56.325ms
[1371.437s][info][gc,phases,start] GC(945) Phase 2: Compute new object addresses
[1371.452s][info][gc,phases      ] GC(945) Phase 2: Compute new object addresses 14.409ms
[1371.452s][info][gc,phases,start] GC(945) Phase 3: Adjust pointers
[1371.489s][info][gc,phases      ] GC(945) Phase 3: Adjust pointers 37.082ms
[1371.489s][info][gc,phases,start] GC(945) Phase 4: Move objects
[1371.498s][info][gc,phases      ] GC(945) Phase 4: Move objects 9.153ms
[1371.500s][info][gc,heap        ] GC(945) PSYoungGen: 480K->0K(688128K)
[1371.500s][info][gc,heap        ] GC(945) PSOldGen: 295614K->83447K(1398272K)
[1371.500s][info][gc,metaspace   ] GC(945) Metaspace: 91585K(98736K)->91585K(98736K) NonClass: 80000K(83888K)->80000K(83888K) Class: 11584K(14848K)->11584K(14848K)
[1371.500s][info][gc             ] GC(945) Pause Full (System.gc()) 289M->81M(2037M) 123.089ms
[1371.500s][info][gc,cpu         ] GC(945) User=0.11s Sys=0.00s Real=0.12s
[1372.397s][info][gc,start       ] GC(946) Pause Young (Allocation Failure)
[1372.401s][info][gc,heap        ] GC(946) PSYoungGen: 678365K->3624K(688640K)
[1372.401s][info][gc,heap        ] GC(946) PSOldGen: 83447K->83447K(1398272K)
[1372.401s][info][gc,metaspace   ] GC(946) Metaspace: 91585K(98736K)->91585K(98736K) NonClass: 80000K(83888K)->80000K(83888K) Class: 11584K(14848K)->11584K(14848K)
[1372.401s][info][gc             ] GC(946) Pause Young (Allocation Failure) 743M->85M(2038M) 4.207ms
[1372.401s][info][gc,cpu         ] GC(946) User=0.00s Sys=0.00s Real=0.01s
[1374.785s][info][gc,start       ] GC(947) Pause Young (Allocation Failure)
[1374.788s][info][gc,heap        ] GC(947) PSYoungGen: 682024K->2400K(689152K)
[1374.788s][info][gc,heap        ] GC(947) PSOldGen: 83447K->86210K(1398272K)
[1374.788s][info][gc,metaspace   ] GC(947) Metaspace: 91585K(98736K)->91585K(98736K) NonClass: 80000K(83888K)->80000K(83888K) Class: 11584K(14848K)->11584K(14848K)
[1374.788s][info][gc             ] GC(947) Pause Young (Allocation Failure) 747M->86M(2038M) 2.421ms
[1374.788s][info][gc,cpu         ] GC(947) User=0.00s Sys=0.00s Real=0.00s
[1376.901s][info][gc,start       ] GC(948) Pause Young (Allocation Failure)
[1376.903s][info][gc,heap        ] GC(948) PSYoungGen: 681824K->4100K(689152K)
[1376.903s][info][gc,heap        ] GC(948) PSOldGen: 86210K->87876K(1398272K)
[1376.903s][info][gc,metaspace   ] GC(948) Metaspace: 91585K(98736K)->91585K(98736K) NonClass: 80000K(83888K)->80000K(83888K) Class: 11584K(14848K)->11584K(14848K)
[1376.903s][info][gc             ] GC(948) Pause Young (Allocation Failure) 750M->89M(2038M) 2.593ms
[1376.903s][info][gc,cpu         ] GC(948) User=0.00s Sys=0.00s Real=0.00s
[1377.520s][info][gc,start       ] GC(949) Pause Young (Allocation Failure)
[1377.524s][info][gc,heap        ] GC(949) PSYoungGen: 680791K->9188K(685568K)
[1377.524s][info][gc,heap        ] GC(949) PSOldGen: 87876K->89368K(1398272K)
[1377.524s][info][gc,metaspace   ] GC(949) Metaspace: 91585K(98736K)->91585K(98736K) NonClass: 80000K(83888K)->80000K(83888K) Class: 11584K(14848K)->11584K(14848K)
[1377.524s][info][gc             ] GC(949) Pause Young (Allocation Failure) 750M->96M(2035M) 3.208ms
[1377.524s][info][gc,cpu         ] GC(949) User=0.00s Sys=0.00s Real=0.00s
[1379.048s][info][gc,start       ] GC(950) Pause Young (Allocation Failure)
[1379.051s][info][gc,heap        ] GC(950) PSYoungGen: 685540K->4411K(687616K)
[1379.051s][info][gc,heap        ] GC(950) PSOldGen: 89368K->92144K(1398272K)
[1379.051s][info][gc,metaspace   ] GC(950) Metaspace: 91585K(98736K)->91585K(98736K) NonClass: 80000K(83888K)->80000K(83888K) Class: 11584K(14848K)->11584K(14848K)
[1379.051s][info][gc             ] GC(950) Pause Young (Allocation Failure) 756M->94M(2037M) 2.709ms
[1379.051s][info][gc,cpu         ] GC(950) User=0.00s Sys=0.00s Real=0.00s
[1381.287s][info][gc,start       ] GC(951) Pause Young (Allocation Failure)
[1381.289s][info][gc,heap        ] GC(951) PSYoungGen: 680763K->3073K(688640K)
[1381.289s][info][gc,heap        ] GC(951) PSOldGen: 92144K->93857K(1398272K)
[1381.289s][info][gc,metaspace   ] GC(951) Metaspace: 91585K(98736K)->91585K(98736K) NonClass: 80000K(83888K)->80000K(83888K) Class: 11584K(14848K)->11584K(14848K)
[1381.289s][info][gc             ] GC(951) Pause Young (Allocation Failure) 754M->94M(2038M) 2.588ms
[1381.289s][info][gc,cpu         ] GC(951) User=0.00s Sys=0.00s Real=0.01s
[1383.144s][info][gc,start       ] GC(952) Pause Young (Allocation Failure)
[1383.147s][info][gc,heap        ] GC(952) PSYoungGen: 681473K->5089K(688640K)
[1383.147s][info][gc,heap        ] GC(952) PSOldGen: 93857K->95714K(1398272K)
[1383.147s][info][gc,metaspace   ] GC(952) Metaspace: 91585K(98736K)->91585K(98736K) NonClass: 80000K(83888K)->80000K(83888K) Class: 11584K(14848K)->11584K(14848K)
[1383.147s][info][gc             ] GC(952) Pause Young (Allocation Failure) 757M->98M(2038M) 3.455ms
[1383.148s][info][gc,cpu         ] GC(952) User=0.00s Sys=0.00s Real=0.01s
[1383.898s][info][gc,start       ] GC(953) Pause Young (Allocation Failure)
[1383.900s][info][gc,heap        ] GC(953) PSYoungGen: 683489K->3291K(689152K)
[1383.900s][info][gc,heap        ] GC(953) PSOldGen: 95714K->98130K(1398272K)
[1383.900s][info][gc,metaspace   ] GC(953) Metaspace: 91585K(98736K)->91585K(98736K) NonClass: 80000K(83888K)->80000K(83888K) Class: 11584K(14848K)->11584K(14848K)
[1383.900s][info][gc             ] GC(953) Pause Young (Allocation Failure) 760M->99M(2038M) 2.708ms
[1383.900s][info][gc,cpu         ] GC(953) User=0.00s Sys=0.00s Real=0.00s
[1386.166s][info][gc,start       ] GC(954) Pause Young (Allocation Failure)
[1386.169s][info][gc,heap        ] GC(954) PSYoungGen: 682129K->3054K(689152K)
[1386.169s][info][gc,heap        ] GC(954) PSOldGen: 98130K->100981K(1398272K)
[1386.169s][info][gc,metaspace   ] GC(954) Metaspace: 91585K(98736K)->91585K(98736K) NonClass: 80000K(83888K)->80000K(83888K) Class: 11584K(14848K)->11584K(14848K)
[1386.169s][info][gc             ] GC(954) Pause Young (Allocation Failure) 761M->101M(2038M) 2.468ms
[1386.169s][info][gc,cpu         ] GC(954) User=0.00s Sys=0.00s Real=0.00s
[1388.403s][info][gc,start       ] GC(955) Pause Young (GCLocker Initiated GC)
[1388.406s][info][gc,heap        ] GC(955) PSYoungGen: 682478K->4591K(689664K)
[1388.406s][info][gc,heap        ] GC(955) PSOldGen: 100989K->102851K(1398272K)
[1388.406s][info][gc,metaspace   ] GC(955) Metaspace: 91589K(98736K)->91589K(98736K) NonClass: 80005K(83888K)->80005K(83888K) Class: 11584K(14848K)->11584K(14848K)
[1388.406s][info][gc             ] GC(955) Pause Young (GCLocker Initiated GC) 765M->104M(2039M) 3.330ms
[1388.406s][info][gc,cpu         ] GC(955) User=0.00s Sys=0.00s Real=0.01s
[1389.253s][info][gc,start       ] GC(956) Pause Young (Allocation Failure)
[1389.255s][info][gc,heap        ] GC(956) PSYoungGen: 685039K->4612K(689664K)
[1389.255s][info][gc,heap        ] GC(956) PSOldGen: 102852K->104898K(1398272K)
[1389.255s][info][gc,metaspace   ] GC(956) Metaspace: 91589K(98736K)->91589K(98736K) NonClass: 80005K(83888K)->80005K(83888K) Class: 11584K(14848K)->11584K(14848K)
[1389.255s][info][gc             ] GC(956) Pause Young (Allocation Failure) 769M->106M(2039M) 2.768ms
[1389.255s][info][gc,cpu         ] GC(956) User=0.00s Sys=0.00s Real=0.00s
[1390.674s][info][gc,start       ] GC(957) Pause Young (Allocation Failure)
[1390.676s][info][gc,heap        ] GC(957) PSYoungGen: 684231K->2566K(690176K)
[1390.676s][info][gc,heap        ] GC(957) PSOldGen: 104898K->108022K(1398272K)
[1390.676s][info][gc,metaspace   ] GC(957) Metaspace: 91589K(98736K)->91589K(98736K) NonClass: 80005K(83888K)->80005K(83888K) Class: 11584K(14848K)->11584K(14848K)
[1390.676s][info][gc             ] GC(957) Pause Young (Allocation Failure) 770M->107M(2039M) 2.328ms
[1390.676s][info][gc,cpu         ] GC(957) User=0.00s Sys=0.00s Real=0.00s
[1392.929s][info][gc,start       ] GC(958) Pause Young (Allocation Failure)
[1392.932s][info][gc,heap        ] GC(958) PSYoungGen: 684038K->3400K(690176K)
[1392.932s][info][gc,heap        ] GC(958) PSOldGen: 108022K->109686K(1398272K)
[1392.932s][info][gc,metaspace   ] GC(958) Metaspace: 91589K(98736K)->91589K(98736K) NonClass: 80005K(83888K)->80005K(83888K) Class: 11584K(14848K)->11584K(14848K)
[1392.932s][info][gc             ] GC(958) Pause Young (Allocation Failure) 773M->110M(2039M) 2.744ms
[1392.932s][info][gc,cpu         ] GC(958) User=0.00s Sys=0.00s Real=0.00s
[1394.823s][info][gc,start       ] GC(959) Pause Young (Allocation Failure)
[1394.826s][info][gc,heap        ] GC(959) PSYoungGen: 684872K->3841K(690688K)
[1394.826s][info][gc,heap        ] GC(959) PSOldGen: 109686K->111487K(1398272K)
[1394.826s][info][gc,metaspace   ] GC(959) Metaspace: 91589K(98736K)->91589K(98736K) NonClass: 80005K(83888K)->80005K(83888K) Class: 11584K(14848K)->11584K(14848K)
[1394.826s][info][gc             ] GC(959) Pause Young (Allocation Failure) 775M->112M(2040M) 2.978ms
[1394.826s][info][gc,cpu         ] GC(959) User=0.00s Sys=0.00s Real=0.00s
[1395.577s][info][gc,start       ] GC(960) Pause Young (Allocation Failure)
[1395.580s][info][gc,heap        ] GC(960) PSYoungGen: 686337K->3120K(690688K)
[1395.580s][info][gc,heap        ] GC(960) PSOldGen: 111487K->113670K(1398272K)
[1395.580s][info][gc,metaspace   ] GC(960) Metaspace: 91589K(98736K)->91589K(98736K) NonClass: 80005K(83888K)->80005K(83888K) Class: 11584K(14848K)->11584K(14848K)
[1395.580s][info][gc             ] GC(960) Pause Young (Allocation Failure) 779M->114M(2040M) 2.706ms
[1395.580s][info][gc,cpu         ] GC(960) User=0.00s Sys=0.00s Real=0.00s
[1397.765s][info][gc,start       ] GC(961) Pause Young (Allocation Failure)
[1397.768s][info][gc,heap        ] GC(961) PSYoungGen: 685616K->2877K(691200K)
[1397.768s][info][gc,heap        ] GC(961) PSOldGen: 113670K->116416K(1398272K)
[1397.768s][info][gc,metaspace   ] GC(961) Metaspace: 91589K(98736K)->91589K(98736K) NonClass: 80005K(83888K)->80005K(83888K) Class: 11584K(14848K)->11584K(14848K)
[1397.768s][info][gc             ] GC(961) Pause Young (Allocation Failure) 780M->116M(2040M) 2.888ms
[1397.768s][info][gc,cpu         ] GC(961) User=0.08s Sys=0.00s Real=0.01s
[1398.431s][info][gc,start       ] GC(962) Pause Young (Allocation Failure)
[1398.435s][info][gc,heap        ] GC(962) PSYoungGen: 684821K->7668K(691200K)
[1398.435s][info][gc,heap        ] GC(962) PSOldGen: 116416K->127851K(1398272K)
[1398.435s][info][gc,metaspace   ] GC(962) Metaspace: 91589K(98736K)->91589K(98736K) NonClass: 80005K(83888K)->80005K(83888K) Class: 11584K(14848K)->11584K(14848K)
[1398.435s][info][gc             ] GC(962) Pause Young (Allocation Failure) 782M->132M(2040M) 4.118ms
[1398.436s][info][gc,cpu         ] GC(962) User=0.00s Sys=0.00s Real=0.00s
[1400.161s][info][gc,start       ] GC(963) Pause Young (Allocation Failure)
[1400.164s][info][gc,heap        ] GC(963) PSYoungGen: 691188K->7596K(680960K)
[1400.164s][info][gc,heap        ] GC(963) PSOldGen: 127851K->130787K(1398272K)
[1400.164s][info][gc,metaspace   ] GC(963) Metaspace: 91589K(98736K)->91589K(98736K) NonClass: 80005K(83888K)->80005K(83888K) Class: 11584K(14848K)->11584K(14848K)
[1400.164s][info][gc             ] GC(963) Pause Young (Allocation Failure) 799M->135M(2030M) 3.200ms
[1400.164s][info][gc,cpu         ] GC(963) User=0.00s Sys=0.00s Real=0.01s
[1401.658s][info][gc,start       ] GC(964) Pause Young (Allocation Failure)
[1401.661s][info][gc,heap        ] GC(964) PSYoungGen: 678601K->3999K(686080K)
[1401.661s][info][gc,heap        ] GC(964) PSOldGen: 130787K->137131K(1398272K)
[1401.661s][info][gc,metaspace   ] GC(964) Metaspace: 91589K(98736K)->91589K(98736K) NonClass: 80005K(83888K)->80005K(83888K) Class: 11584K(14848K)->11584K(14848K)
[1401.661s][info][gc             ] GC(964) Pause Young (Allocation Failure) 790M->137M(2035M) 3.026ms
[1401.661s][info][gc,cpu         ] GC(964) User=0.00s Sys=0.00s Real=0.00s
[1402.352s][info][gc,start       ] GC(965) Pause Young (GCLocker Initiated GC)
[1402.355s][info][gc,heap        ] GC(965) PSYoungGen: 677279K->6420K(686592K)
[1402.355s][info][gc,heap        ] GC(965) PSOldGen: 137165K->139341K(1398272K)
[1402.355s][info][gc,metaspace   ] GC(965) Metaspace: 91589K(98736K)->91589K(98736K) NonClass: 80005K(83888K)->80005K(83888K) Class: 11584K(14848K)->11584K(14848K)
[1402.355s][info][gc             ] GC(965) Pause Young (GCLocker Initiated GC) 795M->142M(2036M) 2.928ms
[1402.355s][info][gc,cpu         ] GC(965) User=0.00s Sys=0.00s Real=0.00s
[1404.499s][info][gc,start       ] GC(966) Pause Young (Allocation Failure)
[1404.502s][info][gc,heap        ] GC(966) PSYoungGen: 680724K->3688K(686592K)
[1404.502s][info][gc,heap        ] GC(966) PSOldGen: 139343K->142344K(1398272K)
[1404.502s][info][gc,metaspace   ] GC(966) Metaspace: 91589K(98736K)->91589K(98736K) NonClass: 80005K(83888K)->80005K(83888K) Class: 11584K(14848K)->11584K(14848K)
[1404.502s][info][gc             ] GC(966) Pause Young (Allocation Failure) 800M->142M(2036M) 2.817ms
[1404.502s][info][gc,cpu         ] GC(966) User=0.08s Sys=0.00s Real=0.01s
[1405.080s][info][gc,start       ] GC(967) Pause Young (Allocation Failure)
[1405.082s][info][gc,heap        ] GC(967) PSYoungGen: 677992K->1860K(687104K)
[1405.082s][info][gc,heap        ] GC(967) PSOldGen: 142344K->144931K(1398272K)
[1405.082s][info][gc,metaspace   ] GC(967) Metaspace: 91589K(98736K)->91589K(98736K) NonClass: 80005K(83888K)->80005K(83888K) Class: 11584K(14848K)->11584K(14848K)
[1405.082s][info][gc             ] GC(967) Pause Young (Allocation Failure) 801M->143M(2036M) 2.285ms
[1405.082s][info][gc,cpu         ] GC(967) User=0.00s Sys=0.00s Real=0.00s
[1407.116s][info][gc,start       ] GC(968) Pause Young (Allocation Failure)
[1407.118s][info][gc,heap        ] GC(968) PSYoungGen: 673312K->2978K(687104K)
[1407.118s][info][gc,heap        ] GC(968) PSOldGen: 144931K->146490K(1398272K)
[1407.118s][info][gc,metaspace   ] GC(968) Metaspace: 91589K(98736K)->91589K(98736K) NonClass: 80005K(83888K)->80005K(83888K) Class: 11584K(14848K)->11584K(14848K)
[1407.118s][info][gc             ] GC(968) Pause Young (Allocation Failure) 799M->145M(2036M) 2.205ms
[1407.118s][info][gc,cpu         ] GC(968) User=0.00s Sys=0.00s Real=0.00s
[1408.489s][info][gc,start       ] GC(969) Pause Young (Allocation Failure)
[1408.492s][info][gc,heap        ] GC(969) PSYoungGen: 678306K->3404K(687616K)
[1408.492s][info][gc,heap        ] GC(969) PSOldGen: 146490K->148860K(1398272K)
[1408.492s][info][gc,metaspace   ] GC(969) Metaspace: 91589K(98736K)->91589K(98736K) NonClass: 80005K(83888K)->80005K(83888K) Class: 11584K(14848K)->11584K(14848K)
[1408.492s][info][gc             ] GC(969) Pause Young (Allocation Failure) 805M->148M(2037M) 2.855ms
[1408.492s][info][gc,cpu         ] GC(969) User=0.00s Sys=0.00s Real=0.00s
[1408.640s][info][gc,start       ] GC(970) Pause Young (System.gc())
[1408.642s][info][gc,heap        ] GC(970) PSYoungGen: 219823K->480K(687104K)
[1408.642s][info][gc,heap        ] GC(970) PSOldGen: 148860K->150790K(1398272K)
[1408.642s][info][gc,metaspace   ] GC(970) Metaspace: 91589K(98736K)->91589K(98736K) NonClass: 80005K(83888K)->80005K(83888K) Class: 11584K(14848K)->11584K(14848K)
[1408.642s][info][gc             ] GC(970) Pause Young (System.gc()) 360M->147M(2036M) 2.029ms
[1408.642s][info][gc,cpu         ] GC(970) User=0.02s Sys=0.00s Real=0.00s
[1408.642s][info][gc,start       ] GC(971) Pause Full (System.gc())
[1408.646s][info][gc,phases,start] GC(971) Phase 1: Mark live objects
[1408.702s][info][gc,phases      ] GC(971) Phase 1: Mark live objects 56.617ms
[1408.702s][info][gc,phases,start] GC(971) Phase 2: Compute new object addresses
[1408.717s][info][gc,phases      ] GC(971) Phase 2: Compute new object addresses 14.324ms
[1408.717s][info][gc,phases,start] GC(971) Phase 3: Adjust pointers
[1408.753s][info][gc,phases      ] GC(971) Phase 3: Adjust pointers 36.116ms
[1408.753s][info][gc,phases,start] GC(971) Phase 4: Move objects
[1408.753s][info][gc,phases      ] GC(971) Phase 4: Move objects 0.072ms
[1408.755s][info][gc,heap        ] GC(971) PSYoungGen: 480K->0K(687104K)
[1408.755s][info][gc,heap        ] GC(971) PSOldGen: 150790K->151160K(1398272K)
[1408.755s][info][gc,metaspace   ] GC(971) Metaspace: 91589K(98736K)->91589K(98736K) NonClass: 80005K(83888K)->80005K(83888K) Class: 11584K(14848K)->11584K(14848K)
[1408.756s][info][gc             ] GC(971) Pause Full (System.gc()) 147M->147M(2036M) 113.271ms
[1408.756s][info][gc,cpu         ] GC(971) User=0.11s Sys=0.00s Real=0.11s
[1409.650s][info][gc,start       ] GC(972) Pause Young (Allocation Failure)
[1409.653s][info][gc,heap        ] GC(972) PSYoungGen: 675840K->3538K(688128K)
[1409.653s][info][gc,heap        ] GC(972) PSOldGen: 151160K->151160K(1398272K)
[1409.653s][info][gc,metaspace   ] GC(972) Metaspace: 91589K(98736K)->91589K(98736K) NonClass: 80005K(83888K)->80005K(83888K) Class: 11584K(14848K)->11584K(14848K)
[1409.653s][info][gc             ] GC(972) Pause Young (Allocation Failure) 807M->151M(2037M) 2.249ms
[1409.653s][info][gc,cpu         ] GC(972) User=0.00s Sys=0.00s Real=0.00s
[1412.001s][info][gc,start       ] GC(973) Pause Young (Allocation Failure)
[1412.004s][info][gc,heap        ] GC(973) PSYoungGen: 678895K->2271K(687616K)
[1412.004s][info][gc,heap        ] GC(973) PSOldGen: 151160K->154287K(1398272K)
[1412.004s][info][gc,metaspace   ] GC(973) Metaspace: 91589K(98736K)->91589K(98736K) NonClass: 80005K(83888K)->80005K(83888K) Class: 11584K(14848K)->11584K(14848K)
[1412.004s][info][gc             ] GC(973) Pause Young (Allocation Failure) 810M->152M(2037M) 2.574ms
[1412.004s][info][gc,cpu         ] GC(973) User=0.02s Sys=0.00s Real=0.00s
[1414.102s][info][gc,start       ] GC(974) Pause Young (Allocation Failure)
[1414.105s][info][gc,heap        ] GC(974) PSYoungGen: 675582K->2101K(688640K)
[1414.105s][info][gc,heap        ] GC(974) PSOldGen: 154287K->155937K(1398272K)
[1414.105s][info][gc,metaspace   ] GC(974) Metaspace: 91589K(98736K)->91589K(98736K) NonClass: 80005K(83888K)->80005K(83888K) Class: 11584K(14848K)->11584K(14848K)
[1414.105s][info][gc             ] GC(974) Pause Young (Allocation Failure) 810M->154M(2038M) 2.199ms
[1414.105s][info][gc,cpu         ] GC(974) User=0.00s Sys=0.00s Real=0.00s
[1414.775s][info][gc,start       ] GC(975) Pause Young (Allocation Failure)
[1414.779s][info][gc,heap        ] GC(975) PSYoungGen: 680379K->8451K(687104K)
[1414.779s][info][gc,heap        ] GC(975) PSOldGen: 155937K->169744K(1398272K)
[1414.779s][info][gc,metaspace   ] GC(975) Metaspace: 91589K(98736K)->91589K(98736K) NonClass: 80005K(83888K)->80005K(83888K) Class: 11584K(14848K)->11584K(14848K)
[1414.779s][info][gc             ] GC(975) Pause Young (Allocation Failure) 816M->174M(2036M) 4.055ms
[1414.779s][info][gc,cpu         ] GC(975) User=0.00s Sys=0.00s Real=0.00s
[1416.257s][info][gc,start       ] GC(976) Pause Young (Allocation Failure)
[1416.260s][info][gc,heap        ] GC(976) PSYoungGen: 686851K->3260K(688128K)
[1416.260s][info][gc,heap        ] GC(976) PSOldGen: 169744K->172593K(1398272K)
[1416.260s][info][gc,metaspace   ] GC(976) Metaspace: 91589K(98736K)->91589K(98736K) NonClass: 80005K(83888K)->80005K(83888K) Class: 11584K(14848K)->11584K(14848K)
[1416.260s][info][gc             ] GC(976) Pause Young (Allocation Failure) 836M->171M(2037M) 2.663ms
[1416.260s][info][gc,cpu         ] GC(976) User=0.00s Sys=0.00s Real=0.01s
[1418.540s][info][gc,start       ] GC(977) Pause Young (Allocation Failure)
[1418.542s][info][gc,heap        ] GC(977) PSYoungGen: 679542K->2516K(687616K)
[1418.542s][info][gc,heap        ] GC(977) PSOldGen: 172593K->174268K(1398272K)
[1418.542s][info][gc,metaspace   ] GC(977) Metaspace: 91589K(98736K)->91589K(98736K) NonClass: 80005K(83888K)->80005K(83888K) Class: 11584K(14848K)->11584K(14848K)
[1418.542s][info][gc             ] GC(977) Pause Young (Allocation Failure) 832M->172M(2037M) 2.751ms
[1418.542s][info][gc,cpu         ] GC(977) User=0.00s Sys=0.00s Real=0.00s
[1420.392s][info][gc,start       ] GC(978) Pause Young (Allocation Failure)
[1420.396s][info][gc,heap        ] GC(978) PSYoungGen: 679380K->4371K(689152K)
[1420.396s][info][gc,heap        ] GC(978) PSOldGen: 174268K->176111K(1398272K)
[1420.396s][info][gc,metaspace   ] GC(978) Metaspace: 91589K(98736K)->91589K(98736K) NonClass: 80005K(83888K)->80005K(83888K) Class: 11584K(14848K)->11584K(14848K)
[1420.396s][info][gc             ] GC(978) Pause Young (Allocation Failure) 833M->176M(2038M) 3.268ms
[1420.396s][info][gc,cpu         ] GC(978) User=0.00s Sys=0.00s Real=0.00s
[1421.145s][info][gc,start       ] GC(979) Pause Young (Allocation Failure)
[1421.148s][info][gc,heap        ] GC(979) PSYoungGen: 683283K->3291K(688640K)
[1421.148s][info][gc,heap        ] GC(979) PSOldGen: 176111K->178372K(1398272K)
[1421.148s][info][gc,metaspace   ] GC(979) Metaspace: 91589K(98736K)->91589K(98736K) NonClass: 80005K(83888K)->80005K(83888K) Class: 11584K(14848K)->11584K(14848K)
[1421.148s][info][gc             ] GC(979) Pause Young (Allocation Failure) 839M->177M(2038M) 2.800ms
[1421.148s][info][gc,cpu         ] GC(979) User=0.00s Sys=0.00s Real=0.00s
[1423.378s][info][gc,start       ] GC(980) Pause Young (Allocation Failure)
[1423.381s][info][gc,heap        ] GC(980) PSYoungGen: 682203K->2360K(689664K)
[1423.381s][info][gc,heap        ] GC(980) PSOldGen: 178372K->181201K(1398272K)
[1423.381s][info][gc,metaspace   ] GC(980) Metaspace: 91589K(98736K)->91589K(98736K) NonClass: 80005K(83888K)->80005K(83888K) Class: 11584K(14848K)->11584K(14848K)
[1423.381s][info][gc             ] GC(980) Pause Young (Allocation Failure) 840M->179M(2039M) 2.386ms
[1423.381s][info][gc,cpu         ] GC(980) User=0.00s Sys=0.00s Real=0.00s
[1425.609s][info][gc,start       ] GC(981) Pause Young (Allocation Failure)
[1425.612s][info][gc,heap        ] GC(981) PSYoungGen: 682808K->3513K(689664K)
[1425.612s][info][gc,heap        ] GC(981) PSOldGen: 181201K->182612K(1398272K)
[1425.612s][info][gc,metaspace   ] GC(981) Metaspace: 91589K(98736K)->91589K(98736K) NonClass: 80005K(83888K)->80005K(83888K) Class: 11584K(14848K)->11584K(14848K)
[1425.612s][info][gc             ] GC(981) Pause Young (Allocation Failure) 843M->181M(2039M) 2.921ms
[1425.612s][info][gc,cpu         ] GC(981) User=0.09s Sys=0.00s Real=0.01s
[1426.482s][info][gc,start       ] GC(982) Pause Young (Allocation Failure)
[1426.484s][info][gc,heap        ] GC(982) PSYoungGen: 683961K->3499K(690688K)
[1426.484s][info][gc,heap        ] GC(982) PSOldGen: 182612K->184606K(1398272K)
[1426.484s][info][gc,metaspace   ] GC(982) Metaspace: 91589K(98736K)->91589K(98736K) NonClass: 80005K(83888K)->80005K(83888K) Class: 11584K(14848K)->11584K(14848K)
[1426.484s][info][gc             ] GC(982) Pause Young (Allocation Failure) 846M->183M(2040M) 2.742ms
[1426.484s][info][gc,cpu         ] GC(982) User=0.00s Sys=0.00s Real=0.00s
[1427.861s][info][gc,start       ] GC(983) Pause Young (Allocation Failure)
[1427.864s][info][gc,heap        ] GC(983) PSYoungGen: 685483K->4600K(690176K)
[1427.864s][info][gc,heap        ] GC(983) PSOldGen: 184606K->187253K(1398272K)
[1427.864s][info][gc,metaspace   ] GC(983) Metaspace: 91589K(98736K)->91589K(98736K) NonClass: 80005K(83888K)->80005K(83888K) Class: 11584K(14848K)->11584K(14848K)
[1427.864s][info][gc             ] GC(983) Pause Young (Allocation Failure) 849M->187M(2039M) 2.712ms
[1427.864s][info][gc,cpu         ] GC(983) User=0.00s Sys=0.00s Real=0.00s
[1430.246s][info][gc,start       ] GC(984) Pause Young (Allocation Failure)
[1430.249s][info][gc,heap        ] GC(984) PSYoungGen: 685680K->2574K(690688K)
[1430.249s][info][gc,heap        ] GC(984) PSOldGen: 187253K->189380K(1398272K)
[1430.249s][info][gc,metaspace   ] GC(984) Metaspace: 91589K(98736K)->91589K(98736K) NonClass: 80005K(83888K)->80005K(83888K) Class: 11584K(14848K)->11584K(14848K)
[1430.249s][info][gc             ] GC(984) Pause Young (Allocation Failure) 852M->187M(2040M) 2.776ms
[1430.249s][info][gc,cpu         ] GC(984) User=0.00s Sys=0.00s Real=0.00s
[1432.286s][info][gc,start       ] GC(985) Pause Young (Allocation Failure)
[1432.289s][info][gc,heap        ] GC(985) PSYoungGen: 685070K->3763K(690688K)
[1432.289s][info][gc,heap        ] GC(985) PSOldGen: 189380K->191235K(1398272K)
[1432.289s][info][gc,metaspace   ] GC(985) Metaspace: 91589K(98736K)->91589K(98736K) NonClass: 80005K(83888K)->80005K(83888K) Class: 11584K(14848K)->11584K(14848K)
[1432.289s][info][gc             ] GC(985) Pause Young (Allocation Failure) 853M->190M(2040M) 2.905ms
[1432.289s][info][gc,cpu         ] GC(985) User=0.00s Sys=0.00s Real=0.00s
[1433.056s][info][gc,start       ] GC(986) Pause Young (Allocation Failure)
[1433.060s][info][gc,heap        ] GC(986) PSYoungGen: 686259K->3216K(691712K)
[1433.060s][info][gc,heap        ] GC(986) PSOldGen: 191235K->193554K(1398272K)
[1433.060s][info][gc,metaspace   ] GC(986) Metaspace: 91589K(98736K)->91589K(98736K) NonClass: 80005K(83888K)->80005K(83888K) Class: 11584K(14848K)->11584K(14848K)
[1433.060s][info][gc             ] GC(986) Pause Young (Allocation Failure) 856M->192M(2041M) 3.671ms
[1433.060s][info][gc,cpu         ] GC(986) User=0.00s Sys=0.00s Real=0.00s
[1435.260s][info][gc,start       ] GC(987) Pause Young (Allocation Failure)
[1435.263s][info][gc,heap        ] GC(987) PSYoungGen: 684644K->2092K(691200K)
[1435.263s][info][gc,heap        ] GC(987) PSOldGen: 193554K->196281K(1398272K)
[1435.263s][info][gc,metaspace   ] GC(987) Metaspace: 91589K(98736K)->91589K(98736K) NonClass: 80005K(83888K)->80005K(83888K) Class: 11584K(14848K)->11584K(14848K)
[1435.263s][info][gc             ] GC(987) Pause Young (Allocation Failure) 857M->193M(2040M) 2.564ms
[1435.263s][info][gc,cpu         ] GC(987) User=0.00s Sys=0.00s Real=0.00s
[1435.933s][info][gc,start       ] GC(988) Pause Young (Allocation Failure)
[1435.937s][info][gc,heap        ] GC(988) PSYoungGen: 682598K->5238K(690688K)
[1435.937s][info][gc,heap        ] GC(988) PSOldGen: 196281K->209959K(1398272K)
[1435.937s][info][gc,metaspace   ] GC(988) Metaspace: 91589K(98736K)->91589K(98736K) NonClass: 80005K(83888K)->80005K(83888K) Class: 11584K(14848K)->11584K(14848K)
[1435.937s][info][gc             ] GC(988) Pause Young (Allocation Failure) 858M->210M(2040M) 3.839ms
[1435.937s][info][gc,cpu         ] GC(988) User=0.00s Sys=0.00s Real=0.01s
[1437.629s][info][gc,start       ] GC(989) Pause Young (Allocation Failure)
[1437.632s][info][gc,heap        ] GC(989) PSYoungGen: 687368K->2746K(691200K)
[1437.632s][info][gc,heap        ] GC(989) PSOldGen: 209959K->212853K(1398272K)
[1437.632s][info][gc,metaspace   ] GC(989) Metaspace: 91589K(98736K)->91589K(98736K) NonClass: 80005K(83888K)->80005K(83888K) Class: 11584K(14848K)->11584K(14848K)
[1437.632s][info][gc             ] GC(989) Pause Young (Allocation Failure) 876M->210M(2040M) 2.672ms
[1437.632s][info][gc,cpu         ] GC(989) User=0.00s Sys=0.00s Real=0.01s
[1439.150s][info][gc,start       ] GC(990) Pause Young (Allocation Failure)
[1439.153s][info][gc,heap        ] GC(990) PSYoungGen: 682341K->4175K(691712K)
[1439.153s][info][gc,heap        ] GC(990) PSOldGen: 212853K->215056K(1398272K)
[1439.153s][info][gc,metaspace   ] GC(990) Metaspace: 91589K(98736K)->91589K(98736K) NonClass: 80005K(83888K)->80005K(83888K) Class: 11584K(14848K)->11584K(14848K)
[1439.153s][info][gc             ] GC(990) Pause Young (Allocation Failure) 874M->214M(2041M) 2.954ms
[1439.153s][info][gc,cpu         ] GC(990) User=0.00s Sys=0.00s Real=0.00s
[1439.914s][info][gc,start       ] GC(991) Pause Young (Allocation Failure)
[1439.917s][info][gc,heap        ] GC(991) PSYoungGen: 686669K->3426K(691712K)
[1439.917s][info][gc,heap        ] GC(991) PSOldGen: 215056K->217440K(1398272K)
[1439.917s][info][gc,metaspace   ] GC(991) Metaspace: 91589K(98736K)->91589K(98736K) NonClass: 80005K(83888K)->80005K(83888K) Class: 11584K(14848K)->11584K(14848K)
[1439.917s][info][gc             ] GC(991) Pause Young (Allocation Failure) 880M->215M(2041M) 2.829ms
[1439.917s][info][gc,cpu         ] GC(991) User=0.00s Sys=0.00s Real=0.01s
[1442.028s][info][gc,start       ] GC(992) Pause Young (Allocation Failure)
[1442.032s][info][gc,heap        ] GC(992) PSYoungGen: 687970K->4028K(692224K)
[1442.032s][info][gc,heap        ] GC(992) PSOldGen: 217440K->220394K(1398272K)
[1442.032s][info][gc,metaspace   ] GC(992) Metaspace: 91589K(98736K)->91589K(98736K) NonClass: 80005K(83888K)->80005K(83888K) Class: 11584K(14848K)->11584K(14848K)
[1442.032s][info][gc             ] GC(992) Pause Young (Allocation Failure) 884M->219M(2041M) 3.713ms
[1442.032s][info][gc,cpu         ] GC(992) User=0.00s Sys=0.00s Real=0.01s
[1442.612s][info][gc,start       ] GC(993) Pause Young (Allocation Failure)
[1442.615s][info][gc,heap        ] GC(993) PSYoungGen: 689084K->4085K(691712K)
[1442.615s][info][gc,heap        ] GC(993) PSOldGen: 220394K->223021K(1398272K)
[1442.615s][info][gc,metaspace   ] GC(993) Metaspace: 91589K(98736K)->91589K(98736K) NonClass: 80005K(83888K)->80005K(83888K) Class: 11584K(14848K)->11584K(14848K)
[1442.615s][info][gc             ] GC(993) Pause Young (Allocation Failure) 888M->221M(2041M) 2.686ms
[1442.615s][info][gc,cpu         ] GC(993) User=0.00s Sys=0.00s Real=0.00s
[1444.921s][info][gc,start       ] GC(994) Pause Young (Allocation Failure)
[1444.924s][info][gc,heap        ] GC(994) PSYoungGen: 689141K->3550K(692224K)
[1444.924s][info][gc,heap        ] GC(994) PSOldGen: 223021K->225090K(1398272K)
[1444.924s][info][gc,metaspace   ] GC(994) Metaspace: 91589K(98736K)->91589K(98736K) NonClass: 80005K(83888K)->80005K(83888K) Class: 11584K(14848K)->11584K(14848K)
[1444.924s][info][gc             ] GC(994) Pause Young (Allocation Failure) 890M->223M(2041M) 3.158ms
[1444.924s][info][gc,cpu         ] GC(994) User=0.08s Sys=0.02s Real=0.01s
[1446.076s][info][gc,start       ] GC(995) Pause Young (Allocation Failure)
[1446.081s][info][gc,heap        ] GC(995) PSYoungGen: 689118K->6616K(692224K)
[1446.081s][info][gc,heap        ] GC(995) PSOldGen: 225090K->227077K(1398272K)
[1446.081s][info][gc,metaspace   ] GC(995) Metaspace: 91589K(98736K)->91589K(98736K) NonClass: 80005K(83888K)->80005K(83888K) Class: 11584K(14848K)->11584K(14848K)
[1446.081s][info][gc             ] GC(995) Pause Young (Allocation Failure) 892M->228M(2041M) 4.514ms
[1446.081s][info][gc,cpu         ] GC(995) User=0.09s Sys=0.00s Real=0.01s
[1446.170s][info][gc,start       ] GC(996) Pause Young (System.gc())
[1446.172s][info][gc,heap        ] GC(996) PSYoungGen: 172360K->480K(690176K)
[1446.173s][info][gc,heap        ] GC(996) PSOldGen: 227077K->229063K(1398272K)
[1446.173s][info][gc,metaspace   ] GC(996) Metaspace: 91589K(98736K)->91589K(98736K) NonClass: 80005K(83888K)->80005K(83888K) Class: 11584K(14848K)->11584K(14848K)
[1446.173s][info][gc             ] GC(996) Pause Young (System.gc()) 390M->224M(2039M) 2.135ms
[1446.173s][info][gc,cpu         ] GC(996) User=0.00s Sys=0.00s Real=0.00s
[1446.173s][info][gc,start       ] GC(997) Pause Full (System.gc())
[1446.175s][info][gc,phases,start] GC(997) Phase 1: Mark live objects
[1446.232s][info][gc,phases      ] GC(997) Phase 1: Mark live objects 57.403ms
[1446.232s][info][gc,phases,start] GC(997) Phase 2: Compute new object addresses
[1446.247s][info][gc,phases      ] GC(997) Phase 2: Compute new object addresses 14.927ms
[1446.247s][info][gc,phases,start] GC(997) Phase 3: Adjust pointers
[1446.284s][info][gc,phases      ] GC(997) Phase 3: Adjust pointers 37.447ms
[1446.284s][info][gc,phases,start] GC(997) Phase 4: Move objects
[1446.291s][info][gc,phases      ] GC(997) Phase 4: Move objects 6.935ms
[1446.294s][info][gc,heap        ] GC(997) PSYoungGen: 480K->0K(690176K)
[1446.294s][info][gc,heap        ] GC(997) PSOldGen: 229063K->152704K(1398272K)
[1446.294s][info][gc,metaspace   ] GC(997) Metaspace: 91589K(98736K)->91589K(98736K) NonClass: 80005K(83888K)->80005K(83888K) Class: 11584K(14848K)->11584K(14848K)
[1446.294s][info][gc             ] GC(997) Pause Full (System.gc()) 224M->149M(2039M) 121.269ms
[1446.294s][info][gc,cpu         ] GC(997) User=0.12s Sys=0.00s Real=0.12s
[1447.185s][info][gc,start       ] GC(998) Pause Young (Allocation Failure)
[1447.187s][info][gc,heap        ] GC(998) PSYoungGen: 683520K->3516K(691200K)
[1447.187s][info][gc,heap        ] GC(998) PSOldGen: 152704K->152704K(1398272K)
[1447.187s][info][gc,metaspace   ] GC(998) Metaspace: 91589K(98736K)->91589K(98736K) NonClass: 80005K(83888K)->80005K(83888K) Class: 11584K(14848K)->11584K(14848K)
[1447.187s][info][gc             ] GC(998) Pause Young (Allocation Failure) 816M->152M(2040M) 2.469ms
[1447.187s][info][gc,cpu         ] GC(998) User=0.00s Sys=0.00s Real=0.00s
[1449.549s][info][gc,start       ] GC(999) Pause Young (Allocation Failure)
[1449.551s][info][gc,heap        ] GC(999) PSYoungGen: 687036K->2284K(691712K)
[1449.551s][info][gc,heap        ] GC(999) PSOldGen: 152704K->155281K(1398272K)
[1449.551s][info][gc,metaspace   ] GC(999) Metaspace: 91589K(98736K)->91589K(98736K) NonClass: 80005K(83888K)->80005K(83888K) Class: 11584K(14848K)->11584K(14848K)
[1449.551s][info][gc             ] GC(999) Pause Young (Allocation Failure) 820M->153M(2041M) 2.460ms
[1449.551s][info][gc,cpu         ] GC(999) User=0.00s Sys=0.00s Real=0.00s
[1451.676s][info][gc,start       ] GC(1000) Pause Young (Allocation Failure)
[1451.678s][info][gc,heap        ] GC(1000) PSYoungGen: 686741K->2181K(691712K)
[1451.678s][info][gc,heap        ] GC(1000) PSOldGen: 155281K->156832K(1398272K)
[1451.678s][info][gc,metaspace   ] GC(1000) Metaspace: 91589K(98736K)->91589K(98736K) NonClass: 80005K(83888K)->80005K(83888K) Class: 11584K(14848K)->11584K(14848K)
[1451.678s][info][gc             ] GC(1000) Pause Young (Allocation Failure) 822M->155M(2041M) 2.535ms
[1451.678s][info][gc,cpu         ] GC(1000) User=0.00s Sys=0.00s Real=0.00s
[1452.306s][info][gc,start       ] GC(1001) Pause Young (Allocation Failure)
[1452.309s][info][gc,heap        ] GC(1001) PSYoungGen: 686641K->5029K(691712K)
[1452.309s][info][gc,heap        ] GC(1001) PSOldGen: 156832K->166391K(1398272K)
[1452.309s][info][gc,metaspace   ] GC(1001) Metaspace: 91589K(98736K)->91589K(98736K) NonClass: 80005K(83888K)->80005K(83888K) Class: 11584K(14848K)->11584K(14848K)
[1452.310s][info][gc             ] GC(1001) Pause Young (Allocation Failure) 823M->167M(2041M) 3.565ms
[1452.310s][info][gc,cpu         ] GC(1001) User=0.00s Sys=0.00s Real=0.00s
[1453.957s][info][gc,start       ] GC(1002) Pause Young (Allocation Failure)
[1453.960s][info][gc,heap        ] GC(1002) PSYoungGen: 689214K->3164K(691712K)
[1453.960s][info][gc,heap        ] GC(1002) PSOldGen: 166391K->169097K(1398272K)
[1453.960s][info][gc,metaspace   ] GC(1002) Metaspace: 91589K(98736K)->91589K(98736K) NonClass: 80005K(83888K)->80005K(83888K) Class: 11584K(14848K)->11584K(14848K)
[1453.960s][info][gc             ] GC(1002) Pause Young (Allocation Failure) 835M->168M(2041M) 3.263ms
[1453.960s][info][gc,cpu         ] GC(1002) User=0.00s Sys=0.00s Real=0.00s
[1456.315s][info][gc,start       ] GC(1003) Pause Young (Allocation Failure)
[1456.320s][info][gc,heap        ] GC(1003) PSYoungGen: 687330K->2911K(692224K)
[1456.320s][info][gc,heap        ] GC(1003) PSOldGen: 169097K->170820K(1398272K)
[1456.320s][info][gc,metaspace   ] GC(1003) Metaspace: 91589K(98736K)->91589K(98736K) NonClass: 80005K(83888K)->80005K(83888K) Class: 11584K(14848K)->11584K(14848K)
[1456.320s][info][gc             ] GC(1003) Pause Young (Allocation Failure) 836M->169M(2041M) 5.058ms
[1456.320s][info][gc,cpu         ] GC(1003) User=0.00s Sys=0.00s Real=0.01s
[1457.945s][info][gc,start       ] GC(1004) Pause Young (Allocation Failure)
[1457.947s][info][gc,heap        ] GC(1004) PSYoungGen: 687967K->2849K(691712K)
[1457.947s][info][gc,heap        ] GC(1004) PSOldGen: 170820K->172697K(1398272K)
[1457.947s][info][gc,metaspace   ] GC(1004) Metaspace: 91589K(98736K)->91589K(98736K) NonClass: 80005K(83888K)->80005K(83888K) Class: 11584K(14848K)->11584K(14848K)
[1457.947s][info][gc             ] GC(1004) Pause Young (Allocation Failure) 838M->171M(2041M) 2.253ms
[1457.947s][info][gc,cpu         ] GC(1004) User=0.00s Sys=0.00s Real=0.00s
[1458.697s][info][gc,start       ] GC(1005) Pause Young (Allocation Failure)
[1458.699s][info][gc,heap        ] GC(1005) PSYoungGen: 687905K->3403K(692736K)
[1458.699s][info][gc,heap        ] GC(1005) PSOldGen: 172697K->174903K(1398272K)
[1458.699s][info][gc,metaspace   ] GC(1005) Metaspace: 91589K(98736K)->91589K(98736K) NonClass: 80005K(83888K)->80005K(83888K) Class: 11584K(14848K)->11584K(14848K)
[1458.699s][info][gc             ] GC(1005) Pause Young (Allocation Failure) 840M->174M(2042M) 2.759ms
[1458.700s][info][gc,cpu         ] GC(1005) User=0.00s Sys=0.00s Real=0.01s
[1461.175s][info][gc,start       ] GC(1006) Pause Young (Allocation Failure)
[1461.178s][info][gc,heap        ] GC(1006) PSYoungGen: 689483K->2481K(692224K)
[1461.178s][info][gc,heap        ] GC(1006) PSOldGen: 174903K->177114K(1398272K)
[1461.178s][info][gc,metaspace   ] GC(1006) Metaspace: 91589K(98736K)->91589K(98736K) NonClass: 80005K(83888K)->80005K(83888K) Class: 11584K(14848K)->11584K(14848K)
[1461.178s][info][gc             ] GC(1006) Pause Young (Allocation Failure) 844M->175M(2041M) 2.708ms
[1461.178s][info][gc,cpu         ] GC(1006) User=0.00s Sys=0.00s Real=0.00s
[1463.398s][info][gc,start       ] GC(1007) Pause Young (Allocation Failure)
[1463.400s][info][gc,heap        ] GC(1007) PSYoungGen: 688019K->3316K(692736K)
[1463.400s][info][gc,heap        ] GC(1007) PSOldGen: 177114K->178760K(1398272K)
[1463.400s][info][gc,metaspace   ] GC(1007) Metaspace: 91589K(98736K)->91589K(98736K) NonClass: 80005K(83888K)->80005K(83888K) Class: 11584K(14848K)->11584K(14848K)
[1463.400s][info][gc             ] GC(1007) Pause Young (Allocation Failure) 844M->177M(2042M) 2.465ms
[1463.400s][info][gc,cpu         ] GC(1007) User=0.00s Sys=0.00s Real=0.00s
[1464.019s][info][gc,start       ] GC(1008) Pause Young (Allocation Failure)
[1464.022s][info][gc,heap        ] GC(1008) PSYoungGen: 689513K->5349K(692224K)
[1464.022s][info][gc,heap        ] GC(1008) PSOldGen: 178760K->180300K(1398272K)
[1464.022s][info][gc,metaspace   ] GC(1008) Metaspace: 91589K(98736K)->91589K(98736K) NonClass: 80005K(83888K)->80005K(83888K) Class: 11584K(14848K)->11584K(14848K)
[1464.022s][info][gc             ] GC(1008) Pause Young (Allocation Failure) 847M->181M(2041M) 2.763ms
[1464.022s][info][gc,cpu         ] GC(1008) User=0.00s Sys=0.00s Real=0.00s
[1465.727s][info][gc,start       ] GC(1009) Pause Young (Allocation Failure)
[1465.729s][info][gc,heap        ] GC(1009) PSYoungGen: 691437K->2670K(692736K)
[1465.730s][info][gc,heap        ] GC(1009) PSOldGen: 180300K->183360K(1398272K)
[1465.730s][info][gc,metaspace   ] GC(1009) Metaspace: 91589K(98736K)->91589K(98736K) NonClass: 80005K(83888K)->80005K(83888K) Class: 11584K(14848K)->11584K(14848K)
[1465.730s][info][gc             ] GC(1009) Pause Young (Allocation Failure) 851M->181M(2042M) 2.570ms
[1465.730s][info][gc,cpu         ] GC(1009) User=0.00s Sys=0.00s Real=0.01s
[1468.092s][info][gc,start       ] GC(1010) Pause Young (Allocation Failure)
[1468.095s][info][gc,heap        ] GC(1010) PSYoungGen: 688750K->3041K(692224K)
[1468.095s][info][gc,heap        ] GC(1010) PSOldGen: 183360K->185086K(1398272K)
[1468.095s][info][gc,metaspace   ] GC(1010) Metaspace: 91589K(98736K)->91589K(98736K) NonClass: 80005K(83888K)->80005K(83888K) Class: 11584K(14848K)->11584K(14848K)
[1468.095s][info][gc             ] GC(1010) Pause Young (Allocation Failure) 851M->183M(2041M) 2.488ms
[1468.095s][info][gc,cpu         ] GC(1010) User=0.00s Sys=0.00s Real=0.00s
[1469.815s][info][gc,start       ] GC(1011) Pause Young (Allocation Failure)
[1469.818s][info][gc,heap        ] GC(1011) PSYoungGen: 689121K->2755K(692736K)
[1469.818s][info][gc,heap        ] GC(1011) PSOldGen: 185086K->186938K(1398272K)
[1469.818s][info][gc,metaspace   ] GC(1011) Metaspace: 91592K(98736K)->91592K(98736K) NonClass: 80007K(83888K)->80007K(83888K) Class: 11584K(14848K)->11584K(14848K)
[1469.818s][info][gc             ] GC(1011) Pause Young (Allocation Failure) 853M->185M(2042M) 2.948ms
[1469.818s][info][gc,cpu         ] GC(1011) User=0.00s Sys=0.00s Real=0.01s
[1470.586s][info][gc,start       ] GC(1012) Pause Young (Allocation Failure)
[1470.589s][info][gc,heap        ] GC(1012) PSYoungGen: 689347K->3357K(692736K)
[1470.589s][info][gc,heap        ] GC(1012) PSOldGen: 186938K->188960K(1398272K)
[1470.589s][info][gc,metaspace   ] GC(1012) Metaspace: 91592K(98736K)->91592K(98736K) NonClass: 80007K(83888K)->80007K(83888K) Class: 11584K(14848K)->11584K(14848K)
[1470.589s][info][gc             ] GC(1012) Pause Young (Allocation Failure) 855M->187M(2042M) 2.814ms
[1470.589s][info][gc,cpu         ] GC(1012) User=0.00s Sys=0.00s Real=0.00s
[1472.725s][info][gc,start       ] GC(1013) Pause Young (Allocation Failure)
[1472.728s][info][gc,heap        ] GC(1013) PSYoungGen: 688674K->3339K(693248K)
[1472.728s][info][gc,heap        ] GC(1013) PSOldGen: 188960K->191881K(1398272K)
[1472.728s][info][gc,metaspace   ] GC(1013) Metaspace: 91592K(98736K)->91592K(98736K) NonClass: 80007K(83888K)->80007K(83888K) Class: 11584K(14848K)->11584K(14848K)
[1472.728s][info][gc             ] GC(1013) Pause Young (Allocation Failure) 857M->190M(2042M) 2.758ms
[1472.728s][info][gc,cpu         ] GC(1013) User=0.00s Sys=0.00s Real=0.02s
[1473.370s][info][gc,start       ] GC(1014) Pause Young (Allocation Failure)
[1473.373s][info][gc,heap        ] GC(1014) PSYoungGen: 688065K->2806K(693248K)
[1473.373s][info][gc,heap        ] GC(1014) PSOldGen: 191881K->194408K(1398272K)
[1473.373s][info][gc,metaspace   ] GC(1014) Metaspace: 91592K(98736K)->91592K(98736K) NonClass: 80007K(83888K)->80007K(83888K) Class: 11584K(14848K)->11584K(14848K)
[1473.373s][info][gc             ] GC(1014) Pause Young (Allocation Failure) 859M->192M(2042M) 3.133ms
[1473.373s][info][gc,cpu         ] GC(1014) User=0.00s Sys=0.00s Real=0.00s
[1475.563s][info][gc,start       ] GC(1015) Pause Young (Allocation Failure)
[1475.566s][info][gc,heap        ] GC(1015) PSYoungGen: 690299K->3321K(693760K)
[1475.566s][info][gc,heap        ] GC(1015) PSOldGen: 194408K->196004K(1398272K)
[1475.566s][info][gc,metaspace   ] GC(1015) Metaspace: 91592K(98736K)->91592K(98736K) NonClass: 80007K(83888K)->80007K(83888K) Class: 11584K(14848K)->11584K(14848K)
[1475.566s][info][gc             ] GC(1015) Pause Young (Allocation Failure) 863M->194M(2043M) 3.230ms
[1475.566s][info][gc,cpu         ] GC(1015) User=0.05s Sys=0.00s Real=0.00s
[1476.550s][info][gc,start       ] GC(1016) Pause Young (Allocation Failure)
[1476.554s][info][gc,heap        ] GC(1016) PSYoungGen: 689799K->4141K(693248K)
[1476.555s][info][gc,heap        ] GC(1016) PSOldGen: 196004K->198352K(1398272K)
[1476.555s][info][gc,metaspace   ] GC(1016) Metaspace: 91592K(98736K)->91592K(98736K) NonClass: 80007K(83888K)->80007K(83888K) Class: 11584K(14848K)->11584K(14848K)
[1476.555s][info][gc             ] GC(1016) Pause Young (Allocation Failure) 865M->197M(2042M) 4.827ms
[1476.555s][info][gc,cpu         ] GC(1016) User=0.00s Sys=0.00s Real=0.00s
[1477.723s][info][gc,start       ] GC(1017) Pause Young (Allocation Failure)
[1477.726s][info][gc,heap        ] GC(1017) PSYoungGen: 692269K->3674K(693760K)
[1477.726s][info][gc,heap        ] GC(1017) PSOldGen: 198352K->200737K(1398272K)
[1477.726s][info][gc,metaspace   ] GC(1017) Metaspace: 91592K(98736K)->91592K(98736K) NonClass: 80007K(83888K)->80007K(83888K) Class: 11584K(14848K)->11584K(14848K)
[1477.726s][info][gc             ] GC(1017) Pause Young (Allocation Failure) 869M->199M(2043M) 3.110ms
[1477.726s][info][gc,cpu         ] GC(1017) User=0.00s Sys=0.00s Real=0.01s
[1479.584s][info][gc,start       ] GC(1018) Pause Young (Allocation Failure)
[1479.587s][info][gc,heap        ] GC(1018) PSYoungGen: 691802K->3843K(693248K)
[1479.587s][info][gc,heap        ] GC(1018) PSOldGen: 200737K->203459K(1398272K)
[1479.587s][info][gc,metaspace   ] GC(1018) Metaspace: 91592K(98736K)->91592K(98736K) NonClass: 80007K(83888K)->80007K(83888K) Class: 11584K(14848K)->11584K(14848K)
[1479.587s][info][gc             ] GC(1018) Pause Young (Allocation Failure) 871M->202M(2042M) 3.090ms
[1479.587s][info][gc,cpu         ] GC(1018) User=0.00s Sys=0.00s Real=0.00s
[1480.321s][info][gc,start       ] GC(1019) Pause Young (Allocation Failure)
[1480.324s][info][gc,heap        ] GC(1019) PSYoungGen: 691937K->3167K(693760K)
[1480.324s][info][gc,heap        ] GC(1019) PSOldGen: 203459K->205878K(1398272K)
[1480.324s][info][gc,metaspace   ] GC(1019) Metaspace: 91592K(98736K)->91592K(98736K) NonClass: 80007K(83888K)->80007K(83888K) Class: 11584K(14848K)->11584K(14848K)
[1480.324s][info][gc             ] GC(1019) Pause Young (Allocation Failure) 874M->204M(2043M) 2.961ms
[1480.324s][info][gc,cpu         ] GC(1019) User=0.00s Sys=0.00s Real=0.02s
[1482.629s][info][gc,start       ] GC(1020) Pause Young (Allocation Failure)
[1482.631s][info][gc,heap        ] GC(1020) PSYoungGen: 691807K->3240K(693760K)
[1482.631s][info][gc,heap        ] GC(1020) PSOldGen: 205878K->208586K(1398272K)
[1482.631s][info][gc,metaspace   ] GC(1020) Metaspace: 91592K(98736K)->91592K(98736K) NonClass: 80007K(83888K)->80007K(83888K) Class: 11584K(14848K)->11584K(14848K)
[1482.631s][info][gc             ] GC(1020) Pause Young (Allocation Failure) 876M->206M(2043M) 2.828ms
[1482.631s][info][gc,cpu         ] GC(1020) User=0.00s Sys=0.00s Real=0.00s
[1483.456s][info][gc,start       ] GC(1021) Pause Young (Allocation Failure)
[1483.459s][info][gc,heap        ] GC(1021) PSYoungGen: 691880K->3455K(693760K)
[1483.459s][info][gc,heap        ] GC(1021) PSOldGen: 208586K->210132K(1398272K)
[1483.459s][info][gc,metaspace   ] GC(1021) Metaspace: 91593K(98736K)->91593K(98736K) NonClass: 80009K(83888K)->80009K(83888K) Class: 11584K(14848K)->11584K(14848K)
[1483.459s][info][gc             ] GC(1021) Pause Young (Allocation Failure) 879M->208M(2043M) 2.980ms
[1483.459s][info][gc,cpu         ] GC(1021) User=0.00s Sys=0.00s Real=0.00s
[1483.469s][info][gc,start       ] GC(1022) Pause Young (System.gc())
[1483.471s][info][gc,heap        ] GC(1022) PSYoungGen: 43982K->192K(689152K)
[1483.471s][info][gc,heap        ] GC(1022) PSOldGen: 210132K->212150K(1398272K)
[1483.471s][info][gc,metaspace   ] GC(1022) Metaspace: 91593K(98736K)->91593K(98736K) NonClass: 80009K(83888K)->80009K(83888K) Class: 11584K(14848K)->11584K(14848K)
[1483.471s][info][gc             ] GC(1022) Pause Young (System.gc()) 248M->207M(2038M) 2.022ms
[1483.472s][info][gc,cpu         ] GC(1022) User=0.09s Sys=0.00s Real=0.00s
[1483.472s][info][gc,start       ] GC(1023) Pause Full (System.gc())
[1483.473s][info][gc,phases,start] GC(1023) Phase 1: Mark live objects
[1483.531s][info][gc,phases      ] GC(1023) Phase 1: Mark live objects 57.643ms
[1483.531s][info][gc,phases,start] GC(1023) Phase 2: Compute new object addresses
[1483.546s][info][gc,phases      ] GC(1023) Phase 2: Compute new object addresses 15.162ms
[1483.546s][info][gc,phases,start] GC(1023) Phase 3: Adjust pointers
[1483.584s][info][gc,phases      ] GC(1023) Phase 3: Adjust pointers 37.782ms
[1483.584s][info][gc,phases,start] GC(1023) Phase 4: Move objects
[1483.592s][info][gc,phases      ] GC(1023) Phase 4: Move objects 7.676ms
[1483.594s][info][gc,heap        ] GC(1023) PSYoungGen: 192K->0K(689152K)
[1483.594s][info][gc,heap        ] GC(1023) PSOldGen: 212150K->152412K(1398272K)
[1483.594s][info][gc,metaspace   ] GC(1023) Metaspace: 91593K(98736K)->91593K(98736K) NonClass: 80009K(83888K)->80009K(83888K) Class: 11584K(14848K)->11584K(14848K)
[1483.594s][info][gc             ] GC(1023) Pause Full (System.gc()) 207M->148M(2038M) 122.564ms
[1483.594s][info][gc,cpu         ] GC(1023) User=0.11s Sys=0.00s Real=0.12s
[1484.479s][info][gc,start       ] GC(1024) Pause Young (Allocation Failure)
[1484.481s][info][gc,heap        ] GC(1024) PSYoungGen: 688640K->3626K(693248K)
[1484.481s][info][gc,heap        ] GC(1024) PSOldGen: 152412K->152412K(1398272K)
[1484.481s][info][gc,metaspace   ] GC(1024) Metaspace: 91593K(98736K)->91593K(98736K) NonClass: 80009K(83888K)->80009K(83888K) Class: 11584K(14848K)->11584K(14848K)
[1484.481s][info][gc             ] GC(1024) Pause Young (Allocation Failure) 821M->152M(2042M) 2.225ms
[1484.481s][info][gc,cpu         ] GC(1024) User=0.00s Sys=0.00s Real=0.01s
[1486.826s][info][gc,start       ] GC(1025) Pause Young (Allocation Failure)
[1486.829s][info][gc,heap        ] GC(1025) PSYoungGen: 691145K->2347K(693248K)
[1486.829s][info][gc,heap        ] GC(1025) PSOldGen: 152412K->154990K(1398272K)
[1486.829s][info][gc,metaspace   ] GC(1025) Metaspace: 91593K(98736K)->91593K(98736K) NonClass: 80009K(83888K)->80009K(83888K) Class: 11584K(14848K)->11584K(14848K)
[1486.829s][info][gc             ] GC(1025) Pause Young (Allocation Failure) 823M->153M(2042M) 2.454ms
[1486.829s][info][gc,cpu         ] GC(1025) User=0.00s Sys=0.00s Real=0.00s
[1488.939s][info][gc,start       ] GC(1026) Pause Young (Allocation Failure)
[1488.942s][info][gc,heap        ] GC(1026) PSYoungGen: 689963K->3160K(693760K)
[1488.942s][info][gc,heap        ] GC(1026) PSOldGen: 154990K->156453K(1398272K)
[1488.942s][info][gc,metaspace   ] GC(1026) Metaspace: 91593K(98736K)->91593K(98736K) NonClass: 80009K(83888K)->80009K(83888K) Class: 11584K(14848K)->11584K(14848K)
[1488.942s][info][gc             ] GC(1026) Pause Young (Allocation Failure) 825M->155M(2043M) 3.139ms
[1488.942s][info][gc,cpu         ] GC(1026) User=0.02s Sys=0.00s Real=0.00s
[1489.562s][info][gc,start       ] GC(1027) Pause Young (Allocation Failure)
[1489.565s][info][gc,heap        ] GC(1027) PSYoungGen: 687780K->5111K(693760K)
[1489.565s][info][gc,heap        ] GC(1027) PSOldGen: 156453K->161983K(1398272K)
[1489.565s][info][gc,metaspace   ] GC(1027) Metaspace: 91593K(98736K)->91593K(98736K) NonClass: 80009K(83888K)->80009K(83888K) Class: 11584K(14848K)->11584K(14848K)
[1489.565s][info][gc             ] GC(1027) Pause Young (Allocation Failure) 824M->163M(2043M) 3.132ms
[1489.565s][info][gc,cpu         ] GC(1027) User=0.06s Sys=0.00s Real=0.00s
[1491.267s][info][gc,start       ] GC(1028) Pause Young (Allocation Failure)
[1491.271s][info][gc,heap        ] GC(1028) PSYoungGen: 693751K->4703K(691712K)
[1491.271s][info][gc,heap        ] GC(1028) PSOldGen: 161983K->164636K(1398272K)
[1491.271s][info][gc,metaspace   ] GC(1028) Metaspace: 91593K(98736K)->91593K(98736K) NonClass: 80009K(83888K)->80009K(83888K) Class: 11584K(14848K)->11584K(14848K)
[1491.271s][info][gc             ] GC(1028) Pause Young (Allocation Failure) 835M->165M(2041M) 3.369ms
[1491.271s][info][gc,cpu         ] GC(1028) User=0.00s Sys=0.00s Real=0.02s
[1493.702s][info][gc,start       ] GC(1029) Pause Young (Allocation Failure)
[1493.704s][info][gc,heap        ] GC(1029) PSYoungGen: 691101K->2920K(692736K)
[1493.704s][info][gc,heap        ] GC(1029) PSOldGen: 164636K->166421K(1398272K)
[1493.704s][info][gc,metaspace   ] GC(1029) Metaspace: 91593K(98736K)->91593K(98736K) NonClass: 80009K(83888K)->80009K(83888K) Class: 11584K(14848K)->11584K(14848K)
[1493.704s][info][gc             ] GC(1029) Pause Young (Allocation Failure) 835M->165M(2042M) 2.610ms
[1493.704s][info][gc,cpu         ] GC(1029) User=0.00s Sys=0.00s Real=0.00s
[1495.609s][info][gc,start       ] GC(1030) Pause Young (Allocation Failure)
[1495.612s][info][gc,heap        ] GC(1030) PSYoungGen: 689512K->3157K(693248K)
[1495.612s][info][gc,heap        ] GC(1030) PSOldGen: 166421K->168292K(1398272K)
[1495.612s][info][gc,metaspace   ] GC(1030) Metaspace: 91593K(98736K)->91593K(98736K) NonClass: 80009K(83888K)->80009K(83888K) Class: 11584K(14848K)->11584K(14848K)
[1495.612s][info][gc             ] GC(1030) Pause Young (Allocation Failure) 835M->167M(2042M) 2.614ms
[1495.612s][info][gc,cpu         ] GC(1030) User=0.09s Sys=0.00s Real=0.00s
[1496.534s][info][gc,start       ] GC(1031) Pause Young (Allocation Failure)
[1496.537s][info][gc,heap        ] GC(1031) PSYoungGen: 690773K->3378K(693248K)
[1496.537s][info][gc,heap        ] GC(1031) PSOldGen: 168292K->170381K(1398272K)
[1496.537s][info][gc,metaspace   ] GC(1031) Metaspace: 91593K(98736K)->91593K(98736K) NonClass: 80009K(83888K)->80009K(83888K) Class: 11584K(14848K)->11584K(14848K)
[1496.537s][info][gc             ] GC(1031) Pause Young (Allocation Failure) 838M->169M(2042M) 3.237ms
[1496.537s][info][gc,cpu         ] GC(1031) User=0.00s Sys=0.00s Real=0.00s
[1499.036s][info][gc,start       ] GC(1032) Pause Young (Allocation Failure)
[1499.038s][info][gc,heap        ] GC(1032) PSYoungGen: 690994K->2454K(693248K)
[1499.039s][info][gc,heap        ] GC(1032) PSOldGen: 170381K->172562K(1398272K)
[1499.039s][info][gc,metaspace   ] GC(1032) Metaspace: 91593K(98736K)->91593K(98736K) NonClass: 80009K(83888K)->80009K(83888K) Class: 11584K(14848K)->11584K(14848K)
[1499.039s][info][gc             ] GC(1032) Pause Young (Allocation Failure) 841M->170M(2042M) 2.629ms
[1499.039s][info][gc,cpu         ] GC(1032) User=0.00s Sys=0.00s Real=0.01s
[1501.288s][info][gc,start       ] GC(1033) Pause Young (Allocation Failure)
[1501.291s][info][gc,heap        ] GC(1033) PSYoungGen: 690070K->3459K(693248K)
[1501.291s][info][gc,heap        ] GC(1033) PSOldGen: 172562K->174310K(1398272K)
[1501.291s][info][gc,metaspace   ] GC(1033) Metaspace: 91593K(98736K)->91593K(98736K) NonClass: 80009K(83888K)->80009K(83888K) Class: 11584K(14848K)->11584K(14848K)
[1501.291s][info][gc             ] GC(1033) Pause Young (Allocation Failure) 842M->173M(2042M) 2.774ms
[1501.291s][info][gc,cpu         ] GC(1033) User=0.00s Sys=0.00s Real=0.00s
[1501.916s][info][gc,start       ] GC(1034) Pause Young (Allocation Failure)
[1501.919s][info][gc,heap        ] GC(1034) PSYoungGen: 688273K->5111K(684544K)
[1501.919s][info][gc,heap        ] GC(1034) PSOldGen: 174310K->184647K(1398272K)
[1501.919s][info][gc,metaspace   ] GC(1034) Metaspace: 91593K(98736K)->91593K(98736K) NonClass: 80009K(83888K)->80009K(83888K) Class: 11584K(14848K)->11584K(14848K)
[1501.919s][info][gc             ] GC(1034) Pause Young (Allocation Failure) 842M->185M(2034M) 3.759ms
[1501.920s][info][gc,cpu         ] GC(1034) User=0.00s Sys=0.00s Real=0.01s
[1503.671s][info][gc,start       ] GC(1035) Pause Young (Allocation Failure)
[1503.674s][info][gc,heap        ] GC(1035) PSYoungGen: 684535K->4278K(689152K)
[1503.674s][info][gc,heap        ] GC(1035) PSOldGen: 184647K->187226K(1398272K)
[1503.674s][info][gc,metaspace   ] GC(1035) Metaspace: 91593K(98736K)->91593K(98736K) NonClass: 80009K(83888K)->80009K(83888K) Class: 11584K(14848K)->11584K(14848K)
[1503.674s][info][gc             ] GC(1035) Pause Young (Allocation Failure) 848M->187M(2038M) 2.892ms
[1503.674s][info][gc,cpu         ] GC(1035) User=0.08s Sys=0.00s Real=0.02s
[1505.943s][info][gc,start       ] GC(1036) Pause Young (Allocation Failure)
[1505.946s][info][gc,heap        ] GC(1036) PSYoungGen: 682789K->2906K(689664K)
[1505.946s][info][gc,heap        ] GC(1036) PSOldGen: 187226K->189000K(1398272K)
[1505.946s][info][gc,metaspace   ] GC(1036) Metaspace: 91593K(98736K)->91593K(98736K) NonClass: 80009K(83888K)->80009K(83888K) Class: 11584K(14848K)->11584K(14848K)
[1505.946s][info][gc             ] GC(1036) Pause Young (Allocation Failure) 849M->187M(2039M) 3.552ms
[1505.946s][info][gc,cpu         ] GC(1036) User=0.00s Sys=0.00s Real=0.00s
[1507.571s][info][gc,start       ] GC(1037) Pause Young (Allocation Failure)
[1507.575s][info][gc,heap        ] GC(1037) PSYoungGen: 683354K->3037K(689664K)
[1507.575s][info][gc,heap        ] GC(1037) PSOldGen: 189000K->190817K(1398272K)
[1507.575s][info][gc,metaspace   ] GC(1037) Metaspace: 91593K(98736K)->91593K(98736K) NonClass: 80009K(83888K)->80009K(83888K) Class: 11584K(14848K)->11584K(14848K)
[1507.575s][info][gc             ] GC(1037) Pause Young (Allocation Failure) 851M->189M(2039M) 3.819ms
[1507.575s][info][gc,cpu         ] GC(1037) User=0.00s Sys=0.00s Real=0.00s
[1508.344s][info][gc,start       ] GC(1038) Pause Young (Allocation Failure)
[1508.347s][info][gc,heap        ] GC(1038) PSYoungGen: 683485K->3316K(690176K)
[1508.347s][info][gc,heap        ] GC(1038) PSOldGen: 190817K->192941K(1398272K)
[1508.347s][info][gc,metaspace   ] GC(1038) Metaspace: 91593K(98736K)->91593K(98736K) NonClass: 80009K(83888K)->80009K(83888K) Class: 11584K(14848K)->11584K(14848K)
[1508.347s][info][gc             ] GC(1038) Pause Young (Allocation Failure) 853M->191M(2039M) 3.055ms
[1508.347s][info][gc,cpu         ] GC(1038) User=0.08s Sys=0.02s Real=0.00s
[1510.534s][info][gc,start       ] GC(1039) Pause Young (Allocation Failure)
[1510.537s][info][gc,heap        ] GC(1039) PSYoungGen: 684788K->3202K(690176K)
[1510.537s][info][gc,heap        ] GC(1039) PSOldGen: 192941K->195854K(1398272K)
[1510.537s][info][gc,metaspace   ] GC(1039) Metaspace: 91593K(98736K)->91593K(98736K) NonClass: 80009K(83888K)->80009K(83888K) Class: 11584K(14848K)->11584K(14848K)
[1510.537s][info][gc             ] GC(1039) Pause Young (Allocation Failure) 857M->194M(2039M) 2.995ms
[1510.537s][info][gc,cpu         ] GC(1039) User=0.00s Sys=0.00s Real=0.00s
[1511.193s][info][gc,start       ] GC(1040) Pause Young (Allocation Failure)
[1511.196s][info][gc,heap        ] GC(1040) PSYoungGen: 683766K->2870K(690688K)
[1511.196s][info][gc,heap        ] GC(1040) PSOldGen: 195854K->198406K(1398272K)
[1511.196s][info][gc,metaspace   ] GC(1040) Metaspace: 91593K(98736K)->91593K(98736K) NonClass: 80009K(83888K)->80009K(83888K) Class: 11584K(14848K)->11584K(14848K)
[1511.196s][info][gc             ] GC(1040) Pause Young (Allocation Failure) 859M->196M(2040M) 3.200ms
[1511.196s][info][gc,cpu         ] GC(1040) User=0.00s Sys=0.00s Real=0.00s
[1513.278s][info][gc,start       ] GC(1041) Pause Young (Allocation Failure)
[1513.281s][info][gc,heap        ] GC(1041) PSYoungGen: 685366K->3829K(690688K)
[1513.281s][info][gc,heap        ] GC(1041) PSOldGen: 198406K->199993K(1398272K)
[1513.281s][info][gc,metaspace   ] GC(1041) Metaspace: 91593K(98736K)->91593K(98736K) NonClass: 80009K(83888K)->80009K(83888K) Class: 11584K(14848K)->11584K(14848K)
[1513.281s][info][gc             ] GC(1041) Pause Young (Allocation Failure) 863M->199M(2040M) 3.016ms
[1513.281s][info][gc,cpu         ] GC(1041) User=0.00s Sys=0.00s Real=0.00s
[1514.362s][info][gc,start       ] GC(1042) Pause Young (Allocation Failure)
[1514.365s][info][gc,heap        ] GC(1042) PSYoungGen: 682977K->4397K(691200K)
[1514.365s][info][gc,heap        ] GC(1042) PSOldGen: 199993K->202351K(1398272K)
[1514.365s][info][gc,metaspace   ] GC(1042) Metaspace: 91593K(98736K)->91593K(98736K) NonClass: 80009K(83888K)->80009K(83888K) Class: 11584K(14848K)->11584K(14848K)
[1514.365s][info][gc             ] GC(1042) Pause Young (Allocation Failure) 862M->201M(2040M) 3.047ms
[1514.365s][info][gc,cpu         ] GC(1042) User=0.00s Sys=0.00s Real=0.00s
[1515.456s][info][gc,start       ] GC(1043) Pause Young (Allocation Failure)
[1515.459s][info][gc,heap        ] GC(1043) PSYoungGen: 687917K->3862K(691200K)
[1515.459s][info][gc,heap        ] GC(1043) PSOldGen: 202351K->204799K(1398272K)
[1515.459s][info][gc,metaspace   ] GC(1043) Metaspace: 91593K(98736K)->91593K(98736K) NonClass: 80009K(83888K)->80009K(83888K) Class: 11584K(14848K)->11584K(14848K)
[1515.459s][info][gc             ] GC(1043) Pause Young (Allocation Failure) 869M->203M(2040M) 2.928ms
[1515.459s][info][gc,cpu         ] GC(1043) User=0.00s Sys=0.00s Real=0.00s
[1517.347s][info][gc,start       ] GC(1044) Pause Young (Allocation Failure)
[1517.351s][info][gc,heap        ] GC(1044) PSYoungGen: 687382K->7159K(686592K)
[1517.351s][info][gc,heap        ] GC(1044) PSOldGen: 204799K->209628K(1398272K)
[1517.352s][info][gc,metaspace   ] GC(1044) Metaspace: 91593K(98736K)->91593K(98736K) NonClass: 80009K(83888K)->80009K(83888K) Class: 11584K(14848K)->11584K(14848K)
[1517.352s][info][gc             ] GC(1044) Pause Young (Allocation Failure) 871M->211M(2036M) 4.725ms
[1517.352s][info][gc,cpu         ] GC(1044) User=0.00s Sys=0.00s Real=0.00s
[1518.151s][info][gc,start       ] GC(1045) Pause Young (Allocation Failure)
[1518.154s][info][gc,heap        ] GC(1045) PSYoungGen: 684835K->3120K(689152K)
[1518.154s][info][gc,heap        ] GC(1045) PSOldGen: 209628K->212684K(1398272K)
[1518.154s][info][gc,metaspace   ] GC(1045) Metaspace: 91593K(98736K)->91593K(98736K) NonClass: 80009K(83888K)->80009K(83888K) Class: 11584K(14848K)->11584K(14848K)
[1518.154s][info][gc             ] GC(1045) Pause Young (Allocation Failure) 873M->210M(2038M) 3.013ms
[1518.154s][info][gc,cpu         ] GC(1045) User=0.00s Sys=0.00s Real=0.00s
[1520.453s][info][gc,start       ] GC(1046) Pause Young (Allocation Failure)
[1520.457s][info][gc,heap        ] GC(1046) PSYoungGen: 682544K->3102K(689664K)
[1520.457s][info][gc,heap        ] GC(1046) PSOldGen: 212684K->215353K(1398272K)
[1520.457s][info][gc,metaspace   ] GC(1046) Metaspace: 91593K(98736K)->91593K(98736K) NonClass: 80009K(83888K)->80009K(83888K) Class: 11584K(14848K)->11584K(14848K)
[1520.457s][info][gc             ] GC(1046) Pause Young (Allocation Failure) 874M->213M(2039M) 3.503ms
[1520.457s][info][gc,cpu         ] GC(1046) User=0.06s Sys=0.02s Real=0.01s
[1521.310s][info][gc,start       ] GC(1047) Pause Young (Allocation Failure)
[1521.313s][info][gc,heap        ] GC(1047) PSYoungGen: 683038K->2446K(689152K)
[1521.313s][info][gc,heap        ] GC(1047) PSOldGen: 215353K->216892K(1398272K)
[1521.313s][info][gc,metaspace   ] GC(1047) Metaspace: 91593K(98736K)->91593K(98736K) NonClass: 80009K(83888K)->80009K(83888K) Class: 11584K(14848K)->11584K(14848K)
[1521.313s][info][gc             ] GC(1047) Pause Young (Allocation Failure) 877M->214M(2038M) 2.805ms
[1521.313s][info][gc,cpu         ] GC(1047) User=0.00s Sys=0.00s Real=0.00s
[1521.368s][info][gc,start       ] GC(1048) Pause Young (System.gc())
[1521.371s][info][gc,heap        ] GC(1048) PSYoungGen: 91982K->384K(689664K)
[1521.371s][info][gc,heap        ] GC(1048) PSOldGen: 216892K->218884K(1398272K)
[1521.371s][info][gc,metaspace   ] GC(1048) Metaspace: 91593K(98736K)->91593K(98736K) NonClass: 80009K(83888K)->80009K(83888K) Class: 11584K(14848K)->11584K(14848K)
[1521.371s][info][gc             ] GC(1048) Pause Young (System.gc()) 301M->214M(2039M) 2.277ms
[1521.371s][info][gc,cpu         ] GC(1048) User=0.00s Sys=0.00s Real=0.00s
[1521.371s][info][gc,start       ] GC(1049) Pause Full (System.gc())
[1521.372s][info][gc,phases,start] GC(1049) Phase 1: Mark live objects
[1521.428s][info][gc,phases      ] GC(1049) Phase 1: Mark live objects 55.592ms
[1521.428s][info][gc,phases,start] GC(1049) Phase 2: Compute new object addresses
[1521.442s][info][gc,phases      ] GC(1049) Phase 2: Compute new object addresses 14.329ms
[1521.442s][info][gc,phases,start] GC(1049) Phase 3: Adjust pointers
[1521.480s][info][gc,phases      ] GC(1049) Phase 3: Adjust pointers 37.190ms
[1521.480s][info][gc,phases,start] GC(1049) Phase 4: Move objects
[1521.489s][info][gc,phases      ] GC(1049) Phase 4: Move objects 8.997ms
[1521.491s][info][gc,heap        ] GC(1049) PSYoungGen: 384K->0K(689664K)
[1521.491s][info][gc,heap        ] GC(1049) PSOldGen: 218884K->83175K(1398272K)
[1521.491s][info][gc,metaspace   ] GC(1049) Metaspace: 91593K(98736K)->91593K(98736K) NonClass: 80009K(83888K)->80009K(83888K) Class: 11584K(14848K)->11584K(14848K)
[1521.491s][info][gc             ] GC(1049) Pause Full (System.gc()) 214M->81M(2039M) 120.438ms
[1521.491s][info][gc,cpu         ] GC(1049) User=0.12s Sys=0.00s Real=0.12s
[1522.383s][info][gc,start       ] GC(1050) Pause Young (Allocation Failure)
[1522.385s][info][gc,heap        ] GC(1050) PSYoungGen: 680448K->3630K(689664K)
[1522.385s][info][gc,heap        ] GC(1050) PSOldGen: 83175K->83175K(1398272K)
[1522.385s][info][gc,metaspace   ] GC(1050) Metaspace: 91593K(98736K)->91593K(98736K) NonClass: 80009K(83888K)->80009K(83888K) Class: 11584K(14848K)->11584K(14848K)
[1522.385s][info][gc             ] GC(1050) Pause Young (Allocation Failure) 745M->84M(2039M) 2.520ms
[1522.385s][info][gc,cpu         ] GC(1050) User=0.00s Sys=0.00s Real=0.00s
[1524.720s][info][gc,start       ] GC(1051) Pause Young (GCLocker Initiated GC)
[1524.722s][info][gc,heap        ] GC(1051) PSYoungGen: 684078K->2298K(690176K)
[1524.722s][info][gc,heap        ] GC(1051) PSOldGen: 83212K->85961K(1398272K)
[1524.722s][info][gc,metaspace   ] GC(1051) Metaspace: 91593K(98736K)->91593K(98736K) NonClass: 80009K(83888K)->80009K(83888K) Class: 11584K(14848K)->11584K(14848K)
[1524.722s][info][gc             ] GC(1051) Pause Young (GCLocker Initiated GC) 749M->86M(2039M) 2.428ms
[1524.723s][info][gc,cpu         ] GC(1051) User=0.00s Sys=0.00s Real=0.00s
[1526.835s][info][gc,start       ] GC(1052) Pause Young (Allocation Failure)
[1526.838s][info][gc,heap        ] GC(1052) PSYoungGen: 683258K->4011K(689664K)
[1526.838s][info][gc,heap        ] GC(1052) PSOldGen: 85963K->87641K(1398272K)
[1526.838s][info][gc,metaspace   ] GC(1052) Metaspace: 91593K(98736K)->91593K(98736K) NonClass: 80009K(83888K)->80009K(83888K) Class: 11584K(14848K)->11584K(14848K)
[1526.838s][info][gc             ] GC(1052) Pause Young (Allocation Failure) 751M->89M(2039M) 2.556ms
[1526.838s][info][gc,cpu         ] GC(1052) User=0.00s Sys=0.00s Real=0.00s
[1527.464s][info][gc,start       ] GC(1053) Pause Young (Allocation Failure)
[1527.467s][info][gc,heap        ] GC(1053) PSYoungGen: 682966K->8163K(683520K)
[1527.467s][info][gc,heap        ] GC(1053) PSOldGen: 87641K->93978K(1398272K)
[1527.467s][info][gc,metaspace   ] GC(1053) Metaspace: 91593K(98736K)->91593K(98736K) NonClass: 80009K(83888K)->80009K(83888K) Class: 11584K(14848K)->11584K(14848K)
[1527.467s][info][gc             ] GC(1053) Pause Young (Allocation Failure) 752M->99M(2033M) 3.654ms
[1527.467s][info][gc,cpu         ] GC(1053) User=0.00s Sys=0.00s Real=0.00s
[1529.043s][info][gc,start       ] GC(1054) Pause Young (Allocation Failure)
[1529.047s][info][gc,heap        ] GC(1054) PSYoungGen: 683491K->3176K(687104K)
[1529.047s][info][gc,heap        ] GC(1054) PSOldGen: 93978K->96947K(1398272K)
[1529.047s][info][gc,metaspace   ] GC(1054) Metaspace: 91593K(98736K)->91593K(98736K) NonClass: 80009K(83888K)->80009K(83888K) Class: 11584K(14848K)->11584K(14848K)
[1529.047s][info][gc             ] GC(1054) Pause Young (Allocation Failure) 759M->97M(2036M) 3.647ms
[1529.047s][info][gc,cpu         ] GC(1054) User=0.00s Sys=0.00s Real=0.00s
[1531.358s][info][gc,start       ] GC(1055) Pause Young (Allocation Failure)
[1531.361s][info][gc,heap        ] GC(1055) PSYoungGen: 678504K->6766K(686592K)
[1531.361s][info][gc,heap        ] GC(1055) PSOldGen: 96947K->98662K(1398272K)
[1531.361s][info][gc,metaspace   ] GC(1055) Metaspace: 91593K(98736K)->91593K(98736K) NonClass: 80009K(83888K)->80009K(83888K) Class: 11584K(14848K)->11584K(14848K)
[1531.362s][info][gc             ] GC(1055) Pause Young (Allocation Failure) 757M->102M(2036M) 3.028ms
[1531.362s][info][gc,cpu         ] GC(1055) User=0.06s Sys=0.02s Real=0.00s
[1533.094s][info][gc,start       ] GC(1056) Pause Young (Allocation Failure)
[1533.097s][info][gc,heap        ] GC(1056) PSYoungGen: 682094K->5296K(687104K)
[1533.097s][info][gc,heap        ] GC(1056) PSOldGen: 98662K->100539K(1398272K)
[1533.097s][info][gc,metaspace   ] GC(1056) Metaspace: 91593K(98736K)->91593K(98736K) NonClass: 80009K(83888K)->80009K(83888K) Class: 11584K(14848K)->11584K(14848K)
[1533.097s][info][gc             ] GC(1056) Pause Young (Allocation Failure) 762M->103M(2036M) 3.667ms
[1533.097s][info][gc,cpu         ] GC(1056) User=0.06s Sys=0.02s Real=0.00s
[1533.842s][info][gc,start       ] GC(1057) Pause Young (Allocation Failure)
[1533.844s][info][gc,heap        ] GC(1057) PSYoungGen: 680624K->3304K(688128K)
[1533.845s][info][gc,heap        ] GC(1057) PSOldGen: 100539K->102754K(1398272K)
[1533.845s][info][gc,metaspace   ] GC(1057) Metaspace: 91593K(98736K)->91593K(98736K) NonClass: 80009K(83888K)->80009K(83888K) Class: 11584K(14848K)->11584K(14848K)
[1533.845s][info][gc             ] GC(1057) Pause Young (Allocation Failure) 762M->103M(2037M) 2.944ms
[1533.845s][info][gc,cpu         ] GC(1057) User=0.00s Sys=0.00s Real=0.00s
[1536.099s][info][gc,start       ] GC(1058) Pause Young (Allocation Failure)
[1536.102s][info][gc,heap        ] GC(1058) PSYoungGen: 679733K->3098K(687616K)
[1536.102s][info][gc,heap        ] GC(1058) PSOldGen: 102754K->105624K(1398272K)
[1536.102s][info][gc,metaspace   ] GC(1058) Metaspace: 91593K(98736K)->91593K(98736K) NonClass: 80009K(83888K)->80009K(83888K) Class: 11584K(14848K)->11584K(14848K)
[1536.102s][info][gc             ] GC(1058) Pause Young (Allocation Failure) 764M->106M(2037M) 2.490ms
[1536.102s][info][gc,cpu         ] GC(1058) User=0.00s Sys=0.00s Real=0.00s
[1538.342s][info][gc,start       ] GC(1059) Pause Young (Allocation Failure)
[1538.345s][info][gc,heap        ] GC(1059) PSYoungGen: 679962K->3931K(688640K)
[1538.345s][info][gc,heap        ] GC(1059) PSOldGen: 105624K->107442K(1398272K)
[1538.345s][info][gc,metaspace   ] GC(1059) Metaspace: 91593K(98736K)->91593K(98736K) NonClass: 80009K(83888K)->80009K(83888K) Class: 11584K(14848K)->11584K(14848K)
[1538.345s][info][gc             ] GC(1059) Pause Young (Allocation Failure) 767M->108M(2038M) 3.064ms
[1538.345s][info][gc,cpu         ] GC(1059) User=0.00s Sys=0.00s Real=0.01s
[1539.190s][info][gc,start       ] GC(1060) Pause Young (Allocation Failure)
[1539.192s][info][gc,heap        ] GC(1060) PSYoungGen: 681819K->3750K(688128K)
[1539.192s][info][gc,heap        ] GC(1060) PSOldGen: 107442K->108985K(1398272K)
[1539.192s][info][gc,metaspace   ] GC(1060) Metaspace: 91593K(98736K)->91593K(98736K) NonClass: 80009K(83888K)->80009K(83888K) Class: 11584K(14848K)->11584K(14848K)
[1539.192s][info][gc             ] GC(1060) Pause Young (Allocation Failure) 770M->110M(2037M) 2.539ms
[1539.192s][info][gc,cpu         ] GC(1060) User=0.00s Sys=0.00s Real=0.00s
[1540.580s][info][gc,start       ] GC(1061) Pause Young (Allocation Failure)
[1540.583s][info][gc,heap        ] GC(1061) PSYoungGen: 681638K->4797K(689664K)
[1540.583s][info][gc,heap        ] GC(1061) PSOldGen: 108985K->111686K(1398272K)
[1540.583s][info][gc,metaspace   ] GC(1061) Metaspace: 91593K(98736K)->91593K(98736K) NonClass: 80009K(83888K)->80009K(83888K) Class: 11584K(14848K)->11584K(14848K)
[1540.583s][info][gc             ] GC(1061) Pause Young (Allocation Failure) 772M->113M(2039M) 3.110ms
[1540.583s][info][gc,cpu         ] GC(1061) User=0.00s Sys=0.00s Real=0.02s
[1542.815s][info][gc,start       ] GC(1062) Pause Young (Allocation Failure)
[1542.817s][info][gc,heap        ] GC(1062) PSYoungGen: 684686K->2752K(689152K)
[1542.817s][info][gc,heap        ] GC(1062) PSOldGen: 111686K->113814K(1398272K)
[1542.817s][info][gc,metaspace   ] GC(1062) Metaspace: 91593K(98736K)->91593K(98736K) NonClass: 80009K(83888K)->80009K(83888K) Class: 11584K(14848K)->11584K(14848K)
[1542.817s][info][gc             ] GC(1062) Pause Young (Allocation Failure) 777M->113M(2038M) 2.710ms
[1542.817s][info][gc,cpu         ] GC(1062) User=0.00s Sys=0.00s Real=0.00s
[1544.845s][info][gc,start       ] GC(1063) Pause Young (Allocation Failure)
[1544.847s][info][gc,heap        ] GC(1063) PSYoungGen: 682688K->3708K(690176K)
[1544.847s][info][gc,heap        ] GC(1063) PSOldGen: 113814K->115599K(1398272K)
[1544.847s][info][gc,metaspace   ] GC(1063) Metaspace: 91593K(98736K)->91593K(98736K) NonClass: 80009K(83888K)->80009K(83888K) Class: 11584K(14848K)->11584K(14848K)
[1544.847s][info][gc             ] GC(1063) Pause Young (Allocation Failure) 777M->116M(2039M) 2.699ms
[1544.847s][info][gc,cpu         ] GC(1063) User=0.02s Sys=0.00s Real=0.00s
[1545.606s][info][gc,start       ] GC(1064) Pause Young (Allocation Failure)
[1545.609s][info][gc,heap        ] GC(1064) PSYoungGen: 684668K->3104K(689664K)
[1545.609s][info][gc,heap        ] GC(1064) PSOldGen: 115599K->117721K(1398272K)
[1545.609s][info][gc,metaspace   ] GC(1064) Metaspace: 91593K(98736K)->91593K(98736K) NonClass: 80009K(83888K)->80009K(83888K) Class: 11584K(14848K)->11584K(14848K)
[1545.609s][info][gc             ] GC(1064) Pause Young (Allocation Failure) 781M->117M(2039M) 2.892ms
[1545.609s][info][gc,cpu         ] GC(1064) User=0.00s Sys=0.00s Real=0.02s
[1547.802s][info][gc,start       ] GC(1065) Pause Young (Allocation Failure)
[1547.804s][info][gc,heap        ] GC(1065) PSYoungGen: 684064K->2954K(690688K)
[1547.804s][info][gc,heap        ] GC(1065) PSOldGen: 117721K->120437K(1398272K)
[1547.804s][info][gc,metaspace   ] GC(1065) Metaspace: 91593K(98736K)->91593K(98736K) NonClass: 80009K(83888K)->80009K(83888K) Class: 11584K(14848K)->11584K(14848K)
[1547.804s][info][gc             ] GC(1065) Pause Young (Allocation Failure) 782M->120M(2040M) 2.459ms
[1547.804s][info][gc,cpu         ] GC(1065) User=0.00s Sys=0.00s Real=0.00s
[1548.485s][info][gc,start       ] GC(1066) Pause Young (Allocation Failure)
[1548.488s][info][gc,heap        ] GC(1066) PSYoungGen: 684048K->8163K(690176K)
[1548.488s][info][gc,heap        ] GC(1066) PSOldGen: 120437K->126564K(1398272K)
[1548.488s][info][gc,metaspace   ] GC(1066) Metaspace: 91593K(98736K)->91593K(98736K) NonClass: 80009K(83888K)->80009K(83888K) Class: 11584K(14848K)->11584K(14848K)
[1548.488s][info][gc             ] GC(1066) Pause Young (Allocation Failure) 785M->131M(2039M) 3.445ms
[1548.488s][info][gc,cpu         ] GC(1066) User=0.09s Sys=0.00s Real=0.00s
[1550.076s][info][gc,start       ] GC(1067) Pause Young (Allocation Failure)
[1550.079s][info][gc,heap        ] GC(1067) PSYoungGen: 686730K->2651K(685056K)
[1550.079s][info][gc,heap        ] GC(1067) PSOldGen: 126564K->129577K(1398272K)
[1550.079s][info][gc,metaspace   ] GC(1067) Metaspace: 91593K(98736K)->91593K(98736K) NonClass: 80009K(83888K)->80009K(83888K) Class: 11584K(14848K)->11584K(14848K)
[1550.079s][info][gc             ] GC(1067) Pause Young (Allocation Failure) 794M->129M(2034M) 2.771ms
[1550.079s][info][gc,cpu         ] GC(1067) User=0.00s Sys=0.00s Real=0.00s
[1551.651s][info][gc,start       ] GC(1068) Pause Young (Allocation Failure)
[1551.654s][info][gc,heap        ] GC(1068) PSYoungGen: 678846K->2849K(687616K)
[1551.654s][info][gc,heap        ] GC(1068) PSOldGen: 129577K->131730K(1398272K)
[1551.654s][info][gc,metaspace   ] GC(1068) Metaspace: 91593K(98736K)->91593K(98736K) NonClass: 80009K(83888K)->80009K(83888K) Class: 11584K(14848K)->11584K(14848K)
[1551.654s][info][gc             ] GC(1068) Pause Young (Allocation Failure) 789M->131M(2037M) 3.000ms
[1551.654s][info][gc,cpu         ] GC(1068) User=0.00s Sys=0.00s Real=0.01s
[1552.362s][info][gc,start       ] GC(1069) Pause Young (Allocation Failure)
[1552.365s][info][gc,heap        ] GC(1069) PSYoungGen: 679201K->3379K(688128K)
[1552.365s][info][gc,heap        ] GC(1069) PSOldGen: 131730K->133842K(1398272K)
[1552.365s][info][gc,metaspace   ] GC(1069) Metaspace: 91593K(98736K)->91593K(98736K) NonClass: 80009K(83888K)->80009K(83888K) Class: 11584K(14848K)->11584K(14848K)
[1552.365s][info][gc             ] GC(1069) Pause Young (Allocation Failure) 791M->134M(2037M) 3.168ms
[1552.365s][info][gc,cpu         ] GC(1069) User=0.00s Sys=0.00s Real=0.00s
[1554.478s][info][gc,start       ] GC(1070) Pause Young (Allocation Failure)
[1554.481s][info][gc,heap        ] GC(1070) PSYoungGen: 677216K->3607K(687616K)
[1554.481s][info][gc,heap        ] GC(1070) PSOldGen: 133842K->136833K(1398272K)
[1554.481s][info][gc,metaspace   ] GC(1070) Metaspace: 91593K(98736K)->91593K(98736K) NonClass: 80009K(83888K)->80009K(83888K) Class: 11584K(14848K)->11584K(14848K)
[1554.481s][info][gc             ] GC(1070) Pause Young (Allocation Failure) 792M->137M(2037M) 2.944ms
[1554.481s][info][gc,cpu         ] GC(1070) User=0.00s Sys=0.00s Real=0.00s
[1555.081s][info][gc,start       ] GC(1071) Pause Young (Allocation Failure)
[1555.084s][info][gc,heap        ] GC(1071) PSYoungGen: 676513K->2631K(688640K)
[1555.084s][info][gc,heap        ] GC(1071) PSOldGen: 136833K->139311K(1398272K)
[1555.084s][info][gc,metaspace   ] GC(1071) Metaspace: 91593K(98736K)->91593K(98736K) NonClass: 80009K(83888K)->80009K(83888K) Class: 11584K(14848K)->11584K(14848K)
[1555.084s][info][gc             ] GC(1071) Pause Young (Allocation Failure) 794M->138M(2038M) 3.002ms
[1555.084s][info][gc,cpu         ] GC(1071) User=0.00s Sys=0.00s Real=0.00s
[1557.047s][info][gc,start       ] GC(1072) Pause Young (Allocation Failure)
[1557.049s][info][gc,heap        ] GC(1072) PSYoungGen: 678415K->2960K(688640K)
[1557.049s][info][gc,heap        ] GC(1072) PSOldGen: 139311K->140922K(1398272K)
[1557.049s][info][gc,metaspace   ] GC(1072) Metaspace: 91593K(98736K)->91593K(98736K) NonClass: 80009K(83888K)->80009K(83888K) Class: 11584K(14848K)->11584K(14848K)
[1557.050s][info][gc             ] GC(1072) Pause Young (Allocation Failure) 798M->140M(2038M) 2.616ms
[1557.050s][info][gc,cpu         ] GC(1072) User=0.08s Sys=0.00s Real=0.00s
[1558.494s][info][gc,start       ] GC(1073) Pause Young (Allocation Failure)
[1558.496s][info][gc,heap        ] GC(1073) PSYoungGen: 680601K->2796K(689664K)
[1558.497s][info][gc,heap        ] GC(1073) PSOldGen: 140922K->143258K(1398272K)
[1558.497s][info][gc,metaspace   ] GC(1073) Metaspace: 91593K(98736K)->91593K(98736K) NonClass: 80009K(83888K)->80009K(83888K) Class: 11584K(14848K)->11584K(14848K)
[1558.497s][info][gc             ] GC(1073) Pause Young (Allocation Failure) 802M->142M(2039M) 2.837ms
[1558.497s][info][gc,cpu         ] GC(1073) User=0.00s Sys=0.00s Real=0.00s
[1558.659s][info][gc,start       ] GC(1074) Pause Young (System.gc())
[1558.661s][info][gc,heap        ] GC(1074) PSYoungGen: 238414K->480K(689152K)
[1558.661s][info][gc,heap        ] GC(1074) PSOldGen: 143258K->145354K(1398272K)
[1558.661s][info][gc,metaspace   ] GC(1074) Metaspace: 91593K(98736K)->91593K(98736K) NonClass: 80009K(83888K)->80009K(83888K) Class: 11584K(14848K)->11584K(14848K)
[1558.661s][info][gc             ] GC(1074) Pause Young (System.gc()) 372M->142M(2038M) 2.056ms
[1558.661s][info][gc,cpu         ] GC(1074) User=0.00s Sys=0.00s Real=0.00s
[1558.661s][info][gc,start       ] GC(1075) Pause Full (System.gc())
[1558.663s][info][gc,phases,start] GC(1075) Phase 1: Mark live objects
[1558.720s][info][gc,phases      ] GC(1075) Phase 1: Mark live objects 56.718ms
[1558.720s][info][gc,phases,start] GC(1075) Phase 2: Compute new object addresses
[1558.734s][info][gc,phases      ] GC(1075) Phase 2: Compute new object addresses 14.440ms
[1558.734s][info][gc,phases,start] GC(1075) Phase 3: Adjust pointers
[1558.771s][info][gc,phases      ] GC(1075) Phase 3: Adjust pointers 36.635ms
[1558.771s][info][gc,phases,start] GC(1075) Phase 4: Move objects
[1558.771s][info][gc,phases      ] GC(1075) Phase 4: Move objects 0.088ms
[1558.774s][info][gc,heap        ] GC(1075) PSYoungGen: 480K->0K(689152K)
[1558.774s][info][gc,heap        ] GC(1075) PSOldGen: 145354K->145746K(1398272K)
[1558.774s][info][gc,metaspace   ] GC(1075) Metaspace: 91593K(98736K)->91593K(98736K) NonClass: 80009K(83888K)->80009K(83888K) Class: 11584K(14848K)->11584K(14848K)
[1558.774s][info][gc             ] GC(1075) Pause Full (System.gc()) 142M->142M(2038M) 112.321ms
[1558.774s][info][gc,cpu         ] GC(1075) User=0.11s Sys=0.00s Real=0.11s
[1559.649s][info][gc,start       ] GC(1076) Pause Young (Allocation Failure)
[1559.652s][info][gc,heap        ] GC(1076) PSYoungGen: 679936K->3712K(690176K)
[1559.652s][info][gc,heap        ] GC(1076) PSOldGen: 145746K->145746K(1398272K)
[1559.652s][info][gc,metaspace   ] GC(1076) Metaspace: 91593K(98736K)->91593K(98736K) NonClass: 80009K(83888K)->80009K(83888K) Class: 11584K(14848K)->11584K(14848K)
[1559.652s][info][gc             ] GC(1076) Pause Young (Allocation Failure) 806M->145M(2039M) 2.824ms
[1559.652s][info][gc,cpu         ] GC(1076) User=0.00s Sys=0.00s Real=0.00s
[1562.015s][info][gc,start       ] GC(1077) Pause Young (Allocation Failure)
[1562.018s][info][gc,heap        ] GC(1077) PSYoungGen: 684574K->2384K(689664K)
[1562.018s][info][gc,heap        ] GC(1077) PSOldGen: 145746K->148504K(1398272K)
[1562.018s][info][gc,metaspace   ] GC(1077) Metaspace: 91593K(98736K)->91593K(98736K) NonClass: 80009K(83888K)->80009K(83888K) Class: 11584K(14848K)->11584K(14848K)
[1562.018s][info][gc             ] GC(1077) Pause Young (Allocation Failure) 810M->147M(2039M) 2.523ms
[1562.018s][info][gc,cpu         ] GC(1077) User=0.06s Sys=0.00s Real=0.00s
[1564.125s][info][gc,start       ] GC(1078) Pause Young (Allocation Failure)
[1564.127s][info][gc,heap        ] GC(1078) PSYoungGen: 683344K->3691K(690688K)
[1564.127s][info][gc,heap        ] GC(1078) PSOldGen: 148504K->150186K(1398272K)
[1564.127s][info][gc,metaspace   ] GC(1078) Metaspace: 91593K(98736K)->91593K(98736K) NonClass: 80009K(83888K)->80009K(83888K) Class: 11584K(14848K)->11584K(14848K)
[1564.127s][info][gc             ] GC(1078) Pause Young (Allocation Failure) 812M->150M(2040M) 2.850ms
[1564.127s][info][gc,cpu         ] GC(1078) User=0.06s Sys=0.02s Real=0.01s
[1564.764s][info][gc,start       ] GC(1079) Pause Young (Allocation Failure)
[1564.767s][info][gc,heap        ] GC(1079) PSYoungGen: 681591K->8163K(690176K)
[1564.767s][info][gc,heap        ] GC(1079) PSOldGen: 150186K->152587K(1398272K)
[1564.767s][info][gc,metaspace   ] GC(1079) Metaspace: 91593K(98736K)->91593K(98736K) NonClass: 80009K(83888K)->80009K(83888K) Class: 11584K(14848K)->11584K(14848K)
[1564.767s][info][gc             ] GC(1079) Pause Young (Allocation Failure) 812M->156M(2039M) 3.178ms
[1564.767s][info][gc,cpu         ] GC(1079) User=0.00s Sys=0.00s Real=0.00s
[1566.331s][info][gc,start       ] GC(1080) Pause Young (Allocation Failure)
[1566.334s][info][gc,heap        ] GC(1080) PSYoungGen: 690147K->3070K(688128K)
[1566.334s][info][gc,heap        ] GC(1080) PSOldGen: 152587K->155661K(1398272K)
[1566.334s][info][gc,metaspace   ] GC(1080) Metaspace: 91593K(98736K)->91593K(98736K) NonClass: 80009K(83888K)->80009K(83888K) Class: 11584K(14848K)->11584K(14848K)
[1566.334s][info][gc             ] GC(1080) Pause Young (Allocation Failure) 822M->155M(2037M) 3.415ms
[1566.334s][info][gc,cpu         ] GC(1080) User=0.00s Sys=0.00s Real=0.00s
[1568.720s][info][gc,start       ] GC(1081) Pause Young (Allocation Failure)
[1568.725s][info][gc,heap        ] GC(1081) PSYoungGen: 682439K->2723K(689152K)
[1568.725s][info][gc,heap        ] GC(1081) PSOldGen: 155661K->157364K(1398272K)
[1568.725s][info][gc,metaspace   ] GC(1081) Metaspace: 91593K(98736K)->91593K(98736K) NonClass: 80009K(83888K)->80009K(83888K) Class: 11584K(14848K)->11584K(14848K)
[1568.725s][info][gc             ] GC(1081) Pause Young (Allocation Failure) 818M->156M(2038M) 4.263ms
[1568.725s][info][gc,cpu         ] GC(1081) User=0.00s Sys=0.00s Real=0.01s
[1570.416s][info][gc,start       ] GC(1082) Pause Young (Allocation Failure)
[1570.420s][info][gc,heap        ] GC(1082) PSYoungGen: 682147K->6484K(688128K)
[1570.420s][info][gc,heap        ] GC(1082) PSOldGen: 157364K->159254K(1398272K)
[1570.420s][info][gc,metaspace   ] GC(1082) Metaspace: 91593K(98736K)->91593K(98736K) NonClass: 80009K(83888K)->80009K(83888K) Class: 11584K(14848K)->11584K(14848K)
[1570.420s][info][gc             ] GC(1082) Pause Young (Allocation Failure) 819M->161M(2037M) 3.957ms
[1570.420s][info][gc,cpu         ] GC(1082) User=0.00s Sys=0.00s Real=0.00s
[1571.188s][info][gc,start       ] GC(1083) Pause Young (Allocation Failure)
[1571.191s][info][gc,heap        ] GC(1083) PSYoungGen: 684884K->3312K(688640K)
[1571.191s][info][gc,heap        ] GC(1083) PSOldGen: 159254K->161599K(1398272K)
[1571.191s][info][gc,metaspace   ] GC(1083) Metaspace: 91593K(98736K)->91593K(98736K) NonClass: 80009K(83888K)->80009K(83888K) Class: 11584K(14848K)->11584K(14848K)
[1571.191s][info][gc             ] GC(1083) Pause Young (Allocation Failure) 824M->161M(2038M) 3.100ms
[1571.191s][info][gc,cpu         ] GC(1083) User=0.02s Sys=0.00s Real=0.00s
[1573.481s][info][gc,start       ] GC(1084) Pause Young (Allocation Failure)
[1573.483s][info][gc,heap        ] GC(1084) PSYoungGen: 681712K->2315K(689664K)
[1573.484s][info][gc,heap        ] GC(1084) PSOldGen: 161599K->164496K(1398272K)
[1573.484s][info][gc,metaspace   ] GC(1084) Metaspace: 91593K(98736K)->91593K(98736K) NonClass: 80009K(83888K)->80009K(83888K) Class: 11584K(14848K)->11584K(14848K)
[1573.484s][info][gc             ] GC(1084) Pause Young (Allocation Failure) 823M->162M(2039M) 2.947ms
[1573.484s][info][gc,cpu         ] GC(1084) User=0.00s Sys=0.00s Real=0.01s
[1575.775s][info][gc,start       ] GC(1085) Pause Young (Allocation Failure)
[1575.777s][info][gc,heap        ] GC(1085) PSYoungGen: 681340K->2193K(689152K)
[1575.777s][info][gc,heap        ] GC(1085) PSOldGen: 164496K->166203K(1398272K)
[1575.777s][info][gc,metaspace   ] GC(1085) Metaspace: 91593K(98736K)->91593K(98736K) NonClass: 80009K(83888K)->80009K(83888K) Class: 11584K(14848K)->11584K(14848K)
[1575.777s][info][gc             ] GC(1085) Pause Young (Allocation Failure) 826M->164M(2038M) 2.383ms
[1575.777s][info][gc,cpu         ] GC(1085) User=0.00s Sys=0.00s Real=0.00s
[1576.570s][info][gc,start       ] GC(1086) Pause Young (Allocation Failure)
[1576.573s][info][gc,heap        ] GC(1086) PSYoungGen: 682129K->3745K(690176K)
[1576.573s][info][gc,heap        ] GC(1086) PSOldGen: 166203K->167681K(1398272K)
[1576.573s][info][gc,metaspace   ] GC(1086) Metaspace: 91593K(98736K)->91593K(98736K) NonClass: 80009K(83888K)->80009K(83888K) Class: 11584K(14848K)->11584K(14848K)
[1576.573s][info][gc             ] GC(1086) Pause Young (Allocation Failure) 828M->167M(2039M) 3.298ms
[1576.574s][info][gc,cpu         ] GC(1086) User=0.00s Sys=0.00s Real=0.00s
[1578.047s][info][gc,start       ] GC(1087) Pause Young (GCLocker Initiated GC)
[1578.050s][info][gc,heap        ] GC(1087) PSYoungGen: 684705K->5024K(689664K)
[1578.050s][info][gc,heap        ] GC(1087) PSOldGen: 167716K->170954K(1398272K)
[1578.050s][info][gc,metaspace   ] GC(1087) Metaspace: 91593K(98736K)->91593K(98736K) NonClass: 80009K(83888K)->80009K(83888K) Class: 11584K(14848K)->11584K(14848K)
[1578.050s][info][gc             ] GC(1087) Pause Young (GCLocker Initiated GC) 832M->171M(2039M) 3.081ms
[1578.050s][info][gc,cpu         ] GC(1087) User=0.05s Sys=0.02s Real=0.00s
[1580.347s][info][gc,start       ] GC(1088) Pause Young (Allocation Failure)
[1580.351s][info][gc,heap        ] GC(1088) PSYoungGen: 685984K->2989K(690688K)
[1580.351s][info][gc,heap        ] GC(1088) PSOldGen: 170958K->172660K(1398272K)
[1580.351s][info][gc,metaspace   ] GC(1088) Metaspace: 91593K(98736K)->91593K(98736K) NonClass: 80009K(83888K)->80009K(83888K) Class: 11584K(14848K)->11584K(14848K)
[1580.351s][info][gc             ] GC(1088) Pause Young (Allocation Failure) 836M->171M(2040M) 3.926ms
[1580.351s][info][gc,cpu         ] GC(1088) User=0.00s Sys=0.00s Real=0.00s
[1582.225s][info][gc,start       ] GC(1089) Pause Young (Allocation Failure)
[1582.228s][info][gc,heap        ] GC(1089) PSYoungGen: 684973K->4285K(690176K)
[1582.228s][info][gc,heap        ] GC(1089) PSOldGen: 172660K->174501K(1398272K)
[1582.228s][info][gc,metaspace   ] GC(1089) Metaspace: 91593K(98736K)->91593K(98736K) NonClass: 80009K(83888K)->80009K(83888K) Class: 11584K(14848K)->11584K(14848K)
[1582.228s][info][gc             ] GC(1089) Pause Young (Allocation Failure) 837M->174M(2039M) 3.337ms
[1582.228s][info][gc,cpu         ] GC(1089) User=0.00s Sys=0.00s Real=0.00s
[1582.994s][info][gc,start       ] GC(1090) Pause Young (Allocation Failure)
[1582.997s][info][gc,heap        ] GC(1090) PSYoungGen: 686269K->3302K(691200K)
[1582.997s][info][gc,heap        ] GC(1090) PSOldGen: 174501K->176637K(1398272K)
[1582.997s][info][gc,metaspace   ] GC(1090) Metaspace: 91593K(98736K)->91593K(98736K) NonClass: 80009K(83888K)->80009K(83888K) Class: 11584K(14848K)->11584K(14848K)
[1582.997s][info][gc             ] GC(1090) Pause Young (Allocation Failure) 840M->175M(2040M) 2.934ms
[1582.997s][info][gc,cpu         ] GC(1090) User=0.00s Sys=0.00s Real=0.01s
[1585.187s][info][gc,start       ] GC(1091) Pause Young (Allocation Failure)
[1585.190s][info][gc,heap        ] GC(1091) PSYoungGen: 686310K->3267K(690688K)
[1585.190s][info][gc,heap        ] GC(1091) PSOldGen: 176637K->179425K(1398272K)
[1585.190s][info][gc,metaspace   ] GC(1091) Metaspace: 91593K(98736K)->91593K(98736K) NonClass: 80009K(83888K)->80009K(83888K) Class: 11584K(14848K)->11584K(14848K)
[1585.190s][info][gc             ] GC(1091) Pause Young (Allocation Failure) 842M->178M(2040M) 3.040ms
[1585.190s][info][gc,cpu         ] GC(1091) User=0.08s Sys=0.00s Real=0.00s
[1585.861s][info][gc,start       ] GC(1092) Pause Young (Allocation Failure)
[1585.864s][info][gc,heap        ] GC(1092) PSYoungGen: 685283K->5751K(691200K)
[1585.864s][info][gc,heap        ] GC(1092) PSOldGen: 179425K->180915K(1398272K)
[1585.864s][info][gc,metaspace   ] GC(1092) Metaspace: 91593K(98736K)->91593K(98736K) NonClass: 80009K(83888K)->80009K(83888K) Class: 11584K(14848K)->11584K(14848K)
[1585.864s][info][gc             ] GC(1092) Pause Young (Allocation Failure) 844M->182M(2040M) 2.909ms
[1585.864s][info][gc,cpu         ] GC(1092) User=0.00s Sys=0.00s Real=0.00s
[1587.611s][info][gc,start       ] GC(1093) Pause Young (Allocation Failure)
[1587.614s][info][gc,heap        ] GC(1093) PSYoungGen: 689271K->4621K(691200K)
[1587.614s][info][gc,heap        ] GC(1093) PSOldGen: 180915K->183553K(1398272K)
[1587.614s][info][gc,metaspace   ] GC(1093) Metaspace: 91593K(98736K)->91593K(98736K) NonClass: 80009K(83888K)->80009K(83888K) Class: 11584K(14848K)->11584K(14848K)
[1587.614s][info][gc             ] GC(1093) Pause Young (Allocation Failure) 849M->183M(2040M) 2.973ms
[1587.614s][info][gc,cpu         ] GC(1093) User=0.00s Sys=0.00s Real=0.00s
[1589.061s][info][gc,start       ] GC(1094) Pause Young (Allocation Failure)
[1589.064s][info][gc,heap        ] GC(1094) PSYoungGen: 688141K->3871K(691200K)
[1589.064s][info][gc,heap        ] GC(1094) PSOldGen: 183553K->185747K(1398272K)
[1589.064s][info][gc,metaspace   ] GC(1094) Metaspace: 91593K(98736K)->91593K(98736K) NonClass: 80009K(83888K)->80009K(83888K) Class: 11584K(14848K)->11584K(14848K)
[1589.064s][info][gc             ] GC(1094) Pause Young (Allocation Failure) 851M->185M(2040M) 3.237ms
[1589.064s][info][gc,cpu         ] GC(1094) User=0.06s Sys=0.00s Real=0.01s
[1589.841s][info][gc,start       ] GC(1095) Pause Young (Allocation Failure)
[1589.844s][info][gc,heap        ] GC(1095) PSYoungGen: 687391K->5331K(691200K)
[1589.844s][info][gc,heap        ] GC(1095) PSOldGen: 185747K->187893K(1398272K)
[1589.844s][info][gc,metaspace   ] GC(1095) Metaspace: 91593K(98736K)->91593K(98736K) NonClass: 80009K(83888K)->80009K(83888K) Class: 11584K(14848K)->11584K(14848K)
[1589.844s][info][gc             ] GC(1095) Pause Young (Allocation Failure) 852M->188M(2040M) 2.774ms
[1589.844s][info][gc,cpu         ] GC(1095) User=0.00s Sys=0.00s Real=0.00s
[1591.978s][info][gc,start       ] GC(1096) Pause Young (Allocation Failure)
[1591.981s][info][gc,heap        ] GC(1096) PSYoungGen: 688851K->3548K(691712K)
[1591.981s][info][gc,heap        ] GC(1096) PSOldGen: 187893K->190846K(1398272K)
[1591.981s][info][gc,metaspace   ] GC(1096) Metaspace: 91593K(98736K)->91593K(98736K) NonClass: 80009K(83888K)->80009K(83888K) Class: 11584K(14848K)->11584K(14848K)
[1591.981s][info][gc             ] GC(1096) Pause Young (Allocation Failure) 856M->189M(2041M) 3.329ms
[1591.981s][info][gc,cpu         ] GC(1096) User=0.00s Sys=0.00s Real=0.00s
[1592.510s][info][gc,start       ] GC(1097) Pause Young (Allocation Failure)
[1592.513s][info][gc,heap        ] GC(1097) PSYoungGen: 687340K->4858K(691200K)
[1592.513s][info][gc,heap        ] GC(1097) PSOldGen: 190846K->193343K(1398272K)
[1592.513s][info][gc,metaspace   ] GC(1097) Metaspace: 91593K(98736K)->91593K(98736K) NonClass: 80009K(83888K)->80009K(83888K) Class: 11584K(14848K)->11584K(14848K)
[1592.513s][info][gc             ] GC(1097) Pause Young (Allocation Failure) 857M->193M(2040M) 2.816ms
[1592.513s][info][gc,cpu         ] GC(1097) User=0.00s Sys=0.00s Real=0.00s
[1594.882s][info][gc,start       ] GC(1098) Pause Young (Allocation Failure)
[1594.885s][info][gc,heap        ] GC(1098) PSYoungGen: 687932K->2829K(691712K)
[1594.885s][info][gc,heap        ] GC(1098) PSOldGen: 193343K->195567K(1398272K)
[1594.885s][info][gc,metaspace   ] GC(1098) Metaspace: 91593K(98736K)->91593K(98736K) NonClass: 80009K(83888K)->80009K(83888K) Class: 11584K(14848K)->11584K(14848K)
[1594.885s][info][gc             ] GC(1098) Pause Young (Allocation Failure) 860M->193M(2041M) 3.651ms
[1594.885s][info][gc,cpu         ] GC(1098) User=0.00s Sys=0.00s Real=0.01s
[1595.944s][info][gc,start       ] GC(1099) Pause Young (Allocation Failure)
[1595.948s][info][gc,heap        ] GC(1099) PSYoungGen: 687327K->6808K(691712K)
[1595.948s][info][gc,heap        ] GC(1099) PSOldGen: 195567K->197388K(1398272K)
[1595.948s][info][gc,metaspace   ] GC(1099) Metaspace: 91593K(98736K)->91593K(98736K) NonClass: 80009K(83888K)->80009K(83888K) Class: 11584K(14848K)->11584K(14848K)
[1595.948s][info][gc             ] GC(1099) Pause Young (Allocation Failure) 862M->199M(2041M) 4.184ms
[1595.949s][info][gc,cpu         ] GC(1099) User=0.00s Sys=0.00s Real=0.00s
[1596.035s][info][gc,start       ] GC(1100) Pause Young (System.gc())
[1596.038s][info][gc,heap        ] GC(1100) PSYoungGen: 160474K->448K(689664K)
[1596.038s][info][gc,heap        ] GC(1100) PSOldGen: 197388K->199208K(1398272K)
[1596.038s][info][gc,metaspace   ] GC(1100) Metaspace: 91598K(98736K)->91598K(98736K) NonClass: 80013K(83888K)->80013K(83888K) Class: 11584K(14848K)->11584K(14848K)
[1596.038s][info][gc             ] GC(1100) Pause Young (System.gc()) 349M->194M(2039M) 2.420ms
[1596.038s][info][gc,cpu         ] GC(1100) User=0.00s Sys=0.00s Real=0.01s
[1596.038s][info][gc,start       ] GC(1101) Pause Full (System.gc())
[1596.040s][info][gc,phases,start] GC(1101) Phase 1: Mark live objects
[1596.097s][info][gc,phases      ] GC(1101) Phase 1: Mark live objects 56.734ms
[1596.097s][info][gc,phases,start] GC(1101) Phase 2: Compute new object addresses
[1596.112s][info][gc,phases      ] GC(1101) Phase 2: Compute new object addresses 15.015ms
[1596.112s][info][gc,phases,start] GC(1101) Phase 3: Adjust pointers
[1596.149s][info][gc,phases      ] GC(1101) Phase 3: Adjust pointers 37.593ms
[1596.150s][info][gc,phases,start] GC(1101) Phase 4: Move objects
[1596.157s][info][gc,phases      ] GC(1101) Phase 4: Move objects 7.393ms
[1596.159s][info][gc,heap        ] GC(1101) PSYoungGen: 448K->0K(689664K)
[1596.159s][info][gc,heap        ] GC(1101) PSOldGen: 199208K->153200K(1398272K)
[1596.159s][info][gc,metaspace   ] GC(1101) Metaspace: 91598K(98736K)->91598K(98736K) NonClass: 80013K(83888K)->80013K(83888K) Class: 11584K(14848K)->11584K(14848K)
[1596.159s][info][gc             ] GC(1101) Pause Full (System.gc()) 194M->149M(2039M) 121.457ms
[1596.159s][info][gc,cpu         ] GC(1101) User=0.12s Sys=0.00s Real=0.11s
[1597.044s][info][gc,start       ] GC(1102) Pause Young (Allocation Failure)
[1597.047s][info][gc,heap        ] GC(1102) PSYoungGen: 682496K->3718K(690688K)
[1597.047s][info][gc,heap        ] GC(1102) PSOldGen: 153200K->153200K(1398272K)
[1597.047s][info][gc,metaspace   ] GC(1102) Metaspace: 91598K(98736K)->91598K(98736K) NonClass: 80013K(83888K)->80013K(83888K) Class: 11584K(14848K)->11584K(14848K)
[1597.047s][info][gc             ] GC(1102) Pause Young (Allocation Failure) 816M->153M(2040M) 2.531ms
[1597.047s][info][gc,cpu         ] GC(1102) User=0.00s Sys=0.00s Real=0.00s
[1599.396s][info][gc,start       ] GC(1103) Pause Young (Allocation Failure)
[1599.399s][info][gc,heap        ] GC(1103) PSYoungGen: 686214K->2355K(691200K)
[1599.399s][info][gc,heap        ] GC(1103) PSOldGen: 153200K->155977K(1398272K)
[1599.399s][info][gc,metaspace   ] GC(1103) Metaspace: 91598K(98736K)->91598K(98736K) NonClass: 80013K(83888K)->80013K(83888K) Class: 11584K(14848K)->11584K(14848K)
[1599.399s][info][gc             ] GC(1103) Pause Young (Allocation Failure) 819M->154M(2040M) 2.425ms
[1599.399s][info][gc,cpu         ] GC(1103) User=0.00s Sys=0.00s Real=0.00s
[1601.490s][info][gc,start       ] GC(1104) Pause Young (Allocation Failure)
[1601.492s][info][gc,heap        ] GC(1104) PSYoungGen: 685076K->2644K(690688K)
[1601.493s][info][gc,heap        ] GC(1104) PSOldGen: 155977K->157603K(1398272K)
[1601.493s][info][gc,metaspace   ] GC(1104) Metaspace: 91598K(98736K)->91598K(98736K) NonClass: 80013K(83888K)->80013K(83888K) Class: 11584K(14848K)->11584K(14848K)
[1601.493s][info][gc             ] GC(1104) Pause Young (Allocation Failure) 821M->156M(2040M) 2.312ms
[1601.493s][info][gc,cpu         ] GC(1104) User=0.00s Sys=0.00s Real=0.00s
[1602.127s][info][gc,start       ] GC(1105) Pause Young (Allocation Failure)
[1602.131s][info][gc,heap        ] GC(1105) PSYoungGen: 684801K->7651K(677888K)
[1602.131s][info][gc,heap        ] GC(1105) PSOldGen: 157603K->172757K(1398272K)
[1602.131s][info][gc,metaspace   ] GC(1105) Metaspace: 91598K(98736K)->91598K(98736K) NonClass: 80013K(83888K)->80013K(83888K) Class: 11584K(14848K)->11584K(14848K)
[1602.131s][info][gc             ] GC(1105) Pause Young (Allocation Failure) 822M->176M(2027M) 4.098ms
[1602.132s][info][gc,cpu         ] GC(1105) User=0.00s Sys=0.00s Real=0.01s
[1603.681s][info][gc,start       ] GC(1106) Pause Young (Allocation Failure)
[1603.685s][info][gc,heap        ] GC(1106) PSYoungGen: 677802K->2801K(684544K)
[1603.685s][info][gc,heap        ] GC(1106) PSOldGen: 172757K->175806K(1398272K)
[1603.685s][info][gc,metaspace   ] GC(1106) Metaspace: 91598K(98736K)->91598K(98736K) NonClass: 80013K(83888K)->80013K(83888K) Class: 11584K(14848K)->11584K(14848K)
[1603.685s][info][gc             ] GC(1106) Pause Young (Allocation Failure) 830M->174M(2034M) 3.466ms
[1603.685s][info][gc,cpu         ] GC(1106) User=0.00s Sys=0.00s Real=0.01s
[1606.011s][info][gc,start       ] GC(1107) Pause Young (GCLocker Initiated GC)
[1606.014s][info][gc,heap        ] GC(1107) PSYoungGen: 673009K->6570K(685056K)
[1606.014s][info][gc,heap        ] GC(1107) PSOldGen: 175822K->177554K(1398272K)
[1606.014s][info][gc,metaspace   ] GC(1107) Metaspace: 91598K(98736K)->91598K(98736K) NonClass: 80013K(83888K)->80013K(83888K) Class: 11584K(14848K)->11584K(14848K)
[1606.014s][info][gc             ] GC(1107) Pause Young (GCLocker Initiated GC) 828M->179M(2034M) 3.294ms
[1606.014s][info][gc,cpu         ] GC(1107) User=0.00s Sys=0.00s Real=0.00s
[1607.748s][info][gc,start       ] GC(1108) Pause Young (Allocation Failure)
[1607.751s][info][gc,heap        ] GC(1108) PSYoungGen: 677802K->5109K(685056K)
[1607.751s][info][gc,heap        ] GC(1108) PSOldGen: 177560K->179439K(1398272K)
[1607.751s][info][gc,metaspace   ] GC(1108) Metaspace: 91598K(98736K)->91598K(98736K) NonClass: 80013K(83888K)->80013K(83888K) Class: 11584K(14848K)->11584K(14848K)
[1607.752s][info][gc             ] GC(1108) Pause Young (Allocation Failure) 835M->180M(2034M) 3.819ms
[1607.752s][info][gc,cpu         ] GC(1108) User=0.00s Sys=0.00s Real=0.01s
[1608.489s][info][gc,start       ] GC(1109) Pause Young (Allocation Failure)
[1608.492s][info][gc,heap        ] GC(1109) PSYoungGen: 676341K->3984K(686592K)
[1608.493s][info][gc,heap        ] GC(1109) PSOldGen: 179439K->182190K(1398272K)
[1608.493s][info][gc,metaspace   ] GC(1109) Metaspace: 91598K(98736K)->91598K(98736K) NonClass: 80013K(83888K)->80013K(83888K) Class: 11584K(14848K)->11584K(14848K)
[1608.493s][info][gc             ] GC(1109) Pause Young (Allocation Failure) 835M->181M(2036M) 3.642ms
[1608.493s][info][gc,cpu         ] GC(1109) User=0.00s Sys=0.00s Real=0.01s
[1610.703s][info][gc,start       ] GC(1110) Pause Young (Allocation Failure)
[1610.706s][info][gc,heap        ] GC(1110) PSYoungGen: 677401K->2025K(686080K)
[1610.706s][info][gc,heap        ] GC(1110) PSOldGen: 182190K->185836K(1398272K)
[1610.706s][info][gc,metaspace   ] GC(1110) Metaspace: 91598K(98736K)->91598K(98736K) NonClass: 80013K(83888K)->80013K(83888K) Class: 11584K(14848K)->11584K(14848K)
[1610.706s][info][gc             ] GC(1110) Pause Young (Allocation Failure) 839M->183M(2035M) 3.273ms
[1610.706s][info][gc,cpu         ] GC(1110) User=0.05s Sys=0.03s Real=0.00s
[1612.862s][info][gc,start       ] GC(1111) Pause Young (Allocation Failure)
[1612.866s][info][gc,heap        ] GC(1111) PSYoungGen: 675817K->3094K(687104K)
[1612.866s][info][gc,heap        ] GC(1111) PSOldGen: 185836K->187211K(1398272K)
[1612.866s][info][gc,metaspace   ] GC(1111) Metaspace: 91598K(98736K)->91598K(98736K) NonClass: 80013K(83888K)->80013K(83888K) Class: 11584K(14848K)->11584K(14848K)
[1612.866s][info][gc             ] GC(1111) Pause Young (Allocation Failure) 841M->185M(2036M) 3.705ms
[1612.866s][info][gc,cpu         ] GC(1111) User=0.00s Sys=0.00s Real=0.00s
[1613.778s][info][gc,start       ] GC(1112) Pause Young (Allocation Failure)
[1613.781s][info][gc,heap        ] GC(1112) PSYoungGen: 676776K->4120K(686592K)
[1613.781s][info][gc,heap        ] GC(1112) PSOldGen: 187211K->189140K(1398272K)
[1613.781s][info][gc,metaspace   ] GC(1112) Metaspace: 91598K(98736K)->91598K(98736K) NonClass: 80013K(83888K)->80013K(83888K) Class: 11584K(14848K)->11584K(14848K)
[1613.781s][info][gc             ] GC(1112) Pause Young (Allocation Failure) 843M->188M(2036M) 2.898ms
[1613.781s][info][gc,cpu         ] GC(1112) User=0.00s Sys=0.00s Real=0.00s
[1615.105s][info][gc,start       ] GC(1113) Pause Young (GCLocker Initiated GC)
[1615.108s][info][gc,heap        ] GC(1113) PSYoungGen: 678936K->3732K(688128K)
[1615.108s][info][gc,heap        ] GC(1113) PSOldGen: 189142K->191784K(1398272K)
[1615.108s][info][gc,metaspace   ] GC(1113) Metaspace: 91601K(98736K)->91601K(98736K) NonClass: 80017K(83888K)->80017K(83888K) Class: 11584K(14848K)->11584K(14848K)
[1615.108s][info][gc             ] GC(1113) Pause Young (GCLocker Initiated GC) 847M->190M(2037M) 3.008ms
[1615.108s][info][gc,cpu         ] GC(1113) User=0.00s Sys=0.00s Real=0.02s
[1617.304s][info][gc,start       ] GC(1114) Pause Young (Allocation Failure)
[1617.307s][info][gc,heap        ] GC(1114) PSYoungGen: 680596K->4411K(687616K)
[1617.307s][info][gc,heap        ] GC(1114) PSOldGen: 191786K->193956K(1398272K)
[1617.307s][info][gc,metaspace   ] GC(1114) Metaspace: 91604K(98736K)->91604K(98736K) NonClass: 80020K(83888K)->80020K(83888K) Class: 11584K(14848K)->11584K(14848K)
[1617.307s][info][gc             ] GC(1114) Pause Young (Allocation Failure) 851M->193M(2037M) 3.108ms
[1617.307s][info][gc,cpu         ] GC(1114) User=0.00s Sys=0.00s Real=0.02s
[1619.297s][info][gc,start       ] GC(1115) Pause Young (Allocation Failure)
[1619.301s][info][gc,heap        ] GC(1115) PSYoungGen: 681275K->5074K(689152K)
[1619.301s][info][gc,heap        ] GC(1115) PSOldGen: 193956K->195919K(1398272K)
[1619.301s][info][gc,metaspace   ] GC(1115) Metaspace: 91604K(98736K)->91604K(98736K) NonClass: 80020K(83888K)->80020K(83888K) Class: 11584K(14848K)->11584K(14848K)
[1619.301s][info][gc             ] GC(1115) Pause Young (Allocation Failure) 854M->196M(2038M) 3.902ms
[1619.301s][info][gc,cpu         ] GC(1115) User=0.08s Sys=0.02s Real=0.00s
[1619.993s][info][gc,start       ] GC(1116) Pause Young (Allocation Failure)
[1619.996s][info][gc,heap        ] GC(1116) PSYoungGen: 683295K->3152K(688640K)
[1619.996s][info][gc,heap        ] GC(1116) PSOldGen: 195919K->198257K(1398272K)
[1619.996s][info][gc,metaspace   ] GC(1116) Metaspace: 91604K(98736K)->91604K(98736K) NonClass: 80020K(83888K)->80020K(83888K) Class: 11584K(14848K)->11584K(14848K)
[1619.996s][info][gc             ] GC(1116) Pause Young (Allocation Failure) 858M->196M(2038M) 2.654ms
[1619.996s][info][gc,cpu         ] GC(1116) User=0.00s Sys=0.00s Real=0.00s
[1622.254s][info][gc,start       ] GC(1117) Pause Young (Allocation Failure)
[1622.258s][info][gc,heap        ] GC(1117) PSYoungGen: 682064K->3135K(689664K)
[1622.258s][info][gc,heap        ] GC(1117) PSOldGen: 198257K->201009K(1398272K)
[1622.258s][info][gc,metaspace   ] GC(1117) Metaspace: 91604K(98736K)->91604K(98736K) NonClass: 80020K(83888K)->80020K(83888K) Class: 11584K(14848K)->11584K(14848K)
[1622.258s][info][gc             ] GC(1117) Pause Young (Allocation Failure) 859M->199M(2039M) 3.304ms
[1622.258s][info][gc,cpu         ] GC(1117) User=0.00s Sys=0.00s Real=0.01s
[1623.077s][info][gc,start       ] GC(1118) Pause Young (Allocation Failure)
[1623.079s][info][gc,heap        ] GC(1118) PSYoungGen: 683071K->3987K(689152K)
[1623.079s][info][gc,heap        ] GC(1118) PSOldGen: 201009K->202492K(1398272K)
[1623.079s][info][gc,metaspace   ] GC(1118) Metaspace: 91606K(98736K)->91606K(98736K) NonClass: 80022K(83888K)->80022K(83888K) Class: 11584K(14848K)->11584K(14848K)
[1623.079s][info][gc             ] GC(1118) Pause Young (Allocation Failure) 863M->201M(2038M) 2.558ms
[1623.079s][info][gc,cpu         ] GC(1118) User=0.00s Sys=0.00s Real=0.00s
[1624.558s][info][gc,start       ] GC(1119) Pause Young (Allocation Failure)
[1624.562s][info][gc,heap        ] GC(1119) PSYoungGen: 683923K->2901K(690176K)
[1624.562s][info][gc,heap        ] GC(1119) PSOldGen: 202492K->205445K(1398272K)
[1624.562s][info][gc,metaspace   ] GC(1119) Metaspace: 91606K(98736K)->91606K(98736K) NonClass: 80022K(83888K)->80022K(83888K) Class: 11584K(14848K)->11584K(14848K)
[1624.562s][info][gc             ] GC(1119) Pause Young (Allocation Failure) 865M->203M(2039M) 4.804ms
[1624.563s][info][gc,cpu         ] GC(1119) User=0.00s Sys=0.00s Real=0.00s
[1626.213s][info][gc,start       ] GC(1120) Pause Young (Allocation Failure)
[1626.216s][info][gc,heap        ] GC(1120) PSYoungGen: 684373K->2849K(690176K)
[1626.216s][info][gc,heap        ] GC(1120) PSOldGen: 205445K->207505K(1398272K)
[1626.216s][info][gc,metaspace   ] GC(1120) Metaspace: 91606K(98736K)->91606K(98736K) NonClass: 80022K(83888K)->80022K(83888K) Class: 11584K(14848K)->11584K(14848K)
[1626.216s][info][gc             ] GC(1120) Pause Young (Allocation Failure) 868M->205M(2039M) 3.503ms
[1626.216s][info][gc,cpu         ] GC(1120) User=0.00s Sys=0.00s Real=0.01s
[1626.967s][info][gc,start       ] GC(1121) Pause Young (Allocation Failure)
[1626.969s][info][gc,heap        ] GC(1121) PSYoungGen: 684321K->3359K(690688K)
[1626.970s][info][gc,heap        ] GC(1121) PSOldGen: 207505K->209581K(1398272K)
[1626.970s][info][gc,metaspace   ] GC(1121) Metaspace: 91606K(98736K)->91606K(98736K) NonClass: 80022K(83888K)->80022K(83888K) Class: 11584K(14848K)->11584K(14848K)
[1626.970s][info][gc             ] GC(1121) Pause Young (Allocation Failure) 870M->207M(2040M) 3.014ms
[1626.970s][info][gc,cpu         ] GC(1121) User=0.00s Sys=0.00s Real=0.00s
[1629.084s][info][gc,start       ] GC(1122) Pause Young (Allocation Failure)
[1629.088s][info][gc,heap        ] GC(1122) PSYoungGen: 685343K->3298K(690176K)
[1629.088s][info][gc,heap        ] GC(1122) PSOldGen: 209581K->212546K(1398272K)
[1629.088s][info][gc,metaspace   ] GC(1122) Metaspace: 91606K(98736K)->91606K(98736K) NonClass: 80022K(83888K)->80022K(83888K) Class: 11584K(14848K)->11584K(14848K)
[1629.088s][info][gc             ] GC(1122) Pause Young (Allocation Failure) 873M->210M(2039M) 3.256ms
[1629.088s][info][gc,cpu         ] GC(1122) User=0.00s Sys=0.00s Real=0.01s
[1629.700s][info][gc,start       ] GC(1123) Pause Young (Allocation Failure)
[1629.703s][info][gc,heap        ] GC(1123) PSYoungGen: 681607K->2742K(691200K)
[1629.704s][info][gc,heap        ] GC(1123) PSOldGen: 212546K->215154K(1398272K)
[1629.704s][info][gc,metaspace   ] GC(1123) Metaspace: 91606K(98736K)->91606K(98736K) NonClass: 80022K(83888K)->80022K(83888K) Class: 11584K(14848K)->11584K(14848K)
[1629.704s][info][gc             ] GC(1123) Pause Young (Allocation Failure) 873M->212M(2040M) 3.504ms
[1629.704s][info][gc,cpu         ] GC(1123) User=0.00s Sys=0.00s Real=0.00s
[1631.702s][info][gc,start       ] GC(1124) Pause Young (Allocation Failure)
[1631.705s][info][gc,heap        ] GC(1124) PSYoungGen: 686262K->3884K(691200K)
[1631.705s][info][gc,heap        ] GC(1124) PSOldGen: 215154K->216731K(1398272K)
[1631.705s][info][gc,metaspace   ] GC(1124) Metaspace: 91606K(98736K)->91606K(98736K) NonClass: 80022K(83888K)->80022K(83888K) Class: 11584K(14848K)->11584K(14848K)
[1631.705s][info][gc             ] GC(1124) Pause Young (Allocation Failure) 880M->215M(2040M) 2.887ms
[1631.705s][info][gc,cpu         ] GC(1124) User=0.09s Sys=0.00s Real=0.01s
[1633.164s][info][gc,start       ] GC(1125) Pause Young (Allocation Failure)
[1633.167s][info][gc,heap        ] GC(1125) PSYoungGen: 687404K->3316K(691712K)
[1633.167s][info][gc,heap        ] GC(1125) PSOldGen: 216731K->219097K(1398272K)
[1633.167s][info][gc,metaspace   ] GC(1125) Metaspace: 91606K(98736K)->91606K(98736K) NonClass: 80022K(83888K)->80022K(83888K) Class: 11584K(14848K)->11584K(14848K)
[1633.167s][info][gc             ] GC(1125) Pause Young (Allocation Failure) 882M->217M(2041M) 2.706ms
[1633.167s][info][gc,cpu         ] GC(1125) User=0.00s Sys=0.00s Real=0.00s
[1633.316s][info][gc,start       ] GC(1126) Pause Young (System.gc())
[1633.318s][info][gc,heap        ] GC(1126) PSYoungGen: 228186K->512K(691712K)
[1633.318s][info][gc,heap        ] GC(1126) PSOldGen: 219097K->221129K(1398272K)
[1633.318s][info][gc,metaspace   ] GC(1126) Metaspace: 91606K(98736K)->91606K(98736K) NonClass: 80022K(83888K)->80022K(83888K) Class: 11584K(14848K)->11584K(14848K)
[1633.318s][info][gc             ] GC(1126) Pause Young (System.gc()) 436M->216M(2041M) 2.211ms
[1633.318s][info][gc,cpu         ] GC(1126) User=0.00s Sys=0.00s Real=0.00s
[1633.318s][info][gc,start       ] GC(1127) Pause Full (System.gc())
[1633.320s][info][gc,phases,start] GC(1127) Phase 1: Mark live objects
[1633.381s][info][gc,phases      ] GC(1127) Phase 1: Mark live objects 60.614ms
[1633.381s][info][gc,phases,start] GC(1127) Phase 2: Compute new object addresses
[1633.395s][info][gc,phases      ] GC(1127) Phase 2: Compute new object addresses 14.838ms
[1633.395s][info][gc,phases,start] GC(1127) Phase 3: Adjust pointers
[1633.433s][info][gc,phases      ] GC(1127) Phase 3: Adjust pointers 37.113ms
[1633.433s][info][gc,phases,start] GC(1127) Phase 4: Move objects
[1633.440s][info][gc,phases      ] GC(1127) Phase 4: Move objects 7.757ms
[1633.443s][info][gc,heap        ] GC(1127) PSYoungGen: 512K->0K(691712K)
[1633.443s][info][gc,heap        ] GC(1127) PSOldGen: 221129K->153453K(1398272K)
[1633.443s][info][gc,metaspace   ] GC(1127) Metaspace: 91606K(98736K)->91606K(98736K) NonClass: 80022K(83888K)->80022K(83888K) Class: 11584K(14848K)->11584K(14848K)
[1633.443s][info][gc             ] GC(1127) Pause Full (System.gc()) 216M->149M(2041M) 124.742ms
[1633.443s][info][gc,cpu         ] GC(1127) User=0.12s Sys=0.00s Real=0.12s
[1634.347s][info][gc,start       ] GC(1128) Pause Young (Allocation Failure)
[1634.349s][info][gc,heap        ] GC(1128) PSYoungGen: 684544K->3599K(691712K)
[1634.350s][info][gc,heap        ] GC(1128) PSOldGen: 153453K->153453K(1398272K)
[1634.350s][info][gc,metaspace   ] GC(1128) Metaspace: 91606K(98736K)->91606K(98736K) NonClass: 80022K(83888K)->80022K(83888K) Class: 11584K(14848K)->11584K(14848K)
[1634.350s][info][gc             ] GC(1128) Pause Young (Allocation Failure) 818M->153M(2041M) 2.701ms
[1634.350s][info][gc,cpu         ] GC(1128) User=0.00s Sys=0.00s Real=0.00s
[1636.742s][info][gc,start       ] GC(1129) Pause Young (Allocation Failure)
[1636.745s][info][gc,heap        ] GC(1129) PSYoungGen: 688143K->2336K(691712K)
[1636.745s][info][gc,heap        ] GC(1129) PSOldGen: 153453K->156032K(1398272K)
[1636.745s][info][gc,metaspace   ] GC(1129) Metaspace: 91606K(98736K)->91606K(98736K) NonClass: 80022K(83888K)->80022K(83888K) Class: 11584K(14848K)->11584K(14848K)
[1636.745s][info][gc             ] GC(1129) Pause Young (Allocation Failure) 821M->154M(2041M) 3.245ms
[1636.746s][info][gc,cpu         ] GC(1129) User=0.00s Sys=0.00s Real=0.00s
[1638.891s][info][gc,start       ] GC(1130) Pause Young (Allocation Failure)
[1638.893s][info][gc,heap        ] GC(1130) PSYoungGen: 686880K->2096K(692224K)
[1638.893s][info][gc,heap        ] GC(1130) PSOldGen: 156032K->157554K(1398272K)
[1638.893s][info][gc,metaspace   ] GC(1130) Metaspace: 91606K(98736K)->91606K(98736K) NonClass: 80022K(83888K)->80022K(83888K) Class: 11584K(14848K)->11584K(14848K)
[1638.893s][info][gc             ] GC(1130) Pause Young (Allocation Failure) 823M->155M(2041M) 2.188ms
[1638.893s][info][gc,cpu         ] GC(1130) User=0.09s Sys=0.00s Real=0.00s
[1639.506s][info][gc,start       ] GC(1131) Pause Young (Allocation Failure)
[1639.510s][info][gc,heap        ] GC(1131) PSYoungGen: 686767K->5302K(691712K)
[1639.510s][info][gc,heap        ] GC(1131) PSOldGen: 157554K->167121K(1398272K)
[1639.510s][info][gc,metaspace   ] GC(1131) Metaspace: 91606K(98736K)->91606K(98736K) NonClass: 80022K(83888K)->80022K(83888K) Class: 11584K(14848K)->11584K(14848K)
[1639.510s][info][gc             ] GC(1131) Pause Young (Allocation Failure) 824M->168M(2041M) 3.612ms
[1639.510s][info][gc,cpu         ] GC(1131) User=0.00s Sys=0.00s Real=0.00s
[1641.197s][info][gc,start       ] GC(1132) Pause Young (Allocation Failure)
[1641.200s][info][gc,heap        ] GC(1132) PSYoungGen: 688249K->2778K(691712K)
[1641.200s][info][gc,heap        ] GC(1132) PSOldGen: 167121K->170006K(1398272K)
[1641.200s][info][gc,metaspace   ] GC(1132) Metaspace: 91606K(98736K)->91606K(98736K) NonClass: 80022K(83888K)->80022K(83888K) Class: 11584K(14848K)->11584K(14848K)
[1641.200s][info][gc             ] GC(1132) Pause Young (Allocation Failure) 835M->168M(2041M) 3.085ms
[1641.200s][info][gc,cpu         ] GC(1132) User=0.00s Sys=0.00s Real=0.00s
[1643.570s][info][gc,start       ] GC(1133) Pause Young (Allocation Failure)
[1643.572s][info][gc,heap        ] GC(1133) PSYoungGen: 685248K->2604K(691712K)
[1643.572s][info][gc,heap        ] GC(1133) PSOldGen: 170006K->171765K(1398272K)
[1643.572s][info][gc,metaspace   ] GC(1133) Metaspace: 91606K(98736K)->91606K(98736K) NonClass: 80022K(83888K)->80022K(83888K) Class: 11584K(14848K)->11584K(14848K)
[1643.572s][info][gc             ] GC(1133) Pause Young (Allocation Failure) 835M->170M(2041M) 2.550ms
[1643.572s][info][gc,cpu         ] GC(1133) User=0.00s Sys=0.00s Real=0.00s
[1645.177s][info][gc,start       ] GC(1134) Pause Young (Allocation Failure)
[1645.179s][info][gc,heap        ] GC(1134) PSYoungGen: 683899K->2691K(692224K)
[1645.179s][info][gc,heap        ] GC(1134) PSOldGen: 171765K->173633K(1398272K)
[1645.179s][info][gc,metaspace   ] GC(1134) Metaspace: 91606K(98736K)->91606K(98736K) NonClass: 80022K(83888K)->80022K(83888K) Class: 11584K(14848K)->11584K(14848K)
[1645.179s][info][gc             ] GC(1134) Pause Young (Allocation Failure) 835M->172M(2041M) 2.400ms
[1645.179s][info][gc,cpu         ] GC(1134) User=0.00s Sys=0.00s Real=0.00s
[1645.933s][info][gc,start       ] GC(1135) Pause Young (Allocation Failure)
[1645.936s][info][gc,heap        ] GC(1135) PSYoungGen: 688259K->3358K(692224K)
[1645.936s][info][gc,heap        ] GC(1135) PSOldGen: 173633K->175765K(1398272K)
[1645.936s][info][gc,metaspace   ] GC(1135) Metaspace: 91606K(98736K)->91606K(98736K) NonClass: 80022K(83888K)->80022K(83888K) Class: 11584K(14848K)->11584K(14848K)
[1645.936s][info][gc             ] GC(1135) Pause Young (Allocation Failure) 841M->174M(2041M) 2.855ms
[1645.936s][info][gc,cpu         ] GC(1135) User=0.00s Sys=0.00s Real=0.00s
[1648.427s][info][gc,start       ] GC(1136) Pause Young (Allocation Failure)
[1648.429s][info][gc,heap        ] GC(1136) PSYoungGen: 688926K->2327K(692736K)
[1648.429s][info][gc,heap        ] GC(1136) PSOldGen: 175765K->177985K(1398272K)
[1648.429s][info][gc,metaspace   ] GC(1136) Metaspace: 91606K(98736K)->91606K(98736K) NonClass: 80022K(83888K)->80022K(83888K) Class: 11584K(14848K)->11584K(14848K)
[1648.429s][info][gc             ] GC(1136) Pause Young (Allocation Failure) 844M->176M(2042M) 2.506ms
[1648.429s][info][gc,cpu         ] GC(1136) User=0.00s Sys=0.00s Real=0.00s
[1650.649s][info][gc,start       ] GC(1137) Pause Young (Allocation Failure)
[1650.652s][info][gc,heap        ] GC(1137) PSYoungGen: 688742K->3316K(692736K)
[1650.652s][info][gc,heap        ] GC(1137) PSOldGen: 177985K->179589K(1398272K)
[1650.652s][info][gc,metaspace   ] GC(1137) Metaspace: 91606K(98736K)->91606K(98736K) NonClass: 80022K(83888K)->80022K(83888K) Class: 11584K(14848K)->11584K(14848K)
[1650.652s][info][gc             ] GC(1137) Pause Young (Allocation Failure) 846M->178M(2042M) 2.442ms
[1650.652s][info][gc,cpu         ] GC(1137) User=0.00s Sys=0.00s Real=0.00s
[1651.268s][info][gc,start       ] GC(1138) Pause Young (Allocation Failure)
[1651.271s][info][gc,heap        ] GC(1138) PSYoungGen: 688885K->4868K(692736K)
[1651.271s][info][gc,heap        ] GC(1138) PSOldGen: 179589K->181128K(1398272K)
[1651.271s][info][gc,metaspace   ] GC(1138) Metaspace: 91606K(98736K)->91606K(98736K) NonClass: 80022K(83888K)->80022K(83888K) Class: 11584K(14848K)->11584K(14848K)
[1651.271s][info][gc             ] GC(1138) Pause Young (Allocation Failure) 848M->181M(2042M) 3.207ms
[1651.271s][info][gc,cpu         ] GC(1138) User=0.00s Sys=0.00s Real=0.00s
[1652.980s][info][gc,start       ] GC(1139) Pause Young (Allocation Failure)
[1652.983s][info][gc,heap        ] GC(1139) PSYoungGen: 690489K->2992K(692736K)
[1652.983s][info][gc,heap        ] GC(1139) PSOldGen: 181128K->184123K(1398272K)
[1652.983s][info][gc,metaspace   ] GC(1139) Metaspace: 91606K(98736K)->91606K(98736K) NonClass: 80022K(83888K)->80022K(83888K) Class: 11584K(14848K)->11584K(14848K)
[1652.983s][info][gc             ] GC(1139) Pause Young (Allocation Failure) 851M->182M(2042M) 3.014ms
[1652.983s][info][gc,cpu         ] GC(1139) User=0.00s Sys=0.00s Real=0.00s
[1655.205s][info][gc,start       ] GC(1140) Pause Young (Allocation Failure)
[1655.208s][info][gc,heap        ] GC(1140) PSYoungGen: 686197K->2506K(692736K)
[1655.208s][info][gc,heap        ] GC(1140) PSOldGen: 184123K->185838K(1398272K)
[1655.208s][info][gc,metaspace   ] GC(1140) Metaspace: 91606K(98736K)->91606K(98736K) NonClass: 80022K(83888K)->80022K(83888K) Class: 11584K(14848K)->11584K(14848K)
[1655.208s][info][gc             ] GC(1140) Pause Young (Allocation Failure) 849M->183M(2042M) 2.424ms
[1655.208s][info][gc,cpu         ] GC(1140) User=0.00s Sys=0.00s Real=0.00s
[1656.876s][info][gc,start       ] GC(1141) Pause Young (Allocation Failure)
[1656.880s][info][gc,heap        ] GC(1141) PSYoungGen: 685905K->2787K(692736K)
[1656.880s][info][gc,heap        ] GC(1141) PSOldGen: 185838K->187689K(1398272K)
[1656.880s][info][gc,metaspace   ] GC(1141) Metaspace: 91606K(98736K)->91606K(98736K) NonClass: 80022K(83888K)->80022K(83888K) Class: 11584K(14848K)->11584K(14848K)
[1656.880s][info][gc             ] GC(1141) Pause Young (Allocation Failure) 851M->186M(2042M) 3.138ms
[1656.880s][info][gc,cpu         ] GC(1141) User=0.02s Sys=0.00s Real=0.01s
[1657.644s][info][gc,start       ] GC(1142) Pause Young (Allocation Failure)
[1657.646s][info][gc,heap        ] GC(1142) PSYoungGen: 689379K->3451K(693248K)
[1657.647s][info][gc,heap        ] GC(1142) PSOldGen: 187689K->189640K(1398272K)
[1657.647s][info][gc,metaspace   ] GC(1142) Metaspace: 91606K(98736K)->91606K(98736K) NonClass: 80022K(83888K)->80022K(83888K) Class: 11584K(14848K)->11584K(14848K)
[1657.647s][info][gc             ] GC(1142) Pause Young (Allocation Failure) 856M->188M(2042M) 2.761ms
[1657.647s][info][gc,cpu         ] GC(1142) User=0.00s Sys=0.00s Real=0.00s
[1659.829s][info][gc,start       ] GC(1143) Pause Young (Allocation Failure)
[1659.832s][info][gc,heap        ] GC(1143) PSYoungGen: 691067K->3264K(693248K)
[1659.832s][info][gc,heap        ] GC(1143) PSOldGen: 189640K->192549K(1398272K)
[1659.832s][info][gc,metaspace   ] GC(1143) Metaspace: 91606K(98736K)->91606K(98736K) NonClass: 80022K(83888K)->80022K(83888K) Class: 11584K(14848K)->11584K(14848K)
[1659.832s][info][gc             ] GC(1143) Pause Young (Allocation Failure) 860M->191M(2042M) 3.053ms
[1659.832s][info][gc,cpu         ] GC(1143) User=0.02s Sys=0.00s Real=0.01s
[1660.479s][info][gc,start       ] GC(1144) Pause Young (Allocation Failure)
[1660.483s][info][gc,heap        ] GC(1144) PSYoungGen: 688142K->2710K(693760K)
[1660.483s][info][gc,heap        ] GC(1144) PSOldGen: 192549K->194985K(1398272K)
[1660.483s][info][gc,metaspace   ] GC(1144) Metaspace: 91606K(98736K)->91606K(98736K) NonClass: 80022K(83888K)->80022K(83888K) Class: 11584K(14848K)->11584K(14848K)
[1660.483s][info][gc             ] GC(1144) Pause Young (Allocation Failure) 860M->193M(2043M) 3.479ms
[1660.483s][info][gc,cpu         ] GC(1144) User=0.00s Sys=0.00s Real=0.01s
[1662.613s][info][gc,start       ] GC(1145) Pause Young (Allocation Failure)
[1662.616s][info][gc,heap        ] GC(1145) PSYoungGen: 690838K->5090K(693248K)
[1662.616s][info][gc,heap        ] GC(1145) PSOldGen: 194985K->198615K(1398272K)
[1662.616s][info][gc,metaspace   ] GC(1145) Metaspace: 91606K(98736K)->91606K(98736K) NonClass: 80022K(83888K)->80022K(83888K) Class: 11584K(14848K)->11584K(14848K)
[1662.616s][info][gc             ] GC(1145) Pause Young (Allocation Failure) 865M->198M(2042M) 3.105ms
[1662.616s][info][gc,cpu         ] GC(1145) User=0.00s Sys=0.00s Real=0.00s
[1663.664s][info][gc,start       ] GC(1146) Pause Young (Allocation Failure)
[1663.668s][info][gc,heap        ] GC(1146) PSYoungGen: 691707K->4397K(690176K)
[1663.668s][info][gc,heap        ] GC(1146) PSOldGen: 198615K->201542K(1398272K)
[1663.668s][info][gc,metaspace   ] GC(1146) Metaspace: 91606K(98736K)->91606K(98736K) NonClass: 80022K(83888K)->80022K(83888K) Class: 11584K(14848K)->11584K(14848K)
[1663.668s][info][gc             ] GC(1146) Pause Young (Allocation Failure) 869M->201M(2039M) 3.911ms
[1663.668s][info][gc,cpu         ] GC(1146) User=0.00s Sys=0.00s Real=0.00s
[1664.820s][info][gc,start       ] GC(1147) Pause Young (Allocation Failure)
[1664.823s][info][gc,heap        ] GC(1147) PSYoungGen: 685288K->3194K(691712K)
[1664.823s][info][gc,heap        ] GC(1147) PSOldGen: 201542K->204018K(1398272K)
[1664.823s][info][gc,metaspace   ] GC(1147) Metaspace: 91606K(98736K)->91606K(98736K) NonClass: 80022K(83888K)->80022K(83888K) Class: 11584K(14848K)->11584K(14848K)
[1664.823s][info][gc             ] GC(1147) Pause Young (Allocation Failure) 866M->202M(2041M) 2.705ms
[1664.823s][info][gc,cpu         ] GC(1147) User=0.00s Sys=0.00s Real=0.00s
[1666.655s][info][gc,start       ] GC(1148) Pause Young (Allocation Failure)
[1666.658s][info][gc,heap        ] GC(1148) PSYoungGen: 684029K->3097K(692224K)
[1666.658s][info][gc,heap        ] GC(1148) PSOldGen: 204018K->206732K(1398272K)
[1666.658s][info][gc,metaspace   ] GC(1148) Metaspace: 91606K(98736K)->91606K(98736K) NonClass: 80022K(83888K)->80022K(83888K) Class: 11584K(14848K)->11584K(14848K)
[1666.658s][info][gc             ] GC(1148) Pause Young (Allocation Failure) 867M->204M(2041M) 2.672ms
[1666.658s][info][gc,cpu         ] GC(1148) User=0.08s Sys=0.00s Real=0.00s
[1667.400s][info][gc,start       ] GC(1149) Pause Young (Allocation Failure)
[1667.404s][info][gc,heap        ] GC(1149) PSYoungGen: 688153K->3184K(691712K)
[1667.404s][info][gc,heap        ] GC(1149) PSOldGen: 206732K->209122K(1398272K)
[1667.404s][info][gc,metaspace   ] GC(1149) Metaspace: 91606K(98736K)->91606K(98736K) NonClass: 80022K(83888K)->80022K(83888K) Class: 11584K(14848K)->11584K(14848K)
[1667.404s][info][gc             ] GC(1149) Pause Young (Allocation Failure) 873M->207M(2041M) 3.205ms
[1667.404s][info][gc,cpu         ] GC(1149) User=0.00s Sys=0.00s Real=0.00s
[1669.702s][info][gc,start       ] GC(1150) Pause Young (Allocation Failure)
[1669.705s][info][gc,heap        ] GC(1150) PSYoungGen: 688240K->2257K(692224K)
[1669.705s][info][gc,heap        ] GC(1150) PSOldGen: 209122K->211754K(1398272K)
[1669.705s][info][gc,metaspace   ] GC(1150) Metaspace: 91606K(98736K)->91606K(98736K) NonClass: 80022K(83888K)->80022K(83888K) Class: 11584K(14848K)->11584K(14848K)
[1669.705s][info][gc             ] GC(1150) Pause Young (Allocation Failure) 876M->208M(2041M) 3.005ms
[1669.705s][info][gc,cpu         ] GC(1150) User=0.08s Sys=0.00s Real=0.01s
[1670.525s][info][gc,start       ] GC(1151) Pause Young (Allocation Failure)
[1670.528s][info][gc,heap        ] GC(1151) PSYoungGen: 687825K->3134K(692224K)
[1670.528s][info][gc,heap        ] GC(1151) PSOldGen: 211754K->213137K(1398272K)
[1670.528s][info][gc,metaspace   ] GC(1151) Metaspace: 91606K(98736K)->91606K(98736K) NonClass: 80022K(83888K)->80022K(83888K) Class: 11584K(14848K)->11584K(14848K)
[1670.528s][info][gc             ] GC(1151) Pause Young (Allocation Failure) 878M->211M(2041M) 2.623ms
[1670.528s][info][gc,cpu         ] GC(1151) User=0.00s Sys=0.00s Real=0.00s
[1670.556s][info][gc,start       ] GC(1152) Pause Young (System.gc())
[1670.559s][info][gc,heap        ] GC(1152) PSYoungGen: 64343K->239K(691712K)
[1670.559s][info][gc,heap        ] GC(1152) PSOldGen: 213137K->215336K(1398272K)
[1670.559s][info][gc,metaspace   ] GC(1152) Metaspace: 91606K(98736K)->91606K(98736K) NonClass: 80022K(83888K)->80022K(83888K) Class: 11584K(14848K)->11584K(14848K)
[1670.559s][info][gc             ] GC(1152) Pause Young (System.gc()) 270M->210M(2041M) 2.915ms
[1670.559s][info][gc,cpu         ] GC(1152) User=0.00s Sys=0.00s Real=0.00s
[1670.559s][info][gc,start       ] GC(1153) Pause Full (System.gc())
[1670.561s][info][gc,phases,start] GC(1153) Phase 1: Mark live objects
[1670.619s][info][gc,phases      ] GC(1153) Phase 1: Mark live objects 58.317ms
[1670.620s][info][gc,phases,start] GC(1153) Phase 2: Compute new object addresses
[1670.634s][info][gc,phases      ] GC(1153) Phase 2: Compute new object addresses 14.407ms
[1670.634s][info][gc,phases,start] GC(1153) Phase 3: Adjust pointers
[1670.671s][info][gc,phases      ] GC(1153) Phase 3: Adjust pointers 37.047ms
[1670.671s][info][gc,phases,start] GC(1153) Phase 4: Move objects
[1670.680s][info][gc,phases      ] GC(1153) Phase 4: Move objects 8.831ms
[1670.682s][info][gc,heap        ] GC(1153) PSYoungGen: 239K->0K(691712K)
[1670.682s][info][gc,heap        ] GC(1153) PSOldGen: 215336K->83015K(1398272K)
[1670.682s][info][gc,metaspace   ] GC(1153) Metaspace: 91606K(98736K)->91606K(98736K) NonClass: 80022K(83888K)->80022K(83888K) Class: 11584K(14848K)->11584K(14848K)
[1670.682s][info][gc             ] GC(1153) Pause Full (System.gc()) 210M->81M(2041M) 123.102ms
[1670.683s][info][gc,cpu         ] GC(1153) User=0.12s Sys=0.00s Real=0.12s
[1671.562s][info][gc,start       ] GC(1154) Pause Young (Allocation Failure)
[1671.564s][info][gc,heap        ] GC(1154) PSYoungGen: 685568K->3778K(692224K)
[1671.564s][info][gc,heap        ] GC(1154) PSOldGen: 83015K->83015K(1398272K)
[1671.564s][info][gc,metaspace   ] GC(1154) Metaspace: 91606K(98736K)->91606K(98736K) NonClass: 80022K(83888K)->80022K(83888K) Class: 11584K(14848K)->11584K(14848K)
[1671.564s][info][gc             ] GC(1154) Pause Young (Allocation Failure) 750M->84M(2041M) 2.316ms
[1671.564s][info][gc,cpu         ] GC(1154) User=0.08s Sys=0.00s Real=0.00s
[1673.944s][info][gc,start       ] GC(1155) Pause Young (Allocation Failure)
[1673.946s][info][gc,heap        ] GC(1155) PSYoungGen: 689346K->2175K(692736K)
[1673.946s][info][gc,heap        ] GC(1155) PSOldGen: 83015K->85613K(1398272K)
[1673.946s][info][gc,metaspace   ] GC(1155) Metaspace: 91606K(98736K)->91606K(98736K) NonClass: 80022K(83888K)->80022K(83888K) Class: 11584K(14848K)->11584K(14848K)
[1673.946s][info][gc             ] GC(1155) Pause Young (Allocation Failure) 754M->85M(2042M) 2.388ms
[1673.946s][info][gc,cpu         ] GC(1155) User=0.00s Sys=0.00s Real=0.00s
[1676.079s][info][gc,start       ] GC(1156) Pause Young (Allocation Failure)
[1676.081s][info][gc,heap        ] GC(1156) PSYoungGen: 686158K->2138K(692224K)
[1676.081s][info][gc,heap        ] GC(1156) PSOldGen: 85613K->87076K(1398272K)
[1676.081s][info][gc,metaspace   ] GC(1156) Metaspace: 91606K(98736K)->91606K(98736K) NonClass: 80022K(83888K)->80022K(83888K) Class: 11584K(14848K)->11584K(14848K)
[1676.081s][info][gc             ] GC(1156) Pause Young (Allocation Failure) 753M->87M(2041M) 2.111ms
[1676.081s][info][gc,cpu         ] GC(1156) User=0.08s Sys=0.02s Real=0.00s
[1676.705s][info][gc,start       ] GC(1157) Pause Young (Allocation Failure)
[1676.709s][info][gc,heap        ] GC(1157) PSYoungGen: 685400K->5366K(691712K)
[1676.709s][info][gc,heap        ] GC(1157) PSOldGen: 87076K->96729K(1398272K)
[1676.709s][info][gc,metaspace   ] GC(1157) Metaspace: 91606K(98736K)->91606K(98736K) NonClass: 80022K(83888K)->80022K(83888K) Class: 11584K(14848K)->11584K(14848K)
[1676.709s][info][gc             ] GC(1157) Pause Young (Allocation Failure) 754M->99M(2041M) 3.277ms
[1676.709s][info][gc,cpu         ] GC(1157) User=0.00s Sys=0.00s Real=0.00s
[1678.392s][info][gc,start       ] GC(1158) Pause Young (Allocation Failure)
[1678.394s][info][gc,heap        ] GC(1158) PSYoungGen: 688516K->2839K(692224K)
[1678.394s][info][gc,heap        ] GC(1158) PSOldGen: 96729K->99380K(1398272K)
[1678.394s][info][gc,metaspace   ] GC(1158) Metaspace: 91606K(98736K)->91606K(98736K) NonClass: 80022K(83888K)->80022K(83888K) Class: 11584K(14848K)->11584K(14848K)
[1678.394s][info][gc             ] GC(1158) Pause Young (Allocation Failure) 766M->99M(2041M) 2.223ms
[1678.394s][info][gc,cpu         ] GC(1158) User=0.00s Sys=0.00s Real=0.00s
[1680.800s][info][gc,start       ] GC(1159) Pause Young (Allocation Failure)
[1680.802s][info][gc,heap        ] GC(1159) PSYoungGen: 685171K->2545K(692736K)
[1680.802s][info][gc,heap        ] GC(1159) PSOldGen: 99380K->101154K(1398272K)
[1680.802s][info][gc,metaspace   ] GC(1159) Metaspace: 91606K(98736K)->91606K(98736K) NonClass: 80022K(83888K)->80022K(83888K) Class: 11584K(14848K)->11584K(14848K)
[1680.802s][info][gc             ] GC(1159) Pause Young (Allocation Failure) 766M->101M(2042M) 2.240ms
[1680.802s][info][gc,cpu         ] GC(1159) User=0.00s Sys=0.00s Real=0.00s
[1682.397s][info][gc,start       ] GC(1160) Pause Young (Allocation Failure)
[1682.399s][info][gc,heap        ] GC(1160) PSYoungGen: 688625K->2786K(692224K)
[1682.399s][info][gc,heap        ] GC(1160) PSOldGen: 101154K->103015K(1398272K)
[1682.399s][info][gc,metaspace   ] GC(1160) Metaspace: 91606K(98736K)->91606K(98736K) NonClass: 80022K(83888K)->80022K(83888K) Class: 11584K(14848K)->11584K(14848K)
[1682.399s][info][gc             ] GC(1160) Pause Young (Allocation Failure) 771M->103M(2041M) 2.457ms
[1682.399s][info][gc,cpu         ] GC(1160) User=0.00s Sys=0.00s Real=0.00s
[1683.147s][info][gc,start       ] GC(1161) Pause Young (Allocation Failure)
[1683.150s][info][gc,heap        ] GC(1161) PSYoungGen: 688866K->3648K(692736K)
[1683.150s][info][gc,heap        ] GC(1161) PSOldGen: 103015K->105258K(1398272K)
[1683.150s][info][gc,metaspace   ] GC(1161) Metaspace: 91606K(98736K)->91606K(98736K) NonClass: 80022K(83888K)->80022K(83888K) Class: 11584K(14848K)->11584K(14848K)
[1683.150s][info][gc             ] GC(1161) Pause Young (Allocation Failure) 773M->106M(2042M) 2.807ms
[1683.150s][info][gc,cpu         ] GC(1161) User=0.00s Sys=0.00s Real=0.00s
[1685.589s][info][gc,start       ] GC(1162) Pause Young (Allocation Failure)
[1685.592s][info][gc,heap        ] GC(1162) PSYoungGen: 690240K->2336K(692736K)
[1685.592s][info][gc,heap        ] GC(1162) PSOldGen: 105258K->107533K(1398272K)
[1685.592s][info][gc,metaspace   ] GC(1162) Metaspace: 91606K(98736K)->91606K(98736K) NonClass: 80022K(83888K)->80022K(83888K) Class: 11584K(14848K)->11584K(14848K)
[1685.592s][info][gc             ] GC(1162) Pause Young (Allocation Failure) 776M->107M(2042M) 2.413ms
[1685.592s][info][gc,cpu         ] GC(1162) User=0.00s Sys=0.00s Real=0.02s
[1687.803s][info][gc,start       ] GC(1163) Pause Young (Allocation Failure)
[1687.805s][info][gc,heap        ] GC(1163) PSYoungGen: 688928K->2760K(693248K)
[1687.805s][info][gc,heap        ] GC(1163) PSOldGen: 107533K->109228K(1398272K)
[1687.805s][info][gc,metaspace   ] GC(1163) Metaspace: 91606K(98736K)->91606K(98736K) NonClass: 80022K(83888K)->80022K(83888K) Class: 11584K(14848K)->11584K(14848K)
[1687.805s][info][gc             ] GC(1163) Pause Young (Allocation Failure) 777M->109M(2042M) 2.483ms
[1687.805s][info][gc,cpu         ] GC(1163) User=0.00s Sys=0.00s Real=0.00s
[1688.427s][info][gc,start       ] GC(1164) Pause Young (Allocation Failure)
[1688.431s][info][gc,heap        ] GC(1164) PSYoungGen: 687601K->5462K(692736K)
[1688.431s][info][gc,heap        ] GC(1164) PSOldGen: 109228K->127014K(1398272K)
[1688.431s][info][gc,metaspace   ] GC(1164) Metaspace: 91606K(98736K)->91606K(98736K) NonClass: 80022K(83888K)->80022K(83888K) Class: 11584K(14848K)->11584K(14848K)
[1688.431s][info][gc             ] GC(1164) Pause Young (Allocation Failure) 778M->129M(2042M) 4.395ms
[1688.431s][info][gc,cpu         ] GC(1164) User=0.00s Sys=0.00s Real=0.00s
[1690.160s][info][gc,start       ] GC(1165) Pause Young (GCLocker Initiated GC)
[1690.163s][info][gc,heap        ] GC(1165) PSYoungGen: 692566K->3462K(692736K)
[1690.163s][info][gc,heap        ] GC(1165) PSOldGen: 127035K->130115K(1398272K)
[1690.163s][info][gc,metaspace   ] GC(1165) Metaspace: 91606K(98736K)->91606K(98736K) NonClass: 80022K(83888K)->80022K(83888K) Class: 11584K(14848K)->11584K(14848K)
[1690.163s][info][gc             ] GC(1165) Pause Young (GCLocker Initiated GC) 800M->130M(2042M) 2.978ms
[1690.163s][info][gc,cpu         ] GC(1165) User=0.00s Sys=0.00s Real=0.01s
[1692.465s][info][gc,start       ] GC(1166) Pause Young (Allocation Failure)
[1692.468s][info][gc,heap        ] GC(1166) PSYoungGen: 690054K->2860K(692736K)
[1692.468s][info][gc,heap        ] GC(1166) PSOldGen: 137285K->139059K(1398272K)
[1692.468s][info][gc,metaspace   ] GC(1166) Metaspace: 91606K(98736K)->91606K(98736K) NonClass: 80022K(83888K)->80022K(83888K) Class: 11584K(14848K)->11584K(14848K)
[1692.468s][info][gc             ] GC(1166) Pause Young (Allocation Failure) 807M->138M(2042M) 2.488ms
[1692.468s][info][gc,cpu         ] GC(1166) User=0.00s Sys=0.00s Real=0.00s
[1694.061s][info][gc,start       ] GC(1167) Pause Young (Allocation Failure)
[1694.064s][info][gc,heap        ] GC(1167) PSYoungGen: 689452K->4632K(692736K)
[1694.064s][info][gc,heap        ] GC(1167) PSOldGen: 139059K->140966K(1398272K)
[1694.064s][info][gc,metaspace   ] GC(1167) Metaspace: 91606K(98736K)->91606K(98736K) NonClass: 80022K(83888K)->80022K(83888K) Class: 11584K(14848K)->11584K(14848K)
[1694.064s][info][gc             ] GC(1167) Pause Young (Allocation Failure) 809M->142M(2042M) 3.054ms
[1694.064s][info][gc,cpu         ] GC(1167) User=0.00s Sys=0.00s Real=0.00s
[1694.859s][info][gc,start       ] GC(1168) Pause Young (Allocation Failure)
[1694.862s][info][gc,heap        ] GC(1168) PSYoungGen: 691224K->3230K(692736K)
[1694.862s][info][gc,heap        ] GC(1168) PSOldGen: 140966K->143064K(1398272K)
[1694.862s][info][gc,metaspace   ] GC(1168) Metaspace: 91606K(98736K)->91606K(98736K) NonClass: 80022K(83888K)->80022K(83888K) Class: 11584K(14848K)->11584K(14848K)
[1694.862s][info][gc             ] GC(1168) Pause Young (Allocation Failure) 812M->142M(2042M) 3.104ms
[1694.862s][info][gc,cpu         ] GC(1168) User=0.09s Sys=0.00s Real=0.00s
[1697.074s][info][gc,start       ] GC(1169) Pause Young (Allocation Failure)
[1697.076s][info][gc,heap        ] GC(1169) PSYoungGen: 689614K->3330K(693248K)
[1697.076s][info][gc,heap        ] GC(1169) PSOldGen: 143064K->145992K(1398272K)
[1697.076s][info][gc,metaspace   ] GC(1169) Metaspace: 91606K(98736K)->91606K(98736K) NonClass: 80022K(83888K)->80022K(83888K) Class: 11584K(14848K)->11584K(14848K)
[1697.076s][info][gc             ] GC(1169) Pause Young (Allocation Failure) 813M->145M(2042M) 2.852ms
[1697.076s][info][gc,cpu         ] GC(1169) User=0.00s Sys=0.00s Real=0.00s
[1697.722s][info][gc,start       ] GC(1170) Pause Young (Allocation Failure)
[1697.726s][info][gc,heap        ] GC(1170) PSYoungGen: 690434K->2965K(692736K)
[1697.726s][info][gc,heap        ] GC(1170) PSOldGen: 145992K->148511K(1398272K)
[1697.726s][info][gc,metaspace   ] GC(1170) Metaspace: 91606K(98736K)->91606K(98736K) NonClass: 80022K(83888K)->80022K(83888K) Class: 11584K(14848K)->11584K(14848K)
[1697.726s][info][gc             ] GC(1170) Pause Young (Allocation Failure) 816M->147M(2042M) 3.624ms
[1697.726s][info][gc,cpu         ] GC(1170) User=0.00s Sys=0.00s Real=0.01s
[1699.925s][info][gc,start       ] GC(1171) Pause Young (Allocation Failure)
[1699.928s][info][gc,heap        ] GC(1171) PSYoungGen: 690069K->4604K(692224K)
[1699.928s][info][gc,heap        ] GC(1171) PSOldGen: 148511K->150163K(1398272K)
[1699.928s][info][gc,metaspace   ] GC(1171) Metaspace: 91606K(98736K)->91606K(98736K) NonClass: 80022K(83888K)->80022K(83888K) Class: 11584K(14848K)->11584K(14848K)
[1699.928s][info][gc             ] GC(1171) Pause Young (Allocation Failure) 818M->151M(2041M) 2.850ms
[1699.928s][info][gc,cpu         ] GC(1171) User=0.00s Sys=0.00s Real=0.00s
[1700.887s][info][gc,start       ] GC(1172) Pause Young (Allocation Failure)
[1700.893s][info][gc,heap        ] GC(1172) PSYoungGen: 689012K->3490K(692736K)
[1700.893s][info][gc,heap        ] GC(1172) PSOldGen: 150163K->152574K(1398272K)
[1700.893s][info][gc,metaspace   ] GC(1172) Metaspace: 91606K(98736K)->91606K(98736K) NonClass: 80022K(83888K)->80022K(83888K) Class: 11584K(14848K)->11584K(14848K)
[1700.893s][info][gc             ] GC(1172) Pause Young (Allocation Failure) 819M->152M(2042M) 6.057ms
[1700.893s][info][gc,cpu         ] GC(1172) User=0.00s Sys=0.00s Real=0.01s
[1702.152s][info][gc,start       ] GC(1173) Pause Young (Allocation Failure)
[1702.155s][info][gc,heap        ] GC(1173) PSYoungGen: 686563K->3132K(693248K)
[1702.155s][info][gc,heap        ] GC(1173) PSOldGen: 152574K->155079K(1398272K)
[1702.155s][info][gc,metaspace   ] GC(1173) Metaspace: 91606K(98736K)->91606K(98736K) NonClass: 80022K(83888K)->80022K(83888K) Class: 11584K(14848K)->11584K(14848K)
[1702.155s][info][gc             ] GC(1173) Pause Young (Allocation Failure) 819M->154M(2042M) 2.405ms
[1702.155s][info][gc,cpu         ] GC(1173) User=0.00s Sys=0.00s Real=0.00s
[1703.941s][info][gc,start       ] GC(1174) Pause Young (Allocation Failure)
[1703.944s][info][gc,heap        ] GC(1174) PSYoungGen: 690748K->5046K(692736K)
[1703.944s][info][gc,heap        ] GC(1174) PSOldGen: 155079K->157714K(1398272K)
[1703.944s][info][gc,metaspace   ] GC(1174) Metaspace: 91606K(98736K)->91606K(98736K) NonClass: 80022K(83888K)->80022K(83888K) Class: 11584K(14848K)->11584K(14848K)
[1703.944s][info][gc             ] GC(1174) Pause Young (Allocation Failure) 826M->158M(2042M) 3.210ms
[1703.944s][info][gc,cpu         ] GC(1174) User=0.00s Sys=0.00s Real=0.01s
[1704.690s][info][gc,start       ] GC(1175) Pause Young (Allocation Failure)
[1704.693s][info][gc,heap        ] GC(1175) PSYoungGen: 692628K->3302K(693248K)
[1704.693s][info][gc,heap        ] GC(1175) PSOldGen: 157714K->160137K(1398272K)
[1704.693s][info][gc,metaspace   ] GC(1175) Metaspace: 91606K(98736K)->91606K(98736K) NonClass: 80022K(83888K)->80022K(83888K) Class: 11584K(14848K)->11584K(14848K)
[1704.693s][info][gc             ] GC(1175) Pause Young (Allocation Failure) 830M->159M(2042M) 3.095ms
[1704.693s][info][gc,cpu         ] GC(1175) User=0.00s Sys=0.00s Real=0.00s
[1707.008s][info][gc,start       ] GC(1176) Pause Young (Allocation Failure)
[1707.011s][info][gc,heap        ] GC(1176) PSYoungGen: 690406K->3660K(692736K)
[1707.011s][info][gc,heap        ] GC(1176) PSOldGen: 160137K->162873K(1398272K)
[1707.011s][info][gc,metaspace   ] GC(1176) Metaspace: 91606K(98736K)->91606K(98736K) NonClass: 80022K(83888K)->80022K(83888K) Class: 11584K(14848K)->11584K(14848K)
[1707.011s][info][gc             ] GC(1176) Pause Young (Allocation Failure) 830M->162M(2042M) 3.029ms
[1707.011s][info][gc,cpu         ] GC(1176) User=0.00s Sys=0.00s Real=0.00s
[1707.839s][info][gc,start       ] GC(1177) Pause Young (Allocation Failure)
[1707.842s][info][gc,heap        ] GC(1177) PSYoungGen: 690764K->2943K(693248K)
[1707.842s][info][gc,heap        ] GC(1177) PSOldGen: 162873K->164811K(1398272K)
[1707.842s][info][gc,metaspace   ] GC(1177) Metaspace: 91606K(98736K)->91606K(98736K) NonClass: 80022K(83888K)->80022K(83888K) Class: 11584K(14848K)->11584K(14848K)
[1707.842s][info][gc             ] GC(1177) Pause Young (Allocation Failure) 833M->163M(2042M) 2.831ms
[1707.842s][info][gc,cpu         ] GC(1177) User=0.00s Sys=0.00s Real=0.00s
[1707.847s][info][gc,start       ] GC(1178) Pause Young (System.gc())
[1707.848s][info][gc,heap        ] GC(1178) PSYoungGen: 26616K->192K(688128K)
[1707.848s][info][gc,heap        ] GC(1178) PSOldGen: 164811K->166481K(1398272K)
[1707.848s][info][gc,metaspace   ] GC(1178) Metaspace: 91606K(98736K)->91606K(98736K) NonClass: 80022K(83888K)->80022K(83888K) Class: 11584K(14848K)->11584K(14848K)
[1707.849s][info][gc             ] GC(1178) Pause Young (System.gc()) 186M->162M(2037M) 1.925ms
[1707.849s][info][gc,cpu         ] GC(1178) User=0.00s Sys=0.00s Real=0.00s
[1707.849s][info][gc,start       ] GC(1179) Pause Full (System.gc())
[1707.851s][info][gc,phases,start] GC(1179) Phase 1: Mark live objects
[1707.907s][info][gc,phases      ] GC(1179) Phase 1: Mark live objects 56.013ms
[1707.907s][info][gc,phases,start] GC(1179) Phase 2: Compute new object addresses
[1707.921s][info][gc,phases      ] GC(1179) Phase 2: Compute new object addresses 13.988ms
[1707.921s][info][gc,phases,start] GC(1179) Phase 3: Adjust pointers
[1707.957s][info][gc,phases      ] GC(1179) Phase 3: Adjust pointers 36.660ms
[1707.957s][info][gc,phases,start] GC(1179) Phase 4: Move objects
[1707.961s][info][gc,phases      ] GC(1179) Phase 4: Move objects 3.762ms
[1707.964s][info][gc,heap        ] GC(1179) PSYoungGen: 192K->0K(688128K)
[1707.964s][info][gc,heap        ] GC(1179) PSOldGen: 166481K->149670K(1398272K)
[1707.964s][info][gc,metaspace   ] GC(1179) Metaspace: 91606K(98736K)->91606K(98736K) NonClass: 80022K(83888K)->80022K(83888K) Class: 11584K(14848K)->11584K(14848K)
[1707.964s][info][gc             ] GC(1179) Pause Full (System.gc()) 162M->146M(2037M) 114.993ms
[1707.964s][info][gc,cpu         ] GC(1179) User=0.09s Sys=0.02s Real=0.12s
[1708.852s][info][gc,start       ] GC(1180) Pause Young (Allocation Failure)
[1708.855s][info][gc,heap        ] GC(1180) PSYoungGen: 687616K->3677K(693248K)
[1708.855s][info][gc,heap        ] GC(1180) PSOldGen: 149670K->149670K(1398272K)
[1708.855s][info][gc,metaspace   ] GC(1180) Metaspace: 91606K(98736K)->91606K(98736K) NonClass: 80022K(83888K)->80022K(83888K) Class: 11584K(14848K)->11584K(14848K)
[1708.855s][info][gc             ] GC(1180) Pause Young (Allocation Failure) 817M->149M(2042M) 2.456ms
[1708.855s][info][gc,cpu         ] GC(1180) User=0.00s Sys=0.00s Real=0.00s
[1711.204s][info][gc,start       ] GC(1181) Pause Young (Allocation Failure)
[1711.206s][info][gc,heap        ] GC(1181) PSYoungGen: 690781K->2299K(692736K)
[1711.206s][info][gc,heap        ] GC(1181) PSOldGen: 149670K->152303K(1398272K)
[1711.206s][info][gc,metaspace   ] GC(1181) Metaspace: 91606K(98736K)->91606K(98736K) NonClass: 80022K(83888K)->80022K(83888K) Class: 11584K(14848K)->11584K(14848K)
[1711.206s][info][gc             ] GC(1181) Pause Young (Allocation Failure) 820M->150M(2042M) 2.520ms
[1711.206s][info][gc,cpu         ] GC(1181) User=0.09s Sys=0.00s Real=0.00s
[1713.329s][info][gc,start       ] GC(1182) Pause Young (Allocation Failure)
[1713.331s][info][gc,heap        ] GC(1182) PSYoungGen: 689403K->2584K(693248K)
[1713.331s][info][gc,heap        ] GC(1182) PSOldGen: 152303K->153777K(1398272K)
[1713.331s][info][gc,metaspace   ] GC(1182) Metaspace: 91606K(98736K)->91606K(98736K) NonClass: 80022K(83888K)->80022K(83888K) Class: 11584K(14848K)->11584K(14848K)
[1713.331s][info][gc             ] GC(1182) Pause Young (Allocation Failure) 821M->152M(2042M) 2.291ms
[1713.331s][info][gc,cpu         ] GC(1182) User=0.02s Sys=0.00s Real=0.00s
[1713.946s][info][gc,start       ] GC(1183) Pause Young (Allocation Failure)
[1713.950s][info][gc,heap        ] GC(1183) PSYoungGen: 688839K->5174K(693248K)
[1713.950s][info][gc,heap        ] GC(1183) PSOldGen: 153777K->171587K(1398272K)
[1713.950s][info][gc,metaspace   ] GC(1183) Metaspace: 91606K(98736K)->91606K(98736K) NonClass: 80022K(83888K)->80022K(83888K) Class: 11584K(14848K)->11584K(14848K)
[1713.951s][info][gc             ] GC(1183) Pause Young (Allocation Failure) 822M->172M(2042M) 4.163ms
[1713.951s][info][gc,cpu         ] GC(1183) User=0.00s Sys=0.00s Real=0.00s
[1715.688s][info][gc,start       ] GC(1184) Pause Young (Allocation Failure)
[1715.693s][info][gc,heap        ] GC(1184) PSYoungGen: 692790K->3862K(692224K)
[1715.693s][info][gc,heap        ] GC(1184) PSOldGen: 171587K->174293K(1398272K)
[1715.693s][info][gc,metaspace   ] GC(1184) Metaspace: 91606K(98736K)->91606K(98736K) NonClass: 80022K(83888K)->80022K(83888K) Class: 11584K(14848K)->11584K(14848K)
[1715.693s][info][gc             ] GC(1184) Pause Young (Allocation Failure) 844M->173M(2041M) 4.744ms
[1715.693s][info][gc,cpu         ] GC(1184) User=0.03s Sys=0.00s Real=0.00s
[1718.202s][info][gc,start       ] GC(1185) Pause Young (GCLocker Initiated GC)
[1718.206s][info][gc,heap        ] GC(1185) PSYoungGen: 690454K->5155K(692224K)
[1718.206s][info][gc,heap        ] GC(1185) PSOldGen: 174309K->176065K(1398272K)
[1718.206s][info][gc,metaspace   ] GC(1185) Metaspace: 91606K(98736K)->91606K(98736K) NonClass: 80022K(83888K)->80022K(83888K) Class: 11584K(14848K)->11584K(14848K)
[1718.206s][info][gc             ] GC(1185) Pause Young (GCLocker Initiated GC) 844M->176M(2041M) 3.642ms
[1718.206s][info][gc,cpu         ] GC(1185) User=0.05s Sys=0.00s Real=0.00s
[1720.195s][info][gc,start       ] GC(1186) Pause Young (Allocation Failure)
[1720.198s][info][gc,heap        ] GC(1186) PSYoungGen: 691747K->2649K(692224K)
[1720.198s][info][gc,heap        ] GC(1186) PSOldGen: 176388K->178280K(1398272K)
[1720.198s][info][gc,metaspace   ] GC(1186) Metaspace: 91606K(98736K)->91606K(98736K) NonClass: 80022K(83888K)->80022K(83888K) Class: 11584K(14848K)->11584K(14848K)
[1720.198s][info][gc             ] GC(1186) Pause Young (Allocation Failure) 847M->176M(2041M) 2.927ms
[1720.198s][info][gc,cpu         ] GC(1186) User=0.00s Sys=0.00s Real=0.00s
[1721.100s][info][gc,start       ] GC(1187) Pause Young (Allocation Failure)
[1721.103s][info][gc,heap        ] GC(1187) PSYoungGen: 688217K->3344K(692224K)
[1721.103s][info][gc,heap        ] GC(1187) PSOldGen: 178280K->180369K(1398272K)
[1721.103s][info][gc,metaspace   ] GC(1187) Metaspace: 91606K(98736K)->91606K(98736K) NonClass: 80022K(83888K)->80022K(83888K) Class: 11584K(14848K)->11584K(14848K)
[1721.103s][info][gc             ] GC(1187) Pause Young (Allocation Failure) 846M->179M(2041M) 2.789ms
[1721.103s][info][gc,cpu         ] GC(1187) User=0.00s Sys=0.00s Real=0.00s
[1723.654s][info][gc,start       ] GC(1188) Pause Young (Allocation Failure)
[1723.656s][info][gc,heap        ] GC(1188) PSYoungGen: 688912K->2333K(692736K)
[1723.656s][info][gc,heap        ] GC(1188) PSOldGen: 180369K->182571K(1398272K)
[1723.656s][info][gc,metaspace   ] GC(1188) Metaspace: 91606K(98736K)->91606K(98736K) NonClass: 80022K(83888K)->80022K(83888K) Class: 11584K(14848K)->11584K(14848K)
[1723.656s][info][gc             ] GC(1188) Pause Young (Allocation Failure) 848M->180M(2042M) 2.672ms
[1723.656s][info][gc,cpu         ] GC(1188) User=0.00s Sys=0.00s Real=0.00s
[1725.925s][info][gc,start       ] GC(1189) Pause Young (Allocation Failure)
[1725.928s][info][gc,heap        ] GC(1189) PSYoungGen: 688925K->3267K(692736K)
[1725.928s][info][gc,heap        ] GC(1189) PSOldGen: 182571K->184215K(1398272K)
[1725.928s][info][gc,metaspace   ] GC(1189) Metaspace: 91606K(98736K)->91606K(98736K) NonClass: 80022K(83888K)->80022K(83888K) Class: 11584K(14848K)->11584K(14848K)
[1725.928s][info][gc             ] GC(1189) Pause Young (Allocation Failure) 851M->183M(2042M) 2.828ms
[1725.928s][info][gc,cpu         ] GC(1189) User=0.00s Sys=0.00s Real=0.00s
[1726.534s][info][gc,start       ] GC(1190) Pause Young (Allocation Failure)
[1726.537s][info][gc,heap        ] GC(1190) PSYoungGen: 688199K->5174K(692224K)
[1726.537s][info][gc,heap        ] GC(1190) PSOldGen: 184215K->185713K(1398272K)
[1726.537s][info][gc,metaspace   ] GC(1190) Metaspace: 91606K(98736K)->91606K(98736K) NonClass: 80022K(83888K)->80022K(83888K) Class: 11584K(14848K)->11584K(14848K)
[1726.537s][info][gc             ] GC(1190) Pause Young (Allocation Failure) 851M->186M(2041M) 3.135ms
[1726.537s][info][gc,cpu         ] GC(1190) User=0.00s Sys=0.00s Real=0.00s
[1728.319s][info][gc,start       ] GC(1191) Pause Young (Allocation Failure)
[1728.322s][info][gc,heap        ] GC(1191) PSYoungGen: 691766K->4478K(691200K)
[1728.322s][info][gc,heap        ] GC(1191) PSOldGen: 185713K->188530K(1398272K)
[1728.322s][info][gc,metaspace   ] GC(1191) Metaspace: 91606K(98736K)->91606K(98736K) NonClass: 80022K(83888K)->80022K(83888K) Class: 11584K(14848K)->11584K(14848K)
[1728.322s][info][gc             ] GC(1191) Pause Young (Allocation Failure) 856M->188M(2040M) 2.901ms
[1728.322s][info][gc,cpu         ] GC(1191) User=0.00s Sys=0.00s Real=0.00s
[1730.594s][info][gc,start       ] GC(1192) Pause Young (Allocation Failure)
[1730.597s][info][gc,heap        ] GC(1192) PSYoungGen: 691070K->3014K(692736K)
[1730.597s][info][gc,heap        ] GC(1192) PSOldGen: 188530K->190332K(1398272K)
[1730.597s][info][gc,metaspace   ] GC(1192) Metaspace: 91606K(98736K)->91606K(98736K) NonClass: 80022K(83888K)->80022K(83888K) Class: 11584K(14848K)->11584K(14848K)
[1730.597s][info][gc             ] GC(1192) Pause Young (Allocation Failure) 858M->188M(2042M) 2.922ms
[1730.597s][info][gc,cpu         ] GC(1192) User=0.08s Sys=0.00s Real=0.01s
[1732.213s][info][gc,start       ] GC(1193) Pause Young (Allocation Failure)
[1732.216s][info][gc,heap        ] GC(1193) PSYoungGen: 689094K->4999K(692224K)
[1732.216s][info][gc,heap        ] GC(1193) PSOldGen: 190332K->192189K(1398272K)
[1732.216s][info][gc,metaspace   ] GC(1193) Metaspace: 91606K(98736K)->91606K(98736K) NonClass: 80022K(83888K)->80022K(83888K) Class: 11584K(14848K)->11584K(14848K)
[1732.216s][info][gc             ] GC(1193) Pause Young (Allocation Failure) 858M->192M(2041M) 3.558ms
[1732.216s][info][gc,cpu         ] GC(1193) User=0.00s Sys=0.00s Real=0.00s
[1733.038s][info][gc,start       ] GC(1194) Pause Young (Allocation Failure)
[1733.041s][info][gc,heap        ] GC(1194) PSYoungGen: 691079K->3464K(692736K)
[1733.041s][info][gc,heap        ] GC(1194) PSOldGen: 192189K->194334K(1398272K)
[1733.041s][info][gc,metaspace   ] GC(1194) Metaspace: 91606K(98736K)->91606K(98736K) NonClass: 80022K(83888K)->80022K(83888K) Class: 11584K(14848K)->11584K(14848K)
[1733.041s][info][gc             ] GC(1194) Pause Young (Allocation Failure) 862M->193M(2042M) 3.229ms
[1733.041s][info][gc,cpu         ] GC(1194) User=0.00s Sys=0.00s Real=0.02s
[1735.240s][info][gc,start       ] GC(1195) Pause Young (Allocation Failure)
[1735.243s][info][gc,heap        ] GC(1195) PSYoungGen: 688786K->3159K(692224K)
[1735.243s][info][gc,heap        ] GC(1195) PSOldGen: 194334K->197268K(1398272K)
[1735.243s][info][gc,metaspace   ] GC(1195) Metaspace: 91606K(98736K)->91606K(98736K) NonClass: 80022K(83888K)->80022K(83888K) Class: 11584K(14848K)->11584K(14848K)
[1735.243s][info][gc             ] GC(1195) Pause Young (Allocation Failure) 862M->195M(2041M) 2.834ms
[1735.243s][info][gc,cpu         ] GC(1195) User=0.00s Sys=0.00s Real=0.01s
[1735.881s][info][gc,start       ] GC(1196) Pause Young (Allocation Failure)
[1735.884s][info][gc,heap        ] GC(1196) PSYoungGen: 689239K->2652K(692736K)
[1735.884s][info][gc,heap        ] GC(1196) PSOldGen: 197268K->199675K(1398272K)
[1735.884s][info][gc,metaspace   ] GC(1196) Metaspace: 91606K(98736K)->91606K(98736K) NonClass: 80022K(83888K)->80022K(83888K) Class: 11584K(14848K)->11584K(14848K)
[1735.884s][info][gc             ] GC(1196) Pause Young (Allocation Failure) 865M->197M(2042M) 3.120ms
[1735.884s][info][gc,cpu         ] GC(1196) User=0.00s Sys=0.00s Real=0.00s
[1738.072s][info][gc,start       ] GC(1197) Pause Young (Allocation Failure)
[1738.076s][info][gc,heap        ] GC(1197) PSYoungGen: 689244K->4277K(692736K)
[1738.076s][info][gc,heap        ] GC(1197) PSOldGen: 199675K->201280K(1398272K)
[1738.076s][info][gc,metaspace   ] GC(1197) Metaspace: 91606K(98736K)->91606K(98736K) NonClass: 80022K(83888K)->80022K(83888K) Class: 11584K(14848K)->11584K(14848K)
[1738.076s][info][gc             ] GC(1197) Pause Young (Allocation Failure) 868M->200M(2042M) 3.317ms
[1738.076s][info][gc,cpu         ] GC(1197) User=0.00s Sys=0.00s Real=0.00s
[1739.054s][info][gc,start       ] GC(1198) Pause Young (Allocation Failure)
[1739.058s][info][gc,heap        ] GC(1198) PSYoungGen: 690869K->3586K(692736K)
[1739.058s][info][gc,heap        ] GC(1198) PSOldGen: 201280K->203672K(1398272K)
[1739.058s][info][gc,metaspace   ] GC(1198) Metaspace: 91606K(98736K)->91606K(98736K) NonClass: 80022K(83888K)->80022K(83888K) Class: 11584K(14848K)->11584K(14848K)
[1739.058s][info][gc             ] GC(1198) Pause Young (Allocation Failure) 871M->202M(2042M) 3.334ms
[1739.058s][info][gc,cpu         ] GC(1198) User=0.00s Sys=0.00s Real=0.00s
[1740.300s][info][gc,start       ] GC(1199) Pause Young (Allocation Failure)
[1740.303s][info][gc,heap        ] GC(1199) PSYoungGen: 688631K->3208K(692736K)
[1740.303s][info][gc,heap        ] GC(1199) PSOldGen: 203672K->206256K(1398272K)
[1740.303s][info][gc,metaspace   ] GC(1199) Metaspace: 91606K(98736K)->91606K(98736K) NonClass: 80022K(83888K)->80022K(83888K) Class: 11584K(14848K)->11584K(14848K)
[1740.303s][info][gc             ] GC(1199) Pause Young (Allocation Failure) 871M->204M(2042M) 2.931ms
[1740.303s][info][gc,cpu         ] GC(1199) User=0.00s Sys=0.00s Real=0.01s
[1742.103s][info][gc,start       ] GC(1200) Pause Young (Allocation Failure)
[1742.106s][info][gc,heap        ] GC(1200) PSYoungGen: 689800K->4773K(692224K)
[1742.106s][info][gc,heap        ] GC(1200) PSOldGen: 206256K->208951K(1398272K)
[1742.106s][info][gc,metaspace   ] GC(1200) Metaspace: 91606K(98736K)->91606K(98736K) NonClass: 80022K(83888K)->80022K(83888K) Class: 11584K(14848K)->11584K(14848K)
[1742.106s][info][gc             ] GC(1200) Pause Young (Allocation Failure) 875M->208M(2041M) 3.380ms
[1742.106s][info][gc,cpu         ] GC(1200) User=0.00s Sys=0.00s Real=0.01s
[1742.836s][info][gc,start       ] GC(1201) Pause Young (Allocation Failure)
[1742.839s][info][gc,heap        ] GC(1201) PSYoungGen: 691365K->3197K(692736K)
[1742.839s][info][gc,heap        ] GC(1201) PSOldGen: 208951K->211497K(1398272K)
[1742.839s][info][gc,metaspace   ] GC(1201) Metaspace: 91606K(98736K)->91606K(98736K) NonClass: 80022K(83888K)->80022K(83888K) Class: 11584K(14848K)->11584K(14848K)
[1742.839s][info][gc             ] GC(1201) Pause Young (Allocation Failure) 879M->209M(2042M) 2.929ms
[1742.839s][info][gc,cpu         ] GC(1201) User=0.00s Sys=0.00s Real=0.00s
[1745.134s][info][gc,start       ] GC(1202) Pause Young (Allocation Failure)
[1745.137s][info][gc,heap        ] GC(1202) PSYoungGen: 689789K->3544K(693248K)
[1745.137s][info][gc,heap        ] GC(1202) PSOldGen: 211497K->214224K(1398272K)
[1745.137s][info][gc,metaspace   ] GC(1202) Metaspace: 91606K(98736K)->91606K(98736K) NonClass: 80022K(83888K)->80022K(83888K) Class: 11584K(14848K)->11584K(14848K)
[1745.137s][info][gc             ] GC(1202) Pause Young (Allocation Failure) 880M->212M(2042M) 2.985ms
[1745.137s][info][gc,cpu         ] GC(1202) User=0.00s Sys=0.00s Real=0.00s
[1745.965s][info][gc,start       ] GC(1203) Pause Young (Allocation Failure)
[1745.968s][info][gc,heap        ] GC(1203) PSYoungGen: 690648K->3103K(692736K)
[1745.968s][info][gc,heap        ] GC(1203) PSOldGen: 214224K->216042K(1398272K)
[1745.968s][info][gc,metaspace   ] GC(1203) Metaspace: 91606K(98736K)->91606K(98736K) NonClass: 80022K(83888K)->80022K(83888K) Class: 11584K(14848K)->11584K(14848K)
[1745.968s][info][gc             ] GC(1203) Pause Young (Allocation Failure) 883M->214M(2042M) 2.826ms
[1745.968s][info][gc,cpu         ] GC(1203) User=0.00s Sys=0.00s Real=0.00s
[1745.975s][info][gc,start       ] GC(1204) Pause Young (System.gc())
[1745.977s][info][gc,heap        ] GC(1204) PSYoungGen: 26737K->192K(692224K)
[1745.977s][info][gc,heap        ] GC(1204) PSOldGen: 216042K->217862K(1398272K)
[1745.977s][info][gc,metaspace   ] GC(1204) Metaspace: 91606K(98736K)->91606K(98736K) NonClass: 80022K(83888K)->80022K(83888K) Class: 11584K(14848K)->11584K(14848K)
[1745.977s][info][gc             ] GC(1204) Pause Young (System.gc()) 237M->212M(2041M) 2.271ms
[1745.977s][info][gc,cpu         ] GC(1204) User=0.00s Sys=0.00s Real=0.00s
[1745.978s][info][gc,start       ] GC(1205) Pause Full (System.gc())
[1745.981s][info][gc,phases,start] GC(1205) Phase 1: Mark live objects
[1746.038s][info][gc,phases      ] GC(1205) Phase 1: Mark live objects 56.751ms
[1746.038s][info][gc,phases,start] GC(1205) Phase 2: Compute new object addresses
[1746.052s][info][gc,phases      ] GC(1205) Phase 2: Compute new object addresses 14.290ms
[1746.052s][info][gc,phases,start] GC(1205) Phase 3: Adjust pointers
[1746.089s][info][gc,phases      ] GC(1205) Phase 3: Adjust pointers 36.835ms
[1746.089s][info][gc,phases,start] GC(1205) Phase 4: Move objects
[1746.096s][info][gc,phases      ] GC(1205) Phase 4: Move objects 7.076ms
[1746.098s][info][gc,heap        ] GC(1205) PSYoungGen: 192K->0K(692224K)
[1746.099s][info][gc,heap        ] GC(1205) PSOldGen: 217862K->146344K(1398272K)
[1746.099s][info][gc,metaspace   ] GC(1205) Metaspace: 91606K(98736K)->91606K(98736K) NonClass: 80022K(83888K)->80022K(83888K) Class: 11584K(14848K)->11584K(14848K)
[1746.099s][info][gc             ] GC(1205) Pause Full (System.gc()) 212M->142M(2041M) 121.024ms
[1746.099s][info][gc,cpu         ] GC(1205) User=0.12s Sys=0.00s Real=0.12s
[1747.001s][info][gc,start       ] GC(1206) Pause Young (Allocation Failure)
[1747.004s][info][gc,heap        ] GC(1206) PSYoungGen: 686592K->3626K(692736K)
[1747.004s][info][gc,heap        ] GC(1206) PSOldGen: 146344K->146344K(1398272K)
[1747.004s][info][gc,metaspace   ] GC(1206) Metaspace: 91606K(98736K)->91606K(98736K) NonClass: 80022K(83888K)->80022K(83888K) Class: 11584K(14848K)->11584K(14848K)
[1747.004s][info][gc             ] GC(1206) Pause Young (Allocation Failure) 813M->146M(2042M) 2.470ms
[1747.004s][info][gc,cpu         ] GC(1206) User=0.02s Sys=0.00s Real=0.00s
[1749.395s][info][gc,start       ] GC(1207) Pause Young (Allocation Failure)
[1749.398s][info][gc,heap        ] GC(1207) PSYoungGen: 690218K->2262K(693248K)
[1749.398s][info][gc,heap        ] GC(1207) PSOldGen: 146344K->148925K(1398272K)
[1749.398s][info][gc,metaspace   ] GC(1207) Metaspace: 91606K(98736K)->91606K(98736K) NonClass: 80022K(83888K)->80022K(83888K) Class: 11584K(14848K)->11584K(14848K)
[1749.398s][info][gc             ] GC(1207) Pause Young (Allocation Failure) 816M->147M(2042M) 2.715ms
[1749.398s][info][gc,cpu         ] GC(1207) User=0.00s Sys=0.00s Real=0.01s
[1751.493s][info][gc,start       ] GC(1208) Pause Young (Allocation Failure)
[1751.496s][info][gc,heap        ] GC(1208) PSYoungGen: 689366K->2680K(692736K)
[1751.496s][info][gc,heap        ] GC(1208) PSOldGen: 148925K->150479K(1398272K)
[1751.496s][info][gc,metaspace   ] GC(1208) Metaspace: 91606K(98736K)->91606K(98736K) NonClass: 80022K(83888K)->80022K(83888K) Class: 11584K(14848K)->11584K(14848K)
[1751.496s][info][gc             ] GC(1208) Pause Young (Allocation Failure) 818M->149M(2042M) 2.291ms
[1751.496s][info][gc,cpu         ] GC(1208) User=0.00s Sys=0.00s Real=0.00s
[1752.115s][info][gc,start       ] GC(1209) Pause Young (Allocation Failure)
[1752.119s][info][gc,heap        ] GC(1209) PSYoungGen: 689106K->5334K(692224K)
[1752.119s][info][gc,heap        ] GC(1209) PSOldGen: 150479K->168290K(1398272K)
[1752.119s][info][gc,metaspace   ] GC(1209) Metaspace: 91606K(98736K)->91606K(98736K) NonClass: 80022K(83888K)->80022K(83888K) Class: 11584K(14848K)->11584K(14848K)
[1752.119s][info][gc             ] GC(1209) Pause Young (Allocation Failure) 819M->169M(2041M) 4.190ms
[1752.119s][info][gc,cpu         ] GC(1209) User=0.00s Sys=0.00s Real=0.00s
[1753.789s][info][gc,start       ] GC(1210) Pause Young (GCLocker Initiated GC)
[1753.792s][info][gc,heap        ] GC(1210) PSYoungGen: 691926K->3658K(692736K)
[1753.792s][info][gc,heap        ] GC(1210) PSOldGen: 168293K->171107K(1398272K)
[1753.792s][info][gc,metaspace   ] GC(1210) Metaspace: 91606K(98736K)->91606K(98736K) NonClass: 80022K(83888K)->80022K(83888K) Class: 11584K(14848K)->11584K(14848K)
[1753.792s][info][gc             ] GC(1210) Pause Young (GCLocker Initiated GC) 840M->170M(2042M) 2.998ms
[1753.792s][info][gc,cpu         ] GC(1210) User=0.00s Sys=0.00s Real=0.00s
[1756.200s][info][gc,start       ] GC(1211) Pause Young (GCLocker Initiated GC)
[1756.202s][info][gc,heap        ] GC(1211) PSYoungGen: 690250K->5177K(691712K)
[1756.202s][info][gc,heap        ] GC(1211) PSOldGen: 171196K->173089K(1398272K)
[1756.202s][info][gc,metaspace   ] GC(1211) Metaspace: 91607K(98736K)->91607K(98736K) NonClass: 80023K(83888K)->80023K(83888K) Class: 11584K(14848K)->11584K(14848K)
[1756.202s][info][gc             ] GC(1211) Pause Young (GCLocker Initiated GC) 841M->174M(2041M) 2.725ms
[1756.202s][info][gc,cpu         ] GC(1211) User=0.00s Sys=0.00s Real=0.00s
[1757.817s][info][gc,start       ] GC(1212) Pause Young (Allocation Failure)
[1757.820s][info][gc,heap        ] GC(1212) PSYoungGen: 690745K->2754K(692224K)
[1757.820s][info][gc,heap        ] GC(1212) PSOldGen: 173211K->175204K(1398272K)
[1757.820s][info][gc,metaspace   ] GC(1212) Metaspace: 91607K(98736K)->91607K(98736K) NonClass: 80023K(83888K)->80023K(83888K) Class: 11584K(14848K)->11584K(14848K)
[1757.820s][info][gc             ] GC(1212) Pause Young (Allocation Failure) 843M->173M(2041M) 2.963ms
[1757.820s][info][gc,cpu         ] GC(1212) User=0.00s Sys=0.00s Real=0.00s
[1758.575s][info][gc,start       ] GC(1213) Pause Young (Allocation Failure)
[1758.578s][info][gc,heap        ] GC(1213) PSYoungGen: 688322K->3467K(692736K)
[1758.578s][info][gc,heap        ] GC(1213) PSOldGen: 175204K->177402K(1398272K)
[1758.578s][info][gc,metaspace   ] GC(1213) Metaspace: 91607K(98736K)->91607K(98736K) NonClass: 80023K(83888K)->80023K(83888K) Class: 11584K(14848K)->11584K(14848K)
[1758.578s][info][gc             ] GC(1213) Pause Young (Allocation Failure) 843M->176M(2042M) 3.641ms
[1758.579s][info][gc,cpu         ] GC(1213) User=0.00s Sys=0.00s Real=0.01s
[1761.040s][info][gc,start       ] GC(1214) Pause Young (Allocation Failure)
[1761.042s][info][gc,heap        ] GC(1214) PSYoungGen: 689547K->2303K(692224K)
[1761.042s][info][gc,heap        ] GC(1214) PSOldGen: 177402K->179682K(1398272K)
[1761.042s][info][gc,metaspace   ] GC(1214) Metaspace: 91607K(98736K)->91607K(98736K) NonClass: 80023K(83888K)->80023K(83888K) Class: 11584K(14848K)->11584K(14848K)
[1761.042s][info][gc             ] GC(1214) Pause Young (Allocation Failure) 846M->177M(2041M) 2.595ms
[1761.042s][info][gc,cpu         ] GC(1214) User=0.00s Sys=0.00s Real=0.02s
[1763.242s][info][gc,start       ] GC(1215) Pause Young (Allocation Failure)
[1763.245s][info][gc,heap        ] GC(1215) PSYoungGen: 688383K->3160K(693248K)
[1763.245s][info][gc,heap        ] GC(1215) PSOldGen: 179682K->181382K(1398272K)
[1763.245s][info][gc,metaspace   ] GC(1215) Metaspace: 91607K(98736K)->91607K(98736K) NonClass: 80023K(83888K)->80023K(83888K) Class: 11584K(14848K)->11584K(14848K)
[1763.245s][info][gc             ] GC(1215) Pause Young (Allocation Failure) 847M->180M(2042M) 2.870ms
[1763.245s][info][gc,cpu         ] GC(1215) User=0.00s Sys=0.00s Real=0.00s
[1763.865s][info][gc,start       ] GC(1216) Pause Young (Allocation Failure)
[1763.869s][info][gc,heap        ] GC(1216) PSYoungGen: 686534K->5206K(692736K)
[1763.869s][info][gc,heap        ] GC(1216) PSOldGen: 181382K->195056K(1398272K)
[1763.869s][info][gc,metaspace   ] GC(1216) Metaspace: 91607K(98736K)->91607K(98736K) NonClass: 80023K(83888K)->80023K(83888K) Class: 11584K(14848K)->11584K(14848K)
[1763.869s][info][gc             ] GC(1216) Pause Young (Allocation Failure) 847M->195M(2042M) 3.742ms
[1763.869s][info][gc,cpu         ] GC(1216) User=0.00s Sys=0.00s Real=0.00s
[1765.575s][info][gc,start       ] GC(1217) Pause Young (Allocation Failure)
[1765.579s][info][gc,heap        ] GC(1217) PSYoungGen: 692310K->3331K(692736K)
[1765.579s][info][gc,heap        ] GC(1217) PSOldGen: 195056K->198009K(1398272K)
[1765.579s][info][gc,metaspace   ] GC(1217) Metaspace: 91607K(98736K)->91607K(98736K) NonClass: 80023K(83888K)->80023K(83888K) Class: 11584K(14848K)->11584K(14848K)
[1765.579s][info][gc             ] GC(1217) Pause Young (Allocation Failure) 866M->196M(2042M) 3.447ms
[1765.579s][info][gc,cpu         ] GC(1217) User=0.00s Sys=0.00s Real=0.00s
[1767.946s][info][gc,start       ] GC(1218) Pause Young (Allocation Failure)
[1767.948s][info][gc,heap        ] GC(1218) PSYoungGen: 689861K->2769K(692736K)
[1767.948s][info][gc,heap        ] GC(1218) PSOldGen: 198009K->199775K(1398272K)
[1767.948s][info][gc,metaspace   ] GC(1218) Metaspace: 91607K(98736K)->91607K(98736K) NonClass: 80023K(83888K)->80023K(83888K) Class: 11584K(14848K)->11584K(14848K)
[1767.948s][info][gc             ] GC(1218) Pause Young (Allocation Failure) 867M->197M(2042M) 2.757ms
[1767.948s][info][gc,cpu         ] GC(1218) User=0.00s Sys=0.00s Real=0.00s
[1769.559s][info][gc,start       ] GC(1219) Pause Young (Allocation Failure)
[1769.562s][info][gc,heap        ] GC(1219) PSYoungGen: 686595K->2723K(692736K)
[1769.562s][info][gc,heap        ] GC(1219) PSOldGen: 199775K->201584K(1398272K)
[1769.562s][info][gc,metaspace   ] GC(1219) Metaspace: 91607K(98736K)->91607K(98736K) NonClass: 80023K(83888K)->80023K(83888K) Class: 11584K(14848K)->11584K(14848K)
[1769.562s][info][gc             ] GC(1219) Pause Young (Allocation Failure) 865M->199M(2042M) 3.223ms
[1769.562s][info][gc,cpu         ] GC(1219) User=0.00s Sys=0.00s Real=0.00s
[1770.343s][info][gc,start       ] GC(1220) Pause Young (Allocation Failure)
[1770.346s][info][gc,heap        ] GC(1220) PSYoungGen: 689315K->3277K(692736K)
[1770.346s][info][gc,heap        ] GC(1220) PSOldGen: 201584K->203645K(1398272K)
[1770.346s][info][gc,metaspace   ] GC(1220) Metaspace: 91607K(98736K)->91607K(98736K) NonClass: 80023K(83888K)->80023K(83888K) Class: 11584K(14848K)->11584K(14848K)
[1770.346s][info][gc             ] GC(1220) Pause Young (Allocation Failure) 870M->202M(2042M) 2.739ms
[1770.346s][info][gc,cpu         ] GC(1220) User=0.06s Sys=0.00s Real=0.00s
[1772.505s][info][gc,start       ] GC(1221) Pause Young (Allocation Failure)
[1772.507s][info][gc,heap        ] GC(1221) PSYoungGen: 689869K->3458K(693248K)
[1772.507s][info][gc,heap        ] GC(1221) PSOldGen: 203645K->206551K(1398272K)
[1772.507s][info][gc,metaspace   ] GC(1221) Metaspace: 91607K(98736K)->91607K(98736K) NonClass: 80023K(83888K)->80023K(83888K) Class: 11584K(14848K)->11584K(14848K)
[1772.507s][info][gc             ] GC(1221) Pause Young (Allocation Failure) 872M->205M(2042M) 2.769ms
[1772.507s][info][gc,cpu         ] GC(1221) User=0.00s Sys=0.00s Real=0.00s
[1773.207s][info][gc,start       ] GC(1222) Pause Young (Allocation Failure)
[1773.209s][info][gc,heap        ] GC(1222) PSYoungGen: 691074K->1973K(693248K)
[1773.209s][info][gc,heap        ] GC(1222) PSOldGen: 206551K->209043K(1398272K)
[1773.209s][info][gc,metaspace   ] GC(1222) Metaspace: 91607K(98736K)->91607K(98736K) NonClass: 80023K(83888K)->80023K(83888K) Class: 11584K(14848K)->11584K(14848K)
[1773.209s][info][gc             ] GC(1222) Pause Young (Allocation Failure) 876M->206M(2042M) 2.255ms
[1773.209s][info][gc,cpu         ] GC(1222) User=0.00s Sys=0.00s Real=0.00s
[1775.358s][info][gc,start       ] GC(1223) Pause Young (Allocation Failure)
[1775.361s][info][gc,heap        ] GC(1223) PSYoungGen: 689589K->3953K(693248K)
[1775.361s][info][gc,heap        ] GC(1223) PSOldGen: 209043K->210611K(1398272K)
[1775.361s][info][gc,metaspace   ] GC(1223) Metaspace: 91607K(98736K)->91607K(98736K) NonClass: 80023K(83888K)->80023K(83888K) Class: 11584K(14848K)->11584K(14848K)
[1775.361s][info][gc             ] GC(1223) Pause Young (Allocation Failure) 877M->209M(2042M) 2.853ms
[1775.361s][info][gc,cpu         ] GC(1223) User=0.00s Sys=0.00s Real=0.00s
[1776.365s][info][gc,start       ] GC(1224) Pause Young (Allocation Failure)
[1776.369s][info][gc,heap        ] GC(1224) PSYoungGen: 691569K->4099K(693248K)
[1776.369s][info][gc,heap        ] GC(1224) PSOldGen: 210611K->213023K(1398272K)
[1776.369s][info][gc,metaspace   ] GC(1224) Metaspace: 91607K(98736K)->91607K(98736K) NonClass: 80023K(83888K)->80023K(83888K) Class: 11584K(14848K)->11584K(14848K)
[1776.369s][info][gc             ] GC(1224) Pause Young (Allocation Failure) 881M->212M(2042M) 3.675ms
[1776.369s][info][gc,cpu         ] GC(1224) User=0.00s Sys=0.00s Real=0.00s
[1777.624s][info][gc,start       ] GC(1225) Pause Young (Allocation Failure)
[1777.627s][info][gc,heap        ] GC(1225) PSYoungGen: 690816K->3544K(693248K)
[1777.627s][info][gc,heap        ] GC(1225) PSOldGen: 213023K->215348K(1398272K)
[1777.627s][info][gc,metaspace   ] GC(1225) Metaspace: 91607K(98736K)->91607K(98736K) NonClass: 80023K(83888K)->80023K(83888K) Class: 11584K(14848K)->11584K(14848K)
[1777.627s][info][gc             ] GC(1225) Pause Young (Allocation Failure) 882M->213M(2042M) 3.412ms
[1777.627s][info][gc,cpu         ] GC(1225) User=0.06s Sys=0.00s Real=0.00s
[1779.427s][info][gc,start       ] GC(1226) Pause Young (Allocation Failure)
[1779.430s][info][gc,heap        ] GC(1226) PSYoungGen: 691160K->4451K(693248K)
[1779.430s][info][gc,heap        ] GC(1226) PSOldGen: 215348K->218073K(1398272K)
[1779.430s][info][gc,metaspace   ] GC(1226) Metaspace: 91607K(98736K)->91607K(98736K) NonClass: 80023K(83888K)->80023K(83888K) Class: 11584K(14848K)->11584K(14848K)
[1779.430s][info][gc             ] GC(1226) Pause Young (Allocation Failure) 885M->217M(2042M) 3.112ms
[1779.430s][info][gc,cpu         ] GC(1226) User=0.00s Sys=0.00s Real=0.00s
[1780.179s][info][gc,start       ] GC(1227) Pause Young (Allocation Failure)
[1780.182s][info][gc,heap        ] GC(1227) PSYoungGen: 692067K->3227K(693248K)
[1780.182s][info][gc,heap        ] GC(1227) PSOldGen: 218073K->220487K(1398272K)
[1780.182s][info][gc,metaspace   ] GC(1227) Metaspace: 91607K(98736K)->91607K(98736K) NonClass: 80023K(83888K)->80023K(83888K) Class: 11584K(14848K)->11584K(14848K)
[1780.182s][info][gc             ] GC(1227) Pause Young (Allocation Failure) 888M->218M(2042M) 2.977ms
[1780.182s][info][gc,cpu         ] GC(1227) User=0.00s Sys=0.00s Real=0.00s
[1782.475s][info][gc,start       ] GC(1228) Pause Young (Allocation Failure)
[1782.477s][info][gc,heap        ] GC(1228) PSYoungGen: 690843K->3462K(693248K)
[1782.478s][info][gc,heap        ] GC(1228) PSOldGen: 220487K->223218K(1398272K)
[1782.478s][info][gc,metaspace   ] GC(1228) Metaspace: 91607K(98736K)->91607K(98736K) NonClass: 80023K(83888K)->80023K(83888K) Class: 11584K(14848K)->11584K(14848K)
[1782.478s][info][gc             ] GC(1228) Pause Young (Allocation Failure) 889M->221M(2042M) 2.999ms
[1782.478s][info][gc,cpu         ] GC(1228) User=0.00s Sys=0.00s Real=0.00s
[1783.319s][info][gc,start       ] GC(1229) Pause Young (Allocation Failure)
[1783.322s][info][gc,heap        ] GC(1229) PSYoungGen: 691078K->2943K(693760K)
[1783.322s][info][gc,heap        ] GC(1229) PSOldGen: 223218K->224948K(1398272K)
[1783.322s][info][gc,metaspace   ] GC(1229) Metaspace: 91607K(98736K)->91607K(98736K) NonClass: 80023K(83888K)->80023K(83888K) Class: 11584K(14848K)->11584K(14848K)
[1783.322s][info][gc             ] GC(1229) Pause Young (Allocation Failure) 892M->222M(2043M) 2.767ms
[1783.322s][info][gc,cpu         ] GC(1229) User=0.00s Sys=0.00s Real=0.00s
[1783.328s][info][gc,start       ] GC(1230) Pause Young (System.gc())
[1783.330s][info][gc,heap        ] GC(1230) PSYoungGen: 33228K->192K(693248K)
[1783.331s][info][gc,heap        ] GC(1230) PSOldGen: 224948K->226758K(1398272K)
[1783.331s][info][gc,metaspace   ] GC(1230) Metaspace: 91607K(98736K)->91607K(98736K) NonClass: 80023K(83888K)->80023K(83888K) Class: 11584K(14848K)->11584K(14848K)
[1783.331s][info][gc             ] GC(1230) Pause Young (System.gc()) 252M->221M(2042M) 2.065ms
[1783.331s][info][gc,cpu         ] GC(1230) User=0.08s Sys=0.00s Real=0.00s
[1783.331s][info][gc,start       ] GC(1231) Pause Full (System.gc())
[1783.333s][info][gc,phases,start] GC(1231) Phase 1: Mark live objects
[1783.389s][info][gc,phases      ] GC(1231) Phase 1: Mark live objects 56.076ms
[1783.389s][info][gc,phases,start] GC(1231) Phase 2: Compute new object addresses
[1783.403s][info][gc,phases      ] GC(1231) Phase 2: Compute new object addresses 14.462ms
[1783.403s][info][gc,phases,start] GC(1231) Phase 3: Adjust pointers
[1783.441s][info][gc,phases      ] GC(1231) Phase 3: Adjust pointers 37.519ms
[1783.441s][info][gc,phases,start] GC(1231) Phase 4: Move objects
[1783.448s][info][gc,phases      ] GC(1231) Phase 4: Move objects 7.353ms
[1783.451s][info][gc,heap        ] GC(1231) PSYoungGen: 192K->0K(693248K)
[1783.451s][info][gc,heap        ] GC(1231) PSOldGen: 226758K->153234K(1398272K)
[1783.451s][info][gc,metaspace   ] GC(1231) Metaspace: 91607K(98736K)->91607K(98736K) NonClass: 80023K(83888K)->80023K(83888K) Class: 11584K(14848K)->11584K(14848K)
[1783.451s][info][gc             ] GC(1231) Pause Full (System.gc()) 221M->149M(2042M) 119.926ms
[1783.451s][info][gc,cpu         ] GC(1231) User=0.11s Sys=0.00s Real=0.12s
[1784.377s][info][gc,start       ] GC(1232) Pause Young (Allocation Failure)
[1784.380s][info][gc,heap        ] GC(1232) PSYoungGen: 688128K->3662K(693248K)
[1784.380s][info][gc,heap        ] GC(1232) PSOldGen: 153234K->153234K(1398272K)
[1784.380s][info][gc,metaspace   ] GC(1232) Metaspace: 91607K(98736K)->91607K(98736K) NonClass: 80023K(83888K)->80023K(83888K) Class: 11584K(14848K)->11584K(14848K)
[1784.380s][info][gc             ] GC(1232) Pause Young (Allocation Failure) 821M->153M(2042M) 2.677ms
[1784.380s][info][gc,cpu         ] GC(1232) User=0.00s Sys=0.00s Real=0.00s
[1786.740s][info][gc,start       ] GC(1233) Pause Young (Allocation Failure)
[1786.743s][info][gc,heap        ] GC(1233) PSYoungGen: 691278K->2324K(693248K)
[1786.743s][info][gc,heap        ] GC(1233) PSOldGen: 153234K->155826K(1398272K)
[1786.743s][info][gc,metaspace   ] GC(1233) Metaspace: 91607K(98736K)->91607K(98736K) NonClass: 80023K(83888K)->80023K(83888K) Class: 11584K(14848K)->11584K(14848K)
[1786.743s][info][gc             ] GC(1233) Pause Young (Allocation Failure) 824M->154M(2042M) 2.764ms
[1786.743s][info][gc,cpu         ] GC(1233) User=0.00s Sys=0.00s Real=0.00s
[1788.894s][info][gc,start       ] GC(1234) Pause Young (Allocation Failure)
[1788.896s][info][gc,heap        ] GC(1234) PSYoungGen: 689940K->2612K(693248K)
[1788.896s][info][gc,heap        ] GC(1234) PSOldGen: 155826K->157290K(1398272K)
[1788.896s][info][gc,metaspace   ] GC(1234) Metaspace: 91607K(98736K)->91607K(98736K) NonClass: 80023K(83888K)->80023K(83888K) Class: 11584K(14848K)->11584K(14848K)
[1788.896s][info][gc             ] GC(1234) Pause Young (Allocation Failure) 825M->156M(2042M) 2.490ms
[1788.896s][info][gc,cpu         ] GC(1234) User=0.00s Sys=0.00s Real=0.00s
[1789.514s][info][gc,start       ] GC(1235) Pause Young (Allocation Failure)
[1789.517s][info][gc,heap        ] GC(1235) PSYoungGen: 686539K->5431K(693248K)
[1789.517s][info][gc,heap        ] GC(1235) PSOldGen: 157290K->171068K(1398272K)
[1789.517s][info][gc,metaspace   ] GC(1235) Metaspace: 91607K(98736K)->91607K(98736K) NonClass: 80023K(83888K)->80023K(83888K) Class: 11584K(14848K)->11584K(14848K)
[1789.517s][info][gc             ] GC(1235) Pause Young (Allocation Failure) 824M->172M(2042M) 3.799ms
[1789.517s][info][gc,cpu         ] GC(1235) User=0.08s Sys=0.00s Real=0.01s
[1791.211s][info][gc,start       ] GC(1236) Pause Young (Allocation Failure)
[1791.214s][info][gc,heap        ] GC(1236) PSYoungGen: 693047K->4009K(692224K)
[1791.214s][info][gc,heap        ] GC(1236) PSOldGen: 171068K->173717K(1398272K)
[1791.214s][info][gc,metaspace   ] GC(1236) Metaspace: 91607K(98736K)->91607K(98736K) NonClass: 80023K(83888K)->80023K(83888K) Class: 11584K(14848K)->11584K(14848K)
[1791.214s][info][gc             ] GC(1236) Pause Young (Allocation Failure) 843M->173M(2041M) 3.158ms
[1791.214s][info][gc,cpu         ] GC(1236) User=0.00s Sys=0.00s Real=0.01s
[1793.623s][info][gc,start       ] GC(1237) Pause Young (GCLocker Initiated GC)
[1793.626s][info][gc,heap        ] GC(1237) PSYoungGen: 690601K->6134K(692736K)
[1793.626s][info][gc,heap        ] GC(1237) PSOldGen: 173718K->175533K(1398272K)
[1793.626s][info][gc,metaspace   ] GC(1237) Metaspace: 91607K(98736K)->91607K(98736K) NonClass: 80023K(83888K)->80023K(83888K) Class: 11584K(14848K)->11584K(14848K)
[1793.626s][info][gc             ] GC(1237) Pause Young (GCLocker Initiated GC) 844M->177M(2042M) 2.868ms
[1793.626s][info][gc,cpu         ] GC(1237) User=0.00s Sys=0.00s Real=0.00s
[1795.177s][info][gc,start       ] GC(1238) Pause Young (Allocation Failure)
[1795.180s][info][gc,heap        ] GC(1238) PSYoungGen: 692726K->2870K(691712K)
[1795.180s][info][gc,heap        ] GC(1238) PSOldGen: 175588K->177501K(1398272K)
[1795.180s][info][gc,metaspace   ] GC(1238) Metaspace: 91607K(98736K)->91607K(98736K) NonClass: 80023K(83888K)->80023K(83888K) Class: 11584K(14848K)->11584K(14848K)
[1795.180s][info][gc             ] GC(1238) Pause Young (Allocation Failure) 847M->176M(2041M) 2.578ms
[1795.180s][info][gc,cpu         ] GC(1238) User=0.00s Sys=0.00s Real=0.00s
[1795.932s][info][gc,start       ] GC(1239) Pause Young (Allocation Failure)
[1795.935s][info][gc,heap        ] GC(1239) PSYoungGen: 688438K->3445K(692224K)
[1795.935s][info][gc,heap        ] GC(1239) PSOldGen: 177501K->179776K(1398272K)
[1795.935s][info][gc,metaspace   ] GC(1239) Metaspace: 91607K(98736K)->91607K(98736K) NonClass: 80023K(83888K)->80023K(83888K) Class: 11584K(14848K)->11584K(14848K)
[1795.935s][info][gc             ] GC(1239) Pause Young (Allocation Failure) 845M->178M(2041M) 2.795ms
[1795.935s][info][gc,cpu         ] GC(1239) User=0.00s Sys=0.00s Real=0.02s
[1798.404s][info][gc,start       ] GC(1240) Pause Young (Allocation Failure)
[1798.407s][info][gc,heap        ] GC(1240) PSYoungGen: 689013K->2294K(692224K)
[1798.407s][info][gc,heap        ] GC(1240) PSOldGen: 179776K->181952K(1398272K)
[1798.407s][info][gc,metaspace   ] GC(1240) Metaspace: 91607K(98736K)->91607K(98736K) NonClass: 80023K(83888K)->80023K(83888K) Class: 11584K(14848K)->11584K(14848K)
[1798.407s][info][gc             ] GC(1240) Pause Young (Allocation Failure) 848M->179M(2041M) 2.612ms
[1798.407s][info][gc,cpu         ] GC(1240) User=0.00s Sys=0.00s Real=0.00s
[1800.657s][info][gc,start       ] GC(1241) Pause Young (Allocation Failure)
[1800.659s][info][gc,heap        ] GC(1241) PSYoungGen: 687862K->3325K(692224K)
[1800.660s][info][gc,heap        ] GC(1241) PSOldGen: 181952K->183695K(1398272K)
[1800.660s][info][gc,metaspace   ] GC(1241) Metaspace: 91607K(98736K)->91607K(98736K) NonClass: 80023K(83888K)->80023K(83888K) Class: 11584K(14848K)->11584K(14848K)
[1800.660s][info][gc             ] GC(1241) Pause Young (Allocation Failure) 849M->182M(2041M) 2.825ms
[1800.660s][info][gc,cpu         ] GC(1241) User=0.09s Sys=0.00s Real=0.00s
[1801.269s][info][gc,start       ] GC(1242) Pause Young (Allocation Failure)
[1801.274s][info][gc,heap        ] GC(1242) PSYoungGen: 687479K->5527K(691712K)
[1801.274s][info][gc,heap        ] GC(1242) PSOldGen: 183695K->197474K(1398272K)
[1801.274s][info][gc,metaspace   ] GC(1242) Metaspace: 91607K(98736K)->91607K(98736K) NonClass: 80023K(83888K)->80023K(83888K) Class: 11584K(14848K)->11584K(14848K)
[1801.274s][info][gc             ] GC(1242) Pause Young (Allocation Failure) 850M->198M(2041M) 4.194ms
[1801.274s][info][gc,cpu         ] GC(1242) User=0.00s Sys=0.00s Real=0.00s
[1803.026s][info][gc,start       ] GC(1243) Pause Young (Allocation Failure)
[1803.029s][info][gc,heap        ] GC(1243) PSYoungGen: 691095K->4588K(692224K)
[1803.029s][info][gc,heap        ] GC(1243) PSOldGen: 197474K->200432K(1398272K)
[1803.029s][info][gc,metaspace   ] GC(1243) Metaspace: 91607K(98736K)->91607K(98736K) NonClass: 80023K(83888K)->80023K(83888K) Class: 11584K(14848K)->11584K(14848K)
[1803.029s][info][gc             ] GC(1243) Pause Young (Allocation Failure) 867M->200M(2041M) 2.943ms
[1803.029s][info][gc,cpu         ] GC(1243) User=0.00s Sys=0.00s Real=0.00s
[1805.315s][info][gc,start       ] GC(1244) Pause Young (Allocation Failure)
[1805.318s][info][gc,heap        ] GC(1244) PSYoungGen: 690156K->2870K(692224K)
[1805.318s][info][gc,heap        ] GC(1244) PSOldGen: 200432K->202201K(1398272K)
[1805.318s][info][gc,metaspace   ] GC(1244) Metaspace: 91607K(98736K)->91607K(98736K) NonClass: 80023K(83888K)->80023K(83888K) Class: 11584K(14848K)->11584K(14848K)
[1805.318s][info][gc             ] GC(1244) Pause Young (Allocation Failure) 869M->200M(2041M) 2.744ms
[1805.318s][info][gc,cpu         ] GC(1244) User=0.00s Sys=0.00s Real=0.01s
[1806.922s][info][gc,start       ] GC(1245) Pause Young (Allocation Failure)
[1806.925s][info][gc,heap        ] GC(1245) PSYoungGen: 688427K->4999K(692224K)
[1806.925s][info][gc,heap        ] GC(1245) PSOldGen: 202201K->204072K(1398272K)
[1806.925s][info][gc,metaspace   ] GC(1245) Metaspace: 91607K(98736K)->91607K(98736K) NonClass: 80023K(83888K)->80023K(83888K) Class: 11584K(14848K)->11584K(14848K)
[1806.925s][info][gc             ] GC(1245) Pause Young (Allocation Failure) 869M->204M(2041M) 2.972ms
[1806.925s][info][gc,cpu         ] GC(1245) User=0.09s Sys=0.00s Real=0.00s
[1807.692s][info][gc,start       ] GC(1246) Pause Young (Allocation Failure)
[1807.695s][info][gc,heap        ] GC(1246) PSYoungGen: 690567K->3456K(692224K)
[1807.695s][info][gc,heap        ] GC(1246) PSOldGen: 204072K->206157K(1398272K)
[1807.695s][info][gc,metaspace   ] GC(1246) Metaspace: 91607K(98736K)->91607K(98736K) NonClass: 80023K(83888K)->80023K(83888K) Class: 11584K(14848K)->11584K(14848K)
[1807.695s][info][gc             ] GC(1246) Pause Young (Allocation Failure) 873M->204M(2041M) 2.796ms
[1807.695s][info][gc,cpu         ] GC(1246) User=0.00s Sys=0.00s Real=0.00s
[1809.886s][info][gc,start       ] GC(1247) Pause Young (Allocation Failure)
[1809.890s][info][gc,heap        ] GC(1247) PSYoungGen: 688231K->3627K(692224K)
[1809.890s][info][gc,heap        ] GC(1247) PSOldGen: 206157K->209090K(1398272K)
[1809.890s][info][gc,metaspace   ] GC(1247) Metaspace: 91607K(98736K)->91607K(98736K) NonClass: 80023K(83888K)->80023K(83888K) Class: 11584K(14848K)->11584K(14848K)
[1809.890s][info][gc             ] GC(1247) Pause Young (Allocation Failure) 873M->207M(2041M) 3.315ms
[1809.890s][info][gc,cpu         ] GC(1247) User=0.00s Sys=0.00s Real=0.01s
[1810.517s][info][gc,start       ] GC(1248) Pause Young (Allocation Failure)
[1810.519s][info][gc,heap        ] GC(1248) PSYoungGen: 689195K->2357K(692736K)
[1810.519s][info][gc,heap        ] GC(1248) PSOldGen: 209090K->211702K(1398272K)
[1810.519s][info][gc,metaspace   ] GC(1248) Metaspace: 91607K(98736K)->91607K(98736K) NonClass: 80023K(83888K)->80023K(83888K) Class: 11584K(14848K)->11584K(14848K)
[1810.519s][info][gc             ] GC(1248) Pause Young (Allocation Failure) 877M->209M(2042M) 2.443ms
[1810.520s][info][gc,cpu         ] GC(1248) User=0.00s Sys=0.00s Real=0.00s
[1812.746s][info][gc,start       ] GC(1249) Pause Young (GCLocker Initiated GC)
[1812.749s][info][gc,heap        ] GC(1249) PSYoungGen: 688949K->4749K(691712K)
[1812.749s][info][gc,heap        ] GC(1249) PSOldGen: 211706K->213305K(1398272K)
[1812.749s][info][gc,metaspace   ] GC(1249) Metaspace: 91607K(98736K)->91607K(98736K) NonClass: 80023K(83888K)->80023K(83888K) Class: 11584K(14848K)->11584K(14848K)
[1812.749s][info][gc             ] GC(1249) Pause Young (GCLocker Initiated GC) 879M->212M(2041M) 3.237ms
[1812.749s][info][gc,cpu         ] GC(1249) User=0.00s Sys=0.00s Real=0.02s
[1813.707s][info][gc,start       ] GC(1250) Pause Young (Allocation Failure)
[1813.710s][info][gc,heap        ] GC(1250) PSYoungGen: 691341K->3763K(692736K)
[1813.711s][info][gc,heap        ] GC(1250) PSOldGen: 234810K->237460K(1398272K)
[1813.711s][info][gc,metaspace   ] GC(1250) Metaspace: 91611K(98736K)->91611K(98736K) NonClass: 80026K(83888K)->80026K(83888K) Class: 11584K(14848K)->11584K(14848K)
[1813.711s][info][gc             ] GC(1250) Pause Young (Allocation Failure) 904M->235M(2042M) 3.249ms
[1813.711s][info][gc,cpu         ] GC(1250) User=0.00s Sys=0.00s Real=0.00s
[1814.458s][info][gc,start       ] GC(1251) Pause Young (System.gc())
[1814.461s][info][gc,heap        ] GC(1251) PSYoungGen: 548758K->4162K(692224K)
[1814.461s][info][gc,heap        ] GC(1251) PSOldGen: 237460K->240055K(1398272K)
[1814.461s][info][gc,metaspace   ] GC(1251) Metaspace: 91611K(98736K)->91611K(98736K) NonClass: 80027K(83888K)->80027K(83888K) Class: 11584K(14848K)->11584K(14848K)
[1814.461s][info][gc             ] GC(1251) Pause Young (System.gc()) 767M->238M(2041M) 2.921ms
[1814.461s][info][gc,cpu         ] GC(1251) User=0.00s Sys=0.00s Real=0.00s
[1814.461s][info][gc,start       ] GC(1252) Pause Full (System.gc())
[1814.465s][info][gc,phases,start] GC(1252) Phase 1: Mark live objects
[1814.521s][info][gc,phases      ] GC(1252) Phase 1: Mark live objects 56.272ms
[1814.521s][info][gc,phases,start] GC(1252) Phase 2: Compute new object addresses
[1814.535s][info][gc,phases      ] GC(1252) Phase 2: Compute new object addresses 13.744ms
[1814.535s][info][gc,phases,start] GC(1252) Phase 3: Adjust pointers
[1814.572s][info][gc,phases      ] GC(1252) Phase 3: Adjust pointers 37.084ms
[1814.572s][info][gc,phases,start] GC(1252) Phase 4: Move objects
[1814.581s][info][gc,phases      ] GC(1252) Phase 4: Move objects 8.914ms
[1814.583s][info][gc,heap        ] GC(1252) PSYoungGen: 4162K->0K(692224K)
[1814.583s][info][gc,heap        ] GC(1252) PSOldGen: 240055K->80355K(1398272K)
[1814.583s][info][gc,metaspace   ] GC(1252) Metaspace: 91611K(98736K)->91611K(98736K) NonClass: 80027K(83888K)->80027K(83888K) Class: 11584K(14848K)->11584K(14848K)
[1814.583s][info][gc             ] GC(1252) Pause Full (System.gc()) 238M->78M(2041M) 121.900ms
[1814.583s][info][gc,cpu         ] GC(1252) User=0.12s Sys=0.00s Real=0.11s
[1816.801s][info][gc,start       ] GC(1253) Pause Young (Allocation Failure)
[1816.806s][info][gc,heap        ] GC(1253) PSYoungGen: 686080K->4689K(692736K)
[1816.806s][info][gc,heap        ] GC(1253) PSOldGen: 80355K->80355K(1398272K)
[1816.806s][info][gc,metaspace   ] GC(1253) Metaspace: 91611K(98736K)->91611K(98736K) NonClass: 80027K(83888K)->80027K(83888K) Class: 11584K(14848K)->11584K(14848K)
[1816.806s][info][gc             ] GC(1253) Pause Young (Allocation Failure) 748M->83M(2042M) 4.903ms
[1816.806s][info][gc,cpu         ] GC(1253) User=0.00s Sys=0.00s Real=0.00s
[1817.388s][info][gc,start       ] GC(1254) Pause Young (Allocation Failure)
[1817.391s][info][gc,heap        ] GC(1254) PSYoungGen: 691281K->4021K(692736K)
[1817.391s][info][gc,heap        ] GC(1254) PSOldGen: 80355K->83717K(1398272K)
[1817.391s][info][gc,metaspace   ] GC(1254) Metaspace: 91626K(98736K)->91626K(98736K) NonClass: 80042K(83888K)->80042K(83888K) Class: 11584K(14848K)->11584K(14848K)
[1817.391s][info][gc             ] GC(1254) Pause Young (Allocation Failure) 753M->85M(2042M) 2.824ms
[1817.391s][info][gc,cpu         ] GC(1254) User=0.00s Sys=0.00s Real=0.00s
[1819.736s][info][gc,start       ] GC(1255) Pause Young (GCLocker Initiated GC)
[1819.738s][info][gc,heap        ] GC(1255) PSYoungGen: 690613K->4564K(692736K)
[1819.738s][info][gc,heap        ] GC(1255) PSOldGen: 83751K->85762K(1398272K)
[1819.738s][info][gc,metaspace   ] GC(1255) Metaspace: 91626K(98736K)->91626K(98736K) NonClass: 80042K(83888K)->80042K(83888K) Class: 11584K(14848K)->11584K(14848K)
[1819.738s][info][gc             ] GC(1255) Pause Young (GCLocker Initiated GC) 756M->88M(2042M) 2.641ms
[1819.738s][info][gc,cpu         ] GC(1255) User=0.00s Sys=0.00s Real=0.00s
[1820.865s][info][gc,start       ] GC(1256) Pause Young (Allocation Failure)
[1820.869s][info][gc,heap        ] GC(1256) PSYoungGen: 691156K->6136K(692736K)
[1820.869s][info][gc,heap        ] GC(1256) PSOldGen: 85764K->87975K(1398272K)
[1820.869s][info][gc,metaspace   ] GC(1256) Metaspace: 91627K(98736K)->91627K(98736K) NonClass: 80043K(83888K)->80043K(83888K) Class: 11584K(14848K)->11584K(14848K)
[1820.869s][info][gc             ] GC(1256) Pause Young (Allocation Failure) 758M->91M(2042M) 4.257ms
[1820.869s][info][gc,cpu         ] GC(1256) User=0.00s Sys=0.00s Real=0.00s
[1820.958s][info][gc,start       ] GC(1257) Pause Young (System.gc())
[1820.960s][info][gc,heap        ] GC(1257) PSYoungGen: 165087K->480K(688640K)
[1820.960s][info][gc,heap        ] GC(1257) PSOldGen: 87975K->89880K(1398272K)
[1820.960s][info][gc,metaspace   ] GC(1257) Metaspace: 91627K(98736K)->91627K(98736K) NonClass: 80043K(83888K)->80043K(83888K) Class: 11584K(14848K)->11584K(14848K)
[1820.960s][info][gc             ] GC(1257) Pause Young (System.gc()) 247M->88M(2038M) 1.990ms
[1820.960s][info][gc,cpu         ] GC(1257) User=0.00s Sys=0.00s Real=0.00s
[1820.960s][info][gc,start       ] GC(1258) Pause Full (System.gc())
[1820.962s][info][gc,phases,start] GC(1258) Phase 1: Mark live objects
[1821.014s][info][gc,phases      ] GC(1258) Phase 1: Mark live objects 51.738ms
[1821.014s][info][gc,phases,start] GC(1258) Phase 2: Compute new object addresses
[1821.025s][info][gc,phases      ] GC(1258) Phase 2: Compute new object addresses 10.672ms
[1821.025s][info][gc,phases,start] GC(1258) Phase 3: Adjust pointers
[1821.057s][info][gc,phases      ] GC(1258) Phase 3: Adjust pointers 32.669ms
[1821.057s][info][gc,phases,start] GC(1258) Phase 4: Move objects
[1821.057s][info][gc,phases      ] GC(1258) Phase 4: Move objects 0.073ms
[1821.059s][info][gc,heap        ] GC(1258) PSYoungGen: 480K->0K(688640K)
[1821.059s][info][gc,heap        ] GC(1258) PSOldGen: 89880K->90250K(1398272K)
[1821.059s][info][gc,metaspace   ] GC(1258) Metaspace: 91627K(98736K)->91627K(98736K) NonClass: 80043K(83888K)->80043K(83888K) Class: 11584K(14848K)->11584K(14848K)
[1821.059s][info][gc             ] GC(1258) Pause Full (System.gc()) 88M->88M(2038M) 98.263ms
[1821.059s][info][gc,cpu         ] GC(1258) User=0.09s Sys=0.00s Real=0.10s
[1821.833s][info][gc,start       ] GC(1259) Pause Young (Allocation Failure)
[1821.836s][info][gc,heap        ] GC(1259) PSYoungGen: 682496K->3797K(690688K)
[1821.836s][info][gc,heap        ] GC(1259) PSOldGen: 90250K->90250K(1398272K)
[1821.836s][info][gc,metaspace   ] GC(1259) Metaspace: 91627K(98736K)->91627K(98736K) NonClass: 80043K(83888K)->80043K(83888K) Class: 11584K(14848K)->11584K(14848K)
[1821.836s][info][gc             ] GC(1259) Pause Young (Allocation Failure) 754M->91M(2040M) 2.316ms
[1821.836s][info][gc,cpu         ] GC(1259) User=0.00s Sys=0.00s Real=0.01s
[1824.213s][info][gc,start       ] GC(1260) Pause Young (Allocation Failure)
[1824.216s][info][gc,heap        ] GC(1260) PSYoungGen: 686293K->2359K(691200K)
[1824.216s][info][gc,heap        ] GC(1260) PSOldGen: 90250K->92818K(1398272K)
[1824.216s][info][gc,metaspace   ] GC(1260) Metaspace: 91627K(98736K)->91627K(98736K) NonClass: 80043K(83888K)->80043K(83888K) Class: 11584K(14848K)->11584K(14848K)
[1824.216s][info][gc             ] GC(1260) Pause Young (Allocation Failure) 758M->92M(2040M) 2.750ms
[1824.216s][info][gc,cpu         ] GC(1260) User=0.00s Sys=0.00s Real=0.00s
[1826.303s][info][gc,start       ] GC(1261) Pause Young (Allocation Failure)
[1826.305s][info][gc,heap        ] GC(1261) PSYoungGen: 685879K->2551K(691200K)
[1826.305s][info][gc,heap        ] GC(1261) PSOldGen: 92818K->94361K(1398272K)
[1826.305s][info][gc,metaspace   ] GC(1261) Metaspace: 91627K(98736K)->91627K(98736K) NonClass: 80043K(83888K)->80043K(83888K) Class: 11584K(14848K)->11584K(14848K)
[1826.305s][info][gc             ] GC(1261) Pause Young (Allocation Failure) 760M->94M(2040M) 2.290ms
[1826.305s][info][gc,cpu         ] GC(1261) User=0.00s Sys=0.00s Real=0.00s
[1826.930s][info][gc,start       ] GC(1262) Pause Young (Allocation Failure)
[1826.934s][info][gc,heap        ] GC(1262) PSYoungGen: 684297K->7668K(677888K)
[1826.934s][info][gc,heap        ] GC(1262) PSOldGen: 94361K->109566K(1398272K)
[1826.934s][info][gc,metaspace   ] GC(1262) Metaspace: 91627K(98736K)->91627K(98736K) NonClass: 80043K(83888K)->80043K(83888K) Class: 11584K(14848K)->11584K(14848K)
[1826.934s][info][gc             ] GC(1262) Pause Young (Allocation Failure) 760M->114M(2027M) 4.047ms
[1826.934s][info][gc,cpu         ] GC(1262) User=0.00s Sys=0.00s Real=0.00s
[1828.540s][info][gc,start       ] GC(1263) Pause Young (GCLocker Initiated GC)
[1828.543s][info][gc,heap        ] GC(1263) PSYoungGen: 677876K->6464K(684544K)
[1828.543s][info][gc,heap        ] GC(1263) PSOldGen: 109631K->112553K(1398272K)
[1828.543s][info][gc,metaspace   ] GC(1263) Metaspace: 91627K(98736K)->91627K(98736K) NonClass: 80043K(83888K)->80043K(83888K) Class: 11584K(14848K)->11584K(14848K)
[1828.543s][info][gc             ] GC(1263) Pause Young (GCLocker Initiated GC) 769M->116M(2034M) 3.044ms
[1828.543s][info][gc,cpu         ] GC(1263) User=0.00s Sys=0.00s Real=0.00s
[1830.869s][info][gc,start       ] GC(1264) Pause Young (Allocation Failure)
[1830.871s][info][gc,heap        ] GC(1264) PSYoungGen: 676672K->3036K(685568K)
[1830.871s][info][gc,heap        ] GC(1264) PSOldGen: 112556K->114337K(1398272K)
[1830.871s][info][gc,metaspace   ] GC(1264) Metaspace: 91627K(98736K)->91627K(98736K) NonClass: 80043K(83888K)->80043K(83888K) Class: 11584K(14848K)->11584K(14848K)
[1830.871s][info][gc             ] GC(1264) Pause Young (Allocation Failure) 770M->114M(2035M) 2.439ms
[1830.871s][info][gc,cpu         ] GC(1264) User=0.00s Sys=0.00s Real=0.00s
[1832.556s][info][gc,start       ] GC(1265) Pause Young (Allocation Failure)
[1832.561s][info][gc,heap        ] GC(1265) PSYoungGen: 674780K->6309K(685056K)
[1832.561s][info][gc,heap        ] GC(1265) PSOldGen: 114337K->116231K(1398272K)
[1832.561s][info][gc,metaspace   ] GC(1265) Metaspace: 91627K(98736K)->91627K(98736K) NonClass: 80043K(83888K)->80043K(83888K) Class: 11584K(14848K)->11584K(14848K)
[1832.561s][info][gc             ] GC(1265) Pause Young (Allocation Failure) 770M->119M(2034M) 4.532ms
[1832.561s][info][gc,cpu         ] GC(1265) User=0.00s Sys=0.00s Real=0.00s
[1833.283s][info][gc,start       ] GC(1266) Pause Young (Allocation Failure)
[1833.286s][info][gc,heap        ] GC(1266) PSYoungGen: 678053K->3345K(686080K)
[1833.286s][info][gc,heap        ] GC(1266) PSOldGen: 116231K->118459K(1398272K)
[1833.286s][info][gc,metaspace   ] GC(1266) Metaspace: 91627K(98736K)->91627K(98736K) NonClass: 80043K(83888K)->80043K(83888K) Class: 11584K(14848K)->11584K(14848K)
[1833.286s][info][gc             ] GC(1266) Pause Young (Allocation Failure) 775M->118M(2035M) 2.733ms
[1833.286s][info][gc,cpu         ] GC(1266) User=0.00s Sys=0.00s Real=0.00s
[1835.517s][info][gc,start       ] GC(1267) Pause Young (Allocation Failure)
[1835.519s][info][gc,heap        ] GC(1267) PSYoungGen: 675938K->3062K(686080K)
[1835.519s][info][gc,heap        ] GC(1267) PSOldGen: 118459K->121343K(1398272K)
[1835.519s][info][gc,metaspace   ] GC(1267) Metaspace: 91627K(98736K)->91627K(98736K) NonClass: 80043K(83888K)->80043K(83888K) Class: 11584K(14848K)->11584K(14848K)
[1835.519s][info][gc             ] GC(1267) Pause Young (Allocation Failure) 775M->121M(2035M) 2.722ms
[1835.519s][info][gc,cpu         ] GC(1267) User=0.02s Sys=0.00s Real=0.00s
[1837.755s][info][gc,start       ] GC(1268) Pause Young (Allocation Failure)
[1837.758s][info][gc,heap        ] GC(1268) PSYoungGen: 676342K->3553K(687104K)
[1837.758s][info][gc,heap        ] GC(1268) PSOldGen: 121343K->123202K(1398272K)
[1837.758s][info][gc,metaspace   ] GC(1268) Metaspace: 91627K(98736K)->91627K(98736K) NonClass: 80043K(83888K)->80043K(83888K) Class: 11584K(14848K)->11584K(14848K)
[1837.758s][info][gc             ] GC(1268) Pause Young (Allocation Failure) 778M->123M(2036M) 2.717ms
[1837.758s][info][gc,cpu         ] GC(1268) User=0.00s Sys=0.00s Real=0.00s
[1838.606s][info][gc,start       ] GC(1269) Pause Young (Allocation Failure)
[1838.608s][info][gc,heap        ] GC(1269) PSYoungGen: 678369K->3787K(686592K)
[1838.608s][info][gc,heap        ] GC(1269) PSOldGen: 123202K->124688K(1398272K)
[1838.608s][info][gc,metaspace   ] GC(1269) Metaspace: 91627K(98736K)->91627K(98736K) NonClass: 80043K(83888K)->80043K(83888K) Class: 11584K(14848K)->11584K(14848K)
[1838.608s][info][gc             ] GC(1269) Pause Young (Allocation Failure) 782M->125M(2036M) 2.559ms
[1838.608s][info][gc,cpu         ] GC(1269) User=0.00s Sys=0.00s Real=0.00s
[1839.957s][info][gc,start       ] GC(1270) Pause Young (Allocation Failure)
[1839.960s][info][gc,heap        ] GC(1270) PSYoungGen: 678603K->3546K(688128K)
[1839.960s][info][gc,heap        ] GC(1270) PSOldGen: 124688K->127344K(1398272K)
[1839.960s][info][gc,metaspace   ] GC(1270) Metaspace: 91627K(98736K)->91627K(98736K) NonClass: 80043K(83888K)->80043K(83888K) Class: 11584K(14848K)->11584K(14848K)
[1839.960s][info][gc             ] GC(1270) Pause Young (Allocation Failure) 784M->127M(2037M) 2.710ms
[1839.960s][info][gc,cpu         ] GC(1270) User=0.00s Sys=0.00s Real=0.00s
[1842.136s][info][gc,start       ] GC(1271) Pause Young (Allocation Failure)
[1842.138s][info][gc,heap        ] GC(1271) PSYoungGen: 680410K->3052K(687616K)
[1842.138s][info][gc,heap        ] GC(1271) PSOldGen: 127344K->129483K(1398272K)
[1842.138s][info][gc,metaspace   ] GC(1271) Metaspace: 91627K(98736K)->91627K(98736K) NonClass: 80043K(83888K)->80043K(83888K) Class: 11584K(14848K)->11584K(14848K)
[1842.138s][info][gc             ] GC(1271) Pause Young (Allocation Failure) 788M->129M(2037M) 2.651ms
[1842.139s][info][gc,cpu         ] GC(1271) User=0.00s Sys=0.00s Real=0.00s
[1844.073s][info][gc,start       ] GC(1272) Pause Young (Allocation Failure)
[1844.077s][info][gc,heap        ] GC(1272) PSYoungGen: 679916K->7176K(687104K)
[1844.077s][info][gc,heap        ] GC(1272) PSOldGen: 129483K->131265K(1398272K)
[1844.077s][info][gc,metaspace   ] GC(1272) Metaspace: 91627K(98736K)->91627K(98736K) NonClass: 80043K(83888K)->80043K(83888K) Class: 11584K(14848K)->11584K(14848K)
[1844.077s][info][gc             ] GC(1272) Pause Young (Allocation Failure) 790M->135M(2036M) 4.083ms
[1844.077s][info][gc,cpu         ] GC(1272) User=0.00s Sys=0.00s Real=0.00s
[1844.864s][info][gc,start       ] GC(1273) Pause Young (Allocation Failure)
[1844.866s][info][gc,heap        ] GC(1273) PSYoungGen: 682588K->3360K(687616K)
[1844.866s][info][gc,heap        ] GC(1273) PSOldGen: 131265K->133600K(1398272K)
[1844.866s][info][gc,metaspace   ] GC(1273) Metaspace: 91627K(98736K)->91627K(98736K) NonClass: 80043K(83888K)->80043K(83888K) Class: 11584K(14848K)->11584K(14848K)
[1844.866s][info][gc             ] GC(1273) Pause Young (Allocation Failure) 794M->133M(2037M) 2.751ms
[1844.866s][info][gc,cpu         ] GC(1273) User=0.00s Sys=0.00s Real=0.00s
[1847.060s][info][gc,start       ] GC(1274) Pause Young (Allocation Failure)
[1847.064s][info][gc,heap        ] GC(1274) PSYoungGen: 679712K->3183K(688640K)
[1847.064s][info][gc,heap        ] GC(1274) PSOldGen: 133600K->136307K(1398272K)
[1847.064s][info][gc,metaspace   ] GC(1274) Metaspace: 91627K(98736K)->91627K(98736K) NonClass: 80043K(83888K)->80043K(83888K) Class: 11584K(14848K)->11584K(14848K)
[1847.064s][info][gc             ] GC(1274) Pause Young (Allocation Failure) 794M->136M(2038M) 4.065ms
[1847.064s][info][gc,cpu         ] GC(1274) User=0.02s Sys=0.00s Real=0.01s
[1847.824s][info][gc,start       ] GC(1275) Pause Young (Allocation Failure)
[1847.827s][info][gc,heap        ] GC(1275) PSYoungGen: 677668K->4659K(688128K)
[1847.827s][info][gc,heap        ] GC(1275) PSOldGen: 136307K->137766K(1398272K)
[1847.827s][info][gc,metaspace   ] GC(1275) Metaspace: 91627K(98736K)->91627K(98736K) NonClass: 80043K(83888K)->80043K(83888K) Class: 11584K(14848K)->11584K(14848K)
[1847.827s][info][gc             ] GC(1275) Pause Young (Allocation Failure) 794M->139M(2037M) 2.693ms
[1847.827s][info][gc,cpu         ] GC(1275) User=0.00s Sys=0.00s Real=0.00s
[1849.310s][info][gc,start       ] GC(1276) Pause Young (Allocation Failure)
[1849.313s][info][gc,heap        ] GC(1276) PSYoungGen: 682394K->2817K(689152K)
[1849.313s][info][gc,heap        ] GC(1276) PSOldGen: 137766K->140790K(1398272K)
[1849.313s][info][gc,metaspace   ] GC(1276) Metaspace: 91627K(98736K)->91627K(98736K) NonClass: 80043K(83888K)->80043K(83888K) Class: 11584K(14848K)->11584K(14848K)
[1849.313s][info][gc             ] GC(1276) Pause Young (Allocation Failure) 800M->140M(2038M) 2.946ms
[1849.313s][info][gc,cpu         ] GC(1276) User=0.00s Sys=0.00s Real=0.00s
[1850.937s][info][gc,start       ] GC(1277) Pause Young (Allocation Failure)
[1850.939s][info][gc,heap        ] GC(1277) PSYoungGen: 682241K->2772K(689152K)
[1850.939s][info][gc,heap        ] GC(1277) PSOldGen: 140790K->142865K(1398272K)
[1850.939s][info][gc,metaspace   ] GC(1277) Metaspace: 91627K(98736K)->91627K(98736K) NonClass: 80043K(83888K)->80043K(83888K) Class: 11584K(14848K)->11584K(14848K)
[1850.939s][info][gc             ] GC(1277) Pause Young (Allocation Failure) 803M->142M(2038M) 2.572ms
[1850.940s][info][gc,cpu         ] GC(1277) User=0.06s Sys=0.00s Real=0.00s
[1851.668s][info][gc,start       ] GC(1278) Pause Young (Allocation Failure)
[1851.671s][info][gc,heap        ] GC(1278) PSYoungGen: 682184K->3488K(689664K)
[1851.671s][info][gc,heap        ] GC(1278) PSOldGen: 142865K->144933K(1398272K)
[1851.671s][info][gc,metaspace   ] GC(1278) Metaspace: 91627K(98736K)->91627K(98736K) NonClass: 80043K(83888K)->80043K(83888K) Class: 11584K(14848K)->11584K(14848K)
[1851.671s][info][gc             ] GC(1278) Pause Young (Allocation Failure) 805M->144M(2039M) 3.046ms
[1851.671s][info][gc,cpu         ] GC(1278) User=0.00s Sys=0.00s Real=0.00s
[1853.770s][info][gc,start       ] GC(1279) Pause Young (Allocation Failure)
[1853.772s][info][gc,heap        ] GC(1279) PSYoungGen: 683936K->3406K(689664K)
[1853.772s][info][gc,heap        ] GC(1279) PSOldGen: 144933K->147887K(1398272K)
[1853.772s][info][gc,metaspace   ] GC(1279) Metaspace: 91627K(98736K)->91627K(98736K) NonClass: 80043K(83888K)->80043K(83888K) Class: 11584K(14848K)->11584K(14848K)
[1853.772s][info][gc             ] GC(1279) Pause Young (Allocation Failure) 809M->147M(2039M) 2.868ms
[1853.773s][info][gc,cpu         ] GC(1279) User=0.00s Sys=0.00s Real=0.00s
[1854.379s][info][gc,start       ] GC(1280) Pause Young (Allocation Failure)
[1854.382s][info][gc,heap        ] GC(1280) PSYoungGen: 683854K->2517K(690176K)
[1854.382s][info][gc,heap        ] GC(1280) PSOldGen: 147887K->150549K(1398272K)
[1854.382s][info][gc,metaspace   ] GC(1280) Metaspace: 91627K(98736K)->91627K(98736K) NonClass: 80043K(83888K)->80043K(83888K) Class: 11584K(14848K)->11584K(14848K)
[1854.382s][info][gc             ] GC(1280) Pause Young (Allocation Failure) 812M->149M(2039M) 3.149ms
[1854.383s][info][gc,cpu         ] GC(1280) User=0.00s Sys=0.00s Real=0.00s
[1856.346s][info][gc,start       ] GC(1281) Pause Young (Allocation Failure)
[1856.349s][info][gc,heap        ] GC(1281) PSYoungGen: 683265K->3328K(690176K)
[1856.349s][info][gc,heap        ] GC(1281) PSOldGen: 150549K->152143K(1398272K)
[1856.349s][info][gc,metaspace   ] GC(1281) Metaspace: 91627K(98736K)->91627K(98736K) NonClass: 80043K(83888K)->80043K(83888K) Class: 11584K(14848K)->11584K(14848K)
[1856.349s][info][gc             ] GC(1281) Pause Young (Allocation Failure) 814M->151M(2039M) 3.496ms
[1856.349s][info][gc,cpu         ] GC(1281) User=0.00s Sys=0.00s Real=0.00s
[1857.746s][info][gc,start       ] GC(1282) Pause Young (Allocation Failure)
[1857.751s][info][gc,heap        ] GC(1282) PSYoungGen: 684800K->4790K(690688K)
[1857.751s][info][gc,heap        ] GC(1282) PSOldGen: 152143K->154453K(1398272K)
[1857.751s][info][gc,metaspace   ] GC(1282) Metaspace: 91627K(98736K)->91627K(98736K) NonClass: 80043K(83888K)->80043K(83888K) Class: 11584K(14848K)->11584K(14848K)
[1857.751s][info][gc             ] GC(1282) Pause Young (Allocation Failure) 817M->155M(2040M) 4.869ms
[1857.751s][info][gc,cpu         ] GC(1282) User=0.00s Sys=0.00s Real=0.00s
[1857.966s][info][gc,start       ] GC(1283) Pause Young (System.gc())
[1857.968s][info][gc,heap        ] GC(1283) PSYoungGen: 245894K->544K(690688K)
[1857.968s][info][gc,heap        ] GC(1283) PSOldGen: 154453K->156527K(1398272K)
[1857.968s][info][gc,metaspace   ] GC(1283) Metaspace: 91627K(98736K)->91627K(98736K) NonClass: 80043K(83888K)->80043K(83888K) Class: 11584K(14848K)->11584K(14848K)
[1857.968s][info][gc             ] GC(1283) Pause Young (System.gc()) 390M->153M(2040M) 2.419ms
[1857.968s][info][gc,cpu         ] GC(1283) User=0.00s Sys=0.00s Real=0.00s
[1857.968s][info][gc,start       ] GC(1284) Pause Full (System.gc())
[1857.970s][info][gc,phases,start] GC(1284) Phase 1: Mark live objects
[1858.027s][info][gc,phases      ] GC(1284) Phase 1: Mark live objects 56.771ms
[1858.027s][info][gc,phases,start] GC(1284) Phase 2: Compute new object addresses
[1858.040s][info][gc,phases      ] GC(1284) Phase 2: Compute new object addresses 13.273ms
[1858.040s][info][gc,phases,start] GC(1284) Phase 3: Adjust pointers
[1858.077s][info][gc,phases      ] GC(1284) Phase 3: Adjust pointers 36.605ms
[1858.077s][info][gc,phases,start] GC(1284) Phase 4: Move objects
[1858.078s][info][gc,phases      ] GC(1284) Phase 4: Move objects 1.115ms
[1858.080s][info][gc,heap        ] GC(1284) PSYoungGen: 544K->0K(690688K)
[1858.080s][info][gc,heap        ] GC(1284) PSOldGen: 156527K->153722K(1398272K)
[1858.081s][info][gc,metaspace   ] GC(1284) Metaspace: 91627K(98736K)->91627K(98736K) NonClass: 80043K(83888K)->80043K(83888K) Class: 11584K(14848K)->11584K(14848K)
[1858.081s][info][gc             ] GC(1284) Pause Full (System.gc()) 153M->150M(2040M) 112.214ms
[1858.081s][info][gc,cpu         ] GC(1284) User=0.11s Sys=0.00s Real=0.11s
[1858.984s][info][gc,start       ] GC(1285) Pause Young (Allocation Failure)
[1858.986s][info][gc,heap        ] GC(1285) PSYoungGen: 682496K->3778K(691200K)
[1858.986s][info][gc,heap        ] GC(1285) PSOldGen: 153722K->153722K(1398272K)
[1858.986s][info][gc,metaspace   ] GC(1285) Metaspace: 91627K(98736K)->91627K(98736K) NonClass: 80043K(83888K)->80043K(83888K) Class: 11584K(14848K)->11584K(14848K)
[1858.986s][info][gc             ] GC(1285) Pause Young (Allocation Failure) 816M->153M(2040M) 2.695ms
[1858.987s][info][gc,cpu         ] GC(1285) User=0.05s Sys=0.00s Real=0.00s
[1861.346s][info][gc,start       ] GC(1286) Pause Young (Allocation Failure)
[1861.348s][info][gc,heap        ] GC(1286) PSYoungGen: 686696K->2283K(690688K)
[1861.348s][info][gc,heap        ] GC(1286) PSOldGen: 153722K->156318K(1398272K)
[1861.348s][info][gc,metaspace   ] GC(1286) Metaspace: 91627K(98736K)->91627K(98736K) NonClass: 80043K(83888K)->80043K(83888K) Class: 11584K(14848K)->11584K(14848K)
[1861.348s][info][gc             ] GC(1286) Pause Young (Allocation Failure) 820M->154M(2040M) 2.497ms
[1861.348s][info][gc,cpu         ] GC(1286) User=0.00s Sys=0.00s Real=0.00s
[1863.466s][info][gc,start       ] GC(1287) Pause Young (Allocation Failure)
[1863.469s][info][gc,heap        ] GC(1287) PSYoungGen: 684747K->2474K(691200K)
[1863.469s][info][gc,heap        ] GC(1287) PSOldGen: 156318K->157836K(1398272K)
[1863.469s][info][gc,metaspace   ] GC(1287) Metaspace: 91627K(98736K)->91627K(98736K) NonClass: 80043K(83888K)->80043K(83888K) Class: 11584K(14848K)->11584K(14848K)
[1863.469s][info][gc             ] GC(1287) Pause Young (Allocation Failure) 821M->156M(2040M) 2.416ms
[1863.469s][info][gc,cpu         ] GC(1287) User=0.00s Sys=0.00s Real=0.00s
[1864.095s][info][gc,start       ] GC(1288) Pause Young (Allocation Failure)
[1864.099s][info][gc,heap        ] GC(1288) PSYoungGen: 684725K->7651K(691200K)
[1864.099s][info][gc,heap        ] GC(1288) PSOldGen: 157836K->172937K(1398272K)
[1864.099s][info][gc,metaspace   ] GC(1288) Metaspace: 91627K(98736K)->91627K(98736K) NonClass: 80043K(83888K)->80043K(83888K) Class: 11584K(14848K)->11584K(14848K)
[1864.099s][info][gc             ] GC(1288) Pause Young (Allocation Failure) 822M->176M(2040M) 4.201ms
[1864.099s][info][gc,cpu         ] GC(1288) User=0.02s Sys=0.00s Real=0.00s
[1865.656s][info][gc,start       ] GC(1289) Pause Young (Allocation Failure)
[1865.659s][info][gc,heap        ] GC(1289) PSYoungGen: 691171K->3497K(678912K)
[1865.659s][info][gc,heap        ] GC(1289) PSOldGen: 172937K->175858K(1398272K)
[1865.659s][info][gc,metaspace   ] GC(1289) Metaspace: 91627K(98736K)->91627K(98736K) NonClass: 80043K(83888K)->80043K(83888K) Class: 11584K(14848K)->11584K(14848K)
[1865.659s][info][gc             ] GC(1289) Pause Young (Allocation Failure) 843M->175M(2028M) 3.141ms
[1865.659s][info][gc,cpu         ] GC(1289) User=0.08s Sys=0.00s Real=0.00s
[1868.050s][info][gc,start       ] GC(1290) Pause Young (Allocation Failure)
[1868.053s][info][gc,heap        ] GC(1290) PSYoungGen: 671871K->2527K(685056K)
[1868.053s][info][gc,heap        ] GC(1290) PSOldGen: 175858K->177621K(1398272K)
[1868.053s][info][gc,metaspace   ] GC(1290) Metaspace: 91628K(98736K)->91628K(98736K) NonClass: 80043K(83888K)->80043K(83888K) Class: 11584K(14848K)->11584K(14848K)
[1868.053s][info][gc             ] GC(1290) Pause Young (Allocation Failure) 827M->175M(2034M) 2.694ms
[1868.053s][info][gc,cpu         ] GC(1290) User=0.00s Sys=0.00s Real=0.00s
[1869.752s][info][gc,start       ] GC(1291) Pause Young (Allocation Failure)
[1869.756s][info][gc,heap        ] GC(1291) PSYoungGen: 673759K->5879K(686080K)
[1869.756s][info][gc,heap        ] GC(1291) PSOldGen: 177621K->179471K(1398272K)
[1869.756s][info][gc,metaspace   ] GC(1291) Metaspace: 91628K(98736K)->91628K(98736K) NonClass: 80043K(83888K)->80043K(83888K) Class: 11584K(14848K)->11584K(14848K)
[1869.756s][info][gc             ] GC(1291) Pause Young (Allocation Failure) 831M->181M(2035M) 4.187ms
[1869.756s][info][gc,cpu         ] GC(1291) User=0.00s Sys=0.00s Real=0.01s
[1870.498s][info][gc,start       ] GC(1292) Pause Young (Allocation Failure)
[1870.501s][info][gc,heap        ] GC(1292) PSYoungGen: 678647K->3475K(685568K)
[1870.501s][info][gc,heap        ] GC(1292) PSOldGen: 179471K->181745K(1398272K)
[1870.501s][info][gc,metaspace   ] GC(1292) Metaspace: 91628K(98736K)->91628K(98736K) NonClass: 80043K(83888K)->80043K(83888K) Class: 11584K(14848K)->11584K(14848K)
[1870.501s][info][gc             ] GC(1292) Pause Young (Allocation Failure) 838M->180M(2035M) 2.967ms
[1870.501s][info][gc,cpu         ] GC(1292) User=0.00s Sys=0.00s Real=0.00s
[1872.688s][info][gc,start       ] GC(1293) Pause Young (Allocation Failure)
[1872.691s][info][gc,heap        ] GC(1293) PSYoungGen: 676243K->3022K(687104K)
[1872.691s][info][gc,heap        ] GC(1293) PSOldGen: 181745K->184612K(1398272K)
[1872.691s][info][gc,metaspace   ] GC(1293) Metaspace: 91628K(98736K)->91628K(98736K) NonClass: 80043K(83888K)->80043K(83888K) Class: 11584K(14848K)->11584K(14848K)
[1872.691s][info][gc             ] GC(1293) Pause Young (Allocation Failure) 837M->183M(2036M) 3.008ms
[1872.691s][info][gc,cpu         ] GC(1293) User=0.06s Sys=0.02s Real=0.01s
[1874.906s][info][gc,start       ] GC(1294) Pause Young (Allocation Failure)
[1874.909s][info][gc,heap        ] GC(1294) PSYoungGen: 677838K->3173K(686592K)
[1874.909s][info][gc,heap        ] GC(1294) PSOldGen: 184612K->185992K(1398272K)
[1874.909s][info][gc,metaspace   ] GC(1294) Metaspace: 91628K(98736K)->91628K(98736K) NonClass: 80043K(83888K)->80043K(83888K) Class: 11584K(14848K)->11584K(14848K)
[1874.909s][info][gc             ] GC(1294) Pause Young (Allocation Failure) 842M->184M(2036M) 2.557ms
[1874.909s][info][gc,cpu         ] GC(1294) User=0.09s Sys=0.00s Real=0.00s
[1875.768s][info][gc,start       ] GC(1295) Pause Young (Allocation Failure)
[1875.770s][info][gc,heap        ] GC(1295) PSYoungGen: 677416K->3275K(687616K)
[1875.770s][info][gc,heap        ] GC(1295) PSOldGen: 185992K->187975K(1398272K)
[1875.770s][info][gc,metaspace   ] GC(1295) Metaspace: 91628K(98736K)->91628K(98736K) NonClass: 80043K(83888K)->80043K(83888K) Class: 11584K(14848K)->11584K(14848K)
[1875.770s][info][gc             ] GC(1295) Pause Young (Allocation Failure) 843M->186M(2037M) 2.682ms
[1875.770s][info][gc,cpu         ] GC(1295) User=0.00s Sys=0.00s Real=0.00s
[1877.244s][info][gc,start       ] GC(1296) Pause Young (Allocation Failure)
[1877.247s][info][gc,heap        ] GC(1296) PSYoungGen: 675833K->3091K(687616K)
[1877.247s][info][gc,heap        ] GC(1296) PSOldGen: 187975K->190693K(1398272K)
[1877.247s][info][gc,metaspace   ] GC(1296) Metaspace: 91628K(98736K)->91628K(98736K) NonClass: 80043K(83888K)->80043K(83888K) Class: 11584K(14848K)->11584K(14848K)
[1877.247s][info][gc             ] GC(1296) Pause Young (Allocation Failure) 843M->189M(2037M) 2.981ms
[1877.247s][info][gc,cpu         ] GC(1296) User=0.00s Sys=0.00s Real=0.01s
[1879.774s][info][gc,start       ] GC(1297) Pause Young (Allocation Failure)
[1879.778s][info][gc,heap        ] GC(1297) PSYoungGen: 678503K->2591K(688640K)
[1879.778s][info][gc,heap        ] GC(1297) PSOldGen: 190693K->192806K(1398272K)
[1879.778s][info][gc,metaspace   ] GC(1297) Metaspace: 91628K(98736K)->91628K(98736K) NonClass: 80043K(83888K)->80043K(83888K) Class: 11584K(14848K)->11584K(14848K)
[1879.778s][info][gc             ] GC(1297) Pause Young (Allocation Failure) 848M->190M(2038M) 3.672ms
[1879.778s][info][gc,cpu         ] GC(1297) User=0.00s Sys=0.00s Real=0.00s
[1882.018s][info][gc,start       ] GC(1298) Pause Young (Allocation Failure)
[1882.022s][info][gc,heap        ] GC(1298) PSYoungGen: 680479K->6334K(688128K)
[1882.022s][info][gc,heap        ] GC(1298) PSOldGen: 192806K->194580K(1398272K)
[1882.022s][info][gc,metaspace   ] GC(1298) Metaspace: 91628K(98736K)->91628K(98736K) NonClass: 80043K(83888K)->80043K(83888K) Class: 11584K(14848K)->11584K(14848K)
[1882.022s][info][gc             ] GC(1298) Pause Young (Allocation Failure) 852M->196M(2037M) 4.029ms
[1882.022s][info][gc,cpu         ] GC(1298) User=0.00s Sys=0.00s Real=0.01s
[1882.841s][info][gc,start       ] GC(1299) Pause Young (Allocation Failure)
[1882.846s][info][gc,heap        ] GC(1299) PSYoungGen: 684222K->3965K(689152K)
[1882.846s][info][gc,heap        ] GC(1299) PSOldGen: 194580K->196761K(1398272K)
[1882.846s][info][gc,metaspace   ] GC(1299) Metaspace: 91628K(98736K)->91628K(98736K) NonClass: 80043K(83888K)->80043K(83888K) Class: 11584K(14848K)->11584K(14848K)
[1882.846s][info][gc             ] GC(1299) Pause Young (Allocation Failure) 858M->196M(2038M) 5.182ms
[1882.846s][info][gc,cpu         ] GC(1299) User=0.00s Sys=0.02s Real=0.00s
[1885.146s][info][gc,start       ] GC(1300) Pause Young (Allocation Failure)
[1885.149s][info][gc,heap        ] GC(1300) PSYoungGen: 682365K->2596K(688128K)
[1885.149s][info][gc,heap        ] GC(1300) PSOldGen: 196761K->199529K(1398272K)
[1885.149s][info][gc,metaspace   ] GC(1300) Metaspace: 91628K(98736K)->91628K(98736K) NonClass: 80043K(83888K)->80043K(83888K) Class: 11584K(14848K)->11584K(14848K)
[1885.149s][info][gc             ] GC(1300) Pause Young (Allocation Failure) 858M->197M(2037M) 3.183ms
[1885.149s][info][gc,cpu         ] GC(1300) User=0.00s Sys=0.00s Real=0.00s
[1885.884s][info][gc,start       ] GC(1301) Pause Young (Allocation Failure)
[1885.887s][info][gc,heap        ] GC(1301) PSYoungGen: 678542K->8819K(687104K)
[1885.887s][info][gc,heap        ] GC(1301) PSOldGen: 199529K->201004K(1398272K)
[1885.887s][info][gc,metaspace   ] GC(1301) Metaspace: 91628K(98736K)->91628K(98736K) NonClass: 80043K(83888K)->80043K(83888K) Class: 11584K(14848K)->11584K(14848K)
[1885.887s][info][gc             ] GC(1301) Pause Young (Allocation Failure) 857M->204M(2036M) 3.098ms
[1885.887s][info][gc,cpu         ] GC(1301) User=0.00s Sys=0.00s Real=0.01s
[1887.368s][info][gc,start       ] GC(1302) Pause Young (Allocation Failure)
[1887.371s][info][gc,heap        ] GC(1302) PSYoungGen: 686195K->2536K(688128K)
[1887.371s][info][gc,heap        ] GC(1302) PSOldGen: 201004K->204093K(1398272K)
[1887.371s][info][gc,metaspace   ] GC(1302) Metaspace: 91628K(98736K)->91628K(98736K) NonClass: 80043K(83888K)->80043K(83888K) Class: 11584K(14848K)->11584K(14848K)
[1887.371s][info][gc             ] GC(1302) Pause Young (Allocation Failure) 866M->201M(2037M) 2.789ms
[1887.371s][info][gc,cpu         ] GC(1302) User=0.00s Sys=0.00s Real=0.00s
[1888.980s][info][gc,start       ] GC(1303) Pause Young (Allocation Failure)
[1888.983s][info][gc,heap        ] GC(1303) PSYoungGen: 679522K->2883K(688640K)
[1888.983s][info][gc,heap        ] GC(1303) PSOldGen: 204093K->206152K(1398272K)
[1888.983s][info][gc,metaspace   ] GC(1303) Metaspace: 91628K(98736K)->91628K(98736K) NonClass: 80043K(83888K)->80043K(83888K) Class: 11584K(14848K)->11584K(14848K)
[1888.983s][info][gc             ] GC(1303) Pause Young (Allocation Failure) 862M->204M(2038M) 2.946ms
[1888.983s][info][gc,cpu         ] GC(1303) User=0.00s Sys=0.00s Real=0.02s
[1889.741s][info][gc,start       ] GC(1304) Pause Young (Allocation Failure)
[1889.743s][info][gc,heap        ] GC(1304) PSYoungGen: 680771K->3477K(688128K)
[1889.744s][info][gc,heap        ] GC(1304) PSOldGen: 206152K->208165K(1398272K)
[1889.744s][info][gc,metaspace   ] GC(1304) Metaspace: 91628K(98736K)->91628K(98736K) NonClass: 80043K(83888K)->80043K(83888K) Class: 11584K(14848K)->11584K(14848K)
[1889.744s][info][gc             ] GC(1304) Pause Young (Allocation Failure) 866M->206M(2037M) 2.966ms
[1889.744s][info][gc,cpu         ] GC(1304) User=0.00s Sys=0.00s Real=0.00s
[1891.866s][info][gc,start       ] GC(1305) Pause Young (Allocation Failure)
[1891.869s][info][gc,heap        ] GC(1305) PSYoungGen: 681365K->3307K(689664K)
[1891.869s][info][gc,heap        ] GC(1305) PSOldGen: 208165K->211104K(1398272K)
[1891.869s][info][gc,metaspace   ] GC(1305) Metaspace: 91628K(98736K)->91628K(98736K) NonClass: 80043K(83888K)->80043K(83888K) Class: 11584K(14848K)->11584K(14848K)
[1891.869s][info][gc             ] GC(1305) Pause Young (Allocation Failure) 868M->209M(2039M) 3.023ms
[1891.870s][info][gc,cpu         ] GC(1305) User=0.00s Sys=0.00s Real=0.00s
[1892.473s][info][gc,start       ] GC(1306) Pause Young (Allocation Failure)
[1892.478s][info][gc,heap        ] GC(1306) PSYoungGen: 683243K->2421K(689152K)
[1892.478s][info][gc,heap        ] GC(1306) PSOldGen: 211104K->213576K(1398272K)
[1892.478s][info][gc,metaspace   ] GC(1306) Metaspace: 91628K(98736K)->91628K(98736K) NonClass: 80043K(83888K)->80043K(83888K) Class: 11584K(14848K)->11584K(14848K)
[1892.478s][info][gc             ] GC(1306) Pause Young (Allocation Failure) 873M->210M(2038M) 4.917ms
[1892.478s][info][gc,cpu         ] GC(1306) User=0.00s Sys=0.00s Real=0.00s
[1894.454s][info][gc,start       ] GC(1307) Pause Young (Allocation Failure)
[1894.457s][info][gc,heap        ] GC(1307) PSYoungGen: 682357K->3344K(690176K)
[1894.457s][info][gc,heap        ] GC(1307) PSOldGen: 213576K->215230K(1398272K)
[1894.457s][info][gc,metaspace   ] GC(1307) Metaspace: 91628K(98736K)->91628K(98736K) NonClass: 80043K(83888K)->80043K(83888K) Class: 11584K(14848K)->11584K(14848K)
[1894.457s][info][gc             ] GC(1307) Pause Young (Allocation Failure) 874M->213M(2039M) 3.091ms
[1894.457s][info][gc,cpu         ] GC(1307) User=0.06s Sys=0.00s Real=0.00s
[1895.874s][info][gc,start       ] GC(1308) Pause Young (Allocation Failure)
[1895.879s][info][gc,heap        ] GC(1308) PSYoungGen: 684304K->5623K(689664K)
[1895.879s][info][gc,heap        ] GC(1308) PSOldGen: 215230K->217535K(1398272K)
[1895.879s][info][gc,metaspace   ] GC(1308) Metaspace: 91628K(98736K)->91628K(98736K) NonClass: 80043K(83888K)->80043K(83888K) Class: 11584K(14848K)->11584K(14848K)
[1895.879s][info][gc             ] GC(1308) Pause Young (Allocation Failure) 878M->217M(2039M) 4.772ms
[1895.879s][info][gc,cpu         ] GC(1308) User=0.03s Sys=0.00s Real=0.00s
[1896.093s][info][gc,start       ] GC(1309) Pause Young (System.gc())
[1896.095s][info][gc,heap        ] GC(1309) PSYoungGen: 246424K->448K(689664K)
[1896.095s][info][gc,heap        ] GC(1309) PSOldGen: 217535K->219491K(1398272K)
[1896.095s][info][gc,metaspace   ] GC(1309) Metaspace: 91628K(98736K)->91628K(98736K) NonClass: 80043K(83888K)->80043K(83888K) Class: 11584K(14848K)->11584K(14848K)
[1896.095s][info][gc             ] GC(1309) Pause Young (System.gc()) 453M->214M(2039M) 2.294ms
[1896.095s][info][gc,cpu         ] GC(1309) User=0.00s Sys=0.00s Real=0.00s
[1896.095s][info][gc,start       ] GC(1310) Pause Full (System.gc())
[1896.097s][info][gc,phases,start] GC(1310) Phase 1: Mark live objects
[1896.154s][info][gc,phases      ] GC(1310) Phase 1: Mark live objects 57.165ms
[1896.154s][info][gc,phases,start] GC(1310) Phase 2: Compute new object addresses
[1896.169s][info][gc,phases      ] GC(1310) Phase 2: Compute new object addresses 14.832ms
[1896.169s][info][gc,phases,start] GC(1310) Phase 3: Adjust pointers
[1896.206s][info][gc,phases      ] GC(1310) Phase 3: Adjust pointers 37.598ms
[1896.206s][info][gc,phases,start] GC(1310) Phase 4: Move objects
[1896.214s][info][gc,phases      ] GC(1310) Phase 4: Move objects 7.357ms
[1896.216s][info][gc,heap        ] GC(1310) PSYoungGen: 448K->0K(689664K)
[1896.216s][info][gc,heap        ] GC(1310) PSOldGen: 219491K->153423K(1398272K)
[1896.216s][info][gc,metaspace   ] GC(1310) Metaspace: 91628K(98736K)->91628K(98736K) NonClass: 80043K(83888K)->80043K(83888K) Class: 11584K(14848K)->11584K(14848K)
[1896.216s][info][gc             ] GC(1310) Pause Full (System.gc()) 214M->149M(2039M) 121.265ms
[1896.216s][info][gc,cpu         ] GC(1310) User=0.12s Sys=0.00s Real=0.12s
[1897.093s][info][gc,start       ] GC(1311) Pause Young (Allocation Failure)
[1897.095s][info][gc,heap        ] GC(1311) PSYoungGen: 680448K->3627K(689664K)
[1897.095s][info][gc,heap        ] GC(1311) PSOldGen: 153423K->153423K(1398272K)
[1897.095s][info][gc,metaspace   ] GC(1311) Metaspace: 91628K(98736K)->91628K(98736K) NonClass: 80043K(83888K)->80043K(83888K) Class: 11584K(14848K)->11584K(14848K)
[1897.095s][info][gc             ] GC(1311) Pause Young (Allocation Failure) 814M->153M(2039M) 2.689ms
[1897.095s][info][gc,cpu         ] GC(1311) User=0.08s Sys=0.02s Real=0.00s
[1899.460s][info][gc,start       ] GC(1312) Pause Young (Allocation Failure)
[1899.463s][info][gc,heap        ] GC(1312) PSYoungGen: 684075K->2560K(690688K)
[1899.463s][info][gc,heap        ] GC(1312) PSOldGen: 153423K->156197K(1398272K)
[1899.463s][info][gc,metaspace   ] GC(1312) Metaspace: 91628K(98736K)->91628K(98736K) NonClass: 80043K(83888K)->80043K(83888K) Class: 11584K(14848K)->11584K(14848K)
[1899.463s][info][gc             ] GC(1312) Pause Young (Allocation Failure) 817M->155M(2040M) 2.615ms
[1899.463s][info][gc,cpu         ] GC(1312) User=0.00s Sys=0.00s Real=0.00s
[1901.567s][info][gc,start       ] GC(1313) Pause Young (GCLocker Initiated GC)
[1901.569s][info][gc,heap        ] GC(1313) PSYoungGen: 684544K->3827K(690176K)
[1901.569s][info][gc,heap        ] GC(1313) PSOldGen: 156219K->157837K(1398272K)
[1901.569s][info][gc,metaspace   ] GC(1313) Metaspace: 91628K(98736K)->91628K(98736K) NonClass: 80043K(83888K)->80043K(83888K) Class: 11584K(14848K)->11584K(14848K)
[1901.569s][info][gc             ] GC(1313) Pause Young (GCLocker Initiated GC) 821M->157M(2039M) 2.659ms
[1901.569s][info][gc,cpu         ] GC(1313) User=0.00s Sys=0.00s Real=0.00s
[1902.200s][info][gc,start       ] GC(1314) Pause Young (Allocation Failure)
[1902.205s][info][gc,heap        ] GC(1314) PSYoungGen: 685811K->4612K(690688K)
[1902.205s][info][gc,heap        ] GC(1314) PSOldGen: 215182K->216682K(1398272K)
[1902.205s][info][gc,metaspace   ] GC(1314) Metaspace: 91628K(98736K)->91628K(98736K) NonClass: 80043K(83888K)->80043K(83888K) Class: 11584K(14848K)->11584K(14848K)
[1902.205s][info][gc             ] GC(1314) Pause Young (Allocation Failure) 879M->216M(2040M) 5.175ms
[1902.205s][info][gc,cpu         ] GC(1314) User=0.08s Sys=0.00s Real=0.00s
[1904.001s][info][gc,start       ] GC(1315) Pause Young (Allocation Failure)
[1904.004s][info][gc,heap        ] GC(1315) PSYoungGen: 687108K->3590K(690688K)
[1904.004s][info][gc,heap        ] GC(1315) PSOldGen: 216682K->219473K(1398272K)
[1904.004s][info][gc,metaspace   ] GC(1315) Metaspace: 91628K(98736K)->91628K(98736K) NonClass: 80043K(83888K)->80043K(83888K) Class: 11584K(14848K)->11584K(14848K)
[1904.004s][info][gc             ] GC(1315) Pause Young (Allocation Failure) 882M->217M(2040M) 2.900ms
[1904.004s][info][gc,cpu         ] GC(1315) User=0.02s Sys=0.00s Real=0.00s
[1906.422s][info][gc,start       ] GC(1316) Pause Young (Allocation Failure)
[1906.425s][info][gc,heap        ] GC(1316) PSYoungGen: 686086K->4466K(691200K)
[1906.425s][info][gc,heap        ] GC(1316) PSOldGen: 219473K->221321K(1398272K)
[1906.425s][info][gc,metaspace   ] GC(1316) Metaspace: 91628K(98736K)->91628K(98736K) NonClass: 80043K(83888K)->80043K(83888K) Class: 11584K(14848K)->11584K(14848K)
[1906.425s][info][gc             ] GC(1316) Pause Young (Allocation Failure) 884M->220M(2040M) 2.784ms
[1906.425s][info][gc,cpu         ] GC(1316) User=0.09s Sys=0.00s Real=0.00s
[1907.907s][info][gc,start       ] GC(1317) Pause Young (Allocation Failure)
[1907.910s][info][gc,heap        ] GC(1317) PSYoungGen: 687986K->5142K(691200K)
[1907.910s][info][gc,heap        ] GC(1317) PSOldGen: 221321K->223204K(1398272K)
[1907.910s][info][gc,metaspace   ] GC(1317) Metaspace: 91628K(98736K)->91628K(98736K) NonClass: 80043K(83888K)->80043K(83888K) Class: 11584K(14848K)->11584K(14848K)
[1907.910s][info][gc             ] GC(1317) Pause Young (Allocation Failure) 887M->222M(2040M) 3.403ms
[1907.911s][info][gc,cpu         ] GC(1317) User=0.02s Sys=0.00s Real=0.00s
[1908.675s][info][gc,start       ] GC(1318) Pause Young (Allocation Failure)
[1908.678s][info][gc,heap        ] GC(1318) PSYoungGen: 688662K->3419K(691712K)
[1908.678s][info][gc,heap        ] GC(1318) PSOldGen: 223204K->225523K(1398272K)
[1908.678s][info][gc,metaspace   ] GC(1318) Metaspace: 91628K(98736K)->91628K(98736K) NonClass: 80043K(83888K)->80043K(83888K) Class: 11584K(14848K)->11584K(14848K)
[1908.678s][info][gc             ] GC(1318) Pause Young (Allocation Failure) 890M->223M(2041M) 2.681ms
[1908.678s][info][gc,cpu         ] GC(1318) User=0.00s Sys=0.00s Real=0.00s
[1911.120s][info][gc,start       ] GC(1319) Pause Young (Allocation Failure)
[1911.123s][info][gc,heap        ] GC(1319) PSYoungGen: 687451K->2274K(691200K)
[1911.123s][info][gc,heap        ] GC(1319) PSOldGen: 225523K->227695K(1398272K)
[1911.123s][info][gc,metaspace   ] GC(1319) Metaspace: 91628K(98736K)->91628K(98736K) NonClass: 80043K(83888K)->80043K(83888K) Class: 11584K(14848K)->11584K(14848K)
[1911.123s][info][gc             ] GC(1319) Pause Young (Allocation Failure) 891M->224M(2040M) 2.651ms
[1911.123s][info][gc,cpu         ] GC(1319) User=0.00s Sys=0.00s Real=0.00s
[1913.307s][info][gc,start       ] GC(1320) Pause Young (Allocation Failure)
[1913.310s][info][gc,heap        ] GC(1320) PSYoungGen: 686306K->3639K(691712K)
[1913.310s][info][gc,heap        ] GC(1320) PSOldGen: 227695K->229424K(1398272K)
[1913.310s][info][gc,metaspace   ] GC(1320) Metaspace: 91628K(98736K)->91628K(98736K) NonClass: 80043K(83888K)->80043K(83888K) Class: 11584K(14848K)->11584K(14848K)
[1913.310s][info][gc             ] GC(1320) Pause Young (Allocation Failure) 892M->227M(2041M) 2.882ms
[1913.310s][info][gc,cpu         ] GC(1320) User=0.00s Sys=0.00s Real=0.00s
[1913.928s][info][gc,start       ] GC(1321) Pause Young (Allocation Failure)
[1913.931s][info][gc,heap        ] GC(1321) PSYoungGen: 687667K->5111K(691712K)
[1913.931s][info][gc,heap        ] GC(1321) PSOldGen: 229424K->235298K(1398272K)
[1913.931s][info][gc,metaspace   ] GC(1321) Metaspace: 91628K(98736K)->91628K(98736K) NonClass: 80043K(83888K)->80043K(83888K) Class: 11584K(14848K)->11584K(14848K)
[1913.931s][info][gc             ] GC(1321) Pause Young (Allocation Failure) 895M->234M(2041M) 3.672ms
[1913.931s][info][gc,cpu         ] GC(1321) User=0.00s Sys=0.00s Real=0.00s
[1915.749s][info][gc,start       ] GC(1322) Pause Young (Allocation Failure)
[1915.752s][info][gc,heap        ] GC(1322) PSYoungGen: 689655K->2777K(691712K)
[1915.752s][info][gc,heap        ] GC(1322) PSOldGen: 235298K->237742K(1398272K)
[1915.752s][info][gc,metaspace   ] GC(1322) Metaspace: 91628K(98736K)->91628K(98736K) NonClass: 80043K(83888K)->80043K(83888K) Class: 11584K(14848K)->11584K(14848K)
[1915.752s][info][gc             ] GC(1322) Pause Young (Allocation Failure) 903M->234M(2041M) 2.840ms
[1915.752s][info][gc,cpu         ] GC(1322) User=0.09s Sys=0.00s Real=0.00s
[1917.999s][info][gc,start       ] GC(1323) Pause Young (GCLocker Initiated GC)
[1918.001s][info][gc,heap        ] GC(1323) PSYoungGen: 687321K->4328K(691712K)
[1918.001s][info][gc,heap        ] GC(1323) PSOldGen: 237748K->239564K(1398272K)
[1918.001s][info][gc,metaspace   ] GC(1323) Metaspace: 91628K(98736K)->91628K(98736K) NonClass: 80043K(83888K)->80043K(83888K) Class: 11584K(14848K)->11584K(14848K)
[1918.001s][info][gc             ] GC(1323) Pause Young (GCLocker Initiated GC) 903M->238M(2041M) 2.860ms
[1918.002s][info][gc,cpu         ] GC(1323) User=0.00s Sys=0.02s Real=0.00s
[1919.615s][info][gc,start       ] GC(1324) Pause Young (Allocation Failure)
[1919.620s][info][gc,heap        ] GC(1324) PSYoungGen: 688872K->3060K(692224K)
[1919.620s][info][gc,heap        ] GC(1324) PSOldGen: 241647K->243986K(1398272K)
[1919.620s][info][gc,metaspace   ] GC(1324) Metaspace: 91628K(98736K)->91628K(98736K) NonClass: 80043K(83888K)->80043K(83888K) Class: 11584K(14848K)->11584K(14848K)
[1919.620s][info][gc             ] GC(1324) Pause Young (Allocation Failure) 908M->241M(2041M) 4.357ms
[1919.620s][info][gc,cpu         ] GC(1324) User=0.00s Sys=0.00s Real=0.00s
[1920.367s][info][gc,start       ] GC(1325) Pause Young (Allocation Failure)
[1920.370s][info][gc,heap        ] GC(1325) PSYoungGen: 688116K->3536K(691712K)
[1920.370s][info][gc,heap        ] GC(1325) PSOldGen: 243986K->246133K(1398272K)
[1920.370s][info][gc,metaspace   ] GC(1325) Metaspace: 91628K(98736K)->91628K(98736K) NonClass: 80043K(83888K)->80043K(83888K) Class: 11584K(14848K)->11584K(14848K)
[1920.370s][info][gc             ] GC(1325) Pause Young (Allocation Failure) 910M->243M(2041M) 3.022ms
[1920.370s][info][gc,cpu         ] GC(1325) User=0.00s Sys=0.00s Real=0.00s
[1922.561s][info][gc,start       ] GC(1326) Pause Young (Allocation Failure)
[1922.564s][info][gc,heap        ] GC(1326) PSYoungGen: 688592K->3859K(692736K)
[1922.564s][info][gc,heap        ] GC(1326) PSOldGen: 246133K->249099K(1398272K)
[1922.564s][info][gc,metaspace   ] GC(1326) Metaspace: 91628K(98736K)->91628K(98736K) NonClass: 80043K(83888K)->80043K(83888K) Class: 11584K(14848K)->11584K(14848K)
[1922.564s][info][gc             ] GC(1326) Pause Young (Allocation Failure) 912M->247M(2042M) 3.342ms
[1922.564s][info][gc,cpu         ] GC(1326) User=0.02s Sys=0.00s Real=0.01s
[1923.216s][info][gc,start       ] GC(1327) Pause Young (Allocation Failure)
[1923.219s][info][gc,heap        ] GC(1327) PSYoungGen: 689939K->4021K(692224K)
[1923.219s][info][gc,heap        ] GC(1327) PSOldGen: 249099K->251718K(1398272K)
[1923.219s][info][gc,metaspace   ] GC(1327) Metaspace: 91628K(98736K)->91628K(98736K) NonClass: 80043K(83888K)->80043K(83888K) Class: 11584K(14848K)->11584K(14848K)
[1923.219s][info][gc             ] GC(1327) Pause Young (Allocation Failure) 917M->249M(2041M) 2.876ms
[1923.219s][info][gc,cpu         ] GC(1327) User=0.00s Sys=0.00s Real=0.00s
[1925.438s][info][gc,start       ] GC(1328) Pause Young (Allocation Failure)
[1925.440s][info][gc,heap        ] GC(1328) PSYoungGen: 688308K->2558K(692736K)
[1925.440s][info][gc,heap        ] GC(1328) PSOldGen: 251718K->253791K(1398272K)
[1925.440s][info][gc,metaspace   ] GC(1328) Metaspace: 91628K(98736K)->91628K(98736K) NonClass: 80043K(83888K)->80043K(83888K) Class: 11584K(14848K)->11584K(14848K)
[1925.440s][info][gc             ] GC(1328) Pause Young (Allocation Failure) 917M->250M(2042M) 2.502ms
[1925.440s][info][gc,cpu         ] GC(1328) User=0.09s Sys=0.00s Real=0.00s
[1926.337s][info][gc,start       ] GC(1329) Pause Young (Allocation Failure)
[1926.341s][info][gc,heap        ] GC(1329) PSYoungGen: 687675K->3512K(692736K)
[1926.341s][info][gc,heap        ] GC(1329) PSOldGen: 253791K->255754K(1398272K)
[1926.341s][info][gc,metaspace   ] GC(1329) Metaspace: 91628K(98736K)->91628K(98736K) NonClass: 80043K(83888K)->80043K(83888K) Class: 11584K(14848K)->11584K(14848K)
[1926.341s][info][gc             ] GC(1329) Pause Young (Allocation Failure) 919M->253M(2042M) 4.132ms
[1926.341s][info][gc,cpu         ] GC(1329) User=0.00s Sys=0.00s Real=0.01s
[1927.666s][info][gc,start       ] GC(1330) Pause Young (Allocation Failure)
[1927.669s][info][gc,heap        ] GC(1330) PSYoungGen: 690104K->3524K(693248K)
[1927.669s][info][gc,heap        ] GC(1330) PSOldGen: 255754K->258221K(1398272K)
[1927.669s][info][gc,metaspace   ] GC(1330) Metaspace: 91628K(98736K)->91628K(98736K) NonClass: 80043K(83888K)->80043K(83888K) Class: 11584K(14848K)->11584K(14848K)
[1927.669s][info][gc             ] GC(1330) Pause Young (Allocation Failure) 923M->255M(2042M) 3.336ms
[1927.669s][info][gc,cpu         ] GC(1330) User=0.00s Sys=0.00s Real=0.00s
[1929.376s][info][gc,start       ] GC(1331) Pause Young (Allocation Failure)
[1929.380s][info][gc,heap        ] GC(1331) PSYoungGen: 690628K->5600K(692736K)
[1929.380s][info][gc,heap        ] GC(1331) PSOldGen: 258221K->261807K(1398272K)
[1929.380s][info][gc,metaspace   ] GC(1331) Metaspace: 91628K(98736K)->91628K(98736K) NonClass: 80043K(83888K)->80043K(83888K) Class: 11584K(14848K)->11584K(14848K)
[1929.380s][info][gc             ] GC(1331) Pause Young (Allocation Failure) 926M->261M(2042M) 4.219ms
[1929.380s][info][gc,cpu         ] GC(1331) User=0.08s Sys=0.02s Real=0.00s
[1930.115s][info][gc,start       ] GC(1332) Pause Young (Allocation Failure)
[1930.120s][info][gc,heap        ] GC(1332) PSYoungGen: 692704K->3861K(690688K)
[1930.120s][info][gc,heap        ] GC(1332) PSOldGen: 261807K->266105K(1398272K)
[1930.120s][info][gc,metaspace   ] GC(1332) Metaspace: 91628K(98736K)->91628K(98736K) NonClass: 80043K(83888K)->80043K(83888K) Class: 11584K(14848K)->11584K(14848K)
[1930.120s][info][gc             ] GC(1332) Pause Young (Allocation Failure) 932M->263M(2040M) 4.273ms
[1930.120s][info][gc,cpu         ] GC(1332) User=0.00s Sys=0.00s Real=0.01s
[1932.430s][info][gc,start       ] GC(1333) Pause Young (Allocation Failure)
[1932.433s][info][gc,heap        ] GC(1333) PSYoungGen: 687563K->4044K(691712K)
[1932.433s][info][gc,heap        ] GC(1333) PSOldGen: 266105K->269511K(1398272K)
[1932.433s][info][gc,metaspace   ] GC(1333) Metaspace: 91628K(98736K)->91628K(98736K) NonClass: 80043K(83888K)->80043K(83888K) Class: 11584K(14848K)->11584K(14848K)
[1932.433s][info][gc             ] GC(1333) Pause Young (Allocation Failure) 931M->267M(2041M) 3.544ms
[1932.433s][info][gc,cpu         ] GC(1333) User=0.00s Sys=0.00s Real=0.00s
[1933.273s][info][gc,start       ] GC(1334) Pause Young (Allocation Failure)
[1933.276s][info][gc,heap        ] GC(1334) PSYoungGen: 688588K->4256K(692224K)
[1933.276s][info][gc,heap        ] GC(1334) PSOldGen: 269511K->271757K(1398272K)
[1933.276s][info][gc,metaspace   ] GC(1334) Metaspace: 91628K(98736K)->91628K(98736K) NonClass: 80043K(83888K)->80043K(83888K) Class: 11584K(14848K)->11584K(14848K)
[1933.276s][info][gc             ] GC(1334) Pause Young (Allocation Failure) 935M->269M(2041M) 3.089ms
[1933.276s][info][gc,cpu         ] GC(1334) User=0.00s Sys=0.00s Real=0.00s
[1933.281s][info][gc,start       ] GC(1335) Pause Young (System.gc())
[1933.283s][info][gc,heap        ] GC(1335) PSYoungGen: 19214K->192K(691712K)
[1933.283s][info][gc,heap        ] GC(1335) PSOldGen: 271757K->273072K(1398272K)
[1933.283s][info][gc,metaspace   ] GC(1335) Metaspace: 91628K(98736K)->91628K(98736K) NonClass: 80043K(83888K)->80043K(83888K) Class: 11584K(14848K)->11584K(14848K)
[1933.283s][info][gc             ] GC(1335) Pause Young (System.gc()) 284M->266M(2041M) 1.872ms
[1933.283s][info][gc,cpu         ] GC(1335) User=0.00s Sys=0.00s Real=0.00s
[1933.283s][info][gc,start       ] GC(1336) Pause Full (System.gc())
[1933.284s][info][gc,phases,start] GC(1336) Phase 1: Mark live objects
[1933.363s][info][gc,phases      ] GC(1336) Phase 1: Mark live objects 78.747ms
[1933.363s][info][gc,phases,start] GC(1336) Phase 2: Compute new object addresses
[1933.378s][info][gc,phases      ] GC(1336) Phase 2: Compute new object addresses 15.063ms
[1933.378s][info][gc,phases,start] GC(1336) Phase 3: Adjust pointers
[1933.415s][info][gc,phases      ] GC(1336) Phase 3: Adjust pointers 36.935ms
[1933.415s][info][gc,phases,start] GC(1336) Phase 4: Move objects
[1933.432s][info][gc,phases      ] GC(1336) Phase 4: Move objects 17.057ms
[1933.436s][info][gc,heap        ] GC(1336) PSYoungGen: 192K->0K(691712K)
[1933.436s][info][gc,heap        ] GC(1336) PSOldGen: 273072K->80864K(1398272K)
[1933.436s][info][gc,metaspace   ] GC(1336) Metaspace: 91628K(98736K)->90857K(98736K) NonClass: 80043K(83888K)->79478K(83888K) Class: 11584K(14848K)->11378K(14848K)
[1933.436s][info][gc             ] GC(1336) Pause Full (System.gc()) 266M->78M(2041M) 152.903ms
[1933.436s][info][gc,cpu         ] GC(1336) User=0.16s Sys=0.00s Real=0.16s
[1934.354s][info][gc,start       ] GC(1337) Pause Young (Allocation Failure)
[1934.357s][info][gc,heap        ] GC(1337) PSYoungGen: 685056K->3718K(691712K)
[1934.357s][info][gc,heap        ] GC(1337) PSOldGen: 80864K->80864K(1398272K)
[1934.357s][info][gc,metaspace   ] GC(1337) Metaspace: 90857K(98736K)->90857K(98736K) NonClass: 79478K(83888K)->79478K(83888K) Class: 11378K(14848K)->11378K(14848K)
[1934.357s][info][gc             ] GC(1337) Pause Young (Allocation Failure) 747M->82M(2041M) 2.752ms
[1934.357s][info][gc,cpu         ] GC(1337) User=0.00s Sys=0.00s Real=0.02s
[1936.741s][info][gc,start       ] GC(1338) Pause Young (Allocation Failure)
[1936.744s][info][gc,heap        ] GC(1338) PSYoungGen: 688262K->2165K(691712K)
[1936.744s][info][gc,heap        ] GC(1338) PSOldGen: 80864K->83444K(1398272K)
[1936.744s][info][gc,metaspace   ] GC(1338) Metaspace: 90857K(98736K)->90857K(98736K) NonClass: 79478K(83888K)->79478K(83888K) Class: 11378K(14848K)->11378K(14848K)
[1936.744s][info][gc             ] GC(1338) Pause Young (Allocation Failure) 751M->83M(2041M) 2.764ms
[1936.744s][info][gc,cpu         ] GC(1338) User=0.00s Sys=0.00s Real=0.01s
[1938.859s][info][gc,start       ] GC(1339) Pause Young (Allocation Failure)
[1938.861s][info][gc,heap        ] GC(1339) PSYoungGen: 686544K->2124K(692224K)
[1938.861s][info][gc,heap        ] GC(1339) PSOldGen: 83444K->84950K(1398272K)
[1938.861s][info][gc,metaspace   ] GC(1339) Metaspace: 90857K(98736K)->90857K(98736K) NonClass: 79478K(83888K)->79478K(83888K) Class: 11378K(14848K)->11378K(14848K)
[1938.861s][info][gc             ] GC(1339) Pause Young (Allocation Failure) 751M->85M(2041M) 2.604ms
[1938.861s][info][gc,cpu         ] GC(1339) User=0.05s Sys=0.00s Real=0.00s
[1939.478s][info][gc,start       ] GC(1340) Pause Young (Allocation Failure)
[1939.481s][info][gc,heap        ] GC(1340) PSYoungGen: 685170K->5270K(691712K)
[1939.481s][info][gc,heap        ] GC(1340) PSOldGen: 84950K->94572K(1398272K)
[1939.481s][info][gc,metaspace   ] GC(1340) Metaspace: 90857K(98736K)->90857K(98736K) NonClass: 79478K(83888K)->79478K(83888K) Class: 11378K(14848K)->11378K(14848K)
[1939.481s][info][gc             ] GC(1340) Pause Young (Allocation Failure) 752M->97M(2041M) 3.554ms
[1939.481s][info][gc,cpu         ] GC(1340) User=0.00s Sys=0.00s Real=0.00s
[1941.158s][info][gc,start       ] GC(1341) Pause Young (Allocation Failure)
[1941.160s][info][gc,heap        ] GC(1341) PSYoungGen: 687881K->2837K(691712K)
[1941.160s][info][gc,heap        ] GC(1341) PSOldGen: 94572K->97342K(1398272K)
[1941.160s][info][gc,metaspace   ] GC(1341) Metaspace: 90857K(98736K)->90857K(98736K) NonClass: 79478K(83888K)->79478K(83888K) Class: 11378K(14848K)->11378K(14848K)
[1941.160s][info][gc             ] GC(1341) Pause Young (Allocation Failure) 764M->97M(2041M) 2.364ms
[1941.160s][info][gc,cpu         ] GC(1341) User=0.00s Sys=0.00s Real=0.00s
[1943.536s][info][gc,start       ] GC(1342) Pause Young (Allocation Failure)
[1943.538s][info][gc,heap        ] GC(1342) PSYoungGen: 685644K->2449K(691712K)
[1943.538s][info][gc,heap        ] GC(1342) PSOldGen: 97342K->99100K(1398272K)
[1943.538s][info][gc,metaspace   ] GC(1342) Metaspace: 90862K(98736K)->90862K(98736K) NonClass: 79484K(83888K)->79484K(83888K) Class: 11378K(14848K)->11378K(14848K)
[1943.538s][info][gc             ] GC(1342) Pause Young (Allocation Failure) 764M->99M(2041M) 2.211ms
[1943.538s][info][gc,cpu         ] GC(1342) User=0.00s Sys=0.00s Real=0.00s
[1945.142s][info][gc,start       ] GC(1343) Pause Young (Allocation Failure)
[1945.145s][info][gc,heap        ] GC(1343) PSYoungGen: 685576K->2691K(692224K)
[1945.145s][info][gc,heap        ] GC(1343) PSOldGen: 99100K->100975K(1398272K)
[1945.145s][info][gc,metaspace   ] GC(1343) Metaspace: 90862K(98736K)->90862K(98736K) NonClass: 79484K(83888K)->79484K(83888K) Class: 11378K(14848K)->11378K(14848K)
[1945.145s][info][gc             ] GC(1343) Pause Young (Allocation Failure) 766M->101M(2041M) 2.752ms
[1945.145s][info][gc,cpu         ] GC(1343) User=0.00s Sys=0.00s Real=0.00s
[1945.898s][info][gc,start       ] GC(1344) Pause Young (Allocation Failure)
[1945.901s][info][gc,heap        ] GC(1344) PSYoungGen: 688259K->3499K(692224K)
[1945.901s][info][gc,heap        ] GC(1344) PSOldGen: 100975K->103104K(1398272K)
[1945.901s][info][gc,metaspace   ] GC(1344) Metaspace: 90862K(98736K)->90862K(98736K) NonClass: 79484K(83888K)->79484K(83888K) Class: 11378K(14848K)->11378K(14848K)
[1945.901s][info][gc             ] GC(1344) Pause Young (Allocation Failure) 770M->104M(2041M) 2.786ms
[1945.901s][info][gc,cpu         ] GC(1344) User=0.00s Sys=0.00s Real=0.00s
[1948.343s][info][gc,start       ] GC(1345) Pause Young (Allocation Failure)
[1948.345s][info][gc,heap        ] GC(1345) PSYoungGen: 689067K->2377K(692736K)
[1948.345s][info][gc,heap        ] GC(1345) PSOldGen: 103104K->105377K(1398272K)
[1948.345s][info][gc,metaspace   ] GC(1345) Metaspace: 90862K(98736K)->90862K(98736K) NonClass: 79484K(83888K)->79484K(83888K) Class: 11378K(14848K)->11378K(14848K)
[1948.345s][info][gc             ] GC(1345) Pause Young (Allocation Failure) 773M->105M(2042M) 2.426ms
[1948.345s][info][gc,cpu         ] GC(1345) User=0.08s Sys=0.00s Real=0.00s
[1950.568s][info][gc,start       ] GC(1346) Pause Young (Allocation Failure)
[1950.571s][info][gc,heap        ] GC(1346) PSYoungGen: 688044K->3466K(692224K)
[1950.571s][info][gc,heap        ] GC(1346) PSOldGen: 105377K->106981K(1398272K)
[1950.571s][info][gc,metaspace   ] GC(1346) Metaspace: 90862K(98736K)->90862K(98736K) NonClass: 79484K(83888K)->79484K(83888K) Class: 11378K(14848K)->11378K(14848K)
[1950.571s][info][gc             ] GC(1346) Pause Young (Allocation Failure) 774M->107M(2041M) 2.479ms
[1950.571s][info][gc,cpu         ] GC(1346) User=0.00s Sys=0.00s Real=0.00s
[1951.198s][info][gc,start       ] GC(1347) Pause Young (Allocation Failure)
[1951.201s][info][gc,heap        ] GC(1347) PSYoungGen: 689546K->5284K(691712K)
[1951.201s][info][gc,heap        ] GC(1347) PSOldGen: 106981K->116737K(1398272K)
[1951.201s][info][gc,metaspace   ] GC(1347) Metaspace: 90862K(98736K)->90862K(98736K) NonClass: 79484K(83888K)->79484K(83888K) Class: 11378K(14848K)->11378K(14848K)
[1951.201s][info][gc             ] GC(1347) Pause Young (Allocation Failure) 777M->119M(2041M) 3.665ms
[1951.201s][info][gc,cpu         ] GC(1347) User=0.00s Sys=0.00s Real=0.00s
[1952.928s][info][gc,start       ] GC(1348) Pause Young (Allocation Failure)
[1952.932s][info][gc,heap        ] GC(1348) PSYoungGen: 690852K->3050K(692224K)
[1952.932s][info][gc,heap        ] GC(1348) PSOldGen: 116737K->119679K(1398272K)
[1952.932s][info][gc,metaspace   ] GC(1348) Metaspace: 90862K(98736K)->90862K(98736K) NonClass: 79484K(83888K)->79484K(83888K) Class: 11378K(14848K)->11378K(14848K)
[1952.932s][info][gc             ] GC(1348) Pause Young (Allocation Failure) 788M->119M(2041M) 3.980ms
[1952.932s][info][gc,cpu         ] GC(1348) User=0.00s Sys=0.00s Real=0.00s
[1955.171s][info][gc,start       ] GC(1349) Pause Young (Allocation Failure)
[1955.173s][info][gc,heap        ] GC(1349) PSYoungGen: 688618K->3101K(692736K)
[1955.173s][info][gc,heap        ] GC(1349) PSOldGen: 119679K->121404K(1398272K)
[1955.173s][info][gc,metaspace   ] GC(1349) Metaspace: 90862K(98736K)->90862K(98736K) NonClass: 79484K(83888K)->79484K(83888K) Class: 11378K(14848K)->11378K(14848K)
[1955.173s][info][gc             ] GC(1349) Pause Young (Allocation Failure) 789M->121M(2042M) 2.563ms
[1955.173s][info][gc,cpu         ] GC(1349) User=0.00s Sys=0.00s Real=0.01s
[1956.855s][info][gc,start       ] GC(1350) Pause Young (Allocation Failure)
[1956.858s][info][gc,heap        ] GC(1350) PSYoungGen: 689693K->2754K(692736K)
[1956.858s][info][gc,heap        ] GC(1350) PSOldGen: 121404K->123260K(1398272K)
[1956.858s][info][gc,metaspace   ] GC(1350) Metaspace: 90862K(98736K)->90862K(98736K) NonClass: 79484K(83888K)->79484K(83888K) Class: 11378K(14848K)->11378K(14848K)
[1956.858s][info][gc             ] GC(1350) Pause Young (Allocation Failure) 792M->123M(2042M) 2.885ms
[1956.858s][info][gc,cpu         ] GC(1350) User=0.00s Sys=0.00s Real=0.01s
[1957.623s][info][gc,start       ] GC(1351) Pause Young (Allocation Failure)
[1957.625s][info][gc,heap        ] GC(1351) PSYoungGen: 689346K->3216K(693248K)
[1957.625s][info][gc,heap        ] GC(1351) PSOldGen: 123260K->125215K(1398272K)
[1957.625s][info][gc,metaspace   ] GC(1351) Metaspace: 90862K(98736K)->90862K(98736K) NonClass: 79484K(83888K)->79484K(83888K) Class: 11378K(14848K)->11378K(14848K)
[1957.625s][info][gc             ] GC(1351) Pause Young (Allocation Failure) 793M->125M(2042M) 2.639ms
[1957.625s][info][gc,cpu         ] GC(1351) User=0.00s Sys=0.00s Real=0.00s
[1959.767s][info][gc,start       ] GC(1352) Pause Young (Allocation Failure)
[1959.770s][info][gc,heap        ] GC(1352) PSYoungGen: 689016K->3417K(692736K)
[1959.770s][info][gc,heap        ] GC(1352) PSOldGen: 125215K->128126K(1398272K)
[1959.770s][info][gc,metaspace   ] GC(1352) Metaspace: 90862K(98736K)->90862K(98736K) NonClass: 79484K(83888K)->79484K(83888K) Class: 11378K(14848K)->11378K(14848K)
[1959.770s][info][gc             ] GC(1352) Pause Young (Allocation Failure) 795M->128M(2042M) 2.840ms
[1959.770s][info][gc,cpu         ] GC(1352) User=0.00s Sys=0.00s Real=0.00s
[1960.422s][info][gc,start       ] GC(1353) Pause Young (Allocation Failure)
[1960.425s][info][gc,heap        ] GC(1353) PSYoungGen: 689398K->2806K(693248K)
[1960.425s][info][gc,heap        ] GC(1353) PSOldGen: 128126K->130570K(1398272K)
[1960.425s][info][gc,metaspace   ] GC(1353) Metaspace: 90862K(98736K)->90862K(98736K) NonClass: 79484K(83888K)->79484K(83888K) Class: 11378K(14848K)->11378K(14848K)
[1960.425s][info][gc             ] GC(1353) Pause Young (Allocation Failure) 798M->130M(2042M) 2.901ms
[1960.425s][info][gc,cpu         ] GC(1353) User=0.06s Sys=0.02s Real=0.00s
[1962.618s][info][gc,start       ] GC(1354) Pause Young (Allocation Failure)
[1962.621s][info][gc,heap        ] GC(1354) PSYoungGen: 689975K->3099K(693248K)
[1962.621s][info][gc,heap        ] GC(1354) PSOldGen: 130570K->132156K(1398272K)
[1962.621s][info][gc,metaspace   ] GC(1354) Metaspace: 90862K(98736K)->90862K(98736K) NonClass: 79484K(83888K)->79484K(83888K) Class: 11378K(14848K)->11378K(14848K)
[1962.621s][info][gc             ] GC(1354) Pause Young (Allocation Failure) 801M->132M(2042M) 2.750ms
[1962.621s][info][gc,cpu         ] GC(1354) User=0.00s Sys=0.00s Real=0.00s
[1963.621s][info][gc,start       ] GC(1355) Pause Young (Allocation Failure)
[1963.625s][info][gc,heap        ] GC(1355) PSYoungGen: 687522K->4301K(692736K)
[1963.625s][info][gc,heap        ] GC(1355) PSOldGen: 132156K->134511K(1398272K)
[1963.625s][info][gc,metaspace   ] GC(1355) Metaspace: 90862K(98736K)->90862K(98736K) NonClass: 79484K(83888K)->79484K(83888K) Class: 11378K(14848K)->11378K(14848K)
[1963.625s][info][gc             ] GC(1355) Pause Young (Allocation Failure) 800M->135M(2042M) 4.111ms
[1963.625s][info][gc,cpu         ] GC(1355) User=0.00s Sys=0.00s Real=0.00s
[1964.800s][info][gc,start       ] GC(1356) Pause Young (Allocation Failure)
[1964.803s][info][gc,heap        ] GC(1356) PSYoungGen: 691917K->3664K(693248K)
[1964.803s][info][gc,heap        ] GC(1356) PSOldGen: 134511K->137061K(1398272K)
[1964.803s][info][gc,metaspace   ] GC(1356) Metaspace: 90862K(98736K)->90862K(98736K) NonClass: 79484K(83888K)->79484K(83888K) Class: 11378K(14848K)->11378K(14848K)
[1964.803s][info][gc             ] GC(1356) Pause Young (Allocation Failure) 807M->137M(2042M) 2.786ms
[1964.803s][info][gc,cpu         ] GC(1356) User=0.00s Sys=0.00s Real=0.00s
[1966.670s][info][gc,start       ] GC(1357) Pause Young (Allocation Failure)
[1966.673s][info][gc,heap        ] GC(1357) PSYoungGen: 691280K->4035K(693248K)
[1966.673s][info][gc,heap        ] GC(1357) PSOldGen: 137061K->139777K(1398272K)
[1966.673s][info][gc,metaspace   ] GC(1357) Metaspace: 90862K(98736K)->90862K(98736K) NonClass: 79484K(83888K)->79484K(83888K) Class: 11378K(14848K)->11378K(14848K)
[1966.673s][info][gc             ] GC(1357) Pause Young (Allocation Failure) 808M->140M(2042M) 3.124ms
[1966.673s][info][gc,cpu         ] GC(1357) User=0.00s Sys=0.00s Real=0.00s
[1967.407s][info][gc,start       ] GC(1358) Pause Young (Allocation Failure)
[1967.410s][info][gc,heap        ] GC(1358) PSYoungGen: 691651K->3101K(693248K)
[1967.410s][info][gc,heap        ] GC(1358) PSOldGen: 139777K->142126K(1398272K)
[1967.410s][info][gc,metaspace   ] GC(1358) Metaspace: 90862K(98736K)->90862K(98736K) NonClass: 79484K(83888K)->79484K(83888K) Class: 11378K(14848K)->11378K(14848K)
[1967.410s][info][gc             ] GC(1358) Pause Young (Allocation Failure) 811M->141M(2042M) 2.921ms
[1967.410s][info][gc,cpu         ] GC(1358) User=0.08s Sys=0.02s Real=0.00s
[1969.740s][info][gc,start       ] GC(1359) Pause Young (Allocation Failure)
[1969.743s][info][gc,heap        ] GC(1359) PSYoungGen: 690717K->3212K(693760K)
[1969.743s][info][gc,heap        ] GC(1359) PSOldGen: 142126K->144797K(1398272K)
[1969.743s][info][gc,metaspace   ] GC(1359) Metaspace: 90862K(98736K)->90862K(98736K) NonClass: 79484K(83888K)->79484K(83888K) Class: 11378K(14848K)->11378K(14848K)
[1969.743s][info][gc             ] GC(1359) Pause Young (Allocation Failure) 813M->144M(2043M) 2.752ms
[1969.743s][info][gc,cpu         ] GC(1359) User=0.00s Sys=0.00s Real=0.00s
[1970.587s][info][gc,start       ] GC(1360) Pause Young (Allocation Failure)
[1970.591s][info][gc,heap        ] GC(1360) PSYoungGen: 691340K->3487K(693248K)
[1970.591s][info][gc,heap        ] GC(1360) PSOldGen: 144797K->146327K(1398272K)
[1970.591s][info][gc,metaspace   ] GC(1360) Metaspace: 90862K(98736K)->90862K(98736K) NonClass: 79484K(83888K)->79484K(83888K) Class: 11378K(14848K)->11378K(14848K)
[1970.591s][info][gc             ] GC(1360) Pause Young (Allocation Failure) 816M->146M(2042M) 3.718ms
[1970.591s][info][gc,cpu         ] GC(1360) User=0.00s Sys=0.00s Real=0.00s
[1970.612s][info][gc,start       ] GC(1361) Pause Young (System.gc())
[1970.615s][info][gc,heap        ] GC(1361) PSYoungGen: 46605K->160K(692736K)
[1970.615s][info][gc,heap        ] GC(1361) PSOldGen: 146327K->148349K(1398272K)
[1970.615s][info][gc,metaspace   ] GC(1361) Metaspace: 90862K(98736K)->90862K(98736K) NonClass: 79484K(83888K)->79484K(83888K) Class: 11378K(14848K)->11378K(14848K)
[1970.615s][info][gc             ] GC(1361) Pause Young (System.gc()) 188M->145M(2042M) 2.825ms
[1970.615s][info][gc,cpu         ] GC(1361) User=0.00s Sys=0.00s Real=0.00s
[1970.615s][info][gc,start       ] GC(1362) Pause Full (System.gc())
[1970.619s][info][gc,phases,start] GC(1362) Phase 1: Mark live objects
[1970.676s][info][gc,phases      ] GC(1362) Phase 1: Mark live objects 56.577ms
[1970.676s][info][gc,phases,start] GC(1362) Phase 2: Compute new object addresses
[1970.689s][info][gc,phases      ] GC(1362) Phase 2: Compute new object addresses 13.502ms
[1970.689s][info][gc,phases,start] GC(1362) Phase 3: Adjust pointers
[1970.724s][info][gc,phases      ] GC(1362) Phase 3: Adjust pointers 34.453ms
[1970.724s][info][gc,phases,start] GC(1362) Phase 4: Move objects
[1970.724s][info][gc,phases      ] GC(1362) Phase 4: Move objects 0.025ms
[1970.726s][info][gc,heap        ] GC(1362) PSYoungGen: 160K->0K(692736K)
[1970.726s][info][gc,heap        ] GC(1362) PSOldGen: 148349K->148386K(1398272K)
[1970.726s][info][gc,metaspace   ] GC(1362) Metaspace: 90862K(98736K)->90862K(98736K) NonClass: 79484K(83888K)->79484K(83888K) Class: 11378K(14848K)->11378K(14848K)
[1970.726s][info][gc             ] GC(1362) Pause Full (System.gc()) 145M->144M(2042M) 111.114ms
[1970.726s][info][gc,cpu         ] GC(1362) User=0.11s Sys=0.00s Real=0.11s
[1971.658s][info][gc,start       ] GC(1363) Pause Young (Allocation Failure)
[1971.661s][info][gc,heap        ] GC(1363) PSYoungGen: 687616K->3678K(693248K)
[1971.661s][info][gc,heap        ] GC(1363) PSOldGen: 148386K->148386K(1398272K)
[1971.661s][info][gc,metaspace   ] GC(1363) Metaspace: 90862K(98736K)->90862K(98736K) NonClass: 79484K(83888K)->79484K(83888K) Class: 11378K(14848K)->11378K(14848K)
[1971.661s][info][gc             ] GC(1363) Pause Young (Allocation Failure) 816M->148M(2042M) 2.526ms
[1971.661s][info][gc,cpu         ] GC(1363) User=0.00s Sys=0.00s Real=0.01s
[1974.058s][info][gc,start       ] GC(1364) Pause Young (Allocation Failure)
[1974.061s][info][gc,heap        ] GC(1364) PSYoungGen: 691294K->2134K(693248K)
[1974.061s][info][gc,heap        ] GC(1364) PSOldGen: 148386K->150964K(1398272K)
[1974.061s][info][gc,metaspace   ] GC(1364) Metaspace: 90862K(98736K)->90862K(98736K) NonClass: 79484K(83888K)->79484K(83888K) Class: 11378K(14848K)->11378K(14848K)
[1974.061s][info][gc             ] GC(1364) Pause Young (Allocation Failure) 820M->149M(2042M) 2.804ms
[1974.061s][info][gc,cpu         ] GC(1364) User=0.00s Sys=0.00s Real=0.00s
[1976.155s][info][gc,start       ] GC(1365) Pause Young (Allocation Failure)
[1976.157s][info][gc,heap        ] GC(1365) PSYoungGen: 689750K->3043K(693248K)
[1976.158s][info][gc,heap        ] GC(1365) PSOldGen: 150964K->152517K(1398272K)
[1976.158s][info][gc,metaspace   ] GC(1365) Metaspace: 90862K(98736K)->90862K(98736K) NonClass: 79484K(83888K)->79484K(83888K) Class: 11378K(14848K)->11378K(14848K)
[1976.158s][info][gc             ] GC(1365) Pause Young (Allocation Failure) 821M->151M(2042M) 2.757ms
[1976.158s][info][gc,cpu         ] GC(1365) User=0.00s Sys=0.00s Real=0.00s
[1976.784s][info][gc,start       ] GC(1366) Pause Young (Allocation Failure)
[1976.788s][info][gc,heap        ] GC(1366) PSYoungGen: 689109K->5110K(682496K)
[1976.788s][info][gc,heap        ] GC(1366) PSOldGen: 152517K->166457K(1398272K)
[1976.788s][info][gc,metaspace   ] GC(1366) Metaspace: 90862K(98736K)->90862K(98736K) NonClass: 79484K(83888K)->79484K(83888K) Class: 11378K(14848K)->11378K(14848K)
[1976.788s][info][gc             ] GC(1366) Pause Young (Allocation Failure) 821M->167M(2032M) 3.715ms
[1976.788s][info][gc,cpu         ] GC(1366) User=0.00s Sys=0.00s Real=0.00s
[1978.463s][info][gc,start       ] GC(1367) Pause Young (Allocation Failure)
[1978.465s][info][gc,heap        ] GC(1367) PSYoungGen: 682486K->3209K(688128K)
[1978.465s][info][gc,heap        ] GC(1367) PSOldGen: 166457K->169150K(1398272K)
[1978.466s][info][gc,metaspace   ] GC(1367) Metaspace: 90862K(98736K)->90862K(98736K) NonClass: 79484K(83888K)->79484K(83888K) Class: 11378K(14848K)->11378K(14848K)
[1978.466s][info][gc             ] GC(1367) Pause Young (Allocation Failure) 829M->168M(2037M) 2.735ms
[1978.466s][info][gc,cpu         ] GC(1367) User=0.00s Sys=0.00s Real=0.01s
[1980.858s][info][gc,start       ] GC(1368) Pause Young (Allocation Failure)
[1980.861s][info][gc,heap        ] GC(1368) PSYoungGen: 678872K->2574K(688640K)
[1980.861s][info][gc,heap        ] GC(1368) PSOldGen: 169150K->170944K(1398272K)
[1980.861s][info][gc,metaspace   ] GC(1368) Metaspace: 90862K(98736K)->90862K(98736K) NonClass: 79484K(83888K)->79484K(83888K) Class: 11378K(14848K)->11378K(14848K)
[1980.861s][info][gc             ] GC(1368) Pause Young (Allocation Failure) 828M->169M(2038M) 2.562ms
[1980.861s][info][gc,cpu         ] GC(1368) User=0.00s Sys=0.00s Real=0.00s
[1982.433s][info][gc,start       ] GC(1369) Pause Young (Allocation Failure)
[1982.435s][info][gc,heap        ] GC(1369) PSYoungGen: 680462K->3201K(688128K)
[1982.435s][info][gc,heap        ] GC(1369) PSOldGen: 170944K->172804K(1398272K)
[1982.435s][info][gc,metaspace   ] GC(1369) Metaspace: 90862K(98736K)->90862K(98736K) NonClass: 79484K(83888K)->79484K(83888K) Class: 11378K(14848K)->11378K(14848K)
[1982.435s][info][gc             ] GC(1369) Pause Young (Allocation Failure) 831M->171M(2037M) 2.736ms
[1982.435s][info][gc,cpu         ] GC(1369) User=0.00s Sys=0.00s Real=0.01s
[1983.193s][info][gc,start       ] GC(1370) Pause Young (Allocation Failure)
[1983.195s][info][gc,heap        ] GC(1370) PSYoungGen: 681089K->3408K(689152K)
[1983.195s][info][gc,heap        ] GC(1370) PSOldGen: 172804K->175031K(1398272K)
[1983.195s][info][gc,metaspace   ] GC(1370) Metaspace: 90862K(98736K)->90862K(98736K) NonClass: 79484K(83888K)->79484K(83888K) Class: 11378K(14848K)->11378K(14848K)
[1983.195s][info][gc             ] GC(1370) Pause Young (Allocation Failure) 833M->174M(2038M) 2.608ms
[1983.195s][info][gc,cpu         ] GC(1370) User=0.00s Sys=0.00s Real=0.00s
[1985.656s][info][gc,start       ] GC(1371) Pause Young (Allocation Failure)
[1985.659s][info][gc,heap        ] GC(1371) PSYoungGen: 682320K->2390K(688640K)
[1985.659s][info][gc,heap        ] GC(1371) PSOldGen: 175031K->177457K(1398272K)
[1985.659s][info][gc,metaspace   ] GC(1371) Metaspace: 90862K(98736K)->90862K(98736K) NonClass: 79484K(83888K)->79484K(83888K) Class: 11378K(14848K)->11378K(14848K)
[1985.659s][info][gc             ] GC(1371) Pause Young (Allocation Failure) 837M->175M(2038M) 2.797ms
[1985.659s][info][gc,cpu         ] GC(1371) User=0.08s Sys=0.00s Real=0.00s
[1987.825s][info][gc,start       ] GC(1372) Pause Young (Allocation Failure)
[1987.828s][info][gc,heap        ] GC(1372) PSYoungGen: 681302K->2314K(689664K)
[1987.828s][info][gc,heap        ] GC(1372) PSOldGen: 177457K->179205K(1398272K)
[1987.828s][info][gc,metaspace   ] GC(1372) Metaspace: 90862K(98736K)->90862K(98736K) NonClass: 79484K(83888K)->79484K(83888K) Class: 11378K(14848K)->11378K(14848K)
[1987.828s][info][gc             ] GC(1372) Pause Young (Allocation Failure) 838M->177M(2039M) 2.501ms
[1987.828s][info][gc,cpu         ] GC(1372) User=0.00s Sys=0.00s Real=0.01s
[1988.495s][info][gc,start       ] GC(1373) Pause Young (Allocation Failure)
[1988.499s][info][gc,heap        ] GC(1373) PSYoungGen: 680929K->8867K(689664K)
[1988.499s][info][gc,heap        ] GC(1373) PSOldGen: 179205K->197073K(1398272K)
[1988.499s][info][gc,metaspace   ] GC(1373) Metaspace: 90862K(98736K)->90862K(98736K) NonClass: 79484K(83888K)->79484K(83888K) Class: 11378K(14848K)->11378K(14848K)
[1988.499s][info][gc             ] GC(1373) Pause Young (Allocation Failure) 839M->201M(2039M) 4.496ms
[1988.499s][info][gc,cpu         ] GC(1373) User=0.00s Sys=0.00s Real=0.00s
[1990.074s][info][gc,start       ] GC(1374) Pause Young (Allocation Failure)
[1990.077s][info][gc,heap        ] GC(1374) PSYoungGen: 689315K->4514K(688640K)
[1990.077s][info][gc,heap        ] GC(1374) PSOldGen: 197073K->200260K(1398272K)
[1990.077s][info][gc,metaspace   ] GC(1374) Metaspace: 90862K(98736K)->90862K(98736K) NonClass: 79484K(83888K)->79484K(83888K) Class: 11378K(14848K)->11378K(14848K)
[1990.077s][info][gc             ] GC(1374) Pause Young (Allocation Failure) 865M->199M(2038M) 3.201ms
[1990.077s][info][gc,cpu         ] GC(1374) User=0.00s Sys=0.00s Real=0.00s
[1992.323s][info][gc,start       ] GC(1375) Pause Young (Allocation Failure)
[1992.327s][info][gc,heap        ] GC(1375) PSYoungGen: 683938K->2948K(689152K)
[1992.327s][info][gc,heap        ] GC(1375) PSOldGen: 200260K->201920K(1398272K)
[1992.327s][info][gc,metaspace   ] GC(1375) Metaspace: 90862K(98736K)->90862K(98736K) NonClass: 79484K(83888K)->79484K(83888K) Class: 11378K(14848K)->11378K(14848K)
[1992.327s][info][gc             ] GC(1375) Pause Young (Allocation Failure) 863M->200M(2038M) 3.468ms
[1992.327s][info][gc,cpu         ] GC(1375) User=0.00s Sys=0.00s Real=0.00s
[1994.112s][info][gc,start       ] GC(1376) Pause Young (Allocation Failure)
[1994.116s][info][gc,heap        ] GC(1376) PSYoungGen: 682372K->6430K(689152K)
[1994.116s][info][gc,heap        ] GC(1376) PSOldGen: 201920K->203717K(1398272K)
[1994.116s][info][gc,metaspace   ] GC(1376) Metaspace: 90862K(98736K)->90862K(98736K) NonClass: 79484K(83888K)->79484K(83888K) Class: 11378K(14848K)->11378K(14848K)
[1994.116s][info][gc             ] GC(1376) Pause Young (Allocation Failure) 863M->205M(2038M) 4.140ms
[1994.116s][info][gc,cpu         ] GC(1376) User=0.00s Sys=0.00s Real=0.00s
[1994.860s][info][gc,start       ] GC(1377) Pause Young (Allocation Failure)
[1994.863s][info][gc,heap        ] GC(1377) PSYoungGen: 685759K->3443K(689152K)
[1994.863s][info][gc,heap        ] GC(1377) PSOldGen: 203717K->205814K(1398272K)
[1994.863s][info][gc,metaspace   ] GC(1377) Metaspace: 90862K(98736K)->90862K(98736K) NonClass: 79484K(83888K)->79484K(83888K) Class: 11378K(14848K)->11378K(14848K)
[1994.863s][info][gc             ] GC(1377) Pause Young (Allocation Failure) 868M->204M(2038M) 3.100ms
[1994.863s][info][gc,cpu         ] GC(1377) User=0.02s Sys=0.00s Real=0.00s
[1997.038s][info][gc,start       ] GC(1378) Pause Young (Allocation Failure)
[1997.041s][info][gc,heap        ] GC(1378) PSYoungGen: 682867K->3756K(689664K)
[1997.041s][info][gc,heap        ] GC(1378) PSOldGen: 205814K->208657K(1398272K)
[1997.041s][info][gc,metaspace   ] GC(1378) Metaspace: 90862K(98736K)->90862K(98736K) NonClass: 79484K(83888K)->79484K(83888K) Class: 11378K(14848K)->11378K(14848K)
[1997.041s][info][gc             ] GC(1378) Pause Young (Allocation Failure) 867M->207M(2039M) 3.034ms
[1997.041s][info][gc,cpu         ] GC(1378) User=0.00s Sys=0.00s Real=0.00s
[1997.714s][info][gc,start       ] GC(1379) Pause Young (Allocation Failure)
[1997.717s][info][gc,heap        ] GC(1379) PSYoungGen: 679696K->9031K(689152K)
[1997.718s][info][gc,heap        ] GC(1379) PSOldGen: 208657K->214739K(1398272K)
[1997.718s][info][gc,metaspace   ] GC(1379) Metaspace: 90862K(98736K)->90862K(98736K) NonClass: 79484K(83888K)->79484K(83888K) Class: 11378K(14848K)->11378K(14848K)
[1997.718s][info][gc             ] GC(1379) Pause Young (Allocation Failure) 867M->218M(2038M) 3.889ms
[1997.718s][info][gc,cpu         ] GC(1379) User=0.00s Sys=0.00s Real=0.00s
[1999.502s][info][gc,start       ] GC(1380) Pause Young (Allocation Failure)
[1999.504s][info][gc,heap        ] GC(1380) PSYoungGen: 688967K->2983K(688128K)
[1999.504s][info][gc,heap        ] GC(1380) PSOldGen: 214739K->217077K(1398272K)
[1999.504s][info][gc,metaspace   ] GC(1380) Metaspace: 90862K(98736K)->90862K(98736K) NonClass: 79484K(83888K)->79484K(83888K) Class: 11378K(14848K)->11378K(14848K)
[1999.504s][info][gc             ] GC(1380) Pause Young (Allocation Failure) 882M->214M(2037M) 2.964ms
[1999.505s][info][gc,cpu         ] GC(1380) User=0.00s Sys=0.00s Real=0.00s
[2000.880s][info][gc,start       ] GC(1381) Pause Young (Allocation Failure)
[2000.884s][info][gc,heap        ] GC(1381) PSYoungGen: 680242K->8383K(687104K)
[2000.884s][info][gc,heap        ] GC(1381) PSOldGen: 217077K->219309K(1398272K)
[2000.884s][info][gc,metaspace   ] GC(1381) Metaspace: 90862K(98736K)->90862K(98736K) NonClass: 79484K(83888K)->79484K(83888K) Class: 11378K(14848K)->11378K(14848K)
[2000.884s][info][gc             ] GC(1381) Pause Young (Allocation Failure) 876M->222M(2036M) 3.628ms
[2000.884s][info][gc,cpu         ] GC(1381) User=0.00s Sys=0.00s Real=0.00s
[2001.654s][info][gc,start       ] GC(1382) Pause Young (Allocation Failure)
[2001.657s][info][gc,heap        ] GC(1382) PSYoungGen: 686783K->5384K(688128K)
[2001.657s][info][gc,heap        ] GC(1382) PSOldGen: 219309K->221427K(1398272K)
[2001.657s][info][gc,metaspace   ] GC(1382) Metaspace: 90862K(98736K)->90862K(98736K) NonClass: 79484K(83888K)->79484K(83888K) Class: 11378K(14848K)->11378K(14848K)
[2001.657s][info][gc             ] GC(1382) Pause Young (Allocation Failure) 884M->221M(2037M) 2.822ms
[2001.657s][info][gc,cpu         ] GC(1382) User=0.00s Sys=0.00s Real=0.00s
[2003.721s][info][gc,start       ] GC(1383) Pause Young (Allocation Failure)
[2003.724s][info][gc,heap        ] GC(1383) PSYoungGen: 682248K->4938K(687616K)
[2003.724s][info][gc,heap        ] GC(1383) PSOldGen: 221427K->224393K(1398272K)
[2003.724s][info][gc,metaspace   ] GC(1383) Metaspace: 90862K(98736K)->90862K(98736K) NonClass: 79484K(83888K)->79484K(83888K) Class: 11378K(14848K)->11378K(14848K)
[2003.724s][info][gc             ] GC(1383) Pause Young (Allocation Failure) 882M->223M(2037M) 3.211ms
[2003.724s][info][gc,cpu         ] GC(1383) User=0.00s Sys=0.00s Real=0.00s
[2004.307s][info][gc,start       ] GC(1384) Pause Young (Allocation Failure)
[2004.310s][info][gc,heap        ] GC(1384) PSYoungGen: 681802K->3837K(689152K)
[2004.310s][info][gc,heap        ] GC(1384) PSOldGen: 224393K->226832K(1398272K)
[2004.310s][info][gc,metaspace   ] GC(1384) Metaspace: 90862K(98736K)->90862K(98736K) NonClass: 79484K(83888K)->79484K(83888K) Class: 11378K(14848K)->11378K(14848K)
[2004.310s][info][gc             ] GC(1384) Pause Young (Allocation Failure) 884M->225M(2038M) 2.989ms
[2004.310s][info][gc,cpu         ] GC(1384) User=0.00s Sys=0.00s Real=0.00s
[2006.572s][info][gc,start       ] GC(1385) Pause Young (Allocation Failure)
[2006.574s][info][gc,heap        ] GC(1385) PSYoungGen: 681228K->2699K(688640K)
[2006.574s][info][gc,heap        ] GC(1385) PSOldGen: 226832K->228771K(1398272K)
[2006.574s][info][gc,metaspace   ] GC(1385) Metaspace: 90862K(98736K)->90862K(98736K) NonClass: 79484K(83888K)->79484K(83888K) Class: 11378K(14848K)->11378K(14848K)
[2006.574s][info][gc             ] GC(1385) Pause Young (Allocation Failure) 886M->226M(2038M) 2.527ms
[2006.574s][info][gc,cpu         ] GC(1385) User=0.00s Sys=0.00s Real=0.00s
[2007.731s][info][gc,start       ] GC(1386) Pause Young (Allocation Failure)
[2007.734s][info][gc,heap        ] GC(1386) PSYoungGen: 681611K->6078K(689152K)
[2007.734s][info][gc,heap        ] GC(1386) PSOldGen: 228771K->230837K(1398272K)
[2007.734s][info][gc,metaspace   ] GC(1386) Metaspace: 90862K(98736K)->90862K(98736K) NonClass: 79484K(83888K)->79484K(83888K) Class: 11378K(14848K)->11378K(14848K)
[2007.734s][info][gc             ] GC(1386) Pause Young (Allocation Failure) 889M->231M(2038M) 3.912ms
[2007.735s][info][gc,cpu         ] GC(1386) User=0.00s Sys=0.00s Real=0.00s
[2007.838s][info][gc,start       ] GC(1387) Pause Young (System.gc())
[2007.840s][info][gc,heap        ] GC(1387) PSYoungGen: 185877K->448K(679936K)
[2007.840s][info][gc,heap        ] GC(1387) PSOldGen: 230837K->232671K(1398272K)
[2007.840s][info][gc,metaspace   ] GC(1387) Metaspace: 90862K(98736K)->90862K(98736K) NonClass: 79484K(83888K)->79484K(83888K) Class: 11378K(14848K)->11378K(14848K)
[2007.840s][info][gc             ] GC(1387) Pause Young (System.gc()) 406M->227M(2029M) 2.227ms
[2007.840s][info][gc,cpu         ] GC(1387) User=0.00s Sys=0.00s Real=0.00s
[2007.840s][info][gc,start       ] GC(1388) Pause Full (System.gc())
[2007.844s][info][gc,phases,start] GC(1388) Phase 1: Mark live objects
[2007.928s][info][gc,phases      ] GC(1388) Phase 1: Mark live objects 83.956ms
[2007.928s][info][gc,phases,start] GC(1388) Phase 2: Compute new object addresses
[2007.942s][info][gc,phases      ] GC(1388) Phase 2: Compute new object addresses 14.177ms
[2007.942s][info][gc,phases,start] GC(1388) Phase 3: Adjust pointers
[2007.978s][info][gc,phases      ] GC(1388) Phase 3: Adjust pointers 35.422ms
[2007.978s][info][gc,phases,start] GC(1388) Phase 4: Move objects
[2007.985s][info][gc,phases      ] GC(1388) Phase 4: Move objects 7.117ms
[2007.988s][info][gc,heap        ] GC(1388) PSYoungGen: 448K->0K(679936K)
[2007.988s][info][gc,heap        ] GC(1388) PSOldGen: 232671K->144044K(1398272K)
[2007.988s][info][gc,metaspace   ] GC(1388) Metaspace: 90862K(98736K)->90708K(98736K) NonClass: 79484K(83888K)->79373K(83888K) Class: 11378K(14848K)->11334K(14848K)
[2007.988s][info][gc             ] GC(1388) Pause Full (System.gc()) 227M->140M(2029M) 147.441ms
[2007.988s][info][gc,cpu         ] GC(1388) User=0.14s Sys=0.02s Real=0.15s
[2008.893s][info][gc,start       ] GC(1389) Pause Young (Allocation Failure)
[2008.895s][info][gc,heap        ] GC(1389) PSYoungGen: 679424K->3599K(689152K)
[2008.895s][info][gc,heap        ] GC(1389) PSOldGen: 144044K->144044K(1398272K)
[2008.895s][info][gc,metaspace   ] GC(1389) Metaspace: 90708K(98736K)->90708K(98736K) NonClass: 79373K(83888K)->79373K(83888K) Class: 11334K(14848K)->11334K(14848K)
[2008.895s][info][gc             ] GC(1389) Pause Young (Allocation Failure) 804M->144M(2038M) 2.801ms
[2008.896s][info][gc,cpu         ] GC(1389) User=0.00s Sys=0.00s Real=0.00s
[2011.258s][info][gc,start       ] GC(1390) Pause Young (Allocation Failure)
[2011.260s][info][gc,heap        ] GC(1390) PSYoungGen: 682511K->2464K(688640K)
[2011.260s][info][gc,heap        ] GC(1390) PSOldGen: 144044K->146832K(1398272K)
[2011.260s][info][gc,metaspace   ] GC(1390) Metaspace: 90708K(98736K)->90708K(98736K) NonClass: 79373K(83888K)->79373K(83888K) Class: 11334K(14848K)->11334K(14848K)
[2011.260s][info][gc             ] GC(1390) Pause Young (Allocation Failure) 807M->145M(2038M) 2.482ms
[2011.260s][info][gc,cpu         ] GC(1390) User=0.00s Sys=0.00s Real=0.00s
[2013.349s][info][gc,start       ] GC(1391) Pause Young (GCLocker Initiated GC)
[2013.352s][info][gc,heap        ] GC(1391) PSYoungGen: 681376K->3679K(689664K)
[2013.352s][info][gc,heap        ] GC(1391) PSOldGen: 146836K->148424K(1398272K)
[2013.352s][info][gc,metaspace   ] GC(1391) Metaspace: 90708K(98736K)->90708K(98736K) NonClass: 79373K(83888K)->79373K(83888K) Class: 11334K(14848K)->11334K(14848K)
[2013.352s][info][gc             ] GC(1391) Pause Young (GCLocker Initiated GC) 808M->148M(2039M) 2.659ms
[2013.352s][info][gc,cpu         ] GC(1391) User=0.00s Sys=0.00s Real=0.00s
[2013.987s][info][gc,start       ] GC(1392) Pause Young (Allocation Failure)
[2013.990s][info][gc,heap        ] GC(1392) PSYoungGen: 684127K->5253K(689664K)
[2013.990s][info][gc,heap        ] GC(1392) PSOldGen: 205769K->207392K(1398272K)
[2013.990s][info][gc,metaspace   ] GC(1392) Metaspace: 90708K(98736K)->90708K(98736K) NonClass: 79373K(83888K)->79373K(83888K) Class: 11334K(14848K)->11334K(14848K)
[2013.990s][info][gc             ] GC(1392) Pause Young (Allocation Failure) 869M->207M(2039M) 3.409ms
[2013.990s][info][gc,cpu         ] GC(1392) User=0.00s Sys=0.00s Real=0.00s
[2015.758s][info][gc,start       ] GC(1393) Pause Young (Allocation Failure)
[2015.760s][info][gc,heap        ] GC(1393) PSYoungGen: 685267K->2868K(690176K)
[2015.760s][info][gc,heap        ] GC(1393) PSOldGen: 207392K->210288K(1398272K)
[2015.760s][info][gc,metaspace   ] GC(1393) Metaspace: 90708K(98736K)->90708K(98736K) NonClass: 79373K(83888K)->79373K(83888K) Class: 11334K(14848K)->11334K(14848K)
[2015.760s][info][gc             ] GC(1393) Pause Young (Allocation Failure) 871M->208M(2039M) 2.601ms
[2015.760s][info][gc,cpu         ] GC(1393) User=0.00s Sys=0.00s Real=0.00s
[2018.127s][info][gc,start       ] GC(1394) Pause Young (Allocation Failure)
[2018.130s][info][gc,heap        ] GC(1394) PSYoungGen: 683828K->3003K(689664K)
[2018.130s][info][gc,heap        ] GC(1394) PSOldGen: 210288K->212115K(1398272K)
[2018.130s][info][gc,metaspace   ] GC(1394) Metaspace: 90708K(98736K)->90708K(98736K) NonClass: 79374K(83888K)->79374K(83888K) Class: 11334K(14848K)->11334K(14848K)
[2018.130s][info][gc             ] GC(1394) Pause Young (Allocation Failure) 873M->210M(2039M) 2.671ms
[2018.130s][info][gc,cpu         ] GC(1394) User=0.00s Sys=0.00s Real=0.00s
[2019.633s][info][gc,start       ] GC(1395) Pause Young (Allocation Failure)
[2019.636s][info][gc,heap        ] GC(1395) PSYoungGen: 680602K->2851K(690688K)
[2019.636s][info][gc,heap        ] GC(1395) PSOldGen: 212115K->214005K(1398272K)
[2019.636s][info][gc,metaspace   ] GC(1395) Metaspace: 90708K(98736K)->90708K(98736K) NonClass: 79374K(83888K)->79374K(83888K) Class: 11334K(14848K)->11334K(14848K)
[2019.636s][info][gc             ] GC(1395) Pause Young (Allocation Failure) 871M->211M(2040M) 3.022ms
[2019.636s][info][gc,cpu         ] GC(1395) User=0.00s Sys=0.00s Real=0.01s
[2020.375s][info][gc,start       ] GC(1396) Pause Young (Allocation Failure)
[2020.378s][info][gc,heap        ] GC(1396) PSYoungGen: 684835K->3440K(690176K)
[2020.378s][info][gc,heap        ] GC(1396) PSOldGen: 214005K->216080K(1398272K)
[2020.378s][info][gc,metaspace   ] GC(1396) Metaspace: 90708K(98736K)->90708K(98736K) NonClass: 79374K(83888K)->79374K(83888K) Class: 11334K(14848K)->11334K(14848K)
[2020.378s][info][gc             ] GC(1396) Pause Young (Allocation Failure) 877M->214M(2039M) 2.847ms
[2020.378s][info][gc,cpu         ] GC(1396) User=0.09s Sys=0.00s Real=0.00s
[2022.828s][info][gc,start       ] GC(1397) Pause Young (Allocation Failure)
[2022.831s][info][gc,heap        ] GC(1397) PSYoungGen: 685424K->2308K(691200K)
[2022.831s][info][gc,heap        ] GC(1397) PSOldGen: 216080K->218250K(1398272K)
[2022.831s][info][gc,metaspace   ] GC(1397) Metaspace: 90708K(98736K)->90708K(98736K) NonClass: 79374K(83888K)->79374K(83888K) Class: 11334K(14848K)->11334K(14848K)
[2022.831s][info][gc             ] GC(1397) Pause Young (Allocation Failure) 880M->215M(2040M) 2.605ms
[2022.831s][info][gc,cpu         ] GC(1397) User=0.08s Sys=0.02s Real=0.00s
[2025.026s][info][gc,start       ] GC(1398) Pause Young (Allocation Failure)
[2025.029s][info][gc,heap        ] GC(1398) PSYoungGen: 685828K->3116K(691200K)
[2025.029s][info][gc,heap        ] GC(1398) PSOldGen: 218250K->219961K(1398272K)
[2025.029s][info][gc,metaspace   ] GC(1398) Metaspace: 90708K(98736K)->90708K(98736K) NonClass: 79374K(83888K)->79374K(83888K) Class: 11334K(14848K)->11334K(14848K)
[2025.029s][info][gc             ] GC(1398) Pause Young (Allocation Failure) 882M->217M(2040M) 2.988ms
[2025.030s][info][gc,cpu         ] GC(1398) User=0.00s Sys=0.00s Real=0.00s
[2025.649s][info][gc,start       ] GC(1399) Pause Young (Allocation Failure)
[2025.653s][info][gc,heap        ] GC(1399) PSYoungGen: 686140K->7668K(677888K)
[2025.653s][info][gc,heap        ] GC(1399) PSOldGen: 219961K->235421K(1398272K)
[2025.653s][info][gc,metaspace   ] GC(1399) Metaspace: 90708K(98736K)->90708K(98736K) NonClass: 79374K(83888K)->79374K(83888K) Class: 11334K(14848K)->11334K(14848K)
[2025.653s][info][gc             ] GC(1399) Pause Young (Allocation Failure) 884M->237M(2027M) 4.110ms
[2025.653s][info][gc,cpu         ] GC(1399) User=0.00s Sys=0.00s Real=0.00s
[2027.327s][info][gc,start       ] GC(1400) Pause Young (GCLocker Initiated GC)
[2027.330s][info][gc,heap        ] GC(1400) PSYoungGen: 677876K->6344K(684544K)
[2027.330s][info][gc,heap        ] GC(1400) PSOldGen: 235424K->238504K(1398272K)
[2027.330s][info][gc,metaspace   ] GC(1400) Metaspace: 90708K(98736K)->90708K(98736K) NonClass: 79374K(83888K)->79374K(83888K) Class: 11334K(14848K)->11334K(14848K)
[2027.330s][info][gc             ] GC(1400) Pause Young (GCLocker Initiated GC) 891M->239M(2034M) 3.183ms
[2027.330s][info][gc,cpu         ] GC(1400) User=0.00s Sys=0.00s Real=0.00s
[2029.541s][info][gc,start       ] GC(1401) Pause Young (Allocation Failure)
[2029.544s][info][gc,heap        ] GC(1401) PSYoungGen: 676552K->4413K(685568K)
[2029.544s][info][gc,heap        ] GC(1401) PSOldGen: 238507K->240324K(1398272K)
[2029.544s][info][gc,metaspace   ] GC(1401) Metaspace: 90708K(98736K)->90708K(98736K) NonClass: 79374K(83888K)->79374K(83888K) Class: 11334K(14848K)->11334K(14848K)
[2029.544s][info][gc             ] GC(1401) Pause Young (Allocation Failure) 893M->239M(2035M) 2.986ms
[2029.544s][info][gc,cpu         ] GC(1401) User=0.00s Sys=0.00s Real=0.00s
[2031.273s][info][gc,start       ] GC(1402) Pause Young (Allocation Failure)
[2031.278s][info][gc,heap        ] GC(1402) PSYoungGen: 676157K->7105K(685056K)
[2031.278s][info][gc,heap        ] GC(1402) PSOldGen: 240324K->242336K(1398272K)
[2031.278s][info][gc,metaspace   ] GC(1402) Metaspace: 90708K(98736K)->90708K(98736K) NonClass: 79374K(83888K)->79374K(83888K) Class: 11334K(14848K)->11334K(14848K)
[2031.278s][info][gc             ] GC(1402) Pause Young (Allocation Failure) 895M->243M(2034M) 4.768ms
[2031.278s][info][gc,cpu         ] GC(1402) User=0.00s Sys=0.00s Real=0.00s
[2032.025s][info][gc,start       ] GC(1403) Pause Young (Allocation Failure)
[2032.027s][info][gc,heap        ] GC(1403) PSYoungGen: 678849K->3344K(686080K)
[2032.027s][info][gc,heap        ] GC(1403) PSOldGen: 242336K->244531K(1398272K)
[2032.027s][info][gc,metaspace   ] GC(1403) Metaspace: 90708K(98736K)->90708K(98736K) NonClass: 79374K(83888K)->79374K(83888K) Class: 11334K(14848K)->11334K(14848K)
[2032.027s][info][gc             ] GC(1403) Pause Young (Allocation Failure) 899M->242M(2035M) 2.951ms
[2032.028s][info][gc,cpu         ] GC(1403) User=0.00s Sys=0.00s Real=0.00s
[2034.155s][info][gc,start       ] GC(1404) Pause Young (Allocation Failure)
[2034.158s][info][gc,heap        ] GC(1404) PSYoungGen: 676624K->3677K(686080K)
[2034.158s][info][gc,heap        ] GC(1404) PSOldGen: 244531K->247372K(1398272K)
[2034.158s][info][gc,metaspace   ] GC(1404) Metaspace: 90708K(98736K)->90708K(98736K) NonClass: 79374K(83888K)->79374K(83888K) Class: 11334K(14848K)->11334K(14848K)
[2034.158s][info][gc             ] GC(1404) Pause Young (Allocation Failure) 899M->245M(2035M) 3.227ms
[2034.158s][info][gc,cpu         ] GC(1404) User=0.00s Sys=0.00s Real=0.00s
[2034.820s][info][gc,start       ] GC(1405) Pause Young (Allocation Failure)
[2034.824s][info][gc,heap        ] GC(1405) PSYoungGen: 674679K->12278K(677376K)
[2034.824s][info][gc,heap        ] GC(1405) PSOldGen: 247372K->254405K(1398272K)
[2034.824s][info][gc,metaspace   ] GC(1405) Metaspace: 90708K(98736K)->90708K(98736K) NonClass: 79374K(83888K)->79374K(83888K) Class: 11334K(14848K)->11334K(14848K)
[2034.824s][info][gc             ] GC(1405) Pause Young (Allocation Failure) 900M->260M(2027M) 4.171ms
[2034.824s][info][gc,cpu         ] GC(1405) User=0.00s Sys=0.00s Real=0.00s
[2036.496s][info][gc,start       ] GC(1406) Pause Young (Allocation Failure)
[2036.499s][info][gc,heap        ] GC(1406) PSYoungGen: 677366K->3405K(681984K)
[2036.499s][info][gc,heap        ] GC(1406) PSOldGen: 254405K->256660K(1398272K)
[2036.499s][info][gc,metaspace   ] GC(1406) Metaspace: 90708K(98736K)->90708K(98736K) NonClass: 79374K(83888K)->79374K(83888K) Class: 11334K(14848K)->11334K(14848K)
[2036.499s][info][gc             ] GC(1406) Pause Young (Allocation Failure) 909M->253M(2031M) 3.107ms
[2036.499s][info][gc,cpu         ] GC(1406) User=0.00s Sys=0.00s Real=0.01s
[2038.012s][info][gc,start       ] GC(1407) Pause Young (Allocation Failure)
[2038.015s][info][gc,heap        ] GC(1407) PSYoungGen: 668265K->7806K(683008K)
[2038.015s][info][gc,heap        ] GC(1407) PSOldGen: 256660K->258883K(1398272K)
[2038.015s][info][gc,metaspace   ] GC(1407) Metaspace: 90708K(98736K)->90708K(98736K) NonClass: 79374K(83888K)->79374K(83888K) Class: 11334K(14848K)->11334K(14848K)
[2038.015s][info][gc             ] GC(1407) Pause Young (Allocation Failure) 903M->260M(2032M) 3.184ms
[2038.015s][info][gc,cpu         ] GC(1407) User=0.00s Sys=0.00s Real=0.01s
[2038.694s][info][gc,start       ] GC(1408) Pause Young (Allocation Failure)
[2038.697s][info][gc,heap        ] GC(1408) PSYoungGen: 674430K->3151K(682496K)
[2038.697s][info][gc,heap        ] GC(1408) PSOldGen: 258883K->261048K(1398272K)
[2038.697s][info][gc,metaspace   ] GC(1408) Metaspace: 90708K(98736K)->90708K(98736K) NonClass: 79374K(83888K)->79374K(83888K) Class: 11334K(14848K)->11334K(14848K)
[2038.697s][info][gc             ] GC(1408) Pause Young (Allocation Failure) 911M->258M(2032M) 2.764ms
[2038.697s][info][gc,cpu         ] GC(1408) User=0.00s Sys=0.00s Real=0.01s
[2040.783s][info][gc,start       ] GC(1409) Pause Young (Allocation Failure)
[2040.786s][info][gc,heap        ] GC(1409) PSYoungGen: 666045K->3362K(683520K)
[2040.786s][info][gc,heap        ] GC(1409) PSOldGen: 261048K->263874K(1398272K)
[2040.786s][info][gc,metaspace   ] GC(1409) Metaspace: 90708K(98736K)->90708K(98736K) NonClass: 79374K(83888K)->79374K(83888K) Class: 11334K(14848K)->11334K(14848K)
[2040.786s][info][gc             ] GC(1409) Pause Young (Allocation Failure) 905M->260M(2033M) 2.976ms
[2040.786s][info][gc,cpu         ] GC(1409) User=0.00s Sys=0.00s Real=0.00s
[2041.376s][info][gc,start       ] GC(1410) Pause Young (Allocation Failure)
[2041.380s][info][gc,heap        ] GC(1410) PSYoungGen: 669379K->2534K(683520K)
[2041.380s][info][gc,heap        ] GC(1410) PSOldGen: 263874K->266476K(1398272K)
[2041.380s][info][gc,metaspace   ] GC(1410) Metaspace: 90708K(98736K)->90708K(98736K) NonClass: 79374K(83888K)->79374K(83888K) Class: 11334K(14848K)->11334K(14848K)
[2041.380s][info][gc             ] GC(1410) Pause Young (Allocation Failure) 911M->262M(2033M) 3.755ms
[2041.380s][info][gc,cpu         ] GC(1410) User=0.00s Sys=0.00s Real=0.00s
[2043.267s][info][gc,start       ] GC(1411) Pause Young (GCLocker Initiated GC)
[2043.270s][info][gc,heap        ] GC(1411) PSYoungGen: 670694K->4050K(684544K)
[2043.270s][info][gc,heap        ] GC(1411) PSOldGen: 266480K->268126K(1398272K)
[2043.270s][info][gc,metaspace   ] GC(1411) Metaspace: 90708K(98736K)->90708K(98736K) NonClass: 79374K(83888K)->79374K(83888K) Class: 11334K(14848K)->11334K(14848K)
[2043.270s][info][gc             ] GC(1411) Pause Young (GCLocker Initiated GC) 915M->265M(2034M) 2.881ms
[2043.270s][info][gc,cpu         ] GC(1411) User=0.00s Sys=0.00s Real=0.00s
[2044.712s][info][gc,start       ] GC(1412) Pause Young (Allocation Failure)
[2044.716s][info][gc,heap        ] GC(1412) PSYoungGen: 673746K->4634K(684032K)
[2044.716s][info][gc,heap        ] GC(1412) PSOldGen: 268127K->270479K(1398272K)
[2044.716s][info][gc,metaspace   ] GC(1412) Metaspace: 90708K(98736K)->90708K(98736K) NonClass: 79374K(83888K)->79374K(83888K) Class: 11334K(14848K)->11334K(14848K)
[2044.716s][info][gc             ] GC(1412) Pause Young (Allocation Failure) 919M->268M(2033M) 4.096ms
[2044.716s][info][gc,cpu         ] GC(1412) User=0.00s Sys=0.00s Real=0.00s
[2044.943s][info][gc,start       ] GC(1413) Pause Young (System.gc())
[2044.945s][info][gc,heap        ] GC(1413) PSYoungGen: 267818K->480K(685568K)
[2044.945s][info][gc,heap        ] GC(1413) PSOldGen: 270479K->272684K(1398272K)
[2044.945s][info][gc,metaspace   ] GC(1413) Metaspace: 90708K(98736K)->90708K(98736K) NonClass: 79374K(83888K)->79374K(83888K) Class: 11334K(14848K)->11334K(14848K)
[2044.945s][info][gc             ] GC(1413) Pause Young (System.gc()) 525M->266M(2035M) 2.279ms
[2044.945s][info][gc,cpu         ] GC(1413) User=0.00s Sys=0.00s Real=0.00s
[2044.945s][info][gc,start       ] GC(1414) Pause Full (System.gc())
[2044.947s][info][gc,phases,start] GC(1414) Phase 1: Mark live objects
[2045.001s][info][gc,phases      ] GC(1414) Phase 1: Mark live objects 53.764ms
[2045.001s][info][gc,phases,start] GC(1414) Phase 2: Compute new object addresses
[2045.015s][info][gc,phases      ] GC(1414) Phase 2: Compute new object addresses 14.408ms
[2045.015s][info][gc,phases,start] GC(1414) Phase 3: Adjust pointers
[2045.050s][info][gc,phases      ] GC(1414) Phase 3: Adjust pointers 35.273ms
[2045.050s][info][gc,phases,start] GC(1414) Phase 4: Move objects
[2045.058s][info][gc,phases      ] GC(1414) Phase 4: Move objects 7.418ms
[2045.060s][info][gc,heap        ] GC(1414) PSYoungGen: 480K->0K(685568K)
[2045.060s][info][gc,heap        ] GC(1414) PSOldGen: 272684K->149205K(1398272K)
[2045.060s][info][gc,metaspace   ] GC(1414) Metaspace: 90708K(98736K)->90708K(98736K) NonClass: 79374K(83888K)->79374K(83888K) Class: 11334K(14848K)->11334K(14848K)
[2045.060s][info][gc             ] GC(1414) Pause Full (System.gc()) 266M->145M(2035M) 115.328ms
[2045.060s][info][gc,cpu         ] GC(1414) User=0.11s Sys=0.00s Real=0.11s
[2045.954s][info][gc,start       ] GC(1415) Pause Young (Allocation Failure)
[2045.957s][info][gc,heap        ] GC(1415) PSYoungGen: 672256K->3580K(685568K)
[2045.957s][info][gc,heap        ] GC(1415) PSOldGen: 149205K->149205K(1398272K)
[2045.957s][info][gc,metaspace   ] GC(1415) Metaspace: 90708K(98736K)->90708K(98736K) NonClass: 79374K(83888K)->79374K(83888K) Class: 11334K(14848K)->11334K(14848K)
[2045.957s][info][gc             ] GC(1415) Pause Young (Allocation Failure) 802M->149M(2035M) 2.359ms
[2045.957s][info][gc,cpu         ] GC(1415) User=0.02s Sys=0.00s Real=0.00s
[2048.211s][info][gc,start       ] GC(1416) Pause Young (Allocation Failure)
[2048.215s][info][gc,heap        ] GC(1416) PSYoungGen: 675836K->3343K(686592K)
[2048.215s][info][gc,heap        ] GC(1416) PSOldGen: 149205K->152326K(1398272K)
[2048.215s][info][gc,metaspace   ] GC(1416) Metaspace: 90708K(98736K)->90708K(98736K) NonClass: 79374K(83888K)->79374K(83888K) Class: 11334K(14848K)->11334K(14848K)
[2048.215s][info][gc             ] GC(1416) Pause Young (Allocation Failure) 805M->152M(2036M) 3.775ms
[2048.215s][info][gc,cpu         ] GC(1416) User=0.00s Sys=0.00s Real=0.00s
[2050.316s][info][gc,start       ] GC(1417) Pause Young (GCLocker Initiated GC)
[2050.319s][info][gc,heap        ] GC(1417) PSYoungGen: 677135K->5807K(686080K)
[2050.319s][info][gc,heap        ] GC(1417) PSOldGen: 152425K->154149K(1398272K)
[2050.319s][info][gc,metaspace   ] GC(1417) Metaspace: 90708K(98736K)->90708K(98736K) NonClass: 79374K(83888K)->79374K(83888K) Class: 11334K(14848K)->11334K(14848K)
[2050.319s][info][gc             ] GC(1417) Pause Young (GCLocker Initiated GC) 810M->156M(2035M) 3.147ms
[2050.319s][info][gc,cpu         ] GC(1417) User=0.00s Sys=0.00s Real=0.00s
[2051.055s][info][gc,start       ] GC(1418) Pause Young (Allocation Failure)
[2051.058s][info][gc,heap        ] GC(1418) PSYoungGen: 679599K->4115K(687616K)
[2051.058s][info][gc,heap        ] GC(1418) PSOldGen: 174630K->176170K(1398272K)
[2051.058s][info][gc,metaspace   ] GC(1418) Metaspace: 90708K(98736K)->90708K(98736K) NonClass: 79374K(83888K)->79374K(83888K) Class: 11334K(14848K)->11334K(14848K)
[2051.058s][info][gc             ] GC(1418) Pause Young (Allocation Failure) 834M->176M(2037M) 2.560ms
[2051.058s][info][gc,cpu         ] GC(1418) User=0.00s Sys=0.00s Real=0.00s
[2052.553s][info][gc,start       ] GC(1419) Pause Young (Allocation Failure)
[2052.556s][info][gc,heap        ] GC(1419) PSYoungGen: 679955K->4621K(687104K)
[2052.556s][info][gc,heap        ] GC(1419) PSOldGen: 176170K->179154K(1398272K)
[2052.556s][info][gc,metaspace   ] GC(1419) Metaspace: 90708K(98736K)->90708K(98736K) NonClass: 79374K(83888K)->79374K(83888K) Class: 11334K(14848K)->11334K(14848K)
[2052.556s][info][gc             ] GC(1419) Pause Young (Allocation Failure) 836M->179M(2036M) 2.856ms
[2052.556s][info][gc,cpu         ] GC(1419) User=0.00s Sys=0.00s Real=0.00s
[2054.791s][info][gc,start       ] GC(1420) Pause Young (Allocation Failure)
[2054.794s][info][gc,heap        ] GC(1420) PSYoungGen: 680461K->2924K(688640K)
[2054.794s][info][gc,heap        ] GC(1420) PSOldGen: 179154K->180818K(1398272K)
[2054.794s][info][gc,metaspace   ] GC(1420) Metaspace: 90708K(98736K)->90708K(98736K) NonClass: 79374K(83888K)->79374K(83888K) Class: 11334K(14848K)->11334K(14848K)
[2054.794s][info][gc             ] GC(1420) Pause Young (Allocation Failure) 839M->179M(2038M) 2.589ms
[2054.794s][info][gc,cpu         ] GC(1420) User=0.00s Sys=0.00s Real=0.00s
[2056.675s][info][gc,start       ] GC(1421) Pause Young (Allocation Failure)
[2056.678s][info][gc,heap        ] GC(1421) PSYoungGen: 680812K->4871K(688128K)
[2056.678s][info][gc,heap        ] GC(1421) PSOldGen: 180818K->182671K(1398272K)
[2056.678s][info][gc,metaspace   ] GC(1421) Metaspace: 90708K(98736K)->90708K(98736K) NonClass: 79374K(83888K)->79374K(83888K) Class: 11334K(14848K)->11334K(14848K)
[2056.678s][info][gc             ] GC(1421) Pause Young (Allocation Failure) 841M->183M(2037M) 3.081ms
[2056.679s][info][gc,cpu         ] GC(1421) User=0.00s Sys=0.00s Real=0.01s
[2057.425s][info][gc,start       ] GC(1422) Pause Young (Allocation Failure)
[2057.428s][info][gc,heap        ] GC(1422) PSYoungGen: 682759K->3400K(689152K)
[2057.428s][info][gc,heap        ] GC(1422) PSOldGen: 182671K->184875K(1398272K)
[2057.428s][info][gc,metaspace   ] GC(1422) Metaspace: 90708K(98736K)->90708K(98736K) NonClass: 79374K(83888K)->79374K(83888K) Class: 11334K(14848K)->11334K(14848K)
[2057.428s][info][gc             ] GC(1422) Pause Young (Allocation Failure) 845M->183M(2038M) 2.955ms
[2057.428s][info][gc,cpu         ] GC(1422) User=0.00s Sys=0.00s Real=0.00s
[2059.663s][info][gc,start       ] GC(1423) Pause Young (Allocation Failure)
[2059.666s][info][gc,heap        ] GC(1423) PSYoungGen: 682312K->2628K(688640K)
[2059.666s][info][gc,heap        ] GC(1423) PSOldGen: 184875K->187778K(1398272K)
[2059.666s][info][gc,metaspace   ] GC(1423) Metaspace: 90708K(98736K)->90708K(98736K) NonClass: 79374K(83888K)->79374K(83888K) Class: 11334K(14848K)->11334K(14848K)
[2059.666s][info][gc             ] GC(1423) Pause Young (Allocation Failure) 846M->185M(2038M) 2.653ms
[2059.666s][info][gc,cpu         ] GC(1423) User=0.00s Sys=0.00s Real=0.00s
[2061.926s][info][gc,start       ] GC(1424) Pause Young (Allocation Failure)
[2061.929s][info][gc,heap        ] GC(1424) PSYoungGen: 681540K->3341K(689664K)
[2061.929s][info][gc,heap        ] GC(1424) PSOldGen: 187778K->189197K(1398272K)
[2061.929s][info][gc,metaspace   ] GC(1424) Metaspace: 90708K(98736K)->90708K(98736K) NonClass: 79374K(83888K)->79374K(83888K) Class: 11334K(14848K)->11334K(14848K)
[2061.929s][info][gc             ] GC(1424) Pause Young (Allocation Failure) 848M->188M(2039M) 2.752ms
[2061.929s][info][gc,cpu         ] GC(1424) User=0.00s Sys=0.00s Real=0.00s
[2062.800s][info][gc,start       ] GC(1425) Pause Young (Allocation Failure)
[2062.803s][info][gc,heap        ] GC(1425) PSYoungGen: 683277K->4267K(689152K)
[2062.803s][info][gc,heap        ] GC(1425) PSOldGen: 189197K->191175K(1398272K)
[2062.803s][info][gc,metaspace   ] GC(1425) Metaspace: 90708K(98736K)->90708K(98736K) NonClass: 79374K(83888K)->79374K(83888K) Class: 11334K(14848K)->11334K(14848K)
[2062.803s][info][gc             ] GC(1425) Pause Young (Allocation Failure) 852M->190M(2038M) 2.874ms
[2062.803s][info][gc,cpu         ] GC(1425) User=0.00s Sys=0.00s Real=0.00s
[2064.200s][info][gc,start       ] GC(1426) Pause Young (Allocation Failure)
[2064.203s][info][gc,heap        ] GC(1426) PSYoungGen: 684203K->4620K(690176K)
[2064.203s][info][gc,heap        ] GC(1426) PSOldGen: 191175K->193874K(1398272K)
[2064.203s][info][gc,metaspace   ] GC(1426) Metaspace: 90708K(98736K)->90708K(98736K) NonClass: 79374K(83888K)->79374K(83888K) Class: 11334K(14848K)->11334K(14848K)
[2064.203s][info][gc             ] GC(1426) Pause Young (Allocation Failure) 854M->193M(2039M) 2.791ms
[2064.203s][info][gc,cpu         ] GC(1426) User=0.00s Sys=0.00s Real=0.00s
[2066.429s][info][gc,start       ] GC(1427) Pause Young (Allocation Failure)
[2066.433s][info][gc,heap        ] GC(1427) PSYoungGen: 685322K->2638K(690176K)
[2066.433s][info][gc,heap        ] GC(1427) PSOldGen: 193874K->196056K(1398272K)
[2066.433s][info][gc,metaspace   ] GC(1427) Metaspace: 90708K(98736K)->90708K(98736K) NonClass: 79374K(83888K)->79374K(83888K) Class: 11334K(14848K)->11334K(14848K)
[2066.433s][info][gc             ] GC(1427) Pause Young (Allocation Failure) 858M->194M(2039M) 3.960ms
[2066.433s][info][gc,cpu         ] GC(1427) User=0.00s Sys=0.00s Real=0.00s
[2068.365s][info][gc,start       ] GC(1428) Pause Young (Allocation Failure)
[2068.368s][info][gc,heap        ] GC(1428) PSYoungGen: 684110K->3693K(690688K)
[2068.368s][info][gc,heap        ] GC(1428) PSOldGen: 196056K->197854K(1398272K)
[2068.368s][info][gc,metaspace   ] GC(1428) Metaspace: 90708K(98736K)->90708K(98736K) NonClass: 79374K(83888K)->79374K(83888K) Class: 11334K(14848K)->11334K(14848K)
[2068.368s][info][gc             ] GC(1428) Pause Young (Allocation Failure) 859M->196M(2040M) 2.873ms
[2068.368s][info][gc,cpu         ] GC(1428) User=0.00s Sys=0.00s Real=0.00s
[2069.118s][info][gc,start       ] GC(1429) Pause Young (Allocation Failure)
[2069.121s][info][gc,heap        ] GC(1429) PSYoungGen: 686189K->3184K(690688K)
[2069.121s][info][gc,heap        ] GC(1429) PSOldGen: 197854K->199962K(1398272K)
[2069.121s][info][gc,metaspace   ] GC(1429) Metaspace: 90708K(98736K)->90708K(98736K) NonClass: 79374K(83888K)->79374K(83888K) Class: 11334K(14848K)->11334K(14848K)
[2069.121s][info][gc             ] GC(1429) Pause Young (Allocation Failure) 863M->198M(2040M) 3.070ms
[2069.121s][info][gc,cpu         ] GC(1429) User=0.00s Sys=0.00s Real=0.02s
[2071.306s][info][gc,start       ] GC(1430) Pause Young (Allocation Failure)
[2071.309s][info][gc,heap        ] GC(1430) PSYoungGen: 685680K->2100K(691200K)
[2071.309s][info][gc,heap        ] GC(1430) PSOldGen: 199962K->202664K(1398272K)
[2071.309s][info][gc,metaspace   ] GC(1430) Metaspace: 90708K(98736K)->90708K(98736K) NonClass: 79374K(83888K)->79374K(83888K) Class: 11334K(14848K)->11334K(14848K)
[2071.309s][info][gc             ] GC(1430) Pause Young (Allocation Failure) 864M->199M(2040M) 2.488ms
[2071.309s][info][gc,cpu         ] GC(1430) User=0.00s Sys=0.00s Real=0.00s
[2071.982s][info][gc,start       ] GC(1431) Pause Young (Allocation Failure)
[2071.986s][info][gc,heap        ] GC(1431) PSYoungGen: 685125K->7651K(691200K)
[2071.986s][info][gc,heap        ] GC(1431) PSOldGen: 202664K->209466K(1398272K)
[2071.986s][info][gc,metaspace   ] GC(1431) Metaspace: 90708K(98736K)->90708K(98736K) NonClass: 79374K(83888K)->79374K(83888K) Class: 11334K(14848K)->11334K(14848K)
[2071.986s][info][gc             ] GC(1431) Pause Young (Allocation Failure) 866M->212M(2040M) 3.851ms
[2071.986s][info][gc,cpu         ] GC(1431) User=0.08s Sys=0.00s Real=0.01s
[2073.671s][info][gc,start       ] GC(1432) Pause Young (Allocation Failure)
[2073.675s][info][gc,heap        ] GC(1432) PSYoungGen: 691098K->3168K(685056K)
[2073.675s][info][gc,heap        ] GC(1432) PSOldGen: 209466K->212519K(1398272K)
[2073.675s][info][gc,metaspace   ] GC(1432) Metaspace: 90708K(98736K)->90708K(98736K) NonClass: 79374K(83888K)->79374K(83888K) Class: 11334K(14848K)->11334K(14848K)
[2073.675s][info][gc             ] GC(1432) Pause Young (Allocation Failure) 879M->210M(2034M) 4.121ms
[2073.675s][info][gc,cpu         ] GC(1432) User=0.06s Sys=0.00s Real=0.00s
[2075.171s][info][gc,start       ] GC(1433) Pause Young (Allocation Failure)
[2075.175s][info][gc,heap        ] GC(1433) PSYoungGen: 679712K->7969K(685568K)
[2075.175s][info][gc,heap        ] GC(1433) PSOldGen: 212519K->214703K(1398272K)
[2075.175s][info][gc,metaspace   ] GC(1433) Metaspace: 90708K(98736K)->90708K(98736K) NonClass: 79374K(83888K)->79374K(83888K) Class: 11334K(14848K)->11334K(14848K)
[2075.175s][info][gc             ] GC(1433) Pause Young (Allocation Failure) 871M->217M(2035M) 3.443ms
[2075.175s][info][gc,cpu         ] GC(1433) User=0.09s Sys=0.00s Real=0.00s
[2075.875s][info][gc,start       ] GC(1434) Pause Young (Allocation Failure)
[2075.878s][info][gc,heap        ] GC(1434) PSYoungGen: 685345K->3851K(687616K)
[2075.878s][info][gc,heap        ] GC(1434) PSOldGen: 214703K->216865K(1398272K)
[2075.878s][info][gc,metaspace   ] GC(1434) Metaspace: 90708K(98736K)->90708K(98736K) NonClass: 79374K(83888K)->79374K(83888K) Class: 11334K(14848K)->11334K(14848K)
[2075.878s][info][gc             ] GC(1434) Pause Young (Allocation Failure) 878M->215M(2037M) 2.885ms
[2075.878s][info][gc,cpu         ] GC(1434) User=0.09s Sys=0.00s Real=0.01s
[2078.031s][info][gc,start       ] GC(1435) Pause Young (Allocation Failure)
[2078.034s][info][gc,heap        ] GC(1435) PSYoungGen: 677985K->3356K(687104K)
[2078.034s][info][gc,heap        ] GC(1435) PSOldGen: 216865K->219783K(1398272K)
[2078.034s][info][gc,metaspace   ] GC(1435) Metaspace: 90708K(98736K)->90708K(98736K) NonClass: 79374K(83888K)->79374K(83888K) Class: 11334K(14848K)->11334K(14848K)
[2078.034s][info][gc             ] GC(1435) Pause Young (Allocation Failure) 873M->217M(2036M) 2.813ms
[2078.034s][info][gc,cpu         ] GC(1435) User=0.09s Sys=0.00s Real=0.00s
[2078.619s][info][gc,start       ] GC(1436) Pause Young (Allocation Failure)
[2078.622s][info][gc,heap        ] GC(1436) PSYoungGen: 678819K->2085K(688128K)
[2078.622s][info][gc,heap        ] GC(1436) PSOldGen: 219783K->222161K(1398272K)
[2078.622s][info][gc,metaspace   ] GC(1436) Metaspace: 90709K(98736K)->90709K(98736K) NonClass: 79374K(83888K)->79374K(83888K) Class: 11335K(14848K)->11335K(14848K)
[2078.622s][info][gc             ] GC(1436) Pause Young (Allocation Failure) 877M->218M(2037M) 3.453ms
[2078.622s][info][gc,cpu         ] GC(1436) User=0.00s Sys=0.00s Real=0.00s
[2080.690s][info][gc,start       ] GC(1437) Pause Young (Allocation Failure)
[2080.692s][info][gc,heap        ] GC(1437) PSYoungGen: 679038K->3112K(688128K)
[2080.693s][info][gc,heap        ] GC(1437) PSOldGen: 222161K->223676K(1398272K)
[2080.693s][info][gc,metaspace   ] GC(1437) Metaspace: 90709K(98736K)->90709K(98736K) NonClass: 79374K(83888K)->79374K(83888K) Class: 11335K(14848K)->11335K(14848K)
[2080.693s][info][gc             ] GC(1437) Pause Young (Allocation Failure) 880M->221M(2037M) 2.644ms
[2080.693s][info][gc,cpu         ] GC(1437) User=0.00s Sys=0.00s Real=0.00s
[2082.052s][info][gc,start       ] GC(1438) Pause Young (Allocation Failure)
[2082.055s][info][gc,heap        ] GC(1438) PSYoungGen: 680488K->3558K(689152K)
[2082.056s][info][gc,heap        ] GC(1438) PSOldGen: 223676K->226046K(1398272K)
[2082.056s][info][gc,metaspace   ] GC(1438) Metaspace: 90709K(98736K)->90709K(98736K) NonClass: 79374K(83888K)->79374K(83888K) Class: 11335K(14848K)->11335K(14848K)
[2082.056s][info][gc             ] GC(1438) Pause Young (Allocation Failure) 882M->224M(2038M) 3.155ms
[2082.056s][info][gc,cpu         ] GC(1438) User=0.00s Sys=0.00s Real=0.00s
[2082.201s][info][gc,start       ] GC(1439) Pause Young (System.gc())
[2082.203s][info][gc,heap        ] GC(1439) PSYoungGen: 221403K->448K(688640K)
[2082.203s][info][gc,heap        ] GC(1439) PSOldGen: 226046K->228129K(1398272K)
[2082.203s][info][gc,metaspace   ] GC(1439) Metaspace: 90709K(98736K)->90709K(98736K) NonClass: 79374K(83888K)->79374K(83888K) Class: 11335K(14848K)->11335K(14848K)
[2082.203s][info][gc             ] GC(1439) Pause Young (System.gc()) 436M->223M(2038M) 2.672ms
[2082.203s][info][gc,cpu         ] GC(1439) User=0.00s Sys=0.00s Real=0.01s
[2082.204s][info][gc,start       ] GC(1440) Pause Full (System.gc())
[2082.207s][info][gc,phases,start] GC(1440) Phase 1: Mark live objects
[2082.264s][info][gc,phases      ] GC(1440) Phase 1: Mark live objects 56.864ms
[2082.264s][info][gc,phases,start] GC(1440) Phase 2: Compute new object addresses
[2082.281s][info][gc,phases      ] GC(1440) Phase 2: Compute new object addresses 17.052ms
[2082.281s][info][gc,phases,start] GC(1440) Phase 3: Adjust pointers
[2082.321s][info][gc,phases      ] GC(1440) Phase 3: Adjust pointers 39.393ms
[2082.321s][info][gc,phases,start] GC(1440) Phase 4: Move objects
[2082.338s][info][gc,phases      ] GC(1440) Phase 4: Move objects 17.266ms
[2082.341s][info][gc,heap        ] GC(1440) PSYoungGen: 448K->0K(688640K)
[2082.341s][info][gc,heap        ] GC(1440) PSOldGen: 228129K->80438K(1398272K)
[2082.341s][info][gc,metaspace   ] GC(1440) Metaspace: 90709K(98736K)->90709K(98736K) NonClass: 79374K(83888K)->79374K(83888K) Class: 11335K(14848K)->11335K(14848K)
[2082.341s][info][gc             ] GC(1440) Pause Full (System.gc()) 223M->78M(2038M) 137.814ms
[2082.341s][info][gc,cpu         ] GC(1440) User=0.14s Sys=0.00s Real=0.13s
[2083.259s][info][gc,start       ] GC(1441) Pause Young (Allocation Failure)
[2083.262s][info][gc,heap        ] GC(1441) PSYoungGen: 678912K->3581K(689664K)
[2083.262s][info][gc,heap        ] GC(1441) PSOldGen: 80438K->80438K(1398272K)
[2083.262s][info][gc,metaspace   ] GC(1441) Metaspace: 90709K(98736K)->90709K(98736K) NonClass: 79374K(83888K)->79374K(83888K) Class: 11335K(14848K)->11335K(14848K)
[2083.262s][info][gc             ] GC(1441) Pause Young (Allocation Failure) 741M->82M(2039M) 2.377ms
[2083.262s][info][gc,cpu         ] GC(1441) User=0.00s Sys=0.00s Real=0.00s
[2085.652s][info][gc,start       ] GC(1442) Pause Young (Allocation Failure)
[2085.654s][info][gc,heap        ] GC(1442) PSYoungGen: 683517K->2444K(689152K)
[2085.654s][info][gc,heap        ] GC(1442) PSOldGen: 80438K->83201K(1398272K)
[2085.654s][info][gc,metaspace   ] GC(1442) Metaspace: 90709K(98736K)->90709K(98736K) NonClass: 79374K(83888K)->79374K(83888K) Class: 11335K(14848K)->11335K(14848K)
[2085.654s][info][gc             ] GC(1442) Pause Young (Allocation Failure) 746M->83M(2038M) 2.350ms
[2085.654s][info][gc,cpu         ] GC(1442) User=0.00s Sys=0.00s Real=0.00s
[2087.745s][info][gc,start       ] GC(1443) Pause Young (GCLocker Initiated GC)
[2087.747s][info][gc,heap        ] GC(1443) PSYoungGen: 682380K->3710K(690176K)
[2087.747s][info][gc,heap        ] GC(1443) PSOldGen: 83202K->84872K(1398272K)
[2087.747s][info][gc,metaspace   ] GC(1443) Metaspace: 90709K(98736K)->90709K(98736K) NonClass: 79374K(83888K)->79374K(83888K) Class: 11335K(14848K)->11335K(14848K)
[2087.747s][info][gc             ] GC(1443) Pause Young (GCLocker Initiated GC) 747M->86M(2039M) 2.695ms
[2087.748s][info][gc,cpu         ] GC(1443) User=0.00s Sys=0.00s Real=0.00s
[2088.392s][info][gc,start       ] GC(1444) Pause Young (Allocation Failure)
[2088.396s][info][gc,heap        ] GC(1444) PSYoungGen: 684670K->8675K(689664K)
[2088.396s][info][gc,heap        ] GC(1444) PSOldGen: 88969K->94565K(1398272K)
[2088.396s][info][gc,metaspace   ] GC(1444) Metaspace: 90709K(98736K)->90709K(98736K) NonClass: 79374K(83888K)->79374K(83888K) Class: 11335K(14848K)->11335K(14848K)
[2088.396s][info][gc             ] GC(1444) Pause Young (Allocation Failure) 755M->100M(2039M) 4.230ms
[2088.396s][info][gc,cpu         ] GC(1444) User=0.02s Sys=0.00s Real=0.01s
[2089.945s][info][gc,start       ] GC(1445) Pause Young (Allocation Failure)
[2089.947s][info][gc,heap        ] GC(1445) PSYoungGen: 688504K->2743K(688640K)
[2089.948s][info][gc,heap        ] GC(1445) PSOldGen: 94565K->97393K(1398272K)
[2089.948s][info][gc,metaspace   ] GC(1445) Metaspace: 90709K(98736K)->90709K(98736K) NonClass: 79374K(83888K)->79374K(83888K) Class: 11335K(14848K)->11335K(14848K)
[2089.948s][info][gc             ] GC(1445) Pause Young (Allocation Failure) 764M->97M(2038M) 2.916ms
[2089.948s][info][gc,cpu         ] GC(1445) User=0.00s Sys=0.00s Real=0.01s
[2092.300s][info][gc,start       ] GC(1446) Pause Young (Allocation Failure)
[2092.303s][info][gc,heap        ] GC(1446) PSYoungGen: 682167K->2739K(689152K)
[2092.303s][info][gc,heap        ] GC(1446) PSOldGen: 97393K->99109K(1398272K)
[2092.303s][info][gc,metaspace   ] GC(1446) Metaspace: 90709K(98736K)->90709K(98736K) NonClass: 79374K(83888K)->79374K(83888K) Class: 11335K(14848K)->11335K(14848K)
[2092.303s][info][gc             ] GC(1446) Pause Young (Allocation Failure) 761M->99M(2038M) 2.508ms
[2092.303s][info][gc,cpu         ] GC(1446) User=0.00s Sys=0.00s Real=0.01s
[2093.986s][info][gc,start       ] GC(1447) Pause Young (Allocation Failure)
[2093.991s][info][gc,heap        ] GC(1447) PSYoungGen: 682163K->6849K(688640K)
[2093.991s][info][gc,heap        ] GC(1447) PSOldGen: 99109K->100962K(1398272K)
[2093.991s][info][gc,metaspace   ] GC(1447) Metaspace: 90709K(98736K)->90709K(98736K) NonClass: 79374K(83888K)->79374K(83888K) Class: 11335K(14848K)->11335K(14848K)
[2093.991s][info][gc             ] GC(1447) Pause Young (Allocation Failure) 762M->105M(2038M) 4.874ms
[2093.991s][info][gc,cpu         ] GC(1447) User=0.00s Sys=0.00s Real=0.00s
[2094.736s][info][gc,start       ] GC(1448) Pause Young (Allocation Failure)
[2094.739s][info][gc,heap        ] GC(1448) PSYoungGen: 686273K->3314K(689152K)
[2094.739s][info][gc,heap        ] GC(1448) PSOldGen: 100962K->103277K(1398272K)
[2094.739s][info][gc,metaspace   ] GC(1448) Metaspace: 90709K(98736K)->90709K(98736K) NonClass: 79374K(83888K)->79374K(83888K) Class: 11335K(14848K)->11335K(14848K)
[2094.739s][info][gc             ] GC(1448) Pause Young (Allocation Failure) 768M->104M(2038M) 2.923ms
[2094.739s][info][gc,cpu         ] GC(1448) User=0.00s Sys=0.00s Real=0.02s
[2096.993s][info][gc,start       ] GC(1449) Pause Young (Allocation Failure)
[2096.996s][info][gc,heap        ] GC(1449) PSYoungGen: 682738K->3536K(689664K)
[2096.996s][info][gc,heap        ] GC(1449) PSOldGen: 103277K->106176K(1398272K)
[2096.996s][info][gc,metaspace   ] GC(1449) Metaspace: 90709K(98736K)->90709K(98736K) NonClass: 79374K(83888K)->79374K(83888K) Class: 11335K(14848K)->11335K(14848K)
[2096.996s][info][gc             ] GC(1449) Pause Young (Allocation Failure) 767M->107M(2039M) 3.022ms
[2096.996s][info][gc,cpu         ] GC(1449) User=0.00s Sys=0.00s Real=0.00s
[2099.248s][info][gc,start       ] GC(1450) Pause Young (Allocation Failure)
[2099.251s][info][gc,heap        ] GC(1450) PSYoungGen: 683472K->2638K(689152K)
[2099.251s][info][gc,heap        ] GC(1450) PSOldGen: 106176K->107972K(1398272K)
[2099.251s][info][gc,metaspace   ] GC(1450) Metaspace: 90709K(98736K)->90709K(98736K) NonClass: 79374K(83888K)->79374K(83888K) Class: 11335K(14848K)->11335K(14848K)
[2099.251s][info][gc             ] GC(1450) Pause Young (Allocation Failure) 771M->108M(2038M) 2.583ms
[2099.251s][info][gc,cpu         ] GC(1450) User=0.00s Sys=0.00s Real=0.01s
[2100.148s][info][gc,start       ] GC(1451) Pause Young (Allocation Failure)
[2100.150s][info][gc,heap        ] GC(1451) PSYoungGen: 682574K->4211K(690176K)
[2100.150s][info][gc,heap        ] GC(1451) PSOldGen: 107972K->109479K(1398272K)
[2100.150s][info][gc,metaspace   ] GC(1451) Metaspace: 90709K(98736K)->90709K(98736K) NonClass: 79374K(83888K)->79374K(83888K) Class: 11335K(14848K)->11335K(14848K)
[2100.150s][info][gc             ] GC(1451) Pause Young (Allocation Failure) 772M->111M(2039M) 2.542ms
[2100.150s][info][gc,cpu         ] GC(1451) User=0.00s Sys=0.00s Real=0.00s
[2101.624s][info][gc,start       ] GC(1452) Pause Young (Allocation Failure)
[2101.627s][info][gc,heap        ] GC(1452) PSYoungGen: 685600K->2773K(690176K)
[2101.627s][info][gc,heap        ] GC(1452) PSOldGen: 109479K->112713K(1398272K)
[2101.627s][info][gc,metaspace   ] GC(1452) Metaspace: 90709K(98736K)->90709K(98736K) NonClass: 79374K(83888K)->79374K(83888K) Class: 11335K(14848K)->11335K(14848K)
[2101.627s][info][gc             ] GC(1452) Pause Young (Allocation Failure) 776M->112M(2039M) 2.892ms
[2101.627s][info][gc,cpu         ] GC(1452) User=0.06s Sys=0.00s Real=0.00s
[2103.872s][info][gc,start       ] GC(1453) Pause Young (Allocation Failure)
[2103.874s][info][gc,heap        ] GC(1453) PSYoungGen: 682899K->2544K(690688K)
[2103.874s][info][gc,heap        ] GC(1453) PSOldGen: 112713K->114337K(1398272K)
[2103.874s][info][gc,metaspace   ] GC(1453) Metaspace: 90709K(98736K)->90709K(98736K) NonClass: 79374K(83888K)->79374K(83888K) Class: 11335K(14848K)->11335K(14848K)
[2103.874s][info][gc             ] GC(1453) Pause Young (Allocation Failure) 776M->114M(2040M) 2.455ms
[2103.874s][info][gc,cpu         ] GC(1453) User=0.00s Sys=0.00s Real=0.00s
[2105.716s][info][gc,start       ] GC(1454) Pause Young (Allocation Failure)
[2105.719s][info][gc,heap        ] GC(1454) PSYoungGen: 685040K->4978K(690688K)
[2105.720s][info][gc,heap        ] GC(1454) PSOldGen: 114337K->116178K(1398272K)
[2105.720s][info][gc,metaspace   ] GC(1454) Metaspace: 90709K(98736K)->90709K(98736K) NonClass: 79374K(83888K)->79374K(83888K) Class: 11335K(14848K)->11335K(14848K)
[2105.720s][info][gc             ] GC(1454) Pause Young (Allocation Failure) 780M->118M(2040M) 3.719ms
[2105.720s][info][gc,cpu         ] GC(1454) User=0.00s Sys=0.00s Real=0.00s
[2106.466s][info][gc,start       ] GC(1455) Pause Young (Allocation Failure)
[2106.469s][info][gc,heap        ] GC(1455) PSYoungGen: 687474K->3262K(691200K)
[2106.469s][info][gc,heap        ] GC(1455) PSOldGen: 116178K->118273K(1398272K)
[2106.469s][info][gc,metaspace   ] GC(1455) Metaspace: 90709K(98736K)->90709K(98736K) NonClass: 79374K(83888K)->79374K(83888K) Class: 11335K(14848K)->11335K(14848K)
[2106.469s][info][gc             ] GC(1455) Pause Young (Allocation Failure) 784M->118M(2040M) 2.756ms
[2106.469s][info][gc,cpu         ] GC(1455) User=0.00s Sys=0.00s Real=0.00s
[2108.637s][info][gc,start       ] GC(1456) Pause Young (Allocation Failure)
[2108.640s][info][gc,heap        ] GC(1456) PSYoungGen: 686270K->3491K(690688K)
[2108.640s][info][gc,heap        ] GC(1456) PSOldGen: 118273K->121082K(1398272K)
[2108.640s][info][gc,metaspace   ] GC(1456) Metaspace: 90709K(98736K)->90709K(98736K) NonClass: 79374K(83888K)->79374K(83888K) Class: 11335K(14848K)->11335K(14848K)
[2108.640s][info][gc             ] GC(1456) Pause Young (Allocation Failure) 785M->121M(2040M) 2.753ms
[2108.640s][info][gc,cpu         ] GC(1456) User=0.00s Sys=0.00s Real=0.00s
[2109.297s][info][gc,start       ] GC(1457) Pause Young (Allocation Failure)
[2109.301s][info][gc,heap        ] GC(1457) PSYoungGen: 685313K->7669K(684032K)
[2109.301s][info][gc,heap        ] GC(1457) PSOldGen: 121082K->128379K(1398272K)
[2109.301s][info][gc,metaspace   ] GC(1457) Metaspace: 90709K(98736K)->90709K(98736K) NonClass: 79374K(83888K)->79374K(83888K) Class: 11335K(14848K)->11335K(14848K)
[2109.301s][info][gc             ] GC(1457) Pause Young (Allocation Failure) 787M->132M(2033M) 3.930ms
[2109.301s][info][gc,cpu         ] GC(1457) User=0.06s Sys=0.00s Real=0.01s
[2111.039s][info][gc,start       ] GC(1458) Pause Young (Allocation Failure)
[2111.041s][info][gc,heap        ] GC(1458) PSYoungGen: 684021K->4678K(687616K)
[2111.041s][info][gc,heap        ] GC(1458) PSOldGen: 128379K->130975K(1398272K)
[2111.041s][info][gc,metaspace   ] GC(1458) Metaspace: 90709K(98736K)->90709K(98736K) NonClass: 79374K(83888K)->79374K(83888K) Class: 11335K(14848K)->11335K(14848K)
[2111.041s][info][gc             ] GC(1458) Pause Young (Allocation Failure) 793M->132M(2037M) 2.882ms
[2111.041s][info][gc,cpu         ] GC(1458) User=0.00s Sys=0.00s Real=0.00s
[2112.495s][info][gc,start       ] GC(1459) Pause Young (Allocation Failure)
[2112.498s][info][gc,heap        ] GC(1459) PSYoungGen: 679175K->8031K(687104K)
[2112.498s][info][gc,heap        ] GC(1459) PSOldGen: 130975K->133205K(1398272K)
[2112.498s][info][gc,metaspace   ] GC(1459) Metaspace: 90709K(98736K)->90709K(98736K) NonClass: 79374K(83888K)->79374K(83888K) Class: 11335K(14848K)->11335K(14848K)
[2112.498s][info][gc             ] GC(1459) Pause Young (Allocation Failure) 791M->137M(2036M) 3.421ms
[2112.498s][info][gc,cpu         ] GC(1459) User=0.00s Sys=0.00s Real=0.00s
[2113.254s][info][gc,start       ] GC(1460) Pause Young (Allocation Failure)
[2113.256s][info][gc,heap        ] GC(1460) PSYoungGen: 684383K->3971K(687616K)
[2113.256s][info][gc,heap        ] GC(1460) PSOldGen: 133205K->135333K(1398272K)
[2113.256s][info][gc,metaspace   ] GC(1460) Metaspace: 90709K(98736K)->90709K(98736K) NonClass: 79374K(83888K)->79374K(83888K) Class: 11335K(14848K)->11335K(14848K)
[2113.256s][info][gc             ] GC(1460) Pause Young (Allocation Failure) 798M->136M(2037M) 2.588ms
[2113.256s][info][gc,cpu         ] GC(1460) User=0.00s Sys=0.00s Real=0.00s
[2115.328s][info][gc,start       ] GC(1461) Pause Young (Allocation Failure)
[2115.331s][info][gc,heap        ] GC(1461) PSYoungGen: 680323K->4087K(688128K)
[2115.331s][info][gc,heap        ] GC(1461) PSOldGen: 135333K->138297K(1398272K)
[2115.331s][info][gc,metaspace   ] GC(1461) Metaspace: 90709K(98736K)->90709K(98736K) NonClass: 79374K(83888K)->79374K(83888K) Class: 11335K(14848K)->11335K(14848K)
[2115.331s][info][gc             ] GC(1461) Pause Young (Allocation Failure) 796M->139M(2037M) 2.946ms
[2115.331s][info][gc,cpu         ] GC(1461) User=0.09s Sys=0.00s Real=0.00s
[2115.936s][info][gc,start       ] GC(1462) Pause Young (Allocation Failure)
[2115.939s][info][gc,heap        ] GC(1462) PSYoungGen: 681463K->3808K(688128K)
[2115.939s][info][gc,heap        ] GC(1462) PSOldGen: 138297K->140805K(1398272K)
[2115.939s][info][gc,metaspace   ] GC(1462) Metaspace: 90709K(98736K)->90709K(98736K) NonClass: 79374K(83888K)->79374K(83888K) Class: 11335K(14848K)->11335K(14848K)
[2115.939s][info][gc             ] GC(1462) Pause Young (Allocation Failure) 800M->141M(2037M) 2.793ms
[2115.939s][info][gc,cpu         ] GC(1462) User=0.00s Sys=0.00s Real=0.02s
[2117.985s][info][gc,start       ] GC(1463) Pause Young (Allocation Failure)
[2117.988s][info][gc,heap        ] GC(1463) PSYoungGen: 681184K->4233K(689152K)
[2117.988s][info][gc,heap        ] GC(1463) PSOldGen: 140805K->142740K(1398272K)
[2117.988s][info][gc,metaspace   ] GC(1463) Metaspace: 90709K(98736K)->90709K(98736K) NonClass: 79374K(83888K)->79374K(83888K) Class: 11335K(14848K)->11335K(14848K)
[2117.988s][info][gc             ] GC(1463) Pause Young (Allocation Failure) 802M->143M(2038M) 2.594ms
[2117.988s][info][gc,cpu         ] GC(1463) User=0.06s Sys=0.02s Real=0.00s
[2119.310s][info][gc,start       ] GC(1464) Pause Young (Allocation Failure)
[2119.314s][info][gc,heap        ] GC(1464) PSYoungGen: 683145K->4932K(688640K)
[2119.314s][info][gc,heap        ] GC(1464) PSOldGen: 142740K->144735K(1398272K)
[2119.314s][info][gc,metaspace   ] GC(1464) Metaspace: 90709K(98736K)->90709K(98736K) NonClass: 79374K(83888K)->79374K(83888K) Class: 11335K(14848K)->11335K(14848K)
[2119.314s][info][gc             ] GC(1464) Pause Young (Allocation Failure) 806M->146M(2038M) 3.425ms
[2119.314s][info][gc,cpu         ] GC(1464) User=0.00s Sys=0.00s Real=0.01s
[2119.433s][info][gc,start       ] GC(1465) Pause Young (System.gc())
[2119.435s][info][gc,heap        ] GC(1465) PSYoungGen: 195856K->512K(688640K)
[2119.436s][info][gc,heap        ] GC(1465) PSOldGen: 144735K->146648K(1398272K)
[2119.436s][info][gc,metaspace   ] GC(1465) Metaspace: 90709K(98736K)->90709K(98736K) NonClass: 79374K(83888K)->79374K(83888K) Class: 11335K(14848K)->11335K(14848K)
[2119.436s][info][gc             ] GC(1465) Pause Young (System.gc()) 332M->143M(2038M) 2.075ms
[2119.436s][info][gc,cpu         ] GC(1465) User=0.00s Sys=0.00s Real=0.00s
[2119.436s][info][gc,start       ] GC(1466) Pause Full (System.gc())
[2119.439s][info][gc,phases,start] GC(1466) Phase 1: Mark live objects
[2119.493s][info][gc,phases      ] GC(1466) Phase 1: Mark live objects 54.185ms
[2119.493s][info][gc,phases,start] GC(1466) Phase 2: Compute new object addresses
[2119.507s][info][gc,phases      ] GC(1466) Phase 2: Compute new object addresses 13.745ms
[2119.507s][info][gc,phases,start] GC(1466) Phase 3: Adjust pointers
[2119.541s][info][gc,phases      ] GC(1466) Phase 3: Adjust pointers 34.589ms
[2119.541s][info][gc,phases,start] GC(1466) Phase 4: Move objects
[2119.541s][info][gc,phases      ] GC(1466) Phase 4: Move objects 0.072ms
[2119.544s][info][gc,heap        ] GC(1466) PSYoungGen: 512K->0K(688640K)
[2119.544s][info][gc,heap        ] GC(1466) PSOldGen: 146648K->146999K(1398272K)
[2119.544s][info][gc,metaspace   ] GC(1466) Metaspace: 90709K(98736K)->90709K(98736K) NonClass: 79374K(83888K)->79374K(83888K) Class: 11335K(14848K)->11335K(14848K)
[2119.544s][info][gc             ] GC(1466) Pause Full (System.gc()) 143M->143M(2038M) 107.927ms
[2119.544s][info][gc,cpu         ] GC(1466) User=0.11s Sys=0.00s Real=0.11s
[2120.447s][info][gc,start       ] GC(1467) Pause Young (Allocation Failure)
[2120.449s][info][gc,heap        ] GC(1467) PSYoungGen: 679343K->3679K(689152K)
[2120.449s][info][gc,heap        ] GC(1467) PSOldGen: 146999K->146999K(1398272K)
[2120.449s][info][gc,metaspace   ] GC(1467) Metaspace: 90709K(98736K)->90709K(98736K) NonClass: 79374K(83888K)->79374K(83888K) Class: 11335K(14848K)->11335K(14848K)
[2120.449s][info][gc             ] GC(1467) Pause Young (Allocation Failure) 806M->147M(2038M) 2.719ms
[2120.449s][info][gc,cpu         ] GC(1467) User=0.00s Sys=0.00s Real=0.00s
[2122.831s][info][gc,start       ] GC(1468) Pause Young (Allocation Failure)
[2122.833s][info][gc,heap        ] GC(1468) PSYoungGen: 683103K->2508K(689664K)
[2122.833s][info][gc,heap        ] GC(1468) PSOldGen: 146999K->149814K(1398272K)
[2122.833s][info][gc,metaspace   ] GC(1468) Metaspace: 90709K(98736K)->90709K(98736K) NonClass: 79374K(83888K)->79374K(83888K) Class: 11335K(14848K)->11335K(14848K)
[2122.833s][info][gc             ] GC(1468) Pause Young (Allocation Failure) 810M->148M(2039M) 2.573ms
[2122.833s][info][gc,cpu         ] GC(1468) User=0.00s Sys=0.00s Real=0.00s
[2124.961s][info][gc,start       ] GC(1469) Pause Young (Allocation Failure)
[2124.964s][info][gc,heap        ] GC(1469) PSYoungGen: 682956K->3982K(689664K)
[2124.964s][info][gc,heap        ] GC(1469) PSOldGen: 149814K->151411K(1398272K)
[2124.964s][info][gc,metaspace   ] GC(1469) Metaspace: 90709K(98736K)->90709K(98736K) NonClass: 79374K(83888K)->79374K(83888K) Class: 11335K(14848K)->11335K(14848K)
[2124.964s][info][gc             ] GC(1469) Pause Young (Allocation Failure) 813M->151M(2039M) 2.603ms
[2124.964s][info][gc,cpu         ] GC(1469) User=0.00s Sys=0.00s Real=0.00s
[2125.587s][info][gc,start       ] GC(1470) Pause Young (Allocation Failure)
[2125.591s][info][gc,heap        ] GC(1470) PSYoungGen: 681811K->8675K(684032K)
[2125.591s][info][gc,heap        ] GC(1470) PSOldGen: 151411K->157079K(1398272K)
[2125.591s][info][gc,metaspace   ] GC(1470) Metaspace: 90709K(98736K)->90709K(98736K) NonClass: 79374K(83888K)->79374K(83888K) Class: 11335K(14848K)->11335K(14848K)
[2125.591s][info][gc             ] GC(1470) Pause Young (Allocation Failure) 813M->161M(2033M) 3.862ms
[2125.591s][info][gc,cpu         ] GC(1470) User=0.00s Sys=0.00s Real=0.00s
[2127.138s][info][gc,start       ] GC(1471) Pause Young (GCLocker Initiated GC)
[2127.141s][info][gc,heap        ] GC(1471) PSYoungGen: 684003K->4736K(687104K)
[2127.141s][info][gc,heap        ] GC(1471) PSOldGen: 157080K->159931K(1398272K)
[2127.141s][info][gc,metaspace   ] GC(1471) Metaspace: 90709K(98736K)->90709K(98736K) NonClass: 79374K(83888K)->79374K(83888K) Class: 11335K(14848K)->11335K(14848K)
[2127.141s][info][gc             ] GC(1471) Pause Young (GCLocker Initiated GC) 821M->160M(2036M) 3.057ms
[2127.141s][info][gc,cpu         ] GC(1471) User=0.00s Sys=0.00s Real=0.01s
[2129.374s][info][gc,start       ] GC(1472) Pause Young (Allocation Failure)
[2129.376s][info][gc,heap        ] GC(1472) PSYoungGen: 680064K->3240K(687616K)
[2129.376s][info][gc,heap        ] GC(1472) PSOldGen: 159933K->161591K(1398272K)
[2129.376s][info][gc,metaspace   ] GC(1472) Metaspace: 90709K(98736K)->90709K(98736K) NonClass: 79374K(83888K)->79374K(83888K) Class: 11335K(14848K)->11335K(14848K)
[2129.376s][info][gc             ] GC(1472) Pause Young (Allocation Failure) 820M->160M(2037M) 2.740ms
[2129.376s][info][gc,cpu         ] GC(1472) User=0.00s Sys=0.00s Real=0.00s
[2131.229s][info][gc,start       ] GC(1473) Pause Young (Allocation Failure)
[2131.232s][info][gc,heap        ] GC(1473) PSYoungGen: 679592K->5095K(687616K)
[2131.233s][info][gc,heap        ] GC(1473) PSOldGen: 161591K->163543K(1398272K)
[2131.233s][info][gc,metaspace   ] GC(1473) Metaspace: 90709K(98736K)->90709K(98736K) NonClass: 79374K(83888K)->79374K(83888K) Class: 11335K(14848K)->11335K(14848K)
[2131.233s][info][gc             ] GC(1473) Pause Young (Allocation Failure) 821M->164M(2037M) 3.503ms
[2131.233s][info][gc,cpu         ] GC(1473) User=0.00s Sys=0.00s Real=0.00s
[2131.991s][info][gc,start       ] GC(1474) Pause Young (Allocation Failure)
[2131.993s][info][gc,heap        ] GC(1474) PSYoungGen: 681447K->3411K(688640K)
[2131.993s][info][gc,heap        ] GC(1474) PSOldGen: 163543K->165723K(1398272K)
[2131.993s][info][gc,metaspace   ] GC(1474) Metaspace: 90709K(98736K)->90709K(98736K) NonClass: 79374K(83888K)->79374K(83888K) Class: 11335K(14848K)->11335K(14848K)
[2131.993s][info][gc             ] GC(1474) Pause Young (Allocation Failure) 825M->165M(2038M) 2.914ms
[2131.993s][info][gc,cpu         ] GC(1474) User=0.00s Sys=0.00s Real=0.00s
[2134.214s][info][gc,start       ] GC(1475) Pause Young (Allocation Failure)
[2134.217s][info][gc,heap        ] GC(1475) PSYoungGen: 681299K->2910K(688128K)
[2134.217s][info][gc,heap        ] GC(1475) PSOldGen: 165723K->168561K(1398272K)
[2134.217s][info][gc,metaspace   ] GC(1475) Metaspace: 90709K(98736K)->90709K(98736K) NonClass: 79374K(83888K)->79374K(83888K) Class: 11335K(14848K)->11335K(14848K)
[2134.217s][info][gc             ] GC(1475) Pause Young (Allocation Failure) 827M->167M(2037M) 2.756ms
[2134.217s][info][gc,cpu         ] GC(1475) User=0.00s Sys=0.00s Real=0.00s
[2136.471s][info][gc,start       ] GC(1476) Pause Young (Allocation Failure)
[2136.473s][info][gc,heap        ] GC(1476) PSYoungGen: 680798K->3249K(689152K)
[2136.473s][info][gc,heap        ] GC(1476) PSOldGen: 168561K->169965K(1398272K)
[2136.473s][info][gc,metaspace   ] GC(1476) Metaspace: 90709K(98736K)->90709K(98736K) NonClass: 79374K(83888K)->79374K(83888K) Class: 11335K(14848K)->11335K(14848K)
[2136.473s][info][gc             ] GC(1476) Pause Young (Allocation Failure) 829M->169M(2038M) 2.593ms
[2136.473s][info][gc,cpu         ] GC(1476) User=0.00s Sys=0.00s Real=0.00s
[2137.333s][info][gc,start       ] GC(1477) Pause Young (Allocation Failure)
[2137.335s][info][gc,heap        ] GC(1477) PSYoungGen: 682161K->3755K(688640K)
[2137.335s][info][gc,heap        ] GC(1477) PSOldGen: 169965K->171959K(1398272K)
[2137.335s][info][gc,metaspace   ] GC(1477) Metaspace: 90709K(98736K)->90709K(98736K) NonClass: 79374K(83888K)->79374K(83888K) Class: 11335K(14848K)->11335K(14848K)
[2137.335s][info][gc             ] GC(1477) Pause Young (Allocation Failure) 832M->171M(2038M) 2.835ms
[2137.335s][info][gc,cpu         ] GC(1477) User=0.00s Sys=0.00s Real=0.00s
[2138.719s][info][gc,start       ] GC(1478) Pause Young (GCLocker Initiated GC)
[2138.722s][info][gc,heap        ] GC(1478) PSYoungGen: 682667K->4754K(689664K)
[2138.722s][info][gc,heap        ] GC(1478) PSOldGen: 171959K->174606K(1398272K)
[2138.722s][info][gc,metaspace   ] GC(1478) Metaspace: 90709K(98736K)->90709K(98736K) NonClass: 79374K(83888K)->79374K(83888K) Class: 11335K(14848K)->11335K(14848K)
[2138.722s][info][gc             ] GC(1478) Pause Young (GCLocker Initiated GC) 834M->175M(2039M) 3.224ms
[2138.722s][info][gc,cpu         ] GC(1478) User=0.09s Sys=0.00s Real=0.01s
[2141.003s][info][gc,start       ] GC(1479) Pause Young (Allocation Failure)
[2141.006s][info][gc,heap        ] GC(1479) PSYoungGen: 685202K->3032K(689664K)
[2141.006s][info][gc,heap        ] GC(1479) PSOldGen: 181776K->183908K(1398272K)
[2141.006s][info][gc,metaspace   ] GC(1479) Metaspace: 90709K(98736K)->90709K(98736K) NonClass: 79374K(83888K)->79374K(83888K) Class: 11335K(14848K)->11335K(14848K)
[2141.006s][info][gc             ] GC(1479) Pause Young (Allocation Failure) 846M->182M(2039M) 2.526ms
[2141.006s][info][gc,cpu         ] GC(1479) User=0.00s Sys=0.00s Real=0.00s
[2142.923s][info][gc,start       ] GC(1480) Pause Young (Allocation Failure)
[2142.926s][info][gc,heap        ] GC(1480) PSYoungGen: 683480K->3879K(690176K)
[2142.926s][info][gc,heap        ] GC(1480) PSOldGen: 183908K->185772K(1398272K)
[2142.926s][info][gc,metaspace   ] GC(1480) Metaspace: 90709K(98736K)->90709K(98736K) NonClass: 79374K(83888K)->79374K(83888K) Class: 11335K(14848K)->11335K(14848K)
[2142.926s][info][gc             ] GC(1480) Pause Young (Allocation Failure) 847M->185M(2039M) 2.884ms
[2142.926s][info][gc,cpu         ] GC(1480) User=0.02s Sys=0.00s Real=0.00s
[2143.690s][info][gc,start       ] GC(1481) Pause Young (Allocation Failure)
[2143.693s][info][gc,heap        ] GC(1481) PSYoungGen: 685351K->3147K(690176K)
[2143.693s][info][gc,heap        ] GC(1481) PSOldGen: 185772K->188063K(1398272K)
[2143.693s][info][gc,metaspace   ] GC(1481) Metaspace: 90709K(98736K)->90709K(98736K) NonClass: 79374K(83888K)->79374K(83888K) Class: 11335K(14848K)->11335K(14848K)
[2143.693s][info][gc             ] GC(1481) Pause Young (Allocation Failure) 850M->186M(2039M) 3.101ms
[2143.693s][info][gc,cpu         ] GC(1481) User=0.00s Sys=0.00s Real=0.00s
[2145.862s][info][gc,start       ] GC(1482) Pause Young (Allocation Failure)
[2145.864s][info][gc,heap        ] GC(1482) PSYoungGen: 681788K->2092K(690688K)
[2145.864s][info][gc,heap        ] GC(1482) PSOldGen: 188063K->190803K(1398272K)
[2145.864s][info][gc,metaspace   ] GC(1482) Metaspace: 90709K(98736K)->90709K(98736K) NonClass: 79374K(83888K)->79374K(83888K) Class: 11335K(14848K)->11335K(14848K)
[2145.864s][info][gc             ] GC(1482) Pause Young (Allocation Failure) 849M->188M(2040M) 2.454ms
[2145.864s][info][gc,cpu         ] GC(1482) User=0.00s Sys=0.00s Real=0.00s
[2146.537s][info][gc,start       ] GC(1483) Pause Young (Allocation Failure)
[2146.541s][info][gc,heap        ] GC(1483) PSYoungGen: 684061K->8181K(690688K)
[2146.541s][info][gc,heap        ] GC(1483) PSOldGen: 190803K->197318K(1398272K)
[2146.541s][info][gc,metaspace   ] GC(1483) Metaspace: 90709K(98736K)->90709K(98736K) NonClass: 79374K(83888K)->79374K(83888K) Class: 11335K(14848K)->11335K(14848K)
[2146.541s][info][gc             ] GC(1483) Pause Young (Allocation Failure) 854M->200M(2040M) 3.656ms
[2146.541s][info][gc,cpu         ] GC(1483) User=0.00s Sys=0.00s Real=0.00s
[2148.221s][info][gc,start       ] GC(1484) Pause Young (Allocation Failure)
[2148.223s][info][gc,heap        ] GC(1484) PSYoungGen: 689774K->2777K(683520K)
[2148.223s][info][gc,heap        ] GC(1484) PSOldGen: 197318K->200132K(1398272K)
[2148.223s][info][gc,metaspace   ] GC(1484) Metaspace: 90709K(98736K)->90709K(98736K) NonClass: 79374K(83888K)->79374K(83888K) Class: 11335K(14848K)->11335K(14848K)
[2148.223s][info][gc             ] GC(1484) Pause Young (Allocation Failure) 866M->198M(2033M) 2.700ms
[2148.224s][info][gc,cpu         ] GC(1484) User=0.00s Sys=0.00s Real=0.00s
[2149.716s][info][gc,start       ] GC(1485) Pause Young (Allocation Failure)
[2149.720s][info][gc,heap        ] GC(1485) PSYoungGen: 677026K->11774K(687104K)
[2149.720s][info][gc,heap        ] GC(1485) PSOldGen: 200132K->202642K(1398272K)
[2149.720s][info][gc,metaspace   ] GC(1485) Metaspace: 90709K(98736K)->90709K(98736K) NonClass: 79374K(83888K)->79374K(83888K) Class: 11335K(14848K)->11335K(14848K)
[2149.720s][info][gc             ] GC(1485) Pause Young (Allocation Failure) 856M->209M(2036M) 3.558ms
[2149.720s][info][gc,cpu         ] GC(1485) User=0.00s Sys=0.00s Real=0.01s
[2150.412s][info][gc,start       ] GC(1486) Pause Young (GCLocker Initiated GC)
[2150.415s][info][gc,heap        ] GC(1486) PSYoungGen: 687102K->4850K(683008K)
[2150.415s][info][gc,heap        ] GC(1486) PSOldGen: 202674K->204970K(1398272K)
[2150.415s][info][gc,metaspace   ] GC(1486) Metaspace: 90709K(98736K)->90709K(98736K) NonClass: 79374K(83888K)->79374K(83888K) Class: 11335K(14848K)->11335K(14848K)
[2150.415s][info][gc             ] GC(1486) Pause Young (GCLocker Initiated GC) 868M->204M(2032M) 2.983ms
[2150.415s][info][gc,cpu         ] GC(1486) User=0.00s Sys=0.00s Real=0.01s
[2152.547s][info][gc,start       ] GC(1487) Pause Young (Allocation Failure)
[2152.550s][info][gc,heap        ] GC(1487) PSYoungGen: 676082K->3346K(685056K)
[2152.550s][info][gc,heap        ] GC(1487) PSOldGen: 209091K->212067K(1398272K)
[2152.550s][info][gc,metaspace   ] GC(1487) Metaspace: 90709K(98736K)->90709K(98736K) NonClass: 79374K(83888K)->79374K(83888K) Class: 11335K(14848K)->11335K(14848K)
[2152.550s][info][gc             ] GC(1487) Pause Young (Allocation Failure) 864M->210M(2034M) 2.965ms
[2152.550s][info][gc,cpu         ] GC(1487) User=0.09s Sys=0.00s Real=0.00s
[2153.098s][info][gc,start       ] GC(1488) Pause Young (Allocation Failure)
[2153.101s][info][gc,heap        ] GC(1488) PSYoungGen: 674074K->2085K(685568K)
[2153.101s][info][gc,heap        ] GC(1488) PSOldGen: 212067K->214658K(1398272K)
[2153.102s][info][gc,metaspace   ] GC(1488) Metaspace: 90709K(98736K)->90709K(98736K) NonClass: 79374K(83888K)->79374K(83888K) Class: 11335K(14848K)->11335K(14848K)
[2153.102s][info][gc             ] GC(1488) Pause Young (Allocation Failure) 865M->211M(2035M) 3.084ms
[2153.102s][info][gc,cpu         ] GC(1488) User=0.00s Sys=0.00s Real=0.00s
[2155.091s][info][gc,start       ] GC(1489) Pause Young (Allocation Failure)
[2155.095s][info][gc,heap        ] GC(1489) PSYoungGen: 674341K->6931K(685568K)
[2155.095s][info][gc,heap        ] GC(1489) PSOldGen: 214658K->216218K(1398272K)
[2155.095s][info][gc,metaspace   ] GC(1489) Metaspace: 90709K(98736K)->90709K(98736K) NonClass: 79374K(83888K)->79374K(83888K) Class: 11335K(14848K)->11335K(14848K)
[2155.095s][info][gc             ] GC(1489) Pause Young (Allocation Failure) 868M->217M(2035M) 3.187ms
[2155.095s][info][gc,cpu         ] GC(1489) User=0.00s Sys=0.00s Real=0.00s
[2156.496s][info][gc,start       ] GC(1490) Pause Young (Allocation Failure)
[2156.499s][info][gc,heap        ] GC(1490) PSYoungGen: 679187K->3143K(686080K)
[2156.499s][info][gc,heap        ] GC(1490) PSOldGen: 216218K->218576K(1398272K)
[2156.499s][info][gc,metaspace   ] GC(1490) Metaspace: 90709K(98736K)->90709K(98736K) NonClass: 79374K(83888K)->79374K(83888K) Class: 11335K(14848K)->11335K(14848K)
[2156.499s][info][gc             ] GC(1490) Pause Young (Allocation Failure) 874M->216M(2035M) 3.264ms
[2156.500s][info][gc,cpu         ] GC(1490) User=0.00s Sys=0.00s Real=0.00s
[2156.649s][info][gc,start       ] GC(1491) Pause Young (System.gc())
[2156.651s][info][gc,heap        ] GC(1491) PSYoungGen: 228698K->448K(686080K)
[2156.651s][info][gc,heap        ] GC(1491) PSOldGen: 218576K->220615K(1398272K)
[2156.651s][info][gc,metaspace   ] GC(1491) Metaspace: 90709K(98736K)->90709K(98736K) NonClass: 79374K(83888K)->79374K(83888K) Class: 11335K(14848K)->11335K(14848K)
[2156.651s][info][gc             ] GC(1491) Pause Young (System.gc()) 436M->215M(2035M) 2.308ms
[2156.651s][info][gc,cpu         ] GC(1491) User=0.00s Sys=0.00s Real=0.00s
[2156.651s][info][gc,start       ] GC(1492) Pause Full (System.gc())
[2156.655s][info][gc,phases,start] GC(1492) Phase 1: Mark live objects
[2156.712s][info][gc,phases      ] GC(1492) Phase 1: Mark live objects 57.197ms
[2156.712s][info][gc,phases,start] GC(1492) Phase 2: Compute new object addresses
[2156.727s][info][gc,phases      ] GC(1492) Phase 2: Compute new object addresses 14.850ms
[2156.727s][info][gc,phases,start] GC(1492) Phase 3: Adjust pointers
[2156.763s][info][gc,phases      ] GC(1492) Phase 3: Adjust pointers 36.133ms
[2156.763s][info][gc,phases,start] GC(1492) Phase 4: Move objects
[2156.770s][info][gc,phases      ] GC(1492) Phase 4: Move objects 7.208ms
[2156.773s][info][gc,heap        ] GC(1492) PSYoungGen: 448K->0K(686080K)
[2156.773s][info][gc,heap        ] GC(1492) PSOldGen: 220615K->149971K(1398272K)
[2156.773s][info][gc,metaspace   ] GC(1492) Metaspace: 90709K(98736K)->90709K(98736K) NonClass: 79374K(83888K)->79374K(83888K) Class: 11335K(14848K)->11335K(14848K)
[2156.773s][info][gc             ] GC(1492) Pause Full (System.gc()) 215M->146M(2035M) 121.429ms
[2156.773s][info][gc,cpu         ] GC(1492) User=0.11s Sys=0.00s Real=0.13s
[2157.641s][info][gc,start       ] GC(1493) Pause Young (Allocation Failure)
[2157.643s][info][gc,heap        ] GC(1493) PSYoungGen: 673280K->3605K(686592K)
[2157.643s][info][gc,heap        ] GC(1493) PSOldGen: 149971K->149971K(1398272K)
[2157.643s][info][gc,metaspace   ] GC(1493) Metaspace: 90709K(98736K)->90709K(98736K) NonClass: 79374K(83888K)->79374K(83888K) Class: 11335K(14848K)->11335K(14848K)
[2157.643s][info][gc             ] GC(1493) Pause Young (Allocation Failure) 803M->149M(2036M) 2.399ms
[2157.643s][info][gc,cpu         ] GC(1493) User=0.09s Sys=0.00s Real=0.00s
[2159.934s][info][gc,start       ] GC(1494) Pause Young (Allocation Failure)
[2159.937s][info][gc,heap        ] GC(1494) PSYoungGen: 677059K->2527K(686080K)
[2159.937s][info][gc,heap        ] GC(1494) PSOldGen: 149971K->153101K(1398272K)
[2159.937s][info][gc,metaspace   ] GC(1494) Metaspace: 90709K(98736K)->90709K(98736K) NonClass: 79374K(83888K)->79374K(83888K) Class: 11335K(14848K)->11335K(14848K)
[2159.937s][info][gc             ] GC(1494) Pause Young (Allocation Failure) 807M->151M(2035M) 2.498ms
[2159.937s][info][gc,cpu         ] GC(1494) User=0.00s Sys=0.00s Real=0.01s
[2162.070s][info][gc,start       ] GC(1495) Pause Young (Allocation Failure)
[2162.072s][info][gc,heap        ] GC(1495) PSYoungGen: 676273K->2367K(687616K)
[2162.072s][info][gc,heap        ] GC(1495) PSOldGen: 153101K->154804K(1398272K)
[2162.072s][info][gc,metaspace   ] GC(1495) Metaspace: 90709K(98736K)->90709K(98736K) NonClass: 79374K(83888K)->79374K(83888K) Class: 11335K(14848K)->11335K(14848K)
[2162.072s][info][gc             ] GC(1495) Pause Young (Allocation Failure) 809M->153M(2037M) 2.685ms
[2162.073s][info][gc,cpu         ] GC(1495) User=0.00s Sys=0.00s Real=0.00s
[2162.740s][info][gc,start       ] GC(1496) Pause Young (Allocation Failure)
[2162.743s][info][gc,heap        ] GC(1496) PSYoungGen: 677521K->8595K(684544K)
[2162.743s][info][gc,heap        ] GC(1496) PSOldGen: 154804K->160399K(1398272K)
[2162.743s][info][gc,metaspace   ] GC(1496) Metaspace: 90709K(98736K)->90709K(98736K) NonClass: 79374K(83888K)->79374K(83888K) Class: 11335K(14848K)->11335K(14848K)
[2162.743s][info][gc             ] GC(1496) Pause Young (Allocation Failure) 812M->165M(2034M) 3.306ms
[2162.743s][info][gc,cpu         ] GC(1496) User=0.00s Sys=0.00s Real=0.00s
[2164.197s][info][gc,start       ] GC(1497) Pause Young (Allocation Failure)
[2164.201s][info][gc,heap        ] GC(1497) PSYoungGen: 684435K->2993K(687104K)
[2164.201s][info][gc,heap        ] GC(1497) PSOldGen: 160399K->163424K(1398272K)
[2164.201s][info][gc,metaspace   ] GC(1497) Metaspace: 90709K(98736K)->90709K(98736K) NonClass: 79374K(83888K)->79374K(83888K) Class: 11335K(14848K)->11335K(14848K)
[2164.201s][info][gc             ] GC(1497) Pause Young (Allocation Failure) 825M->162M(2036M) 3.807ms
[2164.201s][info][gc,cpu         ] GC(1497) User=0.00s Sys=0.00s Real=0.00s
[2166.339s][info][gc,start       ] GC(1498) Pause Young (Allocation Failure)
[2166.342s][info][gc,heap        ] GC(1498) PSYoungGen: 677809K->4394K(686592K)
[2166.342s][info][gc,heap        ] GC(1498) PSOldGen: 163424K->165046K(1398272K)
[2166.342s][info][gc,metaspace   ] GC(1498) Metaspace: 90709K(98736K)->90709K(98736K) NonClass: 79374K(83888K)->79374K(83888K) Class: 11335K(14848K)->11335K(14848K)
[2166.342s][info][gc             ] GC(1498) Pause Young (Allocation Failure) 821M->165M(2036M) 2.880ms
[2166.342s][info][gc,cpu         ] GC(1498) User=0.00s Sys=0.00s Real=0.00s
[2168.339s][info][gc,start       ] GC(1499) Pause Young (Allocation Failure)
[2168.341s][info][gc,heap        ] GC(1499) PSYoungGen: 679210K->3795K(688128K)
[2168.341s][info][gc,heap        ] GC(1499) PSOldGen: 165046K->166909K(1398272K)
[2168.341s][info][gc,metaspace   ] GC(1499) Metaspace: 90709K(98736K)->90709K(98736K) NonClass: 79374K(83888K)->79374K(83888K) Class: 11335K(14848K)->11335K(14848K)
[2168.341s][info][gc             ] GC(1499) Pause Young (Allocation Failure) 824M->166M(2037M) 2.936ms
[2168.342s][info][gc,cpu         ] GC(1499) User=0.00s Sys=0.00s Real=0.00s
[2169.095s][info][gc,start       ] GC(1500) Pause Young (Allocation Failure)
[2169.098s][info][gc,heap        ] GC(1500) PSYoungGen: 680659K->3400K(687616K)
[2169.098s][info][gc,heap        ] GC(1500) PSOldGen: 166909K->169235K(1398272K)
[2169.098s][info][gc,metaspace   ] GC(1500) Metaspace: 90709K(98736K)->90709K(98736K) NonClass: 79374K(83888K)->79374K(83888K) Class: 11335K(14848K)->11335K(14848K)
[2169.098s][info][gc             ] GC(1500) Pause Young (Allocation Failure) 827M->168M(2037M) 2.884ms
[2169.098s][info][gc,cpu         ] GC(1500) User=0.02s Sys=0.00s Real=0.01s
[2171.284s][info][gc,start       ] GC(1501) Pause Young (GCLocker Initiated GC)
[2171.287s][info][gc,heap        ] GC(1501) PSYoungGen: 680264K->4037K(689152K)
[2171.287s][info][gc,heap        ] GC(1501) PSOldGen: 169263K->172122K(1398272K)
[2171.287s][info][gc,metaspace   ] GC(1501) Metaspace: 90709K(98736K)->90709K(98736K) NonClass: 79374K(83888K)->79374K(83888K) Class: 11335K(14848K)->11335K(14848K)
[2171.287s][info][gc             ] GC(1501) Pause Young (GCLocker Initiated GC) 829M->172M(2038M) 2.775ms
[2171.287s][info][gc,cpu         ] GC(1501) User=0.00s Sys=0.00s Real=0.00s
[2173.489s][info][gc,start       ] GC(1502) Pause Young (GCLocker Initiated GC)
[2173.491s][info][gc,heap        ] GC(1502) PSYoungGen: 682949K->4398K(688640K)
[2173.491s][info][gc,heap        ] GC(1502) PSOldGen: 172286K->173681K(1398272K)
[2173.491s][info][gc,metaspace   ] GC(1502) Metaspace: 90709K(98736K)->90709K(98736K) NonClass: 79374K(83888K)->79374K(83888K) Class: 11335K(14848K)->11335K(14848K)
[2173.491s][info][gc             ] GC(1502) Pause Young (GCLocker Initiated GC) 835M->173M(2038M) 2.584ms
[2173.491s][info][gc,cpu         ] GC(1502) User=0.00s Sys=0.00s Real=0.00s
[2174.417s][info][gc,start       ] GC(1503) Pause Young (Allocation Failure)
[2174.421s][info][gc,heap        ] GC(1503) PSYoungGen: 683310K->3992K(690176K)
[2174.422s][info][gc,heap        ] GC(1503) PSOldGen: 182002K->184065K(1398272K)
[2174.422s][info][gc,metaspace   ] GC(1503) Metaspace: 90709K(98736K)->90709K(98736K) NonClass: 79374K(83888K)->79374K(83888K) Class: 11335K(14848K)->11335K(14848K)
[2174.422s][info][gc             ] GC(1503) Pause Young (Allocation Failure) 845M->183M(2039M) 4.597ms
[2174.422s][info][gc,cpu         ] GC(1503) User=0.00s Sys=0.00s Real=0.00s
[2175.794s][info][gc,start       ] GC(1504) Pause Young (Allocation Failure)
[2175.796s][info][gc,heap        ] GC(1504) PSYoungGen: 684952K->3496K(689664K)
[2175.796s][info][gc,heap        ] GC(1504) PSOldGen: 184065K->186780K(1398272K)
[2175.796s][info][gc,metaspace   ] GC(1504) Metaspace: 90709K(98736K)->90709K(98736K) NonClass: 79374K(83888K)->79374K(83888K) Class: 11335K(14848K)->11335K(14848K)
[2175.796s][info][gc             ] GC(1504) Pause Young (Allocation Failure) 848M->185M(2039M) 2.824ms
[2175.796s][info][gc,cpu         ] GC(1504) User=0.00s Sys=0.00s Real=0.01s
[2177.988s][info][gc,start       ] GC(1505) Pause Young (Allocation Failure)
[2177.991s][info][gc,heap        ] GC(1505) PSYoungGen: 684456K->3093K(690688K)
[2177.991s][info][gc,heap        ] GC(1505) PSOldGen: 186780K->188911K(1398272K)
[2177.991s][info][gc,metaspace   ] GC(1505) Metaspace: 90709K(98736K)->90709K(98736K) NonClass: 79374K(83888K)->79374K(83888K) Class: 11335K(14848K)->11335K(14848K)
[2177.991s][info][gc             ] GC(1505) Pause Young (Allocation Failure) 850M->187M(2040M) 2.897ms
[2177.991s][info][gc,cpu         ] GC(1505) User=0.00s Sys=0.00s Real=0.01s
[2179.994s][info][gc,start       ] GC(1506) Pause Young (Allocation Failure)
[2179.997s][info][gc,heap        ] GC(1506) PSYoungGen: 684776K->3219K(690688K)
[2179.997s][info][gc,heap        ] GC(1506) PSOldGen: 188911K->190696K(1398272K)
[2179.997s][info][gc,metaspace   ] GC(1506) Metaspace: 90709K(98736K)->90709K(98736K) NonClass: 79374K(83888K)->79374K(83888K) Class: 11335K(14848K)->11335K(14848K)
[2179.997s][info][gc             ] GC(1506) Pause Young (Allocation Failure) 853M->189M(2040M) 2.883ms
[2179.997s][info][gc,cpu         ] GC(1506) User=0.00s Sys=0.00s Real=0.00s
[2180.810s][info][gc,start       ] GC(1507) Pause Young (Allocation Failure)
[2180.813s][info][gc,heap        ] GC(1507) PSYoungGen: 685715K->3037K(691200K)
[2180.813s][info][gc,heap        ] GC(1507) PSOldGen: 190696K->192818K(1398272K)
[2180.813s][info][gc,metaspace   ] GC(1507) Metaspace: 90709K(98736K)->90709K(98736K) NonClass: 79374K(83888K)->79374K(83888K) Class: 11335K(14848K)->11335K(14848K)
[2180.813s][info][gc             ] GC(1507) Pause Young (Allocation Failure) 855M->191M(2040M) 2.767ms
[2180.813s][info][gc,cpu         ] GC(1507) User=0.00s Sys=0.00s Real=0.00s
[2182.984s][info][gc,start       ] GC(1508) Pause Young (Allocation Failure)
[2182.987s][info][gc,heap        ] GC(1508) PSYoungGen: 686557K->4012K(691200K)
[2182.987s][info][gc,heap        ] GC(1508) PSOldGen: 192818K->195499K(1398272K)
[2182.987s][info][gc,metaspace   ] GC(1508) Metaspace: 90709K(98736K)->90709K(98736K) NonClass: 79374K(83888K)->79374K(83888K) Class: 11335K(14848K)->11335K(14848K)
[2182.987s][info][gc             ] GC(1508) Pause Young (Allocation Failure) 858M->194M(2040M) 3.074ms
[2182.987s][info][gc,cpu         ] GC(1508) User=0.08s Sys=0.00s Real=0.01s
[2183.674s][info][gc,start       ] GC(1509) Pause Young (Allocation Failure)
[2183.678s][info][gc,heap        ] GC(1509) PSYoungGen: 686639K->4739K(691712K)
[2183.678s][info][gc,heap        ] GC(1509) PSOldGen: 195499K->209247K(1398272K)
[2183.678s][info][gc,metaspace   ] GC(1509) Metaspace: 90709K(98736K)->90709K(98736K) NonClass: 79374K(83888K)->79374K(83888K) Class: 11335K(14848K)->11335K(14848K)
[2183.679s][info][gc             ] GC(1509) Pause Young (Allocation Failure) 861M->208M(2041M) 4.656ms
[2183.679s][info][gc,cpu         ] GC(1509) User=0.00s Sys=0.00s Real=0.00s
[2185.270s][info][gc,start       ] GC(1510) Pause Young (Allocation Failure)
[2185.273s][info][gc,heap        ] GC(1510) PSYoungGen: 689283K->2911K(691712K)
[2185.273s][info][gc,heap        ] GC(1510) PSOldGen: 209247K->212282K(1398272K)
[2185.273s][info][gc,metaspace   ] GC(1510) Metaspace: 90709K(98736K)->90709K(98736K) NonClass: 79374K(83888K)->79374K(83888K) Class: 11335K(14848K)->11335K(14848K)
[2185.273s][info][gc             ] GC(1510) Pause Young (Allocation Failure) 877M->210M(2041M) 3.031ms
[2185.273s][info][gc,cpu         ] GC(1510) User=0.00s Sys=0.00s Real=0.00s
[2186.867s][info][gc,start       ] GC(1511) Pause Young (Allocation Failure)
[2186.870s][info][gc,heap        ] GC(1511) PSYoungGen: 687455K->3777K(691712K)
[2186.870s][info][gc,heap        ] GC(1511) PSOldGen: 212282K->214423K(1398272K)
[2186.870s][info][gc,metaspace   ] GC(1511) Metaspace: 90709K(98736K)->90709K(98736K) NonClass: 79374K(83888K)->79374K(83888K) Class: 11335K(14848K)->11335K(14848K)
[2186.870s][info][gc             ] GC(1511) Pause Young (Allocation Failure) 878M->213M(2041M) 3.065ms
[2186.870s][info][gc,cpu         ] GC(1511) User=0.00s Sys=0.00s Real=0.02s
[2187.551s][info][gc,start       ] GC(1512) Pause Young (Allocation Failure)
[2187.553s][info][gc,heap        ] GC(1512) PSYoungGen: 688321K->3855K(691712K)
[2187.553s][info][gc,heap        ] GC(1512) PSOldGen: 214423K->216426K(1398272K)
[2187.553s][info][gc,metaspace   ] GC(1512) Metaspace: 90709K(98736K)->90709K(98736K) NonClass: 79374K(83888K)->79374K(83888K) Class: 11335K(14848K)->11335K(14848K)
[2187.553s][info][gc             ] GC(1512) Pause Young (Allocation Failure) 881M->215M(2041M) 2.669ms
[2187.553s][info][gc,cpu         ] GC(1512) User=0.00s Sys=0.00s Real=0.00s
[2189.702s][info][gc,start       ] GC(1513) Pause Young (Allocation Failure)
[2189.705s][info][gc,heap        ] GC(1513) PSYoungGen: 688399K->3667K(692224K)
[2189.705s][info][gc,heap        ] GC(1513) PSOldGen: 216426K->219495K(1398272K)
[2189.705s][info][gc,metaspace   ] GC(1513) Metaspace: 90710K(98736K)->90710K(98736K) NonClass: 79375K(83888K)->79375K(83888K) Class: 11335K(14848K)->11335K(14848K)
[2189.705s][info][gc             ] GC(1513) Pause Young (Allocation Failure) 883M->217M(2041M) 2.878ms
[2189.705s][info][gc,cpu         ] GC(1513) User=0.09s Sys=0.00s Real=0.00s
[2190.303s][info][gc,start       ] GC(1514) Pause Young (Allocation Failure)
[2190.307s][info][gc,heap        ] GC(1514) PSYoungGen: 689235K->3909K(692224K)
[2190.307s][info][gc,heap        ] GC(1514) PSOldGen: 219495K->221988K(1398272K)
[2190.307s][info][gc,metaspace   ] GC(1514) Metaspace: 90710K(98736K)->90710K(98736K) NonClass: 79375K(83888K)->79375K(83888K) Class: 11335K(14848K)->11335K(14848K)
[2190.307s][info][gc             ] GC(1514) Pause Young (Allocation Failure) 887M->220M(2041M) 3.212ms
[2190.307s][info][gc,cpu         ] GC(1514) User=0.00s Sys=0.00s Real=0.00s
[2192.611s][info][gc,start       ] GC(1515) Pause Young (Allocation Failure)
[2192.613s][info][gc,heap        ] GC(1515) PSYoungGen: 689477K->2473K(692736K)
[2192.613s][info][gc,heap        ] GC(1515) PSOldGen: 221988K->223995K(1398272K)
[2192.613s][info][gc,metaspace   ] GC(1515) Metaspace: 90710K(98736K)->90710K(98736K) NonClass: 79375K(83888K)->79375K(83888K) Class: 11335K(14848K)->11335K(14848K)
[2192.613s][info][gc             ] GC(1515) Pause Young (Allocation Failure) 890M->221M(2042M) 2.665ms
[2192.613s][info][gc,cpu         ] GC(1515) User=0.00s Sys=0.00s Real=0.01s
[2193.777s][info][gc,start       ] GC(1516) Pause Young (Allocation Failure)
[2193.782s][info][gc,heap        ] GC(1516) PSYoungGen: 689065K->6115K(692736K)
[2193.782s][info][gc,heap        ] GC(1516) PSOldGen: 223995K->226140K(1398272K)
[2193.782s][info][gc,metaspace   ] GC(1516) Metaspace: 90710K(98736K)->90710K(98736K) NonClass: 79375K(83888K)->79375K(83888K) Class: 11335K(14848K)->11335K(14848K)
[2193.782s][info][gc             ] GC(1516) Pause Young (Allocation Failure) 891M->226M(2042M) 4.205ms
[2193.782s][info][gc,cpu         ] GC(1516) User=0.00s Sys=0.00s Real=0.00s
[2193.880s][info][gc,start       ] GC(1517) Pause Young (System.gc())
[2193.882s][info][gc,heap        ] GC(1517) PSYoungGen: 178106K->512K(688640K)
[2193.882s][info][gc,heap        ] GC(1517) PSOldGen: 226140K->228346K(1398272K)
[2193.882s][info][gc,metaspace   ] GC(1517) Metaspace: 90710K(98736K)->90710K(98736K) NonClass: 79375K(83888K)->79375K(83888K) Class: 11335K(14848K)->11335K(14848K)
[2193.882s][info][gc             ] GC(1517) Pause Young (System.gc()) 394M->223M(2038M) 2.585ms
[2193.882s][info][gc,cpu         ] GC(1517) User=0.00s Sys=0.00s Real=0.00s
[2193.882s][info][gc,start       ] GC(1518) Pause Full (System.gc())
[2193.884s][info][gc,phases,start] GC(1518) Phase 1: Mark live objects
[2193.939s][info][gc,phases      ] GC(1518) Phase 1: Mark live objects 54.646ms
[2193.939s][info][gc,phases,start] GC(1518) Phase 2: Compute new object addresses
[2193.953s][info][gc,phases      ] GC(1518) Phase 2: Compute new object addresses 14.227ms
[2193.953s][info][gc,phases,start] GC(1518) Phase 3: Adjust pointers
[2193.989s][info][gc,phases      ] GC(1518) Phase 3: Adjust pointers 35.909ms
[2193.989s][info][gc,phases,start] GC(1518) Phase 4: Move objects
[2193.997s][info][gc,phases      ] GC(1518) Phase 4: Move objects 7.983ms
[2193.999s][info][gc,heap        ] GC(1518) PSYoungGen: 512K->0K(688640K)
[2193.999s][info][gc,heap        ] GC(1518) PSOldGen: 228346K->149378K(1398272K)
[2193.999s][info][gc,metaspace   ] GC(1518) Metaspace: 90710K(98736K)->90710K(98736K) NonClass: 79375K(83888K)->79375K(83888K) Class: 11335K(14848K)->11335K(14848K)
[2193.999s][info][gc             ] GC(1518) Pause Full (System.gc()) 223M->145M(2038M) 117.111ms
[2194.000s][info][gc,cpu         ] GC(1518) User=0.11s Sys=0.00s Real=0.11s
[2194.906s][info][gc,start       ] GC(1519) Pause Young (Allocation Failure)
[2194.908s][info][gc,heap        ] GC(1519) PSYoungGen: 682496K->3621K(690688K)
[2194.908s][info][gc,heap        ] GC(1519) PSOldGen: 149378K->149378K(1398272K)
[2194.908s][info][gc,metaspace   ] GC(1519) Metaspace: 90710K(98736K)->90710K(98736K) NonClass: 79375K(83888K)->79375K(83888K) Class: 11335K(14848K)->11335K(14848K)
[2194.908s][info][gc             ] GC(1519) Pause Young (Allocation Failure) 812M->149M(2040M) 2.602ms
[2194.908s][info][gc,cpu         ] GC(1519) User=0.05s Sys=0.00s Real=0.00s
[2197.277s][info][gc,start       ] GC(1520) Pause Young (Allocation Failure)
[2197.280s][info][gc,heap        ] GC(1520) PSYoungGen: 686117K->2293K(691200K)
[2197.280s][info][gc,heap        ] GC(1520) PSOldGen: 149378K->152024K(1398272K)
[2197.280s][info][gc,metaspace   ] GC(1520) Metaspace: 90710K(98736K)->90710K(98736K) NonClass: 79375K(83888K)->79375K(83888K) Class: 11335K(14848K)->11335K(14848K)
[2197.280s][info][gc             ] GC(1520) Pause Young (Allocation Failure) 815M->150M(2040M) 2.538ms
[2197.280s][info][gc,cpu         ] GC(1520) User=0.00s Sys=0.00s Real=0.00s
[2199.366s][info][gc,start       ] GC(1521) Pause Young (Allocation Failure)
[2199.368s][info][gc,heap        ] GC(1521) PSYoungGen: 685600K->2398K(691200K)
[2199.368s][info][gc,heap        ] GC(1521) PSOldGen: 152024K->153527K(1398272K)
[2199.368s][info][gc,metaspace   ] GC(1521) Metaspace: 90710K(98736K)->90710K(98736K) NonClass: 79375K(83888K)->79375K(83888K) Class: 11335K(14848K)->11335K(14848K)
[2199.368s][info][gc             ] GC(1521) Pause Young (Allocation Failure) 817M->152M(2040M) 2.378ms
[2199.368s][info][gc,cpu         ] GC(1521) User=0.00s Sys=0.00s Real=0.00s
[2200.004s][info][gc,start       ] GC(1522) Pause Young (Allocation Failure)
[2200.008s][info][gc,heap        ] GC(1522) PSYoungGen: 683679K->4932K(690688K)
[2200.008s][info][gc,heap        ] GC(1522) PSOldGen: 153527K->171483K(1398272K)
[2200.008s][info][gc,metaspace   ] GC(1522) Metaspace: 90710K(98736K)->90710K(98736K) NonClass: 79375K(83888K)->79375K(83888K) Class: 11335K(14848K)->11335K(14848K)
[2200.008s][info][gc             ] GC(1522) Pause Young (Allocation Failure) 817M->172M(2040M) 4.184ms
[2200.008s][info][gc,cpu         ] GC(1522) User=0.00s Sys=0.00s Real=0.01s
[2201.583s][info][gc,start       ] GC(1523) Pause Young (Allocation Failure)
[2201.586s][info][gc,heap        ] GC(1523) PSYoungGen: 688452K->3423K(691200K)
[2201.586s][info][gc,heap        ] GC(1523) PSOldGen: 171483K->174193K(1398272K)
[2201.586s][info][gc,metaspace   ] GC(1523) Metaspace: 90710K(98736K)->90710K(98736K) NonClass: 79375K(83888K)->79375K(83888K) Class: 11335K(14848K)->11335K(14848K)
[2201.586s][info][gc             ] GC(1523) Pause Young (Allocation Failure) 839M->173M(2040M) 2.895ms
[2201.586s][info][gc,cpu         ] GC(1523) User=0.00s Sys=0.00s Real=0.00s
[2203.986s][info][gc,start       ] GC(1524) Pause Young (Allocation Failure)
[2203.990s][info][gc,heap        ] GC(1524) PSYoungGen: 686943K->4207K(691712K)
[2203.990s][info][gc,heap        ] GC(1524) PSOldGen: 174193K->175978K(1398272K)
[2203.990s][info][gc,metaspace   ] GC(1524) Metaspace: 90710K(98736K)->90710K(98736K) NonClass: 79375K(83888K)->79375K(83888K) Class: 11335K(14848K)->11335K(14848K)
[2203.990s][info][gc             ] GC(1524) Pause Young (Allocation Failure) 840M->175M(2041M) 3.501ms
[2203.990s][info][gc,cpu         ] GC(1524) User=0.00s Sys=0.00s Real=0.00s
[2205.689s][info][gc,start       ] GC(1525) Pause Young (Allocation Failure)
[2205.693s][info][gc,heap        ] GC(1525) PSYoungGen: 688751K->6305K(691200K)
[2205.693s][info][gc,heap        ] GC(1525) PSOldGen: 175978K->177846K(1398272K)
[2205.693s][info][gc,metaspace   ] GC(1525) Metaspace: 90710K(98736K)->90710K(98736K) NonClass: 79375K(83888K)->79375K(83888K) Class: 11335K(14848K)->11335K(14848K)
[2205.693s][info][gc             ] GC(1525) Pause Young (Allocation Failure) 844M->179M(2040M) 4.097ms
[2205.693s][info][gc,cpu         ] GC(1525) User=0.00s Sys=0.00s Real=0.00s
[2206.441s][info][gc,start       ] GC(1526) Pause Young (Allocation Failure)
[2206.444s][info][gc,heap        ] GC(1526) PSYoungGen: 690849K->3475K(691200K)
[2206.444s][info][gc,heap        ] GC(1526) PSOldGen: 177846K->180153K(1398272K)
[2206.444s][info][gc,metaspace   ] GC(1526) Metaspace: 90710K(98736K)->90710K(98736K) NonClass: 79375K(83888K)->79375K(83888K) Class: 11335K(14848K)->11335K(14848K)
[2206.444s][info][gc             ] GC(1526) Pause Young (Allocation Failure) 848M->179M(2040M) 2.988ms
[2206.444s][info][gc,cpu         ] GC(1526) User=0.00s Sys=0.00s Real=0.00s
[2208.902s][info][gc,start       ] GC(1527) Pause Young (Allocation Failure)
[2208.904s][info][gc,heap        ] GC(1527) PSYoungGen: 686995K->2505K(691200K)
[2208.904s][info][gc,heap        ] GC(1527) PSOldGen: 180153K->182588K(1398272K)
[2208.904s][info][gc,metaspace   ] GC(1527) Metaspace: 90710K(98736K)->90710K(98736K) NonClass: 79375K(83888K)->79375K(83888K) Class: 11335K(14848K)->11335K(14848K)
[2208.904s][info][gc             ] GC(1527) Pause Young (Allocation Failure) 846M->180M(2040M) 2.334ms
[2208.904s][info][gc,cpu         ] GC(1527) User=0.00s Sys=0.00s Real=0.00s
[2211.110s][info][gc,start       ] GC(1528) Pause Young (Allocation Failure)
[2211.113s][info][gc,heap        ] GC(1528) PSYoungGen: 686025K->3722K(691712K)
[2211.113s][info][gc,heap        ] GC(1528) PSOldGen: 182588K->184373K(1398272K)
[2211.113s][info][gc,metaspace   ] GC(1528) Metaspace: 90710K(98736K)->90710K(98736K) NonClass: 79375K(83888K)->79375K(83888K) Class: 11335K(14848K)->11335K(14848K)
[2211.113s][info][gc             ] GC(1528) Pause Young (Allocation Failure) 848M->183M(2041M) 2.881ms
[2211.113s][info][gc,cpu         ] GC(1528) User=0.02s Sys=0.00s Real=0.00s
[2211.764s][info][gc,start       ] GC(1529) Pause Young (Allocation Failure)
[2211.767s][info][gc,heap        ] GC(1529) PSYoungGen: 685372K->4803K(691712K)
[2211.767s][info][gc,heap        ] GC(1529) PSOldGen: 184373K->189945K(1398272K)
[2211.767s][info][gc,metaspace   ] GC(1529) Metaspace: 90710K(98736K)->90710K(98736K) NonClass: 79375K(83888K)->79375K(83888K) Class: 11335K(14848K)->11335K(14848K)
[2211.768s][info][gc             ] GC(1529) Pause Young (Allocation Failure) 849M->190M(2041M) 3.146ms
[2211.768s][info][gc,cpu         ] GC(1529) User=0.09s Sys=0.00s Real=0.00s
[2213.401s][info][gc,start       ] GC(1530) Pause Young (Allocation Failure)
[2213.403s][info][gc,heap        ] GC(1530) PSYoungGen: 688685K->2641K(691712K)
[2213.403s][info][gc,heap        ] GC(1530) PSOldGen: 189945K->193176K(1398272K)
[2213.403s][info][gc,metaspace   ] GC(1530) Metaspace: 90710K(98736K)->90710K(98736K) NonClass: 79375K(83888K)->79375K(83888K) Class: 11335K(14848K)->11335K(14848K)
[2213.404s][info][gc             ] GC(1530) Pause Young (Allocation Failure) 858M->191M(2041M) 2.627ms
[2213.404s][info][gc,cpu         ] GC(1530) User=0.00s Sys=0.00s Real=0.00s
[2215.656s][info][gc,start       ] GC(1531) Pause Young (Allocation Failure)
[2215.659s][info][gc,heap        ] GC(1531) PSYoungGen: 687185K->4234K(691712K)
[2215.659s][info][gc,heap        ] GC(1531) PSOldGen: 193176K->194841K(1398272K)
[2215.659s][info][gc,metaspace   ] GC(1531) Metaspace: 90710K(98736K)->90710K(98736K) NonClass: 79375K(83888K)->79375K(83888K) Class: 11335K(14848K)->11335K(14848K)
[2215.659s][info][gc             ] GC(1531) Pause Young (Allocation Failure) 859M->194M(2041M) 3.080ms
[2215.659s][info][gc,cpu         ] GC(1531) User=0.06s Sys=0.02s Real=0.00s
[2217.385s][info][gc,start       ] GC(1532) Pause Young (Allocation Failure)
[2217.388s][info][gc,heap        ] GC(1532) PSYoungGen: 688465K->3489K(692224K)
[2217.388s][info][gc,heap        ] GC(1532) PSOldGen: 194841K->196686K(1398272K)
[2217.388s][info][gc,metaspace   ] GC(1532) Metaspace: 90710K(98736K)->90710K(98736K) NonClass: 79375K(83888K)->79375K(83888K) Class: 11335K(14848K)->11335K(14848K)
[2217.389s][info][gc             ] GC(1532) Pause Young (Allocation Failure) 862M->195M(2041M) 3.021ms
[2217.389s][info][gc,cpu         ] GC(1532) User=0.00s Sys=0.00s Real=0.00s
[2218.147s][info][gc,start       ] GC(1533) Pause Young (Allocation Failure)
[2218.150s][info][gc,heap        ] GC(1533) PSYoungGen: 688545K->3398K(691712K)
[2218.150s][info][gc,heap        ] GC(1533) PSOldGen: 196686K->198802K(1398272K)
[2218.150s][info][gc,metaspace   ] GC(1533) Metaspace: 90710K(98736K)->90710K(98736K) NonClass: 79375K(83888K)->79375K(83888K) Class: 11335K(14848K)->11335K(14848K)
[2218.150s][info][gc             ] GC(1533) Pause Young (Allocation Failure) 864M->197M(2041M) 2.996ms
[2218.150s][info][gc,cpu         ] GC(1533) User=0.00s Sys=0.00s Real=0.02s
[2220.315s][info][gc,start       ] GC(1534) Pause Young (Allocation Failure)
[2220.320s][info][gc,heap        ] GC(1534) PSYoungGen: 686465K->3170K(692736K)
[2220.320s][info][gc,heap        ] GC(1534) PSOldGen: 198802K->201792K(1398272K)
[2220.320s][info][gc,metaspace   ] GC(1534) Metaspace: 90710K(98736K)->90710K(98736K) NonClass: 79375K(83888K)->79375K(83888K) Class: 11335K(14848K)->11335K(14848K)
[2220.320s][info][gc             ] GC(1534) Pause Young (Allocation Failure) 864M->200M(2042M) 5.523ms
[2220.321s][info][gc,cpu         ] GC(1534) User=0.00s Sys=0.00s Real=0.01s
[2220.975s][info][gc,start       ] GC(1535) Pause Young (Allocation Failure)
[2220.978s][info][gc,heap        ] GC(1535) PSYoungGen: 685233K->2710K(692224K)
[2220.978s][info][gc,heap        ] GC(1535) PSOldGen: 201792K->204280K(1398272K)
[2220.979s][info][gc,metaspace   ] GC(1535) Metaspace: 90710K(98736K)->90710K(98736K) NonClass: 79375K(83888K)->79375K(83888K) Class: 11335K(14848K)->11335K(14848K)
[2220.979s][info][gc             ] GC(1535) Pause Young (Allocation Failure) 866M->202M(2041M) 3.707ms
[2220.979s][info][gc,cpu         ] GC(1535) User=0.00s Sys=0.00s Real=0.00s
[2223.029s][info][gc,start       ] GC(1536) Pause Young (Allocation Failure)
[2223.031s][info][gc,heap        ] GC(1536) PSYoungGen: 688790K->4757K(691712K)
[2223.031s][info][gc,heap        ] GC(1536) PSOldGen: 204280K->205902K(1398272K)
[2223.031s][info][gc,metaspace   ] GC(1536) Metaspace: 90710K(98736K)->90710K(98736K) NonClass: 79375K(83888K)->79375K(83888K) Class: 11335K(14848K)->11335K(14848K)
[2223.031s][info][gc             ] GC(1536) Pause Young (Allocation Failure) 872M->205M(2041M) 2.841ms
[2223.032s][info][gc,cpu         ] GC(1536) User=0.00s Sys=0.00s Real=0.01s
[2224.167s][info][gc,start       ] GC(1537) Pause Young (Allocation Failure)
[2224.171s][info][gc,heap        ] GC(1537) PSYoungGen: 686522K->4372K(692224K)
[2224.171s][info][gc,heap        ] GC(1537) PSOldGen: 205902K->216404K(1398272K)
[2224.171s][info][gc,metaspace   ] GC(1537) Metaspace: 90710K(98736K)->90710K(98736K) NonClass: 79375K(83888K)->79375K(83888K) Class: 11335K(14848K)->11335K(14848K)
[2224.171s][info][gc             ] GC(1537) Pause Young (Allocation Failure) 871M->215M(2041M) 4.119ms
[2224.171s][info][gc,cpu         ] GC(1537) User=0.00s Sys=0.00s Real=0.00s
[2225.206s][info][gc,start       ] GC(1538) Pause Young (Allocation Failure)
[2225.210s][info][gc,heap        ] GC(1538) PSYoungGen: 689314K->3495K(692736K)
[2225.211s][info][gc,heap        ] GC(1538) PSOldGen: 216404K->218897K(1398272K)
[2225.211s][info][gc,metaspace   ] GC(1538) Metaspace: 90710K(98736K)->90710K(98736K) NonClass: 79375K(83888K)->79375K(83888K) Class: 11335K(14848K)->11335K(14848K)
[2225.211s][info][gc             ] GC(1538) Pause Young (Allocation Failure) 884M->217M(2042M) 4.582ms
[2225.211s][info][gc,cpu         ] GC(1538) User=0.00s Sys=0.00s Real=0.00s
[2227.112s][info][gc,start       ] GC(1539) Pause Young (Allocation Failure)
[2227.116s][info][gc,heap        ] GC(1539) PSYoungGen: 689575K->5313K(692224K)
[2227.117s][info][gc,heap        ] GC(1539) PSOldGen: 218897K->221539K(1398272K)
[2227.117s][info][gc,metaspace   ] GC(1539) Metaspace: 90710K(98736K)->90710K(98736K) NonClass: 79375K(83888K)->79375K(83888K) Class: 11335K(14848K)->11335K(14848K)
[2227.117s][info][gc             ] GC(1539) Pause Young (Allocation Failure) 887M->221M(2041M) 4.176ms
[2227.117s][info][gc,cpu         ] GC(1539) User=0.00s Sys=0.00s Real=0.00s
[2227.754s][info][gc,start       ] GC(1540) Pause Young (Allocation Failure)
[2227.757s][info][gc,heap        ] GC(1540) PSYoungGen: 691393K->3728K(692736K)
[2227.757s][info][gc,heap        ] GC(1540) PSOldGen: 221539K->224041K(1398272K)
[2227.757s][info][gc,metaspace   ] GC(1540) Metaspace: 90710K(98736K)->90710K(98736K) NonClass: 79375K(83888K)->79375K(83888K) Class: 11335K(14848K)->11335K(14848K)
[2227.757s][info][gc             ] GC(1540) Pause Young (Allocation Failure) 891M->222M(2042M) 3.396ms
[2227.757s][info][gc,cpu         ] GC(1540) User=0.00s Sys=0.00s Real=0.00s
[2230.169s][info][gc,start       ] GC(1541) Pause Young (Allocation Failure)
[2230.172s][info][gc,heap        ] GC(1541) PSYoungGen: 685805K->2133K(692224K)
[2230.172s][info][gc,heap        ] GC(1541) PSOldGen: 224041K->226731K(1398272K)
[2230.172s][info][gc,metaspace   ] GC(1541) Metaspace: 90710K(98736K)->90710K(98736K) NonClass: 79375K(83888K)->79375K(83888K) Class: 11335K(14848K)->11335K(14848K)
[2230.172s][info][gc             ] GC(1541) Pause Young (Allocation Failure) 888M->223M(2041M) 2.663ms
[2230.172s][info][gc,cpu         ] GC(1541) User=0.00s Sys=0.00s Real=0.00s
[2231.027s][info][gc,start       ] GC(1542) Pause Young (Allocation Failure)
[2231.030s][info][gc,heap        ] GC(1542) PSYoungGen: 688213K->2510K(692224K)
[2231.030s][info][gc,heap        ] GC(1542) PSOldGen: 226731K->228283K(1398272K)
[2231.030s][info][gc,metaspace   ] GC(1542) Metaspace: 90710K(98736K)->90710K(98736K) NonClass: 79375K(83888K)->79375K(83888K) Class: 11335K(14848K)->11335K(14848K)
[2231.030s][info][gc             ] GC(1542) Pause Young (Allocation Failure) 893M->225M(2041M) 3.085ms
[2231.030s][info][gc,cpu         ] GC(1542) User=0.00s Sys=0.00s Real=0.01s
[2231.084s][info][gc,start       ] GC(1543) Pause Young (System.gc())
[2231.087s][info][gc,heap        ] GC(1543) PSYoungGen: 92535K->352K(692224K)
[2231.087s][info][gc,heap        ] GC(1543) PSOldGen: 228283K->230322K(1398272K)
[2231.087s][info][gc,metaspace   ] GC(1543) Metaspace: 90710K(98736K)->90710K(98736K) NonClass: 79375K(83888K)->79375K(83888K) Class: 11335K(14848K)->11335K(14848K)
[2231.087s][info][gc             ] GC(1543) Pause Young (System.gc()) 313M->225M(2041M) 2.236ms
[2231.087s][info][gc,cpu         ] GC(1543) User=0.00s Sys=0.00s Real=0.00s
[2231.087s][info][gc,start       ] GC(1544) Pause Full (System.gc())
[2231.088s][info][gc,phases,start] GC(1544) Phase 1: Mark live objects
[2231.143s][info][gc,phases      ] GC(1544) Phase 1: Mark live objects 54.351ms
[2231.143s][info][gc,phases,start] GC(1544) Phase 2: Compute new object addresses
[2231.157s][info][gc,phases      ] GC(1544) Phase 2: Compute new object addresses 14.349ms
[2231.157s][info][gc,phases,start] GC(1544) Phase 3: Adjust pointers
[2231.193s][info][gc,phases      ] GC(1544) Phase 3: Adjust pointers 35.826ms
[2231.193s][info][gc,phases,start] GC(1544) Phase 4: Move objects
[2231.202s][info][gc,phases      ] GC(1544) Phase 4: Move objects 9.238ms
[2231.205s][info][gc,heap        ] GC(1544) PSYoungGen: 352K->0K(692224K)
[2231.205s][info][gc,heap        ] GC(1544) PSOldGen: 230322K->79857K(1398272K)
[2231.205s][info][gc,metaspace   ] GC(1544) Metaspace: 90710K(98736K)->90710K(98736K) NonClass: 79375K(83888K)->79375K(83888K) Class: 11335K(14848K)->11335K(14848K)
[2231.205s][info][gc             ] GC(1544) Pause Full (System.gc()) 225M->77M(2041M) 118.107ms
[2231.205s][info][gc,cpu         ] GC(1544) User=0.11s Sys=0.00s Real=0.12s
[2232.139s][info][gc,start       ] GC(1545) Pause Young (Allocation Failure)
[2232.142s][info][gc,heap        ] GC(1545) PSYoungGen: 685568K->3647K(692224K)
[2232.142s][info][gc,heap        ] GC(1545) PSOldGen: 79857K->79857K(1398272K)
[2232.142s][info][gc,metaspace   ] GC(1545) Metaspace: 90710K(98736K)->90710K(98736K) NonClass: 79375K(83888K)->79375K(83888K) Class: 11335K(14848K)->11335K(14848K)
[2232.142s][info][gc             ] GC(1545) Pause Young (Allocation Failure) 747M->81M(2041M) 2.658ms
[2232.142s][info][gc,cpu         ] GC(1545) User=0.00s Sys=0.00s Real=0.00s
[2234.525s][info][gc,start       ] GC(1546) Pause Young (Allocation Failure)
[2234.527s][info][gc,heap        ] GC(1546) PSYoungGen: 689215K->2239K(692224K)
[2234.527s][info][gc,heap        ] GC(1546) PSOldGen: 79857K->82430K(1398272K)
[2234.527s][info][gc,metaspace   ] GC(1546) Metaspace: 90710K(98736K)->90710K(98736K) NonClass: 79375K(83888K)->79375K(83888K) Class: 11335K(14848K)->11335K(14848K)
[2234.528s][info][gc             ] GC(1546) Pause Young (Allocation Failure) 751M->82M(2041M) 2.663ms
[2234.528s][info][gc,cpu         ] GC(1546) User=0.00s Sys=0.00s Real=0.01s
[2236.637s][info][gc,start       ] GC(1547) Pause Young (Allocation Failure)
[2236.639s][info][gc,heap        ] GC(1547) PSYoungGen: 687807K->1999K(692736K)
[2236.639s][info][gc,heap        ] GC(1547) PSOldGen: 82430K->83957K(1398272K)
[2236.639s][info][gc,metaspace   ] GC(1547) Metaspace: 90710K(98736K)->90710K(98736K) NonClass: 79375K(83888K)->79375K(83888K) Class: 11335K(14848K)->11335K(14848K)
[2236.639s][info][gc             ] GC(1547) Pause Young (Allocation Failure) 752M->83M(2042M) 2.158ms
[2236.639s][info][gc,cpu         ] GC(1547) User=0.00s Sys=0.00s Real=0.00s
[2237.260s][info][gc,start       ] GC(1548) Pause Young (Allocation Failure)
[2237.263s][info][gc,heap        ] GC(1548) PSYoungGen: 687959K->4804K(692224K)
[2237.263s][info][gc,heap        ] GC(1548) PSOldGen: 83957K->93508K(1398272K)
[2237.263s][info][gc,metaspace   ] GC(1548) Metaspace: 90710K(98736K)->90710K(98736K) NonClass: 79375K(83888K)->79375K(83888K) Class: 11335K(14848K)->11335K(14848K)
[2237.263s][info][gc             ] GC(1548) Pause Young (Allocation Failure) 753M->96M(2041M) 3.396ms
[2237.263s][info][gc,cpu         ] GC(1548) User=0.00s Sys=0.00s Real=0.00s
[2238.939s][info][gc,start       ] GC(1549) Pause Young (Allocation Failure)
[2238.941s][info][gc,heap        ] GC(1549) PSYoungGen: 688730K->2833K(692224K)
[2238.941s][info][gc,heap        ] GC(1549) PSOldGen: 93508K->96263K(1398272K)
[2238.941s][info][gc,metaspace   ] GC(1549) Metaspace: 90710K(98736K)->90710K(98736K) NonClass: 79375K(83888K)->79375K(83888K) Class: 11335K(14848K)->11335K(14848K)
[2238.941s][info][gc             ] GC(1549) Pause Young (Allocation Failure) 763M->96M(2041M) 2.501ms
[2238.941s][info][gc,cpu         ] GC(1549) User=0.00s Sys=0.00s Real=0.02s
[2241.333s][info][gc,start       ] GC(1550) Pause Young (Allocation Failure)
[2241.335s][info][gc,heap        ] GC(1550) PSYoungGen: 687423K->2498K(692224K)
[2241.335s][info][gc,heap        ] GC(1550) PSOldGen: 96263K->98035K(1398272K)
[2241.335s][info][gc,metaspace   ] GC(1550) Metaspace: 90710K(98736K)->90710K(98736K) NonClass: 79375K(83888K)->79375K(83888K) Class: 11335K(14848K)->11335K(14848K)
[2241.335s][info][gc             ] GC(1550) Pause Young (Allocation Failure) 765M->98M(2041M) 2.124ms
[2241.335s][info][gc,cpu         ] GC(1550) User=0.00s Sys=0.00s Real=0.00s
[2242.915s][info][gc,start       ] GC(1551) Pause Young (Allocation Failure)
[2242.918s][info][gc,heap        ] GC(1551) PSYoungGen: 684366K->2723K(692736K)
[2242.918s][info][gc,heap        ] GC(1551) PSOldGen: 98035K->99880K(1398272K)
[2242.918s][info][gc,metaspace   ] GC(1551) Metaspace: 90710K(98736K)->90710K(98736K) NonClass: 79375K(83888K)->79375K(83888K) Class: 11335K(14848K)->11335K(14848K)
[2242.918s][info][gc             ] GC(1551) Pause Young (Allocation Failure) 764M->100M(2042M) 2.396ms
[2242.918s][info][gc,cpu         ] GC(1551) User=0.00s Sys=0.00s Real=0.00s
[2243.683s][info][gc,start       ] GC(1552) Pause Young (Allocation Failure)
[2243.686s][info][gc,heap        ] GC(1552) PSYoungGen: 689315K->3440K(692736K)
[2243.686s][info][gc,heap        ] GC(1552) PSOldGen: 99880K->101999K(1398272K)
[2243.686s][info][gc,metaspace   ] GC(1552) Metaspace: 90710K(98736K)->90710K(98736K) NonClass: 79375K(83888K)->79375K(83888K) Class: 11335K(14848K)->11335K(14848K)
[2243.686s][info][gc             ] GC(1552) Pause Young (Allocation Failure) 770M->102M(2042M) 2.859ms
[2243.686s][info][gc,cpu         ] GC(1552) User=0.00s Sys=0.00s Real=0.01s
[2246.146s][info][gc,start       ] GC(1553) Pause Young (Allocation Failure)
[2246.149s][info][gc,heap        ] GC(1553) PSYoungGen: 690032K->2315K(693248K)
[2246.149s][info][gc,heap        ] GC(1553) PSOldGen: 101999K->104221K(1398272K)
[2246.149s][info][gc,metaspace   ] GC(1553) Metaspace: 90710K(98736K)->90710K(98736K) NonClass: 79375K(83888K)->79375K(83888K) Class: 11335K(14848K)->11335K(14848K)
[2246.149s][info][gc             ] GC(1553) Pause Young (Allocation Failure) 773M->104M(2042M) 2.443ms
[2246.149s][info][gc,cpu         ] GC(1553) User=0.00s Sys=0.00s Real=0.00s
[2248.352s][info][gc,start       ] GC(1554) Pause Young (Allocation Failure)
[2248.354s][info][gc,heap        ] GC(1554) PSYoungGen: 689931K->1886K(693248K)
[2248.355s][info][gc,heap        ] GC(1554) PSOldGen: 104221K->105889K(1398272K)
[2248.355s][info][gc,metaspace   ] GC(1554) Metaspace: 90710K(98736K)->90710K(98736K) NonClass: 79375K(83888K)->79375K(83888K) Class: 11335K(14848K)->11335K(14848K)
[2248.355s][info][gc             ] GC(1554) Pause Young (Allocation Failure) 775M->105M(2042M) 2.529ms
[2248.355s][info][gc,cpu         ] GC(1554) User=0.00s Sys=0.00s Real=0.01s
[2248.971s][info][gc,start       ] GC(1555) Pause Young (Allocation Failure)
[2248.974s][info][gc,heap        ] GC(1555) PSYoungGen: 686726K->5509K(691200K)
[2248.974s][info][gc,heap        ] GC(1555) PSOldGen: 105889K->111352K(1398272K)
[2248.974s][info][gc,metaspace   ] GC(1555) Metaspace: 90710K(98736K)->90710K(98736K) NonClass: 79375K(83888K)->79375K(83888K) Class: 11335K(14848K)->11335K(14848K)
[2248.974s][info][gc             ] GC(1555) Pause Young (Allocation Failure) 774M->114M(2040M) 3.306ms
[2248.974s][info][gc,cpu         ] GC(1555) User=0.00s Sys=0.00s Real=0.00s
[2250.676s][info][gc,start       ] GC(1556) Pause Young (Allocation Failure)
[2250.679s][info][gc,heap        ] GC(1556) PSYoungGen: 689394K->2687K(692224K)
[2250.679s][info][gc,heap        ] GC(1556) PSOldGen: 111352K->114280K(1398272K)
[2250.679s][info][gc,metaspace   ] GC(1556) Metaspace: 90710K(98736K)->90710K(98736K) NonClass: 79375K(83888K)->79375K(83888K) Class: 11335K(14848K)->11335K(14848K)
[2250.679s][info][gc             ] GC(1556) Pause Young (Allocation Failure) 781M->114M(2041M) 2.617ms
[2250.679s][info][gc,cpu         ] GC(1556) User=0.00s Sys=0.00s Real=0.00s
[2252.896s][info][gc,start       ] GC(1557) Pause Young (Allocation Failure)
[2252.899s][info][gc,heap        ] GC(1557) PSYoungGen: 688255K->3258K(692736K)
[2252.899s][info][gc,heap        ] GC(1557) PSOldGen: 114280K->116035K(1398272K)
[2252.899s][info][gc,metaspace   ] GC(1557) Metaspace: 90710K(98736K)->90710K(98736K) NonClass: 79375K(83888K)->79375K(83888K) Class: 11335K(14848K)->11335K(14848K)
[2252.899s][info][gc             ] GC(1557) Pause Young (Allocation Failure) 783M->116M(2042M) 2.701ms
[2252.899s][info][gc,cpu         ] GC(1557) User=0.00s Sys=0.00s Real=0.00s
[2254.573s][info][gc,start       ] GC(1558) Pause Young (Allocation Failure)
[2254.576s][info][gc,heap        ] GC(1558) PSYoungGen: 689850K->2658K(692736K)
[2254.576s][info][gc,heap        ] GC(1558) PSOldGen: 116035K->117846K(1398272K)
[2254.576s][info][gc,metaspace   ] GC(1558) Metaspace: 90710K(98736K)->90710K(98736K) NonClass: 79375K(83888K)->79375K(83888K) Class: 11335K(14848K)->11335K(14848K)
[2254.576s][info][gc             ] GC(1558) Pause Young (Allocation Failure) 786M->117M(2042M) 3.253ms
[2254.577s][info][gc,cpu         ] GC(1558) User=0.00s Sys=0.00s Real=0.00s
[2255.349s][info][gc,start       ] GC(1559) Pause Young (Allocation Failure)
[2255.352s][info][gc,heap        ] GC(1559) PSYoungGen: 689250K->3312K(693248K)
[2255.352s][info][gc,heap        ] GC(1559) PSOldGen: 117846K->119981K(1398272K)
[2255.352s][info][gc,metaspace   ] GC(1559) Metaspace: 90710K(98736K)->90710K(98736K) NonClass: 79375K(83888K)->79375K(83888K) Class: 11335K(14848K)->11335K(14848K)
[2255.352s][info][gc             ] GC(1559) Pause Young (Allocation Failure) 788M->120M(2042M) 2.812ms
[2255.352s][info][gc,cpu         ] GC(1559) User=0.00s Sys=0.00s Real=0.00s
[2257.492s][info][gc,start       ] GC(1560) Pause Young (Allocation Failure)
[2257.496s][info][gc,heap        ] GC(1560) PSYoungGen: 687520K->3403K(693248K)
[2257.496s][info][gc,heap        ] GC(1560) PSOldGen: 119981K->122949K(1398272K)
[2257.496s][info][gc,metaspace   ] GC(1560) Metaspace: 90710K(98736K)->90710K(98736K) NonClass: 79375K(83888K)->79375K(83888K) Class: 11335K(14848K)->11335K(14848K)
[2257.496s][info][gc             ] GC(1560) Pause Young (Allocation Failure) 788M->123M(2042M) 3.203ms
[2257.496s][info][gc,cpu         ] GC(1560) User=0.00s Sys=0.00s Real=0.02s
[2258.132s][info][gc,start       ] GC(1561) Pause Young (Allocation Failure)
[2258.135s][info][gc,heap        ] GC(1561) PSYoungGen: 688782K->2966K(693760K)
[2258.135s][info][gc,heap        ] GC(1561) PSOldGen: 122949K->125357K(1398272K)
[2258.135s][info][gc,metaspace   ] GC(1561) Metaspace: 90710K(98736K)->90710K(98736K) NonClass: 79375K(83888K)->79375K(83888K) Class: 11335K(14848K)->11335K(14848K)
[2258.135s][info][gc             ] GC(1561) Pause Young (Allocation Failure) 792M->125M(2043M) 2.956ms
[2258.135s][info][gc,cpu         ] GC(1561) User=0.00s Sys=0.00s Real=0.00s
[2260.312s][info][gc,start       ] GC(1562) Pause Young (Allocation Failure)
[2260.314s][info][gc,heap        ] GC(1562) PSYoungGen: 691094K->3250K(693248K)
[2260.314s][info][gc,heap        ] GC(1562) PSOldGen: 125357K->126966K(1398272K)
[2260.314s][info][gc,metaspace   ] GC(1562) Metaspace: 90710K(98736K)->90710K(98736K) NonClass: 79375K(83888K)->79375K(83888K) Class: 11335K(14848K)->11335K(14848K)
[2260.314s][info][gc             ] GC(1562) Pause Young (Allocation Failure) 797M->127M(2042M) 2.639ms
[2260.314s][info][gc,cpu         ] GC(1562) User=0.05s Sys=0.00s Real=0.00s
[2261.323s][info][gc,start       ] GC(1563) Pause Young (Allocation Failure)
[2261.327s][info][gc,heap        ] GC(1563) PSYoungGen: 690591K->4301K(692736K)
[2261.328s][info][gc,heap        ] GC(1563) PSOldGen: 126966K->133419K(1398272K)
[2261.328s][info][gc,metaspace   ] GC(1563) Metaspace: 90710K(98736K)->90710K(98736K) NonClass: 79375K(83888K)->79375K(83888K) Class: 11335K(14848K)->11335K(14848K)
[2261.328s][info][gc             ] GC(1563) Pause Young (Allocation Failure) 798M->134M(2042M) 4.757ms
[2261.328s][info][gc,cpu         ] GC(1563) User=0.00s Sys=0.00s Real=0.00s
[2262.522s][info][gc,start       ] GC(1564) Pause Young (GCLocker Initiated GC)
[2262.524s][info][gc,heap        ] GC(1564) PSYoungGen: 691917K->5408K(693248K)
[2262.525s][info][gc,heap        ] GC(1564) PSOldGen: 133421K->135910K(1398272K)
[2262.525s][info][gc,metaspace   ] GC(1564) Metaspace: 90710K(98736K)->90710K(98736K) NonClass: 79375K(83888K)->79375K(83888K) Class: 11335K(14848K)->11335K(14848K)
[2262.525s][info][gc             ] GC(1564) Pause Young (GCLocker Initiated GC) 805M->138M(2042M) 2.934ms
[2262.525s][info][gc,cpu         ] GC(1564) User=0.00s Sys=0.00s Real=0.01s
[2264.352s][info][gc,start       ] GC(1565) Pause Young (Allocation Failure)
[2264.355s][info][gc,heap        ] GC(1565) PSYoungGen: 693024K->4245K(692224K)
[2264.355s][info][gc,heap        ] GC(1565) PSOldGen: 135913K->138904K(1398272K)
[2264.355s][info][gc,metaspace   ] GC(1565) Metaspace: 90710K(98736K)->90710K(98736K) NonClass: 79375K(83888K)->79375K(83888K) Class: 11335K(14848K)->11335K(14848K)
[2264.355s][info][gc             ] GC(1565) Pause Young (Allocation Failure) 809M->139M(2041M) 3.000ms
[2264.355s][info][gc,cpu         ] GC(1565) User=0.00s Sys=0.00s Real=0.00s
[2265.094s][info][gc,start       ] GC(1566) Pause Young (Allocation Failure)
[2265.097s][info][gc,heap        ] GC(1566) PSYoungGen: 690837K->3848K(692736K)
[2265.097s][info][gc,heap        ] GC(1566) PSOldGen: 138904K->141541K(1398272K)
[2265.097s][info][gc,metaspace   ] GC(1566) Metaspace: 90710K(98736K)->90710K(98736K) NonClass: 79375K(83888K)->79375K(83888K) Class: 11335K(14848K)->11335K(14848K)
[2265.097s][info][gc             ] GC(1566) Pause Young (Allocation Failure) 810M->141M(2042M) 3.281ms
[2265.097s][info][gc,cpu         ] GC(1566) User=0.05s Sys=0.00s Real=0.02s
[2267.400s][info][gc,start       ] GC(1567) Pause Young (Allocation Failure)
[2267.403s][info][gc,heap        ] GC(1567) PSYoungGen: 690440K->3237K(693248K)
[2267.403s][info][gc,heap        ] GC(1567) PSOldGen: 141541K->144876K(1398272K)
[2267.403s][info][gc,metaspace   ] GC(1567) Metaspace: 90710K(98736K)->90710K(98736K) NonClass: 79375K(83888K)->79375K(83888K) Class: 11335K(14848K)->11335K(14848K)
[2267.403s][info][gc             ] GC(1567) Pause Young (Allocation Failure) 812M->144M(2042M) 3.071ms
[2267.403s][info][gc,cpu         ] GC(1567) User=0.00s Sys=0.00s Real=0.00s
[2268.234s][info][gc,start       ] GC(1568) Pause Young (Allocation Failure)
[2268.236s][info][gc,heap        ] GC(1568) PSYoungGen: 690341K->3167K(692736K)
[2268.236s][info][gc,heap        ] GC(1568) PSOldGen: 144876K->146422K(1398272K)
[2268.236s][info][gc,metaspace   ] GC(1568) Metaspace: 90710K(98736K)->90710K(98736K) NonClass: 79375K(83888K)->79375K(83888K) Class: 11335K(14848K)->11335K(14848K)
[2268.236s][info][gc             ] GC(1568) Pause Young (Allocation Failure) 815M->146M(2042M) 2.824ms
[2268.237s][info][gc,cpu         ] GC(1568) User=0.06s Sys=0.00s Real=0.00s
[2268.245s][info][gc,start       ] GC(1569) Pause Young (System.gc())
[2268.247s][info][gc,heap        ] GC(1569) PSYoungGen: 42573K->160K(692224K)
[2268.247s][info][gc,heap        ] GC(1569) PSOldGen: 146422K->148565K(1398272K)
[2268.247s][info][gc,metaspace   ] GC(1569) Metaspace: 90710K(98736K)->90710K(98736K) NonClass: 79375K(83888K)->79375K(83888K) Class: 11335K(14848K)->11335K(14848K)
[2268.247s][info][gc             ] GC(1569) Pause Young (System.gc()) 184M->145M(2041M) 1.945ms
[2268.247s][info][gc,cpu         ] GC(1569) User=0.00s Sys=0.00s Real=0.00s
[2268.247s][info][gc,start       ] GC(1570) Pause Full (System.gc())
[2268.249s][info][gc,phases,start] GC(1570) Phase 1: Mark live objects
[2268.303s][info][gc,phases      ] GC(1570) Phase 1: Mark live objects 54.419ms
[2268.303s][info][gc,phases,start] GC(1570) Phase 2: Compute new object addresses
[2268.317s][info][gc,phases      ] GC(1570) Phase 2: Compute new object addresses 13.570ms
[2268.317s][info][gc,phases,start] GC(1570) Phase 3: Adjust pointers
[2268.351s][info][gc,phases      ] GC(1570) Phase 3: Adjust pointers 34.316ms
[2268.351s][info][gc,phases,start] GC(1570) Phase 4: Move objects
[2268.351s][info][gc,phases      ] GC(1570) Phase 4: Move objects 0.023ms
[2268.354s][info][gc,heap        ] GC(1570) PSYoungGen: 160K->0K(692224K)
[2268.354s][info][gc,heap        ] GC(1570) PSOldGen: 148565K->148597K(1398272K)
[2268.354s][info][gc,metaspace   ] GC(1570) Metaspace: 90710K(98736K)->90710K(98736K) NonClass: 79375K(83888K)->79375K(83888K) Class: 11335K(14848K)->11335K(14848K)
[2268.354s][info][gc             ] GC(1570) Pause Full (System.gc()) 145M->145M(2041M) 106.540ms
[2268.354s][info][gc,cpu         ] GC(1570) User=0.11s Sys=0.00s Real=0.10s
[2269.335s][info][gc,start       ] GC(1571) Pause Young (Allocation Failure)
[2269.338s][info][gc,heap        ] GC(1571) PSYoungGen: 686486K->3699K(692736K)
[2269.338s][info][gc,heap        ] GC(1571) PSOldGen: 148597K->148597K(1398272K)
[2269.338s][info][gc,metaspace   ] GC(1571) Metaspace: 90710K(98736K)->90710K(98736K) NonClass: 79375K(83888K)->79375K(83888K) Class: 11335K(14848K)->11335K(14848K)
[2269.338s][info][gc             ] GC(1571) Pause Young (Allocation Failure) 815M->148M(2042M) 2.357ms
[2269.338s][info][gc,cpu         ] GC(1571) User=0.00s Sys=0.00s Real=0.00s
[2271.707s][info][gc,start       ] GC(1572) Pause Young (Allocation Failure)
[2271.709s][info][gc,heap        ] GC(1572) PSYoungGen: 690291K->2423K(693248K)
[2271.709s][info][gc,heap        ] GC(1572) PSOldGen: 148597K->151187K(1398272K)
[2271.709s][info][gc,metaspace   ] GC(1572) Metaspace: 90710K(98736K)->90710K(98736K) NonClass: 79375K(83888K)->79375K(83888K) Class: 11335K(14848K)->11335K(14848K)
[2271.709s][info][gc             ] GC(1572) Pause Young (Allocation Failure) 819M->150M(2042M) 2.449ms
[2271.710s][info][gc,cpu         ] GC(1572) User=0.00s Sys=0.00s Real=0.00s
[2273.826s][info][gc,start       ] GC(1573) Pause Young (Allocation Failure)
[2273.829s][info][gc,heap        ] GC(1573) PSYoungGen: 689527K->2601K(692736K)
[2273.829s][info][gc,heap        ] GC(1573) PSOldGen: 151187K->152720K(1398272K)
[2273.829s][info][gc,metaspace   ] GC(1573) Metaspace: 90710K(98736K)->90710K(98736K) NonClass: 79375K(83888K)->79375K(83888K) Class: 11335K(14848K)->11335K(14848K)
[2273.829s][info][gc             ] GC(1573) Pause Young (Allocation Failure) 821M->151M(2042M) 2.371ms
[2273.829s][info][gc,cpu         ] GC(1573) User=0.00s Sys=0.00s Real=0.00s
[2274.461s][info][gc,start       ] GC(1574) Pause Young (Allocation Failure)
[2274.465s][info][gc,heap        ] GC(1574) PSYoungGen: 687840K->5366K(692224K)
[2274.465s][info][gc,heap        ] GC(1574) PSOldGen: 152720K->170514K(1398272K)
[2274.465s][info][gc,metaspace   ] GC(1574) Metaspace: 90710K(98736K)->90710K(98736K) NonClass: 79375K(83888K)->79375K(83888K) Class: 11335K(14848K)->11335K(14848K)
[2274.465s][info][gc             ] GC(1574) Pause Young (Allocation Failure) 820M->171M(2041M) 4.197ms
[2274.465s][info][gc,cpu         ] GC(1574) User=0.00s Sys=0.00s Real=0.00s
[2276.152s][info][gc,start       ] GC(1575) Pause Young (Allocation Failure)
[2276.155s][info][gc,heap        ] GC(1575) PSYoungGen: 691958K->3529K(692736K)
[2276.155s][info][gc,heap        ] GC(1575) PSOldGen: 170514K->173345K(1398272K)
[2276.155s][info][gc,metaspace   ] GC(1575) Metaspace: 90710K(98736K)->90710K(98736K) NonClass: 79375K(83888K)->79375K(83888K) Class: 11335K(14848K)->11335K(14848K)
[2276.155s][info][gc             ] GC(1575) Pause Young (Allocation Failure) 842M->172M(2042M) 3.002ms
[2276.155s][info][gc,cpu         ] GC(1575) User=0.00s Sys=0.00s Real=0.00s
[2278.568s][info][gc,start       ] GC(1576) Pause Young (Allocation Failure)
[2278.571s][info][gc,heap        ] GC(1576) PSYoungGen: 690121K->3290K(693248K)
[2278.571s][info][gc,heap        ] GC(1576) PSOldGen: 173345K->175098K(1398272K)
[2278.571s][info][gc,metaspace   ] GC(1576) Metaspace: 90710K(98736K)->90710K(98736K) NonClass: 79375K(83888K)->79375K(83888K) Class: 11335K(14848K)->11335K(14848K)
[2278.571s][info][gc             ] GC(1576) Pause Young (Allocation Failure) 843M->174M(2042M) 2.804ms
[2278.571s][info][gc,cpu         ] GC(1576) User=0.00s Sys=0.00s Real=0.00s
[2280.153s][info][gc,start       ] GC(1577) Pause Young (Allocation Failure)
[2280.155s][info][gc,heap        ] GC(1577) PSYoungGen: 690394K->2754K(692736K)
[2280.155s][info][gc,heap        ] GC(1577) PSOldGen: 175098K->176992K(1398272K)
[2280.155s][info][gc,metaspace   ] GC(1577) Metaspace: 90710K(98736K)->90710K(98736K) NonClass: 79375K(83888K)->79375K(83888K) Class: 11335K(14848K)->11335K(14848K)
[2280.155s][info][gc             ] GC(1577) Pause Young (Allocation Failure) 845M->175M(2042M) 2.741ms
[2280.156s][info][gc,cpu         ] GC(1577) User=0.00s Sys=0.00s Real=0.00s
[2280.923s][info][gc,start       ] GC(1578) Pause Young (Allocation Failure)
[2280.925s][info][gc,heap        ] GC(1578) PSYoungGen: 689858K->3539K(693248K)
[2280.926s][info][gc,heap        ] GC(1578) PSOldGen: 176992K->179199K(1398272K)
[2280.926s][info][gc,metaspace   ] GC(1578) Metaspace: 90710K(98736K)->90710K(98736K) NonClass: 79375K(83888K)->79375K(83888K) Class: 11335K(14848K)->11335K(14848K)
[2280.926s][info][gc             ] GC(1578) Pause Young (Allocation Failure) 846M->178M(2042M) 2.898ms
[2280.926s][info][gc,cpu         ] GC(1578) User=0.02s Sys=0.00s Real=0.00s
[2283.390s][info][gc,start       ] GC(1579) Pause Young (Allocation Failure)
[2283.393s][info][gc,heap        ] GC(1579) PSYoungGen: 691155K->2378K(693248K)
[2283.393s][info][gc,heap        ] GC(1579) PSOldGen: 179199K->181390K(1398272K)
[2283.393s][info][gc,metaspace   ] GC(1579) Metaspace: 90710K(98736K)->90710K(98736K) NonClass: 79375K(83888K)->79375K(83888K) Class: 11335K(14848K)->11335K(14848K)
[2283.393s][info][gc             ] GC(1579) Pause Young (Allocation Failure) 849M->179M(2042M) 3.015ms
[2283.393s][info][gc,cpu         ] GC(1579) User=0.08s Sys=0.00s Real=0.00s
[2285.601s][info][gc,start       ] GC(1580) Pause Young (Allocation Failure)
[2285.604s][info][gc,heap        ] GC(1580) PSYoungGen: 689994K->3275K(693248K)
[2285.604s][info][gc,heap        ] GC(1580) PSOldGen: 181390K->183095K(1398272K)
[2285.604s][info][gc,metaspace   ] GC(1580) Metaspace: 90710K(98736K)->90710K(98736K) NonClass: 79375K(83888K)->79375K(83888K) Class: 11335K(14848K)->11335K(14848K)
[2285.604s][info][gc             ] GC(1580) Pause Young (Allocation Failure) 850M->182M(2042M) 2.651ms
[2285.604s][info][gc,cpu         ] GC(1580) User=0.00s Sys=0.00s Real=0.00s
[2286.220s][info][gc,start       ] GC(1581) Pause Young (Allocation Failure)
[2286.224s][info][gc,heap        ] GC(1581) PSYoungGen: 687773K->5559K(693248K)
[2286.224s][info][gc,heap        ] GC(1581) PSOldGen: 183095K->196865K(1398272K)
[2286.224s][info][gc,metaspace   ] GC(1581) Metaspace: 90710K(98736K)->90710K(98736K) NonClass: 79375K(83888K)->79375K(83888K) Class: 11335K(14848K)->11335K(14848K)
[2286.224s][info][gc             ] GC(1581) Pause Young (Allocation Failure) 850M->197M(2042M) 4.134ms
[2286.224s][info][gc,cpu         ] GC(1581) User=0.02s Sys=0.00s Real=0.00s
[2288.007s][info][gc,start       ] GC(1582) Pause Young (Allocation Failure)
[2288.010s][info][gc,heap        ] GC(1582) PSYoungGen: 693175K->4396K(692224K)
[2288.010s][info][gc,heap        ] GC(1582) PSOldGen: 196865K->199715K(1398272K)
[2288.010s][info][gc,metaspace   ] GC(1582) Metaspace: 90710K(98736K)->90710K(98736K) NonClass: 79375K(83888K)->79375K(83888K) Class: 11335K(14848K)->11335K(14848K)
[2288.010s][info][gc             ] GC(1582) Pause Young (Allocation Failure) 869M->199M(2041M) 2.972ms
[2288.010s][info][gc,cpu         ] GC(1582) User=0.00s Sys=0.00s Real=0.01s
[2290.290s][info][gc,start       ] GC(1583) Pause Young (Allocation Failure)
[2290.293s][info][gc,heap        ] GC(1583) PSYoungGen: 690988K->3034K(692736K)
[2290.293s][info][gc,heap        ] GC(1583) PSOldGen: 199715K->201481K(1398272K)
[2290.293s][info][gc,metaspace   ] GC(1583) Metaspace: 90710K(98736K)->90710K(98736K) NonClass: 79375K(83888K)->79375K(83888K) Class: 11335K(14848K)->11335K(14848K)
[2290.293s][info][gc             ] GC(1583) Pause Young (Allocation Failure) 869M->199M(2042M) 2.786ms
[2290.293s][info][gc,cpu         ] GC(1583) User=0.00s Sys=0.00s Real=0.01s
[2291.914s][info][gc,start       ] GC(1584) Pause Young (Allocation Failure)
[2291.917s][info][gc,heap        ] GC(1584) PSYoungGen: 689626K->4566K(692736K)
[2291.917s][info][gc,heap        ] GC(1584) PSOldGen: 201481K->203349K(1398272K)
[2291.917s][info][gc,metaspace   ] GC(1584) Metaspace: 90710K(98736K)->90710K(98736K) NonClass: 79375K(83888K)->79375K(83888K) Class: 11335K(14848K)->11335K(14848K)
[2291.917s][info][gc             ] GC(1584) Pause Young (Allocation Failure) 870M->203M(2042M) 2.972ms
[2291.917s][info][gc,cpu         ] GC(1584) User=0.00s Sys=0.00s Real=0.00s
[2292.691s][info][gc,start       ] GC(1585) Pause Young (Allocation Failure)
[2292.694s][info][gc,heap        ] GC(1585) PSYoungGen: 691158K->3307K(692736K)
[2292.694s][info][gc,heap        ] GC(1585) PSOldGen: 203349K->205373K(1398272K)
[2292.694s][info][gc,metaspace   ] GC(1585) Metaspace: 90710K(98736K)->90710K(98736K) NonClass: 79375K(83888K)->79375K(83888K) Class: 11335K(14848K)->11335K(14848K)
[2292.694s][info][gc             ] GC(1585) Pause Young (Allocation Failure) 873M->203M(2042M) 2.692ms
[2292.694s][info][gc,cpu         ] GC(1585) User=0.00s Sys=0.00s Real=0.00s
[2294.884s][info][gc,start       ] GC(1586) Pause Young (Allocation Failure)
[2294.887s][info][gc,heap        ] GC(1586) PSYoungGen: 687638K->3421K(693248K)
[2294.887s][info][gc,heap        ] GC(1586) PSOldGen: 205373K->208319K(1398272K)
[2294.887s][info][gc,metaspace   ] GC(1586) Metaspace: 90710K(98736K)->90710K(98736K) NonClass: 79375K(83888K)->79375K(83888K) Class: 11335K(14848K)->11335K(14848K)
[2294.887s][info][gc             ] GC(1586) Pause Young (Allocation Failure) 872M->206M(2042M) 3.059ms
[2294.887s][info][gc,cpu         ] GC(1586) User=0.00s Sys=0.00s Real=0.00s
[2295.530s][info][gc,start       ] GC(1587) Pause Young (Allocation Failure)
[2295.533s][info][gc,heap        ] GC(1587) PSYoungGen: 690525K->3240K(692736K)
[2295.533s][info][gc,heap        ] GC(1587) PSOldGen: 208319K->210836K(1398272K)
[2295.533s][info][gc,metaspace   ] GC(1587) Metaspace: 90710K(98736K)->90710K(98736K) NonClass: 79375K(83888K)->79375K(83888K) Class: 11335K(14848K)->11335K(14848K)
[2295.533s][info][gc             ] GC(1587) Pause Young (Allocation Failure) 877M->209M(2042M) 2.606ms
[2295.533s][info][gc,cpu         ] GC(1587) User=0.09s Sys=0.00s Real=0.00s
[2297.761s][info][gc,start       ] GC(1588) Pause Young (GCLocker Initiated GC)
[2297.764s][info][gc,heap        ] GC(1588) PSYoungGen: 690344K->4913K(692224K)
[2297.764s][info][gc,heap        ] GC(1588) PSOldGen: 210836K->212442K(1398272K)
[2297.764s][info][gc,metaspace   ] GC(1588) Metaspace: 90710K(98736K)->90710K(98736K) NonClass: 79375K(83888K)->79375K(83888K) Class: 11335K(14848K)->11335K(14848K)
[2297.764s][info][gc             ] GC(1588) Pause Young (GCLocker Initiated GC) 880M->212M(2041M) 2.959ms
[2297.764s][info][gc,cpu         ] GC(1588) User=0.00s Sys=0.00s Real=0.00s
[2298.723s][info][gc,start       ] GC(1589) Pause Young (Allocation Failure)
[2298.726s][info][gc,heap        ] GC(1589) PSYoungGen: 691505K->3907K(692736K)
[2298.726s][info][gc,heap        ] GC(1589) PSOldGen: 238238K->240639K(1398272K)
[2298.726s][info][gc,metaspace   ] GC(1589) Metaspace: 90710K(98736K)->90710K(98736K) NonClass: 79375K(83888K)->79375K(83888K) Class: 11335K(14848K)->11335K(14848K)
[2298.726s][info][gc             ] GC(1589) Pause Young (Allocation Failure) 907M->238M(2042M) 3.199ms
[2298.726s][info][gc,cpu         ] GC(1589) User=0.00s Sys=0.00s Real=0.00s
[2300.045s][info][gc,start       ] GC(1590) Pause Young (Allocation Failure)
[2300.048s][info][gc,heap        ] GC(1590) PSYoungGen: 690499K->3160K(693248K)
[2300.048s][info][gc,heap        ] GC(1590) PSOldGen: 240639K->243104K(1398272K)
[2300.048s][info][gc,metaspace   ] GC(1590) Metaspace: 90710K(98736K)->90710K(98736K) NonClass: 79375K(83888K)->79375K(83888K) Class: 11335K(14848K)->11335K(14848K)
[2300.048s][info][gc             ] GC(1590) Pause Young (Allocation Failure) 909M->240M(2042M) 2.939ms
[2300.048s][info][gc,cpu         ] GC(1590) User=0.00s Sys=0.00s Real=0.00s
[2301.744s][info][gc,start       ] GC(1591) Pause Young (Allocation Failure)
[2301.749s][info][gc,heap        ] GC(1591) PSYoungGen: 690776K->5601K(693248K)
[2301.749s][info][gc,heap        ] GC(1591) PSOldGen: 243104K->247050K(1398272K)
[2301.749s][info][gc,metaspace   ] GC(1591) Metaspace: 90710K(98736K)->90710K(98736K) NonClass: 79375K(83888K)->79375K(83888K) Class: 11335K(14848K)->11335K(14848K)
[2301.749s][info][gc             ] GC(1591) Pause Young (Allocation Failure) 911M->246M(2042M) 4.595ms
[2301.749s][info][gc,cpu         ] GC(1591) User=0.00s Sys=0.00s Real=0.00s
[2302.490s][info][gc,start       ] GC(1592) Pause Young (Allocation Failure)
[2302.494s][info][gc,heap        ] GC(1592) PSYoungGen: 693217K->3592K(689152K)
[2302.494s][info][gc,heap        ] GC(1592) PSOldGen: 247050K->250264K(1398272K)
[2302.494s][info][gc,metaspace   ] GC(1592) Metaspace: 90710K(98736K)->90710K(98736K) NonClass: 79375K(83888K)->79375K(83888K) Class: 11335K(14848K)->11335K(14848K)
[2302.494s][info][gc             ] GC(1592) Pause Young (Allocation Failure) 918M->247M(2038M) 3.756ms
[2302.494s][info][gc,cpu         ] GC(1592) User=0.00s Sys=0.00s Real=0.00s
[2304.808s][info][gc,start       ] GC(1593) Pause Young (Allocation Failure)
[2304.811s][info][gc,heap        ] GC(1593) PSYoungGen: 687112K->2824K(691200K)
[2304.811s][info][gc,heap        ] GC(1593) PSOldGen: 250264K->253258K(1398272K)
[2304.811s][info][gc,metaspace   ] GC(1593) Metaspace: 90710K(98736K)->90710K(98736K) NonClass: 79375K(83888K)->79375K(83888K) Class: 11335K(14848K)->11335K(14848K)
[2304.811s][info][gc             ] GC(1593) Pause Young (Allocation Failure) 915M->250M(2040M) 3.423ms
[2304.811s][info][gc,cpu         ] GC(1593) User=0.00s Sys=0.00s Real=0.00s
[2305.621s][info][gc,start       ] GC(1594) Pause Young (System.gc())
[2305.624s][info][gc,heap        ] GC(1594) PSYoungGen: 675991K->1071K(691200K)
[2305.624s][info][gc,heap        ] GC(1594) PSOldGen: 253258K->255502K(1398272K)
[2305.624s][info][gc,metaspace   ] GC(1594) Metaspace: 90710K(98736K)->90710K(98736K) NonClass: 79375K(83888K)->79375K(83888K) Class: 11335K(14848K)->11335K(14848K)
[2305.624s][info][gc             ] GC(1594) Pause Young (System.gc()) 907M->250M(2040M) 3.417ms
[2305.624s][info][gc,cpu         ] GC(1594) User=0.00s Sys=0.00s Real=0.01s
[2305.624s][info][gc,start       ] GC(1595) Pause Full (System.gc())
[2305.626s][info][gc,phases,start] GC(1595) Phase 1: Mark live objects
[2305.681s][info][gc,phases      ] GC(1595) Phase 1: Mark live objects 55.459ms
[2305.681s][info][gc,phases,start] GC(1595) Phase 2: Compute new object addresses
[2305.697s][info][gc,phases      ] GC(1595) Phase 2: Compute new object addresses 15.497ms
[2305.697s][info][gc,phases,start] GC(1595) Phase 3: Adjust pointers
[2305.733s][info][gc,phases      ] GC(1595) Phase 3: Adjust pointers 35.790ms
[2305.733s][info][gc,phases,start] GC(1595) Phase 4: Move objects
[2305.740s][info][gc,phases      ] GC(1595) Phase 4: Move objects 7.161ms
[2305.742s][info][gc,heap        ] GC(1595) PSYoungGen: 1071K->0K(691200K)
[2305.742s][info][gc,heap        ] GC(1595) PSOldGen: 255502K->149748K(1398272K)
[2305.742s][info][gc,metaspace   ] GC(1595) Metaspace: 90710K(98736K)->90710K(98736K) NonClass: 79375K(83888K)->79375K(83888K) Class: 11335K(14848K)->11335K(14848K)
[2305.742s][info][gc             ] GC(1595) Pause Full (System.gc()) 250M->146M(2040M) 118.221ms
[2305.742s][info][gc,cpu         ] GC(1595) User=0.12s Sys=0.00s Real=0.12s
[2306.642s][info][gc,start       ] GC(1596) Pause Young (Allocation Failure)
[2306.645s][info][gc,heap        ] GC(1596) PSYoungGen: 683520K->3588K(691200K)
[2306.645s][info][gc,heap        ] GC(1596) PSOldGen: 149748K->149748K(1398272K)
[2306.645s][info][gc,metaspace   ] GC(1596) Metaspace: 90710K(98736K)->90710K(98736K) NonClass: 79375K(83888K)->79375K(83888K) Class: 11335K(14848K)->11335K(14848K)
[2306.645s][info][gc             ] GC(1596) Pause Young (Allocation Failure) 813M->149M(2040M) 2.804ms
[2306.645s][info][gc,cpu         ] GC(1596) User=0.00s Sys=0.00s Real=0.00s
[2309.022s][info][gc,start       ] GC(1597) Pause Young (Allocation Failure)
[2309.024s][info][gc,heap        ] GC(1597) PSYoungGen: 687108K->2303K(691712K)
[2309.024s][info][gc,heap        ] GC(1597) PSOldGen: 149748K->152514K(1398272K)
[2309.024s][info][gc,metaspace   ] GC(1597) Metaspace: 90710K(98736K)->90710K(98736K) NonClass: 79375K(83888K)->79375K(83888K) Class: 11335K(14848K)->11335K(14848K)
[2309.024s][info][gc             ] GC(1597) Pause Young (Allocation Failure) 817M->151M(2041M) 2.346ms
[2309.024s][info][gc,cpu         ] GC(1597) User=0.00s Sys=0.00s Real=0.00s
[2311.159s][info][gc,start       ] GC(1598) Pause Young (Allocation Failure)
[2311.162s][info][gc,heap        ] GC(1598) PSYoungGen: 686324K->4564K(691712K)
[2311.162s][info][gc,heap        ] GC(1598) PSOldGen: 152514K->154202K(1398272K)
[2311.162s][info][gc,metaspace   ] GC(1598) Metaspace: 90710K(98736K)->90710K(98736K) NonClass: 79375K(83888K)->79375K(83888K) Class: 11335K(14848K)->11335K(14848K)
[2311.162s][info][gc             ] GC(1598) Pause Young (Allocation Failure) 819M->155M(2041M) 2.726ms
[2311.162s][info][gc,cpu         ] GC(1598) User=0.00s Sys=0.00s Real=0.00s
[2311.781s][info][gc,start       ] GC(1599) Pause Young (Allocation Failure)
[2311.785s][info][gc,heap        ] GC(1599) PSYoungGen: 688482K->7154K(678400K)
[2311.785s][info][gc,heap        ] GC(1599) PSOldGen: 154202K->169788K(1398272K)
[2311.785s][info][gc,metaspace   ] GC(1599) Metaspace: 90710K(98736K)->90710K(98736K) NonClass: 79375K(83888K)->79375K(83888K) Class: 11335K(14848K)->11335K(14848K)
[2311.785s][info][gc             ] GC(1599) Pause Young (Allocation Failure) 822M->172M(2028M) 4.243ms
[2311.785s][info][gc,cpu         ] GC(1599) User=0.08s Sys=0.02s Real=0.01s
[2313.357s][info][gc,start       ] GC(1600) Pause Young (Allocation Failure)
[2313.360s][info][gc,heap        ] GC(1600) PSYoungGen: 678143K->6978K(685056K)
[2313.360s][info][gc,heap        ] GC(1600) PSOldGen: 169788K->172380K(1398272K)
[2313.360s][info][gc,metaspace   ] GC(1600) Metaspace: 90710K(98736K)->90710K(98736K) NonClass: 79375K(83888K)->79375K(83888K) Class: 11335K(14848K)->11335K(14848K)
[2313.360s][info][gc             ] GC(1600) Pause Young (Allocation Failure) 828M->175M(2034M) 2.814ms
[2313.360s][info][gc,cpu         ] GC(1600) User=0.00s Sys=0.00s Real=0.00s
[2315.712s][info][gc,start       ] GC(1601) Pause Young (GCLocker Initiated GC)
[2315.716s][info][gc,heap        ] GC(1601) PSYoungGen: 678210K->6762K(685568K)
[2315.717s][info][gc,heap        ] GC(1601) PSOldGen: 172415K->178248K(1398272K)
[2315.717s][info][gc,metaspace   ] GC(1601) Metaspace: 90710K(98736K)->90710K(98736K) NonClass: 79375K(83888K)->79375K(83888K) Class: 11335K(14848K)->11335K(14848K)
[2315.717s][info][gc             ] GC(1601) Pause Young (GCLocker Initiated GC) 830M->180M(2035M) 4.128ms
[2315.717s][info][gc,cpu         ] GC(1601) User=0.00s Sys=0.00s Real=0.00s
[2317.546s][info][gc,start       ] GC(1602) Pause Young (Allocation Failure)
[2317.550s][info][gc,heap        ] GC(1602) PSYoungGen: 678506K->5161K(685056K)
[2317.550s][info][gc,heap        ] GC(1602) PSOldGen: 178249K->180179K(1398272K)
[2317.550s][info][gc,metaspace   ] GC(1602) Metaspace: 90710K(98736K)->90710K(98736K) NonClass: 79375K(83888K)->79375K(83888K) Class: 11335K(14848K)->11335K(14848K)
[2317.550s][info][gc             ] GC(1602) Pause Young (Allocation Failure) 836M->180M(2034M) 3.663ms
[2317.550s][info][gc,cpu         ] GC(1602) User=0.08s Sys=0.00s Real=0.00s
[2318.388s][info][gc,start       ] GC(1603) Pause Young (Allocation Failure)
[2318.391s][info][gc,heap        ] GC(1603) PSYoungGen: 676905K->3275K(686592K)
[2318.391s][info][gc,heap        ] GC(1603) PSOldGen: 180179K->182712K(1398272K)
[2318.391s][info][gc,metaspace   ] GC(1603) Metaspace: 90710K(98736K)->90710K(98736K) NonClass: 79375K(83888K)->79375K(83888K) Class: 11335K(14848K)->11335K(14848K)
[2318.391s][info][gc             ] GC(1603) Pause Young (Allocation Failure) 836M->181M(2036M) 3.094ms
[2318.391s][info][gc,cpu         ] GC(1603) User=0.00s Sys=0.00s Real=0.00s
[2320.723s][info][gc,start       ] GC(1604) Pause Young (Allocation Failure)
[2320.727s][info][gc,heap        ] GC(1604) PSYoungGen: 676360K->2004K(686080K)
[2320.727s][info][gc,heap        ] GC(1604) PSOldGen: 182712K->185566K(1398272K)
[2320.727s][info][gc,metaspace   ] GC(1604) Metaspace: 90710K(98736K)->90710K(98736K) NonClass: 79375K(83888K)->79375K(83888K) Class: 11335K(14848K)->11335K(14848K)
[2320.727s][info][gc             ] GC(1604) Pause Young (Allocation Failure) 838M->183M(2035M) 3.232ms
[2320.727s][info][gc,cpu         ] GC(1604) User=0.00s Sys=0.00s Real=0.00s
[2322.913s][info][gc,start       ] GC(1605) Pause Young (Allocation Failure)
[2322.916s][info][gc,heap        ] GC(1605) PSYoungGen: 675796K->3084K(687104K)
[2322.916s][info][gc,heap        ] GC(1605) PSOldGen: 185566K->186912K(1398272K)
[2322.916s][info][gc,metaspace   ] GC(1605) Metaspace: 90710K(98736K)->90710K(98736K) NonClass: 79375K(83888K)->79375K(83888K) Class: 11335K(14848K)->11335K(14848K)
[2322.916s][info][gc             ] GC(1605) Pause Young (Allocation Failure) 841M->185M(2036M) 3.205ms
[2322.916s][info][gc,cpu         ] GC(1605) User=0.00s Sys=0.00s Real=0.00s
[2323.813s][info][gc,start       ] GC(1606) Pause Young (Allocation Failure)
[2323.816s][info][gc,heap        ] GC(1606) PSYoungGen: 675282K->4024K(686592K)
[2323.816s][info][gc,heap        ] GC(1606) PSOldGen: 186912K->188896K(1398272K)
[2323.816s][info][gc,metaspace   ] GC(1606) Metaspace: 90710K(98736K)->90710K(98736K) NonClass: 79375K(83888K)->79375K(83888K) Class: 11335K(14848K)->11335K(14848K)
[2323.816s][info][gc             ] GC(1606) Pause Young (Allocation Failure) 841M->188M(2036M) 3.128ms
[2323.816s][info][gc,cpu         ] GC(1606) User=0.03s Sys=0.00s Real=0.00s
[2325.121s][info][gc,start       ] GC(1607) Pause Young (Allocation Failure)
[2325.125s][info][gc,heap        ] GC(1607) PSYoungGen: 678840K->3471K(687616K)
[2325.125s][info][gc,heap        ] GC(1607) PSOldGen: 188896K->191559K(1398272K)
[2325.125s][info][gc,metaspace   ] GC(1607) Metaspace: 90710K(98736K)->90710K(98736K) NonClass: 79375K(83888K)->79375K(83888K) Class: 11335K(14848K)->11335K(14848K)
[2325.125s][info][gc             ] GC(1607) Pause Young (Allocation Failure) 847M->190M(2037M) 3.099ms
[2325.125s][info][gc,cpu         ] GC(1607) User=0.00s Sys=0.00s Real=0.01s
[2327.335s][info][gc,start       ] GC(1608) Pause Young (Allocation Failure)
[2327.337s][info][gc,heap        ] GC(1608) PSYoungGen: 679823K->4253K(687616K)
[2327.337s][info][gc,heap        ] GC(1608) PSOldGen: 191559K->193628K(1398272K)
[2327.337s][info][gc,metaspace   ] GC(1608) Metaspace: 90710K(98736K)->90710K(98736K) NonClass: 79375K(83888K)->79375K(83888K) Class: 11335K(14848K)->11335K(14848K)
[2327.337s][info][gc             ] GC(1608) Pause Young (Allocation Failure) 850M->193M(2037M) 2.876ms
[2327.338s][info][gc,cpu         ] GC(1608) User=0.00s Sys=0.00s Real=0.00s
[2329.337s][info][gc,start       ] GC(1609) Pause Young (Allocation Failure)
[2329.341s][info][gc,heap        ] GC(1609) PSYoungGen: 680605K->5016K(688640K)
[2329.341s][info][gc,heap        ] GC(1609) PSOldGen: 193628K->195399K(1398272K)
[2329.341s][info][gc,metaspace   ] GC(1609) Metaspace: 90710K(98736K)->90710K(98736K) NonClass: 79375K(83888K)->79375K(83888K) Class: 11335K(14848K)->11335K(14848K)
[2329.341s][info][gc             ] GC(1609) Pause Young (Allocation Failure) 853M->195M(2038M) 3.942ms
[2329.341s][info][gc,cpu         ] GC(1609) User=0.00s Sys=0.00s Real=0.01s
[2330.029s][info][gc,start       ] GC(1610) Pause Young (Allocation Failure)
[2330.032s][info][gc,heap        ] GC(1610) PSYoungGen: 679962K->3037K(688128K)
[2330.032s][info][gc,heap        ] GC(1610) PSOldGen: 195399K->197646K(1398272K)
[2330.032s][info][gc,metaspace   ] GC(1610) Metaspace: 90710K(98736K)->90710K(98736K) NonClass: 79375K(83888K)->79375K(83888K) Class: 11335K(14848K)->11335K(14848K)
[2330.032s][info][gc             ] GC(1610) Pause Young (Allocation Failure) 854M->195M(2037M) 2.826ms
[2330.032s][info][gc,cpu         ] GC(1610) User=0.00s Sys=0.00s Real=0.01s
[2332.290s][info][gc,start       ] GC(1611) Pause Young (Allocation Failure)
[2332.292s][info][gc,heap        ] GC(1611) PSYoungGen: 679193K->2099K(689152K)
[2332.292s][info][gc,heap        ] GC(1611) PSOldGen: 197646K->200276K(1398272K)
[2332.292s][info][gc,metaspace   ] GC(1611) Metaspace: 90710K(98736K)->90710K(98736K) NonClass: 79375K(83888K)->79375K(83888K) Class: 11335K(14848K)->11335K(14848K)
[2332.292s][info][gc             ] GC(1611) Pause Young (Allocation Failure) 856M->197M(2038M) 2.429ms
[2332.292s][info][gc,cpu         ] GC(1611) User=0.00s Sys=0.00s Real=0.00s
[2333.107s][info][gc,start       ] GC(1612) Pause Young (Allocation Failure)
[2333.110s][info][gc,heap        ] GC(1612) PSYoungGen: 681523K->3635K(689152K)
[2333.110s][info][gc,heap        ] GC(1612) PSOldGen: 200276K->201758K(1398272K)
[2333.110s][info][gc,metaspace   ] GC(1612) Metaspace: 90710K(98736K)->90710K(98736K) NonClass: 79375K(83888K)->79375K(83888K) Class: 11335K(14848K)->11335K(14848K)
[2333.110s][info][gc             ] GC(1612) Pause Young (Allocation Failure) 861M->200M(2038M) 2.796ms
[2333.110s][info][gc,cpu         ] GC(1612) User=0.00s Sys=0.00s Real=0.00s
[2334.523s][info][gc,start       ] GC(1613) Pause Young (Allocation Failure)
[2334.526s][info][gc,heap        ] GC(1613) PSYoungGen: 683059K->3165K(689664K)
[2334.526s][info][gc,heap        ] GC(1613) PSOldGen: 201758K->204703K(1398272K)
[2334.526s][info][gc,metaspace   ] GC(1613) Metaspace: 90710K(98736K)->90710K(98736K) NonClass: 79375K(83888K)->79375K(83888K) Class: 11335K(14848K)->11335K(14848K)
[2334.526s][info][gc             ] GC(1613) Pause Young (Allocation Failure) 864M->202M(2039M) 3.189ms
[2334.526s][info][gc,cpu         ] GC(1613) User=0.00s Sys=0.00s Real=0.01s
[2336.218s][info][gc,start       ] GC(1614) Pause Young (Allocation Failure)
[2336.220s][info][gc,heap        ] GC(1614) PSYoungGen: 683613K->2562K(689664K)
[2336.220s][info][gc,heap        ] GC(1614) PSOldGen: 204703K->206777K(1398272K)
[2336.220s][info][gc,metaspace   ] GC(1614) Metaspace: 90710K(98736K)->90710K(98736K) NonClass: 79375K(83888K)->79375K(83888K) Class: 11335K(14848K)->11335K(14848K)
[2336.220s][info][gc             ] GC(1614) Pause Young (Allocation Failure) 867M->204M(2039M) 2.652ms
[2336.220s][info][gc,cpu         ] GC(1614) User=0.09s Sys=0.00s Real=0.00s
[2336.964s][info][gc,start       ] GC(1615) Pause Young (Allocation Failure)
[2336.966s][info][gc,heap        ] GC(1615) PSYoungGen: 683010K->3357K(690176K)
[2336.966s][info][gc,heap        ] GC(1615) PSOldGen: 206777K->208790K(1398272K)
[2336.966s][info][gc,metaspace   ] GC(1615) Metaspace: 90710K(98736K)->90710K(98736K) NonClass: 79375K(83888K)->79375K(83888K) Class: 11335K(14848K)->11335K(14848K)
[2336.966s][info][gc             ] GC(1615) Pause Young (Allocation Failure) 868M->207M(2039M) 2.885ms
[2336.966s][info][gc,cpu         ] GC(1615) User=0.00s Sys=0.00s Real=0.00s
[2339.063s][info][gc,start       ] GC(1616) Pause Young (Allocation Failure)
[2339.065s][info][gc,heap        ] GC(1616) PSYoungGen: 684829K->3138K(690176K)
[2339.066s][info][gc,heap        ] GC(1616) PSOldGen: 208790K->211747K(1398272K)
[2339.066s][info][gc,metaspace   ] GC(1616) Metaspace: 90710K(98736K)->90710K(98736K) NonClass: 79375K(83888K)->79375K(83888K) Class: 11335K(14848K)->11335K(14848K)
[2339.066s][info][gc             ] GC(1616) Pause Young (Allocation Failure) 872M->209M(2039M) 2.940ms
[2339.066s][info][gc,cpu         ] GC(1616) User=0.09s Sys=0.00s Real=0.00s
[2339.664s][info][gc,start       ] GC(1617) Pause Young (Allocation Failure)
[2339.668s][info][gc,heap        ] GC(1617) PSYoungGen: 683370K->2774K(690688K)
[2339.668s][info][gc,heap        ] GC(1617) PSOldGen: 211747K->214366K(1398272K)
[2339.668s][info][gc,metaspace   ] GC(1617) Metaspace: 90710K(98736K)->90710K(98736K) NonClass: 79375K(83888K)->79375K(83888K) Class: 11335K(14848K)->11335K(14848K)
[2339.668s][info][gc             ] GC(1617) Pause Young (Allocation Failure) 874M->212M(2040M) 3.861ms
[2339.668s][info][gc,cpu         ] GC(1617) User=0.00s Sys=0.00s Real=0.00s
[2341.602s][info][gc,start       ] GC(1618) Pause Young (Allocation Failure)
[2341.605s][info][gc,heap        ] GC(1618) PSYoungGen: 685270K->4564K(690688K)
[2341.605s][info][gc,heap        ] GC(1618) PSOldGen: 214366K->216021K(1398272K)
[2341.605s][info][gc,metaspace   ] GC(1618) Metaspace: 90710K(98736K)->90710K(98736K) NonClass: 79375K(83888K)->79375K(83888K) Class: 11335K(14848K)->11335K(14848K)
[2341.605s][info][gc             ] GC(1618) Pause Young (Allocation Failure) 878M->215M(2040M) 2.800ms
[2341.605s][info][gc,cpu         ] GC(1618) User=0.00s Sys=0.00s Real=0.01s
[2343.067s][info][gc,start       ] GC(1619) Pause Young (Allocation Failure)
[2343.071s][info][gc,heap        ] GC(1619) PSYoungGen: 687060K->7448K(689152K)
[2343.071s][info][gc,heap        ] GC(1619) PSOldGen: 216021K->218328K(1398272K)
[2343.071s][info][gc,metaspace   ] GC(1619) Metaspace: 90710K(98736K)->90710K(98736K) NonClass: 79375K(83888K)->79375K(83888K) Class: 11335K(14848K)->11335K(14848K)
[2343.071s][info][gc             ] GC(1619) Pause Young (Allocation Failure) 881M->220M(2038M) 4.169ms
[2343.071s][info][gc,cpu         ] GC(1619) User=0.00s Sys=0.00s Real=0.00s
[2343.306s][info][gc,start       ] GC(1620) Pause Young (System.gc())
[2343.309s][info][gc,heap        ] GC(1620) PSYoungGen: 254612K->544K(682496K)
[2343.309s][info][gc,heap        ] GC(1620) PSOldGen: 218328K->220327K(1398272K)
[2343.309s][info][gc,metaspace   ] GC(1620) Metaspace: 90711K(98736K)->90711K(98736K) NonClass: 79376K(83888K)->79376K(83888K) Class: 11335K(14848K)->11335K(14848K)
[2343.309s][info][gc             ] GC(1620) Pause Young (System.gc()) 461M->215M(2032M) 2.491ms
[2343.309s][info][gc,cpu         ] GC(1620) User=0.00s Sys=0.00s Real=0.00s
[2343.309s][info][gc,start       ] GC(1621) Pause Full (System.gc())
[2343.311s][info][gc,phases,start] GC(1621) Phase 1: Mark live objects
[2343.365s][info][gc,phases      ] GC(1621) Phase 1: Mark live objects 54.150ms
[2343.365s][info][gc,phases,start] GC(1621) Phase 2: Compute new object addresses
[2343.379s][info][gc,phases      ] GC(1621) Phase 2: Compute new object addresses 14.033ms
[2343.379s][info][gc,phases,start] GC(1621) Phase 3: Adjust pointers
[2343.415s][info][gc,phases      ] GC(1621) Phase 3: Adjust pointers 35.885ms
[2343.415s][info][gc,phases,start] GC(1621) Phase 4: Move objects
[2343.423s][info][gc,phases      ] GC(1621) Phase 4: Move objects 7.703ms
[2343.425s][info][gc,heap        ] GC(1621) PSYoungGen: 544K->0K(682496K)
[2343.425s][info][gc,heap        ] GC(1621) PSOldGen: 220327K->149950K(1398272K)
[2343.425s][info][gc,metaspace   ] GC(1621) Metaspace: 90711K(98736K)->90711K(98736K) NonClass: 79376K(83888K)->79376K(83888K) Class: 11335K(14848K)->11335K(14848K)
[2343.425s][info][gc             ] GC(1621) Pause Full (System.gc()) 215M->146M(2032M) 116.424ms
[2343.425s][info][gc,cpu         ] GC(1621) User=0.11s Sys=0.00s Real=0.12s
[2344.336s][info][gc,start       ] GC(1622) Pause Young (Allocation Failure)
[2344.338s][info][gc,heap        ] GC(1622) PSYoungGen: 681472K->3761K(690176K)
[2344.338s][info][gc,heap        ] GC(1622) PSOldGen: 149950K->149950K(1398272K)
[2344.338s][info][gc,metaspace   ] GC(1622) Metaspace: 90711K(98736K)->90711K(98736K) NonClass: 79376K(83888K)->79376K(83888K) Class: 11335K(14848K)->11335K(14848K)
[2344.338s][info][gc             ] GC(1622) Pause Young (Allocation Failure) 811M->150M(2039M) 2.563ms
[2344.338s][info][gc,cpu         ] GC(1622) User=0.00s Sys=0.00s Real=0.00s
[2346.768s][info][gc,start       ] GC(1623) Pause Young (Allocation Failure)
[2346.770s][info][gc,heap        ] GC(1623) PSYoungGen: 684721K->2496K(689664K)
[2346.770s][info][gc,heap        ] GC(1623) PSOldGen: 149950K->152710K(1398272K)
[2346.770s][info][gc,metaspace   ] GC(1623) Metaspace: 90711K(98736K)->90711K(98736K) NonClass: 79376K(83888K)->79376K(83888K) Class: 11335K(14848K)->11335K(14848K)
[2346.770s][info][gc             ] GC(1623) Pause Young (Allocation Failure) 815M->151M(2039M) 2.612ms
[2346.770s][info][gc,cpu         ] GC(1623) User=0.00s Sys=0.00s Real=0.00s
[2348.868s][info][gc,start       ] GC(1624) Pause Young (Allocation Failure)
[2348.870s][info][gc,heap        ] GC(1624) PSYoungGen: 683456K->3422K(691200K)
[2348.870s][info][gc,heap        ] GC(1624) PSOldGen: 152710K->154368K(1398272K)
[2348.870s][info][gc,metaspace   ] GC(1624) Metaspace: 90711K(98736K)->90711K(98736K) NonClass: 79376K(83888K)->79376K(83888K) Class: 11335K(14848K)->11335K(14848K)
[2348.870s][info][gc             ] GC(1624) Pause Young (Allocation Failure) 816M->154M(2040M) 2.428ms
[2348.870s][info][gc,cpu         ] GC(1624) User=0.00s Sys=0.00s Real=0.01s
[2349.485s][info][gc,start       ] GC(1625) Pause Young (Allocation Failure)
[2349.488s][info][gc,heap        ] GC(1625) PSYoungGen: 686083K->7651K(690688K)
[2349.488s][info][gc,heap        ] GC(1625) PSOldGen: 154368K->165388K(1398272K)
[2349.488s][info][gc,metaspace   ] GC(1625) Metaspace: 90711K(98736K)->90711K(98736K) NonClass: 79376K(83888K)->79376K(83888K) Class: 11335K(14848K)->11335K(14848K)
[2349.488s][info][gc             ] GC(1625) Pause Young (Allocation Failure) 820M->168M(2040M) 3.758ms
[2349.488s][info][gc,cpu         ] GC(1625) User=0.09s Sys=0.00s Real=0.00s
[2351.068s][info][gc,start       ] GC(1626) Pause Young (Allocation Failure)
[2351.071s][info][gc,heap        ] GC(1626) PSYoungGen: 690659K->3059K(681472K)
[2351.071s][info][gc,heap        ] GC(1626) PSOldGen: 165388K->168420K(1398272K)
[2351.071s][info][gc,metaspace   ] GC(1626) Metaspace: 90711K(98736K)->90711K(98736K) NonClass: 79376K(83888K)->79376K(83888K) Class: 11335K(14848K)->11335K(14848K)
[2351.071s][info][gc             ] GC(1626) Pause Young (Allocation Failure) 835M->167M(2031M) 2.521ms
[2351.071s][info][gc,cpu         ] GC(1626) User=0.00s Sys=0.00s Real=0.01s
[2353.445s][info][gc,start       ] GC(1627) Pause Young (Allocation Failure)
[2353.448s][info][gc,heap        ] GC(1627) PSYoungGen: 674722K->2507K(686080K)
[2353.448s][info][gc,heap        ] GC(1627) PSOldGen: 168420K->170178K(1398272K)
[2353.448s][info][gc,metaspace   ] GC(1627) Metaspace: 90711K(98736K)->90711K(98736K) NonClass: 79376K(83888K)->79376K(83888K) Class: 11335K(14848K)->11335K(14848K)
[2353.448s][info][gc             ] GC(1627) Pause Young (Allocation Failure) 823M->168M(2035M) 2.671ms
[2353.448s][info][gc,cpu         ] GC(1627) User=0.00s Sys=0.00s Real=0.01s
[2355.136s][info][gc,start       ] GC(1628) Pause Young (Allocation Failure)
[2355.140s][info][gc,heap        ] GC(1628) PSYoungGen: 675787K->6280K(686592K)
[2355.140s][info][gc,heap        ] GC(1628) PSOldGen: 170178K->172030K(1398272K)
[2355.140s][info][gc,metaspace   ] GC(1628) Metaspace: 90711K(98736K)->90711K(98736K) NonClass: 79376K(83888K)->79376K(83888K) Class: 11335K(14848K)->11335K(14848K)
[2355.140s][info][gc             ] GC(1628) Pause Young (Allocation Failure) 826M->174M(2036M) 3.967ms
[2355.140s][info][gc,cpu         ] GC(1628) User=0.00s Sys=0.00s Real=0.02s
[2355.875s][info][gc,start       ] GC(1629) Pause Young (Allocation Failure)
[2355.878s][info][gc,heap        ] GC(1629) PSYoungGen: 680584K->3336K(686592K)
[2355.878s][info][gc,heap        ] GC(1629) PSOldGen: 172030K->174209K(1398272K)
[2355.878s][info][gc,metaspace   ] GC(1629) Metaspace: 90711K(98736K)->90711K(98736K) NonClass: 79376K(83888K)->79376K(83888K) Class: 11335K(14848K)->11335K(14848K)
[2355.878s][info][gc             ] GC(1629) Pause Young (Allocation Failure) 832M->173M(2036M) 3.327ms
[2355.879s][info][gc,cpu         ] GC(1629) User=0.08s Sys=0.02s Real=0.00s
[2358.149s][info][gc,start       ] GC(1630) Pause Young (Allocation Failure)
[2358.152s][info][gc,heap        ] GC(1630) PSYoungGen: 677640K->3214K(687616K)
[2358.152s][info][gc,heap        ] GC(1630) PSOldGen: 174209K->177094K(1398272K)
[2358.152s][info][gc,metaspace   ] GC(1630) Metaspace: 90711K(98736K)->90711K(98736K) NonClass: 79376K(83888K)->79376K(83888K) Class: 11335K(14848K)->11335K(14848K)
[2358.152s][info][gc             ] GC(1630) Pause Young (Allocation Failure) 831M->176M(2037M) 2.556ms
[2358.152s][info][gc,cpu         ] GC(1630) User=0.00s Sys=0.00s Real=0.00s
[2360.333s][info][gc,start       ] GC(1631) Pause Young (Allocation Failure)
[2360.336s][info][gc,heap        ] GC(1631) PSYoungGen: 679054K->2690K(687104K)
[2360.336s][info][gc,heap        ] GC(1631) PSOldGen: 177094K->178901K(1398272K)
[2360.336s][info][gc,metaspace   ] GC(1631) Metaspace: 90711K(98736K)->90711K(98736K) NonClass: 79376K(83888K)->79376K(83888K) Class: 11335K(14848K)->11335K(14848K)
[2360.336s][info][gc             ] GC(1631) Pause Young (Allocation Failure) 836M->177M(2036M) 2.661ms
[2360.336s][info][gc,cpu         ] GC(1631) User=0.00s Sys=0.00s Real=0.00s
[2361.202s][info][gc,start       ] GC(1632) Pause Young (Allocation Failure)
[2361.205s][info][gc,heap        ] GC(1632) PSYoungGen: 678530K->3467K(688640K)
[2361.205s][info][gc,heap        ] GC(1632) PSOldGen: 178901K->180476K(1398272K)
[2361.205s][info][gc,metaspace   ] GC(1632) Metaspace: 90711K(98736K)->90711K(98736K) NonClass: 79376K(83888K)->79376K(83888K) Class: 11335K(14848K)->11335K(14848K)
[2361.205s][info][gc             ] GC(1632) Pause Young (Allocation Failure) 837M->179M(2038M) 2.454ms
[2361.205s][info][gc,cpu         ] GC(1632) User=0.09s Sys=0.00s Real=0.00s
[2362.569s][info][gc,start       ] GC(1633) Pause Young (GCLocker Initiated GC)
[2362.572s][info][gc,heap        ] GC(1633) PSYoungGen: 681355K->4796K(688128K)
[2362.572s][info][gc,heap        ] GC(1633) PSOldGen: 180479K->183104K(1398272K)
[2362.572s][info][gc,metaspace   ] GC(1633) Metaspace: 90711K(98736K)->90711K(98736K) NonClass: 79376K(83888K)->79376K(83888K) Class: 11335K(14848K)->11335K(14848K)
[2362.572s][info][gc             ] GC(1633) Pause Young (GCLocker Initiated GC) 841M->183M(2037M) 3.208ms
[2362.572s][info][gc,cpu         ] GC(1633) User=0.00s Sys=0.00s Real=0.02s
[2364.808s][info][gc,start       ] GC(1634) Pause Young (Allocation Failure)
[2364.811s][info][gc,heap        ] GC(1634) PSYoungGen: 682684K->2903K(689152K)
[2364.811s][info][gc,heap        ] GC(1634) PSOldGen: 184130K->186487K(1398272K)
[2364.811s][info][gc,metaspace   ] GC(1634) Metaspace: 90711K(98736K)->90711K(98736K) NonClass: 79376K(83888K)->79376K(83888K) Class: 11335K(14848K)->11335K(14848K)
[2364.811s][info][gc             ] GC(1634) Pause Young (Allocation Failure) 846M->184M(2038M) 3.648ms
[2364.811s][info][gc,cpu         ] GC(1634) User=0.00s Sys=0.00s Real=0.00s
[2366.771s][info][gc,start       ] GC(1635) Pause Young (Allocation Failure)
[2366.774s][info][gc,heap        ] GC(1635) PSYoungGen: 677785K->3091K(688640K)
[2366.774s][info][gc,heap        ] GC(1635) PSOldGen: 186487K->188341K(1398272K)
[2366.774s][info][gc,metaspace   ] GC(1635) Metaspace: 90711K(98736K)->90711K(98736K) NonClass: 79376K(83888K)->79376K(83888K) Class: 11335K(14848K)->11335K(14848K)
[2366.774s][info][gc             ] GC(1635) Pause Young (Allocation Failure) 844M->186M(2038M) 2.739ms
[2366.774s][info][gc,cpu         ] GC(1635) User=0.00s Sys=0.00s Real=0.00s
[2367.519s][info][gc,start       ] GC(1636) Pause Young (Allocation Failure)
[2367.523s][info][gc,heap        ] GC(1636) PSYoungGen: 682003K->3295K(689664K)
[2367.523s][info][gc,heap        ] GC(1636) PSOldGen: 188341K->190708K(1398272K)
[2367.523s][info][gc,metaspace   ] GC(1636) Metaspace: 90711K(98736K)->90711K(98736K) NonClass: 79376K(83888K)->79376K(83888K) Class: 11335K(14848K)->11335K(14848K)
[2367.523s][info][gc             ] GC(1636) Pause Young (Allocation Failure) 849M->189M(2039M) 3.346ms
[2367.523s][info][gc,cpu         ] GC(1636) User=0.00s Sys=0.00s Real=0.02s
[2369.694s][info][gc,start       ] GC(1637) Pause Young (GCLocker Initiated GC)
[2369.697s][info][gc,heap        ] GC(1637) PSYoungGen: 683743K->3770K(689664K)
[2369.697s][info][gc,heap        ] GC(1637) PSOldGen: 190708K->193387K(1398272K)
[2369.697s][info][gc,metaspace   ] GC(1637) Metaspace: 90711K(98736K)->90711K(98736K) NonClass: 79376K(83888K)->79376K(83888K) Class: 11335K(14848K)->11335K(14848K)
[2369.697s][info][gc             ] GC(1637) Pause Young (GCLocker Initiated GC) 853M->192M(2039M) 3.059ms
[2369.697s][info][gc,cpu         ] GC(1637) User=0.00s Sys=0.00s Real=0.00s
[2370.404s][info][gc,start       ] GC(1638) Pause Young (Allocation Failure)
[2370.407s][info][gc,heap        ] GC(1638) PSYoungGen: 684218K->3779K(690688K)
[2370.407s][info][gc,heap        ] GC(1638) PSOldGen: 276336K->277827K(1398272K)
[2370.407s][info][gc,metaspace   ] GC(1638) Metaspace: 90711K(98736K)->90711K(98736K) NonClass: 79376K(83888K)->79376K(83888K) Class: 11335K(14848K)->11335K(14848K)
[2370.407s][info][gc             ] GC(1638) Pause Young (Allocation Failure) 938M->275M(2040M) 3.533ms
[2370.407s][info][gc,cpu         ] GC(1638) User=0.00s Sys=0.00s Real=0.00s
[2372.420s][info][gc,start       ] GC(1639) Pause Young (Allocation Failure)
[2372.424s][info][gc,heap        ] GC(1639) PSYoungGen: 685763K->3232K(690176K)
[2372.424s][info][gc,heap        ] GC(1639) PSOldGen: 277827K->280801K(1398272K)
[2372.424s][info][gc,metaspace   ] GC(1639) Metaspace: 90711K(98736K)->90711K(98736K) NonClass: 79376K(83888K)->79376K(83888K) Class: 11335K(14848K)->11335K(14848K)
[2372.424s][info][gc             ] GC(1639) Pause Young (Allocation Failure) 941M->277M(2039M) 3.233ms
[2372.424s][info][gc,cpu         ] GC(1639) User=0.09s Sys=0.00s Real=0.02s
[2373.597s][info][gc,start       ] GC(1640) Pause Young (Allocation Failure)
[2373.601s][info][gc,heap        ] GC(1640) PSYoungGen: 683999K->7667K(687104K)
[2373.601s][info][gc,heap        ] GC(1640) PSOldGen: 280801K->283433K(1398272K)
[2373.601s][info][gc,metaspace   ] GC(1640) Metaspace: 90711K(98736K)->90711K(98736K) NonClass: 79376K(83888K)->79376K(83888K) Class: 11335K(14848K)->11335K(14848K)
[2373.601s][info][gc             ] GC(1640) Pause Young (Allocation Failure) 942M->284M(2036M) 3.917ms
[2373.601s][info][gc,cpu         ] GC(1640) User=0.00s Sys=0.00s Real=0.00s
[2374.567s][info][gc,start       ] GC(1641) Pause Young (Allocation Failure)
[2374.570s][info][gc,heap        ] GC(1641) PSYoungGen: 687091K->3484K(689152K)
[2374.570s][info][gc,heap        ] GC(1641) PSOldGen: 283433K->286031K(1398272K)
[2374.570s][info][gc,metaspace   ] GC(1641) Metaspace: 90711K(98736K)->90711K(98736K) NonClass: 79376K(83888K)->79376K(83888K) Class: 11335K(14848K)->11335K(14848K)
[2374.570s][info][gc             ] GC(1641) Pause Young (Allocation Failure) 947M->282M(2038M) 3.150ms
[2374.570s][info][gc,cpu         ] GC(1641) User=0.00s Sys=0.00s Real=0.00s
[2376.563s][info][gc,start       ] GC(1642) Pause Young (Allocation Failure)
[2376.567s][info][gc,heap        ] GC(1642) PSYoungGen: 682908K->4235K(689664K)
[2376.567s][info][gc,heap        ] GC(1642) PSOldGen: 286031K->288779K(1398272K)
[2376.567s][info][gc,metaspace   ] GC(1642) Metaspace: 90711K(98736K)->90711K(98736K) NonClass: 79376K(83888K)->79376K(83888K) Class: 11335K(14848K)->11335K(14848K)
[2376.567s][info][gc             ] GC(1642) Pause Young (Allocation Failure) 946M->286M(2039M) 3.752ms
[2376.567s][info][gc,cpu         ] GC(1642) User=0.02s Sys=0.00s Real=0.00s
[2377.123s][info][gc,start       ] GC(1643) Pause Young (Allocation Failure)
[2377.126s][info][gc,heap        ] GC(1643) PSYoungGen: 681710K->2570K(689152K)
[2377.126s][info][gc,heap        ] GC(1643) PSOldGen: 288779K->291178K(1398272K)
[2377.126s][info][gc,metaspace   ] GC(1643) Metaspace: 90711K(98736K)->90711K(98736K) NonClass: 79376K(83888K)->79376K(83888K) Class: 11335K(14848K)->11335K(14848K)
[2377.126s][info][gc             ] GC(1643) Pause Young (Allocation Failure) 947M->286M(2038M) 2.523ms
[2377.126s][info][gc,cpu         ] GC(1643) User=0.00s Sys=0.00s Real=0.01s
[2379.562s][info][gc,start       ] GC(1644) Pause Young (Allocation Failure)
[2379.567s][info][gc,heap        ] GC(1644) PSYoungGen: 682506K->2971K(690176K)
[2379.567s][info][gc,heap        ] GC(1644) PSOldGen: 291178K->293344K(1398272K)
[2379.567s][info][gc,metaspace   ] GC(1644) Metaspace: 90711K(98736K)->90711K(98736K) NonClass: 79376K(83888K)->79376K(83888K) Class: 11335K(14848K)->11335K(14848K)
[2379.567s][info][gc             ] GC(1644) Pause Young (Allocation Failure) 950M->289M(2039M) 4.496ms
[2379.567s][info][gc,cpu         ] GC(1644) User=0.03s Sys=0.00s Real=0.00s
[2380.547s][info][gc,start       ] GC(1645) Pause Young (Allocation Failure)
[2380.550s][info][gc,heap        ] GC(1645) PSYoungGen: 683931K->2411K(689664K)
[2380.550s][info][gc,heap        ] GC(1645) PSOldGen: 293344K->295197K(1398272K)
[2380.550s][info][gc,metaspace   ] GC(1645) Metaspace: 90711K(98736K)->90711K(98736K) NonClass: 79376K(83888K)->79376K(83888K) Class: 11335K(14848K)->11335K(14848K)
[2380.550s][info][gc             ] GC(1645) Pause Young (Allocation Failure) 954M->290M(2039M) 3.000ms
[2380.550s][info][gc,cpu         ] GC(1645) User=0.06s Sys=0.02s Real=0.01s
[2380.629s][info][gc,start       ] GC(1646) Pause Young (System.gc())
[2380.631s][info][gc,heap        ] GC(1646) PSYoungGen: 129709K->416K(690176K)
[2380.631s][info][gc,heap        ] GC(1646) PSOldGen: 295197K->297064K(1398272K)
[2380.631s][info][gc,metaspace   ] GC(1646) Metaspace: 90717K(98736K)->90717K(98736K) NonClass: 79382K(83888K)->79382K(83888K) Class: 11335K(14848K)->11335K(14848K)
[2380.631s][info][gc             ] GC(1646) Pause Young (System.gc()) 414M->290M(2039M) 2.259ms
[2380.631s][info][gc,cpu         ] GC(1646) User=0.00s Sys=0.00s Real=0.00s
[2380.631s][info][gc,start       ] GC(1647) Pause Full (System.gc())
[2380.634s][info][gc,phases,start] GC(1647) Phase 1: Mark live objects
[2380.689s][info][gc,phases      ] GC(1647) Phase 1: Mark live objects 55.025ms
[2380.690s][info][gc,phases,start] GC(1647) Phase 2: Compute new object addresses
[2380.704s][info][gc,phases      ] GC(1647) Phase 2: Compute new object addresses 14.296ms
[2380.704s][info][gc,phases,start] GC(1647) Phase 3: Adjust pointers
[2380.742s][info][gc,phases      ] GC(1647) Phase 3: Adjust pointers 37.734ms
[2380.742s][info][gc,phases,start] GC(1647) Phase 4: Move objects
[2380.759s][info][gc,phases      ] GC(1647) Phase 4: Move objects 16.984ms
[2380.761s][info][gc,heap        ] GC(1647) PSYoungGen: 416K->0K(690176K)
[2380.761s][info][gc,heap        ] GC(1647) PSOldGen: 297064K->80420K(1398272K)
[2380.761s][info][gc,metaspace   ] GC(1647) Metaspace: 90717K(98736K)->90717K(98736K) NonClass: 79382K(83888K)->79382K(83888K) Class: 11335K(14848K)->11335K(14848K)
[2380.761s][info][gc             ] GC(1647) Pause Full (System.gc()) 290M->78M(2039M) 130.226ms
[2380.761s][info][gc,cpu         ] GC(1647) User=0.11s Sys=0.02s Real=0.13s
[2381.658s][info][gc,start       ] GC(1648) Pause Young (Allocation Failure)
[2381.660s][info][gc,heap        ] GC(1648) PSYoungGen: 681472K->3568K(690176K)
[2381.660s][info][gc,heap        ] GC(1648) PSOldGen: 80420K->80420K(1398272K)
[2381.660s][info][gc,metaspace   ] GC(1648) Metaspace: 90717K(98736K)->90717K(98736K) NonClass: 79382K(83888K)->79382K(83888K) Class: 11335K(14848K)->11335K(14848K)
[2381.660s][info][gc             ] GC(1648) Pause Young (Allocation Failure) 744M->82M(2039M) 2.647ms
[2381.660s][info][gc,cpu         ] GC(1648) User=0.02s Sys=0.00s Real=0.00s
[2384.063s][info][gc,start       ] GC(1649) Pause Young (Allocation Failure)
[2384.065s][info][gc,heap        ] GC(1649) PSYoungGen: 685040K->2487K(690688K)
[2384.065s][info][gc,heap        ] GC(1649) PSOldGen: 80420K->83179K(1398272K)
[2384.065s][info][gc,metaspace   ] GC(1649) Metaspace: 90717K(98736K)->90717K(98736K) NonClass: 79382K(83888K)->79382K(83888K) Class: 11335K(14848K)->11335K(14848K)
[2384.065s][info][gc             ] GC(1649) Pause Young (Allocation Failure) 747M->83M(2040M) 2.673ms
[2384.065s][info][gc,cpu         ] GC(1649) User=0.06s Sys=0.00s Real=0.00s
[2386.157s][info][gc,start       ] GC(1650) Pause Young (Allocation Failure)
[2386.159s][info][gc,heap        ] GC(1650) PSYoungGen: 684983K->2686K(690688K)
[2386.159s][info][gc,heap        ] GC(1650) PSOldGen: 83179K->84845K(1398272K)
[2386.159s][info][gc,metaspace   ] GC(1650) Metaspace: 90717K(98736K)->90717K(98736K) NonClass: 79382K(83888K)->79382K(83888K) Class: 11335K(14848K)->11335K(14848K)
[2386.159s][info][gc             ] GC(1650) Pause Young (Allocation Failure) 750M->85M(2040M) 2.276ms
[2386.159s][info][gc,cpu         ] GC(1650) User=0.08s Sys=0.02s Real=0.00s
[2386.790s][info][gc,start       ] GC(1651) Pause Young (Allocation Failure)
[2386.794s][info][gc,heap        ] GC(1651) PSYoungGen: 682584K->7651K(680960K)
[2386.794s][info][gc,heap        ] GC(1651) PSOldGen: 84845K->95724K(1398272K)
[2386.794s][info][gc,metaspace   ] GC(1651) Metaspace: 90717K(98736K)->90717K(98736K) NonClass: 79382K(83888K)->79382K(83888K) Class: 11335K(14848K)->11335K(14848K)
[2386.794s][info][gc             ] GC(1651) Pause Young (Allocation Failure) 749M->100M(2030M) 3.910ms
[2386.794s][info][gc,cpu         ] GC(1651) User=0.00s Sys=0.00s Real=0.00s
[2388.347s][info][gc,start       ] GC(1652) Pause Young (Allocation Failure)
[2388.351s][info][gc,heap        ] GC(1652) PSYoungGen: 680327K->3052K(686080K)
[2388.351s][info][gc,heap        ] GC(1652) PSOldGen: 95724K->98526K(1398272K)
[2388.351s][info][gc,metaspace   ] GC(1652) Metaspace: 90717K(98736K)->90717K(98736K) NonClass: 79382K(83888K)->79382K(83888K) Class: 11335K(14848K)->11335K(14848K)
[2388.351s][info][gc             ] GC(1652) Pause Young (Allocation Failure) 757M->99M(2035M) 3.462ms
[2388.351s][info][gc,cpu         ] GC(1652) User=0.00s Sys=0.00s Real=0.00s
[2390.675s][info][gc,start       ] GC(1653) Pause Young (GCLocker Initiated GC)
[2390.678s][info][gc,heap        ] GC(1653) PSYoungGen: 676332K->6890K(686592K)
[2390.678s][info][gc,heap        ] GC(1653) PSOldGen: 98560K->100295K(1398272K)
[2390.678s][info][gc,metaspace   ] GC(1653) Metaspace: 90717K(98736K)->90717K(98736K) NonClass: 79382K(83888K)->79382K(83888K) Class: 11335K(14848K)->11335K(14848K)
[2390.678s][info][gc             ] GC(1653) Pause Young (GCLocker Initiated GC) 756M->104M(2036M) 3.150ms
[2390.678s][info][gc,cpu         ] GC(1653) User=0.00s Sys=0.00s Real=0.00s
[2392.416s][info][gc,start       ] GC(1654) Pause Young (Allocation Failure)
[2392.419s][info][gc,heap        ] GC(1654) PSYoungGen: 681194K->5169K(686592K)
[2392.419s][info][gc,heap        ] GC(1654) PSOldGen: 100297K->102219K(1398272K)
[2392.419s][info][gc,metaspace   ] GC(1654) Metaspace: 90717K(98736K)->90717K(98736K) NonClass: 79382K(83888K)->79382K(83888K) Class: 11335K(14848K)->11335K(14848K)
[2392.419s][info][gc             ] GC(1654) Pause Young (Allocation Failure) 763M->104M(2036M) 3.125ms
[2392.419s][info][gc,cpu         ] GC(1654) User=0.00s Sys=0.00s Real=0.01s
[2393.154s][info][gc,start       ] GC(1655) Pause Young (Allocation Failure)
[2393.157s][info][gc,heap        ] GC(1655) PSYoungGen: 679473K->3312K(687616K)
[2393.157s][info][gc,heap        ] GC(1655) PSOldGen: 102219K->104582K(1398272K)
[2393.157s][info][gc,metaspace   ] GC(1655) Metaspace: 90717K(98736K)->90717K(98736K) NonClass: 79382K(83888K)->79382K(83888K) Class: 11335K(14848K)->11335K(14848K)
[2393.157s][info][gc             ] GC(1655) Pause Young (Allocation Failure) 763M->105M(2037M) 2.713ms
[2393.157s][info][gc,cpu         ] GC(1655) User=0.00s Sys=0.00s Real=0.01s
[2395.362s][info][gc,start       ] GC(1656) Pause Young (Allocation Failure)
[2395.366s][info][gc,heap        ] GC(1656) PSYoungGen: 679152K->3150K(687104K)
[2395.366s][info][gc,heap        ] GC(1656) PSOldGen: 104582K->107457K(1398272K)
[2395.366s][info][gc,metaspace   ] GC(1656) Metaspace: 90717K(98736K)->90717K(98736K) NonClass: 79382K(83888K)->79382K(83888K) Class: 11335K(14848K)->11335K(14848K)
[2395.366s][info][gc             ] GC(1656) Pause Young (Allocation Failure) 765M->108M(2036M) 3.323ms
[2395.366s][info][gc,cpu         ] GC(1656) User=0.00s Sys=0.00s Real=0.00s
[2397.588s][info][gc,start       ] GC(1657) Pause Young (Allocation Failure)
[2397.591s][info][gc,heap        ] GC(1657) PSYoungGen: 678990K->3144K(688128K)
[2397.591s][info][gc,heap        ] GC(1657) PSOldGen: 107457K->108836K(1398272K)
[2397.591s][info][gc,metaspace   ] GC(1657) Metaspace: 90717K(98736K)->90717K(98736K) NonClass: 79382K(83888K)->79382K(83888K) Class: 11335K(14848K)->11335K(14848K)
[2397.591s][info][gc             ] GC(1657) Pause Young (Allocation Failure) 768M->109M(2037M) 2.484ms
[2397.591s][info][gc,cpu         ] GC(1657) User=0.00s Sys=0.00s Real=0.00s
[2398.452s][info][gc,start       ] GC(1658) Pause Young (Allocation Failure)
[2398.454s][info][gc,heap        ] GC(1658) PSYoungGen: 677133K->3243K(687616K)
[2398.454s][info][gc,heap        ] GC(1658) PSOldGen: 108836K->110814K(1398272K)
[2398.454s][info][gc,metaspace   ] GC(1658) Metaspace: 90717K(98736K)->90717K(98736K) NonClass: 79382K(83888K)->79382K(83888K) Class: 11335K(14848K)->11335K(14848K)
[2398.454s][info][gc             ] GC(1658) Pause Young (Allocation Failure) 767M->111M(2037M) 2.468ms
[2398.454s][info][gc,cpu         ] GC(1658) User=0.00s Sys=0.00s Real=0.00s
[2399.795s][info][gc,start       ] GC(1659) Pause Young (Allocation Failure)
[2399.799s][info][gc,heap        ] GC(1659) PSYoungGen: 680107K->3706K(689152K)
[2399.799s][info][gc,heap        ] GC(1659) PSOldGen: 110814K->113587K(1398272K)
[2399.799s][info][gc,metaspace   ] GC(1659) Metaspace: 90717K(98736K)->90717K(98736K) NonClass: 79382K(83888K)->79382K(83888K) Class: 11335K(14848K)->11335K(14848K)
[2399.799s][info][gc             ] GC(1659) Pause Young (Allocation Failure) 772M->114M(2038M) 3.434ms
[2399.799s][info][gc,cpu         ] GC(1659) User=0.09s Sys=0.00s Real=0.01s
[2402.003s][info][gc,start       ] GC(1660) Pause Young (Allocation Failure)
[2402.005s][info][gc,heap        ] GC(1660) PSYoungGen: 682618K->3168K(688640K)
[2402.005s][info][gc,heap        ] GC(1660) PSOldGen: 113587K->115688K(1398272K)
[2402.005s][info][gc,metaspace   ] GC(1660) Metaspace: 90724K(98736K)->90724K(98736K) NonClass: 79388K(83888K)->79388K(83888K) Class: 11335K(14848K)->11335K(14848K)
[2402.005s][info][gc             ] GC(1660) Pause Young (Allocation Failure) 777M->116M(2038M) 2.738ms
[2402.005s][info][gc,cpu         ] GC(1660) User=0.00s Sys=0.00s Real=0.00s
[2404.008s][info][gc,start       ] GC(1661) Pause Young (Allocation Failure)
[2404.011s][info][gc,heap        ] GC(1661) PSYoungGen: 682080K->3123K(689664K)
[2404.011s][info][gc,heap        ] GC(1661) PSOldGen: 115688K->117468K(1398272K)
[2404.011s][info][gc,metaspace   ] GC(1661) Metaspace: 90724K(98736K)->90724K(98736K) NonClass: 79388K(83888K)->79388K(83888K) Class: 11335K(14848K)->11335K(14848K)
[2404.011s][info][gc             ] GC(1661) Pause Young (Allocation Failure) 779M->117M(2039M) 3.243ms
[2404.011s][info][gc,cpu         ] GC(1661) User=0.00s Sys=0.00s Real=0.00s
[2404.834s][info][gc,start       ] GC(1662) Pause Young (Allocation Failure)
[2404.837s][info][gc,heap        ] GC(1662) PSYoungGen: 683059K->3120K(689152K)
[2404.837s][info][gc,heap        ] GC(1662) PSOldGen: 117468K->119621K(1398272K)
[2404.837s][info][gc,metaspace   ] GC(1662) Metaspace: 90724K(98736K)->90724K(98736K) NonClass: 79388K(83888K)->79388K(83888K) Class: 11335K(14848K)->11335K(14848K)
[2404.837s][info][gc             ] GC(1662) Pause Young (Allocation Failure) 781M->119M(2038M) 2.389ms
[2404.837s][info][gc,cpu         ] GC(1662) User=0.00s Sys=0.00s Real=0.00s
[2406.979s][info][gc,start       ] GC(1663) Pause Young (Allocation Failure)
[2406.982s][info][gc,heap        ] GC(1663) PSYoungGen: 683056K->3006K(690176K)
[2406.982s][info][gc,heap        ] GC(1663) PSOldGen: 119621K->122329K(1398272K)
[2406.982s][info][gc,metaspace   ] GC(1663) Metaspace: 90724K(98736K)->90724K(98736K) NonClass: 79388K(83888K)->79388K(83888K) Class: 11335K(14848K)->11335K(14848K)
[2406.982s][info][gc             ] GC(1663) Pause Young (Allocation Failure) 783M->122M(2039M) 3.074ms
[2406.982s][info][gc,cpu         ] GC(1663) User=0.00s Sys=0.00s Real=0.01s
[2407.702s][info][gc,start       ] GC(1664) Pause Young (Allocation Failure)
[2407.705s][info][gc,heap        ] GC(1664) PSYoungGen: 684478K->8675K(690176K)
[2407.705s][info][gc,heap        ] GC(1664) PSOldGen: 122329K->123873K(1398272K)
[2407.705s][info][gc,metaspace   ] GC(1664) Metaspace: 90724K(98736K)->90724K(98736K) NonClass: 79388K(83888K)->79388K(83888K) Class: 11335K(14848K)->11335K(14848K)
[2407.705s][info][gc             ] GC(1664) Pause Young (Allocation Failure) 787M->129M(2039M) 3.088ms
[2407.705s][info][gc,cpu         ] GC(1664) User=0.06s Sys=0.00s Real=0.00s
[2409.277s][info][gc,start       ] GC(1665) Pause Young (Allocation Failure)
[2409.282s][info][gc,heap        ] GC(1665) PSYoungGen: 690124K->3084K(687104K)
[2409.282s][info][gc,heap        ] GC(1665) PSOldGen: 123873K->127261K(1398272K)
[2409.282s][info][gc,metaspace   ] GC(1665) Metaspace: 90724K(98736K)->90724K(98736K) NonClass: 79388K(83888K)->79388K(83888K) Class: 11335K(14848K)->11335K(14848K)
[2409.282s][info][gc             ] GC(1665) Pause Young (Allocation Failure) 794M->127M(2036M) 4.776ms
[2409.282s][info][gc,cpu         ] GC(1665) User=0.00s Sys=0.00s Real=0.01s
[2410.840s][info][gc,start       ] GC(1666) Pause Young (Allocation Failure)
[2410.843s][info][gc,heap        ] GC(1666) PSYoungGen: 681415K->3172K(688640K)
[2410.843s][info][gc,heap        ] GC(1666) PSOldGen: 127261K->129401K(1398272K)
[2410.843s][info][gc,metaspace   ] GC(1666) Metaspace: 90724K(98736K)->90724K(98736K) NonClass: 79388K(83888K)->79388K(83888K) Class: 11335K(14848K)->11335K(14848K)
[2410.843s][info][gc             ] GC(1666) Pause Young (Allocation Failure) 789M->129M(2038M) 3.058ms
[2410.843s][info][gc,cpu         ] GC(1666) User=0.00s Sys=0.00s Real=0.00s
[2411.569s][info][gc,start       ] GC(1667) Pause Young (Allocation Failure)
[2411.572s][info][gc,heap        ] GC(1667) PSYoungGen: 681572K->3390K(689664K)
[2411.572s][info][gc,heap        ] GC(1667) PSOldGen: 129401K->131351K(1398272K)
[2411.572s][info][gc,metaspace   ] GC(1667) Metaspace: 90724K(98736K)->90724K(98736K) NonClass: 79388K(83888K)->79388K(83888K) Class: 11335K(14848K)->11335K(14848K)
[2411.572s][info][gc             ] GC(1667) Pause Young (Allocation Failure) 791M->131M(2039M) 2.898ms
[2411.572s][info][gc,cpu         ] GC(1667) User=0.00s Sys=0.00s Real=0.00s
[2413.667s][info][gc,start       ] GC(1668) Pause Young (Allocation Failure)
[2413.670s][info][gc,heap        ] GC(1668) PSYoungGen: 681747K->3420K(689152K)
[2413.670s][info][gc,heap        ] GC(1668) PSOldGen: 131351K->134395K(1398272K)
[2413.670s][info][gc,metaspace   ] GC(1668) Metaspace: 90724K(98736K)->90724K(98736K) NonClass: 79388K(83888K)->79388K(83888K) Class: 11335K(14848K)->11335K(14848K)
[2413.670s][info][gc             ] GC(1668) Pause Young (Allocation Failure) 794M->134M(2038M) 2.796ms
[2413.670s][info][gc,cpu         ] GC(1668) User=0.00s Sys=0.00s Real=0.02s
[2414.277s][info][gc,start       ] GC(1669) Pause Young (Allocation Failure)
[2414.280s][info][gc,heap        ] GC(1669) PSYoungGen: 679292K->2678K(690176K)
[2414.280s][info][gc,heap        ] GC(1669) PSOldGen: 134395K->136915K(1398272K)
[2414.280s][info][gc,metaspace   ] GC(1669) Metaspace: 90724K(98736K)->90724K(98736K) NonClass: 79388K(83888K)->79388K(83888K) Class: 11335K(14848K)->11335K(14848K)
[2414.280s][info][gc             ] GC(1669) Pause Young (Allocation Failure) 794M->136M(2039M) 3.003ms
[2414.280s][info][gc,cpu         ] GC(1669) User=0.00s Sys=0.00s Real=0.00s
[2416.234s][info][gc,start       ] GC(1670) Pause Young (Allocation Failure)
[2416.237s][info][gc,heap        ] GC(1670) PSYoungGen: 683638K->3920K(689664K)
[2416.237s][info][gc,heap        ] GC(1670) PSOldGen: 136915K->138486K(1398272K)
[2416.237s][info][gc,metaspace   ] GC(1670) Metaspace: 90724K(98736K)->90724K(98736K) NonClass: 79388K(83888K)->79388K(83888K) Class: 11335K(14848K)->11335K(14848K)
[2416.237s][info][gc             ] GC(1670) Pause Young (Allocation Failure) 801M->139M(2039M) 3.065ms
[2416.237s][info][gc,cpu         ] GC(1670) User=0.08s Sys=0.00s Real=0.00s
[2417.707s][info][gc,start       ] GC(1671) Pause Young (Allocation Failure)
[2417.709s][info][gc,heap        ] GC(1671) PSYoungGen: 684880K->3380K(690688K)
[2417.709s][info][gc,heap        ] GC(1671) PSOldGen: 138486K->140851K(1398272K)
[2417.709s][info][gc,metaspace   ] GC(1671) Metaspace: 90724K(98736K)->90724K(98736K) NonClass: 79389K(83888K)->79389K(83888K) Class: 11335K(14848K)->11335K(14848K)
[2417.709s][info][gc             ] GC(1671) Pause Young (Allocation Failure) 804M->140M(2040M) 2.810ms
[2417.709s][info][gc,cpu         ] GC(1671) User=0.00s Sys=0.00s Real=0.00s
[2417.864s][info][gc,start       ] GC(1672) Pause Young (System.gc())
[2417.866s][info][gc,heap        ] GC(1672) PSYoungGen: 230939K->448K(690688K)
[2417.866s][info][gc,heap        ] GC(1672) PSOldGen: 140851K->142774K(1398272K)
[2417.866s][info][gc,metaspace   ] GC(1672) Metaspace: 90725K(98736K)->90725K(98736K) NonClass: 79390K(83888K)->79390K(83888K) Class: 11335K(14848K)->11335K(14848K)
[2417.866s][info][gc             ] GC(1672) Pause Young (System.gc()) 363M->139M(2040M) 2.240ms
[2417.866s][info][gc,cpu         ] GC(1672) User=0.00s Sys=0.00s Real=0.00s
[2417.866s][info][gc,start       ] GC(1673) Pause Full (System.gc())
[2417.868s][info][gc,phases,start] GC(1673) Phase 1: Mark live objects
[2417.922s][info][gc,phases      ] GC(1673) Phase 1: Mark live objects 53.848ms
[2417.922s][info][gc,phases,start] GC(1673) Phase 2: Compute new object addresses
[2417.935s][info][gc,phases      ] GC(1673) Phase 2: Compute new object addresses 13.788ms
[2417.935s][info][gc,phases,start] GC(1673) Phase 3: Adjust pointers
[2417.970s][info][gc,phases      ] GC(1673) Phase 3: Adjust pointers 34.670ms
[2417.970s][info][gc,phases,start] GC(1673) Phase 4: Move objects
[2417.970s][info][gc,phases      ] GC(1673) Phase 4: Move objects 0.069ms
[2417.973s][info][gc,heap        ] GC(1673) PSYoungGen: 448K->0K(690688K)
[2417.973s][info][gc,heap        ] GC(1673) PSOldGen: 142774K->143124K(1398272K)
[2417.973s][info][gc,metaspace   ] GC(1673) Metaspace: 90725K(98736K)->90725K(98736K) NonClass: 79390K(83888K)->79390K(83888K) Class: 11335K(14848K)->11335K(14848K)
[2417.973s][info][gc             ] GC(1673) Pause Full (System.gc()) 139M->139M(2040M) 106.482ms
[2417.973s][info][gc,cpu         ] GC(1673) User=0.11s Sys=0.00s Real=0.10s
[2418.869s][info][gc,start       ] GC(1674) Pause Young (Allocation Failure)
[2418.871s][info][gc,heap        ] GC(1674) PSYoungGen: 682496K->3667K(691200K)
[2418.871s][info][gc,heap        ] GC(1674) PSOldGen: 143124K->143124K(1398272K)
[2418.871s][info][gc,metaspace   ] GC(1674) Metaspace: 90727K(98736K)->90727K(98736K) NonClass: 79392K(83888K)->79392K(83888K) Class: 11335K(14848K)->11335K(14848K)
[2418.871s][info][gc             ] GC(1674) Pause Young (Allocation Failure) 806M->143M(2040M) 2.764ms
[2418.871s][info][gc,cpu         ] GC(1674) User=0.00s Sys=0.00s Real=0.01s
[2421.256s][info][gc,start       ] GC(1675) Pause Young (Allocation Failure)
[2421.259s][info][gc,heap        ] GC(1675) PSYoungGen: 686675K->2175K(690688K)
[2421.259s][info][gc,heap        ] GC(1675) PSOldGen: 143124K->145766K(1398272K)
[2421.259s][info][gc,metaspace   ] GC(1675) Metaspace: 90727K(98736K)->90727K(98736K) NonClass: 79392K(83888K)->79392K(83888K) Class: 11335K(14848K)->11335K(14848K)
[2421.259s][info][gc             ] GC(1675) Pause Young (Allocation Failure) 810M->144M(2040M) 2.362ms
[2421.259s][info][gc,cpu         ] GC(1675) User=0.00s Sys=0.00s Real=0.00s
[2423.356s][info][gc,start       ] GC(1676) Pause Young (Allocation Failure)
[2423.358s][info][gc,heap        ] GC(1676) PSYoungGen: 684546K->3262K(691712K)
[2423.358s][info][gc,heap        ] GC(1676) PSOldGen: 145766K->147205K(1398272K)
[2423.358s][info][gc,metaspace   ] GC(1676) Metaspace: 90727K(98736K)->90727K(98736K) NonClass: 79392K(83888K)->79392K(83888K) Class: 11335K(14848K)->11335K(14848K)
[2423.358s][info][gc             ] GC(1676) Pause Young (Allocation Failure) 810M->146M(2041M) 2.256ms
[2423.358s][info][gc,cpu         ] GC(1676) User=0.00s Sys=0.00s Real=0.00s
[2423.989s][info][gc,start       ] GC(1677) Pause Young (Allocation Failure)
[2423.993s][info][gc,heap        ] GC(1677) PSYoungGen: 686304K->7139K(691200K)
[2423.994s][info][gc,heap        ] GC(1677) PSOldGen: 147205K->162718K(1398272K)
[2423.994s][info][gc,metaspace   ] GC(1677) Metaspace: 90727K(98736K)->90727K(98736K) NonClass: 79392K(83888K)->79392K(83888K) Class: 11335K(14848K)->11335K(14848K)
[2423.994s][info][gc             ] GC(1677) Pause Young (Allocation Failure) 813M->165M(2040M) 4.293ms
[2423.994s][info][gc,cpu         ] GC(1677) User=0.00s Sys=0.00s Real=0.00s
[2425.603s][info][gc,start       ] GC(1678) Pause Young (Allocation Failure)
[2425.606s][info][gc,heap        ] GC(1678) PSYoungGen: 691171K->3511K(679936K)
[2425.606s][info][gc,heap        ] GC(1678) PSOldGen: 162718K->165088K(1398272K)
[2425.606s][info][gc,metaspace   ] GC(1678) Metaspace: 90727K(98736K)->90727K(98736K) NonClass: 79392K(83888K)->79392K(83888K) Class: 11335K(14848K)->11335K(14848K)
[2425.606s][info][gc             ] GC(1678) Pause Young (Allocation Failure) 833M->164M(2029M) 2.952ms
[2425.606s][info][gc,cpu         ] GC(1678) User=0.00s Sys=0.00s Real=0.01s
[2427.960s][info][gc,start       ] GC(1679) Pause Young (Allocation Failure)
[2427.963s][info][gc,heap        ] GC(1679) PSYoungGen: 672594K->2547K(685568K)
[2427.963s][info][gc,heap        ] GC(1679) PSOldGen: 165088K->166859K(1398272K)
[2427.963s][info][gc,metaspace   ] GC(1679) Metaspace: 90727K(98736K)->90727K(98736K) NonClass: 79392K(83888K)->79392K(83888K) Class: 11335K(14848K)->11335K(14848K)
[2427.963s][info][gc             ] GC(1679) Pause Young (Allocation Failure) 818M->165M(2035M) 2.559ms
[2427.963s][info][gc,cpu         ] GC(1679) User=0.00s Sys=0.00s Real=0.00s
[2429.659s][info][gc,start       ] GC(1680) Pause Young (Allocation Failure)
[2429.663s][info][gc,heap        ] GC(1680) PSYoungGen: 674803K->6297K(686080K)
[2429.663s][info][gc,heap        ] GC(1680) PSOldGen: 166859K->168709K(1398272K)
[2429.663s][info][gc,metaspace   ] GC(1680) Metaspace: 90728K(98736K)->90728K(98736K) NonClass: 79393K(83888K)->79393K(83888K) Class: 11335K(14848K)->11335K(14848K)
[2429.663s][info][gc             ] GC(1680) Pause Young (Allocation Failure) 821M->170M(2035M) 3.959ms
[2429.663s][info][gc,cpu         ] GC(1680) User=0.00s Sys=0.00s Real=0.00s
[2430.404s][info][gc,start       ] GC(1681) Pause Young (Allocation Failure)
[2430.407s][info][gc,heap        ] GC(1681) PSYoungGen: 679065K->3229K(685568K)
[2430.407s][info][gc,heap        ] GC(1681) PSOldGen: 168709K->170872K(1398272K)
[2430.407s][info][gc,metaspace   ] GC(1681) Metaspace: 90728K(98736K)->90728K(98736K) NonClass: 79393K(83888K)->79393K(83888K) Class: 11335K(14848K)->11335K(14848K)
[2430.407s][info][gc             ] GC(1681) Pause Young (Allocation Failure) 827M->170M(2035M) 2.921ms
[2430.407s][info][gc,cpu         ] GC(1681) User=0.00s Sys=0.00s Real=0.00s
[2432.613s][info][gc,start       ] GC(1682) Pause Young (Allocation Failure)
[2432.615s][info][gc,heap        ] GC(1682) PSYoungGen: 675997K->2859K(687104K)
[2432.616s][info][gc,heap        ] GC(1682) PSOldGen: 170872K->173720K(1398272K)
[2432.616s][info][gc,metaspace   ] GC(1682) Metaspace: 90728K(98736K)->90728K(98736K) NonClass: 79393K(83888K)->79393K(83888K) Class: 11335K(14848K)->11335K(14848K)
[2432.616s][info][gc             ] GC(1682) Pause Young (Allocation Failure) 827M->172M(2036M) 3.037ms
[2432.616s][info][gc,cpu         ] GC(1682) User=0.00s Sys=0.00s Real=0.00s
[2434.865s][info][gc,start       ] GC(1683) Pause Young (Allocation Failure)
[2434.867s][info][gc,heap        ] GC(1683) PSYoungGen: 677675K->3047K(686592K)
[2434.867s][info][gc,heap        ] GC(1683) PSOldGen: 173720K->175099K(1398272K)
[2434.867s][info][gc,metaspace   ] GC(1683) Metaspace: 90728K(98736K)->90728K(98736K) NonClass: 79393K(83888K)->79393K(83888K) Class: 11335K(14848K)->11335K(14848K)
[2434.867s][info][gc             ] GC(1683) Pause Young (Allocation Failure) 831M->173M(2036M) 2.628ms
[2434.867s][info][gc,cpu         ] GC(1683) User=0.00s Sys=0.00s Real=0.01s
[2435.723s][info][gc,start       ] GC(1684) Pause Young (Allocation Failure)
[2435.725s][info][gc,heap        ] GC(1684) PSYoungGen: 676854K->3371K(687616K)
[2435.725s][info][gc,heap        ] GC(1684) PSOldGen: 175099K->177075K(1398272K)
[2435.725s][info][gc,metaspace   ] GC(1684) Metaspace: 90728K(98736K)->90728K(98736K) NonClass: 79393K(83888K)->79393K(83888K) Class: 11335K(14848K)->11335K(14848K)
[2435.726s][info][gc             ] GC(1684) Pause Young (Allocation Failure) 831M->176M(2037M) 2.794ms
[2435.726s][info][gc,cpu         ] GC(1684) User=0.00s Sys=0.00s Real=0.00s
[2437.077s][info][gc,start       ] GC(1685) Pause Young (Allocation Failure)
[2437.080s][info][gc,heap        ] GC(1685) PSYoungGen: 679211K->3432K(687104K)
[2437.080s][info][gc,heap        ] GC(1685) PSOldGen: 177075K->179683K(1398272K)
[2437.080s][info][gc,metaspace   ] GC(1685) Metaspace: 90728K(98736K)->90728K(98736K) NonClass: 79393K(83888K)->79393K(83888K) Class: 11335K(14848K)->11335K(14848K)
[2437.080s][info][gc             ] GC(1685) Pause Young (Allocation Failure) 836M->178M(2036M) 2.639ms
[2437.080s][info][gc,cpu         ] GC(1685) User=0.08s Sys=0.00s Real=0.00s
[2439.261s][info][gc,start       ] GC(1686) Pause Young (Allocation Failure)
[2439.264s][info][gc,heap        ] GC(1686) PSYoungGen: 675569K->2514K(688640K)
[2439.264s][info][gc,heap        ] GC(1686) PSOldGen: 179683K->181809K(1398272K)
[2439.264s][info][gc,metaspace   ] GC(1686) Metaspace: 90728K(98736K)->90728K(98736K) NonClass: 79393K(83888K)->79393K(83888K) Class: 11335K(14848K)->11335K(14848K)
[2439.264s][info][gc             ] GC(1686) Pause Young (Allocation Failure) 835M->180M(2038M) 2.488ms
[2439.264s][info][gc,cpu         ] GC(1686) User=0.00s Sys=0.00s Real=0.00s
[2441.257s][info][gc,start       ] GC(1687) Pause Young (Allocation Failure)
[2441.262s][info][gc,heap        ] GC(1687) PSYoungGen: 680402K->8714K(687104K)
[2441.262s][info][gc,heap        ] GC(1687) PSOldGen: 181809K->183611K(1398272K)
[2441.262s][info][gc,metaspace   ] GC(1687) Metaspace: 90728K(98736K)->90728K(98736K) NonClass: 79393K(83888K)->79393K(83888K) Class: 11335K(14848K)->11335K(14848K)
[2441.262s][info][gc             ] GC(1687) Pause Young (Allocation Failure) 842M->187M(2036M) 4.371ms
[2441.262s][info][gc,cpu         ] GC(1687) User=0.00s Sys=0.00s Real=0.00s
[2442.063s][info][gc,start       ] GC(1688) Pause Young (Allocation Failure)
[2442.068s][info][gc,heap        ] GC(1688) PSYoungGen: 685969K->3581K(688128K)
[2442.068s][info][gc,heap        ] GC(1688) PSOldGen: 183611K->185890K(1398272K)
[2442.068s][info][gc,metaspace   ] GC(1688) Metaspace: 90728K(98736K)->90728K(98736K) NonClass: 79393K(83888K)->79393K(83888K) Class: 11335K(14848K)->11335K(14848K)
[2442.068s][info][gc             ] GC(1688) Pause Young (Allocation Failure) 849M->185M(2037M) 4.555ms
[2442.068s][info][gc,cpu         ] GC(1688) User=0.06s Sys=0.00s Real=0.01s
[2444.251s][info][gc,start       ] GC(1689) Pause Young (GCLocker Initiated GC)
[2444.254s][info][gc,heap        ] GC(1689) PSYoungGen: 680445K->6612K(687616K)
[2444.254s][info][gc,heap        ] GC(1689) PSOldGen: 185906K->188651K(1398272K)
[2444.254s][info][gc,metaspace   ] GC(1689) Metaspace: 90728K(98736K)->90728K(98736K) NonClass: 79393K(83888K)->79393K(83888K) Class: 11335K(14848K)->11335K(14848K)
[2444.254s][info][gc             ] GC(1689) Pause Young (GCLocker Initiated GC) 846M->190M(2037M) 3.199ms
[2444.254s][info][gc,cpu         ] GC(1689) User=0.02s Sys=0.00s Real=0.00s
[2445.037s][info][gc,start       ] GC(1690) Pause Young (Allocation Failure)
[2445.041s][info][gc,heap        ] GC(1690) PSYoungGen: 683476K->5621K(688128K)
[2445.041s][info][gc,heap        ] GC(1690) PSOldGen: 282988K->284464K(1398272K)
[2445.041s][info][gc,metaspace   ] GC(1690) Metaspace: 90728K(98736K)->90728K(98736K) NonClass: 79393K(83888K)->79393K(83888K) Class: 11335K(14848K)->11335K(14848K)
[2445.041s][info][gc             ] GC(1690) Pause Young (Allocation Failure) 943M->283M(2037M) 3.527ms
[2445.041s][info][gc,cpu         ] GC(1690) User=0.00s Sys=0.00s Real=0.00s
[2446.849s][info][gc,start       ] GC(1691) Pause Young (Allocation Failure)
[2446.852s][info][gc,heap        ] GC(1691) PSYoungGen: 682485K->3463K(687616K)
[2446.852s][info][gc,heap        ] GC(1691) PSOldGen: 284464K->287427K(1398272K)
[2446.852s][info][gc,metaspace   ] GC(1691) Metaspace: 90728K(98736K)->90728K(98736K) NonClass: 79393K(83888K)->79393K(83888K) Class: 11335K(14848K)->11335K(14848K)
[2446.852s][info][gc             ] GC(1691) Pause Young (Allocation Failure) 944M->284M(2037M) 3.005ms
[2446.852s][info][gc,cpu         ] GC(1691) User=0.00s Sys=0.00s Real=0.00s
[2448.280s][info][gc,start       ] GC(1692) Pause Young (Allocation Failure)
[2448.284s][info][gc,heap        ] GC(1692) PSYoungGen: 677320K->3930K(688640K)
[2448.284s][info][gc,heap        ] GC(1692) PSOldGen: 287427K->289659K(1398272K)
[2448.284s][info][gc,metaspace   ] GC(1692) Metaspace: 90728K(98736K)->90728K(98736K) NonClass: 79393K(83888K)->79393K(83888K) Class: 11335K(14848K)->11335K(14848K)
[2448.284s][info][gc             ] GC(1692) Pause Young (Allocation Failure) 942M->286M(2038M) 3.158ms
[2448.284s][info][gc,cpu         ] GC(1692) User=0.08s Sys=0.00s Real=0.00s
[2449.122s][info][gc,start       ] GC(1693) Pause Young (Allocation Failure)
[2449.125s][info][gc,heap        ] GC(1693) PSYoungGen: 681938K->3471K(688640K)
[2449.125s][info][gc,heap        ] GC(1693) PSOldGen: 289659K->291811K(1398272K)
[2449.125s][info][gc,metaspace   ] GC(1693) Metaspace: 90728K(98736K)->90728K(98736K) NonClass: 79393K(83888K)->79393K(83888K) Class: 11335K(14848K)->11335K(14848K)
[2449.125s][info][gc             ] GC(1693) Pause Young (Allocation Failure) 948M->288M(2038M) 3.120ms
[2449.125s][info][gc,cpu         ] GC(1693) User=0.00s Sys=0.00s Real=0.00s
[2451.206s][info][gc,start       ] GC(1694) Pause Young (Allocation Failure)
[2451.208s][info][gc,heap        ] GC(1694) PSYoungGen: 680488K->3362K(689664K)
[2451.209s][info][gc,heap        ] GC(1694) PSOldGen: 291811K->294765K(1398272K)
[2451.209s][info][gc,metaspace   ] GC(1694) Metaspace: 90728K(98736K)->90728K(98736K) NonClass: 79393K(83888K)->79393K(83888K) Class: 11335K(14848K)->11335K(14848K)
[2451.209s][info][gc             ] GC(1694) Pause Young (Allocation Failure) 949M->291M(2039M) 3.013ms
[2451.209s][info][gc,cpu         ] GC(1694) User=0.00s Sys=0.00s Real=0.00s
[2451.735s][info][gc,start       ] GC(1695) Pause Young (Allocation Failure)
[2451.738s][info][gc,heap        ] GC(1695) PSYoungGen: 683298K->2474K(689152K)
[2451.738s][info][gc,heap        ] GC(1695) PSOldGen: 294765K->297374K(1398272K)
[2451.738s][info][gc,metaspace   ] GC(1695) Metaspace: 90728K(98736K)->90728K(98736K) NonClass: 79393K(83888K)->79393K(83888K) Class: 11335K(14848K)->11335K(14848K)
[2451.738s][info][gc             ] GC(1695) Pause Young (Allocation Failure) 955M->292M(2038M) 3.309ms
[2451.738s][info][gc,cpu         ] GC(1695) User=0.09s Sys=0.00s Real=0.00s
[2454.128s][info][gc,start       ] GC(1696) Pause Young (Allocation Failure)
[2454.130s][info][gc,heap        ] GC(1696) PSYoungGen: 681621K->2470K(689664K)
[2454.130s][info][gc,heap        ] GC(1696) PSOldGen: 297374K->299484K(1398272K)
[2454.130s][info][gc,metaspace   ] GC(1696) Metaspace: 90728K(98736K)->90728K(98736K) NonClass: 79393K(83888K)->79393K(83888K) Class: 11335K(14848K)->11335K(14848K)
[2454.130s][info][gc             ] GC(1696) Pause Young (Allocation Failure) 956M->294M(2039M) 2.657ms
[2454.130s][info][gc,cpu         ] GC(1696) User=0.00s Sys=0.00s Real=0.00s
[2455.192s][info][gc,start       ] GC(1697) Pause Young (Allocation Failure)
[2455.195s][info][gc,heap        ] GC(1697) PSYoungGen: 682918K->5176K(689664K)
[2455.195s][info][gc,heap        ] GC(1697) PSOldGen: 299484K->301316K(1398272K)
[2455.195s][info][gc,metaspace   ] GC(1697) Metaspace: 90728K(98736K)->90728K(98736K) NonClass: 79393K(83888K)->79393K(83888K) Class: 11335K(14848K)->11335K(14848K)
[2455.196s][info][gc             ] GC(1697) Pause Young (Allocation Failure) 959M->299M(2039M) 3.930ms
[2455.196s][info][gc,cpu         ] GC(1697) User=0.00s Sys=0.00s Real=0.00s
[2455.282s][info][gc,start       ] GC(1698) Pause Young (System.gc())
[2455.284s][info][gc,heap        ] GC(1698) PSYoungGen: 158345K->480K(689664K)
[2455.284s][info][gc,heap        ] GC(1698) PSOldGen: 301316K->303174K(1398272K)
[2455.284s][info][gc,metaspace   ] GC(1698) Metaspace: 90729K(98736K)->90729K(98736K) NonClass: 79394K(83888K)->79394K(83888K) Class: 11335K(14848K)->11335K(14848K)
[2455.284s][info][gc             ] GC(1698) Pause Young (System.gc()) 448M->296M(2039M) 2.160ms
[2455.284s][info][gc,cpu         ] GC(1698) User=0.02s Sys=0.00s Real=0.00s
[2455.285s][info][gc,start       ] GC(1699) Pause Full (System.gc())
[2455.287s][info][gc,phases,start] GC(1699) Phase 1: Mark live objects
[2455.341s][info][gc,phases      ] GC(1699) Phase 1: Mark live objects 54.540ms
[2455.341s][info][gc,phases,start] GC(1699) Phase 2: Compute new object addresses
[2455.356s][info][gc,phases      ] GC(1699) Phase 2: Compute new object addresses 14.387ms
[2455.356s][info][gc,phases,start] GC(1699) Phase 3: Adjust pointers
[2455.392s][info][gc,phases      ] GC(1699) Phase 3: Adjust pointers 36.133ms
[2455.392s][info][gc,phases,start] GC(1699) Phase 4: Move objects
[2455.399s][info][gc,phases      ] GC(1699) Phase 4: Move objects 7.356ms
[2455.402s][info][gc,heap        ] GC(1699) PSYoungGen: 480K->0K(689664K)
[2455.402s][info][gc,heap        ] GC(1699) PSOldGen: 303174K->150104K(1398272K)
[2455.402s][info][gc,metaspace   ] GC(1699) Metaspace: 90729K(98736K)->90729K(98736K) NonClass: 79394K(83888K)->79394K(83888K) Class: 11335K(14848K)->11335K(14848K)
[2455.402s][info][gc             ] GC(1699) Pause Full (System.gc()) 296M->146M(2039M) 117.124ms
[2455.402s][info][gc,cpu         ] GC(1699) User=0.11s Sys=0.00s Real=0.12s
[2456.327s][info][gc,start       ] GC(1700) Pause Young (Allocation Failure)
[2456.329s][info][gc,heap        ] GC(1700) PSYoungGen: 680448K->3671K(689664K)
[2456.329s][info][gc,heap        ] GC(1700) PSOldGen: 150104K->150104K(1398272K)
[2456.329s][info][gc,metaspace   ] GC(1700) Metaspace: 90729K(98736K)->90729K(98736K) NonClass: 79394K(83888K)->79394K(83888K) Class: 11335K(14848K)->11335K(14848K)
[2456.329s][info][gc             ] GC(1700) Pause Young (Allocation Failure) 811M->150M(2039M) 2.635ms
[2456.329s][info][gc,cpu         ] GC(1700) User=0.00s Sys=0.00s Real=0.00s
[2458.681s][info][gc,start       ] GC(1701) Pause Young (Allocation Failure)
[2458.684s][info][gc,heap        ] GC(1701) PSYoungGen: 684119K->2377K(690688K)
[2458.684s][info][gc,heap        ] GC(1701) PSOldGen: 150104K->152855K(1398272K)
[2458.684s][info][gc,metaspace   ] GC(1701) Metaspace: 90729K(98736K)->90729K(98736K) NonClass: 79394K(83888K)->79394K(83888K) Class: 11335K(14848K)->11335K(14848K)
[2458.684s][info][gc             ] GC(1701) Pause Young (Allocation Failure) 814M->151M(2040M) 2.616ms
[2458.684s][info][gc,cpu         ] GC(1701) User=0.00s Sys=0.00s Real=0.00s
[2460.797s][info][gc,start       ] GC(1702) Pause Young (Allocation Failure)
[2460.801s][info][gc,heap        ] GC(1702) PSYoungGen: 684361K->3973K(690176K)
[2460.801s][info][gc,heap        ] GC(1702) PSOldGen: 152855K->154531K(1398272K)
[2460.801s][info][gc,metaspace   ] GC(1702) Metaspace: 90729K(98736K)->90729K(98736K) NonClass: 79394K(83888K)->79394K(83888K) Class: 11335K(14848K)->11335K(14848K)
[2460.801s][info][gc             ] GC(1702) Pause Young (Allocation Failure) 817M->154M(2039M) 3.338ms
[2460.801s][info][gc,cpu         ] GC(1702) User=0.08s Sys=0.00s Real=0.01s
[2461.420s][info][gc,start       ] GC(1703) Pause Young (Allocation Failure)
[2461.423s][info][gc,heap        ] GC(1703) PSYoungGen: 681929K->8163K(683520K)
[2461.423s][info][gc,heap        ] GC(1703) PSOldGen: 154531K->160662K(1398272K)
[2461.423s][info][gc,metaspace   ] GC(1703) Metaspace: 90729K(98736K)->90729K(98736K) NonClass: 79394K(83888K)->79394K(83888K) Class: 11335K(14848K)->11335K(14848K)
[2461.423s][info][gc             ] GC(1703) Pause Young (Allocation Failure) 816M->164M(2033M) 3.339ms
[2461.423s][info][gc,cpu         ] GC(1703) User=0.00s Sys=0.00s Real=0.00s
[2462.939s][info][gc,start       ] GC(1704) Pause Young (Allocation Failure)
[2462.942s][info][gc,heap        ] GC(1704) PSYoungGen: 683491K->3991K(687104K)
[2462.942s][info][gc,heap        ] GC(1704) PSOldGen: 160662K->163441K(1398272K)
[2462.942s][info][gc,metaspace   ] GC(1704) Metaspace: 90729K(98736K)->90729K(98736K) NonClass: 79394K(83888K)->79394K(83888K) Class: 11335K(14848K)->11335K(14848K)
[2462.942s][info][gc             ] GC(1704) Pause Young (Allocation Failure) 824M->163M(2036M) 3.457ms
[2462.942s][info][gc,cpu         ] GC(1704) User=0.00s Sys=0.00s Real=0.00s
[2465.311s][info][gc,start       ] GC(1705) Pause Young (Allocation Failure)
[2465.314s][info][gc,heap        ] GC(1705) PSYoungGen: 679319K->6006K(688128K)
[2465.314s][info][gc,heap        ] GC(1705) PSOldGen: 163441K->165109K(1398272K)
[2465.314s][info][gc,metaspace   ] GC(1705) Metaspace: 90729K(98736K)->90729K(98736K) NonClass: 79394K(83888K)->79394K(83888K) Class: 11335K(14848K)->11335K(14848K)
[2465.314s][info][gc             ] GC(1705) Pause Young (Allocation Failure) 823M->167M(2037M) 2.995ms
[2465.314s][info][gc,cpu         ] GC(1705) User=0.06s Sys=0.03s Real=0.00s
[2467.057s][info][gc,start       ] GC(1706) Pause Young (Allocation Failure)
[2467.062s][info][gc,heap        ] GC(1706) PSYoungGen: 682870K->5201K(687616K)
[2467.062s][info][gc,heap        ] GC(1706) PSOldGen: 165109K->166969K(1398272K)
[2467.062s][info][gc,metaspace   ] GC(1706) Metaspace: 90729K(98736K)->90729K(98736K) NonClass: 79394K(83888K)->79394K(83888K) Class: 11335K(14848K)->11335K(14848K)
[2467.062s][info][gc             ] GC(1706) Pause Young (Allocation Failure) 828M->168M(2037M) 5.038ms
[2467.062s][info][gc,cpu         ] GC(1706) User=0.00s Sys=0.00s Real=0.01s
[2467.794s][info][gc,start       ] GC(1707) Pause Young (Allocation Failure)
[2467.797s][info][gc,heap        ] GC(1707) PSYoungGen: 682065K->3468K(688640K)
[2467.797s][info][gc,heap        ] GC(1707) PSOldGen: 166969K->169201K(1398272K)
[2467.797s][info][gc,metaspace   ] GC(1707) Metaspace: 90729K(98736K)->90729K(98736K) NonClass: 79394K(83888K)->79394K(83888K) Class: 11335K(14848K)->11335K(14848K)
[2467.797s][info][gc             ] GC(1707) Pause Young (Allocation Failure) 829M->168M(2038M) 3.271ms
[2467.797s][info][gc,cpu         ] GC(1707) User=0.00s Sys=0.00s Real=0.01s
[2470.029s][info][gc,start       ] GC(1708) Pause Young (Allocation Failure)
[2470.032s][info][gc,heap        ] GC(1708) PSYoungGen: 681356K->2702K(688128K)
[2470.032s][info][gc,heap        ] GC(1708) PSOldGen: 169201K->172063K(1398272K)
[2470.032s][info][gc,metaspace   ] GC(1708) Metaspace: 90729K(98736K)->90729K(98736K) NonClass: 79394K(83888K)->79394K(83888K) Class: 11335K(14848K)->11335K(14848K)
[2470.032s][info][gc             ] GC(1708) Pause Young (Allocation Failure) 830M->170M(2037M) 2.722ms
[2470.032s][info][gc,cpu         ] GC(1708) User=0.00s Sys=0.00s Real=0.00s
[2472.275s][info][gc,start       ] GC(1709) Pause Young (Allocation Failure)
[2472.278s][info][gc,heap        ] GC(1709) PSYoungGen: 680590K->3499K(689152K)
[2472.278s][info][gc,heap        ] GC(1709) PSOldGen: 172063K->173459K(1398272K)
[2472.278s][info][gc,metaspace   ] GC(1709) Metaspace: 90729K(98736K)->90729K(98736K) NonClass: 79394K(83888K)->79394K(83888K) Class: 11335K(14848K)->11335K(14848K)
[2472.278s][info][gc             ] GC(1709) Pause Young (Allocation Failure) 832M->172M(2038M) 2.857ms
[2472.278s][info][gc,cpu         ] GC(1709) User=0.00s Sys=0.00s Real=0.00s
[2473.130s][info][gc,start       ] GC(1710) Pause Young (Allocation Failure)
[2473.133s][info][gc,heap        ] GC(1710) PSYoungGen: 682411K->3595K(688640K)
[2473.133s][info][gc,heap        ] GC(1710) PSOldGen: 173459K->175440K(1398272K)
[2473.133s][info][gc,metaspace   ] GC(1710) Metaspace: 90729K(98736K)->90729K(98736K) NonClass: 79394K(83888K)->79394K(83888K) Class: 11335K(14848K)->11335K(14848K)
[2473.133s][info][gc             ] GC(1710) Pause Young (Allocation Failure) 835M->174M(2038M) 2.663ms
[2473.133s][info][gc,cpu         ] GC(1710) User=0.00s Sys=0.00s Real=0.01s
[2474.500s][info][gc,start       ] GC(1711) Pause Young (Allocation Failure)
[2474.503s][info][gc,heap        ] GC(1711) PSYoungGen: 682507K->4954K(689664K)
[2474.503s][info][gc,heap        ] GC(1711) PSOldGen: 175440K->178133K(1398272K)
[2474.503s][info][gc,metaspace   ] GC(1711) Metaspace: 90729K(98736K)->90729K(98736K) NonClass: 79394K(83888K)->79394K(83888K) Class: 11335K(14848K)->11335K(14848K)
[2474.503s][info][gc             ] GC(1711) Pause Young (Allocation Failure) 837M->178M(2039M) 3.165ms
[2474.503s][info][gc,cpu         ] GC(1711) User=0.09s Sys=0.00s Real=0.02s
[2476.748s][info][gc,start       ] GC(1712) Pause Young (Allocation Failure)
[2476.751s][info][gc,heap        ] GC(1712) PSYoungGen: 684989K->2585K(689664K)
[2476.751s][info][gc,heap        ] GC(1712) PSOldGen: 178133K->180258K(1398272K)
[2476.751s][info][gc,metaspace   ] GC(1712) Metaspace: 90729K(98736K)->90729K(98736K) NonClass: 79394K(83888K)->79394K(83888K) Class: 11335K(14848K)->11335K(14848K)
[2476.751s][info][gc             ] GC(1712) Pause Young (Allocation Failure) 842M->178M(2039M) 2.929ms
[2476.751s][info][gc,cpu         ] GC(1712) User=0.00s Sys=0.00s Real=0.02s
[2478.705s][info][gc,start       ] GC(1713) Pause Young (Allocation Failure)
[2478.708s][info][gc,heap        ] GC(1713) PSYoungGen: 683033K->3725K(690176K)
[2478.708s][info][gc,heap        ] GC(1713) PSOldGen: 180258K->182067K(1398272K)
[2478.708s][info][gc,metaspace   ] GC(1713) Metaspace: 90729K(98736K)->90729K(98736K) NonClass: 79394K(83888K)->79394K(83888K) Class: 11335K(14848K)->11335K(14848K)
[2478.708s][info][gc             ] GC(1713) Pause Young (Allocation Failure) 843M->181M(2039M) 2.946ms
[2478.708s][info][gc,cpu         ] GC(1713) User=0.00s Sys=0.00s Real=0.01s
[2479.468s][info][gc,start       ] GC(1714) Pause Young (Allocation Failure)
[2479.470s][info][gc,heap        ] GC(1714) PSYoungGen: 685197K->3216K(690176K)
[2479.470s][info][gc,heap        ] GC(1714) PSOldGen: 182067K->184198K(1398272K)
[2479.470s][info][gc,metaspace   ] GC(1714) Metaspace: 90729K(98736K)->90729K(98736K) NonClass: 79394K(83888K)->79394K(83888K) Class: 11335K(14848K)->11335K(14848K)
[2479.470s][info][gc             ] GC(1714) Pause Young (Allocation Failure) 846M->183M(2039M) 2.796ms
[2479.470s][info][gc,cpu         ] GC(1714) User=0.08s Sys=0.00s Real=0.00s
[2481.630s][info][gc,start       ] GC(1715) Pause Young (Allocation Failure)
[2481.633s][info][gc,heap        ] GC(1715) PSYoungGen: 684688K->2736K(690688K)
[2481.633s][info][gc,heap        ] GC(1715) PSOldGen: 184198K->186904K(1398272K)
[2481.633s][info][gc,metaspace   ] GC(1715) Metaspace: 90729K(98736K)->90729K(98736K) NonClass: 79394K(83888K)->79394K(83888K) Class: 11335K(14848K)->11335K(14848K)
[2481.633s][info][gc             ] GC(1715) Pause Young (Allocation Failure) 848M->185M(2040M) 2.817ms
[2481.633s][info][gc,cpu         ] GC(1715) User=0.00s Sys=0.00s Real=0.00s
[2482.302s][info][gc,start       ] GC(1716) Pause Young (Allocation Failure)
[2482.305s][info][gc,heap        ] GC(1716) PSYoungGen: 683161K->8163K(690688K)
[2482.305s][info][gc,heap        ] GC(1716) PSOldGen: 186904K->197506K(1398272K)
[2482.305s][info][gc,metaspace   ] GC(1716) Metaspace: 90729K(98736K)->90729K(98736K) NonClass: 79394K(83888K)->79394K(83888K) Class: 11335K(14848K)->11335K(14848K)
[2482.305s][info][gc             ] GC(1716) Pause Young (Allocation Failure) 849M->200M(2040M) 3.799ms
[2482.305s][info][gc,cpu         ] GC(1716) User=0.00s Sys=0.00s Real=0.01s
[2483.888s][info][gc,start       ] GC(1717) Pause Young (Allocation Failure)
[2483.891s][info][gc,heap        ] GC(1717) PSYoungGen: 690659K->3536K(681472K)
[2483.891s][info][gc,heap        ] GC(1717) PSOldGen: 197506K->200455K(1398272K)
[2483.891s][info][gc,metaspace   ] GC(1717) Metaspace: 90729K(98736K)->90729K(98736K) NonClass: 79394K(83888K)->79394K(83888K) Class: 11335K(14848K)->11335K(14848K)
[2483.891s][info][gc             ] GC(1717) Pause Young (Allocation Failure) 867M->199M(2031M) 2.937ms
[2483.891s][info][gc,cpu         ] GC(1717) User=0.00s Sys=0.00s Real=0.00s
[2485.457s][info][gc,start       ] GC(1718) Pause Young (Allocation Failure)
[2485.461s][info][gc,heap        ] GC(1718) PSYoungGen: 675987K->2849K(686080K)
[2485.461s][info][gc,heap        ] GC(1718) PSOldGen: 200455K->202609K(1398272K)
[2485.461s][info][gc,metaspace   ] GC(1718) Metaspace: 90729K(98736K)->90729K(98736K) NonClass: 79394K(83888K)->79394K(83888K) Class: 11335K(14848K)->11335K(14848K)
[2485.461s][info][gc             ] GC(1718) Pause Young (Allocation Failure) 855M->200M(2035M) 4.012ms
[2485.461s][info][gc,cpu         ] GC(1718) User=0.00s Sys=0.00s Real=0.00s
[2486.194s][info][gc,start       ] GC(1719) Pause Young (Allocation Failure)
[2486.197s][info][gc,heap        ] GC(1719) PSYoungGen: 676129K->3339K(687104K)
[2486.197s][info][gc,heap        ] GC(1719) PSOldGen: 202609K->204718K(1398272K)
[2486.197s][info][gc,metaspace   ] GC(1719) Metaspace: 90729K(98736K)->90729K(98736K) NonClass: 79394K(83888K)->79394K(83888K) Class: 11335K(14848K)->11335K(14848K)
[2486.197s][info][gc             ] GC(1719) Pause Young (Allocation Failure) 858M->203M(2036M) 2.921ms
[2486.197s][info][gc,cpu         ] GC(1719) User=0.00s Sys=0.00s Real=0.00s
[2488.274s][info][gc,start       ] GC(1720) Pause Young (Allocation Failure)
[2488.277s][info][gc,heap        ] GC(1720) PSYoungGen: 678059K->3664K(686592K)
[2488.277s][info][gc,heap        ] GC(1720) PSOldGen: 204718K->207704K(1398272K)
[2488.277s][info][gc,metaspace   ] GC(1720) Metaspace: 90729K(98736K)->90729K(98736K) NonClass: 79394K(83888K)->79394K(83888K) Class: 11335K(14848K)->11335K(14848K)
[2488.278s][info][gc             ] GC(1720) Pause Young (Allocation Failure) 862M->206M(2036M) 3.397ms
[2488.278s][info][gc,cpu         ] GC(1720) User=0.00s Sys=0.00s Real=0.02s
[2488.890s][info][gc,start       ] GC(1721) Pause Young (Allocation Failure)
[2488.893s][info][gc,heap        ] GC(1721) PSYoungGen: 674879K->2582K(687616K)
[2488.893s][info][gc,heap        ] GC(1721) PSOldGen: 207704K->210213K(1398272K)
[2488.893s][info][gc,metaspace   ] GC(1721) Metaspace: 90729K(98736K)->90729K(98736K) NonClass: 79394K(83888K)->79394K(83888K) Class: 11335K(14848K)->11335K(14848K)
[2488.893s][info][gc             ] GC(1721) Pause Young (Allocation Failure) 861M->207M(2037M) 2.978ms
[2488.893s][info][gc,cpu         ] GC(1721) User=0.08s Sys=0.00s Real=0.00s
[2490.865s][info][gc,start       ] GC(1722) Pause Young (Allocation Failure)
[2490.867s][info][gc,heap        ] GC(1722) PSYoungGen: 678583K->2951K(687616K)
[2490.867s][info][gc,heap        ] GC(1722) PSOldGen: 210213K->211811K(1398272K)
[2490.867s][info][gc,metaspace   ] GC(1722) Metaspace: 90729K(98736K)->90729K(98736K) NonClass: 79394K(83888K)->79394K(83888K) Class: 11335K(14848K)->11335K(14848K)
[2490.867s][info][gc             ] GC(1722) Pause Young (Allocation Failure) 867M->209M(2037M) 2.405ms
[2490.867s][info][gc,cpu         ] GC(1722) User=0.00s Sys=0.00s Real=0.00s
[2492.308s][info][gc,start       ] GC(1723) Pause Young (Allocation Failure)
[2492.312s][info][gc,heap        ] GC(1723) PSYoungGen: 678554K->2860K(688640K)
[2492.312s][info][gc,heap        ] GC(1723) PSOldGen: 211811K->214149K(1398272K)
[2492.312s][info][gc,metaspace   ] GC(1723) Metaspace: 90729K(98736K)->90729K(98736K) NonClass: 79394K(83888K)->79394K(83888K) Class: 11335K(14848K)->11335K(14848K)
[2492.312s][info][gc             ] GC(1723) Pause Young (Allocation Failure) 869M->211M(2038M) 3.374ms
[2492.312s][info][gc,cpu         ] GC(1723) User=0.00s Sys=0.00s Real=0.00s
[2492.480s][info][gc,start       ] GC(1724) Pause Young (System.gc())
[2492.482s][info][gc,heap        ] GC(1724) PSYoungGen: 240713K->480K(688128K)
[2492.482s][info][gc,heap        ] GC(1724) PSOldGen: 214149K->216229K(1398272K)
[2492.482s][info][gc,metaspace   ] GC(1724) Metaspace: 90729K(98736K)->90729K(98736K) NonClass: 79394K(83888K)->79394K(83888K) Class: 11335K(14848K)->11335K(14848K)
[2492.482s][info][gc             ] GC(1724) Pause Young (System.gc()) 444M->211M(2037M) 2.194ms
[2492.482s][info][gc,cpu         ] GC(1724) User=0.00s Sys=0.00s Real=0.00s
[2492.482s][info][gc,start       ] GC(1725) Pause Full (System.gc())
[2492.486s][info][gc,phases,start] GC(1725) Phase 1: Mark live objects
[2492.541s][info][gc,phases      ] GC(1725) Phase 1: Mark live objects 55.596ms
[2492.541s][info][gc,phases,start] GC(1725) Phase 2: Compute new object addresses
[2492.556s][info][gc,phases      ] GC(1725) Phase 2: Compute new object addresses 14.314ms
[2492.556s][info][gc,phases,start] GC(1725) Phase 3: Adjust pointers
[2492.592s][info][gc,phases      ] GC(1725) Phase 3: Adjust pointers 36.423ms
[2492.592s][info][gc,phases,start] GC(1725) Phase 4: Move objects
[2492.600s][info][gc,phases      ] GC(1725) Phase 4: Move objects 7.838ms
[2492.603s][info][gc,heap        ] GC(1725) PSYoungGen: 480K->0K(688128K)
[2492.603s][info][gc,heap        ] GC(1725) PSOldGen: 216229K->150163K(1398272K)
[2492.603s][info][gc,metaspace   ] GC(1725) Metaspace: 90729K(98736K)->90729K(98736K) NonClass: 79394K(83888K)->79394K(83888K) Class: 11335K(14848K)->11335K(14848K)
[2492.603s][info][gc             ] GC(1725) Pause Full (System.gc()) 211M->146M(2037M) 120.466ms
[2492.603s][info][gc,cpu         ] GC(1725) User=0.12s Sys=0.00s Real=0.12s
[2493.482s][info][gc,start       ] GC(1726) Pause Young (Allocation Failure)
[2493.485s][info][gc,heap        ] GC(1726) PSYoungGen: 677888K->3517K(689152K)
[2493.485s][info][gc,heap        ] GC(1726) PSOldGen: 150163K->150163K(1398272K)
[2493.485s][info][gc,metaspace   ] GC(1726) Metaspace: 90729K(98736K)->90729K(98736K) NonClass: 79394K(83888K)->79394K(83888K) Class: 11335K(14848K)->11335K(14848K)
[2493.485s][info][gc             ] GC(1726) Pause Young (Allocation Failure) 808M->150M(2038M) 2.533ms
[2493.485s][info][gc,cpu         ] GC(1726) User=0.00s Sys=0.00s Real=0.00s
[2495.846s][info][gc,start       ] GC(1727) Pause Young (Allocation Failure)
[2495.849s][info][gc,heap        ] GC(1727) PSYoungGen: 682349K->2452K(688640K)
[2495.849s][info][gc,heap        ] GC(1727) PSOldGen: 150163K->152906K(1398272K)
[2495.849s][info][gc,metaspace   ] GC(1727) Metaspace: 90729K(98736K)->90729K(98736K) NonClass: 79394K(83888K)->79394K(83888K) Class: 11335K(14848K)->11335K(14848K)
[2495.849s][info][gc             ] GC(1727) Pause Young (Allocation Failure) 813M->151M(2038M) 2.436ms
[2495.849s][info][gc,cpu         ] GC(1727) User=0.00s Sys=0.00s Real=0.00s
[2497.911s][info][gc,start       ] GC(1728) Pause Young (Allocation Failure)
[2497.914s][info][gc,heap        ] GC(1728) PSYoungGen: 681364K->3605K(689664K)
[2497.914s][info][gc,heap        ] GC(1728) PSOldGen: 152906K->154577K(1398272K)
[2497.914s][info][gc,metaspace   ] GC(1728) Metaspace: 90729K(98736K)->90729K(98736K) NonClass: 79394K(83888K)->79394K(83888K) Class: 11335K(14848K)->11335K(14848K)
[2497.914s][info][gc             ] GC(1728) Pause Young (Allocation Failure) 814M->154M(2039M) 3.042ms
[2497.914s][info][gc,cpu         ] GC(1728) User=0.00s Sys=0.00s Real=0.00s
[2498.571s][info][gc,start       ] GC(1729) Pause Young (Allocation Failure)
[2498.574s][info][gc,heap        ] GC(1729) PSYoungGen: 680879K->9188K(689152K)
[2498.574s][info][gc,heap        ] GC(1729) PSOldGen: 154577K->156069K(1398272K)
[2498.574s][info][gc,metaspace   ] GC(1729) Metaspace: 90729K(98736K)->90729K(98736K) NonClass: 79394K(83888K)->79394K(83888K) Class: 11335K(14848K)->11335K(14848K)
[2498.574s][info][gc             ] GC(1729) Pause Young (Allocation Failure) 815M->161M(2038M) 3.074ms
[2498.574s][info][gc,cpu         ] GC(1729) User=0.00s Sys=0.00s Real=0.00s
[2500.092s][info][gc,start       ] GC(1730) Pause Young (Allocation Failure)
[2500.096s][info][gc,heap        ] GC(1730) PSYoungGen: 689124K->6319K(687104K)
[2500.096s][info][gc,heap        ] GC(1730) PSOldGen: 156069K->158871K(1398272K)
[2500.096s][info][gc,metaspace   ] GC(1730) Metaspace: 90729K(98736K)->90729K(98736K) NonClass: 79394K(83888K)->79394K(83888K) Class: 11335K(14848K)->11335K(14848K)
[2500.096s][info][gc             ] GC(1730) Pause Young (Allocation Failure) 825M->161M(2036M) 3.100ms
[2500.096s][info][gc,cpu         ] GC(1730) User=0.09s Sys=0.00s Real=0.00s
[2502.486s][info][gc,start       ] GC(1731) Pause Young (Allocation Failure)
[2502.491s][info][gc,heap        ] GC(1731) PSYoungGen: 683695K->2966K(688128K)
[2502.491s][info][gc,heap        ] GC(1731) PSOldGen: 158871K->160538K(1398272K)
[2502.491s][info][gc,metaspace   ] GC(1731) Metaspace: 90729K(98736K)->90729K(98736K) NonClass: 79394K(83888K)->79394K(83888K) Class: 11335K(14848K)->11335K(14848K)
[2502.491s][info][gc             ] GC(1731) Pause Young (Allocation Failure) 822M->159M(2037M) 4.327ms
[2502.491s][info][gc,cpu         ] GC(1731) User=0.00s Sys=0.00s Real=0.01s
[2504.155s][info][gc,start       ] GC(1732) Pause Young (Allocation Failure)
[2504.158s][info][gc,heap        ] GC(1732) PSYoungGen: 680342K->5912K(688640K)
[2504.158s][info][gc,heap        ] GC(1732) PSOldGen: 160538K->162402K(1398272K)
[2504.158s][info][gc,metaspace   ] GC(1732) Metaspace: 90729K(98736K)->90729K(98736K) NonClass: 79394K(83888K)->79394K(83888K) Class: 11335K(14848K)->11335K(14848K)
[2504.159s][info][gc             ] GC(1732) Pause Young (Allocation Failure) 821M->164M(2038M) 3.880ms
[2504.159s][info][gc,cpu         ] GC(1732) User=0.09s Sys=0.00s Real=0.01s
[2504.886s][info][gc,start       ] GC(1733) Pause Young (Allocation Failure)
[2504.889s][info][gc,heap        ] GC(1733) PSYoungGen: 684312K->3451K(688640K)
[2504.889s][info][gc,heap        ] GC(1733) PSOldGen: 162402K->164749K(1398272K)
[2504.890s][info][gc,metaspace   ] GC(1733) Metaspace: 90729K(98736K)->90729K(98736K) NonClass: 79394K(83888K)->79394K(83888K) Class: 11335K(14848K)->11335K(14848K)
[2504.890s][info][gc             ] GC(1733) Pause Young (Allocation Failure) 826M->164M(2038M) 3.139ms
[2504.890s][info][gc,cpu         ] GC(1733) User=0.00s Sys=0.00s Real=0.00s
[2507.110s][info][gc,start       ] GC(1734) Pause Young (Allocation Failure)
[2507.113s][info][gc,heap        ] GC(1734) PSYoungGen: 681652K->2862K(689152K)
[2507.113s][info][gc,heap        ] GC(1734) PSOldGen: 164749K->167675K(1398272K)
[2507.113s][info][gc,metaspace   ] GC(1734) Metaspace: 90729K(98736K)->90729K(98736K) NonClass: 79394K(83888K)->79394K(83888K) Class: 11335K(14848K)->11335K(14848K)
[2507.113s][info][gc             ] GC(1734) Pause Young (Allocation Failure) 826M->166M(2038M) 2.620ms
[2507.113s][info][gc,cpu         ] GC(1734) User=0.09s Sys=0.00s Real=0.00s
[2509.346s][info][gc,start       ] GC(1735) Pause Young (Allocation Failure)
[2509.349s][info][gc,heap        ] GC(1735) PSYoungGen: 682286K->4029K(689152K)
[2509.349s][info][gc,heap        ] GC(1735) PSOldGen: 167675K->169537K(1398272K)
[2509.349s][info][gc,metaspace   ] GC(1735) Metaspace: 90729K(98736K)->90729K(98736K) NonClass: 79394K(83888K)->79394K(83888K) Class: 11335K(14848K)->11335K(14848K)
[2509.349s][info][gc             ] GC(1735) Pause Young (Allocation Failure) 830M->169M(2038M) 3.174ms
[2509.349s][info][gc,cpu         ] GC(1735) User=0.00s Sys=0.00s Real=0.01s
[2510.182s][info][gc,start       ] GC(1736) Pause Young (Allocation Failure)
[2510.185s][info][gc,heap        ] GC(1736) PSYoungGen: 683257K->5123K(689664K)
[2510.185s][info][gc,heap        ] GC(1736) PSOldGen: 169537K->171039K(1398272K)
[2510.185s][info][gc,metaspace   ] GC(1736) Metaspace: 90729K(98736K)->90729K(98736K) NonClass: 79394K(83888K)->79394K(83888K) Class: 11335K(14848K)->11335K(14848K)
[2510.185s][info][gc             ] GC(1736) Pause Young (Allocation Failure) 832M->172M(2039M) 3.312ms
[2510.185s][info][gc,cpu         ] GC(1736) User=0.00s Sys=0.00s Real=0.01s
[2511.578s][info][gc,start       ] GC(1737) Pause Young (Allocation Failure)
[2511.582s][info][gc,heap        ] GC(1737) PSYoungGen: 685504K->3316K(689664K)
[2511.582s][info][gc,heap        ] GC(1737) PSOldGen: 171039K->173966K(1398272K)
[2511.582s][info][gc,metaspace   ] GC(1737) Metaspace: 90729K(98736K)->90729K(98736K) NonClass: 79394K(83888K)->79394K(83888K) Class: 11335K(14848K)->11335K(14848K)
[2511.582s][info][gc             ] GC(1737) Pause Young (Allocation Failure) 836M->173M(2039M) 4.068ms
[2511.582s][info][gc,cpu         ] GC(1737) User=0.03s Sys=0.00s Real=0.00s
[2513.842s][info][gc,start       ] GC(1738) Pause Young (Allocation Failure)
[2513.844s][info][gc,heap        ] GC(1738) PSYoungGen: 680525K->2540K(690176K)
[2513.844s][info][gc,heap        ] GC(1738) PSOldGen: 173966K->175910K(1398272K)
[2513.844s][info][gc,metaspace   ] GC(1738) Metaspace: 90729K(98736K)->90729K(98736K) NonClass: 79394K(83888K)->79394K(83888K) Class: 11335K(14848K)->11335K(14848K)
[2513.844s][info][gc             ] GC(1738) Pause Young (Allocation Failure) 834M->174M(2039M) 2.332ms
[2513.844s][info][gc,cpu         ] GC(1738) User=0.00s Sys=0.00s Real=0.01s
[2515.745s][info][gc,start       ] GC(1739) Pause Young (Allocation Failure)
[2515.747s][info][gc,heap        ] GC(1739) PSYoungGen: 684012K->3575K(690176K)
[2515.747s][info][gc,heap        ] GC(1739) PSOldGen: 175910K->177733K(1398272K)
[2515.747s][info][gc,metaspace   ] GC(1739) Metaspace: 90729K(98736K)->90729K(98736K) NonClass: 79394K(83888K)->79394K(83888K) Class: 11335K(14848K)->11335K(14848K)
[2515.748s][info][gc             ] GC(1739) Pause Young (Allocation Failure) 839M->177M(2039M) 2.812ms
[2515.748s][info][gc,cpu         ] GC(1739) User=0.00s Sys=0.00s Real=0.00s
[2516.504s][info][gc,start       ] GC(1740) Pause Young (Allocation Failure)
[2516.507s][info][gc,heap        ] GC(1740) PSYoungGen: 685047K->3281K(690688K)
[2516.507s][info][gc,heap        ] GC(1740) PSOldGen: 177733K->179866K(1398272K)
[2516.507s][info][gc,metaspace   ] GC(1740) Metaspace: 90729K(98736K)->90729K(98736K) NonClass: 79394K(83888K)->79394K(83888K) Class: 11335K(14848K)->11335K(14848K)
[2516.507s][info][gc             ] GC(1740) Pause Young (Allocation Failure) 842M->178M(2040M) 2.643ms
[2516.507s][info][gc,cpu         ] GC(1740) User=0.00s Sys=0.00s Real=0.00s
[2518.798s][info][gc,start       ] GC(1741) Pause Young (Allocation Failure)
[2518.800s][info][gc,heap        ] GC(1741) PSYoungGen: 685777K->1940K(690688K)
[2518.800s][info][gc,heap        ] GC(1741) PSOldGen: 179866K->182589K(1398272K)
[2518.800s][info][gc,metaspace   ] GC(1741) Metaspace: 90729K(98736K)->90729K(98736K) NonClass: 79394K(83888K)->79394K(83888K) Class: 11335K(14848K)->11335K(14848K)
[2518.800s][info][gc             ] GC(1741) Pause Young (Allocation Failure) 845M->180M(2040M) 2.567ms
[2518.800s][info][gc,cpu         ] GC(1741) User=0.02s Sys=0.00s Real=0.00s
[2519.486s][info][gc,start       ] GC(1742) Pause Young (Allocation Failure)
[2519.490s][info][gc,heap        ] GC(1742) PSYoungGen: 684205K->5349K(690176K)
[2519.490s][info][gc,heap        ] GC(1742) PSOldGen: 182589K->188052K(1398272K)
[2519.490s][info][gc,metaspace   ] GC(1742) Metaspace: 90729K(98736K)->90729K(98736K) NonClass: 79394K(83888K)->79394K(83888K) Class: 11335K(14848K)->11335K(14848K)
[2519.490s][info][gc             ] GC(1742) Pause Young (Allocation Failure) 846M->188M(2039M) 3.538ms
[2519.490s][info][gc,cpu         ] GC(1742) User=0.00s Sys=0.00s Real=0.00s
[2521.174s][info][gc,start       ] GC(1743) Pause Young (Allocation Failure)
[2521.178s][info][gc,heap        ] GC(1743) PSYoungGen: 687691K->3168K(690688K)
[2521.178s][info][gc,heap        ] GC(1743) PSOldGen: 188052K->190927K(1398272K)
[2521.178s][info][gc,metaspace   ] GC(1743) Metaspace: 90729K(98736K)->90729K(98736K) NonClass: 79394K(83888K)->79394K(83888K) Class: 11335K(14848K)->11335K(14848K)
[2521.178s][info][gc             ] GC(1743) Pause Young (Allocation Failure) 855M->189M(2040M) 3.606ms
[2521.178s][info][gc,cpu         ] GC(1743) User=0.00s Sys=0.00s Real=0.00s
[2522.680s][info][gc,start       ] GC(1744) Pause Young (Allocation Failure)
[2522.684s][info][gc,heap        ] GC(1744) PSYoungGen: 682433K->7617K(689152K)
[2522.684s][info][gc,heap        ] GC(1744) PSOldGen: 190927K->193202K(1398272K)
[2522.684s][info][gc,metaspace   ] GC(1744) Metaspace: 90729K(98736K)->90729K(98736K) NonClass: 79394K(83888K)->79394K(83888K) Class: 11335K(14848K)->11335K(14848K)
[2522.684s][info][gc             ] GC(1744) Pause Young (Allocation Failure) 852M->196M(2038M) 3.517ms
[2522.684s][info][gc,cpu         ] GC(1744) User=0.00s Sys=0.00s Real=0.02s
[2523.379s][info][gc,start       ] GC(1745) Pause Young (GCLocker Initiated GC)
[2523.383s][info][gc,heap        ] GC(1745) PSYoungGen: 689089K->6127K(687616K)
[2523.383s][info][gc,heap        ] GC(1745) PSOldGen: 193234K->195395K(1398272K)
[2523.383s][info][gc,metaspace   ] GC(1745) Metaspace: 90729K(98736K)->90729K(98736K) NonClass: 79394K(83888K)->79394K(83888K) Class: 11335K(14848K)->11335K(14848K)
[2523.383s][info][gc             ] GC(1745) Pause Young (GCLocker Initiated GC) 861M->196M(2037M) 3.150ms
[2523.383s][info][gc,cpu         ] GC(1745) User=0.00s Sys=0.00s Real=0.00s
[2525.523s][info][gc,start       ] GC(1746) Pause Young (Allocation Failure)
[2525.526s][info][gc,heap        ] GC(1746) PSYoungGen: 687599K->4262K(690176K)
[2525.526s][info][gc,heap        ] GC(1746) PSOldGen: 195398K->198332K(1398272K)
[2525.526s][info][gc,metaspace   ] GC(1746) Metaspace: 90729K(98736K)->90729K(98736K) NonClass: 79394K(83888K)->79394K(83888K) Class: 11335K(14848K)->11335K(14848K)
[2525.526s][info][gc             ] GC(1746) Pause Young (Allocation Failure) 862M->197M(2039M) 3.266ms
[2525.526s][info][gc,cpu         ] GC(1746) User=0.00s Sys=0.00s Real=0.01s
[2526.153s][info][gc,start       ] GC(1747) Pause Young (Allocation Failure)
[2526.155s][info][gc,heap        ] GC(1747) PSYoungGen: 685222K->3813K(689664K)
[2526.156s][info][gc,heap        ] GC(1747) PSOldGen: 198332K->200962K(1398272K)
[2526.156s][info][gc,metaspace   ] GC(1747) Metaspace: 90729K(98736K)->90729K(98736K) NonClass: 79394K(83888K)->79394K(83888K) Class: 11335K(14848K)->11335K(14848K)
[2526.156s][info][gc             ] GC(1747) Pause Young (Allocation Failure) 862M->199M(2039M) 2.657ms
[2526.156s][info][gc,cpu         ] GC(1747) User=0.00s Sys=0.00s Real=0.00s
[2528.216s][info][gc,start       ] GC(1748) Pause Young (Allocation Failure)
[2528.219s][info][gc,heap        ] GC(1748) PSYoungGen: 684773K->4337K(690688K)
[2528.219s][info][gc,heap        ] GC(1748) PSOldGen: 200962K->202981K(1398272K)
[2528.219s][info][gc,metaspace   ] GC(1748) Metaspace: 90729K(98736K)->90729K(98736K) NonClass: 79394K(83888K)->79394K(83888K) Class: 11335K(14848K)->11335K(14848K)
[2528.219s][info][gc             ] GC(1748) Pause Young (Allocation Failure) 864M->202M(2040M) 2.746ms
[2528.219s][info][gc,cpu         ] GC(1748) User=0.00s Sys=0.00s Real=0.00s
[2529.549s][info][gc,start       ] GC(1749) Pause Young (Allocation Failure)
[2529.553s][info][gc,heap        ] GC(1749) PSYoungGen: 686833K->5107K(690688K)
[2529.553s][info][gc,heap        ] GC(1749) PSOldGen: 202981K->204934K(1398272K)
[2529.553s][info][gc,metaspace   ] GC(1749) Metaspace: 90729K(98736K)->90729K(98736K) NonClass: 79394K(83888K)->79394K(83888K) Class: 11335K(14848K)->11335K(14848K)
[2529.553s][info][gc             ] GC(1749) Pause Young (Allocation Failure) 868M->205M(2040M) 4.245ms
[2529.553s][info][gc,cpu         ] GC(1749) User=0.00s Sys=0.00s Real=0.00s
[2529.670s][info][gc,start       ] GC(1750) Pause Young (System.gc())
[2529.672s][info][gc,heap        ] GC(1750) PSYoungGen: 193744K->480K(690688K)
[2529.672s][info][gc,heap        ] GC(1750) PSOldGen: 204934K->206832K(1398272K)
[2529.672s][info][gc,metaspace   ] GC(1750) Metaspace: 90729K(98736K)->90729K(98736K) NonClass: 79394K(83888K)->79394K(83888K) Class: 11335K(14848K)->11335K(14848K)
[2529.672s][info][gc             ] GC(1750) Pause Young (System.gc()) 389M->202M(2040M) 2.131ms
[2529.672s][info][gc,cpu         ] GC(1750) User=0.00s Sys=0.00s Real=0.00s
[2529.672s][info][gc,start       ] GC(1751) Pause Full (System.gc())
[2529.675s][info][gc,phases,start] GC(1751) Phase 1: Mark live objects
[2529.730s][info][gc,phases      ] GC(1751) Phase 1: Mark live objects 54.989ms
[2529.730s][info][gc,phases,start] GC(1751) Phase 2: Compute new object addresses
[2529.744s][info][gc,phases      ] GC(1751) Phase 2: Compute new object addresses 13.976ms
[2529.744s][info][gc,phases,start] GC(1751) Phase 3: Adjust pointers
[2529.783s][info][gc,phases      ] GC(1751) Phase 3: Adjust pointers 38.494ms
[2529.783s][info][gc,phases,start] GC(1751) Phase 4: Move objects
[2529.794s][info][gc,phases      ] GC(1751) Phase 4: Move objects 11.111ms
[2529.797s][info][gc,heap        ] GC(1751) PSYoungGen: 480K->0K(690688K)
[2529.797s][info][gc,heap        ] GC(1751) PSOldGen: 206832K->80002K(1398272K)
[2529.797s][info][gc,metaspace   ] GC(1751) Metaspace: 90729K(98736K)->90729K(98736K) NonClass: 79394K(83888K)->79394K(83888K) Class: 11335K(14848K)->11335K(14848K)
[2529.797s][info][gc             ] GC(1751) Pause Full (System.gc()) 202M->78M(2040M) 124.643ms
[2529.797s][info][gc,cpu         ] GC(1751) User=0.12s Sys=0.00s Real=0.12s
[2530.683s][info][gc,start       ] GC(1752) Pause Young (Allocation Failure)
[2530.686s][info][gc,heap        ] GC(1752) PSYoungGen: 682496K->3600K(690688K)
[2530.686s][info][gc,heap        ] GC(1752) PSOldGen: 80002K->80002K(1398272K)
[2530.686s][info][gc,metaspace   ] GC(1752) Metaspace: 90729K(98736K)->90729K(98736K) NonClass: 79394K(83888K)->79394K(83888K) Class: 11335K(14848K)->11335K(14848K)
[2530.686s][info][gc             ] GC(1752) Pause Young (Allocation Failure) 744M->81M(2040M) 2.376ms
[2530.686s][info][gc,cpu         ] GC(1752) User=0.00s Sys=0.00s Real=0.00s
[2533.052s][info][gc,start       ] GC(1753) Pause Young (Allocation Failure)
[2533.055s][info][gc,heap        ] GC(1753) PSYoungGen: 686096K->2528K(691200K)
[2533.055s][info][gc,heap        ] GC(1753) PSOldGen: 80002K->82761K(1398272K)
[2533.055s][info][gc,metaspace   ] GC(1753) Metaspace: 90729K(98736K)->90729K(98736K) NonClass: 79394K(83888K)->79394K(83888K) Class: 11335K(14848K)->11335K(14848K)
[2533.055s][info][gc             ] GC(1753) Pause Young (Allocation Failure) 748M->83M(2040M) 2.636ms
[2533.055s][info][gc,cpu         ] GC(1753) User=0.00s Sys=0.00s Real=0.00s
[2535.163s][info][gc,start       ] GC(1754) Pause Young (Allocation Failure)
[2535.165s][info][gc,heap        ] GC(1754) PSYoungGen: 684802K->2619K(690688K)
[2535.165s][info][gc,heap        ] GC(1754) PSOldGen: 82761K->84351K(1398272K)
[2535.165s][info][gc,metaspace   ] GC(1754) Metaspace: 90729K(98736K)->90729K(98736K) NonClass: 79394K(83888K)->79394K(83888K) Class: 11335K(14848K)->11335K(14848K)
[2535.165s][info][gc             ] GC(1754) Pause Young (Allocation Failure) 749M->84M(2040M) 2.529ms
[2535.165s][info][gc,cpu         ] GC(1754) User=0.00s Sys=0.00s Real=0.00s
[2535.782s][info][gc,start       ] GC(1755) Pause Young (Allocation Failure)
[2535.786s][info][gc,heap        ] GC(1755) PSYoungGen: 682591K->7651K(680960K)
[2535.786s][info][gc,heap        ] GC(1755) PSOldGen: 84351K->95328K(1398272K)
[2535.786s][info][gc,metaspace   ] GC(1755) Metaspace: 90729K(98736K)->90729K(98736K) NonClass: 79394K(83888K)->79394K(83888K) Class: 11335K(14848K)->11335K(14848K)
[2535.786s][info][gc             ] GC(1755) Pause Young (Allocation Failure) 748M->100M(2030M) 3.501ms
[2535.786s][info][gc,cpu         ] GC(1755) User=0.02s Sys=0.00s Real=0.00s
[2537.341s][info][gc,start       ] GC(1756) Pause Young (Allocation Failure)
[2537.345s][info][gc,heap        ] GC(1756) PSYoungGen: 680612K->3157K(686080K)
[2537.345s][info][gc,heap        ] GC(1756) PSOldGen: 95328K->98036K(1398272K)
[2537.345s][info][gc,metaspace   ] GC(1756) Metaspace: 90729K(98736K)->90729K(98736K) NonClass: 79394K(83888K)->79394K(83888K) Class: 11335K(14848K)->11335K(14848K)
[2537.345s][info][gc             ] GC(1756) Pause Young (Allocation Failure) 757M->98M(2035M) 4.005ms
[2537.345s][info][gc,cpu         ] GC(1756) User=0.00s Sys=0.00s Real=0.01s
[2539.662s][info][gc,start       ] GC(1757) Pause Young (Allocation Failure)
[2539.665s][info][gc,heap        ] GC(1757) PSYoungGen: 676437K->5407K(687104K)
[2539.665s][info][gc,heap        ] GC(1757) PSOldGen: 98036K->99760K(1398272K)
[2539.665s][info][gc,metaspace   ] GC(1757) Metaspace: 90730K(98736K)->90730K(98736K) NonClass: 79394K(83888K)->79394K(83888K) Class: 11335K(14848K)->11335K(14848K)
[2539.665s][info][gc             ] GC(1757) Pause Young (Allocation Failure) 756M->102M(2036M) 2.920ms
[2539.665s][info][gc,cpu         ] GC(1757) User=0.00s Sys=0.00s Real=0.00s
[2541.424s][info][gc,start       ] GC(1758) Pause Young (Allocation Failure)
[2541.428s][info][gc,heap        ] GC(1758) PSYoungGen: 680223K->5118K(686592K)
[2541.428s][info][gc,heap        ] GC(1758) PSOldGen: 99760K->101645K(1398272K)
[2541.428s][info][gc,metaspace   ] GC(1758) Metaspace: 90730K(98736K)->90730K(98736K) NonClass: 79394K(83888K)->79394K(83888K) Class: 11335K(14848K)->11335K(14848K)
[2541.428s][info][gc             ] GC(1758) Pause Young (Allocation Failure) 761M->104M(2036M) 3.924ms
[2541.428s][info][gc,cpu         ] GC(1758) User=0.00s Sys=0.00s Real=0.00s
[2542.204s][info][gc,start       ] GC(1759) Pause Young (Allocation Failure)
[2542.207s][info][gc,heap        ] GC(1759) PSYoungGen: 679934K->3325K(688128K)
[2542.207s][info][gc,heap        ] GC(1759) PSOldGen: 101645K->103814K(1398272K)
[2542.207s][info][gc,metaspace   ] GC(1759) Metaspace: 90730K(98736K)->90730K(98736K) NonClass: 79394K(83888K)->79394K(83888K) Class: 11335K(14848K)->11335K(14848K)
[2542.207s][info][gc             ] GC(1759) Pause Young (Allocation Failure) 763M->104M(2037M) 2.755ms
[2542.207s][info][gc,cpu         ] GC(1759) User=0.02s Sys=0.00s Real=0.00s
[2544.418s][info][gc,start       ] GC(1760) Pause Young (Allocation Failure)
[2544.421s][info][gc,heap        ] GC(1760) PSYoungGen: 680189K->2766K(687616K)
[2544.421s][info][gc,heap        ] GC(1760) PSOldGen: 103814K->106706K(1398272K)
[2544.421s][info][gc,metaspace   ] GC(1760) Metaspace: 90730K(98736K)->90730K(98736K) NonClass: 79394K(83888K)->79394K(83888K) Class: 11335K(14848K)->11335K(14848K)
[2544.421s][info][gc             ] GC(1760) Pause Young (Allocation Failure) 765M->106M(2037M) 2.665ms
[2544.421s][info][gc,cpu         ] GC(1760) User=0.00s Sys=0.00s Real=0.01s
[2546.660s][info][gc,start       ] GC(1761) Pause Young (Allocation Failure)
[2546.662s][info][gc,heap        ] GC(1761) PSYoungGen: 679630K->3057K(688640K)
[2546.662s][info][gc,heap        ] GC(1761) PSOldGen: 106706K->108102K(1398272K)
[2546.662s][info][gc,metaspace   ] GC(1761) Metaspace: 90730K(98736K)->90730K(98736K) NonClass: 79394K(83888K)->79394K(83888K) Class: 11335K(14848K)->11335K(14848K)
[2546.662s][info][gc             ] GC(1761) Pause Young (Allocation Failure) 767M->108M(2038M) 2.423ms
[2546.662s][info][gc,cpu         ] GC(1761) User=0.00s Sys=0.00s Real=0.00s
[2547.523s][info][gc,start       ] GC(1762) Pause Young (Allocation Failure)
[2547.525s][info][gc,heap        ] GC(1762) PSYoungGen: 680241K->3403K(688128K)
[2547.526s][info][gc,heap        ] GC(1762) PSOldGen: 108102K->110083K(1398272K)
[2547.526s][info][gc,metaspace   ] GC(1762) Metaspace: 90730K(98736K)->90730K(98736K) NonClass: 79394K(83888K)->79394K(83888K) Class: 11335K(14848K)->11335K(14848K)
[2547.526s][info][gc             ] GC(1762) Pause Young (Allocation Failure) 769M->110M(2037M) 2.584ms
[2547.526s][info][gc,cpu         ] GC(1762) User=0.00s Sys=0.00s Real=0.00s
[2548.873s][info][gc,start       ] GC(1763) Pause Young (Allocation Failure)
[2548.877s][info][gc,heap        ] GC(1763) PSYoungGen: 681291K->3590K(689152K)
[2548.877s][info][gc,heap        ] GC(1763) PSOldGen: 110083K->112710K(1398272K)
[2548.877s][info][gc,metaspace   ] GC(1763) Metaspace: 90730K(98736K)->90730K(98736K) NonClass: 79394K(83888K)->79394K(83888K) Class: 11335K(14848K)->11335K(14848K)
[2548.877s][info][gc             ] GC(1763) Pause Young (Allocation Failure) 772M->113M(2038M) 3.903ms
[2548.877s][info][gc,cpu         ] GC(1763) User=0.08s Sys=0.00s Real=0.00s
[2551.045s][info][gc,start       ] GC(1764) Pause Young (Allocation Failure)
[2551.048s][info][gc,heap        ] GC(1764) PSYoungGen: 682502K->2974K(688640K)
[2551.048s][info][gc,heap        ] GC(1764) PSOldGen: 112710K->114859K(1398272K)
[2551.048s][info][gc,metaspace   ] GC(1764) Metaspace: 90730K(98736K)->90730K(98736K) NonClass: 79394K(83888K)->79394K(83888K) Class: 11335K(14848K)->11335K(14848K)
[2551.048s][info][gc             ] GC(1764) Pause Young (Allocation Failure) 776M->115M(2038M) 2.635ms
[2551.048s][info][gc,cpu         ] GC(1764) User=0.00s Sys=0.00s Real=0.00s
[2553.095s][info][gc,start       ] GC(1765) Pause Young (Allocation Failure)
[2553.099s][info][gc,heap        ] GC(1765) PSYoungGen: 681886K->3315K(689664K)
[2553.099s][info][gc,heap        ] GC(1765) PSOldGen: 114859K->116643K(1398272K)
[2553.099s][info][gc,metaspace   ] GC(1765) Metaspace: 90730K(98736K)->90730K(98736K) NonClass: 79394K(83888K)->79394K(83888K) Class: 11335K(14848K)->11335K(14848K)
[2553.099s][info][gc             ] GC(1765) Pause Young (Allocation Failure) 778M->117M(2039M) 3.788ms
[2553.099s][info][gc,cpu         ] GC(1765) User=0.00s Sys=0.00s Real=0.00s
[2553.918s][info][gc,start       ] GC(1766) Pause Young (GCLocker Initiated GC)
[2553.921s][info][gc,heap        ] GC(1766) PSYoungGen: 683763K->3197K(689664K)
[2553.921s][info][gc,heap        ] GC(1766) PSOldGen: 116643K->118917K(1398272K)
[2553.921s][info][gc,metaspace   ] GC(1766) Metaspace: 90730K(98736K)->90730K(98736K) NonClass: 79394K(83888K)->79394K(83888K) Class: 11335K(14848K)->11335K(14848K)
[2553.921s][info][gc             ] GC(1766) Pause Young (GCLocker Initiated GC) 781M->119M(2039M) 2.474ms
[2553.921s][info][gc,cpu         ] GC(1766) User=0.00s Sys=0.00s Real=0.00s
[2556.069s][info][gc,start       ] GC(1767) Pause Young (Allocation Failure)
[2556.072s][info][gc,heap        ] GC(1767) PSYoungGen: 683645K->2427K(690176K)
[2556.072s][info][gc,heap        ] GC(1767) PSOldGen: 118919K->121602K(1398272K)
[2556.072s][info][gc,metaspace   ] GC(1767) Metaspace: 90730K(98736K)->90730K(98736K) NonClass: 79394K(83888K)->79394K(83888K) Class: 11335K(14848K)->11335K(14848K)
[2556.072s][info][gc             ] GC(1767) Pause Young (Allocation Failure) 783M->121M(2039M) 2.618ms
[2556.072s][info][gc,cpu         ] GC(1767) User=0.00s Sys=0.00s Real=0.00s
[2556.791s][info][gc,start       ] GC(1768) Pause Young (Allocation Failure)
[2556.796s][info][gc,heap        ] GC(1768) PSYoungGen: 682650K->8675K(690176K)
[2556.796s][info][gc,heap        ] GC(1768) PSOldGen: 121602K->139478K(1398272K)
[2556.796s][info][gc,metaspace   ] GC(1768) Metaspace: 90730K(98736K)->90730K(98736K) NonClass: 79394K(83888K)->79394K(83888K) Class: 11335K(14848K)->11335K(14848K)
[2556.796s][info][gc             ] GC(1768) Pause Young (Allocation Failure) 785M->144M(2039M) 4.706ms
[2556.796s][info][gc,cpu         ] GC(1768) User=0.00s Sys=0.00s Real=0.02s
[2558.324s][info][gc,start       ] GC(1769) Pause Young (Allocation Failure)
[2558.327s][info][gc,heap        ] GC(1769) PSYoungGen: 690147K->4183K(689152K)
[2558.327s][info][gc,heap        ] GC(1769) PSOldGen: 139478K->142498K(1398272K)
[2558.327s][info][gc,metaspace   ] GC(1769) Metaspace: 90730K(98736K)->90730K(98736K) NonClass: 79394K(83888K)->79394K(83888K) Class: 11335K(14848K)->11335K(14848K)
[2558.327s][info][gc             ] GC(1769) Pause Young (Allocation Failure) 810M->143M(2038M) 2.943ms
[2558.327s][info][gc,cpu         ] GC(1769) User=0.00s Sys=0.00s Real=0.00s
[2559.931s][info][gc,start       ] GC(1770) Pause Young (Allocation Failure)
[2559.936s][info][gc,heap        ] GC(1770) PSYoungGen: 684631K->6119K(686592K)
[2559.937s][info][gc,heap        ] GC(1770) PSOldGen: 142498K->144615K(1398272K)
[2559.937s][info][gc,metaspace   ] GC(1770) Metaspace: 90730K(98736K)->90730K(98736K) NonClass: 79394K(83888K)->79394K(83888K) Class: 11335K(14848K)->11335K(14848K)
[2559.937s][info][gc             ] GC(1770) Pause Young (Allocation Failure) 807M->147M(2036M) 5.226ms
[2559.937s][info][gc,cpu         ] GC(1770) User=0.00s Sys=0.00s Real=0.00s
[2560.687s][info][gc,start       ] GC(1771) Pause Young (Allocation Failure)
[2560.689s][info][gc,heap        ] GC(1771) PSYoungGen: 686567K->3325K(689664K)
[2560.689s][info][gc,heap        ] GC(1771) PSOldGen: 144615K->146685K(1398272K)
[2560.689s][info][gc,metaspace   ] GC(1771) Metaspace: 90730K(98736K)->90730K(98736K) NonClass: 79394K(83888K)->79394K(83888K) Class: 11335K(14848K)->11335K(14848K)
[2560.689s][info][gc             ] GC(1771) Pause Young (Allocation Failure) 811M->146M(2039M) 2.793ms
[2560.689s][info][gc,cpu         ] GC(1771) User=0.05s Sys=0.00s Real=0.00s
[2562.802s][info][gc,start       ] GC(1772) Pause Young (Allocation Failure)
[2562.805s][info][gc,heap        ] GC(1772) PSYoungGen: 679235K->3548K(689152K)
[2562.805s][info][gc,heap        ] GC(1772) PSOldGen: 146685K->149686K(1398272K)
[2562.805s][info][gc,metaspace   ] GC(1772) Metaspace: 90730K(98736K)->90730K(98736K) NonClass: 79394K(83888K)->79394K(83888K) Class: 11335K(14848K)->11335K(14848K)
[2562.805s][info][gc             ] GC(1772) Pause Young (Allocation Failure) 806M->149M(2038M) 3.035ms
[2562.806s][info][gc,cpu         ] GC(1772) User=0.00s Sys=0.00s Real=0.00s
[2563.407s][info][gc,start       ] GC(1773) Pause Young (Allocation Failure)
[2563.410s][info][gc,heap        ] GC(1773) PSYoungGen: 682604K->2902K(690176K)
[2563.410s][info][gc,heap        ] GC(1773) PSOldGen: 149686K->152332K(1398272K)
[2563.410s][info][gc,metaspace   ] GC(1773) Metaspace: 90730K(98736K)->90730K(98736K) NonClass: 79394K(83888K)->79394K(83888K) Class: 11335K(14848K)->11335K(14848K)
[2563.410s][info][gc             ] GC(1773) Pause Young (Allocation Failure) 812M->151M(2039M) 3.129ms
[2563.410s][info][gc,cpu         ] GC(1773) User=0.02s Sys=0.00s Real=0.00s
[2565.377s][info][gc,start       ] GC(1774) Pause Young (Allocation Failure)
[2565.379s][info][gc,heap        ] GC(1774) PSYoungGen: 684374K->3468K(690176K)
[2565.379s][info][gc,heap        ] GC(1774) PSOldGen: 152332K->153904K(1398272K)
[2565.379s][info][gc,metaspace   ] GC(1774) Metaspace: 90730K(98736K)->90730K(98736K) NonClass: 79394K(83888K)->79394K(83888K) Class: 11335K(14848K)->11335K(14848K)
[2565.379s][info][gc             ] GC(1774) Pause Young (Allocation Failure) 817M->153M(2039M) 2.545ms
[2565.379s][info][gc,cpu         ] GC(1774) User=0.00s Sys=0.00s Real=0.00s
[2566.834s][info][gc,start       ] GC(1775) Pause Young (Allocation Failure)
[2566.838s][info][gc,heap        ] GC(1775) PSYoungGen: 684940K->3267K(690688K)
[2566.838s][info][gc,heap        ] GC(1775) PSOldGen: 153904K->156251K(1398272K)
[2566.838s][info][gc,metaspace   ] GC(1775) Metaspace: 90730K(98736K)->90730K(98736K) NonClass: 79394K(83888K)->79394K(83888K) Class: 11335K(14848K)->11335K(14848K)
[2566.838s][info][gc             ] GC(1775) Pause Young (Allocation Failure) 819M->155M(2040M) 3.441ms
[2566.838s][info][gc,cpu         ] GC(1775) User=0.00s Sys=0.00s Real=0.01s
[2566.983s][info][gc,start       ] GC(1776) Pause Young (System.gc())
[2566.986s][info][gc,heap        ] GC(1776) PSYoungGen: 227712K->480K(690688K)
[2566.986s][info][gc,heap        ] GC(1776) PSOldGen: 156251K->158288K(1398272K)
[2566.986s][info][gc,metaspace   ] GC(1776) Metaspace: 90730K(98736K)->90730K(98736K) NonClass: 79394K(83888K)->79394K(83888K) Class: 11335K(14848K)->11335K(14848K)
[2566.986s][info][gc             ] GC(1776) Pause Young (System.gc()) 374M->155M(2040M) 2.524ms
[2566.986s][info][gc,cpu         ] GC(1776) User=0.00s Sys=0.00s Real=0.00s
[2566.986s][info][gc,start       ] GC(1777) Pause Full (System.gc())
[2566.988s][info][gc,phases,start] GC(1777) Phase 1: Mark live objects
[2567.042s][info][gc,phases      ] GC(1777) Phase 1: Mark live objects 54.306ms
[2567.042s][info][gc,phases,start] GC(1777) Phase 2: Compute new object addresses
[2567.056s][info][gc,phases      ] GC(1777) Phase 2: Compute new object addresses 14.514ms
[2567.056s][info][gc,phases,start] GC(1777) Phase 3: Adjust pointers
[2567.092s][info][gc,phases      ] GC(1777) Phase 3: Adjust pointers 35.117ms
[2567.092s][info][gc,phases,start] GC(1777) Phase 4: Move objects
[2567.094s][info][gc,phases      ] GC(1777) Phase 4: Move objects 2.760ms
[2567.097s][info][gc,heap        ] GC(1777) PSYoungGen: 480K->0K(690688K)
[2567.097s][info][gc,heap        ] GC(1777) PSOldGen: 158288K->136160K(1398272K)
[2567.097s][info][gc,metaspace   ] GC(1777) Metaspace: 90730K(98736K)->90730K(98736K) NonClass: 79394K(83888K)->79394K(83888K) Class: 11335K(14848K)->11335K(14848K)
[2567.097s][info][gc             ] GC(1777) Pause Full (System.gc()) 155M->132M(2040M) 111.011ms
[2567.097s][info][gc,cpu         ] GC(1777) User=0.12s Sys=0.00s Real=0.11s
[2567.986s][info][gc,start       ] GC(1778) Pause Young (Allocation Failure)
[2567.989s][info][gc,heap        ] GC(1778) PSYoungGen: 682496K->3678K(691200K)
[2567.989s][info][gc,heap        ] GC(1778) PSOldGen: 136160K->136160K(1398272K)
[2567.989s][info][gc,metaspace   ] GC(1778) Metaspace: 90730K(98736K)->90730K(98736K) NonClass: 79394K(83888K)->79394K(83888K) Class: 11335K(14848K)->11335K(14848K)
[2567.989s][info][gc             ] GC(1778) Pause Young (Allocation Failure) 799M->136M(2040M) 2.822ms
[2567.989s][info][gc,cpu         ] GC(1778) User=0.00s Sys=0.00s Real=0.00s
[2570.380s][info][gc,start       ] GC(1779) Pause Young (Allocation Failure)
[2570.382s][info][gc,heap        ] GC(1779) PSYoungGen: 686686K->2519K(690688K)
[2570.382s][info][gc,heap        ] GC(1779) PSOldGen: 136160K->138906K(1398272K)
[2570.382s][info][gc,metaspace   ] GC(1779) Metaspace: 90733K(98736K)->90733K(98736K) NonClass: 79397K(83888K)->79397K(83888K) Class: 11335K(14848K)->11335K(14848K)
[2570.382s][info][gc             ] GC(1779) Pause Young (Allocation Failure) 803M->138M(2040M) 2.479ms
[2570.382s][info][gc,cpu         ] GC(1779) User=0.00s Sys=0.00s Real=0.00s
[2572.514s][info][gc,start       ] GC(1780) Pause Young (Allocation Failure)
[2572.516s][info][gc,heap        ] GC(1780) PSYoungGen: 684906K->2502K(691200K)
[2572.516s][info][gc,heap        ] GC(1780) PSOldGen: 138906K->140592K(1398272K)
[2572.516s][info][gc,metaspace   ] GC(1780) Metaspace: 90733K(98736K)->90733K(98736K) NonClass: 79397K(83888K)->79397K(83888K) Class: 11335K(14848K)->11335K(14848K)
[2572.516s][info][gc             ] GC(1780) Pause Young (Allocation Failure) 804M->139M(2040M) 2.317ms
[2572.517s][info][gc,cpu         ] GC(1780) User=0.00s Sys=0.00s Real=0.00s
[2573.138s][info][gc,start       ] GC(1781) Pause Young (Allocation Failure)
[2573.142s][info][gc,heap        ] GC(1781) PSYoungGen: 684369K->7651K(691200K)
[2573.142s][info][gc,heap        ] GC(1781) PSOldGen: 140592K->155747K(1398272K)
[2573.142s][info][gc,metaspace   ] GC(1781) Metaspace: 90733K(98736K)->90733K(98736K) NonClass: 79397K(83888K)->79397K(83888K) Class: 11335K(14848K)->11335K(14848K)
[2573.142s][info][gc             ] GC(1781) Pause Young (Allocation Failure) 805M->159M(2040M) 4.098ms
[2573.142s][info][gc,cpu         ] GC(1781) User=0.00s Sys=0.00s Real=0.00s
[2574.719s][info][gc,start       ] GC(1782) Pause Young (Allocation Failure)
[2574.721s][info][gc,heap        ] GC(1782) PSYoungGen: 691171K->3528K(678912K)
[2574.722s][info][gc,heap        ] GC(1782) PSOldGen: 155747K->158474K(1398272K)
[2574.722s][info][gc,metaspace   ] GC(1782) Metaspace: 90734K(98736K)->90734K(98736K) NonClass: 79398K(83888K)->79398K(83888K) Class: 11335K(14848K)->11335K(14848K)
[2574.722s][info][gc             ] GC(1782) Pause Young (Allocation Failure) 827M->158M(2028M) 2.788ms
[2574.722s][info][gc,cpu         ] GC(1782) User=0.09s Sys=0.00s Real=0.00s
[2577.096s][info][gc,start       ] GC(1783) Pause Young (Allocation Failure)
[2577.098s][info][gc,heap        ] GC(1783) PSYoungGen: 674302K->2567K(685056K)
[2577.098s][info][gc,heap        ] GC(1783) PSOldGen: 158474K->160229K(1398272K)
[2577.098s][info][gc,metaspace   ] GC(1783) Metaspace: 90734K(98736K)->90734K(98736K) NonClass: 79398K(83888K)->79398K(83888K) Class: 11335K(14848K)->11335K(14848K)
[2577.098s][info][gc             ] GC(1783) Pause Young (Allocation Failure) 813M->158M(2034M) 2.690ms
[2577.098s][info][gc,cpu         ] GC(1783) User=0.00s Sys=0.00s Real=0.00s
[2578.794s][info][gc,start       ] GC(1784) Pause Young (Allocation Failure)
[2578.798s][info][gc,heap        ] GC(1784) PSYoungGen: 673799K->6135K(686080K)
[2578.798s][info][gc,heap        ] GC(1784) PSOldGen: 160229K->162071K(1398272K)
[2578.798s][info][gc,metaspace   ] GC(1784) Metaspace: 90744K(98736K)->90744K(98736K) NonClass: 79408K(83888K)->79408K(83888K) Class: 11335K(14848K)->11335K(14848K)
[2578.798s][info][gc             ] GC(1784) Pause Young (Allocation Failure) 814M->164M(2035M) 4.063ms
[2578.798s][info][gc,cpu         ] GC(1784) User=0.00s Sys=0.00s Real=0.01s
[2579.543s][info][gc,start       ] GC(1785) Pause Young (Allocation Failure)
[2579.545s][info][gc,heap        ] GC(1785) PSYoungGen: 678903K->3307K(685568K)
[2579.545s][info][gc,heap        ] GC(1785) PSOldGen: 162071K->164271K(1398272K)
[2579.545s][info][gc,metaspace   ] GC(1785) Metaspace: 90744K(98736K)->90744K(98736K) NonClass: 79408K(83888K)->79408K(83888K) Class: 11335K(14848K)->11335K(14848K)
[2579.545s][info][gc             ] GC(1785) Pause Young (Allocation Failure) 821M->163M(2035M) 2.766ms
[2579.545s][info][gc,cpu         ] GC(1785) User=0.00s Sys=0.00s Real=0.00s
[2581.745s][info][gc,start       ] GC(1786) Pause Young (Allocation Failure)
[2581.748s][info][gc,heap        ] GC(1786) PSYoungGen: 676075K->3039K(686592K)
[2581.748s][info][gc,heap        ] GC(1786) PSOldGen: 164271K->167153K(1398272K)
[2581.748s][info][gc,metaspace   ] GC(1786) Metaspace: 90744K(98736K)->90744K(98736K) NonClass: 79408K(83888K)->79408K(83888K) Class: 11335K(14848K)->11335K(14848K)
[2581.748s][info][gc             ] GC(1786) Pause Young (Allocation Failure) 820M->166M(2036M) 3.191ms
[2581.748s][info][gc,cpu         ] GC(1786) User=0.00s Sys=0.00s Real=0.00s
[2583.968s][info][gc,start       ] GC(1787) Pause Young (Allocation Failure)
[2583.970s][info][gc,heap        ] GC(1787) PSYoungGen: 677343K->2833K(686592K)
[2583.970s][info][gc,heap        ] GC(1787) PSOldGen: 167153K->168525K(1398272K)
[2583.970s][info][gc,metaspace   ] GC(1787) Metaspace: 90764K(98736K)->90764K(98736K) NonClass: 79428K(83888K)->79428K(83888K) Class: 11335K(14848K)->11335K(14848K)
[2583.971s][info][gc             ] GC(1787) Pause Young (Allocation Failure) 824M->167M(2036M) 2.453ms
[2583.971s][info][gc,cpu         ] GC(1787) User=0.09s Sys=0.00s Real=0.00s
[2584.807s][info][gc,start       ] GC(1788) Pause Young (Allocation Failure)
[2584.809s][info][gc,heap        ] GC(1788) PSYoungGen: 676275K->3371K(687616K)
[2584.809s][info][gc,heap        ] GC(1788) PSOldGen: 168525K->170500K(1398272K)
[2584.809s][info][gc,metaspace   ] GC(1788) Metaspace: 90764K(98736K)->90764K(98736K) NonClass: 79428K(83888K)->79428K(83888K) Class: 11335K(14848K)->11335K(14848K)
[2584.809s][info][gc             ] GC(1788) Pause Young (Allocation Failure) 825M->169M(2037M) 2.841ms
[2584.809s][info][gc,cpu         ] GC(1788) User=0.00s Sys=0.00s Real=0.00s
[2586.171s][info][gc,start       ] GC(1789) Pause Young (Allocation Failure)
[2586.174s][info][gc,heap        ] GC(1789) PSYoungGen: 676208K->3123K(687104K)
[2586.174s][info][gc,heap        ] GC(1789) PSOldGen: 170500K->173168K(1398272K)
[2586.174s][info][gc,metaspace   ] GC(1789) Metaspace: 90764K(98736K)->90764K(98736K) NonClass: 79428K(83888K)->79428K(83888K) Class: 11335K(14848K)->11335K(14848K)
[2586.174s][info][gc             ] GC(1789) Pause Young (Allocation Failure) 826M->172M(2036M) 2.915ms
[2586.174s][info][gc,cpu         ] GC(1789) User=0.08s Sys=0.00s Real=0.00s
[2588.356s][info][gc,start       ] GC(1790) Pause Young (Allocation Failure)
[2588.358s][info][gc,heap        ] GC(1790) PSYoungGen: 678873K->2535K(688640K)
[2588.358s][info][gc,heap        ] GC(1790) PSOldGen: 173168K->175284K(1398272K)
[2588.358s][info][gc,metaspace   ] GC(1790) Metaspace: 90764K(98736K)->90764K(98736K) NonClass: 79428K(83888K)->79428K(83888K) Class: 11335K(14848K)->11335K(14848K)
[2588.358s][info][gc             ] GC(1790) Pause Young (Allocation Failure) 832M->173M(2038M) 2.754ms
[2588.358s][info][gc,cpu         ] GC(1790) User=0.00s Sys=0.00s Real=0.00s
[2590.297s][info][gc,start       ] GC(1791) Pause Young (Allocation Failure)
[2590.301s][info][gc,heap        ] GC(1791) PSYoungGen: 680423K->9075K(687104K)
[2590.301s][info][gc,heap        ] GC(1791) PSOldGen: 175284K->177054K(1398272K)
[2590.301s][info][gc,metaspace   ] GC(1791) Metaspace: 90764K(98736K)->90764K(98736K) NonClass: 79428K(83888K)->79428K(83888K) Class: 11335K(14848K)->11335K(14848K)
[2590.301s][info][gc             ] GC(1791) Pause Young (Allocation Failure) 835M->181M(2036M) 4.688ms
[2590.301s][info][gc,cpu         ] GC(1791) User=0.09s Sys=0.00s Real=0.00s
[2591.105s][info][gc,start       ] GC(1792) Pause Young (Allocation Failure)
[2591.108s][info][gc,heap        ] GC(1792) PSYoungGen: 686340K->4480K(688128K)
[2591.108s][info][gc,heap        ] GC(1792) PSOldGen: 177054K->179177K(1398272K)
[2591.108s][info][gc,metaspace   ] GC(1792) Metaspace: 90764K(98736K)->90764K(98736K) NonClass: 79428K(83888K)->79428K(83888K) Class: 11335K(14848K)->11335K(14848K)
[2591.108s][info][gc             ] GC(1792) Pause Young (Allocation Failure) 843M->179M(2037M) 3.034ms
[2591.108s][info][gc,cpu         ] GC(1792) User=0.00s Sys=0.00s Real=0.01s
[2593.505s][info][gc,start       ] GC(1793) Pause Young (GCLocker Initiated GC)
[2593.508s][info][gc,heap        ] GC(1793) PSYoungGen: 680832K->4386K(687104K)
[2593.508s][info][gc,heap        ] GC(1793) PSOldGen: 179193K->181957K(1398272K)
[2593.508s][info][gc,metaspace   ] GC(1793) Metaspace: 90764K(98736K)->90764K(98736K) NonClass: 79428K(83888K)->79428K(83888K) Class: 11335K(14848K)->11335K(14848K)
[2593.508s][info][gc             ] GC(1793) Pause Young (GCLocker Initiated GC) 839M->181M(2036M) 2.868ms
[2593.508s][info][gc,cpu         ] GC(1793) User=0.00s Sys=0.00s Real=0.00s
[2594.284s][info][gc,start       ] GC(1794) Pause Young (Allocation Failure)
[2594.287s][info][gc,heap        ] GC(1794) PSYoungGen: 680738K->4980K(688640K)
[2594.287s][info][gc,heap        ] GC(1794) PSOldGen: 223078K->224562K(1398272K)
[2594.287s][info][gc,metaspace   ] GC(1794) Metaspace: 90764K(98736K)->90764K(98736K) NonClass: 79428K(83888K)->79428K(83888K) Class: 11335K(14848K)->11335K(14848K)
[2594.287s][info][gc             ] GC(1794) Pause Young (Allocation Failure) 882M->224M(2038M) 3.302ms
[2594.287s][info][gc,cpu         ] GC(1794) User=0.00s Sys=0.00s Real=0.00s
[2595.855s][info][gc,start       ] GC(1795) Pause Young (Allocation Failure)
[2595.858s][info][gc,heap        ] GC(1795) PSYoungGen: 683380K->3172K(688640K)
[2595.858s][info][gc,heap        ] GC(1795) PSOldGen: 224562K->227642K(1398272K)
[2595.858s][info][gc,metaspace   ] GC(1795) Metaspace: 90764K(98736K)->90764K(98736K) NonClass: 79428K(83888K)->79428K(83888K) Class: 11335K(14848K)->11335K(14848K)
[2595.858s][info][gc             ] GC(1795) Pause Young (Allocation Failure) 886M->225M(2038M) 3.892ms
[2595.859s][info][gc,cpu         ] GC(1795) User=0.00s Sys=0.00s Real=0.00s
[2597.439s][info][gc,start       ] GC(1796) Pause Young (Allocation Failure)
[2597.442s][info][gc,heap        ] GC(1796) PSYoungGen: 681572K->3510K(689664K)
[2597.442s][info][gc,heap        ] GC(1796) PSOldGen: 227642K->229802K(1398272K)
[2597.442s][info][gc,metaspace   ] GC(1796) Metaspace: 90764K(98736K)->90764K(98736K) NonClass: 79428K(83888K)->79428K(83888K) Class: 11335K(14848K)->11335K(14848K)
[2597.442s][info][gc             ] GC(1796) Pause Young (Allocation Failure) 887M->227M(2039M) 3.182ms
[2597.442s][info][gc,cpu         ] GC(1796) User=0.00s Sys=0.00s Real=0.02s
[2598.156s][info][gc,start       ] GC(1797) Pause Young (Allocation Failure)
[2598.158s][info][gc,heap        ] GC(1797) PSYoungGen: 681289K->3746K(689152K)
[2598.158s][info][gc,heap        ] GC(1797) PSOldGen: 229802K->231932K(1398272K)
[2598.158s][info][gc,metaspace   ] GC(1797) Metaspace: 90764K(98736K)->90764K(98736K) NonClass: 79428K(83888K)->79428K(83888K) Class: 11335K(14848K)->11335K(14848K)
[2598.158s][info][gc             ] GC(1797) Pause Young (Allocation Failure) 889M->230M(2038M) 2.699ms
[2598.158s][info][gc,cpu         ] GC(1797) User=0.08s Sys=0.02s Real=0.00s
[2600.292s][info][gc,start       ] GC(1798) Pause Young (Allocation Failure)
[2600.295s][info][gc,heap        ] GC(1798) PSYoungGen: 680497K->3236K(690176K)
[2600.295s][info][gc,heap        ] GC(1798) PSOldGen: 231932K->235116K(1398272K)
[2600.295s][info][gc,metaspace   ] GC(1798) Metaspace: 90764K(98736K)->90764K(98736K) NonClass: 79428K(83888K)->79428K(83888K) Class: 11335K(14848K)->11335K(14848K)
[2600.295s][info][gc             ] GC(1798) Pause Young (Allocation Failure) 891M->232M(2039M) 2.970ms
[2600.295s][info][gc,cpu         ] GC(1798) User=0.00s Sys=0.00s Real=0.00s
[2600.881s][info][gc,start       ] GC(1799) Pause Young (Allocation Failure)
[2600.883s][info][gc,heap        ] GC(1799) PSYoungGen: 680364K->1989K(689664K)
[2600.883s][info][gc,heap        ] GC(1799) PSOldGen: 235116K->237555K(1398272K)
[2600.883s][info][gc,metaspace   ] GC(1799) Metaspace: 90764K(98736K)->90764K(98736K) NonClass: 79428K(83888K)->79428K(83888K) Class: 11335K(14848K)->11335K(14848K)
[2600.883s][info][gc             ] GC(1799) Pause Young (Allocation Failure) 894M->233M(2039M) 2.222ms
[2600.883s][info][gc,cpu         ] GC(1799) User=0.00s Sys=0.00s Real=0.00s
[2602.927s][info][gc,start       ] GC(1800) Pause Young (Allocation Failure)
[2602.930s][info][gc,heap        ] GC(1800) PSYoungGen: 682949K->3541K(690688K)
[2602.930s][info][gc,heap        ] GC(1800) PSOldGen: 237555K->239158K(1398272K)
[2602.930s][info][gc,metaspace   ] GC(1800) Metaspace: 90764K(98736K)->90764K(98736K) NonClass: 79428K(83888K)->79428K(83888K) Class: 11335K(14848K)->11335K(14848K)
[2602.930s][info][gc             ] GC(1800) Pause Young (Allocation Failure) 898M->237M(2040M) 2.598ms
[2602.930s][info][gc,cpu         ] GC(1800) User=0.00s Sys=0.00s Real=0.00s
[2604.307s][info][gc,start       ] GC(1801) Pause Young (Allocation Failure)
[2604.310s][info][gc,heap        ] GC(1801) PSYoungGen: 685525K->4336K(690176K)
[2604.310s][info][gc,heap        ] GC(1801) PSOldGen: 239158K->241553K(1398272K)
[2604.310s][info][gc,metaspace   ] GC(1801) Metaspace: 90764K(98736K)->90764K(98736K) NonClass: 79428K(83888K)->79428K(83888K) Class: 11335K(14848K)->11335K(14848K)
[2604.310s][info][gc             ] GC(1801) Pause Young (Allocation Failure) 903M->240M(2039M) 3.183ms
[2604.310s][info][gc,cpu         ] GC(1801) User=0.00s Sys=0.00s Real=0.00s
[2604.436s][info][gc,start       ] GC(1802) Pause Young (System.gc())
[2604.438s][info][gc,heap        ] GC(1802) PSYoungGen: 202187K->448K(690688K)
[2604.438s][info][gc,heap        ] GC(1802) PSOldGen: 241553K->243590K(1398272K)
[2604.438s][info][gc,metaspace   ] GC(1802) Metaspace: 90764K(98736K)->90764K(98736K) NonClass: 79428K(83888K)->79428K(83888K) Class: 11335K(14848K)->11335K(14848K)
[2604.438s][info][gc             ] GC(1802) Pause Young (System.gc()) 433M->238M(2040M) 2.261ms
[2604.438s][info][gc,cpu         ] GC(1802) User=0.00s Sys=0.00s Real=0.00s
[2604.438s][info][gc,start       ] GC(1803) Pause Full (System.gc())
[2604.440s][info][gc,phases,start] GC(1803) Phase 1: Mark live objects
[2604.494s][info][gc,phases      ] GC(1803) Phase 1: Mark live objects 54.882ms
[2604.494s][info][gc,phases,start] GC(1803) Phase 2: Compute new object addresses
[2604.509s][info][gc,phases      ] GC(1803) Phase 2: Compute new object addresses 14.701ms
[2604.509s][info][gc,phases,start] GC(1803) Phase 3: Adjust pointers
[2604.545s][info][gc,phases      ] GC(1803) Phase 3: Adjust pointers 36.166ms
[2604.545s][info][gc,phases,start] GC(1803) Phase 4: Move objects
[2604.553s][info][gc,phases      ] GC(1803) Phase 4: Move objects 7.202ms
[2604.555s][info][gc,heap        ] GC(1803) PSYoungGen: 448K->0K(690688K)
[2604.555s][info][gc,heap        ] GC(1803) PSOldGen: 243590K->150326K(1398272K)
[2604.555s][info][gc,metaspace   ] GC(1803) Metaspace: 90764K(98736K)->90764K(98736K) NonClass: 79428K(83888K)->79428K(83888K) Class: 11335K(14848K)->11335K(14848K)
[2604.555s][info][gc             ] GC(1803) Pause Full (System.gc()) 238M->146M(2040M) 117.270ms
[2604.555s][info][gc,cpu         ] GC(1803) User=0.12s Sys=0.00s Real=0.11s
[2605.463s][info][gc,start       ] GC(1804) Pause Young (Allocation Failure)
[2605.466s][info][gc,heap        ] GC(1804) PSYoungGen: 682496K->3592K(690688K)
[2605.466s][info][gc,heap        ] GC(1804) PSOldGen: 150326K->150326K(1398272K)
[2605.466s][info][gc,metaspace   ] GC(1804) Metaspace: 90764K(98736K)->90764K(98736K) NonClass: 79428K(83888K)->79428K(83888K) Class: 11335K(14848K)->11335K(14848K)
[2605.466s][info][gc             ] GC(1804) Pause Young (Allocation Failure) 813M->150M(2040M) 2.498ms
[2605.466s][info][gc,cpu         ] GC(1804) User=0.00s Sys=0.00s Real=0.00s
[2607.877s][info][gc,start       ] GC(1805) Pause Young (Allocation Failure)
[2607.879s][info][gc,heap        ] GC(1805) PSYoungGen: 686088K->2464K(691200K)
[2607.879s][info][gc,heap        ] GC(1805) PSOldGen: 150326K->153106K(1398272K)
[2607.879s][info][gc,metaspace   ] GC(1805) Metaspace: 90764K(98736K)->90764K(98736K) NonClass: 79428K(83888K)->79428K(83888K) Class: 11335K(14848K)->11335K(14848K)
[2607.879s][info][gc             ] GC(1805) Pause Young (Allocation Failure) 816M->151M(2040M) 2.489ms
[2607.879s][info][gc,cpu         ] GC(1805) User=0.00s Sys=0.00s Real=0.00s
[2609.991s][info][gc,start       ] GC(1806) Pause Young (Allocation Failure)
[2609.993s][info][gc,heap        ] GC(1806) PSYoungGen: 685550K->3704K(691200K)
[2609.993s][info][gc,heap        ] GC(1806) PSOldGen: 153106K->154770K(1398272K)
[2609.993s][info][gc,metaspace   ] GC(1806) Metaspace: 90764K(98736K)->90764K(98736K) NonClass: 79428K(83888K)->79428K(83888K) Class: 11335K(14848K)->11335K(14848K)
[2609.993s][info][gc             ] GC(1806) Pause Young (Allocation Failure) 819M->154M(2040M) 2.644ms
[2609.993s][info][gc,cpu         ] GC(1806) User=0.00s Sys=0.00s Real=0.00s
[2610.610s][info][gc,start       ] GC(1807) Pause Young (Allocation Failure)
[2610.615s][info][gc,heap        ] GC(1807) PSYoungGen: 686722K->7167K(677376K)
[2610.615s][info][gc,heap        ] GC(1807) PSOldGen: 154770K->170463K(1398272K)
[2610.615s][info][gc,metaspace   ] GC(1807) Metaspace: 90764K(98736K)->90764K(98736K) NonClass: 79428K(83888K)->79428K(83888K) Class: 11335K(14848K)->11335K(14848K)
[2610.615s][info][gc             ] GC(1807) Pause Young (Allocation Failure) 821M->173M(2027M) 4.329ms
[2610.615s][info][gc,cpu         ] GC(1807) User=0.02s Sys=0.00s Real=0.01s
[2612.168s][info][gc,start       ] GC(1808) Pause Young (Allocation Failure)
[2612.171s][info][gc,heap        ] GC(1808) PSYoungGen: 677052K->3064K(684544K)
[2612.171s][info][gc,heap        ] GC(1808) PSOldGen: 170463K->172421K(1398272K)
[2612.171s][info][gc,metaspace   ] GC(1808) Metaspace: 90764K(98736K)->90764K(98736K) NonClass: 79428K(83888K)->79428K(83888K) Class: 11335K(14848K)->11335K(14848K)
[2612.171s][info][gc             ] GC(1808) Pause Young (Allocation Failure) 827M->171M(2034M) 2.996ms
[2612.171s][info][gc,cpu         ] GC(1808) User=0.00s Sys=0.00s Real=0.00s
[2614.483s][info][gc,start       ] GC(1809) Pause Young (GCLocker Initiated GC)
[2614.485s][info][gc,heap        ] GC(1809) PSYoungGen: 673272K->4405K(686080K)
[2614.485s][info][gc,heap        ] GC(1809) PSOldGen: 172488K->174195K(1398272K)
[2614.485s][info][gc,metaspace   ] GC(1809) Metaspace: 90764K(98736K)->90764K(98736K) NonClass: 79428K(83888K)->79428K(83888K) Class: 11335K(14848K)->11335K(14848K)
[2614.485s][info][gc             ] GC(1809) Pause Young (GCLocker Initiated GC) 825M->174M(2035M) 2.730ms
[2614.486s][info][gc,cpu         ] GC(1809) User=0.00s Sys=0.00s Real=0.00s
[2616.344s][info][gc,start       ] GC(1810) Pause Young (Allocation Failure)
[2616.348s][info][gc,heap        ] GC(1810) PSYoungGen: 676661K->4853K(685056K)
[2616.349s][info][gc,heap        ] GC(1810) PSOldGen: 174199K->176076K(1398272K)
[2616.349s][info][gc,metaspace   ] GC(1810) Metaspace: 90764K(98736K)->90764K(98736K) NonClass: 79428K(83888K)->79428K(83888K) Class: 11335K(14848K)->11335K(14848K)
[2616.349s][info][gc             ] GC(1810) Pause Young (Allocation Failure) 830M->176M(2034M) 4.982ms
[2616.349s][info][gc,cpu         ] GC(1810) User=0.06s Sys=0.00s Real=0.01s
[2617.095s][info][gc,start       ] GC(1811) Pause Young (Allocation Failure)
[2617.098s][info][gc,heap        ] GC(1811) PSYoungGen: 677109K->3848K(687104K)
[2617.098s][info][gc,heap        ] GC(1811) PSOldGen: 176076K->178738K(1398272K)
[2617.098s][info][gc,metaspace   ] GC(1811) Metaspace: 90764K(98736K)->90764K(98736K) NonClass: 79428K(83888K)->79428K(83888K) Class: 11335K(14848K)->11335K(14848K)
[2617.098s][info][gc             ] GC(1811) Pause Young (Allocation Failure) 833M->178M(2036M) 3.073ms
[2617.098s][info][gc,cpu         ] GC(1811) User=0.02s Sys=0.00s Real=0.00s
[2619.321s][info][gc,start       ] GC(1812) Pause Young (Allocation Failure)
[2619.324s][info][gc,heap        ] GC(1812) PSYoungGen: 678172K->2059K(686592K)
[2619.324s][info][gc,heap        ] GC(1812) PSOldGen: 178738K->181959K(1398272K)
[2619.324s][info][gc,metaspace   ] GC(1812) Metaspace: 90764K(98736K)->90764K(98736K) NonClass: 79428K(83888K)->79428K(83888K) Class: 11335K(14848K)->11335K(14848K)
[2619.324s][info][gc             ] GC(1812) Pause Young (Allocation Failure) 836M->179M(2036M) 2.561ms
[2619.324s][info][gc,cpu         ] GC(1812) User=0.00s Sys=0.00s Real=0.01s
[2621.473s][info][gc,start       ] GC(1813) Pause Young (Allocation Failure)
[2621.476s][info][gc,heap        ] GC(1813) PSYoungGen: 675973K->2702K(687616K)
[2621.476s][info][gc,heap        ] GC(1813) PSOldGen: 181959K->183382K(1398272K)
[2621.476s][info][gc,metaspace   ] GC(1813) Metaspace: 90764K(98736K)->90764K(98736K) NonClass: 79428K(83888K)->79428K(83888K) Class: 11335K(14848K)->11335K(14848K)
[2621.476s][info][gc             ] GC(1813) Pause Young (Allocation Failure) 837M->181M(2037M) 2.683ms
[2621.476s][info][gc,cpu         ] GC(1813) User=0.00s Sys=0.00s Real=0.00s
[2622.353s][info][gc,start       ] GC(1814) Pause Young (Allocation Failure)
[2622.357s][info][gc,heap        ] GC(1814) PSYoungGen: 678429K->4120K(687104K)
[2622.357s][info][gc,heap        ] GC(1814) PSOldGen: 183382K->185292K(1398272K)
[2622.357s][info][gc,metaspace   ] GC(1814) Metaspace: 90764K(98736K)->90764K(98736K) NonClass: 79428K(83888K)->79428K(83888K) Class: 11335K(14848K)->11335K(14848K)
[2622.357s][info][gc             ] GC(1814) Pause Young (Allocation Failure) 841M->184M(2036M) 3.365ms
[2622.357s][info][gc,cpu         ] GC(1814) User=0.00s Sys=0.00s Real=0.00s
[2623.743s][info][gc,start       ] GC(1815) Pause Young (Allocation Failure)
[2623.746s][info][gc,heap        ] GC(1815) PSYoungGen: 679768K->3370K(688640K)
[2623.746s][info][gc,heap        ] GC(1815) PSOldGen: 185292K->188070K(1398272K)
[2623.746s][info][gc,metaspace   ] GC(1815) Metaspace: 90764K(98736K)->90764K(98736K) NonClass: 79428K(83888K)->79428K(83888K) Class: 11335K(14848K)->11335K(14848K)
[2623.746s][info][gc             ] GC(1815) Pause Young (Allocation Failure) 844M->186M(2038M) 3.239ms
[2623.746s][info][gc,cpu         ] GC(1815) User=0.00s Sys=0.00s Real=0.00s
[2625.931s][info][gc,start       ] GC(1816) Pause Young (Allocation Failure)
[2625.934s][info][gc,heap        ] GC(1816) PSYoungGen: 681258K->5031K(688128K)
[2625.934s][info][gc,heap        ] GC(1816) PSOldGen: 188070K->190162K(1398272K)
[2625.934s][info][gc,metaspace   ] GC(1816) Metaspace: 90764K(98736K)->90764K(98736K) NonClass: 79428K(83888K)->79428K(83888K) Class: 11335K(14848K)->11335K(14848K)
[2625.934s][info][gc             ] GC(1816) Pause Young (Allocation Failure) 848M->190M(2037M) 3.145ms
[2625.934s][info][gc,cpu         ] GC(1816) User=0.00s Sys=0.00s Real=0.00s
[2628.022s][info][gc,start       ] GC(1817) Pause Young (Allocation Failure)
[2628.026s][info][gc,heap        ] GC(1817) PSYoungGen: 682919K->5045K(689152K)
[2628.026s][info][gc,heap        ] GC(1817) PSOldGen: 190162K->191942K(1398272K)
[2628.026s][info][gc,metaspace   ] GC(1817) Metaspace: 90764K(98736K)->90764K(98736K) NonClass: 79428K(83888K)->79428K(83888K) Class: 11335K(14848K)->11335K(14848K)
[2628.026s][info][gc             ] GC(1817) Pause Young (Allocation Failure) 852M->192M(2038M) 4.488ms
[2628.026s][info][gc,cpu         ] GC(1817) User=0.00s Sys=0.00s Real=0.00s
[2628.837s][info][gc,start       ] GC(1818) Pause Young (Allocation Failure)
[2628.839s][info][gc,heap        ] GC(1818) PSYoungGen: 683957K->3504K(688640K)
[2628.839s][info][gc,heap        ] GC(1818) PSOldGen: 191942K->194181K(1398272K)
[2628.839s][info][gc,metaspace   ] GC(1818) Metaspace: 90764K(98736K)->90764K(98736K) NonClass: 79428K(83888K)->79428K(83888K) Class: 11335K(14848K)->11335K(14848K)
[2628.839s][info][gc             ] GC(1818) Pause Young (Allocation Failure) 855M->193M(2038M) 2.489ms
[2628.839s][info][gc,cpu         ] GC(1818) User=0.00s Sys=0.00s Real=0.01s
[2631.447s][info][gc,start       ] GC(1819) Pause Young (Allocation Failure)
[2631.450s][info][gc,heap        ] GC(1819) PSYoungGen: 682416K->5706K(689664K)
[2631.450s][info][gc,heap        ] GC(1819) PSOldGen: 194181K->196926K(1398272K)
[2631.450s][info][gc,metaspace   ] GC(1819) Metaspace: 90764K(98736K)->90764K(98736K) NonClass: 79428K(83888K)->79428K(83888K) Class: 11335K(14848K)->11335K(14848K)
[2631.450s][info][gc             ] GC(1819) Pause Young (Allocation Failure) 856M->197M(2039M) 3.164ms
[2631.450s][info][gc,cpu         ] GC(1819) User=0.00s Sys=0.00s Real=0.00s
[2632.250s][info][gc,start       ] GC(1820) Pause Young (Allocation Failure)
[2632.253s][info][gc,heap        ] GC(1820) PSYoungGen: 682996K->8595K(689152K)
[2632.253s][info][gc,heap        ] GC(1820) PSOldGen: 196926K->198394K(1398272K)
[2632.253s][info][gc,metaspace   ] GC(1820) Metaspace: 90764K(98736K)->90764K(98736K) NonClass: 79428K(83888K)->79428K(83888K) Class: 11335K(14848K)->11335K(14848K)
[2632.253s][info][gc             ] GC(1820) Pause Young (Allocation Failure) 859M->202M(2038M) 3.169ms
[2632.253s][info][gc,cpu         ] GC(1820) User=0.09s Sys=0.00s Real=0.00s
[2633.795s][info][gc,start       ] GC(1821) Pause Young (Allocation Failure)
[2633.797s][info][gc,heap        ] GC(1821) PSYoungGen: 687917K->2557K(688128K)
[2633.797s][info][gc,heap        ] GC(1821) PSOldGen: 198394K->201360K(1398272K)
[2633.797s][info][gc,metaspace   ] GC(1821) Metaspace: 90764K(98736K)->90764K(98736K) NonClass: 79428K(83888K)->79428K(83888K) Class: 11335K(14848K)->11335K(14848K)
[2633.797s][info][gc             ] GC(1821) Pause Young (Allocation Failure) 865M->199M(2037M) 2.452ms
[2633.798s][info][gc,cpu         ] GC(1821) User=0.00s Sys=0.00s Real=0.00s
[2635.434s][info][gc,start       ] GC(1822) Pause Young (Allocation Failure)
[2635.437s][info][gc,heap        ] GC(1822) PSYoungGen: 679358K->2595K(688640K)
[2635.437s][info][gc,heap        ] GC(1822) PSOldGen: 201360K->203460K(1398272K)
[2635.437s][info][gc,metaspace   ] GC(1822) Metaspace: 90764K(98736K)->90764K(98736K) NonClass: 79428K(83888K)->79428K(83888K) Class: 11335K(14848K)->11335K(14848K)
[2635.437s][info][gc             ] GC(1822) Pause Young (Allocation Failure) 860M->201M(2038M) 2.702ms
[2635.437s][info][gc,cpu         ] GC(1822) User=0.00s Sys=0.00s Real=0.00s
[2636.178s][info][gc,start       ] GC(1823) Pause Young (Allocation Failure)
[2636.181s][info][gc,heap        ] GC(1823) PSYoungGen: 680995K->3344K(689152K)
[2636.181s][info][gc,heap        ] GC(1823) PSOldGen: 203460K->205485K(1398272K)
[2636.181s][info][gc,metaspace   ] GC(1823) Metaspace: 90764K(98736K)->90764K(98736K) NonClass: 79428K(83888K)->79428K(83888K) Class: 11335K(14848K)->11335K(14848K)
[2636.181s][info][gc             ] GC(1823) Pause Young (Allocation Failure) 863M->203M(2038M) 3.008ms
[2636.181s][info][gc,cpu         ] GC(1823) User=0.00s Sys=0.00s Real=0.00s
[2638.283s][info][gc,start       ] GC(1824) Pause Young (Allocation Failure)
[2638.287s][info][gc,heap        ] GC(1824) PSYoungGen: 682094K->3234K(688640K)
[2638.287s][info][gc,heap        ] GC(1824) PSOldGen: 205485K->208424K(1398272K)
[2638.287s][info][gc,metaspace   ] GC(1824) Metaspace: 90764K(98736K)->90764K(98736K) NonClass: 79428K(83888K)->79428K(83888K) Class: 11335K(14848K)->11335K(14848K)
[2638.287s][info][gc             ] GC(1824) Pause Young (Allocation Failure) 866M->206M(2038M) 3.265ms
[2638.287s][info][gc,cpu         ] GC(1824) User=0.00s Sys=0.00s Real=0.01s
[2638.889s][info][gc,start       ] GC(1825) Pause Young (Allocation Failure)
[2638.893s][info][gc,heap        ] GC(1825) PSYoungGen: 679546K->2742K(689664K)
[2638.893s][info][gc,heap        ] GC(1825) PSOldGen: 208424K->210971K(1398272K)
[2638.893s][info][gc,metaspace   ] GC(1825) Metaspace: 90764K(98736K)->90764K(98736K) NonClass: 79428K(83888K)->79428K(83888K) Class: 11335K(14848K)->11335K(14848K)
[2638.893s][info][gc             ] GC(1825) Pause Young (Allocation Failure) 867M->208M(2039M) 3.487ms
[2638.893s][info][gc,cpu         ] GC(1825) User=0.08s Sys=0.02s Real=0.00s
[2640.824s][info][gc,start       ] GC(1826) Pause Young (Allocation Failure)
[2640.827s][info][gc,heap        ] GC(1826) PSYoungGen: 683190K->4713K(689664K)
[2640.827s][info][gc,heap        ] GC(1826) PSOldGen: 210971K->212626K(1398272K)
[2640.827s][info][gc,metaspace   ] GC(1826) Metaspace: 90764K(98736K)->90764K(98736K) NonClass: 79428K(83888K)->79428K(83888K) Class: 11335K(14848K)->11335K(14848K)
[2640.827s][info][gc             ] GC(1826) Pause Young (Allocation Failure) 873M->212M(2039M) 3.444ms
[2640.827s][info][gc,cpu         ] GC(1826) User=0.00s Sys=0.00s Real=0.00s
[2642.274s][info][gc,start       ] GC(1827) Pause Young (Allocation Failure)
[2642.278s][info][gc,heap        ] GC(1827) PSYoungGen: 685161K->7401K(688128K)
[2642.278s][info][gc,heap        ] GC(1827) PSOldGen: 212626K->214928K(1398272K)
[2642.278s][info][gc,metaspace   ] GC(1827) Metaspace: 90764K(98736K)->90764K(98736K) NonClass: 79428K(83888K)->79428K(83888K) Class: 11335K(14848K)->11335K(14848K)
[2642.279s][info][gc             ] GC(1827) Pause Young (Allocation Failure) 876M->217M(2037M) 4.244ms
[2642.279s][info][gc,cpu         ] GC(1827) User=0.00s Sys=0.00s Real=0.00s
[2642.498s][info][gc,start       ] GC(1828) Pause Young (System.gc())
[2642.500s][info][gc,heap        ] GC(1828) PSYoungGen: 254336K->512K(689152K)
[2642.500s][info][gc,heap        ] GC(1828) PSOldGen: 214928K->216919K(1398272K)
[2642.500s][info][gc,metaspace   ] GC(1828) Metaspace: 90764K(98736K)->90764K(98736K) NonClass: 79428K(83888K)->79428K(83888K) Class: 11335K(14848K)->11335K(14848K)
[2642.500s][info][gc             ] GC(1828) Pause Young (System.gc()) 458M->212M(2038M) 2.107ms
[2642.500s][info][gc,cpu         ] GC(1828) User=0.00s Sys=0.00s Real=0.00s
[2642.500s][info][gc,start       ] GC(1829) Pause Full (System.gc())
[2642.502s][info][gc,phases,start] GC(1829) Phase 1: Mark live objects
[2642.557s][info][gc,phases      ] GC(1829) Phase 1: Mark live objects 55.521ms
[2642.558s][info][gc,phases,start] GC(1829) Phase 2: Compute new object addresses
[2642.572s][info][gc,phases      ] GC(1829) Phase 2: Compute new object addresses 14.304ms
[2642.572s][info][gc,phases,start] GC(1829) Phase 3: Adjust pointers
[2642.609s][info][gc,phases      ] GC(1829) Phase 3: Adjust pointers 37.329ms
[2642.609s][info][gc,phases,start] GC(1829) Phase 4: Move objects
[2642.617s][info][gc,phases      ] GC(1829) Phase 4: Move objects 7.815ms
[2642.620s][info][gc,heap        ] GC(1829) PSYoungGen: 512K->0K(689152K)
[2642.620s][info][gc,heap        ] GC(1829) PSOldGen: 216919K->149686K(1398272K)
[2642.620s][info][gc,metaspace   ] GC(1829) Metaspace: 90764K(98736K)->90764K(98736K) NonClass: 79428K(83888K)->79428K(83888K) Class: 11335K(14848K)->11335K(14848K)
[2642.620s][info][gc             ] GC(1829) Pause Full (System.gc()) 212M->146M(2038M) 119.448ms
[2642.620s][info][gc,cpu         ] GC(1829) User=0.12s Sys=0.00s Real=0.12s
[2643.499s][info][gc,start       ] GC(1830) Pause Young (Allocation Failure)
[2643.502s][info][gc,heap        ] GC(1830) PSYoungGen: 679424K->3646K(689664K)
[2643.502s][info][gc,heap        ] GC(1830) PSOldGen: 149686K->149686K(1398272K)
[2643.502s][info][gc,metaspace   ] GC(1830) Metaspace: 90764K(98736K)->90764K(98736K) NonClass: 79428K(83888K)->79428K(83888K) Class: 11335K(14848K)->11335K(14848K)
[2643.502s][info][gc             ] GC(1830) Pause Young (Allocation Failure) 809M->149M(2039M) 2.891ms
[2643.502s][info][gc,cpu         ] GC(1830) User=0.06s Sys=0.00s Real=0.02s
[2645.835s][info][gc,start       ] GC(1831) Pause Young (GCLocker Initiated GC)
[2645.837s][info][gc,heap        ] GC(1831) PSYoungGen: 683582K->2312K(689152K)
[2645.837s][info][gc,heap        ] GC(1831) PSOldGen: 149701K->152474K(1398272K)
[2645.837s][info][gc,metaspace   ] GC(1831) Metaspace: 90764K(98736K)->90764K(98736K) NonClass: 79428K(83888K)->79428K(83888K) Class: 11335K(14848K)->11335K(14848K)
[2645.837s][info][gc             ] GC(1831) Pause Young (GCLocker Initiated GC) 813M->151M(2038M) 2.469ms
[2645.837s][info][gc,cpu         ] GC(1831) User=0.00s Sys=0.00s Real=0.00s
[2647.956s][info][gc,start       ] GC(1832) Pause Young (Allocation Failure)
[2647.959s][info][gc,heap        ] GC(1832) PSYoungGen: 682248K->3901K(690176K)
[2647.959s][info][gc,heap        ] GC(1832) PSOldGen: 152477K->154064K(1398272K)
[2647.959s][info][gc,metaspace   ] GC(1832) Metaspace: 90764K(98736K)->90764K(98736K) NonClass: 79428K(83888K)->79428K(83888K) Class: 11335K(14848K)->11335K(14848K)
[2647.959s][info][gc             ] GC(1832) Pause Young (Allocation Failure) 815M->154M(2039M) 2.898ms
[2647.959s][info][gc,cpu         ] GC(1832) User=0.00s Sys=0.00s Real=0.01s
[2648.602s][info][gc,start       ] GC(1833) Pause Young (Allocation Failure)
[2648.605s][info][gc,heap        ] GC(1833) PSYoungGen: 683862K->8676K(689664K)
[2648.605s][info][gc,heap        ] GC(1833) PSOldGen: 154064K->163748K(1398272K)
[2648.605s][info][gc,metaspace   ] GC(1833) Metaspace: 90764K(98736K)->90764K(98736K) NonClass: 79428K(83888K)->79428K(83888K) Class: 11335K(14848K)->11335K(14848K)
[2648.606s][info][gc             ] GC(1833) Pause Young (Allocation Failure) 818M->168M(2039M) 3.666ms
[2648.606s][info][gc,cpu         ] GC(1833) User=0.00s Sys=0.00s Real=0.00s
[2650.162s][info][gc,start       ] GC(1834) Pause Young (Allocation Failure)
[2650.165s][info][gc,heap        ] GC(1834) PSYoungGen: 689538K->2785K(681472K)
[2650.165s][info][gc,heap        ] GC(1834) PSOldGen: 163748K->166623K(1398272K)
[2650.165s][info][gc,metaspace   ] GC(1834) Metaspace: 90764K(98736K)->90764K(98736K) NonClass: 79428K(83888K)->79428K(83888K) Class: 11335K(14848K)->11335K(14848K)
[2650.165s][info][gc             ] GC(1834) Pause Young (Allocation Failure) 833M->165M(2031M) 3.084ms
[2650.165s][info][gc,cpu         ] GC(1834) User=0.00s Sys=0.00s Real=0.01s
[2652.478s][info][gc,start       ] GC(1835) Pause Young (Allocation Failure)
[2652.481s][info][gc,heap        ] GC(1835) PSYoungGen: 675041K->5954K(685568K)
[2652.481s][info][gc,heap        ] GC(1835) PSOldGen: 166623K->168287K(1398272K)
[2652.481s][info][gc,metaspace   ] GC(1835) Metaspace: 90764K(98736K)->90764K(98736K) NonClass: 79428K(83888K)->79428K(83888K) Class: 11335K(14848K)->11335K(14848K)
[2652.481s][info][gc             ] GC(1835) Pause Young (Allocation Failure) 821M->170M(2035M) 2.972ms
[2652.482s][info][gc,cpu         ] GC(1835) User=0.00s Sys=0.00s Real=0.00s
[2654.214s][info][gc,start       ] GC(1836) Pause Young (Allocation Failure)
[2654.217s][info][gc,heap        ] GC(1836) PSYoungGen: 678210K->5249K(686592K)
[2654.217s][info][gc,heap        ] GC(1836) PSOldGen: 168287K->170153K(1398272K)
[2654.217s][info][gc,metaspace   ] GC(1836) Metaspace: 90764K(98736K)->90764K(98736K) NonClass: 79428K(83888K)->79428K(83888K) Class: 11335K(14848K)->11335K(14848K)
[2654.217s][info][gc             ] GC(1836) Pause Young (Allocation Failure) 826M->171M(2036M) 3.433ms
[2654.217s][info][gc,cpu         ] GC(1836) User=0.00s Sys=0.00s Real=0.01s
[2654.957s][info][gc,start       ] GC(1837) Pause Young (Allocation Failure)
[2654.960s][info][gc,heap        ] GC(1837) PSYoungGen: 679041K->3253K(686080K)
[2654.960s][info][gc,heap        ] GC(1837) PSOldGen: 170153K->172340K(1398272K)
[2654.960s][info][gc,metaspace   ] GC(1837) Metaspace: 90764K(98736K)->90764K(98736K) NonClass: 79428K(83888K)->79428K(83888K) Class: 11335K(14848K)->11335K(14848K)
[2654.960s][info][gc             ] GC(1837) Pause Young (Allocation Failure) 829M->171M(2035M) 2.997ms
[2654.960s][info][gc,cpu         ] GC(1837) User=0.00s Sys=0.00s Real=0.01s
[2657.203s][info][gc,start       ] GC(1838) Pause Young (Allocation Failure)
[2657.206s][info][gc,heap        ] GC(1838) PSYoungGen: 677045K->2362K(687616K)
[2657.206s][info][gc,heap        ] GC(1838) PSOldGen: 172340K->175166K(1398272K)
[2657.206s][info][gc,metaspace   ] GC(1838) Metaspace: 90764K(98736K)->90764K(98736K) NonClass: 79428K(83888K)->79428K(83888K) Class: 11335K(14848K)->11335K(14848K)
[2657.206s][info][gc             ] GC(1838) Pause Young (Allocation Failure) 829M->173M(2037M) 2.358ms
[2657.206s][info][gc,cpu         ] GC(1838) User=0.09s Sys=0.00s Real=0.00s
[2659.431s][info][gc,start       ] GC(1839) Pause Young (Allocation Failure)
[2659.433s][info][gc,heap        ] GC(1839) PSYoungGen: 678201K->2829K(687104K)
[2659.434s][info][gc,heap        ] GC(1839) PSOldGen: 175166K->176562K(1398272K)
[2659.434s][info][gc,metaspace   ] GC(1839) Metaspace: 90764K(98736K)->90764K(98736K) NonClass: 79428K(83888K)->79428K(83888K) Class: 11335K(14848K)->11335K(14848K)
[2659.434s][info][gc             ] GC(1839) Pause Young (Allocation Failure) 833M->175M(2036M) 2.371ms
[2659.434s][info][gc,cpu         ] GC(1839) User=0.00s Sys=0.00s Real=0.00s
[2660.292s][info][gc,start       ] GC(1840) Pause Young (Allocation Failure)
[2660.295s][info][gc,heap        ] GC(1840) PSYoungGen: 678359K->3371K(688128K)
[2660.295s][info][gc,heap        ] GC(1840) PSOldGen: 176562K->178565K(1398272K)
[2660.295s][info][gc,metaspace   ] GC(1840) Metaspace: 90764K(98736K)->90764K(98736K) NonClass: 79428K(83888K)->79428K(83888K) Class: 11335K(14848K)->11335K(14848K)
[2660.295s][info][gc             ] GC(1840) Pause Young (Allocation Failure) 834M->177M(2037M) 2.913ms
[2660.295s][info][gc,cpu         ] GC(1840) User=0.00s Sys=0.00s Real=0.00s
[2661.621s][info][gc,start       ] GC(1841) Pause Young (Allocation Failure)
[2661.624s][info][gc,heap        ] GC(1841) PSYoungGen: 676888K->3064K(687616K)
[2661.624s][info][gc,heap        ] GC(1841) PSOldGen: 178565K->181186K(1398272K)
[2661.624s][info][gc,metaspace   ] GC(1841) Metaspace: 90764K(98736K)->90764K(98736K) NonClass: 79428K(83888K)->79428K(83888K) Class: 11335K(14848K)->11335K(14848K)
[2661.624s][info][gc             ] GC(1841) Pause Young (Allocation Failure) 835M->179M(2037M) 2.838ms
[2661.624s][info][gc,cpu         ] GC(1841) User=0.00s Sys=0.00s Real=0.01s
[2663.810s][info][gc,start       ] GC(1842) Pause Young (Allocation Failure)
[2663.812s][info][gc,heap        ] GC(1842) PSYoungGen: 678468K->2521K(688640K)
[2663.812s][info][gc,heap        ] GC(1842) PSOldGen: 181186K->183318K(1398272K)
[2663.812s][info][gc,metaspace   ] GC(1842) Metaspace: 90764K(98736K)->90764K(98736K) NonClass: 79428K(83888K)->79428K(83888K) Class: 11335K(14848K)->11335K(14848K)
[2663.812s][info][gc             ] GC(1842) Pause Young (Allocation Failure) 839M->181M(2038M) 2.453ms
[2663.812s][info][gc,cpu         ] GC(1842) User=0.00s Sys=0.00s Real=0.00s
[2665.717s][info][gc,start       ] GC(1843) Pause Young (Allocation Failure)
[2665.721s][info][gc,heap        ] GC(1843) PSYoungGen: 680921K->9019K(687616K)
[2665.721s][info][gc,heap        ] GC(1843) PSOldGen: 183318K->185111K(1398272K)
[2665.721s][info][gc,metaspace   ] GC(1843) Metaspace: 90764K(98736K)->90764K(98736K) NonClass: 79428K(83888K)->79428K(83888K) Class: 11335K(14848K)->11335K(14848K)
[2665.721s][info][gc             ] GC(1843) Pause Young (Allocation Failure) 843M->189M(2037M) 4.492ms
[2665.722s][info][gc,cpu         ] GC(1843) User=0.09s Sys=0.00s Real=0.00s
[2666.550s][info][gc,start       ] GC(1844) Pause Young (Allocation Failure)
[2666.553s][info][gc,heap        ] GC(1844) PSYoungGen: 687419K->3133K(688128K)
[2666.553s][info][gc,heap        ] GC(1844) PSOldGen: 185111K->187392K(1398272K)
[2666.553s][info][gc,metaspace   ] GC(1844) Metaspace: 90764K(98736K)->90764K(98736K) NonClass: 79428K(83888K)->79428K(83888K) Class: 11335K(14848K)->11335K(14848K)
[2666.553s][info][gc             ] GC(1844) Pause Young (Allocation Failure) 852M->186M(2037M) 3.161ms
[2666.553s][info][gc,cpu         ] GC(1844) User=0.00s Sys=0.00s Real=0.00s
[2668.785s][info][gc,start       ] GC(1845) Pause Young (Allocation Failure)
[2668.787s][info][gc,heap        ] GC(1845) PSYoungGen: 679978K->2062K(687616K)
[2668.787s][info][gc,heap        ] GC(1845) PSOldGen: 187392K->190106K(1398272K)
[2668.787s][info][gc,metaspace   ] GC(1845) Metaspace: 90764K(98736K)->90764K(98736K) NonClass: 79428K(83888K)->79428K(83888K) Class: 11335K(14848K)->11335K(14848K)
[2668.787s][info][gc             ] GC(1845) Pause Young (Allocation Failure) 847M->187M(2037M) 2.368ms
[2668.787s][info][gc,cpu         ] GC(1845) User=0.00s Sys=0.00s Real=0.00s
[2669.500s][info][gc,start       ] GC(1846) Pause Young (Allocation Failure)
[2669.503s][info][gc,heap        ] GC(1846) PSYoungGen: 675886K->8755K(686080K)
[2669.503s][info][gc,heap        ] GC(1846) PSOldGen: 190106K->195702K(1398272K)
[2669.503s][info][gc,metaspace   ] GC(1846) Metaspace: 90764K(98736K)->90764K(98736K) NonClass: 79428K(83888K)->79428K(83888K) Class: 11335K(14848K)->11335K(14848K)
[2669.503s][info][gc             ] GC(1846) Pause Young (Allocation Failure) 845M->199M(2035M) 3.465ms
[2669.503s][info][gc,cpu         ] GC(1846) User=0.08s Sys=0.02s Real=0.00s
[2671.000s][info][gc,start       ] GC(1847) Pause Young (Allocation Failure)
[2671.003s][info][gc,heap        ] GC(1847) PSYoungGen: 683439K->2608K(687104K)
[2671.003s][info][gc,heap        ] GC(1847) PSOldGen: 195702K->198721K(1398272K)
[2671.003s][info][gc,metaspace   ] GC(1847) Metaspace: 90764K(98736K)->90764K(98736K) NonClass: 79428K(83888K)->79428K(83888K) Class: 11335K(14848K)->11335K(14848K)
[2671.003s][info][gc             ] GC(1847) Pause Young (Allocation Failure) 858M->196M(2036M) 3.146ms
[2671.003s][info][gc,cpu         ] GC(1847) User=0.08s Sys=0.00s Real=0.00s
[2672.629s][info][gc,start       ] GC(1848) Pause Young (Allocation Failure)
[2672.632s][info][gc,heap        ] GC(1848) PSYoungGen: 677936K->2818K(687616K)
[2672.632s][info][gc,heap        ] GC(1848) PSOldGen: 198721K->200817K(1398272K)
[2672.633s][info][gc,metaspace   ] GC(1848) Metaspace: 90764K(98736K)->90764K(98736K) NonClass: 79428K(83888K)->79428K(83888K) Class: 11335K(14848K)->11335K(14848K)
[2672.633s][info][gc             ] GC(1848) Pause Young (Allocation Failure) 856M->198M(2037M) 3.655ms
[2672.633s][info][gc,cpu         ] GC(1848) User=0.00s Sys=0.00s Real=0.02s
[2673.373s][info][gc,start       ] GC(1849) Pause Young (Allocation Failure)
[2673.376s][info][gc,heap        ] GC(1849) PSYoungGen: 679170K->3400K(687616K)
[2673.376s][info][gc,heap        ] GC(1849) PSOldGen: 200817K->202863K(1398272K)
[2673.376s][info][gc,metaspace   ] GC(1849) Metaspace: 90764K(98736K)->90764K(98736K) NonClass: 79428K(83888K)->79428K(83888K) Class: 11335K(14848K)->11335K(14848K)
[2673.376s][info][gc             ] GC(1849) Pause Young (Allocation Failure) 859M->201M(2037M) 3.071ms
[2673.376s][info][gc,cpu         ] GC(1849) User=0.00s Sys=0.00s Real=0.00s
[2675.519s][info][gc,start       ] GC(1850) Pause Young (Allocation Failure)
[2675.522s][info][gc,heap        ] GC(1850) PSYoungGen: 676985K->3275K(688640K)
[2675.522s][info][gc,heap        ] GC(1850) PSOldGen: 202863K->205806K(1398272K)
[2675.522s][info][gc,metaspace   ] GC(1850) Metaspace: 90764K(98736K)->90764K(98736K) NonClass: 79428K(83888K)->79428K(83888K) Class: 11335K(14848K)->11335K(14848K)
[2675.522s][info][gc             ] GC(1850) Pause Young (Allocation Failure) 859M->204M(2038M) 2.984ms
[2675.522s][info][gc,cpu         ] GC(1850) User=0.00s Sys=0.00s Real=0.00s
[2676.116s][info][gc,start       ] GC(1851) Pause Young (Allocation Failure)
[2676.122s][info][gc,heap        ] GC(1851) PSYoungGen: 680020K->2742K(688128K)
[2676.122s][info][gc,heap        ] GC(1851) PSOldGen: 205806K->208454K(1398272K)
[2676.122s][info][gc,metaspace   ] GC(1851) Metaspace: 90764K(98736K)->90764K(98736K) NonClass: 79428K(83888K)->79428K(83888K) Class: 11335K(14848K)->11335K(14848K)
[2676.122s][info][gc             ] GC(1851) Pause Young (Allocation Failure) 865M->206M(2037M) 6.014ms
[2676.122s][info][gc,cpu         ] GC(1851) User=0.00s Sys=0.00s Real=0.01s
[2678.021s][info][gc,start       ] GC(1852) Pause Young (Allocation Failure)
[2678.023s][info][gc,heap        ] GC(1852) PSYoungGen: 680630K->3711K(689664K)
[2678.023s][info][gc,heap        ] GC(1852) PSOldGen: 208454K->210040K(1398272K)
[2678.023s][info][gc,metaspace   ] GC(1852) Metaspace: 90764K(98736K)->90764K(98736K) NonClass: 79428K(83888K)->79428K(83888K) Class: 11335K(14848K)->11335K(14848K)
[2678.023s][info][gc             ] GC(1852) Pause Young (Allocation Failure) 868M->208M(2039M) 2.734ms
[2678.023s][info][gc,cpu         ] GC(1852) User=0.00s Sys=0.00s Real=0.01s
[2679.531s][info][gc,start       ] GC(1853) Pause Young (Allocation Failure)
[2679.536s][info][gc,heap        ] GC(1853) PSYoungGen: 683647K->5124K(689152K)
[2679.536s][info][gc,heap        ] GC(1853) PSOldGen: 210040K->212352K(1398272K)
[2679.536s][info][gc,metaspace   ] GC(1853) Metaspace: 90764K(98736K)->90764K(98736K) NonClass: 79428K(83888K)->79428K(83888K) Class: 11335K(14848K)->11335K(14848K)
[2679.536s][info][gc             ] GC(1853) Pause Young (Allocation Failure) 872M->212M(2038M) 5.570ms
[2679.536s][info][gc,cpu         ] GC(1853) User=0.08s Sys=0.00s Real=0.01s
[2679.779s][info][gc,start       ] GC(1854) Pause Young (System.gc())
[2679.781s][info][gc,heap        ] GC(1854) PSYoungGen: 260811K->480K(689664K)
[2679.781s][info][gc,heap        ] GC(1854) PSOldGen: 212352K->214439K(1398272K)
[2679.781s][info][gc,metaspace   ] GC(1854) Metaspace: 90764K(98736K)->90764K(98736K) NonClass: 79428K(83888K)->79428K(83888K) Class: 11335K(14848K)->11335K(14848K)
[2679.781s][info][gc             ] GC(1854) Pause Young (System.gc()) 462M->209M(2039M) 2.308ms
[2679.781s][info][gc,cpu         ] GC(1854) User=0.00s Sys=0.00s Real=0.00s
[2679.781s][info][gc,start       ] GC(1855) Pause Full (System.gc())
[2679.783s][info][gc,phases,start] GC(1855) Phase 1: Mark live objects
[2679.837s][info][gc,phases      ] GC(1855) Phase 1: Mark live objects 54.051ms
[2679.837s][info][gc,phases,start] GC(1855) Phase 2: Compute new object addresses
[2679.851s][info][gc,phases      ] GC(1855) Phase 2: Compute new object addresses 14.215ms
[2679.851s][info][gc,phases,start] GC(1855) Phase 3: Adjust pointers
[2679.889s][info][gc,phases      ] GC(1855) Phase 3: Adjust pointers 37.872ms
[2679.889s][info][gc,phases,start] GC(1855) Phase 4: Move objects
[2679.899s][info][gc,phases      ] GC(1855) Phase 4: Move objects 9.543ms
[2679.901s][info][gc,heap        ] GC(1855) PSYoungGen: 480K->0K(689664K)
[2679.901s][info][gc,heap        ] GC(1855) PSOldGen: 214439K->80147K(1398272K)
[2679.901s][info][gc,metaspace   ] GC(1855) Metaspace: 90764K(98736K)->90764K(98736K) NonClass: 79428K(83888K)->79428K(83888K) Class: 11335K(14848K)->11335K(14848K)
[2679.901s][info][gc             ] GC(1855) Pause Full (System.gc()) 209M->78M(2039M) 119.987ms
[2679.901s][info][gc,cpu         ] GC(1855) User=0.12s Sys=0.00s Real=0.12s
[2680.799s][info][gc,start       ] GC(1856) Pause Young (Allocation Failure)
[2680.801s][info][gc,heap        ] GC(1856) PSYoungGen: 680448K->3551K(689664K)
[2680.801s][info][gc,heap        ] GC(1856) PSOldGen: 80147K->80147K(1398272K)
[2680.801s][info][gc,metaspace   ] GC(1856) Metaspace: 90764K(98736K)->90764K(98736K) NonClass: 79428K(83888K)->79428K(83888K) Class: 11335K(14848K)->11335K(14848K)
[2680.801s][info][gc             ] GC(1856) Pause Young (Allocation Failure) 742M->81M(2039M) 2.599ms
[2680.801s][info][gc,cpu         ] GC(1856) User=0.00s Sys=0.00s Real=0.02s
[2683.195s][info][gc,start       ] GC(1857) Pause Young (Allocation Failure)
[2683.198s][info][gc,heap        ] GC(1857) PSYoungGen: 683999K->2413K(690176K)
[2683.198s][info][gc,heap        ] GC(1857) PSOldGen: 80147K->82898K(1398272K)
[2683.198s][info][gc,metaspace   ] GC(1857) Metaspace: 90764K(98736K)->90764K(98736K) NonClass: 79428K(83888K)->79428K(83888K) Class: 11335K(14848K)->11335K(14848K)
[2683.198s][info][gc             ] GC(1857) Pause Young (Allocation Failure) 746M->83M(2039M) 2.607ms
[2683.198s][info][gc,cpu         ] GC(1857) User=0.00s Sys=0.00s Real=0.00s
[2685.347s][info][gc,start       ] GC(1858) Pause Young (Allocation Failure)
[2685.350s][info][gc,heap        ] GC(1858) PSYoungGen: 683885K->3823K(690176K)
[2685.350s][info][gc,heap        ] GC(1858) PSOldGen: 82898K->84575K(1398272K)
[2685.350s][info][gc,metaspace   ] GC(1858) Metaspace: 90764K(98736K)->90764K(98736K) NonClass: 79428K(83888K)->79428K(83888K) Class: 11335K(14848K)->11335K(14848K)
[2685.350s][info][gc             ] GC(1858) Pause Young (Allocation Failure) 748M->86M(2039M) 2.805ms
[2685.350s][info][gc,cpu         ] GC(1858) User=0.00s Sys=0.00s Real=0.00s
[2685.980s][info][gc,start       ] GC(1859) Pause Young (Allocation Failure)
[2685.983s][info][gc,heap        ] GC(1859) PSYoungGen: 683869K->8179K(683520K)
[2685.983s][info][gc,heap        ] GC(1859) PSOldGen: 84575K->91080K(1398272K)
[2685.983s][info][gc,metaspace   ] GC(1859) Metaspace: 90764K(98736K)->90764K(98736K) NonClass: 79428K(83888K)->79428K(83888K) Class: 11335K(14848K)->11335K(14848K)
[2685.983s][info][gc             ] GC(1859) Pause Young (Allocation Failure) 750M->96M(2033M) 3.457ms
[2685.983s][info][gc,cpu         ] GC(1859) User=0.00s Sys=0.00s Real=0.01s
[2687.541s][info][gc,start       ] GC(1860) Pause Young (Allocation Failure)
[2687.544s][info][gc,heap        ] GC(1860) PSYoungGen: 683507K->3134K(687104K)
[2687.544s][info][gc,heap        ] GC(1860) PSOldGen: 91080K->94218K(1398272K)
[2687.544s][info][gc,metaspace   ] GC(1860) Metaspace: 90764K(98736K)->90764K(98736K) NonClass: 79428K(83888K)->79428K(83888K) Class: 11335K(14848K)->11335K(14848K)
[2687.544s][info][gc             ] GC(1860) Pause Young (Allocation Failure) 756M->95M(2036M) 3.271ms
[2687.544s][info][gc,cpu         ] GC(1860) User=0.00s Sys=0.00s Real=0.00s
[2689.872s][info][gc,start       ] GC(1861) Pause Young (Allocation Failure)
[2689.875s][info][gc,heap        ] GC(1861) PSYoungGen: 678462K->6010K(687616K)
[2689.875s][info][gc,heap        ] GC(1861) PSOldGen: 94218K->95907K(1398272K)
[2689.875s][info][gc,metaspace   ] GC(1861) Metaspace: 90764K(98736K)->90764K(98736K) NonClass: 79428K(83888K)->79428K(83888K) Class: 11335K(14848K)->11335K(14848K)
[2689.875s][info][gc             ] GC(1861) Pause Young (Allocation Failure) 754M->99M(2037M) 2.982ms
[2689.875s][info][gc,cpu         ] GC(1861) User=0.00s Sys=0.00s Real=0.00s
[2691.618s][info][gc,start       ] GC(1862) Pause Young (Allocation Failure)
[2691.621s][info][gc,heap        ] GC(1862) PSYoungGen: 682362K->5541K(687616K)
[2691.621s][info][gc,heap        ] GC(1862) PSOldGen: 95907K->97799K(1398272K)
[2691.621s][info][gc,metaspace   ] GC(1862) Metaspace: 90764K(98736K)->90764K(98736K) NonClass: 79428K(83888K)->79428K(83888K) Class: 11335K(14848K)->11335K(14848K)
[2691.621s][info][gc             ] GC(1862) Pause Young (Allocation Failure) 760M->100M(2037M) 3.468ms
[2691.621s][info][gc,cpu         ] GC(1862) User=0.00s Sys=0.00s Real=0.01s
[2692.345s][info][gc,start       ] GC(1863) Pause Young (Allocation Failure)
[2692.348s][info][gc,heap        ] GC(1863) PSYoungGen: 681893K->3294K(688128K)
[2692.348s][info][gc,heap        ] GC(1863) PSOldGen: 97799K->100086K(1398272K)
[2692.348s][info][gc,metaspace   ] GC(1863) Metaspace: 90764K(98736K)->90764K(98736K) NonClass: 79428K(83888K)->79428K(83888K) Class: 11335K(14848K)->11335K(14848K)
[2692.348s][info][gc             ] GC(1863) Pause Young (Allocation Failure) 761M->100M(2037M) 2.692ms
[2692.348s][info][gc,cpu         ] GC(1863) User=0.02s Sys=0.00s Real=0.00s
[2694.584s][info][gc,start       ] GC(1864) Pause Young (Allocation Failure)
[2694.587s][info][gc,heap        ] GC(1864) PSYoungGen: 680577K->4954K(688128K)
[2694.587s][info][gc,heap        ] GC(1864) PSOldGen: 100086K->102955K(1398272K)
[2694.587s][info][gc,metaspace   ] GC(1864) Metaspace: 90764K(98736K)->90764K(98736K) NonClass: 79428K(83888K)->79428K(83888K) Class: 11335K(14848K)->11335K(14848K)
[2694.587s][info][gc             ] GC(1864) Pause Young (Allocation Failure) 762M->105M(2037M) 2.973ms
[2694.587s][info][gc,cpu         ] GC(1864) User=0.00s Sys=0.00s Real=0.00s
[2696.842s][info][gc,start       ] GC(1865) Pause Young (Allocation Failure)
[2696.846s][info][gc,heap        ] GC(1865) PSYoungGen: 682330K->3913K(689152K)
[2696.846s][info][gc,heap        ] GC(1865) PSOldGen: 102955K->104813K(1398272K)
[2696.846s][info][gc,metaspace   ] GC(1865) Metaspace: 90764K(98736K)->90764K(98736K) NonClass: 79428K(83888K)->79428K(83888K) Class: 11335K(14848K)->11335K(14848K)
[2696.846s][info][gc             ] GC(1865) Pause Young (Allocation Failure) 766M->106M(2038M) 3.403ms
[2696.846s][info][gc,cpu         ] GC(1865) User=0.05s Sys=0.00s Real=0.02s
[2697.691s][info][gc,start       ] GC(1866) Pause Young (Allocation Failure)
[2697.695s][info][gc,heap        ] GC(1866) PSYoungGen: 682544K->4035K(688640K)
[2697.695s][info][gc,heap        ] GC(1866) PSOldGen: 104813K->106331K(1398272K)
[2697.695s][info][gc,metaspace   ] GC(1866) Metaspace: 90764K(98736K)->90764K(98736K) NonClass: 79428K(83888K)->79428K(83888K) Class: 11335K(14848K)->11335K(14848K)
[2697.695s][info][gc             ] GC(1866) Pause Young (Allocation Failure) 768M->107M(2038M) 3.312ms
[2697.695s][info][gc,cpu         ] GC(1866) User=0.00s Sys=0.00s Real=0.01s
[2699.059s][info][gc,start       ] GC(1867) Pause Young (Allocation Failure)
[2699.062s][info][gc,heap        ] GC(1867) PSYoungGen: 682947K->4503K(690176K)
[2699.062s][info][gc,heap        ] GC(1867) PSOldGen: 106331K->109184K(1398272K)
[2699.062s][info][gc,metaspace   ] GC(1867) Metaspace: 90764K(98736K)->90764K(98736K) NonClass: 79428K(83888K)->79428K(83888K) Class: 11335K(14848K)->11335K(14848K)
[2699.062s][info][gc             ] GC(1867) Pause Young (Allocation Failure) 770M->111M(2039M) 2.754ms
[2699.062s][info][gc,cpu         ] GC(1867) User=0.00s Sys=0.00s Real=0.02s
[2701.342s][info][gc,start       ] GC(1868) Pause Young (Allocation Failure)
[2701.345s][info][gc,heap        ] GC(1868) PSYoungGen: 684498K->2465K(689664K)
[2701.345s][info][gc,heap        ] GC(1868) PSOldGen: 109184K->111157K(1398272K)
[2701.345s][info][gc,metaspace   ] GC(1868) Metaspace: 90764K(98736K)->90764K(98736K) NonClass: 79428K(83888K)->79428K(83888K) Class: 11335K(14848K)->11335K(14848K)
[2701.345s][info][gc             ] GC(1868) Pause Young (Allocation Failure) 775M->110M(2039M) 2.255ms
[2701.345s][info][gc,cpu         ] GC(1868) User=0.00s Sys=0.00s Real=0.00s
[2703.286s][info][gc,start       ] GC(1869) Pause Young (Allocation Failure)
[2703.289s][info][gc,heap        ] GC(1869) PSYoungGen: 683425K->3605K(690176K)
[2703.289s][info][gc,heap        ] GC(1869) PSOldGen: 111157K->112991K(1398272K)
[2703.289s][info][gc,metaspace   ] GC(1869) Metaspace: 90764K(98736K)->90764K(98736K) NonClass: 79428K(83888K)->79428K(83888K) Class: 11335K(14848K)->11335K(14848K)
[2703.289s][info][gc             ] GC(1869) Pause Young (Allocation Failure) 775M->113M(2039M) 2.746ms
[2703.289s][info][gc,cpu         ] GC(1869) User=0.00s Sys=0.00s Real=0.00s
[2704.050s][info][gc,start       ] GC(1870) Pause Young (Allocation Failure)
[2704.053s][info][gc,heap        ] GC(1870) PSYoungGen: 685077K->3231K(690176K)
[2704.053s][info][gc,heap        ] GC(1870) PSOldGen: 112991K->115133K(1398272K)
[2704.053s][info][gc,metaspace   ] GC(1870) Metaspace: 90764K(98736K)->90764K(98736K) NonClass: 79428K(83888K)->79428K(83888K) Class: 11335K(14848K)->11335K(14848K)
[2704.053s][info][gc             ] GC(1870) Pause Young (Allocation Failure) 779M->115M(2039M) 3.138ms
[2704.053s][info][gc,cpu         ] GC(1870) User=0.00s Sys=0.00s Real=0.00s
[2706.234s][info][gc,start       ] GC(1871) Pause Young (Allocation Failure)
[2706.237s][info][gc,heap        ] GC(1871) PSYoungGen: 684703K->2169K(690688K)
[2706.237s][info][gc,heap        ] GC(1871) PSOldGen: 115133K->117873K(1398272K)
[2706.237s][info][gc,metaspace   ] GC(1871) Metaspace: 90764K(98736K)->90764K(98736K) NonClass: 79428K(83888K)->79428K(83888K) Class: 11335K(14848K)->11335K(14848K)
[2706.237s][info][gc             ] GC(1871) Pause Young (Allocation Failure) 781M->117M(2040M) 2.608ms
[2706.237s][info][gc,cpu         ] GC(1871) User=0.09s Sys=0.00s Real=0.00s
[2706.908s][info][gc,start       ] GC(1872) Pause Young (Allocation Failure)
[2706.911s][info][gc,heap        ] GC(1872) PSYoungGen: 680918K->5188K(690688K)
[2706.911s][info][gc,heap        ] GC(1872) PSOldGen: 117873K->127400K(1398272K)
[2706.911s][info][gc,metaspace   ] GC(1872) Metaspace: 90764K(98736K)->90764K(98736K) NonClass: 79428K(83888K)->79428K(83888K) Class: 11335K(14848K)->11335K(14848K)
[2706.911s][info][gc             ] GC(1872) Pause Young (Allocation Failure) 780M->129M(2040M) 3.710ms
[2706.912s][info][gc,cpu         ] GC(1872) User=0.00s Sys=0.00s Real=0.00s
[2708.575s][info][gc,start       ] GC(1873) Pause Young (Allocation Failure)
[2708.578s][info][gc,heap        ] GC(1873) PSYoungGen: 686788K->3168K(690688K)
[2708.578s][info][gc,heap        ] GC(1873) PSOldGen: 127400K->130399K(1398272K)
[2708.578s][info][gc,metaspace   ] GC(1873) Metaspace: 90764K(98736K)->90764K(98736K) NonClass: 79428K(83888K)->79428K(83888K) Class: 11335K(14848K)->11335K(14848K)
[2708.578s][info][gc             ] GC(1873) Pause Young (Allocation Failure) 795M->130M(2040M) 3.524ms
[2708.578s][info][gc,cpu         ] GC(1873) User=0.00s Sys=0.00s Real=0.00s
[2710.097s][info][gc,start       ] GC(1874) Pause Young (Allocation Failure)
[2710.101s][info][gc,heap        ] GC(1874) PSYoungGen: 682314K->8001K(690688K)
[2710.101s][info][gc,heap        ] GC(1874) PSOldGen: 130399K->132581K(1398272K)
[2710.101s][info][gc,metaspace   ] GC(1874) Metaspace: 90764K(98736K)->90764K(98736K) NonClass: 79428K(83888K)->79428K(83888K) Class: 11335K(14848K)->11335K(14848K)
[2710.101s][info][gc             ] GC(1874) Pause Young (Allocation Failure) 793M->137M(2040M) 3.233ms
[2710.101s][info][gc,cpu         ] GC(1874) User=0.00s Sys=0.00s Real=0.00s
[2710.788s][info][gc,start       ] GC(1875) Pause Young (GCLocker Initiated GC)
[2710.790s][info][gc,heap        ] GC(1875) PSYoungGen: 690497K->4194K(689664K)
[2710.790s][info][gc,heap        ] GC(1875) PSOldGen: 132648K->134805K(1398272K)
[2710.790s][info][gc,metaspace   ] GC(1875) Metaspace: 90764K(98736K)->90764K(98736K) NonClass: 79428K(83888K)->79428K(83888K) Class: 11335K(14848K)->11335K(14848K)
[2710.790s][info][gc             ] GC(1875) Pause Young (GCLocker Initiated GC) 803M->135M(2039M) 2.598ms
[2710.790s][info][gc,cpu         ] GC(1875) User=0.00s Sys=0.00s Real=0.00s
[2712.946s][info][gc,start       ] GC(1876) Pause Young (Allocation Failure)
[2712.949s][info][gc,heap        ] GC(1876) PSYoungGen: 685666K->4339K(690176K)
[2712.950s][info][gc,heap        ] GC(1876) PSOldGen: 134808K->137727K(1398272K)
[2712.950s][info][gc,metaspace   ] GC(1876) Metaspace: 90764K(98736K)->90764K(98736K) NonClass: 79428K(83888K)->79428K(83888K) Class: 11335K(14848K)->11335K(14848K)
[2712.950s][info][gc             ] GC(1876) Pause Young (Allocation Failure) 801M->138M(2039M) 3.208ms
[2712.950s][info][gc,cpu         ] GC(1876) User=0.00s Sys=0.00s Real=0.00s
[2713.549s][info][gc,start       ] GC(1877) Pause Young (Allocation Failure)
[2713.551s][info][gc,heap        ] GC(1877) PSYoungGen: 685811K->3925K(690688K)
[2713.551s][info][gc,heap        ] GC(1877) PSOldGen: 137727K->140289K(1398272K)
[2713.551s][info][gc,metaspace   ] GC(1877) Metaspace: 90764K(98736K)->90764K(98736K) NonClass: 79428K(83888K)->79428K(83888K) Class: 11335K(14848K)->11335K(14848K)
[2713.551s][info][gc             ] GC(1877) Pause Young (Allocation Failure) 804M->140M(2040M) 2.556ms
[2713.551s][info][gc,cpu         ] GC(1877) User=0.00s Sys=0.00s Real=0.00s
[2715.608s][info][gc,start       ] GC(1878) Pause Young (GCLocker Initiated GC)
[2715.611s][info][gc,heap        ] GC(1878) PSYoungGen: 686421K->4624K(690688K)
[2715.611s][info][gc,heap        ] GC(1878) PSOldGen: 140289K->141925K(1398272K)
[2715.611s][info][gc,metaspace   ] GC(1878) Metaspace: 90764K(98736K)->90764K(98736K) NonClass: 79428K(83888K)->79428K(83888K) Class: 11335K(14848K)->11335K(14848K)
[2715.611s][info][gc             ] GC(1878) Pause Young (GCLocker Initiated GC) 807M->143M(2040M) 2.677ms
[2715.611s][info][gc,cpu         ] GC(1878) User=0.00s Sys=0.00s Real=0.00s
[2716.982s][info][gc,start       ] GC(1879) Pause Young (Allocation Failure)
[2716.985s][info][gc,heap        ] GC(1879) PSYoungGen: 687120K->4996K(691200K)
[2716.985s][info][gc,heap        ] GC(1879) PSOldGen: 141926K->144264K(1398272K)
[2716.985s][info][gc,metaspace   ] GC(1879) Metaspace: 90764K(98736K)->90764K(98736K) NonClass: 79428K(83888K)->79428K(83888K) Class: 11335K(14848K)->11335K(14848K)
[2716.985s][info][gc             ] GC(1879) Pause Young (Allocation Failure) 809M->145M(2040M) 3.400ms
[2716.985s][info][gc,cpu         ] GC(1879) User=0.00s Sys=0.00s Real=0.01s
[2717.107s][info][gc,start       ] GC(1880) Pause Young (System.gc())
[2717.109s][info][gc,heap        ] GC(1880) PSYoungGen: 194370K->448K(684032K)
[2717.109s][info][gc,heap        ] GC(1880) PSOldGen: 144264K->146211K(1398272K)
[2717.109s][info][gc,metaspace   ] GC(1880) Metaspace: 90764K(98736K)->90764K(98736K) NonClass: 79428K(83888K)->79428K(83888K) Class: 11335K(14848K)->11335K(14848K)
[2717.109s][info][gc             ] GC(1880) Pause Young (System.gc()) 330M->143M(2033M) 1.978ms
[2717.109s][info][gc,cpu         ] GC(1880) User=0.00s Sys=0.00s Real=0.00s
[2717.109s][info][gc,start       ] GC(1881) Pause Full (System.gc())
[2717.111s][info][gc,phases,start] GC(1881) Phase 1: Mark live objects
[2717.166s][info][gc,phases      ] GC(1881) Phase 1: Mark live objects 54.999ms
[2717.166s][info][gc,phases,start] GC(1881) Phase 2: Compute new object addresses
[2717.180s][info][gc,phases      ] GC(1881) Phase 2: Compute new object addresses 13.682ms
[2717.180s][info][gc,phases,start] GC(1881) Phase 3: Adjust pointers
[2717.214s][info][gc,phases      ] GC(1881) Phase 3: Adjust pointers 34.528ms
[2717.214s][info][gc,phases,start] GC(1881) Phase 4: Move objects
[2717.214s][info][gc,phases      ] GC(1881) Phase 4: Move objects 0.073ms
[2717.217s][info][gc,heap        ] GC(1881) PSYoungGen: 448K->0K(684032K)
[2717.217s][info][gc,heap        ] GC(1881) PSOldGen: 146211K->146563K(1398272K)
[2717.217s][info][gc,metaspace   ] GC(1881) Metaspace: 90764K(98736K)->90764K(98736K) NonClass: 79428K(83888K)->79428K(83888K) Class: 11335K(14848K)->11335K(14848K)
[2717.217s][info][gc             ] GC(1881) Pause Full (System.gc()) 143M->143M(2033M) 107.845ms
[2717.217s][info][gc,cpu         ] GC(1881) User=0.11s Sys=0.00s Real=0.11s
[2718.120s][info][gc,start       ] GC(1882) Pause Young (Allocation Failure)
[2718.123s][info][gc,heap        ] GC(1882) PSYoungGen: 683520K->3535K(691200K)
[2718.123s][info][gc,heap        ] GC(1882) PSOldGen: 146563K->146563K(1398272K)
[2718.123s][info][gc,metaspace   ] GC(1882) Metaspace: 90764K(98736K)->90764K(98736K) NonClass: 79428K(83888K)->79428K(83888K) Class: 11335K(14848K)->11335K(14848K)
[2718.123s][info][gc             ] GC(1882) Pause Young (Allocation Failure) 810M->146M(2040M) 2.528ms
[2718.123s][info][gc,cpu         ] GC(1882) User=0.00s Sys=0.00s Real=0.00s
[2720.461s][info][gc,start       ] GC(1883) Pause Young (Allocation Failure)
[2720.463s][info][gc,heap        ] GC(1883) PSYoungGen: 686543K->2325K(690688K)
[2720.463s][info][gc,heap        ] GC(1883) PSOldGen: 146563K->149176K(1398272K)
[2720.463s][info][gc,metaspace   ] GC(1883) Metaspace: 90764K(98736K)->90764K(98736K) NonClass: 79428K(83888K)->79428K(83888K) Class: 11335K(14848K)->11335K(14848K)
[2720.463s][info][gc             ] GC(1883) Pause Young (Allocation Failure) 813M->147M(2040M) 2.393ms
[2720.463s][info][gc,cpu         ] GC(1883) User=0.00s Sys=0.00s Real=0.00s
[2722.556s][info][gc,start       ] GC(1884) Pause Young (Allocation Failure)
[2722.559s][info][gc,heap        ] GC(1884) PSYoungGen: 684529K->3262K(691200K)
[2722.559s][info][gc,heap        ] GC(1884) PSOldGen: 149176K->150700K(1398272K)
[2722.559s][info][gc,metaspace   ] GC(1884) Metaspace: 90764K(98736K)->90764K(98736K) NonClass: 79428K(83888K)->79428K(83888K) Class: 11335K(14848K)->11335K(14848K)
[2722.559s][info][gc             ] GC(1884) Pause Young (Allocation Failure) 814M->150M(2040M) 2.456ms
[2722.559s][info][gc,cpu         ] GC(1884) User=0.00s Sys=0.00s Real=0.00s
[2723.199s][info][gc,start       ] GC(1885) Pause Young (Allocation Failure)
[2723.203s][info][gc,heap        ] GC(1885) PSYoungGen: 685864K->5189K(691200K)
[2723.203s][info][gc,heap        ] GC(1885) PSOldGen: 150700K->156352K(1398272K)
[2723.203s][info][gc,metaspace   ] GC(1885) Metaspace: 90764K(98736K)->90764K(98736K) NonClass: 79428K(83888K)->79428K(83888K) Class: 11335K(14848K)->11335K(14848K)
[2723.203s][info][gc             ] GC(1885) Pause Young (Allocation Failure) 816M->157M(2040M) 3.348ms
[2723.203s][info][gc,cpu         ] GC(1885) User=0.00s Sys=0.00s Real=0.00s
[2724.812s][info][gc,start       ] GC(1886) Pause Young (GCLocker Initiated GC)
[2724.815s][info][gc,heap        ] GC(1886) PSYoungGen: 688709K->6186K(690176K)
[2724.815s][info][gc,heap        ] GC(1886) PSOldGen: 156386K->159073K(1398272K)
[2724.815s][info][gc,metaspace   ] GC(1886) Metaspace: 90764K(98736K)->90764K(98736K) NonClass: 79428K(83888K)->79428K(83888K) Class: 11335K(14848K)->11335K(14848K)
[2724.815s][info][gc             ] GC(1886) Pause Young (GCLocker Initiated GC) 825M->161M(2039M) 3.039ms
[2724.815s][info][gc,cpu         ] GC(1886) User=0.09s Sys=0.00s Real=0.00s
[2727.172s][info][gc,start       ] GC(1887) Pause Young (Allocation Failure)
[2727.175s][info][gc,heap        ] GC(1887) PSYoungGen: 688682K->4247K(690688K)
[2727.175s][info][gc,heap        ] GC(1887) PSOldGen: 159304K->161102K(1398272K)
[2727.175s][info][gc,metaspace   ] GC(1887) Metaspace: 90764K(98736K)->90764K(98736K) NonClass: 79428K(83888K)->79428K(83888K) Class: 11335K(14848K)->11335K(14848K)
[2727.175s][info][gc             ] GC(1887) Pause Young (Allocation Failure) 828M->161M(2040M) 2.777ms
[2727.175s][info][gc,cpu         ] GC(1887) User=0.09s Sys=0.00s Real=0.00s
[2728.846s][info][gc,start       ] GC(1888) Pause Young (Allocation Failure)
[2728.849s][info][gc,heap        ] GC(1888) PSYoungGen: 685972K->5153K(691200K)
[2728.849s][info][gc,heap        ] GC(1888) PSOldGen: 161102K->162987K(1398272K)
[2728.849s][info][gc,metaspace   ] GC(1888) Metaspace: 90764K(98736K)->90764K(98736K) NonClass: 79428K(83888K)->79428K(83888K) Class: 11335K(14848K)->11335K(14848K)
[2728.849s][info][gc             ] GC(1888) Pause Young (Allocation Failure) 827M->164M(2040M) 3.462ms
[2728.849s][info][gc,cpu         ] GC(1888) User=0.00s Sys=0.00s Real=0.00s
[2729.592s][info][gc,start       ] GC(1889) Pause Young (Allocation Failure)
[2729.595s][info][gc,heap        ] GC(1889) PSYoungGen: 688673K->3454K(691200K)
[2729.595s][info][gc,heap        ] GC(1889) PSOldGen: 162987K->165342K(1398272K)
[2729.595s][info][gc,metaspace   ] GC(1889) Metaspace: 90764K(98736K)->90764K(98736K) NonClass: 79428K(83888K)->79428K(83888K) Class: 11335K(14848K)->11335K(14848K)
[2729.595s][info][gc             ] GC(1889) Pause Young (Allocation Failure) 831M->164M(2040M) 3.285ms
[2729.595s][info][gc,cpu         ] GC(1889) User=0.00s Sys=0.00s Real=0.00s
[2732.050s][info][gc,start       ] GC(1890) Pause Young (Allocation Failure)
[2732.052s][info][gc,heap        ] GC(1890) PSYoungGen: 686974K->2572K(691200K)
[2732.053s][info][gc,heap        ] GC(1890) PSOldGen: 165342K->167775K(1398272K)
[2732.053s][info][gc,metaspace   ] GC(1890) Metaspace: 90764K(98736K)->90764K(98736K) NonClass: 79428K(83888K)->79428K(83888K) Class: 11335K(14848K)->11335K(14848K)
[2732.053s][info][gc             ] GC(1890) Pause Young (Allocation Failure) 832M->166M(2040M) 2.661ms
[2732.053s][info][gc,cpu         ] GC(1890) User=0.00s Sys=0.00s Real=0.00s
[2734.254s][info][gc,start       ] GC(1891) Pause Young (Allocation Failure)
[2734.256s][info][gc,heap        ] GC(1891) PSYoungGen: 686092K->3006K(691200K)
[2734.256s][info][gc,heap        ] GC(1891) PSOldGen: 167775K->169534K(1398272K)
[2734.256s][info][gc,metaspace   ] GC(1891) Metaspace: 90764K(98736K)->90764K(98736K) NonClass: 79428K(83888K)->79428K(83888K) Class: 11335K(14848K)->11335K(14848K)
[2734.256s][info][gc             ] GC(1891) Pause Young (Allocation Failure) 833M->168M(2040M) 2.939ms
[2734.257s][info][gc,cpu         ] GC(1891) User=0.00s Sys=0.00s Real=0.01s
[2734.929s][info][gc,start       ] GC(1892) Pause Young (Allocation Failure)
[2734.931s][info][gc,heap        ] GC(1892) PSYoungGen: 686526K->5124K(690688K)
[2734.931s][info][gc,heap        ] GC(1892) PSOldGen: 169534K->171034K(1398272K)
[2734.931s][info][gc,metaspace   ] GC(1892) Metaspace: 90764K(98736K)->90764K(98736K) NonClass: 79428K(83888K)->79428K(83888K) Class: 11335K(14848K)->11335K(14848K)
[2734.931s][info][gc             ] GC(1892) Pause Young (Allocation Failure) 835M->172M(2040M) 2.843ms
[2734.932s][info][gc,cpu         ] GC(1892) User=0.00s Sys=0.00s Real=0.00s
[2736.534s][info][gc,start       ] GC(1893) Pause Young (Allocation Failure)
[2736.538s][info][gc,heap        ] GC(1893) PSYoungGen: 688569K->2938K(691200K)
[2736.538s][info][gc,heap        ] GC(1893) PSOldGen: 171034K->174267K(1398272K)
[2736.538s][info][gc,metaspace   ] GC(1893) Metaspace: 90764K(98736K)->90764K(98736K) NonClass: 79428K(83888K)->79428K(83888K) Class: 11335K(14848K)->11335K(14848K)
[2736.538s][info][gc             ] GC(1893) Pause Young (Allocation Failure) 839M->173M(2040M) 3.983ms
[2736.538s][info][gc,cpu         ] GC(1893) User=0.00s Sys=0.00s Real=0.00s
[2738.783s][info][gc,start       ] GC(1894) Pause Young (Allocation Failure)
[2738.785s][info][gc,heap        ] GC(1894) PSYoungGen: 686458K->3081K(691712K)
[2738.785s][info][gc,heap        ] GC(1894) PSOldGen: 174267K->175935K(1398272K)
[2738.785s][info][gc,metaspace   ] GC(1894) Metaspace: 90764K(98736K)->90764K(98736K) NonClass: 79428K(83888K)->79428K(83888K) Class: 11335K(14848K)->11335K(14848K)
[2738.785s][info][gc             ] GC(1894) Pause Young (Allocation Failure) 840M->174M(2041M) 2.499ms
[2738.785s][info][gc,cpu         ] GC(1894) User=0.00s Sys=0.00s Real=0.00s
[2740.553s][info][gc,start       ] GC(1895) Pause Young (Allocation Failure)
[2740.557s][info][gc,heap        ] GC(1895) PSYoungGen: 687625K->6113K(690688K)
[2740.557s][info][gc,heap        ] GC(1895) PSOldGen: 175935K->177788K(1398272K)
[2740.557s][info][gc,metaspace   ] GC(1895) Metaspace: 90764K(98736K)->90764K(98736K) NonClass: 79428K(83888K)->79428K(83888K) Class: 11335K(14848K)->11335K(14848K)
[2740.557s][info][gc             ] GC(1895) Pause Young (Allocation Failure) 843M->179M(2040M) 4.297ms
[2740.557s][info][gc,cpu         ] GC(1895) User=0.00s Sys=0.00s Real=0.00s
[2741.303s][info][gc,start       ] GC(1896) Pause Young (Allocation Failure)
[2741.306s][info][gc,heap        ] GC(1896) PSYoungGen: 690657K->3430K(691200K)
[2741.306s][info][gc,heap        ] GC(1896) PSOldGen: 177788K->179897K(1398272K)
[2741.306s][info][gc,metaspace   ] GC(1896) Metaspace: 90764K(98736K)->90764K(98736K) NonClass: 79428K(83888K)->79428K(83888K) Class: 11335K(14848K)->11335K(14848K)
[2741.306s][info][gc             ] GC(1896) Pause Young (Allocation Failure) 848M->179M(2040M) 2.879ms
[2741.306s][info][gc,cpu         ] GC(1896) User=0.00s Sys=0.00s Real=0.00s
[2743.437s][info][gc,start       ] GC(1897) Pause Young (Allocation Failure)
[2743.440s][info][gc,heap        ] GC(1897) PSYoungGen: 686950K->3170K(691200K)
[2743.440s][info][gc,heap        ] GC(1897) PSOldGen: 179897K->182784K(1398272K)
[2743.440s][info][gc,metaspace   ] GC(1897) Metaspace: 90764K(98736K)->90764K(98736K) NonClass: 79428K(83888K)->79428K(83888K) Class: 11335K(14848K)->11335K(14848K)
[2743.440s][info][gc             ] GC(1897) Pause Young (Allocation Failure) 846M->181M(2040M) 3.076ms
[2743.440s][info][gc,cpu         ] GC(1897) User=0.06s Sys=0.02s Real=0.01s
[2744.084s][info][gc,start       ] GC(1898) Pause Young (Allocation Failure)
[2744.088s][info][gc,heap        ] GC(1898) PSYoungGen: 683953K->2742K(691712K)
[2744.088s][info][gc,heap        ] GC(1898) PSOldGen: 182784K->185328K(1398272K)
[2744.088s][info][gc,metaspace   ] GC(1898) Metaspace: 90764K(98736K)->90764K(98736K) NonClass: 79428K(83888K)->79428K(83888K) Class: 11335K(14848K)->11335K(14848K)
[2744.088s][info][gc             ] GC(1898) Pause Young (Allocation Failure) 846M->183M(2041M) 3.285ms
[2744.088s][info][gc,cpu         ] GC(1898) User=0.00s Sys=0.00s Real=0.00s
[2746.118s][info][gc,start       ] GC(1899) Pause Young (GCLocker Initiated GC)
[2746.121s][info][gc,heap        ] GC(1899) PSYoungGen: 687286K->4614K(691712K)
[2746.121s][info][gc,heap        ] GC(1899) PSOldGen: 185328K->186951K(1398272K)
[2746.121s][info][gc,metaspace   ] GC(1899) Metaspace: 90764K(98736K)->90764K(98736K) NonClass: 79428K(83888K)->79428K(83888K) Class: 11335K(14848K)->11335K(14848K)
[2746.121s][info][gc             ] GC(1899) Pause Young (GCLocker Initiated GC) 852M->187M(2041M) 2.915ms
[2746.121s][info][gc,cpu         ] GC(1899) User=0.00s Sys=0.00s Real=0.00s
[2747.277s][info][gc,start       ] GC(1900) Pause Young (Allocation Failure)
[2747.281s][info][gc,heap        ] GC(1900) PSYoungGen: 689158K->4116K(691712K)
[2747.281s][info][gc,heap        ] GC(1900) PSOldGen: 195271K->197584K(1398272K)
[2747.281s][info][gc,metaspace   ] GC(1900) Metaspace: 90764K(98736K)->90764K(98736K) NonClass: 79428K(83888K)->79428K(83888K) Class: 11335K(14848K)->11335K(14848K)
[2747.281s][info][gc             ] GC(1900) Pause Young (Allocation Failure) 863M->196M(2041M) 3.453ms
[2747.281s][info][gc,cpu         ] GC(1900) User=0.00s Sys=0.00s Real=0.00s
[2748.333s][info][gc,start       ] GC(1901) Pause Young (Allocation Failure)
[2748.336s][info][gc,heap        ] GC(1901) PSYoungGen: 688660K->3842K(691712K)
[2748.336s][info][gc,heap        ] GC(1901) PSOldGen: 197584K->200056K(1398272K)
[2748.336s][info][gc,metaspace   ] GC(1901) Metaspace: 90764K(98736K)->90764K(98736K) NonClass: 79428K(83888K)->79428K(83888K) Class: 11335K(14848K)->11335K(14848K)
[2748.336s][info][gc             ] GC(1901) Pause Young (Allocation Failure) 865M->199M(2041M) 3.275ms
[2748.336s][info][gc,cpu         ] GC(1901) User=0.00s Sys=0.00s Real=0.01s
[2750.255s][info][gc,start       ] GC(1902) Pause Young (Allocation Failure)
[2750.259s][info][gc,heap        ] GC(1902) PSYoungGen: 688386K->6646K(688128K)
[2750.259s][info][gc,heap        ] GC(1902) PSOldGen: 200056K->203631K(1398272K)
[2750.259s][info][gc,metaspace   ] GC(1902) Metaspace: 90764K(98736K)->90764K(98736K) NonClass: 79428K(83888K)->79428K(83888K) Class: 11335K(14848K)->11335K(14848K)
[2750.259s][info][gc             ] GC(1902) Pause Young (Allocation Failure) 867M->205M(2037M) 4.380ms
[2750.259s][info][gc,cpu         ] GC(1902) User=0.00s Sys=0.00s Real=0.00s
[2750.984s][info][gc,start       ] GC(1903) Pause Young (Allocation Failure)
[2750.987s][info][gc,heap        ] GC(1903) PSYoungGen: 688033K->3101K(690176K)
[2750.987s][info][gc,heap        ] GC(1903) PSOldGen: 203631K->206370K(1398272K)
[2750.987s][info][gc,metaspace   ] GC(1903) Metaspace: 90764K(98736K)->90764K(98736K) NonClass: 79428K(83888K)->79428K(83888K) Class: 11335K(14848K)->11335K(14848K)
[2750.987s][info][gc             ] GC(1903) Pause Young (Allocation Failure) 870M->204M(2039M) 2.926ms
[2750.987s][info][gc,cpu         ] GC(1903) User=0.08s Sys=0.00s Real=0.00s
[2753.340s][info][gc,start       ] GC(1904) Pause Young (Allocation Failure)
[2753.343s][info][gc,heap        ] GC(1904) PSYoungGen: 684573K->3110K(690176K)
[2753.343s][info][gc,heap        ] GC(1904) PSOldGen: 206370K->209089K(1398272K)
[2753.343s][info][gc,metaspace   ] GC(1904) Metaspace: 90764K(98736K)->90764K(98736K) NonClass: 79428K(83888K)->79428K(83888K) Class: 11335K(14848K)->11335K(14848K)
[2753.343s][info][gc             ] GC(1904) Pause Young (Allocation Failure) 870M->207M(2039M) 3.234ms
[2753.343s][info][gc,cpu         ] GC(1904) User=0.00s Sys=0.00s Real=0.01s
[2754.181s][info][gc,start       ] GC(1905) Pause Young (Allocation Failure)
[2754.184s][info][gc,heap        ] GC(1905) PSYoungGen: 683264K->2670K(690176K)
[2754.184s][info][gc,heap        ] GC(1905) PSOldGen: 209089K->210613K(1398272K)
[2754.184s][info][gc,metaspace   ] GC(1905) Metaspace: 90764K(98736K)->90764K(98736K) NonClass: 79428K(83888K)->79428K(83888K) Class: 11335K(14848K)->11335K(14848K)
[2754.184s][info][gc             ] GC(1905) Pause Young (Allocation Failure) 871M->208M(2039M) 2.950ms
[2754.184s][info][gc,cpu         ] GC(1905) User=0.00s Sys=0.00s Real=0.00s
[2754.237s][info][gc,start       ] GC(1906) Pause Young (System.gc())
[2754.239s][info][gc,heap        ] GC(1906) PSYoungGen: 92682K->320K(689664K)
[2754.239s][info][gc,heap        ] GC(1906) PSOldGen: 210613K->212662K(1398272K)
[2754.239s][info][gc,metaspace   ] GC(1906) Metaspace: 90764K(98736K)->90764K(98736K) NonClass: 79428K(83888K)->79428K(83888K) Class: 11335K(14848K)->11335K(14848K)
[2754.239s][info][gc             ] GC(1906) Pause Young (System.gc()) 296M->207M(2039M) 2.106ms
[2754.239s][info][gc,cpu         ] GC(1906) User=0.00s Sys=0.00s Real=0.00s
[2754.239s][info][gc,start       ] GC(1907) Pause Full (System.gc())
[2754.243s][info][gc,phases,start] GC(1907) Phase 1: Mark live objects
[2754.298s][info][gc,phases      ] GC(1907) Phase 1: Mark live objects 54.475ms
[2754.298s][info][gc,phases,start] GC(1907) Phase 2: Compute new object addresses
[2754.312s][info][gc,phases      ] GC(1907) Phase 2: Compute new object addresses 14.367ms
[2754.312s][info][gc,phases,start] GC(1907) Phase 3: Adjust pointers
[2754.348s][info][gc,phases      ] GC(1907) Phase 3: Adjust pointers 36.050ms
[2754.348s][info][gc,phases,start] GC(1907) Phase 4: Move objects
[2754.356s][info][gc,phases      ] GC(1907) Phase 4: Move objects 7.115ms
[2754.358s][info][gc,heap        ] GC(1907) PSYoungGen: 320K->0K(689664K)
[2754.358s][info][gc,heap        ] GC(1907) PSOldGen: 212662K->149623K(1398272K)
[2754.358s][info][gc,metaspace   ] GC(1907) Metaspace: 90764K(98736K)->90764K(98736K) NonClass: 79428K(83888K)->79428K(83888K) Class: 11335K(14848K)->11335K(14848K)
[2754.358s][info][gc             ] GC(1907) Pause Full (System.gc()) 207M->146M(2039M) 118.686ms
[2754.358s][info][gc,cpu         ] GC(1907) User=0.11s Sys=0.00s Real=0.12s
[2755.256s][info][gc,start       ] GC(1908) Pause Young (Allocation Failure)
[2755.259s][info][gc,heap        ] GC(1908) PSYoungGen: 681472K->3570K(690176K)
[2755.259s][info][gc,heap        ] GC(1908) PSOldGen: 149623K->149623K(1398272K)
[2755.259s][info][gc,metaspace   ] GC(1908) Metaspace: 90764K(98736K)->90764K(98736K) NonClass: 79428K(83888K)->79428K(83888K) Class: 11335K(14848K)->11335K(14848K)
[2755.259s][info][gc             ] GC(1908) Pause Young (Allocation Failure) 811M->149M(2039M) 2.496ms
[2755.259s][info][gc,cpu         ] GC(1908) User=0.00s Sys=0.00s Real=0.00s
[2757.598s][info][gc,start       ] GC(1909) Pause Young (Allocation Failure)
[2757.600s][info][gc,heap        ] GC(1909) PSYoungGen: 685042K->2368K(690688K)
[2757.600s][info][gc,heap        ] GC(1909) PSOldGen: 149623K->152388K(1398272K)
[2757.600s][info][gc,metaspace   ] GC(1909) Metaspace: 90764K(98736K)->90764K(98736K) NonClass: 79428K(83888K)->79428K(83888K) Class: 11335K(14848K)->11335K(14848K)
[2757.600s][info][gc             ] GC(1909) Pause Young (Allocation Failure) 815M->151M(2040M) 2.518ms
[2757.600s][info][gc,cpu         ] GC(1909) User=0.00s Sys=0.00s Real=0.00s
[2759.707s][info][gc,start       ] GC(1910) Pause Young (Allocation Failure)
[2759.709s][info][gc,heap        ] GC(1910) PSYoungGen: 684864K->3043K(690688K)
[2759.709s][info][gc,heap        ] GC(1910) PSOldGen: 152388K->154030K(1398272K)
[2759.709s][info][gc,metaspace   ] GC(1910) Metaspace: 90764K(98736K)->90764K(98736K) NonClass: 79428K(83888K)->79428K(83888K) Class: 11335K(14848K)->11335K(14848K)
[2759.709s][info][gc             ] GC(1910) Pause Young (Allocation Failure) 817M->153M(2040M) 2.364ms
[2759.709s][info][gc,cpu         ] GC(1910) User=0.00s Sys=0.00s Real=0.00s
[2760.333s][info][gc,start       ] GC(1911) Pause Young (Allocation Failure)
[2760.337s][info][gc,heap        ] GC(1911) PSYoungGen: 684140K->7651K(677888K)
[2760.337s][info][gc,heap        ] GC(1911) PSOldGen: 154030K->169088K(1398272K)
[2760.337s][info][gc,metaspace   ] GC(1911) Metaspace: 90764K(98736K)->90764K(98736K) NonClass: 79428K(83888K)->79428K(83888K) Class: 11335K(14848K)->11335K(14848K)
[2760.337s][info][gc             ] GC(1911) Pause Young (Allocation Failure) 818M->172M(2027M) 4.055ms
[2760.337s][info][gc,cpu         ] GC(1911) User=0.00s Sys=0.00s Real=0.00s
[2761.866s][info][gc,start       ] GC(1912) Pause Young (Allocation Failure)
[2761.869s][info][gc,heap        ] GC(1912) PSYoungGen: 677859K->5819K(684544K)
[2761.869s][info][gc,heap        ] GC(1912) PSOldGen: 169088K->172070K(1398272K)
[2761.869s][info][gc,metaspace   ] GC(1912) Metaspace: 90764K(98736K)->90764K(98736K) NonClass: 79428K(83888K)->79428K(83888K) Class: 11335K(14848K)->11335K(14848K)
[2761.869s][info][gc             ] GC(1912) Pause Young (Allocation Failure) 827M->173M(2034M) 3.109ms
[2761.869s][info][gc,cpu         ] GC(1912) User=0.00s Sys=0.00s Real=0.00s
[2764.100s][info][gc,start       ] GC(1913) Pause Young (Allocation Failure)
[2764.103s][info][gc,heap        ] GC(1913) PSYoungGen: 676027K->3201K(685568K)
[2764.103s][info][gc,heap        ] GC(1913) PSOldGen: 172070K->173783K(1398272K)
[2764.103s][info][gc,metaspace   ] GC(1913) Metaspace: 90764K(98736K)->90764K(98736K) NonClass: 79428K(83888K)->79428K(83888K) Class: 11335K(14848K)->11335K(14848K)
[2764.103s][info][gc             ] GC(1913) Pause Young (Allocation Failure) 828M->172M(2035M) 2.555ms
[2764.103s][info][gc,cpu         ] GC(1913) User=0.00s Sys=0.00s Real=0.01s
[2765.974s][info][gc,start       ] GC(1914) Pause Young (Allocation Failure)
[2765.977s][info][gc,heap        ] GC(1914) PSYoungGen: 674945K->4308K(685056K)
[2765.977s][info][gc,heap        ] GC(1914) PSOldGen: 173783K->175639K(1398272K)
[2765.977s][info][gc,metaspace   ] GC(1914) Metaspace: 90764K(98736K)->90764K(98736K) NonClass: 79428K(83888K)->79428K(83888K) Class: 11335K(14848K)->11335K(14848K)
[2765.977s][info][gc             ] GC(1914) Pause Young (Allocation Failure) 828M->175M(2034M) 2.893ms
[2765.977s][info][gc,cpu         ] GC(1914) User=0.00s Sys=0.00s Real=0.00s
[2766.723s][info][gc,start       ] GC(1915) Pause Young (Allocation Failure)
[2766.726s][info][gc,heap        ] GC(1915) PSYoungGen: 676052K->3411K(686592K)
[2766.726s][info][gc,heap        ] GC(1915) PSOldGen: 175639K->177863K(1398272K)
[2766.726s][info][gc,metaspace   ] GC(1915) Metaspace: 90764K(98736K)->90764K(98736K) NonClass: 79428K(83888K)->79428K(83888K) Class: 11335K(14848K)->11335K(14848K)
[2766.726s][info][gc             ] GC(1915) Pause Young (Allocation Failure) 831M->177M(2036M) 3.170ms
[2766.726s][info][gc,cpu         ] GC(1915) User=0.00s Sys=0.00s Real=0.00s
[2768.924s][info][gc,start       ] GC(1916) Pause Young (Allocation Failure)
[2768.927s][info][gc,heap        ] GC(1916) PSYoungGen: 677203K->5344K(686080K)
[2768.927s][info][gc,heap        ] GC(1916) PSOldGen: 177863K->180692K(1398272K)
[2768.927s][info][gc,metaspace   ] GC(1916) Metaspace: 90764K(98736K)->90764K(98736K) NonClass: 79428K(83888K)->79428K(83888K) Class: 11335K(14848K)->11335K(14848K)
[2768.927s][info][gc             ] GC(1916) Pause Young (Allocation Failure) 835M->181M(2035M) 2.972ms
[2768.927s][info][gc,cpu         ] GC(1916) User=0.00s Sys=0.00s Real=0.00s
[2771.111s][info][gc,start       ] GC(1917) Pause Young (Allocation Failure)
[2771.114s][info][gc,heap        ] GC(1917) PSYoungGen: 679136K->5151K(687616K)
[2771.114s][info][gc,heap        ] GC(1917) PSOldGen: 180692K->182079K(1398272K)
[2771.114s][info][gc,metaspace   ] GC(1917) Metaspace: 90764K(98736K)->90764K(98736K) NonClass: 79428K(83888K)->79428K(83888K) Class: 11335K(14848K)->11335K(14848K)
[2771.114s][info][gc             ] GC(1917) Pause Young (Allocation Failure) 839M->182M(2037M) 2.793ms
[2771.114s][info][gc,cpu         ] GC(1917) User=0.00s Sys=0.00s Real=0.00s
[2772.063s][info][gc,start       ] GC(1918) Pause Young (Allocation Failure)
[2772.066s][info][gc,heap        ] GC(1918) PSYoungGen: 680780K->4120K(687104K)
[2772.066s][info][gc,heap        ] GC(1918) PSOldGen: 182079K->184048K(1398272K)
[2772.066s][info][gc,metaspace   ] GC(1918) Metaspace: 90764K(98736K)->90764K(98736K) NonClass: 79428K(83888K)->79428K(83888K) Class: 11335K(14848K)->11335K(14848K)
[2772.066s][info][gc             ] GC(1918) Pause Young (Allocation Failure) 842M->183M(2036M) 3.189ms
[2772.066s][info][gc,cpu         ] GC(1918) User=0.06s Sys=0.00s Real=0.00s
[2773.345s][info][gc,start       ] GC(1919) Pause Young (Allocation Failure)
[2773.347s][info][gc,heap        ] GC(1919) PSYoungGen: 679960K->3580K(688640K)
[2773.347s][info][gc,heap        ] GC(1919) PSOldGen: 184048K->186691K(1398272K)
[2773.347s][info][gc,metaspace   ] GC(1919) Metaspace: 90764K(98736K)->90764K(98736K) NonClass: 79428K(83888K)->79428K(83888K) Class: 11335K(14848K)->11335K(14848K)
[2773.347s][info][gc             ] GC(1919) Pause Young (Allocation Failure) 843M->185M(2038M) 2.783ms
[2773.348s][info][gc,cpu         ] GC(1919) User=0.00s Sys=0.02s Real=0.00s
[2775.564s][info][gc,start       ] GC(1920) Pause Young (GCLocker Initiated GC)
[2775.566s][info][gc,heap        ] GC(1920) PSYoungGen: 681468K->4111K(688128K)
[2775.567s][info][gc,heap        ] GC(1920) PSOldGen: 186731K->188827K(1398272K)
[2775.567s][info][gc,metaspace   ] GC(1920) Metaspace: 90764K(98736K)->90764K(98736K) NonClass: 79428K(83888K)->79428K(83888K) Class: 11335K(14848K)->11335K(14848K)
[2775.567s][info][gc             ] GC(1920) Pause Young (GCLocker Initiated GC) 847M->188M(2037M) 2.821ms
[2775.567s][info][gc,cpu         ] GC(1920) User=0.02s Sys=0.00s Real=0.01s
[2777.573s][info][gc,start       ] GC(1921) Pause Young (Allocation Failure)
[2777.578s][info][gc,heap        ] GC(1921) PSYoungGen: 681999K->5074K(689152K)
[2777.578s][info][gc,heap        ] GC(1921) PSOldGen: 188834K->190612K(1398272K)
[2777.578s][info][gc,metaspace   ] GC(1921) Metaspace: 90764K(98736K)->90764K(98736K) NonClass: 79428K(83888K)->79428K(83888K) Class: 11335K(14848K)->11335K(14848K)
[2777.578s][info][gc             ] GC(1921) Pause Young (Allocation Failure) 850M->191M(2038M) 4.638ms
[2777.578s][info][gc,cpu         ] GC(1921) User=0.00s Sys=0.00s Real=0.01s
[2778.269s][info][gc,start       ] GC(1922) Pause Young (Allocation Failure)
[2778.272s][info][gc,heap        ] GC(1922) PSYoungGen: 683800K->3229K(689152K)
[2778.272s][info][gc,heap        ] GC(1922) PSOldGen: 190612K->193201K(1398272K)
[2778.272s][info][gc,metaspace   ] GC(1922) Metaspace: 90764K(98736K)->90764K(98736K) NonClass: 79428K(83888K)->79428K(83888K) Class: 11335K(14848K)->11335K(14848K)
[2778.272s][info][gc             ] GC(1922) Pause Young (Allocation Failure) 853M->191M(2038M) 2.641ms
[2778.272s][info][gc,cpu         ] GC(1922) User=0.00s Sys=0.00s Real=0.00s
[2780.520s][info][gc,start       ] GC(1923) Pause Young (Allocation Failure)
[2780.523s][info][gc,heap        ] GC(1923) PSYoungGen: 682653K->2847K(689664K)
[2780.523s][info][gc,heap        ] GC(1923) PSOldGen: 193201K->196029K(1398272K)
[2780.523s][info][gc,metaspace   ] GC(1923) Metaspace: 90764K(98736K)->90764K(98736K) NonClass: 79428K(83888K)->79428K(83888K) Class: 11335K(14848K)->11335K(14848K)
[2780.523s][info][gc             ] GC(1923) Pause Young (Allocation Failure) 855M->194M(2039M) 2.819ms
[2780.523s][info][gc,cpu         ] GC(1923) User=0.00s Sys=0.00s Real=0.00s
[2781.348s][info][gc,start       ] GC(1924) Pause Young (Allocation Failure)
[2781.351s][info][gc,heap        ] GC(1924) PSYoungGen: 683295K->4179K(689664K)
[2781.351s][info][gc,heap        ] GC(1924) PSOldGen: 196029K->197505K(1398272K)
[2781.351s][info][gc,metaspace   ] GC(1924) Metaspace: 90764K(98736K)->90764K(98736K) NonClass: 79428K(83888K)->79428K(83888K) Class: 11335K(14848K)->11335K(14848K)
[2781.351s][info][gc             ] GC(1924) Pause Young (Allocation Failure) 858M->196M(2039M) 2.728ms
[2781.351s][info][gc,cpu         ] GC(1924) User=0.00s Sys=0.00s Real=0.00s
[2782.841s][info][gc,start       ] GC(1925) Pause Young (Allocation Failure)
[2782.845s][info][gc,heap        ] GC(1925) PSYoungGen: 684008K->2813K(690176K)
[2782.845s][info][gc,heap        ] GC(1925) PSOldGen: 197505K->200547K(1398272K)
[2782.845s][info][gc,metaspace   ] GC(1925) Metaspace: 90764K(98736K)->90764K(98736K) NonClass: 79428K(83888K)->79428K(83888K) Class: 11335K(14848K)->11335K(14848K)
[2782.845s][info][gc             ] GC(1925) Pause Young (Allocation Failure) 860M->198M(2039M) 3.724ms
[2782.845s][info][gc,cpu         ] GC(1925) User=0.00s Sys=0.00s Real=0.00s
[2784.483s][info][gc,start       ] GC(1926) Pause Young (Allocation Failure)
[2784.486s][info][gc,heap        ] GC(1926) PSYoungGen: 684285K->2626K(690176K)
[2784.486s][info][gc,heap        ] GC(1926) PSOldGen: 200547K->202618K(1398272K)
[2784.486s][info][gc,metaspace   ] GC(1926) Metaspace: 90764K(98736K)->90764K(98736K) NonClass: 79428K(83888K)->79428K(83888K) Class: 11335K(14848K)->11335K(14848K)
[2784.486s][info][gc             ] GC(1926) Pause Young (Allocation Failure) 864M->200M(2039M) 3.355ms
[2784.486s][info][gc,cpu         ] GC(1926) User=0.09s Sys=0.00s Real=0.01s
[2785.227s][info][gc,start       ] GC(1927) Pause Young (Allocation Failure)
[2785.230s][info][gc,heap        ] GC(1927) PSYoungGen: 684098K->3526K(690688K)
[2785.230s][info][gc,heap        ] GC(1927) PSOldGen: 202618K->204710K(1398272K)
[2785.230s][info][gc,metaspace   ] GC(1927) Metaspace: 90764K(98736K)->90764K(98736K) NonClass: 79428K(83888K)->79428K(83888K) Class: 11335K(14848K)->11335K(14848K)
[2785.230s][info][gc             ] GC(1927) Pause Young (Allocation Failure) 865M->203M(2040M) 2.895ms
[2785.230s][info][gc,cpu         ] GC(1927) User=0.00s Sys=0.00s Real=0.01s
[2787.354s][info][gc,start       ] GC(1928) Pause Young (Allocation Failure)
[2787.358s][info][gc,heap        ] GC(1928) PSYoungGen: 685510K->3411K(690176K)
[2787.358s][info][gc,heap        ] GC(1928) PSOldGen: 204710K->207675K(1398272K)
[2787.358s][info][gc,metaspace   ] GC(1928) Metaspace: 90764K(98736K)->90764K(98736K) NonClass: 79428K(83888K)->79428K(83888K) Class: 11335K(14848K)->11335K(14848K)
[2787.358s][info][gc             ] GC(1928) Pause Young (Allocation Failure) 869M->206M(2039M) 3.423ms
[2787.358s][info][gc,cpu         ] GC(1928) User=0.00s Sys=0.00s Real=0.02s
[2787.964s][info][gc,start       ] GC(1929) Pause Young (Allocation Failure)
[2787.968s][info][gc,heap        ] GC(1929) PSYoungGen: 685041K->2742K(691200K)
[2787.968s][info][gc,heap        ] GC(1929) PSOldGen: 207675K->210314K(1398272K)
[2787.968s][info][gc,metaspace   ] GC(1929) Metaspace: 90764K(98736K)->90764K(98736K) NonClass: 79428K(83888K)->79428K(83888K) Class: 11335K(14848K)->11335K(14848K)
[2787.968s][info][gc             ] GC(1929) Pause Young (Allocation Failure) 871M->208M(2040M) 4.021ms
[2787.968s][info][gc,cpu         ] GC(1929) User=0.00s Sys=0.00s Real=0.00s
[2789.930s][info][gc,start       ] GC(1930) Pause Young (Allocation Failure)
[2789.933s][info][gc,heap        ] GC(1930) PSYoungGen: 686262K->3762K(691200K)
[2789.933s][info][gc,heap        ] GC(1930) PSOldGen: 210314K->211885K(1398272K)
[2789.933s][info][gc,metaspace   ] GC(1930) Metaspace: 90764K(98736K)->90764K(98736K) NonClass: 79428K(83888K)->79428K(83888K) Class: 11335K(14848K)->11335K(14848K)
[2789.933s][info][gc             ] GC(1930) Pause Young (Allocation Failure) 875M->210M(2040M) 3.505ms
[2789.933s][info][gc,cpu         ] GC(1930) User=0.00s Sys=0.00s Real=0.00s
[2791.390s][info][gc,start       ] GC(1931) Pause Young (Allocation Failure)
[2791.393s][info][gc,heap        ] GC(1931) PSYoungGen: 687282K->3256K(691712K)
[2791.393s][info][gc,heap        ] GC(1931) PSOldGen: 211885K->214283K(1398272K)
[2791.393s][info][gc,metaspace   ] GC(1931) Metaspace: 90764K(98736K)->90764K(98736K) NonClass: 79428K(83888K)->79428K(83888K) Class: 11335K(14848K)->11335K(14848K)
[2791.393s][info][gc             ] GC(1931) Pause Young (Allocation Failure) 878M->212M(2041M) 2.904ms
[2791.393s][info][gc,cpu         ] GC(1931) User=0.06s Sys=0.00s Real=0.00s
[2791.541s][info][gc,start       ] GC(1932) Pause Young (System.gc())
[2791.543s][info][gc,heap        ] GC(1932) PSYoungGen: 227453K->448K(691712K)
[2791.543s][info][gc,heap        ] GC(1932) PSOldGen: 214283K->216317K(1398272K)
[2791.543s][info][gc,metaspace   ] GC(1932) Metaspace: 90764K(98736K)->90764K(98736K) NonClass: 79428K(83888K)->79428K(83888K) Class: 11335K(14848K)->11335K(14848K)
[2791.543s][info][gc             ] GC(1932) Pause Young (System.gc()) 431M->211M(2041M) 2.246ms
[2791.543s][info][gc,cpu         ] GC(1932) User=0.00s Sys=0.00s Real=0.00s
[2791.544s][info][gc,start       ] GC(1933) Pause Full (System.gc())
[2791.545s][info][gc,phases,start] GC(1933) Phase 1: Mark live objects
[2791.599s][info][gc,phases      ] GC(1933) Phase 1: Mark live objects 54.128ms
[2791.599s][info][gc,phases,start] GC(1933) Phase 2: Compute new object addresses
[2791.614s][info][gc,phases      ] GC(1933) Phase 2: Compute new object addresses 14.271ms
[2791.614s][info][gc,phases,start] GC(1933) Phase 3: Adjust pointers
[2791.649s][info][gc,phases      ] GC(1933) Phase 3: Adjust pointers 35.810ms
[2791.650s][info][gc,phases,start] GC(1933) Phase 4: Move objects
[2791.657s][info][gc,phases      ] GC(1933) Phase 4: Move objects 7.792ms
[2791.660s][info][gc,heap        ] GC(1933) PSYoungGen: 448K->0K(691712K)
[2791.660s][info][gc,heap        ] GC(1933) PSOldGen: 216317K->149613K(1398272K)
[2791.660s][info][gc,metaspace   ] GC(1933) Metaspace: 90764K(98736K)->90764K(98736K) NonClass: 79428K(83888K)->79428K(83888K) Class: 11335K(14848K)->11335K(14848K)
[2791.660s][info][gc             ] GC(1933) Pause Full (System.gc()) 211M->146M(2041M) 116.331ms
[2791.660s][info][gc,cpu         ] GC(1933) User=0.11s Sys=0.02s Real=0.11s
[2792.549s][info][gc,start       ] GC(1934) Pause Young (Allocation Failure)
[2792.552s][info][gc,heap        ] GC(1934) PSYoungGen: 684544K->3656K(691712K)
[2792.552s][info][gc,heap        ] GC(1934) PSOldGen: 149613K->149613K(1398272K)
[2792.552s][info][gc,metaspace   ] GC(1934) Metaspace: 90764K(98736K)->90764K(98736K) NonClass: 79428K(83888K)->79428K(83888K) Class: 11335K(14848K)->11335K(14848K)
[2792.552s][info][gc             ] GC(1934) Pause Young (Allocation Failure) 814M->149M(2041M) 2.794ms
[2792.552s][info][gc,cpu         ] GC(1934) User=0.00s Sys=0.00s Real=0.01s
[2794.933s][info][gc,start       ] GC(1935) Pause Young (Allocation Failure)
[2794.936s][info][gc,heap        ] GC(1935) PSYoungGen: 688200K->2254K(691712K)
[2794.936s][info][gc,heap        ] GC(1935) PSOldGen: 149613K->152189K(1398272K)
[2794.936s][info][gc,metaspace   ] GC(1935) Metaspace: 90764K(98736K)->90764K(98736K) NonClass: 79428K(83888K)->79428K(83888K) Class: 11335K(14848K)->11335K(14848K)
[2794.936s][info][gc             ] GC(1935) Pause Young (Allocation Failure) 818M->150M(2041M) 2.498ms
[2794.936s][info][gc,cpu         ] GC(1935) User=0.00s Sys=0.00s Real=0.00s
[2797.035s][info][gc,start       ] GC(1936) Pause Young (Allocation Failure)
[2797.037s][info][gc,heap        ] GC(1936) PSYoungGen: 686798K->1876K(692224K)
[2797.038s][info][gc,heap        ] GC(1936) PSOldGen: 152189K->153703K(1398272K)
[2797.038s][info][gc,metaspace   ] GC(1936) Metaspace: 90764K(98736K)->90764K(98736K) NonClass: 79428K(83888K)->79428K(83888K) Class: 11335K(14848K)->11335K(14848K)
[2797.038s][info][gc             ] GC(1936) Pause Young (Allocation Failure) 819M->151M(2041M) 2.401ms
[2797.038s][info][gc,cpu         ] GC(1936) User=0.00s Sys=0.00s Real=0.00s
[2797.660s][info][gc,start       ] GC(1937) Pause Young (Allocation Failure)
[2797.663s][info][gc,heap        ] GC(1937) PSYoungGen: 684073K->5125K(691712K)
[2797.663s][info][gc,heap        ] GC(1937) PSOldGen: 153703K->159158K(1398272K)
[2797.663s][info][gc,metaspace   ] GC(1937) Metaspace: 90764K(98736K)->90764K(98736K) NonClass: 79428K(83888K)->79428K(83888K) Class: 11335K(14848K)->11335K(14848K)
[2797.663s][info][gc             ] GC(1937) Pause Young (Allocation Failure) 818M->160M(2041M) 3.256ms
[2797.663s][info][gc,cpu         ] GC(1937) User=0.00s Sys=0.00s Real=0.00s
[2799.319s][info][gc,start       ] GC(1938) Pause Young (Allocation Failure)
[2799.322s][info][gc,heap        ] GC(1938) PSYoungGen: 690181K->3187K(691712K)
[2799.322s][info][gc,heap        ] GC(1938) PSOldGen: 159158K->161851K(1398272K)
[2799.322s][info][gc,metaspace   ] GC(1938) Metaspace: 90764K(98736K)->90764K(98736K) NonClass: 79428K(83888K)->79428K(83888K) Class: 11335K(14848K)->11335K(14848K)
[2799.322s][info][gc             ] GC(1938) Pause Young (Allocation Failure) 829M->161M(2041M) 2.904ms
[2799.322s][info][gc,cpu         ] GC(1938) User=0.00s Sys=0.00s Real=0.00s
[2801.672s][info][gc,start       ] GC(1939) Pause Young (Allocation Failure)
[2801.675s][info][gc,heap        ] GC(1939) PSYoungGen: 686776K->2724K(691712K)
[2801.675s][info][gc,heap        ] GC(1939) PSOldGen: 161851K->163576K(1398272K)
[2801.675s][info][gc,metaspace   ] GC(1939) Metaspace: 90764K(98736K)->90764K(98736K) NonClass: 79428K(83888K)->79428K(83888K) Class: 11335K(14848K)->11335K(14848K)
[2801.675s][info][gc             ] GC(1939) Pause Young (Allocation Failure) 828M->162M(2041M) 3.061ms
[2801.675s][info][gc,cpu         ] GC(1939) User=0.06s Sys=0.00s Real=0.00s
[2803.287s][info][gc,start       ] GC(1940) Pause Young (Allocation Failure)
[2803.290s][info][gc,heap        ] GC(1940) PSYoungGen: 687268K->2721K(692224K)
[2803.290s][info][gc,heap        ] GC(1940) PSOldGen: 163576K->165446K(1398272K)
[2803.290s][info][gc,metaspace   ] GC(1940) Metaspace: 90764K(98736K)->90764K(98736K) NonClass: 79428K(83888K)->79428K(83888K) Class: 11335K(14848K)->11335K(14848K)
[2803.290s][info][gc             ] GC(1940) Pause Young (Allocation Failure) 830M->164M(2041M) 2.651ms
[2803.290s][info][gc,cpu         ] GC(1940) User=0.00s Sys=0.00s Real=0.00s
[2804.027s][info][gc,start       ] GC(1941) Pause Young (Allocation Failure)
[2804.030s][info][gc,heap        ] GC(1941) PSYoungGen: 688289K->3564K(692224K)
[2804.030s][info][gc,heap        ] GC(1941) PSOldGen: 165446K->167648K(1398272K)
[2804.030s][info][gc,metaspace   ] GC(1941) Metaspace: 90764K(98736K)->90764K(98736K) NonClass: 79428K(83888K)->79428K(83888K) Class: 11335K(14848K)->11335K(14848K)
[2804.030s][info][gc             ] GC(1941) Pause Young (Allocation Failure) 833M->167M(2041M) 2.622ms
[2804.030s][info][gc,cpu         ] GC(1941) User=0.00s Sys=0.00s Real=0.00s
[2806.482s][info][gc,start       ] GC(1942) Pause Young (Allocation Failure)
[2806.484s][info][gc,heap        ] GC(1942) PSYoungGen: 689132K->2262K(692736K)
[2806.484s][info][gc,heap        ] GC(1942) PSOldGen: 167648K->169855K(1398272K)
[2806.484s][info][gc,metaspace   ] GC(1942) Metaspace: 90764K(98736K)->90764K(98736K) NonClass: 79428K(83888K)->79428K(83888K) Class: 11335K(14848K)->11335K(14848K)
[2806.485s][info][gc             ] GC(1942) Pause Young (Allocation Failure) 836M->168M(2042M) 2.579ms
[2806.485s][info][gc,cpu         ] GC(1942) User=0.00s Sys=0.00s Real=0.00s
[2808.711s][info][gc,start       ] GC(1943) Pause Young (Allocation Failure)
[2808.713s][info][gc,heap        ] GC(1943) PSYoungGen: 688296K->2590K(692736K)
[2808.713s][info][gc,heap        ] GC(1943) PSOldGen: 169855K->171493K(1398272K)
[2808.713s][info][gc,metaspace   ] GC(1943) Metaspace: 90764K(98736K)->90764K(98736K) NonClass: 79428K(83888K)->79428K(83888K) Class: 11335K(14848K)->11335K(14848K)
[2808.713s][info][gc             ] GC(1943) Pause Young (Allocation Failure) 838M->170M(2042M) 2.396ms
[2808.713s][info][gc,cpu         ] GC(1943) User=0.00s Sys=0.00s Real=0.00s
[2809.337s][info][gc,start       ] GC(1944) Pause Young (Allocation Failure)
[2809.341s][info][gc,heap        ] GC(1944) PSYoungGen: 686275K->5124K(691712K)
[2809.341s][info][gc,heap        ] GC(1944) PSOldGen: 171493K->189441K(1398272K)
[2809.341s][info][gc,metaspace   ] GC(1944) Metaspace: 90764K(98736K)->90764K(98736K) NonClass: 79428K(83888K)->79428K(83888K) Class: 11335K(14848K)->11335K(14848K)
[2809.341s][info][gc             ] GC(1944) Pause Young (Allocation Failure) 837M->190M(2041M) 4.029ms
[2809.341s][info][gc,cpu         ] GC(1944) User=0.00s Sys=0.00s Real=0.00s
[2811.015s][info][gc,start       ] GC(1945) Pause Young (Allocation Failure)
[2811.018s][info][gc,heap        ] GC(1945) PSYoungGen: 690692K->6206K(692224K)
[2811.018s][info][gc,heap        ] GC(1945) PSOldGen: 189441K->192463K(1398272K)
[2811.018s][info][gc,metaspace   ] GC(1945) Metaspace: 90764K(98736K)->90764K(98736K) NonClass: 79428K(83888K)->79428K(83888K) Class: 11335K(14848K)->11335K(14848K)
[2811.018s][info][gc             ] GC(1945) Pause Young (Allocation Failure) 859M->194M(2041M) 3.303ms
[2811.018s][info][gc,cpu         ] GC(1945) User=0.06s Sys=0.02s Real=0.00s
[2813.266s][info][gc,start       ] GC(1946) Pause Young (Allocation Failure)
[2813.268s][info][gc,heap        ] GC(1946) PSYoungGen: 691081K->2502K(691200K)
[2813.268s][info][gc,heap        ] GC(1946) PSOldGen: 192463K->194178K(1398272K)
[2813.268s][info][gc,metaspace   ] GC(1946) Metaspace: 90764K(98736K)->90764K(98736K) NonClass: 79428K(83888K)->79428K(83888K) Class: 11335K(14848K)->11335K(14848K)
[2813.268s][info][gc             ] GC(1946) Pause Young (Allocation Failure) 862M->192M(2040M) 2.389ms
[2813.268s][info][gc,cpu         ] GC(1946) User=0.09s Sys=0.00s Real=0.01s
[2814.929s][info][gc,start       ] GC(1947) Pause Young (Allocation Failure)
[2814.932s][info][gc,heap        ] GC(1947) PSYoungGen: 687046K->2498K(691712K)
[2814.932s][info][gc,heap        ] GC(1947) PSOldGen: 194178K->196029K(1398272K)
[2814.932s][info][gc,metaspace   ] GC(1947) Metaspace: 90764K(98736K)->90764K(98736K) NonClass: 79428K(83888K)->79428K(83888K) Class: 11335K(14848K)->11335K(14848K)
[2814.932s][info][gc             ] GC(1947) Pause Young (Allocation Failure) 860M->193M(2041M) 3.025ms
[2814.933s][info][gc,cpu         ] GC(1947) User=0.00s Sys=0.00s Real=0.00s
[2815.689s][info][gc,start       ] GC(1948) Pause Young (Allocation Failure)
[2815.692s][info][gc,heap        ] GC(1948) PSYoungGen: 687042K->3467K(692224K)
[2815.692s][info][gc,heap        ] GC(1948) PSOldGen: 196029K->198019K(1398272K)
[2815.692s][info][gc,metaspace   ] GC(1948) Metaspace: 90764K(98736K)->90764K(98736K) NonClass: 79428K(83888K)->79428K(83888K) Class: 11335K(14848K)->11335K(14848K)
[2815.692s][info][gc             ] GC(1948) Pause Young (Allocation Failure) 862M->196M(2041M) 2.919ms
[2815.692s][info][gc,cpu         ] GC(1948) User=0.00s Sys=0.00s Real=0.00s
[2817.835s][info][gc,start       ] GC(1949) Pause Young (Allocation Failure)
[2817.838s][info][gc,heap        ] GC(1949) PSYoungGen: 688523K->3004K(691712K)
[2817.838s][info][gc,heap        ] GC(1949) PSOldGen: 198019K->200967K(1398272K)
[2817.838s][info][gc,metaspace   ] GC(1949) Metaspace: 90764K(98736K)->90764K(98736K) NonClass: 79428K(83888K)->79428K(83888K) Class: 11335K(14848K)->11335K(14848K)
[2817.838s][info][gc             ] GC(1949) Pause Young (Allocation Failure) 865M->199M(2041M) 3.060ms
[2817.838s][info][gc,cpu         ] GC(1949) User=0.00s Sys=0.00s Real=0.00s
[2818.478s][info][gc,start       ] GC(1950) Pause Young (Allocation Failure)
[2818.481s][info][gc,heap        ] GC(1950) PSYoungGen: 684432K->2838K(692736K)
[2818.481s][info][gc,heap        ] GC(1950) PSOldGen: 200967K->203375K(1398272K)
[2818.481s][info][gc,metaspace   ] GC(1950) Metaspace: 90764K(98736K)->90764K(98736K) NonClass: 79428K(83888K)->79428K(83888K) Class: 11335K(14848K)->11335K(14848K)
[2818.481s][info][gc             ] GC(1950) Pause Young (Allocation Failure) 864M->201M(2042M) 2.980ms
[2818.481s][info][gc,cpu         ] GC(1950) User=0.00s Sys=0.00s Real=0.00s
[2820.564s][info][gc,start       ] GC(1951) Pause Young (Allocation Failure)
[2820.567s][info][gc,heap        ] GC(1951) PSYoungGen: 688918K->3686K(692224K)
[2820.567s][info][gc,heap        ] GC(1951) PSOldGen: 203375K->205107K(1398272K)
[2820.567s][info][gc,metaspace   ] GC(1951) Metaspace: 90764K(98736K)->90764K(98736K) NonClass: 79428K(83888K)->79428K(83888K) Class: 11335K(14848K)->11335K(14848K)
[2820.567s][info][gc             ] GC(1951) Pause Young (Allocation Failure) 871M->203M(2041M) 2.986ms
[2820.567s][info][gc,cpu         ] GC(1951) User=0.00s Sys=0.00s Real=0.00s
[2821.658s][info][gc,start       ] GC(1952) Pause Young (Allocation Failure)
[2821.662s][info][gc,heap        ] GC(1952) PSYoungGen: 689261K->5006K(691712K)
[2821.662s][info][gc,heap        ] GC(1952) PSOldGen: 205107K->215659K(1398272K)
[2821.662s][info][gc,metaspace   ] GC(1952) Metaspace: 90764K(98736K)->90764K(98736K) NonClass: 79428K(83888K)->79428K(83888K) Class: 11335K(14848K)->11335K(14848K)
[2821.662s][info][gc             ] GC(1952) Pause Young (Allocation Failure) 873M->215M(2041M) 3.880ms
[2821.662s][info][gc,cpu         ] GC(1952) User=0.00s Sys=0.00s Real=0.00s
[2822.805s][info][gc,start       ] GC(1953) Pause Young (Allocation Failure)
[2822.807s][info][gc,heap        ] GC(1953) PSYoungGen: 689794K->3190K(692224K)
[2822.807s][info][gc,heap        ] GC(1953) PSOldGen: 215659K->218027K(1398272K)
[2822.807s][info][gc,metaspace   ] GC(1953) Metaspace: 90764K(98736K)->90764K(98736K) NonClass: 79428K(83888K)->79428K(83888K) Class: 11335K(14848K)->11335K(14848K)
[2822.807s][info][gc             ] GC(1953) Pause Young (Allocation Failure) 884M->216M(2041M) 2.792ms
[2822.807s][info][gc,cpu         ] GC(1953) User=0.00s Sys=0.00s Real=0.00s
[2824.645s][info][gc,start       ] GC(1954) Pause Young (Allocation Failure)
[2824.648s][info][gc,heap        ] GC(1954) PSYoungGen: 685220K->3192K(692736K)
[2824.648s][info][gc,heap        ] GC(1954) PSOldGen: 218027K->220705K(1398272K)
[2824.648s][info][gc,metaspace   ] GC(1954) Metaspace: 90764K(98736K)->90764K(98736K) NonClass: 79428K(83888K)->79428K(83888K) Class: 11335K(14848K)->11335K(14848K)
[2824.648s][info][gc             ] GC(1954) Pause Young (Allocation Failure) 882M->218M(2042M) 2.889ms
[2824.648s][info][gc,cpu         ] GC(1954) User=0.00s Sys=0.00s Real=0.01s
[2825.390s][info][gc,start       ] GC(1955) Pause Young (Allocation Failure)
[2825.393s][info][gc,heap        ] GC(1955) PSYoungGen: 689784K->3208K(692736K)
[2825.393s][info][gc,heap        ] GC(1955) PSOldGen: 220705K->223129K(1398272K)
[2825.393s][info][gc,metaspace   ] GC(1955) Metaspace: 90764K(98736K)->90764K(98736K) NonClass: 79428K(83888K)->79428K(83888K) Class: 11335K(14848K)->11335K(14848K)
[2825.393s][info][gc             ] GC(1955) Pause Young (Allocation Failure) 889M->221M(2042M) 2.839ms
[2825.393s][info][gc,cpu         ] GC(1955) User=0.06s Sys=0.02s Real=0.01s
[2827.739s][info][gc,start       ] GC(1956) Pause Young (Allocation Failure)
[2827.742s][info][gc,heap        ] GC(1956) PSYoungGen: 689193K->2179K(693248K)
[2827.742s][info][gc,heap        ] GC(1956) PSOldGen: 223129K->225844K(1398272K)
[2827.742s][info][gc,metaspace   ] GC(1956) Metaspace: 90764K(98736K)->90764K(98736K) NonClass: 79428K(83888K)->79428K(83888K) Class: 11335K(14848K)->11335K(14848K)
[2827.742s][info][gc             ] GC(1956) Pause Young (Allocation Failure) 890M->222M(2042M) 3.257ms
[2827.742s][info][gc,cpu         ] GC(1956) User=0.00s Sys=0.00s Real=0.01s
[2828.573s][info][gc,start       ] GC(1957) Pause Young (Allocation Failure)
[2828.575s][info][gc,heap        ] GC(1957) PSYoungGen: 689459K->2800K(693248K)
[2828.576s][info][gc,heap        ] GC(1957) PSOldGen: 225844K->227250K(1398272K)
[2828.576s][info][gc,metaspace   ] GC(1957) Metaspace: 90764K(98736K)->90764K(98736K) NonClass: 79428K(83888K)->79428K(83888K) Class: 11335K(14848K)->11335K(14848K)
[2828.576s][info][gc             ] GC(1957) Pause Young (Allocation Failure) 893M->224M(2042M) 2.851ms
[2828.576s][info][gc,cpu         ] GC(1957) User=0.00s Sys=0.00s Real=0.00s
[2828.605s][info][gc,start       ] GC(1958) Pause Young (System.gc())
[2828.607s][info][gc,heap        ] GC(1958) PSYoungGen: 62784K->239K(692224K)
[2828.607s][info][gc,heap        ] GC(1958) PSOldGen: 227250K->229195K(1398272K)
[2828.607s][info][gc,metaspace   ] GC(1958) Metaspace: 90764K(98736K)->90764K(98736K) NonClass: 79428K(83888K)->79428K(83888K) Class: 11335K(14848K)->11335K(14848K)
[2828.607s][info][gc             ] GC(1958) Pause Young (System.gc()) 283M->224M(2041M) 2.277ms
[2828.607s][info][gc,cpu         ] GC(1958) User=0.00s Sys=0.00s Real=0.00s
[2828.607s][info][gc,start       ] GC(1959) Pause Full (System.gc())
[2828.609s][info][gc,phases,start] GC(1959) Phase 1: Mark live objects
[2828.663s][info][gc,phases      ] GC(1959) Phase 1: Mark live objects 54.021ms
[2828.663s][info][gc,phases,start] GC(1959) Phase 2: Compute new object addresses
[2828.677s][info][gc,phases      ] GC(1959) Phase 2: Compute new object addresses 13.782ms
[2828.677s][info][gc,phases,start] GC(1959) Phase 3: Adjust pointers
[2828.712s][info][gc,phases      ] GC(1959) Phase 3: Adjust pointers 35.582ms
[2828.712s][info][gc,phases,start] GC(1959) Phase 4: Move objects
[2828.721s][info][gc,phases      ] GC(1959) Phase 4: Move objects 8.908ms
[2828.724s][info][gc,heap        ] GC(1959) PSYoungGen: 239K->0K(692224K)
[2828.724s][info][gc,heap        ] GC(1959) PSOldGen: 229195K->79191K(1398272K)
[2828.724s][info][gc,metaspace   ] GC(1959) Metaspace: 90764K(98736K)->90764K(98736K) NonClass: 79428K(83888K)->79428K(83888K) Class: 11335K(14848K)->11335K(14848K)
[2828.724s][info][gc             ] GC(1959) Pause Full (System.gc()) 224M->77M(2041M) 116.594ms
[2828.724s][info][gc,cpu         ] GC(1959) User=0.12s Sys=0.00s Real=0.12s
[2829.618s][info][gc,start       ] GC(1960) Pause Young (Allocation Failure)
[2829.620s][info][gc,heap        ] GC(1960) PSYoungGen: 686592K->3577K(692736K)
[2829.620s][info][gc,heap        ] GC(1960) PSOldGen: 79191K->79191K(1398272K)
[2829.620s][info][gc,metaspace   ] GC(1960) Metaspace: 90764K(98736K)->90764K(98736K) NonClass: 79428K(83888K)->79428K(83888K) Class: 11335K(14848K)->11335K(14848K)
[2829.620s][info][gc             ] GC(1960) Pause Young (Allocation Failure) 747M->80M(2042M) 2.392ms
[2829.620s][info][gc,cpu         ] GC(1960) User=0.00s Sys=0.00s Real=0.00s
[2831.980s][info][gc,start       ] GC(1961) Pause Young (Allocation Failure)
[2831.982s][info][gc,heap        ] GC(1961) PSYoungGen: 690169K->2185K(693248K)
[2831.982s][info][gc,heap        ] GC(1961) PSOldGen: 79191K->81782K(1398272K)
[2831.982s][info][gc,metaspace   ] GC(1961) Metaspace: 90764K(98736K)->90764K(98736K) NonClass: 79428K(83888K)->79428K(83888K) Class: 11335K(14848K)->11335K(14848K)
[2831.982s][info][gc             ] GC(1961) Pause Young (Allocation Failure) 751M->82M(2042M) 2.198ms
[2831.982s][info][gc,cpu         ] GC(1961) User=0.00s Sys=0.00s Real=0.00s
[2834.122s][info][gc,start       ] GC(1962) Pause Young (Allocation Failure)
[2834.124s][info][gc,heap        ] GC(1962) PSYoungGen: 689289K->3020K(692736K)
[2834.124s][info][gc,heap        ] GC(1962) PSOldGen: 81782K->83240K(1398272K)
[2834.124s][info][gc,metaspace   ] GC(1962) Metaspace: 90764K(98736K)->90764K(98736K) NonClass: 79428K(83888K)->79428K(83888K) Class: 11335K(14848K)->11335K(14848K)
[2834.124s][info][gc             ] GC(1962) Pause Young (Allocation Failure) 753M->84M(2042M) 2.634ms
[2834.125s][info][gc,cpu         ] GC(1962) User=0.00s Sys=0.00s Real=0.00s
[2834.756s][info][gc,start       ] GC(1963) Pause Young (Allocation Failure)
[2834.760s][info][gc,heap        ] GC(1963) PSYoungGen: 689414K->5174K(692224K)
[2834.760s][info][gc,heap        ] GC(1963) PSOldGen: 83240K->101042K(1398272K)
[2834.760s][info][gc,metaspace   ] GC(1963) Metaspace: 90764K(98736K)->90764K(98736K) NonClass: 79428K(83888K)->79428K(83888K) Class: 11335K(14848K)->11335K(14848K)
[2834.760s][info][gc             ] GC(1963) Pause Young (Allocation Failure) 754M->103M(2041M) 4.314ms
[2834.760s][info][gc,cpu         ] GC(1963) User=0.00s Sys=0.00s Real=0.00s
[2836.480s][info][gc,start       ] GC(1964) Pause Young (Allocation Failure)
[2836.483s][info][gc,heap        ] GC(1964) PSYoungGen: 691766K->3660K(692736K)
[2836.483s][info][gc,heap        ] GC(1964) PSOldGen: 101042K->103733K(1398272K)
[2836.483s][info][gc,metaspace   ] GC(1964) Metaspace: 90764K(98736K)->90764K(98736K) NonClass: 79428K(83888K)->79428K(83888K) Class: 11335K(14848K)->11335K(14848K)
[2836.483s][info][gc             ] GC(1964) Pause Young (Allocation Failure) 774M->104M(2042M) 3.071ms
[2836.483s][info][gc,cpu         ] GC(1964) User=0.00s Sys=0.00s Real=0.00s
[2838.943s][info][gc,start       ] GC(1965) Pause Young (GCLocker Initiated GC)
[2838.945s][info][gc,heap        ] GC(1965) PSYoungGen: 690252K->4574K(692736K)
[2838.946s][info][gc,heap        ] GC(1965) PSOldGen: 103735K->105525K(1398272K)
[2838.946s][info][gc,metaspace   ] GC(1965) Metaspace: 90764K(98736K)->90764K(98736K) NonClass: 79428K(83888K)->79428K(83888K) Class: 11335K(14848K)->11335K(14848K)
[2838.946s][info][gc             ] GC(1965) Pause Young (GCLocker Initiated GC) 775M->107M(2042M) 2.475ms
[2838.946s][info][gc,cpu         ] GC(1965) User=0.00s Sys=0.00s Real=0.00s
[2840.498s][info][gc,start       ] GC(1966) Pause Young (Allocation Failure)
[2840.501s][info][gc,heap        ] GC(1966) PSYoungGen: 691166K->2850K(692736K)
[2840.501s][info][gc,heap        ] GC(1966) PSOldGen: 105913K->107813K(1398272K)
[2840.501s][info][gc,metaspace   ] GC(1966) Metaspace: 90764K(98736K)->90764K(98736K) NonClass: 79428K(83888K)->79428K(83888K) Class: 11335K(14848K)->11335K(14848K)
[2840.501s][info][gc             ] GC(1966) Pause Young (Allocation Failure) 778M->108M(2042M) 2.721ms
[2840.501s][info][gc,cpu         ] GC(1966) User=0.00s Sys=0.00s Real=0.00s
[2841.251s][info][gc,start       ] GC(1967) Pause Young (Allocation Failure)
[2841.254s][info][gc,heap        ] GC(1967) PSYoungGen: 689442K->3507K(692736K)
[2841.254s][info][gc,heap        ] GC(1967) PSOldGen: 107813K->110133K(1398272K)
[2841.254s][info][gc,metaspace   ] GC(1967) Metaspace: 90764K(98736K)->90764K(98736K) NonClass: 79428K(83888K)->79428K(83888K) Class: 11335K(14848K)->11335K(14848K)
[2841.254s][info][gc             ] GC(1967) Pause Young (Allocation Failure) 778M->110M(2042M) 2.862ms
[2841.254s][info][gc,cpu         ] GC(1967) User=0.02s Sys=0.00s Real=0.00s
[2843.770s][info][gc,start       ] GC(1968) Pause Young (Allocation Failure)
[2843.773s][info][gc,heap        ] GC(1968) PSYoungGen: 690099K->2389K(692736K)
[2843.773s][info][gc,heap        ] GC(1968) PSOldGen: 110133K->112426K(1398272K)
[2843.773s][info][gc,metaspace   ] GC(1968) Metaspace: 90764K(98736K)->90764K(98736K) NonClass: 79428K(83888K)->79428K(83888K) Class: 11335K(14848K)->11335K(14848K)
[2843.773s][info][gc             ] GC(1968) Pause Young (Allocation Failure) 781M->112M(2042M) 2.558ms
[2843.773s][info][gc,cpu         ] GC(1968) User=0.00s Sys=0.00s Real=0.00s
[2845.975s][info][gc,start       ] GC(1969) Pause Young (Allocation Failure)
[2845.978s][info][gc,heap        ] GC(1969) PSYoungGen: 688981K->2968K(693248K)
[2845.978s][info][gc,heap        ] GC(1969) PSOldGen: 112426K->114139K(1398272K)
[2845.978s][info][gc,metaspace   ] GC(1969) Metaspace: 90764K(98736K)->90764K(98736K) NonClass: 79428K(83888K)->79428K(83888K) Class: 11335K(14848K)->11335K(14848K)
[2845.978s][info][gc             ] GC(1969) Pause Young (Allocation Failure) 782M->114M(2042M) 2.773ms
[2845.978s][info][gc,cpu         ] GC(1969) User=0.00s Sys=0.00s Real=0.01s
[2846.599s][info][gc,start       ] GC(1970) Pause Young (Allocation Failure)
[2846.602s][info][gc,heap        ] GC(1970) PSYoungGen: 689678K->5623K(693248K)
[2846.602s][info][gc,heap        ] GC(1970) PSOldGen: 114139K->115621K(1398272K)
[2846.602s][info][gc,metaspace   ] GC(1970) Metaspace: 90764K(98736K)->90764K(98736K) NonClass: 79428K(83888K)->79428K(83888K) Class: 11335K(14848K)->11335K(14848K)
[2846.602s][info][gc             ] GC(1970) Pause Young (Allocation Failure) 784M->118M(2042M) 3.102ms
[2846.603s][info][gc,cpu         ] GC(1970) User=0.00s Sys=0.00s Real=0.00s
[2848.392s][info][gc,start       ] GC(1971) Pause Young (GCLocker Initiated GC)
[2848.395s][info][gc,heap        ] GC(1971) PSYoungGen: 693239K->4630K(690176K)
[2848.395s][info][gc,heap        ] GC(1971) PSOldGen: 115624K->118466K(1398272K)
[2848.395s][info][gc,metaspace   ] GC(1971) Metaspace: 90764K(98736K)->90764K(98736K) NonClass: 79428K(83888K)->79428K(83888K) Class: 11335K(14848K)->11335K(14848K)
[2848.395s][info][gc             ] GC(1971) Pause Young (GCLocker Initiated GC) 789M->120M(2039M) 2.767ms
[2848.395s][info][gc,cpu         ] GC(1971) User=0.00s Sys=0.00s Real=0.00s
[2850.670s][info][gc,start       ] GC(1972) Pause Young (Allocation Failure)
[2850.672s][info][gc,heap        ] GC(1972) PSYoungGen: 689174K->3116K(691712K)
[2850.672s][info][gc,heap        ] GC(1972) PSOldGen: 122564K->124400K(1398272K)
[2850.672s][info][gc,metaspace   ] GC(1972) Metaspace: 90764K(98736K)->90764K(98736K) NonClass: 79428K(83888K)->79428K(83888K) Class: 11335K(14848K)->11335K(14848K)
[2850.672s][info][gc             ] GC(1972) Pause Young (Allocation Failure) 792M->124M(2041M) 2.484ms
[2850.672s][info][gc,cpu         ] GC(1972) User=0.00s Sys=0.00s Real=0.00s
[2852.265s][info][gc,start       ] GC(1973) Pause Young (Allocation Failure)
[2852.267s][info][gc,heap        ] GC(1973) PSYoungGen: 687660K->4005K(692224K)
[2852.267s][info][gc,heap        ] GC(1973) PSOldGen: 124400K->126296K(1398272K)
[2852.267s][info][gc,metaspace   ] GC(1973) Metaspace: 90764K(98736K)->90764K(98736K) NonClass: 79428K(83888K)->79428K(83888K) Class: 11335K(14848K)->11335K(14848K)
[2852.267s][info][gc             ] GC(1973) Pause Young (Allocation Failure) 793M->127M(2041M) 2.595ms
[2852.267s][info][gc,cpu         ] GC(1973) User=0.09s Sys=0.00s Real=0.01s
[2853.034s][info][gc,start       ] GC(1974) Pause Young (Allocation Failure)
[2853.037s][info][gc,heap        ] GC(1974) PSYoungGen: 689573K->3243K(692224K)
[2853.037s][info][gc,heap        ] GC(1974) PSOldGen: 126296K->128426K(1398272K)
[2853.037s][info][gc,metaspace   ] GC(1974) Metaspace: 90764K(98736K)->90764K(98736K) NonClass: 79428K(83888K)->79428K(83888K) Class: 11335K(14848K)->11335K(14848K)
[2853.037s][info][gc             ] GC(1974) Pause Young (Allocation Failure) 796M->128M(2041M) 2.860ms
[2853.037s][info][gc,cpu         ] GC(1974) User=0.00s Sys=0.00s Real=0.02s
[2855.211s][info][gc,start       ] GC(1975) Pause Young (Allocation Failure)
[2855.214s][info][gc,heap        ] GC(1975) PSYoungGen: 688533K->3426K(692736K)
[2855.214s][info][gc,heap        ] GC(1975) PSOldGen: 128426K->131344K(1398272K)
[2855.214s][info][gc,metaspace   ] GC(1975) Metaspace: 90764K(98736K)->90764K(98736K) NonClass: 79428K(83888K)->79428K(83888K) Class: 11335K(14848K)->11335K(14848K)
[2855.214s][info][gc             ] GC(1975) Pause Young (Allocation Failure) 797M->131M(2042M) 3.241ms
[2855.214s][info][gc,cpu         ] GC(1975) User=0.00s Sys=0.00s Real=0.01s
[2855.842s][info][gc,start       ] GC(1976) Pause Young (Allocation Failure)
[2855.844s][info][gc,heap        ] GC(1976) PSYoungGen: 689506K->2293K(692224K)
[2855.844s][info][gc,heap        ] GC(1976) PSOldGen: 131344K->133940K(1398272K)
[2855.844s][info][gc,metaspace   ] GC(1976) Metaspace: 90764K(98736K)->90764K(98736K) NonClass: 79428K(83888K)->79428K(83888K) Class: 11335K(14848K)->11335K(14848K)
[2855.844s][info][gc             ] GC(1976) Pause Young (Allocation Failure) 801M->133M(2041M) 2.245ms
[2855.844s][info][gc,cpu         ] GC(1976) User=0.00s Sys=0.00s Real=0.00s
[2858.046s][info][gc,start       ] GC(1977) Pause Young (GCLocker Initiated GC)
[2858.049s][info][gc,heap        ] GC(1977) PSYoungGen: 688373K->4648K(692736K)
[2858.049s][info][gc,heap        ] GC(1977) PSOldGen: 133957K->135555K(1398272K)
[2858.049s][info][gc,metaspace   ] GC(1977) Metaspace: 90764K(98736K)->90764K(98736K) NonClass: 79428K(83888K)->79428K(83888K) Class: 11335K(14848K)->11335K(14848K)
[2858.049s][info][gc             ] GC(1977) Pause Young (GCLocker Initiated GC) 803M->136M(2042M) 3.093ms
[2858.049s][info][gc,cpu         ] GC(1977) User=0.08s Sys=0.00s Real=0.02s
[2859.002s][info][gc,start       ] GC(1978) Pause Young (Allocation Failure)
[2859.006s][info][gc,heap        ] GC(1978) PSYoungGen: 691240K->3587K(692736K)
[2859.006s][info][gc,heap        ] GC(1978) PSOldGen: 156263K->158653K(1398272K)
[2859.006s][info][gc,metaspace   ] GC(1978) Metaspace: 90764K(98736K)->90764K(98736K) NonClass: 79428K(83888K)->79428K(83888K) Class: 11335K(14848K)->11335K(14848K)
[2859.006s][info][gc             ] GC(1978) Pause Young (Allocation Failure) 827M->158M(2042M) 3.461ms
[2859.006s][info][gc,cpu         ] GC(1978) User=0.00s Sys=0.00s Real=0.00s
[2860.324s][info][gc,start       ] GC(1979) Pause Young (Allocation Failure)
[2860.327s][info][gc,heap        ] GC(1979) PSYoungGen: 688547K->3225K(692736K)
[2860.327s][info][gc,heap        ] GC(1979) PSOldGen: 158653K->161201K(1398272K)
[2860.327s][info][gc,metaspace   ] GC(1979) Metaspace: 90764K(98736K)->90764K(98736K) NonClass: 79428K(83888K)->79428K(83888K) Class: 11335K(14848K)->11335K(14848K)
[2860.327s][info][gc             ] GC(1979) Pause Young (Allocation Failure) 827M->160M(2042M) 2.494ms
[2860.327s][info][gc,cpu         ] GC(1979) User=0.00s Sys=0.00s Real=0.00s
[2862.053s][info][gc,start       ] GC(1980) Pause Young (Allocation Failure)
[2862.057s][info][gc,heap        ] GC(1980) PSYoungGen: 689817K->6136K(692736K)
[2862.057s][info][gc,heap        ] GC(1980) PSOldGen: 161201K->164300K(1398272K)
[2862.057s][info][gc,metaspace   ] GC(1980) Metaspace: 90764K(98736K)->90764K(98736K) NonClass: 79428K(83888K)->79428K(83888K) Class: 11335K(14848K)->11335K(14848K)
[2862.057s][info][gc             ] GC(1980) Pause Young (Allocation Failure) 831M->166M(2042M) 3.959ms
[2862.057s][info][gc,cpu         ] GC(1980) User=0.00s Sys=0.00s Real=0.00s
[2862.790s][info][gc,start       ] GC(1981) Pause Young (Allocation Failure)
[2862.793s][info][gc,heap        ] GC(1981) PSYoungGen: 692728K->3330K(689664K)
[2862.793s][info][gc,heap        ] GC(1981) PSOldGen: 164300K->167092K(1398272K)
[2862.793s][info][gc,metaspace   ] GC(1981) Metaspace: 90764K(98736K)->90764K(98736K) NonClass: 79428K(83888K)->79428K(83888K) Class: 11335K(14848K)->11335K(14848K)
[2862.793s][info][gc             ] GC(1981) Pause Young (Allocation Failure) 836M->166M(2039M) 3.088ms
[2862.793s][info][gc,cpu         ] GC(1981) User=0.00s Sys=0.00s Real=0.00s
[2865.116s][info][gc,start       ] GC(1982) Pause Young (Allocation Failure)
[2865.118s][info][gc,heap        ] GC(1982) PSYoungGen: 686850K->2828K(691200K)
[2865.119s][info][gc,heap        ] GC(1982) PSOldGen: 167092K->170017K(1398272K)
[2865.119s][info][gc,metaspace   ] GC(1982) Metaspace: 90764K(98736K)->90764K(98736K) NonClass: 79428K(83888K)->79428K(83888K) Class: 11335K(14848K)->11335K(14848K)
[2865.119s][info][gc             ] GC(1982) Pause Young (Allocation Failure) 833M->168M(2040M) 2.974ms
[2865.119s][info][gc,cpu         ] GC(1982) User=0.00s Sys=0.00s Real=0.00s
[2865.950s][info][gc,start       ] GC(1983) Pause Young (Allocation Failure)
[2865.953s][info][gc,heap        ] GC(1983) PSYoungGen: 686348K->1695K(691200K)
[2865.953s][info][gc,heap        ] GC(1983) PSOldGen: 170017K->172232K(1398272K)
[2865.953s][info][gc,metaspace   ] GC(1983) Metaspace: 90764K(98736K)->90764K(98736K) NonClass: 79428K(83888K)->79428K(83888K) Class: 11335K(14848K)->11335K(14848K)
[2865.953s][info][gc             ] GC(1983) Pause Young (Allocation Failure) 836M->169M(2040M) 3.061ms
[2865.953s][info][gc,cpu         ] GC(1983) User=0.00s Sys=0.00s Real=0.00s
[2865.959s][info][gc,start       ] GC(1984) Pause Young (System.gc())
[2865.961s][info][gc,heap        ] GC(1984) PSYoungGen: 6064K->192K(691200K)
[2865.961s][info][gc,heap        ] GC(1984) PSOldGen: 172232K->173440K(1398272K)
[2865.961s][info][gc,metaspace   ] GC(1984) Metaspace: 90764K(98736K)->90764K(98736K) NonClass: 79428K(83888K)->79428K(83888K) Class: 11335K(14848K)->11335K(14848K)
[2865.961s][info][gc             ] GC(1984) Pause Young (System.gc()) 174M->169M(2040M) 2.230ms
[2865.961s][info][gc,cpu         ] GC(1984) User=0.00s Sys=0.00s Real=0.00s
[2865.961s][info][gc,start       ] GC(1985) Pause Full (System.gc())
[2865.963s][info][gc,phases,start] GC(1985) Phase 1: Mark live objects
[2866.017s][info][gc,phases      ] GC(1985) Phase 1: Mark live objects 54.034ms
[2866.017s][info][gc,phases,start] GC(1985) Phase 2: Compute new object addresses
[2866.031s][info][gc,phases      ] GC(1985) Phase 2: Compute new object addresses 13.552ms
[2866.031s][info][gc,phases,start] GC(1985) Phase 3: Adjust pointers
[2866.066s][info][gc,phases      ] GC(1985) Phase 3: Adjust pointers 34.644ms
[2866.066s][info][gc,phases,start] GC(1985) Phase 4: Move objects
[2866.068s][info][gc,phases      ] GC(1985) Phase 4: Move objects 2.166ms
[2866.070s][info][gc,heap        ] GC(1985) PSYoungGen: 192K->0K(691200K)
[2866.070s][info][gc,heap        ] GC(1985) PSOldGen: 173440K->146650K(1398272K)
[2866.070s][info][gc,metaspace   ] GC(1985) Metaspace: 90764K(98736K)->90764K(98736K) NonClass: 79428K(83888K)->79428K(83888K) Class: 11335K(14848K)->11335K(14848K)
[2866.070s][info][gc             ] GC(1985) Pause Full (System.gc()) 169M->143M(2040M) 108.809ms
[2866.070s][info][gc,cpu         ] GC(1985) User=0.09s Sys=0.02s Real=0.10s
[2866.951s][info][gc,start       ] GC(1986) Pause Young (Allocation Failure)
[2866.954s][info][gc,heap        ] GC(1986) PSYoungGen: 683520K->3628K(691200K)
[2866.954s][info][gc,heap        ] GC(1986) PSOldGen: 146650K->146650K(1398272K)
[2866.954s][info][gc,metaspace   ] GC(1986) Metaspace: 90764K(98736K)->90764K(98736K) NonClass: 79428K(83888K)->79428K(83888K) Class: 11335K(14848K)->11335K(14848K)
[2866.954s][info][gc             ] GC(1986) Pause Young (Allocation Failure) 810M->146M(2040M) 2.978ms
[2866.954s][info][gc,cpu         ] GC(1986) User=0.00s Sys=0.00s Real=0.00s
[2869.303s][info][gc,start       ] GC(1987) Pause Young (Allocation Failure)
[2869.305s][info][gc,heap        ] GC(1987) PSYoungGen: 687148K->2375K(691200K)
[2869.305s][info][gc,heap        ] GC(1987) PSOldGen: 146650K->149220K(1398272K)
[2869.305s][info][gc,metaspace   ] GC(1987) Metaspace: 90764K(98736K)->90764K(98736K) NonClass: 79428K(83888K)->79428K(83888K) Class: 11335K(14848K)->11335K(14848K)
[2869.305s][info][gc             ] GC(1987) Pause Young (Allocation Failure) 814M->148M(2040M) 2.444ms
[2869.305s][info][gc,cpu         ] GC(1987) User=0.00s Sys=0.00s Real=0.00s
[2871.399s][info][gc,start       ] GC(1988) Pause Young (Allocation Failure)
[2871.401s][info][gc,heap        ] GC(1988) PSYoungGen: 685396K->2174K(691712K)
[2871.402s][info][gc,heap        ] GC(1988) PSOldGen: 149220K->150750K(1398272K)
[2871.402s][info][gc,metaspace   ] GC(1988) Metaspace: 90764K(98736K)->90764K(98736K) NonClass: 79428K(83888K)->79428K(83888K) Class: 11335K(14848K)->11335K(14848K)
[2871.402s][info][gc             ] GC(1988) Pause Young (Allocation Failure) 815M->149M(2041M) 2.239ms
[2871.402s][info][gc,cpu         ] GC(1988) User=0.00s Sys=0.00s Real=0.00s
[2872.023s][info][gc,start       ] GC(1989) Pause Young (Allocation Failure)
[2872.027s][info][gc,heap        ] GC(1989) PSYoungGen: 683904K->4836K(691712K)
[2872.027s][info][gc,heap        ] GC(1989) PSOldGen: 150750K->156418K(1398272K)
[2872.027s][info][gc,metaspace   ] GC(1989) Metaspace: 90764K(98736K)->90764K(98736K) NonClass: 79428K(83888K)->79428K(83888K) Class: 11335K(14848K)->11335K(14848K)
[2872.027s][info][gc             ] GC(1989) Pause Young (Allocation Failure) 815M->157M(2041M) 3.499ms
[2872.027s][info][gc,cpu         ] GC(1989) User=0.00s Sys=0.00s Real=0.00s
[2873.643s][info][gc,start       ] GC(1990) Pause Young (Allocation Failure)
[2873.646s][info][gc,heap        ] GC(1990) PSYoungGen: 689380K->6460K(689664K)
[2873.646s][info][gc,heap        ] GC(1990) PSOldGen: 156418K->159244K(1398272K)
[2873.646s][info][gc,metaspace   ] GC(1990) Metaspace: 90764K(98736K)->90764K(98736K) NonClass: 79428K(83888K)->79428K(83888K) Class: 11335K(14848K)->11335K(14848K)
[2873.646s][info][gc             ] GC(1990) Pause Young (Allocation Failure) 825M->161M(2039M) 3.066ms
[2873.646s][info][gc,cpu         ] GC(1990) User=0.00s Sys=0.00s Real=0.00s
[2875.991s][info][gc,start       ] GC(1991) Pause Young (Allocation Failure)
[2875.994s][info][gc,heap        ] GC(1991) PSYoungGen: 688956K->3757K(690688K)
[2875.994s][info][gc,heap        ] GC(1991) PSOldGen: 159244K->160962K(1398272K)
[2875.994s][info][gc,metaspace   ] GC(1991) Metaspace: 90764K(98736K)->90764K(98736K) NonClass: 79428K(83888K)->79428K(83888K) Class: 11335K(14848K)->11335K(14848K)
[2875.994s][info][gc             ] GC(1991) Pause Young (Allocation Failure) 828M->160M(2040M) 2.661ms
[2875.994s][info][gc,cpu         ] GC(1991) User=0.00s Sys=0.00s Real=0.00s
[2877.654s][info][gc,start       ] GC(1992) Pause Young (Allocation Failure)
[2877.658s][info][gc,heap        ] GC(1992) PSYoungGen: 686191K->6049K(690176K)
[2877.658s][info][gc,heap        ] GC(1992) PSOldGen: 160962K->162821K(1398272K)
[2877.658s][info][gc,metaspace   ] GC(1992) Metaspace: 90764K(98736K)->90764K(98736K) NonClass: 79428K(83888K)->79428K(83888K) Class: 11335K(14848K)->11335K(14848K)
[2877.658s][info][gc             ] GC(1992) Pause Young (Allocation Failure) 827M->164M(2039M) 3.794ms
[2877.658s][info][gc,cpu         ] GC(1992) User=0.09s Sys=0.00s Real=0.00s
[2878.404s][info][gc,start       ] GC(1993) Pause Young (Allocation Failure)
[2878.407s][info][gc,heap        ] GC(1993) PSYoungGen: 688545K->3583K(690688K)
[2878.407s][info][gc,heap        ] GC(1993) PSOldGen: 162821K->165000K(1398272K)
[2878.407s][info][gc,metaspace   ] GC(1993) Metaspace: 90764K(98736K)->90764K(98736K) NonClass: 79428K(83888K)->79428K(83888K) Class: 11335K(14848K)->11335K(14848K)
[2878.407s][info][gc             ] GC(1993) Pause Young (Allocation Failure) 831M->164M(2040M) 2.974ms
[2878.407s][info][gc,cpu         ] GC(1993) User=0.00s Sys=0.00s Real=0.00s
[2880.857s][info][gc,start       ] GC(1994) Pause Young (GCLocker Initiated GC)
[2880.859s][info][gc,heap        ] GC(1994) PSYoungGen: 686079K->2532K(691200K)
[2880.859s][info][gc,heap        ] GC(1994) PSOldGen: 165031K->167504K(1398272K)
[2880.859s][info][gc,metaspace   ] GC(1994) Metaspace: 90764K(98736K)->90764K(98736K) NonClass: 79428K(83888K)->79428K(83888K) Class: 11335K(14848K)->11335K(14848K)
[2880.859s][info][gc             ] GC(1994) Pause Young (GCLocker Initiated GC) 831M->166M(2040M) 2.485ms
[2880.860s][info][gc,cpu         ] GC(1994) User=0.00s Sys=0.00s Real=0.00s
[2883.043s][info][gc,start       ] GC(1995) Pause Young (Allocation Failure)
[2883.046s][info][gc,heap        ] GC(1995) PSYoungGen: 686052K->2782K(691200K)
[2883.046s][info][gc,heap        ] GC(1995) PSOldGen: 167506K->169206K(1398272K)
[2883.046s][info][gc,metaspace   ] GC(1995) Metaspace: 90764K(98736K)->90764K(98736K) NonClass: 79428K(83888K)->79428K(83888K) Class: 11335K(14848K)->11335K(14848K)
[2883.046s][info][gc             ] GC(1995) Pause Young (Allocation Failure) 833M->167M(2040M) 2.679ms
[2883.046s][info][gc,cpu         ] GC(1995) User=0.00s Sys=0.00s Real=0.00s
[2883.700s][info][gc,start       ] GC(1996) Pause Young (Allocation Failure)
[2883.705s][info][gc,heap        ] GC(1996) PSYoungGen: 684390K->7651K(674816K)
[2883.705s][info][gc,heap        ] GC(1996) PSOldGen: 169206K->188168K(1398272K)
[2883.705s][info][gc,metaspace   ] GC(1996) Metaspace: 90764K(98736K)->90764K(98736K) NonClass: 79428K(83888K)->79428K(83888K) Class: 11335K(14848K)->11335K(14848K)
[2883.705s][info][gc             ] GC(1996) Pause Young (Allocation Failure) 833M->191M(2024M) 4.497ms
[2883.705s][info][gc,cpu         ] GC(1996) User=0.09s Sys=0.00s Real=0.01s
[2885.212s][info][gc,start       ] GC(1997) Pause Young (Allocation Failure)
[2885.214s][info][gc,heap        ] GC(1997) PSYoungGen: 674787K->2945K(683008K)
[2885.214s][info][gc,heap        ] GC(1997) PSOldGen: 188168K->191432K(1398272K)
[2885.214s][info][gc,metaspace   ] GC(1997) Metaspace: 90764K(98736K)->90764K(98736K) NonClass: 79428K(83888K)->79428K(83888K) Class: 11335K(14848K)->11335K(14848K)
[2885.214s][info][gc             ] GC(1997) Pause Young (Allocation Failure) 842M->189M(2032M) 2.558ms
[2885.214s][info][gc,cpu         ] GC(1997) User=0.00s Sys=0.00s Real=0.01s
[2887.443s][info][gc,start       ] GC(1998) Pause Young (Allocation Failure)
[2887.447s][info][gc,heap        ] GC(1998) PSYoungGen: 669424K->2829K(684032K)
[2887.447s][info][gc,heap        ] GC(1998) PSOldGen: 191432K->193151K(1398272K)
[2887.447s][info][gc,metaspace   ] GC(1998) Metaspace: 90764K(98736K)->90764K(98736K) NonClass: 79428K(83888K)->79428K(83888K) Class: 11335K(14848K)->11335K(14848K)
[2887.447s][info][gc             ] GC(1998) Pause Young (Allocation Failure) 840M->191M(2033M) 3.515ms
[2887.447s][info][gc,cpu         ] GC(1998) User=0.00s Sys=0.00s Real=0.00s
[2889.294s][info][gc,start       ] GC(1999) Pause Young (Allocation Failure)
[2889.298s][info][gc,heap        ] GC(1999) PSYoungGen: 671501K->4004K(683520K)
[2889.298s][info][gc,heap        ] GC(1999) PSOldGen: 193151K->194906K(1398272K)
[2889.298s][info][gc,metaspace   ] GC(1999) Metaspace: 90764K(98736K)->90764K(98736K) NonClass: 79428K(83888K)->79428K(83888K) Class: 11335K(14848K)->11335K(14848K)
[2889.298s][info][gc             ] GC(1999) Pause Young (Allocation Failure) 844M->194M(2033M) 3.556ms
[2889.298s][info][gc,cpu         ] GC(1999) User=0.00s Sys=0.00s Real=0.00s
[2890.058s][info][gc,start       ] GC(2000) Pause Young (Allocation Failure)
[2890.060s][info][gc,heap        ] GC(2000) PSYoungGen: 672676K->3176K(685568K)
[2890.061s][info][gc,heap        ] GC(2000) PSOldGen: 194906K->197010K(1398272K)
[2890.061s][info][gc,metaspace   ] GC(2000) Metaspace: 90764K(98736K)->90764K(98736K) NonClass: 79428K(83888K)->79428K(83888K) Class: 11335K(14848K)->11335K(14848K)
[2890.061s][info][gc             ] GC(2000) Pause Young (Allocation Failure) 847M->195M(2035M) 2.900ms
[2890.061s][info][gc,cpu         ] GC(2000) User=0.00s Sys=0.00s Real=0.00s
[2892.241s][info][gc,start       ] GC(2001) Pause Young (GCLocker Initiated GC)
[2892.244s][info][gc,heap        ] GC(2001) PSYoungGen: 674920K->4009K(685056K)
[2892.244s][info][gc,heap        ] GC(2001) PSOldGen: 197010K->199733K(1398272K)
[2892.244s][info][gc,metaspace   ] GC(2001) Metaspace: 90764K(98736K)->90764K(98736K) NonClass: 79428K(83888K)->79428K(83888K) Class: 11335K(14848K)->11335K(14848K)
[2892.244s][info][gc             ] GC(2001) Pause Young (GCLocker Initiated GC) 851M->198M(2034M) 2.837ms
[2892.244s][info][gc,cpu         ] GC(2001) User=0.00s Sys=0.00s Real=0.00s
[2892.934s][info][gc,start       ] GC(2002) Pause Young (Allocation Failure)
[2892.939s][info][gc,heap        ] GC(2002) PSYoungGen: 675753K->4804K(686592K)
[2892.939s][info][gc,heap        ] GC(2002) PSOldGen: 281654K->283082K(1398272K)
[2892.939s][info][gc,metaspace   ] GC(2002) Metaspace: 90764K(98736K)->90764K(98736K) NonClass: 79428K(83888K)->79428K(83888K) Class: 11335K(14848K)->11335K(14848K)
[2892.939s][info][gc             ] GC(2002) Pause Young (Allocation Failure) 934M->281M(2036M) 4.722ms
[2892.939s][info][gc,cpu         ] GC(2002) User=0.00s Sys=0.00s Real=0.00s
[2894.808s][info][gc,start       ] GC(2003) Pause Young (Allocation Failure)
[2894.812s][info][gc,heap        ] GC(2003) PSYoungGen: 678589K->3250K(686080K)
[2894.812s][info][gc,heap        ] GC(2003) PSOldGen: 283082K->286067K(1398272K)
[2894.812s][info][gc,metaspace   ] GC(2003) Metaspace: 90764K(98736K)->90764K(98736K) NonClass: 79428K(83888K)->79428K(83888K) Class: 11335K(14848K)->11335K(14848K)
[2894.812s][info][gc             ] GC(2003) Pause Young (Allocation Failure) 939M->282M(2035M) 3.613ms
[2894.812s][info][gc,cpu         ] GC(2003) User=0.00s Sys=0.00s Real=0.00s
[2896.113s][info][gc,start       ] GC(2004) Pause Young (Allocation Failure)
[2896.116s][info][gc,heap        ] GC(2004) PSYoungGen: 675549K->3865K(687616K)
[2896.116s][info][gc,heap        ] GC(2004) PSOldGen: 286067K->288356K(1398272K)
[2896.116s][info][gc,metaspace   ] GC(2004) Metaspace: 90764K(98736K)->90764K(98736K) NonClass: 79428K(83888K)->79428K(83888K) Class: 11335K(14848K)->11335K(14848K)
[2896.116s][info][gc             ] GC(2004) Pause Young (Allocation Failure) 939M->285M(2037M) 3.594ms
[2896.116s][info][gc,cpu         ] GC(2004) User=0.00s Sys=0.00s Real=0.00s
[2896.941s][info][gc,start       ] GC(2005) Pause Young (Allocation Failure)
[2896.945s][info][gc,heap        ] GC(2005) PSYoungGen: 679705K->3330K(687104K)
[2896.945s][info][gc,heap        ] GC(2005) PSOldGen: 288356K->291005K(1398272K)
[2896.945s][info][gc,metaspace   ] GC(2005) Metaspace: 90764K(98736K)->90764K(98736K) NonClass: 79428K(83888K)->79428K(83888K) Class: 11335K(14848K)->11335K(14848K)
[2896.945s][info][gc             ] GC(2005) Pause Young (Allocation Failure) 945M->287M(2036M) 3.379ms
[2896.945s][info][gc,cpu         ] GC(2005) User=0.00s Sys=0.00s Real=0.00s
[2898.979s][info][gc,start       ] GC(2006) Pause Young (Allocation Failure)
[2898.983s][info][gc,heap        ] GC(2006) PSYoungGen: 679170K->3714K(688640K)
[2898.983s][info][gc,heap        ] GC(2006) PSOldGen: 291005K->293594K(1398272K)
[2898.983s][info][gc,metaspace   ] GC(2006) Metaspace: 90764K(98736K)->90764K(98736K) NonClass: 79428K(83888K)->79428K(83888K) Class: 11335K(14848K)->11335K(14848K)
[2898.983s][info][gc             ] GC(2006) Pause Young (Allocation Failure) 947M->290M(2038M) 3.407ms
[2898.983s][info][gc,cpu         ] GC(2006) User=0.00s Sys=0.00s Real=0.01s
[2899.520s][info][gc,start       ] GC(2007) Pause Young (Allocation Failure)
[2899.523s][info][gc,heap        ] GC(2007) PSYoungGen: 681602K->2752K(688128K)
[2899.523s][info][gc,heap        ] GC(2007) PSOldGen: 293594K->296267K(1398272K)
[2899.524s][info][gc,metaspace   ] GC(2007) Metaspace: 90764K(98736K)->90764K(98736K) NonClass: 79428K(83888K)->79428K(83888K) Class: 11335K(14848K)->11335K(14848K)
[2899.524s][info][gc             ] GC(2007) Pause Young (Allocation Failure) 952M->292M(2037M) 3.086ms
[2899.524s][info][gc,cpu         ] GC(2007) User=0.00s Sys=0.00s Real=0.00s
[2901.873s][info][gc,start       ] GC(2008) Pause Young (Allocation Failure)
[2901.875s][info][gc,heap        ] GC(2008) PSYoungGen: 677453K->2495K(689152K)
[2901.875s][info][gc,heap        ] GC(2008) PSOldGen: 296267K->298376K(1398272K)
[2901.875s][info][gc,metaspace   ] GC(2008) Metaspace: 90764K(98736K)->90764K(98736K) NonClass: 79428K(83888K)->79428K(83888K) Class: 11335K(14848K)->11335K(14848K)
[2901.875s][info][gc             ] GC(2008) Pause Young (Allocation Failure) 950M->293M(2038M) 2.575ms
[2901.875s][info][gc,cpu         ] GC(2008) User=0.00s Sys=0.00s Real=0.00s
[2902.935s][info][gc,start       ] GC(2009) Pause Young (Allocation Failure)
[2902.939s][info][gc,heap        ] GC(2009) PSYoungGen: 681407K->5484K(688640K)
[2902.939s][info][gc,heap        ] GC(2009) PSOldGen: 298376K->300213K(1398272K)
[2902.939s][info][gc,metaspace   ] GC(2009) Metaspace: 90764K(98736K)->90764K(98736K) NonClass: 79428K(83888K)->79428K(83888K) Class: 11335K(14848K)->11335K(14848K)
[2902.939s][info][gc             ] GC(2009) Pause Young (Allocation Failure) 956M->298M(2038M) 4.785ms
[2902.939s][info][gc,cpu         ] GC(2009) User=0.06s Sys=0.00s Real=0.00s
[2903.028s][info][gc,start       ] GC(2010) Pause Young (System.gc())
[2903.031s][info][gc,heap        ] GC(2010) PSYoungGen: 158302K->416K(689152K)
[2903.031s][info][gc,heap        ] GC(2010) PSOldGen: 300213K->302096K(1398272K)
[2903.031s][info][gc,metaspace   ] GC(2010) Metaspace: 90764K(98736K)->90764K(98736K) NonClass: 79429K(83888K)->79429K(83888K) Class: 11335K(14848K)->11335K(14848K)
[2903.031s][info][gc             ] GC(2010) Pause Young (System.gc()) 447M->295M(2038M) 2.351ms
[2903.031s][info][gc,cpu         ] GC(2010) User=0.00s Sys=0.00s Real=0.00s
[2903.031s][info][gc,start       ] GC(2011) Pause Full (System.gc())
[2903.035s][info][gc,phases,start] GC(2011) Phase 1: Mark live objects
[2903.090s][info][gc,phases      ] GC(2011) Phase 1: Mark live objects 54.970ms
[2903.090s][info][gc,phases,start] GC(2011) Phase 2: Compute new object addresses
[2903.104s][info][gc,phases      ] GC(2011) Phase 2: Compute new object addresses 14.177ms
[2903.104s][info][gc,phases,start] GC(2011) Phase 3: Adjust pointers
[2903.140s][info][gc,phases      ] GC(2011) Phase 3: Adjust pointers 36.148ms
[2903.140s][info][gc,phases,start] GC(2011) Phase 4: Move objects
[2903.147s][info][gc,phases      ] GC(2011) Phase 4: Move objects 7.383ms
[2903.150s][info][gc,heap        ] GC(2011) PSYoungGen: 416K->0K(689152K)
[2903.150s][info][gc,heap        ] GC(2011) PSOldGen: 302096K->150221K(1398272K)
[2903.150s][info][gc,metaspace   ] GC(2011) Metaspace: 90764K(98736K)->90764K(98736K) NonClass: 79429K(83888K)->79429K(83888K) Class: 11335K(14848K)->11335K(14848K)
[2903.150s][info][gc             ] GC(2011) Pause Full (System.gc()) 295M->146M(2038M) 119.254ms
[2903.150s][info][gc,cpu         ] GC(2011) User=0.11s Sys=0.02s Real=0.12s
[2904.042s][info][gc,start       ] GC(2012) Pause Young (Allocation Failure)
[2904.045s][info][gc,heap        ] GC(2012) PSYoungGen: 679424K->3744K(689152K)
[2904.045s][info][gc,heap        ] GC(2012) PSOldGen: 150221K->150221K(1398272K)
[2904.045s][info][gc,metaspace   ] GC(2012) Metaspace: 90764K(98736K)->90764K(98736K) NonClass: 79429K(83888K)->79429K(83888K) Class: 11335K(14848K)->11335K(14848K)
[2904.045s][info][gc             ] GC(2012) Pause Young (Allocation Failure) 810M->150M(2038M) 2.520ms
[2904.045s][info][gc,cpu         ] GC(2012) User=0.00s Sys=0.00s Real=0.00s
[2906.385s][info][gc,start       ] GC(2013) Pause Young (Allocation Failure)
[2906.387s][info][gc,heap        ] GC(2013) PSYoungGen: 683168K->2427K(689664K)
[2906.387s][info][gc,heap        ] GC(2013) PSOldGen: 150221K->152985K(1398272K)
[2906.387s][info][gc,metaspace   ] GC(2013) Metaspace: 90764K(98736K)->90764K(98736K) NonClass: 79429K(83888K)->79429K(83888K) Class: 11335K(14848K)->11335K(14848K)
[2906.388s][info][gc             ] GC(2013) Pause Young (Allocation Failure) 813M->151M(2039M) 2.459ms
[2906.388s][info][gc,cpu         ] GC(2013) User=0.00s Sys=0.00s Real=0.00s
[2908.544s][info][gc,start       ] GC(2014) Pause Young (Allocation Failure)
[2908.547s][info][gc,heap        ] GC(2014) PSYoungGen: 682875K->4052K(689664K)
[2908.547s][info][gc,heap        ] GC(2014) PSOldGen: 152985K->154640K(1398272K)
[2908.547s][info][gc,metaspace   ] GC(2014) Metaspace: 90764K(98736K)->90764K(98736K) NonClass: 79429K(83888K)->79429K(83888K) Class: 11335K(14848K)->11335K(14848K)
[2908.547s][info][gc             ] GC(2014) Pause Young (Allocation Failure) 816M->154M(2039M) 2.724ms
[2908.547s][info][gc,cpu         ] GC(2014) User=0.00s Sys=0.00s Real=0.01s
[2909.172s][info][gc,start       ] GC(2015) Pause Young (Allocation Failure)
[2909.176s][info][gc,heap        ] GC(2015) PSYoungGen: 681476K->8676K(683008K)
[2909.176s][info][gc,heap        ] GC(2015) PSOldGen: 154640K->160669K(1398272K)
[2909.176s][info][gc,metaspace   ] GC(2015) Metaspace: 90764K(98736K)->90764K(98736K) NonClass: 79429K(83888K)->79429K(83888K) Class: 11335K(14848K)->11335K(14848K)
[2909.176s][info][gc             ] GC(2015) Pause Young (Allocation Failure) 816M->165M(2032M) 3.534ms
[2909.176s][info][gc,cpu         ] GC(2015) User=0.08s Sys=0.00s Real=0.00s
[2910.686s][info][gc,start       ] GC(2016) Pause Young (Allocation Failure)
[2910.688s][info][gc,heap        ] GC(2016) PSYoungGen: 682980K->4387K(686592K)
[2910.688s][info][gc,heap        ] GC(2016) PSOldGen: 160669K->163443K(1398272K)
[2910.688s][info][gc,metaspace   ] GC(2016) Metaspace: 90764K(98736K)->90764K(98736K) NonClass: 79429K(83888K)->79429K(83888K) Class: 11335K(14848K)->11335K(14848K)
[2910.688s][info][gc             ] GC(2016) Pause Young (Allocation Failure) 823M->163M(2036M) 2.813ms
[2910.688s][info][gc,cpu         ] GC(2016) User=0.00s Sys=0.00s Real=0.00s
[2912.926s][info][gc,start       ] GC(2017) Pause Young (Allocation Failure)
[2912.928s][info][gc,heap        ] GC(2017) PSYoungGen: 678691K->3236K(687616K)
[2912.928s][info][gc,heap        ] GC(2017) PSOldGen: 163443K->165119K(1398272K)
[2912.928s][info][gc,metaspace   ] GC(2017) Metaspace: 90764K(98736K)->90764K(98736K) NonClass: 79429K(83888K)->79429K(83888K) Class: 11335K(14848K)->11335K(14848K)
[2912.928s][info][gc             ] GC(2017) Pause Young (Allocation Failure) 822M->164M(2037M) 2.605ms
[2912.928s][info][gc,cpu         ] GC(2017) User=0.00s Sys=0.00s Real=0.00s
[2914.789s][info][gc,start       ] GC(2018) Pause Young (Allocation Failure)
[2914.792s][info][gc,heap        ] GC(2018) PSYoungGen: 679076K->4986K(687104K)
[2914.792s][info][gc,heap        ] GC(2018) PSOldGen: 165119K->166977K(1398272K)
[2914.792s][info][gc,metaspace   ] GC(2018) Metaspace: 90764K(98736K)->90764K(98736K) NonClass: 79429K(83888K)->79429K(83888K) Class: 11335K(14848K)->11335K(14848K)
[2914.792s][info][gc             ] GC(2018) Pause Young (Allocation Failure) 824M->167M(2036M) 3.086ms
[2914.792s][info][gc,cpu         ] GC(2018) User=0.00s Sys=0.00s Real=0.01s
[2915.544s][info][gc,start       ] GC(2019) Pause Young (Allocation Failure)
[2915.547s][info][gc,heap        ] GC(2019) PSYoungGen: 680771K->3411K(688640K)
[2915.547s][info][gc,heap        ] GC(2019) PSOldGen: 166977K->169324K(1398272K)
[2915.547s][info][gc,metaspace   ] GC(2019) Metaspace: 90764K(98736K)->90764K(98736K) NonClass: 79429K(83888K)->79429K(83888K) Class: 11335K(14848K)->11335K(14848K)
[2915.547s][info][gc             ] GC(2019) Pause Young (Allocation Failure) 827M->168M(2038M) 2.611ms
[2915.547s][info][gc,cpu         ] GC(2019) User=0.00s Sys=0.00s Real=0.00s
[2917.731s][info][gc,start       ] GC(2020) Pause Young (Allocation Failure)
[2917.734s][info][gc,heap        ] GC(2020) PSYoungGen: 681299K->2522K(688128K)
[2917.734s][info][gc,heap        ] GC(2020) PSOldGen: 169324K->172231K(1398272K)
[2917.734s][info][gc,metaspace   ] GC(2020) Metaspace: 90764K(98736K)->90764K(98736K) NonClass: 79429K(83888K)->79429K(83888K) Class: 11335K(14848K)->11335K(14848K)
[2917.734s][info][gc             ] GC(2020) Pause Young (Allocation Failure) 830M->170M(2037M) 2.744ms
[2917.734s][info][gc,cpu         ] GC(2020) User=0.00s Sys=0.00s Real=0.00s
[2919.960s][info][gc,start       ] GC(2021) Pause Young (Allocation Failure)
[2919.963s][info][gc,heap        ] GC(2021) PSYoungGen: 680410K->3144K(689152K)
[2919.963s][info][gc,heap        ] GC(2021) PSOldGen: 172231K->173626K(1398272K)
[2919.963s][info][gc,metaspace   ] GC(2021) Metaspace: 90764K(98736K)->90764K(98736K) NonClass: 79429K(83888K)->79429K(83888K) Class: 11335K(14848K)->11335K(14848K)
[2919.963s][info][gc             ] GC(2021) Pause Young (Allocation Failure) 832M->172M(2038M) 2.478ms
[2919.963s][info][gc,cpu         ] GC(2021) User=0.00s Sys=0.00s Real=0.00s
[2920.813s][info][gc,start       ] GC(2022) Pause Young (Allocation Failure)
[2920.815s][info][gc,heap        ] GC(2022) PSYoungGen: 678411K->3307K(688640K)
[2920.815s][info][gc,heap        ] GC(2022) PSOldGen: 173626K->175636K(1398272K)
[2920.815s][info][gc,metaspace   ] GC(2022) Metaspace: 90764K(98736K)->90764K(98736K) NonClass: 79429K(83888K)->79429K(83888K) Class: 11335K(14848K)->11335K(14848K)
[2920.815s][info][gc             ] GC(2022) Pause Young (Allocation Failure) 832M->174M(2038M) 2.592ms
[2920.815s][info][gc,cpu         ] GC(2022) User=0.09s Sys=0.00s Real=0.00s
[2922.163s][info][gc,start       ] GC(2023) Pause Young (Allocation Failure)
[2922.166s][info][gc,heap        ] GC(2023) PSYoungGen: 682219K->3846K(689664K)
[2922.166s][info][gc,heap        ] GC(2023) PSOldGen: 175636K->178441K(1398272K)
[2922.166s][info][gc,metaspace   ] GC(2023) Metaspace: 90764K(98736K)->90764K(98736K) NonClass: 79429K(83888K)->79429K(83888K) Class: 11335K(14848K)->11335K(14848K)
[2922.166s][info][gc             ] GC(2023) Pause Young (Allocation Failure) 837M->178M(2039M) 2.862ms
[2922.166s][info][gc,cpu         ] GC(2023) User=0.00s Sys=0.00s Real=0.00s
[2924.324s][info][gc,start       ] GC(2024) Pause Young (Allocation Failure)
[2924.326s][info][gc,heap        ] GC(2024) PSYoungGen: 684294K->3008K(689664K)
[2924.326s][info][gc,heap        ] GC(2024) PSOldGen: 178441K->180549K(1398272K)
[2924.326s][info][gc,metaspace   ] GC(2024) Metaspace: 90764K(98736K)->90764K(98736K) NonClass: 79429K(83888K)->79429K(83888K) Class: 11335K(14848K)->11335K(14848K)
[2924.326s][info][gc             ] GC(2024) Pause Young (Allocation Failure) 842M->179M(2039M) 2.819ms
[2924.326s][info][gc,cpu         ] GC(2024) User=0.00s Sys=0.00s Real=0.00s
[2926.321s][info][gc,start       ] GC(2025) Pause Young (Allocation Failure)
[2926.324s][info][gc,heap        ] GC(2025) PSYoungGen: 683456K->3187K(690688K)
[2926.324s][info][gc,heap        ] GC(2025) PSOldGen: 180549K->182334K(1398272K)
[2926.324s][info][gc,metaspace   ] GC(2025) Metaspace: 90764K(98736K)->90764K(98736K) NonClass: 79429K(83888K)->79429K(83888K) Class: 11335K(14848K)->11335K(14848K)
[2926.324s][info][gc             ] GC(2025) Pause Young (Allocation Failure) 843M->181M(2040M) 2.921ms
[2926.324s][info][gc,cpu         ] GC(2025) User=0.00s Sys=0.00s Real=0.00s
[2927.138s][info][gc,start       ] GC(2026) Pause Young (Allocation Failure)
[2927.141s][info][gc,heap        ] GC(2026) PSYoungGen: 685171K->3195K(690176K)
[2927.141s][info][gc,heap        ] GC(2026) PSOldGen: 182334K->184477K(1398272K)
[2927.141s][info][gc,metaspace   ] GC(2026) Metaspace: 90764K(98736K)->90764K(98736K) NonClass: 79429K(83888K)->79429K(83888K) Class: 11335K(14848K)->11335K(14848K)
[2927.141s][info][gc             ] GC(2026) Pause Young (Allocation Failure) 847M->183M(2039M) 2.492ms
[2927.141s][info][gc,cpu         ] GC(2026) User=0.00s Sys=0.00s Real=0.00s
[2929.308s][info][gc,start       ] GC(2027) Pause Young (Allocation Failure)
[2929.311s][info][gc,heap        ] GC(2027) PSYoungGen: 685179K->2942K(691200K)
[2929.312s][info][gc,heap        ] GC(2027) PSOldGen: 184477K->187177K(1398272K)
[2929.312s][info][gc,metaspace   ] GC(2027) Metaspace: 90764K(98736K)->90764K(98736K) NonClass: 79429K(83888K)->79429K(83888K) Class: 11335K(14848K)->11335K(14848K)
[2929.312s][info][gc             ] GC(2027) Pause Young (Allocation Failure) 849M->185M(2040M) 3.075ms
[2929.312s][info][gc,cpu         ] GC(2027) User=0.00s Sys=0.00s Real=0.02s
[2930.024s][info][gc,start       ] GC(2028) Pause Young (Allocation Failure)
[2930.027s][info][gc,heap        ] GC(2028) PSYoungGen: 685950K->4259K(690688K)
[2930.027s][info][gc,heap        ] GC(2028) PSOldGen: 187177K->196869K(1398272K)
[2930.027s][info][gc,metaspace   ] GC(2028) Metaspace: 90764K(98736K)->90764K(98736K) NonClass: 79429K(83888K)->79429K(83888K) Class: 11335K(14848K)->11335K(14848K)
[2930.028s][info][gc             ] GC(2028) Pause Young (Allocation Failure) 852M->196M(2040M) 3.476ms
[2930.028s][info][gc,cpu         ] GC(2028) User=0.00s Sys=0.00s Real=0.00s
[2931.574s][info][gc,start       ] GC(2029) Pause Young (Allocation Failure)
[2931.578s][info][gc,heap        ] GC(2029) PSYoungGen: 686629K->3048K(691712K)
[2931.578s][info][gc,heap        ] GC(2029) PSOldGen: 196869K->199965K(1398272K)
[2931.578s][info][gc,metaspace   ] GC(2029) Metaspace: 90764K(98736K)->90764K(98736K) NonClass: 79429K(83888K)->79429K(83888K) Class: 11335K(14848K)->11335K(14848K)
[2931.578s][info][gc             ] GC(2029) Pause Young (Allocation Failure) 862M->198M(2041M) 4.031ms
[2931.578s][info][gc,cpu         ] GC(2029) User=0.00s Sys=0.00s Real=0.00s
[2933.130s][info][gc,start       ] GC(2030) Pause Young (Allocation Failure)
[2933.133s][info][gc,heap        ] GC(2030) PSYoungGen: 687080K->3123K(691200K)
[2933.133s][info][gc,heap        ] GC(2030) PSOldGen: 199965K->202045K(1398272K)
[2933.133s][info][gc,metaspace   ] GC(2030) Metaspace: 90764K(98736K)->90764K(98736K) NonClass: 79429K(83888K)->79429K(83888K) Class: 11335K(14848K)->11335K(14848K)
[2933.133s][info][gc             ] GC(2030) Pause Young (Allocation Failure) 866M->200M(2040M) 3.183ms
[2933.133s][info][gc,cpu         ] GC(2030) User=0.00s Sys=0.00s Real=0.00s
[2933.863s][info][gc,start       ] GC(2031) Pause Young (Allocation Failure)
[2933.866s][info][gc,heap        ] GC(2031) PSYoungGen: 687155K->3422K(692224K)
[2933.866s][info][gc,heap        ] GC(2031) PSOldGen: 202045K->203999K(1398272K)
[2933.866s][info][gc,metaspace   ] GC(2031) Metaspace: 90764K(98736K)->90764K(98736K) NonClass: 79429K(83888K)->79429K(83888K) Class: 11335K(14848K)->11335K(14848K)
[2933.866s][info][gc             ] GC(2031) Pause Young (Allocation Failure) 868M->202M(2041M) 2.914ms
[2933.866s][info][gc,cpu         ] GC(2031) User=0.00s Sys=0.00s Real=0.00s
[2936.008s][info][gc,start       ] GC(2032) Pause Young (Allocation Failure)
[2936.010s][info][gc,heap        ] GC(2032) PSYoungGen: 688025K->3371K(691712K)
[2936.010s][info][gc,heap        ] GC(2032) PSOldGen: 203999K->207026K(1398272K)
[2936.010s][info][gc,metaspace   ] GC(2032) Metaspace: 90764K(98736K)->90764K(98736K) NonClass: 79429K(83888K)->79429K(83888K) Class: 11335K(14848K)->11335K(14848K)
[2936.010s][info][gc             ] GC(2032) Pause Young (Allocation Failure) 871M->205M(2041M) 2.723ms
[2936.010s][info][gc,cpu         ] GC(2032) User=0.00s Sys=0.00s Real=0.00s
[2936.604s][info][gc,start       ] GC(2033) Pause Young (Allocation Failure)
[2936.607s][info][gc,heap        ] GC(2033) PSYoungGen: 688427K->2639K(692224K)
[2936.607s][info][gc,heap        ] GC(2033) PSOldGen: 207026K->209548K(1398272K)
[2936.607s][info][gc,metaspace   ] GC(2033) Metaspace: 90764K(98736K)->90764K(98736K) NonClass: 79429K(83888K)->79429K(83888K) Class: 11335K(14848K)->11335K(14848K)
[2936.607s][info][gc             ] GC(2033) Pause Young (Allocation Failure) 874M->207M(2041M) 2.556ms
[2936.607s][info][gc,cpu         ] GC(2033) User=0.00s Sys=0.00s Real=0.00s
[2938.668s][info][gc,start       ] GC(2034) Pause Young (GCLocker Initiated GC)
[2938.671s][info][gc,heap        ] GC(2034) PSYoungGen: 688207K->4967K(692224K)
[2938.671s][info][gc,heap        ] GC(2034) PSOldGen: 209557K->211155K(1398272K)
[2938.671s][info][gc,metaspace   ] GC(2034) Metaspace: 90764K(98736K)->90764K(98736K) NonClass: 79429K(83888K)->79429K(83888K) Class: 11335K(14848K)->11335K(14848K)
[2938.671s][info][gc             ] GC(2034) Pause Young (GCLocker Initiated GC) 876M->211M(2041M) 3.011ms
[2938.671s][info][gc,cpu         ] GC(2034) User=0.00s Sys=0.00s Real=0.01s
[2940.021s][info][gc,start       ] GC(2035) Pause Young (Allocation Failure)
[2940.024s][info][gc,heap        ] GC(2035) PSYoungGen: 690535K->5381K(691200K)
[2940.024s][info][gc,heap        ] GC(2035) PSOldGen: 211158K->213789K(1398272K)
[2940.024s][info][gc,metaspace   ] GC(2035) Metaspace: 90764K(98736K)->90764K(98736K) NonClass: 79429K(83888K)->79429K(83888K) Class: 11335K(14848K)->11335K(14848K)
[2940.024s][info][gc             ] GC(2035) Pause Young (Allocation Failure) 880M->214M(2040M) 3.708ms
[2940.024s][info][gc,cpu         ] GC(2035) User=0.00s Sys=0.00s Real=0.01s
[2940.138s][info][gc,start       ] GC(2036) Pause Young (System.gc())
[2940.141s][info][gc,heap        ] GC(2036) PSYoungGen: 191781K->736K(691712K)
[2940.141s][info][gc,heap        ] GC(2036) PSOldGen: 213789K->216034K(1398272K)
[2940.141s][info][gc,metaspace   ] GC(2036) Metaspace: 90764K(98736K)->90764K(98736K) NonClass: 79429K(83888K)->79429K(83888K) Class: 11335K(14848K)->11335K(14848K)
[2940.141s][info][gc             ] GC(2036) Pause Young (System.gc()) 396M->211M(2041M) 2.643ms
[2940.141s][info][gc,cpu         ] GC(2036) User=0.00s Sys=0.00s Real=0.00s
[2940.141s][info][gc,start       ] GC(2037) Pause Full (System.gc())
[2940.143s][info][gc,phases,start] GC(2037) Phase 1: Mark live objects
[2940.197s][info][gc,phases      ] GC(2037) Phase 1: Mark live objects 54.479ms
[2940.197s][info][gc,phases,start] GC(2037) Phase 2: Compute new object addresses
[2940.211s][info][gc,phases      ] GC(2037) Phase 2: Compute new object addresses 14.281ms
[2940.211s][info][gc,phases,start] GC(2037) Phase 3: Adjust pointers
[2940.248s][info][gc,phases      ] GC(2037) Phase 3: Adjust pointers 36.429ms
[2940.248s][info][gc,phases,start] GC(2037) Phase 4: Move objects
[2940.256s][info][gc,phases      ] GC(2037) Phase 4: Move objects 7.764ms
[2940.258s][info][gc,heap        ] GC(2037) PSYoungGen: 736K->0K(691712K)
[2940.258s][info][gc,heap        ] GC(2037) PSOldGen: 216034K->149826K(1398272K)
[2940.258s][info][gc,metaspace   ] GC(2037) Metaspace: 90764K(98736K)->90764K(98736K) NonClass: 79429K(83888K)->79429K(83888K) Class: 11335K(14848K)->11335K(14848K)
[2940.258s][info][gc             ] GC(2037) Pause Full (System.gc()) 211M->146M(2041M) 117.504ms
[2940.258s][info][gc,cpu         ] GC(2037) User=0.12s Sys=0.00s Real=0.11s
[2941.151s][info][gc,start       ] GC(2038) Pause Young (Allocation Failure)
[2941.154s][info][gc,heap        ] GC(2038) PSYoungGen: 684544K->3727K(691712K)
[2941.154s][info][gc,heap        ] GC(2038) PSOldGen: 149826K->149826K(1398272K)
[2941.154s][info][gc,metaspace   ] GC(2038) Metaspace: 90764K(98736K)->90764K(98736K) NonClass: 79429K(83888K)->79429K(83888K) Class: 11335K(14848K)->11335K(14848K)
[2941.154s][info][gc             ] GC(2038) Pause Young (Allocation Failure) 814M->149M(2041M) 2.489ms
[2941.154s][info][gc,cpu         ] GC(2038) User=0.00s Sys=0.00s Real=0.00s
[2943.536s][info][gc,start       ] GC(2039) Pause Young (Allocation Failure)
[2943.539s][info][gc,heap        ] GC(2039) PSYoungGen: 688271K->2239K(691712K)
[2943.539s][info][gc,heap        ] GC(2039) PSOldGen: 149826K->152425K(1398272K)
[2943.539s][info][gc,metaspace   ] GC(2039) Metaspace: 90764K(98736K)->90764K(98736K) NonClass: 79429K(83888K)->79429K(83888K) Class: 11335K(14848K)->11335K(14848K)
[2943.539s][info][gc             ] GC(2039) Pause Young (Allocation Failure) 818M->151M(2041M) 2.670ms
[2943.539s][info][gc,cpu         ] GC(2039) User=0.00s Sys=0.00s Real=0.00s
[2945.648s][info][gc,start       ] GC(2040) Pause Young (Allocation Failure)
[2945.650s][info][gc,heap        ] GC(2040) PSYoungGen: 686783K->2131K(692224K)
[2945.650s][info][gc,heap        ] GC(2040) PSOldGen: 152425K->153869K(1398272K)
[2945.650s][info][gc,metaspace   ] GC(2040) Metaspace: 90764K(98736K)->90764K(98736K) NonClass: 79429K(83888K)->79429K(83888K) Class: 11335K(14848K)->11335K(14848K)
[2945.650s][info][gc             ] GC(2040) Pause Young (Allocation Failure) 819M->152M(2041M) 2.505ms
[2945.650s][info][gc,cpu         ] GC(2040) User=0.00s Sys=0.00s Real=0.00s
[2946.278s][info][gc,start       ] GC(2041) Pause Young (Allocation Failure)
[2946.281s][info][gc,heap        ] GC(2041) PSYoungGen: 684715K->6644K(691712K)
[2946.281s][info][gc,heap        ] GC(2041) PSOldGen: 153869K->157445K(1398272K)
[2946.281s][info][gc,metaspace   ] GC(2041) Metaspace: 90764K(98736K)->90764K(98736K) NonClass: 79429K(83888K)->79429K(83888K) Class: 11335K(14848K)->11335K(14848K)
[2946.281s][info][gc             ] GC(2041) Pause Young (Allocation Failure) 818M->160M(2041M) 3.344ms
[2946.281s][info][gc,cpu         ] GC(2041) User=0.00s Sys=0.00s Real=0.00s
[2947.953s][info][gc,start       ] GC(2042) Pause Young (Allocation Failure)
[2947.958s][info][gc,heap        ] GC(2042) PSYoungGen: 691700K->3239K(688640K)
[2947.958s][info][gc,heap        ] GC(2042) PSOldGen: 157445K->159513K(1398272K)
[2947.958s][info][gc,metaspace   ] GC(2042) Metaspace: 90764K(98736K)->90764K(98736K) NonClass: 79429K(83888K)->79429K(83888K) Class: 11335K(14848K)->11335K(14848K)
[2947.958s][info][gc             ] GC(2042) Pause Young (Allocation Failure) 829M->158M(2038M) 4.619ms
[2947.958s][info][gc,cpu         ] GC(2042) User=0.03s Sys=0.00s Real=0.00s
[2950.312s][info][gc,start       ] GC(2043) Pause Young (Allocation Failure)
[2950.315s][info][gc,heap        ] GC(2043) PSYoungGen: 684711K->3004K(690176K)
[2950.315s][info][gc,heap        ] GC(2043) PSOldGen: 159513K->161276K(1398272K)
[2950.315s][info][gc,metaspace   ] GC(2043) Metaspace: 90764K(98736K)->90764K(98736K) NonClass: 79429K(83888K)->79429K(83888K) Class: 11335K(14848K)->11335K(14848K)
[2950.315s][info][gc             ] GC(2043) Pause Young (Allocation Failure) 824M->160M(2039M) 3.492ms
[2950.315s][info][gc,cpu         ] GC(2043) User=0.05s Sys=0.02s Real=0.00s
[2951.936s][info][gc,start       ] GC(2044) Pause Young (Allocation Failure)
[2951.940s][info][gc,heap        ] GC(2044) PSYoungGen: 684476K->5537K(689664K)
[2951.940s][info][gc,heap        ] GC(2044) PSOldGen: 161276K->163172K(1398272K)
[2951.940s][info][gc,metaspace   ] GC(2044) Metaspace: 90764K(98736K)->90764K(98736K) NonClass: 79429K(83888K)->79429K(83888K) Class: 11335K(14848K)->11335K(14848K)
[2951.940s][info][gc             ] GC(2044) Pause Young (Allocation Failure) 825M->164M(2039M) 3.969ms
[2951.940s][info][gc,cpu         ] GC(2044) User=0.08s Sys=0.00s Real=0.00s
[2952.686s][info][gc,start       ] GC(2045) Pause Young (Allocation Failure)
[2952.688s][info][gc,heap        ] GC(2045) PSYoungGen: 687009K->3539K(690176K)
[2952.688s][info][gc,heap        ] GC(2045) PSOldGen: 163172K->165319K(1398272K)
[2952.688s][info][gc,metaspace   ] GC(2045) Metaspace: 90764K(98736K)->90764K(98736K) NonClass: 79429K(83888K)->79429K(83888K) Class: 11335K(14848K)->11335K(14848K)
[2952.688s][info][gc             ] GC(2045) Pause Young (Allocation Failure) 830M->164M(2039M) 2.680ms
[2952.688s][info][gc,cpu         ] GC(2045) User=0.00s Sys=0.00s Real=0.00s
[2955.160s][info][gc,start       ] GC(2046) Pause Young (Allocation Failure)
[2955.162s][info][gc,heap        ] GC(2046) PSYoungGen: 685011K->2528K(690688K)
[2955.162s][info][gc,heap        ] GC(2046) PSOldGen: 165319K->167758K(1398272K)
[2955.162s][info][gc,metaspace   ] GC(2046) Metaspace: 90764K(98736K)->90764K(98736K) NonClass: 79429K(83888K)->79429K(83888K) Class: 11335K(14848K)->11335K(14848K)
[2955.162s][info][gc             ] GC(2046) Pause Young (Allocation Failure) 830M->166M(2040M) 2.309ms
[2955.162s][info][gc,cpu         ] GC(2046) User=0.00s Sys=0.00s Real=0.00s
[2957.339s][info][gc,start       ] GC(2047) Pause Young (Allocation Failure)
[2957.341s][info][gc,heap        ] GC(2047) PSYoungGen: 685024K->2428K(690688K)
[2957.341s][info][gc,heap        ] GC(2047) PSOldGen: 167758K->169524K(1398272K)
[2957.341s][info][gc,metaspace   ] GC(2047) Metaspace: 90764K(98736K)->90764K(98736K) NonClass: 79429K(83888K)->79429K(83888K) Class: 11335K(14848K)->11335K(14848K)
[2957.341s][info][gc             ] GC(2047) Pause Young (Allocation Failure) 832M->167M(2040M) 2.560ms
[2957.341s][info][gc,cpu         ] GC(2047) User=0.00s Sys=0.00s Real=0.01s
[2958.012s][info][gc,start       ] GC(2048) Pause Young (Allocation Failure)
[2958.016s][info][gc,heap        ] GC(2048) PSYoungGen: 683821K->7651K(674816K)
[2958.016s][info][gc,heap        ] GC(2048) PSOldGen: 169524K->188561K(1398272K)
[2958.016s][info][gc,metaspace   ] GC(2048) Metaspace: 90764K(98736K)->90764K(98736K) NonClass: 79429K(83888K)->79429K(83888K) Class: 11335K(14848K)->11335K(14848K)
[2958.016s][info][gc             ] GC(2048) Pause Young (Allocation Failure) 833M->191M(2024M) 4.526ms
[2958.016s][info][gc,cpu         ] GC(2048) User=0.00s Sys=0.00s Real=0.00s
[2959.495s][info][gc,start       ] GC(2049) Pause Young (Allocation Failure)
[2959.498s][info][gc,heap        ] GC(2049) PSYoungGen: 672634K->2654K(683008K)
[2959.498s][info][gc,heap        ] GC(2049) PSOldGen: 188561K->191493K(1398272K)
[2959.498s][info][gc,metaspace   ] GC(2049) Metaspace: 90764K(98736K)->90764K(98736K) NonClass: 79429K(83888K)->79429K(83888K) Class: 11335K(14848K)->11335K(14848K)
[2959.498s][info][gc             ] GC(2049) Pause Young (Allocation Failure) 841M->189M(2032M) 2.724ms
[2959.498s][info][gc,cpu         ] GC(2049) User=0.00s Sys=0.00s Real=0.00s
[2961.675s][info][gc,start       ] GC(2050) Pause Young (Allocation Failure)
[2961.678s][info][gc,heap        ] GC(2050) PSYoungGen: 669790K->4945K(684032K)
[2961.678s][info][gc,heap        ] GC(2050) PSOldGen: 191493K->193220K(1398272K)
[2961.678s][info][gc,metaspace   ] GC(2050) Metaspace: 90764K(98736K)->90764K(98736K) NonClass: 79429K(83888K)->79429K(83888K) Class: 11335K(14848K)->11335K(14848K)
[2961.678s][info][gc             ] GC(2050) Pause Young (Allocation Failure) 841M->193M(2033M) 3.133ms
[2961.678s][info][gc,cpu         ] GC(2050) User=0.00s Sys=0.00s Real=0.00s
[2963.557s][info][gc,start       ] GC(2051) Pause Young (Allocation Failure)
[2963.560s][info][gc,heap        ] GC(2051) PSYoungGen: 673105K->3926K(683008K)
[2963.560s][info][gc,heap        ] GC(2051) PSOldGen: 193220K->194983K(1398272K)
[2963.560s][info][gc,metaspace   ] GC(2051) Metaspace: 90764K(98736K)->90764K(98736K) NonClass: 79429K(83888K)->79429K(83888K) Class: 11335K(14848K)->11335K(14848K)
[2963.560s][info][gc             ] GC(2051) Pause Young (Allocation Failure) 846M->194M(2032M) 3.049ms
[2963.560s][info][gc,cpu         ] GC(2051) User=0.00s Sys=0.00s Real=0.00s
[2964.327s][info][gc,start       ] GC(2052) Pause Young (Allocation Failure)
[2964.330s][info][gc,heap        ] GC(2052) PSYoungGen: 672086K->3163K(685056K)
[2964.330s][info][gc,heap        ] GC(2052) PSOldGen: 194983K->197221K(1398272K)
[2964.330s][info][gc,metaspace   ] GC(2052) Metaspace: 90764K(98736K)->90764K(98736K) NonClass: 79429K(83888K)->79429K(83888K) Class: 11335K(14848K)->11335K(14848K)
[2964.330s][info][gc             ] GC(2052) Pause Young (Allocation Failure) 846M->195M(2034M) 3.179ms
[2964.330s][info][gc,cpu         ] GC(2052) User=0.09s Sys=0.00s Real=0.01s
[2966.505s][info][gc,start       ] GC(2053) Pause Young (GCLocker Initiated GC)
[2966.508s][info][gc,heap        ] GC(2053) PSYoungGen: 673883K->3966K(684544K)
[2966.508s][info][gc,heap        ] GC(2053) PSOldGen: 197223K->199962K(1398272K)
[2966.508s][info][gc,metaspace   ] GC(2053) Metaspace: 90764K(98736K)->90764K(98736K) NonClass: 79429K(83888K)->79429K(83888K) Class: 11335K(14848K)->11335K(14848K)
[2966.508s][info][gc             ] GC(2053) Pause Young (GCLocker Initiated GC) 850M->199M(2034M) 2.733ms
[2966.508s][info][gc,cpu         ] GC(2053) User=0.00s Sys=0.00s Real=0.00s
[2967.205s][info][gc,start       ] GC(2054) Pause Young (Allocation Failure)
[2967.208s][info][gc,heap        ] GC(2054) PSYoungGen: 674686K->5493K(686592K)
[2967.208s][info][gc,heap        ] GC(2054) PSOldGen: 245019K->246631K(1398272K)
[2967.208s][info][gc,metaspace   ] GC(2054) Metaspace: 90764K(98736K)->90764K(98736K) NonClass: 79429K(83888K)->79429K(83888K) Class: 11335K(14848K)->11335K(14848K)
[2967.208s][info][gc             ] GC(2054) Pause Young (Allocation Failure) 898M->246M(2036M) 3.560ms
[2967.208s][info][gc,cpu         ] GC(2054) User=0.00s Sys=0.00s Real=0.00s
[2968.908s][info][gc,start       ] GC(2055) Pause Young (Allocation Failure)
[2968.911s][info][gc,heap        ] GC(2055) PSYoungGen: 678773K->3226K(685568K)
[2968.911s][info][gc,heap        ] GC(2055) PSOldGen: 246631K->249585K(1398272K)
[2968.911s][info][gc,metaspace   ] GC(2055) Metaspace: 90764K(98736K)->90764K(98736K) NonClass: 79429K(83888K)->79429K(83888K) Class: 11335K(14848K)->11335K(14848K)
[2968.911s][info][gc             ] GC(2055) Pause Young (Allocation Failure) 903M->246M(2035M) 3.031ms
[2968.911s][info][gc,cpu         ] GC(2055) User=0.00s Sys=0.00s Real=0.02s
[2970.393s][info][gc,start       ] GC(2056) Pause Young (Allocation Failure)
[2970.396s][info][gc,heap        ] GC(2056) PSYoungGen: 673727K->11966K(683520K)
[2970.396s][info][gc,heap        ] GC(2056) PSOldGen: 249585K->251807K(1398272K)
[2970.396s][info][gc,metaspace   ] GC(2056) Metaspace: 90764K(98736K)->90764K(98736K) NonClass: 79429K(83888K)->79429K(83888K) Class: 11335K(14848K)->11335K(14848K)
[2970.396s][info][gc             ] GC(2056) Pause Young (Allocation Failure) 901M->257M(2033M) 3.469ms
[2970.397s][info][gc,cpu         ] GC(2056) User=0.00s Sys=0.00s Real=0.00s
[2971.074s][info][gc,start       ] GC(2057) Pause Young (Allocation Failure)
[2971.076s][info][gc,heap        ] GC(2057) PSYoungGen: 681893K->3439K(685056K)
[2971.076s][info][gc,heap        ] GC(2057) PSOldGen: 251807K->253989K(1398272K)
[2971.076s][info][gc,metaspace   ] GC(2057) Metaspace: 90764K(98736K)->90764K(98736K) NonClass: 79429K(83888K)->79429K(83888K) Class: 11335K(14848K)->11335K(14848K)
[2971.076s][info][gc             ] GC(2057) Pause Young (Allocation Failure) 911M->251M(2034M) 2.611ms
[2971.076s][info][gc,cpu         ] GC(2057) User=0.00s Sys=0.00s Real=0.00s
[2973.225s][info][gc,start       ] GC(2058) Pause Young (Allocation Failure)
[2973.229s][info][gc,heap        ] GC(2058) PSYoungGen: 674671K->3511K(685568K)
[2973.229s][info][gc,heap        ] GC(2058) PSOldGen: 253989K->256931K(1398272K)
[2973.229s][info][gc,metaspace   ] GC(2058) Metaspace: 90764K(98736K)->90764K(98736K) NonClass: 79429K(83888K)->79429K(83888K) Class: 11335K(14848K)->11335K(14848K)
[2973.229s][info][gc             ] GC(2058) Pause Young (Allocation Failure) 906M->254M(2035M) 3.828ms
[2973.229s][info][gc,cpu         ] GC(2058) User=0.00s Sys=0.00s Real=0.01s
[2973.780s][info][gc,start       ] GC(2059) Pause Young (Allocation Failure)
[2973.783s][info][gc,heap        ] GC(2059) PSYoungGen: 675767K->2934K(685568K)
[2973.783s][info][gc,heap        ] GC(2059) PSOldGen: 256931K->259451K(1398272K)
[2973.783s][info][gc,metaspace   ] GC(2059) Metaspace: 90764K(98736K)->90764K(98736K) NonClass: 79429K(83888K)->79429K(83888K) Class: 11335K(14848K)->11335K(14848K)
[2973.784s][info][gc             ] GC(2059) Pause Young (Allocation Failure) 910M->256M(2035M) 3.329ms
[2973.784s][info][gc,cpu         ] GC(2059) User=0.09s Sys=0.00s Real=0.00s
[2975.736s][info][gc,start       ] GC(2060) Pause Young (Allocation Failure)
[2975.738s][info][gc,heap        ] GC(2060) PSYoungGen: 675190K->3509K(686592K)
[2975.738s][info][gc,heap        ] GC(2060) PSOldGen: 259451K->261003K(1398272K)
[2975.738s][info][gc,metaspace   ] GC(2060) Metaspace: 90764K(98736K)->90764K(98736K) NonClass: 79429K(83888K)->79429K(83888K) Class: 11335K(14848K)->11335K(14848K)
[2975.738s][info][gc             ] GC(2060) Pause Young (Allocation Failure) 912M->258M(2036M) 2.568ms
[2975.738s][info][gc,cpu         ] GC(2060) User=0.02s Sys=0.00s Real=0.00s
[2977.161s][info][gc,start       ] GC(2061) Pause Young (Allocation Failure)
[2977.164s][info][gc,heap        ] GC(2061) PSYoungGen: 673941K->2572K(686080K)
[2977.164s][info][gc,heap        ] GC(2061) PSOldGen: 261003K->263368K(1398272K)
[2977.164s][info][gc,metaspace   ] GC(2061) Metaspace: 90764K(98736K)->90764K(98736K) NonClass: 79429K(83888K)->79429K(83888K) Class: 11335K(14848K)->11335K(14848K)
[2977.164s][info][gc             ] GC(2061) Pause Young (Allocation Failure) 913M->259M(2035M) 2.804ms
[2977.164s][info][gc,cpu         ] GC(2061) User=0.00s Sys=0.00s Real=0.01s
[2977.322s][info][gc,start       ] GC(2062) Pause Young (System.gc())
[2977.324s][info][gc,heap        ] GC(2062) PSYoungGen: 234784K->480K(687104K)
[2977.324s][info][gc,heap        ] GC(2062) PSOldGen: 263368K->265315K(1398272K)
[2977.324s][info][gc,metaspace   ] GC(2062) Metaspace: 90764K(98736K)->90764K(98736K) NonClass: 79429K(83888K)->79429K(83888K) Class: 11335K(14848K)->11335K(14848K)
[2977.324s][info][gc             ] GC(2062) Pause Young (System.gc()) 486M->259M(2036M) 2.347ms
[2977.324s][info][gc,cpu         ] GC(2062) User=0.00s Sys=0.00s Real=0.00s
[2977.324s][info][gc,start       ] GC(2063) Pause Full (System.gc())
[2977.326s][info][gc,phases,start] GC(2063) Phase 1: Mark live objects
[2977.381s][info][gc,phases      ] GC(2063) Phase 1: Mark live objects 54.602ms
[2977.381s][info][gc,phases,start] GC(2063) Phase 2: Compute new object addresses
[2977.395s][info][gc,phases      ] GC(2063) Phase 2: Compute new object addresses 13.827ms
[2977.395s][info][gc,phases,start] GC(2063) Phase 3: Adjust pointers
[2977.431s][info][gc,phases      ] GC(2063) Phase 3: Adjust pointers 35.827ms
[2977.431s][info][gc,phases,start] GC(2063) Phase 4: Move objects
[2977.440s][info][gc,phases      ] GC(2063) Phase 4: Move objects 9.017ms
[2977.442s][info][gc,heap        ] GC(2063) PSYoungGen: 480K->0K(687104K)
[2977.442s][info][gc,heap        ] GC(2063) PSOldGen: 265315K->79979K(1398272K)
[2977.442s][info][gc,metaspace   ] GC(2063) Metaspace: 90764K(98736K)->90764K(98736K) NonClass: 79429K(83888K)->79429K(83888K) Class: 11335K(14848K)->11335K(14848K)
[2977.442s][info][gc             ] GC(2063) Pause Full (System.gc()) 259M->78M(2036M) 117.571ms
[2977.442s][info][gc,cpu         ] GC(2063) User=0.12s Sys=0.00s Real=0.12s
[2978.323s][info][gc,start       ] GC(2064) Pause Young (Allocation Failure)
[2978.326s][info][gc,heap        ] GC(2064) PSYoungGen: 675328K->3627K(687104K)
[2978.326s][info][gc,heap        ] GC(2064) PSOldGen: 79979K->79979K(1398272K)
[2978.326s][info][gc,metaspace   ] GC(2064) Metaspace: 90764K(98736K)->90764K(98736K) NonClass: 79429K(83888K)->79429K(83888K) Class: 11335K(14848K)->11335K(14848K)
[2978.326s][info][gc             ] GC(2064) Pause Young (Allocation Failure) 737M->81M(2036M) 2.299ms
[2978.326s][info][gc,cpu         ] GC(2064) User=0.00s Sys=0.00s Real=0.00s
[2980.617s][info][gc,start       ] GC(2065) Pause Young (Allocation Failure)
[2980.619s][info][gc,heap        ] GC(2065) PSYoungGen: 678053K->2412K(688128K)
[2980.619s][info][gc,heap        ] GC(2065) PSOldGen: 79979K->83133K(1398272K)
[2980.619s][info][gc,metaspace   ] GC(2065) Metaspace: 90764K(98736K)->90764K(98736K) NonClass: 79429K(83888K)->79429K(83888K) Class: 11335K(14848K)->11335K(14848K)
[2980.619s][info][gc             ] GC(2065) Pause Young (Allocation Failure) 740M->83M(2037M) 2.277ms
[2980.619s][info][gc,cpu         ] GC(2065) User=0.00s Sys=0.00s Real=0.01s
[2982.778s][info][gc,start       ] GC(2066) Pause Young (Allocation Failure)
[2982.781s][info][gc,heap        ] GC(2066) PSYoungGen: 676451K->2105K(687616K)
[2982.781s][info][gc,heap        ] GC(2066) PSOldGen: 83133K->84796K(1398272K)
[2982.781s][info][gc,metaspace   ] GC(2066) Metaspace: 90764K(98736K)->90764K(98736K) NonClass: 79429K(83888K)->79429K(83888K) Class: 11335K(14848K)->11335K(14848K)
[2982.781s][info][gc             ] GC(2066) Pause Young (Allocation Failure) 741M->84M(2037M) 2.397ms
[2982.781s][info][gc,cpu         ] GC(2066) User=0.00s Sys=0.00s Real=0.00s
[2983.465s][info][gc,start       ] GC(2067) Pause Young (Allocation Failure)
[2983.469s][info][gc,heap        ] GC(2067) PSYoungGen: 676168K->8547K(686080K)
[2983.469s][info][gc,heap        ] GC(2067) PSOldGen: 84796K->94523K(1398272K)
[2983.469s][info][gc,metaspace   ] GC(2067) Metaspace: 90764K(98736K)->90764K(98736K) NonClass: 79429K(83888K)->79429K(83888K) Class: 11335K(14848K)->11335K(14848K)
[2983.469s][info][gc             ] GC(2067) Pause Young (Allocation Failure) 743M->100M(2035M) 3.559ms
[2983.469s][info][gc,cpu         ] GC(2067) User=0.00s Sys=0.00s Real=0.01s
[2984.998s][info][gc,start       ] GC(2068) Pause Young (Allocation Failure)
[2985.001s][info][gc,heap        ] GC(2068) PSYoungGen: 683045K->2673K(687104K)
[2985.001s][info][gc,heap        ] GC(2068) PSOldGen: 94523K->97490K(1398272K)
[2985.001s][info][gc,metaspace   ] GC(2068) Metaspace: 90764K(98736K)->90764K(98736K) NonClass: 79429K(83888K)->79429K(83888K) Class: 11335K(14848K)->11335K(14848K)
[2985.001s][info][gc             ] GC(2068) Pause Young (Allocation Failure) 759M->97M(2036M) 2.679ms
[2985.001s][info][gc,cpu         ] GC(2068) User=0.00s Sys=0.00s Real=0.01s
[2987.208s][info][gc,start       ] GC(2069) Pause Young (GCLocker Initiated GC)
[2987.211s][info][gc,heap        ] GC(2069) PSYoungGen: 678001K->5843K(687616K)
[2987.211s][info][gc,heap        ] GC(2069) PSOldGen: 97506K->99159K(1398272K)
[2987.211s][info][gc,metaspace   ] GC(2069) Metaspace: 90764K(98736K)->90764K(98736K) NonClass: 79429K(83888K)->79429K(83888K) Class: 11335K(14848K)->11335K(14848K)
[2987.211s][info][gc             ] GC(2069) Pause Young (GCLocker Initiated GC) 757M->102M(2037M) 3.267ms
[2987.211s][info][gc,cpu         ] GC(2069) User=0.00s Sys=0.00s Real=0.00s
[2989.217s][info][gc,start       ] GC(2070) Pause Young (Allocation Failure)
[2989.220s][info][gc,heap        ] GC(2070) PSYoungGen: 682195K->3769K(687616K)
[2989.220s][info][gc,heap        ] GC(2070) PSOldGen: 99167K->100978K(1398272K)
[2989.220s][info][gc,metaspace   ] GC(2070) Metaspace: 90764K(98736K)->90764K(98736K) NonClass: 79429K(83888K)->79429K(83888K) Class: 11335K(14848K)->11335K(14848K)
[2989.220s][info][gc             ] GC(2070) Pause Young (Allocation Failure) 763M->102M(2037M) 3.076ms
[2989.220s][info][gc,cpu         ] GC(2070) User=0.00s Sys=0.00s Real=0.01s
[2989.967s][info][gc,start       ] GC(2071) Pause Young (Allocation Failure)
[2989.970s][info][gc,heap        ] GC(2071) PSYoungGen: 680121K->3901K(688640K)
[2989.970s][info][gc,heap        ] GC(2071) PSOldGen: 100978K->103385K(1398272K)
[2989.970s][info][gc,metaspace   ] GC(2071) Metaspace: 90764K(98736K)->90764K(98736K) NonClass: 79429K(83888K)->79429K(83888K) Class: 11335K(14848K)->11335K(14848K)
[2989.970s][info][gc             ] GC(2071) Pause Young (Allocation Failure) 762M->104M(2038M) 3.029ms
[2989.970s][info][gc,cpu         ] GC(2071) User=0.00s Sys=0.00s Real=0.00s
[2992.182s][info][gc,start       ] GC(2072) Pause Young (Allocation Failure)
[2992.185s][info][gc,heap        ] GC(2072) PSYoungGen: 681789K->2485K(688128K)
[2992.185s][info][gc,heap        ] GC(2072) PSOldGen: 103385K->106792K(1398272K)
[2992.185s][info][gc,metaspace   ] GC(2072) Metaspace: 90764K(98736K)->90764K(98736K) NonClass: 79429K(83888K)->79429K(83888K) Class: 11335K(14848K)->11335K(14848K)
[2992.185s][info][gc             ] GC(2072) Pause Young (Allocation Failure) 766M->106M(2037M) 2.847ms
[2992.185s][info][gc,cpu         ] GC(2072) User=0.00s Sys=0.00s Real=0.00s
[2994.328s][info][gc,start       ] GC(2073) Pause Young (GCLocker Initiated GC)
[2994.331s][info][gc,heap        ] GC(2073) PSYoungGen: 680373K->6747K(688128K)
[2994.331s][info][gc,heap        ] GC(2073) PSOldGen: 106794K->108165K(1398272K)
[2994.331s][info][gc,metaspace   ] GC(2073) Metaspace: 90764K(98736K)->90764K(98736K) NonClass: 79429K(83888K)->79429K(83888K) Class: 11335K(14848K)->11335K(14848K)
[2994.331s][info][gc             ] GC(2073) Pause Young (GCLocker Initiated GC) 768M->112M(2037M) 3.015ms
[2994.331s][info][gc,cpu         ] GC(2073) User=0.09s Sys=0.00s Real=0.00s
[2995.300s][info][gc,start       ] GC(2074) Pause Young (Allocation Failure)
[2995.304s][info][gc,heap        ] GC(2074) PSYoungGen: 685147K->3479K(688640K)
[2995.304s][info][gc,heap        ] GC(2074) PSOldGen: 117383K->119454K(1398272K)
[2995.304s][info][gc,metaspace   ] GC(2074) Metaspace: 90764K(98736K)->90764K(98736K) NonClass: 79429K(83888K)->79429K(83888K) Class: 11335K(14848K)->11335K(14848K)
[2995.304s][info][gc             ] GC(2074) Pause Young (Allocation Failure) 783M->120M(2038M) 3.348ms
[2995.304s][info][gc,cpu         ] GC(2074) User=0.00s Sys=0.00s Real=0.00s
[2996.657s][info][gc,start       ] GC(2075) Pause Young (Allocation Failure)
[2996.659s][info][gc,heap        ] GC(2075) PSYoungGen: 677816K->3065K(689664K)
[2996.659s][info][gc,heap        ] GC(2075) PSOldGen: 119454K->122195K(1398272K)
[2996.659s][info][gc,metaspace   ] GC(2075) Metaspace: 90764K(98736K)->90764K(98736K) NonClass: 79429K(83888K)->79429K(83888K) Class: 11335K(14848K)->11335K(14848K)
[2996.659s][info][gc             ] GC(2075) Pause Young (Allocation Failure) 778M->122M(2039M) 2.583ms
[2996.659s][info][gc,cpu         ] GC(2075) User=0.09s Sys=0.00s Real=0.00s
[2998.888s][info][gc,start       ] GC(2076) Pause Young (Allocation Failure)
[2998.891s][info][gc,heap        ] GC(2076) PSYoungGen: 680077K->2541K(689152K)
[2998.891s][info][gc,heap        ] GC(2076) PSOldGen: 122195K->124336K(1398272K)
[2998.891s][info][gc,metaspace   ] GC(2076) Metaspace: 90764K(98736K)->90764K(98736K) NonClass: 79429K(83888K)->79429K(83888K) Class: 11335K(14848K)->11335K(14848K)
[2998.891s][info][gc             ] GC(2076) Pause Young (Allocation Failure) 783M->123M(2038M) 2.618ms
[2998.891s][info][gc,cpu         ] GC(2076) User=0.00s Sys=0.00s Real=0.00s
[3000.820s][info][gc,start       ] GC(2077) Pause Young (Allocation Failure)
[3000.825s][info][gc,heap        ] GC(2077) PSYoungGen: 682477K->8922K(686592K)
[3000.825s][info][gc,heap        ] GC(2077) PSOldGen: 124336K->126127K(1398272K)
[3000.825s][info][gc,metaspace   ] GC(2077) Metaspace: 90764K(98736K)->90764K(98736K) NonClass: 79429K(83888K)->79429K(83888K) Class: 11335K(14848K)->11335K(14848K)
[3000.825s][info][gc             ] GC(2077) Pause Young (Allocation Failure) 787M->131M(2036M) 4.585ms
[3000.825s][info][gc,cpu         ] GC(2077) User=0.00s Sys=0.00s Real=0.00s
[3001.638s][info][gc,start       ] GC(2078) Pause Young (Allocation Failure)
[3001.641s][info][gc,heap        ] GC(2078) PSYoungGen: 685837K->3585K(688128K)
[3001.641s][info][gc,heap        ] GC(2078) PSOldGen: 126127K->128243K(1398272K)
[3001.641s][info][gc,metaspace   ] GC(2078) Metaspace: 90764K(98736K)->90764K(98736K) NonClass: 79429K(83888K)->79429K(83888K) Class: 11335K(14848K)->11335K(14848K)
[3001.641s][info][gc             ] GC(2078) Pause Young (Allocation Failure) 792M->128M(2037M) 2.837ms
[3001.641s][info][gc,cpu         ] GC(2078) User=0.00s Sys=0.00s Real=0.00s
[3003.846s][info][gc,start       ] GC(2079) Pause Young (Allocation Failure)
[3003.850s][info][gc,heap        ] GC(2079) PSYoungGen: 680961K->2518K(689152K)
[3003.850s][info][gc,heap        ] GC(2079) PSOldGen: 128243K->131018K(1398272K)
[3003.850s][info][gc,metaspace   ] GC(2079) Metaspace: 90764K(98736K)->90764K(98736K) NonClass: 79429K(83888K)->79429K(83888K) Class: 11335K(14848K)->11335K(14848K)
[3003.850s][info][gc             ] GC(2079) Pause Young (Allocation Failure) 790M->130M(2038M) 3.620ms
[3003.850s][info][gc,cpu         ] GC(2079) User=0.00s Sys=0.00s Real=0.00s
[3004.586s][info][gc,start       ] GC(2080) Pause Young (Allocation Failure)
[3004.589s][info][gc,heap        ] GC(2080) PSYoungGen: 680839K->8467K(687616K)
[3004.589s][info][gc,heap        ] GC(2080) PSOldGen: 131018K->136589K(1398272K)
[3004.589s][info][gc,metaspace   ] GC(2080) Metaspace: 90764K(98736K)->90764K(98736K) NonClass: 79429K(83888K)->79429K(83888K) Class: 11335K(14848K)->11335K(14848K)
[3004.589s][info][gc             ] GC(2080) Pause Young (Allocation Failure) 792M->141M(2037M) 3.373ms
[3004.589s][info][gc,cpu         ] GC(2080) User=0.00s Sys=0.00s Real=0.00s
[3006.093s][info][gc,start       ] GC(2081) Pause Young (Allocation Failure)
[3006.096s][info][gc,heap        ] GC(2081) PSYoungGen: 684381K->2626K(688128K)
[3006.096s][info][gc,heap        ] GC(2081) PSOldGen: 136589K->139619K(1398272K)
[3006.096s][info][gc,metaspace   ] GC(2081) Metaspace: 90764K(98736K)->90764K(98736K) NonClass: 79429K(83888K)->79429K(83888K) Class: 11335K(14848K)->11335K(14848K)
[3006.096s][info][gc             ] GC(2081) Pause Young (Allocation Failure) 801M->138M(2037M) 2.549ms
[3006.096s][info][gc,cpu         ] GC(2081) User=0.06s Sys=0.02s Real=0.00s
[3007.703s][info][gc,start       ] GC(2082) Pause Young (Allocation Failure)
[3007.705s][info][gc,heap        ] GC(2082) PSYoungGen: 679734K->2723K(688128K)
[3007.705s][info][gc,heap        ] GC(2082) PSOldGen: 139619K->141711K(1398272K)
[3007.705s][info][gc,metaspace   ] GC(2082) Metaspace: 90764K(98736K)->90764K(98736K) NonClass: 79429K(83888K)->79429K(83888K) Class: 11335K(14848K)->11335K(14848K)
[3007.705s][info][gc             ] GC(2082) Pause Young (Allocation Failure) 800M->141M(2037M) 2.785ms
[3007.706s][info][gc,cpu         ] GC(2082) User=0.08s Sys=0.02s Real=0.01s
[3008.452s][info][gc,start       ] GC(2083) Pause Young (Allocation Failure)
[3008.454s][info][gc,heap        ] GC(2083) PSYoungGen: 680099K->3376K(689152K)
[3008.454s][info][gc,heap        ] GC(2083) PSOldGen: 141711K->143848K(1398272K)
[3008.454s][info][gc,metaspace   ] GC(2083) Metaspace: 90764K(98736K)->90764K(98736K) NonClass: 79429K(83888K)->79429K(83888K) Class: 11335K(14848K)->11335K(14848K)
[3008.454s][info][gc             ] GC(2083) Pause Young (Allocation Failure) 802M->143M(2038M) 2.814ms
[3008.454s][info][gc,cpu         ] GC(2083) User=0.00s Sys=0.00s Real=0.00s
[3010.554s][info][gc,start       ] GC(2084) Pause Young (Allocation Failure)
[3010.557s][info][gc,heap        ] GC(2084) PSYoungGen: 682288K->3324K(688640K)
[3010.557s][info][gc,heap        ] GC(2084) PSOldGen: 143848K->146858K(1398272K)
[3010.557s][info][gc,metaspace   ] GC(2084) Metaspace: 90764K(98736K)->90764K(98736K) NonClass: 79429K(83888K)->79429K(83888K) Class: 11335K(14848K)->11335K(14848K)
[3010.557s][info][gc             ] GC(2084) Pause Young (Allocation Failure) 806M->146M(2038M) 2.906ms
[3010.557s][info][gc,cpu         ] GC(2084) User=0.00s Sys=0.00s Real=0.01s
[3011.164s][info][gc,start       ] GC(2085) Pause Young (Allocation Failure)
[3011.169s][info][gc,heap        ] GC(2085) PSYoungGen: 681387K->2357K(689664K)
[3011.169s][info][gc,heap        ] GC(2085) PSOldGen: 146858K->149317K(1398272K)
[3011.169s][info][gc,metaspace   ] GC(2085) Metaspace: 90764K(98736K)->90764K(98736K) NonClass: 79429K(83888K)->79429K(83888K) Class: 11335K(14848K)->11335K(14848K)
[3011.169s][info][gc             ] GC(2085) Pause Young (Allocation Failure) 808M->148M(2039M) 4.732ms
[3011.169s][info][gc,cpu         ] GC(2085) User=0.00s Sys=0.00s Real=0.00s
[3013.167s][info][gc,start       ] GC(2086) Pause Young (Allocation Failure)
[3013.171s][info][gc,heap        ] GC(2086) PSYoungGen: 682293K->3379K(689152K)
[3013.171s][info][gc,heap        ] GC(2086) PSOldGen: 149317K->150899K(1398272K)
[3013.171s][info][gc,metaspace   ] GC(2086) Metaspace: 90764K(98736K)->90764K(98736K) NonClass: 79429K(83888K)->79429K(83888K) Class: 11335K(14848K)->11335K(14848K)
[3013.171s][info][gc             ] GC(2086) Pause Young (Allocation Failure) 812M->150M(2038M) 3.998ms
[3013.171s][info][gc,cpu         ] GC(2086) User=0.00s Sys=0.00s Real=0.00s
[3014.618s][info][gc,start       ] GC(2087) Pause Young (Allocation Failure)
[3014.623s][info][gc,heap        ] GC(2087) PSYoungGen: 683315K->5415K(690176K)
[3014.623s][info][gc,heap        ] GC(2087) PSOldGen: 150899K->153222K(1398272K)
[3014.623s][info][gc,metaspace   ] GC(2087) Metaspace: 90764K(98736K)->90764K(98736K) NonClass: 79429K(83888K)->79429K(83888K) Class: 11335K(14848K)->11335K(14848K)
[3014.623s][info][gc             ] GC(2087) Pause Young (Allocation Failure) 814M->154M(2039M) 5.219ms
[3014.623s][info][gc,cpu         ] GC(2087) User=0.00s Sys=0.00s Real=0.00s
[3014.839s][info][gc,start       ] GC(2088) Pause Young (System.gc())
[3014.842s][info][gc,heap        ] GC(2088) PSYoungGen: 247557K->544K(682496K)
[3014.842s][info][gc,heap        ] GC(2088) PSOldGen: 153222K->155350K(1398272K)
[3014.842s][info][gc,metaspace   ] GC(2088) Metaspace: 90764K(98736K)->90764K(98736K) NonClass: 79429K(83888K)->79429K(83888K) Class: 11335K(14848K)->11335K(14848K)
[3014.842s][info][gc             ] GC(2088) Pause Young (System.gc()) 391M->152M(2032M) 2.179ms
[3014.842s][info][gc,cpu         ] GC(2088) User=0.00s Sys=0.00s Real=0.00s
[3014.842s][info][gc,start       ] GC(2089) Pause Full (System.gc())
[3014.844s][info][gc,phases,start] GC(2089) Phase 1: Mark live objects
[3014.899s][info][gc,phases      ] GC(2089) Phase 1: Mark live objects 55.476ms
[3014.899s][info][gc,phases,start] GC(2089) Phase 2: Compute new object addresses
[3014.914s][info][gc,phases      ] GC(2089) Phase 2: Compute new object addresses 14.827ms
[3014.914s][info][gc,phases,start] GC(2089) Phase 3: Adjust pointers
[3014.951s][info][gc,phases      ] GC(2089) Phase 3: Adjust pointers 36.634ms
[3014.951s][info][gc,phases,start] GC(2089) Phase 4: Move objects
[3014.953s][info][gc,phases      ] GC(2089) Phase 4: Move objects 2.617ms
[3014.957s][info][gc,heap        ] GC(2089) PSYoungGen: 544K->0K(682496K)
[3014.957s][info][gc,heap        ] GC(2089) PSOldGen: 155350K->146158K(1398272K)
[3014.957s][info][gc,metaspace   ] GC(2089) Metaspace: 90764K(98736K)->90764K(98736K) NonClass: 79429K(83888K)->79429K(83888K) Class: 11335K(14848K)->11335K(14848K)
[3014.957s][info][gc             ] GC(2089) Pause Full (System.gc()) 152M->142M(2032M) 115.320ms
[3014.957s][info][gc,cpu         ] GC(2089) User=0.12s Sys=0.00s Real=0.12s
[3015.845s][info][gc,start       ] GC(2090) Pause Young (Allocation Failure)
[3015.848s][info][gc,heap        ] GC(2090) PSYoungGen: 681472K->3538K(690176K)
[3015.848s][info][gc,heap        ] GC(2090) PSOldGen: 146158K->146158K(1398272K)
[3015.848s][info][gc,metaspace   ] GC(2090) Metaspace: 90764K(98736K)->90764K(98736K) NonClass: 79429K(83888K)->79429K(83888K) Class: 11335K(14848K)->11335K(14848K)
[3015.848s][info][gc             ] GC(2090) Pause Young (Allocation Failure) 808M->146M(2039M) 2.974ms
[3015.848s][info][gc,cpu         ] GC(2090) User=0.02s Sys=0.00s Real=0.00s
[3018.189s][info][gc,start       ] GC(2091) Pause Young (Allocation Failure)
[3018.191s][info][gc,heap        ] GC(2091) PSYoungGen: 684498K->2490K(689664K)
[3018.191s][info][gc,heap        ] GC(2091) PSOldGen: 146158K->148927K(1398272K)
[3018.191s][info][gc,metaspace   ] GC(2091) Metaspace: 90764K(98736K)->90764K(98736K) NonClass: 79429K(83888K)->79429K(83888K) Class: 11335K(14848K)->11335K(14848K)
[3018.191s][info][gc             ] GC(2091) Pause Young (Allocation Failure) 811M->147M(2039M) 2.514ms
[3018.191s][info][gc,cpu         ] GC(2091) User=0.02s Sys=0.00s Real=0.00s
[3020.308s][info][gc,start       ] GC(2092) Pause Young (Allocation Failure)
[3020.311s][info][gc,heap        ] GC(2092) PSYoungGen: 683450K->3782K(690688K)
[3020.311s][info][gc,heap        ] GC(2092) PSOldGen: 148927K->150609K(1398272K)
[3020.311s][info][gc,metaspace   ] GC(2092) Metaspace: 90764K(98736K)->90764K(98736K) NonClass: 79429K(83888K)->79429K(83888K) Class: 11335K(14848K)->11335K(14848K)
[3020.311s][info][gc             ] GC(2092) Pause Young (Allocation Failure) 812M->150M(2040M) 2.546ms
[3020.311s][info][gc,cpu         ] GC(2092) User=0.00s Sys=0.00s Real=0.00s
[3020.960s][info][gc,start       ] GC(2093) Pause Young (Allocation Failure)
[3020.964s][info][gc,heap        ] GC(2093) PSYoungGen: 682581K->8164K(690688K)
[3020.964s][info][gc,heap        ] GC(2093) PSOldGen: 150609K->157035K(1398272K)
[3020.964s][info][gc,metaspace   ] GC(2093) Metaspace: 90764K(98736K)->90764K(98736K) NonClass: 79429K(83888K)->79429K(83888K) Class: 11335K(14848K)->11335K(14848K)
[3020.964s][info][gc             ] GC(2093) Pause Young (Allocation Failure) 813M->161M(2040M) 3.438ms
[3020.964s][info][gc,cpu         ] GC(2093) User=0.00s Sys=0.00s Real=0.00s
[3022.536s][info][gc,start       ] GC(2094) Pause Young (Allocation Failure)
[3022.539s][info][gc,heap        ] GC(2094) PSYoungGen: 690261K->2869K(684544K)
[3022.539s][info][gc,heap        ] GC(2094) PSOldGen: 157035K->159525K(1398272K)
[3022.539s][info][gc,metaspace   ] GC(2094) Metaspace: 90764K(98736K)->90764K(98736K) NonClass: 79429K(83888K)->79429K(83888K) Class: 11335K(14848K)->11335K(14848K)
[3022.539s][info][gc             ] GC(2094) Pause Young (Allocation Failure) 827M->158M(2034M) 2.664ms
[3022.539s][info][gc,cpu         ] GC(2094) User=0.00s Sys=0.00s Real=0.00s
[3024.912s][info][gc,start       ] GC(2095) Pause Young (Allocation Failure)
[3024.915s][info][gc,heap        ] GC(2095) PSYoungGen: 679068K->2696K(687616K)
[3024.915s][info][gc,heap        ] GC(2095) PSOldGen: 159525K->161273K(1398272K)
[3024.915s][info][gc,metaspace   ] GC(2095) Metaspace: 90764K(98736K)->90764K(98736K) NonClass: 79429K(83888K)->79429K(83888K) Class: 11335K(14848K)->11335K(14848K)
[3024.915s][info][gc             ] GC(2095) Pause Young (Allocation Failure) 818M->160M(2037M) 2.804ms
[3024.915s][info][gc,cpu         ] GC(2095) User=0.00s Sys=0.00s Real=0.01s
[3026.614s][info][gc,start       ] GC(2096) Pause Young (Allocation Failure)
[3026.618s][info][gc,heap        ] GC(2096) PSYoungGen: 679048K->6293K(688128K)
[3026.618s][info][gc,heap        ] GC(2096) PSOldGen: 161273K->163131K(1398272K)
[3026.618s][info][gc,metaspace   ] GC(2096) Metaspace: 90764K(98736K)->90764K(98736K) NonClass: 79429K(83888K)->79429K(83888K) Class: 11335K(14848K)->11335K(14848K)
[3026.618s][info][gc             ] GC(2096) Pause Young (Allocation Failure) 820M->165M(2037M) 3.899ms
[3026.618s][info][gc,cpu         ] GC(2096) User=0.00s Sys=0.00s Real=0.01s
[3027.349s][info][gc,start       ] GC(2097) Pause Young (Allocation Failure)
[3027.351s][info][gc,heap        ] GC(2097) PSYoungGen: 683669K->3300K(688128K)
[3027.351s][info][gc,heap        ] GC(2097) PSOldGen: 163131K->165479K(1398272K)
[3027.352s][info][gc,metaspace   ] GC(2097) Metaspace: 90764K(98736K)->90764K(98736K) NonClass: 79429K(83888K)->79429K(83888K) Class: 11335K(14848K)->11335K(14848K)
[3027.352s][info][gc             ] GC(2097) Pause Young (Allocation Failure) 826M->164M(2037M) 2.840ms
[3027.352s][info][gc,cpu         ] GC(2097) User=0.00s Sys=0.00s Real=0.00s
[3029.608s][info][gc,start       ] GC(2098) Pause Young (Allocation Failure)
[3029.610s][info][gc,heap        ] GC(2098) PSYoungGen: 680183K->2767K(688640K)
[3029.610s][info][gc,heap        ] GC(2098) PSOldGen: 165479K->168340K(1398272K)
[3029.610s][info][gc,metaspace   ] GC(2098) Metaspace: 90764K(98736K)->90764K(98736K) NonClass: 79429K(83888K)->79429K(83888K) Class: 11335K(14848K)->11335K(14848K)
[3029.610s][info][gc             ] GC(2098) Pause Young (Allocation Failure) 825M->167M(2038M) 2.574ms
[3029.610s][info][gc,cpu         ] GC(2098) User=0.00s Sys=0.00s Real=0.00s
[3031.825s][info][gc,start       ] GC(2099) Pause Young (GCLocker Initiated GC)
[3031.827s][info][gc,heap        ] GC(2099) PSYoungGen: 680655K->4061K(688128K)
[3031.827s][info][gc,heap        ] GC(2099) PSOldGen: 168365K->170270K(1398272K)
[3031.827s][info][gc,metaspace   ] GC(2099) Metaspace: 90764K(98736K)->90764K(98736K) NonClass: 79429K(83888K)->79429K(83888K) Class: 11335K(14848K)->11335K(14848K)
[3031.827s][info][gc             ] GC(2099) Pause Young (GCLocker Initiated GC) 829M->170M(2037M) 2.916ms
[3031.828s][info][gc,cpu         ] GC(2099) User=0.00s Sys=0.00s Real=0.00s
[3032.662s][info][gc,start       ] GC(2100) Pause Young (Allocation Failure)
[3032.666s][info][gc,heap        ] GC(2100) PSYoungGen: 681949K->4067K(689664K)
[3032.666s][info][gc,heap        ] GC(2100) PSOldGen: 170272K->171726K(1398272K)
[3032.666s][info][gc,metaspace   ] GC(2100) Metaspace: 90764K(98736K)->90764K(98736K) NonClass: 79429K(83888K)->79429K(83888K) Class: 11335K(14848K)->11335K(14848K)
[3032.666s][info][gc             ] GC(2100) Pause Young (Allocation Failure) 832M->171M(2039M) 3.418ms
[3032.666s][info][gc,cpu         ] GC(2100) User=0.00s Sys=0.00s Real=0.01s
[3034.049s][info][gc,start       ] GC(2101) Pause Young (GCLocker Initiated GC)
[3034.052s][info][gc,heap        ] GC(2101) PSYoungGen: 684003K->4010K(689152K)
[3034.052s][info][gc,heap        ] GC(2101) PSOldGen: 171758K->174673K(1398272K)
[3034.052s][info][gc,metaspace   ] GC(2101) Metaspace: 90764K(98736K)->90764K(98736K) NonClass: 79429K(83888K)->79429K(83888K) Class: 11335K(14848K)->11335K(14848K)
[3034.052s][info][gc             ] GC(2101) Pause Young (GCLocker Initiated GC) 835M->174M(2038M) 3.026ms
[3034.052s][info][gc,cpu         ] GC(2101) User=0.00s Sys=0.00s Real=0.00s
[3036.361s][info][gc,start       ] GC(2102) Pause Young (Allocation Failure)
[3036.364s][info][gc,heap        ] GC(2102) PSYoungGen: 683946K->2507K(690176K)
[3036.364s][info][gc,heap        ] GC(2102) PSOldGen: 179794K->181746K(1398272K)
[3036.364s][info][gc,metaspace   ] GC(2102) Metaspace: 90764K(98736K)->90764K(98736K) NonClass: 79429K(83888K)->79429K(83888K) Class: 11335K(14848K)->11335K(14848K)
[3036.364s][info][gc             ] GC(2102) Pause Young (Allocation Failure) 843M->179M(2039M) 2.885ms
[3036.364s][info][gc,cpu         ] GC(2102) User=0.00s Sys=0.00s Real=0.00s
[3038.311s][info][gc,start       ] GC(2103) Pause Young (Allocation Failure)
[3038.314s][info][gc,heap        ] GC(2103) PSYoungGen: 683979K->3759K(690176K)
[3038.314s][info][gc,heap        ] GC(2103) PSOldGen: 181746K->183579K(1398272K)
[3038.314s][info][gc,metaspace   ] GC(2103) Metaspace: 90764K(98736K)->90764K(98736K) NonClass: 79429K(83888K)->79429K(83888K) Class: 11335K(14848K)->11335K(14848K)
[3038.314s][info][gc             ] GC(2103) Pause Young (Allocation Failure) 845M->182M(2039M) 2.953ms
[3038.314s][info][gc,cpu         ] GC(2103) User=0.09s Sys=0.00s Real=0.00s
[3039.094s][info][gc,start       ] GC(2104) Pause Young (Allocation Failure)
[3039.097s][info][gc,heap        ] GC(2104) PSYoungGen: 685231K->3262K(690688K)
[3039.097s][info][gc,heap        ] GC(2104) PSOldGen: 183579K->185780K(1398272K)
[3039.097s][info][gc,metaspace   ] GC(2104) Metaspace: 90764K(98736K)->90764K(98736K) NonClass: 79429K(83888K)->79429K(83888K) Class: 11335K(14848K)->11335K(14848K)
[3039.097s][info][gc             ] GC(2104) Pause Young (Allocation Failure) 848M->184M(2040M) 3.293ms
[3039.097s][info][gc,cpu         ] GC(2104) User=0.08s Sys=0.02s Real=0.01s
[3041.288s][info][gc,start       ] GC(2105) Pause Young (Allocation Failure)
[3041.291s][info][gc,heap        ] GC(2105) PSYoungGen: 684605K->2124K(690688K)
[3041.291s][info][gc,heap        ] GC(2105) PSOldGen: 185780K->188520K(1398272K)
[3041.291s][info][gc,metaspace   ] GC(2105) Metaspace: 90764K(98736K)->90764K(98736K) NonClass: 79429K(83888K)->79429K(83888K) Class: 11335K(14848K)->11335K(14848K)
[3041.291s][info][gc             ] GC(2105) Pause Young (Allocation Failure) 849M->186M(2040M) 2.840ms
[3041.291s][info][gc,cpu         ] GC(2105) User=0.00s Sys=0.00s Real=0.00s
[3041.975s][info][gc,start       ] GC(2106) Pause Young (Allocation Failure)
[3041.978s][info][gc,heap        ] GC(2106) PSYoungGen: 683023K->7668K(686080K)
[3041.979s][info][gc,heap        ] GC(2106) PSOldGen: 188520K->191711K(1398272K)
[3041.979s][info][gc,metaspace   ] GC(2106) Metaspace: 90764K(98736K)->90764K(98736K) NonClass: 79429K(83888K)->79429K(83888K) Class: 11335K(14848K)->11335K(14848K)
[3041.979s][info][gc             ] GC(2106) Pause Young (Allocation Failure) 851M->194M(2035M) 3.516ms
[3041.979s][info][gc,cpu         ] GC(2106) User=0.00s Sys=0.00s Real=0.00s
[3043.640s][info][gc,start       ] GC(2107) Pause Young (Allocation Failure)
[3043.645s][info][gc,heap        ] GC(2107) PSYoungGen: 686068K->7218K(686080K)
[3043.645s][info][gc,heap        ] GC(2107) PSOldGen: 191711K->198803K(1398272K)
[3043.645s][info][gc,metaspace   ] GC(2107) Metaspace: 90764K(98736K)->90764K(98736K) NonClass: 79429K(83888K)->79429K(83888K) Class: 11335K(14848K)->11335K(14848K)
[3043.645s][info][gc             ] GC(2107) Pause Young (Allocation Failure) 857M->201M(2035M) 5.242ms
[3043.645s][info][gc,cpu         ] GC(2107) User=0.03s Sys=0.00s Real=0.00s
[3045.156s][info][gc,start       ] GC(2108) Pause Young (Allocation Failure)
[3045.160s][info][gc,heap        ] GC(2108) PSYoungGen: 685618K->7617K(687104K)
[3045.160s][info][gc,heap        ] GC(2108) PSOldGen: 198803K->205099K(1398272K)
[3045.160s][info][gc,metaspace   ] GC(2108) Metaspace: 90764K(98736K)->90764K(98736K) NonClass: 79429K(83888K)->79429K(83888K) Class: 11335K(14848K)->11335K(14848K)
[3045.160s][info][gc             ] GC(2108) Pause Young (Allocation Failure) 863M->207M(2036M) 4.084ms
[3045.160s][info][gc,cpu         ] GC(2108) User=0.09s Sys=0.00s Real=0.00s
[3045.834s][info][gc,start       ] GC(2109) Pause Young (Allocation Failure)
[3045.836s][info][gc,heap        ] GC(2109) PSYoungGen: 683969K->3888K(687616K)
[3045.836s][info][gc,heap        ] GC(2109) PSOldGen: 205099K->207253K(1398272K)
[3045.836s][info][gc,metaspace   ] GC(2109) Metaspace: 90764K(98736K)->90764K(98736K) NonClass: 79429K(83888K)->79429K(83888K) Class: 11335K(14848K)->11335K(14848K)
[3045.836s][info][gc             ] GC(2109) Pause Young (Allocation Failure) 868M->206M(2037M) 2.977ms
[3045.837s][info][gc,cpu         ] GC(2109) User=0.00s Sys=0.00s Real=0.00s
[3047.980s][info][gc,start       ] GC(2110) Pause Young (Allocation Failure)
[3047.984s][info][gc,heap        ] GC(2110) PSYoungGen: 677445K->3324K(688640K)
[3047.984s][info][gc,heap        ] GC(2110) PSOldGen: 207253K->210163K(1398272K)
[3047.984s][info][gc,metaspace   ] GC(2110) Metaspace: 90764K(98736K)->90764K(98736K) NonClass: 79429K(83888K)->79429K(83888K) Class: 11335K(14848K)->11335K(14848K)
[3047.984s][info][gc             ] GC(2110) Pause Young (Allocation Failure) 863M->208M(2038M) 3.197ms
[3047.984s][info][gc,cpu         ] GC(2110) User=0.00s Sys=0.00s Real=0.01s
[3048.575s][info][gc,start       ] GC(2111) Pause Young (Allocation Failure)
[3048.578s][info][gc,heap        ] GC(2111) PSYoungGen: 680360K->1925K(688128K)
[3048.578s][info][gc,heap        ] GC(2111) PSOldGen: 210163K->212666K(1398272K)
[3048.578s][info][gc,metaspace   ] GC(2111) Metaspace: 90764K(98736K)->90764K(98736K) NonClass: 79429K(83888K)->79429K(83888K) Class: 11335K(14848K)->11335K(14848K)
[3048.578s][info][gc             ] GC(2111) Pause Young (Allocation Failure) 869M->209M(2037M) 2.597ms
[3048.578s][info][gc,cpu         ] GC(2111) User=0.00s Sys=0.00s Real=0.00s
[3050.635s][info][gc,start       ] GC(2112) Pause Young (Allocation Failure)
[3050.637s][info][gc,heap        ] GC(2112) PSYoungGen: 678430K->3007K(688640K)
[3050.637s][info][gc,heap        ] GC(2112) PSOldGen: 212666K->214227K(1398272K)
[3050.637s][info][gc,metaspace   ] GC(2112) Metaspace: 90764K(98736K)->90764K(98736K) NonClass: 79429K(83888K)->79429K(83888K) Class: 11335K(14848K)->11335K(14848K)
[3050.637s][info][gc             ] GC(2112) Pause Young (Allocation Failure) 870M->212M(2038M) 2.492ms
[3050.637s][info][gc,cpu         ] GC(2112) User=0.00s Sys=0.00s Real=0.00s
[3052.003s][info][gc,start       ] GC(2113) Pause Young (Allocation Failure)
[3052.006s][info][gc,heap        ] GC(2113) PSYoungGen: 681407K->3692K(688640K)
[3052.006s][info][gc,heap        ] GC(2113) PSOldGen: 214227K->216610K(1398272K)
[3052.006s][info][gc,metaspace   ] GC(2113) Metaspace: 90764K(98736K)->90764K(98736K) NonClass: 79429K(83888K)->79429K(83888K) Class: 11335K(14848K)->11335K(14848K)
[3052.006s][info][gc             ] GC(2113) Pause Young (Allocation Failure) 874M->215M(2038M) 3.348ms
[3052.006s][info][gc,cpu         ] GC(2113) User=0.00s Sys=0.00s Real=0.00s
[3052.153s][info][gc,start       ] GC(2114) Pause Young (System.gc())
[3052.155s][info][gc,heap        ] GC(2114) PSYoungGen: 215480K->448K(689152K)
[3052.155s][info][gc,heap        ] GC(2114) PSOldGen: 216610K->218481K(1398272K)
[3052.155s][info][gc,metaspace   ] GC(2114) Metaspace: 90764K(98736K)->90764K(98736K) NonClass: 79429K(83888K)->79429K(83888K) Class: 11335K(14848K)->11335K(14848K)
[3052.155s][info][gc             ] GC(2114) Pause Young (System.gc()) 421M->213M(2038M) 2.759ms
[3052.155s][info][gc,cpu         ] GC(2114) User=0.00s Sys=0.00s Real=0.00s
[3052.155s][info][gc,start       ] GC(2115) Pause Full (System.gc())
[3052.157s][info][gc,phases,start] GC(2115) Phase 1: Mark live objects
[3052.212s][info][gc,phases      ] GC(2115) Phase 1: Mark live objects 54.849ms
[3052.212s][info][gc,phases,start] GC(2115) Phase 2: Compute new object addresses
[3052.226s][info][gc,phases      ] GC(2115) Phase 2: Compute new object addresses 14.419ms
[3052.227s][info][gc,phases,start] GC(2115) Phase 3: Adjust pointers
[3052.263s][info][gc,phases      ] GC(2115) Phase 3: Adjust pointers 36.054ms
[3052.263s][info][gc,phases,start] GC(2115) Phase 4: Move objects
[3052.270s][info][gc,phases      ] GC(2115) Phase 4: Move objects 7.492ms
[3052.273s][info][gc,heap        ] GC(2115) PSYoungGen: 448K->0K(689152K)
[3052.273s][info][gc,heap        ] GC(2115) PSOldGen: 218481K->144097K(1398272K)
[3052.273s][info][gc,metaspace   ] GC(2115) Metaspace: 90764K(98736K)->90764K(98736K) NonClass: 79429K(83888K)->79429K(83888K) Class: 11335K(14848K)->11335K(14848K)
[3052.273s][info][gc             ] GC(2115) Pause Full (System.gc()) 213M->140M(2038M) 117.289ms
[3052.273s][info][gc,cpu         ] GC(2115) User=0.12s Sys=0.00s Real=0.11s
[3053.173s][info][gc,start       ] GC(2116) Pause Young (Allocation Failure)
[3053.176s][info][gc,heap        ] GC(2116) PSYoungGen: 679424K->3472K(689152K)
[3053.176s][info][gc,heap        ] GC(2116) PSOldGen: 144097K->144097K(1398272K)
[3053.176s][info][gc,metaspace   ] GC(2116) Metaspace: 90764K(98736K)->90764K(98736K) NonClass: 79429K(83888K)->79429K(83888K) Class: 11335K(14848K)->11335K(14848K)
[3053.176s][info][gc             ] GC(2116) Pause Young (Allocation Failure) 804M->144M(2038M) 2.773ms
[3053.176s][info][gc,cpu         ] GC(2116) User=0.02s Sys=0.00s Real=0.01s
[3055.540s][info][gc,start       ] GC(2117) Pause Young (Allocation Failure)
[3055.543s][info][gc,heap        ] GC(2117) PSYoungGen: 682896K->2283K(689664K)
[3055.543s][info][gc,heap        ] GC(2117) PSOldGen: 144097K->146868K(1398272K)
[3055.543s][info][gc,metaspace   ] GC(2117) Metaspace: 90764K(98736K)->90764K(98736K) NonClass: 79429K(83888K)->79429K(83888K) Class: 11335K(14848K)->11335K(14848K)
[3055.543s][info][gc             ] GC(2117) Pause Young (Allocation Failure) 807M->145M(2039M) 2.557ms
[3055.543s][info][gc,cpu         ] GC(2117) User=0.00s Sys=0.00s Real=0.00s
[3057.709s][info][gc,start       ] GC(2118) Pause Young (Allocation Failure)
[3057.711s][info][gc,heap        ] GC(2118) PSYoungGen: 682731K->4026K(689664K)
[3057.711s][info][gc,heap        ] GC(2118) PSOldGen: 146868K->148475K(1398272K)
[3057.711s][info][gc,metaspace   ] GC(2118) Metaspace: 90764K(98736K)->90764K(98736K) NonClass: 79429K(83888K)->79429K(83888K) Class: 11335K(14848K)->11335K(14848K)
[3057.711s][info][gc             ] GC(2118) Pause Young (Allocation Failure) 810M->148M(2039M) 2.728ms
[3057.711s][info][gc,cpu         ] GC(2118) User=0.00s Sys=0.00s Real=0.00s
[3058.329s][info][gc,start       ] GC(2119) Pause Young (Allocation Failure)
[3058.332s][info][gc,heap        ] GC(2119) PSYoungGen: 683665K->8644K(688128K)
[3058.332s][info][gc,heap        ] GC(2119) PSOldGen: 148475K->154047K(1398272K)
[3058.332s][info][gc,metaspace   ] GC(2119) Metaspace: 90764K(98736K)->90764K(98736K) NonClass: 79429K(83888K)->79429K(83888K) Class: 11335K(14848K)->11335K(14848K)
[3058.332s][info][gc             ] GC(2119) Pause Young (Allocation Failure) 812M->158M(2037M) 3.377ms
[3058.332s][info][gc,cpu         ] GC(2119) User=0.08s Sys=0.00s Real=0.00s
[3059.911s][info][gc,start       ] GC(2120) Pause Young (Allocation Failure)
[3059.914s][info][gc,heap        ] GC(2120) PSYoungGen: 688068K->2890K(689152K)
[3059.914s][info][gc,heap        ] GC(2120) PSOldGen: 154047K->156918K(1398272K)
[3059.914s][info][gc,metaspace   ] GC(2120) Metaspace: 90764K(98736K)->90764K(98736K) NonClass: 79429K(83888K)->79429K(83888K) Class: 11335K(14848K)->11335K(14848K)
[3059.914s][info][gc             ] GC(2120) Pause Young (Allocation Failure) 822M->156M(2038M) 3.170ms
[3059.914s][info][gc,cpu         ] GC(2120) User=0.00s Sys=0.00s Real=0.00s
[3062.297s][info][gc,start       ] GC(2121) Pause Young (Allocation Failure)
[3062.299s][info][gc,heap        ] GC(2121) PSYoungGen: 682295K->2561K(689664K)
[3062.299s][info][gc,heap        ] GC(2121) PSOldGen: 156918K->158583K(1398272K)
[3062.299s][info][gc,metaspace   ] GC(2121) Metaspace: 90764K(98736K)->90764K(98736K) NonClass: 79429K(83888K)->79429K(83888K) Class: 11335K(14848K)->11335K(14848K)
[3062.299s][info][gc             ] GC(2121) Pause Young (Allocation Failure) 819M->157M(2039M) 2.532ms
[3062.299s][info][gc,cpu         ] GC(2121) User=0.08s Sys=0.00s Real=0.00s
[3063.990s][info][gc,start       ] GC(2122) Pause Young (Allocation Failure)
[3063.994s][info][gc,heap        ] GC(2122) PSYoungGen: 682497K->6785K(689152K)
[3063.994s][info][gc,heap        ] GC(2122) PSOldGen: 158583K->160492K(1398272K)
[3063.994s][info][gc,metaspace   ] GC(2122) Metaspace: 90764K(98736K)->90764K(98736K) NonClass: 79429K(83888K)->79429K(83888K) Class: 11335K(14848K)->11335K(14848K)
[3063.994s][info][gc             ] GC(2122) Pause Young (Allocation Failure) 821M->163M(2038M) 4.113ms
[3063.994s][info][gc,cpu         ] GC(2122) User=0.00s Sys=0.00s Real=0.00s
[3064.729s][info][gc,start       ] GC(2123) Pause Young (Allocation Failure)
[3064.732s][info][gc,heap        ] GC(2123) PSYoungGen: 686721K->3344K(689152K)
[3064.732s][info][gc,heap        ] GC(2123) PSOldGen: 160492K->162644K(1398272K)
[3064.732s][info][gc,metaspace   ] GC(2123) Metaspace: 90764K(98736K)->90764K(98736K) NonClass: 79429K(83888K)->79429K(83888K) Class: 11335K(14848K)->11335K(14848K)
[3064.732s][info][gc             ] GC(2123) Pause Young (Allocation Failure) 827M->162M(2038M) 2.720ms
[3064.732s][info][gc,cpu         ] GC(2123) User=0.00s Sys=0.00s Real=0.00s
[3067.023s][info][gc,start       ] GC(2124) Pause Young (Allocation Failure)
[3067.025s][info][gc,heap        ] GC(2124) PSYoungGen: 682768K->2841K(689152K)
[3067.025s][info][gc,heap        ] GC(2124) PSOldGen: 162644K->165537K(1398272K)
[3067.025s][info][gc,metaspace   ] GC(2124) Metaspace: 90764K(98736K)->90764K(98736K) NonClass: 79429K(83888K)->79429K(83888K) Class: 11335K(14848K)->11335K(14848K)
[3067.025s][info][gc             ] GC(2124) Pause Young (Allocation Failure) 825M->164M(2038M) 2.702ms
[3067.025s][info][gc,cpu         ] GC(2124) User=0.00s Sys=0.00s Real=0.02s
[3069.247s][info][gc,start       ] GC(2125) Pause Young (Allocation Failure)
[3069.250s][info][gc,heap        ] GC(2125) PSYoungGen: 678696K->2070K(689664K)
[3069.250s][info][gc,heap        ] GC(2125) PSOldGen: 165537K->167354K(1398272K)
[3069.250s][info][gc,metaspace   ] GC(2125) Metaspace: 90764K(98736K)->90764K(98736K) NonClass: 79429K(83888K)->79429K(83888K) Class: 11335K(14848K)->11335K(14848K)
[3069.250s][info][gc             ] GC(2125) Pause Young (Allocation Failure) 824M->165M(2039M) 2.711ms
[3069.250s][info][gc,cpu         ] GC(2125) User=0.00s Sys=0.00s Real=0.01s
[3070.046s][info][gc,start       ] GC(2126) Pause Young (Allocation Failure)
[3070.049s][info][gc,heap        ] GC(2126) PSYoungGen: 680795K->3859K(689664K)
[3070.049s][info][gc,heap        ] GC(2126) PSOldGen: 167354K->168857K(1398272K)
[3070.049s][info][gc,metaspace   ] GC(2126) Metaspace: 90764K(98736K)->90764K(98736K) NonClass: 79429K(83888K)->79429K(83888K) Class: 11335K(14848K)->11335K(14848K)
[3070.049s][info][gc             ] GC(2126) Pause Young (Allocation Failure) 828M->168M(2039M) 2.513ms
[3070.049s][info][gc,cpu         ] GC(2126) User=0.08s Sys=0.00s Real=0.00s
[3071.487s][info][gc,start       ] GC(2127) Pause Young (GCLocker Initiated GC)
[3071.489s][info][gc,heap        ] GC(2127) PSYoungGen: 684307K->3297K(690688K)
[3071.490s][info][gc,heap        ] GC(2127) PSOldGen: 168865K->171964K(1398272K)
[3071.490s][info][gc,metaspace   ] GC(2127) Metaspace: 90764K(98736K)->90764K(98736K) NonClass: 79429K(83888K)->79429K(83888K) Class: 11335K(14848K)->11335K(14848K)
[3071.490s][info][gc             ] GC(2127) Pause Young (GCLocker Initiated GC) 833M->171M(2040M) 2.900ms
[3071.490s][info][gc,cpu         ] GC(2127) User=0.00s Sys=0.00s Real=0.01s
[3073.779s][info][gc,start       ] GC(2128) Pause Young (Allocation Failure)
[3073.782s][info][gc,heap        ] GC(2128) PSYoungGen: 685281K->2856K(690176K)
[3073.782s][info][gc,heap        ] GC(2128) PSOldGen: 172990K->174652K(1398272K)
[3073.782s][info][gc,metaspace   ] GC(2128) Metaspace: 90764K(98736K)->90764K(98736K) NonClass: 79429K(83888K)->79429K(83888K) Class: 11335K(14848K)->11335K(14848K)
[3073.782s][info][gc             ] GC(2128) Pause Young (Allocation Failure) 838M->173M(2039M) 3.029ms
[3073.782s][info][gc,cpu         ] GC(2128) User=0.00s Sys=0.00s Real=0.00s
[3075.611s][info][gc,start       ] GC(2129) Pause Young (Allocation Failure)
[3075.614s][info][gc,heap        ] GC(2129) PSYoungGen: 684840K->4723K(691200K)
[3075.614s][info][gc,heap        ] GC(2129) PSOldGen: 174652K->176460K(1398272K)
[3075.614s][info][gc,metaspace   ] GC(2129) Metaspace: 90764K(98736K)->90764K(98736K) NonClass: 79429K(83888K)->79429K(83888K) Class: 11335K(14848K)->11335K(14848K)
[3075.614s][info][gc             ] GC(2129) Pause Young (Allocation Failure) 839M->176M(2040M) 3.285ms
[3075.614s][info][gc,cpu         ] GC(2129) User=0.02s Sys=0.00s Real=0.01s
[3076.380s][info][gc,start       ] GC(2130) Pause Young (Allocation Failure)
[3076.382s][info][gc,heap        ] GC(2130) PSYoungGen: 687731K->3262K(690688K)
[3076.382s][info][gc,heap        ] GC(2130) PSOldGen: 176460K->178722K(1398272K)
[3076.382s][info][gc,metaspace   ] GC(2130) Metaspace: 90764K(98736K)->90764K(98736K) NonClass: 79429K(83888K)->79429K(83888K) Class: 11335K(14848K)->11335K(14848K)
[3076.382s][info][gc             ] GC(2130) Pause Young (Allocation Failure) 843M->177M(2040M) 2.744ms
[3076.382s][info][gc,cpu         ] GC(2130) User=0.00s Sys=0.00s Real=0.00s
[3078.556s][info][gc,start       ] GC(2131) Pause Young (Allocation Failure)
[3078.559s][info][gc,heap        ] GC(2131) PSYoungGen: 686270K->3299K(691712K)
[3078.559s][info][gc,heap        ] GC(2131) PSOldGen: 178722K->181496K(1398272K)
[3078.559s][info][gc,metaspace   ] GC(2131) Metaspace: 90764K(98736K)->90764K(98736K) NonClass: 79429K(83888K)->79429K(83888K) Class: 11335K(14848K)->11335K(14848K)
[3078.559s][info][gc             ] GC(2131) Pause Young (Allocation Failure) 844M->180M(2041M) 3.126ms
[3078.559s][info][gc,cpu         ] GC(2131) User=0.00s Sys=0.00s Real=0.00s
[3079.228s][info][gc,start       ] GC(2132) Pause Young (Allocation Failure)
[3079.231s][info][gc,heap        ] GC(2132) PSYoungGen: 684242K->5079K(691200K)
[3079.231s][info][gc,heap        ] GC(2132) PSOldGen: 181496K->191267K(1398272K)
[3079.231s][info][gc,metaspace   ] GC(2132) Metaspace: 90764K(98736K)->90764K(98736K) NonClass: 79429K(83888K)->79429K(83888K) Class: 11335K(14848K)->11335K(14848K)
[3079.231s][info][gc             ] GC(2132) Pause Young (Allocation Failure) 845M->191M(2040M) 3.682ms
[3079.231s][info][gc,cpu         ] GC(2132) User=0.00s Sys=0.00s Real=0.00s
[3080.980s][info][gc,start       ] GC(2133) Pause Young (Allocation Failure)
[3080.983s][info][gc,heap        ] GC(2133) PSYoungGen: 689111K->4989K(691200K)
[3080.983s][info][gc,heap        ] GC(2133) PSOldGen: 191267K->193829K(1398272K)
[3080.983s][info][gc,metaspace   ] GC(2133) Metaspace: 90764K(98736K)->90764K(98736K) NonClass: 79429K(83888K)->79429K(83888K) Class: 11335K(14848K)->11335K(14848K)
[3080.983s][info][gc             ] GC(2133) Pause Young (Allocation Failure) 859M->194M(2040M) 2.846ms
[3080.983s][info][gc,cpu         ] GC(2133) User=0.00s Sys=0.00s Real=0.00s
[3082.439s][info][gc,start       ] GC(2134) Pause Young (Allocation Failure)
[3082.442s][info][gc,heap        ] GC(2134) PSYoungGen: 685530K->4063K(691200K)
[3082.442s][info][gc,heap        ] GC(2134) PSOldGen: 193829K->196039K(1398272K)
[3082.442s][info][gc,metaspace   ] GC(2134) Metaspace: 90764K(98736K)->90764K(98736K) NonClass: 79429K(83888K)->79429K(83888K) Class: 11335K(14848K)->11335K(14848K)
[3082.442s][info][gc             ] GC(2134) Pause Young (Allocation Failure) 858M->195M(2040M) 3.202ms
[3082.442s][info][gc,cpu         ] GC(2134) User=0.02s Sys=0.00s Real=0.00s
[3083.245s][info][gc,start       ] GC(2135) Pause Young (Allocation Failure)
[3083.248s][info][gc,heap        ] GC(2135) PSYoungGen: 687583K->5311K(690688K)
[3083.248s][info][gc,heap        ] GC(2135) PSOldGen: 196039K->198277K(1398272K)
[3083.248s][info][gc,metaspace   ] GC(2135) Metaspace: 90764K(98736K)->90764K(98736K) NonClass: 79429K(83888K)->79429K(83888K) Class: 11335K(14848K)->11335K(14848K)
[3083.248s][info][gc             ] GC(2135) Pause Young (Allocation Failure) 862M->198M(2040M) 3.013ms
[3083.248s][info][gc,cpu         ] GC(2135) User=0.00s Sys=0.00s Real=0.00s
[3085.506s][info][gc,start       ] GC(2136) Pause Young (Allocation Failure)
[3085.510s][info][gc,heap        ] GC(2136) PSYoungGen: 688831K->3633K(691200K)
[3085.510s][info][gc,heap        ] GC(2136) PSOldGen: 198277K->201223K(1398272K)
[3085.510s][info][gc,metaspace   ] GC(2136) Metaspace: 90764K(98736K)->90764K(98736K) NonClass: 79429K(83888K)->79429K(83888K) Class: 11335K(14848K)->11335K(14848K)
[3085.510s][info][gc             ] GC(2136) Pause Young (Allocation Failure) 866M->200M(2040M) 4.067ms
[3085.510s][info][gc,cpu         ] GC(2136) User=0.00s Sys=0.00s Real=0.00s
[3086.041s][info][gc,start       ] GC(2137) Pause Young (Allocation Failure)
[3086.043s][info][gc,heap        ] GC(2137) PSYoungGen: 687153K->2554K(691712K)
[3086.043s][info][gc,heap        ] GC(2137) PSOldGen: 201223K->203784K(1398272K)
[3086.043s][info][gc,metaspace   ] GC(2137) Metaspace: 90764K(98736K)->90764K(98736K) NonClass: 79429K(83888K)->79429K(83888K) Class: 11335K(14848K)->11335K(14848K)
[3086.043s][info][gc             ] GC(2137) Pause Young (Allocation Failure) 867M->201M(2041M) 2.344ms
[3086.043s][info][gc,cpu         ] GC(2137) User=0.00s Sys=0.00s Real=0.00s
[3088.416s][info][gc,start       ] GC(2138) Pause Young (Allocation Failure)
[3088.419s][info][gc,heap        ] GC(2138) PSYoungGen: 687098K->2932K(691712K)
[3088.419s][info][gc,heap        ] GC(2138) PSOldGen: 203784K->205956K(1398272K)
[3088.419s][info][gc,metaspace   ] GC(2138) Metaspace: 90764K(98736K)->90764K(98736K) NonClass: 79429K(83888K)->79429K(83888K) Class: 11335K(14848K)->11335K(14848K)
[3088.419s][info][gc             ] GC(2138) Pause Young (Allocation Failure) 870M->203M(2041M) 3.041ms
[3088.419s][info][gc,cpu         ] GC(2138) User=0.00s Sys=0.00s Real=0.00s
[3089.514s][info][gc,start       ] GC(2139) Pause Young (Allocation Failure)
[3089.518s][info][gc,heap        ] GC(2139) PSYoungGen: 687476K->5848K(690688K)
[3089.518s][info][gc,heap        ] GC(2139) PSOldGen: 205956K->207793K(1398272K)
[3089.518s][info][gc,metaspace   ] GC(2139) Metaspace: 90764K(98736K)->90764K(98736K) NonClass: 79429K(83888K)->79429K(83888K) Class: 11335K(14848K)->11335K(14848K)
[3089.518s][info][gc             ] GC(2139) Pause Young (Allocation Failure) 872M->208M(2040M) 4.433ms
[3089.518s][info][gc,cpu         ] GC(2139) User=0.08s Sys=0.02s Real=0.00s
[3089.606s][info][gc,start       ] GC(2140) Pause Young (System.gc())
[3089.608s][info][gc,heap        ] GC(2140) PSYoungGen: 161636K->480K(691200K)
[3089.608s][info][gc,heap        ] GC(2140) PSOldGen: 207793K->209725K(1398272K)
[3089.608s][info][gc,metaspace   ] GC(2140) Metaspace: 90764K(98736K)->90764K(98736K) NonClass: 79429K(83888K)->79429K(83888K) Class: 11335K(14848K)->11335K(14848K)
[3089.608s][info][gc             ] GC(2140) Pause Young (System.gc()) 360M->205M(2040M) 2.041ms
[3089.608s][info][gc,cpu         ] GC(2140) User=0.00s Sys=0.00s Real=0.00s
[3089.608s][info][gc,start       ] GC(2141) Pause Full (System.gc())
[3089.611s][info][gc,phases,start] GC(2141) Phase 1: Mark live objects
[3089.666s][info][gc,phases      ] GC(2141) Phase 1: Mark live objects 54.492ms
[3089.666s][info][gc,phases,start] GC(2141) Phase 2: Compute new object addresses
[3089.680s][info][gc,phases      ] GC(2141) Phase 2: Compute new object addresses 14.085ms
[3089.680s][info][gc,phases,start] GC(2141) Phase 3: Adjust pointers
[3089.716s][info][gc,phases      ] GC(2141) Phase 3: Adjust pointers 35.699ms
[3089.716s][info][gc,phases,start] GC(2141) Phase 4: Move objects
[3089.723s][info][gc,phases      ] GC(2141) Phase 4: Move objects 7.570ms
[3089.726s][info][gc,heap        ] GC(2141) PSYoungGen: 480K->0K(691200K)
[3089.726s][info][gc,heap        ] GC(2141) PSOldGen: 209725K->149900K(1398272K)
[3089.726s][info][gc,metaspace   ] GC(2141) Metaspace: 90764K(98736K)->90764K(98736K) NonClass: 79429K(83888K)->79429K(83888K) Class: 11335K(14848K)->11335K(14848K)
[3089.726s][info][gc             ] GC(2141) Pause Full (System.gc()) 205M->146M(2040M) 117.905ms
[3089.726s][info][gc,cpu         ] GC(2141) User=0.12s Sys=0.00s Real=0.12s
[3090.626s][info][gc,start       ] GC(2142) Pause Young (Allocation Failure)
[3090.629s][info][gc,heap        ] GC(2142) PSYoungGen: 683520K->3676K(691712K)
[3090.629s][info][gc,heap        ] GC(2142) PSOldGen: 149900K->149900K(1398272K)
[3090.629s][info][gc,metaspace   ] GC(2142) Metaspace: 90764K(98736K)->90764K(98736K) NonClass: 79429K(83888K)->79429K(83888K) Class: 11335K(14848K)->11335K(14848K)
[3090.629s][info][gc             ] GC(2142) Pause Young (Allocation Failure) 813M->149M(2041M) 2.621ms
[3090.629s][info][gc,cpu         ] GC(2142) User=0.02s Sys=0.00s Real=0.02s
[3093.002s][info][gc,start       ] GC(2143) Pause Young (Allocation Failure)
[3093.004s][info][gc,heap        ] GC(2143) PSYoungGen: 687708K->2208K(691200K)
[3093.004s][info][gc,heap        ] GC(2143) PSOldGen: 149900K->152485K(1398272K)
[3093.004s][info][gc,metaspace   ] GC(2143) Metaspace: 90764K(98736K)->90764K(98736K) NonClass: 79429K(83888K)->79429K(83888K) Class: 11335K(14848K)->11335K(14848K)
[3093.004s][info][gc             ] GC(2143) Pause Young (Allocation Failure) 817M->151M(2040M) 2.289ms
[3093.004s][info][gc,cpu         ] GC(2143) User=0.00s Sys=0.00s Real=0.00s
[3095.144s][info][gc,start       ] GC(2144) Pause Young (Allocation Failure)
[3095.146s][info][gc,heap        ] GC(2144) PSYoungGen: 686240K->1895K(691712K)
[3095.146s][info][gc,heap        ] GC(2144) PSOldGen: 152485K->153993K(1398272K)
[3095.146s][info][gc,metaspace   ] GC(2144) Metaspace: 90764K(98736K)->90764K(98736K) NonClass: 79429K(83888K)->79429K(83888K) Class: 11335K(14848K)->11335K(14848K)
[3095.146s][info][gc             ] GC(2144) Pause Young (Allocation Failure) 819M->152M(2041M) 2.250ms
[3095.146s][info][gc,cpu         ] GC(2144) User=0.00s Sys=0.00s Real=0.00s
[3095.768s][info][gc,start       ] GC(2145) Pause Young (Allocation Failure)
[3095.771s][info][gc,heap        ] GC(2145) PSYoungGen: 682364K->4516K(691712K)
[3095.771s][info][gc,heap        ] GC(2145) PSOldGen: 153993K->159448K(1398272K)
[3095.771s][info][gc,metaspace   ] GC(2145) Metaspace: 90764K(98736K)->90764K(98736K) NonClass: 79429K(83888K)->79429K(83888K) Class: 11335K(14848K)->11335K(14848K)
[3095.771s][info][gc             ] GC(2145) Pause Young (Allocation Failure) 816M->160M(2041M) 3.265ms
[3095.771s][info][gc,cpu         ] GC(2145) User=0.00s Sys=0.00s Real=0.00s
[3097.373s][info][gc,start       ] GC(2146) Pause Young (Allocation Failure)
[3097.376s][info][gc,heap        ] GC(2146) PSYoungGen: 689060K->6035K(690688K)
[3097.376s][info][gc,heap        ] GC(2146) PSOldGen: 159448K->162266K(1398272K)
[3097.376s][info][gc,metaspace   ] GC(2146) Metaspace: 90764K(98736K)->90764K(98736K) NonClass: 79429K(83888K)->79429K(83888K) Class: 11335K(14848K)->11335K(14848K)
[3097.376s][info][gc             ] GC(2146) Pause Young (Allocation Failure) 828M->164M(2040M) 3.072ms
[3097.376s][info][gc,cpu         ] GC(2146) User=0.00s Sys=0.00s Real=0.00s
[3099.795s][info][gc,start       ] GC(2147) Pause Young (Allocation Failure)
[3099.798s][info][gc,heap        ] GC(2147) PSYoungGen: 689555K->3044K(691200K)
[3099.798s][info][gc,heap        ] GC(2147) PSOldGen: 162266K->163957K(1398272K)
[3099.798s][info][gc,metaspace   ] GC(2147) Metaspace: 90764K(98736K)->90764K(98736K) NonClass: 79429K(83888K)->79429K(83888K) Class: 11335K(14848K)->11335K(14848K)
[3099.798s][info][gc             ] GC(2147) Pause Young (Allocation Failure) 831M->163M(2040M) 2.871ms
[3099.798s][info][gc,cpu         ] GC(2147) User=0.00s Sys=0.00s Real=0.00s
[3101.391s][info][gc,start       ] GC(2148) Pause Young (Allocation Failure)
[3101.394s][info][gc,heap        ] GC(2148) PSYoungGen: 686564K->4609K(691200K)
[3101.394s][info][gc,heap        ] GC(2148) PSOldGen: 163957K->165834K(1398272K)
[3101.394s][info][gc,metaspace   ] GC(2148) Metaspace: 90764K(98736K)->90764K(98736K) NonClass: 79429K(83888K)->79429K(83888K) Class: 11335K(14848K)->11335K(14848K)
[3101.394s][info][gc             ] GC(2148) Pause Young (Allocation Failure) 830M->166M(2040M) 3.024ms
[3101.394s][info][gc,cpu         ] GC(2148) User=0.08s Sys=0.02s Real=0.00s
[3102.142s][info][gc,start       ] GC(2149) Pause Young (Allocation Failure)
[3102.145s][info][gc,heap        ] GC(2149) PSYoungGen: 688129K->3496K(691200K)
[3102.145s][info][gc,heap        ] GC(2149) PSOldGen: 165834K->168084K(1398272K)
[3102.145s][info][gc,metaspace   ] GC(2149) Metaspace: 90764K(98736K)->90764K(98736K) NonClass: 79429K(83888K)->79429K(83888K) Class: 11335K(14848K)->11335K(14848K)
[3102.145s][info][gc             ] GC(2149) Pause Young (Allocation Failure) 833M->167M(2040M) 2.976ms
[3102.145s][info][gc,cpu         ] GC(2149) User=0.00s Sys=0.00s Real=0.00s
[3104.625s][info][gc,start       ] GC(2150) Pause Young (Allocation Failure)
[3104.628s][info][gc,heap        ] GC(2150) PSYoungGen: 687016K->2452K(691712K)
[3104.628s][info][gc,heap        ] GC(2150) PSOldGen: 168084K->170348K(1398272K)
[3104.628s][info][gc,metaspace   ] GC(2150) Metaspace: 90764K(98736K)->90764K(98736K) NonClass: 79429K(83888K)->79429K(83888K) Class: 11335K(14848K)->11335K(14848K)
[3104.628s][info][gc             ] GC(2150) Pause Young (Allocation Failure) 835M->168M(2041M) 3.168ms
[3104.628s][info][gc,cpu         ] GC(2150) User=0.05s Sys=0.02s Real=0.00s
[3106.856s][info][gc,start       ] GC(2151) Pause Young (GCLocker Initiated GC)
[3106.859s][info][gc,heap        ] GC(2151) PSYoungGen: 686996K->3997K(691712K)
[3106.859s][info][gc,heap        ] GC(2151) PSOldGen: 170348K->171933K(1398272K)
[3106.859s][info][gc,metaspace   ] GC(2151) Metaspace: 90764K(98736K)->90764K(98736K) NonClass: 79429K(83888K)->79429K(83888K) Class: 11335K(14848K)->11335K(14848K)
[3106.859s][info][gc             ] GC(2151) Pause Young (GCLocker Initiated GC) 837M->171M(2041M) 2.500ms
[3106.859s][info][gc,cpu         ] GC(2151) User=0.00s Sys=0.00s Real=0.00s
[3107.500s][info][gc,start       ] GC(2152) Pause Young (Allocation Failure)
[3107.504s][info][gc,heap        ] GC(2152) PSYoungGen: 688541K->5702K(690688K)
[3107.504s][info][gc,heap        ] GC(2152) PSOldGen: 233382K->234898K(1398272K)
[3107.504s][info][gc,metaspace   ] GC(2152) Metaspace: 90764K(98736K)->90764K(98736K) NonClass: 79429K(83888K)->79429K(83888K) Class: 11335K(14848K)->11335K(14848K)
[3107.504s][info][gc             ] GC(2152) Pause Young (Allocation Failure) 900M->234M(2040M) 3.721ms
[3107.504s][info][gc,cpu         ] GC(2152) User=0.05s Sys=0.00s Real=0.00s
[3109.357s][info][gc,start       ] GC(2153) Pause Young (Allocation Failure)
[3109.360s][info][gc,heap        ] GC(2153) PSYoungGen: 689222K->3473K(691200K)
[3109.360s][info][gc,heap        ] GC(2153) PSOldGen: 234898K->237999K(1398272K)
[3109.360s][info][gc,metaspace   ] GC(2153) Metaspace: 90764K(98736K)->90764K(98736K) NonClass: 79429K(83888K)->79429K(83888K) Class: 11335K(14848K)->11335K(14848K)
[3109.360s][info][gc             ] GC(2153) Pause Young (Allocation Failure) 902M->235M(2040M) 3.206ms
[3109.360s][info][gc,cpu         ] GC(2153) User=0.00s Sys=0.00s Real=0.00s
[3111.656s][info][gc,start       ] GC(2154) Pause Young (Allocation Failure)
[3111.660s][info][gc,heap        ] GC(2154) PSYoungGen: 686749K->2838K(691712K)
[3111.660s][info][gc,heap        ] GC(2154) PSOldGen: 237999K->239826K(1398272K)
[3111.660s][info][gc,metaspace   ] GC(2154) Metaspace: 90764K(98736K)->90764K(98736K) NonClass: 79429K(83888K)->79429K(83888K) Class: 11335K(14848K)->11335K(14848K)
[3111.660s][info][gc             ] GC(2154) Pause Young (Allocation Failure) 903M->236M(2041M) 3.787ms
[3111.660s][info][gc,cpu         ] GC(2154) User=0.03s Sys=0.02s Real=0.01s
[3113.251s][info][gc,start       ] GC(2155) Pause Young (Allocation Failure)
[3113.254s][info][gc,heap        ] GC(2155) PSYoungGen: 686539K->2626K(691712K)
[3113.254s][info][gc,heap        ] GC(2155) PSOldGen: 239826K->241655K(1398272K)
[3113.254s][info][gc,metaspace   ] GC(2155) Metaspace: 90764K(98736K)->90764K(98736K) NonClass: 79429K(83888K)->79429K(83888K) Class: 11335K(14848K)->11335K(14848K)
[3113.254s][info][gc             ] GC(2155) Pause Young (Allocation Failure) 904M->238M(2041M) 2.843ms
[3113.254s][info][gc,cpu         ] GC(2155) User=0.00s Sys=0.00s Real=0.00s
[3113.974s][info][gc,start       ] GC(2156) Pause Young (Allocation Failure)
[3113.978s][info][gc,heap        ] GC(2156) PSYoungGen: 687170K->3408K(692224K)
[3113.978s][info][gc,heap        ] GC(2156) PSOldGen: 241655K->243611K(1398272K)
[3113.978s][info][gc,metaspace   ] GC(2156) Metaspace: 90764K(98736K)->90764K(98736K) NonClass: 79429K(83888K)->79429K(83888K) Class: 11335K(14848K)->11335K(14848K)
[3113.978s][info][gc             ] GC(2156) Pause Young (Allocation Failure) 907M->241M(2041M) 3.718ms
[3113.978s][info][gc,cpu         ] GC(2156) User=0.00s Sys=0.00s Real=0.00s
[3116.170s][info][gc,start       ] GC(2157) Pause Young (Allocation Failure)
[3116.174s][info][gc,heap        ] GC(2157) PSYoungGen: 688976K->3607K(692224K)
[3116.174s][info][gc,heap        ] GC(2157) PSOldGen: 243611K->246603K(1398272K)
[3116.174s][info][gc,metaspace   ] GC(2157) Metaspace: 90764K(98736K)->90764K(98736K) NonClass: 79429K(83888K)->79429K(83888K) Class: 11335K(14848K)->11335K(14848K)
[3116.174s][info][gc             ] GC(2157) Pause Young (Allocation Failure) 910M->244M(2041M) 3.514ms
[3116.174s][info][gc,cpu         ] GC(2157) User=0.06s Sys=0.02s Real=0.00s
[3116.803s][info][gc,start       ] GC(2158) Pause Young (Allocation Failure)
[3116.805s][info][gc,heap        ] GC(2158) PSYoungGen: 689175K->3877K(692736K)
[3116.805s][info][gc,heap        ] GC(2158) PSOldGen: 246603K->249055K(1398272K)
[3116.805s][info][gc,metaspace   ] GC(2158) Metaspace: 90764K(98736K)->90764K(98736K) NonClass: 79429K(83888K)->79429K(83888K) Class: 11335K(14848K)->11335K(14848K)
[3116.806s][info][gc             ] GC(2158) Pause Young (Allocation Failure) 913M->247M(2042M) 2.754ms
[3116.806s][info][gc,cpu         ] GC(2158) User=0.00s Sys=0.00s Real=0.00s
[3119.081s][info][gc,start       ] GC(2159) Pause Young (Allocation Failure)
[3119.084s][info][gc,heap        ] GC(2159) PSYoungGen: 688978K->2608K(692736K)
[3119.084s][info][gc,heap        ] GC(2159) PSOldGen: 249055K->251072K(1398272K)
[3119.084s][info][gc,metaspace   ] GC(2159) Metaspace: 90764K(98736K)->90764K(98736K) NonClass: 79429K(83888K)->79429K(83888K) Class: 11335K(14848K)->11335K(14848K)
[3119.084s][info][gc             ] GC(2159) Pause Young (Allocation Failure) 916M->247M(2042M) 2.387ms
[3119.084s][info][gc,cpu         ] GC(2159) User=0.00s Sys=0.00s Real=0.00s
[3119.977s][info][gc,start       ] GC(2160) Pause Young (Allocation Failure)
[3119.982s][info][gc,heap        ] GC(2160) PSYoungGen: 688497K->3736K(692736K)
[3119.982s][info][gc,heap        ] GC(2160) PSOldGen: 251072K->253044K(1398272K)
[3119.982s][info][gc,metaspace   ] GC(2160) Metaspace: 90764K(98736K)->90764K(98736K) NonClass: 79429K(83888K)->79429K(83888K) Class: 11335K(14848K)->11335K(14848K)
[3119.982s][info][gc             ] GC(2160) Pause Young (Allocation Failure) 917M->250M(2042M) 5.509ms
[3119.982s][info][gc,cpu         ] GC(2160) User=0.00s Sys=0.00s Real=0.01s
[3121.281s][info][gc,start       ] GC(2161) Pause Young (Allocation Failure)
[3121.285s][info][gc,heap        ] GC(2161) PSYoungGen: 690328K->6116K(692736K)
[3121.285s][info][gc,heap        ] GC(2161) PSOldGen: 253044K->256806K(1398272K)
[3121.285s][info][gc,metaspace   ] GC(2161) Metaspace: 90764K(98736K)->90764K(98736K) NonClass: 79429K(83888K)->79429K(83888K) Class: 11335K(14848K)->11335K(14848K)
[3121.285s][info][gc             ] GC(2161) Pause Young (Allocation Failure) 921M->256M(2042M) 3.608ms
[3121.285s][info][gc,cpu         ] GC(2161) User=0.06s Sys=0.02s Real=0.00s
[3123.046s][info][gc,start       ] GC(2162) Pause Young (Allocation Failure)
[3123.050s][info][gc,heap        ] GC(2162) PSYoungGen: 692708K->6118K(685568K)
[3123.050s][info][gc,heap        ] GC(2162) PSOldGen: 256806K->259759K(1398272K)
[3123.050s][info][gc,metaspace   ] GC(2162) Metaspace: 90764K(98736K)->90764K(98736K) NonClass: 79429K(83888K)->79429K(83888K) Class: 11335K(14848K)->11335K(14848K)
[3123.050s][info][gc             ] GC(2162) Pause Young (Allocation Failure) 927M->259M(2035M) 4.301ms
[3123.050s][info][gc,cpu         ] GC(2162) User=0.06s Sys=0.00s Real=0.01s
[3123.766s][info][gc,start       ] GC(2163) Pause Young (Allocation Failure)
[3123.769s][info][gc,heap        ] GC(2163) PSYoungGen: 685542K->3389K(689152K)
[3123.769s][info][gc,heap        ] GC(2163) PSOldGen: 259759K->262463K(1398272K)
[3123.769s][info][gc,metaspace   ] GC(2163) Metaspace: 90764K(98736K)->90764K(98736K) NonClass: 79429K(83888K)->79429K(83888K) Class: 11335K(14848K)->11335K(14848K)
[3123.769s][info][gc             ] GC(2163) Pause Young (Allocation Failure) 923M->259M(2038M) 3.550ms
[3123.769s][info][gc,cpu         ] GC(2163) User=0.09s Sys=0.00s Real=0.00s
[3126.097s][info][gc,start       ] GC(2164) Pause Young (Allocation Failure)
[3126.100s][info][gc,heap        ] GC(2164) PSYoungGen: 682813K->3700K(689664K)
[3126.100s][info][gc,heap        ] GC(2164) PSOldGen: 262463K->265367K(1398272K)
[3126.100s][info][gc,metaspace   ] GC(2164) Metaspace: 90764K(98736K)->90764K(98736K) NonClass: 79429K(83888K)->79429K(83888K) Class: 11335K(14848K)->11335K(14848K)
[3126.100s][info][gc             ] GC(2164) Pause Young (Allocation Failure) 923M->262M(2039M) 3.361ms
[3126.100s][info][gc,cpu         ] GC(2164) User=0.00s Sys=0.00s Real=0.00s
[3126.922s][info][gc,start       ] GC(2165) Pause Young (Allocation Failure)
[3126.925s][info][gc,heap        ] GC(2165) PSYoungGen: 684148K->2911K(689664K)
[3126.925s][info][gc,heap        ] GC(2165) PSOldGen: 265367K->267353K(1398272K)
[3126.925s][info][gc,metaspace   ] GC(2165) Metaspace: 90765K(98736K)->90765K(98736K) NonClass: 79429K(83888K)->79429K(83888K) Class: 11335K(14848K)->11335K(14848K)
[3126.925s][info][gc             ] GC(2165) Pause Young (Allocation Failure) 927M->263M(2039M) 3.140ms
[3126.925s][info][gc,cpu         ] GC(2165) User=0.08s Sys=0.02s Real=0.00s
[3126.931s][info][gc,start       ] GC(2166) Pause Young (System.gc())
[3126.933s][info][gc,heap        ] GC(2166) PSYoungGen: 28930K->192K(689152K)
[3126.933s][info][gc,heap        ] GC(2166) PSOldGen: 267353K->269065K(1398272K)
[3126.933s][info][gc,metaspace   ] GC(2166) Metaspace: 90765K(98736K)->90765K(98736K) NonClass: 79429K(83888K)->79429K(83888K) Class: 11335K(14848K)->11335K(14848K)
[3126.934s][info][gc             ] GC(2166) Pause Young (System.gc()) 289M->262M(2038M) 2.388ms
[3126.934s][info][gc,cpu         ] GC(2166) User=0.00s Sys=0.00s Real=0.00s
[3126.934s][info][gc,start       ] GC(2167) Pause Full (System.gc())
[3126.935s][info][gc,phases,start] GC(2167) Phase 1: Mark live objects
[3126.991s][info][gc,phases      ] GC(2167) Phase 1: Mark live objects 55.553ms
[3126.991s][info][gc,phases,start] GC(2167) Phase 2: Compute new object addresses
[3127.006s][info][gc,phases      ] GC(2167) Phase 2: Compute new object addresses 14.941ms
[3127.006s][info][gc,phases,start] GC(2167) Phase 3: Adjust pointers
[3127.042s][info][gc,phases      ] GC(2167) Phase 3: Adjust pointers 36.043ms
[3127.042s][info][gc,phases,start] GC(2167) Phase 4: Move objects
[3127.051s][info][gc,phases      ] GC(2167) Phase 4: Move objects 8.912ms
[3127.053s][info][gc,heap        ] GC(2167) PSYoungGen: 192K->0K(689152K)
[3127.053s][info][gc,heap        ] GC(2167) PSOldGen: 269065K->80308K(1398272K)
[3127.054s][info][gc,metaspace   ] GC(2167) Metaspace: 90765K(98736K)->90765K(98736K) NonClass: 79429K(83888K)->79429K(83888K) Class: 11335K(14848K)->11335K(14848K)
[3127.054s][info][gc             ] GC(2167) Pause Full (System.gc()) 262M->78M(2038M) 119.901ms
[3127.054s][info][gc,cpu         ] GC(2167) User=0.12s Sys=0.00s Real=0.12s
[3127.929s][info][gc,start       ] GC(2168) Pause Young (Allocation Failure)
[3127.931s][info][gc,heap        ] GC(2168) PSYoungGen: 680448K->3750K(689664K)
[3127.931s][info][gc,heap        ] GC(2168) PSOldGen: 80308K->80308K(1398272K)
[3127.931s][info][gc,metaspace   ] GC(2168) Metaspace: 90765K(98736K)->90765K(98736K) NonClass: 79429K(83888K)->79429K(83888K) Class: 11335K(14848K)->11335K(14848K)
[3127.931s][info][gc             ] GC(2168) Pause Young (Allocation Failure) 742M->82M(2039M) 2.266ms
[3127.931s][info][gc,cpu         ] GC(2168) User=0.00s Sys=0.00s Real=0.00s
[3130.310s][info][gc,start       ] GC(2169) Pause Young (Allocation Failure)
[3130.312s][info][gc,heap        ] GC(2169) PSYoungGen: 684198K->2458K(690688K)
[3130.312s][info][gc,heap        ] GC(2169) PSOldGen: 80308K->83066K(1398272K)
[3130.312s][info][gc,metaspace   ] GC(2169) Metaspace: 90765K(98736K)->90765K(98736K) NonClass: 79429K(83888K)->79429K(83888K) Class: 11335K(14848K)->11335K(14848K)
[3130.312s][info][gc             ] GC(2169) Pause Young (Allocation Failure) 746M->83M(2040M) 2.448ms
[3130.312s][info][gc,cpu         ] GC(2169) User=0.00s Sys=0.00s Real=0.00s
[3132.415s][info][gc,start       ] GC(2170) Pause Young (GCLocker Initiated GC)
[3132.417s][info][gc,heap        ] GC(2170) PSYoungGen: 684442K->3904K(690176K)
[3132.417s][info][gc,heap        ] GC(2170) PSOldGen: 83076K->84765K(1398272K)
[3132.417s][info][gc,metaspace   ] GC(2170) Metaspace: 90765K(98736K)->90765K(98736K) NonClass: 79429K(83888K)->79429K(83888K) Class: 11335K(14848K)->11335K(14848K)
[3132.417s][info][gc             ] GC(2170) Pause Young (GCLocker Initiated GC) 749M->86M(2039M) 2.552ms
[3132.417s][info][gc,cpu         ] GC(2170) User=0.00s Sys=0.00s Real=0.00s
[3133.041s][info][gc,start       ] GC(2171) Pause Young (Allocation Failure)
[3133.045s][info][gc,heap        ] GC(2171) PSYoungGen: 685888K->4516K(691200K)
[3133.045s][info][gc,heap        ] GC(2171) PSOldGen: 146449K->148117K(1398272K)
[3133.045s][info][gc,metaspace   ] GC(2171) Metaspace: 90765K(98736K)->90765K(98736K) NonClass: 79429K(83888K)->79429K(83888K) Class: 11335K(14848K)->11335K(14848K)
[3133.045s][info][gc             ] GC(2171) Pause Young (Allocation Failure) 812M->149M(2040M) 3.642ms
[3133.045s][info][gc,cpu         ] GC(2171) User=0.00s Sys=0.00s Real=0.00s
[3134.812s][info][gc,start       ] GC(2172) Pause Young (Allocation Failure)
[3134.815s][info][gc,heap        ] GC(2172) PSYoungGen: 687524K->3413K(690688K)
[3134.815s][info][gc,heap        ] GC(2172) PSOldGen: 148117K->150932K(1398272K)
[3134.815s][info][gc,metaspace   ] GC(2172) Metaspace: 90765K(98736K)->90765K(98736K) NonClass: 79429K(83888K)->79429K(83888K) Class: 11335K(14848K)->11335K(14848K)
[3134.815s][info][gc             ] GC(2172) Pause Young (Allocation Failure) 816M->150M(2040M) 2.894ms
[3134.815s][info][gc,cpu         ] GC(2172) User=0.06s Sys=0.02s Real=0.01s
[3137.251s][info][gc,start       ] GC(2173) Pause Young (Allocation Failure)
[3137.254s][info][gc,heap        ] GC(2173) PSYoungGen: 686421K->4730K(691200K)
[3137.254s][info][gc,heap        ] GC(2173) PSOldGen: 150932K->152757K(1398272K)
[3137.254s][info][gc,metaspace   ] GC(2173) Metaspace: 90765K(98736K)->90765K(98736K) NonClass: 79429K(83888K)->79429K(83888K) Class: 11335K(14848K)->11335K(14848K)
[3137.254s][info][gc             ] GC(2173) Pause Young (Allocation Failure) 817M->153M(2040M) 2.863ms
[3137.254s][info][gc,cpu         ] GC(2173) User=0.02s Sys=0.00s Real=0.00s
[3138.736s][info][gc,start       ] GC(2174) Pause Young (Allocation Failure)
[3138.739s][info][gc,heap        ] GC(2174) PSYoungGen: 688250K->4036K(691200K)
[3138.739s][info][gc,heap        ] GC(2174) PSOldGen: 152757K->154618K(1398272K)
[3138.739s][info][gc,metaspace   ] GC(2174) Metaspace: 90765K(98736K)->90765K(98736K) NonClass: 79429K(83888K)->79429K(83888K) Class: 11335K(14848K)->11335K(14848K)
[3138.739s][info][gc             ] GC(2174) Pause Young (Allocation Failure) 821M->154M(2040M) 3.634ms
[3138.739s][info][gc,cpu         ] GC(2174) User=0.00s Sys=0.00s Real=0.00s
[3139.508s][info][gc,start       ] GC(2175) Pause Young (Allocation Failure)
[3139.511s][info][gc,heap        ] GC(2175) PSYoungGen: 687556K->3376K(691712K)
[3139.511s][info][gc,heap        ] GC(2175) PSOldGen: 154618K->156909K(1398272K)
[3139.511s][info][gc,metaspace   ] GC(2175) Metaspace: 90765K(98736K)->90765K(98736K) NonClass: 79429K(83888K)->79429K(83888K) Class: 11335K(14848K)->11335K(14848K)
[3139.511s][info][gc             ] GC(2175) Pause Young (Allocation Failure) 822M->156M(2041M) 2.793ms
[3139.511s][info][gc,cpu         ] GC(2175) User=0.00s Sys=0.00s Real=0.00s
[3141.970s][info][gc,start       ] GC(2176) Pause Young (Allocation Failure)
[3141.972s][info][gc,heap        ] GC(2176) PSYoungGen: 687920K->2464K(691712K)
[3141.972s][info][gc,heap        ] GC(2176) PSOldGen: 156909K->159077K(1398272K)
[3141.972s][info][gc,metaspace   ] GC(2176) Metaspace: 90765K(98736K)->90765K(98736K) NonClass: 79429K(83888K)->79429K(83888K) Class: 11335K(14848K)->11335K(14848K)
[3141.972s][info][gc             ] GC(2176) Pause Young (Allocation Failure) 825M->157M(2041M) 2.739ms
[3141.972s][info][gc,cpu         ] GC(2176) User=0.02s Sys=0.00s Real=0.02s
[3144.185s][info][gc,start       ] GC(2177) Pause Young (Allocation Failure)
[3144.188s][info][gc,heap        ] GC(2177) PSYoungGen: 687008K->3549K(692224K)
[3144.188s][info][gc,heap        ] GC(2177) PSOldGen: 159077K->160812K(1398272K)
[3144.188s][info][gc,metaspace   ] GC(2177) Metaspace: 90765K(98736K)->90765K(98736K) NonClass: 79429K(83888K)->79429K(83888K) Class: 11335K(14848K)->11335K(14848K)
[3144.188s][info][gc             ] GC(2177) Pause Young (Allocation Failure) 826M->160M(2041M) 2.582ms
[3144.188s][info][gc,cpu         ] GC(2177) User=0.00s Sys=0.00s Real=0.00s
[3144.802s][info][gc,start       ] GC(2178) Pause Young (Allocation Failure)
[3144.806s][info][gc,heap        ] GC(2178) PSYoungGen: 686103K->5527K(691712K)
[3144.806s][info][gc,heap        ] GC(2178) PSOldGen: 160812K->178935K(1398272K)
[3144.806s][info][gc,metaspace   ] GC(2178) Metaspace: 90765K(98736K)->90765K(98736K) NonClass: 79429K(83888K)->79429K(83888K) Class: 11335K(14848K)->11335K(14848K)
[3144.806s][info][gc             ] GC(2178) Pause Young (Allocation Failure) 827M->180M(2041M) 4.071ms
[3144.806s][info][gc,cpu         ] GC(2178) User=0.00s Sys=0.00s Real=0.00s
[3146.617s][info][gc,start       ] GC(2179) Pause Young (Allocation Failure)
[3146.620s][info][gc,heap        ] GC(2179) PSYoungGen: 690343K->2851K(691712K)
[3146.620s][info][gc,heap        ] GC(2179) PSOldGen: 178935K->181604K(1398272K)
[3146.620s][info][gc,metaspace   ] GC(2179) Metaspace: 90765K(98736K)->90765K(98736K) NonClass: 79429K(83888K)->79429K(83888K) Class: 11335K(14848K)->11335K(14848K)
[3146.620s][info][gc             ] GC(2179) Pause Young (Allocation Failure) 848M->180M(2041M) 3.037ms
[3146.620s][info][gc,cpu         ] GC(2179) User=0.00s Sys=0.00s Real=0.00s
[3148.890s][info][gc,start       ] GC(2180) Pause Young (Allocation Failure)
[3148.893s][info][gc,heap        ] GC(2180) PSYoungGen: 687395K->3995K(691712K)
[3148.893s][info][gc,heap        ] GC(2180) PSOldGen: 181604K->183370K(1398272K)
[3148.893s][info][gc,metaspace   ] GC(2180) Metaspace: 90765K(98736K)->90765K(98736K) NonClass: 79429K(83888K)->79429K(83888K) Class: 11335K(14848K)->11335K(14848K)
[3148.893s][info][gc             ] GC(2180) Pause Young (Allocation Failure) 848M->182M(2041M) 2.887ms
[3148.893s][info][gc,cpu         ] GC(2180) User=0.08s Sys=0.00s Real=0.00s
[3150.489s][info][gc,start       ] GC(2181) Pause Young (Allocation Failure)
[3150.493s][info][gc,heap        ] GC(2181) PSYoungGen: 688539K->5447K(691200K)
[3150.493s][info][gc,heap        ] GC(2181) PSOldGen: 183370K->185249K(1398272K)
[3150.493s][info][gc,metaspace   ] GC(2181) Metaspace: 90765K(98736K)->90765K(98736K) NonClass: 79429K(83888K)->79429K(83888K) Class: 11335K(14848K)->11335K(14848K)
[3150.493s][info][gc             ] GC(2181) Pause Young (Allocation Failure) 851M->186M(2040M) 4.348ms
[3150.493s][info][gc,cpu         ] GC(2181) User=0.00s Sys=0.00s Real=0.00s
[3151.284s][info][gc,start       ] GC(2182) Pause Young (Allocation Failure)
[3151.287s][info][gc,heap        ] GC(2182) PSYoungGen: 689991K->3359K(691712K)
[3151.287s][info][gc,heap        ] GC(2182) PSOldGen: 185249K->187328K(1398272K)
[3151.287s][info][gc,metaspace   ] GC(2182) Metaspace: 90765K(98736K)->90765K(98736K) NonClass: 79429K(83888K)->79429K(83888K) Class: 11335K(14848K)->11335K(14848K)
[3151.287s][info][gc             ] GC(2182) Pause Young (Allocation Failure) 854M->186M(2041M) 2.671ms
[3151.287s][info][gc,cpu         ] GC(2182) User=0.00s Sys=0.00s Real=0.00s
[3153.473s][info][gc,start       ] GC(2183) Pause Young (Allocation Failure)
[3153.476s][info][gc,heap        ] GC(2183) PSYoungGen: 685369K->3347K(692224K)
[3153.476s][info][gc,heap        ] GC(2183) PSOldGen: 187328K->190253K(1398272K)
[3153.476s][info][gc,metaspace   ] GC(2183) Metaspace: 90765K(98736K)->90765K(98736K) NonClass: 79429K(83888K)->79429K(83888K) Class: 11335K(14848K)->11335K(14848K)
[3153.476s][info][gc             ] GC(2183) Pause Young (Allocation Failure) 852M->189M(2041M) 2.745ms
[3153.476s][info][gc,cpu         ] GC(2183) User=0.00s Sys=0.00s Real=0.01s
[3154.105s][info][gc,start       ] GC(2184) Pause Young (GCLocker Initiated GC)
[3154.108s][info][gc,heap        ] GC(2184) PSYoungGen: 688403K->2583K(691712K)
[3154.108s][info][gc,heap        ] GC(2184) PSOldGen: 190253K->192825K(1398272K)
[3154.108s][info][gc,metaspace   ] GC(2184) Metaspace: 90765K(98736K)->90765K(98736K) NonClass: 79429K(83888K)->79429K(83888K) Class: 11335K(14848K)->11335K(14848K)
[3154.108s][info][gc             ] GC(2184) Pause Young (GCLocker Initiated GC) 858M->190M(2041M) 2.539ms
[3154.108s][info][gc,cpu         ] GC(2184) User=0.00s Sys=0.00s Real=0.01s
[3156.285s][info][gc,start       ] GC(2185) Pause Young (GCLocker Initiated GC)
[3156.288s][info][gc,heap        ] GC(2185) PSYoungGen: 687639K->4908K(692224K)
[3156.288s][info][gc,heap        ] GC(2185) PSOldGen: 192844K->194382K(1398272K)
[3156.288s][info][gc,metaspace   ] GC(2185) Metaspace: 90765K(98736K)->90765K(98736K) NonClass: 79429K(83888K)->79429K(83888K) Class: 11335K(14848K)->11335K(14848K)
[3156.288s][info][gc             ] GC(2185) Pause Young (GCLocker Initiated GC) 859M->194M(2041M) 2.773ms
[3156.288s][info][gc,cpu         ] GC(2185) User=0.00s Sys=0.00s Real=0.01s
[3157.232s][info][gc,start       ] GC(2186) Pause Young (Allocation Failure)
[3157.235s][info][gc,heap        ] GC(2186) PSYoungGen: 690476K->3587K(692224K)
[3157.235s][info][gc,heap        ] GC(2186) PSOldGen: 215089K->217652K(1398272K)
[3157.235s][info][gc,metaspace   ] GC(2186) Metaspace: 90765K(98736K)->90765K(98736K) NonClass: 79429K(83888K)->79429K(83888K) Class: 11335K(14848K)->11335K(14848K)
[3157.236s][info][gc             ] GC(2186) Pause Young (Allocation Failure) 884M->216M(2041M) 4.001ms
[3157.236s][info][gc,cpu         ] GC(2186) User=0.00s Sys=0.00s Real=0.00s
[3158.591s][info][gc,start       ] GC(2187) Pause Young (Allocation Failure)
[3158.594s][info][gc,heap        ] GC(2187) PSYoungGen: 686540K->3211K(692224K)
[3158.594s][info][gc,heap        ] GC(2187) PSOldGen: 217652K->220158K(1398272K)
[3158.594s][info][gc,metaspace   ] GC(2187) Metaspace: 90765K(98736K)->90765K(98736K) NonClass: 79429K(83888K)->79429K(83888K) Class: 11335K(14848K)->11335K(14848K)
[3158.594s][info][gc             ] GC(2187) Pause Young (Allocation Failure) 883M->218M(2041M) 2.736ms
[3158.594s][info][gc,cpu         ] GC(2187) User=0.00s Sys=0.00s Real=0.01s
[3160.287s][info][gc,start       ] GC(2188) Pause Young (Allocation Failure)
[3160.292s][info][gc,heap        ] GC(2188) PSYoungGen: 688779K->6625K(692224K)
[3160.292s][info][gc,heap        ] GC(2188) PSOldGen: 220158K->223018K(1398272K)
[3160.292s][info][gc,metaspace   ] GC(2188) Metaspace: 90765K(98736K)->90765K(98736K) NonClass: 79429K(83888K)->79429K(83888K) Class: 11335K(14848K)->11335K(14848K)
[3160.292s][info][gc             ] GC(2188) Pause Young (Allocation Failure) 887M->224M(2041M) 4.191ms
[3160.292s][info][gc,cpu         ] GC(2188) User=0.00s Sys=0.00s Real=0.00s
[3161.015s][info][gc,start       ] GC(2189) Pause Young (Allocation Failure)
[3161.018s][info][gc,heap        ] GC(2189) PSYoungGen: 692102K->3285K(689152K)
[3161.018s][info][gc,heap        ] GC(2189) PSOldGen: 223018K->225428K(1398272K)
[3161.018s][info][gc,metaspace   ] GC(2189) Metaspace: 90765K(98736K)->90765K(98736K) NonClass: 79429K(83888K)->79429K(83888K) Class: 11335K(14848K)->11335K(14848K)
[3161.018s][info][gc             ] GC(2189) Pause Young (Allocation Failure) 893M->223M(2038M) 2.884ms
[3161.018s][info][gc,cpu         ] GC(2189) User=0.08s Sys=0.00s Real=0.01s
[3163.303s][info][gc,start       ] GC(2190) Pause Young (Allocation Failure)
[3163.306s][info][gc,heap        ] GC(2190) PSYoungGen: 685781K->2813K(690688K)
[3163.306s][info][gc,heap        ] GC(2190) PSOldGen: 225428K->228236K(1398272K)
[3163.306s][info][gc,metaspace   ] GC(2190) Metaspace: 90765K(98736K)->90765K(98736K) NonClass: 79429K(83888K)->79429K(83888K) Class: 11335K(14848K)->11335K(14848K)
[3163.306s][info][gc             ] GC(2190) Pause Young (Allocation Failure) 889M->225M(2040M) 2.907ms
[3163.306s][info][gc,cpu         ] GC(2190) User=0.00s Sys=0.00s Real=0.00s
[3164.135s][info][gc,start       ] GC(2191) Pause Young (System.gc())
[3164.138s][info][gc,heap        ] GC(2191) PSYoungGen: 684683K->1247K(690688K)
[3164.138s][info][gc,heap        ] GC(2191) PSOldGen: 228236K->230441K(1398272K)
[3164.138s][info][gc,metaspace   ] GC(2191) Metaspace: 90765K(98736K)->90765K(98736K) NonClass: 79429K(83888K)->79429K(83888K) Class: 11335K(14848K)->11335K(14848K)
[3164.138s][info][gc             ] GC(2191) Pause Young (System.gc()) 891M->226M(2040M) 2.474ms
[3164.138s][info][gc,cpu         ] GC(2191) User=0.00s Sys=0.00s Real=0.01s
[3164.138s][info][gc,start       ] GC(2192) Pause Full (System.gc())
[3164.141s][info][gc,phases,start] GC(2192) Phase 1: Mark live objects
[3164.195s][info][gc,phases      ] GC(2192) Phase 1: Mark live objects 53.785ms
[3164.195s][info][gc,phases,start] GC(2192) Phase 2: Compute new object addresses
[3164.209s][info][gc,phases      ] GC(2192) Phase 2: Compute new object addresses 13.666ms
[3164.209s][info][gc,phases,start] GC(2192) Phase 3: Adjust pointers
[3164.244s][info][gc,phases      ] GC(2192) Phase 3: Adjust pointers 35.360ms
[3164.244s][info][gc,phases,start] GC(2192) Phase 4: Move objects
[3164.250s][info][gc,phases      ] GC(2192) Phase 4: Move objects 6.369ms
[3164.253s][info][gc,heap        ] GC(2192) PSYoungGen: 1247K->0K(690688K)
[3164.253s][info][gc,heap        ] GC(2192) PSOldGen: 230441K->115989K(1398272K)
[3164.253s][info][gc,metaspace   ] GC(2192) Metaspace: 90765K(98736K)->90765K(98736K) NonClass: 79429K(83888K)->79429K(83888K) Class: 11335K(14848K)->11335K(14848K)
[3164.253s][info][gc             ] GC(2192) Pause Full (System.gc()) 226M->113M(2040M) 115.278ms
[3164.253s][info][gc,cpu         ] GC(2192) User=0.11s Sys=0.02s Real=0.12s
[3165.195s][info][gc,start       ] GC(2193) Pause Young (Allocation Failure)
[3165.197s][info][gc,heap        ] GC(2193) PSYoungGen: 682496K->3535K(690688K)
[3165.197s][info][gc,heap        ] GC(2193) PSOldGen: 115989K->115989K(1398272K)
[3165.197s][info][gc,metaspace   ] GC(2193) Metaspace: 90765K(98736K)->90765K(98736K) NonClass: 79429K(83888K)->79429K(83888K) Class: 11335K(14848K)->11335K(14848K)
[3165.197s][info][gc             ] GC(2193) Pause Young (Allocation Failure) 779M->116M(2040M) 2.410ms
[3165.197s][info][gc,cpu         ] GC(2193) User=0.00s Sys=0.00s Real=0.00s
[3167.547s][info][gc,start       ] GC(2194) Pause Young (Allocation Failure)
[3167.550s][info][gc,heap        ] GC(2194) PSYoungGen: 686031K->2285K(691200K)
[3167.550s][info][gc,heap        ] GC(2194) PSOldGen: 115989K->118585K(1398272K)
[3167.550s][info][gc,metaspace   ] GC(2194) Metaspace: 90765K(98736K)->90765K(98736K) NonClass: 79429K(83888K)->79429K(83888K) Class: 11335K(14848K)->11335K(14848K)
[3167.550s][info][gc             ] GC(2194) Pause Young (Allocation Failure) 783M->118M(2040M) 2.561ms
[3167.550s][info][gc,cpu         ] GC(2194) User=0.08s Sys=0.00s Real=0.00s
[3169.670s][info][gc,start       ] GC(2195) Pause Young (Allocation Failure)
[3169.672s][info][gc,heap        ] GC(2195) PSYoungGen: 684989K->2292K(691200K)
[3169.672s][info][gc,heap        ] GC(2195) PSOldGen: 118585K->120088K(1398272K)
[3169.672s][info][gc,metaspace   ] GC(2195) Metaspace: 90765K(98736K)->90765K(98736K) NonClass: 79429K(83888K)->79429K(83888K) Class: 11335K(14848K)->11335K(14848K)
[3169.672s][info][gc             ] GC(2195) Pause Young (Allocation Failure) 784M->119M(2040M) 2.320ms
[3169.672s][info][gc,cpu         ] GC(2195) User=0.00s Sys=0.00s Real=0.00s
[3170.296s][info][gc,start       ] GC(2196) Pause Young (Allocation Failure)
[3170.298s][info][gc,heap        ] GC(2196) PSYoungGen: 685201K->5093K(691200K)
[3170.298s][info][gc,heap        ] GC(2196) PSOldGen: 120088K->121668K(1398272K)
[3170.298s][info][gc,metaspace   ] GC(2196) Metaspace: 90765K(98736K)->90765K(98736K) NonClass: 79429K(83888K)->79429K(83888K) Class: 11335K(14848K)->11335K(14848K)
[3170.298s][info][gc             ] GC(2196) Pause Young (Allocation Failure) 786M->123M(2040M) 2.957ms
[3170.299s][info][gc,cpu         ] GC(2196) User=0.05s Sys=0.00s Real=0.00s
[3171.930s][info][gc,start       ] GC(2197) Pause Young (GCLocker Initiated GC)
[3171.933s][info][gc,heap        ] GC(2197) PSYoungGen: 688613K->6268K(690176K)
[3171.933s][info][gc,heap        ] GC(2197) PSOldGen: 121673K->124451K(1398272K)
[3171.934s][info][gc,metaspace   ] GC(2197) Metaspace: 90765K(98736K)->90765K(98736K) NonClass: 79429K(83888K)->79429K(83888K) Class: 11335K(14848K)->11335K(14848K)
[3171.934s][info][gc             ] GC(2197) Pause Young (GCLocker Initiated GC) 791M->127M(2039M) 3.063ms
[3171.934s][info][gc,cpu         ] GC(2197) User=0.00s Sys=0.00s Real=0.00s
[3174.280s][info][gc,start       ] GC(2198) Pause Young (Allocation Failure)
[3174.283s][info][gc,heap        ] GC(2198) PSYoungGen: 689788K->5537K(689664K)
[3174.283s][info][gc,heap        ] GC(2198) PSOldGen: 124601K->126319K(1398272K)
[3174.283s][info][gc,metaspace   ] GC(2198) Metaspace: 90765K(98736K)->90765K(98736K) NonClass: 79429K(83888K)->79429K(83888K) Class: 11335K(14848K)->11335K(14848K)
[3174.283s][info][gc             ] GC(2198) Pause Young (Allocation Failure) 795M->128M(2039M) 2.687ms
[3174.283s][info][gc,cpu         ] GC(2198) User=0.08s Sys=0.00s Real=0.00s
[3175.956s][info][gc,start       ] GC(2199) Pause Young (Allocation Failure)
[3175.960s][info][gc,heap        ] GC(2199) PSYoungGen: 686549K->5569K(690176K)
[3175.960s][info][gc,heap        ] GC(2199) PSOldGen: 126319K->128201K(1398272K)
[3175.960s][info][gc,metaspace   ] GC(2199) Metaspace: 90765K(98736K)->90765K(98736K) NonClass: 79429K(83888K)->79429K(83888K) Class: 11335K(14848K)->11335K(14848K)
[3175.960s][info][gc             ] GC(2199) Pause Young (Allocation Failure) 793M->130M(2039M) 3.733ms
[3175.960s][info][gc,cpu         ] GC(2199) User=0.00s Sys=0.00s Real=0.00s
[3176.695s][info][gc,start       ] GC(2200) Pause Young (Allocation Failure)
[3176.698s][info][gc,heap        ] GC(2200) PSYoungGen: 687041K->3515K(690688K)
[3176.698s][info][gc,heap        ] GC(2200) PSOldGen: 128201K->130390K(1398272K)
[3176.698s][info][gc,metaspace   ] GC(2200) Metaspace: 90765K(98736K)->90765K(98736K) NonClass: 79429K(83888K)->79429K(83888K) Class: 11335K(14848K)->11335K(14848K)
[3176.698s][info][gc             ] GC(2200) Pause Young (Allocation Failure) 796M->130M(2040M) 2.779ms
[3176.698s][info][gc,cpu         ] GC(2200) User=0.00s Sys=0.00s Real=0.00s
[3179.167s][info][gc,start       ] GC(2201) Pause Young (Allocation Failure)
[3179.169s][info][gc,heap        ] GC(2201) PSYoungGen: 685499K->2583K(690176K)
[3179.170s][info][gc,heap        ] GC(2201) PSOldGen: 130390K->132840K(1398272K)
[3179.170s][info][gc,metaspace   ] GC(2201) Metaspace: 90765K(98736K)->90765K(98736K) NonClass: 79429K(83888K)->79429K(83888K) Class: 11335K(14848K)->11335K(14848K)
[3179.170s][info][gc             ] GC(2201) Pause Young (Allocation Failure) 796M->132M(2039M) 2.661ms
[3179.170s][info][gc,cpu         ] GC(2201) User=0.00s Sys=0.00s Real=0.00s
[3181.395s][info][gc,start       ] GC(2202) Pause Young (Allocation Failure)
[3181.397s][info][gc,heap        ] GC(2202) PSYoungGen: 684567K->2235K(690688K)
[3181.397s][info][gc,heap        ] GC(2202) PSOldGen: 132840K->134627K(1398272K)
[3181.397s][info][gc,metaspace   ] GC(2202) Metaspace: 90765K(98736K)->90765K(98736K) NonClass: 79429K(83888K)->79429K(83888K) Class: 11335K(14848K)->11335K(14848K)
[3181.397s][info][gc             ] GC(2202) Pause Young (Allocation Failure) 798M->133M(2040M) 2.179ms
[3181.397s][info][gc,cpu         ] GC(2202) User=0.00s Sys=0.00s Real=0.00s
[3182.056s][info][gc,start       ] GC(2203) Pause Young (Allocation Failure)
[3182.061s][info][gc,heap        ] GC(2203) PSYoungGen: 684048K->8163K(690688K)
[3182.061s][info][gc,heap        ] GC(2203) PSOldGen: 134627K->153220K(1398272K)
[3182.061s][info][gc,metaspace   ] GC(2203) Metaspace: 90765K(98736K)->90765K(98736K) NonClass: 79429K(83888K)->79429K(83888K) Class: 11335K(14848K)->11335K(14848K)
[3182.061s][info][gc             ] GC(2203) Pause Young (Allocation Failure) 799M->157M(2040M) 4.716ms
[3182.061s][info][gc,cpu         ] GC(2203) User=0.00s Sys=0.00s Real=0.01s
[3183.628s][info][gc,start       ] GC(2204) Pause Young (Allocation Failure)
[3183.631s][info][gc,heap        ] GC(2204) PSYoungGen: 690659K->4527K(676352K)
[3183.631s][info][gc,heap        ] GC(2204) PSOldGen: 153220K->156437K(1398272K)
[3183.631s][info][gc,metaspace   ] GC(2204) Metaspace: 90765K(98736K)->90765K(98736K) NonClass: 79429K(83888K)->79429K(83888K) Class: 11335K(14848K)->11335K(14848K)
[3183.631s][info][gc             ] GC(2204) Pause Young (Allocation Failure) 824M->157M(2026M) 3.003ms
[3183.631s][info][gc,cpu         ] GC(2204) User=0.00s Sys=0.00s Real=0.00s
[3185.822s][info][gc,start       ] GC(2205) Pause Young (Allocation Failure)
[3185.825s][info][gc,heap        ] GC(2205) PSYoungGen: 672687K->3116K(683520K)
[3185.825s][info][gc,heap        ] GC(2205) PSOldGen: 156437K->158157K(1398272K)
[3185.825s][info][gc,metaspace   ] GC(2205) Metaspace: 90765K(98736K)->90765K(98736K) NonClass: 79429K(83888K)->79429K(83888K) Class: 11335K(14848K)->11335K(14848K)
[3185.825s][info][gc             ] GC(2205) Pause Young (Allocation Failure) 809M->157M(2033M) 2.859ms
[3185.825s][info][gc,cpu         ] GC(2205) User=0.00s Sys=0.00s Real=0.00s
[3187.673s][info][gc,start       ] GC(2206) Pause Young (Allocation Failure)
[3187.676s][info][gc,heap        ] GC(2206) PSYoungGen: 671276K->4358K(684544K)
[3187.676s][info][gc,heap        ] GC(2206) PSOldGen: 158157K->159962K(1398272K)
[3187.676s][info][gc,metaspace   ] GC(2206) Metaspace: 90765K(98736K)->90765K(98736K) NonClass: 79429K(83888K)->79429K(83888K) Class: 11335K(14848K)->11335K(14848K)
[3187.676s][info][gc             ] GC(2206) Pause Young (Allocation Failure) 809M->160M(2034M) 3.435ms
[3187.676s][info][gc,cpu         ] GC(2206) User=0.02s Sys=0.00s Real=0.00s
[3188.418s][info][gc,start       ] GC(2207) Pause Young (Allocation Failure)
[3188.421s][info][gc,heap        ] GC(2207) PSYoungGen: 673981K->3326K(684032K)
[3188.421s][info][gc,heap        ] GC(2207) PSOldGen: 159962K->162183K(1398272K)
[3188.422s][info][gc,metaspace   ] GC(2207) Metaspace: 90765K(98736K)->90765K(98736K) NonClass: 79429K(83888K)->79429K(83888K) Class: 11335K(14848K)->11335K(14848K)
[3188.422s][info][gc             ] GC(2207) Pause Young (Allocation Failure) 814M->161M(2033M) 3.132ms
[3188.422s][info][gc,cpu         ] GC(2207) User=0.00s Sys=0.00s Real=0.02s
[3190.579s][info][gc,start       ] GC(2208) Pause Young (Allocation Failure)
[3190.581s][info][gc,heap        ] GC(2208) PSYoungGen: 672832K->3265K(685568K)
[3190.582s][info][gc,heap        ] GC(2208) PSOldGen: 162183K->164937K(1398272K)
[3190.582s][info][gc,metaspace   ] GC(2208) Metaspace: 90765K(98736K)->90765K(98736K) NonClass: 79429K(83888K)->79429K(83888K) Class: 11335K(14848K)->11335K(14848K)
[3190.582s][info][gc             ] GC(2208) Pause Young (Allocation Failure) 815M->164M(2035M) 2.593ms
[3190.582s][info][gc,cpu         ] GC(2208) User=0.02s Sys=0.00s Real=0.00s
[3191.258s][info][gc,start       ] GC(2209) Pause Young (Allocation Failure)
[3191.262s][info][gc,heap        ] GC(2209) PSYoungGen: 674117K->12836K(685056K)
[3191.262s][info][gc,heap        ] GC(2209) PSOldGen: 164937K->170549K(1398272K)
[3191.262s][info][gc,metaspace   ] GC(2209) Metaspace: 90765K(98736K)->90765K(98736K) NonClass: 79429K(83888K)->79429K(83888K) Class: 11335K(14848K)->11335K(14848K)
[3191.262s][info][gc             ] GC(2209) Pause Young (Allocation Failure) 819M->179M(2034M) 3.794ms
[3191.262s][info][gc,cpu         ] GC(2209) User=0.00s Sys=0.00s Real=0.00s
[3192.806s][info][gc,start       ] GC(2210) Pause Young (Allocation Failure)
[3192.810s][info][gc,heap        ] GC(2210) PSYoungGen: 684580K->3101K(683008K)
[3192.810s][info][gc,heap        ] GC(2210) PSOldGen: 170549K->173419K(1398272K)
[3192.810s][info][gc,metaspace   ] GC(2210) Metaspace: 90765K(98736K)->90765K(98736K) NonClass: 79429K(83888K)->79429K(83888K) Class: 11335K(14848K)->11335K(14848K)
[3192.810s][info][gc             ] GC(2210) Pause Young (Allocation Failure) 835M->172M(2032M) 3.391ms
[3192.810s][info][gc,cpu         ] GC(2210) User=0.00s Sys=0.00s Real=0.00s
[3194.335s][info][gc,start       ] GC(2211) Pause Young (Allocation Failure)
[3194.338s][info][gc,heap        ] GC(2211) PSYoungGen: 672285K->4918K(684032K)
[3194.338s][info][gc,heap        ] GC(2211) PSOldGen: 173419K->175540K(1398272K)
[3194.338s][info][gc,metaspace   ] GC(2211) Metaspace: 90765K(98736K)->90765K(98736K) NonClass: 79429K(83888K)->79429K(83888K) Class: 11335K(14848K)->11335K(14848K)
[3194.338s][info][gc             ] GC(2211) Pause Young (Allocation Failure) 825M->176M(2033M) 2.954ms
[3194.338s][info][gc,cpu         ] GC(2211) User=0.00s Sys=0.00s Real=0.01s
[3195.078s][info][gc,start       ] GC(2212) Pause Young (Allocation Failure)
[3195.081s][info][gc,heap        ] GC(2212) PSYoungGen: 674102K->3325K(685056K)
[3195.081s][info][gc,heap        ] GC(2212) PSOldGen: 175540K->177616K(1398272K)
[3195.081s][info][gc,metaspace   ] GC(2212) Metaspace: 90765K(98736K)->90765K(98736K) NonClass: 79429K(83888K)->79429K(83888K) Class: 11335K(14848K)->11335K(14848K)
[3195.081s][info][gc             ] GC(2212) Pause Young (Allocation Failure) 829M->176M(2034M) 2.806ms
[3195.081s][info][gc,cpu         ] GC(2212) User=0.09s Sys=0.00s Real=0.00s
[3197.181s][info][gc,start       ] GC(2213) Pause Young (Allocation Failure)
[3197.184s][info][gc,heap        ] GC(2213) PSYoungGen: 671984K->3315K(684544K)
[3197.184s][info][gc,heap        ] GC(2213) PSOldGen: 177616K->180563K(1398272K)
[3197.184s][info][gc,metaspace   ] GC(2213) Metaspace: 90765K(98736K)->90765K(98736K) NonClass: 79429K(83888K)->79429K(83888K) Class: 11335K(14848K)->11335K(14848K)
[3197.184s][info][gc             ] GC(2213) Pause Young (Allocation Failure) 829M->179M(2034M) 2.840ms
[3197.184s][info][gc,cpu         ] GC(2213) User=0.00s Sys=0.00s Real=0.00s
[3197.780s][info][gc,start       ] GC(2214) Pause Young (Allocation Failure)
[3197.784s][info][gc,heap        ] GC(2214) PSYoungGen: 672692K->2517K(686080K)
[3197.784s][info][gc,heap        ] GC(2214) PSOldGen: 180563K->183196K(1398272K)
[3197.784s][info][gc,metaspace   ] GC(2214) Metaspace: 90765K(98736K)->90765K(98736K) NonClass: 79429K(83888K)->79429K(83888K) Class: 11335K(14848K)->11335K(14848K)
[3197.784s][info][gc             ] GC(2214) Pause Young (Allocation Failure) 833M->181M(2035M) 3.654ms
[3197.784s][info][gc,cpu         ] GC(2214) User=0.06s Sys=0.00s Real=0.00s
[3199.640s][info][gc,start       ] GC(2215) Pause Young (Allocation Failure)
[3199.643s][info][gc,heap        ] GC(2215) PSYoungGen: 674797K->3174K(685568K)
[3199.643s][info][gc,heap        ] GC(2215) PSOldGen: 183196K->184782K(1398272K)
[3199.643s][info][gc,metaspace   ] GC(2215) Metaspace: 90765K(98736K)->90765K(98736K) NonClass: 79429K(83888K)->79429K(83888K) Class: 11335K(14848K)->11335K(14848K)
[3199.643s][info][gc             ] GC(2215) Pause Young (Allocation Failure) 837M->183M(2035M) 3.001ms
[3199.643s][info][gc,cpu         ] GC(2215) User=0.06s Sys=0.00s Real=0.00s
[3201.129s][info][gc,start       ] GC(2216) Pause Young (Allocation Failure)
[3201.132s][info][gc,heap        ] GC(2216) PSYoungGen: 675942K->3861K(687104K)
[3201.132s][info][gc,heap        ] GC(2216) PSOldGen: 184782K->187055K(1398272K)
[3201.132s][info][gc,metaspace   ] GC(2216) Metaspace: 90765K(98736K)->90765K(98736K) NonClass: 79429K(83888K)->79429K(83888K) Class: 11335K(14848K)->11335K(14848K)
[3201.132s][info][gc             ] GC(2216) Pause Young (Allocation Failure) 840M->186M(2036M) 3.022ms
[3201.132s][info][gc,cpu         ] GC(2216) User=0.00s Sys=0.00s Real=0.01s
[3201.381s][info][gc,start       ] GC(2217) Pause Young (System.gc())
[3201.384s][info][gc,heap        ] GC(2217) PSYoungGen: 282597K->480K(686592K)
[3201.384s][info][gc,heap        ] GC(2217) PSOldGen: 187055K->189167K(1398272K)
[3201.384s][info][gc,metaspace   ] GC(2217) Metaspace: 90765K(98736K)->90765K(98736K) NonClass: 79429K(83888K)->79429K(83888K) Class: 11335K(14848K)->11335K(14848K)
[3201.384s][info][gc             ] GC(2217) Pause Young (System.gc()) 458M->185M(2036M) 2.292ms
[3201.384s][info][gc,cpu         ] GC(2217) User=0.00s Sys=0.00s Real=0.00s
[3201.384s][info][gc,start       ] GC(2218) Pause Full (System.gc())
[3201.386s][info][gc,phases,start] GC(2218) Phase 1: Mark live objects
[3201.440s][info][gc,phases      ] GC(2218) Phase 1: Mark live objects 54.480ms
[3201.440s][info][gc,phases,start] GC(2218) Phase 2: Compute new object addresses
[3201.454s][info][gc,phases      ] GC(2218) Phase 2: Compute new object addresses 13.883ms
[3201.454s][info][gc,phases,start] GC(2218) Phase 3: Adjust pointers
[3201.490s][info][gc,phases      ] GC(2218) Phase 3: Adjust pointers 35.808ms
[3201.490s][info][gc,phases,start] GC(2218) Phase 4: Move objects
[3201.496s][info][gc,phases      ] GC(2218) Phase 4: Move objects 6.316ms
[3201.499s][info][gc,heap        ] GC(2218) PSYoungGen: 480K->0K(686592K)
[3201.499s][info][gc,heap        ] GC(2218) PSOldGen: 189167K->150050K(1398272K)
[3201.499s][info][gc,metaspace   ] GC(2218) Metaspace: 90765K(98736K)->90765K(98736K) NonClass: 79429K(83888K)->79429K(83888K) Class: 11335K(14848K)->11335K(14848K)
[3201.499s][info][gc             ] GC(2218) Pause Full (System.gc()) 185M->146M(2036M) 114.910ms
[3201.499s][info][gc,cpu         ] GC(2218) User=0.11s Sys=0.00s Real=0.12s
[3202.590s][info][gc,start       ] GC(2219) Pause Young (Allocation Failure)
[3202.593s][info][gc,heap        ] GC(2219) PSYoungGen: 674816K->3742K(687616K)
[3202.593s][info][gc,heap        ] GC(2219) PSOldGen: 150050K->150050K(1398272K)
[3202.593s][info][gc,metaspace   ] GC(2219) Metaspace: 90765K(98736K)->90765K(98736K) NonClass: 79429K(83888K)->79429K(83888K) Class: 11335K(14848K)->11335K(14848K)
[3202.593s][info][gc             ] GC(2219) Pause Young (Allocation Failure) 805M->150M(2037M) 2.329ms
[3202.593s][info][gc,cpu         ] GC(2219) User=0.00s Sys=0.00s Real=0.00s
[3204.891s][info][gc,start       ] GC(2220) Pause Young (Allocation Failure)
[3204.894s][info][gc,heap        ] GC(2220) PSYoungGen: 679582K->2405K(687104K)
[3204.894s][info][gc,heap        ] GC(2220) PSOldGen: 150050K->153188K(1398272K)
[3204.894s][info][gc,metaspace   ] GC(2220) Metaspace: 90765K(98736K)->90765K(98736K) NonClass: 79429K(83888K)->79429K(83888K) Class: 11335K(14848K)->11335K(14848K)
[3204.894s][info][gc             ] GC(2220) Pause Young (Allocation Failure) 810M->151M(2036M) 2.889ms
[3204.894s][info][gc,cpu         ] GC(2220) User=0.06s Sys=0.00s Real=0.01s
[3207.009s][info][gc,start       ] GC(2221) Pause Young (Allocation Failure)
[3207.012s][info][gc,heap        ] GC(2221) PSYoungGen: 676715K->2110K(688640K)
[3207.012s][info][gc,heap        ] GC(2221) PSOldGen: 153188K->154851K(1398272K)
[3207.012s][info][gc,metaspace   ] GC(2221) Metaspace: 90765K(98736K)->90765K(98736K) NonClass: 79429K(83888K)->79429K(83888K) Class: 11335K(14848K)->11335K(14848K)
[3207.012s][info][gc             ] GC(2221) Pause Young (Allocation Failure) 810M->153M(2038M) 2.532ms
[3207.012s][info][gc,cpu         ] GC(2221) User=0.00s Sys=0.00s Real=0.01s
[3207.688s][info][gc,start       ] GC(2222) Pause Young (Allocation Failure)
[3207.692s][info][gc,heap        ] GC(2222) PSYoungGen: 677733K->8675K(686592K)
[3207.692s][info][gc,heap        ] GC(2222) PSOldGen: 154851K->164554K(1398272K)
[3207.692s][info][gc,metaspace   ] GC(2222) Metaspace: 90765K(98736K)->90765K(98736K) NonClass: 79429K(83888K)->79429K(83888K) Class: 11335K(14848K)->11335K(14848K)
[3207.692s][info][gc             ] GC(2222) Pause Young (Allocation Failure) 813M->169M(2036M) 3.831ms
[3207.692s][info][gc,cpu         ] GC(2222) User=0.02s Sys=0.00s Real=0.00s
[3209.184s][info][gc,start       ] GC(2223) Pause Young (Allocation Failure)
[3209.187s][info][gc,heap        ] GC(2223) PSYoungGen: 682784K->2645K(687616K)
[3209.187s][info][gc,heap        ] GC(2223) PSOldGen: 164554K->167508K(1398272K)
[3209.187s][info][gc,metaspace   ] GC(2223) Metaspace: 90765K(98736K)->90765K(98736K) NonClass: 79429K(83888K)->79429K(83888K) Class: 11335K(14848K)->11335K(14848K)
[3209.187s][info][gc             ] GC(2223) Pause Young (Allocation Failure) 827M->166M(2037M) 2.681ms
[3209.187s][info][gc,cpu         ] GC(2223) User=0.00s Sys=0.00s Real=0.00s
[3211.351s][info][gc,start       ] GC(2224) Pause Young (Allocation Failure)
[3211.354s][info][gc,heap        ] GC(2224) PSYoungGen: 678485K->5164K(687104K)
[3211.354s][info][gc,heap        ] GC(2224) PSOldGen: 167508K->169179K(1398272K)
[3211.354s][info][gc,metaspace   ] GC(2224) Metaspace: 90765K(98736K)->90765K(98736K) NonClass: 79429K(83888K)->79429K(83888K) Class: 11335K(14848K)->11335K(14848K)
[3211.354s][info][gc             ] GC(2224) Pause Young (Allocation Failure) 826M->170M(2036M) 2.913ms
[3211.354s][info][gc,cpu         ] GC(2224) User=0.00s Sys=0.00s Real=0.01s
[3213.331s][info][gc,start       ] GC(2225) Pause Young (Allocation Failure)
[3213.334s][info][gc,heap        ] GC(2225) PSYoungGen: 681004K->4040K(688640K)
[3213.334s][info][gc,heap        ] GC(2225) PSOldGen: 169179K->171005K(1398272K)
[3213.334s][info][gc,metaspace   ] GC(2225) Metaspace: 90765K(98736K)->90765K(98736K) NonClass: 79429K(83888K)->79429K(83888K) Class: 11335K(14848K)->11335K(14848K)
[3213.335s][info][gc             ] GC(2225) Pause Young (Allocation Failure) 830M->170M(2038M) 3.045ms
[3213.335s][info][gc,cpu         ] GC(2225) User=0.00s Sys=0.00s Real=0.00s
[3214.079s][info][gc,start       ] GC(2226) Pause Young (Allocation Failure)
[3214.082s][info][gc,heap        ] GC(2226) PSYoungGen: 681928K->3243K(688128K)
[3214.082s][info][gc,heap        ] GC(2226) PSOldGen: 171005K->173320K(1398272K)
[3214.082s][info][gc,metaspace   ] GC(2226) Metaspace: 90765K(98736K)->90765K(98736K) NonClass: 79429K(83888K)->79429K(83888K) Class: 11335K(14848K)->11335K(14848K)
[3214.082s][info][gc             ] GC(2226) Pause Young (Allocation Failure) 832M->172M(2037M) 3.005ms
[3214.082s][info][gc,cpu         ] GC(2226) User=0.00s Sys=0.00s Real=0.01s
[3216.294s][info][gc,start       ] GC(2227) Pause Young (Allocation Failure)
[3216.297s][info][gc,heap        ] GC(2227) PSYoungGen: 680924K->2569K(689152K)
[3216.297s][info][gc,heap        ] GC(2227) PSOldGen: 173320K->176140K(1398272K)
[3216.297s][info][gc,metaspace   ] GC(2227) Metaspace: 90765K(98736K)->90765K(98736K) NonClass: 79429K(83888K)->79429K(83888K) Class: 11335K(14848K)->11335K(14848K)
[3216.297s][info][gc             ] GC(2227) Pause Young (Allocation Failure) 834M->174M(2038M) 3.781ms
[3216.297s][info][gc,cpu         ] GC(2227) User=0.00s Sys=0.00s Real=0.00s
[3218.490s][info][gc,start       ] GC(2228) Pause Young (Allocation Failure)
[3218.493s][info][gc,heap        ] GC(2228) PSYoungGen: 681886K->3206K(689152K)
[3218.493s][info][gc,heap        ] GC(2228) PSOldGen: 176140K->177502K(1398272K)
[3218.493s][info][gc,metaspace   ] GC(2228) Metaspace: 90765K(98736K)->90765K(98736K) NonClass: 79429K(83888K)->79429K(83888K) Class: 11335K(14848K)->11335K(14848K)
[3218.493s][info][gc             ] GC(2228) Pause Young (Allocation Failure) 837M->176M(2038M) 3.507ms
[3218.493s][info][gc,cpu         ] GC(2228) User=0.00s Sys=0.00s Real=0.00s
[3219.388s][info][gc,start       ] GC(2229) Pause Young (Allocation Failure)
[3219.391s][info][gc,heap        ] GC(2229) PSYoungGen: 679517K->3992K(690176K)
[3219.391s][info][gc,heap        ] GC(2229) PSOldGen: 177502K->179493K(1398272K)
[3219.391s][info][gc,metaspace   ] GC(2229) Metaspace: 90765K(98736K)->90765K(98736K) NonClass: 79429K(83888K)->79429K(83888K) Class: 11335K(14848K)->11335K(14848K)
[3219.391s][info][gc             ] GC(2229) Pause Young (Allocation Failure) 836M->179M(2039M) 2.948ms
[3219.391s][info][gc,cpu         ] GC(2229) User=0.00s Sys=0.00s Real=0.00s
[3220.753s][info][gc,start       ] GC(2230) Pause Young (Allocation Failure)
[3220.756s][info][gc,heap        ] GC(2230) PSYoungGen: 684207K->3352K(689664K)
[3220.756s][info][gc,heap        ] GC(2230) PSOldGen: 179493K->182212K(1398272K)
[3220.756s][info][gc,metaspace   ] GC(2230) Metaspace: 90765K(98736K)->90765K(98736K) NonClass: 79429K(83888K)->79429K(83888K) Class: 11335K(14848K)->11335K(14848K)
[3220.756s][info][gc             ] GC(2230) Pause Young (Allocation Failure) 843M->181M(2039M) 3.028ms
[3220.756s][info][gc,cpu         ] GC(2230) User=0.00s Sys=0.00s Real=0.01s
[3222.932s][info][gc,start       ] GC(2231) Pause Young (Allocation Failure)
[3222.935s][info][gc,heap        ] GC(2231) PSYoungGen: 683708K->2552K(690688K)
[3222.935s][info][gc,heap        ] GC(2231) PSOldGen: 182212K->184304K(1398272K)
[3222.935s][info][gc,metaspace   ] GC(2231) Metaspace: 90766K(98736K)->90766K(98736K) NonClass: 79431K(83888K)->79431K(83888K) Class: 11335K(14848K)->11335K(14848K)
[3222.935s][info][gc             ] GC(2231) Pause Young (Allocation Failure) 845M->182M(2040M) 2.396ms
[3222.935s][info][gc,cpu         ] GC(2231) User=0.00s Sys=0.00s Real=0.00s
[3224.843s][info][gc,start       ] GC(2232) Pause Young (Allocation Failure)
[3224.847s][info][gc,heap        ] GC(2232) PSYoungGen: 685048K->8178K(690688K)
[3224.847s][info][gc,heap        ] GC(2232) PSOldGen: 184304K->186801K(1398272K)
[3224.847s][info][gc,metaspace   ] GC(2232) Metaspace: 90766K(98736K)->90766K(98736K) NonClass: 79431K(83888K)->79431K(83888K) Class: 11335K(14848K)->11335K(14848K)
[3224.847s][info][gc             ] GC(2232) Pause Young (Allocation Failure) 848M->190M(2040M) 4.415ms
[3224.847s][info][gc,cpu         ] GC(2232) User=0.09s Sys=0.00s Real=0.00s
[3225.707s][info][gc,start       ] GC(2233) Pause Young (Allocation Failure)
[3225.710s][info][gc,heap        ] GC(2233) PSYoungGen: 688814K->3179K(687616K)
[3225.710s][info][gc,heap        ] GC(2233) PSOldGen: 186801K->189164K(1398272K)
[3225.710s][info][gc,metaspace   ] GC(2233) Metaspace: 90766K(98736K)->90766K(98736K) NonClass: 79431K(83888K)->79431K(83888K) Class: 11335K(14848K)->11335K(14848K)
[3225.710s][info][gc             ] GC(2233) Pause Young (Allocation Failure) 855M->187M(2037M) 2.819ms
[3225.710s][info][gc,cpu         ] GC(2233) User=0.00s Sys=0.00s Real=0.00s
[3227.869s][info][gc,start       ] GC(2234) Pause Young (Allocation Failure)
[3227.872s][info][gc,heap        ] GC(2234) PSYoungGen: 680184K->2058K(689152K)
[3227.872s][info][gc,heap        ] GC(2234) PSOldGen: 189164K->191890K(1398272K)
[3227.872s][info][gc,metaspace   ] GC(2234) Metaspace: 90766K(98736K)->90766K(98736K) NonClass: 79431K(83888K)->79431K(83888K) Class: 11335K(14848K)->11335K(14848K)
[3227.872s][info][gc             ] GC(2234) Pause Young (Allocation Failure) 848M->189M(2038M) 2.652ms
[3227.872s][info][gc,cpu         ] GC(2234) User=0.00s Sys=0.00s Real=0.00s
[3228.587s][info][gc,start       ] GC(2235) Pause Young (Allocation Failure)
[3228.590s][info][gc,heap        ] GC(2235) PSYoungGen: 677723K->8611K(687104K)
[3228.590s][info][gc,heap        ] GC(2235) PSOldGen: 191890K->197498K(1398272K)
[3228.590s][info][gc,metaspace   ] GC(2235) Metaspace: 90766K(98736K)->90766K(98736K) NonClass: 79431K(83888K)->79431K(83888K) Class: 11335K(14848K)->11335K(14848K)
[3228.590s][info][gc             ] GC(2235) Pause Young (Allocation Failure) 849M->201M(2036M) 3.437ms
[3228.590s][info][gc,cpu         ] GC(2235) User=0.00s Sys=0.00s Real=0.00s
[3230.083s][info][gc,start       ] GC(2236) Pause Young (Allocation Failure)
[3230.085s][info][gc,heap        ] GC(2236) PSYoungGen: 684630K->2600K(688128K)
[3230.086s][info][gc,heap        ] GC(2236) PSOldGen: 197498K->200620K(1398272K)
[3230.086s][info][gc,metaspace   ] GC(2236) Metaspace: 90766K(98736K)->90766K(98736K) NonClass: 79431K(83888K)->79431K(83888K) Class: 11335K(14848K)->11335K(14848K)
[3230.086s][info][gc             ] GC(2236) Pause Young (Allocation Failure) 861M->198M(2037M) 2.712ms
[3230.086s][info][gc,cpu         ] GC(2236) User=0.00s Sys=0.00s Real=0.00s
[3231.690s][info][gc,start       ] GC(2237) Pause Young (Allocation Failure)
[3231.693s][info][gc,heap        ] GC(2237) PSYoungGen: 679976K->2690K(688640K)
[3231.693s][info][gc,heap        ] GC(2237) PSOldGen: 200620K->202708K(1398272K)
[3231.693s][info][gc,metaspace   ] GC(2237) Metaspace: 90766K(98736K)->90766K(98736K) NonClass: 79431K(83888K)->79431K(83888K) Class: 11335K(14848K)->11335K(14848K)
[3231.693s][info][gc             ] GC(2237) Pause Young (Allocation Failure) 859M->200M(2038M) 2.794ms
[3231.693s][info][gc,cpu         ] GC(2237) User=0.00s Sys=0.00s Real=0.00s
[3232.438s][info][gc,start       ] GC(2238) Pause Young (Allocation Failure)
[3232.440s][info][gc,heap        ] GC(2238) PSYoungGen: 680578K->3422K(688128K)
[3232.440s][info][gc,heap        ] GC(2238) PSOldGen: 202708K->204876K(1398272K)
[3232.440s][info][gc,metaspace   ] GC(2238) Metaspace: 90766K(98736K)->90766K(98736K) NonClass: 79431K(83888K)->79431K(83888K) Class: 11335K(14848K)->11335K(14848K)
[3232.440s][info][gc             ] GC(2238) Pause Young (Allocation Failure) 862M->203M(2037M) 2.786ms
[3232.440s][info][gc,cpu         ] GC(2238) User=0.08s Sys=0.02s Real=0.00s
[3234.556s][info][gc,start       ] GC(2239) Pause Young (Allocation Failure)
[3234.559s][info][gc,heap        ] GC(2239) PSYoungGen: 681202K->3287K(689664K)
[3234.559s][info][gc,heap        ] GC(2239) PSOldGen: 204876K->207819K(1398272K)
[3234.559s][info][gc,metaspace   ] GC(2239) Metaspace: 90766K(98736K)->90766K(98736K) NonClass: 79431K(83888K)->79431K(83888K) Class: 11335K(14848K)->11335K(14848K)
[3234.559s][info][gc             ] GC(2239) Pause Young (Allocation Failure) 865M->206M(2039M) 2.859ms
[3234.559s][info][gc,cpu         ] GC(2239) User=0.00s Sys=0.00s Real=0.00s
[3235.164s][info][gc,start       ] GC(2240) Pause Young (Allocation Failure)
[3235.167s][info][gc,heap        ] GC(2240) PSYoungGen: 682655K->2421K(689152K)
[3235.167s][info][gc,heap        ] GC(2240) PSOldGen: 207819K->210278K(1398272K)
[3235.167s][info][gc,metaspace   ] GC(2240) Metaspace: 90766K(98736K)->90766K(98736K) NonClass: 79431K(83888K)->79431K(83888K) Class: 11335K(14848K)->11335K(14848K)
[3235.167s][info][gc             ] GC(2240) Pause Young (Allocation Failure) 869M->207M(2038M) 3.227ms
[3235.167s][info][gc,cpu         ] GC(2240) User=0.00s Sys=0.00s Real=0.00s
[3237.111s][info][gc,start       ] GC(2241) Pause Young (Allocation Failure)
[3237.114s][info][gc,heap        ] GC(2241) PSYoungGen: 682357K->4615K(690176K)
[3237.114s][info][gc,heap        ] GC(2241) PSOldGen: 210278K->211935K(1398272K)
[3237.114s][info][gc,metaspace   ] GC(2241) Metaspace: 90766K(98736K)->90766K(98736K) NonClass: 79431K(83888K)->79431K(83888K) Class: 11335K(14848K)->11335K(14848K)
[3237.114s][info][gc             ] GC(2241) Pause Young (Allocation Failure) 871M->211M(2039M) 2.738ms
[3237.114s][info][gc,cpu         ] GC(2241) User=0.00s Sys=0.00s Real=0.00s
[3238.571s][info][gc,start       ] GC(2242) Pause Young (Allocation Failure)
[3238.575s][info][gc,heap        ] GC(2242) PSYoungGen: 685575K->7273K(688640K)
[3238.575s][info][gc,heap        ] GC(2242) PSOldGen: 211935K->214242K(1398272K)
[3238.575s][info][gc,metaspace   ] GC(2242) Metaspace: 90766K(98736K)->90766K(98736K) NonClass: 79431K(83888K)->79431K(83888K) Class: 11335K(14848K)->11335K(14848K)
[3238.575s][info][gc             ] GC(2242) Pause Young (Allocation Failure) 876M->216M(2038M) 4.117ms
[3238.575s][info][gc,cpu         ] GC(2242) User=0.00s Sys=0.00s Real=0.00s
[3238.803s][info][gc,start       ] GC(2243) Pause Young (System.gc())
[3238.805s][info][gc,heap        ] GC(2243) PSYoungGen: 253475K->512K(689152K)
[3238.805s][info][gc,heap        ] GC(2243) PSOldGen: 214242K->216209K(1398272K)
[3238.805s][info][gc,metaspace   ] GC(2243) Metaspace: 90768K(98736K)->90768K(98736K) NonClass: 79432K(83888K)->79432K(83888K) Class: 11335K(14848K)->11335K(14848K)
[3238.805s][info][gc             ] GC(2243) Pause Young (System.gc()) 456M->211M(2038M) 2.263ms
[3238.805s][info][gc,cpu         ] GC(2243) User=0.00s Sys=0.00s Real=0.00s
[3238.805s][info][gc,start       ] GC(2244) Pause Full (System.gc())
[3238.809s][info][gc,phases,start] GC(2244) Phase 1: Mark live objects
[3238.864s][info][gc,phases      ] GC(2244) Phase 1: Mark live objects 54.785ms
[3238.864s][info][gc,phases,start] GC(2244) Phase 2: Compute new object addresses
[3238.878s][info][gc,phases      ] GC(2244) Phase 2: Compute new object addresses 14.204ms
[3238.878s][info][gc,phases,start] GC(2244) Phase 3: Adjust pointers
[3238.914s][info][gc,phases      ] GC(2244) Phase 3: Adjust pointers 35.759ms
[3238.914s][info][gc,phases,start] GC(2244) Phase 4: Move objects
[3238.922s][info][gc,phases      ] GC(2244) Phase 4: Move objects 7.753ms
[3238.924s][info][gc,heap        ] GC(2244) PSYoungGen: 512K->0K(689152K)
[3238.924s][info][gc,heap        ] GC(2244) PSOldGen: 216209K->149487K(1398272K)
[3238.924s][info][gc,metaspace   ] GC(2244) Metaspace: 90768K(98736K)->90768K(98736K) NonClass: 79432K(83888K)->79432K(83888K) Class: 11335K(14848K)->11335K(14848K)
[3238.924s][info][gc             ] GC(2244) Pause Full (System.gc()) 211M->145M(2038M) 118.669ms
[3238.924s][info][gc,cpu         ] GC(2244) User=0.12s Sys=0.00s Real=0.12s
[3239.816s][info][gc,start       ] GC(2245) Pause Young (Allocation Failure)
[3239.818s][info][gc,heap        ] GC(2245) PSYoungGen: 679424K->3739K(689152K)
[3239.818s][info][gc,heap        ] GC(2245) PSOldGen: 149487K->149487K(1398272K)
[3239.818s][info][gc,metaspace   ] GC(2245) Metaspace: 90768K(98736K)->90768K(98736K) NonClass: 79432K(83888K)->79432K(83888K) Class: 11335K(14848K)->11335K(14848K)
[3239.818s][info][gc             ] GC(2245) Pause Young (Allocation Failure) 809M->149M(2038M) 2.478ms
[3239.818s][info][gc,cpu         ] GC(2245) User=0.00s Sys=0.00s Real=0.00s
[3242.177s][info][gc,start       ] GC(2246) Pause Young (Allocation Failure)
[3242.180s][info][gc,heap        ] GC(2246) PSYoungGen: 683100K->2399K(689664K)
[3242.180s][info][gc,heap        ] GC(2246) PSOldGen: 149487K->152250K(1398272K)
[3242.180s][info][gc,metaspace   ] GC(2246) Metaspace: 90768K(98736K)->90768K(98736K) NonClass: 79432K(83888K)->79432K(83888K) Class: 11335K(14848K)->11335K(14848K)
[3242.180s][info][gc             ] GC(2246) Pause Young (Allocation Failure) 813M->151M(2039M) 2.367ms
[3242.180s][info][gc,cpu         ] GC(2246) User=0.00s Sys=0.00s Real=0.00s
[3244.297s][info][gc,start       ] GC(2247) Pause Young (Allocation Failure)
[3244.299s][info][gc,heap        ] GC(2247) PSYoungGen: 682847K->4048K(689664K)
[3244.299s][info][gc,heap        ] GC(2247) PSOldGen: 152250K->153919K(1398272K)
[3244.299s][info][gc,metaspace   ] GC(2247) Metaspace: 90768K(98736K)->90768K(98736K) NonClass: 79432K(83888K)->79432K(83888K) Class: 11335K(14848K)->11335K(14848K)
[3244.299s][info][gc             ] GC(2247) Pause Young (Allocation Failure) 815M->154M(2039M) 2.589ms
[3244.299s][info][gc,cpu         ] GC(2247) User=0.09s Sys=0.00s Real=0.01s
[3244.923s][info][gc,start       ] GC(2248) Pause Young (Allocation Failure)
[3244.926s][info][gc,heap        ] GC(2248) PSYoungGen: 680730K->8644K(688128K)
[3244.926s][info][gc,heap        ] GC(2248) PSOldGen: 153919K->155539K(1398272K)
[3244.926s][info][gc,metaspace   ] GC(2248) Metaspace: 90768K(98736K)->90768K(98736K) NonClass: 79432K(83888K)->79432K(83888K) Class: 11335K(14848K)->11335K(14848K)
[3244.926s][info][gc             ] GC(2248) Pause Young (Allocation Failure) 815M->160M(2037M) 3.082ms
[3244.926s][info][gc,cpu         ] GC(2248) User=0.02s Sys=0.00s Real=0.00s
[3246.428s][info][gc,start       ] GC(2249) Pause Young (Allocation Failure)
[3246.432s][info][gc,heap        ] GC(2249) PSYoungGen: 688068K->4852K(689152K)
[3246.432s][info][gc,heap        ] GC(2249) PSOldGen: 155539K->158339K(1398272K)
[3246.432s][info][gc,metaspace   ] GC(2249) Metaspace: 90768K(98736K)->90768K(98736K) NonClass: 79432K(83888K)->79432K(83888K) Class: 11335K(14848K)->11335K(14848K)
[3246.432s][info][gc             ] GC(2249) Pause Young (Allocation Failure) 823M->159M(2038M) 3.255ms
[3246.432s][info][gc,cpu         ] GC(2249) User=0.00s Sys=0.00s Real=0.00s
[3248.835s][info][gc,start       ] GC(2250) Pause Young (Allocation Failure)
[3248.839s][info][gc,heap        ] GC(2250) PSYoungGen: 684276K->3012K(689664K)
[3248.839s][info][gc,heap        ] GC(2250) PSOldGen: 158339K->160036K(1398272K)
[3248.839s][info][gc,metaspace   ] GC(2250) Metaspace: 90768K(98736K)->90768K(98736K) NonClass: 79432K(83888K)->79432K(83888K) Class: 11335K(14848K)->11335K(14848K)
[3248.839s][info][gc             ] GC(2250) Pause Young (Allocation Failure) 822M->159M(2039M) 3.469ms
[3248.839s][info][gc,cpu         ] GC(2250) User=0.00s Sys=0.00s Real=0.00s
[3250.540s][info][gc,start       ] GC(2251) Pause Young (Allocation Failure)
[3250.544s][info][gc,heap        ] GC(2251) PSYoungGen: 682948K->5969K(689152K)
[3250.544s][info][gc,heap        ] GC(2251) PSOldGen: 160036K->161917K(1398272K)
[3250.544s][info][gc,metaspace   ] GC(2251) Metaspace: 90768K(98736K)->90768K(98736K) NonClass: 79432K(83888K)->79432K(83888K) Class: 11335K(14848K)->11335K(14848K)
[3250.544s][info][gc             ] GC(2251) Pause Young (Allocation Failure) 823M->163M(2038M) 4.196ms
[3250.544s][info][gc,cpu         ] GC(2251) User=0.00s Sys=0.00s Real=0.00s
[3251.269s][info][gc,start       ] GC(2252) Pause Young (Allocation Failure)
[3251.272s][info][gc,heap        ] GC(2252) PSYoungGen: 685905K->3280K(689664K)
[3251.272s][info][gc,heap        ] GC(2252) PSOldGen: 161917K->164314K(1398272K)
[3251.272s][info][gc,metaspace   ] GC(2252) Metaspace: 90768K(98736K)->90768K(98736K) NonClass: 79432K(83888K)->79432K(83888K) Class: 11335K(14848K)->11335K(14848K)
[3251.272s][info][gc             ] GC(2252) Pause Young (Allocation Failure) 827M->163M(2039M) 2.777ms
[3251.272s][info][gc,cpu         ] GC(2252) User=0.00s Sys=0.00s Real=0.00s
[3253.525s][info][gc,start       ] GC(2253) Pause Young (Allocation Failure)
[3253.528s][info][gc,heap        ] GC(2253) PSYoungGen: 681428K->2286K(689152K)
[3253.528s][info][gc,heap        ] GC(2253) PSOldGen: 164314K->167177K(1398272K)
[3253.528s][info][gc,metaspace   ] GC(2253) Metaspace: 90768K(98736K)->90768K(98736K) NonClass: 79432K(83888K)->79432K(83888K) Class: 11335K(14848K)->11335K(14848K)
[3253.528s][info][gc             ] GC(2253) Pause Young (Allocation Failure) 825M->165M(2038M) 2.661ms
[3253.528s][info][gc,cpu         ] GC(2253) User=0.00s Sys=0.00s Real=0.00s
[3255.714s][info][gc,start       ] GC(2254) Pause Young (Allocation Failure)
[3255.717s][info][gc,heap        ] GC(2254) PSYoungGen: 682222K->5170K(689664K)
[3255.717s][info][gc,heap        ] GC(2254) PSOldGen: 167177K->168861K(1398272K)
[3255.717s][info][gc,metaspace   ] GC(2254) Metaspace: 90768K(98736K)->90768K(98736K) NonClass: 79432K(83888K)->79432K(83888K) Class: 11335K(14848K)->11335K(14848K)
[3255.717s][info][gc             ] GC(2254) Pause Young (Allocation Failure) 829M->169M(2039M) 2.845ms
[3255.717s][info][gc,cpu         ] GC(2254) User=0.00s Sys=0.00s Real=0.00s
[3256.558s][info][gc,start       ] GC(2255) Pause Young (Allocation Failure)
[3256.561s][info][gc,heap        ] GC(2255) PSYoungGen: 685134K->3905K(689664K)
[3256.561s][info][gc,heap        ] GC(2255) PSOldGen: 168861K->170324K(1398272K)
[3256.561s][info][gc,metaspace   ] GC(2255) Metaspace: 90768K(98736K)->90768K(98736K) NonClass: 79432K(83888K)->79432K(83888K) Class: 11335K(14848K)->11335K(14848K)
[3256.561s][info][gc             ] GC(2255) Pause Young (Allocation Failure) 833M->170M(2039M) 2.629ms
[3256.561s][info][gc,cpu         ] GC(2255) User=0.00s Sys=0.00s Real=0.00s
[3257.987s][info][gc,start       ] GC(2256) Pause Young (Allocation Failure)
[3257.990s][info][gc,heap        ] GC(2256) PSYoungGen: 684351K->2575K(690176K)
[3257.990s][info][gc,heap        ] GC(2256) PSOldGen: 170324K->173469K(1398272K)
[3257.990s][info][gc,metaspace   ] GC(2256) Metaspace: 90768K(98736K)->90768K(98736K) NonClass: 79432K(83888K)->79432K(83888K) Class: 11335K(14848K)->11335K(14848K)
[3257.990s][info][gc             ] GC(2256) Pause Young (Allocation Failure) 834M->171M(2039M) 2.824ms
[3257.990s][info][gc,cpu         ] GC(2256) User=0.00s Sys=0.00s Real=0.00s
[3260.271s][info][gc,start       ] GC(2257) Pause Young (Allocation Failure)
[3260.274s][info][gc,heap        ] GC(2257) PSYoungGen: 684047K->4180K(690176K)
[3260.274s][info][gc,heap        ] GC(2257) PSOldGen: 173469K->175131K(1398272K)
[3260.274s][info][gc,metaspace   ] GC(2257) Metaspace: 90768K(98736K)->90768K(98736K) NonClass: 79432K(83888K)->79432K(83888K) Class: 11335K(14848K)->11335K(14848K)
[3260.274s][info][gc             ] GC(2257) Pause Young (Allocation Failure) 837M->175M(2039M) 3.081ms
[3260.274s][info][gc,cpu         ] GC(2257) User=0.00s Sys=0.00s Real=0.00s
[3262.146s][info][gc,start       ] GC(2258) Pause Young (Allocation Failure)
[3262.149s][info][gc,heap        ] GC(2258) PSYoungGen: 685652K->3871K(691200K)
[3262.149s][info][gc,heap        ] GC(2258) PSOldGen: 175131K->176961K(1398272K)
[3262.149s][info][gc,metaspace   ] GC(2258) Metaspace: 90768K(98736K)->90768K(98736K) NonClass: 79432K(83888K)->79432K(83888K) Class: 11335K(14848K)->11335K(14848K)
[3262.149s][info][gc             ] GC(2258) Pause Young (Allocation Failure) 840M->176M(2040M) 3.256ms
[3262.149s][info][gc,cpu         ] GC(2258) User=0.00s Sys=0.00s Real=0.00s
[3262.908s][info][gc,start       ] GC(2259) Pause Young (Allocation Failure)
[3262.911s][info][gc,heap        ] GC(2259) PSYoungGen: 686879K->3294K(690688K)
[3262.911s][info][gc,heap        ] GC(2259) PSOldGen: 176961K->179159K(1398272K)
[3262.911s][info][gc,metaspace   ] GC(2259) Metaspace: 90768K(98736K)->90768K(98736K) NonClass: 79432K(83888K)->79432K(83888K) Class: 11335K(14848K)->11335K(14848K)
[3262.911s][info][gc             ] GC(2259) Pause Young (Allocation Failure) 843M->178M(2040M) 2.881ms
[3262.911s][info][gc,cpu         ] GC(2259) User=0.00s Sys=0.00s Real=0.00s
[3265.063s][info][gc,start       ] GC(2260) Pause Young (Allocation Failure)
[3265.065s][info][gc,heap        ] GC(2260) PSYoungGen: 686302K->3180K(691712K)
[3265.065s][info][gc,heap        ] GC(2260) PSOldGen: 179159K->181919K(1398272K)
[3265.065s][info][gc,metaspace   ] GC(2260) Metaspace: 90768K(98736K)->90768K(98736K) NonClass: 79432K(83888K)->79432K(83888K) Class: 11335K(14848K)->11335K(14848K)
[3265.065s][info][gc             ] GC(2260) Pause Young (Allocation Failure) 845M->180M(2041M) 2.512ms
[3265.065s][info][gc,cpu         ] GC(2260) User=0.09s Sys=0.00s Real=0.00s
[3265.722s][info][gc,start       ] GC(2261) Pause Young (Allocation Failure)
[3265.726s][info][gc,heap        ] GC(2261) PSYoungGen: 683448K->5302K(691200K)
[3265.726s][info][gc,heap        ] GC(2261) PSOldGen: 181919K->195641K(1398272K)
[3265.726s][info][gc,metaspace   ] GC(2261) Metaspace: 90768K(98736K)->90768K(98736K) NonClass: 79432K(83888K)->79432K(83888K) Class: 11335K(14848K)->11335K(14848K)
[3265.726s][info][gc             ] GC(2261) Pause Young (Allocation Failure) 845M->196M(2040M) 4.623ms
[3265.726s][info][gc,cpu         ] GC(2261) User=0.00s Sys=0.00s Real=0.01s
[3267.446s][info][gc,start       ] GC(2262) Pause Young (Allocation Failure)
[3267.449s][info][gc,heap        ] GC(2262) PSYoungGen: 689334K->4253K(691712K)
[3267.449s][info][gc,heap        ] GC(2262) PSOldGen: 195641K->198421K(1398272K)
[3267.449s][info][gc,metaspace   ] GC(2262) Metaspace: 90768K(98736K)->90768K(98736K) NonClass: 79432K(83888K)->79432K(83888K) Class: 11335K(14848K)->11335K(14848K)
[3267.449s][info][gc             ] GC(2262) Pause Young (Allocation Failure) 864M->197M(2041M) 3.349ms
[3267.449s][info][gc,cpu         ] GC(2262) User=0.00s Sys=0.00s Real=0.00s
[3268.945s][info][gc,start       ] GC(2263) Pause Young (Allocation Failure)
[3268.949s][info][gc,heap        ] GC(2263) PSYoungGen: 684380K->7166K(691200K)
[3268.949s][info][gc,heap        ] GC(2263) PSOldGen: 198421K->201545K(1398272K)
[3268.949s][info][gc,metaspace   ] GC(2263) Metaspace: 90768K(98736K)->90768K(98736K) NonClass: 79432K(83888K)->79432K(83888K) Class: 11335K(14848K)->11335K(14848K)
[3268.949s][info][gc             ] GC(2263) Pause Young (Allocation Failure) 862M->203M(2040M) 3.359ms
[3268.949s][info][gc,cpu         ] GC(2263) User=0.00s Sys=0.00s Real=0.01s
[3269.735s][info][gc,start       ] GC(2264) Pause Young (Allocation Failure)
[3269.738s][info][gc,heap        ] GC(2264) PSYoungGen: 691198K->5672K(688128K)
[3269.738s][info][gc,heap        ] GC(2264) PSOldGen: 201545K->204028K(1398272K)
[3269.738s][info][gc,metaspace   ] GC(2264) Metaspace: 90768K(98736K)->90768K(98736K) NonClass: 79432K(83888K)->79432K(83888K) Class: 11335K(14848K)->11335K(14848K)
[3269.738s][info][gc             ] GC(2264) Pause Young (Allocation Failure) 871M->204M(2037M) 3.589ms
[3269.738s][info][gc,cpu         ] GC(2264) User=0.08s Sys=0.00s Real=0.00s
[3271.839s][info][gc,start       ] GC(2265) Pause Young (Allocation Failure)
[3271.843s][info][gc,heap        ] GC(2265) PSYoungGen: 686120K->5727K(689664K)
[3271.843s][info][gc,heap        ] GC(2265) PSOldGen: 204028K->207048K(1398272K)
[3271.843s][info][gc,metaspace   ] GC(2265) Metaspace: 90768K(98736K)->90768K(98736K) NonClass: 79432K(83888K)->79432K(83888K) Class: 11335K(14848K)->11335K(14848K)
[3271.843s][info][gc             ] GC(2265) Pause Young (Allocation Failure) 869M->207M(2039M) 3.405ms
[3271.843s][info][gc,cpu         ] GC(2265) User=0.00s Sys=0.00s Real=0.00s
[3272.422s][info][gc,start       ] GC(2266) Pause Young (Allocation Failure)
[3272.425s][info][gc,heap        ] GC(2266) PSYoungGen: 686175K->4049K(690176K)
[3272.425s][info][gc,heap        ] GC(2266) PSOldGen: 207048K->209596K(1398272K)
[3272.425s][info][gc,metaspace   ] GC(2266) Metaspace: 90768K(98736K)->90768K(98736K) NonClass: 79432K(83888K)->79432K(83888K) Class: 11335K(14848K)->11335K(14848K)
[3272.425s][info][gc             ] GC(2266) Pause Young (Allocation Failure) 872M->208M(2039M) 2.593ms
[3272.425s][info][gc,cpu         ] GC(2266) User=0.09s Sys=0.00s Real=0.00s
[3274.691s][info][gc,start       ] GC(2267) Pause Young (Allocation Failure)
[3274.694s][info][gc,heap        ] GC(2267) PSYoungGen: 685009K->3575K(689664K)
[3274.694s][info][gc,heap        ] GC(2267) PSOldGen: 209596K->211686K(1398272K)
[3274.694s][info][gc,metaspace   ] GC(2267) Metaspace: 90768K(98736K)->90768K(98736K) NonClass: 79432K(83888K)->79432K(83888K) Class: 11335K(14848K)->11335K(14848K)
[3274.694s][info][gc             ] GC(2267) Pause Young (Allocation Failure) 873M->210M(2039M) 3.006ms
[3274.694s][info][gc,cpu         ] GC(2267) User=0.00s Sys=0.00s Real=0.01s
[3275.850s][info][gc,start       ] GC(2268) Pause Young (Allocation Failure)
[3275.855s][info][gc,heap        ] GC(2268) PSYoungGen: 684535K->6296K(690176K)
[3275.855s][info][gc,heap        ] GC(2268) PSOldGen: 211686K->213670K(1398272K)
[3275.855s][info][gc,metaspace   ] GC(2268) Metaspace: 90768K(98736K)->90768K(98736K) NonClass: 79432K(83888K)->79432K(83888K) Class: 11335K(14848K)->11335K(14848K)
[3275.855s][info][gc             ] GC(2268) Pause Young (Allocation Failure) 875M->214M(2039M) 4.819ms
[3275.855s][info][gc,cpu         ] GC(2268) User=0.00s Sys=0.00s Real=0.00s
[3275.944s][info][gc,start       ] GC(2269) Pause Young (System.gc())
[3275.946s][info][gc,heap        ] GC(2269) PSYoungGen: 178257K->480K(681984K)
[3275.946s][info][gc,heap        ] GC(2269) PSOldGen: 213670K->215552K(1398272K)
[3275.946s][info][gc,metaspace   ] GC(2269) Metaspace: 90768K(98736K)->90768K(98736K) NonClass: 79432K(83888K)->79432K(83888K) Class: 11335K(14848K)->11335K(14848K)
[3275.946s][info][gc             ] GC(2269) Pause Young (System.gc()) 382M->210M(2031M) 2.152ms
[3275.946s][info][gc,cpu         ] GC(2269) User=0.00s Sys=0.00s Real=0.00s
[3275.946s][info][gc,start       ] GC(2270) Pause Full (System.gc())
[3275.950s][info][gc,phases,start] GC(2270) Phase 1: Mark live objects
[3276.005s][info][gc,phases      ] GC(2270) Phase 1: Mark live objects 54.632ms
[3276.005s][info][gc,phases,start] GC(2270) Phase 2: Compute new object addresses
[3276.019s][info][gc,phases      ] GC(2270) Phase 2: Compute new object addresses 14.399ms
[3276.020s][info][gc,phases,start] GC(2270) Phase 3: Adjust pointers
[3276.058s][info][gc,phases      ] GC(2270) Phase 3: Adjust pointers 37.997ms
[3276.058s][info][gc,phases,start] GC(2270) Phase 4: Move objects
[3276.073s][info][gc,phases      ] GC(2270) Phase 4: Move objects 15.378ms
[3276.075s][info][gc,heap        ] GC(2270) PSYoungGen: 480K->0K(681984K)
[3276.075s][info][gc,heap        ] GC(2270) PSOldGen: 215552K->80031K(1398272K)
[3276.075s][info][gc,metaspace   ] GC(2270) Metaspace: 90768K(98736K)->90768K(98736K) NonClass: 79432K(83888K)->79432K(83888K) Class: 11335K(14848K)->11335K(14848K)
[3276.075s][info][gc             ] GC(2270) Pause Full (System.gc()) 210M->78M(2031M) 128.917ms
[3276.075s][info][gc,cpu         ] GC(2270) User=0.12s Sys=0.00s Real=0.13s
[3276.979s][info][gc,start       ] GC(2271) Pause Young (Allocation Failure)
[3276.981s][info][gc,heap        ] GC(2271) PSYoungGen: 681472K->3571K(689664K)
[3276.981s][info][gc,heap        ] GC(2271) PSOldGen: 80031K->80031K(1398272K)
[3276.981s][info][gc,metaspace   ] GC(2271) Metaspace: 90768K(98736K)->90768K(98736K) NonClass: 79432K(83888K)->79432K(83888K) Class: 11335K(14848K)->11335K(14848K)
[3276.981s][info][gc             ] GC(2271) Pause Young (Allocation Failure) 743M->81M(2039M) 2.409ms
[3276.981s][info][gc,cpu         ] GC(2271) User=0.00s Sys=0.00s Real=0.02s
[3279.319s][info][gc,start       ] GC(2272) Pause Young (Allocation Failure)
[3279.322s][info][gc,heap        ] GC(2272) PSYoungGen: 684019K->2464K(689664K)
[3279.322s][info][gc,heap        ] GC(2272) PSOldGen: 80031K->82776K(1398272K)
[3279.322s][info][gc,metaspace   ] GC(2272) Metaspace: 90768K(98736K)->90768K(98736K) NonClass: 79432K(83888K)->79432K(83888K) Class: 11335K(14848K)->11335K(14848K)
[3279.322s][info][gc             ] GC(2272) Pause Young (Allocation Failure) 746M->83M(2039M) 2.277ms
[3279.322s][info][gc,cpu         ] GC(2272) User=0.00s Sys=0.00s Real=0.00s
[3281.446s][info][gc,start       ] GC(2273) Pause Young (Allocation Failure)
[3281.448s][info][gc,heap        ] GC(2273) PSYoungGen: 682912K->3786K(690176K)
[3281.448s][info][gc,heap        ] GC(2273) PSOldGen: 82776K->84450K(1398272K)
[3281.448s][info][gc,metaspace   ] GC(2273) Metaspace: 90768K(98736K)->90768K(98736K) NonClass: 79432K(83888K)->79432K(83888K) Class: 11335K(14848K)->11335K(14848K)
[3281.448s][info][gc             ] GC(2273) Pause Young (Allocation Failure) 747M->86M(2039M) 2.445ms
[3281.448s][info][gc,cpu         ] GC(2273) User=0.00s Sys=0.00s Real=0.00s
[3282.076s][info][gc,start       ] GC(2274) Pause Young (Allocation Failure)
[3282.080s][info][gc,heap        ] GC(2274) PSYoungGen: 684858K->8676K(690176K)
[3282.080s][info][gc,heap        ] GC(2274) PSOldGen: 84450K->94215K(1398272K)
[3282.080s][info][gc,metaspace   ] GC(2274) Metaspace: 90768K(98736K)->90768K(98736K) NonClass: 79432K(83888K)->79432K(83888K) Class: 11335K(14848K)->11335K(14848K)
[3282.080s][info][gc             ] GC(2274) Pause Young (Allocation Failure) 751M->100M(2039M) 3.511ms
[3282.080s][info][gc,cpu         ] GC(2274) User=0.09s Sys=0.00s Real=0.00s
[3283.638s][info][gc,start       ] GC(2275) Pause Young (Allocation Failure)
[3283.641s][info][gc,heap        ] GC(2275) PSYoungGen: 687044K->2697K(680960K)
[3283.641s][info][gc,heap        ] GC(2275) PSOldGen: 94215K->97071K(1398272K)
[3283.641s][info][gc,metaspace   ] GC(2275) Metaspace: 90768K(98736K)->90768K(98736K) NonClass: 79432K(83888K)->79432K(83888K) Class: 11335K(14848K)->11335K(14848K)
[3283.641s][info][gc             ] GC(2275) Pause Young (Allocation Failure) 762M->97M(2030M) 2.637ms
[3283.641s][info][gc,cpu         ] GC(2275) User=0.00s Sys=0.00s Real=0.00s
[3285.995s][info][gc,start       ] GC(2276) Pause Young (Allocation Failure)
[3285.998s][info][gc,heap        ] GC(2276) PSYoungGen: 674488K->2887K(685568K)
[3285.998s][info][gc,heap        ] GC(2276) PSOldGen: 97071K->98766K(1398272K)
[3285.998s][info][gc,metaspace   ] GC(2276) Metaspace: 90768K(98736K)->90768K(98736K) NonClass: 79432K(83888K)->79432K(83888K) Class: 11335K(14848K)->11335K(14848K)
[3285.998s][info][gc             ] GC(2276) Pause Young (Allocation Failure) 753M->99M(2035M) 3.006ms
[3285.998s][info][gc,cpu         ] GC(2276) User=0.00s Sys=0.00s Real=0.00s
[3287.670s][info][gc,start       ] GC(2277) Pause Young (Allocation Failure)
[3287.674s][info][gc,heap        ] GC(2277) PSYoungGen: 675143K->4930K(687104K)
[3287.674s][info][gc,heap        ] GC(2277) PSOldGen: 98766K->100606K(1398272K)
[3287.674s][info][gc,metaspace   ] GC(2277) Metaspace: 90768K(98736K)->90768K(98736K) NonClass: 79432K(83888K)->79432K(83888K) Class: 11335K(14848K)->11335K(14848K)
[3287.674s][info][gc             ] GC(2277) Pause Young (Allocation Failure) 755M->103M(2036M) 3.851ms
[3287.674s][info][gc,cpu         ] GC(2277) User=0.08s Sys=0.00s Real=0.00s
[3288.417s][info][gc,start       ] GC(2278) Pause Young (Allocation Failure)
[3288.419s][info][gc,heap        ] GC(2278) PSYoungGen: 679234K->3413K(686080K)
[3288.419s][info][gc,heap        ] GC(2278) PSOldGen: 100606K->102826K(1398272K)
[3288.419s][info][gc,metaspace   ] GC(2278) Metaspace: 90774K(98736K)->90774K(98736K) NonClass: 79438K(83888K)->79438K(83888K) Class: 11335K(14848K)->11335K(14848K)
[3288.420s][info][gc             ] GC(2278) Pause Young (Allocation Failure) 761M->103M(2035M) 2.752ms
[3288.420s][info][gc,cpu         ] GC(2278) User=0.00s Sys=0.00s Real=0.00s
[3290.617s][info][gc,start       ] GC(2279) Pause Young (Allocation Failure)
[3290.619s][info][gc,heap        ] GC(2279) PSYoungGen: 677717K->2486K(687616K)
[3290.619s][info][gc,heap        ] GC(2279) PSOldGen: 102826K->105752K(1398272K)
[3290.619s][info][gc,metaspace   ] GC(2279) Metaspace: 90774K(98736K)->90774K(98736K) NonClass: 79438K(83888K)->79438K(83888K) Class: 11335K(14848K)->11335K(14848K)
[3290.619s][info][gc             ] GC(2279) Pause Young (Allocation Failure) 762M->105M(2037M) 2.442ms
[3290.619s][info][gc,cpu         ] GC(2279) User=0.00s Sys=0.00s Real=0.00s
[3292.840s][info][gc,start       ] GC(2280) Pause Young (Allocation Failure)
[3292.842s][info][gc,heap        ] GC(2280) PSYoungGen: 678326K->2850K(687104K)
[3292.842s][info][gc,heap        ] GC(2280) PSOldGen: 105752K->107148K(1398272K)
[3292.842s][info][gc,metaspace   ] GC(2280) Metaspace: 90774K(98736K)->90774K(98736K) NonClass: 79438K(83888K)->79438K(83888K) Class: 11335K(14848K)->11335K(14848K)
[3292.842s][info][gc             ] GC(2280) Pause Young (Allocation Failure) 765M->107M(2036M) 2.360ms
[3292.842s][info][gc,cpu         ] GC(2280) User=0.00s Sys=0.00s Real=0.00s
[3293.705s][info][gc,start       ] GC(2281) Pause Young (Allocation Failure)
[3293.707s][info][gc,heap        ] GC(2281) PSYoungGen: 678583K->3147K(688128K)
[3293.707s][info][gc,heap        ] GC(2281) PSOldGen: 107148K->109137K(1398272K)
[3293.707s][info][gc,metaspace   ] GC(2281) Metaspace: 90774K(98736K)->90774K(98736K) NonClass: 79438K(83888K)->79438K(83888K) Class: 11335K(14848K)->11335K(14848K)
[3293.707s][info][gc             ] GC(2281) Pause Young (Allocation Failure) 767M->109M(2037M) 2.335ms
[3293.707s][info][gc,cpu         ] GC(2281) User=0.00s Sys=0.00s Real=0.00s
[3295.052s][info][gc,start       ] GC(2282) Pause Young (Allocation Failure)
[3295.056s][info][gc,heap        ] GC(2282) PSYoungGen: 680523K->3550K(688128K)
[3295.056s][info][gc,heap        ] GC(2282) PSOldGen: 109137K->111750K(1398272K)
[3295.056s][info][gc,metaspace   ] GC(2282) Metaspace: 90774K(98736K)->90774K(98736K) NonClass: 79438K(83888K)->79438K(83888K) Class: 11335K(14848K)->11335K(14848K)
[3295.056s][info][gc             ] GC(2282) Pause Young (Allocation Failure) 771M->112M(2037M) 3.463ms
[3295.056s][info][gc,cpu         ] GC(2282) User=0.00s Sys=0.00s Real=0.00s
[3297.237s][info][gc,start       ] GC(2283) Pause Young (Allocation Failure)
[3297.239s][info][gc,heap        ] GC(2283) PSYoungGen: 680926K->3083K(689152K)
[3297.239s][info][gc,heap        ] GC(2283) PSOldGen: 111750K->113897K(1398272K)
[3297.239s][info][gc,metaspace   ] GC(2283) Metaspace: 90774K(98736K)->90774K(98736K) NonClass: 79438K(83888K)->79438K(83888K) Class: 11335K(14848K)->11335K(14848K)
[3297.240s][info][gc             ] GC(2283) Pause Young (Allocation Failure) 774M->114M(2038M) 2.594ms
[3297.240s][info][gc,cpu         ] GC(2283) User=0.00s Sys=0.00s Real=0.01s
[3299.185s][info][gc,start       ] GC(2284) Pause Young (Allocation Failure)
[3299.188s][info][gc,heap        ] GC(2284) PSYoungGen: 681995K->6536K(688640K)
[3299.188s][info][gc,heap        ] GC(2284) PSOldGen: 113897K->115683K(1398272K)
[3299.188s][info][gc,metaspace   ] GC(2284) Metaspace: 90774K(98736K)->90774K(98736K) NonClass: 79438K(83888K)->79438K(83888K) Class: 11335K(14848K)->11335K(14848K)
[3299.188s][info][gc             ] GC(2284) Pause Young (Allocation Failure) 777M->119M(2038M) 3.621ms
[3299.188s][info][gc,cpu         ] GC(2284) User=0.00s Sys=0.00s Real=0.00s
[3300.051s][info][gc,start       ] GC(2285) Pause Young (Allocation Failure)
[3300.053s][info][gc,heap        ] GC(2285) PSYoungGen: 681494K->3166K(689152K)
[3300.053s][info][gc,heap        ] GC(2285) PSOldGen: 115683K->118042K(1398272K)
[3300.053s][info][gc,metaspace   ] GC(2285) Metaspace: 90774K(98736K)->90774K(98736K) NonClass: 79438K(83888K)->79438K(83888K) Class: 11335K(14848K)->11335K(14848K)
[3300.053s][info][gc             ] GC(2285) Pause Young (Allocation Failure) 778M->118M(2038M) 2.740ms
[3300.053s][info][gc,cpu         ] GC(2285) User=0.00s Sys=0.00s Real=0.02s
[3302.197s][info][gc,start       ] GC(2286) Pause Young (Allocation Failure)
[3302.200s][info][gc,heap        ] GC(2286) PSYoungGen: 682043K->2120K(688640K)
[3302.200s][info][gc,heap        ] GC(2286) PSOldGen: 118042K->120711K(1398272K)
[3302.200s][info][gc,metaspace   ] GC(2286) Metaspace: 90774K(98736K)->90774K(98736K) NonClass: 79438K(83888K)->79438K(83888K) Class: 11335K(14848K)->11335K(14848K)
[3302.200s][info][gc             ] GC(2286) Pause Young (Allocation Failure) 781M->119M(2038M) 2.450ms
[3302.200s][info][gc,cpu         ] GC(2286) User=0.00s Sys=0.00s Real=0.00s
[3302.915s][info][gc,start       ] GC(2287) Pause Young (Allocation Failure)
[3302.919s][info][gc,heap        ] GC(2287) PSYoungGen: 678929K->8483K(687104K)
[3302.919s][info][gc,heap        ] GC(2287) PSOldGen: 120711K->130406K(1398272K)
[3302.919s][info][gc,metaspace   ] GC(2287) Metaspace: 90774K(98736K)->90774K(98736K) NonClass: 79438K(83888K)->79438K(83888K) Class: 11335K(14848K)->11335K(14848K)
[3302.919s][info][gc             ] GC(2287) Pause Young (Allocation Failure) 780M->135M(2036M) 3.701ms
[3302.919s][info][gc,cpu         ] GC(2287) User=0.00s Sys=0.00s Real=0.00s
[3304.426s][info][gc,start       ] GC(2288) Pause Young (Allocation Failure)
[3304.428s][info][gc,heap        ] GC(2288) PSYoungGen: 685859K->3146K(688128K)
[3304.428s][info][gc,heap        ] GC(2288) PSOldGen: 130406K->133396K(1398272K)
[3304.428s][info][gc,metaspace   ] GC(2288) Metaspace: 90774K(98736K)->90774K(98736K) NonClass: 79438K(83888K)->79438K(83888K) Class: 11335K(14848K)->11335K(14848K)
[3304.428s][info][gc             ] GC(2288) Pause Young (Allocation Failure) 797M->133M(2037M) 2.837ms
[3304.428s][info][gc,cpu         ] GC(2288) User=0.00s Sys=0.00s Real=0.00s
[3306.039s][info][gc,start       ] GC(2289) Pause Young (Allocation Failure)
[3306.043s][info][gc,heap        ] GC(2289) PSYoungGen: 680522K->3093K(689152K)
[3306.043s][info][gc,heap        ] GC(2289) PSOldGen: 133396K->135504K(1398272K)
[3306.043s][info][gc,metaspace   ] GC(2289) Metaspace: 90774K(98736K)->90774K(98736K) NonClass: 79438K(83888K)->79438K(83888K) Class: 11335K(14848K)->11335K(14848K)
[3306.043s][info][gc             ] GC(2289) Pause Young (Allocation Failure) 794M->135M(2038M) 3.684ms
[3306.043s][info][gc,cpu         ] GC(2289) User=0.00s Sys=0.00s Real=0.00s
[3306.775s][info][gc,start       ] GC(2290) Pause Young (Allocation Failure)
[3306.778s][info][gc,heap        ] GC(2290) PSYoungGen: 682005K->3390K(688640K)
[3306.778s][info][gc,heap        ] GC(2290) PSOldGen: 135504K->137644K(1398272K)
[3306.778s][info][gc,metaspace   ] GC(2290) Metaspace: 90774K(98736K)->90774K(98736K) NonClass: 79438K(83888K)->79438K(83888K) Class: 11335K(14848K)->11335K(14848K)
[3306.778s][info][gc             ] GC(2290) Pause Young (Allocation Failure) 798M->137M(2038M) 3.006ms
[3306.778s][info][gc,cpu         ] GC(2290) User=0.00s Sys=0.00s Real=0.02s
[3308.872s][info][gc,start       ] GC(2291) Pause Young (Allocation Failure)
[3308.875s][info][gc,heap        ] GC(2291) PSYoungGen: 682302K->3260K(689664K)
[3308.875s][info][gc,heap        ] GC(2291) PSOldGen: 137644K->140594K(1398272K)
[3308.875s][info][gc,metaspace   ] GC(2291) Metaspace: 90774K(98736K)->90774K(98736K) NonClass: 79438K(83888K)->79438K(83888K) Class: 11335K(14848K)->11335K(14848K)
[3308.875s][info][gc             ] GC(2291) Pause Young (Allocation Failure) 800M->140M(2039M) 3.122ms
[3308.875s][info][gc,cpu         ] GC(2291) User=0.00s Sys=0.00s Real=0.01s
[3309.477s][info][gc,start       ] GC(2292) Pause Young (Allocation Failure)
[3309.480s][info][gc,heap        ] GC(2292) PSYoungGen: 682794K->2614K(689152K)
[3309.480s][info][gc,heap        ] GC(2292) PSOldGen: 140594K->143251K(1398272K)
[3309.480s][info][gc,metaspace   ] GC(2292) Metaspace: 90774K(98736K)->90774K(98736K) NonClass: 79438K(83888K)->79438K(83888K) Class: 11335K(14848K)->11335K(14848K)
[3309.480s][info][gc             ] GC(2292) Pause Young (Allocation Failure) 804M->142M(2038M) 2.807ms
[3309.480s][info][gc,cpu         ] GC(2292) User=0.00s Sys=0.00s Real=0.00s
[3311.434s][info][gc,start       ] GC(2293) Pause Young (Allocation Failure)
[3311.437s][info][gc,heap        ] GC(2293) PSYoungGen: 682550K->3035K(690176K)
[3311.437s][info][gc,heap        ] GC(2293) PSOldGen: 143251K->144896K(1398272K)
[3311.437s][info][gc,metaspace   ] GC(2293) Metaspace: 90774K(98736K)->90774K(98736K) NonClass: 79438K(83888K)->79438K(83888K) Class: 11335K(14848K)->11335K(14848K)
[3311.437s][info][gc             ] GC(2293) Pause Young (Allocation Failure) 806M->144M(2039M) 3.111ms
[3311.437s][info][gc,cpu         ] GC(2293) User=0.00s Sys=0.00s Real=0.01s
[3312.879s][info][gc,start       ] GC(2294) Pause Young (Allocation Failure)
[3312.882s][info][gc,heap        ] GC(2294) PSYoungGen: 683667K->2835K(690176K)
[3312.882s][info][gc,heap        ] GC(2294) PSOldGen: 144896K->147192K(1398272K)
[3312.882s][info][gc,metaspace   ] GC(2294) Metaspace: 90774K(98736K)->90774K(98736K) NonClass: 79438K(83888K)->79438K(83888K) Class: 11335K(14848K)->11335K(14848K)
[3312.882s][info][gc             ] GC(2294) Pause Young (Allocation Failure) 809M->146M(2039M) 2.864ms
[3312.882s][info][gc,cpu         ] GC(2294) User=0.00s Sys=0.00s Real=0.00s
[3313.054s][info][gc,start       ] GC(2295) Pause Young (System.gc())
[3313.056s][info][gc,heap        ] GC(2295) PSYoungGen: 240585K->480K(690688K)
[3313.056s][info][gc,heap        ] GC(2295) PSOldGen: 147192K->149261K(1398272K)
[3313.056s][info][gc,metaspace   ] GC(2295) Metaspace: 90774K(98736K)->90774K(98736K) NonClass: 79438K(83888K)->79438K(83888K) Class: 11335K(14848K)->11335K(14848K)
[3313.056s][info][gc             ] GC(2295) Pause Young (System.gc()) 378M->146M(2040M) 2.063ms
[3313.056s][info][gc,cpu         ] GC(2295) User=0.00s Sys=0.00s Real=0.00s
[3313.056s][info][gc,start       ] GC(2296) Pause Full (System.gc())
[3313.058s][info][gc,phases,start] GC(2296) Phase 1: Mark live objects
[3313.112s][info][gc,phases      ] GC(2296) Phase 1: Mark live objects 54.399ms
[3313.112s][info][gc,phases,start] GC(2296) Phase 2: Compute new object addresses
[3313.126s][info][gc,phases      ] GC(2296) Phase 2: Compute new object addresses 13.733ms
[3313.126s][info][gc,phases,start] GC(2296) Phase 3: Adjust pointers
[3313.161s][info][gc,phases      ] GC(2296) Phase 3: Adjust pointers 34.886ms
[3313.161s][info][gc,phases,start] GC(2296) Phase 4: Move objects
[3313.161s][info][gc,phases      ] GC(2296) Phase 4: Move objects 0.086ms
[3313.163s][info][gc,heap        ] GC(2296) PSYoungGen: 480K->0K(690688K)
[3313.163s][info][gc,heap        ] GC(2296) PSOldGen: 149261K->149656K(1398272K)
[3313.163s][info][gc,metaspace   ] GC(2296) Metaspace: 90774K(98736K)->90774K(98736K) NonClass: 79438K(83888K)->79438K(83888K) Class: 11335K(14848K)->11335K(14848K)
[3313.163s][info][gc             ] GC(2296) Pause Full (System.gc()) 146M->146M(2040M) 107.335ms
[3313.163s][info][gc,cpu         ] GC(2296) User=0.11s Sys=0.00s Real=0.11s
[3314.048s][info][gc,start       ] GC(2297) Pause Young (Allocation Failure)
[3314.050s][info][gc,heap        ] GC(2297) PSYoungGen: 682496K->3793K(690688K)
[3314.050s][info][gc,heap        ] GC(2297) PSOldGen: 149656K->149656K(1398272K)
[3314.050s][info][gc,metaspace   ] GC(2297) Metaspace: 90774K(98736K)->90774K(98736K) NonClass: 79438K(83888K)->79438K(83888K) Class: 11335K(14848K)->11335K(14848K)
[3314.050s][info][gc             ] GC(2297) Pause Young (Allocation Failure) 812M->149M(2040M) 2.498ms
[3314.050s][info][gc,cpu         ] GC(2297) User=0.02s Sys=0.00s Real=0.00s
[3316.408s][info][gc,start       ] GC(2298) Pause Young (GCLocker Initiated GC)
[3316.410s][info][gc,heap        ] GC(2298) PSYoungGen: 686289K->2175K(691200K)
[3316.410s][info][gc,heap        ] GC(2298) PSOldGen: 149660K->152308K(1398272K)
[3316.410s][info][gc,metaspace   ] GC(2298) Metaspace: 90774K(98736K)->90774K(98736K) NonClass: 79438K(83888K)->79438K(83888K) Class: 11335K(14848K)->11335K(14848K)
[3316.410s][info][gc             ] GC(2298) Pause Young (GCLocker Initiated GC) 816M->150M(2040M) 2.363ms
[3316.410s][info][gc,cpu         ] GC(2298) User=0.00s Sys=0.00s Real=0.00s
[3318.558s][info][gc,start       ] GC(2299) Pause Young (Allocation Failure)
[3318.560s][info][gc,heap        ] GC(2299) PSYoungGen: 685183K->2315K(690688K)
[3318.560s][info][gc,heap        ] GC(2299) PSOldGen: 155382K->156893K(1398272K)
[3318.560s][info][gc,metaspace   ] GC(2299) Metaspace: 90774K(98736K)->90774K(98736K) NonClass: 79438K(83888K)->79438K(83888K) Class: 11335K(14848K)->11335K(14848K)
[3318.560s][info][gc             ] GC(2299) Pause Young (Allocation Failure) 820M->155M(2040M) 2.322ms
[3318.560s][info][gc,cpu         ] GC(2299) User=0.00s Sys=0.00s Real=0.00s
[3319.195s][info][gc,start       ] GC(2300) Pause Young (Allocation Failure)
[3319.198s][info][gc,heap        ] GC(2300) PSYoungGen: 683409K->5061K(691200K)
[3319.198s][info][gc,heap        ] GC(2300) PSOldGen: 156893K->158473K(1398272K)
[3319.198s][info][gc,metaspace   ] GC(2300) Metaspace: 90774K(98736K)->90774K(98736K) NonClass: 79438K(83888K)->79438K(83888K) Class: 11335K(14848K)->11335K(14848K)
[3319.198s][info][gc             ] GC(2300) Pause Young (Allocation Failure) 820M->159M(2040M) 3.113ms
[3319.198s][info][gc,cpu         ] GC(2300) User=0.00s Sys=0.00s Real=0.00s
[3320.789s][info][gc,start       ] GC(2301) Pause Young (GCLocker Initiated GC)
[3320.792s][info][gc,heap        ] GC(2301) PSYoungGen: 688581K->5487K(689152K)
[3320.792s][info][gc,heap        ] GC(2301) PSOldGen: 158537K->161252K(1398272K)
[3320.792s][info][gc,metaspace   ] GC(2301) Metaspace: 90774K(98736K)->90774K(98736K) NonClass: 79438K(83888K)->79438K(83888K) Class: 11335K(14848K)->11335K(14848K)
[3320.792s][info][gc             ] GC(2301) Pause Young (GCLocker Initiated GC) 827M->162M(2038M) 3.178ms
[3320.792s][info][gc,cpu         ] GC(2301) User=0.00s Sys=0.00s Real=0.00s
[3323.215s][info][gc,start       ] GC(2302) Pause Young (Allocation Failure)
[3323.218s][info][gc,heap        ] GC(2302) PSYoungGen: 689007K->2966K(691200K)
[3323.218s][info][gc,heap        ] GC(2302) PSOldGen: 162278K->164057K(1398272K)
[3323.218s][info][gc,metaspace   ] GC(2302) Metaspace: 90774K(98736K)->90774K(98736K) NonClass: 79438K(83888K)->79438K(83888K) Class: 11335K(14848K)->11335K(14848K)
[3323.218s][info][gc             ] GC(2302) Pause Young (Allocation Failure) 831M->163M(2040M) 3.072ms
[3323.218s][info][gc,cpu         ] GC(2302) User=0.00s Sys=0.00s Real=0.00s
[3324.852s][info][gc,start       ] GC(2303) Pause Young (Allocation Failure)
[3324.854s][info][gc,heap        ] GC(2303) PSYoungGen: 684990K->3105K(690688K)
[3324.854s][info][gc,heap        ] GC(2303) PSOldGen: 164057K->165942K(1398272K)
[3324.854s][info][gc,metaspace   ] GC(2303) Metaspace: 90774K(98736K)->90774K(98736K) NonClass: 79438K(83888K)->79438K(83888K) Class: 11335K(14848K)->11335K(14848K)
[3324.854s][info][gc             ] GC(2303) Pause Young (Allocation Failure) 829M->165M(2040M) 2.741ms
[3324.854s][info][gc,cpu         ] GC(2303) User=0.00s Sys=0.00s Real=0.00s
[3325.599s][info][gc,start       ] GC(2304) Pause Young (Allocation Failure)
[3325.602s][info][gc,heap        ] GC(2304) PSYoungGen: 686113K->3390K(691712K)
[3325.602s][info][gc,heap        ] GC(2304) PSOldGen: 165942K->168195K(1398272K)
[3325.602s][info][gc,metaspace   ] GC(2304) Metaspace: 90774K(98736K)->90774K(98736K) NonClass: 79438K(83888K)->79438K(83888K) Class: 11335K(14848K)->11335K(14848K)
[3325.602s][info][gc             ] GC(2304) Pause Young (Allocation Failure) 832M->167M(2041M) 2.961ms
[3325.602s][info][gc,cpu         ] GC(2304) User=0.00s Sys=0.00s Real=0.01s
[3328.038s][info][gc,start       ] GC(2305) Pause Young (Allocation Failure)
[3328.041s][info][gc,heap        ] GC(2305) PSYoungGen: 687422K->2230K(691200K)
[3328.041s][info][gc,heap        ] GC(2305) PSOldGen: 168195K->170493K(1398272K)
[3328.041s][info][gc,metaspace   ] GC(2305) Metaspace: 90774K(98736K)->90774K(98736K) NonClass: 79438K(83888K)->79438K(83888K) Class: 11335K(14848K)->11335K(14848K)
[3328.041s][info][gc             ] GC(2305) Pause Young (Allocation Failure) 835M->168M(2040M) 2.812ms
[3328.041s][info][gc,cpu         ] GC(2305) User=0.00s Sys=0.00s Real=0.00s
[3330.258s][info][gc,start       ] GC(2306) Pause Young (Allocation Failure)
[3330.261s][info][gc,heap        ] GC(2306) PSYoungGen: 686262K->3668K(692224K)
[3330.261s][info][gc,heap        ] GC(2306) PSOldGen: 170493K->172134K(1398272K)
[3330.261s][info][gc,metaspace   ] GC(2306) Metaspace: 90774K(98736K)->90774K(98736K) NonClass: 79438K(83888K)->79438K(83888K) Class: 11335K(14848K)->11335K(14848K)
[3330.261s][info][gc             ] GC(2306) Pause Young (Allocation Failure) 836M->171M(2041M) 2.948ms
[3330.261s][info][gc,cpu         ] GC(2306) User=0.00s Sys=0.00s Real=0.00s
[3330.905s][info][gc,start       ] GC(2307) Pause Young (Allocation Failure)
[3330.909s][info][gc,heap        ] GC(2307) PSYoungGen: 687668K->4964K(691712K)
[3330.909s][info][gc,heap        ] GC(2307) PSOldGen: 172134K->185914K(1398272K)
[3330.909s][info][gc,metaspace   ] GC(2307) Metaspace: 90774K(98736K)->90774K(98736K) NonClass: 79438K(83888K)->79438K(83888K) Class: 11335K(14848K)->11335K(14848K)
[3330.909s][info][gc             ] GC(2307) Pause Young (Allocation Failure) 839M->186M(2041M) 3.741ms
[3330.909s][info][gc,cpu         ] GC(2307) User=0.09s Sys=0.00s Real=0.00s
[3332.544s][info][gc,start       ] GC(2308) Pause Young (Allocation Failure)
[3332.547s][info][gc,heap        ] GC(2308) PSYoungGen: 690020K->3498K(692224K)
[3332.547s][info][gc,heap        ] GC(2308) PSOldGen: 185914K->189081K(1398272K)
[3332.547s][info][gc,metaspace   ] GC(2308) Metaspace: 90774K(98736K)->90774K(98736K) NonClass: 79438K(83888K)->79438K(83888K) Class: 11335K(14848K)->11335K(14848K)
[3332.547s][info][gc             ] GC(2308) Pause Young (Allocation Failure) 855M->188M(2041M) 3.074ms
[3332.547s][info][gc,cpu         ] GC(2308) User=0.00s Sys=0.00s Real=0.00s
[3334.959s][info][gc,start       ] GC(2309) Pause Young (Allocation Failure)
[3334.961s][info][gc,heap        ] GC(2309) PSYoungGen: 688554K->4819K(691712K)
[3334.961s][info][gc,heap        ] GC(2309) PSOldGen: 189081K->190799K(1398272K)
[3334.961s][info][gc,metaspace   ] GC(2309) Metaspace: 90774K(98736K)->90774K(98736K) NonClass: 79438K(83888K)->79438K(83888K) Class: 11335K(14848K)->11335K(14848K)
[3334.961s][info][gc             ] GC(2309) Pause Young (Allocation Failure) 857M->191M(2041M) 2.724ms
[3334.961s][info][gc,cpu         ] GC(2309) User=0.00s Sys=0.00s Real=0.00s
[3336.703s][info][gc,start       ] GC(2310) Pause Young (Allocation Failure)
[3336.706s][info][gc,heap        ] GC(2310) PSYoungGen: 687084K->2625K(692224K)
[3336.706s][info][gc,heap        ] GC(2310) PSOldGen: 190799K->192608K(1398272K)
[3336.706s][info][gc,metaspace   ] GC(2310) Metaspace: 90774K(98736K)->90774K(98736K) NonClass: 79438K(83888K)->79438K(83888K) Class: 11335K(14848K)->11335K(14848K)
[3336.706s][info][gc             ] GC(2310) Pause Young (Allocation Failure) 857M->190M(2041M) 3.022ms
[3336.706s][info][gc,cpu         ] GC(2310) User=0.09s Sys=0.00s Real=0.01s
[3337.466s][info][gc,start       ] GC(2311) Pause Young (Allocation Failure)
[3337.469s][info][gc,heap        ] GC(2311) PSYoungGen: 687681K->3307K(691712K)
[3337.469s][info][gc,heap        ] GC(2311) PSOldGen: 192608K->194635K(1398272K)
[3337.469s][info][gc,metaspace   ] GC(2311) Metaspace: 90774K(98736K)->90774K(98736K) NonClass: 79438K(83888K)->79438K(83888K) Class: 11335K(14848K)->11335K(14848K)
[3337.469s][info][gc             ] GC(2311) Pause Young (Allocation Failure) 859M->193M(2041M) 2.666ms
[3337.469s][info][gc,cpu         ] GC(2311) User=0.00s Sys=0.00s Real=0.01s
[3339.633s][info][gc,start       ] GC(2312) Pause Young (Allocation Failure)
[3339.636s][info][gc,heap        ] GC(2312) PSYoungGen: 687110K->3138K(692736K)
[3339.636s][info][gc,heap        ] GC(2312) PSOldGen: 194635K->197515K(1398272K)
[3339.636s][info][gc,metaspace   ] GC(2312) Metaspace: 90774K(98736K)->90774K(98736K) NonClass: 79438K(83888K)->79438K(83888K) Class: 11335K(14848K)->11335K(14848K)
[3339.636s][info][gc             ] GC(2312) Pause Young (Allocation Failure) 861M->195M(2042M) 2.848ms
[3339.636s][info][gc,cpu         ] GC(2312) User=0.00s Sys=0.00s Real=0.00s
[3340.287s][info][gc,start       ] GC(2313) Pause Young (Allocation Failure)
[3340.291s][info][gc,heap        ] GC(2313) PSYoungGen: 689218K->2581K(692224K)
[3340.291s][info][gc,heap        ] GC(2313) PSOldGen: 197515K->200027K(1398272K)
[3340.291s][info][gc,metaspace   ] GC(2313) Metaspace: 90774K(98736K)->90774K(98736K) NonClass: 79438K(83888K)->79438K(83888K) Class: 11335K(14848K)->11335K(14848K)
[3340.291s][info][gc             ] GC(2313) Pause Young (Allocation Failure) 865M->197M(2041M) 4.370ms
[3340.291s][info][gc,cpu         ] GC(2313) User=0.00s Sys=0.00s Real=0.01s
[3342.399s][info][gc,start       ] GC(2314) Pause Young (Allocation Failure)
[3342.402s][info][gc,heap        ] GC(2314) PSYoungGen: 688542K->2956K(692736K)
[3342.402s][info][gc,heap        ] GC(2314) PSOldGen: 200027K->201680K(1398272K)
[3342.402s][info][gc,metaspace   ] GC(2314) Metaspace: 90774K(98736K)->90774K(98736K) NonClass: 79438K(83888K)->79438K(83888K) Class: 11335K(14848K)->11335K(14848K)
[3342.402s][info][gc             ] GC(2314) Pause Young (Allocation Failure) 867M->199M(2042M) 2.554ms
[3342.402s][info][gc,cpu         ] GC(2314) User=0.00s Sys=0.00s Real=0.00s
[3343.487s][info][gc,start       ] GC(2315) Pause Young (Allocation Failure)
[3343.491s][info][gc,heap        ] GC(2315) PSYoungGen: 689548K->4781K(692736K)
[3343.492s][info][gc,heap        ] GC(2315) PSOldGen: 201680K->216316K(1398272K)
[3343.492s][info][gc,metaspace   ] GC(2315) Metaspace: 90774K(98736K)->90774K(98736K) NonClass: 79438K(83888K)->79438K(83888K) Class: 11335K(14848K)->11335K(14848K)
[3343.492s][info][gc             ] GC(2315) Pause Young (Allocation Failure) 870M->215M(2042M) 4.196ms
[3343.492s][info][gc,cpu         ] GC(2315) User=0.00s Sys=0.00s Real=0.00s
[3344.574s][info][gc,start       ] GC(2316) Pause Young (Allocation Failure)
[3344.577s][info][gc,heap        ] GC(2316) PSYoungGen: 691373K->3862K(692736K)
[3344.577s][info][gc,heap        ] GC(2316) PSOldGen: 216316K->218677K(1398272K)
[3344.577s][info][gc,metaspace   ] GC(2316) Metaspace: 90774K(98736K)->90774K(98736K) NonClass: 79438K(83888K)->79438K(83888K) Class: 11335K(14848K)->11335K(14848K)
[3344.577s][info][gc             ] GC(2316) Pause Young (Allocation Failure) 886M->217M(2042M) 2.978ms
[3344.577s][info][gc,cpu         ] GC(2316) User=0.00s Sys=0.00s Real=0.00s
[3346.445s][info][gc,start       ] GC(2317) Pause Young (Allocation Failure)
[3346.449s][info][gc,heap        ] GC(2317) PSYoungGen: 690454K->6140K(692736K)
[3346.449s][info][gc,heap        ] GC(2317) PSOldGen: 218677K->224061K(1398272K)
[3346.449s][info][gc,metaspace   ] GC(2317) Metaspace: 90774K(98736K)->90774K(98736K) NonClass: 79438K(83888K)->79438K(83888K) Class: 11335K(14848K)->11335K(14848K)
[3346.449s][info][gc             ] GC(2317) Pause Young (Allocation Failure) 887M->224M(2042M) 4.519ms
[3346.449s][info][gc,cpu         ] GC(2317) User=0.00s Sys=0.00s Real=0.01s
[3347.239s][info][gc,start       ] GC(2318) Pause Young (Allocation Failure)
[3347.243s][info][gc,heap        ] GC(2318) PSYoungGen: 692732K->3270K(687616K)
[3347.243s][info][gc,heap        ] GC(2318) PSOldGen: 224061K->226921K(1398272K)
[3347.243s][info][gc,metaspace   ] GC(2318) Metaspace: 90774K(98736K)->90774K(98736K) NonClass: 79438K(83888K)->79438K(83888K) Class: 11335K(14848K)->11335K(14848K)
[3347.243s][info][gc             ] GC(2318) Pause Young (Allocation Failure) 895M->224M(2037M) 3.400ms
[3347.243s][info][gc,cpu         ] GC(2318) User=0.00s Sys=0.00s Real=0.01s
[3349.560s][info][gc,start       ] GC(2319) Pause Young (Allocation Failure)
[3349.563s][info][gc,heap        ] GC(2319) PSYoungGen: 684742K->3727K(690176K)
[3349.563s][info][gc,heap        ] GC(2319) PSOldGen: 226921K->229628K(1398272K)
[3349.563s][info][gc,metaspace   ] GC(2319) Metaspace: 90774K(98736K)->90774K(98736K) NonClass: 79438K(83888K)->79438K(83888K) Class: 11335K(14848K)->11335K(14848K)
[3349.563s][info][gc             ] GC(2319) Pause Young (Allocation Failure) 890M->227M(2039M) 2.997ms
[3349.563s][info][gc,cpu         ] GC(2319) User=0.00s Sys=0.00s Real=0.01s
[3350.373s][info][gc,start       ] GC(2320) Pause Young (Allocation Failure)
[3350.377s][info][gc,heap        ] GC(2320) PSYoungGen: 685199K->2558K(690688K)
[3350.378s][info][gc,heap        ] GC(2320) PSOldGen: 229628K->231119K(1398272K)
[3350.378s][info][gc,metaspace   ] GC(2320) Metaspace: 90774K(98736K)->90774K(98736K) NonClass: 79438K(83888K)->79438K(83888K) Class: 11335K(14848K)->11335K(14848K)
[3350.378s][info][gc             ] GC(2320) Pause Young (Allocation Failure) 893M->228M(2040M) 4.135ms
[3350.378s][info][gc,cpu         ] GC(2320) User=0.05s Sys=0.00s Real=0.00s
[3350.414s][info][gc,start       ] GC(2321) Pause Young (System.gc())
[3350.416s][info][gc,heap        ] GC(2321) PSYoungGen: 77678K->239K(683008K)
[3350.416s][info][gc,heap        ] GC(2321) PSOldGen: 231119K->233175K(1398272K)
[3350.416s][info][gc,metaspace   ] GC(2321) Metaspace: 90774K(98736K)->90774K(98736K) NonClass: 79438K(83888K)->79438K(83888K) Class: 11335K(14848K)->11335K(14848K)
[3350.416s][info][gc             ] GC(2321) Pause Young (System.gc()) 301M->227M(2032M) 2.560ms
[3350.416s][info][gc,cpu         ] GC(2321) User=0.00s Sys=0.00s Real=0.00s
[3350.416s][info][gc,start       ] GC(2322) Pause Full (System.gc())
[3350.418s][info][gc,phases,start] GC(2322) Phase 1: Mark live objects
[3350.473s][info][gc,phases      ] GC(2322) Phase 1: Mark live objects 54.698ms
[3350.473s][info][gc,phases,start] GC(2322) Phase 2: Compute new object addresses
[3350.487s][info][gc,phases      ] GC(2322) Phase 2: Compute new object addresses 14.366ms
[3350.487s][info][gc,phases,start] GC(2322) Phase 3: Adjust pointers
[3350.523s][info][gc,phases      ] GC(2322) Phase 3: Adjust pointers 35.914ms
[3350.523s][info][gc,phases,start] GC(2322) Phase 4: Move objects
[3350.530s][info][gc,phases      ] GC(2322) Phase 4: Move objects 7.181ms
[3350.533s][info][gc,heap        ] GC(2322) PSYoungGen: 239K->0K(683008K)
[3350.533s][info][gc,heap        ] GC(2322) PSOldGen: 233175K->149641K(1398272K)
[3350.533s][info][gc,metaspace   ] GC(2322) Metaspace: 90774K(98736K)->90774K(98736K) NonClass: 79438K(83888K)->79438K(83888K) Class: 11335K(14848K)->11335K(14848K)
[3350.533s][info][gc             ] GC(2322) Pause Full (System.gc()) 227M->146M(2032M) 116.476ms
[3350.533s][info][gc,cpu         ] GC(2322) User=0.12s Sys=0.00s Real=0.12s
[3351.423s][info][gc,start       ] GC(2323) Pause Young (Allocation Failure)
[3351.426s][info][gc,heap        ] GC(2323) PSYoungGen: 682414K->3605K(690688K)
[3351.426s][info][gc,heap        ] GC(2323) PSOldGen: 149641K->149641K(1398272K)
[3351.426s][info][gc,metaspace   ] GC(2323) Metaspace: 90774K(98736K)->90774K(98736K) NonClass: 79438K(83888K)->79438K(83888K) Class: 11335K(14848K)->11335K(14848K)
[3351.426s][info][gc             ] GC(2323) Pause Young (Allocation Failure) 812M->149M(2040M) 2.497ms
[3351.426s][info][gc,cpu         ] GC(2323) User=0.02s Sys=0.00s Real=0.00s
[3353.770s][info][gc,start       ] GC(2324) Pause Young (Allocation Failure)
[3353.772s][info][gc,heap        ] GC(2324) PSYoungGen: 685589K->2313K(690176K)
[3353.772s][info][gc,heap        ] GC(2324) PSOldGen: 149641K->152236K(1398272K)
[3353.772s][info][gc,metaspace   ] GC(2324) Metaspace: 90774K(98736K)->90774K(98736K) NonClass: 79438K(83888K)->79438K(83888K) Class: 11335K(14848K)->11335K(14848K)
[3353.772s][info][gc             ] GC(2324) Pause Young (Allocation Failure) 815M->150M(2039M) 2.195ms
[3353.772s][info][gc,cpu         ] GC(2324) User=0.00s Sys=0.00s Real=0.00s
[3355.906s][info][gc,start       ] GC(2325) Pause Young (Allocation Failure)
[3355.908s][info][gc,heap        ] GC(2325) PSYoungGen: 683658K->2651K(691200K)
[3355.908s][info][gc,heap        ] GC(2325) PSOldGen: 152236K->153680K(1398272K)
[3355.908s][info][gc,metaspace   ] GC(2325) Metaspace: 90774K(98736K)->90774K(98736K) NonClass: 79438K(83888K)->79438K(83888K) Class: 11335K(14848K)->11335K(14848K)
[3355.908s][info][gc             ] GC(2325) Pause Young (Allocation Failure) 816M->152M(2040M) 2.353ms
[3355.908s][info][gc,cpu         ] GC(2325) User=0.09s Sys=0.00s Real=0.00s
[3356.550s][info][gc,start       ] GC(2326) Pause Young (Allocation Failure)
[3356.553s][info][gc,heap        ] GC(2326) PSYoungGen: 684366K->7651K(691200K)
[3356.553s][info][gc,heap        ] GC(2326) PSOldGen: 153680K->164363K(1398272K)
[3356.553s][info][gc,metaspace   ] GC(2326) Metaspace: 90774K(98736K)->90774K(98736K) NonClass: 79438K(83888K)->79438K(83888K) Class: 11335K(14848K)->11335K(14848K)
[3356.553s][info][gc             ] GC(2326) Pause Young (Allocation Failure) 818M->167M(2040M) 3.567ms
[3356.553s][info][gc,cpu         ] GC(2326) User=0.00s Sys=0.00s Real=0.00s
[3358.123s][info][gc,start       ] GC(2327) Pause Young (Allocation Failure)
[3358.126s][info][gc,heap        ] GC(2327) PSYoungGen: 691171K->3224K(681984K)
[3358.126s][info][gc,heap        ] GC(2327) PSOldGen: 164363K->167013K(1398272K)
[3358.126s][info][gc,metaspace   ] GC(2327) Metaspace: 90774K(98736K)->90774K(98736K) NonClass: 79438K(83888K)->79438K(83888K) Class: 11335K(14848K)->11335K(14848K)
[3358.126s][info][gc             ] GC(2327) Pause Young (Allocation Failure) 835M->166M(2031M) 2.687ms
[3358.126s][info][gc,cpu         ] GC(2327) User=0.00s Sys=0.00s Real=0.00s
[3360.496s][info][gc,start       ] GC(2328) Pause Young (Allocation Failure)
[3360.499s][info][gc,heap        ] GC(2328) PSYoungGen: 677528K->2876K(686592K)
[3360.499s][info][gc,heap        ] GC(2328) PSOldGen: 167013K->168802K(1398272K)
[3360.499s][info][gc,metaspace   ] GC(2328) Metaspace: 90774K(98736K)->90774K(98736K) NonClass: 79438K(83888K)->79438K(83888K) Class: 11335K(14848K)->11335K(14848K)
[3360.499s][info][gc             ] GC(2328) Pause Young (Allocation Failure) 824M->167M(2036M) 2.808ms
[3360.499s][info][gc,cpu         ] GC(2328) User=0.00s Sys=0.00s Real=0.00s
[3362.181s][info][gc,start       ] GC(2329) Pause Young (Allocation Failure)
[3362.185s][info][gc,heap        ] GC(2329) PSYoungGen: 677180K->6753K(687104K)
[3362.185s][info][gc,heap        ] GC(2329) PSOldGen: 168802K->170664K(1398272K)
[3362.185s][info][gc,metaspace   ] GC(2329) Metaspace: 90774K(98736K)->90774K(98736K) NonClass: 79438K(83888K)->79438K(83888K) Class: 11335K(14848K)->11335K(14848K)
[3362.185s][info][gc             ] GC(2329) Pause Young (Allocation Failure) 826M->173M(2036M) 4.074ms
[3362.185s][info][gc,cpu         ] GC(2329) User=0.00s Sys=0.00s Real=0.01s
[3362.914s][info][gc,start       ] GC(2330) Pause Young (Allocation Failure)
[3362.917s][info][gc,heap        ] GC(2330) PSYoungGen: 682081K->3357K(687104K)
[3362.917s][info][gc,heap        ] GC(2330) PSOldGen: 170664K->172807K(1398272K)
[3362.917s][info][gc,metaspace   ] GC(2330) Metaspace: 90774K(98736K)->90774K(98736K) NonClass: 79438K(83888K)->79438K(83888K) Class: 11335K(14848K)->11335K(14848K)
[3362.917s][info][gc             ] GC(2330) Pause Young (Allocation Failure) 832M->172M(2036M) 3.119ms
[3362.917s][info][gc,cpu         ] GC(2330) User=0.00s Sys=0.00s Real=0.02s
[3365.192s][info][gc,start       ] GC(2331) Pause Young (Allocation Failure)
[3365.194s][info][gc,heap        ] GC(2331) PSYoungGen: 674707K->2308K(687616K)
[3365.194s][info][gc,heap        ] GC(2331) PSOldGen: 172807K->175688K(1398272K)
[3365.194s][info][gc,metaspace   ] GC(2331) Metaspace: 90774K(98736K)->90774K(98736K) NonClass: 79438K(83888K)->79438K(83888K) Class: 11335K(14848K)->11335K(14848K)
[3365.194s][info][gc             ] GC(2331) Pause Young (Allocation Failure) 827M->173M(2037M) 2.759ms
[3365.194s][info][gc,cpu         ] GC(2331) User=0.00s Sys=0.00s Real=0.00s
[3367.399s][info][gc,start       ] GC(2332) Pause Young (GCLocker Initiated GC)
[3367.402s][info][gc,heap        ] GC(2332) PSYoungGen: 678660K->4012K(687616K)
[3367.402s][info][gc,heap        ] GC(2332) PSOldGen: 175715K->177397K(1398272K)
[3367.402s][info][gc,metaspace   ] GC(2332) Metaspace: 90774K(98736K)->90774K(98736K) NonClass: 79438K(83888K)->79438K(83888K) Class: 11335K(14848K)->11335K(14848K)
[3367.402s][info][gc             ] GC(2332) Pause Young (GCLocker Initiated GC) 834M->177M(2037M) 2.902ms
[3367.402s][info][gc,cpu         ] GC(2332) User=0.00s Sys=0.00s Real=0.00s
[3368.238s][info][gc,start       ] GC(2333) Pause Young (Allocation Failure)
[3368.241s][info][gc,heap        ] GC(2333) PSYoungGen: 680364K->4131K(688640K)
[3368.241s][info][gc,heap        ] GC(2333) PSOldGen: 178423K->179870K(1398272K)
[3368.241s][info][gc,metaspace   ] GC(2333) Metaspace: 90774K(98736K)->90774K(98736K) NonClass: 79438K(83888K)->79438K(83888K) Class: 11335K(14848K)->11335K(14848K)
[3368.241s][info][gc             ] GC(2333) Pause Young (Allocation Failure) 838M->179M(2038M) 3.375ms
[3368.241s][info][gc,cpu         ] GC(2333) User=0.00s Sys=0.00s Real=0.00s
[3369.597s][info][gc,start       ] GC(2334) Pause Young (Allocation Failure)
[3369.599s][info][gc,heap        ] GC(2334) PSYoungGen: 682019K->4416K(688128K)
[3369.599s][info][gc,heap        ] GC(2334) PSOldGen: 179870K->182708K(1398272K)
[3369.599s][info][gc,metaspace   ] GC(2334) Metaspace: 90774K(98736K)->90774K(98736K) NonClass: 79438K(83888K)->79438K(83888K) Class: 11335K(14848K)->11335K(14848K)
[3369.600s][info][gc             ] GC(2334) Pause Young (Allocation Failure) 841M->182M(2037M) 2.940ms
[3369.600s][info][gc,cpu         ] GC(2334) User=0.00s Sys=0.00s Real=0.00s
[3371.828s][info][gc,start       ] GC(2335) Pause Young (Allocation Failure)
[3371.832s][info][gc,heap        ] GC(2335) PSYoungGen: 682304K->2887K(689664K)
[3371.832s][info][gc,heap        ] GC(2335) PSOldGen: 182708K->184676K(1398272K)
[3371.832s][info][gc,metaspace   ] GC(2335) Metaspace: 90774K(98736K)->90774K(98736K) NonClass: 79438K(83888K)->79438K(83888K) Class: 11335K(14848K)->11335K(14848K)
[3371.832s][info][gc             ] GC(2335) Pause Young (Allocation Failure) 844M->183M(2039M) 3.911ms
[3371.832s][info][gc,cpu         ] GC(2335) User=0.05s Sys=0.02s Real=0.00s
[3373.806s][info][gc,start       ] GC(2336) Pause Young (Allocation Failure)
[3373.809s][info][gc,heap        ] GC(2336) PSYoungGen: 682823K->3347K(689152K)
[3373.809s][info][gc,heap        ] GC(2336) PSOldGen: 184676K->186473K(1398272K)
[3373.809s][info][gc,metaspace   ] GC(2336) Metaspace: 90774K(98736K)->90774K(98736K) NonClass: 79438K(83888K)->79438K(83888K) Class: 11335K(14848K)->11335K(14848K)
[3373.809s][info][gc             ] GC(2336) Pause Young (Allocation Failure) 847M->185M(2038M) 3.104ms
[3373.809s][info][gc,cpu         ] GC(2336) User=0.00s Sys=0.00s Real=0.00s
[3374.563s][info][gc,start       ] GC(2337) Pause Young (Allocation Failure)
[3374.565s][info][gc,heap        ] GC(2337) PSYoungGen: 683283K->3184K(690176K)
[3374.565s][info][gc,heap        ] GC(2337) PSOldGen: 186473K->188756K(1398272K)
[3374.565s][info][gc,metaspace   ] GC(2337) Metaspace: 90774K(98736K)->90774K(98736K) NonClass: 79438K(83888K)->79438K(83888K) Class: 11335K(14848K)->11335K(14848K)
[3374.565s][info][gc             ] GC(2337) Pause Young (Allocation Failure) 849M->187M(2039M) 2.772ms
[3374.565s][info][gc,cpu         ] GC(2337) User=0.09s Sys=0.00s Real=0.00s
[3376.778s][info][gc,start       ] GC(2338) Pause Young (Allocation Failure)
[3376.780s][info][gc,heap        ] GC(2338) PSYoungGen: 684144K->3970K(689664K)
[3376.780s][info][gc,heap        ] GC(2338) PSOldGen: 188756K->191473K(1398272K)
[3376.780s][info][gc,metaspace   ] GC(2338) Metaspace: 90774K(98736K)->90774K(98736K) NonClass: 79438K(83888K)->79438K(83888K) Class: 11335K(14848K)->11335K(14848K)
[3376.780s][info][gc             ] GC(2338) Pause Young (Allocation Failure) 852M->190M(2039M) 2.856ms
[3376.780s][info][gc,cpu         ] GC(2338) User=0.00s Sys=0.00s Real=0.02s
[3377.454s][info][gc,start       ] GC(2339) Pause Young (Allocation Failure)
[3377.457s][info][gc,heap        ] GC(2339) PSYoungGen: 684741K->8163K(683520K)
[3377.457s][info][gc,heap        ] GC(2339) PSOldGen: 191473K->197744K(1398272K)
[3377.457s][info][gc,metaspace   ] GC(2339) Metaspace: 90774K(98736K)->90774K(98736K) NonClass: 79438K(83888K)->79438K(83888K) Class: 11335K(14848K)->11335K(14848K)
[3377.457s][info][gc             ] GC(2339) Pause Young (Allocation Failure) 855M->201M(2033M) 3.535ms
[3377.457s][info][gc,cpu         ] GC(2339) User=0.09s Sys=0.00s Real=0.00s
[3379.019s][info][gc,start       ] GC(2340) Pause Young (Allocation Failure)
[3379.022s][info][gc,heap        ] GC(2340) PSYoungGen: 682860K->2950K(687104K)
[3379.022s][info][gc,heap        ] GC(2340) PSOldGen: 197744K->200967K(1398272K)
[3379.022s][info][gc,metaspace   ] GC(2340) Metaspace: 90774K(98736K)->90774K(98736K) NonClass: 79438K(83888K)->79438K(83888K) Class: 11335K(14848K)->11335K(14848K)
[3379.022s][info][gc             ] GC(2340) Pause Young (Allocation Failure) 859M->199M(2036M) 3.494ms
[3379.022s][info][gc,cpu         ] GC(2340) User=0.00s Sys=0.00s Real=0.00s
[3380.562s][info][gc,start       ] GC(2341) Pause Young (Allocation Failure)
[3380.566s][info][gc,heap        ] GC(2341) PSYoungGen: 678278K->2946K(687616K)
[3380.566s][info][gc,heap        ] GC(2341) PSOldGen: 200967K->203125K(1398272K)
[3380.566s][info][gc,metaspace   ] GC(2341) Metaspace: 90774K(98736K)->90774K(98736K) NonClass: 79438K(83888K)->79438K(83888K) Class: 11335K(14848K)->11335K(14848K)
[3380.566s][info][gc             ] GC(2341) Pause Young (Allocation Failure) 858M->201M(2037M) 3.376ms
[3380.566s][info][gc,cpu         ] GC(2341) User=0.08s Sys=0.00s Real=0.00s
[3381.308s][info][gc,start       ] GC(2342) Pause Young (Allocation Failure)
[3381.311s][info][gc,heap        ] GC(2342) PSYoungGen: 679298K->3558K(687616K)
[3381.311s][info][gc,heap        ] GC(2342) PSOldGen: 203125K->205152K(1398272K)
[3381.311s][info][gc,metaspace   ] GC(2342) Metaspace: 90774K(98736K)->90774K(98736K) NonClass: 79438K(83888K)->79438K(83888K) Class: 11335K(14848K)->11335K(14848K)
[3381.311s][info][gc             ] GC(2342) Pause Young (Allocation Failure) 861M->203M(2037M) 2.761ms
[3381.311s][info][gc,cpu         ] GC(2342) User=0.00s Sys=0.00s Real=0.00s
[3383.444s][info][gc,start       ] GC(2343) Pause Young (Allocation Failure)
[3383.447s][info][gc,heap        ] GC(2343) PSYoungGen: 679910K->7475K(687104K)
[3383.447s][info][gc,heap        ] GC(2343) PSOldGen: 205152K->208194K(1398272K)
[3383.447s][info][gc,metaspace   ] GC(2343) Metaspace: 90774K(98736K)->90774K(98736K) NonClass: 79438K(83888K)->79438K(83888K) Class: 11335K(14848K)->11335K(14848K)
[3383.447s][info][gc             ] GC(2343) Pause Young (Allocation Failure) 864M->210M(2036M) 3.380ms
[3383.447s][info][gc,cpu         ] GC(2343) User=0.00s Sys=0.00s Real=0.01s
[3384.041s][info][gc,start       ] GC(2344) Pause Young (Allocation Failure)
[3384.044s][info][gc,heap        ] GC(2344) PSYoungGen: 680489K->2614K(687616K)
[3384.044s][info][gc,heap        ] GC(2344) PSOldGen: 208194K->210824K(1398272K)
[3384.044s][info][gc,metaspace   ] GC(2344) Metaspace: 90774K(98736K)->90774K(98736K) NonClass: 79438K(83888K)->79438K(83888K) Class: 11335K(14848K)->11335K(14848K)
[3384.044s][info][gc             ] GC(2344) Pause Young (Allocation Failure) 867M->208M(2037M) 2.834ms
[3384.044s][info][gc,cpu         ] GC(2344) User=0.00s Sys=0.00s Real=0.01s
[3386.000s][info][gc,start       ] GC(2345) Pause Young (Allocation Failure)
[3386.002s][info][gc,heap        ] GC(2345) PSYoungGen: 678334K->2894K(688128K)
[3386.002s][info][gc,heap        ] GC(2345) PSOldGen: 210824K->212407K(1398272K)
[3386.002s][info][gc,metaspace   ] GC(2345) Metaspace: 90774K(98736K)->90774K(98736K) NonClass: 79438K(83888K)->79438K(83888K) Class: 11335K(14848K)->11335K(14848K)
[3386.002s][info][gc             ] GC(2345) Pause Young (Allocation Failure) 868M->210M(2037M) 2.550ms
[3386.002s][info][gc,cpu         ] GC(2345) User=0.06s Sys=0.02s Real=0.00s
[3387.403s][info][gc,start       ] GC(2346) Pause Young (Allocation Failure)
[3387.407s][info][gc,heap        ] GC(2346) PSYoungGen: 680270K->3989K(688128K)
[3387.407s][info][gc,heap        ] GC(2346) PSOldGen: 212407K->214712K(1398272K)
[3387.407s][info][gc,metaspace   ] GC(2346) Metaspace: 90774K(98736K)->90774K(98736K) NonClass: 79438K(83888K)->79438K(83888K) Class: 11335K(14848K)->11335K(14848K)
[3387.407s][info][gc             ] GC(2346) Pause Young (Allocation Failure) 871M->213M(2037M) 4.361ms
[3387.407s][info][gc,cpu         ] GC(2346) User=0.00s Sys=0.00s Real=0.00s
[3387.617s][info][gc,start       ] GC(2347) Pause Young (System.gc())
[3387.619s][info][gc,heap        ] GC(2347) PSYoungGen: 243926K->544K(688640K)
[3387.619s][info][gc,heap        ] GC(2347) PSOldGen: 214712K->216762K(1398272K)
[3387.619s][info][gc,metaspace   ] GC(2347) Metaspace: 90774K(98736K)->90774K(98736K) NonClass: 79438K(83888K)->79438K(83888K) Class: 11335K(14848K)->11335K(14848K)
[3387.619s][info][gc             ] GC(2347) Pause Young (System.gc()) 447M->212M(2038M) 2.436ms
[3387.619s][info][gc,cpu         ] GC(2347) User=0.00s Sys=0.00s Real=0.00s
[3387.619s][info][gc,start       ] GC(2348) Pause Full (System.gc())
[3387.621s][info][gc,phases,start] GC(2348) Phase 1: Mark live objects
[3387.675s][info][gc,phases      ] GC(2348) Phase 1: Mark live objects 54.394ms
[3387.675s][info][gc,phases,start] GC(2348) Phase 2: Compute new object addresses
[3387.690s][info][gc,phases      ] GC(2348) Phase 2: Compute new object addresses 15.039ms
[3387.690s][info][gc,phases,start] GC(2348) Phase 3: Adjust pointers
[3387.726s][info][gc,phases      ] GC(2348) Phase 3: Adjust pointers 35.909ms
[3387.726s][info][gc,phases,start] GC(2348) Phase 4: Move objects
[3387.734s][info][gc,phases      ] GC(2348) Phase 4: Move objects 7.844ms
[3387.737s][info][gc,heap        ] GC(2348) PSYoungGen: 544K->0K(688640K)
[3387.737s][info][gc,heap        ] GC(2348) PSOldGen: 216762K->149033K(1398272K)
[3387.737s][info][gc,metaspace   ] GC(2348) Metaspace: 90774K(98736K)->90774K(98736K) NonClass: 79438K(83888K)->79438K(83888K) Class: 11335K(14848K)->11335K(14848K)
[3387.737s][info][gc             ] GC(2348) Pause Full (System.gc()) 212M->145M(2038M) 117.477ms
[3387.737s][info][gc,cpu         ] GC(2348) User=0.11s Sys=0.00s Real=0.11s
[3388.623s][info][gc,start       ] GC(2349) Pause Young (Allocation Failure)
[3388.626s][info][gc,heap        ] GC(2349) PSYoungGen: 678400K->3739K(688640K)
[3388.626s][info][gc,heap        ] GC(2349) PSOldGen: 149033K->149033K(1398272K)
[3388.626s][info][gc,metaspace   ] GC(2349) Metaspace: 90774K(98736K)->90774K(98736K) NonClass: 79438K(83888K)->79438K(83888K) Class: 11335K(14848K)->11335K(14848K)
[3388.626s][info][gc             ] GC(2349) Pause Young (Allocation Failure) 808M->149M(2038M) 2.651ms
[3388.626s][info][gc,cpu         ] GC(2349) User=0.00s Sys=0.00s Real=0.00s
[3390.972s][info][gc,start       ] GC(2350) Pause Young (Allocation Failure)
[3390.975s][info][gc,heap        ] GC(2350) PSYoungGen: 682139K->2239K(689664K)
[3390.975s][info][gc,heap        ] GC(2350) PSOldGen: 149033K->152242K(1398272K)
[3390.975s][info][gc,metaspace   ] GC(2350) Metaspace: 90774K(98736K)->90774K(98736K) NonClass: 79438K(83888K)->79438K(83888K) Class: 11335K(14848K)->11335K(14848K)
[3390.975s][info][gc             ] GC(2350) Pause Young (Allocation Failure) 811M->150M(2039M) 2.445ms
[3390.975s][info][gc,cpu         ] GC(2350) User=0.00s Sys=0.00s Real=0.00s
[3393.072s][info][gc,start       ] GC(2351) Pause Young (Allocation Failure)
[3393.075s][info][gc,heap        ] GC(2351) PSYoungGen: 682175K->3506K(689152K)
[3393.075s][info][gc,heap        ] GC(2351) PSOldGen: 152242K->153927K(1398272K)
[3393.075s][info][gc,metaspace   ] GC(2351) Metaspace: 90774K(98736K)->90774K(98736K) NonClass: 79438K(83888K)->79438K(83888K) Class: 11335K(14848K)->11335K(14848K)
[3393.075s][info][gc             ] GC(2351) Pause Young (Allocation Failure) 814M->153M(2038M) 2.709ms
[3393.075s][info][gc,cpu         ] GC(2351) User=0.00s Sys=0.00s Real=0.01s
[3393.705s][info][gc,start       ] GC(2352) Pause Young (Allocation Failure)
[3393.708s][info][gc,heap        ] GC(2352) PSYoungGen: 679773K->8387K(687104K)
[3393.708s][info][gc,heap        ] GC(2352) PSOldGen: 153927K->155419K(1398272K)
[3393.708s][info][gc,metaspace   ] GC(2352) Metaspace: 90774K(98736K)->90774K(98736K) NonClass: 79438K(83888K)->79438K(83888K) Class: 11335K(14848K)->11335K(14848K)
[3393.708s][info][gc             ] GC(2352) Pause Young (Allocation Failure) 814M->159M(2036M) 2.928ms
[3393.708s][info][gc,cpu         ] GC(2352) User=0.00s Sys=0.00s Real=0.00s
[3395.226s][info][gc,start       ] GC(2353) Pause Young (GCLocker Initiated GC)
[3395.229s][info][gc,heap        ] GC(2353) PSYoungGen: 686787K->4621K(688640K)
[3395.229s][info][gc,heap        ] GC(2353) PSOldGen: 155451K->158349K(1398272K)
[3395.229s][info][gc,metaspace   ] GC(2353) Metaspace: 90774K(98736K)->90774K(98736K) NonClass: 79438K(83888K)->79438K(83888K) Class: 11335K(14848K)->11335K(14848K)
[3395.229s][info][gc             ] GC(2353) Pause Young (GCLocker Initiated GC) 822M->159M(2038M) 2.773ms
[3395.229s][info][gc,cpu         ] GC(2353) User=0.00s Sys=0.00s Real=0.00s
[3397.610s][info][gc,start       ] GC(2354) Pause Young (Allocation Failure)
[3397.613s][info][gc,heap        ] GC(2354) PSYoungGen: 683021K->5850K(689152K)
[3397.613s][info][gc,heap        ] GC(2354) PSOldGen: 158363K->160027K(1398272K)
[3397.613s][info][gc,metaspace   ] GC(2354) Metaspace: 90774K(98736K)->90774K(98736K) NonClass: 79438K(83888K)->79438K(83888K) Class: 11335K(14848K)->11335K(14848K)
[3397.613s][info][gc             ] GC(2354) Pause Young (Allocation Failure) 821M->161M(2038M) 3.044ms
[3397.613s][info][gc,cpu         ] GC(2354) User=0.08s Sys=0.00s Real=0.00s
[3399.356s][info][gc,start       ] GC(2355) Pause Young (Allocation Failure)
[3399.360s][info][gc,heap        ] GC(2355) PSYoungGen: 685274K->6070K(689152K)
[3399.360s][info][gc,heap        ] GC(2355) PSOldGen: 160027K->161960K(1398272K)
[3399.360s][info][gc,metaspace   ] GC(2355) Metaspace: 90774K(98736K)->90774K(98736K) NonClass: 79438K(83888K)->79438K(83888K) Class: 11335K(14848K)->11335K(14848K)
[3399.360s][info][gc             ] GC(2355) Pause Young (Allocation Failure) 825M->164M(2038M) 3.994ms
[3399.360s][info][gc,cpu         ] GC(2355) User=0.00s Sys=0.00s Real=0.02s
[3400.108s][info][gc,start       ] GC(2356) Pause Young (Allocation Failure)
[3400.111s][info][gc,heap        ] GC(2356) PSYoungGen: 685494K->3312K(689152K)
[3400.111s][info][gc,heap        ] GC(2356) PSOldGen: 161960K->164199K(1398272K)
[3400.111s][info][gc,metaspace   ] GC(2356) Metaspace: 90774K(98736K)->90774K(98736K) NonClass: 79438K(83888K)->79438K(83888K) Class: 11335K(14848K)->11335K(14848K)
[3400.111s][info][gc             ] GC(2356) Pause Young (Allocation Failure) 827M->163M(2038M) 2.851ms
[3400.111s][info][gc,cpu         ] GC(2356) User=0.00s Sys=0.00s Real=0.01s
[3402.378s][info][gc,start       ] GC(2357) Pause Young (Allocation Failure)
[3402.381s][info][gc,heap        ] GC(2357) PSYoungGen: 682736K->2335K(689152K)
[3402.381s][info][gc,heap        ] GC(2357) PSOldGen: 164199K->167105K(1398272K)
[3402.381s][info][gc,metaspace   ] GC(2357) Metaspace: 90774K(98736K)->90774K(98736K) NonClass: 79438K(83888K)->79438K(83888K) Class: 11335K(14848K)->11335K(14848K)
[3402.381s][info][gc             ] GC(2357) Pause Young (Allocation Failure) 827M->165M(2038M) 2.756ms
[3402.381s][info][gc,cpu         ] GC(2357) User=0.00s Sys=0.00s Real=0.00s
[3404.564s][info][gc,start       ] GC(2358) Pause Young (Allocation Failure)
[3404.569s][info][gc,heap        ] GC(2358) PSYoungGen: 681759K->2967K(689664K)
[3404.569s][info][gc,heap        ] GC(2358) PSOldGen: 167105K->168831K(1398272K)
[3404.569s][info][gc,metaspace   ] GC(2358) Metaspace: 90774K(98736K)->90774K(98736K) NonClass: 79438K(83888K)->79438K(83888K) Class: 11335K(14848K)->11335K(14848K)
[3404.569s][info][gc             ] GC(2358) Pause Young (Allocation Failure) 828M->167M(2039M) 5.065ms
[3404.569s][info][gc,cpu         ] GC(2358) User=0.00s Sys=0.00s Real=0.01s
[3405.412s][info][gc,start       ] GC(2359) Pause Young (Allocation Failure)
[3405.415s][info][gc,heap        ] GC(2359) PSYoungGen: 682903K->3713K(689152K)
[3405.415s][info][gc,heap        ] GC(2359) PSOldGen: 168831K->170309K(1398272K)
[3405.415s][info][gc,metaspace   ] GC(2359) Metaspace: 90774K(98736K)->90774K(98736K) NonClass: 79438K(83888K)->79438K(83888K) Class: 11335K(14848K)->11335K(14848K)
[3405.415s][info][gc             ] GC(2359) Pause Young (Allocation Failure) 831M->169M(2038M) 2.825ms
[3405.415s][info][gc,cpu         ] GC(2359) User=0.00s Sys=0.00s Real=0.00s
[3406.814s][info][gc,start       ] GC(2360) Pause Young (Allocation Failure)
[3406.816s][info][gc,heap        ] GC(2360) PSYoungGen: 683649K->3070K(690176K)
[3406.816s][info][gc,heap        ] GC(2360) PSOldGen: 170309K->173480K(1398272K)
[3406.816s][info][gc,metaspace   ] GC(2360) Metaspace: 90774K(98736K)->90774K(98736K) NonClass: 79438K(83888K)->79438K(83888K) Class: 11335K(14848K)->11335K(14848K)
[3406.816s][info][gc             ] GC(2360) Pause Young (Allocation Failure) 833M->172M(2039M) 2.810ms
[3406.816s][info][gc,cpu         ] GC(2360) User=0.02s Sys=0.00s Real=0.00s
[3409.097s][info][gc,start       ] GC(2361) Pause Young (Allocation Failure)
[3409.100s][info][gc,heap        ] GC(2361) PSYoungGen: 684542K->4357K(690176K)
[3409.100s][info][gc,heap        ] GC(2361) PSOldGen: 173480K->175150K(1398272K)
[3409.100s][info][gc,metaspace   ] GC(2361) Metaspace: 90774K(98736K)->90774K(98736K) NonClass: 79438K(83888K)->79438K(83888K) Class: 11335K(14848K)->11335K(14848K)
[3409.100s][info][gc             ] GC(2361) Pause Young (Allocation Failure) 837M->175M(2039M) 2.792ms
[3409.100s][info][gc,cpu         ] GC(2361) User=0.00s Sys=0.00s Real=0.00s
[3410.994s][info][gc,start       ] GC(2362) Pause Young (Allocation Failure)
[3410.997s][info][gc,heap        ] GC(2362) PSYoungGen: 685829K->4335K(690688K)
[3410.997s][info][gc,heap        ] GC(2362) PSOldGen: 175150K->176970K(1398272K)
[3410.997s][info][gc,metaspace   ] GC(2362) Metaspace: 90774K(98736K)->90774K(98736K) NonClass: 79438K(83888K)->79438K(83888K) Class: 11335K(14848K)->11335K(14848K)
[3410.997s][info][gc             ] GC(2362) Pause Young (Allocation Failure) 840M->177M(2040M) 3.319ms
[3410.998s][info][gc,cpu         ] GC(2362) User=0.00s Sys=0.00s Real=0.01s
[3411.764s][info][gc,start       ] GC(2363) Pause Young (Allocation Failure)
[3411.767s][info][gc,heap        ] GC(2363) PSYoungGen: 686831K->3230K(690688K)
[3411.767s][info][gc,heap        ] GC(2363) PSOldGen: 176970K->179050K(1398272K)
[3411.767s][info][gc,metaspace   ] GC(2363) Metaspace: 90774K(98736K)->90774K(98736K) NonClass: 79438K(83888K)->79438K(83888K) Class: 11335K(14848K)->11335K(14848K)
[3411.767s][info][gc             ] GC(2363) Pause Young (Allocation Failure) 843M->178M(2040M) 2.709ms
[3411.767s][info][gc,cpu         ] GC(2363) User=0.00s Sys=0.00s Real=0.00s
[3413.931s][info][gc,start       ] GC(2364) Pause Young (Allocation Failure)
[3413.934s][info][gc,heap        ] GC(2364) PSYoungGen: 685726K->3180K(691200K)
[3413.934s][info][gc,heap        ] GC(2364) PSOldGen: 179050K->181802K(1398272K)
[3413.934s][info][gc,metaspace   ] GC(2364) Metaspace: 90774K(98736K)->90774K(98736K) NonClass: 79438K(83888K)->79438K(83888K) Class: 11335K(14848K)->11335K(14848K)
[3413.934s][info][gc             ] GC(2364) Pause Young (Allocation Failure) 844M->180M(2040M) 2.706ms
[3413.934s][info][gc,cpu         ] GC(2364) User=0.00s Sys=0.00s Real=0.00s
[3414.587s][info][gc,start       ] GC(2365) Pause Young (Allocation Failure)
[3414.591s][info][gc,heap        ] GC(2365) PSYoungGen: 683380K->7668K(691200K)
[3414.591s][info][gc,heap        ] GC(2365) PSOldGen: 181802K->188943K(1398272K)
[3414.591s][info][gc,metaspace   ] GC(2365) Metaspace: 90774K(98736K)->90774K(98736K) NonClass: 79438K(83888K)->79438K(83888K) Class: 11335K(14848K)->11335K(14848K)
[3414.591s][info][gc             ] GC(2365) Pause Young (Allocation Failure) 844M->192M(2040M) 3.760ms
[3414.591s][info][gc,cpu         ] GC(2365) User=0.00s Sys=0.00s Real=0.01s
[3416.296s][info][gc,start       ] GC(2366) Pause Young (Allocation Failure)
[3416.299s][info][gc,heap        ] GC(2366) PSYoungGen: 691188K->4598K(685056K)
[3416.299s][info][gc,heap        ] GC(2366) PSOldGen: 188943K->191848K(1398272K)
[3416.299s][info][gc,metaspace   ] GC(2366) Metaspace: 90774K(98736K)->90774K(98736K) NonClass: 79438K(83888K)->79438K(83888K) Class: 11335K(14848K)->11335K(14848K)
[3416.299s][info][gc             ] GC(2366) Pause Young (Allocation Failure) 859M->191M(2034M) 3.140ms
[3416.299s][info][gc,cpu         ] GC(2366) User=0.09s Sys=0.00s Real=0.00s
[3417.749s][info][gc,start       ] GC(2367) Pause Young (Allocation Failure)
[3417.752s][info][gc,heap        ] GC(2367) PSYoungGen: 681336K->8255K(686080K)
[3417.752s][info][gc,heap        ] GC(2367) PSOldGen: 191848K->194083K(1398272K)
[3417.752s][info][gc,metaspace   ] GC(2367) Metaspace: 90774K(98736K)->90774K(98736K) NonClass: 79438K(83888K)->79438K(83888K) Class: 11335K(14848K)->11335K(14848K)
[3417.752s][info][gc             ] GC(2367) Pause Young (Allocation Failure) 852M->197M(2035M) 3.463ms
[3417.752s][info][gc,cpu         ] GC(2367) User=0.08s Sys=0.00s Real=0.00s
[3418.489s][info][gc,start       ] GC(2368) Pause Young (Allocation Failure)
[3418.492s][info][gc,heap        ] GC(2368) PSYoungGen: 685631K->3940K(688128K)
[3418.492s][info][gc,heap        ] GC(2368) PSOldGen: 194083K->196195K(1398272K)
[3418.492s][info][gc,metaspace   ] GC(2368) Metaspace: 90774K(98736K)->90774K(98736K) NonClass: 79438K(83888K)->79438K(83888K) Class: 11335K(14848K)->11335K(14848K)
[3418.492s][info][gc             ] GC(2368) Pause Young (Allocation Failure) 859M->195M(2037M) 2.784ms
[3418.492s][info][gc,cpu         ] GC(2368) User=0.00s Sys=0.00s Real=0.01s
[3420.604s][info][gc,start       ] GC(2369) Pause Young (Allocation Failure)
[3420.607s][info][gc,heap        ] GC(2369) PSYoungGen: 680804K->4226K(687616K)
[3420.607s][info][gc,heap        ] GC(2369) PSOldGen: 196195K->199186K(1398272K)
[3420.607s][info][gc,metaspace   ] GC(2369) Metaspace: 90774K(98736K)->90774K(98736K) NonClass: 79438K(83888K)->79438K(83888K) Class: 11335K(14848K)->11335K(14848K)
[3420.607s][info][gc             ] GC(2369) Pause Young (Allocation Failure) 856M->198M(2037M) 3.157ms
[3420.607s][info][gc,cpu         ] GC(2369) User=0.00s Sys=0.00s Real=0.00s
[3421.191s][info][gc,start       ] GC(2370) Pause Young (Allocation Failure)
[3421.194s][info][gc,heap        ] GC(2370) PSYoungGen: 681090K->3581K(688640K)
[3421.194s][info][gc,heap        ] GC(2370) PSOldGen: 199186K->201570K(1398272K)
[3421.194s][info][gc,metaspace   ] GC(2370) Metaspace: 90774K(98736K)->90774K(98736K) NonClass: 79438K(83888K)->79438K(83888K) Class: 11335K(14848K)->11335K(14848K)
[3421.194s][info][gc             ] GC(2370) Pause Young (Allocation Failure) 859M->200M(2038M) 2.902ms
[3421.194s][info][gc,cpu         ] GC(2370) User=0.00s Sys=0.00s Real=0.00s
[3423.256s][info][gc,start       ] GC(2371) Pause Young (Allocation Failure)
[3423.258s][info][gc,heap        ] GC(2371) PSYoungGen: 681469K->4680K(688128K)
[3423.258s][info][gc,heap        ] GC(2371) PSOldGen: 201570K->203407K(1398272K)
[3423.258s][info][gc,metaspace   ] GC(2371) Metaspace: 90774K(98736K)->90774K(98736K) NonClass: 79438K(83888K)->79438K(83888K) Class: 11335K(14848K)->11335K(14848K)
[3423.258s][info][gc             ] GC(2371) Pause Young (Allocation Failure) 862M->203M(2037M) 2.749ms
[3423.258s][info][gc,cpu         ] GC(2371) User=0.00s Sys=0.00s Real=0.00s
[3424.589s][info][gc,start       ] GC(2372) Pause Young (Allocation Failure)
[3424.592s][info][gc,heap        ] GC(2372) PSYoungGen: 682568K->4627K(689664K)
[3424.592s][info][gc,heap        ] GC(2372) PSOldGen: 203407K->205482K(1398272K)
[3424.592s][info][gc,metaspace   ] GC(2372) Metaspace: 90774K(98736K)->90774K(98736K) NonClass: 79438K(83888K)->79438K(83888K) Class: 11335K(14848K)->11335K(14848K)
[3424.592s][info][gc             ] GC(2372) Pause Young (Allocation Failure) 865M->205M(2039M) 3.192ms
[3424.592s][info][gc,cpu         ] GC(2372) User=0.00s Sys=0.00s Real=0.01s
[3424.720s][info][gc,start       ] GC(2373) Pause Young (System.gc())
[3424.722s][info][gc,heap        ] GC(2373) PSYoungGen: 200365K->480K(689152K)
[3424.722s][info][gc,heap        ] GC(2373) PSOldGen: 205482K->207528K(1398272K)
[3424.722s][info][gc,metaspace   ] GC(2373) Metaspace: 90774K(98736K)->90774K(98736K) NonClass: 79438K(83888K)->79438K(83888K) Class: 11335K(14848K)->11335K(14848K)
[3424.722s][info][gc             ] GC(2373) Pause Young (System.gc()) 396M->203M(2038M) 2.415ms
[3424.723s][info][gc,cpu         ] GC(2373) User=0.00s Sys=0.00s Real=0.00s
[3424.723s][info][gc,start       ] GC(2374) Pause Full (System.gc())
[3424.724s][info][gc,phases,start] GC(2374) Phase 1: Mark live objects
[3424.779s][info][gc,phases      ] GC(2374) Phase 1: Mark live objects 55.047ms
[3424.779s][info][gc,phases,start] GC(2374) Phase 2: Compute new object addresses
[3424.793s][info][gc,phases      ] GC(2374) Phase 2: Compute new object addresses 13.836ms
[3424.793s][info][gc,phases,start] GC(2374) Phase 3: Adjust pointers
[3424.829s][info][gc,phases      ] GC(2374) Phase 3: Adjust pointers 35.777ms
[3424.829s][info][gc,phases,start] GC(2374) Phase 4: Move objects
[3424.838s][info][gc,phases      ] GC(2374) Phase 4: Move objects 8.980ms
[3424.840s][info][gc,heap        ] GC(2374) PSYoungGen: 480K->0K(689152K)
[3424.840s][info][gc,heap        ] GC(2374) PSOldGen: 207528K->80107K(1398272K)
[3424.841s][info][gc,metaspace   ] GC(2374) Metaspace: 90774K(98736K)->90774K(98736K) NonClass: 79438K(83888K)->79438K(83888K) Class: 11335K(14848K)->11335K(14848K)
[3424.841s][info][gc             ] GC(2374) Pause Full (System.gc()) 203M->78M(2038M) 117.929ms
[3424.841s][info][gc,cpu         ] GC(2374) User=0.11s Sys=0.00s Real=0.12s
[3425.725s][info][gc,start       ] GC(2375) Pause Young (Allocation Failure)
[3425.727s][info][gc,heap        ] GC(2375) PSYoungGen: 679936K->3778K(689664K)
[3425.727s][info][gc,heap        ] GC(2375) PSOldGen: 80107K->80107K(1398272K)
[3425.727s][info][gc,metaspace   ] GC(2375) Metaspace: 90774K(98736K)->90774K(98736K) NonClass: 79438K(83888K)->79438K(83888K) Class: 11335K(14848K)->11335K(14848K)
[3425.727s][info][gc             ] GC(2375) Pause Young (Allocation Failure) 742M->81M(2039M) 2.457ms
[3425.727s][info][gc,cpu         ] GC(2375) User=0.00s Sys=0.00s Real=0.02s
[3428.093s][info][gc,start       ] GC(2376) Pause Young (Allocation Failure)
[3428.095s][info][gc,heap        ] GC(2376) PSYoungGen: 683714K->2444K(689152K)
[3428.095s][info][gc,heap        ] GC(2376) PSOldGen: 80107K->82856K(1398272K)
[3428.096s][info][gc,metaspace   ] GC(2376) Metaspace: 90774K(98736K)->90774K(98736K) NonClass: 79438K(83888K)->79438K(83888K) Class: 11335K(14848K)->11335K(14848K)
[3428.096s][info][gc             ] GC(2376) Pause Young (Allocation Failure) 745M->83M(2038M) 2.575ms
[3428.096s][info][gc,cpu         ] GC(2376) User=0.06s Sys=0.00s Real=0.00s
[3430.197s][info][gc,start       ] GC(2377) Pause Young (GCLocker Initiated GC)
[3430.200s][info][gc,heap        ] GC(2377) PSYoungGen: 682380K->3694K(690176K)
[3430.200s][info][gc,heap        ] GC(2377) PSOldGen: 82874K->84561K(1398272K)
[3430.200s][info][gc,metaspace   ] GC(2377) Metaspace: 90774K(98736K)->90774K(98736K) NonClass: 79438K(83888K)->79438K(83888K) Class: 11335K(14848K)->11335K(14848K)
[3430.200s][info][gc             ] GC(2377) Pause Young (GCLocker Initiated GC) 747M->86M(2039M) 2.543ms
[3430.200s][info][gc,cpu         ] GC(2377) User=0.00s Sys=0.00s Real=0.00s
[3430.842s][info][gc,start       ] GC(2378) Pause Young (Allocation Failure)
[3430.845s][info][gc,heap        ] GC(2378) PSYoungGen: 684654K->5060K(689664K)
[3430.845s][info][gc,heap        ] GC(2378) PSOldGen: 105042K->106534K(1398272K)
[3430.845s][info][gc,metaspace   ] GC(2378) Metaspace: 90774K(98736K)->90774K(98736K) NonClass: 79438K(83888K)->79438K(83888K) Class: 11335K(14848K)->11335K(14848K)
[3430.845s][info][gc             ] GC(2378) Pause Young (Allocation Failure) 771M->108M(2039M) 3.162ms
[3430.845s][info][gc,cpu         ] GC(2378) User=0.06s Sys=0.02s Real=0.00s
[3432.503s][info][gc,start       ] GC(2379) Pause Young (Allocation Failure)
[3432.507s][info][gc,heap        ] GC(2379) PSYoungGen: 686020K->3145K(690176K)
[3432.507s][info][gc,heap        ] GC(2379) PSOldGen: 106534K->109320K(1398272K)
[3432.507s][info][gc,metaspace   ] GC(2379) Metaspace: 90774K(98736K)->90774K(98736K) NonClass: 79438K(83888K)->79438K(83888K) Class: 11335K(14848K)->11335K(14848K)
[3432.507s][info][gc             ] GC(2379) Pause Young (Allocation Failure) 773M->109M(2039M) 4.703ms
[3432.507s][info][gc,cpu         ] GC(2379) User=0.00s Sys=0.00s Real=0.00s
[3434.852s][info][gc,start       ] GC(2380) Pause Young (Allocation Failure)
[3434.855s][info][gc,heap        ] GC(2380) PSYoungGen: 684617K->2987K(690176K)
[3434.855s][info][gc,heap        ] GC(2380) PSOldGen: 109320K->111025K(1398272K)
[3434.855s][info][gc,metaspace   ] GC(2380) Metaspace: 90774K(98736K)->90774K(98736K) NonClass: 79438K(83888K)->79438K(83888K) Class: 11335K(14848K)->11335K(14848K)
[3434.855s][info][gc             ] GC(2380) Pause Young (Allocation Failure) 775M->111M(2039M) 2.951ms
[3434.855s][info][gc,cpu         ] GC(2380) User=0.00s Sys=0.00s Real=0.00s
[3436.455s][info][gc,start       ] GC(2381) Pause Young (Allocation Failure)
[3436.459s][info][gc,heap        ] GC(2381) PSYoungGen: 684459K->4993K(690688K)
[3436.459s][info][gc,heap        ] GC(2381) PSOldGen: 111025K->112900K(1398272K)
[3436.459s][info][gc,metaspace   ] GC(2381) Metaspace: 90774K(98736K)->90774K(98736K) NonClass: 79438K(83888K)->79438K(83888K) Class: 11335K(14848K)->11335K(14848K)
[3436.459s][info][gc             ] GC(2381) Pause Young (Allocation Failure) 776M->115M(2040M) 3.476ms
[3436.459s][info][gc,cpu         ] GC(2381) User=0.00s Sys=0.00s Real=0.00s
[3437.204s][info][gc,start       ] GC(2382) Pause Young (Allocation Failure)
[3437.207s][info][gc,heap        ] GC(2382) PSYoungGen: 687409K->3517K(690688K)
[3437.207s][info][gc,heap        ] GC(2382) PSOldGen: 112900K->115215K(1398272K)
[3437.207s][info][gc,metaspace   ] GC(2382) Metaspace: 90774K(98736K)->90774K(98736K) NonClass: 79438K(83888K)->79438K(83888K) Class: 11335K(14848K)->11335K(14848K)
[3437.207s][info][gc             ] GC(2382) Pause Young (Allocation Failure) 781M->115M(2040M) 2.719ms
[3437.207s][info][gc,cpu         ] GC(2382) User=0.00s Sys=0.00s Real=0.00s
[3439.669s][info][gc,start       ] GC(2383) Pause Young (Allocation Failure)
[3439.672s][info][gc,heap        ] GC(2383) PSYoungGen: 686013K->2551K(691200K)
[3439.672s][info][gc,heap        ] GC(2383) PSOldGen: 115215K->117669K(1398272K)
[3439.672s][info][gc,metaspace   ] GC(2383) Metaspace: 90774K(98736K)->90774K(98736K) NonClass: 79438K(83888K)->79438K(83888K) Class: 11335K(14848K)->11335K(14848K)
[3439.672s][info][gc             ] GC(2383) Pause Young (Allocation Failure) 782M->117M(2040M) 2.745ms
[3439.672s][info][gc,cpu         ] GC(2383) User=0.00s Sys=0.00s Real=0.00s
[3441.846s][info][gc,start       ] GC(2384) Pause Young (Allocation Failure)
[3441.849s][info][gc,heap        ] GC(2384) PSYoungGen: 686071K->3115K(691200K)
[3441.849s][info][gc,heap        ] GC(2384) PSOldGen: 117669K->119446K(1398272K)
[3441.849s][info][gc,metaspace   ] GC(2384) Metaspace: 90774K(98736K)->90774K(98736K) NonClass: 79438K(83888K)->79438K(83888K) Class: 11335K(14848K)->11335K(14848K)
[3441.850s][info][gc             ] GC(2384) Pause Young (Allocation Failure) 784M->119M(2040M) 3.067ms
[3441.850s][info][gc,cpu         ] GC(2384) User=0.00s Sys=0.00s Real=0.00s
[3442.513s][info][gc,start       ] GC(2385) Pause Young (Allocation Failure)
[3442.516s][info][gc,heap        ] GC(2385) PSYoungGen: 686635K->5284K(691200K)
[3442.516s][info][gc,heap        ] GC(2385) PSOldGen: 119446K->120922K(1398272K)
[3442.516s][info][gc,metaspace   ] GC(2385) Metaspace: 90774K(98736K)->90774K(98736K) NonClass: 79438K(83888K)->79438K(83888K) Class: 11335K(14848K)->11335K(14848K)
[3442.516s][info][gc             ] GC(2385) Pause Young (Allocation Failure) 787M->123M(2040M) 2.651ms
[3442.516s][info][gc,cpu         ] GC(2385) User=0.00s Sys=0.00s Real=0.00s
[3444.108s][info][gc,start       ] GC(2386) Pause Young (Allocation Failure)
[3444.112s][info][gc,heap        ] GC(2386) PSYoungGen: 687943K->2980K(691200K)
[3444.112s][info][gc,heap        ] GC(2386) PSOldGen: 120922K->124104K(1398272K)
[3444.112s][info][gc,metaspace   ] GC(2386) Metaspace: 90774K(98736K)->90774K(98736K) NonClass: 79438K(83888K)->79438K(83888K) Class: 11335K(14848K)->11335K(14848K)
[3444.112s][info][gc             ] GC(2386) Pause Young (Allocation Failure) 789M->124M(2040M) 3.695ms
[3444.112s][info][gc,cpu         ] GC(2386) User=0.02s Sys=0.03s Real=0.00s
[3446.402s][info][gc,start       ] GC(2387) Pause Young (Allocation Failure)
[3446.405s][info][gc,heap        ] GC(2387) PSYoungGen: 686500K->3059K(691712K)
[3446.405s][info][gc,heap        ] GC(2387) PSOldGen: 124104K->125772K(1398272K)
[3446.405s][info][gc,metaspace   ] GC(2387) Metaspace: 90774K(98736K)->90774K(98736K) NonClass: 79438K(83888K)->79438K(83888K) Class: 11335K(14848K)->11335K(14848K)
[3446.405s][info][gc             ] GC(2387) Pause Young (Allocation Failure) 791M->125M(2041M) 2.332ms
[3446.405s][info][gc,cpu         ] GC(2387) User=0.00s Sys=0.00s Real=0.00s
[3448.166s][info][gc,start       ] GC(2388) Pause Young (Allocation Failure)
[3448.171s][info][gc,heap        ] GC(2388) PSYoungGen: 687091K->6721K(691200K)
[3448.171s][info][gc,heap        ] GC(2388) PSOldGen: 125772K->127615K(1398272K)
[3448.171s][info][gc,metaspace   ] GC(2388) Metaspace: 90774K(98736K)->90774K(98736K) NonClass: 79438K(83888K)->79438K(83888K) Class: 11335K(14848K)->11335K(14848K)
[3448.171s][info][gc             ] GC(2388) Pause Young (Allocation Failure) 793M->131M(2040M) 4.541ms
[3448.171s][info][gc,cpu         ] GC(2388) User=0.00s Sys=0.00s Real=0.01s
[3448.925s][info][gc,start       ] GC(2389) Pause Young (Allocation Failure)
[3448.928s][info][gc,heap        ] GC(2389) PSYoungGen: 690753K->3389K(691200K)
[3448.928s][info][gc,heap        ] GC(2389) PSOldGen: 127615K->129682K(1398272K)
[3448.928s][info][gc,metaspace   ] GC(2389) Metaspace: 90774K(98736K)->90774K(98736K) NonClass: 79438K(83888K)->79438K(83888K) Class: 11335K(14848K)->11335K(14848K)
[3448.928s][info][gc             ] GC(2389) Pause Young (Allocation Failure) 799M->129M(2040M) 2.969ms
[3448.928s][info][gc,cpu         ] GC(2389) User=0.00s Sys=0.00s Real=0.00s
[3451.098s][info][gc,start       ] GC(2390) Pause Young (Allocation Failure)
[3451.101s][info][gc,heap        ] GC(2390) PSYoungGen: 684160K->3081K(691200K)
[3451.101s][info][gc,heap        ] GC(2390) PSOldGen: 129682K->132545K(1398272K)
[3451.101s][info][gc,metaspace   ] GC(2390) Metaspace: 90774K(98736K)->90774K(98736K) NonClass: 79438K(83888K)->79438K(83888K) Class: 11335K(14848K)->11335K(14848K)
[3451.101s][info][gc             ] GC(2390) Pause Young (Allocation Failure) 794M->132M(2040M) 2.652ms
[3451.101s][info][gc,cpu         ] GC(2390) User=0.00s Sys=0.00s Real=0.00s
[3451.751s][info][gc,start       ] GC(2391) Pause Young (Allocation Failure)
[3451.755s][info][gc,heap        ] GC(2391) PSYoungGen: 685479K->3782K(691712K)
[3451.755s][info][gc,heap        ] GC(2391) PSOldGen: 132545K->134940K(1398272K)
[3451.755s][info][gc,metaspace   ] GC(2391) Metaspace: 90774K(98736K)->90774K(98736K) NonClass: 79438K(83888K)->79438K(83888K) Class: 11335K(14848K)->11335K(14848K)
[3451.755s][info][gc             ] GC(2391) Pause Young (Allocation Failure) 798M->135M(2041M) 3.481ms
[3451.755s][info][gc,cpu         ] GC(2391) User=0.02s Sys=0.00s Real=0.00s
[3453.769s][info][gc,start       ] GC(2392) Pause Young (Allocation Failure)
[3453.772s][info][gc,heap        ] GC(2392) PSYoungGen: 687813K->2832K(691200K)
[3453.772s][info][gc,heap        ] GC(2392) PSOldGen: 134940K->136619K(1398272K)
[3453.772s][info][gc,metaspace   ] GC(2392) Metaspace: 90774K(98736K)->90774K(98736K) NonClass: 79438K(83888K)->79438K(83888K) Class: 11335K(14848K)->11335K(14848K)
[3453.772s][info][gc             ] GC(2392) Pause Young (Allocation Failure) 803M->136M(2040M) 2.640ms
[3453.772s][info][gc,cpu         ] GC(2392) User=0.00s Sys=0.00s Real=0.00s
[3454.954s][info][gc,start       ] GC(2393) Pause Young (Allocation Failure)
[3454.957s][info][gc,heap        ] GC(2393) PSYoungGen: 685851K->7155K(687616K)
[3454.957s][info][gc,heap        ] GC(2393) PSOldGen: 136619K->139930K(1398272K)
[3454.957s][info][gc,metaspace   ] GC(2393) Metaspace: 90774K(98736K)->90774K(98736K) NonClass: 79438K(83888K)->79438K(83888K) Class: 11335K(14848K)->11335K(14848K)
[3454.957s][info][gc             ] GC(2393) Pause Young (Allocation Failure) 803M->143M(2037M) 3.087ms
[3454.957s][info][gc,cpu         ] GC(2393) User=0.02s Sys=0.00s Real=0.00s
[3455.899s][info][gc,start       ] GC(2394) Pause Young (GCLocker Initiated GC)
[3455.903s][info][gc,heap        ] GC(2394) PSYoungGen: 687603K->7857K(688640K)
[3455.903s][info][gc,heap        ] GC(2394) PSOldGen: 139931K->142584K(1398272K)
[3455.903s][info][gc,metaspace   ] GC(2394) Metaspace: 90774K(98736K)->90774K(98736K) NonClass: 79438K(83888K)->79438K(83888K) Class: 11335K(14848K)->11335K(14848K)
[3455.903s][info][gc             ] GC(2394) Pause Young (GCLocker Initiated GC) 808M->146M(2038M) 3.205ms
[3455.903s][info][gc,cpu         ] GC(2394) User=0.00s Sys=0.00s Real=0.02s
[3457.853s][info][gc,start       ] GC(2395) Pause Young (Allocation Failure)
[3457.857s][info][gc,heap        ] GC(2395) PSYoungGen: 688305K->4662K(689152K)
[3457.857s][info][gc,heap        ] GC(2395) PSOldGen: 142594K->149493K(1398272K)
[3457.857s][info][gc,metaspace   ] GC(2395) Metaspace: 90774K(98736K)->90774K(98736K) NonClass: 79438K(83888K)->79438K(83888K) Class: 11335K(14848K)->11335K(14848K)
[3457.857s][info][gc             ] GC(2395) Pause Young (Allocation Failure) 811M->150M(2038M) 3.357ms
[3457.857s][info][gc,cpu         ] GC(2395) User=0.00s Sys=0.00s Real=0.01s
[3458.420s][info][gc,start       ] GC(2396) Pause Young (Allocation Failure)
[3458.423s][info][gc,heap        ] GC(2396) PSYoungGen: 683574K->3421K(688640K)
[3458.423s][info][gc,heap        ] GC(2396) PSOldGen: 149493K->152274K(1398272K)
[3458.423s][info][gc,metaspace   ] GC(2396) Metaspace: 90774K(98736K)->90774K(98736K) NonClass: 79438K(83888K)->79438K(83888K) Class: 11335K(14848K)->11335K(14848K)
[3458.423s][info][gc             ] GC(2396) Pause Young (Allocation Failure) 813M->152M(2038M) 2.873ms
[3458.423s][info][gc,cpu         ] GC(2396) User=0.00s Sys=0.00s Real=0.00s
[3460.810s][info][gc,start       ] GC(2397) Pause Young (Allocation Failure)
[3460.813s][info][gc,heap        ] GC(2397) PSYoungGen: 682103K->2555K(689664K)
[3460.813s][info][gc,heap        ] GC(2397) PSOldGen: 152274K->154766K(1398272K)
[3460.813s][info][gc,metaspace   ] GC(2397) Metaspace: 90774K(98736K)->90774K(98736K) NonClass: 79438K(83888K)->79438K(83888K) Class: 11335K(14848K)->11335K(14848K)
[3460.813s][info][gc             ] GC(2397) Pause Young (Allocation Failure) 814M->153M(2039M) 2.951ms
[3460.813s][info][gc,cpu         ] GC(2397) User=0.00s Sys=0.00s Real=0.00s
[3461.799s][info][gc,start       ] GC(2398) Pause Young (Allocation Failure)
[3461.802s][info][gc,heap        ] GC(2398) PSYoungGen: 683003K->2476K(689664K)
[3461.802s][info][gc,heap        ] GC(2398) PSOldGen: 154766K->156593K(1398272K)
[3461.802s][info][gc,metaspace   ] GC(2398) Metaspace: 90774K(98736K)->90774K(98736K) NonClass: 79438K(83888K)->79438K(83888K) Class: 11335K(14848K)->11335K(14848K)
[3461.802s][info][gc             ] GC(2398) Pause Young (Allocation Failure) 818M->155M(2039M) 3.040ms
[3461.802s][info][gc,cpu         ] GC(2398) User=0.00s Sys=0.00s Real=0.00s
[3461.878s][info][gc,start       ] GC(2399) Pause Young (System.gc())
[3461.880s][info][gc,heap        ] GC(2399) PSYoungGen: 126418K->384K(689664K)
[3461.880s][info][gc,heap        ] GC(2399) PSOldGen: 156593K->158352K(1398272K)
[3461.880s][info][gc,metaspace   ] GC(2399) Metaspace: 90774K(98736K)->90774K(98736K) NonClass: 79438K(83888K)->79438K(83888K) Class: 11335K(14848K)->11335K(14848K)
[3461.880s][info][gc             ] GC(2399) Pause Young (System.gc()) 276M->155M(2039M) 1.984ms
[3461.880s][info][gc,cpu         ] GC(2399) User=0.00s Sys=0.00s Real=0.00s
[3461.880s][info][gc,start       ] GC(2400) Pause Full (System.gc())
[3461.882s][info][gc,phases,start] GC(2400) Phase 1: Mark live objects
[3461.936s][info][gc,phases      ] GC(2400) Phase 1: Mark live objects 54.501ms
[3461.936s][info][gc,phases,start] GC(2400) Phase 2: Compute new object addresses
[3461.950s][info][gc,phases      ] GC(2400) Phase 2: Compute new object addresses 13.626ms
[3461.950s][info][gc,phases,start] GC(2400) Phase 3: Adjust pointers
[3461.985s][info][gc,phases      ] GC(2400) Phase 3: Adjust pointers 35.032ms
[3461.985s][info][gc,phases,start] GC(2400) Phase 4: Move objects
[3461.987s][info][gc,phases      ] GC(2400) Phase 4: Move objects 1.794ms
[3461.989s][info][gc,heap        ] GC(2400) PSYoungGen: 384K->0K(689664K)
[3461.989s][info][gc,heap        ] GC(2400) PSOldGen: 158352K->149729K(1398272K)
[3461.989s][info][gc,metaspace   ] GC(2400) Metaspace: 90774K(98736K)->90774K(98736K) NonClass: 79438K(83888K)->79438K(83888K) Class: 11335K(14848K)->11335K(14848K)
[3461.989s][info][gc             ] GC(2400) Pause Full (System.gc()) 155M->146M(2039M) 109.203ms
[3461.989s][info][gc,cpu         ] GC(2400) User=0.11s Sys=0.00s Real=0.11s
[3462.882s][info][gc,start       ] GC(2401) Pause Young (Allocation Failure)
[3462.884s][info][gc,heap        ] GC(2401) PSYoungGen: 680448K->3673K(689664K)
[3462.884s][info][gc,heap        ] GC(2401) PSOldGen: 149729K->149729K(1398272K)
[3462.884s][info][gc,metaspace   ] GC(2401) Metaspace: 90774K(98736K)->90774K(98736K) NonClass: 79438K(83888K)->79438K(83888K) Class: 11335K(14848K)->11335K(14848K)
[3462.884s][info][gc             ] GC(2401) Pause Young (Allocation Failure) 810M->149M(2039M) 2.430ms
[3462.884s][info][gc,cpu         ] GC(2401) User=0.00s Sys=0.00s Real=0.00s
[3465.254s][info][gc,start       ] GC(2402) Pause Young (Allocation Failure)
[3465.256s][info][gc,heap        ] GC(2402) PSYoungGen: 684121K->2464K(690176K)
[3465.256s][info][gc,heap        ] GC(2402) PSOldGen: 149729K->152516K(1398272K)
[3465.256s][info][gc,metaspace   ] GC(2402) Metaspace: 90774K(98736K)->90774K(98736K) NonClass: 79438K(83888K)->79438K(83888K) Class: 11335K(14848K)->11335K(14848K)
[3465.256s][info][gc             ] GC(2402) Pause Young (Allocation Failure) 814M->151M(2039M) 2.347ms
[3465.256s][info][gc,cpu         ] GC(2402) User=0.00s Sys=0.00s Real=0.00s
[3467.347s][info][gc,start       ] GC(2403) Pause Young (Allocation Failure)
[3467.350s][info][gc,heap        ] GC(2403) PSYoungGen: 683869K->3366K(690176K)
[3467.350s][info][gc,heap        ] GC(2403) PSOldGen: 152516K->154110K(1398272K)
[3467.350s][info][gc,metaspace   ] GC(2403) Metaspace: 90774K(98736K)->90774K(98736K) NonClass: 79438K(83888K)->79438K(83888K) Class: 11335K(14848K)->11335K(14848K)
[3467.350s][info][gc             ] GC(2403) Pause Young (Allocation Failure) 816M->153M(2039M) 2.471ms
[3467.350s][info][gc,cpu         ] GC(2403) User=0.00s Sys=0.00s Real=0.00s
[3467.977s][info][gc,start       ] GC(2404) Pause Young (Allocation Failure)
[3467.981s][info][gc,heap        ] GC(2404) PSYoungGen: 684241K->8163K(680448K)
[3467.981s][info][gc,heap        ] GC(2404) PSOldGen: 154110K->164455K(1398272K)
[3467.981s][info][gc,metaspace   ] GC(2404) Metaspace: 90774K(98736K)->90774K(98736K) NonClass: 79438K(83888K)->79438K(83888K) Class: 11335K(14848K)->11335K(14848K)
[3467.981s][info][gc             ] GC(2404) Pause Young (Allocation Failure) 818M->168M(2030M) 3.694ms
[3467.981s][info][gc,cpu         ] GC(2404) User=0.00s Sys=0.00s Real=0.00s
[3469.530s][info][gc,start       ] GC(2405) Pause Young (Allocation Failure)
[3469.533s][info][gc,heap        ] GC(2405) PSYoungGen: 679885K->3151K(685568K)
[3469.533s][info][gc,heap        ] GC(2405) PSOldGen: 164455K->167355K(1398272K)
[3469.533s][info][gc,metaspace   ] GC(2405) Metaspace: 90774K(98736K)->90774K(98736K) NonClass: 79438K(83888K)->79438K(83888K) Class: 11335K(14848K)->11335K(14848K)
[3469.533s][info][gc             ] GC(2405) Pause Young (Allocation Failure) 824M->166M(2035M) 3.624ms
[3469.533s][info][gc,cpu         ] GC(2405) User=0.06s Sys=0.02s Real=0.00s
[3471.839s][info][gc,start       ] GC(2406) Pause Young (GCLocker Initiated GC)
[3471.842s][info][gc,heap        ] GC(2406) PSYoungGen: 675407K->5000K(686592K)
[3471.842s][info][gc,heap        ] GC(2406) PSOldGen: 167454K->169167K(1398272K)
[3471.842s][info][gc,metaspace   ] GC(2406) Metaspace: 90774K(98736K)->90774K(98736K) NonClass: 79438K(83888K)->79438K(83888K) Class: 11335K(14848K)->11335K(14848K)
[3471.842s][info][gc             ] GC(2406) Pause Young (GCLocker Initiated GC) 823M->170M(2036M) 2.836ms
[3471.842s][info][gc,cpu         ] GC(2406) User=0.00s Sys=0.00s Real=0.00s
[3473.566s][info][gc,start       ] GC(2407) Pause Young (Allocation Failure)
[3473.569s][info][gc,heap        ] GC(2407) PSYoungGen: 678792K->5080K(686080K)
[3473.569s][info][gc,heap        ] GC(2407) PSOldGen: 169168K->171066K(1398272K)
[3473.569s][info][gc,metaspace   ] GC(2407) Metaspace: 90774K(98736K)->90774K(98736K) NonClass: 79438K(83888K)->79438K(83888K) Class: 11335K(14848K)->11335K(14848K)
[3473.569s][info][gc             ] GC(2407) Pause Young (Allocation Failure) 828M->172M(2035M) 3.580ms
[3473.569s][info][gc,cpu         ] GC(2407) User=0.00s Sys=0.00s Real=0.01s
[3474.316s][info][gc,start       ] GC(2408) Pause Young (Allocation Failure)
[3474.318s][info][gc,heap        ] GC(2408) PSYoungGen: 678872K->3280K(687616K)
[3474.318s][info][gc,heap        ] GC(2408) PSOldGen: 171066K->173322K(1398272K)
[3474.318s][info][gc,metaspace   ] GC(2408) Metaspace: 90774K(98736K)->90774K(98736K) NonClass: 79438K(83888K)->79438K(83888K) Class: 11335K(14848K)->11335K(14848K)
[3474.318s][info][gc             ] GC(2408) Pause Young (Allocation Failure) 830M->172M(2037M) 2.702ms
[3474.319s][info][gc,cpu         ] GC(2408) User=0.00s Sys=0.00s Real=0.00s
[3476.509s][info][gc,start       ] GC(2409) Pause Young (Allocation Failure)
[3476.512s][info][gc,heap        ] GC(2409) PSYoungGen: 679632K->2934K(687616K)
[3476.512s][info][gc,heap        ] GC(2409) PSOldGen: 173322K->176153K(1398272K)
[3476.512s][info][gc,metaspace   ] GC(2409) Metaspace: 90774K(98736K)->90774K(98736K) NonClass: 79438K(83888K)->79438K(83888K) Class: 11335K(14848K)->11335K(14848K)
[3476.512s][info][gc             ] GC(2409) Pause Young (Allocation Failure) 832M->174M(2037M) 3.033ms
[3476.512s][info][gc,cpu         ] GC(2409) User=0.00s Sys=0.00s Real=0.00s
[3478.726s][info][gc,start       ] GC(2410) Pause Young (Allocation Failure)
[3478.728s][info][gc,heap        ] GC(2410) PSYoungGen: 679286K->3170K(688640K)
[3478.728s][info][gc,heap        ] GC(2410) PSOldGen: 176153K->177549K(1398272K)
[3478.728s][info][gc,metaspace   ] GC(2410) Metaspace: 90774K(98736K)->90774K(98736K) NonClass: 79438K(83888K)->79438K(83888K) Class: 11335K(14848K)->11335K(14848K)
[3478.728s][info][gc             ] GC(2410) Pause Young (Allocation Failure) 835M->176M(2038M) 2.490ms
[3478.728s][info][gc,cpu         ] GC(2410) User=0.00s Sys=0.00s Real=0.00s
[3479.588s][info][gc,start       ] GC(2411) Pause Young (Allocation Failure)
[3479.590s][info][gc,heap        ] GC(2411) PSYoungGen: 678210K->3371K(688128K)
[3479.590s][info][gc,heap        ] GC(2411) PSOldGen: 177549K->179548K(1398272K)
[3479.590s][info][gc,metaspace   ] GC(2411) Metaspace: 90774K(98736K)->90774K(98736K) NonClass: 79438K(83888K)->79438K(83888K) Class: 11335K(14848K)->11335K(14848K)
[3479.590s][info][gc             ] GC(2411) Pause Young (Allocation Failure) 835M->178M(2037M) 2.734ms
[3479.590s][info][gc,cpu         ] GC(2411) User=0.00s Sys=0.00s Real=0.00s
[3480.919s][info][gc,start       ] GC(2412) Pause Young (Allocation Failure)
[3480.921s][info][gc,heap        ] GC(2412) PSYoungGen: 681259K->3624K(689152K)
[3480.921s][info][gc,heap        ] GC(2412) PSOldGen: 179548K->182175K(1398272K)
[3480.921s][info][gc,metaspace   ] GC(2412) Metaspace: 90774K(98736K)->90774K(98736K) NonClass: 79438K(83888K)->79438K(83888K) Class: 11335K(14848K)->11335K(14848K)
[3480.922s][info][gc             ] GC(2412) Pause Young (Allocation Failure) 840M->181M(2038M) 2.796ms
[3480.922s][info][gc,cpu         ] GC(2412) User=0.00s Sys=0.00s Real=0.00s
[3483.130s][info][gc,start       ] GC(2413) Pause Young (Allocation Failure)
[3483.133s][info][gc,heap        ] GC(2413) PSYoungGen: 682536K->3085K(688640K)
[3483.133s][info][gc,heap        ] GC(2413) PSOldGen: 182175K->184278K(1398272K)
[3483.133s][info][gc,metaspace   ] GC(2413) Metaspace: 90774K(98736K)->90774K(98736K) NonClass: 79438K(83888K)->79438K(83888K) Class: 11335K(14848K)->11335K(14848K)
[3483.133s][info][gc             ] GC(2413) Pause Young (Allocation Failure) 844M->182M(2038M) 2.830ms
[3483.133s][info][gc,cpu         ] GC(2413) User=0.00s Sys=0.00s Real=0.00s
[3485.102s][info][gc,start       ] GC(2414) Pause Young (Allocation Failure)
[3485.107s][info][gc,heap        ] GC(2414) PSYoungGen: 681997K->4250K(690176K)
[3485.107s][info][gc,heap        ] GC(2414) PSOldGen: 184278K->186063K(1398272K)
[3485.107s][info][gc,metaspace   ] GC(2414) Metaspace: 90774K(98736K)->90774K(98736K) NonClass: 79438K(83888K)->79438K(83888K) Class: 11335K(14848K)->11335K(14848K)
[3485.107s][info][gc             ] GC(2414) Pause Young (Allocation Failure) 845M->185M(2039M) 5.106ms
[3485.107s][info][gc,cpu         ] GC(2414) User=0.00s Sys=0.00s Real=0.00s
[3485.971s][info][gc,start       ] GC(2415) Pause Young (Allocation Failure)
[3485.974s][info][gc,heap        ] GC(2415) PSYoungGen: 685210K->3024K(689664K)
[3485.974s][info][gc,heap        ] GC(2415) PSOldGen: 186063K->188340K(1398272K)
[3485.974s][info][gc,metaspace   ] GC(2415) Metaspace: 90774K(98736K)->90774K(98736K) NonClass: 79438K(83888K)->79438K(83888K) Class: 11335K(14848K)->11335K(14848K)
[3485.974s][info][gc             ] GC(2415) Pause Young (Allocation Failure) 850M->186M(2039M) 2.511ms
[3485.974s][info][gc,cpu         ] GC(2415) User=0.00s Sys=0.00s Real=0.00s
[3488.121s][info][gc,start       ] GC(2416) Pause Young (Allocation Failure)
[3488.124s][info][gc,heap        ] GC(2416) PSYoungGen: 683984K->2726K(690688K)
[3488.124s][info][gc,heap        ] GC(2416) PSOldGen: 188340K->191022K(1398272K)
[3488.124s][info][gc,metaspace   ] GC(2416) Metaspace: 90774K(98736K)->90774K(98736K) NonClass: 79438K(83888K)->79438K(83888K) Class: 11335K(14848K)->11335K(14848K)
[3488.124s][info][gc             ] GC(2416) Pause Young (Allocation Failure) 851M->189M(2040M) 3.008ms
[3488.124s][info][gc,cpu         ] GC(2416) User=0.00s Sys=0.00s Real=0.01s
[3488.832s][info][gc,start       ] GC(2417) Pause Young (Allocation Failure)
[3488.836s][info][gc,heap        ] GC(2417) PSYoungGen: 682845K->8163K(690176K)
[3488.836s][info][gc,heap        ] GC(2417) PSOldGen: 191022K->209314K(1398272K)
[3488.836s][info][gc,metaspace   ] GC(2417) Metaspace: 90774K(98736K)->90774K(98736K) NonClass: 79438K(83888K)->79438K(83888K) Class: 11335K(14848K)->11335K(14848K)
[3488.836s][info][gc             ] GC(2417) Pause Young (Allocation Failure) 853M->212M(2039M) 4.448ms
[3488.836s][info][gc,cpu         ] GC(2417) User=0.00s Sys=0.00s Real=0.00s
[3490.348s][info][gc,start       ] GC(2418) Pause Young (Allocation Failure)
[3490.351s][info][gc,heap        ] GC(2418) PSYoungGen: 690147K->4209K(675840K)
[3490.351s][info][gc,heap        ] GC(2418) PSOldGen: 209314K->212272K(1398272K)
[3490.351s][info][gc,metaspace   ] GC(2418) Metaspace: 90774K(98736K)->90774K(98736K) NonClass: 79438K(83888K)->79438K(83888K) Class: 11335K(14848K)->11335K(14848K)
[3490.351s][info][gc             ] GC(2418) Pause Young (Allocation Failure) 878M->211M(2025M) 2.941ms
[3490.351s][info][gc,cpu         ] GC(2418) User=0.00s Sys=0.00s Real=0.02s
[3491.909s][info][gc,start       ] GC(2419) Pause Young (Allocation Failure)
[3491.911s][info][gc,heap        ] GC(2419) PSYoungGen: 671345K->3108K(683008K)
[3491.912s][info][gc,heap        ] GC(2419) PSOldGen: 212272K->214378K(1398272K)
[3491.912s][info][gc,metaspace   ] GC(2419) Metaspace: 90774K(98736K)->90774K(98736K) NonClass: 79438K(83888K)->79438K(83888K) Class: 11335K(14848K)->11335K(14848K)
[3491.912s][info][gc             ] GC(2419) Pause Young (Allocation Failure) 862M->212M(2032M) 2.941ms
[3491.912s][info][gc,cpu         ] GC(2419) User=0.00s Sys=0.00s Real=0.00s
[3492.648s][info][gc,start       ] GC(2420) Pause Young (Allocation Failure)
[3492.651s][info][gc,heap        ] GC(2420) PSYoungGen: 670244K->3507K(684032K)
[3492.651s][info][gc,heap        ] GC(2420) PSOldGen: 214378K->216455K(1398272K)
[3492.651s][info][gc,metaspace   ] GC(2420) Metaspace: 90774K(98736K)->90774K(98736K) NonClass: 79438K(83888K)->79438K(83888K) Class: 11335K(14848K)->11335K(14848K)
[3492.651s][info][gc             ] GC(2420) Pause Young (Allocation Failure) 863M->214M(2033M) 2.988ms
[3492.651s][info][gc,cpu         ] GC(2420) User=0.00s Sys=0.00s Real=0.00s
[3494.762s][info][gc,start       ] GC(2421) Pause Young (Allocation Failure)
[3494.764s][info][gc,heap        ] GC(2421) PSYoungGen: 670121K->3292K(683520K)
[3494.765s][info][gc,heap        ] GC(2421) PSOldGen: 216455K->219375K(1398272K)
[3494.765s][info][gc,metaspace   ] GC(2421) Metaspace: 90774K(98736K)->90774K(98736K) NonClass: 79438K(83888K)->79438K(83888K) Class: 11335K(14848K)->11335K(14848K)
[3494.765s][info][gc             ] GC(2421) Pause Young (Allocation Failure) 865M->217M(2033M) 2.771ms
[3494.765s][info][gc,cpu         ] GC(2421) User=0.00s Sys=0.00s Real=0.01s
[3495.356s][info][gc,start       ] GC(2422) Pause Young (Allocation Failure)
[3495.360s][info][gc,heap        ] GC(2422) PSYoungGen: 671029K->3976K(685568K)
[3495.360s][info][gc,heap        ] GC(2422) PSOldGen: 219375K->221919K(1398272K)
[3495.360s][info][gc,metaspace   ] GC(2422) Metaspace: 90774K(98736K)->90774K(98736K) NonClass: 79438K(83888K)->79438K(83888K) Class: 11335K(14848K)->11335K(14848K)
[3495.360s][info][gc             ] GC(2422) Pause Young (Allocation Failure) 869M->220M(2035M) 4.078ms
[3495.360s][info][gc,cpu         ] GC(2422) User=0.00s Sys=0.00s Real=0.00s
[3497.134s][info][gc,start       ] GC(2423) Pause Young (Allocation Failure)
[3497.137s][info][gc,heap        ] GC(2423) PSYoungGen: 675208K->3667K(684544K)
[3497.137s][info][gc,heap        ] GC(2423) PSOldGen: 221919K->223537K(1398272K)
[3497.137s][info][gc,metaspace   ] GC(2423) Metaspace: 90774K(98736K)->90774K(98736K) NonClass: 79438K(83888K)->79438K(83888K) Class: 11335K(14848K)->11335K(14848K)
[3497.137s][info][gc             ] GC(2423) Pause Young (Allocation Failure) 876M->221M(2034M) 3.163ms
[3497.137s][info][gc,cpu         ] GC(2423) User=0.00s Sys=0.00s Real=0.01s
[3498.688s][info][gc,start       ] GC(2424) Pause Young (Allocation Failure)
[3498.691s][info][gc,heap        ] GC(2424) PSYoungGen: 674899K->3650K(686592K)
[3498.691s][info][gc,heap        ] GC(2424) PSOldGen: 223537K->225784K(1398272K)
[3498.691s][info][gc,metaspace   ] GC(2424) Metaspace: 90774K(98736K)->90774K(98736K) NonClass: 79438K(83888K)->79438K(83888K) Class: 11335K(14848K)->11335K(14848K)
[3498.691s][info][gc             ] GC(2424) Pause Young (Allocation Failure) 877M->224M(2036M) 2.942ms
[3498.691s][info][gc,cpu         ] GC(2424) User=0.06s Sys=0.03s Real=0.00s
[3498.947s][info][gc,start       ] GC(2425) Pause Young (System.gc())
[3498.950s][info][gc,heap        ] GC(2425) PSYoungGen: 297737K->480K(686080K)
[3498.950s][info][gc,heap        ] GC(2425) PSOldGen: 225784K->227898K(1398272K)
[3498.950s][info][gc,metaspace   ] GC(2425) Metaspace: 90774K(98736K)->90774K(98736K) NonClass: 79438K(83888K)->79438K(83888K) Class: 11335K(14848K)->11335K(14848K)
[3498.950s][info][gc             ] GC(2425) Pause Young (System.gc()) 511M->223M(2035M) 2.419ms
[3498.950s][info][gc,cpu         ] GC(2425) User=0.00s Sys=0.00s Real=0.00s
[3498.950s][info][gc,start       ] GC(2426) Pause Full (System.gc())
[3498.951s][info][gc,phases,start] GC(2426) Phase 1: Mark live objects
[3499.007s][info][gc,phases      ] GC(2426) Phase 1: Mark live objects 55.823ms
[3499.007s][info][gc,phases,start] GC(2426) Phase 2: Compute new object addresses
[3499.022s][info][gc,phases      ] GC(2426) Phase 2: Compute new object addresses 14.463ms
[3499.022s][info][gc,phases,start] GC(2426) Phase 3: Adjust pointers
[3499.058s][info][gc,phases      ] GC(2426) Phase 3: Adjust pointers 35.991ms
[3499.058s][info][gc,phases,start] GC(2426) Phase 4: Move objects
[3499.065s][info][gc,phases      ] GC(2426) Phase 4: Move objects 7.484ms
[3499.068s][info][gc,heap        ] GC(2426) PSYoungGen: 480K->0K(686080K)
[3499.068s][info][gc,heap        ] GC(2426) PSOldGen: 227898K->150046K(1398272K)
[3499.068s][info][gc,metaspace   ] GC(2426) Metaspace: 90774K(98736K)->90774K(98736K) NonClass: 79438K(83888K)->79438K(83888K) Class: 11335K(14848K)->11335K(14848K)
[3499.068s][info][gc             ] GC(2426) Pause Full (System.gc()) 223M->146M(2035M) 118.121ms
[3499.068s][info][gc,cpu         ] GC(2426) User=0.12s Sys=0.00s Real=0.12s
[3499.957s][info][gc,start       ] GC(2427) Pause Young (Allocation Failure)
[3499.960s][info][gc,heap        ] GC(2427) PSYoungGen: 673792K->3679K(687104K)
[3499.960s][info][gc,heap        ] GC(2427) PSOldGen: 150046K->150046K(1398272K)
[3499.960s][info][gc,metaspace   ] GC(2427) Metaspace: 90774K(98736K)->90774K(98736K) NonClass: 79438K(83888K)->79438K(83888K) Class: 11335K(14848K)->11335K(14848K)
[3499.960s][info][gc             ] GC(2427) Pause Young (Allocation Failure) 804M->150M(2036M) 2.521ms
[3499.960s][info][gc,cpu         ] GC(2427) User=0.00s Sys=0.00s Real=0.00s
[3502.218s][info][gc,start       ] GC(2428) Pause Young (Allocation Failure)
[3502.221s][info][gc,heap        ] GC(2428) PSYoungGen: 678383K->2852K(686592K)
[3502.221s][info][gc,heap        ] GC(2428) PSOldGen: 150046K->153175K(1398272K)
[3502.221s][info][gc,metaspace   ] GC(2428) Metaspace: 90774K(98736K)->90774K(98736K) NonClass: 79438K(83888K)->79438K(83888K) Class: 11335K(14848K)->11335K(14848K)
[3502.221s][info][gc             ] GC(2428) Pause Young (Allocation Failure) 809M->152M(2036M) 3.186ms
[3502.221s][info][gc,cpu         ] GC(2428) User=0.06s Sys=0.00s Real=0.00s
[3504.359s][info][gc,start       ] GC(2429) Pause Young (Allocation Failure)
[3504.362s][info][gc,heap        ] GC(2429) PSYoungGen: 677668K->2554K(688128K)
[3504.362s][info][gc,heap        ] GC(2429) PSOldGen: 153175K->154883K(1398272K)
[3504.362s][info][gc,metaspace   ] GC(2429) Metaspace: 90774K(98736K)->90774K(98736K) NonClass: 79438K(83888K)->79438K(83888K) Class: 11335K(14848K)->11335K(14848K)
[3504.362s][info][gc             ] GC(2429) Pause Young (Allocation Failure) 811M->153M(2037M) 2.763ms
[3504.362s][info][gc,cpu         ] GC(2429) User=0.08s Sys=0.00s Real=0.00s
[3505.028s][info][gc,start       ] GC(2430) Pause Young (Allocation Failure)
[3505.032s][info][gc,heap        ] GC(2430) PSYoungGen: 677512K->8659K(685568K)
[3505.032s][info][gc,heap        ] GC(2430) PSOldGen: 154883K->160463K(1398272K)
[3505.032s][info][gc,metaspace   ] GC(2430) Metaspace: 90774K(98736K)->90774K(98736K) NonClass: 79438K(83888K)->79438K(83888K) Class: 11335K(14848K)->11335K(14848K)
[3505.032s][info][gc             ] GC(2430) Pause Young (Allocation Failure) 812M->165M(2035M) 3.560ms
[3505.032s][info][gc,cpu         ] GC(2430) User=0.00s Sys=0.00s Real=0.00s
[3506.502s][info][gc,start       ] GC(2431) Pause Young (Allocation Failure)
[3506.505s][info][gc,heap        ] GC(2431) PSYoungGen: 684529K->2750K(687104K)
[3506.505s][info][gc,heap        ] GC(2431) PSOldGen: 160463K->163428K(1398272K)
[3506.505s][info][gc,metaspace   ] GC(2431) Metaspace: 90774K(98736K)->90774K(98736K) NonClass: 79438K(83888K)->79438K(83888K) Class: 11335K(14848K)->11335K(14848K)
[3506.505s][info][gc             ] GC(2431) Pause Young (Allocation Failure) 825M->162M(2036M) 3.121ms
[3506.505s][info][gc,cpu         ] GC(2431) User=0.00s Sys=0.00s Real=0.00s
[3508.631s][info][gc,start       ] GC(2432) Pause Young (Allocation Failure)
[3508.634s][info][gc,heap        ] GC(2432) PSYoungGen: 678078K->4608K(687104K)
[3508.634s][info][gc,heap        ] GC(2432) PSOldGen: 163428K->165036K(1398272K)
[3508.634s][info][gc,metaspace   ] GC(2432) Metaspace: 90774K(98736K)->90774K(98736K) NonClass: 79438K(83888K)->79438K(83888K) Class: 11335K(14848K)->11335K(14848K)
[3508.634s][info][gc             ] GC(2432) Pause Young (Allocation Failure) 821M->165M(2036M) 2.740ms
[3508.634s][info][gc,cpu         ] GC(2432) User=0.00s Sys=0.00s Real=0.00s
[3510.626s][info][gc,start       ] GC(2433) Pause Young (Allocation Failure)
[3510.629s][info][gc,heap        ] GC(2433) PSYoungGen: 679936K->3730K(688640K)
[3510.629s][info][gc,heap        ] GC(2433) PSOldGen: 165036K->166910K(1398272K)
[3510.629s][info][gc,metaspace   ] GC(2433) Metaspace: 90774K(98736K)->90774K(98736K) NonClass: 79438K(83888K)->79438K(83888K) Class: 11335K(14848K)->11335K(14848K)
[3510.629s][info][gc             ] GC(2433) Pause Young (Allocation Failure) 825M->166M(2038M) 2.943ms
[3510.629s][info][gc,cpu         ] GC(2433) User=0.02s Sys=0.00s Real=0.00s
[3511.391s][info][gc,start       ] GC(2434) Pause Young (Allocation Failure)
[3511.394s][info][gc,heap        ] GC(2434) PSYoungGen: 681618K->3326K(688128K)
[3511.394s][info][gc,heap        ] GC(2434) PSOldGen: 166910K->169171K(1398272K)
[3511.394s][info][gc,metaspace   ] GC(2434) Metaspace: 90774K(98736K)->90774K(98736K) NonClass: 79438K(83888K)->79438K(83888K) Class: 11335K(14848K)->11335K(14848K)
[3511.394s][info][gc             ] GC(2434) Pause Young (Allocation Failure) 828M->168M(2037M) 2.826ms
[3511.394s][info][gc,cpu         ] GC(2434) User=0.08s Sys=0.00s Real=0.00s
[3513.565s][info][gc,start       ] GC(2435) Pause Young (GCLocker Initiated GC)
[3513.567s][info][gc,heap        ] GC(2435) PSYoungGen: 681214K->4354K(689152K)
[3513.567s][info][gc,heap        ] GC(2435) PSOldGen: 169173K->172037K(1398272K)
[3513.567s][info][gc,metaspace   ] GC(2435) Metaspace: 90774K(98736K)->90774K(98736K) NonClass: 79438K(83888K)->79438K(83888K) Class: 11335K(14848K)->11335K(14848K)
[3513.567s][info][gc             ] GC(2435) Pause Young (GCLocker Initiated GC) 830M->172M(2038M) 2.853ms
[3513.568s][info][gc,cpu         ] GC(2435) User=0.00s Sys=0.00s Real=0.00s
[3515.732s][info][gc,start       ] GC(2436) Pause Young (GCLocker Initiated GC)
[3515.734s][info][gc,heap        ] GC(2436) PSYoungGen: 683778K->6130K(689152K)
[3515.735s][info][gc,heap        ] GC(2436) PSOldGen: 172125K->173520K(1398272K)
[3515.735s][info][gc,metaspace   ] GC(2436) Metaspace: 90774K(98736K)->90774K(98736K) NonClass: 79438K(83888K)->79438K(83888K) Class: 11335K(14848K)->11335K(14848K)
[3515.735s][info][gc             ] GC(2436) Pause Young (GCLocker Initiated GC) 835M->175M(2038M) 2.873ms
[3515.735s][info][gc,cpu         ] GC(2436) User=0.00s Sys=0.00s Real=0.00s
[3516.725s][info][gc,start       ] GC(2437) Pause Young (Allocation Failure)
[3516.729s][info][gc,heap        ] GC(2437) PSYoungGen: 685554K->3479K(689664K)
[3516.729s][info][gc,heap        ] GC(2437) PSOldGen: 182738K->184792K(1398272K)
[3516.729s][info][gc,metaspace   ] GC(2437) Metaspace: 90774K(98736K)->90774K(98736K) NonClass: 79438K(83888K)->79438K(83888K) Class: 11335K(14848K)->11335K(14848K)
[3516.729s][info][gc             ] GC(2437) Pause Young (Allocation Failure) 847M->183M(2039M) 3.851ms
[3516.729s][info][gc,cpu         ] GC(2437) User=0.00s Sys=0.00s Real=0.00s
[3518.088s][info][gc,start       ] GC(2438) Pause Young (Allocation Failure)
[3518.091s][info][gc,heap        ] GC(2438) PSYoungGen: 683415K->3600K(689152K)
[3518.091s][info][gc,heap        ] GC(2438) PSOldGen: 184792K->187515K(1398272K)
[3518.091s][info][gc,metaspace   ] GC(2438) Metaspace: 90774K(98736K)->90774K(98736K) NonClass: 79438K(83888K)->79438K(83888K) Class: 11335K(14848K)->11335K(14848K)
[3518.091s][info][gc             ] GC(2438) Pause Young (Allocation Failure) 847M->186M(2038M) 3.056ms
[3518.091s][info][gc,cpu         ] GC(2438) User=0.00s Sys=0.00s Real=0.01s
[3520.271s][info][gc,start       ] GC(2439) Pause Young (Allocation Failure)
[3520.273s][info][gc,heap        ] GC(2439) PSYoungGen: 683536K->3062K(690176K)
[3520.273s][info][gc,heap        ] GC(2439) PSOldGen: 187515K->189665K(1398272K)
[3520.273s][info][gc,metaspace   ] GC(2439) Metaspace: 90774K(98736K)->90774K(98736K) NonClass: 79438K(83888K)->79438K(83888K) Class: 11335K(14848K)->11335K(14848K)
[3520.273s][info][gc             ] GC(2439) Pause Young (Allocation Failure) 850M->188M(2039M) 2.799ms
[3520.274s][info][gc,cpu         ] GC(2439) User=0.00s Sys=0.00s Real=0.00s
[3522.247s][info][gc,start       ] GC(2440) Pause Young (Allocation Failure)
[3522.251s][info][gc,heap        ] GC(2440) PSYoungGen: 683950K->3251K(689664K)
[3522.251s][info][gc,heap        ] GC(2440) PSOldGen: 189665K->191458K(1398272K)
[3522.251s][info][gc,metaspace   ] GC(2440) Metaspace: 90774K(98736K)->90774K(98736K) NonClass: 79438K(83888K)->79438K(83888K) Class: 11335K(14848K)->11335K(14848K)
[3522.251s][info][gc             ] GC(2440) Pause Young (Allocation Failure) 853M->190M(2039M) 3.878ms
[3522.251s][info][gc,cpu         ] GC(2440) User=0.00s Sys=0.00s Real=0.00s
[3523.071s][info][gc,start       ] GC(2441) Pause Young (Allocation Failure)
[3523.074s][info][gc,heap        ] GC(2441) PSYoungGen: 684181K->3165K(690688K)
[3523.074s][info][gc,heap        ] GC(2441) PSOldGen: 191458K->193566K(1398272K)
[3523.074s][info][gc,metaspace   ] GC(2441) Metaspace: 90774K(98736K)->90774K(98736K) NonClass: 79438K(83888K)->79438K(83888K) Class: 11335K(14848K)->11335K(14848K)
[3523.074s][info][gc             ] GC(2441) Pause Young (Allocation Failure) 855M->192M(2040M) 2.673ms
[3523.074s][info][gc,cpu         ] GC(2441) User=0.00s Sys=0.00s Real=0.00s
[3525.246s][info][gc,start       ] GC(2442) Pause Young (Allocation Failure)
[3525.249s][info][gc,heap        ] GC(2442) PSYoungGen: 685149K->3477K(690176K)
[3525.249s][info][gc,heap        ] GC(2442) PSOldGen: 193566K->196261K(1398272K)
[3525.249s][info][gc,metaspace   ] GC(2442) Metaspace: 90774K(98736K)->90774K(98736K) NonClass: 79438K(83888K)->79438K(83888K) Class: 11335K(14848K)->11335K(14848K)
[3525.249s][info][gc             ] GC(2442) Pause Young (Allocation Failure) 858M->195M(2039M) 2.901ms
[3525.249s][info][gc,cpu         ] GC(2442) User=0.00s Sys=0.00s Real=0.01s
[3525.937s][info][gc,start       ] GC(2443) Pause Young (Allocation Failure)
[3525.940s][info][gc,heap        ] GC(2443) PSYoungGen: 681596K->4676K(691200K)
[3525.940s][info][gc,heap        ] GC(2443) PSOldGen: 196261K->197737K(1398272K)
[3525.940s][info][gc,metaspace   ] GC(2443) Metaspace: 90774K(98736K)->90774K(98736K) NonClass: 79438K(83888K)->79438K(83888K) Class: 11335K(14848K)->11335K(14848K)
[3525.940s][info][gc             ] GC(2443) Pause Young (Allocation Failure) 857M->197M(2040M) 2.814ms
[3525.940s][info][gc,cpu         ] GC(2443) User=0.09s Sys=0.00s Real=0.00s
[3527.550s][info][gc,start       ] GC(2444) Pause Young (Allocation Failure)
[3527.553s][info][gc,heap        ] GC(2444) PSYoungGen: 688066K->2728K(691200K)
[3527.553s][info][gc,heap        ] GC(2444) PSOldGen: 197737K->200775K(1398272K)
[3527.553s][info][gc,metaspace   ] GC(2444) Metaspace: 90774K(98736K)->90774K(98736K) NonClass: 79438K(83888K)->79438K(83888K) Class: 11335K(14848K)->11335K(14848K)
[3527.553s][info][gc             ] GC(2444) Pause Young (Allocation Failure) 865M->198M(2040M) 2.615ms
[3527.553s][info][gc,cpu         ] GC(2444) User=0.00s Sys=0.00s Real=0.00s
[3529.157s][info][gc,start       ] GC(2445) Pause Young (Allocation Failure)
[3529.160s][info][gc,heap        ] GC(2445) PSYoungGen: 685875K->2786K(691200K)
[3529.160s][info][gc,heap        ] GC(2445) PSOldGen: 200775K->202867K(1398272K)
[3529.160s][info][gc,metaspace   ] GC(2445) Metaspace: 90774K(98736K)->90774K(98736K) NonClass: 79438K(83888K)->79438K(83888K) Class: 11335K(14848K)->11335K(14848K)
[3529.160s][info][gc             ] GC(2445) Pause Young (Allocation Failure) 865M->200M(2040M) 2.643ms
[3529.160s][info][gc,cpu         ] GC(2445) User=0.02s Sys=0.00s Real=0.00s
[3529.852s][info][gc,start       ] GC(2446) Pause Young (Allocation Failure)
[3529.855s][info][gc,heap        ] GC(2446) PSYoungGen: 686306K->3617K(691200K)
[3529.855s][info][gc,heap        ] GC(2446) PSOldGen: 202867K->205029K(1398272K)
[3529.855s][info][gc,metaspace   ] GC(2446) Metaspace: 90774K(98736K)->90774K(98736K) NonClass: 79438K(83888K)->79438K(83888K) Class: 11335K(14848K)->11335K(14848K)
[3529.855s][info][gc             ] GC(2446) Pause Young (Allocation Failure) 868M->203M(2040M) 2.838ms
[3529.855s][info][gc,cpu         ] GC(2446) User=0.00s Sys=0.00s Real=0.00s
[3531.991s][info][gc,start       ] GC(2447) Pause Young (Allocation Failure)
[3531.994s][info][gc,heap        ] GC(2447) PSYoungGen: 687137K->3688K(692224K)
[3531.994s][info][gc,heap        ] GC(2447) PSOldGen: 205029K->208048K(1398272K)
[3531.994s][info][gc,metaspace   ] GC(2447) Metaspace: 90774K(98736K)->90774K(98736K) NonClass: 79438K(83888K)->79438K(83888K) Class: 11335K(14848K)->11335K(14848K)
[3531.994s][info][gc             ] GC(2447) Pause Young (Allocation Failure) 871M->206M(2041M) 2.880ms
[3531.994s][info][gc,cpu         ] GC(2447) User=0.00s Sys=0.00s Real=0.00s
[3532.615s][info][gc,start       ] GC(2448) Pause Young (Allocation Failure)
[3532.617s][info][gc,heap        ] GC(2448) PSYoungGen: 688744K->3781K(691712K)
[3532.617s][info][gc,heap        ] GC(2448) PSOldGen: 208048K->210629K(1398272K)
[3532.617s][info][gc,metaspace   ] GC(2448) Metaspace: 90774K(98736K)->90774K(98736K) NonClass: 79438K(83888K)->79438K(83888K) Class: 11335K(14848K)->11335K(14848K)
[3532.617s][info][gc             ] GC(2448) Pause Young (Allocation Failure) 875M->209M(2041M) 2.704ms
[3532.617s][info][gc,cpu         ] GC(2448) User=0.00s Sys=0.00s Real=0.00s
[3534.698s][info][gc,start       ] GC(2449) Pause Young (Allocation Failure)
[3534.701s][info][gc,heap        ] GC(2449) PSYoungGen: 688837K->3029K(692224K)
[3534.701s][info][gc,heap        ] GC(2449) PSOldGen: 210629K->212635K(1398272K)
[3534.702s][info][gc,metaspace   ] GC(2449) Metaspace: 90774K(98736K)->90774K(98736K) NonClass: 79438K(83888K)->79438K(83888K) Class: 11335K(14848K)->11335K(14848K)
[3534.702s][info][gc             ] GC(2449) Pause Young (Allocation Failure) 878M->210M(2041M) 3.445ms
[3534.702s][info][gc,cpu         ] GC(2449) User=0.00s Sys=0.00s Real=0.00s
[3536.117s][info][gc,start       ] GC(2450) Pause Young (Allocation Failure)
[3536.122s][info][gc,heap        ] GC(2450) PSYoungGen: 688597K->6073K(691712K)
[3536.122s][info][gc,heap        ] GC(2450) PSOldGen: 212635K->214556K(1398272K)
[3536.122s][info][gc,metaspace   ] GC(2450) Metaspace: 90774K(98736K)->90774K(98736K) NonClass: 79438K(83888K)->79438K(83888K) Class: 11335K(14848K)->11335K(14848K)
[3536.122s][info][gc             ] GC(2450) Pause Young (Allocation Failure) 880M->215M(2041M) 4.578ms
[3536.122s][info][gc,cpu         ] GC(2450) User=0.00s Sys=0.00s Real=0.00s
[3536.242s][info][gc,start       ] GC(2451) Pause Young (System.gc())
[3536.245s][info][gc,heap        ] GC(2451) PSYoungGen: 186475K->480K(691712K)
[3536.245s][info][gc,heap        ] GC(2451) PSOldGen: 214556K->216612K(1398272K)
[3536.245s][info][gc,metaspace   ] GC(2451) Metaspace: 90774K(98736K)->90774K(98736K) NonClass: 79438K(83888K)->79438K(83888K) Class: 11335K(14848K)->11335K(14848K)
[3536.245s][info][gc             ] GC(2451) Pause Young (System.gc()) 391M->212M(2041M) 3.071ms
[3536.245s][info][gc,cpu         ] GC(2451) User=0.00s Sys=0.00s Real=0.00s
[3536.245s][info][gc,start       ] GC(2452) Pause Full (System.gc())
[3536.249s][info][gc,phases,start] GC(2452) Phase 1: Mark live objects
[3536.306s][info][gc,phases      ] GC(2452) Phase 1: Mark live objects 57.703ms
[3536.306s][info][gc,phases,start] GC(2452) Phase 2: Compute new object addresses
[3536.321s][info][gc,phases      ] GC(2452) Phase 2: Compute new object addresses 14.462ms
[3536.321s][info][gc,phases,start] GC(2452) Phase 3: Adjust pointers
[3536.360s][info][gc,phases      ] GC(2452) Phase 3: Adjust pointers 39.550ms
[3536.361s][info][gc,phases,start] GC(2452) Phase 4: Move objects
[3536.368s][info][gc,phases      ] GC(2452) Phase 4: Move objects 7.928ms
[3536.371s][info][gc,heap        ] GC(2452) PSYoungGen: 480K->0K(691712K)
[3536.371s][info][gc,heap        ] GC(2452) PSOldGen: 216612K->149916K(1398272K)
[3536.371s][info][gc,metaspace   ] GC(2452) Metaspace: 90774K(98736K)->90774K(98736K) NonClass: 79438K(83888K)->79438K(83888K) Class: 11335K(14848K)->11335K(14848K)
[3536.371s][info][gc             ] GC(2452) Pause Full (System.gc()) 212M->146M(2041M) 126.331ms
[3536.371s][info][gc,cpu         ] GC(2452) User=0.12s Sys=0.00s Real=0.13s
[3537.262s][info][gc,start       ] GC(2453) Pause Young (Allocation Failure)
[3537.264s][info][gc,heap        ] GC(2453) PSYoungGen: 684544K->3660K(691712K)
[3537.264s][info][gc,heap        ] GC(2453) PSOldGen: 149916K->149916K(1398272K)
[3537.264s][info][gc,metaspace   ] GC(2453) Metaspace: 90774K(98736K)->90774K(98736K) NonClass: 79438K(83888K)->79438K(83888K) Class: 11335K(14848K)->11335K(14848K)
[3537.264s][info][gc             ] GC(2453) Pause Young (Allocation Failure) 814M->149M(2041M) 2.341ms
[3537.265s][info][gc,cpu         ] GC(2453) User=0.00s Sys=0.00s Real=0.00s
[3539.679s][info][gc,start       ] GC(2454) Pause Young (Allocation Failure)
[3539.681s][info][gc,heap        ] GC(2454) PSYoungGen: 688204K->2183K(691712K)
[3539.681s][info][gc,heap        ] GC(2454) PSOldGen: 149916K->152521K(1398272K)
[3539.681s][info][gc,metaspace   ] GC(2454) Metaspace: 90774K(98736K)->90774K(98736K) NonClass: 79438K(83888K)->79438K(83888K) Class: 11335K(14848K)->11335K(14848K)
[3539.681s][info][gc             ] GC(2454) Pause Young (Allocation Failure) 818M->151M(2041M) 2.486ms
[3539.681s][info][gc,cpu         ] GC(2454) User=0.00s Sys=0.00s Real=0.00s
[3541.764s][info][gc,start       ] GC(2455) Pause Young (Allocation Failure)
[3541.767s][info][gc,heap        ] GC(2455) PSYoungGen: 686727K->2253K(691712K)
[3541.767s][info][gc,heap        ] GC(2455) PSOldGen: 152521K->154067K(1398272K)
[3541.767s][info][gc,metaspace   ] GC(2455) Metaspace: 90774K(98736K)->90774K(98736K) NonClass: 79438K(83888K)->79438K(83888K) Class: 11335K(14848K)->11335K(14848K)
[3541.767s][info][gc             ] GC(2455) Pause Young (Allocation Failure) 819M->152M(2041M) 2.667ms
[3541.767s][info][gc,cpu         ] GC(2455) User=0.00s Sys=0.00s Real=0.00s
[3542.391s][info][gc,start       ] GC(2456) Pause Young (Allocation Failure)
[3542.395s][info][gc,heap        ] GC(2456) PSYoungGen: 683977K->5253K(691200K)
[3542.395s][info][gc,heap        ] GC(2456) PSOldGen: 154067K->159530K(1398272K)
[3542.395s][info][gc,metaspace   ] GC(2456) Metaspace: 90774K(98736K)->90774K(98736K) NonClass: 79438K(83888K)->79438K(83888K) Class: 11335K(14848K)->11335K(14848K)
[3542.395s][info][gc             ] GC(2456) Pause Young (Allocation Failure) 818M->160M(2040M) 3.596ms
[3542.395s][info][gc,cpu         ] GC(2456) User=0.06s Sys=0.00s Real=0.00s
[3544.062s][info][gc,start       ] GC(2457) Pause Young (Allocation Failure)
[3544.065s][info][gc,heap        ] GC(2457) PSYoungGen: 689226K->3195K(691712K)
[3544.065s][info][gc,heap        ] GC(2457) PSOldGen: 159530K->162237K(1398272K)
[3544.065s][info][gc,metaspace   ] GC(2457) Metaspace: 90774K(98736K)->90774K(98736K) NonClass: 79438K(83888K)->79438K(83888K) Class: 11335K(14848K)->11335K(14848K)
[3544.065s][info][gc             ] GC(2457) Pause Young (Allocation Failure) 828M->161M(2041M) 3.571ms
[3544.065s][info][gc,cpu         ] GC(2457) User=0.02s Sys=0.03s Real=0.00s
[3546.411s][info][gc,start       ] GC(2458) Pause Young (Allocation Failure)
[3546.416s][info][gc,heap        ] GC(2458) PSYoungGen: 687575K->2998K(692224K)
[3546.416s][info][gc,heap        ] GC(2458) PSOldGen: 162237K->163944K(1398272K)
[3546.416s][info][gc,metaspace   ] GC(2458) Metaspace: 90774K(98736K)->90774K(98736K) NonClass: 79438K(83888K)->79438K(83888K) Class: 11335K(14848K)->11335K(14848K)
[3546.416s][info][gc             ] GC(2458) Pause Young (Allocation Failure) 829M->163M(2041M) 5.764ms
[3546.416s][info][gc,cpu         ] GC(2458) User=0.00s Sys=0.00s Real=0.00s
[3548.049s][info][gc,start       ] GC(2459) Pause Young (Allocation Failure)
[3548.051s][info][gc,heap        ] GC(2459) PSYoungGen: 688054K->3156K(691712K)
[3548.051s][info][gc,heap        ] GC(2459) PSOldGen: 163944K->165810K(1398272K)
[3548.051s][info][gc,metaspace   ] GC(2459) Metaspace: 90774K(98736K)->90774K(98736K) NonClass: 79438K(83888K)->79438K(83888K) Class: 11335K(14848K)->11335K(14848K)
[3548.051s][info][gc             ] GC(2459) Pause Young (Allocation Failure) 832M->165M(2041M) 2.676ms
[3548.051s][info][gc,cpu         ] GC(2459) User=0.00s Sys=0.00s Real=0.00s
[3548.806s][info][gc,start       ] GC(2460) Pause Young (Allocation Failure)
[3548.808s][info][gc,heap        ] GC(2460) PSYoungGen: 688212K->3464K(692736K)
[3548.809s][info][gc,heap        ] GC(2460) PSOldGen: 165810K->168068K(1398272K)
[3548.809s][info][gc,metaspace   ] GC(2460) Metaspace: 90774K(98736K)->90774K(98736K) NonClass: 79438K(83888K)->79438K(83888K) Class: 11335K(14848K)->11335K(14848K)
[3548.809s][info][gc             ] GC(2460) Pause Young (Allocation Failure) 834M->167M(2042M) 2.758ms
[3548.809s][info][gc,cpu         ] GC(2460) User=0.00s Sys=0.00s Real=0.01s
[3551.278s][info][gc,start       ] GC(2461) Pause Young (Allocation Failure)
[3551.280s][info][gc,heap        ] GC(2461) PSYoungGen: 689544K->2326K(692224K)
[3551.280s][info][gc,heap        ] GC(2461) PSOldGen: 168068K->170309K(1398272K)
[3551.280s][info][gc,metaspace   ] GC(2461) Metaspace: 90774K(98736K)->90774K(98736K) NonClass: 79438K(83888K)->79438K(83888K) Class: 11335K(14848K)->11335K(14848K)
[3551.280s][info][gc             ] GC(2461) Pause Young (Allocation Failure) 837M->168M(2041M) 2.614ms
[3551.280s][info][gc,cpu         ] GC(2461) User=0.00s Sys=0.00s Real=0.00s
[3553.493s][info][gc,start       ] GC(2462) Pause Young (Allocation Failure)
[3553.495s][info][gc,heap        ] GC(2462) PSYoungGen: 687765K->2630K(692736K)
[3553.495s][info][gc,heap        ] GC(2462) PSOldGen: 170309K->171966K(1398272K)
[3553.495s][info][gc,metaspace   ] GC(2462) Metaspace: 90774K(98736K)->90774K(98736K) NonClass: 79438K(83888K)->79438K(83888K) Class: 11335K(14848K)->11335K(14848K)
[3553.495s][info][gc             ] GC(2462) Pause Young (Allocation Failure) 837M->170M(2042M) 2.415ms
[3553.495s][info][gc,cpu         ] GC(2462) User=0.00s Sys=0.00s Real=0.00s
[3554.118s][info][gc,start       ] GC(2463) Pause Young (Allocation Failure)
[3554.122s][info][gc,heap        ] GC(2463) PSYoungGen: 686778K->4996K(692736K)
[3554.122s][info][gc,heap        ] GC(2463) PSOldGen: 171966K->185762K(1398272K)
[3554.122s][info][gc,metaspace   ] GC(2463) Metaspace: 90774K(98736K)->90774K(98736K) NonClass: 79438K(83888K)->79438K(83888K) Class: 11335K(14848K)->11335K(14848K)
[3554.122s][info][gc             ] GC(2463) Pause Young (Allocation Failure) 838M->186M(2042M) 3.822ms
[3554.122s][info][gc,cpu         ] GC(2463) User=0.00s Sys=0.00s Real=0.00s
[3555.738s][info][gc,start       ] GC(2464) Pause Young (Allocation Failure)
[3555.741s][info][gc,heap        ] GC(2464) PSYoungGen: 691588K->3296K(692736K)
[3555.741s][info][gc,heap        ] GC(2464) PSOldGen: 185762K->188882K(1398272K)
[3555.741s][info][gc,metaspace   ] GC(2464) Metaspace: 90774K(98736K)->90774K(98736K) NonClass: 79439K(83888K)->79439K(83888K) Class: 11335K(14848K)->11335K(14848K)
[3555.741s][info][gc             ] GC(2464) Pause Young (Allocation Failure) 856M->187M(2042M) 2.832ms
[3555.741s][info][gc,cpu         ] GC(2464) User=0.00s Sys=0.00s Real=0.01s
[3558.038s][info][gc,start       ] GC(2465) Pause Young (Allocation Failure)
[3558.041s][info][gc,heap        ] GC(2465) PSYoungGen: 689524K->2859K(692736K)
[3558.041s][info][gc,heap        ] GC(2465) PSOldGen: 188882K->190592K(1398272K)
[3558.041s][info][gc,metaspace   ] GC(2465) Metaspace: 90774K(98736K)->90774K(98736K) NonClass: 79439K(83888K)->79439K(83888K) Class: 11335K(14848K)->11335K(14848K)
[3558.041s][info][gc             ] GC(2465) Pause Young (Allocation Failure) 857M->188M(2042M) 2.893ms
[3558.041s][info][gc,cpu         ] GC(2465) User=0.00s Sys=0.00s Real=0.00s
[3559.714s][info][gc,start       ] GC(2466) Pause Young (Allocation Failure)
[3559.717s][info][gc,heap        ] GC(2466) PSYoungGen: 688993K->2721K(693248K)
[3559.717s][info][gc,heap        ] GC(2466) PSOldGen: 190592K->192388K(1398272K)
[3559.717s][info][gc,metaspace   ] GC(2466) Metaspace: 90774K(98736K)->90774K(98736K) NonClass: 79439K(83888K)->79439K(83888K) Class: 11335K(14848K)->11335K(14848K)
[3559.717s][info][gc             ] GC(2466) Pause Young (Allocation Failure) 858M->190M(2042M) 2.853ms
[3559.717s][info][gc,cpu         ] GC(2466) User=0.00s Sys=0.00s Real=0.00s
[3560.473s][info][gc,start       ] GC(2467) Pause Young (Allocation Failure)
[3560.476s][info][gc,heap        ] GC(2467) PSYoungGen: 689825K->3396K(692736K)
[3560.476s][info][gc,heap        ] GC(2467) PSOldGen: 192388K->194511K(1398272K)
[3560.476s][info][gc,metaspace   ] GC(2467) Metaspace: 90774K(98736K)->90774K(98736K) NonClass: 79439K(83888K)->79439K(83888K) Class: 11335K(14848K)->11335K(14848K)
[3560.476s][info][gc             ] GC(2467) Pause Young (Allocation Failure) 861M->193M(2042M) 2.974ms
[3560.476s][info][gc,cpu         ] GC(2467) User=0.00s Sys=0.00s Real=0.02s
[3562.621s][info][gc,start       ] GC(2468) Pause Young (Allocation Failure)
[3562.624s][info][gc,heap        ] GC(2468) PSYoungGen: 690500K->3187K(693248K)
[3562.624s][info][gc,heap        ] GC(2468) PSOldGen: 194511K->197401K(1398272K)
[3562.624s][info][gc,metaspace   ] GC(2468) Metaspace: 90774K(98736K)->90774K(98736K) NonClass: 79439K(83888K)->79439K(83888K) Class: 11335K(14848K)->11335K(14848K)
[3562.624s][info][gc             ] GC(2468) Pause Young (Allocation Failure) 864M->195M(2042M) 2.799ms
[3562.624s][info][gc,cpu         ] GC(2468) User=0.00s Sys=0.00s Real=0.00s
[3563.276s][info][gc,start       ] GC(2469) Pause Young (Allocation Failure)
[3563.279s][info][gc,heap        ] GC(2469) PSYoungGen: 688602K->2646K(693248K)
[3563.279s][info][gc,heap        ] GC(2469) PSOldGen: 197401K->199892K(1398272K)
[3563.279s][info][gc,metaspace   ] GC(2469) Metaspace: 90774K(98736K)->90774K(98736K) NonClass: 79439K(83888K)->79439K(83888K) Class: 11335K(14848K)->11335K(14848K)
[3563.279s][info][gc             ] GC(2469) Pause Young (Allocation Failure) 865M->197M(2042M) 3.168ms
[3563.279s][info][gc,cpu         ] GC(2469) User=0.00s Sys=0.00s Real=0.00s
[3565.365s][info][gc,start       ] GC(2470) Pause Young (Allocation Failure)
[3565.368s][info][gc,heap        ] GC(2470) PSYoungGen: 690262K->3193K(693760K)
[3565.368s][info][gc,heap        ] GC(2470) PSOldGen: 199892K->201471K(1398272K)
[3565.368s][info][gc,metaspace   ] GC(2470) Metaspace: 90774K(98736K)->90774K(98736K) NonClass: 79439K(83888K)->79439K(83888K) Class: 11335K(14848K)->11335K(14848K)
[3565.368s][info][gc             ] GC(2470) Pause Young (Allocation Failure) 869M->199M(2043M) 2.759ms
[3565.368s][info][gc,cpu         ] GC(2470) User=0.00s Sys=0.00s Real=0.00s
[3566.469s][info][gc,start       ] GC(2471) Pause Young (Allocation Failure)
[3566.472s][info][gc,heap        ] GC(2471) PSYoungGen: 689416K->4814K(693760K)
[3566.472s][info][gc,heap        ] GC(2471) PSOldGen: 201471K->207924K(1398272K)
[3566.472s][info][gc,metaspace   ] GC(2471) Metaspace: 90774K(98736K)->90774K(98736K) NonClass: 79439K(83888K)->79439K(83888K) Class: 11335K(14848K)->11335K(14848K)
[3566.472s][info][gc             ] GC(2471) Pause Young (Allocation Failure) 870M->207M(2043M) 3.386ms
[3566.472s][info][gc,cpu         ] GC(2471) User=0.09s Sys=0.00s Real=0.00s
[3567.626s][info][gc,start       ] GC(2472) Pause Young (Allocation Failure)
[3567.628s][info][gc,heap        ] GC(2472) PSYoungGen: 693232K->3299K(692736K)
[3567.628s][info][gc,heap        ] GC(2472) PSOldGen: 207924K->210369K(1398272K)
[3567.628s][info][gc,metaspace   ] GC(2472) Metaspace: 90774K(98736K)->90774K(98736K) NonClass: 79439K(83888K)->79439K(83888K) Class: 11335K(14848K)->11335K(14848K)
[3567.628s][info][gc             ] GC(2472) Pause Young (Allocation Failure) 880M->208M(2042M) 2.603ms
[3567.628s][info][gc,cpu         ] GC(2472) User=0.03s Sys=0.00s Real=0.00s
[3569.472s][info][gc,start       ] GC(2473) Pause Young (Allocation Failure)
[3569.474s][info][gc,heap        ] GC(2473) PSYoungGen: 690915K->3635K(693248K)
[3569.474s][info][gc,heap        ] GC(2473) PSOldGen: 210369K->213041K(1398272K)
[3569.474s][info][gc,metaspace   ] GC(2473) Metaspace: 90774K(98736K)->90774K(98736K) NonClass: 79439K(83888K)->79439K(83888K) Class: 11335K(14848K)->11335K(14848K)
[3569.474s][info][gc             ] GC(2473) Pause Young (Allocation Failure) 880M->211M(2042M) 2.840ms
[3569.475s][info][gc,cpu         ] GC(2473) User=0.00s Sys=0.00s Real=0.01s
[3570.218s][info][gc,start       ] GC(2474) Pause Young (Allocation Failure)
[3570.221s][info][gc,heap        ] GC(2474) PSYoungGen: 691251K->3272K(693760K)
[3570.221s][info][gc,heap        ] GC(2474) PSOldGen: 213041K->215548K(1398272K)
[3570.221s][info][gc,metaspace   ] GC(2474) Metaspace: 90774K(98736K)->90774K(98736K) NonClass: 79439K(83888K)->79439K(83888K) Class: 11335K(14848K)->11335K(14848K)
[3570.221s][info][gc             ] GC(2474) Pause Young (Allocation Failure) 883M->213M(2043M) 3.152ms
[3570.221s][info][gc,cpu         ] GC(2474) User=0.03s Sys=0.00s Real=0.00s
[3572.566s][info][gc,start       ] GC(2475) Pause Young (Allocation Failure)
[3572.568s][info][gc,heap        ] GC(2475) PSYoungGen: 691912K->2621K(693760K)
[3572.568s][info][gc,heap        ] GC(2475) PSOldGen: 215548K->218199K(1398272K)
[3572.568s][info][gc,metaspace   ] GC(2475) Metaspace: 90774K(98736K)->90774K(98736K) NonClass: 79439K(83888K)->79439K(83888K) Class: 11335K(14848K)->11335K(14848K)
[3572.568s][info][gc             ] GC(2475) Pause Young (Allocation Failure) 886M->215M(2043M) 2.554ms
[3572.568s][info][gc,cpu         ] GC(2475) User=0.00s Sys=0.00s Real=0.00s
[3573.404s][info][gc,start       ] GC(2476) Pause Young (Allocation Failure)
[3573.407s][info][gc,heap        ] GC(2476) PSYoungGen: 691002K->2656K(693760K)
[3573.407s][info][gc,heap        ] GC(2476) PSOldGen: 218199K->219601K(1398272K)
[3573.407s][info][gc,metaspace   ] GC(2476) Metaspace: 90774K(98736K)->90774K(98736K) NonClass: 79439K(83888K)->79439K(83888K) Class: 11335K(14848K)->11335K(14848K)
[3573.407s][info][gc             ] GC(2476) Pause Young (Allocation Failure) 887M->217M(2043M) 2.613ms
[3573.407s][info][gc,cpu         ] GC(2476) User=0.00s Sys=0.00s Real=0.00s
[3573.424s][info][gc,start       ] GC(2477) Pause Young (System.gc())
[3573.426s][info][gc,heap        ] GC(2477) PSYoungGen: 54343K->192K(689152K)
[3573.426s][info][gc,heap        ] GC(2477) PSOldGen: 219601K->221655K(1398272K)
[3573.426s][info][gc,metaspace   ] GC(2477) Metaspace: 90774K(98736K)->90774K(98736K) NonClass: 79439K(83888K)->79439K(83888K) Class: 11335K(14848K)->11335K(14848K)
[3573.426s][info][gc             ] GC(2477) Pause Young (System.gc()) 267M->216M(2038M) 2.109ms
[3573.426s][info][gc,cpu         ] GC(2477) User=0.00s Sys=0.00s Real=0.00s
[3573.426s][info][gc,start       ] GC(2478) Pause Full (System.gc())
[3573.428s][info][gc,phases,start] GC(2478) Phase 1: Mark live objects
[3573.482s][info][gc,phases      ] GC(2478) Phase 1: Mark live objects 53.573ms
[3573.482s][info][gc,phases,start] GC(2478) Phase 2: Compute new object addresses
[3573.495s][info][gc,phases      ] GC(2478) Phase 2: Compute new object addresses 13.573ms
[3573.495s][info][gc,phases,start] GC(2478) Phase 3: Adjust pointers
[3573.531s][info][gc,phases      ] GC(2478) Phase 3: Adjust pointers 35.544ms
[3573.531s][info][gc,phases,start] GC(2478) Phase 4: Move objects
[3573.541s][info][gc,phases      ] GC(2478) Phase 4: Move objects 9.874ms
[3573.543s][info][gc,heap        ] GC(2478) PSYoungGen: 192K->0K(689152K)
[3573.543s][info][gc,heap        ] GC(2478) PSOldGen: 221655K->79403K(1398272K)
[3573.543s][info][gc,metaspace   ] GC(2478) Metaspace: 90774K(98736K)->90774K(98736K) NonClass: 79439K(83888K)->79439K(83888K) Class: 11335K(14848K)->11335K(14848K)
[3573.543s][info][gc             ] GC(2478) Pause Full (System.gc()) 216M->77M(2038M) 117.176ms
[3573.543s][info][gc,cpu         ] GC(2478) User=0.11s Sys=0.00s Real=0.11s
[3574.429s][info][gc,start       ] GC(2479) Pause Young (Allocation Failure)
[3574.432s][info][gc,heap        ] GC(2479) PSYoungGen: 688640K->3533K(693248K)
[3574.432s][info][gc,heap        ] GC(2479) PSOldGen: 79403K->79403K(1398272K)
[3574.432s][info][gc,metaspace   ] GC(2479) Metaspace: 90774K(98736K)->90774K(98736K) NonClass: 79439K(83888K)->79439K(83888K) Class: 11335K(14848K)->11335K(14848K)
[3574.432s][info][gc             ] GC(2479) Pause Young (Allocation Failure) 750M->80M(2042M) 2.357ms
[3574.432s][info][gc,cpu         ] GC(2479) User=0.00s Sys=0.00s Real=0.00s
[3576.812s][info][gc,start       ] GC(2480) Pause Young (Allocation Failure)
[3576.815s][info][gc,heap        ] GC(2480) PSYoungGen: 691149K->2251K(693248K)
[3576.815s][info][gc,heap        ] GC(2480) PSOldGen: 79403K->82005K(1398272K)
[3576.815s][info][gc,metaspace   ] GC(2480) Metaspace: 90774K(98736K)->90774K(98736K) NonClass: 79439K(83888K)->79439K(83888K) Class: 11335K(14848K)->11335K(14848K)
[3576.815s][info][gc             ] GC(2480) Pause Young (Allocation Failure) 752M->82M(2042M) 2.628ms
[3576.815s][info][gc,cpu         ] GC(2480) User=0.08s Sys=0.00s Real=0.00s
[3578.920s][info][gc,start       ] GC(2481) Pause Young (Allocation Failure)
[3578.923s][info][gc,heap        ] GC(2481) PSYoungGen: 689867K->2970K(693760K)
[3578.923s][info][gc,heap        ] GC(2481) PSOldGen: 82005K->83470K(1398272K)
[3578.923s][info][gc,metaspace   ] GC(2481) Metaspace: 90774K(98736K)->90774K(98736K) NonClass: 79439K(83888K)->79439K(83888K) Class: 11335K(14848K)->11335K(14848K)
[3578.923s][info][gc             ] GC(2481) Pause Young (Allocation Failure) 753M->84M(2043M) 2.613ms
[3578.923s][info][gc,cpu         ] GC(2481) User=0.00s Sys=0.00s Real=0.00s
[3579.561s][info][gc,start       ] GC(2482) Pause Young (Allocation Failure)
[3579.564s][info][gc,heap        ] GC(2482) PSYoungGen: 691196K->5111K(693760K)
[3579.564s][info][gc,heap        ] GC(2482) PSOldGen: 83470K->93088K(1398272K)
[3579.564s][info][gc,metaspace   ] GC(2482) Metaspace: 90774K(98736K)->90774K(98736K) NonClass: 79439K(83888K)->79439K(83888K) Class: 11335K(14848K)->11335K(14848K)
[3579.564s][info][gc             ] GC(2482) Pause Young (Allocation Failure) 756M->95M(2043M) 3.517ms
[3579.564s][info][gc,cpu         ] GC(2482) User=0.08s Sys=0.00s Real=0.00s
[3581.257s][info][gc,start       ] GC(2483) Pause Young (Allocation Failure)
[3581.260s][info][gc,heap        ] GC(2483) PSYoungGen: 693751K->4902K(685568K)
[3581.260s][info][gc,heap        ] GC(2483) PSOldGen: 93088K->95801K(1398272K)
[3581.260s][info][gc,metaspace   ] GC(2483) Metaspace: 90774K(98736K)->90774K(98736K) NonClass: 79439K(83888K)->79439K(83888K) Class: 11335K(14848K)->11335K(14848K)
[3581.260s][info][gc             ] GC(2483) Pause Young (Allocation Failure) 768M->98M(2035M) 2.762ms
[3581.260s][info][gc,cpu         ] GC(2483) User=0.00s Sys=0.00s Real=0.00s
[3583.646s][info][gc,start       ] GC(2484) Pause Young (Allocation Failure)
[3583.649s][info][gc,heap        ] GC(2484) PSYoungGen: 685350K->6012K(689664K)
[3583.649s][info][gc,heap        ] GC(2484) PSOldGen: 95801K->97573K(1398272K)
[3583.649s][info][gc,metaspace   ] GC(2484) Metaspace: 90774K(98736K)->90774K(98736K) NonClass: 79439K(83888K)->79439K(83888K) Class: 11335K(14848K)->11335K(14848K)
[3583.649s][info][gc             ] GC(2484) Pause Young (Allocation Failure) 762M->101M(2039M) 2.763ms
[3583.649s][info][gc,cpu         ] GC(2484) User=0.00s Sys=0.00s Real=0.00s
[3585.208s][info][gc,start       ] GC(2485) Pause Young (Allocation Failure)
[3585.210s][info][gc,heap        ] GC(2485) PSYoungGen: 686456K->2626K(689664K)
[3585.210s][info][gc,heap        ] GC(2485) PSOldGen: 97573K->99435K(1398272K)
[3585.210s][info][gc,metaspace   ] GC(2485) Metaspace: 90774K(98736K)->90774K(98736K) NonClass: 79439K(83888K)->79439K(83888K) Class: 11335K(14848K)->11335K(14848K)
[3585.210s][info][gc             ] GC(2485) Pause Young (Allocation Failure) 765M->99M(2039M) 2.438ms
[3585.210s][info][gc,cpu         ] GC(2485) User=0.00s Sys=0.00s Real=0.00s
[3585.952s][info][gc,start       ] GC(2486) Pause Young (Allocation Failure)
[3585.955s][info][gc,heap        ] GC(2486) PSYoungGen: 683074K->3344K(689664K)
[3585.955s][info][gc,heap        ] GC(2486) PSOldGen: 99435K->101510K(1398272K)
[3585.955s][info][gc,metaspace   ] GC(2486) Metaspace: 90774K(98736K)->90774K(98736K) NonClass: 79439K(83888K)->79439K(83888K) Class: 11335K(14848K)->11335K(14848K)
[3585.955s][info][gc             ] GC(2486) Pause Young (Allocation Failure) 764M->102M(2039M) 2.578ms
[3585.955s][info][gc,cpu         ] GC(2486) User=0.00s Sys=0.00s Real=0.00s
[3588.435s][info][gc,start       ] GC(2487) Pause Young (Allocation Failure)
[3588.437s][info][gc,heap        ] GC(2487) PSYoungGen: 683792K->2294K(690176K)
[3588.437s][info][gc,heap        ] GC(2487) PSOldGen: 101510K->103710K(1398272K)
[3588.437s][info][gc,metaspace   ] GC(2487) Metaspace: 90774K(98736K)->90774K(98736K) NonClass: 79439K(83888K)->79439K(83888K) Class: 11335K(14848K)->11335K(14848K)
[3588.437s][info][gc             ] GC(2487) Pause Young (Allocation Failure) 766M->103M(2039M) 2.190ms
[3588.437s][info][gc,cpu         ] GC(2487) User=0.00s Sys=0.00s Real=0.00s
[3590.642s][info][gc,start       ] GC(2488) Pause Young (Allocation Failure)
[3590.645s][info][gc,heap        ] GC(2488) PSYoungGen: 683766K->2024K(690176K)
[3590.645s][info][gc,heap        ] GC(2488) PSOldGen: 103710K->105399K(1398272K)
[3590.645s][info][gc,metaspace   ] GC(2488) Metaspace: 90774K(98736K)->90774K(98736K) NonClass: 79439K(83888K)->79439K(83888K) Class: 11335K(14848K)->11335K(14848K)
[3590.645s][info][gc             ] GC(2488) Pause Young (Allocation Failure) 769M->104M(2039M) 2.371ms
[3590.645s][info][gc,cpu         ] GC(2488) User=0.00s Sys=0.00s Real=0.00s
[3591.264s][info][gc,start       ] GC(2489) Pause Young (Allocation Failure)
[3591.268s][info][gc,heap        ] GC(2489) PSYoungGen: 682960K->8676K(683008K)
[3591.268s][info][gc,heap        ] GC(2489) PSOldGen: 105399K->111802K(1398272K)
[3591.268s][info][gc,metaspace   ] GC(2489) Metaspace: 90774K(98736K)->90774K(98736K) NonClass: 79439K(83888K)->79439K(83888K) Class: 11335K(14848K)->11335K(14848K)
[3591.268s][info][gc             ] GC(2489) Pause Young (Allocation Failure) 769M->117M(2032M) 3.798ms
[3591.268s][info][gc,cpu         ] GC(2489) User=0.06s Sys=0.00s Real=0.00s
[3592.943s][info][gc,start       ] GC(2490) Pause Young (GCLocker Initiated GC)
[3592.946s][info][gc,heap        ] GC(2490) PSYoungGen: 682980K->5761K(686592K)
[3592.946s][info][gc,heap        ] GC(2490) PSOldGen: 111834K->114574K(1398272K)
[3592.946s][info][gc,metaspace   ] GC(2490) Metaspace: 90774K(98736K)->90774K(98736K) NonClass: 79439K(83888K)->79439K(83888K) Class: 11335K(14848K)->11335K(14848K)
[3592.946s][info][gc             ] GC(2490) Pause Young (GCLocker Initiated GC) 776M->117M(2036M) 3.028ms
[3592.946s][info][gc,cpu         ] GC(2490) User=0.00s Sys=0.00s Real=0.00s
[3595.178s][info][gc,start       ] GC(2491) Pause Young (Allocation Failure)
[3595.181s][info][gc,heap        ] GC(2491) PSYoungGen: 680065K->4435K(687616K)
[3595.181s][info][gc,heap        ] GC(2491) PSOldGen: 114708K->116434K(1398272K)
[3595.181s][info][gc,metaspace   ] GC(2491) Metaspace: 90774K(98736K)->90774K(98736K) NonClass: 79439K(83888K)->79439K(83888K) Class: 11335K(14848K)->11335K(14848K)
[3595.181s][info][gc             ] GC(2491) Pause Young (Allocation Failure) 776M->118M(2037M) 2.605ms
[3595.181s][info][gc,cpu         ] GC(2491) User=0.00s Sys=0.00s Real=0.00s
[3596.901s][info][gc,start       ] GC(2492) Pause Young (Allocation Failure)
[3596.905s][info][gc,heap        ] GC(2492) PSYoungGen: 680260K->6241K(687104K)
[3596.905s][info][gc,heap        ] GC(2492) PSOldGen: 116434K->118243K(1398272K)
[3596.905s][info][gc,metaspace   ] GC(2492) Metaspace: 90774K(98736K)->90774K(98736K) NonClass: 79439K(83888K)->79439K(83888K) Class: 11335K(14848K)->11335K(14848K)
[3596.905s][info][gc             ] GC(2492) Pause Young (Allocation Failure) 778M->121M(2036M) 4.089ms
[3596.905s][info][gc,cpu         ] GC(2492) User=0.00s Sys=0.00s Real=0.00s
[3597.654s][info][gc,start       ] GC(2493) Pause Young (Allocation Failure)
[3597.657s][info][gc,heap        ] GC(2493) PSYoungGen: 682081K->3312K(688128K)
[3597.657s][info][gc,heap        ] GC(2493) PSOldGen: 118243K->120424K(1398272K)
[3597.657s][info][gc,metaspace   ] GC(2493) Metaspace: 90774K(98736K)->90774K(98736K) NonClass: 79439K(83888K)->79439K(83888K) Class: 11335K(14848K)->11335K(14848K)
[3597.657s][info][gc             ] GC(2493) Pause Young (Allocation Failure) 781M->120M(2037M) 2.676ms
[3597.657s][info][gc,cpu         ] GC(2493) User=0.00s Sys=0.00s Real=0.00s
[3599.807s][info][gc,start       ] GC(2494) Pause Young (Allocation Failure)
[3599.810s][info][gc,heap        ] GC(2494) PSYoungGen: 679731K->3171K(687616K)
[3599.810s][info][gc,heap        ] GC(2494) PSOldGen: 120424K->123284K(1398272K)
[3599.810s][info][gc,metaspace   ] GC(2494) Metaspace: 90774K(98736K)->90774K(98736K) NonClass: 79439K(83888K)->79439K(83888K) Class: 11335K(14848K)->11335K(14848K)
[3599.810s][info][gc             ] GC(2494) Pause Young (Allocation Failure) 781M->123M(2037M) 2.866ms
[3599.810s][info][gc,cpu         ] GC(2494) User=0.00s Sys=0.00s Real=0.00s
[3600.467s][info][gc,start       ] GC(2495) Pause Young (Allocation Failure)
[3600.471s][info][gc,heap        ] GC(2495) PSYoungGen: 678318K->8247K(687104K)
[3600.471s][info][gc,heap        ] GC(2495) PSOldGen: 123284K->125610K(1398272K)
[3600.471s][info][gc,metaspace   ] GC(2495) Metaspace: 90774K(98736K)->90774K(98736K) NonClass: 79439K(83888K)->79439K(83888K) Class: 11335K(14848K)->11335K(14848K)
[3600.471s][info][gc             ] GC(2495) Pause Young (Allocation Failure) 782M->130M(2036M) 4.157ms
[3600.471s][info][gc,cpu         ] GC(2495) User=0.06s Sys=0.00s Real=0.00s
[3602.270s][info][gc,start       ] GC(2496) Pause Young (Allocation Failure)
[3602.272s][info][gc,heap        ] GC(2496) PSYoungGen: 684599K->3309K(687616K)
[3602.272s][info][gc,heap        ] GC(2496) PSOldGen: 125610K->127399K(1398272K)
[3602.272s][info][gc,metaspace   ] GC(2496) Metaspace: 90774K(98736K)->90774K(98736K) NonClass: 79439K(83888K)->79439K(83888K) Class: 11335K(14848K)->11335K(14848K)
[3602.272s][info][gc             ] GC(2496) Pause Young (Allocation Failure) 791M->127M(2037M) 2.670ms
[3602.272s][info][gc,cpu         ] GC(2496) User=0.00s Sys=0.00s Real=0.01s
[3603.670s][info][gc,start       ] GC(2497) Pause Young (Allocation Failure)
[3603.673s][info][gc,heap        ] GC(2497) PSYoungGen: 677844K->3962K(688128K)
[3603.673s][info][gc,heap        ] GC(2497) PSOldGen: 127399K->129661K(1398272K)
[3603.673s][info][gc,metaspace   ] GC(2497) Metaspace: 90774K(98736K)->90774K(98736K) NonClass: 79439K(83888K)->79439K(83888K) Class: 11335K(14848K)->11335K(14848K)
[3603.673s][info][gc             ] GC(2497) Pause Young (Allocation Failure) 786M->130M(2037M) 2.934ms
[3603.673s][info][gc,cpu         ] GC(2497) User=0.00s Sys=0.00s Real=0.00s
[3604.466s][info][gc,start       ] GC(2498) Pause Young (Allocation Failure)
[3604.469s][info][gc,heap        ] GC(2498) PSYoungGen: 680826K->6469K(687616K)
[3604.469s][info][gc,heap        ] GC(2498) PSOldGen: 129661K->131855K(1398272K)
[3604.469s][info][gc,metaspace   ] GC(2498) Metaspace: 90774K(98736K)->90774K(98736K) NonClass: 79439K(83888K)->79439K(83888K) Class: 11335K(14848K)->11335K(14848K)
[3604.469s][info][gc             ] GC(2498) Pause Young (Allocation Failure) 791M->135M(2037M) 2.901ms
[3604.469s][info][gc,cpu         ] GC(2498) User=0.00s Sys=0.00s Real=0.00s
[3606.527s][info][gc,start       ] GC(2499) Pause Young (Allocation Failure)
[3606.531s][info][gc,heap        ] GC(2499) PSYoungGen: 683333K->7173K(688128K)
[3606.531s][info][gc,heap        ] GC(2499) PSOldGen: 131855K->134817K(1398272K)
[3606.531s][info][gc,metaspace   ] GC(2499) Metaspace: 90774K(98736K)->90774K(98736K) NonClass: 79439K(83888K)->79439K(83888K) Class: 11335K(14848K)->11335K(14848K)
[3606.531s][info][gc             ] GC(2499) Pause Young (Allocation Failure) 796M->138M(2037M) 4.178ms
[3606.531s][info][gc,cpu         ] GC(2499) User=0.00s Sys=0.00s Real=0.00s
[3607.117s][info][gc,start       ] GC(2500) Pause Young (Allocation Failure)
[3607.120s][info][gc,heap        ] GC(2500) PSYoungGen: 684549K->3239K(688128K)
[3607.120s][info][gc,heap        ] GC(2500) PSOldGen: 134817K->137445K(1398272K)
[3607.120s][info][gc,metaspace   ] GC(2500) Metaspace: 90774K(98736K)->90774K(98736K) NonClass: 79439K(83888K)->79439K(83888K) Class: 11335K(14848K)->11335K(14848K)
[3607.120s][info][gc             ] GC(2500) Pause Young (Allocation Failure) 800M->137M(2037M) 2.647ms
[3607.120s][info][gc,cpu         ] GC(2500) User=0.00s Sys=0.00s Real=0.00s
[3609.392s][info][gc,start       ] GC(2501) Pause Young (Allocation Failure)
[3609.395s][info][gc,heap        ] GC(2501) PSYoungGen: 680615K->3017K(688128K)
[3609.395s][info][gc,heap        ] GC(2501) PSOldGen: 137445K->139509K(1398272K)
[3609.395s][info][gc,metaspace   ] GC(2501) Metaspace: 90774K(98736K)->90774K(98736K) NonClass: 79439K(83888K)->79439K(83888K) Class: 11335K(14848K)->11335K(14848K)
[3609.395s][info][gc             ] GC(2501) Pause Young (Allocation Failure) 798M->139M(2037M) 2.429ms
[3609.395s][info][gc,cpu         ] GC(2501) User=0.00s Sys=0.00s Real=0.02s
[3610.548s][info][gc,start       ] GC(2502) Pause Young (Allocation Failure)
[3610.552s][info][gc,heap        ] GC(2502) PSYoungGen: 680393K->6232K(688128K)
[3610.553s][info][gc,heap        ] GC(2502) PSOldGen: 139509K->141468K(1398272K)
[3610.553s][info][gc,metaspace   ] GC(2502) Metaspace: 90774K(98736K)->90774K(98736K) NonClass: 79439K(83888K)->79439K(83888K) Class: 11335K(14848K)->11335K(14848K)
[3610.553s][info][gc             ] GC(2502) Pause Young (Allocation Failure) 800M->144M(2037M) 4.071ms
[3610.553s][info][gc,cpu         ] GC(2502) User=0.00s Sys=0.00s Real=0.01s
[3610.736s][info][gc,start       ] GC(2503) Pause Young (System.gc())
[3610.740s][info][gc,heap        ] GC(2503) PSYoungGen: 179509K->480K(688128K)
[3610.740s][info][gc,heap        ] GC(2503) PSOldGen: 141468K->143400K(1398272K)
[3610.740s][info][gc,metaspace   ] GC(2503) Metaspace: 90774K(98736K)->90774K(98736K) NonClass: 79439K(83888K)->79439K(83888K) Class: 11335K(14848K)->11335K(14848K)
[3610.740s][info][gc             ] GC(2503) Pause Young (System.gc()) 313M->140M(2037M) 3.156ms
[3610.740s][info][gc,cpu         ] GC(2503) User=0.00s Sys=0.00s Real=0.00s
[3610.740s][info][gc,start       ] GC(2504) Pause Full (System.gc())
[3610.744s][info][gc,phases,start] GC(2504) Phase 1: Mark live objects
[3610.805s][info][gc,phases      ] GC(2504) Phase 1: Mark live objects 61.442ms
[3610.805s][info][gc,phases,start] GC(2504) Phase 2: Compute new object addresses
[3610.819s][info][gc,phases      ] GC(2504) Phase 2: Compute new object addresses 13.609ms
[3610.819s][info][gc,phases,start] GC(2504) Phase 3: Adjust pointers
[3610.855s][info][gc,phases      ] GC(2504) Phase 3: Adjust pointers 36.095ms
[3610.855s][info][gc,phases,start] GC(2504) Phase 4: Move objects
[3610.855s][info][gc,phases      ] GC(2504) Phase 4: Move objects 0.079ms
[3610.857s][info][gc,heap        ] GC(2504) PSYoungGen: 480K->0K(688128K)
[3610.857s][info][gc,heap        ] GC(2504) PSOldGen: 143400K->143770K(1398272K)
[3610.857s][info][gc,metaspace   ] GC(2504) Metaspace: 90774K(98736K)->90774K(98736K) NonClass: 79439K(83888K)->79439K(83888K) Class: 11335K(14848K)->11335K(14848K)
[3610.857s][info][gc             ] GC(2504) Pause Full (System.gc()) 140M->140M(2037M) 117.733ms
[3610.857s][info][gc,cpu         ] GC(2504) User=0.11s Sys=0.00s Real=0.11s
[3612.049s][info][gc,start       ] GC(2505) Pause Young (Allocation Failure)
[3612.051s][info][gc,heap        ] GC(2505) PSYoungGen: 677376K->3648K(688128K)
[3612.051s][info][gc,heap        ] GC(2505) PSOldGen: 143770K->143770K(1398272K)
[3612.051s][info][gc,metaspace   ] GC(2505) Metaspace: 90774K(98736K)->90774K(98736K) NonClass: 79439K(83888K)->79439K(83888K) Class: 11335K(14848K)->11335K(14848K)
[3612.051s][info][gc             ] GC(2505) Pause Young (Allocation Failure) 801M->143M(2037M) 2.188ms
[3612.051s][info][gc,cpu         ] GC(2505) User=0.00s Sys=0.00s Real=0.00s
[3614.463s][info][gc,start       ] GC(2506) Pause Young (System.gc())
[3614.468s][info][gc,heap        ] GC(2506) PSYoungGen: 672088K->3583K(689152K)
[3614.468s][info][gc,heap        ] GC(2506) PSOldGen: 143770K->146966K(1398272K)
[3614.468s][info][gc,metaspace   ] GC(2506) Metaspace: 90775K(98736K)->90775K(98736K) NonClass: 79439K(83888K)->79439K(83888K) Class: 11335K(14848K)->11335K(14848K)
[3614.468s][info][gc             ] GC(2506) Pause Young (System.gc()) 796M->147M(2038M) 5.308ms
[3614.468s][info][gc,cpu         ] GC(2506) User=0.00s Sys=0.00s Real=0.01s
[3614.468s][info][gc,start       ] GC(2507) Pause Full (System.gc())
[3614.471s][info][gc,phases,start] GC(2507) Phase 1: Mark live objects
[3614.523s][info][gc,phases      ] GC(2507) Phase 1: Mark live objects 51.848ms
[3614.523s][info][gc,phases,start] GC(2507) Phase 2: Compute new object addresses
[3614.533s][info][gc,phases      ] GC(2507) Phase 2: Compute new object addresses 10.507ms
[3614.533s][info][gc,phases,start] GC(2507) Phase 3: Adjust pointers
[3614.564s][info][gc,phases      ] GC(2507) Phase 3: Adjust pointers 30.329ms
[3614.564s][info][gc,phases,start] GC(2507) Phase 4: Move objects
[3614.565s][info][gc,phases      ] GC(2507) Phase 4: Move objects 1.642ms
[3614.566s][info][gc,heap        ] GC(2507) PSYoungGen: 3583K->0K(689152K)
[3614.566s][info][gc,heap        ] GC(2507) PSOldGen: 146966K->125395K(1398272K)
[3614.566s][info][gc,metaspace   ] GC(2507) Metaspace: 90775K(98736K)->90775K(98736K) NonClass: 79439K(83888K)->79439K(83888K) Class: 11335K(14848K)->11335K(14848K)
[3614.566s][info][gc             ] GC(2507) Pause Full (System.gc()) 147M->122M(2038M) 98.079ms
[3614.566s][info][gc,cpu         ] GC(2507) User=0.11s Sys=0.00s Real=0.09s
[3616.860s][info][gc,start       ] GC(2508) Pause Young (Allocation Failure)
[3616.867s][info][gc,heap        ] GC(2508) PSYoungGen: 678912K->4312K(688640K)
[3616.867s][info][gc,heap        ] GC(2508) PSOldGen: 125395K->125395K(1398272K)
[3616.867s][info][gc,metaspace   ] GC(2508) Metaspace: 90775K(98736K)->90775K(98736K) NonClass: 79439K(83888K)->79439K(83888K) Class: 11335K(14848K)->11335K(14848K)
[3616.867s][info][gc             ] GC(2508) Pause Young (Allocation Failure) 785M->126M(2038M) 6.877ms
[3616.867s][info][gc,cpu         ] GC(2508) User=0.02s Sys=0.00s Real=0.01s
[3617.605s][info][gc,start       ] GC(2509) Pause Young (Allocation Failure)
[3617.608s][info][gc,heap        ] GC(2509) PSYoungGen: 682064K->8691K(687616K)
[3617.608s][info][gc,heap        ] GC(2509) PSOldGen: 125395K->131675K(1398272K)
[3617.608s][info][gc,metaspace   ] GC(2509) Metaspace: 90775K(98736K)->90775K(98736K) NonClass: 79439K(83888K)->79439K(83888K) Class: 11335K(14848K)->11335K(14848K)
[3617.609s][info][gc             ] GC(2509) Pause Young (Allocation Failure) 788M->137M(2037M) 3.731ms
[3617.609s][info][gc,cpu         ] GC(2509) User=0.00s Sys=0.00s Real=0.01s
[3619.084s][info][gc,start       ] GC(2510) Pause Young (Allocation Failure)
[3619.087s][info][gc,heap        ] GC(2510) PSYoungGen: 686784K->2686K(688640K)
[3619.087s][info][gc,heap        ] GC(2510) PSOldGen: 131675K->134685K(1398272K)
[3619.087s][info][gc,metaspace   ] GC(2510) Metaspace: 90775K(98736K)->90775K(98736K) NonClass: 79439K(83888K)->79439K(83888K) Class: 11335K(14848K)->11335K(14848K)
[3619.087s][info][gc             ] GC(2510) Pause Young (Allocation Failure) 799M->134M(2038M) 2.883ms
[3619.087s][info][gc,cpu         ] GC(2510) User=0.00s Sys=0.00s Real=0.00s
[3621.291s][info][gc,start       ] GC(2511) Pause Young (Allocation Failure)
[3621.294s][info][gc,heap        ] GC(2511) PSYoungGen: 680390K->2957K(688640K)
[3621.294s][info][gc,heap        ] GC(2511) PSOldGen: 134685K->136317K(1398272K)
[3621.294s][info][gc,metaspace   ] GC(2511) Metaspace: 90775K(98736K)->90775K(98736K) NonClass: 79439K(83888K)->79439K(83888K) Class: 11335K(14848K)->11335K(14848K)
[3621.294s][info][gc             ] GC(2511) Pause Young (Allocation Failure) 795M->136M(2038M) 3.306ms
[3621.294s][info][gc,cpu         ] GC(2511) User=0.00s Sys=0.00s Real=0.00s
[3623.271s][info][gc,start       ] GC(2512) Pause Young (Allocation Failure)
[3623.274s][info][gc,heap        ] GC(2512) PSYoungGen: 681357K->3852K(688640K)
[3623.274s][info][gc,heap        ] GC(2512) PSOldGen: 136317K->138169K(1398272K)
[3623.274s][info][gc,metaspace   ] GC(2512) Metaspace: 90775K(98736K)->90775K(98736K) NonClass: 79439K(83888K)->79439K(83888K) Class: 11335K(14848K)->11335K(14848K)
[3623.274s][info][gc             ] GC(2512) Pause Young (Allocation Failure) 798M->138M(2038M) 2.948ms
[3623.274s][info][gc,cpu         ] GC(2512) User=0.00s Sys=0.00s Real=0.00s
[3624.015s][info][gc,start       ] GC(2513) Pause Young (Allocation Failure)
[3624.018s][info][gc,heap        ] GC(2513) PSYoungGen: 682252K->3233K(689664K)
[3624.018s][info][gc,heap        ] GC(2513) PSOldGen: 138169K->140485K(1398272K)
[3624.018s][info][gc,metaspace   ] GC(2513) Metaspace: 90775K(98736K)->90775K(98736K) NonClass: 79439K(83888K)->79439K(83888K) Class: 11335K(14848K)->11335K(14848K)
[3624.018s][info][gc             ] GC(2513) Pause Young (Allocation Failure) 801M->140M(2039M) 3.045ms
[3624.018s][info][gc,cpu         ] GC(2513) User=0.09s Sys=0.00s Real=0.02s
[3626.223s][info][gc,start       ] GC(2514) Pause Young (Allocation Failure)
[3626.225s][info][gc,heap        ] GC(2514) PSYoungGen: 682278K->2260K(689152K)
[3626.225s][info][gc,heap        ] GC(2514) PSOldGen: 140485K->143386K(1398272K)
[3626.225s][info][gc,metaspace   ] GC(2514) Metaspace: 90775K(98736K)->90775K(98736K) NonClass: 79439K(83888K)->79439K(83888K) Class: 11335K(14848K)->11335K(14848K)
[3626.225s][info][gc             ] GC(2514) Pause Young (Allocation Failure) 803M->142M(2038M) 2.450ms
[3626.225s][info][gc,cpu         ] GC(2514) User=0.00s Sys=0.00s Real=0.00s
[3628.447s][info][gc,start       ] GC(2515) Pause Young (Allocation Failure)
[3628.450s][info][gc,heap        ] GC(2515) PSYoungGen: 681633K->2700K(690176K)
[3628.450s][info][gc,heap        ] GC(2515) PSOldGen: 143386K->144733K(1398272K)
[3628.450s][info][gc,metaspace   ] GC(2515) Metaspace: 90775K(98736K)->90775K(98736K) NonClass: 79439K(83888K)->79439K(83888K) Class: 11335K(14848K)->11335K(14848K)
[3628.450s][info][gc             ] GC(2515) Pause Young (Allocation Failure) 805M->143M(2039M) 2.651ms
[3628.450s][info][gc,cpu         ] GC(2515) User=0.00s Sys=0.00s Real=0.00s
[3629.305s][info][gc,start       ] GC(2516) Pause Young (Allocation Failure)
[3629.307s][info][gc,heap        ] GC(2516) PSYoungGen: 683141K->3287K(689664K)
[3629.307s][info][gc,heap        ] GC(2516) PSOldGen: 144733K->146723K(1398272K)
[3629.307s][info][gc,metaspace   ] GC(2516) Metaspace: 90775K(98736K)->90775K(98736K) NonClass: 79439K(83888K)->79439K(83888K) Class: 11335K(14848K)->11335K(14848K)
[3629.307s][info][gc             ] GC(2516) Pause Young (Allocation Failure) 808M->146M(2039M) 2.488ms
[3629.307s][info][gc,cpu         ] GC(2516) User=0.00s Sys=0.00s Real=0.01s
[3630.669s][info][gc,start       ] GC(2517) Pause Young (Allocation Failure)
[3630.671s][info][gc,heap        ] GC(2517) PSYoungGen: 684247K->3801K(690688K)
[3630.671s][info][gc,heap        ] GC(2517) PSOldGen: 146723K->149434K(1398272K)
[3630.671s][info][gc,metaspace   ] GC(2517) Metaspace: 90775K(98736K)->90775K(98736K) NonClass: 79439K(83888K)->79439K(83888K) Class: 11335K(14848K)->11335K(14848K)
[3630.671s][info][gc             ] GC(2517) Pause Young (Allocation Failure) 811M->149M(2040M) 2.768ms
[3630.671s][info][gc,cpu         ] GC(2517) User=0.00s Sys=0.00s Real=0.00s
[3632.889s][info][gc,start       ] GC(2518) Pause Young (Allocation Failure)
[3632.891s][info][gc,heap        ] GC(2518) PSYoungGen: 685785K->3114K(690176K)
[3632.891s][info][gc,heap        ] GC(2518) PSOldGen: 149434K->151565K(1398272K)
[3632.891s][info][gc,metaspace   ] GC(2518) Metaspace: 90775K(98736K)->90775K(98736K) NonClass: 79439K(83888K)->79439K(83888K) Class: 11335K(14848K)->11335K(14848K)
[3632.891s][info][gc             ] GC(2518) Pause Young (Allocation Failure) 815M->151M(2039M) 2.485ms
[3632.891s][info][gc,cpu         ] GC(2518) User=0.00s Sys=0.00s Real=0.00s
[3634.902s][info][gc,start       ] GC(2519) Pause Young (Allocation Failure)
[3634.905s][info][gc,heap        ] GC(2519) PSYoungGen: 685085K->2867K(691200K)
[3634.905s][info][gc,heap        ] GC(2519) PSOldGen: 151565K->153355K(1398272K)
[3634.905s][info][gc,metaspace   ] GC(2519) Metaspace: 90775K(98736K)->90775K(98736K) NonClass: 79439K(83888K)->79439K(83888K) Class: 11335K(14848K)->11335K(14848K)
[3634.905s][info][gc             ] GC(2519) Pause Young (Allocation Failure) 817M->152M(2040M) 2.461ms
[3634.905s][info][gc,cpu         ] GC(2519) User=0.00s Sys=0.00s Real=0.01s
[3635.675s][info][gc,start       ] GC(2520) Pause Young (Allocation Failure)
[3635.677s][info][gc,heap        ] GC(2520) PSYoungGen: 686387K->3229K(691200K)
[3635.677s][info][gc,heap        ] GC(2520) PSOldGen: 153355K->155494K(1398272K)
[3635.677s][info][gc,metaspace   ] GC(2520) Metaspace: 90775K(98736K)->90775K(98736K) NonClass: 79439K(83888K)->79439K(83888K) Class: 11335K(14848K)->11335K(14848K)
[3635.677s][info][gc             ] GC(2520) Pause Young (Allocation Failure) 820M->155M(2040M) 2.750ms
[3635.677s][info][gc,cpu         ] GC(2520) User=0.00s Sys=0.00s Real=0.00s
[3637.860s][info][gc,start       ] GC(2521) Pause Young (Allocation Failure)
[3637.863s][info][gc,heap        ] GC(2521) PSYoungGen: 686749K->4243K(691712K)
[3637.863s][info][gc,heap        ] GC(2521) PSOldGen: 155494K->158274K(1398272K)
[3637.863s][info][gc,metaspace   ] GC(2521) Metaspace: 90775K(98736K)->90775K(98736K) NonClass: 79439K(83888K)->79439K(83888K) Class: 11335K(14848K)->11335K(14848K)
[3637.863s][info][gc             ] GC(2521) Pause Young (Allocation Failure) 822M->158M(2041M) 2.933ms
[3637.863s][info][gc,cpu         ] GC(2521) User=0.08s Sys=0.02s Real=0.00s
[3638.539s][info][gc,start       ] GC(2522) Pause Young (Allocation Failure)
[3638.543s][info][gc,heap        ] GC(2522) PSYoungGen: 686348K->5092K(691712K)
[3638.543s][info][gc,heap        ] GC(2522) PSOldGen: 158274K->167934K(1398272K)
[3638.543s][info][gc,metaspace   ] GC(2522) Metaspace: 90775K(98736K)->90775K(98736K) NonClass: 79439K(83888K)->79439K(83888K) Class: 11335K(14848K)->11335K(14848K)
[3638.543s][info][gc             ] GC(2522) Pause Young (Allocation Failure) 824M->168M(2041M) 3.371ms
[3638.543s][info][gc,cpu         ] GC(2522) User=0.00s Sys=0.00s Real=0.00s
[3640.147s][info][gc,start       ] GC(2523) Pause Young (Allocation Failure)
[3640.150s][info][gc,heap        ] GC(2523) PSYoungGen: 689636K->3411K(691712K)
[3640.150s][info][gc,heap        ] GC(2523) PSOldGen: 167934K->170986K(1398272K)
[3640.150s][info][gc,metaspace   ] GC(2523) Metaspace: 90775K(98736K)->90775K(98736K) NonClass: 79439K(83888K)->79439K(83888K) Class: 11335K(14848K)->11335K(14848K)
[3640.150s][info][gc             ] GC(2523) Pause Young (Allocation Failure) 837M->170M(2041M) 3.745ms
[3640.151s][info][gc,cpu         ] GC(2523) User=0.00s Sys=0.00s Real=0.00s
[3641.798s][info][gc,start       ] GC(2524) Pause Young (Allocation Failure)
[3641.801s][info][gc,heap        ] GC(2524) PSYoungGen: 686488K->3777K(691712K)
[3641.801s][info][gc,heap        ] GC(2524) PSOldGen: 170986K->173142K(1398272K)
[3641.801s][info][gc,metaspace   ] GC(2524) Metaspace: 90775K(98736K)->90775K(98736K) NonClass: 79439K(83888K)->79439K(83888K) Class: 11335K(14848K)->11335K(14848K)
[3641.801s][info][gc             ] GC(2524) Pause Young (Allocation Failure) 837M->172M(2041M) 2.892ms
[3641.801s][info][gc,cpu         ] GC(2524) User=0.02s Sys=0.00s Real=0.01s
[3642.496s][info][gc,start       ] GC(2525) Pause Young (GCLocker Initiated GC)
[3642.499s][info][gc,heap        ] GC(2525) PSYoungGen: 688321K->4864K(691200K)
[3642.499s][info][gc,heap        ] GC(2525) PSOldGen: 173176K->175338K(1398272K)
[3642.499s][info][gc,metaspace   ] GC(2525) Metaspace: 90775K(98736K)->90775K(98736K) NonClass: 79439K(83888K)->79439K(83888K) Class: 11335K(14848K)->11335K(14848K)
[3642.499s][info][gc             ] GC(2525) Pause Young (GCLocker Initiated GC) 841M->175M(2040M) 2.830ms
[3642.499s][info][gc,cpu         ] GC(2525) User=0.00s Sys=0.00s Real=0.00s
[3644.650s][info][gc,start       ] GC(2526) Pause Young (Allocation Failure)
[3644.653s][info][gc,heap        ] GC(2526) PSYoungGen: 689408K->3927K(691712K)
[3644.653s][info][gc,heap        ] GC(2526) PSOldGen: 175346K->178291K(1398272K)
[3644.653s][info][gc,metaspace   ] GC(2526) Metaspace: 90775K(98736K)->90775K(98736K) NonClass: 79439K(83888K)->79439K(83888K) Class: 11335K(14848K)->11335K(14848K)
[3644.653s][info][gc             ] GC(2526) Pause Young (Allocation Failure) 844M->177M(2041M) 2.893ms
[3644.653s][info][gc,cpu         ] GC(2526) User=0.00s Sys=0.00s Real=0.00s
[3645.248s][info][gc,start       ] GC(2527) Pause Young (Allocation Failure)
[3645.250s][info][gc,heap        ] GC(2527) PSYoungGen: 688471K->3925K(692224K)
[3645.251s][info][gc,heap        ] GC(2527) PSOldGen: 178291K->180773K(1398272K)
[3645.251s][info][gc,metaspace   ] GC(2527) Metaspace: 90775K(98736K)->90775K(98736K) NonClass: 79439K(83888K)->79439K(83888K) Class: 11335K(14848K)->11335K(14848K)
[3645.251s][info][gc             ] GC(2527) Pause Young (Allocation Failure) 846M->180M(2041M) 2.667ms
[3645.251s][info][gc,cpu         ] GC(2527) User=0.00s Sys=0.00s Real=0.00s
[3647.548s][info][gc,start       ] GC(2528) Pause Young (Allocation Failure)
[3647.550s][info][gc,heap        ] GC(2528) PSYoungGen: 688763K->2603K(692224K)
[3647.550s][info][gc,heap        ] GC(2528) PSOldGen: 180773K->182853K(1398272K)
[3647.550s][info][gc,metaspace   ] GC(2528) Metaspace: 90775K(98736K)->90775K(98736K) NonClass: 79439K(83888K)->79439K(83888K) Class: 11335K(14848K)->11335K(14848K)
[3647.550s][info][gc             ] GC(2528) Pause Young (Allocation Failure) 849M->181M(2041M) 2.588ms
[3647.550s][info][gc,cpu         ] GC(2528) User=0.02s Sys=0.00s Real=0.00s
[3648.730s][info][gc,start       ] GC(2529) Pause Young (Allocation Failure)
[3648.734s][info][gc,heap        ] GC(2529) PSYoungGen: 688171K->6360K(691200K)
[3648.734s][info][gc,heap        ] GC(2529) PSOldGen: 182853K->184816K(1398272K)
[3648.734s][info][gc,metaspace   ] GC(2529) Metaspace: 90775K(98736K)->90775K(98736K) NonClass: 79439K(83888K)->79439K(83888K) Class: 11335K(14848K)->11335K(14848K)
[3648.734s][info][gc             ] GC(2529) Pause Young (Allocation Failure) 850M->186M(2040M) 3.992ms
[3648.734s][info][gc,cpu         ] GC(2529) User=0.00s Sys=0.00s Real=0.01s
[3648.832s][info][gc,start       ] GC(2530) Pause Young (System.gc())
[3648.835s][info][gc,heap        ] GC(2530) PSYoungGen: 181253K->448K(685056K)
[3648.835s][info][gc,heap        ] GC(2530) PSOldGen: 184816K->186663K(1398272K)
[3648.835s][info][gc,metaspace   ] GC(2530) Metaspace: 90775K(98736K)->90775K(98736K) NonClass: 79439K(83888K)->79439K(83888K) Class: 11335K(14848K)->11335K(14848K)
[3648.835s][info][gc             ] GC(2530) Pause Young (System.gc()) 357M->182M(2034M) 2.194ms
[3648.835s][info][gc,cpu         ] GC(2530) User=0.00s Sys=0.00s Real=0.00s
[3648.835s][info][gc,start       ] GC(2531) Pause Full (System.gc())
[3648.838s][info][gc,phases,start] GC(2531) Phase 1: Mark live objects
[3648.892s][info][gc,phases      ] GC(2531) Phase 1: Mark live objects 54.772ms
[3648.892s][info][gc,phases,start] GC(2531) Phase 2: Compute new object addresses
[3648.905s][info][gc,phases      ] GC(2531) Phase 2: Compute new object addresses 12.782ms
[3648.905s][info][gc,phases,start] GC(2531) Phase 3: Adjust pointers
[3648.941s][info][gc,phases      ] GC(2531) Phase 3: Adjust pointers 35.732ms
[3648.941s][info][gc,phases,start] GC(2531) Phase 4: Move objects
[3648.949s][info][gc,phases      ] GC(2531) Phase 4: Move objects 7.444ms
[3648.951s][info][gc,heap        ] GC(2531) PSYoungGen: 448K->0K(685056K)
[3648.951s][info][gc,heap        ] GC(2531) PSOldGen: 186663K->149953K(1398272K)
[3648.951s][info][gc,metaspace   ] GC(2531) Metaspace: 90775K(98736K)->90775K(98736K) NonClass: 79439K(83888K)->79439K(83888K) Class: 11335K(14848K)->11335K(14848K)
[3648.951s][info][gc             ] GC(2531) Pause Full (System.gc()) 182M->146M(2034M) 116.453ms
[3648.951s][info][gc,cpu         ] GC(2531) User=0.08s Sys=0.02s Real=0.12s
[3649.844s][info][gc,start       ] GC(2532) Pause Young (Allocation Failure)
[3649.847s][info][gc,heap        ] GC(2532) PSYoungGen: 684544K->3632K(691712K)
[3649.847s][info][gc,heap        ] GC(2532) PSOldGen: 149953K->149953K(1398272K)
[3649.847s][info][gc,metaspace   ] GC(2532) Metaspace: 90775K(98736K)->90775K(98736K) NonClass: 79439K(83888K)->79439K(83888K) Class: 11335K(14848K)->11335K(14848K)
[3649.847s][info][gc             ] GC(2532) Pause Young (Allocation Failure) 814M->149M(2041M) 2.577ms
[3649.847s][info][gc,cpu         ] GC(2532) User=0.08s Sys=0.02s Real=0.00s
[3652.238s][info][gc,start       ] GC(2533) Pause Young (Allocation Failure)
[3652.241s][info][gc,heap        ] GC(2533) PSYoungGen: 687664K->2304K(691200K)
[3652.241s][info][gc,heap        ] GC(2533) PSOldGen: 149953K->152553K(1398272K)
[3652.241s][info][gc,metaspace   ] GC(2533) Metaspace: 90775K(98736K)->90775K(98736K) NonClass: 79439K(83888K)->79439K(83888K) Class: 11335K(14848K)->11335K(14848K)
[3652.241s][info][gc             ] GC(2533) Pause Young (Allocation Failure) 817M->151M(2040M) 2.725ms
[3652.241s][info][gc,cpu         ] GC(2533) User=0.00s Sys=0.00s Real=0.00s
[3654.340s][info][gc,start       ] GC(2534) Pause Young (Allocation Failure)
[3654.342s][info][gc,heap        ] GC(2534) PSYoungGen: 686336K->1844K(691712K)
[3654.343s][info][gc,heap        ] GC(2534) PSOldGen: 152553K->154067K(1398272K)
[3654.343s][info][gc,metaspace   ] GC(2534) Metaspace: 90775K(98736K)->90775K(98736K) NonClass: 79439K(83888K)->79439K(83888K) Class: 11335K(14848K)->11335K(14848K)
[3654.343s][info][gc             ] GC(2534) Pause Young (Allocation Failure) 819M->152M(2041M) 2.489ms
[3654.343s][info][gc,cpu         ] GC(2534) User=0.00s Sys=0.00s Real=0.00s
[3654.961s][info][gc,start       ] GC(2535) Pause Young (Allocation Failure)
[3654.964s][info][gc,heap        ] GC(2535) PSYoungGen: 684264K->7160K(691712K)
[3654.964s][info][gc,heap        ] GC(2535) PSOldGen: 154067K->161392K(1398272K)
[3654.964s][info][gc,metaspace   ] GC(2535) Metaspace: 90775K(98736K)->90775K(98736K) NonClass: 79439K(83888K)->79439K(83888K) Class: 11335K(14848K)->11335K(14848K)
[3654.964s][info][gc             ] GC(2535) Pause Young (Allocation Failure) 818M->164M(2041M) 3.573ms
[3654.964s][info][gc,cpu         ] GC(2535) User=0.00s Sys=0.00s Real=0.00s
[3656.619s][info][gc,start       ] GC(2536) Pause Young (Allocation Failure)
[3656.622s][info][gc,heap        ] GC(2536) PSYoungGen: 691387K->3273K(685568K)
[3656.622s][info][gc,heap        ] GC(2536) PSOldGen: 161392K->163399K(1398272K)
[3656.622s][info][gc,metaspace   ] GC(2536) Metaspace: 90775K(98736K)->90775K(98736K) NonClass: 79439K(83888K)->79439K(83888K) Class: 11335K(14848K)->11335K(14848K)
[3656.622s][info][gc             ] GC(2536) Pause Young (Allocation Failure) 832M->162M(2035M) 3.319ms
[3656.623s][info][gc,cpu         ] GC(2536) User=0.00s Sys=0.00s Real=0.00s
[3658.920s][info][gc,start       ] GC(2537) Pause Young (Allocation Failure)
[3658.922s][info][gc,heap        ] GC(2537) PSYoungGen: 681673K->4580K(688640K)
[3658.922s][info][gc,heap        ] GC(2537) PSOldGen: 163399K->165157K(1398272K)
[3658.922s][info][gc,metaspace   ] GC(2537) Metaspace: 90775K(98736K)->90775K(98736K) NonClass: 79439K(83888K)->79439K(83888K) Class: 11335K(14848K)->11335K(14848K)
[3658.922s][info][gc             ] GC(2537) Pause Young (Allocation Failure) 825M->165M(2038M) 2.668ms
[3658.922s][info][gc,cpu         ] GC(2537) User=0.00s Sys=0.00s Real=0.01s
[3660.562s][info][gc,start       ] GC(2538) Pause Young (Allocation Failure)
[3660.566s][info][gc,heap        ] GC(2538) PSYoungGen: 682980K->7041K(688128K)
[3660.566s][info][gc,heap        ] GC(2538) PSOldGen: 165157K->167030K(1398272K)
[3660.566s][info][gc,metaspace   ] GC(2538) Metaspace: 90775K(98736K)->90775K(98736K) NonClass: 79439K(83888K)->79439K(83888K) Class: 11335K(14848K)->11335K(14848K)
[3660.566s][info][gc             ] GC(2538) Pause Young (Allocation Failure) 828M->169M(2037M) 4.456ms
[3660.566s][info][gc,cpu         ] GC(2538) User=0.09s Sys=0.00s Real=0.00s
[3661.307s][info][gc,start       ] GC(2539) Pause Young (Allocation Failure)
[3661.310s][info][gc,heap        ] GC(2539) PSYoungGen: 685441K->3313K(688640K)
[3661.310s][info][gc,heap        ] GC(2539) PSOldGen: 167030K->169340K(1398272K)
[3661.310s][info][gc,metaspace   ] GC(2539) Metaspace: 90775K(98736K)->90775K(98736K) NonClass: 79439K(83888K)->79439K(83888K) Class: 11335K(14848K)->11335K(14848K)
[3661.310s][info][gc             ] GC(2539) Pause Young (Allocation Failure) 832M->168M(2038M) 2.836ms
[3661.310s][info][gc,cpu         ] GC(2539) User=0.00s Sys=0.00s Real=0.01s
[3663.712s][info][gc,start       ] GC(2540) Pause Young (Allocation Failure)
[3663.715s][info][gc,heap        ] GC(2540) PSYoungGen: 681495K->3543K(689152K)
[3663.715s][info][gc,heap        ] GC(2540) PSOldGen: 169340K->172256K(1398272K)
[3663.715s][info][gc,metaspace   ] GC(2540) Metaspace: 90775K(98736K)->90775K(98736K) NonClass: 79439K(83888K)->79439K(83888K) Class: 11335K(14848K)->11335K(14848K)
[3663.715s][info][gc             ] GC(2540) Pause Young (Allocation Failure) 830M->171M(2038M) 3.499ms
[3663.715s][info][gc,cpu         ] GC(2540) User=0.00s Sys=0.00s Real=0.00s
[3665.835s][info][gc,start       ] GC(2541) Pause Young (Allocation Failure)
[3665.838s][info][gc,heap        ] GC(2541) PSYoungGen: 682455K->2783K(688640K)
[3665.838s][info][gc,heap        ] GC(2541) PSOldGen: 172256K->174100K(1398272K)
[3665.838s][info][gc,metaspace   ] GC(2541) Metaspace: 90775K(98736K)->90775K(98736K) NonClass: 79439K(83888K)->79439K(83888K) Class: 11335K(14848K)->11335K(14848K)
[3665.838s][info][gc             ] GC(2541) Pause Young (Allocation Failure) 834M->172M(2038M) 2.620ms
[3665.838s][info][gc,cpu         ] GC(2541) User=0.00s Sys=0.00s Real=0.00s
[3666.635s][info][gc,start       ] GC(2542) Pause Young (Allocation Failure)
[3666.637s][info][gc,heap        ] GC(2542) PSYoungGen: 681695K->4211K(690176K)
[3666.638s][info][gc,heap        ] GC(2542) PSOldGen: 174100K->175599K(1398272K)
[3666.638s][info][gc,metaspace   ] GC(2542) Metaspace: 90775K(98736K)->90775K(98736K) NonClass: 79439K(83888K)->79439K(83888K) Class: 11335K(14848K)->11335K(14848K)
[3666.638s][info][gc             ] GC(2542) Pause Young (Allocation Failure) 835M->175M(2039M) 2.475ms
[3666.638s][info][gc,cpu         ] GC(2542) User=0.00s Sys=0.00s Real=0.01s
[3668.119s][info][gc,start       ] GC(2543) Pause Young (Allocation Failure)
[3668.126s][info][gc,heap        ] GC(2543) PSYoungGen: 685171K->2888K(689664K)
[3668.126s][info][gc,heap        ] GC(2543) PSOldGen: 175599K->178870K(1398272K)
[3668.126s][info][gc,metaspace   ] GC(2543) Metaspace: 90775K(98736K)->90775K(98736K) NonClass: 79439K(83888K)->79439K(83888K) Class: 11335K(14848K)->11335K(14848K)
[3668.126s][info][gc             ] GC(2543) Pause Young (Allocation Failure) 840M->177M(2039M) 6.852ms
[3668.126s][info][gc,cpu         ] GC(2543) User=0.00s Sys=0.00s Real=0.01s
[3670.353s][info][gc,start       ] GC(2544) Pause Young (Allocation Failure)
[3670.355s][info][gc,heap        ] GC(2544) PSYoungGen: 683804K->2516K(690176K)
[3670.355s][info][gc,heap        ] GC(2544) PSOldGen: 178870K->180490K(1398272K)
[3670.355s][info][gc,metaspace   ] GC(2544) Metaspace: 90775K(98736K)->90775K(98736K) NonClass: 79439K(83888K)->79439K(83888K) Class: 11335K(14848K)->11335K(14848K)
[3670.355s][info][gc             ] GC(2544) Pause Young (Allocation Failure) 842M->178M(2039M) 2.471ms
[3670.355s][info][gc,cpu         ] GC(2544) User=0.00s Sys=0.00s Real=0.00s
[3672.197s][info][gc,start       ] GC(2545) Pause Young (Allocation Failure)
[3672.201s][info][gc,heap        ] GC(2545) PSYoungGen: 683988K->5084K(690176K)
[3672.201s][info][gc,heap        ] GC(2545) PSOldGen: 180490K->182296K(1398272K)
[3672.201s][info][gc,metaspace   ] GC(2545) Metaspace: 90775K(98736K)->90775K(98736K) NonClass: 79440K(83888K)->79440K(83888K) Class: 11335K(14848K)->11335K(14848K)
[3672.201s][info][gc             ] GC(2545) Pause Young (Allocation Failure) 844M->182M(2039M) 3.572ms
[3672.201s][info][gc,cpu         ] GC(2545) User=0.00s Sys=0.00s Real=0.01s
[3672.959s][info][gc,start       ] GC(2546) Pause Young (Allocation Failure)
[3672.962s][info][gc,heap        ] GC(2546) PSYoungGen: 686556K->3184K(690688K)
[3672.962s][info][gc,heap        ] GC(2546) PSOldGen: 182296K->184487K(1398272K)
[3672.962s][info][gc,metaspace   ] GC(2546) Metaspace: 90775K(98736K)->90775K(98736K) NonClass: 79440K(83888K)->79440K(83888K) Class: 11335K(14848K)->11335K(14848K)
[3672.962s][info][gc             ] GC(2546) Pause Young (Allocation Failure) 848M->183M(2040M) 2.885ms
[3672.962s][info][gc,cpu         ] GC(2546) User=0.00s Sys=0.00s Real=0.00s
[3675.125s][info][gc,start       ] GC(2547) Pause Young (Allocation Failure)
[3675.128s][info][gc,heap        ] GC(2547) PSYoungGen: 685168K->3413K(690176K)
[3675.128s][info][gc,heap        ] GC(2547) PSOldGen: 184487K->187278K(1398272K)
[3675.128s][info][gc,metaspace   ] GC(2547) Metaspace: 90775K(98736K)->90775K(98736K) NonClass: 79440K(83888K)->79440K(83888K) Class: 11335K(14848K)->11335K(14848K)
[3675.128s][info][gc             ] GC(2547) Pause Young (Allocation Failure) 849M->186M(2039M) 2.937ms
[3675.128s][info][gc,cpu         ] GC(2547) User=0.08s Sys=0.00s Real=0.00s
[3675.789s][info][gc,start       ] GC(2548) Pause Young (Allocation Failure)
[3675.793s][info][gc,heap        ] GC(2548) PSYoungGen: 685057K->8181K(683520K)
[3675.793s][info][gc,heap        ] GC(2548) PSOldGen: 187278K->194266K(1398272K)
[3675.793s][info][gc,metaspace   ] GC(2548) Metaspace: 90775K(98736K)->90775K(98736K) NonClass: 79440K(83888K)->79440K(83888K) Class: 11335K(14848K)->11335K(14848K)
[3675.793s][info][gc             ] GC(2548) Pause Young (Allocation Failure) 851M->197M(2033M) 4.417ms
[3675.794s][info][gc,cpu         ] GC(2548) User=0.00s Sys=0.00s Real=0.01s
[3677.542s][info][gc,start       ] GC(2549) Pause Young (Allocation Failure)
[3677.546s][info][gc,heap        ] GC(2549) PSYoungGen: 683509K->4600K(687104K)
[3677.546s][info][gc,heap        ] GC(2549) PSOldGen: 194266K->197058K(1398272K)
[3677.546s][info][gc,metaspace   ] GC(2549) Metaspace: 90775K(98736K)->90775K(98736K) NonClass: 79440K(83888K)->79440K(83888K) Class: 11335K(14848K)->11335K(14848K)
[3677.546s][info][gc             ] GC(2549) Pause Young (Allocation Failure) 857M->196M(2036M) 3.294ms
[3677.546s][info][gc,cpu         ] GC(2549) User=0.00s Sys=0.00s Real=0.00s
[3679.031s][info][gc,start       ] GC(2550) Pause Young (Allocation Failure)
[3679.034s][info][gc,heap        ] GC(2550) PSYoungGen: 678316K->3887K(688128K)
[3679.034s][info][gc,heap        ] GC(2550) PSOldGen: 197058K->199309K(1398272K)
[3679.034s][info][gc,metaspace   ] GC(2550) Metaspace: 90775K(98736K)->90775K(98736K) NonClass: 79440K(83888K)->79440K(83888K) Class: 11335K(14848K)->11335K(14848K)
[3679.034s][info][gc             ] GC(2550) Pause Young (Allocation Failure) 854M->198M(2037M) 3.026ms
[3679.034s][info][gc,cpu         ] GC(2550) User=0.08s Sys=0.00s Real=0.00s
[3679.765s][info][gc,start       ] GC(2551) Pause Young (Allocation Failure)
[3679.768s][info][gc,heap        ] GC(2551) PSYoungGen: 676927K->3473K(687616K)
[3679.768s][info][gc,heap        ] GC(2551) PSOldGen: 199309K->201571K(1398272K)
[3679.768s][info][gc,metaspace   ] GC(2551) Metaspace: 90775K(98736K)->90775K(98736K) NonClass: 79440K(83888K)->79440K(83888K) Class: 11335K(14848K)->11335K(14848K)
[3679.768s][info][gc             ] GC(2551) Pause Young (Allocation Failure) 855M->200M(2037M) 2.722ms
[3679.768s][info][gc,cpu         ] GC(2551) User=0.06s Sys=0.00s Real=0.00s
[3681.868s][info][gc,start       ] GC(2552) Pause Young (Allocation Failure)
[3681.871s][info][gc,heap        ] GC(2552) PSYoungGen: 680337K->3917K(688640K)
[3681.871s][info][gc,heap        ] GC(2552) PSOldGen: 201571K->204508K(1398272K)
[3681.871s][info][gc,metaspace   ] GC(2552) Metaspace: 90775K(98736K)->90775K(98736K) NonClass: 79440K(83888K)->79440K(83888K) Class: 11335K(14848K)->11335K(14848K)
[3681.871s][info][gc             ] GC(2552) Pause Young (Allocation Failure) 861M->203M(2038M) 3.004ms
[3681.871s][info][gc,cpu         ] GC(2552) User=0.00s Sys=0.00s Real=0.02s
[3682.468s][info][gc,start       ] GC(2553) Pause Young (Allocation Failure)
[3682.471s][info][gc,heap        ] GC(2553) PSYoungGen: 682317K->3845K(688640K)
[3682.471s][info][gc,heap        ] GC(2553) PSOldGen: 204508K->207012K(1398272K)
[3682.471s][info][gc,metaspace   ] GC(2553) Metaspace: 90775K(98736K)->90775K(98736K) NonClass: 79440K(83888K)->79440K(83888K) Class: 11335K(14848K)->11335K(14848K)
[3682.471s][info][gc             ] GC(2553) Pause Young (Allocation Failure) 866M->205M(2038M) 2.717ms
[3682.471s][info][gc,cpu         ] GC(2553) User=0.09s Sys=0.00s Real=0.00s
[3684.521s][info][gc,start       ] GC(2554) Pause Young (Allocation Failure)
[3684.523s][info][gc,heap        ] GC(2554) PSYoungGen: 682245K->4201K(689664K)
[3684.523s][info][gc,heap        ] GC(2554) PSOldGen: 207012K->209021K(1398272K)
[3684.523s][info][gc,metaspace   ] GC(2554) Metaspace: 90775K(98736K)->90775K(98736K) NonClass: 79440K(83888K)->79440K(83888K) Class: 11335K(14848K)->11335K(14848K)
[3684.523s][info][gc             ] GC(2554) Pause Young (Allocation Failure) 868M->208M(2039M) 2.690ms
[3684.523s][info][gc,cpu         ] GC(2554) User=0.00s Sys=0.00s Real=0.00s
[3685.877s][info][gc,start       ] GC(2555) Pause Young (Allocation Failure)
[3685.881s][info][gc,heap        ] GC(2555) PSYoungGen: 684137K->4645K(689152K)
[3685.881s][info][gc,heap        ] GC(2555) PSOldGen: 209021K->210952K(1398272K)
[3685.881s][info][gc,metaspace   ] GC(2555) Metaspace: 90775K(98736K)->90775K(98736K) NonClass: 79440K(83888K)->79440K(83888K) Class: 11335K(14848K)->11335K(14848K)
[3685.881s][info][gc             ] GC(2555) Pause Young (Allocation Failure) 872M->210M(2038M) 3.531ms
[3685.881s][info][gc,cpu         ] GC(2555) User=0.00s Sys=0.00s Real=0.00s
[3686.000s][info][gc,start       ] GC(2556) Pause Young (System.gc())
[3686.002s][info][gc,heap        ] GC(2556) PSYoungGen: 195077K->480K(689152K)
[3686.002s][info][gc,heap        ] GC(2556) PSOldGen: 210952K->212869K(1398272K)
[3686.002s][info][gc,metaspace   ] GC(2556) Metaspace: 90775K(98736K)->90775K(98736K) NonClass: 79440K(83888K)->79440K(83888K) Class: 11335K(14848K)->11335K(14848K)
[3686.002s][info][gc             ] GC(2556) Pause Young (System.gc()) 396M->208M(2038M) 2.131ms
[3686.002s][info][gc,cpu         ] GC(2556) User=0.06s Sys=0.02s Real=0.00s
[3686.002s][info][gc,start       ] GC(2557) Pause Full (System.gc())
[3686.006s][info][gc,phases,start] GC(2557) Phase 1: Mark live objects
[3686.060s][info][gc,phases      ] GC(2557) Phase 1: Mark live objects 53.633ms
[3686.060s][info][gc,phases,start] GC(2557) Phase 2: Compute new object addresses
[3686.074s][info][gc,phases      ] GC(2557) Phase 2: Compute new object addresses 13.978ms
[3686.074s][info][gc,phases,start] GC(2557) Phase 3: Adjust pointers
[3686.110s][info][gc,phases      ] GC(2557) Phase 3: Adjust pointers 36.709ms
[3686.110s][info][gc,phases,start] GC(2557) Phase 4: Move objects
[3686.123s][info][gc,phases      ] GC(2557) Phase 4: Move objects 12.667ms
[3686.125s][info][gc,heap        ] GC(2557) PSYoungGen: 480K->0K(689152K)
[3686.125s][info][gc,heap        ] GC(2557) PSOldGen: 212869K->79931K(1398272K)
[3686.125s][info][gc,metaspace   ] GC(2557) Metaspace: 90775K(98736K)->90775K(98736K) NonClass: 79440K(83888K)->79440K(83888K) Class: 11335K(14848K)->11335K(14848K)
[3686.126s][info][gc             ] GC(2557) Pause Full (System.gc()) 208M->78M(2038M) 123.741ms
[3686.126s][info][gc,cpu         ] GC(2557) User=0.11s Sys=0.00s Real=0.12s
[3686.997s][info][gc,start       ] GC(2558) Pause Young (Allocation Failure)
[3686.999s][info][gc,heap        ] GC(2558) PSYoungGen: 680448K->3675K(689664K)
[3686.999s][info][gc,heap        ] GC(2558) PSOldGen: 79931K->79931K(1398272K)
[3686.999s][info][gc,metaspace   ] GC(2558) Metaspace: 90775K(98736K)->90775K(98736K) NonClass: 79440K(83888K)->79440K(83888K) Class: 11335K(14848K)->11335K(14848K)
[3686.999s][info][gc             ] GC(2558) Pause Young (Allocation Failure) 742M->81M(2039M) 2.420ms
[3686.999s][info][gc,cpu         ] GC(2558) User=0.00s Sys=0.00s Real=0.00s
[3689.376s][info][gc,start       ] GC(2559) Pause Young (GCLocker Initiated GC)
[3689.378s][info][gc,heap        ] GC(2559) PSYoungGen: 684123K->2411K(690176K)
[3689.378s][info][gc,heap        ] GC(2559) PSOldGen: 79943K->82683K(1398272K)
[3689.378s][info][gc,metaspace   ] GC(2559) Metaspace: 90775K(98736K)->90775K(98736K) NonClass: 79440K(83888K)->79440K(83888K) Class: 11335K(14848K)->11335K(14848K)
[3689.378s][info][gc             ] GC(2559) Pause Young (GCLocker Initiated GC) 746M->83M(2039M) 2.190ms
[3689.378s][info][gc,cpu         ] GC(2559) User=0.02s Sys=0.00s Real=0.00s
[3691.481s][info][gc,start       ] GC(2560) Pause Young (GCLocker Initiated GC)
[3691.483s][info][gc,heap        ] GC(2560) PSYoungGen: 683883K->3902K(690176K)
[3691.483s][info][gc,heap        ] GC(2560) PSOldGen: 82686K->84374K(1398272K)
[3691.483s][info][gc,metaspace   ] GC(2560) Metaspace: 90775K(98736K)->90775K(98736K) NonClass: 79440K(83888K)->79440K(83888K) Class: 11335K(14848K)->11335K(14848K)
[3691.483s][info][gc             ] GC(2560) Pause Young (GCLocker Initiated GC) 748M->86M(2039M) 2.585ms
[3691.483s][info][gc,cpu         ] GC(2560) User=0.00s Sys=0.00s Real=0.02s
[3692.126s][info][gc,start       ] GC(2561) Pause Young (Allocation Failure)
[3692.129s][info][gc,heap        ] GC(2561) PSYoungGen: 685374K->3715K(691200K)
[3692.129s][info][gc,heap        ] GC(2561) PSOldGen: 163223K->164875K(1398272K)
[3692.129s][info][gc,metaspace   ] GC(2561) Metaspace: 90775K(98736K)->90775K(98736K) NonClass: 79440K(83888K)->79440K(83888K) Class: 11335K(14848K)->11335K(14848K)
[3692.129s][info][gc             ] GC(2561) Pause Young (Allocation Failure) 828M->164M(2040M) 2.997ms
[3692.129s][info][gc,cpu         ] GC(2561) User=0.02s Sys=0.00s Real=0.00s
[3694.046s][info][gc,start       ] GC(2562) Pause Young (Allocation Failure)
[3694.048s][info][gc,heap        ] GC(2562) PSYoungGen: 682882K->2963K(690688K)
[3694.048s][info][gc,heap        ] GC(2562) PSOldGen: 164875K->167785K(1398272K)
[3694.048s][info][gc,metaspace   ] GC(2562) Metaspace: 90775K(98736K)->90775K(98736K) NonClass: 79440K(83888K)->79440K(83888K) Class: 11335K(14848K)->11335K(14848K)
[3694.048s][info][gc             ] GC(2562) Pause Young (Allocation Failure) 827M->166M(2040M) 2.645ms
[3694.048s][info][gc,cpu         ] GC(2562) User=0.02s Sys=0.00s Real=0.01s
[3696.460s][info][gc,start       ] GC(2563) Pause Young (Allocation Failure)
[3696.463s][info][gc,heap        ] GC(2563) PSYoungGen: 682747K->2545K(691200K)
[3696.463s][info][gc,heap        ] GC(2563) PSOldGen: 167785K->169651K(1398272K)
[3696.463s][info][gc,metaspace   ] GC(2563) Metaspace: 90775K(98736K)->90775K(98736K) NonClass: 79440K(83888K)->79440K(83888K) Class: 11335K(14848K)->11335K(14848K)
[3696.463s][info][gc             ] GC(2563) Pause Young (Allocation Failure) 830M->168M(2040M) 2.590ms
[3696.463s][info][gc,cpu         ] GC(2563) User=0.00s Sys=0.00s Real=0.00s
[3697.919s][info][gc,start       ] GC(2564) Pause Young (Allocation Failure)
[3697.922s][info][gc,heap        ] GC(2564) PSYoungGen: 685641K->2753K(691200K)
[3697.922s][info][gc,heap        ] GC(2564) PSOldGen: 169651K->171521K(1398272K)
[3697.922s][info][gc,metaspace   ] GC(2564) Metaspace: 90775K(98736K)->90775K(98736K) NonClass: 79440K(83888K)->79440K(83888K) Class: 11335K(14848K)->11335K(14848K)
[3697.922s][info][gc             ] GC(2564) Pause Young (Allocation Failure) 835M->170M(2040M) 2.628ms
[3697.922s][info][gc,cpu         ] GC(2564) User=0.00s Sys=0.00s Real=0.00s
[3698.643s][info][gc,start       ] GC(2565) Pause Young (Allocation Failure)
[3698.645s][info][gc,heap        ] GC(2565) PSYoungGen: 686273K->3440K(691712K)
[3698.645s][info][gc,heap        ] GC(2565) PSOldGen: 171521K->173646K(1398272K)
[3698.645s][info][gc,metaspace   ] GC(2565) Metaspace: 90775K(98736K)->90775K(98736K) NonClass: 79440K(83888K)->79440K(83888K) Class: 11335K(14848K)->11335K(14848K)
[3698.645s][info][gc             ] GC(2565) Pause Young (Allocation Failure) 837M->172M(2041M) 2.744ms
[3698.645s][info][gc,cpu         ] GC(2565) User=0.00s Sys=0.00s Real=0.00s
[3701.095s][info][gc,start       ] GC(2566) Pause Young (Allocation Failure)
[3701.098s][info][gc,heap        ] GC(2566) PSYoungGen: 687984K->2569K(691712K)
[3701.098s][info][gc,heap        ] GC(2566) PSOldGen: 173646K->176171K(1398272K)
[3701.098s][info][gc,metaspace   ] GC(2566) Metaspace: 90775K(98736K)->90775K(98736K) NonClass: 79440K(83888K)->79440K(83888K) Class: 11335K(14848K)->11335K(14848K)
[3701.098s][info][gc             ] GC(2566) Pause Young (Allocation Failure) 841M->174M(2041M) 2.615ms
[3701.098s][info][gc,cpu         ] GC(2566) User=0.00s Sys=0.00s Real=0.00s
[3703.273s][info][gc,start       ] GC(2567) Pause Young (Allocation Failure)
[3703.276s][info][gc,heap        ] GC(2567) PSYoungGen: 687113K->3948K(692224K)
[3703.276s][info][gc,heap        ] GC(2567) PSOldGen: 176171K->177889K(1398272K)
[3703.276s][info][gc,metaspace   ] GC(2567) Metaspace: 90775K(98736K)->90775K(98736K) NonClass: 79440K(83888K)->79440K(83888K) Class: 11335K(14848K)->11335K(14848K)
[3703.276s][info][gc             ] GC(2567) Pause Young (Allocation Failure) 843M->177M(2041M) 2.780ms
[3703.276s][info][gc,cpu         ] GC(2567) User=0.00s Sys=0.00s Real=0.00s
[3703.874s][info][gc,start       ] GC(2568) Pause Young (Allocation Failure)
[3703.877s][info][gc,heap        ] GC(2568) PSYoungGen: 688951K->4503K(692224K)
[3703.878s][info][gc,heap        ] GC(2568) PSOldGen: 177889K->180310K(1398272K)
[3703.878s][info][gc,metaspace   ] GC(2568) Metaspace: 90775K(98736K)->90775K(98736K) NonClass: 79440K(83888K)->79440K(83888K) Class: 11335K(14848K)->11335K(14848K)
[3703.878s][info][gc             ] GC(2568) Pause Young (Allocation Failure) 846M->180M(2041M) 3.287ms
[3703.878s][info][gc,cpu         ] GC(2568) User=0.05s Sys=0.00s Real=0.00s
[3705.780s][info][gc,start       ] GC(2569) Pause Young (Allocation Failure)
[3705.783s][info][gc,heap        ] GC(2569) PSYoungGen: 690071K->3285K(692224K)
[3705.783s][info][gc,heap        ] GC(2569) PSOldGen: 180310K->182189K(1398272K)
[3705.783s][info][gc,metaspace   ] GC(2569) Metaspace: 90775K(98736K)->90775K(98736K) NonClass: 79440K(83888K)->79440K(83888K) Class: 11335K(14848K)->11335K(14848K)
[3705.783s][info][gc             ] GC(2569) Pause Young (Allocation Failure) 849M->181M(2041M) 3.204ms
[3705.783s][info][gc,cpu         ] GC(2569) User=0.06s Sys=0.00s Real=0.00s
[3708.015s][info][gc,start       ] GC(2570) Pause Young (Allocation Failure)
[3708.018s][info][gc,heap        ] GC(2570) PSYoungGen: 688853K->2830K(692224K)
[3708.018s][info][gc,heap        ] GC(2570) PSOldGen: 182189K->184019K(1398272K)
[3708.018s][info][gc,metaspace   ] GC(2570) Metaspace: 90775K(98736K)->90775K(98736K) NonClass: 79440K(83888K)->79440K(83888K) Class: 11335K(14848K)->11335K(14848K)
[3708.018s][info][gc             ] GC(2570) Pause Young (Allocation Failure) 850M->182M(2041M) 2.454ms
[3708.018s][info][gc,cpu         ] GC(2570) User=0.09s Sys=0.00s Real=0.01s
[3709.613s][info][gc,start       ] GC(2571) Pause Young (Allocation Failure)
[3709.616s][info][gc,heap        ] GC(2571) PSYoungGen: 688398K->3553K(692736K)
[3709.616s][info][gc,heap        ] GC(2571) PSOldGen: 184019K->185888K(1398272K)
[3709.616s][info][gc,metaspace   ] GC(2571) Metaspace: 90775K(98736K)->90775K(98736K) NonClass: 79440K(83888K)->79440K(83888K) Class: 11335K(14848K)->11335K(14848K)
[3709.616s][info][gc             ] GC(2571) Pause Young (Allocation Failure) 851M->185M(2042M) 2.967ms
[3709.616s][info][gc,cpu         ] GC(2571) User=0.00s Sys=0.00s Real=0.00s
[3710.327s][info][gc,start       ] GC(2572) Pause Young (Allocation Failure)
[3710.330s][info][gc,heap        ] GC(2572) PSYoungGen: 690145K->3901K(692736K)
[3710.330s][info][gc,heap        ] GC(2572) PSOldGen: 185888K->187864K(1398272K)
[3710.330s][info][gc,metaspace   ] GC(2572) Metaspace: 90775K(98736K)->90775K(98736K) NonClass: 79440K(83888K)->79440K(83888K) Class: 11335K(14848K)->11335K(14848K)
[3710.330s][info][gc             ] GC(2572) Pause Young (Allocation Failure) 855M->187M(2042M) 2.592ms
[3710.330s][info][gc,cpu         ] GC(2572) User=0.00s Sys=0.00s Real=0.00s
[3712.533s][info][gc,start       ] GC(2573) Pause Young (Allocation Failure)
[3712.536s][info][gc,heap        ] GC(2573) PSYoungGen: 690493K->3997K(692736K)
[3712.536s][info][gc,heap        ] GC(2573) PSOldGen: 187864K->190932K(1398272K)
[3712.536s][info][gc,metaspace   ] GC(2573) Metaspace: 90775K(98736K)->90775K(98736K) NonClass: 79440K(83888K)->79440K(83888K) Class: 11335K(14848K)->11335K(14848K)
[3712.536s][info][gc             ] GC(2573) Pause Young (Allocation Failure) 857M->190M(2042M) 2.867ms
[3712.536s][info][gc,cpu         ] GC(2573) User=0.00s Sys=0.00s Real=0.00s
[3713.169s][info][gc,start       ] GC(2574) Pause Young (Allocation Failure)
[3713.172s][info][gc,heap        ] GC(2574) PSYoungGen: 690589K->3989K(692736K)
[3713.172s][info][gc,heap        ] GC(2574) PSOldGen: 190932K->193256K(1398272K)
[3713.172s][info][gc,metaspace   ] GC(2574) Metaspace: 90775K(98736K)->90775K(98736K) NonClass: 79440K(83888K)->79440K(83888K) Class: 11335K(14848K)->11335K(14848K)
[3713.172s][info][gc             ] GC(2574) Pause Young (Allocation Failure) 860M->192M(2042M) 2.496ms
[3713.172s][info][gc,cpu         ] GC(2574) User=0.00s Sys=0.00s Real=0.00s
[3715.402s][info][gc,start       ] GC(2575) Pause Young (Allocation Failure)
[3715.405s][info][gc,heap        ] GC(2575) PSYoungGen: 690581K->3293K(693248K)
[3715.405s][info][gc,heap        ] GC(2575) PSOldGen: 193256K->195267K(1398272K)
[3715.405s][info][gc,metaspace   ] GC(2575) Metaspace: 90775K(98736K)->90775K(98736K) NonClass: 79440K(83888K)->79440K(83888K) Class: 11335K(14848K)->11335K(14848K)
[3715.405s][info][gc             ] GC(2575) Pause Young (Allocation Failure) 863M->193M(2042M) 2.736ms
[3715.405s][info][gc,cpu         ] GC(2575) User=0.00s Sys=0.00s Real=0.00s
[3716.308s][info][gc,start       ] GC(2576) Pause Young (Allocation Failure)
[3716.311s][info][gc,heap        ] GC(2576) PSYoungGen: 690397K->3800K(692736K)
[3716.311s][info][gc,heap        ] GC(2576) PSOldGen: 195267K->197258K(1398272K)
[3716.311s][info][gc,metaspace   ] GC(2576) Metaspace: 90775K(98736K)->90775K(98736K) NonClass: 79440K(83888K)->79440K(83888K) Class: 11335K(14848K)->11335K(14848K)
[3716.311s][info][gc             ] GC(2576) Pause Young (Allocation Failure) 864M->196M(2042M) 2.932ms
[3716.311s][info][gc,cpu         ] GC(2576) User=0.00s Sys=0.00s Real=0.00s
[3717.659s][info][gc,start       ] GC(2577) Pause Young (Allocation Failure)
[3717.662s][info][gc,heap        ] GC(2577) PSYoungGen: 690904K->3692K(693248K)
[3717.662s][info][gc,heap        ] GC(2577) PSOldGen: 197258K->199768K(1398272K)
[3717.662s][info][gc,metaspace   ] GC(2577) Metaspace: 90775K(98736K)->90775K(98736K) NonClass: 79440K(83888K)->79440K(83888K) Class: 11335K(14848K)->11335K(14848K)
[3717.662s][info][gc             ] GC(2577) Pause Young (Allocation Failure) 867M->198M(2042M) 2.778ms
[3717.662s][info][gc,cpu         ] GC(2577) User=0.00s Sys=0.00s Real=0.00s
[3719.432s][info][gc,start       ] GC(2578) Pause Young (Allocation Failure)
[3719.437s][info][gc,heap        ] GC(2578) PSYoungGen: 691308K->5601K(693248K)
[3719.437s][info][gc,heap        ] GC(2578) PSOldGen: 199768K->203990K(1398272K)
[3719.437s][info][gc,metaspace   ] GC(2578) Metaspace: 90775K(98736K)->90775K(98736K) NonClass: 79440K(83888K)->79440K(83888K) Class: 11335K(14848K)->11335K(14848K)
[3719.437s][info][gc             ] GC(2578) Pause Young (Allocation Failure) 870M->204M(2042M) 4.793ms
[3719.437s][info][gc,cpu         ] GC(2578) User=0.00s Sys=0.00s Real=0.00s
[3720.160s][info][gc,start       ] GC(2579) Pause Young (Allocation Failure)
[3720.163s][info][gc,heap        ] GC(2579) PSYoungGen: 693217K->3421K(689152K)
[3720.163s][info][gc,heap        ] GC(2579) PSOldGen: 203990K->207146K(1398272K)
[3720.163s][info][gc,metaspace   ] GC(2579) Metaspace: 90775K(98736K)->90775K(98736K) NonClass: 79440K(83888K)->79440K(83888K) Class: 11335K(14848K)->11335K(14848K)
[3720.163s][info][gc             ] GC(2579) Pause Young (Allocation Failure) 876M->205M(2038M) 3.599ms
[3720.163s][info][gc,cpu         ] GC(2579) User=0.00s Sys=0.00s Real=0.00s
[3722.467s][info][gc,start       ] GC(2580) Pause Young (Allocation Failure)
[3722.471s][info][gc,heap        ] GC(2580) PSYoungGen: 686922K->3118K(691200K)
[3722.471s][info][gc,heap        ] GC(2580) PSOldGen: 207146K->210115K(1398272K)
[3722.471s][info][gc,metaspace   ] GC(2580) Metaspace: 90775K(98736K)->90775K(98736K) NonClass: 79440K(83888K)->79440K(83888K) Class: 11335K(14848K)->11335K(14848K)
[3722.471s][info][gc             ] GC(2580) Pause Young (Allocation Failure) 873M->208M(2040M) 3.280ms
[3722.471s][info][gc,cpu         ] GC(2580) User=0.06s Sys=0.00s Real=0.01s
[3723.284s][info][gc,start       ] GC(2581) Pause Young (System.gc())
[3723.287s][info][gc,heap        ] GC(2581) PSYoungGen: 677320K->1263K(690688K)
[3723.287s][info][gc,heap        ] GC(2581) PSOldGen: 210115K->212357K(1398272K)
[3723.287s][info][gc,metaspace   ] GC(2581) Metaspace: 90775K(98736K)->90775K(98736K) NonClass: 79440K(83888K)->79440K(83888K) Class: 11335K(14848K)->11335K(14848K)
[3723.287s][info][gc             ] GC(2581) Pause Young (System.gc()) 866M->208M(2040M) 2.526ms
[3723.287s][info][gc,cpu         ] GC(2581) User=0.00s Sys=0.00s Real=0.00s
[3723.287s][info][gc,start       ] GC(2582) Pause Full (System.gc())
[3723.289s][info][gc,phases,start] GC(2582) Phase 1: Mark live objects
[3723.344s][info][gc,phases      ] GC(2582) Phase 1: Mark live objects 54.976ms
[3723.344s][info][gc,phases,start] GC(2582) Phase 2: Compute new object addresses
[3723.357s][info][gc,phases      ] GC(2582) Phase 2: Compute new object addresses 13.868ms
[3723.357s][info][gc,phases,start] GC(2582) Phase 3: Adjust pointers
[3723.393s][info][gc,phases      ] GC(2582) Phase 3: Adjust pointers 35.521ms
[3723.393s][info][gc,phases,start] GC(2582) Phase 4: Move objects
[3723.399s][info][gc,phases      ] GC(2582) Phase 4: Move objects 6.205ms
[3723.402s][info][gc,heap        ] GC(2582) PSYoungGen: 1263K->0K(690688K)
[3723.402s][info][gc,heap        ] GC(2582) PSOldGen: 212357K->115710K(1398272K)
[3723.402s][info][gc,metaspace   ] GC(2582) Metaspace: 90775K(98736K)->90775K(98736K) NonClass: 79440K(83888K)->79440K(83888K) Class: 11335K(14848K)->11335K(14848K)
[3723.402s][info][gc             ] GC(2582) Pause Full (System.gc()) 208M->112M(2040M) 114.905ms
[3723.402s][info][gc,cpu         ] GC(2582) User=0.11s Sys=0.00s Real=0.12s
[3724.294s][info][gc,start       ] GC(2583) Pause Young (Allocation Failure)
[3724.296s][info][gc,heap        ] GC(2583) PSYoungGen: 683520K->3553K(691200K)
[3724.296s][info][gc,heap        ] GC(2583) PSOldGen: 115710K->115710K(1398272K)
[3724.296s][info][gc,metaspace   ] GC(2583) Metaspace: 90775K(98736K)->90775K(98736K) NonClass: 79440K(83888K)->79440K(83888K) Class: 11335K(14848K)->11335K(14848K)
[3724.296s][info][gc             ] GC(2583) Pause Young (Allocation Failure) 780M->116M(2040M) 2.392ms
[3724.296s][info][gc,cpu         ] GC(2583) User=0.00s Sys=0.00s Real=0.00s
[3726.622s][info][gc,start       ] GC(2584) Pause Young (Allocation Failure)
[3726.624s][info][gc,heap        ] GC(2584) PSYoungGen: 687073K->2304K(691712K)
[3726.624s][info][gc,heap        ] GC(2584) PSOldGen: 115710K->118279K(1398272K)
[3726.624s][info][gc,metaspace   ] GC(2584) Metaspace: 90775K(98736K)->90775K(98736K) NonClass: 79440K(83888K)->79440K(83888K) Class: 11335K(14848K)->11335K(14848K)
[3726.624s][info][gc             ] GC(2584) Pause Young (Allocation Failure) 783M->117M(2041M) 2.393ms
[3726.624s][info][gc,cpu         ] GC(2584) User=0.00s Sys=0.00s Real=0.00s
[3728.763s][info][gc,start       ] GC(2585) Pause Young (Allocation Failure)
[3728.765s][info][gc,heap        ] GC(2585) PSYoungGen: 686314K->2223K(691712K)
[3728.765s][info][gc,heap        ] GC(2585) PSOldGen: 118279K->119793K(1398272K)
[3728.765s][info][gc,metaspace   ] GC(2585) Metaspace: 90775K(98736K)->90775K(98736K) NonClass: 79440K(83888K)->79440K(83888K) Class: 11335K(14848K)->11335K(14848K)
[3728.765s][info][gc             ] GC(2585) Pause Young (Allocation Failure) 785M->119M(2041M) 2.351ms
[3728.765s][info][gc,cpu         ] GC(2585) User=0.00s Sys=0.00s Real=0.00s
[3729.398s][info][gc,start       ] GC(2586) Pause Young (Allocation Failure)
[3729.401s][info][gc,heap        ] GC(2586) PSYoungGen: 685726K->7139K(687616K)
[3729.401s][info][gc,heap        ] GC(2586) PSOldGen: 119793K->123546K(1398272K)
[3729.401s][info][gc,metaspace   ] GC(2586) Metaspace: 90775K(98736K)->90775K(98736K) NonClass: 79440K(83888K)->79440K(83888K) Class: 11335K(14848K)->11335K(14848K)
[3729.401s][info][gc             ] GC(2586) Pause Young (Allocation Failure) 786M->127M(2037M) 3.167ms
[3729.401s][info][gc,cpu         ] GC(2586) User=0.00s Sys=0.00s Real=0.00s
[3730.976s][info][gc,start       ] GC(2587) Pause Young (Allocation Failure)
[3730.979s][info][gc,heap        ] GC(2587) PSYoungGen: 687587K->7665K(688128K)
[3730.979s][info][gc,heap        ] GC(2587) PSOldGen: 123546K->126105K(1398272K)
[3730.979s][info][gc,metaspace   ] GC(2587) Metaspace: 90775K(98736K)->90775K(98736K) NonClass: 79440K(83888K)->79440K(83888K) Class: 11335K(14848K)->11335K(14848K)
[3730.979s][info][gc             ] GC(2587) Pause Young (Allocation Failure) 792M->130M(2037M) 2.955ms
[3730.979s][info][gc,cpu         ] GC(2587) User=0.00s Sys=0.00s Real=0.02s
[3733.397s][info][gc,start       ] GC(2588) Pause Young (Allocation Failure)
[3733.400s][info][gc,heap        ] GC(2588) PSYoungGen: 688113K->4259K(689152K)
[3733.400s][info][gc,heap        ] GC(2588) PSOldGen: 126105K->131967K(1398272K)
[3733.400s][info][gc,metaspace   ] GC(2588) Metaspace: 90775K(98736K)->90775K(98736K) NonClass: 79440K(83888K)->79440K(83888K) Class: 11335K(14848K)->11335K(14848K)
[3733.400s][info][gc             ] GC(2588) Pause Young (Allocation Failure) 795M->133M(2038M) 3.317ms
[3733.400s][info][gc,cpu         ] GC(2588) User=0.00s Sys=0.00s Real=0.02s
[3735.067s][info][gc,start       ] GC(2589) Pause Young (Allocation Failure)
[3735.071s][info][gc,heap        ] GC(2589) PSYoungGen: 683171K->7041K(688640K)
[3735.071s][info][gc,heap        ] GC(2589) PSOldGen: 131967K->133844K(1398272K)
[3735.071s][info][gc,metaspace   ] GC(2589) Metaspace: 90776K(98736K)->90776K(98736K) NonClass: 79441K(83888K)->79441K(83888K) Class: 11335K(14848K)->11335K(14848K)
[3735.071s][info][gc             ] GC(2589) Pause Young (Allocation Failure) 796M->137M(2038M) 4.399ms
[3735.071s][info][gc,cpu         ] GC(2589) User=0.00s Sys=0.00s Real=0.01s
[3735.815s][info][gc,start       ] GC(2590) Pause Young (Allocation Failure)
[3735.818s][info][gc,heap        ] GC(2590) PSYoungGen: 685953K->3539K(689152K)
[3735.818s][info][gc,heap        ] GC(2590) PSOldGen: 133844K->136089K(1398272K)
[3735.818s][info][gc,metaspace   ] GC(2590) Metaspace: 90776K(98736K)->90776K(98736K) NonClass: 79441K(83888K)->79441K(83888K) Class: 11335K(14848K)->11335K(14848K)
[3735.818s][info][gc             ] GC(2590) Pause Young (Allocation Failure) 800M->136M(2038M) 3.023ms
[3735.818s][info][gc,cpu         ] GC(2590) User=0.00s Sys=0.00s Real=0.00s
[3738.113s][info][gc,start       ] GC(2591) Pause Young (Allocation Failure)
[3738.117s][info][gc,heap        ] GC(2591) PSYoungGen: 682451K->3039K(688640K)
[3738.117s][info][gc,heap        ] GC(2591) PSOldGen: 136089K->139000K(1398272K)
[3738.117s][info][gc,metaspace   ] GC(2591) Metaspace: 90776K(98736K)->90776K(98736K) NonClass: 79441K(83888K)->79441K(83888K) Class: 11335K(14848K)->11335K(14848K)
[3738.117s][info][gc             ] GC(2591) Pause Young (Allocation Failure) 799M->138M(2038M) 3.656ms
[3738.117s][info][gc,cpu         ] GC(2591) User=0.00s Sys=0.00s Real=0.00s
[3740.349s][info][gc,start       ] GC(2592) Pause Young (Allocation Failure)
[3740.352s][info][gc,heap        ] GC(2592) PSYoungGen: 681951K->2987K(689664K)
[3740.352s][info][gc,heap        ] GC(2592) PSOldGen: 139000K->140817K(1398272K)
[3740.352s][info][gc,metaspace   ] GC(2592) Metaspace: 90776K(98736K)->90776K(98736K) NonClass: 79441K(83888K)->79441K(83888K) Class: 11335K(14848K)->11335K(14848K)
[3740.352s][info][gc             ] GC(2592) Pause Young (Allocation Failure) 801M->140M(2039M) 3.027ms
[3740.352s][info][gc,cpu         ] GC(2592) User=0.00s Sys=0.00s Real=0.00s
[3741.141s][info][gc,start       ] GC(2593) Pause Young (Allocation Failure)
[3741.144s][info][gc,heap        ] GC(2593) PSYoungGen: 682923K->4115K(689152K)
[3741.144s][info][gc,heap        ] GC(2593) PSOldGen: 140817K->142300K(1398272K)
[3741.144s][info][gc,metaspace   ] GC(2593) Metaspace: 90776K(98736K)->90776K(98736K) NonClass: 79441K(83888K)->79441K(83888K) Class: 11335K(14848K)->11335K(14848K)
[3741.144s][info][gc             ] GC(2593) Pause Young (Allocation Failure) 804M->142M(2038M) 3.002ms
[3741.144s][info][gc,cpu         ] GC(2593) User=0.05s Sys=0.00s Real=0.01s
[3742.629s][info][gc,start       ] GC(2594) Pause Young (Allocation Failure)
[3742.632s][info][gc,heap        ] GC(2594) PSYoungGen: 684051K->2920K(690176K)
[3742.632s][info][gc,heap        ] GC(2594) PSOldGen: 142300K->145452K(1398272K)
[3742.632s][info][gc,metaspace   ] GC(2594) Metaspace: 90776K(98736K)->90776K(98736K) NonClass: 79441K(83888K)->79441K(83888K) Class: 11335K(14848K)->11335K(14848K)
[3742.632s][info][gc             ] GC(2594) Pause Young (Allocation Failure) 806M->144M(2039M) 3.070ms
[3742.632s][info][gc,cpu         ] GC(2594) User=0.00s Sys=0.00s Real=0.00s
[3744.849s][info][gc,start       ] GC(2595) Pause Young (Allocation Failure)
[3744.851s][info][gc,heap        ] GC(2595) PSYoungGen: 683346K->2539K(689664K)
[3744.851s][info][gc,heap        ] GC(2595) PSOldGen: 145452K->147072K(1398272K)
[3744.851s][info][gc,metaspace   ] GC(2595) Metaspace: 90776K(98736K)->90776K(98736K) NonClass: 79441K(83888K)->79441K(83888K) Class: 11335K(14848K)->11335K(14848K)
[3744.851s][info][gc             ] GC(2595) Pause Young (Allocation Failure) 809M->146M(2039M) 2.470ms
[3744.851s][info][gc,cpu         ] GC(2595) User=0.00s Sys=0.00s Real=0.00s
[3746.685s][info][gc,start       ] GC(2596) Pause Young (Allocation Failure)
[3746.689s][info][gc,heap        ] GC(2596) PSYoungGen: 683499K->4813K(690176K)
[3746.689s][info][gc,heap        ] GC(2596) PSOldGen: 147072K->148881K(1398272K)
[3746.689s][info][gc,metaspace   ] GC(2596) Metaspace: 90776K(98736K)->90776K(98736K) NonClass: 79441K(83888K)->79441K(83888K) Class: 11335K(14848K)->11335K(14848K)
[3746.689s][info][gc             ] GC(2596) Pause Young (Allocation Failure) 811M->150M(2039M) 3.614ms
[3746.689s][info][gc,cpu         ] GC(2596) User=0.00s Sys=0.00s Real=0.00s
[3747.447s][info][gc,start       ] GC(2597) Pause Young (Allocation Failure)
[3747.450s][info][gc,heap        ] GC(2597) PSYoungGen: 686285K->3336K(690176K)
[3747.450s][info][gc,heap        ] GC(2597) PSOldGen: 148881K->150991K(1398272K)
[3747.450s][info][gc,metaspace   ] GC(2597) Metaspace: 90776K(98736K)->90776K(98736K) NonClass: 79441K(83888K)->79441K(83888K) Class: 11335K(14848K)->11335K(14848K)
[3747.450s][info][gc             ] GC(2597) Pause Young (Allocation Failure) 815M->150M(2039M) 2.888ms
[3747.450s][info][gc,cpu         ] GC(2597) User=0.00s Sys=0.00s Real=0.01s
[3749.607s][info][gc,start       ] GC(2598) Pause Young (Allocation Failure)
[3749.610s][info][gc,heap        ] GC(2598) PSYoungGen: 684808K->3352K(691200K)
[3749.610s][info][gc,heap        ] GC(2598) PSOldGen: 150991K->153804K(1398272K)
[3749.610s][info][gc,metaspace   ] GC(2598) Metaspace: 90776K(98736K)->90776K(98736K) NonClass: 79441K(83888K)->79441K(83888K) Class: 11335K(14848K)->11335K(14848K)
[3749.610s][info][gc             ] GC(2598) Pause Young (Allocation Failure) 816M->153M(2040M) 3.122ms
[3749.610s][info][gc,cpu         ] GC(2598) User=0.00s Sys=0.00s Real=0.00s
[3750.277s][info][gc,start       ] GC(2599) Pause Young (Allocation Failure)
[3750.281s][info][gc,heap        ] GC(2599) PSYoungGen: 684252K->7668K(690688K)
[3750.281s][info][gc,heap        ] GC(2599) PSOldGen: 153804K->160780K(1398272K)
[3750.281s][info][gc,metaspace   ] GC(2599) Metaspace: 90776K(98736K)->90776K(98736K) NonClass: 79441K(83888K)->79441K(83888K) Class: 11335K(14848K)->11335K(14848K)
[3750.281s][info][gc             ] GC(2599) Pause Young (Allocation Failure) 818M->164M(2040M) 4.035ms
[3750.281s][info][gc,cpu         ] GC(2599) User=0.00s Sys=0.00s Real=0.00s
[3752.012s][info][gc,start       ] GC(2600) Pause Young (Allocation Failure)
[3752.015s][info][gc,heap        ] GC(2600) PSYoungGen: 690676K->8182K(680448K)
[3752.015s][info][gc,heap        ] GC(2600) PSOldGen: 160780K->163860K(1398272K)
[3752.015s][info][gc,metaspace   ] GC(2600) Metaspace: 90776K(98736K)->90776K(98736K) NonClass: 79441K(83888K)->79441K(83888K) Class: 11335K(14848K)->11335K(14848K)
[3752.015s][info][gc             ] GC(2600) Pause Young (Allocation Failure) 831M->168M(2030M) 3.161ms
[3752.015s][info][gc,cpu         ] GC(2600) User=0.00s Sys=0.00s Real=0.01s
[3753.499s][info][gc,start       ] GC(2601) Pause Young (Allocation Failure)
[3753.503s][info][gc,heap        ] GC(2601) PSYoungGen: 680438K->3806K(685568K)
[3753.503s][info][gc,heap        ] GC(2601) PSOldGen: 163860K->170398K(1398272K)
[3753.503s][info][gc,metaspace   ] GC(2601) Metaspace: 90776K(98736K)->90776K(98736K) NonClass: 79441K(83888K)->79441K(83888K) Class: 11335K(14848K)->11335K(14848K)
[3753.503s][info][gc             ] GC(2601) Pause Young (Allocation Failure) 824M->170M(2035M) 3.555ms
[3753.503s][info][gc,cpu         ] GC(2601) User=0.06s Sys=0.00s Real=0.00s
[3754.242s][info][gc,start       ] GC(2602) Pause Young (Allocation Failure)
[3754.244s][info][gc,heap        ] GC(2602) PSYoungGen: 676062K->3408K(686592K)
[3754.244s][info][gc,heap        ] GC(2602) PSOldGen: 170398K->172521K(1398272K)
[3754.244s][info][gc,metaspace   ] GC(2602) Metaspace: 90776K(98736K)->90776K(98736K) NonClass: 79441K(83888K)->79441K(83888K) Class: 11335K(14848K)->11335K(14848K)
[3754.244s][info][gc             ] GC(2602) Pause Young (Allocation Failure) 826M->171M(2036M) 2.844ms
[3754.244s][info][gc,cpu         ] GC(2602) User=0.00s Sys=0.00s Real=0.00s
[3756.335s][info][gc,start       ] GC(2603) Pause Young (Allocation Failure)
[3756.338s][info][gc,heap        ] GC(2603) PSYoungGen: 677200K->3693K(686080K)
[3756.338s][info][gc,heap        ] GC(2603) PSOldGen: 172521K->175478K(1398272K)
[3756.338s][info][gc,metaspace   ] GC(2603) Metaspace: 90776K(98736K)->90776K(98736K) NonClass: 79441K(83888K)->79441K(83888K) Class: 11335K(14848K)->11335K(14848K)
[3756.338s][info][gc             ] GC(2603) Pause Young (Allocation Failure) 829M->174M(2035M) 2.867ms
[3756.338s][info][gc,cpu         ] GC(2603) User=0.00s Sys=0.00s Real=0.00s
[3756.931s][info][gc,start       ] GC(2604) Pause Young (Allocation Failure)
[3756.933s][info][gc,heap        ] GC(2604) PSYoungGen: 677485K->3190K(687104K)
[3756.933s][info][gc,heap        ] GC(2604) PSOldGen: 175478K->177908K(1398272K)
[3756.934s][info][gc,metaspace   ] GC(2604) Metaspace: 90776K(98736K)->90776K(98736K) NonClass: 79441K(83888K)->79441K(83888K) Class: 11335K(14848K)->11335K(14848K)
[3756.934s][info][gc             ] GC(2604) Pause Young (Allocation Failure) 832M->176M(2036M) 2.418ms
[3756.934s][info][gc,cpu         ] GC(2604) User=0.00s Sys=0.00s Real=0.00s
[3758.965s][info][gc,start       ] GC(2605) Pause Young (Allocation Failure)
[3758.967s][info][gc,heap        ] GC(2605) PSYoungGen: 678518K->3440K(687104K)
[3758.967s][info][gc,heap        ] GC(2605) PSOldGen: 177908K->179512K(1398272K)
[3758.967s][info][gc,metaspace   ] GC(2605) Metaspace: 90776K(98736K)->90776K(98736K) NonClass: 79441K(83888K)->79441K(83888K) Class: 11335K(14848K)->11335K(14848K)
[3758.967s][info][gc             ] GC(2605) Pause Young (Allocation Failure) 836M->178M(2036M) 2.593ms
[3758.967s][info][gc,cpu         ] GC(2605) User=0.00s Sys=0.00s Real=0.01s
[3760.328s][info][gc,start       ] GC(2606) Pause Young (Allocation Failure)
[3760.331s][info][gc,heap        ] GC(2606) PSYoungGen: 678768K->3542K(688128K)
[3760.331s][info][gc,heap        ] GC(2606) PSOldGen: 179512K->181938K(1398272K)
[3760.331s][info][gc,metaspace   ] GC(2606) Metaspace: 90776K(98736K)->90776K(98736K) NonClass: 79441K(83888K)->79441K(83888K) Class: 11335K(14848K)->11335K(14848K)
[3760.331s][info][gc             ] GC(2606) Pause Young (Allocation Failure) 838M->181M(2037M) 3.246ms
[3760.331s][info][gc,cpu         ] GC(2606) User=0.08s Sys=0.00s Real=0.00s
[3761.123s][info][gc,heap,exit   ] Heap
[3761.123s][info][gc,heap,exit   ]  PSYoungGen      total 688128K, used 277674K [0x00000000d5580000, 0x0000000100000000, 0x0000000100000000)
[3761.123s][info][gc,heap,exit   ]   eden space 676864K, 40% used [0x00000000d5580000,0x00000000e6134ec0,0x00000000fea80000)
[3761.123s][info][gc,heap,exit   ]   from space 11264K, 31% used [0x00000000ff500000,0x00000000ff8759f8,0x0000000100000000)
[3761.123s][info][gc,heap,exit   ]   to   space 10752K, 0% used [0x00000000fea80000,0x00000000fea80000,0x00000000ff500000)
[3761.123s][info][gc,heap,exit   ]  PSOldGen        total 1398272K, used 181938K [0x0000000080000000, 0x00000000d5580000, 0x00000000d5580000)
[3761.123s][info][gc,heap,exit   ]   object space 1398272K, 13% used [0x0000000080000000,0x000000008b1ac8a0,0x00000000d5580000)
[3761.123s][info][gc,heap,exit   ]  Metaspace       used 91300K, capacity 96455K, committed 98992K, reserved 1134592K
[3761.123s][info][gc,heap,exit   ]   class space    used 11449K, capacity 13711K, committed 14848K, reserved 1048576K
