[0.004s][info][gc] Min heap equals to max heap, disabling ShenandoahUncommit
[0.007s][info][gc] Heuristics ergonomically sets -XX:+ExplicitGCInvokesConcurrent
[0.007s][info][gc] Heuristics ergonomically sets -XX:+ShenandoahImplicitGCInvokesConcurrent
[0.007s][info][gc] Using Shenandoah
[0.010s][info][gc,ergo] Pacer for Idle. Initial: 41943K, Alloc Tax Rate: 1.0x
[0.010s][info][gc,init] Version: 17.0.12+7-adhoc..jdk17u (release)
[0.010s][info][gc,init] CPUs: 6 total, 6 available
[0.010s][info][gc,init] Memory: 15591M
[0.010s][info][gc,init] Large Page Support: Disabled
[0.010s][info][gc,init] NUMA Support: Disabled
[0.013s][info][gc,init] Compressed Oops: Enabled (32-bit)
[0.013s][info][gc,init] Heap Min Capacity: 2G
[0.013s][info][gc,init] Heap Initial Capacity: 2G
[0.013s][info][gc,init] Heap Max Capacity: 2G
[0.013s][info][gc,init] Pre-touch: Disabled
[0.013s][info][gc,init] Mode: Snapshot-At-The-Beginning (SATB)
[0.013s][info][gc,init] Heuristics: Adaptive
[0.013s][info][gc,init] Heap Region Count: 2048
[0.013s][info][gc,init] Heap Region Size: 1M
[0.013s][info][gc,init] TLAB Size Max: 1M
[0.013s][info][gc,init] Humongous Object Threshold: 1M
[0.013s][info][gc,init] Parallel Workers: 3
[0.013s][info][gc,init] Concurrent Workers: 1
[0.021s][info][gc,metaspace] CDS archive(s) mapped at: [0x000001be39000000-0x000001be39bc0000-0x000001be39bc0000), size 12320768, SharedBaseAddress: 0x000001be39000000, ArchiveRelocationMode: 1.
[0.021s][info][gc,metaspace] Compressed class space mapped at: 0x000001be3a000000-0x000001be7a000000, reserved size: 1073741824
[0.021s][info][gc,metaspace] Narrow klass base: 0x000001be39000000, Narrow klass shift: 0, Narrow klass range: 0x100000000
[0.912s][info][gc          ] Trigger: Explicit GC request (System.gc())
[0.912s][info][gc,ergo     ] Free: 1920M, Max: 1024K regular, 1920M humongous, Frag: 0% external, 0% internal; Reserve: 103M, Max: 1024K
[0.912s][info][gc,start    ] GC(0) Concurrent reset
[0.912s][info][gc,task     ] GC(0) Using 1 of 3 workers for concurrent reset
[0.912s][info][gc,ergo     ] GC(0) Pacer for Reset. Non-Taxable: 2048M
[0.912s][info][gc          ] GC(0) Concurrent reset 0.274ms
[0.912s][info][gc,start    ] GC(0) Pause Init Mark (unload classes)
[0.913s][info][gc,task     ] GC(0) Using 3 of 3 workers for init marking
[0.913s][info][gc,ref      ] GC(0) Clearing All SoftReferences
[0.913s][info][gc,ergo     ] GC(0) Pacer for Mark. Expected Live: 204M, Free: 1920M, Non-Taxable: 192M, Alloc Tax Rate: 0.1x
[0.913s][info][gc          ] GC(0) Pause Init Mark (unload classes) 0.523ms
[0.913s][info][gc,start    ] GC(0) Concurrent marking roots
[0.913s][info][gc,task     ] GC(0) Using 1 of 3 workers for concurrent marking roots
[0.914s][info][gc          ] GC(0) Concurrent marking roots 0.931ms
[0.914s][info][gc,start    ] GC(0) Concurrent marking (unload classes)
[0.914s][info][gc,task     ] GC(0) Using 1 of 3 workers for concurrent marking
[0.918s][info][gc          ] GC(0) Concurrent marking (unload classes) 4.146ms
[0.918s][info][gc,start    ] GC(0) Pause Final Mark (unload classes)
[0.918s][info][gc,task     ] GC(0) Using 3 of 3 workers for final marking
[0.918s][info][gc,ergo     ] GC(0) Adaptive CSet Selection. Target Free: 290M, Actual Free: 2023M, Max CSet: 87381K, Min Garbage: 0B
[0.918s][info][gc,ergo     ] GC(0) Collectable Garbage: 22599K (100%), Immediate: 0B (0%), CSet: 22599K (100%)
[0.918s][info][gc,ergo     ] GC(0) Pacer for Evacuation. Used CSet: 25600K, Free: 1920M, Non-Taxable: 192M, Alloc Tax Rate: 1.1x
[0.918s][info][gc          ] GC(0) Pause Final Mark (unload classes) 0.292ms
[0.919s][info][gc,start    ] GC(0) Concurrent thread roots
[0.919s][info][gc,task     ] GC(0) Using 1 of 3 workers for Concurrent thread roots
[0.919s][info][gc          ] GC(0) Concurrent thread roots 0.711ms
[0.919s][info][gc,start    ] GC(0) Concurrent weak references
[0.919s][info][gc,task     ] GC(0) Using 1 of 3 workers for concurrent weak references
[0.919s][info][gc,ref      ] GC(0) Encountered references: Soft: 240, Weak: 751, Final: 0, Phantom: 221
[0.919s][info][gc,ref      ] GC(0) Discovered  references: Soft: 195, Weak: 332, Final: 0, Phantom: 219
[0.919s][info][gc,ref      ] GC(0) Enqueued    references: Soft: 129, Weak: 174, Final: 0, Phantom: 194
[0.920s][info][gc          ] GC(0) Concurrent weak references 0.237ms
[0.920s][info][gc,start    ] GC(0) Concurrent weak roots
[0.920s][info][gc,task     ] GC(0) Using 1 of 3 workers for concurrent weak root
[0.920s][info][gc          ] GC(0) Concurrent weak roots 0.955ms
[0.921s][info][gc,start    ] GC(0) Concurrent cleanup
[0.921s][info][gc          ] GC(0) Concurrent cleanup 25M->25M(2048M) 0.030ms
[0.921s][info][gc,ergo     ] GC(0) Free: 1920M, Max: 1024K regular, 1920M humongous, Frag: 0% external, 0% internal; Reserve: 102M, Max: 1024K
[0.921s][info][gc,start    ] GC(0) Concurrent class unloading
[0.921s][info][gc,task     ] GC(0) Using 1 of 3 workers for concurrent class unloading
[0.924s][info][gc          ] GC(0) Concurrent class unloading 2.963ms
[0.924s][info][gc,start    ] GC(0) Concurrent strong roots
[0.924s][info][gc,task     ] GC(0) Using 1 of 3 workers for concurrent strong root
[0.924s][info][gc          ] GC(0) Concurrent strong roots 0.378ms
[0.924s][info][gc,start    ] GC(0) Concurrent evacuation
[0.924s][info][gc,task     ] GC(0) Using 1 of 3 workers for concurrent evacuation
[0.927s][info][gc          ] GC(0) Concurrent evacuation 2.606ms
[0.927s][info][gc,start    ] GC(0) Pause Init Update Refs
[0.927s][info][gc,ergo     ] GC(0) Pacer for Update Refs. Used: 29696K, Free: 1920M, Non-Taxable: 192M, Alloc Tax Rate: 1.1x
[0.927s][info][gc          ] GC(0) Pause Init Update Refs 0.057ms
[0.927s][info][gc,start    ] GC(0) Concurrent update references
[0.927s][info][gc,task     ] GC(0) Using 1 of 3 workers for concurrent reference update
[0.929s][info][gc          ] GC(0) Concurrent update references 2.529ms
[0.929s][info][gc,start    ] GC(0) Concurrent update thread roots
[0.930s][info][gc          ] GC(0) Concurrent update thread roots 0.345ms
[0.930s][info][gc,start    ] GC(0) Pause Final Update Refs
[0.930s][info][gc,task     ] GC(0) Using 3 of 3 workers for final reference update
[0.930s][info][gc          ] GC(0) Pause Final Update Refs 0.147ms
[0.930s][info][gc,start    ] GC(0) Concurrent cleanup
[0.930s][info][gc          ] GC(0) Concurrent cleanup 29M->4M(2048M) 0.060ms
[0.930s][info][gc,ergo     ] Free: 1941M, Max: 1024K regular, 1941M humongous, Frag: 0% external, 0% internal; Reserve: 103M, Max: 1024K
[0.930s][info][gc,stats    ] 
[0.930s][info][gc,stats    ] All times are wall-clock times, except per-root-class counters, that are sum over
[0.930s][info][gc,stats    ] all workers. Dividing the <total> over the root stage time estimates parallelism.
[0.930s][info][gc,stats    ] 
[0.930s][info][gc,stats    ] Concurrent Reset                    320 us
[0.930s][info][gc,stats    ] Pause Init Mark (G)                 666 us
[0.930s][info][gc,stats    ] Pause Init Mark (N)                 556 us
[0.930s][info][gc,stats    ]   Update Region States              109 us
[0.930s][info][gc,stats    ] Concurrent Mark Roots               949 us, parallelism: 0.89x
[0.930s][info][gc,stats    ]   CMR: <total>                      841 us
[0.930s][info][gc,stats    ]   CMR: Thread Roots                 608 us, workers (us): 608, ---, ---, 
[0.930s][info][gc,stats    ]   CMR: VM Strong Roots               55 us, workers (us):  55, ---, ---, 
[0.930s][info][gc,stats    ]   CMR: CLDG Roots                   178 us, workers (us): 178, ---, ---, 
[0.930s][info][gc,stats    ] Concurrent Marking                 4197 us
[0.930s][info][gc,stats    ] Pause Final Mark (G)                373 us
[0.930s][info][gc,stats    ] Pause Final Mark (N)                308 us
[0.930s][info][gc,stats    ]   Finish Mark                        74 us
[0.930s][info][gc,stats    ]   Update Region States               41 us
[0.930s][info][gc,stats    ]   Choose Collection Set              62 us
[0.930s][info][gc,stats    ]   Rebuild Free Set                   16 us
[0.931s][info][gc,stats    ] Concurrent Thread Roots             734 us, parallelism: 0.79x
[0.931s][info][gc,stats    ]   CTR: <total>                      580 us
[0.931s][info][gc,stats    ]   CTR: Thread Roots                 580 us, workers (us): 580, ---, ---, 
[0.931s][info][gc,stats    ] Concurrent Weak References          244 us, parallelism: 0.32x
[0.931s][info][gc,stats    ]   CWRF: <total>                      79 us
[0.931s][info][gc,stats    ]   CWRF: Weak References              79 us, workers (us):  79, ---, ---, 
[0.931s][info][gc,stats    ] Concurrent Weak Roots               997 us
[0.931s][info][gc,stats    ]   Roots                             845 us, parallelism: 0.83x
[0.931s][info][gc,stats    ]     CWR: <total>                    704 us
[0.931s][info][gc,stats    ]     CWR: Code Cache Roots           245 us, workers (us): 245, ---, ---, 
[0.931s][info][gc,stats    ]     CWR: VM Weak Roots              452 us, workers (us): 452, ---, ---, 
[0.931s][info][gc,stats    ]     CWR: CLDG Roots                   7 us, workers (us):   7, ---, ---, 
[0.931s][info][gc,stats    ]   Rendezvous                         92 us
[0.931s][info][gc,stats    ] Concurrent Cleanup                   39 us
[0.931s][info][gc,stats    ] Concurrent Class Unloading         3022 us
[0.931s][info][gc,stats    ]   Unlink Stale                     2647 us
[0.931s][info][gc,stats    ]     System Dictionary                77 us
[0.931s][info][gc,stats    ]     Weak Class Links               1230 us
[0.931s][info][gc,stats    ]     Code Roots                     1338 us
[0.931s][info][gc,stats    ]   Rendezvous                        142 us
[0.931s][info][gc,stats    ]   Purge Unlinked                    156 us
[0.931s][info][gc,stats    ]     Code Roots                      136 us
[0.931s][info][gc,stats    ]     CLDG                             19 us
[0.931s][info][gc,stats    ]     Exception Caches                  0 us
[0.931s][info][gc,stats    ] Concurrent Strong Roots             433 us, parallelism: 0.70x
[0.931s][info][gc,stats    ]   CSR: <total>                      304 us
[0.931s][info][gc,stats    ]   CSR: VM Strong Roots               16 us, workers (us):  16, ---, ---, 
[0.931s][info][gc,stats    ]   CSR: CLDG Roots                   288 us, workers (us): 288, ---, ---, 
[0.931s][info][gc,stats    ] Concurrent Evacuation              2679 us
[0.931s][info][gc,stats    ] Pause Init Update Refs (G)          130 us
[0.931s][info][gc,stats    ] Pause Init Update Refs (N)           66 us
[0.931s][info][gc,stats    ]   Manage GCLABs                       3 us
[0.931s][info][gc,stats    ] Concurrent Update Refs             2555 us
[0.931s][info][gc,stats    ] Concurrent Update Thread Roots      363 us
[0.931s][info][gc,stats    ] Pause Final Update Refs (G)         223 us
[0.931s][info][gc,stats    ] Pause Final Update Refs (N)         167 us
[0.931s][info][gc,stats    ]   Update Region States               67 us
[0.931s][info][gc,stats    ]   Trash Collection Set                4 us
[0.931s][info][gc,stats    ]   Rebuild Free Set                   23 us
[0.931s][info][gc,stats    ] Concurrent Cleanup                   81 us
[0.931s][info][gc,stats    ] 
[0.931s][info][gc,stats    ] Allocation pacing accrued:
[0.931s][info][gc,stats    ]       0 of   921 ms (  0.0%): <total>
[0.931s][info][gc,stats    ]       0 of   921 ms (  0.0%): <average total>
[0.931s][info][gc,stats    ] 
[0.931s][info][gc,metaspace] Metaspace: 8502K(8704K)->8515K(8768K) NonClass: 7375K(7488K)->7385K(7552K) Class: 1127K(1216K)->1129K(1216K)
[0.931s][info][gc,ergo     ] Pacer for Idle. Initial: 41943K, Alloc Tax Rate: 1.0x
[2.961s][info][gc          ] Trigger: Learning 2 of 5. Free (1433M) is below initial threshold (1433M)
[2.961s][info][gc,ergo     ] Free: 1433M, Max: 1024K regular, 1433M humongous, Frag: 0% external, 0% internal; Reserve: 103M, Max: 1024K
[2.961s][info][gc,start    ] GC(1) Concurrent reset
[2.961s][info][gc,task     ] GC(1) Using 1 of 3 workers for concurrent reset
[2.961s][info][gc,ergo     ] GC(1) Pacer for Reset. Non-Taxable: 2048M
[2.961s][info][gc          ] GC(1) Concurrent reset 0.283ms
[2.961s][info][gc,start    ] GC(1) Pause Init Mark (unload classes)
[2.961s][info][gc,task     ] GC(1) Using 3 of 3 workers for init marking
[2.961s][info][gc,ergo     ] GC(1) Pacer for Mark. Expected Live: 3000K, Free: 1433M, Non-Taxable: 143M, Alloc Tax Rate: 0.0x
[2.961s][info][gc          ] GC(1) Pause Init Mark (unload classes) 0.076ms
[2.962s][info][gc,start    ] GC(1) Concurrent marking roots
[2.962s][info][gc,task     ] GC(1) Using 1 of 3 workers for concurrent marking roots
[2.962s][info][gc          ] GC(1) Concurrent marking roots 0.503ms
[2.962s][info][gc,start    ] GC(1) Concurrent marking (unload classes)
[2.962s][info][gc,task     ] GC(1) Using 1 of 3 workers for concurrent marking
[2.967s][info][gc          ] GC(1) Concurrent marking (unload classes) 5.147ms
[2.967s][info][gc,start    ] GC(1) Pause Final Mark (unload classes)
[2.967s][info][gc,task     ] GC(1) Using 3 of 3 workers for final marking
[2.968s][info][gc,ergo     ] GC(1) Collectable Garbage: 464M (91%), Immediate: 464M (91%), CSet: 0B (0%)
[2.968s][info][gc          ] GC(1) Pause Final Mark (unload classes) 0.154ms
[2.968s][info][gc,start    ] GC(1) Concurrent weak references
[2.968s][info][gc,task     ] GC(1) Using 1 of 3 workers for concurrent weak references
[2.968s][info][gc,ref      ] GC(1) Encountered references: Soft: 180, Weak: 786, Final: 0, Phantom: 115
[2.968s][info][gc,ref      ] GC(1) Discovered  references: Soft: 0, Weak: 211, Final: 0, Phantom: 88
[2.968s][info][gc,ref      ] GC(1) Enqueued    references: Soft: 0, Weak: 63, Final: 0, Phantom: 51
[2.968s][info][gc          ] GC(1) Concurrent weak references 0.084ms
[2.968s][info][gc,start    ] GC(1) Concurrent weak roots
[2.968s][info][gc,task     ] GC(1) Using 1 of 3 workers for concurrent weak root
[2.971s][info][gc          ] GC(1) Concurrent weak roots 2.817ms
[2.971s][info][gc,start    ] GC(1) Concurrent cleanup
[2.971s][info][gc          ] GC(1) Concurrent cleanup 524M->60M(2048M) 0.051ms
[2.971s][info][gc,ergo     ] GC(1) Free: 1885M, Max: 1024K regular, 1421M humongous, Frag: 25% external, 0% internal; Reserve: 103M, Max: 1024K
[2.971s][info][gc,start    ] GC(1) Concurrent class unloading
[2.971s][info][gc,task     ] GC(1) Using 1 of 3 workers for concurrent class unloading
[2.976s][info][gc          ] GC(1) Concurrent class unloading 4.963ms
[2.976s][info][gc,start    ] GC(1) Pause Final Roots
[2.976s][info][gc          ] GC(1) Pause Final Roots 0.040ms
[2.976s][info][gc,ergo     ] Free: 1881M, Max: 1024K regular, 1421M humongous, Frag: 25% external, 0% internal; Reserve: 103M, Max: 1024K
[2.976s][info][gc,stats    ] 
[2.976s][info][gc,stats    ] All times are wall-clock times, except per-root-class counters, that are sum over
[2.976s][info][gc,stats    ] all workers. Dividing the <total> over the root stage time estimates parallelism.
[2.976s][info][gc,stats    ] 
[2.976s][info][gc,stats    ] Concurrent Reset                    334 us
[2.976s][info][gc,stats    ] Pause Init Mark (G)                 350 us
[2.976s][info][gc,stats    ] Pause Init Mark (N)                  84 us
[2.976s][info][gc,stats    ]   Update Region States               27 us
[2.976s][info][gc,stats    ] Concurrent Mark Roots               533 us, parallelism: 0.80x
[2.976s][info][gc,stats    ]   CMR: <total>                      428 us
[2.976s][info][gc,stats    ]   CMR: Thread Roots                 377 us, workers (us): 377, ---, ---, 
[2.976s][info][gc,stats    ]   CMR: VM Strong Roots                5 us, workers (us):   5, ---, ---, 
[2.976s][info][gc,stats    ]   CMR: CLDG Roots                    45 us, workers (us):  45, ---, ---, 
[2.976s][info][gc,stats    ] Concurrent Marking                 5195 us
[2.976s][info][gc,stats    ] Pause Final Mark (G)                261 us
[2.976s][info][gc,stats    ] Pause Final Mark (N)                163 us
[2.976s][info][gc,stats    ]   Finish Mark                        37 us
[2.976s][info][gc,stats    ]   Update Region States               29 us
[2.976s][info][gc,stats    ]   Choose Collection Set              28 us
[2.976s][info][gc,stats    ]   Rebuild Free Set                    8 us
[2.976s][info][gc,stats    ] Concurrent Weak References           93 us, parallelism: 0.26x
[2.976s][info][gc,stats    ]   CWRF: <total>                      24 us
[2.976s][info][gc,stats    ]   CWRF: Weak References              24 us, workers (us):  24, ---, ---, 
[2.976s][info][gc,stats    ] Concurrent Weak Roots              2857 us
[2.976s][info][gc,stats    ]   Roots                            2711 us, parallelism: 0.99x
[2.976s][info][gc,stats    ]     CWR: <total>                   2685 us
[2.976s][info][gc,stats    ]     CWR: Code Cache Roots           594 us, workers (us): 594, ---, ---, 
[2.976s][info][gc,stats    ]     CWR: VM Weak Roots             2083 us, workers (us): 2083, ---, ---, 
[2.976s][info][gc,stats    ]     CWR: CLDG Roots                   9 us, workers (us):   9, ---, ---, 
[2.976s][info][gc,stats    ]   Rendezvous                         90 us
[2.976s][info][gc,stats    ] Concurrent Cleanup                   60 us
[2.977s][info][gc,stats    ] Concurrent Class Unloading         5019 us
[2.977s][info][gc,stats    ]   Unlink Stale                     4650 us
[2.977s][info][gc,stats    ]     System Dictionary               172 us
[2.977s][info][gc,stats    ]     Weak Class Links               1794 us
[2.977s][info][gc,stats    ]     Code Roots                     2681 us
[2.977s][info][gc,stats    ]   Rendezvous                        100 us
[2.977s][info][gc,stats    ]   Purge Unlinked                    194 us
[2.977s][info][gc,stats    ]     Code Roots                      128 us
[2.977s][info][gc,stats    ]     CLDG                             65 us
[2.977s][info][gc,stats    ]     Exception Caches                  0 us
[2.977s][info][gc,stats    ] Pause Final Roots (G)               485 us
[2.977s][info][gc,stats    ] Pause Final Roots (N)                49 us
[2.977s][info][gc,stats    ] 
[2.977s][info][gc,stats    ] Allocation pacing accrued:
[2.977s][info][gc,stats    ]       0 of  2046 ms (  0.0%): <total>
[2.977s][info][gc,stats    ]       0 of  2046 ms (  0.0%): <average total>
[2.977s][info][gc,stats    ] 
[2.977s][info][gc,metaspace] Metaspace: 14166K(14464K)->14119K(14464K) NonClass: 12255K(12416K)->12221K(12416K) Class: 1911K(2048K)->1898K(2048K)
[2.977s][info][gc,ergo     ] Pacer for Idle. Initial: 41943K, Alloc Tax Rate: 1.0x
[3.395s][info][gc          ] Trigger: Learning 3 of 5. Free (1433M) is below initial threshold (1433M)
[3.395s][info][gc,ergo     ] Free: 1433M, Max: 1024K regular, 1421M humongous, Frag: 1% external, 0% internal; Reserve: 103M, Max: 1024K
[3.395s][info][gc,start    ] GC(2) Concurrent reset
[3.395s][info][gc,task     ] GC(2) Using 1 of 3 workers for concurrent reset
[3.395s][info][gc,ergo     ] GC(2) Pacer for Reset. Non-Taxable: 2048M
[3.395s][info][gc          ] GC(2) Concurrent reset 0.385ms
[3.396s][info][gc,start    ] GC(2) Pause Init Mark (unload classes)
[3.396s][info][gc,task     ] GC(2) Using 3 of 3 workers for init marking
[3.396s][info][gc,ergo     ] GC(2) Pacer for Mark. Expected Live: 4021K, Free: 1433M, Non-Taxable: 143M, Alloc Tax Rate: 0.0x
[3.396s][info][gc          ] GC(2) Pause Init Mark (unload classes) 0.099ms
[3.396s][info][gc,start    ] GC(2) Concurrent marking roots
[3.396s][info][gc,task     ] GC(2) Using 1 of 3 workers for concurrent marking roots
[3.396s][info][gc          ] GC(2) Concurrent marking roots 0.427ms
[3.396s][info][gc,start    ] GC(2) Concurrent marking (unload classes)
[3.396s][info][gc,task     ] GC(2) Using 1 of 3 workers for concurrent marking
[3.401s][info][gc          ] GC(2) Concurrent marking (unload classes) 4.949ms
[3.401s][info][gc,start    ] GC(2) Pause Final Mark (unload classes)
[3.401s][info][gc,task     ] GC(2) Using 3 of 3 workers for final marking
[3.401s][info][gc,ergo     ] GC(2) Adaptive CSet Selection. Target Free: 290M, Actual Free: 1991M, Max CSet: 87381K, Min Garbage: 0B
[3.401s][info][gc,ergo     ] GC(2) Collectable Garbage: 506M (99%), Immediate: 461M (90%), CSet: 47030K (9%)
[3.401s][info][gc,ergo     ] GC(2) Pacer for Evacuation. Used CSet: 49152K, Free: 1888M, Non-Taxable: 188M, Alloc Tax Rate: 1.1x
[3.401s][info][gc          ] GC(2) Pause Final Mark (unload classes) 0.191ms
[3.402s][info][gc,start    ] GC(2) Concurrent thread roots
[3.402s][info][gc,task     ] GC(2) Using 1 of 3 workers for Concurrent thread roots
[3.402s][info][gc          ] GC(2) Concurrent thread roots 0.366ms
[3.402s][info][gc,start    ] GC(2) Concurrent weak references
[3.402s][info][gc,task     ] GC(2) Using 1 of 3 workers for concurrent weak references
[3.402s][info][gc,ref      ] GC(2) Encountered references: Soft: 180, Weak: 723, Final: 0, Phantom: 64
[3.402s][info][gc,ref      ] GC(2) Discovered  references: Soft: 0, Weak: 148, Final: 0, Phantom: 37
[3.402s][info][gc,ref      ] GC(2) Enqueued    references: Soft: 0, Weak: 0, Final: 0, Phantom: 0
[3.402s][info][gc          ] GC(2) Concurrent weak references 0.077ms
[3.402s][info][gc,start    ] GC(2) Concurrent weak roots
[3.402s][info][gc,task     ] GC(2) Using 1 of 3 workers for concurrent weak root
[3.403s][info][gc          ] GC(2) Concurrent weak roots 1.074ms
[3.403s][info][gc,start    ] GC(2) Concurrent cleanup
[3.403s][info][gc          ] GC(2) Concurrent cleanup 524M->63M(2048M) 0.051ms
[3.403s][info][gc,ergo     ] GC(2) Free: 1882M, Max: 1024K regular, 1429M humongous, Frag: 25% external, 0% internal; Reserve: 102M, Max: 1024K
[3.403s][info][gc,start    ] GC(2) Concurrent class unloading
[3.403s][info][gc,task     ] GC(2) Using 1 of 3 workers for concurrent class unloading
[3.406s][info][gc          ] GC(2) Concurrent class unloading 2.817ms
[3.406s][info][gc,start    ] GC(2) Concurrent strong roots
[3.406s][info][gc,task     ] GC(2) Using 1 of 3 workers for concurrent strong root
[3.406s][info][gc          ] GC(2) Concurrent strong roots 0.162ms
[3.406s][info][gc,start    ] GC(2) Concurrent evacuation
[3.406s][info][gc,task     ] GC(2) Using 1 of 3 workers for concurrent evacuation
[3.408s][info][gc          ] GC(2) Concurrent evacuation 1.552ms
[3.408s][info][gc,start    ] GC(2) Pause Init Update Refs
[3.408s][info][gc,ergo     ] GC(2) Pacer for Update Refs. Used: 67556K, Free: 1882M, Non-Taxable: 188M, Alloc Tax Rate: 1.1x
[3.408s][info][gc          ] GC(2) Pause Init Update Refs 0.049ms
[3.408s][info][gc,start    ] GC(2) Concurrent update references
[3.408s][info][gc,task     ] GC(2) Using 1 of 3 workers for concurrent reference update
[3.412s][info][gc          ] GC(2) Concurrent update references 4.062ms
[3.412s][info][gc,start    ] GC(2) Concurrent update thread roots
[3.412s][info][gc          ] GC(2) Concurrent update thread roots 0.364ms
[3.412s][info][gc,start    ] GC(2) Pause Final Update Refs
[3.413s][info][gc,task     ] GC(2) Using 3 of 3 workers for final reference update
[3.413s][info][gc          ] GC(2) Pause Final Update Refs 0.099ms
[3.413s][info][gc,start    ] GC(2) Concurrent cleanup
[3.413s][info][gc          ] GC(2) Concurrent cleanup 72M->24M(2048M) 0.026ms
[3.413s][info][gc,ergo     ] Free: 1920M, Max: 1024K regular, 1437M humongous, Frag: 26% external, 0% internal; Reserve: 103M, Max: 1024K
[3.413s][info][gc,stats    ] 
[3.413s][info][gc,stats    ] All times are wall-clock times, except per-root-class counters, that are sum over
[3.413s][info][gc,stats    ] all workers. Dividing the <total> over the root stage time estimates parallelism.
[3.413s][info][gc,stats    ] 
[3.413s][info][gc,stats    ] Concurrent Reset                    409 us
[3.413s][info][gc,stats    ] Pause Init Mark (G)                 219 us
[3.413s][info][gc,stats    ] Pause Init Mark (N)                 107 us
[3.413s][info][gc,stats    ]   Update Region States               31 us
[3.413s][info][gc,stats    ] Concurrent Mark Roots               441 us, parallelism: 0.85x
[3.413s][info][gc,stats    ]   CMR: <total>                      375 us
[3.413s][info][gc,stats    ]   CMR: Thread Roots                 327 us, workers (us): 327, ---, ---, 
[3.413s][info][gc,stats    ]   CMR: VM Strong Roots                5 us, workers (us):   5, ---, ---, 
[3.413s][info][gc,stats    ]   CMR: CLDG Roots                    43 us, workers (us):  43, ---, ---, 
[3.413s][info][gc,stats    ] Concurrent Marking                 4996 us
[3.413s][info][gc,stats    ] Pause Final Mark (G)                371 us
[3.413s][info][gc,stats    ] Pause Final Mark (N)                200 us
[3.413s][info][gc,stats    ]   Finish Mark                        35 us
[3.413s][info][gc,stats    ]   Update Region States               29 us
[3.413s][info][gc,stats    ]   Choose Collection Set              57 us
[3.413s][info][gc,stats    ]   Rebuild Free Set                    8 us
[3.413s][info][gc,stats    ] Concurrent Thread Roots             380 us, parallelism: 0.84x
[3.413s][info][gc,stats    ]   CTR: <total>                      321 us
[3.413s][info][gc,stats    ]   CTR: Thread Roots                 321 us, workers (us): 321, ---, ---, 
[3.413s][info][gc,stats    ] Concurrent Weak References           84 us, parallelism: 0.20x
[3.413s][info][gc,stats    ]   CWRF: <total>                      17 us
[3.413s][info][gc,stats    ]   CWRF: Weak References              17 us, workers (us):  17, ---, ---, 
[3.413s][info][gc,stats    ] Concurrent Weak Roots              1112 us
[3.413s][info][gc,stats    ]   Roots                            1016 us, parallelism: 0.97x
[3.413s][info][gc,stats    ]     CWR: <total>                    990 us
[3.413s][info][gc,stats    ]     CWR: Code Cache Roots           572 us, workers (us): 572, ---, ---, 
[3.413s][info][gc,stats    ]     CWR: VM Weak Roots              411 us, workers (us): 411, ---, ---, 
[3.413s][info][gc,stats    ]     CWR: CLDG Roots                   7 us, workers (us):   7, ---, ---, 
[3.413s][info][gc,stats    ]   Rendezvous                         40 us
[3.413s][info][gc,stats    ] Concurrent Cleanup                   60 us
[3.413s][info][gc,stats    ] Concurrent Class Unloading         2874 us
[3.413s][info][gc,stats    ]   Unlink Stale                     2606 us
[3.413s][info][gc,stats    ]     System Dictionary                 7 us
[3.413s][info][gc,stats    ]     Weak Class Links                  0 us
[3.413s][info][gc,stats    ]     Code Roots                     2597 us
[3.413s][info][gc,stats    ]   Rendezvous                         45 us
[3.413s][info][gc,stats    ]   Purge Unlinked                    147 us
[3.413s][info][gc,stats    ]     Code Roots                      142 us
[3.413s][info][gc,stats    ]     CLDG                              5 us
[3.413s][info][gc,stats    ]     Exception Caches                  0 us
[3.413s][info][gc,stats    ] Concurrent Strong Roots             172 us, parallelism: 0.73x
[3.413s][info][gc,stats    ]   CSR: <total>                      125 us
[3.413s][info][gc,stats    ]   CSR: VM Strong Roots                4 us, workers (us):   4, ---, ---, 
[3.413s][info][gc,stats    ]   CSR: CLDG Roots                   121 us, workers (us): 121, ---, ---, 
[3.413s][info][gc,stats    ] Concurrent Evacuation              1609 us
[3.413s][info][gc,stats    ] Pause Init Update Refs (G)          123 us
[3.413s][info][gc,stats    ] Pause Init Update Refs (N)           57 us
[3.413s][info][gc,stats    ]   Manage GCLABs                       4 us
[3.413s][info][gc,stats    ] Concurrent Update Refs             4108 us
[3.413s][info][gc,stats    ] Concurrent Update Thread Roots      379 us
[3.413s][info][gc,stats    ] Pause Final Update Refs (G)         170 us
[3.413s][info][gc,stats    ] Pause Final Update Refs (N)         119 us
[3.413s][info][gc,stats    ]   Update Region States               28 us
[3.413s][info][gc,stats    ]   Trash Collection Set                2 us
[3.413s][info][gc,stats    ]   Rebuild Free Set                   13 us
[3.413s][info][gc,stats    ] Concurrent Cleanup                   34 us
[3.413s][info][gc,stats    ] 
[3.413s][info][gc,stats    ] Allocation pacing accrued:
[3.413s][info][gc,stats    ]       0 of   436 ms (  0.0%): <total>
[3.413s][info][gc,stats    ]       0 of   436 ms (  0.0%): <average total>
[3.413s][info][gc,stats    ] 
[3.413s][info][gc,metaspace] Metaspace: 14119K(14464K)->14119K(14464K) NonClass: 12221K(12416K)->12221K(12416K) Class: 1898K(2048K)->1898K(2048K)
[3.413s][info][gc,ergo     ] Pacer for Idle. Initial: 41943K, Alloc Tax Rate: 1.0x
[4.009s][info][gc          ] Trigger: Learning 4 of 5. Free (1433M) is below initial threshold (1433M)
[4.009s][info][gc,ergo     ] Free: 1433M, Max: 1024K regular, 1433M humongous, Frag: 0% external, 0% internal; Reserve: 103M, Max: 1024K
[4.009s][info][gc,start    ] GC(3) Concurrent reset
[4.009s][info][gc,task     ] GC(3) Using 1 of 3 workers for concurrent reset
[4.009s][info][gc,ergo     ] GC(3) Pacer for Reset. Non-Taxable: 2048M
[4.009s][info][gc          ] GC(3) Concurrent reset 0.295ms
[4.009s][info][gc,start    ] GC(3) Pause Init Mark (unload classes)
[4.009s][info][gc,task     ] GC(3) Using 3 of 3 workers for init marking
[4.009s][info][gc,ergo     ] GC(3) Pacer for Mark. Expected Live: 4365K, Free: 1432M, Non-Taxable: 143M, Alloc Tax Rate: 0.0x
[4.009s][info][gc          ] GC(3) Pause Init Mark (unload classes) 0.099ms
[4.009s][info][gc,start    ] GC(3) Concurrent marking roots
[4.009s][info][gc,task     ] GC(3) Using 1 of 3 workers for concurrent marking roots
[4.010s][info][gc          ] GC(3) Concurrent marking roots 0.418ms
[4.010s][info][gc,start    ] GC(3) Concurrent marking (unload classes)
[4.010s][info][gc,task     ] GC(3) Using 1 of 3 workers for concurrent marking
[4.014s][info][gc          ] GC(3) Concurrent marking (unload classes) 4.607ms
[4.014s][info][gc,start    ] GC(3) Pause Final Mark (unload classes)
[4.014s][info][gc,task     ] GC(3) Using 3 of 3 workers for final marking
[4.014s][info][gc,ergo     ] GC(3) Collectable Garbage: 496M (97%), Immediate: 496M (97%), CSet: 0B (0%)
[4.015s][info][gc          ] GC(3) Pause Final Mark (unload classes) 0.153ms
[4.015s][info][gc,start    ] GC(3) Concurrent weak references
[4.015s][info][gc,task     ] GC(3) Using 1 of 3 workers for concurrent weak references
[4.015s][info][gc,ref      ] GC(3) Encountered references: Soft: 180, Weak: 723, Final: 0, Phantom: 64
[4.015s][info][gc,ref      ] GC(3) Discovered  references: Soft: 0, Weak: 148, Final: 0, Phantom: 62
[4.015s][info][gc,ref      ] GC(3) Enqueued    references: Soft: 0, Weak: 0, Final: 0, Phantom: 0
[4.015s][info][gc          ] GC(3) Concurrent weak references 0.061ms
[4.015s][info][gc,start    ] GC(3) Concurrent weak roots
[4.015s][info][gc,task     ] GC(3) Using 1 of 3 workers for concurrent weak root
[4.016s][info][gc          ] GC(3) Concurrent weak roots 1.291ms
[4.016s][info][gc,start    ] GC(3) Concurrent cleanup
[4.016s][info][gc          ] GC(3) Concurrent cleanup 518M->22M(2048M) 0.050ms
[4.016s][info][gc,ergo     ] GC(3) Free: 1922M, Max: 1024K regular, 1426M humongous, Frag: 26% external, 0% internal; Reserve: 103M, Max: 1024K
[4.016s][info][gc,start    ] GC(3) Concurrent class unloading
[4.016s][info][gc,task     ] GC(3) Using 1 of 3 workers for concurrent class unloading
[4.019s][info][gc          ] GC(3) Concurrent class unloading 2.878ms
[4.019s][info][gc,start    ] GC(3) Pause Final Roots
[4.019s][info][gc          ] GC(3) Pause Final Roots 0.022ms
[4.019s][info][gc,ergo     ] Free: 1918M, Max: 1024K regular, 1426M humongous, Frag: 26% external, 0% internal; Reserve: 103M, Max: 1024K
[4.019s][info][gc,stats    ] 
[4.019s][info][gc,stats    ] All times are wall-clock times, except per-root-class counters, that are sum over
[4.019s][info][gc,stats    ] all workers. Dividing the <total> over the root stage time estimates parallelism.
[4.019s][info][gc,stats    ] 
[4.019s][info][gc,stats    ] Concurrent Reset                    327 us
[4.019s][info][gc,stats    ] Pause Init Mark (G)                 244 us
[4.019s][info][gc,stats    ] Pause Init Mark (N)                 107 us
[4.019s][info][gc,stats    ]   Update Region States               31 us
[4.019s][info][gc,stats    ] Concurrent Mark Roots               436 us, parallelism: 0.84x
[4.019s][info][gc,stats    ]   CMR: <total>                      365 us
[4.019s][info][gc,stats    ]   CMR: Thread Roots                 321 us, workers (us): 321, ---, ---, 
[4.019s][info][gc,stats    ]   CMR: VM Strong Roots                5 us, workers (us):   5, ---, ---, 
[4.019s][info][gc,stats    ]   CMR: CLDG Roots                    39 us, workers (us):  39, ---, ---, 
[4.019s][info][gc,stats    ] Concurrent Marking                 4660 us
[4.019s][info][gc,stats    ] Pause Final Mark (G)                232 us
[4.019s][info][gc,stats    ] Pause Final Mark (N)                163 us
[4.019s][info][gc,stats    ]   Finish Mark                        36 us
[4.019s][info][gc,stats    ]   Update Region States               30 us
[4.019s][info][gc,stats    ]   Choose Collection Set              54 us
[4.019s][info][gc,stats    ]   Rebuild Free Set                    9 us
[4.019s][info][gc,stats    ] Concurrent Weak References           68 us, parallelism: 0.12x
[4.019s][info][gc,stats    ]   CWRF: <total>                       8 us
[4.019s][info][gc,stats    ]   CWRF: Weak References               8 us, workers (us):   8, ---, ---, 
[4.019s][info][gc,stats    ] Concurrent Weak Roots              1335 us
[4.019s][info][gc,stats    ]   Roots                            1228 us, parallelism: 0.98x
[4.019s][info][gc,stats    ]     CWR: <total>                   1206 us
[4.019s][info][gc,stats    ]     CWR: Code Cache Roots           658 us, workers (us): 658, ---, ---, 
[4.019s][info][gc,stats    ]     CWR: VM Weak Roots              540 us, workers (us): 540, ---, ---, 
[4.019s][info][gc,stats    ]     CWR: CLDG Roots                   8 us, workers (us):   8, ---, ---, 
[4.019s][info][gc,stats    ]   Rendezvous                         46 us
[4.019s][info][gc,stats    ] Concurrent Cleanup                   58 us
[4.019s][info][gc,stats    ] Concurrent Class Unloading         2926 us
[4.019s][info][gc,stats    ]   Unlink Stale                     2630 us
[4.019s][info][gc,stats    ]     System Dictionary                 6 us
[4.019s][info][gc,stats    ]     Weak Class Links                  0 us
[4.019s][info][gc,stats    ]     Code Roots                     2620 us
[4.019s][info][gc,stats    ]   Rendezvous                         83 us
[4.019s][info][gc,stats    ]   Purge Unlinked                    147 us
[4.019s][info][gc,stats    ]     Code Roots                      142 us
[4.019s][info][gc,stats    ]     CLDG                              4 us
[4.020s][info][gc,stats    ]     Exception Caches                  0 us
[4.020s][info][gc,stats    ] Pause Final Roots (G)               138 us
[4.020s][info][gc,stats    ] Pause Final Roots (N)                31 us
[4.020s][info][gc,stats    ] 
[4.020s][info][gc,stats    ] Allocation pacing accrued:
[4.020s][info][gc,stats    ]       0 of   606 ms (  0.0%): <total>
[4.020s][info][gc,stats    ]       0 of   606 ms (  0.0%): <average total>
[4.020s][info][gc,stats    ] 
[4.020s][info][gc,metaspace] Metaspace: 14119K(14464K)->14119K(14464K) NonClass: 12221K(12416K)->12221K(12416K) Class: 1898K(2048K)->1898K(2048K)
[4.020s][info][gc,ergo     ] Pacer for Idle. Initial: 41943K, Alloc Tax Rate: 1.0x
[4.671s][info][gc          ] Trigger: Learning 5 of 5. Free (1432M) is below initial threshold (1433M)
[4.672s][info][gc,ergo     ] Free: 1432M, Max: 1024K regular, 1426M humongous, Frag: 1% external, 0% internal; Reserve: 103M, Max: 1024K
[4.672s][info][gc,start    ] GC(4) Concurrent reset
[4.672s][info][gc,task     ] GC(4) Using 1 of 3 workers for concurrent reset
[4.672s][info][gc,ergo     ] GC(4) Pacer for Reset. Non-Taxable: 2048M
[4.672s][info][gc          ] GC(4) Concurrent reset 0.318ms
[4.672s][info][gc,start    ] GC(4) Pause Init Mark (unload classes)
[4.672s][info][gc,task     ] GC(4) Using 3 of 3 workers for init marking
[4.672s][info][gc,ergo     ] GC(4) Pacer for Mark. Expected Live: 4541K, Free: 1432M, Non-Taxable: 143M, Alloc Tax Rate: 0.0x
[4.672s][info][gc          ] GC(4) Pause Init Mark (unload classes) 0.146ms
[4.672s][info][gc,start    ] GC(4) Concurrent marking roots
[4.672s][info][gc,task     ] GC(4) Using 1 of 3 workers for concurrent marking roots
[4.673s][info][gc          ] GC(4) Concurrent marking roots 0.417ms
[4.673s][info][gc,start    ] GC(4) Concurrent marking (unload classes)
[4.673s][info][gc,task     ] GC(4) Using 1 of 3 workers for concurrent marking
[4.678s][info][gc          ] GC(4) Concurrent marking (unload classes) 4.851ms
[4.678s][info][gc,start    ] GC(4) Pause Final Mark (unload classes)
[4.678s][info][gc,task     ] GC(4) Using 3 of 3 workers for final marking
[4.678s][info][gc,ergo     ] GC(4) Collectable Garbage: 496M (97%), Immediate: 496M (97%), CSet: 0B (0%)
[4.678s][info][gc          ] GC(4) Pause Final Mark (unload classes) 0.220ms
[4.678s][info][gc,start    ] GC(4) Concurrent weak references
[4.678s][info][gc,task     ] GC(4) Using 1 of 3 workers for concurrent weak references
[4.678s][info][gc,ref      ] GC(4) Encountered references: Soft: 180, Weak: 715, Final: 0, Phantom: 64
[4.678s][info][gc,ref      ] GC(4) Discovered  references: Soft: 0, Weak: 158, Final: 0, Phantom: 37
[4.678s][info][gc,ref      ] GC(4) Enqueued    references: Soft: 0, Weak: 0, Final: 0, Phantom: 0
[4.678s][info][gc          ] GC(4) Concurrent weak references 0.125ms
[4.678s][info][gc,start    ] GC(4) Concurrent weak roots
[4.678s][info][gc,task     ] GC(4) Using 1 of 3 workers for concurrent weak root
[4.679s][info][gc          ] GC(4) Concurrent weak roots 1.400ms
[4.679s][info][gc,start    ] GC(4) Concurrent cleanup
[4.679s][info][gc          ] GC(4) Concurrent cleanup 516M->19M(2048M) 0.039ms
[4.679s][info][gc,ergo     ] GC(4) Free: 1925M, Max: 1024K regular, 1439M humongous, Frag: 26% external, 0% internal; Reserve: 103M, Max: 1024K
[4.679s][info][gc,start    ] GC(4) Concurrent class unloading
[4.679s][info][gc,task     ] GC(4) Using 1 of 3 workers for concurrent class unloading
[4.682s][info][gc          ] GC(4) Concurrent class unloading 2.775ms
[4.682s][info][gc,start    ] GC(4) Pause Final Roots
[4.682s][info][gc          ] GC(4) Pause Final Roots 0.045ms
[4.682s][info][gc,ergo     ] Free: 1923M, Max: 1024K regular, 1439M humongous, Frag: 26% external, 0% internal; Reserve: 103M, Max: 1024K
[4.682s][info][gc,stats    ] 
[4.682s][info][gc,stats    ] All times are wall-clock times, except per-root-class counters, that are sum over
[4.683s][info][gc,stats    ] all workers. Dividing the <total> over the root stage time estimates parallelism.
[4.683s][info][gc,stats    ] 
[4.683s][info][gc,stats    ] Concurrent Reset                    344 us
[4.683s][info][gc,stats    ] Pause Init Mark (G)                 266 us
[4.683s][info][gc,stats    ] Pause Init Mark (N)                 158 us
[4.683s][info][gc,stats    ]   Update Region States               59 us
[4.683s][info][gc,stats    ] Concurrent Mark Roots               426 us, parallelism: 0.87x
[4.683s][info][gc,stats    ]   CMR: <total>                      371 us
[4.683s][info][gc,stats    ]   CMR: Thread Roots                 330 us, workers (us): 330, ---, ---, 
[4.683s][info][gc,stats    ]   CMR: VM Strong Roots                4 us, workers (us):   4, ---, ---, 
[4.683s][info][gc,stats    ]   CMR: CLDG Roots                    36 us, workers (us):  36, ---, ---, 
[4.683s][info][gc,stats    ] Concurrent Marking                 4880 us
[4.683s][info][gc,stats    ] Pause Final Mark (G)                300 us
[4.683s][info][gc,stats    ] Pause Final Mark (N)                228 us
[4.683s][info][gc,stats    ]   Finish Mark                        92 us
[4.683s][info][gc,stats    ]   Update Region States               36 us
[4.683s][info][gc,stats    ]   Choose Collection Set              33 us
[4.683s][info][gc,stats    ]   Rebuild Free Set                    7 us
[4.683s][info][gc,stats    ] Concurrent Weak References          140 us, parallelism: 0.04x
[4.683s][info][gc,stats    ]   CWRF: <total>                       6 us
[4.683s][info][gc,stats    ]   CWRF: Weak References               6 us, workers (us):   6, ---, ---, 
[4.683s][info][gc,stats    ] Concurrent Weak Roots              1418 us
[4.683s][info][gc,stats    ]   Roots                            1314 us, parallelism: 0.98x
[4.683s][info][gc,stats    ]     CWR: <total>                   1282 us
[4.683s][info][gc,stats    ]     CWR: Code Cache Roots           540 us, workers (us): 540, ---, ---, 
[4.683s][info][gc,stats    ]     CWR: VM Weak Roots              735 us, workers (us): 735, ---, ---, 
[4.683s][info][gc,stats    ]     CWR: CLDG Roots                   7 us, workers (us):   7, ---, ---, 
[4.683s][info][gc,stats    ]   Rendezvous                         55 us
[4.683s][info][gc,stats    ] Concurrent Cleanup                   47 us
[4.683s][info][gc,stats    ] Concurrent Class Unloading         2825 us
[4.683s][info][gc,stats    ]   Unlink Stale                     2541 us
[4.683s][info][gc,stats    ]     System Dictionary                 8 us
[4.683s][info][gc,stats    ]     Weak Class Links                  0 us
[4.683s][info][gc,stats    ]     Code Roots                     2532 us
[4.683s][info][gc,stats    ]   Rendezvous                         39 us
[4.683s][info][gc,stats    ]   Purge Unlinked                    167 us
[4.683s][info][gc,stats    ]     Code Roots                      161 us
[4.683s][info][gc,stats    ]     CLDG                              6 us
[4.683s][info][gc,stats    ]     Exception Caches                  0 us
[4.683s][info][gc,stats    ] Pause Final Roots (G)               101 us
[4.683s][info][gc,stats    ] Pause Final Roots (N)                54 us
[4.683s][info][gc,stats    ] 
[4.683s][info][gc,stats    ] Allocation pacing accrued:
[4.683s][info][gc,stats    ]       0 of   664 ms (  0.0%): <total>
[4.683s][info][gc,stats    ]       0 of   664 ms (  0.0%): <average total>
[4.683s][info][gc,stats    ] 
[4.683s][info][gc,metaspace] Metaspace: 14119K(14464K)->14119K(14464K) NonClass: 12221K(12416K)->12221K(12416K) Class: 1898K(2048K)->1898K(2048K)
[4.683s][info][gc,ergo     ] Pacer for Idle. Initial: 41943K, Alloc Tax Rate: 1.0x
[4.715s][info][gc          ] Trigger: Explicit GC request (System.gc())
[4.716s][info][gc,ergo     ] Free: 1916M, Max: 1024K regular, 1439M humongous, Frag: 25% external, 0% internal; Reserve: 103M, Max: 1024K
[4.716s][info][gc,start    ] GC(5) Concurrent reset
[4.716s][info][gc,task     ] GC(5) Using 1 of 3 workers for concurrent reset
[4.716s][info][gc,ergo     ] GC(5) Pacer for Reset. Non-Taxable: 2048M
[4.716s][info][gc          ] GC(5) Concurrent reset 0.470ms
[4.716s][info][gc,start    ] GC(5) Pause Init Mark (unload classes)
[4.716s][info][gc,task     ] GC(5) Using 3 of 3 workers for init marking
[4.716s][info][gc,ref      ] GC(5) Clearing All SoftReferences
[4.716s][info][gc,ergo     ] GC(5) Pacer for Mark. Expected Live: 4627K, Free: 1916M, Non-Taxable: 191M, Alloc Tax Rate: 0.0x
[4.717s][info][gc          ] GC(5) Pause Init Mark (unload classes) 0.231ms
[4.717s][info][gc,start    ] GC(5) Concurrent marking roots
[4.717s][info][gc,task     ] GC(5) Using 1 of 3 workers for concurrent marking roots
[4.717s][info][gc          ] GC(5) Concurrent marking roots 0.686ms
[4.717s][info][gc,start    ] GC(5) Concurrent marking (unload classes)
[4.717s][info][gc,task     ] GC(5) Using 1 of 3 workers for concurrent marking
[4.721s][info][gc          ] GC(5) Concurrent marking (unload classes) 4.011ms
[4.721s][info][gc,start    ] GC(5) Pause Final Mark (unload classes)
[4.721s][info][gc,task     ] GC(5) Using 3 of 3 workers for final marking
[4.722s][info][gc,ergo     ] GC(5) Adaptive CSet Selection. Target Free: 290M, Actual Free: 2034M, Max CSet: 87381K, Min Garbage: 0B
[4.722s][info][gc,ergo     ] GC(5) Collectable Garbage: 25248K (99%), Immediate: 16374K (64%), CSet: 8874K (34%)
[4.722s][info][gc,ergo     ] GC(5) Pacer for Evacuation. Used CSet: 10235K, Free: 1932M, Non-Taxable: 193M, Alloc Tax Rate: 1.1x
[4.722s][info][gc          ] GC(5) Pause Final Mark (unload classes) 0.226ms
[4.722s][info][gc,start    ] GC(5) Concurrent thread roots
[4.722s][info][gc,task     ] GC(5) Using 1 of 3 workers for Concurrent thread roots
[4.722s][info][gc          ] GC(5) Concurrent thread roots 0.792ms
[4.722s][info][gc,start    ] GC(5) Concurrent weak references
[4.722s][info][gc,task     ] GC(5) Using 1 of 3 workers for concurrent weak references
[4.723s][info][gc,ref      ] GC(5) Encountered references: Soft: 180, Weak: 721, Final: 0, Phantom: 66
[4.723s][info][gc,ref      ] GC(5) Discovered  references: Soft: 128, Weak: 174, Final: 0, Phantom: 64
[4.723s][info][gc,ref      ] GC(5) Enqueued    references: Soft: 43, Weak: 3, Final: 0, Phantom: 2
[4.723s][info][gc          ] GC(5) Concurrent weak references 0.123ms
[4.723s][info][gc,start    ] GC(5) Concurrent weak roots
[4.723s][info][gc,task     ] GC(5) Using 1 of 3 workers for concurrent weak root
[4.724s][info][gc          ] GC(5) Concurrent weak roots 1.185ms
[4.724s][info][gc,start    ] GC(5) Concurrent cleanup
[4.724s][info][gc          ] GC(5) Concurrent cleanup 29M->13M(2048M) 0.036ms
[4.724s][info][gc,ergo     ] GC(5) Free: 1932M, Max: 1024K regular, 1472M humongous, Frag: 24% external, 0% internal; Reserve: 102M, Max: 1024K
[4.724s][info][gc,start    ] GC(5) Concurrent class unloading
[4.724s][info][gc,task     ] GC(5) Using 1 of 3 workers for concurrent class unloading
[4.729s][info][gc          ] GC(5) Concurrent class unloading 4.777ms
[4.729s][info][gc,start    ] GC(5) Concurrent strong roots
[4.729s][info][gc,task     ] GC(5) Using 1 of 3 workers for concurrent strong root
[4.729s][info][gc          ] GC(5) Concurrent strong roots 0.181ms
[4.729s][info][gc,start    ] GC(5) Concurrent evacuation
[4.729s][info][gc,task     ] GC(5) Using 1 of 3 workers for concurrent evacuation
[4.730s][info][gc          ] GC(5) Concurrent evacuation 0.750ms
[4.730s][info][gc,start    ] GC(5) Pause Init Update Refs
[4.730s][info][gc,ergo     ] GC(5) Pacer for Update Refs. Used: 15355K, Free: 1932M, Non-Taxable: 193M, Alloc Tax Rate: 1.1x
[4.730s][info][gc          ] GC(5) Pause Init Update Refs 0.063ms
[4.730s][info][gc,start    ] GC(5) Concurrent update references
[4.730s][info][gc,task     ] GC(5) Using 1 of 3 workers for concurrent reference update
[4.732s][info][gc          ] GC(5) Concurrent update references 2.400ms
[4.732s][info][gc,start    ] GC(5) Concurrent update thread roots
[4.733s][info][gc          ] GC(5) Concurrent update thread roots 0.774ms
[4.733s][info][gc,start    ] GC(5) Pause Final Update Refs
[4.733s][info][gc,task     ] GC(5) Using 3 of 3 workers for final reference update
[4.733s][info][gc          ] GC(5) Pause Final Update Refs 0.200ms
[4.733s][info][gc,start    ] GC(5) Concurrent cleanup
[4.734s][info][gc          ] GC(5) Concurrent cleanup 14M->5M(2048M) 0.032ms
[4.734s][info][gc,ergo     ] Free: 1940M, Max: 1024K regular, 1940M humongous, Frag: 0% external, 0% internal; Reserve: 103M, Max: 1024K
[4.734s][info][gc,stats    ] 
[4.734s][info][gc,stats    ] All times are wall-clock times, except per-root-class counters, that are sum over
[4.734s][info][gc,stats    ] all workers. Dividing the <total> over the root stage time estimates parallelism.
[4.734s][info][gc,stats    ] 
[4.734s][info][gc,stats    ] Concurrent Reset                    522 us
[4.734s][info][gc,stats    ] Pause Init Mark (G)                 362 us
[4.734s][info][gc,stats    ] Pause Init Mark (N)                 249 us
[4.734s][info][gc,stats    ]   Update Region States               69 us
[4.734s][info][gc,stats    ] Concurrent Mark Roots               712 us, parallelism: 0.82x
[4.734s][info][gc,stats    ]   CMR: <total>                      583 us
[4.734s][info][gc,stats    ]   CMR: Thread Roots                 513 us, workers (us): 513, ---, ---, 
[4.734s][info][gc,stats    ]   CMR: VM Strong Roots                7 us, workers (us):   7, ---, ---, 
[4.734s][info][gc,stats    ]   CMR: CLDG Roots                    63 us, workers (us):  63, ---, ---, 
[4.734s][info][gc,stats    ] Concurrent Marking                 4061 us
[4.734s][info][gc,stats    ] Pause Final Mark (G)                312 us
[4.734s][info][gc,stats    ] Pause Final Mark (N)                240 us
[4.734s][info][gc,stats    ]   Finish Mark                        75 us
[4.734s][info][gc,stats    ]   Update Region States               41 us
[4.734s][info][gc,stats    ]   Choose Collection Set              36 us
[4.734s][info][gc,stats    ]   Rebuild Free Set                    8 us
[4.734s][info][gc,stats    ] Concurrent Thread Roots             816 us, parallelism: 0.77x
[4.734s][info][gc,stats    ]   CTR: <total>                      625 us
[4.734s][info][gc,stats    ]   CTR: Thread Roots                 625 us, workers (us): 625, ---, ---, 
[4.734s][info][gc,stats    ] Concurrent Weak References          131 us, parallelism: 0.18x
[4.734s][info][gc,stats    ]   CWRF: <total>                      23 us
[4.734s][info][gc,stats    ]   CWRF: Weak References              23 us, workers (us):  23, ---, ---, 
[4.734s][info][gc,stats    ] Concurrent Weak Roots              1221 us
[4.734s][info][gc,stats    ]   Roots                            1138 us, parallelism: 0.93x
[4.734s][info][gc,stats    ]     CWR: <total>                   1056 us
[4.734s][info][gc,stats    ]     CWR: Code Cache Roots           572 us, workers (us): 572, ---, ---, 
[4.734s][info][gc,stats    ]     CWR: VM Weak Roots              477 us, workers (us): 477, ---, ---, 
[4.734s][info][gc,stats    ]     CWR: CLDG Roots                   7 us, workers (us):   7, ---, ---, 
[4.734s][info][gc,stats    ]   Rendezvous                         29 us
[4.734s][info][gc,stats    ] Concurrent Cleanup                   44 us
[4.734s][info][gc,stats    ] Concurrent Class Unloading         4844 us
[4.734s][info][gc,stats    ]   Unlink Stale                     4418 us
[4.734s][info][gc,stats    ]     System Dictionary                70 us
[4.734s][info][gc,stats    ]     Weak Class Links               1553 us
[4.734s][info][gc,stats    ]     Code Roots                     2793 us
[4.734s][info][gc,stats    ]   Rendezvous                         46 us
[4.734s][info][gc,stats    ]   Purge Unlinked                    292 us
[4.734s][info][gc,stats    ]     Code Roots                      259 us
[4.734s][info][gc,stats    ]     CLDG                             33 us
[4.734s][info][gc,stats    ]     Exception Caches                  0 us
[4.734s][info][gc,stats    ] Concurrent Strong Roots             218 us, parallelism: 0.34x
[4.734s][info][gc,stats    ]   CSR: <total>                       74 us
[4.734s][info][gc,stats    ]   CSR: VM Strong Roots                4 us, workers (us):   4, ---, ---, 
[4.734s][info][gc,stats    ]   CSR: CLDG Roots                    71 us, workers (us):  71, ---, ---, 
[4.734s][info][gc,stats    ] Concurrent Evacuation               775 us
[4.734s][info][gc,stats    ] Pause Init Update Refs (G)          170 us
[4.734s][info][gc,stats    ] Pause Init Update Refs (N)           80 us
[4.734s][info][gc,stats    ]   Manage GCLABs                       2 us
[4.734s][info][gc,stats    ] Concurrent Update Refs             2450 us
[4.734s][info][gc,stats    ] Concurrent Update Thread Roots      824 us
[4.734s][info][gc,stats    ] Pause Final Update Refs (G)         327 us
[4.734s][info][gc,stats    ] Pause Final Update Refs (N)         239 us
[4.734s][info][gc,stats    ]   Update Region States               91 us
[4.734s][info][gc,stats    ]   Trash Collection Set                4 us
[4.734s][info][gc,stats    ]   Rebuild Free Set                   22 us
[4.734s][info][gc,stats    ] Concurrent Cleanup                   42 us
[4.734s][info][gc,stats    ] 
[4.734s][info][gc,stats    ] Allocation pacing accrued:
[4.734s][info][gc,stats    ]       0 of    51 ms (  0.0%): <total>
[4.734s][info][gc,stats    ]       0 of    51 ms (  0.0%): <average total>
[4.734s][info][gc,stats    ] 
[4.734s][info][gc,metaspace] Metaspace: 14171K(14464K)->14164K(14464K) NonClass: 12264K(12416K)->12259K(12416K) Class: 1907K(2048K)->1905K(2048K)
[4.734s][info][gc,ergo     ] Pacer for Idle. Initial: 41943K, Alloc Tax Rate: 1.0x
[5.263s][info][gc          ] Trigger: Learning 2 of 5. Free (1433M) is below initial threshold (1433M)
[5.264s][info][gc,ergo     ] Free: 1433M, Max: 1024K regular, 1433M humongous, Frag: 0% external, 0% internal; Reserve: 103M, Max: 1024K
[5.264s][info][gc,start    ] GC(6) Concurrent reset
[5.264s][info][gc,task     ] GC(6) Using 1 of 3 workers for concurrent reset
[5.264s][info][gc,ergo     ] GC(6) Pacer for Reset. Non-Taxable: 2048M
[5.264s][info][gc          ] GC(6) Concurrent reset 0.155ms
[5.264s][info][gc,start    ] GC(6) Pause Init Mark (unload classes)
[5.264s][info][gc,task     ] GC(6) Using 3 of 3 workers for init marking
[5.264s][info][gc,ergo     ] GC(6) Pacer for Mark. Expected Live: 4886K, Free: 1433M, Non-Taxable: 143M, Alloc Tax Rate: 0.0x
[5.264s][info][gc          ] GC(6) Pause Init Mark (unload classes) 0.090ms
[5.264s][info][gc,start    ] GC(6) Concurrent marking roots
[5.264s][info][gc,task     ] GC(6) Using 1 of 3 workers for concurrent marking roots
[5.264s][info][gc          ] GC(6) Concurrent marking roots 0.416ms
[5.264s][info][gc,start    ] GC(6) Concurrent marking (unload classes)
[5.264s][info][gc,task     ] GC(6) Using 1 of 3 workers for concurrent marking
[5.268s][info][gc          ] GC(6) Concurrent marking (unload classes) 4.023ms
[5.269s][info][gc,start    ] GC(6) Pause Final Mark (unload classes)
[5.269s][info][gc,task     ] GC(6) Using 3 of 3 workers for final marking
[5.269s][info][gc,ergo     ] GC(6) Collectable Garbage: 491M (96%), Immediate: 491M (96%), CSet: 0B (0%)
[5.269s][info][gc          ] GC(6) Pause Final Mark (unload classes) 0.165ms
[5.269s][info][gc,start    ] GC(6) Concurrent weak references
[5.269s][info][gc,task     ] GC(6) Using 1 of 3 workers for concurrent weak references
[5.269s][info][gc,ref      ] GC(6) Encountered references: Soft: 140, Weak: 730, Final: 0, Phantom: 64
[5.269s][info][gc,ref      ] GC(6) Discovered  references: Soft: 0, Weak: 148, Final: 0, Phantom: 37
[5.269s][info][gc,ref      ] GC(6) Enqueued    references: Soft: 0, Weak: 1, Final: 0, Phantom: 0
[5.269s][info][gc          ] GC(6) Concurrent weak references 0.062ms
[5.269s][info][gc,start    ] GC(6) Concurrent weak roots
[5.269s][info][gc,task     ] GC(6) Using 1 of 3 workers for concurrent weak root
[5.274s][info][gc          ] GC(6) Concurrent weak roots 4.721ms
[5.274s][info][gc,start    ] GC(6) Concurrent cleanup
[5.274s][info][gc          ] GC(6) Concurrent cleanup 525M->34M(2048M) 0.057ms
[5.274s][info][gc,ergo     ] GC(6) Free: 1911M, Max: 1024K regular, 1420M humongous, Frag: 26% external, 0% internal; Reserve: 103M, Max: 1024K
[5.274s][info][gc,start    ] GC(6) Concurrent class unloading
[5.274s][info][gc,task     ] GC(6) Using 1 of 3 workers for concurrent class unloading
[5.277s][info][gc          ] GC(6) Concurrent class unloading 3.052ms
[5.277s][info][gc,start    ] GC(6) Pause Final Roots
[5.277s][info][gc          ] GC(6) Pause Final Roots 0.022ms
[5.277s][info][gc,ergo     ] Free: 1908M, Max: 1024K regular, 1420M humongous, Frag: 26% external, 0% internal; Reserve: 103M, Max: 1024K
[5.277s][info][gc,stats    ] 
[5.277s][info][gc,stats    ] All times are wall-clock times, except per-root-class counters, that are sum over
[5.277s][info][gc,stats    ] all workers. Dividing the <total> over the root stage time estimates parallelism.
[5.277s][info][gc,stats    ] 
[5.277s][info][gc,stats    ] Concurrent Reset                    175 us
[5.277s][info][gc,stats    ] Pause Init Mark (G)                 232 us
[5.277s][info][gc,stats    ] Pause Init Mark (N)                  99 us
[5.277s][info][gc,stats    ]   Update Region States               26 us
[5.277s][info][gc,stats    ] Concurrent Mark Roots               430 us, parallelism: 0.86x
[5.277s][info][gc,stats    ]   CMR: <total>                      371 us
[5.277s][info][gc,stats    ]   CMR: Thread Roots                 326 us, workers (us): 326, ---, ---, 
[5.277s][info][gc,stats    ]   CMR: VM Strong Roots                4 us, workers (us):   4, ---, ---, 
[5.277s][info][gc,stats    ]   CMR: CLDG Roots                    41 us, workers (us):  41, ---, ---, 
[5.277s][info][gc,stats    ] Concurrent Marking                 4078 us
[5.277s][info][gc,stats    ] Pause Final Mark (G)                267 us
[5.277s][info][gc,stats    ] Pause Final Mark (N)                175 us
[5.277s][info][gc,stats    ]   Finish Mark                        39 us
[5.277s][info][gc,stats    ]   Update Region States               30 us
[5.277s][info][gc,stats    ]   Choose Collection Set              55 us
[5.277s][info][gc,stats    ]   Rebuild Free Set                    8 us
[5.277s][info][gc,stats    ] Concurrent Weak References           77 us, parallelism: 0.09x
[5.277s][info][gc,stats    ]   CWRF: <total>                       7 us
[5.277s][info][gc,stats    ]   CWRF: Weak References               7 us, workers (us):   7, ---, ---, 
[5.277s][info][gc,stats    ] Concurrent Weak Roots              4782 us
[5.277s][info][gc,stats    ]   Roots                            4640 us, parallelism: 0.99x
[5.277s][info][gc,stats    ]     CWR: <total>                   4615 us
[5.277s][info][gc,stats    ]     CWR: Code Cache Roots           640 us, workers (us): 640, ---, ---, 
[5.277s][info][gc,stats    ]     CWR: VM Weak Roots             3968 us, workers (us): 3968, ---, ---, 
[5.277s][info][gc,stats    ]     CWR: CLDG Roots                   7 us, workers (us):   7, ---, ---, 
[5.277s][info][gc,stats    ]   Rendezvous                         63 us
[5.277s][info][gc,stats    ] Concurrent Cleanup                   66 us
[5.277s][info][gc,stats    ] Concurrent Class Unloading         3099 us
[5.277s][info][gc,stats    ]   Unlink Stale                     2804 us
[5.277s][info][gc,stats    ]     System Dictionary                 9 us
[5.277s][info][gc,stats    ]     Weak Class Links                  0 us
[5.277s][info][gc,stats    ]     Code Roots                     2794 us
[5.277s][info][gc,stats    ]   Rendezvous                        102 us
[5.277s][info][gc,stats    ]   Purge Unlinked                    127 us
[5.277s][info][gc,stats    ]     Code Roots                      125 us
[5.277s][info][gc,stats    ]     CLDG                              2 us
[5.277s][info][gc,stats    ]     Exception Caches                  0 us
[5.277s][info][gc,stats    ] Pause Final Roots (G)               111 us
[5.277s][info][gc,stats    ] Pause Final Roots (N)                31 us
[5.277s][info][gc,stats    ] 
[5.277s][info][gc,stats    ] Allocation pacing accrued:
[5.277s][info][gc,stats    ]       0 of   543 ms (  0.0%): <total>
[5.277s][info][gc,stats    ]       0 of   543 ms (  0.0%): <average total>
[5.277s][info][gc,stats    ] 
[5.277s][info][gc,metaspace] Metaspace: 14164K(14464K)->14164K(14464K) NonClass: 12259K(12416K)->12259K(12416K) Class: 1905K(2048K)->1905K(2048K)
[5.277s][info][gc,ergo     ] Pacer for Idle. Initial: 41943K, Alloc Tax Rate: 1.0x
[5.750s][info][gc          ] Trigger: Learning 3 of 5. Free (1433M) is below initial threshold (1433M)
[5.750s][info][gc,ergo     ] Free: 1433M, Max: 1024K regular, 1420M humongous, Frag: 1% external, 0% internal; Reserve: 103M, Max: 1024K
[5.750s][info][gc,start    ] GC(7) Concurrent reset
[5.750s][info][gc,task     ] GC(7) Using 1 of 3 workers for concurrent reset
[5.750s][info][gc,ergo     ] GC(7) Pacer for Reset. Non-Taxable: 2048M
[5.750s][info][gc          ] GC(7) Concurrent reset 0.178ms
[5.750s][info][gc,start    ] GC(7) Pause Init Mark (unload classes)
[5.750s][info][gc,task     ] GC(7) Using 3 of 3 workers for init marking
[5.750s][info][gc,ergo     ] GC(7) Pacer for Mark. Expected Live: 4783K, Free: 1432M, Non-Taxable: 143M, Alloc Tax Rate: 0.0x
[5.750s][info][gc          ] GC(7) Pause Init Mark (unload classes) 0.090ms
[5.750s][info][gc,start    ] GC(7) Concurrent marking roots
[5.750s][info][gc,task     ] GC(7) Using 1 of 3 workers for concurrent marking roots
[5.751s][info][gc          ] GC(7) Concurrent marking roots 0.401ms
[5.751s][info][gc,start    ] GC(7) Concurrent marking (unload classes)
[5.751s][info][gc,task     ] GC(7) Using 1 of 3 workers for concurrent marking
[5.754s][info][gc          ] GC(7) Concurrent marking (unload classes) 3.834ms
[5.755s][info][gc,start    ] GC(7) Pause Final Mark (unload classes)
[5.755s][info][gc,task     ] GC(7) Using 3 of 3 workers for final marking
[5.755s][info][gc,ergo     ] GC(7) Collectable Garbage: 489M (96%), Immediate: 489M (96%), CSet: 0B (0%)
[5.755s][info][gc          ] GC(7) Pause Final Mark (unload classes) 0.143ms
[5.755s][info][gc,start    ] GC(7) Concurrent weak references
[5.755s][info][gc,task     ] GC(7) Using 1 of 3 workers for concurrent weak references
[5.755s][info][gc,ref      ] GC(7) Encountered references: Soft: 140, Weak: 729, Final: 0, Phantom: 64
[5.755s][info][gc,ref      ] GC(7) Discovered  references: Soft: 0, Weak: 147, Final: 0, Phantom: 37
[5.755s][info][gc,ref      ] GC(7) Enqueued    references: Soft: 0, Weak: 0, Final: 0, Phantom: 0
[5.755s][info][gc          ] GC(7) Concurrent weak references 0.061ms
[5.755s][info][gc,start    ] GC(7) Concurrent weak roots
[5.755s][info][gc,task     ] GC(7) Using 1 of 3 workers for concurrent weak root
[5.758s][info][gc          ] GC(7) Concurrent weak roots 3.182ms
[5.758s][info][gc,start    ] GC(7) Concurrent cleanup
[5.758s][info][gc          ] GC(7) Concurrent cleanup 524M->35M(2048M) 0.052ms
[5.758s][info][gc,ergo     ] GC(7) Free: 1909M, Max: 1024K regular, 1426M humongous, Frag: 26% external, 0% internal; Reserve: 103M, Max: 1024K
[5.758s][info][gc,start    ] GC(7) Concurrent class unloading
[5.758s][info][gc,task     ] GC(7) Using 1 of 3 workers for concurrent class unloading
[5.761s][info][gc          ] GC(7) Concurrent class unloading 2.910ms
[5.761s][info][gc,start    ] GC(7) Pause Final Roots
[5.761s][info][gc          ] GC(7) Pause Final Roots 0.041ms
[5.761s][info][gc,ergo     ] Free: 1909M, Max: 1024K regular, 1426M humongous, Frag: 26% external, 0% internal; Reserve: 103M, Max: 1024K
[5.761s][info][gc,stats    ] 
[5.761s][info][gc,stats    ] All times are wall-clock times, except per-root-class counters, that are sum over
[5.761s][info][gc,stats    ] all workers. Dividing the <total> over the root stage time estimates parallelism.
[5.761s][info][gc,stats    ] 
[5.761s][info][gc,stats    ] Concurrent Reset                    198 us
[5.761s][info][gc,stats    ] Pause Init Mark (G)                 209 us
[5.761s][info][gc,stats    ] Pause Init Mark (N)                  99 us
[5.761s][info][gc,stats    ]   Update Region States               25 us
[5.761s][info][gc,stats    ] Concurrent Mark Roots               414 us, parallelism: 0.85x
[5.761s][info][gc,stats    ]   CMR: <total>                      351 us
[5.761s][info][gc,stats    ]   CMR: Thread Roots                 310 us, workers (us): 310, ---, ---, 
[5.761s][info][gc,stats    ]   CMR: VM Strong Roots                4 us, workers (us):   4, ---, ---, 
[5.761s][info][gc,stats    ]   CMR: CLDG Roots                    37 us, workers (us):  37, ---, ---, 
[5.761s][info][gc,stats    ] Concurrent Marking                 3884 us
[5.761s][info][gc,stats    ] Pause Final Mark (G)                213 us
[5.761s][info][gc,stats    ] Pause Final Mark (N)                152 us
[5.761s][info][gc,stats    ]   Finish Mark                        37 us
[5.761s][info][gc,stats    ]   Update Region States               27 us
[5.761s][info][gc,stats    ]   Choose Collection Set              28 us
[5.761s][info][gc,stats    ]   Rebuild Free Set                    7 us
[5.761s][info][gc,stats    ] Concurrent Weak References           68 us, parallelism: 0.10x
[5.761s][info][gc,stats    ]   CWRF: <total>                       6 us
[5.761s][info][gc,stats    ]   CWRF: Weak References               6 us, workers (us):   6, ---, ---, 
[5.761s][info][gc,stats    ] Concurrent Weak Roots              3210 us
[5.761s][info][gc,stats    ]   Roots                            3120 us, parallelism: 0.99x
[5.761s][info][gc,stats    ]     CWR: <total>                   3097 us
[5.761s][info][gc,stats    ]     CWR: Code Cache Roots           595 us, workers (us): 595, ---, ---, 
[5.761s][info][gc,stats    ]     CWR: VM Weak Roots             2496 us, workers (us): 2496, ---, ---, 
[5.761s][info][gc,stats    ]     CWR: CLDG Roots                   7 us, workers (us):   7, ---, ---, 
[5.761s][info][gc,stats    ]   Rendezvous                         47 us
[5.761s][info][gc,stats    ] Concurrent Cleanup                   61 us
[5.762s][info][gc,stats    ] Concurrent Class Unloading         2957 us
[5.762s][info][gc,stats    ]   Unlink Stale                     2655 us
[5.762s][info][gc,stats    ]     System Dictionary                 8 us
[5.762s][info][gc,stats    ]     Weak Class Links                  0 us
[5.762s][info][gc,stats    ]     Code Roots                     2645 us
[5.762s][info][gc,stats    ]   Rendezvous                         80 us
[5.762s][info][gc,stats    ]   Purge Unlinked                    158 us
[5.762s][info][gc,stats    ]     Code Roots                      152 us
[5.762s][info][gc,stats    ]     CLDG                              5 us
[5.762s][info][gc,stats    ]     Exception Caches                  0 us
[5.762s][info][gc,stats    ] Pause Final Roots (G)               114 us
[5.762s][info][gc,stats    ] Pause Final Roots (N)                50 us
[5.762s][info][gc,stats    ] 
[5.762s][info][gc,stats    ] Allocation pacing accrued:
[5.762s][info][gc,stats    ]       0 of   484 ms (  0.0%): <total>
[5.762s][info][gc,stats    ]       0 of   484 ms (  0.0%): <average total>
[5.762s][info][gc,stats    ] 
[5.762s][info][gc,metaspace] Metaspace: 14164K(14464K)->14164K(14464K) NonClass: 12259K(12416K)->12259K(12416K) Class: 1905K(2048K)->1905K(2048K)
[5.762s][info][gc,ergo     ] Pacer for Idle. Initial: 41943K, Alloc Tax Rate: 1.0x
[6.234s][info][gc          ] Trigger: Learning 4 of 5. Free (1432M) is below initial threshold (1433M)
[6.234s][info][gc,ergo     ] Free: 1432M, Max: 1024K regular, 1426M humongous, Frag: 1% external, 0% internal; Reserve: 103M, Max: 1024K
[6.234s][info][gc,start    ] GC(8) Concurrent reset
[6.234s][info][gc,task     ] GC(8) Using 1 of 3 workers for concurrent reset
[6.234s][info][gc,ergo     ] GC(8) Pacer for Reset. Non-Taxable: 2048M
[6.235s][info][gc          ] GC(8) Concurrent reset 0.198ms
[6.235s][info][gc,start    ] GC(8) Pause Init Mark (unload classes)
[6.235s][info][gc,task     ] GC(8) Using 3 of 3 workers for init marking
[6.235s][info][gc,ergo     ] GC(8) Pacer for Mark. Expected Live: 4681K, Free: 1431M, Non-Taxable: 143M, Alloc Tax Rate: 0.0x
[6.235s][info][gc          ] GC(8) Pause Init Mark (unload classes) 0.103ms
[6.235s][info][gc,start    ] GC(8) Concurrent marking roots
[6.235s][info][gc,task     ] GC(8) Using 1 of 3 workers for concurrent marking roots
[6.235s][info][gc          ] GC(8) Concurrent marking roots 0.415ms
[6.235s][info][gc,start    ] GC(8) Concurrent marking (unload classes)
[6.235s][info][gc,task     ] GC(8) Using 1 of 3 workers for concurrent marking
[6.239s][info][gc          ] GC(8) Concurrent marking (unload classes) 3.961ms
[6.239s][info][gc,start    ] GC(8) Pause Final Mark (unload classes)
[6.239s][info][gc,task     ] GC(8) Using 3 of 3 workers for final marking
[6.239s][info][gc,ergo     ] GC(8) Collectable Garbage: 488M (95%), Immediate: 488M (95%), CSet: 0B (0%)
[6.239s][info][gc          ] GC(8) Pause Final Mark (unload classes) 0.144ms
[6.239s][info][gc,start    ] GC(8) Concurrent weak references
[6.240s][info][gc,task     ] GC(8) Using 1 of 3 workers for concurrent weak references
[6.240s][info][gc,ref      ] GC(8) Encountered references: Soft: 140, Weak: 729, Final: 0, Phantom: 64
[6.240s][info][gc,ref      ] GC(8) Discovered  references: Soft: 0, Weak: 147, Final: 0, Phantom: 37
[6.240s][info][gc,ref      ] GC(8) Enqueued    references: Soft: 0, Weak: 0, Final: 0, Phantom: 0
[6.240s][info][gc          ] GC(8) Concurrent weak references 0.068ms
[6.240s][info][gc,start    ] GC(8) Concurrent weak roots
[6.240s][info][gc,task     ] GC(8) Using 1 of 3 workers for concurrent weak root
[6.242s][info][gc          ] GC(8) Concurrent weak roots 2.872ms
[6.242s][info][gc,start    ] GC(8) Concurrent cleanup
[6.243s][info][gc          ] GC(8) Concurrent cleanup 526M->38M(2048M) 0.053ms
[6.243s][info][gc,ergo     ] GC(8) Free: 1906M, Max: 1024K regular, 1419M humongous, Frag: 26% external, 0% internal; Reserve: 103M, Max: 1024K
[6.243s][info][gc,start    ] GC(8) Concurrent class unloading
[6.243s][info][gc,task     ] GC(8) Using 1 of 3 workers for concurrent class unloading
[6.245s][info][gc          ] GC(8) Concurrent class unloading 2.849ms
[6.245s][info][gc,start    ] GC(8) Pause Final Roots
[6.245s][info][gc          ] GC(8) Pause Final Roots 0.042ms
[6.246s][info][gc,ergo     ] Free: 1906M, Max: 1024K regular, 1419M humongous, Frag: 26% external, 0% internal; Reserve: 103M, Max: 1024K
[6.246s][info][gc,stats    ] 
[6.246s][info][gc,stats    ] All times are wall-clock times, except per-root-class counters, that are sum over
[6.246s][info][gc,stats    ] all workers. Dividing the <total> over the root stage time estimates parallelism.
[6.246s][info][gc,stats    ] 
[6.246s][info][gc,stats    ] Concurrent Reset                    209 us
[6.246s][info][gc,stats    ] Pause Init Mark (G)                 201 us
[6.246s][info][gc,stats    ] Pause Init Mark (N)                 113 us
[6.246s][info][gc,stats    ]   Update Region States               27 us
[6.246s][info][gc,stats    ] Concurrent Mark Roots               428 us, parallelism: 0.86x
[6.246s][info][gc,stats    ]   CMR: <total>                      367 us
[6.246s][info][gc,stats    ]   CMR: Thread Roots                 322 us, workers (us): 322, ---, ---, 
[6.246s][info][gc,stats    ]   CMR: VM Strong Roots                5 us, workers (us):   5, ---, ---, 
[6.246s][info][gc,stats    ]   CMR: CLDG Roots                    40 us, workers (us):  40, ---, ---, 
[6.246s][info][gc,stats    ] Concurrent Marking                 4010 us
[6.246s][info][gc,stats    ] Pause Final Mark (G)                221 us
[6.246s][info][gc,stats    ] Pause Final Mark (N)                154 us
[6.246s][info][gc,stats    ]   Finish Mark                        34 us
[6.246s][info][gc,stats    ]   Update Region States               29 us
[6.246s][info][gc,stats    ]   Choose Collection Set              49 us
[6.246s][info][gc,stats    ]   Rebuild Free Set                    8 us
[6.246s][info][gc,stats    ] Concurrent Weak References           75 us, parallelism: 0.10x
[6.246s][info][gc,stats    ]   CWRF: <total>                       7 us
[6.246s][info][gc,stats    ]   CWRF: Weak References               7 us, workers (us):   7, ---, ---, 
[6.246s][info][gc,stats    ] Concurrent Weak Roots              2904 us
[6.246s][info][gc,stats    ]   Roots                            2804 us, parallelism: 0.99x
[6.246s][info][gc,stats    ]     CWR: <total>                   2777 us
[6.246s][info][gc,stats    ]     CWR: Code Cache Roots           554 us, workers (us): 554, ---, ---, 
[6.246s][info][gc,stats    ]     CWR: VM Weak Roots             2215 us, workers (us): 2215, ---, ---, 
[6.246s][info][gc,stats    ]     CWR: CLDG Roots                   7 us, workers (us):   7, ---, ---, 
[6.246s][info][gc,stats    ]   Rendezvous                         47 us
[6.246s][info][gc,stats    ] Concurrent Cleanup                   61 us
[6.246s][info][gc,stats    ] Concurrent Class Unloading         2888 us
[6.246s][info][gc,stats    ]   Unlink Stale                     2635 us
[6.246s][info][gc,stats    ]     System Dictionary                 7 us
[6.246s][info][gc,stats    ]     Weak Class Links                  0 us
[6.246s][info][gc,stats    ]     Code Roots                     2626 us
[6.246s][info][gc,stats    ]   Rendezvous                         49 us
[6.246s][info][gc,stats    ]   Purge Unlinked                    148 us
[6.246s][info][gc,stats    ]     Code Roots                      143 us
[6.246s][info][gc,stats    ]     CLDG                              5 us
[6.246s][info][gc,stats    ]     Exception Caches                  0 us
[6.246s][info][gc,stats    ] Pause Final Roots (G)               105 us
[6.246s][info][gc,stats    ] Pause Final Roots (N)                51 us
[6.246s][info][gc,stats    ] 
[6.246s][info][gc,stats    ] Allocation pacing accrued:
[6.246s][info][gc,stats    ]       0 of   484 ms (  0.0%): <total>
[6.246s][info][gc,stats    ]       0 of   484 ms (  0.0%): <average total>
[6.246s][info][gc,stats    ] 
[6.246s][info][gc,metaspace] Metaspace: 14164K(14464K)->14164K(14464K) NonClass: 12259K(12416K)->12259K(12416K) Class: 1905K(2048K)->1905K(2048K)
[6.246s][info][gc,ergo     ] Pacer for Idle. Initial: 41943K, Alloc Tax Rate: 1.0x
[6.713s][info][gc          ] Trigger: Learning 5 of 5. Free (1432M) is below initial threshold (1433M)
[6.714s][info][gc,ergo     ] Free: 1432M, Max: 1024K regular, 1419M humongous, Frag: 1% external, 0% internal; Reserve: 103M, Max: 1024K
[6.714s][info][gc,start    ] GC(9) Concurrent reset
[6.714s][info][gc,task     ] GC(9) Using 1 of 3 workers for concurrent reset
[6.714s][info][gc,ergo     ] GC(9) Pacer for Reset. Non-Taxable: 2048M
[6.714s][info][gc          ] GC(9) Concurrent reset 0.195ms
[6.714s][info][gc,start    ] GC(9) Pause Init Mark (unload classes)
[6.714s][info][gc,task     ] GC(9) Using 3 of 3 workers for init marking
[6.714s][info][gc,ergo     ] GC(9) Pacer for Mark. Expected Live: 4579K, Free: 1432M, Non-Taxable: 143M, Alloc Tax Rate: 0.0x
[6.714s][info][gc          ] GC(9) Pause Init Mark (unload classes) 0.086ms
[6.714s][info][gc,start    ] GC(9) Concurrent marking roots
[6.714s][info][gc,task     ] GC(9) Using 1 of 3 workers for concurrent marking roots
[6.714s][info][gc          ] GC(9) Concurrent marking roots 0.435ms
[6.714s][info][gc,start    ] GC(9) Concurrent marking (unload classes)
[6.714s][info][gc,task     ] GC(9) Using 1 of 3 workers for concurrent marking
[6.718s][info][gc          ] GC(9) Concurrent marking (unload classes) 3.937ms
[6.718s][info][gc,start    ] GC(9) Pause Final Mark (unload classes)
[6.718s][info][gc,task     ] GC(9) Using 3 of 3 workers for final marking
[6.719s][info][gc,ergo     ] GC(9) Collectable Garbage: 486M (95%), Immediate: 486M (95%), CSet: 0B (0%)
[6.719s][info][gc          ] GC(9) Pause Final Mark (unload classes) 0.140ms
[6.719s][info][gc,start    ] GC(9) Concurrent weak references
[6.719s][info][gc,task     ] GC(9) Using 1 of 3 workers for concurrent weak references
[6.719s][info][gc,ref      ] GC(9) Encountered references: Soft: 140, Weak: 727, Final: 0, Phantom: 64
[6.719s][info][gc,ref      ] GC(9) Discovered  references: Soft: 0, Weak: 147, Final: 0, Phantom: 37
[6.719s][info][gc,ref      ] GC(9) Enqueued    references: Soft: 0, Weak: 0, Final: 0, Phantom: 0
[6.719s][info][gc          ] GC(9) Concurrent weak references 0.062ms
[6.719s][info][gc,start    ] GC(9) Concurrent weak roots
[6.719s][info][gc,task     ] GC(9) Using 1 of 3 workers for concurrent weak root
[6.721s][info][gc          ] GC(9) Concurrent weak roots 2.605ms
[6.721s][info][gc,start    ] GC(9) Concurrent cleanup
[6.721s][info][gc          ] GC(9) Concurrent cleanup 523M->37M(2048M) 0.051ms
[6.721s][info][gc,ergo     ] GC(9) Free: 1907M, Max: 1024K regular, 1423M humongous, Frag: 26% external, 0% internal; Reserve: 103M, Max: 1024K
[6.721s][info][gc,start    ] GC(9) Concurrent class unloading
[6.721s][info][gc,task     ] GC(9) Using 1 of 3 workers for concurrent class unloading
[6.724s][info][gc          ] GC(9) Concurrent class unloading 2.834ms
[6.724s][info][gc,start    ] GC(9) Pause Final Roots
[6.724s][info][gc          ] GC(9) Pause Final Roots 0.043ms
[6.724s][info][gc,ergo     ] Free: 1906M, Max: 1024K regular, 1423M humongous, Frag: 26% external, 0% internal; Reserve: 103M, Max: 1024K
[6.724s][info][gc,stats    ] 
[6.724s][info][gc,stats    ] All times are wall-clock times, except per-root-class counters, that are sum over
[6.724s][info][gc,stats    ] all workers. Dividing the <total> over the root stage time estimates parallelism.
[6.724s][info][gc,stats    ] 
[6.724s][info][gc,stats    ] Concurrent Reset                    213 us
[6.725s][info][gc,stats    ] Pause Init Mark (G)                 165 us
[6.725s][info][gc,stats    ] Pause Init Mark (N)                  94 us
[6.725s][info][gc,stats    ]   Update Region States               24 us
[6.725s][info][gc,stats    ] Concurrent Mark Roots               449 us, parallelism: 0.86x
[6.725s][info][gc,stats    ]   CMR: <total>                      386 us
[6.725s][info][gc,stats    ]   CMR: Thread Roots                 336 us, workers (us): 336, ---, ---, 
[6.725s][info][gc,stats    ]   CMR: VM Strong Roots                6 us, workers (us):   6, ---, ---, 
[6.725s][info][gc,stats    ]   CMR: CLDG Roots                    43 us, workers (us):  43, ---, ---, 
[6.725s][info][gc,stats    ] Concurrent Marking                 3983 us
[6.725s][info][gc,stats    ] Pause Final Mark (G)                219 us
[6.725s][info][gc,stats    ] Pause Final Mark (N)                148 us
[6.725s][info][gc,stats    ]   Finish Mark                        36 us
[6.725s][info][gc,stats    ]   Update Region States               27 us
[6.725s][info][gc,stats    ]   Choose Collection Set              26 us
[6.725s][info][gc,stats    ]   Rebuild Free Set                    8 us
[6.725s][info][gc,stats    ] Concurrent Weak References           69 us, parallelism: 0.11x
[6.725s][info][gc,stats    ]   CWRF: <total>                       7 us
[6.725s][info][gc,stats    ]   CWRF: Weak References               7 us, workers (us):   7, ---, ---, 
[6.725s][info][gc,stats    ] Concurrent Weak Roots              2648 us
[6.725s][info][gc,stats    ]   Roots                            2542 us, parallelism: 0.99x
[6.725s][info][gc,stats    ]     CWR: <total>                   2515 us
[6.725s][info][gc,stats    ]     CWR: Code Cache Roots           615 us, workers (us): 615, ---, ---, 
[6.725s][info][gc,stats    ]     CWR: VM Weak Roots             1894 us, workers (us): 1894, ---, ---, 
[6.725s][info][gc,stats    ]     CWR: CLDG Roots                   7 us, workers (us):   7, ---, ---, 
[6.725s][info][gc,stats    ]   Rendezvous                         48 us
[6.725s][info][gc,stats    ] Concurrent Cleanup                   60 us
[6.725s][info][gc,stats    ] Concurrent Class Unloading         2888 us
[6.725s][info][gc,stats    ]   Unlink Stale                     2631 us
[6.725s][info][gc,stats    ]     System Dictionary                 7 us
[6.725s][info][gc,stats    ]     Weak Class Links                  0 us
[6.725s][info][gc,stats    ]     Code Roots                     2622 us
[6.725s][info][gc,stats    ]   Rendezvous                         40 us
[6.725s][info][gc,stats    ]   Purge Unlinked                    144 us
[6.725s][info][gc,stats    ]     Code Roots                      139 us
[6.725s][info][gc,stats    ]     CLDG                              5 us
[6.725s][info][gc,stats    ]     Exception Caches                  0 us
[6.725s][info][gc,stats    ] Pause Final Roots (G)                99 us
[6.725s][info][gc,stats    ] Pause Final Roots (N)                52 us
[6.725s][info][gc,stats    ] 
[6.725s][info][gc,stats    ] Allocation pacing accrued:
[6.725s][info][gc,stats    ]       0 of   479 ms (  0.0%): <total>
[6.725s][info][gc,stats    ]       0 of   479 ms (  0.0%): <average total>
[6.725s][info][gc,stats    ] 
[6.725s][info][gc,metaspace] Metaspace: 14164K(14464K)->14164K(14464K) NonClass: 12259K(12416K)->12259K(12416K) Class: 1905K(2048K)->1905K(2048K)
[6.725s][info][gc,ergo     ] Pacer for Idle. Initial: 41943K, Alloc Tax Rate: 1.0x
[6.849s][info][gc          ] Trigger: Explicit GC request (System.gc())
[6.849s][info][gc,ergo     ] Free: 1826M, Max: 1024K regular, 1423M humongous, Frag: 23% external, 0% internal; Reserve: 103M, Max: 1024K
[6.849s][info][gc,start    ] GC(10) Concurrent reset
[6.849s][info][gc,task     ] GC(10) Using 1 of 3 workers for concurrent reset
[6.849s][info][gc,ergo     ] GC(10) Pacer for Reset. Non-Taxable: 2048M
[6.850s][info][gc          ] GC(10) Concurrent reset 0.395ms
[6.850s][info][gc,start    ] GC(10) Pause Init Mark (unload classes)
[6.850s][info][gc,task     ] GC(10) Using 3 of 3 workers for init marking
[6.850s][info][gc,ref      ] GC(10) Clearing All SoftReferences
[6.850s][info][gc,ergo     ] GC(10) Pacer for Mark. Expected Live: 4492K, Free: 1826M, Non-Taxable: 182M, Alloc Tax Rate: 0.0x
[6.850s][info][gc          ] GC(10) Pause Init Mark (unload classes) 0.266ms
[6.850s][info][gc,start    ] GC(10) Concurrent marking roots
[6.850s][info][gc,task     ] GC(10) Using 1 of 3 workers for concurrent marking roots
[6.851s][info][gc          ] GC(10) Concurrent marking roots 0.511ms
[6.851s][info][gc,start    ] GC(10) Concurrent marking (unload classes)
[6.851s][info][gc,task     ] GC(10) Using 1 of 3 workers for concurrent marking
[6.855s][info][gc          ] GC(10) Concurrent marking (unload classes) 4.634ms
[6.855s][info][gc,start    ] GC(10) Pause Final Mark (unload classes)
[6.855s][info][gc,task     ] GC(10) Using 3 of 3 workers for final marking
[6.856s][info][gc,ergo     ] GC(10) Collectable Garbage: 107M (94%), Immediate: 107M (94%), CSet: 0B (0%)
[6.856s][info][gc          ] GC(10) Pause Final Mark (unload classes) 0.385ms
[6.856s][info][gc,start    ] GC(10) Concurrent weak references
[6.856s][info][gc,task     ] GC(10) Using 1 of 3 workers for concurrent weak references
[6.856s][info][gc,ref      ] GC(10) Encountered references: Soft: 140, Weak: 713, Final: 0, Phantom: 64
[6.856s][info][gc,ref      ] GC(10) Discovered  references: Soft: 88, Weak: 169, Final: 0, Phantom: 62
[6.856s][info][gc,ref      ] GC(10) Enqueued    references: Soft: 3, Weak: 0, Final: 0, Phantom: 0
[6.856s][info][gc          ] GC(10) Concurrent weak references 0.122ms
[6.856s][info][gc,start    ] GC(10) Concurrent weak roots
[6.856s][info][gc,task     ] GC(10) Using 1 of 3 workers for concurrent weak root
[6.858s][info][gc          ] GC(10) Concurrent weak roots 1.819ms
[6.858s][info][gc,start    ] GC(10) Concurrent cleanup
[6.858s][info][gc          ] GC(10) Concurrent cleanup 118M->11M(2048M) 0.045ms
[6.858s][info][gc,ergo     ] GC(10) Free: 1934M, Max: 1024K regular, 1723M humongous, Frag: 11% external, 0% internal; Reserve: 103M, Max: 1024K
[6.858s][info][gc,start    ] GC(10) Concurrent class unloading
[6.858s][info][gc,task     ] GC(10) Using 1 of 3 workers for concurrent class unloading
[6.861s][info][gc          ] GC(10) Concurrent class unloading 3.140ms
[6.861s][info][gc,start    ] GC(10) Pause Final Roots
[6.861s][info][gc          ] GC(10) Pause Final Roots 0.064ms
[6.861s][info][gc,ergo     ] Free: 1934M, Max: 1024K regular, 1723M humongous, Frag: 11% external, 0% internal; Reserve: 103M, Max: 1024K
[6.861s][info][gc,stats    ] 
[6.861s][info][gc,stats    ] All times are wall-clock times, except per-root-class counters, that are sum over
[6.861s][info][gc,stats    ] all workers. Dividing the <total> over the root stage time estimates parallelism.
[6.861s][info][gc,stats    ] 
[6.861s][info][gc,stats    ] Concurrent Reset                    445 us
[6.861s][info][gc,stats    ] Pause Init Mark (G)                 395 us
[6.861s][info][gc,stats    ] Pause Init Mark (N)                 284 us
[6.861s][info][gc,stats    ]   Update Region States               95 us
[6.861s][info][gc,stats    ] Concurrent Mark Roots               520 us, parallelism: 0.75x
[6.861s][info][gc,stats    ]   CMR: <total>                      391 us
[6.861s][info][gc,stats    ]   CMR: Thread Roots                 312 us, workers (us): 312, ---, ---, 
[6.861s][info][gc,stats    ]   CMR: VM Strong Roots                8 us, workers (us):   8, ---, ---, 
[6.861s][info][gc,stats    ]   CMR: CLDG Roots                    71 us, workers (us):  71, ---, ---, 
[6.861s][info][gc,stats    ] Concurrent Marking                 4657 us
[6.861s][info][gc,stats    ] Pause Final Mark (G)                446 us
[6.861s][info][gc,stats    ] Pause Final Mark (N)                395 us
[6.861s][info][gc,stats    ]   Finish Mark                       162 us
[6.861s][info][gc,stats    ]   Update Region States               68 us
[6.861s][info][gc,stats    ]   Choose Collection Set              40 us
[6.861s][info][gc,stats    ]   Rebuild Free Set                    8 us
[6.861s][info][gc,stats    ] Concurrent Weak References          137 us, parallelism: 0.06x
[6.861s][info][gc,stats    ]   CWRF: <total>                       8 us
[6.861s][info][gc,stats    ]   CWRF: Weak References               8 us, workers (us):   8, ---, ---, 
[6.861s][info][gc,stats    ] Concurrent Weak Roots              1841 us
[6.861s][info][gc,stats    ]   Roots                            1351 us, parallelism: 0.98x
[6.861s][info][gc,stats    ]     CWR: <total>                   1320 us
[6.861s][info][gc,stats    ]     CWR: Code Cache Roots           536 us, workers (us): 536, ---, ---, 
[6.862s][info][gc,stats    ]     CWR: VM Weak Roots              778 us, workers (us): 778, ---, ---, 
[6.862s][info][gc,stats    ]     CWR: CLDG Roots                   6 us, workers (us):   6, ---, ---, 
[6.862s][info][gc,stats    ]   Rendezvous                        436 us
[6.862s][info][gc,stats    ] Concurrent Cleanup                   62 us
[6.862s][info][gc,stats    ] Concurrent Class Unloading         3166 us
[6.862s][info][gc,stats    ]   Unlink Stale                     2817 us
[6.862s][info][gc,stats    ]     System Dictionary                 6 us
[6.862s][info][gc,stats    ]     Weak Class Links                  0 us
[6.862s][info][gc,stats    ]     Code Roots                     2810 us
[6.862s][info][gc,stats    ]   Rendezvous                        108 us
[6.862s][info][gc,stats    ]   Purge Unlinked                    183 us
[6.862s][info][gc,stats    ]     Code Roots                      177 us
[6.862s][info][gc,stats    ]     CLDG                              6 us
[6.862s][info][gc,stats    ]     Exception Caches                  0 us
[6.862s][info][gc,stats    ] Pause Final Roots (G)               165 us
[6.862s][info][gc,stats    ] Pause Final Roots (N)                83 us
[6.862s][info][gc,stats    ] 
[6.862s][info][gc,stats    ] Allocation pacing accrued:
[6.862s][info][gc,stats    ]       0 of   137 ms (  0.0%): <total>
[6.862s][info][gc,stats    ]       0 of   137 ms (  0.0%): <average total>
[6.862s][info][gc,stats    ] 
[6.862s][info][gc,metaspace] Metaspace: 14164K(14464K)->14164K(14464K) NonClass: 12259K(12416K)->12259K(12416K) Class: 1905K(2048K)->1905K(2048K)
[6.862s][info][gc,ergo     ] Pacer for Idle. Initial: 41943K, Alloc Tax Rate: 1.0x
[7.315s][info][gc          ] Trigger: Learning 2 of 5. Free (1433M) is below initial threshold (1433M)
[7.316s][info][gc,ergo     ] Free: 1433M, Max: 1024K regular, 1433M humongous, Frag: 0% external, 0% internal; Reserve: 103M, Max: 1024K
[7.316s][info][gc,start    ] GC(11) Concurrent reset
[7.316s][info][gc,task     ] GC(11) Using 1 of 3 workers for concurrent reset
[7.316s][info][gc,ergo     ] GC(11) Pacer for Reset. Non-Taxable: 2048M
[7.316s][info][gc          ] GC(11) Concurrent reset 0.137ms
[7.316s][info][gc,start    ] GC(11) Pause Init Mark (unload classes)
[7.316s][info][gc,task     ] GC(11) Using 3 of 3 workers for init marking
[7.316s][info][gc,ergo     ] GC(11) Pacer for Mark. Expected Live: 4493K, Free: 1433M, Non-Taxable: 143M, Alloc Tax Rate: 0.0x
[7.316s][info][gc          ] GC(11) Pause Init Mark (unload classes) 0.094ms
[7.316s][info][gc,start    ] GC(11) Concurrent marking roots
[7.316s][info][gc,task     ] GC(11) Using 1 of 3 workers for concurrent marking roots
[7.316s][info][gc          ] GC(11) Concurrent marking roots 0.433ms
[7.316s][info][gc,start    ] GC(11) Concurrent marking (unload classes)
[7.316s][info][gc,task     ] GC(11) Using 1 of 3 workers for concurrent marking
[7.320s][info][gc          ] GC(11) Concurrent marking (unload classes) 3.929ms
[7.320s][info][gc,start    ] GC(11) Pause Final Mark (unload classes)
[7.320s][info][gc,task     ] GC(11) Using 3 of 3 workers for final marking
[7.320s][info][gc,ergo     ] GC(11) Collectable Garbage: 487M (95%), Immediate: 487M (95%), CSet: 0B (0%)
[7.321s][info][gc          ] GC(11) Pause Final Mark (unload classes) 0.154ms
[7.321s][info][gc,start    ] GC(11) Concurrent weak references
[7.321s][info][gc,task     ] GC(11) Using 1 of 3 workers for concurrent weak references
[7.321s][info][gc,ref      ] GC(11) Encountered references: Soft: 140, Weak: 735, Final: 0, Phantom: 64
[7.321s][info][gc,ref      ] GC(11) Discovered  references: Soft: 0, Weak: 151, Final: 0, Phantom: 37
[7.321s][info][gc,ref      ] GC(11) Enqueued    references: Soft: 0, Weak: 2, Final: 0, Phantom: 0
[7.321s][info][gc          ] GC(11) Concurrent weak references 0.071ms
[7.321s][info][gc,start    ] GC(11) Concurrent weak roots
[7.321s][info][gc,task     ] GC(11) Using 1 of 3 workers for concurrent weak root
[7.322s][info][gc          ] GC(11) Concurrent weak roots 1.669ms
[7.322s][info][gc,start    ] GC(11) Concurrent cleanup
[7.322s][info][gc          ] GC(11) Concurrent cleanup 522M->36M(2048M) 0.053ms
[7.322s][info][gc,ergo     ] GC(11) Free: 1909M, Max: 1024K regular, 1423M humongous, Frag: 26% external, 0% internal; Reserve: 103M, Max: 1024K
[7.322s][info][gc,start    ] GC(11) Concurrent class unloading
[7.322s][info][gc,task     ] GC(11) Using 1 of 3 workers for concurrent class unloading
[7.325s][info][gc          ] GC(11) Concurrent class unloading 2.991ms
[7.326s][info][gc,start    ] GC(11) Pause Final Roots
[7.326s][info][gc          ] GC(11) Pause Final Roots 0.012ms
[7.326s][info][gc,ergo     ] Free: 1907M, Max: 1024K regular, 1423M humongous, Frag: 26% external, 0% internal; Reserve: 103M, Max: 1024K
[7.326s][info][gc,stats    ] 
[7.326s][info][gc,stats    ] All times are wall-clock times, except per-root-class counters, that are sum over
[7.326s][info][gc,stats    ] all workers. Dividing the <total> over the root stage time estimates parallelism.
[7.326s][info][gc,stats    ] 
[7.326s][info][gc,stats    ] Concurrent Reset                    157 us
[7.326s][info][gc,stats    ] Pause Init Mark (G)                 207 us
[7.326s][info][gc,stats    ] Pause Init Mark (N)                 102 us
[7.326s][info][gc,stats    ]   Update Region States               26 us
[7.326s][info][gc,stats    ] Concurrent Mark Roots               447 us, parallelism: 0.85x
[7.326s][info][gc,stats    ]   CMR: <total>                      381 us
[7.326s][info][gc,stats    ]   CMR: Thread Roots                 330 us, workers (us): 330, ---, ---, 
[7.326s][info][gc,stats    ]   CMR: VM Strong Roots                4 us, workers (us):   4, ---, ---, 
[7.326s][info][gc,stats    ]   CMR: CLDG Roots                    47 us, workers (us):  47, ---, ---, 
[7.326s][info][gc,stats    ] Concurrent Marking                 3981 us
[7.326s][info][gc,stats    ] Pause Final Mark (G)                224 us
[7.326s][info][gc,stats    ] Pause Final Mark (N)                170 us
[7.326s][info][gc,stats    ]   Finish Mark                        34 us
[7.326s][info][gc,stats    ]   Update Region States               30 us
[7.326s][info][gc,stats    ]   Choose Collection Set              51 us
[7.326s][info][gc,stats    ]   Rebuild Free Set                    8 us
[7.326s][info][gc,stats    ] Concurrent Weak References           78 us, parallelism: 0.10x
[7.326s][info][gc,stats    ]   CWRF: <total>                       8 us
[7.326s][info][gc,stats    ]   CWRF: Weak References               8 us, workers (us):   8, ---, ---, 
[7.326s][info][gc,stats    ] Concurrent Weak Roots              1721 us
[7.326s][info][gc,stats    ]   Roots                            1615 us, parallelism: 0.98x
[7.326s][info][gc,stats    ]     CWR: <total>                   1591 us
[7.326s][info][gc,stats    ]     CWR: Code Cache Roots           626 us, workers (us): 626, ---, ---, 
[7.326s][info][gc,stats    ]     CWR: VM Weak Roots              958 us, workers (us): 958, ---, ---, 
[7.326s][info][gc,stats    ]     CWR: CLDG Roots                   7 us, workers (us):   7, ---, ---, 
[7.326s][info][gc,stats    ]   Rendezvous                         36 us
[7.326s][info][gc,stats    ] Concurrent Cleanup                   62 us
[7.326s][info][gc,stats    ] Concurrent Class Unloading         3038 us
[7.326s][info][gc,stats    ]   Unlink Stale                     2763 us
[7.326s][info][gc,stats    ]     System Dictionary                 9 us
[7.326s][info][gc,stats    ]     Weak Class Links                  0 us
[7.326s][info][gc,stats    ]     Code Roots                     2752 us
[7.326s][info][gc,stats    ]   Rendezvous                         50 us
[7.326s][info][gc,stats    ]   Purge Unlinked                    148 us
[7.326s][info][gc,stats    ]     Code Roots                      144 us
[7.326s][info][gc,stats    ]     CLDG                              3 us
[7.326s][info][gc,stats    ]     Exception Caches                  0 us
[7.326s][info][gc,stats    ] Pause Final Roots (G)                99 us
[7.326s][info][gc,stats    ] Pause Final Roots (N)                20 us
[7.326s][info][gc,stats    ] 
[7.326s][info][gc,stats    ] Allocation pacing accrued:
[7.326s][info][gc,stats    ]       0 of   464 ms (  0.0%): <total>
[7.326s][info][gc,stats    ]       0 of   464 ms (  0.0%): <average total>
[7.326s][info][gc,stats    ] 
[7.326s][info][gc,metaspace] Metaspace: 14164K(14464K)->14164K(14464K) NonClass: 12259K(12416K)->12259K(12416K) Class: 1905K(2048K)->1905K(2048K)
[7.326s][info][gc,ergo     ] Pacer for Idle. Initial: 41943K, Alloc Tax Rate: 1.0x
[7.747s][info][gc          ] Trigger: Learning 3 of 5. Free (1433M) is below initial threshold (1433M)
[7.747s][info][gc,ergo     ] Free: 1433M, Max: 1024K regular, 1423M humongous, Frag: 1% external, 0% internal; Reserve: 103M, Max: 1024K
[7.747s][info][gc,start    ] GC(12) Concurrent reset
[7.747s][info][gc,task     ] GC(12) Using 1 of 3 workers for concurrent reset
[7.747s][info][gc,ergo     ] GC(12) Pacer for Reset. Non-Taxable: 2048M
[7.747s][info][gc          ] GC(12) Concurrent reset 0.189ms
[7.747s][info][gc,start    ] GC(12) Pause Init Mark (unload classes)
[7.747s][info][gc,task     ] GC(12) Using 3 of 3 workers for init marking
[7.747s][info][gc,ergo     ] GC(12) Pacer for Mark. Expected Live: 4496K, Free: 1433M, Non-Taxable: 143M, Alloc Tax Rate: 0.0x
[7.747s][info][gc          ] GC(12) Pause Init Mark (unload classes) 0.102ms
[7.747s][info][gc,start    ] GC(12) Concurrent marking roots
[7.747s][info][gc,task     ] GC(12) Using 1 of 3 workers for concurrent marking roots
[7.748s][info][gc          ] GC(12) Concurrent marking roots 0.434ms
[7.748s][info][gc,start    ] GC(12) Concurrent marking (unload classes)
[7.748s][info][gc,task     ] GC(12) Using 1 of 3 workers for concurrent marking
[7.752s][info][gc          ] GC(12) Concurrent marking (unload classes) 3.897ms
[7.752s][info][gc,start    ] GC(12) Pause Final Mark (unload classes)
[7.752s][info][gc,task     ] GC(12) Using 3 of 3 workers for final marking
[7.752s][info][gc,ergo     ] GC(12) Collectable Garbage: 485M (95%), Immediate: 485M (95%), CSet: 0B (0%)
[7.752s][info][gc          ] GC(12) Pause Final Mark (unload classes) 0.140ms
[7.752s][info][gc,start    ] GC(12) Concurrent weak references
[7.752s][info][gc,task     ] GC(12) Using 1 of 3 workers for concurrent weak references
[7.752s][info][gc,ref      ] GC(12) Encountered references: Soft: 140, Weak: 733, Final: 0, Phantom: 64
[7.752s][info][gc,ref      ] GC(12) Discovered  references: Soft: 0, Weak: 149, Final: 0, Phantom: 37
[7.752s][info][gc,ref      ] GC(12) Enqueued    references: Soft: 0, Weak: 0, Final: 0, Phantom: 0
[7.752s][info][gc          ] GC(12) Concurrent weak references 0.068ms
[7.752s][info][gc,start    ] GC(12) Concurrent weak roots
[7.752s][info][gc,task     ] GC(12) Using 1 of 3 workers for concurrent weak root
[7.755s][info][gc          ] GC(12) Concurrent weak roots 3.055ms
[7.755s][info][gc,start    ] GC(12) Concurrent cleanup
[7.755s][info][gc          ] GC(12) Concurrent cleanup 524M->39M(2048M) 0.055ms
[7.755s][info][gc,ergo     ] GC(12) Free: 1905M, Max: 1024K regular, 1420M humongous, Frag: 26% external, 0% internal; Reserve: 103M, Max: 1024K
[7.755s][info][gc,start    ] GC(12) Concurrent class unloading
[7.755s][info][gc,task     ] GC(12) Using 1 of 3 workers for concurrent class unloading
[7.758s][info][gc          ] GC(12) Concurrent class unloading 3.010ms
[7.758s][info][gc,start    ] GC(12) Pause Final Roots
[7.758s][info][gc          ] GC(12) Pause Final Roots 0.039ms
[7.758s][info][gc,ergo     ] Free: 1904M, Max: 1024K regular, 1420M humongous, Frag: 26% external, 0% internal; Reserve: 103M, Max: 1024K
[7.758s][info][gc,stats    ] 
[7.758s][info][gc,stats    ] All times are wall-clock times, except per-root-class counters, that are sum over
[7.758s][info][gc,stats    ] all workers. Dividing the <total> over the root stage time estimates parallelism.
[7.758s][info][gc,stats    ] 
[7.758s][info][gc,stats    ] Concurrent Reset                    210 us
[7.758s][info][gc,stats    ] Pause Init Mark (G)                 222 us
[7.758s][info][gc,stats    ] Pause Init Mark (N)                 111 us
[7.758s][info][gc,stats    ]   Update Region States               26 us
[7.758s][info][gc,stats    ] Concurrent Mark Roots               447 us, parallelism: 0.85x
[7.758s][info][gc,stats    ]   CMR: <total>                      382 us
[7.758s][info][gc,stats    ]   CMR: Thread Roots                 333 us, workers (us): 333, ---, ---, 
[7.758s][info][gc,stats    ]   CMR: VM Strong Roots                6 us, workers (us):   6, ---, ---, 
[7.758s][info][gc,stats    ]   CMR: CLDG Roots                    43 us, workers (us):  43, ---, ---, 
[7.758s][info][gc,stats    ] Concurrent Marking                 3945 us
[7.758s][info][gc,stats    ] Pause Final Mark (G)                207 us
[7.758s][info][gc,stats    ] Pause Final Mark (N)                148 us
[7.758s][info][gc,stats    ]   Finish Mark                        34 us
[7.758s][info][gc,stats    ]   Update Region States               26 us
[7.758s][info][gc,stats    ]   Choose Collection Set              28 us
[7.758s][info][gc,stats    ]   Rebuild Free Set                    8 us
[7.758s][info][gc,stats    ] Concurrent Weak References           75 us, parallelism: 0.09x
[7.758s][info][gc,stats    ]   CWRF: <total>                       7 us
[7.758s][info][gc,stats    ]   CWRF: Weak References               7 us, workers (us):   7, ---, ---, 
[7.758s][info][gc,stats    ] Concurrent Weak Roots              3085 us
[7.758s][info][gc,stats    ]   Roots                            2989 us, parallelism: 0.99x
[7.758s][info][gc,stats    ]     CWR: <total>                   2968 us
[7.758s][info][gc,stats    ]     CWR: Code Cache Roots           610 us, workers (us): 610, ---, ---, 
[7.758s][info][gc,stats    ]     CWR: VM Weak Roots             2351 us, workers (us): 2351, ---, ---, 
[7.758s][info][gc,stats    ]     CWR: CLDG Roots                   7 us, workers (us):   7, ---, ---, 
[7.758s][info][gc,stats    ]   Rendezvous                         50 us
[7.758s][info][gc,stats    ] Concurrent Cleanup                   63 us
[7.758s][info][gc,stats    ] Concurrent Class Unloading         3064 us
[7.758s][info][gc,stats    ]   Unlink Stale                     2799 us
[7.758s][info][gc,stats    ]     System Dictionary                 8 us
[7.758s][info][gc,stats    ]     Weak Class Links                  0 us
[7.758s][info][gc,stats    ]     Code Roots                     2789 us
[7.758s][info][gc,stats    ]   Rendezvous                         54 us
[7.758s][info][gc,stats    ]   Purge Unlinked                    127 us
[7.758s][info][gc,stats    ]     Code Roots                      123 us
[7.759s][info][gc,stats    ]     CLDG                              4 us
[7.759s][info][gc,stats    ]     Exception Caches                  0 us
[7.759s][info][gc,stats    ] Pause Final Roots (G)               106 us
[7.759s][info][gc,stats    ] Pause Final Roots (N)                47 us
[7.759s][info][gc,stats    ] 
[7.759s][info][gc,stats    ] Allocation pacing accrued:
[7.759s][info][gc,stats    ]       0 of   433 ms (  0.0%): <total>
[7.759s][info][gc,stats    ]       0 of   433 ms (  0.0%): <average total>
[7.759s][info][gc,stats    ] 
[7.759s][info][gc,metaspace] Metaspace: 14164K(14464K)->14164K(14464K) NonClass: 12259K(12416K)->12259K(12416K) Class: 1905K(2048K)->1905K(2048K)
[7.759s][info][gc,ergo     ] Pacer for Idle. Initial: 41943K, Alloc Tax Rate: 1.0x
[8.179s][info][gc          ] Trigger: Learning 4 of 5. Free (1432M) is below initial threshold (1433M)
[8.179s][info][gc,ergo     ] Free: 1432M, Max: 1024K regular, 1420M humongous, Frag: 1% external, 0% internal; Reserve: 103M, Max: 1024K
[8.179s][info][gc,start    ] GC(13) Concurrent reset
[8.179s][info][gc,task     ] GC(13) Using 1 of 3 workers for concurrent reset
[8.179s][info][gc,ergo     ] GC(13) Pacer for Reset. Non-Taxable: 2048M
[8.179s][info][gc          ] GC(13) Concurrent reset 0.215ms
[8.180s][info][gc,start    ] GC(13) Pause Init Mark (unload classes)
[8.180s][info][gc,task     ] GC(13) Using 3 of 3 workers for init marking
[8.180s][info][gc,ergo     ] GC(13) Pacer for Mark. Expected Live: 4497K, Free: 1432M, Non-Taxable: 143M, Alloc Tax Rate: 0.0x
[8.180s][info][gc          ] GC(13) Pause Init Mark (unload classes) 0.105ms
[8.180s][info][gc,start    ] GC(13) Concurrent marking roots
[8.180s][info][gc,task     ] GC(13) Using 1 of 3 workers for concurrent marking roots
[8.180s][info][gc          ] GC(13) Concurrent marking roots 0.417ms
[8.180s][info][gc,start    ] GC(13) Concurrent marking (unload classes)
[8.180s][info][gc,task     ] GC(13) Using 1 of 3 workers for concurrent marking
[8.184s][info][gc          ] GC(13) Concurrent marking (unload classes) 3.850ms
[8.184s][info][gc,start    ] GC(13) Pause Final Mark (unload classes)
[8.184s][info][gc,task     ] GC(13) Using 3 of 3 workers for final marking
[8.184s][info][gc,ergo     ] GC(13) Collectable Garbage: 482M (94%), Immediate: 482M (94%), CSet: 0B (0%)
[8.184s][info][gc          ] GC(13) Pause Final Mark (unload classes) 0.140ms
[8.184s][info][gc,start    ] GC(13) Concurrent weak references
[8.184s][info][gc,task     ] GC(13) Using 1 of 3 workers for concurrent weak references
[8.184s][info][gc,ref      ] GC(13) Encountered references: Soft: 140, Weak: 733, Final: 0, Phantom: 64
[8.184s][info][gc,ref      ] GC(13) Discovered  references: Soft: 0, Weak: 149, Final: 0, Phantom: 37
[8.184s][info][gc,ref      ] GC(13) Enqueued    references: Soft: 0, Weak: 0, Final: 0, Phantom: 0
[8.184s][info][gc          ] GC(13) Concurrent weak references 0.061ms
[8.184s][info][gc,start    ] GC(13) Concurrent weak roots
[8.184s][info][gc,task     ] GC(13) Using 1 of 3 workers for concurrent weak root
[8.186s][info][gc          ] GC(13) Concurrent weak roots 2.002ms
[8.186s][info][gc,start    ] GC(13) Concurrent cleanup
[8.186s][info][gc          ] GC(13) Concurrent cleanup 523M->40M(2048M) 0.051ms
[8.186s][info][gc,ergo     ] GC(13) Free: 1904M, Max: 1024K regular, 1424M humongous, Frag: 26% external, 0% internal; Reserve: 103M, Max: 1024K
[8.186s][info][gc,start    ] GC(13) Concurrent class unloading
[8.186s][info][gc,task     ] GC(13) Using 1 of 3 workers for concurrent class unloading
[8.189s][info][gc          ] GC(13) Concurrent class unloading 2.918ms
[8.189s][info][gc,start    ] GC(13) Pause Final Roots
[8.189s][info][gc          ] GC(13) Pause Final Roots 0.039ms
[8.190s][info][gc,ergo     ] Free: 1903M, Max: 1024K regular, 1424M humongous, Frag: 26% external, 0% internal; Reserve: 103M, Max: 1024K
[8.190s][info][gc,stats    ] 
[8.190s][info][gc,stats    ] All times are wall-clock times, except per-root-class counters, that are sum over
[8.190s][info][gc,stats    ] all workers. Dividing the <total> over the root stage time estimates parallelism.
[8.190s][info][gc,stats    ] 
[8.190s][info][gc,stats    ] Concurrent Reset                    234 us
[8.190s][info][gc,stats    ] Pause Init Mark (G)                 194 us
[8.190s][info][gc,stats    ] Pause Init Mark (N)                 114 us
[8.190s][info][gc,stats    ]   Update Region States               28 us
[8.190s][info][gc,stats    ] Concurrent Mark Roots               431 us, parallelism: 0.86x
[8.190s][info][gc,stats    ]   CMR: <total>                      369 us
[8.190s][info][gc,stats    ]   CMR: Thread Roots                 323 us, workers (us): 323, ---, ---, 
[8.190s][info][gc,stats    ]   CMR: VM Strong Roots                5 us, workers (us):   5, ---, ---, 
[8.190s][info][gc,stats    ]   CMR: CLDG Roots                    41 us, workers (us):  41, ---, ---, 
[8.190s][info][gc,stats    ] Concurrent Marking                 3896 us
[8.190s][info][gc,stats    ] Pause Final Mark (G)                204 us
[8.190s][info][gc,stats    ] Pause Final Mark (N)                148 us
[8.190s][info][gc,stats    ]   Finish Mark                        34 us
[8.190s][info][gc,stats    ]   Update Region States               27 us
[8.190s][info][gc,stats    ]   Choose Collection Set              28 us
[8.190s][info][gc,stats    ]   Rebuild Free Set                    8 us
[8.190s][info][gc,stats    ] Concurrent Weak References           68 us, parallelism: 0.10x
[8.190s][info][gc,stats    ]   CWRF: <total>                       6 us
[8.190s][info][gc,stats    ]   CWRF: Weak References               6 us, workers (us):   6, ---, ---, 
[8.190s][info][gc,stats    ] Concurrent Weak Roots              2039 us
[8.190s][info][gc,stats    ]   Roots                            1936 us, parallelism: 0.99x
[8.190s][info][gc,stats    ]     CWR: <total>                   1910 us
[8.190s][info][gc,stats    ]     CWR: Code Cache Roots           618 us, workers (us): 618, ---, ---, 
[8.190s][info][gc,stats    ]     CWR: VM Weak Roots             1284 us, workers (us): 1284, ---, ---, 
[8.190s][info][gc,stats    ]     CWR: CLDG Roots                   8 us, workers (us):   8, ---, ---, 
[8.190s][info][gc,stats    ]   Rendezvous                         50 us
[8.190s][info][gc,stats    ] Concurrent Cleanup                   59 us
[8.190s][info][gc,stats    ] Concurrent Class Unloading         2968 us
[8.190s][info][gc,stats    ]   Unlink Stale                     2730 us
[8.190s][info][gc,stats    ]     System Dictionary                 8 us
[8.190s][info][gc,stats    ]     Weak Class Links                  0 us
[8.190s][info][gc,stats    ]     Code Roots                     2720 us
[8.190s][info][gc,stats    ]   Rendezvous                         44 us
[8.190s][info][gc,stats    ]   Purge Unlinked                    126 us
[8.190s][info][gc,stats    ]     Code Roots                      123 us
[8.190s][info][gc,stats    ]     CLDG                              2 us
[8.190s][info][gc,stats    ]     Exception Caches                  0 us
[8.190s][info][gc,stats    ] Pause Final Roots (G)               130 us
[8.190s][info][gc,stats    ] Pause Final Roots (N)                48 us
[8.190s][info][gc,stats    ] 
[8.190s][info][gc,stats    ] Allocation pacing accrued:
[8.190s][info][gc,stats    ]       0 of   431 ms (  0.0%): <total>
[8.190s][info][gc,stats    ]       0 of   431 ms (  0.0%): <average total>
[8.190s][info][gc,stats    ] 
[8.190s][info][gc,metaspace] Metaspace: 14164K(14464K)->14164K(14464K) NonClass: 12259K(12416K)->12259K(12416K) Class: 1905K(2048K)->1905K(2048K)
[8.190s][info][gc,ergo     ] Pacer for Idle. Initial: 41943K, Alloc Tax Rate: 1.0x
[8.642s][info][gc          ] Trigger: Learning 5 of 5. Free (1432M) is below initial threshold (1433M)
[8.642s][info][gc,ergo     ] Free: 1432M, Max: 1024K regular, 1424M humongous, Frag: 1% external, 0% internal; Reserve: 103M, Max: 1024K
[8.642s][info][gc,start    ] GC(14) Concurrent reset
[8.642s][info][gc,task     ] GC(14) Using 1 of 3 workers for concurrent reset
[8.642s][info][gc,ergo     ] GC(14) Pacer for Reset. Non-Taxable: 2048M
[8.642s][info][gc          ] GC(14) Concurrent reset 0.261ms
[8.642s][info][gc,start    ] GC(14) Pause Init Mark (unload classes)
[8.642s][info][gc,task     ] GC(14) Using 3 of 3 workers for init marking
[8.642s][info][gc,ergo     ] GC(14) Pacer for Mark. Expected Live: 4499K, Free: 1432M, Non-Taxable: 143M, Alloc Tax Rate: 0.0x
[8.642s][info][gc          ] GC(14) Pause Init Mark (unload classes) 0.209ms
[8.642s][info][gc,start    ] GC(14) Concurrent marking roots
[8.642s][info][gc,task     ] GC(14) Using 1 of 3 workers for concurrent marking roots
[8.643s][info][gc          ] GC(14) Concurrent marking roots 0.725ms
[8.643s][info][gc,start    ] GC(14) Concurrent marking (unload classes)
[8.643s][info][gc,task     ] GC(14) Using 1 of 3 workers for concurrent marking
[8.647s][info][gc          ] GC(14) Concurrent marking (unload classes) 4.001ms
[8.647s][info][gc,start    ] GC(14) Pause Final Mark (unload classes)
[8.647s][info][gc,task     ] GC(14) Using 3 of 3 workers for final marking
[8.647s][info][gc,ergo     ] GC(14) Collectable Garbage: 488M (96%), Immediate: 488M (96%), CSet: 0B (0%)
[8.647s][info][gc          ] GC(14) Pause Final Mark (unload classes) 0.160ms
[8.647s][info][gc,start    ] GC(14) Concurrent weak references
[8.647s][info][gc,task     ] GC(14) Using 1 of 3 workers for concurrent weak references
[8.647s][info][gc,ref      ] GC(14) Encountered references: Soft: 140, Weak: 725, Final: 0, Phantom: 64
[8.647s][info][gc,ref      ] GC(14) Discovered  references: Soft: 0, Weak: 149, Final: 0, Phantom: 37
[8.647s][info][gc,ref      ] GC(14) Enqueued    references: Soft: 0, Weak: 0, Final: 0, Phantom: 0
[8.647s][info][gc          ] GC(14) Concurrent weak references 0.072ms
[8.647s][info][gc,start    ] GC(14) Concurrent weak roots
[8.647s][info][gc,task     ] GC(14) Using 1 of 3 workers for concurrent weak root
[8.650s][info][gc          ] GC(14) Concurrent weak roots 2.649ms
[8.650s][info][gc,start    ] GC(14) Concurrent cleanup
[8.650s][info][gc          ] GC(14) Concurrent cleanup 518M->29M(2048M) 0.050ms
[8.650s][info][gc,ergo     ] GC(14) Free: 1915M, Max: 1024K regular, 1441M humongous, Frag: 25% external, 0% internal; Reserve: 103M, Max: 1024K
[8.650s][info][gc,start    ] GC(14) Concurrent class unloading
[8.650s][info][gc,task     ] GC(14) Using 1 of 3 workers for concurrent class unloading
[8.653s][info][gc          ] GC(14) Concurrent class unloading 3.046ms
[8.653s][info][gc,start    ] GC(14) Pause Final Roots
[8.653s][info][gc          ] GC(14) Pause Final Roots 0.040ms
[8.653s][info][gc,ergo     ] Free: 1912M, Max: 1024K regular, 1441M humongous, Frag: 25% external, 0% internal; Reserve: 103M, Max: 1024K
[8.653s][info][gc,stats    ] 
[8.653s][info][gc,stats    ] All times are wall-clock times, except per-root-class counters, that are sum over
[8.653s][info][gc,stats    ] all workers. Dividing the <total> over the root stage time estimates parallelism.
[8.653s][info][gc,stats    ] 
[8.653s][info][gc,stats    ] Concurrent Reset                    272 us
[8.653s][info][gc,stats    ] Pause Init Mark (G)                 333 us
[8.653s][info][gc,stats    ] Pause Init Mark (N)                 232 us
[8.653s][info][gc,stats    ]   Update Region States               45 us
[8.653s][info][gc,stats    ] Concurrent Mark Roots               736 us, parallelism: 0.89x
[8.653s][info][gc,stats    ]   CMR: <total>                      659 us
[8.653s][info][gc,stats    ]   CMR: Thread Roots                 562 us, workers (us): 562, ---, ---, 
[8.653s][info][gc,stats    ]   CMR: VM Strong Roots                9 us, workers (us):   9, ---, ---, 
[8.653s][info][gc,stats    ]   CMR: CLDG Roots                    88 us, workers (us):  88, ---, ---, 
[8.653s][info][gc,stats    ] Concurrent Marking                 4036 us
[8.653s][info][gc,stats    ] Pause Final Mark (G)                213 us
[8.653s][info][gc,stats    ] Pause Final Mark (N)                168 us
[8.653s][info][gc,stats    ]   Finish Mark                        48 us
[8.653s][info][gc,stats    ]   Update Region States               31 us
[8.653s][info][gc,stats    ]   Choose Collection Set              32 us
[8.653s][info][gc,stats    ]   Rebuild Free Set                    8 us
[8.653s][info][gc,stats    ] Concurrent Weak References           79 us, parallelism: 0.11x
[8.653s][info][gc,stats    ]   CWRF: <total>                       8 us
[8.653s][info][gc,stats    ]   CWRF: Weak References               8 us, workers (us):   8, ---, ---, 
[8.653s][info][gc,stats    ] Concurrent Weak Roots              2687 us
[8.653s][info][gc,stats    ]   Roots                            2540 us, parallelism: 0.99x
[8.653s][info][gc,stats    ]     CWR: <total>                   2512 us
[8.653s][info][gc,stats    ]     CWR: Code Cache Roots           574 us, workers (us): 574, ---, ---, 
[8.653s][info][gc,stats    ]     CWR: VM Weak Roots             1932 us, workers (us): 1932, ---, ---, 
[8.653s][info][gc,stats    ]     CWR: CLDG Roots                   6 us, workers (us):   6, ---, ---, 
[8.653s][info][gc,stats    ]   Rendezvous                         91 us
[8.653s][info][gc,stats    ] Concurrent Cleanup                   59 us
[8.653s][info][gc,stats    ] Concurrent Class Unloading         3073 us
[8.653s][info][gc,stats    ]   Unlink Stale                     2867 us
[8.654s][info][gc,stats    ]     System Dictionary                 6 us
[8.654s][info][gc,stats    ]     Weak Class Links                  0 us
[8.654s][info][gc,stats    ]     Code Roots                     2859 us
[8.654s][info][gc,stats    ]   Rendezvous                         39 us
[8.654s][info][gc,stats    ]   Purge Unlinked                    124 us
[8.654s][info][gc,stats    ]     Code Roots                      119 us
[8.654s][info][gc,stats    ]     CLDG                              4 us
[8.654s][info][gc,stats    ]     Exception Caches                  0 us
[8.654s][info][gc,stats    ] Pause Final Roots (G)               100 us
[8.654s][info][gc,stats    ] Pause Final Roots (N)                48 us
[8.654s][info][gc,stats    ] 
[8.654s][info][gc,stats    ] Allocation pacing accrued:
[8.654s][info][gc,stats    ]       0 of   464 ms (  0.0%): <total>
[8.654s][info][gc,stats    ]       0 of   464 ms (  0.0%): <average total>
[8.654s][info][gc,stats    ] 
[8.654s][info][gc,metaspace] Metaspace: 14164K(14464K)->14164K(14464K) NonClass: 12259K(12416K)->12259K(12416K) Class: 1905K(2048K)->1905K(2048K)
[8.654s][info][gc,ergo     ] Pacer for Idle. Initial: 41943K, Alloc Tax Rate: 1.0x
[8.692s][info][gc          ] Trigger: Explicit GC request (System.gc())
[8.692s][info][gc,ergo     ] Free: 1892M, Max: 1024K regular, 1441M humongous, Frag: 24% external, 0% internal; Reserve: 103M, Max: 1024K
[8.692s][info][gc,start    ] GC(15) Concurrent reset
[8.692s][info][gc,task     ] GC(15) Using 1 of 3 workers for concurrent reset
[8.692s][info][gc,ergo     ] GC(15) Pacer for Reset. Non-Taxable: 2048M
[8.693s][info][gc          ] GC(15) Concurrent reset 0.369ms
[8.693s][info][gc,start    ] GC(15) Pause Init Mark (unload classes)
[8.693s][info][gc,task     ] GC(15) Using 3 of 3 workers for init marking
[8.693s][info][gc,ref      ] GC(15) Clearing All SoftReferences
[8.693s][info][gc,ergo     ] GC(15) Pacer for Mark. Expected Live: 4482K, Free: 1892M, Non-Taxable: 189M, Alloc Tax Rate: 0.0x
[8.693s][info][gc          ] GC(15) Pause Init Mark (unload classes) 0.260ms
[8.693s][info][gc,start    ] GC(15) Concurrent marking roots
[8.693s][info][gc,task     ] GC(15) Using 1 of 3 workers for concurrent marking roots
[8.694s][info][gc          ] GC(15) Concurrent marking roots 0.460ms
[8.694s][info][gc,start    ] GC(15) Concurrent marking (unload classes)
[8.694s][info][gc,task     ] GC(15) Using 1 of 3 workers for concurrent marking
[8.698s][info][gc          ] GC(15) Concurrent marking (unload classes) 4.064ms
[8.698s][info][gc,start    ] GC(15) Pause Final Mark (unload classes)
[8.698s][info][gc,task     ] GC(15) Using 3 of 3 workers for final marking
[8.698s][info][gc,ergo     ] GC(15) Adaptive CSet Selection. Target Free: 290M, Actual Free: 2032M, Max CSet: 87381K, Min Garbage: 0B
[8.698s][info][gc,ergo     ] GC(15) Collectable Garbage: 49768K (99%), Immediate: 38898K (77%), CSet: 10869K (21%)
[8.698s][info][gc,ergo     ] GC(15) Pacer for Evacuation. Used CSet: 11264K, Free: 1930M, Non-Taxable: 193M, Alloc Tax Rate: 1.1x
[8.698s][info][gc          ] GC(15) Pause Final Mark (unload classes) 0.468ms
[8.698s][info][gc,start    ] GC(15) Concurrent thread roots
[8.698s][info][gc,task     ] GC(15) Using 1 of 3 workers for Concurrent thread roots
[8.699s][info][gc          ] GC(15) Concurrent thread roots 0.451ms
[8.699s][info][gc,start    ] GC(15) Concurrent weak references
[8.699s][info][gc,task     ] GC(15) Using 1 of 3 workers for concurrent weak references
[8.699s][info][gc,ref      ] GC(15) Encountered references: Soft: 140, Weak: 717, Final: 0, Phantom: 64
[8.699s][info][gc,ref      ] GC(15) Discovered  references: Soft: 88, Weak: 171, Final: 0, Phantom: 62
[8.699s][info][gc,ref      ] GC(15) Enqueued    references: Soft: 3, Weak: 0, Final: 0, Phantom: 0
[8.699s][info][gc          ] GC(15) Concurrent weak references 0.126ms
[8.699s][info][gc,start    ] GC(15) Concurrent weak roots
[8.699s][info][gc,task     ] GC(15) Using 1 of 3 workers for concurrent weak root
[8.700s][info][gc          ] GC(15) Concurrent weak roots 1.586ms
[8.700s][info][gc,start    ] GC(15) Concurrent cleanup
[8.701s][info][gc          ] GC(15) Concurrent cleanup 52M->15M(2048M) 0.017ms
[8.701s][info][gc,ergo     ] GC(15) Free: 1930M, Max: 1024K regular, 1696M humongous, Frag: 13% external, 0% internal; Reserve: 102M, Max: 1024K
[8.701s][info][gc,start    ] GC(15) Concurrent class unloading
[8.701s][info][gc,task     ] GC(15) Using 1 of 3 workers for concurrent class unloading
[8.704s][info][gc          ] GC(15) Concurrent class unloading 3.697ms
[8.704s][info][gc,start    ] GC(15) Concurrent strong roots
[8.704s][info][gc,task     ] GC(15) Using 1 of 3 workers for concurrent strong root
[8.704s][info][gc          ] GC(15) Concurrent strong roots 0.177ms
[8.704s][info][gc,start    ] GC(15) Concurrent evacuation
[8.704s][info][gc,task     ] GC(15) Using 1 of 3 workers for concurrent evacuation
[8.705s][info][gc          ] GC(15) Concurrent evacuation 0.175ms
[8.705s][info][gc,start    ] GC(15) Pause Init Update Refs
[8.705s][info][gc,ergo     ] GC(15) Pacer for Update Refs. Used: 16384K, Free: 1930M, Non-Taxable: 193M, Alloc Tax Rate: 1.1x
[8.705s][info][gc          ] GC(15) Pause Init Update Refs 0.111ms
[8.705s][info][gc,start    ] GC(15) Concurrent update references
[8.705s][info][gc,task     ] GC(15) Using 1 of 3 workers for concurrent reference update
[8.707s][info][gc          ] GC(15) Concurrent update references 1.758ms
[8.707s][info][gc,start    ] GC(15) Concurrent update thread roots
[8.707s][info][gc          ] GC(15) Concurrent update thread roots 0.511ms
[8.707s][info][gc,start    ] GC(15) Pause Final Update Refs
[8.707s][info][gc,task     ] GC(15) Using 3 of 3 workers for final reference update
[8.707s][info][gc          ] GC(15) Pause Final Update Refs 0.123ms
[8.707s][info][gc,start    ] GC(15) Concurrent cleanup
[8.707s][info][gc          ] GC(15) Concurrent cleanup 16M->5M(2048M) 0.033ms
[8.707s][info][gc,ergo     ] Free: 1940M, Max: 1024K regular, 1940M humongous, Frag: 0% external, 0% internal; Reserve: 103M, Max: 1024K
[8.707s][info][gc,stats    ] 
[8.707s][info][gc,stats    ] All times are wall-clock times, except per-root-class counters, that are sum over
[8.708s][info][gc,stats    ] all workers. Dividing the <total> over the root stage time estimates parallelism.
[8.708s][info][gc,stats    ] 
[8.708s][info][gc,stats    ] Concurrent Reset                    429 us
[8.708s][info][gc,stats    ] Pause Init Mark (G)                 396 us
[8.708s][info][gc,stats    ] Pause Init Mark (N)                 278 us
[8.708s][info][gc,stats    ]   Update Region States               90 us
[8.708s][info][gc,stats    ] Concurrent Mark Roots               469 us, parallelism: 0.83x
[8.708s][info][gc,stats    ]   CMR: <total>                      390 us
[8.708s][info][gc,stats    ]   CMR: Thread Roots                 342 us, workers (us): 342, ---, ---, 
[8.708s][info][gc,stats    ]   CMR: VM Strong Roots                5 us, workers (us):   5, ---, ---, 
[8.708s][info][gc,stats    ]   CMR: CLDG Roots                    42 us, workers (us):  42, ---, ---, 
[8.708s][info][gc,stats    ] Concurrent Marking                 4088 us
[8.708s][info][gc,stats    ] Pause Final Mark (G)                543 us
[8.708s][info][gc,stats    ] Pause Final Mark (N)                486 us
[8.708s][info][gc,stats    ]   Finish Mark                       155 us
[8.708s][info][gc,stats    ]   Update Region States               92 us
[8.708s][info][gc,stats    ]   Choose Collection Set              82 us
[8.708s][info][gc,stats    ]   Rebuild Free Set                   17 us
[8.708s][info][gc,stats    ] Concurrent Thread Roots             475 us, parallelism: 0.80x
[8.708s][info][gc,stats    ]   CTR: <total>                      378 us
[8.708s][info][gc,stats    ]   CTR: Thread Roots                 378 us, workers (us): 378, ---, ---, 
[8.708s][info][gc,stats    ] Concurrent Weak References          142 us, parallelism: 0.07x
[8.708s][info][gc,stats    ]   CWRF: <total>                      10 us
[8.708s][info][gc,stats    ]   CWRF: Weak References              10 us, workers (us):  10, ---, ---, 
[8.708s][info][gc,stats    ] Concurrent Weak Roots              1595 us
[8.708s][info][gc,stats    ]   Roots                            1505 us, parallelism: 0.96x
[8.708s][info][gc,stats    ]     CWR: <total>                   1445 us
[8.708s][info][gc,stats    ]     CWR: Code Cache Roots           579 us, workers (us): 579, ---, ---, 
[8.708s][info][gc,stats    ]     CWR: VM Weak Roots              859 us, workers (us): 859, ---, ---, 
[8.708s][info][gc,stats    ]     CWR: CLDG Roots                   7 us, workers (us):   7, ---, ---, 
[8.708s][info][gc,stats    ]   Rendezvous                         66 us
[8.708s][info][gc,stats    ] Concurrent Cleanup                   25 us
[8.708s][info][gc,stats    ] Concurrent Class Unloading         3725 us
[8.708s][info][gc,stats    ]   Unlink Stale                     3449 us
[8.708s][info][gc,stats    ]     System Dictionary                 6 us
[8.708s][info][gc,stats    ]     Weak Class Links                  0 us
[8.708s][info][gc,stats    ]     Code Roots                     3441 us
[8.708s][info][gc,stats    ]   Rendezvous                        110 us
[8.708s][info][gc,stats    ]   Purge Unlinked                    122 us
[8.708s][info][gc,stats    ]     Code Roots                      116 us
[8.708s][info][gc,stats    ]     CLDG                              4 us
[8.708s][info][gc,stats    ]     Exception Caches                  0 us
[8.708s][info][gc,stats    ] Concurrent Strong Roots             195 us, parallelism: 0.31x
[8.708s][info][gc,stats    ]   CSR: <total>                       60 us
[8.708s][info][gc,stats    ]   CSR: VM Strong Roots                6 us, workers (us):   6, ---, ---, 
[8.708s][info][gc,stats    ]   CSR: CLDG Roots                    54 us, workers (us):  54, ---, ---, 
[8.708s][info][gc,stats    ] Concurrent Evacuation               193 us
[8.708s][info][gc,stats    ] Pause Init Update Refs (G)          227 us
[8.708s][info][gc,stats    ] Pause Init Update Refs (N)          132 us
[8.708s][info][gc,stats    ]   Manage GCLABs                       4 us
[8.708s][info][gc,stats    ] Concurrent Update Refs             1768 us
[8.708s][info][gc,stats    ] Concurrent Update Thread Roots      529 us
[8.708s][info][gc,stats    ] Pause Final Update Refs (G)         184 us
[8.708s][info][gc,stats    ] Pause Final Update Refs (N)         140 us
[8.708s][info][gc,stats    ]   Update Region States               68 us
[8.708s][info][gc,stats    ]   Trash Collection Set                3 us
[8.708s][info][gc,stats    ]   Rebuild Free Set                   20 us
[8.708s][info][gc,stats    ] Concurrent Cleanup                   50 us
[8.708s][info][gc,stats    ] 
[8.708s][info][gc,stats    ] Allocation pacing accrued:
[8.708s][info][gc,stats    ]       0 of    55 ms (  0.0%): <total>
[8.708s][info][gc,stats    ]       0 of    55 ms (  0.0%): <average total>
[8.708s][info][gc,stats    ] 
[8.708s][info][gc,metaspace] Metaspace: 14164K(14464K)->14164K(14464K) NonClass: 12259K(12416K)->12259K(12416K) Class: 1905K(2048K)->1905K(2048K)
[8.708s][info][gc,ergo     ] Pacer for Idle. Initial: 41943K, Alloc Tax Rate: 1.0x
[9.154s][info][gc          ] Trigger: Learning 2 of 5. Free (1433M) is below initial threshold (1433M)
[9.154s][info][gc,ergo     ] Free: 1433M, Max: 1024K regular, 1433M humongous, Frag: 0% external, 0% internal; Reserve: 103M, Max: 1024K
[9.154s][info][gc,start    ] GC(16) Concurrent reset
[9.154s][info][gc,task     ] GC(16) Using 1 of 3 workers for concurrent reset
[9.154s][info][gc,ergo     ] GC(16) Pacer for Reset. Non-Taxable: 2048M
[9.154s][info][gc          ] GC(16) Concurrent reset 0.166ms
[9.154s][info][gc,start    ] GC(16) Pause Init Mark (unload classes)
[9.154s][info][gc,task     ] GC(16) Using 3 of 3 workers for init marking
[9.154s][info][gc,ergo     ] GC(16) Pacer for Mark. Expected Live: 4485K, Free: 1433M, Non-Taxable: 143M, Alloc Tax Rate: 0.0x
[9.154s][info][gc          ] GC(16) Pause Init Mark (unload classes) 0.101ms
[9.154s][info][gc,start    ] GC(16) Concurrent marking roots
[9.154s][info][gc,task     ] GC(16) Using 1 of 3 workers for concurrent marking roots
[9.155s][info][gc          ] GC(16) Concurrent marking roots 0.425ms
[9.155s][info][gc,start    ] GC(16) Concurrent marking (unload classes)
[9.155s][info][gc,task     ] GC(16) Using 1 of 3 workers for concurrent marking
[9.159s][info][gc          ] GC(16) Concurrent marking (unload classes) 3.872ms
[9.159s][info][gc,start    ] GC(16) Pause Final Mark (unload classes)
[9.159s][info][gc,task     ] GC(16) Using 3 of 3 workers for final marking
[9.159s][info][gc,ergo     ] GC(16) Collectable Garbage: 492M (96%), Immediate: 492M (96%), CSet: 0B (0%)
[9.159s][info][gc          ] GC(16) Pause Final Mark (unload classes) 0.153ms
[9.159s][info][gc,start    ] GC(16) Concurrent weak references
[9.159s][info][gc,task     ] GC(16) Using 1 of 3 workers for concurrent weak references
[9.159s][info][gc,ref      ] GC(16) Encountered references: Soft: 140, Weak: 729, Final: 0, Phantom: 64
[9.159s][info][gc,ref      ] GC(16) Discovered  references: Soft: 0, Weak: 147, Final: 0, Phantom: 37
[9.159s][info][gc,ref      ] GC(16) Enqueued    references: Soft: 0, Weak: 0, Final: 0, Phantom: 0
[9.159s][info][gc          ] GC(16) Concurrent weak references 0.062ms
[9.159s][info][gc,start    ] GC(16) Concurrent weak roots
[9.159s][info][gc,task     ] GC(16) Using 1 of 3 workers for concurrent weak root
[9.161s][info][gc          ] GC(16) Concurrent weak roots 1.525ms
[9.161s][info][gc,start    ] GC(16) Concurrent cleanup
[9.161s][info][gc          ] GC(16) Concurrent cleanup 521M->29M(2048M) 0.053ms
[9.161s][info][gc,ergo     ] GC(16) Free: 1916M, Max: 1024K regular, 1424M humongous, Frag: 26% external, 0% internal; Reserve: 103M, Max: 1024K
[9.161s][info][gc,start    ] GC(16) Concurrent class unloading
[9.161s][info][gc,task     ] GC(16) Using 1 of 3 workers for concurrent class unloading
[9.164s][info][gc          ] GC(16) Concurrent class unloading 2.955ms
[9.164s][info][gc,start    ] GC(16) Pause Final Roots
[9.164s][info][gc          ] GC(16) Pause Final Roots 0.042ms
[9.164s][info][gc,ergo     ] Free: 1913M, Max: 1024K regular, 1424M humongous, Frag: 26% external, 0% internal; Reserve: 103M, Max: 1024K
[9.164s][info][gc,stats    ] 
[9.164s][info][gc,stats    ] All times are wall-clock times, except per-root-class counters, that are sum over
[9.164s][info][gc,stats    ] all workers. Dividing the <total> over the root stage time estimates parallelism.
[9.164s][info][gc,stats    ] 
[9.164s][info][gc,stats    ] Concurrent Reset                    179 us
[9.164s][info][gc,stats    ] Pause Init Mark (G)                 176 us
[9.164s][info][gc,stats    ] Pause Init Mark (N)                 110 us
[9.164s][info][gc,stats    ]   Update Region States               26 us
[9.164s][info][gc,stats    ] Concurrent Mark Roots               439 us, parallelism: 0.84x
[9.164s][info][gc,stats    ]   CMR: <total>                      368 us
[9.164s][info][gc,stats    ]   CMR: Thread Roots                 321 us, workers (us): 321, ---, ---, 
[9.164s][info][gc,stats    ]   CMR: VM Strong Roots                5 us, workers (us):   5, ---, ---, 
[9.164s][info][gc,stats    ]   CMR: CLDG Roots                    42 us, workers (us):  42, ---, ---, 
[9.164s][info][gc,stats    ] Concurrent Marking                 3924 us
[9.164s][info][gc,stats    ] Pause Final Mark (G)                227 us
[9.164s][info][gc,stats    ] Pause Final Mark (N)                162 us
[9.164s][info][gc,stats    ]   Finish Mark                        38 us
[9.164s][info][gc,stats    ]   Update Region States               29 us
[9.164s][info][gc,stats    ]   Choose Collection Set              33 us
[9.164s][info][gc,stats    ]   Rebuild Free Set                    8 us
[9.164s][info][gc,stats    ] Concurrent Weak References           69 us, parallelism: 0.09x
[9.164s][info][gc,stats    ]   CWRF: <total>                       6 us
[9.164s][info][gc,stats    ]   CWRF: Weak References               6 us, workers (us):   6, ---, ---, 
[9.164s][info][gc,stats    ] Concurrent Weak Roots              1552 us
[9.164s][info][gc,stats    ]   Roots                            1473 us, parallelism: 0.98x
[9.164s][info][gc,stats    ]     CWR: <total>                   1448 us
[9.164s][info][gc,stats    ]     CWR: Code Cache Roots           644 us, workers (us): 644, ---, ---, 
[9.164s][info][gc,stats    ]     CWR: VM Weak Roots              797 us, workers (us): 797, ---, ---, 
[9.164s][info][gc,stats    ]     CWR: CLDG Roots                   7 us, workers (us):   7, ---, ---, 
[9.164s][info][gc,stats    ]   Rendezvous                         37 us
[9.164s][info][gc,stats    ] Concurrent Cleanup                   61 us
[9.164s][info][gc,stats    ] Concurrent Class Unloading         3003 us
[9.164s][info][gc,stats    ]   Unlink Stale                     2761 us
[9.164s][info][gc,stats    ]     System Dictionary                 7 us
[9.164s][info][gc,stats    ]     Weak Class Links                  0 us
[9.164s][info][gc,stats    ]     Code Roots                     2752 us
[9.164s][info][gc,stats    ]   Rendezvous                         52 us
[9.164s][info][gc,stats    ]   Purge Unlinked                    125 us
[9.164s][info][gc,stats    ]     Code Roots                      122 us
[9.164s][info][gc,stats    ]     CLDG                              2 us
[9.164s][info][gc,stats    ]     Exception Caches                  0 us
[9.164s][info][gc,stats    ] Pause Final Roots (G)               107 us
[9.164s][info][gc,stats    ] Pause Final Roots (N)                52 us
[9.164s][info][gc,stats    ] 
[9.164s][info][gc,stats    ] Allocation pacing accrued:
[9.164s][info][gc,stats    ]       0 of   456 ms (  0.0%): <total>
[9.164s][info][gc,stats    ]       0 of   456 ms (  0.0%): <average total>
[9.164s][info][gc,stats    ] 
[9.164s][info][gc,metaspace] Metaspace: 14165K(14464K)->14165K(14464K) NonClass: 12259K(12416K)->12259K(12416K) Class: 1905K(2048K)->1905K(2048K)
[9.164s][info][gc,ergo     ] Pacer for Idle. Initial: 41943K, Alloc Tax Rate: 1.0x
[9.586s][info][gc          ] Trigger: Learning 3 of 5. Free (1431M) is below initial threshold (1433M)
[9.586s][info][gc,ergo     ] Free: 1431M, Max: 1024K regular, 1424M humongous, Frag: 1% external, 0% internal; Reserve: 103M, Max: 1024K
[9.586s][info][gc,start    ] GC(17) Concurrent reset
[9.586s][info][gc,task     ] GC(17) Using 1 of 3 workers for concurrent reset
[9.586s][info][gc,ergo     ] GC(17) Pacer for Reset. Non-Taxable: 2048M
[9.587s][info][gc          ] GC(17) Concurrent reset 0.163ms
[9.587s][info][gc,start    ] GC(17) Pause Init Mark (unload classes)
[9.587s][info][gc,task     ] GC(17) Using 3 of 3 workers for init marking
[9.587s][info][gc,ergo     ] GC(17) Pacer for Mark. Expected Live: 4485K, Free: 1431M, Non-Taxable: 143M, Alloc Tax Rate: 0.0x
[9.587s][info][gc          ] GC(17) Pause Init Mark (unload classes) 0.077ms
[9.587s][info][gc,start    ] GC(17) Concurrent marking roots
[9.587s][info][gc,task     ] GC(17) Using 1 of 3 workers for concurrent marking roots
[9.587s][info][gc          ] GC(17) Concurrent marking roots 0.462ms
[9.587s][info][gc,start    ] GC(17) Concurrent marking (unload classes)
[9.587s][info][gc,task     ] GC(17) Using 1 of 3 workers for concurrent marking
[9.591s][info][gc          ] GC(17) Concurrent marking (unload classes) 3.962ms
[9.591s][info][gc,start    ] GC(17) Pause Final Mark (unload classes)
[9.591s][info][gc,task     ] GC(17) Using 3 of 3 workers for final marking
[9.591s][info][gc,ergo     ] GC(17) Collectable Garbage: 492M (96%), Immediate: 492M (96%), CSet: 0B (0%)
[9.592s][info][gc          ] GC(17) Pause Final Mark (unload classes) 0.152ms
[9.592s][info][gc,start    ] GC(17) Concurrent weak references
[9.592s][info][gc,task     ] GC(17) Using 1 of 3 workers for concurrent weak references
[9.592s][info][gc,ref      ] GC(17) Encountered references: Soft: 140, Weak: 729, Final: 0, Phantom: 64
[9.592s][info][gc,ref      ] GC(17) Discovered  references: Soft: 0, Weak: 147, Final: 0, Phantom: 62
[9.592s][info][gc,ref      ] GC(17) Enqueued    references: Soft: 0, Weak: 0, Final: 0, Phantom: 0
[9.592s][info][gc          ] GC(17) Concurrent weak references 0.066ms
[9.592s][info][gc,start    ] GC(17) Concurrent weak roots
[9.592s][info][gc,task     ] GC(17) Using 1 of 3 workers for concurrent weak root
[9.595s][info][gc          ] GC(17) Concurrent weak roots 3.135ms
[9.595s][info][gc,start    ] GC(17) Concurrent cleanup
[9.595s][info][gc          ] GC(17) Concurrent cleanup 524M->32M(2048M) 0.064ms
[9.595s][info][gc,ergo     ] GC(17) Free: 1912M, Max: 1024K regular, 1420M humongous, Frag: 26% external, 0% internal; Reserve: 103M, Max: 1024K
[9.595s][info][gc,start    ] GC(17) Concurrent class unloading
[9.595s][info][gc,task     ] GC(17) Using 1 of 3 workers for concurrent class unloading
[9.598s][info][gc          ] GC(17) Concurrent class unloading 3.082ms
[9.598s][info][gc,start    ] GC(17) Pause Final Roots
[9.598s][info][gc          ] GC(17) Pause Final Roots 0.021ms
[9.598s][info][gc,ergo     ] Free: 1909M, Max: 1024K regular, 1420M humongous, Frag: 26% external, 0% internal; Reserve: 103M, Max: 1024K
[9.598s][info][gc,stats    ] 
[9.598s][info][gc,stats    ] All times are wall-clock times, except per-root-class counters, that are sum over
[9.598s][info][gc,stats    ] all workers. Dividing the <total> over the root stage time estimates parallelism.
[9.598s][info][gc,stats    ] 
[9.598s][info][gc,stats    ] Concurrent Reset                    208 us
[9.598s][info][gc,stats    ] Pause Init Mark (G)                 182 us
[9.598s][info][gc,stats    ] Pause Init Mark (N)                  85 us
[9.598s][info][gc,stats    ]   Update Region States               29 us
[9.598s][info][gc,stats    ] Concurrent Mark Roots               479 us, parallelism: 0.84x
[9.598s][info][gc,stats    ]   CMR: <total>                      402 us
[9.598s][info][gc,stats    ]   CMR: Thread Roots                 357 us, workers (us): 357, ---, ---, 
[9.598s][info][gc,stats    ]   CMR: VM Strong Roots                6 us, workers (us):   6, ---, ---, 
[9.598s][info][gc,stats    ]   CMR: CLDG Roots                    40 us, workers (us):  40, ---, ---, 
[9.598s][info][gc,stats    ] Concurrent Marking                 4016 us
[9.598s][info][gc,stats    ] Pause Final Mark (G)                218 us
[9.598s][info][gc,stats    ] Pause Final Mark (N)                162 us
[9.598s][info][gc,stats    ]   Finish Mark                        37 us
[9.598s][info][gc,stats    ]   Update Region States               29 us
[9.598s][info][gc,stats    ]   Choose Collection Set              54 us
[9.598s][info][gc,stats    ]   Rebuild Free Set                    8 us
[9.598s][info][gc,stats    ] Concurrent Weak References           73 us, parallelism: 0.09x
[9.598s][info][gc,stats    ]   CWRF: <total>                       6 us
[9.598s][info][gc,stats    ]   CWRF: Weak References               6 us, workers (us):   6, ---, ---, 
[9.598s][info][gc,stats    ] Concurrent Weak Roots              3183 us
[9.598s][info][gc,stats    ]   Roots                            3071 us, parallelism: 0.99x
[9.598s][info][gc,stats    ]     CWR: <total>                   3046 us
[9.598s][info][gc,stats    ]     CWR: Code Cache Roots           635 us, workers (us): 635, ---, ---, 
[9.598s][info][gc,stats    ]     CWR: VM Weak Roots             2403 us, workers (us): 2403, ---, ---, 
[9.598s][info][gc,stats    ]     CWR: CLDG Roots                   7 us, workers (us):   7, ---, ---, 
[9.598s][info][gc,stats    ]   Rendezvous                         46 us
[9.598s][info][gc,stats    ] Concurrent Cleanup                   74 us
[9.598s][info][gc,stats    ] Concurrent Class Unloading         3137 us
[9.598s][info][gc,stats    ]   Unlink Stale                     2854 us
[9.598s][info][gc,stats    ]     System Dictionary                 7 us
[9.598s][info][gc,stats    ]     Weak Class Links                  0 us
[9.598s][info][gc,stats    ]     Code Roots                     2845 us
[9.598s][info][gc,stats    ]   Rendezvous                         51 us
[9.598s][info][gc,stats    ]   Purge Unlinked                    157 us
[9.598s][info][gc,stats    ]     Code Roots                      152 us
[9.598s][info][gc,stats    ]     CLDG                              5 us
[9.598s][info][gc,stats    ]     Exception Caches                  0 us
[9.599s][info][gc,stats    ] Pause Final Roots (G)                78 us
[9.599s][info][gc,stats    ] Pause Final Roots (N)                29 us
[9.599s][info][gc,stats    ] 
[9.599s][info][gc,stats    ] Allocation pacing accrued:
[9.599s][info][gc,stats    ]       0 of   434 ms (  0.0%): <total>
[9.599s][info][gc,stats    ]       0 of   434 ms (  0.0%): <average total>
[9.599s][info][gc,stats    ] 
[9.599s][info][gc,metaspace] Metaspace: 14165K(14464K)->14165K(14464K) NonClass: 12259K(12416K)->12259K(12416K) Class: 1905K(2048K)->1905K(2048K)
[9.599s][info][gc,ergo     ] Pacer for Idle. Initial: 41943K, Alloc Tax Rate: 1.0x
[10.015s][info][gc          ] Trigger: Learning 4 of 5. Free (1433M) is below initial threshold (1433M)
[10.015s][info][gc,ergo     ] Free: 1433M, Max: 1024K regular, 1420M humongous, Frag: 1% external, 0% internal; Reserve: 103M, Max: 1024K
[10.015s][info][gc,start    ] GC(18) Concurrent reset
[10.015s][info][gc,task     ] GC(18) Using 1 of 3 workers for concurrent reset
[10.015s][info][gc,ergo     ] GC(18) Pacer for Reset. Non-Taxable: 2048M
[10.015s][info][gc          ] GC(18) Concurrent reset 0.170ms
[10.015s][info][gc,start    ] GC(18) Pause Init Mark (unload classes)
[10.015s][info][gc,task     ] GC(18) Using 3 of 3 workers for init marking
[10.015s][info][gc,ergo     ] GC(18) Pacer for Mark. Expected Live: 4486K, Free: 1431M, Non-Taxable: 143M, Alloc Tax Rate: 0.0x
[10.015s][info][gc          ] GC(18) Pause Init Mark (unload classes) 0.096ms
[10.015s][info][gc,start    ] GC(18) Concurrent marking roots
[10.015s][info][gc,task     ] GC(18) Using 1 of 3 workers for concurrent marking roots
[10.016s][info][gc          ] GC(18) Concurrent marking roots 0.426ms
[10.016s][info][gc,start    ] GC(18) Concurrent marking (unload classes)
[10.016s][info][gc,task     ] GC(18) Using 1 of 3 workers for concurrent marking
[10.020s][info][gc          ] GC(18) Concurrent marking (unload classes) 3.955ms
[10.020s][info][gc,start    ] GC(18) Pause Final Mark (unload classes)
[10.020s][info][gc,task     ] GC(18) Using 3 of 3 workers for final marking
[10.020s][info][gc,ergo     ] GC(18) Collectable Garbage: 489M (96%), Immediate: 489M (96%), CSet: 0B (0%)
[10.020s][info][gc          ] GC(18) Pause Final Mark (unload classes) 0.148ms
[10.020s][info][gc,start    ] GC(18) Concurrent weak references
[10.020s][info][gc,task     ] GC(18) Using 1 of 3 workers for concurrent weak references
[10.020s][info][gc,ref      ] GC(18) Encountered references: Soft: 140, Weak: 729, Final: 0, Phantom: 64
[10.020s][info][gc,ref      ] GC(18) Discovered  references: Soft: 0, Weak: 147, Final: 0, Phantom: 37
[10.020s][info][gc,ref      ] GC(18) Enqueued    references: Soft: 0, Weak: 0, Final: 0, Phantom: 0
[10.020s][info][gc          ] GC(18) Concurrent weak references 0.081ms
[10.020s][info][gc,start    ] GC(18) Concurrent weak roots
[10.020s][info][gc,task     ] GC(18) Using 1 of 3 workers for concurrent weak root
[10.024s][info][gc          ] GC(18) Concurrent weak roots 3.513ms
[10.024s][info][gc,start    ] GC(18) Concurrent cleanup
[10.024s][info][gc          ] GC(18) Concurrent cleanup 525M->35M(2048M) 0.053ms
[10.024s][info][gc,ergo     ] GC(18) Free: 1909M, Max: 1024K regular, 1419M humongous, Frag: 26% external, 0% internal; Reserve: 103M, Max: 1024K
[10.024s][info][gc,start    ] GC(18) Concurrent class unloading
[10.024s][info][gc,task     ] GC(18) Using 1 of 3 workers for concurrent class unloading
[10.027s][info][gc          ] GC(18) Concurrent class unloading 2.978ms
[10.027s][info][gc,start    ] GC(18) Pause Final Roots
[10.027s][info][gc          ] GC(18) Pause Final Roots 0.038ms
[10.027s][info][gc,ergo     ] Free: 1906M, Max: 1024K regular, 1419M humongous, Frag: 26% external, 0% internal; Reserve: 103M, Max: 1024K
[10.027s][info][gc,stats    ] 
[10.027s][info][gc,stats    ] All times are wall-clock times, except per-root-class counters, that are sum over
[10.027s][info][gc,stats    ] all workers. Dividing the <total> over the root stage time estimates parallelism.
[10.027s][info][gc,stats    ] 
[10.027s][info][gc,stats    ] Concurrent Reset                    185 us
[10.027s][info][gc,stats    ] Pause Init Mark (G)                 226 us
[10.027s][info][gc,stats    ] Pause Init Mark (N)                 105 us
[10.027s][info][gc,stats    ]   Update Region States               20 us
[10.027s][info][gc,stats    ] Concurrent Mark Roots               441 us, parallelism: 0.83x
[10.027s][info][gc,stats    ]   CMR: <total>                      368 us
[10.027s][info][gc,stats    ]   CMR: Thread Roots                 319 us, workers (us): 319, ---, ---, 
[10.027s][info][gc,stats    ]   CMR: VM Strong Roots                5 us, workers (us):   5, ---, ---, 
[10.027s][info][gc,stats    ]   CMR: CLDG Roots                    44 us, workers (us):  44, ---, ---, 
[10.027s][info][gc,stats    ] Concurrent Marking                 4010 us
[10.027s][info][gc,stats    ] Pause Final Mark (G)                206 us
[10.027s][info][gc,stats    ] Pause Final Mark (N)                156 us
[10.027s][info][gc,stats    ]   Finish Mark                        37 us
[10.027s][info][gc,stats    ]   Update Region States               29 us
[10.027s][info][gc,stats    ]   Choose Collection Set              28 us
[10.027s][info][gc,stats    ]   Rebuild Free Set                    8 us
[10.027s][info][gc,stats    ] Concurrent Weak References           88 us, parallelism: 0.08x
[10.027s][info][gc,stats    ]   CWRF: <total>                       7 us
[10.027s][info][gc,stats    ]   CWRF: Weak References               7 us, workers (us):   7, ---, ---, 
[10.027s][info][gc,stats    ] Concurrent Weak Roots              3551 us
[10.027s][info][gc,stats    ]   Roots                            3439 us, parallelism: 0.99x
[10.027s][info][gc,stats    ]     CWR: <total>                   3413 us
[10.027s][info][gc,stats    ]     CWR: Code Cache Roots           610 us, workers (us): 610, ---, ---, 
[10.027s][info][gc,stats    ]     CWR: VM Weak Roots             2795 us, workers (us): 2795, ---, ---, 
[10.027s][info][gc,stats    ]     CWR: CLDG Roots                   8 us, workers (us):   8, ---, ---, 
[10.027s][info][gc,stats    ]   Rendezvous                         48 us
[10.027s][info][gc,stats    ] Concurrent Cleanup                   62 us
[10.027s][info][gc,stats    ] Concurrent Class Unloading         3028 us
[10.027s][info][gc,stats    ]   Unlink Stale                     2787 us
[10.027s][info][gc,stats    ]     System Dictionary                 8 us
[10.027s][info][gc,stats    ]     Weak Class Links                  0 us
[10.027s][info][gc,stats    ]     Code Roots                     2776 us
[10.027s][info][gc,stats    ]   Rendezvous                         41 us
[10.027s][info][gc,stats    ]   Purge Unlinked                    130 us
[10.027s][info][gc,stats    ]     Code Roots                      125 us
[10.027s][info][gc,stats    ]     CLDG                              5 us
[10.027s][info][gc,stats    ]     Exception Caches                  0 us
[10.027s][info][gc,stats    ] Pause Final Roots (G)               103 us
[10.027s][info][gc,stats    ] Pause Final Roots (N)                46 us
[10.027s][info][gc,stats    ] 
[10.027s][info][gc,stats    ] Allocation pacing accrued:
[10.027s][info][gc,stats    ]       0 of   429 ms (  0.0%): <total>
[10.027s][info][gc,stats    ]       0 of   429 ms (  0.0%): <average total>
[10.027s][info][gc,stats    ] 
[10.027s][info][gc,metaspace] Metaspace: 14165K(14464K)->14165K(14464K) NonClass: 12259K(12416K)->12259K(12416K) Class: 1905K(2048K)->1905K(2048K)
[10.027s][info][gc,ergo     ] Pacer for Idle. Initial: 41943K, Alloc Tax Rate: 1.0x
[10.462s][info][gc          ] Trigger: Learning 5 of 5. Free (1432M) is below initial threshold (1433M)
[10.462s][info][gc,ergo     ] Free: 1432M, Max: 1024K regular, 1419M humongous, Frag: 1% external, 0% internal; Reserve: 103M, Max: 1024K
[10.462s][info][gc,start    ] GC(19) Concurrent reset
[10.462s][info][gc,task     ] GC(19) Using 1 of 3 workers for concurrent reset
[10.462s][info][gc,ergo     ] GC(19) Pacer for Reset. Non-Taxable: 2048M
[10.463s][info][gc          ] GC(19) Concurrent reset 0.177ms
[10.463s][info][gc,start    ] GC(19) Pause Init Mark (unload classes)
[10.463s][info][gc,task     ] GC(19) Using 3 of 3 workers for init marking
[10.463s][info][gc,ergo     ] GC(19) Pacer for Mark. Expected Live: 4487K, Free: 1432M, Non-Taxable: 143M, Alloc Tax Rate: 0.0x
[10.463s][info][gc          ] GC(19) Pause Init Mark (unload classes) 0.074ms
[10.463s][info][gc,start    ] GC(19) Concurrent marking roots
[10.463s][info][gc,task     ] GC(19) Using 1 of 3 workers for concurrent marking roots
[10.463s][info][gc          ] GC(19) Concurrent marking roots 0.422ms
[10.463s][info][gc,start    ] GC(19) Concurrent marking (unload classes)
[10.463s][info][gc,task     ] GC(19) Using 1 of 3 workers for concurrent marking
[10.467s][info][gc          ] GC(19) Concurrent marking (unload classes) 3.816ms
[10.467s][info][gc,start    ] GC(19) Pause Final Mark (unload classes)
[10.467s][info][gc,task     ] GC(19) Using 3 of 3 workers for final marking
[10.467s][info][gc,ergo     ] GC(19) Collectable Garbage: 488M (96%), Immediate: 488M (96%), CSet: 0B (0%)
[10.467s][info][gc          ] GC(19) Pause Final Mark (unload classes) 0.119ms
[10.467s][info][gc,start    ] GC(19) Concurrent weak references
[10.467s][info][gc,task     ] GC(19) Using 1 of 3 workers for concurrent weak references
[10.467s][info][gc,ref      ] GC(19) Encountered references: Soft: 140, Weak: 725, Final: 0, Phantom: 64
[10.467s][info][gc,ref      ] GC(19) Discovered  references: Soft: 0, Weak: 147, Final: 0, Phantom: 37
[10.467s][info][gc,ref      ] GC(19) Enqueued    references: Soft: 0, Weak: 0, Final: 0, Phantom: 0
[10.467s][info][gc          ] GC(19) Concurrent weak references 0.060ms
[10.467s][info][gc,start    ] GC(19) Concurrent weak roots
[10.467s][info][gc,task     ] GC(19) Using 1 of 3 workers for concurrent weak root
[10.470s][info][gc          ] GC(19) Concurrent weak roots 2.397ms
[10.470s][info][gc,start    ] GC(19) Concurrent cleanup
[10.470s][info][gc          ] GC(19) Concurrent cleanup 520M->31M(2048M) 0.051ms
[10.470s][info][gc,ergo     ] GC(19) Free: 1913M, Max: 1024K regular, 1440M humongous, Frag: 25% external, 0% internal; Reserve: 103M, Max: 1024K
[10.470s][info][gc,start    ] GC(19) Concurrent class unloading
[10.470s][info][gc,task     ] GC(19) Using 1 of 3 workers for concurrent class unloading
[10.473s][info][gc          ] GC(19) Concurrent class unloading 2.975ms
[10.473s][info][gc,start    ] GC(19) Pause Final Roots
[10.473s][info][gc          ] GC(19) Pause Final Roots 0.039ms
[10.473s][info][gc,ergo     ] Free: 1911M, Max: 1024K regular, 1440M humongous, Frag: 25% external, 0% internal; Reserve: 103M, Max: 1024K
[10.473s][info][gc,stats    ] 
[10.473s][info][gc,stats    ] All times are wall-clock times, except per-root-class counters, that are sum over
[10.473s][info][gc,stats    ] all workers. Dividing the <total> over the root stage time estimates parallelism.
[10.473s][info][gc,stats    ] 
[10.473s][info][gc,stats    ] Concurrent Reset                    215 us
[10.473s][info][gc,stats    ] Pause Init Mark (G)                 154 us
[10.473s][info][gc,stats    ] Pause Init Mark (N)                  82 us
[10.473s][info][gc,stats    ]   Update Region States               27 us
[10.473s][info][gc,stats    ] Concurrent Mark Roots               433 us, parallelism: 0.84x
[10.473s][info][gc,stats    ]   CMR: <total>                      363 us
[10.473s][info][gc,stats    ]   CMR: Thread Roots                 319 us, workers (us): 319, ---, ---, 
[10.473s][info][gc,stats    ]   CMR: VM Strong Roots                5 us, workers (us):   5, ---, ---, 
[10.473s][info][gc,stats    ]   CMR: CLDG Roots                    38 us, workers (us):  38, ---, ---, 
[10.473s][info][gc,stats    ] Concurrent Marking                 3835 us
[10.473s][info][gc,stats    ] Pause Final Mark (G)                173 us
[10.473s][info][gc,stats    ] Pause Final Mark (N)                127 us
[10.473s][info][gc,stats    ]   Finish Mark                        33 us
[10.473s][info][gc,stats    ]   Update Region States               25 us
[10.473s][info][gc,stats    ]   Choose Collection Set              26 us
[10.473s][info][gc,stats    ]   Rebuild Free Set                    8 us
[10.473s][info][gc,stats    ] Concurrent Weak References           67 us, parallelism: 0.13x
[10.473s][info][gc,stats    ]   CWRF: <total>                       9 us
[10.473s][info][gc,stats    ]   CWRF: Weak References               9 us, workers (us):   9, ---, ---, 
[10.473s][info][gc,stats    ] Concurrent Weak Roots              2451 us
[10.473s][info][gc,stats    ]   Roots                            2321 us, parallelism: 0.99x
[10.473s][info][gc,stats    ]     CWR: <total>                   2288 us
[10.473s][info][gc,stats    ]     CWR: Code Cache Roots           600 us, workers (us): 600, ---, ---, 
[10.473s][info][gc,stats    ]     CWR: VM Weak Roots             1681 us, workers (us): 1681, ---, ---, 
[10.473s][info][gc,stats    ]     CWR: CLDG Roots                   7 us, workers (us):   7, ---, ---, 
[10.473s][info][gc,stats    ]   Rendezvous                         59 us
[10.473s][info][gc,stats    ] Concurrent Cleanup                   60 us
[10.473s][info][gc,stats    ] Concurrent Class Unloading         3012 us
[10.473s][info][gc,stats    ]   Unlink Stale                     2734 us
[10.473s][info][gc,stats    ]     System Dictionary                 7 us
[10.473s][info][gc,stats    ]     Weak Class Links                  0 us
[10.473s][info][gc,stats    ]     Code Roots                     2726 us
[10.473s][info][gc,stats    ]   Rendezvous                         61 us
[10.473s][info][gc,stats    ]   Purge Unlinked                    162 us
[10.473s][info][gc,stats    ]     Code Roots                      157 us
[10.473s][info][gc,stats    ]     CLDG                              5 us
[10.473s][info][gc,stats    ]     Exception Caches                  0 us
[10.473s][info][gc,stats    ] Pause Final Roots (G)                99 us
[10.473s][info][gc,stats    ] Pause Final Roots (N)                48 us
[10.473s][info][gc,stats    ] 
[10.473s][info][gc,stats    ] Allocation pacing accrued:
[10.473s][info][gc,stats    ]       0 of   446 ms (  0.0%): <total>
[10.473s][info][gc,stats    ]       0 of   446 ms (  0.0%): <average total>
[10.473s][info][gc,stats    ] 
[10.473s][info][gc,metaspace] Metaspace: 14165K(14464K)->14165K(14464K) NonClass: 12259K(12416K)->12259K(12416K) Class: 1905K(2048K)->1905K(2048K)
[10.473s][info][gc,ergo     ] Pacer for Idle. Initial: 41943K, Alloc Tax Rate: 1.0x
[10.619s][info][gc          ] Trigger: Explicit GC request (System.gc())
[10.619s][info][gc,ergo     ] Free: 1800M, Max: 1024K regular, 1440M humongous, Frag: 20% external, 0% internal; Reserve: 103M, Max: 1024K
[10.619s][info][gc,start    ] GC(20) Concurrent reset
[10.619s][info][gc,task     ] GC(20) Using 1 of 3 workers for concurrent reset
[10.619s][info][gc,ergo     ] GC(20) Pacer for Reset. Non-Taxable: 2048M
[10.620s][info][gc          ] GC(20) Concurrent reset 0.346ms
[10.620s][info][gc,start    ] GC(20) Pause Init Mark (unload classes)
[10.620s][info][gc,task     ] GC(20) Using 3 of 3 workers for init marking
[10.620s][info][gc,ref      ] GC(20) Clearing All SoftReferences
[10.620s][info][gc,ergo     ] GC(20) Pacer for Mark. Expected Live: 4499K, Free: 1800M, Non-Taxable: 180M, Alloc Tax Rate: 0.0x
[10.620s][info][gc          ] GC(20) Pause Init Mark (unload classes) 0.258ms
[10.620s][info][gc,start    ] GC(20) Concurrent marking roots
[10.620s][info][gc,task     ] GC(20) Using 1 of 3 workers for concurrent marking roots
[10.621s][info][gc          ] GC(20) Concurrent marking roots 0.653ms
[10.621s][info][gc,start    ] GC(20) Concurrent marking (unload classes)
[10.621s][info][gc,task     ] GC(20) Using 1 of 3 workers for concurrent marking
[10.625s][info][gc          ] GC(20) Concurrent marking (unload classes) 3.829ms
[10.625s][info][gc,start    ] GC(20) Pause Final Mark (unload classes)
[10.625s][info][gc,task     ] GC(20) Using 3 of 3 workers for final marking
[10.625s][info][gc,ergo     ] GC(20) Collectable Garbage: 134M (95%), Immediate: 134M (95%), CSet: 0B (0%)
[10.625s][info][gc          ] GC(20) Pause Final Mark (unload classes) 0.235ms
[10.625s][info][gc,start    ] GC(20) Concurrent weak references
[10.625s][info][gc,task     ] GC(20) Using 1 of 3 workers for concurrent weak references
[10.625s][info][gc,ref      ] GC(20) Encountered references: Soft: 140, Weak: 713, Final: 0, Phantom: 64
[10.625s][info][gc,ref      ] GC(20) Discovered  references: Soft: 88, Weak: 169, Final: 0, Phantom: 62
[10.625s][info][gc,ref      ] GC(20) Enqueued    references: Soft: 3, Weak: 0, Final: 0, Phantom: 0
[10.625s][info][gc          ] GC(20) Concurrent weak references 0.212ms
[10.625s][info][gc,start    ] GC(20) Concurrent weak roots
[10.625s][info][gc,task     ] GC(20) Using 1 of 3 workers for concurrent weak root
[10.627s][info][gc          ] GC(20) Concurrent weak roots 1.526ms
[10.627s][info][gc,start    ] GC(20) Concurrent cleanup
[10.627s][info][gc          ] GC(20) Concurrent cleanup 144M->10M(2048M) 0.043ms
[10.627s][info][gc,ergo     ] GC(20) Free: 1935M, Max: 1024K regular, 1567M humongous, Frag: 20% external, 0% internal; Reserve: 103M, Max: 1024K
[10.627s][info][gc,start    ] GC(20) Concurrent class unloading
[10.627s][info][gc,task     ] GC(20) Using 1 of 3 workers for concurrent class unloading
[10.630s][info][gc          ] GC(20) Concurrent class unloading 3.581ms
[10.631s][info][gc,start    ] GC(20) Pause Final Roots
[10.631s][info][gc          ] GC(20) Pause Final Roots 0.059ms
[10.631s][info][gc,ergo     ] Free: 1935M, Max: 1024K regular, 1567M humongous, Frag: 20% external, 0% internal; Reserve: 103M, Max: 1024K
[10.631s][info][gc,stats    ] 
[10.631s][info][gc,stats    ] All times are wall-clock times, except per-root-class counters, that are sum over
[10.631s][info][gc,stats    ] all workers. Dividing the <total> over the root stage time estimates parallelism.
[10.631s][info][gc,stats    ] 
[10.631s][info][gc,stats    ] Concurrent Reset                    371 us
[10.631s][info][gc,stats    ] Pause Init Mark (G)                 409 us
[10.631s][info][gc,stats    ] Pause Init Mark (N)                 281 us
[10.631s][info][gc,stats    ]   Update Region States               63 us
[10.631s][info][gc,stats    ] Concurrent Mark Roots               662 us, parallelism: 0.88x
[10.631s][info][gc,stats    ]   CMR: <total>                      581 us
[10.631s][info][gc,stats    ]   CMR: Thread Roots                 502 us, workers (us): 502, ---, ---, 
[10.631s][info][gc,stats    ]   CMR: VM Strong Roots                7 us, workers (us):   7, ---, ---, 
[10.631s][info][gc,stats    ]   CMR: CLDG Roots                    72 us, workers (us):  72, ---, ---, 
[10.631s][info][gc,stats    ] Concurrent Marking                 3856 us
[10.631s][info][gc,stats    ] Pause Final Mark (G)                336 us
[10.631s][info][gc,stats    ] Pause Final Mark (N)                253 us
[10.631s][info][gc,stats    ]   Finish Mark                        53 us
[10.631s][info][gc,stats    ]   Update Region States               40 us
[10.631s][info][gc,stats    ]   Choose Collection Set              42 us
[10.631s][info][gc,stats    ]   Rebuild Free Set                   17 us
[10.631s][info][gc,stats    ] Concurrent Weak References          232 us, parallelism: 0.10x
[10.631s][info][gc,stats    ]   CWRF: <total>                      24 us
[10.631s][info][gc,stats    ]   CWRF: Weak References              24 us, workers (us):  24, ---, ---, 
[10.631s][info][gc,stats    ] Concurrent Weak Roots              1562 us
[10.631s][info][gc,stats    ]   Roots                            1371 us, parallelism: 0.97x
[10.631s][info][gc,stats    ]     CWR: <total>                   1325 us
[10.631s][info][gc,stats    ]     CWR: Code Cache Roots           555 us, workers (us): 555, ---, ---, 
[10.631s][info][gc,stats    ]     CWR: VM Weak Roots              763 us, workers (us): 763, ---, ---, 
[10.631s][info][gc,stats    ]     CWR: CLDG Roots                   7 us, workers (us):   7, ---, ---, 
[10.631s][info][gc,stats    ]   Rendezvous                        114 us
[10.631s][info][gc,stats    ] Concurrent Cleanup                   61 us
[10.631s][info][gc,stats    ] Concurrent Class Unloading         3642 us
[10.631s][info][gc,stats    ]   Unlink Stale                     3272 us
[10.631s][info][gc,stats    ]     System Dictionary                 6 us
[10.631s][info][gc,stats    ]     Weak Class Links                  0 us
[10.631s][info][gc,stats    ]     Code Roots                     3265 us
[10.631s][info][gc,stats    ]   Rendezvous                        126 us
[10.631s][info][gc,stats    ]   Purge Unlinked                    148 us
[10.631s][info][gc,stats    ]     Code Roots                      138 us
[10.631s][info][gc,stats    ]     CLDG                              9 us
[10.631s][info][gc,stats    ]     Exception Caches                  0 us
[10.631s][info][gc,stats    ] Pause Final Roots (G)               171 us
[10.631s][info][gc,stats    ] Pause Final Roots (N)                77 us
[10.631s][info][gc,stats    ] 
[10.631s][info][gc,stats    ] Allocation pacing accrued:
[10.631s][info][gc,stats    ]       0 of   158 ms (  0.0%): <total>
[10.631s][info][gc,stats    ]       0 of   158 ms (  0.0%): <average total>
[10.631s][info][gc,stats    ] 
[10.632s][info][gc,metaspace] Metaspace: 14165K(14464K)->14165K(14464K) NonClass: 12259K(12416K)->12260K(12416K) Class: 1905K(2048K)->1905K(2048K)
[10.632s][info][gc,ergo     ] Pacer for Idle. Initial: 41943K, Alloc Tax Rate: 1.0x
[11.098s][info][gc          ] Trigger: Learning 2 of 5. Free (1428M) is below initial threshold (1433M)
[11.098s][info][gc,ergo     ] Free: 1428M, Max: 1024K regular, 1428M humongous, Frag: 0% external, 0% internal; Reserve: 103M, Max: 1024K
[11.098s][info][gc,start    ] GC(21) Concurrent reset
[11.098s][info][gc,task     ] GC(21) Using 1 of 3 workers for concurrent reset
[11.098s][info][gc,ergo     ] GC(21) Pacer for Reset. Non-Taxable: 2048M
[11.098s][info][gc          ] GC(21) Concurrent reset 0.170ms
[11.098s][info][gc,start    ] GC(21) Pause Init Mark (unload classes)
[11.098s][info][gc,task     ] GC(21) Using 3 of 3 workers for init marking
[11.098s][info][gc,ergo     ] GC(21) Pacer for Mark. Expected Live: 4500K, Free: 1428M, Non-Taxable: 142M, Alloc Tax Rate: 0.0x
[11.098s][info][gc          ] GC(21) Pause Init Mark (unload classes) 0.068ms
[11.098s][info][gc,start    ] GC(21) Concurrent marking roots
[11.098s][info][gc,task     ] GC(21) Using 1 of 3 workers for concurrent marking roots
[11.099s][info][gc          ] GC(21) Concurrent marking roots 0.433ms
[11.099s][info][gc,start    ] GC(21) Concurrent marking (unload classes)
[11.099s][info][gc,task     ] GC(21) Using 1 of 3 workers for concurrent marking
[11.103s][info][gc          ] GC(21) Concurrent marking (unload classes) 3.882ms
[11.103s][info][gc,start    ] GC(21) Pause Final Mark (unload classes)
[11.103s][info][gc,task     ] GC(21) Using 3 of 3 workers for final marking
[11.103s][info][gc,ergo     ] GC(21) Collectable Garbage: 493M (96%), Immediate: 493M (96%), CSet: 0B (0%)
[11.103s][info][gc          ] GC(21) Pause Final Mark (unload classes) 0.143ms
[11.103s][info][gc,start    ] GC(21) Concurrent weak references
[11.103s][info][gc,task     ] GC(21) Using 1 of 3 workers for concurrent weak references
[11.103s][info][gc,ref      ] GC(21) Encountered references: Soft: 140, Weak: 735, Final: 0, Phantom: 64
[11.103s][info][gc,ref      ] GC(21) Discovered  references: Soft: 0, Weak: 151, Final: 0, Phantom: 37
[11.103s][info][gc,ref      ] GC(21) Enqueued    references: Soft: 0, Weak: 2, Final: 0, Phantom: 0
[11.103s][info][gc          ] GC(21) Concurrent weak references 0.068ms
[11.103s][info][gc,start    ] GC(21) Concurrent weak roots
[11.103s][info][gc,task     ] GC(21) Using 1 of 3 workers for concurrent weak root
[11.106s][info][gc          ] GC(21) Concurrent weak roots 3.450ms
[11.106s][info][gc,start    ] GC(21) Concurrent cleanup
[11.106s][info][gc          ] GC(21) Concurrent cleanup 529M->36M(2048M) 0.048ms
[11.106s][info][gc,ergo     ] GC(21) Free: 1909M, Max: 1024K regular, 1416M humongous, Frag: 26% external, 0% internal; Reserve: 103M, Max: 1024K
[11.106s][info][gc,start    ] GC(21) Concurrent class unloading
[11.106s][info][gc,task     ] GC(21) Using 1 of 3 workers for concurrent class unloading
[11.109s][info][gc          ] GC(21) Concurrent class unloading 2.957ms
[11.109s][info][gc,start    ] GC(21) Pause Final Roots
[11.109s][info][gc          ] GC(21) Pause Final Roots 0.038ms
[11.110s][info][gc,ergo     ] Free: 1908M, Max: 1024K regular, 1416M humongous, Frag: 26% external, 0% internal; Reserve: 103M, Max: 1024K
[11.110s][info][gc,stats    ] 
[11.110s][info][gc,stats    ] All times are wall-clock times, except per-root-class counters, that are sum over
[11.110s][info][gc,stats    ] all workers. Dividing the <total> over the root stage time estimates parallelism.
[11.110s][info][gc,stats    ] 
[11.110s][info][gc,stats    ] Concurrent Reset                    215 us
[11.110s][info][gc,stats    ] Pause Init Mark (G)                 182 us
[11.110s][info][gc,stats    ] Pause Init Mark (N)                  76 us
[11.110s][info][gc,stats    ]   Update Region States               27 us
[11.110s][info][gc,stats    ] Concurrent Mark Roots               447 us, parallelism: 0.86x
[11.110s][info][gc,stats    ]   CMR: <total>                      383 us
[11.110s][info][gc,stats    ]   CMR: Thread Roots                 335 us, workers (us): 335, ---, ---, 
[11.110s][info][gc,stats    ]   CMR: VM Strong Roots                5 us, workers (us):   5, ---, ---, 
[11.110s][info][gc,stats    ]   CMR: CLDG Roots                    43 us, workers (us):  43, ---, ---, 
[11.110s][info][gc,stats    ] Concurrent Marking                 3943 us
[11.110s][info][gc,stats    ] Pause Final Mark (G)                207 us
[11.110s][info][gc,stats    ] Pause Final Mark (N)                151 us
[11.110s][info][gc,stats    ]   Finish Mark                        37 us
[11.110s][info][gc,stats    ]   Update Region States               27 us
[11.110s][info][gc,stats    ]   Choose Collection Set              28 us
[11.110s][info][gc,stats    ]   Rebuild Free Set                    8 us
[11.110s][info][gc,stats    ] Concurrent Weak References           76 us, parallelism: 0.09x
[11.110s][info][gc,stats    ]   CWRF: <total>                       7 us
[11.110s][info][gc,stats    ]   CWRF: Weak References               7 us, workers (us):   7, ---, ---, 
[11.110s][info][gc,stats    ] Concurrent Weak Roots              3481 us
[11.110s][info][gc,stats    ]   Roots                            3375 us, parallelism: 0.99x
[11.110s][info][gc,stats    ]     CWR: <total>                   3350 us
[11.110s][info][gc,stats    ]     CWR: Code Cache Roots           616 us, workers (us): 616, ---, ---, 
[11.110s][info][gc,stats    ]     CWR: VM Weak Roots             2727 us, workers (us): 2727, ---, ---, 
[11.110s][info][gc,stats    ]     CWR: CLDG Roots                   7 us, workers (us):   7, ---, ---, 
[11.110s][info][gc,stats    ]   Rendezvous                         58 us
[11.110s][info][gc,stats    ] Concurrent Cleanup                   56 us
[11.110s][info][gc,stats    ] Concurrent Class Unloading         3005 us
[11.110s][info][gc,stats    ]   Unlink Stale                     2768 us
[11.110s][info][gc,stats    ]     System Dictionary                 7 us
[11.110s][info][gc,stats    ]     Weak Class Links                  0 us
[11.110s][info][gc,stats    ]     Code Roots                     2760 us
[11.110s][info][gc,stats    ]   Rendezvous                         40 us
[11.110s][info][gc,stats    ]   Purge Unlinked                    131 us
[11.110s][info][gc,stats    ]     Code Roots                      128 us
[11.110s][info][gc,stats    ]     CLDG                              3 us
[11.110s][info][gc,stats    ]     Exception Caches                  0 us
[11.110s][info][gc,stats    ] Pause Final Roots (G)               101 us
[11.110s][info][gc,stats    ] Pause Final Roots (N)                47 us
[11.110s][info][gc,stats    ] 
[11.110s][info][gc,stats    ] Allocation pacing accrued:
[11.110s][info][gc,stats    ]       0 of   478 ms (  0.0%): <total>
[11.110s][info][gc,stats    ]       0 of   478 ms (  0.0%): <average total>
[11.110s][info][gc,stats    ] 
[11.110s][info][gc,metaspace] Metaspace: 14165K(14464K)->14165K(14464K) NonClass: 12260K(12416K)->12260K(12416K) Class: 1905K(2048K)->1905K(2048K)
[11.110s][info][gc,ergo     ] Pacer for Idle. Initial: 41943K, Alloc Tax Rate: 1.0x
[11.545s][info][gc          ] Trigger: Learning 3 of 5. Free (1433M) is below initial threshold (1433M)
[11.545s][info][gc,ergo     ] Free: 1433M, Max: 1024K regular, 1416M humongous, Frag: 2% external, 0% internal; Reserve: 103M, Max: 1024K
[11.545s][info][gc,start    ] GC(22) Concurrent reset
[11.545s][info][gc,task     ] GC(22) Using 1 of 3 workers for concurrent reset
[11.545s][info][gc,ergo     ] GC(22) Pacer for Reset. Non-Taxable: 2048M
[11.546s][info][gc          ] GC(22) Concurrent reset 0.175ms
[11.546s][info][gc,start    ] GC(22) Pause Init Mark (unload classes)
[11.546s][info][gc,task     ] GC(22) Using 3 of 3 workers for init marking
[11.546s][info][gc,ergo     ] GC(22) Pacer for Mark. Expected Live: 4501K, Free: 1433M, Non-Taxable: 143M, Alloc Tax Rate: 0.0x
[11.546s][info][gc          ] GC(22) Pause Init Mark (unload classes) 0.103ms
[11.548s][info][gc,start    ] GC(22) Concurrent marking roots
[11.548s][info][gc,task     ] GC(22) Using 1 of 3 workers for concurrent marking roots
[11.548s][info][gc          ] GC(22) Concurrent marking roots 0.596ms
[11.548s][info][gc,start    ] GC(22) Concurrent marking (unload classes)
[11.548s][info][gc,task     ] GC(22) Using 1 of 3 workers for concurrent marking
[11.566s][info][gc          ] GC(22) Concurrent marking (unload classes) 17.430ms
[11.566s][info][gc,start    ] GC(22) Pause Final Mark (unload classes)
[11.566s][info][gc,task     ] GC(22) Using 3 of 3 workers for final marking
[11.566s][info][gc,ergo     ] GC(22) Adaptive CSet Selection. Target Free: 290M, Actual Free: 1706M, Max CSet: 87381K, Min Garbage: 0B
[11.566s][info][gc,ergo     ] GC(22) Collectable Garbage: 501M (99%), Immediate: 191M (38%), CSet: 310M (61%)
[11.566s][info][gc,ergo     ] GC(22) Pacer for Evacuation. Used CSet: 317M, Free: 1603M, Non-Taxable: 160M, Alloc Tax Rate: 1.1x
[11.566s][info][gc          ] GC(22) Pause Final Mark (unload classes) 0.203ms
[11.566s][info][gc,start    ] GC(22) Concurrent thread roots
[11.566s][info][gc,task     ] GC(22) Using 1 of 3 workers for Concurrent thread roots
[11.566s][info][gc          ] GC(22) Concurrent thread roots 0.364ms
[11.566s][info][gc,start    ] GC(22) Concurrent weak references
[11.566s][info][gc,task     ] GC(22) Using 1 of 3 workers for concurrent weak references
[11.566s][info][gc,ref      ] GC(22) Encountered references: Soft: 140, Weak: 733, Final: 0, Phantom: 64
[11.566s][info][gc,ref      ] GC(22) Discovered  references: Soft: 0, Weak: 149, Final: 0, Phantom: 37
[11.566s][info][gc,ref      ] GC(22) Enqueued    references: Soft: 0, Weak: 0, Final: 0, Phantom: 0
[11.566s][info][gc          ] GC(22) Concurrent weak references 0.075ms
[11.566s][info][gc,start    ] GC(22) Concurrent weak roots
[11.566s][info][gc,task     ] GC(22) Using 1 of 3 workers for concurrent weak root
[11.568s][info][gc          ] GC(22) Concurrent weak roots 1.841ms
[11.568s][info][gc,start    ] GC(22) Concurrent cleanup
[11.568s][info][gc          ] GC(22) Concurrent cleanup 538M->347M(2048M) 0.042ms
[11.568s][info][gc,ergo     ] GC(22) Free: 1598M, Max: 1024K regular, 1407M humongous, Frag: 12% external, 0% internal; Reserve: 102M, Max: 1024K
[11.568s][info][gc,start    ] GC(22) Concurrent class unloading
[11.568s][info][gc,task     ] GC(22) Using 1 of 3 workers for concurrent class unloading
[11.571s][info][gc          ] GC(22) Concurrent class unloading 3.202ms
[11.572s][info][gc,start    ] GC(22) Concurrent strong roots
[11.572s][info][gc,task     ] GC(22) Using 1 of 3 workers for concurrent strong root
[11.572s][info][gc          ] GC(22) Concurrent strong roots 0.063ms
[11.572s][info][gc,start    ] GC(22) Concurrent evacuation
[11.572s][info][gc,task     ] GC(22) Using 1 of 3 workers for concurrent evacuation
[11.580s][info][gc          ] GC(22) Concurrent evacuation 8.614ms
[11.580s][info][gc,start    ] GC(22) Pause Init Update Refs
[11.580s][info][gc,ergo     ] GC(22) Pacer for Update Refs. Used: 364M, Free: 1587M, Non-Taxable: 158M, Alloc Tax Rate: 1.1x
[11.580s][info][gc          ] GC(22) Pause Init Update Refs 0.056ms
[11.581s][info][gc,start    ] GC(22) Concurrent update references
[11.581s][info][gc,task     ] GC(22) Using 1 of 3 workers for concurrent reference update
[11.595s][info][gc          ] GC(22) Concurrent update references 14.469ms
[11.595s][info][gc,start    ] GC(22) Concurrent update thread roots
[11.595s][info][gc          ] GC(22) Concurrent update thread roots 0.364ms
[11.595s][info][gc,start    ] GC(22) Pause Final Update Refs
[11.595s][info][gc,task     ] GC(22) Using 3 of 3 workers for final reference update
[11.596s][info][gc          ] GC(22) Pause Final Update Refs 0.106ms
[11.596s][info][gc,start    ] GC(22) Concurrent cleanup
[11.596s][info][gc          ] GC(22) Concurrent cleanup 378M->61M(2048M) 0.038ms
[11.596s][info][gc,ergo     ] Free: 1884M, Max: 1024K regular, 1401M humongous, Frag: 26% external, 0% internal; Reserve: 103M, Max: 1024K
[11.596s][info][gc,stats    ] 
[11.596s][info][gc,stats    ] All times are wall-clock times, except per-root-class counters, that are sum over
[11.596s][info][gc,stats    ] all workers. Dividing the <total> over the root stage time estimates parallelism.
[11.596s][info][gc,stats    ] 
[11.596s][info][gc,stats    ] Concurrent Reset                    184 us
[11.596s][info][gc,stats    ] Pause Init Mark (G)                1859 us
[11.596s][info][gc,stats    ] Pause Init Mark (N)                 111 us
[11.596s][info][gc,stats    ]   Update Region States               32 us
[11.596s][info][gc,stats    ] Concurrent Mark Roots               618 us, parallelism: 0.70x
[11.596s][info][gc,stats    ]   CMR: <total>                      433 us
[11.596s][info][gc,stats    ]   CMR: Thread Roots                 351 us, workers (us): 351, ---, ---, 
[11.596s][info][gc,stats    ]   CMR: VM Strong Roots               10 us, workers (us):  10, ---, ---, 
[11.596s][info][gc,stats    ]   CMR: CLDG Roots                    72 us, workers (us):  72, ---, ---, 
[11.596s][info][gc,stats    ] Concurrent Marking                17482 us
[11.596s][info][gc,stats    ] Pause Final Mark (G)                261 us
[11.596s][info][gc,stats    ] Pause Final Mark (N)                212 us
[11.596s][info][gc,stats    ]   Finish Mark                        39 us
[11.596s][info][gc,stats    ]   Update Region States               29 us
[11.596s][info][gc,stats    ]   Choose Collection Set              66 us
[11.596s][info][gc,stats    ]   Rebuild Free Set                    8 us
[11.596s][info][gc,stats    ] Concurrent Thread Roots             376 us, parallelism: 0.85x
[11.596s][info][gc,stats    ]   CTR: <total>                      318 us
[11.596s][info][gc,stats    ]   CTR: Thread Roots                 318 us, workers (us): 318, ---, ---, 
[11.596s][info][gc,stats    ] Concurrent Weak References           82 us, parallelism: 0.14x
[11.596s][info][gc,stats    ]   CWRF: <total>                      12 us
[11.596s][info][gc,stats    ]   CWRF: Weak References              12 us, workers (us):  12, ---, ---, 
[11.596s][info][gc,stats    ] Concurrent Weak Roots              1888 us
[11.596s][info][gc,stats    ]   Roots                            1727 us, parallelism: 0.98x
[11.596s][info][gc,stats    ]     CWR: <total>                   1699 us
[11.596s][info][gc,stats    ]     CWR: Code Cache Roots           627 us, workers (us): 627, ---, ---, 
[11.596s][info][gc,stats    ]     CWR: VM Weak Roots             1065 us, workers (us): 1065, ---, ---, 
[11.596s][info][gc,stats    ]     CWR: CLDG Roots                   7 us, workers (us):   7, ---, ---, 
[11.596s][info][gc,stats    ]   Rendezvous                         98 us
[11.596s][info][gc,stats    ] Concurrent Cleanup                   51 us
[11.596s][info][gc,stats    ] Concurrent Class Unloading         3249 us
[11.596s][info][gc,stats    ]   Unlink Stale                     2903 us
[11.596s][info][gc,stats    ]     System Dictionary                 7 us
[11.596s][info][gc,stats    ]     Weak Class Links                  0 us
[11.596s][info][gc,stats    ]     Code Roots                     2894 us
[11.596s][info][gc,stats    ]   Rendezvous                        123 us
[11.596s][info][gc,stats    ]   Purge Unlinked                    157 us
[11.596s][info][gc,stats    ]     Code Roots                      153 us
[11.596s][info][gc,stats    ]     CLDG                              4 us
[11.596s][info][gc,stats    ]     Exception Caches                  0 us
[11.596s][info][gc,stats    ] Concurrent Strong Roots              83 us, parallelism: 0.33x
[11.596s][info][gc,stats    ]   CSR: <total>                       27 us
[11.596s][info][gc,stats    ]   CSR: VM Strong Roots                2 us, workers (us):   2, ---, ---, 
[11.596s][info][gc,stats    ]   CSR: CLDG Roots                    25 us, workers (us):  25, ---, ---, 
[11.596s][info][gc,stats    ] Concurrent Evacuation              8701 us
[11.596s][info][gc,stats    ] Pause Init Update Refs (G)          188 us
[11.596s][info][gc,stats    ] Pause Init Update Refs (N)           65 us
[11.596s][info][gc,stats    ]   Manage GCLABs                       3 us
[11.596s][info][gc,stats    ] Concurrent Update Refs            14520 us
[11.596s][info][gc,stats    ] Concurrent Update Thread Roots      377 us
[11.596s][info][gc,stats    ] Pause Final Update Refs (G)         183 us
[11.596s][info][gc,stats    ] Pause Final Update Refs (N)         125 us
[11.596s][info][gc,stats    ]   Update Region States               37 us
[11.596s][info][gc,stats    ]   Trash Collection Set                5 us
[11.596s][info][gc,stats    ]   Rebuild Free Set                   14 us
[11.596s][info][gc,stats    ] Concurrent Cleanup                   47 us
[11.596s][info][gc,stats    ] 
[11.596s][info][gc,stats    ] Allocation pacing accrued:
[11.596s][info][gc,stats    ]       0 of   486 ms (  0.0%): <total>
[11.596s][info][gc,stats    ]       0 of   486 ms (  0.0%): <average total>
[11.596s][info][gc,stats    ] 
[11.596s][info][gc,metaspace] Metaspace: 14165K(14464K)->14165K(14464K) NonClass: 12260K(12416K)->12260K(12416K) Class: 1905K(2048K)->1905K(2048K)
[11.596s][info][gc,ergo     ] Pacer for Idle. Initial: 41943K, Alloc Tax Rate: 1.0x
[11.999s][info][gc          ] Trigger: Learning 4 of 5. Free (1433M) is below initial threshold (1433M)
[11.999s][info][gc,ergo     ] Free: 1433M, Max: 1024K regular, 1401M humongous, Frag: 3% external, 0% internal; Reserve: 103M, Max: 1024K
[11.999s][info][gc,start    ] GC(23) Concurrent reset
[11.999s][info][gc,task     ] GC(23) Using 1 of 3 workers for concurrent reset
[11.999s][info][gc,ergo     ] GC(23) Pacer for Reset. Non-Taxable: 2048M
[12.001s][info][gc          ] GC(23) Concurrent reset 1.399ms
[12.001s][info][gc,start    ] GC(23) Pause Init Mark (unload classes)
[12.001s][info][gc,task     ] GC(23) Using 3 of 3 workers for init marking
[12.001s][info][gc,ergo     ] GC(23) Pacer for Mark. Expected Live: 5754K, Free: 1431M, Non-Taxable: 143M, Alloc Tax Rate: 0.0x
[12.001s][info][gc          ] GC(23) Pause Init Mark (unload classes) 0.112ms
[12.001s][info][gc,start    ] GC(23) Concurrent marking roots
[12.001s][info][gc,task     ] GC(23) Using 1 of 3 workers for concurrent marking roots
[12.001s][info][gc          ] GC(23) Concurrent marking roots 0.460ms
[12.001s][info][gc,start    ] GC(23) Concurrent marking (unload classes)
[12.001s][info][gc,task     ] GC(23) Using 1 of 3 workers for concurrent marking
[12.005s][info][gc          ] GC(23) Concurrent marking (unload classes) 3.977ms
[12.005s][info][gc,start    ] GC(23) Pause Final Mark (unload classes)
[12.005s][info][gc,task     ] GC(23) Using 3 of 3 workers for final marking
[12.006s][info][gc,ergo     ] GC(23) Collectable Garbage: 494M (96%), Immediate: 494M (96%), CSet: 0B (0%)
[12.006s][info][gc          ] GC(23) Pause Final Mark (unload classes) 0.183ms
[12.006s][info][gc,start    ] GC(23) Concurrent weak references
[12.006s][info][gc,task     ] GC(23) Using 1 of 3 workers for concurrent weak references
[12.006s][info][gc,ref      ] GC(23) Encountered references: Soft: 140, Weak: 733, Final: 0, Phantom: 64
[12.006s][info][gc,ref      ] GC(23) Discovered  references: Soft: 0, Weak: 149, Final: 0, Phantom: 37
[12.006s][info][gc,ref      ] GC(23) Enqueued    references: Soft: 0, Weak: 0, Final: 0, Phantom: 0
[12.006s][info][gc          ] GC(23) Concurrent weak references 0.095ms
[12.006s][info][gc,start    ] GC(23) Concurrent weak roots
[12.006s][info][gc,task     ] GC(23) Using 1 of 3 workers for concurrent weak root
[12.009s][info][gc          ] GC(23) Concurrent weak roots 3.159ms
[12.009s][info][gc,start    ] GC(23) Concurrent cleanup
[12.009s][info][gc          ] GC(23) Concurrent cleanup 525M->31M(2048M) 0.053ms
[12.009s][info][gc,ergo     ] GC(23) Free: 1913M, Max: 1024K regular, 1435M humongous, Frag: 25% external, 0% internal; Reserve: 103M, Max: 1024K
[12.009s][info][gc,start    ] GC(23) Concurrent class unloading
[12.009s][info][gc,task     ] GC(23) Using 1 of 3 workers for concurrent class unloading
[12.012s][info][gc          ] GC(23) Concurrent class unloading 3.044ms
[12.012s][info][gc,start    ] GC(23) Pause Final Roots
[12.012s][info][gc          ] GC(23) Pause Final Roots 0.042ms
[12.012s][info][gc,ergo     ] Free: 1912M, Max: 1024K regular, 1435M humongous, Frag: 25% external, 0% internal; Reserve: 103M, Max: 1024K
[12.012s][info][gc,stats    ] 
[12.012s][info][gc,stats    ] All times are wall-clock times, except per-root-class counters, that are sum over
[12.012s][info][gc,stats    ] all workers. Dividing the <total> over the root stage time estimates parallelism.
[12.012s][info][gc,stats    ] 
[12.012s][info][gc,stats    ] Concurrent Reset                   1474 us
[12.012s][info][gc,stats    ] Pause Init Mark (G)                 251 us
[12.012s][info][gc,stats    ] Pause Init Mark (N)                 122 us
[12.012s][info][gc,stats    ]   Update Region States               33 us
[12.012s][info][gc,stats    ] Concurrent Mark Roots               474 us, parallelism: 0.84x
[12.012s][info][gc,stats    ]   CMR: <total>                      397 us
[12.012s][info][gc,stats    ]   CMR: Thread Roots                 347 us, workers (us): 347, ---, ---, 
[12.012s][info][gc,stats    ]   CMR: VM Strong Roots                7 us, workers (us):   7, ---, ---, 
[12.012s][info][gc,stats    ]   CMR: CLDG Roots                    43 us, workers (us):  43, ---, ---, 
[12.013s][info][gc,stats    ] Concurrent Marking                 4025 us
[12.013s][info][gc,stats    ] Pause Final Mark (G)                309 us
[12.013s][info][gc,stats    ] Pause Final Mark (N)                193 us
[12.013s][info][gc,stats    ]   Finish Mark                        37 us
[12.013s][info][gc,stats    ]   Update Region States               38 us
[12.013s][info][gc,stats    ]   Choose Collection Set              52 us
[12.013s][info][gc,stats    ]   Rebuild Free Set                    9 us
[12.013s][info][gc,stats    ] Concurrent Weak References          103 us, parallelism: 0.15x
[12.013s][info][gc,stats    ]   CWRF: <total>                      15 us
[12.013s][info][gc,stats    ]   CWRF: Weak References              15 us, workers (us):  15, ---, ---, 
[12.013s][info][gc,stats    ] Concurrent Weak Roots              3210 us
[12.013s][info][gc,stats    ]   Roots                            3083 us, parallelism: 0.99x
[12.013s][info][gc,stats    ]     CWR: <total>                   3059 us
[12.013s][info][gc,stats    ]     CWR: Code Cache Roots           649 us, workers (us): 649, ---, ---, 
[12.013s][info][gc,stats    ]     CWR: VM Weak Roots             2402 us, workers (us): 2402, ---, ---, 
[12.013s][info][gc,stats    ]     CWR: CLDG Roots                   8 us, workers (us):   8, ---, ---, 
[12.013s][info][gc,stats    ]   Rendezvous                         56 us
[12.013s][info][gc,stats    ] Concurrent Cleanup                   62 us
[12.013s][info][gc,stats    ] Concurrent Class Unloading         3102 us
[12.013s][info][gc,stats    ]   Unlink Stale                     2819 us
[12.013s][info][gc,stats    ]     System Dictionary                 8 us
[12.013s][info][gc,stats    ]     Weak Class Links                  0 us
[12.013s][info][gc,stats    ]     Code Roots                     2808 us
[12.013s][info][gc,stats    ]   Rendezvous                         37 us
[12.013s][info][gc,stats    ]   Purge Unlinked                    165 us
[12.013s][info][gc,stats    ]     Code Roots                      158 us
[12.013s][info][gc,stats    ]     CLDG                              6 us
[12.013s][info][gc,stats    ]     Exception Caches                  0 us
[12.013s][info][gc,stats    ] Pause Final Roots (G)               113 us
[12.013s][info][gc,stats    ] Pause Final Roots (N)                51 us
[12.013s][info][gc,stats    ] 
[12.013s][info][gc,stats    ] Allocation pacing accrued:
[12.013s][info][gc,stats    ]       0 of   417 ms (  0.0%): <total>
[12.013s][info][gc,stats    ]       0 of   417 ms (  0.0%): <average total>
[12.013s][info][gc,stats    ] 
[12.013s][info][gc,metaspace] Metaspace: 14165K(14464K)->14165K(14464K) NonClass: 12260K(12416K)->12260K(12416K) Class: 1905K(2048K)->1905K(2048K)
[12.013s][info][gc,ergo     ] Pacer for Idle. Initial: 41943K, Alloc Tax Rate: 1.0x
[12.435s][info][gc          ] Trigger: Learning 5 of 5. Free (1432M) is below initial threshold (1433M)
[12.435s][info][gc,ergo     ] Free: 1432M, Max: 1024K regular, 1432M humongous, Frag: 0% external, 0% internal; Reserve: 103M, Max: 1024K
[12.435s][info][gc,start    ] GC(24) Concurrent reset
[12.435s][info][gc,task     ] GC(24) Using 1 of 3 workers for concurrent reset
[12.435s][info][gc,ergo     ] GC(24) Pacer for Reset. Non-Taxable: 2048M
[12.435s][info][gc          ] GC(24) Concurrent reset 0.171ms
[12.435s][info][gc,start    ] GC(24) Pause Init Mark (unload classes)
[12.435s][info][gc,task     ] GC(24) Using 3 of 3 workers for init marking
[12.435s][info][gc,ergo     ] GC(24) Pacer for Mark. Expected Live: 5755K, Free: 1431M, Non-Taxable: 143M, Alloc Tax Rate: 0.0x
[12.435s][info][gc          ] GC(24) Pause Init Mark (unload classes) 0.089ms
[12.435s][info][gc,start    ] GC(24) Concurrent marking roots
[12.435s][info][gc,task     ] GC(24) Using 1 of 3 workers for concurrent marking roots
[12.435s][info][gc          ] GC(24) Concurrent marking roots 0.423ms
[12.435s][info][gc,start    ] GC(24) Concurrent marking (unload classes)
[12.435s][info][gc,task     ] GC(24) Using 1 of 3 workers for concurrent marking
[12.439s][info][gc          ] GC(24) Concurrent marking (unload classes) 3.956ms
[12.440s][info][gc,start    ] GC(24) Pause Final Mark (unload classes)
[12.440s][info][gc,task     ] GC(24) Using 3 of 3 workers for final marking
[12.440s][info][gc,ergo     ] GC(24) Collectable Garbage: 491M (96%), Immediate: 491M (96%), CSet: 0B (0%)
[12.440s][info][gc          ] GC(24) Pause Final Mark (unload classes) 0.153ms
[12.440s][info][gc,start    ] GC(24) Concurrent weak references
[12.440s][info][gc,task     ] GC(24) Using 1 of 3 workers for concurrent weak references
[12.440s][info][gc,ref      ] GC(24) Encountered references: Soft: 140, Weak: 733, Final: 0, Phantom: 64
[12.440s][info][gc,ref      ] GC(24) Discovered  references: Soft: 0, Weak: 149, Final: 0, Phantom: 37
[12.440s][info][gc,ref      ] GC(24) Enqueued    references: Soft: 0, Weak: 0, Final: 0, Phantom: 0
[12.440s][info][gc          ] GC(24) Concurrent weak references 0.064ms
[12.440s][info][gc,start    ] GC(24) Concurrent weak roots
[12.440s][info][gc,task     ] GC(24) Using 1 of 3 workers for concurrent weak root
[12.443s][info][gc          ] GC(24) Concurrent weak roots 3.589ms
[12.443s][info][gc,start    ] GC(24) Concurrent cleanup
[12.444s][info][gc          ] GC(24) Concurrent cleanup 526M->35M(2048M) 0.055ms
[12.444s][info][gc,ergo     ] GC(24) Free: 1909M, Max: 1024K regular, 1418M humongous, Frag: 26% external, 0% internal; Reserve: 103M, Max: 1024K
[12.444s][info][gc,start    ] GC(24) Concurrent class unloading
[12.444s][info][gc,task     ] GC(24) Using 1 of 3 workers for concurrent class unloading
[12.447s][info][gc          ] GC(24) Concurrent class unloading 3.004ms
[12.447s][info][gc,start    ] GC(24) Pause Final Roots
[12.447s][info][gc          ] GC(24) Pause Final Roots 0.041ms
[12.447s][info][gc,ergo     ] Free: 1908M, Max: 1024K regular, 1418M humongous, Frag: 26% external, 0% internal; Reserve: 103M, Max: 1024K
[12.447s][info][gc,stats    ] 
[12.447s][info][gc,stats    ] All times are wall-clock times, except per-root-class counters, that are sum over
[12.447s][info][gc,stats    ] all workers. Dividing the <total> over the root stage time estimates parallelism.
[12.447s][info][gc,stats    ] 
[12.447s][info][gc,stats    ] Concurrent Reset                    183 us
[12.447s][info][gc,stats    ] Pause Init Mark (G)                 237 us
[12.447s][info][gc,stats    ] Pause Init Mark (N)                  97 us
[12.447s][info][gc,stats    ]   Update Region States               25 us
[12.447s][info][gc,stats    ] Concurrent Mark Roots               438 us, parallelism: 0.83x
[12.447s][info][gc,stats    ]   CMR: <total>                      364 us
[12.447s][info][gc,stats    ]   CMR: Thread Roots                 322 us, workers (us): 322, ---, ---, 
[12.447s][info][gc,stats    ]   CMR: VM Strong Roots                4 us, workers (us):   4, ---, ---, 
[12.447s][info][gc,stats    ]   CMR: CLDG Roots                    38 us, workers (us):  38, ---, ---, 
[12.447s][info][gc,stats    ] Concurrent Marking                 4009 us
[12.447s][info][gc,stats    ] Pause Final Mark (G)                248 us
[12.447s][info][gc,stats    ] Pause Final Mark (N)                163 us
[12.447s][info][gc,stats    ]   Finish Mark                        32 us
[12.447s][info][gc,stats    ]   Update Region States               29 us
[12.447s][info][gc,stats    ]   Choose Collection Set              49 us
[12.447s][info][gc,stats    ]   Rebuild Free Set                    8 us
[12.447s][info][gc,stats    ] Concurrent Weak References           71 us, parallelism: 0.10x
[12.447s][info][gc,stats    ]   CWRF: <total>                       7 us
[12.447s][info][gc,stats    ]   CWRF: Weak References               7 us, workers (us):   7, ---, ---, 
[12.447s][info][gc,stats    ] Concurrent Weak Roots              3638 us
[12.447s][info][gc,stats    ]   Roots                            3517 us, parallelism: 0.99x
[12.447s][info][gc,stats    ]     CWR: <total>                   3486 us
[12.447s][info][gc,stats    ]     CWR: Code Cache Roots           614 us, workers (us): 614, ---, ---, 
[12.447s][info][gc,stats    ]     CWR: VM Weak Roots             2864 us, workers (us): 2864, ---, ---, 
[12.447s][info][gc,stats    ]     CWR: CLDG Roots                   7 us, workers (us):   7, ---, ---, 
[12.447s][info][gc,stats    ]   Rendezvous                         55 us
[12.447s][info][gc,stats    ] Concurrent Cleanup                   64 us
[12.447s][info][gc,stats    ] Concurrent Class Unloading         3043 us
[12.447s][info][gc,stats    ]   Unlink Stale                     2784 us
[12.447s][info][gc,stats    ]     System Dictionary                 8 us
[12.447s][info][gc,stats    ]     Weak Class Links                  0 us
[12.447s][info][gc,stats    ]     Code Roots                     2775 us
[12.447s][info][gc,stats    ]   Rendezvous                         57 us
[12.447s][info][gc,stats    ]   Purge Unlinked                    145 us
[12.447s][info][gc,stats    ]     Code Roots                      141 us
[12.447s][info][gc,stats    ]     CLDG                              4 us
[12.447s][info][gc,stats    ]     Exception Caches                  0 us
[12.447s][info][gc,stats    ] Pause Final Roots (G)               116 us
[12.447s][info][gc,stats    ] Pause Final Roots (N)                50 us
[12.447s][info][gc,stats    ] 
[12.447s][info][gc,stats    ] Allocation pacing accrued:
[12.447s][info][gc,stats    ]       0 of   434 ms (  0.0%): <total>
[12.447s][info][gc,stats    ]       0 of   434 ms (  0.0%): <average total>
[12.447s][info][gc,stats    ] 
[12.447s][info][gc,metaspace] Metaspace: 14165K(14464K)->14165K(14464K) NonClass: 12260K(12416K)->12260K(12416K) Class: 1905K(2048K)->1905K(2048K)
[12.447s][info][gc,ergo     ] Pacer for Idle. Initial: 41943K, Alloc Tax Rate: 1.0x
[12.603s][info][gc          ] Trigger: Explicit GC request (System.gc())
[12.604s][info][gc,ergo     ] Free: 1802M, Max: 1024K regular, 1418M humongous, Frag: 22% external, 0% internal; Reserve: 103M, Max: 1024K
[12.604s][info][gc,start    ] GC(25) Concurrent reset
[12.604s][info][gc,task     ] GC(25) Using 1 of 3 workers for concurrent reset
[12.604s][info][gc,ergo     ] GC(25) Pacer for Reset. Non-Taxable: 2048M
[12.604s][info][gc          ] GC(25) Concurrent reset 0.425ms
[12.604s][info][gc,start    ] GC(25) Pause Init Mark (unload classes)
[12.604s][info][gc,task     ] GC(25) Using 3 of 3 workers for init marking
[12.605s][info][gc,ref      ] GC(25) Clearing All SoftReferences
[12.605s][info][gc,ergo     ] GC(25) Pacer for Mark. Expected Live: 5767K, Free: 1802M, Non-Taxable: 180M, Alloc Tax Rate: 0.0x
[12.605s][info][gc          ] GC(25) Pause Init Mark (unload classes) 0.365ms
[12.605s][info][gc,start    ] GC(25) Concurrent marking roots
[12.605s][info][gc,task     ] GC(25) Using 1 of 3 workers for concurrent marking roots
[12.605s][info][gc          ] GC(25) Concurrent marking roots 0.819ms
[12.605s][info][gc,start    ] GC(25) Concurrent marking (unload classes)
[12.605s][info][gc,task     ] GC(25) Using 1 of 3 workers for concurrent marking
[12.610s][info][gc          ] GC(25) Concurrent marking (unload classes) 4.596ms
[12.610s][info][gc,start    ] GC(25) Pause Final Mark (unload classes)
[12.610s][info][gc,task     ] GC(25) Using 3 of 3 workers for final marking
[12.611s][info][gc,ergo     ] GC(25) Collectable Garbage: 131M (95%), Immediate: 131M (95%), CSet: 0B (0%)
[12.611s][info][gc          ] GC(25) Pause Final Mark (unload classes) 0.409ms
[12.611s][info][gc,start    ] GC(25) Concurrent weak references
[12.611s][info][gc,task     ] GC(25) Using 1 of 3 workers for concurrent weak references
[12.611s][info][gc,ref      ] GC(25) Encountered references: Soft: 140, Weak: 717, Final: 0, Phantom: 64
[12.611s][info][gc,ref      ] GC(25) Discovered  references: Soft: 88, Weak: 171, Final: 0, Phantom: 62
[12.611s][info][gc,ref      ] GC(25) Enqueued    references: Soft: 3, Weak: 0, Final: 0, Phantom: 0
[12.611s][info][gc          ] GC(25) Concurrent weak references 0.117ms
[12.611s][info][gc,start    ] GC(25) Concurrent weak roots
[12.611s][info][gc,task     ] GC(25) Using 1 of 3 workers for concurrent weak root
[12.614s][info][gc          ] GC(25) Concurrent weak roots 3.094ms
[12.614s][info][gc,start    ] GC(25) Concurrent cleanup
[12.614s][info][gc          ] GC(25) Concurrent cleanup 142M->11M(2048M) 0.056ms
[12.614s][info][gc,ergo     ] GC(25) Free: 1934M, Max: 1024K regular, 1642M humongous, Frag: 16% external, 0% internal; Reserve: 103M, Max: 1024K
[12.614s][info][gc,start    ] GC(25) Concurrent class unloading
[12.614s][info][gc,task     ] GC(25) Using 1 of 3 workers for concurrent class unloading
[12.618s][info][gc          ] GC(25) Concurrent class unloading 3.958ms
[12.618s][info][gc,start    ] GC(25) Pause Final Roots
[12.618s][info][gc          ] GC(25) Pause Final Roots 0.073ms
[12.618s][info][gc,ergo     ] Free: 1934M, Max: 1024K regular, 1642M humongous, Frag: 16% external, 0% internal; Reserve: 103M, Max: 1024K
[12.618s][info][gc,stats    ] 
[12.618s][info][gc,stats    ] All times are wall-clock times, except per-root-class counters, that are sum over
[12.618s][info][gc,stats    ] all workers. Dividing the <total> over the root stage time estimates parallelism.
[12.618s][info][gc,stats    ] 
[12.619s][info][gc,stats    ] Concurrent Reset                    481 us
[12.619s][info][gc,stats    ] Pause Init Mark (G)                 535 us
[12.619s][info][gc,stats    ] Pause Init Mark (N)                 388 us
[12.619s][info][gc,stats    ]   Update Region States              145 us
[12.619s][info][gc,stats    ] Concurrent Mark Roots               839 us, parallelism: 0.85x
[12.619s][info][gc,stats    ]   CMR: <total>                      716 us
[12.619s][info][gc,stats    ]   CMR: Thread Roots                 629 us, workers (us): 629, ---, ---, 
[12.619s][info][gc,stats    ]   CMR: VM Strong Roots               10 us, workers (us):  10, ---, ---, 
[12.619s][info][gc,stats    ]   CMR: CLDG Roots                    77 us, workers (us):  77, ---, ---, 
[12.619s][info][gc,stats    ] Concurrent Marking                 4646 us
[12.619s][info][gc,stats    ] Pause Final Mark (G)                517 us
[12.619s][info][gc,stats    ] Pause Final Mark (N)                429 us
[12.619s][info][gc,stats    ]   Finish Mark                       142 us
[12.619s][info][gc,stats    ]   Update Region States              104 us
[12.619s][info][gc,stats    ]   Choose Collection Set              63 us
[12.619s][info][gc,stats    ]   Rebuild Free Set                   18 us
[12.619s][info][gc,stats    ] Concurrent Weak References          177 us, parallelism: 0.12x
[12.619s][info][gc,stats    ]   CWRF: <total>                      21 us
[12.619s][info][gc,stats    ]   CWRF: Weak References              21 us, workers (us):  21, ---, ---, 
[12.619s][info][gc,stats    ] Concurrent Weak Roots              3142 us
[12.619s][info][gc,stats    ]   Roots                            2952 us, parallelism: 0.96x
[12.619s][info][gc,stats    ]     CWR: <total>                   2845 us
[12.619s][info][gc,stats    ]     CWR: Code Cache Roots           588 us, workers (us): 588, ---, ---, 
[12.619s][info][gc,stats    ]     CWR: VM Weak Roots             2249 us, workers (us): 2249, ---, ---, 
[12.619s][info][gc,stats    ]     CWR: CLDG Roots                   8 us, workers (us):   8, ---, ---, 
[12.619s][info][gc,stats    ]   Rendezvous                        119 us
[12.619s][info][gc,stats    ] Concurrent Cleanup                   79 us
[12.619s][info][gc,stats    ] Concurrent Class Unloading         4020 us
[12.619s][info][gc,stats    ]   Unlink Stale                     3537 us
[12.619s][info][gc,stats    ]     System Dictionary                10 us
[12.619s][info][gc,stats    ]     Weak Class Links                  0 us
[12.619s][info][gc,stats    ]     Code Roots                     3526 us
[12.619s][info][gc,stats    ]   Rendezvous                        235 us
[12.619s][info][gc,stats    ]   Purge Unlinked                    141 us
[12.619s][info][gc,stats    ]     Code Roots                      132 us
[12.619s][info][gc,stats    ]     CLDG                              9 us
[12.619s][info][gc,stats    ]     Exception Caches                  0 us
[12.619s][info][gc,stats    ] Pause Final Roots (G)               214 us
[12.619s][info][gc,stats    ] Pause Final Roots (N)                96 us
[12.619s][info][gc,stats    ] 
[12.619s][info][gc,stats    ] Allocation pacing accrued:
[12.619s][info][gc,stats    ]       0 of   172 ms (  0.0%): <total>
[12.619s][info][gc,stats    ]       0 of   172 ms (  0.0%): <average total>
[12.619s][info][gc,stats    ] 
[12.619s][info][gc,metaspace] Metaspace: 14165K(14464K)->14165K(14464K) NonClass: 12260K(12416K)->12260K(12416K) Class: 1905K(2048K)->1905K(2048K)
[12.619s][info][gc,ergo     ] Pacer for Idle. Initial: 41943K, Alloc Tax Rate: 1.0x
[13.066s][info][gc          ] Trigger: Learning 2 of 5. Free (1433M) is below initial threshold (1433M)
[13.066s][info][gc,ergo     ] Free: 1433M, Max: 1024K regular, 1433M humongous, Frag: 0% external, 0% internal; Reserve: 103M, Max: 1024K
[13.066s][info][gc,start    ] GC(26) Concurrent reset
[13.066s][info][gc,task     ] GC(26) Using 1 of 3 workers for concurrent reset
[13.066s][info][gc,ergo     ] GC(26) Pacer for Reset. Non-Taxable: 2048M
[13.067s][info][gc          ] GC(26) Concurrent reset 0.133ms
[13.067s][info][gc,start    ] GC(26) Pause Init Mark (unload classes)
[13.067s][info][gc,task     ] GC(26) Using 3 of 3 workers for init marking
[13.067s][info][gc,ergo     ] GC(26) Pacer for Mark. Expected Live: 5768K, Free: 1433M, Non-Taxable: 143M, Alloc Tax Rate: 0.0x
[13.067s][info][gc          ] GC(26) Pause Init Mark (unload classes) 0.091ms
[13.067s][info][gc,start    ] GC(26) Concurrent marking roots
[13.067s][info][gc,task     ] GC(26) Using 1 of 3 workers for concurrent marking roots
[13.067s][info][gc          ] GC(26) Concurrent marking roots 0.420ms
[13.067s][info][gc,start    ] GC(26) Concurrent marking (unload classes)
[13.067s][info][gc,task     ] GC(26) Using 1 of 3 workers for concurrent marking
[13.071s][info][gc          ] GC(26) Concurrent marking (unload classes) 3.941ms
[13.071s][info][gc,start    ] GC(26) Pause Final Mark (unload classes)
[13.071s][info][gc,task     ] GC(26) Using 3 of 3 workers for final marking
[13.071s][info][gc,ergo     ] GC(26) Collectable Garbage: 487M (95%), Immediate: 487M (95%), CSet: 0B (0%)
[13.071s][info][gc          ] GC(26) Pause Final Mark (unload classes) 0.124ms
[13.071s][info][gc,start    ] GC(26) Concurrent weak references
[13.071s][info][gc,task     ] GC(26) Using 1 of 3 workers for concurrent weak references
[13.071s][info][gc,ref      ] GC(26) Encountered references: Soft: 140, Weak: 729, Final: 0, Phantom: 64
[13.071s][info][gc,ref      ] GC(26) Discovered  references: Soft: 0, Weak: 147, Final: 0, Phantom: 37
[13.071s][info][gc,ref      ] GC(26) Enqueued    references: Soft: 0, Weak: 0, Final: 0, Phantom: 0
[13.071s][info][gc          ] GC(26) Concurrent weak references 0.094ms
[13.071s][info][gc,start    ] GC(26) Concurrent weak roots
[13.071s][info][gc,task     ] GC(26) Using 1 of 3 workers for concurrent weak root
[13.073s][info][gc          ] GC(26) Concurrent weak roots 1.871ms
[13.073s][info][gc,start    ] GC(26) Concurrent cleanup
[13.073s][info][gc          ] GC(26) Concurrent cleanup 523M->36M(2048M) 0.056ms
[13.073s][info][gc,ergo     ] GC(26) Free: 1909M, Max: 1024K regular, 1422M humongous, Frag: 26% external, 0% internal; Reserve: 103M, Max: 1024K
[13.073s][info][gc,start    ] GC(26) Concurrent class unloading
[13.073s][info][gc,task     ] GC(26) Using 1 of 3 workers for concurrent class unloading
[13.076s][info][gc          ] GC(26) Concurrent class unloading 2.979ms
[13.077s][info][gc,start    ] GC(26) Pause Final Roots
[13.077s][info][gc          ] GC(26) Pause Final Roots 0.039ms
[13.077s][info][gc,ergo     ] Free: 1908M, Max: 1024K regular, 1422M humongous, Frag: 26% external, 0% internal; Reserve: 103M, Max: 1024K
[13.077s][info][gc,stats    ] 
[13.077s][info][gc,stats    ] All times are wall-clock times, except per-root-class counters, that are sum over
[13.077s][info][gc,stats    ] all workers. Dividing the <total> over the root stage time estimates parallelism.
[13.077s][info][gc,stats    ] 
[13.077s][info][gc,stats    ] Concurrent Reset                    145 us
[13.077s][info][gc,stats    ] Pause Init Mark (G)                 190 us
[13.077s][info][gc,stats    ] Pause Init Mark (N)                 100 us
[13.077s][info][gc,stats    ]   Update Region States               26 us
[13.077s][info][gc,stats    ] Concurrent Mark Roots               442 us, parallelism: 0.82x
[13.077s][info][gc,stats    ]   CMR: <total>                      362 us
[13.077s][info][gc,stats    ]   CMR: Thread Roots                 315 us, workers (us): 315, ---, ---, 
[13.077s][info][gc,stats    ]   CMR: VM Strong Roots                5 us, workers (us):   5, ---, ---, 
[13.077s][info][gc,stats    ]   CMR: CLDG Roots                    42 us, workers (us):  42, ---, ---, 
[13.077s][info][gc,stats    ] Concurrent Marking                 3980 us
[13.077s][info][gc,stats    ] Pause Final Mark (G)                197 us
[13.077s][info][gc,stats    ] Pause Final Mark (N)                132 us
[13.077s][info][gc,stats    ]   Finish Mark                        33 us
[13.077s][info][gc,stats    ]   Update Region States               27 us
[13.077s][info][gc,stats    ]   Choose Collection Set              27 us
[13.077s][info][gc,stats    ]   Rebuild Free Set                    8 us
[13.077s][info][gc,stats    ] Concurrent Weak References          102 us, parallelism: 0.07x
[13.077s][info][gc,stats    ]   CWRF: <total>                       8 us
[13.077s][info][gc,stats    ]   CWRF: Weak References               8 us, workers (us):   8, ---, ---, 
[13.077s][info][gc,stats    ] Concurrent Weak Roots              1892 us
[13.077s][info][gc,stats    ]   Roots                            1812 us, parallelism: 0.99x
[13.077s][info][gc,stats    ]     CWR: <total>                   1787 us
[13.077s][info][gc,stats    ]     CWR: Code Cache Roots           621 us, workers (us): 621, ---, ---, 
[13.077s][info][gc,stats    ]     CWR: VM Weak Roots             1159 us, workers (us): 1159, ---, ---, 
[13.077s][info][gc,stats    ]     CWR: CLDG Roots                   7 us, workers (us):   7, ---, ---, 
[13.077s][info][gc,stats    ]   Rendezvous                         44 us
[13.077s][info][gc,stats    ] Concurrent Cleanup                   64 us
[13.077s][info][gc,stats    ] Concurrent Class Unloading         3023 us
[13.077s][info][gc,stats    ]   Unlink Stale                     2781 us
[13.077s][info][gc,stats    ]     System Dictionary                 7 us
[13.077s][info][gc,stats    ]     Weak Class Links                  0 us
[13.077s][info][gc,stats    ]     Code Roots                     2772 us
[13.077s][info][gc,stats    ]   Rendezvous                         48 us
[13.077s][info][gc,stats    ]   Purge Unlinked                    132 us
[13.077s][info][gc,stats    ]     Code Roots                      129 us
[13.077s][info][gc,stats    ]     CLDG                              3 us
[13.077s][info][gc,stats    ]     Exception Caches                  0 us
[13.077s][info][gc,stats    ] Pause Final Roots (G)               307 us
[13.077s][info][gc,stats    ] Pause Final Roots (N)                48 us
[13.077s][info][gc,stats    ] 
[13.077s][info][gc,stats    ] Allocation pacing accrued:
[13.077s][info][gc,stats    ]       0 of   458 ms (  0.0%): <total>
[13.077s][info][gc,stats    ]       0 of   458 ms (  0.0%): <average total>
[13.077s][info][gc,stats    ] 
[13.077s][info][gc,metaspace] Metaspace: 14170K(14464K)->14170K(14464K) NonClass: 12265K(12416K)->12265K(12416K) Class: 1905K(2048K)->1905K(2048K)
[13.077s][info][gc,ergo     ] Pacer for Idle. Initial: 41943K, Alloc Tax Rate: 1.0x
[13.496s][info][gc          ] Trigger: Learning 3 of 5. Free (1432M) is below initial threshold (1433M)
[13.496s][info][gc,ergo     ] Free: 1432M, Max: 1024K regular, 1422M humongous, Frag: 1% external, 0% internal; Reserve: 103M, Max: 1024K
[13.496s][info][gc,start    ] GC(27) Concurrent reset
[13.496s][info][gc,task     ] GC(27) Using 1 of 3 workers for concurrent reset
[13.496s][info][gc,ergo     ] GC(27) Pacer for Reset. Non-Taxable: 2048M
[13.496s][info][gc          ] GC(27) Concurrent reset 0.195ms
[13.496s][info][gc,start    ] GC(27) Pause Init Mark (unload classes)
[13.496s][info][gc,task     ] GC(27) Using 3 of 3 workers for init marking
[13.496s][info][gc,ergo     ] GC(27) Pacer for Mark. Expected Live: 5768K, Free: 1432M, Non-Taxable: 143M, Alloc Tax Rate: 0.0x
[13.496s][info][gc          ] GC(27) Pause Init Mark (unload classes) 0.071ms
[13.496s][info][gc,start    ] GC(27) Concurrent marking roots
[13.496s][info][gc,task     ] GC(27) Using 1 of 3 workers for concurrent marking roots
[13.497s][info][gc          ] GC(27) Concurrent marking roots 0.409ms
[13.497s][info][gc,start    ] GC(27) Concurrent marking (unload classes)
[13.497s][info][gc,task     ] GC(27) Using 1 of 3 workers for concurrent marking
[13.501s][info][gc          ] GC(27) Concurrent marking (unload classes) 3.927ms
[13.501s][info][gc,start    ] GC(27) Pause Final Mark (unload classes)
[13.501s][info][gc,task     ] GC(27) Using 3 of 3 workers for final marking
[13.501s][info][gc,ergo     ] GC(27) Collectable Garbage: 486M (95%), Immediate: 486M (95%), CSet: 0B (0%)
[13.501s][info][gc          ] GC(27) Pause Final Mark (unload classes) 0.148ms
[13.501s][info][gc,start    ] GC(27) Concurrent weak references
[13.501s][info][gc,task     ] GC(27) Using 1 of 3 workers for concurrent weak references
[13.501s][info][gc,ref      ] GC(27) Encountered references: Soft: 140, Weak: 729, Final: 0, Phantom: 64
[13.501s][info][gc,ref      ] GC(27) Discovered  references: Soft: 0, Weak: 147, Final: 0, Phantom: 37
[13.501s][info][gc,ref      ] GC(27) Enqueued    references: Soft: 0, Weak: 0, Final: 0, Phantom: 0
[13.501s][info][gc          ] GC(27) Concurrent weak references 0.072ms
[13.501s][info][gc,start    ] GC(27) Concurrent weak roots
[13.501s][info][gc,task     ] GC(27) Using 1 of 3 workers for concurrent weak root
[13.504s][info][gc          ] GC(27) Concurrent weak roots 3.120ms
[13.504s][info][gc,start    ] GC(27) Concurrent cleanup
[13.504s][info][gc          ] GC(27) Concurrent cleanup 525M->39M(2048M) 0.055ms
[13.504s][info][gc,ergo     ] GC(27) Free: 1905M, Max: 1024K regular, 1419M humongous, Frag: 26% external, 0% internal; Reserve: 103M, Max: 1024K
[13.504s][info][gc,start    ] GC(27) Concurrent class unloading
[13.504s][info][gc,task     ] GC(27) Using 1 of 3 workers for concurrent class unloading
[13.507s][info][gc          ] GC(27) Concurrent class unloading 2.965ms
[13.507s][info][gc,start    ] GC(27) Pause Final Roots
[13.507s][info][gc          ] GC(27) Pause Final Roots 0.042ms
[13.507s][info][gc,ergo     ] Free: 1904M, Max: 1024K regular, 1419M humongous, Frag: 26% external, 0% internal; Reserve: 103M, Max: 1024K
[13.507s][info][gc,stats    ] 
[13.507s][info][gc,stats    ] All times are wall-clock times, except per-root-class counters, that are sum over
[13.507s][info][gc,stats    ] all workers. Dividing the <total> over the root stage time estimates parallelism.
[13.507s][info][gc,stats    ] 
[13.507s][info][gc,stats    ] Concurrent Reset                    236 us
[13.507s][info][gc,stats    ] Pause Init Mark (G)                 152 us
[13.507s][info][gc,stats    ] Pause Init Mark (N)                  79 us
[13.507s][info][gc,stats    ]   Update Region States               26 us
[13.507s][info][gc,stats    ] Concurrent Mark Roots               423 us, parallelism: 0.85x
[13.507s][info][gc,stats    ]   CMR: <total>                      362 us
[13.507s][info][gc,stats    ]   CMR: Thread Roots                 316 us, workers (us): 316, ---, ---, 
[13.507s][info][gc,stats    ]   CMR: VM Strong Roots                5 us, workers (us):   5, ---, ---, 
[13.507s][info][gc,stats    ]   CMR: CLDG Roots                    42 us, workers (us):  42, ---, ---, 
[13.507s][info][gc,stats    ] Concurrent Marking                 3963 us
[13.507s][info][gc,stats    ] Pause Final Mark (G)                208 us
[13.507s][info][gc,stats    ] Pause Final Mark (N)                156 us
[13.507s][info][gc,stats    ]   Finish Mark                        37 us
[13.507s][info][gc,stats    ]   Update Region States               28 us
[13.507s][info][gc,stats    ]   Choose Collection Set              27 us
[13.507s][info][gc,stats    ]   Rebuild Free Set                    8 us
[13.507s][info][gc,stats    ] Concurrent Weak References           80 us, parallelism: 0.11x
[13.507s][info][gc,stats    ]   CWRF: <total>                       9 us
[13.507s][info][gc,stats    ]   CWRF: Weak References               9 us, workers (us):   9, ---, ---, 
[13.507s][info][gc,stats    ] Concurrent Weak Roots              3157 us
[13.507s][info][gc,stats    ]   Roots                            3045 us, parallelism: 0.99x
[13.507s][info][gc,stats    ]     CWR: <total>                   3018 us
[13.507s][info][gc,stats    ]     CWR: Code Cache Roots           610 us, workers (us): 610, ---, ---, 
[13.507s][info][gc,stats    ]     CWR: VM Weak Roots             2401 us, workers (us): 2401, ---, ---, 
[13.507s][info][gc,stats    ]     CWR: CLDG Roots                   7 us, workers (us):   7, ---, ---, 
[13.507s][info][gc,stats    ]   Rendezvous                         58 us
[13.507s][info][gc,stats    ] Concurrent Cleanup                   63 us
[13.507s][info][gc,stats    ] Concurrent Class Unloading         3011 us
[13.507s][info][gc,stats    ]   Unlink Stale                     2784 us
[13.507s][info][gc,stats    ]     System Dictionary                 7 us
[13.508s][info][gc,stats    ]     Weak Class Links                  0 us
[13.508s][info][gc,stats    ]     Code Roots                     2775 us
[13.508s][info][gc,stats    ]   Rendezvous                         37 us
[13.508s][info][gc,stats    ]   Purge Unlinked                    125 us
[13.508s][info][gc,stats    ]     Code Roots                      122 us
[13.508s][info][gc,stats    ]     CLDG                              3 us
[13.508s][info][gc,stats    ]     Exception Caches                  0 us
[13.508s][info][gc,stats    ] Pause Final Roots (G)               103 us
[13.508s][info][gc,stats    ] Pause Final Roots (N)                52 us
[13.508s][info][gc,stats    ] 
[13.508s][info][gc,stats    ] Allocation pacing accrued:
[13.508s][info][gc,stats    ]       0 of   430 ms (  0.0%): <total>
[13.508s][info][gc,stats    ]       0 of   430 ms (  0.0%): <average total>
[13.508s][info][gc,stats    ] 
[13.508s][info][gc,metaspace] Metaspace: 14170K(14464K)->14170K(14464K) NonClass: 12265K(12416K)->12265K(12416K) Class: 1905K(2048K)->1905K(2048K)
[13.508s][info][gc,ergo     ] Pacer for Idle. Initial: 41943K, Alloc Tax Rate: 1.0x
[13.939s][info][gc          ] Trigger: Learning 4 of 5. Free (1419M) is below initial threshold (1433M)
[13.939s][info][gc,ergo     ] Free: 1419M, Max: 1024K regular, 1419M humongous, Frag: 0% external, 0% internal; Reserve: 103M, Max: 1024K
[13.939s][info][gc,start    ] GC(28) Concurrent reset
[13.939s][info][gc,task     ] GC(28) Using 1 of 3 workers for concurrent reset
[13.939s][info][gc,ergo     ] GC(28) Pacer for Reset. Non-Taxable: 2048M
[13.939s][info][gc          ] GC(28) Concurrent reset 0.238ms
[13.939s][info][gc,start    ] GC(28) Pause Init Mark (unload classes)
[13.939s][info][gc,task     ] GC(28) Using 3 of 3 workers for init marking
[13.939s][info][gc,ergo     ] GC(28) Pacer for Mark. Expected Live: 4514K, Free: 1418M, Non-Taxable: 141M, Alloc Tax Rate: 0.0x
[13.939s][info][gc          ] GC(28) Pause Init Mark (unload classes) 0.107ms
[13.939s][info][gc,start    ] GC(28) Concurrent marking roots
[13.939s][info][gc,task     ] GC(28) Using 1 of 3 workers for concurrent marking roots
[13.940s][info][gc          ] GC(28) Concurrent marking roots 0.412ms
[13.940s][info][gc,start    ] GC(28) Concurrent marking (unload classes)
[13.940s][info][gc,task     ] GC(28) Using 1 of 3 workers for concurrent marking
[13.944s][info][gc          ] GC(28) Concurrent marking (unload classes) 3.941ms
[13.944s][info][gc,start    ] GC(28) Pause Final Mark (unload classes)
[13.944s][info][gc,task     ] GC(28) Using 3 of 3 workers for final marking
[13.944s][info][gc,ergo     ] GC(28) Collectable Garbage: 498M (95%), Immediate: 498M (95%), CSet: 0B (0%)
[13.944s][info][gc          ] GC(28) Pause Final Mark (unload classes) 0.167ms
[13.944s][info][gc,start    ] GC(28) Concurrent weak references
[13.944s][info][gc,task     ] GC(28) Using 1 of 3 workers for concurrent weak references
[13.944s][info][gc,ref      ] GC(28) Encountered references: Soft: 140, Weak: 729, Final: 0, Phantom: 64
[13.944s][info][gc,ref      ] GC(28) Discovered  references: Soft: 0, Weak: 147, Final: 0, Phantom: 37
[13.944s][info][gc,ref      ] GC(28) Enqueued    references: Soft: 0, Weak: 0, Final: 0, Phantom: 0
[13.944s][info][gc          ] GC(28) Concurrent weak references 0.064ms
[13.944s][info][gc,start    ] GC(28) Concurrent weak roots
[13.944s][info][gc,task     ] GC(28) Using 1 of 3 workers for concurrent weak root
[13.948s][info][gc          ] GC(28) Concurrent weak roots 3.672ms
[13.948s][info][gc,start    ] GC(28) Concurrent cleanup
[13.948s][info][gc          ] GC(28) Concurrent cleanup 539M->41M(2048M) 0.055ms
[13.948s][info][gc,ergo     ] GC(28) Free: 1903M, Max: 1024K regular, 1405M humongous, Frag: 27% external, 0% internal; Reserve: 103M, Max: 1024K
[13.948s][info][gc,start    ] GC(28) Concurrent class unloading
[13.948s][info][gc,task     ] GC(28) Using 1 of 3 workers for concurrent class unloading
[13.951s][info][gc          ] GC(28) Concurrent class unloading 3.033ms
[13.951s][info][gc,start    ] GC(28) Pause Final Roots
[13.951s][info][gc          ] GC(28) Pause Final Roots 0.022ms
[13.951s][info][gc,ergo     ] Free: 1900M, Max: 1024K regular, 1405M humongous, Frag: 27% external, 0% internal; Reserve: 103M, Max: 1024K
[13.951s][info][gc,stats    ] 
[13.951s][info][gc,stats    ] All times are wall-clock times, except per-root-class counters, that are sum over
[13.951s][info][gc,stats    ] all workers. Dividing the <total> over the root stage time estimates parallelism.
[13.951s][info][gc,stats    ] 
[13.951s][info][gc,stats    ] Concurrent Reset                    256 us
[13.951s][info][gc,stats    ] Pause Init Mark (G)                 254 us
[13.951s][info][gc,stats    ] Pause Init Mark (N)                 117 us
[13.951s][info][gc,stats    ]   Update Region States               30 us
[13.951s][info][gc,stats    ] Concurrent Mark Roots               425 us, parallelism: 0.86x
[13.951s][info][gc,stats    ]   CMR: <total>                      367 us
[13.951s][info][gc,stats    ]   CMR: Thread Roots                 323 us, workers (us): 323, ---, ---, 
[13.951s][info][gc,stats    ]   CMR: VM Strong Roots                4 us, workers (us):   4, ---, ---, 
[13.951s][info][gc,stats    ]   CMR: CLDG Roots                    40 us, workers (us):  40, ---, ---, 
[13.951s][info][gc,stats    ] Concurrent Marking                 3986 us
[13.951s][info][gc,stats    ] Pause Final Mark (G)                229 us
[13.951s][info][gc,stats    ] Pause Final Mark (N)                177 us
[13.951s][info][gc,stats    ]   Finish Mark                        38 us
[13.951s][info][gc,stats    ]   Update Region States               32 us
[13.951s][info][gc,stats    ]   Choose Collection Set              54 us
[13.951s][info][gc,stats    ]   Rebuild Free Set                    8 us
[13.951s][info][gc,stats    ] Concurrent Weak References           71 us, parallelism: 0.13x
[13.951s][info][gc,stats    ]   CWRF: <total>                       9 us
[13.951s][info][gc,stats    ]   CWRF: Weak References               9 us, workers (us):   9, ---, ---, 
[13.951s][info][gc,stats    ] Concurrent Weak Roots              3718 us
[13.951s][info][gc,stats    ]   Roots                            3601 us, parallelism: 0.99x
[13.951s][info][gc,stats    ]     CWR: <total>                   3575 us
[13.951s][info][gc,stats    ]     CWR: Code Cache Roots           646 us, workers (us): 646, ---, ---, 
[13.951s][info][gc,stats    ]     CWR: VM Weak Roots             2922 us, workers (us): 2922, ---, ---, 
[13.951s][info][gc,stats    ]     CWR: CLDG Roots                   7 us, workers (us):   7, ---, ---, 
[13.951s][info][gc,stats    ]   Rendezvous                         48 us
[13.951s][info][gc,stats    ] Concurrent Cleanup                   63 us
[13.951s][info][gc,stats    ] Concurrent Class Unloading         3072 us
[13.951s][info][gc,stats    ]   Unlink Stale                     2820 us
[13.951s][info][gc,stats    ]     System Dictionary                 8 us
[13.951s][info][gc,stats    ]     Weak Class Links                  0 us
[13.951s][info][gc,stats    ]     Code Roots                     2808 us
[13.951s][info][gc,stats    ]   Rendezvous                         52 us
[13.951s][info][gc,stats    ]   Purge Unlinked                    144 us
[13.951s][info][gc,stats    ]     Code Roots                      140 us
[13.951s][info][gc,stats    ]     CLDG                              4 us
[13.951s][info][gc,stats    ]     Exception Caches                  0 us
[13.951s][info][gc,stats    ] Pause Final Roots (G)               100 us
[13.951s][info][gc,stats    ] Pause Final Roots (N)                30 us
[13.951s][info][gc,stats    ] 
[13.951s][info][gc,stats    ] Allocation pacing accrued:
[13.951s][info][gc,stats    ]       0 of   444 ms (  0.0%): <total>
[13.951s][info][gc,stats    ]       0 of   444 ms (  0.0%): <average total>
[13.951s][info][gc,stats    ] 
[13.951s][info][gc,metaspace] Metaspace: 14170K(14464K)->14170K(14464K) NonClass: 12265K(12416K)->12265K(12416K) Class: 1905K(2048K)->1905K(2048K)
[13.951s][info][gc,ergo     ] Pacer for Idle. Initial: 41943K, Alloc Tax Rate: 1.0x
[14.377s][info][gc          ] Trigger: Learning 5 of 5. Free (1433M) is below initial threshold (1433M)
[14.377s][info][gc,ergo     ] Free: 1433M, Max: 1024K regular, 1405M humongous, Frag: 2% external, 0% internal; Reserve: 103M, Max: 1024K
[14.377s][info][gc,start    ] GC(29) Concurrent reset
[14.377s][info][gc,task     ] GC(29) Using 1 of 3 workers for concurrent reset
[14.377s][info][gc,ergo     ] GC(29) Pacer for Reset. Non-Taxable: 2048M
[14.377s][info][gc          ] GC(29) Concurrent reset 0.216ms
[14.377s][info][gc,start    ] GC(29) Pause Init Mark (unload classes)
[14.377s][info][gc,task     ] GC(29) Using 3 of 3 workers for init marking
[14.377s][info][gc,ergo     ] GC(29) Pacer for Mark. Expected Live: 4514K, Free: 1433M, Non-Taxable: 143M, Alloc Tax Rate: 0.0x
[14.377s][info][gc          ] GC(29) Pause Init Mark (unload classes) 0.089ms
[14.377s][info][gc,start    ] GC(29) Concurrent marking roots
[14.377s][info][gc,task     ] GC(29) Using 1 of 3 workers for concurrent marking roots
[14.378s][info][gc          ] GC(29) Concurrent marking roots 0.466ms
[14.378s][info][gc,start    ] GC(29) Concurrent marking (unload classes)
[14.378s][info][gc,task     ] GC(29) Using 1 of 3 workers for concurrent marking
[14.382s][info][gc          ] GC(29) Concurrent marking (unload classes) 3.847ms
[14.382s][info][gc,start    ] GC(29) Pause Final Mark (unload classes)
[14.382s][info][gc,task     ] GC(29) Using 3 of 3 workers for final marking
[14.382s][info][gc,ergo     ] GC(29) Collectable Garbage: 480M (94%), Immediate: 480M (94%), CSet: 0B (0%)
[14.382s][info][gc          ] GC(29) Pause Final Mark (unload classes) 0.157ms
[14.382s][info][gc,start    ] GC(29) Concurrent weak references
[14.382s][info][gc,task     ] GC(29) Using 1 of 3 workers for concurrent weak references
[14.382s][info][gc,ref      ] GC(29) Encountered references: Soft: 140, Weak: 727, Final: 0, Phantom: 64
[14.382s][info][gc,ref      ] GC(29) Discovered  references: Soft: 0, Weak: 147, Final: 0, Phantom: 37
[14.382s][info][gc,ref      ] GC(29) Enqueued    references: Soft: 0, Weak: 0, Final: 0, Phantom: 0
[14.382s][info][gc          ] GC(29) Concurrent weak references 0.099ms
[14.382s][info][gc,start    ] GC(29) Concurrent weak roots
[14.382s][info][gc,task     ] GC(29) Using 1 of 3 workers for concurrent weak root
[14.383s][info][gc          ] GC(29) Concurrent weak roots 1.516ms
[14.383s][info][gc,start    ] GC(29) Concurrent cleanup
[14.384s][info][gc          ] GC(29) Concurrent cleanup 519M->39M(2048M) 0.053ms
[14.384s][info][gc,ergo     ] GC(29) Free: 1905M, Max: 1024K regular, 1411M humongous, Frag: 26% external, 0% internal; Reserve: 103M, Max: 1024K
[14.384s][info][gc,start    ] GC(29) Concurrent class unloading
[14.384s][info][gc,task     ] GC(29) Using 1 of 3 workers for concurrent class unloading
[14.387s][info][gc          ] GC(29) Concurrent class unloading 2.963ms
[14.387s][info][gc,start    ] GC(29) Pause Final Roots
[14.387s][info][gc          ] GC(29) Pause Final Roots 0.041ms
[14.387s][info][gc,ergo     ] Free: 1902M, Max: 1024K regular, 1411M humongous, Frag: 26% external, 0% internal; Reserve: 103M, Max: 1024K
[14.387s][info][gc,stats    ] 
[14.387s][info][gc,stats    ] All times are wall-clock times, except per-root-class counters, that are sum over
[14.387s][info][gc,stats    ] all workers. Dividing the <total> over the root stage time estimates parallelism.
[14.387s][info][gc,stats    ] 
[14.387s][info][gc,stats    ] Concurrent Reset                    240 us
[14.387s][info][gc,stats    ] Pause Init Mark (G)                 163 us
[14.387s][info][gc,stats    ] Pause Init Mark (N)                  97 us
[14.387s][info][gc,stats    ]   Update Region States               25 us
[14.387s][info][gc,stats    ] Concurrent Mark Roots               481 us, parallelism: 0.85x
[14.387s][info][gc,stats    ]   CMR: <total>                      408 us
[14.387s][info][gc,stats    ]   CMR: Thread Roots                 362 us, workers (us): 362, ---, ---, 
[14.387s][info][gc,stats    ]   CMR: VM Strong Roots                5 us, workers (us):   5, ---, ---, 
[14.387s][info][gc,stats    ]   CMR: CLDG Roots                    41 us, workers (us):  41, ---, ---, 
[14.387s][info][gc,stats    ] Concurrent Marking                 3878 us
[14.387s][info][gc,stats    ] Pause Final Mark (G)                227 us
[14.387s][info][gc,stats    ] Pause Final Mark (N)                167 us
[14.387s][info][gc,stats    ]   Finish Mark                        31 us
[14.387s][info][gc,stats    ]   Update Region States               28 us
[14.387s][info][gc,stats    ]   Choose Collection Set              35 us
[14.387s][info][gc,stats    ]   Rebuild Free Set                    8 us
[14.387s][info][gc,stats    ] Concurrent Weak References          106 us, parallelism: 0.08x
[14.387s][info][gc,stats    ]   CWRF: <total>                       8 us
[14.387s][info][gc,stats    ]   CWRF: Weak References               8 us, workers (us):   8, ---, ---, 
[14.387s][info][gc,stats    ] Concurrent Weak Roots              1555 us
[14.387s][info][gc,stats    ]   Roots                            1429 us, parallelism: 0.98x
[14.387s][info][gc,stats    ]     CWR: <total>                   1402 us
[14.387s][info][gc,stats    ]     CWR: Code Cache Roots           660 us, workers (us): 660, ---, ---, 
[14.387s][info][gc,stats    ]     CWR: VM Weak Roots              736 us, workers (us): 736, ---, ---, 
[14.387s][info][gc,stats    ]     CWR: CLDG Roots                   7 us, workers (us):   7, ---, ---, 
[14.387s][info][gc,stats    ]   Rendezvous                         64 us
[14.387s][info][gc,stats    ] Concurrent Cleanup                   62 us
[14.387s][info][gc,stats    ] Concurrent Class Unloading         2995 us
[14.387s][info][gc,stats    ]   Unlink Stale                     2742 us
[14.387s][info][gc,stats    ]     System Dictionary                 8 us
[14.387s][info][gc,stats    ]     Weak Class Links                  0 us
[14.387s][info][gc,stats    ]     Code Roots                     2733 us
[14.387s][info][gc,stats    ]   Rendezvous                         53 us
[14.387s][info][gc,stats    ]   Purge Unlinked                    152 us
[14.387s][info][gc,stats    ]     Code Roots                      148 us
[14.387s][info][gc,stats    ]     CLDG                              3 us
[14.387s][info][gc,stats    ]     Exception Caches                  0 us
[14.387s][info][gc,stats    ] Pause Final Roots (G)               114 us
[14.387s][info][gc,stats    ] Pause Final Roots (N)                50 us
[14.387s][info][gc,stats    ] 
[14.387s][info][gc,stats    ] Allocation pacing accrued:
[14.387s][info][gc,stats    ]       0 of   436 ms (  0.0%): <total>
[14.387s][info][gc,stats    ]       0 of   436 ms (  0.0%): <average total>
[14.387s][info][gc,stats    ] 
[14.387s][info][gc,metaspace] Metaspace: 14170K(14464K)->14170K(14464K) NonClass: 12265K(12416K)->12265K(12416K) Class: 1905K(2048K)->1905K(2048K)
[14.387s][info][gc,ergo     ] Pacer for Idle. Initial: 41943K, Alloc Tax Rate: 1.0x
[14.530s][info][gc          ] Trigger: Explicit GC request (System.gc())
[14.530s][info][gc,ergo     ] Free: 1796M, Max: 1024K regular, 1411M humongous, Frag: 22% external, 0% internal; Reserve: 103M, Max: 1024K
[14.530s][info][gc,start    ] GC(30) Concurrent reset
[14.530s][info][gc,task     ] GC(30) Using 1 of 3 workers for concurrent reset
[14.530s][info][gc,ergo     ] GC(30) Pacer for Reset. Non-Taxable: 2048M
[14.530s][info][gc          ] GC(30) Concurrent reset 0.440ms
[14.531s][info][gc,start    ] GC(30) Pause Init Mark (unload classes)
[14.531s][info][gc,task     ] GC(30) Using 3 of 3 workers for init marking
[14.531s][info][gc,ref      ] GC(30) Clearing All SoftReferences
[14.531s][info][gc,ergo     ] GC(30) Pacer for Mark. Expected Live: 4508K, Free: 1796M, Non-Taxable: 179M, Alloc Tax Rate: 0.0x
[14.531s][info][gc          ] GC(30) Pause Init Mark (unload classes) 0.192ms
[14.531s][info][gc,start    ] GC(30) Concurrent marking roots
[14.531s][info][gc,task     ] GC(30) Using 1 of 3 workers for concurrent marking roots
[14.532s][info][gc          ] GC(30) Concurrent marking roots 0.772ms
[14.532s][info][gc,start    ] GC(30) Concurrent marking (unload classes)
[14.532s][info][gc,task     ] GC(30) Using 1 of 3 workers for concurrent marking
[14.535s][info][gc          ] GC(30) Concurrent marking (unload classes) 3.935ms
[14.536s][info][gc,start    ] GC(30) Pause Final Mark (unload classes)
[14.536s][info][gc,task     ] GC(30) Using 3 of 3 workers for final marking
[14.536s][info][gc,ergo     ] GC(30) Collectable Garbage: 137M (94%), Immediate: 137M (94%), CSet: 0B (0%)
[14.536s][info][gc          ] GC(30) Pause Final Mark (unload classes) 0.191ms
[14.536s][info][gc,start    ] GC(30) Concurrent weak references
[14.536s][info][gc,task     ] GC(30) Using 1 of 3 workers for concurrent weak references
[14.536s][info][gc,ref      ] GC(30) Encountered references: Soft: 140, Weak: 713, Final: 0, Phantom: 64
[14.536s][info][gc,ref      ] GC(30) Discovered  references: Soft: 88, Weak: 169, Final: 0, Phantom: 62
[14.536s][info][gc,ref      ] GC(30) Enqueued    references: Soft: 3, Weak: 0, Final: 0, Phantom: 0
[14.536s][info][gc          ] GC(30) Concurrent weak references 0.093ms
[14.536s][info][gc,start    ] GC(30) Concurrent weak roots
[14.536s][info][gc,task     ] GC(30) Using 1 of 3 workers for concurrent weak root
[14.537s][info][gc          ] GC(30) Concurrent weak roots 1.334ms
[14.537s][info][gc,start    ] GC(30) Concurrent cleanup
[14.537s][info][gc          ] GC(30) Concurrent cleanup 149M->12M(2048M) 0.034ms
[14.537s][info][gc,ergo     ] GC(30) Free: 1933M, Max: 1024K regular, 1642M humongous, Frag: 16% external, 0% internal; Reserve: 103M, Max: 1024K
[14.537s][info][gc,start    ] GC(30) Concurrent class unloading
[14.537s][info][gc,task     ] GC(30) Using 1 of 3 workers for concurrent class unloading
[14.540s][info][gc          ] GC(30) Concurrent class unloading 3.141ms
[14.541s][info][gc,start    ] GC(30) Pause Final Roots
[14.541s][info][gc          ] GC(30) Pause Final Roots 0.059ms
[14.541s][info][gc,ergo     ] Free: 1933M, Max: 1024K regular, 1642M humongous, Frag: 16% external, 0% internal; Reserve: 103M, Max: 1024K
[14.541s][info][gc,stats    ] 
[14.541s][info][gc,stats    ] All times are wall-clock times, except per-root-class counters, that are sum over
[14.541s][info][gc,stats    ] all workers. Dividing the <total> over the root stage time estimates parallelism.
[14.541s][info][gc,stats    ] 
[14.541s][info][gc,stats    ] Concurrent Reset                    502 us
[14.541s][info][gc,stats    ] Pause Init Mark (G)                 316 us
[14.541s][info][gc,stats    ] Pause Init Mark (N)                 211 us
[14.541s][info][gc,stats    ]   Update Region States               42 us
[14.541s][info][gc,stats    ] Concurrent Mark Roots               784 us, parallelism: 0.85x
[14.541s][info][gc,stats    ]   CMR: <total>                      668 us
[14.541s][info][gc,stats    ]   CMR: Thread Roots                 596 us, workers (us): 596, ---, ---, 
[14.541s][info][gc,stats    ]   CMR: VM Strong Roots                8 us, workers (us):   8, ---, ---, 
[14.541s][info][gc,stats    ]   CMR: CLDG Roots                    65 us, workers (us):  65, ---, ---, 
[14.541s][info][gc,stats    ] Concurrent Marking                 3988 us
[14.541s][info][gc,stats    ] Pause Final Mark (G)                238 us
[14.541s][info][gc,stats    ] Pause Final Mark (N)                201 us
[14.541s][info][gc,stats    ]   Finish Mark                        48 us
[14.541s][info][gc,stats    ]   Update Region States               40 us
[14.541s][info][gc,stats    ]   Choose Collection Set              32 us
[14.541s][info][gc,stats    ]   Rebuild Free Set                    8 us
[14.541s][info][gc,stats    ] Concurrent Weak References          101 us, parallelism: 0.10x
[14.541s][info][gc,stats    ]   CWRF: <total>                      10 us
[14.541s][info][gc,stats    ]   CWRF: Weak References              10 us, workers (us):  10, ---, ---, 
[14.541s][info][gc,stats    ] Concurrent Weak Roots              1384 us
[14.541s][info][gc,stats    ]   Roots                            1257 us, parallelism: 0.96x
[14.541s][info][gc,stats    ]     CWR: <total>                   1204 us
[14.541s][info][gc,stats    ]     CWR: Code Cache Roots           642 us, workers (us): 642, ---, ---, 
[14.541s][info][gc,stats    ]     CWR: VM Weak Roots              554 us, workers (us): 554, ---, ---, 
[14.541s][info][gc,stats    ]     CWR: CLDG Roots                   8 us, workers (us):   8, ---, ---, 
[14.541s][info][gc,stats    ]   Rendezvous                         58 us
[14.541s][info][gc,stats    ] Concurrent Cleanup                   43 us
[14.541s][info][gc,stats    ] Concurrent Class Unloading         3172 us
[14.541s][info][gc,stats    ]   Unlink Stale                     2819 us
[14.541s][info][gc,stats    ]     System Dictionary                 8 us
[14.541s][info][gc,stats    ]     Weak Class Links                  0 us
[14.541s][info][gc,stats    ]     Code Roots                     2810 us
[14.541s][info][gc,stats    ]   Rendezvous                         96 us
[14.541s][info][gc,stats    ]   Purge Unlinked                    208 us
[14.541s][info][gc,stats    ]     Code Roots                      202 us
[14.541s][info][gc,stats    ]     CLDG                              5 us
[14.541s][info][gc,stats    ]     Exception Caches                  0 us
[14.541s][info][gc,stats    ] Pause Final Roots (G)               176 us
[14.541s][info][gc,stats    ] Pause Final Roots (N)                77 us
[14.541s][info][gc,stats    ] 
[14.541s][info][gc,stats    ] Allocation pacing accrued:
[14.541s][info][gc,stats    ]       0 of   154 ms (  0.0%): <total>
[14.541s][info][gc,stats    ]       0 of   154 ms (  0.0%): <average total>
[14.541s][info][gc,stats    ] 
[14.541s][info][gc,metaspace] Metaspace: 14170K(14464K)->14171K(14464K) NonClass: 12265K(12416K)->12265K(12416K) Class: 1905K(2048K)->1905K(2048K)
[14.541s][info][gc,ergo     ] Pacer for Idle. Initial: 41943K, Alloc Tax Rate: 1.0x
[15.016s][info][gc          ] Trigger: Learning 2 of 5. Free (1432M) is below initial threshold (1433M)
[15.016s][info][gc,ergo     ] Free: 1432M, Max: 1024K regular, 1432M humongous, Frag: 0% external, 0% internal; Reserve: 103M, Max: 1024K
[15.016s][info][gc,start    ] GC(31) Concurrent reset
[15.016s][info][gc,task     ] GC(31) Using 1 of 3 workers for concurrent reset
[15.016s][info][gc,ergo     ] GC(31) Pacer for Reset. Non-Taxable: 2048M
[15.016s][info][gc          ] GC(31) Concurrent reset 0.151ms
[15.016s][info][gc,start    ] GC(31) Pause Init Mark (unload classes)
[15.017s][info][gc,task     ] GC(31) Using 3 of 3 workers for init marking
[15.017s][info][gc,ergo     ] GC(31) Pacer for Mark. Expected Live: 4508K, Free: 1431M, Non-Taxable: 143M, Alloc Tax Rate: 0.0x
[15.017s][info][gc          ] GC(31) Pause Init Mark (unload classes) 0.094ms
[15.017s][info][gc,start    ] GC(31) Concurrent marking roots
[15.017s][info][gc,task     ] GC(31) Using 1 of 3 workers for concurrent marking roots
[15.017s][info][gc          ] GC(31) Concurrent marking roots 0.407ms
[15.017s][info][gc,start    ] GC(31) Concurrent marking (unload classes)
[15.017s][info][gc,task     ] GC(31) Using 1 of 3 workers for concurrent marking
[15.021s][info][gc          ] GC(31) Concurrent marking (unload classes) 3.931ms
[15.021s][info][gc,start    ] GC(31) Pause Final Mark (unload classes)
[15.021s][info][gc,task     ] GC(31) Using 3 of 3 workers for final marking
[15.021s][info][gc,ergo     ] GC(31) Collectable Garbage: 487M (95%), Immediate: 487M (95%), CSet: 0B (0%)
[15.021s][info][gc          ] GC(31) Pause Final Mark (unload classes) 0.152ms
[15.021s][info][gc,start    ] GC(31) Concurrent weak references
[15.021s][info][gc,task     ] GC(31) Using 1 of 3 workers for concurrent weak references
[15.021s][info][gc,ref      ] GC(31) Encountered references: Soft: 140, Weak: 735, Final: 0, Phantom: 64
[15.021s][info][gc,ref      ] GC(31) Discovered  references: Soft: 0, Weak: 151, Final: 0, Phantom: 37
[15.021s][info][gc,ref      ] GC(31) Enqueued    references: Soft: 0, Weak: 2, Final: 0, Phantom: 0
[15.021s][info][gc          ] GC(31) Concurrent weak references 0.065ms
[15.021s][info][gc,start    ] GC(31) Concurrent weak roots
[15.021s][info][gc,task     ] GC(31) Using 1 of 3 workers for concurrent weak root
[15.025s][info][gc          ] GC(31) Concurrent weak roots 3.196ms
[15.025s][info][gc,start    ] GC(31) Concurrent cleanup
[15.025s][info][gc          ] GC(31) Concurrent cleanup 527M->40M(2048M) 0.052ms
[15.025s][info][gc,ergo     ] GC(31) Free: 1905M, Max: 1024K regular, 1418M humongous, Frag: 26% external, 0% internal; Reserve: 103M, Max: 1024K
[15.025s][info][gc,start    ] GC(31) Concurrent class unloading
[15.025s][info][gc,task     ] GC(31) Using 1 of 3 workers for concurrent class unloading
[15.028s][info][gc          ] GC(31) Concurrent class unloading 2.926ms
[15.028s][info][gc,start    ] GC(31) Pause Final Roots
[15.028s][info][gc          ] GC(31) Pause Final Roots 0.039ms
[15.028s][info][gc,ergo     ] Free: 1905M, Max: 1024K regular, 1418M humongous, Frag: 26% external, 0% internal; Reserve: 103M, Max: 1024K
[15.028s][info][gc,stats    ] 
[15.028s][info][gc,stats    ] All times are wall-clock times, except per-root-class counters, that are sum over
[15.028s][info][gc,stats    ] all workers. Dividing the <total> over the root stage time estimates parallelism.
[15.028s][info][gc,stats    ] 
[15.028s][info][gc,stats    ] Concurrent Reset                    171 us
[15.028s][info][gc,stats    ] Pause Init Mark (G)                 259 us
[15.028s][info][gc,stats    ] Pause Init Mark (N)                 102 us
[15.028s][info][gc,stats    ]   Update Region States               28 us
[15.028s][info][gc,stats    ] Concurrent Mark Roots               429 us, parallelism: 0.83x
[15.028s][info][gc,stats    ]   CMR: <total>                      354 us
[15.028s][info][gc,stats    ]   CMR: Thread Roots                 312 us, workers (us): 312, ---, ---, 
[15.028s][info][gc,stats    ]   CMR: VM Strong Roots                4 us, workers (us):   4, ---, ---, 
[15.028s][info][gc,stats    ]   CMR: CLDG Roots                    37 us, workers (us):  37, ---, ---, 
[15.028s][info][gc,stats    ] Concurrent Marking                 3981 us
[15.028s][info][gc,stats    ] Pause Final Mark (G)                214 us
[15.028s][info][gc,stats    ] Pause Final Mark (N)                161 us
[15.028s][info][gc,stats    ]   Finish Mark                        38 us
[15.028s][info][gc,stats    ]   Update Region States               29 us
[15.028s][info][gc,stats    ]   Choose Collection Set              29 us
[15.028s][info][gc,stats    ]   Rebuild Free Set                    7 us
[15.028s][info][gc,stats    ] Concurrent Weak References           73 us, parallelism: 0.11x
[15.028s][info][gc,stats    ]   CWRF: <total>                       8 us
[15.028s][info][gc,stats    ]   CWRF: Weak References               8 us, workers (us):   8, ---, ---, 
[15.028s][info][gc,stats    ] Concurrent Weak Roots              3232 us
[15.028s][info][gc,stats    ]   Roots                            3127 us, parallelism: 0.99x
[15.028s][info][gc,stats    ]     CWR: <total>                   3102 us
[15.028s][info][gc,stats    ]     CWR: Code Cache Roots           622 us, workers (us): 622, ---, ---, 
[15.028s][info][gc,stats    ]     CWR: VM Weak Roots             2472 us, workers (us): 2472, ---, ---, 
[15.028s][info][gc,stats    ]     CWR: CLDG Roots                   7 us, workers (us):   7, ---, ---, 
[15.028s][info][gc,stats    ]   Rendezvous                         54 us
[15.028s][info][gc,stats    ] Concurrent Cleanup                   60 us
[15.028s][info][gc,stats    ] Concurrent Class Unloading         2972 us
[15.028s][info][gc,stats    ]   Unlink Stale                     2743 us
[15.028s][info][gc,stats    ]     System Dictionary                 8 us
[15.028s][info][gc,stats    ]     Weak Class Links                  0 us
[15.028s][info][gc,stats    ]     Code Roots                     2734 us
[15.028s][info][gc,stats    ]   Rendezvous                         42 us
[15.028s][info][gc,stats    ]   Purge Unlinked                    122 us
[15.028s][info][gc,stats    ]     Code Roots                      119 us
[15.028s][info][gc,stats    ]     CLDG                              3 us
[15.028s][info][gc,stats    ]     Exception Caches                  0 us
[15.028s][info][gc,stats    ] Pause Final Roots (G)               103 us
[15.028s][info][gc,stats    ] Pause Final Roots (N)                48 us
[15.028s][info][gc,stats    ] 
[15.028s][info][gc,stats    ] Allocation pacing accrued:
[15.028s][info][gc,stats    ]       0 of   487 ms (  0.0%): <total>
[15.028s][info][gc,stats    ]       0 of   487 ms (  0.0%): <average total>
[15.028s][info][gc,stats    ] 
[15.028s][info][gc,metaspace] Metaspace: 14171K(14464K)->14171K(14464K) NonClass: 12266K(12416K)->12266K(12416K) Class: 1905K(2048K)->1905K(2048K)
[15.028s][info][gc,ergo     ] Pacer for Idle. Initial: 41943K, Alloc Tax Rate: 1.0x
[15.476s][info][gc          ] Trigger: Learning 3 of 5. Free (1433M) is below initial threshold (1433M)
[15.477s][info][gc,ergo     ] Free: 1433M, Max: 1024K regular, 1418M humongous, Frag: 2% external, 0% internal; Reserve: 103M, Max: 1024K
[15.477s][info][gc,start    ] GC(32) Concurrent reset
[15.477s][info][gc,task     ] GC(32) Using 1 of 3 workers for concurrent reset
[15.477s][info][gc,ergo     ] GC(32) Pacer for Reset. Non-Taxable: 2048M
[15.477s][info][gc          ] GC(32) Concurrent reset 0.209ms
[15.477s][info][gc,start    ] GC(32) Pause Init Mark (unload classes)
[15.477s][info][gc,task     ] GC(32) Using 3 of 3 workers for init marking
[15.477s][info][gc,ergo     ] GC(32) Pacer for Mark. Expected Live: 4508K, Free: 1433M, Non-Taxable: 143M, Alloc Tax Rate: 0.0x
[15.477s][info][gc          ] GC(32) Pause Init Mark (unload classes) 0.101ms
[15.477s][info][gc,start    ] GC(32) Concurrent marking roots
[15.477s][info][gc,task     ] GC(32) Using 1 of 3 workers for concurrent marking roots
[15.477s][info][gc          ] GC(32) Concurrent marking roots 0.407ms
[15.477s][info][gc,start    ] GC(32) Concurrent marking (unload classes)
[15.477s][info][gc,task     ] GC(32) Using 1 of 3 workers for concurrent marking
[15.481s][info][gc          ] GC(32) Concurrent marking (unload classes) 3.925ms
[15.481s][info][gc,start    ] GC(32) Pause Final Mark (unload classes)
[15.481s][info][gc,task     ] GC(32) Using 3 of 3 workers for final marking
[15.482s][info][gc,ergo     ] GC(32) Collectable Garbage: 483M (95%), Immediate: 483M (95%), CSet: 0B (0%)
[15.482s][info][gc          ] GC(32) Pause Final Mark (unload classes) 0.151ms
[15.482s][info][gc,start    ] GC(32) Concurrent weak references
[15.482s][info][gc,task     ] GC(32) Using 1 of 3 workers for concurrent weak references
[15.482s][info][gc,ref      ] GC(32) Encountered references: Soft: 140, Weak: 733, Final: 0, Phantom: 64
[15.482s][info][gc,ref      ] GC(32) Discovered  references: Soft: 0, Weak: 149, Final: 0, Phantom: 37
[15.482s][info][gc,ref      ] GC(32) Enqueued    references: Soft: 0, Weak: 0, Final: 0, Phantom: 0
[15.482s][info][gc          ] GC(32) Concurrent weak references 0.070ms
[15.482s][info][gc,start    ] GC(32) Concurrent weak roots
[15.482s][info][gc,task     ] GC(32) Using 1 of 3 workers for concurrent weak root
[15.485s][info][gc          ] GC(32) Concurrent weak roots 3.696ms
[15.485s][info][gc,start    ] GC(32) Concurrent cleanup
[15.486s][info][gc          ] GC(32) Concurrent cleanup 524M->41M(2048M) 0.053ms
[15.486s][info][gc,ergo     ] GC(32) Free: 1903M, Max: 1024K regular, 1424M humongous, Frag: 26% external, 0% internal; Reserve: 103M, Max: 1024K
[15.486s][info][gc,start    ] GC(32) Concurrent class unloading
[15.486s][info][gc,task     ] GC(32) Using 1 of 3 workers for concurrent class unloading
[15.489s][info][gc          ] GC(32) Concurrent class unloading 2.948ms
[15.489s][info][gc,start    ] GC(32) Pause Final Roots
[15.489s][info][gc          ] GC(32) Pause Final Roots 0.037ms
[15.489s][info][gc,ergo     ] Free: 1902M, Max: 1024K regular, 1424M humongous, Frag: 26% external, 0% internal; Reserve: 103M, Max: 1024K
[15.489s][info][gc,stats    ] 
[15.489s][info][gc,stats    ] All times are wall-clock times, except per-root-class counters, that are sum over
[15.489s][info][gc,stats    ] all workers. Dividing the <total> over the root stage time estimates parallelism.
[15.489s][info][gc,stats    ] 
[15.489s][info][gc,stats    ] Concurrent Reset                    222 us
[15.489s][info][gc,stats    ] Pause Init Mark (G)                 225 us
[15.489s][info][gc,stats    ] Pause Init Mark (N)                 110 us
[15.489s][info][gc,stats    ]   Update Region States               25 us
[15.489s][info][gc,stats    ] Concurrent Mark Roots               420 us, parallelism: 0.84x
[15.489s][info][gc,stats    ]   CMR: <total>                      355 us
[15.489s][info][gc,stats    ]   CMR: Thread Roots                 312 us, workers (us): 312, ---, ---, 
[15.489s][info][gc,stats    ]   CMR: VM Strong Roots                5 us, workers (us):   5, ---, ---, 
[15.489s][info][gc,stats    ]   CMR: CLDG Roots                    38 us, workers (us):  38, ---, ---, 
[15.489s][info][gc,stats    ] Concurrent Marking                 3978 us
[15.489s][info][gc,stats    ] Pause Final Mark (G)                237 us
[15.489s][info][gc,stats    ] Pause Final Mark (N)                161 us
[15.489s][info][gc,stats    ]   Finish Mark                        37 us
[15.489s][info][gc,stats    ]   Update Region States               29 us
[15.489s][info][gc,stats    ]   Choose Collection Set              52 us
[15.489s][info][gc,stats    ]   Rebuild Free Set                    8 us
[15.489s][info][gc,stats    ] Concurrent Weak References           78 us, parallelism: 0.13x
[15.489s][info][gc,stats    ]   CWRF: <total>                      10 us
[15.489s][info][gc,stats    ]   CWRF: Weak References              10 us, workers (us):  10, ---, ---, 
[15.489s][info][gc,stats    ] Concurrent Weak Roots              3731 us
[15.489s][info][gc,stats    ]   Roots                            3626 us, parallelism: 0.99x
[15.489s][info][gc,stats    ]     CWR: <total>                   3599 us
[15.489s][info][gc,stats    ]     CWR: Code Cache Roots           627 us, workers (us): 627, ---, ---, 
[15.489s][info][gc,stats    ]     CWR: VM Weak Roots             2965 us, workers (us): 2965, ---, ---, 
[15.489s][info][gc,stats    ]     CWR: CLDG Roots                   7 us, workers (us):   7, ---, ---, 
[15.489s][info][gc,stats    ]   Rendezvous                         51 us
[15.489s][info][gc,stats    ] Concurrent Cleanup                   62 us
[15.489s][info][gc,stats    ] Concurrent Class Unloading         2999 us
[15.489s][info][gc,stats    ]   Unlink Stale                     2768 us
[15.489s][info][gc,stats    ]     System Dictionary                 7 us
[15.489s][info][gc,stats    ]     Weak Class Links                  0 us
[15.489s][info][gc,stats    ]     Code Roots                     2759 us
[15.489s][info][gc,stats    ]   Rendezvous                         44 us
[15.489s][info][gc,stats    ]   Purge Unlinked                    118 us
[15.489s][info][gc,stats    ]     Code Roots                      115 us
[15.489s][info][gc,stats    ]     CLDG                              3 us
[15.489s][info][gc,stats    ]     Exception Caches                  0 us
[15.489s][info][gc,stats    ] Pause Final Roots (G)               103 us
[15.489s][info][gc,stats    ] Pause Final Roots (N)                45 us
[15.489s][info][gc,stats    ] 
[15.489s][info][gc,stats    ] Allocation pacing accrued:
[15.489s][info][gc,stats    ]       0 of   461 ms (  0.0%): <total>
[15.489s][info][gc,stats    ]       0 of   461 ms (  0.0%): <average total>
[15.489s][info][gc,stats    ] 
[15.489s][info][gc,metaspace] Metaspace: 14171K(14464K)->14171K(14464K) NonClass: 12266K(12416K)->12266K(12416K) Class: 1905K(2048K)->1905K(2048K)
[15.489s][info][gc,ergo     ] Pacer for Idle. Initial: 41943K, Alloc Tax Rate: 1.0x
[15.937s][info][gc          ] Trigger: Learning 4 of 5. Free (1433M) is below initial threshold (1433M)
[15.937s][info][gc,ergo     ] Free: 1433M, Max: 1024K regular, 1424M humongous, Frag: 1% external, 0% internal; Reserve: 103M, Max: 1024K
[15.937s][info][gc,start    ] GC(33) Concurrent reset
[15.937s][info][gc,task     ] GC(33) Using 1 of 3 workers for concurrent reset
[15.937s][info][gc,ergo     ] GC(33) Pacer for Reset. Non-Taxable: 2048M
[15.937s][info][gc          ] GC(33) Concurrent reset 0.194ms
[15.938s][info][gc,start    ] GC(33) Pause Init Mark (unload classes)
[15.938s][info][gc,task     ] GC(33) Using 3 of 3 workers for init marking
[15.938s][info][gc,ergo     ] GC(33) Pacer for Mark. Expected Live: 4509K, Free: 1433M, Non-Taxable: 143M, Alloc Tax Rate: 0.0x
[15.938s][info][gc          ] GC(33) Pause Init Mark (unload classes) 0.094ms
[15.938s][info][gc,start    ] GC(33) Concurrent marking roots
[15.938s][info][gc,task     ] GC(33) Using 1 of 3 workers for concurrent marking roots
[15.938s][info][gc          ] GC(33) Concurrent marking roots 0.388ms
[15.938s][info][gc,start    ] GC(33) Concurrent marking (unload classes)
[15.938s][info][gc,task     ] GC(33) Using 1 of 3 workers for concurrent marking
[15.957s][info][gc          ] GC(33) Concurrent marking (unload classes) 18.896ms
[15.957s][info][gc,start    ] GC(33) Pause Final Mark (unload classes)
[15.957s][info][gc,task     ] GC(33) Using 3 of 3 workers for final marking
[15.957s][info][gc,ergo     ] GC(33) Adaptive CSet Selection. Target Free: 290M, Actual Free: 1651M, Max CSet: 87381K, Min Garbage: 0B
[15.957s][info][gc,ergo     ] GC(33) Collectable Garbage: 499M (99%), Immediate: 134M (26%), CSet: 365M (73%)
[15.957s][info][gc,ergo     ] GC(33) Pacer for Evacuation. Used CSet: 374M, Free: 1548M, Non-Taxable: 154M, Alloc Tax Rate: 1.1x
[15.957s][info][gc          ] GC(33) Pause Final Mark (unload classes) 0.212ms
[15.958s][info][gc,start    ] GC(33) Concurrent thread roots
[15.958s][info][gc,task     ] GC(33) Using 1 of 3 workers for Concurrent thread roots
[15.958s][info][gc          ] GC(33) Concurrent thread roots 0.343ms
[15.958s][info][gc,start    ] GC(33) Concurrent weak references
[15.958s][info][gc,task     ] GC(33) Using 1 of 3 workers for concurrent weak references
[15.958s][info][gc,ref      ] GC(33) Encountered references: Soft: 140, Weak: 733, Final: 0, Phantom: 64
[15.958s][info][gc,ref      ] GC(33) Discovered  references: Soft: 0, Weak: 149, Final: 0, Phantom: 37
[15.958s][info][gc,ref      ] GC(33) Enqueued    references: Soft: 0, Weak: 0, Final: 0, Phantom: 0
[15.958s][info][gc          ] GC(33) Concurrent weak references 0.068ms
[15.958s][info][gc,start    ] GC(33) Concurrent weak roots
[15.958s][info][gc,task     ] GC(33) Using 1 of 3 workers for concurrent weak root
[15.961s][info][gc          ] GC(33) Concurrent weak roots 2.556ms
[15.961s][info][gc,start    ] GC(33) Concurrent cleanup
[15.961s][info][gc          ] GC(33) Concurrent cleanup 537M->403M(2048M) 0.035ms
[15.961s][info][gc,ergo     ] GC(33) Free: 1542M, Max: 1024K regular, 1408M humongous, Frag: 9% external, 0% internal; Reserve: 102M, Max: 1024K
[15.961s][info][gc,start    ] GC(33) Concurrent class unloading
[15.961s][info][gc,task     ] GC(33) Using 1 of 3 workers for concurrent class unloading
[15.964s][info][gc          ] GC(33) Concurrent class unloading 3.247ms
[15.964s][info][gc,start    ] GC(33) Concurrent strong roots
[15.964s][info][gc,task     ] GC(33) Using 1 of 3 workers for concurrent strong root
[15.964s][info][gc          ] GC(33) Concurrent strong roots 0.073ms
[15.964s][info][gc,start    ] GC(33) Concurrent evacuation
[15.964s][info][gc,task     ] GC(33) Using 1 of 3 workers for concurrent evacuation
[15.974s][info][gc          ] GC(33) Concurrent evacuation 9.682ms
[15.974s][info][gc,start    ] GC(33) Pause Init Update Refs
[15.974s][info][gc,ergo     ] GC(33) Pacer for Update Refs. Used: 424M, Free: 1529M, Non-Taxable: 152M, Alloc Tax Rate: 1.1x
[15.974s][info][gc          ] GC(33) Pause Init Update Refs 0.055ms
[15.974s][info][gc,start    ] GC(33) Concurrent update references
[15.974s][info][gc,task     ] GC(33) Using 1 of 3 workers for concurrent reference update
[15.990s][info][gc          ] GC(33) Concurrent update references 15.961ms
[15.990s][info][gc,start    ] GC(33) Concurrent update thread roots
[15.990s][info][gc          ] GC(33) Concurrent update thread roots 0.364ms
[15.990s][info][gc,start    ] GC(33) Pause Final Update Refs
[15.990s][info][gc,task     ] GC(33) Using 3 of 3 workers for final reference update
[15.990s][info][gc          ] GC(33) Pause Final Update Refs 0.107ms
[15.990s][info][gc,start    ] GC(33) Concurrent cleanup
[15.991s][info][gc          ] GC(33) Concurrent cleanup 439M->66M(2048M) 0.042ms
[15.991s][info][gc,ergo     ] Free: 1878M, Max: 1024K regular, 1402M humongous, Frag: 26% external, 0% internal; Reserve: 103M, Max: 1024K
[15.991s][info][gc,stats    ] 
[15.991s][info][gc,stats    ] All times are wall-clock times, except per-root-class counters, that are sum over
[15.991s][info][gc,stats    ] all workers. Dividing the <total> over the root stage time estimates parallelism.
[15.991s][info][gc,stats    ] 
[15.991s][info][gc,stats    ] Concurrent Reset                    212 us
[15.991s][info][gc,stats    ] Pause Init Mark (G)                 238 us
[15.991s][info][gc,stats    ] Pause Init Mark (N)                 102 us
[15.991s][info][gc,stats    ]   Update Region States               29 us
[15.991s][info][gc,stats    ] Concurrent Mark Roots               406 us, parallelism: 0.85x
[15.991s][info][gc,stats    ]   CMR: <total>                      343 us
[15.991s][info][gc,stats    ]   CMR: Thread Roots                 305 us, workers (us): 305, ---, ---, 
[15.991s][info][gc,stats    ]   CMR: VM Strong Roots                4 us, workers (us):   4, ---, ---, 
[15.991s][info][gc,stats    ]   CMR: CLDG Roots                    35 us, workers (us):  35, ---, ---, 
[15.991s][info][gc,stats    ] Concurrent Marking                18942 us
[15.991s][info][gc,stats    ] Pause Final Mark (G)                432 us
[15.991s][info][gc,stats    ] Pause Final Mark (N)                221 us
[15.991s][info][gc,stats    ]   Finish Mark                        34 us
[15.991s][info][gc,stats    ]   Update Region States               30 us
[15.991s][info][gc,stats    ]   Choose Collection Set              98 us
[15.991s][info][gc,stats    ]   Rebuild Free Set                    8 us
[15.991s][info][gc,stats    ] Concurrent Thread Roots             356 us, parallelism: 0.86x
[15.991s][info][gc,stats    ]   CTR: <total>                      306 us
[15.991s][info][gc,stats    ]   CTR: Thread Roots                 306 us, workers (us): 306, ---, ---, 
[15.991s][info][gc,stats    ] Concurrent Weak References           75 us, parallelism: 0.14x
[15.991s][info][gc,stats    ]   CWRF: <total>                      11 us
[15.991s][info][gc,stats    ]   CWRF: Weak References              11 us, workers (us):  11, ---, ---, 
[15.991s][info][gc,stats    ] Concurrent Weak Roots              2603 us
[15.991s][info][gc,stats    ]   Roots                            2264 us, parallelism: 0.99x
[15.991s][info][gc,stats    ]     CWR: <total>                   2239 us
[15.991s][info][gc,stats    ]     CWR: Code Cache Roots           621 us, workers (us): 621, ---, ---, 
[15.991s][info][gc,stats    ]     CWR: VM Weak Roots             1611 us, workers (us): 1611, ---, ---, 
[15.991s][info][gc,stats    ]     CWR: CLDG Roots                   8 us, workers (us):   8, ---, ---, 
[15.991s][info][gc,stats    ]   Rendezvous                        276 us
[15.991s][info][gc,stats    ] Concurrent Cleanup                   44 us
[15.991s][info][gc,stats    ] Concurrent Class Unloading         3299 us
[15.991s][info][gc,stats    ]   Unlink Stale                     2916 us
[15.991s][info][gc,stats    ]     System Dictionary                 8 us
[15.991s][info][gc,stats    ]     Weak Class Links                  0 us
[15.991s][info][gc,stats    ]     Code Roots                     2907 us
[15.991s][info][gc,stats    ]   Rendezvous                        147 us
[15.991s][info][gc,stats    ]   Purge Unlinked                    165 us
[15.991s][info][gc,stats    ]     Code Roots                      159 us
[15.991s][info][gc,stats    ]     CLDG                              6 us
[15.991s][info][gc,stats    ]     Exception Caches                  0 us
[15.991s][info][gc,stats    ] Concurrent Strong Roots              82 us, parallelism: 0.42x
[15.991s][info][gc,stats    ]   CSR: <total>                       34 us
[15.991s][info][gc,stats    ]   CSR: VM Strong Roots                2 us, workers (us):   2, ---, ---, 
[15.991s][info][gc,stats    ]   CSR: CLDG Roots                    32 us, workers (us):  32, ---, ---, 
[15.991s][info][gc,stats    ] Concurrent Evacuation              9734 us
[15.991s][info][gc,stats    ] Pause Init Update Refs (G)          129 us
[15.991s][info][gc,stats    ] Pause Init Update Refs (N)           64 us
[15.991s][info][gc,stats    ]   Manage GCLABs                       3 us
[15.991s][info][gc,stats    ] Concurrent Update Refs            16025 us
[15.991s][info][gc,stats    ] Concurrent Update Thread Roots      379 us
[15.991s][info][gc,stats    ] Pause Final Update Refs (G)         222 us
[15.991s][info][gc,stats    ] Pause Final Update Refs (N)         117 us
[15.991s][info][gc,stats    ]   Update Region States               41 us
[15.991s][info][gc,stats    ]   Trash Collection Set                4 us
[15.991s][info][gc,stats    ]   Rebuild Free Set                   13 us
[15.991s][info][gc,stats    ] Concurrent Cleanup                   51 us
[15.991s][info][gc,stats    ] 
[15.991s][info][gc,stats    ] Allocation pacing accrued:
[15.991s][info][gc,stats    ]       0 of   502 ms (  0.0%): <total>
[15.991s][info][gc,stats    ]       0 of   502 ms (  0.0%): <average total>
[15.991s][info][gc,stats    ] 
[15.991s][info][gc,metaspace] Metaspace: 14171K(14464K)->14171K(14464K) NonClass: 12266K(12416K)->12266K(12416K) Class: 1905K(2048K)->1905K(2048K)
[15.991s][info][gc,ergo     ] Pacer for Idle. Initial: 41943K, Alloc Tax Rate: 1.0x
[16.366s][info][gc          ] Trigger: Learning 5 of 5. Free (1432M) is below initial threshold (1433M)
[16.366s][info][gc,ergo     ] Free: 1432M, Max: 1024K regular, 1402M humongous, Frag: 3% external, 0% internal; Reserve: 103M, Max: 1024K
[16.366s][info][gc,start    ] GC(34) Concurrent reset
[16.366s][info][gc,task     ] GC(34) Using 1 of 3 workers for concurrent reset
[16.366s][info][gc,ergo     ] GC(34) Pacer for Reset. Non-Taxable: 2048M
[16.368s][info][gc          ] GC(34) Concurrent reset 1.589ms
[16.368s][info][gc,start    ] GC(34) Pause Init Mark (unload classes)
[16.368s][info][gc,task     ] GC(34) Using 3 of 3 workers for init marking
[16.368s][info][gc,ergo     ] GC(34) Pacer for Mark. Expected Live: 6018K, Free: 1431M, Non-Taxable: 143M, Alloc Tax Rate: 0.0x
[16.368s][info][gc          ] GC(34) Pause Init Mark (unload classes) 0.126ms
[16.368s][info][gc,start    ] GC(34) Concurrent marking roots
[16.368s][info][gc,task     ] GC(34) Using 1 of 3 workers for concurrent marking roots
[16.369s][info][gc          ] GC(34) Concurrent marking roots 0.493ms
[16.369s][info][gc,start    ] GC(34) Concurrent marking (unload classes)
[16.369s][info][gc,task     ] GC(34) Using 1 of 3 workers for concurrent marking
[16.373s][info][gc          ] GC(34) Concurrent marking (unload classes) 3.999ms
[16.373s][info][gc,start    ] GC(34) Pause Final Mark (unload classes)
[16.373s][info][gc,task     ] GC(34) Using 3 of 3 workers for final marking
[16.373s][info][gc,ergo     ] GC(34) Collectable Garbage: 490M (96%), Immediate: 490M (96%), CSet: 0B (0%)
[16.373s][info][gc          ] GC(34) Pause Final Mark (unload classes) 0.172ms
[16.373s][info][gc,start    ] GC(34) Concurrent weak references
[16.373s][info][gc,task     ] GC(34) Using 1 of 3 workers for concurrent weak references
[16.373s][info][gc,ref      ] GC(34) Encountered references: Soft: 140, Weak: 731, Final: 0, Phantom: 64
[16.373s][info][gc,ref      ] GC(34) Discovered  references: Soft: 0, Weak: 149, Final: 0, Phantom: 37
[16.373s][info][gc,ref      ] GC(34) Enqueued    references: Soft: 0, Weak: 0, Final: 0, Phantom: 0
[16.373s][info][gc          ] GC(34) Concurrent weak references 0.089ms
[16.373s][info][gc,start    ] GC(34) Concurrent weak roots
[16.373s][info][gc,task     ] GC(34) Using 1 of 3 workers for concurrent weak root
[16.376s][info][gc          ] GC(34) Concurrent weak roots 3.055ms
[16.376s][info][gc,start    ] GC(34) Concurrent cleanup
[16.376s][info][gc          ] GC(34) Concurrent cleanup 524M->33M(2048M) 0.055ms
[16.376s][info][gc,ergo     ] GC(34) Free: 1911M, Max: 1024K regular, 1423M humongous, Frag: 26% external, 0% internal; Reserve: 103M, Max: 1024K
[16.376s][info][gc,start    ] GC(34) Concurrent class unloading
[16.376s][info][gc,task     ] GC(34) Using 1 of 3 workers for concurrent class unloading
[16.380s][info][gc          ] GC(34) Concurrent class unloading 3.153ms
[16.380s][info][gc,start    ] GC(34) Pause Final Roots
[16.380s][info][gc          ] GC(34) Pause Final Roots 0.038ms
[16.380s][info][gc,ergo     ] Free: 1906M, Max: 1024K regular, 1423M humongous, Frag: 26% external, 0% internal; Reserve: 103M, Max: 1024K
[16.380s][info][gc,stats    ] 
[16.380s][info][gc,stats    ] All times are wall-clock times, except per-root-class counters, that are sum over
[16.380s][info][gc,stats    ] all workers. Dividing the <total> over the root stage time estimates parallelism.
[16.380s][info][gc,stats    ] 
[16.380s][info][gc,stats    ] Concurrent Reset                   1660 us
[16.380s][info][gc,stats    ] Pause Init Mark (G)                 230 us
[16.380s][info][gc,stats    ] Pause Init Mark (N)                 137 us
[16.380s][info][gc,stats    ]   Update Region States               44 us
[16.380s][info][gc,stats    ] Concurrent Mark Roots               510 us, parallelism: 0.82x
[16.380s][info][gc,stats    ]   CMR: <total>                      418 us
[16.380s][info][gc,stats    ]   CMR: Thread Roots                 368 us, workers (us): 368, ---, ---, 
[16.380s][info][gc,stats    ]   CMR: VM Strong Roots                6 us, workers (us):   6, ---, ---, 
[16.380s][info][gc,stats    ]   CMR: CLDG Roots                    44 us, workers (us):  44, ---, ---, 
[16.380s][info][gc,stats    ] Concurrent Marking                 4052 us
[16.380s][info][gc,stats    ] Pause Final Mark (G)                235 us
[16.380s][info][gc,stats    ] Pause Final Mark (N)                181 us
[16.380s][info][gc,stats    ]   Finish Mark                        39 us
[16.380s][info][gc,stats    ]   Update Region States               35 us
[16.380s][info][gc,stats    ]   Choose Collection Set              42 us
[16.380s][info][gc,stats    ]   Rebuild Free Set                    8 us
[16.380s][info][gc,stats    ] Concurrent Weak References           96 us, parallelism: 0.09x
[16.380s][info][gc,stats    ]   CWRF: <total>                       9 us
[16.380s][info][gc,stats    ]   CWRF: Weak References               9 us, workers (us):   9, ---, ---, 
[16.380s][info][gc,stats    ] Concurrent Weak Roots              3107 us
[16.380s][info][gc,stats    ]   Roots                            2982 us, parallelism: 0.99x
[16.380s][info][gc,stats    ]     CWR: <total>                   2959 us
[16.380s][info][gc,stats    ]     CWR: Code Cache Roots           656 us, workers (us): 656, ---, ---, 
[16.380s][info][gc,stats    ]     CWR: VM Weak Roots             2295 us, workers (us): 2295, ---, ---, 
[16.380s][info][gc,stats    ]     CWR: CLDG Roots                   8 us, workers (us):   8, ---, ---, 
[16.380s][info][gc,stats    ]   Rendezvous                         55 us
[16.380s][info][gc,stats    ] Concurrent Cleanup                   64 us
[16.380s][info][gc,stats    ] Concurrent Class Unloading         3209 us
[16.380s][info][gc,stats    ]   Unlink Stale                     2855 us
[16.380s][info][gc,stats    ]     System Dictionary                 8 us
[16.380s][info][gc,stats    ]     Weak Class Links                  0 us
[16.380s][info][gc,stats    ]     Code Roots                     2845 us
[16.380s][info][gc,stats    ]   Rendezvous                         50 us
[16.380s][info][gc,stats    ]   Purge Unlinked                    228 us
[16.380s][info][gc,stats    ]     Code Roots                      224 us
[16.380s][info][gc,stats    ]     CLDG                              4 us
[16.380s][info][gc,stats    ]     Exception Caches                  0 us
[16.380s][info][gc,stats    ] Pause Final Roots (G)               159 us
[16.380s][info][gc,stats    ] Pause Final Roots (N)                47 us
[16.380s][info][gc,stats    ] 
[16.380s][info][gc,stats    ] Allocation pacing accrued:
[16.380s][info][gc,stats    ]       0 of   389 ms (  0.0%): <total>
[16.380s][info][gc,stats    ]       0 of   389 ms (  0.0%): <average total>
[16.380s][info][gc,stats    ] 
[16.380s][info][gc,metaspace] Metaspace: 14171K(14464K)->14171K(14464K) NonClass: 12266K(12416K)->12266K(12416K) Class: 1905K(2048K)->1905K(2048K)
[16.380s][info][gc,ergo     ] Pacer for Idle. Initial: 41943K, Alloc Tax Rate: 1.0x
[16.598s][info][gc          ] Trigger: Explicit GC request (System.gc())
[16.598s][info][gc,ergo     ] Free: 1752M, Max: 1024K regular, 1423M humongous, Frag: 19% external, 0% internal; Reserve: 103M, Max: 1024K
[16.598s][info][gc,start    ] GC(35) Concurrent reset
[16.598s][info][gc,task     ] GC(35) Using 1 of 3 workers for concurrent reset
[16.598s][info][gc,ergo     ] GC(35) Pacer for Reset. Non-Taxable: 2048M
[16.598s][info][gc          ] GC(35) Concurrent reset 0.419ms
[16.598s][info][gc,start    ] GC(35) Pause Init Mark (unload classes)
[16.598s][info][gc,task     ] GC(35) Using 3 of 3 workers for init marking
[16.598s][info][gc,ref      ] GC(35) Clearing All SoftReferences
[16.598s][info][gc,ergo     ] GC(35) Pacer for Mark. Expected Live: 6019K, Free: 1752M, Non-Taxable: 175M, Alloc Tax Rate: 0.0x
[16.598s][info][gc          ] GC(35) Pause Init Mark (unload classes) 0.105ms
[16.599s][info][gc,start    ] GC(35) Concurrent marking roots
[16.599s][info][gc,task     ] GC(35) Using 1 of 3 workers for concurrent marking roots
[16.599s][info][gc          ] GC(35) Concurrent marking roots 0.472ms
[16.599s][info][gc,start    ] GC(35) Concurrent marking (unload classes)
[16.599s][info][gc,task     ] GC(35) Using 1 of 3 workers for concurrent marking
[16.603s][info][gc          ] GC(35) Concurrent marking (unload classes) 3.814ms
[16.603s][info][gc,start    ] GC(35) Pause Final Mark (unload classes)
[16.603s][info][gc,task     ] GC(35) Using 3 of 3 workers for final marking
[16.603s][info][gc,ergo     ] GC(35) Collectable Garbage: 177M (94%), Immediate: 177M (94%), CSet: 0B (0%)
[16.603s][info][gc          ] GC(35) Pause Final Mark (unload classes) 0.239ms
[16.603s][info][gc,start    ] GC(35) Concurrent weak references
[16.603s][info][gc,task     ] GC(35) Using 1 of 3 workers for concurrent weak references
[16.603s][info][gc,ref      ] GC(35) Encountered references: Soft: 140, Weak: 717, Final: 0, Phantom: 64
[16.603s][info][gc,ref      ] GC(35) Discovered  references: Soft: 88, Weak: 171, Final: 0, Phantom: 62
[16.603s][info][gc,ref      ] GC(35) Enqueued    references: Soft: 3, Weak: 0, Final: 0, Phantom: 0
[16.603s][info][gc          ] GC(35) Concurrent weak references 0.091ms
[16.603s][info][gc,start    ] GC(35) Concurrent weak roots
[16.603s][info][gc,task     ] GC(35) Using 1 of 3 workers for concurrent weak root
[16.605s][info][gc          ] GC(35) Concurrent weak roots 1.832ms
[16.605s][info][gc,start    ] GC(35) Concurrent cleanup
[16.605s][info][gc          ] GC(35) Concurrent cleanup 192M->15M(2048M) 0.039ms
[16.605s][info][gc,ergo     ] GC(35) Free: 1930M, Max: 1024K regular, 1478M humongous, Frag: 24% external, 0% internal; Reserve: 103M, Max: 1024K
[16.605s][info][gc,start    ] GC(35) Concurrent class unloading
[16.605s][info][gc,task     ] GC(35) Using 1 of 3 workers for concurrent class unloading
[16.609s][info][gc          ] GC(35) Concurrent class unloading 3.517ms
[16.609s][info][gc,start    ] GC(35) Pause Final Roots
[16.609s][info][gc          ] GC(35) Pause Final Roots 0.068ms
[16.609s][info][gc,ergo     ] Free: 1930M, Max: 1024K regular, 1478M humongous, Frag: 24% external, 0% internal; Reserve: 103M, Max: 1024K
[16.609s][info][gc,stats    ] 
[16.609s][info][gc,stats    ] All times are wall-clock times, except per-root-class counters, that are sum over
[16.609s][info][gc,stats    ] all workers. Dividing the <total> over the root stage time estimates parallelism.
[16.609s][info][gc,stats    ] 
[16.609s][info][gc,stats    ] Concurrent Reset                    468 us
[16.609s][info][gc,stats    ] Pause Init Mark (G)                 205 us
[16.609s][info][gc,stats    ] Pause Init Mark (N)                 114 us
[16.609s][info][gc,stats    ]   Update Region States               29 us
[16.609s][info][gc,stats    ] Concurrent Mark Roots               489 us, parallelism: 0.82x
[16.609s][info][gc,stats    ]   CMR: <total>                      402 us
[16.609s][info][gc,stats    ]   CMR: Thread Roots                 349 us, workers (us): 349, ---, ---, 
[16.609s][info][gc,stats    ]   CMR: VM Strong Roots                5 us, workers (us):   5, ---, ---, 
[16.609s][info][gc,stats    ]   CMR: CLDG Roots                    48 us, workers (us):  48, ---, ---, 
[16.609s][info][gc,stats    ] Concurrent Marking                 3877 us
[16.609s][info][gc,stats    ] Pause Final Mark (G)                351 us
[16.609s][info][gc,stats    ] Pause Final Mark (N)                257 us
[16.609s][info][gc,stats    ]   Finish Mark                        56 us
[16.609s][info][gc,stats    ]   Update Region States               42 us
[16.609s][info][gc,stats    ]   Choose Collection Set              43 us
[16.609s][info][gc,stats    ]   Rebuild Free Set                   17 us
[16.609s][info][gc,stats    ] Concurrent Weak References           99 us, parallelism: 0.08x
[16.609s][info][gc,stats    ]   CWRF: <total>                       8 us
[16.609s][info][gc,stats    ]   CWRF: Weak References               8 us, workers (us):   8, ---, ---, 
[16.609s][info][gc,stats    ] Concurrent Weak Roots              1876 us
[16.609s][info][gc,stats    ]   Roots                            1732 us, parallelism: 0.97x
[16.609s][info][gc,stats    ]     CWR: <total>                   1673 us
[16.609s][info][gc,stats    ]     CWR: Code Cache Roots           560 us, workers (us): 560, ---, ---, 
[16.609s][info][gc,stats    ]     CWR: VM Weak Roots             1107 us, workers (us): 1107, ---, ---, 
[16.609s][info][gc,stats    ]     CWR: CLDG Roots                   6 us, workers (us):   6, ---, ---, 
[16.609s][info][gc,stats    ]   Rendezvous                         81 us
[16.609s][info][gc,stats    ] Concurrent Cleanup                   58 us
[16.609s][info][gc,stats    ] Concurrent Class Unloading         3566 us
[16.609s][info][gc,stats    ]   Unlink Stale                     3072 us
[16.609s][info][gc,stats    ]     System Dictionary                 7 us
[16.609s][info][gc,stats    ]     Weak Class Links                  0 us
[16.609s][info][gc,stats    ]     Code Roots                     3062 us
[16.609s][info][gc,stats    ]   Rendezvous                        153 us
[16.609s][info][gc,stats    ]   Purge Unlinked                    257 us
[16.609s][info][gc,stats    ]     Code Roots                      245 us
[16.610s][info][gc,stats    ]     CLDG                             11 us
[16.610s][info][gc,stats    ]     Exception Caches                  0 us
[16.610s][info][gc,stats    ] Pause Final Roots (G)               204 us
[16.610s][info][gc,stats    ] Pause Final Roots (N)                87 us
[16.610s][info][gc,stats    ] 
[16.610s][info][gc,stats    ] Allocation pacing accrued:
[16.610s][info][gc,stats    ]       0 of   229 ms (  0.0%): <total>
[16.610s][info][gc,stats    ]       0 of   229 ms (  0.0%): <average total>
[16.610s][info][gc,stats    ] 
[16.610s][info][gc,metaspace] Metaspace: 14171K(14464K)->14171K(14464K) NonClass: 12266K(12416K)->12266K(12416K) Class: 1905K(2048K)->1905K(2048K)
[16.610s][info][gc,ergo     ] Pacer for Idle. Initial: 41943K, Alloc Tax Rate: 1.0x
[17.052s][info][gc          ] Trigger: Learning 2 of 5. Free (1433M) is below initial threshold (1433M)
[17.052s][info][gc,ergo     ] Free: 1433M, Max: 1024K regular, 1433M humongous, Frag: 0% external, 0% internal; Reserve: 103M, Max: 1024K
[17.052s][info][gc,start    ] GC(36) Concurrent reset
[17.052s][info][gc,task     ] GC(36) Using 1 of 3 workers for concurrent reset
[17.052s][info][gc,ergo     ] GC(36) Pacer for Reset. Non-Taxable: 2048M
[17.052s][info][gc          ] GC(36) Concurrent reset 0.154ms
[17.052s][info][gc,start    ] GC(36) Pause Init Mark (unload classes)
[17.052s][info][gc,task     ] GC(36) Using 3 of 3 workers for init marking
[17.052s][info][gc,ergo     ] GC(36) Pacer for Mark. Expected Live: 6020K, Free: 1432M, Non-Taxable: 143M, Alloc Tax Rate: 0.0x
[17.052s][info][gc          ] GC(36) Pause Init Mark (unload classes) 0.096ms
[17.052s][info][gc,start    ] GC(36) Concurrent marking roots
[17.052s][info][gc,task     ] GC(36) Using 1 of 3 workers for concurrent marking roots
[17.052s][info][gc          ] GC(36) Concurrent marking roots 0.453ms
[17.052s][info][gc,start    ] GC(36) Concurrent marking (unload classes)
[17.052s][info][gc,task     ] GC(36) Using 1 of 3 workers for concurrent marking
[17.057s][info][gc          ] GC(36) Concurrent marking (unload classes) 4.450ms
[17.057s][info][gc,start    ] GC(36) Pause Final Mark (unload classes)
[17.057s][info][gc,task     ] GC(36) Using 3 of 3 workers for final marking
[17.057s][info][gc,ergo     ] GC(36) Collectable Garbage: 484M (95%), Immediate: 484M (95%), CSet: 0B (0%)
[17.057s][info][gc          ] GC(36) Pause Final Mark (unload classes) 0.162ms
[17.057s][info][gc,start    ] GC(36) Concurrent weak references
[17.057s][info][gc,task     ] GC(36) Using 1 of 3 workers for concurrent weak references
[17.057s][info][gc,ref      ] GC(36) Encountered references: Soft: 140, Weak: 729, Final: 0, Phantom: 64
[17.057s][info][gc,ref      ] GC(36) Discovered  references: Soft: 0, Weak: 147, Final: 0, Phantom: 37
[17.057s][info][gc,ref      ] GC(36) Enqueued    references: Soft: 0, Weak: 0, Final: 0, Phantom: 0
[17.057s][info][gc          ] GC(36) Concurrent weak references 0.071ms
[17.057s][info][gc,start    ] GC(36) Concurrent weak roots
[17.057s][info][gc,task     ] GC(36) Using 1 of 3 workers for concurrent weak root
[17.061s][info][gc          ] GC(36) Concurrent weak roots 4.081ms
[17.061s][info][gc,start    ] GC(36) Concurrent cleanup
[17.062s][info][gc          ] GC(36) Concurrent cleanup 526M->42M(2048M) 0.053ms
[17.062s][info][gc,ergo     ] GC(36) Free: 1903M, Max: 1024K regular, 1419M humongous, Frag: 26% external, 0% internal; Reserve: 103M, Max: 1024K
[17.062s][info][gc,start    ] GC(36) Concurrent class unloading
[17.062s][info][gc,task     ] GC(36) Using 1 of 3 workers for concurrent class unloading
[17.065s][info][gc          ] GC(36) Concurrent class unloading 3.019ms
[17.065s][info][gc,start    ] GC(36) Pause Final Roots
[17.065s][info][gc          ] GC(36) Pause Final Roots 0.042ms
[17.065s][info][gc,ergo     ] Free: 1900M, Max: 1024K regular, 1419M humongous, Frag: 26% external, 0% internal; Reserve: 103M, Max: 1024K
[17.065s][info][gc,stats    ] 
[17.065s][info][gc,stats    ] All times are wall-clock times, except per-root-class counters, that are sum over
[17.065s][info][gc,stats    ] all workers. Dividing the <total> over the root stage time estimates parallelism.
[17.065s][info][gc,stats    ] 
[17.065s][info][gc,stats    ] Concurrent Reset                    167 us
[17.065s][info][gc,stats    ] Pause Init Mark (G)                 195 us
[17.065s][info][gc,stats    ] Pause Init Mark (N)                 104 us
[17.065s][info][gc,stats    ]   Update Region States               29 us
[17.065s][info][gc,stats    ] Concurrent Mark Roots               466 us, parallelism: 0.88x
[17.065s][info][gc,stats    ]   CMR: <total>                      409 us
[17.065s][info][gc,stats    ]   CMR: Thread Roots                 356 us, workers (us): 356, ---, ---, 
[17.065s][info][gc,stats    ]   CMR: VM Strong Roots                5 us, workers (us):   5, ---, ---, 
[17.065s][info][gc,stats    ]   CMR: CLDG Roots                    48 us, workers (us):  48, ---, ---, 
[17.065s][info][gc,stats    ] Concurrent Marking                 4498 us
[17.065s][info][gc,stats    ] Pause Final Mark (G)                318 us
[17.065s][info][gc,stats    ] Pause Final Mark (N)                172 us
[17.065s][info][gc,stats    ]   Finish Mark                        37 us
[17.065s][info][gc,stats    ]   Update Region States               30 us
[17.065s][info][gc,stats    ]   Choose Collection Set              52 us
[17.065s][info][gc,stats    ]   Rebuild Free Set                    8 us
[17.065s][info][gc,stats    ] Concurrent Weak References           78 us, parallelism: 0.10x
[17.065s][info][gc,stats    ]   CWRF: <total>                       8 us
[17.065s][info][gc,stats    ]   CWRF: Weak References               8 us, workers (us):   8, ---, ---, 
[17.065s][info][gc,stats    ] Concurrent Weak Roots              4130 us
[17.065s][info][gc,stats    ]   Roots                            4016 us, parallelism: 0.99x
[17.065s][info][gc,stats    ]     CWR: <total>                   3983 us
[17.065s][info][gc,stats    ]     CWR: Code Cache Roots           625 us, workers (us): 625, ---, ---, 
[17.065s][info][gc,stats    ]     CWR: VM Weak Roots             3351 us, workers (us): 3351, ---, ---, 
[17.065s][info][gc,stats    ]     CWR: CLDG Roots                   7 us, workers (us):   7, ---, ---, 
[17.065s][info][gc,stats    ]   Rendezvous                         42 us
[17.065s][info][gc,stats    ] Concurrent Cleanup                   61 us
[17.065s][info][gc,stats    ] Concurrent Class Unloading         3055 us
[17.065s][info][gc,stats    ]   Unlink Stale                     2794 us
[17.065s][info][gc,stats    ]     System Dictionary                 6 us
[17.065s][info][gc,stats    ]     Weak Class Links                  0 us
[17.065s][info][gc,stats    ]     Code Roots                     2787 us
[17.065s][info][gc,stats    ]   Rendezvous                         54 us
[17.065s][info][gc,stats    ]   Purge Unlinked                    152 us
[17.065s][info][gc,stats    ]     Code Roots                      149 us
[17.065s][info][gc,stats    ]     CLDG                              3 us
[17.065s][info][gc,stats    ]     Exception Caches                  0 us
[17.065s][info][gc,stats    ] Pause Final Roots (G)               119 us
[17.065s][info][gc,stats    ] Pause Final Roots (N)                52 us
[17.065s][info][gc,stats    ] 
[17.065s][info][gc,stats    ] Allocation pacing accrued:
[17.065s][info][gc,stats    ]       0 of   456 ms (  0.0%): <total>
[17.065s][info][gc,stats    ]       0 of   456 ms (  0.0%): <average total>
[17.065s][info][gc,stats    ] 
[17.065s][info][gc,metaspace] Metaspace: 14171K(14464K)->14171K(14464K) NonClass: 12266K(12416K)->12266K(12416K) Class: 1905K(2048K)->1905K(2048K)
[17.065s][info][gc,ergo     ] Pacer for Idle. Initial: 41943K, Alloc Tax Rate: 1.0x
[17.478s][info][gc          ] Trigger: Learning 3 of 5. Free (1431M) is below initial threshold (1433M)
[17.478s][info][gc,ergo     ] Free: 1431M, Max: 1024K regular, 1419M humongous, Frag: 1% external, 0% internal; Reserve: 103M, Max: 1024K
[17.478s][info][gc,start    ] GC(37) Concurrent reset
[17.478s][info][gc,task     ] GC(37) Using 1 of 3 workers for concurrent reset
[17.478s][info][gc,ergo     ] GC(37) Pacer for Reset. Non-Taxable: 2048M
[17.479s][info][gc          ] GC(37) Concurrent reset 0.214ms
[17.479s][info][gc,start    ] GC(37) Pause Init Mark (unload classes)
[17.479s][info][gc,task     ] GC(37) Using 3 of 3 workers for init marking
[17.479s][info][gc,ergo     ] GC(37) Pacer for Mark. Expected Live: 6020K, Free: 1431M, Non-Taxable: 143M, Alloc Tax Rate: 0.0x
[17.479s][info][gc          ] GC(37) Pause Init Mark (unload classes) 0.091ms
[17.479s][info][gc,start    ] GC(37) Concurrent marking roots
[17.479s][info][gc,task     ] GC(37) Using 1 of 3 workers for concurrent marking roots
[17.479s][info][gc          ] GC(37) Concurrent marking roots 0.423ms
[17.479s][info][gc,start    ] GC(37) Concurrent marking (unload classes)
[17.479s][info][gc,task     ] GC(37) Using 1 of 3 workers for concurrent marking
[17.483s][info][gc          ] GC(37) Concurrent marking (unload classes) 3.895ms
[17.483s][info][gc,start    ] GC(37) Pause Final Mark (unload classes)
[17.483s][info][gc,task     ] GC(37) Using 3 of 3 workers for final marking
[17.483s][info][gc,ergo     ] GC(37) Collectable Garbage: 483M (94%), Immediate: 483M (94%), CSet: 0B (0%)
[17.483s][info][gc          ] GC(37) Pause Final Mark (unload classes) 0.163ms
[17.483s][info][gc,start    ] GC(37) Concurrent weak references
[17.483s][info][gc,task     ] GC(37) Using 1 of 3 workers for concurrent weak references
[17.483s][info][gc,ref      ] GC(37) Encountered references: Soft: 140, Weak: 729, Final: 0, Phantom: 64
[17.483s][info][gc,ref      ] GC(37) Discovered  references: Soft: 0, Weak: 147, Final: 0, Phantom: 37
[17.483s][info][gc,ref      ] GC(37) Enqueued    references: Soft: 0, Weak: 0, Final: 0, Phantom: 0
[17.483s][info][gc          ] GC(37) Concurrent weak references 0.073ms
[17.483s][info][gc,start    ] GC(37) Concurrent weak roots
[17.483s][info][gc,task     ] GC(37) Using 1 of 3 workers for concurrent weak root
[17.488s][info][gc          ] GC(37) Concurrent weak roots 4.058ms
[17.488s][info][gc,start    ] GC(37) Concurrent cleanup
[17.488s][info][gc          ] GC(37) Concurrent cleanup 526M->43M(2048M) 0.053ms
[17.488s][info][gc,ergo     ] GC(37) Free: 1901M, Max: 1024K regular, 1418M humongous, Frag: 26% external, 0% internal; Reserve: 103M, Max: 1024K
[17.488s][info][gc,start    ] GC(37) Concurrent class unloading
[17.488s][info][gc,task     ] GC(37) Using 1 of 3 workers for concurrent class unloading
[17.491s][info][gc          ] GC(37) Concurrent class unloading 3.058ms
[17.491s][info][gc,start    ] GC(37) Pause Final Roots
[17.491s][info][gc          ] GC(37) Pause Final Roots 0.037ms
[17.491s][info][gc,ergo     ] Free: 1897M, Max: 1024K regular, 1418M humongous, Frag: 26% external, 0% internal; Reserve: 103M, Max: 1024K
[17.491s][info][gc,stats    ] 
[17.491s][info][gc,stats    ] All times are wall-clock times, except per-root-class counters, that are sum over
[17.491s][info][gc,stats    ] all workers. Dividing the <total> over the root stage time estimates parallelism.
[17.491s][info][gc,stats    ] 
[17.491s][info][gc,stats    ] Concurrent Reset                    237 us
[17.491s][info][gc,stats    ] Pause Init Mark (G)                 221 us
[17.491s][info][gc,stats    ] Pause Init Mark (N)                  99 us
[17.491s][info][gc,stats    ]   Update Region States               25 us
[17.491s][info][gc,stats    ] Concurrent Mark Roots               437 us, parallelism: 0.85x
[17.491s][info][gc,stats    ]   CMR: <total>                      371 us
[17.491s][info][gc,stats    ]   CMR: Thread Roots                 326 us, workers (us): 326, ---, ---, 
[17.491s][info][gc,stats    ]   CMR: VM Strong Roots                6 us, workers (us):   6, ---, ---, 
[17.491s][info][gc,stats    ]   CMR: CLDG Roots                    38 us, workers (us):  38, ---, ---, 
[17.491s][info][gc,stats    ] Concurrent Marking                 3935 us
[17.491s][info][gc,stats    ] Pause Final Mark (G)                222 us
[17.491s][info][gc,stats    ] Pause Final Mark (N)                172 us
[17.491s][info][gc,stats    ]   Finish Mark                        35 us
[17.491s][info][gc,stats    ]   Update Region States               30 us
[17.491s][info][gc,stats    ]   Choose Collection Set              39 us
[17.491s][info][gc,stats    ]   Rebuild Free Set                    8 us
[17.491s][info][gc,stats    ] Concurrent Weak References           81 us, parallelism: 0.09x
[17.491s][info][gc,stats    ]   CWRF: <total>                       7 us
[17.491s][info][gc,stats    ]   CWRF: Weak References               7 us, workers (us):   7, ---, ---, 
[17.491s][info][gc,stats    ] Concurrent Weak Roots              4092 us
[17.491s][info][gc,stats    ]   Roots                            3992 us, parallelism: 0.99x
[17.491s][info][gc,stats    ]     CWR: <total>                   3964 us
[17.491s][info][gc,stats    ]     CWR: Code Cache Roots           643 us, workers (us): 643, ---, ---, 
[17.491s][info][gc,stats    ]     CWR: VM Weak Roots             3313 us, workers (us): 3313, ---, ---, 
[17.491s][info][gc,stats    ]     CWR: CLDG Roots                   8 us, workers (us):   8, ---, ---, 
[17.491s][info][gc,stats    ]   Rendezvous                         48 us
[17.491s][info][gc,stats    ] Concurrent Cleanup                   61 us
[17.491s][info][gc,stats    ] Concurrent Class Unloading         3118 us
[17.491s][info][gc,stats    ]   Unlink Stale                     2827 us
[17.491s][info][gc,stats    ]     System Dictionary                 7 us
[17.491s][info][gc,stats    ]     Weak Class Links                  0 us
[17.491s][info][gc,stats    ]     Code Roots                     2818 us
[17.491s][info][gc,stats    ]   Rendezvous                         50 us
[17.491s][info][gc,stats    ]   Purge Unlinked                    160 us
[17.491s][info][gc,stats    ]     Code Roots                      154 us
[17.491s][info][gc,stats    ]     CLDG                              6 us
[17.491s][info][gc,stats    ]     Exception Caches                  0 us
[17.491s][info][gc,stats    ] Pause Final Roots (G)               103 us
[17.491s][info][gc,stats    ] Pause Final Roots (N)                46 us
[17.491s][info][gc,stats    ] 
[17.491s][info][gc,stats    ] Allocation pacing accrued:
[17.491s][info][gc,stats    ]       0 of   426 ms (  0.0%): <total>
[17.491s][info][gc,stats    ]       0 of   426 ms (  0.0%): <average total>
[17.491s][info][gc,stats    ] 
[17.491s][info][gc,metaspace] Metaspace: 14171K(14464K)->14171K(14464K) NonClass: 12266K(12416K)->12266K(12416K) Class: 1905K(2048K)->1905K(2048K)
[17.491s][info][gc,ergo     ] Pacer for Idle. Initial: 41943K, Alloc Tax Rate: 1.0x
[17.911s][info][gc          ] Trigger: Learning 4 of 5. Free (1431M) is below initial threshold (1433M)
[17.911s][info][gc,ergo     ] Free: 1431M, Max: 1024K regular, 1418M humongous, Frag: 1% external, 0% internal; Reserve: 103M, Max: 1024K
[17.911s][info][gc,start    ] GC(38) Concurrent reset
[17.911s][info][gc,task     ] GC(38) Using 1 of 3 workers for concurrent reset
[17.911s][info][gc,ergo     ] GC(38) Pacer for Reset. Non-Taxable: 2048M
[17.912s][info][gc          ] GC(38) Concurrent reset 0.193ms
[17.912s][info][gc,start    ] GC(38) Pause Init Mark (unload classes)
[17.912s][info][gc,task     ] GC(38) Using 3 of 3 workers for init marking
[17.912s][info][gc,ergo     ] GC(38) Pacer for Mark. Expected Live: 6019K, Free: 1430M, Non-Taxable: 143M, Alloc Tax Rate: 0.0x
[17.912s][info][gc          ] GC(38) Pause Init Mark (unload classes) 0.105ms
[17.912s][info][gc,start    ] GC(38) Concurrent marking roots
[17.912s][info][gc,task     ] GC(38) Using 1 of 3 workers for concurrent marking roots
[17.912s][info][gc          ] GC(38) Concurrent marking roots 0.406ms
[17.912s][info][gc,start    ] GC(38) Concurrent marking (unload classes)
[17.912s][info][gc,task     ] GC(38) Using 1 of 3 workers for concurrent marking
[17.916s][info][gc          ] GC(38) Concurrent marking (unload classes) 4.147ms
[17.916s][info][gc,start    ] GC(38) Pause Final Mark (unload classes)
[17.916s][info][gc,task     ] GC(38) Using 3 of 3 workers for final marking
[17.917s][info][gc,ergo     ] GC(38) Collectable Garbage: 480M (94%), Immediate: 480M (94%), CSet: 0B (0%)
[17.917s][info][gc          ] GC(38) Pause Final Mark (unload classes) 0.166ms
[17.917s][info][gc,start    ] GC(38) Concurrent weak references
[17.917s][info][gc,task     ] GC(38) Using 1 of 3 workers for concurrent weak references
[17.917s][info][gc,ref      ] GC(38) Encountered references: Soft: 140, Weak: 729, Final: 0, Phantom: 64
[17.917s][info][gc,ref      ] GC(38) Discovered  references: Soft: 0, Weak: 147, Final: 0, Phantom: 37
[17.917s][info][gc,ref      ] GC(38) Enqueued    references: Soft: 0, Weak: 0, Final: 0, Phantom: 0
[17.917s][info][gc          ] GC(38) Concurrent weak references 0.058ms
[17.917s][info][gc,start    ] GC(38) Concurrent weak roots
[17.917s][info][gc,task     ] GC(38) Using 1 of 3 workers for concurrent weak root
[17.919s][info][gc          ] GC(38) Concurrent weak roots 2.054ms
[17.919s][info][gc,start    ] GC(38) Concurrent cleanup
[17.919s][info][gc          ] GC(38) Concurrent cleanup 524M->44M(2048M) 0.058ms
[17.919s][info][gc,ergo     ] GC(38) Free: 1900M, Max: 1024K regular, 1421M humongous, Frag: 26% external, 0% internal; Reserve: 103M, Max: 1024K
[17.919s][info][gc,start    ] GC(38) Concurrent class unloading
[17.919s][info][gc,task     ] GC(38) Using 1 of 3 workers for concurrent class unloading
[17.922s][info][gc          ] GC(38) Concurrent class unloading 3.094ms
[17.922s][info][gc,start    ] GC(38) Pause Final Roots
[17.922s][info][gc          ] GC(38) Pause Final Roots 0.036ms
[17.922s][info][gc,ergo     ] Free: 1898M, Max: 1024K regular, 1421M humongous, Frag: 26% external, 0% internal; Reserve: 103M, Max: 1024K
[17.922s][info][gc,stats    ] 
[17.922s][info][gc,stats    ] All times are wall-clock times, except per-root-class counters, that are sum over
[17.922s][info][gc,stats    ] all workers. Dividing the <total> over the root stage time estimates parallelism.
[17.922s][info][gc,stats    ] 
[17.922s][info][gc,stats    ] Concurrent Reset                    215 us
[17.922s][info][gc,stats    ] Pause Init Mark (G)                 235 us
[17.922s][info][gc,stats    ] Pause Init Mark (N)                 114 us
[17.922s][info][gc,stats    ]   Update Region States               28 us
[17.922s][info][gc,stats    ] Concurrent Mark Roots               419 us, parallelism: 0.85x
[17.922s][info][gc,stats    ]   CMR: <total>                      356 us
[17.922s][info][gc,stats    ]   CMR: Thread Roots                 309 us, workers (us): 309, ---, ---, 
[17.922s][info][gc,stats    ]   CMR: VM Strong Roots                5 us, workers (us):   5, ---, ---, 
[17.922s][info][gc,stats    ]   CMR: CLDG Roots                    42 us, workers (us):  42, ---, ---, 
[17.922s][info][gc,stats    ] Concurrent Marking                 4205 us
[17.922s][info][gc,stats    ] Pause Final Mark (G)                242 us
[17.922s][info][gc,stats    ] Pause Final Mark (N)                174 us
[17.922s][info][gc,stats    ]   Finish Mark                        43 us
[17.922s][info][gc,stats    ]   Update Region States               31 us
[17.922s][info][gc,stats    ]   Choose Collection Set              29 us
[17.922s][info][gc,stats    ]   Rebuild Free Set                    8 us
[17.922s][info][gc,stats    ] Concurrent Weak References           65 us, parallelism: 0.10x
[17.922s][info][gc,stats    ]   CWRF: <total>                       6 us
[17.922s][info][gc,stats    ]   CWRF: Weak References               6 us, workers (us):   6, ---, ---, 
[17.922s][info][gc,stats    ] Concurrent Weak Roots              2087 us
[17.922s][info][gc,stats    ]   Roots                            1943 us, parallelism: 0.99x
[17.922s][info][gc,stats    ]     CWR: <total>                   1918 us
[17.922s][info][gc,stats    ]     CWR: Code Cache Roots           639 us, workers (us): 639, ---, ---, 
[17.922s][info][gc,stats    ]     CWR: VM Weak Roots             1270 us, workers (us): 1270, ---, ---, 
[17.922s][info][gc,stats    ]     CWR: CLDG Roots                   8 us, workers (us):   8, ---, ---, 
[17.922s][info][gc,stats    ]   Rendezvous                         95 us
[17.922s][info][gc,stats    ] Concurrent Cleanup                   67 us
[17.922s][info][gc,stats    ] Concurrent Class Unloading         3148 us
[17.922s][info][gc,stats    ]   Unlink Stale                     2881 us
[17.922s][info][gc,stats    ]     System Dictionary                 8 us
[17.922s][info][gc,stats    ]     Weak Class Links                  0 us
[17.922s][info][gc,stats    ]     Code Roots                     2871 us
[17.922s][info][gc,stats    ]   Rendezvous                         54 us
[17.922s][info][gc,stats    ]   Purge Unlinked                    142 us
[17.922s][info][gc,stats    ]     Code Roots                      138 us
[17.922s][info][gc,stats    ]     CLDG                              3 us
[17.922s][info][gc,stats    ]     Exception Caches                  0 us
[17.922s][info][gc,stats    ] Pause Final Roots (G)               127 us
[17.922s][info][gc,stats    ] Pause Final Roots (N)                45 us
[17.923s][info][gc,stats    ] 
[17.923s][info][gc,stats    ] Allocation pacing accrued:
[17.923s][info][gc,stats    ]       0 of   431 ms (  0.0%): <total>
[17.923s][info][gc,stats    ]       0 of   431 ms (  0.0%): <average total>
[17.923s][info][gc,stats    ] 
[17.923s][info][gc,metaspace] Metaspace: 14171K(14464K)->14171K(14464K) NonClass: 12266K(12416K)->12266K(12416K) Class: 1905K(2048K)->1905K(2048K)
[17.923s][info][gc,ergo     ] Pacer for Idle. Initial: 41943K, Alloc Tax Rate: 1.0x
[18.366s][info][gc          ] Trigger: Learning 5 of 5. Free (1432M) is below initial threshold (1433M)
[18.366s][info][gc,ergo     ] Free: 1432M, Max: 1024K regular, 1421M humongous, Frag: 1% external, 0% internal; Reserve: 103M, Max: 1024K
[18.366s][info][gc,start    ] GC(39) Concurrent reset
[18.366s][info][gc,task     ] GC(39) Using 1 of 3 workers for concurrent reset
[18.366s][info][gc,ergo     ] GC(39) Pacer for Reset. Non-Taxable: 2048M
[18.366s][info][gc          ] GC(39) Concurrent reset 0.228ms
[18.366s][info][gc,start    ] GC(39) Pause Init Mark (unload classes)
[18.366s][info][gc,task     ] GC(39) Using 3 of 3 workers for init marking
[18.366s][info][gc,ergo     ] GC(39) Pacer for Mark. Expected Live: 4510K, Free: 1432M, Non-Taxable: 143M, Alloc Tax Rate: 0.0x
[18.366s][info][gc          ] GC(39) Pause Init Mark (unload classes) 0.082ms
[18.366s][info][gc,start    ] GC(39) Concurrent marking roots
[18.366s][info][gc,task     ] GC(39) Using 1 of 3 workers for concurrent marking roots
[18.367s][info][gc          ] GC(39) Concurrent marking roots 0.405ms
[18.367s][info][gc,start    ] GC(39) Concurrent marking (unload classes)
[18.367s][info][gc,task     ] GC(39) Using 1 of 3 workers for concurrent marking
[18.371s][info][gc          ] GC(39) Concurrent marking (unload classes) 3.905ms
[18.371s][info][gc,start    ] GC(39) Pause Final Mark (unload classes)
[18.371s][info][gc,task     ] GC(39) Using 3 of 3 workers for final marking
[18.371s][info][gc,ergo     ] GC(39) Collectable Garbage: 477M (93%), Immediate: 477M (93%), CSet: 0B (0%)
[18.371s][info][gc          ] GC(39) Pause Final Mark (unload classes) 0.150ms
[18.371s][info][gc,start    ] GC(39) Concurrent weak references
[18.371s][info][gc,task     ] GC(39) Using 1 of 3 workers for concurrent weak references
[18.371s][info][gc,ref      ] GC(39) Encountered references: Soft: 140, Weak: 727, Final: 0, Phantom: 64
[18.371s][info][gc,ref      ] GC(39) Discovered  references: Soft: 0, Weak: 147, Final: 0, Phantom: 37
[18.371s][info][gc,ref      ] GC(39) Enqueued    references: Soft: 0, Weak: 0, Final: 0, Phantom: 0
[18.371s][info][gc          ] GC(39) Concurrent weak references 0.085ms
[18.371s][info][gc,start    ] GC(39) Concurrent weak roots
[18.371s][info][gc,task     ] GC(39) Using 1 of 3 workers for concurrent weak root
[18.374s][info][gc          ] GC(39) Concurrent weak roots 2.974ms
[18.374s][info][gc,start    ] GC(39) Concurrent cleanup
[18.374s][info][gc          ] GC(39) Concurrent cleanup 522M->44M(2048M) 0.049ms
[18.374s][info][gc,ergo     ] GC(39) Free: 1900M, Max: 1024K regular, 1425M humongous, Frag: 25% external, 0% internal; Reserve: 103M, Max: 1024K
[18.374s][info][gc,start    ] GC(39) Concurrent class unloading
[18.374s][info][gc,task     ] GC(39) Using 1 of 3 workers for concurrent class unloading
[18.377s][info][gc          ] GC(39) Concurrent class unloading 2.933ms
[18.377s][info][gc,start    ] GC(39) Pause Final Roots
[18.377s][info][gc          ] GC(39) Pause Final Roots 0.023ms
[18.377s][info][gc,ergo     ] Free: 1899M, Max: 1024K regular, 1425M humongous, Frag: 25% external, 0% internal; Reserve: 103M, Max: 1024K
[18.377s][info][gc,stats    ] 
[18.377s][info][gc,stats    ] All times are wall-clock times, except per-root-class counters, that are sum over
[18.377s][info][gc,stats    ] all workers. Dividing the <total> over the root stage time estimates parallelism.
[18.377s][info][gc,stats    ] 
[18.377s][info][gc,stats    ] Concurrent Reset                    270 us
[18.377s][info][gc,stats    ] Pause Init Mark (G)                 151 us
[18.377s][info][gc,stats    ] Pause Init Mark (N)                  91 us
[18.377s][info][gc,stats    ]   Update Region States               24 us
[18.377s][info][gc,stats    ] Concurrent Mark Roots               419 us, parallelism: 0.85x
[18.377s][info][gc,stats    ]   CMR: <total>                      358 us
[18.377s][info][gc,stats    ]   CMR: Thread Roots                 314 us, workers (us): 314, ---, ---, 
[18.377s][info][gc,stats    ]   CMR: VM Strong Roots                5 us, workers (us):   5, ---, ---, 
[18.377s][info][gc,stats    ]   CMR: CLDG Roots                    38 us, workers (us):  38, ---, ---, 
[18.377s][info][gc,stats    ] Concurrent Marking                 3946 us
[18.377s][info][gc,stats    ] Pause Final Mark (G)                208 us
[18.377s][info][gc,stats    ] Pause Final Mark (N)                159 us
[18.377s][info][gc,stats    ]   Finish Mark                        33 us
[18.377s][info][gc,stats    ]   Update Region States               27 us
[18.377s][info][gc,stats    ]   Choose Collection Set              28 us
[18.377s][info][gc,stats    ]   Rebuild Free Set                    8 us
[18.377s][info][gc,stats    ] Concurrent Weak References           93 us, parallelism: 0.09x
[18.377s][info][gc,stats    ]   CWRF: <total>                       9 us
[18.377s][info][gc,stats    ]   CWRF: Weak References               9 us, workers (us):   9, ---, ---, 
[18.377s][info][gc,stats    ] Concurrent Weak Roots              3009 us
[18.377s][info][gc,stats    ]   Roots                            2904 us, parallelism: 0.99x
[18.377s][info][gc,stats    ]     CWR: <total>                   2878 us
[18.377s][info][gc,stats    ]     CWR: Code Cache Roots           625 us, workers (us): 625, ---, ---, 
[18.377s][info][gc,stats    ]     CWR: VM Weak Roots             2247 us, workers (us): 2247, ---, ---, 
[18.377s][info][gc,stats    ]     CWR: CLDG Roots                   6 us, workers (us):   6, ---, ---, 
[18.377s][info][gc,stats    ]   Rendezvous                         53 us
[18.377s][info][gc,stats    ] Concurrent Cleanup                   58 us
[18.377s][info][gc,stats    ] Concurrent Class Unloading         2974 us
[18.377s][info][gc,stats    ]   Unlink Stale                     2757 us
[18.377s][info][gc,stats    ]     System Dictionary                 7 us
[18.377s][info][gc,stats    ]     Weak Class Links                  0 us
[18.377s][info][gc,stats    ]     Code Roots                     2748 us
[18.377s][info][gc,stats    ]   Rendezvous                         43 us
[18.377s][info][gc,stats    ]   Purge Unlinked                    117 us
[18.377s][info][gc,stats    ]     Code Roots                      113 us
[18.377s][info][gc,stats    ]     CLDG                              3 us
[18.377s][info][gc,stats    ]     Exception Caches                  0 us
[18.377s][info][gc,stats    ] Pause Final Roots (G)                77 us
[18.377s][info][gc,stats    ] Pause Final Roots (N)                32 us
[18.377s][info][gc,stats    ] 
[18.377s][info][gc,stats    ] Allocation pacing accrued:
[18.377s][info][gc,stats    ]       0 of   455 ms (  0.0%): <total>
[18.377s][info][gc,stats    ]       0 of   455 ms (  0.0%): <average total>
[18.377s][info][gc,stats    ] 
[18.377s][info][gc,metaspace] Metaspace: 14171K(14464K)->14171K(14464K) NonClass: 12266K(12416K)->12266K(12416K) Class: 1905K(2048K)->1905K(2048K)
[18.377s][info][gc,ergo     ] Pacer for Idle. Initial: 41943K, Alloc Tax Rate: 1.0x
[18.527s][info][gc          ] Trigger: Explicit GC request (System.gc())
[18.528s][info][gc,ergo     ] Free: 1787M, Max: 1024K regular, 1425M humongous, Frag: 21% external, 0% internal; Reserve: 103M, Max: 1024K
[18.528s][info][gc,start    ] GC(40) Concurrent reset
[18.528s][info][gc,task     ] GC(40) Using 1 of 3 workers for concurrent reset
[18.528s][info][gc,ergo     ] GC(40) Pacer for Reset. Non-Taxable: 2048M
[18.528s][info][gc          ] GC(40) Concurrent reset 0.348ms
[18.528s][info][gc,start    ] GC(40) Pause Init Mark (unload classes)
[18.528s][info][gc,task     ] GC(40) Using 3 of 3 workers for init marking
[18.528s][info][gc,ref      ] GC(40) Clearing All SoftReferences
[18.528s][info][gc,ergo     ] GC(40) Pacer for Mark. Expected Live: 4510K, Free: 1787M, Non-Taxable: 178M, Alloc Tax Rate: 0.0x
[18.528s][info][gc          ] GC(40) Pause Init Mark (unload classes) 0.127ms
[18.528s][info][gc,start    ] GC(40) Concurrent marking roots
[18.528s][info][gc,task     ] GC(40) Using 1 of 3 workers for concurrent marking roots
[18.529s][info][gc          ] GC(40) Concurrent marking roots 0.458ms
[18.529s][info][gc,start    ] GC(40) Concurrent marking (unload classes)
[18.529s][info][gc,task     ] GC(40) Using 1 of 3 workers for concurrent marking
[18.533s][info][gc          ] GC(40) Concurrent marking (unload classes) 4.000ms
[18.533s][info][gc,start    ] GC(40) Pause Final Mark (unload classes)
[18.533s][info][gc,task     ] GC(40) Using 3 of 3 workers for final marking
[18.533s][info][gc,ergo     ] GC(40) Collectable Garbage: 139M (91%), Immediate: 139M (91%), CSet: 0B (0%)
[18.533s][info][gc          ] GC(40) Pause Final Mark (unload classes) 0.174ms
[18.533s][info][gc,start    ] GC(40) Concurrent weak references
[18.533s][info][gc,task     ] GC(40) Using 1 of 3 workers for concurrent weak references
[18.533s][info][gc,ref      ] GC(40) Encountered references: Soft: 140, Weak: 713, Final: 0, Phantom: 64
[18.533s][info][gc,ref      ] GC(40) Discovered  references: Soft: 88, Weak: 169, Final: 0, Phantom: 62
[18.533s][info][gc,ref      ] GC(40) Enqueued    references: Soft: 3, Weak: 0, Final: 0, Phantom: 0
[18.533s][info][gc          ] GC(40) Concurrent weak references 0.120ms
[18.533s][info][gc,start    ] GC(40) Concurrent weak roots
[18.533s][info][gc,task     ] GC(40) Using 1 of 3 workers for concurrent weak root
[18.535s][info][gc          ] GC(40) Concurrent weak roots 1.646ms
[18.535s][info][gc,start    ] GC(40) Concurrent cleanup
[18.535s][info][gc          ] GC(40) Concurrent cleanup 157M->18M(2048M) 0.028ms
[18.535s][info][gc,ergo     ] GC(40) Free: 1927M, Max: 1024K regular, 1444M humongous, Frag: 26% external, 0% internal; Reserve: 103M, Max: 1024K
[18.535s][info][gc,start    ] GC(40) Concurrent class unloading
[18.535s][info][gc,task     ] GC(40) Using 1 of 3 workers for concurrent class unloading
[18.538s][info][gc          ] GC(40) Concurrent class unloading 3.351ms
[18.538s][info][gc,start    ] GC(40) Pause Final Roots
[18.538s][info][gc          ] GC(40) Pause Final Roots 0.055ms
[18.539s][info][gc,ergo     ] Free: 1927M, Max: 1024K regular, 1444M humongous, Frag: 26% external, 0% internal; Reserve: 103M, Max: 1024K
[18.539s][info][gc,stats    ] 
[18.539s][info][gc,stats    ] All times are wall-clock times, except per-root-class counters, that are sum over
[18.539s][info][gc,stats    ] all workers. Dividing the <total> over the root stage time estimates parallelism.
[18.539s][info][gc,stats    ] 
[18.539s][info][gc,stats    ] Concurrent Reset                    375 us
[18.539s][info][gc,stats    ] Pause Init Mark (G)                 192 us
[18.539s][info][gc,stats    ] Pause Init Mark (N)                 137 us
[18.539s][info][gc,stats    ]   Update Region States               52 us
[18.539s][info][gc,stats    ] Concurrent Mark Roots               468 us, parallelism: 0.84x
[18.539s][info][gc,stats    ]   CMR: <total>                      395 us
[18.539s][info][gc,stats    ]   CMR: Thread Roots                 354 us, workers (us): 354, ---, ---, 
[18.539s][info][gc,stats    ]   CMR: VM Strong Roots                4 us, workers (us):   4, ---, ---, 
[18.539s][info][gc,stats    ]   CMR: CLDG Roots                    38 us, workers (us):  38, ---, ---, 
[18.539s][info][gc,stats    ] Concurrent Marking                 4047 us
[18.539s][info][gc,stats    ] Pause Final Mark (G)                225 us
[18.539s][info][gc,stats    ] Pause Final Mark (N)                183 us
[18.539s][info][gc,stats    ]   Finish Mark                        45 us
[18.539s][info][gc,stats    ]   Update Region States               36 us
[18.539s][info][gc,stats    ]   Choose Collection Set              36 us
[18.539s][info][gc,stats    ]   Rebuild Free Set                    8 us
[18.539s][info][gc,stats    ] Concurrent Weak References          127 us, parallelism: 0.08x
[18.539s][info][gc,stats    ]   CWRF: <total>                      10 us
[18.539s][info][gc,stats    ]   CWRF: Weak References              10 us, workers (us):  10, ---, ---, 
[18.539s][info][gc,stats    ] Concurrent Weak Roots              1669 us
[18.539s][info][gc,stats    ]   Roots                            1577 us, parallelism: 0.98x
[18.539s][info][gc,stats    ]     CWR: <total>                   1544 us
[18.539s][info][gc,stats    ]     CWR: Code Cache Roots           572 us, workers (us): 572, ---, ---, 
[18.539s][info][gc,stats    ]     CWR: VM Weak Roots              965 us, workers (us): 965, ---, ---, 
[18.539s][info][gc,stats    ]     CWR: CLDG Roots                   8 us, workers (us):   8, ---, ---, 
[18.539s][info][gc,stats    ]   Rendezvous                         49 us
[18.539s][info][gc,stats    ] Concurrent Cleanup                   37 us
[18.539s][info][gc,stats    ] Concurrent Class Unloading         3390 us
[18.539s][info][gc,stats    ]   Unlink Stale                     3150 us
[18.539s][info][gc,stats    ]     System Dictionary                 7 us
[18.539s][info][gc,stats    ]     Weak Class Links                  0 us
[18.539s][info][gc,stats    ]     Code Roots                     3141 us
[18.539s][info][gc,stats    ]   Rendezvous                         33 us
[18.539s][info][gc,stats    ]   Purge Unlinked                    149 us
[18.539s][info][gc,stats    ]     Code Roots                      145 us
[18.539s][info][gc,stats    ]     CLDG                              3 us
[18.539s][info][gc,stats    ]     Exception Caches                  0 us
[18.539s][info][gc,stats    ] Pause Final Roots (G)               114 us
[18.539s][info][gc,stats    ] Pause Final Roots (N)                73 us
[18.539s][info][gc,stats    ] 
[18.539s][info][gc,stats    ] Allocation pacing accrued:
[18.539s][info][gc,stats    ]       0 of   161 ms (  0.0%): <total>
[18.539s][info][gc,stats    ]       0 of   161 ms (  0.0%): <average total>
[18.539s][info][gc,stats    ] 
[18.539s][info][gc,metaspace] Metaspace: 14171K(14464K)->14171K(14464K) NonClass: 12266K(12416K)->12266K(12416K) Class: 1905K(2048K)->1905K(2048K)
[18.539s][info][gc,ergo     ] Pacer for Idle. Initial: 41943K, Alloc Tax Rate: 1.0x
[18.993s][info][gc          ] Trigger: Learning 2 of 5. Free (1433M) is below initial threshold (1433M)
[18.994s][info][gc,ergo     ] Free: 1433M, Max: 1024K regular, 1433M humongous, Frag: 0% external, 0% internal; Reserve: 103M, Max: 1024K
[18.994s][info][gc,start    ] GC(41) Concurrent reset
[18.994s][info][gc,task     ] GC(41) Using 1 of 3 workers for concurrent reset
[18.994s][info][gc,ergo     ] GC(41) Pacer for Reset. Non-Taxable: 2048M
[18.994s][info][gc          ] GC(41) Concurrent reset 0.178ms
[18.994s][info][gc,start    ] GC(41) Pause Init Mark (unload classes)
[18.994s][info][gc,task     ] GC(41) Using 3 of 3 workers for init marking
[18.994s][info][gc,ergo     ] GC(41) Pacer for Mark. Expected Live: 4510K, Free: 1433M, Non-Taxable: 143M, Alloc Tax Rate: 0.0x
[18.994s][info][gc          ] GC(41) Pause Init Mark (unload classes) 0.095ms
[18.994s][info][gc,start    ] GC(41) Concurrent marking roots
[18.994s][info][gc,task     ] GC(41) Using 1 of 3 workers for concurrent marking roots
[18.994s][info][gc          ] GC(41) Concurrent marking roots 0.404ms
[18.994s][info][gc,start    ] GC(41) Concurrent marking (unload classes)
[18.994s][info][gc,task     ] GC(41) Using 1 of 3 workers for concurrent marking
[18.998s][info][gc          ] GC(41) Concurrent marking (unload classes) 3.877ms
[18.998s][info][gc,start    ] GC(41) Pause Final Mark (unload classes)
[18.998s][info][gc,task     ] GC(41) Using 3 of 3 workers for final marking
[18.998s][info][gc,ergo     ] GC(41) Collectable Garbage: 480M (94%), Immediate: 480M (94%), CSet: 0B (0%)
[18.999s][info][gc          ] GC(41) Pause Final Mark (unload classes) 0.156ms
[18.999s][info][gc,start    ] GC(41) Concurrent weak references
[18.999s][info][gc,task     ] GC(41) Using 1 of 3 workers for concurrent weak references
[18.999s][info][gc,ref      ] GC(41) Encountered references: Soft: 140, Weak: 735, Final: 0, Phantom: 64
[18.999s][info][gc,ref      ] GC(41) Discovered  references: Soft: 0, Weak: 151, Final: 0, Phantom: 37
[18.999s][info][gc,ref      ] GC(41) Enqueued    references: Soft: 0, Weak: 2, Final: 0, Phantom: 0
[18.999s][info][gc          ] GC(41) Concurrent weak references 0.082ms
[18.999s][info][gc,start    ] GC(41) Concurrent weak roots
[18.999s][info][gc,task     ] GC(41) Using 1 of 3 workers for concurrent weak root
[19.002s][info][gc          ] GC(41) Concurrent weak roots 3.651ms
[19.002s][info][gc,start    ] GC(41) Concurrent cleanup
[19.002s][info][gc          ] GC(41) Concurrent cleanup 525M->45M(2048M) 0.055ms
[19.002s][info][gc,ergo     ] GC(41) Free: 1900M, Max: 1024K regular, 1420M humongous, Frag: 26% external, 0% internal; Reserve: 103M, Max: 1024K
[19.002s][info][gc,start    ] GC(41) Concurrent class unloading
[19.002s][info][gc,task     ] GC(41) Using 1 of 3 workers for concurrent class unloading
[19.005s][info][gc          ] GC(41) Concurrent class unloading 2.960ms
[19.005s][info][gc,start    ] GC(41) Pause Final Roots
[19.006s][info][gc          ] GC(41) Pause Final Roots 0.038ms
[19.006s][info][gc,ergo     ] Free: 1900M, Max: 1024K regular, 1420M humongous, Frag: 26% external, 0% internal; Reserve: 103M, Max: 1024K
[19.006s][info][gc,stats    ] 
[19.006s][info][gc,stats    ] All times are wall-clock times, except per-root-class counters, that are sum over
[19.006s][info][gc,stats    ] all workers. Dividing the <total> over the root stage time estimates parallelism.
[19.006s][info][gc,stats    ] 
[19.006s][info][gc,stats    ] Concurrent Reset                    190 us
[19.006s][info][gc,stats    ] Pause Init Mark (G)                 254 us
[19.006s][info][gc,stats    ] Pause Init Mark (N)                 104 us
[19.006s][info][gc,stats    ]   Update Region States               28 us
[19.006s][info][gc,stats    ] Concurrent Mark Roots               417 us, parallelism: 0.85x
[19.006s][info][gc,stats    ]   CMR: <total>                      355 us
[19.006s][info][gc,stats    ]   CMR: Thread Roots                 312 us, workers (us): 312, ---, ---, 
[19.006s][info][gc,stats    ]   CMR: VM Strong Roots                5 us, workers (us):   5, ---, ---, 
[19.006s][info][gc,stats    ]   CMR: CLDG Roots                    37 us, workers (us):  37, ---, ---, 
[19.006s][info][gc,stats    ] Concurrent Marking                 3923 us
[19.006s][info][gc,stats    ] Pause Final Mark (G)                255 us
[19.006s][info][gc,stats    ] Pause Final Mark (N)                165 us
[19.006s][info][gc,stats    ]   Finish Mark                        38 us
[19.006s][info][gc,stats    ]   Update Region States               31 us
[19.006s][info][gc,stats    ]   Choose Collection Set              34 us
[19.006s][info][gc,stats    ]   Rebuild Free Set                    8 us
[19.006s][info][gc,stats    ] Concurrent Weak References           90 us, parallelism: 0.08x
[19.006s][info][gc,stats    ]   CWRF: <total>                       7 us
[19.006s][info][gc,stats    ]   CWRF: Weak References               7 us, workers (us):   7, ---, ---, 
[19.006s][info][gc,stats    ] Concurrent Weak Roots              3694 us
[19.006s][info][gc,stats    ]   Roots                            3584 us, parallelism: 0.99x
[19.006s][info][gc,stats    ]     CWR: <total>                   3556 us
[19.006s][info][gc,stats    ]     CWR: Code Cache Roots           613 us, workers (us): 613, ---, ---, 
[19.006s][info][gc,stats    ]     CWR: VM Weak Roots             2937 us, workers (us): 2937, ---, ---, 
[19.006s][info][gc,stats    ]     CWR: CLDG Roots                   7 us, workers (us):   7, ---, ---, 
[19.006s][info][gc,stats    ]   Rendezvous                         49 us
[19.006s][info][gc,stats    ] Concurrent Cleanup                   64 us
[19.006s][info][gc,stats    ] Concurrent Class Unloading         3004 us
[19.006s][info][gc,stats    ]   Unlink Stale                     2779 us
[19.006s][info][gc,stats    ]     System Dictionary                 8 us
[19.006s][info][gc,stats    ]     Weak Class Links                  0 us
[19.006s][info][gc,stats    ]     Code Roots                     2770 us
[19.006s][info][gc,stats    ]   Rendezvous                         43 us
[19.006s][info][gc,stats    ]   Purge Unlinked                    119 us
[19.006s][info][gc,stats    ]     Code Roots                      116 us
[19.006s][info][gc,stats    ]     CLDG                              2 us
[19.006s][info][gc,stats    ]     Exception Caches                  0 us
[19.006s][info][gc,stats    ] Pause Final Roots (G)               104 us
[19.006s][info][gc,stats    ] Pause Final Roots (N)                47 us
[19.006s][info][gc,stats    ] 
[19.006s][info][gc,stats    ] Allocation pacing accrued:
[19.006s][info][gc,stats    ]       0 of   467 ms (  0.0%): <total>
[19.006s][info][gc,stats    ]       0 of   467 ms (  0.0%): <average total>
[19.006s][info][gc,stats    ] 
[19.006s][info][gc,metaspace] Metaspace: 14171K(14464K)->14171K(14464K) NonClass: 12266K(12416K)->12266K(12416K) Class: 1905K(2048K)->1905K(2048K)
[19.006s][info][gc,ergo     ] Pacer for Idle. Initial: 41943K, Alloc Tax Rate: 1.0x
[19.437s][info][gc          ] Trigger: Learning 3 of 5. Free (1432M) is below initial threshold (1433M)
[19.437s][info][gc,ergo     ] Free: 1432M, Max: 1024K regular, 1420M humongous, Frag: 1% external, 0% internal; Reserve: 103M, Max: 1024K
[19.437s][info][gc,start    ] GC(42) Concurrent reset
[19.437s][info][gc,task     ] GC(42) Using 1 of 3 workers for concurrent reset
[19.437s][info][gc,ergo     ] GC(42) Pacer for Reset. Non-Taxable: 2048M
[19.437s][info][gc          ] GC(42) Concurrent reset 0.245ms
[19.438s][info][gc,start    ] GC(42) Pause Init Mark (unload classes)
[19.438s][info][gc,task     ] GC(42) Using 3 of 3 workers for init marking
[19.438s][info][gc,ergo     ] GC(42) Pacer for Mark. Expected Live: 4510K, Free: 1432M, Non-Taxable: 143M, Alloc Tax Rate: 0.0x
[19.438s][info][gc          ] GC(42) Pause Init Mark (unload classes) 0.102ms
[19.438s][info][gc,start    ] GC(42) Concurrent marking roots
[19.438s][info][gc,task     ] GC(42) Using 1 of 3 workers for concurrent marking roots
[19.438s][info][gc          ] GC(42) Concurrent marking roots 0.427ms
[19.438s][info][gc,start    ] GC(42) Concurrent marking (unload classes)
[19.438s][info][gc,task     ] GC(42) Using 1 of 3 workers for concurrent marking
[19.442s][info][gc          ] GC(42) Concurrent marking (unload classes) 3.948ms
[19.442s][info][gc,start    ] GC(42) Pause Final Mark (unload classes)
[19.442s][info][gc,task     ] GC(42) Using 3 of 3 workers for final marking
[19.442s][info][gc,ergo     ] GC(42) Collectable Garbage: 478M (93%), Immediate: 478M (93%), CSet: 0B (0%)
[19.442s][info][gc          ] GC(42) Pause Final Mark (unload classes) 0.140ms
[19.442s][info][gc,start    ] GC(42) Concurrent weak references
[19.442s][info][gc,task     ] GC(42) Using 1 of 3 workers for concurrent weak references
[19.442s][info][gc,ref      ] GC(42) Encountered references: Soft: 140, Weak: 733, Final: 0, Phantom: 64
[19.442s][info][gc,ref      ] GC(42) Discovered  references: Soft: 0, Weak: 149, Final: 0, Phantom: 37
[19.442s][info][gc,ref      ] GC(42) Enqueued    references: Soft: 0, Weak: 0, Final: 0, Phantom: 0
[19.442s][info][gc          ] GC(42) Concurrent weak references 0.056ms
[19.442s][info][gc,start    ] GC(42) Concurrent weak roots
[19.442s][info][gc,task     ] GC(42) Using 1 of 3 workers for concurrent weak root
[19.447s][info][gc          ] GC(42) Concurrent weak roots 4.108ms
[19.447s][info][gc,start    ] GC(42) Concurrent cleanup
[19.447s][info][gc          ] GC(42) Concurrent cleanup 525M->47M(2048M) 0.052ms
[19.447s][info][gc,ergo     ] GC(42) Free: 1897M, Max: 1024K regular, 1419M humongous, Frag: 26% external, 0% internal; Reserve: 103M, Max: 1024K
[19.447s][info][gc,start    ] GC(42) Concurrent class unloading
[19.447s][info][gc,task     ] GC(42) Using 1 of 3 workers for concurrent class unloading
[19.450s][info][gc          ] GC(42) Concurrent class unloading 2.999ms
[19.450s][info][gc,start    ] GC(42) Pause Final Roots
[19.450s][info][gc          ] GC(42) Pause Final Roots 0.040ms
[19.450s][info][gc,ergo     ] Free: 1896M, Max: 1024K regular, 1419M humongous, Frag: 26% external, 0% internal; Reserve: 103M, Max: 1024K
[19.450s][info][gc,stats    ] 
[19.450s][info][gc,stats    ] All times are wall-clock times, except per-root-class counters, that are sum over
[19.450s][info][gc,stats    ] all workers. Dividing the <total> over the root stage time estimates parallelism.
[19.450s][info][gc,stats    ] 
[19.450s][info][gc,stats    ] Concurrent Reset                    258 us
[19.450s][info][gc,stats    ] Pause Init Mark (G)                 223 us
[19.450s][info][gc,stats    ] Pause Init Mark (N)                 110 us
[19.450s][info][gc,stats    ]   Update Region States               27 us
[19.450s][info][gc,stats    ] Concurrent Mark Roots               440 us, parallelism: 0.86x
[19.450s][info][gc,stats    ]   CMR: <total>                      378 us
[19.450s][info][gc,stats    ]   CMR: Thread Roots                 335 us, workers (us): 335, ---, ---, 
[19.450s][info][gc,stats    ]   CMR: VM Strong Roots                5 us, workers (us):   5, ---, ---, 
[19.450s][info][gc,stats    ]   CMR: CLDG Roots                    38 us, workers (us):  38, ---, ---, 
[19.450s][info][gc,stats    ] Concurrent Marking                 3995 us
[19.450s][info][gc,stats    ] Pause Final Mark (G)                220 us
[19.450s][info][gc,stats    ] Pause Final Mark (N)                149 us
[19.450s][info][gc,stats    ]   Finish Mark                        33 us
[19.450s][info][gc,stats    ]   Update Region States               29 us
[19.450s][info][gc,stats    ]   Choose Collection Set              47 us
[19.450s][info][gc,stats    ]   Rebuild Free Set                    8 us
[19.450s][info][gc,stats    ] Concurrent Weak References           63 us, parallelism: 0.09x
[19.450s][info][gc,stats    ]   CWRF: <total>                       6 us
[19.450s][info][gc,stats    ]   CWRF: Weak References               6 us, workers (us):   6, ---, ---, 
[19.450s][info][gc,stats    ] Concurrent Weak Roots              4148 us
[19.450s][info][gc,stats    ]   Roots                            4048 us, parallelism: 0.99x
[19.450s][info][gc,stats    ]     CWR: <total>                   4020 us
[19.450s][info][gc,stats    ]     CWR: Code Cache Roots           614 us, workers (us): 614, ---, ---, 
[19.450s][info][gc,stats    ]     CWR: VM Weak Roots             3399 us, workers (us): 3399, ---, ---, 
[19.450s][info][gc,stats    ]     CWR: CLDG Roots                   7 us, workers (us):   7, ---, ---, 
[19.450s][info][gc,stats    ]   Rendezvous                         45 us
[19.450s][info][gc,stats    ] Concurrent Cleanup                   61 us
[19.450s][info][gc,stats    ] Concurrent Class Unloading         3048 us
[19.450s][info][gc,stats    ]   Unlink Stale                     2811 us
[19.450s][info][gc,stats    ]     System Dictionary                 8 us
[19.450s][info][gc,stats    ]     Weak Class Links                  0 us
[19.450s][info][gc,stats    ]     Code Roots                     2801 us
[19.450s][info][gc,stats    ]   Rendezvous                         49 us
[19.450s][info][gc,stats    ]   Purge Unlinked                    119 us
[19.450s][info][gc,stats    ]     Code Roots                      116 us
[19.450s][info][gc,stats    ]     CLDG                              3 us
[19.450s][info][gc,stats    ]     Exception Caches                  0 us
[19.450s][info][gc,stats    ] Pause Final Roots (G)               118 us
[19.450s][info][gc,stats    ] Pause Final Roots (N)                49 us
[19.450s][info][gc,stats    ] 
[19.450s][info][gc,stats    ] Allocation pacing accrued:
[19.450s][info][gc,stats    ]       0 of   444 ms (  0.0%): <total>
[19.450s][info][gc,stats    ]       0 of   444 ms (  0.0%): <average total>
[19.450s][info][gc,stats    ] 
[19.450s][info][gc,metaspace] Metaspace: 14171K(14464K)->14171K(14464K) NonClass: 12266K(12416K)->12266K(12416K) Class: 1905K(2048K)->1905K(2048K)
[19.450s][info][gc,ergo     ] Pacer for Idle. Initial: 41943K, Alloc Tax Rate: 1.0x
[19.887s][info][gc          ] Trigger: Learning 4 of 5. Free (1429M) is below initial threshold (1433M)
[19.887s][info][gc,ergo     ] Free: 1429M, Max: 1024K regular, 1419M humongous, Frag: 1% external, 0% internal; Reserve: 103M, Max: 1024K
[19.888s][info][gc,start    ] GC(43) Concurrent reset
[19.888s][info][gc,task     ] GC(43) Using 1 of 3 workers for concurrent reset
[19.888s][info][gc,ergo     ] GC(43) Pacer for Reset. Non-Taxable: 2048M
[19.888s][info][gc          ] GC(43) Concurrent reset 0.238ms
[19.888s][info][gc,start    ] GC(43) Pause Init Mark (unload classes)
[19.888s][info][gc,task     ] GC(43) Using 3 of 3 workers for init marking
[19.888s][info][gc,ergo     ] GC(43) Pacer for Mark. Expected Live: 4510K, Free: 1428M, Non-Taxable: 142M, Alloc Tax Rate: 0.0x
[19.888s][info][gc          ] GC(43) Pause Init Mark (unload classes) 0.090ms
[19.888s][info][gc,start    ] GC(43) Concurrent marking roots
[19.888s][info][gc,task     ] GC(43) Using 1 of 3 workers for concurrent marking roots
[19.888s][info][gc          ] GC(43) Concurrent marking roots 0.402ms
[19.888s][info][gc,start    ] GC(43) Concurrent marking (unload classes)
[19.888s][info][gc,task     ] GC(43) Using 1 of 3 workers for concurrent marking
[19.892s][info][gc          ] GC(43) Concurrent marking (unload classes) 3.885ms
[19.892s][info][gc,start    ] GC(43) Pause Final Mark (unload classes)
[19.893s][info][gc,task     ] GC(43) Using 3 of 3 workers for final marking
[19.893s][info][gc,ergo     ] GC(43) Collectable Garbage: 478M (93%), Immediate: 478M (93%), CSet: 0B (0%)
[19.893s][info][gc          ] GC(43) Pause Final Mark (unload classes) 0.231ms
[19.893s][info][gc,start    ] GC(43) Concurrent weak references
[19.893s][info][gc,task     ] GC(43) Using 1 of 3 workers for concurrent weak references
[19.893s][info][gc,ref      ] GC(43) Encountered references: Soft: 140, Weak: 733, Final: 0, Phantom: 64
[19.893s][info][gc,ref      ] GC(43) Discovered  references: Soft: 0, Weak: 149, Final: 0, Phantom: 37
[19.893s][info][gc,ref      ] GC(43) Enqueued    references: Soft: 0, Weak: 0, Final: 0, Phantom: 0
[19.893s][info][gc          ] GC(43) Concurrent weak references 0.084ms
[19.893s][info][gc,start    ] GC(43) Concurrent weak roots
[19.893s][info][gc,task     ] GC(43) Using 1 of 3 workers for concurrent weak root
[19.895s][info][gc          ] GC(43) Concurrent weak roots 1.925ms
[19.895s][info][gc,start    ] GC(43) Concurrent cleanup
[19.895s][info][gc          ] GC(43) Concurrent cleanup 527M->48M(2048M) 0.048ms
[19.895s][info][gc,ergo     ] GC(43) Free: 1896M, Max: 1024K regular, 1417M humongous, Frag: 26% external, 0% internal; Reserve: 103M, Max: 1024K
[19.895s][info][gc,start    ] GC(43) Concurrent class unloading
[19.895s][info][gc,task     ] GC(43) Using 1 of 3 workers for concurrent class unloading
[19.898s][info][gc          ] GC(43) Concurrent class unloading 2.982ms
[19.898s][info][gc,start    ] GC(43) Pause Final Roots
[19.898s][info][gc          ] GC(43) Pause Final Roots 0.021ms
[19.898s][info][gc,ergo     ] Free: 1895M, Max: 1024K regular, 1417M humongous, Frag: 26% external, 0% internal; Reserve: 103M, Max: 1024K
[19.898s][info][gc,stats    ] 
[19.898s][info][gc,stats    ] All times are wall-clock times, except per-root-class counters, that are sum over
[19.898s][info][gc,stats    ] all workers. Dividing the <total> over the root stage time estimates parallelism.
[19.898s][info][gc,stats    ] 
[19.898s][info][gc,stats    ] Concurrent Reset                    250 us
[19.898s][info][gc,stats    ] Pause Init Mark (G)                 234 us
[19.898s][info][gc,stats    ] Pause Init Mark (N)                  98 us
[19.898s][info][gc,stats    ]   Update Region States               26 us
[19.898s][info][gc,stats    ] Concurrent Mark Roots               415 us, parallelism: 0.85x
[19.898s][info][gc,stats    ]   CMR: <total>                      354 us
[19.898s][info][gc,stats    ]   CMR: Thread Roots                 310 us, workers (us): 310, ---, ---, 
[19.898s][info][gc,stats    ]   CMR: VM Strong Roots                6 us, workers (us):   6, ---, ---, 
[19.898s][info][gc,stats    ]   CMR: CLDG Roots                    38 us, workers (us):  38, ---, ---, 
[19.898s][info][gc,stats    ] Concurrent Marking                 3987 us
[19.898s][info][gc,stats    ] Pause Final Mark (G)                307 us
[19.898s][info][gc,stats    ] Pause Final Mark (N)                240 us
[19.898s][info][gc,stats    ]   Finish Mark                        52 us
[19.898s][info][gc,stats    ]   Update Region States               54 us
[19.898s][info][gc,stats    ]   Choose Collection Set              52 us
[19.898s][info][gc,stats    ]   Rebuild Free Set                    8 us
[19.898s][info][gc,stats    ] Concurrent Weak References           93 us, parallelism: 0.08x
[19.898s][info][gc,stats    ]   CWRF: <total>                       7 us
[19.898s][info][gc,stats    ]   CWRF: Weak References               7 us, workers (us):   7, ---, ---, 
[19.898s][info][gc,stats    ] Concurrent Weak Roots              1945 us
[19.898s][info][gc,stats    ]   Roots                            1862 us, parallelism: 0.99x
[19.898s][info][gc,stats    ]     CWR: <total>                   1837 us
[19.898s][info][gc,stats    ]     CWR: Code Cache Roots           639 us, workers (us): 639, ---, ---, 
[19.898s][info][gc,stats    ]     CWR: VM Weak Roots             1191 us, workers (us): 1191, ---, ---, 
[19.898s][info][gc,stats    ]     CWR: CLDG Roots                   7 us, workers (us):   7, ---, ---, 
[19.898s][info][gc,stats    ]   Rendezvous                         47 us
[19.898s][info][gc,stats    ] Concurrent Cleanup                   56 us
[19.898s][info][gc,stats    ] Concurrent Class Unloading         3032 us
[19.898s][info][gc,stats    ]   Unlink Stale                     2788 us
[19.898s][info][gc,stats    ]     System Dictionary                 7 us
[19.898s][info][gc,stats    ]     Weak Class Links                  0 us
[19.898s][info][gc,stats    ]     Code Roots                     2779 us
[19.898s][info][gc,stats    ]   Rendezvous                         49 us
[19.898s][info][gc,stats    ]   Purge Unlinked                    127 us
[19.898s][info][gc,stats    ]     Code Roots                      122 us
[19.898s][info][gc,stats    ]     CLDG                              4 us
[19.898s][info][gc,stats    ]     Exception Caches                  0 us
[19.898s][info][gc,stats    ] Pause Final Roots (G)               108 us
[19.898s][info][gc,stats    ] Pause Final Roots (N)                30 us
[19.898s][info][gc,stats    ] 
[19.898s][info][gc,stats    ] Allocation pacing accrued:
[19.898s][info][gc,stats    ]       0 of   448 ms (  0.0%): <total>
[19.898s][info][gc,stats    ]       0 of   448 ms (  0.0%): <average total>
[19.898s][info][gc,stats    ] 
[19.898s][info][gc,metaspace] Metaspace: 14171K(14464K)->14171K(14464K) NonClass: 12266K(12416K)->12266K(12416K) Class: 1905K(2048K)->1905K(2048K)
[19.898s][info][gc,ergo     ] Pacer for Idle. Initial: 41943K, Alloc Tax Rate: 1.0x
[20.334s][info][gc          ] Trigger: Learning 5 of 5. Free (1431M) is below initial threshold (1433M)
[20.334s][info][gc,ergo     ] Free: 1431M, Max: 1024K regular, 1417M humongous, Frag: 1% external, 0% internal; Reserve: 103M, Max: 1024K
[20.334s][info][gc,start    ] GC(44) Concurrent reset
[20.334s][info][gc,task     ] GC(44) Using 1 of 3 workers for concurrent reset
[20.334s][info][gc,ergo     ] GC(44) Pacer for Reset. Non-Taxable: 2048M
[20.334s][info][gc          ] GC(44) Concurrent reset 0.259ms
[20.334s][info][gc,start    ] GC(44) Pause Init Mark (unload classes)
[20.334s][info][gc,task     ] GC(44) Using 3 of 3 workers for init marking
[20.334s][info][gc,ergo     ] GC(44) Pacer for Mark. Expected Live: 4510K, Free: 1431M, Non-Taxable: 143M, Alloc Tax Rate: 0.0x
[20.334s][info][gc          ] GC(44) Pause Init Mark (unload classes) 0.074ms
[20.334s][info][gc,start    ] GC(44) Concurrent marking roots
[20.334s][info][gc,task     ] GC(44) Using 1 of 3 workers for concurrent marking roots
[20.335s][info][gc          ] GC(44) Concurrent marking roots 0.412ms
[20.335s][info][gc,start    ] GC(44) Concurrent marking (unload classes)
[20.335s][info][gc,task     ] GC(44) Using 1 of 3 workers for concurrent marking
[20.339s][info][gc          ] GC(44) Concurrent marking (unload classes) 3.949ms
[20.339s][info][gc,start    ] GC(44) Pause Final Mark (unload classes)
[20.339s][info][gc,task     ] GC(44) Using 3 of 3 workers for final marking
[20.339s][info][gc,ergo     ] GC(44) Collectable Garbage: 475M (93%), Immediate: 475M (93%), CSet: 0B (0%)
[20.339s][info][gc          ] GC(44) Pause Final Mark (unload classes) 0.119ms
[20.339s][info][gc,start    ] GC(44) Concurrent weak references
[20.339s][info][gc,task     ] GC(44) Using 1 of 3 workers for concurrent weak references
[20.339s][info][gc,ref      ] GC(44) Encountered references: Soft: 140, Weak: 731, Final: 0, Phantom: 64
[20.339s][info][gc,ref      ] GC(44) Discovered  references: Soft: 0, Weak: 149, Final: 0, Phantom: 37
[20.339s][info][gc,ref      ] GC(44) Enqueued    references: Soft: 0, Weak: 0, Final: 0, Phantom: 0
[20.339s][info][gc          ] GC(44) Concurrent weak references 0.095ms
[20.339s][info][gc,start    ] GC(44) Concurrent weak roots
[20.339s][info][gc,task     ] GC(44) Using 1 of 3 workers for concurrent weak root
[20.342s][info][gc          ] GC(44) Concurrent weak roots 3.174ms
[20.342s][info][gc,start    ] GC(44) Concurrent cleanup
[20.342s][info][gc          ] GC(44) Concurrent cleanup 525M->49M(2048M) 0.056ms
[20.342s][info][gc,ergo     ] GC(44) Free: 1895M, Max: 1024K regular, 1426M humongous, Frag: 25% external, 0% internal; Reserve: 103M, Max: 1024K
[20.342s][info][gc,start    ] GC(44) Concurrent class unloading
[20.342s][info][gc,task     ] GC(44) Using 1 of 3 workers for concurrent class unloading
[20.345s][info][gc          ] GC(44) Concurrent class unloading 2.928ms
[20.345s][info][gc,start    ] GC(44) Pause Final Roots
[20.345s][info][gc          ] GC(44) Pause Final Roots 0.037ms
[20.345s][info][gc,ergo     ] Free: 1895M, Max: 1024K regular, 1426M humongous, Frag: 25% external, 0% internal; Reserve: 103M, Max: 1024K
[20.345s][info][gc,stats    ] 
[20.345s][info][gc,stats    ] All times are wall-clock times, except per-root-class counters, that are sum over
[20.345s][info][gc,stats    ] all workers. Dividing the <total> over the root stage time estimates parallelism.
[20.345s][info][gc,stats    ] 
[20.345s][info][gc,stats    ] Concurrent Reset                    304 us
[20.345s][info][gc,stats    ] Pause Init Mark (G)                 173 us
[20.345s][info][gc,stats    ] Pause Init Mark (N)                  82 us
[20.345s][info][gc,stats    ]   Update Region States               26 us
[20.345s][info][gc,stats    ] Concurrent Mark Roots               426 us, parallelism: 0.85x
[20.345s][info][gc,stats    ]   CMR: <total>                      360 us
[20.345s][info][gc,stats    ]   CMR: Thread Roots                 316 us, workers (us): 316, ---, ---, 
[20.345s][info][gc,stats    ]   CMR: VM Strong Roots                5 us, workers (us):   5, ---, ---, 
[20.345s][info][gc,stats    ]   CMR: CLDG Roots                    40 us, workers (us):  40, ---, ---, 
[20.345s][info][gc,stats    ] Concurrent Marking                 3999 us
[20.345s][info][gc,stats    ] Pause Final Mark (G)                186 us
[20.345s][info][gc,stats    ] Pause Final Mark (N)                127 us
[20.345s][info][gc,stats    ]   Finish Mark                        32 us
[20.345s][info][gc,stats    ]   Update Region States               26 us
[20.345s][info][gc,stats    ]   Choose Collection Set              26 us
[20.345s][info][gc,stats    ]   Rebuild Free Set                    8 us
[20.345s][info][gc,stats    ] Concurrent Weak References          104 us, parallelism: 0.08x
[20.345s][info][gc,stats    ]   CWRF: <total>                       8 us
[20.345s][info][gc,stats    ]   CWRF: Weak References               8 us, workers (us):   8, ---, ---, 
[20.345s][info][gc,stats    ] Concurrent Weak Roots              3221 us
[20.345s][info][gc,stats    ]   Roots                            3097 us, parallelism: 0.99x
[20.345s][info][gc,stats    ]     CWR: <total>                   3072 us
[20.345s][info][gc,stats    ]     CWR: Code Cache Roots           609 us, workers (us): 609, ---, ---, 
[20.345s][info][gc,stats    ]     CWR: VM Weak Roots             2455 us, workers (us): 2455, ---, ---, 
[20.345s][info][gc,stats    ]     CWR: CLDG Roots                   7 us, workers (us):   7, ---, ---, 
[20.346s][info][gc,stats    ]   Rendezvous                         59 us
[20.346s][info][gc,stats    ] Concurrent Cleanup                   65 us
[20.346s][info][gc,stats    ] Concurrent Class Unloading         2976 us
[20.346s][info][gc,stats    ]   Unlink Stale                     2736 us
[20.346s][info][gc,stats    ]     System Dictionary                 7 us
[20.346s][info][gc,stats    ]     Weak Class Links                  0 us
[20.346s][info][gc,stats    ]     Code Roots                     2727 us
[20.346s][info][gc,stats    ]   Rendezvous                         46 us
[20.346s][info][gc,stats    ]   Purge Unlinked                    127 us
[20.346s][info][gc,stats    ]     Code Roots                      123 us
[20.346s][info][gc,stats    ]     CLDG                              3 us
[20.346s][info][gc,stats    ]     Exception Caches                  0 us
[20.346s][info][gc,stats    ] Pause Final Roots (G)               109 us
[20.346s][info][gc,stats    ] Pause Final Roots (N)                45 us
[20.346s][info][gc,stats    ] 
[20.346s][info][gc,stats    ] Allocation pacing accrued:
[20.346s][info][gc,stats    ]       0 of   447 ms (  0.0%): <total>
[20.346s][info][gc,stats    ]       0 of   447 ms (  0.0%): <average total>
[20.346s][info][gc,stats    ] 
[20.346s][info][gc,metaspace] Metaspace: 14171K(14464K)->14171K(14464K) NonClass: 12266K(12416K)->12266K(12416K) Class: 1905K(2048K)->1905K(2048K)
[20.346s][info][gc,ergo     ] Pacer for Idle. Initial: 41943K, Alloc Tax Rate: 1.0x
[20.584s][info][gc          ] Trigger: Explicit GC request (System.gc())
[20.584s][info][gc,ergo     ] Free: 1727M, Max: 1024K regular, 1426M humongous, Frag: 18% external, 0% internal; Reserve: 103M, Max: 1024K
[20.584s][info][gc,start    ] GC(45) Concurrent reset
[20.584s][info][gc,task     ] GC(45) Using 1 of 3 workers for concurrent reset
[20.584s][info][gc,ergo     ] GC(45) Pacer for Reset. Non-Taxable: 2048M
[20.585s][info][gc          ] GC(45) Concurrent reset 0.495ms
[20.585s][info][gc,start    ] GC(45) Pause Init Mark (unload classes)
[20.585s][info][gc,task     ] GC(45) Using 3 of 3 workers for init marking
[20.585s][info][gc,ref      ] GC(45) Clearing All SoftReferences
[20.585s][info][gc,ergo     ] GC(45) Pacer for Mark. Expected Live: 4511K, Free: 1727M, Non-Taxable: 172M, Alloc Tax Rate: 0.0x
[20.585s][info][gc          ] GC(45) Pause Init Mark (unload classes) 0.307ms
[20.585s][info][gc,start    ] GC(45) Concurrent marking roots
[20.585s][info][gc,task     ] GC(45) Using 1 of 3 workers for concurrent marking roots
[20.586s][info][gc          ] GC(45) Concurrent marking roots 0.730ms
[20.586s][info][gc,start    ] GC(45) Concurrent marking (unload classes)
[20.586s][info][gc,task     ] GC(45) Using 1 of 3 workers for concurrent marking
[20.590s][info][gc          ] GC(45) Concurrent marking (unload classes) 4.098ms
[20.590s][info][gc,start    ] GC(45) Pause Final Mark (unload classes)
[20.590s][info][gc,task     ] GC(45) Using 3 of 3 workers for final marking
[20.590s][info][gc,ergo     ] GC(45) Collectable Garbage: 199M (93%), Immediate: 199M (93%), CSet: 0B (0%)
[20.590s][info][gc          ] GC(45) Pause Final Mark (unload classes) 0.313ms
[20.590s][info][gc,start    ] GC(45) Concurrent weak references
[20.590s][info][gc,task     ] GC(45) Using 1 of 3 workers for concurrent weak references
[20.590s][info][gc,ref      ] GC(45) Encountered references: Soft: 140, Weak: 717, Final: 0, Phantom: 64
[20.591s][info][gc,ref      ] GC(45) Discovered  references: Soft: 88, Weak: 171, Final: 0, Phantom: 62
[20.591s][info][gc,ref      ] GC(45) Enqueued    references: Soft: 3, Weak: 0, Final: 0, Phantom: 0
[20.591s][info][gc          ] GC(45) Concurrent weak references 0.131ms
[20.591s][info][gc,start    ] GC(45) Concurrent weak roots
[20.591s][info][gc,task     ] GC(45) Using 1 of 3 workers for concurrent weak root
[20.593s][info][gc          ] GC(45) Concurrent weak roots 2.416ms
[20.593s][info][gc,start    ] GC(45) Concurrent cleanup
[20.593s][info][gc          ] GC(45) Concurrent cleanup 217M->18M(2048M) 0.056ms
[20.593s][info][gc,ergo     ] GC(45) Free: 1927M, Max: 1024K regular, 1444M humongous, Frag: 26% external, 0% internal; Reserve: 103M, Max: 1024K
[20.593s][info][gc,start    ] GC(45) Concurrent class unloading
[20.593s][info][gc,task     ] GC(45) Using 1 of 3 workers for concurrent class unloading
[20.597s][info][gc          ] GC(45) Concurrent class unloading 3.469ms
[20.597s][info][gc,start    ] GC(45) Pause Final Roots
[20.597s][info][gc          ] GC(45) Pause Final Roots 0.039ms
[20.597s][info][gc,ergo     ] Free: 1927M, Max: 1024K regular, 1444M humongous, Frag: 26% external, 0% internal; Reserve: 103M, Max: 1024K
[20.597s][info][gc,stats    ] 
[20.597s][info][gc,stats    ] All times are wall-clock times, except per-root-class counters, that are sum over
[20.597s][info][gc,stats    ] all workers. Dividing the <total> over the root stage time estimates parallelism.
[20.597s][info][gc,stats    ] 
[20.597s][info][gc,stats    ] Concurrent Reset                    554 us
[20.597s][info][gc,stats    ] Pause Init Mark (G)                 425 us
[20.597s][info][gc,stats    ] Pause Init Mark (N)                 328 us
[20.597s][info][gc,stats    ]   Update Region States               98 us
[20.597s][info][gc,stats    ] Concurrent Mark Roots               739 us, parallelism: 0.86x
[20.597s][info][gc,stats    ]   CMR: <total>                      632 us
[20.597s][info][gc,stats    ]   CMR: Thread Roots                 563 us, workers (us): 563, ---, ---, 
[20.597s][info][gc,stats    ]   CMR: VM Strong Roots                6 us, workers (us):   6, ---, ---, 
[20.597s][info][gc,stats    ]   CMR: CLDG Roots                    63 us, workers (us):  63, ---, ---, 
[20.597s][info][gc,stats    ] Concurrent Marking                 4126 us
[20.597s][info][gc,stats    ] Pause Final Mark (G)                379 us
[20.597s][info][gc,stats    ] Pause Final Mark (N)                330 us
[20.597s][info][gc,stats    ]   Finish Mark                       109 us
[20.597s][info][gc,stats    ]   Update Region States               57 us
[20.597s][info][gc,stats    ]   Choose Collection Set              49 us
[20.597s][info][gc,stats    ]   Rebuild Free Set                   17 us
[20.597s][info][gc,stats    ] Concurrent Weak References          146 us, parallelism: 0.05x
[20.597s][info][gc,stats    ]   CWRF: <total>                       7 us
[20.597s][info][gc,stats    ]   CWRF: Weak References               7 us, workers (us):   7, ---, ---, 
[20.597s][info][gc,stats    ] Concurrent Weak Roots              2440 us
[20.597s][info][gc,stats    ]   Roots                            2346 us, parallelism: 0.98x
[20.597s][info][gc,stats    ]     CWR: <total>                   2296 us
[20.597s][info][gc,stats    ]     CWR: Code Cache Roots           784 us, workers (us): 784, ---, ---, 
[20.597s][info][gc,stats    ]     CWR: VM Weak Roots             1499 us, workers (us): 1499, ---, ---, 
[20.597s][info][gc,stats    ]     CWR: CLDG Roots                  13 us, workers (us):  13, ---, ---, 
[20.597s][info][gc,stats    ]   Rendezvous                         39 us
[20.597s][info][gc,stats    ] Concurrent Cleanup                   74 us
[20.597s][info][gc,stats    ] Concurrent Class Unloading         3496 us
[20.597s][info][gc,stats    ]   Unlink Stale                     3164 us
[20.597s][info][gc,stats    ]     System Dictionary                 8 us
[20.597s][info][gc,stats    ]     Weak Class Links                  0 us
[20.597s][info][gc,stats    ]     Code Roots                     3154 us
[20.597s][info][gc,stats    ]   Rendezvous                         41 us
[20.597s][info][gc,stats    ]   Purge Unlinked                    232 us
[20.597s][info][gc,stats    ]     Code Roots                      225 us
[20.597s][info][gc,stats    ]     CLDG                              6 us
[20.597s][info][gc,stats    ]     Exception Caches                  0 us
[20.597s][info][gc,stats    ] Pause Final Roots (G)               106 us
[20.597s][info][gc,stats    ] Pause Final Roots (N)                55 us
[20.597s][info][gc,stats    ] 
[20.597s][info][gc,stats    ] Allocation pacing accrued:
[20.597s][info][gc,stats    ]       0 of   252 ms (  0.0%): <total>
[20.597s][info][gc,stats    ]       0 of   252 ms (  0.0%): <average total>
[20.597s][info][gc,stats    ] 
[20.597s][info][gc,metaspace] Metaspace: 14171K(14464K)->14172K(14464K) NonClass: 12266K(12416K)->12266K(12416K) Class: 1905K(2048K)->1905K(2048K)
[20.597s][info][gc,ergo     ] Pacer for Idle. Initial: 41943K, Alloc Tax Rate: 1.0x
[21.026s][info][gc          ] Trigger: Learning 2 of 5. Free (1432M) is below initial threshold (1433M)
[21.027s][info][gc,ergo     ] Free: 1432M, Max: 1024K regular, 1432M humongous, Frag: 0% external, 0% internal; Reserve: 103M, Max: 1024K
[21.027s][info][gc,start    ] GC(46) Concurrent reset
[21.027s][info][gc,task     ] GC(46) Using 1 of 3 workers for concurrent reset
[21.027s][info][gc,ergo     ] GC(46) Pacer for Reset. Non-Taxable: 2048M
[21.027s][info][gc          ] GC(46) Concurrent reset 0.170ms
[21.027s][info][gc,start    ] GC(46) Pause Init Mark (unload classes)
[21.027s][info][gc,task     ] GC(46) Using 3 of 3 workers for init marking
[21.027s][info][gc,ergo     ] GC(46) Pacer for Mark. Expected Live: 4511K, Free: 1432M, Non-Taxable: 143M, Alloc Tax Rate: 0.0x
[21.027s][info][gc          ] GC(46) Pause Init Mark (unload classes) 0.089ms
[21.027s][info][gc,start    ] GC(46) Concurrent marking roots
[21.027s][info][gc,task     ] GC(46) Using 1 of 3 workers for concurrent marking roots
[21.027s][info][gc          ] GC(46) Concurrent marking roots 0.446ms
[21.027s][info][gc,start    ] GC(46) Concurrent marking (unload classes)
[21.027s][info][gc,task     ] GC(46) Using 1 of 3 workers for concurrent marking
[21.031s][info][gc          ] GC(46) Concurrent marking (unload classes) 4.076ms
[21.032s][info][gc,start    ] GC(46) Pause Final Mark (unload classes)
[21.032s][info][gc,task     ] GC(46) Using 3 of 3 workers for final marking
[21.032s][info][gc,ergo     ] GC(46) Collectable Garbage: 482M (94%), Immediate: 482M (94%), CSet: 0B (0%)
[21.032s][info][gc          ] GC(46) Pause Final Mark (unload classes) 0.144ms
[21.032s][info][gc,start    ] GC(46) Concurrent weak references
[21.032s][info][gc,task     ] GC(46) Using 1 of 3 workers for concurrent weak references
[21.032s][info][gc,ref      ] GC(46) Encountered references: Soft: 140, Weak: 729, Final: 0, Phantom: 64
[21.032s][info][gc,ref      ] GC(46) Discovered  references: Soft: 0, Weak: 147, Final: 0, Phantom: 37
[21.032s][info][gc,ref      ] GC(46) Enqueued    references: Soft: 0, Weak: 0, Final: 0, Phantom: 0
[21.032s][info][gc          ] GC(46) Concurrent weak references 0.072ms
[21.032s][info][gc,start    ] GC(46) Concurrent weak roots
[21.032s][info][gc,task     ] GC(46) Using 1 of 3 workers for concurrent weak root
[21.036s][info][gc          ] GC(46) Concurrent weak roots 3.919ms
[21.036s][info][gc,start    ] GC(46) Concurrent cleanup
[21.036s][info][gc          ] GC(46) Concurrent cleanup 525M->43M(2048M) 0.054ms
[21.036s][info][gc,ergo     ] GC(46) Free: 1902M, Max: 1024K regular, 1420M humongous, Frag: 26% external, 0% internal; Reserve: 103M, Max: 1024K
[21.036s][info][gc,start    ] GC(46) Concurrent class unloading
[21.036s][info][gc,task     ] GC(46) Using 1 of 3 workers for concurrent class unloading
[21.039s][info][gc          ] GC(46) Concurrent class unloading 3.039ms
[21.039s][info][gc,start    ] GC(46) Pause Final Roots
[21.039s][info][gc          ] GC(46) Pause Final Roots 0.039ms
[21.039s][info][gc,ergo     ] Free: 1899M, Max: 1024K regular, 1420M humongous, Frag: 26% external, 0% internal; Reserve: 103M, Max: 1024K
[21.039s][info][gc,stats    ] 
[21.039s][info][gc,stats    ] All times are wall-clock times, except per-root-class counters, that are sum over
[21.039s][info][gc,stats    ] all workers. Dividing the <total> over the root stage time estimates parallelism.
[21.039s][info][gc,stats    ] 
[21.039s][info][gc,stats    ] Concurrent Reset                    191 us
[21.039s][info][gc,stats    ] Pause Init Mark (G)                 218 us
[21.039s][info][gc,stats    ] Pause Init Mark (N)                  97 us
[21.039s][info][gc,stats    ]   Update Region States               25 us
[21.039s][info][gc,stats    ] Concurrent Mark Roots               459 us, parallelism: 0.85x
[21.039s][info][gc,stats    ]   CMR: <total>                      391 us
[21.039s][info][gc,stats    ]   CMR: Thread Roots                 343 us, workers (us): 343, ---, ---, 
[21.039s][info][gc,stats    ]   CMR: VM Strong Roots                4 us, workers (us):   4, ---, ---, 
[21.039s][info][gc,stats    ]   CMR: CLDG Roots                    44 us, workers (us):  44, ---, ---, 
[21.039s][info][gc,stats    ] Concurrent Marking                 4126 us
[21.039s][info][gc,stats    ] Pause Final Mark (G)                199 us
[21.039s][info][gc,stats    ] Pause Final Mark (N)                153 us
[21.039s][info][gc,stats    ]   Finish Mark                        34 us
[21.039s][info][gc,stats    ]   Update Region States               27 us
[21.039s][info][gc,stats    ]   Choose Collection Set              27 us
[21.039s][info][gc,stats    ]   Rebuild Free Set                    8 us
[21.039s][info][gc,stats    ] Concurrent Weak References           80 us, parallelism: 0.10x
[21.039s][info][gc,stats    ]   CWRF: <total>                       8 us
[21.039s][info][gc,stats    ]   CWRF: Weak References               8 us, workers (us):   8, ---, ---, 
[21.039s][info][gc,stats    ] Concurrent Weak Roots              3966 us
[21.039s][info][gc,stats    ]   Roots                            3846 us, parallelism: 0.99x
[21.039s][info][gc,stats    ]     CWR: <total>                   3821 us
[21.039s][info][gc,stats    ]     CWR: Code Cache Roots           637 us, workers (us): 637, ---, ---, 
[21.039s][info][gc,stats    ]     CWR: VM Weak Roots             3175 us, workers (us): 3175, ---, ---, 
[21.039s][info][gc,stats    ]     CWR: CLDG Roots                   9 us, workers (us):   9, ---, ---, 
[21.039s][info][gc,stats    ]   Rendezvous                         54 us
[21.039s][info][gc,stats    ] Concurrent Cleanup                   63 us
[21.039s][info][gc,stats    ] Concurrent Class Unloading         3087 us
[21.039s][info][gc,stats    ]   Unlink Stale                     2844 us
[21.039s][info][gc,stats    ]     System Dictionary                 7 us
[21.039s][info][gc,stats    ]     Weak Class Links                  0 us
[21.039s][info][gc,stats    ]     Code Roots                     2835 us
[21.039s][info][gc,stats    ]   Rendezvous                         45 us
[21.039s][info][gc,stats    ]   Purge Unlinked                    132 us
[21.039s][info][gc,stats    ]     Code Roots                      129 us
[21.039s][info][gc,stats    ]     CLDG                              2 us
[21.039s][info][gc,stats    ]     Exception Caches                  0 us
[21.039s][info][gc,stats    ] Pause Final Roots (G)                99 us
[21.039s][info][gc,stats    ] Pause Final Roots (N)                48 us
[21.039s][info][gc,stats    ] 
[21.039s][info][gc,stats    ] Allocation pacing accrued:
[21.039s][info][gc,stats    ]       0 of   442 ms (  0.0%): <total>
[21.039s][info][gc,stats    ]       0 of   442 ms (  0.0%): <average total>
[21.039s][info][gc,stats    ] 
[21.039s][info][gc,metaspace] Metaspace: 14172K(14464K)->14172K(14464K) NonClass: 12266K(12416K)->12266K(12416K) Class: 1905K(2048K)->1905K(2048K)
[21.039s][info][gc,ergo     ] Pacer for Idle. Initial: 41943K, Alloc Tax Rate: 1.0x
[21.448s][info][gc          ] Trigger: Learning 3 of 5. Free (1431M) is below initial threshold (1433M)
[21.449s][info][gc,ergo     ] Free: 1431M, Max: 1024K regular, 1420M humongous, Frag: 1% external, 0% internal; Reserve: 103M, Max: 1024K
[21.449s][info][gc,start    ] GC(47) Concurrent reset
[21.449s][info][gc,task     ] GC(47) Using 1 of 3 workers for concurrent reset
[21.449s][info][gc,ergo     ] GC(47) Pacer for Reset. Non-Taxable: 2048M
[21.449s][info][gc          ] GC(47) Concurrent reset 0.219ms
[21.449s][info][gc,start    ] GC(47) Pause Init Mark (unload classes)
[21.449s][info][gc,task     ] GC(47) Using 3 of 3 workers for init marking
[21.449s][info][gc,ergo     ] GC(47) Pacer for Mark. Expected Live: 4510K, Free: 1431M, Non-Taxable: 143M, Alloc Tax Rate: 0.0x
[21.449s][info][gc          ] GC(47) Pause Init Mark (unload classes) 0.080ms
[21.449s][info][gc,start    ] GC(47) Concurrent marking roots
[21.449s][info][gc,task     ] GC(47) Using 1 of 3 workers for concurrent marking roots
[21.449s][info][gc          ] GC(47) Concurrent marking roots 0.397ms
[21.450s][info][gc,start    ] GC(47) Concurrent marking (unload classes)
[21.450s][info][gc,task     ] GC(47) Using 1 of 3 workers for concurrent marking
[21.453s][info][gc          ] GC(47) Concurrent marking (unload classes) 3.904ms
[21.453s][info][gc,start    ] GC(47) Pause Final Mark (unload classes)
[21.454s][info][gc,task     ] GC(47) Using 3 of 3 workers for final marking
[21.454s][info][gc,ergo     ] GC(47) Collectable Garbage: 481M (94%), Immediate: 481M (94%), CSet: 0B (0%)
[21.454s][info][gc          ] GC(47) Pause Final Mark (unload classes) 0.152ms
[21.454s][info][gc,start    ] GC(47) Concurrent weak references
[21.454s][info][gc,task     ] GC(47) Using 1 of 3 workers for concurrent weak references
[21.454s][info][gc,ref      ] GC(47) Encountered references: Soft: 140, Weak: 729, Final: 0, Phantom: 64
[21.454s][info][gc,ref      ] GC(47) Discovered  references: Soft: 0, Weak: 147, Final: 0, Phantom: 37
[21.454s][info][gc,ref      ] GC(47) Enqueued    references: Soft: 0, Weak: 0, Final: 0, Phantom: 0
[21.454s][info][gc          ] GC(47) Concurrent weak references 0.082ms
[21.454s][info][gc,start    ] GC(47) Concurrent weak roots
[21.454s][info][gc,task     ] GC(47) Using 1 of 3 workers for concurrent weak root
[21.458s][info][gc          ] GC(47) Concurrent weak roots 4.258ms
[21.458s][info][gc,start    ] GC(47) Concurrent cleanup
[21.458s][info][gc          ] GC(47) Concurrent cleanup 526M->45M(2048M) 0.054ms
[21.458s][info][gc,ergo     ] GC(47) Free: 1899M, Max: 1024K regular, 1418M humongous, Frag: 26% external, 0% internal; Reserve: 103M, Max: 1024K
[21.458s][info][gc,start    ] GC(47) Concurrent class unloading
[21.458s][info][gc,task     ] GC(47) Using 1 of 3 workers for concurrent class unloading
[21.461s][info][gc          ] GC(47) Concurrent class unloading 3.018ms
[21.461s][info][gc,start    ] GC(47) Pause Final Roots
[21.461s][info][gc          ] GC(47) Pause Final Roots 0.038ms
[21.461s][info][gc,ergo     ] Free: 1895M, Max: 1024K regular, 1418M humongous, Frag: 26% external, 0% internal; Reserve: 103M, Max: 1024K
[21.461s][info][gc,stats    ] 
[21.461s][info][gc,stats    ] All times are wall-clock times, except per-root-class counters, that are sum over
[21.461s][info][gc,stats    ] all workers. Dividing the <total> over the root stage time estimates parallelism.
[21.461s][info][gc,stats    ] 
[21.461s][info][gc,stats    ] Concurrent Reset                    261 us
[21.461s][info][gc,stats    ] Pause Init Mark (G)                 255 us
[21.461s][info][gc,stats    ] Pause Init Mark (N)                  89 us
[21.461s][info][gc,stats    ]   Update Region States               24 us
[21.461s][info][gc,stats    ] Concurrent Mark Roots               411 us, parallelism: 0.84x
[21.461s][info][gc,stats    ]   CMR: <total>                      346 us
[21.461s][info][gc,stats    ]   CMR: Thread Roots                 305 us, workers (us): 305, ---, ---, 
[21.461s][info][gc,stats    ]   CMR: VM Strong Roots                5 us, workers (us):   5, ---, ---, 
[21.461s][info][gc,stats    ]   CMR: CLDG Roots                    35 us, workers (us):  35, ---, ---, 
[21.461s][info][gc,stats    ] Concurrent Marking                 3956 us
[21.461s][info][gc,stats    ] Pause Final Mark (G)                211 us
[21.461s][info][gc,stats    ] Pause Final Mark (N)                160 us
[21.461s][info][gc,stats    ]   Finish Mark                        36 us
[21.461s][info][gc,stats    ]   Update Region States               29 us
[21.461s][info][gc,stats    ]   Choose Collection Set              27 us
[21.462s][info][gc,stats    ]   Rebuild Free Set                    8 us
[21.462s][info][gc,stats    ] Concurrent Weak References           90 us, parallelism: 0.08x
[21.462s][info][gc,stats    ]   CWRF: <total>                       8 us
[21.462s][info][gc,stats    ]   CWRF: Weak References               8 us, workers (us):   8, ---, ---, 
[21.462s][info][gc,stats    ] Concurrent Weak Roots              4297 us
[21.462s][info][gc,stats    ]   Roots                            4180 us, parallelism: 0.99x
[21.462s][info][gc,stats    ]     CWR: <total>                   4152 us
[21.462s][info][gc,stats    ]     CWR: Code Cache Roots           646 us, workers (us): 646, ---, ---, 
[21.462s][info][gc,stats    ]     CWR: VM Weak Roots             3499 us, workers (us): 3499, ---, ---, 
[21.462s][info][gc,stats    ]     CWR: CLDG Roots                   7 us, workers (us):   7, ---, ---, 
[21.462s][info][gc,stats    ]   Rendezvous                         59 us
[21.462s][info][gc,stats    ] Concurrent Cleanup                   63 us
[21.462s][info][gc,stats    ] Concurrent Class Unloading         3064 us
[21.462s][info][gc,stats    ]   Unlink Stale                     2807 us
[21.462s][info][gc,stats    ]     System Dictionary                10 us
[21.462s][info][gc,stats    ]     Weak Class Links                  0 us
[21.462s][info][gc,stats    ]     Code Roots                     2795 us
[21.462s][info][gc,stats    ]   Rendezvous                         53 us
[21.462s][info][gc,stats    ]   Purge Unlinked                    139 us
[21.462s][info][gc,stats    ]     Code Roots                      134 us
[21.462s][info][gc,stats    ]     CLDG                              5 us
[21.462s][info][gc,stats    ]     Exception Caches                  0 us
[21.462s][info][gc,stats    ] Pause Final Roots (G)                98 us
[21.462s][info][gc,stats    ] Pause Final Roots (N)                46 us
[21.462s][info][gc,stats    ] 
[21.462s][info][gc,stats    ] Allocation pacing accrued:
[21.462s][info][gc,stats    ]       0 of   422 ms (  0.0%): <total>
[21.462s][info][gc,stats    ]       0 of   422 ms (  0.0%): <average total>
[21.462s][info][gc,stats    ] 
[21.462s][info][gc,metaspace] Metaspace: 14172K(14464K)->14172K(14464K) NonClass: 12266K(12416K)->12266K(12416K) Class: 1905K(2048K)->1905K(2048K)
[21.462s][info][gc,ergo     ] Pacer for Idle. Initial: 41943K, Alloc Tax Rate: 1.0x
[21.879s][info][gc          ] Trigger: Learning 4 of 5. Free (1431M) is below initial threshold (1433M)
[21.879s][info][gc,ergo     ] Free: 1431M, Max: 1024K regular, 1418M humongous, Frag: 1% external, 0% internal; Reserve: 103M, Max: 1024K
[21.879s][info][gc,start    ] GC(48) Concurrent reset
[21.879s][info][gc,task     ] GC(48) Using 1 of 3 workers for concurrent reset
[21.879s][info][gc,ergo     ] GC(48) Pacer for Reset. Non-Taxable: 2048M
[21.879s][info][gc          ] GC(48) Concurrent reset 0.219ms
[21.880s][info][gc,start    ] GC(48) Pause Init Mark (unload classes)
[21.880s][info][gc,task     ] GC(48) Using 3 of 3 workers for init marking
[21.880s][info][gc,ergo     ] GC(48) Pacer for Mark. Expected Live: 4510K, Free: 1431M, Non-Taxable: 143M, Alloc Tax Rate: 0.0x
[21.880s][info][gc          ] GC(48) Pause Init Mark (unload classes) 0.091ms
[21.880s][info][gc,start    ] GC(48) Concurrent marking roots
[21.880s][info][gc,task     ] GC(48) Using 1 of 3 workers for concurrent marking roots
[21.880s][info][gc          ] GC(48) Concurrent marking roots 0.395ms
[21.880s][info][gc,start    ] GC(48) Concurrent marking (unload classes)
[21.880s][info][gc,task     ] GC(48) Using 1 of 3 workers for concurrent marking
[21.884s][info][gc          ] GC(48) Concurrent marking (unload classes) 3.937ms
[21.884s][info][gc,start    ] GC(48) Pause Final Mark (unload classes)
[21.884s][info][gc,task     ] GC(48) Using 3 of 3 workers for final marking
[21.884s][info][gc,ergo     ] GC(48) Collectable Garbage: 478M (94%), Immediate: 478M (94%), CSet: 0B (0%)
[21.884s][info][gc          ] GC(48) Pause Final Mark (unload classes) 0.138ms
[21.884s][info][gc,start    ] GC(48) Concurrent weak references
[21.884s][info][gc,task     ] GC(48) Using 1 of 3 workers for concurrent weak references
[21.884s][info][gc,ref      ] GC(48) Encountered references: Soft: 140, Weak: 729, Final: 0, Phantom: 64
[21.884s][info][gc,ref      ] GC(48) Discovered  references: Soft: 0, Weak: 147, Final: 0, Phantom: 37
[21.884s][info][gc,ref      ] GC(48) Enqueued    references: Soft: 0, Weak: 0, Final: 0, Phantom: 0
[21.884s][info][gc          ] GC(48) Concurrent weak references 0.054ms
[21.884s][info][gc,start    ] GC(48) Concurrent weak roots
[21.884s][info][gc,task     ] GC(48) Using 1 of 3 workers for concurrent weak root
[21.887s][info][gc          ] GC(48) Concurrent weak roots 2.359ms
[21.887s][info][gc,start    ] GC(48) Concurrent cleanup
[21.887s][info][gc          ] GC(48) Concurrent cleanup 525M->46M(2048M) 0.055ms
[21.887s][info][gc,ergo     ] GC(48) Free: 1898M, Max: 1024K regular, 1421M humongous, Frag: 26% external, 0% internal; Reserve: 103M, Max: 1024K
[21.887s][info][gc,start    ] GC(48) Concurrent class unloading
[21.887s][info][gc,task     ] GC(48) Using 1 of 3 workers for concurrent class unloading
[21.890s][info][gc          ] GC(48) Concurrent class unloading 3.018ms
[21.890s][info][gc,start    ] GC(48) Pause Final Roots
[21.890s][info][gc          ] GC(48) Pause Final Roots 0.019ms
[21.890s][info][gc,ergo     ] Free: 1898M, Max: 1024K regular, 1421M humongous, Frag: 26% external, 0% internal; Reserve: 103M, Max: 1024K
[21.890s][info][gc,stats    ] 
[21.890s][info][gc,stats    ] All times are wall-clock times, except per-root-class counters, that are sum over
[21.890s][info][gc,stats    ] all workers. Dividing the <total> over the root stage time estimates parallelism.
[21.890s][info][gc,stats    ] 
[21.890s][info][gc,stats    ] Concurrent Reset                    232 us
[21.890s][info][gc,stats    ] Pause Init Mark (G)                 246 us
[21.890s][info][gc,stats    ] Pause Init Mark (N)                  99 us
[21.890s][info][gc,stats    ]   Update Region States               25 us
[21.890s][info][gc,stats    ] Concurrent Mark Roots               408 us, parallelism: 0.86x
[21.890s][info][gc,stats    ]   CMR: <total>                      351 us
[21.890s][info][gc,stats    ]   CMR: Thread Roots                 308 us, workers (us): 308, ---, ---, 
[21.890s][info][gc,stats    ]   CMR: VM Strong Roots                4 us, workers (us):   4, ---, ---, 
[21.890s][info][gc,stats    ]   CMR: CLDG Roots                    39 us, workers (us):  39, ---, ---, 
[21.890s][info][gc,stats    ] Concurrent Marking                 3987 us
[21.890s][info][gc,stats    ] Pause Final Mark (G)                236 us
[21.890s][info][gc,stats    ] Pause Final Mark (N)                147 us
[21.890s][info][gc,stats    ]   Finish Mark                        31 us
[21.890s][info][gc,stats    ]   Update Region States               27 us
[21.890s][info][gc,stats    ]   Choose Collection Set              49 us
[21.890s][info][gc,stats    ]   Rebuild Free Set                    8 us
[21.890s][info][gc,stats    ] Concurrent Weak References           61 us, parallelism: 0.10x
[21.890s][info][gc,stats    ]   CWRF: <total>                       6 us
[21.890s][info][gc,stats    ]   CWRF: Weak References               6 us, workers (us):   6, ---, ---, 
[21.890s][info][gc,stats    ] Concurrent Weak Roots              2389 us
[21.890s][info][gc,stats    ]   Roots                            2294 us, parallelism: 0.99x
[21.890s][info][gc,stats    ]     CWR: <total>                   2270 us
[21.890s][info][gc,stats    ]     CWR: Code Cache Roots           630 us, workers (us): 630, ---, ---, 
[21.890s][info][gc,stats    ]     CWR: VM Weak Roots             1632 us, workers (us): 1632, ---, ---, 
[21.890s][info][gc,stats    ]     CWR: CLDG Roots                   7 us, workers (us):   7, ---, ---, 
[21.890s][info][gc,stats    ]   Rendezvous                         49 us
[21.890s][info][gc,stats    ] Concurrent Cleanup                   64 us
[21.890s][info][gc,stats    ] Concurrent Class Unloading         3069 us
[21.890s][info][gc,stats    ]   Unlink Stale                     2834 us
[21.890s][info][gc,stats    ]     System Dictionary                 8 us
[21.890s][info][gc,stats    ]     Weak Class Links                  0 us
[21.890s][info][gc,stats    ]     Code Roots                     2825 us
[21.890s][info][gc,stats    ]   Rendezvous                         41 us
[21.890s][info][gc,stats    ]   Purge Unlinked                    125 us
[21.890s][info][gc,stats    ]     Code Roots                      121 us
[21.890s][info][gc,stats    ]     CLDG                              4 us
[21.890s][info][gc,stats    ]     Exception Caches                  0 us
[21.890s][info][gc,stats    ] Pause Final Roots (G)               102 us
[21.890s][info][gc,stats    ] Pause Final Roots (N)                27 us
[21.890s][info][gc,stats    ] 
[21.890s][info][gc,stats    ] Allocation pacing accrued:
[21.890s][info][gc,stats    ]       0 of   429 ms (  0.0%): <total>
[21.890s][info][gc,stats    ]       0 of   429 ms (  0.0%): <average total>
[21.890s][info][gc,stats    ] 
[21.890s][info][gc,metaspace] Metaspace: 14172K(14464K)->14172K(14464K) NonClass: 12266K(12416K)->12266K(12416K) Class: 1905K(2048K)->1905K(2048K)
[21.890s][info][gc,ergo     ] Pacer for Idle. Initial: 41943K, Alloc Tax Rate: 1.0x
[22.303s][info][gc          ] Trigger: Learning 5 of 5. Free (1433M) is below initial threshold (1433M)
[22.303s][info][gc,ergo     ] Free: 1433M, Max: 1024K regular, 1421M humongous, Frag: 1% external, 0% internal; Reserve: 103M, Max: 1024K
[22.303s][info][gc,start    ] GC(49) Concurrent reset
[22.303s][info][gc,task     ] GC(49) Using 1 of 3 workers for concurrent reset
[22.303s][info][gc,ergo     ] GC(49) Pacer for Reset. Non-Taxable: 2048M
[22.304s][info][gc          ] GC(49) Concurrent reset 0.245ms
[22.304s][info][gc,start    ] GC(49) Pause Init Mark (unload classes)
[22.304s][info][gc,task     ] GC(49) Using 3 of 3 workers for init marking
[22.304s][info][gc,ergo     ] GC(49) Pacer for Mark. Expected Live: 4510K, Free: 1432M, Non-Taxable: 143M, Alloc Tax Rate: 0.0x
[22.304s][info][gc          ] GC(49) Pause Init Mark (unload classes) 0.092ms
[22.304s][info][gc,start    ] GC(49) Concurrent marking roots
[22.304s][info][gc,task     ] GC(49) Using 1 of 3 workers for concurrent marking roots
[22.304s][info][gc          ] GC(49) Concurrent marking roots 0.450ms
[22.304s][info][gc,start    ] GC(49) Concurrent marking (unload classes)
[22.304s][info][gc,task     ] GC(49) Using 1 of 3 workers for concurrent marking
[22.308s][info][gc          ] GC(49) Concurrent marking (unload classes) 3.934ms
[22.308s][info][gc,start    ] GC(49) Pause Final Mark (unload classes)
[22.308s][info][gc,task     ] GC(49) Using 3 of 3 workers for final marking
[22.308s][info][gc,ergo     ] GC(49) Collectable Garbage: 476M (93%), Immediate: 476M (93%), CSet: 0B (0%)
[22.308s][info][gc          ] GC(49) Pause Final Mark (unload classes) 0.123ms
[22.308s][info][gc,start    ] GC(49) Concurrent weak references
[22.308s][info][gc,task     ] GC(49) Using 1 of 3 workers for concurrent weak references
[22.309s][info][gc,ref      ] GC(49) Encountered references: Soft: 140, Weak: 727, Final: 0, Phantom: 64
[22.309s][info][gc,ref      ] GC(49) Discovered  references: Soft: 0, Weak: 147, Final: 0, Phantom: 37
[22.309s][info][gc,ref      ] GC(49) Enqueued    references: Soft: 0, Weak: 0, Final: 0, Phantom: 0
[22.309s][info][gc          ] GC(49) Concurrent weak references 0.089ms
[22.309s][info][gc,start    ] GC(49) Concurrent weak roots
[22.309s][info][gc,task     ] GC(49) Using 1 of 3 workers for concurrent weak root
[22.312s][info][gc          ] GC(49) Concurrent weak roots 3.047ms
[22.312s][info][gc,start    ] GC(49) Concurrent cleanup
[22.312s][info][gc          ] GC(49) Concurrent cleanup 523M->46M(2048M) 0.050ms
[22.312s][info][gc,ergo     ] GC(49) Free: 1898M, Max: 1024K regular, 1437M humongous, Frag: 25% external, 0% internal; Reserve: 103M, Max: 1024K
[22.312s][info][gc,start    ] GC(49) Concurrent class unloading
[22.312s][info][gc,task     ] GC(49) Using 1 of 3 workers for concurrent class unloading
[22.315s][info][gc          ] GC(49) Concurrent class unloading 2.992ms
[22.315s][info][gc,start    ] GC(49) Pause Final Roots
[22.315s][info][gc          ] GC(49) Pause Final Roots 0.037ms
[22.315s][info][gc,ergo     ] Free: 1895M, Max: 1024K regular, 1437M humongous, Frag: 25% external, 0% internal; Reserve: 103M, Max: 1024K
[22.315s][info][gc,stats    ] 
[22.315s][info][gc,stats    ] All times are wall-clock times, except per-root-class counters, that are sum over
[22.315s][info][gc,stats    ] all workers. Dividing the <total> over the root stage time estimates parallelism.
[22.315s][info][gc,stats    ] 
[22.315s][info][gc,stats    ] Concurrent Reset                    257 us
[22.315s][info][gc,stats    ] Pause Init Mark (G)                 180 us
[22.315s][info][gc,stats    ] Pause Init Mark (N)                 100 us
[22.315s][info][gc,stats    ]   Update Region States               26 us
[22.315s][info][gc,stats    ] Concurrent Mark Roots               469 us, parallelism: 0.85x
[22.315s][info][gc,stats    ]   CMR: <total>                      400 us
[22.315s][info][gc,stats    ]   CMR: Thread Roots                 351 us, workers (us): 351, ---, ---, 
[22.315s][info][gc,stats    ]   CMR: VM Strong Roots                5 us, workers (us):   5, ---, ---, 
[22.315s][info][gc,stats    ]   CMR: CLDG Roots                    44 us, workers (us):  44, ---, ---, 
[22.315s][info][gc,stats    ] Concurrent Marking                 3984 us
[22.315s][info][gc,stats    ] Pause Final Mark (G)                183 us
[22.315s][info][gc,stats    ] Pause Final Mark (N)                131 us
[22.315s][info][gc,stats    ]   Finish Mark                        33 us
[22.315s][info][gc,stats    ]   Update Region States               26 us
[22.315s][info][gc,stats    ]   Choose Collection Set              26 us
[22.315s][info][gc,stats    ]   Rebuild Free Set                    8 us
[22.315s][info][gc,stats    ] Concurrent Weak References           97 us, parallelism: 0.09x
[22.315s][info][gc,stats    ]   CWRF: <total>                       9 us
[22.315s][info][gc,stats    ]   CWRF: Weak References               9 us, workers (us):   9, ---, ---, 
[22.315s][info][gc,stats    ] Concurrent Weak Roots              3074 us
[22.315s][info][gc,stats    ]   Roots                            2963 us, parallelism: 0.99x
[22.315s][info][gc,stats    ]     CWR: <total>                   2934 us
[22.315s][info][gc,stats    ]     CWR: Code Cache Roots           625 us, workers (us): 625, ---, ---, 
[22.315s][info][gc,stats    ]     CWR: VM Weak Roots             2302 us, workers (us): 2302, ---, ---, 
[22.315s][info][gc,stats    ]     CWR: CLDG Roots                   7 us, workers (us):   7, ---, ---, 
[22.315s][info][gc,stats    ]   Rendezvous                         68 us
[22.315s][info][gc,stats    ] Concurrent Cleanup                   58 us
[22.315s][info][gc,stats    ] Concurrent Class Unloading         3040 us
[22.315s][info][gc,stats    ]   Unlink Stale                     2771 us
[22.315s][info][gc,stats    ]     System Dictionary                 8 us
[22.315s][info][gc,stats    ]     Weak Class Links                  0 us
[22.315s][info][gc,stats    ]     Code Roots                     2762 us
[22.315s][info][gc,stats    ]   Rendezvous                         52 us
[22.315s][info][gc,stats    ]   Purge Unlinked                    150 us
[22.315s][info][gc,stats    ]     Code Roots                      146 us
[22.315s][info][gc,stats    ]     CLDG                              3 us
[22.315s][info][gc,stats    ]     Exception Caches                  0 us
[22.315s][info][gc,stats    ] Pause Final Roots (G)                94 us
[22.315s][info][gc,stats    ] Pause Final Roots (N)                45 us
[22.315s][info][gc,stats    ] 
[22.315s][info][gc,stats    ] Allocation pacing accrued:
[22.315s][info][gc,stats    ]       0 of   425 ms (  0.0%): <total>
[22.315s][info][gc,stats    ]       0 of   425 ms (  0.0%): <average total>
[22.315s][info][gc,stats    ] 
[22.315s][info][gc,metaspace] Metaspace: 14172K(14464K)->14172K(14464K) NonClass: 12266K(12416K)->12266K(12416K) Class: 1905K(2048K)->1905K(2048K)
[22.315s][info][gc,ergo     ] Pacer for Idle. Initial: 41943K, Alloc Tax Rate: 1.0x
[22.534s][info][gc          ] Trigger: Explicit GC request (System.gc())
[22.534s][info][gc,ergo     ] Free: 1732M, Max: 1024K regular, 1437M humongous, Frag: 18% external, 0% internal; Reserve: 103M, Max: 1024K
[22.534s][info][gc,start    ] GC(50) Concurrent reset
[22.534s][info][gc,task     ] GC(50) Using 1 of 3 workers for concurrent reset
[22.534s][info][gc,ergo     ] GC(50) Pacer for Reset. Non-Taxable: 2048M
[22.534s][info][gc          ] GC(50) Concurrent reset 0.464ms
[22.535s][info][gc,start    ] GC(50) Pause Init Mark (unload classes)
[22.535s][info][gc,task     ] GC(50) Using 3 of 3 workers for init marking
[22.535s][info][gc,ref      ] GC(50) Clearing All SoftReferences
[22.535s][info][gc,ergo     ] GC(50) Pacer for Mark. Expected Live: 4509K, Free: 1732M, Non-Taxable: 173M, Alloc Tax Rate: 0.0x
[22.535s][info][gc          ] GC(50) Pause Init Mark (unload classes) 0.285ms
[22.535s][info][gc,start    ] GC(50) Concurrent marking roots
[22.535s][info][gc,task     ] GC(50) Using 1 of 3 workers for concurrent marking roots
[22.535s][info][gc          ] GC(50) Concurrent marking roots 0.486ms
[22.535s][info][gc,start    ] GC(50) Concurrent marking (unload classes)
[22.535s][info][gc,task     ] GC(50) Using 1 of 3 workers for concurrent marking
[22.540s][info][gc          ] GC(50) Concurrent marking (unload classes) 4.627ms
[22.540s][info][gc,start    ] GC(50) Pause Final Mark (unload classes)
[22.540s][info][gc,task     ] GC(50) Using 3 of 3 workers for final marking
[22.540s][info][gc,ergo     ] GC(50) Collectable Garbage: 195M (93%), Immediate: 195M (93%), CSet: 0B (0%)
[22.540s][info][gc          ] GC(50) Pause Final Mark (unload classes) 0.233ms
[22.540s][info][gc,start    ] GC(50) Concurrent weak references
[22.540s][info][gc,task     ] GC(50) Using 1 of 3 workers for concurrent weak references
[22.540s][info][gc,ref      ] GC(50) Encountered references: Soft: 140, Weak: 713, Final: 0, Phantom: 64
[22.540s][info][gc,ref      ] GC(50) Discovered  references: Soft: 88, Weak: 169, Final: 0, Phantom: 62
[22.540s][info][gc,ref      ] GC(50) Enqueued    references: Soft: 3, Weak: 0, Final: 0, Phantom: 0
[22.541s][info][gc          ] GC(50) Concurrent weak references 0.087ms
[22.541s][info][gc,start    ] GC(50) Concurrent weak roots
[22.541s][info][gc,task     ] GC(50) Using 1 of 3 workers for concurrent weak root
[22.543s][info][gc          ] GC(50) Concurrent weak roots 2.407ms
[22.543s][info][gc,start    ] GC(50) Concurrent cleanup
[22.543s][info][gc          ] GC(50) Concurrent cleanup 212M->17M(2048M) 0.064ms
[22.543s][info][gc,ergo     ] GC(50) Free: 1928M, Max: 1024K regular, 1444M humongous, Frag: 26% external, 0% internal; Reserve: 103M, Max: 1024K
[22.543s][info][gc,start    ] GC(50) Concurrent class unloading
[22.543s][info][gc,task     ] GC(50) Using 1 of 3 workers for concurrent class unloading
[22.547s][info][gc          ] GC(50) Concurrent class unloading 3.595ms
[22.547s][info][gc,start    ] GC(50) Pause Final Roots
[22.547s][info][gc          ] GC(50) Pause Final Roots 0.068ms
[22.547s][info][gc,ergo     ] Free: 1928M, Max: 1024K regular, 1444M humongous, Frag: 26% external, 0% internal; Reserve: 103M, Max: 1024K
[22.547s][info][gc,stats    ] 
[22.547s][info][gc,stats    ] All times are wall-clock times, except per-root-class counters, that are sum over
[22.547s][info][gc,stats    ] all workers. Dividing the <total> over the root stage time estimates parallelism.
[22.547s][info][gc,stats    ] 
[22.547s][info][gc,stats    ] Concurrent Reset                    523 us
[22.547s][info][gc,stats    ] Pause Init Mark (G)                 440 us
[22.547s][info][gc,stats    ] Pause Init Mark (N)                 303 us
[22.547s][info][gc,stats    ]   Update Region States               96 us
[22.547s][info][gc,stats    ] Concurrent Mark Roots               504 us, parallelism: 0.80x
[22.547s][info][gc,stats    ]   CMR: <total>                      401 us
[22.547s][info][gc,stats    ]   CMR: Thread Roots                 344 us, workers (us): 344, ---, ---, 
[22.547s][info][gc,stats    ]   CMR: VM Strong Roots                6 us, workers (us):   6, ---, ---, 
[22.547s][info][gc,stats    ]   CMR: CLDG Roots                    51 us, workers (us):  51, ---, ---, 
[22.547s][info][gc,stats    ] Concurrent Marking                 4679 us
[22.547s][info][gc,stats    ] Pause Final Mark (G)                302 us
[22.547s][info][gc,stats    ] Pause Final Mark (N)                243 us
[22.547s][info][gc,stats    ]   Finish Mark                        71 us
[22.547s][info][gc,stats    ]   Update Region States               57 us
[22.547s][info][gc,stats    ]   Choose Collection Set              43 us
[22.547s][info][gc,stats    ]   Rebuild Free Set                    8 us
[22.547s][info][gc,stats    ] Concurrent Weak References           95 us, parallelism: 0.11x
[22.547s][info][gc,stats    ]   CWRF: <total>                      11 us
[22.547s][info][gc,stats    ]   CWRF: Weak References              11 us, workers (us):  11, ---, ---, 
[22.547s][info][gc,stats    ] Concurrent Weak Roots              2465 us
[22.547s][info][gc,stats    ]   Roots                            2290 us, parallelism: 0.96x
[22.547s][info][gc,stats    ]     CWR: <total>                   2203 us
[22.547s][info][gc,stats    ]     CWR: Code Cache Roots           621 us, workers (us): 621, ---, ---, 
[22.547s][info][gc,stats    ]     CWR: VM Weak Roots             1574 us, workers (us): 1574, ---, ---, 
[22.547s][info][gc,stats    ]     CWR: CLDG Roots                   8 us, workers (us):   8, ---, ---, 
[22.547s][info][gc,stats    ]   Rendezvous                         98 us
[22.547s][info][gc,stats    ] Concurrent Cleanup                   82 us
[22.547s][info][gc,stats    ] Concurrent Class Unloading         3658 us
[22.547s][info][gc,stats    ]   Unlink Stale                     3259 us
[22.547s][info][gc,stats    ]     System Dictionary                10 us
[22.547s][info][gc,stats    ]     Weak Class Links                  0 us
[22.547s][info][gc,stats    ]     Code Roots                     3247 us
[22.547s][info][gc,stats    ]   Rendezvous                        109 us
[22.547s][info][gc,stats    ]   Purge Unlinked                    189 us
[22.547s][info][gc,stats    ]     Code Roots                      179 us
[22.547s][info][gc,stats    ]     CLDG                              9 us
[22.547s][info][gc,stats    ]     Exception Caches                  0 us
[22.547s][info][gc,stats    ] Pause Final Roots (G)               184 us
[22.547s][info][gc,stats    ] Pause Final Roots (N)                87 us
[22.547s][info][gc,stats    ] 
[22.547s][info][gc,stats    ] Allocation pacing accrued:
[22.547s][info][gc,stats    ]       0 of   232 ms (  0.0%): <total>
[22.547s][info][gc,stats    ]       0 of   232 ms (  0.0%): <average total>
[22.547s][info][gc,stats    ] 
[22.547s][info][gc,metaspace] Metaspace: 14172K(14464K)->14172K(14464K) NonClass: 12266K(12416K)->12266K(12416K) Class: 1905K(2048K)->1905K(2048K)
[22.547s][info][gc,ergo     ] Pacer for Idle. Initial: 41943K, Alloc Tax Rate: 1.0x
[23.006s][info][gc          ] Trigger: Learning 2 of 5. Free (1424M) is below initial threshold (1433M)
[23.007s][info][gc,ergo     ] Free: 1424M, Max: 1024K regular, 1424M humongous, Frag: 0% external, 0% internal; Reserve: 103M, Max: 1024K
[23.007s][info][gc,start    ] GC(51) Concurrent reset
[23.007s][info][gc,task     ] GC(51) Using 1 of 3 workers for concurrent reset
[23.007s][info][gc,ergo     ] GC(51) Pacer for Reset. Non-Taxable: 2048M
[23.007s][info][gc          ] GC(51) Concurrent reset 0.223ms
[23.007s][info][gc,start    ] GC(51) Pause Init Mark (unload classes)
[23.007s][info][gc,task     ] GC(51) Using 3 of 3 workers for init marking
[23.007s][info][gc,ergo     ] GC(51) Pacer for Mark. Expected Live: 4509K, Free: 1424M, Non-Taxable: 142M, Alloc Tax Rate: 0.0x
[23.007s][info][gc          ] GC(51) Pause Init Mark (unload classes) 0.089ms
[23.007s][info][gc,start    ] GC(51) Concurrent marking roots
[23.007s][info][gc,task     ] GC(51) Using 1 of 3 workers for concurrent marking roots
[23.007s][info][gc          ] GC(51) Concurrent marking roots 0.407ms
[23.007s][info][gc,start    ] GC(51) Concurrent marking (unload classes)
[23.007s][info][gc,task     ] GC(51) Using 1 of 3 workers for concurrent marking
[23.011s][info][gc          ] GC(51) Concurrent marking (unload classes) 3.866ms
[23.011s][info][gc,start    ] GC(51) Pause Final Mark (unload classes)
[23.011s][info][gc,task     ] GC(51) Using 3 of 3 workers for final marking
[23.012s][info][gc,ergo     ] GC(51) Collectable Garbage: 490M (94%), Immediate: 490M (94%), CSet: 0B (0%)
[23.012s][info][gc          ] GC(51) Pause Final Mark (unload classes) 0.154ms
[23.012s][info][gc,start    ] GC(51) Concurrent weak references
[23.012s][info][gc,task     ] GC(51) Using 1 of 3 workers for concurrent weak references
[23.012s][info][gc,ref      ] GC(51) Encountered references: Soft: 140, Weak: 735, Final: 0, Phantom: 64
[23.012s][info][gc,ref      ] GC(51) Discovered  references: Soft: 0, Weak: 151, Final: 0, Phantom: 37
[23.012s][info][gc,ref      ] GC(51) Enqueued    references: Soft: 0, Weak: 2, Final: 0, Phantom: 0
[23.012s][info][gc          ] GC(51) Concurrent weak references 0.076ms
[23.012s][info][gc,start    ] GC(51) Concurrent weak roots
[23.012s][info][gc,task     ] GC(51) Using 1 of 3 workers for concurrent weak root
[23.016s][info][gc          ] GC(51) Concurrent weak roots 3.852ms
[23.016s][info][gc,start    ] GC(51) Concurrent cleanup
[23.016s][info][gc          ] GC(51) Concurrent cleanup 534M->44M(2048M) 0.054ms
[23.016s][info][gc,ergo     ] GC(51) Free: 1901M, Max: 1024K regular, 1411M humongous, Frag: 26% external, 0% internal; Reserve: 103M, Max: 1024K
[23.016s][info][gc,start    ] GC(51) Concurrent class unloading
[23.016s][info][gc,task     ] GC(51) Using 1 of 3 workers for concurrent class unloading
[23.019s][info][gc          ] GC(51) Concurrent class unloading 2.988ms
[23.019s][info][gc,start    ] GC(51) Pause Final Roots
[23.019s][info][gc          ] GC(51) Pause Final Roots 0.037ms
[23.019s][info][gc,ergo     ] Free: 1900M, Max: 1024K regular, 1411M humongous, Frag: 26% external, 0% internal; Reserve: 103M, Max: 1024K
[23.019s][info][gc,stats    ] 
[23.019s][info][gc,stats    ] All times are wall-clock times, except per-root-class counters, that are sum over
[23.019s][info][gc,stats    ] all workers. Dividing the <total> over the root stage time estimates parallelism.
[23.019s][info][gc,stats    ] 
[23.019s][info][gc,stats    ] Concurrent Reset                    236 us
[23.019s][info][gc,stats    ] Pause Init Mark (G)                 196 us
[23.019s][info][gc,stats    ] Pause Init Mark (N)                  98 us
[23.019s][info][gc,stats    ]   Update Region States               26 us
[23.019s][info][gc,stats    ] Concurrent Mark Roots               425 us, parallelism: 0.84x
[23.019s][info][gc,stats    ]   CMR: <total>                      358 us
[23.019s][info][gc,stats    ]   CMR: Thread Roots                 315 us, workers (us): 315, ---, ---, 
[23.019s][info][gc,stats    ]   CMR: VM Strong Roots                4 us, workers (us):   4, ---, ---, 
[23.019s][info][gc,stats    ]   CMR: CLDG Roots                    39 us, workers (us):  39, ---, ---, 
[23.019s][info][gc,stats    ] Concurrent Marking                 3914 us
[23.019s][info][gc,stats    ] Pause Final Mark (G)                226 us
[23.019s][info][gc,stats    ] Pause Final Mark (N)                162 us
[23.019s][info][gc,stats    ]   Finish Mark                        36 us
[23.019s][info][gc,stats    ]   Update Region States               28 us
[23.019s][info][gc,stats    ]   Choose Collection Set              28 us
[23.019s][info][gc,stats    ]   Rebuild Free Set                    8 us
[23.019s][info][gc,stats    ] Concurrent Weak References           83 us, parallelism: 0.08x
[23.019s][info][gc,stats    ]   CWRF: <total>                       7 us
[23.019s][info][gc,stats    ]   CWRF: Weak References               7 us, workers (us):   7, ---, ---, 
[23.019s][info][gc,stats    ] Concurrent Weak Roots              3885 us
[23.019s][info][gc,stats    ]   Roots                            3794 us, parallelism: 0.99x
[23.019s][info][gc,stats    ]     CWR: <total>                   3762 us
[23.019s][info][gc,stats    ]     CWR: Code Cache Roots           626 us, workers (us): 626, ---, ---, 
[23.019s][info][gc,stats    ]     CWR: VM Weak Roots             3128 us, workers (us): 3128, ---, ---, 
[23.019s][info][gc,stats    ]     CWR: CLDG Roots                   7 us, workers (us):   7, ---, ---, 
[23.019s][info][gc,stats    ]   Rendezvous                         41 us
[23.019s][info][gc,stats    ] Concurrent Cleanup                   64 us
[23.019s][info][gc,stats    ] Concurrent Class Unloading         3038 us
[23.019s][info][gc,stats    ]   Unlink Stale                     2794 us
[23.019s][info][gc,stats    ]     System Dictionary                 8 us
[23.019s][info][gc,stats    ]     Weak Class Links                  0 us
[23.019s][info][gc,stats    ]     Code Roots                     2784 us
[23.019s][info][gc,stats    ]   Rendezvous                         40 us
[23.019s][info][gc,stats    ]   Purge Unlinked                    135 us
[23.019s][info][gc,stats    ]     Code Roots                      132 us
[23.019s][info][gc,stats    ]     CLDG                              3 us
[23.019s][info][gc,stats    ]     Exception Caches                  0 us
[23.019s][info][gc,stats    ] Pause Final Roots (G)               104 us
[23.019s][info][gc,stats    ] Pause Final Roots (N)                46 us
[23.019s][info][gc,stats    ] 
[23.019s][info][gc,stats    ] Allocation pacing accrued:
[23.019s][info][gc,stats    ]       0 of   472 ms (  0.0%): <total>
[23.019s][info][gc,stats    ]       0 of   472 ms (  0.0%): <average total>
[23.019s][info][gc,stats    ] 
[23.019s][info][gc,metaspace] Metaspace: 14172K(14464K)->14172K(14464K) NonClass: 12266K(12416K)->12266K(12416K) Class: 1905K(2048K)->1905K(2048K)
[23.019s][info][gc,ergo     ] Pacer for Idle. Initial: 41943K, Alloc Tax Rate: 1.0x
[23.445s][info][gc          ] Trigger: Learning 3 of 5. Free (1431M) is below initial threshold (1433M)
[23.445s][info][gc,ergo     ] Free: 1431M, Max: 1024K regular, 1411M humongous, Frag: 2% external, 0% internal; Reserve: 103M, Max: 1024K
[23.445s][info][gc,start    ] GC(52) Concurrent reset
[23.445s][info][gc,task     ] GC(52) Using 1 of 3 workers for concurrent reset
[23.445s][info][gc,ergo     ] GC(52) Pacer for Reset. Non-Taxable: 2048M
[23.445s][info][gc          ] GC(52) Concurrent reset 0.226ms
[23.445s][info][gc,start    ] GC(52) Pause Init Mark (unload classes)
[23.445s][info][gc,task     ] GC(52) Using 3 of 3 workers for init marking
[23.445s][info][gc,ergo     ] GC(52) Pacer for Mark. Expected Live: 4509K, Free: 1431M, Non-Taxable: 143M, Alloc Tax Rate: 0.0x
[23.445s][info][gc          ] GC(52) Pause Init Mark (unload classes) 0.065ms
[23.445s][info][gc,start    ] GC(52) Concurrent marking roots
[23.445s][info][gc,task     ] GC(52) Using 1 of 3 workers for concurrent marking roots
[23.446s][info][gc          ] GC(52) Concurrent marking roots 0.431ms
[23.446s][info][gc,start    ] GC(52) Concurrent marking (unload classes)
[23.446s][info][gc,task     ] GC(52) Using 1 of 3 workers for concurrent marking
[23.450s][info][gc          ] GC(52) Concurrent marking (unload classes) 4.026ms
[23.450s][info][gc,start    ] GC(52) Pause Final Mark (unload classes)
[23.450s][info][gc,task     ] GC(52) Using 3 of 3 workers for final marking
[23.450s][info][gc,ergo     ] GC(52) Collectable Garbage: 480M (94%), Immediate: 480M (94%), CSet: 0B (0%)
[23.450s][info][gc          ] GC(52) Pause Final Mark (unload classes) 0.149ms
[23.450s][info][gc,start    ] GC(52) Concurrent weak references
[23.450s][info][gc,task     ] GC(52) Using 1 of 3 workers for concurrent weak references
[23.450s][info][gc,ref      ] GC(52) Encountered references: Soft: 140, Weak: 733, Final: 0, Phantom: 64
[23.450s][info][gc,ref      ] GC(52) Discovered  references: Soft: 0, Weak: 149, Final: 0, Phantom: 37
[23.450s][info][gc,ref      ] GC(52) Enqueued    references: Soft: 0, Weak: 0, Final: 0, Phantom: 0
[23.450s][info][gc          ] GC(52) Concurrent weak references 0.062ms
[23.450s][info][gc,start    ] GC(52) Concurrent weak roots
[23.450s][info][gc,task     ] GC(52) Using 1 of 3 workers for concurrent weak root
[23.455s][info][gc          ] GC(52) Concurrent weak roots 4.542ms
[23.455s][info][gc,start    ] GC(52) Concurrent cleanup
[23.455s][info][gc          ] GC(52) Concurrent cleanup 526M->46M(2048M) 0.113ms
[23.455s][info][gc,ergo     ] GC(52) Free: 1898M, Max: 1024K regular, 1417M humongous, Frag: 26% external, 0% internal; Reserve: 103M, Max: 1024K
[23.455s][info][gc,start    ] GC(52) Concurrent class unloading
[23.455s][info][gc,task     ] GC(52) Using 1 of 3 workers for concurrent class unloading
[23.458s][info][gc          ] GC(52) Concurrent class unloading 3.068ms
[23.458s][info][gc,start    ] GC(52) Pause Final Roots
[23.458s][info][gc          ] GC(52) Pause Final Roots 0.042ms
[23.458s][info][gc,ergo     ] Free: 1896M, Max: 1024K regular, 1417M humongous, Frag: 26% external, 0% internal; Reserve: 103M, Max: 1024K
[23.458s][info][gc,stats    ] 
[23.458s][info][gc,stats    ] All times are wall-clock times, except per-root-class counters, that are sum over
[23.458s][info][gc,stats    ] all workers. Dividing the <total> over the root stage time estimates parallelism.
[23.458s][info][gc,stats    ] 
[23.458s][info][gc,stats    ] Concurrent Reset                    269 us
[23.458s][info][gc,stats    ] Pause Init Mark (G)                 132 us
[23.458s][info][gc,stats    ] Pause Init Mark (N)                  73 us
[23.458s][info][gc,stats    ]   Update Region States               28 us
[23.458s][info][gc,stats    ] Concurrent Mark Roots               446 us, parallelism: 0.85x
[23.458s][info][gc,stats    ]   CMR: <total>                      378 us
[23.458s][info][gc,stats    ]   CMR: Thread Roots                 331 us, workers (us): 331, ---, ---, 
[23.458s][info][gc,stats    ]   CMR: VM Strong Roots                5 us, workers (us):   5, ---, ---, 
[23.458s][info][gc,stats    ]   CMR: CLDG Roots                    42 us, workers (us):  42, ---, ---, 
[23.458s][info][gc,stats    ] Concurrent Marking                 4079 us
[23.458s][info][gc,stats    ] Pause Final Mark (G)                205 us
[23.458s][info][gc,stats    ] Pause Final Mark (N)                158 us
[23.458s][info][gc,stats    ]   Finish Mark                        34 us
[23.458s][info][gc,stats    ]   Update Region States               27 us
[23.458s][info][gc,stats    ]   Choose Collection Set              34 us
[23.458s][info][gc,stats    ]   Rebuild Free Set                    8 us
[23.458s][info][gc,stats    ] Concurrent Weak References           69 us, parallelism: 0.12x
[23.458s][info][gc,stats    ]   CWRF: <total>                       8 us
[23.458s][info][gc,stats    ]   CWRF: Weak References               8 us, workers (us):   8, ---, ---, 
[23.458s][info][gc,stats    ] Concurrent Weak Roots              4593 us
[23.458s][info][gc,stats    ]   Roots                            4471 us, parallelism: 0.99x
[23.458s][info][gc,stats    ]     CWR: <total>                   4444 us
[23.458s][info][gc,stats    ]     CWR: Code Cache Roots           629 us, workers (us): 629, ---, ---, 
[23.458s][info][gc,stats    ]     CWR: VM Weak Roots             3808 us, workers (us): 3808, ---, ---, 
[23.458s][info][gc,stats    ]     CWR: CLDG Roots                   7 us, workers (us):   7, ---, ---, 
[23.458s][info][gc,stats    ]   Rendezvous                         53 us
[23.458s][info][gc,stats    ] Concurrent Cleanup                  126 us
[23.458s][info][gc,stats    ] Concurrent Class Unloading         3116 us
[23.458s][info][gc,stats    ]   Unlink Stale                     2842 us
[23.458s][info][gc,stats    ]     System Dictionary                 7 us
[23.458s][info][gc,stats    ]     Weak Class Links                  0 us
[23.458s][info][gc,stats    ]     Code Roots                     2834 us
[23.458s][info][gc,stats    ]   Rendezvous                         57 us
[23.458s][info][gc,stats    ]   Purge Unlinked                    151 us
[23.458s][info][gc,stats    ]     Code Roots                      148 us
[23.458s][info][gc,stats    ]     CLDG                              3 us
[23.458s][info][gc,stats    ]     Exception Caches                  0 us
[23.458s][info][gc,stats    ] Pause Final Roots (G)               132 us
[23.458s][info][gc,stats    ] Pause Final Roots (N)                52 us
[23.458s][info][gc,stats    ] 
[23.458s][info][gc,stats    ] Allocation pacing accrued:
[23.458s][info][gc,stats    ]       0 of   439 ms (  0.0%): <total>
[23.458s][info][gc,stats    ]       0 of   439 ms (  0.0%): <average total>
[23.458s][info][gc,stats    ] 
[23.459s][info][gc,metaspace] Metaspace: 14172K(14464K)->14172K(14464K) NonClass: 12266K(12416K)->12266K(12416K) Class: 1905K(2048K)->1905K(2048K)
[23.459s][info][gc,ergo     ] Pacer for Idle. Initial: 41943K, Alloc Tax Rate: 1.0x
[23.889s][info][gc          ] Trigger: Learning 4 of 5. Free (1432M) is below initial threshold (1433M)
[23.890s][info][gc,ergo     ] Free: 1432M, Max: 1024K regular, 1417M humongous, Frag: 2% external, 0% internal; Reserve: 103M, Max: 1024K
[23.890s][info][gc,start    ] GC(53) Concurrent reset
[23.890s][info][gc,task     ] GC(53) Using 1 of 3 workers for concurrent reset
[23.890s][info][gc,ergo     ] GC(53) Pacer for Reset. Non-Taxable: 2048M
[23.890s][info][gc          ] GC(53) Concurrent reset 0.235ms
[23.890s][info][gc,start    ] GC(53) Pause Init Mark (unload classes)
[23.890s][info][gc,task     ] GC(53) Using 3 of 3 workers for init marking
[23.890s][info][gc,ergo     ] GC(53) Pacer for Mark. Expected Live: 4510K, Free: 1432M, Non-Taxable: 143M, Alloc Tax Rate: 0.0x
[23.890s][info][gc          ] GC(53) Pause Init Mark (unload classes) 0.070ms
[23.890s][info][gc,start    ] GC(53) Concurrent marking roots
[23.890s][info][gc,task     ] GC(53) Using 1 of 3 workers for concurrent marking roots
[23.891s][info][gc          ] GC(53) Concurrent marking roots 0.418ms
[23.891s][info][gc,start    ] GC(53) Concurrent marking (unload classes)
[23.891s][info][gc,task     ] GC(53) Using 1 of 3 workers for concurrent marking
[23.895s][info][gc          ] GC(53) Concurrent marking (unload classes) 4.029ms
[23.895s][info][gc,start    ] GC(53) Pause Final Mark (unload classes)
[23.895s][info][gc,task     ] GC(53) Using 3 of 3 workers for final marking
[23.895s][info][gc,ergo     ] GC(53) Collectable Garbage: 478M (93%), Immediate: 478M (93%), CSet: 0B (0%)
[23.895s][info][gc          ] GC(53) Pause Final Mark (unload classes) 0.150ms
[23.895s][info][gc,start    ] GC(53) Concurrent weak references
[23.895s][info][gc,task     ] GC(53) Using 1 of 3 workers for concurrent weak references
[23.895s][info][gc,ref      ] GC(53) Encountered references: Soft: 140, Weak: 733, Final: 0, Phantom: 64
[23.895s][info][gc,ref      ] GC(53) Discovered  references: Soft: 0, Weak: 149, Final: 0, Phantom: 37
[23.895s][info][gc,ref      ] GC(53) Enqueued    references: Soft: 0, Weak: 0, Final: 0, Phantom: 0
[23.895s][info][gc          ] GC(53) Concurrent weak references 0.059ms
[23.895s][info][gc,start    ] GC(53) Concurrent weak roots
[23.895s][info][gc,task     ] GC(53) Using 1 of 3 workers for concurrent weak root
[23.898s][info][gc          ] GC(53) Concurrent weak roots 2.905ms
[23.898s][info][gc,start    ] GC(53) Concurrent cleanup
[23.898s][info][gc          ] GC(53) Concurrent cleanup 525M->47M(2048M) 0.053ms
[23.898s][info][gc,ergo     ] GC(53) Free: 1897M, Max: 1024K regular, 1417M humongous, Frag: 26% external, 0% internal; Reserve: 103M, Max: 1024K
[23.898s][info][gc,start    ] GC(53) Concurrent class unloading
[23.898s][info][gc,task     ] GC(53) Using 1 of 3 workers for concurrent class unloading
[23.901s][info][gc          ] GC(53) Concurrent class unloading 2.962ms
[23.901s][info][gc,start    ] GC(53) Pause Final Roots
[23.901s][info][gc          ] GC(53) Pause Final Roots 0.040ms
[23.901s][info][gc,ergo     ] Free: 1896M, Max: 1024K regular, 1417M humongous, Frag: 26% external, 0% internal; Reserve: 103M, Max: 1024K
[23.901s][info][gc,stats    ] 
[23.901s][info][gc,stats    ] All times are wall-clock times, except per-root-class counters, that are sum over
[23.901s][info][gc,stats    ] all workers. Dividing the <total> over the root stage time estimates parallelism.
[23.901s][info][gc,stats    ] 
[23.901s][info][gc,stats    ] Concurrent Reset                    281 us
[23.901s][info][gc,stats    ] Pause Init Mark (G)                 206 us
[23.901s][info][gc,stats    ] Pause Init Mark (N)                  78 us
[23.901s][info][gc,stats    ]   Update Region States               25 us
[23.901s][info][gc,stats    ] Concurrent Mark Roots               432 us, parallelism: 0.84x
[23.901s][info][gc,stats    ]   CMR: <total>                      364 us
[23.901s][info][gc,stats    ]   CMR: Thread Roots                 320 us, workers (us): 320, ---, ---, 
[23.901s][info][gc,stats    ]   CMR: VM Strong Roots                5 us, workers (us):   5, ---, ---, 
[23.901s][info][gc,stats    ]   CMR: CLDG Roots                    39 us, workers (us):  39, ---, ---, 
[23.901s][info][gc,stats    ] Concurrent Marking                 4078 us
[23.901s][info][gc,stats    ] Pause Final Mark (G)                213 us
[23.901s][info][gc,stats    ] Pause Final Mark (N)                159 us
[23.901s][info][gc,stats    ]   Finish Mark                        35 us
[23.901s][info][gc,stats    ]   Update Region States               30 us
[23.901s][info][gc,stats    ]   Choose Collection Set              29 us
[23.901s][info][gc,stats    ]   Rebuild Free Set                    8 us
[23.901s][info][gc,stats    ] Concurrent Weak References           66 us, parallelism: 0.10x
[23.901s][info][gc,stats    ]   CWRF: <total>                       7 us
[23.901s][info][gc,stats    ]   CWRF: Weak References               7 us, workers (us):   7, ---, ---, 
[23.901s][info][gc,stats    ] Concurrent Weak Roots              2947 us
[23.901s][info][gc,stats    ]   Roots                            2806 us, parallelism: 0.99x
[23.901s][info][gc,stats    ]     CWR: <total>                   2779 us
[23.901s][info][gc,stats    ]     CWR: Code Cache Roots           643 us, workers (us): 643, ---, ---, 
[23.901s][info][gc,stats    ]     CWR: VM Weak Roots             2129 us, workers (us): 2129, ---, ---, 
[23.901s][info][gc,stats    ]     CWR: CLDG Roots                   7 us, workers (us):   7, ---, ---, 
[23.901s][info][gc,stats    ]   Rendezvous                         85 us
[23.901s][info][gc,stats    ] Concurrent Cleanup                   62 us
[23.901s][info][gc,stats    ] Concurrent Class Unloading         3008 us
[23.901s][info][gc,stats    ]   Unlink Stale                     2772 us
[23.901s][info][gc,stats    ]     System Dictionary                 7 us
[23.901s][info][gc,stats    ]     Weak Class Links                  0 us
[23.901s][info][gc,stats    ]     Code Roots                     2763 us
[23.901s][info][gc,stats    ]   Rendezvous                         48 us
[23.901s][info][gc,stats    ]   Purge Unlinked                    125 us
[23.901s][info][gc,stats    ]     Code Roots                      123 us
[23.901s][info][gc,stats    ]     CLDG                              2 us
[23.901s][info][gc,stats    ]     Exception Caches                  0 us
[23.901s][info][gc,stats    ] Pause Final Roots (G)                97 us
[23.901s][info][gc,stats    ] Pause Final Roots (N)                49 us
[23.901s][info][gc,stats    ] 
[23.901s][info][gc,stats    ] Allocation pacing accrued:
[23.901s][info][gc,stats    ]       0 of   443 ms (  0.0%): <total>
[23.901s][info][gc,stats    ]       0 of   443 ms (  0.0%): <average total>
[23.901s][info][gc,stats    ] 
[23.901s][info][gc,metaspace] Metaspace: 14172K(14464K)->14172K(14464K) NonClass: 12266K(12416K)->12266K(12416K) Class: 1905K(2048K)->1905K(2048K)
[23.901s][info][gc,ergo     ] Pacer for Idle. Initial: 41943K, Alloc Tax Rate: 1.0x
[24.329s][info][gc          ] Trigger: Learning 5 of 5. Free (1432M) is below initial threshold (1433M)
[24.329s][info][gc,ergo     ] Free: 1432M, Max: 1024K regular, 1417M humongous, Frag: 2% external, 0% internal; Reserve: 103M, Max: 1024K
[24.329s][info][gc,start    ] GC(54) Concurrent reset
[24.329s][info][gc,task     ] GC(54) Using 1 of 3 workers for concurrent reset
[24.329s][info][gc,ergo     ] GC(54) Pacer for Reset. Non-Taxable: 2048M
[24.329s][info][gc          ] GC(54) Concurrent reset 0.255ms
[24.329s][info][gc,start    ] GC(54) Pause Init Mark (unload classes)
[24.329s][info][gc,task     ] GC(54) Using 3 of 3 workers for init marking
[24.329s][info][gc,ergo     ] GC(54) Pacer for Mark. Expected Live: 4510K, Free: 1432M, Non-Taxable: 143M, Alloc Tax Rate: 0.0x
[24.329s][info][gc          ] GC(54) Pause Init Mark (unload classes) 0.092ms
[24.329s][info][gc,start    ] GC(54) Concurrent marking roots
[24.329s][info][gc,task     ] GC(54) Using 1 of 3 workers for concurrent marking roots
[24.330s][info][gc          ] GC(54) Concurrent marking roots 0.402ms
[24.330s][info][gc,start    ] GC(54) Concurrent marking (unload classes)
[24.330s][info][gc,task     ] GC(54) Using 1 of 3 workers for concurrent marking
[24.333s][info][gc          ] GC(54) Concurrent marking (unload classes) 3.861ms
[24.334s][info][gc,start    ] GC(54) Pause Final Mark (unload classes)
[24.334s][info][gc,task     ] GC(54) Using 3 of 3 workers for final marking
[24.334s][info][gc,ergo     ] GC(54) Collectable Garbage: 475M (93%), Immediate: 475M (93%), CSet: 0B (0%)
[24.334s][info][gc          ] GC(54) Pause Final Mark (unload classes) 0.134ms
[24.334s][info][gc,start    ] GC(54) Concurrent weak references
[24.334s][info][gc,task     ] GC(54) Using 1 of 3 workers for concurrent weak references
[24.334s][info][gc,ref      ] GC(54) Encountered references: Soft: 140, Weak: 731, Final: 0, Phantom: 64
[24.334s][info][gc,ref      ] GC(54) Discovered  references: Soft: 0, Weak: 149, Final: 0, Phantom: 37
[24.334s][info][gc,ref      ] GC(54) Enqueued    references: Soft: 0, Weak: 0, Final: 0, Phantom: 0
[24.334s][info][gc          ] GC(54) Concurrent weak references 0.077ms
[24.334s][info][gc,start    ] GC(54) Concurrent weak roots
[24.334s][info][gc,task     ] GC(54) Using 1 of 3 workers for concurrent weak root
[24.337s][info][gc          ] GC(54) Concurrent weak roots 3.348ms
[24.337s][info][gc,start    ] GC(54) Concurrent cleanup
[24.337s][info][gc          ] GC(54) Concurrent cleanup 524M->48M(2048M) 0.056ms
[24.337s][info][gc,ergo     ] GC(54) Free: 1896M, Max: 1024K regular, 1417M humongous, Frag: 26% external, 0% internal; Reserve: 103M, Max: 1024K
[24.337s][info][gc,start    ] GC(54) Concurrent class unloading
[24.337s][info][gc,task     ] GC(54) Using 1 of 3 workers for concurrent class unloading
[24.340s][info][gc          ] GC(54) Concurrent class unloading 3.025ms
[24.340s][info][gc,start    ] GC(54) Pause Final Roots
[24.340s][info][gc          ] GC(54) Pause Final Roots 0.040ms
[24.340s][info][gc,ergo     ] Free: 1894M, Max: 1024K regular, 1417M humongous, Frag: 26% external, 0% internal; Reserve: 103M, Max: 1024K
[24.341s][info][gc,stats    ] 
[24.341s][info][gc,stats    ] All times are wall-clock times, except per-root-class counters, that are sum over
[24.341s][info][gc,stats    ] all workers. Dividing the <total> over the root stage time estimates parallelism.
[24.341s][info][gc,stats    ] 
[24.341s][info][gc,stats    ] Concurrent Reset                    277 us
[24.341s][info][gc,stats    ] Pause Init Mark (G)                 168 us
[24.341s][info][gc,stats    ] Pause Init Mark (N)                 101 us
[24.341s][info][gc,stats    ]   Update Region States               23 us
[24.341s][info][gc,stats    ] Concurrent Mark Roots               416 us, parallelism: 0.85x
[24.341s][info][gc,stats    ]   CMR: <total>                      354 us
[24.341s][info][gc,stats    ]   CMR: Thread Roots                 306 us, workers (us): 306, ---, ---, 
[24.341s][info][gc,stats    ]   CMR: VM Strong Roots                6 us, workers (us):   6, ---, ---, 
[24.341s][info][gc,stats    ]   CMR: CLDG Roots                    42 us, workers (us):  42, ---, ---, 
[24.341s][info][gc,stats    ] Concurrent Marking                 3909 us
[24.341s][info][gc,stats    ] Pause Final Mark (G)                190 us
[24.341s][info][gc,stats    ] Pause Final Mark (N)                142 us
[24.341s][info][gc,stats    ]   Finish Mark                        32 us
[24.341s][info][gc,stats    ]   Update Region States               25 us
[24.341s][info][gc,stats    ]   Choose Collection Set              26 us
[24.341s][info][gc,stats    ]   Rebuild Free Set                    8 us
[24.341s][info][gc,stats    ] Concurrent Weak References           84 us, parallelism: 0.10x
[24.341s][info][gc,stats    ]   CWRF: <total>                       9 us
[24.341s][info][gc,stats    ]   CWRF: Weak References               9 us, workers (us):   9, ---, ---, 
[24.341s][info][gc,stats    ] Concurrent Weak Roots              3399 us
[24.341s][info][gc,stats    ]   Roots                            3287 us, parallelism: 0.99x
[24.341s][info][gc,stats    ]     CWR: <total>                   3258 us
[24.341s][info][gc,stats    ]     CWR: Code Cache Roots           649 us, workers (us): 649, ---, ---, 
[24.341s][info][gc,stats    ]     CWR: VM Weak Roots             2600 us, workers (us): 2600, ---, ---, 
[24.341s][info][gc,stats    ]     CWR: CLDG Roots                   9 us, workers (us):   9, ---, ---, 
[24.341s][info][gc,stats    ]   Rendezvous                         42 us
[24.341s][info][gc,stats    ] Concurrent Cleanup                   65 us
[24.341s][info][gc,stats    ] Concurrent Class Unloading         3061 us
[24.341s][info][gc,stats    ]   Unlink Stale                     2785 us
[24.341s][info][gc,stats    ]     System Dictionary                 7 us
[24.341s][info][gc,stats    ]     Weak Class Links                  0 us
[24.341s][info][gc,stats    ]     Code Roots                     2777 us
[24.341s][info][gc,stats    ]   Rendezvous                         62 us
[24.341s][info][gc,stats    ]   Purge Unlinked                    160 us
[24.341s][info][gc,stats    ]     Code Roots                      156 us
[24.341s][info][gc,stats    ]     CLDG                              3 us
[24.341s][info][gc,stats    ]     Exception Caches                  0 us
[24.341s][info][gc,stats    ] Pause Final Roots (G)                93 us
[24.341s][info][gc,stats    ] Pause Final Roots (N)                49 us
[24.341s][info][gc,stats    ] 
[24.341s][info][gc,stats    ] Allocation pacing accrued:
[24.341s][info][gc,stats    ]       0 of   439 ms (  0.0%): <total>
[24.341s][info][gc,stats    ]       0 of   439 ms (  0.0%): <average total>
[24.341s][info][gc,stats    ] 
[24.341s][info][gc,metaspace] Metaspace: 14172K(14464K)->14172K(14464K) NonClass: 12266K(12416K)->12266K(12416K) Class: 1905K(2048K)->1905K(2048K)
[24.341s][info][gc,ergo     ] Pacer for Idle. Initial: 41943K, Alloc Tax Rate: 1.0x
[24.546s][info][gc          ] Trigger: Explicit GC request (System.gc())
[24.546s][info][gc,ergo     ] Free: 1740M, Max: 1024K regular, 1417M humongous, Frag: 19% external, 0% internal; Reserve: 103M, Max: 1024K
[24.546s][info][gc,start    ] GC(55) Concurrent reset
[24.546s][info][gc,task     ] GC(55) Using 1 of 3 workers for concurrent reset
[24.546s][info][gc,ergo     ] GC(55) Pacer for Reset. Non-Taxable: 2048M
[24.547s][info][gc          ] GC(55) Concurrent reset 0.520ms
[24.547s][info][gc,start    ] GC(55) Pause Init Mark (unload classes)
[24.547s][info][gc,task     ] GC(55) Using 3 of 3 workers for init marking
[24.547s][info][gc,ref      ] GC(55) Clearing All SoftReferences
[24.547s][info][gc,ergo     ] GC(55) Pacer for Mark. Expected Live: 4510K, Free: 1740M, Non-Taxable: 174M, Alloc Tax Rate: 0.0x
[24.547s][info][gc          ] GC(55) Pause Init Mark (unload classes) 0.170ms
[24.547s][info][gc,start    ] GC(55) Concurrent marking roots
[24.547s][info][gc,task     ] GC(55) Using 1 of 3 workers for concurrent marking roots
[24.548s][info][gc          ] GC(55) Concurrent marking roots 0.713ms
[24.548s][info][gc,start    ] GC(55) Concurrent marking (unload classes)
[24.548s][info][gc,task     ] GC(55) Using 1 of 3 workers for concurrent marking
[24.552s][info][gc          ] GC(55) Concurrent marking (unload classes) 3.886ms
[24.552s][info][gc,start    ] GC(55) Pause Final Mark (unload classes)
[24.552s][info][gc,task     ] GC(55) Using 3 of 3 workers for final marking
[24.552s][info][gc,ergo     ] GC(55) Collectable Garbage: 185M (92%), Immediate: 185M (92%), CSet: 0B (0%)
[24.552s][info][gc          ] GC(55) Pause Final Mark (unload classes) 0.203ms
[24.552s][info][gc,start    ] GC(55) Concurrent weak references
[24.552s][info][gc,task     ] GC(55) Using 1 of 3 workers for concurrent weak references
[24.552s][info][gc,ref      ] GC(55) Encountered references: Soft: 140, Weak: 717, Final: 0, Phantom: 64
[24.552s][info][gc,ref      ] GC(55) Discovered  references: Soft: 88, Weak: 171, Final: 0, Phantom: 62
[24.552s][info][gc,ref      ] GC(55) Enqueued    references: Soft: 3, Weak: 0, Final: 0, Phantom: 0
[24.552s][info][gc          ] GC(55) Concurrent weak references 0.093ms
[24.552s][info][gc,start    ] GC(55) Concurrent weak roots
[24.552s][info][gc,task     ] GC(55) Using 1 of 3 workers for concurrent weak root
[24.555s][info][gc          ] GC(55) Concurrent weak roots 2.459ms
[24.555s][info][gc,start    ] GC(55) Concurrent cleanup
[24.555s][info][gc          ] GC(55) Concurrent cleanup 204M->19M(2048M) 0.047ms
[24.555s][info][gc,ergo     ] GC(55) Free: 1926M, Max: 1024K regular, 1444M humongous, Frag: 26% external, 0% internal; Reserve: 103M, Max: 1024K
[24.555s][info][gc,start    ] GC(55) Concurrent class unloading
[24.555s][info][gc,task     ] GC(55) Using 1 of 3 workers for concurrent class unloading
[24.558s][info][gc          ] GC(55) Concurrent class unloading 3.676ms
[24.558s][info][gc,start    ] GC(55) Pause Final Roots
[24.559s][info][gc          ] GC(55) Pause Final Roots 0.058ms
[24.559s][info][gc,ergo     ] Free: 1926M, Max: 1024K regular, 1444M humongous, Frag: 26% external, 0% internal; Reserve: 103M, Max: 1024K
[24.559s][info][gc,stats    ] 
[24.559s][info][gc,stats    ] All times are wall-clock times, except per-root-class counters, that are sum over
[24.559s][info][gc,stats    ] all workers. Dividing the <total> over the root stage time estimates parallelism.
[24.559s][info][gc,stats    ] 
[24.559s][info][gc,stats    ] Concurrent Reset                    574 us
[24.559s][info][gc,stats    ] Pause Init Mark (G)                 325 us
[24.559s][info][gc,stats    ] Pause Init Mark (N)                 188 us
[24.559s][info][gc,stats    ]   Update Region States               25 us
[24.559s][info][gc,stats    ] Concurrent Mark Roots               731 us, parallelism: 0.78x
[24.559s][info][gc,stats    ]   CMR: <total>                      574 us
[24.559s][info][gc,stats    ]   CMR: Thread Roots                 497 us, workers (us): 497, ---, ---, 
[24.559s][info][gc,stats    ]   CMR: VM Strong Roots                7 us, workers (us):   7, ---, ---, 
[24.559s][info][gc,stats    ]   CMR: CLDG Roots                    70 us, workers (us):  70, ---, ---, 
[24.559s][info][gc,stats    ] Concurrent Marking                 3938 us
[24.559s][info][gc,stats    ] Pause Final Mark (G)                258 us
[24.559s][info][gc,stats    ] Pause Final Mark (N)                213 us
[24.559s][info][gc,stats    ]   Finish Mark                        55 us
[24.559s][info][gc,stats    ]   Update Region States               39 us
[24.559s][info][gc,stats    ]   Choose Collection Set              37 us
[24.559s][info][gc,stats    ]   Rebuild Free Set                    8 us
[24.559s][info][gc,stats    ] Concurrent Weak References          101 us, parallelism: 0.14x
[24.559s][info][gc,stats    ]   CWRF: <total>                      14 us
[24.559s][info][gc,stats    ]   CWRF: Weak References              14 us, workers (us):  14, ---, ---, 
[24.559s][info][gc,stats    ] Concurrent Weak Roots              2517 us
[24.559s][info][gc,stats    ]   Roots                            2363 us, parallelism: 0.97x
[24.559s][info][gc,stats    ]     CWR: <total>                   2301 us
[24.559s][info][gc,stats    ]     CWR: Code Cache Roots           625 us, workers (us): 625, ---, ---, 
[24.559s][info][gc,stats    ]     CWR: VM Weak Roots             1668 us, workers (us): 1668, ---, ---, 
[24.559s][info][gc,stats    ]     CWR: CLDG Roots                   8 us, workers (us):   8, ---, ---, 
[24.559s][info][gc,stats    ]   Rendezvous                         77 us
[24.559s][info][gc,stats    ] Concurrent Cleanup                   57 us
[24.559s][info][gc,stats    ] Concurrent Class Unloading         3719 us
[24.559s][info][gc,stats    ]   Unlink Stale                     3351 us
[24.559s][info][gc,stats    ]     System Dictionary                11 us
[24.559s][info][gc,stats    ]     Weak Class Links                  0 us
[24.559s][info][gc,stats    ]     Code Roots                     3338 us
[24.559s][info][gc,stats    ]   Rendezvous                         85 us
[24.559s][info][gc,stats    ]   Purge Unlinked                    220 us
[24.559s][info][gc,stats    ]     Code Roots                      214 us
[24.559s][info][gc,stats    ]     CLDG                              5 us
[24.559s][info][gc,stats    ]     Exception Caches                  0 us
[24.559s][info][gc,stats    ] Pause Final Roots (G)               151 us
[24.559s][info][gc,stats    ] Pause Final Roots (N)                77 us
[24.559s][info][gc,stats    ] 
[24.559s][info][gc,stats    ] Allocation pacing accrued:
[24.559s][info][gc,stats    ]       0 of   218 ms (  0.0%): <total>
[24.559s][info][gc,stats    ]       0 of   218 ms (  0.0%): <average total>
[24.559s][info][gc,stats    ] 
[24.559s][info][gc,metaspace] Metaspace: 14174K(14528K)->14174K(14528K) NonClass: 12269K(12480K)->12269K(12480K) Class: 1905K(2048K)->1905K(2048K)
[24.559s][info][gc,ergo     ] Pacer for Idle. Initial: 41943K, Alloc Tax Rate: 1.0x
[24.991s][info][gc          ] Trigger: Learning 2 of 5. Free (1433M) is below initial threshold (1433M)
[24.991s][info][gc,ergo     ] Free: 1433M, Max: 1024K regular, 1433M humongous, Frag: 0% external, 0% internal; Reserve: 103M, Max: 1024K
[24.991s][info][gc,start    ] GC(56) Concurrent reset
[24.991s][info][gc,task     ] GC(56) Using 1 of 3 workers for concurrent reset
[24.991s][info][gc,ergo     ] GC(56) Pacer for Reset. Non-Taxable: 2048M
[24.991s][info][gc          ] GC(56) Concurrent reset 0.155ms
[24.991s][info][gc,start    ] GC(56) Pause Init Mark (unload classes)
[24.991s][info][gc,task     ] GC(56) Using 3 of 3 workers for init marking
[24.991s][info][gc,ergo     ] GC(56) Pacer for Mark. Expected Live: 4510K, Free: 1433M, Non-Taxable: 143M, Alloc Tax Rate: 0.0x
[24.991s][info][gc          ] GC(56) Pause Init Mark (unload classes) 0.061ms
[24.991s][info][gc,start    ] GC(56) Concurrent marking roots
[24.992s][info][gc,task     ] GC(56) Using 1 of 3 workers for concurrent marking roots
[24.992s][info][gc          ] GC(56) Concurrent marking roots 0.433ms
[24.992s][info][gc,start    ] GC(56) Concurrent marking (unload classes)
[24.992s][info][gc,task     ] GC(56) Using 1 of 3 workers for concurrent marking
[24.996s][info][gc          ] GC(56) Concurrent marking (unload classes) 3.875ms
[24.996s][info][gc,start    ] GC(56) Pause Final Mark (unload classes)
[24.996s][info][gc,task     ] GC(56) Using 3 of 3 workers for final marking
[24.996s][info][gc,ergo     ] GC(56) Collectable Garbage: 482M (94%), Immediate: 482M (94%), CSet: 0B (0%)
[24.996s][info][gc          ] GC(56) Pause Final Mark (unload classes) 0.139ms
[24.996s][info][gc,start    ] GC(56) Concurrent weak references
[24.996s][info][gc,task     ] GC(56) Using 1 of 3 workers for concurrent weak references
[24.996s][info][gc,ref      ] GC(56) Encountered references: Soft: 140, Weak: 729, Final: 0, Phantom: 64
[24.996s][info][gc,ref      ] GC(56) Discovered  references: Soft: 0, Weak: 147, Final: 0, Phantom: 37
[24.996s][info][gc,ref      ] GC(56) Enqueued    references: Soft: 0, Weak: 0, Final: 0, Phantom: 0
[24.996s][info][gc          ] GC(56) Concurrent weak references 0.061ms
[24.996s][info][gc,start    ] GC(56) Concurrent weak roots
[24.996s][info][gc,task     ] GC(56) Using 1 of 3 workers for concurrent weak root
[25.000s][info][gc          ] GC(56) Concurrent weak roots 3.982ms
[25.000s][info][gc,start    ] GC(56) Concurrent cleanup
[25.000s][info][gc          ] GC(56) Concurrent cleanup 524M->42M(2048M) 0.056ms
[25.000s][info][gc,ergo     ] GC(56) Free: 1903M, Max: 1024K regular, 1421M humongous, Frag: 26% external, 0% internal; Reserve: 103M, Max: 1024K
[25.000s][info][gc,start    ] GC(56) Concurrent class unloading
[25.000s][info][gc,task     ] GC(56) Using 1 of 3 workers for concurrent class unloading
[25.003s][info][gc          ] GC(56) Concurrent class unloading 3.057ms
[25.003s][info][gc,start    ] GC(56) Pause Final Roots
[25.003s][info][gc          ] GC(56) Pause Final Roots 0.039ms
[25.004s][info][gc,ergo     ] Free: 1899M, Max: 1024K regular, 1421M humongous, Frag: 26% external, 0% internal; Reserve: 103M, Max: 1024K
[25.004s][info][gc,stats    ] 
[25.004s][info][gc,stats    ] All times are wall-clock times, except per-root-class counters, that are sum over
[25.004s][info][gc,stats    ] all workers. Dividing the <total> over the root stage time estimates parallelism.
[25.004s][info][gc,stats    ] 
[25.004s][info][gc,stats    ] Concurrent Reset                    194 us
[25.004s][info][gc,stats    ] Pause Init Mark (G)                 168 us
[25.004s][info][gc,stats    ] Pause Init Mark (N)                  68 us
[25.004s][info][gc,stats    ]   Update Region States               24 us
[25.004s][info][gc,stats    ] Concurrent Mark Roots               456 us, parallelism: 0.82x
[25.004s][info][gc,stats    ]   CMR: <total>                      372 us
[25.004s][info][gc,stats    ]   CMR: Thread Roots                 322 us, workers (us): 322, ---, ---, 
[25.004s][info][gc,stats    ]   CMR: VM Strong Roots                5 us, workers (us):   5, ---, ---, 
[25.004s][info][gc,stats    ]   CMR: CLDG Roots                    45 us, workers (us):  45, ---, ---, 
[25.004s][info][gc,stats    ] Concurrent Marking                 3925 us
[25.004s][info][gc,stats    ] Pause Final Mark (G)                190 us
[25.004s][info][gc,stats    ] Pause Final Mark (N)                147 us
[25.004s][info][gc,stats    ]   Finish Mark                        35 us
[25.004s][info][gc,stats    ]   Update Region States               27 us
[25.004s][info][gc,stats    ]   Choose Collection Set              27 us
[25.004s][info][gc,stats    ]   Rebuild Free Set                    8 us
[25.004s][info][gc,stats    ] Concurrent Weak References           69 us, parallelism: 0.09x
[25.004s][info][gc,stats    ]   CWRF: <total>                       6 us
[25.004s][info][gc,stats    ]   CWRF: Weak References               6 us, workers (us):   6, ---, ---, 
[25.004s][info][gc,stats    ] Concurrent Weak Roots              4024 us
[25.004s][info][gc,stats    ]   Roots                            3915 us, parallelism: 0.99x
[25.004s][info][gc,stats    ]     CWR: <total>                   3887 us
[25.004s][info][gc,stats    ]     CWR: Code Cache Roots           651 us, workers (us): 651, ---, ---, 
[25.004s][info][gc,stats    ]     CWR: VM Weak Roots             3229 us, workers (us): 3229, ---, ---, 
[25.004s][info][gc,stats    ]     CWR: CLDG Roots                   7 us, workers (us):   7, ---, ---, 
[25.004s][info][gc,stats    ]   Rendezvous                         50 us
[25.004s][info][gc,stats    ] Concurrent Cleanup                   70 us
[25.004s][info][gc,stats    ] Concurrent Class Unloading         3108 us
[25.004s][info][gc,stats    ]   Unlink Stale                     2864 us
[25.004s][info][gc,stats    ]     System Dictionary                 8 us
[25.004s][info][gc,stats    ]     Weak Class Links                  0 us
[25.004s][info][gc,stats    ]     Code Roots                     2853 us
[25.004s][info][gc,stats    ]   Rendezvous                         48 us
[25.004s][info][gc,stats    ]   Purge Unlinked                    126 us
[25.004s][info][gc,stats    ]     Code Roots                      123 us
[25.004s][info][gc,stats    ]     CLDG                              3 us
[25.004s][info][gc,stats    ]     Exception Caches                  0 us
[25.004s][info][gc,stats    ] Pause Final Roots (G)               107 us
[25.004s][info][gc,stats    ] Pause Final Roots (N)                47 us
[25.004s][info][gc,stats    ] 
[25.004s][info][gc,stats    ] Allocation pacing accrued:
[25.004s][info][gc,stats    ]       0 of   445 ms (  0.0%): <total>
[25.004s][info][gc,stats    ]       0 of   445 ms (  0.0%): <average total>
[25.004s][info][gc,stats    ] 
[25.004s][info][gc,metaspace] Metaspace: 14176K(14528K)->14176K(14528K) NonClass: 12271K(12480K)->12271K(12480K) Class: 1905K(2048K)->1905K(2048K)
[25.004s][info][gc,ergo     ] Pacer for Idle. Initial: 41943K, Alloc Tax Rate: 1.0x
[25.413s][info][gc          ] Trigger: Learning 3 of 5. Free (1433M) is below initial threshold (1433M)
[25.413s][info][gc,ergo     ] Free: 1433M, Max: 1024K regular, 1421M humongous, Frag: 1% external, 0% internal; Reserve: 103M, Max: 1024K
[25.413s][info][gc,start    ] GC(57) Concurrent reset
[25.413s][info][gc,task     ] GC(57) Using 1 of 3 workers for concurrent reset
[25.413s][info][gc,ergo     ] GC(57) Pacer for Reset. Non-Taxable: 2048M
[25.413s][info][gc          ] GC(57) Concurrent reset 0.236ms
[25.413s][info][gc,start    ] GC(57) Pause Init Mark (unload classes)
[25.413s][info][gc,task     ] GC(57) Using 3 of 3 workers for init marking
[25.413s][info][gc,ergo     ] GC(57) Pacer for Mark. Expected Live: 4510K, Free: 1431M, Non-Taxable: 143M, Alloc Tax Rate: 0.0x
[25.413s][info][gc          ] GC(57) Pause Init Mark (unload classes) 0.090ms
[25.413s][info][gc,start    ] GC(57) Concurrent marking roots
[25.413s][info][gc,task     ] GC(57) Using 1 of 3 workers for concurrent marking roots
[25.414s][info][gc          ] GC(57) Concurrent marking roots 0.435ms
[25.414s][info][gc,start    ] GC(57) Concurrent marking (unload classes)
[25.414s][info][gc,task     ] GC(57) Using 1 of 3 workers for concurrent marking
[25.418s][info][gc          ] GC(57) Concurrent marking (unload classes) 3.874ms
[25.418s][info][gc,start    ] GC(57) Pause Final Mark (unload classes)
[25.418s][info][gc,task     ] GC(57) Using 3 of 3 workers for final marking
[25.418s][info][gc,ergo     ] GC(57) Collectable Garbage: 481M (94%), Immediate: 481M (94%), CSet: 0B (0%)
[25.418s][info][gc          ] GC(57) Pause Final Mark (unload classes) 0.125ms
[25.418s][info][gc,start    ] GC(57) Concurrent weak references
[25.418s][info][gc,task     ] GC(57) Using 1 of 3 workers for concurrent weak references
[25.418s][info][gc,ref      ] GC(57) Encountered references: Soft: 140, Weak: 729, Final: 0, Phantom: 64
[25.418s][info][gc,ref      ] GC(57) Discovered  references: Soft: 0, Weak: 147, Final: 0, Phantom: 37
[25.418s][info][gc,ref      ] GC(57) Enqueued    references: Soft: 0, Weak: 0, Final: 0, Phantom: 0
[25.418s][info][gc          ] GC(57) Concurrent weak references 0.102ms
[25.418s][info][gc,start    ] GC(57) Concurrent weak roots
[25.418s][info][gc,task     ] GC(57) Using 1 of 3 workers for concurrent weak root
[25.423s][info][gc          ] GC(57) Concurrent weak roots 5.074ms
[25.423s][info][gc,start    ] GC(57) Concurrent cleanup
[25.423s][info][gc          ] GC(57) Concurrent cleanup 525M->44M(2048M) 0.052ms
[25.423s][info][gc,ergo     ] GC(57) Free: 1900M, Max: 1024K regular, 1419M humongous, Frag: 26% external, 0% internal; Reserve: 103M, Max: 1024K
[25.423s][info][gc,start    ] GC(57) Concurrent class unloading
[25.423s][info][gc,task     ] GC(57) Using 1 of 3 workers for concurrent class unloading
[25.427s][info][gc          ] GC(57) Concurrent class unloading 3.328ms
[25.427s][info][gc,start    ] GC(57) Pause Final Roots
[25.427s][info][gc          ] GC(57) Pause Final Roots 0.040ms
[25.427s][info][gc,ergo     ] Free: 1894M, Max: 1024K regular, 1419M humongous, Frag: 26% external, 0% internal; Reserve: 103M, Max: 1024K
[25.427s][info][gc,stats    ] 
[25.427s][info][gc,stats    ] All times are wall-clock times, except per-root-class counters, that are sum over
[25.427s][info][gc,stats    ] all workers. Dividing the <total> over the root stage time estimates parallelism.
[25.427s][info][gc,stats    ] 
[25.427s][info][gc,stats    ] Concurrent Reset                    250 us
[25.427s][info][gc,stats    ] Pause Init Mark (G)                 159 us
[25.427s][info][gc,stats    ] Pause Init Mark (N)                  98 us
[25.427s][info][gc,stats    ]   Update Region States               24 us
[25.427s][info][gc,stats    ] Concurrent Mark Roots               449 us, parallelism: 0.84x
[25.427s][info][gc,stats    ]   CMR: <total>                      376 us
[25.427s][info][gc,stats    ]   CMR: Thread Roots                 328 us, workers (us): 328, ---, ---, 
[25.427s][info][gc,stats    ]   CMR: VM Strong Roots                5 us, workers (us):   5, ---, ---, 
[25.427s][info][gc,stats    ]   CMR: CLDG Roots                    42 us, workers (us):  42, ---, ---, 
[25.427s][info][gc,stats    ] Concurrent Marking                 3918 us
[25.427s][info][gc,stats    ] Pause Final Mark (G)                183 us
[25.427s][info][gc,stats    ] Pause Final Mark (N)                133 us
[25.427s][info][gc,stats    ]   Finish Mark                        34 us
[25.427s][info][gc,stats    ]   Update Region States               28 us
[25.427s][info][gc,stats    ]   Choose Collection Set              25 us
[25.427s][info][gc,stats    ]   Rebuild Free Set                    8 us
[25.427s][info][gc,stats    ] Concurrent Weak References          110 us, parallelism: 0.06x
[25.427s][info][gc,stats    ]   CWRF: <total>                       7 us
[25.427s][info][gc,stats    ]   CWRF: Weak References               7 us, workers (us):   7, ---, ---, 
[25.427s][info][gc,stats    ] Concurrent Weak Roots              5129 us
[25.427s][info][gc,stats    ]   Roots                            4997 us, parallelism: 0.99x
[25.427s][info][gc,stats    ]     CWR: <total>                   4967 us
[25.427s][info][gc,stats    ]     CWR: Code Cache Roots           714 us, workers (us): 714, ---, ---, 
[25.427s][info][gc,stats    ]     CWR: VM Weak Roots             4245 us, workers (us): 4245, ---, ---, 
[25.427s][info][gc,stats    ]     CWR: CLDG Roots                   8 us, workers (us):   8, ---, ---, 
[25.427s][info][gc,stats    ]   Rendezvous                         58 us
[25.427s][info][gc,stats    ] Concurrent Cleanup                   62 us
[25.427s][info][gc,stats    ] Concurrent Class Unloading         3383 us
[25.427s][info][gc,stats    ]   Unlink Stale                     3098 us
[25.427s][info][gc,stats    ]     System Dictionary                10 us
[25.427s][info][gc,stats    ]     Weak Class Links                  0 us
[25.427s][info][gc,stats    ]     Code Roots                     3086 us
[25.427s][info][gc,stats    ]   Rendezvous                         56 us
[25.427s][info][gc,stats    ]   Purge Unlinked                    155 us
[25.427s][info][gc,stats    ]     Code Roots                      151 us
[25.427s][info][gc,stats    ]     CLDG                              4 us
[25.427s][info][gc,stats    ]     Exception Caches                  0 us
[25.427s][info][gc,stats    ] Pause Final Roots (G)               117 us
[25.427s][info][gc,stats    ] Pause Final Roots (N)                49 us
[25.427s][info][gc,stats    ] 
[25.427s][info][gc,stats    ] Allocation pacing accrued:
[25.427s][info][gc,stats    ]       0 of   423 ms (  0.0%): <total>
[25.427s][info][gc,stats    ]       0 of   423 ms (  0.0%): <average total>
[25.427s][info][gc,stats    ] 
[25.427s][info][gc,metaspace] Metaspace: 14176K(14528K)->14176K(14528K) NonClass: 12271K(12480K)->12271K(12480K) Class: 1905K(2048K)->1905K(2048K)
[25.427s][info][gc,ergo     ] Pacer for Idle. Initial: 41943K, Alloc Tax Rate: 1.0x
[25.842s][info][gc          ] Trigger: Learning 4 of 5. Free (1432M) is below initial threshold (1433M)
[25.842s][info][gc,ergo     ] Free: 1432M, Max: 1024K regular, 1419M humongous, Frag: 1% external, 0% internal; Reserve: 103M, Max: 1024K
[25.842s][info][gc,start    ] GC(58) Concurrent reset
[25.842s][info][gc,task     ] GC(58) Using 1 of 3 workers for concurrent reset
[25.842s][info][gc,ergo     ] GC(58) Pacer for Reset. Non-Taxable: 2048M
[25.842s][info][gc          ] GC(58) Concurrent reset 0.229ms
[25.842s][info][gc,start    ] GC(58) Pause Init Mark (unload classes)
[25.842s][info][gc,task     ] GC(58) Using 3 of 3 workers for init marking
[25.842s][info][gc,ergo     ] GC(58) Pacer for Mark. Expected Live: 4510K, Free: 1432M, Non-Taxable: 143M, Alloc Tax Rate: 0.0x
[25.842s][info][gc          ] GC(58) Pause Init Mark (unload classes) 0.069ms
[25.842s][info][gc,start    ] GC(58) Concurrent marking roots
[25.842s][info][gc,task     ] GC(58) Using 1 of 3 workers for concurrent marking roots
[25.843s][info][gc          ] GC(58) Concurrent marking roots 0.421ms
[25.843s][info][gc,start    ] GC(58) Concurrent marking (unload classes)
[25.843s][info][gc,task     ] GC(58) Using 1 of 3 workers for concurrent marking
[25.847s][info][gc          ] GC(58) Concurrent marking (unload classes) 3.955ms
[25.847s][info][gc,start    ] GC(58) Pause Final Mark (unload classes)
[25.847s][info][gc,task     ] GC(58) Using 3 of 3 workers for final marking
[25.847s][info][gc,ergo     ] GC(58) Collectable Garbage: 477M (93%), Immediate: 477M (93%), CSet: 0B (0%)
[25.847s][info][gc          ] GC(58) Pause Final Mark (unload classes) 0.140ms
[25.847s][info][gc,start    ] GC(58) Concurrent weak references
[25.847s][info][gc,task     ] GC(58) Using 1 of 3 workers for concurrent weak references
[25.847s][info][gc,ref      ] GC(58) Encountered references: Soft: 140, Weak: 729, Final: 0, Phantom: 64
[25.847s][info][gc,ref      ] GC(58) Discovered  references: Soft: 0, Weak: 147, Final: 0, Phantom: 37
[25.847s][info][gc,ref      ] GC(58) Enqueued    references: Soft: 0, Weak: 0, Final: 0, Phantom: 0
[25.847s][info][gc          ] GC(58) Concurrent weak references 0.059ms
[25.847s][info][gc,start    ] GC(58) Concurrent weak roots
[25.847s][info][gc,task     ] GC(58) Using 1 of 3 workers for concurrent weak root
[25.850s][info][gc          ] GC(58) Concurrent weak roots 3.018ms
[25.850s][info][gc,start    ] GC(58) Concurrent cleanup
[25.850s][info][gc          ] GC(58) Concurrent cleanup 524M->46M(2048M) 0.053ms
[25.850s][info][gc,ergo     ] GC(58) Free: 1898M, Max: 1024K regular, 1422M humongous, Frag: 26% external, 0% internal; Reserve: 103M, Max: 1024K
[25.850s][info][gc,start    ] GC(58) Concurrent class unloading
[25.850s][info][gc,task     ] GC(58) Using 1 of 3 workers for concurrent class unloading
[25.853s][info][gc          ] GC(58) Concurrent class unloading 3.051ms
[25.853s][info][gc,start    ] GC(58) Pause Final Roots
[25.853s][info][gc          ] GC(58) Pause Final Roots 0.037ms
[25.853s][info][gc,ergo     ] Free: 1897M, Max: 1024K regular, 1422M humongous, Frag: 26% external, 0% internal; Reserve: 103M, Max: 1024K
[25.853s][info][gc,stats    ] 
[25.853s][info][gc,stats    ] All times are wall-clock times, except per-root-class counters, that are sum over
[25.853s][info][gc,stats    ] all workers. Dividing the <total> over the root stage time estimates parallelism.
[25.853s][info][gc,stats    ] 
[25.853s][info][gc,stats    ] Concurrent Reset                    282 us
[25.853s][info][gc,stats    ] Pause Init Mark (G)                 172 us
[25.854s][info][gc,stats    ] Pause Init Mark (N)                  78 us
[25.854s][info][gc,stats    ]   Update Region States               25 us
[25.854s][info][gc,stats    ] Concurrent Mark Roots               435 us, parallelism: 0.83x
[25.854s][info][gc,stats    ]   CMR: <total>                      363 us
[25.854s][info][gc,stats    ]   CMR: Thread Roots                 320 us, workers (us): 320, ---, ---, 
[25.854s][info][gc,stats    ]   CMR: VM Strong Roots                5 us, workers (us):   5, ---, ---, 
[25.854s][info][gc,stats    ]   CMR: CLDG Roots                    38 us, workers (us):  38, ---, ---, 
[25.854s][info][gc,stats    ] Concurrent Marking                 4010 us
[25.854s][info][gc,stats    ] Pause Final Mark (G)                203 us
[25.854s][info][gc,stats    ] Pause Final Mark (N)                150 us
[25.854s][info][gc,stats    ]   Finish Mark                        33 us
[25.854s][info][gc,stats    ]   Update Region States               28 us
[25.854s][info][gc,stats    ]   Choose Collection Set              47 us
[25.854s][info][gc,stats    ]   Rebuild Free Set                    8 us
[25.854s][info][gc,stats    ] Concurrent Weak References           66 us, parallelism: 0.10x
[25.854s][info][gc,stats    ]   CWRF: <total>                       6 us
[25.854s][info][gc,stats    ]   CWRF: Weak References               6 us, workers (us):   6, ---, ---, 
[25.854s][info][gc,stats    ] Concurrent Weak Roots              3054 us
[25.854s][info][gc,stats    ]   Roots                            2956 us, parallelism: 0.99x
[25.854s][info][gc,stats    ]     CWR: <total>                   2926 us
[25.854s][info][gc,stats    ]     CWR: Code Cache Roots           637 us, workers (us): 637, ---, ---, 
[25.854s][info][gc,stats    ]     CWR: VM Weak Roots             2282 us, workers (us): 2282, ---, ---, 
[25.854s][info][gc,stats    ]     CWR: CLDG Roots                   7 us, workers (us):   7, ---, ---, 
[25.854s][info][gc,stats    ]   Rendezvous                         46 us
[25.854s][info][gc,stats    ] Concurrent Cleanup                   62 us
[25.854s][info][gc,stats    ] Concurrent Class Unloading         3097 us
[25.854s][info][gc,stats    ]   Unlink Stale                     2853 us
[25.854s][info][gc,stats    ]     System Dictionary                 9 us
[25.854s][info][gc,stats    ]     Weak Class Links                  0 us
[25.854s][info][gc,stats    ]     Code Roots                     2843 us
[25.854s][info][gc,stats    ]   Rendezvous                         47 us
[25.854s][info][gc,stats    ]   Purge Unlinked                    135 us
[25.854s][info][gc,stats    ]     Code Roots                      132 us
[25.854s][info][gc,stats    ]     CLDG                              2 us
[25.854s][info][gc,stats    ]     Exception Caches                  0 us
[25.854s][info][gc,stats    ] Pause Final Roots (G)               109 us
[25.854s][info][gc,stats    ] Pause Final Roots (N)                46 us
[25.854s][info][gc,stats    ] 
[25.854s][info][gc,stats    ] Allocation pacing accrued:
[25.854s][info][gc,stats    ]       0 of   427 ms (  0.0%): <total>
[25.854s][info][gc,stats    ]       0 of   427 ms (  0.0%): <average total>
[25.854s][info][gc,stats    ] 
[25.854s][info][gc,metaspace] Metaspace: 14176K(14528K)->14176K(14528K) NonClass: 12271K(12480K)->12271K(12480K) Class: 1905K(2048K)->1905K(2048K)
[25.854s][info][gc,ergo     ] Pacer for Idle. Initial: 41943K, Alloc Tax Rate: 1.0x
[26.263s][info][gc          ] Trigger: Learning 5 of 5. Free (1432M) is below initial threshold (1433M)
[26.263s][info][gc,ergo     ] Free: 1432M, Max: 1024K regular, 1422M humongous, Frag: 1% external, 0% internal; Reserve: 103M, Max: 1024K
[26.263s][info][gc,start    ] GC(59) Concurrent reset
[26.263s][info][gc,task     ] GC(59) Using 1 of 3 workers for concurrent reset
[26.263s][info][gc,ergo     ] GC(59) Pacer for Reset. Non-Taxable: 2048M
[26.263s][info][gc          ] GC(59) Concurrent reset 0.237ms
[26.263s][info][gc,start    ] GC(59) Pause Init Mark (unload classes)
[26.263s][info][gc,task     ] GC(59) Using 3 of 3 workers for init marking
[26.263s][info][gc,ergo     ] GC(59) Pacer for Mark. Expected Live: 4510K, Free: 1432M, Non-Taxable: 143M, Alloc Tax Rate: 0.0x
[26.263s][info][gc          ] GC(59) Pause Init Mark (unload classes) 0.074ms
[26.263s][info][gc,start    ] GC(59) Concurrent marking roots
[26.263s][info][gc,task     ] GC(59) Using 1 of 3 workers for concurrent marking roots
[26.264s][info][gc          ] GC(59) Concurrent marking roots 0.407ms
[26.264s][info][gc,start    ] GC(59) Concurrent marking (unload classes)
[26.264s][info][gc,task     ] GC(59) Using 1 of 3 workers for concurrent marking
[26.268s][info][gc          ] GC(59) Concurrent marking (unload classes) 3.991ms
[26.268s][info][gc,start    ] GC(59) Pause Final Mark (unload classes)
[26.268s][info][gc,task     ] GC(59) Using 3 of 3 workers for final marking
[26.268s][info][gc,ergo     ] GC(59) Collectable Garbage: 474M (93%), Immediate: 474M (93%), CSet: 0B (0%)
[26.268s][info][gc          ] GC(59) Pause Final Mark (unload classes) 0.151ms
[26.268s][info][gc,start    ] GC(59) Concurrent weak references
[26.268s][info][gc,task     ] GC(59) Using 1 of 3 workers for concurrent weak references
[26.268s][info][gc,ref      ] GC(59) Encountered references: Soft: 140, Weak: 729, Final: 0, Phantom: 64
[26.268s][info][gc,ref      ] GC(59) Discovered  references: Soft: 0, Weak: 147, Final: 0, Phantom: 37
[26.268s][info][gc,ref      ] GC(59) Enqueued    references: Soft: 0, Weak: 0, Final: 0, Phantom: 0
[26.268s][info][gc          ] GC(59) Concurrent weak references 0.060ms
[26.268s][info][gc,start    ] GC(59) Concurrent weak roots
[26.268s][info][gc,task     ] GC(59) Using 1 of 3 workers for concurrent weak root
[26.272s][info][gc          ] GC(59) Concurrent weak roots 3.415ms
[26.272s][info][gc,start    ] GC(59) Concurrent cleanup
[26.272s][info][gc          ] GC(59) Concurrent cleanup 525M->50M(2048M) 0.051ms
[26.272s][info][gc,ergo     ] GC(59) Free: 1894M, Max: 1024K regular, 1419M humongous, Frag: 26% external, 0% internal; Reserve: 103M, Max: 1024K
[26.272s][info][gc,start    ] GC(59) Concurrent class unloading
[26.272s][info][gc,task     ] GC(59) Using 1 of 3 workers for concurrent class unloading
[26.275s][info][gc          ] GC(59) Concurrent class unloading 3.009ms
[26.275s][info][gc,start    ] GC(59) Pause Final Roots
[26.275s][info][gc          ] GC(59) Pause Final Roots 0.038ms
[26.275s][info][gc,ergo     ] Free: 1893M, Max: 1024K regular, 1419M humongous, Frag: 26% external, 0% internal; Reserve: 103M, Max: 1024K
[26.275s][info][gc,stats    ] 
[26.275s][info][gc,stats    ] All times are wall-clock times, except per-root-class counters, that are sum over
[26.275s][info][gc,stats    ] all workers. Dividing the <total> over the root stage time estimates parallelism.
[26.275s][info][gc,stats    ] 
[26.275s][info][gc,stats    ] Concurrent Reset                    281 us
[26.275s][info][gc,stats    ] Pause Init Mark (G)                 202 us
[26.275s][info][gc,stats    ] Pause Init Mark (N)                  82 us
[26.275s][info][gc,stats    ]   Update Region States               27 us
[26.275s][info][gc,stats    ] Concurrent Mark Roots               421 us, parallelism: 0.85x
[26.275s][info][gc,stats    ]   CMR: <total>                      356 us
[26.275s][info][gc,stats    ]   CMR: Thread Roots                 315 us, workers (us): 315, ---, ---, 
[26.275s][info][gc,stats    ]   CMR: VM Strong Roots                4 us, workers (us):   4, ---, ---, 
[26.275s][info][gc,stats    ]   CMR: CLDG Roots                    37 us, workers (us):  37, ---, ---, 
[26.275s][info][gc,stats    ] Concurrent Marking                 4043 us
[26.275s][info][gc,stats    ] Pause Final Mark (G)                210 us
[26.275s][info][gc,stats    ] Pause Final Mark (N)                164 us
[26.275s][info][gc,stats    ]   Finish Mark                        33 us
[26.275s][info][gc,stats    ]   Update Region States               27 us
[26.275s][info][gc,stats    ]   Choose Collection Set              37 us
[26.275s][info][gc,stats    ]   Rebuild Free Set                    8 us
[26.275s][info][gc,stats    ] Concurrent Weak References           67 us, parallelism: 0.10x
[26.275s][info][gc,stats    ]   CWRF: <total>                       7 us
[26.275s][info][gc,stats    ]   CWRF: Weak References               7 us, workers (us):   7, ---, ---, 
[26.275s][info][gc,stats    ] Concurrent Weak Roots              3449 us
[26.275s][info][gc,stats    ]   Roots                            3311 us, parallelism: 0.99x
[26.275s][info][gc,stats    ]     CWR: <total>                   3289 us
[26.275s][info][gc,stats    ]     CWR: Code Cache Roots           645 us, workers (us): 645, ---, ---, 
[26.275s][info][gc,stats    ]     CWR: VM Weak Roots             2637 us, workers (us): 2637, ---, ---, 
[26.275s][info][gc,stats    ]     CWR: CLDG Roots                   7 us, workers (us):   7, ---, ---, 
[26.275s][info][gc,stats    ]   Rendezvous                         88 us
[26.275s][info][gc,stats    ] Concurrent Cleanup                   59 us
[26.275s][info][gc,stats    ] Concurrent Class Unloading         3060 us
[26.275s][info][gc,stats    ]   Unlink Stale                     2837 us
[26.275s][info][gc,stats    ]     System Dictionary                 8 us
[26.275s][info][gc,stats    ]     Weak Class Links                  0 us
[26.275s][info][gc,stats    ]     Code Roots                     2828 us
[26.275s][info][gc,stats    ]   Rendezvous                         30 us
[26.275s][info][gc,stats    ]   Purge Unlinked                    125 us
[26.275s][info][gc,stats    ]     Code Roots                      120 us
[26.275s][info][gc,stats    ]     CLDG                              4 us
[26.275s][info][gc,stats    ]     Exception Caches                  0 us
[26.275s][info][gc,stats    ] Pause Final Roots (G)               112 us
[26.275s][info][gc,stats    ] Pause Final Roots (N)                47 us
[26.275s][info][gc,stats    ] 
[26.275s][info][gc,stats    ] Allocation pacing accrued:
[26.275s][info][gc,stats    ]       0 of   422 ms (  0.0%): <total>
[26.275s][info][gc,stats    ]       0 of   422 ms (  0.0%): <average total>
[26.275s][info][gc,stats    ] 
[26.275s][info][gc,metaspace] Metaspace: 14176K(14528K)->14176K(14528K) NonClass: 12271K(12480K)->12271K(12480K) Class: 1905K(2048K)->1905K(2048K)
[26.275s][info][gc,ergo     ] Pacer for Idle. Initial: 41943K, Alloc Tax Rate: 1.0x
[26.504s][info][gc          ] Trigger: Explicit GC request (System.gc())
[26.505s][info][gc,ergo     ] Free: 1719M, Max: 1024K regular, 1419M humongous, Frag: 18% external, 0% internal; Reserve: 103M, Max: 1024K
[26.505s][info][gc,start    ] GC(60) Concurrent reset
[26.505s][info][gc,task     ] GC(60) Using 1 of 3 workers for concurrent reset
[26.505s][info][gc,ergo     ] GC(60) Pacer for Reset. Non-Taxable: 2048M
[26.505s][info][gc          ] GC(60) Concurrent reset 0.487ms
[26.505s][info][gc,start    ] GC(60) Pause Init Mark (unload classes)
[26.505s][info][gc,task     ] GC(60) Using 3 of 3 workers for init marking
[26.506s][info][gc,ref      ] GC(60) Clearing All SoftReferences
[26.506s][info][gc,ergo     ] GC(60) Pacer for Mark. Expected Live: 4515K, Free: 1719M, Non-Taxable: 171M, Alloc Tax Rate: 0.0x
[26.506s][info][gc          ] GC(60) Pause Init Mark (unload classes) 0.371ms
[26.506s][info][gc,start    ] GC(60) Concurrent marking roots
[26.506s][info][gc,task     ] GC(60) Using 1 of 3 workers for concurrent marking roots
[26.506s][info][gc          ] GC(60) Concurrent marking roots 0.415ms
[26.506s][info][gc,start    ] GC(60) Concurrent marking (unload classes)
[26.506s][info][gc,task     ] GC(60) Using 1 of 3 workers for concurrent marking
[26.510s][info][gc          ] GC(60) Concurrent marking (unload classes) 4.277ms
[26.511s][info][gc,start    ] GC(60) Pause Final Mark (unload classes)
[26.511s][info][gc,task     ] GC(60) Using 3 of 3 workers for final marking
[26.511s][info][gc,ergo     ] GC(60) Collectable Garbage: 205M (92%), Immediate: 205M (92%), CSet: 0B (0%)
[26.511s][info][gc          ] GC(60) Pause Final Mark (unload classes) 0.270ms
[26.511s][info][gc,start    ] GC(60) Concurrent weak references
[26.511s][info][gc,task     ] GC(60) Using 1 of 3 workers for concurrent weak references
[26.511s][info][gc,ref      ] GC(60) Encountered references: Soft: 140, Weak: 713, Final: 0, Phantom: 64
[26.511s][info][gc,ref      ] GC(60) Discovered  references: Soft: 88, Weak: 169, Final: 0, Phantom: 62
[26.511s][info][gc,ref      ] GC(60) Enqueued    references: Soft: 3, Weak: 0, Final: 0, Phantom: 0
[26.511s][info][gc          ] GC(60) Concurrent weak references 0.154ms
[26.511s][info][gc,start    ] GC(60) Concurrent weak roots
[26.511s][info][gc,task     ] GC(60) Using 1 of 3 workers for concurrent weak root
[26.514s][info][gc          ] GC(60) Concurrent weak roots 2.826ms
[26.514s][info][gc,start    ] GC(60) Concurrent cleanup
[26.514s][info][gc          ] GC(60) Concurrent cleanup 225M->19M(2048M) 0.070ms
[26.514s][info][gc,ergo     ] GC(60) Free: 1925M, Max: 1024K regular, 1444M humongous, Frag: 25% external, 0% internal; Reserve: 103M, Max: 1024K
[26.514s][info][gc,start    ] GC(60) Concurrent class unloading
[26.514s][info][gc,task     ] GC(60) Using 1 of 3 workers for concurrent class unloading
[26.518s][info][gc          ] GC(60) Concurrent class unloading 3.747ms
[26.518s][info][gc,start    ] GC(60) Pause Final Roots
[26.518s][info][gc          ] GC(60) Pause Final Roots 0.057ms
[26.518s][info][gc,ergo     ] Free: 1925M, Max: 1024K regular, 1444M humongous, Frag: 25% external, 0% internal; Reserve: 103M, Max: 1024K
[26.518s][info][gc,stats    ] 
[26.518s][info][gc,stats    ] All times are wall-clock times, except per-root-class counters, that are sum over
[26.518s][info][gc,stats    ] all workers. Dividing the <total> over the root stage time estimates parallelism.
[26.518s][info][gc,stats    ] 
[26.518s][info][gc,stats    ] Concurrent Reset                    538 us
[26.518s][info][gc,stats    ] Pause Init Mark (G)                 531 us
[26.518s][info][gc,stats    ] Pause Init Mark (N)                 394 us
[26.518s][info][gc,stats    ]   Update Region States              167 us
[26.518s][info][gc,stats    ] Concurrent Mark Roots               459 us, parallelism: 0.76x
[26.518s][info][gc,stats    ]   CMR: <total>                      347 us
[26.518s][info][gc,stats    ]   CMR: Thread Roots                 304 us, workers (us): 304, ---, ---, 
[26.518s][info][gc,stats    ]   CMR: VM Strong Roots                4 us, workers (us):   4, ---, ---, 
[26.518s][info][gc,stats    ]   CMR: CLDG Roots                    39 us, workers (us):  39, ---, ---, 
[26.518s][info][gc,stats    ] Concurrent Marking                 4339 us
[26.518s][info][gc,stats    ] Pause Final Mark (G)                390 us
[26.518s][info][gc,stats    ] Pause Final Mark (N)                279 us
[26.518s][info][gc,stats    ]   Finish Mark                       100 us
[26.518s][info][gc,stats    ]   Update Region States               55 us
[26.518s][info][gc,stats    ]   Choose Collection Set              32 us
[26.518s][info][gc,stats    ]   Rebuild Free Set                    8 us
[26.518s][info][gc,stats    ] Concurrent Weak References          170 us, parallelism: 0.04x
[26.518s][info][gc,stats    ]   CWRF: <total>                       7 us
[26.519s][info][gc,stats    ]   CWRF: Weak References               7 us, workers (us):   7, ---, ---, 
[26.519s][info][gc,stats    ] Concurrent Weak Roots              2874 us
[26.519s][info][gc,stats    ]   Roots                            2668 us, parallelism: 0.87x
[26.519s][info][gc,stats    ]     CWR: <total>                   2330 us
[26.519s][info][gc,stats    ]     CWR: Code Cache Roots           571 us, workers (us): 571, ---, ---, 
[26.519s][info][gc,stats    ]     CWR: VM Weak Roots             1752 us, workers (us): 1752, ---, ---, 
[26.519s][info][gc,stats    ]     CWR: CLDG Roots                   7 us, workers (us):   7, ---, ---, 
[26.519s][info][gc,stats    ]   Rendezvous                        124 us
[26.519s][info][gc,stats    ] Concurrent Cleanup                  101 us
[26.519s][info][gc,stats    ] Concurrent Class Unloading         3810 us
[26.519s][info][gc,stats    ]   Unlink Stale                     3426 us
[26.519s][info][gc,stats    ]     System Dictionary                10 us
[26.519s][info][gc,stats    ]     Weak Class Links                  0 us
[26.519s][info][gc,stats    ]     Code Roots                     3414 us
[26.519s][info][gc,stats    ]   Rendezvous                        129 us
[26.519s][info][gc,stats    ]   Purge Unlinked                    148 us
[26.519s][info][gc,stats    ]     Code Roots                      138 us
[26.519s][info][gc,stats    ]     CLDG                              9 us
[26.519s][info][gc,stats    ]     Exception Caches                  0 us
[26.519s][info][gc,stats    ] Pause Final Roots (G)               169 us
[26.519s][info][gc,stats    ] Pause Final Roots (N)                76 us
[26.519s][info][gc,stats    ] 
[26.519s][info][gc,stats    ] Allocation pacing accrued:
[26.519s][info][gc,stats    ]       0 of   243 ms (  0.0%): <total>
[26.519s][info][gc,stats    ]       0 of   243 ms (  0.0%): <average total>
[26.519s][info][gc,stats    ] 
[26.519s][info][gc,metaspace] Metaspace: 14176K(14528K)->14176K(14528K) NonClass: 12271K(12480K)->12271K(12480K) Class: 1905K(2048K)->1905K(2048K)
[26.519s][info][gc,ergo     ] Pacer for Idle. Initial: 41943K, Alloc Tax Rate: 1.0x
[26.951s][info][gc          ] Trigger: Learning 2 of 5. Free (1433M) is below initial threshold (1433M)
[26.952s][info][gc,ergo     ] Free: 1433M, Max: 1024K regular, 1433M humongous, Frag: 0% external, 0% internal; Reserve: 103M, Max: 1024K
[26.952s][info][gc,start    ] GC(61) Concurrent reset
[26.952s][info][gc,task     ] GC(61) Using 1 of 3 workers for concurrent reset
[26.952s][info][gc,ergo     ] GC(61) Pacer for Reset. Non-Taxable: 2048M
[26.952s][info][gc          ] GC(61) Concurrent reset 0.178ms
[26.952s][info][gc,start    ] GC(61) Pause Init Mark (unload classes)
[26.952s][info][gc,task     ] GC(61) Using 3 of 3 workers for init marking
[26.952s][info][gc,ergo     ] GC(61) Pacer for Mark. Expected Live: 4515K, Free: 1433M, Non-Taxable: 143M, Alloc Tax Rate: 0.0x
[26.952s][info][gc          ] GC(61) Pause Init Mark (unload classes) 0.095ms
[26.952s][info][gc,start    ] GC(61) Concurrent marking roots
[26.952s][info][gc,task     ] GC(61) Using 1 of 3 workers for concurrent marking roots
[26.952s][info][gc          ] GC(61) Concurrent marking roots 0.425ms
[26.952s][info][gc,start    ] GC(61) Concurrent marking (unload classes)
[26.952s][info][gc,task     ] GC(61) Using 1 of 3 workers for concurrent marking
[26.956s][info][gc          ] GC(61) Concurrent marking (unload classes) 3.895ms
[26.956s][info][gc,start    ] GC(61) Pause Final Mark (unload classes)
[26.956s][info][gc,task     ] GC(61) Using 3 of 3 workers for final marking
[26.956s][info][gc,ergo     ] GC(61) Collectable Garbage: 477M (93%), Immediate: 477M (93%), CSet: 0B (0%)
[26.957s][info][gc          ] GC(61) Pause Final Mark (unload classes) 0.168ms
[26.957s][info][gc,start    ] GC(61) Concurrent weak references
[26.957s][info][gc,task     ] GC(61) Using 1 of 3 workers for concurrent weak references
[26.957s][info][gc,ref      ] GC(61) Encountered references: Soft: 140, Weak: 735, Final: 0, Phantom: 64
[26.957s][info][gc,ref      ] GC(61) Discovered  references: Soft: 0, Weak: 151, Final: 0, Phantom: 37
[26.957s][info][gc,ref      ] GC(61) Enqueued    references: Soft: 0, Weak: 2, Final: 0, Phantom: 0
[26.957s][info][gc          ] GC(61) Concurrent weak references 0.064ms
[26.957s][info][gc,start    ] GC(61) Concurrent weak roots
[26.957s][info][gc,task     ] GC(61) Using 1 of 3 workers for concurrent weak root
[26.961s][info][gc          ] GC(61) Concurrent weak roots 3.997ms
[26.961s][info][gc,start    ] GC(61) Concurrent cleanup
[26.961s][info][gc          ] GC(61) Concurrent cleanup 524M->47M(2048M) 0.051ms
[26.961s][info][gc,ergo     ] GC(61) Free: 1898M, Max: 1024K regular, 1421M humongous, Frag: 26% external, 0% internal; Reserve: 103M, Max: 1024K
[26.961s][info][gc,start    ] GC(61) Concurrent class unloading
[26.961s][info][gc,task     ] GC(61) Using 1 of 3 workers for concurrent class unloading
[26.964s][info][gc          ] GC(61) Concurrent class unloading 3.045ms
[26.964s][info][gc,start    ] GC(61) Pause Final Roots
[26.964s][info][gc          ] GC(61) Pause Final Roots 0.038ms
[26.964s][info][gc,ergo     ] Free: 1894M, Max: 1024K regular, 1421M humongous, Frag: 25% external, 0% internal; Reserve: 103M, Max: 1024K
[26.964s][info][gc,stats    ] 
[26.964s][info][gc,stats    ] All times are wall-clock times, except per-root-class counters, that are sum over
[26.964s][info][gc,stats    ] all workers. Dividing the <total> over the root stage time estimates parallelism.
[26.964s][info][gc,stats    ] 
[26.964s][info][gc,stats    ] Concurrent Reset                    191 us
[26.964s][info][gc,stats    ] Pause Init Mark (G)                 197 us
[26.964s][info][gc,stats    ] Pause Init Mark (N)                 103 us
[26.964s][info][gc,stats    ]   Update Region States               31 us
[26.964s][info][gc,stats    ] Concurrent Mark Roots               443 us, parallelism: 0.85x
[26.964s][info][gc,stats    ]   CMR: <total>                      376 us
[26.964s][info][gc,stats    ]   CMR: Thread Roots                 330 us, workers (us): 330, ---, ---, 
[26.964s][info][gc,stats    ]   CMR: VM Strong Roots                6 us, workers (us):   6, ---, ---, 
[26.964s][info][gc,stats    ]   CMR: CLDG Roots                    40 us, workers (us):  40, ---, ---, 
[26.964s][info][gc,stats    ] Concurrent Marking                 3944 us
[26.964s][info][gc,stats    ] Pause Final Mark (G)                235 us
[26.964s][info][gc,stats    ] Pause Final Mark (N)                177 us
[26.964s][info][gc,stats    ]   Finish Mark                        59 us
[26.964s][info][gc,stats    ]   Update Region States               29 us
[26.964s][info][gc,stats    ]   Choose Collection Set              30 us
[26.964s][info][gc,stats    ]   Rebuild Free Set                    7 us
[26.964s][info][gc,stats    ] Concurrent Weak References           72 us, parallelism: 0.10x
[26.964s][info][gc,stats    ]   CWRF: <total>                       7 us
[26.964s][info][gc,stats    ]   CWRF: Weak References               7 us, workers (us):   7, ---, ---, 
[26.964s][info][gc,stats    ] Concurrent Weak Roots              4033 us
[26.964s][info][gc,stats    ]   Roots                            3929 us, parallelism: 0.99x
[26.964s][info][gc,stats    ]     CWR: <total>                   3901 us
[26.964s][info][gc,stats    ]     CWR: Code Cache Roots           642 us, workers (us): 642, ---, ---, 
[26.964s][info][gc,stats    ]     CWR: VM Weak Roots             3251 us, workers (us): 3251, ---, ---, 
[26.964s][info][gc,stats    ]     CWR: CLDG Roots                   7 us, workers (us):   7, ---, ---, 
[26.964s][info][gc,stats    ]   Rendezvous                         52 us
[26.964s][info][gc,stats    ] Concurrent Cleanup                   60 us
[26.964s][info][gc,stats    ] Concurrent Class Unloading         3094 us
[26.964s][info][gc,stats    ]   Unlink Stale                     2848 us
[26.964s][info][gc,stats    ]     System Dictionary                 8 us
[26.964s][info][gc,stats    ]     Weak Class Links                  0 us
[26.964s][info][gc,stats    ]     Code Roots                     2839 us
[26.964s][info][gc,stats    ]   Rendezvous                         52 us
[26.964s][info][gc,stats    ]   Purge Unlinked                    127 us
[26.964s][info][gc,stats    ]     Code Roots                      124 us
[26.964s][info][gc,stats    ]     CLDG                              2 us
[26.964s][info][gc,stats    ]     Exception Caches                  0 us
[26.964s][info][gc,stats    ] Pause Final Roots (G)                96 us
[26.964s][info][gc,stats    ] Pause Final Roots (N)                47 us
[26.964s][info][gc,stats    ] 
[26.964s][info][gc,stats    ] Allocation pacing accrued:
[26.964s][info][gc,stats    ]       0 of   446 ms (  0.0%): <total>
[26.964s][info][gc,stats    ]       0 of   446 ms (  0.0%): <average total>
[26.964s][info][gc,stats    ] 
[26.964s][info][gc,metaspace] Metaspace: 14178K(14528K)->14178K(14528K) NonClass: 12272K(12480K)->12272K(12480K) Class: 1905K(2048K)->1905K(2048K)
[26.964s][info][gc,ergo     ] Pacer for Idle. Initial: 41943K, Alloc Tax Rate: 1.0x
[27.370s][info][gc          ] Trigger: Learning 3 of 5. Free (1433M) is below initial threshold (1433M)
[27.370s][info][gc,ergo     ] Free: 1433M, Max: 1024K regular, 1421M humongous, Frag: 1% external, 0% internal; Reserve: 103M, Max: 1024K
[27.370s][info][gc,start    ] GC(62) Concurrent reset
[27.370s][info][gc,task     ] GC(62) Using 1 of 3 workers for concurrent reset
[27.370s][info][gc,ergo     ] GC(62) Pacer for Reset. Non-Taxable: 2048M
[27.370s][info][gc          ] GC(62) Concurrent reset 0.216ms
[27.371s][info][gc,start    ] GC(62) Pause Init Mark (unload classes)
[27.371s][info][gc,task     ] GC(62) Using 3 of 3 workers for init marking
[27.371s][info][gc,ergo     ] GC(62) Pacer for Mark. Expected Live: 4515K, Free: 1432M, Non-Taxable: 143M, Alloc Tax Rate: 0.0x
[27.371s][info][gc          ] GC(62) Pause Init Mark (unload classes) 0.113ms
[27.371s][info][gc,start    ] GC(62) Concurrent marking roots
[27.371s][info][gc,task     ] GC(62) Using 1 of 3 workers for concurrent marking roots
[27.371s][info][gc          ] GC(62) Concurrent marking roots 0.410ms
[27.371s][info][gc,start    ] GC(62) Concurrent marking (unload classes)
[27.371s][info][gc,task     ] GC(62) Using 1 of 3 workers for concurrent marking
[27.375s][info][gc          ] GC(62) Concurrent marking (unload classes) 4.043ms
[27.375s][info][gc,start    ] GC(62) Pause Final Mark (unload classes)
[27.375s][info][gc,task     ] GC(62) Using 3 of 3 workers for final marking
[27.375s][info][gc,ergo     ] GC(62) Collectable Garbage: 475M (93%), Immediate: 475M (93%), CSet: 0B (0%)
[27.375s][info][gc          ] GC(62) Pause Final Mark (unload classes) 0.166ms
[27.375s][info][gc,start    ] GC(62) Concurrent weak references
[27.376s][info][gc,task     ] GC(62) Using 1 of 3 workers for concurrent weak references
[27.376s][info][gc,ref      ] GC(62) Encountered references: Soft: 140, Weak: 733, Final: 0, Phantom: 64
[27.376s][info][gc,ref      ] GC(62) Discovered  references: Soft: 0, Weak: 149, Final: 0, Phantom: 37
[27.376s][info][gc,ref      ] GC(62) Enqueued    references: Soft: 0, Weak: 0, Final: 0, Phantom: 0
[27.376s][info][gc          ] GC(62) Concurrent weak references 0.064ms
[27.376s][info][gc,start    ] GC(62) Concurrent weak roots
[27.376s][info][gc,task     ] GC(62) Using 1 of 3 workers for concurrent weak root
[27.380s][info][gc          ] GC(62) Concurrent weak roots 4.648ms
[27.380s][info][gc,start    ] GC(62) Concurrent cleanup
[27.380s][info][gc          ] GC(62) Concurrent cleanup 524M->49M(2048M) 0.054ms
[27.380s][info][gc,ergo     ] GC(62) Free: 1895M, Max: 1024K regular, 1420M humongous, Frag: 26% external, 0% internal; Reserve: 103M, Max: 1024K
[27.380s][info][gc,start    ] GC(62) Concurrent class unloading
[27.380s][info][gc,task     ] GC(62) Using 1 of 3 workers for concurrent class unloading
[27.384s][info][gc          ] GC(62) Concurrent class unloading 3.194ms
[27.384s][info][gc,start    ] GC(62) Pause Final Roots
[27.384s][info][gc          ] GC(62) Pause Final Roots 0.040ms
[27.384s][info][gc,ergo     ] Free: 1890M, Max: 1024K regular, 1420M humongous, Frag: 25% external, 0% internal; Reserve: 103M, Max: 1024K
[27.384s][info][gc,stats    ] 
[27.384s][info][gc,stats    ] All times are wall-clock times, except per-root-class counters, that are sum over
[27.384s][info][gc,stats    ] all workers. Dividing the <total> over the root stage time estimates parallelism.
[27.384s][info][gc,stats    ] 
[27.384s][info][gc,stats    ] Concurrent Reset                    235 us
[27.384s][info][gc,stats    ] Pause Init Mark (G)                 220 us
[27.384s][info][gc,stats    ] Pause Init Mark (N)                 122 us
[27.384s][info][gc,stats    ]   Update Region States               28 us
[27.384s][info][gc,stats    ] Concurrent Mark Roots               422 us, parallelism: 0.85x
[27.384s][info][gc,stats    ]   CMR: <total>                      358 us
[27.384s][info][gc,stats    ]   CMR: Thread Roots                 315 us, workers (us): 315, ---, ---, 
[27.384s][info][gc,stats    ]   CMR: VM Strong Roots                4 us, workers (us):   4, ---, ---, 
[27.384s][info][gc,stats    ]   CMR: CLDG Roots                    38 us, workers (us):  38, ---, ---, 
[27.384s][info][gc,stats    ] Concurrent Marking                 4096 us
[27.384s][info][gc,stats    ] Pause Final Mark (G)                275 us
[27.384s][info][gc,stats    ] Pause Final Mark (N)                175 us
[27.384s][info][gc,stats    ]   Finish Mark                        43 us
[27.384s][info][gc,stats    ]   Update Region States               28 us
[27.384s][info][gc,stats    ]   Choose Collection Set              36 us
[27.384s][info][gc,stats    ]   Rebuild Free Set                    8 us
[27.384s][info][gc,stats    ] Concurrent Weak References           72 us, parallelism: 0.09x
[27.384s][info][gc,stats    ]   CWRF: <total>                       6 us
[27.384s][info][gc,stats    ]   CWRF: Weak References               6 us, workers (us):   6, ---, ---, 
[27.384s][info][gc,stats    ] Concurrent Weak Roots              4696 us
[27.384s][info][gc,stats    ]   Roots                            4574 us, parallelism: 0.99x
[27.384s][info][gc,stats    ]     CWR: <total>                   4533 us
[27.384s][info][gc,stats    ]     CWR: Code Cache Roots           676 us, workers (us): 676, ---, ---, 
[27.384s][info][gc,stats    ]     CWR: VM Weak Roots             3849 us, workers (us): 3849, ---, ---, 
[27.384s][info][gc,stats    ]     CWR: CLDG Roots                   8 us, workers (us):   8, ---, ---, 
[27.384s][info][gc,stats    ]   Rendezvous                         58 us
[27.384s][info][gc,stats    ] Concurrent Cleanup                   63 us
[27.384s][info][gc,stats    ] Concurrent Class Unloading         3244 us
[27.384s][info][gc,stats    ]   Unlink Stale                     2986 us
[27.384s][info][gc,stats    ]     System Dictionary                 9 us
[27.384s][info][gc,stats    ]     Weak Class Links                  0 us
[27.384s][info][gc,stats    ]     Code Roots                     2976 us
[27.384s][info][gc,stats    ]   Rendezvous                         49 us
[27.384s][info][gc,stats    ]   Purge Unlinked                    141 us
[27.384s][info][gc,stats    ]     Code Roots                      136 us
[27.384s][info][gc,stats    ]     CLDG                              4 us
[27.384s][info][gc,stats    ]     Exception Caches                  0 us
[27.384s][info][gc,stats    ] Pause Final Roots (G)               131 us
[27.384s][info][gc,stats    ] Pause Final Roots (N)                49 us
[27.384s][info][gc,stats    ] 
[27.384s][info][gc,stats    ] Allocation pacing accrued:
[27.384s][info][gc,stats    ]       0 of   420 ms (  0.0%): <total>
[27.384s][info][gc,stats    ]       0 of   420 ms (  0.0%): <average total>
[27.384s][info][gc,stats    ] 
[27.384s][info][gc,metaspace] Metaspace: 14178K(14528K)->14178K(14528K) NonClass: 12272K(12480K)->12272K(12480K) Class: 1905K(2048K)->1905K(2048K)
[27.384s][info][gc,ergo     ] Pacer for Idle. Initial: 41943K, Alloc Tax Rate: 1.0x
[27.793s][info][gc          ] Trigger: Learning 4 of 5. Free (1433M) is below initial threshold (1433M)
[27.793s][info][gc,ergo     ] Free: 1433M, Max: 1024K regular, 1420M humongous, Frag: 1% external, 0% internal; Reserve: 103M, Max: 1024K
[27.793s][info][gc,start    ] GC(63) Concurrent reset
[27.793s][info][gc,task     ] GC(63) Using 1 of 3 workers for concurrent reset
[27.793s][info][gc,ergo     ] GC(63) Pacer for Reset. Non-Taxable: 2048M
[27.793s][info][gc          ] GC(63) Concurrent reset 0.265ms
[27.793s][info][gc,start    ] GC(63) Pause Init Mark (unload classes)
[27.793s][info][gc,task     ] GC(63) Using 3 of 3 workers for init marking
[27.793s][info][gc,ergo     ] GC(63) Pacer for Mark. Expected Live: 4515K, Free: 1433M, Non-Taxable: 143M, Alloc Tax Rate: 0.0x
[27.793s][info][gc          ] GC(63) Pause Init Mark (unload classes) 0.076ms
[27.793s][info][gc,start    ] GC(63) Concurrent marking roots
[27.793s][info][gc,task     ] GC(63) Using 1 of 3 workers for concurrent marking roots
[27.793s][info][gc          ] GC(63) Concurrent marking roots 0.408ms
[27.794s][info][gc,start    ] GC(63) Concurrent marking (unload classes)
[27.794s][info][gc,task     ] GC(63) Using 1 of 3 workers for concurrent marking
[27.798s][info][gc          ] GC(63) Concurrent marking (unload classes) 3.991ms
[27.798s][info][gc,start    ] GC(63) Pause Final Mark (unload classes)
[27.798s][info][gc,task     ] GC(63) Using 3 of 3 workers for final marking
[27.798s][info][gc,ergo     ] GC(63) Collectable Garbage: 470M (92%), Immediate: 470M (92%), CSet: 0B (0%)
[27.798s][info][gc          ] GC(63) Pause Final Mark (unload classes) 0.166ms
[27.798s][info][gc,start    ] GC(63) Concurrent weak references
[27.798s][info][gc,task     ] GC(63) Using 1 of 3 workers for concurrent weak references
[27.798s][info][gc,ref      ] GC(63) Encountered references: Soft: 140, Weak: 733, Final: 0, Phantom: 64
[27.798s][info][gc,ref      ] GC(63) Discovered  references: Soft: 0, Weak: 149, Final: 0, Phantom: 37
[27.798s][info][gc,ref      ] GC(63) Enqueued    references: Soft: 0, Weak: 0, Final: 0, Phantom: 0
[27.798s][info][gc          ] GC(63) Concurrent weak references 0.069ms
[27.798s][info][gc,start    ] GC(63) Concurrent weak roots
[27.798s][info][gc,task     ] GC(63) Using 1 of 3 workers for concurrent weak root
[27.801s][info][gc          ] GC(63) Concurrent weak roots 3.127ms
[27.801s][info][gc,start    ] GC(63) Concurrent cleanup
[27.801s][info][gc          ] GC(63) Concurrent cleanup 524M->53M(2048M) 0.052ms
[27.801s][info][gc,ergo     ] GC(63) Free: 1891M, Max: 1024K regular, 1421M humongous, Frag: 25% external, 0% internal; Reserve: 103M, Max: 1024K
[27.801s][info][gc,start    ] GC(63) Concurrent class unloading
[27.801s][info][gc,task     ] GC(63) Using 1 of 3 workers for concurrent class unloading
[27.804s][info][gc          ] GC(63) Concurrent class unloading 3.035ms
[27.804s][info][gc,start    ] GC(63) Pause Final Roots
[27.804s][info][gc          ] GC(63) Pause Final Roots 0.039ms
[27.804s][info][gc,ergo     ] Free: 1890M, Max: 1024K regular, 1421M humongous, Frag: 25% external, 0% internal; Reserve: 103M, Max: 1024K
[27.804s][info][gc,stats    ] 
[27.804s][info][gc,stats    ] All times are wall-clock times, except per-root-class counters, that are sum over
[27.804s][info][gc,stats    ] all workers. Dividing the <total> over the root stage time estimates parallelism.
[27.804s][info][gc,stats    ] 
[27.804s][info][gc,stats    ] Concurrent Reset                    311 us
[27.804s][info][gc,stats    ] Pause Init Mark (G)                 167 us
[27.804s][info][gc,stats    ] Pause Init Mark (N)                  83 us
[27.804s][info][gc,stats    ]   Update Region States               28 us
[27.804s][info][gc,stats    ] Concurrent Mark Roots               422 us, parallelism: 0.86x
[27.804s][info][gc,stats    ]   CMR: <total>                      361 us
[27.804s][info][gc,stats    ]   CMR: Thread Roots                 317 us, workers (us): 317, ---, ---, 
[27.804s][info][gc,stats    ]   CMR: VM Strong Roots                5 us, workers (us):   5, ---, ---, 
[27.804s][info][gc,stats    ]   CMR: CLDG Roots                    39 us, workers (us):  39, ---, ---, 
[27.804s][info][gc,stats    ] Concurrent Marking                 4028 us
[27.804s][info][gc,stats    ] Pause Final Mark (G)                260 us
[27.804s][info][gc,stats    ] Pause Final Mark (N)                180 us
[27.804s][info][gc,stats    ]   Finish Mark                        38 us
[27.804s][info][gc,stats    ]   Update Region States               27 us
[27.804s][info][gc,stats    ]   Choose Collection Set              31 us
[27.804s][info][gc,stats    ]   Rebuild Free Set                    8 us
[27.805s][info][gc,stats    ] Concurrent Weak References           77 us, parallelism: 0.13x
[27.805s][info][gc,stats    ]   CWRF: <total>                      10 us
[27.805s][info][gc,stats    ]   CWRF: Weak References              10 us, workers (us):  10, ---, ---, 
[27.805s][info][gc,stats    ] Concurrent Weak Roots              3159 us
[27.805s][info][gc,stats    ]   Roots                            3059 us, parallelism: 0.99x
[27.805s][info][gc,stats    ]     CWR: <total>                   3037 us
[27.805s][info][gc,stats    ]     CWR: Code Cache Roots           638 us, workers (us): 638, ---, ---, 
[27.805s][info][gc,stats    ]     CWR: VM Weak Roots             2391 us, workers (us): 2391, ---, ---, 
[27.805s][info][gc,stats    ]     CWR: CLDG Roots                   8 us, workers (us):   8, ---, ---, 
[27.805s][info][gc,stats    ]   Rendezvous                         53 us
[27.805s][info][gc,stats    ] Concurrent Cleanup                   61 us
[27.805s][info][gc,stats    ] Concurrent Class Unloading         3087 us
[27.805s][info][gc,stats    ]   Unlink Stale                     2837 us
[27.805s][info][gc,stats    ]     System Dictionary                 8 us
[27.805s][info][gc,stats    ]     Weak Class Links                  0 us
[27.805s][info][gc,stats    ]     Code Roots                     2827 us
[27.805s][info][gc,stats    ]   Rendezvous                         54 us
[27.805s][info][gc,stats    ]   Purge Unlinked                    127 us
[27.805s][info][gc,stats    ]     Code Roots                      124 us
[27.805s][info][gc,stats    ]     CLDG                              3 us
[27.805s][info][gc,stats    ]     Exception Caches                  0 us
[27.805s][info][gc,stats    ] Pause Final Roots (G)               104 us
[27.805s][info][gc,stats    ] Pause Final Roots (N)                47 us
[27.805s][info][gc,stats    ] 
[27.805s][info][gc,stats    ] Allocation pacing accrued:
[27.805s][info][gc,stats    ]       0 of   421 ms (  0.0%): <total>
[27.805s][info][gc,stats    ]       0 of   421 ms (  0.0%): <average total>
[27.805s][info][gc,stats    ] 
[27.805s][info][gc,metaspace] Metaspace: 14178K(14528K)->14178K(14528K) NonClass: 12272K(12480K)->12272K(12480K) Class: 1905K(2048K)->1905K(2048K)
[27.805s][info][gc,ergo     ] Pacer for Idle. Initial: 41943K, Alloc Tax Rate: 1.0x
[28.211s][info][gc          ] Trigger: Learning 5 of 5. Free (1433M) is below initial threshold (1433M)
[28.212s][info][gc,ergo     ] Free: 1432M, Max: 1024K regular, 1421M humongous, Frag: 1% external, 0% internal; Reserve: 103M, Max: 1024K
[28.212s][info][gc,start    ] GC(64) Concurrent reset
[28.212s][info][gc,task     ] GC(64) Using 1 of 3 workers for concurrent reset
[28.212s][info][gc,ergo     ] GC(64) Pacer for Reset. Non-Taxable: 2048M
[28.212s][info][gc          ] GC(64) Concurrent reset 0.240ms
[28.212s][info][gc,start    ] GC(64) Pause Init Mark (unload classes)
[28.212s][info][gc,task     ] GC(64) Using 3 of 3 workers for init marking
[28.212s][info][gc,ergo     ] GC(64) Pacer for Mark. Expected Live: 4515K, Free: 1432M, Non-Taxable: 143M, Alloc Tax Rate: 0.0x
[28.212s][info][gc          ] GC(64) Pause Init Mark (unload classes) 0.092ms
[28.212s][info][gc,start    ] GC(64) Concurrent marking roots
[28.212s][info][gc,task     ] GC(64) Using 1 of 3 workers for concurrent marking roots
[28.212s][info][gc          ] GC(64) Concurrent marking roots 0.446ms
[28.212s][info][gc,start    ] GC(64) Concurrent marking (unload classes)
[28.212s][info][gc,task     ] GC(64) Using 1 of 3 workers for concurrent marking
[28.216s][info][gc          ] GC(64) Concurrent marking (unload classes) 4.050ms
[28.217s][info][gc,start    ] GC(64) Pause Final Mark (unload classes)
[28.217s][info][gc,task     ] GC(64) Using 3 of 3 workers for final marking
[28.217s][info][gc,ergo     ] GC(64) Collectable Garbage: 471M (92%), Immediate: 471M (92%), CSet: 0B (0%)
[28.217s][info][gc          ] GC(64) Pause Final Mark (unload classes) 0.138ms
[28.217s][info][gc,start    ] GC(64) Concurrent weak references
[28.217s][info][gc,task     ] GC(64) Using 1 of 3 workers for concurrent weak references
[28.217s][info][gc,ref      ] GC(64) Encountered references: Soft: 140, Weak: 731, Final: 0, Phantom: 64
[28.217s][info][gc,ref      ] GC(64) Discovered  references: Soft: 0, Weak: 149, Final: 0, Phantom: 37
[28.217s][info][gc,ref      ] GC(64) Enqueued    references: Soft: 0, Weak: 0, Final: 0, Phantom: 0
[28.217s][info][gc          ] GC(64) Concurrent weak references 0.066ms
[28.217s][info][gc,start    ] GC(64) Concurrent weak roots
[28.217s][info][gc,task     ] GC(64) Using 1 of 3 workers for concurrent weak root
[28.220s][info][gc          ] GC(64) Concurrent weak roots 3.373ms
[28.220s][info][gc,start    ] GC(64) Concurrent cleanup
[28.220s][info][gc          ] GC(64) Concurrent cleanup 523M->51M(2048M) 0.052ms
[28.220s][info][gc,ergo     ] GC(64) Free: 1893M, Max: 1024K regular, 1427M humongous, Frag: 25% external, 0% internal; Reserve: 103M, Max: 1024K
[28.220s][info][gc,start    ] GC(64) Concurrent class unloading
[28.220s][info][gc,task     ] GC(64) Using 1 of 3 workers for concurrent class unloading
[28.223s][info][gc          ] GC(64) Concurrent class unloading 3.031ms
[28.223s][info][gc,start    ] GC(64) Pause Final Roots
[28.223s][info][gc          ] GC(64) Pause Final Roots 0.028ms
[28.224s][info][gc,ergo     ] Free: 1891M, Max: 1024K regular, 1427M humongous, Frag: 25% external, 0% internal; Reserve: 103M, Max: 1024K
[28.224s][info][gc,stats    ] 
[28.224s][info][gc,stats    ] All times are wall-clock times, except per-root-class counters, that are sum over
[28.224s][info][gc,stats    ] all workers. Dividing the <total> over the root stage time estimates parallelism.
[28.224s][info][gc,stats    ] 
[28.224s][info][gc,stats    ] Concurrent Reset                    262 us
[28.224s][info][gc,stats    ] Pause Init Mark (G)                 176 us
[28.224s][info][gc,stats    ] Pause Init Mark (N)                 101 us
[28.224s][info][gc,stats    ]   Update Region States               29 us
[28.224s][info][gc,stats    ] Concurrent Mark Roots               460 us, parallelism: 0.86x
[28.224s][info][gc,stats    ]   CMR: <total>                      394 us
[28.224s][info][gc,stats    ]   CMR: Thread Roots                 343 us, workers (us): 343, ---, ---, 
[28.224s][info][gc,stats    ]   CMR: VM Strong Roots                5 us, workers (us):   5, ---, ---, 
[28.224s][info][gc,stats    ]   CMR: CLDG Roots                    45 us, workers (us):  45, ---, ---, 
[28.224s][info][gc,stats    ] Concurrent Marking                 4102 us
[28.224s][info][gc,stats    ] Pause Final Mark (G)                194 us
[28.224s][info][gc,stats    ] Pause Final Mark (N)                146 us
[28.224s][info][gc,stats    ]   Finish Mark                        32 us
[28.224s][info][gc,stats    ]   Update Region States               26 us
[28.224s][info][gc,stats    ]   Choose Collection Set              28 us
[28.224s][info][gc,stats    ]   Rebuild Free Set                    8 us
[28.224s][info][gc,stats    ] Concurrent Weak References           74 us, parallelism: 0.09x
[28.224s][info][gc,stats    ]   CWRF: <total>                       7 us
[28.224s][info][gc,stats    ]   CWRF: Weak References               7 us, workers (us):   7, ---, ---, 
[28.224s][info][gc,stats    ] Concurrent Weak Roots              3420 us
[28.224s][info][gc,stats    ]   Roots                            3303 us, parallelism: 0.99x
[28.224s][info][gc,stats    ]     CWR: <total>                   3275 us
[28.224s][info][gc,stats    ]     CWR: Code Cache Roots           628 us, workers (us): 628, ---, ---, 
[28.224s][info][gc,stats    ]     CWR: VM Weak Roots             2641 us, workers (us): 2641, ---, ---, 
[28.224s][info][gc,stats    ]     CWR: CLDG Roots                   7 us, workers (us):   7, ---, ---, 
[28.224s][info][gc,stats    ]   Rendezvous                         54 us
[28.224s][info][gc,stats    ] Concurrent Cleanup                   61 us
[28.224s][info][gc,stats    ] Concurrent Class Unloading         3074 us
[28.224s][info][gc,stats    ]   Unlink Stale                     2841 us
[28.224s][info][gc,stats    ]     System Dictionary                 7 us
[28.224s][info][gc,stats    ]     Weak Class Links                  0 us
[28.224s][info][gc,stats    ]     Code Roots                     2833 us
[28.224s][info][gc,stats    ]   Rendezvous                         47 us
[28.224s][info][gc,stats    ]   Purge Unlinked                    120 us
[28.224s][info][gc,stats    ]     Code Roots                      117 us
[28.224s][info][gc,stats    ]     CLDG                              3 us
[28.224s][info][gc,stats    ]     Exception Caches                  0 us
[28.224s][info][gc,stats    ] Pause Final Roots (G)                92 us
[28.224s][info][gc,stats    ] Pause Final Roots (N)                36 us
[28.224s][info][gc,stats    ] 
[28.224s][info][gc,stats    ] Allocation pacing accrued:
[28.224s][info][gc,stats    ]       0 of   419 ms (  0.0%): <total>
[28.224s][info][gc,stats    ]       0 of   419 ms (  0.0%): <average total>
[28.224s][info][gc,stats    ] 
[28.224s][info][gc,metaspace] Metaspace: 14178K(14528K)->14178K(14528K) NonClass: 12272K(12480K)->12272K(12480K) Class: 1905K(2048K)->1905K(2048K)
[28.224s][info][gc,ergo     ] Pacer for Idle. Initial: 41943K, Alloc Tax Rate: 1.0x
[28.450s][info][gc          ] Trigger: Explicit GC request (System.gc())
[28.450s][info][gc,ergo     ] Free: 1706M, Max: 1024K regular, 1427M humongous, Frag: 17% external, 0% internal; Reserve: 103M, Max: 1024K
[28.450s][info][gc,start    ] GC(65) Concurrent reset
[28.450s][info][gc,task     ] GC(65) Using 1 of 3 workers for concurrent reset
[28.450s][info][gc,ergo     ] GC(65) Pacer for Reset. Non-Taxable: 2048M
[28.450s][info][gc          ] GC(65) Concurrent reset 0.275ms
[28.450s][info][gc,start    ] GC(65) Pause Init Mark (unload classes)
[28.450s][info][gc,task     ] GC(65) Using 3 of 3 workers for init marking
[28.450s][info][gc,ref      ] GC(65) Clearing All SoftReferences
[28.450s][info][gc,ergo     ] GC(65) Pacer for Mark. Expected Live: 4509K, Free: 1706M, Non-Taxable: 170M, Alloc Tax Rate: 0.0x
[28.451s][info][gc          ] GC(65) Pause Init Mark (unload classes) 0.210ms
[28.451s][info][gc,start    ] GC(65) Concurrent marking roots
[28.451s][info][gc,task     ] GC(65) Using 1 of 3 workers for concurrent marking roots
[28.451s][info][gc          ] GC(65) Concurrent marking roots 0.886ms
[28.451s][info][gc,start    ] GC(65) Concurrent marking (unload classes)
[28.451s][info][gc,task     ] GC(65) Using 1 of 3 workers for concurrent marking
[28.456s][info][gc          ] GC(65) Concurrent marking (unload classes) 4.125ms
[28.456s][info][gc,start    ] GC(65) Pause Final Mark (unload classes)
[28.456s][info][gc,task     ] GC(65) Using 3 of 3 workers for final marking
[28.456s][info][gc,ergo     ] GC(65) Collectable Garbage: 215M (92%), Immediate: 215M (92%), CSet: 0B (0%)
[28.456s][info][gc          ] GC(65) Pause Final Mark (unload classes) 0.308ms
[28.456s][info][gc,start    ] GC(65) Concurrent weak references
[28.456s][info][gc,task     ] GC(65) Using 1 of 3 workers for concurrent weak references
[28.456s][info][gc,ref      ] GC(65) Encountered references: Soft: 140, Weak: 717, Final: 0, Phantom: 64
[28.456s][info][gc,ref      ] GC(65) Discovered  references: Soft: 88, Weak: 171, Final: 0, Phantom: 62
[28.456s][info][gc,ref      ] GC(65) Enqueued    references: Soft: 3, Weak: 0, Final: 0, Phantom: 0
[28.456s][info][gc          ] GC(65) Concurrent weak references 0.181ms
[28.456s][info][gc,start    ] GC(65) Concurrent weak roots
[28.456s][info][gc,task     ] GC(65) Using 1 of 3 workers for concurrent weak root
[28.459s][info][gc          ] GC(65) Concurrent weak roots 2.506ms
[28.459s][info][gc,start    ] GC(65) Concurrent cleanup
[28.459s][info][gc          ] GC(65) Concurrent cleanup 238M->22M(2048M) 0.051ms
[28.459s][info][gc,ergo     ] GC(65) Free: 1922M, Max: 1024K regular, 1444M humongous, Frag: 25% external, 0% internal; Reserve: 103M, Max: 1024K
[28.459s][info][gc,start    ] GC(65) Concurrent class unloading
[28.459s][info][gc,task     ] GC(65) Using 1 of 3 workers for concurrent class unloading
[28.463s][info][gc          ] GC(65) Concurrent class unloading 3.794ms
[28.463s][info][gc,start    ] GC(65) Pause Final Roots
[28.463s][info][gc          ] GC(65) Pause Final Roots 0.074ms
[28.463s][info][gc,ergo     ] Free: 1922M, Max: 1024K regular, 1444M humongous, Frag: 25% external, 0% internal; Reserve: 103M, Max: 1024K
[28.463s][info][gc,stats    ] 
[28.463s][info][gc,stats    ] All times are wall-clock times, except per-root-class counters, that are sum over
[28.463s][info][gc,stats    ] all workers. Dividing the <total> over the root stage time estimates parallelism.
[28.463s][info][gc,stats    ] 
[28.463s][info][gc,stats    ] Concurrent Reset                    322 us
[28.463s][info][gc,stats    ] Pause Init Mark (G)                 346 us
[28.463s][info][gc,stats    ] Pause Init Mark (N)                 227 us
[28.463s][info][gc,stats    ]   Update Region States               81 us
[28.463s][info][gc,stats    ] Concurrent Mark Roots               904 us, parallelism: 0.83x
[28.463s][info][gc,stats    ]   CMR: <total>                      750 us
[28.463s][info][gc,stats    ]   CMR: Thread Roots                 654 us, workers (us): 654, ---, ---, 
[28.463s][info][gc,stats    ]   CMR: VM Strong Roots                9 us, workers (us):   9, ---, ---, 
[28.463s][info][gc,stats    ]   CMR: CLDG Roots                    87 us, workers (us):  87, ---, ---, 
[28.463s][info][gc,stats    ] Concurrent Marking                 4175 us
[28.463s][info][gc,stats    ] Pause Final Mark (G)                441 us
[28.463s][info][gc,stats    ] Pause Final Mark (N)                328 us
[28.463s][info][gc,stats    ]   Finish Mark                        69 us
[28.463s][info][gc,stats    ]   Update Region States               74 us
[28.463s][info][gc,stats    ]   Choose Collection Set              60 us
[28.463s][info][gc,stats    ]   Rebuild Free Set                   17 us
[28.463s][info][gc,stats    ] Concurrent Weak References          189 us, parallelism: 0.12x
[28.463s][info][gc,stats    ]   CWRF: <total>                      22 us
[28.463s][info][gc,stats    ]   CWRF: Weak References              22 us, workers (us):  22, ---, ---, 
[28.463s][info][gc,stats    ] Concurrent Weak Roots              2543 us
[28.463s][info][gc,stats    ]   Roots                            2395 us, parallelism: 0.97x
[28.463s][info][gc,stats    ]     CWR: <total>                   2319 us
[28.463s][info][gc,stats    ]     CWR: Code Cache Roots           580 us, workers (us): 580, ---, ---, 
[28.463s][info][gc,stats    ]     CWR: VM Weak Roots             1730 us, workers (us): 1730, ---, ---, 
[28.463s][info][gc,stats    ]     CWR: CLDG Roots                   8 us, workers (us):   8, ---, ---, 
[28.463s][info][gc,stats    ]   Rendezvous                         94 us
[28.463s][info][gc,stats    ] Concurrent Cleanup                   69 us
[28.463s][info][gc,stats    ] Concurrent Class Unloading         3857 us
[28.463s][info][gc,stats    ]   Unlink Stale                     3550 us
[28.463s][info][gc,stats    ]     System Dictionary                 6 us
[28.463s][info][gc,stats    ]     Weak Class Links                  0 us
[28.463s][info][gc,stats    ]     Code Roots                     3542 us
[28.463s][info][gc,stats    ]   Rendezvous                         73 us
[28.463s][info][gc,stats    ]   Purge Unlinked                    135 us
[28.463s][info][gc,stats    ]     Code Roots                      125 us
[28.463s][info][gc,stats    ]     CLDG                              9 us
[28.463s][info][gc,stats    ]     Exception Caches                  0 us
[28.463s][info][gc,stats    ] Pause Final Roots (G)               215 us
[28.463s][info][gc,stats    ] Pause Final Roots (N)                97 us
[28.463s][info][gc,stats    ] 
[28.463s][info][gc,stats    ] Allocation pacing accrued:
[28.463s][info][gc,stats    ]       0 of   240 ms (  0.0%): <total>
[28.463s][info][gc,stats    ]       0 of   240 ms (  0.0%): <average total>
[28.463s][info][gc,stats    ] 
[28.464s][info][gc,metaspace] Metaspace: 14180K(14528K)->14180K(14528K) NonClass: 12274K(12480K)->12274K(12480K) Class: 1905K(2048K)->1905K(2048K)
[28.464s][info][gc,ergo     ] Pacer for Idle. Initial: 41943K, Alloc Tax Rate: 1.0x
[28.924s][info][gc          ] Trigger: Learning 2 of 5. Free (1431M) is below initial threshold (1433M)
[28.925s][info][gc,ergo     ] Free: 1431M, Max: 1024K regular, 1431M humongous, Frag: 0% external, 0% internal; Reserve: 103M, Max: 1024K
[28.925s][info][gc,start    ] GC(66) Concurrent reset
[28.925s][info][gc,task     ] GC(66) Using 1 of 3 workers for concurrent reset
[28.925s][info][gc,ergo     ] GC(66) Pacer for Reset. Non-Taxable: 2048M
[28.925s][info][gc          ] GC(66) Concurrent reset 0.181ms
[28.925s][info][gc,start    ] GC(66) Pause Init Mark (unload classes)
[28.925s][info][gc,task     ] GC(66) Using 3 of 3 workers for init marking
[28.925s][info][gc,ergo     ] GC(66) Pacer for Mark. Expected Live: 4509K, Free: 1431M, Non-Taxable: 143M, Alloc Tax Rate: 0.0x
[28.925s][info][gc          ] GC(66) Pause Init Mark (unload classes) 0.102ms
[28.925s][info][gc,start    ] GC(66) Concurrent marking roots
[28.925s][info][gc,task     ] GC(66) Using 1 of 3 workers for concurrent marking roots
[28.925s][info][gc          ] GC(66) Concurrent marking roots 0.404ms
[28.925s][info][gc,start    ] GC(66) Concurrent marking (unload classes)
[28.925s][info][gc,task     ] GC(66) Using 1 of 3 workers for concurrent marking
[28.929s][info][gc          ] GC(66) Concurrent marking (unload classes) 3.847ms
[28.929s][info][gc,start    ] GC(66) Pause Final Mark (unload classes)
[28.929s][info][gc,task     ] GC(66) Using 3 of 3 workers for final marking
[28.929s][info][gc,ergo     ] GC(66) Collectable Garbage: 479M (94%), Immediate: 479M (94%), CSet: 0B (0%)
[28.929s][info][gc          ] GC(66) Pause Final Mark (unload classes) 0.162ms
[28.930s][info][gc,start    ] GC(66) Concurrent weak references
[28.930s][info][gc,task     ] GC(66) Using 1 of 3 workers for concurrent weak references
[28.930s][info][gc,ref      ] GC(66) Encountered references: Soft: 140, Weak: 729, Final: 0, Phantom: 64
[28.930s][info][gc,ref      ] GC(66) Discovered  references: Soft: 0, Weak: 147, Final: 0, Phantom: 37
[28.930s][info][gc,ref      ] GC(66) Enqueued    references: Soft: 0, Weak: 0, Final: 0, Phantom: 0
[28.930s][info][gc          ] GC(66) Concurrent weak references 0.063ms
[28.930s][info][gc,start    ] GC(66) Concurrent weak roots
[28.930s][info][gc,task     ] GC(66) Using 1 of 3 workers for concurrent weak root
[28.934s][info][gc          ] GC(66) Concurrent weak roots 4.205ms
[28.934s][info][gc,start    ] GC(66) Concurrent cleanup
[28.934s][info][gc          ] GC(66) Concurrent cleanup 526M->47M(2048M) 0.054ms
[28.934s][info][gc,ergo     ] GC(66) Free: 1898M, Max: 1024K regular, 1419M humongous, Frag: 26% external, 0% internal; Reserve: 103M, Max: 1024K
[28.934s][info][gc,start    ] GC(66) Concurrent class unloading
[28.934s][info][gc,task     ] GC(66) Using 1 of 3 workers for concurrent class unloading
[28.937s][info][gc          ] GC(66) Concurrent class unloading 3.101ms
[28.937s][info][gc,start    ] GC(66) Pause Final Roots
[28.937s][info][gc          ] GC(66) Pause Final Roots 0.038ms
[28.937s][info][gc,ergo     ] Free: 1896M, Max: 1024K regular, 1419M humongous, Frag: 26% external, 0% internal; Reserve: 103M, Max: 1024K
[28.937s][info][gc,stats    ] 
[28.937s][info][gc,stats    ] All times are wall-clock times, except per-root-class counters, that are sum over
[28.937s][info][gc,stats    ] all workers. Dividing the <total> over the root stage time estimates parallelism.
[28.937s][info][gc,stats    ] 
[28.937s][info][gc,stats    ] Concurrent Reset                    194 us
[28.937s][info][gc,stats    ] Pause Init Mark (G)                 203 us
[28.937s][info][gc,stats    ] Pause Init Mark (N)                 111 us
[28.937s][info][gc,stats    ]   Update Region States               28 us
[28.937s][info][gc,stats    ] Concurrent Mark Roots               417 us, parallelism: 0.85x
[28.937s][info][gc,stats    ]   CMR: <total>                      354 us
[28.937s][info][gc,stats    ]   CMR: Thread Roots                 311 us, workers (us): 311, ---, ---, 
[28.937s][info][gc,stats    ]   CMR: VM Strong Roots                4 us, workers (us):   4, ---, ---, 
[28.937s][info][gc,stats    ]   CMR: CLDG Roots                    39 us, workers (us):  39, ---, ---, 
[28.937s][info][gc,stats    ] Concurrent Marking                 3895 us
[28.937s][info][gc,stats    ] Pause Final Mark (G)                274 us
[28.937s][info][gc,stats    ] Pause Final Mark (N)                171 us
[28.937s][info][gc,stats    ]   Finish Mark                        37 us
[28.937s][info][gc,stats    ]   Update Region States               28 us
[28.937s][info][gc,stats    ]   Choose Collection Set              42 us
[28.937s][info][gc,stats    ]   Rebuild Free Set                    8 us
[28.937s][info][gc,stats    ] Concurrent Weak References           70 us, parallelism: 0.09x
[28.937s][info][gc,stats    ]   CWRF: <total>                       6 us
[28.937s][info][gc,stats    ]   CWRF: Weak References               6 us, workers (us):   6, ---, ---, 
[28.937s][info][gc,stats    ] Concurrent Weak Roots              4247 us
[28.937s][info][gc,stats    ]   Roots                            4135 us, parallelism: 0.99x
[28.937s][info][gc,stats    ]     CWR: <total>                   4113 us
[28.937s][info][gc,stats    ]     CWR: Code Cache Roots           640 us, workers (us): 640, ---, ---, 
[28.937s][info][gc,stats    ]     CWR: VM Weak Roots             3466 us, workers (us): 3466, ---, ---, 
[28.937s][info][gc,stats    ]     CWR: CLDG Roots                   7 us, workers (us):   7, ---, ---, 
[28.937s][info][gc,stats    ]   Rendezvous                         54 us
[28.937s][info][gc,stats    ] Concurrent Cleanup                   63 us
[28.937s][info][gc,stats    ] Concurrent Class Unloading         3148 us
[28.937s][info][gc,stats    ]   Unlink Stale                     2915 us
[28.937s][info][gc,stats    ]     System Dictionary                10 us
[28.937s][info][gc,stats    ]     Weak Class Links                  0 us
[28.937s][info][gc,stats    ]     Code Roots                     2903 us
[28.937s][info][gc,stats    ]   Rendezvous                         42 us
[28.937s][info][gc,stats    ]   Purge Unlinked                    126 us
[28.937s][info][gc,stats    ]     Code Roots                      122 us
[28.938s][info][gc,stats    ]     CLDG                              3 us
[28.938s][info][gc,stats    ]     Exception Caches                  0 us
[28.938s][info][gc,stats    ] Pause Final Roots (G)               106 us
[28.938s][info][gc,stats    ] Pause Final Roots (N)                47 us
[28.938s][info][gc,stats    ] 
[28.938s][info][gc,stats    ] Allocation pacing accrued:
[28.938s][info][gc,stats    ]       0 of   474 ms (  0.0%): <total>
[28.938s][info][gc,stats    ]       0 of   474 ms (  0.0%): <average total>
[28.938s][info][gc,stats    ] 
[28.938s][info][gc,metaspace] Metaspace: 14184K(14528K)->14184K(14528K) NonClass: 12278K(12480K)->12278K(12480K) Class: 1905K(2048K)->1905K(2048K)
[28.938s][info][gc,ergo     ] Pacer for Idle. Initial: 41943K, Alloc Tax Rate: 1.0x
[29.375s][info][gc          ] Trigger: Learning 3 of 5. Free (1433M) is below initial threshold (1433M)
[29.375s][info][gc,ergo     ] Free: 1433M, Max: 1024K regular, 1419M humongous, Frag: 1% external, 0% internal; Reserve: 103M, Max: 1024K
[29.375s][info][gc,start    ] GC(67) Concurrent reset
[29.375s][info][gc,task     ] GC(67) Using 1 of 3 workers for concurrent reset
[29.375s][info][gc,ergo     ] GC(67) Pacer for Reset. Non-Taxable: 2048M
[29.375s][info][gc          ] GC(67) Concurrent reset 0.234ms
[29.376s][info][gc,start    ] GC(67) Pause Init Mark (unload classes)
[29.376s][info][gc,task     ] GC(67) Using 3 of 3 workers for init marking
[29.376s][info][gc,ergo     ] GC(67) Pacer for Mark. Expected Live: 4509K, Free: 1433M, Non-Taxable: 143M, Alloc Tax Rate: 0.0x
[29.376s][info][gc          ] GC(67) Pause Init Mark (unload classes) 0.106ms
[29.376s][info][gc,start    ] GC(67) Concurrent marking roots
[29.376s][info][gc,task     ] GC(67) Using 1 of 3 workers for concurrent marking roots
[29.376s][info][gc          ] GC(67) Concurrent marking roots 0.398ms
[29.376s][info][gc,start    ] GC(67) Concurrent marking (unload classes)
[29.376s][info][gc,task     ] GC(67) Using 1 of 3 workers for concurrent marking
[29.381s][info][gc          ] GC(67) Concurrent marking (unload classes) 4.307ms
[29.381s][info][gc,start    ] GC(67) Pause Final Mark (unload classes)
[29.381s][info][gc,task     ] GC(67) Using 3 of 3 workers for final marking
[29.381s][info][gc,ergo     ] GC(67) Collectable Garbage: 474M (93%), Immediate: 474M (93%), CSet: 0B (0%)
[29.381s][info][gc          ] GC(67) Pause Final Mark (unload classes) 0.148ms
[29.381s][info][gc,start    ] GC(67) Concurrent weak references
[29.381s][info][gc,task     ] GC(67) Using 1 of 3 workers for concurrent weak references
[29.381s][info][gc,ref      ] GC(67) Encountered references: Soft: 140, Weak: 729, Final: 0, Phantom: 64
[29.381s][info][gc,ref      ] GC(67) Discovered  references: Soft: 0, Weak: 147, Final: 0, Phantom: 37
[29.381s][info][gc,ref      ] GC(67) Enqueued    references: Soft: 0, Weak: 0, Final: 0, Phantom: 0
[29.381s][info][gc          ] GC(67) Concurrent weak references 0.085ms
[29.381s][info][gc,start    ] GC(67) Concurrent weak roots
[29.381s][info][gc,task     ] GC(67) Using 1 of 3 workers for concurrent weak root
[29.383s][info][gc          ] GC(67) Concurrent weak roots 2.327ms
[29.383s][info][gc,start    ] GC(67) Concurrent cleanup
[29.383s][info][gc          ] GC(67) Concurrent cleanup 523M->49M(2048M) 0.052ms
[29.384s][info][gc,ergo     ] GC(67) Free: 1895M, Max: 1024K regular, 1439M humongous, Frag: 25% external, 0% internal; Reserve: 103M, Max: 1024K
[29.384s][info][gc,start    ] GC(67) Concurrent class unloading
[29.384s][info][gc,task     ] GC(67) Using 1 of 3 workers for concurrent class unloading
[29.387s][info][gc          ] GC(67) Concurrent class unloading 3.162ms
[29.387s][info][gc,start    ] GC(67) Pause Final Roots
[29.387s][info][gc          ] GC(67) Pause Final Roots 0.042ms
[29.387s][info][gc,ergo     ] Free: 1894M, Max: 1024K regular, 1439M humongous, Frag: 25% external, 0% internal; Reserve: 103M, Max: 1024K
[29.387s][info][gc,stats    ] 
[29.387s][info][gc,stats    ] All times are wall-clock times, except per-root-class counters, that are sum over
[29.387s][info][gc,stats    ] all workers. Dividing the <total> over the root stage time estimates parallelism.
[29.387s][info][gc,stats    ] 
[29.387s][info][gc,stats    ] Concurrent Reset                    253 us
[29.387s][info][gc,stats    ] Pause Init Mark (G)                 583 us
[29.387s][info][gc,stats    ] Pause Init Mark (N)                 115 us
[29.387s][info][gc,stats    ]   Update Region States               31 us
[29.387s][info][gc,stats    ] Concurrent Mark Roots               416 us, parallelism: 0.84x
[29.387s][info][gc,stats    ]   CMR: <total>                      349 us
[29.387s][info][gc,stats    ]   CMR: Thread Roots                 305 us, workers (us): 305, ---, ---, 
[29.387s][info][gc,stats    ]   CMR: VM Strong Roots                5 us, workers (us):   5, ---, ---, 
[29.387s][info][gc,stats    ]   CMR: CLDG Roots                    39 us, workers (us):  39, ---, ---, 
[29.387s][info][gc,stats    ] Concurrent Marking                 4359 us
[29.387s][info][gc,stats    ] Pause Final Mark (G)                255 us
[29.387s][info][gc,stats    ] Pause Final Mark (N)                165 us
[29.387s][info][gc,stats    ]   Finish Mark                        36 us
[29.387s][info][gc,stats    ]   Update Region States               28 us
[29.387s][info][gc,stats    ]   Choose Collection Set              28 us
[29.387s][info][gc,stats    ]   Rebuild Free Set                    8 us
[29.387s][info][gc,stats    ] Concurrent Weak References           93 us, parallelism: 0.07x
[29.387s][info][gc,stats    ]   CWRF: <total>                       7 us
[29.387s][info][gc,stats    ]   CWRF: Weak References               7 us, workers (us):   7, ---, ---, 
[29.387s][info][gc,stats    ] Concurrent Weak Roots              2377 us
[29.387s][info][gc,stats    ]   Roots                            2239 us, parallelism: 0.99x
[29.387s][info][gc,stats    ]     CWR: <total>                   2214 us
[29.387s][info][gc,stats    ]     CWR: Code Cache Roots           683 us, workers (us): 683, ---, ---, 
[29.387s][info][gc,stats    ]     CWR: VM Weak Roots             1522 us, workers (us): 1522, ---, ---, 
[29.387s][info][gc,stats    ]     CWR: CLDG Roots                   9 us, workers (us):   9, ---, ---, 
[29.387s][info][gc,stats    ]   Rendezvous                         71 us
[29.387s][info][gc,stats    ] Concurrent Cleanup                   62 us
[29.387s][info][gc,stats    ] Concurrent Class Unloading         3212 us
[29.387s][info][gc,stats    ]   Unlink Stale                     2945 us
[29.387s][info][gc,stats    ]     System Dictionary                 7 us
[29.387s][info][gc,stats    ]     Weak Class Links                  0 us
[29.387s][info][gc,stats    ]     Code Roots                     2937 us
[29.387s][info][gc,stats    ]   Rendezvous                         66 us
[29.387s][info][gc,stats    ]   Purge Unlinked                    131 us
[29.387s][info][gc,stats    ]     Code Roots                      125 us
[29.387s][info][gc,stats    ]     CLDG                              5 us
[29.387s][info][gc,stats    ]     Exception Caches                  0 us
[29.387s][info][gc,stats    ] Pause Final Roots (G)               110 us
[29.387s][info][gc,stats    ] Pause Final Roots (N)                51 us
[29.387s][info][gc,stats    ] 
[29.387s][info][gc,stats    ] Allocation pacing accrued:
[29.387s][info][gc,stats    ]       0 of   450 ms (  0.0%): <total>
[29.387s][info][gc,stats    ]       0 of   450 ms (  0.0%): <average total>
[29.387s][info][gc,stats    ] 
[29.387s][info][gc,metaspace] Metaspace: 14184K(14528K)->14184K(14528K) NonClass: 12278K(12480K)->12278K(12480K) Class: 1905K(2048K)->1905K(2048K)
[29.387s][info][gc,ergo     ] Pacer for Idle. Initial: 41943K, Alloc Tax Rate: 1.0x
[29.822s][info][gc          ] Trigger: Learning 4 of 5. Free (1432M) is below initial threshold (1433M)
[29.822s][info][gc,ergo     ] Free: 1432M, Max: 1024K regular, 1432M humongous, Frag: 0% external, 0% internal; Reserve: 103M, Max: 1024K
[29.822s][info][gc,start    ] GC(68) Concurrent reset
[29.822s][info][gc,task     ] GC(68) Using 1 of 3 workers for concurrent reset
[29.822s][info][gc,ergo     ] GC(68) Pacer for Reset. Non-Taxable: 2048M
[29.822s][info][gc          ] GC(68) Concurrent reset 0.238ms
[29.822s][info][gc,start    ] GC(68) Pause Init Mark (unload classes)
[29.822s][info][gc,task     ] GC(68) Using 3 of 3 workers for init marking
[29.822s][info][gc,ergo     ] GC(68) Pacer for Mark. Expected Live: 4510K, Free: 1432M, Non-Taxable: 143M, Alloc Tax Rate: 0.0x
[29.822s][info][gc          ] GC(68) Pause Init Mark (unload classes) 0.094ms
[29.822s][info][gc,start    ] GC(68) Concurrent marking roots
[29.822s][info][gc,task     ] GC(68) Using 1 of 3 workers for concurrent marking roots
[29.823s][info][gc          ] GC(68) Concurrent marking roots 0.446ms
[29.823s][info][gc,start    ] GC(68) Concurrent marking (unload classes)
[29.823s][info][gc,task     ] GC(68) Using 1 of 3 workers for concurrent marking
[29.827s][info][gc          ] GC(68) Concurrent marking (unload classes) 3.942ms
[29.827s][info][gc,start    ] GC(68) Pause Final Mark (unload classes)
[29.827s][info][gc,task     ] GC(68) Using 3 of 3 workers for final marking
[29.827s][info][gc,ergo     ] GC(68) Collectable Garbage: 472M (92%), Immediate: 472M (92%), CSet: 0B (0%)
[29.827s][info][gc          ] GC(68) Pause Final Mark (unload classes) 0.152ms
[29.827s][info][gc,start    ] GC(68) Concurrent weak references
[29.827s][info][gc,task     ] GC(68) Using 1 of 3 workers for concurrent weak references
[29.827s][info][gc,ref      ] GC(68) Encountered references: Soft: 140, Weak: 729, Final: 0, Phantom: 64
[29.827s][info][gc,ref      ] GC(68) Discovered  references: Soft: 0, Weak: 147, Final: 0, Phantom: 37
[29.827s][info][gc,ref      ] GC(68) Enqueued    references: Soft: 0, Weak: 0, Final: 0, Phantom: 0
[29.827s][info][gc          ] GC(68) Concurrent weak references 0.062ms
[29.827s][info][gc,start    ] GC(68) Concurrent weak roots
[29.827s][info][gc,task     ] GC(68) Using 1 of 3 workers for concurrent weak root
[29.830s][info][gc          ] GC(68) Concurrent weak roots 3.161ms
[29.830s][info][gc,start    ] GC(68) Concurrent cleanup
[29.830s][info][gc          ] GC(68) Concurrent cleanup 525M->53M(2048M) 0.051ms
[29.830s][info][gc,ergo     ] GC(68) Free: 1891M, Max: 1024K regular, 1419M humongous, Frag: 25% external, 0% internal; Reserve: 103M, Max: 1024K
[29.830s][info][gc,start    ] GC(68) Concurrent class unloading
[29.830s][info][gc,task     ] GC(68) Using 1 of 3 workers for concurrent class unloading
[29.833s][info][gc          ] GC(68) Concurrent class unloading 2.999ms
[29.833s][info][gc,start    ] GC(68) Pause Final Roots
[29.833s][info][gc          ] GC(68) Pause Final Roots 0.039ms
[29.833s][info][gc,ergo     ] Free: 1891M, Max: 1024K regular, 1419M humongous, Frag: 25% external, 0% internal; Reserve: 103M, Max: 1024K
[29.834s][info][gc,stats    ] 
[29.834s][info][gc,stats    ] All times are wall-clock times, except per-root-class counters, that are sum over
[29.834s][info][gc,stats    ] all workers. Dividing the <total> over the root stage time estimates parallelism.
[29.834s][info][gc,stats    ] 
[29.834s][info][gc,stats    ] Concurrent Reset                    256 us
[29.834s][info][gc,stats    ] Pause Init Mark (G)                 198 us
[29.834s][info][gc,stats    ] Pause Init Mark (N)                 102 us
[29.834s][info][gc,stats    ]   Update Region States               29 us
[29.834s][info][gc,stats    ] Concurrent Mark Roots               460 us, parallelism: 0.84x
[29.834s][info][gc,stats    ]   CMR: <total>                      384 us
[29.834s][info][gc,stats    ]   CMR: Thread Roots                 335 us, workers (us): 335, ---, ---, 
[29.834s][info][gc,stats    ]   CMR: VM Strong Roots                5 us, workers (us):   5, ---, ---, 
[29.834s][info][gc,stats    ]   CMR: CLDG Roots                    45 us, workers (us):  45, ---, ---, 
[29.834s][info][gc,stats    ] Concurrent Marking                 3997 us
[29.834s][info][gc,stats    ] Pause Final Mark (G)                216 us
[29.834s][info][gc,stats    ] Pause Final Mark (N)                162 us
[29.834s][info][gc,stats    ]   Finish Mark                        35 us
[29.834s][info][gc,stats    ]   Update Region States               30 us
[29.834s][info][gc,stats    ]   Choose Collection Set              30 us
[29.834s][info][gc,stats    ]   Rebuild Free Set                    8 us
[29.834s][info][gc,stats    ] Concurrent Weak References           69 us, parallelism: 0.12x
[29.834s][info][gc,stats    ]   CWRF: <total>                       8 us
[29.834s][info][gc,stats    ]   CWRF: Weak References               8 us, workers (us):   8, ---, ---, 
[29.834s][info][gc,stats    ] Concurrent Weak Roots              3197 us
[29.834s][info][gc,stats    ]   Roots                            3092 us, parallelism: 0.99x
[29.834s][info][gc,stats    ]     CWR: <total>                   3068 us
[29.834s][info][gc,stats    ]     CWR: Code Cache Roots           660 us, workers (us): 660, ---, ---, 
[29.834s][info][gc,stats    ]     CWR: VM Weak Roots             2401 us, workers (us): 2401, ---, ---, 
[29.834s][info][gc,stats    ]     CWR: CLDG Roots                   7 us, workers (us):   7, ---, ---, 
[29.834s][info][gc,stats    ]   Rendezvous                         52 us
[29.834s][info][gc,stats    ] Concurrent Cleanup                   60 us
[29.834s][info][gc,stats    ] Concurrent Class Unloading         3046 us
[29.834s][info][gc,stats    ]   Unlink Stale                     2814 us
[29.834s][info][gc,stats    ]     System Dictionary                 7 us
[29.834s][info][gc,stats    ]     Weak Class Links                  0 us
[29.834s][info][gc,stats    ]     Code Roots                     2805 us
[29.834s][info][gc,stats    ]   Rendezvous                         41 us
[29.834s][info][gc,stats    ]   Purge Unlinked                    124 us
[29.834s][info][gc,stats    ]     Code Roots                      119 us
[29.834s][info][gc,stats    ]     CLDG                              4 us
[29.834s][info][gc,stats    ]     Exception Caches                  0 us
[29.834s][info][gc,stats    ] Pause Final Roots (G)                96 us
[29.834s][info][gc,stats    ] Pause Final Roots (N)                47 us
[29.834s][info][gc,stats    ] 
[29.834s][info][gc,stats    ] Allocation pacing accrued:
[29.834s][info][gc,stats    ]       0 of   447 ms (  0.0%): <total>
[29.834s][info][gc,stats    ]       0 of   447 ms (  0.0%): <average total>
[29.834s][info][gc,stats    ] 
[29.834s][info][gc,metaspace] Metaspace: 14184K(14528K)->14184K(14528K) NonClass: 12278K(12480K)->12278K(12480K) Class: 1905K(2048K)->1905K(2048K)
[29.834s][info][gc,ergo     ] Pacer for Idle. Initial: 41943K, Alloc Tax Rate: 1.0x
[30.266s][info][gc          ] Trigger: Learning 5 of 5. Free (1433M) is below initial threshold (1433M)
[30.266s][info][gc,ergo     ] Free: 1433M, Max: 1024K regular, 1419M humongous, Frag: 1% external, 0% internal; Reserve: 103M, Max: 1024K
[30.266s][info][gc,start    ] GC(69) Concurrent reset
[30.266s][info][gc,task     ] GC(69) Using 1 of 3 workers for concurrent reset
[30.266s][info][gc,ergo     ] GC(69) Pacer for Reset. Non-Taxable: 2048M
[30.267s][info][gc          ] GC(69) Concurrent reset 0.256ms
[30.267s][info][gc,start    ] GC(69) Pause Init Mark (unload classes)
[30.267s][info][gc,task     ] GC(69) Using 3 of 3 workers for init marking
[30.267s][info][gc,ergo     ] GC(69) Pacer for Mark. Expected Live: 4510K, Free: 1433M, Non-Taxable: 143M, Alloc Tax Rate: 0.0x
[30.267s][info][gc          ] GC(69) Pause Init Mark (unload classes) 0.094ms
[30.267s][info][gc,start    ] GC(69) Concurrent marking roots
[30.267s][info][gc,task     ] GC(69) Using 1 of 3 workers for concurrent marking roots
[30.267s][info][gc          ] GC(69) Concurrent marking roots 0.423ms
[30.267s][info][gc,start    ] GC(69) Concurrent marking (unload classes)
[30.267s][info][gc,task     ] GC(69) Using 1 of 3 workers for concurrent marking
[30.271s][info][gc          ] GC(69) Concurrent marking (unload classes) 3.961ms
[30.271s][info][gc,start    ] GC(69) Pause Final Mark (unload classes)
[30.271s][info][gc,task     ] GC(69) Using 3 of 3 workers for final marking
[30.271s][info][gc,ergo     ] GC(69) Collectable Garbage: 467M (92%), Immediate: 467M (92%), CSet: 0B (0%)
[30.271s][info][gc          ] GC(69) Pause Final Mark (unload classes) 0.145ms
[30.271s][info][gc,start    ] GC(69) Concurrent weak references
[30.271s][info][gc,task     ] GC(69) Using 1 of 3 workers for concurrent weak references
[30.271s][info][gc,ref      ] GC(69) Encountered references: Soft: 140, Weak: 729, Final: 0, Phantom: 64
[30.272s][info][gc,ref      ] GC(69) Discovered  references: Soft: 0, Weak: 147, Final: 0, Phantom: 37
[30.272s][info][gc,ref      ] GC(69) Enqueued    references: Soft: 0, Weak: 0, Final: 0, Phantom: 0
[30.272s][info][gc          ] GC(69) Concurrent weak references 0.075ms
[30.272s][info][gc,start    ] GC(69) Concurrent weak roots
[30.272s][info][gc,task     ] GC(69) Using 1 of 3 workers for concurrent weak root
[30.275s][info][gc          ] GC(69) Concurrent weak roots 3.705ms
[30.275s][info][gc,start    ] GC(69) Concurrent cleanup
[30.275s][info][gc          ] GC(69) Concurrent cleanup 523M->55M(2048M) 0.051ms
[30.275s][info][gc,ergo     ] GC(69) Free: 1889M, Max: 1024K regular, 1425M humongous, Frag: 25% external, 0% internal; Reserve: 103M, Max: 1024K
[30.275s][info][gc,start    ] GC(69) Concurrent class unloading
[30.275s][info][gc,task     ] GC(69) Using 1 of 3 workers for concurrent class unloading
[30.278s][info][gc          ] GC(69) Concurrent class unloading 3.019ms
[30.278s][info][gc,start    ] GC(69) Pause Final Roots
[30.278s][info][gc          ] GC(69) Pause Final Roots 0.040ms
[30.279s][info][gc,ergo     ] Free: 1888M, Max: 1024K regular, 1425M humongous, Frag: 25% external, 0% internal; Reserve: 103M, Max: 1024K
[30.279s][info][gc,stats    ] 
[30.279s][info][gc,stats    ] All times are wall-clock times, except per-root-class counters, that are sum over
[30.279s][info][gc,stats    ] all workers. Dividing the <total> over the root stage time estimates parallelism.
[30.279s][info][gc,stats    ] 
[30.279s][info][gc,stats    ] Concurrent Reset                    277 us
[30.279s][info][gc,stats    ] Pause Init Mark (G)                 208 us
[30.279s][info][gc,stats    ] Pause Init Mark (N)                 102 us
[30.279s][info][gc,stats    ]   Update Region States               28 us
[30.279s][info][gc,stats    ] Concurrent Mark Roots               436 us, parallelism: 0.86x
[30.279s][info][gc,stats    ]   CMR: <total>                      374 us
[30.279s][info][gc,stats    ]   CMR: Thread Roots                 330 us, workers (us): 330, ---, ---, 
[30.279s][info][gc,stats    ]   CMR: VM Strong Roots                4 us, workers (us):   4, ---, ---, 
[30.279s][info][gc,stats    ]   CMR: CLDG Roots                    40 us, workers (us):  40, ---, ---, 
[30.279s][info][gc,stats    ] Concurrent Marking                 4009 us
[30.279s][info][gc,stats    ] Pause Final Mark (G)                223 us
[30.279s][info][gc,stats    ] Pause Final Mark (N)                155 us
[30.279s][info][gc,stats    ]   Finish Mark                        35 us
[30.279s][info][gc,stats    ]   Update Region States               30 us
[30.279s][info][gc,stats    ]   Choose Collection Set              51 us
[30.279s][info][gc,stats    ]   Rebuild Free Set                    8 us
[30.279s][info][gc,stats    ] Concurrent Weak References           82 us, parallelism: 0.10x
[30.279s][info][gc,stats    ]   CWRF: <total>                       8 us
[30.279s][info][gc,stats    ]   CWRF: Weak References               8 us, workers (us):   8, ---, ---, 
[30.279s][info][gc,stats    ] Concurrent Weak Roots              3746 us
[30.279s][info][gc,stats    ]   Roots                            3637 us, parallelism: 0.99x
[30.279s][info][gc,stats    ]     CWR: <total>                   3610 us
[30.279s][info][gc,stats    ]     CWR: Code Cache Roots           638 us, workers (us): 638, ---, ---, 
[30.279s][info][gc,stats    ]     CWR: VM Weak Roots             2966 us, workers (us): 2966, ---, ---, 
[30.279s][info][gc,stats    ]     CWR: CLDG Roots                   7 us, workers (us):   7, ---, ---, 
[30.279s][info][gc,stats    ]   Rendezvous                         51 us
[30.279s][info][gc,stats    ] Concurrent Cleanup                   59 us
[30.279s][info][gc,stats    ] Concurrent Class Unloading         3071 us
[30.279s][info][gc,stats    ]   Unlink Stale                     2831 us
[30.279s][info][gc,stats    ]     System Dictionary                 8 us
[30.279s][info][gc,stats    ]     Weak Class Links                  0 us
[30.279s][info][gc,stats    ]     Code Roots                     2821 us
[30.279s][info][gc,stats    ]   Rendezvous                         39 us
[30.279s][info][gc,stats    ]   Purge Unlinked                    130 us
[30.279s][info][gc,stats    ]     Code Roots                      127 us
[30.279s][info][gc,stats    ]     CLDG                              2 us
[30.279s][info][gc,stats    ]     Exception Caches                  0 us
[30.279s][info][gc,stats    ] Pause Final Roots (G)               123 us
[30.279s][info][gc,stats    ] Pause Final Roots (N)                49 us
[30.279s][info][gc,stats    ] 
[30.279s][info][gc,stats    ] Allocation pacing accrued:
[30.279s][info][gc,stats    ]       0 of   445 ms (  0.0%): <total>
[30.279s][info][gc,stats    ]       0 of   445 ms (  0.0%): <average total>
[30.279s][info][gc,stats    ] 
[30.279s][info][gc,metaspace] Metaspace: 14184K(14528K)->14184K(14528K) NonClass: 12278K(12480K)->12278K(12480K) Class: 1905K(2048K)->1905K(2048K)
[30.279s][info][gc,ergo     ] Pacer for Idle. Initial: 41943K, Alloc Tax Rate: 1.0x
[30.544s][info][gc          ] Trigger: Explicit GC request (System.gc())
[30.544s][info][gc,ergo     ] Free: 1669M, Max: 1024K regular, 1425M humongous, Frag: 15% external, 0% internal; Reserve: 103M, Max: 1024K
[30.544s][info][gc,start    ] GC(70) Concurrent reset
[30.544s][info][gc,task     ] GC(70) Using 1 of 3 workers for concurrent reset
[30.544s][info][gc,ergo     ] GC(70) Pacer for Reset. Non-Taxable: 2048M
[30.544s][info][gc          ] GC(70) Concurrent reset 0.478ms
[30.544s][info][gc,start    ] GC(70) Pause Init Mark (unload classes)
[30.545s][info][gc,task     ] GC(70) Using 3 of 3 workers for init marking
[30.545s][info][gc,ref      ] GC(70) Clearing All SoftReferences
[30.545s][info][gc,ergo     ] GC(70) Pacer for Mark. Expected Live: 4517K, Free: 1669M, Non-Taxable: 166M, Alloc Tax Rate: 0.0x
[30.545s][info][gc          ] GC(70) Pause Init Mark (unload classes) 0.241ms
[30.545s][info][gc,start    ] GC(70) Concurrent marking roots
[30.545s][info][gc,task     ] GC(70) Using 1 of 3 workers for concurrent marking roots
[30.545s][info][gc          ] GC(70) Concurrent marking roots 0.658ms
[30.545s][info][gc,start    ] GC(70) Concurrent marking (unload classes)
[30.545s][info][gc,task     ] GC(70) Using 1 of 3 workers for concurrent marking
[30.550s][info][gc          ] GC(70) Concurrent marking (unload classes) 4.364ms
[30.550s][info][gc,start    ] GC(70) Pause Final Mark (unload classes)
[30.550s][info][gc,task     ] GC(70) Using 3 of 3 workers for final marking
[30.550s][info][gc,ergo     ] GC(70) Collectable Garbage: 251M (92%), Immediate: 251M (92%), CSet: 0B (0%)
[30.550s][info][gc          ] GC(70) Pause Final Mark (unload classes) 0.188ms
[30.550s][info][gc,start    ] GC(70) Concurrent weak references
[30.550s][info][gc,task     ] GC(70) Using 1 of 3 workers for concurrent weak references
[30.550s][info][gc,ref      ] GC(70) Encountered references: Soft: 140, Weak: 713, Final: 0, Phantom: 64
[30.550s][info][gc,ref      ] GC(70) Discovered  references: Soft: 88, Weak: 169, Final: 0, Phantom: 62
[30.550s][info][gc,ref      ] GC(70) Enqueued    references: Soft: 3, Weak: 0, Final: 0, Phantom: 0
[30.550s][info][gc          ] GC(70) Concurrent weak references 0.141ms
[30.550s][info][gc,start    ] GC(70) Concurrent weak roots
[30.550s][info][gc,task     ] GC(70) Using 1 of 3 workers for concurrent weak root
[30.553s][info][gc          ] GC(70) Concurrent weak roots 3.098ms
[30.553s][info][gc,start    ] GC(70) Concurrent cleanup
[30.553s][info][gc          ] GC(70) Concurrent cleanup 275M->24M(2048M) 0.066ms
[30.553s][info][gc,ergo     ] GC(70) Free: 1921M, Max: 1024K regular, 1444M humongous, Frag: 25% external, 0% internal; Reserve: 103M, Max: 1024K
[30.553s][info][gc,start    ] GC(70) Concurrent class unloading
[30.553s][info][gc,task     ] GC(70) Using 1 of 3 workers for concurrent class unloading
[30.558s][info][gc          ] GC(70) Concurrent class unloading 4.132ms
[30.558s][info][gc,start    ] GC(70) Pause Final Roots
[30.558s][info][gc          ] GC(70) Pause Final Roots 0.058ms
[30.558s][info][gc,ergo     ] Free: 1921M, Max: 1024K regular, 1444M humongous, Frag: 25% external, 0% internal; Reserve: 103M, Max: 1024K
[30.558s][info][gc,stats    ] 
[30.558s][info][gc,stats    ] All times are wall-clock times, except per-root-class counters, that are sum over
[30.558s][info][gc,stats    ] all workers. Dividing the <total> over the root stage time estimates parallelism.
[30.558s][info][gc,stats    ] 
[30.558s][info][gc,stats    ] Concurrent Reset                    535 us
[30.558s][info][gc,stats    ] Pause Init Mark (G)                 388 us
[30.558s][info][gc,stats    ] Pause Init Mark (N)                 259 us
[30.558s][info][gc,stats    ]   Update Region States               61 us
[30.558s][info][gc,stats    ] Concurrent Mark Roots               670 us, parallelism: 0.86x
[30.558s][info][gc,stats    ]   CMR: <total>                      576 us
[30.558s][info][gc,stats    ]   CMR: Thread Roots                 505 us, workers (us): 505, ---, ---, 
[30.558s][info][gc,stats    ]   CMR: VM Strong Roots                6 us, workers (us):   6, ---, ---, 
[30.558s][info][gc,stats    ]   CMR: CLDG Roots                    65 us, workers (us):  65, ---, ---, 
[30.558s][info][gc,stats    ] Concurrent Marking                 4421 us
[30.558s][info][gc,stats    ] Pause Final Mark (G)                240 us
[30.558s][info][gc,stats    ] Pause Final Mark (N)                196 us
[30.558s][info][gc,stats    ]   Finish Mark                        53 us
[30.558s][info][gc,stats    ]   Update Region States               40 us
[30.558s][info][gc,stats    ]   Choose Collection Set              28 us
[30.558s][info][gc,stats    ]   Rebuild Free Set                    8 us
[30.558s][info][gc,stats    ] Concurrent Weak References          151 us, parallelism: 0.10x
[30.558s][info][gc,stats    ]   CWRF: <total>                      16 us
[30.558s][info][gc,stats    ]   CWRF: Weak References              16 us, workers (us):  16, ---, ---, 
[30.558s][info][gc,stats    ] Concurrent Weak Roots              3163 us
[30.558s][info][gc,stats    ]   Roots                            2996 us, parallelism: 0.98x
[30.558s][info][gc,stats    ]     CWR: <total>                   2944 us
[30.558s][info][gc,stats    ]     CWR: Code Cache Roots           623 us, workers (us): 623, ---, ---, 
[30.558s][info][gc,stats    ]     CWR: VM Weak Roots             2312 us, workers (us): 2312, ---, ---, 
[30.558s][info][gc,stats    ]     CWR: CLDG Roots                   9 us, workers (us):   9, ---, ---, 
[30.558s][info][gc,stats    ]   Rendezvous                         81 us
[30.558s][info][gc,stats    ] Concurrent Cleanup                   91 us
[30.558s][info][gc,stats    ] Concurrent Class Unloading         4183 us
[30.558s][info][gc,stats    ]   Unlink Stale                     3778 us
[30.558s][info][gc,stats    ]     System Dictionary                11 us
[30.558s][info][gc,stats    ]     Weak Class Links                  0 us
[30.558s][info][gc,stats    ]     Code Roots                     3764 us
[30.558s][info][gc,stats    ]   Rendezvous                         84 us
[30.558s][info][gc,stats    ]   Purge Unlinked                    236 us
[30.558s][info][gc,stats    ]     Code Roots                      229 us
[30.558s][info][gc,stats    ]     CLDG                              6 us
[30.558s][info][gc,stats    ]     Exception Caches                  0 us
[30.558s][info][gc,stats    ] Pause Final Roots (G)               131 us
[30.558s][info][gc,stats    ] Pause Final Roots (N)                77 us
[30.558s][info][gc,stats    ] 
[30.558s][info][gc,stats    ] Allocation pacing accrued:
[30.558s][info][gc,stats    ]       0 of   280 ms (  0.0%): <total>
[30.558s][info][gc,stats    ]       0 of   280 ms (  0.0%): <average total>
[30.558s][info][gc,stats    ] 
[30.558s][info][gc,metaspace] Metaspace: 14184K(14528K)->14185K(14528K) NonClass: 12278K(12480K)->12280K(12480K) Class: 1905K(2048K)->1905K(2048K)
[30.558s][info][gc,ergo     ] Pacer for Idle. Initial: 41943K, Alloc Tax Rate: 1.0x
[31.004s][info][gc          ] Trigger: Learning 2 of 5. Free (1433M) is below initial threshold (1433M)
[31.004s][info][gc,ergo     ] Free: 1433M, Max: 1024K regular, 1433M humongous, Frag: 0% external, 0% internal; Reserve: 103M, Max: 1024K
[31.004s][info][gc,start    ] GC(71) Concurrent reset
[31.004s][info][gc,task     ] GC(71) Using 1 of 3 workers for concurrent reset
[31.004s][info][gc,ergo     ] GC(71) Pacer for Reset. Non-Taxable: 2048M
[31.004s][info][gc          ] GC(71) Concurrent reset 0.189ms
[31.004s][info][gc,start    ] GC(71) Pause Init Mark (unload classes)
[31.004s][info][gc,task     ] GC(71) Using 3 of 3 workers for init marking
[31.004s][info][gc,ergo     ] GC(71) Pacer for Mark. Expected Live: 4517K, Free: 1433M, Non-Taxable: 143M, Alloc Tax Rate: 0.0x
[31.004s][info][gc          ] GC(71) Pause Init Mark (unload classes) 0.101ms
[31.004s][info][gc,start    ] GC(71) Concurrent marking roots
[31.004s][info][gc,task     ] GC(71) Using 1 of 3 workers for concurrent marking roots
[31.005s][info][gc          ] GC(71) Concurrent marking roots 0.420ms
[31.005s][info][gc,start    ] GC(71) Concurrent marking (unload classes)
[31.005s][info][gc,task     ] GC(71) Using 1 of 3 workers for concurrent marking
[31.009s][info][gc          ] GC(71) Concurrent marking (unload classes) 3.908ms
[31.009s][info][gc,start    ] GC(71) Pause Final Mark (unload classes)
[31.009s][info][gc,task     ] GC(71) Using 3 of 3 workers for final marking
[31.009s][info][gc,ergo     ] GC(71) Collectable Garbage: 475M (93%), Immediate: 475M (93%), CSet: 0B (0%)
[31.009s][info][gc          ] GC(71) Pause Final Mark (unload classes) 0.154ms
[31.009s][info][gc,start    ] GC(71) Concurrent weak references
[31.009s][info][gc,task     ] GC(71) Using 1 of 3 workers for concurrent weak references
[31.009s][info][gc,ref      ] GC(71) Encountered references: Soft: 140, Weak: 735, Final: 0, Phantom: 64
[31.009s][info][gc,ref      ] GC(71) Discovered  references: Soft: 0, Weak: 151, Final: 0, Phantom: 37
[31.009s][info][gc,ref      ] GC(71) Enqueued    references: Soft: 0, Weak: 2, Final: 0, Phantom: 0
[31.009s][info][gc          ] GC(71) Concurrent weak references 0.080ms
[31.009s][info][gc,start    ] GC(71) Concurrent weak roots
[31.009s][info][gc,task     ] GC(71) Using 1 of 3 workers for concurrent weak root
[31.014s][info][gc          ] GC(71) Concurrent weak roots 4.412ms
[31.014s][info][gc,start    ] GC(71) Concurrent cleanup
[31.014s][info][gc          ] GC(71) Concurrent cleanup 524M->49M(2048M) 0.053ms
[31.014s][info][gc,ergo     ] GC(71) Free: 1896M, Max: 1024K regular, 1421M humongous, Frag: 26% external, 0% internal; Reserve: 103M, Max: 1024K
[31.014s][info][gc,start    ] GC(71) Concurrent class unloading
[31.014s][info][gc,task     ] GC(71) Using 1 of 3 workers for concurrent class unloading
[31.017s][info][gc          ] GC(71) Concurrent class unloading 3.101ms
[31.017s][info][gc,start    ] GC(71) Pause Final Roots
[31.017s][info][gc          ] GC(71) Pause Final Roots 0.037ms
[31.017s][info][gc,ergo     ] Free: 1893M, Max: 1024K regular, 1421M humongous, Frag: 25% external, 0% internal; Reserve: 103M, Max: 1024K
[31.017s][info][gc,stats    ] 
[31.017s][info][gc,stats    ] All times are wall-clock times, except per-root-class counters, that are sum over
[31.017s][info][gc,stats    ] all workers. Dividing the <total> over the root stage time estimates parallelism.
[31.017s][info][gc,stats    ] 
[31.017s][info][gc,stats    ] Concurrent Reset                    200 us
[31.017s][info][gc,stats    ] Pause Init Mark (G)                 196 us
[31.017s][info][gc,stats    ] Pause Init Mark (N)                 111 us
[31.017s][info][gc,stats    ]   Update Region States               26 us
[31.017s][info][gc,stats    ] Concurrent Mark Roots               433 us, parallelism: 0.84x
[31.017s][info][gc,stats    ]   CMR: <total>                      364 us
[31.017s][info][gc,stats    ]   CMR: Thread Roots                 321 us, workers (us): 321, ---, ---, 
[31.017s][info][gc,stats    ]   CMR: VM Strong Roots                5 us, workers (us):   5, ---, ---, 
[31.017s][info][gc,stats    ]   CMR: CLDG Roots                    39 us, workers (us):  39, ---, ---, 
[31.017s][info][gc,stats    ] Concurrent Marking                 3956 us
[31.017s][info][gc,stats    ] Pause Final Mark (G)                243 us
[31.017s][info][gc,stats    ] Pause Final Mark (N)                169 us
[31.017s][info][gc,stats    ]   Finish Mark                        31 us
[31.017s][info][gc,stats    ]   Update Region States               31 us
[31.017s][info][gc,stats    ]   Choose Collection Set              40 us
[31.017s][info][gc,stats    ]   Rebuild Free Set                    8 us
[31.017s][info][gc,stats    ] Concurrent Weak References           88 us, parallelism: 0.10x
[31.017s][info][gc,stats    ]   CWRF: <total>                       9 us
[31.017s][info][gc,stats    ]   CWRF: Weak References               9 us, workers (us):   9, ---, ---, 
[31.017s][info][gc,stats    ] Concurrent Weak Roots              4462 us
[31.017s][info][gc,stats    ]   Roots                            4331 us, parallelism: 0.99x
[31.017s][info][gc,stats    ]     CWR: <total>                   4309 us
[31.017s][info][gc,stats    ]     CWR: Code Cache Roots           651 us, workers (us): 651, ---, ---, 
[31.017s][info][gc,stats    ]     CWR: VM Weak Roots             3650 us, workers (us): 3650, ---, ---, 
[31.017s][info][gc,stats    ]     CWR: CLDG Roots                   8 us, workers (us):   8, ---, ---, 
[31.017s][info][gc,stats    ]   Rendezvous                         60 us
[31.017s][info][gc,stats    ] Concurrent Cleanup                   62 us
[31.017s][info][gc,stats    ] Concurrent Class Unloading         3162 us
[31.017s][info][gc,stats    ]   Unlink Stale                     2871 us
[31.017s][info][gc,stats    ]     System Dictionary                 7 us
[31.017s][info][gc,stats    ]     Weak Class Links                  0 us
[31.017s][info][gc,stats    ]     Code Roots                     2863 us
[31.017s][info][gc,stats    ]   Rendezvous                         48 us
[31.017s][info][gc,stats    ]   Purge Unlinked                    162 us
[31.017s][info][gc,stats    ]     Code Roots                      156 us
[31.017s][info][gc,stats    ]     CLDG                              6 us
[31.017s][info][gc,stats    ]     Exception Caches                  0 us
[31.017s][info][gc,stats    ] Pause Final Roots (G)               104 us
[31.017s][info][gc,stats    ] Pause Final Roots (N)                46 us
[31.017s][info][gc,stats    ] 
[31.017s][info][gc,stats    ] Allocation pacing accrued:
[31.017s][info][gc,stats    ]       0 of   459 ms (  0.0%): <total>
[31.017s][info][gc,stats    ]       0 of   459 ms (  0.0%): <average total>
[31.017s][info][gc,stats    ] 
[31.017s][info][gc,metaspace] Metaspace: 14188K(14528K)->14188K(14528K) NonClass: 12282K(12480K)->12282K(12480K) Class: 1905K(2048K)->1905K(2048K)
[31.017s][info][gc,ergo     ] Pacer for Idle. Initial: 41943K, Alloc Tax Rate: 1.0x
[31.445s][info][gc          ] Trigger: Learning 3 of 5. Free (1432M) is below initial threshold (1433M)
[31.445s][info][gc,ergo     ] Free: 1432M, Max: 1024K regular, 1421M humongous, Frag: 1% external, 0% internal; Reserve: 103M, Max: 1024K
[31.445s][info][gc,start    ] GC(72) Concurrent reset
[31.445s][info][gc,task     ] GC(72) Using 1 of 3 workers for concurrent reset
[31.445s][info][gc,ergo     ] GC(72) Pacer for Reset. Non-Taxable: 2048M
[31.445s][info][gc          ] GC(72) Concurrent reset 0.239ms
[31.445s][info][gc,start    ] GC(72) Pause Init Mark (unload classes)
[31.445s][info][gc,task     ] GC(72) Using 3 of 3 workers for init marking
[31.445s][info][gc,ergo     ] GC(72) Pacer for Mark. Expected Live: 4517K, Free: 1432M, Non-Taxable: 143M, Alloc Tax Rate: 0.0x
[31.445s][info][gc          ] GC(72) Pause Init Mark (unload classes) 0.071ms
[31.445s][info][gc,start    ] GC(72) Concurrent marking roots
[31.445s][info][gc,task     ] GC(72) Using 1 of 3 workers for concurrent marking roots
[31.446s][info][gc          ] GC(72) Concurrent marking roots 0.430ms
[31.446s][info][gc,start    ] GC(72) Concurrent marking (unload classes)
[31.446s][info][gc,task     ] GC(72) Using 1 of 3 workers for concurrent marking
[31.450s][info][gc          ] GC(72) Concurrent marking (unload classes) 3.956ms
[31.450s][info][gc,start    ] GC(72) Pause Final Mark (unload classes)
[31.450s][info][gc,task     ] GC(72) Using 3 of 3 workers for final marking
[31.450s][info][gc,ergo     ] GC(72) Collectable Garbage: 474M (93%), Immediate: 474M (93%), CSet: 0B (0%)
[31.450s][info][gc          ] GC(72) Pause Final Mark (unload classes) 0.142ms
[31.450s][info][gc,start    ] GC(72) Concurrent weak references
[31.450s][info][gc,task     ] GC(72) Using 1 of 3 workers for concurrent weak references
[31.450s][info][gc,ref      ] GC(72) Encountered references: Soft: 140, Weak: 733, Final: 0, Phantom: 64
[31.450s][info][gc,ref      ] GC(72) Discovered  references: Soft: 0, Weak: 149, Final: 0, Phantom: 37
[31.450s][info][gc,ref      ] GC(72) Enqueued    references: Soft: 0, Weak: 0, Final: 0, Phantom: 0
[31.450s][info][gc          ] GC(72) Concurrent weak references 0.071ms
[31.450s][info][gc,start    ] GC(72) Concurrent weak roots
[31.450s][info][gc,task     ] GC(72) Using 1 of 3 workers for concurrent weak root
[31.452s][info][gc          ] GC(72) Concurrent weak roots 2.381ms
[31.452s][info][gc,start    ] GC(72) Concurrent cleanup
[31.452s][info][gc          ] GC(72) Concurrent cleanup 524M->50M(2048M) 0.051ms
[31.452s][info][gc,ergo     ] GC(72) Free: 1894M, Max: 1024K regular, 1420M humongous, Frag: 26% external, 0% internal; Reserve: 103M, Max: 1024K
[31.452s][info][gc,start    ] GC(72) Concurrent class unloading
[31.453s][info][gc,task     ] GC(72) Using 1 of 3 workers for concurrent class unloading
[31.456s][info][gc          ] GC(72) Concurrent class unloading 3.020ms
[31.456s][info][gc,start    ] GC(72) Pause Final Roots
[31.456s][info][gc          ] GC(72) Pause Final Roots 0.039ms
[31.456s][info][gc,ergo     ] Free: 1893M, Max: 1024K regular, 1420M humongous, Frag: 25% external, 0% internal; Reserve: 103M, Max: 1024K
[31.456s][info][gc,stats    ] 
[31.456s][info][gc,stats    ] All times are wall-clock times, except per-root-class counters, that are sum over
[31.456s][info][gc,stats    ] all workers. Dividing the <total> over the root stage time estimates parallelism.
[31.456s][info][gc,stats    ] 
[31.456s][info][gc,stats    ] Concurrent Reset                    283 us
[31.456s][info][gc,stats    ] Pause Init Mark (G)                 209 us
[31.456s][info][gc,stats    ] Pause Init Mark (N)                  79 us
[31.456s][info][gc,stats    ]   Update Region States               26 us
[31.456s][info][gc,stats    ] Concurrent Mark Roots               449 us, parallelism: 0.84x
[31.456s][info][gc,stats    ]   CMR: <total>                      376 us
[31.456s][info][gc,stats    ]   CMR: Thread Roots                 331 us, workers (us): 331, ---, ---, 
[31.456s][info][gc,stats    ]   CMR: VM Strong Roots                6 us, workers (us):   6, ---, ---, 
[31.456s][info][gc,stats    ]   CMR: CLDG Roots                    39 us, workers (us):  39, ---, ---, 
[31.456s][info][gc,stats    ] Concurrent Marking                 4007 us
[31.456s][info][gc,stats    ] Pause Final Mark (G)                203 us
[31.456s][info][gc,stats    ] Pause Final Mark (N)                151 us
[31.456s][info][gc,stats    ]   Finish Mark                        37 us
[31.456s][info][gc,stats    ]   Update Region States               27 us
[31.456s][info][gc,stats    ]   Choose Collection Set              26 us
[31.456s][info][gc,stats    ]   Rebuild Free Set                    8 us
[31.456s][info][gc,stats    ] Concurrent Weak References           79 us, parallelism: 0.09x
[31.456s][info][gc,stats    ]   CWRF: <total>                       7 us
[31.456s][info][gc,stats    ]   CWRF: Weak References               7 us, workers (us):   7, ---, ---, 
[31.456s][info][gc,stats    ] Concurrent Weak Roots              2404 us
[31.456s][info][gc,stats    ]   Roots                            2314 us, parallelism: 0.99x
[31.456s][info][gc,stats    ]     CWR: <total>                   2288 us
[31.456s][info][gc,stats    ]     CWR: Code Cache Roots           634 us, workers (us): 634, ---, ---, 
[31.456s][info][gc,stats    ]     CWR: VM Weak Roots             1647 us, workers (us): 1647, ---, ---, 
[31.456s][info][gc,stats    ]     CWR: CLDG Roots                   7 us, workers (us):   7, ---, ---, 
[31.456s][info][gc,stats    ]   Rendezvous                         52 us
[31.456s][info][gc,stats    ] Concurrent Cleanup                   59 us
[31.456s][info][gc,stats    ] Concurrent Class Unloading         3065 us
[31.456s][info][gc,stats    ]   Unlink Stale                     2845 us
[31.456s][info][gc,stats    ]     System Dictionary                 7 us
[31.456s][info][gc,stats    ]     Weak Class Links                  0 us
[31.456s][info][gc,stats    ]     Code Roots                     2837 us
[31.456s][info][gc,stats    ]   Rendezvous                         37 us
[31.456s][info][gc,stats    ]   Purge Unlinked                    120 us
[31.456s][info][gc,stats    ]     Code Roots                      116 us
[31.456s][info][gc,stats    ]     CLDG                              4 us
[31.456s][info][gc,stats    ]     Exception Caches                  0 us
[31.456s][info][gc,stats    ] Pause Final Roots (G)                97 us
[31.456s][info][gc,stats    ] Pause Final Roots (N)                48 us
[31.456s][info][gc,stats    ] 
[31.456s][info][gc,stats    ] Allocation pacing accrued:
[31.456s][info][gc,stats    ]       0 of   439 ms (  0.0%): <total>
[31.456s][info][gc,stats    ]       0 of   439 ms (  0.0%): <average total>
[31.456s][info][gc,stats    ] 
[31.456s][info][gc,metaspace] Metaspace: 14188K(14528K)->14188K(14528K) NonClass: 12282K(12480K)->12282K(12480K) Class: 1905K(2048K)->1905K(2048K)
[31.456s][info][gc,ergo     ] Pacer for Idle. Initial: 41943K, Alloc Tax Rate: 1.0x
[31.879s][info][gc          ] Trigger: Learning 4 of 5. Free (1432M) is below initial threshold (1433M)
[31.879s][info][gc,ergo     ] Free: 1432M, Max: 1024K regular, 1420M humongous, Frag: 1% external, 0% internal; Reserve: 103M, Max: 1024K
[31.879s][info][gc,start    ] GC(73) Concurrent reset
[31.879s][info][gc,task     ] GC(73) Using 1 of 3 workers for concurrent reset
[31.879s][info][gc,ergo     ] GC(73) Pacer for Reset. Non-Taxable: 2048M
[31.879s][info][gc          ] GC(73) Concurrent reset 0.251ms
[31.879s][info][gc,start    ] GC(73) Pause Init Mark (unload classes)
[31.879s][info][gc,task     ] GC(73) Using 3 of 3 workers for init marking
[31.879s][info][gc,ergo     ] GC(73) Pacer for Mark. Expected Live: 4517K, Free: 1432M, Non-Taxable: 143M, Alloc Tax Rate: 0.0x
[31.879s][info][gc          ] GC(73) Pause Init Mark (unload classes) 0.091ms
[31.879s][info][gc,start    ] GC(73) Concurrent marking roots
[31.879s][info][gc,task     ] GC(73) Using 1 of 3 workers for concurrent marking roots
[31.880s][info][gc          ] GC(73) Concurrent marking roots 0.400ms
[31.880s][info][gc,start    ] GC(73) Concurrent marking (unload classes)
[31.880s][info][gc,task     ] GC(73) Using 1 of 3 workers for concurrent marking
[31.884s][info][gc          ] GC(73) Concurrent marking (unload classes) 3.835ms
[31.884s][info][gc,start    ] GC(73) Pause Final Mark (unload classes)
[31.884s][info][gc,task     ] GC(73) Using 3 of 3 workers for final marking
[31.884s][info][gc,ergo     ] GC(73) Collectable Garbage: 470M (92%), Immediate: 470M (92%), CSet: 0B (0%)
[31.884s][info][gc          ] GC(73) Pause Final Mark (unload classes) 0.152ms
[31.884s][info][gc,start    ] GC(73) Concurrent weak references
[31.884s][info][gc,task     ] GC(73) Using 1 of 3 workers for concurrent weak references
[31.884s][info][gc,ref      ] GC(73) Encountered references: Soft: 140, Weak: 733, Final: 0, Phantom: 64
[31.884s][info][gc,ref      ] GC(73) Discovered  references: Soft: 0, Weak: 149, Final: 0, Phantom: 37
[31.884s][info][gc,ref      ] GC(73) Enqueued    references: Soft: 0, Weak: 0, Final: 0, Phantom: 0
[31.884s][info][gc          ] GC(73) Concurrent weak references 0.061ms
[31.884s][info][gc,start    ] GC(73) Concurrent weak roots
[31.884s][info][gc,task     ] GC(73) Using 1 of 3 workers for concurrent weak root
[31.887s][info][gc          ] GC(73) Concurrent weak roots 3.320ms
[31.887s][info][gc,start    ] GC(73) Concurrent cleanup
[31.887s][info][gc          ] GC(73) Concurrent cleanup 525M->54M(2048M) 0.053ms
[31.888s][info][gc,ergo     ] GC(73) Free: 1890M, Max: 1024K regular, 1419M humongous, Frag: 25% external, 0% internal; Reserve: 103M, Max: 1024K
[31.888s][info][gc,start    ] GC(73) Concurrent class unloading
[31.888s][info][gc,task     ] GC(73) Using 1 of 3 workers for concurrent class unloading
[31.891s][info][gc          ] GC(73) Concurrent class unloading 3.014ms
[31.891s][info][gc,start    ] GC(73) Pause Final Roots
[31.891s][info][gc          ] GC(73) Pause Final Roots 0.038ms
[31.891s][info][gc,ergo     ] Free: 1889M, Max: 1024K regular, 1419M humongous, Frag: 25% external, 0% internal; Reserve: 103M, Max: 1024K
[31.891s][info][gc,stats    ] 
[31.891s][info][gc,stats    ] All times are wall-clock times, except per-root-class counters, that are sum over
[31.891s][info][gc,stats    ] all workers. Dividing the <total> over the root stage time estimates parallelism.
[31.891s][info][gc,stats    ] 
[31.891s][info][gc,stats    ] Concurrent Reset                    263 us
[31.891s][info][gc,stats    ] Pause Init Mark (G)                 215 us
[31.891s][info][gc,stats    ] Pause Init Mark (N)                 100 us
[31.891s][info][gc,stats    ]   Update Region States               28 us
[31.891s][info][gc,stats    ] Concurrent Mark Roots               413 us, parallelism: 0.85x
[31.891s][info][gc,stats    ]   CMR: <total>                      351 us
[31.891s][info][gc,stats    ]   CMR: Thread Roots                 310 us, workers (us): 310, ---, ---, 
[31.891s][info][gc,stats    ]   CMR: VM Strong Roots                4 us, workers (us):   4, ---, ---, 
[31.891s][info][gc,stats    ]   CMR: CLDG Roots                    37 us, workers (us):  37, ---, ---, 
[31.891s][info][gc,stats    ] Concurrent Marking                 3887 us
[31.891s][info][gc,stats    ] Pause Final Mark (G)                233 us
[31.891s][info][gc,stats    ] Pause Final Mark (N)                161 us
[31.891s][info][gc,stats    ]   Finish Mark                        34 us
[31.891s][info][gc,stats    ]   Update Region States               28 us
[31.891s][info][gc,stats    ]   Choose Collection Set              34 us
[31.891s][info][gc,stats    ]   Rebuild Free Set                    8 us
[31.891s][info][gc,stats    ] Concurrent Weak References           68 us, parallelism: 0.09x
[31.891s][info][gc,stats    ]   CWRF: <total>                       6 us
[31.891s][info][gc,stats    ]   CWRF: Weak References               6 us, workers (us):   6, ---, ---, 
[31.891s][info][gc,stats    ] Concurrent Weak Roots              3360 us
[31.891s][info][gc,stats    ]   Roots                            3255 us, parallelism: 0.99x
[31.891s][info][gc,stats    ]     CWR: <total>                   3231 us
[31.891s][info][gc,stats    ]     CWR: Code Cache Roots           625 us, workers (us): 625, ---, ---, 
[31.891s][info][gc,stats    ]     CWR: VM Weak Roots             2600 us, workers (us): 2600, ---, ---, 
[31.891s][info][gc,stats    ]     CWR: CLDG Roots                   7 us, workers (us):   7, ---, ---, 
[31.891s][info][gc,stats    ]   Rendezvous                         50 us
[31.891s][info][gc,stats    ] Concurrent Cleanup                   61 us
[31.891s][info][gc,stats    ] Concurrent Class Unloading         3063 us
[31.891s][info][gc,stats    ]   Unlink Stale                     2821 us
[31.891s][info][gc,stats    ]     System Dictionary                 9 us
[31.891s][info][gc,stats    ]     Weak Class Links                  0 us
[31.891s][info][gc,stats    ]     Code Roots                     2811 us
[31.891s][info][gc,stats    ]   Rendezvous                         48 us
[31.891s][info][gc,stats    ]   Purge Unlinked                    128 us
[31.891s][info][gc,stats    ]     Code Roots                      125 us
[31.891s][info][gc,stats    ]     CLDG                              2 us
[31.891s][info][gc,stats    ]     Exception Caches                  0 us
[31.891s][info][gc,stats    ] Pause Final Roots (G)               106 us
[31.891s][info][gc,stats    ] Pause Final Roots (N)                47 us
[31.891s][info][gc,stats    ] 
[31.891s][info][gc,stats    ] Allocation pacing accrued:
[31.891s][info][gc,stats    ]       0 of   435 ms (  0.0%): <total>
[31.891s][info][gc,stats    ]       0 of   435 ms (  0.0%): <average total>
[31.891s][info][gc,stats    ] 
[31.891s][info][gc,metaspace] Metaspace: 14188K(14528K)->14188K(14528K) NonClass: 12282K(12480K)->12282K(12480K) Class: 1905K(2048K)->1905K(2048K)
[31.891s][info][gc,ergo     ] Pacer for Idle. Initial: 41943K, Alloc Tax Rate: 1.0x
[32.310s][info][gc          ] Trigger: Learning 5 of 5. Free (1431M) is below initial threshold (1433M)
[32.310s][info][gc,ergo     ] Free: 1431M, Max: 1024K regular, 1419M humongous, Frag: 1% external, 0% internal; Reserve: 103M, Max: 1024K
[32.310s][info][gc,start    ] GC(74) Concurrent reset
[32.310s][info][gc,task     ] GC(74) Using 1 of 3 workers for concurrent reset
[32.310s][info][gc,ergo     ] GC(74) Pacer for Reset. Non-Taxable: 2048M
[32.310s][info][gc          ] GC(74) Concurrent reset 0.269ms
[32.310s][info][gc,start    ] GC(74) Pause Init Mark (unload classes)
[32.310s][info][gc,task     ] GC(74) Using 3 of 3 workers for init marking
[32.310s][info][gc,ergo     ] GC(74) Pacer for Mark. Expected Live: 4516K, Free: 1431M, Non-Taxable: 143M, Alloc Tax Rate: 0.0x
[32.310s][info][gc          ] GC(74) Pause Init Mark (unload classes) 0.100ms
[32.310s][info][gc,start    ] GC(74) Concurrent marking roots
[32.310s][info][gc,task     ] GC(74) Using 1 of 3 workers for concurrent marking roots
[32.311s][info][gc          ] GC(74) Concurrent marking roots 0.443ms
[32.311s][info][gc,start    ] GC(74) Concurrent marking (unload classes)
[32.311s][info][gc,task     ] GC(74) Using 1 of 3 workers for concurrent marking
[32.315s][info][gc          ] GC(74) Concurrent marking (unload classes) 3.913ms
[32.315s][info][gc,start    ] GC(74) Pause Final Mark (unload classes)
[32.315s][info][gc,task     ] GC(74) Using 3 of 3 workers for final marking
[32.315s][info][gc,ergo     ] GC(74) Collectable Garbage: 469M (92%), Immediate: 469M (92%), CSet: 0B (0%)
[32.315s][info][gc          ] GC(74) Pause Final Mark (unload classes) 0.159ms
[32.315s][info][gc,start    ] GC(74) Concurrent weak references
[32.315s][info][gc,task     ] GC(74) Using 1 of 3 workers for concurrent weak references
[32.315s][info][gc,ref      ] GC(74) Encountered references: Soft: 140, Weak: 733, Final: 0, Phantom: 64
[32.315s][info][gc,ref      ] GC(74) Discovered  references: Soft: 0, Weak: 149, Final: 0, Phantom: 37
[32.315s][info][gc,ref      ] GC(74) Enqueued    references: Soft: 0, Weak: 0, Final: 0, Phantom: 0
[32.315s][info][gc          ] GC(74) Concurrent weak references 0.069ms
[32.315s][info][gc,start    ] GC(74) Concurrent weak roots
[32.315s][info][gc,task     ] GC(74) Using 1 of 3 workers for concurrent weak root
[32.319s][info][gc          ] GC(74) Concurrent weak roots 3.782ms
[32.319s][info][gc,start    ] GC(74) Concurrent cleanup
[32.319s][info][gc          ] GC(74) Concurrent cleanup 526M->56M(2048M) 0.057ms
[32.319s][info][gc,ergo     ] GC(74) Free: 1888M, Max: 1024K regular, 1418M humongous, Frag: 25% external, 0% internal; Reserve: 103M, Max: 1024K
[32.319s][info][gc,start    ] GC(74) Concurrent class unloading
[32.319s][info][gc,task     ] GC(74) Using 1 of 3 workers for concurrent class unloading
[32.322s][info][gc          ] GC(74) Concurrent class unloading 3.071ms
[32.322s][info][gc,start    ] GC(74) Pause Final Roots
[32.322s][info][gc          ] GC(74) Pause Final Roots 0.032ms
[32.322s][info][gc,ergo     ] Free: 1887M, Max: 1024K regular, 1418M humongous, Frag: 25% external, 0% internal; Reserve: 103M, Max: 1024K
[32.322s][info][gc,stats    ] 
[32.322s][info][gc,stats    ] All times are wall-clock times, except per-root-class counters, that are sum over
[32.322s][info][gc,stats    ] all workers. Dividing the <total> over the root stage time estimates parallelism.
[32.322s][info][gc,stats    ] 
[32.322s][info][gc,stats    ] Concurrent Reset                    282 us
[32.322s][info][gc,stats    ] Pause Init Mark (G)                 196 us
[32.322s][info][gc,stats    ] Pause Init Mark (N)                 109 us
[32.322s][info][gc,stats    ]   Update Region States               29 us
[32.322s][info][gc,stats    ] Concurrent Mark Roots               460 us, parallelism: 0.86x
[32.322s][info][gc,stats    ]   CMR: <total>                      396 us
[32.322s][info][gc,stats    ]   CMR: Thread Roots                 344 us, workers (us): 344, ---, ---, 
[32.322s][info][gc,stats    ]   CMR: VM Strong Roots                5 us, workers (us):   5, ---, ---, 
[32.322s][info][gc,stats    ]   CMR: CLDG Roots                    47 us, workers (us):  47, ---, ---, 
[32.322s][info][gc,stats    ] Concurrent Marking                 3965 us
[32.322s][info][gc,stats    ] Pause Final Mark (G)                243 us
[32.322s][info][gc,stats    ] Pause Final Mark (N)                168 us
[32.322s][info][gc,stats    ]   Finish Mark                        34 us
[32.322s][info][gc,stats    ]   Update Region States               30 us
[32.322s][info][gc,stats    ]   Choose Collection Set              40 us
[32.322s][info][gc,stats    ]   Rebuild Free Set                    8 us
[32.322s][info][gc,stats    ] Concurrent Weak References           76 us, parallelism: 0.11x
[32.322s][info][gc,stats    ]   CWRF: <total>                       8 us
[32.322s][info][gc,stats    ]   CWRF: Weak References               8 us, workers (us):   8, ---, ---, 
[32.322s][info][gc,stats    ] Concurrent Weak Roots              3818 us
[32.322s][info][gc,stats    ]   Roots                            3712 us, parallelism: 0.99x
[32.322s][info][gc,stats    ]     CWR: <total>                   3691 us
[32.322s][info][gc,stats    ]     CWR: Code Cache Roots           649 us, workers (us): 649, ---, ---, 
[32.322s][info][gc,stats    ]     CWR: VM Weak Roots             3036 us, workers (us): 3036, ---, ---, 
[32.322s][info][gc,stats    ]     CWR: CLDG Roots                   7 us, workers (us):   7, ---, ---, 
[32.322s][info][gc,stats    ]   Rendezvous                         54 us
[32.322s][info][gc,stats    ] Concurrent Cleanup                   66 us
[32.323s][info][gc,stats    ] Concurrent Class Unloading         3123 us
[32.323s][info][gc,stats    ]   Unlink Stale                     2845 us
[32.323s][info][gc,stats    ]     System Dictionary                 9 us
[32.323s][info][gc,stats    ]     Weak Class Links                  0 us
[32.323s][info][gc,stats    ]     Code Roots                     2833 us
[32.323s][info][gc,stats    ]   Rendezvous                         45 us
[32.323s][info][gc,stats    ]   Purge Unlinked                    162 us
[32.323s][info][gc,stats    ]     Code Roots                      158 us
[32.323s][info][gc,stats    ]     CLDG                              3 us
[32.323s][info][gc,stats    ]     Exception Caches                  0 us
[32.323s][info][gc,stats    ] Pause Final Roots (G)                88 us
[32.323s][info][gc,stats    ] Pause Final Roots (N)                41 us
[32.323s][info][gc,stats    ] 
[32.323s][info][gc,stats    ] Allocation pacing accrued:
[32.323s][info][gc,stats    ]       0 of   432 ms (  0.0%): <total>
[32.323s][info][gc,stats    ]       0 of   432 ms (  0.0%): <average total>
[32.323s][info][gc,stats    ] 
[32.323s][info][gc,metaspace] Metaspace: 14188K(14528K)->14188K(14528K) NonClass: 12282K(12480K)->12282K(12480K) Class: 1905K(2048K)->1905K(2048K)
[32.323s][info][gc,ergo     ] Pacer for Idle. Initial: 41943K, Alloc Tax Rate: 1.0x
[32.639s][info][gc          ] Trigger: Explicit GC request (System.gc())
[32.639s][info][gc,ergo     ] Free: 1641M, Max: 1024K regular, 1418M humongous, Frag: 14% external, 0% internal; Reserve: 103M, Max: 1024K
[32.640s][info][gc,start    ] GC(75) Concurrent reset
[32.640s][info][gc,task     ] GC(75) Using 1 of 3 workers for concurrent reset
[32.640s][info][gc,ergo     ] GC(75) Pacer for Reset. Non-Taxable: 2048M
[32.640s][info][gc          ] GC(75) Concurrent reset 0.560ms
[32.640s][info][gc,start    ] GC(75) Pause Init Mark (unload classes)
[32.640s][info][gc,task     ] GC(75) Using 3 of 3 workers for init marking
[32.641s][info][gc,ref      ] GC(75) Clearing All SoftReferences
[32.641s][info][gc,ergo     ] GC(75) Pacer for Mark. Expected Live: 4516K, Free: 1641M, Non-Taxable: 164M, Alloc Tax Rate: 0.0x
[32.641s][info][gc          ] GC(75) Pause Init Mark (unload classes) 0.320ms
[32.641s][info][gc,start    ] GC(75) Concurrent marking roots
[32.641s][info][gc,task     ] GC(75) Using 1 of 3 workers for concurrent marking roots
[32.641s][info][gc          ] GC(75) Concurrent marking roots 0.421ms
[32.641s][info][gc,start    ] GC(75) Concurrent marking (unload classes)
[32.641s][info][gc,task     ] GC(75) Using 1 of 3 workers for concurrent marking
[32.645s][info][gc          ] GC(75) Concurrent marking (unload classes) 4.165ms
[32.645s][info][gc,start    ] GC(75) Pause Final Mark (unload classes)
[32.645s][info][gc,task     ] GC(75) Using 3 of 3 workers for final marking
[32.646s][info][gc,ergo     ] GC(75) Collectable Garbage: 276M (92%), Immediate: 276M (92%), CSet: 0B (0%)
[32.646s][info][gc          ] GC(75) Pause Final Mark (unload classes) 0.346ms
[32.646s][info][gc,start    ] GC(75) Concurrent weak references
[32.646s][info][gc,task     ] GC(75) Using 1 of 3 workers for concurrent weak references
[32.646s][info][gc,ref      ] GC(75) Encountered references: Soft: 140, Weak: 717, Final: 0, Phantom: 64
[32.646s][info][gc,ref      ] GC(75) Discovered  references: Soft: 88, Weak: 171, Final: 0, Phantom: 62
[32.646s][info][gc,ref      ] GC(75) Enqueued    references: Soft: 3, Weak: 0, Final: 0, Phantom: 0
[32.646s][info][gc          ] GC(75) Concurrent weak references 0.163ms
[32.646s][info][gc,start    ] GC(75) Concurrent weak roots
[32.646s][info][gc,task     ] GC(75) Using 1 of 3 workers for concurrent weak root
[32.649s][info][gc          ] GC(75) Concurrent weak roots 3.473ms
[32.649s][info][gc,start    ] GC(75) Concurrent cleanup
[32.650s][info][gc          ] GC(75) Concurrent cleanup 303M->27M(2048M) 0.083ms
[32.650s][info][gc,ergo     ] GC(75) Free: 1918M, Max: 1024K regular, 1444M humongous, Frag: 25% external, 0% internal; Reserve: 103M, Max: 1024K
[32.650s][info][gc,start    ] GC(75) Concurrent class unloading
[32.650s][info][gc,task     ] GC(75) Using 1 of 3 workers for concurrent class unloading
[32.653s][info][gc          ] GC(75) Concurrent class unloading 3.838ms
[32.654s][info][gc,start    ] GC(75) Pause Final Roots
[32.654s][info][gc          ] GC(75) Pause Final Roots 0.059ms
[32.654s][info][gc,ergo     ] Free: 1918M, Max: 1024K regular, 1444M humongous, Frag: 25% external, 0% internal; Reserve: 103M, Max: 1024K
[32.654s][info][gc,stats    ] 
[32.654s][info][gc,stats    ] All times are wall-clock times, except per-root-class counters, that are sum over
[32.654s][info][gc,stats    ] all workers. Dividing the <total> over the root stage time estimates parallelism.
[32.654s][info][gc,stats    ] 
[32.654s][info][gc,stats    ] Concurrent Reset                    612 us
[32.654s][info][gc,stats    ] Pause Init Mark (G)                 486 us
[32.654s][info][gc,stats    ] Pause Init Mark (N)                 338 us
[32.654s][info][gc,stats    ]   Update Region States              115 us
[32.654s][info][gc,stats    ] Concurrent Mark Roots               439 us, parallelism: 0.80x
[32.654s][info][gc,stats    ]   CMR: <total>                      353 us
[32.654s][info][gc,stats    ]   CMR: Thread Roots                 304 us, workers (us): 304, ---, ---, 
[32.654s][info][gc,stats    ]   CMR: VM Strong Roots                4 us, workers (us):   4, ---, ---, 
[32.654s][info][gc,stats    ]   CMR: CLDG Roots                    44 us, workers (us):  44, ---, ---, 
[32.654s][info][gc,stats    ] Concurrent Marking                 4229 us
[32.654s][info][gc,stats    ] Pause Final Mark (G)                476 us
[32.654s][info][gc,stats    ] Pause Final Mark (N)                366 us
[32.654s][info][gc,stats    ]   Finish Mark                       112 us
[32.654s][info][gc,stats    ]   Update Region States               84 us
[32.654s][info][gc,stats    ]   Choose Collection Set              58 us
[32.654s][info][gc,stats    ]   Rebuild Free Set                   17 us
[32.654s][info][gc,stats    ] Concurrent Weak References          180 us, parallelism: 0.04x
[32.654s][info][gc,stats    ]   CWRF: <total>                       7 us
[32.654s][info][gc,stats    ]   CWRF: Weak References               7 us, workers (us):   7, ---, ---, 
[32.654s][info][gc,stats    ] Concurrent Weak Roots              3523 us
[32.654s][info][gc,stats    ]   Roots                            3315 us, parallelism: 0.98x
[32.654s][info][gc,stats    ]     CWR: <total>                   3234 us
[32.654s][info][gc,stats    ]     CWR: Code Cache Roots           707 us, workers (us): 707, ---, ---, 
[32.654s][info][gc,stats    ]     CWR: VM Weak Roots             2519 us, workers (us): 2519, ---, ---, 
[32.654s][info][gc,stats    ]     CWR: CLDG Roots                   8 us, workers (us):   8, ---, ---, 
[32.654s][info][gc,stats    ]   Rendezvous                        124 us
[32.654s][info][gc,stats    ] Concurrent Cleanup                  106 us
[32.654s][info][gc,stats    ] Concurrent Class Unloading         3902 us
[32.654s][info][gc,stats    ]   Unlink Stale                     3532 us
[32.654s][info][gc,stats    ]     System Dictionary                11 us
[32.654s][info][gc,stats    ]     Weak Class Links                  0 us
[32.654s][info][gc,stats    ]     Code Roots                     3518 us
[32.654s][info][gc,stats    ]   Rendezvous                        108 us
[32.654s][info][gc,stats    ]   Purge Unlinked                    154 us
[32.654s][info][gc,stats    ]     Code Roots                      145 us
[32.654s][info][gc,stats    ]     CLDG                              9 us
[32.654s][info][gc,stats    ]     Exception Caches                  0 us
[32.654s][info][gc,stats    ] Pause Final Roots (G)               174 us
[32.654s][info][gc,stats    ] Pause Final Roots (N)                77 us
[32.654s][info][gc,stats    ] 
[32.654s][info][gc,stats    ] Allocation pacing accrued:
[32.654s][info][gc,stats    ]       0 of   332 ms (  0.0%): <total>
[32.654s][info][gc,stats    ]       0 of   332 ms (  0.0%): <average total>
[32.654s][info][gc,stats    ] 
[32.654s][info][gc,metaspace] Metaspace: 14188K(14528K)->14188K(14528K) NonClass: 12283K(12480K)->12283K(12480K) Class: 1905K(2048K)->1905K(2048K)
[32.654s][info][gc,ergo     ] Pacer for Idle. Initial: 41943K, Alloc Tax Rate: 1.0x
[33.078s][info][gc          ] Trigger: Learning 2 of 5. Free (1432M) is below initial threshold (1433M)
[33.078s][info][gc,ergo     ] Free: 1432M, Max: 1024K regular, 1432M humongous, Frag: 0% external, 0% internal; Reserve: 103M, Max: 1024K
[33.078s][info][gc,start    ] GC(76) Concurrent reset
[33.078s][info][gc,task     ] GC(76) Using 1 of 3 workers for concurrent reset
[33.078s][info][gc,ergo     ] GC(76) Pacer for Reset. Non-Taxable: 2048M
[33.078s][info][gc          ] GC(76) Concurrent reset 0.217ms
[33.078s][info][gc,start    ] GC(76) Pause Init Mark (unload classes)
[33.078s][info][gc,task     ] GC(76) Using 3 of 3 workers for init marking
[33.078s][info][gc,ergo     ] GC(76) Pacer for Mark. Expected Live: 4516K, Free: 1432M, Non-Taxable: 143M, Alloc Tax Rate: 0.0x
[33.078s][info][gc          ] GC(76) Pause Init Mark (unload classes) 0.092ms
[33.078s][info][gc,start    ] GC(76) Concurrent marking roots
[33.078s][info][gc,task     ] GC(76) Using 1 of 3 workers for concurrent marking roots
[33.079s][info][gc          ] GC(76) Concurrent marking roots 0.416ms
[33.079s][info][gc,start    ] GC(76) Concurrent marking (unload classes)
[33.079s][info][gc,task     ] GC(76) Using 1 of 3 workers for concurrent marking
[33.083s][info][gc          ] GC(76) Concurrent marking (unload classes) 3.926ms
[33.083s][info][gc,start    ] GC(76) Pause Final Mark (unload classes)
[33.083s][info][gc,task     ] GC(76) Using 3 of 3 workers for final marking
[33.083s][info][gc,ergo     ] GC(76) Collectable Garbage: 473M (93%), Immediate: 473M (93%), CSet: 0B (0%)
[33.083s][info][gc          ] GC(76) Pause Final Mark (unload classes) 0.152ms
[33.083s][info][gc,start    ] GC(76) Concurrent weak references
[33.083s][info][gc,task     ] GC(76) Using 1 of 3 workers for concurrent weak references
[33.083s][info][gc,ref      ] GC(76) Encountered references: Soft: 140, Weak: 729, Final: 0, Phantom: 64
[33.083s][info][gc,ref      ] GC(76) Discovered  references: Soft: 0, Weak: 147, Final: 0, Phantom: 37
[33.083s][info][gc,ref      ] GC(76) Enqueued    references: Soft: 0, Weak: 0, Final: 0, Phantom: 0
[33.083s][info][gc          ] GC(76) Concurrent weak references 0.067ms
[33.083s][info][gc,start    ] GC(76) Concurrent weak roots
[33.083s][info][gc,task     ] GC(76) Using 1 of 3 workers for concurrent weak root
[33.088s][info][gc          ] GC(76) Concurrent weak roots 5.258ms
[33.088s][info][gc,start    ] GC(76) Concurrent cleanup
[33.088s][info][gc          ] GC(76) Concurrent cleanup 526M->53M(2048M) 0.050ms
[33.088s][info][gc,ergo     ] GC(76) Free: 1892M, Max: 1024K regular, 1419M humongous, Frag: 25% external, 0% internal; Reserve: 103M, Max: 1024K
[33.088s][info][gc,start    ] GC(76) Concurrent class unloading
[33.088s][info][gc,task     ] GC(76) Using 1 of 3 workers for concurrent class unloading
[33.092s][info][gc          ] GC(76) Concurrent class unloading 3.307ms
[33.092s][info][gc,start    ] GC(76) Pause Final Roots
[33.092s][info][gc          ] GC(76) Pause Final Roots 0.041ms
[33.092s][info][gc,ergo     ] Free: 1886M, Max: 1024K regular, 1419M humongous, Frag: 25% external, 0% internal; Reserve: 103M, Max: 1024K
[33.092s][info][gc,stats    ] 
[33.092s][info][gc,stats    ] All times are wall-clock times, except per-root-class counters, that are sum over
[33.092s][info][gc,stats    ] all workers. Dividing the <total> over the root stage time estimates parallelism.
[33.092s][info][gc,stats    ] 
[33.092s][info][gc,stats    ] Concurrent Reset                    231 us
[33.092s][info][gc,stats    ] Pause Init Mark (G)                 183 us
[33.092s][info][gc,stats    ] Pause Init Mark (N)                 101 us
[33.092s][info][gc,stats    ]   Update Region States               27 us
[33.092s][info][gc,stats    ] Concurrent Mark Roots               429 us, parallelism: 0.86x
[33.092s][info][gc,stats    ]   CMR: <total>                      370 us
[33.092s][info][gc,stats    ]   CMR: Thread Roots                 324 us, workers (us): 324, ---, ---, 
[33.092s][info][gc,stats    ]   CMR: VM Strong Roots                5 us, workers (us):   5, ---, ---, 
[33.092s][info][gc,stats    ]   CMR: CLDG Roots                    41 us, workers (us):  41, ---, ---, 
[33.092s][info][gc,stats    ] Concurrent Marking                 3979 us
[33.092s][info][gc,stats    ] Pause Final Mark (G)                211 us
[33.092s][info][gc,stats    ] Pause Final Mark (N)                161 us
[33.092s][info][gc,stats    ]   Finish Mark                        35 us
[33.092s][info][gc,stats    ]   Update Region States               27 us
[33.092s][info][gc,stats    ]   Choose Collection Set              34 us
[33.092s][info][gc,stats    ]   Rebuild Free Set                    8 us
[33.092s][info][gc,stats    ] Concurrent Weak References           74 us, parallelism: 0.10x
[33.092s][info][gc,stats    ]   CWRF: <total>                       7 us
[33.092s][info][gc,stats    ]   CWRF: Weak References               7 us, workers (us):   7, ---, ---, 
[33.092s][info][gc,stats    ] Concurrent Weak Roots              5314 us
[33.092s][info][gc,stats    ]   Roots                            5181 us, parallelism: 0.99x
[33.092s][info][gc,stats    ]     CWR: <total>                   5155 us
[33.092s][info][gc,stats    ]     CWR: Code Cache Roots           743 us, workers (us): 743, ---, ---, 
[33.092s][info][gc,stats    ]     CWR: VM Weak Roots             4404 us, workers (us): 4404, ---, ---, 
[33.092s][info][gc,stats    ]     CWR: CLDG Roots                   7 us, workers (us):   7, ---, ---, 
[33.092s][info][gc,stats    ]   Rendezvous                         59 us
[33.092s][info][gc,stats    ] Concurrent Cleanup                   59 us
[33.092s][info][gc,stats    ] Concurrent Class Unloading         3365 us
[33.092s][info][gc,stats    ]   Unlink Stale                     3063 us
[33.092s][info][gc,stats    ]     System Dictionary                 9 us
[33.092s][info][gc,stats    ]     Weak Class Links                  0 us
[33.092s][info][gc,stats    ]     Code Roots                     3052 us
[33.092s][info][gc,stats    ]   Rendezvous                         58 us
[33.092s][info][gc,stats    ]   Purge Unlinked                    157 us
[33.092s][info][gc,stats    ]     Code Roots                      154 us
[33.092s][info][gc,stats    ]     CLDG                              3 us
[33.092s][info][gc,stats    ]     Exception Caches                  0 us
[33.092s][info][gc,stats    ] Pause Final Roots (G)               108 us
[33.092s][info][gc,stats    ] Pause Final Roots (N)                51 us
[33.092s][info][gc,stats    ] 
[33.092s][info][gc,stats    ] Allocation pacing accrued:
[33.092s][info][gc,stats    ]       0 of   438 ms (  0.0%): <total>
[33.092s][info][gc,stats    ]       0 of   438 ms (  0.0%): <average total>
[33.092s][info][gc,stats    ] 
[33.092s][info][gc,metaspace] Metaspace: 14188K(14528K)->14188K(14528K) NonClass: 12283K(12480K)->12283K(12480K) Class: 1905K(2048K)->1905K(2048K)
[33.092s][info][gc,ergo     ] Pacer for Idle. Initial: 41943K, Alloc Tax Rate: 1.0x
[33.496s][info][gc          ] Trigger: Learning 3 of 5. Free (1433M) is below initial threshold (1433M)
[33.496s][info][gc,ergo     ] Free: 1433M, Max: 1024K regular, 1419M humongous, Frag: 1% external, 0% internal; Reserve: 103M, Max: 1024K
[33.496s][info][gc,start    ] GC(77) Concurrent reset
[33.496s][info][gc,task     ] GC(77) Using 1 of 3 workers for concurrent reset
[33.496s][info][gc,ergo     ] GC(77) Pacer for Reset. Non-Taxable: 2048M
[33.496s][info][gc          ] GC(77) Concurrent reset 0.266ms
[33.496s][info][gc,start    ] GC(77) Pause Init Mark (unload classes)
[33.496s][info][gc,task     ] GC(77) Using 3 of 3 workers for init marking
[33.496s][info][gc,ergo     ] GC(77) Pacer for Mark. Expected Live: 4516K, Free: 1433M, Non-Taxable: 143M, Alloc Tax Rate: 0.0x
[33.496s][info][gc          ] GC(77) Pause Init Mark (unload classes) 0.073ms
[33.496s][info][gc,start    ] GC(77) Concurrent marking roots
[33.497s][info][gc,task     ] GC(77) Using 1 of 3 workers for concurrent marking roots
[33.497s][info][gc          ] GC(77) Concurrent marking roots 0.420ms
[33.497s][info][gc,start    ] GC(77) Concurrent marking (unload classes)
[33.497s][info][gc,task     ] GC(77) Using 1 of 3 workers for concurrent marking
[33.501s][info][gc          ] GC(77) Concurrent marking (unload classes) 3.961ms
[33.501s][info][gc,start    ] GC(77) Pause Final Mark (unload classes)
[33.501s][info][gc,task     ] GC(77) Using 3 of 3 workers for final marking
[33.501s][info][gc,ergo     ] GC(77) Collectable Garbage: 470M (92%), Immediate: 470M (92%), CSet: 0B (0%)
[33.501s][info][gc          ] GC(77) Pause Final Mark (unload classes) 0.154ms
[33.501s][info][gc,start    ] GC(77) Concurrent weak references
[33.501s][info][gc,task     ] GC(77) Using 1 of 3 workers for concurrent weak references
[33.501s][info][gc,ref      ] GC(77) Encountered references: Soft: 140, Weak: 729, Final: 0, Phantom: 64
[33.501s][info][gc,ref      ] GC(77) Discovered  references: Soft: 0, Weak: 147, Final: 0, Phantom: 37
[33.501s][info][gc,ref      ] GC(77) Enqueued    references: Soft: 0, Weak: 0, Final: 0, Phantom: 0
[33.501s][info][gc          ] GC(77) Concurrent weak references 0.068ms
[33.501s][info][gc,start    ] GC(77) Concurrent weak roots
[33.501s][info][gc,task     ] GC(77) Using 1 of 3 workers for concurrent weak root
[33.504s][info][gc          ] GC(77) Concurrent weak roots 2.996ms
[33.504s][info][gc,start    ] GC(77) Concurrent cleanup
[33.504s][info][gc          ] GC(77) Concurrent cleanup 523M->53M(2048M) 0.051ms
[33.504s][info][gc,ergo     ] GC(77) Free: 1891M, Max: 1024K regular, 1425M humongous, Frag: 25% external, 0% internal; Reserve: 103M, Max: 1024K
[33.504s][info][gc,start    ] GC(77) Concurrent class unloading
[33.504s][info][gc,task     ] GC(77) Using 1 of 3 workers for concurrent class unloading
[33.508s][info][gc          ] GC(77) Concurrent class unloading 3.155ms
[33.508s][info][gc,start    ] GC(77) Pause Final Roots
[33.508s][info][gc          ] GC(77) Pause Final Roots 0.039ms
[33.508s][info][gc,ergo     ] Free: 1889M, Max: 1024K regular, 1425M humongous, Frag: 25% external, 0% internal; Reserve: 103M, Max: 1024K
[33.508s][info][gc,stats    ] 
[33.508s][info][gc,stats    ] All times are wall-clock times, except per-root-class counters, that are sum over
[33.508s][info][gc,stats    ] all workers. Dividing the <total> over the root stage time estimates parallelism.
[33.508s][info][gc,stats    ] 
[33.508s][info][gc,stats    ] Concurrent Reset                    308 us
[33.508s][info][gc,stats    ] Pause Init Mark (G)                 163 us
[33.508s][info][gc,stats    ] Pause Init Mark (N)                  81 us
[33.508s][info][gc,stats    ]   Update Region States               28 us
[33.508s][info][gc,stats    ] Concurrent Mark Roots               433 us, parallelism: 0.83x
[33.508s][info][gc,stats    ]   CMR: <total>                      362 us
[33.508s][info][gc,stats    ]   CMR: Thread Roots                 317 us, workers (us): 317, ---, ---, 
[33.508s][info][gc,stats    ]   CMR: VM Strong Roots                5 us, workers (us):   5, ---, ---, 
[33.508s][info][gc,stats    ]   CMR: CLDG Roots                    40 us, workers (us):  40, ---, ---, 
[33.508s][info][gc,stats    ] Concurrent Marking                 4015 us
[33.508s][info][gc,stats    ] Pause Final Mark (G)                220 us
[33.508s][info][gc,stats    ] Pause Final Mark (N)                164 us
[33.508s][info][gc,stats    ]   Finish Mark                        37 us
[33.508s][info][gc,stats    ]   Update Region States               28 us
[33.508s][info][gc,stats    ]   Choose Collection Set              34 us
[33.508s][info][gc,stats    ]   Rebuild Free Set                    8 us
[33.508s][info][gc,stats    ] Concurrent Weak References           76 us, parallelism: 0.09x
[33.508s][info][gc,stats    ]   CWRF: <total>                       7 us
[33.508s][info][gc,stats    ]   CWRF: Weak References               7 us, workers (us):   7, ---, ---, 
[33.508s][info][gc,stats    ] Concurrent Weak Roots              3044 us
[33.508s][info][gc,stats    ]   Roots                            2932 us, parallelism: 0.99x
[33.508s][info][gc,stats    ]     CWR: <total>                   2906 us
[33.508s][info][gc,stats    ]     CWR: Code Cache Roots           640 us, workers (us): 640, ---, ---, 
[33.508s][info][gc,stats    ]     CWR: VM Weak Roots             2259 us, workers (us): 2259, ---, ---, 
[33.508s][info][gc,stats    ]     CWR: CLDG Roots                   7 us, workers (us):   7, ---, ---, 
[33.508s][info][gc,stats    ]   Rendezvous                         46 us
[33.508s][info][gc,stats    ] Concurrent Cleanup                   59 us
[33.508s][info][gc,stats    ] Concurrent Class Unloading         3203 us
[33.508s][info][gc,stats    ]   Unlink Stale                     2916 us
[33.508s][info][gc,stats    ]     System Dictionary                 7 us
[33.508s][info][gc,stats    ]     Weak Class Links                  0 us
[33.508s][info][gc,stats    ]     Code Roots                     2908 us
[33.508s][info][gc,stats    ]   Rendezvous                        102 us
[33.508s][info][gc,stats    ]   Purge Unlinked                    120 us
[33.508s][info][gc,stats    ]     Code Roots                      117 us
[33.508s][info][gc,stats    ]     CLDG                              2 us
[33.508s][info][gc,stats    ]     Exception Caches                  0 us
[33.508s][info][gc,stats    ] Pause Final Roots (G)               127 us
[33.508s][info][gc,stats    ] Pause Final Roots (N)                48 us
[33.508s][info][gc,stats    ] 
[33.508s][info][gc,stats    ] Allocation pacing accrued:
[33.508s][info][gc,stats    ]       0 of   416 ms (  0.0%): <total>
[33.508s][info][gc,stats    ]       0 of   416 ms (  0.0%): <average total>
[33.508s][info][gc,stats    ] 
[33.508s][info][gc,metaspace] Metaspace: 14188K(14528K)->14188K(14528K) NonClass: 12283K(12480K)->12283K(12480K) Class: 1905K(2048K)->1905K(2048K)
[33.508s][info][gc,ergo     ] Pacer for Idle. Initial: 41943K, Alloc Tax Rate: 1.0x
[33.910s][info][gc          ] Trigger: Learning 4 of 5. Free (1433M) is below initial threshold (1433M)
[33.910s][info][gc,ergo     ] Free: 1432M, Max: 1024K regular, 1425M humongous, Frag: 1% external, 0% internal; Reserve: 103M, Max: 1024K
[33.910s][info][gc,start    ] GC(78) Concurrent reset
[33.910s][info][gc,task     ] GC(78) Using 1 of 3 workers for concurrent reset
[33.910s][info][gc,ergo     ] GC(78) Pacer for Reset. Non-Taxable: 2048M
[33.911s][info][gc          ] GC(78) Concurrent reset 0.271ms
[33.911s][info][gc,start    ] GC(78) Pause Init Mark (unload classes)
[33.911s][info][gc,task     ] GC(78) Using 3 of 3 workers for init marking
[33.911s][info][gc,ergo     ] GC(78) Pacer for Mark. Expected Live: 4516K, Free: 1432M, Non-Taxable: 143M, Alloc Tax Rate: 0.0x
[33.911s][info][gc          ] GC(78) Pause Init Mark (unload classes) 0.101ms
[33.911s][info][gc,start    ] GC(78) Concurrent marking roots
[33.911s][info][gc,task     ] GC(78) Using 1 of 3 workers for concurrent marking roots
[33.911s][info][gc          ] GC(78) Concurrent marking roots 0.448ms
[33.911s][info][gc,start    ] GC(78) Concurrent marking (unload classes)
[33.911s][info][gc,task     ] GC(78) Using 1 of 3 workers for concurrent marking
[33.915s][info][gc          ] GC(78) Concurrent marking (unload classes) 3.954ms
[33.915s][info][gc,start    ] GC(78) Pause Final Mark (unload classes)
[33.915s][info][gc,task     ] GC(78) Using 3 of 3 workers for final marking
[33.916s][info][gc,ergo     ] GC(78) Collectable Garbage: 469M (92%), Immediate: 469M (92%), CSet: 0B (0%)
[33.916s][info][gc          ] GC(78) Pause Final Mark (unload classes) 0.161ms
[33.916s][info][gc,start    ] GC(78) Concurrent weak references
[33.916s][info][gc,task     ] GC(78) Using 1 of 3 workers for concurrent weak references
[33.916s][info][gc,ref      ] GC(78) Encountered references: Soft: 140, Weak: 729, Final: 0, Phantom: 64
[33.916s][info][gc,ref      ] GC(78) Discovered  references: Soft: 0, Weak: 147, Final: 0, Phantom: 37
[33.916s][info][gc,ref      ] GC(78) Enqueued    references: Soft: 0, Weak: 0, Final: 0, Phantom: 0
[33.916s][info][gc          ] GC(78) Concurrent weak references 0.069ms
[33.916s][info][gc,start    ] GC(78) Concurrent weak roots
[33.916s][info][gc,task     ] GC(78) Using 1 of 3 workers for concurrent weak root
[33.919s][info][gc          ] GC(78) Concurrent weak roots 3.508ms
[33.919s][info][gc,start    ] GC(78) Concurrent cleanup
[33.919s][info][gc          ] GC(78) Concurrent cleanup 525M->56M(2048M) 0.053ms
[33.919s][info][gc,ergo     ] GC(78) Free: 1888M, Max: 1024K regular, 1419M humongous, Frag: 25% external, 0% internal; Reserve: 103M, Max: 1024K
[33.919s][info][gc,start    ] GC(78) Concurrent class unloading
[33.919s][info][gc,task     ] GC(78) Using 1 of 3 workers for concurrent class unloading
[33.922s][info][gc          ] GC(78) Concurrent class unloading 3.105ms
[33.922s][info][gc,start    ] GC(78) Pause Final Roots
[33.923s][info][gc          ] GC(78) Pause Final Roots 0.040ms
[33.923s][info][gc,ergo     ] Free: 1887M, Max: 1024K regular, 1419M humongous, Frag: 25% external, 0% internal; Reserve: 103M, Max: 1024K
[33.923s][info][gc,stats    ] 
[33.923s][info][gc,stats    ] All times are wall-clock times, except per-root-class counters, that are sum over
[33.923s][info][gc,stats    ] all workers. Dividing the <total> over the root stage time estimates parallelism.
[33.923s][info][gc,stats    ] 
[33.923s][info][gc,stats    ] Concurrent Reset                    296 us
[33.923s][info][gc,stats    ] Pause Init Mark (G)                 211 us
[33.923s][info][gc,stats    ] Pause Init Mark (N)                 114 us
[33.923s][info][gc,stats    ]   Update Region States               29 us
[33.923s][info][gc,stats    ] Concurrent Mark Roots               462 us, parallelism: 0.84x
[33.923s][info][gc,stats    ]   CMR: <total>                      388 us
[33.923s][info][gc,stats    ]   CMR: Thread Roots                 336 us, workers (us): 336, ---, ---, 
[33.923s][info][gc,stats    ]   CMR: VM Strong Roots                6 us, workers (us):   6, ---, ---, 
[33.923s][info][gc,stats    ]   CMR: CLDG Roots                    47 us, workers (us):  47, ---, ---, 
[33.923s][info][gc,stats    ] Concurrent Marking                 4004 us
[33.923s][info][gc,stats    ] Pause Final Mark (G)                232 us
[33.923s][info][gc,stats    ] Pause Final Mark (N)                170 us
[33.923s][info][gc,stats    ]   Finish Mark                        35 us
[33.923s][info][gc,stats    ]   Update Region States               31 us
[33.923s][info][gc,stats    ]   Choose Collection Set              36 us
[33.923s][info][gc,stats    ]   Rebuild Free Set                    8 us
[33.923s][info][gc,stats    ] Concurrent Weak References           76 us, parallelism: 0.09x
[33.923s][info][gc,stats    ]   CWRF: <total>                       7 us
[33.923s][info][gc,stats    ]   CWRF: Weak References               7 us, workers (us):   7, ---, ---, 
[33.923s][info][gc,stats    ] Concurrent Weak Roots              3542 us
[33.923s][info][gc,stats    ]   Roots                            3346 us, parallelism: 0.99x
[33.923s][info][gc,stats    ]     CWR: <total>                   3322 us
[33.923s][info][gc,stats    ]     CWR: Code Cache Roots           657 us, workers (us): 657, ---, ---, 
[33.923s][info][gc,stats    ]     CWR: VM Weak Roots             2656 us, workers (us): 2656, ---, ---, 
[33.923s][info][gc,stats    ]     CWR: CLDG Roots                   8 us, workers (us):   8, ---, ---, 
[33.923s][info][gc,stats    ]   Rendezvous                        147 us
[33.923s][info][gc,stats    ] Concurrent Cleanup                   62 us
[33.923s][info][gc,stats    ] Concurrent Class Unloading         3152 us
[33.923s][info][gc,stats    ]   Unlink Stale                     2897 us
[33.923s][info][gc,stats    ]     System Dictionary                 9 us
[33.923s][info][gc,stats    ]     Weak Class Links                  0 us
[33.923s][info][gc,stats    ]     Code Roots                     2886 us
[33.923s][info][gc,stats    ]   Rendezvous                         67 us
[33.923s][info][gc,stats    ]   Purge Unlinked                    123 us
[33.923s][info][gc,stats    ]     Code Roots                      119 us
[33.923s][info][gc,stats    ]     CLDG                              3 us
[33.923s][info][gc,stats    ]     Exception Caches                  0 us
[33.923s][info][gc,stats    ] Pause Final Roots (G)               116 us
[33.923s][info][gc,stats    ] Pause Final Roots (N)                49 us
[33.923s][info][gc,stats    ] 
[33.923s][info][gc,stats    ] Allocation pacing accrued:
[33.923s][info][gc,stats    ]       0 of   415 ms (  0.0%): <total>
[33.923s][info][gc,stats    ]       0 of   415 ms (  0.0%): <average total>
[33.923s][info][gc,stats    ] 
[33.923s][info][gc,metaspace] Metaspace: 14188K(14528K)->14188K(14528K) NonClass: 12283K(12480K)->12283K(12480K) Class: 1905K(2048K)->1905K(2048K)
[33.923s][info][gc,ergo     ] Pacer for Idle. Initial: 41943K, Alloc Tax Rate: 1.0x
[34.321s][info][gc          ] Trigger: Learning 5 of 5. Free (1433M) is below initial threshold (1433M)
[34.322s][info][gc,ergo     ] Free: 1433M, Max: 1024K regular, 1419M humongous, Frag: 1% external, 0% internal; Reserve: 103M, Max: 1024K
[34.322s][info][gc,start    ] GC(79) Concurrent reset
[34.322s][info][gc,task     ] GC(79) Using 1 of 3 workers for concurrent reset
[34.322s][info][gc,ergo     ] GC(79) Pacer for Reset. Non-Taxable: 2048M
[34.322s][info][gc          ] GC(79) Concurrent reset 0.276ms
[34.322s][info][gc,start    ] GC(79) Pause Init Mark (unload classes)
[34.322s][info][gc,task     ] GC(79) Using 3 of 3 workers for init marking
[34.322s][info][gc,ergo     ] GC(79) Pacer for Mark. Expected Live: 4516K, Free: 1433M, Non-Taxable: 143M, Alloc Tax Rate: 0.0x
[34.322s][info][gc          ] GC(79) Pause Init Mark (unload classes) 0.094ms
[34.322s][info][gc,start    ] GC(79) Concurrent marking roots
[34.322s][info][gc,task     ] GC(79) Using 1 of 3 workers for concurrent marking roots
[34.322s][info][gc          ] GC(79) Concurrent marking roots 0.412ms
[34.322s][info][gc,start    ] GC(79) Concurrent marking (unload classes)
[34.322s][info][gc,task     ] GC(79) Using 1 of 3 workers for concurrent marking
[34.327s][info][gc          ] GC(79) Concurrent marking (unload classes) 4.006ms
[34.327s][info][gc,start    ] GC(79) Pause Final Mark (unload classes)
[34.327s][info][gc,task     ] GC(79) Using 3 of 3 workers for final marking
[34.327s][info][gc,ergo     ] GC(79) Collectable Garbage: 464M (91%), Immediate: 464M (91%), CSet: 0B (0%)
[34.327s][info][gc          ] GC(79) Pause Final Mark (unload classes) 0.167ms
[34.327s][info][gc,start    ] GC(79) Concurrent weak references
[34.327s][info][gc,task     ] GC(79) Using 1 of 3 workers for concurrent weak references
[34.327s][info][gc,ref      ] GC(79) Encountered references: Soft: 140, Weak: 729, Final: 0, Phantom: 64
[34.327s][info][gc,ref      ] GC(79) Discovered  references: Soft: 0, Weak: 147, Final: 0, Phantom: 37
[34.327s][info][gc,ref      ] GC(79) Enqueued    references: Soft: 0, Weak: 0, Final: 0, Phantom: 0
[34.327s][info][gc          ] GC(79) Concurrent weak references 0.076ms
[34.327s][info][gc,start    ] GC(79) Concurrent weak roots
[34.327s][info][gc,task     ] GC(79) Using 1 of 3 workers for concurrent weak root
[34.331s][info][gc          ] GC(79) Concurrent weak roots 3.842ms
[34.331s][info][gc,start    ] GC(79) Concurrent cleanup
[34.331s][info][gc          ] GC(79) Concurrent cleanup 524M->59M(2048M) 0.054ms
[34.331s][info][gc,ergo     ] GC(79) Free: 1885M, Max: 1024K regular, 1425M humongous, Frag: 25% external, 0% internal; Reserve: 103M, Max: 1024K
[34.331s][info][gc,start    ] GC(79) Concurrent class unloading
[34.331s][info][gc,task     ] GC(79) Using 1 of 3 workers for concurrent class unloading
[34.334s][info][gc          ] GC(79) Concurrent class unloading 3.114ms
[34.334s][info][gc,start    ] GC(79) Pause Final Roots
[34.334s][info][gc          ] GC(79) Pause Final Roots 0.037ms
[34.334s][info][gc,ergo     ] Free: 1883M, Max: 1024K regular, 1425M humongous, Frag: 25% external, 0% internal; Reserve: 103M, Max: 1024K
[34.334s][info][gc,stats    ] 
[34.334s][info][gc,stats    ] All times are wall-clock times, except per-root-class counters, that are sum over
[34.334s][info][gc,stats    ] all workers. Dividing the <total> over the root stage time estimates parallelism.
[34.334s][info][gc,stats    ] 
[34.334s][info][gc,stats    ] Concurrent Reset                    290 us
[34.334s][info][gc,stats    ] Pause Init Mark (G)                 196 us
[34.334s][info][gc,stats    ] Pause Init Mark (N)                 102 us
[34.334s][info][gc,stats    ]   Update Region States               29 us
[34.334s][info][gc,stats    ] Concurrent Mark Roots               425 us, parallelism: 0.86x
[34.334s][info][gc,stats    ]   CMR: <total>                      364 us
[34.334s][info][gc,stats    ]   CMR: Thread Roots                 321 us, workers (us): 321, ---, ---, 
[34.334s][info][gc,stats    ]   CMR: VM Strong Roots                5 us, workers (us):   5, ---, ---, 
[34.334s][info][gc,stats    ]   CMR: CLDG Roots                    39 us, workers (us):  39, ---, ---, 
[34.334s][info][gc,stats    ] Concurrent Marking                 4056 us
[34.334s][info][gc,stats    ] Pause Final Mark (G)                226 us
[34.334s][info][gc,stats    ] Pause Final Mark (N)                177 us
[34.334s][info][gc,stats    ]   Finish Mark                        39 us
[34.334s][info][gc,stats    ]   Update Region States               33 us
[34.334s][info][gc,stats    ]   Choose Collection Set              40 us
[34.334s][info][gc,stats    ]   Rebuild Free Set                    8 us
[34.334s][info][gc,stats    ] Concurrent Weak References           84 us, parallelism: 0.10x
[34.334s][info][gc,stats    ]   CWRF: <total>                       9 us
[34.334s][info][gc,stats    ]   CWRF: Weak References               9 us, workers (us):   9, ---, ---, 
[34.334s][info][gc,stats    ] Concurrent Weak Roots              3893 us
[34.334s][info][gc,stats    ]   Roots                            3768 us, parallelism: 0.99x
[34.334s][info][gc,stats    ]     CWR: <total>                   3739 us
[34.334s][info][gc,stats    ]     CWR: Code Cache Roots           654 us, workers (us): 654, ---, ---, 
[34.334s][info][gc,stats    ]     CWR: VM Weak Roots             3078 us, workers (us): 3078, ---, ---, 
[34.334s][info][gc,stats    ]     CWR: CLDG Roots                   7 us, workers (us):   7, ---, ---, 
[34.334s][info][gc,stats    ]   Rendezvous                         55 us
[34.334s][info][gc,stats    ] Concurrent Cleanup                   63 us
[34.334s][info][gc,stats    ] Concurrent Class Unloading         3179 us
[34.334s][info][gc,stats    ]   Unlink Stale                     2853 us
[34.334s][info][gc,stats    ]     System Dictionary                 8 us
[34.334s][info][gc,stats    ]     Weak Class Links                  0 us
[34.334s][info][gc,stats    ]     Code Roots                     2843 us
[34.334s][info][gc,stats    ]   Rendezvous                         72 us
[34.334s][info][gc,stats    ]   Purge Unlinked                    170 us
[34.334s][info][gc,stats    ]     Code Roots                      166 us
[34.334s][info][gc,stats    ]     CLDG                              3 us
[34.334s][info][gc,stats    ]     Exception Caches                  0 us
[34.334s][info][gc,stats    ] Pause Final Roots (G)                95 us
[34.335s][info][gc,stats    ] Pause Final Roots (N)                46 us
[34.335s][info][gc,stats    ] 
[34.335s][info][gc,stats    ] Allocation pacing accrued:
[34.335s][info][gc,stats    ]       0 of   412 ms (  0.0%): <total>
[34.335s][info][gc,stats    ]       0 of   412 ms (  0.0%): <average total>
[34.335s][info][gc,stats    ] 
[34.335s][info][gc,metaspace] Metaspace: 14188K(14528K)->14188K(14528K) NonClass: 12283K(12480K)->12283K(12480K) Class: 1905K(2048K)->1905K(2048K)
[34.335s][info][gc,ergo     ] Pacer for Idle. Initial: 41943K, Alloc Tax Rate: 1.0x
[34.568s][info][gc          ] Trigger: Explicit GC request (System.gc())
[34.568s][info][gc,ergo     ] Free: 1683M, Max: 1024K regular, 1425M humongous, Frag: 16% external, 0% internal; Reserve: 103M, Max: 1024K
[34.568s][info][gc,start    ] GC(80) Concurrent reset
[34.568s][info][gc,task     ] GC(80) Using 1 of 3 workers for concurrent reset
[34.568s][info][gc,ergo     ] GC(80) Pacer for Reset. Non-Taxable: 2048M
[34.568s][info][gc          ] GC(80) Concurrent reset 0.396ms
[34.568s][info][gc,start    ] GC(80) Pause Init Mark (unload classes)
[34.568s][info][gc,task     ] GC(80) Using 3 of 3 workers for init marking
[34.568s][info][gc,ref      ] GC(80) Clearing All SoftReferences
[34.569s][info][gc,ergo     ] GC(80) Pacer for Mark. Expected Live: 4515K, Free: 1683M, Non-Taxable: 168M, Alloc Tax Rate: 0.0x
[34.569s][info][gc          ] GC(80) Pause Init Mark (unload classes) 0.183ms
[34.569s][info][gc,start    ] GC(80) Concurrent marking roots
[34.569s][info][gc,task     ] GC(80) Using 1 of 3 workers for concurrent marking roots
[34.569s][info][gc          ] GC(80) Concurrent marking roots 0.418ms
[34.569s][info][gc,start    ] GC(80) Concurrent marking (unload classes)
[34.569s][info][gc,task     ] GC(80) Using 1 of 3 workers for concurrent marking
[34.573s][info][gc          ] GC(80) Concurrent marking (unload classes) 4.109ms
[34.573s][info][gc,start    ] GC(80) Pause Final Mark (unload classes)
[34.573s][info][gc,task     ] GC(80) Using 3 of 3 workers for final marking
[34.574s][info][gc,ergo     ] GC(80) Collectable Garbage: 234M (91%), Immediate: 234M (91%), CSet: 0B (0%)
[34.574s][info][gc          ] GC(80) Pause Final Mark (unload classes) 0.367ms
[34.574s][info][gc,start    ] GC(80) Concurrent weak references
[34.574s][info][gc,task     ] GC(80) Using 1 of 3 workers for concurrent weak references
[34.574s][info][gc,ref      ] GC(80) Encountered references: Soft: 140, Weak: 713, Final: 0, Phantom: 64
[34.574s][info][gc,ref      ] GC(80) Discovered  references: Soft: 88, Weak: 169, Final: 0, Phantom: 62
[34.574s][info][gc,ref      ] GC(80) Enqueued    references: Soft: 3, Weak: 0, Final: 0, Phantom: 0
[34.574s][info][gc          ] GC(80) Concurrent weak references 0.133ms
[34.574s][info][gc,start    ] GC(80) Concurrent weak roots
[34.574s][info][gc,task     ] GC(80) Using 1 of 3 workers for concurrent weak root
[34.577s][info][gc          ] GC(80) Concurrent weak roots 3.136ms
[34.577s][info][gc,start    ] GC(80) Concurrent cleanup
[34.577s][info][gc          ] GC(80) Concurrent cleanup 261M->27M(2048M) 0.056ms
[34.577s][info][gc,ergo     ] GC(80) Free: 1918M, Max: 1024K regular, 1444M humongous, Frag: 25% external, 0% internal; Reserve: 103M, Max: 1024K
[34.577s][info][gc,start    ] GC(80) Concurrent class unloading
[34.577s][info][gc,task     ] GC(80) Using 1 of 3 workers for concurrent class unloading
[34.581s][info][gc          ] GC(80) Concurrent class unloading 3.672ms
[34.581s][info][gc,start    ] GC(80) Pause Final Roots
[34.581s][info][gc          ] GC(80) Pause Final Roots 0.046ms
[34.581s][info][gc,ergo     ] Free: 1918M, Max: 1024K regular, 1444M humongous, Frag: 25% external, 0% internal; Reserve: 103M, Max: 1024K
[34.581s][info][gc,stats    ] 
[34.581s][info][gc,stats    ] All times are wall-clock times, except per-root-class counters, that are sum over
[34.581s][info][gc,stats    ] all workers. Dividing the <total> over the root stage time estimates parallelism.
[34.581s][info][gc,stats    ] 
[34.581s][info][gc,stats    ] Concurrent Reset                    436 us
[34.581s][info][gc,stats    ] Pause Init Mark (G)                 278 us
[34.581s][info][gc,stats    ] Pause Init Mark (N)                 208 us
[34.581s][info][gc,stats    ]   Update Region States               44 us
[34.581s][info][gc,stats    ] Concurrent Mark Roots               451 us, parallelism: 0.73x
[34.581s][info][gc,stats    ]   CMR: <total>                      327 us
[34.581s][info][gc,stats    ]   CMR: Thread Roots                 289 us, workers (us): 289, ---, ---, 
[34.581s][info][gc,stats    ]   CMR: VM Strong Roots                4 us, workers (us):   4, ---, ---, 
[34.581s][info][gc,stats    ]   CMR: CLDG Roots                    34 us, workers (us):  34, ---, ---, 
[34.581s][info][gc,stats    ] Concurrent Marking                 4161 us
[34.581s][info][gc,stats    ] Pause Final Mark (G)                453 us
[34.581s][info][gc,stats    ] Pause Final Mark (N)                393 us
[34.581s][info][gc,stats    ]   Finish Mark                       113 us
[34.581s][info][gc,stats    ]   Update Region States               75 us
[34.581s][info][gc,stats    ]   Choose Collection Set              88 us
[34.581s][info][gc,stats    ]   Rebuild Free Set                   22 us
[34.581s][info][gc,stats    ] Concurrent Weak References          140 us, parallelism: 0.10x
[34.581s][info][gc,stats    ]   CWRF: <total>                      14 us
[34.581s][info][gc,stats    ]   CWRF: Weak References              14 us, workers (us):  14, ---, ---, 
[34.581s][info][gc,stats    ] Concurrent Weak Roots              3171 us
[34.581s][info][gc,stats    ]   Roots                            3012 us, parallelism: 0.98x
[34.581s][info][gc,stats    ]     CWR: <total>                   2954 us
[34.581s][info][gc,stats    ]     CWR: Code Cache Roots           657 us, workers (us): 657, ---, ---, 
[34.581s][info][gc,stats    ]     CWR: VM Weak Roots             2288 us, workers (us): 2288, ---, ---, 
[34.581s][info][gc,stats    ]     CWR: CLDG Roots                   9 us, workers (us):   9, ---, ---, 
[34.581s][info][gc,stats    ]   Rendezvous                        106 us
[34.581s][info][gc,stats    ] Concurrent Cleanup                   74 us
[34.581s][info][gc,stats    ] Concurrent Class Unloading         3729 us
[34.581s][info][gc,stats    ]   Unlink Stale                     3309 us
[34.581s][info][gc,stats    ]     System Dictionary                 8 us
[34.581s][info][gc,stats    ]     Weak Class Links                  0 us
[34.581s][info][gc,stats    ]     Code Roots                     3299 us
[34.581s][info][gc,stats    ]   Rendezvous                         96 us
[34.581s][info][gc,stats    ]   Purge Unlinked                    226 us
[34.581s][info][gc,stats    ]     Code Roots                      218 us
[34.581s][info][gc,stats    ]     CLDG                              7 us
[34.581s][info][gc,stats    ]     Exception Caches                  1 us
[34.581s][info][gc,stats    ] Pause Final Roots (G)               106 us
[34.581s][info][gc,stats    ] Pause Final Roots (N)                55 us
[34.581s][info][gc,stats    ] 
[34.581s][info][gc,stats    ] Allocation pacing accrued:
[34.581s][info][gc,stats    ]       0 of   247 ms (  0.0%): <total>
[34.581s][info][gc,stats    ]       0 of   247 ms (  0.0%): <average total>
[34.581s][info][gc,stats    ] 
[34.581s][info][gc,metaspace] Metaspace: 14189K(14528K)->14189K(14528K) NonClass: 12284K(12480K)->12284K(12480K) Class: 1905K(2048K)->1905K(2048K)
[34.581s][info][gc,ergo     ] Pacer for Idle. Initial: 41943K, Alloc Tax Rate: 1.0x
[35.028s][info][gc          ] Trigger: Learning 2 of 5. Free (1433M) is below initial threshold (1433M)
[35.028s][info][gc,ergo     ] Free: 1433M, Max: 1024K regular, 1433M humongous, Frag: 0% external, 0% internal; Reserve: 103M, Max: 1024K
[35.028s][info][gc,start    ] GC(81) Concurrent reset
[35.028s][info][gc,task     ] GC(81) Using 1 of 3 workers for concurrent reset
[35.028s][info][gc,ergo     ] GC(81) Pacer for Reset. Non-Taxable: 2048M
[35.028s][info][gc          ] GC(81) Concurrent reset 0.250ms
[35.028s][info][gc,start    ] GC(81) Pause Init Mark (unload classes)
[35.028s][info][gc,task     ] GC(81) Using 3 of 3 workers for init marking
[35.028s][info][gc,ergo     ] GC(81) Pacer for Mark. Expected Live: 4515K, Free: 1433M, Non-Taxable: 143M, Alloc Tax Rate: 0.0x
[35.029s][info][gc          ] GC(81) Pause Init Mark (unload classes) 0.092ms
[35.029s][info][gc,start    ] GC(81) Concurrent marking roots
[35.029s][info][gc,task     ] GC(81) Using 1 of 3 workers for concurrent marking roots
[35.029s][info][gc          ] GC(81) Concurrent marking roots 0.418ms
[35.029s][info][gc,start    ] GC(81) Concurrent marking (unload classes)
[35.029s][info][gc,task     ] GC(81) Using 1 of 3 workers for concurrent marking
[35.033s][info][gc          ] GC(81) Concurrent marking (unload classes) 4.282ms
[35.033s][info][gc,start    ] GC(81) Pause Final Mark (unload classes)
[35.033s][info][gc,task     ] GC(81) Using 3 of 3 workers for final marking
[35.033s][info][gc,ergo     ] GC(81) Collectable Garbage: 474M (93%), Immediate: 474M (93%), CSet: 0B (0%)
[35.034s][info][gc          ] GC(81) Pause Final Mark (unload classes) 0.154ms
[35.034s][info][gc,start    ] GC(81) Concurrent weak references
[35.034s][info][gc,task     ] GC(81) Using 1 of 3 workers for concurrent weak references
[35.034s][info][gc,ref      ] GC(81) Encountered references: Soft: 140, Weak: 735, Final: 0, Phantom: 64
[35.034s][info][gc,ref      ] GC(81) Discovered  references: Soft: 0, Weak: 151, Final: 0, Phantom: 37
[35.034s][info][gc,ref      ] GC(81) Enqueued    references: Soft: 0, Weak: 2, Final: 0, Phantom: 0
[35.034s][info][gc          ] GC(81) Concurrent weak references 0.074ms
[35.034s][info][gc,start    ] GC(81) Concurrent weak roots
[35.034s][info][gc,task     ] GC(81) Using 1 of 3 workers for concurrent weak root
[35.039s][info][gc          ] GC(81) Concurrent weak roots 5.759ms
[35.039s][info][gc,start    ] GC(81) Concurrent cleanup
[35.040s][info][gc          ] GC(81) Concurrent cleanup 525M->51M(2048M) 0.057ms
[35.040s][info][gc,ergo     ] GC(81) Free: 1894M, Max: 1024K regular, 1421M humongous, Frag: 25% external, 0% internal; Reserve: 103M, Max: 1024K
[35.040s][info][gc,start    ] GC(81) Concurrent class unloading
[35.040s][info][gc,task     ] GC(81) Using 1 of 3 workers for concurrent class unloading
[35.043s][info][gc          ] GC(81) Concurrent class unloading 3.439ms
[35.043s][info][gc,start    ] GC(81) Pause Final Roots
[35.043s][info][gc          ] GC(81) Pause Final Roots 0.016ms
[35.043s][info][gc,ergo     ] Free: 1888M, Max: 1024K regular, 1421M humongous, Frag: 25% external, 0% internal; Reserve: 103M, Max: 1024K
[35.043s][info][gc,stats    ] 
[35.043s][info][gc,stats    ] All times are wall-clock times, except per-root-class counters, that are sum over
[35.043s][info][gc,stats    ] all workers. Dividing the <total> over the root stage time estimates parallelism.
[35.043s][info][gc,stats    ] 
[35.043s][info][gc,stats    ] Concurrent Reset                    271 us
[35.043s][info][gc,stats    ] Pause Init Mark (G)                 218 us
[35.043s][info][gc,stats    ] Pause Init Mark (N)                 101 us
[35.043s][info][gc,stats    ]   Update Region States               28 us
[35.043s][info][gc,stats    ] Concurrent Mark Roots               430 us, parallelism: 0.86x
[35.043s][info][gc,stats    ]   CMR: <total>                      370 us
[35.043s][info][gc,stats    ]   CMR: Thread Roots                 324 us, workers (us): 324, ---, ---, 
[35.043s][info][gc,stats    ]   CMR: VM Strong Roots                5 us, workers (us):   5, ---, ---, 
[35.043s][info][gc,stats    ]   CMR: CLDG Roots                    41 us, workers (us):  41, ---, ---, 
[35.043s][info][gc,stats    ] Concurrent Marking                 4337 us
[35.043s][info][gc,stats    ] Pause Final Mark (G)                244 us
[35.043s][info][gc,stats    ] Pause Final Mark (N)                164 us
[35.043s][info][gc,stats    ]   Finish Mark                        40 us
[35.043s][info][gc,stats    ]   Update Region States               31 us
[35.043s][info][gc,stats    ]   Choose Collection Set              51 us
[35.043s][info][gc,stats    ]   Rebuild Free Set                    8 us
[35.043s][info][gc,stats    ] Concurrent Weak References           81 us, parallelism: 0.11x
[35.043s][info][gc,stats    ]   CWRF: <total>                       9 us
[35.043s][info][gc,stats    ]   CWRF: Weak References               9 us, workers (us):   9, ---, ---, 
[35.043s][info][gc,stats    ] Concurrent Weak Roots              5811 us
[35.043s][info][gc,stats    ]   Roots                            5637 us, parallelism: 0.99x
[35.043s][info][gc,stats    ]     CWR: <total>                   5606 us
[35.043s][info][gc,stats    ]     CWR: Code Cache Roots           842 us, workers (us): 842, ---, ---, 
[35.043s][info][gc,stats    ]     CWR: VM Weak Roots             4755 us, workers (us): 4755, ---, ---, 
[35.043s][info][gc,stats    ]     CWR: CLDG Roots                   9 us, workers (us):   9, ---, ---, 
[35.043s][info][gc,stats    ]   Rendezvous                        106 us
[35.043s][info][gc,stats    ] Concurrent Cleanup                   67 us
[35.043s][info][gc,stats    ] Concurrent Class Unloading         3493 us
[35.043s][info][gc,stats    ]   Unlink Stale                     3199 us
[35.043s][info][gc,stats    ]     System Dictionary                10 us
[35.043s][info][gc,stats    ]     Weak Class Links                  0 us
[35.043s][info][gc,stats    ]     Code Roots                     3186 us
[35.043s][info][gc,stats    ]   Rendezvous                         56 us
[35.043s][info][gc,stats    ]   Purge Unlinked                    166 us
[35.043s][info][gc,stats    ]     Code Roots                      162 us
[35.043s][info][gc,stats    ]     CLDG                              4 us
[35.043s][info][gc,stats    ]     Exception Caches                  0 us
[35.044s][info][gc,stats    ] Pause Final Roots (G)               100 us
[35.044s][info][gc,stats    ] Pause Final Roots (N)                24 us
[35.044s][info][gc,stats    ] 
[35.044s][info][gc,stats    ] Allocation pacing accrued:
[35.044s][info][gc,stats    ]       0 of   462 ms (  0.0%): <total>
[35.044s][info][gc,stats    ]       0 of   462 ms (  0.0%): <average total>
[35.044s][info][gc,stats    ] 
[35.044s][info][gc,metaspace] Metaspace: 14189K(14528K)->14189K(14528K) NonClass: 12284K(12480K)->12284K(12480K) Class: 1905K(2048K)->1905K(2048K)
[35.044s][info][gc,ergo     ] Pacer for Idle. Initial: 41943K, Alloc Tax Rate: 1.0x
[35.469s][info][gc          ] Trigger: Learning 3 of 5. Free (1431M) is below initial threshold (1433M)
[35.469s][info][gc,ergo     ] Free: 1431M, Max: 1024K regular, 1421M humongous, Frag: 1% external, 0% internal; Reserve: 103M, Max: 1024K
[35.469s][info][gc,start    ] GC(82) Concurrent reset
[35.469s][info][gc,task     ] GC(82) Using 1 of 3 workers for concurrent reset
[35.469s][info][gc,ergo     ] GC(82) Pacer for Reset. Non-Taxable: 2048M
[35.469s][info][gc          ] GC(82) Concurrent reset 0.256ms
[35.469s][info][gc,start    ] GC(82) Pause Init Mark (unload classes)
[35.469s][info][gc,task     ] GC(82) Using 3 of 3 workers for init marking
[35.469s][info][gc,ergo     ] GC(82) Pacer for Mark. Expected Live: 4515K, Free: 1431M, Non-Taxable: 143M, Alloc Tax Rate: 0.0x
[35.469s][info][gc          ] GC(82) Pause Init Mark (unload classes) 0.081ms
[35.469s][info][gc,start    ] GC(82) Concurrent marking roots
[35.469s][info][gc,task     ] GC(82) Using 1 of 3 workers for concurrent marking roots
[35.470s][info][gc          ] GC(82) Concurrent marking roots 0.408ms
[35.470s][info][gc,start    ] GC(82) Concurrent marking (unload classes)
[35.470s][info][gc,task     ] GC(82) Using 1 of 3 workers for concurrent marking
[35.474s][info][gc          ] GC(82) Concurrent marking (unload classes) 3.965ms
[35.474s][info][gc,start    ] GC(82) Pause Final Mark (unload classes)
[35.474s][info][gc,task     ] GC(82) Using 3 of 3 workers for final marking
[35.474s][info][gc,ergo     ] GC(82) Collectable Garbage: 474M (93%), Immediate: 474M (93%), CSet: 0B (0%)
[35.474s][info][gc          ] GC(82) Pause Final Mark (unload classes) 0.144ms
[35.474s][info][gc,start    ] GC(82) Concurrent weak references
[35.474s][info][gc,task     ] GC(82) Using 1 of 3 workers for concurrent weak references
[35.474s][info][gc,ref      ] GC(82) Encountered references: Soft: 140, Weak: 733, Final: 0, Phantom: 64
[35.474s][info][gc,ref      ] GC(82) Discovered  references: Soft: 0, Weak: 149, Final: 0, Phantom: 37
[35.474s][info][gc,ref      ] GC(82) Enqueued    references: Soft: 0, Weak: 0, Final: 0, Phantom: 0
[35.474s][info][gc          ] GC(82) Concurrent weak references 0.075ms
[35.474s][info][gc,start    ] GC(82) Concurrent weak roots
[35.474s][info][gc,task     ] GC(82) Using 1 of 3 workers for concurrent weak root
[35.477s][info][gc          ] GC(82) Concurrent weak roots 3.200ms
[35.477s][info][gc,start    ] GC(82) Concurrent cleanup
[35.477s][info][gc          ] GC(82) Concurrent cleanup 525M->51M(2048M) 0.052ms
[35.477s][info][gc,ergo     ] GC(82) Free: 1893M, Max: 1024K regular, 1419M humongous, Frag: 26% external, 0% internal; Reserve: 103M, Max: 1024K
[35.477s][info][gc,start    ] GC(82) Concurrent class unloading
[35.477s][info][gc,task     ] GC(82) Using 1 of 3 workers for concurrent class unloading
[35.481s][info][gc          ] GC(82) Concurrent class unloading 3.162ms
[35.481s][info][gc,start    ] GC(82) Pause Final Roots
[35.481s][info][gc          ] GC(82) Pause Final Roots 0.039ms
[35.481s][info][gc,ergo     ] Free: 1891M, Max: 1024K regular, 1419M humongous, Frag: 25% external, 0% internal; Reserve: 103M, Max: 1024K
[35.481s][info][gc,stats    ] 
[35.481s][info][gc,stats    ] All times are wall-clock times, except per-root-class counters, that are sum over
[35.481s][info][gc,stats    ] all workers. Dividing the <total> over the root stage time estimates parallelism.
[35.481s][info][gc,stats    ] 
[35.481s][info][gc,stats    ] Concurrent Reset                    298 us
[35.481s][info][gc,stats    ] Pause Init Mark (G)                 214 us
[35.481s][info][gc,stats    ] Pause Init Mark (N)                  94 us
[35.481s][info][gc,stats    ]   Update Region States               29 us
[35.481s][info][gc,stats    ] Concurrent Mark Roots               422 us, parallelism: 0.85x
[35.481s][info][gc,stats    ]   CMR: <total>                      358 us
[35.481s][info][gc,stats    ]   CMR: Thread Roots                 313 us, workers (us): 313, ---, ---, 
[35.481s][info][gc,stats    ]   CMR: VM Strong Roots                5 us, workers (us):   5, ---, ---, 
[35.481s][info][gc,stats    ]   CMR: CLDG Roots                    39 us, workers (us):  39, ---, ---, 
[35.481s][info][gc,stats    ] Concurrent Marking                 4010 us
[35.481s][info][gc,stats    ] Pause Final Mark (G)                214 us
[35.481s][info][gc,stats    ] Pause Final Mark (N)                152 us
[35.481s][info][gc,stats    ]   Finish Mark                        35 us
[35.481s][info][gc,stats    ]   Update Region States               26 us
[35.481s][info][gc,stats    ]   Choose Collection Set              27 us
[35.481s][info][gc,stats    ]   Rebuild Free Set                    8 us
[35.481s][info][gc,stats    ] Concurrent Weak References           83 us, parallelism: 0.10x
[35.481s][info][gc,stats    ]   CWRF: <total>                       8 us
[35.481s][info][gc,stats    ]   CWRF: Weak References               8 us, workers (us):   8, ---, ---, 
[35.481s][info][gc,stats    ] Concurrent Weak Roots              3237 us
[35.481s][info][gc,stats    ]   Roots                            3097 us, parallelism: 0.99x
[35.481s][info][gc,stats    ]     CWR: <total>                   3070 us
[35.481s][info][gc,stats    ]     CWR: Code Cache Roots           650 us, workers (us): 650, ---, ---, 
[35.481s][info][gc,stats    ]     CWR: VM Weak Roots             2413 us, workers (us): 2413, ---, ---, 
[35.481s][info][gc,stats    ]     CWR: CLDG Roots                   7 us, workers (us):   7, ---, ---, 
[35.481s][info][gc,stats    ]   Rendezvous                         86 us
[35.481s][info][gc,stats    ] Concurrent Cleanup                   60 us
[35.481s][info][gc,stats    ] Concurrent Class Unloading         3206 us
[35.481s][info][gc,stats    ]   Unlink Stale                     2952 us
[35.481s][info][gc,stats    ]     System Dictionary                 7 us
[35.481s][info][gc,stats    ]     Weak Class Links                  0 us
[35.481s][info][gc,stats    ]     Code Roots                     2943 us
[35.481s][info][gc,stats    ]   Rendezvous                         41 us
[35.481s][info][gc,stats    ]   Purge Unlinked                    153 us
[35.481s][info][gc,stats    ]     Code Roots                      149 us
[35.481s][info][gc,stats    ]     CLDG                              4 us
[35.481s][info][gc,stats    ]     Exception Caches                  0 us
[35.481s][info][gc,stats    ] Pause Final Roots (G)               123 us
[35.481s][info][gc,stats    ] Pause Final Roots (N)                48 us
[35.481s][info][gc,stats    ] 
[35.481s][info][gc,stats    ] Allocation pacing accrued:
[35.481s][info][gc,stats    ]       0 of   438 ms (  0.0%): <total>
[35.481s][info][gc,stats    ]       0 of   438 ms (  0.0%): <average total>
[35.481s][info][gc,stats    ] 
[35.481s][info][gc,metaspace] Metaspace: 14189K(14528K)->14189K(14528K) NonClass: 12284K(12480K)->12284K(12480K) Class: 1905K(2048K)->1905K(2048K)
[35.481s][info][gc,ergo     ] Pacer for Idle. Initial: 41943K, Alloc Tax Rate: 1.0x
[35.904s][info][gc          ] Trigger: Learning 4 of 5. Free (1432M) is below initial threshold (1433M)
[35.904s][info][gc,ergo     ] Free: 1432M, Max: 1024K regular, 1419M humongous, Frag: 1% external, 0% internal; Reserve: 103M, Max: 1024K
[35.904s][info][gc,start    ] GC(83) Concurrent reset
[35.904s][info][gc,task     ] GC(83) Using 1 of 3 workers for concurrent reset
[35.904s][info][gc,ergo     ] GC(83) Pacer for Reset. Non-Taxable: 2048M
[35.904s][info][gc          ] GC(83) Concurrent reset 0.240ms
[35.904s][info][gc,start    ] GC(83) Pause Init Mark (unload classes)
[35.904s][info][gc,task     ] GC(83) Using 3 of 3 workers for init marking
[35.904s][info][gc,ergo     ] GC(83) Pacer for Mark. Expected Live: 4516K, Free: 1432M, Non-Taxable: 143M, Alloc Tax Rate: 0.0x
[35.904s][info][gc          ] GC(83) Pause Init Mark (unload classes) 0.093ms
[35.904s][info][gc,start    ] GC(83) Concurrent marking roots
[35.904s][info][gc,task     ] GC(83) Using 1 of 3 workers for concurrent marking roots
[35.905s][info][gc          ] GC(83) Concurrent marking roots 0.403ms
[35.905s][info][gc,start    ] GC(83) Concurrent marking (unload classes)
[35.905s][info][gc,task     ] GC(83) Using 1 of 3 workers for concurrent marking
[35.909s][info][gc          ] GC(83) Concurrent marking (unload classes) 3.962ms
[35.909s][info][gc,start    ] GC(83) Pause Final Mark (unload classes)
[35.909s][info][gc,task     ] GC(83) Using 3 of 3 workers for final marking
[35.909s][info][gc,ergo     ] GC(83) Collectable Garbage: 469M (92%), Immediate: 469M (92%), CSet: 0B (0%)
[35.909s][info][gc          ] GC(83) Pause Final Mark (unload classes) 0.164ms
[35.909s][info][gc,start    ] GC(83) Concurrent weak references
[35.909s][info][gc,task     ] GC(83) Using 1 of 3 workers for concurrent weak references
[35.909s][info][gc,ref      ] GC(83) Encountered references: Soft: 140, Weak: 733, Final: 0, Phantom: 64
[35.909s][info][gc,ref      ] GC(83) Discovered  references: Soft: 0, Weak: 149, Final: 0, Phantom: 37
[35.909s][info][gc,ref      ] GC(83) Enqueued    references: Soft: 0, Weak: 0, Final: 0, Phantom: 0
[35.909s][info][gc          ] GC(83) Concurrent weak references 0.080ms
[35.909s][info][gc,start    ] GC(83) Concurrent weak roots
[35.909s][info][gc,task     ] GC(83) Using 1 of 3 workers for concurrent weak root
[35.912s][info][gc          ] GC(83) Concurrent weak roots 3.452ms
[35.912s][info][gc,start    ] GC(83) Concurrent cleanup
[35.912s][info][gc          ] GC(83) Concurrent cleanup 525M->55M(2048M) 0.053ms
[35.912s][info][gc,ergo     ] GC(83) Free: 1889M, Max: 1024K regular, 1421M humongous, Frag: 25% external, 0% internal; Reserve: 103M, Max: 1024K
[35.913s][info][gc,start    ] GC(83) Concurrent class unloading
[35.913s][info][gc,task     ] GC(83) Using 1 of 3 workers for concurrent class unloading
[35.916s][info][gc          ] GC(83) Concurrent class unloading 3.161ms
[35.916s][info][gc,start    ] GC(83) Pause Final Roots
[35.916s][info][gc          ] GC(83) Pause Final Roots 0.022ms
[35.916s][info][gc,ergo     ] Free: 1888M, Max: 1024K regular, 1421M humongous, Frag: 25% external, 0% internal; Reserve: 103M, Max: 1024K
[35.916s][info][gc,stats    ] 
[35.916s][info][gc,stats    ] All times are wall-clock times, except per-root-class counters, that are sum over
[35.916s][info][gc,stats    ] all workers. Dividing the <total> over the root stage time estimates parallelism.
[35.916s][info][gc,stats    ] 
[35.916s][info][gc,stats    ] Concurrent Reset                    258 us
[35.916s][info][gc,stats    ] Pause Init Mark (G)                 230 us
[35.916s][info][gc,stats    ] Pause Init Mark (N)                 101 us
[35.916s][info][gc,stats    ]   Update Region States               26 us
[35.916s][info][gc,stats    ] Concurrent Mark Roots               421 us, parallelism: 0.84x
[35.916s][info][gc,stats    ]   CMR: <total>                      356 us
[35.916s][info][gc,stats    ]   CMR: Thread Roots                 313 us, workers (us): 313, ---, ---, 
[35.916s][info][gc,stats    ]   CMR: VM Strong Roots                5 us, workers (us):   5, ---, ---, 
[35.916s][info][gc,stats    ]   CMR: CLDG Roots                    38 us, workers (us):  38, ---, ---, 
[35.916s][info][gc,stats    ] Concurrent Marking                 4013 us
[35.916s][info][gc,stats    ] Pause Final Mark (G)                231 us
[35.916s][info][gc,stats    ] Pause Final Mark (N)                174 us
[35.916s][info][gc,stats    ]   Finish Mark                        34 us
[35.916s][info][gc,stats    ]   Update Region States               33 us
[35.916s][info][gc,stats    ]   Choose Collection Set              42 us
[35.916s][info][gc,stats    ]   Rebuild Free Set                    8 us
[35.916s][info][gc,stats    ] Concurrent Weak References           87 us, parallelism: 0.11x
[35.916s][info][gc,stats    ]   CWRF: <total>                      10 us
[35.916s][info][gc,stats    ]   CWRF: Weak References              10 us, workers (us):  10, ---, ---, 
[35.916s][info][gc,stats    ] Concurrent Weak Roots              3500 us
[35.916s][info][gc,stats    ]   Roots                            3386 us, parallelism: 0.99x
[35.916s][info][gc,stats    ]     CWR: <total>                   3361 us
[35.916s][info][gc,stats    ]     CWR: Code Cache Roots           655 us, workers (us): 655, ---, ---, 
[35.916s][info][gc,stats    ]     CWR: VM Weak Roots             2698 us, workers (us): 2698, ---, ---, 
[35.916s][info][gc,stats    ]     CWR: CLDG Roots                   7 us, workers (us):   7, ---, ---, 
[35.916s][info][gc,stats    ]   Rendezvous                         49 us
[35.916s][info][gc,stats    ] Concurrent Cleanup                   62 us
[35.916s][info][gc,stats    ] Concurrent Class Unloading         3222 us
[35.916s][info][gc,stats    ]   Unlink Stale                     2936 us
[35.916s][info][gc,stats    ]     System Dictionary                 7 us
[35.916s][info][gc,stats    ]     Weak Class Links                  1 us
[35.916s][info][gc,stats    ]     Code Roots                     2927 us
[35.916s][info][gc,stats    ]   Rendezvous                         36 us
[35.916s][info][gc,stats    ]   Purge Unlinked                    168 us
[35.916s][info][gc,stats    ]     Code Roots                      162 us
[35.916s][info][gc,stats    ]     CLDG                              4 us
[35.916s][info][gc,stats    ]     Exception Caches                  0 us
[35.916s][info][gc,stats    ] Pause Final Roots (G)               108 us
[35.916s][info][gc,stats    ] Pause Final Roots (N)                30 us
[35.916s][info][gc,stats    ] 
[35.916s][info][gc,stats    ] Allocation pacing accrued:
[35.916s][info][gc,stats    ]       0 of   435 ms (  0.0%): <total>
[35.916s][info][gc,stats    ]       0 of   435 ms (  0.0%): <average total>
[35.916s][info][gc,stats    ] 
[35.916s][info][gc,metaspace] Metaspace: 14189K(14528K)->14189K(14528K) NonClass: 12284K(12480K)->12284K(12480K) Class: 1905K(2048K)->1905K(2048K)
[35.916s][info][gc,ergo     ] Pacer for Idle. Initial: 41943K, Alloc Tax Rate: 1.0x
[36.336s][info][gc          ] Trigger: Learning 5 of 5. Free (1433M) is below initial threshold (1433M)
[36.336s][info][gc,ergo     ] Free: 1433M, Max: 1024K regular, 1421M humongous, Frag: 1% external, 0% internal; Reserve: 103M, Max: 1024K
[36.336s][info][gc,start    ] GC(84) Concurrent reset
[36.336s][info][gc,task     ] GC(84) Using 1 of 3 workers for concurrent reset
[36.336s][info][gc,ergo     ] GC(84) Pacer for Reset. Non-Taxable: 2048M
[36.336s][info][gc          ] GC(84) Concurrent reset 0.244ms
[36.336s][info][gc,start    ] GC(84) Pause Init Mark (unload classes)
[36.336s][info][gc,task     ] GC(84) Using 3 of 3 workers for init marking
[36.336s][info][gc,ergo     ] GC(84) Pacer for Mark. Expected Live: 4516K, Free: 1433M, Non-Taxable: 143M, Alloc Tax Rate: 0.0x
[36.336s][info][gc          ] GC(84) Pause Init Mark (unload classes) 0.098ms
[36.336s][info][gc,start    ] GC(84) Concurrent marking roots
[36.336s][info][gc,task     ] GC(84) Using 1 of 3 workers for concurrent marking roots
[36.337s][info][gc          ] GC(84) Concurrent marking roots 0.427ms
[36.337s][info][gc,start    ] GC(84) Concurrent marking (unload classes)
[36.337s][info][gc,task     ] GC(84) Using 1 of 3 workers for concurrent marking
[36.341s][info][gc          ] GC(84) Concurrent marking (unload classes) 3.954ms
[36.341s][info][gc,start    ] GC(84) Pause Final Mark (unload classes)
[36.341s][info][gc,task     ] GC(84) Using 3 of 3 workers for final marking
[36.341s][info][gc,ergo     ] GC(84) Collectable Garbage: 465M (91%), Immediate: 465M (91%), CSet: 0B (0%)
[36.341s][info][gc          ] GC(84) Pause Final Mark (unload classes) 0.144ms
[36.341s][info][gc,start    ] GC(84) Concurrent weak references
[36.341s][info][gc,task     ] GC(84) Using 1 of 3 workers for concurrent weak references
[36.341s][info][gc,ref      ] GC(84) Encountered references: Soft: 140, Weak: 733, Final: 0, Phantom: 64
[36.341s][info][gc,ref      ] GC(84) Discovered  references: Soft: 0, Weak: 149, Final: 0, Phantom: 37
[36.341s][info][gc,ref      ] GC(84) Enqueued    references: Soft: 0, Weak: 0, Final: 0, Phantom: 0
[36.341s][info][gc          ] GC(84) Concurrent weak references 0.065ms
[36.341s][info][gc,start    ] GC(84) Concurrent weak roots
[36.341s][info][gc,task     ] GC(84) Using 1 of 3 workers for concurrent weak root
[36.345s][info][gc          ] GC(84) Concurrent weak roots 4.075ms
[36.345s][info][gc,start    ] GC(84) Concurrent cleanup
[36.345s][info][gc          ] GC(84) Concurrent cleanup 524M->58M(2048M) 0.051ms
[36.345s][info][gc,ergo     ] GC(84) Free: 1886M, Max: 1024K regular, 1420M humongous, Frag: 25% external, 0% internal; Reserve: 103M, Max: 1024K
[36.345s][info][gc,start    ] GC(84) Concurrent class unloading
[36.345s][info][gc,task     ] GC(84) Using 1 of 3 workers for concurrent class unloading
[36.348s][info][gc          ] GC(84) Concurrent class unloading 3.043ms
[36.348s][info][gc,start    ] GC(84) Pause Final Roots
[36.348s][info][gc          ] GC(84) Pause Final Roots 0.043ms
[36.348s][info][gc,ergo     ] Free: 1884M, Max: 1024K regular, 1420M humongous, Frag: 25% external, 0% internal; Reserve: 103M, Max: 1024K
[36.348s][info][gc,stats    ] 
[36.348s][info][gc,stats    ] All times are wall-clock times, except per-root-class counters, that are sum over
[36.348s][info][gc,stats    ] all workers. Dividing the <total> over the root stage time estimates parallelism.
[36.348s][info][gc,stats    ] 
[36.348s][info][gc,stats    ] Concurrent Reset                    269 us
[36.348s][info][gc,stats    ] Pause Init Mark (G)                 225 us
[36.348s][info][gc,stats    ] Pause Init Mark (N)                 106 us
[36.348s][info][gc,stats    ]   Update Region States               24 us
[36.348s][info][gc,stats    ] Concurrent Mark Roots               439 us, parallelism: 0.85x
[36.348s][info][gc,stats    ]   CMR: <total>                      372 us
[36.348s][info][gc,stats    ]   CMR: Thread Roots                 329 us, workers (us): 329, ---, ---, 
[36.348s][info][gc,stats    ]   CMR: VM Strong Roots                6 us, workers (us):   6, ---, ---, 
[36.348s][info][gc,stats    ]   CMR: CLDG Roots                    38 us, workers (us):  38, ---, ---, 
[36.348s][info][gc,stats    ] Concurrent Marking                 4003 us
[36.348s][info][gc,stats    ] Pause Final Mark (G)                212 us
[36.348s][info][gc,stats    ] Pause Final Mark (N)                153 us
[36.349s][info][gc,stats    ]   Finish Mark                        38 us
[36.349s][info][gc,stats    ]   Update Region States               28 us
[36.349s][info][gc,stats    ]   Choose Collection Set              27 us
[36.349s][info][gc,stats    ]   Rebuild Free Set                    8 us
[36.349s][info][gc,stats    ] Concurrent Weak References           72 us, parallelism: 0.08x
[36.349s][info][gc,stats    ]   CWRF: <total>                       6 us
[36.349s][info][gc,stats    ]   CWRF: Weak References               6 us, workers (us):   6, ---, ---, 
[36.349s][info][gc,stats    ] Concurrent Weak Roots              4115 us
[36.349s][info][gc,stats    ]   Roots                            4007 us, parallelism: 0.99x
[36.349s][info][gc,stats    ]     CWR: <total>                   3983 us
[36.349s][info][gc,stats    ]     CWR: Code Cache Roots           689 us, workers (us): 689, ---, ---, 
[36.349s][info][gc,stats    ]     CWR: VM Weak Roots             3286 us, workers (us): 3286, ---, ---, 
[36.349s][info][gc,stats    ]     CWR: CLDG Roots                   8 us, workers (us):   8, ---, ---, 
[36.349s][info][gc,stats    ]   Rendezvous                         51 us
[36.349s][info][gc,stats    ] Concurrent Cleanup                   61 us
[36.349s][info][gc,stats    ] Concurrent Class Unloading         3098 us
[36.349s][info][gc,stats    ]   Unlink Stale                     2867 us
[36.349s][info][gc,stats    ]     System Dictionary                 8 us
[36.349s][info][gc,stats    ]     Weak Class Links                  0 us
[36.349s][info][gc,stats    ]     Code Roots                     2857 us
[36.349s][info][gc,stats    ]   Rendezvous                         36 us
[36.349s][info][gc,stats    ]   Purge Unlinked                    122 us
[36.349s][info][gc,stats    ]     Code Roots                      117 us
[36.349s][info][gc,stats    ]     CLDG                              5 us
[36.349s][info][gc,stats    ]     Exception Caches                  0 us
[36.349s][info][gc,stats    ] Pause Final Roots (G)               110 us
[36.349s][info][gc,stats    ] Pause Final Roots (N)                52 us
[36.349s][info][gc,stats    ] 
[36.349s][info][gc,stats    ] Allocation pacing accrued:
[36.349s][info][gc,stats    ]       0 of   432 ms (  0.0%): <total>
[36.349s][info][gc,stats    ]       0 of   432 ms (  0.0%): <average total>
[36.349s][info][gc,stats    ] 
[36.349s][info][gc,metaspace] Metaspace: 14189K(14528K)->14189K(14528K) NonClass: 12284K(12480K)->12284K(12480K) Class: 1905K(2048K)->1905K(2048K)
[36.349s][info][gc,ergo     ] Pacer for Idle. Initial: 41943K, Alloc Tax Rate: 1.0x
[36.625s][info][gc          ] Trigger: Explicit GC request (System.gc())
[36.625s][info][gc,ergo     ] Free: 1655M, Max: 1024K regular, 1420M humongous, Frag: 15% external, 0% internal; Reserve: 103M, Max: 1024K
[36.625s][info][gc,start    ] GC(85) Concurrent reset
[36.625s][info][gc,task     ] GC(85) Using 1 of 3 workers for concurrent reset
[36.625s][info][gc,ergo     ] GC(85) Pacer for Reset. Non-Taxable: 2048M
[36.626s][info][gc          ] GC(85) Concurrent reset 0.525ms
[36.626s][info][gc,start    ] GC(85) Pause Init Mark (unload classes)
[36.626s][info][gc,task     ] GC(85) Using 3 of 3 workers for init marking
[36.626s][info][gc,ref      ] GC(85) Clearing All SoftReferences
[36.626s][info][gc,ergo     ] GC(85) Pacer for Mark. Expected Live: 4517K, Free: 1655M, Non-Taxable: 165M, Alloc Tax Rate: 0.0x
[36.626s][info][gc          ] GC(85) Pause Init Mark (unload classes) 0.248ms
[36.626s][info][gc,start    ] GC(85) Concurrent marking roots
[36.626s][info][gc,task     ] GC(85) Using 1 of 3 workers for concurrent marking roots
[36.627s][info][gc          ] GC(85) Concurrent marking roots 0.459ms
[36.627s][info][gc,start    ] GC(85) Concurrent marking (unload classes)
[36.627s][info][gc,task     ] GC(85) Using 1 of 3 workers for concurrent marking
[36.631s][info][gc          ] GC(85) Concurrent marking (unload classes) 4.046ms
[36.631s][info][gc,start    ] GC(85) Pause Final Mark (unload classes)
[36.631s][info][gc,task     ] GC(85) Using 3 of 3 workers for final marking
[36.631s][info][gc,ergo     ] GC(85) Collectable Garbage: 264M (92%), Immediate: 264M (92%), CSet: 0B (0%)
[36.631s][info][gc          ] GC(85) Pause Final Mark (unload classes) 0.253ms
[36.631s][info][gc,start    ] GC(85) Concurrent weak references
[36.631s][info][gc,task     ] GC(85) Using 1 of 3 workers for concurrent weak references
[36.631s][info][gc,ref      ] GC(85) Encountered references: Soft: 140, Weak: 717, Final: 0, Phantom: 64
[36.631s][info][gc,ref      ] GC(85) Discovered  references: Soft: 88, Weak: 171, Final: 0, Phantom: 62
[36.631s][info][gc,ref      ] GC(85) Enqueued    references: Soft: 3, Weak: 0, Final: 0, Phantom: 0
[36.631s][info][gc          ] GC(85) Concurrent weak references 0.141ms
[36.631s][info][gc,start    ] GC(85) Concurrent weak roots
[36.631s][info][gc,task     ] GC(85) Using 1 of 3 workers for concurrent weak root
[36.635s][info][gc          ] GC(85) Concurrent weak roots 3.465ms
[36.635s][info][gc,start    ] GC(85) Concurrent cleanup
[36.635s][info][gc          ] GC(85) Concurrent cleanup 289M->25M(2048M) 0.070ms
[36.635s][info][gc,ergo     ] GC(85) Free: 1920M, Max: 1024K regular, 1445M humongous, Frag: 25% external, 0% internal; Reserve: 103M, Max: 1024K
[36.635s][info][gc,start    ] GC(85) Concurrent class unloading
[36.635s][info][gc,task     ] GC(85) Using 1 of 3 workers for concurrent class unloading
[36.639s][info][gc          ] GC(85) Concurrent class unloading 4.076ms
[36.639s][info][gc,start    ] GC(85) Pause Final Roots
[36.639s][info][gc          ] GC(85) Pause Final Roots 0.069ms
[36.639s][info][gc,ergo     ] Free: 1920M, Max: 1024K regular, 1445M humongous, Frag: 25% external, 0% internal; Reserve: 103M, Max: 1024K
[36.639s][info][gc,stats    ] 
[36.639s][info][gc,stats    ] All times are wall-clock times, except per-root-class counters, that are sum over
[36.639s][info][gc,stats    ] all workers. Dividing the <total> over the root stage time estimates parallelism.
[36.639s][info][gc,stats    ] 
[36.639s][info][gc,stats    ] Concurrent Reset                    586 us
[36.639s][info][gc,stats    ] Pause Init Mark (G)                 375 us
[36.639s][info][gc,stats    ] Pause Init Mark (N)                 266 us
[36.639s][info][gc,stats    ]   Update Region States               77 us
[36.639s][info][gc,stats    ] Concurrent Mark Roots               468 us, parallelism: 0.81x
[36.639s][info][gc,stats    ]   CMR: <total>                      382 us
[36.639s][info][gc,stats    ]   CMR: Thread Roots                 335 us, workers (us): 335, ---, ---, 
[36.640s][info][gc,stats    ]   CMR: VM Strong Roots                5 us, workers (us):   5, ---, ---, 
[36.640s][info][gc,stats    ]   CMR: CLDG Roots                    41 us, workers (us):  41, ---, ---, 
[36.640s][info][gc,stats    ] Concurrent Marking                 4087 us
[36.640s][info][gc,stats    ] Pause Final Mark (G)                341 us
[36.640s][info][gc,stats    ] Pause Final Mark (N)                271 us
[36.640s][info][gc,stats    ]   Finish Mark                        60 us
[36.640s][info][gc,stats    ]   Update Region States               45 us
[36.640s][info][gc,stats    ]   Choose Collection Set              44 us
[36.640s][info][gc,stats    ]   Rebuild Free Set                   20 us
[36.640s][info][gc,stats    ] Concurrent Weak References          156 us, parallelism: 0.05x
[36.640s][info][gc,stats    ]   CWRF: <total>                       8 us
[36.640s][info][gc,stats    ]   CWRF: Weak References               8 us, workers (us):   8, ---, ---, 
[36.640s][info][gc,stats    ] Concurrent Weak Roots              3489 us
[36.640s][info][gc,stats    ]   Roots                            3324 us, parallelism: 0.99x
[36.640s][info][gc,stats    ]     CWR: <total>                   3276 us
[36.640s][info][gc,stats    ]     CWR: Code Cache Roots           582 us, workers (us): 582, ---, ---, 
[36.640s][info][gc,stats    ]     CWR: VM Weak Roots             2688 us, workers (us): 2688, ---, ---, 
[36.640s][info][gc,stats    ]     CWR: CLDG Roots                   7 us, workers (us):   7, ---, ---, 
[36.640s][info][gc,stats    ]   Rendezvous                        109 us
[36.640s][info][gc,stats    ] Concurrent Cleanup                   92 us
[36.640s][info][gc,stats    ] Concurrent Class Unloading         4103 us
[36.640s][info][gc,stats    ]   Unlink Stale                     3825 us
[36.640s][info][gc,stats    ]     System Dictionary                 9 us
[36.640s][info][gc,stats    ]     Weak Class Links                  0 us
[36.640s][info][gc,stats    ]     Code Roots                     3814 us
[36.640s][info][gc,stats    ]   Rendezvous                         92 us
[36.640s][info][gc,stats    ]   Purge Unlinked                    120 us
[36.640s][info][gc,stats    ]     Code Roots                      115 us
[36.640s][info][gc,stats    ]     CLDG                              5 us
[36.640s][info][gc,stats    ]     Exception Caches                  0 us
[36.640s][info][gc,stats    ] Pause Final Roots (G)               173 us
[36.640s][info][gc,stats    ] Pause Final Roots (N)                87 us
[36.640s][info][gc,stats    ] 
[36.640s][info][gc,stats    ] Allocation pacing accrued:
[36.640s][info][gc,stats    ]       0 of   291 ms (  0.0%): <total>
[36.640s][info][gc,stats    ]       0 of   291 ms (  0.0%): <average total>
[36.640s][info][gc,stats    ] 
[36.640s][info][gc,metaspace] Metaspace: 14189K(14528K)->14189K(14528K) NonClass: 12284K(12480K)->12284K(12480K) Class: 1905K(2048K)->1905K(2048K)
[36.640s][info][gc,ergo     ] Pacer for Idle. Initial: 41943K, Alloc Tax Rate: 1.0x
[37.075s][info][gc          ] Trigger: Learning 2 of 5. Free (1432M) is below initial threshold (1433M)
[37.075s][info][gc,ergo     ] Free: 1432M, Max: 1024K regular, 1432M humongous, Frag: 0% external, 0% internal; Reserve: 103M, Max: 1024K
[37.075s][info][gc,start    ] GC(86) Concurrent reset
[37.075s][info][gc,task     ] GC(86) Using 1 of 3 workers for concurrent reset
[37.075s][info][gc,ergo     ] GC(86) Pacer for Reset. Non-Taxable: 2048M
[37.075s][info][gc          ] GC(86) Concurrent reset 0.185ms
[37.075s][info][gc,start    ] GC(86) Pause Init Mark (unload classes)
[37.075s][info][gc,task     ] GC(86) Using 3 of 3 workers for init marking
[37.075s][info][gc,ergo     ] GC(86) Pacer for Mark. Expected Live: 4517K, Free: 1432M, Non-Taxable: 143M, Alloc Tax Rate: 0.0x
[37.075s][info][gc          ] GC(86) Pause Init Mark (unload classes) 0.094ms
[37.076s][info][gc,start    ] GC(86) Concurrent marking roots
[37.076s][info][gc,task     ] GC(86) Using 1 of 3 workers for concurrent marking roots
[37.076s][info][gc          ] GC(86) Concurrent marking roots 0.415ms
[37.076s][info][gc,start    ] GC(86) Concurrent marking (unload classes)
[37.076s][info][gc,task     ] GC(86) Using 1 of 3 workers for concurrent marking
[37.080s][info][gc          ] GC(86) Concurrent marking (unload classes) 3.958ms
[37.080s][info][gc,start    ] GC(86) Pause Final Mark (unload classes)
[37.080s][info][gc,task     ] GC(86) Using 3 of 3 workers for final marking
[37.081s][info][gc,ergo     ] GC(86) Collectable Garbage: 477M (93%), Immediate: 477M (93%), CSet: 0B (0%)
[37.081s][info][gc          ] GC(86) Pause Final Mark (unload classes) 0.164ms
[37.081s][info][gc,start    ] GC(86) Concurrent weak references
[37.081s][info][gc,task     ] GC(86) Using 1 of 3 workers for concurrent weak references
[37.081s][info][gc,ref      ] GC(86) Encountered references: Soft: 140, Weak: 729, Final: 0, Phantom: 64
[37.081s][info][gc,ref      ] GC(86) Discovered  references: Soft: 0, Weak: 147, Final: 0, Phantom: 37
[37.081s][info][gc,ref      ] GC(86) Enqueued    references: Soft: 0, Weak: 0, Final: 0, Phantom: 0
[37.081s][info][gc          ] GC(86) Concurrent weak references 0.075ms
[37.081s][info][gc,start    ] GC(86) Concurrent weak roots
[37.081s][info][gc,task     ] GC(86) Using 1 of 3 workers for concurrent weak root
[37.083s][info][gc          ] GC(86) Concurrent weak roots 2.256ms
[37.083s][info][gc,start    ] GC(86) Concurrent cleanup
[37.083s][info][gc          ] GC(86) Concurrent cleanup 524M->48M(2048M) 0.053ms
[37.083s][info][gc,ergo     ] GC(86) Free: 1897M, Max: 1024K regular, 1421M humongous, Frag: 26% external, 0% internal; Reserve: 103M, Max: 1024K
[37.083s][info][gc,start    ] GC(86) Concurrent class unloading
[37.083s][info][gc,task     ] GC(86) Using 1 of 3 workers for concurrent class unloading
[37.086s][info][gc          ] GC(86) Concurrent class unloading 3.196ms
[37.086s][info][gc,start    ] GC(86) Pause Final Roots
[37.086s][info][gc          ] GC(86) Pause Final Roots 0.013ms
[37.087s][info][gc,ergo     ] Free: 1895M, Max: 1024K regular, 1421M humongous, Frag: 26% external, 0% internal; Reserve: 103M, Max: 1024K
[37.087s][info][gc,stats    ] 
[37.087s][info][gc,stats    ] All times are wall-clock times, except per-root-class counters, that are sum over
[37.087s][info][gc,stats    ] all workers. Dividing the <total> over the root stage time estimates parallelism.
[37.087s][info][gc,stats    ] 
[37.087s][info][gc,stats    ] Concurrent Reset                    198 us
[37.087s][info][gc,stats    ] Pause Init Mark (G)                 277 us
[37.087s][info][gc,stats    ] Pause Init Mark (N)                 108 us
[37.087s][info][gc,stats    ]   Update Region States               29 us
[37.087s][info][gc,stats    ] Concurrent Mark Roots               438 us, parallelism: 0.82x
[37.087s][info][gc,stats    ]   CMR: <total>                      360 us
[37.087s][info][gc,stats    ]   CMR: Thread Roots                 320 us, workers (us): 320, ---, ---, 
[37.087s][info][gc,stats    ]   CMR: VM Strong Roots                4 us, workers (us):   4, ---, ---, 
[37.087s][info][gc,stats    ]   CMR: CLDG Roots                    35 us, workers (us):  35, ---, ---, 
[37.087s][info][gc,stats    ] Concurrent Marking                 4010 us
[37.087s][info][gc,stats    ] Pause Final Mark (G)                575 us
[37.087s][info][gc,stats    ] Pause Final Mark (N)                173 us
[37.087s][info][gc,stats    ]   Finish Mark                        40 us
[37.087s][info][gc,stats    ]   Update Region States               29 us
[37.087s][info][gc,stats    ]   Choose Collection Set              34 us
[37.087s][info][gc,stats    ]   Rebuild Free Set                    8 us
[37.087s][info][gc,stats    ] Concurrent Weak References           82 us, parallelism: 0.12x
[37.087s][info][gc,stats    ]   CWRF: <total>                       9 us
[37.087s][info][gc,stats    ]   CWRF: Weak References               9 us, workers (us):   9, ---, ---, 
[37.087s][info][gc,stats    ] Concurrent Weak Roots              2309 us
[37.087s][info][gc,stats    ]   Roots                            2149 us, parallelism: 0.99x
[37.087s][info][gc,stats    ]     CWR: <total>                   2125 us
[37.087s][info][gc,stats    ]     CWR: Code Cache Roots           697 us, workers (us): 697, ---, ---, 
[37.087s][info][gc,stats    ]     CWR: VM Weak Roots             1419 us, workers (us): 1419, ---, ---, 
[37.087s][info][gc,stats    ]     CWR: CLDG Roots                   8 us, workers (us):   8, ---, ---, 
[37.087s][info][gc,stats    ]   Rendezvous                         91 us
[37.087s][info][gc,stats    ] Concurrent Cleanup                   62 us
[37.087s][info][gc,stats    ] Concurrent Class Unloading         3235 us
[37.087s][info][gc,stats    ]   Unlink Stale                     2965 us
[37.087s][info][gc,stats    ]     System Dictionary                 7 us
[37.087s][info][gc,stats    ]     Weak Class Links                  0 us
[37.087s][info][gc,stats    ]     Code Roots                     2956 us
[37.087s][info][gc,stats    ]   Rendezvous                         56 us
[37.087s][info][gc,stats    ]   Purge Unlinked                    157 us
[37.087s][info][gc,stats    ]     Code Roots                      152 us
[37.087s][info][gc,stats    ]     CLDG                              4 us
[37.087s][info][gc,stats    ]     Exception Caches                  0 us
[37.087s][info][gc,stats    ] Pause Final Roots (G)               248 us
[37.087s][info][gc,stats    ] Pause Final Roots (N)                20 us
[37.087s][info][gc,stats    ] 
[37.087s][info][gc,stats    ] Allocation pacing accrued:
[37.087s][info][gc,stats    ]       0 of   447 ms (  0.0%): <total>
[37.087s][info][gc,stats    ]       0 of   447 ms (  0.0%): <average total>
[37.087s][info][gc,stats    ] 
[37.087s][info][gc,metaspace] Metaspace: 14189K(14528K)->14189K(14528K) NonClass: 12284K(12480K)->12284K(12480K) Class: 1905K(2048K)->1905K(2048K)
[37.087s][info][gc,ergo     ] Pacer for Idle. Initial: 41943K, Alloc Tax Rate: 1.0x
[37.520s][info][gc          ] Trigger: Learning 3 of 5. Free (1433M) is below initial threshold (1433M)
[37.520s][info][gc,ergo     ] Free: 1433M, Max: 1024K regular, 1421M humongous, Frag: 1% external, 0% internal; Reserve: 103M, Max: 1024K
[37.520s][info][gc,start    ] GC(87) Concurrent reset
[37.520s][info][gc,task     ] GC(87) Using 1 of 3 workers for concurrent reset
[37.520s][info][gc,ergo     ] GC(87) Pacer for Reset. Non-Taxable: 2048M
[37.520s][info][gc          ] GC(87) Concurrent reset 0.255ms
[37.520s][info][gc,start    ] GC(87) Pause Init Mark (unload classes)
[37.520s][info][gc,task     ] GC(87) Using 3 of 3 workers for init marking
[37.520s][info][gc,ergo     ] GC(87) Pacer for Mark. Expected Live: 4516K, Free: 1433M, Non-Taxable: 143M, Alloc Tax Rate: 0.0x
[37.520s][info][gc          ] GC(87) Pause Init Mark (unload classes) 0.092ms
[37.520s][info][gc,start    ] GC(87) Concurrent marking roots
[37.520s][info][gc,task     ] GC(87) Using 1 of 3 workers for concurrent marking roots
[37.521s][info][gc          ] GC(87) Concurrent marking roots 0.419ms
[37.521s][info][gc,start    ] GC(87) Concurrent marking (unload classes)
[37.521s][info][gc,task     ] GC(87) Using 1 of 3 workers for concurrent marking
[37.525s][info][gc          ] GC(87) Concurrent marking (unload classes) 3.952ms
[37.525s][info][gc,start    ] GC(87) Pause Final Mark (unload classes)
[37.525s][info][gc,task     ] GC(87) Using 3 of 3 workers for final marking
[37.525s][info][gc,ergo     ] GC(87) Collectable Garbage: 473M (93%), Immediate: 473M (93%), CSet: 0B (0%)
[37.525s][info][gc          ] GC(87) Pause Final Mark (unload classes) 0.156ms
[37.525s][info][gc,start    ] GC(87) Concurrent weak references
[37.525s][info][gc,task     ] GC(87) Using 1 of 3 workers for concurrent weak references
[37.525s][info][gc,ref      ] GC(87) Encountered references: Soft: 140, Weak: 729, Final: 0, Phantom: 64
[37.525s][info][gc,ref      ] GC(87) Discovered  references: Soft: 0, Weak: 147, Final: 0, Phantom: 37
[37.525s][info][gc,ref      ] GC(87) Enqueued    references: Soft: 0, Weak: 0, Final: 0, Phantom: 0
[37.525s][info][gc          ] GC(87) Concurrent weak references 0.071ms
[37.525s][info][gc,start    ] GC(87) Concurrent weak roots
[37.525s][info][gc,task     ] GC(87) Using 1 of 3 workers for concurrent weak root
[37.528s][info][gc          ] GC(87) Concurrent weak roots 3.320ms
[37.528s][info][gc,start    ] GC(87) Concurrent cleanup
[37.528s][info][gc          ] GC(87) Concurrent cleanup 524M->51M(2048M) 0.052ms
[37.528s][info][gc,ergo     ] GC(87) Free: 1893M, Max: 1024K regular, 1420M humongous, Frag: 25% external, 0% internal; Reserve: 103M, Max: 1024K
[37.528s][info][gc,start    ] GC(87) Concurrent class unloading
[37.528s][info][gc,task     ] GC(87) Using 1 of 3 workers for concurrent class unloading
[37.531s][info][gc          ] GC(87) Concurrent class unloading 3.065ms
[37.532s][info][gc,start    ] GC(87) Pause Final Roots
[37.532s][info][gc          ] GC(87) Pause Final Roots 0.039ms
[37.532s][info][gc,ergo     ] Free: 1892M, Max: 1024K regular, 1420M humongous, Frag: 25% external, 0% internal; Reserve: 103M, Max: 1024K
[37.532s][info][gc,stats    ] 
[37.532s][info][gc,stats    ] All times are wall-clock times, except per-root-class counters, that are sum over
[37.532s][info][gc,stats    ] all workers. Dividing the <total> over the root stage time estimates parallelism.
[37.532s][info][gc,stats    ] 
[37.532s][info][gc,stats    ] Concurrent Reset                    273 us
[37.532s][info][gc,stats    ] Pause Init Mark (G)                 239 us
[37.532s][info][gc,stats    ] Pause Init Mark (N)                 100 us
[37.532s][info][gc,stats    ]   Update Region States               26 us
[37.532s][info][gc,stats    ] Concurrent Mark Roots               431 us, parallelism: 0.86x
[37.532s][info][gc,stats    ]   CMR: <total>                      370 us
[37.532s][info][gc,stats    ]   CMR: Thread Roots                 325 us, workers (us): 325, ---, ---, 
[37.532s][info][gc,stats    ]   CMR: VM Strong Roots                5 us, workers (us):   5, ---, ---, 
[37.532s][info][gc,stats    ]   CMR: CLDG Roots                    40 us, workers (us):  40, ---, ---, 
[37.532s][info][gc,stats    ] Concurrent Marking                 3989 us
[37.532s][info][gc,stats    ] Pause Final Mark (G)                225 us
[37.532s][info][gc,stats    ] Pause Final Mark (N)                165 us
[37.532s][info][gc,stats    ]   Finish Mark                        33 us
[37.532s][info][gc,stats    ]   Update Region States               30 us
[37.532s][info][gc,stats    ]   Choose Collection Set              53 us
[37.532s][info][gc,stats    ]   Rebuild Free Set                    8 us
[37.532s][info][gc,stats    ] Concurrent Weak References           78 us, parallelism: 0.12x
[37.532s][info][gc,stats    ]   CWRF: <total>                       9 us
[37.532s][info][gc,stats    ]   CWRF: Weak References               9 us, workers (us):   9, ---, ---, 
[37.532s][info][gc,stats    ] Concurrent Weak Roots              3358 us
[37.532s][info][gc,stats    ]   Roots                            3237 us, parallelism: 0.99x
[37.532s][info][gc,stats    ]     CWR: <total>                   3205 us
[37.532s][info][gc,stats    ]     CWR: Code Cache Roots           650 us, workers (us): 650, ---, ---, 
[37.532s][info][gc,stats    ]     CWR: VM Weak Roots             2549 us, workers (us): 2549, ---, ---, 
[37.532s][info][gc,stats    ]     CWR: CLDG Roots                   7 us, workers (us):   7, ---, ---, 
[37.532s][info][gc,stats    ]   Rendezvous                         66 us
[37.532s][info][gc,stats    ] Concurrent Cleanup                   61 us
[37.532s][info][gc,stats    ] Concurrent Class Unloading         3110 us
[37.532s][info][gc,stats    ]   Unlink Stale                     2853 us
[37.532s][info][gc,stats    ]     System Dictionary                 8 us
[37.532s][info][gc,stats    ]     Weak Class Links                  0 us
[37.532s][info][gc,stats    ]     Code Roots                     2843 us
[37.532s][info][gc,stats    ]   Rendezvous                         72 us
[37.532s][info][gc,stats    ]   Purge Unlinked                    124 us
[37.532s][info][gc,stats    ]     Code Roots                      121 us
[37.532s][info][gc,stats    ]     CLDG                              2 us
[37.532s][info][gc,stats    ]     Exception Caches                  0 us
[37.532s][info][gc,stats    ] Pause Final Roots (G)               104 us
[37.532s][info][gc,stats    ] Pause Final Roots (N)                48 us
[37.532s][info][gc,stats    ] 
[37.532s][info][gc,stats    ] Allocation pacing accrued:
[37.532s][info][gc,stats    ]       0 of   445 ms (  0.0%): <total>
[37.532s][info][gc,stats    ]       0 of   445 ms (  0.0%): <average total>
[37.532s][info][gc,stats    ] 
[37.532s][info][gc,metaspace] Metaspace: 14189K(14528K)->14189K(14528K) NonClass: 12284K(12480K)->12284K(12480K) Class: 1905K(2048K)->1905K(2048K)
[37.532s][info][gc,ergo     ] Pacer for Idle. Initial: 41943K, Alloc Tax Rate: 1.0x
[37.942s][info][gc          ] Trigger: Learning 4 of 5. Free (1433M) is below initial threshold (1433M)
[37.942s][info][gc,ergo     ] Free: 1433M, Max: 1024K regular, 1420M humongous, Frag: 1% external, 0% internal; Reserve: 103M, Max: 1024K
[37.942s][info][gc,start    ] GC(88) Concurrent reset
[37.942s][info][gc,task     ] GC(88) Using 1 of 3 workers for concurrent reset
[37.942s][info][gc,ergo     ] GC(88) Pacer for Reset. Non-Taxable: 2048M
[37.942s][info][gc          ] GC(88) Concurrent reset 0.247ms
[37.942s][info][gc,start    ] GC(88) Pause Init Mark (unload classes)
[37.942s][info][gc,task     ] GC(88) Using 3 of 3 workers for init marking
[37.942s][info][gc,ergo     ] GC(88) Pacer for Mark. Expected Live: 4516K, Free: 1433M, Non-Taxable: 143M, Alloc Tax Rate: 0.0x
[37.942s][info][gc          ] GC(88) Pause Init Mark (unload classes) 0.105ms
[37.942s][info][gc,start    ] GC(88) Concurrent marking roots
[37.942s][info][gc,task     ] GC(88) Using 1 of 3 workers for concurrent marking roots
[37.943s][info][gc          ] GC(88) Concurrent marking roots 0.439ms
[37.943s][info][gc,start    ] GC(88) Concurrent marking (unload classes)
[37.943s][info][gc,task     ] GC(88) Using 1 of 3 workers for concurrent marking
[37.947s][info][gc          ] GC(88) Concurrent marking (unload classes) 3.937ms
[37.947s][info][gc,start    ] GC(88) Pause Final Mark (unload classes)
[37.947s][info][gc,task     ] GC(88) Using 3 of 3 workers for final marking
[37.947s][info][gc,ergo     ] GC(88) Collectable Garbage: 470M (92%), Immediate: 470M (92%), CSet: 0B (0%)
[37.947s][info][gc          ] GC(88) Pause Final Mark (unload classes) 0.165ms
[37.947s][info][gc,start    ] GC(88) Concurrent weak references
[37.947s][info][gc,task     ] GC(88) Using 1 of 3 workers for concurrent weak references
[37.947s][info][gc,ref      ] GC(88) Encountered references: Soft: 140, Weak: 729, Final: 0, Phantom: 64
[37.947s][info][gc,ref      ] GC(88) Discovered  references: Soft: 0, Weak: 147, Final: 0, Phantom: 37
[37.947s][info][gc,ref      ] GC(88) Enqueued    references: Soft: 0, Weak: 0, Final: 0, Phantom: 0
[37.947s][info][gc          ] GC(88) Concurrent weak references 0.073ms
[37.947s][info][gc,start    ] GC(88) Concurrent weak roots
[37.947s][info][gc,task     ] GC(88) Using 1 of 3 workers for concurrent weak root
[37.951s][info][gc          ] GC(88) Concurrent weak roots 3.661ms
[37.951s][info][gc,start    ] GC(88) Concurrent cleanup
[37.951s][info][gc          ] GC(88) Concurrent cleanup 524M->53M(2048M) 0.052ms
[37.951s][info][gc,ergo     ] GC(88) Free: 1891M, Max: 1024K regular, 1421M humongous, Frag: 25% external, 0% internal; Reserve: 103M, Max: 1024K
[37.951s][info][gc,start    ] GC(88) Concurrent class unloading
[37.951s][info][gc,task     ] GC(88) Using 1 of 3 workers for concurrent class unloading
[37.954s][info][gc          ] GC(88) Concurrent class unloading 3.159ms
[37.954s][info][gc,start    ] GC(88) Pause Final Roots
[37.954s][info][gc          ] GC(88) Pause Final Roots 0.026ms
[37.954s][info][gc,ergo     ] Free: 1889M, Max: 1024K regular, 1421M humongous, Frag: 25% external, 0% internal; Reserve: 103M, Max: 1024K
[37.954s][info][gc,stats    ] 
[37.954s][info][gc,stats    ] All times are wall-clock times, except per-root-class counters, that are sum over
[37.954s][info][gc,stats    ] all workers. Dividing the <total> over the root stage time estimates parallelism.
[37.954s][info][gc,stats    ] 
[37.954s][info][gc,stats    ] Concurrent Reset                    262 us
[37.954s][info][gc,stats    ] Pause Init Mark (G)                 236 us
[37.954s][info][gc,stats    ] Pause Init Mark (N)                 114 us
[37.954s][info][gc,stats    ]   Update Region States               26 us
[37.954s][info][gc,stats    ] Concurrent Mark Roots               452 us, parallelism: 0.86x
[37.954s][info][gc,stats    ]   CMR: <total>                      390 us
[37.954s][info][gc,stats    ]   CMR: Thread Roots                 340 us, workers (us): 340, ---, ---, 
[37.954s][info][gc,stats    ]   CMR: VM Strong Roots                5 us, workers (us):   5, ---, ---, 
[37.954s][info][gc,stats    ]   CMR: CLDG Roots                    45 us, workers (us):  45, ---, ---, 
[37.954s][info][gc,stats    ] Concurrent Marking                 3988 us
[37.954s][info][gc,stats    ] Pause Final Mark (G)                223 us
[37.954s][info][gc,stats    ] Pause Final Mark (N)                174 us
[37.954s][info][gc,stats    ]   Finish Mark                        39 us
[37.954s][info][gc,stats    ]   Update Region States               32 us
[37.954s][info][gc,stats    ]   Choose Collection Set              43 us
[37.954s][info][gc,stats    ]   Rebuild Free Set                    8 us
[37.954s][info][gc,stats    ] Concurrent Weak References           81 us, parallelism: 0.12x
[37.954s][info][gc,stats    ]   CWRF: <total>                       9 us
[37.954s][info][gc,stats    ]   CWRF: Weak References               9 us, workers (us):   9, ---, ---, 
[37.954s][info][gc,stats    ] Concurrent Weak Roots              3714 us
[37.954s][info][gc,stats    ]   Roots                            3591 us, parallelism: 0.99x
[37.954s][info][gc,stats    ]     CWR: <total>                   3570 us
[37.954s][info][gc,stats    ]     CWR: Code Cache Roots           639 us, workers (us): 639, ---, ---, 
[37.954s][info][gc,stats    ]     CWR: VM Weak Roots             2924 us, workers (us): 2924, ---, ---, 
[37.954s][info][gc,stats    ]     CWR: CLDG Roots                   7 us, workers (us):   7, ---, ---, 
[37.954s][info][gc,stats    ]   Rendezvous                         53 us
[37.954s][info][gc,stats    ] Concurrent Cleanup                   61 us
[37.954s][info][gc,stats    ] Concurrent Class Unloading         3222 us
[37.954s][info][gc,stats    ]   Unlink Stale                     2895 us
[37.954s][info][gc,stats    ]     System Dictionary                 7 us
[37.954s][info][gc,stats    ]     Weak Class Links                  0 us
[37.954s][info][gc,stats    ]     Code Roots                     2887 us
[37.954s][info][gc,stats    ]   Rendezvous                         72 us
[37.954s][info][gc,stats    ]   Purge Unlinked                    170 us
[37.954s][info][gc,stats    ]     Code Roots                      165 us
[37.954s][info][gc,stats    ]     CLDG                              4 us
[37.954s][info][gc,stats    ]     Exception Caches                  0 us
[37.954s][info][gc,stats    ] Pause Final Roots (G)                97 us
[37.954s][info][gc,stats    ] Pause Final Roots (N)                35 us
[37.954s][info][gc,stats    ] 
[37.955s][info][gc,stats    ] Allocation pacing accrued:
[37.955s][info][gc,stats    ]       0 of   423 ms (  0.0%): <total>
[37.955s][info][gc,stats    ]       0 of   423 ms (  0.0%): <average total>
[37.955s][info][gc,stats    ] 
[37.955s][info][gc,metaspace] Metaspace: 14189K(14528K)->14189K(14528K) NonClass: 12284K(12480K)->12284K(12480K) Class: 1905K(2048K)->1905K(2048K)
[37.955s][info][gc,ergo     ] Pacer for Idle. Initial: 41943K, Alloc Tax Rate: 1.0x
[38.362s][info][gc          ] Trigger: Learning 5 of 5. Free (1431M) is below initial threshold (1433M)
[38.362s][info][gc,ergo     ] Free: 1431M, Max: 1024K regular, 1421M humongous, Frag: 1% external, 0% internal; Reserve: 103M, Max: 1024K
[38.362s][info][gc,start    ] GC(89) Concurrent reset
[38.362s][info][gc,task     ] GC(89) Using 1 of 3 workers for concurrent reset
[38.362s][info][gc,ergo     ] GC(89) Pacer for Reset. Non-Taxable: 2048M
[38.363s][info][gc          ] GC(89) Concurrent reset 0.240ms
[38.363s][info][gc,start    ] GC(89) Pause Init Mark (unload classes)
[38.363s][info][gc,task     ] GC(89) Using 3 of 3 workers for init marking
[38.363s][info][gc,ergo     ] GC(89) Pacer for Mark. Expected Live: 4516K, Free: 1431M, Non-Taxable: 143M, Alloc Tax Rate: 0.0x
[38.363s][info][gc          ] GC(89) Pause Init Mark (unload classes) 0.089ms
[38.363s][info][gc,start    ] GC(89) Concurrent marking roots
[38.363s][info][gc,task     ] GC(89) Using 1 of 3 workers for concurrent marking roots
[38.363s][info][gc          ] GC(89) Concurrent marking roots 0.444ms
[38.363s][info][gc,start    ] GC(89) Concurrent marking (unload classes)
[38.363s][info][gc,task     ] GC(89) Using 1 of 3 workers for concurrent marking
[38.367s][info][gc          ] GC(89) Concurrent marking (unload classes) 3.973ms
[38.367s][info][gc,start    ] GC(89) Pause Final Mark (unload classes)
[38.367s][info][gc,task     ] GC(89) Using 3 of 3 workers for final marking
[38.367s][info][gc,ergo     ] GC(89) Collectable Garbage: 470M (92%), Immediate: 470M (92%), CSet: 0B (0%)
[38.367s][info][gc          ] GC(89) Pause Final Mark (unload classes) 0.148ms
[38.368s][info][gc,start    ] GC(89) Concurrent weak references
[38.368s][info][gc,task     ] GC(89) Using 1 of 3 workers for concurrent weak references
[38.368s][info][gc,ref      ] GC(89) Encountered references: Soft: 140, Weak: 729, Final: 0, Phantom: 64
[38.368s][info][gc,ref      ] GC(89) Discovered  references: Soft: 0, Weak: 147, Final: 0, Phantom: 37
[38.368s][info][gc,ref      ] GC(89) Enqueued    references: Soft: 0, Weak: 0, Final: 0, Phantom: 0
[38.368s][info][gc          ] GC(89) Concurrent weak references 0.057ms
[38.368s][info][gc,start    ] GC(89) Concurrent weak roots
[38.368s][info][gc,task     ] GC(89) Using 1 of 3 workers for concurrent weak root
[38.372s][info][gc          ] GC(89) Concurrent weak roots 4.029ms
[38.372s][info][gc,start    ] GC(89) Concurrent cleanup
[38.372s][info][gc          ] GC(89) Concurrent cleanup 525M->54M(2048M) 0.052ms
[38.372s][info][gc,ergo     ] GC(89) Free: 1890M, Max: 1024K regular, 1419M humongous, Frag: 25% external, 0% internal; Reserve: 103M, Max: 1024K
[38.372s][info][gc,start    ] GC(89) Concurrent class unloading
[38.372s][info][gc,task     ] GC(89) Using 1 of 3 workers for concurrent class unloading
[38.375s][info][gc          ] GC(89) Concurrent class unloading 3.116ms
[38.375s][info][gc,start    ] GC(89) Pause Final Roots
[38.375s][info][gc          ] GC(89) Pause Final Roots 0.037ms
[38.375s][info][gc,ergo     ] Free: 1886M, Max: 1024K regular, 1419M humongous, Frag: 25% external, 0% internal; Reserve: 103M, Max: 1024K
[38.375s][info][gc,stats    ] 
[38.375s][info][gc,stats    ] All times are wall-clock times, except per-root-class counters, that are sum over
[38.375s][info][gc,stats    ] all workers. Dividing the <total> over the root stage time estimates parallelism.
[38.375s][info][gc,stats    ] 
[38.375s][info][gc,stats    ] Concurrent Reset                    267 us
[38.375s][info][gc,stats    ] Pause Init Mark (G)                 215 us
[38.375s][info][gc,stats    ] Pause Init Mark (N)                  97 us
[38.375s][info][gc,stats    ]   Update Region States               25 us
[38.375s][info][gc,stats    ] Concurrent Mark Roots               457 us, parallelism: 0.86x
[38.375s][info][gc,stats    ]   CMR: <total>                      393 us
[38.375s][info][gc,stats    ]   CMR: Thread Roots                 346 us, workers (us): 346, ---, ---, 
[38.375s][info][gc,stats    ]   CMR: VM Strong Roots                5 us, workers (us):   5, ---, ---, 
[38.375s][info][gc,stats    ]   CMR: CLDG Roots                    43 us, workers (us):  43, ---, ---, 
[38.375s][info][gc,stats    ] Concurrent Marking                 4022 us
[38.375s][info][gc,stats    ] Pause Final Mark (G)                223 us
[38.375s][info][gc,stats    ] Pause Final Mark (N)                158 us
[38.375s][info][gc,stats    ]   Finish Mark                        37 us
[38.375s][info][gc,stats    ]   Update Region States               29 us
[38.375s][info][gc,stats    ]   Choose Collection Set              51 us
[38.375s][info][gc,stats    ]   Rebuild Free Set                    8 us
[38.375s][info][gc,stats    ] Concurrent Weak References           65 us, parallelism: 0.10x
[38.375s][info][gc,stats    ]   CWRF: <total>                       7 us
[38.375s][info][gc,stats    ]   CWRF: Weak References               7 us, workers (us):   7, ---, ---, 
[38.375s][info][gc,stats    ] Concurrent Weak Roots              4077 us
[38.375s][info][gc,stats    ]   Roots                            3946 us, parallelism: 0.99x
[38.375s][info][gc,stats    ]     CWR: <total>                   3919 us
[38.375s][info][gc,stats    ]     CWR: Code Cache Roots           645 us, workers (us): 645, ---, ---, 
[38.375s][info][gc,stats    ]     CWR: VM Weak Roots             3267 us, workers (us): 3267, ---, ---, 
[38.375s][info][gc,stats    ]     CWR: CLDG Roots                   7 us, workers (us):   7, ---, ---, 
[38.375s][info][gc,stats    ]   Rendezvous                         67 us
[38.375s][info][gc,stats    ] Concurrent Cleanup                   61 us
[38.375s][info][gc,stats    ] Concurrent Class Unloading         3166 us
[38.375s][info][gc,stats    ]   Unlink Stale                     2906 us
[38.375s][info][gc,stats    ]     System Dictionary                 7 us
[38.375s][info][gc,stats    ]     Weak Class Links                  0 us
[38.375s][info][gc,stats    ]     Code Roots                     2897 us
[38.375s][info][gc,stats    ]   Rendezvous                         54 us
[38.375s][info][gc,stats    ]   Purge Unlinked                    138 us
[38.375s][info][gc,stats    ]     Code Roots                      133 us
[38.375s][info][gc,stats    ]     CLDG                              3 us
[38.375s][info][gc,stats    ]     Exception Caches                  0 us
[38.375s][info][gc,stats    ] Pause Final Roots (G)               105 us
[38.375s][info][gc,stats    ] Pause Final Roots (N)                46 us
[38.375s][info][gc,stats    ] 
[38.375s][info][gc,stats    ] Allocation pacing accrued:
[38.375s][info][gc,stats    ]       0 of   421 ms (  0.0%): <total>
[38.375s][info][gc,stats    ]       0 of   421 ms (  0.0%): <average total>
[38.375s][info][gc,stats    ] 
[38.375s][info][gc,metaspace] Metaspace: 14189K(14528K)->14189K(14528K) NonClass: 12284K(12480K)->12284K(12480K) Class: 1905K(2048K)->1905K(2048K)
[38.375s][info][gc,ergo     ] Pacer for Idle. Initial: 41943K, Alloc Tax Rate: 1.0x
[38.733s][info][gc          ] Trigger: Explicit GC request (System.gc())
[38.733s][info][gc,ergo     ] Free: 1634M, Max: 1024K regular, 1419M humongous, Frag: 14% external, 0% internal; Reserve: 103M, Max: 1024K
[38.733s][info][gc,start    ] GC(90) Concurrent reset
[38.733s][info][gc,task     ] GC(90) Using 1 of 3 workers for concurrent reset
[38.733s][info][gc,ergo     ] GC(90) Pacer for Reset. Non-Taxable: 2048M
[38.733s][info][gc          ] GC(90) Concurrent reset 0.492ms
[38.734s][info][gc,start    ] GC(90) Pause Init Mark (unload classes)
[38.734s][info][gc,task     ] GC(90) Using 3 of 3 workers for init marking
[38.734s][info][gc,ref      ] GC(90) Clearing All SoftReferences
[38.734s][info][gc,ergo     ] GC(90) Pacer for Mark. Expected Live: 4516K, Free: 1634M, Non-Taxable: 163M, Alloc Tax Rate: 0.0x
[38.734s][info][gc          ] GC(90) Pause Init Mark (unload classes) 0.362ms
[38.734s][info][gc,start    ] GC(90) Concurrent marking roots
[38.734s][info][gc,task     ] GC(90) Using 1 of 3 workers for concurrent marking roots
[38.735s][info][gc          ] GC(90) Concurrent marking roots 0.782ms
[38.735s][info][gc,start    ] GC(90) Concurrent marking (unload classes)
[38.735s][info][gc,task     ] GC(90) Using 1 of 3 workers for concurrent marking
[38.739s][info][gc          ] GC(90) Concurrent marking (unload classes) 4.088ms
[38.739s][info][gc,start    ] GC(90) Pause Final Mark (unload classes)
[38.739s][info][gc,task     ] GC(90) Using 3 of 3 workers for final marking
[38.739s][info][gc,ergo     ] GC(90) Collectable Garbage: 286M (93%), Immediate: 286M (93%), CSet: 0B (0%)
[38.739s][info][gc          ] GC(90) Pause Final Mark (unload classes) 0.433ms
[38.739s][info][gc,start    ] GC(90) Concurrent weak references
[38.739s][info][gc,task     ] GC(90) Using 1 of 3 workers for concurrent weak references
[38.739s][info][gc,ref      ] GC(90) Encountered references: Soft: 140, Weak: 713, Final: 0, Phantom: 64
[38.739s][info][gc,ref      ] GC(90) Discovered  references: Soft: 88, Weak: 169, Final: 0, Phantom: 62
[38.739s][info][gc,ref      ] GC(90) Enqueued    references: Soft: 3, Weak: 0, Final: 0, Phantom: 0
[38.739s][info][gc          ] GC(90) Concurrent weak references 0.081ms
[38.739s][info][gc,start    ] GC(90) Concurrent weak roots
[38.739s][info][gc,task     ] GC(90) Using 1 of 3 workers for concurrent weak root
[38.743s][info][gc          ] GC(90) Concurrent weak roots 3.373ms
[38.743s][info][gc,start    ] GC(90) Concurrent cleanup
[38.743s][info][gc          ] GC(90) Concurrent cleanup 310M->24M(2048M) 0.064ms
[38.743s][info][gc,ergo     ] GC(90) Free: 1921M, Max: 1024K regular, 1445M humongous, Frag: 25% external, 0% internal; Reserve: 103M, Max: 1024K
[38.743s][info][gc,start    ] GC(90) Concurrent class unloading
[38.743s][info][gc,task     ] GC(90) Using 1 of 3 workers for concurrent class unloading
[38.747s][info][gc          ] GC(90) Concurrent class unloading 3.746ms
[38.747s][info][gc,start    ] GC(90) Pause Final Roots
[38.747s][info][gc          ] GC(90) Pause Final Roots 0.068ms
[38.747s][info][gc,ergo     ] Free: 1921M, Max: 1024K regular, 1445M humongous, Frag: 25% external, 0% internal; Reserve: 103M, Max: 1024K
[38.747s][info][gc,stats    ] 
[38.747s][info][gc,stats    ] All times are wall-clock times, except per-root-class counters, that are sum over
[38.747s][info][gc,stats    ] all workers. Dividing the <total> over the root stage time estimates parallelism.
[38.747s][info][gc,stats    ] 
[38.747s][info][gc,stats    ] Concurrent Reset                    514 us
[38.747s][info][gc,stats    ] Pause Init Mark (G)                 531 us
[38.747s][info][gc,stats    ] Pause Init Mark (N)                 396 us
[38.747s][info][gc,stats    ]   Update Region States              137 us
[38.747s][info][gc,stats    ] Concurrent Mark Roots               791 us, parallelism: 0.87x
[38.747s][info][gc,stats    ]   CMR: <total>                      686 us
[38.747s][info][gc,stats    ]   CMR: Thread Roots                 605 us, workers (us): 605, ---, ---, 
[38.747s][info][gc,stats    ]   CMR: VM Strong Roots                9 us, workers (us):   9, ---, ---, 
[38.747s][info][gc,stats    ]   CMR: CLDG Roots                    72 us, workers (us):  72, ---, ---, 
[38.747s][info][gc,stats    ] Concurrent Marking                 4111 us
[38.747s][info][gc,stats    ] Pause Final Mark (G)                506 us
[38.747s][info][gc,stats    ] Pause Final Mark (N)                458 us
[38.747s][info][gc,stats    ]   Finish Mark                       161 us
[38.747s][info][gc,stats    ]   Update Region States               93 us
[38.747s][info][gc,stats    ]   Choose Collection Set              77 us
[38.747s][info][gc,stats    ]   Rebuild Free Set                   22 us
[38.747s][info][gc,stats    ] Concurrent Weak References           88 us, parallelism: 0.09x
[38.747s][info][gc,stats    ]   CWRF: <total>                       8 us
[38.747s][info][gc,stats    ]   CWRF: Weak References               8 us, workers (us):   8, ---, ---, 
[38.747s][info][gc,stats    ] Concurrent Weak Roots              3397 us
[38.747s][info][gc,stats    ]   Roots                            3228 us, parallelism: 0.98x
[38.747s][info][gc,stats    ]     CWR: <total>                   3174 us
[38.747s][info][gc,stats    ]     CWR: Code Cache Roots           600 us, workers (us): 600, ---, ---, 
[38.747s][info][gc,stats    ]     CWR: VM Weak Roots             2567 us, workers (us): 2567, ---, ---, 
[38.747s][info][gc,stats    ]     CWR: CLDG Roots                   8 us, workers (us):   8, ---, ---, 
[38.747s][info][gc,stats    ]   Rendezvous                        130 us
[38.747s][info][gc,stats    ] Concurrent Cleanup                   81 us
[38.747s][info][gc,stats    ] Concurrent Class Unloading         3772 us
[38.747s][info][gc,stats    ]   Unlink Stale                     3296 us
[38.747s][info][gc,stats    ]     System Dictionary                 9 us
[38.747s][info][gc,stats    ]     Weak Class Links                  0 us
[38.747s][info][gc,stats    ]     Code Roots                     3286 us
[38.747s][info][gc,stats    ]   Rendezvous                        142 us
[38.747s][info][gc,stats    ]   Purge Unlinked                    276 us
[38.747s][info][gc,stats    ]     Code Roots                      270 us
[38.747s][info][gc,stats    ]     CLDG                              6 us
[38.747s][info][gc,stats    ]     Exception Caches                  0 us
[38.747s][info][gc,stats    ] Pause Final Roots (G)               164 us
[38.747s][info][gc,stats    ] Pause Final Roots (N)                86 us
[38.747s][info][gc,stats    ] 
[38.747s][info][gc,stats    ] Allocation pacing accrued:
[38.747s][info][gc,stats    ]       0 of   372 ms (  0.0%): <total>
[38.747s][info][gc,stats    ]       0 of   372 ms (  0.0%): <average total>
[38.747s][info][gc,stats    ] 
[38.747s][info][gc,metaspace] Metaspace: 14189K(14528K)->14189K(14528K) NonClass: 12284K(12480K)->12284K(12480K) Class: 1905K(2048K)->1905K(2048K)
[38.748s][info][gc,ergo     ] Pacer for Idle. Initial: 41943K, Alloc Tax Rate: 1.0x
[39.200s][info][gc          ] Trigger: Learning 2 of 5. Free (1431M) is below initial threshold (1433M)
[39.200s][info][gc,ergo     ] Free: 1431M, Max: 1024K regular, 1431M humongous, Frag: 0% external, 0% internal; Reserve: 103M, Max: 1024K
[39.200s][info][gc,start    ] GC(91) Concurrent reset
[39.200s][info][gc,task     ] GC(91) Using 1 of 3 workers for concurrent reset
[39.201s][info][gc,ergo     ] GC(91) Pacer for Reset. Non-Taxable: 2048M
[39.201s][info][gc          ] GC(91) Concurrent reset 0.180ms
[39.201s][info][gc,start    ] GC(91) Pause Init Mark (unload classes)
[39.201s][info][gc,task     ] GC(91) Using 3 of 3 workers for init marking
[39.201s][info][gc,ergo     ] GC(91) Pacer for Mark. Expected Live: 4516K, Free: 1430M, Non-Taxable: 143M, Alloc Tax Rate: 0.0x
[39.201s][info][gc          ] GC(91) Pause Init Mark (unload classes) 0.088ms
[39.201s][info][gc,start    ] GC(91) Concurrent marking roots
[39.201s][info][gc,task     ] GC(91) Using 1 of 3 workers for concurrent marking roots
[39.201s][info][gc          ] GC(91) Concurrent marking roots 0.400ms
[39.201s][info][gc,start    ] GC(91) Concurrent marking (unload classes)
[39.201s][info][gc,task     ] GC(91) Using 1 of 3 workers for concurrent marking
[39.220s][info][gc          ] GC(91) Concurrent marking (unload classes) 18.192ms
[39.220s][info][gc,start    ] GC(91) Pause Final Mark (unload classes)
[39.220s][info][gc,task     ] GC(91) Using 3 of 3 workers for final marking
[39.220s][info][gc,ergo     ] GC(91) Adaptive CSet Selection. Target Free: 290M, Actual Free: 1615M, Max CSet: 87381K, Min Garbage: 0B
[39.220s][info][gc,ergo     ] GC(91) Collectable Garbage: 502M (99%), Immediate: 104M (20%), CSet: 398M (79%)
[39.220s][info][gc,ergo     ] GC(91) Pacer for Evacuation. Used CSet: 407M, Free: 1512M, Non-Taxable: 151M, Alloc Tax Rate: 1.1x
[39.220s][info][gc          ] GC(91) Pause Final Mark (unload classes) 0.218ms
[39.220s][info][gc,start    ] GC(91) Concurrent thread roots
[39.220s][info][gc,task     ] GC(91) Using 1 of 3 workers for Concurrent thread roots
[39.220s][info][gc          ] GC(91) Concurrent thread roots 0.370ms
[39.220s][info][gc,start    ] GC(91) Concurrent weak references
[39.220s][info][gc,task     ] GC(91) Using 1 of 3 workers for concurrent weak references
[39.220s][info][gc,ref      ] GC(91) Encountered references: Soft: 140, Weak: 735, Final: 0, Phantom: 64
[39.220s][info][gc,ref      ] GC(91) Discovered  references: Soft: 0, Weak: 151, Final: 0, Phantom: 37
[39.220s][info][gc,ref      ] GC(91) Enqueued    references: Soft: 0, Weak: 2, Final: 0, Phantom: 0
[39.220s][info][gc          ] GC(91) Concurrent weak references 0.068ms
[39.220s][info][gc,start    ] GC(91) Concurrent weak roots
[39.220s][info][gc,task     ] GC(91) Using 1 of 3 workers for concurrent weak root
[39.224s][info][gc          ] GC(91) Concurrent weak roots 3.503ms
[39.224s][info][gc,start    ] GC(91) Concurrent cleanup
[39.224s][info][gc          ] GC(91) Concurrent cleanup 543M->439M(2048M) 0.036ms
[39.224s][info][gc,ergo     ] GC(91) Free: 1506M, Max: 1024K regular, 1402M humongous, Frag: 7% external, 0% internal; Reserve: 102M, Max: 1024K
[39.224s][info][gc,start    ] GC(91) Concurrent class unloading
[39.224s][info][gc,task     ] GC(91) Using 1 of 3 workers for concurrent class unloading
[39.227s][info][gc          ] GC(91) Concurrent class unloading 3.297ms
[39.227s][info][gc,start    ] GC(91) Concurrent strong roots
[39.227s][info][gc,task     ] GC(91) Using 1 of 3 workers for concurrent strong root
[39.227s][info][gc          ] GC(91) Concurrent strong roots 0.064ms
[39.227s][info][gc,start    ] GC(91) Concurrent evacuation
[39.227s][info][gc,task     ] GC(91) Using 1 of 3 workers for concurrent evacuation
[39.237s][info][gc          ] GC(91) Concurrent evacuation 9.790ms
[39.237s][info][gc,start    ] GC(91) Pause Init Update Refs
[39.237s][info][gc,ergo     ] GC(91) Pacer for Update Refs. Used: 461M, Free: 1492M, Non-Taxable: 149M, Alloc Tax Rate: 1.1x
[39.237s][info][gc          ] GC(91) Pause Init Update Refs 0.057ms
[39.238s][info][gc,start    ] GC(91) Concurrent update references
[39.238s][info][gc,task     ] GC(91) Using 1 of 3 workers for concurrent reference update
[39.254s][info][gc          ] GC(91) Concurrent update references 16.730ms
[39.254s][info][gc,start    ] GC(91) Concurrent update thread roots
[39.255s][info][gc          ] GC(91) Concurrent update thread roots 0.362ms
[39.255s][info][gc,start    ] GC(91) Pause Final Update Refs
[39.255s][info][gc,task     ] GC(91) Using 3 of 3 workers for final reference update
[39.255s][info][gc          ] GC(91) Pause Final Update Refs 0.112ms
[39.255s][info][gc,start    ] GC(91) Concurrent cleanup
[39.255s][info][gc          ] GC(91) Concurrent cleanup 479M->72M(2048M) 0.053ms
[39.255s][info][gc,ergo     ] Free: 1872M, Max: 1024K regular, 1399M humongous, Frag: 26% external, 0% internal; Reserve: 103M, Max: 1024K
[39.255s][info][gc,stats    ] 
[39.255s][info][gc,stats    ] All times are wall-clock times, except per-root-class counters, that are sum over
[39.255s][info][gc,stats    ] all workers. Dividing the <total> over the root stage time estimates parallelism.
[39.255s][info][gc,stats    ] 
[39.255s][info][gc,stats    ] Concurrent Reset                    192 us
[39.255s][info][gc,stats    ] Pause Init Mark (G)                 258 us
[39.255s][info][gc,stats    ] Pause Init Mark (N)                  97 us
[39.255s][info][gc,stats    ]   Update Region States               25 us
[39.255s][info][gc,stats    ] Concurrent Mark Roots               419 us, parallelism: 0.84x
[39.255s][info][gc,stats    ]   CMR: <total>                      353 us
[39.255s][info][gc,stats    ]   CMR: Thread Roots                 309 us, workers (us): 309, ---, ---, 
[39.255s][info][gc,stats    ]   CMR: VM Strong Roots                5 us, workers (us):   5, ---, ---, 
[39.255s][info][gc,stats    ]   CMR: CLDG Roots                    40 us, workers (us):  40, ---, ---, 
[39.255s][info][gc,stats    ] Concurrent Marking                18244 us
[39.255s][info][gc,stats    ] Pause Final Mark (G)                373 us
[39.255s][info][gc,stats    ] Pause Final Mark (N)                231 us
[39.255s][info][gc,stats    ]   Finish Mark                        39 us
[39.255s][info][gc,stats    ]   Update Region States               30 us
[39.255s][info][gc,stats    ]   Choose Collection Set              96 us
[39.255s][info][gc,stats    ]   Rebuild Free Set                    8 us
[39.255s][info][gc,stats    ] Concurrent Thread Roots             387 us, parallelism: 0.82x
[39.255s][info][gc,stats    ]   CTR: <total>                      318 us
[39.255s][info][gc,stats    ]   CTR: Thread Roots                 318 us, workers (us): 318, ---, ---, 
[39.255s][info][gc,stats    ] Concurrent Weak References           76 us, parallelism: 0.13x
[39.255s][info][gc,stats    ]   CWRF: <total>                      10 us
[39.255s][info][gc,stats    ]   CWRF: Weak References              10 us, workers (us):  10, ---, ---, 
[39.255s][info][gc,stats    ] Concurrent Weak Roots              3549 us
[39.255s][info][gc,stats    ]   Roots                            3248 us, parallelism: 0.99x
[39.255s][info][gc,stats    ]     CWR: <total>                   3222 us
[39.255s][info][gc,stats    ]     CWR: Code Cache Roots           673 us, workers (us): 673, ---, ---, 
[39.255s][info][gc,stats    ]     CWR: VM Weak Roots             2542 us, workers (us): 2542, ---, ---, 
[39.255s][info][gc,stats    ]     CWR: CLDG Roots                   7 us, workers (us):   7, ---, ---, 
[39.255s][info][gc,stats    ]   Rendezvous                        237 us
[39.255s][info][gc,stats    ] Concurrent Cleanup                   45 us
[39.255s][info][gc,stats    ] Concurrent Class Unloading         3349 us
[39.255s][info][gc,stats    ]   Unlink Stale                     2977 us
[39.255s][info][gc,stats    ]     System Dictionary                 9 us
[39.255s][info][gc,stats    ]     Weak Class Links                  0 us
[39.255s][info][gc,stats    ]     Code Roots                     2966 us
[39.255s][info][gc,stats    ]   Rendezvous                        131 us
[39.255s][info][gc,stats    ]   Purge Unlinked                    169 us
[39.255s][info][gc,stats    ]     Code Roots                      165 us
[39.255s][info][gc,stats    ]     CLDG                              3 us
[39.255s][info][gc,stats    ]     Exception Caches                  0 us
[39.255s][info][gc,stats    ] Concurrent Strong Roots              83 us, parallelism: 0.33x
[39.255s][info][gc,stats    ]   CSR: <total>                       28 us
[39.255s][info][gc,stats    ]   CSR: VM Strong Roots                2 us, workers (us):   2, ---, ---, 
[39.255s][info][gc,stats    ]   CSR: CLDG Roots                    26 us, workers (us):  26, ---, ---, 
[39.255s][info][gc,stats    ] Concurrent Evacuation              9851 us
[39.255s][info][gc,stats    ] Pause Init Update Refs (G)          181 us
[39.255s][info][gc,stats    ] Pause Init Update Refs (N)           66 us
[39.255s][info][gc,stats    ]   Manage GCLABs                       3 us
[39.255s][info][gc,stats    ] Concurrent Update Refs            16789 us
[39.255s][info][gc,stats    ] Concurrent Update Thread Roots      376 us
[39.255s][info][gc,stats    ] Pause Final Update Refs (G)         264 us
[39.255s][info][gc,stats    ] Pause Final Update Refs (N)         123 us
[39.255s][info][gc,stats    ]   Update Region States               42 us
[39.255s][info][gc,stats    ]   Trash Collection Set                5 us
[39.255s][info][gc,stats    ]   Rebuild Free Set                   13 us
[39.255s][info][gc,stats    ] Concurrent Cleanup                   62 us
[39.255s][info][gc,stats    ] 
[39.255s][info][gc,stats    ] Allocation pacing accrued:
[39.255s][info][gc,stats    ]       0 of   508 ms (  0.0%): <total>
[39.255s][info][gc,stats    ]       0 of   508 ms (  0.0%): <average total>
[39.255s][info][gc,stats    ] 
[39.255s][info][gc,metaspace] Metaspace: 14189K(14528K)->14189K(14528K) NonClass: 12284K(12480K)->12284K(12480K) Class: 1905K(2048K)->1905K(2048K)
[39.255s][info][gc,ergo     ] Pacer for Idle. Initial: 41943K, Alloc Tax Rate: 1.0x
[39.625s][info][gc          ] Trigger: Learning 3 of 5. Free (1433M) is below initial threshold (1433M)
[39.625s][info][gc,ergo     ] Free: 1433M, Max: 1024K regular, 1399M humongous, Frag: 3% external, 0% internal; Reserve: 103M, Max: 1024K
[39.625s][info][gc,start    ] GC(92) Concurrent reset
[39.625s][info][gc,task     ] GC(92) Using 1 of 3 workers for concurrent reset
[39.625s][info][gc,ergo     ] GC(92) Pacer for Reset. Non-Taxable: 2048M
[39.627s][info][gc          ] GC(92) Concurrent reset 1.760ms
[39.627s][info][gc,start    ] GC(92) Pause Init Mark (unload classes)
[39.627s][info][gc,task     ] GC(92) Using 3 of 3 workers for init marking
[39.627s][info][gc,ergo     ] GC(92) Pacer for Mark. Expected Live: 6112K, Free: 1431M, Non-Taxable: 143M, Alloc Tax Rate: 0.0x
[39.627s][info][gc          ] GC(92) Pause Init Mark (unload classes) 0.095ms
[39.627s][info][gc,start    ] GC(92) Concurrent marking roots
[39.627s][info][gc,task     ] GC(92) Using 1 of 3 workers for concurrent marking roots
[39.627s][info][gc          ] GC(92) Concurrent marking roots 0.467ms
[39.627s][info][gc,start    ] GC(92) Concurrent marking (unload classes)
[39.627s][info][gc,task     ] GC(92) Using 1 of 3 workers for concurrent marking
[39.631s][info][gc          ] GC(92) Concurrent marking (unload classes) 3.983ms
[39.631s][info][gc,start    ] GC(92) Pause Final Mark (unload classes)
[39.631s][info][gc,task     ] GC(92) Using 3 of 3 workers for final marking
[39.632s][info][gc,ergo     ] GC(92) Collectable Garbage: 494M (96%), Immediate: 494M (96%), CSet: 0B (0%)
[39.632s][info][gc          ] GC(92) Pause Final Mark (unload classes) 0.144ms
[39.632s][info][gc,start    ] GC(92) Concurrent weak references
[39.632s][info][gc,task     ] GC(92) Using 1 of 3 workers for concurrent weak references
[39.632s][info][gc,ref      ] GC(92) Encountered references: Soft: 140, Weak: 733, Final: 0, Phantom: 64
[39.632s][info][gc,ref      ] GC(92) Discovered  references: Soft: 0, Weak: 149, Final: 0, Phantom: 37
[39.632s][info][gc,ref      ] GC(92) Enqueued    references: Soft: 0, Weak: 0, Final: 0, Phantom: 0
[39.632s][info][gc          ] GC(92) Concurrent weak references 0.075ms
[39.632s][info][gc,start    ] GC(92) Concurrent weak roots
[39.632s][info][gc,task     ] GC(92) Using 1 of 3 workers for concurrent weak root
[39.635s][info][gc          ] GC(92) Concurrent weak roots 3.244ms
[39.635s][info][gc,start    ] GC(92) Concurrent cleanup
[39.635s][info][gc          ] GC(92) Concurrent cleanup 526M->32M(2048M) 0.054ms
[39.635s][info][gc,ergo     ] GC(92) Free: 1912M, Max: 1024K regular, 1401M humongous, Frag: 27% external, 0% internal; Reserve: 103M, Max: 1024K
[39.635s][info][gc,start    ] GC(92) Concurrent class unloading
[39.635s][info][gc,task     ] GC(92) Using 1 of 3 workers for concurrent class unloading
[39.638s][info][gc          ] GC(92) Concurrent class unloading 3.111ms
[39.638s][info][gc,start    ] GC(92) Pause Final Roots
[39.638s][info][gc          ] GC(92) Pause Final Roots 0.038ms
[39.638s][info][gc,ergo     ] Free: 1908M, Max: 1024K regular, 1401M humongous, Frag: 27% external, 0% internal; Reserve: 103M, Max: 1024K
[39.638s][info][gc,stats    ] 
[39.638s][info][gc,stats    ] All times are wall-clock times, except per-root-class counters, that are sum over
[39.638s][info][gc,stats    ] all workers. Dividing the <total> over the root stage time estimates parallelism.
[39.638s][info][gc,stats    ] 
[39.638s][info][gc,stats    ] Concurrent Reset                   1831 us
[39.638s][info][gc,stats    ] Pause Init Mark (G)                 237 us
[39.638s][info][gc,stats    ] Pause Init Mark (N)                 104 us
[39.638s][info][gc,stats    ]   Update Region States               28 us
[39.638s][info][gc,stats    ] Concurrent Mark Roots               480 us, parallelism: 0.84x
[39.638s][info][gc,stats    ]   CMR: <total>                      405 us
[39.638s][info][gc,stats    ]   CMR: Thread Roots                 346 us, workers (us): 346, ---, ---, 
[39.638s][info][gc,stats    ]   CMR: VM Strong Roots                7 us, workers (us):   7, ---, ---, 
[39.638s][info][gc,stats    ]   CMR: CLDG Roots                    51 us, workers (us):  51, ---, ---, 
[39.638s][info][gc,stats    ] Concurrent Marking                 4036 us
[39.638s][info][gc,stats    ] Pause Final Mark (G)                211 us
[39.639s][info][gc,stats    ] Pause Final Mark (N)                153 us
[39.639s][info][gc,stats    ]   Finish Mark                        36 us
[39.639s][info][gc,stats    ]   Update Region States               28 us
[39.639s][info][gc,stats    ]   Choose Collection Set              28 us
[39.639s][info][gc,stats    ]   Rebuild Free Set                    8 us
[39.639s][info][gc,stats    ] Concurrent Weak References           82 us, parallelism: 0.08x
[39.639s][info][gc,stats    ]   CWRF: <total>                       6 us
[39.639s][info][gc,stats    ]   CWRF: Weak References               6 us, workers (us):   6, ---, ---, 
[39.639s][info][gc,stats    ] Concurrent Weak Roots              3279 us
[39.639s][info][gc,stats    ]   Roots                            3164 us, parallelism: 0.99x
[39.639s][info][gc,stats    ]     CWR: <total>                   3136 us
[39.639s][info][gc,stats    ]     CWR: Code Cache Roots           636 us, workers (us): 636, ---, ---, 
[39.639s][info][gc,stats    ]     CWR: VM Weak Roots             2492 us, workers (us): 2492, ---, ---, 
[39.639s][info][gc,stats    ]     CWR: CLDG Roots                   7 us, workers (us):   7, ---, ---, 
[39.639s][info][gc,stats    ]   Rendezvous                         52 us
[39.639s][info][gc,stats    ] Concurrent Cleanup                   62 us
[39.639s][info][gc,stats    ] Concurrent Class Unloading         3166 us
[39.639s][info][gc,stats    ]   Unlink Stale                     2907 us
[39.639s][info][gc,stats    ]     System Dictionary                 8 us
[39.639s][info][gc,stats    ]     Weak Class Links                  0 us
[39.639s][info][gc,stats    ]     Code Roots                     2897 us
[39.639s][info][gc,stats    ]   Rendezvous                         44 us
[39.639s][info][gc,stats    ]   Purge Unlinked                    142 us
[39.639s][info][gc,stats    ]     Code Roots                      138 us
[39.639s][info][gc,stats    ]     CLDG                              3 us
[39.639s][info][gc,stats    ]     Exception Caches                  0 us
[39.639s][info][gc,stats    ] Pause Final Roots (G)               109 us
[39.639s][info][gc,stats    ] Pause Final Roots (N)                47 us
[39.639s][info][gc,stats    ] 
[39.639s][info][gc,stats    ] Allocation pacing accrued:
[39.639s][info][gc,stats    ]       0 of   383 ms (  0.0%): <total>
[39.639s][info][gc,stats    ]       0 of   383 ms (  0.0%): <average total>
[39.639s][info][gc,stats    ] 
[39.639s][info][gc,metaspace] Metaspace: 14189K(14528K)->14189K(14528K) NonClass: 12284K(12480K)->12284K(12480K) Class: 1905K(2048K)->1905K(2048K)
[39.639s][info][gc,ergo     ] Pacer for Idle. Initial: 41943K, Alloc Tax Rate: 1.0x
[40.038s][info][gc          ] Trigger: Learning 4 of 5. Free (1431M) is below initial threshold (1433M)
[40.038s][info][gc,ergo     ] Free: 1431M, Max: 1024K regular, 1401M humongous, Frag: 3% external, 0% internal; Reserve: 103M, Max: 1024K
[40.038s][info][gc,start    ] GC(93) Concurrent reset
[40.038s][info][gc,task     ] GC(93) Using 1 of 3 workers for concurrent reset
[40.038s][info][gc,ergo     ] GC(93) Pacer for Reset. Non-Taxable: 2048M
[40.038s][info][gc          ] GC(93) Concurrent reset 0.207ms
[40.038s][info][gc,start    ] GC(93) Pause Init Mark (unload classes)
[40.038s][info][gc,task     ] GC(93) Using 3 of 3 workers for init marking
[40.039s][info][gc,ergo     ] GC(93) Pacer for Mark. Expected Live: 6112K, Free: 1431M, Non-Taxable: 143M, Alloc Tax Rate: 0.0x
[40.039s][info][gc          ] GC(93) Pause Init Mark (unload classes) 0.096ms
[40.039s][info][gc,start    ] GC(93) Concurrent marking roots
[40.039s][info][gc,task     ] GC(93) Using 1 of 3 workers for concurrent marking roots
[40.039s][info][gc          ] GC(93) Concurrent marking roots 0.411ms
[40.039s][info][gc,start    ] GC(93) Concurrent marking (unload classes)
[40.039s][info][gc,task     ] GC(93) Using 1 of 3 workers for concurrent marking
[40.043s][info][gc          ] GC(93) Concurrent marking (unload classes) 4.232ms
[40.043s][info][gc,start    ] GC(93) Pause Final Mark (unload classes)
[40.043s][info][gc,task     ] GC(93) Using 3 of 3 workers for final marking
[40.043s][info][gc,ergo     ] GC(93) Collectable Garbage: 490M (96%), Immediate: 490M (96%), CSet: 0B (0%)
[40.043s][info][gc          ] GC(93) Pause Final Mark (unload classes) 0.162ms
[40.044s][info][gc,start    ] GC(93) Concurrent weak references
[40.044s][info][gc,task     ] GC(93) Using 1 of 3 workers for concurrent weak references
[40.044s][info][gc,ref      ] GC(93) Encountered references: Soft: 140, Weak: 733, Final: 0, Phantom: 64
[40.044s][info][gc,ref      ] GC(93) Discovered  references: Soft: 0, Weak: 149, Final: 0, Phantom: 37
[40.044s][info][gc,ref      ] GC(93) Enqueued    references: Soft: 0, Weak: 0, Final: 0, Phantom: 0
[40.044s][info][gc          ] GC(93) Concurrent weak references 0.059ms
[40.044s][info][gc,start    ] GC(93) Concurrent weak roots
[40.044s][info][gc,task     ] GC(93) Using 1 of 3 workers for concurrent weak root
[40.047s][info][gc          ] GC(93) Concurrent weak roots 3.629ms
[40.047s][info][gc,start    ] GC(93) Concurrent cleanup
[40.047s][info][gc          ] GC(93) Concurrent cleanup 526M->36M(2048M) 0.058ms
[40.047s][info][gc,ergo     ] GC(93) Free: 1908M, Max: 1024K regular, 1401M humongous, Frag: 27% external, 0% internal; Reserve: 103M, Max: 1024K
[40.047s][info][gc,start    ] GC(93) Concurrent class unloading
[40.047s][info][gc,task     ] GC(93) Using 1 of 3 workers for concurrent class unloading
[40.050s][info][gc          ] GC(93) Concurrent class unloading 3.074ms
[40.050s][info][gc,start    ] GC(93) Pause Final Roots
[40.051s][info][gc          ] GC(93) Pause Final Roots 0.020ms
[40.051s][info][gc,ergo     ] Free: 1904M, Max: 1024K regular, 1401M humongous, Frag: 27% external, 0% internal; Reserve: 103M, Max: 1024K
[40.051s][info][gc,stats    ] 
[40.051s][info][gc,stats    ] All times are wall-clock times, except per-root-class counters, that are sum over
[40.051s][info][gc,stats    ] all workers. Dividing the <total> over the root stage time estimates parallelism.
[40.051s][info][gc,stats    ] 
[40.051s][info][gc,stats    ] Concurrent Reset                    220 us
[40.051s][info][gc,stats    ] Pause Init Mark (G)                 228 us
[40.051s][info][gc,stats    ] Pause Init Mark (N)                 110 us
[40.051s][info][gc,stats    ]   Update Region States               29 us
[40.051s][info][gc,stats    ] Concurrent Mark Roots               424 us, parallelism: 0.84x
[40.051s][info][gc,stats    ]   CMR: <total>                      357 us
[40.051s][info][gc,stats    ]   CMR: Thread Roots                 311 us, workers (us): 311, ---, ---, 
[40.051s][info][gc,stats    ]   CMR: VM Strong Roots                5 us, workers (us):   5, ---, ---, 
[40.051s][info][gc,stats    ]   CMR: CLDG Roots                    41 us, workers (us):  41, ---, ---, 
[40.051s][info][gc,stats    ] Concurrent Marking                 4276 us
[40.051s][info][gc,stats    ] Pause Final Mark (G)                228 us
[40.051s][info][gc,stats    ] Pause Final Mark (N)                172 us
[40.051s][info][gc,stats    ]   Finish Mark                        35 us
[40.051s][info][gc,stats    ]   Update Region States               29 us
[40.051s][info][gc,stats    ]   Choose Collection Set              36 us
[40.051s][info][gc,stats    ]   Rebuild Free Set                    8 us
[40.051s][info][gc,stats    ] Concurrent Weak References           66 us, parallelism: 0.10x
[40.051s][info][gc,stats    ]   CWRF: <total>                       7 us
[40.051s][info][gc,stats    ]   CWRF: Weak References               7 us, workers (us):   7, ---, ---, 
[40.051s][info][gc,stats    ] Concurrent Weak Roots              3669 us
[40.051s][info][gc,stats    ]   Roots                            3566 us, parallelism: 0.99x
[40.051s][info][gc,stats    ]     CWR: <total>                   3541 us
[40.051s][info][gc,stats    ]     CWR: Code Cache Roots           665 us, workers (us): 665, ---, ---, 
[40.051s][info][gc,stats    ]     CWR: VM Weak Roots             2868 us, workers (us): 2868, ---, ---, 
[40.051s][info][gc,stats    ]     CWR: CLDG Roots                   7 us, workers (us):   7, ---, ---, 
[40.051s][info][gc,stats    ]   Rendezvous                         47 us
[40.051s][info][gc,stats    ] Concurrent Cleanup                   67 us
[40.051s][info][gc,stats    ] Concurrent Class Unloading         3128 us
[40.051s][info][gc,stats    ]   Unlink Stale                     2887 us
[40.051s][info][gc,stats    ]     System Dictionary                 8 us
[40.051s][info][gc,stats    ]     Weak Class Links                  0 us
[40.051s][info][gc,stats    ]     Code Roots                     2877 us
[40.051s][info][gc,stats    ]   Rendezvous                         43 us
[40.051s][info][gc,stats    ]   Purge Unlinked                    126 us
[40.051s][info][gc,stats    ]     Code Roots                      122 us
[40.051s][info][gc,stats    ]     CLDG                              3 us
[40.051s][info][gc,stats    ]     Exception Caches                  0 us
[40.051s][info][gc,stats    ] Pause Final Roots (G)                76 us
[40.051s][info][gc,stats    ] Pause Final Roots (N)                28 us
[40.051s][info][gc,stats    ] 
[40.051s][info][gc,stats    ] Allocation pacing accrued:
[40.051s][info][gc,stats    ]       0 of   412 ms (  0.0%): <total>
[40.051s][info][gc,stats    ]       0 of   412 ms (  0.0%): <average total>
[40.051s][info][gc,stats    ] 
[40.051s][info][gc,metaspace] Metaspace: 14189K(14528K)->14189K(14528K) NonClass: 12284K(12480K)->12284K(12480K) Class: 1905K(2048K)->1905K(2048K)
[40.051s][info][gc,ergo     ] Pacer for Idle. Initial: 41943K, Alloc Tax Rate: 1.0x
[40.446s][info][gc          ] Trigger: Learning 5 of 5. Free (1432M) is below initial threshold (1433M)
[40.446s][info][gc,ergo     ] Free: 1432M, Max: 1024K regular, 1401M humongous, Frag: 3% external, 0% internal; Reserve: 103M, Max: 1024K
[40.446s][info][gc,start    ] GC(94) Concurrent reset
[40.446s][info][gc,task     ] GC(94) Using 1 of 3 workers for concurrent reset
[40.446s][info][gc,ergo     ] GC(94) Pacer for Reset. Non-Taxable: 2048M
[40.446s][info][gc          ] GC(94) Concurrent reset 0.197ms
[40.446s][info][gc,start    ] GC(94) Pause Init Mark (unload classes)
[40.446s][info][gc,task     ] GC(94) Using 3 of 3 workers for init marking
[40.446s][info][gc,ergo     ] GC(94) Pacer for Mark. Expected Live: 6112K, Free: 1432M, Non-Taxable: 143M, Alloc Tax Rate: 0.0x
[40.446s][info][gc          ] GC(94) Pause Init Mark (unload classes) 0.070ms
[40.446s][info][gc,start    ] GC(94) Concurrent marking roots
[40.446s][info][gc,task     ] GC(94) Using 1 of 3 workers for concurrent marking roots
[40.447s][info][gc          ] GC(94) Concurrent marking roots 0.409ms
[40.447s][info][gc,start    ] GC(94) Concurrent marking (unload classes)
[40.447s][info][gc,task     ] GC(94) Using 1 of 3 workers for concurrent marking
[40.451s][info][gc          ] GC(94) Concurrent marking (unload classes) 3.925ms
[40.451s][info][gc,start    ] GC(94) Pause Final Mark (unload classes)
[40.451s][info][gc,task     ] GC(94) Using 3 of 3 workers for final marking
[40.451s][info][gc,ergo     ] GC(94) Collectable Garbage: 485M (95%), Immediate: 485M (95%), CSet: 0B (0%)
[40.451s][info][gc          ] GC(94) Pause Final Mark (unload classes) 0.143ms
[40.451s][info][gc,start    ] GC(94) Concurrent weak references
[40.451s][info][gc,task     ] GC(94) Using 1 of 3 workers for concurrent weak references
[40.451s][info][gc,ref      ] GC(94) Encountered references: Soft: 140, Weak: 733, Final: 0, Phantom: 64
[40.451s][info][gc,ref      ] GC(94) Discovered  references: Soft: 0, Weak: 149, Final: 0, Phantom: 37
[40.451s][info][gc,ref      ] GC(94) Enqueued    references: Soft: 0, Weak: 0, Final: 0, Phantom: 0
[40.451s][info][gc          ] GC(94) Concurrent weak references 0.074ms
[40.451s][info][gc,start    ] GC(94) Concurrent weak roots
[40.451s][info][gc,task     ] GC(94) Using 1 of 3 workers for concurrent weak root
[40.455s][info][gc          ] GC(94) Concurrent weak roots 3.931ms
[40.455s][info][gc,start    ] GC(94) Concurrent cleanup
[40.455s][info][gc          ] GC(94) Concurrent cleanup 525M->39M(2048M) 0.058ms
[40.455s][info][gc,ergo     ] GC(94) Free: 1905M, Max: 1024K regular, 1401M humongous, Frag: 27% external, 0% internal; Reserve: 103M, Max: 1024K
[40.455s][info][gc,start    ] GC(94) Concurrent class unloading
[40.455s][info][gc,task     ] GC(94) Using 1 of 3 workers for concurrent class unloading
[40.458s][info][gc          ] GC(94) Concurrent class unloading 3.003ms
[40.458s][info][gc,start    ] GC(94) Pause Final Roots
[40.458s][info][gc          ] GC(94) Pause Final Roots 0.021ms
[40.458s][info][gc,ergo     ] Free: 1902M, Max: 1024K regular, 1401M humongous, Frag: 27% external, 0% internal; Reserve: 103M, Max: 1024K
[40.458s][info][gc,stats    ] 
[40.458s][info][gc,stats    ] All times are wall-clock times, except per-root-class counters, that are sum over
[40.458s][info][gc,stats    ] all workers. Dividing the <total> over the root stage time estimates parallelism.
[40.458s][info][gc,stats    ] 
[40.458s][info][gc,stats    ] Concurrent Reset                    238 us
[40.458s][info][gc,stats    ] Pause Init Mark (G)                 218 us
[40.458s][info][gc,stats    ] Pause Init Mark (N)                  78 us
[40.458s][info][gc,stats    ]   Update Region States               25 us
[40.458s][info][gc,stats    ] Concurrent Mark Roots               423 us, parallelism: 0.84x
[40.458s][info][gc,stats    ]   CMR: <total>                      354 us
[40.458s][info][gc,stats    ]   CMR: Thread Roots                 312 us, workers (us): 312, ---, ---, 
[40.458s][info][gc,stats    ]   CMR: VM Strong Roots                4 us, workers (us):   4, ---, ---, 
[40.458s][info][gc,stats    ]   CMR: CLDG Roots                    37 us, workers (us):  37, ---, ---, 
[40.458s][info][gc,stats    ] Concurrent Marking                 3975 us
[40.458s][info][gc,stats    ] Pause Final Mark (G)                198 us
[40.458s][info][gc,stats    ] Pause Final Mark (N)                151 us
[40.458s][info][gc,stats    ]   Finish Mark                        34 us
[40.458s][info][gc,stats    ]   Update Region States               27 us
[40.458s][info][gc,stats    ]   Choose Collection Set              28 us
[40.458s][info][gc,stats    ]   Rebuild Free Set                    8 us
[40.458s][info][gc,stats    ] Concurrent Weak References           82 us, parallelism: 0.08x
[40.458s][info][gc,stats    ]   CWRF: <total>                       6 us
[40.458s][info][gc,stats    ]   CWRF: Weak References               6 us, workers (us):   6, ---, ---, 
[40.458s][info][gc,stats    ] Concurrent Weak Roots              3971 us
[40.458s][info][gc,stats    ]   Roots                            3859 us, parallelism: 0.99x
[40.458s][info][gc,stats    ]     CWR: <total>                   3830 us
[40.458s][info][gc,stats    ]     CWR: Code Cache Roots           650 us, workers (us): 650, ---, ---, 
[40.458s][info][gc,stats    ]     CWR: VM Weak Roots             3173 us, workers (us): 3173, ---, ---, 
[40.458s][info][gc,stats    ]     CWR: CLDG Roots                   7 us, workers (us):   7, ---, ---, 
[40.458s][info][gc,stats    ]   Rendezvous                         56 us
[40.459s][info][gc,stats    ] Concurrent Cleanup                   67 us
[40.459s][info][gc,stats    ] Concurrent Class Unloading         3052 us
[40.459s][info][gc,stats    ]   Unlink Stale                     2827 us
[40.459s][info][gc,stats    ]     System Dictionary                 8 us
[40.459s][info][gc,stats    ]     Weak Class Links                  0 us
[40.459s][info][gc,stats    ]     Code Roots                     2817 us
[40.459s][info][gc,stats    ]   Rendezvous                         48 us
[40.459s][info][gc,stats    ]   Purge Unlinked                    112 us
[40.459s][info][gc,stats    ]     Code Roots                      108 us
[40.459s][info][gc,stats    ]     CLDG                              3 us
[40.459s][info][gc,stats    ]     Exception Caches                  0 us
[40.459s][info][gc,stats    ] Pause Final Roots (G)                71 us
[40.459s][info][gc,stats    ] Pause Final Roots (N)                29 us
[40.459s][info][gc,stats    ] 
[40.459s][info][gc,stats    ] Allocation pacing accrued:
[40.459s][info][gc,stats    ]       0 of   408 ms (  0.0%): <total>
[40.459s][info][gc,stats    ]       0 of   408 ms (  0.0%): <average total>
[40.459s][info][gc,stats    ] 
[40.459s][info][gc,metaspace] Metaspace: 14189K(14528K)->14189K(14528K) NonClass: 12284K(12480K)->12284K(12480K) Class: 1905K(2048K)->1905K(2048K)
[40.459s][info][gc,ergo     ] Pacer for Idle. Initial: 41943K, Alloc Tax Rate: 1.0x
[40.612s][info][gc          ] Trigger: Explicit GC request (System.gc())
[40.612s][info][gc,ergo     ] Free: 1800M, Max: 1024K regular, 1401M humongous, Frag: 23% external, 0% internal; Reserve: 103M, Max: 1024K
[40.612s][info][gc,start    ] GC(95) Concurrent reset
[40.612s][info][gc,task     ] GC(95) Using 1 of 3 workers for concurrent reset
[40.612s][info][gc,ergo     ] GC(95) Pacer for Reset. Non-Taxable: 2048M
[40.612s][info][gc          ] GC(95) Concurrent reset 0.420ms
[40.612s][info][gc,start    ] GC(95) Pause Init Mark (unload classes)
[40.612s][info][gc,task     ] GC(95) Using 3 of 3 workers for init marking
[40.613s][info][gc,ref      ] GC(95) Clearing All SoftReferences
[40.613s][info][gc,ergo     ] GC(95) Pacer for Mark. Expected Live: 6112K, Free: 1800M, Non-Taxable: 180M, Alloc Tax Rate: 0.0x
[40.613s][info][gc          ] GC(95) Pause Init Mark (unload classes) 0.294ms
[40.613s][info][gc,start    ] GC(95) Concurrent marking roots
[40.613s][info][gc,task     ] GC(95) Using 1 of 3 workers for concurrent marking roots
[40.614s][info][gc          ] GC(95) Concurrent marking roots 0.840ms
[40.614s][info][gc,start    ] GC(95) Concurrent marking (unload classes)
[40.614s][info][gc,task     ] GC(95) Using 1 of 3 workers for concurrent marking
[40.618s][info][gc          ] GC(95) Concurrent marking (unload classes) 4.065ms
[40.618s][info][gc,start    ] GC(95) Pause Final Mark (unload classes)
[40.618s][info][gc,task     ] GC(95) Using 3 of 3 workers for final marking
[40.618s][info][gc,ergo     ] GC(95) Collectable Garbage: 131M (93%), Immediate: 131M (93%), CSet: 0B (0%)
[40.618s][info][gc          ] GC(95) Pause Final Mark (unload classes) 0.300ms
[40.618s][info][gc,start    ] GC(95) Concurrent weak references
[40.618s][info][gc,task     ] GC(95) Using 1 of 3 workers for concurrent weak references
[40.618s][info][gc,ref      ] GC(95) Encountered references: Soft: 140, Weak: 717, Final: 0, Phantom: 64
[40.618s][info][gc,ref      ] GC(95) Discovered  references: Soft: 88, Weak: 171, Final: 0, Phantom: 62
[40.618s][info][gc,ref      ] GC(95) Enqueued    references: Soft: 3, Weak: 0, Final: 0, Phantom: 0
[40.618s][info][gc          ] GC(95) Concurrent weak references 0.267ms
[40.618s][info][gc,start    ] GC(95) Concurrent weak roots
[40.618s][info][gc,task     ] GC(95) Using 1 of 3 workers for concurrent weak root
[40.621s][info][gc          ] GC(95) Concurrent weak roots 2.746ms
[40.621s][info][gc,start    ] GC(95) Concurrent cleanup
[40.621s][info][gc          ] GC(95) Concurrent cleanup 144M->13M(2048M) 0.056ms
[40.621s][info][gc,ergo     ] GC(95) Free: 1932M, Max: 1024K regular, 1831M humongous, Frag: 6% external, 0% internal; Reserve: 103M, Max: 1024K
[40.621s][info][gc,start    ] GC(95) Concurrent class unloading
[40.621s][info][gc,task     ] GC(95) Using 1 of 3 workers for concurrent class unloading
[40.625s][info][gc          ] GC(95) Concurrent class unloading 3.357ms
[40.625s][info][gc,start    ] GC(95) Pause Final Roots
[40.625s][info][gc          ] GC(95) Pause Final Roots 0.045ms
[40.625s][info][gc,ergo     ] Free: 1932M, Max: 1024K regular, 1831M humongous, Frag: 6% external, 0% internal; Reserve: 103M, Max: 1024K
[40.625s][info][gc,stats    ] 
[40.625s][info][gc,stats    ] All times are wall-clock times, except per-root-class counters, that are sum over
[40.625s][info][gc,stats    ] all workers. Dividing the <total> over the root stage time estimates parallelism.
[40.625s][info][gc,stats    ] 
[40.625s][info][gc,stats    ] Concurrent Reset                    478 us
[40.625s][info][gc,stats    ] Pause Init Mark (G)                 420 us
[40.625s][info][gc,stats    ] Pause Init Mark (N)                 317 us
[40.625s][info][gc,stats    ]   Update Region States               97 us
[40.625s][info][gc,stats    ] Concurrent Mark Roots               849 us, parallelism: 0.83x
[40.625s][info][gc,stats    ]   CMR: <total>                      705 us
[40.625s][info][gc,stats    ]   CMR: Thread Roots                 603 us, workers (us): 603, ---, ---, 
[40.625s][info][gc,stats    ]   CMR: VM Strong Roots               11 us, workers (us):  11, ---, ---, 
[40.625s][info][gc,stats    ]   CMR: CLDG Roots                    91 us, workers (us):  91, ---, ---, 
[40.625s][info][gc,stats    ] Concurrent Marking                 4087 us
[40.625s][info][gc,stats    ] Pause Final Mark (G)                389 us
[40.625s][info][gc,stats    ] Pause Final Mark (N)                321 us
[40.625s][info][gc,stats    ]   Finish Mark                       114 us
[40.625s][info][gc,stats    ]   Update Region States               55 us
[40.625s][info][gc,stats    ]   Choose Collection Set              55 us
[40.625s][info][gc,stats    ]   Rebuild Free Set                   22 us
[40.625s][info][gc,stats    ] Concurrent Weak References          284 us, parallelism: 0.08x
[40.625s][info][gc,stats    ]   CWRF: <total>                      23 us
[40.625s][info][gc,stats    ]   CWRF: Weak References              23 us, workers (us):  23, ---, ---, 
[40.625s][info][gc,stats    ] Concurrent Weak Roots              2813 us
[40.625s][info][gc,stats    ]   Roots                            2655 us, parallelism: 0.96x
[40.625s][info][gc,stats    ]     CWR: <total>                   2544 us
[40.625s][info][gc,stats    ]     CWR: Code Cache Roots           579 us, workers (us): 579, ---, ---, 
[40.625s][info][gc,stats    ]     CWR: VM Weak Roots             1957 us, workers (us): 1957, ---, ---, 
[40.625s][info][gc,stats    ]     CWR: CLDG Roots                   7 us, workers (us):   7, ---, ---, 
[40.625s][info][gc,stats    ]   Rendezvous                         54 us
[40.625s][info][gc,stats    ] Concurrent Cleanup                   74 us
[40.625s][info][gc,stats    ] Concurrent Class Unloading         3426 us
[40.625s][info][gc,stats    ]   Unlink Stale                     3081 us
[40.625s][info][gc,stats    ]     System Dictionary                11 us
[40.625s][info][gc,stats    ]     Weak Class Links                  0 us
[40.625s][info][gc,stats    ]     Code Roots                     3068 us
[40.625s][info][gc,stats    ]   Rendezvous                         61 us
[40.625s][info][gc,stats    ]   Purge Unlinked                    180 us
[40.625s][info][gc,stats    ]     Code Roots                      169 us
[40.625s][info][gc,stats    ]     CLDG                              9 us
[40.625s][info][gc,stats    ]     Exception Caches                  0 us
[40.625s][info][gc,stats    ] Pause Final Roots (G)               109 us
[40.625s][info][gc,stats    ] Pause Final Roots (N)                54 us
[40.625s][info][gc,stats    ] 
[40.625s][info][gc,stats    ] Allocation pacing accrued:
[40.626s][info][gc,stats    ]       0 of   167 ms (  0.0%): <total>
[40.626s][info][gc,stats    ]       0 of   167 ms (  0.0%): <average total>
[40.626s][info][gc,stats    ] 
[40.626s][info][gc,metaspace] Metaspace: 14189K(14528K)->14189K(14528K) NonClass: 12284K(12480K)->12284K(12480K) Class: 1905K(2048K)->1905K(2048K)
[40.626s][info][gc,ergo     ] Pacer for Idle. Initial: 41943K, Alloc Tax Rate: 1.0x
[41.058s][info][gc          ] Trigger: Learning 2 of 5. Free (1433M) is below initial threshold (1433M)
[41.058s][info][gc,ergo     ] Free: 1433M, Max: 1024K regular, 1433M humongous, Frag: 0% external, 0% internal; Reserve: 103M, Max: 1024K
[41.058s][info][gc,start    ] GC(96) Concurrent reset
[41.058s][info][gc,task     ] GC(96) Using 1 of 3 workers for concurrent reset
[41.058s][info][gc,ergo     ] GC(96) Pacer for Reset. Non-Taxable: 2048M
[41.058s][info][gc          ] GC(96) Concurrent reset 0.117ms
[41.058s][info][gc,start    ] GC(96) Pause Init Mark (unload classes)
[41.058s][info][gc,task     ] GC(96) Using 3 of 3 workers for init marking
[41.058s][info][gc,ergo     ] GC(96) Pacer for Mark. Expected Live: 6112K, Free: 1432M, Non-Taxable: 143M, Alloc Tax Rate: 0.0x
[41.058s][info][gc          ] GC(96) Pause Init Mark (unload classes) 0.085ms
[41.058s][info][gc,start    ] GC(96) Concurrent marking roots
[41.058s][info][gc,task     ] GC(96) Using 1 of 3 workers for concurrent marking roots
[41.059s][info][gc          ] GC(96) Concurrent marking roots 0.391ms
[41.059s][info][gc,start    ] GC(96) Concurrent marking (unload classes)
[41.059s][info][gc,task     ] GC(96) Using 1 of 3 workers for concurrent marking
[41.063s][info][gc          ] GC(96) Concurrent marking (unload classes) 3.866ms
[41.063s][info][gc,start    ] GC(96) Pause Final Mark (unload classes)
[41.063s][info][gc,task     ] GC(96) Using 3 of 3 workers for final marking
[41.063s][info][gc,ergo     ] GC(96) Collectable Garbage: 485M (95%), Immediate: 485M (95%), CSet: 0B (0%)
[41.063s][info][gc          ] GC(96) Pause Final Mark (unload classes) 0.143ms
[41.063s][info][gc,start    ] GC(96) Concurrent weak references
[41.063s][info][gc,task     ] GC(96) Using 1 of 3 workers for concurrent weak references
[41.063s][info][gc,ref      ] GC(96) Encountered references: Soft: 140, Weak: 729, Final: 0, Phantom: 64
[41.063s][info][gc,ref      ] GC(96) Discovered  references: Soft: 0, Weak: 147, Final: 0, Phantom: 37
[41.063s][info][gc,ref      ] GC(96) Enqueued    references: Soft: 0, Weak: 0, Final: 0, Phantom: 0
[41.063s][info][gc          ] GC(96) Concurrent weak references 0.077ms
[41.063s][info][gc,start    ] GC(96) Concurrent weak roots
[41.063s][info][gc,task     ] GC(96) Using 1 of 3 workers for concurrent weak root
[41.068s][info][gc          ] GC(96) Concurrent weak roots 4.597ms
[41.068s][info][gc,start    ] GC(96) Concurrent cleanup
[41.068s][info][gc          ] GC(96) Concurrent cleanup 525M->40M(2048M) 0.053ms
[41.068s][info][gc,ergo     ] GC(96) Free: 1905M, Max: 1024K regular, 1420M humongous, Frag: 26% external, 0% internal; Reserve: 103M, Max: 1024K
[41.068s][info][gc,start    ] GC(96) Concurrent class unloading
[41.068s][info][gc,task     ] GC(96) Using 1 of 3 workers for concurrent class unloading
[41.071s][info][gc          ] GC(96) Concurrent class unloading 3.269ms
[41.071s][info][gc,start    ] GC(96) Pause Final Roots
[41.071s][info][gc          ] GC(96) Pause Final Roots 0.038ms
[41.071s][info][gc,ergo     ] Free: 1899M, Max: 1024K regular, 1420M humongous, Frag: 26% external, 0% internal; Reserve: 103M, Max: 1024K
[41.071s][info][gc,stats    ] 
[41.071s][info][gc,stats    ] All times are wall-clock times, except per-root-class counters, that are sum over
[41.071s][info][gc,stats    ] all workers. Dividing the <total> over the root stage time estimates parallelism.
[41.071s][info][gc,stats    ] 
[41.071s][info][gc,stats    ] Concurrent Reset                    136 us
[41.071s][info][gc,stats    ] Pause Init Mark (G)                 180 us
[41.071s][info][gc,stats    ] Pause Init Mark (N)                  93 us
[41.071s][info][gc,stats    ]   Update Region States               24 us
[41.071s][info][gc,stats    ] Concurrent Mark Roots               406 us, parallelism: 0.86x
[41.071s][info][gc,stats    ]   CMR: <total>                      347 us
[41.071s][info][gc,stats    ]   CMR: Thread Roots                 304 us, workers (us): 304, ---, ---, 
[41.071s][info][gc,stats    ]   CMR: VM Strong Roots                4 us, workers (us):   4, ---, ---, 
[41.071s][info][gc,stats    ]   CMR: CLDG Roots                    38 us, workers (us):  38, ---, ---, 
[41.071s][info][gc,stats    ] Concurrent Marking                 3913 us
[41.071s][info][gc,stats    ] Pause Final Mark (G)                202 us
[41.071s][info][gc,stats    ] Pause Final Mark (N)                152 us
[41.071s][info][gc,stats    ]   Finish Mark                        35 us
[41.071s][info][gc,stats    ]   Update Region States               28 us
[41.071s][info][gc,stats    ]   Choose Collection Set              27 us
[41.071s][info][gc,stats    ]   Rebuild Free Set                    8 us
[41.071s][info][gc,stats    ] Concurrent Weak References           85 us, parallelism: 0.08x
[41.071s][info][gc,stats    ]   CWRF: <total>                       7 us
[41.071s][info][gc,stats    ]   CWRF: Weak References               7 us, workers (us):   7, ---, ---, 
[41.071s][info][gc,stats    ] Concurrent Weak Roots              4645 us
[41.071s][info][gc,stats    ]   Roots                            4521 us, parallelism: 0.99x
[41.071s][info][gc,stats    ]     CWR: <total>                   4493 us
[41.071s][info][gc,stats    ]     CWR: Code Cache Roots           670 us, workers (us): 670, ---, ---, 
[41.071s][info][gc,stats    ]     CWR: VM Weak Roots             3817 us, workers (us): 3817, ---, ---, 
[41.071s][info][gc,stats    ]     CWR: CLDG Roots                   7 us, workers (us):   7, ---, ---, 
[41.071s][info][gc,stats    ]   Rendezvous                         57 us
[41.071s][info][gc,stats    ] Concurrent Cleanup                   63 us
[41.071s][info][gc,stats    ] Concurrent Class Unloading         3324 us
[41.072s][info][gc,stats    ]   Unlink Stale                     2948 us
[41.072s][info][gc,stats    ]     System Dictionary                 9 us
[41.072s][info][gc,stats    ]     Weak Class Links                  0 us
[41.072s][info][gc,stats    ]     Code Roots                     2938 us
[41.072s][info][gc,stats    ]   Rendezvous                        129 us
[41.072s][info][gc,stats    ]   Purge Unlinked                    174 us
[41.072s][info][gc,stats    ]     Code Roots                      170 us
[41.072s][info][gc,stats    ]     CLDG                              3 us
[41.072s][info][gc,stats    ]     Exception Caches                  0 us
[41.072s][info][gc,stats    ] Pause Final Roots (G)               115 us
[41.072s][info][gc,stats    ] Pause Final Roots (N)                46 us
[41.072s][info][gc,stats    ] 
[41.072s][info][gc,stats    ] Allocation pacing accrued:
[41.072s][info][gc,stats    ]       0 of   446 ms (  0.0%): <total>
[41.072s][info][gc,stats    ]       0 of   446 ms (  0.0%): <average total>
[41.072s][info][gc,stats    ] 
[41.072s][info][gc,metaspace] Metaspace: 14189K(14528K)->14189K(14528K) NonClass: 12284K(12480K)->12284K(12480K) Class: 1905K(2048K)->1905K(2048K)
[41.072s][info][gc,ergo     ] Pacer for Idle. Initial: 41943K, Alloc Tax Rate: 1.0x
[41.484s][info][gc          ] Trigger: Learning 3 of 5. Free (1433M) is below initial threshold (1433M)
[41.484s][info][gc,ergo     ] Free: 1433M, Max: 1024K regular, 1420M humongous, Frag: 1% external, 0% internal; Reserve: 103M, Max: 1024K
[41.484s][info][gc,start    ] GC(97) Concurrent reset
[41.484s][info][gc,task     ] GC(97) Using 1 of 3 workers for concurrent reset
[41.484s][info][gc,ergo     ] GC(97) Pacer for Reset. Non-Taxable: 2048M
[41.485s][info][gc          ] GC(97) Concurrent reset 0.209ms
[41.485s][info][gc,start    ] GC(97) Pause Init Mark (unload classes)
[41.485s][info][gc,task     ] GC(97) Using 3 of 3 workers for init marking
[41.485s][info][gc,ergo     ] GC(97) Pacer for Mark. Expected Live: 4516K, Free: 1433M, Non-Taxable: 143M, Alloc Tax Rate: 0.0x
[41.485s][info][gc          ] GC(97) Pause Init Mark (unload classes) 0.089ms
[41.485s][info][gc,start    ] GC(97) Concurrent marking roots
[41.485s][info][gc,task     ] GC(97) Using 1 of 3 workers for concurrent marking roots
[41.485s][info][gc          ] GC(97) Concurrent marking roots 0.484ms
[41.485s][info][gc,start    ] GC(97) Concurrent marking (unload classes)
[41.485s][info][gc,task     ] GC(97) Using 1 of 3 workers for concurrent marking
[41.489s][info][gc          ] GC(97) Concurrent marking (unload classes) 3.923ms
[41.489s][info][gc,start    ] GC(97) Pause Final Mark (unload classes)
[41.489s][info][gc,task     ] GC(97) Using 3 of 3 workers for final marking
[41.490s][info][gc,ergo     ] GC(97) Collectable Garbage: 483M (95%), Immediate: 483M (95%), CSet: 0B (0%)
[41.490s][info][gc          ] GC(97) Pause Final Mark (unload classes) 0.144ms
[41.490s][info][gc,start    ] GC(97) Concurrent weak references
[41.490s][info][gc,task     ] GC(97) Using 1 of 3 workers for concurrent weak references
[41.490s][info][gc,ref      ] GC(97) Encountered references: Soft: 140, Weak: 729, Final: 0, Phantom: 64
[41.490s][info][gc,ref      ] GC(97) Discovered  references: Soft: 0, Weak: 147, Final: 0, Phantom: 37
[41.490s][info][gc,ref      ] GC(97) Enqueued    references: Soft: 0, Weak: 0, Final: 0, Phantom: 0
[41.490s][info][gc          ] GC(97) Concurrent weak references 0.068ms
[41.490s][info][gc,start    ] GC(97) Concurrent weak roots
[41.490s][info][gc,task     ] GC(97) Using 1 of 3 workers for concurrent weak root
[41.492s][info][gc          ] GC(97) Concurrent weak roots 1.932ms
[41.492s][info][gc,start    ] GC(97) Concurrent cleanup
[41.492s][info][gc          ] GC(97) Concurrent cleanup 521M->38M(2048M) 0.046ms
[41.492s][info][gc,ergo     ] GC(97) Free: 1906M, Max: 1024K regular, 1442M humongous, Frag: 25% external, 0% internal; Reserve: 103M, Max: 1024K
[41.492s][info][gc,start    ] GC(97) Concurrent class unloading
[41.492s][info][gc,task     ] GC(97) Using 1 of 3 workers for concurrent class unloading
[41.495s][info][gc          ] GC(97) Concurrent class unloading 3.096ms
[41.495s][info][gc,start    ] GC(97) Pause Final Roots
[41.495s][info][gc          ] GC(97) Pause Final Roots 0.039ms
[41.495s][info][gc,ergo     ] Free: 1903M, Max: 1024K regular, 1442M humongous, Frag: 25% external, 0% internal; Reserve: 103M, Max: 1024K
[41.495s][info][gc,stats    ] 
[41.495s][info][gc,stats    ] All times are wall-clock times, except per-root-class counters, that are sum over
[41.495s][info][gc,stats    ] all workers. Dividing the <total> over the root stage time estimates parallelism.
[41.495s][info][gc,stats    ] 
[41.495s][info][gc,stats    ] Concurrent Reset                    225 us
[41.495s][info][gc,stats    ] Pause Init Mark (G)                 216 us
[41.495s][info][gc,stats    ] Pause Init Mark (N)                 102 us
[41.495s][info][gc,stats    ]   Update Region States               24 us
[41.495s][info][gc,stats    ] Concurrent Mark Roots               498 us, parallelism: 0.87x
[41.495s][info][gc,stats    ]   CMR: <total>                      433 us
[41.495s][info][gc,stats    ]   CMR: Thread Roots                 386 us, workers (us): 386, ---, ---, 
[41.495s][info][gc,stats    ]   CMR: VM Strong Roots                5 us, workers (us):   5, ---, ---, 
[41.495s][info][gc,stats    ]   CMR: CLDG Roots                    41 us, workers (us):  41, ---, ---, 
[41.495s][info][gc,stats    ] Concurrent Marking                 3983 us
[41.495s][info][gc,stats    ] Pause Final Mark (G)                206 us
[41.495s][info][gc,stats    ] Pause Final Mark (N)                153 us
[41.495s][info][gc,stats    ]   Finish Mark                        37 us
[41.495s][info][gc,stats    ]   Update Region States               26 us
[41.495s][info][gc,stats    ]   Choose Collection Set              29 us
[41.495s][info][gc,stats    ]   Rebuild Free Set                    7 us
[41.495s][info][gc,stats    ] Concurrent Weak References           75 us, parallelism: 0.08x
[41.495s][info][gc,stats    ]   CWRF: <total>                       6 us
[41.495s][info][gc,stats    ]   CWRF: Weak References               6 us, workers (us):   6, ---, ---, 
[41.495s][info][gc,stats    ] Concurrent Weak Roots              1950 us
[41.495s][info][gc,stats    ]   Roots                            1876 us, parallelism: 0.99x
[41.495s][info][gc,stats    ]     CWR: <total>                   1851 us
[41.495s][info][gc,stats    ]     CWR: Code Cache Roots           645 us, workers (us): 645, ---, ---, 
[41.495s][info][gc,stats    ]     CWR: VM Weak Roots             1199 us, workers (us): 1199, ---, ---, 
[41.495s][info][gc,stats    ]     CWR: CLDG Roots                   7 us, workers (us):   7, ---, ---, 
[41.495s][info][gc,stats    ]   Rendezvous                         42 us
[41.495s][info][gc,stats    ] Concurrent Cleanup                   55 us
[41.495s][info][gc,stats    ] Concurrent Class Unloading         3141 us
[41.495s][info][gc,stats    ]   Unlink Stale                     2889 us
[41.495s][info][gc,stats    ]     System Dictionary                 8 us
[41.495s][info][gc,stats    ]     Weak Class Links                  0 us
[41.495s][info][gc,stats    ]     Code Roots                     2880 us
[41.495s][info][gc,stats    ]   Rendezvous                         57 us
[41.495s][info][gc,stats    ]   Purge Unlinked                    133 us
[41.495s][info][gc,stats    ]     Code Roots                      130 us
[41.495s][info][gc,stats    ]     CLDG                              2 us
[41.495s][info][gc,stats    ]     Exception Caches                  0 us
[41.495s][info][gc,stats    ] Pause Final Roots (G)               109 us
[41.495s][info][gc,stats    ] Pause Final Roots (N)                49 us
[41.495s][info][gc,stats    ] 
[41.495s][info][gc,stats    ] Allocation pacing accrued:
[41.495s][info][gc,stats    ]       0 of   424 ms (  0.0%): <total>
[41.495s][info][gc,stats    ]       0 of   424 ms (  0.0%): <average total>
[41.495s][info][gc,stats    ] 
[41.495s][info][gc,metaspace] Metaspace: 14189K(14528K)->14189K(14528K) NonClass: 12284K(12480K)->12284K(12480K) Class: 1905K(2048K)->1905K(2048K)
[41.495s][info][gc,ergo     ] Pacer for Idle. Initial: 41943K, Alloc Tax Rate: 1.0x
[41.926s][info][gc          ] Trigger: Learning 4 of 5. Free (1432M) is below initial threshold (1433M)
[41.926s][info][gc,ergo     ] Free: 1432M, Max: 1024K regular, 1432M humongous, Frag: 0% external, 0% internal; Reserve: 103M, Max: 1024K
[41.926s][info][gc,start    ] GC(98) Concurrent reset
[41.926s][info][gc,task     ] GC(98) Using 1 of 3 workers for concurrent reset
[41.926s][info][gc,ergo     ] GC(98) Pacer for Reset. Non-Taxable: 2048M
[41.926s][info][gc          ] GC(98) Concurrent reset 0.196ms
[41.926s][info][gc,start    ] GC(98) Pause Init Mark (unload classes)
[41.926s][info][gc,task     ] GC(98) Using 3 of 3 workers for init marking
[41.926s][info][gc,ergo     ] GC(98) Pacer for Mark. Expected Live: 4516K, Free: 1432M, Non-Taxable: 143M, Alloc Tax Rate: 0.0x
[41.926s][info][gc          ] GC(98) Pause Init Mark (unload classes) 0.092ms
[41.926s][info][gc,start    ] GC(98) Concurrent marking roots
[41.926s][info][gc,task     ] GC(98) Using 1 of 3 workers for concurrent marking roots
[41.927s][info][gc          ] GC(98) Concurrent marking roots 0.404ms
[41.927s][info][gc,start    ] GC(98) Concurrent marking (unload classes)
[41.927s][info][gc,task     ] GC(98) Using 1 of 3 workers for concurrent marking
[41.931s][info][gc          ] GC(98) Concurrent marking (unload classes) 4.004ms
[41.931s][info][gc,start    ] GC(98) Pause Final Mark (unload classes)
[41.931s][info][gc,task     ] GC(98) Using 3 of 3 workers for final marking
[41.931s][info][gc,ergo     ] GC(98) Collectable Garbage: 482M (94%), Immediate: 482M (94%), CSet: 0B (0%)
[41.931s][info][gc          ] GC(98) Pause Final Mark (unload classes) 0.164ms
[41.931s][info][gc,start    ] GC(98) Concurrent weak references
[41.931s][info][gc,task     ] GC(98) Using 1 of 3 workers for concurrent weak references
[41.931s][info][gc,ref      ] GC(98) Encountered references: Soft: 140, Weak: 729, Final: 0, Phantom: 64
[41.931s][info][gc,ref      ] GC(98) Discovered  references: Soft: 0, Weak: 147, Final: 0, Phantom: 37
[41.931s][info][gc,ref      ] GC(98) Enqueued    references: Soft: 0, Weak: 0, Final: 0, Phantom: 0
[41.931s][info][gc          ] GC(98) Concurrent weak references 0.091ms
[41.931s][info][gc,start    ] GC(98) Concurrent weak roots
[41.931s][info][gc,task     ] GC(98) Using 1 of 3 workers for concurrent weak root
[41.934s][info][gc          ] GC(98) Concurrent weak roots 2.963ms
[41.934s][info][gc,start    ] GC(98) Concurrent cleanup
[41.934s][info][gc          ] GC(98) Concurrent cleanup 523M->41M(2048M) 0.052ms
[41.934s][info][gc,ergo     ] GC(98) Free: 1903M, Max: 1024K regular, 1421M humongous, Frag: 26% external, 0% internal; Reserve: 103M, Max: 1024K
[41.934s][info][gc,start    ] GC(98) Concurrent class unloading
[41.934s][info][gc,task     ] GC(98) Using 1 of 3 workers for concurrent class unloading
[41.938s][info][gc          ] GC(98) Concurrent class unloading 3.301ms
[41.938s][info][gc,start    ] GC(98) Pause Final Roots
[41.938s][info][gc          ] GC(98) Pause Final Roots 0.039ms
[41.938s][info][gc,ergo     ] Free: 1901M, Max: 1024K regular, 1421M humongous, Frag: 26% external, 0% internal; Reserve: 103M, Max: 1024K
[41.938s][info][gc,stats    ] 
[41.938s][info][gc,stats    ] All times are wall-clock times, except per-root-class counters, that are sum over
[41.938s][info][gc,stats    ] all workers. Dividing the <total> over the root stage time estimates parallelism.
[41.938s][info][gc,stats    ] 
[41.938s][info][gc,stats    ] Concurrent Reset                    214 us
[41.938s][info][gc,stats    ] Pause Init Mark (G)                 247 us
[41.938s][info][gc,stats    ] Pause Init Mark (N)                 101 us
[41.938s][info][gc,stats    ]   Update Region States               25 us
[41.938s][info][gc,stats    ] Concurrent Mark Roots               426 us, parallelism: 0.82x
[41.938s][info][gc,stats    ]   CMR: <total>                      348 us
[41.938s][info][gc,stats    ]   CMR: Thread Roots                 306 us, workers (us): 306, ---, ---, 
[41.938s][info][gc,stats    ]   CMR: VM Strong Roots                4 us, workers (us):   4, ---, ---, 
[41.938s][info][gc,stats    ]   CMR: CLDG Roots                    37 us, workers (us):  37, ---, ---, 
[41.938s][info][gc,stats    ] Concurrent Marking                 4049 us
[41.938s][info][gc,stats    ] Pause Final Mark (G)                286 us
[41.938s][info][gc,stats    ] Pause Final Mark (N)                173 us
[41.938s][info][gc,stats    ]   Finish Mark                        33 us
[41.938s][info][gc,stats    ]   Update Region States               31 us
[41.938s][info][gc,stats    ]   Choose Collection Set              43 us
[41.938s][info][gc,stats    ]   Rebuild Free Set                    8 us
[41.938s][info][gc,stats    ] Concurrent Weak References           98 us, parallelism: 0.09x
[41.938s][info][gc,stats    ]   CWRF: <total>                       8 us
[41.938s][info][gc,stats    ]   CWRF: Weak References               8 us, workers (us):   8, ---, ---, 
[41.938s][info][gc,stats    ] Concurrent Weak Roots              3010 us
[41.938s][info][gc,stats    ]   Roots                            2837 us, parallelism: 0.99x
[41.938s][info][gc,stats    ]     CWR: <total>                   2803 us
[41.938s][info][gc,stats    ]     CWR: Code Cache Roots           649 us, workers (us): 649, ---, ---, 
[41.938s][info][gc,stats    ]     CWR: VM Weak Roots             2147 us, workers (us): 2147, ---, ---, 
[41.938s][info][gc,stats    ]     CWR: CLDG Roots                   6 us, workers (us):   6, ---, ---, 
[41.938s][info][gc,stats    ]   Rendezvous                        109 us
[41.938s][info][gc,stats    ] Concurrent Cleanup                   61 us
[41.938s][info][gc,stats    ] Concurrent Class Unloading         3344 us
[41.938s][info][gc,stats    ]   Unlink Stale                     2969 us
[41.938s][info][gc,stats    ]     System Dictionary                 7 us
[41.938s][info][gc,stats    ]     Weak Class Links                  0 us
[41.938s][info][gc,stats    ]     Code Roots                     2960 us
[41.938s][info][gc,stats    ]   Rendezvous                        151 us
[41.938s][info][gc,stats    ]   Purge Unlinked                    161 us
[41.938s][info][gc,stats    ]     Code Roots                      156 us
[41.938s][info][gc,stats    ]     CLDG                              4 us
[41.938s][info][gc,stats    ]     Exception Caches                  0 us
[41.938s][info][gc,stats    ] Pause Final Roots (G)               139 us
[41.938s][info][gc,stats    ] Pause Final Roots (N)                49 us
[41.938s][info][gc,stats    ] 
[41.938s][info][gc,stats    ] Allocation pacing accrued:
[41.938s][info][gc,stats    ]       0 of   443 ms (  0.0%): <total>
[41.938s][info][gc,stats    ]       0 of   443 ms (  0.0%): <average total>
[41.938s][info][gc,stats    ] 
[41.938s][info][gc,metaspace] Metaspace: 14189K(14528K)->14189K(14528K) NonClass: 12284K(12480K)->12284K(12480K) Class: 1905K(2048K)->1905K(2048K)
[41.938s][info][gc,ergo     ] Pacer for Idle. Initial: 41943K, Alloc Tax Rate: 1.0x
[42.411s][info][gc          ] Trigger: Learning 5 of 5. Free (1433M) is below initial threshold (1433M)
[42.411s][info][gc,ergo     ] Free: 1433M, Max: 1024K regular, 1421M humongous, Frag: 1% external, 0% internal; Reserve: 103M, Max: 1024K
[42.411s][info][gc,start    ] GC(99) Concurrent reset
[42.411s][info][gc,task     ] GC(99) Using 1 of 3 workers for concurrent reset
[42.411s][info][gc,ergo     ] GC(99) Pacer for Reset. Non-Taxable: 2048M
[42.411s][info][gc          ] GC(99) Concurrent reset 0.191ms
[42.411s][info][gc,start    ] GC(99) Pause Init Mark (unload classes)
[42.411s][info][gc,task     ] GC(99) Using 3 of 3 workers for init marking
[42.411s][info][gc,ergo     ] GC(99) Pacer for Mark. Expected Live: 4516K, Free: 1432M, Non-Taxable: 143M, Alloc Tax Rate: 0.0x
[42.411s][info][gc          ] GC(99) Pause Init Mark (unload classes) 0.091ms
[42.411s][info][gc,start    ] GC(99) Concurrent marking roots
[42.411s][info][gc,task     ] GC(99) Using 1 of 3 workers for concurrent marking roots
[42.411s][info][gc          ] GC(99) Concurrent marking roots 0.448ms
[42.411s][info][gc,start    ] GC(99) Concurrent marking (unload classes)
[42.411s][info][gc,task     ] GC(99) Using 1 of 3 workers for concurrent marking
[42.415s][info][gc          ] GC(99) Concurrent marking (unload classes) 3.782ms
[42.415s][info][gc,start    ] GC(99) Pause Final Mark (unload classes)
[42.415s][info][gc,task     ] GC(99) Using 3 of 3 workers for final marking
[42.415s][info][gc,ergo     ] GC(99) Collectable Garbage: 485M (95%), Immediate: 485M (95%), CSet: 0B (0%)
[42.415s][info][gc          ] GC(99) Pause Final Mark (unload classes) 0.135ms
[42.416s][info][gc,start    ] GC(99) Concurrent weak references
[42.416s][info][gc,task     ] GC(99) Using 1 of 3 workers for concurrent weak references
[42.416s][info][gc,ref      ] GC(99) Encountered references: Soft: 140, Weak: 723, Final: 0, Phantom: 64
[42.416s][info][gc,ref      ] GC(99) Discovered  references: Soft: 0, Weak: 147, Final: 0, Phantom: 37
[42.416s][info][gc,ref      ] GC(99) Enqueued    references: Soft: 0, Weak: 0, Final: 0, Phantom: 0
[42.416s][info][gc          ] GC(99) Concurrent weak references 0.066ms
[42.416s][info][gc,start    ] GC(99) Concurrent weak roots
[42.416s][info][gc,task     ] GC(99) Using 1 of 3 workers for concurrent weak root
[42.419s][info][gc          ] GC(99) Concurrent weak roots 2.949ms
[42.419s][info][gc,start    ] GC(99) Concurrent cleanup
[42.419s][info][gc          ] GC(99) Concurrent cleanup 520M->34M(2048M) 0.046ms
[42.419s][info][gc,ergo     ] GC(99) Free: 1910M, Max: 1024K regular, 1441M humongous, Frag: 25% external, 0% internal; Reserve: 103M, Max: 1024K
[42.419s][info][gc,start    ] GC(99) Concurrent class unloading
[42.419s][info][gc,task     ] GC(99) Using 1 of 3 workers for concurrent class unloading
[42.422s][info][gc          ] GC(99) Concurrent class unloading 2.960ms
[42.422s][info][gc,start    ] GC(99) Pause Final Roots
[42.422s][info][gc          ] GC(99) Pause Final Roots 0.040ms
[42.422s][info][gc,ergo     ] Free: 1908M, Max: 1024K regular, 1441M humongous, Frag: 25% external, 0% internal; Reserve: 103M, Max: 1024K
[42.422s][info][gc,stats    ] 
[42.422s][info][gc,stats    ] All times are wall-clock times, except per-root-class counters, that are sum over
[42.422s][info][gc,stats    ] all workers. Dividing the <total> over the root stage time estimates parallelism.
[42.422s][info][gc,stats    ] 
[42.422s][info][gc,stats    ] Concurrent Reset                    201 us
[42.422s][info][gc,stats    ] Pause Init Mark (G)                 156 us
[42.422s][info][gc,stats    ] Pause Init Mark (N)                 100 us
[42.422s][info][gc,stats    ]   Update Region States               28 us
[42.422s][info][gc,stats    ] Concurrent Mark Roots               466 us, parallelism: 0.86x
[42.422s][info][gc,stats    ]   CMR: <total>                      400 us
[42.422s][info][gc,stats    ]   CMR: Thread Roots                 354 us, workers (us): 354, ---, ---, 
[42.422s][info][gc,stats    ]   CMR: VM Strong Roots                5 us, workers (us):   5, ---, ---, 
[42.422s][info][gc,stats    ]   CMR: CLDG Roots                    41 us, workers (us):  41, ---, ---, 
[42.422s][info][gc,stats    ] Concurrent Marking                 3825 us
[42.422s][info][gc,stats    ] Pause Final Mark (G)                211 us
[42.422s][info][gc,stats    ] Pause Final Mark (N)                143 us
[42.422s][info][gc,stats    ]   Finish Mark                        32 us
[42.422s][info][gc,stats    ]   Update Region States               26 us
[42.422s][info][gc,stats    ]   Choose Collection Set              32 us
[42.422s][info][gc,stats    ]   Rebuild Free Set                    8 us
[42.422s][info][gc,stats    ] Concurrent Weak References           74 us, parallelism: 0.11x
[42.422s][info][gc,stats    ]   CWRF: <total>                       8 us
[42.422s][info][gc,stats    ]   CWRF: Weak References               8 us, workers (us):   8, ---, ---, 
[42.422s][info][gc,stats    ] Concurrent Weak Roots              2970 us
[42.422s][info][gc,stats    ]   Roots                            2889 us, parallelism: 0.99x
[42.422s][info][gc,stats    ]     CWR: <total>                   2863 us
[42.422s][info][gc,stats    ]     CWR: Code Cache Roots           605 us, workers (us): 605, ---, ---, 
[42.422s][info][gc,stats    ]     CWR: VM Weak Roots             2252 us, workers (us): 2252, ---, ---, 
[42.422s][info][gc,stats    ]     CWR: CLDG Roots                   7 us, workers (us):   7, ---, ---, 
[42.422s][info][gc,stats    ]   Rendezvous                         45 us
[42.422s][info][gc,stats    ] Concurrent Cleanup                   54 us
[42.422s][info][gc,stats    ] Concurrent Class Unloading         2984 us
[42.422s][info][gc,stats    ]   Unlink Stale                     2791 us
[42.422s][info][gc,stats    ]     System Dictionary                 6 us
[42.422s][info][gc,stats    ]     Weak Class Links                  0 us
[42.422s][info][gc,stats    ]     Code Roots                     2784 us
[42.422s][info][gc,stats    ]   Rendezvous                         44 us
[42.422s][info][gc,stats    ]   Purge Unlinked                    110 us
[42.422s][info][gc,stats    ]     Code Roots                      106 us
[42.422s][info][gc,stats    ]     CLDG                              4 us
[42.422s][info][gc,stats    ]     Exception Caches                  0 us
[42.422s][info][gc,stats    ] Pause Final Roots (G)                99 us
[42.422s][info][gc,stats    ] Pause Final Roots (N)                53 us
[42.422s][info][gc,stats    ] 
[42.422s][info][gc,stats    ] Allocation pacing accrued:
[42.422s][info][gc,stats    ]       0 of   484 ms (  0.0%): <total>
[42.422s][info][gc,stats    ]       0 of   484 ms (  0.0%): <average total>
[42.422s][info][gc,stats    ] 
[42.422s][info][gc,metaspace] Metaspace: 14189K(14528K)->14189K(14528K) NonClass: 12284K(12480K)->12284K(12480K) Class: 1905K(2048K)->1905K(2048K)
[42.422s][info][gc,ergo     ] Pacer for Idle. Initial: 41943K, Alloc Tax Rate: 1.0x
[42.478s][info][gc          ] Trigger: Explicit GC request (System.gc())
[42.478s][info][gc,ergo     ] Free: 1891M, Max: 1024K regular, 1441M humongous, Frag: 24% external, 0% internal; Reserve: 103M, Max: 1024K
[42.478s][info][gc,start    ] GC(100) Concurrent reset
[42.478s][info][gc,task     ] GC(100) Using 1 of 3 workers for concurrent reset
[42.478s][info][gc,ergo     ] GC(100) Pacer for Reset. Non-Taxable: 2048M
[42.479s][info][gc          ] GC(100) Concurrent reset 0.373ms
[42.479s][info][gc,start    ] GC(100) Pause Init Mark (unload classes)
[42.479s][info][gc,task     ] GC(100) Using 3 of 3 workers for init marking
[42.479s][info][gc,ref      ] GC(100) Clearing All SoftReferences
[42.479s][info][gc,ergo     ] GC(100) Pacer for Mark. Expected Live: 4498K, Free: 1891M, Non-Taxable: 189M, Alloc Tax Rate: 0.0x
[42.479s][info][gc          ] GC(100) Pause Init Mark (unload classes) 0.205ms
[42.479s][info][gc,start    ] GC(100) Concurrent marking roots
[42.479s][info][gc,task     ] GC(100) Using 1 of 3 workers for concurrent marking roots
[42.480s][info][gc          ] GC(100) Concurrent marking roots 0.691ms
[42.480s][info][gc,start    ] GC(100) Concurrent marking (unload classes)
[42.480s][info][gc,task     ] GC(100) Using 1 of 3 workers for concurrent marking
[42.484s][info][gc          ] GC(100) Concurrent marking (unload classes) 3.988ms
[42.484s][info][gc,start    ] GC(100) Pause Final Mark (unload classes)
[42.484s][info][gc,task     ] GC(100) Using 3 of 3 workers for final marking
[42.484s][info][gc,ergo     ] GC(100) Adaptive CSet Selection. Target Free: 290M, Actual Free: 2033M, Max CSet: 87381K, Min Garbage: 0B
[42.484s][info][gc,ergo     ] GC(100) Collectable Garbage: 50785K (99%), Immediate: 40947K (80%), CSet: 9838K (19%)
[42.484s][info][gc,ergo     ] GC(100) Pacer for Evacuation. Used CSet: 10240K, Free: 1931M, Non-Taxable: 193M, Alloc Tax Rate: 1.1x
[42.484s][info][gc          ] GC(100) Pause Final Mark (unload classes) 0.319ms
[42.484s][info][gc,start    ] GC(100) Concurrent thread roots
[42.484s][info][gc,task     ] GC(100) Using 1 of 3 workers for Concurrent thread roots
[42.485s][info][gc          ] GC(100) Concurrent thread roots 0.475ms
[42.485s][info][gc,start    ] GC(100) Concurrent weak references
[42.485s][info][gc,task     ] GC(100) Using 1 of 3 workers for concurrent weak references
[42.485s][info][gc,ref      ] GC(100) Encountered references: Soft: 140, Weak: 713, Final: 0, Phantom: 64
[42.485s][info][gc,ref      ] GC(100) Discovered  references: Soft: 88, Weak: 169, Final: 0, Phantom: 62
[42.485s][info][gc,ref      ] GC(100) Enqueued    references: Soft: 3, Weak: 0, Final: 0, Phantom: 0
[42.485s][info][gc          ] GC(100) Concurrent weak references 0.067ms
[42.485s][info][gc,start    ] GC(100) Concurrent weak roots
[42.485s][info][gc,task     ] GC(100) Using 1 of 3 workers for concurrent weak root
[42.487s][info][gc          ] GC(100) Concurrent weak roots 2.046ms
[42.487s][info][gc,start    ] GC(100) Concurrent cleanup
[42.487s][info][gc          ] GC(100) Concurrent cleanup 53M->14M(2048M) 0.044ms
[42.487s][info][gc,ergo     ] GC(100) Free: 1931M, Max: 1024K regular, 1846M humongous, Frag: 5% external, 0% internal; Reserve: 102M, Max: 1024K
[42.487s][info][gc,start    ] GC(100) Concurrent class unloading
[42.487s][info][gc,task     ] GC(100) Using 1 of 3 workers for concurrent class unloading
[42.491s][info][gc          ] GC(100) Concurrent class unloading 3.691ms
[42.491s][info][gc,start    ] GC(100) Concurrent strong roots
[42.491s][info][gc,task     ] GC(100) Using 1 of 3 workers for concurrent strong root
[42.491s][info][gc          ] GC(100) Concurrent strong roots 0.191ms
[42.491s][info][gc,start    ] GC(100) Concurrent evacuation
[42.491s][info][gc,task     ] GC(100) Using 1 of 3 workers for concurrent evacuation
[42.491s][info][gc          ] GC(100) Concurrent evacuation 0.217ms
[42.491s][info][gc,start    ] GC(100) Pause Init Update Refs
[42.491s][info][gc,ergo     ] GC(100) Pacer for Update Refs. Used: 14843K, Free: 1931M, Non-Taxable: 193M, Alloc Tax Rate: 1.1x
[42.491s][info][gc          ] GC(100) Pause Init Update Refs 0.101ms
[42.491s][info][gc,start    ] GC(100) Concurrent update references
[42.491s][info][gc,task     ] GC(100) Using 1 of 3 workers for concurrent reference update
[42.493s][info][gc          ] GC(100) Concurrent update references 1.826ms
[42.493s][info][gc,start    ] GC(100) Concurrent update thread roots
[42.494s][info][gc          ] GC(100) Concurrent update thread roots 0.468ms
[42.494s][info][gc,start    ] GC(100) Pause Final Update Refs
[42.494s][info][gc,task     ] GC(100) Using 3 of 3 workers for final reference update
[42.494s][info][gc          ] GC(100) Pause Final Update Refs 0.116ms
[42.494s][info][gc,start    ] GC(100) Concurrent cleanup
[42.494s][info][gc          ] GC(100) Concurrent cleanup 14M->4M(2048M) 0.057ms
[42.494s][info][gc,ergo     ] Free: 1940M, Max: 1024K regular, 1940M humongous, Frag: 0% external, 0% internal; Reserve: 103M, Max: 1024K
[42.494s][info][gc,stats    ] 
[42.494s][info][gc,stats    ] All times are wall-clock times, except per-root-class counters, that are sum over
[42.494s][info][gc,stats    ] all workers. Dividing the <total> over the root stage time estimates parallelism.
[42.494s][info][gc,stats    ] 
[42.494s][info][gc,stats    ] Concurrent Reset                    393 us
[42.494s][info][gc,stats    ] Pause Init Mark (G)                 351 us
[42.494s][info][gc,stats    ] Pause Init Mark (N)                 226 us
[42.494s][info][gc,stats    ]   Update Region States               57 us
[42.494s][info][gc,stats    ] Concurrent Mark Roots               709 us, parallelism: 0.86x
[42.494s][info][gc,stats    ]   CMR: <total>                      611 us
[42.494s][info][gc,stats    ]   CMR: Thread Roots                 519 us, workers (us): 519, ---, ---, 
[42.494s][info][gc,stats    ]   CMR: VM Strong Roots                7 us, workers (us):   7, ---, ---, 
[42.494s][info][gc,stats    ]   CMR: CLDG Roots                    85 us, workers (us):  85, ---, ---, 
[42.494s][info][gc,stats    ] Concurrent Marking                 4051 us
[42.494s][info][gc,stats    ] Pause Final Mark (G)                461 us
[42.494s][info][gc,stats    ] Pause Final Mark (N)                339 us
[42.494s][info][gc,stats    ]   Finish Mark                        67 us
[42.494s][info][gc,stats    ]   Update Region States               50 us
[42.494s][info][gc,stats    ]   Choose Collection Set              77 us
[42.494s][info][gc,stats    ]   Rebuild Free Set                   22 us
[42.494s][info][gc,stats    ] Concurrent Thread Roots             492 us, parallelism: 0.76x
[42.494s][info][gc,stats    ]   CTR: <total>                      374 us
[42.494s][info][gc,stats    ]   CTR: Thread Roots                 374 us, workers (us): 374, ---, ---, 
[42.494s][info][gc,stats    ] Concurrent Weak References           74 us, parallelism: 0.13x
[42.494s][info][gc,stats    ]   CWRF: <total>                       9 us
[42.494s][info][gc,stats    ]   CWRF: Weak References               9 us, workers (us):   9, ---, ---, 
[42.494s][info][gc,stats    ] Concurrent Weak Roots              2108 us
[42.494s][info][gc,stats    ]   Roots                            1902 us, parallelism: 0.97x
[42.494s][info][gc,stats    ]     CWR: <total>                   1836 us
[42.495s][info][gc,stats    ]     CWR: Code Cache Roots           681 us, workers (us): 681, ---, ---, 
[42.495s][info][gc,stats    ]     CWR: VM Weak Roots             1150 us, workers (us): 1150, ---, ---, 
[42.495s][info][gc,stats    ]     CWR: CLDG Roots                   5 us, workers (us):   5, ---, ---, 
[42.495s][info][gc,stats    ]   Rendezvous                        125 us
[42.495s][info][gc,stats    ] Concurrent Cleanup                   62 us
[42.495s][info][gc,stats    ] Concurrent Class Unloading         3746 us
[42.495s][info][gc,stats    ]   Unlink Stale                     3179 us
[42.495s][info][gc,stats    ]     System Dictionary                 8 us
[42.495s][info][gc,stats    ]     Weak Class Links                  0 us
[42.495s][info][gc,stats    ]     Code Roots                     3169 us
[42.495s][info][gc,stats    ]   Rendezvous                        161 us
[42.495s][info][gc,stats    ]   Purge Unlinked                    315 us
[42.495s][info][gc,stats    ]     Code Roots                      301 us
[42.495s][info][gc,stats    ]     CLDG                             14 us
[42.495s][info][gc,stats    ]     Exception Caches                  0 us
[42.495s][info][gc,stats    ] Concurrent Strong Roots             240 us, parallelism: 0.30x
[42.495s][info][gc,stats    ]   CSR: <total>                       72 us
[42.495s][info][gc,stats    ]   CSR: VM Strong Roots                7 us, workers (us):   7, ---, ---, 
[42.495s][info][gc,stats    ]   CSR: CLDG Roots                    65 us, workers (us):  65, ---, ---, 
[42.495s][info][gc,stats    ] Concurrent Evacuation               266 us
[42.495s][info][gc,stats    ] Pause Init Update Refs (G)          231 us
[42.495s][info][gc,stats    ] Pause Init Update Refs (N)          118 us
[42.495s][info][gc,stats    ]   Manage GCLABs                       2 us
[42.495s][info][gc,stats    ] Concurrent Update Refs             1862 us
[42.495s][info][gc,stats    ] Concurrent Update Thread Roots      504 us
[42.495s][info][gc,stats    ] Pause Final Update Refs (G)         184 us
[42.495s][info][gc,stats    ] Pause Final Update Refs (N)         134 us
[42.495s][info][gc,stats    ]   Update Region States               68 us
[42.495s][info][gc,stats    ]   Trash Collection Set                3 us
[42.495s][info][gc,stats    ]   Rebuild Free Set                   14 us
[42.495s][info][gc,stats    ] Concurrent Cleanup                   77 us
[42.495s][info][gc,stats    ] 
[42.495s][info][gc,stats    ] Allocation pacing accrued:
[42.495s][info][gc,stats    ]       0 of    73 ms (  0.0%): <total>
[42.495s][info][gc,stats    ]       0 of    73 ms (  0.0%): <average total>
[42.495s][info][gc,stats    ] 
[42.495s][info][gc,metaspace] Metaspace: 14189K(14528K)->14190K(14528K) NonClass: 12284K(12480K)->12285K(12480K) Class: 1905K(2048K)->1905K(2048K)
[42.495s][info][gc,ergo     ] Pacer for Idle. Initial: 41943K, Alloc Tax Rate: 1.0x
[42.935s][info][gc          ] Trigger: Learning 2 of 5. Free (1432M) is below initial threshold (1433M)
[42.935s][info][gc,ergo     ] Free: 1432M, Max: 1024K regular, 1432M humongous, Frag: 0% external, 0% internal; Reserve: 103M, Max: 1024K
[42.935s][info][gc,start    ] GC(101) Concurrent reset
[42.935s][info][gc,task     ] GC(101) Using 1 of 3 workers for concurrent reset
[42.935s][info][gc,ergo     ] GC(101) Pacer for Reset. Non-Taxable: 2048M
[42.935s][info][gc          ] GC(101) Concurrent reset 0.159ms
[42.935s][info][gc,start    ] GC(101) Pause Init Mark (unload classes)
[42.935s][info][gc,task     ] GC(101) Using 3 of 3 workers for init marking
[42.935s][info][gc,ergo     ] GC(101) Pacer for Mark. Expected Live: 4498K, Free: 1432M, Non-Taxable: 143M, Alloc Tax Rate: 0.0x
[42.935s][info][gc          ] GC(101) Pause Init Mark (unload classes) 0.103ms
[42.935s][info][gc,start    ] GC(101) Concurrent marking roots
[42.935s][info][gc,task     ] GC(101) Using 1 of 3 workers for concurrent marking roots
[42.936s][info][gc          ] GC(101) Concurrent marking roots 0.423ms
[42.936s][info][gc,start    ] GC(101) Concurrent marking (unload classes)
[42.936s][info][gc,task     ] GC(101) Using 1 of 3 workers for concurrent marking
[42.940s][info][gc          ] GC(101) Concurrent marking (unload classes) 3.965ms
[42.940s][info][gc,start    ] GC(101) Pause Final Mark (unload classes)
[42.940s][info][gc,task     ] GC(101) Using 3 of 3 workers for final marking
[42.940s][info][gc,ergo     ] GC(101) Collectable Garbage: 492M (96%), Immediate: 492M (96%), CSet: 0B (0%)
[42.940s][info][gc          ] GC(101) Pause Final Mark (unload classes) 0.149ms
[42.940s][info][gc,start    ] GC(101) Concurrent weak references
[42.940s][info][gc,task     ] GC(101) Using 1 of 3 workers for concurrent weak references
[42.940s][info][gc,ref      ] GC(101) Encountered references: Soft: 140, Weak: 735, Final: 0, Phantom: 64
[42.940s][info][gc,ref      ] GC(101) Discovered  references: Soft: 0, Weak: 151, Final: 0, Phantom: 37
[42.940s][info][gc,ref      ] GC(101) Enqueued    references: Soft: 0, Weak: 2, Final: 0, Phantom: 0
[42.940s][info][gc          ] GC(101) Concurrent weak references 0.076ms
[42.940s][info][gc,start    ] GC(101) Concurrent weak roots
[42.940s][info][gc,task     ] GC(101) Using 1 of 3 workers for concurrent weak root
[42.944s][info][gc          ] GC(101) Concurrent weak roots 3.849ms
[42.944s][info][gc,start    ] GC(101) Concurrent cleanup
[42.944s][info][gc          ] GC(101) Concurrent cleanup 525M->33M(2048M) 0.054ms
[42.944s][info][gc,ergo     ] GC(101) Free: 1911M, Max: 1024K regular, 1419M humongous, Frag: 26% external, 0% internal; Reserve: 103M, Max: 1024K
[42.944s][info][gc,start    ] GC(101) Concurrent class unloading
[42.944s][info][gc,task     ] GC(101) Using 1 of 3 workers for concurrent class unloading
[42.947s][info][gc          ] GC(101) Concurrent class unloading 3.109ms
[42.947s][info][gc,start    ] GC(101) Pause Final Roots
[42.947s][info][gc          ] GC(101) Pause Final Roots 0.039ms
[42.947s][info][gc,ergo     ] Free: 1907M, Max: 1024K regular, 1419M humongous, Frag: 26% external, 0% internal; Reserve: 103M, Max: 1024K
[42.947s][info][gc,stats    ] 
[42.947s][info][gc,stats    ] All times are wall-clock times, except per-root-class counters, that are sum over
[42.947s][info][gc,stats    ] all workers. Dividing the <total> over the root stage time estimates parallelism.
[42.947s][info][gc,stats    ] 
[42.947s][info][gc,stats    ] Concurrent Reset                    172 us
[42.947s][info][gc,stats    ] Pause Init Mark (G)                 229 us
[42.947s][info][gc,stats    ] Pause Init Mark (N)                 112 us
[42.947s][info][gc,stats    ]   Update Region States               27 us
[42.947s][info][gc,stats    ] Concurrent Mark Roots               436 us, parallelism: 0.86x
[42.947s][info][gc,stats    ]   CMR: <total>                      374 us
[42.947s][info][gc,stats    ]   CMR: Thread Roots                 328 us, workers (us): 328, ---, ---, 
[42.947s][info][gc,stats    ]   CMR: VM Strong Roots                5 us, workers (us):   5, ---, ---, 
[42.947s][info][gc,stats    ]   CMR: CLDG Roots                    42 us, workers (us):  42, ---, ---, 
[42.947s][info][gc,stats    ] Concurrent Marking                 4016 us
[42.947s][info][gc,stats    ] Pause Final Mark (G)                209 us
[42.947s][info][gc,stats    ] Pause Final Mark (N)                159 us
[42.947s][info][gc,stats    ]   Finish Mark                        31 us
[42.947s][info][gc,stats    ]   Update Region States               28 us
[42.947s][info][gc,stats    ]   Choose Collection Set              36 us
[42.947s][info][gc,stats    ]   Rebuild Free Set                    8 us
[42.947s][info][gc,stats    ] Concurrent Weak References           84 us, parallelism: 0.08x
[42.947s][info][gc,stats    ]   CWRF: <total>                       7 us
[42.947s][info][gc,stats    ]   CWRF: Weak References               7 us, workers (us):   7, ---, ---, 
[42.947s][info][gc,stats    ] Concurrent Weak Roots              3889 us
[42.947s][info][gc,stats    ]   Roots                            3780 us, parallelism: 0.99x
[42.947s][info][gc,stats    ]     CWR: <total>                   3754 us
[42.947s][info][gc,stats    ]     CWR: Code Cache Roots           665 us, workers (us): 665, ---, ---, 
[42.947s][info][gc,stats    ]     CWR: VM Weak Roots             3080 us, workers (us): 3080, ---, ---, 
[42.947s][info][gc,stats    ]     CWR: CLDG Roots                   9 us, workers (us):   9, ---, ---, 
[42.947s][info][gc,stats    ]   Rendezvous                         53 us
[42.947s][info][gc,stats    ] Concurrent Cleanup                   63 us
[42.947s][info][gc,stats    ] Concurrent Class Unloading         3158 us
[42.947s][info][gc,stats    ]   Unlink Stale                     2908 us
[42.947s][info][gc,stats    ]     System Dictionary                 9 us
[42.947s][info][gc,stats    ]     Weak Class Links                  0 us
[42.947s][info][gc,stats    ]     Code Roots                     2897 us
[42.947s][info][gc,stats    ]   Rendezvous                         42 us
[42.947s][info][gc,stats    ]   Purge Unlinked                    141 us
[42.947s][info][gc,stats    ]     Code Roots                      138 us
[42.947s][info][gc,stats    ]     CLDG                              3 us
[42.947s][info][gc,stats    ]     Exception Caches                  0 us
[42.947s][info][gc,stats    ] Pause Final Roots (G)                96 us
[42.947s][info][gc,stats    ] Pause Final Roots (N)                47 us
[42.947s][info][gc,stats    ] 
[42.947s][info][gc,stats    ] Allocation pacing accrued:
[42.947s][info][gc,stats    ]       0 of   453 ms (  0.0%): <total>
[42.947s][info][gc,stats    ]       0 of   453 ms (  0.0%): <average total>
[42.947s][info][gc,stats    ] 
[42.947s][info][gc,metaspace] Metaspace: 14199K(14528K)->14199K(14528K) NonClass: 12294K(12480K)->12294K(12480K) Class: 1905K(2048K)->1905K(2048K)
[42.948s][info][gc,ergo     ] Pacer for Idle. Initial: 41943K, Alloc Tax Rate: 1.0x
[43.353s][info][gc          ] Trigger: Learning 3 of 5. Free (1433M) is below initial threshold (1433M)
[43.353s][info][gc,ergo     ] Free: 1433M, Max: 1024K regular, 1419M humongous, Frag: 1% external, 0% internal; Reserve: 103M, Max: 1024K
[43.353s][info][gc,start    ] GC(102) Concurrent reset
[43.353s][info][gc,task     ] GC(102) Using 1 of 3 workers for concurrent reset
[43.353s][info][gc,ergo     ] GC(102) Pacer for Reset. Non-Taxable: 2048M
[43.353s][info][gc          ] GC(102) Concurrent reset 0.162ms
[43.353s][info][gc,start    ] GC(102) Pause Init Mark (unload classes)
[43.353s][info][gc,task     ] GC(102) Using 3 of 3 workers for init marking
[43.353s][info][gc,ergo     ] GC(102) Pacer for Mark. Expected Live: 4498K, Free: 1433M, Non-Taxable: 143M, Alloc Tax Rate: 0.0x
[43.353s][info][gc          ] GC(102) Pause Init Mark (unload classes) 0.071ms
[43.353s][info][gc,start    ] GC(102) Concurrent marking roots
[43.353s][info][gc,task     ] GC(102) Using 1 of 3 workers for concurrent marking roots
[43.354s][info][gc          ] GC(102) Concurrent marking roots 0.402ms
[43.354s][info][gc,start    ] GC(102) Concurrent marking (unload classes)
[43.354s][info][gc,task     ] GC(102) Using 1 of 3 workers for concurrent marking
[43.357s][info][gc          ] GC(102) Concurrent marking (unload classes) 3.861ms
[43.357s][info][gc,start    ] GC(102) Pause Final Mark (unload classes)
[43.358s][info][gc,task     ] GC(102) Using 3 of 3 workers for final marking
[43.358s][info][gc,ergo     ] GC(102) Collectable Garbage: 488M (96%), Immediate: 488M (96%), CSet: 0B (0%)
[43.358s][info][gc          ] GC(102) Pause Final Mark (unload classes) 0.180ms
[43.358s][info][gc,start    ] GC(102) Concurrent weak references
[43.358s][info][gc,task     ] GC(102) Using 1 of 3 workers for concurrent weak references
[43.358s][info][gc,ref      ] GC(102) Encountered references: Soft: 140, Weak: 733, Final: 0, Phantom: 64
[43.358s][info][gc,ref      ] GC(102) Discovered  references: Soft: 0, Weak: 149, Final: 0, Phantom: 37
[43.358s][info][gc,ref      ] GC(102) Enqueued    references: Soft: 0, Weak: 0, Final: 0, Phantom: 0
[43.358s][info][gc          ] GC(102) Concurrent weak references 0.066ms
[43.358s][info][gc,start    ] GC(102) Concurrent weak roots
[43.358s][info][gc,task     ] GC(102) Using 1 of 3 workers for concurrent weak root
[43.362s][info][gc          ] GC(102) Concurrent weak roots 4.372ms
[43.362s][info][gc,start    ] GC(102) Concurrent cleanup
[43.362s][info][gc          ] GC(102) Concurrent cleanup 523M->35M(2048M) 0.052ms
[43.362s][info][gc,ergo     ] GC(102) Free: 1909M, Max: 1024K regular, 1425M humongous, Frag: 26% external, 0% internal; Reserve: 103M, Max: 1024K
[43.362s][info][gc,start    ] GC(102) Concurrent class unloading
[43.362s][info][gc,task     ] GC(102) Using 1 of 3 workers for concurrent class unloading
[43.365s][info][gc          ] GC(102) Concurrent class unloading 3.084ms
[43.365s][info][gc,start    ] GC(102) Pause Final Roots
[43.365s][info][gc          ] GC(102) Pause Final Roots 0.038ms
[43.366s][info][gc,ergo     ] Free: 1903M, Max: 1024K regular, 1425M humongous, Frag: 26% external, 0% internal; Reserve: 103M, Max: 1024K
[43.366s][info][gc,stats    ] 
[43.366s][info][gc,stats    ] All times are wall-clock times, except per-root-class counters, that are sum over
[43.366s][info][gc,stats    ] all workers. Dividing the <total> over the root stage time estimates parallelism.
[43.366s][info][gc,stats    ] 
[43.366s][info][gc,stats    ] Concurrent Reset                    202 us
[43.366s][info][gc,stats    ] Pause Init Mark (G)                 211 us
[43.366s][info][gc,stats    ] Pause Init Mark (N)                  79 us
[43.366s][info][gc,stats    ]   Update Region States               25 us
[43.366s][info][gc,stats    ] Concurrent Mark Roots               415 us, parallelism: 0.85x
[43.366s][info][gc,stats    ]   CMR: <total>                      351 us
[43.366s][info][gc,stats    ]   CMR: Thread Roots                 310 us, workers (us): 310, ---, ---, 
[43.366s][info][gc,stats    ]   CMR: VM Strong Roots                5 us, workers (us):   5, ---, ---, 
[43.366s][info][gc,stats    ]   CMR: CLDG Roots                    37 us, workers (us):  37, ---, ---, 
[43.366s][info][gc,stats    ] Concurrent Marking                 3907 us
[43.366s][info][gc,stats    ] Pause Final Mark (G)                260 us
[43.366s][info][gc,stats    ] Pause Final Mark (N)                189 us
[43.366s][info][gc,stats    ]   Finish Mark                        37 us
[43.366s][info][gc,stats    ]   Update Region States               29 us
[43.366s][info][gc,stats    ]   Choose Collection Set              60 us
[43.366s][info][gc,stats    ]   Rebuild Free Set                    8 us
[43.366s][info][gc,stats    ] Concurrent Weak References           74 us, parallelism: 0.12x
[43.366s][info][gc,stats    ]   CWRF: <total>                       9 us
[43.366s][info][gc,stats    ]   CWRF: Weak References               9 us, workers (us):   9, ---, ---, 
[43.366s][info][gc,stats    ] Concurrent Weak Roots              4409 us
[43.366s][info][gc,stats    ]   Roots                            4303 us, parallelism: 0.99x
[43.366s][info][gc,stats    ]     CWR: <total>                   4274 us
[43.366s][info][gc,stats    ]     CWR: Code Cache Roots           663 us, workers (us): 663, ---, ---, 
[43.366s][info][gc,stats    ]     CWR: VM Weak Roots             3603 us, workers (us): 3603, ---, ---, 
[43.366s][info][gc,stats    ]     CWR: CLDG Roots                   8 us, workers (us):   8, ---, ---, 
[43.366s][info][gc,stats    ]   Rendezvous                         53 us
[43.366s][info][gc,stats    ] Concurrent Cleanup                   61 us
[43.366s][info][gc,stats    ] Concurrent Class Unloading         3135 us
[43.366s][info][gc,stats    ]   Unlink Stale                     2881 us
[43.366s][info][gc,stats    ]     System Dictionary                 8 us
[43.366s][info][gc,stats    ]     Weak Class Links                  0 us
[43.366s][info][gc,stats    ]     Code Roots                     2871 us
[43.366s][info][gc,stats    ]   Rendezvous                         44 us
[43.366s][info][gc,stats    ]   Purge Unlinked                    132 us
[43.366s][info][gc,stats    ]     Code Roots                      128 us
[43.366s][info][gc,stats    ]     CLDG                              3 us
[43.366s][info][gc,stats    ]     Exception Caches                  0 us
[43.366s][info][gc,stats    ] Pause Final Roots (G)                96 us
[43.366s][info][gc,stats    ] Pause Final Roots (N)                47 us
[43.366s][info][gc,stats    ] 
[43.366s][info][gc,stats    ] Allocation pacing accrued:
[43.366s][info][gc,stats    ]       0 of   418 ms (  0.0%): <total>
[43.366s][info][gc,stats    ]       0 of   418 ms (  0.0%): <average total>
[43.366s][info][gc,stats    ] 
[43.366s][info][gc,metaspace] Metaspace: 14199K(14528K)->14199K(14528K) NonClass: 12294K(12480K)->12294K(12480K) Class: 1905K(2048K)->1905K(2048K)
[43.366s][info][gc,ergo     ] Pacer for Idle. Initial: 41943K, Alloc Tax Rate: 1.0x
[43.774s][info][gc          ] Trigger: Learning 4 of 5. Free (1431M) is below initial threshold (1433M)
[43.774s][info][gc,ergo     ] Free: 1430M, Max: 1024K regular, 1425M humongous, Frag: 1% external, 0% internal; Reserve: 103M, Max: 1024K
[43.774s][info][gc,start    ] GC(103) Concurrent reset
[43.774s][info][gc,task     ] GC(103) Using 1 of 3 workers for concurrent reset
[43.774s][info][gc,ergo     ] GC(103) Pacer for Reset. Non-Taxable: 2048M
[43.774s][info][gc          ] GC(103) Concurrent reset 0.163ms
[43.774s][info][gc,start    ] GC(103) Pause Init Mark (unload classes)
[43.774s][info][gc,task     ] GC(103) Using 3 of 3 workers for init marking
[43.774s][info][gc,ergo     ] GC(103) Pacer for Mark. Expected Live: 4499K, Free: 1430M, Non-Taxable: 143M, Alloc Tax Rate: 0.0x
[43.774s][info][gc          ] GC(103) Pause Init Mark (unload classes) 0.090ms
[43.774s][info][gc,start    ] GC(103) Concurrent marking roots
[43.774s][info][gc,task     ] GC(103) Using 1 of 3 workers for concurrent marking roots
[43.775s][info][gc          ] GC(103) Concurrent marking roots 0.381ms
[43.775s][info][gc,start    ] GC(103) Concurrent marking (unload classes)
[43.775s][info][gc,task     ] GC(103) Using 1 of 3 workers for concurrent marking
[43.779s][info][gc          ] GC(103) Concurrent marking (unload classes) 3.999ms
[43.779s][info][gc,start    ] GC(103) Pause Final Mark (unload classes)
[43.779s][info][gc,task     ] GC(103) Using 3 of 3 workers for final marking
[43.779s][info][gc,ergo     ] GC(103) Collectable Garbage: 489M (95%), Immediate: 489M (95%), CSet: 0B (0%)
[43.779s][info][gc          ] GC(103) Pause Final Mark (unload classes) 0.151ms
[43.779s][info][gc,start    ] GC(103) Concurrent weak references
[43.779s][info][gc,task     ] GC(103) Using 1 of 3 workers for concurrent weak references
[43.779s][info][gc,ref      ] GC(103) Encountered references: Soft: 140, Weak: 733, Final: 0, Phantom: 64
[43.779s][info][gc,ref      ] GC(103) Discovered  references: Soft: 0, Weak: 149, Final: 0, Phantom: 37
[43.779s][info][gc,ref      ] GC(103) Enqueued    references: Soft: 0, Weak: 0, Final: 0, Phantom: 0
[43.779s][info][gc          ] GC(103) Concurrent weak references 0.063ms
[43.779s][info][gc,start    ] GC(103) Concurrent weak roots
[43.779s][info][gc,task     ] GC(103) Using 1 of 3 workers for concurrent weak root
[43.784s][info][gc          ] GC(103) Concurrent weak roots 5.027ms
[43.784s][info][gc,start    ] GC(103) Concurrent cleanup
[43.784s][info][gc          ] GC(103) Concurrent cleanup 527M->38M(2048M) 0.054ms
[43.784s][info][gc,ergo     ] GC(103) Free: 1906M, Max: 1024K regular, 1417M humongous, Frag: 26% external, 0% internal; Reserve: 103M, Max: 1024K
[43.784s][info][gc,start    ] GC(103) Concurrent class unloading
[43.784s][info][gc,task     ] GC(103) Using 1 of 3 workers for concurrent class unloading
[43.787s][info][gc          ] GC(103) Concurrent class unloading 3.294ms
[43.788s][info][gc,start    ] GC(103) Pause Final Roots
[43.788s][info][gc          ] GC(103) Pause Final Roots 0.012ms
[43.788s][info][gc,ergo     ] Free: 1903M, Max: 1024K regular, 1417M humongous, Frag: 26% external, 0% internal; Reserve: 103M, Max: 1024K
[43.788s][info][gc,stats    ] 
[43.788s][info][gc,stats    ] All times are wall-clock times, except per-root-class counters, that are sum over
[43.788s][info][gc,stats    ] all workers. Dividing the <total> over the root stage time estimates parallelism.
[43.788s][info][gc,stats    ] 
[43.788s][info][gc,stats    ] Concurrent Reset                    182 us
[43.788s][info][gc,stats    ] Pause Init Mark (G)                 235 us
[43.788s][info][gc,stats    ] Pause Init Mark (N)                  98 us
[43.788s][info][gc,stats    ]   Update Region States               25 us
[43.788s][info][gc,stats    ] Concurrent Mark Roots               393 us, parallelism: 0.86x
[43.788s][info][gc,stats    ]   CMR: <total>                      336 us
[43.788s][info][gc,stats    ]   CMR: Thread Roots                 299 us, workers (us): 299, ---, ---, 
[43.788s][info][gc,stats    ]   CMR: VM Strong Roots                4 us, workers (us):   4, ---, ---, 
[43.788s][info][gc,stats    ]   CMR: CLDG Roots                    33 us, workers (us):  33, ---, ---, 
[43.788s][info][gc,stats    ] Concurrent Marking                 4049 us
[43.788s][info][gc,stats    ] Pause Final Mark (G)                263 us
[43.788s][info][gc,stats    ] Pause Final Mark (N)                160 us
[43.788s][info][gc,stats    ]   Finish Mark                        35 us
[43.788s][info][gc,stats    ]   Update Region States               28 us
[43.788s][info][gc,stats    ]   Choose Collection Set              29 us
[43.788s][info][gc,stats    ]   Rebuild Free Set                    8 us
[43.788s][info][gc,stats    ] Concurrent Weak References           70 us, parallelism: 0.10x
[43.788s][info][gc,stats    ]   CWRF: <total>                       7 us
[43.788s][info][gc,stats    ]   CWRF: Weak References               7 us, workers (us):   7, ---, ---, 
[43.788s][info][gc,stats    ] Concurrent Weak Roots              5078 us
[43.788s][info][gc,stats    ]   Roots                            4947 us, parallelism: 0.99x
[43.788s][info][gc,stats    ]     CWR: <total>                   4916 us
[43.788s][info][gc,stats    ]     CWR: Code Cache Roots           695 us, workers (us): 695, ---, ---, 
[43.788s][info][gc,stats    ]     CWR: VM Weak Roots             4214 us, workers (us): 4214, ---, ---, 
[43.788s][info][gc,stats    ]     CWR: CLDG Roots                   8 us, workers (us):   8, ---, ---, 
[43.788s][info][gc,stats    ]   Rendezvous                         64 us
[43.788s][info][gc,stats    ] Concurrent Cleanup                   63 us
[43.788s][info][gc,stats    ] Concurrent Class Unloading         3343 us
[43.788s][info][gc,stats    ]   Unlink Stale                     3009 us
[43.788s][info][gc,stats    ]     System Dictionary                 7 us
[43.788s][info][gc,stats    ]     Weak Class Links                  0 us
[43.788s][info][gc,stats    ]     Code Roots                     3000 us
[43.788s][info][gc,stats    ]   Rendezvous                        137 us
[43.788s][info][gc,stats    ]   Purge Unlinked                    131 us
[43.788s][info][gc,stats    ]     Code Roots                      127 us
[43.788s][info][gc,stats    ]     CLDG                              3 us
[43.788s][info][gc,stats    ]     Exception Caches                  0 us
[43.788s][info][gc,stats    ] Pause Final Roots (G)                79 us
[43.788s][info][gc,stats    ] Pause Final Roots (N)                20 us
[43.788s][info][gc,stats    ] 
[43.788s][info][gc,stats    ] Allocation pacing accrued:
[43.788s][info][gc,stats    ]       0 of   422 ms (  0.0%): <total>
[43.788s][info][gc,stats    ]       0 of   422 ms (  0.0%): <average total>
[43.788s][info][gc,stats    ] 
[43.788s][info][gc,metaspace] Metaspace: 14199K(14528K)->14199K(14528K) NonClass: 12294K(12480K)->12294K(12480K) Class: 1905K(2048K)->1905K(2048K)
[43.788s][info][gc,ergo     ] Pacer for Idle. Initial: 41943K, Alloc Tax Rate: 1.0x
[44.195s][info][gc          ] Trigger: Learning 5 of 5. Free (1433M) is below initial threshold (1433M)
[44.195s][info][gc,ergo     ] Free: 1433M, Max: 1024K regular, 1417M humongous, Frag: 2% external, 0% internal; Reserve: 103M, Max: 1024K
[44.195s][info][gc,start    ] GC(104) Concurrent reset
[44.195s][info][gc,task     ] GC(104) Using 1 of 3 workers for concurrent reset
[44.195s][info][gc,ergo     ] GC(104) Pacer for Reset. Non-Taxable: 2048M
[44.195s][info][gc          ] GC(104) Concurrent reset 0.265ms
[44.195s][info][gc,start    ] GC(104) Pause Init Mark (unload classes)
[44.195s][info][gc,task     ] GC(104) Using 3 of 3 workers for init marking
[44.195s][info][gc,ergo     ] GC(104) Pacer for Mark. Expected Live: 4499K, Free: 1433M, Non-Taxable: 143M, Alloc Tax Rate: 0.0x
[44.195s][info][gc          ] GC(104) Pause Init Mark (unload classes) 0.108ms
[44.195s][info][gc,start    ] GC(104) Concurrent marking roots
[44.195s][info][gc,task     ] GC(104) Using 1 of 3 workers for concurrent marking roots
[44.196s][info][gc          ] GC(104) Concurrent marking roots 0.430ms
[44.196s][info][gc,start    ] GC(104) Concurrent marking (unload classes)
[44.196s][info][gc,task     ] GC(104) Using 1 of 3 workers for concurrent marking
[44.200s][info][gc          ] GC(104) Concurrent marking (unload classes) 3.961ms
[44.200s][info][gc,start    ] GC(104) Pause Final Mark (unload classes)
[44.200s][info][gc,task     ] GC(104) Using 3 of 3 workers for final marking
[44.200s][info][gc,ergo     ] GC(104) Collectable Garbage: 482M (95%), Immediate: 482M (95%), CSet: 0B (0%)
[44.200s][info][gc          ] GC(104) Pause Final Mark (unload classes) 0.142ms
[44.200s][info][gc,start    ] GC(104) Concurrent weak references
[44.200s][info][gc,task     ] GC(104) Using 1 of 3 workers for concurrent weak references
[44.200s][info][gc,ref      ] GC(104) Encountered references: Soft: 140, Weak: 733, Final: 0, Phantom: 64
[44.200s][info][gc,ref      ] GC(104) Discovered  references: Soft: 0, Weak: 149, Final: 0, Phantom: 37
[44.200s][info][gc,ref      ] GC(104) Enqueued    references: Soft: 0, Weak: 0, Final: 0, Phantom: 0
[44.200s][info][gc          ] GC(104) Concurrent weak references 0.062ms
[44.200s][info][gc,start    ] GC(104) Concurrent weak roots
[44.200s][info][gc,task     ] GC(104) Using 1 of 3 workers for concurrent weak root
[44.203s][info][gc          ] GC(104) Concurrent weak roots 3.127ms
[44.203s][info][gc,start    ] GC(104) Concurrent cleanup
[44.203s][info][gc          ] GC(104) Concurrent cleanup 524M->41M(2048M) 0.050ms
[44.203s][info][gc,ergo     ] GC(104) Free: 1903M, Max: 1024K regular, 1425M humongous, Frag: 26% external, 0% internal; Reserve: 103M, Max: 1024K
[44.203s][info][gc,start    ] GC(104) Concurrent class unloading
[44.203s][info][gc,task     ] GC(104) Using 1 of 3 workers for concurrent class unloading
[44.206s][info][gc          ] GC(104) Concurrent class unloading 3.067ms
[44.206s][info][gc,start    ] GC(104) Pause Final Roots
[44.206s][info][gc          ] GC(104) Pause Final Roots 0.040ms
[44.207s][info][gc,ergo     ] Free: 1901M, Max: 1024K regular, 1425M humongous, Frag: 26% external, 0% internal; Reserve: 103M, Max: 1024K
[44.207s][info][gc,stats    ] 
[44.207s][info][gc,stats    ] All times are wall-clock times, except per-root-class counters, that are sum over
[44.207s][info][gc,stats    ] all workers. Dividing the <total> over the root stage time estimates parallelism.
[44.207s][info][gc,stats    ] 
[44.207s][info][gc,stats    ] Concurrent Reset                    286 us
[44.207s][info][gc,stats    ] Pause Init Mark (G)                 230 us
[44.207s][info][gc,stats    ] Pause Init Mark (N)                 121 us
[44.207s][info][gc,stats    ]   Update Region States               27 us
[44.207s][info][gc,stats    ] Concurrent Mark Roots               443 us, parallelism: 0.85x
[44.207s][info][gc,stats    ]   CMR: <total>                      376 us
[44.207s][info][gc,stats    ]   CMR: Thread Roots                 322 us, workers (us): 322, ---, ---, 
[44.207s][info][gc,stats    ]   CMR: VM Strong Roots                6 us, workers (us):   6, ---, ---, 
[44.207s][info][gc,stats    ]   CMR: CLDG Roots                    47 us, workers (us):  47, ---, ---, 
[44.207s][info][gc,stats    ] Concurrent Marking                 4006 us
[44.207s][info][gc,stats    ] Pause Final Mark (G)                202 us
[44.207s][info][gc,stats    ] Pause Final Mark (N)                151 us
[44.207s][info][gc,stats    ]   Finish Mark                        34 us
[44.207s][info][gc,stats    ]   Update Region States               28 us
[44.207s][info][gc,stats    ]   Choose Collection Set              27 us
[44.207s][info][gc,stats    ]   Rebuild Free Set                    8 us
[44.207s][info][gc,stats    ] Concurrent Weak References           69 us, parallelism: 0.11x
[44.207s][info][gc,stats    ]   CWRF: <total>                       8 us
[44.207s][info][gc,stats    ]   CWRF: Weak References               8 us, workers (us):   8, ---, ---, 
[44.207s][info][gc,stats    ] Concurrent Weak Roots              3165 us
[44.207s][info][gc,stats    ]   Roots                            3052 us, parallelism: 0.99x
[44.207s][info][gc,stats    ]     CWR: <total>                   3032 us
[44.207s][info][gc,stats    ]     CWR: Code Cache Roots           656 us, workers (us): 656, ---, ---, 
[44.207s][info][gc,stats    ]     CWR: VM Weak Roots             2368 us, workers (us): 2368, ---, ---, 
[44.207s][info][gc,stats    ]     CWR: CLDG Roots                   7 us, workers (us):   7, ---, ---, 
[44.207s][info][gc,stats    ]   Rendezvous                         58 us
[44.207s][info][gc,stats    ] Concurrent Cleanup                   59 us
[44.207s][info][gc,stats    ] Concurrent Class Unloading         3113 us
[44.207s][info][gc,stats    ]   Unlink Stale                     2881 us
[44.207s][info][gc,stats    ]     System Dictionary                 7 us
[44.207s][info][gc,stats    ]     Weak Class Links                  0 us
[44.207s][info][gc,stats    ]     Code Roots                     2873 us
[44.207s][info][gc,stats    ]   Rendezvous                         42 us
[44.207s][info][gc,stats    ]   Purge Unlinked                    126 us
[44.207s][info][gc,stats    ]     Code Roots                      122 us
[44.207s][info][gc,stats    ]     CLDG                              4 us
[44.207s][info][gc,stats    ]     Exception Caches                  0 us
[44.207s][info][gc,stats    ] Pause Final Roots (G)               111 us
[44.207s][info][gc,stats    ] Pause Final Roots (N)                49 us
[44.207s][info][gc,stats    ] 
[44.207s][info][gc,stats    ] Allocation pacing accrued:
[44.207s][info][gc,stats    ]       0 of   419 ms (  0.0%): <total>
[44.207s][info][gc,stats    ]       0 of   419 ms (  0.0%): <average total>
[44.207s][info][gc,stats    ] 
[44.207s][info][gc,metaspace] Metaspace: 14199K(14528K)->14199K(14528K) NonClass: 12294K(12480K)->12294K(12480K) Class: 1905K(2048K)->1905K(2048K)
[44.207s][info][gc,ergo     ] Pacer for Idle. Initial: 41943K, Alloc Tax Rate: 1.0x
[44.344s][info][gc          ] Trigger: Explicit GC request (System.gc())
[44.345s][info][gc,ergo     ] Free: 1779M, Max: 1024K regular, 1425M humongous, Frag: 20% external, 0% internal; Reserve: 103M, Max: 1024K
[44.345s][info][gc,start    ] GC(105) Concurrent reset
[44.345s][info][gc,task     ] GC(105) Using 1 of 3 workers for concurrent reset
[44.345s][info][gc,ergo     ] GC(105) Pacer for Reset. Non-Taxable: 2048M
[44.345s][info][gc          ] GC(105) Concurrent reset 0.443ms
[44.345s][info][gc,start    ] GC(105) Pause Init Mark (unload classes)
[44.345s][info][gc,task     ] GC(105) Using 3 of 3 workers for init marking
[44.345s][info][gc,ref      ] GC(105) Clearing All SoftReferences
[44.345s][info][gc,ergo     ] GC(105) Pacer for Mark. Expected Live: 4516K, Free: 1779M, Non-Taxable: 177M, Alloc Tax Rate: 0.0x
[44.346s][info][gc          ] GC(105) Pause Init Mark (unload classes) 0.248ms
[44.346s][info][gc,start    ] GC(105) Concurrent marking roots
[44.346s][info][gc,task     ] GC(105) Using 1 of 3 workers for concurrent marking roots
[44.346s][info][gc          ] GC(105) Concurrent marking roots 0.603ms
[44.346s][info][gc,start    ] GC(105) Concurrent marking (unload classes)
[44.346s][info][gc,task     ] GC(105) Using 1 of 3 workers for concurrent marking
[44.350s][info][gc          ] GC(105) Concurrent marking (unload classes) 3.850ms
[44.350s][info][gc,start    ] GC(105) Pause Final Mark (unload classes)
[44.350s][info][gc,task     ] GC(105) Using 3 of 3 workers for final marking
[44.350s][info][gc,ergo     ] GC(105) Collectable Garbage: 157M (97%), Immediate: 157M (97%), CSet: 0B (0%)
[44.351s][info][gc          ] GC(105) Pause Final Mark (unload classes) 0.443ms
[44.351s][info][gc,start    ] GC(105) Concurrent weak references
[44.351s][info][gc,task     ] GC(105) Using 1 of 3 workers for concurrent weak references
[44.351s][info][gc,ref      ] GC(105) Encountered references: Soft: 140, Weak: 717, Final: 0, Phantom: 64
[44.351s][info][gc,ref      ] GC(105) Discovered  references: Soft: 88, Weak: 171, Final: 0, Phantom: 62
[44.351s][info][gc,ref      ] GC(105) Enqueued    references: Soft: 3, Weak: 0, Final: 0, Phantom: 0
[44.351s][info][gc          ] GC(105) Concurrent weak references 0.130ms
[44.351s][info][gc,start    ] GC(105) Concurrent weak roots
[44.351s][info][gc,task     ] GC(105) Using 1 of 3 workers for concurrent weak root
[44.353s][info][gc          ] GC(105) Concurrent weak roots 1.911ms
[44.353s][info][gc,start    ] GC(105) Concurrent cleanup
[44.353s][info][gc          ] GC(105) Concurrent cleanup 165M->7M(2048M) 0.049ms
[44.353s][info][gc,ergo     ] GC(105) Free: 1937M, Max: 1024K regular, 1806M humongous, Frag: 7% external, 0% internal; Reserve: 103M, Max: 1024K
[44.353s][info][gc,start    ] GC(105) Concurrent class unloading
[44.353s][info][gc,task     ] GC(105) Using 1 of 3 workers for concurrent class unloading
[44.357s][info][gc          ] GC(105) Concurrent class unloading 3.955ms
[44.357s][info][gc,start    ] GC(105) Pause Final Roots
[44.357s][info][gc          ] GC(105) Pause Final Roots 0.067ms
[44.357s][info][gc,ergo     ] Free: 1937M, Max: 1024K regular, 1806M humongous, Frag: 7% external, 0% internal; Reserve: 103M, Max: 1024K
[44.357s][info][gc,stats    ] 
[44.357s][info][gc,stats    ] All times are wall-clock times, except per-root-class counters, that are sum over
[44.357s][info][gc,stats    ] all workers. Dividing the <total> over the root stage time estimates parallelism.
[44.357s][info][gc,stats    ] 
[44.357s][info][gc,stats    ] Concurrent Reset                    486 us
[44.357s][info][gc,stats    ] Pause Init Mark (G)                 417 us
[44.357s][info][gc,stats    ] Pause Init Mark (N)                 270 us
[44.357s][info][gc,stats    ]   Update Region States               91 us
[44.357s][info][gc,stats    ] Concurrent Mark Roots               611 us, parallelism: 0.90x
[44.357s][info][gc,stats    ]   CMR: <total>                      552 us
[44.357s][info][gc,stats    ]   CMR: Thread Roots                 469 us, workers (us): 469, ---, ---, 
[44.357s][info][gc,stats    ]   CMR: VM Strong Roots                8 us, workers (us):   8, ---, ---, 
[44.357s][info][gc,stats    ]   CMR: CLDG Roots                    76 us, workers (us):  76, ---, ---, 
[44.357s][info][gc,stats    ] Concurrent Marking                 3873 us
[44.357s][info][gc,stats    ] Pause Final Mark (G)                529 us
[44.357s][info][gc,stats    ] Pause Final Mark (N)                476 us
[44.357s][info][gc,stats    ]   Finish Mark                       144 us
[44.357s][info][gc,stats    ]   Update Region States              121 us
[44.357s][info][gc,stats    ]   Choose Collection Set              76 us
[44.357s][info][gc,stats    ]   Rebuild Free Set                   21 us
[44.357s][info][gc,stats    ] Concurrent Weak References          145 us, parallelism: 0.05x
[44.357s][info][gc,stats    ]   CWRF: <total>                       7 us
[44.357s][info][gc,stats    ]   CWRF: Weak References               7 us, workers (us):   7, ---, ---, 
[44.357s][info][gc,stats    ] Concurrent Weak Roots              1936 us
[44.357s][info][gc,stats    ]   Roots                            1810 us, parallelism: 0.98x
[44.357s][info][gc,stats    ]     CWR: <total>                   1774 us
[44.357s][info][gc,stats    ]     CWR: Code Cache Roots           623 us, workers (us): 623, ---, ---, 
[44.357s][info][gc,stats    ]     CWR: VM Weak Roots             1145 us, workers (us): 1145, ---, ---, 
[44.357s][info][gc,stats    ]     CWR: CLDG Roots                   6 us, workers (us):   6, ---, ---, 
[44.357s][info][gc,stats    ]   Rendezvous                         69 us
[44.357s][info][gc,stats    ] Concurrent Cleanup                   67 us
[44.357s][info][gc,stats    ] Concurrent Class Unloading         4011 us
[44.357s][info][gc,stats    ]   Unlink Stale                     3497 us
[44.357s][info][gc,stats    ]     System Dictionary                 7 us
[44.357s][info][gc,stats    ]     Weak Class Links                  0 us
[44.357s][info][gc,stats    ]     Code Roots                     3488 us
[44.357s][info][gc,stats    ]   Rendezvous                        153 us
[44.357s][info][gc,stats    ]   Purge Unlinked                    272 us
[44.357s][info][gc,stats    ]     Code Roots                      259 us
[44.357s][info][gc,stats    ]     CLDG                             11 us
[44.357s][info][gc,stats    ]     Exception Caches                  0 us
[44.357s][info][gc,stats    ] Pause Final Roots (G)               192 us
[44.357s][info][gc,stats    ] Pause Final Roots (N)                85 us
[44.357s][info][gc,stats    ] 
[44.357s][info][gc,stats    ] Allocation pacing accrued:
[44.357s][info][gc,stats    ]       0 of   151 ms (  0.0%): <total>
[44.357s][info][gc,stats    ]       0 of   151 ms (  0.0%): <average total>
[44.357s][info][gc,stats    ] 
[44.357s][info][gc,metaspace] Metaspace: 14199K(14528K)->14199K(14528K) NonClass: 12294K(12480K)->12294K(12480K) Class: 1905K(2048K)->1905K(2048K)
[44.357s][info][gc,ergo     ] Pacer for Idle. Initial: 41943K, Alloc Tax Rate: 1.0x
[44.802s][info][gc          ] Trigger: Learning 2 of 5. Free (1432M) is below initial threshold (1433M)
[44.802s][info][gc,ergo     ] Free: 1432M, Max: 1024K regular, 1432M humongous, Frag: 0% external, 0% internal; Reserve: 103M, Max: 1024K
[44.802s][info][gc,start    ] GC(106) Concurrent reset
[44.802s][info][gc,task     ] GC(106) Using 1 of 3 workers for concurrent reset
[44.802s][info][gc,ergo     ] GC(106) Pacer for Reset. Non-Taxable: 2048M
[44.802s][info][gc          ] GC(106) Concurrent reset 0.118ms
[44.802s][info][gc,start    ] GC(106) Pause Init Mark (unload classes)
[44.802s][info][gc,task     ] GC(106) Using 3 of 3 workers for init marking
[44.803s][info][gc,ergo     ] GC(106) Pacer for Mark. Expected Live: 4516K, Free: 1432M, Non-Taxable: 143M, Alloc Tax Rate: 0.0x
[44.803s][info][gc          ] GC(106) Pause Init Mark (unload classes) 0.076ms
[44.803s][info][gc,start    ] GC(106) Concurrent marking roots
[44.803s][info][gc,task     ] GC(106) Using 1 of 3 workers for concurrent marking roots
[44.803s][info][gc          ] GC(106) Concurrent marking roots 0.430ms
[44.803s][info][gc,start    ] GC(106) Concurrent marking (unload classes)
[44.803s][info][gc,task     ] GC(106) Using 1 of 3 workers for concurrent marking
[44.807s][info][gc          ] GC(106) Concurrent marking (unload classes) 3.873ms
[44.807s][info][gc,start    ] GC(106) Pause Final Mark (unload classes)
[44.807s][info][gc,task     ] GC(106) Using 3 of 3 workers for final marking
[44.807s][info][gc,ergo     ] GC(106) Collectable Garbage: 491M (96%), Immediate: 491M (96%), CSet: 0B (0%)
[44.807s][info][gc          ] GC(106) Pause Final Mark (unload classes) 0.166ms
[44.807s][info][gc,start    ] GC(106) Concurrent weak references
[44.807s][info][gc,task     ] GC(106) Using 1 of 3 workers for concurrent weak references
[44.807s][info][gc,ref      ] GC(106) Encountered references: Soft: 140, Weak: 729, Final: 0, Phantom: 64
[44.807s][info][gc,ref      ] GC(106) Discovered  references: Soft: 0, Weak: 147, Final: 0, Phantom: 37
[44.807s][info][gc,ref      ] GC(106) Enqueued    references: Soft: 0, Weak: 0, Final: 0, Phantom: 0
[44.807s][info][gc          ] GC(106) Concurrent weak references 0.063ms
[44.807s][info][gc,start    ] GC(106) Concurrent weak roots
[44.807s][info][gc,task     ] GC(106) Using 1 of 3 workers for concurrent weak root
[44.811s][info][gc          ] GC(106) Concurrent weak roots 3.633ms
[44.811s][info][gc,start    ] GC(106) Concurrent cleanup
[44.811s][info][gc          ] GC(106) Concurrent cleanup 524M->33M(2048M) 0.053ms
[44.811s][info][gc,ergo     ] GC(106) Free: 1911M, Max: 1024K regular, 1420M humongous, Frag: 26% external, 0% internal; Reserve: 103M, Max: 1024K
[44.811s][info][gc,start    ] GC(106) Concurrent class unloading
[44.811s][info][gc,task     ] GC(106) Using 1 of 3 workers for concurrent class unloading
[44.814s][info][gc          ] GC(106) Concurrent class unloading 3.205ms
[44.814s][info][gc,start    ] GC(106) Pause Final Roots
[44.814s][info][gc          ] GC(106) Pause Final Roots 0.038ms
[44.814s][info][gc,ergo     ] Free: 1910M, Max: 1024K regular, 1420M humongous, Frag: 26% external, 0% internal; Reserve: 103M, Max: 1024K
[44.815s][info][gc,stats    ] 
[44.815s][info][gc,stats    ] All times are wall-clock times, except per-root-class counters, that are sum over
[44.815s][info][gc,stats    ] all workers. Dividing the <total> over the root stage time estimates parallelism.
[44.815s][info][gc,stats    ] 
[44.815s][info][gc,stats    ] Concurrent Reset                    157 us
[44.815s][info][gc,stats    ] Pause Init Mark (G)                 166 us
[44.815s][info][gc,stats    ] Pause Init Mark (N)                  84 us
[44.815s][info][gc,stats    ]   Update Region States               30 us
[44.815s][info][gc,stats    ] Concurrent Mark Roots               443 us, parallelism: 0.84x
[44.815s][info][gc,stats    ]   CMR: <total>                      371 us
[44.815s][info][gc,stats    ]   CMR: Thread Roots                 332 us, workers (us): 332, ---, ---, 
[44.815s][info][gc,stats    ]   CMR: VM Strong Roots                4 us, workers (us):   4, ---, ---, 
[44.815s][info][gc,stats    ]   CMR: CLDG Roots                    35 us, workers (us):  35, ---, ---, 
[44.815s][info][gc,stats    ] Concurrent Marking                 3914 us
[44.815s][info][gc,stats    ] Pause Final Mark (G)                234 us
[44.815s][info][gc,stats    ] Pause Final Mark (N)                175 us
[44.815s][info][gc,stats    ]   Finish Mark                        39 us
[44.815s][info][gc,stats    ]   Update Region States               30 us
[44.815s][info][gc,stats    ]   Choose Collection Set              41 us
[44.815s][info][gc,stats    ]   Rebuild Free Set                    8 us
[44.815s][info][gc,stats    ] Concurrent Weak References           71 us, parallelism: 0.10x
[44.815s][info][gc,stats    ]   CWRF: <total>                       7 us
[44.815s][info][gc,stats    ]   CWRF: Weak References               7 us, workers (us):   7, ---, ---, 
[44.815s][info][gc,stats    ] Concurrent Weak Roots              3677 us
[44.815s][info][gc,stats    ]   Roots                            3569 us, parallelism: 0.99x
[44.815s][info][gc,stats    ]     CWR: <total>                   3543 us
[44.815s][info][gc,stats    ]     CWR: Code Cache Roots           664 us, workers (us): 664, ---, ---, 
[44.815s][info][gc,stats    ]     CWR: VM Weak Roots             2872 us, workers (us): 2872, ---, ---, 
[44.815s][info][gc,stats    ]     CWR: CLDG Roots                   7 us, workers (us):   7, ---, ---, 
[44.815s][info][gc,stats    ]   Rendezvous                         47 us
[44.815s][info][gc,stats    ] Concurrent Cleanup                   62 us
[44.815s][info][gc,stats    ] Concurrent Class Unloading         3258 us
[44.815s][info][gc,stats    ]   Unlink Stale                     2969 us
[44.815s][info][gc,stats    ]     System Dictionary                 9 us
[44.815s][info][gc,stats    ]     Weak Class Links                  0 us
[44.815s][info][gc,stats    ]     Code Roots                     2958 us
[44.815s][info][gc,stats    ]   Rendezvous                         45 us
[44.815s][info][gc,stats    ]   Purge Unlinked                    168 us
[44.815s][info][gc,stats    ]     Code Roots                      165 us
[44.815s][info][gc,stats    ]     CLDG                              3 us
[44.815s][info][gc,stats    ]     Exception Caches                  0 us
[44.815s][info][gc,stats    ] Pause Final Roots (G)               105 us
[44.815s][info][gc,stats    ] Pause Final Roots (N)                47 us
[44.815s][info][gc,stats    ] 
[44.815s][info][gc,stats    ] Allocation pacing accrued:
[44.815s][info][gc,stats    ]       0 of   457 ms (  0.0%): <total>
[44.815s][info][gc,stats    ]       0 of   457 ms (  0.0%): <average total>
[44.815s][info][gc,stats    ] 
[44.815s][info][gc,metaspace] Metaspace: 14201K(14528K)->14201K(14528K) NonClass: 12296K(12480K)->12296K(12480K) Class: 1905K(2048K)->1905K(2048K)
[44.815s][info][gc,ergo     ] Pacer for Idle. Initial: 41943K, Alloc Tax Rate: 1.0x
[45.231s][info][gc          ] Trigger: Learning 3 of 5. Free (1432M) is below initial threshold (1433M)
[45.232s][info][gc,ergo     ] Free: 1432M, Max: 1024K regular, 1420M humongous, Frag: 1% external, 0% internal; Reserve: 103M, Max: 1024K
[45.232s][info][gc,start    ] GC(107) Concurrent reset
[45.232s][info][gc,task     ] GC(107) Using 1 of 3 workers for concurrent reset
[45.232s][info][gc,ergo     ] GC(107) Pacer for Reset. Non-Taxable: 2048M
[45.232s][info][gc          ] GC(107) Concurrent reset 0.183ms
[45.232s][info][gc,start    ] GC(107) Pause Init Mark (unload classes)
[45.232s][info][gc,task     ] GC(107) Using 3 of 3 workers for init marking
[45.232s][info][gc,ergo     ] GC(107) Pacer for Mark. Expected Live: 4517K, Free: 1432M, Non-Taxable: 143M, Alloc Tax Rate: 0.0x
[45.232s][info][gc          ] GC(107) Pause Init Mark (unload classes) 0.067ms
[45.232s][info][gc,start    ] GC(107) Concurrent marking roots
[45.232s][info][gc,task     ] GC(107) Using 1 of 3 workers for concurrent marking roots
[45.232s][info][gc          ] GC(107) Concurrent marking roots 0.433ms
[45.232s][info][gc,start    ] GC(107) Concurrent marking (unload classes)
[45.232s][info][gc,task     ] GC(107) Using 1 of 3 workers for concurrent marking
[45.236s][info][gc          ] GC(107) Concurrent marking (unload classes) 3.979ms
[45.237s][info][gc,start    ] GC(107) Pause Final Mark (unload classes)
[45.237s][info][gc,task     ] GC(107) Using 3 of 3 workers for final marking
[45.237s][info][gc,ergo     ] GC(107) Collectable Garbage: 488M (96%), Immediate: 488M (96%), CSet: 0B (0%)
[45.237s][info][gc          ] GC(107) Pause Final Mark (unload classes) 0.147ms
[45.237s][info][gc,start    ] GC(107) Concurrent weak references
[45.237s][info][gc,task     ] GC(107) Using 1 of 3 workers for concurrent weak references
[45.237s][info][gc,ref      ] GC(107) Encountered references: Soft: 140, Weak: 729, Final: 0, Phantom: 64
[45.237s][info][gc,ref      ] GC(107) Discovered  references: Soft: 0, Weak: 147, Final: 0, Phantom: 37
[45.237s][info][gc,ref      ] GC(107) Enqueued    references: Soft: 0, Weak: 0, Final: 0, Phantom: 0
[45.237s][info][gc          ] GC(107) Concurrent weak references 0.061ms
[45.237s][info][gc,start    ] GC(107) Concurrent weak roots
[45.237s][info][gc,task     ] GC(107) Using 1 of 3 workers for concurrent weak root
[45.241s][info][gc          ] GC(107) Concurrent weak roots 4.128ms
[45.241s][info][gc,start    ] GC(107) Concurrent cleanup
[45.241s][info][gc          ] GC(107) Concurrent cleanup 525M->37M(2048M) 0.053ms
[45.241s][info][gc,ergo     ] GC(107) Free: 1907M, Max: 1024K regular, 1419M humongous, Frag: 26% external, 0% internal; Reserve: 103M, Max: 1024K
[45.241s][info][gc,start    ] GC(107) Concurrent class unloading
[45.241s][info][gc,task     ] GC(107) Using 1 of 3 workers for concurrent class unloading
[45.244s][info][gc          ] GC(107) Concurrent class unloading 3.151ms
[45.244s][info][gc,start    ] GC(107) Pause Final Roots
[45.244s][info][gc          ] GC(107) Pause Final Roots 0.038ms
[45.244s][info][gc,ergo     ] Free: 1902M, Max: 1024K regular, 1419M humongous, Frag: 26% external, 0% internal; Reserve: 103M, Max: 1024K
[45.244s][info][gc,stats    ] 
[45.244s][info][gc,stats    ] All times are wall-clock times, except per-root-class counters, that are sum over
[45.244s][info][gc,stats    ] all workers. Dividing the <total> over the root stage time estimates parallelism.
[45.244s][info][gc,stats    ] 
[45.244s][info][gc,stats    ] Concurrent Reset                    225 us
[45.244s][info][gc,stats    ] Pause Init Mark (G)                 190 us
[45.244s][info][gc,stats    ] Pause Init Mark (N)                  75 us
[45.244s][info][gc,stats    ]   Update Region States               23 us
[45.244s][info][gc,stats    ] Concurrent Mark Roots               447 us, parallelism: 0.83x
[45.244s][info][gc,stats    ]   CMR: <total>                      373 us
[45.244s][info][gc,stats    ]   CMR: Thread Roots                 325 us, workers (us): 325, ---, ---, 
[45.244s][info][gc,stats    ]   CMR: VM Strong Roots                5 us, workers (us):   5, ---, ---, 
[45.244s][info][gc,stats    ]   CMR: CLDG Roots                    42 us, workers (us):  42, ---, ---, 
[45.244s][info][gc,stats    ] Concurrent Marking                 4031 us
[45.244s][info][gc,stats    ] Pause Final Mark (G)                204 us
[45.244s][info][gc,stats    ] Pause Final Mark (N)                157 us
[45.245s][info][gc,stats    ]   Finish Mark                        34 us
[45.245s][info][gc,stats    ]   Update Region States               28 us
[45.245s][info][gc,stats    ]   Choose Collection Set              48 us
[45.245s][info][gc,stats    ]   Rebuild Free Set                    8 us
[45.245s][info][gc,stats    ] Concurrent Weak References           69 us, parallelism: 0.09x
[45.245s][info][gc,stats    ]   CWRF: <total>                       6 us
[45.245s][info][gc,stats    ]   CWRF: Weak References               6 us, workers (us):   6, ---, ---, 
[45.245s][info][gc,stats    ] Concurrent Weak Roots              4174 us
[45.245s][info][gc,stats    ]   Roots                            4019 us, parallelism: 0.99x
[45.245s][info][gc,stats    ]     CWR: <total>                   3992 us
[45.245s][info][gc,stats    ]     CWR: Code Cache Roots           651 us, workers (us): 651, ---, ---, 
[45.245s][info][gc,stats    ]     CWR: VM Weak Roots             3334 us, workers (us): 3334, ---, ---, 
[45.245s][info][gc,stats    ]     CWR: CLDG Roots                   7 us, workers (us):   7, ---, ---, 
[45.245s][info][gc,stats    ]   Rendezvous                         92 us
[45.245s][info][gc,stats    ] Concurrent Cleanup                   62 us
[45.245s][info][gc,stats    ] Concurrent Class Unloading         3194 us
[45.245s][info][gc,stats    ]   Unlink Stale                     2925 us
[45.245s][info][gc,stats    ]     System Dictionary                 7 us
[45.245s][info][gc,stats    ]     Weak Class Links                  0 us
[45.245s][info][gc,stats    ]     Code Roots                     2917 us
[45.245s][info][gc,stats    ]   Rendezvous                         51 us
[45.245s][info][gc,stats    ]   Purge Unlinked                    159 us
[45.245s][info][gc,stats    ]     Code Roots                      154 us
[45.245s][info][gc,stats    ]     CLDG                              4 us
[45.245s][info][gc,stats    ]     Exception Caches                  0 us
[45.245s][info][gc,stats    ] Pause Final Roots (G)                99 us
[45.245s][info][gc,stats    ] Pause Final Roots (N)                48 us
[45.245s][info][gc,stats    ] 
[45.245s][info][gc,stats    ] Allocation pacing accrued:
[45.245s][info][gc,stats    ]       0 of   430 ms (  0.0%): <total>
[45.245s][info][gc,stats    ]       0 of   430 ms (  0.0%): <average total>
[45.245s][info][gc,stats    ] 
[45.245s][info][gc,metaspace] Metaspace: 14201K(14528K)->14201K(14528K) NonClass: 12296K(12480K)->12296K(12480K) Class: 1905K(2048K)->1905K(2048K)
[45.245s][info][gc,ergo     ] Pacer for Idle. Initial: 41943K, Alloc Tax Rate: 1.0x
[45.658s][info][gc          ] Trigger: Learning 4 of 5. Free (1433M) is below initial threshold (1433M)
[45.658s][info][gc,ergo     ] Free: 1433M, Max: 1024K regular, 1419M humongous, Frag: 1% external, 0% internal; Reserve: 103M, Max: 1024K
[45.658s][info][gc,start    ] GC(108) Concurrent reset
[45.658s][info][gc,task     ] GC(108) Using 1 of 3 workers for concurrent reset
[45.658s][info][gc,ergo     ] GC(108) Pacer for Reset. Non-Taxable: 2048M
[45.659s][info][gc          ] GC(108) Concurrent reset 0.190ms
[45.659s][info][gc,start    ] GC(108) Pause Init Mark (unload classes)
[45.659s][info][gc,task     ] GC(108) Using 3 of 3 workers for init marking
[45.659s][info][gc,ergo     ] GC(108) Pacer for Mark. Expected Live: 4517K, Free: 1433M, Non-Taxable: 143M, Alloc Tax Rate: 0.0x
[45.659s][info][gc          ] GC(108) Pause Init Mark (unload classes) 0.098ms
[45.659s][info][gc,start    ] GC(108) Concurrent marking roots
[45.659s][info][gc,task     ] GC(108) Using 1 of 3 workers for concurrent marking roots
[45.659s][info][gc          ] GC(108) Concurrent marking roots 0.427ms
[45.659s][info][gc,start    ] GC(108) Concurrent marking (unload classes)
[45.659s][info][gc,task     ] GC(108) Using 1 of 3 workers for concurrent marking
[45.663s][info][gc          ] GC(108) Concurrent marking (unload classes) 3.907ms
[45.663s][info][gc,start    ] GC(108) Pause Final Mark (unload classes)
[45.663s][info][gc,task     ] GC(108) Using 3 of 3 workers for final marking
[45.663s][info][gc,ergo     ] GC(108) Collectable Garbage: 483M (95%), Immediate: 483M (95%), CSet: 0B (0%)
[45.663s][info][gc          ] GC(108) Pause Final Mark (unload classes) 0.146ms
[45.663s][info][gc,start    ] GC(108) Concurrent weak references
[45.663s][info][gc,task     ] GC(108) Using 1 of 3 workers for concurrent weak references
[45.663s][info][gc,ref      ] GC(108) Encountered references: Soft: 140, Weak: 729, Final: 0, Phantom: 64
[45.663s][info][gc,ref      ] GC(108) Discovered  references: Soft: 0, Weak: 147, Final: 0, Phantom: 37
[45.663s][info][gc,ref      ] GC(108) Enqueued    references: Soft: 0, Weak: 0, Final: 0, Phantom: 0
[45.663s][info][gc          ] GC(108) Concurrent weak references 0.070ms
[45.663s][info][gc,start    ] GC(108) Concurrent weak roots
[45.663s][info][gc,task     ] GC(108) Using 1 of 3 workers for concurrent weak root
[45.668s][info][gc          ] GC(108) Concurrent weak roots 4.536ms
[45.668s][info][gc,start    ] GC(108) Concurrent cleanup
[45.668s][info][gc          ] GC(108) Concurrent cleanup 524M->40M(2048M) 0.052ms
[45.668s][info][gc,ergo     ] GC(108) Free: 1904M, Max: 1024K regular, 1421M humongous, Frag: 26% external, 0% internal; Reserve: 103M, Max: 1024K
[45.668s][info][gc,start    ] GC(108) Concurrent class unloading
[45.668s][info][gc,task     ] GC(108) Using 1 of 3 workers for concurrent class unloading
[45.671s][info][gc          ] GC(108) Concurrent class unloading 3.124ms
[45.671s][info][gc,start    ] GC(108) Pause Final Roots
[45.671s][info][gc          ] GC(108) Pause Final Roots 0.040ms
[45.671s][info][gc,ergo     ] Free: 1899M, Max: 1024K regular, 1421M humongous, Frag: 26% external, 0% internal; Reserve: 103M, Max: 1024K
[45.671s][info][gc,stats    ] 
[45.671s][info][gc,stats    ] All times are wall-clock times, except per-root-class counters, that are sum over
[45.671s][info][gc,stats    ] all workers. Dividing the <total> over the root stage time estimates parallelism.
[45.671s][info][gc,stats    ] 
[45.671s][info][gc,stats    ] Concurrent Reset                    212 us
[45.671s][info][gc,stats    ] Pause Init Mark (G)                 224 us
[45.671s][info][gc,stats    ] Pause Init Mark (N)                 106 us
[45.671s][info][gc,stats    ]   Update Region States               27 us
[45.671s][info][gc,stats    ] Concurrent Mark Roots               440 us, parallelism: 0.85x
[45.672s][info][gc,stats    ]   CMR: <total>                      374 us
[45.672s][info][gc,stats    ]   CMR: Thread Roots                 329 us, workers (us): 329, ---, ---, 
[45.672s][info][gc,stats    ]   CMR: VM Strong Roots                5 us, workers (us):   5, ---, ---, 
[45.672s][info][gc,stats    ]   CMR: CLDG Roots                    40 us, workers (us):  40, ---, ---, 
[45.672s][info][gc,stats    ] Concurrent Marking                 3960 us
[45.672s][info][gc,stats    ] Pause Final Mark (G)                210 us
[45.672s][info][gc,stats    ] Pause Final Mark (N)                155 us
[45.672s][info][gc,stats    ]   Finish Mark                        37 us
[45.672s][info][gc,stats    ]   Update Region States               28 us
[45.672s][info][gc,stats    ]   Choose Collection Set              29 us
[45.672s][info][gc,stats    ]   Rebuild Free Set                    8 us
[45.672s][info][gc,stats    ] Concurrent Weak References           78 us, parallelism: 0.10x
[45.672s][info][gc,stats    ]   CWRF: <total>                       8 us
[45.672s][info][gc,stats    ]   CWRF: Weak References               8 us, workers (us):   8, ---, ---, 
[45.672s][info][gc,stats    ] Concurrent Weak Roots              4585 us
[45.672s][info][gc,stats    ]   Roots                            4464 us, parallelism: 0.99x
[45.672s][info][gc,stats    ]     CWR: <total>                   4435 us
[45.672s][info][gc,stats    ]     CWR: Code Cache Roots           641 us, workers (us): 641, ---, ---, 
[45.672s][info][gc,stats    ]     CWR: VM Weak Roots             3787 us, workers (us): 3787, ---, ---, 
[45.672s][info][gc,stats    ]     CWR: CLDG Roots                   7 us, workers (us):   7, ---, ---, 
[45.672s][info][gc,stats    ]   Rendezvous                         54 us
[45.672s][info][gc,stats    ] Concurrent Cleanup                   61 us
[45.672s][info][gc,stats    ] Concurrent Class Unloading         3175 us
[45.672s][info][gc,stats    ]   Unlink Stale                     2925 us
[45.672s][info][gc,stats    ]     System Dictionary                 8 us
[45.672s][info][gc,stats    ]     Weak Class Links                  0 us
[45.672s][info][gc,stats    ]     Code Roots                     2915 us
[45.672s][info][gc,stats    ]   Rendezvous                         42 us
[45.672s][info][gc,stats    ]   Purge Unlinked                    136 us
[45.672s][info][gc,stats    ]     Code Roots                      131 us
[45.672s][info][gc,stats    ]     CLDG                              5 us
[45.672s][info][gc,stats    ]     Exception Caches                  0 us
[45.672s][info][gc,stats    ] Pause Final Roots (G)               101 us
[45.672s][info][gc,stats    ] Pause Final Roots (N)                49 us
[45.672s][info][gc,stats    ] 
[45.672s][info][gc,stats    ] Allocation pacing accrued:
[45.672s][info][gc,stats    ]       0 of   427 ms (  0.0%): <total>
[45.672s][info][gc,stats    ]       0 of   427 ms (  0.0%): <average total>
[45.672s][info][gc,stats    ] 
[45.672s][info][gc,metaspace] Metaspace: 14201K(14528K)->14201K(14528K) NonClass: 12296K(12480K)->12296K(12480K) Class: 1905K(2048K)->1905K(2048K)
[45.672s][info][gc,ergo     ] Pacer for Idle. Initial: 41943K, Alloc Tax Rate: 1.0x
[46.098s][info][gc          ] Trigger: Learning 5 of 5. Free (1433M) is below initial threshold (1433M)
[46.098s][info][gc,ergo     ] Free: 1433M, Max: 1024K regular, 1421M humongous, Frag: 1% external, 0% internal; Reserve: 103M, Max: 1024K
[46.098s][info][gc,start    ] GC(109) Concurrent reset
[46.098s][info][gc,task     ] GC(109) Using 1 of 3 workers for concurrent reset
[46.098s][info][gc,ergo     ] GC(109) Pacer for Reset. Non-Taxable: 2048M
[46.099s][info][gc          ] GC(109) Concurrent reset 0.197ms
[46.099s][info][gc,start    ] GC(109) Pause Init Mark (unload classes)
[46.099s][info][gc,task     ] GC(109) Using 3 of 3 workers for init marking
[46.099s][info][gc,ergo     ] GC(109) Pacer for Mark. Expected Live: 4517K, Free: 1433M, Non-Taxable: 143M, Alloc Tax Rate: 0.0x
[46.099s][info][gc          ] GC(109) Pause Init Mark (unload classes) 0.092ms
[46.099s][info][gc,start    ] GC(109) Concurrent marking roots
[46.099s][info][gc,task     ] GC(109) Using 1 of 3 workers for concurrent marking roots
[46.099s][info][gc          ] GC(109) Concurrent marking roots 0.407ms
[46.099s][info][gc,start    ] GC(109) Concurrent marking (unload classes)
[46.099s][info][gc,task     ] GC(109) Using 1 of 3 workers for concurrent marking
[46.103s][info][gc          ] GC(109) Concurrent marking (unload classes) 3.937ms
[46.103s][info][gc,start    ] GC(109) Pause Final Mark (unload classes)
[46.103s][info][gc,task     ] GC(109) Using 3 of 3 workers for final marking
[46.103s][info][gc,ergo     ] GC(109) Collectable Garbage: 483M (95%), Immediate: 483M (95%), CSet: 0B (0%)
[46.103s][info][gc          ] GC(109) Pause Final Mark (unload classes) 0.151ms
[46.103s][info][gc,start    ] GC(109) Concurrent weak references
[46.103s][info][gc,task     ] GC(109) Using 1 of 3 workers for concurrent weak references
[46.103s][info][gc,ref      ] GC(109) Encountered references: Soft: 140, Weak: 727, Final: 0, Phantom: 64
[46.103s][info][gc,ref      ] GC(109) Discovered  references: Soft: 0, Weak: 147, Final: 0, Phantom: 37
[46.103s][info][gc,ref      ] GC(109) Enqueued    references: Soft: 0, Weak: 0, Final: 0, Phantom: 0
[46.103s][info][gc          ] GC(109) Concurrent weak references 0.084ms
[46.103s][info][gc,start    ] GC(109) Concurrent weak roots
[46.103s][info][gc,task     ] GC(109) Using 1 of 3 workers for concurrent weak root
[46.105s][info][gc          ] GC(109) Concurrent weak roots 1.798ms
[46.105s][info][gc,start    ] GC(109) Concurrent cleanup
[46.105s][info][gc          ] GC(109) Concurrent cleanup 521M->38M(2048M) 0.058ms
[46.105s][info][gc,ergo     ] GC(109) Free: 1906M, Max: 1024K regular, 1427M humongous, Frag: 26% external, 0% internal; Reserve: 103M, Max: 1024K
[46.105s][info][gc,start    ] GC(109) Concurrent class unloading
[46.105s][info][gc,task     ] GC(109) Using 1 of 3 workers for concurrent class unloading
[46.108s][info][gc          ] GC(109) Concurrent class unloading 3.098ms
[46.109s][info][gc,start    ] GC(109) Pause Final Roots
[46.109s][info][gc          ] GC(109) Pause Final Roots 0.020ms
[46.109s][info][gc,ergo     ] Free: 1905M, Max: 1024K regular, 1427M humongous, Frag: 26% external, 0% internal; Reserve: 103M, Max: 1024K
[46.109s][info][gc,stats    ] 
[46.109s][info][gc,stats    ] All times are wall-clock times, except per-root-class counters, that are sum over
[46.109s][info][gc,stats    ] all workers. Dividing the <total> over the root stage time estimates parallelism.
[46.109s][info][gc,stats    ] 
[46.109s][info][gc,stats    ] Concurrent Reset                    213 us
[46.109s][info][gc,stats    ] Pause Init Mark (G)                 181 us
[46.109s][info][gc,stats    ] Pause Init Mark (N)                 100 us
[46.109s][info][gc,stats    ]   Update Region States               28 us
[46.109s][info][gc,stats    ] Concurrent Mark Roots               425 us, parallelism: 0.84x
[46.109s][info][gc,stats    ]   CMR: <total>                      359 us
[46.109s][info][gc,stats    ]   CMR: Thread Roots                 317 us, workers (us): 317, ---, ---, 
[46.109s][info][gc,stats    ]   CMR: VM Strong Roots                5 us, workers (us):   5, ---, ---, 
[46.109s][info][gc,stats    ]   CMR: CLDG Roots                    37 us, workers (us):  37, ---, ---, 
[46.109s][info][gc,stats    ] Concurrent Marking                 3986 us
[46.109s][info][gc,stats    ] Pause Final Mark (G)                208 us
[46.109s][info][gc,stats    ] Pause Final Mark (N)                160 us
[46.109s][info][gc,stats    ]   Finish Mark                        33 us
[46.109s][info][gc,stats    ]   Update Region States               32 us
[46.109s][info][gc,stats    ]   Choose Collection Set              35 us
[46.109s][info][gc,stats    ]   Rebuild Free Set                    8 us
[46.109s][info][gc,stats    ] Concurrent Weak References           92 us, parallelism: 0.07x
[46.109s][info][gc,stats    ]   CWRF: <total>                       7 us
[46.109s][info][gc,stats    ]   CWRF: Weak References               7 us, workers (us):   7, ---, ---, 
[46.109s][info][gc,stats    ] Concurrent Weak Roots              1844 us
[46.109s][info][gc,stats    ]   Roots                            1727 us, parallelism: 0.98x
[46.109s][info][gc,stats    ]     CWR: <total>                   1699 us
[46.109s][info][gc,stats    ]     CWR: Code Cache Roots           673 us, workers (us): 673, ---, ---, 
[46.109s][info][gc,stats    ]     CWR: VM Weak Roots             1019 us, workers (us): 1019, ---, ---, 
[46.109s][info][gc,stats    ]     CWR: CLDG Roots                   8 us, workers (us):   8, ---, ---, 
[46.109s][info][gc,stats    ]   Rendezvous                         54 us
[46.109s][info][gc,stats    ] Concurrent Cleanup                   67 us
[46.109s][info][gc,stats    ] Concurrent Class Unloading         3143 us
[46.109s][info][gc,stats    ]   Unlink Stale                     2880 us
[46.109s][info][gc,stats    ]     System Dictionary                 8 us
[46.109s][info][gc,stats    ]     Weak Class Links                  0 us
[46.109s][info][gc,stats    ]     Code Roots                     2871 us
[46.109s][info][gc,stats    ]   Rendezvous                         47 us
[46.109s][info][gc,stats    ]   Purge Unlinked                    153 us
[46.109s][info][gc,stats    ]     Code Roots                      149 us
[46.109s][info][gc,stats    ]     CLDG                              3 us
[46.109s][info][gc,stats    ]     Exception Caches                  0 us
[46.109s][info][gc,stats    ] Pause Final Roots (G)                73 us
[46.109s][info][gc,stats    ] Pause Final Roots (N)                28 us
[46.109s][info][gc,stats    ] 
[46.109s][info][gc,stats    ] Allocation pacing accrued:
[46.109s][info][gc,stats    ]       0 of   437 ms (  0.0%): <total>
[46.109s][info][gc,stats    ]       0 of   437 ms (  0.0%): <average total>
[46.109s][info][gc,stats    ] 
[46.109s][info][gc,metaspace] Metaspace: 14201K(14528K)->14201K(14528K) NonClass: 12296K(12480K)->12296K(12480K) Class: 1905K(2048K)->1905K(2048K)
[46.109s][info][gc,ergo     ] Pacer for Idle. Initial: 41943K, Alloc Tax Rate: 1.0x
[46.270s][info][gc          ] Trigger: Explicit GC request (System.gc())
[46.270s][info][gc,ergo     ] Free: 1779M, Max: 1024K regular, 1427M humongous, Frag: 20% external, 0% internal; Reserve: 103M, Max: 1024K
[46.270s][info][gc,start    ] GC(110) Concurrent reset
[46.270s][info][gc,task     ] GC(110) Using 1 of 3 workers for concurrent reset
[46.270s][info][gc,ergo     ] GC(110) Pacer for Reset. Non-Taxable: 2048M
[46.270s][info][gc          ] GC(110) Concurrent reset 0.295ms
[46.270s][info][gc,start    ] GC(110) Pause Init Mark (unload classes)
[46.270s][info][gc,task     ] GC(110) Using 3 of 3 workers for init marking
[46.270s][info][gc,ref      ] GC(110) Clearing All SoftReferences
[46.270s][info][gc,ergo     ] GC(110) Pacer for Mark. Expected Live: 4511K, Free: 1779M, Non-Taxable: 177M, Alloc Tax Rate: 0.0x
[46.270s][info][gc          ] GC(110) Pause Init Mark (unload classes) 0.207ms
[46.270s][info][gc,start    ] GC(110) Concurrent marking roots
[46.270s][info][gc,task     ] GC(110) Using 1 of 3 workers for concurrent marking roots
[46.271s][info][gc          ] GC(110) Concurrent marking roots 0.868ms
[46.271s][info][gc,start    ] GC(110) Concurrent marking (unload classes)
[46.271s][info][gc,task     ] GC(110) Using 1 of 3 workers for concurrent marking
[46.276s][info][gc          ] GC(110) Concurrent marking (unload classes) 4.284ms
[46.276s][info][gc,start    ] GC(110) Pause Final Mark (unload classes)
[46.276s][info][gc,task     ] GC(110) Using 3 of 3 workers for final marking
[46.276s][info][gc,ergo     ] GC(110) Collectable Garbage: 155M (96%), Immediate: 155M (96%), CSet: 0B (0%)
[46.276s][info][gc          ] GC(110) Pause Final Mark (unload classes) 0.275ms
[46.276s][info][gc,start    ] GC(110) Concurrent weak references
[46.276s][info][gc,task     ] GC(110) Using 1 of 3 workers for concurrent weak references
[46.276s][info][gc,ref      ] GC(110) Encountered references: Soft: 140, Weak: 713, Final: 0, Phantom: 64
[46.276s][info][gc,ref      ] GC(110) Discovered  references: Soft: 88, Weak: 169, Final: 0, Phantom: 62
[46.276s][info][gc,ref      ] GC(110) Enqueued    references: Soft: 3, Weak: 0, Final: 0, Phantom: 0
[46.276s][info][gc          ] GC(110) Concurrent weak references 0.168ms
[46.276s][info][gc,start    ] GC(110) Concurrent weak roots
[46.276s][info][gc,task     ] GC(110) Using 1 of 3 workers for concurrent weak root
[46.278s][info][gc          ] GC(110) Concurrent weak roots 2.038ms
[46.278s][info][gc,start    ] GC(110) Concurrent cleanup
[46.278s][info][gc          ] GC(110) Concurrent cleanup 165M->9M(2048M) 0.048ms
[46.278s][info][gc,ergo     ] GC(110) Free: 1935M, Max: 1024K regular, 1802M humongous, Frag: 7% external, 0% internal; Reserve: 103M, Max: 1024K
[46.278s][info][gc,start    ] GC(110) Concurrent class unloading
[46.278s][info][gc,task     ] GC(110) Using 1 of 3 workers for concurrent class unloading
[46.282s][info][gc          ] GC(110) Concurrent class unloading 4.031ms
[46.282s][info][gc,start    ] GC(110) Pause Final Roots
[46.282s][info][gc          ] GC(110) Pause Final Roots 0.030ms
[46.283s][info][gc,ergo     ] Free: 1935M, Max: 1024K regular, 1802M humongous, Frag: 7% external, 0% internal; Reserve: 103M, Max: 1024K
[46.283s][info][gc,stats    ] 
[46.283s][info][gc,stats    ] All times are wall-clock times, except per-root-class counters, that are sum over
[46.283s][info][gc,stats    ] all workers. Dividing the <total> over the root stage time estimates parallelism.
[46.283s][info][gc,stats    ] 
[46.283s][info][gc,stats    ] Concurrent Reset                    345 us
[46.283s][info][gc,stats    ] Pause Init Mark (G)                 326 us
[46.283s][info][gc,stats    ] Pause Init Mark (N)                 224 us
[46.283s][info][gc,stats    ]   Update Region States               80 us
[46.283s][info][gc,stats    ] Concurrent Mark Roots               889 us, parallelism: 0.78x
[46.283s][info][gc,stats    ]   CMR: <total>                      695 us
[46.283s][info][gc,stats    ]   CMR: Thread Roots                 606 us, workers (us): 606, ---, ---, 
[46.283s][info][gc,stats    ]   CMR: VM Strong Roots                8 us, workers (us):   8, ---, ---, 
[46.283s][info][gc,stats    ]   CMR: CLDG Roots                    80 us, workers (us):  80, ---, ---, 
[46.283s][info][gc,stats    ] Concurrent Marking                 4350 us
[46.283s][info][gc,stats    ] Pause Final Mark (G)                369 us
[46.283s][info][gc,stats    ] Pause Final Mark (N)                296 us
[46.283s][info][gc,stats    ]   Finish Mark                        98 us
[46.283s][info][gc,stats    ]   Update Region States               49 us
[46.283s][info][gc,stats    ]   Choose Collection Set              50 us
[46.283s][info][gc,stats    ]   Rebuild Free Set                   21 us
[46.283s][info][gc,stats    ] Concurrent Weak References          184 us, parallelism: 0.04x
[46.283s][info][gc,stats    ]   CWRF: <total>                       8 us
[46.283s][info][gc,stats    ]   CWRF: Weak References               8 us, workers (us):   8, ---, ---, 
[46.283s][info][gc,stats    ] Concurrent Weak Roots              2075 us
[46.283s][info][gc,stats    ]   Roots                            1961 us, parallelism: 0.79x
[46.283s][info][gc,stats    ]     CWR: <total>                   1545 us
[46.283s][info][gc,stats    ]     CWR: Code Cache Roots           585 us, workers (us): 585, ---, ---, 
[46.283s][info][gc,stats    ]     CWR: VM Weak Roots              954 us, workers (us): 954, ---, ---, 
[46.283s][info][gc,stats    ]     CWR: CLDG Roots                   7 us, workers (us):   7, ---, ---, 
[46.283s][info][gc,stats    ]   Rendezvous                         45 us
[46.283s][info][gc,stats    ] Concurrent Cleanup                   76 us
[46.283s][info][gc,stats    ] Concurrent Class Unloading         4093 us
[46.283s][info][gc,stats    ]   Unlink Stale                     3798 us
[46.283s][info][gc,stats    ]     System Dictionary                 7 us
[46.283s][info][gc,stats    ]     Weak Class Links                  0 us
[46.283s][info][gc,stats    ]     Code Roots                     3787 us
[46.283s][info][gc,stats    ]   Rendezvous                         41 us
[46.283s][info][gc,stats    ]   Purge Unlinked                    157 us
[46.283s][info][gc,stats    ]     Code Roots                      148 us
[46.283s][info][gc,stats    ]     CLDG                              9 us
[46.283s][info][gc,stats    ]     Exception Caches                  0 us
[46.283s][info][gc,stats    ] Pause Final Roots (G)               109 us
[46.283s][info][gc,stats    ] Pause Final Roots (N)                46 us
[46.283s][info][gc,stats    ] 
[46.283s][info][gc,stats    ] Allocation pacing accrued:
[46.283s][info][gc,stats    ]       0 of   174 ms (  0.0%): <total>
[46.283s][info][gc,stats    ]       0 of   174 ms (  0.0%): <average total>
[46.283s][info][gc,stats    ] 
[46.283s][info][gc,metaspace] Metaspace: 14201K(14528K)->14201K(14528K) NonClass: 12296K(12480K)->12296K(12480K) Class: 1905K(2048K)->1905K(2048K)
[46.283s][info][gc,ergo     ] Pacer for Idle. Initial: 41943K, Alloc Tax Rate: 1.0x
[46.751s][info][gc          ] Trigger: Learning 2 of 5. Free (1433M) is below initial threshold (1433M)
[46.751s][info][gc,ergo     ] Free: 1433M, Max: 1024K regular, 1433M humongous, Frag: 0% external, 0% internal; Reserve: 103M, Max: 1024K
[46.751s][info][gc,start    ] GC(111) Concurrent reset
[46.751s][info][gc,task     ] GC(111) Using 1 of 3 workers for concurrent reset
[46.751s][info][gc,ergo     ] GC(111) Pacer for Reset. Non-Taxable: 2048M
[46.752s][info][gc          ] GC(111) Concurrent reset 0.143ms
[46.752s][info][gc,start    ] GC(111) Pause Init Mark (unload classes)
[46.752s][info][gc,task     ] GC(111) Using 3 of 3 workers for init marking
[46.752s][info][gc,ergo     ] GC(111) Pacer for Mark. Expected Live: 4511K, Free: 1433M, Non-Taxable: 143M, Alloc Tax Rate: 0.0x
[46.752s][info][gc          ] GC(111) Pause Init Mark (unload classes) 0.094ms
[46.752s][info][gc,start    ] GC(111) Concurrent marking roots
[46.752s][info][gc,task     ] GC(111) Using 1 of 3 workers for concurrent marking roots
[46.752s][info][gc          ] GC(111) Concurrent marking roots 0.405ms
[46.752s][info][gc,start    ] GC(111) Concurrent marking (unload classes)
[46.752s][info][gc,task     ] GC(111) Using 1 of 3 workers for concurrent marking
[46.756s][info][gc          ] GC(111) Concurrent marking (unload classes) 3.865ms
[46.756s][info][gc,start    ] GC(111) Pause Final Mark (unload classes)
[46.756s][info][gc,task     ] GC(111) Using 3 of 3 workers for final marking
[46.756s][info][gc,ergo     ] GC(111) Collectable Garbage: 487M (96%), Immediate: 487M (96%), CSet: 0B (0%)
[46.756s][info][gc          ] GC(111) Pause Final Mark (unload classes) 0.155ms
[46.756s][info][gc,start    ] GC(111) Concurrent weak references
[46.756s][info][gc,task     ] GC(111) Using 1 of 3 workers for concurrent weak references
[46.756s][info][gc,ref      ] GC(111) Encountered references: Soft: 140, Weak: 735, Final: 0, Phantom: 64
[46.756s][info][gc,ref      ] GC(111) Discovered  references: Soft: 0, Weak: 151, Final: 0, Phantom: 37
[46.756s][info][gc,ref      ] GC(111) Enqueued    references: Soft: 0, Weak: 2, Final: 0, Phantom: 0
[46.756s][info][gc          ] GC(111) Concurrent weak references 0.064ms
[46.756s][info][gc,start    ] GC(111) Concurrent weak roots
[46.756s][info][gc,task     ] GC(111) Using 1 of 3 workers for concurrent weak root
[46.760s][info][gc          ] GC(111) Concurrent weak roots 3.417ms
[46.760s][info][gc,start    ] GC(111) Concurrent cleanup
[46.760s][info][gc          ] GC(111) Concurrent cleanup 524M->37M(2048M) 0.059ms
[46.760s][info][gc,ergo     ] GC(111) Free: 1907M, Max: 1024K regular, 1420M humongous, Frag: 26% external, 0% internal; Reserve: 103M, Max: 1024K
[46.760s][info][gc,start    ] GC(111) Concurrent class unloading
[46.760s][info][gc,task     ] GC(111) Using 1 of 3 workers for concurrent class unloading
[46.763s][info][gc          ] GC(111) Concurrent class unloading 3.072ms
[46.763s][info][gc,start    ] GC(111) Pause Final Roots
[46.763s][info][gc          ] GC(111) Pause Final Roots 0.013ms
[46.763s][info][gc,ergo     ] Free: 1906M, Max: 1024K regular, 1420M humongous, Frag: 26% external, 0% internal; Reserve: 103M, Max: 1024K
[46.763s][info][gc,stats    ] 
[46.763s][info][gc,stats    ] All times are wall-clock times, except per-root-class counters, that are sum over
[46.763s][info][gc,stats    ] all workers. Dividing the <total> over the root stage time estimates parallelism.
[46.763s][info][gc,stats    ] 
[46.763s][info][gc,stats    ] Concurrent Reset                    162 us
[46.763s][info][gc,stats    ] Pause Init Mark (G)                 211 us
[46.763s][info][gc,stats    ] Pause Init Mark (N)                 102 us
[46.763s][info][gc,stats    ]   Update Region States               25 us
[46.763s][info][gc,stats    ] Concurrent Mark Roots               419 us, parallelism: 0.84x
[46.763s][info][gc,stats    ]   CMR: <total>                      354 us
[46.763s][info][gc,stats    ]   CMR: Thread Roots                 313 us, workers (us): 313, ---, ---, 
[46.763s][info][gc,stats    ]   CMR: VM Strong Roots                5 us, workers (us):   5, ---, ---, 
[46.763s][info][gc,stats    ]   CMR: CLDG Roots                    35 us, workers (us):  35, ---, ---, 
[46.763s][info][gc,stats    ] Concurrent Marking                 3914 us
[46.763s][info][gc,stats    ] Pause Final Mark (G)                231 us
[46.763s][info][gc,stats    ] Pause Final Mark (N)                165 us
[46.763s][info][gc,stats    ]   Finish Mark                        35 us
[46.763s][info][gc,stats    ]   Update Region States               29 us
[46.763s][info][gc,stats    ]   Choose Collection Set              49 us
[46.763s][info][gc,stats    ]   Rebuild Free Set                    8 us
[46.763s][info][gc,stats    ] Concurrent Weak References           72 us, parallelism: 0.09x
[46.763s][info][gc,stats    ]   CWRF: <total>                       7 us
[46.763s][info][gc,stats    ]   CWRF: Weak References               7 us, workers (us):   7, ---, ---, 
[46.763s][info][gc,stats    ] Concurrent Weak Roots              3469 us
[46.763s][info][gc,stats    ]   Roots                            3254 us, parallelism: 0.99x
[46.763s][info][gc,stats    ]     CWR: <total>                   3229 us
[46.763s][info][gc,stats    ]     CWR: Code Cache Roots           644 us, workers (us): 644, ---, ---, 
[46.763s][info][gc,stats    ]     CWR: VM Weak Roots             2577 us, workers (us): 2577, ---, ---, 
[46.763s][info][gc,stats    ]     CWR: CLDG Roots                   7 us, workers (us):   7, ---, ---, 
[46.763s][info][gc,stats    ]   Rendezvous                        146 us
[46.764s][info][gc,stats    ] Concurrent Cleanup                   67 us
[46.764s][info][gc,stats    ] Concurrent Class Unloading         3121 us
[46.764s][info][gc,stats    ]   Unlink Stale                     2888 us
[46.764s][info][gc,stats    ]     System Dictionary                 9 us
[46.764s][info][gc,stats    ]     Weak Class Links                  0 us
[46.764s][info][gc,stats    ]     Code Roots                     2877 us
[46.764s][info][gc,stats    ]   Rendezvous                         40 us
[46.764s][info][gc,stats    ]   Purge Unlinked                    125 us
[46.764s][info][gc,stats    ]     Code Roots                      122 us
[46.764s][info][gc,stats    ]     CLDG                              2 us
[46.764s][info][gc,stats    ]     Exception Caches                  0 us
[46.764s][info][gc,stats    ] Pause Final Roots (G)                77 us
[46.764s][info][gc,stats    ] Pause Final Roots (N)                20 us
[46.764s][info][gc,stats    ] 
[46.764s][info][gc,stats    ] Allocation pacing accrued:
[46.764s][info][gc,stats    ]       0 of   481 ms (  0.0%): <total>
[46.764s][info][gc,stats    ]       0 of   481 ms (  0.0%): <average total>
[46.764s][info][gc,stats    ] 
[46.764s][info][gc,metaspace] Metaspace: 14201K(14528K)->14201K(14528K) NonClass: 12296K(12480K)->12296K(12480K) Class: 1905K(2048K)->1905K(2048K)
[46.764s][info][gc,ergo     ] Pacer for Idle. Initial: 41943K, Alloc Tax Rate: 1.0x
[47.206s][info][gc          ] Trigger: Learning 3 of 5. Free (1433M) is below initial threshold (1433M)
[47.206s][info][gc,ergo     ] Free: 1433M, Max: 1024K regular, 1420M humongous, Frag: 1% external, 0% internal; Reserve: 103M, Max: 1024K
[47.206s][info][gc,start    ] GC(112) Concurrent reset
[47.206s][info][gc,task     ] GC(112) Using 1 of 3 workers for concurrent reset
[47.206s][info][gc,ergo     ] GC(112) Pacer for Reset. Non-Taxable: 2048M
[47.206s][info][gc          ] GC(112) Concurrent reset 0.190ms
[47.206s][info][gc,start    ] GC(112) Pause Init Mark (unload classes)
[47.206s][info][gc,task     ] GC(112) Using 3 of 3 workers for init marking
[47.206s][info][gc,ergo     ] GC(112) Pacer for Mark. Expected Live: 4511K, Free: 1433M, Non-Taxable: 143M, Alloc Tax Rate: 0.0x
[47.206s][info][gc          ] GC(112) Pause Init Mark (unload classes) 0.094ms
[47.206s][info][gc,start    ] GC(112) Concurrent marking roots
[47.206s][info][gc,task     ] GC(112) Using 1 of 3 workers for concurrent marking roots
[47.207s][info][gc          ] GC(112) Concurrent marking roots 0.421ms
[47.207s][info][gc,start    ] GC(112) Concurrent marking (unload classes)
[47.207s][info][gc,task     ] GC(112) Using 1 of 3 workers for concurrent marking
[47.211s][info][gc          ] GC(112) Concurrent marking (unload classes) 3.919ms
[47.211s][info][gc,start    ] GC(112) Pause Final Mark (unload classes)
[47.211s][info][gc,task     ] GC(112) Using 3 of 3 workers for final marking
[47.211s][info][gc,ergo     ] GC(112) Collectable Garbage: 484M (95%), Immediate: 484M (95%), CSet: 0B (0%)
[47.211s][info][gc          ] GC(112) Pause Final Mark (unload classes) 0.167ms
[47.211s][info][gc,start    ] GC(112) Concurrent weak references
[47.211s][info][gc,task     ] GC(112) Using 1 of 3 workers for concurrent weak references
[47.211s][info][gc,ref      ] GC(112) Encountered references: Soft: 140, Weak: 733, Final: 0, Phantom: 64
[47.211s][info][gc,ref      ] GC(112) Discovered  references: Soft: 0, Weak: 149, Final: 0, Phantom: 37
[47.211s][info][gc,ref      ] GC(112) Enqueued    references: Soft: 0, Weak: 0, Final: 0, Phantom: 0
[47.211s][info][gc          ] GC(112) Concurrent weak references 0.065ms
[47.211s][info][gc,start    ] GC(112) Concurrent weak roots
[47.211s][info][gc,task     ] GC(112) Using 1 of 3 workers for concurrent weak root
[47.215s][info][gc          ] GC(112) Concurrent weak roots 3.841ms
[47.215s][info][gc,start    ] GC(112) Concurrent cleanup
[47.215s][info][gc          ] GC(112) Concurrent cleanup 523M->40M(2048M) 0.072ms
[47.215s][info][gc,ergo     ] GC(112) Free: 1904M, Max: 1024K regular, 1426M humongous, Frag: 26% external, 0% internal; Reserve: 103M, Max: 1024K
[47.215s][info][gc,start    ] GC(112) Concurrent class unloading
[47.215s][info][gc,task     ] GC(112) Using 1 of 3 workers for concurrent class unloading
[47.218s][info][gc          ] GC(112) Concurrent class unloading 3.242ms
[47.218s][info][gc,start    ] GC(112) Pause Final Roots
[47.218s][info][gc          ] GC(112) Pause Final Roots 0.039ms
[47.218s][info][gc,ergo     ] Free: 1903M, Max: 1024K regular, 1426M humongous, Frag: 26% external, 0% internal; Reserve: 103M, Max: 1024K
[47.218s][info][gc,stats    ] 
[47.218s][info][gc,stats    ] All times are wall-clock times, except per-root-class counters, that are sum over
[47.218s][info][gc,stats    ] all workers. Dividing the <total> over the root stage time estimates parallelism.
[47.218s][info][gc,stats    ] 
[47.218s][info][gc,stats    ] Concurrent Reset                    214 us
[47.218s][info][gc,stats    ] Pause Init Mark (G)                 217 us
[47.218s][info][gc,stats    ] Pause Init Mark (N)                 102 us
[47.218s][info][gc,stats    ]   Update Region States               25 us
[47.218s][info][gc,stats    ] Concurrent Mark Roots               441 us, parallelism: 0.82x
[47.218s][info][gc,stats    ]   CMR: <total>                      361 us
[47.218s][info][gc,stats    ]   CMR: Thread Roots                 318 us, workers (us): 318, ---, ---, 
[47.218s][info][gc,stats    ]   CMR: VM Strong Roots                5 us, workers (us):   5, ---, ---, 
[47.218s][info][gc,stats    ]   CMR: CLDG Roots                    38 us, workers (us):  38, ---, ---, 
[47.219s][info][gc,stats    ] Concurrent Marking                 3953 us
[47.219s][info][gc,stats    ] Pause Final Mark (G)                230 us
[47.219s][info][gc,stats    ] Pause Final Mark (N)                177 us
[47.219s][info][gc,stats    ]   Finish Mark                        36 us
[47.219s][info][gc,stats    ]   Update Region States               28 us
[47.219s][info][gc,stats    ]   Choose Collection Set              40 us
[47.219s][info][gc,stats    ]   Rebuild Free Set                    8 us
[47.219s][info][gc,stats    ] Concurrent Weak References           72 us, parallelism: 0.11x
[47.219s][info][gc,stats    ]   CWRF: <total>                       8 us
[47.219s][info][gc,stats    ]   CWRF: Weak References               8 us, workers (us):   8, ---, ---, 
[47.219s][info][gc,stats    ] Concurrent Weak Roots              3891 us
[47.219s][info][gc,stats    ]   Roots                            3768 us, parallelism: 0.99x
[47.219s][info][gc,stats    ]     CWR: <total>                   3728 us
[47.219s][info][gc,stats    ]     CWR: Code Cache Roots           670 us, workers (us): 670, ---, ---, 
[47.219s][info][gc,stats    ]     CWR: VM Weak Roots             3051 us, workers (us): 3051, ---, ---, 
[47.219s][info][gc,stats    ]     CWR: CLDG Roots                   7 us, workers (us):   7, ---, ---, 
[47.219s][info][gc,stats    ]   Rendezvous                         56 us
[47.219s][info][gc,stats    ] Concurrent Cleanup                   81 us
[47.219s][info][gc,stats    ] Concurrent Class Unloading         3297 us
[47.219s][info][gc,stats    ]   Unlink Stale                     3011 us
[47.219s][info][gc,stats    ]     System Dictionary                 7 us
[47.219s][info][gc,stats    ]     Weak Class Links                  0 us
[47.219s][info][gc,stats    ]     Code Roots                     3002 us
[47.219s][info][gc,stats    ]   Rendezvous                         45 us
[47.219s][info][gc,stats    ]   Purge Unlinked                    167 us
[47.219s][info][gc,stats    ]     Code Roots                      162 us
[47.219s][info][gc,stats    ]     CLDG                              5 us
[47.219s][info][gc,stats    ]     Exception Caches                  0 us
[47.219s][info][gc,stats    ] Pause Final Roots (G)               105 us
[47.219s][info][gc,stats    ] Pause Final Roots (N)                48 us
[47.219s][info][gc,stats    ] 
[47.219s][info][gc,stats    ] Allocation pacing accrued:
[47.219s][info][gc,stats    ]       0 of   455 ms (  0.0%): <total>
[47.219s][info][gc,stats    ]       0 of   455 ms (  0.0%): <average total>
[47.219s][info][gc,stats    ] 
[47.219s][info][gc,metaspace] Metaspace: 14201K(14528K)->14201K(14528K) NonClass: 12296K(12480K)->12296K(12480K) Class: 1905K(2048K)->1905K(2048K)
[47.219s][info][gc,ergo     ] Pacer for Idle. Initial: 41943K, Alloc Tax Rate: 1.0x
[47.653s][info][gc          ] Trigger: Learning 4 of 5. Free (1433M) is below initial threshold (1433M)
[47.653s][info][gc,ergo     ] Free: 1433M, Max: 1024K regular, 1426M humongous, Frag: 1% external, 0% internal; Reserve: 103M, Max: 1024K
[47.653s][info][gc,start    ] GC(113) Concurrent reset
[47.653s][info][gc,task     ] GC(113) Using 1 of 3 workers for concurrent reset
[47.653s][info][gc,ergo     ] GC(113) Pacer for Reset. Non-Taxable: 2048M
[47.653s][info][gc          ] GC(113) Concurrent reset 0.169ms
[47.653s][info][gc,start    ] GC(113) Pause Init Mark (unload classes)
[47.653s][info][gc,task     ] GC(113) Using 3 of 3 workers for init marking
[47.653s][info][gc,ergo     ] GC(113) Pacer for Mark. Expected Live: 4511K, Free: 1432M, Non-Taxable: 143M, Alloc Tax Rate: 0.0x
[47.653s][info][gc          ] GC(113) Pause Init Mark (unload classes) 0.097ms
[47.653s][info][gc,start    ] GC(113) Concurrent marking roots
[47.653s][info][gc,task     ] GC(113) Using 1 of 3 workers for concurrent marking roots
[47.654s][info][gc          ] GC(113) Concurrent marking roots 0.410ms
[47.654s][info][gc,start    ] GC(113) Concurrent marking (unload classes)
[47.654s][info][gc,task     ] GC(113) Using 1 of 3 workers for concurrent marking
[47.658s][info][gc          ] GC(113) Concurrent marking (unload classes) 3.932ms
[47.658s][info][gc,start    ] GC(113) Pause Final Mark (unload classes)
[47.658s][info][gc,task     ] GC(113) Using 3 of 3 workers for final marking
[47.658s][info][gc,ergo     ] GC(113) Collectable Garbage: 482M (94%), Immediate: 482M (94%), CSet: 0B (0%)
[47.658s][info][gc          ] GC(113) Pause Final Mark (unload classes) 0.150ms
[47.658s][info][gc,start    ] GC(113) Concurrent weak references
[47.658s][info][gc,task     ] GC(113) Using 1 of 3 workers for concurrent weak references
[47.658s][info][gc,ref      ] GC(113) Encountered references: Soft: 140, Weak: 733, Final: 0, Phantom: 64
[47.658s][info][gc,ref      ] GC(113) Discovered  references: Soft: 0, Weak: 149, Final: 0, Phantom: 37
[47.658s][info][gc,ref      ] GC(113) Enqueued    references: Soft: 0, Weak: 0, Final: 0, Phantom: 0
[47.658s][info][gc          ] GC(113) Concurrent weak references 0.061ms
[47.658s][info][gc,start    ] GC(113) Concurrent weak roots
[47.658s][info][gc,task     ] GC(113) Using 1 of 3 workers for concurrent weak root
[47.662s][info][gc          ] GC(113) Concurrent weak roots 4.218ms
[47.662s][info][gc,start    ] GC(113) Concurrent cleanup
[47.662s][info][gc          ] GC(113) Concurrent cleanup 525M->43M(2048M) 0.054ms
[47.662s][info][gc,ergo     ] GC(113) Free: 1901M, Max: 1024K regular, 1419M humongous, Frag: 26% external, 0% internal; Reserve: 103M, Max: 1024K
[47.662s][info][gc,start    ] GC(113) Concurrent class unloading
[47.662s][info][gc,task     ] GC(113) Using 1 of 3 workers for concurrent class unloading
[47.666s][info][gc          ] GC(113) Concurrent class unloading 3.182ms
[47.666s][info][gc,start    ] GC(113) Pause Final Roots
[47.666s][info][gc          ] GC(113) Pause Final Roots 0.023ms
[47.666s][info][gc,ergo     ] Free: 1899M, Max: 1024K regular, 1419M humongous, Frag: 26% external, 0% internal; Reserve: 103M, Max: 1024K
[47.666s][info][gc,stats    ] 
[47.666s][info][gc,stats    ] All times are wall-clock times, except per-root-class counters, that are sum over
[47.666s][info][gc,stats    ] all workers. Dividing the <total> over the root stage time estimates parallelism.
[47.666s][info][gc,stats    ] 
[47.666s][info][gc,stats    ] Concurrent Reset                    182 us
[47.666s][info][gc,stats    ] Pause Init Mark (G)                 223 us
[47.666s][info][gc,stats    ] Pause Init Mark (N)                 106 us
[47.666s][info][gc,stats    ]   Update Region States               24 us
[47.666s][info][gc,stats    ] Concurrent Mark Roots               428 us, parallelism: 0.83x
[47.666s][info][gc,stats    ]   CMR: <total>                      355 us
[47.666s][info][gc,stats    ]   CMR: Thread Roots                 315 us, workers (us): 315, ---, ---, 
[47.666s][info][gc,stats    ]   CMR: VM Strong Roots                5 us, workers (us):   5, ---, ---, 
[47.666s][info][gc,stats    ]   CMR: CLDG Roots                    36 us, workers (us):  36, ---, ---, 
[47.666s][info][gc,stats    ] Concurrent Marking                 3976 us
[47.666s][info][gc,stats    ] Pause Final Mark (G)                228 us
[47.666s][info][gc,stats    ] Pause Final Mark (N)                163 us
[47.666s][info][gc,stats    ]   Finish Mark                        36 us
[47.666s][info][gc,stats    ]   Update Region States               30 us
[47.666s][info][gc,stats    ]   Choose Collection Set              33 us
[47.666s][info][gc,stats    ]   Rebuild Free Set                    7 us
[47.666s][info][gc,stats    ] Concurrent Weak References           68 us, parallelism: 0.10x
[47.666s][info][gc,stats    ]   CWRF: <total>                       7 us
[47.666s][info][gc,stats    ]   CWRF: Weak References               7 us, workers (us):   7, ---, ---, 
[47.666s][info][gc,stats    ] Concurrent Weak Roots              4253 us
[47.666s][info][gc,stats    ]   Roots                            4152 us, parallelism: 0.99x
[47.666s][info][gc,stats    ]     CWR: <total>                   4125 us
[47.666s][info][gc,stats    ]     CWR: Code Cache Roots           637 us, workers (us): 637, ---, ---, 
[47.666s][info][gc,stats    ]     CWR: VM Weak Roots             3480 us, workers (us): 3480, ---, ---, 
[47.666s][info][gc,stats    ]     CWR: CLDG Roots                   8 us, workers (us):   8, ---, ---, 
[47.666s][info][gc,stats    ]   Rendezvous                         49 us
[47.666s][info][gc,stats    ] Concurrent Cleanup                   63 us
[47.666s][info][gc,stats    ] Concurrent Class Unloading         3226 us
[47.666s][info][gc,stats    ]   Unlink Stale                     2908 us
[47.666s][info][gc,stats    ]     System Dictionary                 8 us
[47.666s][info][gc,stats    ]     Weak Class Links                  0 us
[47.666s][info][gc,stats    ]     Code Roots                     2898 us
[47.666s][info][gc,stats    ]   Rendezvous                         48 us
[47.666s][info][gc,stats    ]   Purge Unlinked                    125 us
[47.666s][info][gc,stats    ]     Code Roots                      123 us
[47.666s][info][gc,stats    ]     CLDG                              2 us
[47.666s][info][gc,stats    ]     Exception Caches                  0 us
[47.666s][info][gc,stats    ] Pause Final Roots (G)                85 us
[47.666s][info][gc,stats    ] Pause Final Roots (N)                32 us
[47.666s][info][gc,stats    ] 
[47.666s][info][gc,stats    ] Allocation pacing accrued:
[47.666s][info][gc,stats    ]       0 of   447 ms (  0.0%): <total>
[47.666s][info][gc,stats    ]       0 of   447 ms (  0.0%): <average total>
[47.666s][info][gc,stats    ] 
[47.666s][info][gc,metaspace] Metaspace: 14201K(14528K)->14201K(14528K) NonClass: 12296K(12480K)->12296K(12480K) Class: 1905K(2048K)->1905K(2048K)
[47.666s][info][gc,ergo     ] Pacer for Idle. Initial: 41943K, Alloc Tax Rate: 1.0x
[48.110s][info][gc          ] Trigger: Learning 5 of 5. Free (1425M) is below initial threshold (1433M)
[48.110s][info][gc,ergo     ] Free: 1425M, Max: 1024K regular, 1419M humongous, Frag: 1% external, 0% internal; Reserve: 103M, Max: 1024K
[48.110s][info][gc,start    ] GC(114) Concurrent reset
[48.110s][info][gc,task     ] GC(114) Using 1 of 3 workers for concurrent reset
[48.110s][info][gc,ergo     ] GC(114) Pacer for Reset. Non-Taxable: 2048M
[48.110s][info][gc          ] GC(114) Concurrent reset 0.278ms
[48.110s][info][gc,start    ] GC(114) Pause Init Mark (unload classes)
[48.110s][info][gc,task     ] GC(114) Using 3 of 3 workers for init marking
[48.110s][info][gc,ergo     ] GC(114) Pacer for Mark. Expected Live: 4512K, Free: 1425M, Non-Taxable: 142M, Alloc Tax Rate: 0.0x
[48.110s][info][gc          ] GC(114) Pause Init Mark (unload classes) 0.092ms
[48.110s][info][gc,start    ] GC(114) Concurrent marking roots
[48.110s][info][gc,task     ] GC(114) Using 1 of 3 workers for concurrent marking roots
[48.111s][info][gc          ] GC(114) Concurrent marking roots 0.425ms
[48.111s][info][gc,start    ] GC(114) Concurrent marking (unload classes)
[48.111s][info][gc,task     ] GC(114) Using 1 of 3 workers for concurrent marking
[48.115s][info][gc          ] GC(114) Concurrent marking (unload classes) 4.163ms
[48.115s][info][gc,start    ] GC(114) Pause Final Mark (unload classes)
[48.115s][info][gc,task     ] GC(114) Using 3 of 3 workers for final marking
[48.115s][info][gc,ergo     ] GC(114) Collectable Garbage: 485M (94%), Immediate: 485M (94%), CSet: 0B (0%)
[48.115s][info][gc          ] GC(114) Pause Final Mark (unload classes) 0.237ms
[48.115s][info][gc,start    ] GC(114) Concurrent weak references
[48.115s][info][gc,task     ] GC(114) Using 1 of 3 workers for concurrent weak references
[48.115s][info][gc,ref      ] GC(114) Encountered references: Soft: 140, Weak: 733, Final: 0, Phantom: 64
[48.115s][info][gc,ref      ] GC(114) Discovered  references: Soft: 0, Weak: 149, Final: 0, Phantom: 37
[48.115s][info][gc,ref      ] GC(114) Enqueued    references: Soft: 0, Weak: 0, Final: 0, Phantom: 0
[48.115s][info][gc          ] GC(114) Concurrent weak references 0.081ms
[48.115s][info][gc,start    ] GC(114) Concurrent weak roots
[48.115s][info][gc,task     ] GC(114) Using 1 of 3 workers for concurrent weak root
[48.120s][info][gc          ] GC(114) Concurrent weak roots 4.988ms
[48.120s][info][gc,start    ] GC(114) Concurrent cleanup
[48.121s][info][gc          ] GC(114) Concurrent cleanup 532M->47M(2048M) 0.055ms
[48.121s][info][gc,ergo     ] GC(114) Free: 1897M, Max: 1024K regular, 1412M humongous, Frag: 26% external, 0% internal; Reserve: 103M, Max: 1024K
[48.121s][info][gc,start    ] GC(114) Concurrent class unloading
[48.121s][info][gc,task     ] GC(114) Using 1 of 3 workers for concurrent class unloading
[48.124s][info][gc          ] GC(114) Concurrent class unloading 3.192ms
[48.124s][info][gc,start    ] GC(114) Pause Final Roots
[48.124s][info][gc          ] GC(114) Pause Final Roots 0.013ms
[48.124s][info][gc,ergo     ] Free: 1894M, Max: 1024K regular, 1412M humongous, Frag: 26% external, 0% internal; Reserve: 103M, Max: 1024K
[48.124s][info][gc,stats    ] 
[48.124s][info][gc,stats    ] All times are wall-clock times, except per-root-class counters, that are sum over
[48.124s][info][gc,stats    ] all workers. Dividing the <total> over the root stage time estimates parallelism.
[48.124s][info][gc,stats    ] 
[48.124s][info][gc,stats    ] Concurrent Reset                    295 us
[48.124s][info][gc,stats    ] Pause Init Mark (G)                 261 us
[48.124s][info][gc,stats    ] Pause Init Mark (N)                 101 us
[48.124s][info][gc,stats    ]   Update Region States               28 us
[48.124s][info][gc,stats    ] Concurrent Mark Roots               443 us, parallelism: 0.84x
[48.124s][info][gc,stats    ]   CMR: <total>                      374 us
[48.124s][info][gc,stats    ]   CMR: Thread Roots                 332 us, workers (us): 332, ---, ---, 
[48.124s][info][gc,stats    ]   CMR: VM Strong Roots                5 us, workers (us):   5, ---, ---, 
[48.124s][info][gc,stats    ]   CMR: CLDG Roots                    38 us, workers (us):  38, ---, ---, 
[48.124s][info][gc,stats    ] Concurrent Marking                 4218 us
[48.124s][info][gc,stats    ] Pause Final Mark (G)                308 us
[48.124s][info][gc,stats    ] Pause Final Mark (N)                247 us
[48.124s][info][gc,stats    ]   Finish Mark                       117 us
[48.124s][info][gc,stats    ]   Update Region States               30 us
[48.124s][info][gc,stats    ]   Choose Collection Set              32 us
[48.124s][info][gc,stats    ]   Rebuild Free Set                    8 us
[48.124s][info][gc,stats    ] Concurrent Weak References           89 us, parallelism: 0.08x
[48.124s][info][gc,stats    ]   CWRF: <total>                       7 us
[48.124s][info][gc,stats    ]   CWRF: Weak References               7 us, workers (us):   7, ---, ---, 
[48.124s][info][gc,stats    ] Concurrent Weak Roots              5033 us
[48.124s][info][gc,stats    ]   Roots                            4889 us, parallelism: 0.99x
[48.124s][info][gc,stats    ]     CWR: <total>                   4857 us
[48.124s][info][gc,stats    ]     CWR: Code Cache Roots           702 us, workers (us): 702, ---, ---, 
[48.124s][info][gc,stats    ]     CWR: VM Weak Roots             4147 us, workers (us): 4147, ---, ---, 
[48.124s][info][gc,stats    ]     CWR: CLDG Roots                   8 us, workers (us):   8, ---, ---, 
[48.124s][info][gc,stats    ]   Rendezvous                         82 us
[48.124s][info][gc,stats    ] Concurrent Cleanup                   70 us
[48.124s][info][gc,stats    ] Concurrent Class Unloading         3242 us
[48.124s][info][gc,stats    ]   Unlink Stale                     2987 us
[48.124s][info][gc,stats    ]     System Dictionary                 9 us
[48.124s][info][gc,stats    ]     Weak Class Links                  0 us
[48.124s][info][gc,stats    ]     Code Roots                     2977 us
[48.124s][info][gc,stats    ]   Rendezvous                         56 us
[48.124s][info][gc,stats    ]   Purge Unlinked                    130 us
[48.124s][info][gc,stats    ]     Code Roots                      127 us
[48.124s][info][gc,stats    ]     CLDG                              3 us
[48.124s][info][gc,stats    ]     Exception Caches                  0 us
[48.124s][info][gc,stats    ] Pause Final Roots (G)               142 us
[48.124s][info][gc,stats    ] Pause Final Roots (N)                20 us
[48.124s][info][gc,stats    ] 
[48.124s][info][gc,stats    ] Allocation pacing accrued:
[48.124s][info][gc,stats    ]       0 of   458 ms (  0.0%): <total>
[48.124s][info][gc,stats    ]       0 of   458 ms (  0.0%): <average total>
[48.124s][info][gc,stats    ] 
[48.124s][info][gc,metaspace] Metaspace: 14201K(14528K)->14201K(14528K) NonClass: 12296K(12480K)->12296K(12480K) Class: 1905K(2048K)->1905K(2048K)
[48.124s][info][gc,ergo     ] Pacer for Idle. Initial: 41943K, Alloc Tax Rate: 1.0x
[48.409s][info][gc          ] Trigger: Explicit GC request (System.gc())
[48.410s][info][gc,ergo     ] Free: 1703M, Max: 1024K regular, 1412M humongous, Frag: 18% external, 0% internal; Reserve: 103M, Max: 1024K
[48.410s][info][gc,start    ] GC(115) Concurrent reset
[48.410s][info][gc,task     ] GC(115) Using 1 of 3 workers for concurrent reset
[48.410s][info][gc,ergo     ] GC(115) Pacer for Reset. Non-Taxable: 2048M
[48.410s][info][gc          ] GC(115) Concurrent reset 0.411ms
[48.410s][info][gc,start    ] GC(115) Pause Init Mark (unload classes)
[48.410s][info][gc,task     ] GC(115) Using 3 of 3 workers for init marking
[48.410s][info][gc,ref      ] GC(115) Clearing All SoftReferences
[48.410s][info][gc,ergo     ] GC(115) Pacer for Mark. Expected Live: 4518K, Free: 1703M, Non-Taxable: 170M, Alloc Tax Rate: 0.0x
[48.411s][info][gc          ] GC(115) Pause Init Mark (unload classes) 0.280ms
[48.411s][info][gc,start    ] GC(115) Concurrent marking roots
[48.411s][info][gc,task     ] GC(115) Using 1 of 3 workers for concurrent marking roots
[48.411s][info][gc          ] GC(115) Concurrent marking roots 0.663ms
[48.411s][info][gc,start    ] GC(115) Concurrent marking (unload classes)
[48.411s][info][gc,task     ] GC(115) Using 1 of 3 workers for concurrent marking
[48.415s][info][gc          ] GC(115) Concurrent marking (unload classes) 4.189ms
[48.416s][info][gc,start    ] GC(115) Pause Final Mark (unload classes)
[48.416s][info][gc,task     ] GC(115) Using 3 of 3 workers for final marking
[48.416s][info][gc,ergo     ] GC(115) Collectable Garbage: 227M (96%), Immediate: 227M (96%), CSet: 0B (0%)
[48.416s][info][gc          ] GC(115) Pause Final Mark (unload classes) 0.398ms
[48.416s][info][gc,start    ] GC(115) Concurrent weak references
[48.416s][info][gc,task     ] GC(115) Using 1 of 3 workers for concurrent weak references
[48.416s][info][gc,ref      ] GC(115) Encountered references: Soft: 140, Weak: 717, Final: 0, Phantom: 64
[48.416s][info][gc,ref      ] GC(115) Discovered  references: Soft: 88, Weak: 171, Final: 0, Phantom: 62
[48.416s][info][gc,ref      ] GC(115) Enqueued    references: Soft: 3, Weak: 0, Final: 0, Phantom: 0
[48.416s][info][gc          ] GC(115) Concurrent weak references 0.085ms
[48.416s][info][gc,start    ] GC(115) Concurrent weak roots
[48.416s][info][gc,task     ] GC(115) Using 1 of 3 workers for concurrent weak root
[48.418s][info][gc          ] GC(115) Concurrent weak roots 1.921ms
[48.418s][info][gc,start    ] GC(115) Concurrent cleanup
[48.418s][info][gc          ] GC(115) Concurrent cleanup 241M->13M(2048M) 0.062ms
[48.418s][info][gc,ergo     ] GC(115) Free: 1931M, Max: 1024K regular, 1732M humongous, Frag: 11% external, 0% internal; Reserve: 103M, Max: 1024K
[48.418s][info][gc,start    ] GC(115) Concurrent class unloading
[48.418s][info][gc,task     ] GC(115) Using 1 of 3 workers for concurrent class unloading
[48.422s][info][gc          ] GC(115) Concurrent class unloading 3.925ms
[48.422s][info][gc,start    ] GC(115) Pause Final Roots
[48.422s][info][gc          ] GC(115) Pause Final Roots 0.072ms
[48.422s][info][gc,ergo     ] Free: 1931M, Max: 1024K regular, 1732M humongous, Frag: 11% external, 0% internal; Reserve: 103M, Max: 1024K
[48.423s][info][gc,stats    ] 
[48.423s][info][gc,stats    ] All times are wall-clock times, except per-root-class counters, that are sum over
[48.423s][info][gc,stats    ] all workers. Dividing the <total> over the root stage time estimates parallelism.
[48.423s][info][gc,stats    ] 
[48.423s][info][gc,stats    ] Concurrent Reset                    433 us
[48.423s][info][gc,stats    ] Pause Init Mark (G)                 437 us
[48.423s][info][gc,stats    ] Pause Init Mark (N)                 303 us
[48.423s][info][gc,stats    ]   Update Region States               88 us
[48.423s][info][gc,stats    ] Concurrent Mark Roots               680 us, parallelism: 0.80x
[48.423s][info][gc,stats    ]   CMR: <total>                      546 us
[48.423s][info][gc,stats    ]   CMR: Thread Roots                 463 us, workers (us): 463, ---, ---, 
[48.423s][info][gc,stats    ]   CMR: VM Strong Roots                9 us, workers (us):   9, ---, ---, 
[48.423s][info][gc,stats    ]   CMR: CLDG Roots                    74 us, workers (us):  74, ---, ---, 
[48.423s][info][gc,stats    ] Concurrent Marking                 4237 us
[48.423s][info][gc,stats    ] Pause Final Mark (G)                519 us
[48.423s][info][gc,stats    ] Pause Final Mark (N)                417 us
[48.423s][info][gc,stats    ]   Finish Mark                       133 us
[48.423s][info][gc,stats    ]   Update Region States              104 us
[48.423s][info][gc,stats    ]   Choose Collection Set              59 us
[48.423s][info][gc,stats    ]   Rebuild Free Set                   17 us
[48.423s][info][gc,stats    ] Concurrent Weak References           93 us, parallelism: 0.11x
[48.423s][info][gc,stats    ]   CWRF: <total>                      10 us
[48.423s][info][gc,stats    ]   CWRF: Weak References              10 us, workers (us):  10, ---, ---, 
[48.423s][info][gc,stats    ] Concurrent Weak Roots              1986 us
[48.423s][info][gc,stats    ]   Roots                            1739 us, parallelism: 0.95x
[48.423s][info][gc,stats    ]     CWR: <total>                   1653 us
[48.423s][info][gc,stats    ]     CWR: Code Cache Roots           614 us, workers (us): 614, ---, ---, 
[48.423s][info][gc,stats    ]     CWR: VM Weak Roots             1032 us, workers (us): 1032, ---, ---, 
[48.423s][info][gc,stats    ]     CWR: CLDG Roots                   7 us, workers (us):   7, ---, ---, 
[48.423s][info][gc,stats    ]   Rendezvous                        163 us
[48.423s][info][gc,stats    ] Concurrent Cleanup                   80 us
[48.423s][info][gc,stats    ] Concurrent Class Unloading         3989 us
[48.423s][info][gc,stats    ]   Unlink Stale                     3479 us
[48.423s][info][gc,stats    ]     System Dictionary                 7 us
[48.423s][info][gc,stats    ]     Weak Class Links                  1 us
[48.423s][info][gc,stats    ]     Code Roots                     3469 us
[48.423s][info][gc,stats    ]   Rendezvous                        147 us
[48.423s][info][gc,stats    ]   Purge Unlinked                    262 us
[48.423s][info][gc,stats    ]     Code Roots                      252 us
[48.423s][info][gc,stats    ]     CLDG                              9 us
[48.423s][info][gc,stats    ]     Exception Caches                  0 us
[48.423s][info][gc,stats    ] Pause Final Roots (G)               221 us
[48.423s][info][gc,stats    ] Pause Final Roots (N)                95 us
[48.423s][info][gc,stats    ] 
[48.423s][info][gc,stats    ] Allocation pacing accrued:
[48.423s][info][gc,stats    ]       0 of   299 ms (  0.0%): <total>
[48.423s][info][gc,stats    ]       0 of   299 ms (  0.0%): <average total>
[48.423s][info][gc,stats    ] 
[48.423s][info][gc,metaspace] Metaspace: 14201K(14528K)->14201K(14528K) NonClass: 12296K(12480K)->12296K(12480K) Class: 1905K(2048K)->1905K(2048K)
[48.423s][info][gc,ergo     ] Pacer for Idle. Initial: 41943K, Alloc Tax Rate: 1.0x
[48.889s][info][gc          ] Trigger: Learning 2 of 5. Free (1432M) is below initial threshold (1433M)
[48.889s][info][gc,ergo     ] Free: 1432M, Max: 1024K regular, 1432M humongous, Frag: 0% external, 0% internal; Reserve: 103M, Max: 1024K
[48.889s][info][gc,start    ] GC(116) Concurrent reset
[48.889s][info][gc,task     ] GC(116) Using 1 of 3 workers for concurrent reset
[48.889s][info][gc,ergo     ] GC(116) Pacer for Reset. Non-Taxable: 2048M
[48.889s][info][gc          ] GC(116) Concurrent reset 0.134ms
[48.889s][info][gc,start    ] GC(116) Pause Init Mark (unload classes)
[48.889s][info][gc,task     ] GC(116) Using 3 of 3 workers for init marking
[48.889s][info][gc,ergo     ] GC(116) Pacer for Mark. Expected Live: 4518K, Free: 1432M, Non-Taxable: 143M, Alloc Tax Rate: 0.0x
[48.889s][info][gc          ] GC(116) Pause Init Mark (unload classes) 0.090ms
[48.889s][info][gc,start    ] GC(116) Concurrent marking roots
[48.889s][info][gc,task     ] GC(116) Using 1 of 3 workers for concurrent marking roots
[48.890s][info][gc          ] GC(116) Concurrent marking roots 0.402ms
[48.890s][info][gc,start    ] GC(116) Concurrent marking (unload classes)
[48.890s][info][gc,task     ] GC(116) Using 1 of 3 workers for concurrent marking
[48.894s][info][gc          ] GC(116) Concurrent marking (unload classes) 3.906ms
[48.894s][info][gc,start    ] GC(116) Pause Final Mark (unload classes)
[48.894s][info][gc,task     ] GC(116) Using 3 of 3 workers for final marking
[48.894s][info][gc,ergo     ] GC(116) Collectable Garbage: 488M (96%), Immediate: 488M (96%), CSet: 0B (0%)
[48.894s][info][gc          ] GC(116) Pause Final Mark (unload classes) 0.219ms
[48.894s][info][gc,start    ] GC(116) Concurrent weak references
[48.894s][info][gc,task     ] GC(116) Using 1 of 3 workers for concurrent weak references
[48.894s][info][gc,ref      ] GC(116) Encountered references: Soft: 140, Weak: 729, Final: 0, Phantom: 64
[48.894s][info][gc,ref      ] GC(116) Discovered  references: Soft: 0, Weak: 147, Final: 0, Phantom: 37
[48.894s][info][gc,ref      ] GC(116) Enqueued    references: Soft: 0, Weak: 0, Final: 0, Phantom: 0
[48.894s][info][gc          ] GC(116) Concurrent weak references 0.060ms
[48.894s][info][gc,start    ] GC(116) Concurrent weak roots
[48.894s][info][gc,task     ] GC(116) Using 1 of 3 workers for concurrent weak root
[48.897s][info][gc          ] GC(116) Concurrent weak roots 3.245ms
[48.897s][info][gc,start    ] GC(116) Concurrent cleanup
[48.897s][info][gc          ] GC(116) Concurrent cleanup 524M->36M(2048M) 0.052ms
[48.897s][info][gc,ergo     ] GC(116) Free: 1908M, Max: 1024K regular, 1420M humongous, Frag: 26% external, 0% internal; Reserve: 103M, Max: 1024K
[48.897s][info][gc,start    ] GC(116) Concurrent class unloading
[48.897s][info][gc,task     ] GC(116) Using 1 of 3 workers for concurrent class unloading
[48.901s][info][gc          ] GC(116) Concurrent class unloading 3.134ms
[48.901s][info][gc,start    ] GC(116) Pause Final Roots
[48.901s][info][gc          ] GC(116) Pause Final Roots 0.041ms
[48.901s][info][gc,ergo     ] Free: 1907M, Max: 1024K regular, 1420M humongous, Frag: 26% external, 0% internal; Reserve: 103M, Max: 1024K
[48.901s][info][gc,stats    ] 
[48.901s][info][gc,stats    ] All times are wall-clock times, except per-root-class counters, that are sum over
[48.901s][info][gc,stats    ] all workers. Dividing the <total> over the root stage time estimates parallelism.
[48.901s][info][gc,stats    ] 
[48.901s][info][gc,stats    ] Concurrent Reset                    152 us
[48.901s][info][gc,stats    ] Pause Init Mark (G)                 219 us
[48.901s][info][gc,stats    ] Pause Init Mark (N)                  99 us
[48.901s][info][gc,stats    ]   Update Region States               25 us
[48.901s][info][gc,stats    ] Concurrent Mark Roots               421 us, parallelism: 0.84x
[48.901s][info][gc,stats    ]   CMR: <total>                      353 us
[48.901s][info][gc,stats    ]   CMR: Thread Roots                 311 us, workers (us): 311, ---, ---, 
[48.901s][info][gc,stats    ]   CMR: VM Strong Roots                5 us, workers (us):   5, ---, ---, 
[48.901s][info][gc,stats    ]   CMR: CLDG Roots                    37 us, workers (us):  37, ---, ---, 
[48.901s][info][gc,stats    ] Concurrent Marking                 3953 us
[48.901s][info][gc,stats    ] Pause Final Mark (G)                287 us
[48.901s][info][gc,stats    ] Pause Final Mark (N)                229 us
[48.901s][info][gc,stats    ]   Finish Mark                        52 us
[48.901s][info][gc,stats    ]   Update Region States               59 us
[48.901s][info][gc,stats    ]   Choose Collection Set              40 us
[48.901s][info][gc,stats    ]   Rebuild Free Set                    8 us
[48.901s][info][gc,stats    ] Concurrent Weak References           67 us, parallelism: 0.09x
[48.901s][info][gc,stats    ]   CWRF: <total>                       6 us
[48.901s][info][gc,stats    ]   CWRF: Weak References               6 us, workers (us):   6, ---, ---, 
[48.901s][info][gc,stats    ] Concurrent Weak Roots              3283 us
[48.901s][info][gc,stats    ]   Roots                            3164 us, parallelism: 0.99x
[48.901s][info][gc,stats    ]     CWR: <total>                   3142 us
[48.901s][info][gc,stats    ]     CWR: Code Cache Roots           651 us, workers (us): 651, ---, ---, 
[48.901s][info][gc,stats    ]     CWR: VM Weak Roots             2484 us, workers (us): 2484, ---, ---, 
[48.901s][info][gc,stats    ]     CWR: CLDG Roots                   7 us, workers (us):   7, ---, ---, 
[48.901s][info][gc,stats    ]   Rendezvous                         65 us
[48.901s][info][gc,stats    ] Concurrent Cleanup                   60 us
[48.901s][info][gc,stats    ] Concurrent Class Unloading         3181 us
[48.901s][info][gc,stats    ]   Unlink Stale                     2906 us
[48.901s][info][gc,stats    ]     System Dictionary                 7 us
[48.901s][info][gc,stats    ]     Weak Class Links                  0 us
[48.901s][info][gc,stats    ]     Code Roots                     2897 us
[48.901s][info][gc,stats    ]   Rendezvous                         50 us
[48.901s][info][gc,stats    ]   Purge Unlinked                    160 us
[48.901s][info][gc,stats    ]     Code Roots                      156 us
[48.901s][info][gc,stats    ]     CLDG                              3 us
[48.901s][info][gc,stats    ]     Exception Caches                  0 us
[48.901s][info][gc,stats    ] Pause Final Roots (G)               112 us
[48.901s][info][gc,stats    ] Pause Final Roots (N)                50 us
[48.901s][info][gc,stats    ] 
[48.901s][info][gc,stats    ] Allocation pacing accrued:
[48.901s][info][gc,stats    ]       0 of   478 ms (  0.0%): <total>
[48.901s][info][gc,stats    ]       0 of   478 ms (  0.0%): <average total>
[48.901s][info][gc,stats    ] 
[48.901s][info][gc,metaspace] Metaspace: 14201K(14528K)->14201K(14528K) NonClass: 12296K(12480K)->12296K(12480K) Class: 1905K(2048K)->1905K(2048K)
[48.901s][info][gc,ergo     ] Pacer for Idle. Initial: 41943K, Alloc Tax Rate: 1.0x
[49.344s][info][gc          ] Trigger: Learning 3 of 5. Free (1432M) is below initial threshold (1433M)
[49.345s][info][gc,ergo     ] Free: 1432M, Max: 1024K regular, 1420M humongous, Frag: 1% external, 0% internal; Reserve: 103M, Max: 1024K
[49.345s][info][gc,start    ] GC(117) Concurrent reset
[49.345s][info][gc,task     ] GC(117) Using 1 of 3 workers for concurrent reset
[49.345s][info][gc,ergo     ] GC(117) Pacer for Reset. Non-Taxable: 2048M
[49.345s][info][gc          ] GC(117) Concurrent reset 0.182ms
[49.345s][info][gc,start    ] GC(117) Pause Init Mark (unload classes)
[49.345s][info][gc,task     ] GC(117) Using 3 of 3 workers for init marking
[49.345s][info][gc,ergo     ] GC(117) Pacer for Mark. Expected Live: 4518K, Free: 1432M, Non-Taxable: 143M, Alloc Tax Rate: 0.0x
[49.345s][info][gc          ] GC(117) Pause Init Mark (unload classes) 0.089ms
[49.345s][info][gc,start    ] GC(117) Concurrent marking roots
[49.345s][info][gc,task     ] GC(117) Using 1 of 3 workers for concurrent marking roots
[49.345s][info][gc          ] GC(117) Concurrent marking roots 0.402ms
[49.345s][info][gc,start    ] GC(117) Concurrent marking (unload classes)
[49.345s][info][gc,task     ] GC(117) Using 1 of 3 workers for concurrent marking
[49.349s][info][gc          ] GC(117) Concurrent marking (unload classes) 3.934ms
[49.349s][info][gc,start    ] GC(117) Pause Final Mark (unload classes)
[49.349s][info][gc,task     ] GC(117) Using 3 of 3 workers for final marking
[49.350s][info][gc,ergo     ] GC(117) Collectable Garbage: 485M (95%), Immediate: 485M (95%), CSet: 0B (0%)
[49.350s][info][gc          ] GC(117) Pause Final Mark (unload classes) 0.150ms
[49.350s][info][gc,start    ] GC(117) Concurrent weak references
[49.350s][info][gc,task     ] GC(117) Using 1 of 3 workers for concurrent weak references
[49.350s][info][gc,ref      ] GC(117) Encountered references: Soft: 140, Weak: 729, Final: 0, Phantom: 64
[49.350s][info][gc,ref      ] GC(117) Discovered  references: Soft: 0, Weak: 147, Final: 0, Phantom: 37
[49.350s][info][gc,ref      ] GC(117) Enqueued    references: Soft: 0, Weak: 0, Final: 0, Phantom: 0
[49.350s][info][gc          ] GC(117) Concurrent weak references 0.069ms
[49.350s][info][gc,start    ] GC(117) Concurrent weak roots
[49.350s][info][gc,task     ] GC(117) Using 1 of 3 workers for concurrent weak root
[49.353s][info][gc          ] GC(117) Concurrent weak roots 3.665ms
[49.353s][info][gc,start    ] GC(117) Concurrent cleanup
[49.353s][info][gc          ] GC(117) Concurrent cleanup 524M->39M(2048M) 0.052ms
[49.353s][info][gc,ergo     ] GC(117) Free: 1905M, Max: 1024K regular, 1438M humongous, Frag: 25% external, 0% internal; Reserve: 103M, Max: 1024K
[49.353s][info][gc,start    ] GC(117) Concurrent class unloading
[49.353s][info][gc,task     ] GC(117) Using 1 of 3 workers for concurrent class unloading
[49.357s][info][gc          ] GC(117) Concurrent class unloading 3.100ms
[49.357s][info][gc,start    ] GC(117) Pause Final Roots
[49.357s][info][gc          ] GC(117) Pause Final Roots 0.021ms
[49.357s][info][gc,ergo     ] Free: 1904M, Max: 1024K regular, 1438M humongous, Frag: 25% external, 0% internal; Reserve: 103M, Max: 1024K
[49.357s][info][gc,stats    ] 
[49.357s][info][gc,stats    ] All times are wall-clock times, except per-root-class counters, that are sum over
[49.357s][info][gc,stats    ] all workers. Dividing the <total> over the root stage time estimates parallelism.
[49.357s][info][gc,stats    ] 
[49.357s][info][gc,stats    ] Concurrent Reset                    194 us
[49.357s][info][gc,stats    ] Pause Init Mark (G)                 214 us
[49.357s][info][gc,stats    ] Pause Init Mark (N)                  97 us
[49.357s][info][gc,stats    ]   Update Region States               25 us
[49.357s][info][gc,stats    ] Concurrent Mark Roots               415 us, parallelism: 0.86x
[49.357s][info][gc,stats    ]   CMR: <total>                      358 us
[49.357s][info][gc,stats    ]   CMR: Thread Roots                 315 us, workers (us): 315, ---, ---, 
[49.357s][info][gc,stats    ]   CMR: VM Strong Roots                5 us, workers (us):   5, ---, ---, 
[49.357s][info][gc,stats    ]   CMR: CLDG Roots                    38 us, workers (us):  38, ---, ---, 
[49.357s][info][gc,stats    ] Concurrent Marking                 3982 us
[49.357s][info][gc,stats    ] Pause Final Mark (G)                207 us
[49.357s][info][gc,stats    ] Pause Final Mark (N)                158 us
[49.357s][info][gc,stats    ]   Finish Mark                        35 us
[49.357s][info][gc,stats    ]   Update Region States               27 us
[49.357s][info][gc,stats    ]   Choose Collection Set              29 us
[49.357s][info][gc,stats    ]   Rebuild Free Set                    8 us
[49.357s][info][gc,stats    ] Concurrent Weak References           77 us, parallelism: 0.10x
[49.357s][info][gc,stats    ]   CWRF: <total>                       7 us
[49.357s][info][gc,stats    ]   CWRF: Weak References               7 us, workers (us):   7, ---, ---, 
[49.357s][info][gc,stats    ] Concurrent Weak Roots              3705 us
[49.357s][info][gc,stats    ]   Roots                            3604 us, parallelism: 0.99x
[49.357s][info][gc,stats    ]     CWR: <total>                   3577 us
[49.357s][info][gc,stats    ]     CWR: Code Cache Roots           652 us, workers (us): 652, ---, ---, 
[49.357s][info][gc,stats    ]     CWR: VM Weak Roots             2918 us, workers (us): 2918, ---, ---, 
[49.357s][info][gc,stats    ]     CWR: CLDG Roots                   7 us, workers (us):   7, ---, ---, 
[49.357s][info][gc,stats    ]   Rendezvous                         46 us
[49.357s][info][gc,stats    ] Concurrent Cleanup                   61 us
[49.357s][info][gc,stats    ] Concurrent Class Unloading         3150 us
[49.357s][info][gc,stats    ]   Unlink Stale                     2900 us
[49.357s][info][gc,stats    ]     System Dictionary                 7 us
[49.357s][info][gc,stats    ]     Weak Class Links                  0 us
[49.357s][info][gc,stats    ]     Code Roots                     2892 us
[49.357s][info][gc,stats    ]   Rendezvous                         43 us
[49.357s][info][gc,stats    ]   Purge Unlinked                    139 us
[49.357s][info][gc,stats    ]     Code Roots                      134 us
[49.357s][info][gc,stats    ]     CLDG                              4 us
[49.357s][info][gc,stats    ]     Exception Caches                  0 us
[49.357s][info][gc,stats    ] Pause Final Roots (G)               139 us
[49.357s][info][gc,stats    ] Pause Final Roots (N)                29 us
[49.357s][info][gc,stats    ] 
[49.357s][info][gc,stats    ] Allocation pacing accrued:
[49.357s][info][gc,stats    ]       0 of   456 ms (  0.0%): <total>
[49.357s][info][gc,stats    ]       0 of   456 ms (  0.0%): <average total>
[49.357s][info][gc,stats    ] 
[49.357s][info][gc,metaspace] Metaspace: 14201K(14528K)->14201K(14528K) NonClass: 12296K(12480K)->12296K(12480K) Class: 1905K(2048K)->1905K(2048K)
[49.357s][info][gc,ergo     ] Pacer for Idle. Initial: 41943K, Alloc Tax Rate: 1.0x
[49.798s][info][gc          ] Trigger: Learning 4 of 5. Free (1433M) is below initial threshold (1433M)
[49.799s][info][gc,ergo     ] Free: 1433M, Max: 1024K regular, 1433M humongous, Frag: 0% external, 0% internal; Reserve: 103M, Max: 1024K
[49.799s][info][gc,start    ] GC(118) Concurrent reset
[49.799s][info][gc,task     ] GC(118) Using 1 of 3 workers for concurrent reset
[49.799s][info][gc,ergo     ] GC(118) Pacer for Reset. Non-Taxable: 2048M
[49.799s][info][gc          ] GC(118) Concurrent reset 0.198ms
[49.799s][info][gc,start    ] GC(118) Pause Init Mark (unload classes)
[49.799s][info][gc,task     ] GC(118) Using 3 of 3 workers for init marking
[49.799s][info][gc,ergo     ] GC(118) Pacer for Mark. Expected Live: 4518K, Free: 1433M, Non-Taxable: 143M, Alloc Tax Rate: 0.0x
[49.799s][info][gc          ] GC(118) Pause Init Mark (unload classes) 0.099ms
[49.799s][info][gc,start    ] GC(118) Concurrent marking roots
[49.799s][info][gc,task     ] GC(118) Using 1 of 3 workers for concurrent marking roots
[49.799s][info][gc          ] GC(118) Concurrent marking roots 0.414ms
[49.799s][info][gc,start    ] GC(118) Concurrent marking (unload classes)
[49.799s][info][gc,task     ] GC(118) Using 1 of 3 workers for concurrent marking
[49.803s][info][gc          ] GC(118) Concurrent marking (unload classes) 3.905ms
[49.803s][info][gc,start    ] GC(118) Pause Final Mark (unload classes)
[49.803s][info][gc,task     ] GC(118) Using 3 of 3 workers for final marking
[49.803s][info][gc,ergo     ] GC(118) Collectable Garbage: 482M (95%), Immediate: 482M (95%), CSet: 0B (0%)
[49.803s][info][gc          ] GC(118) Pause Final Mark (unload classes) 0.139ms
[49.804s][info][gc,start    ] GC(118) Concurrent weak references
[49.804s][info][gc,task     ] GC(118) Using 1 of 3 workers for concurrent weak references
[49.804s][info][gc,ref      ] GC(118) Encountered references: Soft: 140, Weak: 729, Final: 0, Phantom: 64
[49.804s][info][gc,ref      ] GC(118) Discovered  references: Soft: 0, Weak: 147, Final: 0, Phantom: 37
[49.804s][info][gc,ref      ] GC(118) Enqueued    references: Soft: 0, Weak: 0, Final: 0, Phantom: 0
[49.804s][info][gc          ] GC(118) Concurrent weak references 0.085ms
[49.804s][info][gc,start    ] GC(118) Concurrent weak roots
[49.804s][info][gc,task     ] GC(118) Using 1 of 3 workers for concurrent weak root
[49.808s][info][gc          ] GC(118) Concurrent weak roots 4.211ms
[49.808s][info][gc,start    ] GC(118) Concurrent cleanup
[49.808s][info][gc          ] GC(118) Concurrent cleanup 524M->42M(2048M) 0.054ms
[49.808s][info][gc,ergo     ] GC(118) Free: 1902M, Max: 1024K regular, 1420M humongous, Frag: 26% external, 0% internal; Reserve: 103M, Max: 1024K
[49.808s][info][gc,start    ] GC(118) Concurrent class unloading
[49.808s][info][gc,task     ] GC(118) Using 1 of 3 workers for concurrent class unloading
[49.811s][info][gc          ] GC(118) Concurrent class unloading 3.154ms
[49.811s][info][gc,start    ] GC(118) Pause Final Roots
[49.811s][info][gc          ] GC(118) Pause Final Roots 0.021ms
[49.811s][info][gc,ergo     ] Free: 1900M, Max: 1024K regular, 1420M humongous, Frag: 26% external, 0% internal; Reserve: 103M, Max: 1024K
[49.811s][info][gc,stats    ] 
[49.811s][info][gc,stats    ] All times are wall-clock times, except per-root-class counters, that are sum over
[49.811s][info][gc,stats    ] all workers. Dividing the <total> over the root stage time estimates parallelism.
[49.811s][info][gc,stats    ] 
[49.811s][info][gc,stats    ] Concurrent Reset                    211 us
[49.811s][info][gc,stats    ] Pause Init Mark (G)                 186 us
[49.811s][info][gc,stats    ] Pause Init Mark (N)                 108 us
[49.811s][info][gc,stats    ]   Update Region States               25 us
[49.811s][info][gc,stats    ] Concurrent Mark Roots               431 us, parallelism: 0.83x
[49.811s][info][gc,stats    ]   CMR: <total>                      358 us
[49.811s][info][gc,stats    ]   CMR: Thread Roots                 314 us, workers (us): 314, ---, ---, 
[49.811s][info][gc,stats    ]   CMR: VM Strong Roots                4 us, workers (us):   4, ---, ---, 
[49.811s][info][gc,stats    ]   CMR: CLDG Roots                    39 us, workers (us):  39, ---, ---, 
[49.811s][info][gc,stats    ] Concurrent Marking                 3953 us
[49.811s][info][gc,stats    ] Pause Final Mark (G)                193 us
[49.811s][info][gc,stats    ] Pause Final Mark (N)                147 us
[49.811s][info][gc,stats    ]   Finish Mark                        34 us
[49.811s][info][gc,stats    ]   Update Region States               28 us
[49.811s][info][gc,stats    ]   Choose Collection Set              27 us
[49.811s][info][gc,stats    ]   Rebuild Free Set                    8 us
[49.811s][info][gc,stats    ] Concurrent Weak References           95 us, parallelism: 0.08x
[49.811s][info][gc,stats    ]   CWRF: <total>                       8 us
[49.811s][info][gc,stats    ]   CWRF: Weak References               8 us, workers (us):   8, ---, ---, 
[49.811s][info][gc,stats    ] Concurrent Weak Roots              4261 us
[49.811s][info][gc,stats    ]   Roots                            4131 us, parallelism: 0.99x
[49.811s][info][gc,stats    ]     CWR: <total>                   4102 us
[49.811s][info][gc,stats    ]     CWR: Code Cache Roots           653 us, workers (us): 653, ---, ---, 
[49.811s][info][gc,stats    ]     CWR: VM Weak Roots             3441 us, workers (us): 3441, ---, ---, 
[49.811s][info][gc,stats    ]     CWR: CLDG Roots                   7 us, workers (us):   7, ---, ---, 
[49.811s][info][gc,stats    ]   Rendezvous                         59 us
[49.811s][info][gc,stats    ] Concurrent Cleanup                   63 us
[49.812s][info][gc,stats    ] Concurrent Class Unloading         3199 us
[49.812s][info][gc,stats    ]   Unlink Stale                     2945 us
[49.812s][info][gc,stats    ]     System Dictionary                 8 us
[49.812s][info][gc,stats    ]     Weak Class Links                  0 us
[49.812s][info][gc,stats    ]     Code Roots                     2935 us
[49.812s][info][gc,stats    ]   Rendezvous                         57 us
[49.812s][info][gc,stats    ]   Purge Unlinked                    134 us
[49.812s][info][gc,stats    ]     Code Roots                      131 us
[49.812s][info][gc,stats    ]     CLDG                              3 us
[49.812s][info][gc,stats    ]     Exception Caches                  0 us
[49.812s][info][gc,stats    ] Pause Final Roots (G)               101 us
[49.812s][info][gc,stats    ] Pause Final Roots (N)                29 us
[49.812s][info][gc,stats    ] 
[49.812s][info][gc,stats    ] Allocation pacing accrued:
[49.812s][info][gc,stats    ]       0 of   454 ms (  0.0%): <total>
[49.812s][info][gc,stats    ]       0 of   454 ms (  0.0%): <average total>
[49.812s][info][gc,stats    ] 
[49.812s][info][gc,metaspace] Metaspace: 14201K(14528K)->14201K(14528K) NonClass: 12296K(12480K)->12296K(12480K) Class: 1905K(2048K)->1905K(2048K)
[49.812s][info][gc,ergo     ] Pacer for Idle. Initial: 41943K, Alloc Tax Rate: 1.0x
[50.244s][info][gc          ] Trigger: Learning 5 of 5. Free (1433M) is below initial threshold (1433M)
[50.244s][info][gc,ergo     ] Free: 1433M, Max: 1024K regular, 1420M humongous, Frag: 1% external, 0% internal; Reserve: 103M, Max: 1024K
[50.244s][info][gc,start    ] GC(119) Concurrent reset
[50.244s][info][gc,task     ] GC(119) Using 1 of 3 workers for concurrent reset
[50.244s][info][gc,ergo     ] GC(119) Pacer for Reset. Non-Taxable: 2048M
[50.244s][info][gc          ] GC(119) Concurrent reset 0.213ms
[50.244s][info][gc,start    ] GC(119) Pause Init Mark (unload classes)
[50.244s][info][gc,task     ] GC(119) Using 3 of 3 workers for init marking
[50.244s][info][gc,ergo     ] GC(119) Pacer for Mark. Expected Live: 4518K, Free: 1433M, Non-Taxable: 143M, Alloc Tax Rate: 0.0x
[50.244s][info][gc          ] GC(119) Pause Init Mark (unload classes) 0.100ms
[50.244s][info][gc,start    ] GC(119) Concurrent marking roots
[50.244s][info][gc,task     ] GC(119) Using 1 of 3 workers for concurrent marking roots
[50.245s][info][gc          ] GC(119) Concurrent marking roots 0.402ms
[50.245s][info][gc,start    ] GC(119) Concurrent marking (unload classes)
[50.245s][info][gc,task     ] GC(119) Using 1 of 3 workers for concurrent marking
[50.249s][info][gc          ] GC(119) Concurrent marking (unload classes) 4.175ms
[50.249s][info][gc,start    ] GC(119) Pause Final Mark (unload classes)
[50.249s][info][gc,task     ] GC(119) Using 3 of 3 workers for final marking
[50.249s][info][gc,ergo     ] GC(119) Collectable Garbage: 476M (94%), Immediate: 476M (94%), CSet: 0B (0%)
[50.249s][info][gc          ] GC(119) Pause Final Mark (unload classes) 0.153ms
[50.249s][info][gc,start    ] GC(119) Concurrent weak references
[50.249s][info][gc,task     ] GC(119) Using 1 of 3 workers for concurrent weak references
[50.249s][info][gc,ref      ] GC(119) Encountered references: Soft: 140, Weak: 729, Final: 0, Phantom: 64
[50.249s][info][gc,ref      ] GC(119) Discovered  references: Soft: 0, Weak: 147, Final: 0, Phantom: 37
[50.249s][info][gc,ref      ] GC(119) Enqueued    references: Soft: 0, Weak: 0, Final: 0, Phantom: 0
[50.249s][info][gc          ] GC(119) Concurrent weak references 0.062ms
[50.249s][info][gc,start    ] GC(119) Concurrent weak roots
[50.249s][info][gc,task     ] GC(119) Using 1 of 3 workers for concurrent weak root
[50.255s][info][gc          ] GC(119) Concurrent weak roots 5.994ms
[50.255s][info][gc,start    ] GC(119) Concurrent cleanup
[50.255s][info][gc          ] GC(119) Concurrent cleanup 523M->46M(2048M) 0.058ms
[50.255s][info][gc,ergo     ] GC(119) Free: 1898M, Max: 1024K regular, 1426M humongous, Frag: 25% external, 0% internal; Reserve: 103M, Max: 1024K
[50.256s][info][gc,start    ] GC(119) Concurrent class unloading
[50.256s][info][gc,task     ] GC(119) Using 1 of 3 workers for concurrent class unloading
[50.259s][info][gc          ] GC(119) Concurrent class unloading 3.684ms
[50.259s][info][gc,start    ] GC(119) Pause Final Roots
[50.259s][info][gc          ] GC(119) Pause Final Roots 0.022ms
[50.259s][info][gc,ergo     ] Free: 1891M, Max: 1024K regular, 1426M humongous, Frag: 25% external, 0% internal; Reserve: 103M, Max: 1024K
[50.259s][info][gc,stats    ] 
[50.259s][info][gc,stats    ] All times are wall-clock times, except per-root-class counters, that are sum over
[50.259s][info][gc,stats    ] all workers. Dividing the <total> over the root stage time estimates parallelism.
[50.259s][info][gc,stats    ] 
[50.259s][info][gc,stats    ] Concurrent Reset                    231 us
[50.259s][info][gc,stats    ] Pause Init Mark (G)                 262 us
[50.259s][info][gc,stats    ] Pause Init Mark (N)                 109 us
[50.259s][info][gc,stats    ]   Update Region States               26 us
[50.259s][info][gc,stats    ] Concurrent Mark Roots               415 us, parallelism: 0.85x
[50.259s][info][gc,stats    ]   CMR: <total>                      353 us
[50.259s][info][gc,stats    ]   CMR: Thread Roots                 308 us, workers (us): 308, ---, ---, 
[50.259s][info][gc,stats    ]   CMR: VM Strong Roots                6 us, workers (us):   6, ---, ---, 
[50.259s][info][gc,stats    ]   CMR: CLDG Roots                    38 us, workers (us):  38, ---, ---, 
[50.259s][info][gc,stats    ] Concurrent Marking                 4230 us
[50.259s][info][gc,stats    ] Pause Final Mark (G)                221 us
[50.260s][info][gc,stats    ] Pause Final Mark (N)                161 us
[50.260s][info][gc,stats    ]   Finish Mark                        41 us
[50.260s][info][gc,stats    ]   Update Region States               29 us
[50.260s][info][gc,stats    ]   Choose Collection Set              28 us
[50.260s][info][gc,stats    ]   Rebuild Free Set                    7 us
[50.260s][info][gc,stats    ] Concurrent Weak References           69 us, parallelism: 0.12x
[50.260s][info][gc,stats    ]   CWRF: <total>                       8 us
[50.260s][info][gc,stats    ]   CWRF: Weak References               8 us, workers (us):   8, ---, ---, 
[50.260s][info][gc,stats    ] Concurrent Weak Roots              6054 us
[50.260s][info][gc,stats    ]   Roots                            5908 us, parallelism: 0.99x
[50.260s][info][gc,stats    ]     CWR: <total>                   5876 us
[50.260s][info][gc,stats    ]     CWR: Code Cache Roots           834 us, workers (us): 834, ---, ---, 
[50.260s][info][gc,stats    ]     CWR: VM Weak Roots             5033 us, workers (us): 5033, ---, ---, 
[50.260s][info][gc,stats    ]     CWR: CLDG Roots                   9 us, workers (us):   9, ---, ---, 
[50.260s][info][gc,stats    ]   Rendezvous                         68 us
[50.260s][info][gc,stats    ] Concurrent Cleanup                   68 us
[50.260s][info][gc,stats    ] Concurrent Class Unloading         3737 us
[50.260s][info][gc,stats    ]   Unlink Stale                     3413 us
[50.260s][info][gc,stats    ]     System Dictionary                 9 us
[50.260s][info][gc,stats    ]     Weak Class Links                  0 us
[50.260s][info][gc,stats    ]     Code Roots                     3402 us
[50.260s][info][gc,stats    ]   Rendezvous                         62 us
[50.260s][info][gc,stats    ]   Purge Unlinked                    191 us
[50.260s][info][gc,stats    ]     Code Roots                      187 us
[50.260s][info][gc,stats    ]     CLDG                              3 us
[50.260s][info][gc,stats    ]     Exception Caches                  0 us
[50.260s][info][gc,stats    ] Pause Final Roots (G)                87 us
[50.260s][info][gc,stats    ] Pause Final Roots (N)                30 us
[50.260s][info][gc,stats    ] 
[50.260s][info][gc,stats    ] Allocation pacing accrued:
[50.260s][info][gc,stats    ]       0 of   448 ms (  0.0%): <total>
[50.260s][info][gc,stats    ]       0 of   448 ms (  0.0%): <average total>
[50.260s][info][gc,stats    ] 
[50.260s][info][gc,metaspace] Metaspace: 14201K(14528K)->14201K(14528K) NonClass: 12296K(12480K)->12296K(12480K) Class: 1905K(2048K)->1905K(2048K)
[50.260s][info][gc,ergo     ] Pacer for Idle. Initial: 41943K, Alloc Tax Rate: 1.0x
[50.519s][info][gc          ] Trigger: Explicit GC request (System.gc())
[50.519s][info][gc,ergo     ] Free: 1678M, Max: 1024K regular, 1426M humongous, Frag: 16% external, 0% internal; Reserve: 103M, Max: 1024K
[50.519s][info][gc,start    ] GC(120) Concurrent reset
[50.519s][info][gc,task     ] GC(120) Using 1 of 3 workers for concurrent reset
[50.519s][info][gc,ergo     ] GC(120) Pacer for Reset. Non-Taxable: 2048M
[50.519s][info][gc          ] GC(120) Concurrent reset 0.288ms
[50.520s][info][gc,start    ] GC(120) Pause Init Mark (unload classes)
[50.520s][info][gc,task     ] GC(120) Using 3 of 3 workers for init marking
[50.520s][info][gc,ref      ] GC(120) Clearing All SoftReferences
[50.520s][info][gc,ergo     ] GC(120) Pacer for Mark. Expected Live: 4518K, Free: 1678M, Non-Taxable: 167M, Alloc Tax Rate: 0.0x
[50.520s][info][gc          ] GC(120) Pause Init Mark (unload classes) 0.159ms
[50.520s][info][gc,start    ] GC(120) Concurrent marking roots
[50.520s][info][gc,task     ] GC(120) Using 1 of 3 workers for concurrent marking roots
[50.520s][info][gc          ] GC(120) Concurrent marking roots 0.570ms
[50.520s][info][gc,start    ] GC(120) Concurrent marking (unload classes)
[50.520s][info][gc,task     ] GC(120) Using 1 of 3 workers for concurrent marking
[50.524s][info][gc          ] GC(120) Concurrent marking (unload classes) 4.072ms
[50.524s][info][gc,start    ] GC(120) Pause Final Mark (unload classes)
[50.524s][info][gc,task     ] GC(120) Using 3 of 3 workers for final marking
[50.525s][info][gc,ergo     ] GC(120) Collectable Garbage: 254M (97%), Immediate: 254M (97%), CSet: 0B (0%)
[50.525s][info][gc          ] GC(120) Pause Final Mark (unload classes) 0.460ms
[50.525s][info][gc,start    ] GC(120) Concurrent weak references
[50.525s][info][gc,task     ] GC(120) Using 1 of 3 workers for concurrent weak references
[50.525s][info][gc,ref      ] GC(120) Encountered references: Soft: 140, Weak: 713, Final: 0, Phantom: 64
[50.525s][info][gc,ref      ] GC(120) Discovered  references: Soft: 88, Weak: 169, Final: 0, Phantom: 62
[50.525s][info][gc,ref      ] GC(120) Enqueued    references: Soft: 3, Weak: 0, Final: 0, Phantom: 0
[50.525s][info][gc          ] GC(120) Concurrent weak references 0.110ms
[50.525s][info][gc,start    ] GC(120) Concurrent weak roots
[50.525s][info][gc,task     ] GC(120) Using 1 of 3 workers for concurrent weak root
[50.527s][info][gc          ] GC(120) Concurrent weak roots 1.501ms
[50.527s][info][gc,start    ] GC(120) Concurrent cleanup
[50.527s][info][gc          ] GC(120) Concurrent cleanup 266M->11M(2048M) 0.034ms
[50.527s][info][gc,ergo     ] GC(120) Free: 1933M, Max: 1024K regular, 1704M humongous, Frag: 12% external, 0% internal; Reserve: 103M, Max: 1024K
[50.527s][info][gc,start    ] GC(120) Concurrent class unloading
[50.527s][info][gc,task     ] GC(120) Using 1 of 3 workers for concurrent class unloading
[50.530s][info][gc          ] GC(120) Concurrent class unloading 3.853ms
[50.531s][info][gc,start    ] GC(120) Pause Final Roots
[50.531s][info][gc          ] GC(120) Pause Final Roots 0.067ms
[50.531s][info][gc,ergo     ] Free: 1933M, Max: 1024K regular, 1704M humongous, Frag: 12% external, 0% internal; Reserve: 103M, Max: 1024K
[50.531s][info][gc,stats    ] 
[50.531s][info][gc,stats    ] All times are wall-clock times, except per-root-class counters, that are sum over
[50.531s][info][gc,stats    ] all workers. Dividing the <total> over the root stage time estimates parallelism.
[50.531s][info][gc,stats    ] 
[50.531s][info][gc,stats    ] Concurrent Reset                    327 us
[50.531s][info][gc,stats    ] Pause Init Mark (G)                 221 us
[50.531s][info][gc,stats    ] Pause Init Mark (N)                 167 us
[50.531s][info][gc,stats    ]   Update Region States               70 us
[50.531s][info][gc,stats    ] Concurrent Mark Roots               579 us, parallelism: 0.82x
[50.531s][info][gc,stats    ]   CMR: <total>                      476 us
[50.531s][info][gc,stats    ]   CMR: Thread Roots                 437 us, workers (us): 437, ---, ---, 
[50.531s][info][gc,stats    ]   CMR: VM Strong Roots                4 us, workers (us):   4, ---, ---, 
[50.531s][info][gc,stats    ]   CMR: CLDG Roots                    35 us, workers (us):  35, ---, ---, 
[50.531s][info][gc,stats    ] Concurrent Marking                 4098 us
[50.531s][info][gc,stats    ] Pause Final Mark (G)                539 us
[50.531s][info][gc,stats    ] Pause Final Mark (N)                484 us
[50.531s][info][gc,stats    ]   Finish Mark                       157 us
[50.531s][info][gc,stats    ]   Update Region States              125 us
[50.531s][info][gc,stats    ]   Choose Collection Set              76 us
[50.531s][info][gc,stats    ]   Rebuild Free Set                   21 us
[50.531s][info][gc,stats    ] Concurrent Weak References          117 us, parallelism: 0.06x
[50.531s][info][gc,stats    ]   CWRF: <total>                       7 us
[50.531s][info][gc,stats    ]   CWRF: Weak References               7 us, workers (us):   7, ---, ---, 
[50.531s][info][gc,stats    ] Concurrent Weak Roots              1517 us
[50.531s][info][gc,stats    ]   Roots                            1444 us, parallelism: 0.97x
[50.531s][info][gc,stats    ]     CWR: <total>                   1398 us
[50.531s][info][gc,stats    ]     CWR: Code Cache Roots           588 us, workers (us): 588, ---, ---, 
[50.531s][info][gc,stats    ]     CWR: VM Weak Roots              803 us, workers (us): 803, ---, ---, 
[50.531s][info][gc,stats    ]     CWR: CLDG Roots                   7 us, workers (us):   7, ---, ---, 
[50.531s][info][gc,stats    ]   Rendezvous                         40 us
[50.531s][info][gc,stats    ] Concurrent Cleanup                   42 us
[50.531s][info][gc,stats    ] Concurrent Class Unloading         3905 us
[50.531s][info][gc,stats    ]   Unlink Stale                     3397 us
[50.531s][info][gc,stats    ]     System Dictionary                 5 us
[50.531s][info][gc,stats    ]     Weak Class Links                  0 us
[50.531s][info][gc,stats    ]     Code Roots                     3391 us
[50.531s][info][gc,stats    ]   Rendezvous                        144 us
[50.531s][info][gc,stats    ]   Purge Unlinked                    293 us
[50.531s][info][gc,stats    ]     Code Roots                      280 us
[50.531s][info][gc,stats    ]     CLDG                             13 us
[50.531s][info][gc,stats    ]     Exception Caches                  0 us
[50.531s][info][gc,stats    ] Pause Final Roots (G)               197 us
[50.531s][info][gc,stats    ] Pause Final Roots (N)                86 us
[50.531s][info][gc,stats    ] 
[50.531s][info][gc,stats    ] Allocation pacing accrued:
[50.531s][info][gc,stats    ]       0 of   272 ms (  0.0%): <total>
[50.531s][info][gc,stats    ]       0 of   272 ms (  0.0%): <average total>
[50.531s][info][gc,stats    ] 
[50.531s][info][gc,metaspace] Metaspace: 14201K(14528K)->14201K(14528K) NonClass: 12296K(12480K)->12296K(12480K) Class: 1905K(2048K)->1905K(2048K)
[50.531s][info][gc,ergo     ] Pacer for Idle. Initial: 41943K, Alloc Tax Rate: 1.0x
[50.970s][info][gc          ] Trigger: Learning 2 of 5. Free (1433M) is below initial threshold (1433M)
[50.970s][info][gc,ergo     ] Free: 1432M, Max: 1024K regular, 1432M humongous, Frag: 0% external, 0% internal; Reserve: 103M, Max: 1024K
[50.970s][info][gc,start    ] GC(121) Concurrent reset
[50.970s][info][gc,task     ] GC(121) Using 1 of 3 workers for concurrent reset
[50.970s][info][gc,ergo     ] GC(121) Pacer for Reset. Non-Taxable: 2048M
[50.970s][info][gc          ] GC(121) Concurrent reset 0.148ms
[50.970s][info][gc,start    ] GC(121) Pause Init Mark (unload classes)
[50.970s][info][gc,task     ] GC(121) Using 3 of 3 workers for init marking
[50.970s][info][gc,ergo     ] GC(121) Pacer for Mark. Expected Live: 4518K, Free: 1432M, Non-Taxable: 143M, Alloc Tax Rate: 0.0x
[50.970s][info][gc          ] GC(121) Pause Init Mark (unload classes) 0.068ms
[50.970s][info][gc,start    ] GC(121) Concurrent marking roots
[50.970s][info][gc,task     ] GC(121) Using 1 of 3 workers for concurrent marking roots
[50.971s][info][gc          ] GC(121) Concurrent marking roots 0.411ms
[50.971s][info][gc,start    ] GC(121) Concurrent marking (unload classes)
[50.971s][info][gc,task     ] GC(121) Using 1 of 3 workers for concurrent marking
[50.975s][info][gc          ] GC(121) Concurrent marking (unload classes) 3.915ms
[50.975s][info][gc,start    ] GC(121) Pause Final Mark (unload classes)
[50.975s][info][gc,task     ] GC(121) Using 3 of 3 workers for final marking
[50.975s][info][gc,ergo     ] GC(121) Collectable Garbage: 487M (95%), Immediate: 487M (95%), CSet: 0B (0%)
[50.975s][info][gc          ] GC(121) Pause Final Mark (unload classes) 0.164ms
[50.975s][info][gc,start    ] GC(121) Concurrent weak references
[50.975s][info][gc,task     ] GC(121) Using 1 of 3 workers for concurrent weak references
[50.975s][info][gc,ref      ] GC(121) Encountered references: Soft: 140, Weak: 735, Final: 0, Phantom: 64
[50.975s][info][gc,ref      ] GC(121) Discovered  references: Soft: 0, Weak: 151, Final: 0, Phantom: 37
[50.975s][info][gc,ref      ] GC(121) Enqueued    references: Soft: 0, Weak: 2, Final: 0, Phantom: 0
[50.975s][info][gc          ] GC(121) Concurrent weak references 0.080ms
[50.975s][info][gc,start    ] GC(121) Concurrent weak roots
[50.975s][info][gc,task     ] GC(121) Using 1 of 3 workers for concurrent weak root
[50.978s][info][gc          ] GC(121) Concurrent weak roots 3.200ms
[50.978s][info][gc,start    ] GC(121) Concurrent cleanup
[50.978s][info][gc          ] GC(121) Concurrent cleanup 525M->38M(2048M) 0.051ms
[50.978s][info][gc,ergo     ] GC(121) Free: 1906M, Max: 1024K regular, 1419M humongous, Frag: 26% external, 0% internal; Reserve: 103M, Max: 1024K
[50.978s][info][gc,start    ] GC(121) Concurrent class unloading
[50.978s][info][gc,task     ] GC(121) Using 1 of 3 workers for concurrent class unloading
[50.981s][info][gc          ] GC(121) Concurrent class unloading 3.188ms
[50.982s][info][gc,start    ] GC(121) Pause Final Roots
[50.982s][info][gc          ] GC(121) Pause Final Roots 0.038ms
[50.982s][info][gc,ergo     ] Free: 1904M, Max: 1024K regular, 1419M humongous, Frag: 26% external, 0% internal; Reserve: 103M, Max: 1024K
[50.982s][info][gc,stats    ] 
[50.982s][info][gc,stats    ] All times are wall-clock times, except per-root-class counters, that are sum over
[50.982s][info][gc,stats    ] all workers. Dividing the <total> over the root stage time estimates parallelism.
[50.982s][info][gc,stats    ] 
[50.982s][info][gc,stats    ] Concurrent Reset                    191 us
[50.982s][info][gc,stats    ] Pause Init Mark (G)                 202 us
[50.982s][info][gc,stats    ] Pause Init Mark (N)                  76 us
[50.982s][info][gc,stats    ]   Update Region States               24 us
[50.982s][info][gc,stats    ] Concurrent Mark Roots               424 us, parallelism: 0.85x
[50.982s][info][gc,stats    ]   CMR: <total>                      361 us
[50.982s][info][gc,stats    ]   CMR: Thread Roots                 320 us, workers (us): 320, ---, ---, 
[50.982s][info][gc,stats    ]   CMR: VM Strong Roots                4 us, workers (us):   4, ---, ---, 
[50.982s][info][gc,stats    ]   CMR: CLDG Roots                    37 us, workers (us):  37, ---, ---, 
[50.982s][info][gc,stats    ] Concurrent Marking                 3972 us
[50.982s][info][gc,stats    ] Pause Final Mark (G)                244 us
[50.982s][info][gc,stats    ] Pause Final Mark (N)                175 us
[50.982s][info][gc,stats    ]   Finish Mark                        36 us
[50.982s][info][gc,stats    ]   Update Region States               32 us
[50.982s][info][gc,stats    ]   Choose Collection Set              36 us
[50.982s][info][gc,stats    ]   Rebuild Free Set                    7 us
[50.982s][info][gc,stats    ] Concurrent Weak References           88 us, parallelism: 0.11x
[50.982s][info][gc,stats    ]   CWRF: <total>                      10 us
[50.982s][info][gc,stats    ]   CWRF: Weak References              10 us, workers (us):  10, ---, ---, 
[50.982s][info][gc,stats    ] Concurrent Weak Roots              3229 us
[50.982s][info][gc,stats    ]   Roots                            3136 us, parallelism: 0.99x
[50.982s][info][gc,stats    ]     CWR: <total>                   3111 us
[50.982s][info][gc,stats    ]     CWR: Code Cache Roots           656 us, workers (us): 656, ---, ---, 
[50.982s][info][gc,stats    ]     CWR: VM Weak Roots             2447 us, workers (us): 2447, ---, ---, 
[50.982s][info][gc,stats    ]     CWR: CLDG Roots                   8 us, workers (us):   8, ---, ---, 
[50.982s][info][gc,stats    ]   Rendezvous                         48 us
[50.982s][info][gc,stats    ] Concurrent Cleanup                   60 us
[50.982s][info][gc,stats    ] Concurrent Class Unloading         3237 us
[50.982s][info][gc,stats    ]   Unlink Stale                     2974 us
[50.982s][info][gc,stats    ]     System Dictionary                 8 us
[50.982s][info][gc,stats    ]     Weak Class Links                  0 us
[50.982s][info][gc,stats    ]     Code Roots                     2964 us
[50.982s][info][gc,stats    ]   Rendezvous                         47 us
[50.982s][info][gc,stats    ]   Purge Unlinked                    149 us
[50.982s][info][gc,stats    ]     Code Roots                      145 us
[50.982s][info][gc,stats    ]     CLDG                              4 us
[50.982s][info][gc,stats    ]     Exception Caches                  0 us
[50.982s][info][gc,stats    ] Pause Final Roots (G)               110 us
[50.982s][info][gc,stats    ] Pause Final Roots (N)                47 us
[50.982s][info][gc,stats    ] 
[50.982s][info][gc,stats    ] Allocation pacing accrued:
[50.982s][info][gc,stats    ]       0 of   451 ms (  0.0%): <total>
[50.982s][info][gc,stats    ]       0 of   451 ms (  0.0%): <average total>
[50.982s][info][gc,stats    ] 
[50.982s][info][gc,metaspace] Metaspace: 14201K(14528K)->14201K(14528K) NonClass: 12296K(12480K)->12296K(12480K) Class: 1905K(2048K)->1905K(2048K)
[50.982s][info][gc,ergo     ] Pacer for Idle. Initial: 41943K, Alloc Tax Rate: 1.0x
[51.395s][info][gc          ] Trigger: Learning 3 of 5. Free (1431M) is below initial threshold (1433M)
[51.396s][info][gc,ergo     ] Free: 1431M, Max: 1024K regular, 1419M humongous, Frag: 1% external, 0% internal; Reserve: 103M, Max: 1024K
[51.396s][info][gc,start    ] GC(122) Concurrent reset
[51.396s][info][gc,task     ] GC(122) Using 1 of 3 workers for concurrent reset
[51.396s][info][gc,ergo     ] GC(122) Pacer for Reset. Non-Taxable: 2048M
[51.396s][info][gc          ] GC(122) Concurrent reset 0.293ms
[51.396s][info][gc,start    ] GC(122) Pause Init Mark (unload classes)
[51.396s][info][gc,task     ] GC(122) Using 3 of 3 workers for init marking
[51.396s][info][gc,ergo     ] GC(122) Pacer for Mark. Expected Live: 4518K, Free: 1431M, Non-Taxable: 143M, Alloc Tax Rate: 0.0x
[51.396s][info][gc          ] GC(122) Pause Init Mark (unload classes) 0.086ms
[51.396s][info][gc,start    ] GC(122) Concurrent marking roots
[51.396s][info][gc,task     ] GC(122) Using 1 of 3 workers for concurrent marking roots
[51.397s][info][gc          ] GC(122) Concurrent marking roots 0.416ms
[51.397s][info][gc,start    ] GC(122) Concurrent marking (unload classes)
[51.397s][info][gc,task     ] GC(122) Using 1 of 3 workers for concurrent marking
[51.401s][info][gc          ] GC(122) Concurrent marking (unload classes) 4.060ms
[51.401s][info][gc,start    ] GC(122) Pause Final Mark (unload classes)
[51.401s][info][gc,task     ] GC(122) Using 3 of 3 workers for final marking
[51.401s][info][gc,ergo     ] GC(122) Collectable Garbage: 486M (95%), Immediate: 486M (95%), CSet: 0B (0%)
[51.401s][info][gc          ] GC(122) Pause Final Mark (unload classes) 0.162ms
[51.401s][info][gc,start    ] GC(122) Concurrent weak references
[51.401s][info][gc,task     ] GC(122) Using 1 of 3 workers for concurrent weak references
[51.401s][info][gc,ref      ] GC(122) Encountered references: Soft: 140, Weak: 733, Final: 0, Phantom: 64
[51.401s][info][gc,ref      ] GC(122) Discovered  references: Soft: 0, Weak: 149, Final: 0, Phantom: 37
[51.401s][info][gc,ref      ] GC(122) Enqueued    references: Soft: 0, Weak: 0, Final: 0, Phantom: 0
[51.401s][info][gc          ] GC(122) Concurrent weak references 0.062ms
[51.401s][info][gc,start    ] GC(122) Concurrent weak roots
[51.401s][info][gc,task     ] GC(122) Using 1 of 3 workers for concurrent weak root
[51.405s][info][gc          ] GC(122) Concurrent weak roots 3.580ms
[51.405s][info][gc,start    ] GC(122) Concurrent cleanup
[51.405s][info][gc          ] GC(122) Concurrent cleanup 525M->39M(2048M) 0.054ms
[51.405s][info][gc,ergo     ] GC(122) Free: 1905M, Max: 1024K regular, 1425M humongous, Frag: 26% external, 0% internal; Reserve: 103M, Max: 1024K
[51.405s][info][gc,start    ] GC(122) Concurrent class unloading
[51.405s][info][gc,task     ] GC(122) Using 1 of 3 workers for concurrent class unloading
[51.408s][info][gc          ] GC(122) Concurrent class unloading 3.195ms
[51.408s][info][gc,start    ] GC(122) Pause Final Roots
[51.408s][info][gc          ] GC(122) Pause Final Roots 0.040ms
[51.408s][info][gc,ergo     ] Free: 1902M, Max: 1024K regular, 1425M humongous, Frag: 26% external, 0% internal; Reserve: 103M, Max: 1024K
[51.408s][info][gc,stats    ] 
[51.408s][info][gc,stats    ] All times are wall-clock times, except per-root-class counters, that are sum over
[51.408s][info][gc,stats    ] all workers. Dividing the <total> over the root stage time estimates parallelism.
[51.408s][info][gc,stats    ] 
[51.408s][info][gc,stats    ] Concurrent Reset                    315 us
[51.408s][info][gc,stats    ] Pause Init Mark (G)                 185 us
[51.408s][info][gc,stats    ] Pause Init Mark (N)                  95 us
[51.408s][info][gc,stats    ]   Update Region States               23 us
[51.408s][info][gc,stats    ] Concurrent Mark Roots               431 us, parallelism: 0.83x
[51.408s][info][gc,stats    ]   CMR: <total>                      357 us
[51.408s][info][gc,stats    ]   CMR: Thread Roots                 306 us, workers (us): 306, ---, ---, 
[51.408s][info][gc,stats    ]   CMR: VM Strong Roots                5 us, workers (us):   5, ---, ---, 
[51.408s][info][gc,stats    ]   CMR: CLDG Roots                    46 us, workers (us):  46, ---, ---, 
[51.408s][info][gc,stats    ] Concurrent Marking                 4101 us
[51.408s][info][gc,stats    ] Pause Final Mark (G)                223 us
[51.408s][info][gc,stats    ] Pause Final Mark (N)                171 us
[51.408s][info][gc,stats    ]   Finish Mark                        35 us
[51.408s][info][gc,stats    ]   Update Region States               30 us
[51.408s][info][gc,stats    ]   Choose Collection Set              38 us
[51.408s][info][gc,stats    ]   Rebuild Free Set                    8 us
[51.408s][info][gc,stats    ] Concurrent Weak References           70 us, parallelism: 0.12x
[51.408s][info][gc,stats    ]   CWRF: <total>                       8 us
[51.408s][info][gc,stats    ]   CWRF: Weak References               8 us, workers (us):   8, ---, ---, 
[51.408s][info][gc,stats    ] Concurrent Weak Roots              3617 us
[51.408s][info][gc,stats    ]   Roots                            3512 us, parallelism: 0.99x
[51.408s][info][gc,stats    ]     CWR: <total>                   3484 us
[51.408s][info][gc,stats    ]     CWR: Code Cache Roots           652 us, workers (us): 652, ---, ---, 
[51.408s][info][gc,stats    ]     CWR: VM Weak Roots             2825 us, workers (us): 2825, ---, ---, 
[51.408s][info][gc,stats    ]     CWR: CLDG Roots                   7 us, workers (us):   7, ---, ---, 
[51.408s][info][gc,stats    ]   Rendezvous                         45 us
[51.408s][info][gc,stats    ] Concurrent Cleanup                   62 us
[51.408s][info][gc,stats    ] Concurrent Class Unloading         3239 us
[51.408s][info][gc,stats    ]   Unlink Stale                     2962 us
[51.408s][info][gc,stats    ]     System Dictionary                10 us
[51.408s][info][gc,stats    ]     Weak Class Links                  0 us
[51.408s][info][gc,stats    ]     Code Roots                     2950 us
[51.408s][info][gc,stats    ]   Rendezvous                         45 us
[51.408s][info][gc,stats    ]   Purge Unlinked                    169 us
[51.408s][info][gc,stats    ]     Code Roots                      164 us
[51.408s][info][gc,stats    ]     CLDG                              5 us
[51.408s][info][gc,stats    ]     Exception Caches                  0 us
[51.408s][info][gc,stats    ] Pause Final Roots (G)               109 us
[51.408s][info][gc,stats    ] Pause Final Roots (N)                48 us
[51.408s][info][gc,stats    ] 
[51.408s][info][gc,stats    ] Allocation pacing accrued:
[51.408s][info][gc,stats    ]       0 of   426 ms (  0.0%): <total>
[51.408s][info][gc,stats    ]       0 of   426 ms (  0.0%): <average total>
[51.408s][info][gc,stats    ] 
[51.408s][info][gc,metaspace] Metaspace: 14201K(14528K)->14201K(14528K) NonClass: 12296K(12480K)->12296K(12480K) Class: 1905K(2048K)->1905K(2048K)
[51.408s][info][gc,ergo     ] Pacer for Idle. Initial: 41943K, Alloc Tax Rate: 1.0x
[51.818s][info][gc          ] Trigger: Learning 4 of 5. Free (1433M) is below initial threshold (1433M)
[51.818s][info][gc,ergo     ] Free: 1433M, Max: 1024K regular, 1425M humongous, Frag: 1% external, 0% internal; Reserve: 103M, Max: 1024K
[51.818s][info][gc,start    ] GC(123) Concurrent reset
[51.818s][info][gc,task     ] GC(123) Using 1 of 3 workers for concurrent reset
[51.818s][info][gc,ergo     ] GC(123) Pacer for Reset. Non-Taxable: 2048M
[51.818s][info][gc          ] GC(123) Concurrent reset 0.214ms
[51.818s][info][gc,start    ] GC(123) Pause Init Mark (unload classes)
[51.818s][info][gc,task     ] GC(123) Using 3 of 3 workers for init marking
[51.818s][info][gc,ergo     ] GC(123) Pacer for Mark. Expected Live: 4517K, Free: 1433M, Non-Taxable: 143M, Alloc Tax Rate: 0.0x
[51.818s][info][gc          ] GC(123) Pause Init Mark (unload classes) 0.093ms
[51.818s][info][gc,start    ] GC(123) Concurrent marking roots
[51.818s][info][gc,task     ] GC(123) Using 1 of 3 workers for concurrent marking roots
[51.819s][info][gc          ] GC(123) Concurrent marking roots 0.411ms
[51.819s][info][gc,start    ] GC(123) Concurrent marking (unload classes)
[51.819s][info][gc,task     ] GC(123) Using 1 of 3 workers for concurrent marking
[51.822s][info][gc          ] GC(123) Concurrent marking (unload classes) 3.926ms
[51.823s][info][gc,start    ] GC(123) Pause Final Mark (unload classes)
[51.823s][info][gc,task     ] GC(123) Using 3 of 3 workers for final marking
[51.823s][info][gc,ergo     ] GC(123) Collectable Garbage: 482M (95%), Immediate: 482M (95%), CSet: 0B (0%)
[51.823s][info][gc          ] GC(123) Pause Final Mark (unload classes) 0.150ms
[51.823s][info][gc,start    ] GC(123) Concurrent weak references
[51.823s][info][gc,task     ] GC(123) Using 1 of 3 workers for concurrent weak references
[51.823s][info][gc,ref      ] GC(123) Encountered references: Soft: 140, Weak: 733, Final: 0, Phantom: 64
[51.823s][info][gc,ref      ] GC(123) Discovered  references: Soft: 0, Weak: 149, Final: 0, Phantom: 37
[51.823s][info][gc,ref      ] GC(123) Enqueued    references: Soft: 0, Weak: 0, Final: 0, Phantom: 0
[51.823s][info][gc          ] GC(123) Concurrent weak references 0.068ms
[51.823s][info][gc,start    ] GC(123) Concurrent weak roots
[51.823s][info][gc,task     ] GC(123) Using 1 of 3 workers for concurrent weak root
[51.827s][info][gc          ] GC(123) Concurrent weak roots 4.105ms
[51.827s][info][gc,start    ] GC(123) Concurrent cleanup
[51.827s][info][gc          ] GC(123) Concurrent cleanup 524M->42M(2048M) 0.053ms
[51.827s][info][gc,ergo     ] GC(123) Free: 1902M, Max: 1024K regular, 1420M humongous, Frag: 26% external, 0% internal; Reserve: 103M, Max: 1024K
[51.827s][info][gc,start    ] GC(123) Concurrent class unloading
[51.827s][info][gc,task     ] GC(123) Using 1 of 3 workers for concurrent class unloading
[51.830s][info][gc          ] GC(123) Concurrent class unloading 3.097ms
[51.830s][info][gc,start    ] GC(123) Pause Final Roots
[51.830s][info][gc          ] GC(123) Pause Final Roots 0.039ms
[51.830s][info][gc,ergo     ] Free: 1897M, Max: 1024K regular, 1420M humongous, Frag: 26% external, 0% internal; Reserve: 103M, Max: 1024K
[51.830s][info][gc,stats    ] 
[51.830s][info][gc,stats    ] All times are wall-clock times, except per-root-class counters, that are sum over
[51.830s][info][gc,stats    ] all workers. Dividing the <total> over the root stage time estimates parallelism.
[51.830s][info][gc,stats    ] 
[51.830s][info][gc,stats    ] Concurrent Reset                    232 us
[51.830s][info][gc,stats    ] Pause Init Mark (G)                 203 us
[51.830s][info][gc,stats    ] Pause Init Mark (N)                 101 us
[51.830s][info][gc,stats    ]   Update Region States               27 us
[51.830s][info][gc,stats    ] Concurrent Mark Roots               425 us, parallelism: 0.85x
[51.830s][info][gc,stats    ]   CMR: <total>                      361 us
[51.830s][info][gc,stats    ]   CMR: Thread Roots                 316 us, workers (us): 316, ---, ---, 
[51.830s][info][gc,stats    ]   CMR: VM Strong Roots                6 us, workers (us):   6, ---, ---, 
[51.830s][info][gc,stats    ]   CMR: CLDG Roots                    39 us, workers (us):  39, ---, ---, 
[51.830s][info][gc,stats    ] Concurrent Marking                 3979 us
[51.830s][info][gc,stats    ] Pause Final Mark (G)                207 us
[51.830s][info][gc,stats    ] Pause Final Mark (N)                158 us
[51.830s][info][gc,stats    ]   Finish Mark                        36 us
[51.830s][info][gc,stats    ]   Update Region States               28 us
[51.830s][info][gc,stats    ]   Choose Collection Set              28 us
[51.830s][info][gc,stats    ]   Rebuild Free Set                    7 us
[51.830s][info][gc,stats    ] Concurrent Weak References           75 us, parallelism: 0.09x
[51.831s][info][gc,stats    ]   CWRF: <total>                       7 us
[51.831s][info][gc,stats    ]   CWRF: Weak References               7 us, workers (us):   7, ---, ---, 
[51.831s][info][gc,stats    ] Concurrent Weak Roots              4151 us
[51.831s][info][gc,stats    ]   Roots                            4030 us, parallelism: 0.99x
[51.831s][info][gc,stats    ]     CWR: <total>                   4000 us
[51.831s][info][gc,stats    ]     CWR: Code Cache Roots           663 us, workers (us): 663, ---, ---, 
[51.831s][info][gc,stats    ]     CWR: VM Weak Roots             3331 us, workers (us): 3331, ---, ---, 
[51.831s][info][gc,stats    ]     CWR: CLDG Roots                   7 us, workers (us):   7, ---, ---, 
[51.831s][info][gc,stats    ]   Rendezvous                         59 us
[51.831s][info][gc,stats    ] Concurrent Cleanup                   61 us
[51.831s][info][gc,stats    ] Concurrent Class Unloading         3143 us
[51.831s][info][gc,stats    ]   Unlink Stale                     2898 us
[51.831s][info][gc,stats    ]     System Dictionary                 8 us
[51.831s][info][gc,stats    ]     Weak Class Links                  0 us
[51.831s][info][gc,stats    ]     Code Roots                     2888 us
[51.831s][info][gc,stats    ]   Rendezvous                         47 us
[51.831s][info][gc,stats    ]   Purge Unlinked                    134 us
[51.831s][info][gc,stats    ]     Code Roots                      130 us
[51.831s][info][gc,stats    ]     CLDG                              3 us
[51.831s][info][gc,stats    ]     Exception Caches                  0 us
[51.831s][info][gc,stats    ] Pause Final Roots (G)                96 us
[51.831s][info][gc,stats    ] Pause Final Roots (N)                47 us
[51.831s][info][gc,stats    ] 
[51.831s][info][gc,stats    ] Allocation pacing accrued:
[51.831s][info][gc,stats    ]       0 of   422 ms (  0.0%): <total>
[51.831s][info][gc,stats    ]       0 of   422 ms (  0.0%): <average total>
[51.831s][info][gc,stats    ] 
[51.831s][info][gc,metaspace] Metaspace: 14201K(14528K)->14201K(14528K) NonClass: 12296K(12480K)->12296K(12480K) Class: 1905K(2048K)->1905K(2048K)
[51.831s][info][gc,ergo     ] Pacer for Idle. Initial: 41943K, Alloc Tax Rate: 1.0x
[52.240s][info][gc          ] Trigger: Learning 5 of 5. Free (1432M) is below initial threshold (1433M)
[52.240s][info][gc,ergo     ] Free: 1432M, Max: 1024K regular, 1420M humongous, Frag: 1% external, 0% internal; Reserve: 103M, Max: 1024K
[52.240s][info][gc,start    ] GC(124) Concurrent reset
[52.240s][info][gc,task     ] GC(124) Using 1 of 3 workers for concurrent reset
[52.240s][info][gc,ergo     ] GC(124) Pacer for Reset. Non-Taxable: 2048M
[52.240s][info][gc          ] GC(124) Concurrent reset 0.212ms
[52.240s][info][gc,start    ] GC(124) Pause Init Mark (unload classes)
[52.240s][info][gc,task     ] GC(124) Using 3 of 3 workers for init marking
[52.240s][info][gc,ergo     ] GC(124) Pacer for Mark. Expected Live: 4517K, Free: 1432M, Non-Taxable: 143M, Alloc Tax Rate: 0.0x
[52.240s][info][gc          ] GC(124) Pause Init Mark (unload classes) 0.091ms
[52.240s][info][gc,start    ] GC(124) Concurrent marking roots
[52.240s][info][gc,task     ] GC(124) Using 1 of 3 workers for concurrent marking roots
[52.240s][info][gc          ] GC(124) Concurrent marking roots 0.415ms
[52.240s][info][gc,start    ] GC(124) Concurrent marking (unload classes)
[52.240s][info][gc,task     ] GC(124) Using 1 of 3 workers for concurrent marking
[52.244s][info][gc          ] GC(124) Concurrent marking (unload classes) 3.908ms
[52.244s][info][gc,start    ] GC(124) Pause Final Mark (unload classes)
[52.244s][info][gc,task     ] GC(124) Using 3 of 3 workers for final marking
[52.245s][info][gc,ergo     ] GC(124) Collectable Garbage: 480M (94%), Immediate: 480M (94%), CSet: 0B (0%)
[52.245s][info][gc          ] GC(124) Pause Final Mark (unload classes) 0.152ms
[52.245s][info][gc,start    ] GC(124) Concurrent weak references
[52.245s][info][gc,task     ] GC(124) Using 1 of 3 workers for concurrent weak references
[52.245s][info][gc,ref      ] GC(124) Encountered references: Soft: 140, Weak: 733, Final: 0, Phantom: 64
[52.245s][info][gc,ref      ] GC(124) Discovered  references: Soft: 0, Weak: 149, Final: 0, Phantom: 37
[52.245s][info][gc,ref      ] GC(124) Enqueued    references: Soft: 0, Weak: 0, Final: 0, Phantom: 0
[52.245s][info][gc          ] GC(124) Concurrent weak references 0.064ms
[52.245s][info][gc,start    ] GC(124) Concurrent weak roots
[52.245s][info][gc,task     ] GC(124) Using 1 of 3 workers for concurrent weak root
[52.249s][info][gc          ] GC(124) Concurrent weak roots 4.543ms
[52.249s][info][gc,start    ] GC(124) Concurrent cleanup
[52.249s][info][gc          ] GC(124) Concurrent cleanup 525M->44M(2048M) 0.054ms
[52.249s][info][gc,ergo     ] GC(124) Free: 1900M, Max: 1024K regular, 1419M humongous, Frag: 26% external, 0% internal; Reserve: 103M, Max: 1024K
[52.249s][info][gc,start    ] GC(124) Concurrent class unloading
[52.249s][info][gc,task     ] GC(124) Using 1 of 3 workers for concurrent class unloading
[52.253s][info][gc          ] GC(124) Concurrent class unloading 3.117ms
[52.253s][info][gc,start    ] GC(124) Pause Final Roots
[52.253s][info][gc          ] GC(124) Pause Final Roots 0.012ms
[52.253s][info][gc,ergo     ] Free: 1895M, Max: 1024K regular, 1419M humongous, Frag: 26% external, 0% internal; Reserve: 103M, Max: 1024K
[52.253s][info][gc,stats    ] 
[52.253s][info][gc,stats    ] All times are wall-clock times, except per-root-class counters, that are sum over
[52.253s][info][gc,stats    ] all workers. Dividing the <total> over the root stage time estimates parallelism.
[52.253s][info][gc,stats    ] 
[52.253s][info][gc,stats    ] Concurrent Reset                    224 us
[52.253s][info][gc,stats    ] Pause Init Mark (G)                 179 us
[52.253s][info][gc,stats    ] Pause Init Mark (N)                  99 us
[52.253s][info][gc,stats    ]   Update Region States               26 us
[52.253s][info][gc,stats    ] Concurrent Mark Roots               428 us, parallelism: 0.86x
[52.253s][info][gc,stats    ]   CMR: <total>                      367 us
[52.253s][info][gc,stats    ]   CMR: Thread Roots                 320 us, workers (us): 320, ---, ---, 
[52.253s][info][gc,stats    ]   CMR: VM Strong Roots                5 us, workers (us):   5, ---, ---, 
[52.253s][info][gc,stats    ]   CMR: CLDG Roots                    43 us, workers (us):  43, ---, ---, 
[52.253s][info][gc,stats    ] Concurrent Marking                 3960 us
[52.253s][info][gc,stats    ] Pause Final Mark (G)                258 us
[52.253s][info][gc,stats    ] Pause Final Mark (N)                160 us
[52.253s][info][gc,stats    ]   Finish Mark                        46 us
[52.253s][info][gc,stats    ]   Update Region States               27 us
[52.253s][info][gc,stats    ]   Choose Collection Set              29 us
[52.253s][info][gc,stats    ]   Rebuild Free Set                    8 us
[52.253s][info][gc,stats    ] Concurrent Weak References           71 us, parallelism: 0.12x
[52.253s][info][gc,stats    ]   CWRF: <total>                       8 us
[52.253s][info][gc,stats    ]   CWRF: Weak References               8 us, workers (us):   8, ---, ---, 
[52.253s][info][gc,stats    ] Concurrent Weak Roots              4589 us
[52.253s][info][gc,stats    ]   Roots                            4472 us, parallelism: 0.99x
[52.253s][info][gc,stats    ]     CWR: <total>                   4442 us
[52.253s][info][gc,stats    ]     CWR: Code Cache Roots           664 us, workers (us): 664, ---, ---, 
[52.253s][info][gc,stats    ]     CWR: VM Weak Roots             3772 us, workers (us): 3772, ---, ---, 
[52.253s][info][gc,stats    ]     CWR: CLDG Roots                   7 us, workers (us):   7, ---, ---, 
[52.253s][info][gc,stats    ]   Rendezvous                         55 us
[52.253s][info][gc,stats    ] Concurrent Cleanup                   63 us
[52.253s][info][gc,stats    ] Concurrent Class Unloading         3166 us
[52.253s][info][gc,stats    ]   Unlink Stale                     2914 us
[52.253s][info][gc,stats    ]     System Dictionary                 7 us
[52.253s][info][gc,stats    ]     Weak Class Links                  0 us
[52.253s][info][gc,stats    ]     Code Roots                     2904 us
[52.253s][info][gc,stats    ]   Rendezvous                         47 us
[52.253s][info][gc,stats    ]   Purge Unlinked                    138 us
[52.253s][info][gc,stats    ]     Code Roots                      134 us
[52.253s][info][gc,stats    ]     CLDG                              3 us
[52.253s][info][gc,stats    ]     Exception Caches                  0 us
[52.253s][info][gc,stats    ] Pause Final Roots (G)                80 us
[52.253s][info][gc,stats    ] Pause Final Roots (N)                20 us
[52.253s][info][gc,stats    ] 
[52.253s][info][gc,stats    ] Allocation pacing accrued:
[52.253s][info][gc,stats    ]       0 of   422 ms (  0.0%): <total>
[52.253s][info][gc,stats    ]       0 of   422 ms (  0.0%): <average total>
[52.253s][info][gc,stats    ] 
[52.253s][info][gc,metaspace] Metaspace: 14201K(14528K)->14201K(14528K) NonClass: 12296K(12480K)->12296K(12480K) Class: 1905K(2048K)->1905K(2048K)
[52.253s][info][gc,ergo     ] Pacer for Idle. Initial: 41943K, Alloc Tax Rate: 1.0x
[52.474s][info][gc          ] Trigger: Explicit GC request (System.gc())
[52.476s][info][gc,ergo     ] Free: 1707M, Max: 1024K regular, 1419M humongous, Frag: 17% external, 0% internal; Reserve: 103M, Max: 1024K
[52.476s][info][gc,start    ] GC(125) Concurrent reset
[52.476s][info][gc,task     ] GC(125) Using 1 of 3 workers for concurrent reset
[52.476s][info][gc,ergo     ] GC(125) Pacer for Reset. Non-Taxable: 2048M
[52.476s][info][gc          ] GC(125) Concurrent reset 0.214ms
[52.476s][info][gc,start    ] GC(125) Pause Init Mark (unload classes)
[52.476s][info][gc,task     ] GC(125) Using 3 of 3 workers for init marking
[52.476s][info][gc,ref      ] GC(125) Clearing All SoftReferences
[52.476s][info][gc,ergo     ] GC(125) Pacer for Mark. Expected Live: 4517K, Free: 1707M, Non-Taxable: 170M, Alloc Tax Rate: 0.0x
[52.476s][info][gc          ] GC(125) Pause Init Mark (unload classes) 0.100ms
[52.476s][info][gc,start    ] GC(125) Concurrent marking roots
[52.476s][info][gc,task     ] GC(125) Using 1 of 3 workers for concurrent marking roots
[52.477s][info][gc          ] GC(125) Concurrent marking roots 0.392ms
[52.477s][info][gc,start    ] GC(125) Concurrent marking (unload classes)
[52.477s][info][gc,task     ] GC(125) Using 1 of 3 workers for concurrent marking
[52.481s][info][gc          ] GC(125) Concurrent marking (unload classes) 3.700ms
[52.481s][info][gc,start    ] GC(125) Pause Final Mark (unload classes)
[52.481s][info][gc,task     ] GC(125) Using 3 of 3 workers for final marking
[52.481s][info][gc,ergo     ] GC(125) Collectable Garbage: 223M (96%), Immediate: 223M (96%), CSet: 0B (0%)
[52.481s][info][gc          ] GC(125) Pause Final Mark (unload classes) 0.244ms
[52.481s][info][gc,start    ] GC(125) Concurrent weak references
[52.481s][info][gc,task     ] GC(125) Using 1 of 3 workers for concurrent weak references
[52.481s][info][gc,ref      ] GC(125) Encountered references: Soft: 140, Weak: 717, Final: 0, Phantom: 64
[52.481s][info][gc,ref      ] GC(125) Discovered  references: Soft: 88, Weak: 171, Final: 0, Phantom: 62
[52.481s][info][gc,ref      ] GC(125) Enqueued    references: Soft: 3, Weak: 0, Final: 0, Phantom: 0
[52.481s][info][gc          ] GC(125) Concurrent weak references 0.206ms
[52.481s][info][gc,start    ] GC(125) Concurrent weak roots
[52.481s][info][gc,task     ] GC(125) Using 1 of 3 workers for concurrent weak root
[52.482s][info][gc          ] GC(125) Concurrent weak roots 1.013ms
[52.482s][info][gc,start    ] GC(125) Concurrent cleanup
[52.482s][info][gc          ] GC(125) Concurrent cleanup 237M->13M(2048M) 0.024ms
[52.482s][info][gc,ergo     ] GC(125) Free: 1931M, Max: 1024K regular, 1729M humongous, Frag: 11% external, 0% internal; Reserve: 103M, Max: 1024K
[52.482s][info][gc,start    ] GC(125) Concurrent class unloading
[52.482s][info][gc,task     ] GC(125) Using 1 of 3 workers for concurrent class unloading
[52.486s][info][gc          ] GC(125) Concurrent class unloading 3.473ms
[52.486s][info][gc,start    ] GC(125) Pause Final Roots
[52.486s][info][gc          ] GC(125) Pause Final Roots 0.030ms
[52.486s][info][gc,ergo     ] Free: 1931M, Max: 1024K regular, 1729M humongous, Frag: 11% external, 0% internal; Reserve: 103M, Max: 1024K
[52.486s][info][gc,stats    ] 
[52.486s][info][gc,stats    ] All times are wall-clock times, except per-root-class counters, that are sum over
[52.486s][info][gc,stats    ] all workers. Dividing the <total> over the root stage time estimates parallelism.
[52.486s][info][gc,stats    ] 
[52.486s][info][gc,stats    ] Concurrent Reset                    224 us
[52.486s][info][gc,stats    ] Pause Init Mark (G)                 152 us
[52.486s][info][gc,stats    ] Pause Init Mark (N)                 108 us
[52.486s][info][gc,stats    ]   Update Region States               33 us
[52.486s][info][gc,stats    ] Concurrent Mark Roots               402 us, parallelism: 0.83x
[52.486s][info][gc,stats    ]   CMR: <total>                      333 us
[52.486s][info][gc,stats    ]   CMR: Thread Roots                 291 us, workers (us): 291, ---, ---, 
[52.486s][info][gc,stats    ]   CMR: VM Strong Roots                5 us, workers (us):   5, ---, ---, 
[52.486s][info][gc,stats    ]   CMR: CLDG Roots                    36 us, workers (us):  36, ---, ---, 
[52.486s][info][gc,stats    ] Concurrent Marking                 3732 us
[52.486s][info][gc,stats    ] Pause Final Mark (G)                301 us
[52.486s][info][gc,stats    ] Pause Final Mark (N)                261 us
[52.486s][info][gc,stats    ]   Finish Mark                        96 us
[52.486s][info][gc,stats    ]   Update Region States               39 us
[52.486s][info][gc,stats    ]   Choose Collection Set              43 us
[52.486s][info][gc,stats    ]   Rebuild Free Set                   17 us
[52.486s][info][gc,stats    ] Concurrent Weak References          225 us, parallelism: 0.10x
[52.486s][info][gc,stats    ]   CWRF: <total>                      23 us
[52.486s][info][gc,stats    ]   CWRF: Weak References              23 us, workers (us):  23, ---, ---, 
[52.486s][info][gc,stats    ] Concurrent Weak Roots              1030 us
[52.486s][info][gc,stats    ]   Roots                             923 us, parallelism: 0.97x
[52.486s][info][gc,stats    ]     CWR: <total>                    892 us
[52.486s][info][gc,stats    ]     CWR: Code Cache Roots           627 us, workers (us): 627, ---, ---, 
[52.486s][info][gc,stats    ]     CWR: VM Weak Roots              259 us, workers (us): 259, ---, ---, 
[52.486s][info][gc,stats    ]     CWR: CLDG Roots                   6 us, workers (us):   6, ---, ---, 
[52.486s][info][gc,stats    ]   Rendezvous                         53 us
[52.486s][info][gc,stats    ] Concurrent Cleanup                   32 us
[52.486s][info][gc,stats    ] Concurrent Class Unloading         3520 us
[52.486s][info][gc,stats    ]   Unlink Stale                     3252 us
[52.486s][info][gc,stats    ]     System Dictionary                 4 us
[52.486s][info][gc,stats    ]     Weak Class Links                  0 us
[52.486s][info][gc,stats    ]     Code Roots                     3246 us
[52.486s][info][gc,stats    ]   Rendezvous                         38 us
[52.486s][info][gc,stats    ]   Purge Unlinked                    166 us
[52.486s][info][gc,stats    ]     Code Roots                      156 us
[52.486s][info][gc,stats    ]     CLDG                              9 us
[52.486s][info][gc,stats    ]     Exception Caches                  0 us
[52.486s][info][gc,stats    ] Pause Final Roots (G)               105 us
[52.486s][info][gc,stats    ] Pause Final Roots (N)                46 us
[52.486s][info][gc,stats    ] 
[52.486s][info][gc,stats    ] Allocation pacing accrued:
[52.486s][info][gc,stats    ]       0 of   233 ms (  0.0%): <total>
[52.486s][info][gc,stats    ]       0 of   233 ms (  0.0%): <average total>
[52.486s][info][gc,stats    ] 
[52.486s][info][gc,metaspace] Metaspace: 14201K(14528K)->14201K(14528K) NonClass: 12296K(12480K)->12296K(12480K) Class: 1905K(2048K)->1905K(2048K)
[52.486s][info][gc,ergo     ] Pacer for Idle. Initial: 41943K, Alloc Tax Rate: 1.0x
[52.961s][info][gc          ] Trigger: Learning 2 of 5. Free (1429M) is below initial threshold (1433M)
[52.961s][info][gc,ergo     ] Free: 1428M, Max: 1024K regular, 1428M humongous, Frag: 0% external, 0% internal; Reserve: 103M, Max: 1024K
[52.961s][info][gc,start    ] GC(126) Concurrent reset
[52.961s][info][gc,task     ] GC(126) Using 1 of 3 workers for concurrent reset
[52.961s][info][gc,ergo     ] GC(126) Pacer for Reset. Non-Taxable: 2048M
[52.961s][info][gc          ] GC(126) Concurrent reset 0.190ms
[52.961s][info][gc,start    ] GC(126) Pause Init Mark (unload classes)
[52.961s][info][gc,task     ] GC(126) Using 3 of 3 workers for init marking
[52.961s][info][gc,ergo     ] GC(126) Pacer for Mark. Expected Live: 4517K, Free: 1427M, Non-Taxable: 142M, Alloc Tax Rate: 0.0x
[52.961s][info][gc          ] GC(126) Pause Init Mark (unload classes) 0.092ms
[52.962s][info][gc,start    ] GC(126) Concurrent marking roots
[52.962s][info][gc,task     ] GC(126) Using 1 of 3 workers for concurrent marking roots
[52.962s][info][gc          ] GC(126) Concurrent marking roots 0.452ms
[52.962s][info][gc,start    ] GC(126) Concurrent marking (unload classes)
[52.962s][info][gc,task     ] GC(126) Using 1 of 3 workers for concurrent marking
[52.966s][info][gc          ] GC(126) Concurrent marking (unload classes) 3.945ms
[52.966s][info][gc,start    ] GC(126) Pause Final Mark (unload classes)
[52.966s][info][gc,task     ] GC(126) Using 3 of 3 workers for final marking
[52.966s][info][gc,ergo     ] GC(126) Collectable Garbage: 492M (95%), Immediate: 492M (95%), CSet: 0B (0%)
[52.966s][info][gc          ] GC(126) Pause Final Mark (unload classes) 0.154ms
[52.966s][info][gc,start    ] GC(126) Concurrent weak references
[52.966s][info][gc,task     ] GC(126) Using 1 of 3 workers for concurrent weak references
[52.966s][info][gc,ref      ] GC(126) Encountered references: Soft: 140, Weak: 729, Final: 0, Phantom: 64
[52.966s][info][gc,ref      ] GC(126) Discovered  references: Soft: 0, Weak: 147, Final: 0, Phantom: 37
[52.966s][info][gc,ref      ] GC(126) Enqueued    references: Soft: 0, Weak: 0, Final: 0, Phantom: 0
[52.966s][info][gc          ] GC(126) Concurrent weak references 0.057ms
[52.966s][info][gc,start    ] GC(126) Concurrent weak roots
[52.966s][info][gc,task     ] GC(126) Using 1 of 3 workers for concurrent weak root
[52.969s][info][gc          ] GC(126) Concurrent weak roots 3.125ms
[52.969s][info][gc,start    ] GC(126) Concurrent cleanup
[52.970s][info][gc          ] GC(126) Concurrent cleanup 530M->38M(2048M) 0.052ms
[52.970s][info][gc,ergo     ] GC(126) Free: 1906M, Max: 1024K regular, 1414M humongous, Frag: 26% external, 0% internal; Reserve: 103M, Max: 1024K
[52.970s][info][gc,start    ] GC(126) Concurrent class unloading
[52.970s][info][gc,task     ] GC(126) Using 1 of 3 workers for concurrent class unloading
[52.973s][info][gc          ] GC(126) Concurrent class unloading 3.094ms
[52.973s][info][gc,start    ] GC(126) Pause Final Roots
[52.973s][info][gc          ] GC(126) Pause Final Roots 0.022ms
[52.973s][info][gc,ergo     ] Free: 1906M, Max: 1024K regular, 1414M humongous, Frag: 26% external, 0% internal; Reserve: 103M, Max: 1024K
[52.973s][info][gc,stats    ] 
[52.973s][info][gc,stats    ] All times are wall-clock times, except per-root-class counters, that are sum over
[52.973s][info][gc,stats    ] all workers. Dividing the <total> over the root stage time estimates parallelism.
[52.973s][info][gc,stats    ] 
[52.973s][info][gc,stats    ] Concurrent Reset                    211 us
[52.973s][info][gc,stats    ] Pause Init Mark (G)                 218 us
[52.973s][info][gc,stats    ] Pause Init Mark (N)                 101 us
[52.973s][info][gc,stats    ]   Update Region States               28 us
[52.973s][info][gc,stats    ] Concurrent Mark Roots               466 us, parallelism: 0.83x
[52.973s][info][gc,stats    ]   CMR: <total>                      386 us
[52.973s][info][gc,stats    ]   CMR: Thread Roots                 334 us, workers (us): 334, ---, ---, 
[52.973s][info][gc,stats    ]   CMR: VM Strong Roots                5 us, workers (us):   5, ---, ---, 
[52.973s][info][gc,stats    ]   CMR: CLDG Roots                    46 us, workers (us):  46, ---, ---, 
[52.973s][info][gc,stats    ] Concurrent Marking                 3998 us
[52.973s][info][gc,stats    ] Pause Final Mark (G)                210 us
[52.973s][info][gc,stats    ] Pause Final Mark (N)                163 us
[52.973s][info][gc,stats    ]   Finish Mark                        37 us
[52.973s][info][gc,stats    ]   Update Region States               30 us
[52.973s][info][gc,stats    ]   Choose Collection Set              30 us
[52.973s][info][gc,stats    ]   Rebuild Free Set                    8 us
[52.973s][info][gc,stats    ] Concurrent Weak References           69 us, parallelism: 0.09x
[52.973s][info][gc,stats    ]   CWRF: <total>                       6 us
[52.973s][info][gc,stats    ]   CWRF: Weak References               6 us, workers (us):   6, ---, ---, 
[52.973s][info][gc,stats    ] Concurrent Weak Roots              3160 us
[52.973s][info][gc,stats    ]   Roots                            3035 us, parallelism: 0.99x
[52.973s][info][gc,stats    ]     CWR: <total>                   3008 us
[52.973s][info][gc,stats    ]     CWR: Code Cache Roots           676 us, workers (us): 676, ---, ---, 
[52.973s][info][gc,stats    ]     CWR: VM Weak Roots             2324 us, workers (us): 2324, ---, ---, 
[52.973s][info][gc,stats    ]     CWR: CLDG Roots                   7 us, workers (us):   7, ---, ---, 
[52.973s][info][gc,stats    ]   Rendezvous                         71 us
[52.973s][info][gc,stats    ] Concurrent Cleanup                   61 us
[52.973s][info][gc,stats    ] Concurrent Class Unloading         3143 us
[52.973s][info][gc,stats    ]   Unlink Stale                     2894 us
[52.973s][info][gc,stats    ]     System Dictionary                 7 us
[52.973s][info][gc,stats    ]     Weak Class Links                  0 us
[52.973s][info][gc,stats    ]     Code Roots                     2885 us
[52.973s][info][gc,stats    ]   Rendezvous                         46 us
[52.973s][info][gc,stats    ]   Purge Unlinked                    136 us
[52.973s][info][gc,stats    ]     Code Roots                      132 us
[52.973s][info][gc,stats    ]     CLDG                              4 us
[52.973s][info][gc,stats    ]     Exception Caches                  0 us
[52.973s][info][gc,stats    ] Pause Final Roots (G)               101 us
[52.973s][info][gc,stats    ] Pause Final Roots (N)                31 us
[52.973s][info][gc,stats    ] 
[52.973s][info][gc,stats    ] Allocation pacing accrued:
[52.973s][info][gc,stats    ]       0 of   487 ms (  0.0%): <total>
[52.973s][info][gc,stats    ]       0 of   487 ms (  0.0%): <average total>
[52.973s][info][gc,stats    ] 
[52.973s][info][gc,metaspace] Metaspace: 14202K(14528K)->14202K(14528K) NonClass: 12297K(12480K)->12297K(12480K) Class: 1905K(2048K)->1905K(2048K)
[52.973s][info][gc,ergo     ] Pacer for Idle. Initial: 41943K, Alloc Tax Rate: 1.0x
[53.420s][info][gc          ] Trigger: Learning 3 of 5. Free (1432M) is below initial threshold (1433M)
[53.420s][info][gc,ergo     ] Free: 1432M, Max: 1024K regular, 1414M humongous, Frag: 2% external, 0% internal; Reserve: 103M, Max: 1024K
[53.420s][info][gc,start    ] GC(127) Concurrent reset
[53.420s][info][gc,task     ] GC(127) Using 1 of 3 workers for concurrent reset
[53.420s][info][gc,ergo     ] GC(127) Pacer for Reset. Non-Taxable: 2048M
[53.421s][info][gc          ] GC(127) Concurrent reset 0.201ms
[53.421s][info][gc,start    ] GC(127) Pause Init Mark (unload classes)
[53.421s][info][gc,task     ] GC(127) Using 3 of 3 workers for init marking
[53.421s][info][gc,ergo     ] GC(127) Pacer for Mark. Expected Live: 4517K, Free: 1432M, Non-Taxable: 143M, Alloc Tax Rate: 0.0x
[53.421s][info][gc          ] GC(127) Pause Init Mark (unload classes) 0.088ms
[53.421s][info][gc,start    ] GC(127) Concurrent marking roots
[53.421s][info][gc,task     ] GC(127) Using 1 of 3 workers for concurrent marking roots
[53.421s][info][gc          ] GC(127) Concurrent marking roots 0.410ms
[53.421s][info][gc,start    ] GC(127) Concurrent marking (unload classes)
[53.421s][info][gc,task     ] GC(127) Using 1 of 3 workers for concurrent marking
[53.425s][info][gc          ] GC(127) Concurrent marking (unload classes) 3.909ms
[53.425s][info][gc,start    ] GC(127) Pause Final Mark (unload classes)
[53.425s][info][gc,task     ] GC(127) Using 3 of 3 workers for final marking
[53.425s][info][gc,ergo     ] GC(127) Collectable Garbage: 484M (95%), Immediate: 484M (95%), CSet: 0B (0%)
[53.425s][info][gc          ] GC(127) Pause Final Mark (unload classes) 0.171ms
[53.425s][info][gc,start    ] GC(127) Concurrent weak references
[53.425s][info][gc,task     ] GC(127) Using 1 of 3 workers for concurrent weak references
[53.426s][info][gc,ref      ] GC(127) Encountered references: Soft: 140, Weak: 729, Final: 0, Phantom: 64
[53.426s][info][gc,ref      ] GC(127) Discovered  references: Soft: 0, Weak: 147, Final: 0, Phantom: 37
[53.426s][info][gc,ref      ] GC(127) Enqueued    references: Soft: 0, Weak: 0, Final: 0, Phantom: 0
[53.426s][info][gc          ] GC(127) Concurrent weak references 0.073ms
[53.426s][info][gc,start    ] GC(127) Concurrent weak roots
[53.426s][info][gc,task     ] GC(127) Using 1 of 3 workers for concurrent weak root
[53.429s][info][gc          ] GC(127) Concurrent weak roots 3.551ms
[53.429s][info][gc,start    ] GC(127) Concurrent cleanup
[53.429s][info][gc          ] GC(127) Concurrent cleanup 524M->40M(2048M) 0.054ms
[53.429s][info][gc,ergo     ] GC(127) Free: 1904M, Max: 1024K regular, 1420M humongous, Frag: 26% external, 0% internal; Reserve: 103M, Max: 1024K
[53.429s][info][gc,start    ] GC(127) Concurrent class unloading
[53.429s][info][gc,task     ] GC(127) Using 1 of 3 workers for concurrent class unloading
[53.432s][info][gc          ] GC(127) Concurrent class unloading 3.090ms
[53.432s][info][gc,start    ] GC(127) Pause Final Roots
[53.432s][info][gc          ] GC(127) Pause Final Roots 0.038ms
[53.432s][info][gc,ergo     ] Free: 1903M, Max: 1024K regular, 1420M humongous, Frag: 26% external, 0% internal; Reserve: 103M, Max: 1024K
[53.433s][info][gc,stats    ] 
[53.433s][info][gc,stats    ] All times are wall-clock times, except per-root-class counters, that are sum over
[53.433s][info][gc,stats    ] all workers. Dividing the <total> over the root stage time estimates parallelism.
[53.433s][info][gc,stats    ] 
[53.433s][info][gc,stats    ] Concurrent Reset                    214 us
[53.433s][info][gc,stats    ] Pause Init Mark (G)                 160 us
[53.433s][info][gc,stats    ] Pause Init Mark (N)                  96 us
[53.433s][info][gc,stats    ]   Update Region States               24 us
[53.433s][info][gc,stats    ] Concurrent Mark Roots               424 us, parallelism: 0.86x
[53.433s][info][gc,stats    ]   CMR: <total>                      363 us
[53.433s][info][gc,stats    ]   CMR: Thread Roots                 318 us, workers (us): 318, ---, ---, 
[53.433s][info][gc,stats    ]   CMR: VM Strong Roots                5 us, workers (us):   5, ---, ---, 
[53.433s][info][gc,stats    ]   CMR: CLDG Roots                    40 us, workers (us):  40, ---, ---, 
[53.433s][info][gc,stats    ] Concurrent Marking                 3958 us
[53.433s][info][gc,stats    ] Pause Final Mark (G)                246 us
[53.433s][info][gc,stats    ] Pause Final Mark (N)                179 us
[53.433s][info][gc,stats    ]   Finish Mark                        32 us
[53.433s][info][gc,stats    ]   Update Region States               60 us
[53.433s][info][gc,stats    ]   Choose Collection Set              28 us
[53.433s][info][gc,stats    ]   Rebuild Free Set                    8 us
[53.433s][info][gc,stats    ] Concurrent Weak References           81 us, parallelism: 0.09x
[53.433s][info][gc,stats    ]   CWRF: <total>                       7 us
[53.433s][info][gc,stats    ]   CWRF: Weak References               7 us, workers (us):   7, ---, ---, 
[53.433s][info][gc,stats    ] Concurrent Weak Roots              3583 us
[53.433s][info][gc,stats    ]   Roots                            3484 us, parallelism: 0.99x
[53.433s][info][gc,stats    ]     CWR: <total>                   3460 us
[53.433s][info][gc,stats    ]     CWR: Code Cache Roots           654 us, workers (us): 654, ---, ---, 
[53.433s][info][gc,stats    ]     CWR: VM Weak Roots             2799 us, workers (us): 2799, ---, ---, 
[53.433s][info][gc,stats    ]     CWR: CLDG Roots                   8 us, workers (us):   8, ---, ---, 
[53.433s][info][gc,stats    ]   Rendezvous                         51 us
[53.433s][info][gc,stats    ] Concurrent Cleanup                   62 us
[53.433s][info][gc,stats    ] Concurrent Class Unloading         3136 us
[53.433s][info][gc,stats    ]   Unlink Stale                     2905 us
[53.433s][info][gc,stats    ]     System Dictionary                 8 us
[53.433s][info][gc,stats    ]     Weak Class Links                  0 us
[53.433s][info][gc,stats    ]     Code Roots                     2896 us
[53.433s][info][gc,stats    ]   Rendezvous                         40 us
[53.433s][info][gc,stats    ]   Purge Unlinked                    128 us
[53.433s][info][gc,stats    ]     Code Roots                      125 us
[53.433s][info][gc,stats    ]     CLDG                              2 us
[53.433s][info][gc,stats    ]     Exception Caches                  0 us
[53.433s][info][gc,stats    ] Pause Final Roots (G)               104 us
[53.433s][info][gc,stats    ] Pause Final Roots (N)                46 us
[53.433s][info][gc,stats    ] 
[53.433s][info][gc,stats    ] Allocation pacing accrued:
[53.433s][info][gc,stats    ]       0 of   460 ms (  0.0%): <total>
[53.433s][info][gc,stats    ]       0 of   460 ms (  0.0%): <average total>
[53.433s][info][gc,stats    ] 
[53.433s][info][gc,metaspace] Metaspace: 14202K(14528K)->14202K(14528K) NonClass: 12297K(12480K)->12297K(12480K) Class: 1905K(2048K)->1905K(2048K)
[53.433s][info][gc,ergo     ] Pacer for Idle. Initial: 41943K, Alloc Tax Rate: 1.0x
[53.878s][info][gc          ] Trigger: Learning 4 of 5. Free (1432M) is below initial threshold (1433M)
[53.878s][info][gc,ergo     ] Free: 1432M, Max: 1024K regular, 1420M humongous, Frag: 1% external, 0% internal; Reserve: 103M, Max: 1024K
[53.878s][info][gc,start    ] GC(128) Concurrent reset
[53.878s][info][gc,task     ] GC(128) Using 1 of 3 workers for concurrent reset
[53.878s][info][gc,ergo     ] GC(128) Pacer for Reset. Non-Taxable: 2048M
[53.878s][info][gc          ] GC(128) Concurrent reset 0.208ms
[53.878s][info][gc,start    ] GC(128) Pause Init Mark (unload classes)
[53.878s][info][gc,task     ] GC(128) Using 3 of 3 workers for init marking
[53.878s][info][gc,ergo     ] GC(128) Pacer for Mark. Expected Live: 4517K, Free: 1432M, Non-Taxable: 143M, Alloc Tax Rate: 0.0x
[53.878s][info][gc          ] GC(128) Pause Init Mark (unload classes) 0.102ms
[53.878s][info][gc,start    ] GC(128) Concurrent marking roots
[53.878s][info][gc,task     ] GC(128) Using 1 of 3 workers for concurrent marking roots
[53.879s][info][gc          ] GC(128) Concurrent marking roots 0.399ms
[53.879s][info][gc,start    ] GC(128) Concurrent marking (unload classes)
[53.879s][info][gc,task     ] GC(128) Using 1 of 3 workers for concurrent marking
[53.882s][info][gc          ] GC(128) Concurrent marking (unload classes) 3.870ms
[53.882s][info][gc,start    ] GC(128) Pause Final Mark (unload classes)
[53.883s][info][gc,task     ] GC(128) Using 3 of 3 workers for final marking
[53.883s][info][gc,ergo     ] GC(128) Collectable Garbage: 481M (94%), Immediate: 481M (94%), CSet: 0B (0%)
[53.883s][info][gc          ] GC(128) Pause Final Mark (unload classes) 0.153ms
[53.883s][info][gc,start    ] GC(128) Concurrent weak references
[53.883s][info][gc,task     ] GC(128) Using 1 of 3 workers for concurrent weak references
[53.883s][info][gc,ref      ] GC(128) Encountered references: Soft: 140, Weak: 729, Final: 0, Phantom: 64
[53.883s][info][gc,ref      ] GC(128) Discovered  references: Soft: 0, Weak: 147, Final: 0, Phantom: 37
[53.883s][info][gc,ref      ] GC(128) Enqueued    references: Soft: 0, Weak: 0, Final: 0, Phantom: 0
[53.883s][info][gc          ] GC(128) Concurrent weak references 0.077ms
[53.883s][info][gc,start    ] GC(128) Concurrent weak roots
[53.883s][info][gc,task     ] GC(128) Using 1 of 3 workers for concurrent weak root
[53.887s][info][gc          ] GC(128) Concurrent weak roots 4.079ms
[53.887s][info][gc,start    ] GC(128) Concurrent cleanup
[53.887s][info][gc          ] GC(128) Concurrent cleanup 524M->43M(2048M) 0.050ms
[53.887s][info][gc,ergo     ] GC(128) Free: 1901M, Max: 1024K regular, 1420M humongous, Frag: 26% external, 0% internal; Reserve: 103M, Max: 1024K
[53.887s][info][gc,start    ] GC(128) Concurrent class unloading
[53.887s][info][gc,task     ] GC(128) Using 1 of 3 workers for concurrent class unloading
[53.890s][info][gc          ] GC(128) Concurrent class unloading 3.186ms
[53.890s][info][gc,start    ] GC(128) Pause Final Roots
[53.890s][info][gc          ] GC(128) Pause Final Roots 0.037ms
[53.890s][info][gc,ergo     ] Free: 1899M, Max: 1024K regular, 1420M humongous, Frag: 26% external, 0% internal; Reserve: 103M, Max: 1024K
[53.890s][info][gc,stats    ] 
[53.890s][info][gc,stats    ] All times are wall-clock times, except per-root-class counters, that are sum over
[53.890s][info][gc,stats    ] all workers. Dividing the <total> over the root stage time estimates parallelism.
[53.890s][info][gc,stats    ] 
[53.890s][info][gc,stats    ] Concurrent Reset                    220 us
[53.890s][info][gc,stats    ] Pause Init Mark (G)                 210 us
[53.890s][info][gc,stats    ] Pause Init Mark (N)                 111 us
[53.890s][info][gc,stats    ]   Update Region States               27 us
[53.890s][info][gc,stats    ] Concurrent Mark Roots               414 us, parallelism: 0.85x
[53.890s][info][gc,stats    ]   CMR: <total>                      353 us
[53.890s][info][gc,stats    ]   CMR: Thread Roots                 307 us, workers (us): 307, ---, ---, 
[53.890s][info][gc,stats    ]   CMR: VM Strong Roots                4 us, workers (us):   4, ---, ---, 
[53.890s][info][gc,stats    ]   CMR: CLDG Roots                    42 us, workers (us):  42, ---, ---, 
[53.890s][info][gc,stats    ] Concurrent Marking                 3917 us
[53.890s][info][gc,stats    ] Pause Final Mark (G)                212 us
[53.890s][info][gc,stats    ] Pause Final Mark (N)                162 us
[53.890s][info][gc,stats    ]   Finish Mark                        31 us
[53.891s][info][gc,stats    ]   Update Region States               31 us
[53.891s][info][gc,stats    ]   Choose Collection Set              42 us
[53.891s][info][gc,stats    ]   Rebuild Free Set                    8 us
[53.891s][info][gc,stats    ] Concurrent Weak References           84 us, parallelism: 0.11x
[53.891s][info][gc,stats    ]   CWRF: <total>                       9 us
[53.891s][info][gc,stats    ]   CWRF: Weak References               9 us, workers (us):   9, ---, ---, 
[53.891s][info][gc,stats    ] Concurrent Weak Roots              4123 us
[53.891s][info][gc,stats    ]   Roots                            4025 us, parallelism: 0.99x
[53.891s][info][gc,stats    ]     CWR: <total>                   4001 us
[53.891s][info][gc,stats    ]     CWR: Code Cache Roots           681 us, workers (us): 681, ---, ---, 
[53.891s][info][gc,stats    ]     CWR: VM Weak Roots             3314 us, workers (us): 3314, ---, ---, 
[53.891s][info][gc,stats    ]     CWR: CLDG Roots                   7 us, workers (us):   7, ---, ---, 
[53.891s][info][gc,stats    ]   Rendezvous                         37 us
[53.891s][info][gc,stats    ] Concurrent Cleanup                   59 us
[53.891s][info][gc,stats    ] Concurrent Class Unloading         3248 us
[53.891s][info][gc,stats    ]   Unlink Stale                     2963 us
[53.891s][info][gc,stats    ]     System Dictionary                 9 us
[53.891s][info][gc,stats    ]     Weak Class Links                  0 us
[53.891s][info][gc,stats    ]     Code Roots                     2952 us
[53.891s][info][gc,stats    ]   Rendezvous                         33 us
[53.891s][info][gc,stats    ]   Purge Unlinked                    168 us
[53.891s][info][gc,stats    ]     Code Roots                      164 us
[53.891s][info][gc,stats    ]     CLDG                              4 us
[53.891s][info][gc,stats    ]     Exception Caches                  0 us
[53.891s][info][gc,stats    ] Pause Final Roots (G)               114 us
[53.891s][info][gc,stats    ] Pause Final Roots (N)                46 us
[53.891s][info][gc,stats    ] 
[53.891s][info][gc,stats    ] Allocation pacing accrued:
[53.891s][info][gc,stats    ]       0 of   458 ms (  0.0%): <total>
[53.891s][info][gc,stats    ]       0 of   458 ms (  0.0%): <average total>
[53.891s][info][gc,stats    ] 
[53.891s][info][gc,metaspace] Metaspace: 14202K(14528K)->14202K(14528K) NonClass: 12297K(12480K)->12297K(12480K) Class: 1905K(2048K)->1905K(2048K)
[53.891s][info][gc,ergo     ] Pacer for Idle. Initial: 41943K, Alloc Tax Rate: 1.0x
[54.333s][info][gc          ] Trigger: Learning 5 of 5. Free (1428M) is below initial threshold (1433M)
[54.333s][info][gc,ergo     ] Free: 1428M, Max: 1024K regular, 1420M humongous, Frag: 1% external, 0% internal; Reserve: 103M, Max: 1024K
[54.333s][info][gc,start    ] GC(129) Concurrent reset
[54.333s][info][gc,task     ] GC(129) Using 1 of 3 workers for concurrent reset
[54.333s][info][gc,ergo     ] GC(129) Pacer for Reset. Non-Taxable: 2048M
[54.333s][info][gc          ] GC(129) Concurrent reset 0.258ms
[54.333s][info][gc,start    ] GC(129) Pause Init Mark (unload classes)
[54.333s][info][gc,task     ] GC(129) Using 3 of 3 workers for init marking
[54.333s][info][gc,ergo     ] GC(129) Pacer for Mark. Expected Live: 4517K, Free: 1428M, Non-Taxable: 142M, Alloc Tax Rate: 0.0x
[54.333s][info][gc          ] GC(129) Pause Init Mark (unload classes) 0.092ms
[54.333s][info][gc,start    ] GC(129) Concurrent marking roots
[54.333s][info][gc,task     ] GC(129) Using 1 of 3 workers for concurrent marking roots
[54.334s][info][gc          ] GC(129) Concurrent marking roots 0.430ms
[54.334s][info][gc,start    ] GC(129) Concurrent marking (unload classes)
[54.334s][info][gc,task     ] GC(129) Using 1 of 3 workers for concurrent marking
[54.338s][info][gc          ] GC(129) Concurrent marking (unload classes) 3.915ms
[54.338s][info][gc,start    ] GC(129) Pause Final Mark (unload classes)
[54.338s][info][gc,task     ] GC(129) Using 3 of 3 workers for final marking
[54.338s][info][gc,ergo     ] GC(129) Collectable Garbage: 481M (94%), Immediate: 481M (94%), CSet: 0B (0%)
[54.338s][info][gc          ] GC(129) Pause Final Mark (unload classes) 0.157ms
[54.338s][info][gc,start    ] GC(129) Concurrent weak references
[54.338s][info][gc,task     ] GC(129) Using 1 of 3 workers for concurrent weak references
[54.338s][info][gc,ref      ] GC(129) Encountered references: Soft: 140, Weak: 729, Final: 0, Phantom: 64
[54.338s][info][gc,ref      ] GC(129) Discovered  references: Soft: 0, Weak: 147, Final: 0, Phantom: 37
[54.338s][info][gc,ref      ] GC(129) Enqueued    references: Soft: 0, Weak: 0, Final: 0, Phantom: 0
[54.338s][info][gc          ] GC(129) Concurrent weak references 0.059ms
[54.338s][info][gc,start    ] GC(129) Concurrent weak roots
[54.338s][info][gc,task     ] GC(129) Using 1 of 3 workers for concurrent weak root
[54.343s][info][gc          ] GC(129) Concurrent weak roots 4.596ms
[54.343s][info][gc,start    ] GC(129) Concurrent cleanup
[54.343s][info][gc          ] GC(129) Concurrent cleanup 529M->47M(2048M) 0.055ms
[54.343s][info][gc,ergo     ] GC(129) Free: 1897M, Max: 1024K regular, 1415M humongous, Frag: 26% external, 0% internal; Reserve: 103M, Max: 1024K
[54.343s][info][gc,start    ] GC(129) Concurrent class unloading
[54.343s][info][gc,task     ] GC(129) Using 1 of 3 workers for concurrent class unloading
[54.346s][info][gc          ] GC(129) Concurrent class unloading 3.253ms
[54.346s][info][gc,start    ] GC(129) Pause Final Roots
[54.346s][info][gc          ] GC(129) Pause Final Roots 0.037ms
[54.346s][info][gc,ergo     ] Free: 1894M, Max: 1024K regular, 1415M humongous, Frag: 26% external, 0% internal; Reserve: 103M, Max: 1024K
[54.346s][info][gc,stats    ] 
[54.346s][info][gc,stats    ] All times are wall-clock times, except per-root-class counters, that are sum over
[54.346s][info][gc,stats    ] all workers. Dividing the <total> over the root stage time estimates parallelism.
[54.346s][info][gc,stats    ] 
[54.346s][info][gc,stats    ] Concurrent Reset                    286 us
[54.346s][info][gc,stats    ] Pause Init Mark (G)                 179 us
[54.346s][info][gc,stats    ] Pause Init Mark (N)                 100 us
[54.346s][info][gc,stats    ]   Update Region States               26 us
[54.346s][info][gc,stats    ] Concurrent Mark Roots               448 us, parallelism: 0.83x
[54.346s][info][gc,stats    ]   CMR: <total>                      370 us
[54.346s][info][gc,stats    ]   CMR: Thread Roots                 323 us, workers (us): 323, ---, ---, 
[54.346s][info][gc,stats    ]   CMR: VM Strong Roots                6 us, workers (us):   6, ---, ---, 
[54.346s][info][gc,stats    ]   CMR: CLDG Roots                    42 us, workers (us):  42, ---, ---, 
[54.346s][info][gc,stats    ] Concurrent Marking                 3967 us
[54.346s][info][gc,stats    ] Pause Final Mark (G)                225 us
[54.346s][info][gc,stats    ] Pause Final Mark (N)                166 us
[54.346s][info][gc,stats    ]   Finish Mark                        37 us
[54.346s][info][gc,stats    ]   Update Region States               29 us
[54.346s][info][gc,stats    ]   Choose Collection Set              35 us
[54.346s][info][gc,stats    ]   Rebuild Free Set                    8 us
[54.346s][info][gc,stats    ] Concurrent Weak References           66 us, parallelism: 0.11x
[54.346s][info][gc,stats    ]   CWRF: <total>                       7 us
[54.346s][info][gc,stats    ]   CWRF: Weak References               7 us, workers (us):   7, ---, ---, 
[54.346s][info][gc,stats    ] Concurrent Weak Roots              4639 us
[54.347s][info][gc,stats    ]   Roots                            4525 us, parallelism: 0.99x
[54.347s][info][gc,stats    ]     CWR: <total>                   4498 us
[54.347s][info][gc,stats    ]     CWR: Code Cache Roots           670 us, workers (us): 670, ---, ---, 
[54.347s][info][gc,stats    ]     CWR: VM Weak Roots             3821 us, workers (us): 3821, ---, ---, 
[54.347s][info][gc,stats    ]     CWR: CLDG Roots                   7 us, workers (us):   7, ---, ---, 
[54.347s][info][gc,stats    ]   Rendezvous                         56 us
[54.347s][info][gc,stats    ] Concurrent Cleanup                   64 us
[54.347s][info][gc,stats    ] Concurrent Class Unloading         3301 us
[54.347s][info][gc,stats    ]   Unlink Stale                     3067 us
[54.347s][info][gc,stats    ]     System Dictionary                 9 us
[54.347s][info][gc,stats    ]     Weak Class Links                  0 us
[54.347s][info][gc,stats    ]     Code Roots                     3055 us
[54.347s][info][gc,stats    ]   Rendezvous                         41 us
[54.347s][info][gc,stats    ]   Purge Unlinked                    128 us
[54.347s][info][gc,stats    ]     Code Roots                      124 us
[54.347s][info][gc,stats    ]     CLDG                              3 us
[54.347s][info][gc,stats    ]     Exception Caches                  0 us
[54.347s][info][gc,stats    ] Pause Final Roots (G)               107 us
[54.347s][info][gc,stats    ] Pause Final Roots (N)                47 us
[54.347s][info][gc,stats    ] 
[54.347s][info][gc,stats    ] Allocation pacing accrued:
[54.347s][info][gc,stats    ]       0 of   456 ms (  0.0%): <total>
[54.347s][info][gc,stats    ]       0 of   456 ms (  0.0%): <average total>
[54.347s][info][gc,stats    ] 
[54.347s][info][gc,metaspace] Metaspace: 14202K(14528K)->14202K(14528K) NonClass: 12297K(12480K)->12297K(12480K) Class: 1905K(2048K)->1905K(2048K)
[54.347s][info][gc,ergo     ] Pacer for Idle. Initial: 41943K, Alloc Tax Rate: 1.0x
[54.659s][info][gc          ] Trigger: Explicit GC request (System.gc())
[54.660s][info][gc,ergo     ] Free: 1680M, Max: 1024K regular, 1415M humongous, Frag: 16% external, 0% internal; Reserve: 103M, Max: 1024K
[54.660s][info][gc,start    ] GC(130) Concurrent reset
[54.660s][info][gc,task     ] GC(130) Using 1 of 3 workers for concurrent reset
[54.660s][info][gc,ergo     ] GC(130) Pacer for Reset. Non-Taxable: 2048M
[54.660s][info][gc          ] GC(130) Concurrent reset 0.517ms
[54.660s][info][gc,start    ] GC(130) Pause Init Mark (unload classes)
[54.660s][info][gc,task     ] GC(130) Using 3 of 3 workers for init marking
[54.660s][info][gc,ref      ] GC(130) Clearing All SoftReferences
[54.660s][info][gc,ergo     ] GC(130) Pacer for Mark. Expected Live: 4518K, Free: 1680M, Non-Taxable: 168M, Alloc Tax Rate: 0.0x
[54.660s][info][gc          ] GC(130) Pause Init Mark (unload classes) 0.166ms
[54.660s][info][gc,start    ] GC(130) Concurrent marking roots
[54.660s][info][gc,task     ] GC(130) Using 1 of 3 workers for concurrent marking roots
[54.661s][info][gc          ] GC(130) Concurrent marking roots 0.767ms
[54.661s][info][gc,start    ] GC(130) Concurrent marking (unload classes)
[54.661s][info][gc,task     ] GC(130) Using 1 of 3 workers for concurrent marking
[54.667s][info][gc          ] GC(130) Concurrent marking (unload classes) 5.461ms
[54.667s][info][gc,start    ] GC(130) Pause Final Mark (unload classes)
[54.667s][info][gc,task     ] GC(130) Using 3 of 3 workers for final marking
[54.667s][info][gc,ergo     ] GC(130) Collectable Garbage: 249M (96%), Immediate: 249M (96%), CSet: 0B (0%)
[54.667s][info][gc          ] GC(130) Pause Final Mark (unload classes) 0.389ms
[54.667s][info][gc,start    ] GC(130) Concurrent weak references
[54.667s][info][gc,task     ] GC(130) Using 1 of 3 workers for concurrent weak references
[54.667s][info][gc,ref      ] GC(130) Encountered references: Soft: 140, Weak: 713, Final: 0, Phantom: 64
[54.667s][info][gc,ref      ] GC(130) Discovered  references: Soft: 88, Weak: 169, Final: 0, Phantom: 62
[54.667s][info][gc,ref      ] GC(130) Enqueued    references: Soft: 3, Weak: 0, Final: 0, Phantom: 0
[54.667s][info][gc          ] GC(130) Concurrent weak references 0.089ms
[54.667s][info][gc,start    ] GC(130) Concurrent weak roots
[54.667s][info][gc,task     ] GC(130) Using 1 of 3 workers for concurrent weak root
[54.668s][info][gc          ] GC(130) Concurrent weak roots 1.028ms
[54.668s][info][gc,start    ] GC(130) Concurrent cleanup
[54.668s][info][gc          ] GC(130) Concurrent cleanup 264M->14M(2048M) 0.031ms
[54.668s][info][gc,ergo     ] GC(130) Free: 1930M, Max: 1024K regular, 1704M humongous, Frag: 12% external, 0% internal; Reserve: 103M, Max: 1024K
[54.668s][info][gc,start    ] GC(130) Concurrent class unloading
[54.668s][info][gc,task     ] GC(130) Using 1 of 3 workers for concurrent class unloading
[54.672s][info][gc          ] GC(130) Concurrent class unloading 3.351ms
[54.672s][info][gc,start    ] GC(130) Pause Final Roots
[54.672s][info][gc          ] GC(130) Pause Final Roots 0.053ms
[54.672s][info][gc,ergo     ] Free: 1930M, Max: 1024K regular, 1704M humongous, Frag: 12% external, 0% internal; Reserve: 103M, Max: 1024K
[54.672s][info][gc,stats    ] 
[54.672s][info][gc,stats    ] All times are wall-clock times, except per-root-class counters, that are sum over
[54.672s][info][gc,stats    ] all workers. Dividing the <total> over the root stage time estimates parallelism.
[54.672s][info][gc,stats    ] 
[54.672s][info][gc,stats    ] Concurrent Reset                    570 us
[54.672s][info][gc,stats    ] Pause Init Mark (G)                 282 us
[54.672s][info][gc,stats    ] Pause Init Mark (N)                 175 us
[54.672s][info][gc,stats    ]   Update Region States               45 us
[54.672s][info][gc,stats    ] Concurrent Mark Roots               785 us, parallelism: 0.87x
[54.672s][info][gc,stats    ]   CMR: <total>                      684 us
[54.672s][info][gc,stats    ]   CMR: Thread Roots                 583 us, workers (us): 583, ---, ---, 
[54.672s][info][gc,stats    ]   CMR: VM Strong Roots               10 us, workers (us):  10, ---, ---, 
[54.672s][info][gc,stats    ]   CMR: CLDG Roots                    91 us, workers (us):  91, ---, ---, 
[54.672s][info][gc,stats    ] Concurrent Marking                 5528 us
[54.672s][info][gc,stats    ] Pause Final Mark (G)                513 us
[54.672s][info][gc,stats    ] Pause Final Mark (N)                408 us
[54.672s][info][gc,stats    ]   Finish Mark                       142 us
[54.672s][info][gc,stats    ]   Update Region States               78 us
[54.672s][info][gc,stats    ]   Choose Collection Set              59 us
[54.672s][info][gc,stats    ]   Rebuild Free Set                   17 us
[54.672s][info][gc,stats    ] Concurrent Weak References          101 us, parallelism: 0.08x
[54.672s][info][gc,stats    ]   CWRF: <total>                       8 us
[54.672s][info][gc,stats    ]   CWRF: Weak References               8 us, workers (us):   8, ---, ---, 
[54.672s][info][gc,stats    ] Concurrent Weak Roots              1045 us
[54.672s][info][gc,stats    ]   Roots                             930 us, parallelism: 0.96x
[54.672s][info][gc,stats    ]     CWR: <total>                    889 us
[54.672s][info][gc,stats    ]     CWR: Code Cache Roots           591 us, workers (us): 591, ---, ---, 
[54.672s][info][gc,stats    ]     CWR: VM Weak Roots              292 us, workers (us): 292, ---, ---, 
[54.672s][info][gc,stats    ]     CWR: CLDG Roots                   6 us, workers (us):   6, ---, ---, 
[54.672s][info][gc,stats    ]   Rendezvous                         83 us
[54.672s][info][gc,stats    ] Concurrent Cleanup                   39 us
[54.672s][info][gc,stats    ] Concurrent Class Unloading         3412 us
[54.672s][info][gc,stats    ]   Unlink Stale                     3078 us
[54.672s][info][gc,stats    ]     System Dictionary                 5 us
[54.672s][info][gc,stats    ]     Weak Class Links                  1 us
[54.672s][info][gc,stats    ]     Code Roots                     3071 us
[54.672s][info][gc,stats    ]   Rendezvous                        106 us
[54.672s][info][gc,stats    ]   Purge Unlinked                    148 us
[54.672s][info][gc,stats    ]     Code Roots                      139 us
[54.672s][info][gc,stats    ]     CLDG                              8 us
[54.672s][info][gc,stats    ]     Exception Caches                  0 us
[54.672s][info][gc,stats    ] Pause Final Roots (G)               173 us
[54.672s][info][gc,stats    ] Pause Final Roots (N)                71 us
[54.672s][info][gc,stats    ] 
[54.672s][info][gc,stats    ] Allocation pacing accrued:
[54.672s][info][gc,stats    ]       0 of   326 ms (  0.0%): <total>
[54.672s][info][gc,stats    ]       0 of   326 ms (  0.0%): <average total>
[54.672s][info][gc,stats    ] 
[54.672s][info][gc,metaspace] Metaspace: 14203K(14528K)->14203K(14528K) NonClass: 12297K(12480K)->12297K(12480K) Class: 1905K(2048K)->1905K(2048K)
[54.672s][info][gc,ergo     ] Pacer for Idle. Initial: 41943K, Alloc Tax Rate: 1.0x
[55.109s][info][gc          ] Trigger: Learning 2 of 5. Free (1433M) is below initial threshold (1433M)
[55.109s][info][gc,ergo     ] Free: 1433M, Max: 1024K regular, 1433M humongous, Frag: 0% external, 0% internal; Reserve: 103M, Max: 1024K
[55.109s][info][gc,start    ] GC(131) Concurrent reset
[55.109s][info][gc,task     ] GC(131) Using 1 of 3 workers for concurrent reset
[55.109s][info][gc,ergo     ] GC(131) Pacer for Reset. Non-Taxable: 2048M
[55.109s][info][gc          ] GC(131) Concurrent reset 0.153ms
[55.109s][info][gc,start    ] GC(131) Pause Init Mark (unload classes)
[55.109s][info][gc,task     ] GC(131) Using 3 of 3 workers for init marking
[55.109s][info][gc,ergo     ] GC(131) Pacer for Mark. Expected Live: 4518K, Free: 1433M, Non-Taxable: 143M, Alloc Tax Rate: 0.0x
[55.109s][info][gc          ] GC(131) Pause Init Mark (unload classes) 0.093ms
[55.109s][info][gc,start    ] GC(131) Concurrent marking roots
[55.109s][info][gc,task     ] GC(131) Using 1 of 3 workers for concurrent marking roots
[55.110s][info][gc          ] GC(131) Concurrent marking roots 0.460ms
[55.110s][info][gc,start    ] GC(131) Concurrent marking (unload classes)
[55.110s][info][gc,task     ] GC(131) Using 1 of 3 workers for concurrent marking
[55.114s][info][gc          ] GC(131) Concurrent marking (unload classes) 3.948ms
[55.114s][info][gc,start    ] GC(131) Pause Final Mark (unload classes)
[55.114s][info][gc,task     ] GC(131) Using 3 of 3 workers for final marking
[55.114s][info][gc,ergo     ] GC(131) Collectable Garbage: 482M (95%), Immediate: 482M (95%), CSet: 0B (0%)
[55.114s][info][gc          ] GC(131) Pause Final Mark (unload classes) 0.174ms
[55.114s][info][gc,start    ] GC(131) Concurrent weak references
[55.114s][info][gc,task     ] GC(131) Using 1 of 3 workers for concurrent weak references
[55.114s][info][gc,ref      ] GC(131) Encountered references: Soft: 140, Weak: 735, Final: 0, Phantom: 64
[55.114s][info][gc,ref      ] GC(131) Discovered  references: Soft: 0, Weak: 151, Final: 0, Phantom: 37
[55.114s][info][gc,ref      ] GC(131) Enqueued    references: Soft: 0, Weak: 2, Final: 0, Phantom: 0
[55.114s][info][gc          ] GC(131) Concurrent weak references 0.070ms
[55.114s][info][gc,start    ] GC(131) Concurrent weak roots
[55.114s][info][gc,task     ] GC(131) Using 1 of 3 workers for concurrent weak root
[55.117s][info][gc          ] GC(131) Concurrent weak roots 2.995ms
[55.117s][info][gc,start    ] GC(131) Concurrent cleanup
[55.117s][info][gc          ] GC(131) Concurrent cleanup 524M->42M(2048M) 0.054ms
[55.117s][info][gc,ergo     ] GC(131) Free: 1902M, Max: 1024K regular, 1420M humongous, Frag: 26% external, 0% internal; Reserve: 103M, Max: 1024K
[55.117s][info][gc,start    ] GC(131) Concurrent class unloading
[55.117s][info][gc,task     ] GC(131) Using 1 of 3 workers for concurrent class unloading
[55.120s][info][gc          ] GC(131) Concurrent class unloading 3.093ms
[55.120s][info][gc,start    ] GC(131) Pause Final Roots
[55.120s][info][gc          ] GC(131) Pause Final Roots 0.039ms
[55.120s][info][gc,ergo     ] Free: 1901M, Max: 1024K regular, 1420M humongous, Frag: 26% external, 0% internal; Reserve: 103M, Max: 1024K
[55.120s][info][gc,stats    ] 
[55.120s][info][gc,stats    ] All times are wall-clock times, except per-root-class counters, that are sum over
[55.120s][info][gc,stats    ] all workers. Dividing the <total> over the root stage time estimates parallelism.
[55.120s][info][gc,stats    ] 
[55.120s][info][gc,stats    ] Concurrent Reset                    166 us
[55.121s][info][gc,stats    ] Pause Init Mark (G)                 189 us
[55.121s][info][gc,stats    ] Pause Init Mark (N)                 102 us
[55.121s][info][gc,stats    ]   Update Region States               26 us
[55.121s][info][gc,stats    ] Concurrent Mark Roots               475 us, parallelism: 0.88x
[55.121s][info][gc,stats    ]   CMR: <total>                      416 us
[55.121s][info][gc,stats    ]   CMR: Thread Roots                 371 us, workers (us): 371, ---, ---, 
[55.121s][info][gc,stats    ]   CMR: VM Strong Roots                5 us, workers (us):   5, ---, ---, 
[55.121s][info][gc,stats    ]   CMR: CLDG Roots                    40 us, workers (us):  40, ---, ---, 
[55.121s][info][gc,stats    ] Concurrent Marking                 4001 us
[55.121s][info][gc,stats    ] Pause Final Mark (G)                255 us
[55.121s][info][gc,stats    ] Pause Final Mark (N)                184 us
[55.121s][info][gc,stats    ]   Finish Mark                        50 us
[55.121s][info][gc,stats    ]   Update Region States               29 us
[55.121s][info][gc,stats    ]   Choose Collection Set              52 us
[55.121s][info][gc,stats    ]   Rebuild Free Set                    8 us
[55.121s][info][gc,stats    ] Concurrent Weak References           78 us, parallelism: 0.09x
[55.121s][info][gc,stats    ]   CWRF: <total>                       7 us
[55.121s][info][gc,stats    ]   CWRF: Weak References               7 us, workers (us):   7, ---, ---, 
[55.121s][info][gc,stats    ] Concurrent Weak Roots              3027 us
[55.121s][info][gc,stats    ]   Roots                            2925 us, parallelism: 0.99x
[55.121s][info][gc,stats    ]     CWR: <total>                   2896 us
[55.121s][info][gc,stats    ]     CWR: Code Cache Roots           652 us, workers (us): 652, ---, ---, 
[55.121s][info][gc,stats    ]     CWR: VM Weak Roots             2236 us, workers (us): 2236, ---, ---, 
[55.121s][info][gc,stats    ]     CWR: CLDG Roots                   8 us, workers (us):   8, ---, ---, 
[55.121s][info][gc,stats    ]   Rendezvous                         53 us
[55.121s][info][gc,stats    ] Concurrent Cleanup                   62 us
[55.121s][info][gc,stats    ] Concurrent Class Unloading         3141 us
[55.121s][info][gc,stats    ]   Unlink Stale                     2905 us
[55.121s][info][gc,stats    ]     System Dictionary                 6 us
[55.121s][info][gc,stats    ]     Weak Class Links                  0 us
[55.121s][info][gc,stats    ]     Code Roots                     2897 us
[55.121s][info][gc,stats    ]   Rendezvous                         41 us
[55.121s][info][gc,stats    ]   Purge Unlinked                    129 us
[55.121s][info][gc,stats    ]     Code Roots                      125 us
[55.121s][info][gc,stats    ]     CLDG                              4 us
[55.121s][info][gc,stats    ]     Exception Caches                  0 us
[55.121s][info][gc,stats    ] Pause Final Roots (G)               134 us
[55.121s][info][gc,stats    ] Pause Final Roots (N)                48 us
[55.121s][info][gc,stats    ] 
[55.121s][info][gc,stats    ] Allocation pacing accrued:
[55.121s][info][gc,stats    ]       0 of   448 ms (  0.0%): <total>
[55.121s][info][gc,stats    ]       0 of   448 ms (  0.0%): <average total>
[55.121s][info][gc,stats    ] 
[55.121s][info][gc,metaspace] Metaspace: 14203K(14528K)->14203K(14528K) NonClass: 12297K(12480K)->12297K(12480K) Class: 1905K(2048K)->1905K(2048K)
[55.121s][info][gc,ergo     ] Pacer for Idle. Initial: 41943K, Alloc Tax Rate: 1.0x
[55.530s][info][gc          ] Trigger: Learning 3 of 5. Free (1433M) is below initial threshold (1433M)
[55.531s][info][gc,ergo     ] Free: 1433M, Max: 1024K regular, 1420M humongous, Frag: 1% external, 0% internal; Reserve: 103M, Max: 1024K
[55.531s][info][gc,start    ] GC(132) Concurrent reset
[55.531s][info][gc,task     ] GC(132) Using 1 of 3 workers for concurrent reset
[55.531s][info][gc,ergo     ] GC(132) Pacer for Reset. Non-Taxable: 2048M
[55.531s][info][gc          ] GC(132) Concurrent reset 0.217ms
[55.531s][info][gc,start    ] GC(132) Pause Init Mark (unload classes)
[55.531s][info][gc,task     ] GC(132) Using 3 of 3 workers for init marking
[55.531s][info][gc,ergo     ] GC(132) Pacer for Mark. Expected Live: 4518K, Free: 1432M, Non-Taxable: 143M, Alloc Tax Rate: 0.0x
[55.531s][info][gc          ] GC(132) Pause Init Mark (unload classes) 0.092ms
[55.531s][info][gc,start    ] GC(132) Concurrent marking roots
[55.531s][info][gc,task     ] GC(132) Using 1 of 3 workers for concurrent marking roots
[55.531s][info][gc          ] GC(132) Concurrent marking roots 0.417ms
[55.531s][info][gc,start    ] GC(132) Concurrent marking (unload classes)
[55.531s][info][gc,task     ] GC(132) Using 1 of 3 workers for concurrent marking
[55.535s][info][gc          ] GC(132) Concurrent marking (unload classes) 3.866ms
[55.535s][info][gc,start    ] GC(132) Pause Final Mark (unload classes)
[55.535s][info][gc,task     ] GC(132) Using 3 of 3 workers for final marking
[55.535s][info][gc,ergo     ] GC(132) Collectable Garbage: 480M (94%), Immediate: 480M (94%), CSet: 0B (0%)
[55.535s][info][gc          ] GC(132) Pause Final Mark (unload classes) 0.151ms
[55.536s][info][gc,start    ] GC(132) Concurrent weak references
[55.536s][info][gc,task     ] GC(132) Using 1 of 3 workers for concurrent weak references
[55.536s][info][gc,ref      ] GC(132) Encountered references: Soft: 140, Weak: 733, Final: 0, Phantom: 64
[55.536s][info][gc,ref      ] GC(132) Discovered  references: Soft: 0, Weak: 149, Final: 0, Phantom: 37
[55.536s][info][gc,ref      ] GC(132) Enqueued    references: Soft: 0, Weak: 0, Final: 0, Phantom: 0
[55.536s][info][gc          ] GC(132) Concurrent weak references 0.068ms
[55.536s][info][gc,start    ] GC(132) Concurrent weak roots
[55.536s][info][gc,task     ] GC(132) Using 1 of 3 workers for concurrent weak root
[55.539s][info][gc          ] GC(132) Concurrent weak roots 3.788ms
[55.539s][info][gc,start    ] GC(132) Concurrent cleanup
[55.539s][info][gc          ] GC(132) Concurrent cleanup 524M->44M(2048M) 0.049ms
[55.539s][info][gc,ergo     ] GC(132) Free: 1900M, Max: 1024K regular, 1420M humongous, Frag: 26% external, 0% internal; Reserve: 103M, Max: 1024K
[55.539s][info][gc,start    ] GC(132) Concurrent class unloading
[55.540s][info][gc,task     ] GC(132) Using 1 of 3 workers for concurrent class unloading
[55.545s][info][gc          ] GC(132) Concurrent class unloading 5.783ms
[55.545s][info][gc,start    ] GC(132) Pause Final Roots
[55.545s][info][gc          ] GC(132) Pause Final Roots 0.014ms
[55.545s][info][gc,ergo     ] Free: 1894M, Max: 1024K regular, 1420M humongous, Frag: 26% external, 0% internal; Reserve: 103M, Max: 1024K
[55.546s][info][gc,stats    ] 
[55.546s][info][gc,stats    ] All times are wall-clock times, except per-root-class counters, that are sum over
[55.546s][info][gc,stats    ] all workers. Dividing the <total> over the root stage time estimates parallelism.
[55.546s][info][gc,stats    ] 
[55.546s][info][gc,stats    ] Concurrent Reset                    229 us
[55.546s][info][gc,stats    ] Pause Init Mark (G)                 180 us
[55.546s][info][gc,stats    ] Pause Init Mark (N)                 100 us
[55.546s][info][gc,stats    ]   Update Region States               28 us
[55.546s][info][gc,stats    ] Concurrent Mark Roots               430 us, parallelism: 0.86x
[55.546s][info][gc,stats    ]   CMR: <total>                      368 us
[55.546s][info][gc,stats    ]   CMR: Thread Roots                 321 us, workers (us): 321, ---, ---, 
[55.546s][info][gc,stats    ]   CMR: VM Strong Roots                5 us, workers (us):   5, ---, ---, 
[55.546s][info][gc,stats    ]   CMR: CLDG Roots                    42 us, workers (us):  42, ---, ---, 
[55.546s][info][gc,stats    ] Concurrent Marking                 3914 us
[55.546s][info][gc,stats    ] Pause Final Mark (G)                213 us
[55.546s][info][gc,stats    ] Pause Final Mark (N)                161 us
[55.546s][info][gc,stats    ]   Finish Mark                        35 us
[55.546s][info][gc,stats    ]   Update Region States               28 us
[55.546s][info][gc,stats    ]   Choose Collection Set              34 us
[55.546s][info][gc,stats    ]   Rebuild Free Set                    8 us
[55.546s][info][gc,stats    ] Concurrent Weak References           75 us, parallelism: 0.09x
[55.546s][info][gc,stats    ]   CWRF: <total>                       7 us
[55.546s][info][gc,stats    ]   CWRF: Weak References               7 us, workers (us):   7, ---, ---, 
[55.546s][info][gc,stats    ] Concurrent Weak Roots              3837 us
[55.546s][info][gc,stats    ]   Roots                            3647 us, parallelism: 0.99x
[55.546s][info][gc,stats    ]     CWR: <total>                   3609 us
[55.546s][info][gc,stats    ]     CWR: Code Cache Roots           729 us, workers (us): 729, ---, ---, 
[55.546s][info][gc,stats    ]     CWR: VM Weak Roots             2871 us, workers (us): 2871, ---, ---, 
[55.546s][info][gc,stats    ]     CWR: CLDG Roots                   8 us, workers (us):   8, ---, ---, 
[55.546s][info][gc,stats    ]   Rendezvous                        124 us
[55.546s][info][gc,stats    ] Concurrent Cleanup                   58 us
[55.546s][info][gc,stats    ] Concurrent Class Unloading         5834 us
[55.546s][info][gc,stats    ]   Unlink Stale                     2933 us
[55.546s][info][gc,stats    ]     System Dictionary                 7 us
[55.546s][info][gc,stats    ]     Weak Class Links                  0 us
[55.546s][info][gc,stats    ]     Code Roots                     2924 us
[55.546s][info][gc,stats    ]   Rendezvous                       2638 us
[55.546s][info][gc,stats    ]   Purge Unlinked                    192 us
[55.546s][info][gc,stats    ]     Code Roots                      187 us
[55.546s][info][gc,stats    ]     CLDG                              5 us
[55.546s][info][gc,stats    ]     Exception Caches                  0 us
[55.546s][info][gc,stats    ] Pause Final Roots (G)               125 us
[55.546s][info][gc,stats    ] Pause Final Roots (N)                22 us
[55.546s][info][gc,stats    ] 
[55.546s][info][gc,stats    ] Allocation pacing accrued:
[55.546s][info][gc,stats    ]       0 of   425 ms (  0.0%): <total>
[55.546s][info][gc,stats    ]       0 of   425 ms (  0.0%): <average total>
[55.546s][info][gc,stats    ] 
[55.546s][info][gc,metaspace] Metaspace: 14203K(14528K)->14203K(14528K) NonClass: 12297K(12480K)->12297K(12480K) Class: 1905K(2048K)->1905K(2048K)
[55.546s][info][gc,ergo     ] Pacer for Idle. Initial: 41943K, Alloc Tax Rate: 1.0x
[55.951s][info][gc          ] Trigger: Learning 4 of 5. Free (1432M) is below initial threshold (1433M)
[55.951s][info][gc,ergo     ] Free: 1432M, Max: 1024K regular, 1420M humongous, Frag: 1% external, 0% internal; Reserve: 103M, Max: 1024K
[55.951s][info][gc,start    ] GC(133) Concurrent reset
[55.951s][info][gc,task     ] GC(133) Using 1 of 3 workers for concurrent reset
[55.951s][info][gc,ergo     ] GC(133) Pacer for Reset. Non-Taxable: 2048M
[55.951s][info][gc          ] GC(133) Concurrent reset 0.237ms
[55.951s][info][gc,start    ] GC(133) Pause Init Mark (unload classes)
[55.951s][info][gc,task     ] GC(133) Using 3 of 3 workers for init marking
[55.951s][info][gc,ergo     ] GC(133) Pacer for Mark. Expected Live: 4518K, Free: 1432M, Non-Taxable: 143M, Alloc Tax Rate: 0.0x
[55.951s][info][gc          ] GC(133) Pause Init Mark (unload classes) 0.073ms
[55.951s][info][gc,start    ] GC(133) Concurrent marking roots
[55.951s][info][gc,task     ] GC(133) Using 1 of 3 workers for concurrent marking roots
[55.952s][info][gc          ] GC(133) Concurrent marking roots 0.404ms
[55.952s][info][gc,start    ] GC(133) Concurrent marking (unload classes)
[55.952s][info][gc,task     ] GC(133) Using 1 of 3 workers for concurrent marking
[55.956s][info][gc          ] GC(133) Concurrent marking (unload classes) 3.904ms
[55.956s][info][gc,start    ] GC(133) Pause Final Mark (unload classes)
[55.956s][info][gc,task     ] GC(133) Using 3 of 3 workers for final marking
[55.956s][info][gc,ergo     ] GC(133) Collectable Garbage: 479M (94%), Immediate: 479M (94%), CSet: 0B (0%)
[55.956s][info][gc          ] GC(133) Pause Final Mark (unload classes) 0.137ms
[55.956s][info][gc,start    ] GC(133) Concurrent weak references
[55.956s][info][gc,task     ] GC(133) Using 1 of 3 workers for concurrent weak references
[55.956s][info][gc,ref      ] GC(133) Encountered references: Soft: 140, Weak: 733, Final: 0, Phantom: 64
[55.956s][info][gc,ref      ] GC(133) Discovered  references: Soft: 0, Weak: 149, Final: 0, Phantom: 37
[55.956s][info][gc,ref      ] GC(133) Enqueued    references: Soft: 0, Weak: 0, Final: 0, Phantom: 0
[55.956s][info][gc          ] GC(133) Concurrent weak references 0.061ms
[55.956s][info][gc,start    ] GC(133) Concurrent weak roots
[55.956s][info][gc,task     ] GC(133) Using 1 of 3 workers for concurrent weak root
[55.960s][info][gc          ] GC(133) Concurrent weak roots 3.843ms
[55.960s][info][gc,start    ] GC(133) Concurrent cleanup
[55.960s][info][gc          ] GC(133) Concurrent cleanup 524M->45M(2048M) 0.054ms
[55.960s][info][gc,ergo     ] GC(133) Free: 1899M, Max: 1024K regular, 1420M humongous, Frag: 26% external, 0% internal; Reserve: 103M, Max: 1024K
[55.960s][info][gc,start    ] GC(133) Concurrent class unloading
[55.960s][info][gc,task     ] GC(133) Using 1 of 3 workers for concurrent class unloading
[55.963s][info][gc          ] GC(133) Concurrent class unloading 3.129ms
[55.963s][info][gc,start    ] GC(133) Pause Final Roots
[55.963s][info][gc          ] GC(133) Pause Final Roots 0.038ms
[55.963s][info][gc,ergo     ] Free: 1896M, Max: 1024K regular, 1420M humongous, Frag: 26% external, 0% internal; Reserve: 103M, Max: 1024K
[55.963s][info][gc,stats    ] 
[55.963s][info][gc,stats    ] All times are wall-clock times, except per-root-class counters, that are sum over
[55.963s][info][gc,stats    ] all workers. Dividing the <total> over the root stage time estimates parallelism.
[55.963s][info][gc,stats    ] 
[55.963s][info][gc,stats    ] Concurrent Reset                    279 us
[55.963s][info][gc,stats    ] Pause Init Mark (G)                 183 us
[55.963s][info][gc,stats    ] Pause Init Mark (N)                  81 us
[55.963s][info][gc,stats    ]   Update Region States               26 us
[55.963s][info][gc,stats    ] Concurrent Mark Roots               424 us, parallelism: 0.83x
[55.963s][info][gc,stats    ]   CMR: <total>                      352 us
[55.963s][info][gc,stats    ]   CMR: Thread Roots                 309 us, workers (us): 309, ---, ---, 
[55.964s][info][gc,stats    ]   CMR: VM Strong Roots                5 us, workers (us):   5, ---, ---, 
[55.964s][info][gc,stats    ]   CMR: CLDG Roots                    38 us, workers (us):  38, ---, ---, 
[55.964s][info][gc,stats    ] Concurrent Marking                 3954 us
[55.964s][info][gc,stats    ] Pause Final Mark (G)                208 us
[55.964s][info][gc,stats    ] Pause Final Mark (N)                146 us
[55.964s][info][gc,stats    ]   Finish Mark                        31 us
[55.964s][info][gc,stats    ]   Update Region States               28 us
[55.964s][info][gc,stats    ]   Choose Collection Set              48 us
[55.964s][info][gc,stats    ]   Rebuild Free Set                    8 us
[55.964s][info][gc,stats    ] Concurrent Weak References           68 us, parallelism: 0.11x
[55.964s][info][gc,stats    ]   CWRF: <total>                       7 us
[55.964s][info][gc,stats    ]   CWRF: Weak References               7 us, workers (us):   7, ---, ---, 
[55.964s][info][gc,stats    ] Concurrent Weak Roots              3885 us
[55.964s][info][gc,stats    ]   Roots                            3771 us, parallelism: 0.99x
[55.964s][info][gc,stats    ]     CWR: <total>                   3745 us
[55.964s][info][gc,stats    ]     CWR: Code Cache Roots           659 us, workers (us): 659, ---, ---, 
[55.964s][info][gc,stats    ]     CWR: VM Weak Roots             3078 us, workers (us): 3078, ---, ---, 
[55.964s][info][gc,stats    ]     CWR: CLDG Roots                   7 us, workers (us):   7, ---, ---, 
[55.964s][info][gc,stats    ]   Rendezvous                         56 us
[55.964s][info][gc,stats    ] Concurrent Cleanup                   63 us
[55.964s][info][gc,stats    ] Concurrent Class Unloading         3178 us
[55.964s][info][gc,stats    ]   Unlink Stale                     2930 us
[55.964s][info][gc,stats    ]     System Dictionary                 9 us
[55.964s][info][gc,stats    ]     Weak Class Links                  0 us
[55.964s][info][gc,stats    ]     Code Roots                     2920 us
[55.964s][info][gc,stats    ]   Rendezvous                         44 us
[55.964s][info][gc,stats    ]   Purge Unlinked                    137 us
[55.964s][info][gc,stats    ]     Code Roots                      135 us
[55.964s][info][gc,stats    ]     CLDG                              3 us
[55.964s][info][gc,stats    ]     Exception Caches                  0 us
[55.964s][info][gc,stats    ] Pause Final Roots (G)                97 us
[55.964s][info][gc,stats    ] Pause Final Roots (N)                47 us
[55.964s][info][gc,stats    ] 
[55.964s][info][gc,stats    ] Allocation pacing accrued:
[55.964s][info][gc,stats    ]       0 of   418 ms (  0.0%): <total>
[55.964s][info][gc,stats    ]       0 of   418 ms (  0.0%): <average total>
[55.964s][info][gc,stats    ] 
[55.964s][info][gc,metaspace] Metaspace: 14203K(14528K)->14203K(14528K) NonClass: 12297K(12480K)->12297K(12480K) Class: 1905K(2048K)->1905K(2048K)
[55.964s][info][gc,ergo     ] Pacer for Idle. Initial: 41943K, Alloc Tax Rate: 1.0x
[56.379s][info][gc          ] Trigger: Learning 5 of 5. Free (1433M) is below initial threshold (1433M)
[56.379s][info][gc,ergo     ] Free: 1433M, Max: 1024K regular, 1420M humongous, Frag: 1% external, 0% internal; Reserve: 103M, Max: 1024K
[56.379s][info][gc,start    ] GC(134) Concurrent reset
[56.379s][info][gc,task     ] GC(134) Using 1 of 3 workers for concurrent reset
[56.379s][info][gc,ergo     ] GC(134) Pacer for Reset. Non-Taxable: 2048M
[56.379s][info][gc          ] GC(134) Concurrent reset 0.233ms
[56.379s][info][gc,start    ] GC(134) Pause Init Mark (unload classes)
[56.379s][info][gc,task     ] GC(134) Using 3 of 3 workers for init marking
[56.379s][info][gc,ergo     ] GC(134) Pacer for Mark. Expected Live: 4517K, Free: 1433M, Non-Taxable: 143M, Alloc Tax Rate: 0.0x
[56.379s][info][gc          ] GC(134) Pause Init Mark (unload classes) 0.089ms
[56.379s][info][gc,start    ] GC(134) Concurrent marking roots
[56.379s][info][gc,task     ] GC(134) Using 1 of 3 workers for concurrent marking roots
[56.380s][info][gc          ] GC(134) Concurrent marking roots 0.417ms
[56.380s][info][gc,start    ] GC(134) Concurrent marking (unload classes)
[56.380s][info][gc,task     ] GC(134) Using 1 of 3 workers for concurrent marking
[56.384s][info][gc          ] GC(134) Concurrent marking (unload classes) 3.911ms
[56.384s][info][gc,start    ] GC(134) Pause Final Mark (unload classes)
[56.384s][info][gc,task     ] GC(134) Using 3 of 3 workers for final marking
[56.384s][info][gc,ergo     ] GC(134) Collectable Garbage: 476M (94%), Immediate: 476M (94%), CSet: 0B (0%)
[56.384s][info][gc          ] GC(134) Pause Final Mark (unload classes) 0.134ms
[56.384s][info][gc,start    ] GC(134) Concurrent weak references
[56.384s][info][gc,task     ] GC(134) Using 1 of 3 workers for concurrent weak references
[56.384s][info][gc,ref      ] GC(134) Encountered references: Soft: 140, Weak: 731, Final: 0, Phantom: 64
[56.384s][info][gc,ref      ] GC(134) Discovered  references: Soft: 0, Weak: 149, Final: 0, Phantom: 37
[56.384s][info][gc,ref      ] GC(134) Enqueued    references: Soft: 0, Weak: 0, Final: 0, Phantom: 0
[56.384s][info][gc          ] GC(134) Concurrent weak references 0.069ms
[56.384s][info][gc,start    ] GC(134) Concurrent weak roots
[56.384s][info][gc,task     ] GC(134) Using 1 of 3 workers for concurrent weak root
[56.388s][info][gc          ] GC(134) Concurrent weak roots 4.255ms
[56.388s][info][gc,start    ] GC(134) Concurrent cleanup
[56.388s][info][gc          ] GC(134) Concurrent cleanup 522M->45M(2048M) 0.051ms
[56.388s][info][gc,ergo     ] GC(134) Free: 1899M, Max: 1024K regular, 1420M humongous, Frag: 26% external, 0% internal; Reserve: 103M, Max: 1024K
[56.388s][info][gc,start    ] GC(134) Concurrent class unloading
[56.388s][info][gc,task     ] GC(134) Using 1 of 3 workers for concurrent class unloading
[56.391s][info][gc          ] GC(134) Concurrent class unloading 3.106ms
[56.391s][info][gc,start    ] GC(134) Pause Final Roots
[56.391s][info][gc          ] GC(134) Pause Final Roots 0.038ms
[56.392s][info][gc,ergo     ] Free: 1895M, Max: 1024K regular, 1420M humongous, Frag: 26% external, 0% internal; Reserve: 103M, Max: 1024K
[56.392s][info][gc,stats    ] 
[56.392s][info][gc,stats    ] All times are wall-clock times, except per-root-class counters, that are sum over
[56.392s][info][gc,stats    ] all workers. Dividing the <total> over the root stage time estimates parallelism.
[56.392s][info][gc,stats    ] 
[56.392s][info][gc,stats    ] Concurrent Reset                    247 us
[56.392s][info][gc,stats    ] Pause Init Mark (G)                 180 us
[56.392s][info][gc,stats    ] Pause Init Mark (N)                  97 us
[56.392s][info][gc,stats    ]   Update Region States               24 us
[56.392s][info][gc,stats    ] Concurrent Mark Roots               430 us, parallelism: 0.83x
[56.392s][info][gc,stats    ]   CMR: <total>                      355 us
[56.392s][info][gc,stats    ]   CMR: Thread Roots                 308 us, workers (us): 308, ---, ---, 
[56.392s][info][gc,stats    ]   CMR: VM Strong Roots                5 us, workers (us):   5, ---, ---, 
[56.392s][info][gc,stats    ]   CMR: CLDG Roots                    42 us, workers (us):  42, ---, ---, 
[56.392s][info][gc,stats    ] Concurrent Marking                 3958 us
[56.392s][info][gc,stats    ] Pause Final Mark (G)                192 us
[56.392s][info][gc,stats    ] Pause Final Mark (N)                142 us
[56.392s][info][gc,stats    ]   Finish Mark                        31 us
[56.392s][info][gc,stats    ]   Update Region States               26 us
[56.392s][info][gc,stats    ]   Choose Collection Set              28 us
[56.392s][info][gc,stats    ]   Rebuild Free Set                    7 us
[56.392s][info][gc,stats    ] Concurrent Weak References           79 us, parallelism: 0.09x
[56.392s][info][gc,stats    ]   CWRF: <total>                       7 us
[56.392s][info][gc,stats    ]   CWRF: Weak References               7 us, workers (us):   7, ---, ---, 
[56.392s][info][gc,stats    ] Concurrent Weak Roots              4286 us
[56.392s][info][gc,stats    ]   Roots                            4187 us, parallelism: 0.99x
[56.392s][info][gc,stats    ]     CWR: <total>                   4159 us
[56.392s][info][gc,stats    ]     CWR: Code Cache Roots           647 us, workers (us): 647, ---, ---, 
[56.392s][info][gc,stats    ]     CWR: VM Weak Roots             3504 us, workers (us): 3504, ---, ---, 
[56.392s][info][gc,stats    ]     CWR: CLDG Roots                   8 us, workers (us):   8, ---, ---, 
[56.392s][info][gc,stats    ]   Rendezvous                         52 us
[56.392s][info][gc,stats    ] Concurrent Cleanup                   59 us
[56.392s][info][gc,stats    ] Concurrent Class Unloading         3153 us
[56.392s][info][gc,stats    ]   Unlink Stale                     2896 us
[56.392s][info][gc,stats    ]     System Dictionary                 7 us
[56.392s][info][gc,stats    ]     Weak Class Links                  0 us
[56.392s][info][gc,stats    ]     Code Roots                     2887 us
[56.392s][info][gc,stats    ]   Rendezvous                         47 us
[56.392s][info][gc,stats    ]   Purge Unlinked                    144 us
[56.392s][info][gc,stats    ]     Code Roots                      140 us
[56.392s][info][gc,stats    ]     CLDG                              4 us
[56.392s][info][gc,stats    ]     Exception Caches                  0 us
[56.392s][info][gc,stats    ] Pause Final Roots (G)                88 us
[56.392s][info][gc,stats    ] Pause Final Roots (N)                46 us
[56.392s][info][gc,stats    ] 
[56.392s][info][gc,stats    ] Allocation pacing accrued:
[56.392s][info][gc,stats    ]       0 of   428 ms (  0.0%): <total>
[56.392s][info][gc,stats    ]       0 of   428 ms (  0.0%): <average total>
[56.392s][info][gc,stats    ] 
[56.392s][info][gc,metaspace] Metaspace: 14203K(14528K)->14203K(14528K) NonClass: 12297K(12480K)->12297K(12480K) Class: 1905K(2048K)->1905K(2048K)
[56.392s][info][gc,ergo     ] Pacer for Idle. Initial: 41943K, Alloc Tax Rate: 1.0x
[56.592s][info][gc          ] Trigger: Explicit GC request (System.gc())
[56.592s][info][gc,ergo     ] Free: 1727M, Max: 1024K regular, 1420M humongous, Frag: 18% external, 0% internal; Reserve: 103M, Max: 1024K
[56.592s][info][gc,start    ] GC(135) Concurrent reset
[56.592s][info][gc,task     ] GC(135) Using 1 of 3 workers for concurrent reset
[56.592s][info][gc,ergo     ] GC(135) Pacer for Reset. Non-Taxable: 2048M
[56.592s][info][gc          ] GC(135) Concurrent reset 0.419ms
[56.592s][info][gc,start    ] GC(135) Pause Init Mark (unload classes)
[56.592s][info][gc,task     ] GC(135) Using 3 of 3 workers for init marking
[56.592s][info][gc,ref      ] GC(135) Clearing All SoftReferences
[56.592s][info][gc,ergo     ] GC(135) Pacer for Mark. Expected Live: 4511K, Free: 1727M, Non-Taxable: 172M, Alloc Tax Rate: 0.0x
[56.592s][info][gc          ] GC(135) Pause Init Mark (unload classes) 0.249ms
[56.593s][info][gc,start    ] GC(135) Concurrent marking roots
[56.593s][info][gc,task     ] GC(135) Using 1 of 3 workers for concurrent marking roots
[56.593s][info][gc          ] GC(135) Concurrent marking roots 0.895ms
[56.593s][info][gc,start    ] GC(135) Concurrent marking (unload classes)
[56.593s][info][gc,task     ] GC(135) Using 1 of 3 workers for concurrent marking
[56.599s][info][gc          ] GC(135) Concurrent marking (unload classes) 5.136ms
[56.599s][info][gc,start    ] GC(135) Pause Final Mark (unload classes)
[56.599s][info][gc,task     ] GC(135) Using 3 of 3 workers for final marking
[56.599s][info][gc,ergo     ] GC(135) Collectable Garbage: 200M (94%), Immediate: 200M (94%), CSet: 0B (0%)
[56.599s][info][gc          ] GC(135) Pause Final Mark (unload classes) 0.252ms
[56.599s][info][gc,start    ] GC(135) Concurrent weak references
[56.599s][info][gc,task     ] GC(135) Using 1 of 3 workers for concurrent weak references
[56.599s][info][gc,ref      ] GC(135) Encountered references: Soft: 140, Weak: 717, Final: 0, Phantom: 64
[56.599s][info][gc,ref      ] GC(135) Discovered  references: Soft: 88, Weak: 171, Final: 0, Phantom: 62
[56.599s][info][gc,ref      ] GC(135) Enqueued    references: Soft: 3, Weak: 0, Final: 0, Phantom: 0
[56.599s][info][gc          ] GC(135) Concurrent weak references 0.178ms
[56.599s][info][gc,start    ] GC(135) Concurrent weak roots
[56.599s][info][gc,task     ] GC(135) Using 1 of 3 workers for concurrent weak root
[56.602s][info][gc          ] GC(135) Concurrent weak roots 3.271ms
[56.602s][info][gc,start    ] GC(135) Concurrent cleanup
[56.602s][info][gc          ] GC(135) Concurrent cleanup 217M->16M(2048M) 0.065ms
[56.603s][info][gc,ergo     ] GC(135) Free: 1928M, Max: 1024K regular, 1716M humongous, Frag: 11% external, 0% internal; Reserve: 103M, Max: 1024K
[56.603s][info][gc,start    ] GC(135) Concurrent class unloading
[56.603s][info][gc,task     ] GC(135) Using 1 of 3 workers for concurrent class unloading
[56.607s][info][gc          ] GC(135) Concurrent class unloading 4.086ms
[56.607s][info][gc,start    ] GC(135) Pause Final Roots
[56.607s][info][gc          ] GC(135) Pause Final Roots 0.048ms
[56.607s][info][gc,ergo     ] Free: 1928M, Max: 1024K regular, 1716M humongous, Frag: 11% external, 0% internal; Reserve: 103M, Max: 1024K
[56.607s][info][gc,stats    ] 
[56.607s][info][gc,stats    ] All times are wall-clock times, except per-root-class counters, that are sum over
[56.607s][info][gc,stats    ] all workers. Dividing the <total> over the root stage time estimates parallelism.
[56.607s][info][gc,stats    ] 
[56.607s][info][gc,stats    ] Concurrent Reset                    464 us
[56.607s][info][gc,stats    ] Pause Init Mark (G)                 353 us
[56.607s][info][gc,stats    ] Pause Init Mark (N)                 272 us
[56.607s][info][gc,stats    ]   Update Region States               62 us
[56.607s][info][gc,stats    ] Concurrent Mark Roots               903 us, parallelism: 0.88x
[56.607s][info][gc,stats    ]   CMR: <total>                      793 us
[56.607s][info][gc,stats    ]   CMR: Thread Roots                 671 us, workers (us): 671, ---, ---, 
[56.607s][info][gc,stats    ]   CMR: VM Strong Roots               12 us, workers (us):  12, ---, ---, 
[56.607s][info][gc,stats    ]   CMR: CLDG Roots                   110 us, workers (us): 110, ---, ---, 
[56.607s][info][gc,stats    ] Concurrent Marking                 5162 us
[56.607s][info][gc,stats    ] Pause Final Mark (G)                334 us
[56.607s][info][gc,stats    ] Pause Final Mark (N)                265 us
[56.607s][info][gc,stats    ]   Finish Mark                        57 us
[56.607s][info][gc,stats    ]   Update Region States               40 us
[56.607s][info][gc,stats    ]   Choose Collection Set              47 us
[56.607s][info][gc,stats    ]   Rebuild Free Set                   23 us
[56.607s][info][gc,stats    ] Concurrent Weak References          196 us, parallelism: 0.07x
[56.607s][info][gc,stats    ]   CWRF: <total>                      14 us
[56.607s][info][gc,stats    ]   CWRF: Weak References              14 us, workers (us):  14, ---, ---, 
[56.607s][info][gc,stats    ] Concurrent Weak Roots              3320 us
[56.607s][info][gc,stats    ]   Roots                            3171 us, parallelism: 0.98x
[56.607s][info][gc,stats    ]     CWR: <total>                   3092 us
[56.607s][info][gc,stats    ]     CWR: Code Cache Roots           593 us, workers (us): 593, ---, ---, 
[56.607s][info][gc,stats    ]     CWR: VM Weak Roots             2493 us, workers (us): 2493, ---, ---, 
[56.607s][info][gc,stats    ]     CWR: CLDG Roots                   6 us, workers (us):   6, ---, ---, 
[56.607s][info][gc,stats    ]   Rendezvous                         64 us
[56.607s][info][gc,stats    ] Concurrent Cleanup                   88 us
[56.607s][info][gc,stats    ] Concurrent Class Unloading         4146 us
[56.607s][info][gc,stats    ]   Unlink Stale                     3772 us
[56.607s][info][gc,stats    ]     System Dictionary                 9 us
[56.607s][info][gc,stats    ]     Weak Class Links                  0 us
[56.607s][info][gc,stats    ]     Code Roots                     3761 us
[56.607s][info][gc,stats    ]   Rendezvous                        112 us
[56.607s][info][gc,stats    ]   Purge Unlinked                    160 us
[56.607s][info][gc,stats    ]     Code Roots                      151 us
[56.607s][info][gc,stats    ]     CLDG                              8 us
[56.607s][info][gc,stats    ]     Exception Caches                  0 us
[56.607s][info][gc,stats    ] Pause Final Roots (G)               159 us
[56.607s][info][gc,stats    ] Pause Final Roots (N)                78 us
[56.607s][info][gc,stats    ] 
[56.607s][info][gc,stats    ] Allocation pacing accrued:
[56.607s][info][gc,stats    ]       0 of   215 ms (  0.0%): <total>
[56.607s][info][gc,stats    ]       0 of   215 ms (  0.0%): <average total>
[56.607s][info][gc,stats    ] 
[56.607s][info][gc,metaspace] Metaspace: 14208K(14528K)->14208K(14528K) NonClass: 12303K(12480K)->12303K(12480K) Class: 1905K(2048K)->1905K(2048K)
[56.607s][info][gc,ergo     ] Pacer for Idle. Initial: 41943K, Alloc Tax Rate: 1.0x
[57.082s][info][gc          ] Trigger: Learning 2 of 5. Free (1433M) is below initial threshold (1433M)
[57.082s][info][gc,ergo     ] Free: 1433M, Max: 1024K regular, 1433M humongous, Frag: 0% external, 0% internal; Reserve: 103M, Max: 1024K
[57.082s][info][gc,start    ] GC(136) Concurrent reset
[57.082s][info][gc,task     ] GC(136) Using 1 of 3 workers for concurrent reset
[57.082s][info][gc,ergo     ] GC(136) Pacer for Reset. Non-Taxable: 2048M
[57.083s][info][gc          ] GC(136) Concurrent reset 0.174ms
[57.083s][info][gc,start    ] GC(136) Pause Init Mark (unload classes)
[57.083s][info][gc,task     ] GC(136) Using 3 of 3 workers for init marking
[57.083s][info][gc,ergo     ] GC(136) Pacer for Mark. Expected Live: 4511K, Free: 1433M, Non-Taxable: 143M, Alloc Tax Rate: 0.0x
[57.083s][info][gc          ] GC(136) Pause Init Mark (unload classes) 0.091ms
[57.083s][info][gc,start    ] GC(136) Concurrent marking roots
[57.083s][info][gc,task     ] GC(136) Using 1 of 3 workers for concurrent marking roots
[57.083s][info][gc          ] GC(136) Concurrent marking roots 0.406ms
[57.083s][info][gc,start    ] GC(136) Concurrent marking (unload classes)
[57.083s][info][gc,task     ] GC(136) Using 1 of 3 workers for concurrent marking
[57.087s][info][gc          ] GC(136) Concurrent marking (unload classes) 3.872ms
[57.087s][info][gc,start    ] GC(136) Pause Final Mark (unload classes)
[57.087s][info][gc,task     ] GC(136) Using 3 of 3 workers for final marking
[57.087s][info][gc,ergo     ] GC(136) Collectable Garbage: 483M (95%), Immediate: 483M (95%), CSet: 0B (0%)
[57.087s][info][gc          ] GC(136) Pause Final Mark (unload classes) 0.145ms
[57.087s][info][gc,start    ] GC(136) Concurrent weak references
[57.087s][info][gc,task     ] GC(136) Using 1 of 3 workers for concurrent weak references
[57.087s][info][gc,ref      ] GC(136) Encountered references: Soft: 140, Weak: 729, Final: 0, Phantom: 64
[57.087s][info][gc,ref      ] GC(136) Discovered  references: Soft: 0, Weak: 147, Final: 0, Phantom: 37
[57.087s][info][gc,ref      ] GC(136) Enqueued    references: Soft: 0, Weak: 0, Final: 0, Phantom: 0
[57.087s][info][gc          ] GC(136) Concurrent weak references 0.075ms
[57.087s][info][gc,start    ] GC(136) Concurrent weak roots
[57.087s][info][gc,task     ] GC(136) Using 1 of 3 workers for concurrent weak root
[57.089s][info][gc          ] GC(136) Concurrent weak roots 1.907ms
[57.089s][info][gc,start    ] GC(136) Concurrent cleanup
[57.089s][info][gc          ] GC(136) Concurrent cleanup 521M->38M(2048M) 0.049ms
[57.089s][info][gc,ergo     ] GC(136) Free: 1906M, Max: 1024K regular, 1423M humongous, Frag: 26% external, 0% internal; Reserve: 103M, Max: 1024K
[57.089s][info][gc,start    ] GC(136) Concurrent class unloading
[57.089s][info][gc,task     ] GC(136) Using 1 of 3 workers for concurrent class unloading
[57.093s][info][gc          ] GC(136) Concurrent class unloading 3.095ms
[57.093s][info][gc,start    ] GC(136) Pause Final Roots
[57.093s][info][gc          ] GC(136) Pause Final Roots 0.040ms
[57.093s][info][gc,ergo     ] Free: 1904M, Max: 1024K regular, 1423M humongous, Frag: 26% external, 0% internal; Reserve: 103M, Max: 1024K
[57.093s][info][gc,stats    ] 
[57.093s][info][gc,stats    ] All times are wall-clock times, except per-root-class counters, that are sum over
[57.093s][info][gc,stats    ] all workers. Dividing the <total> over the root stage time estimates parallelism.
[57.093s][info][gc,stats    ] 
[57.093s][info][gc,stats    ] Concurrent Reset                    187 us
[57.093s][info][gc,stats    ] Pause Init Mark (G)                 175 us
[57.093s][info][gc,stats    ] Pause Init Mark (N)                 100 us
[57.093s][info][gc,stats    ]   Update Region States               27 us
[57.093s][info][gc,stats    ] Concurrent Mark Roots               419 us, parallelism: 0.86x
[57.093s][info][gc,stats    ]   CMR: <total>                      360 us
[57.093s][info][gc,stats    ]   CMR: Thread Roots                 315 us, workers (us): 315, ---, ---, 
[57.093s][info][gc,stats    ]   CMR: VM Strong Roots                5 us, workers (us):   5, ---, ---, 
[57.093s][info][gc,stats    ]   CMR: CLDG Roots                    40 us, workers (us):  40, ---, ---, 
[57.093s][info][gc,stats    ] Concurrent Marking                 3924 us
[57.093s][info][gc,stats    ] Pause Final Mark (G)                215 us
[57.093s][info][gc,stats    ] Pause Final Mark (N)                153 us
[57.093s][info][gc,stats    ]   Finish Mark                        35 us
[57.093s][info][gc,stats    ]   Update Region States               29 us
[57.093s][info][gc,stats    ]   Choose Collection Set              29 us
[57.093s][info][gc,stats    ]   Rebuild Free Set                    8 us
[57.093s][info][gc,stats    ] Concurrent Weak References           83 us, parallelism: 0.11x
[57.093s][info][gc,stats    ]   CWRF: <total>                       9 us
[57.093s][info][gc,stats    ]   CWRF: Weak References               9 us, workers (us):   9, ---, ---, 
[57.093s][info][gc,stats    ] Concurrent Weak Roots              1925 us
[57.093s][info][gc,stats    ]   Roots                            1853 us, parallelism: 0.99x
[57.093s][info][gc,stats    ]     CWR: <total>                   1828 us
[57.093s][info][gc,stats    ]     CWR: Code Cache Roots           647 us, workers (us): 647, ---, ---, 
[57.093s][info][gc,stats    ]     CWR: VM Weak Roots             1173 us, workers (us): 1173, ---, ---, 
[57.093s][info][gc,stats    ]     CWR: CLDG Roots                   8 us, workers (us):   8, ---, ---, 
[57.093s][info][gc,stats    ]   Rendezvous                         39 us
[57.093s][info][gc,stats    ] Concurrent Cleanup                   57 us
[57.093s][info][gc,stats    ] Concurrent Class Unloading         3141 us
[57.093s][info][gc,stats    ]   Unlink Stale                     2899 us
[57.093s][info][gc,stats    ]     System Dictionary                 8 us
[57.093s][info][gc,stats    ]     Weak Class Links                  0 us
[57.093s][info][gc,stats    ]     Code Roots                     2889 us
[57.093s][info][gc,stats    ]   Rendezvous                         47 us
[57.093s][info][gc,stats    ]   Purge Unlinked                    132 us
[57.093s][info][gc,stats    ]     Code Roots                      129 us
[57.093s][info][gc,stats    ]     CLDG                              2 us
[57.093s][info][gc,stats    ]     Exception Caches                  0 us
[57.093s][info][gc,stats    ] Pause Final Roots (G)               102 us
[57.093s][info][gc,stats    ] Pause Final Roots (N)                49 us
[57.093s][info][gc,stats    ] 
[57.093s][info][gc,stats    ] Allocation pacing accrued:
[57.093s][info][gc,stats    ]       0 of   486 ms (  0.0%): <total>
[57.093s][info][gc,stats    ]       0 of   486 ms (  0.0%): <average total>
[57.093s][info][gc,stats    ] 
[57.093s][info][gc,metaspace] Metaspace: 14209K(14528K)->14209K(14528K) NonClass: 12303K(12480K)->12303K(12480K) Class: 1905K(2048K)->1905K(2048K)
[57.093s][info][gc,ergo     ] Pacer for Idle. Initial: 41943K, Alloc Tax Rate: 1.0x
[57.539s][info][gc          ] Trigger: Learning 3 of 5. Free (1433M) is below initial threshold (1433M)
[57.539s][info][gc,ergo     ] Free: 1433M, Max: 1024K regular, 1423M humongous, Frag: 1% external, 0% internal; Reserve: 103M, Max: 1024K
[57.539s][info][gc,start    ] GC(137) Concurrent reset
[57.539s][info][gc,task     ] GC(137) Using 1 of 3 workers for concurrent reset
[57.539s][info][gc,ergo     ] GC(137) Pacer for Reset. Non-Taxable: 2048M
[57.539s][info][gc          ] GC(137) Concurrent reset 0.219ms
[57.539s][info][gc,start    ] GC(137) Pause Init Mark (unload classes)
[57.539s][info][gc,task     ] GC(137) Using 3 of 3 workers for init marking
[57.539s][info][gc,ergo     ] GC(137) Pacer for Mark. Expected Live: 4511K, Free: 1431M, Non-Taxable: 143M, Alloc Tax Rate: 0.0x
[57.539s][info][gc          ] GC(137) Pause Init Mark (unload classes) 0.089ms
[57.539s][info][gc,start    ] GC(137) Concurrent marking roots
[57.539s][info][gc,task     ] GC(137) Using 1 of 3 workers for concurrent marking roots
[57.540s][info][gc          ] GC(137) Concurrent marking roots 0.421ms
[57.540s][info][gc,start    ] GC(137) Concurrent marking (unload classes)
[57.540s][info][gc,task     ] GC(137) Using 1 of 3 workers for concurrent marking
[57.544s][info][gc          ] GC(137) Concurrent marking (unload classes) 4.091ms
[57.544s][info][gc,start    ] GC(137) Pause Final Mark (unload classes)
[57.544s][info][gc,task     ] GC(137) Using 3 of 3 workers for final marking
[57.544s][info][gc,ergo     ] GC(137) Collectable Garbage: 482M (94%), Immediate: 482M (94%), CSet: 0B (0%)
[57.544s][info][gc          ] GC(137) Pause Final Mark (unload classes) 0.171ms
[57.544s][info][gc,start    ] GC(137) Concurrent weak references
[57.544s][info][gc,task     ] GC(137) Using 1 of 3 workers for concurrent weak references
[57.544s][info][gc,ref      ] GC(137) Encountered references: Soft: 140, Weak: 729, Final: 0, Phantom: 64
[57.544s][info][gc,ref      ] GC(137) Discovered  references: Soft: 0, Weak: 147, Final: 0, Phantom: 37
[57.544s][info][gc,ref      ] GC(137) Enqueued    references: Soft: 0, Weak: 0, Final: 0, Phantom: 0
[57.544s][info][gc          ] GC(137) Concurrent weak references 0.082ms
[57.544s][info][gc,start    ] GC(137) Concurrent weak roots
[57.544s][info][gc,task     ] GC(137) Using 1 of 3 workers for concurrent weak root
[57.550s][info][gc          ] GC(137) Concurrent weak roots 5.516ms
[57.550s][info][gc,start    ] GC(137) Concurrent cleanup
[57.550s][info][gc          ] GC(137) Concurrent cleanup 526M->44M(2048M) 0.052ms
[57.550s][info][gc,ergo     ] GC(137) Free: 1900M, Max: 1024K regular, 1418M humongous, Frag: 26% external, 0% internal; Reserve: 103M, Max: 1024K
[57.550s][info][gc,start    ] GC(137) Concurrent class unloading
[57.550s][info][gc,task     ] GC(137) Using 1 of 3 workers for concurrent class unloading
[57.554s][info][gc          ] GC(137) Concurrent class unloading 3.602ms
[57.554s][info][gc,start    ] GC(137) Pause Final Roots
[57.554s][info][gc          ] GC(137) Pause Final Roots 0.049ms
[57.554s][info][gc,ergo     ] Free: 1896M, Max: 1024K regular, 1418M humongous, Frag: 26% external, 0% internal; Reserve: 103M, Max: 1024K
[57.554s][info][gc,stats    ] 
[57.554s][info][gc,stats    ] All times are wall-clock times, except per-root-class counters, that are sum over
[57.554s][info][gc,stats    ] all workers. Dividing the <total> over the root stage time estimates parallelism.
[57.554s][info][gc,stats    ] 
[57.554s][info][gc,stats    ] Concurrent Reset                    232 us
[57.554s][info][gc,stats    ] Pause Init Mark (G)                 209 us
[57.554s][info][gc,stats    ] Pause Init Mark (N)                  97 us
[57.554s][info][gc,stats    ]   Update Region States               23 us
[57.554s][info][gc,stats    ] Concurrent Mark Roots               439 us, parallelism: 0.84x
[57.554s][info][gc,stats    ]   CMR: <total>                      370 us
[57.554s][info][gc,stats    ]   CMR: Thread Roots                 325 us, workers (us): 325, ---, ---, 
[57.554s][info][gc,stats    ]   CMR: VM Strong Roots                5 us, workers (us):   5, ---, ---, 
[57.554s][info][gc,stats    ]   CMR: CLDG Roots                    40 us, workers (us):  40, ---, ---, 
[57.554s][info][gc,stats    ] Concurrent Marking                 4149 us
[57.554s][info][gc,stats    ] Pause Final Mark (G)                278 us
[57.554s][info][gc,stats    ] Pause Final Mark (N)                181 us
[57.554s][info][gc,stats    ]   Finish Mark                        39 us
[57.554s][info][gc,stats    ]   Update Region States               36 us
[57.554s][info][gc,stats    ]   Choose Collection Set              54 us
[57.554s][info][gc,stats    ]   Rebuild Free Set                    8 us
[57.554s][info][gc,stats    ] Concurrent Weak References           90 us, parallelism: 0.08x
[57.554s][info][gc,stats    ]   CWRF: <total>                       8 us
[57.554s][info][gc,stats    ]   CWRF: Weak References               8 us, workers (us):   8, ---, ---, 
[57.554s][info][gc,stats    ] Concurrent Weak Roots              5560 us
[57.554s][info][gc,stats    ]   Roots                            3275 us, parallelism: 0.99x
[57.554s][info][gc,stats    ]     CWR: <total>                   3247 us
[57.554s][info][gc,stats    ]     CWR: Code Cache Roots           701 us, workers (us): 701, ---, ---, 
[57.554s][info][gc,stats    ]     CWR: VM Weak Roots             2539 us, workers (us): 2539, ---, ---, 
[57.554s][info][gc,stats    ]     CWR: CLDG Roots                   8 us, workers (us):   8, ---, ---, 
[57.554s][info][gc,stats    ]   Rendezvous                       2224 us
[57.554s][info][gc,stats    ] Concurrent Cleanup                   61 us
[57.554s][info][gc,stats    ] Concurrent Class Unloading         3669 us
[57.554s][info][gc,stats    ]   Unlink Stale                     3082 us
[57.554s][info][gc,stats    ]     System Dictionary                 8 us
[57.554s][info][gc,stats    ]     Weak Class Links                  0 us
[57.554s][info][gc,stats    ]     Code Roots                     3072 us
[57.554s][info][gc,stats    ]   Rendezvous                        292 us
[57.554s][info][gc,stats    ]   Purge Unlinked                    208 us
[57.554s][info][gc,stats    ]     Code Roots                      203 us
[57.554s][info][gc,stats    ]     CLDG                              5 us
[57.554s][info][gc,stats    ]     Exception Caches                  0 us
[57.554s][info][gc,stats    ] Pause Final Roots (G)               387 us
[57.554s][info][gc,stats    ] Pause Final Roots (N)                59 us
[57.554s][info][gc,stats    ] 
[57.554s][info][gc,stats    ] Allocation pacing accrued:
[57.554s][info][gc,stats    ]       0 of   461 ms (  0.0%): <total>
[57.554s][info][gc,stats    ]       0 of   461 ms (  0.0%): <average total>
[57.554s][info][gc,stats    ] 
[57.554s][info][gc,metaspace] Metaspace: 14209K(14528K)->14209K(14528K) NonClass: 12303K(12480K)->12303K(12480K) Class: 1905K(2048K)->1905K(2048K)
[57.554s][info][gc,ergo     ] Pacer for Idle. Initial: 41943K, Alloc Tax Rate: 1.0x
[57.998s][info][gc          ] Trigger: Learning 4 of 5. Free (1430M) is below initial threshold (1433M)
[57.998s][info][gc,ergo     ] Free: 1430M, Max: 1024K regular, 1418M humongous, Frag: 1% external, 0% internal; Reserve: 103M, Max: 1024K
[57.998s][info][gc,start    ] GC(138) Concurrent reset
[57.998s][info][gc,task     ] GC(138) Using 1 of 3 workers for concurrent reset
[57.998s][info][gc,ergo     ] GC(138) Pacer for Reset. Non-Taxable: 2048M
[57.998s][info][gc          ] GC(138) Concurrent reset 0.213ms
[57.998s][info][gc,start    ] GC(138) Pause Init Mark (unload classes)
[57.999s][info][gc,task     ] GC(138) Using 3 of 3 workers for init marking
[57.999s][info][gc,ergo     ] GC(138) Pacer for Mark. Expected Live: 4511K, Free: 1430M, Non-Taxable: 143M, Alloc Tax Rate: 0.0x
[57.999s][info][gc          ] GC(138) Pause Init Mark (unload classes) 0.095ms
[57.999s][info][gc,start    ] GC(138) Concurrent marking roots
[57.999s][info][gc,task     ] GC(138) Using 1 of 3 workers for concurrent marking roots
[57.999s][info][gc          ] GC(138) Concurrent marking roots 0.463ms
[57.999s][info][gc,start    ] GC(138) Concurrent marking (unload classes)
[57.999s][info][gc,task     ] GC(138) Using 1 of 3 workers for concurrent marking
[58.003s][info][gc          ] GC(138) Concurrent marking (unload classes) 4.000ms
[58.003s][info][gc,start    ] GC(138) Pause Final Mark (unload classes)
[58.003s][info][gc,task     ] GC(138) Using 3 of 3 workers for final marking
[58.003s][info][gc,ergo     ] GC(138) Collectable Garbage: 479M (94%), Immediate: 479M (94%), CSet: 0B (0%)
[58.003s][info][gc          ] GC(138) Pause Final Mark (unload classes) 0.165ms
[58.003s][info][gc,start    ] GC(138) Concurrent weak references
[58.003s][info][gc,task     ] GC(138) Using 1 of 3 workers for concurrent weak references
[58.003s][info][gc,ref      ] GC(138) Encountered references: Soft: 140, Weak: 729, Final: 0, Phantom: 64
[58.003s][info][gc,ref      ] GC(138) Discovered  references: Soft: 0, Weak: 147, Final: 0, Phantom: 37
[58.003s][info][gc,ref      ] GC(138) Enqueued    references: Soft: 0, Weak: 0, Final: 0, Phantom: 0
[58.003s][info][gc          ] GC(138) Concurrent weak references 0.068ms
[58.003s][info][gc,start    ] GC(138) Concurrent weak roots
[58.003s][info][gc,task     ] GC(138) Using 1 of 3 workers for concurrent weak root
[58.007s][info][gc          ] GC(138) Concurrent weak roots 3.681ms
[58.007s][info][gc,start    ] GC(138) Concurrent cleanup
[58.007s][info][gc          ] GC(138) Concurrent cleanup 526M->46M(2048M) 0.056ms
[58.007s][info][gc,ergo     ] GC(138) Free: 1898M, Max: 1024K regular, 1423M humongous, Frag: 26% external, 0% internal; Reserve: 103M, Max: 1024K
[58.007s][info][gc,start    ] GC(138) Concurrent class unloading
[58.007s][info][gc,task     ] GC(138) Using 1 of 3 workers for concurrent class unloading
[58.010s][info][gc          ] GC(138) Concurrent class unloading 3.124ms
[58.010s][info][gc,start    ] GC(138) Pause Final Roots
[58.010s][info][gc          ] GC(138) Pause Final Roots 0.024ms
[58.011s][info][gc,ergo     ] Free: 1898M, Max: 1024K regular, 1423M humongous, Frag: 26% external, 0% internal; Reserve: 103M, Max: 1024K
[58.011s][info][gc,stats    ] 
[58.011s][info][gc,stats    ] All times are wall-clock times, except per-root-class counters, that are sum over
[58.011s][info][gc,stats    ] all workers. Dividing the <total> over the root stage time estimates parallelism.
[58.011s][info][gc,stats    ] 
[58.011s][info][gc,stats    ] Concurrent Reset                    236 us
[58.011s][info][gc,stats    ] Pause Init Mark (G)                 222 us
[58.011s][info][gc,stats    ] Pause Init Mark (N)                 103 us
[58.011s][info][gc,stats    ]   Update Region States               27 us
[58.011s][info][gc,stats    ] Concurrent Mark Roots               477 us, parallelism: 0.84x
[58.011s][info][gc,stats    ]   CMR: <total>                      402 us
[58.011s][info][gc,stats    ]   CMR: Thread Roots                 356 us, workers (us): 356, ---, ---, 
[58.011s][info][gc,stats    ]   CMR: VM Strong Roots                6 us, workers (us):   6, ---, ---, 
[58.011s][info][gc,stats    ]   CMR: CLDG Roots                    40 us, workers (us):  40, ---, ---, 
[58.011s][info][gc,stats    ] Concurrent Marking                 4048 us
[58.011s][info][gc,stats    ] Pause Final Mark (G)                233 us
[58.011s][info][gc,stats    ] Pause Final Mark (N)                175 us
[58.011s][info][gc,stats    ]   Finish Mark                        39 us
[58.011s][info][gc,stats    ]   Update Region States               31 us
[58.011s][info][gc,stats    ]   Choose Collection Set              53 us
[58.011s][info][gc,stats    ]   Rebuild Free Set                    8 us
[58.011s][info][gc,stats    ] Concurrent Weak References           75 us, parallelism: 0.11x
[58.011s][info][gc,stats    ]   CWRF: <total>                       8 us
[58.011s][info][gc,stats    ]   CWRF: Weak References               8 us, workers (us):   8, ---, ---, 
[58.011s][info][gc,stats    ] Concurrent Weak Roots              3716 us
[58.011s][info][gc,stats    ]   Roots                            3612 us, parallelism: 0.99x
[58.011s][info][gc,stats    ]     CWR: <total>                   3583 us
[58.011s][info][gc,stats    ]     CWR: Code Cache Roots           653 us, workers (us): 653, ---, ---, 
[58.011s][info][gc,stats    ]     CWR: VM Weak Roots             2922 us, workers (us): 2922, ---, ---, 
[58.011s][info][gc,stats    ]     CWR: CLDG Roots                   7 us, workers (us):   7, ---, ---, 
[58.011s][info][gc,stats    ]   Rendezvous                         53 us
[58.011s][info][gc,stats    ] Concurrent Cleanup                   65 us
[58.011s][info][gc,stats    ] Concurrent Class Unloading         3171 us
[58.011s][info][gc,stats    ]   Unlink Stale                     2930 us
[58.011s][info][gc,stats    ]     System Dictionary                 8 us
[58.011s][info][gc,stats    ]     Weak Class Links                  0 us
[58.011s][info][gc,stats    ]     Code Roots                     2920 us
[58.011s][info][gc,stats    ]   Rendezvous                         44 us
[58.011s][info][gc,stats    ]   Purge Unlinked                    132 us
[58.011s][info][gc,stats    ]     Code Roots                      129 us
[58.011s][info][gc,stats    ]     CLDG                              3 us
[58.011s][info][gc,stats    ]     Exception Caches                  0 us
[58.011s][info][gc,stats    ] Pause Final Roots (G)               108 us
[58.011s][info][gc,stats    ] Pause Final Roots (N)                34 us
[58.011s][info][gc,stats    ] 
[58.011s][info][gc,stats    ] Allocation pacing accrued:
[58.011s][info][gc,stats    ]       0 of   456 ms (  0.0%): <total>
[58.011s][info][gc,stats    ]       0 of   456 ms (  0.0%): <average total>
[58.011s][info][gc,stats    ] 
[58.011s][info][gc,metaspace] Metaspace: 14209K(14528K)->14209K(14528K) NonClass: 12303K(12480K)->12303K(12480K) Class: 1905K(2048K)->1905K(2048K)
[58.011s][info][gc,ergo     ] Pacer for Idle. Initial: 41943K, Alloc Tax Rate: 1.0x
[58.450s][info][gc          ] Trigger: Learning 5 of 5. Free (1432M) is below initial threshold (1433M)
[58.450s][info][gc,ergo     ] Free: 1432M, Max: 1024K regular, 1423M humongous, Frag: 1% external, 0% internal; Reserve: 103M, Max: 1024K
[58.450s][info][gc,start    ] GC(139) Concurrent reset
[58.450s][info][gc,task     ] GC(139) Using 1 of 3 workers for concurrent reset
[58.450s][info][gc,ergo     ] GC(139) Pacer for Reset. Non-Taxable: 2048M
[58.451s][info][gc          ] GC(139) Concurrent reset 0.251ms
[58.451s][info][gc,start    ] GC(139) Pause Init Mark (unload classes)
[58.451s][info][gc,task     ] GC(139) Using 3 of 3 workers for init marking
[58.451s][info][gc,ergo     ] GC(139) Pacer for Mark. Expected Live: 4512K, Free: 1432M, Non-Taxable: 143M, Alloc Tax Rate: 0.0x
[58.451s][info][gc          ] GC(139) Pause Init Mark (unload classes) 0.091ms
[58.451s][info][gc,start    ] GC(139) Concurrent marking roots
[58.451s][info][gc,task     ] GC(139) Using 1 of 3 workers for concurrent marking roots
[58.451s][info][gc          ] GC(139) Concurrent marking roots 0.398ms
[58.451s][info][gc,start    ] GC(139) Concurrent marking (unload classes)
[58.451s][info][gc,task     ] GC(139) Using 1 of 3 workers for concurrent marking
[58.455s][info][gc          ] GC(139) Concurrent marking (unload classes) 3.880ms
[58.455s][info][gc,start    ] GC(139) Pause Final Mark (unload classes)
[58.455s][info][gc,task     ] GC(139) Using 3 of 3 workers for final marking
[58.455s][info][gc,ergo     ] GC(139) Collectable Garbage: 474M (93%), Immediate: 474M (93%), CSet: 0B (0%)
[58.455s][info][gc          ] GC(139) Pause Final Mark (unload classes) 0.156ms
[58.455s][info][gc,start    ] GC(139) Concurrent weak references
[58.456s][info][gc,task     ] GC(139) Using 1 of 3 workers for concurrent weak references
[58.456s][info][gc,ref      ] GC(139) Encountered references: Soft: 140, Weak: 729, Final: 0, Phantom: 64
[58.456s][info][gc,ref      ] GC(139) Discovered  references: Soft: 0, Weak: 147, Final: 0, Phantom: 37
[58.456s][info][gc,ref      ] GC(139) Enqueued    references: Soft: 0, Weak: 0, Final: 0, Phantom: 0
[58.456s][info][gc          ] GC(139) Concurrent weak references 0.073ms
[58.456s][info][gc,start    ] GC(139) Concurrent weak roots
[58.456s][info][gc,task     ] GC(139) Using 1 of 3 workers for concurrent weak root
[58.460s][info][gc          ] GC(139) Concurrent weak roots 4.201ms
[58.460s][info][gc,start    ] GC(139) Concurrent cleanup
[58.460s][info][gc          ] GC(139) Concurrent cleanup 525M->50M(2048M) 0.052ms
[58.460s][info][gc,ergo     ] GC(139) Free: 1894M, Max: 1024K regular, 1419M humongous, Frag: 26% external, 0% internal; Reserve: 103M, Max: 1024K
[58.460s][info][gc,start    ] GC(139) Concurrent class unloading
[58.460s][info][gc,task     ] GC(139) Using 1 of 3 workers for concurrent class unloading
[58.463s][info][gc          ] GC(139) Concurrent class unloading 3.184ms
[58.463s][info][gc,start    ] GC(139) Pause Final Roots
[58.463s][info][gc          ] GC(139) Pause Final Roots 0.025ms
[58.463s][info][gc,ergo     ] Free: 1894M, Max: 1024K regular, 1419M humongous, Frag: 26% external, 0% internal; Reserve: 103M, Max: 1024K
[58.463s][info][gc,stats    ] 
[58.463s][info][gc,stats    ] All times are wall-clock times, except per-root-class counters, that are sum over
[58.463s][info][gc,stats    ] all workers. Dividing the <total> over the root stage time estimates parallelism.
[58.463s][info][gc,stats    ] 
[58.463s][info][gc,stats    ] Concurrent Reset                    264 us
[58.463s][info][gc,stats    ] Pause Init Mark (G)                 228 us
[58.463s][info][gc,stats    ] Pause Init Mark (N)                  99 us
[58.463s][info][gc,stats    ]   Update Region States               26 us
[58.463s][info][gc,stats    ] Concurrent Mark Roots               412 us, parallelism: 0.85x
[58.463s][info][gc,stats    ]   CMR: <total>                      352 us
[58.463s][info][gc,stats    ]   CMR: Thread Roots                 312 us, workers (us): 312, ---, ---, 
[58.463s][info][gc,stats    ]   CMR: VM Strong Roots                5 us, workers (us):   5, ---, ---, 
[58.463s][info][gc,stats    ]   CMR: CLDG Roots                    36 us, workers (us):  36, ---, ---, 
[58.463s][info][gc,stats    ] Concurrent Marking                 3928 us
[58.463s][info][gc,stats    ] Pause Final Mark (G)                211 us
[58.463s][info][gc,stats    ] Pause Final Mark (N)                165 us
[58.463s][info][gc,stats    ]   Finish Mark                        36 us
[58.463s][info][gc,stats    ]   Update Region States               29 us
[58.463s][info][gc,stats    ]   Choose Collection Set              37 us
[58.463s][info][gc,stats    ]   Rebuild Free Set                    9 us
[58.463s][info][gc,stats    ] Concurrent Weak References           81 us, parallelism: 0.09x
[58.463s][info][gc,stats    ]   CWRF: <total>                       8 us
[58.463s][info][gc,stats    ]   CWRF: Weak References               8 us, workers (us):   8, ---, ---, 
[58.463s][info][gc,stats    ] Concurrent Weak Roots              4250 us
[58.463s][info][gc,stats    ]   Roots                            4137 us, parallelism: 0.99x
[58.463s][info][gc,stats    ]     CWR: <total>                   4111 us
[58.463s][info][gc,stats    ]     CWR: Code Cache Roots           660 us, workers (us): 660, ---, ---, 
[58.463s][info][gc,stats    ]     CWR: VM Weak Roots             3444 us, workers (us): 3444, ---, ---, 
[58.463s][info][gc,stats    ]     CWR: CLDG Roots                   7 us, workers (us):   7, ---, ---, 
[58.463s][info][gc,stats    ]   Rendezvous                         48 us
[58.463s][info][gc,stats    ] Concurrent Cleanup                   61 us
[58.463s][info][gc,stats    ] Concurrent Class Unloading         3231 us
[58.464s][info][gc,stats    ]   Unlink Stale                     2987 us
[58.464s][info][gc,stats    ]     System Dictionary                 9 us
[58.464s][info][gc,stats    ]     Weak Class Links                  0 us
[58.464s][info][gc,stats    ]     Code Roots                     2976 us
[58.464s][info][gc,stats    ]   Rendezvous                         49 us
[58.464s][info][gc,stats    ]   Purge Unlinked                    130 us
[58.464s][info][gc,stats    ]     Code Roots                      127 us
[58.464s][info][gc,stats    ]     CLDG                              3 us
[58.464s][info][gc,stats    ]     Exception Caches                  0 us
[58.464s][info][gc,stats    ] Pause Final Roots (G)                86 us
[58.464s][info][gc,stats    ] Pause Final Roots (N)                36 us
[58.464s][info][gc,stats    ] 
[58.464s][info][gc,stats    ] Allocation pacing accrued:
[58.464s][info][gc,stats    ]       0 of   453 ms (  0.0%): <total>
[58.464s][info][gc,stats    ]       0 of   453 ms (  0.0%): <average total>
[58.464s][info][gc,stats    ] 
[58.464s][info][gc,metaspace] Metaspace: 14209K(14528K)->14209K(14528K) NonClass: 12303K(12480K)->12303K(12480K) Class: 1905K(2048K)->1905K(2048K)
[58.464s][info][gc,ergo     ] Pacer for Idle. Initial: 41943K, Alloc Tax Rate: 1.0x
[58.778s][info][gc          ] Trigger: Explicit GC request (System.gc())
[58.779s][info][gc,ergo     ] Free: 1626M, Max: 1024K regular, 1419M humongous, Frag: 13% external, 0% internal; Reserve: 103M, Max: 1024K
[58.779s][info][gc,start    ] GC(140) Concurrent reset
[58.779s][info][gc,task     ] GC(140) Using 1 of 3 workers for concurrent reset
[58.779s][info][gc,ergo     ] GC(140) Pacer for Reset. Non-Taxable: 2048M
[58.779s][info][gc          ] GC(140) Concurrent reset 0.382ms
[58.779s][info][gc,start    ] GC(140) Pause Init Mark (unload classes)
[58.779s][info][gc,task     ] GC(140) Using 3 of 3 workers for init marking
[58.779s][info][gc,ref      ] GC(140) Clearing All SoftReferences
[58.779s][info][gc,ergo     ] GC(140) Pacer for Mark. Expected Live: 4518K, Free: 1626M, Non-Taxable: 162M, Alloc Tax Rate: 0.0x
[58.779s][info][gc          ] GC(140) Pause Init Mark (unload classes) 0.150ms
[58.779s][info][gc,start    ] GC(140) Concurrent marking roots
[58.779s][info][gc,task     ] GC(140) Using 1 of 3 workers for concurrent marking roots
[58.780s][info][gc          ] GC(140) Concurrent marking roots 0.742ms
[58.780s][info][gc,start    ] GC(140) Concurrent marking (unload classes)
[58.780s][info][gc,task     ] GC(140) Using 1 of 3 workers for concurrent marking
[58.784s][info][gc          ] GC(140) Concurrent marking (unload classes) 4.178ms
[58.784s][info][gc,start    ] GC(140) Pause Final Mark (unload classes)
[58.784s][info][gc,task     ] GC(140) Using 3 of 3 workers for final marking
[58.785s][info][gc,ergo     ] GC(140) Collectable Garbage: 301M (96%), Immediate: 301M (96%), CSet: 0B (0%)
[58.785s][info][gc          ] GC(140) Pause Final Mark (unload classes) 0.418ms
[58.785s][info][gc,start    ] GC(140) Concurrent weak references
[58.785s][info][gc,task     ] GC(140) Using 1 of 3 workers for concurrent weak references
[58.785s][info][gc,ref      ] GC(140) Encountered references: Soft: 140, Weak: 713, Final: 0, Phantom: 64
[58.785s][info][gc,ref      ] GC(140) Discovered  references: Soft: 88, Weak: 169, Final: 0, Phantom: 62
[58.785s][info][gc,ref      ] GC(140) Enqueued    references: Soft: 3, Weak: 0, Final: 0, Phantom: 0
[58.785s][info][gc          ] GC(140) Concurrent weak references 0.266ms
[58.785s][info][gc,start    ] GC(140) Concurrent weak roots
[58.785s][info][gc,task     ] GC(140) Using 1 of 3 workers for concurrent weak root
[58.789s][info][gc          ] GC(140) Concurrent weak roots 3.871ms
[58.789s][info][gc,start    ] GC(140) Concurrent cleanup
[58.789s][info][gc          ] GC(140) Concurrent cleanup 318M->16M(2048M) 0.083ms
[58.789s][info][gc,ergo     ] GC(140) Free: 1928M, Max: 1024K regular, 1649M humongous, Frag: 15% external, 0% internal; Reserve: 103M, Max: 1024K
[58.789s][info][gc,start    ] GC(140) Concurrent class unloading
[58.789s][info][gc,task     ] GC(140) Using 1 of 3 workers for concurrent class unloading
[58.793s][info][gc          ] GC(140) Concurrent class unloading 4.081ms
[58.793s][info][gc,start    ] GC(140) Pause Final Roots
[58.793s][info][gc          ] GC(140) Pause Final Roots 0.058ms
[58.794s][info][gc,ergo     ] Free: 1928M, Max: 1024K regular, 1649M humongous, Frag: 15% external, 0% internal; Reserve: 103M, Max: 1024K
[58.794s][info][gc,stats    ] 
[58.794s][info][gc,stats    ] All times are wall-clock times, except per-root-class counters, that are sum over
[58.794s][info][gc,stats    ] all workers. Dividing the <total> over the root stage time estimates parallelism.
[58.794s][info][gc,stats    ] 
[58.794s][info][gc,stats    ] Concurrent Reset                    440 us
[58.794s][info][gc,stats    ] Pause Init Mark (G)                 260 us
[58.794s][info][gc,stats    ] Pause Init Mark (N)                 167 us
[58.794s][info][gc,stats    ]   Update Region States               47 us
[58.794s][info][gc,stats    ] Concurrent Mark Roots               762 us, parallelism: 0.83x
[58.794s][info][gc,stats    ]   CMR: <total>                      631 us
[58.794s][info][gc,stats    ]   CMR: Thread Roots                 561 us, workers (us): 561, ---, ---, 
[58.794s][info][gc,stats    ]   CMR: VM Strong Roots                6 us, workers (us):   6, ---, ---, 
[58.794s][info][gc,stats    ]   CMR: CLDG Roots                    63 us, workers (us):  63, ---, ---, 
[58.794s][info][gc,stats    ] Concurrent Marking                 4227 us
[58.794s][info][gc,stats    ] Pause Final Mark (G)                557 us
[58.794s][info][gc,stats    ] Pause Final Mark (N)                437 us
[58.794s][info][gc,stats    ]   Finish Mark                       160 us
[58.794s][info][gc,stats    ]   Update Region States              106 us
[58.794s][info][gc,stats    ]   Choose Collection Set              55 us
[58.794s][info][gc,stats    ]   Rebuild Free Set                   17 us
[58.794s][info][gc,stats    ] Concurrent Weak References          273 us, parallelism: 0.09x
[58.794s][info][gc,stats    ]   CWRF: <total>                      24 us
[58.794s][info][gc,stats    ]   CWRF: Weak References              24 us, workers (us):  24, ---, ---, 
[58.794s][info][gc,stats    ] Concurrent Weak Roots              3920 us
[58.794s][info][gc,stats    ]   Roots                            3698 us, parallelism: 0.93x
[58.794s][info][gc,stats    ]     CWR: <total>                   3443 us
[58.794s][info][gc,stats    ]     CWR: Code Cache Roots           592 us, workers (us): 592, ---, ---, 
[58.794s][info][gc,stats    ]     CWR: VM Weak Roots             2844 us, workers (us): 2844, ---, ---, 
[58.794s][info][gc,stats    ]     CWR: CLDG Roots                   7 us, workers (us):   7, ---, ---, 
[58.794s][info][gc,stats    ]   Rendezvous                        154 us
[58.794s][info][gc,stats    ] Concurrent Cleanup                  106 us
[58.794s][info][gc,stats    ] Concurrent Class Unloading         4148 us
[58.794s][info][gc,stats    ]   Unlink Stale                     3726 us
[58.794s][info][gc,stats    ]     System Dictionary                 8 us
[58.794s][info][gc,stats    ]     Weak Class Links                  0 us
[58.794s][info][gc,stats    ]     Code Roots                     3716 us
[58.794s][info][gc,stats    ]   Rendezvous                        151 us
[58.794s][info][gc,stats    ]   Purge Unlinked                    161 us
[58.794s][info][gc,stats    ]     Code Roots                      151 us
[58.794s][info][gc,stats    ]     CLDG                              9 us
[58.794s][info][gc,stats    ]     Exception Caches                  0 us
[58.794s][info][gc,stats    ] Pause Final Roots (G)               184 us
[58.794s][info][gc,stats    ] Pause Final Roots (N)                77 us
[58.794s][info][gc,stats    ] 
[58.794s][info][gc,stats    ] Allocation pacing accrued:
[58.794s][info][gc,stats    ]       0 of   331 ms (  0.0%): <total>
[58.794s][info][gc,stats    ]       0 of   331 ms (  0.0%): <average total>
[58.794s][info][gc,stats    ] 
[58.794s][info][gc,metaspace] Metaspace: 14209K(14528K)->14209K(14528K) NonClass: 12303K(12480K)->12303K(12480K) Class: 1905K(2048K)->1905K(2048K)
[58.794s][info][gc,ergo     ] Pacer for Idle. Initial: 41943K, Alloc Tax Rate: 1.0x
[59.236s][info][gc          ] Trigger: Learning 2 of 5. Free (1433M) is below initial threshold (1433M)
[59.236s][info][gc,ergo     ] Free: 1433M, Max: 1024K regular, 1433M humongous, Frag: 0% external, 0% internal; Reserve: 103M, Max: 1024K
[59.236s][info][gc,start    ] GC(141) Concurrent reset
[59.236s][info][gc,task     ] GC(141) Using 1 of 3 workers for concurrent reset
[59.236s][info][gc,ergo     ] GC(141) Pacer for Reset. Non-Taxable: 2048M
[59.236s][info][gc          ] GC(141) Concurrent reset 0.187ms
[59.236s][info][gc,start    ] GC(141) Pause Init Mark (unload classes)
[59.236s][info][gc,task     ] GC(141) Using 3 of 3 workers for init marking
[59.236s][info][gc,ergo     ] GC(141) Pacer for Mark. Expected Live: 4518K, Free: 1433M, Non-Taxable: 143M, Alloc Tax Rate: 0.0x
[59.236s][info][gc          ] GC(141) Pause Init Mark (unload classes) 0.089ms
[59.237s][info][gc,start    ] GC(141) Concurrent marking roots
[59.237s][info][gc,task     ] GC(141) Using 1 of 3 workers for concurrent marking roots
[59.237s][info][gc          ] GC(141) Concurrent marking roots 0.429ms
[59.237s][info][gc,start    ] GC(141) Concurrent marking (unload classes)
[59.237s][info][gc,task     ] GC(141) Using 1 of 3 workers for concurrent marking
[59.241s][info][gc          ] GC(141) Concurrent marking (unload classes) 3.894ms
[59.241s][info][gc,start    ] GC(141) Pause Final Mark (unload classes)
[59.241s][info][gc,task     ] GC(141) Using 3 of 3 workers for final marking
[59.241s][info][gc,ergo     ] GC(141) Collectable Garbage: 483M (95%), Immediate: 483M (95%), CSet: 0B (0%)
[59.241s][info][gc          ] GC(141) Pause Final Mark (unload classes) 0.159ms
[59.241s][info][gc,start    ] GC(141) Concurrent weak references
[59.241s][info][gc,task     ] GC(141) Using 1 of 3 workers for concurrent weak references
[59.241s][info][gc,ref      ] GC(141) Encountered references: Soft: 140, Weak: 735, Final: 0, Phantom: 64
[59.241s][info][gc,ref      ] GC(141) Discovered  references: Soft: 0, Weak: 151, Final: 0, Phantom: 37
[59.241s][info][gc,ref      ] GC(141) Enqueued    references: Soft: 0, Weak: 2, Final: 0, Phantom: 0
[59.241s][info][gc          ] GC(141) Concurrent weak references 0.067ms
[59.241s][info][gc,start    ] GC(141) Concurrent weak roots
[59.241s][info][gc,task     ] GC(141) Using 1 of 3 workers for concurrent weak root
[59.243s][info][gc          ] GC(141) Concurrent weak roots 1.815ms
[59.243s][info][gc,start    ] GC(141) Concurrent cleanup
[59.243s][info][gc          ] GC(141) Concurrent cleanup 523M->40M(2048M) 0.048ms
[59.243s][info][gc,ergo     ] GC(141) Free: 1904M, Max: 1024K regular, 1421M humongous, Frag: 26% external, 0% internal; Reserve: 103M, Max: 1024K
[59.243s][info][gc,start    ] GC(141) Concurrent class unloading
[59.243s][info][gc,task     ] GC(141) Using 1 of 3 workers for concurrent class unloading
[59.246s][info][gc          ] GC(141) Concurrent class unloading 3.105ms
[59.246s][info][gc,start    ] GC(141) Pause Final Roots
[59.246s][info][gc          ] GC(141) Pause Final Roots 0.038ms
[59.246s][info][gc,ergo     ] Free: 1904M, Max: 1024K regular, 1421M humongous, Frag: 26% external, 0% internal; Reserve: 103M, Max: 1024K
[59.246s][info][gc,stats    ] 
[59.246s][info][gc,stats    ] All times are wall-clock times, except per-root-class counters, that are sum over
[59.246s][info][gc,stats    ] all workers. Dividing the <total> over the root stage time estimates parallelism.
[59.246s][info][gc,stats    ] 
[59.247s][info][gc,stats    ] Concurrent Reset                    206 us
[59.247s][info][gc,stats    ] Pause Init Mark (G)                 186 us
[59.247s][info][gc,stats    ] Pause Init Mark (N)                 103 us
[59.247s][info][gc,stats    ]   Update Region States               23 us
[59.247s][info][gc,stats    ] Concurrent Mark Roots               442 us, parallelism: 0.84x
[59.247s][info][gc,stats    ]   CMR: <total>                      373 us
[59.247s][info][gc,stats    ]   CMR: Thread Roots                 330 us, workers (us): 330, ---, ---, 
[59.247s][info][gc,stats    ]   CMR: VM Strong Roots                5 us, workers (us):   5, ---, ---, 
[59.247s][info][gc,stats    ]   CMR: CLDG Roots                    39 us, workers (us):  39, ---, ---, 
[59.247s][info][gc,stats    ] Concurrent Marking                 3946 us
[59.247s][info][gc,stats    ] Pause Final Mark (G)                239 us
[59.247s][info][gc,stats    ] Pause Final Mark (N)                168 us
[59.247s][info][gc,stats    ]   Finish Mark                        38 us
[59.247s][info][gc,stats    ]   Update Region States               27 us
[59.247s][info][gc,stats    ]   Choose Collection Set              35 us
[59.247s][info][gc,stats    ]   Rebuild Free Set                    8 us
[59.247s][info][gc,stats    ] Concurrent Weak References           75 us, parallelism: 0.10x
[59.247s][info][gc,stats    ]   CWRF: <total>                       7 us
[59.247s][info][gc,stats    ]   CWRF: Weak References               7 us, workers (us):   7, ---, ---, 
[59.247s][info][gc,stats    ] Concurrent Weak Roots              1838 us
[59.247s][info][gc,stats    ]   Roots                            1751 us, parallelism: 0.99x
[59.247s][info][gc,stats    ]     CWR: <total>                   1726 us
[59.247s][info][gc,stats    ]     CWR: Code Cache Roots           656 us, workers (us): 656, ---, ---, 
[59.247s][info][gc,stats    ]     CWR: VM Weak Roots             1061 us, workers (us): 1061, ---, ---, 
[59.247s][info][gc,stats    ]     CWR: CLDG Roots                   9 us, workers (us):   9, ---, ---, 
[59.247s][info][gc,stats    ]   Rendezvous                         49 us
[59.247s][info][gc,stats    ] Concurrent Cleanup                   57 us
[59.247s][info][gc,stats    ] Concurrent Class Unloading         3160 us
[59.247s][info][gc,stats    ]   Unlink Stale                     2917 us
[59.247s][info][gc,stats    ]     System Dictionary                 7 us
[59.247s][info][gc,stats    ]     Weak Class Links                  0 us
[59.247s][info][gc,stats    ]     Code Roots                     2908 us
[59.247s][info][gc,stats    ]   Rendezvous                         42 us
[59.247s][info][gc,stats    ]   Purge Unlinked                    129 us
[59.247s][info][gc,stats    ]     Code Roots                      126 us
[59.247s][info][gc,stats    ]     CLDG                              3 us
[59.247s][info][gc,stats    ]     Exception Caches                  0 us
[59.247s][info][gc,stats    ] Pause Final Roots (G)                93 us
[59.247s][info][gc,stats    ] Pause Final Roots (N)                47 us
[59.247s][info][gc,stats    ] 
[59.247s][info][gc,stats    ] Allocation pacing accrued:
[59.247s][info][gc,stats    ]       0 of   453 ms (  0.0%): <total>
[59.247s][info][gc,stats    ]       0 of   453 ms (  0.0%): <average total>
[59.247s][info][gc,stats    ] 
[59.247s][info][gc,metaspace] Metaspace: 14209K(14528K)->14209K(14528K) NonClass: 12303K(12480K)->12303K(12480K) Class: 1905K(2048K)->1905K(2048K)
[59.247s][info][gc,ergo     ] Pacer for Idle. Initial: 41943K, Alloc Tax Rate: 1.0x
[59.661s][info][gc          ] Trigger: Learning 3 of 5. Free (1433M) is below initial threshold (1433M)
[59.661s][info][gc,ergo     ] Free: 1433M, Max: 1024K regular, 1421M humongous, Frag: 1% external, 0% internal; Reserve: 103M, Max: 1024K
[59.662s][info][gc,start    ] GC(142) Concurrent reset
[59.662s][info][gc,task     ] GC(142) Using 1 of 3 workers for concurrent reset
[59.662s][info][gc,ergo     ] GC(142) Pacer for Reset. Non-Taxable: 2048M
[59.662s][info][gc          ] GC(142) Concurrent reset 0.225ms
[59.662s][info][gc,start    ] GC(142) Pause Init Mark (unload classes)
[59.662s][info][gc,task     ] GC(142) Using 3 of 3 workers for init marking
[59.662s][info][gc,ergo     ] GC(142) Pacer for Mark. Expected Live: 4519K, Free: 1433M, Non-Taxable: 143M, Alloc Tax Rate: 0.0x
[59.662s][info][gc          ] GC(142) Pause Init Mark (unload classes) 0.099ms
[59.662s][info][gc,start    ] GC(142) Concurrent marking roots
[59.662s][info][gc,task     ] GC(142) Using 1 of 3 workers for concurrent marking roots
[59.662s][info][gc          ] GC(142) Concurrent marking roots 0.403ms
[59.662s][info][gc,start    ] GC(142) Concurrent marking (unload classes)
[59.662s][info][gc,task     ] GC(142) Using 1 of 3 workers for concurrent marking
[59.666s][info][gc          ] GC(142) Concurrent marking (unload classes) 3.847ms
[59.666s][info][gc,start    ] GC(142) Pause Final Mark (unload classes)
[59.666s][info][gc,task     ] GC(142) Using 3 of 3 workers for final marking
[59.666s][info][gc,ergo     ] GC(142) Collectable Garbage: 481M (94%), Immediate: 481M (94%), CSet: 0B (0%)
[59.666s][info][gc          ] GC(142) Pause Final Mark (unload classes) 0.137ms
[59.667s][info][gc,start    ] GC(142) Concurrent weak references
[59.667s][info][gc,task     ] GC(142) Using 1 of 3 workers for concurrent weak references
[59.667s][info][gc,ref      ] GC(142) Encountered references: Soft: 140, Weak: 733, Final: 0, Phantom: 64
[59.667s][info][gc,ref      ] GC(142) Discovered  references: Soft: 0, Weak: 149, Final: 0, Phantom: 37
[59.667s][info][gc,ref      ] GC(142) Enqueued    references: Soft: 0, Weak: 0, Final: 0, Phantom: 0
[59.667s][info][gc          ] GC(142) Concurrent weak references 0.072ms
[59.667s][info][gc,start    ] GC(142) Concurrent weak roots
[59.667s][info][gc,task     ] GC(142) Using 1 of 3 workers for concurrent weak root
[59.670s][info][gc          ] GC(142) Concurrent weak roots 3.226ms
[59.670s][info][gc,start    ] GC(142) Concurrent cleanup
[59.670s][info][gc          ] GC(142) Concurrent cleanup 523M->42M(2048M) 0.054ms
[59.670s][info][gc,ergo     ] GC(142) Free: 1902M, Max: 1024K regular, 1439M humongous, Frag: 25% external, 0% internal; Reserve: 103M, Max: 1024K
[59.670s][info][gc,start    ] GC(142) Concurrent class unloading
[59.670s][info][gc,task     ] GC(142) Using 1 of 3 workers for concurrent class unloading
[59.673s][info][gc          ] GC(142) Concurrent class unloading 3.222ms
[59.673s][info][gc,start    ] GC(142) Pause Final Roots
[59.673s][info][gc          ] GC(142) Pause Final Roots 0.040ms
[59.673s][info][gc,ergo     ] Free: 1900M, Max: 1024K regular, 1439M humongous, Frag: 25% external, 0% internal; Reserve: 103M, Max: 1024K
[59.673s][info][gc,stats    ] 
[59.673s][info][gc,stats    ] All times are wall-clock times, except per-root-class counters, that are sum over
[59.673s][info][gc,stats    ] all workers. Dividing the <total> over the root stage time estimates parallelism.
[59.673s][info][gc,stats    ] 
[59.673s][info][gc,stats    ] Concurrent Reset                    245 us
[59.673s][info][gc,stats    ] Pause Init Mark (G)                 242 us
[59.673s][info][gc,stats    ] Pause Init Mark (N)                 108 us
[59.673s][info][gc,stats    ]   Update Region States               25 us
[59.673s][info][gc,stats    ] Concurrent Mark Roots               416 us, parallelism: 0.85x
[59.673s][info][gc,stats    ]   CMR: <total>                      355 us
[59.673s][info][gc,stats    ]   CMR: Thread Roots                 313 us, workers (us): 313, ---, ---, 
[59.673s][info][gc,stats    ]   CMR: VM Strong Roots                5 us, workers (us):   5, ---, ---, 
[59.673s][info][gc,stats    ]   CMR: CLDG Roots                    38 us, workers (us):  38, ---, ---, 
[59.673s][info][gc,stats    ] Concurrent Marking                 3894 us
[59.673s][info][gc,stats    ] Pause Final Mark (G)                190 us
[59.673s][info][gc,stats    ] Pause Final Mark (N)                146 us
[59.673s][info][gc,stats    ]   Finish Mark                        34 us
[59.674s][info][gc,stats    ]   Update Region States               27 us
[59.674s][info][gc,stats    ]   Choose Collection Set              26 us
[59.674s][info][gc,stats    ]   Rebuild Free Set                    7 us
[59.674s][info][gc,stats    ] Concurrent Weak References           79 us, parallelism: 0.11x
[59.674s][info][gc,stats    ]   CWRF: <total>                       8 us
[59.674s][info][gc,stats    ]   CWRF: Weak References               8 us, workers (us):   8, ---, ---, 
[59.674s][info][gc,stats    ] Concurrent Weak Roots              3271 us
[59.674s][info][gc,stats    ]   Roots                            3144 us, parallelism: 0.99x
[59.674s][info][gc,stats    ]     CWR: <total>                   3116 us
[59.674s][info][gc,stats    ]     CWR: Code Cache Roots           663 us, workers (us): 663, ---, ---, 
[59.674s][info][gc,stats    ]     CWR: VM Weak Roots             2446 us, workers (us): 2446, ---, ---, 
[59.674s][info][gc,stats    ]     CWR: CLDG Roots                   7 us, workers (us):   7, ---, ---, 
[59.674s][info][gc,stats    ]   Rendezvous                         65 us
[59.674s][info][gc,stats    ] Concurrent Cleanup                   63 us
[59.674s][info][gc,stats    ] Concurrent Class Unloading         3272 us
[59.674s][info][gc,stats    ]   Unlink Stale                     3013 us
[59.674s][info][gc,stats    ]     System Dictionary                 8 us
[59.674s][info][gc,stats    ]     Weak Class Links                  0 us
[59.674s][info][gc,stats    ]     Code Roots                     3003 us
[59.674s][info][gc,stats    ]   Rendezvous                         47 us
[59.674s][info][gc,stats    ]   Purge Unlinked                    143 us
[59.674s][info][gc,stats    ]     Code Roots                      139 us
[59.674s][info][gc,stats    ]     CLDG                              4 us
[59.674s][info][gc,stats    ]     Exception Caches                  0 us
[59.674s][info][gc,stats    ] Pause Final Roots (G)               115 us
[59.674s][info][gc,stats    ] Pause Final Roots (N)                49 us
[59.674s][info][gc,stats    ] 
[59.674s][info][gc,stats    ] Allocation pacing accrued:
[59.674s][info][gc,stats    ]       0 of   427 ms (  0.0%): <total>
[59.674s][info][gc,stats    ]       0 of   427 ms (  0.0%): <average total>
[59.674s][info][gc,stats    ] 
[59.674s][info][gc,metaspace] Metaspace: 14209K(14528K)->14209K(14528K) NonClass: 12303K(12480K)->12303K(12480K) Class: 1905K(2048K)->1905K(2048K)
[59.674s][info][gc,ergo     ] Pacer for Idle. Initial: 41943K, Alloc Tax Rate: 1.0x
[60.087s][info][gc          ] Trigger: Learning 4 of 5. Free (1432M) is below initial threshold (1433M)
[60.087s][info][gc,ergo     ] Free: 1432M, Max: 1024K regular, 1432M humongous, Frag: 0% external, 0% internal; Reserve: 103M, Max: 1024K
[60.087s][info][gc,start    ] GC(143) Concurrent reset
[60.087s][info][gc,task     ] GC(143) Using 1 of 3 workers for concurrent reset
[60.087s][info][gc,ergo     ] GC(143) Pacer for Reset. Non-Taxable: 2048M
[60.087s][info][gc          ] GC(143) Concurrent reset 0.216ms
[60.087s][info][gc,start    ] GC(143) Pause Init Mark (unload classes)
[60.087s][info][gc,task     ] GC(143) Using 3 of 3 workers for init marking
[60.087s][info][gc,ergo     ] GC(143) Pacer for Mark. Expected Live: 4519K, Free: 1432M, Non-Taxable: 143M, Alloc Tax Rate: 0.0x
[60.087s][info][gc          ] GC(143) Pause Init Mark (unload classes) 0.071ms
[60.087s][info][gc,start    ] GC(143) Concurrent marking roots
[60.087s][info][gc,task     ] GC(143) Using 1 of 3 workers for concurrent marking roots
[60.088s][info][gc          ] GC(143) Concurrent marking roots 0.400ms
[60.088s][info][gc,start    ] GC(143) Concurrent marking (unload classes)
[60.088s][info][gc,task     ] GC(143) Using 1 of 3 workers for concurrent marking
[60.092s][info][gc          ] GC(143) Concurrent marking (unload classes) 3.941ms
[60.092s][info][gc,start    ] GC(143) Pause Final Mark (unload classes)
[60.092s][info][gc,task     ] GC(143) Using 3 of 3 workers for final marking
[60.092s][info][gc,ergo     ] GC(143) Collectable Garbage: 479M (94%), Immediate: 479M (94%), CSet: 0B (0%)
[60.092s][info][gc          ] GC(143) Pause Final Mark (unload classes) 0.148ms
[60.092s][info][gc,start    ] GC(143) Concurrent weak references
[60.092s][info][gc,task     ] GC(143) Using 1 of 3 workers for concurrent weak references
[60.092s][info][gc,ref      ] GC(143) Encountered references: Soft: 140, Weak: 733, Final: 0, Phantom: 64
[60.092s][info][gc,ref      ] GC(143) Discovered  references: Soft: 0, Weak: 149, Final: 0, Phantom: 37
[60.092s][info][gc,ref      ] GC(143) Enqueued    references: Soft: 0, Weak: 0, Final: 0, Phantom: 0
[60.092s][info][gc          ] GC(143) Concurrent weak references 0.061ms
[60.092s][info][gc,start    ] GC(143) Concurrent weak roots
[60.092s][info][gc,task     ] GC(143) Using 1 of 3 workers for concurrent weak root
[60.096s][info][gc          ] GC(143) Concurrent weak roots 3.683ms
[60.096s][info][gc,start    ] GC(143) Concurrent cleanup
[60.096s][info][gc          ] GC(143) Concurrent cleanup 524M->45M(2048M) 0.052ms
[60.096s][info][gc,ergo     ] GC(143) Free: 1899M, Max: 1024K regular, 1420M humongous, Frag: 26% external, 0% internal; Reserve: 103M, Max: 1024K
[60.096s][info][gc,start    ] GC(143) Concurrent class unloading
[60.096s][info][gc,task     ] GC(143) Using 1 of 3 workers for concurrent class unloading
[60.099s][info][gc          ] GC(143) Concurrent class unloading 3.190ms
[60.099s][info][gc,start    ] GC(143) Pause Final Roots
[60.099s][info][gc          ] GC(143) Pause Final Roots 0.040ms
[60.099s][info][gc,ergo     ] Free: 1897M, Max: 1024K regular, 1420M humongous, Frag: 26% external, 0% internal; Reserve: 103M, Max: 1024K
[60.099s][info][gc,stats    ] 
[60.099s][info][gc,stats    ] All times are wall-clock times, except per-root-class counters, that are sum over
[60.099s][info][gc,stats    ] all workers. Dividing the <total> over the root stage time estimates parallelism.
[60.099s][info][gc,stats    ] 
[60.099s][info][gc,stats    ] Concurrent Reset                    257 us
[60.099s][info][gc,stats    ] Pause Init Mark (G)                 197 us
[60.099s][info][gc,stats    ] Pause Init Mark (N)                  79 us
[60.099s][info][gc,stats    ]   Update Region States               25 us
[60.099s][info][gc,stats    ] Concurrent Mark Roots               413 us, parallelism: 0.85x
[60.099s][info][gc,stats    ]   CMR: <total>                      350 us
[60.099s][info][gc,stats    ]   CMR: Thread Roots                 307 us, workers (us): 307, ---, ---, 
[60.099s][info][gc,stats    ]   CMR: VM Strong Roots                5 us, workers (us):   5, ---, ---, 
[60.099s][info][gc,stats    ]   CMR: CLDG Roots                    37 us, workers (us):  37, ---, ---, 
[60.099s][info][gc,stats    ] Concurrent Marking                 3988 us
[60.099s][info][gc,stats    ] Pause Final Mark (G)                219 us
[60.099s][info][gc,stats    ] Pause Final Mark (N)                158 us
[60.099s][info][gc,stats    ]   Finish Mark                        28 us
[60.099s][info][gc,stats    ]   Update Region States               32 us
[60.099s][info][gc,stats    ]   Choose Collection Set              46 us
[60.099s][info][gc,stats    ]   Rebuild Free Set                    8 us
[60.099s][info][gc,stats    ] Concurrent Weak References           68 us, parallelism: 0.12x
[60.099s][info][gc,stats    ]   CWRF: <total>                       8 us
[60.099s][info][gc,stats    ]   CWRF: Weak References               8 us, workers (us):   8, ---, ---, 
[60.099s][info][gc,stats    ] Concurrent Weak Roots              3720 us
[60.099s][info][gc,stats    ]   Roots                            3564 us, parallelism: 0.99x
[60.099s][info][gc,stats    ]     CWR: <total>                   3537 us
[60.099s][info][gc,stats    ]     CWR: Code Cache Roots           661 us, workers (us): 661, ---, ---, 
[60.099s][info][gc,stats    ]     CWR: VM Weak Roots             2867 us, workers (us): 2867, ---, ---, 
[60.099s][info][gc,stats    ]     CWR: CLDG Roots                   9 us, workers (us):   9, ---, ---, 
[60.099s][info][gc,stats    ]   Rendezvous                        105 us
[60.099s][info][gc,stats    ] Concurrent Cleanup                   61 us
[60.099s][info][gc,stats    ] Concurrent Class Unloading         3239 us
[60.099s][info][gc,stats    ]   Unlink Stale                     2982 us
[60.099s][info][gc,stats    ]     System Dictionary                 9 us
[60.099s][info][gc,stats    ]     Weak Class Links                  0 us
[60.099s][info][gc,stats    ]     Code Roots                     2970 us
[60.099s][info][gc,stats    ]   Rendezvous                         47 us
[60.099s][info][gc,stats    ]   Purge Unlinked                    137 us
[60.099s][info][gc,stats    ]     Code Roots                      133 us
[60.099s][info][gc,stats    ]     CLDG                              3 us
[60.099s][info][gc,stats    ]     Exception Caches                  0 us
[60.099s][info][gc,stats    ] Pause Final Roots (G)               105 us
[60.099s][info][gc,stats    ] Pause Final Roots (N)                50 us
[60.099s][info][gc,stats    ] 
[60.100s][info][gc,stats    ] Allocation pacing accrued:
[60.100s][info][gc,stats    ]       0 of   426 ms (  0.0%): <total>
[60.100s][info][gc,stats    ]       0 of   426 ms (  0.0%): <average total>
[60.100s][info][gc,stats    ] 
[60.100s][info][gc,metaspace] Metaspace: 14209K(14528K)->14209K(14528K) NonClass: 12303K(12480K)->12303K(12480K) Class: 1905K(2048K)->1905K(2048K)
[60.100s][info][gc,ergo     ] Pacer for Idle. Initial: 41943K, Alloc Tax Rate: 1.0x
[60.515s][info][gc          ] Trigger: Learning 5 of 5. Free (1431M) is below initial threshold (1433M)
[60.515s][info][gc,ergo     ] Free: 1431M, Max: 1024K regular, 1420M humongous, Frag: 1% external, 0% internal; Reserve: 103M, Max: 1024K
[60.515s][info][gc,start    ] GC(144) Concurrent reset
[60.515s][info][gc,task     ] GC(144) Using 1 of 3 workers for concurrent reset
[60.515s][info][gc,ergo     ] GC(144) Pacer for Reset. Non-Taxable: 2048M
[60.516s][info][gc          ] GC(144) Concurrent reset 0.215ms
[60.516s][info][gc,start    ] GC(144) Pause Init Mark (unload classes)
[60.516s][info][gc,task     ] GC(144) Using 3 of 3 workers for init marking
[60.516s][info][gc,ergo     ] GC(144) Pacer for Mark. Expected Live: 4518K, Free: 1431M, Non-Taxable: 143M, Alloc Tax Rate: 0.0x
[60.516s][info][gc          ] GC(144) Pause Init Mark (unload classes) 0.065ms
[60.516s][info][gc,start    ] GC(144) Concurrent marking roots
[60.516s][info][gc,task     ] GC(144) Using 1 of 3 workers for concurrent marking roots
[60.516s][info][gc          ] GC(144) Concurrent marking roots 0.463ms
[60.516s][info][gc,start    ] GC(144) Concurrent marking (unload classes)
[60.516s][info][gc,task     ] GC(144) Using 1 of 3 workers for concurrent marking
[60.520s][info][gc          ] GC(144) Concurrent marking (unload classes) 3.978ms
[60.520s][info][gc,start    ] GC(144) Pause Final Mark (unload classes)
[60.520s][info][gc,task     ] GC(144) Using 3 of 3 workers for final marking
[60.520s][info][gc,ergo     ] GC(144) Collectable Garbage: 479M (94%), Immediate: 479M (94%), CSet: 0B (0%)
[60.520s][info][gc          ] GC(144) Pause Final Mark (unload classes) 0.135ms
[60.520s][info][gc,start    ] GC(144) Concurrent weak references
[60.520s][info][gc,task     ] GC(144) Using 1 of 3 workers for concurrent weak references
[60.521s][info][gc,ref      ] GC(144) Encountered references: Soft: 140, Weak: 731, Final: 0, Phantom: 64
[60.521s][info][gc,ref      ] GC(144) Discovered  references: Soft: 0, Weak: 149, Final: 0, Phantom: 37
[60.521s][info][gc,ref      ] GC(144) Enqueued    references: Soft: 0, Weak: 0, Final: 0, Phantom: 0
[60.521s][info][gc          ] GC(144) Concurrent weak references 0.070ms
[60.521s][info][gc,start    ] GC(144) Concurrent weak roots
[60.521s][info][gc,task     ] GC(144) Using 1 of 3 workers for concurrent weak root
[60.525s][info][gc          ] GC(144) Concurrent weak roots 4.092ms
[60.525s][info][gc,start    ] GC(144) Concurrent cleanup
[60.525s][info][gc          ] GC(144) Concurrent cleanup 524M->44M(2048M) 0.051ms
[60.525s][info][gc,ergo     ] GC(144) Free: 1900M, Max: 1024K regular, 1438M humongous, Frag: 25% external, 0% internal; Reserve: 103M, Max: 1024K
[60.525s][info][gc,start    ] GC(144) Concurrent class unloading
[60.525s][info][gc,task     ] GC(144) Using 1 of 3 workers for concurrent class unloading
[60.528s][info][gc          ] GC(144) Concurrent class unloading 3.182ms
[60.528s][info][gc,start    ] GC(144) Pause Final Roots
[60.528s][info][gc          ] GC(144) Pause Final Roots 0.040ms
[60.528s][info][gc,ergo     ] Free: 1895M, Max: 1024K regular, 1438M humongous, Frag: 25% external, 0% internal; Reserve: 103M, Max: 1024K
[60.528s][info][gc,stats    ] 
[60.528s][info][gc,stats    ] All times are wall-clock times, except per-root-class counters, that are sum over
[60.528s][info][gc,stats    ] all workers. Dividing the <total> over the root stage time estimates parallelism.
[60.528s][info][gc,stats    ] 
[60.528s][info][gc,stats    ] Concurrent Reset                    235 us
[60.528s][info][gc,stats    ] Pause Init Mark (G)                 146 us
[60.528s][info][gc,stats    ] Pause Init Mark (N)                  73 us
[60.528s][info][gc,stats    ]   Update Region States               22 us
[60.528s][info][gc,stats    ] Concurrent Mark Roots               477 us, parallelism: 0.80x
[60.528s][info][gc,stats    ]   CMR: <total>                      382 us
[60.528s][info][gc,stats    ]   CMR: Thread Roots                 335 us, workers (us): 335, ---, ---, 
[60.528s][info][gc,stats    ]   CMR: VM Strong Roots                5 us, workers (us):   5, ---, ---, 
[60.528s][info][gc,stats    ]   CMR: CLDG Roots                    42 us, workers (us):  42, ---, ---, 
[60.528s][info][gc,stats    ] Concurrent Marking                 4029 us
[60.528s][info][gc,stats    ] Pause Final Mark (G)                195 us
[60.528s][info][gc,stats    ] Pause Final Mark (N)                144 us
[60.528s][info][gc,stats    ]   Finish Mark                        40 us
[60.528s][info][gc,stats    ]   Update Region States               28 us
[60.528s][info][gc,stats    ]   Choose Collection Set              24 us
[60.528s][info][gc,stats    ]   Rebuild Free Set                    7 us
[60.528s][info][gc,stats    ] Concurrent Weak References           78 us, parallelism: 0.08x
[60.528s][info][gc,stats    ]   CWRF: <total>                       6 us
[60.528s][info][gc,stats    ]   CWRF: Weak References               6 us, workers (us):   6, ---, ---, 
[60.528s][info][gc,stats    ] Concurrent Weak Roots              4147 us
[60.528s][info][gc,stats    ]   Roots                            4037 us, parallelism: 0.99x
[60.528s][info][gc,stats    ]     CWR: <total>                   4007 us
[60.528s][info][gc,stats    ]     CWR: Code Cache Roots           659 us, workers (us): 659, ---, ---, 
[60.528s][info][gc,stats    ]     CWR: VM Weak Roots             3341 us, workers (us): 3341, ---, ---, 
[60.528s][info][gc,stats    ]     CWR: CLDG Roots                   7 us, workers (us):   7, ---, ---, 
[60.528s][info][gc,stats    ]   Rendezvous                         36 us
[60.528s][info][gc,stats    ] Concurrent Cleanup                   60 us
[60.528s][info][gc,stats    ] Concurrent Class Unloading         3229 us
[60.528s][info][gc,stats    ]   Unlink Stale                     2965 us
[60.528s][info][gc,stats    ]     System Dictionary                 7 us
[60.528s][info][gc,stats    ]     Weak Class Links                  0 us
[60.528s][info][gc,stats    ]     Code Roots                     2955 us
[60.528s][info][gc,stats    ]   Rendezvous                         47 us
[60.528s][info][gc,stats    ]   Purge Unlinked                    152 us
[60.528s][info][gc,stats    ]     Code Roots                      149 us
[60.528s][info][gc,stats    ]     CLDG                              2 us
[60.528s][info][gc,stats    ]     Exception Caches                  0 us
[60.528s][info][gc,stats    ] Pause Final Roots (G)               105 us
[60.528s][info][gc,stats    ] Pause Final Roots (N)                48 us
[60.528s][info][gc,stats    ] 
[60.528s][info][gc,stats    ] Allocation pacing accrued:
[60.528s][info][gc,stats    ]       0 of   429 ms (  0.0%): <total>
[60.528s][info][gc,stats    ]       0 of   429 ms (  0.0%): <average total>
[60.528s][info][gc,stats    ] 
[60.529s][info][gc,metaspace] Metaspace: 14209K(14528K)->14209K(14528K) NonClass: 12303K(12480K)->12303K(12480K) Class: 1905K(2048K)->1905K(2048K)
[60.529s][info][gc,ergo     ] Pacer for Idle. Initial: 41943K, Alloc Tax Rate: 1.0x
[60.722s][info][gc          ] Trigger: Explicit GC request (System.gc())
[60.722s][info][gc,ergo     ] Free: 1757M, Max: 1024K regular, 1438M humongous, Frag: 19% external, 0% internal; Reserve: 103M, Max: 1024K
[60.722s][info][gc,start    ] GC(145) Concurrent reset
[60.722s][info][gc,task     ] GC(145) Using 1 of 3 workers for concurrent reset
[60.722s][info][gc,ergo     ] GC(145) Pacer for Reset. Non-Taxable: 2048M
[60.723s][info][gc          ] GC(145) Concurrent reset 0.420ms
[60.723s][info][gc,start    ] GC(145) Pause Init Mark (unload classes)
[60.723s][info][gc,task     ] GC(145) Using 3 of 3 workers for init marking
[60.723s][info][gc,ref      ] GC(145) Clearing All SoftReferences
[60.723s][info][gc,ergo     ] GC(145) Pacer for Mark. Expected Live: 4512K, Free: 1757M, Non-Taxable: 175M, Alloc Tax Rate: 0.0x
[60.723s][info][gc          ] GC(145) Pause Init Mark (unload classes) 0.296ms
[60.723s][info][gc,start    ] GC(145) Concurrent marking roots
[60.723s][info][gc,task     ] GC(145) Using 1 of 3 workers for concurrent marking roots
[60.724s][info][gc          ] GC(145) Concurrent marking roots 0.707ms
[60.724s][info][gc,start    ] GC(145) Concurrent marking (unload classes)
[60.724s][info][gc,task     ] GC(145) Using 1 of 3 workers for concurrent marking
[60.728s][info][gc          ] GC(145) Concurrent marking (unload classes) 4.043ms
[60.728s][info][gc,start    ] GC(145) Pause Final Mark (unload classes)
[60.728s][info][gc,task     ] GC(145) Using 3 of 3 workers for final marking
[60.728s][info][gc,ergo     ] GC(145) Collectable Garbage: 168M (92%), Immediate: 168M (92%), CSet: 0B (0%)
[60.728s][info][gc          ] GC(145) Pause Final Mark (unload classes) 0.401ms
[60.728s][info][gc,start    ] GC(145) Concurrent weak references
[60.728s][info][gc,task     ] GC(145) Using 1 of 3 workers for concurrent weak references
[60.728s][info][gc,ref      ] GC(145) Encountered references: Soft: 140, Weak: 717, Final: 0, Phantom: 64
[60.728s][info][gc,ref      ] GC(145) Discovered  references: Soft: 88, Weak: 171, Final: 0, Phantom: 62
[60.728s][info][gc,ref      ] GC(145) Enqueued    references: Soft: 3, Weak: 0, Final: 0, Phantom: 0
[60.728s][info][gc          ] GC(145) Concurrent weak references 0.153ms
[60.729s][info][gc,start    ] GC(145) Concurrent weak roots
[60.729s][info][gc,task     ] GC(145) Using 1 of 3 workers for concurrent weak root
[60.732s][info][gc          ] GC(145) Concurrent weak roots 3.329ms
[60.732s][info][gc,start    ] GC(145) Concurrent cleanup
[60.732s][info][gc          ] GC(145) Concurrent cleanup 187M->18M(2048M) 0.066ms
[60.732s][info][gc,ergo     ] GC(145) Free: 1926M, Max: 1024K regular, 1652M humongous, Frag: 15% external, 0% internal; Reserve: 103M, Max: 1024K
[60.732s][info][gc,start    ] GC(145) Concurrent class unloading
[60.732s][info][gc,task     ] GC(145) Using 1 of 3 workers for concurrent class unloading
[60.736s][info][gc          ] GC(145) Concurrent class unloading 3.673ms
[60.736s][info][gc,start    ] GC(145) Pause Final Roots
[60.736s][info][gc          ] GC(145) Pause Final Roots 0.058ms
[60.736s][info][gc,ergo     ] Free: 1926M, Max: 1024K regular, 1652M humongous, Frag: 15% external, 0% internal; Reserve: 103M, Max: 1024K
[60.736s][info][gc,stats    ] 
[60.736s][info][gc,stats    ] All times are wall-clock times, except per-root-class counters, that are sum over
[60.736s][info][gc,stats    ] all workers. Dividing the <total> over the root stage time estimates parallelism.
[60.736s][info][gc,stats    ] 
[60.736s][info][gc,stats    ] Concurrent Reset                    475 us
[60.736s][info][gc,stats    ] Pause Init Mark (G)                 417 us
[60.736s][info][gc,stats    ] Pause Init Mark (N)                 320 us
[60.736s][info][gc,stats    ]   Update Region States               97 us
[60.736s][info][gc,stats    ] Concurrent Mark Roots               724 us, parallelism: 0.87x
[60.736s][info][gc,stats    ]   CMR: <total>                      627 us
[60.736s][info][gc,stats    ]   CMR: Thread Roots                 559 us, workers (us): 559, ---, ---, 
[60.736s][info][gc,stats    ]   CMR: VM Strong Roots                6 us, workers (us):   6, ---, ---, 
[60.736s][info][gc,stats    ]   CMR: CLDG Roots                    62 us, workers (us):  62, ---, ---, 
[60.736s][info][gc,stats    ] Concurrent Marking                 4104 us
[60.736s][info][gc,stats    ] Pause Final Mark (G)                535 us
[60.736s][info][gc,stats    ] Pause Final Mark (N)                427 us
[60.736s][info][gc,stats    ]   Finish Mark                       138 us
[60.736s][info][gc,stats    ]   Update Region States               76 us
[60.736s][info][gc,stats    ]   Choose Collection Set              75 us
[60.736s][info][gc,stats    ]   Rebuild Free Set                   25 us
[60.736s][info][gc,stats    ] Concurrent Weak References          170 us, parallelism: 0.04x
[60.736s][info][gc,stats    ]   CWRF: <total>                       8 us
[60.736s][info][gc,stats    ]   CWRF: Weak References               8 us, workers (us):   8, ---, ---, 
[60.736s][info][gc,stats    ] Concurrent Weak Roots              3378 us
[60.736s][info][gc,stats    ]   Roots                            3132 us, parallelism: 0.91x
[60.736s][info][gc,stats    ]     CWR: <total>                   2851 us
[60.736s][info][gc,stats    ]     CWR: Code Cache Roots           598 us, workers (us): 598, ---, ---, 
[60.736s][info][gc,stats    ]     CWR: VM Weak Roots             2246 us, workers (us): 2246, ---, ---, 
[60.736s][info][gc,stats    ]     CWR: CLDG Roots                   7 us, workers (us):   7, ---, ---, 
[60.736s][info][gc,stats    ]   Rendezvous                        162 us
[60.736s][info][gc,stats    ] Concurrent Cleanup                   89 us
[60.737s][info][gc,stats    ] Concurrent Class Unloading         3735 us
[60.737s][info][gc,stats    ]   Unlink Stale                     3376 us
[60.737s][info][gc,stats    ]     System Dictionary                 8 us
[60.737s][info][gc,stats    ]     Weak Class Links                  0 us
[60.737s][info][gc,stats    ]     Code Roots                     3366 us
[60.737s][info][gc,stats    ]   Rendezvous                        106 us
[60.737s][info][gc,stats    ]   Purge Unlinked                    148 us
[60.737s][info][gc,stats    ]     Code Roots                      139 us
[60.737s][info][gc,stats    ]     CLDG                              8 us
[60.737s][info][gc,stats    ]     Exception Caches                  0 us
[60.737s][info][gc,stats    ] Pause Final Roots (G)               179 us
[60.737s][info][gc,stats    ] Pause Final Roots (N)                76 us
[60.737s][info][gc,stats    ] 
[60.737s][info][gc,stats    ] Allocation pacing accrued:
[60.737s][info][gc,stats    ]       0 of   208 ms (  0.0%): <total>
[60.737s][info][gc,stats    ]       0 of   208 ms (  0.0%): <average total>
[60.737s][info][gc,stats    ] 
[60.737s][info][gc,metaspace] Metaspace: 14209K(14528K)->14209K(14528K) NonClass: 12303K(12480K)->12304K(12480K) Class: 1905K(2048K)->1905K(2048K)
[60.737s][info][gc,ergo     ] Pacer for Idle. Initial: 41943K, Alloc Tax Rate: 1.0x
[61.197s][info][gc          ] Trigger: Learning 2 of 5. Free (1433M) is below initial threshold (1433M)
[61.197s][info][gc,ergo     ] Free: 1433M, Max: 1024K regular, 1433M humongous, Frag: 0% external, 0% internal; Reserve: 103M, Max: 1024K
[61.197s][info][gc,start    ] GC(146) Concurrent reset
[61.197s][info][gc,task     ] GC(146) Using 1 of 3 workers for concurrent reset
[61.197s][info][gc,ergo     ] GC(146) Pacer for Reset. Non-Taxable: 2048M
[61.197s][info][gc          ] GC(146) Concurrent reset 0.155ms
[61.197s][info][gc,start    ] GC(146) Pause Init Mark (unload classes)
[61.197s][info][gc,task     ] GC(146) Using 3 of 3 workers for init marking
[61.198s][info][gc,ergo     ] GC(146) Pacer for Mark. Expected Live: 4513K, Free: 1433M, Non-Taxable: 143M, Alloc Tax Rate: 0.0x
[61.198s][info][gc          ] GC(146) Pause Init Mark (unload classes) 0.074ms
[61.198s][info][gc,start    ] GC(146) Concurrent marking roots
[61.198s][info][gc,task     ] GC(146) Using 1 of 3 workers for concurrent marking roots
[61.198s][info][gc          ] GC(146) Concurrent marking roots 0.415ms
[61.198s][info][gc,start    ] GC(146) Concurrent marking (unload classes)
[61.198s][info][gc,task     ] GC(146) Using 1 of 3 workers for concurrent marking
[61.202s][info][gc          ] GC(146) Concurrent marking (unload classes) 3.992ms
[61.202s][info][gc,start    ] GC(146) Pause Final Mark (unload classes)
[61.202s][info][gc,task     ] GC(146) Using 3 of 3 workers for final marking
[61.202s][info][gc,ergo     ] GC(146) Collectable Garbage: 480M (94%), Immediate: 480M (94%), CSet: 0B (0%)
[61.202s][info][gc          ] GC(146) Pause Final Mark (unload classes) 0.142ms
[61.202s][info][gc,start    ] GC(146) Concurrent weak references
[61.202s][info][gc,task     ] GC(146) Using 1 of 3 workers for concurrent weak references
[61.202s][info][gc,ref      ] GC(146) Encountered references: Soft: 140, Weak: 729, Final: 0, Phantom: 64
[61.202s][info][gc,ref      ] GC(146) Discovered  references: Soft: 0, Weak: 147, Final: 0, Phantom: 37
[61.202s][info][gc,ref      ] GC(146) Enqueued    references: Soft: 0, Weak: 0, Final: 0, Phantom: 0
[61.202s][info][gc          ] GC(146) Concurrent weak references 0.072ms
[61.202s][info][gc,start    ] GC(146) Concurrent weak roots
[61.202s][info][gc,task     ] GC(146) Using 1 of 3 workers for concurrent weak root
[61.207s][info][gc          ] GC(146) Concurrent weak roots 4.809ms
[61.207s][info][gc,start    ] GC(146) Concurrent cleanup
[61.207s][info][gc          ] GC(146) Concurrent cleanup 523M->43M(2048M) 0.055ms
[61.207s][info][gc,ergo     ] GC(146) Free: 1901M, Max: 1024K regular, 1421M humongous, Frag: 26% external, 0% internal; Reserve: 103M, Max: 1024K
[61.207s][info][gc,start    ] GC(146) Concurrent class unloading
[61.207s][info][gc,task     ] GC(146) Using 1 of 3 workers for concurrent class unloading
[61.210s][info][gc          ] GC(146) Concurrent class unloading 3.181ms
[61.211s][info][gc,start    ] GC(146) Pause Final Roots
[61.211s][info][gc          ] GC(146) Pause Final Roots 0.039ms
[61.211s][info][gc,ergo     ] Free: 1896M, Max: 1024K regular, 1421M humongous, Frag: 26% external, 0% internal; Reserve: 103M, Max: 1024K
[61.211s][info][gc,stats    ] 
[61.211s][info][gc,stats    ] All times are wall-clock times, except per-root-class counters, that are sum over
[61.211s][info][gc,stats    ] all workers. Dividing the <total> over the root stage time estimates parallelism.
[61.211s][info][gc,stats    ] 
[61.211s][info][gc,stats    ] Concurrent Reset                    196 us
[61.211s][info][gc,stats    ] Pause Init Mark (G)                 143 us
[61.211s][info][gc,stats    ] Pause Init Mark (N)                  82 us
[61.211s][info][gc,stats    ]   Update Region States               29 us
[61.211s][info][gc,stats    ] Concurrent Mark Roots               430 us, parallelism: 0.85x
[61.211s][info][gc,stats    ]   CMR: <total>                      367 us
[61.211s][info][gc,stats    ]   CMR: Thread Roots                 322 us, workers (us): 322, ---, ---, 
[61.211s][info][gc,stats    ]   CMR: VM Strong Roots                5 us, workers (us):   5, ---, ---, 
[61.211s][info][gc,stats    ]   CMR: CLDG Roots                    40 us, workers (us):  40, ---, ---, 
[61.211s][info][gc,stats    ] Concurrent Marking                 4043 us
[61.211s][info][gc,stats    ] Pause Final Mark (G)                233 us
[61.211s][info][gc,stats    ] Pause Final Mark (N)                150 us
[61.211s][info][gc,stats    ]   Finish Mark                        33 us
[61.211s][info][gc,stats    ]   Update Region States               27 us
[61.211s][info][gc,stats    ]   Choose Collection Set              26 us
[61.211s][info][gc,stats    ]   Rebuild Free Set                    7 us
[61.211s][info][gc,stats    ] Concurrent Weak References           80 us, parallelism: 0.11x
[61.211s][info][gc,stats    ]   CWRF: <total>                       8 us
[61.211s][info][gc,stats    ]   CWRF: Weak References               8 us, workers (us):   8, ---, ---, 
[61.211s][info][gc,stats    ] Concurrent Weak Roots              4854 us
[61.211s][info][gc,stats    ]   Roots                            4754 us, parallelism: 0.99x
[61.211s][info][gc,stats    ]     CWR: <total>                   4726 us
[61.211s][info][gc,stats    ]     CWR: Code Cache Roots           665 us, workers (us): 665, ---, ---, 
[61.211s][info][gc,stats    ]     CWR: VM Weak Roots             4054 us, workers (us): 4054, ---, ---, 
[61.211s][info][gc,stats    ]     CWR: CLDG Roots                   7 us, workers (us):   7, ---, ---, 
[61.211s][info][gc,stats    ]   Rendezvous                         37 us
[61.211s][info][gc,stats    ] Concurrent Cleanup                   64 us
[61.211s][info][gc,stats    ] Concurrent Class Unloading         3238 us
[61.211s][info][gc,stats    ]   Unlink Stale                     2966 us
[61.211s][info][gc,stats    ]     System Dictionary                 8 us
[61.211s][info][gc,stats    ]     Weak Class Links                  0 us
[61.211s][info][gc,stats    ]     Code Roots                     2956 us
[61.211s][info][gc,stats    ]   Rendezvous                         54 us
[61.211s][info][gc,stats    ]   Purge Unlinked                    143 us
[61.211s][info][gc,stats    ]     Code Roots                      139 us
[61.211s][info][gc,stats    ]     CLDG                              3 us
[61.211s][info][gc,stats    ]     Exception Caches                  0 us
[61.211s][info][gc,stats    ] Pause Final Roots (G)               144 us
[61.211s][info][gc,stats    ] Pause Final Roots (N)                48 us
[61.211s][info][gc,stats    ] 
[61.211s][info][gc,stats    ] Allocation pacing accrued:
[61.211s][info][gc,stats    ]       0 of   474 ms (  0.0%): <total>
[61.211s][info][gc,stats    ]       0 of   474 ms (  0.0%): <average total>
[61.211s][info][gc,stats    ] 
[61.211s][info][gc,metaspace] Metaspace: 14215K(14528K)->14215K(14528K) NonClass: 12310K(12480K)->12310K(12480K) Class: 1905K(2048K)->1905K(2048K)
[61.211s][info][gc,ergo     ] Pacer for Idle. Initial: 41943K, Alloc Tax Rate: 1.0x
[61.654s][info][gc          ] Trigger: Learning 3 of 5. Free (1433M) is below initial threshold (1433M)
[61.654s][info][gc,ergo     ] Free: 1433M, Max: 1024K regular, 1421M humongous, Frag: 1% external, 0% internal; Reserve: 103M, Max: 1024K
[61.654s][info][gc,start    ] GC(147) Concurrent reset
[61.654s][info][gc,task     ] GC(147) Using 1 of 3 workers for concurrent reset
[61.654s][info][gc,ergo     ] GC(147) Pacer for Reset. Non-Taxable: 2048M
[61.654s][info][gc          ] GC(147) Concurrent reset 0.220ms
[61.654s][info][gc,start    ] GC(147) Pause Init Mark (unload classes)
[61.654s][info][gc,task     ] GC(147) Using 3 of 3 workers for init marking
[61.654s][info][gc,ergo     ] GC(147) Pacer for Mark. Expected Live: 4513K, Free: 1433M, Non-Taxable: 143M, Alloc Tax Rate: 0.0x
[61.654s][info][gc          ] GC(147) Pause Init Mark (unload classes) 0.073ms
[61.654s][info][gc,start    ] GC(147) Concurrent marking roots
[61.654s][info][gc,task     ] GC(147) Using 1 of 3 workers for concurrent marking roots
[61.655s][info][gc          ] GC(147) Concurrent marking roots 0.432ms
[61.655s][info][gc,start    ] GC(147) Concurrent marking (unload classes)
[61.655s][info][gc,task     ] GC(147) Using 1 of 3 workers for concurrent marking
[61.659s][info][gc          ] GC(147) Concurrent marking (unload classes) 3.899ms
[61.659s][info][gc,start    ] GC(147) Pause Final Mark (unload classes)
[61.659s][info][gc,task     ] GC(147) Using 3 of 3 workers for final marking
[61.659s][info][gc,ergo     ] GC(147) Collectable Garbage: 478M (94%), Immediate: 478M (94%), CSet: 0B (0%)
[61.659s][info][gc          ] GC(147) Pause Final Mark (unload classes) 0.148ms
[61.659s][info][gc,start    ] GC(147) Concurrent weak references
[61.659s][info][gc,task     ] GC(147) Using 1 of 3 workers for concurrent weak references
[61.659s][info][gc,ref      ] GC(147) Encountered references: Soft: 140, Weak: 729, Final: 0, Phantom: 64
[61.659s][info][gc,ref      ] GC(147) Discovered  references: Soft: 0, Weak: 147, Final: 0, Phantom: 37
[61.659s][info][gc,ref      ] GC(147) Enqueued    references: Soft: 0, Weak: 0, Final: 0, Phantom: 0
[61.659s][info][gc          ] GC(147) Concurrent weak references 0.069ms
[61.659s][info][gc,start    ] GC(147) Concurrent weak roots
[61.659s][info][gc,task     ] GC(147) Using 1 of 3 workers for concurrent weak root
[61.662s][info][gc          ] GC(147) Concurrent weak roots 2.924ms
[61.662s][info][gc,start    ] GC(147) Concurrent cleanup
[61.662s][info][gc          ] GC(147) Concurrent cleanup 524M->46M(2048M) 0.054ms
[61.662s][info][gc,ergo     ] GC(147) Free: 1898M, Max: 1024K regular, 1420M humongous, Frag: 26% external, 0% internal; Reserve: 103M, Max: 1024K
[61.662s][info][gc,start    ] GC(147) Concurrent class unloading
[61.662s][info][gc,task     ] GC(147) Using 1 of 3 workers for concurrent class unloading
[61.665s][info][gc          ] GC(147) Concurrent class unloading 3.115ms
[61.665s][info][gc,start    ] GC(147) Pause Final Roots
[61.665s][info][gc          ] GC(147) Pause Final Roots 0.020ms
[61.665s][info][gc,ergo     ] Free: 1898M, Max: 1024K regular, 1420M humongous, Frag: 26% external, 0% internal; Reserve: 103M, Max: 1024K
[61.665s][info][gc,stats    ] 
[61.665s][info][gc,stats    ] All times are wall-clock times, except per-root-class counters, that are sum over
[61.665s][info][gc,stats    ] all workers. Dividing the <total> over the root stage time estimates parallelism.
[61.665s][info][gc,stats    ] 
[61.665s][info][gc,stats    ] Concurrent Reset                    263 us
[61.665s][info][gc,stats    ] Pause Init Mark (G)                 207 us
[61.665s][info][gc,stats    ] Pause Init Mark (N)                  82 us
[61.665s][info][gc,stats    ]   Update Region States               26 us
[61.665s][info][gc,stats    ] Concurrent Mark Roots               464 us, parallelism: 0.79x
[61.665s][info][gc,stats    ]   CMR: <total>                      368 us
[61.665s][info][gc,stats    ]   CMR: Thread Roots                 323 us, workers (us): 323, ---, ---, 
[61.665s][info][gc,stats    ]   CMR: VM Strong Roots                5 us, workers (us):   5, ---, ---, 
[61.665s][info][gc,stats    ]   CMR: CLDG Roots                    41 us, workers (us):  41, ---, ---, 
[61.665s][info][gc,stats    ] Concurrent Marking                 3941 us
[61.665s][info][gc,stats    ] Pause Final Mark (G)                207 us
[61.665s][info][gc,stats    ] Pause Final Mark (N)                157 us
[61.665s][info][gc,stats    ]   Finish Mark                        37 us
[61.665s][info][gc,stats    ]   Update Region States               27 us
[61.665s][info][gc,stats    ]   Choose Collection Set              27 us
[61.665s][info][gc,stats    ]   Rebuild Free Set                    8 us
[61.665s][info][gc,stats    ] Concurrent Weak References           76 us, parallelism: 0.11x
[61.665s][info][gc,stats    ]   CWRF: <total>                       8 us
[61.665s][info][gc,stats    ]   CWRF: Weak References               8 us, workers (us):   8, ---, ---, 
[61.665s][info][gc,stats    ] Concurrent Weak Roots              2962 us
[61.665s][info][gc,stats    ]   Roots                            2860 us, parallelism: 0.99x
[61.665s][info][gc,stats    ]     CWR: <total>                   2835 us
[61.665s][info][gc,stats    ]     CWR: Code Cache Roots           730 us, workers (us): 730, ---, ---, 
[61.665s][info][gc,stats    ]     CWR: VM Weak Roots             2099 us, workers (us): 2099, ---, ---, 
[61.665s][info][gc,stats    ]     CWR: CLDG Roots                   7 us, workers (us):   7, ---, ---, 
[61.665s][info][gc,stats    ]   Rendezvous                         48 us
[61.665s][info][gc,stats    ] Concurrent Cleanup                   63 us
[61.665s][info][gc,stats    ] Concurrent Class Unloading         3163 us
[61.665s][info][gc,stats    ]   Unlink Stale                     2895 us
[61.665s][info][gc,stats    ]     System Dictionary                 9 us
[61.665s][info][gc,stats    ]     Weak Class Links                  0 us
[61.665s][info][gc,stats    ]     Code Roots                     2884 us
[61.665s][info][gc,stats    ]   Rendezvous                         59 us
[61.665s][info][gc,stats    ]   Purge Unlinked                    134 us
[61.665s][info][gc,stats    ]     Code Roots                      132 us
[61.665s][info][gc,stats    ]     CLDG                              2 us
[61.665s][info][gc,stats    ]     Exception Caches                  0 us
[61.665s][info][gc,stats    ] Pause Final Roots (G)                90 us
[61.666s][info][gc,stats    ] Pause Final Roots (N)                28 us
[61.666s][info][gc,stats    ] 
[61.666s][info][gc,stats    ] Allocation pacing accrued:
[61.666s][info][gc,stats    ]       0 of   454 ms (  0.0%): <total>
[61.666s][info][gc,stats    ]       0 of   454 ms (  0.0%): <average total>
[61.666s][info][gc,stats    ] 
[61.666s][info][gc,metaspace] Metaspace: 14215K(14528K)->14215K(14528K) NonClass: 12310K(12480K)->12310K(12480K) Class: 1905K(2048K)->1905K(2048K)
[61.666s][info][gc,ergo     ] Pacer for Idle. Initial: 41943K, Alloc Tax Rate: 1.0x
[62.102s][info][gc          ] Trigger: Learning 4 of 5. Free (1431M) is below initial threshold (1433M)
[62.102s][info][gc,ergo     ] Free: 1431M, Max: 1024K regular, 1420M humongous, Frag: 1% external, 0% internal; Reserve: 103M, Max: 1024K
[62.102s][info][gc,start    ] GC(148) Concurrent reset
[62.102s][info][gc,task     ] GC(148) Using 1 of 3 workers for concurrent reset
[62.102s][info][gc,ergo     ] GC(148) Pacer for Reset. Non-Taxable: 2048M
[62.102s][info][gc          ] GC(148) Concurrent reset 0.227ms
[62.102s][info][gc,start    ] GC(148) Pause Init Mark (unload classes)
[62.102s][info][gc,task     ] GC(148) Using 3 of 3 workers for init marking
[62.102s][info][gc,ergo     ] GC(148) Pacer for Mark. Expected Live: 4513K, Free: 1430M, Non-Taxable: 143M, Alloc Tax Rate: 0.0x
[62.102s][info][gc          ] GC(148) Pause Init Mark (unload classes) 0.091ms
[62.102s][info][gc,start    ] GC(148) Concurrent marking roots
[62.102s][info][gc,task     ] GC(148) Using 1 of 3 workers for concurrent marking roots
[62.103s][info][gc          ] GC(148) Concurrent marking roots 0.414ms
[62.103s][info][gc,start    ] GC(148) Concurrent marking (unload classes)
[62.103s][info][gc,task     ] GC(148) Using 1 of 3 workers for concurrent marking
[62.107s][info][gc          ] GC(148) Concurrent marking (unload classes) 3.949ms
[62.107s][info][gc,start    ] GC(148) Pause Final Mark (unload classes)
[62.107s][info][gc,task     ] GC(148) Using 3 of 3 workers for final marking
[62.107s][info][gc,ergo     ] GC(148) Collectable Garbage: 478M (93%), Immediate: 478M (93%), CSet: 0B (0%)
[62.107s][info][gc          ] GC(148) Pause Final Mark (unload classes) 0.160ms
[62.107s][info][gc,start    ] GC(148) Concurrent weak references
[62.107s][info][gc,task     ] GC(148) Using 1 of 3 workers for concurrent weak references
[62.107s][info][gc,ref      ] GC(148) Encountered references: Soft: 140, Weak: 729, Final: 0, Phantom: 64
[62.107s][info][gc,ref      ] GC(148) Discovered  references: Soft: 0, Weak: 147, Final: 0, Phantom: 37
[62.107s][info][gc,ref      ] GC(148) Enqueued    references: Soft: 0, Weak: 0, Final: 0, Phantom: 0
[62.107s][info][gc          ] GC(148) Concurrent weak references 0.060ms
[62.107s][info][gc,start    ] GC(148) Concurrent weak roots
[62.107s][info][gc,task     ] GC(148) Using 1 of 3 workers for concurrent weak root
[62.111s][info][gc          ] GC(148) Concurrent weak roots 3.472ms
[62.111s][info][gc,start    ] GC(148) Concurrent cleanup
[62.111s][info][gc          ] GC(148) Concurrent cleanup 526M->47M(2048M) 0.051ms
[62.111s][info][gc,ergo     ] GC(148) Free: 1897M, Max: 1024K regular, 1418M humongous, Frag: 26% external, 0% internal; Reserve: 103M, Max: 1024K
[62.111s][info][gc,start    ] GC(148) Concurrent class unloading
[62.111s][info][gc,task     ] GC(148) Using 1 of 3 workers for concurrent class unloading
[62.114s][info][gc          ] GC(148) Concurrent class unloading 3.140ms
[62.114s][info][gc,start    ] GC(148) Pause Final Roots
[62.114s][info][gc          ] GC(148) Pause Final Roots 0.038ms
[62.114s][info][gc,ergo     ] Free: 1895M, Max: 1024K regular, 1418M humongous, Frag: 26% external, 0% internal; Reserve: 103M, Max: 1024K
[62.114s][info][gc,stats    ] 
[62.114s][info][gc,stats    ] All times are wall-clock times, except per-root-class counters, that are sum over
[62.114s][info][gc,stats    ] all workers. Dividing the <total> over the root stage time estimates parallelism.
[62.114s][info][gc,stats    ] 
[62.114s][info][gc,stats    ] Concurrent Reset                    240 us
[62.114s][info][gc,stats    ] Pause Init Mark (G)                 160 us
[62.114s][info][gc,stats    ] Pause Init Mark (N)                  99 us
[62.114s][info][gc,stats    ]   Update Region States               25 us
[62.114s][info][gc,stats    ] Concurrent Mark Roots               426 us, parallelism: 0.86x
[62.114s][info][gc,stats    ]   CMR: <total>                      366 us
[62.114s][info][gc,stats    ]   CMR: Thread Roots                 316 us, workers (us): 316, ---, ---, 
[62.114s][info][gc,stats    ]   CMR: VM Strong Roots                6 us, workers (us):   6, ---, ---, 
[62.114s][info][gc,stats    ]   CMR: CLDG Roots                    44 us, workers (us):  44, ---, ---, 
[62.114s][info][gc,stats    ] Concurrent Marking                 3998 us
[62.114s][info][gc,stats    ] Pause Final Mark (G)                221 us
[62.114s][info][gc,stats    ] Pause Final Mark (N)                170 us
[62.114s][info][gc,stats    ]   Finish Mark                        34 us
[62.114s][info][gc,stats    ]   Update Region States               31 us
[62.114s][info][gc,stats    ]   Choose Collection Set              51 us
[62.114s][info][gc,stats    ]   Rebuild Free Set                    8 us
[62.114s][info][gc,stats    ] Concurrent Weak References           67 us, parallelism: 0.11x
[62.114s][info][gc,stats    ]   CWRF: <total>                       7 us
[62.114s][info][gc,stats    ]   CWRF: Weak References               7 us, workers (us):   7, ---, ---, 
[62.114s][info][gc,stats    ] Concurrent Weak Roots              3501 us
[62.114s][info][gc,stats    ]   Roots                            3387 us, parallelism: 0.99x
[62.114s][info][gc,stats    ]     CWR: <total>                   3358 us
[62.114s][info][gc,stats    ]     CWR: Code Cache Roots           661 us, workers (us): 661, ---, ---, 
[62.114s][info][gc,stats    ]     CWR: VM Weak Roots             2689 us, workers (us): 2689, ---, ---, 
[62.114s][info][gc,stats    ]     CWR: CLDG Roots                   8 us, workers (us):   8, ---, ---, 
[62.114s][info][gc,stats    ]   Rendezvous                         70 us
[62.114s][info][gc,stats    ] Concurrent Cleanup                   59 us
[62.114s][info][gc,stats    ] Concurrent Class Unloading         3186 us
[62.114s][info][gc,stats    ]   Unlink Stale                     2946 us
[62.114s][info][gc,stats    ]     System Dictionary                 7 us
[62.114s][info][gc,stats    ]     Weak Class Links                  0 us
[62.114s][info][gc,stats    ]     Code Roots                     2937 us
[62.114s][info][gc,stats    ]   Rendezvous                         44 us
[62.114s][info][gc,stats    ]   Purge Unlinked                    132 us
[62.114s][info][gc,stats    ]     Code Roots                      129 us
[62.114s][info][gc,stats    ]     CLDG                              3 us
[62.114s][info][gc,stats    ]     Exception Caches                  0 us
[62.114s][info][gc,stats    ] Pause Final Roots (G)                95 us
[62.114s][info][gc,stats    ] Pause Final Roots (N)                47 us
[62.114s][info][gc,stats    ] 
[62.114s][info][gc,stats    ] Allocation pacing accrued:
[62.114s][info][gc,stats    ]       0 of   449 ms (  0.0%): <total>
[62.114s][info][gc,stats    ]       0 of   449 ms (  0.0%): <average total>
[62.114s][info][gc,stats    ] 
[62.114s][info][gc,metaspace] Metaspace: 14215K(14528K)->14215K(14528K) NonClass: 12310K(12480K)->12310K(12480K) Class: 1905K(2048K)->1905K(2048K)
[62.114s][info][gc,ergo     ] Pacer for Idle. Initial: 41943K, Alloc Tax Rate: 1.0x
[62.548s][info][gc          ] Trigger: Learning 5 of 5. Free (1432M) is below initial threshold (1433M)
[62.548s][info][gc,ergo     ] Free: 1432M, Max: 1024K regular, 1418M humongous, Frag: 1% external, 0% internal; Reserve: 103M, Max: 1024K
[62.548s][info][gc,start    ] GC(149) Concurrent reset
[62.548s][info][gc,task     ] GC(149) Using 1 of 3 workers for concurrent reset
[62.548s][info][gc,ergo     ] GC(149) Pacer for Reset. Non-Taxable: 2048M
[62.548s][info][gc          ] GC(149) Concurrent reset 0.215ms
[62.548s][info][gc,start    ] GC(149) Pause Init Mark (unload classes)
[62.548s][info][gc,task     ] GC(149) Using 3 of 3 workers for init marking
[62.548s][info][gc,ergo     ] GC(149) Pacer for Mark. Expected Live: 4513K, Free: 1432M, Non-Taxable: 143M, Alloc Tax Rate: 0.0x
[62.548s][info][gc          ] GC(149) Pause Init Mark (unload classes) 0.098ms
[62.548s][info][gc,start    ] GC(149) Concurrent marking roots
[62.548s][info][gc,task     ] GC(149) Using 1 of 3 workers for concurrent marking roots
[62.549s][info][gc          ] GC(149) Concurrent marking roots 0.401ms
[62.549s][info][gc,start    ] GC(149) Concurrent marking (unload classes)
[62.549s][info][gc,task     ] GC(149) Using 1 of 3 workers for concurrent marking
[62.553s][info][gc          ] GC(149) Concurrent marking (unload classes) 4.230ms
[62.553s][info][gc,start    ] GC(149) Pause Final Mark (unload classes)
[62.553s][info][gc,task     ] GC(149) Using 3 of 3 workers for final marking
[62.553s][info][gc,ergo     ] GC(149) Collectable Garbage: 473M (93%), Immediate: 473M (93%), CSet: 0B (0%)
[62.553s][info][gc          ] GC(149) Pause Final Mark (unload classes) 0.149ms
[62.553s][info][gc,start    ] GC(149) Concurrent weak references
[62.553s][info][gc,task     ] GC(149) Using 1 of 3 workers for concurrent weak references
[62.553s][info][gc,ref      ] GC(149) Encountered references: Soft: 140, Weak: 729, Final: 0, Phantom: 64
[62.553s][info][gc,ref      ] GC(149) Discovered  references: Soft: 0, Weak: 147, Final: 0, Phantom: 37
[62.553s][info][gc,ref      ] GC(149) Enqueued    references: Soft: 0, Weak: 0, Final: 0, Phantom: 0
[62.553s][info][gc          ] GC(149) Concurrent weak references 0.064ms
[62.553s][info][gc,start    ] GC(149) Concurrent weak roots
[62.553s][info][gc,task     ] GC(149) Using 1 of 3 workers for concurrent weak root
[62.557s][info][gc          ] GC(149) Concurrent weak roots 4.030ms
[62.557s][info][gc,start    ] GC(149) Concurrent cleanup
[62.557s][info][gc          ] GC(149) Concurrent cleanup 524M->50M(2048M) 0.060ms
[62.558s][info][gc,ergo     ] GC(149) Free: 1894M, Max: 1024K regular, 1438M humongous, Frag: 25% external, 0% internal; Reserve: 103M, Max: 1024K
[62.558s][info][gc,start    ] GC(149) Concurrent class unloading
[62.558s][info][gc,task     ] GC(149) Using 1 of 3 workers for concurrent class unloading
[62.561s][info][gc          ] GC(149) Concurrent class unloading 3.104ms
[62.561s][info][gc,start    ] GC(149) Pause Final Roots
[62.561s][info][gc          ] GC(149) Pause Final Roots 0.020ms
[62.561s][info][gc,ergo     ] Free: 1890M, Max: 1024K regular, 1438M humongous, Frag: 24% external, 0% internal; Reserve: 103M, Max: 1024K
[62.561s][info][gc,stats    ] 
[62.561s][info][gc,stats    ] All times are wall-clock times, except per-root-class counters, that are sum over
[62.561s][info][gc,stats    ] all workers. Dividing the <total> over the root stage time estimates parallelism.
[62.561s][info][gc,stats    ] 
[62.561s][info][gc,stats    ] Concurrent Reset                    227 us
[62.561s][info][gc,stats    ] Pause Init Mark (G)                 235 us
[62.561s][info][gc,stats    ] Pause Init Mark (N)                 110 us
[62.561s][info][gc,stats    ]   Update Region States               29 us
[62.561s][info][gc,stats    ] Concurrent Mark Roots               482 us, parallelism: 0.74x
[62.561s][info][gc,stats    ]   CMR: <total>                      356 us
[62.561s][info][gc,stats    ]   CMR: Thread Roots                 312 us, workers (us): 312, ---, ---, 
[62.561s][info][gc,stats    ]   CMR: VM Strong Roots                4 us, workers (us):   4, ---, ---, 
[62.561s][info][gc,stats    ]   CMR: CLDG Roots                    39 us, workers (us):  39, ---, ---, 
[62.561s][info][gc,stats    ] Concurrent Marking                 4266 us
[62.561s][info][gc,stats    ] Pause Final Mark (G)                235 us
[62.561s][info][gc,stats    ] Pause Final Mark (N)                158 us
[62.561s][info][gc,stats    ]   Finish Mark                        39 us
[62.561s][info][gc,stats    ]   Update Region States               28 us
[62.561s][info][gc,stats    ]   Choose Collection Set              26 us
[62.561s][info][gc,stats    ]   Rebuild Free Set                    7 us
[62.561s][info][gc,stats    ] Concurrent Weak References           71 us, parallelism: 0.11x
[62.561s][info][gc,stats    ]   CWRF: <total>                       8 us
[62.561s][info][gc,stats    ]   CWRF: Weak References               8 us, workers (us):   8, ---, ---, 
[62.561s][info][gc,stats    ] Concurrent Weak Roots              4079 us
[62.561s][info][gc,stats    ]   Roots                            3974 us, parallelism: 0.99x
[62.561s][info][gc,stats    ]     CWR: <total>                   3944 us
[62.561s][info][gc,stats    ]     CWR: Code Cache Roots           651 us, workers (us): 651, ---, ---, 
[62.561s][info][gc,stats    ]     CWR: VM Weak Roots             3286 us, workers (us): 3286, ---, ---, 
[62.561s][info][gc,stats    ]     CWR: CLDG Roots                   7 us, workers (us):   7, ---, ---, 
[62.561s][info][gc,stats    ]   Rendezvous                         39 us
[62.561s][info][gc,stats    ] Concurrent Cleanup                   69 us
[62.561s][info][gc,stats    ] Concurrent Class Unloading         3153 us
[62.561s][info][gc,stats    ]   Unlink Stale                     2905 us
[62.561s][info][gc,stats    ]     System Dictionary                 8 us
[62.561s][info][gc,stats    ]     Weak Class Links                  0 us
[62.561s][info][gc,stats    ]     Code Roots                     2895 us
[62.561s][info][gc,stats    ]   Rendezvous                         42 us
[62.561s][info][gc,stats    ]   Purge Unlinked                    141 us
[62.561s][info][gc,stats    ]     Code Roots                      138 us
[62.561s][info][gc,stats    ]     CLDG                              2 us
[62.561s][info][gc,stats    ]     Exception Caches                  0 us
[62.561s][info][gc,stats    ] Pause Final Roots (G)                90 us
[62.561s][info][gc,stats    ] Pause Final Roots (N)                29 us
[62.561s][info][gc,stats    ] 
[62.561s][info][gc,stats    ] Allocation pacing accrued:
[62.561s][info][gc,stats    ]       0 of   447 ms (  0.0%): <total>
[62.561s][info][gc,stats    ]       0 of   447 ms (  0.0%): <average total>
[62.561s][info][gc,stats    ] 
[62.561s][info][gc,metaspace] Metaspace: 14215K(14528K)->14215K(14528K) NonClass: 12310K(12480K)->12310K(12480K) Class: 1905K(2048K)->1905K(2048K)
[62.561s][info][gc,ergo     ] Pacer for Idle. Initial: 41943K, Alloc Tax Rate: 1.0x
[62.827s][info][gc          ] Trigger: Explicit GC request (System.gc())
[62.828s][info][gc,ergo     ] Free: 1667M, Max: 1024K regular, 1438M humongous, Frag: 14% external, 0% internal; Reserve: 103M, Max: 1024K
[62.828s][info][gc,start    ] GC(150) Concurrent reset
[62.828s][info][gc,task     ] GC(150) Using 1 of 3 workers for concurrent reset
[62.828s][info][gc,ergo     ] GC(150) Pacer for Reset. Non-Taxable: 2048M
[62.828s][info][gc          ] GC(150) Concurrent reset 0.474ms
[62.828s][info][gc,start    ] GC(150) Pause Init Mark (unload classes)
[62.828s][info][gc,task     ] GC(150) Using 3 of 3 workers for init marking
[62.828s][info][gc,ref      ] GC(150) Clearing All SoftReferences
[62.829s][info][gc,ergo     ] GC(150) Pacer for Mark. Expected Live: 4519K, Free: 1667M, Non-Taxable: 166M, Alloc Tax Rate: 0.0x
[62.829s][info][gc          ] GC(150) Pause Init Mark (unload classes) 0.310ms
[62.829s][info][gc,start    ] GC(150) Concurrent marking roots
[62.829s][info][gc,task     ] GC(150) Using 1 of 3 workers for concurrent marking roots
[62.829s][info][gc          ] GC(150) Concurrent marking roots 0.726ms
[62.829s][info][gc,start    ] GC(150) Concurrent marking (unload classes)
[62.829s][info][gc,task     ] GC(150) Using 1 of 3 workers for concurrent marking
[62.834s][info][gc          ] GC(150) Concurrent marking (unload classes) 4.136ms
[62.834s][info][gc,start    ] GC(150) Pause Final Mark (unload classes)
[62.834s][info][gc,task     ] GC(150) Using 3 of 3 workers for final marking
[62.834s][info][gc,ergo     ] GC(150) Collectable Garbage: 258M (94%), Immediate: 258M (94%), CSet: 0B (0%)
[62.834s][info][gc          ] GC(150) Pause Final Mark (unload classes) 0.464ms
[62.834s][info][gc,start    ] GC(150) Concurrent weak references
[62.834s][info][gc,task     ] GC(150) Using 1 of 3 workers for concurrent weak references
[62.834s][info][gc,ref      ] GC(150) Encountered references: Soft: 140, Weak: 713, Final: 0, Phantom: 64
[62.834s][info][gc,ref      ] GC(150) Discovered  references: Soft: 88, Weak: 169, Final: 0, Phantom: 62
[62.834s][info][gc,ref      ] GC(150) Enqueued    references: Soft: 3, Weak: 0, Final: 0, Phantom: 0
[62.834s][info][gc          ] GC(150) Concurrent weak references 0.091ms
[62.834s][info][gc,start    ] GC(150) Concurrent weak roots
[62.834s][info][gc,task     ] GC(150) Using 1 of 3 workers for concurrent weak root
[62.838s][info][gc          ] GC(150) Concurrent weak roots 3.572ms
[62.838s][info][gc,start    ] GC(150) Concurrent cleanup
[62.838s][info][gc          ] GC(150) Concurrent cleanup 277M->19M(2048M) 0.066ms
[62.838s][info][gc,ergo     ] GC(150) Free: 1925M, Max: 1024K regular, 1652M humongous, Frag: 15% external, 0% internal; Reserve: 103M, Max: 1024K
[62.838s][info][gc,start    ] GC(150) Concurrent class unloading
[62.838s][info][gc,task     ] GC(150) Using 1 of 3 workers for concurrent class unloading
[62.842s][info][gc          ] GC(150) Concurrent class unloading 4.018ms
[62.842s][info][gc,start    ] GC(150) Pause Final Roots
[62.842s][info][gc          ] GC(150) Pause Final Roots 0.059ms
[62.842s][info][gc,ergo     ] Free: 1925M, Max: 1024K regular, 1652M humongous, Frag: 15% external, 0% internal; Reserve: 103M, Max: 1024K
[62.842s][info][gc,stats    ] 
[62.842s][info][gc,stats    ] All times are wall-clock times, except per-root-class counters, that are sum over
[62.842s][info][gc,stats    ] all workers. Dividing the <total> over the root stage time estimates parallelism.
[62.842s][info][gc,stats    ] 
[62.842s][info][gc,stats    ] Concurrent Reset                    494 us
[62.842s][info][gc,stats    ] Pause Init Mark (G)                 468 us
[62.842s][info][gc,stats    ] Pause Init Mark (N)                 333 us
[62.842s][info][gc,stats    ]   Update Region States              131 us
[62.842s][info][gc,stats    ] Concurrent Mark Roots               743 us, parallelism: 0.87x
[62.842s][info][gc,stats    ]   CMR: <total>                      645 us
[62.842s][info][gc,stats    ]   CMR: Thread Roots                 569 us, workers (us): 569, ---, ---, 
[62.842s][info][gc,stats    ]   CMR: VM Strong Roots                7 us, workers (us):   7, ---, ---, 
[62.842s][info][gc,stats    ]   CMR: CLDG Roots                    68 us, workers (us):  68, ---, ---, 
[62.842s][info][gc,stats    ] Concurrent Marking                 4199 us
[62.842s][info][gc,stats    ] Pause Final Mark (G)                607 us
[62.842s][info][gc,stats    ] Pause Final Mark (N)                503 us
[62.842s][info][gc,stats    ]   Finish Mark                       162 us
[62.842s][info][gc,stats    ]   Update Region States              124 us
[62.842s][info][gc,stats    ]   Choose Collection Set              77 us
[62.842s][info][gc,stats    ]   Rebuild Free Set                   21 us
[62.842s][info][gc,stats    ] Concurrent Weak References           99 us, parallelism: 0.07x
[62.842s][info][gc,stats    ]   CWRF: <total>                       7 us
[62.842s][info][gc,stats    ]   CWRF: Weak References               7 us, workers (us):   7, ---, ---, 
[62.842s][info][gc,stats    ] Concurrent Weak Roots              3639 us
[62.842s][info][gc,stats    ]   Roots                            3417 us, parallelism: 0.92x
[62.842s][info][gc,stats    ]     CWR: <total>                   3150 us
[62.842s][info][gc,stats    ]     CWR: Code Cache Roots           628 us, workers (us): 628, ---, ---, 
[62.842s][info][gc,stats    ]     CWR: VM Weak Roots             2515 us, workers (us): 2515, ---, ---, 
[62.842s][info][gc,stats    ]     CWR: CLDG Roots                   8 us, workers (us):   8, ---, ---, 
[62.843s][info][gc,stats    ]   Rendezvous                        135 us
[62.843s][info][gc,stats    ] Concurrent Cleanup                   84 us
[62.843s][info][gc,stats    ] Concurrent Class Unloading         4043 us
[62.843s][info][gc,stats    ]   Unlink Stale                     3355 us
[62.843s][info][gc,stats    ]     System Dictionary                 8 us
[62.843s][info][gc,stats    ]     Weak Class Links                  0 us
[62.843s][info][gc,stats    ]     Code Roots                     3345 us
[62.843s][info][gc,stats    ]   Rendezvous                        163 us
[62.843s][info][gc,stats    ]   Purge Unlinked                    467 us
[62.843s][info][gc,stats    ]     Code Roots                      462 us
[62.843s][info][gc,stats    ]     CLDG                              5 us
[62.843s][info][gc,stats    ]     Exception Caches                  0 us
[62.843s][info][gc,stats    ] Pause Final Roots (G)               158 us
[62.843s][info][gc,stats    ] Pause Final Roots (N)                78 us
[62.843s][info][gc,stats    ] 
[62.843s][info][gc,stats    ] Allocation pacing accrued:
[62.843s][info][gc,stats    ]       0 of   281 ms (  0.0%): <total>
[62.843s][info][gc,stats    ]       0 of   281 ms (  0.0%): <average total>
[62.843s][info][gc,stats    ] 
[62.843s][info][gc,metaspace] Metaspace: 14215K(14528K)->14215K(14528K) NonClass: 12310K(12480K)->12310K(12480K) Class: 1905K(2048K)->1905K(2048K)
[62.843s][info][gc,ergo     ] Pacer for Idle. Initial: 41943K, Alloc Tax Rate: 1.0x
[63.270s][info][gc          ] Trigger: Learning 2 of 5. Free (1432M) is below initial threshold (1433M)
[63.270s][info][gc,ergo     ] Free: 1432M, Max: 1024K regular, 1432M humongous, Frag: 0% external, 0% internal; Reserve: 103M, Max: 1024K
[63.270s][info][gc,start    ] GC(151) Concurrent reset
[63.270s][info][gc,task     ] GC(151) Using 1 of 3 workers for concurrent reset
[63.270s][info][gc,ergo     ] GC(151) Pacer for Reset. Non-Taxable: 2048M
[63.271s][info][gc          ] GC(151) Concurrent reset 0.177ms
[63.271s][info][gc,start    ] GC(151) Pause Init Mark (unload classes)
[63.271s][info][gc,task     ] GC(151) Using 3 of 3 workers for init marking
[63.271s][info][gc,ergo     ] GC(151) Pacer for Mark. Expected Live: 4519K, Free: 1432M, Non-Taxable: 143M, Alloc Tax Rate: 0.0x
[63.271s][info][gc          ] GC(151) Pause Init Mark (unload classes) 0.092ms
[63.271s][info][gc,start    ] GC(151) Concurrent marking roots
[63.271s][info][gc,task     ] GC(151) Using 1 of 3 workers for concurrent marking roots
[63.271s][info][gc          ] GC(151) Concurrent marking roots 0.421ms
[63.271s][info][gc,start    ] GC(151) Concurrent marking (unload classes)
[63.271s][info][gc,task     ] GC(151) Using 1 of 3 workers for concurrent marking
[63.275s][info][gc          ] GC(151) Concurrent marking (unload classes) 3.978ms
[63.275s][info][gc,start    ] GC(151) Pause Final Mark (unload classes)
[63.275s][info][gc,task     ] GC(151) Using 3 of 3 workers for final marking
[63.275s][info][gc,ergo     ] GC(151) Collectable Garbage: 482M (94%), Immediate: 482M (94%), CSet: 0B (0%)
[63.275s][info][gc          ] GC(151) Pause Final Mark (unload classes) 0.158ms
[63.275s][info][gc,start    ] GC(151) Concurrent weak references
[63.275s][info][gc,task     ] GC(151) Using 1 of 3 workers for concurrent weak references
[63.275s][info][gc,ref      ] GC(151) Encountered references: Soft: 140, Weak: 735, Final: 0, Phantom: 64
[63.275s][info][gc,ref      ] GC(151) Discovered  references: Soft: 0, Weak: 151, Final: 0, Phantom: 37
[63.275s][info][gc,ref      ] GC(151) Enqueued    references: Soft: 0, Weak: 2, Final: 0, Phantom: 0
[63.276s][info][gc          ] GC(151) Concurrent weak references 0.081ms
[63.276s][info][gc,start    ] GC(151) Concurrent weak roots
[63.276s][info][gc,task     ] GC(151) Using 1 of 3 workers for concurrent weak root
[63.280s][info][gc          ] GC(151) Concurrent weak roots 4.624ms
[63.280s][info][gc,start    ] GC(151) Concurrent cleanup
[63.280s][info][gc          ] GC(151) Concurrent cleanup 524M->42M(2048M) 0.053ms
[63.280s][info][gc,ergo     ] GC(151) Free: 1902M, Max: 1024K regular, 1420M humongous, Frag: 26% external, 0% internal; Reserve: 103M, Max: 1024K
[63.280s][info][gc,start    ] GC(151) Concurrent class unloading
[63.280s][info][gc,task     ] GC(151) Using 1 of 3 workers for concurrent class unloading
[63.284s][info][gc          ] GC(151) Concurrent class unloading 3.278ms
[63.284s][info][gc,start    ] GC(151) Pause Final Roots
[63.284s][info][gc          ] GC(151) Pause Final Roots 0.040ms
[63.284s][info][gc,ergo     ] Free: 1895M, Max: 1024K regular, 1420M humongous, Frag: 26% external, 0% internal; Reserve: 103M, Max: 1024K
[63.284s][info][gc,stats    ] 
[63.284s][info][gc,stats    ] All times are wall-clock times, except per-root-class counters, that are sum over
[63.284s][info][gc,stats    ] all workers. Dividing the <total> over the root stage time estimates parallelism.
[63.284s][info][gc,stats    ] 
[63.284s][info][gc,stats    ] Concurrent Reset                    190 us
[63.284s][info][gc,stats    ] Pause Init Mark (G)                 214 us
[63.284s][info][gc,stats    ] Pause Init Mark (N)                 101 us
[63.284s][info][gc,stats    ]   Update Region States               27 us
[63.284s][info][gc,stats    ] Concurrent Mark Roots               435 us, parallelism: 0.84x
[63.284s][info][gc,stats    ]   CMR: <total>                      367 us
[63.284s][info][gc,stats    ]   CMR: Thread Roots                 323 us, workers (us): 323, ---, ---, 
[63.284s][info][gc,stats    ]   CMR: VM Strong Roots                5 us, workers (us):   5, ---, ---, 
[63.284s][info][gc,stats    ]   CMR: CLDG Roots                    39 us, workers (us):  39, ---, ---, 
[63.284s][info][gc,stats    ] Concurrent Marking                 4029 us
[63.284s][info][gc,stats    ] Pause Final Mark (G)                236 us
[63.284s][info][gc,stats    ] Pause Final Mark (N)                167 us
[63.284s][info][gc,stats    ]   Finish Mark                        32 us
[63.284s][info][gc,stats    ]   Update Region States               30 us
[63.284s][info][gc,stats    ]   Choose Collection Set              41 us
[63.284s][info][gc,stats    ]   Rebuild Free Set                    8 us
[63.284s][info][gc,stats    ] Concurrent Weak References           89 us, parallelism: 0.09x
[63.284s][info][gc,stats    ]   CWRF: <total>                       8 us
[63.284s][info][gc,stats    ]   CWRF: Weak References               8 us, workers (us):   8, ---, ---, 
[63.284s][info][gc,stats    ] Concurrent Weak Roots              4680 us
[63.284s][info][gc,stats    ]   Roots                            4553 us, parallelism: 0.99x
[63.284s][info][gc,stats    ]     CWR: <total>                   4525 us
[63.284s][info][gc,stats    ]     CWR: Code Cache Roots           677 us, workers (us): 677, ---, ---, 
[63.284s][info][gc,stats    ]     CWR: VM Weak Roots             3841 us, workers (us): 3841, ---, ---, 
[63.284s][info][gc,stats    ]     CWR: CLDG Roots                   7 us, workers (us):   7, ---, ---, 
[63.284s][info][gc,stats    ]   Rendezvous                         52 us
[63.284s][info][gc,stats    ] Concurrent Cleanup                   62 us
[63.284s][info][gc,stats    ] Concurrent Class Unloading         3336 us
[63.284s][info][gc,stats    ]   Unlink Stale                     2986 us
[63.284s][info][gc,stats    ]     System Dictionary                 7 us
[63.284s][info][gc,stats    ]     Weak Class Links                  0 us
[63.284s][info][gc,stats    ]     Code Roots                     2976 us
[63.284s][info][gc,stats    ]   Rendezvous                         63 us
[63.284s][info][gc,stats    ]   Purge Unlinked                    208 us
[63.284s][info][gc,stats    ]     Code Roots                      205 us
[63.284s][info][gc,stats    ]     CLDG                              3 us
[63.284s][info][gc,stats    ]     Exception Caches                  0 us
[63.284s][info][gc,stats    ] Pause Final Roots (G)               112 us
[63.284s][info][gc,stats    ] Pause Final Roots (N)                49 us
[63.284s][info][gc,stats    ] 
[63.284s][info][gc,stats    ] Allocation pacing accrued:
[63.284s][info][gc,stats    ]       0 of   441 ms (  0.0%): <total>
[63.284s][info][gc,stats    ]       0 of   441 ms (  0.0%): <average total>
[63.284s][info][gc,stats    ] 
[63.284s][info][gc,metaspace] Metaspace: 14215K(14528K)->14215K(14528K) NonClass: 12310K(12480K)->12310K(12480K) Class: 1905K(2048K)->1905K(2048K)
[63.284s][info][gc,ergo     ] Pacer for Idle. Initial: 41943K, Alloc Tax Rate: 1.0x
[63.698s][info][gc          ] Trigger: Learning 3 of 5. Free (1432M) is below initial threshold (1433M)
[63.698s][info][gc,ergo     ] Free: 1432M, Max: 1024K regular, 1420M humongous, Frag: 1% external, 0% internal; Reserve: 103M, Max: 1024K
[63.698s][info][gc,start    ] GC(152) Concurrent reset
[63.698s][info][gc,task     ] GC(152) Using 1 of 3 workers for concurrent reset
[63.698s][info][gc,ergo     ] GC(152) Pacer for Reset. Non-Taxable: 2048M
[63.698s][info][gc          ] GC(152) Concurrent reset 0.204ms
[63.698s][info][gc,start    ] GC(152) Pause Init Mark (unload classes)
[63.698s][info][gc,task     ] GC(152) Using 3 of 3 workers for init marking
[63.698s][info][gc,ergo     ] GC(152) Pacer for Mark. Expected Live: 4519K, Free: 1432M, Non-Taxable: 143M, Alloc Tax Rate: 0.0x
[63.698s][info][gc          ] GC(152) Pause Init Mark (unload classes) 0.091ms
[63.698s][info][gc,start    ] GC(152) Concurrent marking roots
[63.698s][info][gc,task     ] GC(152) Using 1 of 3 workers for concurrent marking roots
[63.699s][info][gc          ] GC(152) Concurrent marking roots 0.428ms
[63.699s][info][gc,start    ] GC(152) Concurrent marking (unload classes)
[63.699s][info][gc,task     ] GC(152) Using 1 of 3 workers for concurrent marking
[63.703s][info][gc          ] GC(152) Concurrent marking (unload classes) 3.951ms
[63.703s][info][gc,start    ] GC(152) Pause Final Mark (unload classes)
[63.703s][info][gc,task     ] GC(152) Using 3 of 3 workers for final marking
[63.703s][info][gc,ergo     ] GC(152) Collectable Garbage: 480M (94%), Immediate: 480M (94%), CSet: 0B (0%)
[63.703s][info][gc          ] GC(152) Pause Final Mark (unload classes) 0.191ms
[63.703s][info][gc,start    ] GC(152) Concurrent weak references
[63.703s][info][gc,task     ] GC(152) Using 1 of 3 workers for concurrent weak references
[63.703s][info][gc,ref      ] GC(152) Encountered references: Soft: 140, Weak: 733, Final: 0, Phantom: 64
[63.703s][info][gc,ref      ] GC(152) Discovered  references: Soft: 0, Weak: 149, Final: 0, Phantom: 37
[63.703s][info][gc,ref      ] GC(152) Enqueued    references: Soft: 0, Weak: 0, Final: 0, Phantom: 0
[63.703s][info][gc          ] GC(152) Concurrent weak references 0.069ms
[63.703s][info][gc,start    ] GC(152) Concurrent weak roots
[63.703s][info][gc,task     ] GC(152) Using 1 of 3 workers for concurrent weak root
[63.705s][info][gc          ] GC(152) Concurrent weak roots 2.257ms
[63.705s][info][gc,start    ] GC(152) Concurrent cleanup
[63.705s][info][gc          ] GC(152) Concurrent cleanup 523M->43M(2048M) 0.050ms
[63.705s][info][gc,ergo     ] GC(152) Free: 1901M, Max: 1024K regular, 1439M humongous, Frag: 25% external, 0% internal; Reserve: 103M, Max: 1024K
[63.705s][info][gc,start    ] GC(152) Concurrent class unloading
[63.705s][info][gc,task     ] GC(152) Using 1 of 3 workers for concurrent class unloading
[63.709s][info][gc          ] GC(152) Concurrent class unloading 3.201ms
[63.709s][info][gc,start    ] GC(152) Pause Final Roots
[63.709s][info][gc          ] GC(152) Pause Final Roots 0.040ms
[63.709s][info][gc,ergo     ] Free: 1900M, Max: 1024K regular, 1439M humongous, Frag: 25% external, 0% internal; Reserve: 103M, Max: 1024K
[63.709s][info][gc,stats    ] 
[63.709s][info][gc,stats    ] All times are wall-clock times, except per-root-class counters, that are sum over
[63.709s][info][gc,stats    ] all workers. Dividing the <total> over the root stage time estimates parallelism.
[63.709s][info][gc,stats    ] 
[63.709s][info][gc,stats    ] Concurrent Reset                    219 us
[63.709s][info][gc,stats    ] Pause Init Mark (G)                 215 us
[63.709s][info][gc,stats    ] Pause Init Mark (N)                  99 us
[63.709s][info][gc,stats    ]   Update Region States               25 us
[63.709s][info][gc,stats    ] Concurrent Mark Roots               448 us, parallelism: 0.84x
[63.709s][info][gc,stats    ]   CMR: <total>                      377 us
[63.709s][info][gc,stats    ]   CMR: Thread Roots                 331 us, workers (us): 331, ---, ---, 
[63.709s][info][gc,stats    ]   CMR: VM Strong Roots                5 us, workers (us):   5, ---, ---, 
[63.709s][info][gc,stats    ]   CMR: CLDG Roots                    41 us, workers (us):  41, ---, ---, 
[63.709s][info][gc,stats    ] Concurrent Marking                 4008 us
[63.709s][info][gc,stats    ] Pause Final Mark (G)                265 us
[63.709s][info][gc,stats    ] Pause Final Mark (N)                200 us
[63.709s][info][gc,stats    ]   Finish Mark                        70 us
[63.709s][info][gc,stats    ]   Update Region States               29 us
[63.709s][info][gc,stats    ]   Choose Collection Set              34 us
[63.709s][info][gc,stats    ]   Rebuild Free Set                    8 us
[63.709s][info][gc,stats    ] Concurrent Weak References           77 us, parallelism: 0.08x
[63.709s][info][gc,stats    ]   CWRF: <total>                       7 us
[63.709s][info][gc,stats    ]   CWRF: Weak References               7 us, workers (us):   7, ---, ---, 
[63.709s][info][gc,stats    ] Concurrent Weak Roots              2299 us
[63.709s][info][gc,stats    ]   Roots                            2198 us, parallelism: 0.99x
[63.709s][info][gc,stats    ]     CWR: <total>                   2176 us
[63.709s][info][gc,stats    ]     CWR: Code Cache Roots           715 us, workers (us): 715, ---, ---, 
[63.709s][info][gc,stats    ]     CWR: VM Weak Roots             1452 us, workers (us): 1452, ---, ---, 
[63.709s][info][gc,stats    ]     CWR: CLDG Roots                   8 us, workers (us):   8, ---, ---, 
[63.709s][info][gc,stats    ]   Rendezvous                         43 us
[63.709s][info][gc,stats    ] Concurrent Cleanup                   59 us
[63.709s][info][gc,stats    ] Concurrent Class Unloading         3245 us
[63.709s][info][gc,stats    ]   Unlink Stale                     2972 us
[63.709s][info][gc,stats    ]     System Dictionary                 7 us
[63.709s][info][gc,stats    ]     Weak Class Links                  0 us
[63.709s][info][gc,stats    ]     Code Roots                     2964 us
[63.709s][info][gc,stats    ]   Rendezvous                         50 us
[63.709s][info][gc,stats    ]   Purge Unlinked                    162 us
[63.709s][info][gc,stats    ]     Code Roots                      157 us
[63.709s][info][gc,stats    ]     CLDG                              4 us
[63.709s][info][gc,stats    ]     Exception Caches                  0 us
[63.709s][info][gc,stats    ] Pause Final Roots (G)               106 us
[63.709s][info][gc,stats    ] Pause Final Roots (N)                49 us
[63.709s][info][gc,stats    ] 
[63.709s][info][gc,stats    ] Allocation pacing accrued:
[63.709s][info][gc,stats    ]       0 of   425 ms (  0.0%): <total>
[63.709s][info][gc,stats    ]       0 of   425 ms (  0.0%): <average total>
[63.709s][info][gc,stats    ] 
[63.709s][info][gc,metaspace] Metaspace: 14215K(14528K)->14215K(14528K) NonClass: 12310K(12480K)->12310K(12480K) Class: 1905K(2048K)->1905K(2048K)
[63.709s][info][gc,ergo     ] Pacer for Idle. Initial: 41943K, Alloc Tax Rate: 1.0x
[64.117s][info][gc          ] Trigger: Learning 4 of 5. Free (1432M) is below initial threshold (1433M)
[64.117s][info][gc,ergo     ] Free: 1432M, Max: 1024K regular, 1432M humongous, Frag: 0% external, 0% internal; Reserve: 103M, Max: 1024K
[64.117s][info][gc,start    ] GC(153) Concurrent reset
[64.117s][info][gc,task     ] GC(153) Using 1 of 3 workers for concurrent reset
[64.117s][info][gc,ergo     ] GC(153) Pacer for Reset. Non-Taxable: 2048M
[64.117s][info][gc          ] GC(153) Concurrent reset 0.208ms
[64.117s][info][gc,start    ] GC(153) Pause Init Mark (unload classes)
[64.117s][info][gc,task     ] GC(153) Using 3 of 3 workers for init marking
[64.117s][info][gc,ergo     ] GC(153) Pacer for Mark. Expected Live: 4519K, Free: 1432M, Non-Taxable: 143M, Alloc Tax Rate: 0.0x
[64.117s][info][gc          ] GC(153) Pause Init Mark (unload classes) 0.108ms
[64.117s][info][gc,start    ] GC(153) Concurrent marking roots
[64.117s][info][gc,task     ] GC(153) Using 1 of 3 workers for concurrent marking roots
[64.118s][info][gc          ] GC(153) Concurrent marking roots 0.417ms
[64.118s][info][gc,start    ] GC(153) Concurrent marking (unload classes)
[64.118s][info][gc,task     ] GC(153) Using 1 of 3 workers for concurrent marking
[64.122s][info][gc          ] GC(153) Concurrent marking (unload classes) 3.954ms
[64.122s][info][gc,start    ] GC(153) Pause Final Mark (unload classes)
[64.122s][info][gc,task     ] GC(153) Using 3 of 3 workers for final marking
[64.122s][info][gc,ergo     ] GC(153) Collectable Garbage: 477M (93%), Immediate: 477M (93%), CSet: 0B (0%)
[64.122s][info][gc          ] GC(153) Pause Final Mark (unload classes) 0.172ms
[64.122s][info][gc,start    ] GC(153) Concurrent weak references
[64.122s][info][gc,task     ] GC(153) Using 1 of 3 workers for concurrent weak references
[64.122s][info][gc,ref      ] GC(153) Encountered references: Soft: 140, Weak: 733, Final: 0, Phantom: 64
[64.122s][info][gc,ref      ] GC(153) Discovered  references: Soft: 0, Weak: 149, Final: 0, Phantom: 37
[64.122s][info][gc,ref      ] GC(153) Enqueued    references: Soft: 0, Weak: 0, Final: 0, Phantom: 0
[64.122s][info][gc          ] GC(153) Concurrent weak references 0.062ms
[64.122s][info][gc,start    ] GC(153) Concurrent weak roots
[64.122s][info][gc,task     ] GC(153) Using 1 of 3 workers for concurrent weak root
[64.125s][info][gc          ] GC(153) Concurrent weak roots 3.225ms
[64.125s][info][gc,start    ] GC(153) Concurrent cleanup
[64.125s][info][gc          ] GC(153) Concurrent cleanup 525M->48M(2048M) 0.053ms
[64.125s][info][gc,ergo     ] GC(153) Free: 1896M, Max: 1024K regular, 1419M humongous, Frag: 26% external, 0% internal; Reserve: 103M, Max: 1024K
[64.125s][info][gc,start    ] GC(153) Concurrent class unloading
[64.125s][info][gc,task     ] GC(153) Using 1 of 3 workers for concurrent class unloading
[64.129s][info][gc          ] GC(153) Concurrent class unloading 3.144ms
[64.129s][info][gc,start    ] GC(153) Pause Final Roots
[64.129s][info][gc          ] GC(153) Pause Final Roots 0.042ms
[64.129s][info][gc,ergo     ] Free: 1894M, Max: 1024K regular, 1419M humongous, Frag: 26% external, 0% internal; Reserve: 103M, Max: 1024K
[64.129s][info][gc,stats    ] 
[64.129s][info][gc,stats    ] All times are wall-clock times, except per-root-class counters, that are sum over
[64.129s][info][gc,stats    ] all workers. Dividing the <total> over the root stage time estimates parallelism.
[64.129s][info][gc,stats    ] 
[64.129s][info][gc,stats    ] Concurrent Reset                    222 us
[64.129s][info][gc,stats    ] Pause Init Mark (G)                 231 us
[64.129s][info][gc,stats    ] Pause Init Mark (N)                 116 us
[64.129s][info][gc,stats    ]   Update Region States               28 us
[64.129s][info][gc,stats    ] Concurrent Mark Roots               430 us, parallelism: 0.86x
[64.129s][info][gc,stats    ]   CMR: <total>                      368 us
[64.129s][info][gc,stats    ]   CMR: Thread Roots                 320 us, workers (us): 320, ---, ---, 
[64.129s][info][gc,stats    ]   CMR: VM Strong Roots                5 us, workers (us):   5, ---, ---, 
[64.129s][info][gc,stats    ]   CMR: CLDG Roots                    43 us, workers (us):  43, ---, ---, 
[64.129s][info][gc,stats    ] Concurrent Marking                 3995 us
[64.129s][info][gc,stats    ] Pause Final Mark (G)                250 us
[64.129s][info][gc,stats    ] Pause Final Mark (N)                181 us
[64.129s][info][gc,stats    ]   Finish Mark                        39 us
[64.129s][info][gc,stats    ]   Update Region States               33 us
[64.129s][info][gc,stats    ]   Choose Collection Set              57 us
[64.129s][info][gc,stats    ]   Rebuild Free Set                    8 us
[64.129s][info][gc,stats    ] Concurrent Weak References           69 us, parallelism: 0.15x
[64.129s][info][gc,stats    ]   CWRF: <total>                      11 us
[64.129s][info][gc,stats    ]   CWRF: Weak References              11 us, workers (us):  11, ---, ---, 
[64.129s][info][gc,stats    ] Concurrent Weak Roots              3258 us
[64.129s][info][gc,stats    ]   Roots                            3152 us, parallelism: 0.99x
[64.129s][info][gc,stats    ]     CWR: <total>                   3129 us
[64.129s][info][gc,stats    ]     CWR: Code Cache Roots           695 us, workers (us): 695, ---, ---, 
[64.129s][info][gc,stats    ]     CWR: VM Weak Roots             2428 us, workers (us): 2428, ---, ---, 
[64.129s][info][gc,stats    ]     CWR: CLDG Roots                   7 us, workers (us):   7, ---, ---, 
[64.129s][info][gc,stats    ]   Rendezvous                         58 us
[64.129s][info][gc,stats    ] Concurrent Cleanup                   62 us
[64.129s][info][gc,stats    ] Concurrent Class Unloading         3200 us
[64.129s][info][gc,stats    ]   Unlink Stale                     2917 us
[64.129s][info][gc,stats    ]     System Dictionary                 8 us
[64.129s][info][gc,stats    ]     Weak Class Links                  0 us
[64.129s][info][gc,stats    ]     Code Roots                     2907 us
[64.129s][info][gc,stats    ]   Rendezvous                         50 us
[64.129s][info][gc,stats    ]   Purge Unlinked                    158 us
[64.129s][info][gc,stats    ]     Code Roots                      154 us
[64.129s][info][gc,stats    ]     CLDG                              3 us
[64.129s][info][gc,stats    ]     Exception Caches                  0 us
[64.129s][info][gc,stats    ] Pause Final Roots (G)                98 us
[64.129s][info][gc,stats    ] Pause Final Roots (N)                51 us
[64.129s][info][gc,stats    ] 
[64.129s][info][gc,stats    ] Allocation pacing accrued:
[64.129s][info][gc,stats    ]       0 of   420 ms (  0.0%): <total>
[64.129s][info][gc,stats    ]       0 of   420 ms (  0.0%): <average total>
[64.129s][info][gc,stats    ] 
[64.129s][info][gc,metaspace] Metaspace: 14215K(14528K)->14215K(14528K) NonClass: 12310K(12480K)->12310K(12480K) Class: 1905K(2048K)->1905K(2048K)
[64.129s][info][gc,ergo     ] Pacer for Idle. Initial: 41943K, Alloc Tax Rate: 1.0x
[64.531s][info][gc          ] Trigger: Learning 5 of 5. Free (1431M) is below initial threshold (1433M)
[64.531s][info][gc,ergo     ] Free: 1431M, Max: 1024K regular, 1419M humongous, Frag: 1% external, 0% internal; Reserve: 103M, Max: 1024K
[64.531s][info][gc,start    ] GC(154) Concurrent reset
[64.531s][info][gc,task     ] GC(154) Using 1 of 3 workers for concurrent reset
[64.531s][info][gc,ergo     ] GC(154) Pacer for Reset. Non-Taxable: 2048M
[64.532s][info][gc          ] GC(154) Concurrent reset 0.204ms
[64.532s][info][gc,start    ] GC(154) Pause Init Mark (unload classes)
[64.532s][info][gc,task     ] GC(154) Using 3 of 3 workers for init marking
[64.532s][info][gc,ergo     ] GC(154) Pacer for Mark. Expected Live: 4518K, Free: 1431M, Non-Taxable: 143M, Alloc Tax Rate: 0.0x
[64.532s][info][gc          ] GC(154) Pause Init Mark (unload classes) 0.092ms
[64.532s][info][gc,start    ] GC(154) Concurrent marking roots
[64.532s][info][gc,task     ] GC(154) Using 1 of 3 workers for concurrent marking roots
[64.532s][info][gc          ] GC(154) Concurrent marking roots 0.452ms
[64.532s][info][gc,start    ] GC(154) Concurrent marking (unload classes)
[64.532s][info][gc,task     ] GC(154) Using 1 of 3 workers for concurrent marking
[64.536s][info][gc          ] GC(154) Concurrent marking (unload classes) 4.052ms
[64.536s][info][gc,start    ] GC(154) Pause Final Mark (unload classes)
[64.536s][info][gc,task     ] GC(154) Using 3 of 3 workers for final marking
[64.536s][info][gc,ergo     ] GC(154) Collectable Garbage: 477M (93%), Immediate: 477M (93%), CSet: 0B (0%)
[64.537s][info][gc          ] GC(154) Pause Final Mark (unload classes) 0.137ms
[64.537s][info][gc,start    ] GC(154) Concurrent weak references
[64.537s][info][gc,task     ] GC(154) Using 1 of 3 workers for concurrent weak references
[64.537s][info][gc,ref      ] GC(154) Encountered references: Soft: 140, Weak: 731, Final: 0, Phantom: 64
[64.537s][info][gc,ref      ] GC(154) Discovered  references: Soft: 0, Weak: 149, Final: 0, Phantom: 37
[64.537s][info][gc,ref      ] GC(154) Enqueued    references: Soft: 0, Weak: 0, Final: 0, Phantom: 0
[64.537s][info][gc          ] GC(154) Concurrent weak references 0.078ms
[64.537s][info][gc,start    ] GC(154) Concurrent weak roots
[64.537s][info][gc,task     ] GC(154) Using 1 of 3 workers for concurrent weak root
[64.540s][info][gc          ] GC(154) Concurrent weak roots 3.570ms
[64.540s][info][gc,start    ] GC(154) Concurrent cleanup
[64.540s][info][gc          ] GC(154) Concurrent cleanup 524M->46M(2048M) 0.058ms
[64.540s][info][gc,ergo     ] GC(154) Free: 1898M, Max: 1024K regular, 1425M humongous, Frag: 25% external, 0% internal; Reserve: 103M, Max: 1024K
[64.540s][info][gc,start    ] GC(154) Concurrent class unloading
[64.540s][info][gc,task     ] GC(154) Using 1 of 3 workers for concurrent class unloading
[64.543s][info][gc          ] GC(154) Concurrent class unloading 3.131ms
[64.544s][info][gc,start    ] GC(154) Pause Final Roots
[64.544s][info][gc          ] GC(154) Pause Final Roots 0.039ms
[64.544s][info][gc,ergo     ] Free: 1895M, Max: 1024K regular, 1425M humongous, Frag: 25% external, 0% internal; Reserve: 103M, Max: 1024K
[64.544s][info][gc,stats    ] 
[64.544s][info][gc,stats    ] All times are wall-clock times, except per-root-class counters, that are sum over
[64.544s][info][gc,stats    ] all workers. Dividing the <total> over the root stage time estimates parallelism.
[64.544s][info][gc,stats    ] 
[64.544s][info][gc,stats    ] Concurrent Reset                    225 us
[64.544s][info][gc,stats    ] Pause Init Mark (G)                 167 us
[64.544s][info][gc,stats    ] Pause Init Mark (N)                 100 us
[64.544s][info][gc,stats    ]   Update Region States               29 us
[64.544s][info][gc,stats    ] Concurrent Mark Roots               466 us, parallelism: 0.84x
[64.544s][info][gc,stats    ]   CMR: <total>                      391 us
[64.544s][info][gc,stats    ]   CMR: Thread Roots                 343 us, workers (us): 343, ---, ---, 
[64.544s][info][gc,stats    ]   CMR: VM Strong Roots                5 us, workers (us):   5, ---, ---, 
[64.544s][info][gc,stats    ]   CMR: CLDG Roots                    43 us, workers (us):  43, ---, ---, 
[64.544s][info][gc,stats    ] Concurrent Marking                 4097 us
[64.544s][info][gc,stats    ] Pause Final Mark (G)                198 us
[64.544s][info][gc,stats    ] Pause Final Mark (N)                151 us
[64.544s][info][gc,stats    ]   Finish Mark                        34 us
[64.544s][info][gc,stats    ]   Update Region States               27 us
[64.544s][info][gc,stats    ]   Choose Collection Set              28 us
[64.544s][info][gc,stats    ]   Rebuild Free Set                    7 us
[64.544s][info][gc,stats    ] Concurrent Weak References           86 us, parallelism: 0.07x
[64.544s][info][gc,stats    ]   CWRF: <total>                       6 us
[64.544s][info][gc,stats    ]   CWRF: Weak References               6 us, workers (us):   6, ---, ---, 
[64.544s][info][gc,stats    ] Concurrent Weak Roots              3601 us
[64.544s][info][gc,stats    ]   Roots                            3517 us, parallelism: 0.99x
[64.544s][info][gc,stats    ]     CWR: <total>                   3487 us
[64.544s][info][gc,stats    ]     CWR: Code Cache Roots           639 us, workers (us): 639, ---, ---, 
[64.544s][info][gc,stats    ]     CWR: VM Weak Roots             2840 us, workers (us): 2840, ---, ---, 
[64.544s][info][gc,stats    ]     CWR: CLDG Roots                   8 us, workers (us):   8, ---, ---, 
[64.544s][info][gc,stats    ]   Rendezvous                         37 us
[64.544s][info][gc,stats    ] Concurrent Cleanup                   67 us
[64.544s][info][gc,stats    ] Concurrent Class Unloading         3174 us
[64.544s][info][gc,stats    ]   Unlink Stale                     2930 us
[64.544s][info][gc,stats    ]     System Dictionary                 7 us
[64.544s][info][gc,stats    ]     Weak Class Links                  0 us
[64.544s][info][gc,stats    ]     Code Roots                     2920 us
[64.544s][info][gc,stats    ]   Rendezvous                         52 us
[64.544s][info][gc,stats    ]   Purge Unlinked                    131 us
[64.544s][info][gc,stats    ]     Code Roots                      129 us
[64.544s][info][gc,stats    ]     CLDG                              2 us
[64.544s][info][gc,stats    ]     Exception Caches                  0 us
[64.544s][info][gc,stats    ] Pause Final Roots (G)                94 us
[64.544s][info][gc,stats    ] Pause Final Roots (N)                48 us
[64.544s][info][gc,stats    ] 
[64.544s][info][gc,stats    ] Allocation pacing accrued:
[64.544s][info][gc,stats    ]       0 of   415 ms (  0.0%): <total>
[64.544s][info][gc,stats    ]       0 of   415 ms (  0.0%): <average total>
[64.544s][info][gc,stats    ] 
[64.544s][info][gc,metaspace] Metaspace: 14215K(14528K)->14215K(14528K) NonClass: 12310K(12480K)->12310K(12480K) Class: 1905K(2048K)->1905K(2048K)
[64.544s][info][gc,ergo     ] Pacer for Idle. Initial: 41943K, Alloc Tax Rate: 1.0x
[64.758s][info][gc          ] Trigger: Explicit GC request (System.gc())
[64.758s][info][gc,ergo     ] Free: 1715M, Max: 1024K regular, 1425M humongous, Frag: 17% external, 0% internal; Reserve: 103M, Max: 1024K
[64.758s][info][gc,start    ] GC(155) Concurrent reset
[64.758s][info][gc,task     ] GC(155) Using 1 of 3 workers for concurrent reset
[64.758s][info][gc,ergo     ] GC(155) Pacer for Reset. Non-Taxable: 2048M
[64.758s][info][gc          ] GC(155) Concurrent reset 0.313ms
[64.758s][info][gc,start    ] GC(155) Pause Init Mark (unload classes)
[64.758s][info][gc,task     ] GC(155) Using 3 of 3 workers for init marking
[64.758s][info][gc,ref      ] GC(155) Clearing All SoftReferences
[64.758s][info][gc,ergo     ] GC(155) Pacer for Mark. Expected Live: 4512K, Free: 1715M, Non-Taxable: 171M, Alloc Tax Rate: 0.0x
[64.758s][info][gc          ] GC(155) Pause Init Mark (unload classes) 0.222ms
[64.758s][info][gc,start    ] GC(155) Concurrent marking roots
[64.758s][info][gc,task     ] GC(155) Using 1 of 3 workers for concurrent marking roots
[64.759s][info][gc          ] GC(155) Concurrent marking roots 0.656ms
[64.759s][info][gc,start    ] GC(155) Concurrent marking (unload classes)
[64.759s][info][gc,task     ] GC(155) Using 1 of 3 workers for concurrent marking
[64.763s][info][gc          ] GC(155) Concurrent marking (unload classes) 4.062ms
[64.763s][info][gc,start    ] GC(155) Pause Final Mark (unload classes)
[64.763s][info][gc,task     ] GC(155) Using 3 of 3 workers for final marking
[64.763s][info][gc,ergo     ] GC(155) Collectable Garbage: 209M (93%), Immediate: 209M (93%), CSet: 0B (0%)
[64.763s][info][gc          ] GC(155) Pause Final Mark (unload classes) 0.273ms
[64.763s][info][gc,start    ] GC(155) Concurrent weak references
[64.764s][info][gc,task     ] GC(155) Using 1 of 3 workers for concurrent weak references
[64.764s][info][gc,ref      ] GC(155) Encountered references: Soft: 140, Weak: 717, Final: 0, Phantom: 64
[64.764s][info][gc,ref      ] GC(155) Discovered  references: Soft: 88, Weak: 171, Final: 0, Phantom: 62
[64.764s][info][gc,ref      ] GC(155) Enqueued    references: Soft: 3, Weak: 0, Final: 0, Phantom: 0
[64.764s][info][gc          ] GC(155) Concurrent weak references 0.132ms
[64.764s][info][gc,start    ] GC(155) Concurrent weak roots
[64.764s][info][gc,task     ] GC(155) Using 1 of 3 workers for concurrent weak root
[64.766s][info][gc          ] GC(155) Concurrent weak roots 2.613ms
[64.766s][info][gc,start    ] GC(155) Concurrent cleanup
[64.766s][info][gc          ] GC(155) Concurrent cleanup 229M->19M(2048M) 0.067ms
[64.766s][info][gc,ergo     ] GC(155) Free: 1925M, Max: 1024K regular, 1652M humongous, Frag: 15% external, 0% internal; Reserve: 103M, Max: 1024K
[64.766s][info][gc,start    ] GC(155) Concurrent class unloading
[64.766s][info][gc,task     ] GC(155) Using 1 of 3 workers for concurrent class unloading
[64.771s][info][gc          ] GC(155) Concurrent class unloading 4.238ms
[64.771s][info][gc,start    ] GC(155) Pause Final Roots
[64.771s][info][gc          ] GC(155) Pause Final Roots 0.051ms
[64.771s][info][gc,ergo     ] Free: 1925M, Max: 1024K regular, 1652M humongous, Frag: 15% external, 0% internal; Reserve: 103M, Max: 1024K
[64.771s][info][gc,stats    ] 
[64.771s][info][gc,stats    ] All times are wall-clock times, except per-root-class counters, that are sum over
[64.771s][info][gc,stats    ] all workers. Dividing the <total> over the root stage time estimates parallelism.
[64.771s][info][gc,stats    ] 
[64.771s][info][gc,stats    ] Concurrent Reset                    352 us
[64.771s][info][gc,stats    ] Pause Init Mark (G)                 357 us
[64.771s][info][gc,stats    ] Pause Init Mark (N)                 243 us
[64.771s][info][gc,stats    ]   Update Region States               66 us
[64.771s][info][gc,stats    ] Concurrent Mark Roots               665 us, parallelism: 0.88x
[64.771s][info][gc,stats    ]   CMR: <total>                      584 us
[64.771s][info][gc,stats    ]   CMR: Thread Roots                 546 us, workers (us): 546, ---, ---, 
[64.771s][info][gc,stats    ]   CMR: VM Strong Roots                5 us, workers (us):   5, ---, ---, 
[64.771s][info][gc,stats    ]   CMR: CLDG Roots                    34 us, workers (us):  34, ---, ---, 
[64.771s][info][gc,stats    ] Concurrent Marking                 4084 us
[64.771s][info][gc,stats    ] Pause Final Mark (G)                345 us
[64.771s][info][gc,stats    ] Pause Final Mark (N)                295 us
[64.771s][info][gc,stats    ]   Finish Mark                        67 us
[64.771s][info][gc,stats    ]   Update Region States               51 us
[64.771s][info][gc,stats    ]   Choose Collection Set              54 us
[64.771s][info][gc,stats    ]   Rebuild Free Set                   22 us
[64.771s][info][gc,stats    ] Concurrent Weak References          147 us, parallelism: 0.05x
[64.771s][info][gc,stats    ]   CWRF: <total>                       7 us
[64.771s][info][gc,stats    ]   CWRF: Weak References               7 us, workers (us):   7, ---, ---, 
[64.771s][info][gc,stats    ] Concurrent Weak Roots              2638 us
[64.771s][info][gc,stats    ]   Roots                            2488 us, parallelism: 0.98x
[64.771s][info][gc,stats    ]     CWR: <total>                   2435 us
[64.771s][info][gc,stats    ]     CWR: Code Cache Roots           595 us, workers (us): 595, ---, ---, 
[64.771s][info][gc,stats    ]     CWR: VM Weak Roots             1833 us, workers (us): 1833, ---, ---, 
[64.771s][info][gc,stats    ]     CWR: CLDG Roots                   6 us, workers (us):   6, ---, ---, 
[64.771s][info][gc,stats    ]   Rendezvous                         94 us
[64.771s][info][gc,stats    ] Concurrent Cleanup                   96 us
[64.771s][info][gc,stats    ] Concurrent Class Unloading         4265 us
[64.771s][info][gc,stats    ]   Unlink Stale                     3918 us
[64.771s][info][gc,stats    ]     System Dictionary                 9 us
[64.771s][info][gc,stats    ]     Weak Class Links                  0 us
[64.771s][info][gc,stats    ]     Code Roots                     3907 us
[64.771s][info][gc,stats    ]   Rendezvous                        124 us
[64.771s][info][gc,stats    ]   Purge Unlinked                    156 us
[64.771s][info][gc,stats    ]     Code Roots                      151 us
[64.771s][info][gc,stats    ]     CLDG                              4 us
[64.772s][info][gc,stats    ]     Exception Caches                  0 us
[64.772s][info][gc,stats    ] Pause Final Roots (G)               125 us
[64.772s][info][gc,stats    ] Pause Final Roots (N)                60 us
[64.772s][info][gc,stats    ] 
[64.772s][info][gc,stats    ] Allocation pacing accrued:
[64.772s][info][gc,stats    ]       0 of   228 ms (  0.0%): <total>
[64.772s][info][gc,stats    ]       0 of   228 ms (  0.0%): <average total>
[64.772s][info][gc,stats    ] 
[64.772s][info][gc,metaspace] Metaspace: 14216K(14528K)->14216K(14528K) NonClass: 12311K(12480K)->12311K(12480K) Class: 1905K(2048K)->1905K(2048K)
[64.772s][info][gc,ergo     ] Pacer for Idle. Initial: 41943K, Alloc Tax Rate: 1.0x
[65.229s][info][gc          ] Trigger: Learning 2 of 5. Free (1433M) is below initial threshold (1433M)
[65.229s][info][gc,ergo     ] Free: 1433M, Max: 1024K regular, 1433M humongous, Frag: 0% external, 0% internal; Reserve: 103M, Max: 1024K
[65.229s][info][gc,start    ] GC(156) Concurrent reset
[65.229s][info][gc,task     ] GC(156) Using 1 of 3 workers for concurrent reset
[65.229s][info][gc,ergo     ] GC(156) Pacer for Reset. Non-Taxable: 2048M
[65.229s][info][gc          ] GC(156) Concurrent reset 0.185ms
[65.229s][info][gc,start    ] GC(156) Pause Init Mark (unload classes)
[65.229s][info][gc,task     ] GC(156) Using 3 of 3 workers for init marking
[65.229s][info][gc,ergo     ] GC(156) Pacer for Mark. Expected Live: 4512K, Free: 1433M, Non-Taxable: 143M, Alloc Tax Rate: 0.0x
[65.229s][info][gc          ] GC(156) Pause Init Mark (unload classes) 0.072ms
[65.229s][info][gc,start    ] GC(156) Concurrent marking roots
[65.229s][info][gc,task     ] GC(156) Using 1 of 3 workers for concurrent marking roots
[65.230s][info][gc          ] GC(156) Concurrent marking roots 0.403ms
[65.230s][info][gc,start    ] GC(156) Concurrent marking (unload classes)
[65.230s][info][gc,task     ] GC(156) Using 1 of 3 workers for concurrent marking
[65.234s][info][gc          ] GC(156) Concurrent marking (unload classes) 3.939ms
[65.234s][info][gc,start    ] GC(156) Pause Final Mark (unload classes)
[65.234s][info][gc,task     ] GC(156) Using 3 of 3 workers for final marking
[65.234s][info][gc,ergo     ] GC(156) Collectable Garbage: 480M (94%), Immediate: 480M (94%), CSet: 0B (0%)
[65.234s][info][gc          ] GC(156) Pause Final Mark (unload classes) 0.147ms
[65.234s][info][gc,start    ] GC(156) Concurrent weak references
[65.234s][info][gc,task     ] GC(156) Using 1 of 3 workers for concurrent weak references
[65.234s][info][gc,ref      ] GC(156) Encountered references: Soft: 140, Weak: 729, Final: 0, Phantom: 64
[65.234s][info][gc,ref      ] GC(156) Discovered  references: Soft: 0, Weak: 147, Final: 0, Phantom: 37
[65.234s][info][gc,ref      ] GC(156) Enqueued    references: Soft: 0, Weak: 0, Final: 0, Phantom: 0
[65.234s][info][gc          ] GC(156) Concurrent weak references 0.062ms
[65.234s][info][gc,start    ] GC(156) Concurrent weak roots
[65.234s][info][gc,task     ] GC(156) Using 1 of 3 workers for concurrent weak root
[65.239s][info][gc          ] GC(156) Concurrent weak roots 4.584ms
[65.239s][info][gc,start    ] GC(156) Concurrent cleanup
[65.239s][info][gc          ] GC(156) Concurrent cleanup 524M->44M(2048M) 0.056ms
[65.239s][info][gc,ergo     ] GC(156) Free: 1900M, Max: 1024K regular, 1420M humongous, Frag: 26% external, 0% internal; Reserve: 103M, Max: 1024K
[65.239s][info][gc,start    ] GC(156) Concurrent class unloading
[65.239s][info][gc,task     ] GC(156) Using 1 of 3 workers for concurrent class unloading
[65.242s][info][gc          ] GC(156) Concurrent class unloading 3.181ms
[65.242s][info][gc,start    ] GC(156) Pause Final Roots
[65.242s][info][gc          ] GC(156) Pause Final Roots 0.011ms
[65.242s][info][gc,ergo     ] Free: 1898M, Max: 1024K regular, 1420M humongous, Frag: 26% external, 0% internal; Reserve: 103M, Max: 1024K
[65.242s][info][gc,stats    ] 
[65.242s][info][gc,stats    ] All times are wall-clock times, except per-root-class counters, that are sum over
[65.242s][info][gc,stats    ] all workers. Dividing the <total> over the root stage time estimates parallelism.
[65.242s][info][gc,stats    ] 
[65.242s][info][gc,stats    ] Concurrent Reset                    229 us
[65.242s][info][gc,stats    ] Pause Init Mark (G)                 198 us
[65.242s][info][gc,stats    ] Pause Init Mark (N)                  80 us
[65.242s][info][gc,stats    ]   Update Region States               25 us
[65.242s][info][gc,stats    ] Concurrent Mark Roots               416 us, parallelism: 0.84x
[65.242s][info][gc,stats    ]   CMR: <total>                      352 us
[65.242s][info][gc,stats    ]   CMR: Thread Roots                 308 us, workers (us): 308, ---, ---, 
[65.242s][info][gc,stats    ]   CMR: VM Strong Roots                5 us, workers (us):   5, ---, ---, 
[65.242s][info][gc,stats    ]   CMR: CLDG Roots                    39 us, workers (us):  39, ---, ---, 
[65.242s][info][gc,stats    ] Concurrent Marking                 3985 us
[65.242s][info][gc,stats    ] Pause Final Mark (G)                228 us
[65.242s][info][gc,stats    ] Pause Final Mark (N)                156 us
[65.242s][info][gc,stats    ]   Finish Mark                        37 us
[65.242s][info][gc,stats    ]   Update Region States               28 us
[65.242s][info][gc,stats    ]   Choose Collection Set              26 us
[65.242s][info][gc,stats    ]   Rebuild Free Set                    7 us
[65.242s][info][gc,stats    ] Concurrent Weak References           69 us, parallelism: 0.12x
[65.242s][info][gc,stats    ]   CWRF: <total>                       8 us
[65.242s][info][gc,stats    ]   CWRF: Weak References               8 us, workers (us):   8, ---, ---, 
[65.242s][info][gc,stats    ] Concurrent Weak Roots              4628 us
[65.242s][info][gc,stats    ]   Roots                            4520 us, parallelism: 0.99x
[65.242s][info][gc,stats    ]     CWR: <total>                   4493 us
[65.242s][info][gc,stats    ]     CWR: Code Cache Roots           660 us, workers (us): 660, ---, ---, 
[65.242s][info][gc,stats    ]     CWR: VM Weak Roots             3825 us, workers (us): 3825, ---, ---, 
[65.242s][info][gc,stats    ]     CWR: CLDG Roots                   8 us, workers (us):   8, ---, ---, 
[65.242s][info][gc,stats    ]   Rendezvous                         47 us
[65.242s][info][gc,stats    ] Concurrent Cleanup                   66 us
[65.242s][info][gc,stats    ] Concurrent Class Unloading         3227 us
[65.242s][info][gc,stats    ]   Unlink Stale                     2959 us
[65.242s][info][gc,stats    ]     System Dictionary                 8 us
[65.242s][info][gc,stats    ]     Weak Class Links                  0 us
[65.242s][info][gc,stats    ]     Code Roots                     2949 us
[65.242s][info][gc,stats    ]   Rendezvous                         72 us
[65.242s][info][gc,stats    ]   Purge Unlinked                    131 us
[65.242s][info][gc,stats    ]     Code Roots                      129 us
[65.242s][info][gc,stats    ]     CLDG                              2 us
[65.242s][info][gc,stats    ]     Exception Caches                  0 us
[65.242s][info][gc,stats    ] Pause Final Roots (G)                79 us
[65.242s][info][gc,stats    ] Pause Final Roots (N)                19 us
[65.242s][info][gc,stats    ] 
[65.242s][info][gc,stats    ] Allocation pacing accrued:
[65.242s][info][gc,stats    ]       0 of   471 ms (  0.0%): <total>
[65.242s][info][gc,stats    ]       0 of   471 ms (  0.0%): <average total>
[65.242s][info][gc,stats    ] 
[65.242s][info][gc,metaspace] Metaspace: 14217K(14528K)->14217K(14528K) NonClass: 12311K(12480K)->12311K(12480K) Class: 1905K(2048K)->1905K(2048K)
[65.242s][info][gc,ergo     ] Pacer for Idle. Initial: 41943K, Alloc Tax Rate: 1.0x
[65.685s][info][gc          ] Trigger: Learning 3 of 5. Free (1432M) is below initial threshold (1433M)
[65.685s][info][gc,ergo     ] Free: 1432M, Max: 1024K regular, 1420M humongous, Frag: 1% external, 0% internal; Reserve: 103M, Max: 1024K
[65.685s][info][gc,start    ] GC(157) Concurrent reset
[65.685s][info][gc,task     ] GC(157) Using 1 of 3 workers for concurrent reset
[65.685s][info][gc,ergo     ] GC(157) Pacer for Reset. Non-Taxable: 2048M
[65.685s][info][gc          ] GC(157) Concurrent reset 0.195ms
[65.685s][info][gc,start    ] GC(157) Pause Init Mark (unload classes)
[65.685s][info][gc,task     ] GC(157) Using 3 of 3 workers for init marking
[65.685s][info][gc,ergo     ] GC(157) Pacer for Mark. Expected Live: 4512K, Free: 1431M, Non-Taxable: 143M, Alloc Tax Rate: 0.0x
[65.685s][info][gc          ] GC(157) Pause Init Mark (unload classes) 0.092ms
[65.685s][info][gc,start    ] GC(157) Concurrent marking roots
[65.685s][info][gc,task     ] GC(157) Using 1 of 3 workers for concurrent marking roots
[65.686s][info][gc          ] GC(157) Concurrent marking roots 0.416ms
[65.686s][info][gc,start    ] GC(157) Concurrent marking (unload classes)
[65.686s][info][gc,task     ] GC(157) Using 1 of 3 workers for concurrent marking
[65.704s][info][gc          ] GC(157) Concurrent marking (unload classes) 18.164ms
[65.704s][info][gc,start    ] GC(157) Pause Final Mark (unload classes)
[65.704s][info][gc,task     ] GC(157) Using 3 of 3 workers for final marking
[65.704s][info][gc,ergo     ] GC(157) Adaptive CSet Selection. Target Free: 290M, Actual Free: 1612M, Max CSet: 87381K, Min Garbage: 0B
[65.704s][info][gc,ergo     ] GC(157) Collectable Garbage: 500M (99%), Immediate: 100M (19%), CSet: 400M (79%)
[65.704s][info][gc,ergo     ] GC(157) Pacer for Evacuation. Used CSet: 409M, Free: 1509M, Non-Taxable: 150M, Alloc Tax Rate: 1.1x
[65.704s][info][gc          ] GC(157) Pause Final Mark (unload classes) 0.200ms
[65.704s][info][gc,start    ] GC(157) Concurrent thread roots
[65.704s][info][gc,task     ] GC(157) Using 1 of 3 workers for Concurrent thread roots
[65.704s][info][gc          ] GC(157) Concurrent thread roots 0.361ms
[65.704s][info][gc,start    ] GC(157) Concurrent weak references
[65.704s][info][gc,task     ] GC(157) Using 1 of 3 workers for concurrent weak references
[65.704s][info][gc,ref      ] GC(157) Encountered references: Soft: 140, Weak: 729, Final: 0, Phantom: 64
[65.704s][info][gc,ref      ] GC(157) Discovered  references: Soft: 0, Weak: 147, Final: 0, Phantom: 37
[65.704s][info][gc,ref      ] GC(157) Enqueued    references: Soft: 0, Weak: 0, Final: 0, Phantom: 0
[65.705s][info][gc          ] GC(157) Concurrent weak references 0.057ms
[65.705s][info][gc,start    ] GC(157) Concurrent weak roots
[65.705s][info][gc,task     ] GC(157) Using 1 of 3 workers for concurrent weak root
[65.708s][info][gc          ] GC(157) Concurrent weak roots 3.454ms
[65.708s][info][gc,start    ] GC(157) Concurrent cleanup
[65.708s][info][gc          ] GC(157) Concurrent cleanup 540M->440M(2048M) 0.039ms
[65.708s][info][gc,ergo     ] GC(157) Free: 1504M, Max: 1024K regular, 1404M humongous, Frag: 7% external, 0% internal; Reserve: 102M, Max: 1024K
[65.708s][info][gc,start    ] GC(157) Concurrent class unloading
[65.708s][info][gc,task     ] GC(157) Using 1 of 3 workers for concurrent class unloading
[65.711s][info][gc          ] GC(157) Concurrent class unloading 3.298ms
[65.711s][info][gc,start    ] GC(157) Concurrent strong roots
[65.711s][info][gc,task     ] GC(157) Using 1 of 3 workers for concurrent strong root
[65.712s][info][gc          ] GC(157) Concurrent strong roots 0.068ms
[65.712s][info][gc,start    ] GC(157) Concurrent evacuation
[65.712s][info][gc,task     ] GC(157) Using 1 of 3 workers for concurrent evacuation
[65.721s][info][gc          ] GC(157) Concurrent evacuation 9.163ms
[65.721s][info][gc,start    ] GC(157) Pause Init Update Refs
[65.721s][info][gc,ergo     ] GC(157) Pacer for Update Refs. Used: 462M, Free: 1491M, Non-Taxable: 149M, Alloc Tax Rate: 1.1x
[65.721s][info][gc          ] GC(157) Pause Init Update Refs 0.055ms
[65.721s][info][gc,start    ] GC(157) Concurrent update references
[65.721s][info][gc,task     ] GC(157) Using 1 of 3 workers for concurrent reference update
[65.738s][info][gc          ] GC(157) Concurrent update references 16.796ms
[65.738s][info][gc,start    ] GC(157) Concurrent update thread roots
[65.738s][info][gc          ] GC(157) Concurrent update thread roots 0.368ms
[65.738s][info][gc,start    ] GC(157) Pause Final Update Refs
[65.738s][info][gc,task     ] GC(157) Using 3 of 3 workers for final reference update
[65.738s][info][gc          ] GC(157) Pause Final Update Refs 0.086ms
[65.738s][info][gc,start    ] GC(157) Concurrent cleanup
[65.738s][info][gc          ] GC(157) Concurrent cleanup 479M->70M(2048M) 0.050ms
[65.738s][info][gc,ergo     ] Free: 1874M, Max: 1024K regular, 1395M humongous, Frag: 26% external, 0% internal; Reserve: 103M, Max: 1024K
[65.738s][info][gc,stats    ] 
[65.738s][info][gc,stats    ] All times are wall-clock times, except per-root-class counters, that are sum over
[65.738s][info][gc,stats    ] all workers. Dividing the <total> over the root stage time estimates parallelism.
[65.738s][info][gc,stats    ] 
[65.738s][info][gc,stats    ] Concurrent Reset                    213 us
[65.738s][info][gc,stats    ] Pause Init Mark (G)                 270 us
[65.738s][info][gc,stats    ] Pause Init Mark (N)                 101 us
[65.738s][info][gc,stats    ]   Update Region States               25 us
[65.738s][info][gc,stats    ] Concurrent Mark Roots               430 us, parallelism: 0.83x
[65.738s][info][gc,stats    ]   CMR: <total>                      357 us
[65.738s][info][gc,stats    ]   CMR: Thread Roots                 320 us, workers (us): 320, ---, ---, 
[65.738s][info][gc,stats    ]   CMR: VM Strong Roots                4 us, workers (us):   4, ---, ---, 
[65.738s][info][gc,stats    ]   CMR: CLDG Roots                    34 us, workers (us):  34, ---, ---, 
[65.739s][info][gc,stats    ] Concurrent Marking                18217 us
[65.739s][info][gc,stats    ] Pause Final Mark (G)                318 us
[65.739s][info][gc,stats    ] Pause Final Mark (N)                209 us
[65.739s][info][gc,stats    ]   Finish Mark                        35 us
[65.739s][info][gc,stats    ]   Update Region States               29 us
[65.739s][info][gc,stats    ]   Choose Collection Set              96 us
[65.739s][info][gc,stats    ]   Rebuild Free Set                    8 us
[65.739s][info][gc,stats    ] Concurrent Thread Roots             375 us, parallelism: 0.84x
[65.739s][info][gc,stats    ]   CTR: <total>                      316 us
[65.739s][info][gc,stats    ]   CTR: Thread Roots                 316 us, workers (us): 316, ---, ---, 
[65.739s][info][gc,stats    ] Concurrent Weak References           64 us, parallelism: 0.13x
[65.739s][info][gc,stats    ]   CWRF: <total>                       9 us
[65.739s][info][gc,stats    ]   CWRF: Weak References               9 us, workers (us):   9, ---, ---, 
[65.739s][info][gc,stats    ] Concurrent Weak Roots              3508 us
[65.739s][info][gc,stats    ]   Roots                            3302 us, parallelism: 0.99x
[65.739s][info][gc,stats    ]     CWR: <total>                   3277 us
[65.739s][info][gc,stats    ]     CWR: Code Cache Roots           746 us, workers (us): 746, ---, ---, 
[65.739s][info][gc,stats    ]     CWR: VM Weak Roots             2524 us, workers (us): 2524, ---, ---, 
[65.739s][info][gc,stats    ]     CWR: CLDG Roots                   7 us, workers (us):   7, ---, ---, 
[65.739s][info][gc,stats    ]   Rendezvous                        136 us
[65.739s][info][gc,stats    ] Concurrent Cleanup                   48 us
[65.739s][info][gc,stats    ] Concurrent Class Unloading         3350 us
[65.739s][info][gc,stats    ]   Unlink Stale                     3038 us
[65.739s][info][gc,stats    ]     System Dictionary                 8 us
[65.739s][info][gc,stats    ]     Weak Class Links                  0 us
[65.739s][info][gc,stats    ]     Code Roots                     3029 us
[65.739s][info][gc,stats    ]   Rendezvous                         58 us
[65.739s][info][gc,stats    ]   Purge Unlinked                    183 us
[65.739s][info][gc,stats    ]     Code Roots                      177 us
[65.739s][info][gc,stats    ]     CLDG                              5 us
[65.739s][info][gc,stats    ]     Exception Caches                  0 us
[65.739s][info][gc,stats    ] Concurrent Strong Roots              78 us, parallelism: 0.41x
[65.739s][info][gc,stats    ]   CSR: <total>                       32 us
[65.739s][info][gc,stats    ]   CSR: VM Strong Roots                3 us, workers (us):   3, ---, ---, 
[65.739s][info][gc,stats    ]   CSR: CLDG Roots                    29 us, workers (us):  29, ---, ---, 
[65.739s][info][gc,stats    ] Concurrent Evacuation              9221 us
[65.739s][info][gc,stats    ] Pause Init Update Refs (G)          160 us
[65.739s][info][gc,stats    ] Pause Init Update Refs (N)           63 us
[65.739s][info][gc,stats    ]   Manage GCLABs                       3 us
[65.739s][info][gc,stats    ] Concurrent Update Refs            16852 us
[65.739s][info][gc,stats    ] Concurrent Update Thread Roots      386 us
[65.739s][info][gc,stats    ] Pause Final Update Refs (G)         189 us
[65.739s][info][gc,stats    ] Pause Final Update Refs (N)         121 us
[65.739s][info][gc,stats    ]   Update Region States               39 us
[65.739s][info][gc,stats    ]   Trash Collection Set                4 us
[65.739s][info][gc,stats    ]   Rebuild Free Set                   13 us
[65.739s][info][gc,stats    ] Concurrent Cleanup                   59 us
[65.739s][info][gc,stats    ] 
[65.739s][info][gc,stats    ] Allocation pacing accrued:
[65.739s][info][gc,stats    ]       0 of   496 ms (  0.0%): <total>
[65.739s][info][gc,stats    ]       0 of   496 ms (  0.0%): <average total>
[65.739s][info][gc,stats    ] 
[65.739s][info][gc,metaspace] Metaspace: 14217K(14528K)->14217K(14528K) NonClass: 12311K(12480K)->12311K(12480K) Class: 1905K(2048K)->1905K(2048K)
[65.739s][info][gc,ergo     ] Pacer for Idle. Initial: 41943K, Alloc Tax Rate: 1.0x
[66.121s][info][gc          ] Trigger: Learning 4 of 5. Free (1433M) is below initial threshold (1433M)
[66.121s][info][gc,ergo     ] Free: 1433M, Max: 1024K regular, 1395M humongous, Frag: 3% external, 0% internal; Reserve: 103M, Max: 1024K
[66.121s][info][gc,start    ] GC(158) Concurrent reset
[66.121s][info][gc,task     ] GC(158) Using 1 of 3 workers for concurrent reset
[66.122s][info][gc,ergo     ] GC(158) Pacer for Reset. Non-Taxable: 2048M
[66.123s][info][gc          ] GC(158) Concurrent reset 1.987ms
[66.124s][info][gc,start    ] GC(158) Pause Init Mark (unload classes)
[66.124s][info][gc,task     ] GC(158) Using 3 of 3 workers for init marking
[66.124s][info][gc,ergo     ] GC(158) Pacer for Mark. Expected Live: 6125K, Free: 1431M, Non-Taxable: 143M, Alloc Tax Rate: 0.0x
[66.124s][info][gc          ] GC(158) Pause Init Mark (unload classes) 0.092ms
[66.124s][info][gc,start    ] GC(158) Concurrent marking roots
[66.124s][info][gc,task     ] GC(158) Using 1 of 3 workers for concurrent marking roots
[66.124s][info][gc          ] GC(158) Concurrent marking roots 0.483ms
[66.124s][info][gc,start    ] GC(158) Concurrent marking (unload classes)
[66.124s][info][gc,task     ] GC(158) Using 1 of 3 workers for concurrent marking
[66.128s][info][gc          ] GC(158) Concurrent marking (unload classes) 4.020ms
[66.128s][info][gc,start    ] GC(158) Pause Final Mark (unload classes)
[66.128s][info][gc,task     ] GC(158) Using 3 of 3 workers for final marking
[66.128s][info][gc,ergo     ] GC(158) Collectable Garbage: 492M (96%), Immediate: 492M (96%), CSet: 0B (0%)
[66.128s][info][gc          ] GC(158) Pause Final Mark (unload classes) 0.164ms
[66.129s][info][gc,start    ] GC(158) Concurrent weak references
[66.129s][info][gc,task     ] GC(158) Using 1 of 3 workers for concurrent weak references
[66.129s][info][gc,ref      ] GC(158) Encountered references: Soft: 140, Weak: 729, Final: 0, Phantom: 64
[66.129s][info][gc,ref      ] GC(158) Discovered  references: Soft: 0, Weak: 147, Final: 0, Phantom: 37
[66.129s][info][gc,ref      ] GC(158) Enqueued    references: Soft: 0, Weak: 0, Final: 0, Phantom: 0
[66.129s][info][gc          ] GC(158) Concurrent weak references 0.059ms
[66.129s][info][gc,start    ] GC(158) Concurrent weak roots
[66.129s][info][gc,task     ] GC(158) Using 1 of 3 workers for concurrent weak root
[66.132s][info][gc          ] GC(158) Concurrent weak roots 3.212ms
[66.132s][info][gc,start    ] GC(158) Concurrent cleanup
[66.132s][info][gc          ] GC(158) Concurrent cleanup 526M->34M(2048M) 0.056ms
[66.132s][info][gc,ergo     ] GC(158) Free: 1910M, Max: 1024K regular, 1435M humongous, Frag: 25% external, 0% internal; Reserve: 103M, Max: 1024K
[66.132s][info][gc,start    ] GC(158) Concurrent class unloading
[66.132s][info][gc,task     ] GC(158) Using 1 of 3 workers for concurrent class unloading
[66.135s][info][gc          ] GC(158) Concurrent class unloading 3.266ms
[66.135s][info][gc,start    ] GC(158) Pause Final Roots
[66.135s][info][gc          ] GC(158) Pause Final Roots 0.040ms
[66.135s][info][gc,ergo     ] Free: 1907M, Max: 1024K regular, 1435M humongous, Frag: 25% external, 0% internal; Reserve: 103M, Max: 1024K
[66.136s][info][gc,stats    ] 
[66.136s][info][gc,stats    ] All times are wall-clock times, except per-root-class counters, that are sum over
[66.136s][info][gc,stats    ] all workers. Dividing the <total> over the root stage time estimates parallelism.
[66.136s][info][gc,stats    ] 
[66.136s][info][gc,stats    ] Concurrent Reset                   2048 us
[66.136s][info][gc,stats    ] Pause Init Mark (G)                 171 us
[66.136s][info][gc,stats    ] Pause Init Mark (N)                 101 us
[66.136s][info][gc,stats    ]   Update Region States               29 us
[66.136s][info][gc,stats    ] Concurrent Mark Roots               503 us, parallelism: 0.85x
[66.136s][info][gc,stats    ]   CMR: <total>                      429 us
[66.136s][info][gc,stats    ]   CMR: Thread Roots                 365 us, workers (us): 365, ---, ---, 
[66.136s][info][gc,stats    ]   CMR: VM Strong Roots                7 us, workers (us):   7, ---, ---, 
[66.136s][info][gc,stats    ]   CMR: CLDG Roots                    56 us, workers (us):  56, ---, ---, 
[66.136s][info][gc,stats    ] Concurrent Marking                 4071 us
[66.136s][info][gc,stats    ] Pause Final Mark (G)                238 us
[66.136s][info][gc,stats    ] Pause Final Mark (N)                174 us
[66.136s][info][gc,stats    ]   Finish Mark                        41 us
[66.136s][info][gc,stats    ]   Update Region States               34 us
[66.136s][info][gc,stats    ]   Choose Collection Set              48 us
[66.136s][info][gc,stats    ]   Rebuild Free Set                    8 us
[66.136s][info][gc,stats    ] Concurrent Weak References           66 us, parallelism: 0.09x
[66.136s][info][gc,stats    ]   CWRF: <total>                       6 us
[66.136s][info][gc,stats    ]   CWRF: Weak References               6 us, workers (us):   6, ---, ---, 
[66.136s][info][gc,stats    ] Concurrent Weak Roots              3254 us
[66.136s][info][gc,stats    ]   Roots                            3139 us, parallelism: 0.99x
[66.136s][info][gc,stats    ]     CWR: <total>                   3111 us
[66.136s][info][gc,stats    ]     CWR: Code Cache Roots           655 us, workers (us): 655, ---, ---, 
[66.136s][info][gc,stats    ]     CWR: VM Weak Roots             2449 us, workers (us): 2449, ---, ---, 
[66.136s][info][gc,stats    ]     CWR: CLDG Roots                   7 us, workers (us):   7, ---, ---, 
[66.136s][info][gc,stats    ]   Rendezvous                         57 us
[66.136s][info][gc,stats    ] Concurrent Cleanup                   65 us
[66.136s][info][gc,stats    ] Concurrent Class Unloading         3314 us
[66.136s][info][gc,stats    ]   Unlink Stale                     3061 us
[66.136s][info][gc,stats    ]     System Dictionary                 7 us
[66.136s][info][gc,stats    ]     Weak Class Links                  0 us
[66.136s][info][gc,stats    ]     Code Roots                     3052 us
[66.136s][info][gc,stats    ]   Rendezvous                         46 us
[66.136s][info][gc,stats    ]   Purge Unlinked                    142 us
[66.136s][info][gc,stats    ]     Code Roots                      139 us
[66.136s][info][gc,stats    ]     CLDG                              3 us
[66.136s][info][gc,stats    ]     Exception Caches                  0 us
[66.136s][info][gc,stats    ] Pause Final Roots (G)               201 us
[66.136s][info][gc,stats    ] Pause Final Roots (N)                49 us
[66.136s][info][gc,stats    ] 
[66.136s][info][gc,stats    ] Allocation pacing accrued:
[66.136s][info][gc,stats    ]       0 of   397 ms (  0.0%): <total>
[66.136s][info][gc,stats    ]       0 of   397 ms (  0.0%): <average total>
[66.136s][info][gc,stats    ] 
[66.136s][info][gc,metaspace] Metaspace: 14217K(14528K)->14217K(14528K) NonClass: 12311K(12480K)->12311K(12480K) Class: 1905K(2048K)->1905K(2048K)
[66.136s][info][gc,ergo     ] Pacer for Idle. Initial: 41943K, Alloc Tax Rate: 1.0x
[66.556s][info][gc          ] Trigger: Learning 5 of 5. Free (1432M) is below initial threshold (1433M)
[66.556s][info][gc,ergo     ] Free: 1432M, Max: 1024K regular, 1432M humongous, Frag: 0% external, 0% internal; Reserve: 103M, Max: 1024K
[66.556s][info][gc,start    ] GC(159) Concurrent reset
[66.557s][info][gc,task     ] GC(159) Using 1 of 3 workers for concurrent reset
[66.557s][info][gc,ergo     ] GC(159) Pacer for Reset. Non-Taxable: 2048M
[66.557s][info][gc          ] GC(159) Concurrent reset 0.158ms
[66.557s][info][gc,start    ] GC(159) Pause Init Mark (unload classes)
[66.557s][info][gc,task     ] GC(159) Using 3 of 3 workers for init marking
[66.557s][info][gc,ergo     ] GC(159) Pacer for Mark. Expected Live: 6125K, Free: 1432M, Non-Taxable: 143M, Alloc Tax Rate: 0.0x
[66.557s][info][gc          ] GC(159) Pause Init Mark (unload classes) 0.072ms
[66.557s][info][gc,start    ] GC(159) Concurrent marking roots
[66.557s][info][gc,task     ] GC(159) Using 1 of 3 workers for concurrent marking roots
[66.557s][info][gc          ] GC(159) Concurrent marking roots 0.413ms
[66.557s][info][gc,start    ] GC(159) Concurrent marking (unload classes)
[66.557s][info][gc,task     ] GC(159) Using 1 of 3 workers for concurrent marking
[66.561s][info][gc          ] GC(159) Concurrent marking (unload classes) 3.776ms
[66.561s][info][gc,start    ] GC(159) Pause Final Mark (unload classes)
[66.561s][info][gc,task     ] GC(159) Using 3 of 3 workers for final marking
[66.561s][info][gc,ergo     ] GC(159) Collectable Garbage: 489M (96%), Immediate: 489M (96%), CSet: 0B (0%)
[66.561s][info][gc          ] GC(159) Pause Final Mark (unload classes) 0.147ms
[66.561s][info][gc,start    ] GC(159) Concurrent weak references
[66.561s][info][gc,task     ] GC(159) Using 1 of 3 workers for concurrent weak references
[66.561s][info][gc,ref      ] GC(159) Encountered references: Soft: 140, Weak: 725, Final: 0, Phantom: 64
[66.561s][info][gc,ref      ] GC(159) Discovered  references: Soft: 0, Weak: 147, Final: 0, Phantom: 37
[66.561s][info][gc,ref      ] GC(159) Enqueued    references: Soft: 0, Weak: 0, Final: 0, Phantom: 0
[66.561s][info][gc          ] GC(159) Concurrent weak references 0.073ms
[66.561s][info][gc,start    ] GC(159) Concurrent weak roots
[66.561s][info][gc,task     ] GC(159) Using 1 of 3 workers for concurrent weak root
[66.565s][info][gc          ] GC(159) Concurrent weak roots 3.271ms
[66.565s][info][gc,start    ] GC(159) Concurrent cleanup
[66.565s][info][gc          ] GC(159) Concurrent cleanup 521M->32M(2048M) 0.052ms
[66.565s][info][gc,ergo     ] GC(159) Free: 1912M, Max: 1024K regular, 1423M humongous, Frag: 26% external, 0% internal; Reserve: 103M, Max: 1024K
[66.565s][info][gc,start    ] GC(159) Concurrent class unloading
[66.565s][info][gc,task     ] GC(159) Using 1 of 3 workers for concurrent class unloading
[66.568s][info][gc          ] GC(159) Concurrent class unloading 3.291ms
[66.568s][info][gc,start    ] GC(159) Pause Final Roots
[66.568s][info][gc          ] GC(159) Pause Final Roots 0.037ms
[66.568s][info][gc,ergo     ] Free: 1909M, Max: 1024K regular, 1423M humongous, Frag: 26% external, 0% internal; Reserve: 103M, Max: 1024K
[66.568s][info][gc,stats    ] 
[66.568s][info][gc,stats    ] All times are wall-clock times, except per-root-class counters, that are sum over
[66.568s][info][gc,stats    ] all workers. Dividing the <total> over the root stage time estimates parallelism.
[66.568s][info][gc,stats    ] 
[66.568s][info][gc,stats    ] Concurrent Reset                    197 us
[66.568s][info][gc,stats    ] Pause Init Mark (G)                 146 us
[66.568s][info][gc,stats    ] Pause Init Mark (N)                  81 us
[66.568s][info][gc,stats    ]   Update Region States               29 us
[66.568s][info][gc,stats    ] Concurrent Mark Roots               425 us, parallelism: 0.86x
[66.568s][info][gc,stats    ]   CMR: <total>                      365 us
[66.568s][info][gc,stats    ]   CMR: Thread Roots                 322 us, workers (us): 322, ---, ---, 
[66.568s][info][gc,stats    ]   CMR: VM Strong Roots                4 us, workers (us):   4, ---, ---, 
[66.568s][info][gc,stats    ]   CMR: CLDG Roots                    38 us, workers (us):  38, ---, ---, 
[66.568s][info][gc,stats    ] Concurrent Marking                 3819 us
[66.568s][info][gc,stats    ] Pause Final Mark (G)                206 us
[66.568s][info][gc,stats    ] Pause Final Mark (N)                156 us
[66.568s][info][gc,stats    ]   Finish Mark                        30 us
[66.568s][info][gc,stats    ]   Update Region States               28 us
[66.568s][info][gc,stats    ]   Choose Collection Set              35 us
[66.568s][info][gc,stats    ]   Rebuild Free Set                    8 us
[66.568s][info][gc,stats    ] Concurrent Weak References           80 us, parallelism: 0.07x
[66.568s][info][gc,stats    ]   CWRF: <total>                       6 us
[66.568s][info][gc,stats    ]   CWRF: Weak References               6 us, workers (us):   6, ---, ---, 
[66.568s][info][gc,stats    ] Concurrent Weak Roots              3315 us
[66.568s][info][gc,stats    ]   Roots                            3202 us, parallelism: 0.99x
[66.568s][info][gc,stats    ]     CWR: <total>                   3172 us
[66.568s][info][gc,stats    ]     CWR: Code Cache Roots           660 us, workers (us): 660, ---, ---, 
[66.568s][info][gc,stats    ]     CWR: VM Weak Roots             2505 us, workers (us): 2505, ---, ---, 
[66.568s][info][gc,stats    ]     CWR: CLDG Roots                   7 us, workers (us):   7, ---, ---, 
[66.568s][info][gc,stats    ]   Rendezvous                         48 us
[66.568s][info][gc,stats    ] Concurrent Cleanup                   60 us
[66.568s][info][gc,stats    ] Concurrent Class Unloading         3339 us
[66.568s][info][gc,stats    ]   Unlink Stale                     3047 us
[66.569s][info][gc,stats    ]     System Dictionary                 8 us
[66.569s][info][gc,stats    ]     Weak Class Links                  0 us
[66.569s][info][gc,stats    ]     Code Roots                     3037 us
[66.569s][info][gc,stats    ]   Rendezvous                         50 us
[66.569s][info][gc,stats    ]   Purge Unlinked                    175 us
[66.569s][info][gc,stats    ]     Code Roots                      171 us
[66.569s][info][gc,stats    ]     CLDG                              3 us
[66.569s][info][gc,stats    ]     Exception Caches                  0 us
[66.569s][info][gc,stats    ] Pause Final Roots (G)                96 us
[66.569s][info][gc,stats    ] Pause Final Roots (N)                47 us
[66.569s][info][gc,stats    ] 
[66.569s][info][gc,stats    ] Allocation pacing accrued:
[66.569s][info][gc,stats    ]       0 of   433 ms (  0.0%): <total>
[66.569s][info][gc,stats    ]       0 of   433 ms (  0.0%): <average total>
[66.569s][info][gc,stats    ] 
[66.569s][info][gc,metaspace] Metaspace: 14217K(14528K)->14217K(14528K) NonClass: 12311K(12480K)->12311K(12480K) Class: 1905K(2048K)->1905K(2048K)
[66.569s][info][gc,ergo     ] Pacer for Idle. Initial: 41943K, Alloc Tax Rate: 1.0x
[66.767s][info][gc          ] Trigger: Explicit GC request (System.gc())
[66.767s][info][gc,ergo     ] Free: 1809M, Max: 1024K regular, 1423M humongous, Frag: 22% external, 0% internal; Reserve: 103M, Max: 1024K
[66.767s][info][gc,start    ] GC(160) Concurrent reset
[66.767s][info][gc,task     ] GC(160) Using 1 of 3 workers for concurrent reset
[66.767s][info][gc,ergo     ] GC(160) Pacer for Reset. Non-Taxable: 2048M
[66.767s][info][gc          ] GC(160) Concurrent reset 0.533ms
[66.767s][info][gc,start    ] GC(160) Pause Init Mark (unload classes)
[66.768s][info][gc,task     ] GC(160) Using 3 of 3 workers for init marking
[66.768s][info][gc,ref      ] GC(160) Clearing All SoftReferences
[66.768s][info][gc,ergo     ] GC(160) Pacer for Mark. Expected Live: 6120K, Free: 1809M, Non-Taxable: 180M, Alloc Tax Rate: 0.0x
[66.768s][info][gc          ] GC(160) Pause Init Mark (unload classes) 0.262ms
[66.768s][info][gc,start    ] GC(160) Concurrent marking roots
[66.768s][info][gc,task     ] GC(160) Using 1 of 3 workers for concurrent marking roots
[66.769s][info][gc          ] GC(160) Concurrent marking roots 0.857ms
[66.769s][info][gc,start    ] GC(160) Concurrent marking (unload classes)
[66.769s][info][gc,task     ] GC(160) Using 1 of 3 workers for concurrent marking
[66.773s][info][gc          ] GC(160) Concurrent marking (unload classes) 4.270ms
[66.773s][info][gc,start    ] GC(160) Pause Final Mark (unload classes)
[66.773s][info][gc,task     ] GC(160) Using 3 of 3 workers for final marking
[66.773s][info][gc,ergo     ] GC(160) Collectable Garbage: 121M (92%), Immediate: 121M (92%), CSet: 0B (0%)
[66.774s][info][gc          ] GC(160) Pause Final Mark (unload classes) 0.465ms
[66.774s][info][gc,start    ] GC(160) Concurrent weak references
[66.774s][info][gc,task     ] GC(160) Using 1 of 3 workers for concurrent weak references
[66.774s][info][gc,ref      ] GC(160) Encountered references: Soft: 140, Weak: 713, Final: 0, Phantom: 64
[66.774s][info][gc,ref      ] GC(160) Discovered  references: Soft: 88, Weak: 169, Final: 0, Phantom: 62
[66.774s][info][gc,ref      ] GC(160) Enqueued    references: Soft: 3, Weak: 0, Final: 0, Phantom: 0
[66.774s][info][gc          ] GC(160) Concurrent weak references 0.091ms
[66.774s][info][gc,start    ] GC(160) Concurrent weak roots
[66.774s][info][gc,task     ] GC(160) Using 1 of 3 workers for concurrent weak root
[66.776s][info][gc          ] GC(160) Concurrent weak roots 2.255ms
[66.776s][info][gc,start    ] GC(160) Concurrent cleanup
[66.776s][info][gc          ] GC(160) Concurrent cleanup 135M->13M(2048M) 0.050ms
[66.776s][info][gc,ergo     ] GC(160) Free: 1931M, Max: 1024K regular, 1833M humongous, Frag: 6% external, 0% internal; Reserve: 103M, Max: 1024K
[66.776s][info][gc,start    ] GC(160) Concurrent class unloading
[66.776s][info][gc,task     ] GC(160) Using 1 of 3 workers for concurrent class unloading
[66.780s][info][gc          ] GC(160) Concurrent class unloading 4.302ms
[66.781s][info][gc,start    ] GC(160) Pause Final Roots
[66.781s][info][gc          ] GC(160) Pause Final Roots 0.068ms
[66.781s][info][gc,ergo     ] Free: 1931M, Max: 1024K regular, 1833M humongous, Frag: 6% external, 0% internal; Reserve: 103M, Max: 1024K
[66.781s][info][gc,stats    ] 
[66.781s][info][gc,stats    ] All times are wall-clock times, except per-root-class counters, that are sum over
[66.781s][info][gc,stats    ] all workers. Dividing the <total> over the root stage time estimates parallelism.
[66.781s][info][gc,stats    ] 
[66.781s][info][gc,stats    ] Concurrent Reset                    640 us
[66.781s][info][gc,stats    ] Pause Init Mark (G)                 397 us
[66.781s][info][gc,stats    ] Pause Init Mark (N)                 270 us
[66.781s][info][gc,stats    ]   Update Region States              134 us
[66.781s][info][gc,stats    ] Concurrent Mark Roots               897 us, parallelism: 0.82x
[66.781s][info][gc,stats    ]   CMR: <total>                      738 us
[66.781s][info][gc,stats    ]   CMR: Thread Roots                 634 us, workers (us): 634, ---, ---, 
[66.781s][info][gc,stats    ]   CMR: VM Strong Roots               10 us, workers (us):  10, ---, ---, 
[66.781s][info][gc,stats    ]   CMR: CLDG Roots                    94 us, workers (us):  94, ---, ---, 
[66.781s][info][gc,stats    ] Concurrent Marking                 4322 us
[66.781s][info][gc,stats    ] Pause Final Mark (G)                590 us
[66.781s][info][gc,stats    ] Pause Final Mark (N)                490 us
[66.781s][info][gc,stats    ]   Finish Mark                       161 us
[66.781s][info][gc,stats    ]   Update Region States              125 us
[66.781s][info][gc,stats    ]   Choose Collection Set              75 us
[66.781s][info][gc,stats    ]   Rebuild Free Set                   22 us
[66.781s][info][gc,stats    ] Concurrent Weak References           99 us, parallelism: 0.09x
[66.781s][info][gc,stats    ]   CWRF: <total>                       9 us
[66.781s][info][gc,stats    ]   CWRF: Weak References               9 us, workers (us):   9, ---, ---, 
[66.781s][info][gc,stats    ] Concurrent Weak Roots              2319 us
[66.781s][info][gc,stats    ]   Roots                            2071 us, parallelism: 0.96x
[66.781s][info][gc,stats    ]     CWR: <total>                   1981 us
[66.781s][info][gc,stats    ]     CWR: Code Cache Roots           595 us, workers (us): 595, ---, ---, 
[66.781s][info][gc,stats    ]     CWR: VM Weak Roots             1380 us, workers (us): 1380, ---, ---, 
[66.781s][info][gc,stats    ]     CWR: CLDG Roots                   7 us, workers (us):   7, ---, ---, 
[66.781s][info][gc,stats    ]   Rendezvous                        162 us
[66.781s][info][gc,stats    ] Concurrent Cleanup                   68 us
[66.781s][info][gc,stats    ] Concurrent Class Unloading         4351 us
[66.781s][info][gc,stats    ]   Unlink Stale                     3792 us
[66.781s][info][gc,stats    ]     System Dictionary                 7 us
[66.781s][info][gc,stats    ]     Weak Class Links                  0 us
[66.781s][info][gc,stats    ]     Code Roots                     3783 us
[66.781s][info][gc,stats    ]   Rendezvous                        218 us
[66.781s][info][gc,stats    ]   Purge Unlinked                    257 us
[66.781s][info][gc,stats    ]     Code Roots                      246 us
[66.781s][info][gc,stats    ]     CLDG                             11 us
[66.781s][info][gc,stats    ]     Exception Caches                  0 us
[66.781s][info][gc,stats    ] Pause Final Roots (G)               200 us
[66.781s][info][gc,stats    ] Pause Final Roots (N)                86 us
[66.781s][info][gc,stats    ] 
[66.781s][info][gc,stats    ] Allocation pacing accrued:
[66.781s][info][gc,stats    ]       0 of   212 ms (  0.0%): <total>
[66.781s][info][gc,stats    ]       0 of   212 ms (  0.0%): <average total>
[66.781s][info][gc,stats    ] 
[66.781s][info][gc,metaspace] Metaspace: 14221K(14528K)->14221K(14528K) NonClass: 12315K(12480K)->12315K(12480K) Class: 1905K(2048K)->1905K(2048K)
[66.781s][info][gc,ergo     ] Pacer for Idle. Initial: 41943K, Alloc Tax Rate: 1.0x
[67.222s][info][gc          ] Trigger: Learning 2 of 5. Free (1431M) is below initial threshold (1433M)
[67.222s][info][gc,ergo     ] Free: 1431M, Max: 1024K regular, 1431M humongous, Frag: 0% external, 0% internal; Reserve: 103M, Max: 1024K
[67.222s][info][gc,start    ] GC(161) Concurrent reset
[67.222s][info][gc,task     ] GC(161) Using 1 of 3 workers for concurrent reset
[67.222s][info][gc,ergo     ] GC(161) Pacer for Reset. Non-Taxable: 2048M
[67.223s][info][gc          ] GC(161) Concurrent reset 0.149ms
[67.223s][info][gc,start    ] GC(161) Pause Init Mark (unload classes)
[67.223s][info][gc,task     ] GC(161) Using 3 of 3 workers for init marking
[67.223s][info][gc,ergo     ] GC(161) Pacer for Mark. Expected Live: 6120K, Free: 1429M, Non-Taxable: 142M, Alloc Tax Rate: 0.0x
[67.223s][info][gc          ] GC(161) Pause Init Mark (unload classes) 0.093ms
[67.223s][info][gc,start    ] GC(161) Concurrent marking roots
[67.223s][info][gc,task     ] GC(161) Using 1 of 3 workers for concurrent marking roots
[67.223s][info][gc          ] GC(161) Concurrent marking roots 0.403ms
[67.223s][info][gc,start    ] GC(161) Concurrent marking (unload classes)
[67.223s][info][gc,task     ] GC(161) Using 1 of 3 workers for concurrent marking
[67.227s][info][gc          ] GC(161) Concurrent marking (unload classes) 3.885ms
[67.227s][info][gc,start    ] GC(161) Pause Final Mark (unload classes)
[67.227s][info][gc,task     ] GC(161) Using 3 of 3 workers for final marking
[67.227s][info][gc,ergo     ] GC(161) Collectable Garbage: 487M (95%), Immediate: 487M (95%), CSet: 0B (0%)
[67.227s][info][gc          ] GC(161) Pause Final Mark (unload classes) 0.152ms
[67.227s][info][gc,start    ] GC(161) Concurrent weak references
[67.227s][info][gc,task     ] GC(161) Using 1 of 3 workers for concurrent weak references
[67.227s][info][gc,ref      ] GC(161) Encountered references: Soft: 140, Weak: 735, Final: 0, Phantom: 64
[67.228s][info][gc,ref      ] GC(161) Discovered  references: Soft: 0, Weak: 151, Final: 0, Phantom: 37
[67.228s][info][gc,ref      ] GC(161) Enqueued    references: Soft: 0, Weak: 2, Final: 0, Phantom: 0
[67.228s][info][gc          ] GC(161) Concurrent weak references 0.066ms
[67.228s][info][gc,start    ] GC(161) Concurrent weak roots
[67.228s][info][gc,task     ] GC(161) Using 1 of 3 workers for concurrent weak root
[67.232s][info][gc          ] GC(161) Concurrent weak roots 3.981ms
[67.232s][info][gc,start    ] GC(161) Concurrent cleanup
[67.232s][info][gc          ] GC(161) Concurrent cleanup 527M->40M(2048M) 0.054ms
[67.232s][info][gc,ergo     ] GC(161) Free: 1904M, Max: 1024K regular, 1418M humongous, Frag: 26% external, 0% internal; Reserve: 103M, Max: 1024K
[67.232s][info][gc,start    ] GC(161) Concurrent class unloading
[67.232s][info][gc,task     ] GC(161) Using 1 of 3 workers for concurrent class unloading
[67.235s][info][gc          ] GC(161) Concurrent class unloading 3.187ms
[67.235s][info][gc,start    ] GC(161) Pause Final Roots
[67.235s][info][gc          ] GC(161) Pause Final Roots 0.023ms
[67.235s][info][gc,ergo     ] Free: 1900M, Max: 1024K regular, 1418M humongous, Frag: 26% external, 0% internal; Reserve: 103M, Max: 1024K
[67.235s][info][gc,stats    ] 
[67.235s][info][gc,stats    ] All times are wall-clock times, except per-root-class counters, that are sum over
[67.235s][info][gc,stats    ] all workers. Dividing the <total> over the root stage time estimates parallelism.
[67.235s][info][gc,stats    ] 
[67.235s][info][gc,stats    ] Concurrent Reset                    162 us
[67.235s][info][gc,stats    ] Pause Init Mark (G)                 242 us
[67.235s][info][gc,stats    ] Pause Init Mark (N)                 101 us
[67.235s][info][gc,stats    ]   Update Region States               27 us
[67.235s][info][gc,stats    ] Concurrent Mark Roots               416 us, parallelism: 0.85x
[67.235s][info][gc,stats    ]   CMR: <total>                      355 us
[67.235s][info][gc,stats    ]   CMR: Thread Roots                 315 us, workers (us): 315, ---, ---, 
[67.235s][info][gc,stats    ]   CMR: VM Strong Roots                4 us, workers (us):   4, ---, ---, 
[67.235s][info][gc,stats    ]   CMR: CLDG Roots                    36 us, workers (us):  36, ---, ---, 
[67.235s][info][gc,stats    ] Concurrent Marking                 3934 us
[67.235s][info][gc,stats    ] Pause Final Mark (G)                220 us
[67.235s][info][gc,stats    ] Pause Final Mark (N)                161 us
[67.235s][info][gc,stats    ]   Finish Mark                        33 us
[67.235s][info][gc,stats    ]   Update Region States               28 us
[67.235s][info][gc,stats    ]   Choose Collection Set              27 us
[67.235s][info][gc,stats    ]   Rebuild Free Set                    9 us
[67.235s][info][gc,stats    ] Concurrent Weak References           74 us, parallelism: 0.12x
[67.235s][info][gc,stats    ]   CWRF: <total>                       9 us
[67.235s][info][gc,stats    ]   CWRF: Weak References               9 us, workers (us):   9, ---, ---, 
[67.235s][info][gc,stats    ] Concurrent Weak Roots              4023 us
[67.235s][info][gc,stats    ]   Roots                            3905 us, parallelism: 0.99x
[67.235s][info][gc,stats    ]     CWR: <total>                   3884 us
[67.235s][info][gc,stats    ]     CWR: Code Cache Roots           675 us, workers (us): 675, ---, ---, 
[67.235s][info][gc,stats    ]     CWR: VM Weak Roots             3201 us, workers (us): 3201, ---, ---, 
[67.235s][info][gc,stats    ]     CWR: CLDG Roots                   7 us, workers (us):   7, ---, ---, 
[67.235s][info][gc,stats    ]   Rendezvous                         60 us
[67.235s][info][gc,stats    ] Concurrent Cleanup                   63 us
[67.235s][info][gc,stats    ] Concurrent Class Unloading         3238 us
[67.235s][info][gc,stats    ]   Unlink Stale                     2987 us
[67.235s][info][gc,stats    ]     System Dictionary                 8 us
[67.235s][info][gc,stats    ]     Weak Class Links                  0 us
[67.235s][info][gc,stats    ]     Code Roots                     2977 us
[67.235s][info][gc,stats    ]   Rendezvous                         45 us
[67.235s][info][gc,stats    ]   Purge Unlinked                    137 us
[67.235s][info][gc,stats    ]     Code Roots                      133 us
[67.235s][info][gc,stats    ]     CLDG                              3 us
[67.235s][info][gc,stats    ]     Exception Caches                  0 us
[67.235s][info][gc,stats    ] Pause Final Roots (G)                82 us
[67.235s][info][gc,stats    ] Pause Final Roots (N)                32 us
[67.235s][info][gc,stats    ] 
[67.235s][info][gc,stats    ] Allocation pacing accrued:
[67.235s][info][gc,stats    ]       0 of   454 ms (  0.0%): <total>
[67.235s][info][gc,stats    ]       0 of   454 ms (  0.0%): <average total>
[67.235s][info][gc,stats    ] 
[67.235s][info][gc,metaspace] Metaspace: 14221K(14528K)->14221K(14528K) NonClass: 12316K(12480K)->12316K(12480K) Class: 1905K(2048K)->1905K(2048K)
[67.235s][info][gc,ergo     ] Pacer for Idle. Initial: 41943K, Alloc Tax Rate: 1.0x
[67.653s][info][gc          ] Trigger: Learning 3 of 5. Free (1431M) is below initial threshold (1433M)
[67.653s][info][gc,ergo     ] Free: 1431M, Max: 1024K regular, 1418M humongous, Frag: 1% external, 0% internal; Reserve: 103M, Max: 1024K
[67.653s][info][gc,start    ] GC(162) Concurrent reset
[67.653s][info][gc,task     ] GC(162) Using 1 of 3 workers for concurrent reset
[67.653s][info][gc,ergo     ] GC(162) Pacer for Reset. Non-Taxable: 2048M
[67.653s][info][gc          ] GC(162) Concurrent reset 0.217ms
[67.653s][info][gc,start    ] GC(162) Pause Init Mark (unload classes)
[67.653s][info][gc,task     ] GC(162) Using 3 of 3 workers for init marking
[67.653s][info][gc,ergo     ] GC(162) Pacer for Mark. Expected Live: 6120K, Free: 1431M, Non-Taxable: 143M, Alloc Tax Rate: 0.0x
[67.653s][info][gc          ] GC(162) Pause Init Mark (unload classes) 0.092ms
[67.653s][info][gc,start    ] GC(162) Concurrent marking roots
[67.653s][info][gc,task     ] GC(162) Using 1 of 3 workers for concurrent marking roots
[67.654s][info][gc          ] GC(162) Concurrent marking roots 0.405ms
[67.654s][info][gc,start    ] GC(162) Concurrent marking (unload classes)
[67.654s][info][gc,task     ] GC(162) Using 1 of 3 workers for concurrent marking
[67.658s][info][gc          ] GC(162) Concurrent marking (unload classes) 3.924ms
[67.658s][info][gc,start    ] GC(162) Pause Final Mark (unload classes)
[67.658s][info][gc,task     ] GC(162) Using 3 of 3 workers for final marking
[67.658s][info][gc,ergo     ] GC(162) Collectable Garbage: 484M (95%), Immediate: 484M (95%), CSet: 0B (0%)
[67.658s][info][gc          ] GC(162) Pause Final Mark (unload classes) 0.139ms
[67.658s][info][gc,start    ] GC(162) Concurrent weak references
[67.658s][info][gc,task     ] GC(162) Using 1 of 3 workers for concurrent weak references
[67.658s][info][gc,ref      ] GC(162) Encountered references: Soft: 140, Weak: 733, Final: 0, Phantom: 64
[67.658s][info][gc,ref      ] GC(162) Discovered  references: Soft: 0, Weak: 149, Final: 0, Phantom: 37
[67.658s][info][gc,ref      ] GC(162) Enqueued    references: Soft: 0, Weak: 0, Final: 0, Phantom: 0
[67.658s][info][gc          ] GC(162) Concurrent weak references 0.062ms
[67.658s][info][gc,start    ] GC(162) Concurrent weak roots
[67.658s][info][gc,task     ] GC(162) Using 1 of 3 workers for concurrent weak root
[67.663s][info][gc          ] GC(162) Concurrent weak roots 4.456ms
[67.663s][info][gc,start    ] GC(162) Concurrent cleanup
[67.663s][info][gc          ] GC(162) Concurrent cleanup 525M->41M(2048M) 0.056ms
[67.663s][info][gc,ergo     ] GC(162) Free: 1903M, Max: 1024K regular, 1432M humongous, Frag: 25% external, 0% internal; Reserve: 103M, Max: 1024K
[67.663s][info][gc,start    ] GC(162) Concurrent class unloading
[67.663s][info][gc,task     ] GC(162) Using 1 of 3 workers for concurrent class unloading
[67.666s][info][gc          ] GC(162) Concurrent class unloading 3.202ms
[67.666s][info][gc,start    ] GC(162) Pause Final Roots
[67.666s][info][gc          ] GC(162) Pause Final Roots 0.041ms
[67.666s][info][gc,ergo     ] Free: 1897M, Max: 1024K regular, 1432M humongous, Frag: 25% external, 0% internal; Reserve: 103M, Max: 1024K
[67.666s][info][gc,stats    ] 
[67.666s][info][gc,stats    ] All times are wall-clock times, except per-root-class counters, that are sum over
[67.666s][info][gc,stats    ] all workers. Dividing the <total> over the root stage time estimates parallelism.
[67.666s][info][gc,stats    ] 
[67.666s][info][gc,stats    ] Concurrent Reset                    236 us
[67.666s][info][gc,stats    ] Pause Init Mark (G)                 245 us
[67.666s][info][gc,stats    ] Pause Init Mark (N)                 100 us
[67.666s][info][gc,stats    ]   Update Region States               25 us
[67.666s][info][gc,stats    ] Concurrent Mark Roots               418 us, parallelism: 0.85x
[67.666s][info][gc,stats    ]   CMR: <total>                      356 us
[67.666s][info][gc,stats    ]   CMR: Thread Roots                 315 us, workers (us): 315, ---, ---, 
[67.666s][info][gc,stats    ]   CMR: VM Strong Roots                4 us, workers (us):   4, ---, ---, 
[67.666s][info][gc,stats    ]   CMR: CLDG Roots                    37 us, workers (us):  37, ---, ---, 
[67.666s][info][gc,stats    ] Concurrent Marking                 3973 us
[67.666s][info][gc,stats    ] Pause Final Mark (G)                203 us
[67.666s][info][gc,stats    ] Pause Final Mark (N)                147 us
[67.666s][info][gc,stats    ]   Finish Mark                        35 us
[67.666s][info][gc,stats    ]   Update Region States               27 us
[67.666s][info][gc,stats    ]   Choose Collection Set              25 us
[67.666s][info][gc,stats    ]   Rebuild Free Set                    7 us
[67.666s][info][gc,stats    ] Concurrent Weak References           70 us, parallelism: 0.11x
[67.666s][info][gc,stats    ]   CWRF: <total>                       8 us
[67.666s][info][gc,stats    ]   CWRF: Weak References               8 us, workers (us):   8, ---, ---, 
[67.666s][info][gc,stats    ] Concurrent Weak Roots              4505 us
[67.666s][info][gc,stats    ]   Roots                            4389 us, parallelism: 0.99x
[67.666s][info][gc,stats    ]     CWR: <total>                   4362 us
[67.666s][info][gc,stats    ]     CWR: Code Cache Roots           690 us, workers (us): 690, ---, ---, 
[67.666s][info][gc,stats    ]     CWR: VM Weak Roots             3664 us, workers (us): 3664, ---, ---, 
[67.666s][info][gc,stats    ]     CWR: CLDG Roots                   8 us, workers (us):   8, ---, ---, 
[67.666s][info][gc,stats    ]   Rendezvous                         45 us
[67.666s][info][gc,stats    ] Concurrent Cleanup                   65 us
[67.666s][info][gc,stats    ] Concurrent Class Unloading         3254 us
[67.666s][info][gc,stats    ]   Unlink Stale                     2995 us
[67.666s][info][gc,stats    ]     System Dictionary                 8 us
[67.666s][info][gc,stats    ]     Weak Class Links                  0 us
[67.666s][info][gc,stats    ]     Code Roots                     2985 us
[67.666s][info][gc,stats    ]   Rendezvous                         52 us
[67.666s][info][gc,stats    ]   Purge Unlinked                    136 us
[67.666s][info][gc,stats    ]     Code Roots                      133 us
[67.666s][info][gc,stats    ]     CLDG                              3 us
[67.666s][info][gc,stats    ]     Exception Caches                  0 us
[67.666s][info][gc,stats    ] Pause Final Roots (G)               111 us
[67.666s][info][gc,stats    ] Pause Final Roots (N)                50 us
[67.666s][info][gc,stats    ] 
[67.666s][info][gc,stats    ] Allocation pacing accrued:
[67.666s][info][gc,stats    ]       0 of   431 ms (  0.0%): <total>
[67.666s][info][gc,stats    ]       0 of   431 ms (  0.0%): <average total>
[67.666s][info][gc,stats    ] 
[67.666s][info][gc,metaspace] Metaspace: 14221K(14528K)->14221K(14528K) NonClass: 12316K(12480K)->12316K(12480K) Class: 1905K(2048K)->1905K(2048K)
[67.666s][info][gc,ergo     ] Pacer for Idle. Initial: 41943K, Alloc Tax Rate: 1.0x
[68.082s][info][gc          ] Trigger: Learning 4 of 5. Free (1432M) is below initial threshold (1433M)
[68.082s][info][gc,ergo     ] Free: 1432M, Max: 1024K regular, 1432M humongous, Frag: 0% external, 0% internal; Reserve: 103M, Max: 1024K
[68.082s][info][gc,start    ] GC(163) Concurrent reset
[68.082s][info][gc,task     ] GC(163) Using 1 of 3 workers for concurrent reset
[68.082s][info][gc,ergo     ] GC(163) Pacer for Reset. Non-Taxable: 2048M
[68.083s][info][gc          ] GC(163) Concurrent reset 0.245ms
[68.083s][info][gc,start    ] GC(163) Pause Init Mark (unload classes)
[68.083s][info][gc,task     ] GC(163) Using 3 of 3 workers for init marking
[68.083s][info][gc,ergo     ] GC(163) Pacer for Mark. Expected Live: 4507K, Free: 1432M, Non-Taxable: 143M, Alloc Tax Rate: 0.0x
[68.083s][info][gc          ] GC(163) Pause Init Mark (unload classes) 0.102ms
[68.083s][info][gc,start    ] GC(163) Concurrent marking roots
[68.083s][info][gc,task     ] GC(163) Using 1 of 3 workers for concurrent marking roots
[68.083s][info][gc          ] GC(163) Concurrent marking roots 0.418ms
[68.083s][info][gc,start    ] GC(163) Concurrent marking (unload classes)
[68.083s][info][gc,task     ] GC(163) Using 1 of 3 workers for concurrent marking
[68.088s][info][gc          ] GC(163) Concurrent marking (unload classes) 4.142ms
[68.088s][info][gc,start    ] GC(163) Pause Final Mark (unload classes)
[68.088s][info][gc,task     ] GC(163) Using 3 of 3 workers for final marking
[68.088s][info][gc,ergo     ] GC(163) Collectable Garbage: 480M (94%), Immediate: 480M (94%), CSet: 0B (0%)
[68.088s][info][gc          ] GC(163) Pause Final Mark (unload classes) 0.166ms
[68.088s][info][gc,start    ] GC(163) Concurrent weak references
[68.088s][info][gc,task     ] GC(163) Using 1 of 3 workers for concurrent weak references
[68.088s][info][gc,ref      ] GC(163) Encountered references: Soft: 140, Weak: 733, Final: 0, Phantom: 64
[68.088s][info][gc,ref      ] GC(163) Discovered  references: Soft: 0, Weak: 149, Final: 0, Phantom: 37
[68.088s][info][gc,ref      ] GC(163) Enqueued    references: Soft: 0, Weak: 0, Final: 0, Phantom: 0
[68.088s][info][gc          ] GC(163) Concurrent weak references 0.065ms
[68.088s][info][gc,start    ] GC(163) Concurrent weak roots
[68.088s][info][gc,task     ] GC(163) Using 1 of 3 workers for concurrent weak root
[68.094s][info][gc          ] GC(163) Concurrent weak roots 6.163ms
[68.094s][info][gc,start    ] GC(163) Concurrent cleanup
[68.094s][info][gc          ] GC(163) Concurrent cleanup 528M->48M(2048M) 0.059ms
[68.094s][info][gc,ergo     ] GC(163) Free: 1896M, Max: 1024K regular, 1416M humongous, Frag: 26% external, 0% internal; Reserve: 103M, Max: 1024K
[68.094s][info][gc,start    ] GC(163) Concurrent class unloading
[68.094s][info][gc,task     ] GC(163) Using 1 of 3 workers for concurrent class unloading
[68.098s][info][gc          ] GC(163) Concurrent class unloading 3.780ms
[68.098s][info][gc,start    ] GC(163) Pause Final Roots
[68.098s][info][gc          ] GC(163) Pause Final Roots 0.021ms
[68.098s][info][gc,ergo     ] Free: 1894M, Max: 1024K regular, 1416M humongous, Frag: 26% external, 0% internal; Reserve: 103M, Max: 1024K
[68.098s][info][gc,stats    ] 
[68.098s][info][gc,stats    ] All times are wall-clock times, except per-root-class counters, that are sum over
[68.098s][info][gc,stats    ] all workers. Dividing the <total> over the root stage time estimates parallelism.
[68.098s][info][gc,stats    ] 
[68.098s][info][gc,stats    ] Concurrent Reset                    256 us
[68.098s][info][gc,stats    ] Pause Init Mark (G)                 248 us
[68.098s][info][gc,stats    ] Pause Init Mark (N)                 111 us
[68.098s][info][gc,stats    ]   Update Region States               24 us
[68.098s][info][gc,stats    ] Concurrent Mark Roots               430 us, parallelism: 0.86x
[68.098s][info][gc,stats    ]   CMR: <total>                      371 us
[68.098s][info][gc,stats    ]   CMR: Thread Roots                 328 us, workers (us): 328, ---, ---, 
[68.098s][info][gc,stats    ]   CMR: VM Strong Roots                5 us, workers (us):   5, ---, ---, 
[68.098s][info][gc,stats    ]   CMR: CLDG Roots                    38 us, workers (us):  38, ---, ---, 
[68.098s][info][gc,stats    ] Concurrent Marking                 4206 us
[68.098s][info][gc,stats    ] Pause Final Mark (G)                258 us
[68.098s][info][gc,stats    ] Pause Final Mark (N)                176 us
[68.098s][info][gc,stats    ]   Finish Mark                        38 us
[68.098s][info][gc,stats    ]   Update Region States               31 us
[68.098s][info][gc,stats    ]   Choose Collection Set              56 us
[68.098s][info][gc,stats    ]   Rebuild Free Set                    8 us
[68.098s][info][gc,stats    ] Concurrent Weak References           72 us, parallelism: 0.10x
[68.098s][info][gc,stats    ]   CWRF: <total>                       7 us
[68.098s][info][gc,stats    ]   CWRF: Weak References               7 us, workers (us):   7, ---, ---, 
[68.098s][info][gc,stats    ] Concurrent Weak Roots              6218 us
[68.098s][info][gc,stats    ]   Roots                            6095 us, parallelism: 0.99x
[68.098s][info][gc,stats    ]     CWR: <total>                   6065 us
[68.098s][info][gc,stats    ]     CWR: Code Cache Roots           851 us, workers (us): 851, ---, ---, 
[68.098s][info][gc,stats    ]     CWR: VM Weak Roots             5205 us, workers (us): 5205, ---, ---, 
[68.098s][info][gc,stats    ]     CWR: CLDG Roots                   9 us, workers (us):   9, ---, ---, 
[68.098s][info][gc,stats    ]   Rendezvous                         51 us
[68.098s][info][gc,stats    ] Concurrent Cleanup                   68 us
[68.098s][info][gc,stats    ] Concurrent Class Unloading         3830 us
[68.098s][info][gc,stats    ]   Unlink Stale                     3466 us
[68.098s][info][gc,stats    ]     System Dictionary                 9 us
[68.098s][info][gc,stats    ]     Weak Class Links                  0 us
[68.098s][info][gc,stats    ]     Code Roots                     3455 us
[68.098s][info][gc,stats    ]   Rendezvous                        120 us
[68.098s][info][gc,stats    ]   Purge Unlinked                    177 us
[68.098s][info][gc,stats    ]     Code Roots                      172 us
[68.098s][info][gc,stats    ]     CLDG                              5 us
[68.098s][info][gc,stats    ]     Exception Caches                  0 us
[68.098s][info][gc,stats    ] Pause Final Roots (G)               108 us
[68.098s][info][gc,stats    ] Pause Final Roots (N)                30 us
[68.099s][info][gc,stats    ] 
[68.099s][info][gc,stats    ] Allocation pacing accrued:
[68.099s][info][gc,stats    ]       0 of   432 ms (  0.0%): <total>
[68.099s][info][gc,stats    ]       0 of   432 ms (  0.0%): <average total>
[68.099s][info][gc,stats    ] 
[68.099s][info][gc,metaspace] Metaspace: 14221K(14528K)->14221K(14528K) NonClass: 12316K(12480K)->12316K(12480K) Class: 1905K(2048K)->1905K(2048K)
[68.099s][info][gc,ergo     ] Pacer for Idle. Initial: 41943K, Alloc Tax Rate: 1.0x
[68.521s][info][gc          ] Trigger: Learning 5 of 5. Free (1432M) is below initial threshold (1433M)
[68.521s][info][gc,ergo     ] Free: 1432M, Max: 1024K regular, 1416M humongous, Frag: 2% external, 0% internal; Reserve: 103M, Max: 1024K
[68.521s][info][gc,start    ] GC(164) Concurrent reset
[68.521s][info][gc,task     ] GC(164) Using 1 of 3 workers for concurrent reset
[68.521s][info][gc,ergo     ] GC(164) Pacer for Reset. Non-Taxable: 2048M
[68.521s][info][gc          ] GC(164) Concurrent reset 0.225ms
[68.521s][info][gc,start    ] GC(164) Pause Init Mark (unload classes)
[68.521s][info][gc,task     ] GC(164) Using 3 of 3 workers for init marking
[68.521s][info][gc,ergo     ] GC(164) Pacer for Mark. Expected Live: 4507K, Free: 1432M, Non-Taxable: 143M, Alloc Tax Rate: 0.0x
[68.521s][info][gc          ] GC(164) Pause Init Mark (unload classes) 0.087ms
[68.521s][info][gc,start    ] GC(164) Concurrent marking roots
[68.521s][info][gc,task     ] GC(164) Using 1 of 3 workers for concurrent marking roots
[68.522s][info][gc          ] GC(164) Concurrent marking roots 0.399ms
[68.522s][info][gc,start    ] GC(164) Concurrent marking (unload classes)
[68.522s][info][gc,task     ] GC(164) Using 1 of 3 workers for concurrent marking
[68.526s][info][gc          ] GC(164) Concurrent marking (unload classes) 3.938ms
[68.526s][info][gc,start    ] GC(164) Pause Final Mark (unload classes)
[68.526s][info][gc,task     ] GC(164) Using 3 of 3 workers for final marking
[68.526s][info][gc,ergo     ] GC(164) Collectable Garbage: 478M (94%), Immediate: 478M (94%), CSet: 0B (0%)
[68.526s][info][gc          ] GC(164) Pause Final Mark (unload classes) 0.143ms
[68.526s][info][gc,start    ] GC(164) Concurrent weak references
[68.526s][info][gc,task     ] GC(164) Using 1 of 3 workers for concurrent weak references
[68.526s][info][gc,ref      ] GC(164) Encountered references: Soft: 140, Weak: 731, Final: 0, Phantom: 64
[68.526s][info][gc,ref      ] GC(164) Discovered  references: Soft: 0, Weak: 149, Final: 0, Phantom: 37
[68.526s][info][gc,ref      ] GC(164) Enqueued    references: Soft: 0, Weak: 0, Final: 0, Phantom: 0
[68.526s][info][gc          ] GC(164) Concurrent weak references 0.071ms
[68.526s][info][gc,start    ] GC(164) Concurrent weak roots
[68.526s][info][gc,task     ] GC(164) Using 1 of 3 workers for concurrent weak root
[68.529s][info][gc          ] GC(164) Concurrent weak roots 3.074ms
[68.529s][info][gc,start    ] GC(164) Concurrent cleanup
[68.529s][info][gc          ] GC(164) Concurrent cleanup 522M->43M(2048M) 0.053ms
[68.529s][info][gc,ergo     ] GC(164) Free: 1901M, Max: 1024K regular, 1420M humongous, Frag: 26% external, 0% internal; Reserve: 103M, Max: 1024K
[68.529s][info][gc,start    ] GC(164) Concurrent class unloading
[68.529s][info][gc,task     ] GC(164) Using 1 of 3 workers for concurrent class unloading
[68.532s][info][gc          ] GC(164) Concurrent class unloading 3.221ms
[68.532s][info][gc,start    ] GC(164) Pause Final Roots
[68.533s][info][gc          ] GC(164) Pause Final Roots 0.040ms
[68.533s][info][gc,ergo     ] Free: 1897M, Max: 1024K regular, 1420M humongous, Frag: 26% external, 0% internal; Reserve: 103M, Max: 1024K
[68.533s][info][gc,stats    ] 
[68.533s][info][gc,stats    ] All times are wall-clock times, except per-root-class counters, that are sum over
[68.533s][info][gc,stats    ] all workers. Dividing the <total> over the root stage time estimates parallelism.
[68.533s][info][gc,stats    ] 
[68.533s][info][gc,stats    ] Concurrent Reset                    239 us
[68.533s][info][gc,stats    ] Pause Init Mark (G)                 159 us
[68.533s][info][gc,stats    ] Pause Init Mark (N)                  96 us
[68.533s][info][gc,stats    ]   Update Region States               23 us
[68.533s][info][gc,stats    ] Concurrent Mark Roots               412 us, parallelism: 0.85x
[68.533s][info][gc,stats    ]   CMR: <total>                      352 us
[68.533s][info][gc,stats    ]   CMR: Thread Roots                 308 us, workers (us): 308, ---, ---, 
[68.533s][info][gc,stats    ]   CMR: VM Strong Roots                5 us, workers (us):   5, ---, ---, 
[68.533s][info][gc,stats    ]   CMR: CLDG Roots                    39 us, workers (us):  39, ---, ---, 
[68.533s][info][gc,stats    ] Concurrent Marking                 3972 us
[68.533s][info][gc,stats    ] Pause Final Mark (G)                200 us
[68.533s][info][gc,stats    ] Pause Final Mark (N)                152 us
[68.533s][info][gc,stats    ]   Finish Mark                        31 us
[68.533s][info][gc,stats    ]   Update Region States               26 us
[68.533s][info][gc,stats    ]   Choose Collection Set              26 us
[68.533s][info][gc,stats    ]   Rebuild Free Set                    8 us
[68.533s][info][gc,stats    ] Concurrent Weak References           78 us, parallelism: 0.11x
[68.533s][info][gc,stats    ]   CWRF: <total>                       8 us
[68.533s][info][gc,stats    ]   CWRF: Weak References               8 us, workers (us):   8, ---, ---, 
[68.533s][info][gc,stats    ] Concurrent Weak Roots              3109 us
[68.533s][info][gc,stats    ]   Roots                            3010 us, parallelism: 0.99x
[68.533s][info][gc,stats    ]     CWR: <total>                   2985 us
[68.533s][info][gc,stats    ]     CWR: Code Cache Roots           655 us, workers (us): 655, ---, ---, 
[68.533s][info][gc,stats    ]     CWR: VM Weak Roots             2322 us, workers (us): 2322, ---, ---, 
[68.533s][info][gc,stats    ]     CWR: CLDG Roots                   8 us, workers (us):   8, ---, ---, 
[68.533s][info][gc,stats    ]   Rendezvous                         48 us
[68.533s][info][gc,stats    ] Concurrent Cleanup                   62 us
[68.533s][info][gc,stats    ] Concurrent Class Unloading         3272 us
[68.533s][info][gc,stats    ]   Unlink Stale                     2928 us
[68.533s][info][gc,stats    ]     System Dictionary                 7 us
[68.533s][info][gc,stats    ]     Weak Class Links                  1 us
[68.533s][info][gc,stats    ]     Code Roots                     2919 us
[68.533s][info][gc,stats    ]   Rendezvous                        129 us
[68.533s][info][gc,stats    ]   Purge Unlinked                    147 us
[68.533s][info][gc,stats    ]     Code Roots                      143 us
[68.533s][info][gc,stats    ]     CLDG                              4 us
[68.533s][info][gc,stats    ]     Exception Caches                  0 us
[68.533s][info][gc,stats    ] Pause Final Roots (G)               108 us
[68.533s][info][gc,stats    ] Pause Final Roots (N)                49 us
[68.533s][info][gc,stats    ] 
[68.533s][info][gc,stats    ] Allocation pacing accrued:
[68.533s][info][gc,stats    ]       0 of   434 ms (  0.0%): <total>
[68.533s][info][gc,stats    ]       0 of   434 ms (  0.0%): <average total>
[68.533s][info][gc,stats    ] 
[68.533s][info][gc,metaspace] Metaspace: 14221K(14528K)->14221K(14528K) NonClass: 12316K(12480K)->12316K(12480K) Class: 1905K(2048K)->1905K(2048K)
[68.533s][info][gc,ergo     ] Pacer for Idle. Initial: 41943K, Alloc Tax Rate: 1.0x
[68.726s][info][gc          ] Trigger: Explicit GC request (System.gc())
[68.726s][info][gc,ergo     ] Free: 1740M, Max: 1024K regular, 1420M humongous, Frag: 19% external, 0% internal; Reserve: 103M, Max: 1024K
[68.726s][info][gc,start    ] GC(165) Concurrent reset
[68.726s][info][gc,task     ] GC(165) Using 1 of 3 workers for concurrent reset
[68.726s][info][gc,ergo     ] GC(165) Pacer for Reset. Non-Taxable: 2048M
[68.727s][info][gc          ] GC(165) Concurrent reset 0.424ms
[68.727s][info][gc,start    ] GC(165) Pause Init Mark (unload classes)
[68.727s][info][gc,task     ] GC(165) Using 3 of 3 workers for init marking
[68.727s][info][gc,ref      ] GC(165) Clearing All SoftReferences
[68.727s][info][gc,ergo     ] GC(165) Pacer for Mark. Expected Live: 4513K, Free: 1740M, Non-Taxable: 174M, Alloc Tax Rate: 0.0x
[68.727s][info][gc          ] GC(165) Pause Init Mark (unload classes) 0.299ms
[68.727s][info][gc,start    ] GC(165) Concurrent marking roots
[68.727s][info][gc,task     ] GC(165) Using 1 of 3 workers for concurrent marking roots
[68.728s][info][gc          ] GC(165) Concurrent marking roots 0.491ms
[68.728s][info][gc,start    ] GC(165) Concurrent marking (unload classes)
[68.728s][info][gc,task     ] GC(165) Using 1 of 3 workers for concurrent marking
[68.732s][info][gc          ] GC(165) Concurrent marking (unload classes) 4.093ms
[68.732s][info][gc,start    ] GC(165) Pause Final Mark (unload classes)
[68.732s][info][gc,task     ] GC(165) Using 3 of 3 workers for final marking
[68.732s][info][gc,ergo     ] GC(165) Collectable Garbage: 190M (95%), Immediate: 190M (95%), CSet: 0B (0%)
[68.732s][info][gc          ] GC(165) Pause Final Mark (unload classes) 0.292ms
[68.732s][info][gc,start    ] GC(165) Concurrent weak references
[68.732s][info][gc,task     ] GC(165) Using 1 of 3 workers for concurrent weak references
[68.732s][info][gc,ref      ] GC(165) Encountered references: Soft: 140, Weak: 717, Final: 0, Phantom: 64
[68.732s][info][gc,ref      ] GC(165) Discovered  references: Soft: 88, Weak: 171, Final: 0, Phantom: 62
[68.732s][info][gc,ref      ] GC(165) Enqueued    references: Soft: 3, Weak: 0, Final: 0, Phantom: 0
[68.732s][info][gc          ] GC(165) Concurrent weak references 0.095ms
[68.732s][info][gc,start    ] GC(165) Concurrent weak roots
[68.732s][info][gc,task     ] GC(165) Using 1 of 3 workers for concurrent weak root
[68.734s][info][gc          ] GC(165) Concurrent weak roots 1.832ms
[68.734s][info][gc,start    ] GC(165) Concurrent cleanup
[68.734s][info][gc          ] GC(165) Concurrent cleanup 204M->13M(2048M) 0.032ms
[68.734s][info][gc,ergo     ] GC(165) Free: 1931M, Max: 1024K regular, 1763M humongous, Frag: 9% external, 0% internal; Reserve: 103M, Max: 1024K
[68.734s][info][gc,start    ] GC(165) Concurrent class unloading
[68.734s][info][gc,task     ] GC(165) Using 1 of 3 workers for concurrent class unloading
[68.738s][info][gc          ] GC(165) Concurrent class unloading 3.911ms
[68.738s][info][gc,start    ] GC(165) Pause Final Roots
[68.738s][info][gc          ] GC(165) Pause Final Roots 0.069ms
[68.738s][info][gc,ergo     ] Free: 1931M, Max: 1024K regular, 1763M humongous, Frag: 9% external, 0% internal; Reserve: 103M, Max: 1024K
[68.738s][info][gc,stats    ] 
[68.739s][info][gc,stats    ] All times are wall-clock times, except per-root-class counters, that are sum over
[68.739s][info][gc,stats    ] all workers. Dividing the <total> over the root stage time estimates parallelism.
[68.739s][info][gc,stats    ] 
[68.739s][info][gc,stats    ] Concurrent Reset                    480 us
[68.739s][info][gc,stats    ] Pause Init Mark (G)                 460 us
[68.739s][info][gc,stats    ] Pause Init Mark (N)                 323 us
[68.739s][info][gc,stats    ]   Update Region States               95 us
[68.739s][info][gc,stats    ] Concurrent Mark Roots               500 us, parallelism: 0.77x
[68.739s][info][gc,stats    ]   CMR: <total>                      383 us
[68.739s][info][gc,stats    ]   CMR: Thread Roots                 315 us, workers (us): 315, ---, ---, 
[68.739s][info][gc,stats    ]   CMR: VM Strong Roots               10 us, workers (us):  10, ---, ---, 
[68.739s][info][gc,stats    ]   CMR: CLDG Roots                    59 us, workers (us):  59, ---, ---, 
[68.739s][info][gc,stats    ] Concurrent Marking                 4123 us
[68.739s][info][gc,stats    ] Pause Final Mark (G)                368 us
[68.739s][info][gc,stats    ] Pause Final Mark (N)                315 us
[68.739s][info][gc,stats    ]   Finish Mark                        66 us
[68.739s][info][gc,stats    ]   Update Region States               60 us
[68.739s][info][gc,stats    ]   Choose Collection Set              64 us
[68.739s][info][gc,stats    ]   Rebuild Free Set                   21 us
[68.739s][info][gc,stats    ] Concurrent Weak References          102 us, parallelism: 0.08x
[68.739s][info][gc,stats    ]   CWRF: <total>                       8 us
[68.739s][info][gc,stats    ]   CWRF: Weak References               8 us, workers (us):   8, ---, ---, 
[68.739s][info][gc,stats    ] Concurrent Weak Roots              1852 us
[68.739s][info][gc,stats    ]   Roots                            1724 us, parallelism: 0.98x
[68.739s][info][gc,stats    ]     CWR: <total>                   1682 us
[68.739s][info][gc,stats    ]     CWR: Code Cache Roots           618 us, workers (us): 618, ---, ---, 
[68.739s][info][gc,stats    ]     CWR: VM Weak Roots             1056 us, workers (us): 1056, ---, ---, 
[68.739s][info][gc,stats    ]     CWR: CLDG Roots                   7 us, workers (us):   7, ---, ---, 
[68.739s][info][gc,stats    ]   Rendezvous                         92 us
[68.739s][info][gc,stats    ] Concurrent Cleanup                   41 us
[68.739s][info][gc,stats    ] Concurrent Class Unloading         3939 us
[68.739s][info][gc,stats    ]   Unlink Stale                     3521 us
[68.739s][info][gc,stats    ]     System Dictionary                 9 us
[68.739s][info][gc,stats    ]     Weak Class Links                  0 us
[68.739s][info][gc,stats    ]     Code Roots                     3511 us
[68.739s][info][gc,stats    ]   Rendezvous                        115 us
[68.739s][info][gc,stats    ]   Purge Unlinked                    242 us
[68.739s][info][gc,stats    ]     Code Roots                      236 us
[68.739s][info][gc,stats    ]     CLDG                              6 us
[68.739s][info][gc,stats    ]     Exception Caches                  0 us
[68.739s][info][gc,stats    ] Pause Final Roots (G)               160 us
[68.739s][info][gc,stats    ] Pause Final Roots (N)                88 us
[68.739s][info][gc,stats    ] 
[68.739s][info][gc,stats    ] Allocation pacing accrued:
[68.739s][info][gc,stats    ]       0 of   206 ms (  0.0%): <total>
[68.739s][info][gc,stats    ]       0 of   206 ms (  0.0%): <average total>
[68.739s][info][gc,stats    ] 
[68.739s][info][gc,metaspace] Metaspace: 14221K(14528K)->14221K(14528K) NonClass: 12316K(12480K)->12316K(12480K) Class: 1905K(2048K)->1905K(2048K)
[68.739s][info][gc,ergo     ] Pacer for Idle. Initial: 41943K, Alloc Tax Rate: 1.0x
[69.211s][info][gc          ] Trigger: Learning 2 of 5. Free (1433M) is below initial threshold (1433M)
[69.211s][info][gc,ergo     ] Free: 1432M, Max: 1024K regular, 1432M humongous, Frag: 0% external, 0% internal; Reserve: 103M, Max: 1024K
[69.212s][info][gc,start    ] GC(166) Concurrent reset
[69.212s][info][gc,task     ] GC(166) Using 1 of 3 workers for concurrent reset
[69.212s][info][gc,ergo     ] GC(166) Pacer for Reset. Non-Taxable: 2048M
[69.212s][info][gc          ] GC(166) Concurrent reset 0.141ms
[69.212s][info][gc,start    ] GC(166) Pause Init Mark (unload classes)
[69.212s][info][gc,task     ] GC(166) Using 3 of 3 workers for init marking
[69.212s][info][gc,ergo     ] GC(166) Pacer for Mark. Expected Live: 4513K, Free: 1432M, Non-Taxable: 143M, Alloc Tax Rate: 0.0x
[69.212s][info][gc          ] GC(166) Pause Init Mark (unload classes) 0.090ms
[69.212s][info][gc,start    ] GC(166) Concurrent marking roots
[69.212s][info][gc,task     ] GC(166) Using 1 of 3 workers for concurrent marking roots
[69.212s][info][gc          ] GC(166) Concurrent marking roots 0.421ms
[69.212s][info][gc,start    ] GC(166) Concurrent marking (unload classes)
[69.212s][info][gc,task     ] GC(166) Using 1 of 3 workers for concurrent marking
[69.216s][info][gc          ] GC(166) Concurrent marking (unload classes) 4.021ms
[69.216s][info][gc,start    ] GC(166) Pause Final Mark (unload classes)
[69.216s][info][gc,task     ] GC(166) Using 3 of 3 workers for final marking
[69.217s][info][gc,ergo     ] GC(166) Collectable Garbage: 486M (95%), Immediate: 486M (95%), CSet: 0B (0%)
[69.217s][info][gc          ] GC(166) Pause Final Mark (unload classes) 0.145ms
[69.217s][info][gc,start    ] GC(166) Concurrent weak references
[69.217s][info][gc,task     ] GC(166) Using 1 of 3 workers for concurrent weak references
[69.217s][info][gc,ref      ] GC(166) Encountered references: Soft: 140, Weak: 729, Final: 0, Phantom: 64
[69.217s][info][gc,ref      ] GC(166) Discovered  references: Soft: 0, Weak: 147, Final: 0, Phantom: 37
[69.217s][info][gc,ref      ] GC(166) Enqueued    references: Soft: 0, Weak: 0, Final: 0, Phantom: 0
[69.217s][info][gc          ] GC(166) Concurrent weak references 0.064ms
[69.217s][info][gc,start    ] GC(166) Concurrent weak roots
[69.217s][info][gc,task     ] GC(166) Using 1 of 3 workers for concurrent weak root
[69.220s][info][gc          ] GC(166) Concurrent weak roots 3.625ms
[69.220s][info][gc,start    ] GC(166) Concurrent cleanup
[69.220s][info][gc          ] GC(166) Concurrent cleanup 525M->39M(2048M) 0.053ms
[69.220s][info][gc,ergo     ] GC(166) Free: 1905M, Max: 1024K regular, 1419M humongous, Frag: 26% external, 0% internal; Reserve: 103M, Max: 1024K
[69.220s][info][gc,start    ] GC(166) Concurrent class unloading
[69.220s][info][gc,task     ] GC(166) Using 1 of 3 workers for concurrent class unloading
[69.224s][info][gc          ] GC(166) Concurrent class unloading 3.123ms
[69.224s][info][gc,start    ] GC(166) Pause Final Roots
[69.224s][info][gc          ] GC(166) Pause Final Roots 0.012ms
[69.224s][info][gc,ergo     ] Free: 1905M, Max: 1024K regular, 1419M humongous, Frag: 26% external, 0% internal; Reserve: 103M, Max: 1024K
[69.224s][info][gc,stats    ] 
[69.224s][info][gc,stats    ] All times are wall-clock times, except per-root-class counters, that are sum over
[69.224s][info][gc,stats    ] all workers. Dividing the <total> over the root stage time estimates parallelism.
[69.224s][info][gc,stats    ] 
[69.224s][info][gc,stats    ] Concurrent Reset                    153 us
[69.224s][info][gc,stats    ] Pause Init Mark (G)                 217 us
[69.224s][info][gc,stats    ] Pause Init Mark (N)                  99 us
[69.224s][info][gc,stats    ]   Update Region States               25 us
[69.224s][info][gc,stats    ] Concurrent Mark Roots               440 us, parallelism: 0.85x
[69.224s][info][gc,stats    ]   CMR: <total>                      374 us
[69.224s][info][gc,stats    ]   CMR: Thread Roots                 329 us, workers (us): 329, ---, ---, 
[69.224s][info][gc,stats    ]   CMR: VM Strong Roots                5 us, workers (us):   5, ---, ---, 
[69.224s][info][gc,stats    ]   CMR: CLDG Roots                    41 us, workers (us):  41, ---, ---, 
[69.224s][info][gc,stats    ] Concurrent Marking                 4070 us
[69.224s][info][gc,stats    ] Pause Final Mark (G)                196 us
[69.224s][info][gc,stats    ] Pause Final Mark (N)                153 us
[69.224s][info][gc,stats    ]   Finish Mark                        35 us
[69.224s][info][gc,stats    ]   Update Region States               27 us
[69.224s][info][gc,stats    ]   Choose Collection Set              27 us
[69.224s][info][gc,stats    ]   Rebuild Free Set                    7 us
[69.224s][info][gc,stats    ] Concurrent Weak References           77 us, parallelism: 0.12x
[69.224s][info][gc,stats    ]   CWRF: <total>                       9 us
[69.224s][info][gc,stats    ]   CWRF: Weak References               9 us, workers (us):   9, ---, ---, 
[69.224s][info][gc,stats    ] Concurrent Weak Roots              3663 us
[69.224s][info][gc,stats    ]   Roots                            3558 us, parallelism: 0.99x
[69.224s][info][gc,stats    ]     CWR: <total>                   3533 us
[69.224s][info][gc,stats    ]     CWR: Code Cache Roots           645 us, workers (us): 645, ---, ---, 
[69.224s][info][gc,stats    ]     CWR: VM Weak Roots             2881 us, workers (us): 2881, ---, ---, 
[69.224s][info][gc,stats    ]     CWR: CLDG Roots                   7 us, workers (us):   7, ---, ---, 
[69.224s][info][gc,stats    ]   Rendezvous                         49 us
[69.224s][info][gc,stats    ] Concurrent Cleanup                   62 us
[69.224s][info][gc,stats    ] Concurrent Class Unloading         3170 us
[69.224s][info][gc,stats    ]   Unlink Stale                     2934 us
[69.224s][info][gc,stats    ]     System Dictionary                 9 us
[69.224s][info][gc,stats    ]     Weak Class Links                  0 us
[69.224s][info][gc,stats    ]     Code Roots                     2923 us
[69.224s][info][gc,stats    ]   Rendezvous                         48 us
[69.224s][info][gc,stats    ]   Purge Unlinked                    125 us
[69.224s][info][gc,stats    ]     Code Roots                      122 us
[69.224s][info][gc,stats    ]     CLDG                              2 us
[69.224s][info][gc,stats    ]     Exception Caches                  0 us
[69.224s][info][gc,stats    ] Pause Final Roots (G)                71 us
[69.224s][info][gc,stats    ] Pause Final Roots (N)                20 us
[69.224s][info][gc,stats    ] 
[69.224s][info][gc,stats    ] Allocation pacing accrued:
[69.224s][info][gc,stats    ]       0 of   485 ms (  0.0%): <total>
[69.224s][info][gc,stats    ]       0 of   485 ms (  0.0%): <average total>
[69.224s][info][gc,stats    ] 
[69.224s][info][gc,metaspace] Metaspace: 14223K(14528K)->14223K(14528K) NonClass: 12317K(12480K)->12317K(12480K) Class: 1905K(2048K)->1905K(2048K)
[69.224s][info][gc,ergo     ] Pacer for Idle. Initial: 41943K, Alloc Tax Rate: 1.0x
[69.671s][info][gc          ] Trigger: Learning 3 of 5. Free (1431M) is below initial threshold (1433M)
[69.671s][info][gc,ergo     ] Free: 1431M, Max: 1024K regular, 1419M humongous, Frag: 1% external, 0% internal; Reserve: 103M, Max: 1024K
[69.671s][info][gc,start    ] GC(167) Concurrent reset
[69.671s][info][gc,task     ] GC(167) Using 1 of 3 workers for concurrent reset
[69.671s][info][gc,ergo     ] GC(167) Pacer for Reset. Non-Taxable: 2048M
[69.671s][info][gc          ] GC(167) Concurrent reset 0.202ms
[69.671s][info][gc,start    ] GC(167) Pause Init Mark (unload classes)
[69.671s][info][gc,task     ] GC(167) Using 3 of 3 workers for init marking
[69.671s][info][gc,ergo     ] GC(167) Pacer for Mark. Expected Live: 4513K, Free: 1431M, Non-Taxable: 143M, Alloc Tax Rate: 0.0x
[69.671s][info][gc          ] GC(167) Pause Init Mark (unload classes) 0.089ms
[69.671s][info][gc,start    ] GC(167) Concurrent marking roots
[69.671s][info][gc,task     ] GC(167) Using 1 of 3 workers for concurrent marking roots
[69.672s][info][gc          ] GC(167) Concurrent marking roots 0.400ms
[69.672s][info][gc,start    ] GC(167) Concurrent marking (unload classes)
[69.672s][info][gc,task     ] GC(167) Using 1 of 3 workers for concurrent marking
[69.675s][info][gc          ] GC(167) Concurrent marking (unload classes) 3.825ms
[69.675s][info][gc,start    ] GC(167) Pause Final Mark (unload classes)
[69.675s][info][gc,task     ] GC(167) Using 3 of 3 workers for final marking
[69.676s][info][gc,ergo     ] GC(167) Collectable Garbage: 484M (95%), Immediate: 484M (95%), CSet: 0B (0%)
[69.676s][info][gc          ] GC(167) Pause Final Mark (unload classes) 0.146ms
[69.676s][info][gc,start    ] GC(167) Concurrent weak references
[69.676s][info][gc,task     ] GC(167) Using 1 of 3 workers for concurrent weak references
[69.676s][info][gc,ref      ] GC(167) Encountered references: Soft: 140, Weak: 729, Final: 0, Phantom: 64
[69.676s][info][gc,ref      ] GC(167) Discovered  references: Soft: 0, Weak: 147, Final: 0, Phantom: 37
[69.676s][info][gc,ref      ] GC(167) Enqueued    references: Soft: 0, Weak: 0, Final: 0, Phantom: 0
[69.676s][info][gc          ] GC(167) Concurrent weak references 0.065ms
[69.676s][info][gc,start    ] GC(167) Concurrent weak roots
[69.676s][info][gc,task     ] GC(167) Using 1 of 3 workers for concurrent weak root
[69.680s][info][gc          ] GC(167) Concurrent weak roots 4.182ms
[69.680s][info][gc,start    ] GC(167) Concurrent cleanup
[69.680s][info][gc          ] GC(167) Concurrent cleanup 525M->41M(2048M) 0.053ms
[69.680s][info][gc,ergo     ] GC(167) Free: 1903M, Max: 1024K regular, 1425M humongous, Frag: 26% external, 0% internal; Reserve: 103M, Max: 1024K
[69.680s][info][gc,start    ] GC(167) Concurrent class unloading
[69.680s][info][gc,task     ] GC(167) Using 1 of 3 workers for concurrent class unloading
[69.683s][info][gc          ] GC(167) Concurrent class unloading 3.174ms
[69.683s][info][gc,start    ] GC(167) Pause Final Roots
[69.683s][info][gc          ] GC(167) Pause Final Roots 0.038ms
[69.683s][info][gc,ergo     ] Free: 1902M, Max: 1024K regular, 1425M humongous, Frag: 26% external, 0% internal; Reserve: 103M, Max: 1024K
[69.683s][info][gc,stats    ] 
[69.683s][info][gc,stats    ] All times are wall-clock times, except per-root-class counters, that are sum over
[69.683s][info][gc,stats    ] all workers. Dividing the <total> over the root stage time estimates parallelism.
[69.683s][info][gc,stats    ] 
[69.683s][info][gc,stats    ] Concurrent Reset                    214 us
[69.683s][info][gc,stats    ] Pause Init Mark (G)                 197 us
[69.683s][info][gc,stats    ] Pause Init Mark (N)                  98 us
[69.683s][info][gc,stats    ]   Update Region States               24 us
[69.684s][info][gc,stats    ] Concurrent Mark Roots               413 us, parallelism: 0.85x
[69.684s][info][gc,stats    ]   CMR: <total>                      351 us
[69.684s][info][gc,stats    ]   CMR: Thread Roots                 308 us, workers (us): 308, ---, ---, 
[69.684s][info][gc,stats    ]   CMR: VM Strong Roots                5 us, workers (us):   5, ---, ---, 
[69.684s][info][gc,stats    ]   CMR: CLDG Roots                    38 us, workers (us):  38, ---, ---, 
[69.684s][info][gc,stats    ] Concurrent Marking                 3871 us
[69.684s][info][gc,stats    ] Pause Final Mark (G)                244 us
[69.684s][info][gc,stats    ] Pause Final Mark (N)                155 us
[69.684s][info][gc,stats    ]   Finish Mark                        37 us
[69.684s][info][gc,stats    ]   Update Region States               28 us
[69.684s][info][gc,stats    ]   Choose Collection Set              29 us
[69.684s][info][gc,stats    ]   Rebuild Free Set                    8 us
[69.684s][info][gc,stats    ] Concurrent Weak References           72 us, parallelism: 0.09x
[69.684s][info][gc,stats    ]   CWRF: <total>                       6 us
[69.684s][info][gc,stats    ]   CWRF: Weak References               6 us, workers (us):   6, ---, ---, 
[69.684s][info][gc,stats    ] Concurrent Weak Roots              4224 us
[69.684s][info][gc,stats    ]   Roots                            4077 us, parallelism: 0.99x
[69.684s][info][gc,stats    ]     CWR: <total>                   4051 us
[69.684s][info][gc,stats    ]     CWR: Code Cache Roots           668 us, workers (us): 668, ---, ---, 
[69.684s][info][gc,stats    ]     CWR: VM Weak Roots             3376 us, workers (us): 3376, ---, ---, 
[69.684s][info][gc,stats    ]     CWR: CLDG Roots                   8 us, workers (us):   8, ---, ---, 
[69.684s][info][gc,stats    ]   Rendezvous                         89 us
[69.684s][info][gc,stats    ] Concurrent Cleanup                   62 us
[69.684s][info][gc,stats    ] Concurrent Class Unloading         3222 us
[69.684s][info][gc,stats    ]   Unlink Stale                     2980 us
[69.684s][info][gc,stats    ]     System Dictionary                 9 us
[69.684s][info][gc,stats    ]     Weak Class Links                  0 us
[69.684s][info][gc,stats    ]     Code Roots                     2969 us
[69.684s][info][gc,stats    ]   Rendezvous                         42 us
[69.684s][info][gc,stats    ]   Purge Unlinked                    133 us
[69.684s][info][gc,stats    ]     Code Roots                      129 us
[69.684s][info][gc,stats    ]     CLDG                              4 us
[69.684s][info][gc,stats    ]     Exception Caches                  0 us
[69.684s][info][gc,stats    ] Pause Final Roots (G)                97 us
[69.684s][info][gc,stats    ] Pause Final Roots (N)                47 us
[69.684s][info][gc,stats    ] 
[69.684s][info][gc,stats    ] Allocation pacing accrued:
[69.684s][info][gc,stats    ]       0 of   460 ms (  0.0%): <total>
[69.684s][info][gc,stats    ]       0 of   460 ms (  0.0%): <average total>
[69.684s][info][gc,stats    ] 
[69.684s][info][gc,metaspace] Metaspace: 14223K(14528K)->14223K(14528K) NonClass: 12317K(12480K)->12317K(12480K) Class: 1905K(2048K)->1905K(2048K)
[69.684s][info][gc,ergo     ] Pacer for Idle. Initial: 41943K, Alloc Tax Rate: 1.0x
[70.126s][info][gc          ] Trigger: Learning 4 of 5. Free (1432M) is below initial threshold (1433M)
[70.126s][info][gc,ergo     ] Free: 1432M, Max: 1024K regular, 1425M humongous, Frag: 1% external, 0% internal; Reserve: 103M, Max: 1024K
[70.126s][info][gc,start    ] GC(168) Concurrent reset
[70.126s][info][gc,task     ] GC(168) Using 1 of 3 workers for concurrent reset
[70.126s][info][gc,ergo     ] GC(168) Pacer for Reset. Non-Taxable: 2048M
[70.127s][info][gc          ] GC(168) Concurrent reset 0.219ms
[70.127s][info][gc,start    ] GC(168) Pause Init Mark (unload classes)
[70.127s][info][gc,task     ] GC(168) Using 3 of 3 workers for init marking
[70.127s][info][gc,ergo     ] GC(168) Pacer for Mark. Expected Live: 4513K, Free: 1432M, Non-Taxable: 143M, Alloc Tax Rate: 0.0x
[70.127s][info][gc          ] GC(168) Pause Init Mark (unload classes) 0.091ms
[70.127s][info][gc,start    ] GC(168) Concurrent marking roots
[70.127s][info][gc,task     ] GC(168) Using 1 of 3 workers for concurrent marking roots
[70.127s][info][gc          ] GC(168) Concurrent marking roots 0.405ms
[70.127s][info][gc,start    ] GC(168) Concurrent marking (unload classes)
[70.127s][info][gc,task     ] GC(168) Using 1 of 3 workers for concurrent marking
[70.131s][info][gc          ] GC(168) Concurrent marking (unload classes) 3.966ms
[70.131s][info][gc,start    ] GC(168) Pause Final Mark (unload classes)
[70.131s][info][gc,task     ] GC(168) Using 3 of 3 workers for final marking
[70.131s][info][gc,ergo     ] GC(168) Collectable Garbage: 481M (94%), Immediate: 481M (94%), CSet: 0B (0%)
[70.131s][info][gc          ] GC(168) Pause Final Mark (unload classes) 0.127ms
[70.132s][info][gc,start    ] GC(168) Concurrent weak references
[70.132s][info][gc,task     ] GC(168) Using 1 of 3 workers for concurrent weak references
[70.132s][info][gc,ref      ] GC(168) Encountered references: Soft: 140, Weak: 729, Final: 0, Phantom: 64
[70.132s][info][gc,ref      ] GC(168) Discovered  references: Soft: 0, Weak: 147, Final: 0, Phantom: 37
[70.132s][info][gc,ref      ] GC(168) Enqueued    references: Soft: 0, Weak: 0, Final: 0, Phantom: 0
[70.132s][info][gc          ] GC(168) Concurrent weak references 0.088ms
[70.132s][info][gc,start    ] GC(168) Concurrent weak roots
[70.132s][info][gc,task     ] GC(168) Using 1 of 3 workers for concurrent weak root
[70.136s][info][gc          ] GC(168) Concurrent weak roots 4.754ms
[70.136s][info][gc,start    ] GC(168) Concurrent cleanup
[70.136s][info][gc          ] GC(168) Concurrent cleanup 525M->44M(2048M) 0.053ms
[70.136s][info][gc,ergo     ] GC(168) Free: 1900M, Max: 1024K regular, 1419M humongous, Frag: 26% external, 0% internal; Reserve: 103M, Max: 1024K
[70.137s][info][gc,start    ] GC(168) Concurrent class unloading
[70.137s][info][gc,task     ] GC(168) Using 1 of 3 workers for concurrent class unloading
[70.140s][info][gc          ] GC(168) Concurrent class unloading 3.112ms
[70.140s][info][gc,start    ] GC(168) Pause Final Roots
[70.140s][info][gc          ] GC(168) Pause Final Roots 0.039ms
[70.140s][info][gc,ergo     ] Free: 1896M, Max: 1024K regular, 1419M humongous, Frag: 26% external, 0% internal; Reserve: 103M, Max: 1024K
[70.140s][info][gc,stats    ] 
[70.140s][info][gc,stats    ] All times are wall-clock times, except per-root-class counters, that are sum over
[70.140s][info][gc,stats    ] all workers. Dividing the <total> over the root stage time estimates parallelism.
[70.140s][info][gc,stats    ] 
[70.140s][info][gc,stats    ] Concurrent Reset                    231 us
[70.140s][info][gc,stats    ] Pause Init Mark (G)                 222 us
[70.140s][info][gc,stats    ] Pause Init Mark (N)                  99 us
[70.140s][info][gc,stats    ]   Update Region States               26 us
[70.140s][info][gc,stats    ] Concurrent Mark Roots               417 us, parallelism: 0.86x
[70.140s][info][gc,stats    ]   CMR: <total>                      357 us
[70.140s][info][gc,stats    ]   CMR: Thread Roots                 314 us, workers (us): 314, ---, ---, 
[70.140s][info][gc,stats    ]   CMR: VM Strong Roots                5 us, workers (us):   5, ---, ---, 
[70.140s][info][gc,stats    ]   CMR: CLDG Roots                    38 us, workers (us):  38, ---, ---, 
[70.140s][info][gc,stats    ] Concurrent Marking                 4016 us
[70.140s][info][gc,stats    ] Pause Final Mark (G)                206 us
[70.140s][info][gc,stats    ] Pause Final Mark (N)                135 us
[70.140s][info][gc,stats    ]   Finish Mark                        35 us
[70.140s][info][gc,stats    ]   Update Region States               27 us
[70.140s][info][gc,stats    ]   Choose Collection Set              26 us
[70.140s][info][gc,stats    ]   Rebuild Free Set                    7 us
[70.140s][info][gc,stats    ] Concurrent Weak References           96 us, parallelism: 0.07x
[70.140s][info][gc,stats    ]   CWRF: <total>                       7 us
[70.140s][info][gc,stats    ]   CWRF: Weak References               7 us, workers (us):   7, ---, ---, 
[70.140s][info][gc,stats    ] Concurrent Weak Roots              4803 us
[70.140s][info][gc,stats    ]   Roots                            4684 us, parallelism: 0.99x
[70.140s][info][gc,stats    ]     CWR: <total>                   4655 us
[70.140s][info][gc,stats    ]     CWR: Code Cache Roots           677 us, workers (us): 677, ---, ---, 
[70.140s][info][gc,stats    ]     CWR: VM Weak Roots             3971 us, workers (us): 3971, ---, ---, 
[70.140s][info][gc,stats    ]     CWR: CLDG Roots                   8 us, workers (us):   8, ---, ---, 
[70.140s][info][gc,stats    ]   Rendezvous                         53 us
[70.140s][info][gc,stats    ] Concurrent Cleanup                   62 us
[70.140s][info][gc,stats    ] Concurrent Class Unloading         3157 us
[70.140s][info][gc,stats    ]   Unlink Stale                     2926 us
[70.140s][info][gc,stats    ]     System Dictionary                 8 us
[70.140s][info][gc,stats    ]     Weak Class Links                  0 us
[70.140s][info][gc,stats    ]     Code Roots                     2916 us
[70.140s][info][gc,stats    ]   Rendezvous                         39 us
[70.140s][info][gc,stats    ]   Purge Unlinked                    130 us
[70.140s][info][gc,stats    ]     Code Roots                      126 us
[70.140s][info][gc,stats    ]     CLDG                              3 us
[70.140s][info][gc,stats    ]     Exception Caches                  0 us
[70.140s][info][gc,stats    ] Pause Final Roots (G)               110 us
[70.140s][info][gc,stats    ] Pause Final Roots (N)                48 us
[70.140s][info][gc,stats    ] 
[70.140s][info][gc,stats    ] Allocation pacing accrued:
[70.140s][info][gc,stats    ]       0 of   456 ms (  0.0%): <total>
[70.140s][info][gc,stats    ]       0 of   456 ms (  0.0%): <average total>
[70.140s][info][gc,stats    ] 
[70.140s][info][gc,metaspace] Metaspace: 14223K(14528K)->14223K(14528K) NonClass: 12317K(12480K)->12317K(12480K) Class: 1905K(2048K)->1905K(2048K)
[70.140s][info][gc,ergo     ] Pacer for Idle. Initial: 41943K, Alloc Tax Rate: 1.0x
[70.590s][info][gc          ] Trigger: Learning 5 of 5. Free (1433M) is below initial threshold (1433M)
[70.590s][info][gc,ergo     ] Free: 1433M, Max: 1024K regular, 1419M humongous, Frag: 1% external, 0% internal; Reserve: 103M, Max: 1024K
[70.590s][info][gc,start    ] GC(169) Concurrent reset
[70.590s][info][gc,task     ] GC(169) Using 1 of 3 workers for concurrent reset
[70.590s][info][gc,ergo     ] GC(169) Pacer for Reset. Non-Taxable: 2048M
[70.590s][info][gc          ] GC(169) Concurrent reset 0.220ms
[70.590s][info][gc,start    ] GC(169) Pause Init Mark (unload classes)
[70.590s][info][gc,task     ] GC(169) Using 3 of 3 workers for init marking
[70.591s][info][gc,ergo     ] GC(169) Pacer for Mark. Expected Live: 4513K, Free: 1433M, Non-Taxable: 143M, Alloc Tax Rate: 0.0x
[70.591s][info][gc          ] GC(169) Pause Init Mark (unload classes) 0.090ms
[70.591s][info][gc,start    ] GC(169) Concurrent marking roots
[70.591s][info][gc,task     ] GC(169) Using 1 of 3 workers for concurrent marking roots
[70.591s][info][gc          ] GC(169) Concurrent marking roots 0.398ms
[70.591s][info][gc,start    ] GC(169) Concurrent marking (unload classes)
[70.591s][info][gc,task     ] GC(169) Using 1 of 3 workers for concurrent marking
[70.595s][info][gc          ] GC(169) Concurrent marking (unload classes) 3.861ms
[70.595s][info][gc,start    ] GC(169) Pause Final Mark (unload classes)
[70.595s][info][gc,task     ] GC(169) Using 3 of 3 workers for final marking
[70.595s][info][gc,ergo     ] GC(169) Collectable Garbage: 475M (93%), Immediate: 475M (93%), CSet: 0B (0%)
[70.595s][info][gc          ] GC(169) Pause Final Mark (unload classes) 0.157ms
[70.595s][info][gc,start    ] GC(169) Concurrent weak references
[70.595s][info][gc,task     ] GC(169) Using 1 of 3 workers for concurrent weak references
[70.595s][info][gc,ref      ] GC(169) Encountered references: Soft: 140, Weak: 729, Final: 0, Phantom: 64
[70.595s][info][gc,ref      ] GC(169) Discovered  references: Soft: 0, Weak: 147, Final: 0, Phantom: 37
[70.595s][info][gc,ref      ] GC(169) Enqueued    references: Soft: 0, Weak: 0, Final: 0, Phantom: 0
[70.595s][info][gc          ] GC(169) Concurrent weak references 0.070ms
[70.595s][info][gc,start    ] GC(169) Concurrent weak roots
[70.595s][info][gc,task     ] GC(169) Using 1 of 3 workers for concurrent weak root
[70.598s][info][gc          ] GC(169) Concurrent weak roots 2.531ms
[70.598s][info][gc,start    ] GC(169) Concurrent cleanup
[70.598s][info][gc          ] GC(169) Concurrent cleanup 523M->47M(2048M) 0.052ms
[70.598s][info][gc,ergo     ] GC(169) Free: 1897M, Max: 1024K regular, 1425M humongous, Frag: 25% external, 0% internal; Reserve: 103M, Max: 1024K
[70.598s][info][gc,start    ] GC(169) Concurrent class unloading
[70.598s][info][gc,task     ] GC(169) Using 1 of 3 workers for concurrent class unloading
[70.601s][info][gc          ] GC(169) Concurrent class unloading 3.223ms
[70.601s][info][gc,start    ] GC(169) Pause Final Roots
[70.601s][info][gc          ] GC(169) Pause Final Roots 0.036ms
[70.601s][info][gc,ergo     ] Free: 1897M, Max: 1024K regular, 1425M humongous, Frag: 25% external, 0% internal; Reserve: 103M, Max: 1024K
[70.601s][info][gc,stats    ] 
[70.601s][info][gc,stats    ] All times are wall-clock times, except per-root-class counters, that are sum over
[70.601s][info][gc,stats    ] all workers. Dividing the <total> over the root stage time estimates parallelism.
[70.601s][info][gc,stats    ] 
[70.601s][info][gc,stats    ] Concurrent Reset                    239 us
[70.601s][info][gc,stats    ] Pause Init Mark (G)                 169 us
[70.601s][info][gc,stats    ] Pause Init Mark (N)                  99 us
[70.601s][info][gc,stats    ]   Update Region States               26 us
[70.601s][info][gc,stats    ] Concurrent Mark Roots               416 us, parallelism: 0.84x
[70.601s][info][gc,stats    ]   CMR: <total>                      349 us
[70.601s][info][gc,stats    ]   CMR: Thread Roots                 305 us, workers (us): 305, ---, ---, 
[70.601s][info][gc,stats    ]   CMR: VM Strong Roots                6 us, workers (us):   6, ---, ---, 
[70.601s][info][gc,stats    ]   CMR: CLDG Roots                    38 us, workers (us):  38, ---, ---, 
[70.601s][info][gc,stats    ] Concurrent Marking                 3908 us
[70.601s][info][gc,stats    ] Pause Final Mark (G)                217 us
[70.601s][info][gc,stats    ] Pause Final Mark (N)                166 us
[70.601s][info][gc,stats    ]   Finish Mark                        36 us
[70.601s][info][gc,stats    ]   Update Region States               29 us
[70.601s][info][gc,stats    ]   Choose Collection Set              39 us
[70.601s][info][gc,stats    ]   Rebuild Free Set                    8 us
[70.601s][info][gc,stats    ] Concurrent Weak References           77 us, parallelism: 0.12x
[70.601s][info][gc,stats    ]   CWRF: <total>                       9 us
[70.601s][info][gc,stats    ]   CWRF: Weak References               9 us, workers (us):   9, ---, ---, 
[70.601s][info][gc,stats    ] Concurrent Weak Roots              2578 us
[70.601s][info][gc,stats    ]   Roots                            2463 us, parallelism: 0.99x
[70.602s][info][gc,stats    ]     CWR: <total>                   2436 us
[70.602s][info][gc,stats    ]     CWR: Code Cache Roots           699 us, workers (us): 699, ---, ---, 
[70.602s][info][gc,stats    ]     CWR: VM Weak Roots             1729 us, workers (us): 1729, ---, ---, 
[70.602s][info][gc,stats    ]     CWR: CLDG Roots                   7 us, workers (us):   7, ---, ---, 
[70.602s][info][gc,stats    ]   Rendezvous                         50 us
[70.602s][info][gc,stats    ] Concurrent Cleanup                   61 us
[70.602s][info][gc,stats    ] Concurrent Class Unloading         3273 us
[70.602s][info][gc,stats    ]   Unlink Stale                     2976 us
[70.602s][info][gc,stats    ]     System Dictionary                 7 us
[70.602s][info][gc,stats    ]     Weak Class Links                  0 us
[70.602s][info][gc,stats    ]     Code Roots                     2967 us
[70.602s][info][gc,stats    ]   Rendezvous                         50 us
[70.602s][info][gc,stats    ]   Purge Unlinked                    177 us
[70.602s][info][gc,stats    ]     Code Roots                      172 us
[70.602s][info][gc,stats    ]     CLDG                              5 us
[70.602s][info][gc,stats    ]     Exception Caches                  0 us
[70.602s][info][gc,stats    ] Pause Final Roots (G)               118 us
[70.602s][info][gc,stats    ] Pause Final Roots (N)                45 us
[70.602s][info][gc,stats    ] 
[70.602s][info][gc,stats    ] Allocation pacing accrued:
[70.602s][info][gc,stats    ]       0 of   462 ms (  0.0%): <total>
[70.602s][info][gc,stats    ]       0 of   462 ms (  0.0%): <average total>
[70.602s][info][gc,stats    ] 
[70.602s][info][gc,metaspace] Metaspace: 14223K(14528K)->14223K(14528K) NonClass: 12317K(12480K)->12317K(12480K) Class: 1905K(2048K)->1905K(2048K)
[70.602s][info][gc,ergo     ] Pacer for Idle. Initial: 41943K, Alloc Tax Rate: 1.0x
[70.897s][info][gc          ] Trigger: Explicit GC request (System.gc())
[70.898s][info][gc,ergo     ] Free: 1638M, Max: 1024K regular, 1425M humongous, Frag: 14% external, 0% internal; Reserve: 103M, Max: 1024K
[70.898s][info][gc,start    ] GC(170) Concurrent reset
[70.898s][info][gc,task     ] GC(170) Using 1 of 3 workers for concurrent reset
[70.898s][info][gc,ergo     ] GC(170) Pacer for Reset. Non-Taxable: 2048M
[70.898s][info][gc          ] GC(170) Concurrent reset 0.463ms
[70.898s][info][gc,start    ] GC(170) Pause Init Mark (unload classes)
[70.898s][info][gc,task     ] GC(170) Using 3 of 3 workers for init marking
[70.898s][info][gc,ref      ] GC(170) Clearing All SoftReferences
[70.898s][info][gc,ergo     ] GC(170) Pacer for Mark. Expected Live: 4520K, Free: 1638M, Non-Taxable: 163M, Alloc Tax Rate: 0.0x
[70.899s][info][gc          ] GC(170) Pause Init Mark (unload classes) 0.252ms
[70.899s][info][gc,start    ] GC(170) Concurrent marking roots
[70.899s][info][gc,task     ] GC(170) Using 1 of 3 workers for concurrent marking roots
[70.899s][info][gc          ] GC(170) Concurrent marking roots 0.465ms
[70.899s][info][gc,start    ] GC(170) Concurrent marking (unload classes)
[70.899s][info][gc,task     ] GC(170) Using 1 of 3 workers for concurrent marking
[70.903s][info][gc          ] GC(170) Concurrent marking (unload classes) 3.918ms
[70.903s][info][gc,start    ] GC(170) Pause Final Mark (unload classes)
[70.903s][info][gc,task     ] GC(170) Using 3 of 3 workers for final marking
[70.903s][info][gc,ergo     ] GC(170) Collectable Garbage: 291M (96%), Immediate: 291M (96%), CSet: 0B (0%)
[70.903s][info][gc          ] GC(170) Pause Final Mark (unload classes) 0.218ms
[70.903s][info][gc,start    ] GC(170) Concurrent weak references
[70.903s][info][gc,task     ] GC(170) Using 1 of 3 workers for concurrent weak references
[70.903s][info][gc,ref      ] GC(170) Encountered references: Soft: 140, Weak: 713, Final: 0, Phantom: 64
[70.903s][info][gc,ref      ] GC(170) Discovered  references: Soft: 88, Weak: 169, Final: 0, Phantom: 62
[70.903s][info][gc,ref      ] GC(170) Enqueued    references: Soft: 3, Weak: 0, Final: 0, Phantom: 0
[70.903s][info][gc          ] GC(170) Concurrent weak references 0.094ms
[70.903s][info][gc,start    ] GC(170) Concurrent weak roots
[70.903s][info][gc,task     ] GC(170) Using 1 of 3 workers for concurrent weak root
[70.906s][info][gc          ] GC(170) Concurrent weak roots 2.626ms
[70.906s][info][gc,start    ] GC(170) Concurrent cleanup
[70.906s][info][gc          ] GC(170) Concurrent cleanup 306M->14M(2048M) 0.071ms
[70.906s][info][gc,ergo     ] GC(170) Free: 1930M, Max: 1024K regular, 1661M humongous, Frag: 14% external, 0% internal; Reserve: 103M, Max: 1024K
[70.906s][info][gc,start    ] GC(170) Concurrent class unloading
[70.906s][info][gc,task     ] GC(170) Using 1 of 3 workers for concurrent class unloading
[70.910s][info][gc          ] GC(170) Concurrent class unloading 3.503ms
[70.910s][info][gc,start    ] GC(170) Pause Final Roots
[70.910s][info][gc          ] GC(170) Pause Final Roots 0.033ms
[70.910s][info][gc,ergo     ] Free: 1930M, Max: 1024K regular, 1661M humongous, Frag: 14% external, 0% internal; Reserve: 103M, Max: 1024K
[70.910s][info][gc,stats    ] 
[70.910s][info][gc,stats    ] All times are wall-clock times, except per-root-class counters, that are sum over
[70.910s][info][gc,stats    ] all workers. Dividing the <total> over the root stage time estimates parallelism.
[70.910s][info][gc,stats    ] 
[70.910s][info][gc,stats    ] Concurrent Reset                    522 us
[70.910s][info][gc,stats    ] Pause Init Mark (G)                 358 us
[70.910s][info][gc,stats    ] Pause Init Mark (N)                 274 us
[70.910s][info][gc,stats    ]   Update Region States               60 us
[70.910s][info][gc,stats    ] Concurrent Mark Roots               474 us, parallelism: 0.71x
[70.910s][info][gc,stats    ]   CMR: <total>                      338 us
[70.910s][info][gc,stats    ]   CMR: Thread Roots                 293 us, workers (us): 293, ---, ---, 
[70.910s][info][gc,stats    ]   CMR: VM Strong Roots                6 us, workers (us):   6, ---, ---, 
[70.910s][info][gc,stats    ]   CMR: CLDG Roots                    39 us, workers (us):  39, ---, ---, 
[70.910s][info][gc,stats    ] Concurrent Marking                 3953 us
[70.910s][info][gc,stats    ] Pause Final Mark (G)                270 us
[70.910s][info][gc,stats    ] Pause Final Mark (N)                236 us
[70.910s][info][gc,stats    ]   Finish Mark                        68 us
[70.910s][info][gc,stats    ]   Update Region States               40 us
[70.910s][info][gc,stats    ]   Choose Collection Set              43 us
[70.910s][info][gc,stats    ]   Rebuild Free Set                   17 us
[70.910s][info][gc,stats    ] Concurrent Weak References          107 us, parallelism: 0.10x
[70.910s][info][gc,stats    ]   CWRF: <total>                      11 us
[70.910s][info][gc,stats    ]   CWRF: Weak References              11 us, workers (us):  11, ---, ---, 
[70.910s][info][gc,stats    ] Concurrent Weak Roots              2653 us
[70.910s][info][gc,stats    ]   Roots                            2561 us, parallelism: 0.98x
[70.910s][info][gc,stats    ]     CWR: <total>                   2498 us
[70.910s][info][gc,stats    ]     CWR: Code Cache Roots           721 us, workers (us): 721, ---, ---, 
[70.910s][info][gc,stats    ]     CWR: VM Weak Roots             1768 us, workers (us): 1768, ---, ---, 
[70.910s][info][gc,stats    ]     CWR: CLDG Roots                   9 us, workers (us):   9, ---, ---, 
[70.910s][info][gc,stats    ]   Rendezvous                         49 us
[70.910s][info][gc,stats    ] Concurrent Cleanup                   88 us
[70.910s][info][gc,stats    ] Concurrent Class Unloading         3546 us
[70.910s][info][gc,stats    ]   Unlink Stale                     3196 us
[70.910s][info][gc,stats    ]     System Dictionary                 9 us
[70.910s][info][gc,stats    ]     Weak Class Links                  0 us
[70.910s][info][gc,stats    ]     Code Roots                     3186 us
[70.910s][info][gc,stats    ]   Rendezvous                         35 us
[70.910s][info][gc,stats    ]   Purge Unlinked                    239 us
[70.910s][info][gc,stats    ]     Code Roots                      227 us
[70.910s][info][gc,stats    ]     CLDG                             11 us
[70.910s][info][gc,stats    ]     Exception Caches                  0 us
[70.910s][info][gc,stats    ] Pause Final Roots (G)                92 us
[70.910s][info][gc,stats    ] Pause Final Roots (N)                49 us
[70.910s][info][gc,stats    ] 
[70.911s][info][gc,stats    ] Allocation pacing accrued:
[70.911s][info][gc,stats    ]       0 of   309 ms (  0.0%): <total>
[70.911s][info][gc,stats    ]       0 of   309 ms (  0.0%): <average total>
[70.911s][info][gc,stats    ] 
[70.911s][info][gc,metaspace] Metaspace: 14223K(14528K)->14223K(14528K) NonClass: 12317K(12480K)->12317K(12480K) Class: 1905K(2048K)->1905K(2048K)
[70.911s][info][gc,ergo     ] Pacer for Idle. Initial: 41943K, Alloc Tax Rate: 1.0x
[71.343s][info][gc          ] Trigger: Learning 2 of 5. Free (1431M) is below initial threshold (1433M)
[71.343s][info][gc,ergo     ] Free: 1431M, Max: 1024K regular, 1431M humongous, Frag: 0% external, 0% internal; Reserve: 103M, Max: 1024K
[71.343s][info][gc,start    ] GC(171) Concurrent reset
[71.343s][info][gc,task     ] GC(171) Using 1 of 3 workers for concurrent reset
[71.343s][info][gc,ergo     ] GC(171) Pacer for Reset. Non-Taxable: 2048M
[71.343s][info][gc          ] GC(171) Concurrent reset 0.161ms
[71.343s][info][gc,start    ] GC(171) Pause Init Mark (unload classes)
[71.343s][info][gc,task     ] GC(171) Using 3 of 3 workers for init marking
[71.343s][info][gc,ergo     ] GC(171) Pacer for Mark. Expected Live: 4520K, Free: 1430M, Non-Taxable: 143M, Alloc Tax Rate: 0.0x
[71.343s][info][gc          ] GC(171) Pause Init Mark (unload classes) 0.077ms
[71.343s][info][gc,start    ] GC(171) Concurrent marking roots
[71.343s][info][gc,task     ] GC(171) Using 1 of 3 workers for concurrent marking roots
[71.344s][info][gc          ] GC(171) Concurrent marking roots 0.424ms
[71.344s][info][gc,start    ] GC(171) Concurrent marking (unload classes)
[71.344s][info][gc,task     ] GC(171) Using 1 of 3 workers for concurrent marking
[71.348s][info][gc          ] GC(171) Concurrent marking (unload classes) 3.852ms
[71.348s][info][gc,start    ] GC(171) Pause Final Mark (unload classes)
[71.348s][info][gc,task     ] GC(171) Using 3 of 3 workers for final marking
[71.348s][info][gc,ergo     ] GC(171) Collectable Garbage: 486M (95%), Immediate: 486M (95%), CSet: 0B (0%)
[71.348s][info][gc          ] GC(171) Pause Final Mark (unload classes) 0.153ms
[71.348s][info][gc,start    ] GC(171) Concurrent weak references
[71.348s][info][gc,task     ] GC(171) Using 1 of 3 workers for concurrent weak references
[71.348s][info][gc,ref      ] GC(171) Encountered references: Soft: 140, Weak: 735, Final: 0, Phantom: 64
[71.348s][info][gc,ref      ] GC(171) Discovered  references: Soft: 0, Weak: 151, Final: 0, Phantom: 37
[71.348s][info][gc,ref      ] GC(171) Enqueued    references: Soft: 0, Weak: 2, Final: 0, Phantom: 0
[71.348s][info][gc          ] GC(171) Concurrent weak references 0.068ms
[71.348s][info][gc,start    ] GC(171) Concurrent weak roots
[71.348s][info][gc,task     ] GC(171) Using 1 of 3 workers for concurrent weak root
[71.352s][info][gc          ] GC(171) Concurrent weak roots 3.700ms
[71.352s][info][gc,start    ] GC(171) Concurrent cleanup
[71.352s][info][gc          ] GC(171) Concurrent cleanup 527M->41M(2048M) 0.051ms
[71.352s][info][gc,ergo     ] GC(171) Free: 1903M, Max: 1024K regular, 1417M humongous, Frag: 26% external, 0% internal; Reserve: 103M, Max: 1024K
[71.352s][info][gc,start    ] GC(171) Concurrent class unloading
[71.352s][info][gc,task     ] GC(171) Using 1 of 3 workers for concurrent class unloading
[71.355s][info][gc          ] GC(171) Concurrent class unloading 3.171ms
[71.355s][info][gc,start    ] GC(171) Pause Final Roots
[71.355s][info][gc          ] GC(171) Pause Final Roots 0.039ms
[71.355s][info][gc,ergo     ] Free: 1900M, Max: 1024K regular, 1417M humongous, Frag: 26% external, 0% internal; Reserve: 103M, Max: 1024K
[71.355s][info][gc,stats    ] 
[71.355s][info][gc,stats    ] All times are wall-clock times, except per-root-class counters, that are sum over
[71.355s][info][gc,stats    ] all workers. Dividing the <total> over the root stage time estimates parallelism.
[71.355s][info][gc,stats    ] 
[71.355s][info][gc,stats    ] Concurrent Reset                    201 us
[71.355s][info][gc,stats    ] Pause Init Mark (G)                 191 us
[71.355s][info][gc,stats    ] Pause Init Mark (N)                  86 us
[71.355s][info][gc,stats    ]   Update Region States               24 us
[71.355s][info][gc,stats    ] Concurrent Mark Roots               438 us, parallelism: 0.84x
[71.355s][info][gc,stats    ]   CMR: <total>                      366 us
[71.355s][info][gc,stats    ]   CMR: Thread Roots                 322 us, workers (us): 322, ---, ---, 
[71.355s][info][gc,stats    ]   CMR: VM Strong Roots                5 us, workers (us):   5, ---, ---, 
[71.355s][info][gc,stats    ]   CMR: CLDG Roots                    39 us, workers (us):  39, ---, ---, 
[71.355s][info][gc,stats    ] Concurrent Marking                 3890 us
[71.355s][info][gc,stats    ] Pause Final Mark (G)                224 us
[71.355s][info][gc,stats    ] Pause Final Mark (N)                162 us
[71.355s][info][gc,stats    ]   Finish Mark                        35 us
[71.355s][info][gc,stats    ]   Update Region States               27 us
[71.355s][info][gc,stats    ]   Choose Collection Set              35 us
[71.355s][info][gc,stats    ]   Rebuild Free Set                    8 us
[71.355s][info][gc,stats    ] Concurrent Weak References           76 us, parallelism: 0.12x
[71.355s][info][gc,stats    ]   CWRF: <total>                       9 us
[71.355s][info][gc,stats    ]   CWRF: Weak References               9 us, workers (us):   9, ---, ---, 
[71.355s][info][gc,stats    ] Concurrent Weak Roots              3752 us
[71.355s][info][gc,stats    ]   Roots                            3635 us, parallelism: 0.99x
[71.355s][info][gc,stats    ]     CWR: <total>                   3608 us
[71.356s][info][gc,stats    ]     CWR: Code Cache Roots           664 us, workers (us): 664, ---, ---, 
[71.356s][info][gc,stats    ]     CWR: VM Weak Roots             2936 us, workers (us): 2936, ---, ---, 
[71.356s][info][gc,stats    ]     CWR: CLDG Roots                   8 us, workers (us):   8, ---, ---, 
[71.356s][info][gc,stats    ]   Rendezvous                         48 us
[71.356s][info][gc,stats    ] Concurrent Cleanup                   61 us
[71.356s][info][gc,stats    ] Concurrent Class Unloading         3216 us
[71.356s][info][gc,stats    ]   Unlink Stale                     2951 us
[71.356s][info][gc,stats    ]     System Dictionary                 7 us
[71.356s][info][gc,stats    ]     Weak Class Links                  0 us
[71.356s][info][gc,stats    ]     Code Roots                     2943 us
[71.356s][info][gc,stats    ]   Rendezvous                         49 us
[71.356s][info][gc,stats    ]   Purge Unlinked                    153 us
[71.356s][info][gc,stats    ]     Code Roots                      149 us
[71.356s][info][gc,stats    ]     CLDG                              4 us
[71.356s][info][gc,stats    ]     Exception Caches                  0 us
[71.356s][info][gc,stats    ] Pause Final Roots (G)               105 us
[71.356s][info][gc,stats    ] Pause Final Roots (N)                47 us
[71.356s][info][gc,stats    ] 
[71.356s][info][gc,stats    ] Allocation pacing accrued:
[71.356s][info][gc,stats    ]       0 of   445 ms (  0.0%): <total>
[71.356s][info][gc,stats    ]       0 of   445 ms (  0.0%): <average total>
[71.356s][info][gc,stats    ] 
[71.356s][info][gc,metaspace] Metaspace: 14225K(14528K)->14225K(14528K) NonClass: 12320K(12480K)->12320K(12480K) Class: 1905K(2048K)->1905K(2048K)
[71.356s][info][gc,ergo     ] Pacer for Idle. Initial: 41943K, Alloc Tax Rate: 1.0x
[71.765s][info][gc          ] Trigger: Learning 3 of 5. Free (1433M) is below initial threshold (1433M)
[71.765s][info][gc,ergo     ] Free: 1433M, Max: 1024K regular, 1417M humongous, Frag: 2% external, 0% internal; Reserve: 103M, Max: 1024K
[71.765s][info][gc,start    ] GC(172) Concurrent reset
[71.765s][info][gc,task     ] GC(172) Using 1 of 3 workers for concurrent reset
[71.765s][info][gc,ergo     ] GC(172) Pacer for Reset. Non-Taxable: 2048M
[71.766s][info][gc          ] GC(172) Concurrent reset 0.198ms
[71.766s][info][gc,start    ] GC(172) Pause Init Mark (unload classes)
[71.766s][info][gc,task     ] GC(172) Using 3 of 3 workers for init marking
[71.766s][info][gc,ergo     ] GC(172) Pacer for Mark. Expected Live: 4519K, Free: 1432M, Non-Taxable: 143M, Alloc Tax Rate: 0.0x
[71.766s][info][gc          ] GC(172) Pause Init Mark (unload classes) 0.090ms
[71.766s][info][gc,start    ] GC(172) Concurrent marking roots
[71.766s][info][gc,task     ] GC(172) Using 1 of 3 workers for concurrent marking roots
[71.766s][info][gc          ] GC(172) Concurrent marking roots 0.411ms
[71.766s][info][gc,start    ] GC(172) Concurrent marking (unload classes)
[71.766s][info][gc,task     ] GC(172) Using 1 of 3 workers for concurrent marking
[71.770s][info][gc          ] GC(172) Concurrent marking (unload classes) 3.900ms
[71.770s][info][gc,start    ] GC(172) Pause Final Mark (unload classes)
[71.770s][info][gc,task     ] GC(172) Using 3 of 3 workers for final marking
[71.770s][info][gc,ergo     ] GC(172) Collectable Garbage: 482M (94%), Immediate: 482M (94%), CSet: 0B (0%)
[71.770s][info][gc          ] GC(172) Pause Final Mark (unload classes) 0.184ms
[71.770s][info][gc,start    ] GC(172) Concurrent weak references
[71.771s][info][gc,task     ] GC(172) Using 1 of 3 workers for concurrent weak references
[71.771s][info][gc,ref      ] GC(172) Encountered references: Soft: 140, Weak: 733, Final: 0, Phantom: 64
[71.771s][info][gc,ref      ] GC(172) Discovered  references: Soft: 0, Weak: 149, Final: 0, Phantom: 37
[71.771s][info][gc,ref      ] GC(172) Enqueued    references: Soft: 0, Weak: 0, Final: 0, Phantom: 0
[71.771s][info][gc          ] GC(172) Concurrent weak references 0.086ms
[71.771s][info][gc,start    ] GC(172) Concurrent weak roots
[71.771s][info][gc,task     ] GC(172) Using 1 of 3 workers for concurrent weak root
[71.775s][info][gc          ] GC(172) Concurrent weak roots 4.203ms
[71.775s][info][gc,start    ] GC(172) Concurrent cleanup
[71.775s][info][gc          ] GC(172) Concurrent cleanup 524M->42M(2048M) 0.051ms
[71.775s][info][gc,ergo     ] GC(172) Free: 1902M, Max: 1024K regular, 1418M humongous, Frag: 26% external, 0% internal; Reserve: 103M, Max: 1024K
[71.775s][info][gc,start    ] GC(172) Concurrent class unloading
[71.775s][info][gc,task     ] GC(172) Using 1 of 3 workers for concurrent class unloading
[71.778s][info][gc          ] GC(172) Concurrent class unloading 3.241ms
[71.778s][info][gc,start    ] GC(172) Pause Final Roots
[71.778s][info][gc          ] GC(172) Pause Final Roots 0.039ms
[71.778s][info][gc,ergo     ] Free: 1898M, Max: 1024K regular, 1418M humongous, Frag: 26% external, 0% internal; Reserve: 103M, Max: 1024K
[71.778s][info][gc,stats    ] 
[71.778s][info][gc,stats    ] All times are wall-clock times, except per-root-class counters, that are sum over
[71.778s][info][gc,stats    ] all workers. Dividing the <total> over the root stage time estimates parallelism.
[71.778s][info][gc,stats    ] 
[71.778s][info][gc,stats    ] Concurrent Reset                    214 us
[71.778s][info][gc,stats    ] Pause Init Mark (G)                 207 us
[71.778s][info][gc,stats    ] Pause Init Mark (N)                  98 us
[71.778s][info][gc,stats    ]   Update Region States               26 us
[71.778s][info][gc,stats    ] Concurrent Mark Roots               424 us, parallelism: 0.86x
[71.778s][info][gc,stats    ]   CMR: <total>                      363 us
[71.778s][info][gc,stats    ]   CMR: Thread Roots                 322 us, workers (us): 322, ---, ---, 
[71.778s][info][gc,stats    ]   CMR: VM Strong Roots                5 us, workers (us):   5, ---, ---, 
[71.778s][info][gc,stats    ]   CMR: CLDG Roots                    37 us, workers (us):  37, ---, ---, 
[71.778s][info][gc,stats    ] Concurrent Marking                 3952 us
[71.778s][info][gc,stats    ] Pause Final Mark (G)                257 us
[71.778s][info][gc,stats    ] Pause Final Mark (N)                193 us
[71.778s][info][gc,stats    ]   Finish Mark                        35 us
[71.778s][info][gc,stats    ]   Update Region States               43 us
[71.778s][info][gc,stats    ]   Choose Collection Set              46 us
[71.779s][info][gc,stats    ]   Rebuild Free Set                    8 us
[71.779s][info][gc,stats    ] Concurrent Weak References           94 us, parallelism: 0.10x
[71.779s][info][gc,stats    ]   CWRF: <total>                      10 us
[71.779s][info][gc,stats    ]   CWRF: Weak References              10 us, workers (us):  10, ---, ---, 
[71.779s][info][gc,stats    ] Concurrent Weak Roots              4250 us
[71.779s][info][gc,stats    ]   Roots                            4138 us, parallelism: 0.99x
[71.779s][info][gc,stats    ]     CWR: <total>                   4105 us
[71.779s][info][gc,stats    ]     CWR: Code Cache Roots           676 us, workers (us): 676, ---, ---, 
[71.779s][info][gc,stats    ]     CWR: VM Weak Roots             3422 us, workers (us): 3422, ---, ---, 
[71.779s][info][gc,stats    ]     CWR: CLDG Roots                   7 us, workers (us):   7, ---, ---, 
[71.779s][info][gc,stats    ]   Rendezvous                         46 us
[71.779s][info][gc,stats    ] Concurrent Cleanup                   60 us
[71.779s][info][gc,stats    ] Concurrent Class Unloading         3299 us
[71.779s][info][gc,stats    ]   Unlink Stale                     2995 us
[71.779s][info][gc,stats    ]     System Dictionary                 8 us
[71.779s][info][gc,stats    ]     Weak Class Links                  0 us
[71.779s][info][gc,stats    ]     Code Roots                     2986 us
[71.779s][info][gc,stats    ]   Rendezvous                         52 us
[71.779s][info][gc,stats    ]   Purge Unlinked                    174 us
[71.779s][info][gc,stats    ]     Code Roots                      170 us
[71.779s][info][gc,stats    ]     CLDG                              4 us
[71.779s][info][gc,stats    ]     Exception Caches                  0 us
[71.779s][info][gc,stats    ] Pause Final Roots (G)                86 us
[71.779s][info][gc,stats    ] Pause Final Roots (N)                48 us
[71.779s][info][gc,stats    ] 
[71.779s][info][gc,stats    ] Allocation pacing accrued:
[71.779s][info][gc,stats    ]       0 of   423 ms (  0.0%): <total>
[71.779s][info][gc,stats    ]       0 of   423 ms (  0.0%): <average total>
[71.779s][info][gc,stats    ] 
[71.779s][info][gc,metaspace] Metaspace: 14225K(14528K)->14225K(14528K) NonClass: 12320K(12480K)->12320K(12480K) Class: 1905K(2048K)->1905K(2048K)
[71.779s][info][gc,ergo     ] Pacer for Idle. Initial: 41943K, Alloc Tax Rate: 1.0x
[72.184s][info][gc          ] Trigger: Learning 4 of 5. Free (1432M) is below initial threshold (1433M)
[72.184s][info][gc,ergo     ] Free: 1432M, Max: 1024K regular, 1418M humongous, Frag: 1% external, 0% internal; Reserve: 103M, Max: 1024K
[72.184s][info][gc,start    ] GC(173) Concurrent reset
[72.184s][info][gc,task     ] GC(173) Using 1 of 3 workers for concurrent reset
[72.184s][info][gc,ergo     ] GC(173) Pacer for Reset. Non-Taxable: 2048M
[72.184s][info][gc          ] GC(173) Concurrent reset 0.197ms
[72.184s][info][gc,start    ] GC(173) Pause Init Mark (unload classes)
[72.184s][info][gc,task     ] GC(173) Using 3 of 3 workers for init marking
[72.184s][info][gc,ergo     ] GC(173) Pacer for Mark. Expected Live: 4519K, Free: 1431M, Non-Taxable: 143M, Alloc Tax Rate: 0.0x
[72.184s][info][gc          ] GC(173) Pause Init Mark (unload classes) 0.100ms
[72.184s][info][gc,start    ] GC(173) Concurrent marking roots
[72.184s][info][gc,task     ] GC(173) Using 1 of 3 workers for concurrent marking roots
[72.185s][info][gc          ] GC(173) Concurrent marking roots 0.416ms
[72.185s][info][gc,start    ] GC(173) Concurrent marking (unload classes)
[72.185s][info][gc,task     ] GC(173) Using 1 of 3 workers for concurrent marking
[72.189s][info][gc          ] GC(173) Concurrent marking (unload classes) 3.982ms
[72.189s][info][gc,start    ] GC(173) Pause Final Mark (unload classes)
[72.189s][info][gc,task     ] GC(173) Using 3 of 3 workers for final marking
[72.189s][info][gc,ergo     ] GC(173) Collectable Garbage: 480M (94%), Immediate: 480M (94%), CSet: 0B (0%)
[72.189s][info][gc          ] GC(173) Pause Final Mark (unload classes) 0.141ms
[72.189s][info][gc,start    ] GC(173) Concurrent weak references
[72.189s][info][gc,task     ] GC(173) Using 1 of 3 workers for concurrent weak references
[72.189s][info][gc,ref      ] GC(173) Encountered references: Soft: 140, Weak: 733, Final: 0, Phantom: 64
[72.189s][info][gc,ref      ] GC(173) Discovered  references: Soft: 0, Weak: 149, Final: 0, Phantom: 37
[72.189s][info][gc,ref      ] GC(173) Enqueued    references: Soft: 0, Weak: 0, Final: 0, Phantom: 0
[72.189s][info][gc          ] GC(173) Concurrent weak references 0.076ms
[72.189s][info][gc,start    ] GC(173) Concurrent weak roots
[72.189s][info][gc,task     ] GC(173) Using 1 of 3 workers for concurrent weak root
[72.194s][info][gc          ] GC(173) Concurrent weak roots 4.575ms
[72.194s][info][gc,start    ] GC(173) Concurrent cleanup
[72.194s][info][gc          ] GC(173) Concurrent cleanup 526M->46M(2048M) 0.053ms
[72.194s][info][gc,ergo     ] GC(173) Free: 1898M, Max: 1024K regular, 1418M humongous, Frag: 26% external, 0% internal; Reserve: 103M, Max: 1024K
[72.194s][info][gc,start    ] GC(173) Concurrent class unloading
[72.194s][info][gc,task     ] GC(173) Using 1 of 3 workers for concurrent class unloading
[72.197s][info][gc          ] GC(173) Concurrent class unloading 3.234ms
[72.197s][info][gc,start    ] GC(173) Pause Final Roots
[72.197s][info][gc          ] GC(173) Pause Final Roots 0.038ms
[72.197s][info][gc,ergo     ] Free: 1893M, Max: 1024K regular, 1418M humongous, Frag: 26% external, 0% internal; Reserve: 103M, Max: 1024K
[72.197s][info][gc,stats    ] 
[72.197s][info][gc,stats    ] All times are wall-clock times, except per-root-class counters, that are sum over
[72.197s][info][gc,stats    ] all workers. Dividing the <total> over the root stage time estimates parallelism.
[72.197s][info][gc,stats    ] 
[72.197s][info][gc,stats    ] Concurrent Reset                    211 us
[72.197s][info][gc,stats    ] Pause Init Mark (G)                 230 us
[72.197s][info][gc,stats    ] Pause Init Mark (N)                 109 us
[72.197s][info][gc,stats    ]   Update Region States               25 us
[72.197s][info][gc,stats    ] Concurrent Mark Roots               436 us, parallelism: 0.84x
[72.197s][info][gc,stats    ]   CMR: <total>                      365 us
[72.197s][info][gc,stats    ]   CMR: Thread Roots                 320 us, workers (us): 320, ---, ---, 
[72.197s][info][gc,stats    ]   CMR: VM Strong Roots                5 us, workers (us):   5, ---, ---, 
[72.197s][info][gc,stats    ]   CMR: CLDG Roots                    41 us, workers (us):  41, ---, ---, 
[72.197s][info][gc,stats    ] Concurrent Marking                 4031 us
[72.197s][info][gc,stats    ] Pause Final Mark (G)                220 us
[72.197s][info][gc,stats    ] Pause Final Mark (N)                151 us
[72.197s][info][gc,stats    ]   Finish Mark                        33 us
[72.197s][info][gc,stats    ]   Update Region States               29 us
[72.197s][info][gc,stats    ]   Choose Collection Set              49 us
[72.197s][info][gc,stats    ]   Rebuild Free Set                    8 us
[72.197s][info][gc,stats    ] Concurrent Weak References           84 us, parallelism: 0.10x
[72.197s][info][gc,stats    ]   CWRF: <total>                       9 us
[72.197s][info][gc,stats    ]   CWRF: Weak References               9 us, workers (us):   9, ---, ---, 
[72.197s][info][gc,stats    ] Concurrent Weak Roots              4628 us
[72.197s][info][gc,stats    ]   Roots                            4506 us, parallelism: 0.99x
[72.197s][info][gc,stats    ]     CWR: <total>                   4478 us
[72.197s][info][gc,stats    ]     CWR: Code Cache Roots           690 us, workers (us): 690, ---, ---, 
[72.197s][info][gc,stats    ]     CWR: VM Weak Roots             3781 us, workers (us): 3781, ---, ---, 
[72.197s][info][gc,stats    ]     CWR: CLDG Roots                   7 us, workers (us):   7, ---, ---, 
[72.197s][info][gc,stats    ]   Rendezvous                         51 us
[72.197s][info][gc,stats    ] Concurrent Cleanup                   62 us
[72.197s][info][gc,stats    ] Concurrent Class Unloading         3282 us
[72.197s][info][gc,stats    ]   Unlink Stale                     3006 us
[72.197s][info][gc,stats    ]     System Dictionary                 7 us
[72.197s][info][gc,stats    ]     Weak Class Links                  0 us
[72.197s][info][gc,stats    ]     Code Roots                     2997 us
[72.197s][info][gc,stats    ]   Rendezvous                         51 us
[72.197s][info][gc,stats    ]   Purge Unlinked                    159 us
[72.197s][info][gc,stats    ]     Code Roots                      155 us
[72.197s][info][gc,stats    ]     CLDG                              3 us
[72.198s][info][gc,stats    ]     Exception Caches                  0 us
[72.198s][info][gc,stats    ] Pause Final Roots (G)                98 us
[72.198s][info][gc,stats    ] Pause Final Roots (N)                48 us
[72.198s][info][gc,stats    ] 
[72.198s][info][gc,stats    ] Allocation pacing accrued:
[72.198s][info][gc,stats    ]       0 of   419 ms (  0.0%): <total>
[72.198s][info][gc,stats    ]       0 of   419 ms (  0.0%): <average total>
[72.198s][info][gc,stats    ] 
[72.198s][info][gc,metaspace] Metaspace: 14225K(14528K)->14225K(14528K) NonClass: 12320K(12480K)->12320K(12480K) Class: 1905K(2048K)->1905K(2048K)
[72.198s][info][gc,ergo     ] Pacer for Idle. Initial: 41943K, Alloc Tax Rate: 1.0x
[72.608s][info][gc          ] Trigger: Learning 5 of 5. Free (1433M) is below initial threshold (1433M)
[72.608s][info][gc,ergo     ] Free: 1433M, Max: 1024K regular, 1418M humongous, Frag: 2% external, 0% internal; Reserve: 103M, Max: 1024K
[72.608s][info][gc,start    ] GC(174) Concurrent reset
[72.608s][info][gc,task     ] GC(174) Using 1 of 3 workers for concurrent reset
[72.608s][info][gc,ergo     ] GC(174) Pacer for Reset. Non-Taxable: 2048M
[72.609s][info][gc          ] GC(174) Concurrent reset 0.233ms
[72.609s][info][gc,start    ] GC(174) Pause Init Mark (unload classes)
[72.609s][info][gc,task     ] GC(174) Using 3 of 3 workers for init marking
[72.609s][info][gc,ergo     ] GC(174) Pacer for Mark. Expected Live: 4519K, Free: 1433M, Non-Taxable: 143M, Alloc Tax Rate: 0.0x
[72.609s][info][gc          ] GC(174) Pause Init Mark (unload classes) 0.088ms
[72.609s][info][gc,start    ] GC(174) Concurrent marking roots
[72.609s][info][gc,task     ] GC(174) Using 1 of 3 workers for concurrent marking roots
[72.609s][info][gc          ] GC(174) Concurrent marking roots 0.405ms
[72.609s][info][gc,start    ] GC(174) Concurrent marking (unload classes)
[72.609s][info][gc,task     ] GC(174) Using 1 of 3 workers for concurrent marking
[72.613s][info][gc          ] GC(174) Concurrent marking (unload classes) 3.994ms
[72.613s][info][gc,start    ] GC(174) Pause Final Mark (unload classes)
[72.613s][info][gc,task     ] GC(174) Using 3 of 3 workers for final marking
[72.613s][info][gc,ergo     ] GC(174) Collectable Garbage: 476M (94%), Immediate: 476M (94%), CSet: 0B (0%)
[72.614s][info][gc          ] GC(174) Pause Final Mark (unload classes) 0.168ms
[72.614s][info][gc,start    ] GC(174) Concurrent weak references
[72.614s][info][gc,task     ] GC(174) Using 1 of 3 workers for concurrent weak references
[72.614s][info][gc,ref      ] GC(174) Encountered references: Soft: 140, Weak: 731, Final: 0, Phantom: 64
[72.614s][info][gc,ref      ] GC(174) Discovered  references: Soft: 0, Weak: 149, Final: 0, Phantom: 37
[72.614s][info][gc,ref      ] GC(174) Enqueued    references: Soft: 0, Weak: 0, Final: 0, Phantom: 0
[72.614s][info][gc          ] GC(174) Concurrent weak references 0.074ms
[72.614s][info][gc,start    ] GC(174) Concurrent weak roots
[72.614s][info][gc,task     ] GC(174) Using 1 of 3 workers for concurrent weak root
[72.616s][info][gc          ] GC(174) Concurrent weak roots 2.196ms
[72.616s][info][gc,start    ] GC(174) Concurrent cleanup
[72.616s][info][gc          ] GC(174) Concurrent cleanup 520M->43M(2048M) 0.053ms
[72.616s][info][gc,ergo     ] GC(174) Free: 1901M, Max: 1024K regular, 1418M humongous, Frag: 26% external, 0% internal; Reserve: 103M, Max: 1024K
[72.616s][info][gc,start    ] GC(174) Concurrent class unloading
[72.616s][info][gc,task     ] GC(174) Using 1 of 3 workers for concurrent class unloading
[72.619s][info][gc          ] GC(174) Concurrent class unloading 3.301ms
[72.619s][info][gc,start    ] GC(174) Pause Final Roots
[72.619s][info][gc          ] GC(174) Pause Final Roots 0.020ms
[72.619s][info][gc,ergo     ] Free: 1897M, Max: 1024K regular, 1418M humongous, Frag: 26% external, 0% internal; Reserve: 103M, Max: 1024K
[72.619s][info][gc,stats    ] 
[72.619s][info][gc,stats    ] All times are wall-clock times, except per-root-class counters, that are sum over
[72.619s][info][gc,stats    ] all workers. Dividing the <total> over the root stage time estimates parallelism.
[72.619s][info][gc,stats    ] 
[72.619s][info][gc,stats    ] Concurrent Reset                    255 us
[72.620s][info][gc,stats    ] Pause Init Mark (G)                 178 us
[72.620s][info][gc,stats    ] Pause Init Mark (N)                  97 us
[72.620s][info][gc,stats    ]   Update Region States               24 us
[72.620s][info][gc,stats    ] Concurrent Mark Roots               417 us, parallelism: 0.86x
[72.620s][info][gc,stats    ]   CMR: <total>                      358 us
[72.620s][info][gc,stats    ]   CMR: Thread Roots                 309 us, workers (us): 309, ---, ---, 
[72.620s][info][gc,stats    ]   CMR: VM Strong Roots                6 us, workers (us):   6, ---, ---, 
[72.620s][info][gc,stats    ]   CMR: CLDG Roots                    43 us, workers (us):  43, ---, ---, 
[72.620s][info][gc,stats    ] Concurrent Marking                 4042 us
[72.620s][info][gc,stats    ] Pause Final Mark (G)                249 us
[72.620s][info][gc,stats    ] Pause Final Mark (N)                178 us
[72.620s][info][gc,stats    ]   Finish Mark                        38 us
[72.620s][info][gc,stats    ]   Update Region States               29 us
[72.620s][info][gc,stats    ]   Choose Collection Set              42 us
[72.620s][info][gc,stats    ]   Rebuild Free Set                    8 us
[72.620s][info][gc,stats    ] Concurrent Weak References           82 us, parallelism: 0.10x
[72.620s][info][gc,stats    ]   CWRF: <total>                       8 us
[72.620s][info][gc,stats    ]   CWRF: Weak References               8 us, workers (us):   8, ---, ---, 
[72.620s][info][gc,stats    ] Concurrent Weak Roots              2242 us
[72.620s][info][gc,stats    ]   Roots                            2126 us, parallelism: 0.99x
[72.620s][info][gc,stats    ]     CWR: <total>                   2106 us
[72.620s][info][gc,stats    ]     CWR: Code Cache Roots           682 us, workers (us): 682, ---, ---, 
[72.620s][info][gc,stats    ]     CWR: VM Weak Roots             1416 us, workers (us): 1416, ---, ---, 
[72.620s][info][gc,stats    ]     CWR: CLDG Roots                   8 us, workers (us):   8, ---, ---, 
[72.620s][info][gc,stats    ]   Rendezvous                         52 us
[72.620s][info][gc,stats    ] Concurrent Cleanup                   62 us
[72.620s][info][gc,stats    ] Concurrent Class Unloading         3357 us
[72.620s][info][gc,stats    ]   Unlink Stale                     3051 us
[72.620s][info][gc,stats    ]     System Dictionary                 9 us
[72.620s][info][gc,stats    ]     Weak Class Links                  0 us
[72.620s][info][gc,stats    ]     Code Roots                     3041 us
[72.620s][info][gc,stats    ]   Rendezvous                         55 us
[72.620s][info][gc,stats    ]   Purge Unlinked                    176 us
[72.620s][info][gc,stats    ]     Code Roots                      172 us
[72.620s][info][gc,stats    ]     CLDG                              3 us
[72.620s][info][gc,stats    ]     Exception Caches                  0 us
[72.620s][info][gc,stats    ] Pause Final Roots (G)               108 us
[72.620s][info][gc,stats    ] Pause Final Roots (N)                28 us
[72.620s][info][gc,stats    ] 
[72.620s][info][gc,stats    ] Allocation pacing accrued:
[72.620s][info][gc,stats    ]       0 of   422 ms (  0.0%): <total>
[72.620s][info][gc,stats    ]       0 of   422 ms (  0.0%): <average total>
[72.620s][info][gc,stats    ] 
[72.620s][info][gc,metaspace] Metaspace: 14225K(14528K)->14225K(14528K) NonClass: 12320K(12480K)->12320K(12480K) Class: 1905K(2048K)->1905K(2048K)
[72.620s][info][gc,ergo     ] Pacer for Idle. Initial: 41943K, Alloc Tax Rate: 1.0x
[72.835s][info][gc          ] Trigger: Explicit GC request (System.gc())
[72.835s][info][gc,ergo     ] Free: 1724M, Max: 1024K regular, 1418M humongous, Frag: 18% external, 0% internal; Reserve: 103M, Max: 1024K
[72.835s][info][gc,start    ] GC(175) Concurrent reset
[72.835s][info][gc,task     ] GC(175) Using 1 of 3 workers for concurrent reset
[72.835s][info][gc,ergo     ] GC(175) Pacer for Reset. Non-Taxable: 2048M
[72.835s][info][gc          ] GC(175) Concurrent reset 0.508ms
[72.835s][info][gc,start    ] GC(175) Pause Init Mark (unload classes)
[72.835s][info][gc,task     ] GC(175) Using 3 of 3 workers for init marking
[72.836s][info][gc,ref      ] GC(175) Clearing All SoftReferences
[72.836s][info][gc,ergo     ] GC(175) Pacer for Mark. Expected Live: 4512K, Free: 1724M, Non-Taxable: 172M, Alloc Tax Rate: 0.0x
[72.836s][info][gc          ] GC(175) Pause Init Mark (unload classes) 0.182ms
[72.836s][info][gc,start    ] GC(175) Concurrent marking roots
[72.836s][info][gc,task     ] GC(175) Using 1 of 3 workers for concurrent marking roots
[72.836s][info][gc          ] GC(175) Concurrent marking roots 0.720ms
[72.836s][info][gc,start    ] GC(175) Concurrent marking (unload classes)
[72.836s][info][gc,task     ] GC(175) Using 1 of 3 workers for concurrent marking
[72.840s][info][gc          ] GC(175) Concurrent marking (unload classes) 4.078ms
[72.841s][info][gc,start    ] GC(175) Pause Final Mark (unload classes)
[72.841s][info][gc,task     ] GC(175) Using 3 of 3 workers for final marking
[72.841s][info][gc,ergo     ] GC(175) Collectable Garbage: 203M (94%), Immediate: 203M (94%), CSet: 0B (0%)
[72.841s][info][gc          ] GC(175) Pause Final Mark (unload classes) 0.253ms
[72.841s][info][gc,start    ] GC(175) Concurrent weak references
[72.841s][info][gc,task     ] GC(175) Using 1 of 3 workers for concurrent weak references
[72.841s][info][gc,ref      ] GC(175) Encountered references: Soft: 140, Weak: 717, Final: 0, Phantom: 64
[72.841s][info][gc,ref      ] GC(175) Discovered  references: Soft: 88, Weak: 171, Final: 0, Phantom: 62
[72.841s][info][gc,ref      ] GC(175) Enqueued    references: Soft: 3, Weak: 0, Final: 0, Phantom: 0
[72.841s][info][gc          ] GC(175) Concurrent weak references 0.220ms
[72.841s][info][gc,start    ] GC(175) Concurrent weak roots
[72.841s][info][gc,task     ] GC(175) Using 1 of 3 workers for concurrent weak root
[72.843s][info][gc          ] GC(175) Concurrent weak roots 1.515ms
[72.843s][info][gc,start    ] GC(175) Concurrent cleanup
[72.843s][info][gc          ] GC(175) Concurrent cleanup 220M->16M(2048M) 0.024ms
[72.843s][info][gc,ergo     ] GC(175) Free: 1928M, Max: 1024K regular, 1664M humongous, Frag: 14% external, 0% internal; Reserve: 103M, Max: 1024K
[72.843s][info][gc,start    ] GC(175) Concurrent class unloading
[72.843s][info][gc,task     ] GC(175) Using 1 of 3 workers for concurrent class unloading
[72.846s][info][gc          ] GC(175) Concurrent class unloading 3.755ms
[72.847s][info][gc,start    ] GC(175) Pause Final Roots
[72.847s][info][gc          ] GC(175) Pause Final Roots 0.064ms
[72.847s][info][gc,ergo     ] Free: 1928M, Max: 1024K regular, 1664M humongous, Frag: 14% external, 0% internal; Reserve: 103M, Max: 1024K
[72.847s][info][gc,stats    ] 
[72.847s][info][gc,stats    ] All times are wall-clock times, except per-root-class counters, that are sum over
[72.847s][info][gc,stats    ] all workers. Dividing the <total> over the root stage time estimates parallelism.
[72.847s][info][gc,stats    ] 
[72.847s][info][gc,stats    ] Concurrent Reset                    560 us
[72.847s][info][gc,stats    ] Pause Init Mark (G)                 323 us
[72.847s][info][gc,stats    ] Pause Init Mark (N)                 190 us
[72.847s][info][gc,stats    ]   Update Region States               53 us
[72.847s][info][gc,stats    ] Concurrent Mark Roots               739 us, parallelism: 0.87x
[72.847s][info][gc,stats    ]   CMR: <total>                      643 us
[72.847s][info][gc,stats    ]   CMR: Thread Roots                 568 us, workers (us): 568, ---, ---, 
[72.847s][info][gc,stats    ]   CMR: VM Strong Roots                7 us, workers (us):   7, ---, ---, 
[72.847s][info][gc,stats    ]   CMR: CLDG Roots                    68 us, workers (us):  68, ---, ---, 
[72.847s][info][gc,stats    ] Concurrent Marking                 4127 us
[72.847s][info][gc,stats    ] Pause Final Mark (G)                390 us
[72.847s][info][gc,stats    ] Pause Final Mark (N)                270 us
[72.847s][info][gc,stats    ]   Finish Mark                        65 us
[72.847s][info][gc,stats    ]   Update Region States               42 us
[72.847s][info][gc,stats    ]   Choose Collection Set              43 us
[72.847s][info][gc,stats    ]   Rebuild Free Set                   17 us
[72.847s][info][gc,stats    ] Concurrent Weak References          240 us, parallelism: 0.09x
[72.847s][info][gc,stats    ]   CWRF: <total>                      23 us
[72.847s][info][gc,stats    ]   CWRF: Weak References              23 us, workers (us):  23, ---, ---, 
[72.847s][info][gc,stats    ] Concurrent Weak Roots              1532 us
[72.847s][info][gc,stats    ]   Roots                            1381 us, parallelism: 0.96x
[72.847s][info][gc,stats    ]     CWR: <total>                   1330 us
[72.847s][info][gc,stats    ]     CWR: Code Cache Roots           599 us, workers (us): 599, ---, ---, 
[72.847s][info][gc,stats    ]     CWR: VM Weak Roots              724 us, workers (us): 724, ---, ---, 
[72.847s][info][gc,stats    ]     CWR: CLDG Roots                   7 us, workers (us):   7, ---, ---, 
[72.847s][info][gc,stats    ]   Rendezvous                         95 us
[72.847s][info][gc,stats    ] Concurrent Cleanup                   32 us
[72.847s][info][gc,stats    ] Concurrent Class Unloading         3818 us
[72.847s][info][gc,stats    ]   Unlink Stale                     3452 us
[72.847s][info][gc,stats    ]     System Dictionary                 4 us
[72.847s][info][gc,stats    ]     Weak Class Links                  0 us
[72.847s][info][gc,stats    ]     Code Roots                     3446 us
[72.847s][info][gc,stats    ]   Rendezvous                        125 us
[72.847s][info][gc,stats    ]   Purge Unlinked                    159 us
[72.847s][info][gc,stats    ]     Code Roots                      149 us
[72.847s][info][gc,stats    ]     CLDG                              9 us
[72.847s][info][gc,stats    ]     Exception Caches                  0 us
[72.847s][info][gc,stats    ] Pause Final Roots (G)               184 us
[72.847s][info][gc,stats    ] Pause Final Roots (N)                87 us
[72.847s][info][gc,stats    ] 
[72.847s][info][gc,stats    ] Allocation pacing accrued:
[72.847s][info][gc,stats    ]       0 of   228 ms (  0.0%): <total>
[72.847s][info][gc,stats    ]       0 of   228 ms (  0.0%): <average total>
[72.847s][info][gc,stats    ] 
[72.847s][info][gc,metaspace] Metaspace: 14225K(14528K)->14225K(14528K) NonClass: 12320K(12480K)->12320K(12480K) Class: 1905K(2048K)->1905K(2048K)
[72.847s][info][gc,ergo     ] Pacer for Idle. Initial: 41943K, Alloc Tax Rate: 1.0x
[73.313s][info][gc          ] Trigger: Learning 2 of 5. Free (1433M) is below initial threshold (1433M)
[73.313s][info][gc,ergo     ] Free: 1433M, Max: 1024K regular, 1433M humongous, Frag: 0% external, 0% internal; Reserve: 103M, Max: 1024K
[73.313s][info][gc,start    ] GC(176) Concurrent reset
[73.313s][info][gc,task     ] GC(176) Using 1 of 3 workers for concurrent reset
[73.313s][info][gc,ergo     ] GC(176) Pacer for Reset. Non-Taxable: 2048M
[73.313s][info][gc          ] GC(176) Concurrent reset 0.160ms
[73.313s][info][gc,start    ] GC(176) Pause Init Mark (unload classes)
[73.313s][info][gc,task     ] GC(176) Using 3 of 3 workers for init marking
[73.313s][info][gc,ergo     ] GC(176) Pacer for Mark. Expected Live: 4512K, Free: 1433M, Non-Taxable: 143M, Alloc Tax Rate: 0.0x
[73.313s][info][gc          ] GC(176) Pause Init Mark (unload classes) 0.089ms
[73.313s][info][gc,start    ] GC(176) Concurrent marking roots
[73.313s][info][gc,task     ] GC(176) Using 1 of 3 workers for concurrent marking roots
[73.313s][info][gc          ] GC(176) Concurrent marking roots 0.415ms
[73.313s][info][gc,start    ] GC(176) Concurrent marking (unload classes)
[73.313s][info][gc,task     ] GC(176) Using 1 of 3 workers for concurrent marking
[73.317s][info][gc          ] GC(176) Concurrent marking (unload classes) 3.869ms
[73.317s][info][gc,start    ] GC(176) Pause Final Mark (unload classes)
[73.317s][info][gc,task     ] GC(176) Using 3 of 3 workers for final marking
[73.318s][info][gc,ergo     ] GC(176) Collectable Garbage: 483M (95%), Immediate: 483M (95%), CSet: 0B (0%)
[73.318s][info][gc          ] GC(176) Pause Final Mark (unload classes) 0.142ms
[73.318s][info][gc,start    ] GC(176) Concurrent weak references
[73.318s][info][gc,task     ] GC(176) Using 1 of 3 workers for concurrent weak references
[73.318s][info][gc,ref      ] GC(176) Encountered references: Soft: 140, Weak: 729, Final: 0, Phantom: 64
[73.318s][info][gc,ref      ] GC(176) Discovered  references: Soft: 0, Weak: 147, Final: 0, Phantom: 37
[73.318s][info][gc,ref      ] GC(176) Enqueued    references: Soft: 0, Weak: 0, Final: 0, Phantom: 0
[73.318s][info][gc          ] GC(176) Concurrent weak references 0.062ms
[73.318s][info][gc,start    ] GC(176) Concurrent weak roots
[73.318s][info][gc,task     ] GC(176) Using 1 of 3 workers for concurrent weak root
[73.321s][info][gc          ] GC(176) Concurrent weak roots 3.323ms
[73.321s][info][gc,start    ] GC(176) Concurrent cleanup
[73.321s][info][gc          ] GC(176) Concurrent cleanup 523M->40M(2048M) 0.052ms
[73.321s][info][gc,ergo     ] GC(176) Free: 1904M, Max: 1024K regular, 1421M humongous, Frag: 26% external, 0% internal; Reserve: 103M, Max: 1024K
[73.321s][info][gc,start    ] GC(176) Concurrent class unloading
[73.321s][info][gc,task     ] GC(176) Using 1 of 3 workers for concurrent class unloading
[73.324s][info][gc          ] GC(176) Concurrent class unloading 3.229ms
[73.324s][info][gc,start    ] GC(176) Pause Final Roots
[73.324s][info][gc          ] GC(176) Pause Final Roots 0.020ms
[73.324s][info][gc,ergo     ] Free: 1903M, Max: 1024K regular, 1421M humongous, Frag: 26% external, 0% internal; Reserve: 103M, Max: 1024K
[73.325s][info][gc,stats    ] 
[73.325s][info][gc,stats    ] All times are wall-clock times, except per-root-class counters, that are sum over
[73.325s][info][gc,stats    ] all workers. Dividing the <total> over the root stage time estimates parallelism.
[73.325s][info][gc,stats    ] 
[73.325s][info][gc,stats    ] Concurrent Reset                    171 us
[73.325s][info][gc,stats    ] Pause Init Mark (G)                 173 us
[73.325s][info][gc,stats    ] Pause Init Mark (N)                  98 us
[73.325s][info][gc,stats    ]   Update Region States               25 us
[73.325s][info][gc,stats    ] Concurrent Mark Roots               428 us, parallelism: 0.86x
[73.325s][info][gc,stats    ]   CMR: <total>                      368 us
[73.325s][info][gc,stats    ]   CMR: Thread Roots                 321 us, workers (us): 321, ---, ---, 
[73.325s][info][gc,stats    ]   CMR: VM Strong Roots                5 us, workers (us):   5, ---, ---, 
[73.325s][info][gc,stats    ]   CMR: CLDG Roots                    42 us, workers (us):  42, ---, ---, 
[73.325s][info][gc,stats    ] Concurrent Marking                 3913 us
[73.325s][info][gc,stats    ] Pause Final Mark (G)                214 us
[73.325s][info][gc,stats    ] Pause Final Mark (N)                151 us
[73.325s][info][gc,stats    ]   Finish Mark                        34 us
[73.325s][info][gc,stats    ]   Update Region States               28 us
[73.325s][info][gc,stats    ]   Choose Collection Set              28 us
[73.325s][info][gc,stats    ]   Rebuild Free Set                    8 us
[73.325s][info][gc,stats    ] Concurrent Weak References           69 us, parallelism: 0.11x
[73.325s][info][gc,stats    ]   CWRF: <total>                       8 us
[73.325s][info][gc,stats    ]   CWRF: Weak References               8 us, workers (us):   8, ---, ---, 
[73.325s][info][gc,stats    ] Concurrent Weak Roots              3353 us
[73.325s][info][gc,stats    ]   Roots                            3227 us, parallelism: 0.99x
[73.325s][info][gc,stats    ]     CWR: <total>                   3201 us
[73.325s][info][gc,stats    ]     CWR: Code Cache Roots           661 us, workers (us): 661, ---, ---, 
[73.325s][info][gc,stats    ]     CWR: VM Weak Roots             2533 us, workers (us): 2533, ---, ---, 
[73.325s][info][gc,stats    ]     CWR: CLDG Roots                   7 us, workers (us):   7, ---, ---, 
[73.325s][info][gc,stats    ]   Rendezvous                         80 us
[73.325s][info][gc,stats    ] Concurrent Cleanup                   60 us
[73.325s][info][gc,stats    ] Concurrent Class Unloading         3280 us
[73.325s][info][gc,stats    ]   Unlink Stale                     2979 us
[73.325s][info][gc,stats    ]     System Dictionary                 9 us
[73.325s][info][gc,stats    ]     Weak Class Links                  0 us
[73.325s][info][gc,stats    ]     Code Roots                     2968 us
[73.325s][info][gc,stats    ]   Rendezvous                         81 us
[73.325s][info][gc,stats    ]   Purge Unlinked                    151 us
[73.325s][info][gc,stats    ]     Code Roots                      146 us
[73.325s][info][gc,stats    ]     CLDG                              4 us
[73.325s][info][gc,stats    ]     Exception Caches                  0 us
[73.325s][info][gc,stats    ] Pause Final Roots (G)                83 us
[73.325s][info][gc,stats    ] Pause Final Roots (N)                28 us
[73.325s][info][gc,stats    ] 
[73.325s][info][gc,stats    ] Allocation pacing accrued:
[73.325s][info][gc,stats    ]       0 of   477 ms (  0.0%): <total>
[73.325s][info][gc,stats    ]       0 of   477 ms (  0.0%): <average total>
[73.325s][info][gc,stats    ] 
[73.325s][info][gc,metaspace] Metaspace: 14225K(14528K)->14225K(14528K) NonClass: 12320K(12480K)->12320K(12480K) Class: 1905K(2048K)->1905K(2048K)
[73.325s][info][gc,ergo     ] Pacer for Idle. Initial: 41943K, Alloc Tax Rate: 1.0x
[73.766s][info][gc          ] Trigger: Learning 3 of 5. Free (1432M) is below initial threshold (1433M)
[73.766s][info][gc,ergo     ] Free: 1432M, Max: 1024K regular, 1421M humongous, Frag: 1% external, 0% internal; Reserve: 103M, Max: 1024K
[73.766s][info][gc,start    ] GC(177) Concurrent reset
[73.766s][info][gc,task     ] GC(177) Using 1 of 3 workers for concurrent reset
[73.766s][info][gc,ergo     ] GC(177) Pacer for Reset. Non-Taxable: 2048M
[73.767s][info][gc          ] GC(177) Concurrent reset 0.223ms
[73.767s][info][gc,start    ] GC(177) Pause Init Mark (unload classes)
[73.767s][info][gc,task     ] GC(177) Using 3 of 3 workers for init marking
[73.767s][info][gc,ergo     ] GC(177) Pacer for Mark. Expected Live: 4512K, Free: 1432M, Non-Taxable: 143M, Alloc Tax Rate: 0.0x
[73.767s][info][gc          ] GC(177) Pause Init Mark (unload classes) 0.094ms
[73.767s][info][gc,start    ] GC(177) Concurrent marking roots
[73.767s][info][gc,task     ] GC(177) Using 1 of 3 workers for concurrent marking roots
[73.767s][info][gc          ] GC(177) Concurrent marking roots 0.418ms
[73.767s][info][gc,start    ] GC(177) Concurrent marking (unload classes)
[73.767s][info][gc,task     ] GC(177) Using 1 of 3 workers for concurrent marking
[73.771s][info][gc          ] GC(177) Concurrent marking (unload classes) 4.106ms
[73.771s][info][gc,start    ] GC(177) Pause Final Mark (unload classes)
[73.771s][info][gc,task     ] GC(177) Using 3 of 3 workers for final marking
[73.772s][info][gc,ergo     ] GC(177) Collectable Garbage: 481M (94%), Immediate: 481M (94%), CSet: 0B (0%)
[73.772s][info][gc          ] GC(177) Pause Final Mark (unload classes) 0.169ms
[73.772s][info][gc,start    ] GC(177) Concurrent weak references
[73.772s][info][gc,task     ] GC(177) Using 1 of 3 workers for concurrent weak references
[73.772s][info][gc,ref      ] GC(177) Encountered references: Soft: 140, Weak: 729, Final: 0, Phantom: 64
[73.772s][info][gc,ref      ] GC(177) Discovered  references: Soft: 0, Weak: 147, Final: 0, Phantom: 37
[73.772s][info][gc,ref      ] GC(177) Enqueued    references: Soft: 0, Weak: 0, Final: 0, Phantom: 0
[73.772s][info][gc          ] GC(177) Concurrent weak references 0.076ms
[73.772s][info][gc,start    ] GC(177) Concurrent weak roots
[73.772s][info][gc,task     ] GC(177) Using 1 of 3 workers for concurrent weak root
[73.776s][info][gc          ] GC(177) Concurrent weak roots 3.755ms
[73.776s][info][gc,start    ] GC(177) Concurrent cleanup
[73.776s][info][gc          ] GC(177) Concurrent cleanup 524M->43M(2048M) 0.051ms
[73.776s][info][gc,ergo     ] GC(177) Free: 1901M, Max: 1024K regular, 1420M humongous, Frag: 26% external, 0% internal; Reserve: 103M, Max: 1024K
[73.776s][info][gc,start    ] GC(177) Concurrent class unloading
[73.776s][info][gc,task     ] GC(177) Using 1 of 3 workers for concurrent class unloading
[73.779s][info][gc          ] GC(177) Concurrent class unloading 3.208ms
[73.779s][info][gc,start    ] GC(177) Pause Final Roots
[73.779s][info][gc          ] GC(177) Pause Final Roots 0.039ms
[73.779s][info][gc,ergo     ] Free: 1900M, Max: 1024K regular, 1420M humongous, Frag: 26% external, 0% internal; Reserve: 103M, Max: 1024K
[73.779s][info][gc,stats    ] 
[73.779s][info][gc,stats    ] All times are wall-clock times, except per-root-class counters, that are sum over
[73.779s][info][gc,stats    ] all workers. Dividing the <total> over the root stage time estimates parallelism.
[73.779s][info][gc,stats    ] 
[73.779s][info][gc,stats    ] Concurrent Reset                    246 us
[73.779s][info][gc,stats    ] Pause Init Mark (G)                 213 us
[73.779s][info][gc,stats    ] Pause Init Mark (N)                 102 us
[73.779s][info][gc,stats    ]   Update Region States               24 us
[73.779s][info][gc,stats    ] Concurrent Mark Roots               437 us, parallelism: 0.82x
[73.779s][info][gc,stats    ]   CMR: <total>                      357 us
[73.779s][info][gc,stats    ]   CMR: Thread Roots                 317 us, workers (us): 317, ---, ---, 
[73.779s][info][gc,stats    ]   CMR: VM Strong Roots                4 us, workers (us):   4, ---, ---, 
[73.779s][info][gc,stats    ]   CMR: CLDG Roots                    35 us, workers (us):  35, ---, ---, 
[73.779s][info][gc,stats    ] Concurrent Marking                 4155 us
[73.779s][info][gc,stats    ] Pause Final Mark (G)                244 us
[73.779s][info][gc,stats    ] Pause Final Mark (N)                178 us
[73.779s][info][gc,stats    ]   Finish Mark                        37 us
[73.779s][info][gc,stats    ]   Update Region States               34 us
[73.779s][info][gc,stats    ]   Choose Collection Set              41 us
[73.779s][info][gc,stats    ]   Rebuild Free Set                    8 us
[73.779s][info][gc,stats    ] Concurrent Weak References           83 us, parallelism: 0.09x
[73.779s][info][gc,stats    ]   CWRF: <total>                       7 us
[73.779s][info][gc,stats    ]   CWRF: Weak References               7 us, workers (us):   7, ---, ---, 
[73.779s][info][gc,stats    ] Concurrent Weak Roots              3810 us
[73.779s][info][gc,stats    ]   Roots                            3685 us, parallelism: 0.99x
[73.779s][info][gc,stats    ]     CWR: <total>                   3658 us
[73.779s][info][gc,stats    ]     CWR: Code Cache Roots           672 us, workers (us): 672, ---, ---, 
[73.779s][info][gc,stats    ]     CWR: VM Weak Roots             2978 us, workers (us): 2978, ---, ---, 
[73.779s][info][gc,stats    ]     CWR: CLDG Roots                   7 us, workers (us):   7, ---, ---, 
[73.779s][info][gc,stats    ]   Rendezvous                         53 us
[73.779s][info][gc,stats    ] Concurrent Cleanup                   60 us
[73.779s][info][gc,stats    ] Concurrent Class Unloading         3261 us
[73.779s][info][gc,stats    ]   Unlink Stale                     2971 us
[73.779s][info][gc,stats    ]     System Dictionary                 7 us
[73.779s][info][gc,stats    ]     Weak Class Links                  0 us
[73.779s][info][gc,stats    ]     Code Roots                     2962 us
[73.779s][info][gc,stats    ]   Rendezvous                         47 us
[73.779s][info][gc,stats    ]   Purge Unlinked                    171 us
[73.779s][info][gc,stats    ]     Code Roots                      167 us
[73.779s][info][gc,stats    ]     CLDG                              4 us
[73.779s][info][gc,stats    ]     Exception Caches                  0 us
[73.779s][info][gc,stats    ] Pause Final Roots (G)               113 us
[73.779s][info][gc,stats    ] Pause Final Roots (N)                48 us
[73.779s][info][gc,stats    ] 
[73.779s][info][gc,stats    ] Allocation pacing accrued:
[73.779s][info][gc,stats    ]       0 of   455 ms (  0.0%): <total>
[73.779s][info][gc,stats    ]       0 of   455 ms (  0.0%): <average total>
[73.779s][info][gc,stats    ] 
[73.779s][info][gc,metaspace] Metaspace: 14225K(14528K)->14225K(14528K) NonClass: 12320K(12480K)->12320K(12480K) Class: 1905K(2048K)->1905K(2048K)
[73.779s][info][gc,ergo     ] Pacer for Idle. Initial: 41943K, Alloc Tax Rate: 1.0x
[74.214s][info][gc          ] Trigger: Learning 4 of 5. Free (1432M) is below initial threshold (1433M)
[74.214s][info][gc,ergo     ] Free: 1432M, Max: 1024K regular, 1420M humongous, Frag: 1% external, 0% internal; Reserve: 103M, Max: 1024K
[74.214s][info][gc,start    ] GC(178) Concurrent reset
[74.214s][info][gc,task     ] GC(178) Using 1 of 3 workers for concurrent reset
[74.214s][info][gc,ergo     ] GC(178) Pacer for Reset. Non-Taxable: 2048M
[74.214s][info][gc          ] GC(178) Concurrent reset 0.188ms
[74.214s][info][gc,start    ] GC(178) Pause Init Mark (unload classes)
[74.214s][info][gc,task     ] GC(178) Using 3 of 3 workers for init marking
[74.214s][info][gc,ergo     ] GC(178) Pacer for Mark. Expected Live: 4512K, Free: 1432M, Non-Taxable: 143M, Alloc Tax Rate: 0.0x
[74.214s][info][gc          ] GC(178) Pause Init Mark (unload classes) 0.095ms
[74.214s][info][gc,start    ] GC(178) Concurrent marking roots
[74.214s][info][gc,task     ] GC(178) Using 1 of 3 workers for concurrent marking roots
[74.215s][info][gc          ] GC(178) Concurrent marking roots 0.409ms
[74.215s][info][gc,start    ] GC(178) Concurrent marking (unload classes)
[74.215s][info][gc,task     ] GC(178) Using 1 of 3 workers for concurrent marking
[74.219s][info][gc          ] GC(178) Concurrent marking (unload classes) 3.909ms
[74.219s][info][gc,start    ] GC(178) Pause Final Mark (unload classes)
[74.219s][info][gc,task     ] GC(178) Using 3 of 3 workers for final marking
[74.219s][info][gc,ergo     ] GC(178) Collectable Garbage: 478M (94%), Immediate: 478M (94%), CSet: 0B (0%)
[74.219s][info][gc          ] GC(178) Pause Final Mark (unload classes) 0.156ms
[74.219s][info][gc,start    ] GC(178) Concurrent weak references
[74.219s][info][gc,task     ] GC(178) Using 1 of 3 workers for concurrent weak references
[74.219s][info][gc,ref      ] GC(178) Encountered references: Soft: 140, Weak: 729, Final: 0, Phantom: 64
[74.219s][info][gc,ref      ] GC(178) Discovered  references: Soft: 0, Weak: 147, Final: 0, Phantom: 37
[74.219s][info][gc,ref      ] GC(178) Enqueued    references: Soft: 0, Weak: 0, Final: 0, Phantom: 0
[74.219s][info][gc          ] GC(178) Concurrent weak references 0.076ms
[74.219s][info][gc,start    ] GC(178) Concurrent weak roots
[74.219s][info][gc,task     ] GC(178) Using 1 of 3 workers for concurrent weak root
[74.224s][info][gc          ] GC(178) Concurrent weak roots 4.325ms
[74.224s][info][gc,start    ] GC(178) Concurrent cleanup
[74.224s][info][gc          ] GC(178) Concurrent cleanup 525M->46M(2048M) 0.055ms
[74.224s][info][gc,ergo     ] GC(178) Free: 1898M, Max: 1024K regular, 1419M humongous, Frag: 26% external, 0% internal; Reserve: 103M, Max: 1024K
[74.224s][info][gc,start    ] GC(178) Concurrent class unloading
[74.224s][info][gc,task     ] GC(178) Using 1 of 3 workers for concurrent class unloading
[74.227s][info][gc          ] GC(178) Concurrent class unloading 3.120ms
[74.227s][info][gc,start    ] GC(178) Pause Final Roots
[74.227s][info][gc          ] GC(178) Pause Final Roots 0.038ms
[74.227s][info][gc,ergo     ] Free: 1896M, Max: 1024K regular, 1419M humongous, Frag: 26% external, 0% internal; Reserve: 103M, Max: 1024K
[74.227s][info][gc,stats    ] 
[74.227s][info][gc,stats    ] All times are wall-clock times, except per-root-class counters, that are sum over
[74.227s][info][gc,stats    ] all workers. Dividing the <total> over the root stage time estimates parallelism.
[74.227s][info][gc,stats    ] 
[74.227s][info][gc,stats    ] Concurrent Reset                    200 us
[74.227s][info][gc,stats    ] Pause Init Mark (G)                 189 us
[74.227s][info][gc,stats    ] Pause Init Mark (N)                 103 us
[74.227s][info][gc,stats    ]   Update Region States               31 us
[74.227s][info][gc,stats    ] Concurrent Mark Roots               423 us, parallelism: 0.85x
[74.227s][info][gc,stats    ]   CMR: <total>                      361 us
[74.227s][info][gc,stats    ]   CMR: Thread Roots                 314 us, workers (us): 314, ---, ---, 
[74.227s][info][gc,stats    ]   CMR: VM Strong Roots                5 us, workers (us):   5, ---, ---, 
[74.227s][info][gc,stats    ]   CMR: CLDG Roots                    42 us, workers (us):  42, ---, ---, 
[74.227s][info][gc,stats    ] Concurrent Marking                 3959 us
[74.227s][info][gc,stats    ] Pause Final Mark (G)                225 us
[74.227s][info][gc,stats    ] Pause Final Mark (N)                165 us
[74.227s][info][gc,stats    ]   Finish Mark                        33 us
[74.227s][info][gc,stats    ]   Update Region States               29 us
[74.227s][info][gc,stats    ]   Choose Collection Set              54 us
[74.227s][info][gc,stats    ]   Rebuild Free Set                    8 us
[74.227s][info][gc,stats    ] Concurrent Weak References           83 us, parallelism: 0.08x
[74.227s][info][gc,stats    ]   CWRF: <total>                       6 us
[74.227s][info][gc,stats    ]   CWRF: Weak References               6 us, workers (us):   6, ---, ---, 
[74.227s][info][gc,stats    ] Concurrent Weak Roots              4366 us
[74.227s][info][gc,stats    ]   Roots                            4254 us, parallelism: 0.99x
[74.227s][info][gc,stats    ]     CWR: <total>                   4229 us
[74.227s][info][gc,stats    ]     CWR: Code Cache Roots           687 us, workers (us): 687, ---, ---, 
[74.227s][info][gc,stats    ]     CWR: VM Weak Roots             3533 us, workers (us): 3533, ---, ---, 
[74.227s][info][gc,stats    ]     CWR: CLDG Roots                   9 us, workers (us):   9, ---, ---, 
[74.227s][info][gc,stats    ]   Rendezvous                         54 us
[74.227s][info][gc,stats    ] Concurrent Cleanup                   64 us
[74.227s][info][gc,stats    ] Concurrent Class Unloading         3170 us
[74.227s][info][gc,stats    ]   Unlink Stale                     2942 us
[74.227s][info][gc,stats    ]     System Dictionary                 8 us
[74.227s][info][gc,stats    ]     Weak Class Links                  0 us
[74.227s][info][gc,stats    ]     Code Roots                     2932 us
[74.227s][info][gc,stats    ]   Rendezvous                         31 us
[74.227s][info][gc,stats    ]   Purge Unlinked                    129 us
[74.227s][info][gc,stats    ]     Code Roots                      126 us
[74.227s][info][gc,stats    ]     CLDG                              3 us
[74.227s][info][gc,stats    ]     Exception Caches                  0 us
[74.227s][info][gc,stats    ] Pause Final Roots (G)               101 us
[74.227s][info][gc,stats    ] Pause Final Roots (N)                47 us
[74.227s][info][gc,stats    ] 
[74.227s][info][gc,stats    ] Allocation pacing accrued:
[74.227s][info][gc,stats    ]       0 of   448 ms (  0.0%): <total>
[74.227s][info][gc,stats    ]       0 of   448 ms (  0.0%): <average total>
[74.227s][info][gc,stats    ] 
[74.227s][info][gc,metaspace] Metaspace: 14225K(14528K)->14225K(14528K) NonClass: 12320K(12480K)->12320K(12480K) Class: 1905K(2048K)->1905K(2048K)
[74.227s][info][gc,ergo     ] Pacer for Idle. Initial: 41943K, Alloc Tax Rate: 1.0x
[74.664s][info][gc          ] Trigger: Learning 5 of 5. Free (1431M) is below initial threshold (1433M)
[74.664s][info][gc,ergo     ] Free: 1431M, Max: 1024K regular, 1419M humongous, Frag: 1% external, 0% internal; Reserve: 103M, Max: 1024K
[74.664s][info][gc,start    ] GC(179) Concurrent reset
[74.664s][info][gc,task     ] GC(179) Using 1 of 3 workers for concurrent reset
[74.664s][info][gc,ergo     ] GC(179) Pacer for Reset. Non-Taxable: 2048M
[74.665s][info][gc          ] GC(179) Concurrent reset 0.220ms
[74.665s][info][gc,start    ] GC(179) Pause Init Mark (unload classes)
[74.665s][info][gc,task     ] GC(179) Using 3 of 3 workers for init marking
[74.665s][info][gc,ergo     ] GC(179) Pacer for Mark. Expected Live: 4513K, Free: 1431M, Non-Taxable: 143M, Alloc Tax Rate: 0.0x
[74.665s][info][gc          ] GC(179) Pause Init Mark (unload classes) 0.102ms
[74.665s][info][gc,start    ] GC(179) Concurrent marking roots
[74.665s][info][gc,task     ] GC(179) Using 1 of 3 workers for concurrent marking roots
[74.665s][info][gc          ] GC(179) Concurrent marking roots 0.427ms
[74.665s][info][gc,start    ] GC(179) Concurrent marking (unload classes)
[74.665s][info][gc,task     ] GC(179) Using 1 of 3 workers for concurrent marking
[74.670s][info][gc          ] GC(179) Concurrent marking (unload classes) 4.253ms
[74.670s][info][gc,start    ] GC(179) Pause Final Mark (unload classes)
[74.670s][info][gc,task     ] GC(179) Using 3 of 3 workers for final marking
[74.670s][info][gc,ergo     ] GC(179) Collectable Garbage: 476M (93%), Immediate: 476M (93%), CSet: 0B (0%)
[74.670s][info][gc          ] GC(179) Pause Final Mark (unload classes) 0.164ms
[74.670s][info][gc,start    ] GC(179) Concurrent weak references
[74.670s][info][gc,task     ] GC(179) Using 1 of 3 workers for concurrent weak references
[74.670s][info][gc,ref      ] GC(179) Encountered references: Soft: 140, Weak: 729, Final: 0, Phantom: 64
[74.670s][info][gc,ref      ] GC(179) Discovered  references: Soft: 0, Weak: 147, Final: 0, Phantom: 37
[74.670s][info][gc,ref      ] GC(179) Enqueued    references: Soft: 0, Weak: 0, Final: 0, Phantom: 0
[74.670s][info][gc          ] GC(179) Concurrent weak references 0.078ms
[74.670s][info][gc,start    ] GC(179) Concurrent weak roots
[74.670s][info][gc,task     ] GC(179) Using 1 of 3 workers for concurrent weak root
[74.676s][info][gc          ] GC(179) Concurrent weak roots 5.992ms
[74.676s][info][gc,start    ] GC(179) Concurrent cleanup
[74.676s][info][gc          ] GC(179) Concurrent cleanup 525M->48M(2048M) 0.050ms
[74.676s][info][gc,ergo     ] GC(179) Free: 1896M, Max: 1024K regular, 1420M humongous, Frag: 26% external, 0% internal; Reserve: 103M, Max: 1024K
[74.676s][info][gc,start    ] GC(179) Concurrent class unloading
[74.676s][info][gc,task     ] GC(179) Using 1 of 3 workers for concurrent class unloading
[74.680s][info][gc          ] GC(179) Concurrent class unloading 3.628ms
[74.680s][info][gc,start    ] GC(179) Pause Final Roots
[74.680s][info][gc          ] GC(179) Pause Final Roots 0.041ms
[74.680s][info][gc,ergo     ] Free: 1890M, Max: 1024K regular, 1420M humongous, Frag: 25% external, 0% internal; Reserve: 103M, Max: 1024K
[74.680s][info][gc,stats    ] 
[74.680s][info][gc,stats    ] All times are wall-clock times, except per-root-class counters, that are sum over
[74.680s][info][gc,stats    ] all workers. Dividing the <total> over the root stage time estimates parallelism.
[74.680s][info][gc,stats    ] 
[74.680s][info][gc,stats    ] Concurrent Reset                    238 us
[74.680s][info][gc,stats    ] Pause Init Mark (G)                 254 us
[74.680s][info][gc,stats    ] Pause Init Mark (N)                 111 us
[74.680s][info][gc,stats    ]   Update Region States               26 us
[74.680s][info][gc,stats    ] Concurrent Mark Roots               445 us, parallelism: 0.85x
[74.680s][info][gc,stats    ]   CMR: <total>                      377 us
[74.680s][info][gc,stats    ]   CMR: Thread Roots                 332 us, workers (us): 332, ---, ---, 
[74.680s][info][gc,stats    ]   CMR: VM Strong Roots                5 us, workers (us):   5, ---, ---, 
[74.680s][info][gc,stats    ]   CMR: CLDG Roots                    40 us, workers (us):  40, ---, ---, 
[74.680s][info][gc,stats    ] Concurrent Marking                 4305 us
[74.680s][info][gc,stats    ] Pause Final Mark (G)                217 us
[74.680s][info][gc,stats    ] Pause Final Mark (N)                172 us
[74.680s][info][gc,stats    ]   Finish Mark                        42 us
[74.680s][info][gc,stats    ]   Update Region States               28 us
[74.680s][info][gc,stats    ]   Choose Collection Set              31 us
[74.680s][info][gc,stats    ]   Rebuild Free Set                    8 us
[74.680s][info][gc,stats    ] Concurrent Weak References           86 us, parallelism: 0.08x
[74.680s][info][gc,stats    ]   CWRF: <total>                       7 us
[74.680s][info][gc,stats    ]   CWRF: Weak References               7 us, workers (us):   7, ---, ---, 
[74.680s][info][gc,stats    ] Concurrent Weak Roots              6052 us
[74.680s][info][gc,stats    ]   Roots                            5908 us, parallelism: 1.00x
[74.680s][info][gc,stats    ]     CWR: <total>                   5882 us
[74.680s][info][gc,stats    ]     CWR: Code Cache Roots           852 us, workers (us): 852, ---, ---, 
[74.680s][info][gc,stats    ]     CWR: VM Weak Roots             5021 us, workers (us): 5021, ---, ---, 
[74.680s][info][gc,stats    ]     CWR: CLDG Roots                   9 us, workers (us):   9, ---, ---, 
[74.680s][info][gc,stats    ]   Rendezvous                         65 us
[74.680s][info][gc,stats    ] Concurrent Cleanup                   59 us
[74.680s][info][gc,stats    ] Concurrent Class Unloading         3692 us
[74.680s][info][gc,stats    ]   Unlink Stale                     3359 us
[74.680s][info][gc,stats    ]     System Dictionary                 9 us
[74.680s][info][gc,stats    ]     Weak Class Links                  0 us
[74.680s][info][gc,stats    ]     Code Roots                     3347 us
[74.680s][info][gc,stats    ]   Rendezvous                         54 us
[74.680s][info][gc,stats    ]   Purge Unlinked                    198 us
[74.680s][info][gc,stats    ]     Code Roots                      194 us
[74.680s][info][gc,stats    ]     CLDG                              3 us
[74.680s][info][gc,stats    ]     Exception Caches                  0 us
[74.680s][info][gc,stats    ] Pause Final Roots (G)               115 us
[74.680s][info][gc,stats    ] Pause Final Roots (N)                49 us
[74.680s][info][gc,stats    ] 
[74.680s][info][gc,stats    ] Allocation pacing accrued:
[74.680s][info][gc,stats    ]       0 of   453 ms (  0.0%): <total>
[74.680s][info][gc,stats    ]       0 of   453 ms (  0.0%): <average total>
[74.680s][info][gc,stats    ] 
[74.680s][info][gc,metaspace] Metaspace: 14225K(14528K)->14225K(14528K) NonClass: 12320K(12480K)->12320K(12480K) Class: 1905K(2048K)->1905K(2048K)
[74.680s][info][gc,ergo     ] Pacer for Idle. Initial: 41943K, Alloc Tax Rate: 1.0x
[74.926s][info][gc          ] Trigger: Explicit GC request (System.gc())
[74.926s][info][gc,ergo     ] Free: 1718M, Max: 1024K regular, 1420M humongous, Frag: 18% external, 0% internal; Reserve: 103M, Max: 1024K
[74.926s][info][gc,start    ] GC(180) Concurrent reset
[74.926s][info][gc,task     ] GC(180) Using 1 of 3 workers for concurrent reset
[74.926s][info][gc,ergo     ] GC(180) Pacer for Reset. Non-Taxable: 2048M
[74.926s][info][gc          ] GC(180) Concurrent reset 0.605ms
[74.927s][info][gc,start    ] GC(180) Pause Init Mark (unload classes)
[74.927s][info][gc,task     ] GC(180) Using 3 of 3 workers for init marking
[74.927s][info][gc,ref      ] GC(180) Clearing All SoftReferences
[74.927s][info][gc,ergo     ] GC(180) Pacer for Mark. Expected Live: 4519K, Free: 1718M, Non-Taxable: 171M, Alloc Tax Rate: 0.0x
[74.927s][info][gc          ] GC(180) Pause Init Mark (unload classes) 0.245ms
[74.927s][info][gc,start    ] GC(180) Concurrent marking roots
[74.927s][info][gc,task     ] GC(180) Using 1 of 3 workers for concurrent marking roots
[74.928s][info][gc          ] GC(180) Concurrent marking roots 0.762ms
[74.928s][info][gc,start    ] GC(180) Concurrent marking (unload classes)
[74.928s][info][gc,task     ] GC(180) Using 1 of 3 workers for concurrent marking
[74.931s][info][gc          ] GC(180) Concurrent marking (unload classes) 3.864ms
[74.932s][info][gc,start    ] GC(180) Pause Final Mark (unload classes)
[74.932s][info][gc,task     ] GC(180) Using 3 of 3 workers for final marking
[74.932s][info][gc,ergo     ] GC(180) Collectable Garbage: 210M (94%), Immediate: 210M (94%), CSet: 0B (0%)
[74.932s][info][gc          ] GC(180) Pause Final Mark (unload classes) 0.440ms
[74.932s][info][gc,start    ] GC(180) Concurrent weak references
[74.932s][info][gc,task     ] GC(180) Using 1 of 3 workers for concurrent weak references
[74.932s][info][gc,ref      ] GC(180) Encountered references: Soft: 140, Weak: 713, Final: 0, Phantom: 64
[74.932s][info][gc,ref      ] GC(180) Discovered  references: Soft: 88, Weak: 169, Final: 0, Phantom: 62
[74.932s][info][gc,ref      ] GC(180) Enqueued    references: Soft: 3, Weak: 0, Final: 0, Phantom: 0
[74.932s][info][gc          ] GC(180) Concurrent weak references 0.151ms
[74.932s][info][gc,start    ] GC(180) Concurrent weak roots
[74.932s][info][gc,task     ] GC(180) Using 1 of 3 workers for concurrent weak root
[74.934s][info][gc          ] GC(180) Concurrent weak roots 1.293ms
[74.934s][info][gc,start    ] GC(180) Concurrent cleanup
[74.934s][info][gc          ] GC(180) Concurrent cleanup 226M->15M(2048M) 0.036ms
[74.934s][info][gc,ergo     ] GC(180) Free: 1929M, Max: 1024K regular, 1664M humongous, Frag: 14% external, 0% internal; Reserve: 103M, Max: 1024K
[74.934s][info][gc,start    ] GC(180) Concurrent class unloading
[74.934s][info][gc,task     ] GC(180) Using 1 of 3 workers for concurrent class unloading
[74.937s][info][gc          ] GC(180) Concurrent class unloading 3.640ms
[74.937s][info][gc,start    ] GC(180) Pause Final Roots
[74.938s][info][gc          ] GC(180) Pause Final Roots 0.060ms
[74.938s][info][gc,ergo     ] Free: 1929M, Max: 1024K regular, 1664M humongous, Frag: 14% external, 0% internal; Reserve: 103M, Max: 1024K
[74.938s][info][gc,stats    ] 
[74.938s][info][gc,stats    ] All times are wall-clock times, except per-root-class counters, that are sum over
[74.938s][info][gc,stats    ] all workers. Dividing the <total> over the root stage time estimates parallelism.
[74.938s][info][gc,stats    ] 
[74.938s][info][gc,stats    ] Concurrent Reset                    661 us
[74.938s][info][gc,stats    ] Pause Init Mark (G)                 407 us
[74.938s][info][gc,stats    ] Pause Init Mark (N)                 262 us
[74.938s][info][gc,stats    ]   Update Region States               79 us
[74.938s][info][gc,stats    ] Concurrent Mark Roots               780 us, parallelism: 0.88x
[74.938s][info][gc,stats    ]   CMR: <total>                      686 us
[74.938s][info][gc,stats    ]   CMR: Thread Roots                 612 us, workers (us): 612, ---, ---, 
[74.938s][info][gc,stats    ]   CMR: VM Strong Roots                7 us, workers (us):   7, ---, ---, 
[74.938s][info][gc,stats    ]   CMR: CLDG Roots                    67 us, workers (us):  67, ---, ---, 
[74.938s][info][gc,stats    ] Concurrent Marking                 3931 us
[74.938s][info][gc,stats    ] Pause Final Mark (G)                575 us
[74.938s][info][gc,stats    ] Pause Final Mark (N)                460 us
[74.938s][info][gc,stats    ]   Finish Mark                       154 us
[74.938s][info][gc,stats    ]   Update Region States               91 us
[74.938s][info][gc,stats    ]   Choose Collection Set              71 us
[74.938s][info][gc,stats    ]   Rebuild Free Set                   17 us
[74.938s][info][gc,stats    ] Concurrent Weak References          167 us, parallelism: 0.04x
[74.938s][info][gc,stats    ]   CWRF: <total>                       7 us
[74.938s][info][gc,stats    ]   CWRF: Weak References               7 us, workers (us):   7, ---, ---, 
[74.938s][info][gc,stats    ] Concurrent Weak Roots              1335 us
[74.938s][info][gc,stats    ]   Roots                            1215 us, parallelism: 0.91x
[74.938s][info][gc,stats    ]     CWR: <total>                   1111 us
[74.938s][info][gc,stats    ]     CWR: Code Cache Roots           593 us, workers (us): 593, ---, ---, 
[74.938s][info][gc,stats    ]     CWR: VM Weak Roots              512 us, workers (us): 512, ---, ---, 
[74.938s][info][gc,stats    ]     CWR: CLDG Roots                   7 us, workers (us):   7, ---, ---, 
[74.938s][info][gc,stats    ]   Rendezvous                         44 us
[74.938s][info][gc,stats    ] Concurrent Cleanup                   45 us
[74.938s][info][gc,stats    ] Concurrent Class Unloading         3689 us
[74.938s][info][gc,stats    ]   Unlink Stale                     3210 us
[74.938s][info][gc,stats    ]     System Dictionary                 6 us
[74.938s][info][gc,stats    ]     Weak Class Links                  0 us
[74.938s][info][gc,stats    ]     Code Roots                     3202 us
[74.938s][info][gc,stats    ]   Rendezvous                        152 us
[74.938s][info][gc,stats    ]   Purge Unlinked                    259 us
[74.938s][info][gc,stats    ]     Code Roots                      247 us
[74.938s][info][gc,stats    ]     CLDG                             11 us
[74.938s][info][gc,stats    ]     Exception Caches                  0 us
[74.938s][info][gc,stats    ] Pause Final Roots (G)               184 us
[74.938s][info][gc,stats    ] Pause Final Roots (N)                79 us
[74.938s][info][gc,stats    ] 
[74.938s][info][gc,stats    ] Allocation pacing accrued:
[74.938s][info][gc,stats    ]       0 of   258 ms (  0.0%): <total>
[74.938s][info][gc,stats    ]       0 of   258 ms (  0.0%): <average total>
[74.938s][info][gc,stats    ] 
[74.938s][info][gc,metaspace] Metaspace: 14225K(14528K)->14225K(14528K) NonClass: 12320K(12480K)->12320K(12480K) Class: 1905K(2048K)->1905K(2048K)
[74.938s][info][gc,ergo     ] Pacer for Idle. Initial: 41943K, Alloc Tax Rate: 1.0x
[75.368s][info][gc          ] Trigger: Learning 2 of 5. Free (1433M) is below initial threshold (1433M)
[75.368s][info][gc,ergo     ] Free: 1433M, Max: 1024K regular, 1433M humongous, Frag: 0% external, 0% internal; Reserve: 103M, Max: 1024K
[75.368s][info][gc,start    ] GC(181) Concurrent reset
[75.368s][info][gc,task     ] GC(181) Using 1 of 3 workers for concurrent reset
[75.368s][info][gc,ergo     ] GC(181) Pacer for Reset. Non-Taxable: 2048M
[75.368s][info][gc          ] GC(181) Concurrent reset 0.154ms
[75.368s][info][gc,start    ] GC(181) Pause Init Mark (unload classes)
[75.368s][info][gc,task     ] GC(181) Using 3 of 3 workers for init marking
[75.368s][info][gc,ergo     ] GC(181) Pacer for Mark. Expected Live: 4519K, Free: 1432M, Non-Taxable: 143M, Alloc Tax Rate: 0.0x
[75.368s][info][gc          ] GC(181) Pause Init Mark (unload classes) 0.090ms
[75.368s][info][gc,start    ] GC(181) Concurrent marking roots
[75.368s][info][gc,task     ] GC(181) Using 1 of 3 workers for concurrent marking roots
[75.369s][info][gc          ] GC(181) Concurrent marking roots 0.428ms
[75.369s][info][gc,start    ] GC(181) Concurrent marking (unload classes)
[75.369s][info][gc,task     ] GC(181) Using 1 of 3 workers for concurrent marking
[75.372s][info][gc          ] GC(181) Concurrent marking (unload classes) 3.898ms
[75.373s][info][gc,start    ] GC(181) Pause Final Mark (unload classes)
[75.373s][info][gc,task     ] GC(181) Using 3 of 3 workers for final marking
[75.373s][info][gc,ergo     ] GC(181) Collectable Garbage: 482M (94%), Immediate: 482M (94%), CSet: 0B (0%)
[75.373s][info][gc          ] GC(181) Pause Final Mark (unload classes) 0.163ms
[75.373s][info][gc,start    ] GC(181) Concurrent weak references
[75.373s][info][gc,task     ] GC(181) Using 1 of 3 workers for concurrent weak references
[75.373s][info][gc,ref      ] GC(181) Encountered references: Soft: 140, Weak: 735, Final: 0, Phantom: 64
[75.373s][info][gc,ref      ] GC(181) Discovered  references: Soft: 0, Weak: 151, Final: 0, Phantom: 37
[75.373s][info][gc,ref      ] GC(181) Enqueued    references: Soft: 0, Weak: 2, Final: 0, Phantom: 0
[75.373s][info][gc          ] GC(181) Concurrent weak references 0.069ms
[75.373s][info][gc,start    ] GC(181) Concurrent weak roots
[75.373s][info][gc,task     ] GC(181) Using 1 of 3 workers for concurrent weak root
[75.376s][info][gc          ] GC(181) Concurrent weak roots 3.030ms
[75.376s][info][gc,start    ] GC(181) Concurrent cleanup
[75.376s][info][gc          ] GC(181) Concurrent cleanup 524M->42M(2048M) 0.051ms
[75.376s][info][gc,ergo     ] GC(181) Free: 1902M, Max: 1024K regular, 1420M humongous, Frag: 26% external, 0% internal; Reserve: 103M, Max: 1024K
[75.376s][info][gc,start    ] GC(181) Concurrent class unloading
[75.376s][info][gc,task     ] GC(181) Using 1 of 3 workers for concurrent class unloading
[75.379s][info][gc          ] GC(181) Concurrent class unloading 3.269ms
[75.379s][info][gc,start    ] GC(181) Pause Final Roots
[75.379s][info][gc          ] GC(181) Pause Final Roots 0.039ms
[75.379s][info][gc,ergo     ] Free: 1900M, Max: 1024K regular, 1420M humongous, Frag: 26% external, 0% internal; Reserve: 103M, Max: 1024K
[75.379s][info][gc,stats    ] 
[75.379s][info][gc,stats    ] All times are wall-clock times, except per-root-class counters, that are sum over
[75.379s][info][gc,stats    ] all workers. Dividing the <total> over the root stage time estimates parallelism.
[75.379s][info][gc,stats    ] 
[75.379s][info][gc,stats    ] Concurrent Reset                    168 us
[75.379s][info][gc,stats    ] Pause Init Mark (G)                 222 us
[75.379s][info][gc,stats    ] Pause Init Mark (N)                 107 us
[75.379s][info][gc,stats    ]   Update Region States               26 us
[75.379s][info][gc,stats    ] Concurrent Mark Roots               442 us, parallelism: 0.85x
[75.379s][info][gc,stats    ]   CMR: <total>                      376 us
[75.380s][info][gc,stats    ]   CMR: Thread Roots                 330 us, workers (us): 330, ---, ---, 
[75.380s][info][gc,stats    ]   CMR: VM Strong Roots                6 us, workers (us):   6, ---, ---, 
[75.380s][info][gc,stats    ]   CMR: CLDG Roots                    40 us, workers (us):  40, ---, ---, 
[75.380s][info][gc,stats    ] Concurrent Marking                 3937 us
[75.380s][info][gc,stats    ] Pause Final Mark (G)                230 us
[75.380s][info][gc,stats    ] Pause Final Mark (N)                173 us
[75.380s][info][gc,stats    ]   Finish Mark                        37 us
[75.380s][info][gc,stats    ]   Update Region States               29 us
[75.380s][info][gc,stats    ]   Choose Collection Set              54 us
[75.380s][info][gc,stats    ]   Rebuild Free Set                    8 us
[75.380s][info][gc,stats    ] Concurrent Weak References           76 us, parallelism: 0.13x
[75.380s][info][gc,stats    ]   CWRF: <total>                      10 us
[75.380s][info][gc,stats    ]   CWRF: Weak References              10 us, workers (us):  10, ---, ---, 
[75.380s][info][gc,stats    ] Concurrent Weak Roots              3076 us
[75.380s][info][gc,stats    ]   Roots                            2966 us, parallelism: 0.99x
[75.380s][info][gc,stats    ]     CWR: <total>                   2946 us
[75.380s][info][gc,stats    ]     CWR: Code Cache Roots           663 us, workers (us): 663, ---, ---, 
[75.380s][info][gc,stats    ]     CWR: VM Weak Roots             2276 us, workers (us): 2276, ---, ---, 
[75.380s][info][gc,stats    ]     CWR: CLDG Roots                   7 us, workers (us):   7, ---, ---, 
[75.380s][info][gc,stats    ]   Rendezvous                         46 us
[75.380s][info][gc,stats    ] Concurrent Cleanup                   59 us
[75.380s][info][gc,stats    ] Concurrent Class Unloading         3318 us
[75.380s][info][gc,stats    ]   Unlink Stale                     3043 us
[75.380s][info][gc,stats    ]     System Dictionary                 8 us
[75.380s][info][gc,stats    ]     Weak Class Links                  0 us
[75.380s][info][gc,stats    ]     Code Roots                     3033 us
[75.380s][info][gc,stats    ]   Rendezvous                         42 us
[75.380s][info][gc,stats    ]   Purge Unlinked                    166 us
[75.380s][info][gc,stats    ]     Code Roots                      162 us
[75.380s][info][gc,stats    ]     CLDG                              4 us
[75.380s][info][gc,stats    ]     Exception Caches                  0 us
[75.380s][info][gc,stats    ] Pause Final Roots (G)               112 us
[75.380s][info][gc,stats    ] Pause Final Roots (N)                47 us
[75.380s][info][gc,stats    ] 
[75.380s][info][gc,stats    ] Allocation pacing accrued:
[75.380s][info][gc,stats    ]       0 of   441 ms (  0.0%): <total>
[75.380s][info][gc,stats    ]       0 of   441 ms (  0.0%): <average total>
[75.380s][info][gc,stats    ] 
[75.380s][info][gc,metaspace] Metaspace: 14226K(14528K)->14226K(14528K) NonClass: 12321K(12480K)->12321K(12480K) Class: 1905K(2048K)->1905K(2048K)
[75.380s][info][gc,ergo     ] Pacer for Idle. Initial: 41943K, Alloc Tax Rate: 1.0x
[75.788s][info][gc          ] Trigger: Learning 3 of 5. Free (1432M) is below initial threshold (1433M)
[75.788s][info][gc,ergo     ] Free: 1432M, Max: 1024K regular, 1420M humongous, Frag: 1% external, 0% internal; Reserve: 103M, Max: 1024K
[75.788s][info][gc,start    ] GC(182) Concurrent reset
[75.788s][info][gc,task     ] GC(182) Using 1 of 3 workers for concurrent reset
[75.788s][info][gc,ergo     ] GC(182) Pacer for Reset. Non-Taxable: 2048M
[75.789s][info][gc          ] GC(182) Concurrent reset 0.224ms
[75.789s][info][gc,start    ] GC(182) Pause Init Mark (unload classes)
[75.789s][info][gc,task     ] GC(182) Using 3 of 3 workers for init marking
[75.789s][info][gc,ergo     ] GC(182) Pacer for Mark. Expected Live: 4519K, Free: 1432M, Non-Taxable: 143M, Alloc Tax Rate: 0.0x
[75.789s][info][gc          ] GC(182) Pause Init Mark (unload classes) 0.062ms
[75.789s][info][gc,start    ] GC(182) Concurrent marking roots
[75.789s][info][gc,task     ] GC(182) Using 1 of 3 workers for concurrent marking roots
[75.789s][info][gc          ] GC(182) Concurrent marking roots 0.416ms
[75.789s][info][gc,start    ] GC(182) Concurrent marking (unload classes)
[75.789s][info][gc,task     ] GC(182) Using 1 of 3 workers for concurrent marking
[75.793s][info][gc          ] GC(182) Concurrent marking (unload classes) 3.943ms
[75.793s][info][gc,start    ] GC(182) Pause Final Mark (unload classes)
[75.793s][info][gc,task     ] GC(182) Using 3 of 3 workers for final marking
[75.793s][info][gc,ergo     ] GC(182) Collectable Garbage: 481M (94%), Immediate: 481M (94%), CSet: 0B (0%)
[75.793s][info][gc          ] GC(182) Pause Final Mark (unload classes) 0.142ms
[75.793s][info][gc,start    ] GC(182) Concurrent weak references
[75.793s][info][gc,task     ] GC(182) Using 1 of 3 workers for concurrent weak references
[75.793s][info][gc,ref      ] GC(182) Encountered references: Soft: 140, Weak: 733, Final: 0, Phantom: 64
[75.793s][info][gc,ref      ] GC(182) Discovered  references: Soft: 0, Weak: 149, Final: 0, Phantom: 37
[75.793s][info][gc,ref      ] GC(182) Enqueued    references: Soft: 0, Weak: 0, Final: 0, Phantom: 0
[75.793s][info][gc          ] GC(182) Concurrent weak references 0.082ms
[75.794s][info][gc,start    ] GC(182) Concurrent weak roots
[75.794s][info][gc,task     ] GC(182) Using 1 of 3 workers for concurrent weak root
[75.797s][info][gc          ] GC(182) Concurrent weak roots 3.454ms
[75.797s][info][gc,start    ] GC(182) Concurrent cleanup
[75.797s][info][gc          ] GC(182) Concurrent cleanup 525M->44M(2048M) 0.055ms
[75.797s][info][gc,ergo     ] GC(182) Free: 1900M, Max: 1024K regular, 1419M humongous, Frag: 26% external, 0% internal; Reserve: 103M, Max: 1024K
[75.797s][info][gc,start    ] GC(182) Concurrent class unloading
[75.797s][info][gc,task     ] GC(182) Using 1 of 3 workers for concurrent class unloading
[75.800s][info][gc          ] GC(182) Concurrent class unloading 3.280ms
[75.800s][info][gc,start    ] GC(182) Pause Final Roots
[75.800s][info][gc          ] GC(182) Pause Final Roots 0.039ms
[75.801s][info][gc,ergo     ] Free: 1898M, Max: 1024K regular, 1419M humongous, Frag: 26% external, 0% internal; Reserve: 103M, Max: 1024K
[75.801s][info][gc,stats    ] 
[75.801s][info][gc,stats    ] All times are wall-clock times, except per-root-class counters, that are sum over
[75.801s][info][gc,stats    ] all workers. Dividing the <total> over the root stage time estimates parallelism.
[75.801s][info][gc,stats    ] 
[75.801s][info][gc,stats    ] Concurrent Reset                    265 us
[75.801s][info][gc,stats    ] Pause Init Mark (G)                 203 us
[75.801s][info][gc,stats    ] Pause Init Mark (N)                  70 us
[75.801s][info][gc,stats    ]   Update Region States               25 us
[75.801s][info][gc,stats    ] Concurrent Mark Roots               429 us, parallelism: 0.84x
[75.801s][info][gc,stats    ]   CMR: <total>                      363 us
[75.801s][info][gc,stats    ]   CMR: Thread Roots                 316 us, workers (us): 316, ---, ---, 
[75.801s][info][gc,stats    ]   CMR: VM Strong Roots                5 us, workers (us):   5, ---, ---, 
[75.801s][info][gc,stats    ]   CMR: CLDG Roots                    42 us, workers (us):  42, ---, ---, 
[75.801s][info][gc,stats    ] Concurrent Marking                 3999 us
[75.801s][info][gc,stats    ] Pause Final Mark (G)                194 us
[75.801s][info][gc,stats    ] Pause Final Mark (N)                150 us
[75.801s][info][gc,stats    ]   Finish Mark                        35 us
[75.801s][info][gc,stats    ]   Update Region States               28 us
[75.801s][info][gc,stats    ]   Choose Collection Set              27 us
[75.801s][info][gc,stats    ]   Rebuild Free Set                    8 us
[75.801s][info][gc,stats    ] Concurrent Weak References           90 us, parallelism: 0.07x
[75.801s][info][gc,stats    ]   CWRF: <total>                       7 us
[75.801s][info][gc,stats    ]   CWRF: Weak References               7 us, workers (us):   7, ---, ---, 
[75.801s][info][gc,stats    ] Concurrent Weak Roots              3485 us
[75.801s][info][gc,stats    ]   Roots                            3384 us, parallelism: 0.99x
[75.801s][info][gc,stats    ]     CWR: <total>                   3357 us
[75.801s][info][gc,stats    ]     CWR: Code Cache Roots           661 us, workers (us): 661, ---, ---, 
[75.801s][info][gc,stats    ]     CWR: VM Weak Roots             2688 us, workers (us): 2688, ---, ---, 
[75.801s][info][gc,stats    ]     CWR: CLDG Roots                   7 us, workers (us):   7, ---, ---, 
[75.801s][info][gc,stats    ]   Rendezvous                         53 us
[75.801s][info][gc,stats    ] Concurrent Cleanup                   63 us
[75.801s][info][gc,stats    ] Concurrent Class Unloading         3326 us
[75.801s][info][gc,stats    ]   Unlink Stale                     3053 us
[75.801s][info][gc,stats    ]     System Dictionary                 7 us
[75.801s][info][gc,stats    ]     Weak Class Links                  0 us
[75.801s][info][gc,stats    ]     Code Roots                     3045 us
[75.801s][info][gc,stats    ]   Rendezvous                         57 us
[75.801s][info][gc,stats    ]   Purge Unlinked                    150 us
[75.801s][info][gc,stats    ]     Code Roots                      147 us
[75.801s][info][gc,stats    ]     CLDG                              3 us
[75.801s][info][gc,stats    ]     Exception Caches                  0 us
[75.801s][info][gc,stats    ] Pause Final Roots (G)               126 us
[75.801s][info][gc,stats    ] Pause Final Roots (N)                49 us
[75.801s][info][gc,stats    ] 
[75.801s][info][gc,stats    ] Allocation pacing accrued:
[75.801s][info][gc,stats    ]       0 of   421 ms (  0.0%): <total>
[75.801s][info][gc,stats    ]       0 of   421 ms (  0.0%): <average total>
[75.801s][info][gc,stats    ] 
[75.801s][info][gc,metaspace] Metaspace: 14226K(14528K)->14226K(14528K) NonClass: 12321K(12480K)->12321K(12480K) Class: 1905K(2048K)->1905K(2048K)
[75.801s][info][gc,ergo     ] Pacer for Idle. Initial: 41943K, Alloc Tax Rate: 1.0x
[76.206s][info][gc          ] Trigger: Learning 4 of 5. Free (1432M) is below initial threshold (1433M)
[76.206s][info][gc,ergo     ] Free: 1432M, Max: 1024K regular, 1419M humongous, Frag: 1% external, 0% internal; Reserve: 103M, Max: 1024K
[76.206s][info][gc,start    ] GC(183) Concurrent reset
[76.206s][info][gc,task     ] GC(183) Using 1 of 3 workers for concurrent reset
[76.206s][info][gc,ergo     ] GC(183) Pacer for Reset. Non-Taxable: 2048M
[76.206s][info][gc          ] GC(183) Concurrent reset 0.231ms
[76.206s][info][gc,start    ] GC(183) Pause Init Mark (unload classes)
[76.206s][info][gc,task     ] GC(183) Using 3 of 3 workers for init marking
[76.206s][info][gc,ergo     ] GC(183) Pacer for Mark. Expected Live: 4519K, Free: 1432M, Non-Taxable: 143M, Alloc Tax Rate: 0.0x
[76.206s][info][gc          ] GC(183) Pause Init Mark (unload classes) 0.088ms
[76.206s][info][gc,start    ] GC(183) Concurrent marking roots
[76.206s][info][gc,task     ] GC(183) Using 1 of 3 workers for concurrent marking roots
[76.206s][info][gc          ] GC(183) Concurrent marking roots 0.410ms
[76.206s][info][gc,start    ] GC(183) Concurrent marking (unload classes)
[76.206s][info][gc,task     ] GC(183) Using 1 of 3 workers for concurrent marking
[76.210s][info][gc          ] GC(183) Concurrent marking (unload classes) 3.896ms
[76.210s][info][gc,start    ] GC(183) Pause Final Mark (unload classes)
[76.210s][info][gc,task     ] GC(183) Using 3 of 3 workers for final marking
[76.211s][info][gc,ergo     ] GC(183) Collectable Garbage: 477M (94%), Immediate: 477M (94%), CSet: 0B (0%)
[76.211s][info][gc          ] GC(183) Pause Final Mark (unload classes) 0.144ms
[76.211s][info][gc,start    ] GC(183) Concurrent weak references
[76.211s][info][gc,task     ] GC(183) Using 1 of 3 workers for concurrent weak references
[76.211s][info][gc,ref      ] GC(183) Encountered references: Soft: 140, Weak: 733, Final: 0, Phantom: 64
[76.211s][info][gc,ref      ] GC(183) Discovered  references: Soft: 0, Weak: 149, Final: 0, Phantom: 37
[76.211s][info][gc,ref      ] GC(183) Enqueued    references: Soft: 0, Weak: 0, Final: 0, Phantom: 0
[76.211s][info][gc          ] GC(183) Concurrent weak references 0.064ms
[76.211s][info][gc,start    ] GC(183) Concurrent weak roots
[76.211s][info][gc,task     ] GC(183) Using 1 of 3 workers for concurrent weak root
[76.215s][info][gc          ] GC(183) Concurrent weak roots 3.902ms
[76.215s][info][gc,start    ] GC(183) Concurrent cleanup
[76.215s][info][gc          ] GC(183) Concurrent cleanup 524M->46M(2048M) 0.053ms
[76.215s][info][gc,ergo     ] GC(183) Free: 1898M, Max: 1024K regular, 1421M humongous, Frag: 26% external, 0% internal; Reserve: 103M, Max: 1024K
[76.215s][info][gc,start    ] GC(183) Concurrent class unloading
[76.215s][info][gc,task     ] GC(183) Using 1 of 3 workers for concurrent class unloading
[76.218s][info][gc          ] GC(183) Concurrent class unloading 3.221ms
[76.218s][info][gc,start    ] GC(183) Pause Final Roots
[76.218s][info][gc          ] GC(183) Pause Final Roots 0.035ms
[76.218s][info][gc,ergo     ] Free: 1895M, Max: 1024K regular, 1421M humongous, Frag: 26% external, 0% internal; Reserve: 103M, Max: 1024K
[76.218s][info][gc,stats    ] 
[76.218s][info][gc,stats    ] All times are wall-clock times, except per-root-class counters, that are sum over
[76.218s][info][gc,stats    ] all workers. Dividing the <total> over the root stage time estimates parallelism.
[76.218s][info][gc,stats    ] 
[76.218s][info][gc,stats    ] Concurrent Reset                    243 us
[76.218s][info][gc,stats    ] Pause Init Mark (G)                 171 us
[76.218s][info][gc,stats    ] Pause Init Mark (N)                  96 us
[76.218s][info][gc,stats    ]   Update Region States               24 us
[76.218s][info][gc,stats    ] Concurrent Mark Roots               423 us, parallelism: 0.86x
[76.218s][info][gc,stats    ]   CMR: <total>                      364 us
[76.218s][info][gc,stats    ]   CMR: Thread Roots                 320 us, workers (us): 320, ---, ---, 
[76.218s][info][gc,stats    ]   CMR: VM Strong Roots                5 us, workers (us):   5, ---, ---, 
[76.218s][info][gc,stats    ]   CMR: CLDG Roots                    40 us, workers (us):  40, ---, ---, 
[76.218s][info][gc,stats    ] Concurrent Marking                 3941 us
[76.218s][info][gc,stats    ] Pause Final Mark (G)                241 us
[76.218s][info][gc,stats    ] Pause Final Mark (N)                153 us
[76.218s][info][gc,stats    ]   Finish Mark                        36 us
[76.218s][info][gc,stats    ]   Update Region States               28 us
[76.218s][info][gc,stats    ]   Choose Collection Set              29 us
[76.218s][info][gc,stats    ]   Rebuild Free Set                    8 us
[76.218s][info][gc,stats    ] Concurrent Weak References           71 us, parallelism: 0.13x
[76.218s][info][gc,stats    ]   CWRF: <total>                       9 us
[76.218s][info][gc,stats    ]   CWRF: Weak References               9 us, workers (us):   9, ---, ---, 
[76.218s][info][gc,stats    ] Concurrent Weak Roots              3942 us
[76.218s][info][gc,stats    ]   Roots                            3841 us, parallelism: 0.99x
[76.218s][info][gc,stats    ]     CWR: <total>                   3814 us
[76.218s][info][gc,stats    ]     CWR: Code Cache Roots           664 us, workers (us): 664, ---, ---, 
[76.218s][info][gc,stats    ]     CWR: VM Weak Roots             3144 us, workers (us): 3144, ---, ---, 
[76.218s][info][gc,stats    ]     CWR: CLDG Roots                   7 us, workers (us):   7, ---, ---, 
[76.218s][info][gc,stats    ]   Rendezvous                         44 us
[76.218s][info][gc,stats    ] Concurrent Cleanup                   61 us
[76.218s][info][gc,stats    ] Concurrent Class Unloading         3270 us
[76.218s][info][gc,stats    ]   Unlink Stale                     2999 us
[76.218s][info][gc,stats    ]     System Dictionary                 7 us
[76.218s][info][gc,stats    ]     Weak Class Links                  0 us
[76.218s][info][gc,stats    ]     Code Roots                     2991 us
[76.218s][info][gc,stats    ]   Rendezvous                         59 us
[76.218s][info][gc,stats    ]   Purge Unlinked                    138 us
[76.218s][info][gc,stats    ]     Code Roots                      135 us
[76.218s][info][gc,stats    ]     CLDG                              3 us
[76.218s][info][gc,stats    ]     Exception Caches                  0 us
[76.218s][info][gc,stats    ] Pause Final Roots (G)                99 us
[76.218s][info][gc,stats    ] Pause Final Roots (N)                44 us
[76.218s][info][gc,stats    ] 
[76.218s][info][gc,stats    ] Allocation pacing accrued:
[76.218s][info][gc,stats    ]       0 of   418 ms (  0.0%): <total>
[76.218s][info][gc,stats    ]       0 of   418 ms (  0.0%): <average total>
[76.218s][info][gc,stats    ] 
[76.218s][info][gc,metaspace] Metaspace: 14226K(14528K)->14226K(14528K) NonClass: 12321K(12480K)->12321K(12480K) Class: 1905K(2048K)->1905K(2048K)
[76.218s][info][gc,ergo     ] Pacer for Idle. Initial: 41943K, Alloc Tax Rate: 1.0x
[76.630s][info][gc          ] Trigger: Learning 5 of 5. Free (1431M) is below initial threshold (1433M)
[76.630s][info][gc,ergo     ] Free: 1431M, Max: 1024K regular, 1421M humongous, Frag: 1% external, 0% internal; Reserve: 103M, Max: 1024K
[76.630s][info][gc,start    ] GC(184) Concurrent reset
[76.630s][info][gc,task     ] GC(184) Using 1 of 3 workers for concurrent reset
[76.630s][info][gc,ergo     ] GC(184) Pacer for Reset. Non-Taxable: 2048M
[76.630s][info][gc          ] GC(184) Concurrent reset 0.226ms
[76.630s][info][gc,start    ] GC(184) Pause Init Mark (unload classes)
[76.630s][info][gc,task     ] GC(184) Using 3 of 3 workers for init marking
[76.630s][info][gc,ergo     ] GC(184) Pacer for Mark. Expected Live: 4519K, Free: 1431M, Non-Taxable: 143M, Alloc Tax Rate: 0.0x
[76.630s][info][gc          ] GC(184) Pause Init Mark (unload classes) 0.101ms
[76.630s][info][gc,start    ] GC(184) Concurrent marking roots
[76.630s][info][gc,task     ] GC(184) Using 1 of 3 workers for concurrent marking roots
[76.631s][info][gc          ] GC(184) Concurrent marking roots 0.421ms
[76.631s][info][gc,start    ] GC(184) Concurrent marking (unload classes)
[76.631s][info][gc,task     ] GC(184) Using 1 of 3 workers for concurrent marking
[76.635s][info][gc          ] GC(184) Concurrent marking (unload classes) 3.848ms
[76.635s][info][gc,start    ] GC(184) Pause Final Mark (unload classes)
[76.635s][info][gc,task     ] GC(184) Using 3 of 3 workers for final marking
[76.635s][info][gc,ergo     ] GC(184) Collectable Garbage: 479M (94%), Immediate: 479M (94%), CSet: 0B (0%)
[76.635s][info][gc          ] GC(184) Pause Final Mark (unload classes) 0.162ms
[76.635s][info][gc,start    ] GC(184) Concurrent weak references
[76.635s][info][gc,task     ] GC(184) Using 1 of 3 workers for concurrent weak references
[76.635s][info][gc,ref      ] GC(184) Encountered references: Soft: 140, Weak: 729, Final: 0, Phantom: 64
[76.635s][info][gc,ref      ] GC(184) Discovered  references: Soft: 0, Weak: 149, Final: 0, Phantom: 37
[76.635s][info][gc,ref      ] GC(184) Enqueued    references: Soft: 0, Weak: 0, Final: 0, Phantom: 0
[76.635s][info][gc          ] GC(184) Concurrent weak references 0.062ms
[76.635s][info][gc,start    ] GC(184) Concurrent weak roots
[76.635s][info][gc,task     ] GC(184) Using 1 of 3 workers for concurrent weak root
[76.639s][info][gc          ] GC(184) Concurrent weak roots 4.204ms
[76.639s][info][gc,start    ] GC(184) Concurrent cleanup
[76.639s][info][gc          ] GC(184) Concurrent cleanup 524M->44M(2048M) 0.049ms
[76.639s][info][gc,ergo     ] GC(184) Free: 1900M, Max: 1024K regular, 1420M humongous, Frag: 26% external, 0% internal; Reserve: 103M, Max: 1024K
[76.639s][info][gc,start    ] GC(184) Concurrent class unloading
[76.639s][info][gc,task     ] GC(184) Using 1 of 3 workers for concurrent class unloading
[76.642s][info][gc          ] GC(184) Concurrent class unloading 3.111ms
[76.642s][info][gc,start    ] GC(184) Pause Final Roots
[76.643s][info][gc          ] GC(184) Pause Final Roots 0.041ms
[76.643s][info][gc,ergo     ] Free: 1896M, Max: 1024K regular, 1420M humongous, Frag: 26% external, 0% internal; Reserve: 103M, Max: 1024K
[76.643s][info][gc,stats    ] 
[76.643s][info][gc,stats    ] All times are wall-clock times, except per-root-class counters, that are sum over
[76.643s][info][gc,stats    ] all workers. Dividing the <total> over the root stage time estimates parallelism.
[76.643s][info][gc,stats    ] 
[76.643s][info][gc,stats    ] Concurrent Reset                    237 us
[76.643s][info][gc,stats    ] Pause Init Mark (G)                 194 us
[76.643s][info][gc,stats    ] Pause Init Mark (N)                 110 us
[76.643s][info][gc,stats    ]   Update Region States               27 us
[76.643s][info][gc,stats    ] Concurrent Mark Roots               429 us, parallelism: 0.87x
[76.643s][info][gc,stats    ]   CMR: <total>                      373 us
[76.643s][info][gc,stats    ]   CMR: Thread Roots                 327 us, workers (us): 327, ---, ---, 
[76.643s][info][gc,stats    ]   CMR: VM Strong Roots                5 us, workers (us):   5, ---, ---, 
[76.643s][info][gc,stats    ]   CMR: CLDG Roots                    41 us, workers (us):  41, ---, ---, 
[76.643s][info][gc,stats    ] Concurrent Marking                 3867 us
[76.643s][info][gc,stats    ] Pause Final Mark (G)                252 us
[76.643s][info][gc,stats    ] Pause Final Mark (N)                171 us
[76.643s][info][gc,stats    ]   Finish Mark                        36 us
[76.643s][info][gc,stats    ]   Update Region States               30 us
[76.643s][info][gc,stats    ]   Choose Collection Set              32 us
[76.643s][info][gc,stats    ]   Rebuild Free Set                    7 us
[76.643s][info][gc,stats    ] Concurrent Weak References           69 us, parallelism: 0.09x
[76.643s][info][gc,stats    ]   CWRF: <total>                       6 us
[76.643s][info][gc,stats    ]   CWRF: Weak References               6 us, workers (us):   6, ---, ---, 
[76.643s][info][gc,stats    ] Concurrent Weak Roots              4243 us
[76.643s][info][gc,stats    ]   Roots                            4141 us, parallelism: 0.99x
[76.643s][info][gc,stats    ]     CWR: <total>                   4103 us
[76.643s][info][gc,stats    ]     CWR: Code Cache Roots           649 us, workers (us): 649, ---, ---, 
[76.643s][info][gc,stats    ]     CWR: VM Weak Roots             3447 us, workers (us): 3447, ---, ---, 
[76.643s][info][gc,stats    ]     CWR: CLDG Roots                   7 us, workers (us):   7, ---, ---, 
[76.643s][info][gc,stats    ]   Rendezvous                         47 us
[76.643s][info][gc,stats    ] Concurrent Cleanup                   58 us
[76.643s][info][gc,stats    ] Concurrent Class Unloading         3151 us
[76.643s][info][gc,stats    ]   Unlink Stale                     2880 us
[76.643s][info][gc,stats    ]     System Dictionary                 7 us
[76.643s][info][gc,stats    ]     Weak Class Links                  0 us
[76.643s][info][gc,stats    ]     Code Roots                     2872 us
[76.643s][info][gc,stats    ]   Rendezvous                         57 us
[76.643s][info][gc,stats    ]   Purge Unlinked                    156 us
[76.643s][info][gc,stats    ]     Code Roots                      152 us
[76.643s][info][gc,stats    ]     CLDG                              4 us
[76.643s][info][gc,stats    ]     Exception Caches                  0 us
[76.643s][info][gc,stats    ] Pause Final Roots (G)               116 us
[76.643s][info][gc,stats    ] Pause Final Roots (N)                50 us
[76.643s][info][gc,stats    ] 
[76.643s][info][gc,stats    ] Allocation pacing accrued:
[76.643s][info][gc,stats    ]       0 of   424 ms (  0.0%): <total>
[76.643s][info][gc,stats    ]       0 of   424 ms (  0.0%): <average total>
[76.643s][info][gc,stats    ] 
[76.643s][info][gc,metaspace] Metaspace: 14226K(14528K)->14226K(14528K) NonClass: 12321K(12480K)->12321K(12480K) Class: 1905K(2048K)->1905K(2048K)
[76.643s][info][gc,ergo     ] Pacer for Idle. Initial: 41943K, Alloc Tax Rate: 1.0x
[76.804s][info][gc          ] Trigger: Explicit GC request (System.gc())
[76.805s][info][gc,ergo     ] Free: 1776M, Max: 1024K regular, 1420M humongous, Frag: 21% external, 0% internal; Reserve: 103M, Max: 1024K
[76.805s][info][gc,start    ] GC(185) Concurrent reset
[76.805s][info][gc,task     ] GC(185) Using 1 of 3 workers for concurrent reset
[76.805s][info][gc,ergo     ] GC(185) Pacer for Reset. Non-Taxable: 2048M
[76.805s][info][gc          ] GC(185) Concurrent reset 0.446ms
[76.805s][info][gc,start    ] GC(185) Pause Init Mark (unload classes)
[76.805s][info][gc,task     ] GC(185) Using 3 of 3 workers for init marking
[76.806s][info][gc,ref      ] GC(185) Clearing All SoftReferences
[76.806s][info][gc,ergo     ] GC(185) Pacer for Mark. Expected Live: 4506K, Free: 1776M, Non-Taxable: 177M, Alloc Tax Rate: 0.0x
[76.806s][info][gc          ] GC(185) Pause Init Mark (unload classes) 0.356ms
[76.806s][info][gc,start    ] GC(185) Concurrent marking roots
[76.806s][info][gc,task     ] GC(185) Using 1 of 3 workers for concurrent marking roots
[76.806s][info][gc          ] GC(185) Concurrent marking roots 0.783ms
[76.806s][info][gc,start    ] GC(185) Concurrent marking (unload classes)
[76.806s][info][gc,task     ] GC(185) Using 1 of 3 workers for concurrent marking
[76.811s][info][gc          ] GC(185) Concurrent marking (unload classes) 4.146ms
[76.811s][info][gc,start    ] GC(185) Pause Final Mark (unload classes)
[76.811s][info][gc,task     ] GC(185) Using 3 of 3 workers for final marking
[76.811s][info][gc,ergo     ] GC(185) Collectable Garbage: 150M (91%), Immediate: 150M (91%), CSet: 0B (0%)
[76.811s][info][gc          ] GC(185) Pause Final Mark (unload classes) 0.327ms
[76.811s][info][gc,start    ] GC(185) Concurrent weak references
[76.811s][info][gc,task     ] GC(185) Using 1 of 3 workers for concurrent weak references
[76.811s][info][gc,ref      ] GC(185) Encountered references: Soft: 140, Weak: 717, Final: 0, Phantom: 64
[76.811s][info][gc,ref      ] GC(185) Discovered  references: Soft: 88, Weak: 171, Final: 0, Phantom: 62
[76.811s][info][gc,ref      ] GC(185) Enqueued    references: Soft: 3, Weak: 0, Final: 0, Phantom: 0
[76.811s][info][gc          ] GC(185) Concurrent weak references 0.085ms
[76.811s][info][gc,start    ] GC(185) Concurrent weak roots
[76.811s][info][gc,task     ] GC(185) Using 1 of 3 workers for concurrent weak root
[76.815s][info][gc          ] GC(185) Concurrent weak roots 3.524ms
[76.815s][info][gc,start    ] GC(185) Concurrent cleanup
[76.815s][info][gc          ] GC(185) Concurrent cleanup 168M->17M(2048M) 0.048ms
[76.815s][info][gc,ergo     ] GC(185) Free: 1927M, Max: 1024K regular, 1664M humongous, Frag: 14% external, 0% internal; Reserve: 103M, Max: 1024K
[76.815s][info][gc,start    ] GC(185) Concurrent class unloading
[76.815s][info][gc,task     ] GC(185) Using 1 of 3 workers for concurrent class unloading
[76.819s][info][gc          ] GC(185) Concurrent class unloading 3.998ms
[76.819s][info][gc,start    ] GC(185) Pause Final Roots
[76.819s][info][gc          ] GC(185) Pause Final Roots 0.068ms
[76.819s][info][gc,ergo     ] Free: 1927M, Max: 1024K regular, 1664M humongous, Frag: 14% external, 0% internal; Reserve: 103M, Max: 1024K
[76.819s][info][gc,stats    ] 
[76.819s][info][gc,stats    ] All times are wall-clock times, except per-root-class counters, that are sum over
[76.819s][info][gc,stats    ] all workers. Dividing the <total> over the root stage time estimates parallelism.
[76.819s][info][gc,stats    ] 
[76.819s][info][gc,stats    ] Concurrent Reset                    467 us
[76.819s][info][gc,stats    ] Pause Init Mark (G)                 518 us
[76.819s][info][gc,stats    ] Pause Init Mark (N)                 386 us
[76.819s][info][gc,stats    ]   Update Region States              132 us
[76.819s][info][gc,stats    ] Concurrent Mark Roots               791 us, parallelism: 0.87x
[76.819s][info][gc,stats    ]   CMR: <total>                      687 us
[76.819s][info][gc,stats    ]   CMR: Thread Roots                 603 us, workers (us): 603, ---, ---, 
[76.819s][info][gc,stats    ]   CMR: VM Strong Roots               10 us, workers (us):  10, ---, ---, 
[76.819s][info][gc,stats    ]   CMR: CLDG Roots                    74 us, workers (us):  74, ---, ---, 
[76.819s][info][gc,stats    ] Concurrent Marking                 4168 us
[76.819s][info][gc,stats    ] Pause Final Mark (G)                395 us
[76.819s][info][gc,stats    ] Pause Final Mark (N)                347 us
[76.819s][info][gc,stats    ]   Finish Mark                        93 us
[76.819s][info][gc,stats    ]   Update Region States               75 us
[76.819s][info][gc,stats    ]   Choose Collection Set              60 us
[76.819s][info][gc,stats    ]   Rebuild Free Set                   17 us
[76.819s][info][gc,stats    ] Concurrent Weak References           92 us, parallelism: 0.08x
[76.819s][info][gc,stats    ]   CWRF: <total>                       7 us
[76.819s][info][gc,stats    ]   CWRF: Weak References               7 us, workers (us):   7, ---, ---, 
[76.819s][info][gc,stats    ] Concurrent Weak Roots              3548 us
[76.819s][info][gc,stats    ]   Roots                            3379 us, parallelism: 0.99x
[76.819s][info][gc,stats    ]     CWR: <total>                   3331 us
[76.819s][info][gc,stats    ]     CWR: Code Cache Roots           758 us, workers (us): 758, ---, ---, 
[76.819s][info][gc,stats    ]     CWR: VM Weak Roots             2566 us, workers (us): 2566, ---, ---, 
[76.819s][info][gc,stats    ]     CWR: CLDG Roots                   7 us, workers (us):   7, ---, ---, 
[76.819s][info][gc,stats    ]   Rendezvous                        130 us
[76.819s][info][gc,stats    ] Concurrent Cleanup                   65 us
[76.819s][info][gc,stats    ] Concurrent Class Unloading         4024 us
[76.819s][info][gc,stats    ]   Unlink Stale                     3614 us
[76.819s][info][gc,stats    ]     System Dictionary                 8 us
[76.819s][info][gc,stats    ]     Weak Class Links                  0 us
[76.819s][info][gc,stats    ]     Code Roots                     3605 us
[76.819s][info][gc,stats    ]   Rendezvous                        117 us
[76.819s][info][gc,stats    ]   Purge Unlinked                    235 us
[76.819s][info][gc,stats    ]     Code Roots                      229 us
[76.819s][info][gc,stats    ]     CLDG                              6 us
[76.819s][info][gc,stats    ]     Exception Caches                  0 us
[76.819s][info][gc,stats    ] Pause Final Roots (G)               165 us
[76.819s][info][gc,stats    ] Pause Final Roots (N)                87 us
[76.819s][info][gc,stats    ] 
[76.819s][info][gc,stats    ] Allocation pacing accrued:
[76.819s][info][gc,stats    ]       0 of   176 ms (  0.0%): <total>
[76.819s][info][gc,stats    ]       0 of   176 ms (  0.0%): <average total>
[76.819s][info][gc,stats    ] 
[76.819s][info][gc,metaspace] Metaspace: 14226K(14528K)->14226K(14528K) NonClass: 12321K(12480K)->12321K(12480K) Class: 1905K(2048K)->1905K(2048K)
[76.819s][info][gc,ergo     ] Pacer for Idle. Initial: 41943K, Alloc Tax Rate: 1.0x
[77.292s][info][gc          ] Trigger: Learning 2 of 5. Free (1433M) is below initial threshold (1433M)
[77.292s][info][gc,ergo     ] Free: 1433M, Max: 1024K regular, 1433M humongous, Frag: 0% external, 0% internal; Reserve: 103M, Max: 1024K
[77.292s][info][gc,start    ] GC(186) Concurrent reset
[77.292s][info][gc,task     ] GC(186) Using 1 of 3 workers for concurrent reset
[77.292s][info][gc,ergo     ] GC(186) Pacer for Reset. Non-Taxable: 2048M
[77.293s][info][gc          ] GC(186) Concurrent reset 0.187ms
[77.293s][info][gc,start    ] GC(186) Pause Init Mark (unload classes)
[77.293s][info][gc,task     ] GC(186) Using 3 of 3 workers for init marking
[77.293s][info][gc,ergo     ] GC(186) Pacer for Mark. Expected Live: 4506K, Free: 1433M, Non-Taxable: 143M, Alloc Tax Rate: 0.0x
[77.293s][info][gc          ] GC(186) Pause Init Mark (unload classes) 0.071ms
[77.293s][info][gc,start    ] GC(186) Concurrent marking roots
[77.293s][info][gc,task     ] GC(186) Using 1 of 3 workers for concurrent marking roots
[77.293s][info][gc          ] GC(186) Concurrent marking roots 0.428ms
[77.293s][info][gc,start    ] GC(186) Concurrent marking (unload classes)
[77.293s][info][gc,task     ] GC(186) Using 1 of 3 workers for concurrent marking
[77.297s][info][gc          ] GC(186) Concurrent marking (unload classes) 3.884ms
[77.297s][info][gc,start    ] GC(186) Pause Final Mark (unload classes)
[77.297s][info][gc,task     ] GC(186) Using 3 of 3 workers for final marking
[77.297s][info][gc,ergo     ] GC(186) Collectable Garbage: 483M (95%), Immediate: 483M (95%), CSet: 0B (0%)
[77.297s][info][gc          ] GC(186) Pause Final Mark (unload classes) 0.143ms
[77.297s][info][gc,start    ] GC(186) Concurrent weak references
[77.297s][info][gc,task     ] GC(186) Using 1 of 3 workers for concurrent weak references
[77.297s][info][gc,ref      ] GC(186) Encountered references: Soft: 140, Weak: 729, Final: 0, Phantom: 64
[77.297s][info][gc,ref      ] GC(186) Discovered  references: Soft: 0, Weak: 147, Final: 0, Phantom: 37
[77.297s][info][gc,ref      ] GC(186) Enqueued    references: Soft: 0, Weak: 0, Final: 0, Phantom: 0
[77.297s][info][gc          ] GC(186) Concurrent weak references 0.089ms
[77.297s][info][gc,start    ] GC(186) Concurrent weak roots
[77.297s][info][gc,task     ] GC(186) Using 1 of 3 workers for concurrent weak root
[77.300s][info][gc          ] GC(186) Concurrent weak roots 2.110ms
[77.300s][info][gc,start    ] GC(186) Concurrent cleanup
[77.300s][info][gc          ] GC(186) Concurrent cleanup 522M->39M(2048M) 0.060ms
[77.300s][info][gc,ergo     ] GC(186) Free: 1904M, Max: 1024K regular, 1422M humongous, Frag: 26% external, 0% internal; Reserve: 103M, Max: 1024K
[77.300s][info][gc,start    ] GC(186) Concurrent class unloading
[77.300s][info][gc,task     ] GC(186) Using 1 of 3 workers for concurrent class unloading
[77.303s][info][gc          ] GC(186) Concurrent class unloading 3.172ms
[77.303s][info][gc,start    ] GC(186) Pause Final Roots
[77.303s][info][gc          ] GC(186) Pause Final Roots 0.012ms
[77.303s][info][gc,ergo     ] Free: 1903M, Max: 1024K regular, 1422M humongous, Frag: 26% external, 0% internal; Reserve: 103M, Max: 1024K
[77.303s][info][gc,stats    ] 
[77.303s][info][gc,stats    ] All times are wall-clock times, except per-root-class counters, that are sum over
[77.303s][info][gc,stats    ] all workers. Dividing the <total> over the root stage time estimates parallelism.
[77.303s][info][gc,stats    ] 
[77.303s][info][gc,stats    ] Concurrent Reset                    226 us
[77.303s][info][gc,stats    ] Pause Init Mark (G)                 165 us
[77.303s][info][gc,stats    ] Pause Init Mark (N)                  80 us
[77.303s][info][gc,stats    ]   Update Region States               25 us
[77.303s][info][gc,stats    ] Concurrent Mark Roots               442 us, parallelism: 0.84x
[77.303s][info][gc,stats    ]   CMR: <total>                      369 us
[77.303s][info][gc,stats    ]   CMR: Thread Roots                 321 us, workers (us): 321, ---, ---, 
[77.303s][info][gc,stats    ]   CMR: VM Strong Roots                5 us, workers (us):   5, ---, ---, 
[77.303s][info][gc,stats    ]   CMR: CLDG Roots                    43 us, workers (us):  43, ---, ---, 
[77.303s][info][gc,stats    ] Concurrent Marking                 3930 us
[77.303s][info][gc,stats    ] Pause Final Mark (G)                203 us
[77.303s][info][gc,stats    ] Pause Final Mark (N)                152 us
[77.303s][info][gc,stats    ]   Finish Mark                        35 us
[77.303s][info][gc,stats    ]   Update Region States               27 us
[77.303s][info][gc,stats    ]   Choose Collection Set              26 us
[77.303s][info][gc,stats    ]   Rebuild Free Set                    7 us
[77.303s][info][gc,stats    ] Concurrent Weak References           97 us, parallelism: 0.08x
[77.303s][info][gc,stats    ]   CWRF: <total>                       8 us
[77.303s][info][gc,stats    ]   CWRF: Weak References               8 us, workers (us):   8, ---, ---, 
[77.303s][info][gc,stats    ] Concurrent Weak Roots              2133 us
[77.303s][info][gc,stats    ]   Roots                            2053 us, parallelism: 0.99x
[77.303s][info][gc,stats    ]     CWR: <total>                   2027 us
[77.303s][info][gc,stats    ]     CWR: Code Cache Roots           666 us, workers (us): 666, ---, ---, 
[77.303s][info][gc,stats    ]     CWR: VM Weak Roots             1354 us, workers (us): 1354, ---, ---, 
[77.303s][info][gc,stats    ]     CWR: CLDG Roots                   8 us, workers (us):   8, ---, ---, 
[77.303s][info][gc,stats    ]   Rendezvous                         40 us
[77.303s][info][gc,stats    ] Concurrent Cleanup                   69 us
[77.303s][info][gc,stats    ] Concurrent Class Unloading         3214 us
[77.303s][info][gc,stats    ]   Unlink Stale                     2910 us
[77.303s][info][gc,stats    ]     System Dictionary                 7 us
[77.303s][info][gc,stats    ]     Weak Class Links                  0 us
[77.303s][info][gc,stats    ]     Code Roots                     2902 us
[77.303s][info][gc,stats    ]   Rendezvous                        114 us
[77.303s][info][gc,stats    ]   Purge Unlinked                    130 us
[77.303s][info][gc,stats    ]     Code Roots                      128 us
[77.303s][info][gc,stats    ]     CLDG                              2 us
[77.303s][info][gc,stats    ]     Exception Caches                  0 us
[77.303s][info][gc,stats    ] Pause Final Roots (G)                73 us
[77.303s][info][gc,stats    ] Pause Final Roots (N)                20 us
[77.303s][info][gc,stats    ] 
[77.303s][info][gc,stats    ] Allocation pacing accrued:
[77.303s][info][gc,stats    ]       0 of   484 ms (  0.0%): <total>
[77.303s][info][gc,stats    ]       0 of   484 ms (  0.0%): <average total>
[77.303s][info][gc,stats    ] 
[77.303s][info][gc,metaspace] Metaspace: 14226K(14528K)->14226K(14528K) NonClass: 12321K(12480K)->12321K(12480K) Class: 1905K(2048K)->1905K(2048K)
[77.303s][info][gc,ergo     ] Pacer for Idle. Initial: 41943K, Alloc Tax Rate: 1.0x
[77.754s][info][gc          ] Trigger: Learning 3 of 5. Free (1430M) is below initial threshold (1433M)
[77.754s][info][gc,ergo     ] Free: 1430M, Max: 1024K regular, 1422M humongous, Frag: 1% external, 0% internal; Reserve: 103M, Max: 1024K
[77.754s][info][gc,start    ] GC(187) Concurrent reset
[77.754s][info][gc,task     ] GC(187) Using 1 of 3 workers for concurrent reset
[77.754s][info][gc,ergo     ] GC(187) Pacer for Reset. Non-Taxable: 2048M
[77.755s][info][gc          ] GC(187) Concurrent reset 0.174ms
[77.755s][info][gc,start    ] GC(187) Pause Init Mark (unload classes)
[77.755s][info][gc,task     ] GC(187) Using 3 of 3 workers for init marking
[77.755s][info][gc,ergo     ] GC(187) Pacer for Mark. Expected Live: 4506K, Free: 1430M, Non-Taxable: 143M, Alloc Tax Rate: 0.0x
[77.755s][info][gc          ] GC(187) Pause Init Mark (unload classes) 0.087ms
[77.755s][info][gc,start    ] GC(187) Concurrent marking roots
[77.755s][info][gc,task     ] GC(187) Using 1 of 3 workers for concurrent marking roots
[77.755s][info][gc          ] GC(187) Concurrent marking roots 0.390ms
[77.755s][info][gc,start    ] GC(187) Concurrent marking (unload classes)
[77.755s][info][gc,task     ] GC(187) Using 1 of 3 workers for concurrent marking
[77.759s][info][gc          ] GC(187) Concurrent marking (unload classes) 3.975ms
[77.759s][info][gc,start    ] GC(187) Pause Final Mark (unload classes)
[77.759s][info][gc,task     ] GC(187) Using 3 of 3 workers for final marking
[77.759s][info][gc,ergo     ] GC(187) Collectable Garbage: 483M (94%), Immediate: 483M (94%), CSet: 0B (0%)
[77.759s][info][gc          ] GC(187) Pause Final Mark (unload classes) 0.145ms
[77.759s][info][gc,start    ] GC(187) Concurrent weak references
[77.759s][info][gc,task     ] GC(187) Using 1 of 3 workers for concurrent weak references
[77.759s][info][gc,ref      ] GC(187) Encountered references: Soft: 140, Weak: 729, Final: 0, Phantom: 64
[77.759s][info][gc,ref      ] GC(187) Discovered  references: Soft: 0, Weak: 147, Final: 0, Phantom: 37
[77.759s][info][gc,ref      ] GC(187) Enqueued    references: Soft: 0, Weak: 0, Final: 0, Phantom: 0
[77.759s][info][gc          ] GC(187) Concurrent weak references 0.059ms
[77.759s][info][gc,start    ] GC(187) Concurrent weak roots
[77.759s][info][gc,task     ] GC(187) Using 1 of 3 workers for concurrent weak root
[77.763s][info][gc          ] GC(187) Concurrent weak roots 3.213ms
[77.763s][info][gc,start    ] GC(187) Concurrent cleanup
[77.763s][info][gc          ] GC(187) Concurrent cleanup 526M->43M(2048M) 0.054ms
[77.763s][info][gc,ergo     ] GC(187) Free: 1901M, Max: 1024K regular, 1418M humongous, Frag: 26% external, 0% internal; Reserve: 103M, Max: 1024K
[77.763s][info][gc,start    ] GC(187) Concurrent class unloading
[77.763s][info][gc,task     ] GC(187) Using 1 of 3 workers for concurrent class unloading
[77.766s][info][gc          ] GC(187) Concurrent class unloading 3.234ms
[77.766s][info][gc,start    ] GC(187) Pause Final Roots
[77.766s][info][gc          ] GC(187) Pause Final Roots 0.040ms
[77.766s][info][gc,ergo     ] Free: 1900M, Max: 1024K regular, 1418M humongous, Frag: 26% external, 0% internal; Reserve: 103M, Max: 1024K
[77.766s][info][gc,stats    ] 
[77.766s][info][gc,stats    ] All times are wall-clock times, except per-root-class counters, that are sum over
[77.766s][info][gc,stats    ] all workers. Dividing the <total> over the root stage time estimates parallelism.
[77.766s][info][gc,stats    ] 
[77.766s][info][gc,stats    ] Concurrent Reset                    192 us
[77.766s][info][gc,stats    ] Pause Init Mark (G)                 210 us
[77.766s][info][gc,stats    ] Pause Init Mark (N)                  96 us
[77.766s][info][gc,stats    ]   Update Region States               24 us
[77.766s][info][gc,stats    ] Concurrent Mark Roots               404 us, parallelism: 0.86x
[77.766s][info][gc,stats    ]   CMR: <total>                      347 us
[77.766s][info][gc,stats    ]   CMR: Thread Roots                 308 us, workers (us): 308, ---, ---, 
[77.766s][info][gc,stats    ]   CMR: VM Strong Roots                4 us, workers (us):   4, ---, ---, 
[77.766s][info][gc,stats    ]   CMR: CLDG Roots                    34 us, workers (us):  34, ---, ---, 
[77.766s][info][gc,stats    ] Concurrent Marking                 4026 us
[77.766s][info][gc,stats    ] Pause Final Mark (G)                206 us
[77.766s][info][gc,stats    ] Pause Final Mark (N)                153 us
[77.766s][info][gc,stats    ]   Finish Mark                        36 us
[77.766s][info][gc,stats    ]   Update Region States               27 us
[77.766s][info][gc,stats    ]   Choose Collection Set              26 us
[77.766s][info][gc,stats    ]   Rebuild Free Set                    8 us
[77.766s][info][gc,stats    ] Concurrent Weak References           66 us, parallelism: 0.10x
[77.766s][info][gc,stats    ]   CWRF: <total>                       6 us
[77.766s][info][gc,stats    ]   CWRF: Weak References               6 us, workers (us):   6, ---, ---, 
[77.766s][info][gc,stats    ] Concurrent Weak Roots              3245 us
[77.766s][info][gc,stats    ]   Roots                            3150 us, parallelism: 0.99x
[77.766s][info][gc,stats    ]     CWR: <total>                   3122 us
[77.766s][info][gc,stats    ]     CWR: Code Cache Roots           664 us, workers (us): 664, ---, ---, 
[77.766s][info][gc,stats    ]     CWR: VM Weak Roots             2451 us, workers (us): 2451, ---, ---, 
[77.766s][info][gc,stats    ]     CWR: CLDG Roots                   7 us, workers (us):   7, ---, ---, 
[77.766s][info][gc,stats    ]   Rendezvous                         48 us
[77.766s][info][gc,stats    ] Concurrent Cleanup                   63 us
[77.766s][info][gc,stats    ] Concurrent Class Unloading         3281 us
[77.766s][info][gc,stats    ]   Unlink Stale                     3017 us
[77.766s][info][gc,stats    ]     System Dictionary                 8 us
[77.766s][info][gc,stats    ]     Weak Class Links                  0 us
[77.766s][info][gc,stats    ]     Code Roots                     3007 us
[77.766s][info][gc,stats    ]   Rendezvous                         56 us
[77.766s][info][gc,stats    ]   Purge Unlinked                    134 us
[77.766s][info][gc,stats    ]     Code Roots                      130 us
[77.766s][info][gc,stats    ]     CLDG                              3 us
[77.767s][info][gc,stats    ]     Exception Caches                  0 us
[77.767s][info][gc,stats    ] Pause Final Roots (G)                97 us
[77.767s][info][gc,stats    ] Pause Final Roots (N)                50 us
[77.767s][info][gc,stats    ] 
[77.767s][info][gc,stats    ] Allocation pacing accrued:
[77.767s][info][gc,stats    ]       0 of   463 ms (  0.0%): <total>
[77.767s][info][gc,stats    ]       0 of   463 ms (  0.0%): <average total>
[77.767s][info][gc,stats    ] 
[77.767s][info][gc,metaspace] Metaspace: 14226K(14528K)->14226K(14528K) NonClass: 12321K(12480K)->12321K(12480K) Class: 1905K(2048K)->1905K(2048K)
[77.767s][info][gc,ergo     ] Pacer for Idle. Initial: 41943K, Alloc Tax Rate: 1.0x
[78.213s][info][gc          ] Trigger: Learning 4 of 5. Free (1431M) is below initial threshold (1433M)
[78.213s][info][gc,ergo     ] Free: 1431M, Max: 1024K regular, 1418M humongous, Frag: 1% external, 0% internal; Reserve: 103M, Max: 1024K
[78.213s][info][gc,start    ] GC(188) Concurrent reset
[78.213s][info][gc,task     ] GC(188) Using 1 of 3 workers for concurrent reset
[78.213s][info][gc,ergo     ] GC(188) Pacer for Reset. Non-Taxable: 2048M
[78.213s][info][gc          ] GC(188) Concurrent reset 0.214ms
[78.213s][info][gc,start    ] GC(188) Pause Init Mark (unload classes)
[78.213s][info][gc,task     ] GC(188) Using 3 of 3 workers for init marking
[78.213s][info][gc,ergo     ] GC(188) Pacer for Mark. Expected Live: 4507K, Free: 1430M, Non-Taxable: 143M, Alloc Tax Rate: 0.0x
[78.213s][info][gc          ] GC(188) Pause Init Mark (unload classes) 0.089ms
[78.213s][info][gc,start    ] GC(188) Concurrent marking roots
[78.213s][info][gc,task     ] GC(188) Using 1 of 3 workers for concurrent marking roots
[78.214s][info][gc          ] GC(188) Concurrent marking roots 0.413ms
[78.214s][info][gc,start    ] GC(188) Concurrent marking (unload classes)
[78.214s][info][gc,task     ] GC(188) Using 1 of 3 workers for concurrent marking
[78.218s][info][gc          ] GC(188) Concurrent marking (unload classes) 3.958ms
[78.218s][info][gc,start    ] GC(188) Pause Final Mark (unload classes)
[78.218s][info][gc,task     ] GC(188) Using 3 of 3 workers for final marking
[78.218s][info][gc,ergo     ] GC(188) Collectable Garbage: 479M (94%), Immediate: 479M (94%), CSet: 0B (0%)
[78.218s][info][gc          ] GC(188) Pause Final Mark (unload classes) 0.128ms
[78.218s][info][gc,start    ] GC(188) Concurrent weak references
[78.218s][info][gc,task     ] GC(188) Using 1 of 3 workers for concurrent weak references
[78.218s][info][gc,ref      ] GC(188) Encountered references: Soft: 140, Weak: 729, Final: 0, Phantom: 64
[78.218s][info][gc,ref      ] GC(188) Discovered  references: Soft: 0, Weak: 147, Final: 0, Phantom: 37
[78.218s][info][gc,ref      ] GC(188) Enqueued    references: Soft: 0, Weak: 0, Final: 0, Phantom: 0
[78.218s][info][gc          ] GC(188) Concurrent weak references 0.090ms
[78.218s][info][gc,start    ] GC(188) Concurrent weak roots
[78.218s][info][gc,task     ] GC(188) Using 1 of 3 workers for concurrent weak root
[78.222s][info][gc          ] GC(188) Concurrent weak roots 3.734ms
[78.222s][info][gc,start    ] GC(188) Concurrent cleanup
[78.222s][info][gc          ] GC(188) Concurrent cleanup 526M->46M(2048M) 0.052ms
[78.222s][info][gc,ergo     ] GC(188) Free: 1898M, Max: 1024K regular, 1422M humongous, Frag: 26% external, 0% internal; Reserve: 103M, Max: 1024K
[78.222s][info][gc,start    ] GC(188) Concurrent class unloading
[78.222s][info][gc,task     ] GC(188) Using 1 of 3 workers for concurrent class unloading
[78.225s][info][gc          ] GC(188) Concurrent class unloading 3.240ms
[78.225s][info][gc,start    ] GC(188) Pause Final Roots
[78.225s][info][gc          ] GC(188) Pause Final Roots 0.039ms
[78.225s][info][gc,ergo     ] Free: 1896M, Max: 1024K regular, 1422M humongous, Frag: 25% external, 0% internal; Reserve: 103M, Max: 1024K
[78.225s][info][gc,stats    ] 
[78.225s][info][gc,stats    ] All times are wall-clock times, except per-root-class counters, that are sum over
[78.225s][info][gc,stats    ] all workers. Dividing the <total> over the root stage time estimates parallelism.
[78.225s][info][gc,stats    ] 
[78.225s][info][gc,stats    ] Concurrent Reset                    234 us
[78.225s][info][gc,stats    ] Pause Init Mark (G)                 209 us
[78.225s][info][gc,stats    ] Pause Init Mark (N)                  97 us
[78.225s][info][gc,stats    ]   Update Region States               24 us
[78.225s][info][gc,stats    ] Concurrent Mark Roots               426 us, parallelism: 0.86x
[78.225s][info][gc,stats    ]   CMR: <total>                      368 us
[78.225s][info][gc,stats    ]   CMR: Thread Roots                 321 us, workers (us): 321, ---, ---, 
[78.225s][info][gc,stats    ]   CMR: VM Strong Roots                6 us, workers (us):   6, ---, ---, 
[78.225s][info][gc,stats    ]   CMR: CLDG Roots                    41 us, workers (us):  41, ---, ---, 
[78.225s][info][gc,stats    ] Concurrent Marking                 4001 us
[78.225s][info][gc,stats    ] Pause Final Mark (G)                196 us
[78.225s][info][gc,stats    ] Pause Final Mark (N)                136 us
[78.225s][info][gc,stats    ]   Finish Mark                        35 us
[78.225s][info][gc,stats    ]   Update Region States               26 us
[78.225s][info][gc,stats    ]   Choose Collection Set              28 us
[78.225s][info][gc,stats    ]   Rebuild Free Set                    8 us
[78.225s][info][gc,stats    ] Concurrent Weak References           98 us, parallelism: 0.07x
[78.226s][info][gc,stats    ]   CWRF: <total>                       7 us
[78.226s][info][gc,stats    ]   CWRF: Weak References               7 us, workers (us):   7, ---, ---, 
[78.226s][info][gc,stats    ] Concurrent Weak Roots              3788 us
[78.226s][info][gc,stats    ]   Roots                            3667 us, parallelism: 0.99x
[78.226s][info][gc,stats    ]     CWR: <total>                   3641 us
[78.226s][info][gc,stats    ]     CWR: Code Cache Roots           678 us, workers (us): 678, ---, ---, 
[78.226s][info][gc,stats    ]     CWR: VM Weak Roots             2954 us, workers (us): 2954, ---, ---, 
[78.226s][info][gc,stats    ]     CWR: CLDG Roots                   9 us, workers (us):   9, ---, ---, 
[78.226s][info][gc,stats    ]   Rendezvous                         49 us
[78.226s][info][gc,stats    ] Concurrent Cleanup                   61 us
[78.226s][info][gc,stats    ] Concurrent Class Unloading         3289 us
[78.226s][info][gc,stats    ]   Unlink Stale                     3010 us
[78.226s][info][gc,stats    ]     System Dictionary                 7 us
[78.226s][info][gc,stats    ]     Weak Class Links                  0 us
[78.226s][info][gc,stats    ]     Code Roots                     3002 us
[78.226s][info][gc,stats    ]   Rendezvous                         51 us
[78.226s][info][gc,stats    ]   Purge Unlinked                    161 us
[78.226s][info][gc,stats    ]     Code Roots                      157 us
[78.226s][info][gc,stats    ]     CLDG                              4 us
[78.226s][info][gc,stats    ]     Exception Caches                  0 us
[78.226s][info][gc,stats    ] Pause Final Roots (G)               110 us
[78.226s][info][gc,stats    ] Pause Final Roots (N)                48 us
[78.226s][info][gc,stats    ] 
[78.226s][info][gc,stats    ] Allocation pacing accrued:
[78.226s][info][gc,stats    ]       0 of   459 ms (  0.0%): <total>
[78.226s][info][gc,stats    ]       0 of   459 ms (  0.0%): <average total>
[78.226s][info][gc,stats    ] 
[78.226s][info][gc,metaspace] Metaspace: 14226K(14528K)->14226K(14528K) NonClass: 12321K(12480K)->12321K(12480K) Class: 1905K(2048K)->1905K(2048K)
[78.226s][info][gc,ergo     ] Pacer for Idle. Initial: 41943K, Alloc Tax Rate: 1.0x
[78.666s][info][gc          ] Trigger: Learning 5 of 5. Free (1431M) is below initial threshold (1433M)
[78.666s][info][gc,ergo     ] Free: 1431M, Max: 1024K regular, 1422M humongous, Frag: 1% external, 0% internal; Reserve: 103M, Max: 1024K
[78.666s][info][gc,start    ] GC(189) Concurrent reset
[78.666s][info][gc,task     ] GC(189) Using 1 of 3 workers for concurrent reset
[78.666s][info][gc,ergo     ] GC(189) Pacer for Reset. Non-Taxable: 2048M
[78.666s][info][gc          ] GC(189) Concurrent reset 0.202ms
[78.666s][info][gc,start    ] GC(189) Pause Init Mark (unload classes)
[78.666s][info][gc,task     ] GC(189) Using 3 of 3 workers for init marking
[78.666s][info][gc,ergo     ] GC(189) Pacer for Mark. Expected Live: 4507K, Free: 1431M, Non-Taxable: 143M, Alloc Tax Rate: 0.0x
[78.666s][info][gc          ] GC(189) Pause Init Mark (unload classes) 0.103ms
[78.666s][info][gc,start    ] GC(189) Concurrent marking roots
[78.666s][info][gc,task     ] GC(189) Using 1 of 3 workers for concurrent marking roots
[78.667s][info][gc          ] GC(189) Concurrent marking roots 0.427ms
[78.667s][info][gc,start    ] GC(189) Concurrent marking (unload classes)
[78.667s][info][gc,task     ] GC(189) Using 1 of 3 workers for concurrent marking
[78.670s][info][gc          ] GC(189) Concurrent marking (unload classes) 3.911ms
[78.671s][info][gc,start    ] GC(189) Pause Final Mark (unload classes)
[78.671s][info][gc,task     ] GC(189) Using 3 of 3 workers for final marking
[78.671s][info][gc,ergo     ] GC(189) Collectable Garbage: 476M (93%), Immediate: 476M (93%), CSet: 0B (0%)
[78.671s][info][gc          ] GC(189) Pause Final Mark (unload classes) 0.146ms
[78.671s][info][gc,start    ] GC(189) Concurrent weak references
[78.671s][info][gc,task     ] GC(189) Using 1 of 3 workers for concurrent weak references
[78.671s][info][gc,ref      ] GC(189) Encountered references: Soft: 140, Weak: 729, Final: 0, Phantom: 64
[78.671s][info][gc,ref      ] GC(189) Discovered  references: Soft: 0, Weak: 147, Final: 0, Phantom: 37
[78.671s][info][gc,ref      ] GC(189) Enqueued    references: Soft: 0, Weak: 0, Final: 0, Phantom: 0
[78.671s][info][gc          ] GC(189) Concurrent weak references 0.061ms
[78.671s][info][gc,start    ] GC(189) Concurrent weak roots
[78.671s][info][gc,task     ] GC(189) Using 1 of 3 workers for concurrent weak root
[78.675s][info][gc          ] GC(189) Concurrent weak roots 4.418ms
[78.675s][info][gc,start    ] GC(189) Concurrent cleanup
[78.675s][info][gc          ] GC(189) Concurrent cleanup 526M->49M(2048M) 0.054ms
[78.675s][info][gc,ergo     ] GC(189) Free: 1895M, Max: 1024K regular, 1418M humongous, Frag: 26% external, 0% internal; Reserve: 103M, Max: 1024K
[78.675s][info][gc,start    ] GC(189) Concurrent class unloading
[78.675s][info][gc,task     ] GC(189) Using 1 of 3 workers for concurrent class unloading
[78.678s][info][gc          ] GC(189) Concurrent class unloading 3.093ms
[78.679s][info][gc,start    ] GC(189) Pause Final Roots
[78.679s][info][gc          ] GC(189) Pause Final Roots 0.024ms
[78.679s][info][gc,ergo     ] Free: 1894M, Max: 1024K regular, 1418M humongous, Frag: 26% external, 0% internal; Reserve: 103M, Max: 1024K
[78.679s][info][gc,stats    ] 
[78.679s][info][gc,stats    ] All times are wall-clock times, except per-root-class counters, that are sum over
[78.679s][info][gc,stats    ] all workers. Dividing the <total> over the root stage time estimates parallelism.
[78.679s][info][gc,stats    ] 
[78.679s][info][gc,stats    ] Concurrent Reset                    217 us
[78.679s][info][gc,stats    ] Pause Init Mark (G)                 196 us
[78.679s][info][gc,stats    ] Pause Init Mark (N)                 115 us
[78.679s][info][gc,stats    ]   Update Region States               31 us
[78.679s][info][gc,stats    ] Concurrent Mark Roots               440 us, parallelism: 0.85x
[78.679s][info][gc,stats    ]   CMR: <total>                      375 us
[78.679s][info][gc,stats    ]   CMR: Thread Roots                 323 us, workers (us): 323, ---, ---, 
[78.679s][info][gc,stats    ]   CMR: VM Strong Roots                5 us, workers (us):   5, ---, ---, 
[78.679s][info][gc,stats    ]   CMR: CLDG Roots                    47 us, workers (us):  47, ---, ---, 
[78.679s][info][gc,stats    ] Concurrent Marking                 3962 us
[78.679s][info][gc,stats    ] Pause Final Mark (G)                217 us
[78.679s][info][gc,stats    ] Pause Final Mark (N)                155 us
[78.679s][info][gc,stats    ]   Finish Mark                        38 us
[78.679s][info][gc,stats    ]   Update Region States               27 us
[78.679s][info][gc,stats    ]   Choose Collection Set              27 us
[78.679s][info][gc,stats    ]   Rebuild Free Set                    8 us
[78.679s][info][gc,stats    ] Concurrent Weak References           68 us, parallelism: 0.12x
[78.679s][info][gc,stats    ]   CWRF: <total>                       8 us
[78.679s][info][gc,stats    ]   CWRF: Weak References               8 us, workers (us):   8, ---, ---, 
[78.679s][info][gc,stats    ] Concurrent Weak Roots              4464 us
[78.679s][info][gc,stats    ]   Roots                            4351 us, parallelism: 0.99x
[78.679s][info][gc,stats    ]     CWR: <total>                   4320 us
[78.679s][info][gc,stats    ]     CWR: Code Cache Roots           719 us, workers (us): 719, ---, ---, 
[78.679s][info][gc,stats    ]     CWR: VM Weak Roots             3594 us, workers (us): 3594, ---, ---, 
[78.679s][info][gc,stats    ]     CWR: CLDG Roots                   7 us, workers (us):   7, ---, ---, 
[78.679s][info][gc,stats    ]   Rendezvous                         51 us
[78.679s][info][gc,stats    ] Concurrent Cleanup                   63 us
[78.679s][info][gc,stats    ] Concurrent Class Unloading         3140 us
[78.679s][info][gc,stats    ]   Unlink Stale                     2901 us
[78.679s][info][gc,stats    ]     System Dictionary                 8 us
[78.679s][info][gc,stats    ]     Weak Class Links                  0 us
[78.679s][info][gc,stats    ]     Code Roots                     2890 us
[78.679s][info][gc,stats    ]   Rendezvous                         45 us
[78.679s][info][gc,stats    ]   Purge Unlinked                    128 us
[78.679s][info][gc,stats    ]     Code Roots                      125 us
[78.679s][info][gc,stats    ]     CLDG                              3 us
[78.679s][info][gc,stats    ]     Exception Caches                  0 us
[78.679s][info][gc,stats    ] Pause Final Roots (G)                86 us
[78.679s][info][gc,stats    ] Pause Final Roots (N)                33 us
[78.679s][info][gc,stats    ] 
[78.679s][info][gc,stats    ] Allocation pacing accrued:
[78.679s][info][gc,stats    ]       0 of   453 ms (  0.0%): <total>
[78.679s][info][gc,stats    ]       0 of   453 ms (  0.0%): <average total>
[78.679s][info][gc,stats    ] 
[78.679s][info][gc,metaspace] Metaspace: 14226K(14528K)->14226K(14528K) NonClass: 12321K(12480K)->12321K(12480K) Class: 1905K(2048K)->1905K(2048K)
[78.679s][info][gc,ergo     ] Pacer for Idle. Initial: 41943K, Alloc Tax Rate: 1.0x
[79.028s][info][gc          ] Trigger: Explicit GC request (System.gc())
[79.028s][info][gc,ergo     ] Free: 1656M, Max: 1024K regular, 1418M humongous, Frag: 15% external, 0% internal; Reserve: 103M, Max: 1024K
[79.028s][info][gc,start    ] GC(190) Concurrent reset
[79.028s][info][gc,task     ] GC(190) Using 1 of 3 workers for concurrent reset
[79.028s][info][gc,ergo     ] GC(190) Pacer for Reset. Non-Taxable: 2048M
[79.029s][info][gc          ] GC(190) Concurrent reset 0.472ms
[79.029s][info][gc,start    ] GC(190) Pause Init Mark (unload classes)
[79.029s][info][gc,task     ] GC(190) Using 3 of 3 workers for init marking
[79.029s][info][gc,ref      ] GC(190) Clearing All SoftReferences
[79.029s][info][gc,ergo     ] GC(190) Pacer for Mark. Expected Live: 4520K, Free: 1656M, Non-Taxable: 165M, Alloc Tax Rate: 0.0x
[79.029s][info][gc          ] GC(190) Pause Init Mark (unload classes) 0.257ms
[79.029s][info][gc,start    ] GC(190) Concurrent marking roots
[79.029s][info][gc,task     ] GC(190) Using 1 of 3 workers for concurrent marking roots
[79.030s][info][gc          ] GC(190) Concurrent marking roots 0.478ms
[79.030s][info][gc,start    ] GC(190) Concurrent marking (unload classes)
[79.030s][info][gc,task     ] GC(190) Using 1 of 3 workers for concurrent marking
[79.034s][info][gc          ] GC(190) Concurrent marking (unload classes) 4.352ms
[79.034s][info][gc,start    ] GC(190) Pause Final Mark (unload classes)
[79.034s][info][gc,task     ] GC(190) Using 3 of 3 workers for final marking
[79.035s][info][gc,ergo     ] GC(190) Collectable Garbage: 271M (95%), Immediate: 271M (95%), CSet: 0B (0%)
[79.035s][info][gc          ] GC(190) Pause Final Mark (unload classes) 0.362ms
[79.035s][info][gc,start    ] GC(190) Concurrent weak references
[79.035s][info][gc,task     ] GC(190) Using 1 of 3 workers for concurrent weak references
[79.035s][info][gc,ref      ] GC(190) Encountered references: Soft: 140, Weak: 713, Final: 0, Phantom: 64
[79.035s][info][gc,ref      ] GC(190) Discovered  references: Soft: 88, Weak: 169, Final: 0, Phantom: 62
[79.035s][info][gc,ref      ] GC(190) Enqueued    references: Soft: 3, Weak: 0, Final: 0, Phantom: 0
[79.035s][info][gc          ] GC(190) Concurrent weak references 0.162ms
[79.035s][info][gc,start    ] GC(190) Concurrent weak roots
[79.035s][info][gc,task     ] GC(190) Using 1 of 3 workers for concurrent weak root
[79.039s][info][gc          ] GC(190) Concurrent weak roots 3.719ms
[79.039s][info][gc,start    ] GC(190) Concurrent cleanup
[79.039s][info][gc          ] GC(190) Concurrent cleanup 288M->16M(2048M) 0.067ms
[79.039s][info][gc,ergo     ] GC(190) Free: 1928M, Max: 1024K regular, 1664M humongous, Frag: 14% external, 0% internal; Reserve: 103M, Max: 1024K
[79.039s][info][gc,start    ] GC(190) Concurrent class unloading
[79.039s][info][gc,task     ] GC(190) Using 1 of 3 workers for concurrent class unloading
[79.042s][info][gc          ] GC(190) Concurrent class unloading 3.431ms
[79.042s][info][gc,start    ] GC(190) Pause Final Roots
[79.042s][info][gc          ] GC(190) Pause Final Roots 0.059ms
[79.043s][info][gc,ergo     ] Free: 1928M, Max: 1024K regular, 1664M humongous, Frag: 14% external, 0% internal; Reserve: 103M, Max: 1024K
[79.043s][info][gc,stats    ] 
[79.043s][info][gc,stats    ] All times are wall-clock times, except per-root-class counters, that are sum over
[79.043s][info][gc,stats    ] all workers. Dividing the <total> over the root stage time estimates parallelism.
[79.043s][info][gc,stats    ] 
[79.043s][info][gc,stats    ] Concurrent Reset                    528 us
[79.043s][info][gc,stats    ] Pause Init Mark (G)                 417 us
[79.043s][info][gc,stats    ] Pause Init Mark (N)                 274 us
[79.043s][info][gc,stats    ]   Update Region States              105 us
[79.043s][info][gc,stats    ] Concurrent Mark Roots               496 us, parallelism: 0.69x
[79.043s][info][gc,stats    ]   CMR: <total>                      344 us
[79.043s][info][gc,stats    ]   CMR: Thread Roots                 299 us, workers (us): 299, ---, ---, 
[79.043s][info][gc,stats    ]   CMR: VM Strong Roots                6 us, workers (us):   6, ---, ---, 
[79.043s][info][gc,stats    ]   CMR: CLDG Roots                    39 us, workers (us):  39, ---, ---, 
[79.043s][info][gc,stats    ] Concurrent Marking                 4420 us
[79.043s][info][gc,stats    ] Pause Final Mark (G)                503 us
[79.043s][info][gc,stats    ] Pause Final Mark (N)                387 us
[79.043s][info][gc,stats    ]   Finish Mark                       130 us
[79.043s][info][gc,stats    ]   Update Region States               75 us
[79.043s][info][gc,stats    ]   Choose Collection Set              61 us
[79.043s][info][gc,stats    ]   Rebuild Free Set                   17 us
[79.043s][info][gc,stats    ] Concurrent Weak References          178 us, parallelism: 0.07x
[79.043s][info][gc,stats    ]   CWRF: <total>                      12 us
[79.043s][info][gc,stats    ]   CWRF: Weak References              12 us, workers (us):  12, ---, ---, 
[79.043s][info][gc,stats    ] Concurrent Weak Roots              3786 us
[79.043s][info][gc,stats    ]   Roots                            3459 us, parallelism: 0.95x
[79.043s][info][gc,stats    ]     CWR: <total>                   3292 us
[79.043s][info][gc,stats    ]     CWR: Code Cache Roots           601 us, workers (us): 601, ---, ---, 
[79.043s][info][gc,stats    ]     CWR: VM Weak Roots             2682 us, workers (us): 2682, ---, ---, 
[79.043s][info][gc,stats    ]     CWR: CLDG Roots                   9 us, workers (us):   9, ---, ---, 
[79.043s][info][gc,stats    ]   Rendezvous                        224 us
[79.043s][info][gc,stats    ] Concurrent Cleanup                   85 us
[79.043s][info][gc,stats    ] Concurrent Class Unloading         3495 us
[79.043s][info][gc,stats    ]   Unlink Stale                     3050 us
[79.043s][info][gc,stats    ]     System Dictionary                 8 us
[79.043s][info][gc,stats    ]     Weak Class Links                  0 us
[79.043s][info][gc,stats    ]     Code Roots                     3040 us
[79.043s][info][gc,stats    ]   Rendezvous                        125 us
[79.043s][info][gc,stats    ]   Purge Unlinked                    219 us
[79.043s][info][gc,stats    ]     Code Roots                      208 us
[79.043s][info][gc,stats    ]     CLDG                             10 us
[79.043s][info][gc,stats    ]     Exception Caches                  0 us
[79.043s][info][gc,stats    ] Pause Final Roots (G)               178 us
[79.043s][info][gc,stats    ] Pause Final Roots (N)                78 us
[79.043s][info][gc,stats    ] 
[79.043s][info][gc,stats    ] Allocation pacing accrued:
[79.043s][info][gc,stats    ]       0 of   364 ms (  0.0%): <total>
[79.043s][info][gc,stats    ]       0 of   364 ms (  0.0%): <average total>
[79.043s][info][gc,stats    ] 
[79.043s][info][gc,metaspace] Metaspace: 14226K(14528K)->14227K(14528K) NonClass: 12321K(12480K)->12321K(12480K) Class: 1905K(2048K)->1905K(2048K)
[79.043s][info][gc,ergo     ] Pacer for Idle. Initial: 41943K, Alloc Tax Rate: 1.0x
[79.476s][info][gc          ] Trigger: Learning 2 of 5. Free (1433M) is below initial threshold (1433M)
[79.476s][info][gc,ergo     ] Free: 1433M, Max: 1024K regular, 1433M humongous, Frag: 0% external, 0% internal; Reserve: 103M, Max: 1024K
[79.476s][info][gc,start    ] GC(191) Concurrent reset
[79.476s][info][gc,task     ] GC(191) Using 1 of 3 workers for concurrent reset
[79.476s][info][gc,ergo     ] GC(191) Pacer for Reset. Non-Taxable: 2048M
[79.476s][info][gc          ] GC(191) Concurrent reset 0.133ms
[79.476s][info][gc,start    ] GC(191) Pause Init Mark (unload classes)
[79.476s][info][gc,task     ] GC(191) Using 3 of 3 workers for init marking
[79.476s][info][gc,ergo     ] GC(191) Pacer for Mark. Expected Live: 4520K, Free: 1433M, Non-Taxable: 143M, Alloc Tax Rate: 0.0x
[79.476s][info][gc          ] GC(191) Pause Init Mark (unload classes) 0.090ms
[79.476s][info][gc,start    ] GC(191) Concurrent marking roots
[79.476s][info][gc,task     ] GC(191) Using 1 of 3 workers for concurrent marking roots
[79.477s][info][gc          ] GC(191) Concurrent marking roots 0.432ms
[79.477s][info][gc,start    ] GC(191) Concurrent marking (unload classes)
[79.477s][info][gc,task     ] GC(191) Using 1 of 3 workers for concurrent marking
[79.481s][info][gc          ] GC(191) Concurrent marking (unload classes) 4.147ms
[79.481s][info][gc,start    ] GC(191) Pause Final Mark (unload classes)
[79.481s][info][gc,task     ] GC(191) Using 3 of 3 workers for final marking
[79.481s][info][gc,ergo     ] GC(191) Collectable Garbage: 482M (95%), Immediate: 482M (95%), CSet: 0B (0%)
[79.481s][info][gc          ] GC(191) Pause Final Mark (unload classes) 0.167ms
[79.481s][info][gc,start    ] GC(191) Concurrent weak references
[79.481s][info][gc,task     ] GC(191) Using 1 of 3 workers for concurrent weak references
[79.481s][info][gc,ref      ] GC(191) Encountered references: Soft: 140, Weak: 735, Final: 0, Phantom: 64
[79.481s][info][gc,ref      ] GC(191) Discovered  references: Soft: 0, Weak: 151, Final: 0, Phantom: 37
[79.481s][info][gc,ref      ] GC(191) Enqueued    references: Soft: 0, Weak: 2, Final: 0, Phantom: 0
[79.481s][info][gc          ] GC(191) Concurrent weak references 0.070ms
[79.481s][info][gc,start    ] GC(191) Concurrent weak roots
[79.481s][info][gc,task     ] GC(191) Using 1 of 3 workers for concurrent weak root
[79.487s][info][gc          ] GC(191) Concurrent weak roots 6.298ms
[79.487s][info][gc,start    ] GC(191) Concurrent cleanup
[79.487s][info][gc          ] GC(191) Concurrent cleanup 524M->42M(2048M) 0.049ms
[79.488s][info][gc,ergo     ] GC(191) Free: 1902M, Max: 1024K regular, 1420M humongous, Frag: 26% external, 0% internal; Reserve: 103M, Max: 1024K
[79.488s][info][gc,start    ] GC(191) Concurrent class unloading
[79.488s][info][gc,task     ] GC(191) Using 1 of 3 workers for concurrent class unloading
[79.491s][info][gc          ] GC(191) Concurrent class unloading 3.633ms
[79.491s][info][gc,start    ] GC(191) Pause Final Roots
[79.491s][info][gc          ] GC(191) Pause Final Roots 0.041ms
[79.491s][info][gc,ergo     ] Free: 1896M, Max: 1024K regular, 1420M humongous, Frag: 26% external, 0% internal; Reserve: 103M, Max: 1024K
[79.491s][info][gc,stats    ] 
[79.491s][info][gc,stats    ] All times are wall-clock times, except per-root-class counters, that are sum over
[79.491s][info][gc,stats    ] all workers. Dividing the <total> over the root stage time estimates parallelism.
[79.491s][info][gc,stats    ] 
[79.491s][info][gc,stats    ] Concurrent Reset                    145 us
[79.491s][info][gc,stats    ] Pause Init Mark (G)                 256 us
[79.491s][info][gc,stats    ] Pause Init Mark (N)                  98 us
[79.491s][info][gc,stats    ]   Update Region States               26 us
[79.491s][info][gc,stats    ] Concurrent Mark Roots               451 us, parallelism: 0.84x
[79.491s][info][gc,stats    ]   CMR: <total>                      381 us
[79.491s][info][gc,stats    ]   CMR: Thread Roots                 338 us, workers (us): 338, ---, ---, 
[79.491s][info][gc,stats    ]   CMR: VM Strong Roots                4 us, workers (us):   4, ---, ---, 
[79.491s][info][gc,stats    ]   CMR: CLDG Roots                    39 us, workers (us):  39, ---, ---, 
[79.491s][info][gc,stats    ] Concurrent Marking                 4201 us
[79.492s][info][gc,stats    ] Pause Final Mark (G)                253 us
[79.492s][info][gc,stats    ] Pause Final Mark (N)                177 us
[79.492s][info][gc,stats    ]   Finish Mark                        39 us
[79.492s][info][gc,stats    ]   Update Region States               30 us
[79.492s][info][gc,stats    ]   Choose Collection Set              55 us
[79.492s][info][gc,stats    ]   Rebuild Free Set                    8 us
[79.492s][info][gc,stats    ] Concurrent Weak References           78 us, parallelism: 0.12x
[79.492s][info][gc,stats    ]   CWRF: <total>                       9 us
[79.492s][info][gc,stats    ]   CWRF: Weak References               9 us, workers (us):   9, ---, ---, 
[79.492s][info][gc,stats    ] Concurrent Weak Roots              6354 us
[79.492s][info][gc,stats    ]   Roots                            6181 us, parallelism: 1.00x
[79.492s][info][gc,stats    ]     CWR: <total>                   6155 us
[79.492s][info][gc,stats    ]     CWR: Code Cache Roots           852 us, workers (us): 852, ---, ---, 
[79.492s][info][gc,stats    ]     CWR: VM Weak Roots             5294 us, workers (us): 5294, ---, ---, 
[79.492s][info][gc,stats    ]     CWR: CLDG Roots                   9 us, workers (us):   9, ---, ---, 
[79.492s][info][gc,stats    ]   Rendezvous                        100 us
[79.492s][info][gc,stats    ] Concurrent Cleanup                   58 us
[79.492s][info][gc,stats    ] Concurrent Class Unloading         3682 us
[79.492s][info][gc,stats    ]   Unlink Stale                     3294 us
[79.492s][info][gc,stats    ]     System Dictionary                 8 us
[79.492s][info][gc,stats    ]     Weak Class Links                  0 us
[79.492s][info][gc,stats    ]     Code Roots                     3284 us
[79.492s][info][gc,stats    ]   Rendezvous                        103 us
[79.492s][info][gc,stats    ]   Purge Unlinked                    213 us
[79.492s][info][gc,stats    ]     Code Roots                      209 us
[79.492s][info][gc,stats    ]     CLDG                              4 us
[79.492s][info][gc,stats    ]     Exception Caches                  0 us
[79.492s][info][gc,stats    ] Pause Final Roots (G)               120 us
[79.492s][info][gc,stats    ] Pause Final Roots (N)                50 us
[79.492s][info][gc,stats    ] 
[79.492s][info][gc,stats    ] Allocation pacing accrued:
[79.492s][info][gc,stats    ]       0 of   448 ms (  0.0%): <total>
[79.492s][info][gc,stats    ]       0 of   448 ms (  0.0%): <average total>
[79.492s][info][gc,stats    ] 
[79.492s][info][gc,metaspace] Metaspace: 14227K(14528K)->14227K(14528K) NonClass: 12321K(12480K)->12321K(12480K) Class: 1905K(2048K)->1905K(2048K)
[79.492s][info][gc,ergo     ] Pacer for Idle. Initial: 41943K, Alloc Tax Rate: 1.0x
[79.908s][info][gc          ] Trigger: Learning 3 of 5. Free (1433M) is below initial threshold (1433M)
[79.908s][info][gc,ergo     ] Free: 1433M, Max: 1024K regular, 1420M humongous, Frag: 1% external, 0% internal; Reserve: 103M, Max: 1024K
[79.908s][info][gc,start    ] GC(192) Concurrent reset
[79.908s][info][gc,task     ] GC(192) Using 1 of 3 workers for concurrent reset
[79.908s][info][gc,ergo     ] GC(192) Pacer for Reset. Non-Taxable: 2048M
[79.908s][info][gc          ] GC(192) Concurrent reset 0.206ms
[79.908s][info][gc,start    ] GC(192) Pause Init Mark (unload classes)
[79.908s][info][gc,task     ] GC(192) Using 3 of 3 workers for init marking
[79.908s][info][gc,ergo     ] GC(192) Pacer for Mark. Expected Live: 4519K, Free: 1433M, Non-Taxable: 143M, Alloc Tax Rate: 0.0x
[79.908s][info][gc          ] GC(192) Pause Init Mark (unload classes) 0.094ms
[79.908s][info][gc,start    ] GC(192) Concurrent marking roots
[79.908s][info][gc,task     ] GC(192) Using 1 of 3 workers for concurrent marking roots
[79.909s][info][gc          ] GC(192) Concurrent marking roots 0.414ms
[79.909s][info][gc,start    ] GC(192) Concurrent marking (unload classes)
[79.909s][info][gc,task     ] GC(192) Using 1 of 3 workers for concurrent marking
[79.913s][info][gc          ] GC(192) Concurrent marking (unload classes) 3.986ms
[79.913s][info][gc,start    ] GC(192) Pause Final Mark (unload classes)
[79.913s][info][gc,task     ] GC(192) Using 3 of 3 workers for final marking
[79.913s][info][gc,ergo     ] GC(192) Collectable Garbage: 480M (94%), Immediate: 480M (94%), CSet: 0B (0%)
[79.913s][info][gc          ] GC(192) Pause Final Mark (unload classes) 0.154ms
[79.913s][info][gc,start    ] GC(192) Concurrent weak references
[79.913s][info][gc,task     ] GC(192) Using 1 of 3 workers for concurrent weak references
[79.913s][info][gc,ref      ] GC(192) Encountered references: Soft: 140, Weak: 733, Final: 0, Phantom: 64
[79.913s][info][gc,ref      ] GC(192) Discovered  references: Soft: 0, Weak: 149, Final: 0, Phantom: 37
[79.913s][info][gc,ref      ] GC(192) Enqueued    references: Soft: 0, Weak: 0, Final: 0, Phantom: 0
[79.913s][info][gc          ] GC(192) Concurrent weak references 0.065ms
[79.913s][info][gc,start    ] GC(192) Concurrent weak roots
[79.913s][info][gc,task     ] GC(192) Using 1 of 3 workers for concurrent weak root
[79.916s][info][gc          ] GC(192) Concurrent weak roots 3.018ms
[79.916s][info][gc,start    ] GC(192) Concurrent cleanup
[79.916s][info][gc          ] GC(192) Concurrent cleanup 524M->44M(2048M) 0.053ms
[79.916s][info][gc,ergo     ] GC(192) Free: 1900M, Max: 1024K regular, 1420M humongous, Frag: 26% external, 0% internal; Reserve: 103M, Max: 1024K
[79.916s][info][gc,start    ] GC(192) Concurrent class unloading
[79.916s][info][gc,task     ] GC(192) Using 1 of 3 workers for concurrent class unloading
[79.920s][info][gc          ] GC(192) Concurrent class unloading 3.202ms
[79.920s][info][gc,start    ] GC(192) Pause Final Roots
[79.920s][info][gc          ] GC(192) Pause Final Roots 0.039ms
[79.920s][info][gc,ergo     ] Free: 1900M, Max: 1024K regular, 1420M humongous, Frag: 26% external, 0% internal; Reserve: 103M, Max: 1024K
[79.920s][info][gc,stats    ] 
[79.920s][info][gc,stats    ] All times are wall-clock times, except per-root-class counters, that are sum over
[79.920s][info][gc,stats    ] all workers. Dividing the <total> over the root stage time estimates parallelism.
[79.920s][info][gc,stats    ] 
[79.920s][info][gc,stats    ] Concurrent Reset                    221 us
[79.920s][info][gc,stats    ] Pause Init Mark (G)                 230 us
[79.920s][info][gc,stats    ] Pause Init Mark (N)                 103 us
[79.920s][info][gc,stats    ]   Update Region States               28 us
[79.920s][info][gc,stats    ] Concurrent Mark Roots               432 us, parallelism: 0.84x
[79.920s][info][gc,stats    ]   CMR: <total>                      364 us
[79.920s][info][gc,stats    ]   CMR: Thread Roots                 318 us, workers (us): 318, ---, ---, 
[79.920s][info][gc,stats    ]   CMR: VM Strong Roots                5 us, workers (us):   5, ---, ---, 
[79.920s][info][gc,stats    ]   CMR: CLDG Roots                    41 us, workers (us):  41, ---, ---, 
[79.920s][info][gc,stats    ] Concurrent Marking                 4040 us
[79.920s][info][gc,stats    ] Pause Final Mark (G)                227 us
[79.920s][info][gc,stats    ] Pause Final Mark (N)                163 us
[79.920s][info][gc,stats    ]   Finish Mark                        37 us
[79.920s][info][gc,stats    ]   Update Region States               31 us
[79.920s][info][gc,stats    ]   Choose Collection Set              28 us
[79.920s][info][gc,stats    ]   Rebuild Free Set                    7 us
[79.920s][info][gc,stats    ] Concurrent Weak References           73 us, parallelism: 0.09x
[79.920s][info][gc,stats    ]   CWRF: <total>                       7 us
[79.920s][info][gc,stats    ]   CWRF: Weak References               7 us, workers (us):   7, ---, ---, 
[79.920s][info][gc,stats    ] Concurrent Weak Roots              3046 us
[79.920s][info][gc,stats    ]   Roots                            2951 us, parallelism: 0.99x
[79.920s][info][gc,stats    ]     CWR: <total>                   2928 us
[79.920s][info][gc,stats    ]     CWR: Code Cache Roots           668 us, workers (us): 668, ---, ---, 
[79.920s][info][gc,stats    ]     CWR: VM Weak Roots             2252 us, workers (us): 2252, ---, ---, 
[79.920s][info][gc,stats    ]     CWR: CLDG Roots                   8 us, workers (us):   8, ---, ---, 
[79.920s][info][gc,stats    ]   Rendezvous                         51 us
[79.920s][info][gc,stats    ] Concurrent Cleanup                   61 us
[79.920s][info][gc,stats    ] Concurrent Class Unloading         3251 us
[79.920s][info][gc,stats    ]   Unlink Stale                     2957 us
[79.920s][info][gc,stats    ]     System Dictionary                 8 us
[79.920s][info][gc,stats    ]     Weak Class Links                  0 us
[79.920s][info][gc,stats    ]     Code Roots                     2948 us
[79.920s][info][gc,stats    ]   Rendezvous                         46 us
[79.920s][info][gc,stats    ]   Purge Unlinked                    181 us
[79.920s][info][gc,stats    ]     Code Roots                      178 us
[79.920s][info][gc,stats    ]     CLDG                              3 us
[79.920s][info][gc,stats    ]     Exception Caches                  0 us
[79.920s][info][gc,stats    ] Pause Final Roots (G)               116 us
[79.920s][info][gc,stats    ] Pause Final Roots (N)                48 us
[79.920s][info][gc,stats    ] 
[79.920s][info][gc,stats    ] Allocation pacing accrued:
[79.920s][info][gc,stats    ]       0 of   428 ms (  0.0%): <total>
[79.920s][info][gc,stats    ]       0 of   428 ms (  0.0%): <average total>
[79.920s][info][gc,stats    ] 
[79.920s][info][gc,metaspace] Metaspace: 14227K(14528K)->14227K(14528K) NonClass: 12321K(12480K)->12321K(12480K) Class: 1905K(2048K)->1905K(2048K)
[79.920s][info][gc,ergo     ] Pacer for Idle. Initial: 41943K, Alloc Tax Rate: 1.0x
[80.336s][info][gc          ] Trigger: Learning 4 of 5. Free (1427M) is below initial threshold (1433M)
[80.336s][info][gc,ergo     ] Free: 1427M, Max: 1024K regular, 1420M humongous, Frag: 1% external, 0% internal; Reserve: 103M, Max: 1024K
[80.336s][info][gc,start    ] GC(193) Concurrent reset
[80.336s][info][gc,task     ] GC(193) Using 1 of 3 workers for concurrent reset
[80.336s][info][gc,ergo     ] GC(193) Pacer for Reset. Non-Taxable: 2048M
[80.336s][info][gc          ] GC(193) Concurrent reset 0.313ms
[80.336s][info][gc,start    ] GC(193) Pause Init Mark (unload classes)
[80.337s][info][gc,task     ] GC(193) Using 3 of 3 workers for init marking
[80.337s][info][gc,ergo     ] GC(193) Pacer for Mark. Expected Live: 4519K, Free: 1427M, Non-Taxable: 142M, Alloc Tax Rate: 0.0x
[80.337s][info][gc          ] GC(193) Pause Init Mark (unload classes) 0.102ms
[80.337s][info][gc,start    ] GC(193) Concurrent marking roots
[80.337s][info][gc,task     ] GC(193) Using 1 of 3 workers for concurrent marking roots
[80.337s][info][gc          ] GC(193) Concurrent marking roots 0.440ms
[80.337s][info][gc,start    ] GC(193) Concurrent marking (unload classes)
[80.337s][info][gc,task     ] GC(193) Using 1 of 3 workers for concurrent marking
[80.341s][info][gc          ] GC(193) Concurrent marking (unload classes) 4.013ms
[80.341s][info][gc,start    ] GC(193) Pause Final Mark (unload classes)
[80.341s][info][gc,task     ] GC(193) Using 3 of 3 workers for final marking
[80.341s][info][gc,ergo     ] GC(193) Collectable Garbage: 483M (94%), Immediate: 483M (94%), CSet: 0B (0%)
[80.341s][info][gc          ] GC(193) Pause Final Mark (unload classes) 0.139ms
[80.341s][info][gc,start    ] GC(193) Concurrent weak references
[80.341s][info][gc,task     ] GC(193) Using 1 of 3 workers for concurrent weak references
[80.341s][info][gc,ref      ] GC(193) Encountered references: Soft: 140, Weak: 733, Final: 0, Phantom: 64
[80.341s][info][gc,ref      ] GC(193) Discovered  references: Soft: 0, Weak: 149, Final: 0, Phantom: 37
[80.341s][info][gc,ref      ] GC(193) Enqueued    references: Soft: 0, Weak: 0, Final: 0, Phantom: 0
[80.341s][info][gc          ] GC(193) Concurrent weak references 0.059ms
[80.341s][info][gc,start    ] GC(193) Concurrent weak roots
[80.341s][info][gc,task     ] GC(193) Using 1 of 3 workers for concurrent weak root
[80.345s][info][gc          ] GC(193) Concurrent weak roots 3.396ms
[80.345s][info][gc,start    ] GC(193) Concurrent cleanup
[80.345s][info][gc          ] GC(193) Concurrent cleanup 529M->46M(2048M) 0.052ms
[80.345s][info][gc,ergo     ] GC(193) Free: 1898M, Max: 1024K regular, 1415M humongous, Frag: 26% external, 0% internal; Reserve: 103M, Max: 1024K
[80.345s][info][gc,start    ] GC(193) Concurrent class unloading
[80.345s][info][gc,task     ] GC(193) Using 1 of 3 workers for concurrent class unloading
[80.348s][info][gc          ] GC(193) Concurrent class unloading 3.219ms
[80.348s][info][gc,start    ] GC(193) Pause Final Roots
[80.348s][info][gc          ] GC(193) Pause Final Roots 0.038ms
[80.348s][info][gc,ergo     ] Free: 1896M, Max: 1024K regular, 1415M humongous, Frag: 26% external, 0% internal; Reserve: 103M, Max: 1024K
[80.348s][info][gc,stats    ] 
[80.348s][info][gc,stats    ] All times are wall-clock times, except per-root-class counters, that are sum over
[80.348s][info][gc,stats    ] all workers. Dividing the <total> over the root stage time estimates parallelism.
[80.348s][info][gc,stats    ] 
[80.348s][info][gc,stats    ] Concurrent Reset                    331 us
[80.348s][info][gc,stats    ] Pause Init Mark (G)                 171 us
[80.348s][info][gc,stats    ] Pause Init Mark (N)                 110 us
[80.348s][info][gc,stats    ]   Update Region States               25 us
[80.348s][info][gc,stats    ] Concurrent Mark Roots               454 us, parallelism: 0.85x
[80.348s][info][gc,stats    ]   CMR: <total>                      387 us
[80.348s][info][gc,stats    ]   CMR: Thread Roots                 338 us, workers (us): 338, ---, ---, 
[80.348s][info][gc,stats    ]   CMR: VM Strong Roots                6 us, workers (us):   6, ---, ---, 
[80.348s][info][gc,stats    ]   CMR: CLDG Roots                    43 us, workers (us):  43, ---, ---, 
[80.348s][info][gc,stats    ] Concurrent Marking                 4061 us
[80.348s][info][gc,stats    ] Pause Final Mark (G)                198 us
[80.348s][info][gc,stats    ] Pause Final Mark (N)                147 us
[80.348s][info][gc,stats    ]   Finish Mark                        32 us
[80.348s][info][gc,stats    ]   Update Region States               28 us
[80.348s][info][gc,stats    ]   Choose Collection Set              28 us
[80.348s][info][gc,stats    ]   Rebuild Free Set                    8 us
[80.348s][info][gc,stats    ] Concurrent Weak References           66 us, parallelism: 0.10x
[80.348s][info][gc,stats    ]   CWRF: <total>                       6 us
[80.348s][info][gc,stats    ]   CWRF: Weak References               6 us, workers (us):   6, ---, ---, 
[80.349s][info][gc,stats    ] Concurrent Weak Roots              3427 us
[80.349s][info][gc,stats    ]   Roots                            3332 us, parallelism: 0.99x
[80.349s][info][gc,stats    ]     CWR: <total>                   3308 us
[80.349s][info][gc,stats    ]     CWR: Code Cache Roots           665 us, workers (us): 665, ---, ---, 
[80.349s][info][gc,stats    ]     CWR: VM Weak Roots             2633 us, workers (us): 2633, ---, ---, 
[80.349s][info][gc,stats    ]     CWR: CLDG Roots                  10 us, workers (us):  10, ---, ---, 
[80.349s][info][gc,stats    ]   Rendezvous                         48 us
[80.349s][info][gc,stats    ] Concurrent Cleanup                   62 us
[80.349s][info][gc,stats    ] Concurrent Class Unloading         3266 us
[80.349s][info][gc,stats    ]   Unlink Stale                     3023 us
[80.349s][info][gc,stats    ]     System Dictionary                 8 us
[80.349s][info][gc,stats    ]     Weak Class Links                  0 us
[80.349s][info][gc,stats    ]     Code Roots                     3014 us
[80.349s][info][gc,stats    ]   Rendezvous                         46 us
[80.349s][info][gc,stats    ]   Purge Unlinked                    130 us
[80.349s][info][gc,stats    ]     Code Roots                      128 us
[80.349s][info][gc,stats    ]     CLDG                              2 us
[80.349s][info][gc,stats    ]     Exception Caches                  0 us
[80.349s][info][gc,stats    ] Pause Final Roots (G)               112 us
[80.349s][info][gc,stats    ] Pause Final Roots (N)                47 us
[80.349s][info][gc,stats    ] 
[80.349s][info][gc,stats    ] Allocation pacing accrued:
[80.349s][info][gc,stats    ]       0 of   429 ms (  0.0%): <total>
[80.349s][info][gc,stats    ]       0 of   429 ms (  0.0%): <average total>
[80.349s][info][gc,stats    ] 
[80.349s][info][gc,metaspace] Metaspace: 14227K(14528K)->14227K(14528K) NonClass: 12321K(12480K)->12321K(12480K) Class: 1905K(2048K)->1905K(2048K)
[80.349s][info][gc,ergo     ] Pacer for Idle. Initial: 41943K, Alloc Tax Rate: 1.0x
[80.776s][info][gc          ] Trigger: Learning 5 of 5. Free (1431M) is below initial threshold (1433M)
[80.776s][info][gc,ergo     ] Free: 1431M, Max: 1024K regular, 1415M humongous, Frag: 2% external, 0% internal; Reserve: 103M, Max: 1024K
[80.776s][info][gc,start    ] GC(194) Concurrent reset
[80.776s][info][gc,task     ] GC(194) Using 1 of 3 workers for concurrent reset
[80.776s][info][gc,ergo     ] GC(194) Pacer for Reset. Non-Taxable: 2048M
[80.776s][info][gc          ] GC(194) Concurrent reset 0.246ms
[80.777s][info][gc,start    ] GC(194) Pause Init Mark (unload classes)
[80.777s][info][gc,task     ] GC(194) Using 3 of 3 workers for init marking
[80.777s][info][gc,ergo     ] GC(194) Pacer for Mark. Expected Live: 4519K, Free: 1431M, Non-Taxable: 143M, Alloc Tax Rate: 0.0x
[80.777s][info][gc          ] GC(194) Pause Init Mark (unload classes) 0.086ms
[80.777s][info][gc,start    ] GC(194) Concurrent marking roots
[80.777s][info][gc,task     ] GC(194) Using 1 of 3 workers for concurrent marking roots
[80.777s][info][gc          ] GC(194) Concurrent marking roots 0.408ms
[80.777s][info][gc,start    ] GC(194) Concurrent marking (unload classes)
[80.777s][info][gc,task     ] GC(194) Using 1 of 3 workers for concurrent marking
[80.781s][info][gc          ] GC(194) Concurrent marking (unload classes) 4.010ms
[80.781s][info][gc,start    ] GC(194) Pause Final Mark (unload classes)
[80.781s][info][gc,task     ] GC(194) Using 3 of 3 workers for final marking
[80.781s][info][gc,ergo     ] GC(194) Collectable Garbage: 477M (93%), Immediate: 477M (93%), CSet: 0B (0%)
[80.781s][info][gc          ] GC(194) Pause Final Mark (unload classes) 0.130ms
[80.781s][info][gc,start    ] GC(194) Concurrent weak references
[80.781s][info][gc,task     ] GC(194) Using 1 of 3 workers for concurrent weak references
[80.781s][info][gc,ref      ] GC(194) Encountered references: Soft: 140, Weak: 731, Final: 0, Phantom: 64
[80.781s][info][gc,ref      ] GC(194) Discovered  references: Soft: 0, Weak: 149, Final: 0, Phantom: 37
[80.781s][info][gc,ref      ] GC(194) Enqueued    references: Soft: 0, Weak: 0, Final: 0, Phantom: 0
[80.781s][info][gc          ] GC(194) Concurrent weak references 0.094ms
[80.781s][info][gc,start    ] GC(194) Concurrent weak roots
[80.781s][info][gc,task     ] GC(194) Using 1 of 3 workers for concurrent weak root
[80.785s][info][gc          ] GC(194) Concurrent weak roots 3.651ms
[80.785s][info][gc,start    ] GC(194) Concurrent cleanup
[80.785s][info][gc          ] GC(194) Concurrent cleanup 524M->46M(2048M) 0.052ms
[80.785s][info][gc,ergo     ] GC(194) Free: 1898M, Max: 1024K regular, 1420M humongous, Frag: 26% external, 0% internal; Reserve: 103M, Max: 1024K
[80.785s][info][gc,start    ] GC(194) Concurrent class unloading
[80.785s][info][gc,task     ] GC(194) Using 1 of 3 workers for concurrent class unloading
[80.788s][info][gc          ] GC(194) Concurrent class unloading 3.184ms
[80.788s][info][gc,start    ] GC(194) Pause Final Roots
[80.788s][info][gc          ] GC(194) Pause Final Roots 0.038ms
[80.789s][info][gc,ergo     ] Free: 1895M, Max: 1024K regular, 1420M humongous, Frag: 26% external, 0% internal; Reserve: 103M, Max: 1024K
[80.789s][info][gc,stats    ] 
[80.789s][info][gc,stats    ] All times are wall-clock times, except per-root-class counters, that are sum over
[80.789s][info][gc,stats    ] all workers. Dividing the <total> over the root stage time estimates parallelism.
[80.789s][info][gc,stats    ] 
[80.789s][info][gc,stats    ] Concurrent Reset                    266 us
[80.789s][info][gc,stats    ] Pause Init Mark (G)                 174 us
[80.789s][info][gc,stats    ] Pause Init Mark (N)                  95 us
[80.789s][info][gc,stats    ]   Update Region States               22 us
[80.789s][info][gc,stats    ] Concurrent Mark Roots               422 us, parallelism: 0.84x
[80.789s][info][gc,stats    ]   CMR: <total>                      355 us
[80.789s][info][gc,stats    ]   CMR: Thread Roots                 312 us, workers (us): 312, ---, ---, 
[80.789s][info][gc,stats    ]   CMR: VM Strong Roots                5 us, workers (us):   5, ---, ---, 
[80.789s][info][gc,stats    ]   CMR: CLDG Roots                    38 us, workers (us):  38, ---, ---, 
[80.789s][info][gc,stats    ] Concurrent Marking                 4054 us
[80.789s][info][gc,stats    ] Pause Final Mark (G)                190 us
[80.789s][info][gc,stats    ] Pause Final Mark (N)                141 us
[80.789s][info][gc,stats    ]   Finish Mark                        34 us
[80.789s][info][gc,stats    ]   Update Region States               28 us
[80.789s][info][gc,stats    ]   Choose Collection Set              31 us
[80.789s][info][gc,stats    ]   Rebuild Free Set                    8 us
[80.789s][info][gc,stats    ] Concurrent Weak References          102 us, parallelism: 0.07x
[80.789s][info][gc,stats    ]   CWRF: <total>                       7 us
[80.789s][info][gc,stats    ]   CWRF: Weak References               7 us, workers (us):   7, ---, ---, 
[80.789s][info][gc,stats    ] Concurrent Weak Roots              3687 us
[80.789s][info][gc,stats    ]   Roots                            3590 us, parallelism: 0.99x
[80.789s][info][gc,stats    ]     CWR: <total>                   3561 us
[80.789s][info][gc,stats    ]     CWR: Code Cache Roots           650 us, workers (us): 650, ---, ---, 
[80.789s][info][gc,stats    ]     CWR: VM Weak Roots             2903 us, workers (us): 2903, ---, ---, 
[80.789s][info][gc,stats    ]     CWR: CLDG Roots                   8 us, workers (us):   8, ---, ---, 
[80.789s][info][gc,stats    ]   Rendezvous                         45 us
[80.789s][info][gc,stats    ] Concurrent Cleanup                   60 us
[80.789s][info][gc,stats    ] Concurrent Class Unloading         3228 us
[80.789s][info][gc,stats    ]   Unlink Stale                     2946 us
[80.789s][info][gc,stats    ]     System Dictionary                 7 us
[80.789s][info][gc,stats    ]     Weak Class Links                  0 us
[80.789s][info][gc,stats    ]     Code Roots                     2937 us
[80.789s][info][gc,stats    ]   Rendezvous                         51 us
[80.789s][info][gc,stats    ]   Purge Unlinked                    170 us
[80.789s][info][gc,stats    ]     Code Roots                      166 us
[80.789s][info][gc,stats    ]     CLDG                              4 us
[80.789s][info][gc,stats    ]     Exception Caches                  0 us
[80.789s][info][gc,stats    ] Pause Final Roots (G)                95 us
[80.789s][info][gc,stats    ] Pause Final Roots (N)                47 us
[80.789s][info][gc,stats    ] 
[80.789s][info][gc,stats    ] Allocation pacing accrued:
[80.789s][info][gc,stats    ]       0 of   440 ms (  0.0%): <total>
[80.789s][info][gc,stats    ]       0 of   440 ms (  0.0%): <average total>
[80.789s][info][gc,stats    ] 
[80.789s][info][gc,metaspace] Metaspace: 14227K(14528K)->14227K(14528K) NonClass: 12321K(12480K)->12321K(12480K) Class: 1905K(2048K)->1905K(2048K)
[80.789s][info][gc,ergo     ] Pacer for Idle. Initial: 41943K, Alloc Tax Rate: 1.0x
[80.957s][info][gc          ] Trigger: Explicit GC request (System.gc())
[80.957s][info][gc,ergo     ] Free: 1777M, Max: 1024K regular, 1420M humongous, Frag: 21% external, 0% internal; Reserve: 103M, Max: 1024K
[80.957s][info][gc,start    ] GC(195) Concurrent reset
[80.957s][info][gc,task     ] GC(195) Using 1 of 3 workers for concurrent reset
[80.957s][info][gc,ergo     ] GC(195) Pacer for Reset. Non-Taxable: 2048M
[80.957s][info][gc          ] GC(195) Concurrent reset 0.377ms
[80.957s][info][gc,start    ] GC(195) Pause Init Mark (unload classes)
[80.957s][info][gc,task     ] GC(195) Using 3 of 3 workers for init marking
[80.957s][info][gc,ref      ] GC(195) Clearing All SoftReferences
[80.957s][info][gc,ergo     ] GC(195) Pacer for Mark. Expected Live: 4512K, Free: 1777M, Non-Taxable: 177M, Alloc Tax Rate: 0.0x
[80.957s][info][gc          ] GC(195) Pause Init Mark (unload classes) 0.136ms
[80.957s][info][gc,start    ] GC(195) Concurrent marking roots
[80.957s][info][gc,task     ] GC(195) Using 1 of 3 workers for concurrent marking roots
[80.958s][info][gc          ] GC(195) Concurrent marking roots 0.406ms
[80.958s][info][gc,start    ] GC(195) Concurrent marking (unload classes)
[80.958s][info][gc,task     ] GC(195) Using 1 of 3 workers for concurrent marking
[80.962s][info][gc          ] GC(195) Concurrent marking (unload classes) 4.313ms
[80.962s][info][gc,start    ] GC(195) Pause Final Mark (unload classes)
[80.962s][info][gc,task     ] GC(195) Using 3 of 3 workers for final marking
[80.963s][info][gc,ergo     ] GC(195) Adaptive CSet Selection. Target Free: 290M, Actual Free: 2027M, Max CSet: 87381K, Min Garbage: 0B
[80.963s][info][gc,ergo     ] GC(195) Collectable Garbage: 162M (99%), Immediate: 147M (90%), CSet: 15356K (9%)
[80.963s][info][gc,ergo     ] GC(195) Pacer for Evacuation. Used CSet: 15360K, Free: 1925M, Non-Taxable: 192M, Alloc Tax Rate: 1.1x
[80.963s][info][gc          ] GC(195) Pause Final Mark (unload classes) 0.363ms
[80.963s][info][gc,start    ] GC(195) Concurrent thread roots
[80.963s][info][gc,task     ] GC(195) Using 1 of 3 workers for Concurrent thread roots
[80.963s][info][gc          ] GC(195) Concurrent thread roots 0.546ms
[80.963s][info][gc,start    ] GC(195) Concurrent weak references
[80.963s][info][gc,task     ] GC(195) Using 1 of 3 workers for concurrent weak references
[80.963s][info][gc,ref      ] GC(195) Encountered references: Soft: 140, Weak: 717, Final: 0, Phantom: 64
[80.963s][info][gc,ref      ] GC(195) Discovered  references: Soft: 88, Weak: 171, Final: 0, Phantom: 62
[80.963s][info][gc,ref      ] GC(195) Enqueued    references: Soft: 3, Weak: 0, Final: 0, Phantom: 0
[80.963s][info][gc          ] GC(195) Concurrent weak references 0.075ms
[80.963s][info][gc,start    ] GC(195) Concurrent weak roots
[80.963s][info][gc,task     ] GC(195) Using 1 of 3 workers for concurrent weak root
[80.966s][info][gc          ] GC(195) Concurrent weak roots 2.772ms
[80.966s][info][gc,start    ] GC(195) Concurrent cleanup
[80.966s][info][gc          ] GC(195) Concurrent cleanup 167M->19M(2048M) 0.052ms
[80.966s][info][gc,ergo     ] GC(195) Free: 1925M, Max: 1024K regular, 1664M humongous, Frag: 14% external, 0% internal; Reserve: 102M, Max: 1024K
[80.966s][info][gc,start    ] GC(195) Concurrent class unloading
[80.966s][info][gc,task     ] GC(195) Using 1 of 3 workers for concurrent class unloading
[80.970s][info][gc          ] GC(195) Concurrent class unloading 3.781ms
[80.970s][info][gc,start    ] GC(195) Concurrent strong roots
[80.970s][info][gc,task     ] GC(195) Using 1 of 3 workers for concurrent strong root
[80.970s][info][gc          ] GC(195) Concurrent strong roots 0.132ms
[80.970s][info][gc,start    ] GC(195) Concurrent evacuation
[80.970s][info][gc,task     ] GC(195) Using 1 of 3 workers for concurrent evacuation
[80.970s][info][gc          ] GC(195) Concurrent evacuation 0.143ms
[80.971s][info][gc,start    ] GC(195) Pause Init Update Refs
[80.971s][info][gc,ergo     ] GC(195) Pacer for Update Refs. Used: 19973K, Free: 1925M, Non-Taxable: 192M, Alloc Tax Rate: 1.1x
[80.971s][info][gc          ] GC(195) Pause Init Update Refs 0.080ms
[80.971s][info][gc,start    ] GC(195) Concurrent update references
[80.971s][info][gc,task     ] GC(195) Using 1 of 3 workers for concurrent reference update
[80.973s][info][gc          ] GC(195) Concurrent update references 1.920ms
[80.973s][info][gc,start    ] GC(195) Concurrent update thread roots
[80.973s][info][gc          ] GC(195) Concurrent update thread roots 0.358ms
[80.973s][info][gc,start    ] GC(195) Pause Final Update Refs
[80.973s][info][gc,task     ] GC(195) Using 3 of 3 workers for final reference update
[80.973s][info][gc          ] GC(195) Pause Final Update Refs 0.191ms
[80.973s][info][gc,start    ] GC(195) Concurrent cleanup
[80.973s][info][gc          ] GC(195) Concurrent cleanup 19M->4M(2048M) 0.029ms
[80.973s][info][gc,ergo     ] Free: 1940M, Max: 1024K regular, 1939M humongous, Frag: 0% external, 0% internal; Reserve: 103M, Max: 1024K
[80.973s][info][gc,stats    ] 
[80.973s][info][gc,stats    ] All times are wall-clock times, except per-root-class counters, that are sum over
[80.973s][info][gc,stats    ] all workers. Dividing the <total> over the root stage time estimates parallelism.
[80.973s][info][gc,stats    ] 
[80.973s][info][gc,stats    ] Concurrent Reset                    401 us
[80.973s][info][gc,stats    ] Pause Init Mark (G)                 220 us
[80.974s][info][gc,stats    ] Pause Init Mark (N)                 145 us
[80.974s][info][gc,stats    ]   Update Region States               34 us
[80.974s][info][gc,stats    ] Concurrent Mark Roots               423 us, parallelism: 0.78x
[80.974s][info][gc,stats    ]   CMR: <total>                      332 us
[80.974s][info][gc,stats    ]   CMR: Thread Roots                 289 us, workers (us): 289, ---, ---, 
[80.974s][info][gc,stats    ]   CMR: VM Strong Roots                5 us, workers (us):   5, ---, ---, 
[80.974s][info][gc,stats    ]   CMR: CLDG Roots                    38 us, workers (us):  38, ---, ---, 
[80.974s][info][gc,stats    ] Concurrent Marking                 4378 us
[80.974s][info][gc,stats    ] Pause Final Mark (G)                512 us
[80.974s][info][gc,stats    ] Pause Final Mark (N)                385 us
[80.974s][info][gc,stats    ]   Finish Mark                        79 us
[80.974s][info][gc,stats    ]   Update Region States               48 us
[80.974s][info][gc,stats    ]   Choose Collection Set              83 us
[80.974s][info][gc,stats    ]   Rebuild Free Set                   26 us
[80.974s][info][gc,stats    ] Concurrent Thread Roots             564 us, parallelism: 0.79x
[80.974s][info][gc,stats    ]   CTR: <total>                      444 us
[80.974s][info][gc,stats    ]   CTR: Thread Roots                 444 us, workers (us): 444, ---, ---, 
[80.974s][info][gc,stats    ] Concurrent Weak References           87 us, parallelism: 0.12x
[80.974s][info][gc,stats    ]   CWRF: <total>                      11 us
[80.974s][info][gc,stats    ]   CWRF: Weak References              11 us, workers (us):  11, ---, ---, 
[80.974s][info][gc,stats    ] Concurrent Weak Roots              2841 us
[80.974s][info][gc,stats    ]   Roots                            2621 us, parallelism: 0.97x
[80.974s][info][gc,stats    ]     CWR: <total>                   2540 us
[80.974s][info][gc,stats    ]     CWR: Code Cache Roots           601 us, workers (us): 601, ---, ---, 
[80.974s][info][gc,stats    ]     CWR: VM Weak Roots             1932 us, workers (us): 1932, ---, ---, 
[80.974s][info][gc,stats    ]     CWR: CLDG Roots                   7 us, workers (us):   7, ---, ---, 
[80.974s][info][gc,stats    ]   Rendezvous                        131 us
[80.974s][info][gc,stats    ] Concurrent Cleanup                   70 us
[80.974s][info][gc,stats    ] Concurrent Class Unloading         3825 us
[80.974s][info][gc,stats    ]   Unlink Stale                     3333 us
[80.974s][info][gc,stats    ]     System Dictionary                 8 us
[80.974s][info][gc,stats    ]     Weak Class Links                  0 us
[80.974s][info][gc,stats    ]     Code Roots                     3323 us
[80.974s][info][gc,stats    ]   Rendezvous                        152 us
[80.974s][info][gc,stats    ]   Purge Unlinked                    260 us
[80.974s][info][gc,stats    ]     Code Roots                      247 us
[80.974s][info][gc,stats    ]     CLDG                             12 us
[80.974s][info][gc,stats    ]     Exception Caches                  0 us
[80.974s][info][gc,stats    ] Concurrent Strong Roots             169 us, parallelism: 0.19x
[80.974s][info][gc,stats    ]   CSR: <total>                       32 us
[80.974s][info][gc,stats    ]   CSR: VM Strong Roots                3 us, workers (us):   3, ---, ---, 
[80.974s][info][gc,stats    ]   CSR: CLDG Roots                    30 us, workers (us):  30, ---, ---, 
[80.974s][info][gc,stats    ] Concurrent Evacuation               180 us
[80.974s][info][gc,stats    ] Pause Init Update Refs (G)          201 us
[80.974s][info][gc,stats    ] Pause Init Update Refs (N)           97 us
[80.974s][info][gc,stats    ]   Manage GCLABs                       2 us
[80.974s][info][gc,stats    ] Concurrent Update Refs             1976 us
[80.974s][info][gc,stats    ] Concurrent Update Thread Roots      395 us
[80.974s][info][gc,stats    ] Pause Final Update Refs (G)         291 us
[80.974s][info][gc,stats    ] Pause Final Update Refs (N)         228 us
[80.974s][info][gc,stats    ]   Update Region States               97 us
[80.974s][info][gc,stats    ]   Trash Collection Set                5 us
[80.974s][info][gc,stats    ]   Rebuild Free Set                   25 us
[80.974s][info][gc,stats    ] Concurrent Cleanup                   39 us
[80.974s][info][gc,stats    ] 
[80.974s][info][gc,stats    ] Allocation pacing accrued:
[80.974s][info][gc,stats    ]       0 of   185 ms (  0.0%): <total>
[80.974s][info][gc,stats    ]       0 of   185 ms (  0.0%): <average total>
[80.974s][info][gc,stats    ] 
[80.974s][info][gc,metaspace] Metaspace: 14227K(14528K)->14227K(14528K) NonClass: 12321K(12480K)->12321K(12480K) Class: 1905K(2048K)->1905K(2048K)
[80.974s][info][gc,ergo     ] Pacer for Idle. Initial: 41943K, Alloc Tax Rate: 1.0x
[81.416s][info][gc          ] Trigger: Learning 2 of 5. Free (1433M) is below initial threshold (1433M)
[81.416s][info][gc,ergo     ] Free: 1433M, Max: 1024K regular, 1432M humongous, Frag: 0% external, 0% internal; Reserve: 103M, Max: 1024K
[81.416s][info][gc,start    ] GC(196) Concurrent reset
[81.416s][info][gc,task     ] GC(196) Using 1 of 3 workers for concurrent reset
[81.416s][info][gc,ergo     ] GC(196) Pacer for Reset. Non-Taxable: 2048M
[81.416s][info][gc          ] GC(196) Concurrent reset 0.175ms
[81.416s][info][gc,start    ] GC(196) Pause Init Mark (unload classes)
[81.416s][info][gc,task     ] GC(196) Using 3 of 3 workers for init marking
[81.416s][info][gc,ergo     ] GC(196) Pacer for Mark. Expected Live: 4513K, Free: 1433M, Non-Taxable: 143M, Alloc Tax Rate: 0.0x
[81.416s][info][gc          ] GC(196) Pause Init Mark (unload classes) 0.091ms
[81.417s][info][gc,start    ] GC(196) Concurrent marking roots
[81.417s][info][gc,task     ] GC(196) Using 1 of 3 workers for concurrent marking roots
[81.417s][info][gc          ] GC(196) Concurrent marking roots 0.425ms
[81.417s][info][gc,start    ] GC(196) Concurrent marking (unload classes)
[81.417s][info][gc,task     ] GC(196) Using 1 of 3 workers for concurrent marking
[81.421s][info][gc          ] GC(196) Concurrent marking (unload classes) 3.975ms
[81.421s][info][gc,start    ] GC(196) Pause Final Mark (unload classes)
[81.421s][info][gc,task     ] GC(196) Using 3 of 3 workers for final marking
[81.421s][info][gc,ergo     ] GC(196) Collectable Garbage: 492M (97%), Immediate: 492M (97%), CSet: 0B (0%)
[81.421s][info][gc          ] GC(196) Pause Final Mark (unload classes) 0.145ms
[81.421s][info][gc,start    ] GC(196) Concurrent weak references
[81.421s][info][gc,task     ] GC(196) Using 1 of 3 workers for concurrent weak references
[81.421s][info][gc,ref      ] GC(196) Encountered references: Soft: 140, Weak: 729, Final: 0, Phantom: 64
[81.421s][info][gc,ref      ] GC(196) Discovered  references: Soft: 0, Weak: 147, Final: 0, Phantom: 37
[81.421s][info][gc,ref      ] GC(196) Enqueued    references: Soft: 0, Weak: 0, Final: 0, Phantom: 0
[81.421s][info][gc          ] GC(196) Concurrent weak references 0.064ms
[81.421s][info][gc,start    ] GC(196) Concurrent weak roots
[81.421s][info][gc,task     ] GC(196) Using 1 of 3 workers for concurrent weak root
[81.426s][info][gc          ] GC(196) Concurrent weak roots 4.619ms
[81.426s][info][gc,start    ] GC(196) Concurrent cleanup
[81.426s][info][gc          ] GC(196) Concurrent cleanup 524M->32M(2048M) 0.059ms
[81.426s][info][gc,ergo     ] GC(196) Free: 1912M, Max: 1024K regular, 1419M humongous, Frag: 26% external, 0% internal; Reserve: 103M, Max: 1024K
[81.426s][info][gc,start    ] GC(196) Concurrent class unloading
[81.426s][info][gc,task     ] GC(196) Using 1 of 3 workers for concurrent class unloading
[81.429s][info][gc          ] GC(196) Concurrent class unloading 3.181ms
[81.429s][info][gc,start    ] GC(196) Pause Final Roots
[81.429s][info][gc          ] GC(196) Pause Final Roots 0.040ms
[81.429s][info][gc,ergo     ] Free: 1906M, Max: 1024K regular, 1419M humongous, Frag: 26% external, 0% internal; Reserve: 103M, Max: 1024K
[81.429s][info][gc,stats    ] 
[81.429s][info][gc,stats    ] All times are wall-clock times, except per-root-class counters, that are sum over
[81.429s][info][gc,stats    ] all workers. Dividing the <total> over the root stage time estimates parallelism.
[81.429s][info][gc,stats    ] 
[81.429s][info][gc,stats    ] Concurrent Reset                    189 us
[81.429s][info][gc,stats    ] Pause Init Mark (G)                 159 us
[81.429s][info][gc,stats    ] Pause Init Mark (N)                  99 us
[81.429s][info][gc,stats    ]   Update Region States               25 us
[81.429s][info][gc,stats    ] Concurrent Mark Roots               440 us, parallelism: 0.83x
[81.429s][info][gc,stats    ]   CMR: <total>                      364 us
[81.429s][info][gc,stats    ]   CMR: Thread Roots                 317 us, workers (us): 317, ---, ---, 
[81.430s][info][gc,stats    ]   CMR: VM Strong Roots                5 us, workers (us):   5, ---, ---, 
[81.430s][info][gc,stats    ]   CMR: CLDG Roots                    42 us, workers (us):  42, ---, ---, 
[81.430s][info][gc,stats    ] Concurrent Marking                 4028 us
[81.430s][info][gc,stats    ] Pause Final Mark (G)                237 us
[81.430s][info][gc,stats    ] Pause Final Mark (N)                153 us
[81.430s][info][gc,stats    ]   Finish Mark                        36 us
[81.430s][info][gc,stats    ]   Update Region States               27 us
[81.430s][info][gc,stats    ]   Choose Collection Set              27 us
[81.430s][info][gc,stats    ]   Rebuild Free Set                    8 us
[81.430s][info][gc,stats    ] Concurrent Weak References           72 us, parallelism: 0.09x
[81.430s][info][gc,stats    ]   CWRF: <total>                       6 us
[81.430s][info][gc,stats    ]   CWRF: Weak References               6 us, workers (us):   6, ---, ---, 
[81.430s][info][gc,stats    ] Concurrent Weak Roots              4661 us
[81.430s][info][gc,stats    ]   Roots                            4497 us, parallelism: 0.99x
[81.430s][info][gc,stats    ]     CWR: <total>                   4470 us
[81.430s][info][gc,stats    ]     CWR: Code Cache Roots           693 us, workers (us): 693, ---, ---, 
[81.430s][info][gc,stats    ]     CWR: VM Weak Roots             3769 us, workers (us): 3769, ---, ---, 
[81.430s][info][gc,stats    ]     CWR: CLDG Roots                   7 us, workers (us):   7, ---, ---, 
[81.430s][info][gc,stats    ]   Rendezvous                        106 us
[81.430s][info][gc,stats    ] Concurrent Cleanup                   67 us
[81.430s][info][gc,stats    ] Concurrent Class Unloading         3228 us
[81.430s][info][gc,stats    ]   Unlink Stale                     2987 us
[81.430s][info][gc,stats    ]     System Dictionary                 8 us
[81.430s][info][gc,stats    ]     Weak Class Links                  0 us
[81.430s][info][gc,stats    ]     Code Roots                     2977 us
[81.430s][info][gc,stats    ]   Rendezvous                         43 us
[81.430s][info][gc,stats    ]   Purge Unlinked                    133 us
[81.430s][info][gc,stats    ]     Code Roots                      130 us
[81.430s][info][gc,stats    ]     CLDG                              3 us
[81.430s][info][gc,stats    ]     Exception Caches                  0 us
[81.430s][info][gc,stats    ] Pause Final Roots (G)               102 us
[81.430s][info][gc,stats    ] Pause Final Roots (N)                49 us
[81.430s][info][gc,stats    ] 
[81.430s][info][gc,stats    ] Allocation pacing accrued:
[81.430s][info][gc,stats    ]       0 of   456 ms (  0.0%): <total>
[81.430s][info][gc,stats    ]       0 of   456 ms (  0.0%): <average total>
[81.430s][info][gc,stats    ] 
[81.430s][info][gc,metaspace] Metaspace: 14227K(14528K)->14227K(14528K) NonClass: 12321K(12480K)->12321K(12480K) Class: 1905K(2048K)->1905K(2048K)
[81.430s][info][gc,ergo     ] Pacer for Idle. Initial: 41943K, Alloc Tax Rate: 1.0x
[81.851s][info][gc          ] Trigger: Learning 3 of 5. Free (1432M) is below initial threshold (1433M)
[81.851s][info][gc,ergo     ] Free: 1432M, Max: 1024K regular, 1419M humongous, Frag: 1% external, 0% internal; Reserve: 103M, Max: 1024K
[81.851s][info][gc,start    ] GC(197) Concurrent reset
[81.851s][info][gc,task     ] GC(197) Using 1 of 3 workers for concurrent reset
[81.851s][info][gc,ergo     ] GC(197) Pacer for Reset. Non-Taxable: 2048M
[81.851s][info][gc          ] GC(197) Concurrent reset 0.170ms
[81.851s][info][gc,start    ] GC(197) Pause Init Mark (unload classes)
[81.851s][info][gc,task     ] GC(197) Using 3 of 3 workers for init marking
[81.851s][info][gc,ergo     ] GC(197) Pacer for Mark. Expected Live: 4513K, Free: 1431M, Non-Taxable: 143M, Alloc Tax Rate: 0.0x
[81.851s][info][gc          ] GC(197) Pause Init Mark (unload classes) 0.097ms
[81.851s][info][gc,start    ] GC(197) Concurrent marking roots
[81.851s][info][gc,task     ] GC(197) Using 1 of 3 workers for concurrent marking roots
[81.852s][info][gc          ] GC(197) Concurrent marking roots 0.416ms
[81.852s][info][gc,start    ] GC(197) Concurrent marking (unload classes)
[81.852s][info][gc,task     ] GC(197) Using 1 of 3 workers for concurrent marking
[81.855s][info][gc          ] GC(197) Concurrent marking (unload classes) 3.893ms
[81.855s][info][gc,start    ] GC(197) Pause Final Mark (unload classes)
[81.856s][info][gc,task     ] GC(197) Using 3 of 3 workers for final marking
[81.856s][info][gc,ergo     ] GC(197) Collectable Garbage: 492M (96%), Immediate: 492M (96%), CSet: 0B (0%)
[81.856s][info][gc          ] GC(197) Pause Final Mark (unload classes) 0.135ms
[81.856s][info][gc,start    ] GC(197) Concurrent weak references
[81.856s][info][gc,task     ] GC(197) Using 1 of 3 workers for concurrent weak references
[81.856s][info][gc,ref      ] GC(197) Encountered references: Soft: 140, Weak: 729, Final: 0, Phantom: 64
[81.856s][info][gc,ref      ] GC(197) Discovered  references: Soft: 0, Weak: 147, Final: 0, Phantom: 37
[81.856s][info][gc,ref      ] GC(197) Enqueued    references: Soft: 0, Weak: 0, Final: 0, Phantom: 0
[81.856s][info][gc          ] GC(197) Concurrent weak references 0.086ms
[81.856s][info][gc,start    ] GC(197) Concurrent weak roots
[81.856s][info][gc,task     ] GC(197) Using 1 of 3 workers for concurrent weak root
[81.861s][info][gc          ] GC(197) Concurrent weak roots 5.088ms
[81.861s][info][gc,start    ] GC(197) Concurrent cleanup
[81.861s][info][gc          ] GC(197) Concurrent cleanup 526M->34M(2048M) 0.067ms
[81.861s][info][gc,ergo     ] GC(197) Free: 1910M, Max: 1024K regular, 1417M humongous, Frag: 26% external, 0% internal; Reserve: 103M, Max: 1024K
[81.861s][info][gc,start    ] GC(197) Concurrent class unloading
[81.861s][info][gc,task     ] GC(197) Using 1 of 3 workers for concurrent class unloading
[81.864s][info][gc          ] GC(197) Concurrent class unloading 3.256ms
[81.864s][info][gc,start    ] GC(197) Pause Final Roots
[81.864s][info][gc          ] GC(197) Pause Final Roots 0.040ms
[81.864s][info][gc,ergo     ] Free: 1904M, Max: 1024K regular, 1417M humongous, Frag: 26% external, 0% internal; Reserve: 103M, Max: 1024K
[81.864s][info][gc,stats    ] 
[81.864s][info][gc,stats    ] All times are wall-clock times, except per-root-class counters, that are sum over
[81.864s][info][gc,stats    ] all workers. Dividing the <total> over the root stage time estimates parallelism.
[81.864s][info][gc,stats    ] 
[81.864s][info][gc,stats    ] Concurrent Reset                    188 us
[81.865s][info][gc,stats    ] Pause Init Mark (G)                 219 us
[81.865s][info][gc,stats    ] Pause Init Mark (N)                 106 us
[81.865s][info][gc,stats    ]   Update Region States               22 us
[81.865s][info][gc,stats    ] Concurrent Mark Roots               432 us, parallelism: 0.84x
[81.865s][info][gc,stats    ]   CMR: <total>                      362 us
[81.865s][info][gc,stats    ]   CMR: Thread Roots                 317 us, workers (us): 317, ---, ---, 
[81.865s][info][gc,stats    ]   CMR: VM Strong Roots                5 us, workers (us):   5, ---, ---, 
[81.865s][info][gc,stats    ]   CMR: CLDG Roots                    40 us, workers (us):  40, ---, ---, 
[81.865s][info][gc,stats    ] Concurrent Marking                 3942 us
[81.865s][info][gc,stats    ] Pause Final Mark (G)                194 us
[81.865s][info][gc,stats    ] Pause Final Mark (N)                143 us
[81.865s][info][gc,stats    ]   Finish Mark                        35 us
[81.865s][info][gc,stats    ]   Update Region States               27 us
[81.865s][info][gc,stats    ]   Choose Collection Set              27 us
[81.865s][info][gc,stats    ]   Rebuild Free Set                    7 us
[81.865s][info][gc,stats    ] Concurrent Weak References           94 us, parallelism: 0.07x
[81.865s][info][gc,stats    ]   CWRF: <total>                       6 us
[81.865s][info][gc,stats    ]   CWRF: Weak References               6 us, workers (us):   6, ---, ---, 
[81.865s][info][gc,stats    ] Concurrent Weak Roots              5141 us
[81.865s][info][gc,stats    ]   Roots                            5016 us, parallelism: 1.00x
[81.865s][info][gc,stats    ]     CWR: <total>                   4995 us
[81.865s][info][gc,stats    ]     CWR: Code Cache Roots           649 us, workers (us): 649, ---, ---, 
[81.865s][info][gc,stats    ]     CWR: VM Weak Roots             4339 us, workers (us): 4339, ---, ---, 
[81.865s][info][gc,stats    ]     CWR: CLDG Roots                   7 us, workers (us):   7, ---, ---, 
[81.865s][info][gc,stats    ]   Rendezvous                         55 us
[81.865s][info][gc,stats    ] Concurrent Cleanup                   76 us
[81.865s][info][gc,stats    ] Concurrent Class Unloading         3304 us
[81.865s][info][gc,stats    ]   Unlink Stale                     3030 us
[81.865s][info][gc,stats    ]     System Dictionary                10 us
[81.865s][info][gc,stats    ]     Weak Class Links                  0 us
[81.865s][info][gc,stats    ]     Code Roots                     3018 us
[81.865s][info][gc,stats    ]   Rendezvous                         49 us
[81.865s][info][gc,stats    ]   Purge Unlinked                    158 us
[81.865s][info][gc,stats    ]     Code Roots                      153 us
[81.865s][info][gc,stats    ]     CLDG                              5 us
[81.865s][info][gc,stats    ]     Exception Caches                  0 us
[81.865s][info][gc,stats    ] Pause Final Roots (G)               112 us
[81.865s][info][gc,stats    ] Pause Final Roots (N)                48 us
[81.865s][info][gc,stats    ] 
[81.865s][info][gc,stats    ] Allocation pacing accrued:
[81.865s][info][gc,stats    ]       0 of   435 ms (  0.0%): <total>
[81.865s][info][gc,stats    ]       0 of   435 ms (  0.0%): <average total>
[81.865s][info][gc,stats    ] 
[81.865s][info][gc,metaspace] Metaspace: 14227K(14528K)->14227K(14528K) NonClass: 12321K(12480K)->12321K(12480K) Class: 1905K(2048K)->1905K(2048K)
[81.865s][info][gc,ergo     ] Pacer for Idle. Initial: 41943K, Alloc Tax Rate: 1.0x
[82.288s][info][gc          ] Trigger: Learning 4 of 5. Free (1430M) is below initial threshold (1433M)
[82.288s][info][gc,ergo     ] Free: 1430M, Max: 1024K regular, 1417M humongous, Frag: 1% external, 0% internal; Reserve: 103M, Max: 1024K
[82.288s][info][gc,start    ] GC(198) Concurrent reset
[82.288s][info][gc,task     ] GC(198) Using 1 of 3 workers for concurrent reset
[82.288s][info][gc,ergo     ] GC(198) Pacer for Reset. Non-Taxable: 2048M
[82.288s][info][gc          ] GC(198) Concurrent reset 0.232ms
[82.288s][info][gc,start    ] GC(198) Pause Init Mark (unload classes)
[82.288s][info][gc,task     ] GC(198) Using 3 of 3 workers for init marking
[82.288s][info][gc,ergo     ] GC(198) Pacer for Mark. Expected Live: 4513K, Free: 1430M, Non-Taxable: 143M, Alloc Tax Rate: 0.0x
[82.288s][info][gc          ] GC(198) Pause Init Mark (unload classes) 0.099ms
[82.288s][info][gc,start    ] GC(198) Concurrent marking roots
[82.288s][info][gc,task     ] GC(198) Using 1 of 3 workers for concurrent marking roots
[82.289s][info][gc          ] GC(198) Concurrent marking roots 0.431ms
[82.289s][info][gc,start    ] GC(198) Concurrent marking (unload classes)
[82.289s][info][gc,task     ] GC(198) Using 1 of 3 workers for concurrent marking
[82.293s][info][gc          ] GC(198) Concurrent marking (unload classes) 3.976ms
[82.293s][info][gc,start    ] GC(198) Pause Final Mark (unload classes)
[82.293s][info][gc,task     ] GC(198) Using 3 of 3 workers for final marking
[82.293s][info][gc,ergo     ] GC(198) Collectable Garbage: 491M (96%), Immediate: 491M (96%), CSet: 0B (0%)
[82.293s][info][gc          ] GC(198) Pause Final Mark (unload classes) 0.145ms
[82.293s][info][gc,start    ] GC(198) Concurrent weak references
[82.293s][info][gc,task     ] GC(198) Using 1 of 3 workers for concurrent weak references
[82.293s][info][gc,ref      ] GC(198) Encountered references: Soft: 140, Weak: 729, Final: 0, Phantom: 64
[82.293s][info][gc,ref      ] GC(198) Discovered  references: Soft: 0, Weak: 147, Final: 0, Phantom: 37
[82.293s][info][gc,ref      ] GC(198) Enqueued    references: Soft: 0, Weak: 0, Final: 0, Phantom: 0
[82.293s][info][gc          ] GC(198) Concurrent weak references 0.081ms
[82.293s][info][gc,start    ] GC(198) Concurrent weak roots
[82.293s][info][gc,task     ] GC(198) Using 1 of 3 workers for concurrent weak root
[82.296s][info][gc          ] GC(198) Concurrent weak roots 2.912ms
[82.296s][info][gc,start    ] GC(198) Concurrent cleanup
[82.296s][info][gc          ] GC(198) Concurrent cleanup 526M->35M(2048M) 0.055ms
[82.296s][info][gc,ergo     ] GC(198) Free: 1909M, Max: 1024K regular, 1417M humongous, Frag: 26% external, 0% internal; Reserve: 103M, Max: 1024K
[82.296s][info][gc,start    ] GC(198) Concurrent class unloading
[82.296s][info][gc,task     ] GC(198) Using 1 of 3 workers for concurrent class unloading
[82.299s][info][gc          ] GC(198) Concurrent class unloading 3.187ms
[82.299s][info][gc,start    ] GC(198) Pause Final Roots
[82.299s][info][gc          ] GC(198) Pause Final Roots 0.012ms
[82.299s][info][gc,ergo     ] Free: 1908M, Max: 1024K regular, 1417M humongous, Frag: 26% external, 0% internal; Reserve: 103M, Max: 1024K
[82.299s][info][gc,stats    ] 
[82.299s][info][gc,stats    ] All times are wall-clock times, except per-root-class counters, that are sum over
[82.299s][info][gc,stats    ] all workers. Dividing the <total> over the root stage time estimates parallelism.
[82.299s][info][gc,stats    ] 
[82.300s][info][gc,stats    ] Concurrent Reset                    248 us
[82.300s][info][gc,stats    ] Pause Init Mark (G)                 184 us
[82.300s][info][gc,stats    ] Pause Init Mark (N)                 108 us
[82.300s][info][gc,stats    ]   Update Region States               24 us
[82.300s][info][gc,stats    ] Concurrent Mark Roots               445 us, parallelism: 0.82x
[82.300s][info][gc,stats    ]   CMR: <total>                      366 us
[82.300s][info][gc,stats    ]   CMR: Thread Roots                 319 us, workers (us): 319, ---, ---, 
[82.300s][info][gc,stats    ]   CMR: VM Strong Roots                6 us, workers (us):   6, ---, ---, 
[82.300s][info][gc,stats    ]   CMR: CLDG Roots                    41 us, workers (us):  41, ---, ---, 
[82.300s][info][gc,stats    ] Concurrent Marking                 4020 us
[82.300s][info][gc,stats    ] Pause Final Mark (G)                217 us
[82.300s][info][gc,stats    ] Pause Final Mark (N)                153 us
[82.300s][info][gc,stats    ]   Finish Mark                        36 us
[82.300s][info][gc,stats    ]   Update Region States               27 us
[82.300s][info][gc,stats    ]   Choose Collection Set              26 us
[82.300s][info][gc,stats    ]   Rebuild Free Set                    7 us
[82.300s][info][gc,stats    ] Concurrent Weak References           89 us, parallelism: 0.10x
[82.300s][info][gc,stats    ]   CWRF: <total>                       9 us
[82.300s][info][gc,stats    ]   CWRF: Weak References               9 us, workers (us):   9, ---, ---, 
[82.300s][info][gc,stats    ] Concurrent Weak Roots              2944 us
[82.300s][info][gc,stats    ]   Roots                            2841 us, parallelism: 0.99x
[82.300s][info][gc,stats    ]     CWR: <total>                   2818 us
[82.300s][info][gc,stats    ]     CWR: Code Cache Roots           700 us, workers (us): 700, ---, ---, 
[82.300s][info][gc,stats    ]     CWR: VM Weak Roots             2110 us, workers (us): 2110, ---, ---, 
[82.300s][info][gc,stats    ]     CWR: CLDG Roots                   7 us, workers (us):   7, ---, ---, 
[82.300s][info][gc,stats    ]   Rendezvous                         55 us
[82.300s][info][gc,stats    ] Concurrent Cleanup                   63 us
[82.300s][info][gc,stats    ] Concurrent Class Unloading         3230 us
[82.300s][info][gc,stats    ]   Unlink Stale                     2991 us
[82.300s][info][gc,stats    ]     System Dictionary                 8 us
[82.300s][info][gc,stats    ]     Weak Class Links                  0 us
[82.300s][info][gc,stats    ]     Code Roots                     2981 us
[82.300s][info][gc,stats    ]   Rendezvous                         47 us
[82.300s][info][gc,stats    ]   Purge Unlinked                    132 us
[82.300s][info][gc,stats    ]     Code Roots                      130 us
[82.300s][info][gc,stats    ]     CLDG                              2 us
[82.300s][info][gc,stats    ]     Exception Caches                  0 us
[82.300s][info][gc,stats    ] Pause Final Roots (G)                92 us
[82.300s][info][gc,stats    ] Pause Final Roots (N)                20 us
[82.300s][info][gc,stats    ] 
[82.300s][info][gc,stats    ] Allocation pacing accrued:
[82.300s][info][gc,stats    ]       0 of   435 ms (  0.0%): <total>
[82.300s][info][gc,stats    ]       0 of   435 ms (  0.0%): <average total>
[82.300s][info][gc,stats    ] 
[82.300s][info][gc,metaspace] Metaspace: 14227K(14528K)->14227K(14528K) NonClass: 12321K(12480K)->12321K(12480K) Class: 1905K(2048K)->1905K(2048K)
[82.300s][info][gc,ergo     ] Pacer for Idle. Initial: 41943K, Alloc Tax Rate: 1.0x
[82.724s][info][gc          ] Trigger: Learning 5 of 5. Free (1433M) is below initial threshold (1433M)
[82.724s][info][gc,ergo     ] Free: 1433M, Max: 1024K regular, 1417M humongous, Frag: 2% external, 0% internal; Reserve: 103M, Max: 1024K
[82.724s][info][gc,start    ] GC(199) Concurrent reset
[82.724s][info][gc,task     ] GC(199) Using 1 of 3 workers for concurrent reset
[82.725s][info][gc,ergo     ] GC(199) Pacer for Reset. Non-Taxable: 2048M
[82.725s][info][gc          ] GC(199) Concurrent reset 0.190ms
[82.725s][info][gc,start    ] GC(199) Pause Init Mark (unload classes)
[82.725s][info][gc,task     ] GC(199) Using 3 of 3 workers for init marking
[82.725s][info][gc,ergo     ] GC(199) Pacer for Mark. Expected Live: 4513K, Free: 1433M, Non-Taxable: 143M, Alloc Tax Rate: 0.0x
[82.725s][info][gc          ] GC(199) Pause Init Mark (unload classes) 0.067ms
[82.725s][info][gc,start    ] GC(199) Concurrent marking roots
[82.725s][info][gc,task     ] GC(199) Using 1 of 3 workers for concurrent marking roots
[82.725s][info][gc          ] GC(199) Concurrent marking roots 0.408ms
[82.725s][info][gc,start    ] GC(199) Concurrent marking (unload classes)
[82.725s][info][gc,task     ] GC(199) Using 1 of 3 workers for concurrent marking
[82.729s][info][gc          ] GC(199) Concurrent marking (unload classes) 3.928ms
[82.729s][info][gc,start    ] GC(199) Pause Final Mark (unload classes)
[82.729s][info][gc,task     ] GC(199) Using 3 of 3 workers for final marking
[82.729s][info][gc,ergo     ] GC(199) Collectable Garbage: 487M (96%), Immediate: 487M (96%), CSet: 0B (0%)
[82.729s][info][gc          ] GC(199) Pause Final Mark (unload classes) 0.139ms
[82.729s][info][gc,start    ] GC(199) Concurrent weak references
[82.729s][info][gc,task     ] GC(199) Using 1 of 3 workers for concurrent weak references
[82.730s][info][gc,ref      ] GC(199) Encountered references: Soft: 140, Weak: 727, Final: 0, Phantom: 64
[82.730s][info][gc,ref      ] GC(199) Discovered  references: Soft: 0, Weak: 147, Final: 0, Phantom: 37
[82.730s][info][gc,ref      ] GC(199) Enqueued    references: Soft: 0, Weak: 0, Final: 0, Phantom: 0
[82.730s][info][gc          ] GC(199) Concurrent weak references 0.066ms
[82.730s][info][gc,start    ] GC(199) Concurrent weak roots
[82.730s][info][gc,task     ] GC(199) Using 1 of 3 workers for concurrent weak root
[82.733s][info][gc          ] GC(199) Concurrent weak roots 3.299ms
[82.733s][info][gc,start    ] GC(199) Concurrent cleanup
[82.733s][info][gc          ] GC(199) Concurrent cleanup 522M->34M(2048M) 0.052ms
[82.733s][info][gc,ergo     ] GC(199) Free: 1910M, Max: 1024K regular, 1417M humongous, Frag: 26% external, 0% internal; Reserve: 103M, Max: 1024K
[82.733s][info][gc,start    ] GC(199) Concurrent class unloading
[82.733s][info][gc,task     ] GC(199) Using 1 of 3 workers for concurrent class unloading
[82.736s][info][gc          ] GC(199) Concurrent class unloading 3.229ms
[82.736s][info][gc,start    ] GC(199) Pause Final Roots
[82.736s][info][gc          ] GC(199) Pause Final Roots 0.038ms
[82.736s][info][gc,ergo     ] Free: 1907M, Max: 1024K regular, 1417M humongous, Frag: 26% external, 0% internal; Reserve: 103M, Max: 1024K
[82.736s][info][gc,stats    ] 
[82.736s][info][gc,stats    ] All times are wall-clock times, except per-root-class counters, that are sum over
[82.736s][info][gc,stats    ] all workers. Dividing the <total> over the root stage time estimates parallelism.
[82.736s][info][gc,stats    ] 
[82.736s][info][gc,stats    ] Concurrent Reset                    230 us
[82.736s][info][gc,stats    ] Pause Init Mark (G)                 158 us
[82.736s][info][gc,stats    ] Pause Init Mark (N)                  75 us
[82.736s][info][gc,stats    ]   Update Region States               24 us
[82.736s][info][gc,stats    ] Concurrent Mark Roots               421 us, parallelism: 0.83x
[82.736s][info][gc,stats    ]   CMR: <total>                      349 us
[82.736s][info][gc,stats    ]   CMR: Thread Roots                 304 us, workers (us): 304, ---, ---, 
[82.736s][info][gc,stats    ]   CMR: VM Strong Roots                5 us, workers (us):   5, ---, ---, 
[82.736s][info][gc,stats    ]   CMR: CLDG Roots                    40 us, workers (us):  40, ---, ---, 
[82.736s][info][gc,stats    ] Concurrent Marking                 3965 us
[82.736s][info][gc,stats    ] Pause Final Mark (G)                206 us
[82.736s][info][gc,stats    ] Pause Final Mark (N)                148 us
[82.736s][info][gc,stats    ]   Finish Mark                        32 us
[82.736s][info][gc,stats    ]   Update Region States               26 us
[82.737s][info][gc,stats    ]   Choose Collection Set              26 us
[82.737s][info][gc,stats    ]   Rebuild Free Set                    7 us
[82.737s][info][gc,stats    ] Concurrent Weak References           73 us, parallelism: 0.11x
[82.737s][info][gc,stats    ]   CWRF: <total>                       8 us
[82.737s][info][gc,stats    ]   CWRF: Weak References               8 us, workers (us):   8, ---, ---, 
[82.737s][info][gc,stats    ] Concurrent Weak Roots              3327 us
[82.737s][info][gc,stats    ]   Roots                            3231 us, parallelism: 0.99x
[82.737s][info][gc,stats    ]     CWR: <total>                   3206 us
[82.737s][info][gc,stats    ]     CWR: Code Cache Roots           665 us, workers (us): 665, ---, ---, 
[82.737s][info][gc,stats    ]     CWR: VM Weak Roots             2534 us, workers (us): 2534, ---, ---, 
[82.737s][info][gc,stats    ]     CWR: CLDG Roots                   7 us, workers (us):   7, ---, ---, 
[82.737s][info][gc,stats    ]   Rendezvous                         53 us
[82.737s][info][gc,stats    ] Concurrent Cleanup                   61 us
[82.737s][info][gc,stats    ] Concurrent Class Unloading         3277 us
[82.737s][info][gc,stats    ]   Unlink Stale                     3027 us
[82.737s][info][gc,stats    ]     System Dictionary                 7 us
[82.737s][info][gc,stats    ]     Weak Class Links                  0 us
[82.737s][info][gc,stats    ]     Code Roots                     3018 us
[82.737s][info][gc,stats    ]   Rendezvous                         46 us
[82.737s][info][gc,stats    ]   Purge Unlinked                    138 us
[82.737s][info][gc,stats    ]     Code Roots                      135 us
[82.737s][info][gc,stats    ]     CLDG                              4 us
[82.737s][info][gc,stats    ]     Exception Caches                  0 us
[82.737s][info][gc,stats    ] Pause Final Roots (G)                93 us
[82.737s][info][gc,stats    ] Pause Final Roots (N)                46 us
[82.737s][info][gc,stats    ] 
[82.737s][info][gc,stats    ] Allocation pacing accrued:
[82.737s][info][gc,stats    ]       0 of   437 ms (  0.0%): <total>
[82.737s][info][gc,stats    ]       0 of   437 ms (  0.0%): <average total>
[82.737s][info][gc,stats    ] 
[82.737s][info][gc,metaspace] Metaspace: 14227K(14528K)->14227K(14528K) NonClass: 12321K(12480K)->12321K(12480K) Class: 1905K(2048K)->1905K(2048K)
[82.737s][info][gc,ergo     ] Pacer for Idle. Initial: 41943K, Alloc Tax Rate: 1.0x
[82.905s][info][gc          ] Trigger: Explicit GC request (System.gc())
[82.905s][info][gc,ergo     ] Free: 1794M, Max: 1024K regular, 1417M humongous, Frag: 21% external, 0% internal; Reserve: 103M, Max: 1024K
[82.905s][info][gc,start    ] GC(200) Concurrent reset
[82.905s][info][gc,task     ] GC(200) Using 1 of 3 workers for concurrent reset
[82.905s][info][gc,ergo     ] GC(200) Pacer for Reset. Non-Taxable: 2048M
[82.906s][info][gc          ] GC(200) Concurrent reset 0.527ms
[82.906s][info][gc,start    ] GC(200) Pause Init Mark (unload classes)
[82.906s][info][gc,task     ] GC(200) Using 3 of 3 workers for init marking
[82.906s][info][gc,ref      ] GC(200) Clearing All SoftReferences
[82.906s][info][gc,ergo     ] GC(200) Pacer for Mark. Expected Live: 4513K, Free: 1794M, Non-Taxable: 179M, Alloc Tax Rate: 0.0x
[82.906s][info][gc          ] GC(200) Pause Init Mark (unload classes) 0.183ms
[82.906s][info][gc,start    ] GC(200) Concurrent marking roots
[82.906s][info][gc,task     ] GC(200) Using 1 of 3 workers for concurrent marking roots
[82.907s][info][gc          ] GC(200) Concurrent marking roots 0.710ms
[82.907s][info][gc,start    ] GC(200) Concurrent marking (unload classes)
[82.907s][info][gc,task     ] GC(200) Using 1 of 3 workers for concurrent marking
[82.911s][info][gc          ] GC(200) Concurrent marking (unload classes) 4.408ms
[82.912s][info][gc,start    ] GC(200) Pause Final Mark (unload classes)
[82.912s][info][gc,task     ] GC(200) Using 3 of 3 workers for final marking
[82.912s][info][gc,ergo     ] GC(200) Collectable Garbage: 141M (97%), Immediate: 141M (97%), CSet: 0B (0%)
[82.912s][info][gc          ] GC(200) Pause Final Mark (unload classes) 0.397ms
[82.912s][info][gc,start    ] GC(200) Concurrent weak references
[82.912s][info][gc,task     ] GC(200) Using 1 of 3 workers for concurrent weak references
[82.912s][info][gc,ref      ] GC(200) Encountered references: Soft: 140, Weak: 713, Final: 0, Phantom: 64
[82.912s][info][gc,ref      ] GC(200) Discovered  references: Soft: 88, Weak: 169, Final: 0, Phantom: 62
[82.912s][info][gc,ref      ] GC(200) Enqueued    references: Soft: 3, Weak: 0, Final: 0, Phantom: 0
[82.912s][info][gc          ] GC(200) Concurrent weak references 0.135ms
[82.912s][info][gc,start    ] GC(200) Concurrent weak roots
[82.912s][info][gc,task     ] GC(200) Using 1 of 3 workers for concurrent weak root
[82.914s][info][gc          ] GC(200) Concurrent weak roots 2.305ms
[82.914s][info][gc,start    ] GC(200) Concurrent cleanup
[82.915s][info][gc          ] GC(200) Concurrent cleanup 150M->8M(2048M) 0.056ms
[82.915s][info][gc,ergo     ] GC(200) Free: 1936M, Max: 1024K regular, 1815M humongous, Frag: 7% external, 0% internal; Reserve: 103M, Max: 1024K
[82.915s][info][gc,start    ] GC(200) Concurrent class unloading
[82.915s][info][gc,task     ] GC(200) Using 1 of 3 workers for concurrent class unloading
[82.918s][info][gc          ] GC(200) Concurrent class unloading 3.582ms
[82.918s][info][gc,start    ] GC(200) Pause Final Roots
[82.918s][info][gc          ] GC(200) Pause Final Roots 0.052ms
[82.918s][info][gc,ergo     ] Free: 1936M, Max: 1024K regular, 1815M humongous, Frag: 7% external, 0% internal; Reserve: 103M, Max: 1024K
[82.919s][info][gc,stats    ] 
[82.919s][info][gc,stats    ] All times are wall-clock times, except per-root-class counters, that are sum over
[82.919s][info][gc,stats    ] all workers. Dividing the <total> over the root stage time estimates parallelism.
[82.919s][info][gc,stats    ] 
[82.919s][info][gc,stats    ] Concurrent Reset                    603 us
[82.919s][info][gc,stats    ] Pause Init Mark (G)                 328 us
[82.919s][info][gc,stats    ] Pause Init Mark (N)                 200 us
[82.919s][info][gc,stats    ]   Update Region States               38 us
[82.919s][info][gc,stats    ] Concurrent Mark Roots               728 us, parallelism: 0.84x
[82.919s][info][gc,stats    ]   CMR: <total>                      610 us
[82.919s][info][gc,stats    ]   CMR: Thread Roots                 538 us, workers (us): 538, ---, ---, 
[82.919s][info][gc,stats    ]   CMR: VM Strong Roots                7 us, workers (us):   7, ---, ---, 
[82.919s][info][gc,stats    ]   CMR: CLDG Roots                    66 us, workers (us):  66, ---, ---, 
[82.919s][info][gc,stats    ] Concurrent Marking                 4476 us
[82.919s][info][gc,stats    ] Pause Final Mark (G)                532 us
[82.919s][info][gc,stats    ] Pause Final Mark (N)                422 us
[82.919s][info][gc,stats    ]   Finish Mark                        97 us
[82.919s][info][gc,stats    ]   Update Region States               97 us
[82.919s][info][gc,stats    ]   Choose Collection Set              75 us
[82.919s][info][gc,stats    ]   Rebuild Free Set                   24 us
[82.919s][info][gc,stats    ] Concurrent Weak References          143 us, parallelism: 0.16x
[82.919s][info][gc,stats    ]   CWRF: <total>                      23 us
[82.919s][info][gc,stats    ]   CWRF: Weak References              23 us, workers (us):  23, ---, ---, 
[82.919s][info][gc,stats    ] Concurrent Weak Roots              2366 us
[82.919s][info][gc,stats    ]   Roots                            2234 us, parallelism: 0.95x
[82.919s][info][gc,stats    ]     CWR: <total>                   2129 us
[82.919s][info][gc,stats    ]     CWR: Code Cache Roots           669 us, workers (us): 669, ---, ---, 
[82.919s][info][gc,stats    ]     CWR: VM Weak Roots             1452 us, workers (us): 1452, ---, ---, 
[82.919s][info][gc,stats    ]     CWR: CLDG Roots                   8 us, workers (us):   8, ---, ---, 
[82.919s][info][gc,stats    ]   Rendezvous                         51 us
[82.919s][info][gc,stats    ] Concurrent Cleanup                   75 us
[82.919s][info][gc,stats    ] Concurrent Class Unloading         3651 us
[82.919s][info][gc,stats    ]   Unlink Stale                     3156 us
[82.919s][info][gc,stats    ]     System Dictionary                 9 us
[82.919s][info][gc,stats    ]     Weak Class Links                  0 us
[82.919s][info][gc,stats    ]     Code Roots                     3144 us
[82.919s][info][gc,stats    ]   Rendezvous                        123 us
[82.919s][info][gc,stats    ]   Purge Unlinked                    266 us
[82.919s][info][gc,stats    ]     Code Roots                      256 us
[82.919s][info][gc,stats    ]     CLDG                              9 us
[82.919s][info][gc,stats    ]     Exception Caches                  0 us
[82.919s][info][gc,stats    ] Pause Final Roots (G)               188 us
[82.919s][info][gc,stats    ] Pause Final Roots (N)                75 us
[82.919s][info][gc,stats    ] 
[82.919s][info][gc,stats    ] Allocation pacing accrued:
[82.919s][info][gc,stats    ]       0 of   182 ms (  0.0%): <total>
[82.919s][info][gc,stats    ]       0 of   182 ms (  0.0%): <average total>
[82.919s][info][gc,stats    ] 
[82.919s][info][gc,metaspace] Metaspace: 14227K(14528K)->14227K(14528K) NonClass: 12321K(12480K)->12321K(12480K) Class: 1905K(2048K)->1905K(2048K)
[82.919s][info][gc,ergo     ] Pacer for Idle. Initial: 41943K, Alloc Tax Rate: 1.0x
[83.380s][info][gc          ] Trigger: Learning 2 of 5. Free (1432M) is below initial threshold (1433M)
[83.380s][info][gc,ergo     ] Free: 1432M, Max: 1024K regular, 1431M humongous, Frag: 0% external, 0% internal; Reserve: 103M, Max: 1024K
[83.380s][info][gc,start    ] GC(201) Concurrent reset
[83.380s][info][gc,task     ] GC(201) Using 1 of 3 workers for concurrent reset
[83.380s][info][gc,ergo     ] GC(201) Pacer for Reset. Non-Taxable: 2048M
[83.380s][info][gc          ] GC(201) Concurrent reset 0.112ms
[83.380s][info][gc,start    ] GC(201) Pause Init Mark (unload classes)
[83.380s][info][gc,task     ] GC(201) Using 3 of 3 workers for init marking
[83.380s][info][gc,ergo     ] GC(201) Pacer for Mark. Expected Live: 4513K, Free: 1432M, Non-Taxable: 143M, Alloc Tax Rate: 0.0x
[83.380s][info][gc          ] GC(201) Pause Init Mark (unload classes) 0.090ms
[83.380s][info][gc,start    ] GC(201) Concurrent marking roots
[83.380s][info][gc,task     ] GC(201) Using 1 of 3 workers for concurrent marking roots
[83.381s][info][gc          ] GC(201) Concurrent marking roots 0.425ms
[83.381s][info][gc,start    ] GC(201) Concurrent marking (unload classes)
[83.381s][info][gc,task     ] GC(201) Using 1 of 3 workers for concurrent marking
[83.384s][info][gc          ] GC(201) Concurrent marking (unload classes) 3.866ms
[83.385s][info][gc,start    ] GC(201) Pause Final Mark (unload classes)
[83.385s][info][gc,task     ] GC(201) Using 3 of 3 workers for final marking
[83.385s][info][gc,ergo     ] GC(201) Collectable Garbage: 490M (96%), Immediate: 490M (96%), CSet: 0B (0%)
[83.385s][info][gc          ] GC(201) Pause Final Mark (unload classes) 0.152ms
[83.385s][info][gc,start    ] GC(201) Concurrent weak references
[83.385s][info][gc,task     ] GC(201) Using 1 of 3 workers for concurrent weak references
[83.385s][info][gc,ref      ] GC(201) Encountered references: Soft: 140, Weak: 735, Final: 0, Phantom: 64
[83.385s][info][gc,ref      ] GC(201) Discovered  references: Soft: 0, Weak: 151, Final: 0, Phantom: 37
[83.385s][info][gc,ref      ] GC(201) Enqueued    references: Soft: 0, Weak: 2, Final: 0, Phantom: 0
[83.385s][info][gc          ] GC(201) Concurrent weak references 0.071ms
[83.385s][info][gc,start    ] GC(201) Concurrent weak roots
[83.385s][info][gc,task     ] GC(201) Using 1 of 3 workers for concurrent weak root
[83.389s][info][gc          ] GC(201) Concurrent weak roots 4.030ms
[83.389s][info][gc,start    ] GC(201) Concurrent cleanup
[83.389s][info][gc          ] GC(201) Concurrent cleanup 524M->34M(2048M) 0.052ms
[83.389s][info][gc,ergo     ] GC(201) Free: 1910M, Max: 1024K regular, 1419M humongous, Frag: 26% external, 0% internal; Reserve: 103M, Max: 1024K
[83.389s][info][gc,start    ] GC(201) Concurrent class unloading
[83.389s][info][gc,task     ] GC(201) Using 1 of 3 workers for concurrent class unloading
[83.392s][info][gc          ] GC(201) Concurrent class unloading 3.208ms
[83.392s][info][gc,start    ] GC(201) Pause Final Roots
[83.392s][info][gc          ] GC(201) Pause Final Roots 0.036ms
[83.392s][info][gc,ergo     ] Free: 1907M, Max: 1024K regular, 1419M humongous, Frag: 26% external, 0% internal; Reserve: 103M, Max: 1024K
[83.392s][info][gc,stats    ] 
[83.392s][info][gc,stats    ] All times are wall-clock times, except per-root-class counters, that are sum over
[83.392s][info][gc,stats    ] all workers. Dividing the <total> over the root stage time estimates parallelism.
[83.392s][info][gc,stats    ] 
[83.392s][info][gc,stats    ] Concurrent Reset                    124 us
[83.392s][info][gc,stats    ] Pause Init Mark (G)                 181 us
[83.392s][info][gc,stats    ] Pause Init Mark (N)                  98 us
[83.392s][info][gc,stats    ]   Update Region States               24 us
[83.392s][info][gc,stats    ] Concurrent Mark Roots               440 us, parallelism: 0.85x
[83.392s][info][gc,stats    ]   CMR: <total>                      376 us
[83.392s][info][gc,stats    ]   CMR: Thread Roots                 329 us, workers (us): 329, ---, ---, 
[83.392s][info][gc,stats    ]   CMR: VM Strong Roots                4 us, workers (us):   4, ---, ---, 
[83.392s][info][gc,stats    ]   CMR: CLDG Roots                    43 us, workers (us):  43, ---, ---, 
[83.392s][info][gc,stats    ] Concurrent Marking                 3913 us
[83.392s][info][gc,stats    ] Pause Final Mark (G)                210 us
[83.392s][info][gc,stats    ] Pause Final Mark (N)                161 us
[83.392s][info][gc,stats    ]   Finish Mark                        36 us
[83.392s][info][gc,stats    ]   Update Region States               27 us
[83.392s][info][gc,stats    ]   Choose Collection Set              27 us
[83.392s][info][gc,stats    ]   Rebuild Free Set                    8 us
[83.392s][info][gc,stats    ] Concurrent Weak References           79 us, parallelism: 0.11x
[83.392s][info][gc,stats    ]   CWRF: <total>                       9 us
[83.392s][info][gc,stats    ]   CWRF: Weak References               9 us, workers (us):   9, ---, ---, 
[83.392s][info][gc,stats    ] Concurrent Weak Roots              4069 us
[83.392s][info][gc,stats    ]   Roots                            3955 us, parallelism: 0.99x
[83.392s][info][gc,stats    ]     CWR: <total>                   3927 us
[83.393s][info][gc,stats    ]     CWR: Code Cache Roots           673 us, workers (us): 673, ---, ---, 
[83.393s][info][gc,stats    ]     CWR: VM Weak Roots             3247 us, workers (us): 3247, ---, ---, 
[83.393s][info][gc,stats    ]     CWR: CLDG Roots                   7 us, workers (us):   7, ---, ---, 
[83.393s][info][gc,stats    ]   Rendezvous                         58 us
[83.393s][info][gc,stats    ] Concurrent Cleanup                   60 us
[83.393s][info][gc,stats    ] Concurrent Class Unloading         3258 us
[83.393s][info][gc,stats    ]   Unlink Stale                     3003 us
[83.393s][info][gc,stats    ]     System Dictionary                 7 us
[83.393s][info][gc,stats    ]     Weak Class Links                  0 us
[83.393s][info][gc,stats    ]     Code Roots                     2994 us
[83.393s][info][gc,stats    ]   Rendezvous                         46 us
[83.393s][info][gc,stats    ]   Purge Unlinked                    140 us
[83.393s][info][gc,stats    ]     Code Roots                      136 us
[83.393s][info][gc,stats    ]     CLDG                              3 us
[83.393s][info][gc,stats    ]     Exception Caches                  0 us
[83.393s][info][gc,stats    ] Pause Final Roots (G)                96 us
[83.393s][info][gc,stats    ] Pause Final Roots (N)                45 us
[83.393s][info][gc,stats    ] 
[83.393s][info][gc,stats    ] Allocation pacing accrued:
[83.393s][info][gc,stats    ]       0 of   474 ms (  0.0%): <total>
[83.393s][info][gc,stats    ]       0 of   474 ms (  0.0%): <average total>
[83.393s][info][gc,stats    ] 
[83.393s][info][gc,metaspace] Metaspace: 14227K(14528K)->14227K(14528K) NonClass: 12321K(12480K)->12321K(12480K) Class: 1905K(2048K)->1905K(2048K)
[83.393s][info][gc,ergo     ] Pacer for Idle. Initial: 41943K, Alloc Tax Rate: 1.0x
[83.832s][info][gc          ] Trigger: Learning 3 of 5. Free (1431M) is below initial threshold (1433M)
[83.832s][info][gc,ergo     ] Free: 1431M, Max: 1024K regular, 1419M humongous, Frag: 1% external, 0% internal; Reserve: 103M, Max: 1024K
[83.832s][info][gc,start    ] GC(202) Concurrent reset
[83.832s][info][gc,task     ] GC(202) Using 1 of 3 workers for concurrent reset
[83.832s][info][gc,ergo     ] GC(202) Pacer for Reset. Non-Taxable: 2048M
[83.832s][info][gc          ] GC(202) Concurrent reset 0.160ms
[83.832s][info][gc,start    ] GC(202) Pause Init Mark (unload classes)
[83.832s][info][gc,task     ] GC(202) Using 3 of 3 workers for init marking
[83.833s][info][gc,ergo     ] GC(202) Pacer for Mark. Expected Live: 4513K, Free: 1431M, Non-Taxable: 143M, Alloc Tax Rate: 0.0x
[83.833s][info][gc          ] GC(202) Pause Init Mark (unload classes) 0.099ms
[83.833s][info][gc,start    ] GC(202) Concurrent marking roots
[83.833s][info][gc,task     ] GC(202) Using 1 of 3 workers for concurrent marking roots
[83.833s][info][gc          ] GC(202) Concurrent marking roots 0.414ms
[83.833s][info][gc,start    ] GC(202) Concurrent marking (unload classes)
[83.833s][info][gc,task     ] GC(202) Using 1 of 3 workers for concurrent marking
[83.837s][info][gc          ] GC(202) Concurrent marking (unload classes) 3.914ms
[83.837s][info][gc,start    ] GC(202) Pause Final Mark (unload classes)
[83.837s][info][gc,task     ] GC(202) Using 3 of 3 workers for final marking
[83.837s][info][gc,ergo     ] GC(202) Collectable Garbage: 489M (96%), Immediate: 489M (96%), CSet: 0B (0%)
[83.837s][info][gc          ] GC(202) Pause Final Mark (unload classes) 0.158ms
[83.837s][info][gc,start    ] GC(202) Concurrent weak references
[83.837s][info][gc,task     ] GC(202) Using 1 of 3 workers for concurrent weak references
[83.837s][info][gc,ref      ] GC(202) Encountered references: Soft: 140, Weak: 733, Final: 0, Phantom: 64
[83.837s][info][gc,ref      ] GC(202) Discovered  references: Soft: 0, Weak: 149, Final: 0, Phantom: 37
[83.837s][info][gc,ref      ] GC(202) Enqueued    references: Soft: 0, Weak: 0, Final: 0, Phantom: 0
[83.837s][info][gc          ] GC(202) Concurrent weak references 0.064ms
[83.837s][info][gc,start    ] GC(202) Concurrent weak roots
[83.837s][info][gc,task     ] GC(202) Using 1 of 3 workers for concurrent weak root
[83.842s][info][gc          ] GC(202) Concurrent weak roots 4.578ms
[83.842s][info][gc,start    ] GC(202) Concurrent cleanup
[83.842s][info][gc          ] GC(202) Concurrent cleanup 526M->37M(2048M) 0.054ms
[83.842s][info][gc,ergo     ] GC(202) Free: 1907M, Max: 1024K regular, 1417M humongous, Frag: 26% external, 0% internal; Reserve: 103M, Max: 1024K
[83.842s][info][gc,start    ] GC(202) Concurrent class unloading
[83.842s][info][gc,task     ] GC(202) Using 1 of 3 workers for concurrent class unloading
[83.845s][info][gc          ] GC(202) Concurrent class unloading 3.212ms
[83.845s][info][gc,start    ] GC(202) Pause Final Roots
[83.845s][info][gc          ] GC(202) Pause Final Roots 0.037ms
[83.845s][info][gc,ergo     ] Free: 1902M, Max: 1024K regular, 1417M humongous, Frag: 26% external, 0% internal; Reserve: 103M, Max: 1024K
[83.845s][info][gc,stats    ] 
[83.845s][info][gc,stats    ] All times are wall-clock times, except per-root-class counters, that are sum over
[83.845s][info][gc,stats    ] all workers. Dividing the <total> over the root stage time estimates parallelism.
[83.845s][info][gc,stats    ] 
[83.845s][info][gc,stats    ] Concurrent Reset                    180 us
[83.846s][info][gc,stats    ] Pause Init Mark (G)                 259 us
[83.846s][info][gc,stats    ] Pause Init Mark (N)                 107 us
[83.846s][info][gc,stats    ]   Update Region States               29 us
[83.846s][info][gc,stats    ] Concurrent Mark Roots               427 us, parallelism: 0.86x
[83.846s][info][gc,stats    ]   CMR: <total>                      366 us
[83.846s][info][gc,stats    ]   CMR: Thread Roots                 323 us, workers (us): 323, ---, ---, 
[83.846s][info][gc,stats    ]   CMR: VM Strong Roots                5 us, workers (us):   5, ---, ---, 
[83.846s][info][gc,stats    ]   CMR: CLDG Roots                    39 us, workers (us):  39, ---, ---, 
[83.846s][info][gc,stats    ] Concurrent Marking                 3967 us
[83.846s][info][gc,stats    ] Pause Final Mark (G)                218 us
[83.846s][info][gc,stats    ] Pause Final Mark (N)                166 us
[83.846s][info][gc,stats    ]   Finish Mark                        38 us
[83.846s][info][gc,stats    ]   Update Region States               29 us
[83.846s][info][gc,stats    ]   Choose Collection Set              35 us
[83.846s][info][gc,stats    ]   Rebuild Free Set                    8 us
[83.846s][info][gc,stats    ] Concurrent Weak References           71 us, parallelism: 0.10x
[83.846s][info][gc,stats    ]   CWRF: <total>                       7 us
[83.846s][info][gc,stats    ]   CWRF: Weak References               7 us, workers (us):   7, ---, ---, 
[83.846s][info][gc,stats    ] Concurrent Weak Roots              4626 us
[83.846s][info][gc,stats    ]   Roots                            4467 us, parallelism: 0.99x
[83.846s][info][gc,stats    ]     CWR: <total>                   4439 us
[83.846s][info][gc,stats    ]     CWR: Code Cache Roots           668 us, workers (us): 668, ---, ---, 
[83.846s][info][gc,stats    ]     CWR: VM Weak Roots             3764 us, workers (us): 3764, ---, ---, 
[83.846s][info][gc,stats    ]     CWR: CLDG Roots                   7 us, workers (us):   7, ---, ---, 
[83.846s][info][gc,stats    ]   Rendezvous                         90 us
[83.846s][info][gc,stats    ] Concurrent Cleanup                   63 us
[83.846s][info][gc,stats    ] Concurrent Class Unloading         3259 us
[83.846s][info][gc,stats    ]   Unlink Stale                     3016 us
[83.846s][info][gc,stats    ]     System Dictionary                 8 us
[83.846s][info][gc,stats    ]     Weak Class Links                  0 us
[83.846s][info][gc,stats    ]     Code Roots                     3007 us
[83.846s][info][gc,stats    ]   Rendezvous                         46 us
[83.846s][info][gc,stats    ]   Purge Unlinked                    132 us
[83.846s][info][gc,stats    ]     Code Roots                      128 us
[83.846s][info][gc,stats    ]     CLDG                              3 us
[83.846s][info][gc,stats    ]     Exception Caches                  0 us
[83.846s][info][gc,stats    ] Pause Final Roots (G)               103 us
[83.846s][info][gc,stats    ] Pause Final Roots (N)                46 us
[83.846s][info][gc,stats    ] 
[83.846s][info][gc,stats    ] Allocation pacing accrued:
[83.846s][info][gc,stats    ]       0 of   453 ms (  0.0%): <total>
[83.846s][info][gc,stats    ]       0 of   453 ms (  0.0%): <average total>
[83.846s][info][gc,stats    ] 
[83.846s][info][gc,metaspace] Metaspace: 14227K(14528K)->14227K(14528K) NonClass: 12321K(12480K)->12321K(12480K) Class: 1905K(2048K)->1905K(2048K)
[83.846s][info][gc,ergo     ] Pacer for Idle. Initial: 41943K, Alloc Tax Rate: 1.0x
[84.275s][info][gc          ] Trigger: Learning 4 of 5. Free (1433M) is below initial threshold (1433M)
[84.275s][info][gc,ergo     ] Free: 1433M, Max: 1024K regular, 1417M humongous, Frag: 2% external, 0% internal; Reserve: 103M, Max: 1024K
[84.275s][info][gc,start    ] GC(203) Concurrent reset
[84.275s][info][gc,task     ] GC(203) Using 1 of 3 workers for concurrent reset
[84.275s][info][gc,ergo     ] GC(203) Pacer for Reset. Non-Taxable: 2048M
[84.275s][info][gc          ] GC(203) Concurrent reset 0.190ms
[84.275s][info][gc,start    ] GC(203) Pause Init Mark (unload classes)
[84.275s][info][gc,task     ] GC(203) Using 3 of 3 workers for init marking
[84.275s][info][gc,ergo     ] GC(203) Pacer for Mark. Expected Live: 4513K, Free: 1433M, Non-Taxable: 143M, Alloc Tax Rate: 0.0x
[84.275s][info][gc          ] GC(203) Pause Init Mark (unload classes) 0.086ms
[84.275s][info][gc,start    ] GC(203) Concurrent marking roots
[84.275s][info][gc,task     ] GC(203) Using 1 of 3 workers for concurrent marking roots
[84.276s][info][gc          ] GC(203) Concurrent marking roots 0.406ms
[84.276s][info][gc,start    ] GC(203) Concurrent marking (unload classes)
[84.276s][info][gc,task     ] GC(203) Using 1 of 3 workers for concurrent marking
[84.279s][info][gc          ] GC(203) Concurrent marking (unload classes) 3.871ms
[84.280s][info][gc,start    ] GC(203) Pause Final Mark (unload classes)
[84.280s][info][gc,task     ] GC(203) Using 3 of 3 workers for final marking
[84.280s][info][gc,ergo     ] GC(203) Collectable Garbage: 483M (95%), Immediate: 483M (95%), CSet: 0B (0%)
[84.280s][info][gc          ] GC(203) Pause Final Mark (unload classes) 0.140ms
[84.280s][info][gc,start    ] GC(203) Concurrent weak references
[84.280s][info][gc,task     ] GC(203) Using 1 of 3 workers for concurrent weak references
[84.280s][info][gc,ref      ] GC(203) Encountered references: Soft: 140, Weak: 733, Final: 0, Phantom: 64
[84.280s][info][gc,ref      ] GC(203) Discovered  references: Soft: 0, Weak: 149, Final: 0, Phantom: 37
[84.280s][info][gc,ref      ] GC(203) Enqueued    references: Soft: 0, Weak: 0, Final: 0, Phantom: 0
[84.280s][info][gc          ] GC(203) Concurrent weak references 0.079ms
[84.280s][info][gc,start    ] GC(203) Concurrent weak roots
[84.280s][info][gc,task     ] GC(203) Using 1 of 3 workers for concurrent weak root
[84.285s][info][gc          ] GC(203) Concurrent weak roots 5.139ms
[84.285s][info][gc,start    ] GC(203) Concurrent cleanup
[84.285s][info][gc          ] GC(203) Concurrent cleanup 523M->39M(2048M) 0.056ms
[84.285s][info][gc,ergo     ] GC(203) Free: 1905M, Max: 1024K regular, 1422M humongous, Frag: 26% external, 0% internal; Reserve: 103M, Max: 1024K
[84.285s][info][gc,start    ] GC(203) Concurrent class unloading
[84.285s][info][gc,task     ] GC(203) Using 1 of 3 workers for concurrent class unloading
[84.288s][info][gc          ] GC(203) Concurrent class unloading 3.227ms
[84.288s][info][gc,start    ] GC(203) Pause Final Roots
[84.288s][info][gc          ] GC(203) Pause Final Roots 0.037ms
[84.289s][info][gc,ergo     ] Free: 1899M, Max: 1024K regular, 1422M humongous, Frag: 26% external, 0% internal; Reserve: 103M, Max: 1024K
[84.289s][info][gc,stats    ] 
[84.289s][info][gc,stats    ] All times are wall-clock times, except per-root-class counters, that are sum over
[84.289s][info][gc,stats    ] all workers. Dividing the <total> over the root stage time estimates parallelism.
[84.289s][info][gc,stats    ] 
[84.289s][info][gc,stats    ] Concurrent Reset                    203 us
[84.289s][info][gc,stats    ] Pause Init Mark (G)                 167 us
[84.289s][info][gc,stats    ] Pause Init Mark (N)                  94 us
[84.289s][info][gc,stats    ]   Update Region States               23 us
[84.289s][info][gc,stats    ] Concurrent Mark Roots               420 us, parallelism: 0.85x
[84.289s][info][gc,stats    ]   CMR: <total>                      358 us
[84.289s][info][gc,stats    ]   CMR: Thread Roots                 315 us, workers (us): 315, ---, ---, 
[84.289s][info][gc,stats    ]   CMR: VM Strong Roots                5 us, workers (us):   5, ---, ---, 
[84.289s][info][gc,stats    ]   CMR: CLDG Roots                    38 us, workers (us):  38, ---, ---, 
[84.289s][info][gc,stats    ] Concurrent Marking                 3917 us
[84.289s][info][gc,stats    ] Pause Final Mark (G)                211 us
[84.289s][info][gc,stats    ] Pause Final Mark (N)                148 us
[84.289s][info][gc,stats    ]   Finish Mark                        36 us
[84.289s][info][gc,stats    ]   Update Region States               27 us
[84.289s][info][gc,stats    ]   Choose Collection Set              25 us
[84.289s][info][gc,stats    ]   Rebuild Free Set                    7 us
[84.289s][info][gc,stats    ] Concurrent Weak References           87 us, parallelism: 0.09x
[84.289s][info][gc,stats    ]   CWRF: <total>                       8 us
[84.289s][info][gc,stats    ]   CWRF: Weak References               8 us, workers (us):   8, ---, ---, 
[84.289s][info][gc,stats    ] Concurrent Weak Roots              5180 us
[84.289s][info][gc,stats    ]   Roots                            5064 us, parallelism: 0.99x
[84.289s][info][gc,stats    ]     CWR: <total>                   5036 us
[84.289s][info][gc,stats    ]     CWR: Code Cache Roots           677 us, workers (us): 677, ---, ---, 
[84.289s][info][gc,stats    ]     CWR: VM Weak Roots             4353 us, workers (us): 4353, ---, ---, 
[84.289s][info][gc,stats    ]     CWR: CLDG Roots                   6 us, workers (us):   6, ---, ---, 
[84.289s][info][gc,stats    ]   Rendezvous                         56 us
[84.289s][info][gc,stats    ] Concurrent Cleanup                   65 us
[84.289s][info][gc,stats    ] Concurrent Class Unloading         3278 us
[84.289s][info][gc,stats    ]   Unlink Stale                     3033 us
[84.289s][info][gc,stats    ]     System Dictionary                 9 us
[84.289s][info][gc,stats    ]     Weak Class Links                  0 us
[84.289s][info][gc,stats    ]     Code Roots                     3022 us
[84.289s][info][gc,stats    ]   Rendezvous                         41 us
[84.289s][info][gc,stats    ]   Purge Unlinked                    134 us
[84.289s][info][gc,stats    ]     Code Roots                      129 us
[84.289s][info][gc,stats    ]     CLDG                              4 us
[84.289s][info][gc,stats    ]     Exception Caches                  0 us
[84.289s][info][gc,stats    ] Pause Final Roots (G)               103 us
[84.289s][info][gc,stats    ] Pause Final Roots (N)                46 us
[84.289s][info][gc,stats    ] 
[84.289s][info][gc,stats    ] Allocation pacing accrued:
[84.289s][info][gc,stats    ]       0 of   443 ms (  0.0%): <total>
[84.289s][info][gc,stats    ]       0 of   443 ms (  0.0%): <average total>
[84.289s][info][gc,stats    ] 
[84.289s][info][gc,metaspace] Metaspace: 14227K(14528K)->14227K(14528K) NonClass: 12321K(12480K)->12321K(12480K) Class: 1905K(2048K)->1905K(2048K)
[84.289s][info][gc,ergo     ] Pacer for Idle. Initial: 41943K, Alloc Tax Rate: 1.0x
[84.726s][info][gc          ] Trigger: Learning 5 of 5. Free (1432M) is below initial threshold (1433M)
[84.726s][info][gc,ergo     ] Free: 1432M, Max: 1024K regular, 1422M humongous, Frag: 1% external, 0% internal; Reserve: 103M, Max: 1024K
[84.726s][info][gc,start    ] GC(204) Concurrent reset
[84.726s][info][gc,task     ] GC(204) Using 1 of 3 workers for concurrent reset
[84.726s][info][gc,ergo     ] GC(204) Pacer for Reset. Non-Taxable: 2048M
[84.726s][info][gc          ] GC(204) Concurrent reset 0.213ms
[84.726s][info][gc,start    ] GC(204) Pause Init Mark (unload classes)
[84.726s][info][gc,task     ] GC(204) Using 3 of 3 workers for init marking
[84.726s][info][gc,ergo     ] GC(204) Pacer for Mark. Expected Live: 4513K, Free: 1431M, Non-Taxable: 143M, Alloc Tax Rate: 0.0x
[84.726s][info][gc          ] GC(204) Pause Init Mark (unload classes) 0.092ms
[84.726s][info][gc,start    ] GC(204) Concurrent marking roots
[84.726s][info][gc,task     ] GC(204) Using 1 of 3 workers for concurrent marking roots
[84.727s][info][gc          ] GC(204) Concurrent marking roots 0.418ms
[84.727s][info][gc,start    ] GC(204) Concurrent marking (unload classes)
[84.727s][info][gc,task     ] GC(204) Using 1 of 3 workers for concurrent marking
[84.731s][info][gc          ] GC(204) Concurrent marking (unload classes) 3.923ms
[84.731s][info][gc,start    ] GC(204) Pause Final Mark (unload classes)
[84.731s][info][gc,task     ] GC(204) Using 3 of 3 workers for final marking
[84.731s][info][gc,ergo     ] GC(204) Collectable Garbage: 482M (94%), Immediate: 482M (94%), CSet: 0B (0%)
[84.731s][info][gc          ] GC(204) Pause Final Mark (unload classes) 0.170ms
[84.731s][info][gc,start    ] GC(204) Concurrent weak references
[84.731s][info][gc,task     ] GC(204) Using 1 of 3 workers for concurrent weak references
[84.731s][info][gc,ref      ] GC(204) Encountered references: Soft: 140, Weak: 733, Final: 0, Phantom: 64
[84.731s][info][gc,ref      ] GC(204) Discovered  references: Soft: 0, Weak: 149, Final: 0, Phantom: 37
[84.731s][info][gc,ref      ] GC(204) Enqueued    references: Soft: 0, Weak: 0, Final: 0, Phantom: 0
[84.731s][info][gc          ] GC(204) Concurrent weak references 0.122ms
[84.731s][info][gc,start    ] GC(204) Concurrent weak roots
[84.731s][info][gc,task     ] GC(204) Using 1 of 3 workers for concurrent weak root
[84.734s][info][gc          ] GC(204) Concurrent weak roots 2.937ms
[84.734s][info][gc,start    ] GC(204) Concurrent cleanup
[84.734s][info][gc          ] GC(204) Concurrent cleanup 524M->42M(2048M) 0.057ms
[84.734s][info][gc,ergo     ] GC(204) Free: 1902M, Max: 1024K regular, 1419M humongous, Frag: 26% external, 0% internal; Reserve: 103M, Max: 1024K
[84.734s][info][gc,start    ] GC(204) Concurrent class unloading
[84.734s][info][gc,task     ] GC(204) Using 1 of 3 workers for concurrent class unloading
[84.738s][info][gc          ] GC(204) Concurrent class unloading 3.230ms
[84.738s][info][gc,start    ] GC(204) Pause Final Roots
[84.738s][info][gc          ] GC(204) Pause Final Roots 0.013ms
[84.738s][info][gc,ergo     ] Free: 1900M, Max: 1024K regular, 1419M humongous, Frag: 26% external, 0% internal; Reserve: 103M, Max: 1024K
[84.738s][info][gc,stats    ] 
[84.738s][info][gc,stats    ] All times are wall-clock times, except per-root-class counters, that are sum over
[84.738s][info][gc,stats    ] all workers. Dividing the <total> over the root stage time estimates parallelism.
[84.738s][info][gc,stats    ] 
[84.738s][info][gc,stats    ] Concurrent Reset                    226 us
[84.738s][info][gc,stats    ] Pause Init Mark (G)                 190 us
[84.738s][info][gc,stats    ] Pause Init Mark (N)                 100 us
[84.738s][info][gc,stats    ]   Update Region States               25 us
[84.738s][info][gc,stats    ] Concurrent Mark Roots               439 us, parallelism: 0.84x
[84.738s][info][gc,stats    ]   CMR: <total>                      368 us
[84.738s][info][gc,stats    ]   CMR: Thread Roots                 322 us, workers (us): 322, ---, ---, 
[84.738s][info][gc,stats    ]   CMR: VM Strong Roots                4 us, workers (us):   4, ---, ---, 
[84.738s][info][gc,stats    ]   CMR: CLDG Roots                    41 us, workers (us):  41, ---, ---, 
[84.738s][info][gc,stats    ] Concurrent Marking                 3967 us
[84.738s][info][gc,stats    ] Pause Final Mark (G)                355 us
[84.738s][info][gc,stats    ] Pause Final Mark (N)                179 us
[84.738s][info][gc,stats    ]   Finish Mark                        33 us
[84.738s][info][gc,stats    ]   Update Region States               39 us
[84.738s][info][gc,stats    ]   Choose Collection Set              48 us
[84.738s][info][gc,stats    ]   Rebuild Free Set                    8 us
[84.738s][info][gc,stats    ] Concurrent Weak References          138 us, parallelism: 0.08x
[84.738s][info][gc,stats    ]   CWRF: <total>                      11 us
[84.738s][info][gc,stats    ]   CWRF: Weak References              11 us, workers (us):  11, ---, ---, 
[84.738s][info][gc,stats    ] Concurrent Weak Roots              2991 us
[84.738s][info][gc,stats    ]   Roots                            2841 us, parallelism: 0.99x
[84.738s][info][gc,stats    ]     CWR: <total>                   2815 us
[84.738s][info][gc,stats    ]     CWR: Code Cache Roots           684 us, workers (us): 684, ---, ---, 
[84.738s][info][gc,stats    ]     CWR: VM Weak Roots             2123 us, workers (us): 2123, ---, ---, 
[84.738s][info][gc,stats    ]     CWR: CLDG Roots                   7 us, workers (us):   7, ---, ---, 
[84.738s][info][gc,stats    ]   Rendezvous                         77 us
[84.738s][info][gc,stats    ] Concurrent Cleanup                   66 us
[84.738s][info][gc,stats    ] Concurrent Class Unloading         3276 us
[84.738s][info][gc,stats    ]   Unlink Stale                     3017 us
[84.738s][info][gc,stats    ]     System Dictionary                 7 us
[84.738s][info][gc,stats    ]     Weak Class Links                  0 us
[84.738s][info][gc,stats    ]     Code Roots                     3008 us
[84.738s][info][gc,stats    ]   Rendezvous                         43 us
[84.738s][info][gc,stats    ]   Purge Unlinked                    152 us
[84.738s][info][gc,stats    ]     Code Roots                      147 us
[84.738s][info][gc,stats    ]     CLDG                              5 us
[84.738s][info][gc,stats    ]     Exception Caches                  0 us
[84.738s][info][gc,stats    ] Pause Final Roots (G)               119 us
[84.738s][info][gc,stats    ] Pause Final Roots (N)                20 us
[84.738s][info][gc,stats    ] 
[84.738s][info][gc,stats    ] Allocation pacing accrued:
[84.738s][info][gc,stats    ]       0 of   449 ms (  0.0%): <total>
[84.738s][info][gc,stats    ]       0 of   449 ms (  0.0%): <average total>
[84.738s][info][gc,stats    ] 
[84.738s][info][gc,metaspace] Metaspace: 14227K(14528K)->14227K(14528K) NonClass: 12321K(12480K)->12321K(12480K) Class: 1905K(2048K)->1905K(2048K)
[84.738s][info][gc,ergo     ] Pacer for Idle. Initial: 41943K, Alloc Tax Rate: 1.0x
[85.024s][info][gc          ] Trigger: Explicit GC request (System.gc())
[85.024s][info][gc,ergo     ] Free: 1714M, Max: 1024K regular, 1419M humongous, Frag: 18% external, 0% internal; Reserve: 103M, Max: 1024K
[85.024s][info][gc,start    ] GC(205) Concurrent reset
[85.024s][info][gc,task     ] GC(205) Using 1 of 3 workers for concurrent reset
[85.024s][info][gc,ergo     ] GC(205) Pacer for Reset. Non-Taxable: 2048M
[85.024s][info][gc          ] GC(205) Concurrent reset 0.501ms
[85.024s][info][gc,start    ] GC(205) Pause Init Mark (unload classes)
[85.025s][info][gc,task     ] GC(205) Using 3 of 3 workers for init marking
[85.025s][info][gc,ref      ] GC(205) Clearing All SoftReferences
[85.025s][info][gc,ergo     ] GC(205) Pacer for Mark. Expected Live: 4519K, Free: 1714M, Non-Taxable: 171M, Alloc Tax Rate: 0.0x
[85.025s][info][gc          ] GC(205) Pause Init Mark (unload classes) 0.227ms
[85.025s][info][gc,start    ] GC(205) Concurrent marking roots
[85.025s][info][gc,task     ] GC(205) Using 1 of 3 workers for concurrent marking roots
[85.026s][info][gc          ] GC(205) Concurrent marking roots 0.930ms
[85.026s][info][gc,start    ] GC(205) Concurrent marking (unload classes)
[85.026s][info][gc,task     ] GC(205) Using 1 of 3 workers for concurrent marking
[85.030s][info][gc          ] GC(205) Concurrent marking (unload classes) 4.541ms
[85.030s][info][gc,start    ] GC(205) Pause Final Mark (unload classes)
[85.030s][info][gc,task     ] GC(205) Using 3 of 3 workers for final marking
[85.031s][info][gc,ergo     ] GC(205) Collectable Garbage: 219M (96%), Immediate: 219M (96%), CSet: 0B (0%)
[85.031s][info][gc          ] GC(205) Pause Final Mark (unload classes) 0.383ms
[85.031s][info][gc,start    ] GC(205) Concurrent weak references
[85.031s][info][gc,task     ] GC(205) Using 1 of 3 workers for concurrent weak references
[85.031s][info][gc,ref      ] GC(205) Encountered references: Soft: 140, Weak: 717, Final: 0, Phantom: 64
[85.031s][info][gc,ref      ] GC(205) Discovered  references: Soft: 88, Weak: 171, Final: 0, Phantom: 62
[85.031s][info][gc,ref      ] GC(205) Enqueued    references: Soft: 3, Weak: 0, Final: 0, Phantom: 0
[85.031s][info][gc          ] GC(205) Concurrent weak references 0.195ms
[85.031s][info][gc,start    ] GC(205) Concurrent weak roots
[85.031s][info][gc,task     ] GC(205) Using 1 of 3 workers for concurrent weak root
[85.033s][info][gc          ] GC(205) Concurrent weak roots 2.409ms
[85.034s][info][gc,start    ] GC(205) Concurrent cleanup
[85.034s][info][gc          ] GC(205) Concurrent cleanup 230M->11M(2048M) 0.059ms
[85.034s][info][gc,ergo     ] GC(205) Free: 1933M, Max: 1024K regular, 1737M humongous, Frag: 11% external, 0% internal; Reserve: 103M, Max: 1024K
[85.034s][info][gc,start    ] GC(205) Concurrent class unloading
[85.034s][info][gc,task     ] GC(205) Using 1 of 3 workers for concurrent class unloading
[85.037s][info][gc          ] GC(205) Concurrent class unloading 3.442ms
[85.037s][info][gc,start    ] GC(205) Pause Final Roots
[85.037s][info][gc          ] GC(205) Pause Final Roots 0.050ms
[85.037s][info][gc,ergo     ] Free: 1933M, Max: 1024K regular, 1737M humongous, Frag: 11% external, 0% internal; Reserve: 103M, Max: 1024K
[85.037s][info][gc,stats    ] 
[85.037s][info][gc,stats    ] All times are wall-clock times, except per-root-class counters, that are sum over
[85.037s][info][gc,stats    ] all workers. Dividing the <total> over the root stage time estimates parallelism.
[85.037s][info][gc,stats    ] 
[85.037s][info][gc,stats    ] Concurrent Reset                    567 us
[85.037s][info][gc,stats    ] Pause Init Mark (G)                 362 us
[85.038s][info][gc,stats    ] Pause Init Mark (N)                 245 us
[85.038s][info][gc,stats    ]   Update Region States              100 us
[85.038s][info][gc,stats    ] Concurrent Mark Roots               947 us, parallelism: 0.70x
[85.038s][info][gc,stats    ]   CMR: <total>                      659 us
[85.038s][info][gc,stats    ]   CMR: Thread Roots                 586 us, workers (us): 586, ---, ---, 
[85.038s][info][gc,stats    ]   CMR: VM Strong Roots                6 us, workers (us):   6, ---, ---, 
[85.038s][info][gc,stats    ]   CMR: CLDG Roots                    67 us, workers (us):  67, ---, ---, 
[85.038s][info][gc,stats    ] Concurrent Marking                 4596 us
[85.038s][info][gc,stats    ] Pause Final Mark (G)                525 us
[85.038s][info][gc,stats    ] Pause Final Mark (N)                403 us
[85.038s][info][gc,stats    ]   Finish Mark                       119 us
[85.038s][info][gc,stats    ]   Update Region States              105 us
[85.038s][info][gc,stats    ]   Choose Collection Set              60 us
[85.038s][info][gc,stats    ]   Rebuild Free Set                   17 us
[85.038s][info][gc,stats    ] Concurrent Weak References          204 us, parallelism: 0.03x
[85.038s][info][gc,stats    ]   CWRF: <total>                       7 us
[85.038s][info][gc,stats    ]   CWRF: Weak References               7 us, workers (us):   7, ---, ---, 
[85.038s][info][gc,stats    ] Concurrent Weak Roots              2466 us
[85.038s][info][gc,stats    ]   Roots                            2261 us, parallelism: 0.93x
[85.038s][info][gc,stats    ]     CWR: <total>                   2092 us
[85.038s][info][gc,stats    ]     CWR: Code Cache Roots           597 us, workers (us): 597, ---, ---, 
[85.038s][info][gc,stats    ]     CWR: VM Weak Roots             1488 us, workers (us): 1488, ---, ---, 
[85.038s][info][gc,stats    ]     CWR: CLDG Roots                   7 us, workers (us):   7, ---, ---, 
[85.038s][info][gc,stats    ]   Rendezvous                        129 us
[85.038s][info][gc,stats    ] Concurrent Cleanup                   77 us
[85.038s][info][gc,stats    ] Concurrent Class Unloading         3506 us
[85.038s][info][gc,stats    ]   Unlink Stale                     3020 us
[85.038s][info][gc,stats    ]     System Dictionary                 8 us
[85.038s][info][gc,stats    ]     Weak Class Links                  0 us
[85.038s][info][gc,stats    ]     Code Roots                     3011 us
[85.038s][info][gc,stats    ]   Rendezvous                        131 us
[85.038s][info][gc,stats    ]   Purge Unlinked                    254 us
[85.038s][info][gc,stats    ]     Code Roots                      244 us
[85.038s][info][gc,stats    ]     CLDG                              9 us
[85.038s][info][gc,stats    ]     Exception Caches                  0 us
[85.038s][info][gc,stats    ] Pause Final Roots (G)               166 us
[85.038s][info][gc,stats    ] Pause Final Roots (N)                69 us
[85.038s][info][gc,stats    ] 
[85.038s][info][gc,stats    ] Allocation pacing accrued:
[85.038s][info][gc,stats    ]       0 of   300 ms (  0.0%): <total>
[85.038s][info][gc,stats    ]       0 of   300 ms (  0.0%): <average total>
[85.038s][info][gc,stats    ] 
[85.038s][info][gc,metaspace] Metaspace: 14227K(14528K)->14227K(14528K) NonClass: 12321K(12480K)->12321K(12480K) Class: 1905K(2048K)->1905K(2048K)
[85.038s][info][gc,ergo     ] Pacer for Idle. Initial: 41943K, Alloc Tax Rate: 1.0x
[85.505s][info][gc          ] Trigger: Learning 2 of 5. Free (1430M) is below initial threshold (1433M)
[85.505s][info][gc,ergo     ] Free: 1430M, Max: 1024K regular, 1429M humongous, Frag: 0% external, 0% internal; Reserve: 103M, Max: 1024K
[85.505s][info][gc,start    ] GC(206) Concurrent reset
[85.505s][info][gc,task     ] GC(206) Using 1 of 3 workers for concurrent reset
[85.505s][info][gc,ergo     ] GC(206) Pacer for Reset. Non-Taxable: 2048M
[85.505s][info][gc          ] GC(206) Concurrent reset 0.124ms
[85.505s][info][gc,start    ] GC(206) Pause Init Mark (unload classes)
[85.505s][info][gc,task     ] GC(206) Using 3 of 3 workers for init marking
[85.505s][info][gc,ergo     ] GC(206) Pacer for Mark. Expected Live: 4519K, Free: 1430M, Non-Taxable: 143M, Alloc Tax Rate: 0.0x
[85.505s][info][gc          ] GC(206) Pause Init Mark (unload classes) 0.092ms
[85.505s][info][gc,start    ] GC(206) Concurrent marking roots
[85.505s][info][gc,task     ] GC(206) Using 1 of 3 workers for concurrent marking roots
[85.506s][info][gc          ] GC(206) Concurrent marking roots 0.410ms
[85.506s][info][gc,start    ] GC(206) Concurrent marking (unload classes)
[85.506s][info][gc,task     ] GC(206) Using 1 of 3 workers for concurrent marking
[85.510s][info][gc          ] GC(206) Concurrent marking (unload classes) 3.935ms
[85.510s][info][gc,start    ] GC(206) Pause Final Mark (unload classes)
[85.510s][info][gc,task     ] GC(206) Using 3 of 3 workers for final marking
[85.510s][info][gc,ergo     ] GC(206) Collectable Garbage: 492M (96%), Immediate: 492M (96%), CSet: 0B (0%)
[85.510s][info][gc          ] GC(206) Pause Final Mark (unload classes) 0.144ms
[85.510s][info][gc,start    ] GC(206) Concurrent weak references
[85.510s][info][gc,task     ] GC(206) Using 1 of 3 workers for concurrent weak references
[85.510s][info][gc,ref      ] GC(206) Encountered references: Soft: 140, Weak: 729, Final: 0, Phantom: 64
[85.510s][info][gc,ref      ] GC(206) Discovered  references: Soft: 0, Weak: 147, Final: 0, Phantom: 37
[85.510s][info][gc,ref      ] GC(206) Enqueued    references: Soft: 0, Weak: 0, Final: 0, Phantom: 0
[85.510s][info][gc          ] GC(206) Concurrent weak references 0.071ms
[85.510s][info][gc,start    ] GC(206) Concurrent weak roots
[85.510s][info][gc,task     ] GC(206) Using 1 of 3 workers for concurrent weak root
[85.514s][info][gc          ] GC(206) Concurrent weak roots 3.661ms
[85.514s][info][gc,start    ] GC(206) Concurrent cleanup
[85.514s][info][gc          ] GC(206) Concurrent cleanup 527M->35M(2048M) 0.053ms
[85.514s][info][gc,ergo     ] GC(206) Free: 1909M, Max: 1024K regular, 1416M humongous, Frag: 26% external, 0% internal; Reserve: 103M, Max: 1024K
[85.514s][info][gc,start    ] GC(206) Concurrent class unloading
[85.514s][info][gc,task     ] GC(206) Using 1 of 3 workers for concurrent class unloading
[85.517s][info][gc          ] GC(206) Concurrent class unloading 3.386ms
[85.517s][info][gc,start    ] GC(206) Pause Final Roots
[85.517s][info][gc          ] GC(206) Pause Final Roots 0.022ms
[85.517s][info][gc,ergo     ] Free: 1907M, Max: 1024K regular, 1416M humongous, Frag: 26% external, 0% internal; Reserve: 103M, Max: 1024K
[85.517s][info][gc,stats    ] 
[85.517s][info][gc,stats    ] All times are wall-clock times, except per-root-class counters, that are sum over
[85.517s][info][gc,stats    ] all workers. Dividing the <total> over the root stage time estimates parallelism.
[85.517s][info][gc,stats    ] 
[85.517s][info][gc,stats    ] Concurrent Reset                    134 us
[85.517s][info][gc,stats    ] Pause Init Mark (G)                 223 us
[85.517s][info][gc,stats    ] Pause Init Mark (N)                 100 us
[85.517s][info][gc,stats    ]   Update Region States               25 us
[85.517s][info][gc,stats    ] Concurrent Mark Roots               431 us, parallelism: 0.83x
[85.517s][info][gc,stats    ]   CMR: <total>                      356 us
[85.517s][info][gc,stats    ]   CMR: Thread Roots                 316 us, workers (us): 316, ---, ---, 
[85.517s][info][gc,stats    ]   CMR: VM Strong Roots                5 us, workers (us):   5, ---, ---, 
[85.517s][info][gc,stats    ]   CMR: CLDG Roots                    35 us, workers (us):  35, ---, ---, 
[85.517s][info][gc,stats    ] Concurrent Marking                 3980 us
[85.517s][info][gc,stats    ] Pause Final Mark (G)                212 us
[85.517s][info][gc,stats    ] Pause Final Mark (N)                152 us
[85.517s][info][gc,stats    ]   Finish Mark                        33 us
[85.517s][info][gc,stats    ]   Update Region States               25 us
[85.517s][info][gc,stats    ]   Choose Collection Set              28 us
[85.517s][info][gc,stats    ]   Rebuild Free Set                    8 us
[85.517s][info][gc,stats    ] Concurrent Weak References           84 us, parallelism: 0.11x
[85.517s][info][gc,stats    ]   CWRF: <total>                       9 us
[85.517s][info][gc,stats    ]   CWRF: Weak References               9 us, workers (us):   9, ---, ---, 
[85.517s][info][gc,stats    ] Concurrent Weak Roots              3706 us
[85.517s][info][gc,stats    ]   Roots                            3573 us, parallelism: 0.99x
[85.517s][info][gc,stats    ]     CWR: <total>                   3545 us
[85.517s][info][gc,stats    ]     CWR: Code Cache Roots           663 us, workers (us): 663, ---, ---, 
[85.517s][info][gc,stats    ]     CWR: VM Weak Roots             2875 us, workers (us): 2875, ---, ---, 
[85.517s][info][gc,stats    ]     CWR: CLDG Roots                   7 us, workers (us):   7, ---, ---, 
[85.517s][info][gc,stats    ]   Rendezvous                         66 us
[85.517s][info][gc,stats    ] Concurrent Cleanup                   62 us
[85.518s][info][gc,stats    ] Concurrent Class Unloading         3427 us
[85.518s][info][gc,stats    ]   Unlink Stale                     3088 us
[85.518s][info][gc,stats    ]     System Dictionary                 7 us
[85.518s][info][gc,stats    ]     Weak Class Links                  0 us
[85.518s][info][gc,stats    ]     Code Roots                     3079 us
[85.518s][info][gc,stats    ]   Rendezvous                         98 us
[85.518s][info][gc,stats    ]   Purge Unlinked                    182 us
[85.518s][info][gc,stats    ]     Code Roots                      178 us
[85.518s][info][gc,stats    ]     CLDG                              3 us
[85.518s][info][gc,stats    ]     Exception Caches                  0 us
[85.518s][info][gc,stats    ] Pause Final Roots (G)               135 us
[85.518s][info][gc,stats    ] Pause Final Roots (N)                31 us
[85.518s][info][gc,stats    ] 
[85.518s][info][gc,stats    ] Allocation pacing accrued:
[85.518s][info][gc,stats    ]       0 of   480 ms (  0.0%): <total>
[85.518s][info][gc,stats    ]       0 of   480 ms (  0.0%): <average total>
[85.518s][info][gc,stats    ] 
[85.518s][info][gc,metaspace] Metaspace: 14227K(14528K)->14227K(14528K) NonClass: 12321K(12480K)->12321K(12480K) Class: 1905K(2048K)->1905K(2048K)
[85.518s][info][gc,ergo     ] Pacer for Idle. Initial: 41943K, Alloc Tax Rate: 1.0x
[85.962s][info][gc          ] Trigger: Learning 3 of 5. Free (1433M) is below initial threshold (1433M)
[85.962s][info][gc,ergo     ] Free: 1433M, Max: 1024K regular, 1416M humongous, Frag: 2% external, 0% internal; Reserve: 103M, Max: 1024K
[85.962s][info][gc,start    ] GC(207) Concurrent reset
[85.962s][info][gc,task     ] GC(207) Using 1 of 3 workers for concurrent reset
[85.962s][info][gc,ergo     ] GC(207) Pacer for Reset. Non-Taxable: 2048M
[85.962s][info][gc          ] GC(207) Concurrent reset 0.170ms
[85.962s][info][gc,start    ] GC(207) Pause Init Mark (unload classes)
[85.962s][info][gc,task     ] GC(207) Using 3 of 3 workers for init marking
[85.962s][info][gc,ergo     ] GC(207) Pacer for Mark. Expected Live: 4519K, Free: 1433M, Non-Taxable: 143M, Alloc Tax Rate: 0.0x
[85.962s][info][gc          ] GC(207) Pause Init Mark (unload classes) 0.097ms
[85.962s][info][gc,start    ] GC(207) Concurrent marking roots
[85.962s][info][gc,task     ] GC(207) Using 1 of 3 workers for concurrent marking roots
[85.963s][info][gc          ] GC(207) Concurrent marking roots 0.422ms
[85.963s][info][gc,start    ] GC(207) Concurrent marking (unload classes)
[85.963s][info][gc,task     ] GC(207) Using 1 of 3 workers for concurrent marking
[85.967s][info][gc          ] GC(207) Concurrent marking (unload classes) 3.962ms
[85.967s][info][gc,start    ] GC(207) Pause Final Mark (unload classes)
[85.967s][info][gc,task     ] GC(207) Using 3 of 3 workers for final marking
[85.967s][info][gc,ergo     ] GC(207) Collectable Garbage: 486M (95%), Immediate: 486M (95%), CSet: 0B (0%)
[85.967s][info][gc          ] GC(207) Pause Final Mark (unload classes) 0.128ms
[85.967s][info][gc,start    ] GC(207) Concurrent weak references
[85.967s][info][gc,task     ] GC(207) Using 1 of 3 workers for concurrent weak references
[85.967s][info][gc,ref      ] GC(207) Encountered references: Soft: 140, Weak: 729, Final: 0, Phantom: 64
[85.967s][info][gc,ref      ] GC(207) Discovered  references: Soft: 0, Weak: 147, Final: 0, Phantom: 37
[85.967s][info][gc,ref      ] GC(207) Enqueued    references: Soft: 0, Weak: 0, Final: 0, Phantom: 0
[85.967s][info][gc          ] GC(207) Concurrent weak references 0.089ms
[85.967s][info][gc,start    ] GC(207) Concurrent weak roots
[85.967s][info][gc,task     ] GC(207) Using 1 of 3 workers for concurrent weak root
[85.971s][info][gc          ] GC(207) Concurrent weak roots 4.110ms
[85.971s][info][gc,start    ] GC(207) Concurrent cleanup
[85.971s][info][gc          ] GC(207) Concurrent cleanup 524M->38M(2048M) 0.054ms
[85.971s][info][gc,ergo     ] GC(207) Free: 1906M, Max: 1024K regular, 1419M humongous, Frag: 26% external, 0% internal; Reserve: 103M, Max: 1024K
[85.971s][info][gc,start    ] GC(207) Concurrent class unloading
[85.971s][info][gc,task     ] GC(207) Using 1 of 3 workers for concurrent class unloading
[85.975s][info][gc          ] GC(207) Concurrent class unloading 3.200ms
[85.975s][info][gc,start    ] GC(207) Pause Final Roots
[85.975s][info][gc          ] GC(207) Pause Final Roots 0.037ms
[85.975s][info][gc,ergo     ] Free: 1904M, Max: 1024K regular, 1419M humongous, Frag: 26% external, 0% internal; Reserve: 103M, Max: 1024K
[85.975s][info][gc,stats    ] 
[85.975s][info][gc,stats    ] All times are wall-clock times, except per-root-class counters, that are sum over
[85.975s][info][gc,stats    ] all workers. Dividing the <total> over the root stage time estimates parallelism.
[85.975s][info][gc,stats    ] 
[85.975s][info][gc,stats    ] Concurrent Reset                    183 us
[85.975s][info][gc,stats    ] Pause Init Mark (G)                 216 us
[85.975s][info][gc,stats    ] Pause Init Mark (N)                 106 us
[85.975s][info][gc,stats    ]   Update Region States               24 us
[85.975s][info][gc,stats    ] Concurrent Mark Roots               435 us, parallelism: 0.86x
[85.975s][info][gc,stats    ]   CMR: <total>                      372 us
[85.975s][info][gc,stats    ]   CMR: Thread Roots                 328 us, workers (us): 328, ---, ---, 
[85.975s][info][gc,stats    ]   CMR: VM Strong Roots                5 us, workers (us):   5, ---, ---, 
[85.975s][info][gc,stats    ]   CMR: CLDG Roots                    40 us, workers (us):  40, ---, ---, 
[85.975s][info][gc,stats    ] Concurrent Marking                 4007 us
[85.975s][info][gc,stats    ] Pause Final Mark (G)                205 us
[85.975s][info][gc,stats    ] Pause Final Mark (N)                136 us
[85.975s][info][gc,stats    ]   Finish Mark                        35 us
[85.975s][info][gc,stats    ]   Update Region States               28 us
[85.975s][info][gc,stats    ]   Choose Collection Set              27 us
[85.975s][info][gc,stats    ]   Rebuild Free Set                    8 us
[85.975s][info][gc,stats    ] Concurrent Weak References           97 us, parallelism: 0.08x
[85.975s][info][gc,stats    ]   CWRF: <total>                       8 us
[85.975s][info][gc,stats    ]   CWRF: Weak References               8 us, workers (us):   8, ---, ---, 
[85.975s][info][gc,stats    ] Concurrent Weak Roots              4150 us
[85.975s][info][gc,stats    ]   Roots                            4042 us, parallelism: 0.99x
[85.975s][info][gc,stats    ]     CWR: <total>                   4014 us
[85.975s][info][gc,stats    ]     CWR: Code Cache Roots           666 us, workers (us): 666, ---, ---, 
[85.975s][info][gc,stats    ]     CWR: VM Weak Roots             3341 us, workers (us): 3341, ---, ---, 
[85.975s][info][gc,stats    ]     CWR: CLDG Roots                   7 us, workers (us):   7, ---, ---, 
[85.975s][info][gc,stats    ]   Rendezvous                         51 us
[85.975s][info][gc,stats    ] Concurrent Cleanup                   62 us
[85.975s][info][gc,stats    ] Concurrent Class Unloading         3249 us
[85.975s][info][gc,stats    ]   Unlink Stale                     2983 us
[85.975s][info][gc,stats    ]     System Dictionary                 7 us
[85.975s][info][gc,stats    ]     Weak Class Links                  0 us
[85.975s][info][gc,stats    ]     Code Roots                     2973 us
[85.975s][info][gc,stats    ]   Rendezvous                         64 us
[85.975s][info][gc,stats    ]   Purge Unlinked                    135 us
[85.975s][info][gc,stats    ]     Code Roots                      132 us
[85.975s][info][gc,stats    ]     CLDG                              3 us
[85.975s][info][gc,stats    ]     Exception Caches                  0 us
[85.975s][info][gc,stats    ] Pause Final Roots (G)                92 us
[85.975s][info][gc,stats    ] Pause Final Roots (N)                46 us
[85.975s][info][gc,stats    ] 
[85.975s][info][gc,stats    ] Allocation pacing accrued:
[85.975s][info][gc,stats    ]       0 of   457 ms (  0.0%): <total>
[85.975s][info][gc,stats    ]       0 of   457 ms (  0.0%): <average total>
[85.975s][info][gc,stats    ] 
[85.975s][info][gc,metaspace] Metaspace: 14227K(14528K)->14227K(14528K) NonClass: 12321K(12480K)->12321K(12480K) Class: 1905K(2048K)->1905K(2048K)
[85.975s][info][gc,ergo     ] Pacer for Idle. Initial: 41943K, Alloc Tax Rate: 1.0x
[86.416s][info][gc          ] Trigger: Learning 4 of 5. Free (1433M) is below initial threshold (1433M)
[86.416s][info][gc,ergo     ] Free: 1433M, Max: 1024K regular, 1419M humongous, Frag: 1% external, 0% internal; Reserve: 103M, Max: 1024K
[86.416s][info][gc,start    ] GC(208) Concurrent reset
[86.416s][info][gc,task     ] GC(208) Using 1 of 3 workers for concurrent reset
[86.416s][info][gc,ergo     ] GC(208) Pacer for Reset. Non-Taxable: 2048M
[86.416s][info][gc          ] GC(208) Concurrent reset 0.211ms
[86.416s][info][gc,start    ] GC(208) Pause Init Mark (unload classes)
[86.416s][info][gc,task     ] GC(208) Using 3 of 3 workers for init marking
[86.416s][info][gc,ergo     ] GC(208) Pacer for Mark. Expected Live: 4519K, Free: 1433M, Non-Taxable: 143M, Alloc Tax Rate: 0.0x
[86.416s][info][gc          ] GC(208) Pause Init Mark (unload classes) 0.090ms
[86.416s][info][gc,start    ] GC(208) Concurrent marking roots
[86.416s][info][gc,task     ] GC(208) Using 1 of 3 workers for concurrent marking roots
[86.417s][info][gc          ] GC(208) Concurrent marking roots 0.406ms
[86.417s][info][gc,start    ] GC(208) Concurrent marking (unload classes)
[86.417s][info][gc,task     ] GC(208) Using 1 of 3 workers for concurrent marking
[86.420s][info][gc          ] GC(208) Concurrent marking (unload classes) 3.908ms
[86.421s][info][gc,start    ] GC(208) Pause Final Mark (unload classes)
[86.421s][info][gc,task     ] GC(208) Using 3 of 3 workers for final marking
[86.421s][info][gc,ergo     ] GC(208) Collectable Garbage: 484M (95%), Immediate: 484M (95%), CSet: 0B (0%)
[86.421s][info][gc          ] GC(208) Pause Final Mark (unload classes) 0.163ms
[86.421s][info][gc,start    ] GC(208) Concurrent weak references
[86.421s][info][gc,task     ] GC(208) Using 1 of 3 workers for concurrent weak references
[86.421s][info][gc,ref      ] GC(208) Encountered references: Soft: 140, Weak: 729, Final: 0, Phantom: 64
[86.421s][info][gc,ref      ] GC(208) Discovered  references: Soft: 0, Weak: 147, Final: 0, Phantom: 37
[86.421s][info][gc,ref      ] GC(208) Enqueued    references: Soft: 0, Weak: 0, Final: 0, Phantom: 0
[86.421s][info][gc          ] GC(208) Concurrent weak references 0.062ms
[86.421s][info][gc,start    ] GC(208) Concurrent weak roots
[86.421s][info][gc,task     ] GC(208) Using 1 of 3 workers for concurrent weak root
[86.425s][info][gc          ] GC(208) Concurrent weak roots 4.673ms
[86.425s][info][gc,start    ] GC(208) Concurrent cleanup
[86.426s][info][gc          ] GC(208) Concurrent cleanup 523M->39M(2048M) 0.056ms
[86.426s][info][gc,ergo     ] GC(208) Free: 1905M, Max: 1024K regular, 1419M humongous, Frag: 26% external, 0% internal; Reserve: 103M, Max: 1024K
[86.426s][info][gc,start    ] GC(208) Concurrent class unloading
[86.426s][info][gc,task     ] GC(208) Using 1 of 3 workers for concurrent class unloading
[86.429s][info][gc          ] GC(208) Concurrent class unloading 3.181ms
[86.429s][info][gc,start    ] GC(208) Pause Final Roots
[86.429s][info][gc          ] GC(208) Pause Final Roots 0.038ms
[86.429s][info][gc,ergo     ] Free: 1901M, Max: 1024K regular, 1419M humongous, Frag: 26% external, 0% internal; Reserve: 103M, Max: 1024K
[86.429s][info][gc,stats    ] 
[86.429s][info][gc,stats    ] All times are wall-clock times, except per-root-class counters, that are sum over
[86.429s][info][gc,stats    ] all workers. Dividing the <total> over the root stage time estimates parallelism.
[86.429s][info][gc,stats    ] 
[86.429s][info][gc,stats    ] Concurrent Reset                    230 us
[86.429s][info][gc,stats    ] Pause Init Mark (G)                 210 us
[86.429s][info][gc,stats    ] Pause Init Mark (N)                  98 us
[86.429s][info][gc,stats    ]   Update Region States               26 us
[86.429s][info][gc,stats    ] Concurrent Mark Roots               420 us, parallelism: 0.85x
[86.429s][info][gc,stats    ]   CMR: <total>                      356 us
[86.429s][info][gc,stats    ]   CMR: Thread Roots                 312 us, workers (us): 312, ---, ---, 
[86.429s][info][gc,stats    ]   CMR: VM Strong Roots                5 us, workers (us):   5, ---, ---, 
[86.429s][info][gc,stats    ]   CMR: CLDG Roots                    39 us, workers (us):  39, ---, ---, 
[86.429s][info][gc,stats    ] Concurrent Marking                 3944 us
[86.429s][info][gc,stats    ] Pause Final Mark (G)                234 us
[86.429s][info][gc,stats    ] Pause Final Mark (N)                172 us
[86.429s][info][gc,stats    ]   Finish Mark                        35 us
[86.429s][info][gc,stats    ]   Update Region States               30 us
[86.429s][info][gc,stats    ]   Choose Collection Set              34 us
[86.429s][info][gc,stats    ]   Rebuild Free Set                    8 us
[86.429s][info][gc,stats    ] Concurrent Weak References           69 us, parallelism: 0.15x
[86.429s][info][gc,stats    ]   CWRF: <total>                      10 us
[86.429s][info][gc,stats    ]   CWRF: Weak References              10 us, workers (us):  10, ---, ---, 
[86.429s][info][gc,stats    ] Concurrent Weak Roots              4716 us
[86.429s][info][gc,stats    ]   Roots                            4606 us, parallelism: 0.99x
[86.429s][info][gc,stats    ]     CWR: <total>                   4580 us
[86.429s][info][gc,stats    ]     CWR: Code Cache Roots           665 us, workers (us): 665, ---, ---, 
[86.429s][info][gc,stats    ]     CWR: VM Weak Roots             3908 us, workers (us): 3908, ---, ---, 
[86.429s][info][gc,stats    ]     CWR: CLDG Roots                   7 us, workers (us):   7, ---, ---, 
[86.429s][info][gc,stats    ]   Rendezvous                         51 us
[86.429s][info][gc,stats    ] Concurrent Cleanup                   66 us
[86.429s][info][gc,stats    ] Concurrent Class Unloading         3231 us
[86.429s][info][gc,stats    ]   Unlink Stale                     2978 us
[86.429s][info][gc,stats    ]     System Dictionary                 8 us
[86.429s][info][gc,stats    ]     Weak Class Links                  0 us
[86.429s][info][gc,stats    ]     Code Roots                     2969 us
[86.429s][info][gc,stats    ]   Rendezvous                         47 us
[86.429s][info][gc,stats    ]   Purge Unlinked                    136 us
[86.429s][info][gc,stats    ]     Code Roots                      133 us
[86.429s][info][gc,stats    ]     CLDG                              3 us
[86.429s][info][gc,stats    ]     Exception Caches                  0 us
[86.429s][info][gc,stats    ] Pause Final Roots (G)                97 us
[86.429s][info][gc,stats    ] Pause Final Roots (N)                47 us
[86.429s][info][gc,stats    ] 
[86.429s][info][gc,stats    ] Allocation pacing accrued:
[86.429s][info][gc,stats    ]       0 of   454 ms (  0.0%): <total>
[86.429s][info][gc,stats    ]       0 of   454 ms (  0.0%): <average total>
[86.429s][info][gc,stats    ] 
[86.429s][info][gc,metaspace] Metaspace: 14227K(14528K)->14227K(14528K) NonClass: 12321K(12480K)->12321K(12480K) Class: 1905K(2048K)->1905K(2048K)
[86.429s][info][gc,ergo     ] Pacer for Idle. Initial: 41943K, Alloc Tax Rate: 1.0x
[86.870s][info][gc          ] Trigger: Learning 5 of 5. Free (1430M) is below initial threshold (1433M)
[86.870s][info][gc,ergo     ] Free: 1430M, Max: 1024K regular, 1419M humongous, Frag: 1% external, 0% internal; Reserve: 103M, Max: 1024K
[86.870s][info][gc,start    ] GC(209) Concurrent reset
[86.870s][info][gc,task     ] GC(209) Using 1 of 3 workers for concurrent reset
[86.870s][info][gc,ergo     ] GC(209) Pacer for Reset. Non-Taxable: 2048M
[86.870s][info][gc          ] GC(209) Concurrent reset 0.173ms
[86.870s][info][gc,start    ] GC(209) Pause Init Mark (unload classes)
[86.870s][info][gc,task     ] GC(209) Using 3 of 3 workers for init marking
[86.870s][info][gc,ergo     ] GC(209) Pacer for Mark. Expected Live: 4519K, Free: 1430M, Non-Taxable: 143M, Alloc Tax Rate: 0.0x
[86.870s][info][gc          ] GC(209) Pause Init Mark (unload classes) 0.088ms
[86.870s][info][gc,start    ] GC(209) Concurrent marking roots
[86.870s][info][gc,task     ] GC(209) Using 1 of 3 workers for concurrent marking roots
[86.871s][info][gc          ] GC(209) Concurrent marking roots 0.386ms
[86.871s][info][gc,start    ] GC(209) Concurrent marking (unload classes)
[86.871s][info][gc,task     ] GC(209) Using 1 of 3 workers for concurrent marking
[86.875s][info][gc          ] GC(209) Concurrent marking (unload classes) 4.032ms
[86.875s][info][gc,start    ] GC(209) Pause Final Mark (unload classes)
[86.875s][info][gc,task     ] GC(209) Using 3 of 3 workers for final marking
[86.875s][info][gc,ergo     ] GC(209) Collectable Garbage: 483M (94%), Immediate: 483M (94%), CSet: 0B (0%)
[86.875s][info][gc          ] GC(209) Pause Final Mark (unload classes) 0.145ms
[86.875s][info][gc,start    ] GC(209) Concurrent weak references
[86.875s][info][gc,task     ] GC(209) Using 1 of 3 workers for concurrent weak references
[86.875s][info][gc,ref      ] GC(209) Encountered references: Soft: 140, Weak: 729, Final: 0, Phantom: 64
[86.875s][info][gc,ref      ] GC(209) Discovered  references: Soft: 0, Weak: 147, Final: 0, Phantom: 37
[86.875s][info][gc,ref      ] GC(209) Enqueued    references: Soft: 0, Weak: 0, Final: 0, Phantom: 0
[86.875s][info][gc          ] GC(209) Concurrent weak references 0.057ms
[86.875s][info][gc,start    ] GC(209) Concurrent weak roots
[86.875s][info][gc,task     ] GC(209) Using 1 of 3 workers for concurrent weak root
[86.880s][info][gc          ] GC(209) Concurrent weak roots 5.301ms
[86.880s][info][gc,start    ] GC(209) Concurrent cleanup
[86.880s][info][gc          ] GC(209) Concurrent cleanup 526M->42M(2048M) 0.053ms
[86.880s][info][gc,ergo     ] GC(209) Free: 1902M, Max: 1024K regular, 1417M humongous, Frag: 26% external, 0% internal; Reserve: 103M, Max: 1024K
[86.880s][info][gc,start    ] GC(209) Concurrent class unloading
[86.880s][info][gc,task     ] GC(209) Using 1 of 3 workers for concurrent class unloading
[86.884s][info][gc          ] GC(209) Concurrent class unloading 3.330ms
[86.884s][info][gc,start    ] GC(209) Pause Final Roots
[86.884s][info][gc          ] GC(209) Pause Final Roots 0.039ms
[86.884s][info][gc,ergo     ] Free: 1897M, Max: 1024K regular, 1417M humongous, Frag: 26% external, 0% internal; Reserve: 103M, Max: 1024K
[86.884s][info][gc,stats    ] 
[86.884s][info][gc,stats    ] All times are wall-clock times, except per-root-class counters, that are sum over
[86.884s][info][gc,stats    ] all workers. Dividing the <total> over the root stage time estimates parallelism.
[86.884s][info][gc,stats    ] 
[86.884s][info][gc,stats    ] Concurrent Reset                    191 us
[86.884s][info][gc,stats    ] Pause Init Mark (G)                 214 us
[86.884s][info][gc,stats    ] Pause Init Mark (N)                  96 us
[86.884s][info][gc,stats    ]   Update Region States               25 us
[86.884s][info][gc,stats    ] Concurrent Mark Roots               398 us, parallelism: 0.87x
[86.884s][info][gc,stats    ]   CMR: <total>                      345 us
[86.884s][info][gc,stats    ]   CMR: Thread Roots                 307 us, workers (us): 307, ---, ---, 
[86.884s][info][gc,stats    ]   CMR: VM Strong Roots                4 us, workers (us):   4, ---, ---, 
[86.884s][info][gc,stats    ]   CMR: CLDG Roots                    34 us, workers (us):  34, ---, ---, 
[86.884s][info][gc,stats    ] Concurrent Marking                 4079 us
[86.884s][info][gc,stats    ] Pause Final Mark (G)                239 us
[86.884s][info][gc,stats    ] Pause Final Mark (N)                155 us
[86.884s][info][gc,stats    ]   Finish Mark                        34 us
[86.884s][info][gc,stats    ]   Update Region States               29 us
[86.884s][info][gc,stats    ]   Choose Collection Set              51 us
[86.884s][info][gc,stats    ]   Rebuild Free Set                    7 us
[86.884s][info][gc,stats    ] Concurrent Weak References           64 us, parallelism: 0.10x
[86.884s][info][gc,stats    ]   CWRF: <total>                       7 us
[86.884s][info][gc,stats    ]   CWRF: Weak References               7 us, workers (us):   7, ---, ---, 
[86.884s][info][gc,stats    ] Concurrent Weak Roots              5354 us
[86.884s][info][gc,stats    ]   Roots                            5147 us, parallelism: 0.99x
[86.884s][info][gc,stats    ]     CWR: <total>                   5118 us
[86.884s][info][gc,stats    ]     CWR: Code Cache Roots           761 us, workers (us): 761, ---, ---, 
[86.884s][info][gc,stats    ]     CWR: VM Weak Roots             4349 us, workers (us): 4349, ---, ---, 
[86.884s][info][gc,stats    ]     CWR: CLDG Roots                   8 us, workers (us):   8, ---, ---, 
[86.884s][info][gc,stats    ]   Rendezvous                        138 us
[86.884s][info][gc,stats    ] Concurrent Cleanup                   62 us
[86.884s][info][gc,stats    ] Concurrent Class Unloading         3380 us
[86.884s][info][gc,stats    ]   Unlink Stale                     3070 us
[86.884s][info][gc,stats    ]     System Dictionary                 8 us
[86.884s][info][gc,stats    ]     Weak Class Links                  0 us
[86.884s][info][gc,stats    ]     Code Roots                     3059 us
[86.884s][info][gc,stats    ]   Rendezvous                        106 us
[86.884s][info][gc,stats    ]   Purge Unlinked                    136 us
[86.884s][info][gc,stats    ]     Code Roots                      133 us
[86.884s][info][gc,stats    ]     CLDG                              3 us
[86.884s][info][gc,stats    ]     Exception Caches                  0 us
[86.884s][info][gc,stats    ] Pause Final Roots (G)               128 us
[86.884s][info][gc,stats    ] Pause Final Roots (N)                49 us
[86.884s][info][gc,stats    ] 
[86.884s][info][gc,stats    ] Allocation pacing accrued:
[86.884s][info][gc,stats    ]       0 of   455 ms (  0.0%): <total>
[86.884s][info][gc,stats    ]       0 of   455 ms (  0.0%): <average total>
[86.884s][info][gc,stats    ] 
[86.884s][info][gc,metaspace] Metaspace: 14227K(14528K)->14227K(14528K) NonClass: 12321K(12480K)->12321K(12480K) Class: 1905K(2048K)->1905K(2048K)
[86.884s][info][gc,ergo     ] Pacer for Idle. Initial: 41943K, Alloc Tax Rate: 1.0x
[87.097s][info][gc          ] Trigger: Explicit GC request (System.gc())
[87.097s][info][gc,ergo     ] Free: 1732M, Max: 1024K regular, 1417M humongous, Frag: 19% external, 0% internal; Reserve: 103M, Max: 1024K
[87.097s][info][gc,start    ] GC(210) Concurrent reset
[87.097s][info][gc,task     ] GC(210) Using 1 of 3 workers for concurrent reset
[87.097s][info][gc,ergo     ] GC(210) Pacer for Reset. Non-Taxable: 2048M
[87.098s][info][gc          ] GC(210) Concurrent reset 0.486ms
[87.098s][info][gc,start    ] GC(210) Pause Init Mark (unload classes)
[87.098s][info][gc,task     ] GC(210) Using 3 of 3 workers for init marking
[87.098s][info][gc,ref      ] GC(210) Clearing All SoftReferences
[87.098s][info][gc,ergo     ] GC(210) Pacer for Mark. Expected Live: 4519K, Free: 1732M, Non-Taxable: 173M, Alloc Tax Rate: 0.0x
[87.098s][info][gc          ] GC(210) Pause Init Mark (unload classes) 0.269ms
[87.098s][info][gc,start    ] GC(210) Concurrent marking roots
[87.098s][info][gc,task     ] GC(210) Using 1 of 3 workers for concurrent marking roots
[87.099s][info][gc          ] GC(210) Concurrent marking roots 0.480ms
[87.099s][info][gc,start    ] GC(210) Concurrent marking (unload classes)
[87.099s][info][gc,task     ] GC(210) Using 1 of 3 workers for concurrent marking
[87.103s][info][gc          ] GC(210) Concurrent marking (unload classes) 4.220ms
[87.103s][info][gc,start    ] GC(210) Pause Final Mark (unload classes)
[87.103s][info][gc,task     ] GC(210) Using 3 of 3 workers for final marking
[87.103s][info][gc,ergo     ] GC(210) Collectable Garbage: 201M (96%), Immediate: 201M (96%), CSet: 0B (0%)
[87.103s][info][gc          ] GC(210) Pause Final Mark (unload classes) 0.301ms
[87.103s][info][gc,start    ] GC(210) Concurrent weak references
[87.103s][info][gc,task     ] GC(210) Using 1 of 3 workers for concurrent weak references
[87.103s][info][gc,ref      ] GC(210) Encountered references: Soft: 140, Weak: 713, Final: 0, Phantom: 64
[87.103s][info][gc,ref      ] GC(210) Discovered  references: Soft: 88, Weak: 169, Final: 0, Phantom: 62
[87.103s][info][gc,ref      ] GC(210) Enqueued    references: Soft: 3, Weak: 0, Final: 0, Phantom: 0
[87.104s][info][gc          ] GC(210) Concurrent weak references 0.139ms
[87.104s][info][gc,start    ] GC(210) Concurrent weak roots
[87.104s][info][gc,task     ] GC(210) Using 1 of 3 workers for concurrent weak root
[87.105s][info][gc          ] GC(210) Concurrent weak roots 1.436ms
[87.105s][info][gc,start    ] GC(210) Concurrent cleanup
[87.105s][info][gc          ] GC(210) Concurrent cleanup 212M->10M(2048M) 0.039ms
[87.105s][info][gc,ergo     ] GC(210) Free: 1934M, Max: 1024K regular, 1738M humongous, Frag: 11% external, 0% internal; Reserve: 103M, Max: 1024K
[87.105s][info][gc,start    ] GC(210) Concurrent class unloading
[87.105s][info][gc,task     ] GC(210) Using 1 of 3 workers for concurrent class unloading
[87.109s][info][gc          ] GC(210) Concurrent class unloading 3.588ms
[87.109s][info][gc,start    ] GC(210) Pause Final Roots
[87.109s][info][gc          ] GC(210) Pause Final Roots 0.064ms
[87.109s][info][gc,ergo     ] Free: 1934M, Max: 1024K regular, 1738M humongous, Frag: 11% external, 0% internal; Reserve: 103M, Max: 1024K
[87.109s][info][gc,stats    ] 
[87.109s][info][gc,stats    ] All times are wall-clock times, except per-root-class counters, that are sum over
[87.109s][info][gc,stats    ] all workers. Dividing the <total> over the root stage time estimates parallelism.
[87.109s][info][gc,stats    ] 
[87.109s][info][gc,stats    ] Concurrent Reset                    545 us
[87.109s][info][gc,stats    ] Pause Init Mark (G)                 418 us
[87.109s][info][gc,stats    ] Pause Init Mark (N)                 287 us
[87.109s][info][gc,stats    ]   Update Region States               81 us
[87.109s][info][gc,stats    ] Concurrent Mark Roots               490 us, parallelism: 0.82x
[87.109s][info][gc,stats    ]   CMR: <total>                      400 us
[87.109s][info][gc,stats    ]   CMR: Thread Roots                 343 us, workers (us): 343, ---, ---, 
[87.109s][info][gc,stats    ]   CMR: VM Strong Roots                6 us, workers (us):   6, ---, ---, 
[87.109s][info][gc,stats    ]   CMR: CLDG Roots                    51 us, workers (us):  51, ---, ---, 
[87.109s][info][gc,stats    ] Concurrent Marking                 4243 us
[87.109s][info][gc,stats    ] Pause Final Mark (G)                354 us
[87.109s][info][gc,stats    ] Pause Final Mark (N)                310 us
[87.109s][info][gc,stats    ]   Finish Mark                       115 us
[87.109s][info][gc,stats    ]   Update Region States               66 us
[87.109s][info][gc,stats    ]   Choose Collection Set              41 us
[87.109s][info][gc,stats    ]   Rebuild Free Set                    9 us
[87.109s][info][gc,stats    ] Concurrent Weak References          160 us, parallelism: 0.05x
[87.109s][info][gc,stats    ]   CWRF: <total>                       8 us
[87.109s][info][gc,stats    ]   CWRF: Weak References               8 us, workers (us):   8, ---, ---, 
[87.109s][info][gc,stats    ] Concurrent Weak Roots              1454 us
[87.109s][info][gc,stats    ]   Roots                            1306 us, parallelism: 0.96x
[87.109s][info][gc,stats    ]     CWR: <total>                   1254 us
[87.109s][info][gc,stats    ]     CWR: Code Cache Roots           613 us, workers (us): 613, ---, ---, 
[87.109s][info][gc,stats    ]     CWR: VM Weak Roots              635 us, workers (us): 635, ---, ---, 
[87.109s][info][gc,stats    ]     CWR: CLDG Roots                   6 us, workers (us):   6, ---, ---, 
[87.109s][info][gc,stats    ]   Rendezvous                         98 us
[87.109s][info][gc,stats    ] Concurrent Cleanup                   55 us
[87.109s][info][gc,stats    ] Concurrent Class Unloading         3608 us
[87.109s][info][gc,stats    ]   Unlink Stale                     3230 us
[87.109s][info][gc,stats    ]     System Dictionary                14 us
[87.109s][info][gc,stats    ]     Weak Class Links                  1 us
[87.109s][info][gc,stats    ]     Code Roots                     3215 us
[87.109s][info][gc,stats    ]   Rendezvous                        135 us
[87.109s][info][gc,stats    ]   Purge Unlinked                    190 us
[87.109s][info][gc,stats    ]     Code Roots                      185 us
[87.109s][info][gc,stats    ]     CLDG                              5 us
[87.109s][info][gc,stats    ]     Exception Caches                  0 us
[87.109s][info][gc,stats    ] Pause Final Roots (G)               157 us
[87.109s][info][gc,stats    ] Pause Final Roots (N)                83 us
[87.109s][info][gc,stats    ] 
[87.109s][info][gc,stats    ] Allocation pacing accrued:
[87.109s][info][gc,stats    ]       0 of   225 ms (  0.0%): <total>
[87.109s][info][gc,stats    ]       0 of   225 ms (  0.0%): <average total>
[87.109s][info][gc,stats    ] 
[87.109s][info][gc,metaspace] Metaspace: 14227K(14528K)->14227K(14528K) NonClass: 12321K(12480K)->12321K(12480K) Class: 1905K(2048K)->1905K(2048K)
[87.109s][info][gc,ergo     ] Pacer for Idle. Initial: 41943K, Alloc Tax Rate: 1.0x
[87.544s][info][gc          ] Trigger: Learning 2 of 5. Free (1430M) is below initial threshold (1433M)
[87.544s][info][gc,ergo     ] Free: 1430M, Max: 1024K regular, 1429M humongous, Frag: 0% external, 0% internal; Reserve: 103M, Max: 1024K
[87.544s][info][gc,start    ] GC(211) Concurrent reset
[87.544s][info][gc,task     ] GC(211) Using 1 of 3 workers for concurrent reset
[87.544s][info][gc,ergo     ] GC(211) Pacer for Reset. Non-Taxable: 2048M
[87.545s][info][gc          ] GC(211) Concurrent reset 0.122ms
[87.545s][info][gc,start    ] GC(211) Pause Init Mark (unload classes)
[87.545s][info][gc,task     ] GC(211) Using 3 of 3 workers for init marking
[87.545s][info][gc,ergo     ] GC(211) Pacer for Mark. Expected Live: 4519K, Free: 1430M, Non-Taxable: 143M, Alloc Tax Rate: 0.0x
[87.545s][info][gc          ] GC(211) Pause Init Mark (unload classes) 0.570ms
[87.546s][info][gc,start    ] GC(211) Concurrent marking roots
[87.546s][info][gc,task     ] GC(211) Using 1 of 3 workers for concurrent marking roots
[87.546s][info][gc          ] GC(211) Concurrent marking roots 0.407ms
[87.546s][info][gc,start    ] GC(211) Concurrent marking (unload classes)
[87.546s][info][gc,task     ] GC(211) Using 1 of 3 workers for concurrent marking
[87.550s][info][gc          ] GC(211) Concurrent marking (unload classes) 4.230ms
[87.550s][info][gc,start    ] GC(211) Pause Final Mark (unload classes)
[87.550s][info][gc,task     ] GC(211) Using 3 of 3 workers for final marking
[87.550s][info][gc,ergo     ] GC(211) Collectable Garbage: 489M (95%), Immediate: 489M (95%), CSet: 0B (0%)
[87.550s][info][gc          ] GC(211) Pause Final Mark (unload classes) 0.149ms
[87.550s][info][gc,start    ] GC(211) Concurrent weak references
[87.550s][info][gc,task     ] GC(211) Using 1 of 3 workers for concurrent weak references
[87.551s][info][gc,ref      ] GC(211) Encountered references: Soft: 140, Weak: 735, Final: 0, Phantom: 64
[87.551s][info][gc,ref      ] GC(211) Discovered  references: Soft: 0, Weak: 151, Final: 0, Phantom: 37
[87.551s][info][gc,ref      ] GC(211) Enqueued    references: Soft: 0, Weak: 2, Final: 0, Phantom: 0
[87.551s][info][gc          ] GC(211) Concurrent weak references 0.068ms
[87.551s][info][gc,start    ] GC(211) Concurrent weak roots
[87.551s][info][gc,task     ] GC(211) Using 1 of 3 workers for concurrent weak root
[87.555s][info][gc          ] GC(211) Concurrent weak roots 4.152ms
[87.555s][info][gc,start    ] GC(211) Concurrent cleanup
[87.555s][info][gc          ] GC(211) Concurrent cleanup 529M->40M(2048M) 0.054ms
[87.555s][info][gc,ergo     ] GC(211) Free: 1904M, Max: 1024K regular, 1414M humongous, Frag: 26% external, 0% internal; Reserve: 103M, Max: 1024K
[87.555s][info][gc,start    ] GC(211) Concurrent class unloading
[87.555s][info][gc,task     ] GC(211) Using 1 of 3 workers for concurrent class unloading
[87.558s][info][gc          ] GC(211) Concurrent class unloading 3.282ms
[87.558s][info][gc,start    ] GC(211) Pause Final Roots
[87.558s][info][gc          ] GC(211) Pause Final Roots 0.040ms
[87.558s][info][gc,ergo     ] Free: 1902M, Max: 1024K regular, 1414M humongous, Frag: 26% external, 0% internal; Reserve: 103M, Max: 1024K
[87.558s][info][gc,stats    ] 
[87.558s][info][gc,stats    ] All times are wall-clock times, except per-root-class counters, that are sum over
[87.558s][info][gc,stats    ] all workers. Dividing the <total> over the root stage time estimates parallelism.
[87.558s][info][gc,stats    ] 
[87.558s][info][gc,stats    ] Concurrent Reset                    142 us
[87.558s][info][gc,stats    ] Pause Init Mark (G)                 986 us
[87.558s][info][gc,stats    ] Pause Init Mark (N)                 580 us
[87.558s][info][gc,stats    ]   Update Region States              496 us
[87.558s][info][gc,stats    ] Concurrent Mark Roots               424 us, parallelism: 0.82x
[87.558s][info][gc,stats    ]   CMR: <total>                      349 us
[87.558s][info][gc,stats    ]   CMR: Thread Roots                 310 us, workers (us): 310, ---, ---, 
[87.558s][info][gc,stats    ]   CMR: VM Strong Roots                4 us, workers (us):   4, ---, ---, 
[87.558s][info][gc,stats    ]   CMR: CLDG Roots                    35 us, workers (us):  35, ---, ---, 
[87.558s][info][gc,stats    ] Concurrent Marking                 4282 us
[87.558s][info][gc,stats    ] Pause Final Mark (G)                243 us
[87.558s][info][gc,stats    ] Pause Final Mark (N)                158 us
[87.558s][info][gc,stats    ]   Finish Mark                        36 us
[87.558s][info][gc,stats    ]   Update Region States               28 us
[87.558s][info][gc,stats    ]   Choose Collection Set              26 us
[87.558s][info][gc,stats    ]   Rebuild Free Set                    7 us
[87.558s][info][gc,stats    ] Concurrent Weak References           75 us, parallelism: 0.13x
[87.558s][info][gc,stats    ]   CWRF: <total>                      10 us
[87.559s][info][gc,stats    ]   CWRF: Weak References              10 us, workers (us):  10, ---, ---, 
[87.559s][info][gc,stats    ] Concurrent Weak Roots              4202 us
[87.559s][info][gc,stats    ]   Roots                            3835 us, parallelism: 0.99x
[87.559s][info][gc,stats    ]     CWR: <total>                   3806 us
[87.559s][info][gc,stats    ]     CWR: Code Cache Roots           959 us, workers (us): 959, ---, ---, 
[87.559s][info][gc,stats    ]     CWR: VM Weak Roots             2837 us, workers (us): 2837, ---, ---, 
[87.559s][info][gc,stats    ]     CWR: CLDG Roots                   9 us, workers (us):   9, ---, ---, 
[87.559s][info][gc,stats    ]   Rendezvous                        300 us
[87.559s][info][gc,stats    ] Concurrent Cleanup                   62 us
[87.559s][info][gc,stats    ] Concurrent Class Unloading         3332 us
[87.559s][info][gc,stats    ]   Unlink Stale                     3000 us
[87.559s][info][gc,stats    ]     System Dictionary                 9 us
[87.559s][info][gc,stats    ]     Weak Class Links                  0 us
[87.559s][info][gc,stats    ]     Code Roots                     2990 us
[87.559s][info][gc,stats    ]   Rendezvous                         96 us
[87.559s][info][gc,stats    ]   Purge Unlinked                    166 us
[87.559s][info][gc,stats    ]     Code Roots                      163 us
[87.559s][info][gc,stats    ]     CLDG                              3 us
[87.559s][info][gc,stats    ]     Exception Caches                  0 us
[87.559s][info][gc,stats    ] Pause Final Roots (G)               124 us
[87.559s][info][gc,stats    ] Pause Final Roots (N)                50 us
[87.559s][info][gc,stats    ] 
[87.559s][info][gc,stats    ] Allocation pacing accrued:
[87.559s][info][gc,stats    ]       0 of   449 ms (  0.0%): <total>
[87.559s][info][gc,stats    ]       0 of   449 ms (  0.0%): <average total>
[87.559s][info][gc,stats    ] 
[87.559s][info][gc,metaspace] Metaspace: 14227K(14528K)->14227K(14528K) NonClass: 12321K(12480K)->12321K(12480K) Class: 1905K(2048K)->1905K(2048K)
[87.559s][info][gc,ergo     ] Pacer for Idle. Initial: 41943K, Alloc Tax Rate: 1.0x
[87.969s][info][gc          ] Trigger: Learning 3 of 5. Free (1430M) is below initial threshold (1433M)
[87.969s][info][gc,ergo     ] Free: 1430M, Max: 1024K regular, 1414M humongous, Frag: 2% external, 0% internal; Reserve: 103M, Max: 1024K
[87.969s][info][gc,start    ] GC(212) Concurrent reset
[87.969s][info][gc,task     ] GC(212) Using 1 of 3 workers for concurrent reset
[87.969s][info][gc,ergo     ] GC(212) Pacer for Reset. Non-Taxable: 2048M
[87.970s][info][gc          ] GC(212) Concurrent reset 0.200ms
[87.970s][info][gc,start    ] GC(212) Pause Init Mark (unload classes)
[87.970s][info][gc,task     ] GC(212) Using 3 of 3 workers for init marking
[87.970s][info][gc,ergo     ] GC(212) Pacer for Mark. Expected Live: 4519K, Free: 1430M, Non-Taxable: 143M, Alloc Tax Rate: 0.0x
[87.970s][info][gc          ] GC(212) Pause Init Mark (unload classes) 0.095ms
[87.970s][info][gc,start    ] GC(212) Concurrent marking roots
[87.970s][info][gc,task     ] GC(212) Using 1 of 3 workers for concurrent marking roots
[87.970s][info][gc          ] GC(212) Concurrent marking roots 0.412ms
[87.970s][info][gc,start    ] GC(212) Concurrent marking (unload classes)
[87.970s][info][gc,task     ] GC(212) Using 1 of 3 workers for concurrent marking
[87.974s][info][gc          ] GC(212) Concurrent marking (unload classes) 3.974ms
[87.974s][info][gc,start    ] GC(212) Pause Final Mark (unload classes)
[87.974s][info][gc,task     ] GC(212) Using 3 of 3 workers for final marking
[87.974s][info][gc,ergo     ] GC(212) Collectable Garbage: 487M (95%), Immediate: 487M (95%), CSet: 0B (0%)
[87.974s][info][gc          ] GC(212) Pause Final Mark (unload classes) 0.145ms
[87.974s][info][gc,start    ] GC(212) Concurrent weak references
[87.974s][info][gc,task     ] GC(212) Using 1 of 3 workers for concurrent weak references
[87.974s][info][gc,ref      ] GC(212) Encountered references: Soft: 140, Weak: 733, Final: 0, Phantom: 64
[87.974s][info][gc,ref      ] GC(212) Discovered  references: Soft: 0, Weak: 149, Final: 0, Phantom: 37
[87.975s][info][gc,ref      ] GC(212) Enqueued    references: Soft: 0, Weak: 0, Final: 0, Phantom: 0
[87.975s][info][gc          ] GC(212) Concurrent weak references 0.072ms
[87.975s][info][gc,start    ] GC(212) Concurrent weak roots
[87.975s][info][gc,task     ] GC(212) Using 1 of 3 workers for concurrent weak root
[87.978s][info][gc          ] GC(212) Concurrent weak roots 3.533ms
[87.978s][info][gc,start    ] GC(212) Concurrent cleanup
[87.978s][info][gc          ] GC(212) Concurrent cleanup 527M->40M(2048M) 0.052ms
[87.978s][info][gc,ergo     ] GC(212) Free: 1904M, Max: 1024K regular, 1421M humongous, Frag: 26% external, 0% internal; Reserve: 103M, Max: 1024K
[87.978s][info][gc,start    ] GC(212) Concurrent class unloading
[87.978s][info][gc,task     ] GC(212) Using 1 of 3 workers for concurrent class unloading
[87.981s][info][gc          ] GC(212) Concurrent class unloading 3.144ms
[87.981s][info][gc,start    ] GC(212) Pause Final Roots
[87.981s][info][gc          ] GC(212) Pause Final Roots 0.039ms
[87.982s][info][gc,ergo     ] Free: 1902M, Max: 1024K regular, 1421M humongous, Frag: 26% external, 0% internal; Reserve: 103M, Max: 1024K
[87.982s][info][gc,stats    ] 
[87.982s][info][gc,stats    ] All times are wall-clock times, except per-root-class counters, that are sum over
[87.982s][info][gc,stats    ] all workers. Dividing the <total> over the root stage time estimates parallelism.
[87.982s][info][gc,stats    ] 
[87.982s][info][gc,stats    ] Concurrent Reset                    223 us
[87.982s][info][gc,stats    ] Pause Init Mark (G)                 216 us
[87.982s][info][gc,stats    ] Pause Init Mark (N)                 104 us
[87.982s][info][gc,stats    ]   Update Region States               26 us
[87.982s][info][gc,stats    ] Concurrent Mark Roots               425 us, parallelism: 0.85x
[87.982s][info][gc,stats    ]   CMR: <total>                      362 us
[87.982s][info][gc,stats    ]   CMR: Thread Roots                 315 us, workers (us): 315, ---, ---, 
[87.982s][info][gc,stats    ]   CMR: VM Strong Roots                5 us, workers (us):   5, ---, ---, 
[87.982s][info][gc,stats    ]   CMR: CLDG Roots                    42 us, workers (us):  42, ---, ---, 
[87.982s][info][gc,stats    ] Concurrent Marking                 4029 us
[87.982s][info][gc,stats    ] Pause Final Mark (G)                202 us
[87.982s][info][gc,stats    ] Pause Final Mark (N)                153 us
[87.982s][info][gc,stats    ]   Finish Mark                        34 us
[87.982s][info][gc,stats    ]   Update Region States               28 us
[87.982s][info][gc,stats    ]   Choose Collection Set              27 us
[87.982s][info][gc,stats    ]   Rebuild Free Set                    7 us
[87.982s][info][gc,stats    ] Concurrent Weak References           80 us, parallelism: 0.09x
[87.982s][info][gc,stats    ]   CWRF: <total>                       7 us
[87.982s][info][gc,stats    ]   CWRF: Weak References               7 us, workers (us):   7, ---, ---, 
[87.982s][info][gc,stats    ] Concurrent Weak Roots              3568 us
[87.982s][info][gc,stats    ]   Roots                            3470 us, parallelism: 0.99x
[87.982s][info][gc,stats    ]     CWR: <total>                   3443 us
[87.982s][info][gc,stats    ]     CWR: Code Cache Roots           659 us, workers (us): 659, ---, ---, 
[87.982s][info][gc,stats    ]     CWR: VM Weak Roots             2777 us, workers (us): 2777, ---, ---, 
[87.982s][info][gc,stats    ]     CWR: CLDG Roots                   7 us, workers (us):   7, ---, ---, 
[87.982s][info][gc,stats    ]   Rendezvous                         47 us
[87.982s][info][gc,stats    ] Concurrent Cleanup                   60 us
[87.982s][info][gc,stats    ] Concurrent Class Unloading         3190 us
[87.982s][info][gc,stats    ]   Unlink Stale                     2949 us
[87.982s][info][gc,stats    ]     System Dictionary                 8 us
[87.982s][info][gc,stats    ]     Weak Class Links                  0 us
[87.982s][info][gc,stats    ]     Code Roots                     2939 us
[87.982s][info][gc,stats    ]   Rendezvous                         42 us
[87.982s][info][gc,stats    ]   Purge Unlinked                    135 us
[87.982s][info][gc,stats    ]     Code Roots                      130 us
[87.982s][info][gc,stats    ]     CLDG                              4 us
[87.982s][info][gc,stats    ]     Exception Caches                  0 us
[87.982s][info][gc,stats    ] Pause Final Roots (G)               111 us
[87.982s][info][gc,stats    ] Pause Final Roots (N)                48 us
[87.982s][info][gc,stats    ] 
[87.982s][info][gc,stats    ] Allocation pacing accrued:
[87.982s][info][gc,stats    ]       0 of   423 ms (  0.0%): <total>
[87.982s][info][gc,stats    ]       0 of   423 ms (  0.0%): <average total>
[87.982s][info][gc,stats    ] 
[87.982s][info][gc,metaspace] Metaspace: 14227K(14528K)->14227K(14528K) NonClass: 12321K(12480K)->12321K(12480K) Class: 1905K(2048K)->1905K(2048K)
[87.982s][info][gc,ergo     ] Pacer for Idle. Initial: 41943K, Alloc Tax Rate: 1.0x
[88.388s][info][gc          ] Trigger: Learning 4 of 5. Free (1432M) is below initial threshold (1433M)
[88.388s][info][gc,ergo     ] Free: 1432M, Max: 1024K regular, 1421M humongous, Frag: 1% external, 0% internal; Reserve: 103M, Max: 1024K
[88.388s][info][gc,start    ] GC(213) Concurrent reset
[88.388s][info][gc,task     ] GC(213) Using 1 of 3 workers for concurrent reset
[88.388s][info][gc,ergo     ] GC(213) Pacer for Reset. Non-Taxable: 2048M
[88.388s][info][gc          ] GC(213) Concurrent reset 0.202ms
[88.388s][info][gc,start    ] GC(213) Pause Init Mark (unload classes)
[88.388s][info][gc,task     ] GC(213) Using 3 of 3 workers for init marking
[88.388s][info][gc,ergo     ] GC(213) Pacer for Mark. Expected Live: 4519K, Free: 1431M, Non-Taxable: 143M, Alloc Tax Rate: 0.0x
[88.388s][info][gc          ] GC(213) Pause Init Mark (unload classes) 0.091ms
[88.388s][info][gc,start    ] GC(213) Concurrent marking roots
[88.388s][info][gc,task     ] GC(213) Using 1 of 3 workers for concurrent marking roots
[88.389s][info][gc          ] GC(213) Concurrent marking roots 0.418ms
[88.389s][info][gc,start    ] GC(213) Concurrent marking (unload classes)
[88.389s][info][gc,task     ] GC(213) Using 1 of 3 workers for concurrent marking
[88.393s][info][gc          ] GC(213) Concurrent marking (unload classes) 3.928ms
[88.393s][info][gc,start    ] GC(213) Pause Final Mark (unload classes)
[88.393s][info][gc,task     ] GC(213) Using 3 of 3 workers for final marking
[88.393s][info][gc,ergo     ] GC(213) Collectable Garbage: 483M (94%), Immediate: 483M (94%), CSet: 0B (0%)
[88.393s][info][gc          ] GC(213) Pause Final Mark (unload classes) 0.164ms
[88.393s][info][gc,start    ] GC(213) Concurrent weak references
[88.393s][info][gc,task     ] GC(213) Using 1 of 3 workers for concurrent weak references
[88.393s][info][gc,ref      ] GC(213) Encountered references: Soft: 140, Weak: 733, Final: 0, Phantom: 64
[88.393s][info][gc,ref      ] GC(213) Discovered  references: Soft: 0, Weak: 149, Final: 0, Phantom: 37
[88.393s][info][gc,ref      ] GC(213) Enqueued    references: Soft: 0, Weak: 0, Final: 0, Phantom: 0
[88.393s][info][gc          ] GC(213) Concurrent weak references 0.065ms
[88.393s][info][gc,start    ] GC(213) Concurrent weak roots
[88.393s][info][gc,task     ] GC(213) Using 1 of 3 workers for concurrent weak root
[88.397s][info][gc          ] GC(213) Concurrent weak roots 4.102ms
[88.397s][info][gc,start    ] GC(213) Concurrent cleanup
[88.397s][info][gc          ] GC(213) Concurrent cleanup 525M->42M(2048M) 0.051ms
[88.397s][info][gc,ergo     ] GC(213) Free: 1902M, Max: 1024K regular, 1418M humongous, Frag: 26% external, 0% internal; Reserve: 103M, Max: 1024K
[88.397s][info][gc,start    ] GC(213) Concurrent class unloading
[88.397s][info][gc,task     ] GC(213) Using 1 of 3 workers for concurrent class unloading
[88.401s][info][gc          ] GC(213) Concurrent class unloading 3.335ms
[88.401s][info][gc,start    ] GC(213) Pause Final Roots
[88.401s][info][gc          ] GC(213) Pause Final Roots 0.038ms
[88.401s][info][gc,ergo     ] Free: 1896M, Max: 1024K regular, 1418M humongous, Frag: 26% external, 0% internal; Reserve: 103M, Max: 1024K
[88.401s][info][gc,stats    ] 
[88.401s][info][gc,stats    ] All times are wall-clock times, except per-root-class counters, that are sum over
[88.401s][info][gc,stats    ] all workers. Dividing the <total> over the root stage time estimates parallelism.
[88.401s][info][gc,stats    ] 
[88.401s][info][gc,stats    ] Concurrent Reset                    215 us
[88.401s][info][gc,stats    ] Pause Init Mark (G)                 211 us
[88.401s][info][gc,stats    ] Pause Init Mark (N)                  99 us
[88.401s][info][gc,stats    ]   Update Region States               25 us
[88.401s][info][gc,stats    ] Concurrent Mark Roots               437 us, parallelism: 0.86x
[88.401s][info][gc,stats    ]   CMR: <total>                      374 us
[88.401s][info][gc,stats    ]   CMR: Thread Roots                 327 us, workers (us): 327, ---, ---, 
[88.401s][info][gc,stats    ]   CMR: VM Strong Roots                6 us, workers (us):   6, ---, ---, 
[88.401s][info][gc,stats    ]   CMR: CLDG Roots                    42 us, workers (us):  42, ---, ---, 
[88.401s][info][gc,stats    ] Concurrent Marking                 3963 us
[88.401s][info][gc,stats    ] Pause Final Mark (G)                233 us
[88.401s][info][gc,stats    ] Pause Final Mark (N)                173 us
[88.401s][info][gc,stats    ]   Finish Mark                        35 us
[88.401s][info][gc,stats    ]   Update Region States               29 us
[88.401s][info][gc,stats    ]   Choose Collection Set              39 us
[88.401s][info][gc,stats    ]   Rebuild Free Set                    8 us
[88.401s][info][gc,stats    ] Concurrent Weak References           72 us, parallelism: 0.12x
[88.401s][info][gc,stats    ]   CWRF: <total>                       9 us
[88.401s][info][gc,stats    ]   CWRF: Weak References               9 us, workers (us):   9, ---, ---, 
[88.401s][info][gc,stats    ] Concurrent Weak Roots              4149 us
[88.401s][info][gc,stats    ]   Roots                            4037 us, parallelism: 0.99x
[88.401s][info][gc,stats    ]     CWR: <total>                   4010 us
[88.401s][info][gc,stats    ]     CWR: Code Cache Roots           677 us, workers (us): 677, ---, ---, 
[88.401s][info][gc,stats    ]     CWR: VM Weak Roots             3325 us, workers (us): 3325, ---, ---, 
[88.401s][info][gc,stats    ]     CWR: CLDG Roots                   8 us, workers (us):   8, ---, ---, 
[88.401s][info][gc,stats    ]   Rendezvous                         48 us
[88.401s][info][gc,stats    ] Concurrent Cleanup                   59 us
[88.401s][info][gc,stats    ] Concurrent Class Unloading         3387 us
[88.401s][info][gc,stats    ]   Unlink Stale                     2999 us
[88.401s][info][gc,stats    ]     System Dictionary                 7 us
[88.401s][info][gc,stats    ]     Weak Class Links                  0 us
[88.401s][info][gc,stats    ]     Code Roots                     2989 us
[88.401s][info][gc,stats    ]   Rendezvous                        121 us
[88.401s][info][gc,stats    ]   Purge Unlinked                    196 us
[88.401s][info][gc,stats    ]     Code Roots                      192 us
[88.401s][info][gc,stats    ]     CLDG                              3 us
[88.401s][info][gc,stats    ]     Exception Caches                  0 us
[88.401s][info][gc,stats    ] Pause Final Roots (G)               107 us
[88.401s][info][gc,stats    ] Pause Final Roots (N)                47 us
[88.401s][info][gc,stats    ] 
[88.401s][info][gc,stats    ] Allocation pacing accrued:
[88.401s][info][gc,stats    ]       0 of   419 ms (  0.0%): <total>
[88.401s][info][gc,stats    ]       0 of   419 ms (  0.0%): <average total>
[88.401s][info][gc,stats    ] 
[88.401s][info][gc,metaspace] Metaspace: 14227K(14528K)->14227K(14528K) NonClass: 12321K(12480K)->12321K(12480K) Class: 1905K(2048K)->1905K(2048K)
[88.401s][info][gc,ergo     ] Pacer for Idle. Initial: 41943K, Alloc Tax Rate: 1.0x
[88.810s][info][gc          ] Trigger: Learning 5 of 5. Free (1432M) is below initial threshold (1433M)
[88.810s][info][gc,ergo     ] Free: 1432M, Max: 1024K regular, 1418M humongous, Frag: 1% external, 0% internal; Reserve: 103M, Max: 1024K
[88.810s][info][gc,start    ] GC(214) Concurrent reset
[88.810s][info][gc,task     ] GC(214) Using 1 of 3 workers for concurrent reset
[88.810s][info][gc,ergo     ] GC(214) Pacer for Reset. Non-Taxable: 2048M
[88.810s][info][gc          ] GC(214) Concurrent reset 0.206ms
[88.810s][info][gc,start    ] GC(214) Pause Init Mark (unload classes)
[88.810s][info][gc,task     ] GC(214) Using 3 of 3 workers for init marking
[88.810s][info][gc,ergo     ] GC(214) Pacer for Mark. Expected Live: 4519K, Free: 1432M, Non-Taxable: 143M, Alloc Tax Rate: 0.0x
[88.810s][info][gc          ] GC(214) Pause Init Mark (unload classes) 0.089ms
[88.810s][info][gc,start    ] GC(214) Concurrent marking roots
[88.810s][info][gc,task     ] GC(214) Using 1 of 3 workers for concurrent marking roots
[88.811s][info][gc          ] GC(214) Concurrent marking roots 0.452ms
[88.811s][info][gc,start    ] GC(214) Concurrent marking (unload classes)
[88.811s][info][gc,task     ] GC(214) Using 1 of 3 workers for concurrent marking
[88.815s][info][gc          ] GC(214) Concurrent marking (unload classes) 3.955ms
[88.815s][info][gc,start    ] GC(214) Pause Final Mark (unload classes)
[88.815s][info][gc,task     ] GC(214) Using 3 of 3 workers for final marking
[88.815s][info][gc,ergo     ] GC(214) Collectable Garbage: 481M (94%), Immediate: 481M (94%), CSet: 0B (0%)
[88.815s][info][gc          ] GC(214) Pause Final Mark (unload classes) 0.127ms
[88.815s][info][gc,start    ] GC(214) Concurrent weak references
[88.815s][info][gc,task     ] GC(214) Using 1 of 3 workers for concurrent weak references
[88.815s][info][gc,ref      ] GC(214) Encountered references: Soft: 140, Weak: 731, Final: 0, Phantom: 64
[88.815s][info][gc,ref      ] GC(214) Discovered  references: Soft: 0, Weak: 149, Final: 0, Phantom: 37
[88.815s][info][gc,ref      ] GC(214) Enqueued    references: Soft: 0, Weak: 0, Final: 0, Phantom: 0
[88.815s][info][gc          ] GC(214) Concurrent weak references 0.101ms
[88.815s][info][gc,start    ] GC(214) Concurrent weak roots
[88.815s][info][gc,task     ] GC(214) Using 1 of 3 workers for concurrent weak root
[88.819s][info][gc          ] GC(214) Concurrent weak roots 4.412ms
[88.819s][info][gc,start    ] GC(214) Concurrent cleanup
[88.819s][info][gc          ] GC(214) Concurrent cleanup 523M->41M(2048M) 0.055ms
[88.819s][info][gc,ergo     ] GC(214) Free: 1903M, Max: 1024K regular, 1421M humongous, Frag: 26% external, 0% internal; Reserve: 103M, Max: 1024K
[88.819s][info][gc,start    ] GC(214) Concurrent class unloading
[88.819s][info][gc,task     ] GC(214) Using 1 of 3 workers for concurrent class unloading
[88.823s][info][gc          ] GC(214) Concurrent class unloading 3.176ms
[88.823s][info][gc,start    ] GC(214) Pause Final Roots
[88.823s][info][gc          ] GC(214) Pause Final Roots 0.038ms
[88.823s][info][gc,ergo     ] Free: 1899M, Max: 1024K regular, 1421M humongous, Frag: 26% external, 0% internal; Reserve: 103M, Max: 1024K
[88.823s][info][gc,stats    ] 
[88.823s][info][gc,stats    ] All times are wall-clock times, except per-root-class counters, that are sum over
[88.823s][info][gc,stats    ] all workers. Dividing the <total> over the root stage time estimates parallelism.
[88.823s][info][gc,stats    ] 
[88.823s][info][gc,stats    ] Concurrent Reset                    219 us
[88.823s][info][gc,stats    ] Pause Init Mark (G)                 174 us
[88.823s][info][gc,stats    ] Pause Init Mark (N)                  98 us
[88.823s][info][gc,stats    ]   Update Region States               26 us
[88.823s][info][gc,stats    ] Concurrent Mark Roots               466 us, parallelism: 0.86x
[88.823s][info][gc,stats    ]   CMR: <total>                      399 us
[88.823s][info][gc,stats    ]   CMR: Thread Roots                 353 us, workers (us): 353, ---, ---, 
[88.823s][info][gc,stats    ]   CMR: VM Strong Roots                5 us, workers (us):   5, ---, ---, 
[88.823s][info][gc,stats    ]   CMR: CLDG Roots                    41 us, workers (us):  41, ---, ---, 
[88.823s][info][gc,stats    ] Concurrent Marking                 4003 us
[88.823s][info][gc,stats    ] Pause Final Mark (G)                184 us
[88.823s][info][gc,stats    ] Pause Final Mark (N)                136 us
[88.823s][info][gc,stats    ]   Finish Mark                        35 us
[88.823s][info][gc,stats    ]   Update Region States               27 us
[88.823s][info][gc,stats    ]   Choose Collection Set              27 us
[88.823s][info][gc,stats    ]   Rebuild Free Set                    7 us
[88.823s][info][gc,stats    ] Concurrent Weak References          109 us, parallelism: 0.06x
[88.823s][info][gc,stats    ]   CWRF: <total>                       7 us
[88.823s][info][gc,stats    ]   CWRF: Weak References               7 us, workers (us):   7, ---, ---, 
[88.823s][info][gc,stats    ] Concurrent Weak Roots              4458 us
[88.823s][info][gc,stats    ]   Roots                            4343 us, parallelism: 0.99x
[88.823s][info][gc,stats    ]     CWR: <total>                   4313 us
[88.823s][info][gc,stats    ]     CWR: Code Cache Roots           663 us, workers (us): 663, ---, ---, 
[88.823s][info][gc,stats    ]     CWR: VM Weak Roots             3643 us, workers (us): 3643, ---, ---, 
[88.823s][info][gc,stats    ]     CWR: CLDG Roots                   7 us, workers (us):   7, ---, ---, 
[88.823s][info][gc,stats    ]   Rendezvous                         52 us
[88.823s][info][gc,stats    ] Concurrent Cleanup                   63 us
[88.823s][info][gc,stats    ] Concurrent Class Unloading         3239 us
[88.823s][info][gc,stats    ]   Unlink Stale                     2966 us
[88.823s][info][gc,stats    ]     System Dictionary                 9 us
[88.823s][info][gc,stats    ]     Weak Class Links                  0 us
[88.823s][info][gc,stats    ]     Code Roots                     2955 us
[88.823s][info][gc,stats    ]   Rendezvous                         39 us
[88.823s][info][gc,stats    ]   Purge Unlinked                    152 us
[88.823s][info][gc,stats    ]     Code Roots                      149 us
[88.823s][info][gc,stats    ]     CLDG                              3 us
[88.823s][info][gc,stats    ]     Exception Caches                  0 us
[88.823s][info][gc,stats    ] Pause Final Roots (G)                95 us
[88.823s][info][gc,stats    ] Pause Final Roots (N)                47 us
[88.823s][info][gc,stats    ] 
[88.823s][info][gc,stats    ] Allocation pacing accrued:
[88.823s][info][gc,stats    ]       0 of   422 ms (  0.0%): <total>
[88.823s][info][gc,stats    ]       0 of   422 ms (  0.0%): <average total>
[88.823s][info][gc,stats    ] 
[88.823s][info][gc,metaspace] Metaspace: 14227K(14528K)->14227K(14528K) NonClass: 12321K(12480K)->12321K(12480K) Class: 1905K(2048K)->1905K(2048K)
[88.823s][info][gc,ergo     ] Pacer for Idle. Initial: 41943K, Alloc Tax Rate: 1.0x
[89.019s][info][gc          ] Trigger: Explicit GC request (System.gc())
[89.019s][info][gc,ergo     ] Free: 1724M, Max: 1024K regular, 1421M humongous, Frag: 18% external, 0% internal; Reserve: 103M, Max: 1024K
[89.019s][info][gc,start    ] GC(215) Concurrent reset
[89.019s][info][gc,task     ] GC(215) Using 1 of 3 workers for concurrent reset
[89.019s][info][gc,ergo     ] GC(215) Pacer for Reset. Non-Taxable: 2048M
[89.019s][info][gc          ] GC(215) Concurrent reset 0.329ms
[89.020s][info][gc,start    ] GC(215) Pause Init Mark (unload classes)
[89.020s][info][gc,task     ] GC(215) Using 3 of 3 workers for init marking
[89.020s][info][gc,ref      ] GC(215) Clearing All SoftReferences
[89.020s][info][gc,ergo     ] GC(215) Pacer for Mark. Expected Live: 4512K, Free: 1724M, Non-Taxable: 172M, Alloc Tax Rate: 0.0x
[89.020s][info][gc          ] GC(215) Pause Init Mark (unload classes) 0.210ms
[89.020s][info][gc,start    ] GC(215) Concurrent marking roots
[89.020s][info][gc,task     ] GC(215) Using 1 of 3 workers for concurrent marking roots
[89.020s][info][gc          ] GC(215) Concurrent marking roots 0.702ms
[89.020s][info][gc,start    ] GC(215) Concurrent marking (unload classes)
[89.020s][info][gc,task     ] GC(215) Using 1 of 3 workers for concurrent marking
[89.025s][info][gc          ] GC(215) Concurrent marking (unload classes) 4.028ms
[89.025s][info][gc,start    ] GC(215) Pause Final Mark (unload classes)
[89.025s][info][gc,task     ] GC(215) Using 3 of 3 workers for final marking
[89.025s][info][gc,ergo     ] GC(215) Collectable Garbage: 207M (96%), Immediate: 207M (96%), CSet: 0B (0%)
[89.025s][info][gc          ] GC(215) Pause Final Mark (unload classes) 0.396ms
[89.025s][info][gc,start    ] GC(215) Concurrent weak references
[89.025s][info][gc,task     ] GC(215) Using 1 of 3 workers for concurrent weak references
[89.025s][info][gc,ref      ] GC(215) Encountered references: Soft: 140, Weak: 717, Final: 0, Phantom: 64
[89.025s][info][gc,ref      ] GC(215) Discovered  references: Soft: 88, Weak: 171, Final: 0, Phantom: 62
[89.025s][info][gc,ref      ] GC(215) Enqueued    references: Soft: 3, Weak: 0, Final: 0, Phantom: 0
[89.025s][info][gc          ] GC(215) Concurrent weak references 0.158ms
[89.025s][info][gc,start    ] GC(215) Concurrent weak roots
[89.025s][info][gc,task     ] GC(215) Using 1 of 3 workers for concurrent weak root
[89.029s][info][gc          ] GC(215) Concurrent weak roots 3.764ms
[89.029s][info][gc,start    ] GC(215) Concurrent cleanup
[89.029s][info][gc          ] GC(215) Concurrent cleanup 220M->12M(2048M) 0.071ms
[89.029s][info][gc,ergo     ] GC(215) Free: 1932M, Max: 1024K regular, 1738M humongous, Frag: 10% external, 0% internal; Reserve: 103M, Max: 1024K
[89.029s][info][gc,start    ] GC(215) Concurrent class unloading
[89.029s][info][gc,task     ] GC(215) Using 1 of 3 workers for concurrent class unloading
[89.034s][info][gc          ] GC(215) Concurrent class unloading 4.383ms
[89.034s][info][gc,start    ] GC(215) Pause Final Roots
[89.034s][info][gc          ] GC(215) Pause Final Roots 0.066ms
[89.034s][info][gc,ergo     ] Free: 1932M, Max: 1024K regular, 1738M humongous, Frag: 10% external, 0% internal; Reserve: 103M, Max: 1024K
[89.034s][info][gc,stats    ] 
[89.034s][info][gc,stats    ] All times are wall-clock times, except per-root-class counters, that are sum over
[89.034s][info][gc,stats    ] all workers. Dividing the <total> over the root stage time estimates parallelism.
[89.034s][info][gc,stats    ] 
[89.034s][info][gc,stats    ] Concurrent Reset                    384 us
[89.034s][info][gc,stats    ] Pause Init Mark (G)                 302 us
[89.034s][info][gc,stats    ] Pause Init Mark (N)                 227 us
[89.034s][info][gc,stats    ]   Update Region States               76 us
[89.034s][info][gc,stats    ] Concurrent Mark Roots               711 us, parallelism: 0.88x
[89.034s][info][gc,stats    ]   CMR: <total>                      626 us
[89.034s][info][gc,stats    ]   CMR: Thread Roots                 556 us, workers (us): 556, ---, ---, 
[89.034s][info][gc,stats    ]   CMR: VM Strong Roots                6 us, workers (us):   6, ---, ---, 
[89.034s][info][gc,stats    ]   CMR: CLDG Roots                    63 us, workers (us):  63, ---, ---, 
[89.034s][info][gc,stats    ] Concurrent Marking                 4077 us
[89.034s][info][gc,stats    ] Pause Final Mark (G)                514 us
[89.034s][info][gc,stats    ] Pause Final Mark (N)                421 us
[89.034s][info][gc,stats    ]   Finish Mark                       137 us
[89.034s][info][gc,stats    ]   Update Region States               70 us
[89.034s][info][gc,stats    ]   Choose Collection Set              75 us
[89.034s][info][gc,stats    ]   Rebuild Free Set                   21 us
[89.034s][info][gc,stats    ] Concurrent Weak References          173 us, parallelism: 0.07x
[89.034s][info][gc,stats    ]   CWRF: <total>                      12 us
[89.034s][info][gc,stats    ]   CWRF: Weak References              12 us, workers (us):  12, ---, ---, 
[89.034s][info][gc,stats    ] Concurrent Weak Roots              3818 us
[89.034s][info][gc,stats    ]   Roots                            3570 us, parallelism: 0.99x
[89.034s][info][gc,stats    ]     CWR: <total>                   3517 us
[89.034s][info][gc,stats    ]     CWR: Code Cache Roots           611 us, workers (us): 611, ---, ---, 
[89.034s][info][gc,stats    ]     CWR: VM Weak Roots             2897 us, workers (us): 2897, ---, ---, 
[89.034s][info][gc,stats    ]     CWR: CLDG Roots                   8 us, workers (us):   8, ---, ---, 
[89.034s][info][gc,stats    ]   Rendezvous                        161 us
[89.034s][info][gc,stats    ] Concurrent Cleanup                   94 us
[89.034s][info][gc,stats    ] Concurrent Class Unloading         4445 us
[89.034s][info][gc,stats    ]   Unlink Stale                     4070 us
[89.034s][info][gc,stats    ]     System Dictionary                10 us
[89.034s][info][gc,stats    ]     Weak Class Links                  0 us
[89.034s][info][gc,stats    ]     Code Roots                     4057 us
[89.035s][info][gc,stats    ]   Rendezvous                        104 us
[89.035s][info][gc,stats    ]   Purge Unlinked                    166 us
[89.035s][info][gc,stats    ]     Code Roots                      156 us
[89.035s][info][gc,stats    ]     CLDG                              9 us
[89.035s][info][gc,stats    ]     Exception Caches                  0 us
[89.035s][info][gc,stats    ] Pause Final Roots (G)               182 us
[89.035s][info][gc,stats    ] Pause Final Roots (N)                84 us
[89.035s][info][gc,stats    ] 
[89.035s][info][gc,stats    ] Allocation pacing accrued:
[89.035s][info][gc,stats    ]       0 of   212 ms (  0.0%): <total>
[89.035s][info][gc,stats    ]       0 of   212 ms (  0.0%): <average total>
[89.035s][info][gc,stats    ] 
[89.035s][info][gc,metaspace] Metaspace: 14228K(14528K)->14228K(14528K) NonClass: 12323K(12480K)->12323K(12480K) Class: 1905K(2048K)->1905K(2048K)
[89.035s][info][gc,ergo     ] Pacer for Idle. Initial: 41943K, Alloc Tax Rate: 1.0x
[89.502s][info][gc          ] Trigger: Learning 2 of 5. Free (1432M) is below initial threshold (1433M)
[89.502s][info][gc,ergo     ] Free: 1432M, Max: 1024K regular, 1431M humongous, Frag: 0% external, 0% internal; Reserve: 103M, Max: 1024K
[89.502s][info][gc,start    ] GC(216) Concurrent reset
[89.502s][info][gc,task     ] GC(216) Using 1 of 3 workers for concurrent reset
[89.502s][info][gc,ergo     ] GC(216) Pacer for Reset. Non-Taxable: 2048M
[89.502s][info][gc          ] GC(216) Concurrent reset 0.146ms
[89.502s][info][gc,start    ] GC(216) Pause Init Mark (unload classes)
[89.502s][info][gc,task     ] GC(216) Using 3 of 3 workers for init marking
[89.502s][info][gc,ergo     ] GC(216) Pacer for Mark. Expected Live: 4512K, Free: 1432M, Non-Taxable: 143M, Alloc Tax Rate: 0.0x
[89.502s][info][gc          ] GC(216) Pause Init Mark (unload classes) 0.103ms
[89.502s][info][gc,start    ] GC(216) Concurrent marking roots
[89.502s][info][gc,task     ] GC(216) Using 1 of 3 workers for concurrent marking roots
[89.503s][info][gc          ] GC(216) Concurrent marking roots 0.409ms
[89.503s][info][gc,start    ] GC(216) Concurrent marking (unload classes)
[89.503s][info][gc,task     ] GC(216) Using 1 of 3 workers for concurrent marking
[89.507s][info][gc          ] GC(216) Concurrent marking (unload classes) 4.059ms
[89.507s][info][gc,start    ] GC(216) Pause Final Mark (unload classes)
[89.507s][info][gc,task     ] GC(216) Using 3 of 3 workers for final marking
[89.507s][info][gc,ergo     ] GC(216) Collectable Garbage: 487M (95%), Immediate: 487M (95%), CSet: 0B (0%)
[89.507s][info][gc          ] GC(216) Pause Final Mark (unload classes) 0.158ms
[89.507s][info][gc,start    ] GC(216) Concurrent weak references
[89.507s][info][gc,task     ] GC(216) Using 1 of 3 workers for concurrent weak references
[89.507s][info][gc,ref      ] GC(216) Encountered references: Soft: 140, Weak: 729, Final: 0, Phantom: 64
[89.507s][info][gc,ref      ] GC(216) Discovered  references: Soft: 0, Weak: 147, Final: 0, Phantom: 37
[89.507s][info][gc,ref      ] GC(216) Enqueued    references: Soft: 0, Weak: 0, Final: 0, Phantom: 0
[89.507s][info][gc          ] GC(216) Concurrent weak references 0.062ms
[89.507s][info][gc,start    ] GC(216) Concurrent weak roots
[89.507s][info][gc,task     ] GC(216) Using 1 of 3 workers for concurrent weak root
[89.514s][info][gc          ] GC(216) Concurrent weak roots 6.569ms
[89.514s][info][gc,start    ] GC(216) Concurrent cleanup
[89.514s][info][gc          ] GC(216) Concurrent cleanup 527M->40M(2048M) 0.057ms
[89.514s][info][gc,ergo     ] GC(216) Free: 1904M, Max: 1024K regular, 1416M humongous, Frag: 26% external, 0% internal; Reserve: 103M, Max: 1024K
[89.514s][info][gc,start    ] GC(216) Concurrent class unloading
[89.514s][info][gc,task     ] GC(216) Using 1 of 3 workers for concurrent class unloading
[89.518s][info][gc          ] GC(216) Concurrent class unloading 3.614ms
[89.518s][info][gc,start    ] GC(216) Pause Final Roots
[89.518s][info][gc          ] GC(216) Pause Final Roots 0.013ms
[89.518s][info][gc,ergo     ] Free: 1900M, Max: 1024K regular, 1416M humongous, Frag: 26% external, 0% internal; Reserve: 103M, Max: 1024K
[89.518s][info][gc,stats    ] 
[89.518s][info][gc,stats    ] All times are wall-clock times, except per-root-class counters, that are sum over
[89.518s][info][gc,stats    ] all workers. Dividing the <total> over the root stage time estimates parallelism.
[89.518s][info][gc,stats    ] 
[89.518s][info][gc,stats    ] Concurrent Reset                    158 us
[89.518s][info][gc,stats    ] Pause Init Mark (G)                 236 us
[89.518s][info][gc,stats    ] Pause Init Mark (N)                 112 us
[89.518s][info][gc,stats    ]   Update Region States               27 us
[89.518s][info][gc,stats    ] Concurrent Mark Roots               428 us, parallelism: 0.85x
[89.518s][info][gc,stats    ]   CMR: <total>                      363 us
[89.518s][info][gc,stats    ]   CMR: Thread Roots                 321 us, workers (us): 321, ---, ---, 
[89.518s][info][gc,stats    ]   CMR: VM Strong Roots                4 us, workers (us):   4, ---, ---, 
[89.518s][info][gc,stats    ]   CMR: CLDG Roots                    38 us, workers (us):  38, ---, ---, 
[89.518s][info][gc,stats    ] Concurrent Marking                 4116 us
[89.518s][info][gc,stats    ] Pause Final Mark (G)                279 us
[89.518s][info][gc,stats    ] Pause Final Mark (N)                166 us
[89.518s][info][gc,stats    ]   Finish Mark                        39 us
[89.518s][info][gc,stats    ]   Update Region States               29 us
[89.518s][info][gc,stats    ]   Choose Collection Set              28 us
[89.518s][info][gc,stats    ]   Rebuild Free Set                    8 us
[89.518s][info][gc,stats    ] Concurrent Weak References           69 us, parallelism: 0.12x
[89.518s][info][gc,stats    ]   CWRF: <total>                       8 us
[89.518s][info][gc,stats    ]   CWRF: Weak References               8 us, workers (us):   8, ---, ---, 
[89.518s][info][gc,stats    ] Concurrent Weak Roots              6625 us
[89.518s][info][gc,stats    ]   Roots                            6496 us, parallelism: 0.99x
[89.518s][info][gc,stats    ]     CWR: <total>                   6461 us
[89.518s][info][gc,stats    ]     CWR: Code Cache Roots           844 us, workers (us): 844, ---, ---, 
[89.518s][info][gc,stats    ]     CWR: VM Weak Roots             5606 us, workers (us): 5606, ---, ---, 
[89.518s][info][gc,stats    ]     CWR: CLDG Roots                  11 us, workers (us):  11, ---, ---, 
[89.518s][info][gc,stats    ]   Rendezvous                         56 us
[89.518s][info][gc,stats    ] Concurrent Cleanup                   66 us
[89.518s][info][gc,stats    ] Concurrent Class Unloading         3677 us
[89.518s][info][gc,stats    ]   Unlink Stale                     3347 us
[89.518s][info][gc,stats    ]     System Dictionary                 9 us
[89.518s][info][gc,stats    ]     Weak Class Links                  0 us
[89.518s][info][gc,stats    ]     Code Roots                     3336 us
[89.518s][info][gc,stats    ]   Rendezvous                         74 us
[89.518s][info][gc,stats    ]   Purge Unlinked                    175 us
[89.518s][info][gc,stats    ]     Code Roots                      171 us
[89.518s][info][gc,stats    ]     CLDG                              3 us
[89.518s][info][gc,stats    ]     Exception Caches                  0 us
[89.518s][info][gc,stats    ] Pause Final Roots (G)                91 us
[89.518s][info][gc,stats    ] Pause Final Roots (N)                21 us
[89.518s][info][gc,stats    ] 
[89.518s][info][gc,stats    ] Allocation pacing accrued:
[89.518s][info][gc,stats    ]       0 of   483 ms (  0.0%): <total>
[89.518s][info][gc,stats    ]       0 of   483 ms (  0.0%): <average total>
[89.518s][info][gc,stats    ] 
[89.518s][info][gc,metaspace] Metaspace: 14228K(14528K)->14228K(14528K) NonClass: 12323K(12480K)->12323K(12480K) Class: 1905K(2048K)->1905K(2048K)
[89.518s][info][gc,ergo     ] Pacer for Idle. Initial: 41943K, Alloc Tax Rate: 1.0x
[89.966s][info][gc          ] Trigger: Learning 3 of 5. Free (1432M) is below initial threshold (1433M)
[89.966s][info][gc,ergo     ] Free: 1432M, Max: 1024K regular, 1416M humongous, Frag: 2% external, 0% internal; Reserve: 103M, Max: 1024K
[89.966s][info][gc,start    ] GC(217) Concurrent reset
[89.966s][info][gc,task     ] GC(217) Using 1 of 3 workers for concurrent reset
[89.966s][info][gc,ergo     ] GC(217) Pacer for Reset. Non-Taxable: 2048M
[89.966s][info][gc          ] GC(217) Concurrent reset 0.199ms
[89.967s][info][gc,start    ] GC(217) Pause Init Mark (unload classes)
[89.967s][info][gc,task     ] GC(217) Using 3 of 3 workers for init marking
[89.967s][info][gc,ergo     ] GC(217) Pacer for Mark. Expected Live: 4513K, Free: 1431M, Non-Taxable: 143M, Alloc Tax Rate: 0.0x
[89.967s][info][gc          ] GC(217) Pause Init Mark (unload classes) 0.111ms
[89.967s][info][gc,start    ] GC(217) Concurrent marking roots
[89.967s][info][gc,task     ] GC(217) Using 1 of 3 workers for concurrent marking roots
[89.967s][info][gc          ] GC(217) Concurrent marking roots 0.410ms
[89.967s][info][gc,start    ] GC(217) Concurrent marking (unload classes)
[89.967s][info][gc,task     ] GC(217) Using 1 of 3 workers for concurrent marking
[89.971s][info][gc          ] GC(217) Concurrent marking (unload classes) 3.975ms
[89.971s][info][gc,start    ] GC(217) Pause Final Mark (unload classes)
[89.971s][info][gc,task     ] GC(217) Using 3 of 3 workers for final marking
[89.971s][info][gc,ergo     ] GC(217) Collectable Garbage: 485M (95%), Immediate: 485M (95%), CSet: 0B (0%)
[89.971s][info][gc          ] GC(217) Pause Final Mark (unload classes) 0.155ms
[89.971s][info][gc,start    ] GC(217) Concurrent weak references
[89.971s][info][gc,task     ] GC(217) Using 1 of 3 workers for concurrent weak references
[89.971s][info][gc,ref      ] GC(217) Encountered references: Soft: 140, Weak: 729, Final: 0, Phantom: 64
[89.971s][info][gc,ref      ] GC(217) Discovered  references: Soft: 0, Weak: 147, Final: 0, Phantom: 37
[89.971s][info][gc,ref      ] GC(217) Enqueued    references: Soft: 0, Weak: 0, Final: 0, Phantom: 0
[89.972s][info][gc          ] GC(217) Concurrent weak references 0.084ms
[89.972s][info][gc,start    ] GC(217) Concurrent weak roots
[89.972s][info][gc,task     ] GC(217) Using 1 of 3 workers for concurrent weak root
[89.975s][info][gc          ] GC(217) Concurrent weak roots 3.182ms
[89.975s][info][gc,start    ] GC(217) Concurrent cleanup
[89.975s][info][gc          ] GC(217) Concurrent cleanup 525M->40M(2048M) 0.052ms
[89.975s][info][gc,ergo     ] GC(217) Free: 1904M, Max: 1024K regular, 1424M humongous, Frag: 26% external, 0% internal; Reserve: 103M, Max: 1024K
[89.975s][info][gc,start    ] GC(217) Concurrent class unloading
[89.975s][info][gc,task     ] GC(217) Using 1 of 3 workers for concurrent class unloading
[89.978s][info][gc          ] GC(217) Concurrent class unloading 3.233ms
[89.978s][info][gc,start    ] GC(217) Pause Final Roots
[89.978s][info][gc          ] GC(217) Pause Final Roots 0.041ms
[89.978s][info][gc,ergo     ] Free: 1904M, Max: 1024K regular, 1424M humongous, Frag: 26% external, 0% internal; Reserve: 103M, Max: 1024K
[89.978s][info][gc,stats    ] 
[89.978s][info][gc,stats    ] All times are wall-clock times, except per-root-class counters, that are sum over
[89.978s][info][gc,stats    ] all workers. Dividing the <total> over the root stage time estimates parallelism.
[89.978s][info][gc,stats    ] 
[89.978s][info][gc,stats    ] Concurrent Reset                    217 us
[89.978s][info][gc,stats    ] Pause Init Mark (G)                 260 us
[89.978s][info][gc,stats    ] Pause Init Mark (N)                 120 us
[89.978s][info][gc,stats    ]   Update Region States               31 us
[89.978s][info][gc,stats    ] Concurrent Mark Roots               422 us, parallelism: 0.85x
[89.978s][info][gc,stats    ]   CMR: <total>                      360 us
[89.978s][info][gc,stats    ]   CMR: Thread Roots                 317 us, workers (us): 317, ---, ---, 
[89.978s][info][gc,stats    ]   CMR: VM Strong Roots                4 us, workers (us):   4, ---, ---, 
[89.978s][info][gc,stats    ]   CMR: CLDG Roots                    39 us, workers (us):  39, ---, ---, 
[89.978s][info][gc,stats    ] Concurrent Marking                 4025 us
[89.978s][info][gc,stats    ] Pause Final Mark (G)                222 us
[89.978s][info][gc,stats    ] Pause Final Mark (N)                164 us
[89.978s][info][gc,stats    ]   Finish Mark                        37 us
[89.978s][info][gc,stats    ]   Update Region States               29 us
[89.978s][info][gc,stats    ]   Choose Collection Set              29 us
[89.978s][info][gc,stats    ]   Rebuild Free Set                    7 us
[89.978s][info][gc,stats    ] Concurrent Weak References           93 us, parallelism: 0.10x
[89.978s][info][gc,stats    ]   CWRF: <total>                       9 us
[89.978s][info][gc,stats    ]   CWRF: Weak References               9 us, workers (us):   9, ---, ---, 
[89.978s][info][gc,stats    ] Concurrent Weak Roots              3213 us
[89.978s][info][gc,stats    ]   Roots                            3112 us, parallelism: 0.99x
[89.978s][info][gc,stats    ]     CWR: <total>                   3087 us
[89.978s][info][gc,stats    ]     CWR: Code Cache Roots           668 us, workers (us): 668, ---, ---, 
[89.978s][info][gc,stats    ]     CWR: VM Weak Roots             2412 us, workers (us): 2412, ---, ---, 
[89.978s][info][gc,stats    ]     CWR: CLDG Roots                   7 us, workers (us):   7, ---, ---, 
[89.978s][info][gc,stats    ]   Rendezvous                         51 us
[89.978s][info][gc,stats    ] Concurrent Cleanup                   61 us
[89.978s][info][gc,stats    ] Concurrent Class Unloading         3283 us
[89.978s][info][gc,stats    ]   Unlink Stale                     2990 us
[89.978s][info][gc,stats    ]     System Dictionary                 8 us
[89.978s][info][gc,stats    ]     Weak Class Links                  0 us
[89.978s][info][gc,stats    ]     Code Roots                     2980 us
[89.978s][info][gc,stats    ]   Rendezvous                         90 us
[89.978s][info][gc,stats    ]   Purge Unlinked                    133 us
[89.979s][info][gc,stats    ]     Code Roots                      129 us
[89.979s][info][gc,stats    ]     CLDG                              4 us
[89.979s][info][gc,stats    ]     Exception Caches                  0 us
[89.979s][info][gc,stats    ] Pause Final Roots (G)                88 us
[89.979s][info][gc,stats    ] Pause Final Roots (N)                50 us
[89.979s][info][gc,stats    ] 
[89.979s][info][gc,stats    ] Allocation pacing accrued:
[89.979s][info][gc,stats    ]       0 of   460 ms (  0.0%): <total>
[89.979s][info][gc,stats    ]       0 of   460 ms (  0.0%): <average total>
[89.979s][info][gc,stats    ] 
[89.979s][info][gc,metaspace] Metaspace: 14228K(14528K)->14228K(14528K) NonClass: 12323K(12480K)->12323K(12480K) Class: 1905K(2048K)->1905K(2048K)
[89.979s][info][gc,ergo     ] Pacer for Idle. Initial: 41943K, Alloc Tax Rate: 1.0x
[90.421s][info][gc          ] Trigger: Learning 4 of 5. Free (1433M) is below initial threshold (1433M)
[90.421s][info][gc,ergo     ] Free: 1433M, Max: 1024K regular, 1424M humongous, Frag: 1% external, 0% internal; Reserve: 103M, Max: 1024K
[90.421s][info][gc,start    ] GC(218) Concurrent reset
[90.421s][info][gc,task     ] GC(218) Using 1 of 3 workers for concurrent reset
[90.421s][info][gc,ergo     ] GC(218) Pacer for Reset. Non-Taxable: 2048M
[90.421s][info][gc          ] GC(218) Concurrent reset 0.215ms
[90.421s][info][gc,start    ] GC(218) Pause Init Mark (unload classes)
[90.421s][info][gc,task     ] GC(218) Using 3 of 3 workers for init marking
[90.421s][info][gc,ergo     ] GC(218) Pacer for Mark. Expected Live: 4513K, Free: 1433M, Non-Taxable: 143M, Alloc Tax Rate: 0.0x
[90.421s][info][gc          ] GC(218) Pause Init Mark (unload classes) 0.092ms
[90.422s][info][gc,start    ] GC(218) Concurrent marking roots
[90.422s][info][gc,task     ] GC(218) Using 1 of 3 workers for concurrent marking roots
[90.422s][info][gc          ] GC(218) Concurrent marking roots 0.407ms
[90.422s][info][gc,start    ] GC(218) Concurrent marking (unload classes)
[90.422s][info][gc,task     ] GC(218) Using 1 of 3 workers for concurrent marking
[90.426s][info][gc          ] GC(218) Concurrent marking (unload classes) 3.975ms
[90.426s][info][gc,start    ] GC(218) Pause Final Mark (unload classes)
[90.426s][info][gc,task     ] GC(218) Using 3 of 3 workers for final marking
[90.426s][info][gc,ergo     ] GC(218) Collectable Garbage: 480M (94%), Immediate: 480M (94%), CSet: 0B (0%)
[90.426s][info][gc          ] GC(218) Pause Final Mark (unload classes) 0.128ms
[90.426s][info][gc,start    ] GC(218) Concurrent weak references
[90.426s][info][gc,task     ] GC(218) Using 1 of 3 workers for concurrent weak references
[90.426s][info][gc,ref      ] GC(218) Encountered references: Soft: 140, Weak: 729, Final: 0, Phantom: 64
[90.426s][info][gc,ref      ] GC(218) Discovered  references: Soft: 0, Weak: 147, Final: 0, Phantom: 37
[90.426s][info][gc,ref      ] GC(218) Enqueued    references: Soft: 0, Weak: 0, Final: 0, Phantom: 0
[90.426s][info][gc          ] GC(218) Concurrent weak references 0.094ms
[90.426s][info][gc,start    ] GC(218) Concurrent weak roots
[90.426s][info][gc,task     ] GC(218) Using 1 of 3 workers for concurrent weak root
[90.430s][info][gc          ] GC(218) Concurrent weak roots 3.643ms
[90.430s][info][gc,start    ] GC(218) Concurrent cleanup
[90.430s][info][gc          ] GC(218) Concurrent cleanup 524M->44M(2048M) 0.053ms
[90.430s][info][gc,ergo     ] GC(218) Free: 1900M, Max: 1024K regular, 1419M humongous, Frag: 26% external, 0% internal; Reserve: 103M, Max: 1024K
[90.430s][info][gc,start    ] GC(218) Concurrent class unloading
[90.430s][info][gc,task     ] GC(218) Using 1 of 3 workers for concurrent class unloading
[90.433s][info][gc          ] GC(218) Concurrent class unloading 3.208ms
[90.433s][info][gc,start    ] GC(218) Pause Final Roots
[90.433s][info][gc          ] GC(218) Pause Final Roots 0.039ms
[90.433s][info][gc,ergo     ] Free: 1898M, Max: 1024K regular, 1419M humongous, Frag: 26% external, 0% internal; Reserve: 103M, Max: 1024K
[90.433s][info][gc,stats    ] 
[90.433s][info][gc,stats    ] All times are wall-clock times, except per-root-class counters, that are sum over
[90.433s][info][gc,stats    ] all workers. Dividing the <total> over the root stage time estimates parallelism.
[90.433s][info][gc,stats    ] 
[90.433s][info][gc,stats    ] Concurrent Reset                    228 us
[90.433s][info][gc,stats    ] Pause Init Mark (G)                 182 us
[90.433s][info][gc,stats    ] Pause Init Mark (N)                 100 us
[90.433s][info][gc,stats    ]   Update Region States               26 us
[90.433s][info][gc,stats    ] Concurrent Mark Roots               425 us, parallelism: 0.85x
[90.433s][info][gc,stats    ]   CMR: <total>                      362 us
[90.434s][info][gc,stats    ]   CMR: Thread Roots                 318 us, workers (us): 318, ---, ---, 
[90.434s][info][gc,stats    ]   CMR: VM Strong Roots                4 us, workers (us):   4, ---, ---, 
[90.434s][info][gc,stats    ]   CMR: CLDG Roots                    39 us, workers (us):  39, ---, ---, 
[90.434s][info][gc,stats    ] Concurrent Marking                 4019 us
[90.434s][info][gc,stats    ] Pause Final Mark (G)                187 us
[90.434s][info][gc,stats    ] Pause Final Mark (N)                136 us
[90.434s][info][gc,stats    ]   Finish Mark                        35 us
[90.434s][info][gc,stats    ]   Update Region States               27 us
[90.434s][info][gc,stats    ]   Choose Collection Set              26 us
[90.434s][info][gc,stats    ]   Rebuild Free Set                    8 us
[90.434s][info][gc,stats    ] Concurrent Weak References          101 us, parallelism: 0.08x
[90.434s][info][gc,stats    ]   CWRF: <total>                       8 us
[90.434s][info][gc,stats    ]   CWRF: Weak References               8 us, workers (us):   8, ---, ---, 
[90.434s][info][gc,stats    ] Concurrent Weak Roots              3692 us
[90.434s][info][gc,stats    ]   Roots                            3573 us, parallelism: 0.99x
[90.434s][info][gc,stats    ]     CWR: <total>                   3547 us
[90.434s][info][gc,stats    ]     CWR: Code Cache Roots           755 us, workers (us): 755, ---, ---, 
[90.434s][info][gc,stats    ]     CWR: VM Weak Roots             2784 us, workers (us): 2784, ---, ---, 
[90.434s][info][gc,stats    ]     CWR: CLDG Roots                   8 us, workers (us):   8, ---, ---, 
[90.434s][info][gc,stats    ]   Rendezvous                         53 us
[90.434s][info][gc,stats    ] Concurrent Cleanup                   62 us
[90.434s][info][gc,stats    ] Concurrent Class Unloading         3252 us
[90.434s][info][gc,stats    ]   Unlink Stale                     2984 us
[90.434s][info][gc,stats    ]     System Dictionary                 8 us
[90.434s][info][gc,stats    ]     Weak Class Links                  0 us
[90.434s][info][gc,stats    ]     Code Roots                     2975 us
[90.434s][info][gc,stats    ]   Rendezvous                         50 us
[90.434s][info][gc,stats    ]   Purge Unlinked                    156 us
[90.434s][info][gc,stats    ]     Code Roots                      152 us
[90.434s][info][gc,stats    ]     CLDG                              3 us
[90.434s][info][gc,stats    ]     Exception Caches                  0 us
[90.434s][info][gc,stats    ] Pause Final Roots (G)               106 us
[90.434s][info][gc,stats    ] Pause Final Roots (N)                48 us
[90.434s][info][gc,stats    ] 
[90.434s][info][gc,stats    ] Allocation pacing accrued:
[90.434s][info][gc,stats    ]       0 of   455 ms (  0.0%): <total>
[90.434s][info][gc,stats    ]       0 of   455 ms (  0.0%): <average total>
[90.434s][info][gc,stats    ] 
[90.434s][info][gc,metaspace] Metaspace: 14228K(14528K)->14228K(14528K) NonClass: 12323K(12480K)->12323K(12480K) Class: 1905K(2048K)->1905K(2048K)
[90.434s][info][gc,ergo     ] Pacer for Idle. Initial: 41943K, Alloc Tax Rate: 1.0x
[90.877s][info][gc          ] Trigger: Learning 5 of 5. Free (1432M) is below initial threshold (1433M)
[90.877s][info][gc,ergo     ] Free: 1431M, Max: 1024K regular, 1419M humongous, Frag: 1% external, 0% internal; Reserve: 103M, Max: 1024K
[90.877s][info][gc,start    ] GC(219) Concurrent reset
[90.877s][info][gc,task     ] GC(219) Using 1 of 3 workers for concurrent reset
[90.877s][info][gc,ergo     ] GC(219) Pacer for Reset. Non-Taxable: 2048M
[90.878s][info][gc          ] GC(219) Concurrent reset 0.196ms
[90.878s][info][gc,start    ] GC(219) Pause Init Mark (unload classes)
[90.878s][info][gc,task     ] GC(219) Using 3 of 3 workers for init marking
[90.878s][info][gc,ergo     ] GC(219) Pacer for Mark. Expected Live: 4513K, Free: 1431M, Non-Taxable: 143M, Alloc Tax Rate: 0.0x
[90.878s][info][gc          ] GC(219) Pause Init Mark (unload classes) 0.097ms
[90.878s][info][gc,start    ] GC(219) Concurrent marking roots
[90.878s][info][gc,task     ] GC(219) Using 1 of 3 workers for concurrent marking roots
[90.878s][info][gc          ] GC(219) Concurrent marking roots 0.407ms
[90.878s][info][gc,start    ] GC(219) Concurrent marking (unload classes)
[90.878s][info][gc,task     ] GC(219) Using 1 of 3 workers for concurrent marking
[90.882s][info][gc          ] GC(219) Concurrent marking (unload classes) 3.890ms
[90.882s][info][gc,start    ] GC(219) Pause Final Mark (unload classes)
[90.882s][info][gc,task     ] GC(219) Using 3 of 3 workers for final marking
[90.882s][info][gc,ergo     ] GC(219) Collectable Garbage: 478M (94%), Immediate: 478M (94%), CSet: 0B (0%)
[90.882s][info][gc          ] GC(219) Pause Final Mark (unload classes) 0.160ms
[90.882s][info][gc,start    ] GC(219) Concurrent weak references
[90.882s][info][gc,task     ] GC(219) Using 1 of 3 workers for concurrent weak references
[90.882s][info][gc,ref      ] GC(219) Encountered references: Soft: 140, Weak: 729, Final: 0, Phantom: 64
[90.882s][info][gc,ref      ] GC(219) Discovered  references: Soft: 0, Weak: 147, Final: 0, Phantom: 37
[90.882s][info][gc,ref      ] GC(219) Enqueued    references: Soft: 0, Weak: 0, Final: 0, Phantom: 0
[90.882s][info][gc          ] GC(219) Concurrent weak references 0.069ms
[90.882s][info][gc,start    ] GC(219) Concurrent weak roots
[90.882s][info][gc,task     ] GC(219) Using 1 of 3 workers for concurrent weak root
[90.887s][info][gc          ] GC(219) Concurrent weak roots 4.062ms
[90.887s][info][gc,start    ] GC(219) Concurrent cleanup
[90.887s][info][gc          ] GC(219) Concurrent cleanup 526M->47M(2048M) 0.053ms
[90.887s][info][gc,ergo     ] GC(219) Free: 1897M, Max: 1024K regular, 1417M humongous, Frag: 26% external, 0% internal; Reserve: 103M, Max: 1024K
[90.887s][info][gc,start    ] GC(219) Concurrent class unloading
[90.887s][info][gc,task     ] GC(219) Using 1 of 3 workers for concurrent class unloading
[90.890s][info][gc          ] GC(219) Concurrent class unloading 3.213ms
[90.890s][info][gc,start    ] GC(219) Pause Final Roots
[90.890s][info][gc          ] GC(219) Pause Final Roots 0.042ms
[90.890s][info][gc,ergo     ] Free: 1895M, Max: 1024K regular, 1417M humongous, Frag: 26% external, 0% internal; Reserve: 103M, Max: 1024K
[90.890s][info][gc,stats    ] 
[90.890s][info][gc,stats    ] All times are wall-clock times, except per-root-class counters, that are sum over
[90.890s][info][gc,stats    ] all workers. Dividing the <total> over the root stage time estimates parallelism.
[90.890s][info][gc,stats    ] 
[90.890s][info][gc,stats    ] Concurrent Reset                    209 us
[90.890s][info][gc,stats    ] Pause Init Mark (G)                 210 us
[90.890s][info][gc,stats    ] Pause Init Mark (N)                 107 us
[90.890s][info][gc,stats    ]   Update Region States               25 us
[90.890s][info][gc,stats    ] Concurrent Mark Roots               420 us, parallelism: 0.86x
[90.890s][info][gc,stats    ]   CMR: <total>                      362 us
[90.890s][info][gc,stats    ]   CMR: Thread Roots                 319 us, workers (us): 319, ---, ---, 
[90.890s][info][gc,stats    ]   CMR: VM Strong Roots                4 us, workers (us):   4, ---, ---, 
[90.890s][info][gc,stats    ]   CMR: CLDG Roots                    38 us, workers (us):  38, ---, ---, 
[90.890s][info][gc,stats    ] Concurrent Marking                 3929 us
[90.890s][info][gc,stats    ] Pause Final Mark (G)                248 us
[90.890s][info][gc,stats    ] Pause Final Mark (N)                169 us
[90.890s][info][gc,stats    ]   Finish Mark                        35 us
[90.890s][info][gc,stats    ]   Update Region States               29 us
[90.890s][info][gc,stats    ]   Choose Collection Set              33 us
[90.890s][info][gc,stats    ]   Rebuild Free Set                    8 us
[90.890s][info][gc,stats    ] Concurrent Weak References           76 us, parallelism: 0.12x
[90.890s][info][gc,stats    ]   CWRF: <total>                       9 us
[90.890s][info][gc,stats    ]   CWRF: Weak References               9 us, workers (us):   9, ---, ---, 
[90.890s][info][gc,stats    ] Concurrent Weak Roots              4104 us
[90.890s][info][gc,stats    ]   Roots                            3992 us, parallelism: 0.99x
[90.890s][info][gc,stats    ]     CWR: <total>                   3967 us
[90.890s][info][gc,stats    ]     CWR: Code Cache Roots           681 us, workers (us): 681, ---, ---, 
[90.890s][info][gc,stats    ]     CWR: VM Weak Roots             3278 us, workers (us): 3278, ---, ---, 
[90.890s][info][gc,stats    ]     CWR: CLDG Roots                   7 us, workers (us):   7, ---, ---, 
[90.890s][info][gc,stats    ]   Rendezvous                         53 us
[90.890s][info][gc,stats    ] Concurrent Cleanup                   62 us
[90.890s][info][gc,stats    ] Concurrent Class Unloading         3266 us
[90.890s][info][gc,stats    ]   Unlink Stale                     2973 us
[90.890s][info][gc,stats    ]     System Dictionary                 8 us
[90.890s][info][gc,stats    ]     Weak Class Links                  0 us
[90.890s][info][gc,stats    ]     Code Roots                     2962 us
[90.890s][info][gc,stats    ]   Rendezvous                         92 us
[90.890s][info][gc,stats    ]   Purge Unlinked                    128 us
[90.890s][info][gc,stats    ]     Code Roots                      125 us
[90.890s][info][gc,stats    ]     CLDG                              3 us
[90.890s][info][gc,stats    ]     Exception Caches                  0 us
[90.890s][info][gc,stats    ] Pause Final Roots (G)               140 us
[90.890s][info][gc,stats    ] Pause Final Roots (N)                51 us
[90.890s][info][gc,stats    ] 
[90.890s][info][gc,stats    ] Allocation pacing accrued:
[90.890s][info][gc,stats    ]       0 of   457 ms (  0.0%): <total>
[90.890s][info][gc,stats    ]       0 of   457 ms (  0.0%): <average total>
[90.890s][info][gc,stats    ] 
[90.890s][info][gc,metaspace] Metaspace: 14228K(14528K)->14228K(14528K) NonClass: 12323K(12480K)->12323K(12480K) Class: 1905K(2048K)->1905K(2048K)
[90.890s][info][gc,ergo     ] Pacer for Idle. Initial: 41943K, Alloc Tax Rate: 1.0x
[91.176s][info][gc          ] Trigger: Explicit GC request (System.gc())
[91.176s][info][gc,ergo     ] Free: 1675M, Max: 1024K regular, 1417M humongous, Frag: 16% external, 0% internal; Reserve: 103M, Max: 1024K
[91.176s][info][gc,start    ] GC(220) Concurrent reset
[91.176s][info][gc,task     ] GC(220) Using 1 of 3 workers for concurrent reset
[91.176s][info][gc,ergo     ] GC(220) Pacer for Reset. Non-Taxable: 2048M
[91.176s][info][gc          ] GC(220) Concurrent reset 0.476ms
[91.176s][info][gc,start    ] GC(220) Pause Init Mark (unload classes)
[91.176s][info][gc,task     ] GC(220) Using 3 of 3 workers for init marking
[91.177s][info][gc,ref      ] GC(220) Clearing All SoftReferences
[91.177s][info][gc,ergo     ] GC(220) Pacer for Mark. Expected Live: 4520K, Free: 1675M, Non-Taxable: 167M, Alloc Tax Rate: 0.0x
[91.177s][info][gc          ] GC(220) Pause Init Mark (unload classes) 0.307ms
[91.177s][info][gc,start    ] GC(220) Concurrent marking roots
[91.177s][info][gc,task     ] GC(220) Using 1 of 3 workers for concurrent marking roots
[91.177s][info][gc          ] GC(220) Concurrent marking roots 0.615ms
[91.177s][info][gc,start    ] GC(220) Concurrent marking (unload classes)
[91.177s][info][gc,task     ] GC(220) Using 1 of 3 workers for concurrent marking
[91.182s][info][gc          ] GC(220) Concurrent marking (unload classes) 4.370ms
[91.182s][info][gc,start    ] GC(220) Pause Final Mark (unload classes)
[91.182s][info][gc,task     ] GC(220) Using 3 of 3 workers for final marking
[91.182s][info][gc,ergo     ] GC(220) Collectable Garbage: 254M (96%), Immediate: 254M (96%), CSet: 0B (0%)
[91.182s][info][gc          ] GC(220) Pause Final Mark (unload classes) 0.385ms
[91.182s][info][gc,start    ] GC(220) Concurrent weak references
[91.182s][info][gc,task     ] GC(220) Using 1 of 3 workers for concurrent weak references
[91.182s][info][gc,ref      ] GC(220) Encountered references: Soft: 140, Weak: 713, Final: 0, Phantom: 64
[91.182s][info][gc,ref      ] GC(220) Discovered  references: Soft: 88, Weak: 169, Final: 0, Phantom: 62
[91.182s][info][gc,ref      ] GC(220) Enqueued    references: Soft: 3, Weak: 0, Final: 0, Phantom: 0
[91.183s][info][gc          ] GC(220) Concurrent weak references 0.148ms
[91.183s][info][gc,start    ] GC(220) Concurrent weak roots
[91.183s][info][gc,task     ] GC(220) Using 1 of 3 workers for concurrent weak root
[91.186s][info][gc          ] GC(220) Concurrent weak roots 3.607ms
[91.186s][info][gc,start    ] GC(220) Concurrent cleanup
[91.186s][info][gc          ] GC(220) Concurrent cleanup 269M->14M(2048M) 0.041ms
[91.186s][info][gc,ergo     ] GC(220) Free: 1930M, Max: 1024K regular, 1700M humongous, Frag: 12% external, 0% internal; Reserve: 103M, Max: 1024K
[91.186s][info][gc,start    ] GC(220) Concurrent class unloading
[91.186s][info][gc,task     ] GC(220) Using 1 of 3 workers for concurrent class unloading
[91.190s][info][gc          ] GC(220) Concurrent class unloading 3.911ms
[91.190s][info][gc,start    ] GC(220) Pause Final Roots
[91.190s][info][gc          ] GC(220) Pause Final Roots 0.044ms
[91.190s][info][gc,ergo     ] Free: 1930M, Max: 1024K regular, 1700M humongous, Frag: 12% external, 0% internal; Reserve: 103M, Max: 1024K
[91.190s][info][gc,stats    ] 
[91.190s][info][gc,stats    ] All times are wall-clock times, except per-root-class counters, that are sum over
[91.190s][info][gc,stats    ] all workers. Dividing the <total> over the root stage time estimates parallelism.
[91.190s][info][gc,stats    ] 
[91.190s][info][gc,stats    ] Concurrent Reset                    528 us
[91.190s][info][gc,stats    ] Pause Init Mark (G)                 489 us
[91.190s][info][gc,stats    ] Pause Init Mark (N)                 328 us
[91.191s][info][gc,stats    ]   Update Region States              114 us
[91.191s][info][gc,stats    ] Concurrent Mark Roots               633 us, parallelism: 0.70x
[91.191s][info][gc,stats    ]   CMR: <total>                      441 us
[91.191s][info][gc,stats    ]   CMR: Thread Roots                 345 us, workers (us): 345, ---, ---, 
[91.191s][info][gc,stats    ]   CMR: VM Strong Roots                8 us, workers (us):   8, ---, ---, 
[91.191s][info][gc,stats    ]   CMR: CLDG Roots                    87 us, workers (us):  87, ---, ---, 
[91.191s][info][gc,stats    ] Concurrent Marking                 4435 us
[91.191s][info][gc,stats    ] Pause Final Mark (G)                523 us
[91.191s][info][gc,stats    ] Pause Final Mark (N)                404 us
[91.191s][info][gc,stats    ]   Finish Mark                       128 us
[91.191s][info][gc,stats    ]   Update Region States               91 us
[91.191s][info][gc,stats    ]   Choose Collection Set              61 us
[91.191s][info][gc,stats    ]   Rebuild Free Set                   17 us
[91.191s][info][gc,stats    ] Concurrent Weak References          164 us, parallelism: 0.04x
[91.191s][info][gc,stats    ]   CWRF: <total>                       7 us
[91.191s][info][gc,stats    ]   CWRF: Weak References               7 us, workers (us):   7, ---, ---, 
[91.191s][info][gc,stats    ] Concurrent Weak Roots              3663 us
[91.191s][info][gc,stats    ]   Roots                            3315 us, parallelism: 0.97x
[91.191s][info][gc,stats    ]     CWR: <total>                   3223 us
[91.191s][info][gc,stats    ]     CWR: Code Cache Roots           743 us, workers (us): 743, ---, ---, 
[91.191s][info][gc,stats    ]     CWR: VM Weak Roots             2473 us, workers (us): 2473, ---, ---, 
[91.191s][info][gc,stats    ]     CWR: CLDG Roots                   8 us, workers (us):   8, ---, ---, 
[91.191s][info][gc,stats    ]   Rendezvous                        257 us
[91.191s][info][gc,stats    ] Concurrent Cleanup                   50 us
[91.191s][info][gc,stats    ] Concurrent Class Unloading         3956 us
[91.191s][info][gc,stats    ]   Unlink Stale                     3402 us
[91.191s][info][gc,stats    ]     System Dictionary                 8 us
[91.191s][info][gc,stats    ]     Weak Class Links                  0 us
[91.191s][info][gc,stats    ]     Code Roots                     3393 us
[91.191s][info][gc,stats    ]   Rendezvous                        217 us
[91.191s][info][gc,stats    ]   Purge Unlinked                    272 us
[91.191s][info][gc,stats    ]     Code Roots                      260 us
[91.191s][info][gc,stats    ]     CLDG                             11 us
[91.191s][info][gc,stats    ]     Exception Caches                  0 us
[91.191s][info][gc,stats    ] Pause Final Roots (G)               105 us
[91.191s][info][gc,stats    ] Pause Final Roots (N)                53 us
[91.191s][info][gc,stats    ] 
[91.191s][info][gc,stats    ] Allocation pacing accrued:
[91.191s][info][gc,stats    ]       0 of   301 ms (  0.0%): <total>
[91.191s][info][gc,stats    ]       0 of   301 ms (  0.0%): <average total>
[91.191s][info][gc,stats    ] 
[91.191s][info][gc,metaspace] Metaspace: 14228K(14528K)->14228K(14528K) NonClass: 12323K(12480K)->12323K(12480K) Class: 1905K(2048K)->1905K(2048K)
[91.191s][info][gc,ergo     ] Pacer for Idle. Initial: 41943K, Alloc Tax Rate: 1.0x
[91.629s][info][gc          ] Trigger: Learning 2 of 5. Free (1431M) is below initial threshold (1433M)
[91.629s][info][gc,ergo     ] Free: 1431M, Max: 1024K regular, 1430M humongous, Frag: 0% external, 0% internal; Reserve: 103M, Max: 1024K
[91.629s][info][gc,start    ] GC(221) Concurrent reset
[91.629s][info][gc,task     ] GC(221) Using 1 of 3 workers for concurrent reset
[91.629s][info][gc,ergo     ] GC(221) Pacer for Reset. Non-Taxable: 2048M
[91.629s][info][gc          ] GC(221) Concurrent reset 0.149ms
[91.629s][info][gc,start    ] GC(221) Pause Init Mark (unload classes)
[91.630s][info][gc,task     ] GC(221) Using 3 of 3 workers for init marking
[91.630s][info][gc,ergo     ] GC(221) Pacer for Mark. Expected Live: 4520K, Free: 1431M, Non-Taxable: 143M, Alloc Tax Rate: 0.0x
[91.630s][info][gc          ] GC(221) Pause Init Mark (unload classes) 0.091ms
[91.630s][info][gc,start    ] GC(221) Concurrent marking roots
[91.630s][info][gc,task     ] GC(221) Using 1 of 3 workers for concurrent marking roots
[91.630s][info][gc          ] GC(221) Concurrent marking roots 0.459ms
[91.630s][info][gc,start    ] GC(221) Concurrent marking (unload classes)
[91.630s][info][gc,task     ] GC(221) Using 1 of 3 workers for concurrent marking
[91.634s][info][gc          ] GC(221) Concurrent marking (unload classes) 3.957ms
[91.634s][info][gc,start    ] GC(221) Pause Final Mark (unload classes)
[91.634s][info][gc,task     ] GC(221) Using 3 of 3 workers for final marking
[91.634s][info][gc,ergo     ] GC(221) Collectable Garbage: 486M (95%), Immediate: 486M (95%), CSet: 0B (0%)
[91.634s][info][gc          ] GC(221) Pause Final Mark (unload classes) 0.156ms
[91.634s][info][gc,start    ] GC(221) Concurrent weak references
[91.634s][info][gc,task     ] GC(221) Using 1 of 3 workers for concurrent weak references
[91.634s][info][gc,ref      ] GC(221) Encountered references: Soft: 140, Weak: 735, Final: 0, Phantom: 64
[91.634s][info][gc,ref      ] GC(221) Discovered  references: Soft: 0, Weak: 151, Final: 0, Phantom: 37
[91.634s][info][gc,ref      ] GC(221) Enqueued    references: Soft: 0, Weak: 2, Final: 0, Phantom: 0
[91.635s][info][gc          ] GC(221) Concurrent weak references 0.076ms
[91.635s][info][gc,start    ] GC(221) Concurrent weak roots
[91.635s][info][gc,task     ] GC(221) Using 1 of 3 workers for concurrent weak root
[91.639s][info][gc          ] GC(221) Concurrent weak roots 4.904ms
[91.639s][info][gc,start    ] GC(221) Concurrent cleanup
[91.640s][info][gc          ] GC(221) Concurrent cleanup 527M->41M(2048M) 0.054ms
[91.640s][info][gc,ergo     ] GC(221) Free: 1903M, Max: 1024K regular, 1416M humongous, Frag: 26% external, 0% internal; Reserve: 103M, Max: 1024K
[91.640s][info][gc,start    ] GC(221) Concurrent class unloading
[91.640s][info][gc,task     ] GC(221) Using 1 of 3 workers for concurrent class unloading
[91.643s][info][gc          ] GC(221) Concurrent class unloading 3.244ms
[91.643s][info][gc,start    ] GC(221) Pause Final Roots
[91.643s][info][gc          ] GC(221) Pause Final Roots 0.039ms
[91.643s][info][gc,ergo     ] Free: 1899M, Max: 1024K regular, 1416M humongous, Frag: 26% external, 0% internal; Reserve: 103M, Max: 1024K
[91.643s][info][gc,stats    ] 
[91.643s][info][gc,stats    ] All times are wall-clock times, except per-root-class counters, that are sum over
[91.643s][info][gc,stats    ] all workers. Dividing the <total> over the root stage time estimates parallelism.
[91.643s][info][gc,stats    ] 
[91.643s][info][gc,stats    ] Concurrent Reset                    161 us
[91.643s][info][gc,stats    ] Pause Init Mark (G)                 243 us
[91.643s][info][gc,stats    ] Pause Init Mark (N)                 105 us
[91.643s][info][gc,stats    ]   Update Region States               25 us
[91.643s][info][gc,stats    ] Concurrent Mark Roots               472 us, parallelism: 0.86x
[91.643s][info][gc,stats    ]   CMR: <total>                      404 us
[91.643s][info][gc,stats    ]   CMR: Thread Roots                 361 us, workers (us): 361, ---, ---, 
[91.643s][info][gc,stats    ]   CMR: VM Strong Roots                5 us, workers (us):   5, ---, ---, 
[91.643s][info][gc,stats    ]   CMR: CLDG Roots                    38 us, workers (us):  38, ---, ---, 
[91.643s][info][gc,stats    ] Concurrent Marking                 4010 us
[91.643s][info][gc,stats    ] Pause Final Mark (G)                269 us
[91.643s][info][gc,stats    ] Pause Final Mark (N)                165 us
[91.643s][info][gc,stats    ]   Finish Mark                        30 us
[91.643s][info][gc,stats    ]   Update Region States               28 us
[91.643s][info][gc,stats    ]   Choose Collection Set              41 us
[91.643s][info][gc,stats    ]   Rebuild Free Set                    8 us
[91.643s][info][gc,stats    ] Concurrent Weak References           84 us, parallelism: 0.11x
[91.643s][info][gc,stats    ]   CWRF: <total>                       9 us
[91.643s][info][gc,stats    ]   CWRF: Weak References               9 us, workers (us):   9, ---, ---, 
[91.643s][info][gc,stats    ] Concurrent Weak Roots              4961 us
[91.643s][info][gc,stats    ]   Roots                            4833 us, parallelism: 0.99x
[91.643s][info][gc,stats    ]     CWR: <total>                   4805 us
[91.643s][info][gc,stats    ]     CWR: Code Cache Roots           704 us, workers (us): 704, ---, ---, 
[91.643s][info][gc,stats    ]     CWR: VM Weak Roots             4094 us, workers (us): 4094, ---, ---, 
[91.643s][info][gc,stats    ]     CWR: CLDG Roots                   7 us, workers (us):   7, ---, ---, 
[91.643s][info][gc,stats    ]   Rendezvous                         53 us
[91.643s][info][gc,stats    ] Concurrent Cleanup                   63 us
[91.643s][info][gc,stats    ] Concurrent Class Unloading         3301 us
[91.643s][info][gc,stats    ]   Unlink Stale                     2999 us
[91.643s][info][gc,stats    ]     System Dictionary                 8 us
[91.643s][info][gc,stats    ]     Weak Class Links                  0 us
[91.643s][info][gc,stats    ]     Code Roots                     2989 us
[91.643s][info][gc,stats    ]   Rendezvous                         44 us
[91.643s][info][gc,stats    ]   Purge Unlinked                    181 us
[91.643s][info][gc,stats    ]     Code Roots                      177 us
[91.643s][info][gc,stats    ]     CLDG                              4 us
[91.643s][info][gc,stats    ]     Exception Caches                  0 us
[91.643s][info][gc,stats    ] Pause Final Roots (G)                95 us
[91.643s][info][gc,stats    ] Pause Final Roots (N)                48 us
[91.643s][info][gc,stats    ] 
[91.643s][info][gc,stats    ] Allocation pacing accrued:
[91.643s][info][gc,stats    ]       0 of   452 ms (  0.0%): <total>
[91.643s][info][gc,stats    ]       0 of   452 ms (  0.0%): <average total>
[91.643s][info][gc,stats    ] 
[91.643s][info][gc,metaspace] Metaspace: 14228K(14528K)->14228K(14528K) NonClass: 12323K(12480K)->12323K(12480K) Class: 1905K(2048K)->1905K(2048K)
[91.643s][info][gc,ergo     ] Pacer for Idle. Initial: 41943K, Alloc Tax Rate: 1.0x
[92.058s][info][gc          ] Trigger: Learning 3 of 5. Free (1430M) is below initial threshold (1433M)
[92.058s][info][gc,ergo     ] Free: 1430M, Max: 1024K regular, 1416M humongous, Frag: 1% external, 0% internal; Reserve: 103M, Max: 1024K
[92.058s][info][gc,start    ] GC(222) Concurrent reset
[92.058s][info][gc,task     ] GC(222) Using 1 of 3 workers for concurrent reset
[92.058s][info][gc,ergo     ] GC(222) Pacer for Reset. Non-Taxable: 2048M
[92.058s][info][gc          ] GC(222) Concurrent reset 0.183ms
[92.058s][info][gc,start    ] GC(222) Pause Init Mark (unload classes)
[92.058s][info][gc,task     ] GC(222) Using 3 of 3 workers for init marking
[92.058s][info][gc,ergo     ] GC(222) Pacer for Mark. Expected Live: 4520K, Free: 1429M, Non-Taxable: 142M, Alloc Tax Rate: 0.0x
[92.059s][info][gc          ] GC(222) Pause Init Mark (unload classes) 0.100ms
[92.059s][info][gc,start    ] GC(222) Concurrent marking roots
[92.059s][info][gc,task     ] GC(222) Using 1 of 3 workers for concurrent marking roots
[92.059s][info][gc          ] GC(222) Concurrent marking roots 0.409ms
[92.059s][info][gc,start    ] GC(222) Concurrent marking (unload classes)
[92.059s][info][gc,task     ] GC(222) Using 1 of 3 workers for concurrent marking
[92.063s][info][gc          ] GC(222) Concurrent marking (unload classes) 4.109ms
[92.063s][info][gc,start    ] GC(222) Pause Final Mark (unload classes)
[92.063s][info][gc,task     ] GC(222) Using 3 of 3 workers for final marking
[92.063s][info][gc,ergo     ] GC(222) Collectable Garbage: 485M (94%), Immediate: 485M (94%), CSet: 0B (0%)
[92.063s][info][gc          ] GC(222) Pause Final Mark (unload classes) 0.258ms
[92.064s][info][gc,start    ] GC(222) Concurrent weak references
[92.064s][info][gc,task     ] GC(222) Using 1 of 3 workers for concurrent weak references
[92.064s][info][gc,ref      ] GC(222) Encountered references: Soft: 140, Weak: 733, Final: 0, Phantom: 64
[92.064s][info][gc,ref      ] GC(222) Discovered  references: Soft: 0, Weak: 149, Final: 0, Phantom: 37
[92.064s][info][gc,ref      ] GC(222) Enqueued    references: Soft: 0, Weak: 0, Final: 0, Phantom: 0
[92.064s][info][gc          ] GC(222) Concurrent weak references 0.080ms
[92.064s][info][gc,start    ] GC(222) Concurrent weak roots
[92.064s][info][gc,task     ] GC(222) Using 1 of 3 workers for concurrent weak root
[92.069s][info][gc          ] GC(222) Concurrent weak roots 5.142ms
[92.069s][info][gc,start    ] GC(222) Concurrent cleanup
[92.069s][info][gc          ] GC(222) Concurrent cleanup 530M->45M(2048M) 0.054ms
[92.069s][info][gc,ergo     ] GC(222) Free: 1899M, Max: 1024K regular, 1413M humongous, Frag: 26% external, 0% internal; Reserve: 103M, Max: 1024K
[92.069s][info][gc,start    ] GC(222) Concurrent class unloading
[92.069s][info][gc,task     ] GC(222) Using 1 of 3 workers for concurrent class unloading
[92.072s][info][gc          ] GC(222) Concurrent class unloading 3.422ms
[92.072s][info][gc,start    ] GC(222) Pause Final Roots
[92.072s][info][gc          ] GC(222) Pause Final Roots 0.045ms
[92.073s][info][gc,ergo     ] Free: 1897M, Max: 1024K regular, 1413M humongous, Frag: 26% external, 0% internal; Reserve: 103M, Max: 1024K
[92.073s][info][gc,stats    ] 
[92.073s][info][gc,stats    ] All times are wall-clock times, except per-root-class counters, that are sum over
[92.073s][info][gc,stats    ] all workers. Dividing the <total> over the root stage time estimates parallelism.
[92.073s][info][gc,stats    ] 
[92.073s][info][gc,stats    ] Concurrent Reset                    203 us
[92.073s][info][gc,stats    ] Pause Init Mark (G)                 239 us
[92.073s][info][gc,stats    ] Pause Init Mark (N)                 109 us
[92.073s][info][gc,stats    ]   Update Region States               26 us
[92.073s][info][gc,stats    ] Concurrent Mark Roots               424 us, parallelism: 0.84x
[92.073s][info][gc,stats    ]   CMR: <total>                      357 us
[92.073s][info][gc,stats    ]   CMR: Thread Roots                 319 us, workers (us): 319, ---, ---, 
[92.073s][info][gc,stats    ]   CMR: VM Strong Roots                4 us, workers (us):   4, ---, ---, 
[92.073s][info][gc,stats    ]   CMR: CLDG Roots                    34 us, workers (us):  34, ---, ---, 
[92.073s][info][gc,stats    ] Concurrent Marking                 4153 us
[92.073s][info][gc,stats    ] Pause Final Mark (G)                361 us
[92.073s][info][gc,stats    ] Pause Final Mark (N)                268 us
[92.073s][info][gc,stats    ]   Finish Mark                        36 us
[92.073s][info][gc,stats    ]   Update Region States              123 us
[92.073s][info][gc,stats    ]   Choose Collection Set              56 us
[92.073s][info][gc,stats    ]   Rebuild Free Set                    8 us
[92.073s][info][gc,stats    ] Concurrent Weak References           87 us, parallelism: 0.11x
[92.073s][info][gc,stats    ]   CWRF: <total>                       9 us
[92.073s][info][gc,stats    ]   CWRF: Weak References               9 us, workers (us):   9, ---, ---, 
[92.073s][info][gc,stats    ] Concurrent Weak Roots              5195 us
[92.073s][info][gc,stats    ]   Roots                            5070 us, parallelism: 0.99x
[92.073s][info][gc,stats    ]     CWR: <total>                   5040 us
[92.073s][info][gc,stats    ]     CWR: Code Cache Roots           710 us, workers (us): 710, ---, ---, 
[92.073s][info][gc,stats    ]     CWR: VM Weak Roots             4321 us, workers (us): 4321, ---, ---, 
[92.073s][info][gc,stats    ]     CWR: CLDG Roots                   9 us, workers (us):   9, ---, ---, 
[92.073s][info][gc,stats    ]   Rendezvous                         55 us
[92.073s][info][gc,stats    ] Concurrent Cleanup                   63 us
[92.073s][info][gc,stats    ] Concurrent Class Unloading         3473 us
[92.073s][info][gc,stats    ]   Unlink Stale                     3187 us
[92.073s][info][gc,stats    ]     System Dictionary                 8 us
[92.073s][info][gc,stats    ]     Weak Class Links                  0 us
[92.073s][info][gc,stats    ]     Code Roots                     3177 us
[92.073s][info][gc,stats    ]   Rendezvous                         70 us
[92.073s][info][gc,stats    ]   Purge Unlinked                    147 us
[92.073s][info][gc,stats    ]     Code Roots                      142 us
[92.073s][info][gc,stats    ]     CLDG                              4 us
[92.073s][info][gc,stats    ]     Exception Caches                  0 us
[92.073s][info][gc,stats    ] Pause Final Roots (G)               151 us
[92.073s][info][gc,stats    ] Pause Final Roots (N)                54 us
[92.073s][info][gc,stats    ] 
[92.073s][info][gc,stats    ] Allocation pacing accrued:
[92.073s][info][gc,stats    ]       0 of   430 ms (  0.0%): <total>
[92.073s][info][gc,stats    ]       0 of   430 ms (  0.0%): <average total>
[92.073s][info][gc,stats    ] 
[92.073s][info][gc,metaspace] Metaspace: 14228K(14528K)->14228K(14528K) NonClass: 12323K(12480K)->12323K(12480K) Class: 1905K(2048K)->1905K(2048K)
[92.073s][info][gc,ergo     ] Pacer for Idle. Initial: 41943K, Alloc Tax Rate: 1.0x
[92.483s][info][gc          ] Trigger: Learning 4 of 5. Free (1433M) is below initial threshold (1433M)
[92.484s][info][gc,ergo     ] Free: 1433M, Max: 1024K regular, 1413M humongous, Frag: 2% external, 0% internal; Reserve: 103M, Max: 1024K
[92.484s][info][gc,start    ] GC(223) Concurrent reset
[92.484s][info][gc,task     ] GC(223) Using 1 of 3 workers for concurrent reset
[92.484s][info][gc,ergo     ] GC(223) Pacer for Reset. Non-Taxable: 2048M
[92.484s][info][gc          ] GC(223) Concurrent reset 0.230ms
[92.484s][info][gc,start    ] GC(223) Pause Init Mark (unload classes)
[92.484s][info][gc,task     ] GC(223) Using 3 of 3 workers for init marking
[92.484s][info][gc,ergo     ] GC(223) Pacer for Mark. Expected Live: 4519K, Free: 1432M, Non-Taxable: 143M, Alloc Tax Rate: 0.0x
[92.484s][info][gc          ] GC(223) Pause Init Mark (unload classes) 0.100ms
[92.484s][info][gc,start    ] GC(223) Concurrent marking roots
[92.484s][info][gc,task     ] GC(223) Using 1 of 3 workers for concurrent marking roots
[92.484s][info][gc          ] GC(223) Concurrent marking roots 0.417ms
[92.484s][info][gc,start    ] GC(223) Concurrent marking (unload classes)
[92.484s][info][gc,task     ] GC(223) Using 1 of 3 workers for concurrent marking
[92.489s][info][gc          ] GC(223) Concurrent marking (unload classes) 4.021ms
[92.489s][info][gc,start    ] GC(223) Pause Final Mark (unload classes)
[92.489s][info][gc,task     ] GC(223) Using 3 of 3 workers for final marking
[92.489s][info][gc,ergo     ] GC(223) Collectable Garbage: 479M (94%), Immediate: 479M (94%), CSet: 0B (0%)
[92.489s][info][gc          ] GC(223) Pause Final Mark (unload classes) 0.144ms
[92.489s][info][gc,start    ] GC(223) Concurrent weak references
[92.489s][info][gc,task     ] GC(223) Using 1 of 3 workers for concurrent weak references
[92.489s][info][gc,ref      ] GC(223) Encountered references: Soft: 140, Weak: 733, Final: 0, Phantom: 64
[92.489s][info][gc,ref      ] GC(223) Discovered  references: Soft: 0, Weak: 149, Final: 0, Phantom: 37
[92.489s][info][gc,ref      ] GC(223) Enqueued    references: Soft: 0, Weak: 0, Final: 0, Phantom: 0
[92.489s][info][gc          ] GC(223) Concurrent weak references 0.070ms
[92.489s][info][gc,start    ] GC(223) Concurrent weak roots
[92.489s][info][gc,task     ] GC(223) Using 1 of 3 workers for concurrent weak root
[92.492s][info][gc          ] GC(223) Concurrent weak roots 3.267ms
[92.492s][info][gc,start    ] GC(223) Concurrent cleanup
[92.492s][info][gc          ] GC(223) Concurrent cleanup 525M->45M(2048M) 0.051ms
[92.492s][info][gc,ergo     ] GC(223) Free: 1899M, Max: 1024K regular, 1421M humongous, Frag: 26% external, 0% internal; Reserve: 103M, Max: 1024K
[92.492s][info][gc,start    ] GC(223) Concurrent class unloading
[92.492s][info][gc,task     ] GC(223) Using 1 of 3 workers for concurrent class unloading
[92.495s][info][gc          ] GC(223) Concurrent class unloading 3.156ms
[92.495s][info][gc,start    ] GC(223) Pause Final Roots
[92.495s][info][gc          ] GC(223) Pause Final Roots 0.021ms
[92.496s][info][gc,ergo     ] Free: 1897M, Max: 1024K regular, 1421M humongous, Frag: 26% external, 0% internal; Reserve: 103M, Max: 1024K
[92.496s][info][gc,stats    ] 
[92.496s][info][gc,stats    ] All times are wall-clock times, except per-root-class counters, that are sum over
[92.496s][info][gc,stats    ] all workers. Dividing the <total> over the root stage time estimates parallelism.
[92.496s][info][gc,stats    ] 
[92.496s][info][gc,stats    ] Concurrent Reset                    242 us
[92.496s][info][gc,stats    ] Pause Init Mark (G)                 252 us
[92.496s][info][gc,stats    ] Pause Init Mark (N)                 109 us
[92.496s][info][gc,stats    ]   Update Region States               24 us
[92.496s][info][gc,stats    ] Concurrent Mark Roots               430 us, parallelism: 0.85x
[92.496s][info][gc,stats    ]   CMR: <total>                      367 us
[92.496s][info][gc,stats    ]   CMR: Thread Roots                 322 us, workers (us): 322, ---, ---, 
[92.496s][info][gc,stats    ]   CMR: VM Strong Roots                5 us, workers (us):   5, ---, ---, 
[92.496s][info][gc,stats    ]   CMR: CLDG Roots                    40 us, workers (us):  40, ---, ---, 
[92.496s][info][gc,stats    ] Concurrent Marking                 4071 us
[92.496s][info][gc,stats    ] Pause Final Mark (G)                225 us
[92.496s][info][gc,stats    ] Pause Final Mark (N)                152 us
[92.496s][info][gc,stats    ]   Finish Mark                        36 us
[92.496s][info][gc,stats    ]   Update Region States               27 us
[92.496s][info][gc,stats    ]   Choose Collection Set              28 us
[92.496s][info][gc,stats    ]   Rebuild Free Set                    8 us
[92.496s][info][gc,stats    ] Concurrent Weak References           78 us, parallelism: 0.09x
[92.496s][info][gc,stats    ]   CWRF: <total>                       7 us
[92.496s][info][gc,stats    ]   CWRF: Weak References               7 us, workers (us):   7, ---, ---, 
[92.496s][info][gc,stats    ] Concurrent Weak Roots              3298 us
[92.496s][info][gc,stats    ]   Roots                            3164 us, parallelism: 0.99x
[92.496s][info][gc,stats    ]     CWR: <total>                   3136 us
[92.496s][info][gc,stats    ]     CWR: Code Cache Roots           661 us, workers (us): 661, ---, ---, 
[92.496s][info][gc,stats    ]     CWR: VM Weak Roots             2469 us, workers (us): 2469, ---, ---, 
[92.496s][info][gc,stats    ]     CWR: CLDG Roots                   6 us, workers (us):   6, ---, ---, 
[92.496s][info][gc,stats    ]   Rendezvous                         87 us
[92.496s][info][gc,stats    ] Concurrent Cleanup                   59 us
[92.496s][info][gc,stats    ] Concurrent Class Unloading         3209 us
[92.496s][info][gc,stats    ]   Unlink Stale                     2957 us
[92.496s][info][gc,stats    ]     System Dictionary                 8 us
[92.496s][info][gc,stats    ]     Weak Class Links                  0 us
[92.496s][info][gc,stats    ]     Code Roots                     2947 us
[92.496s][info][gc,stats    ]   Rendezvous                         42 us
[92.496s][info][gc,stats    ]   Purge Unlinked                    135 us
[92.496s][info][gc,stats    ]     Code Roots                      131 us
[92.496s][info][gc,stats    ]     CLDG                              4 us
[92.496s][info][gc,stats    ]     Exception Caches                  0 us
[92.496s][info][gc,stats    ] Pause Final Roots (G)                94 us
[92.496s][info][gc,stats    ] Pause Final Roots (N)                31 us
[92.496s][info][gc,stats    ] 
[92.496s][info][gc,stats    ] Allocation pacing accrued:
[92.496s][info][gc,stats    ]       0 of   423 ms (  0.0%): <total>
[92.496s][info][gc,stats    ]       0 of   423 ms (  0.0%): <average total>
[92.496s][info][gc,stats    ] 
[92.496s][info][gc,metaspace] Metaspace: 14228K(14528K)->14228K(14528K) NonClass: 12323K(12480K)->12323K(12480K) Class: 1905K(2048K)->1905K(2048K)
[92.496s][info][gc,ergo     ] Pacer for Idle. Initial: 41943K, Alloc Tax Rate: 1.0x
[92.916s][info][gc          ] Trigger: Learning 5 of 5. Free (1432M) is below initial threshold (1433M)
[92.916s][info][gc,ergo     ] Free: 1432M, Max: 1024K regular, 1421M humongous, Frag: 1% external, 0% internal; Reserve: 103M, Max: 1024K
[92.917s][info][gc,start    ] GC(224) Concurrent reset
[92.917s][info][gc,task     ] GC(224) Using 1 of 3 workers for concurrent reset
[92.917s][info][gc,ergo     ] GC(224) Pacer for Reset. Non-Taxable: 2048M
[92.917s][info][gc          ] GC(224) Concurrent reset 0.265ms
[92.917s][info][gc,start    ] GC(224) Pause Init Mark (unload classes)
[92.917s][info][gc,task     ] GC(224) Using 3 of 3 workers for init marking
[92.917s][info][gc,ergo     ] GC(224) Pacer for Mark. Expected Live: 4519K, Free: 1432M, Non-Taxable: 143M, Alloc Tax Rate: 0.0x
[92.917s][info][gc          ] GC(224) Pause Init Mark (unload classes) 0.094ms
[92.917s][info][gc,start    ] GC(224) Concurrent marking roots
[92.917s][info][gc,task     ] GC(224) Using 1 of 3 workers for concurrent marking roots
[92.917s][info][gc          ] GC(224) Concurrent marking roots 0.431ms
[92.917s][info][gc,start    ] GC(224) Concurrent marking (unload classes)
[92.917s][info][gc,task     ] GC(224) Using 1 of 3 workers for concurrent marking
[92.921s][info][gc          ] GC(224) Concurrent marking (unload classes) 3.932ms
[92.921s][info][gc,start    ] GC(224) Pause Final Mark (unload classes)
[92.922s][info][gc,task     ] GC(224) Using 3 of 3 workers for final marking
[92.922s][info][gc,ergo     ] GC(224) Collectable Garbage: 478M (94%), Immediate: 478M (94%), CSet: 0B (0%)
[92.922s][info][gc          ] GC(224) Pause Final Mark (unload classes) 0.150ms
[92.922s][info][gc,start    ] GC(224) Concurrent weak references
[92.922s][info][gc,task     ] GC(224) Using 1 of 3 workers for concurrent weak references
[92.922s][info][gc,ref      ] GC(224) Encountered references: Soft: 140, Weak: 731, Final: 0, Phantom: 64
[92.922s][info][gc,ref      ] GC(224) Discovered  references: Soft: 0, Weak: 149, Final: 0, Phantom: 37
[92.922s][info][gc,ref      ] GC(224) Enqueued    references: Soft: 0, Weak: 0, Final: 0, Phantom: 0
[92.922s][info][gc          ] GC(224) Concurrent weak references 0.066ms
[92.922s][info][gc,start    ] GC(224) Concurrent weak roots
[92.922s][info][gc,task     ] GC(224) Using 1 of 3 workers for concurrent weak root
[92.925s][info][gc          ] GC(224) Concurrent weak roots 3.456ms
[92.925s][info][gc,start    ] GC(224) Concurrent cleanup
[92.925s][info][gc          ] GC(224) Concurrent cleanup 522M->43M(2048M) 0.055ms
[92.925s][info][gc,ergo     ] GC(224) Free: 1901M, Max: 1024K regular, 1423M humongous, Frag: 26% external, 0% internal; Reserve: 103M, Max: 1024K
[92.925s][info][gc,start    ] GC(224) Concurrent class unloading
[92.925s][info][gc,task     ] GC(224) Using 1 of 3 workers for concurrent class unloading
[92.928s][info][gc          ] GC(224) Concurrent class unloading 3.187ms
[92.929s][info][gc,start    ] GC(224) Pause Final Roots
[92.929s][info][gc          ] GC(224) Pause Final Roots 0.040ms
[92.929s][info][gc,ergo     ] Free: 1896M, Max: 1024K regular, 1423M humongous, Frag: 25% external, 0% internal; Reserve: 103M, Max: 1024K
[92.929s][info][gc,stats    ] 
[92.929s][info][gc,stats    ] All times are wall-clock times, except per-root-class counters, that are sum over
[92.929s][info][gc,stats    ] all workers. Dividing the <total> over the root stage time estimates parallelism.
[92.929s][info][gc,stats    ] 
[92.929s][info][gc,stats    ] Concurrent Reset                    287 us
[92.929s][info][gc,stats    ] Pause Init Mark (G)                 225 us
[92.929s][info][gc,stats    ] Pause Init Mark (N)                 102 us
[92.929s][info][gc,stats    ]   Update Region States               28 us
[92.929s][info][gc,stats    ] Concurrent Mark Roots               444 us, parallelism: 0.85x
[92.929s][info][gc,stats    ]   CMR: <total>                      376 us
[92.929s][info][gc,stats    ]   CMR: Thread Roots                 328 us, workers (us): 328, ---, ---, 
[92.929s][info][gc,stats    ]   CMR: VM Strong Roots                5 us, workers (us):   5, ---, ---, 
[92.929s][info][gc,stats    ]   CMR: CLDG Roots                    43 us, workers (us):  43, ---, ---, 
[92.929s][info][gc,stats    ] Concurrent Marking                 3968 us
[92.929s][info][gc,stats    ] Pause Final Mark (G)                215 us
[92.929s][info][gc,stats    ] Pause Final Mark (N)                158 us
[92.929s][info][gc,stats    ]   Finish Mark                        34 us
[92.929s][info][gc,stats    ]   Update Region States               27 us
[92.929s][info][gc,stats    ]   Choose Collection Set              27 us
[92.929s][info][gc,stats    ]   Rebuild Free Set                    8 us
[92.929s][info][gc,stats    ] Concurrent Weak References           73 us, parallelism: 0.14x
[92.929s][info][gc,stats    ]   CWRF: <total>                      10 us
[92.929s][info][gc,stats    ]   CWRF: Weak References              10 us, workers (us):  10, ---, ---, 
[92.929s][info][gc,stats    ] Concurrent Weak Roots              3492 us
[92.929s][info][gc,stats    ]   Roots                            3380 us, parallelism: 0.99x
[92.929s][info][gc,stats    ]     CWR: <total>                   3352 us
[92.929s][info][gc,stats    ]     CWR: Code Cache Roots           667 us, workers (us): 667, ---, ---, 
[92.929s][info][gc,stats    ]     CWR: VM Weak Roots             2678 us, workers (us): 2678, ---, ---, 
[92.929s][info][gc,stats    ]     CWR: CLDG Roots                   7 us, workers (us):   7, ---, ---, 
[92.929s][info][gc,stats    ]   Rendezvous                         60 us
[92.929s][info][gc,stats    ] Concurrent Cleanup                   63 us
[92.929s][info][gc,stats    ] Concurrent Class Unloading         3233 us
[92.929s][info][gc,stats    ]   Unlink Stale                     2991 us
[92.929s][info][gc,stats    ]     System Dictionary                 8 us
[92.929s][info][gc,stats    ]     Weak Class Links                  0 us
[92.929s][info][gc,stats    ]     Code Roots                     2981 us
[92.929s][info][gc,stats    ]   Rendezvous                         39 us
[92.929s][info][gc,stats    ]   Purge Unlinked                    140 us
[92.929s][info][gc,stats    ]     Code Roots                      136 us
[92.929s][info][gc,stats    ]     CLDG                              4 us
[92.929s][info][gc,stats    ]     Exception Caches                  0 us
[92.929s][info][gc,stats    ] Pause Final Roots (G)               103 us
[92.929s][info][gc,stats    ] Pause Final Roots (N)                48 us
[92.929s][info][gc,stats    ] 
[92.929s][info][gc,stats    ] Allocation pacing accrued:
[92.929s][info][gc,stats    ]       0 of   433 ms (  0.0%): <total>
[92.929s][info][gc,stats    ]       0 of   433 ms (  0.0%): <average total>
[92.929s][info][gc,stats    ] 
[92.929s][info][gc,metaspace] Metaspace: 14228K(14528K)->14228K(14528K) NonClass: 12323K(12480K)->12323K(12480K) Class: 1905K(2048K)->1905K(2048K)
[92.929s][info][gc,ergo     ] Pacer for Idle. Initial: 41943K, Alloc Tax Rate: 1.0x
[93.105s][info][gc          ] Trigger: Explicit GC request (System.gc())
[93.105s][info][gc,ergo     ] Free: 1760M, Max: 1024K regular, 1423M humongous, Frag: 20% external, 0% internal; Reserve: 103M, Max: 1024K
[93.105s][info][gc,start    ] GC(225) Concurrent reset
[93.105s][info][gc,task     ] GC(225) Using 1 of 3 workers for concurrent reset
[93.105s][info][gc,ergo     ] GC(225) Pacer for Reset. Non-Taxable: 2048M
[93.105s][info][gc          ] GC(225) Concurrent reset 0.406ms
[93.105s][info][gc,start    ] GC(225) Pause Init Mark (unload classes)
[93.106s][info][gc,task     ] GC(225) Using 3 of 3 workers for init marking
[93.106s][info][gc,ref      ] GC(225) Clearing All SoftReferences
[93.106s][info][gc,ergo     ] GC(225) Pacer for Mark. Expected Live: 4512K, Free: 1760M, Non-Taxable: 176M, Alloc Tax Rate: 0.0x
[93.106s][info][gc          ] GC(225) Pause Init Mark (unload classes) 0.288ms
[93.106s][info][gc,start    ] GC(225) Concurrent marking roots
[93.106s][info][gc,task     ] GC(225) Using 1 of 3 workers for concurrent marking roots
[93.106s][info][gc          ] GC(225) Concurrent marking roots 0.703ms
[93.106s][info][gc,start    ] GC(225) Concurrent marking (unload classes)
[93.106s][info][gc,task     ] GC(225) Using 1 of 3 workers for concurrent marking
[93.110s][info][gc          ] GC(225) Concurrent marking (unload classes) 3.863ms
[93.110s][info][gc,start    ] GC(225) Pause Final Mark (unload classes)
[93.110s][info][gc,task     ] GC(225) Using 3 of 3 workers for final marking
[93.111s][info][gc,ergo     ] GC(225) Collectable Garbage: 169M (94%), Immediate: 169M (94%), CSet: 0B (0%)
[93.111s][info][gc          ] GC(225) Pause Final Mark (unload classes) 0.266ms
[93.111s][info][gc,start    ] GC(225) Concurrent weak references
[93.111s][info][gc,task     ] GC(225) Using 1 of 3 workers for concurrent weak references
[93.111s][info][gc,ref      ] GC(225) Encountered references: Soft: 140, Weak: 717, Final: 0, Phantom: 64
[93.111s][info][gc,ref      ] GC(225) Discovered  references: Soft: 88, Weak: 171, Final: 0, Phantom: 62
[93.111s][info][gc,ref      ] GC(225) Enqueued    references: Soft: 3, Weak: 0, Final: 0, Phantom: 0
[93.111s][info][gc          ] GC(225) Concurrent weak references 0.144ms
[93.111s][info][gc,start    ] GC(225) Concurrent weak roots
[93.111s][info][gc,task     ] GC(225) Using 1 of 3 workers for concurrent weak root
[93.113s][info][gc          ] GC(225) Concurrent weak roots 2.514ms
[93.113s][info][gc,start    ] GC(225) Concurrent cleanup
[93.113s][info][gc          ] GC(225) Concurrent cleanup 184M->14M(2048M) 0.050ms
[93.113s][info][gc,ergo     ] GC(225) Free: 1930M, Max: 1024K regular, 1700M humongous, Frag: 12% external, 0% internal; Reserve: 103M, Max: 1024K
[93.114s][info][gc,start    ] GC(225) Concurrent class unloading
[93.114s][info][gc,task     ] GC(225) Using 1 of 3 workers for concurrent class unloading
[93.117s][info][gc          ] GC(225) Concurrent class unloading 3.281ms
[93.117s][info][gc,start    ] GC(225) Pause Final Roots
[93.117s][info][gc          ] GC(225) Pause Final Roots 0.105ms
[93.117s][info][gc,ergo     ] Free: 1930M, Max: 1024K regular, 1700M humongous, Frag: 12% external, 0% internal; Reserve: 103M, Max: 1024K
[93.117s][info][gc,stats    ] 
[93.117s][info][gc,stats    ] All times are wall-clock times, except per-root-class counters, that are sum over
[93.117s][info][gc,stats    ] all workers. Dividing the <total> over the root stage time estimates parallelism.
[93.117s][info][gc,stats    ] 
[93.117s][info][gc,stats    ] Concurrent Reset                    434 us
[93.117s][info][gc,stats    ] Pause Init Mark (G)                 448 us
[93.117s][info][gc,stats    ] Pause Init Mark (N)                 320 us
[93.117s][info][gc,stats    ]   Update Region States               74 us
[93.117s][info][gc,stats    ] Concurrent Mark Roots               712 us, parallelism: 0.90x
[93.117s][info][gc,stats    ]   CMR: <total>                      640 us
[93.117s][info][gc,stats    ]   CMR: Thread Roots                 550 us, workers (us): 550, ---, ---, 
[93.117s][info][gc,stats    ]   CMR: VM Strong Roots               10 us, workers (us):  10, ---, ---, 
[93.117s][info][gc,stats    ]   CMR: CLDG Roots                    80 us, workers (us):  80, ---, ---, 
[93.117s][info][gc,stats    ] Concurrent Marking                 3887 us
[93.117s][info][gc,stats    ] Pause Final Mark (G)                339 us
[93.117s][info][gc,stats    ] Pause Final Mark (N)                288 us
[93.117s][info][gc,stats    ]   Finish Mark                        62 us
[93.117s][info][gc,stats    ]   Update Region States               49 us
[93.117s][info][gc,stats    ]   Choose Collection Set              54 us
[93.117s][info][gc,stats    ]   Rebuild Free Set                   21 us
[93.117s][info][gc,stats    ] Concurrent Weak References          159 us, parallelism: 0.15x
[93.117s][info][gc,stats    ]   CWRF: <total>                      24 us
[93.117s][info][gc,stats    ]   CWRF: Weak References              24 us, workers (us):  24, ---, ---, 
[93.117s][info][gc,stats    ] Concurrent Weak Roots              2538 us
[93.117s][info][gc,stats    ]   Roots                            2435 us, parallelism: 0.98x
[93.117s][info][gc,stats    ]     CWR: <total>                   2389 us
[93.117s][info][gc,stats    ]     CWR: Code Cache Roots           636 us, workers (us): 636, ---, ---, 
[93.117s][info][gc,stats    ]     CWR: VM Weak Roots             1746 us, workers (us): 1746, ---, ---, 
[93.117s][info][gc,stats    ]     CWR: CLDG Roots                   7 us, workers (us):   7, ---, ---, 
[93.117s][info][gc,stats    ]   Rendezvous                         49 us
[93.117s][info][gc,stats    ] Concurrent Cleanup                   67 us
[93.117s][info][gc,stats    ] Concurrent Class Unloading         3322 us
[93.117s][info][gc,stats    ]   Unlink Stale                     2875 us
[93.117s][info][gc,stats    ]     System Dictionary                 7 us
[93.117s][info][gc,stats    ]     Weak Class Links                  0 us
[93.117s][info][gc,stats    ]     Code Roots                     2866 us
[93.117s][info][gc,stats    ]   Rendezvous                        144 us
[93.117s][info][gc,stats    ]   Purge Unlinked                    230 us
[93.117s][info][gc,stats    ]     Code Roots                      225 us
[93.117s][info][gc,stats    ]     CLDG                              5 us
[93.117s][info][gc,stats    ]     Exception Caches                  0 us
[93.117s][info][gc,stats    ] Pause Final Roots (G)               211 us
[93.117s][info][gc,stats    ] Pause Final Roots (N)               125 us
[93.117s][info][gc,stats    ] 
[93.117s][info][gc,stats    ] Allocation pacing accrued:
[93.117s][info][gc,stats    ]       0 of   188 ms (  0.0%): <total>
[93.117s][info][gc,stats    ]       0 of   188 ms (  0.0%): <average total>
[93.117s][info][gc,stats    ] 
[93.117s][info][gc,metaspace] Metaspace: 14228K(14528K)->14228K(14528K) NonClass: 12323K(12480K)->12323K(12480K) Class: 1905K(2048K)->1905K(2048K)
[93.117s][info][gc,ergo     ] Pacer for Idle. Initial: 41943K, Alloc Tax Rate: 1.0x
[93.589s][info][gc          ] Trigger: Learning 2 of 5. Free (1432M) is below initial threshold (1433M)
[93.589s][info][gc,ergo     ] Free: 1432M, Max: 1024K regular, 1431M humongous, Frag: 0% external, 0% internal; Reserve: 103M, Max: 1024K
[93.589s][info][gc,start    ] GC(226) Concurrent reset
[93.589s][info][gc,task     ] GC(226) Using 1 of 3 workers for concurrent reset
[93.589s][info][gc,ergo     ] GC(226) Pacer for Reset. Non-Taxable: 2048M
[93.589s][info][gc          ] GC(226) Concurrent reset 0.133ms
[93.589s][info][gc,start    ] GC(226) Pause Init Mark (unload classes)
[93.589s][info][gc,task     ] GC(226) Using 3 of 3 workers for init marking
[93.589s][info][gc,ergo     ] GC(226) Pacer for Mark. Expected Live: 4512K, Free: 1432M, Non-Taxable: 143M, Alloc Tax Rate: 0.0x
[93.589s][info][gc          ] GC(226) Pause Init Mark (unload classes) 0.092ms
[93.589s][info][gc,start    ] GC(226) Concurrent marking roots
[93.589s][info][gc,task     ] GC(226) Using 1 of 3 workers for concurrent marking roots
[93.590s][info][gc          ] GC(226) Concurrent marking roots 0.437ms
[93.590s][info][gc,start    ] GC(226) Concurrent marking (unload classes)
[93.590s][info][gc,task     ] GC(226) Using 1 of 3 workers for concurrent marking
[93.594s][info][gc          ] GC(226) Concurrent marking (unload classes) 3.919ms
[93.594s][info][gc,start    ] GC(226) Pause Final Mark (unload classes)
[93.594s][info][gc,task     ] GC(226) Using 3 of 3 workers for final marking
[93.594s][info][gc,ergo     ] GC(226) Collectable Garbage: 485M (95%), Immediate: 485M (95%), CSet: 0B (0%)
[93.594s][info][gc          ] GC(226) Pause Final Mark (unload classes) 0.144ms
[93.594s][info][gc,start    ] GC(226) Concurrent weak references
[93.594s][info][gc,task     ] GC(226) Using 1 of 3 workers for concurrent weak references
[93.594s][info][gc,ref      ] GC(226) Encountered references: Soft: 140, Weak: 729, Final: 0, Phantom: 64
[93.594s][info][gc,ref      ] GC(226) Discovered  references: Soft: 0, Weak: 147, Final: 0, Phantom: 37
[93.594s][info][gc,ref      ] GC(226) Enqueued    references: Soft: 0, Weak: 0, Final: 0, Phantom: 0
[93.594s][info][gc          ] GC(226) Concurrent weak references 0.081ms
[93.594s][info][gc,start    ] GC(226) Concurrent weak roots
[93.594s][info][gc,task     ] GC(226) Using 1 of 3 workers for concurrent weak root
[93.598s][info][gc          ] GC(226) Concurrent weak roots 4.300ms
[93.598s][info][gc,start    ] GC(226) Concurrent cleanup
[93.599s][info][gc          ] GC(226) Concurrent cleanup 525M->40M(2048M) 0.054ms
[93.599s][info][gc,ergo     ] GC(226) Free: 1904M, Max: 1024K regular, 1418M humongous, Frag: 26% external, 0% internal; Reserve: 103M, Max: 1024K
[93.599s][info][gc,start    ] GC(226) Concurrent class unloading
[93.599s][info][gc,task     ] GC(226) Using 1 of 3 workers for concurrent class unloading
[93.602s][info][gc          ] GC(226) Concurrent class unloading 3.217ms
[93.602s][info][gc,start    ] GC(226) Pause Final Roots
[93.602s][info][gc          ] GC(226) Pause Final Roots 0.038ms
[93.602s][info][gc,ergo     ] Free: 1904M, Max: 1024K regular, 1418M humongous, Frag: 26% external, 0% internal; Reserve: 103M, Max: 1024K
[93.602s][info][gc,stats    ] 
[93.602s][info][gc,stats    ] All times are wall-clock times, except per-root-class counters, that are sum over
[93.602s][info][gc,stats    ] all workers. Dividing the <total> over the root stage time estimates parallelism.
[93.602s][info][gc,stats    ] 
[93.602s][info][gc,stats    ] Concurrent Reset                    144 us
[93.602s][info][gc,stats    ] Pause Init Mark (G)                 160 us
[93.602s][info][gc,stats    ] Pause Init Mark (N)                 100 us
[93.602s][info][gc,stats    ]   Update Region States               26 us
[93.602s][info][gc,stats    ] Concurrent Mark Roots               457 us, parallelism: 0.85x
[93.602s][info][gc,stats    ]   CMR: <total>                      388 us
[93.602s][info][gc,stats    ]   CMR: Thread Roots                 344 us, workers (us): 344, ---, ---, 
[93.602s][info][gc,stats    ]   CMR: VM Strong Roots                5 us, workers (us):   5, ---, ---, 
[93.602s][info][gc,stats    ]   CMR: CLDG Roots                    39 us, workers (us):  39, ---, ---, 
[93.602s][info][gc,stats    ] Concurrent Marking                 3970 us
[93.602s][info][gc,stats    ] Pause Final Mark (G)                209 us
[93.602s][info][gc,stats    ] Pause Final Mark (N)                153 us
[93.602s][info][gc,stats    ]   Finish Mark                        34 us
[93.602s][info][gc,stats    ]   Update Region States               27 us
[93.602s][info][gc,stats    ]   Choose Collection Set              28 us
[93.602s][info][gc,stats    ]   Rebuild Free Set                    8 us
[93.602s][info][gc,stats    ] Concurrent Weak References           89 us, parallelism: 0.08x
[93.602s][info][gc,stats    ]   CWRF: <total>                       7 us
[93.602s][info][gc,stats    ]   CWRF: Weak References               7 us, workers (us):   7, ---, ---, 
[93.602s][info][gc,stats    ] Concurrent Weak Roots              4349 us
[93.602s][info][gc,stats    ]   Roots                            4236 us, parallelism: 0.99x
[93.602s][info][gc,stats    ]     CWR: <total>                   4208 us
[93.602s][info][gc,stats    ]     CWR: Code Cache Roots           670 us, workers (us): 670, ---, ---, 
[93.602s][info][gc,stats    ]     CWR: VM Weak Roots             3531 us, workers (us): 3531, ---, ---, 
[93.602s][info][gc,stats    ]     CWR: CLDG Roots                   7 us, workers (us):   7, ---, ---, 
[93.602s][info][gc,stats    ]   Rendezvous                         47 us
[93.602s][info][gc,stats    ] Concurrent Cleanup                   63 us
[93.602s][info][gc,stats    ] Concurrent Class Unloading         3260 us
[93.602s][info][gc,stats    ]   Unlink Stale                     2974 us
[93.602s][info][gc,stats    ]     System Dictionary                 7 us
[93.602s][info][gc,stats    ]     Weak Class Links                  0 us
[93.602s][info][gc,stats    ]     Code Roots                     2965 us
[93.602s][info][gc,stats    ]   Rendezvous                         70 us
[93.602s][info][gc,stats    ]   Purge Unlinked                    155 us
[93.602s][info][gc,stats    ]     Code Roots                      150 us
[93.602s][info][gc,stats    ]     CLDG                              5 us
[93.602s][info][gc,stats    ]     Exception Caches                  0 us
[93.602s][info][gc,stats    ] Pause Final Roots (G)               104 us
[93.602s][info][gc,stats    ] Pause Final Roots (N)                47 us
[93.602s][info][gc,stats    ] 
[93.602s][info][gc,stats    ] Allocation pacing accrued:
[93.602s][info][gc,stats    ]       0 of   485 ms (  0.0%): <total>
[93.602s][info][gc,stats    ]       0 of   485 ms (  0.0%): <average total>
[93.602s][info][gc,stats    ] 
[93.602s][info][gc,metaspace] Metaspace: 14229K(14528K)->14229K(14528K) NonClass: 12324K(12480K)->12324K(12480K) Class: 1905K(2048K)->1905K(2048K)
[93.602s][info][gc,ergo     ] Pacer for Idle. Initial: 41943K, Alloc Tax Rate: 1.0x
[94.049s][info][gc          ] Trigger: Learning 3 of 5. Free (1430M) is below initial threshold (1433M)
[94.049s][info][gc,ergo     ] Free: 1430M, Max: 1024K regular, 1418M humongous, Frag: 1% external, 0% internal; Reserve: 103M, Max: 1024K
[94.049s][info][gc,start    ] GC(227) Concurrent reset
[94.049s][info][gc,task     ] GC(227) Using 1 of 3 workers for concurrent reset
[94.049s][info][gc,ergo     ] GC(227) Pacer for Reset. Non-Taxable: 2048M
[94.049s][info][gc          ] GC(227) Concurrent reset 0.187ms
[94.049s][info][gc,start    ] GC(227) Pause Init Mark (unload classes)
[94.049s][info][gc,task     ] GC(227) Using 3 of 3 workers for init marking
[94.049s][info][gc,ergo     ] GC(227) Pacer for Mark. Expected Live: 4513K, Free: 1430M, Non-Taxable: 143M, Alloc Tax Rate: 0.0x
[94.049s][info][gc          ] GC(227) Pause Init Mark (unload classes) 0.076ms
[94.049s][info][gc,start    ] GC(227) Concurrent marking roots
[94.049s][info][gc,task     ] GC(227) Using 1 of 3 workers for concurrent marking roots
[94.050s][info][gc          ] GC(227) Concurrent marking roots 0.409ms
[94.050s][info][gc,start    ] GC(227) Concurrent marking (unload classes)
[94.050s][info][gc,task     ] GC(227) Using 1 of 3 workers for concurrent marking
[94.054s][info][gc          ] GC(227) Concurrent marking (unload classes) 3.900ms
[94.054s][info][gc,start    ] GC(227) Pause Final Mark (unload classes)
[94.054s][info][gc,task     ] GC(227) Using 3 of 3 workers for final marking
[94.054s][info][gc,ergo     ] GC(227) Collectable Garbage: 484M (94%), Immediate: 484M (94%), CSet: 0B (0%)
[94.054s][info][gc          ] GC(227) Pause Final Mark (unload classes) 0.138ms
[94.054s][info][gc,start    ] GC(227) Concurrent weak references
[94.054s][info][gc,task     ] GC(227) Using 1 of 3 workers for concurrent weak references
[94.054s][info][gc,ref      ] GC(227) Encountered references: Soft: 140, Weak: 729, Final: 0, Phantom: 64
[94.054s][info][gc,ref      ] GC(227) Discovered  references: Soft: 0, Weak: 147, Final: 0, Phantom: 37
[94.054s][info][gc,ref      ] GC(227) Enqueued    references: Soft: 0, Weak: 0, Final: 0, Phantom: 0
[94.054s][info][gc          ] GC(227) Concurrent weak references 0.079ms
[94.054s][info][gc,start    ] GC(227) Concurrent weak roots
[94.054s][info][gc,task     ] GC(227) Using 1 of 3 workers for concurrent weak root
[94.059s][info][gc          ] GC(227) Concurrent weak roots 4.717ms
[94.059s][info][gc,start    ] GC(227) Concurrent cleanup
[94.059s][info][gc          ] GC(227) Concurrent cleanup 526M->42M(2048M) 0.055ms
[94.059s][info][gc,ergo     ] GC(227) Free: 1902M, Max: 1024K regular, 1417M humongous, Frag: 26% external, 0% internal; Reserve: 103M, Max: 1024K
[94.059s][info][gc,start    ] GC(227) Concurrent class unloading
[94.059s][info][gc,task     ] GC(227) Using 1 of 3 workers for concurrent class unloading
[94.062s][info][gc          ] GC(227) Concurrent class unloading 3.262ms
[94.062s][info][gc,start    ] GC(227) Pause Final Roots
[94.062s][info][gc          ] GC(227) Pause Final Roots 0.038ms
[94.062s][info][gc,ergo     ] Free: 1898M, Max: 1024K regular, 1417M humongous, Frag: 26% external, 0% internal; Reserve: 103M, Max: 1024K
[94.062s][info][gc,stats    ] 
[94.062s][info][gc,stats    ] All times are wall-clock times, except per-root-class counters, that are sum over
[94.062s][info][gc,stats    ] all workers. Dividing the <total> over the root stage time estimates parallelism.
[94.062s][info][gc,stats    ] 
[94.062s][info][gc,stats    ] Concurrent Reset                    227 us
[94.062s][info][gc,stats    ] Pause Init Mark (G)                 178 us
[94.062s][info][gc,stats    ] Pause Init Mark (N)                  84 us
[94.062s][info][gc,stats    ]   Update Region States               24 us
[94.062s][info][gc,stats    ] Concurrent Mark Roots               426 us, parallelism: 0.83x
[94.062s][info][gc,stats    ]   CMR: <total>                      355 us
[94.062s][info][gc,stats    ]   CMR: Thread Roots                 314 us, workers (us): 314, ---, ---, 
[94.062s][info][gc,stats    ]   CMR: VM Strong Roots                5 us, workers (us):   5, ---, ---, 
[94.062s][info][gc,stats    ]   CMR: CLDG Roots                    37 us, workers (us):  37, ---, ---, 
[94.062s][info][gc,stats    ] Concurrent Marking                 3950 us
[94.062s][info][gc,stats    ] Pause Final Mark (G)                193 us
[94.062s][info][gc,stats    ] Pause Final Mark (N)                146 us
[94.062s][info][gc,stats    ]   Finish Mark                        36 us
[94.062s][info][gc,stats    ]   Update Region States               28 us
[94.062s][info][gc,stats    ]   Choose Collection Set              28 us
[94.062s][info][gc,stats    ]   Rebuild Free Set                    7 us
[94.062s][info][gc,stats    ] Concurrent Weak References           87 us, parallelism: 0.08x
[94.062s][info][gc,stats    ]   CWRF: <total>                       7 us
[94.062s][info][gc,stats    ]   CWRF: Weak References               7 us, workers (us):   7, ---, ---, 
[94.062s][info][gc,stats    ] Concurrent Weak Roots              4764 us
[94.062s][info][gc,stats    ]   Roots                            4641 us, parallelism: 0.99x
[94.062s][info][gc,stats    ]     CWR: <total>                   4616 us
[94.062s][info][gc,stats    ]     CWR: Code Cache Roots           661 us, workers (us): 661, ---, ---, 
[94.062s][info][gc,stats    ]     CWR: VM Weak Roots             3948 us, workers (us): 3948, ---, ---, 
[94.062s][info][gc,stats    ]     CWR: CLDG Roots                   7 us, workers (us):   7, ---, ---, 
[94.062s][info][gc,stats    ]   Rendezvous                         59 us
[94.062s][info][gc,stats    ] Concurrent Cleanup                   64 us
[94.062s][info][gc,stats    ] Concurrent Class Unloading         3308 us
[94.062s][info][gc,stats    ]   Unlink Stale                     3050 us
[94.062s][info][gc,stats    ]     System Dictionary                 8 us
[94.063s][info][gc,stats    ]     Weak Class Links                  0 us
[94.063s][info][gc,stats    ]     Code Roots                     3040 us
[94.063s][info][gc,stats    ]   Rendezvous                         42 us
[94.063s][info][gc,stats    ]   Purge Unlinked                    143 us
[94.063s][info][gc,stats    ]     Code Roots                      140 us
[94.063s][info][gc,stats    ]     CLDG                              3 us
[94.063s][info][gc,stats    ]     Exception Caches                  0 us
[94.063s][info][gc,stats    ] Pause Final Roots (G)                96 us
[94.063s][info][gc,stats    ] Pause Final Roots (N)                47 us
[94.063s][info][gc,stats    ] 
[94.063s][info][gc,stats    ] Allocation pacing accrued:
[94.063s][info][gc,stats    ]       0 of   460 ms (  0.0%): <total>
[94.063s][info][gc,stats    ]       0 of   460 ms (  0.0%): <average total>
[94.063s][info][gc,stats    ] 
[94.063s][info][gc,metaspace] Metaspace: 14229K(14528K)->14229K(14528K) NonClass: 12324K(12480K)->12324K(12480K) Class: 1905K(2048K)->1905K(2048K)
[94.063s][info][gc,ergo     ] Pacer for Idle. Initial: 41943K, Alloc Tax Rate: 1.0x
[94.505s][info][gc          ] Trigger: Learning 4 of 5. Free (1432M) is below initial threshold (1433M)
[94.505s][info][gc,ergo     ] Free: 1432M, Max: 1024K regular, 1417M humongous, Frag: 1% external, 0% internal; Reserve: 103M, Max: 1024K
[94.505s][info][gc,start    ] GC(228) Concurrent reset
[94.505s][info][gc,task     ] GC(228) Using 1 of 3 workers for concurrent reset
[94.505s][info][gc,ergo     ] GC(228) Pacer for Reset. Non-Taxable: 2048M
[94.505s][info][gc          ] GC(228) Concurrent reset 0.210ms
[94.506s][info][gc,start    ] GC(228) Pause Init Mark (unload classes)
[94.506s][info][gc,task     ] GC(228) Using 3 of 3 workers for init marking
[94.506s][info][gc,ergo     ] GC(228) Pacer for Mark. Expected Live: 4513K, Free: 1432M, Non-Taxable: 143M, Alloc Tax Rate: 0.0x
[94.506s][info][gc          ] GC(228) Pause Init Mark (unload classes) 0.102ms
[94.506s][info][gc,start    ] GC(228) Concurrent marking roots
[94.506s][info][gc,task     ] GC(228) Using 1 of 3 workers for concurrent marking roots
[94.506s][info][gc          ] GC(228) Concurrent marking roots 0.484ms
[94.506s][info][gc,start    ] GC(228) Concurrent marking (unload classes)
[94.506s][info][gc,task     ] GC(228) Using 1 of 3 workers for concurrent marking
[94.511s][info][gc          ] GC(228) Concurrent marking (unload classes) 4.479ms
[94.511s][info][gc,start    ] GC(228) Pause Final Mark (unload classes)
[94.511s][info][gc,task     ] GC(228) Using 3 of 3 workers for final marking
[94.511s][info][gc,ergo     ] GC(228) Collectable Garbage: 478M (94%), Immediate: 478M (94%), CSet: 0B (0%)
[94.511s][info][gc          ] GC(228) Pause Final Mark (unload classes) 0.151ms
[94.511s][info][gc,start    ] GC(228) Concurrent weak references
[94.511s][info][gc,task     ] GC(228) Using 1 of 3 workers for concurrent weak references
[94.511s][info][gc,ref      ] GC(228) Encountered references: Soft: 140, Weak: 729, Final: 0, Phantom: 64
[94.511s][info][gc,ref      ] GC(228) Discovered  references: Soft: 0, Weak: 147, Final: 0, Phantom: 37
[94.511s][info][gc,ref      ] GC(228) Enqueued    references: Soft: 0, Weak: 0, Final: 0, Phantom: 0
[94.511s][info][gc          ] GC(228) Concurrent weak references 0.070ms
[94.511s][info][gc,start    ] GC(228) Concurrent weak roots
[94.511s][info][gc,task     ] GC(228) Using 1 of 3 workers for concurrent weak root
[94.517s][info][gc          ] GC(228) Concurrent weak roots 5.529ms
[94.517s][info][gc,start    ] GC(228) Concurrent cleanup
[94.517s][info][gc          ] GC(228) Concurrent cleanup 526M->47M(2048M) 0.054ms
[94.517s][info][gc,ergo     ] GC(228) Free: 1897M, Max: 1024K regular, 1418M humongous, Frag: 26% external, 0% internal; Reserve: 103M, Max: 1024K
[94.517s][info][gc,start    ] GC(228) Concurrent class unloading
[94.517s][info][gc,task     ] GC(228) Using 1 of 3 workers for concurrent class unloading
[94.520s][info][gc          ] GC(228) Concurrent class unloading 3.379ms
[94.520s][info][gc,start    ] GC(228) Pause Final Roots
[94.520s][info][gc          ] GC(228) Pause Final Roots 0.011ms
[94.520s][info][gc,ergo     ] Free: 1894M, Max: 1024K regular, 1418M humongous, Frag: 26% external, 0% internal; Reserve: 103M, Max: 1024K
[94.520s][info][gc,stats    ] 
[94.520s][info][gc,stats    ] All times are wall-clock times, except per-root-class counters, that are sum over
[94.520s][info][gc,stats    ] all workers. Dividing the <total> over the root stage time estimates parallelism.
[94.520s][info][gc,stats    ] 
[94.520s][info][gc,stats    ] Concurrent Reset                    229 us
[94.520s][info][gc,stats    ] Pause Init Mark (G)                 231 us
[94.520s][info][gc,stats    ] Pause Init Mark (N)                 111 us
[94.520s][info][gc,stats    ]   Update Region States               26 us
[94.520s][info][gc,stats    ] Concurrent Mark Roots               497 us, parallelism: 0.88x
[94.520s][info][gc,stats    ]   CMR: <total>                      436 us
[94.520s][info][gc,stats    ]   CMR: Thread Roots                 391 us, workers (us): 391, ---, ---, 
[94.520s][info][gc,stats    ]   CMR: VM Strong Roots                5 us, workers (us):   5, ---, ---, 
[94.520s][info][gc,stats    ]   CMR: CLDG Roots                    40 us, workers (us):  40, ---, ---, 
[94.520s][info][gc,stats    ] Concurrent Marking                 4519 us
[94.520s][info][gc,stats    ] Pause Final Mark (G)                258 us
[94.520s][info][gc,stats    ] Pause Final Mark (N)                160 us
[94.520s][info][gc,stats    ]   Finish Mark                        37 us
[94.520s][info][gc,stats    ]   Update Region States               28 us
[94.520s][info][gc,stats    ]   Choose Collection Set              25 us
[94.520s][info][gc,stats    ]   Rebuild Free Set                    7 us
[94.520s][info][gc,stats    ] Concurrent Weak References           77 us, parallelism: 0.13x
[94.520s][info][gc,stats    ]   CWRF: <total>                      10 us
[94.520s][info][gc,stats    ]   CWRF: Weak References              10 us, workers (us):  10, ---, ---, 
[94.520s][info][gc,stats    ] Concurrent Weak Roots              5584 us
[94.520s][info][gc,stats    ]   Roots                            5454 us, parallelism: 1.00x
[94.521s][info][gc,stats    ]     CWR: <total>                   5429 us
[94.521s][info][gc,stats    ]     CWR: Code Cache Roots           713 us, workers (us): 713, ---, ---, 
[94.521s][info][gc,stats    ]     CWR: VM Weak Roots             4708 us, workers (us): 4708, ---, ---, 
[94.521s][info][gc,stats    ]     CWR: CLDG Roots                   8 us, workers (us):   8, ---, ---, 
[94.521s][info][gc,stats    ]   Rendezvous                         58 us
[94.521s][info][gc,stats    ] Concurrent Cleanup                   63 us
[94.521s][info][gc,stats    ] Concurrent Class Unloading         3437 us
[94.521s][info][gc,stats    ]   Unlink Stale                     3081 us
[94.521s][info][gc,stats    ]     System Dictionary                 9 us
[94.521s][info][gc,stats    ]     Weak Class Links                  0 us
[94.521s][info][gc,stats    ]     Code Roots                     3070 us
[94.521s][info][gc,stats    ]   Rendezvous                        140 us
[94.521s][info][gc,stats    ]   Purge Unlinked                    139 us
[94.521s][info][gc,stats    ]     Code Roots                      135 us
[94.521s][info][gc,stats    ]     CLDG                              3 us
[94.521s][info][gc,stats    ]     Exception Caches                  0 us
[94.521s][info][gc,stats    ] Pause Final Roots (G)               110 us
[94.521s][info][gc,stats    ] Pause Final Roots (N)                19 us
[94.521s][info][gc,stats    ] 
[94.521s][info][gc,stats    ] Allocation pacing accrued:
[94.521s][info][gc,stats    ]       0 of   458 ms (  0.0%): <total>
[94.521s][info][gc,stats    ]       0 of   458 ms (  0.0%): <average total>
[94.521s][info][gc,stats    ] 
[94.521s][info][gc,metaspace] Metaspace: 14229K(14528K)->14229K(14528K) NonClass: 12324K(12480K)->12324K(12480K) Class: 1905K(2048K)->1905K(2048K)
[94.521s][info][gc,ergo     ] Pacer for Idle. Initial: 41943K, Alloc Tax Rate: 1.0x
[94.966s][info][gc          ] Trigger: Learning 5 of 5. Free (1430M) is below initial threshold (1433M)
[94.966s][info][gc,ergo     ] Free: 1430M, Max: 1024K regular, 1418M humongous, Frag: 1% external, 0% internal; Reserve: 103M, Max: 1024K
[94.966s][info][gc,start    ] GC(229) Concurrent reset
[94.966s][info][gc,task     ] GC(229) Using 1 of 3 workers for concurrent reset
[94.966s][info][gc,ergo     ] GC(229) Pacer for Reset. Non-Taxable: 2048M
[94.966s][info][gc          ] GC(229) Concurrent reset 0.233ms
[94.966s][info][gc,start    ] GC(229) Pause Init Mark (unload classes)
[94.966s][info][gc,task     ] GC(229) Using 3 of 3 workers for init marking
[94.967s][info][gc,ergo     ] GC(229) Pacer for Mark. Expected Live: 4513K, Free: 1430M, Non-Taxable: 143M, Alloc Tax Rate: 0.0x
[94.967s][info][gc          ] GC(229) Pause Init Mark (unload classes) 0.096ms
[94.967s][info][gc,start    ] GC(229) Concurrent marking roots
[94.967s][info][gc,task     ] GC(229) Using 1 of 3 workers for concurrent marking roots
[94.967s][info][gc          ] GC(229) Concurrent marking roots 0.419ms
[94.967s][info][gc,start    ] GC(229) Concurrent marking (unload classes)
[94.967s][info][gc,task     ] GC(229) Using 1 of 3 workers for concurrent marking
[94.971s][info][gc          ] GC(229) Concurrent marking (unload classes) 3.864ms
[94.971s][info][gc,start    ] GC(229) Pause Final Mark (unload classes)
[94.971s][info][gc,task     ] GC(229) Using 3 of 3 workers for final marking
[94.971s][info][gc,ergo     ] GC(229) Collectable Garbage: 477M (93%), Immediate: 477M (93%), CSet: 0B (0%)
[94.971s][info][gc          ] GC(229) Pause Final Mark (unload classes) 0.133ms
[94.971s][info][gc,start    ] GC(229) Concurrent weak references
[94.971s][info][gc,task     ] GC(229) Using 1 of 3 workers for concurrent weak references
[94.971s][info][gc,ref      ] GC(229) Encountered references: Soft: 140, Weak: 729, Final: 0, Phantom: 64
[94.971s][info][gc,ref      ] GC(229) Discovered  references: Soft: 0, Weak: 147, Final: 0, Phantom: 37
[94.971s][info][gc,ref      ] GC(229) Enqueued    references: Soft: 0, Weak: 0, Final: 0, Phantom: 0
[94.971s][info][gc          ] GC(229) Concurrent weak references 0.102ms
[94.971s][info][gc,start    ] GC(229) Concurrent weak roots
[94.971s][info][gc,task     ] GC(229) Using 1 of 3 workers for concurrent weak root
[94.975s][info][gc          ] GC(229) Concurrent weak roots 3.298ms
[94.975s][info][gc,start    ] GC(229) Concurrent cleanup
[94.975s][info][gc          ] GC(229) Concurrent cleanup 526M->48M(2048M) 0.049ms
[94.975s][info][gc,ergo     ] GC(229) Free: 1896M, Max: 1024K regular, 1417M humongous, Frag: 26% external, 0% internal; Reserve: 103M, Max: 1024K
[94.975s][info][gc,start    ] GC(229) Concurrent class unloading
[94.975s][info][gc,task     ] GC(229) Using 1 of 3 workers for concurrent class unloading
[94.978s][info][gc          ] GC(229) Concurrent class unloading 3.330ms
[94.978s][info][gc,start    ] GC(229) Pause Final Roots
[94.978s][info][gc          ] GC(229) Pause Final Roots 0.037ms
[94.978s][info][gc,ergo     ] Free: 1896M, Max: 1024K regular, 1417M humongous, Frag: 26% external, 0% internal; Reserve: 103M, Max: 1024K
[94.978s][info][gc,stats    ] 
[94.978s][info][gc,stats    ] All times are wall-clock times, except per-root-class counters, that are sum over
[94.978s][info][gc,stats    ] all workers. Dividing the <total> over the root stage time estimates parallelism.
[94.978s][info][gc,stats    ] 
[94.978s][info][gc,stats    ] Concurrent Reset                    252 us
[94.978s][info][gc,stats    ] Pause Init Mark (G)                 228 us
[94.978s][info][gc,stats    ] Pause Init Mark (N)                 109 us
[94.978s][info][gc,stats    ]   Update Region States               24 us
[94.978s][info][gc,stats    ] Concurrent Mark Roots               436 us, parallelism: 0.85x
[94.978s][info][gc,stats    ]   CMR: <total>                      372 us
[94.978s][info][gc,stats    ]   CMR: Thread Roots                 330 us, workers (us): 330, ---, ---, 
[94.978s][info][gc,stats    ]   CMR: VM Strong Roots                5 us, workers (us):   5, ---, ---, 
[94.978s][info][gc,stats    ]   CMR: CLDG Roots                    37 us, workers (us):  37, ---, ---, 
[94.978s][info][gc,stats    ] Concurrent Marking                 3912 us
[94.978s][info][gc,stats    ] Pause Final Mark (G)                203 us
[94.978s][info][gc,stats    ] Pause Final Mark (N)                141 us
[94.978s][info][gc,stats    ]   Finish Mark                        37 us
[94.978s][info][gc,stats    ]   Update Region States               30 us
[94.978s][info][gc,stats    ]   Choose Collection Set              34 us
[94.978s][info][gc,stats    ]   Rebuild Free Set                    8 us
[94.978s][info][gc,stats    ] Concurrent Weak References          109 us, parallelism: 0.06x
[94.978s][info][gc,stats    ]   CWRF: <total>                       7 us
[94.978s][info][gc,stats    ]   CWRF: Weak References               7 us, workers (us):   7, ---, ---, 
[94.978s][info][gc,stats    ] Concurrent Weak Roots              3327 us
[94.978s][info][gc,stats    ]   Roots                            3235 us, parallelism: 0.99x
[94.978s][info][gc,stats    ]     CWR: <total>                   3212 us
[94.978s][info][gc,stats    ]     CWR: Code Cache Roots           686 us, workers (us): 686, ---, ---, 
[94.978s][info][gc,stats    ]     CWR: VM Weak Roots             2519 us, workers (us): 2519, ---, ---, 
[94.978s][info][gc,stats    ]     CWR: CLDG Roots                   7 us, workers (us):   7, ---, ---, 
[94.978s][info][gc,stats    ]   Rendezvous                         48 us
[94.978s][info][gc,stats    ] Concurrent Cleanup                   57 us
[94.978s][info][gc,stats    ] Concurrent Class Unloading         3379 us
[94.978s][info][gc,stats    ]   Unlink Stale                     3120 us
[94.978s][info][gc,stats    ]     System Dictionary                 8 us
[94.978s][info][gc,stats    ]     Weak Class Links                  0 us
[94.978s][info][gc,stats    ]     Code Roots                     3111 us
[94.978s][info][gc,stats    ]   Rendezvous                         47 us
[94.978s][info][gc,stats    ]   Purge Unlinked                    145 us
[94.978s][info][gc,stats    ]     Code Roots                      142 us
[94.979s][info][gc,stats    ]     CLDG                              2 us
[94.979s][info][gc,stats    ]     Exception Caches                  0 us
[94.979s][info][gc,stats    ] Pause Final Roots (G)               122 us
[94.979s][info][gc,stats    ] Pause Final Roots (N)                47 us
[94.979s][info][gc,stats    ] 
[94.979s][info][gc,stats    ] Allocation pacing accrued:
[94.979s][info][gc,stats    ]       0 of   458 ms (  0.0%): <total>
[94.979s][info][gc,stats    ]       0 of   458 ms (  0.0%): <average total>
[94.979s][info][gc,stats    ] 
[94.979s][info][gc,metaspace] Metaspace: 14229K(14528K)->14229K(14528K) NonClass: 12324K(12480K)->12324K(12480K) Class: 1905K(2048K)->1905K(2048K)
[94.979s][info][gc,ergo     ] Pacer for Idle. Initial: 41943K, Alloc Tax Rate: 1.0x
[95.290s][info][gc          ] Trigger: Explicit GC request (System.gc())
[95.290s][info][gc,ergo     ] Free: 1641M, Max: 1024K regular, 1417M humongous, Frag: 14% external, 0% internal; Reserve: 103M, Max: 1024K
[95.290s][info][gc,start    ] GC(230) Concurrent reset
[95.290s][info][gc,task     ] GC(230) Using 1 of 3 workers for concurrent reset
[95.290s][info][gc,ergo     ] GC(230) Pacer for Reset. Non-Taxable: 2048M
[95.291s][info][gc          ] GC(230) Concurrent reset 0.485ms
[95.291s][info][gc,start    ] GC(230) Pause Init Mark (unload classes)
[95.291s][info][gc,task     ] GC(230) Using 3 of 3 workers for init marking
[95.291s][info][gc,ref      ] GC(230) Clearing All SoftReferences
[95.291s][info][gc,ergo     ] GC(230) Pacer for Mark. Expected Live: 4520K, Free: 1641M, Non-Taxable: 164M, Alloc Tax Rate: 0.0x
[95.291s][info][gc          ] GC(230) Pause Init Mark (unload classes) 0.213ms
[95.291s][info][gc,start    ] GC(230) Concurrent marking roots
[95.291s][info][gc,task     ] GC(230) Using 1 of 3 workers for concurrent marking roots
[95.292s][info][gc          ] GC(230) Concurrent marking roots 0.407ms
[95.292s][info][gc,start    ] GC(230) Concurrent marking (unload classes)
[95.292s][info][gc,task     ] GC(230) Using 1 of 3 workers for concurrent marking
[95.296s][info][gc          ] GC(230) Concurrent marking (unload classes) 4.206ms
[95.296s][info][gc,start    ] GC(230) Pause Final Mark (unload classes)
[95.296s][info][gc,task     ] GC(230) Using 3 of 3 workers for final marking
[95.296s][info][gc,ergo     ] GC(230) Collectable Garbage: 287M (96%), Immediate: 287M (96%), CSet: 0B (0%)
[95.296s][info][gc          ] GC(230) Pause Final Mark (unload classes) 0.240ms
[95.296s][info][gc,start    ] GC(230) Concurrent weak references
[95.296s][info][gc,task     ] GC(230) Using 1 of 3 workers for concurrent weak references
[95.297s][info][gc,ref      ] GC(230) Encountered references: Soft: 140, Weak: 713, Final: 0, Phantom: 64
[95.297s][info][gc,ref      ] GC(230) Discovered  references: Soft: 88, Weak: 169, Final: 0, Phantom: 62
[95.297s][info][gc,ref      ] GC(230) Enqueued    references: Soft: 3, Weak: 0, Final: 0, Phantom: 0
[95.297s][info][gc          ] GC(230) Concurrent weak references 0.184ms
[95.297s][info][gc,start    ] GC(230) Concurrent weak roots
[95.297s][info][gc,task     ] GC(230) Using 1 of 3 workers for concurrent weak root
[95.299s][info][gc          ] GC(230) Concurrent weak roots 2.452ms
[95.299s][info][gc,start    ] GC(230) Concurrent cleanup
[95.299s][info][gc          ] GC(230) Concurrent cleanup 303M->15M(2048M) 0.062ms
[95.299s][info][gc,ergo     ] GC(230) Free: 1929M, Max: 1024K regular, 1663M humongous, Frag: 14% external, 0% internal; Reserve: 103M, Max: 1024K
[95.299s][info][gc,start    ] GC(230) Concurrent class unloading
[95.299s][info][gc,task     ] GC(230) Using 1 of 3 workers for concurrent class unloading
[95.303s][info][gc          ] GC(230) Concurrent class unloading 4.023ms
[95.303s][info][gc,start    ] GC(230) Pause Final Roots
[95.303s][info][gc          ] GC(230) Pause Final Roots 0.057ms
[95.304s][info][gc,ergo     ] Free: 1929M, Max: 1024K regular, 1663M humongous, Frag: 14% external, 0% internal; Reserve: 103M, Max: 1024K
[95.304s][info][gc,stats    ] 
[95.304s][info][gc,stats    ] All times are wall-clock times, except per-root-class counters, that are sum over
[95.304s][info][gc,stats    ] all workers. Dividing the <total> over the root stage time estimates parallelism.
[95.304s][info][gc,stats    ] 
[95.304s][info][gc,stats    ] Concurrent Reset                    539 us
[95.304s][info][gc,stats    ] Pause Init Mark (G)                 353 us
[95.304s][info][gc,stats    ] Pause Init Mark (N)                 231 us
[95.304s][info][gc,stats    ]   Update Region States               69 us
[95.304s][info][gc,stats    ] Concurrent Mark Roots               425 us, parallelism: 0.79x
[95.304s][info][gc,stats    ]   CMR: <total>                      337 us
[95.304s][info][gc,stats    ]   CMR: Thread Roots                 296 us, workers (us): 296, ---, ---, 
[95.304s][info][gc,stats    ]   CMR: VM Strong Roots                4 us, workers (us):   4, ---, ---, 
[95.304s][info][gc,stats    ]   CMR: CLDG Roots                    37 us, workers (us):  37, ---, ---, 
[95.304s][info][gc,stats    ] Concurrent Marking                 4271 us
[95.304s][info][gc,stats    ] Pause Final Mark (G)                342 us
[95.304s][info][gc,stats    ] Pause Final Mark (N)                263 us
[95.304s][info][gc,stats    ]   Finish Mark                        60 us
[95.304s][info][gc,stats    ]   Update Region States               68 us
[95.304s][info][gc,stats    ]   Choose Collection Set              45 us
[95.304s][info][gc,stats    ]   Rebuild Free Set                    9 us
[95.304s][info][gc,stats    ] Concurrent Weak References          200 us, parallelism: 0.05x
[95.304s][info][gc,stats    ]   CWRF: <total>                      10 us
[95.304s][info][gc,stats    ]   CWRF: Weak References              10 us, workers (us):  10, ---, ---, 
[95.304s][info][gc,stats    ] Concurrent Weak Roots              2489 us
[95.304s][info][gc,stats    ]   Roots                            2306 us, parallelism: 0.97x
[95.304s][info][gc,stats    ]     CWR: <total>                   2242 us
[95.304s][info][gc,stats    ]     CWR: Code Cache Roots           647 us, workers (us): 647, ---, ---, 
[95.304s][info][gc,stats    ]     CWR: VM Weak Roots             1587 us, workers (us): 1587, ---, ---, 
[95.304s][info][gc,stats    ]     CWR: CLDG Roots                   8 us, workers (us):   8, ---, ---, 
[95.304s][info][gc,stats    ]   Rendezvous                        113 us
[95.304s][info][gc,stats    ] Concurrent Cleanup                   80 us
[95.304s][info][gc,stats    ] Concurrent Class Unloading         4086 us
[95.304s][info][gc,stats    ]   Unlink Stale                     3684 us
[95.304s][info][gc,stats    ]     System Dictionary                14 us
[95.304s][info][gc,stats    ]     Weak Class Links                  1 us
[95.304s][info][gc,stats    ]     Code Roots                     3667 us
[95.304s][info][gc,stats    ]   Rendezvous                        137 us
[95.304s][info][gc,stats    ]   Purge Unlinked                    167 us
[95.304s][info][gc,stats    ]     Code Roots                      158 us
[95.304s][info][gc,stats    ]     CLDG                              8 us
[95.304s][info][gc,stats    ]     Exception Caches                  0 us
[95.304s][info][gc,stats    ] Pause Final Roots (G)               177 us
[95.304s][info][gc,stats    ] Pause Final Roots (N)                75 us
[95.304s][info][gc,stats    ] 
[95.304s][info][gc,stats    ] Allocation pacing accrued:
[95.304s][info][gc,stats    ]       0 of   326 ms (  0.0%): <total>
[95.304s][info][gc,stats    ]       0 of   326 ms (  0.0%): <average total>
[95.304s][info][gc,stats    ] 
[95.304s][info][gc,metaspace] Metaspace: 14229K(14528K)->14231K(14528K) NonClass: 12324K(12480K)->12326K(12480K) Class: 1905K(2048K)->1905K(2048K)
[95.304s][info][gc,ergo     ] Pacer for Idle. Initial: 41943K, Alloc Tax Rate: 1.0x
[95.740s][info][gc          ] Trigger: Learning 2 of 5. Free (1432M) is below initial threshold (1433M)
[95.740s][info][gc,ergo     ] Free: 1432M, Max: 1024K regular, 1431M humongous, Frag: 0% external, 0% internal; Reserve: 103M, Max: 1024K
[95.740s][info][gc,start    ] GC(231) Concurrent reset
[95.740s][info][gc,task     ] GC(231) Using 1 of 3 workers for concurrent reset
[95.740s][info][gc,ergo     ] GC(231) Pacer for Reset. Non-Taxable: 2048M
[95.740s][info][gc          ] GC(231) Concurrent reset 0.164ms
[95.740s][info][gc,start    ] GC(231) Pause Init Mark (unload classes)
[95.740s][info][gc,task     ] GC(231) Using 3 of 3 workers for init marking
[95.741s][info][gc,ergo     ] GC(231) Pacer for Mark. Expected Live: 4520K, Free: 1432M, Non-Taxable: 143M, Alloc Tax Rate: 0.0x
[95.741s][info][gc          ] GC(231) Pause Init Mark (unload classes) 0.090ms
[95.741s][info][gc,start    ] GC(231) Concurrent marking roots
[95.741s][info][gc,task     ] GC(231) Using 1 of 3 workers for concurrent marking roots
[95.741s][info][gc          ] GC(231) Concurrent marking roots 0.418ms
[95.741s][info][gc,start    ] GC(231) Concurrent marking (unload classes)
[95.741s][info][gc,task     ] GC(231) Using 1 of 3 workers for concurrent marking
[95.745s][info][gc          ] GC(231) Concurrent marking (unload classes) 3.916ms
[95.745s][info][gc,start    ] GC(231) Pause Final Mark (unload classes)
[95.745s][info][gc,task     ] GC(231) Using 3 of 3 workers for final marking
[95.745s][info][gc,ergo     ] GC(231) Collectable Garbage: 483M (95%), Immediate: 483M (95%), CSet: 0B (0%)
[95.745s][info][gc          ] GC(231) Pause Final Mark (unload classes) 0.148ms
[95.745s][info][gc,start    ] GC(231) Concurrent weak references
[95.745s][info][gc,task     ] GC(231) Using 1 of 3 workers for concurrent weak references
[95.745s][info][gc,ref      ] GC(231) Encountered references: Soft: 140, Weak: 735, Final: 0, Phantom: 64
[95.745s][info][gc,ref      ] GC(231) Discovered  references: Soft: 0, Weak: 151, Final: 0, Phantom: 37
[95.745s][info][gc,ref      ] GC(231) Enqueued    references: Soft: 0, Weak: 2, Final: 0, Phantom: 0
[95.745s][info][gc          ] GC(231) Concurrent weak references 0.064ms
[95.745s][info][gc,start    ] GC(231) Concurrent weak roots
[95.745s][info][gc,task     ] GC(231) Using 1 of 3 workers for concurrent weak root
[95.749s][info][gc          ] GC(231) Concurrent weak roots 3.781ms
[95.749s][info][gc,start    ] GC(231) Concurrent cleanup
[95.749s][info][gc          ] GC(231) Concurrent cleanup 525M->42M(2048M) 0.055ms
[95.749s][info][gc,ergo     ] GC(231) Free: 1902M, Max: 1024K regular, 1418M humongous, Frag: 26% external, 0% internal; Reserve: 103M, Max: 1024K
[95.749s][info][gc,start    ] GC(231) Concurrent class unloading
[95.749s][info][gc,task     ] GC(231) Using 1 of 3 workers for concurrent class unloading
[95.752s][info][gc          ] GC(231) Concurrent class unloading 3.252ms
[95.753s][info][gc,start    ] GC(231) Pause Final Roots
[95.753s][info][gc          ] GC(231) Pause Final Roots 0.037ms
[95.753s][info][gc,ergo     ] Free: 1900M, Max: 1024K regular, 1418M humongous, Frag: 26% external, 0% internal; Reserve: 103M, Max: 1024K
[95.753s][info][gc,stats    ] 
[95.753s][info][gc,stats    ] All times are wall-clock times, except per-root-class counters, that are sum over
[95.753s][info][gc,stats    ] all workers. Dividing the <total> over the root stage time estimates parallelism.
[95.753s][info][gc,stats    ] 
[95.753s][info][gc,stats    ] Concurrent Reset                    177 us
[95.753s][info][gc,stats    ] Pause Init Mark (G)                 202 us
[95.753s][info][gc,stats    ] Pause Init Mark (N)                  98 us
[95.753s][info][gc,stats    ]   Update Region States               25 us
[95.753s][info][gc,stats    ] Concurrent Mark Roots               431 us, parallelism: 0.86x
[95.753s][info][gc,stats    ]   CMR: <total>                      371 us
[95.753s][info][gc,stats    ]   CMR: Thread Roots                 325 us, workers (us): 325, ---, ---, 
[95.753s][info][gc,stats    ]   CMR: VM Strong Roots                6 us, workers (us):   6, ---, ---, 
[95.753s][info][gc,stats    ]   CMR: CLDG Roots                    40 us, workers (us):  40, ---, ---, 
[95.753s][info][gc,stats    ] Concurrent Marking                 3968 us
[95.753s][info][gc,stats    ] Pause Final Mark (G)                227 us
[95.753s][info][gc,stats    ] Pause Final Mark (N)                156 us
[95.753s][info][gc,stats    ]   Finish Mark                        37 us
[95.753s][info][gc,stats    ]   Update Region States               29 us
[95.753s][info][gc,stats    ]   Choose Collection Set              29 us
[95.753s][info][gc,stats    ]   Rebuild Free Set                    8 us
[95.753s][info][gc,stats    ] Concurrent Weak References           72 us, parallelism: 0.10x
[95.753s][info][gc,stats    ]   CWRF: <total>                       7 us
[95.753s][info][gc,stats    ]   CWRF: Weak References               7 us, workers (us):   7, ---, ---, 
[95.753s][info][gc,stats    ] Concurrent Weak Roots              3816 us
[95.753s][info][gc,stats    ]   Roots                            3711 us, parallelism: 0.99x
[95.753s][info][gc,stats    ]     CWR: <total>                   3688 us
[95.753s][info][gc,stats    ]     CWR: Code Cache Roots           670 us, workers (us): 670, ---, ---, 
[95.753s][info][gc,stats    ]     CWR: VM Weak Roots             3011 us, workers (us): 3011, ---, ---, 
[95.753s][info][gc,stats    ]     CWR: CLDG Roots                   7 us, workers (us):   7, ---, ---, 
[95.753s][info][gc,stats    ]   Rendezvous                         53 us
[95.753s][info][gc,stats    ] Concurrent Cleanup                   64 us
[95.753s][info][gc,stats    ] Concurrent Class Unloading         3298 us
[95.753s][info][gc,stats    ]   Unlink Stale                     3046 us
[95.753s][info][gc,stats    ]     System Dictionary                 8 us
[95.753s][info][gc,stats    ]     Weak Class Links                  0 us
[95.753s][info][gc,stats    ]     Code Roots                     3037 us
[95.753s][info][gc,stats    ]   Rendezvous                         44 us
[95.753s][info][gc,stats    ]   Purge Unlinked                    139 us
[95.753s][info][gc,stats    ]     Code Roots                      136 us
[95.753s][info][gc,stats    ]     CLDG                              2 us
[95.753s][info][gc,stats    ]     Exception Caches                  0 us
[95.753s][info][gc,stats    ] Pause Final Roots (G)               107 us
[95.753s][info][gc,stats    ] Pause Final Roots (N)                46 us
[95.753s][info][gc,stats    ] 
[95.753s][info][gc,stats    ] Allocation pacing accrued:
[95.753s][info][gc,stats    ]       0 of   449 ms (  0.0%): <total>
[95.753s][info][gc,stats    ]       0 of   449 ms (  0.0%): <average total>
[95.753s][info][gc,stats    ] 
[95.753s][info][gc,metaspace] Metaspace: 14231K(14528K)->14231K(14528K) NonClass: 12326K(12480K)->12326K(12480K) Class: 1905K(2048K)->1905K(2048K)
[95.753s][info][gc,ergo     ] Pacer for Idle. Initial: 41943K, Alloc Tax Rate: 1.0x
[96.163s][info][gc          ] Trigger: Learning 3 of 5. Free (1430M) is below initial threshold (1433M)
[96.163s][info][gc,ergo     ] Free: 1430M, Max: 1024K regular, 1418M humongous, Frag: 1% external, 0% internal; Reserve: 103M, Max: 1024K
[96.164s][info][gc,start    ] GC(232) Concurrent reset
[96.164s][info][gc,task     ] GC(232) Using 1 of 3 workers for concurrent reset
[96.164s][info][gc,ergo     ] GC(232) Pacer for Reset. Non-Taxable: 2048M
[96.164s][info][gc          ] GC(232) Concurrent reset 0.229ms
[96.164s][info][gc,start    ] GC(232) Pause Init Mark (unload classes)
[96.164s][info][gc,task     ] GC(232) Using 3 of 3 workers for init marking
[96.164s][info][gc,ergo     ] GC(232) Pacer for Mark. Expected Live: 4520K, Free: 1430M, Non-Taxable: 143M, Alloc Tax Rate: 0.0x
[96.164s][info][gc          ] GC(232) Pause Init Mark (unload classes) 0.070ms
[96.164s][info][gc,start    ] GC(232) Concurrent marking roots
[96.164s][info][gc,task     ] GC(232) Using 1 of 3 workers for concurrent marking roots
[96.164s][info][gc          ] GC(232) Concurrent marking roots 0.422ms
[96.164s][info][gc,start    ] GC(232) Concurrent marking (unload classes)
[96.164s][info][gc,task     ] GC(232) Using 1 of 3 workers for concurrent marking
[96.168s][info][gc          ] GC(232) Concurrent marking (unload classes) 3.961ms
[96.168s][info][gc,start    ] GC(232) Pause Final Mark (unload classes)
[96.168s][info][gc,task     ] GC(232) Using 3 of 3 workers for final marking
[96.169s][info][gc,ergo     ] GC(232) Collectable Garbage: 483M (94%), Immediate: 483M (94%), CSet: 0B (0%)
[96.169s][info][gc          ] GC(232) Pause Final Mark (unload classes) 0.156ms
[96.169s][info][gc,start    ] GC(232) Concurrent weak references
[96.169s][info][gc,task     ] GC(232) Using 1 of 3 workers for concurrent weak references
[96.169s][info][gc,ref      ] GC(232) Encountered references: Soft: 140, Weak: 733, Final: 0, Phantom: 64
[96.169s][info][gc,ref      ] GC(232) Discovered  references: Soft: 0, Weak: 149, Final: 0, Phantom: 37
[96.169s][info][gc,ref      ] GC(232) Enqueued    references: Soft: 0, Weak: 0, Final: 0, Phantom: 0
[96.169s][info][gc          ] GC(232) Concurrent weak references 0.066ms
[96.169s][info][gc,start    ] GC(232) Concurrent weak roots
[96.169s][info][gc,task     ] GC(232) Using 1 of 3 workers for concurrent weak root
[96.173s][info][gc          ] GC(232) Concurrent weak roots 4.279ms
[96.173s][info][gc,start    ] GC(232) Concurrent cleanup
[96.173s][info][gc          ] GC(232) Concurrent cleanup 527M->44M(2048M) 0.056ms
[96.173s][info][gc,ergo     ] GC(232) Free: 1900M, Max: 1024K regular, 1416M humongous, Frag: 26% external, 0% internal; Reserve: 103M, Max: 1024K
[96.173s][info][gc,start    ] GC(232) Concurrent class unloading
[96.173s][info][gc,task     ] GC(232) Using 1 of 3 workers for concurrent class unloading
[96.176s][info][gc          ] GC(232) Concurrent class unloading 3.218ms
[96.176s][info][gc,start    ] GC(232) Pause Final Roots
[96.176s][info][gc          ] GC(232) Pause Final Roots 0.040ms
[96.177s][info][gc,ergo     ] Free: 1896M, Max: 1024K regular, 1416M humongous, Frag: 26% external, 0% internal; Reserve: 103M, Max: 1024K
[96.177s][info][gc,stats    ] 
[96.177s][info][gc,stats    ] All times are wall-clock times, except per-root-class counters, that are sum over
[96.177s][info][gc,stats    ] all workers. Dividing the <total> over the root stage time estimates parallelism.
[96.177s][info][gc,stats    ] 
[96.177s][info][gc,stats    ] Concurrent Reset                    274 us
[96.177s][info][gc,stats    ] Pause Init Mark (G)                 192 us
[96.177s][info][gc,stats    ] Pause Init Mark (N)                  78 us
[96.177s][info][gc,stats    ]   Update Region States               23 us
[96.177s][info][gc,stats    ] Concurrent Mark Roots               434 us, parallelism: 0.85x
[96.177s][info][gc,stats    ]   CMR: <total>                      367 us
[96.177s][info][gc,stats    ]   CMR: Thread Roots                 326 us, workers (us): 326, ---, ---, 
[96.177s][info][gc,stats    ]   CMR: VM Strong Roots                4 us, workers (us):   4, ---, ---, 
[96.177s][info][gc,stats    ]   CMR: CLDG Roots                    37 us, workers (us):  37, ---, ---, 
[96.177s][info][gc,stats    ] Concurrent Marking                 4017 us
[96.177s][info][gc,stats    ] Pause Final Mark (G)                212 us
[96.177s][info][gc,stats    ] Pause Final Mark (N)                165 us
[96.177s][info][gc,stats    ]   Finish Mark                        32 us
[96.177s][info][gc,stats    ]   Update Region States               31 us
[96.177s][info][gc,stats    ]   Choose Collection Set              40 us
[96.177s][info][gc,stats    ]   Rebuild Free Set                    7 us
[96.177s][info][gc,stats    ] Concurrent Weak References           73 us, parallelism: 0.14x
[96.177s][info][gc,stats    ]   CWRF: <total>                      10 us
[96.177s][info][gc,stats    ]   CWRF: Weak References              10 us, workers (us):  10, ---, ---, 
[96.177s][info][gc,stats    ] Concurrent Weak Roots              4318 us
[96.177s][info][gc,stats    ]   Roots                            4209 us, parallelism: 0.99x
[96.177s][info][gc,stats    ]     CWR: <total>                   4181 us
[96.177s][info][gc,stats    ]     CWR: Code Cache Roots           671 us, workers (us): 671, ---, ---, 
[96.177s][info][gc,stats    ]     CWR: VM Weak Roots             3503 us, workers (us): 3503, ---, ---, 
[96.177s][info][gc,stats    ]     CWR: CLDG Roots                   7 us, workers (us):   7, ---, ---, 
[96.177s][info][gc,stats    ]   Rendezvous                         54 us
[96.177s][info][gc,stats    ] Concurrent Cleanup                   65 us
[96.177s][info][gc,stats    ] Concurrent Class Unloading         3268 us
[96.177s][info][gc,stats    ]   Unlink Stale                     2995 us
[96.177s][info][gc,stats    ]     System Dictionary                 8 us
[96.177s][info][gc,stats    ]     Weak Class Links                  0 us
[96.177s][info][gc,stats    ]     Code Roots                     2985 us
[96.177s][info][gc,stats    ]   Rendezvous                         40 us
[96.177s][info][gc,stats    ]   Purge Unlinked                    163 us
[96.177s][info][gc,stats    ]     Code Roots                      158 us
[96.177s][info][gc,stats    ]     CLDG                              5 us
[96.177s][info][gc,stats    ]     Exception Caches                  0 us
[96.177s][info][gc,stats    ] Pause Final Roots (G)                96 us
[96.177s][info][gc,stats    ] Pause Final Roots (N)                49 us
[96.177s][info][gc,stats    ] 
[96.177s][info][gc,stats    ] Allocation pacing accrued:
[96.177s][info][gc,stats    ]       0 of   424 ms (  0.0%): <total>
[96.177s][info][gc,stats    ]       0 of   424 ms (  0.0%): <average total>
[96.177s][info][gc,stats    ] 
[96.177s][info][gc,metaspace] Metaspace: 14231K(14528K)->14231K(14528K) NonClass: 12326K(12480K)->12326K(12480K) Class: 1905K(2048K)->1905K(2048K)
[96.177s][info][gc,ergo     ] Pacer for Idle. Initial: 41943K, Alloc Tax Rate: 1.0x
[96.584s][info][gc          ] Trigger: Learning 4 of 5. Free (1431M) is below initial threshold (1433M)
[96.584s][info][gc,ergo     ] Free: 1431M, Max: 1024K regular, 1416M humongous, Frag: 1% external, 0% internal; Reserve: 103M, Max: 1024K
[96.584s][info][gc,start    ] GC(233) Concurrent reset
[96.584s][info][gc,task     ] GC(233) Using 1 of 3 workers for concurrent reset
[96.584s][info][gc,ergo     ] GC(233) Pacer for Reset. Non-Taxable: 2048M
[96.584s][info][gc          ] GC(233) Concurrent reset 0.220ms
[96.584s][info][gc,start    ] GC(233) Pause Init Mark (unload classes)
[96.585s][info][gc,task     ] GC(233) Using 3 of 3 workers for init marking
[96.585s][info][gc,ergo     ] GC(233) Pacer for Mark. Expected Live: 4519K, Free: 1431M, Non-Taxable: 143M, Alloc Tax Rate: 0.0x
[96.585s][info][gc          ] GC(233) Pause Init Mark (unload classes) 0.157ms
[96.585s][info][gc,start    ] GC(233) Concurrent marking roots
[96.585s][info][gc,task     ] GC(233) Using 1 of 3 workers for concurrent marking roots
[96.585s][info][gc          ] GC(233) Concurrent marking roots 0.422ms
[96.585s][info][gc,start    ] GC(233) Concurrent marking (unload classes)
[96.585s][info][gc,task     ] GC(233) Using 1 of 3 workers for concurrent marking
[96.589s][info][gc          ] GC(233) Concurrent marking (unload classes) 3.954ms
[96.589s][info][gc,start    ] GC(233) Pause Final Mark (unload classes)
[96.589s][info][gc,task     ] GC(233) Using 3 of 3 workers for final marking
[96.589s][info][gc,ergo     ] GC(233) Collectable Garbage: 479M (94%), Immediate: 479M (94%), CSet: 0B (0%)
[96.589s][info][gc          ] GC(233) Pause Final Mark (unload classes) 0.140ms
[96.589s][info][gc,start    ] GC(233) Concurrent weak references
[96.589s][info][gc,task     ] GC(233) Using 1 of 3 workers for concurrent weak references
[96.589s][info][gc,ref      ] GC(233) Encountered references: Soft: 140, Weak: 733, Final: 0, Phantom: 64
[96.589s][info][gc,ref      ] GC(233) Discovered  references: Soft: 0, Weak: 149, Final: 0, Phantom: 37
[96.589s][info][gc,ref      ] GC(233) Enqueued    references: Soft: 0, Weak: 0, Final: 0, Phantom: 0
[96.589s][info][gc          ] GC(233) Concurrent weak references 0.060ms
[96.589s][info][gc,start    ] GC(233) Concurrent weak roots
[96.589s][info][gc,task     ] GC(233) Using 1 of 3 workers for concurrent weak root
[96.594s][info][gc          ] GC(233) Concurrent weak roots 4.862ms
[96.594s][info][gc,start    ] GC(233) Concurrent cleanup
[96.594s][info][gc          ] GC(233) Concurrent cleanup 526M->46M(2048M) 0.051ms
[96.594s][info][gc,ergo     ] GC(233) Free: 1898M, Max: 1024K regular, 1419M humongous, Frag: 26% external, 0% internal; Reserve: 103M, Max: 1024K
[96.594s][info][gc,start    ] GC(233) Concurrent class unloading
[96.594s][info][gc,task     ] GC(233) Using 1 of 3 workers for concurrent class unloading
[96.598s][info][gc          ] GC(233) Concurrent class unloading 3.198ms
[96.598s][info][gc,start    ] GC(233) Pause Final Roots
[96.598s][info][gc          ] GC(233) Pause Final Roots 0.041ms
[96.598s][info][gc,ergo     ] Free: 1892M, Max: 1024K regular, 1419M humongous, Frag: 25% external, 0% internal; Reserve: 103M, Max: 1024K
[96.598s][info][gc,stats    ] 
[96.598s][info][gc,stats    ] All times are wall-clock times, except per-root-class counters, that are sum over
[96.598s][info][gc,stats    ] all workers. Dividing the <total> over the root stage time estimates parallelism.
[96.598s][info][gc,stats    ] 
[96.598s][info][gc,stats    ] Concurrent Reset                    236 us
[96.598s][info][gc,stats    ] Pause Init Mark (G)                 252 us
[96.598s][info][gc,stats    ] Pause Init Mark (N)                 165 us
[96.598s][info][gc,stats    ]   Update Region States               28 us
[96.598s][info][gc,stats    ] Concurrent Mark Roots               436 us, parallelism: 0.86x
[96.598s][info][gc,stats    ]   CMR: <total>                      374 us
[96.598s][info][gc,stats    ]   CMR: Thread Roots                 329 us, workers (us): 329, ---, ---, 
[96.598s][info][gc,stats    ]   CMR: VM Strong Roots                5 us, workers (us):   5, ---, ---, 
[96.598s][info][gc,stats    ]   CMR: CLDG Roots                    41 us, workers (us):  41, ---, ---, 
[96.598s][info][gc,stats    ] Concurrent Marking                 4005 us
[96.598s][info][gc,stats    ] Pause Final Mark (G)                205 us
[96.598s][info][gc,stats    ] Pause Final Mark (N)                149 us
[96.598s][info][gc,stats    ]   Finish Mark                        35 us
[96.598s][info][gc,stats    ]   Update Region States               28 us
[96.598s][info][gc,stats    ]   Choose Collection Set              26 us
[96.598s][info][gc,stats    ]   Rebuild Free Set                    8 us
[96.598s][info][gc,stats    ] Concurrent Weak References           67 us, parallelism: 0.10x
[96.598s][info][gc,stats    ]   CWRF: <total>                       6 us
[96.598s][info][gc,stats    ]   CWRF: Weak References               6 us, workers (us):   6, ---, ---, 
[96.598s][info][gc,stats    ] Concurrent Weak Roots              4908 us
[96.598s][info][gc,stats    ]   Roots                            4803 us, parallelism: 0.99x
[96.598s][info][gc,stats    ]     CWR: <total>                   4775 us
[96.598s][info][gc,stats    ]     CWR: Code Cache Roots           732 us, workers (us): 732, ---, ---, 
[96.598s][info][gc,stats    ]     CWR: VM Weak Roots             4034 us, workers (us): 4034, ---, ---, 
[96.598s][info][gc,stats    ]     CWR: CLDG Roots                   9 us, workers (us):   9, ---, ---, 
[96.598s][info][gc,stats    ]   Rendezvous                         43 us
[96.598s][info][gc,stats    ] Concurrent Cleanup                   59 us
[96.598s][info][gc,stats    ] Concurrent Class Unloading         3252 us
[96.598s][info][gc,stats    ]   Unlink Stale                     2970 us
[96.598s][info][gc,stats    ]     System Dictionary                 8 us
[96.598s][info][gc,stats    ]     Weak Class Links                  0 us
[96.598s][info][gc,stats    ]     Code Roots                     2960 us
[96.598s][info][gc,stats    ]   Rendezvous                         44 us
[96.598s][info][gc,stats    ]   Purge Unlinked                    165 us
[96.598s][info][gc,stats    ]     Code Roots                      161 us
[96.598s][info][gc,stats    ]     CLDG                              3 us
[96.598s][info][gc,stats    ]     Exception Caches                  0 us
[96.598s][info][gc,stats    ] Pause Final Roots (G)               113 us
[96.598s][info][gc,stats    ] Pause Final Roots (N)                50 us
[96.598s][info][gc,stats    ] 
[96.598s][info][gc,stats    ] Allocation pacing accrued:
[96.598s][info][gc,stats    ]       0 of   421 ms (  0.0%): <total>
[96.598s][info][gc,stats    ]       0 of   421 ms (  0.0%): <average total>
[96.598s][info][gc,stats    ] 
[96.598s][info][gc,metaspace] Metaspace: 14231K(14528K)->14231K(14528K) NonClass: 12326K(12480K)->12326K(12480K) Class: 1905K(2048K)->1905K(2048K)
[96.598s][info][gc,ergo     ] Pacer for Idle. Initial: 41943K, Alloc Tax Rate: 1.0x
[97.015s][info][gc          ] Trigger: Learning 5 of 5. Free (1431M) is below initial threshold (1433M)
[97.016s][info][gc,ergo     ] Free: 1431M, Max: 1024K regular, 1419M humongous, Frag: 1% external, 0% internal; Reserve: 103M, Max: 1024K
[97.016s][info][gc,start    ] GC(234) Concurrent reset
[97.016s][info][gc,task     ] GC(234) Using 1 of 3 workers for concurrent reset
[97.016s][info][gc,ergo     ] GC(234) Pacer for Reset. Non-Taxable: 2048M
[97.016s][info][gc          ] GC(234) Concurrent reset 0.256ms
[97.016s][info][gc,start    ] GC(234) Pause Init Mark (unload classes)
[97.016s][info][gc,task     ] GC(234) Using 3 of 3 workers for init marking
[97.016s][info][gc,ergo     ] GC(234) Pacer for Mark. Expected Live: 4519K, Free: 1431M, Non-Taxable: 143M, Alloc Tax Rate: 0.0x
[97.016s][info][gc          ] GC(234) Pause Init Mark (unload classes) 0.099ms
[97.016s][info][gc,start    ] GC(234) Concurrent marking roots
[97.016s][info][gc,task     ] GC(234) Using 1 of 3 workers for concurrent marking roots
[97.016s][info][gc          ] GC(234) Concurrent marking roots 0.413ms
[97.016s][info][gc,start    ] GC(234) Concurrent marking (unload classes)
[97.016s][info][gc,task     ] GC(234) Using 1 of 3 workers for concurrent marking
[97.021s][info][gc          ] GC(234) Concurrent marking (unload classes) 4.072ms
[97.021s][info][gc,start    ] GC(234) Pause Final Mark (unload classes)
[97.021s][info][gc,task     ] GC(234) Using 3 of 3 workers for final marking
[97.021s][info][gc,ergo     ] GC(234) Collectable Garbage: 478M (94%), Immediate: 478M (94%), CSet: 0B (0%)
[97.021s][info][gc          ] GC(234) Pause Final Mark (unload classes) 0.158ms
[97.021s][info][gc,start    ] GC(234) Concurrent weak references
[97.021s][info][gc,task     ] GC(234) Using 1 of 3 workers for concurrent weak references
[97.021s][info][gc,ref      ] GC(234) Encountered references: Soft: 140, Weak: 731, Final: 0, Phantom: 64
[97.021s][info][gc,ref      ] GC(234) Discovered  references: Soft: 0, Weak: 149, Final: 0, Phantom: 37
[97.021s][info][gc,ref      ] GC(234) Enqueued    references: Soft: 0, Weak: 0, Final: 0, Phantom: 0
[97.021s][info][gc          ] GC(234) Concurrent weak references 0.060ms
[97.021s][info][gc,start    ] GC(234) Concurrent weak roots
[97.021s][info][gc,task     ] GC(234) Using 1 of 3 workers for concurrent weak root
[97.023s][info][gc          ] GC(234) Concurrent weak roots 2.449ms
[97.023s][info][gc,start    ] GC(234) Concurrent cleanup
[97.023s][info][gc          ] GC(234) Concurrent cleanup 523M->44M(2048M) 0.050ms
[97.023s][info][gc,ergo     ] GC(234) Free: 1900M, Max: 1024K regular, 1421M humongous, Frag: 26% external, 0% internal; Reserve: 103M, Max: 1024K
[97.023s][info][gc,start    ] GC(234) Concurrent class unloading
[97.023s][info][gc,task     ] GC(234) Using 1 of 3 workers for concurrent class unloading
[97.027s][info][gc          ] GC(234) Concurrent class unloading 3.317ms
[97.027s][info][gc,start    ] GC(234) Pause Final Roots
[97.027s][info][gc          ] GC(234) Pause Final Roots 0.041ms
[97.027s][info][gc,ergo     ] Free: 1897M, Max: 1024K regular, 1421M humongous, Frag: 26% external, 0% internal; Reserve: 103M, Max: 1024K
[97.027s][info][gc,stats    ] 
[97.027s][info][gc,stats    ] All times are wall-clock times, except per-root-class counters, that are sum over
[97.027s][info][gc,stats    ] all workers. Dividing the <total> over the root stage time estimates parallelism.
[97.027s][info][gc,stats    ] 
[97.027s][info][gc,stats    ] Concurrent Reset                    275 us
[97.027s][info][gc,stats    ] Pause Init Mark (G)                 171 us
[97.027s][info][gc,stats    ] Pause Init Mark (N)                 108 us
[97.027s][info][gc,stats    ]   Update Region States               25 us
[97.027s][info][gc,stats    ] Concurrent Mark Roots               426 us, parallelism: 0.86x
[97.027s][info][gc,stats    ]   CMR: <total>                      366 us
[97.027s][info][gc,stats    ]   CMR: Thread Roots                 326 us, workers (us): 326, ---, ---, 
[97.027s][info][gc,stats    ]   CMR: VM Strong Roots                4 us, workers (us):   4, ---, ---, 
[97.027s][info][gc,stats    ]   CMR: CLDG Roots                    36 us, workers (us):  36, ---, ---, 
[97.027s][info][gc,stats    ] Concurrent Marking                 4131 us
[97.027s][info][gc,stats    ] Pause Final Mark (G)                259 us
[97.027s][info][gc,stats    ] Pause Final Mark (N)                170 us
[97.027s][info][gc,stats    ]   Finish Mark                        37 us
[97.027s][info][gc,stats    ]   Update Region States               29 us
[97.027s][info][gc,stats    ]   Choose Collection Set              33 us
[97.027s][info][gc,stats    ]   Rebuild Free Set                    7 us
[97.027s][info][gc,stats    ] Concurrent Weak References           68 us, parallelism: 0.11x
[97.027s][info][gc,stats    ]   CWRF: <total>                       7 us
[97.027s][info][gc,stats    ]   CWRF: Weak References               7 us, workers (us):   7, ---, ---, 
[97.027s][info][gc,stats    ] Concurrent Weak Roots              2483 us
[97.027s][info][gc,stats    ]   Roots                            2383 us, parallelism: 0.99x
[97.027s][info][gc,stats    ]     CWR: <total>                   2355 us
[97.027s][info][gc,stats    ]     CWR: Code Cache Roots           703 us, workers (us): 703, ---, ---, 
[97.027s][info][gc,stats    ]     CWR: VM Weak Roots             1644 us, workers (us): 1644, ---, ---, 
[97.027s][info][gc,stats    ]     CWR: CLDG Roots                   8 us, workers (us):   8, ---, ---, 
[97.027s][info][gc,stats    ]   Rendezvous                         50 us
[97.027s][info][gc,stats    ] Concurrent Cleanup                   59 us
[97.027s][info][gc,stats    ] Concurrent Class Unloading         3364 us
[97.027s][info][gc,stats    ]   Unlink Stale                     3087 us
[97.027s][info][gc,stats    ]     System Dictionary                 9 us
[97.027s][info][gc,stats    ]     Weak Class Links                  0 us
[97.027s][info][gc,stats    ]     Code Roots                     3077 us
[97.027s][info][gc,stats    ]   Rendezvous                         58 us
[97.027s][info][gc,stats    ]   Purge Unlinked                    154 us
[97.027s][info][gc,stats    ]     Code Roots                      150 us
[97.027s][info][gc,stats    ]     CLDG                              3 us
[97.027s][info][gc,stats    ]     Exception Caches                  0 us
[97.027s][info][gc,stats    ] Pause Final Roots (G)               150 us
[97.027s][info][gc,stats    ] Pause Final Roots (N)                50 us
[97.027s][info][gc,stats    ] 
[97.027s][info][gc,stats    ] Allocation pacing accrued:
[97.027s][info][gc,stats    ]       0 of   429 ms (  0.0%): <total>
[97.027s][info][gc,stats    ]       0 of   429 ms (  0.0%): <average total>
[97.027s][info][gc,stats    ] 
[97.027s][info][gc,metaspace] Metaspace: 14231K(14528K)->14231K(14528K) NonClass: 12326K(12480K)->12326K(12480K) Class: 1905K(2048K)->1905K(2048K)
[97.027s][info][gc,ergo     ] Pacer for Idle. Initial: 41943K, Alloc Tax Rate: 1.0x
[97.227s][info][gc          ] Trigger: Explicit GC request (System.gc())
[97.227s][info][gc,ergo     ] Free: 1739M, Max: 1024K regular, 1421M humongous, Frag: 19% external, 0% internal; Reserve: 103M, Max: 1024K
[97.227s][info][gc,start    ] GC(235) Concurrent reset
[97.227s][info][gc,task     ] GC(235) Using 1 of 3 workers for concurrent reset
[97.227s][info][gc,ergo     ] GC(235) Pacer for Reset. Non-Taxable: 2048M
[97.227s][info][gc          ] GC(235) Concurrent reset 0.378ms
[97.227s][info][gc,start    ] GC(235) Pause Init Mark (unload classes)
[97.228s][info][gc,task     ] GC(235) Using 3 of 3 workers for init marking
[97.228s][info][gc,ref      ] GC(235) Clearing All SoftReferences
[97.228s][info][gc,ergo     ] GC(235) Pacer for Mark. Expected Live: 4512K, Free: 1739M, Non-Taxable: 173M, Alloc Tax Rate: 0.0x
[97.228s][info][gc          ] GC(235) Pause Init Mark (unload classes) 0.188ms
[97.228s][info][gc,start    ] GC(235) Concurrent marking roots
[97.228s][info][gc,task     ] GC(235) Using 1 of 3 workers for concurrent marking roots
[97.228s][info][gc          ] GC(235) Concurrent marking roots 0.395ms
[97.228s][info][gc,start    ] GC(235) Concurrent marking (unload classes)
[97.228s][info][gc,task     ] GC(235) Using 1 of 3 workers for concurrent marking
[97.232s][info][gc          ] GC(235) Concurrent marking (unload classes) 4.154ms
[97.232s][info][gc,start    ] GC(235) Pause Final Mark (unload classes)
[97.232s][info][gc,task     ] GC(235) Using 3 of 3 workers for final marking
[97.233s][info][gc,ergo     ] GC(235) Collectable Garbage: 186M (92%), Immediate: 186M (92%), CSet: 0B (0%)
[97.233s][info][gc          ] GC(235) Pause Final Mark (unload classes) 0.298ms
[97.233s][info][gc,start    ] GC(235) Concurrent weak references
[97.233s][info][gc,task     ] GC(235) Using 1 of 3 workers for concurrent weak references
[97.233s][info][gc,ref      ] GC(235) Encountered references: Soft: 140, Weak: 717, Final: 0, Phantom: 64
[97.233s][info][gc,ref      ] GC(235) Discovered  references: Soft: 88, Weak: 171, Final: 0, Phantom: 62
[97.233s][info][gc,ref      ] GC(235) Enqueued    references: Soft: 3, Weak: 0, Final: 0, Phantom: 0
[97.233s][info][gc          ] GC(235) Concurrent weak references 0.127ms
[97.233s][info][gc,start    ] GC(235) Concurrent weak roots
[97.233s][info][gc,task     ] GC(235) Using 1 of 3 workers for concurrent weak root
[97.234s][info][gc          ] GC(235) Concurrent weak roots 1.452ms
[97.234s][info][gc,start    ] GC(235) Concurrent cleanup
[97.234s][info][gc          ] GC(235) Concurrent cleanup 205M->18M(2048M) 0.032ms
[97.234s][info][gc,ergo     ] GC(235) Free: 1926M, Max: 1024K regular, 1687M humongous, Frag: 13% external, 0% internal; Reserve: 103M, Max: 1024K
[97.234s][info][gc,start    ] GC(235) Concurrent class unloading
[97.234s][info][gc,task     ] GC(235) Using 1 of 3 workers for concurrent class unloading
[97.238s][info][gc          ] GC(235) Concurrent class unloading 3.347ms
[97.238s][info][gc,start    ] GC(235) Pause Final Roots
[97.238s][info][gc          ] GC(235) Pause Final Roots 0.053ms
[97.238s][info][gc,ergo     ] Free: 1926M, Max: 1024K regular, 1687M humongous, Frag: 13% external, 0% internal; Reserve: 103M, Max: 1024K
[97.238s][info][gc,stats    ] 
[97.238s][info][gc,stats    ] All times are wall-clock times, except per-root-class counters, that are sum over
[97.238s][info][gc,stats    ] all workers. Dividing the <total> over the root stage time estimates parallelism.
[97.238s][info][gc,stats    ] 
[97.238s][info][gc,stats    ] Concurrent Reset                    428 us
[97.238s][info][gc,stats    ] Pause Init Mark (G)                 330 us
[97.238s][info][gc,stats    ] Pause Init Mark (N)                 205 us
[97.238s][info][gc,stats    ]   Update Region States               56 us
[97.238s][info][gc,stats    ] Concurrent Mark Roots               412 us, parallelism: 0.79x
[97.238s][info][gc,stats    ]   CMR: <total>                      327 us
[97.238s][info][gc,stats    ]   CMR: Thread Roots                 287 us, workers (us): 287, ---, ---, 
[97.238s][info][gc,stats    ]   CMR: VM Strong Roots                5 us, workers (us):   5, ---, ---, 
[97.238s][info][gc,stats    ]   CMR: CLDG Roots                    35 us, workers (us):  35, ---, ---, 
[97.238s][info][gc,stats    ] Concurrent Marking                 4219 us
[97.238s][info][gc,stats    ] Pause Final Mark (G)                415 us
[97.238s][info][gc,stats    ] Pause Final Mark (N)                316 us
[97.238s][info][gc,stats    ]   Finish Mark                        72 us
[97.238s][info][gc,stats    ]   Update Region States               40 us
[97.238s][info][gc,stats    ]   Choose Collection Set              57 us
[97.238s][info][gc,stats    ]   Rebuild Free Set                   26 us
[97.238s][info][gc,stats    ] Concurrent Weak References          135 us, parallelism: 0.19x
[97.238s][info][gc,stats    ]   CWRF: <total>                      26 us
[97.238s][info][gc,stats    ]   CWRF: Weak References              26 us, workers (us):  26, ---, ---, 
[97.239s][info][gc,stats    ] Concurrent Weak Roots              1495 us
[97.239s][info][gc,stats    ]   Roots                            1392 us, parallelism: 0.96x
[97.239s][info][gc,stats    ]     CWR: <total>                   1332 us
[97.239s][info][gc,stats    ]     CWR: Code Cache Roots           629 us, workers (us): 629, ---, ---, 
[97.239s][info][gc,stats    ]     CWR: VM Weak Roots              696 us, workers (us): 696, ---, ---, 
[97.239s][info][gc,stats    ]     CWR: CLDG Roots                   7 us, workers (us):   7, ---, ---, 
[97.239s][info][gc,stats    ]   Rendezvous                         41 us
[97.239s][info][gc,stats    ] Concurrent Cleanup                   51 us
[97.239s][info][gc,stats    ] Concurrent Class Unloading         3410 us
[97.239s][info][gc,stats    ]   Unlink Stale                     2946 us
[97.239s][info][gc,stats    ]     System Dictionary                 6 us
[97.239s][info][gc,stats    ]     Weak Class Links                  0 us
[97.239s][info][gc,stats    ]     Code Roots                     2939 us
[97.239s][info][gc,stats    ]   Rendezvous                        124 us
[97.239s][info][gc,stats    ]   Purge Unlinked                    256 us
[97.239s][info][gc,stats    ]     Code Roots                      246 us
[97.239s][info][gc,stats    ]     CLDG                              9 us
[97.239s][info][gc,stats    ]     Exception Caches                  0 us
[97.239s][info][gc,stats    ] Pause Final Roots (G)               191 us
[97.239s][info][gc,stats    ] Pause Final Roots (N)                76 us
[97.239s][info][gc,stats    ] 
[97.239s][info][gc,stats    ] Allocation pacing accrued:
[97.239s][info][gc,stats    ]       0 of   211 ms (  0.0%): <total>
[97.239s][info][gc,stats    ]       0 of   211 ms (  0.0%): <average total>
[97.239s][info][gc,stats    ] 
[97.239s][info][gc,metaspace] Metaspace: 14231K(14528K)->14231K(14528K) NonClass: 12326K(12480K)->12326K(12480K) Class: 1905K(2048K)->1905K(2048K)
[97.239s][info][gc,ergo     ] Pacer for Idle. Initial: 41943K, Alloc Tax Rate: 1.0x
[97.705s][info][gc          ] Trigger: Learning 2 of 5. Free (1430M) is below initial threshold (1433M)
[97.705s][info][gc,ergo     ] Free: 1430M, Max: 1024K regular, 1429M humongous, Frag: 0% external, 0% internal; Reserve: 103M, Max: 1024K
[97.705s][info][gc,start    ] GC(236) Concurrent reset
[97.705s][info][gc,task     ] GC(236) Using 1 of 3 workers for concurrent reset
[97.705s][info][gc,ergo     ] GC(236) Pacer for Reset. Non-Taxable: 2048M
[97.705s][info][gc          ] GC(236) Concurrent reset 0.165ms
[97.705s][info][gc,start    ] GC(236) Pause Init Mark (unload classes)
[97.705s][info][gc,task     ] GC(236) Using 3 of 3 workers for init marking
[97.706s][info][gc,ergo     ] GC(236) Pacer for Mark. Expected Live: 4512K, Free: 1430M, Non-Taxable: 143M, Alloc Tax Rate: 0.0x
[97.706s][info][gc          ] GC(236) Pause Init Mark (unload classes) 0.064ms
[97.706s][info][gc,start    ] GC(236) Concurrent marking roots
[97.706s][info][gc,task     ] GC(236) Using 1 of 3 workers for concurrent marking roots
[97.706s][info][gc          ] GC(236) Concurrent marking roots 0.421ms
[97.706s][info][gc,start    ] GC(236) Concurrent marking (unload classes)
[97.706s][info][gc,task     ] GC(236) Using 1 of 3 workers for concurrent marking
[97.710s][info][gc          ] GC(236) Concurrent marking (unload classes) 3.926ms
[97.710s][info][gc,start    ] GC(236) Pause Final Mark (unload classes)
[97.710s][info][gc,task     ] GC(236) Using 3 of 3 workers for final marking
[97.710s][info][gc,ergo     ] GC(236) Collectable Garbage: 485M (95%), Immediate: 485M (95%), CSet: 0B (0%)
[97.710s][info][gc          ] GC(236) Pause Final Mark (unload classes) 0.143ms
[97.710s][info][gc,start    ] GC(236) Concurrent weak references
[97.710s][info][gc,task     ] GC(236) Using 1 of 3 workers for concurrent weak references
[97.710s][info][gc,ref      ] GC(236) Encountered references: Soft: 140, Weak: 729, Final: 0, Phantom: 64
[97.710s][info][gc,ref      ] GC(236) Discovered  references: Soft: 0, Weak: 147, Final: 0, Phantom: 37
[97.710s][info][gc,ref      ] GC(236) Enqueued    references: Soft: 0, Weak: 0, Final: 0, Phantom: 0
[97.710s][info][gc          ] GC(236) Concurrent weak references 0.085ms
[97.710s][info][gc,start    ] GC(236) Concurrent weak roots
[97.710s][info][gc,task     ] GC(236) Using 1 of 3 workers for concurrent weak root
[97.714s][info][gc          ] GC(236) Concurrent weak roots 3.227ms
[97.714s][info][gc,start    ] GC(236) Concurrent cleanup
[97.714s][info][gc          ] GC(236) Concurrent cleanup 526M->41M(2048M) 0.053ms
[97.714s][info][gc,ergo     ] GC(236) Free: 1903M, Max: 1024K regular, 1417M humongous, Frag: 26% external, 0% internal; Reserve: 103M, Max: 1024K
[97.714s][info][gc,start    ] GC(236) Concurrent class unloading
[97.714s][info][gc,task     ] GC(236) Using 1 of 3 workers for concurrent class unloading
[97.717s][info][gc          ] GC(236) Concurrent class unloading 3.209ms
[97.717s][info][gc,start    ] GC(236) Pause Final Roots
[97.717s][info][gc          ] GC(236) Pause Final Roots 0.013ms
[97.717s][info][gc,ergo     ] Free: 1901M, Max: 1024K regular, 1417M humongous, Frag: 26% external, 0% internal; Reserve: 103M, Max: 1024K
[97.717s][info][gc,stats    ] 
[97.717s][info][gc,stats    ] All times are wall-clock times, except per-root-class counters, that are sum over
[97.717s][info][gc,stats    ] all workers. Dividing the <total> over the root stage time estimates parallelism.
[97.717s][info][gc,stats    ] 
[97.717s][info][gc,stats    ] Concurrent Reset                    205 us
[97.717s][info][gc,stats    ] Pause Init Mark (G)                 132 us
[97.717s][info][gc,stats    ] Pause Init Mark (N)                  72 us
[97.717s][info][gc,stats    ]   Update Region States               26 us
[97.717s][info][gc,stats    ] Concurrent Mark Roots               435 us, parallelism: 0.83x
[97.717s][info][gc,stats    ]   CMR: <total>                      363 us
[97.717s][info][gc,stats    ]   CMR: Thread Roots                 317 us, workers (us): 317, ---, ---, 
[97.717s][info][gc,stats    ]   CMR: VM Strong Roots                5 us, workers (us):   5, ---, ---, 
[97.717s][info][gc,stats    ]   CMR: CLDG Roots                    41 us, workers (us):  41, ---, ---, 
[97.717s][info][gc,stats    ] Concurrent Marking                 3979 us
[97.717s][info][gc,stats    ] Pause Final Mark (G)                197 us
[97.717s][info][gc,stats    ] Pause Final Mark (N)                151 us
[97.717s][info][gc,stats    ]   Finish Mark                        35 us
[97.717s][info][gc,stats    ]   Update Region States               27 us
[97.717s][info][gc,stats    ]   Choose Collection Set              27 us
[97.717s][info][gc,stats    ]   Rebuild Free Set                    8 us
[97.717s][info][gc,stats    ] Concurrent Weak References           93 us, parallelism: 0.07x
[97.717s][info][gc,stats    ]   CWRF: <total>                       7 us
[97.717s][info][gc,stats    ]   CWRF: Weak References               7 us, workers (us):   7, ---, ---, 
[97.717s][info][gc,stats    ] Concurrent Weak Roots              3257 us
[97.717s][info][gc,stats    ]   Roots                            3156 us, parallelism: 0.99x
[97.717s][info][gc,stats    ]     CWR: <total>                   3128 us
[97.717s][info][gc,stats    ]     CWR: Code Cache Roots           660 us, workers (us): 660, ---, ---, 
[97.717s][info][gc,stats    ]     CWR: VM Weak Roots             2461 us, workers (us): 2461, ---, ---, 
[97.717s][info][gc,stats    ]     CWR: CLDG Roots                   7 us, workers (us):   7, ---, ---, 
[97.717s][info][gc,stats    ]   Rendezvous                         53 us
[97.717s][info][gc,stats    ] Concurrent Cleanup                   62 us
[97.717s][info][gc,stats    ] Concurrent Class Unloading         3259 us
[97.717s][info][gc,stats    ]   Unlink Stale                     2976 us
[97.717s][info][gc,stats    ]     System Dictionary                 7 us
[97.717s][info][gc,stats    ]     Weak Class Links                  0 us
[97.717s][info][gc,stats    ]     Code Roots                     2967 us
[97.717s][info][gc,stats    ]   Rendezvous                         65 us
[97.717s][info][gc,stats    ]   Purge Unlinked                    151 us
[97.717s][info][gc,stats    ]     Code Roots                      148 us
[97.717s][info][gc,stats    ]     CLDG                              2 us
[97.717s][info][gc,stats    ]     Exception Caches                  0 us
[97.717s][info][gc,stats    ] Pause Final Roots (G)                82 us
[97.717s][info][gc,stats    ] Pause Final Roots (N)                21 us
[97.717s][info][gc,stats    ] 
[97.717s][info][gc,stats    ] Allocation pacing accrued:
[97.717s][info][gc,stats    ]       0 of   479 ms (  0.0%): <total>
[97.717s][info][gc,stats    ]       0 of   479 ms (  0.0%): <average total>
[97.717s][info][gc,stats    ] 
[97.717s][info][gc,metaspace] Metaspace: 14232K(14528K)->14232K(14528K) NonClass: 12327K(12480K)->12327K(12480K) Class: 1905K(2048K)->1905K(2048K)
[97.717s][info][gc,ergo     ] Pacer for Idle. Initial: 41943K, Alloc Tax Rate: 1.0x
[98.160s][info][gc          ] Trigger: Learning 3 of 5. Free (1433M) is below initial threshold (1433M)
[98.160s][info][gc,ergo     ] Free: 1433M, Max: 1024K regular, 1417M humongous, Frag: 2% external, 0% internal; Reserve: 103M, Max: 1024K
[98.160s][info][gc,start    ] GC(237) Concurrent reset
[98.160s][info][gc,task     ] GC(237) Using 1 of 3 workers for concurrent reset
[98.160s][info][gc,ergo     ] GC(237) Pacer for Reset. Non-Taxable: 2048M
[98.161s][info][gc          ] GC(237) Concurrent reset 0.209ms
[98.161s][info][gc,start    ] GC(237) Pause Init Mark (unload classes)
[98.161s][info][gc,task     ] GC(237) Using 3 of 3 workers for init marking
[98.161s][info][gc,ergo     ] GC(237) Pacer for Mark. Expected Live: 4512K, Free: 1433M, Non-Taxable: 143M, Alloc Tax Rate: 0.0x
[98.161s][info][gc          ] GC(237) Pause Init Mark (unload classes) 0.101ms
[98.161s][info][gc,start    ] GC(237) Concurrent marking roots
[98.161s][info][gc,task     ] GC(237) Using 1 of 3 workers for concurrent marking roots
[98.161s][info][gc          ] GC(237) Concurrent marking roots 0.401ms
[98.161s][info][gc,start    ] GC(237) Concurrent marking (unload classes)
[98.161s][info][gc,task     ] GC(237) Using 1 of 3 workers for concurrent marking
[98.165s][info][gc          ] GC(237) Concurrent marking (unload classes) 3.891ms
[98.165s][info][gc,start    ] GC(237) Pause Final Mark (unload classes)
[98.165s][info][gc,task     ] GC(237) Using 3 of 3 workers for final marking
[98.165s][info][gc,ergo     ] GC(237) Collectable Garbage: 479M (94%), Immediate: 479M (94%), CSet: 0B (0%)
[98.165s][info][gc          ] GC(237) Pause Final Mark (unload classes) 0.163ms
[98.165s][info][gc,start    ] GC(237) Concurrent weak references
[98.165s][info][gc,task     ] GC(237) Using 1 of 3 workers for concurrent weak references
[98.166s][info][gc,ref      ] GC(237) Encountered references: Soft: 140, Weak: 729, Final: 0, Phantom: 64
[98.166s][info][gc,ref      ] GC(237) Discovered  references: Soft: 0, Weak: 147, Final: 0, Phantom: 37
[98.166s][info][gc,ref      ] GC(237) Enqueued    references: Soft: 0, Weak: 0, Final: 0, Phantom: 0
[98.166s][info][gc          ] GC(237) Concurrent weak references 0.072ms
[98.166s][info][gc,start    ] GC(237) Concurrent weak roots
[98.166s][info][gc,task     ] GC(237) Using 1 of 3 workers for concurrent weak root
[98.169s][info][gc          ] GC(237) Concurrent weak roots 3.689ms
[98.169s][info][gc,start    ] GC(237) Concurrent cleanup
[98.169s][info][gc          ] GC(237) Concurrent cleanup 523M->44M(2048M) 0.054ms
[98.169s][info][gc,ergo     ] GC(237) Free: 1900M, Max: 1024K regular, 1438M humongous, Frag: 25% external, 0% internal; Reserve: 103M, Max: 1024K
[98.169s][info][gc,start    ] GC(237) Concurrent class unloading
[98.169s][info][gc,task     ] GC(237) Using 1 of 3 workers for concurrent class unloading
[98.173s][info][gc          ] GC(237) Concurrent class unloading 3.267ms
[98.173s][info][gc,start    ] GC(237) Pause Final Roots
[98.173s][info][gc          ] GC(237) Pause Final Roots 0.040ms
[98.173s][info][gc,ergo     ] Free: 1898M, Max: 1024K regular, 1438M humongous, Frag: 25% external, 0% internal; Reserve: 103M, Max: 1024K
[98.173s][info][gc,stats    ] 
[98.173s][info][gc,stats    ] All times are wall-clock times, except per-root-class counters, that are sum over
[98.173s][info][gc,stats    ] all workers. Dividing the <total> over the root stage time estimates parallelism.
[98.173s][info][gc,stats    ] 
[98.173s][info][gc,stats    ] Concurrent Reset                    228 us
[98.173s][info][gc,stats    ] Pause Init Mark (G)                 245 us
[98.173s][info][gc,stats    ] Pause Init Mark (N)                 109 us
[98.173s][info][gc,stats    ]   Update Region States               28 us
[98.173s][info][gc,stats    ] Concurrent Mark Roots               414 us, parallelism: 0.86x
[98.173s][info][gc,stats    ]   CMR: <total>                      357 us
[98.173s][info][gc,stats    ]   CMR: Thread Roots                 316 us, workers (us): 316, ---, ---, 
[98.173s][info][gc,stats    ]   CMR: VM Strong Roots                5 us, workers (us):   5, ---, ---, 
[98.173s][info][gc,stats    ]   CMR: CLDG Roots                    36 us, workers (us):  36, ---, ---, 
[98.173s][info][gc,stats    ] Concurrent Marking                 3937 us
[98.173s][info][gc,stats    ] Pause Final Mark (G)                232 us
[98.173s][info][gc,stats    ] Pause Final Mark (N)                172 us
[98.173s][info][gc,stats    ]   Finish Mark                        36 us
[98.173s][info][gc,stats    ]   Update Region States               34 us
[98.173s][info][gc,stats    ]   Choose Collection Set              39 us
[98.173s][info][gc,stats    ]   Rebuild Free Set                    8 us
[98.173s][info][gc,stats    ] Concurrent Weak References           80 us, parallelism: 0.08x
[98.173s][info][gc,stats    ]   CWRF: <total>                       7 us
[98.173s][info][gc,stats    ]   CWRF: Weak References               7 us, workers (us):   7, ---, ---, 
[98.173s][info][gc,stats    ] Concurrent Weak Roots              3741 us
[98.173s][info][gc,stats    ]   Roots                            3627 us, parallelism: 0.99x
[98.173s][info][gc,stats    ]     CWR: <total>                   3592 us
[98.173s][info][gc,stats    ]     CWR: Code Cache Roots           673 us, workers (us): 673, ---, ---, 
[98.173s][info][gc,stats    ]     CWR: VM Weak Roots             2912 us, workers (us): 2912, ---, ---, 
[98.173s][info][gc,stats    ]     CWR: CLDG Roots                   7 us, workers (us):   7, ---, ---, 
[98.173s][info][gc,stats    ]   Rendezvous                         43 us
[98.173s][info][gc,stats    ] Concurrent Cleanup                   64 us
[98.173s][info][gc,stats    ] Concurrent Class Unloading         3313 us
[98.173s][info][gc,stats    ]   Unlink Stale                     3058 us
[98.173s][info][gc,stats    ]     System Dictionary                 6 us
[98.173s][info][gc,stats    ]     Weak Class Links                  0 us
[98.173s][info][gc,stats    ]     Code Roots                     3050 us
[98.173s][info][gc,stats    ]   Rendezvous                         47 us
[98.173s][info][gc,stats    ]   Purge Unlinked                    144 us
[98.173s][info][gc,stats    ]     Code Roots                      141 us
[98.173s][info][gc,stats    ]     CLDG                              2 us
[98.173s][info][gc,stats    ]     Exception Caches                  0 us
[98.173s][info][gc,stats    ] Pause Final Roots (G)                98 us
[98.173s][info][gc,stats    ] Pause Final Roots (N)                49 us
[98.173s][info][gc,stats    ] 
[98.173s][info][gc,stats    ] Allocation pacing accrued:
[98.173s][info][gc,stats    ]       0 of   456 ms (  0.0%): <total>
[98.173s][info][gc,stats    ]       0 of   456 ms (  0.0%): <average total>
[98.173s][info][gc,stats    ] 
[98.173s][info][gc,metaspace] Metaspace: 14232K(14528K)->14232K(14528K) NonClass: 12327K(12480K)->12327K(12480K) Class: 1905K(2048K)->1905K(2048K)
[98.173s][info][gc,ergo     ] Pacer for Idle. Initial: 41943K, Alloc Tax Rate: 1.0x
[98.612s][info][gc          ] Trigger: Learning 4 of 5. Free (1432M) is below initial threshold (1433M)
[98.612s][info][gc,ergo     ] Free: 1432M, Max: 1024K regular, 1431M humongous, Frag: 0% external, 0% internal; Reserve: 103M, Max: 1024K
[98.612s][info][gc,start    ] GC(238) Concurrent reset
[98.612s][info][gc,task     ] GC(238) Using 1 of 3 workers for concurrent reset
[98.612s][info][gc,ergo     ] GC(238) Pacer for Reset. Non-Taxable: 2048M
[98.613s][info][gc          ] GC(238) Concurrent reset 0.222ms
[98.613s][info][gc,start    ] GC(238) Pause Init Mark (unload classes)
[98.613s][info][gc,task     ] GC(238) Using 3 of 3 workers for init marking
[98.613s][info][gc,ergo     ] GC(238) Pacer for Mark. Expected Live: 4513K, Free: 1432M, Non-Taxable: 143M, Alloc Tax Rate: 0.0x
[98.613s][info][gc          ] GC(238) Pause Init Mark (unload classes) 0.089ms
[98.613s][info][gc,start    ] GC(238) Concurrent marking roots
[98.613s][info][gc,task     ] GC(238) Using 1 of 3 workers for concurrent marking roots
[98.613s][info][gc          ] GC(238) Concurrent marking roots 0.409ms
[98.613s][info][gc,start    ] GC(238) Concurrent marking (unload classes)
[98.613s][info][gc,task     ] GC(238) Using 1 of 3 workers for concurrent marking
[98.617s][info][gc          ] GC(238) Concurrent marking (unload classes) 3.893ms
[98.617s][info][gc,start    ] GC(238) Pause Final Mark (unload classes)
[98.617s][info][gc,task     ] GC(238) Using 3 of 3 workers for final marking
[98.617s][info][gc,ergo     ] GC(238) Collectable Garbage: 477M (93%), Immediate: 477M (93%), CSet: 0B (0%)
[98.617s][info][gc          ] GC(238) Pause Final Mark (unload classes) 0.163ms
[98.617s][info][gc,start    ] GC(238) Concurrent weak references
[98.617s][info][gc,task     ] GC(238) Using 1 of 3 workers for concurrent weak references
[98.617s][info][gc,ref      ] GC(238) Encountered references: Soft: 140, Weak: 729, Final: 0, Phantom: 64
[98.617s][info][gc,ref      ] GC(238) Discovered  references: Soft: 0, Weak: 147, Final: 0, Phantom: 37
[98.618s][info][gc,ref      ] GC(238) Enqueued    references: Soft: 0, Weak: 0, Final: 0, Phantom: 0
[98.618s][info][gc          ] GC(238) Concurrent weak references 0.063ms
[98.618s][info][gc,start    ] GC(238) Concurrent weak roots
[98.618s][info][gc,task     ] GC(238) Using 1 of 3 workers for concurrent weak root
[98.622s][info][gc          ] GC(238) Concurrent weak roots 4.173ms
[98.622s][info][gc,start    ] GC(238) Concurrent cleanup
[98.622s][info][gc          ] GC(238) Concurrent cleanup 525M->48M(2048M) 0.054ms
[98.622s][info][gc,ergo     ] GC(238) Free: 1896M, Max: 1024K regular, 1418M humongous, Frag: 26% external, 0% internal; Reserve: 103M, Max: 1024K
[98.622s][info][gc,start    ] GC(238) Concurrent class unloading
[98.622s][info][gc,task     ] GC(238) Using 1 of 3 workers for concurrent class unloading
[98.625s][info][gc          ] GC(238) Concurrent class unloading 3.246ms
[98.625s][info][gc,start    ] GC(238) Pause Final Roots
[98.625s][info][gc          ] GC(238) Pause Final Roots 0.040ms
[98.625s][info][gc,ergo     ] Free: 1894M, Max: 1024K regular, 1418M humongous, Frag: 26% external, 0% internal; Reserve: 103M, Max: 1024K
[98.625s][info][gc,stats    ] 
[98.625s][info][gc,stats    ] All times are wall-clock times, except per-root-class counters, that are sum over
[98.625s][info][gc,stats    ] all workers. Dividing the <total> over the root stage time estimates parallelism.
[98.625s][info][gc,stats    ] 
[98.625s][info][gc,stats    ] Concurrent Reset                    241 us
[98.625s][info][gc,stats    ] Pause Init Mark (G)                 190 us
[98.625s][info][gc,stats    ] Pause Init Mark (N)                  97 us
[98.625s][info][gc,stats    ]   Update Region States               24 us
[98.625s][info][gc,stats    ] Concurrent Mark Roots               422 us, parallelism: 0.86x
[98.625s][info][gc,stats    ]   CMR: <total>                      363 us
[98.625s][info][gc,stats    ]   CMR: Thread Roots                 319 us, workers (us): 319, ---, ---, 
[98.625s][info][gc,stats    ]   CMR: VM Strong Roots                5 us, workers (us):   5, ---, ---, 
[98.625s][info][gc,stats    ]   CMR: CLDG Roots                    39 us, workers (us):  39, ---, ---, 
[98.625s][info][gc,stats    ] Concurrent Marking                 3939 us
[98.625s][info][gc,stats    ] Pause Final Mark (G)                268 us
[98.625s][info][gc,stats    ] Pause Final Mark (N)                172 us
[98.625s][info][gc,stats    ]   Finish Mark                        37 us
[98.625s][info][gc,stats    ]   Update Region States               31 us
[98.625s][info][gc,stats    ]   Choose Collection Set              38 us
[98.625s][info][gc,stats    ]   Rebuild Free Set                    7 us
[98.625s][info][gc,stats    ] Concurrent Weak References           70 us, parallelism: 0.11x
[98.625s][info][gc,stats    ]   CWRF: <total>                       8 us
[98.625s][info][gc,stats    ]   CWRF: Weak References               8 us, workers (us):   8, ---, ---, 
[98.625s][info][gc,stats    ] Concurrent Weak Roots              4211 us
[98.625s][info][gc,stats    ]   Roots                            4105 us, parallelism: 0.99x
[98.625s][info][gc,stats    ]     CWR: <total>                   4078 us
[98.625s][info][gc,stats    ]     CWR: Code Cache Roots           654 us, workers (us): 654, ---, ---, 
[98.625s][info][gc,stats    ]     CWR: VM Weak Roots             3417 us, workers (us): 3417, ---, ---, 
[98.625s][info][gc,stats    ]     CWR: CLDG Roots                   7 us, workers (us):   7, ---, ---, 
[98.625s][info][gc,stats    ]   Rendezvous                         52 us
[98.625s][info][gc,stats    ] Concurrent Cleanup                   63 us
[98.625s][info][gc,stats    ] Concurrent Class Unloading         3293 us
[98.625s][info][gc,stats    ]   Unlink Stale                     3029 us
[98.625s][info][gc,stats    ]     System Dictionary                 8 us
[98.625s][info][gc,stats    ]     Weak Class Links                  0 us
[98.626s][info][gc,stats    ]     Code Roots                     3019 us
[98.626s][info][gc,stats    ]   Rendezvous                         49 us
[98.626s][info][gc,stats    ]   Purge Unlinked                    150 us
[98.626s][info][gc,stats    ]     Code Roots                      144 us
[98.626s][info][gc,stats    ]     CLDG                              5 us
[98.626s][info][gc,stats    ]     Exception Caches                  0 us
[98.626s][info][gc,stats    ] Pause Final Roots (G)                97 us
[98.626s][info][gc,stats    ] Pause Final Roots (N)                49 us
[98.626s][info][gc,stats    ] 
[98.626s][info][gc,stats    ] Allocation pacing accrued:
[98.626s][info][gc,stats    ]       0 of   452 ms (  0.0%): <total>
[98.626s][info][gc,stats    ]       0 of   452 ms (  0.0%): <average total>
[98.626s][info][gc,stats    ] 
[98.626s][info][gc,metaspace] Metaspace: 14232K(14528K)->14232K(14528K) NonClass: 12327K(12480K)->12327K(12480K) Class: 1905K(2048K)->1905K(2048K)
[98.626s][info][gc,ergo     ] Pacer for Idle. Initial: 41943K, Alloc Tax Rate: 1.0x
[99.058s][info][gc          ] Trigger: Learning 5 of 5. Free (1433M) is below initial threshold (1433M)
[99.058s][info][gc,ergo     ] Free: 1433M, Max: 1024K regular, 1418M humongous, Frag: 1% external, 0% internal; Reserve: 103M, Max: 1024K
[99.059s][info][gc,start    ] GC(239) Concurrent reset
[99.059s][info][gc,task     ] GC(239) Using 1 of 3 workers for concurrent reset
[99.059s][info][gc,ergo     ] GC(239) Pacer for Reset. Non-Taxable: 2048M
[99.059s][info][gc          ] GC(239) Concurrent reset 0.228ms
[99.059s][info][gc,start    ] GC(239) Pause Init Mark (unload classes)
[99.059s][info][gc,task     ] GC(239) Using 3 of 3 workers for init marking
[99.059s][info][gc,ergo     ] GC(239) Pacer for Mark. Expected Live: 4513K, Free: 1433M, Non-Taxable: 143M, Alloc Tax Rate: 0.0x
[99.059s][info][gc          ] GC(239) Pause Init Mark (unload classes) 0.089ms
[99.059s][info][gc,start    ] GC(239) Concurrent marking roots
[99.059s][info][gc,task     ] GC(239) Using 1 of 3 workers for concurrent marking roots
[99.059s][info][gc          ] GC(239) Concurrent marking roots 0.407ms
[99.059s][info][gc,start    ] GC(239) Concurrent marking (unload classes)
[99.059s][info][gc,task     ] GC(239) Using 1 of 3 workers for concurrent marking
[99.064s][info][gc          ] GC(239) Concurrent marking (unload classes) 4.271ms
[99.064s][info][gc,start    ] GC(239) Pause Final Mark (unload classes)
[99.064s][info][gc,task     ] GC(239) Using 3 of 3 workers for final marking
[99.064s][info][gc,ergo     ] GC(239) Collectable Garbage: 471M (93%), Immediate: 471M (93%), CSet: 0B (0%)
[99.064s][info][gc          ] GC(239) Pause Final Mark (unload classes) 0.147ms
[99.064s][info][gc,start    ] GC(239) Concurrent weak references
[99.064s][info][gc,task     ] GC(239) Using 1 of 3 workers for concurrent weak references
[99.064s][info][gc,ref      ] GC(239) Encountered references: Soft: 140, Weak: 729, Final: 0, Phantom: 64
[99.064s][info][gc,ref      ] GC(239) Discovered  references: Soft: 0, Weak: 147, Final: 0, Phantom: 37
[99.064s][info][gc,ref      ] GC(239) Enqueued    references: Soft: 0, Weak: 0, Final: 0, Phantom: 0
[99.064s][info][gc          ] GC(239) Concurrent weak references 0.058ms
[99.064s][info][gc,start    ] GC(239) Concurrent weak roots
[99.064s][info][gc,task     ] GC(239) Using 1 of 3 workers for concurrent weak root
[99.069s][info][gc          ] GC(239) Concurrent weak roots 4.586ms
[99.069s][info][gc,start    ] GC(239) Concurrent cleanup
[99.069s][info][gc          ] GC(239) Concurrent cleanup 523M->51M(2048M) 0.057ms
[99.069s][info][gc,ergo     ] GC(239) Free: 1893M, Max: 1024K regular, 1424M humongous, Frag: 25% external, 0% internal; Reserve: 103M, Max: 1024K
[99.069s][info][gc,start    ] GC(239) Concurrent class unloading
[99.069s][info][gc,task     ] GC(239) Using 1 of 3 workers for concurrent class unloading
[99.072s][info][gc          ] GC(239) Concurrent class unloading 3.269ms
[99.072s][info][gc,start    ] GC(239) Pause Final Roots
[99.072s][info][gc          ] GC(239) Pause Final Roots 0.038ms
[99.072s][info][gc,ergo     ] Free: 1891M, Max: 1024K regular, 1424M humongous, Frag: 25% external, 0% internal; Reserve: 103M, Max: 1024K
[99.072s][info][gc,stats    ] 
[99.072s][info][gc,stats    ] All times are wall-clock times, except per-root-class counters, that are sum over
[99.072s][info][gc,stats    ] all workers. Dividing the <total> over the root stage time estimates parallelism.
[99.072s][info][gc,stats    ] 
[99.072s][info][gc,stats    ] Concurrent Reset                    240 us
[99.072s][info][gc,stats    ] Pause Init Mark (G)                 159 us
[99.072s][info][gc,stats    ] Pause Init Mark (N)                  98 us
[99.072s][info][gc,stats    ]   Update Region States               23 us
[99.072s][info][gc,stats    ] Concurrent Mark Roots               420 us, parallelism: 0.84x
[99.072s][info][gc,stats    ]   CMR: <total>                      353 us
[99.072s][info][gc,stats    ]   CMR: Thread Roots                 306 us, workers (us): 306, ---, ---, 
[99.072s][info][gc,stats    ]   CMR: VM Strong Roots                6 us, workers (us):   6, ---, ---, 
[99.072s][info][gc,stats    ]   CMR: CLDG Roots                    41 us, workers (us):  41, ---, ---, 
[99.072s][info][gc,stats    ] Concurrent Marking                 4320 us
[99.072s][info][gc,stats    ] Pause Final Mark (G)                216 us
[99.072s][info][gc,stats    ] Pause Final Mark (N)                156 us
[99.072s][info][gc,stats    ]   Finish Mark                        32 us
[99.072s][info][gc,stats    ]   Update Region States               30 us
[99.072s][info][gc,stats    ]   Choose Collection Set              53 us
[99.072s][info][gc,stats    ]   Rebuild Free Set                    8 us
[99.072s][info][gc,stats    ] Concurrent Weak References           65 us, parallelism: 0.12x
[99.072s][info][gc,stats    ]   CWRF: <total>                       7 us
[99.072s][info][gc,stats    ]   CWRF: Weak References               7 us, workers (us):   7, ---, ---, 
[99.072s][info][gc,stats    ] Concurrent Weak Roots              4620 us
[99.072s][info][gc,stats    ]   Roots                            4514 us, parallelism: 0.99x
[99.072s][info][gc,stats    ]     CWR: <total>                   4487 us
[99.072s][info][gc,stats    ]     CWR: Code Cache Roots           679 us, workers (us): 679, ---, ---, 
[99.072s][info][gc,stats    ]     CWR: VM Weak Roots             3801 us, workers (us): 3801, ---, ---, 
[99.072s][info][gc,stats    ]     CWR: CLDG Roots                   8 us, workers (us):   8, ---, ---, 
[99.072s][info][gc,stats    ]   Rendezvous                         55 us
[99.072s][info][gc,stats    ] Concurrent Cleanup                   70 us
[99.072s][info][gc,stats    ] Concurrent Class Unloading         3315 us
[99.072s][info][gc,stats    ]   Unlink Stale                     3000 us
[99.072s][info][gc,stats    ]     System Dictionary                 9 us
[99.072s][info][gc,stats    ]     Weak Class Links                  0 us
[99.072s][info][gc,stats    ]     Code Roots                     2988 us
[99.072s][info][gc,stats    ]   Rendezvous                        116 us
[99.072s][info][gc,stats    ]   Purge Unlinked                    135 us
[99.072s][info][gc,stats    ]     Code Roots                      133 us
[99.072s][info][gc,stats    ]     CLDG                              2 us
[99.072s][info][gc,stats    ]     Exception Caches                  0 us
[99.072s][info][gc,stats    ] Pause Final Roots (G)               118 us
[99.072s][info][gc,stats    ] Pause Final Roots (N)                47 us
[99.072s][info][gc,stats    ] 
[99.072s][info][gc,stats    ] Allocation pacing accrued:
[99.072s][info][gc,stats    ]       0 of   447 ms (  0.0%): <total>
[99.072s][info][gc,stats    ]       0 of   447 ms (  0.0%): <average total>
[99.072s][info][gc,stats    ] 
[99.072s][info][gc,metaspace] Metaspace: 14232K(14528K)->14232K(14528K) NonClass: 12327K(12480K)->12327K(12480K) Class: 1905K(2048K)->1905K(2048K)
[99.072s][info][gc,ergo     ] Pacer for Idle. Initial: 41943K, Alloc Tax Rate: 1.0x
[99.384s][info][gc          ] Trigger: Explicit GC request (System.gc())
[99.384s][info][gc,ergo     ] Free: 1629M, Max: 1024K regular, 1424M humongous, Frag: 13% external, 0% internal; Reserve: 103M, Max: 1024K
[99.384s][info][gc,start    ] GC(240) Concurrent reset
[99.384s][info][gc,task     ] GC(240) Using 1 of 3 workers for concurrent reset
[99.384s][info][gc,ergo     ] GC(240) Pacer for Reset. Non-Taxable: 2048M
[99.385s][info][gc          ] GC(240) Concurrent reset 0.580ms
[99.385s][info][gc,start    ] GC(240) Pause Init Mark (unload classes)
[99.385s][info][gc,task     ] GC(240) Using 3 of 3 workers for init marking
[99.385s][info][gc,ref      ] GC(240) Clearing All SoftReferences
[99.385s][info][gc,ergo     ] GC(240) Pacer for Mark. Expected Live: 4520K, Free: 1629M, Non-Taxable: 162M, Alloc Tax Rate: 0.0x
[99.385s][info][gc          ] GC(240) Pause Init Mark (unload classes) 0.206ms
[99.385s][info][gc,start    ] GC(240) Concurrent marking roots
[99.385s][info][gc,task     ] GC(240) Using 1 of 3 workers for concurrent marking roots
[99.386s][info][gc          ] GC(240) Concurrent marking roots 0.498ms
[99.386s][info][gc,start    ] GC(240) Concurrent marking (unload classes)
[99.386s][info][gc,task     ] GC(240) Using 1 of 3 workers for concurrent marking
[99.390s][info][gc          ] GC(240) Concurrent marking (unload classes) 4.594ms
[99.390s][info][gc,start    ] GC(240) Pause Final Mark (unload classes)
[99.390s][info][gc,task     ] GC(240) Using 3 of 3 workers for final marking
[99.391s][info][gc,ergo     ] GC(240) Collectable Garbage: 299M (96%), Immediate: 299M (96%), CSet: 0B (0%)
[99.391s][info][gc          ] GC(240) Pause Final Mark (unload classes) 0.304ms
[99.391s][info][gc,start    ] GC(240) Concurrent weak references
[99.391s][info][gc,task     ] GC(240) Using 1 of 3 workers for concurrent weak references
[99.391s][info][gc,ref      ] GC(240) Encountered references: Soft: 140, Weak: 713, Final: 0, Phantom: 64
[99.391s][info][gc,ref      ] GC(240) Discovered  references: Soft: 88, Weak: 169, Final: 0, Phantom: 62
[99.391s][info][gc,ref      ] GC(240) Enqueued    references: Soft: 3, Weak: 0, Final: 0, Phantom: 0
[99.391s][info][gc          ] GC(240) Concurrent weak references 0.213ms
[99.391s][info][gc,start    ] GC(240) Concurrent weak roots
[99.391s][info][gc,task     ] GC(240) Using 1 of 3 workers for concurrent weak root
[99.396s][info][gc          ] GC(240) Concurrent weak roots 4.609ms
[99.396s][info][gc,start    ] GC(240) Concurrent cleanup
[99.396s][info][gc          ] GC(240) Concurrent cleanup 315M->15M(2048M) 0.069ms
[99.396s][info][gc,ergo     ] GC(240) Free: 1929M, Max: 1024K regular, 1652M humongous, Frag: 15% external, 0% internal; Reserve: 103M, Max: 1024K
[99.396s][info][gc,start    ] GC(240) Concurrent class unloading
[99.396s][info][gc,task     ] GC(240) Using 1 of 3 workers for concurrent class unloading
[99.400s][info][gc          ] GC(240) Concurrent class unloading 3.895ms
[99.400s][info][gc,start    ] GC(240) Pause Final Roots
[99.400s][info][gc          ] GC(240) Pause Final Roots 0.073ms
[99.400s][info][gc,ergo     ] Free: 1929M, Max: 1024K regular, 1652M humongous, Frag: 15% external, 0% internal; Reserve: 103M, Max: 1024K
[99.400s][info][gc,stats    ] 
[99.400s][info][gc,stats    ] All times are wall-clock times, except per-root-class counters, that are sum over
[99.400s][info][gc,stats    ] all workers. Dividing the <total> over the root stage time estimates parallelism.
[99.400s][info][gc,stats    ] 
[99.400s][info][gc,stats    ] Concurrent Reset                    629 us
[99.400s][info][gc,stats    ] Pause Init Mark (G)                 356 us
[99.400s][info][gc,stats    ] Pause Init Mark (N)                 217 us
[99.400s][info][gc,stats    ]   Update Region States               66 us
[99.400s][info][gc,stats    ] Concurrent Mark Roots               516 us, parallelism: 0.77x
[99.400s][info][gc,stats    ]   CMR: <total>                      400 us
[99.400s][info][gc,stats    ]   CMR: Thread Roots                 342 us, workers (us): 342, ---, ---, 
[99.400s][info][gc,stats    ]   CMR: VM Strong Roots                6 us, workers (us):   6, ---, ---, 
[99.400s][info][gc,stats    ]   CMR: CLDG Roots                    52 us, workers (us):  52, ---, ---, 
[99.400s][info][gc,stats    ] Concurrent Marking                 4660 us
[99.400s][info][gc,stats    ] Pause Final Mark (G)                397 us
[99.400s][info][gc,stats    ] Pause Final Mark (N)                330 us
[99.400s][info][gc,stats    ]   Finish Mark                        49 us
[99.400s][info][gc,stats    ]   Update Region States               70 us
[99.400s][info][gc,stats    ]   Choose Collection Set              78 us
[99.400s][info][gc,stats    ]   Rebuild Free Set                   21 us
[99.400s][info][gc,stats    ] Concurrent Weak References          221 us, parallelism: 0.12x
[99.400s][info][gc,stats    ]   CWRF: <total>                      26 us
[99.400s][info][gc,stats    ]   CWRF: Weak References              26 us, workers (us):  26, ---, ---, 
[99.400s][info][gc,stats    ] Concurrent Weak Roots              4675 us
[99.400s][info][gc,stats    ]   Roots                            4442 us, parallelism: 0.98x
[99.400s][info][gc,stats    ]     CWR: <total>                   4344 us
[99.400s][info][gc,stats    ]     CWR: Code Cache Roots           824 us, workers (us): 824, ---, ---, 
[99.400s][info][gc,stats    ]     CWR: VM Weak Roots             3509 us, workers (us): 3509, ---, ---, 
[99.400s][info][gc,stats    ]     CWR: CLDG Roots                  11 us, workers (us):  11, ---, ---, 
[99.400s][info][gc,stats    ]   Rendezvous                        147 us
[99.400s][info][gc,stats    ] Concurrent Cleanup                   87 us
[99.400s][info][gc,stats    ] Concurrent Class Unloading         3960 us
[99.400s][info][gc,stats    ]   Unlink Stale                     3047 us
[99.400s][info][gc,stats    ]     System Dictionary                 9 us
[99.400s][info][gc,stats    ]     Weak Class Links                  0 us
[99.400s][info][gc,stats    ]     Code Roots                     3036 us
[99.400s][info][gc,stats    ]   Rendezvous                        476 us
[99.400s][info][gc,stats    ]   Purge Unlinked                    335 us
[99.400s][info][gc,stats    ]     Code Roots                      328 us
[99.400s][info][gc,stats    ]     CLDG                              7 us
[99.400s][info][gc,stats    ]     Exception Caches                  0 us
[99.400s][info][gc,stats    ] Pause Final Roots (G)               184 us
[99.400s][info][gc,stats    ] Pause Final Roots (N)                97 us
[99.400s][info][gc,stats    ] 
[99.400s][info][gc,stats    ] Allocation pacing accrued:
[99.400s][info][gc,stats    ]       0 of   328 ms (  0.0%): <total>
[99.400s][info][gc,stats    ]       0 of   328 ms (  0.0%): <average total>
[99.400s][info][gc,stats    ] 
[99.400s][info][gc,metaspace] Metaspace: 14232K(14528K)->14232K(14528K) NonClass: 12327K(12480K)->12327K(12480K) Class: 1905K(2048K)->1905K(2048K)
[99.400s][info][gc,ergo     ] Pacer for Idle. Initial: 41943K, Alloc Tax Rate: 1.0x
[99.841s][info][gc          ] Trigger: Learning 2 of 5. Free (1432M) is below initial threshold (1433M)
[99.841s][info][gc,ergo     ] Free: 1432M, Max: 1024K regular, 1431M humongous, Frag: 0% external, 0% internal; Reserve: 103M, Max: 1024K
[99.841s][info][gc,start    ] GC(241) Concurrent reset
[99.841s][info][gc,task     ] GC(241) Using 1 of 3 workers for concurrent reset
[99.841s][info][gc,ergo     ] GC(241) Pacer for Reset. Non-Taxable: 2048M
[99.842s][info][gc          ] GC(241) Concurrent reset 0.143ms
[99.842s][info][gc,start    ] GC(241) Pause Init Mark (unload classes)
[99.842s][info][gc,task     ] GC(241) Using 3 of 3 workers for init marking
[99.842s][info][gc,ergo     ] GC(241) Pacer for Mark. Expected Live: 4520K, Free: 1432M, Non-Taxable: 143M, Alloc Tax Rate: 0.0x
[99.842s][info][gc          ] GC(241) Pause Init Mark (unload classes) 0.092ms
[99.842s][info][gc,start    ] GC(241) Concurrent marking roots
[99.842s][info][gc,task     ] GC(241) Using 1 of 3 workers for concurrent marking roots
[99.842s][info][gc          ] GC(241) Concurrent marking roots 0.414ms
[99.842s][info][gc,start    ] GC(241) Concurrent marking (unload classes)
[99.842s][info][gc,task     ] GC(241) Using 1 of 3 workers for concurrent marking
[99.846s][info][gc          ] GC(241) Concurrent marking (unload classes) 4.007ms
[99.846s][info][gc,start    ] GC(241) Pause Final Mark (unload classes)
[99.846s][info][gc,task     ] GC(241) Using 3 of 3 workers for final marking
[99.846s][info][gc,ergo     ] GC(241) Collectable Garbage: 485M (95%), Immediate: 485M (95%), CSet: 0B (0%)
[99.846s][info][gc          ] GC(241) Pause Final Mark (unload classes) 0.147ms
[99.847s][info][gc,start    ] GC(241) Concurrent weak references
[99.847s][info][gc,task     ] GC(241) Using 1 of 3 workers for concurrent weak references
[99.847s][info][gc,ref      ] GC(241) Encountered references: Soft: 140, Weak: 735, Final: 0, Phantom: 64
[99.847s][info][gc,ref      ] GC(241) Discovered  references: Soft: 0, Weak: 151, Final: 0, Phantom: 37
[99.847s][info][gc,ref      ] GC(241) Enqueued    references: Soft: 0, Weak: 2, Final: 0, Phantom: 0
[99.847s][info][gc          ] GC(241) Concurrent weak references 0.064ms
[99.847s][info][gc,start    ] GC(241) Concurrent weak roots
[99.847s][info][gc,task     ] GC(241) Using 1 of 3 workers for concurrent weak root
[99.849s][info][gc          ] GC(241) Concurrent weak roots 2.331ms
[99.849s][info][gc,start    ] GC(241) Concurrent cleanup
[99.849s][info][gc          ] GC(241) Concurrent cleanup 524M->39M(2048M) 0.053ms
[99.849s][info][gc,ergo     ] GC(241) Free: 1905M, Max: 1024K regular, 1419M humongous, Frag: 26% external, 0% internal; Reserve: 103M, Max: 1024K
[99.849s][info][gc,start    ] GC(241) Concurrent class unloading
[99.849s][info][gc,task     ] GC(241) Using 1 of 3 workers for concurrent class unloading
[99.852s][info][gc          ] GC(241) Concurrent class unloading 3.183ms
[99.852s][info][gc,start    ] GC(241) Pause Final Roots
[99.852s][info][gc          ] GC(241) Pause Final Roots 0.038ms
[99.852s][info][gc,ergo     ] Free: 1904M, Max: 1024K regular, 1419M humongous, Frag: 26% external, 0% internal; Reserve: 103M, Max: 1024K
[99.852s][info][gc,stats    ] 
[99.852s][info][gc,stats    ] All times are wall-clock times, except per-root-class counters, that are sum over
[99.852s][info][gc,stats    ] all workers. Dividing the <total> over the root stage time estimates parallelism.
[99.852s][info][gc,stats    ] 
[99.852s][info][gc,stats    ] Concurrent Reset                    162 us
[99.853s][info][gc,stats    ] Pause Init Mark (G)                 221 us
[99.853s][info][gc,stats    ] Pause Init Mark (N)                 100 us
[99.853s][info][gc,stats    ]   Update Region States               25 us
[99.853s][info][gc,stats    ] Concurrent Mark Roots               428 us, parallelism: 0.85x
[99.853s][info][gc,stats    ]   CMR: <total>                      362 us
[99.853s][info][gc,stats    ]   CMR: Thread Roots                 317 us, workers (us): 317, ---, ---, 
[99.853s][info][gc,stats    ]   CMR: VM Strong Roots                5 us, workers (us):   5, ---, ---, 
[99.853s][info][gc,stats    ]   CMR: CLDG Roots                    40 us, workers (us):  40, ---, ---, 
[99.853s][info][gc,stats    ] Concurrent Marking                 4054 us
[99.853s][info][gc,stats    ] Pause Final Mark (G)                201 us
[99.853s][info][gc,stats    ] Pause Final Mark (N)                155 us
[99.853s][info][gc,stats    ]   Finish Mark                        35 us
[99.853s][info][gc,stats    ]   Update Region States               28 us
[99.853s][info][gc,stats    ]   Choose Collection Set              27 us
[99.853s][info][gc,stats    ]   Rebuild Free Set                    8 us
[99.853s][info][gc,stats    ] Concurrent Weak References           72 us, parallelism: 0.09x
[99.853s][info][gc,stats    ]   CWRF: <total>                       6 us
[99.853s][info][gc,stats    ]   CWRF: Weak References               6 us, workers (us):   6, ---, ---, 
[99.853s][info][gc,stats    ] Concurrent Weak Roots              2355 us
[99.853s][info][gc,stats    ]   Roots                            2274 us, parallelism: 0.99x
[99.853s][info][gc,stats    ]     CWR: <total>                   2248 us
[99.853s][info][gc,stats    ]     CWR: Code Cache Roots           668 us, workers (us): 668, ---, ---, 
[99.853s][info][gc,stats    ]     CWR: VM Weak Roots             1573 us, workers (us): 1573, ---, ---, 
[99.853s][info][gc,stats    ]     CWR: CLDG Roots                   6 us, workers (us):   6, ---, ---, 
[99.853s][info][gc,stats    ]   Rendezvous                         42 us
[99.853s][info][gc,stats    ] Concurrent Cleanup                   62 us
[99.853s][info][gc,stats    ] Concurrent Class Unloading         3235 us
[99.853s][info][gc,stats    ]   Unlink Stale                     2989 us
[99.853s][info][gc,stats    ]     System Dictionary                 7 us
[99.853s][info][gc,stats    ]     Weak Class Links                  0 us
[99.853s][info][gc,stats    ]     Code Roots                     2980 us
[99.853s][info][gc,stats    ]   Rendezvous                         41 us
[99.853s][info][gc,stats    ]   Purge Unlinked                    137 us
[99.853s][info][gc,stats    ]     Code Roots                      134 us
[99.853s][info][gc,stats    ]     CLDG                              3 us
[99.853s][info][gc,stats    ]     Exception Caches                  0 us
[99.853s][info][gc,stats    ] Pause Final Roots (G)               133 us
[99.853s][info][gc,stats    ] Pause Final Roots (N)                47 us
[99.853s][info][gc,stats    ] 
[99.853s][info][gc,stats    ] Allocation pacing accrued:
[99.853s][info][gc,stats    ]       0 of   452 ms (  0.0%): <total>
[99.853s][info][gc,stats    ]       0 of   452 ms (  0.0%): <average total>
[99.853s][info][gc,stats    ] 
[99.853s][info][gc,metaspace] Metaspace: 14234K(14528K)->14234K(14528K) NonClass: 12329K(12480K)->12329K(12480K) Class: 1905K(2048K)->1905K(2048K)
[99.853s][info][gc,ergo     ] Pacer for Idle. Initial: 41943K, Alloc Tax Rate: 1.0x
[100.266s][info][gc          ] Trigger: Learning 3 of 5. Free (1429M) is below initial threshold (1433M)
[100.266s][info][gc,ergo     ] Free: 1429M, Max: 1024K regular, 1419M humongous, Frag: 1% external, 0% internal; Reserve: 103M, Max: 1024K
[100.266s][info][gc,start    ] GC(242) Concurrent reset
[100.266s][info][gc,task     ] GC(242) Using 1 of 3 workers for concurrent reset
[100.266s][info][gc,ergo     ] GC(242) Pacer for Reset. Non-Taxable: 2048M
[100.266s][info][gc          ] GC(242) Concurrent reset 0.205ms
[100.266s][info][gc,start    ] GC(242) Pause Init Mark (unload classes)
[100.266s][info][gc,task     ] GC(242) Using 3 of 3 workers for init marking
[100.267s][info][gc,ergo     ] GC(242) Pacer for Mark. Expected Live: 4520K, Free: 1429M, Non-Taxable: 142M, Alloc Tax Rate: 0.0x
[100.267s][info][gc          ] GC(242) Pause Init Mark (unload classes) 0.091ms
[100.267s][info][gc,start    ] GC(242) Concurrent marking roots
[100.267s][info][gc,task     ] GC(242) Using 1 of 3 workers for concurrent marking roots
[100.267s][info][gc          ] GC(242) Concurrent marking roots 0.416ms
[100.267s][info][gc,start    ] GC(242) Concurrent marking (unload classes)
[100.267s][info][gc,task     ] GC(242) Using 1 of 3 workers for concurrent marking
[100.271s][info][gc          ] GC(242) Concurrent marking (unload classes) 3.881ms
[100.271s][info][gc,start    ] GC(242) Pause Final Mark (unload classes)
[100.271s][info][gc,task     ] GC(242) Using 3 of 3 workers for final marking
[100.271s][info][gc,ergo     ] GC(242) Collectable Garbage: 485M (94%), Immediate: 485M (94%), CSet: 0B (0%)
[100.271s][info][gc          ] GC(242) Pause Final Mark (unload classes) 0.201ms
[100.271s][info][gc,start    ] GC(242) Concurrent weak references
[100.271s][info][gc,task     ] GC(242) Using 1 of 3 workers for concurrent weak references
[100.271s][info][gc,ref      ] GC(242) Encountered references: Soft: 140, Weak: 733, Final: 0, Phantom: 64
[100.271s][info][gc,ref      ] GC(242) Discovered  references: Soft: 0, Weak: 149, Final: 0, Phantom: 37
[100.271s][info][gc,ref      ] GC(242) Enqueued    references: Soft: 0, Weak: 0, Final: 0, Phantom: 0
[100.271s][info][gc          ] GC(242) Concurrent weak references 0.061ms
[100.271s][info][gc,start    ] GC(242) Concurrent weak roots
[100.271s][info][gc,task     ] GC(242) Using 1 of 3 workers for concurrent weak root
[100.275s][info][gc          ] GC(242) Concurrent weak roots 3.306ms
[100.275s][info][gc,start    ] GC(242) Concurrent cleanup
[100.275s][info][gc          ] GC(242) Concurrent cleanup 527M->42M(2048M) 0.051ms
[100.275s][info][gc,ergo     ] GC(242) Free: 1902M, Max: 1024K regular, 1416M humongous, Frag: 26% external, 0% internal; Reserve: 103M, Max: 1024K
[100.275s][info][gc,start    ] GC(242) Concurrent class unloading
[100.275s][info][gc,task     ] GC(242) Using 1 of 3 workers for concurrent class unloading
[100.278s][info][gc          ] GC(242) Concurrent class unloading 3.191ms
[100.278s][info][gc,start    ] GC(242) Pause Final Roots
[100.278s][info][gc          ] GC(242) Pause Final Roots 0.037ms
[100.278s][info][gc,ergo     ] Free: 1901M, Max: 1024K regular, 1416M humongous, Frag: 26% external, 0% internal; Reserve: 103M, Max: 1024K
[100.278s][info][gc,stats    ] 
[100.278s][info][gc,stats    ] All times are wall-clock times, except per-root-class counters, that are sum over
[100.278s][info][gc,stats    ] all workers. Dividing the <total> over the root stage time estimates parallelism.
[100.278s][info][gc,stats    ] 
[100.278s][info][gc,stats    ] Concurrent Reset                    218 us
[100.278s][info][gc,stats    ] Pause Init Mark (G)                 233 us
[100.278s][info][gc,stats    ] Pause Init Mark (N)                  99 us
[100.278s][info][gc,stats    ]   Update Region States               26 us
[100.278s][info][gc,stats    ] Concurrent Mark Roots               429 us, parallelism: 0.85x
[100.278s][info][gc,stats    ]   CMR: <total>                      363 us
[100.278s][info][gc,stats    ]   CMR: Thread Roots                 321 us, workers (us): 321, ---, ---, 
[100.278s][info][gc,stats    ]   CMR: VM Strong Roots                4 us, workers (us):   4, ---, ---, 
[100.278s][info][gc,stats    ]   CMR: CLDG Roots                    38 us, workers (us):  38, ---, ---, 
[100.278s][info][gc,stats    ] Concurrent Marking                 3932 us
[100.278s][info][gc,stats    ] Pause Final Mark (G)                258 us
[100.278s][info][gc,stats    ] Pause Final Mark (N)                210 us
[100.278s][info][gc,stats    ]   Finish Mark                        38 us
[100.278s][info][gc,stats    ]   Update Region States               28 us
[100.278s][info][gc,stats    ]   Choose Collection Set              28 us
[100.278s][info][gc,stats    ]   Rebuild Free Set                    8 us
[100.278s][info][gc,stats    ] Concurrent Weak References           68 us, parallelism: 0.09x
[100.278s][info][gc,stats    ]   CWRF: <total>                       6 us
[100.278s][info][gc,stats    ]   CWRF: Weak References               6 us, workers (us):   6, ---, ---, 
[100.278s][info][gc,stats    ] Concurrent Weak Roots              3345 us
[100.278s][info][gc,stats    ]   Roots                            3241 us, parallelism: 0.99x
[100.278s][info][gc,stats    ]     CWR: <total>                   3215 us
[100.278s][info][gc,stats    ]     CWR: Code Cache Roots           717 us, workers (us): 717, ---, ---, 
[100.278s][info][gc,stats    ]     CWR: VM Weak Roots             2491 us, workers (us): 2491, ---, ---, 
[100.278s][info][gc,stats    ]     CWR: CLDG Roots                   7 us, workers (us):   7, ---, ---, 
[100.278s][info][gc,stats    ]   Rendezvous                         49 us
[100.278s][info][gc,stats    ] Concurrent Cleanup                   59 us
[100.278s][info][gc,stats    ] Concurrent Class Unloading         3243 us
[100.278s][info][gc,stats    ]   Unlink Stale                     2992 us
[100.278s][info][gc,stats    ]     System Dictionary                 7 us
[100.278s][info][gc,stats    ]     Weak Class Links                  0 us
[100.278s][info][gc,stats    ]     Code Roots                     2982 us
[100.278s][info][gc,stats    ]   Rendezvous                         42 us
[100.278s][info][gc,stats    ]   Purge Unlinked                    138 us
[100.278s][info][gc,stats    ]     Code Roots                      135 us
[100.278s][info][gc,stats    ]     CLDG                              2 us
[100.278s][info][gc,stats    ]     Exception Caches                  0 us
[100.278s][info][gc,stats    ] Pause Final Roots (G)                96 us
[100.278s][info][gc,stats    ] Pause Final Roots (N)                46 us
[100.278s][info][gc,stats    ] 
[100.278s][info][gc,stats    ] Allocation pacing accrued:
[100.278s][info][gc,stats    ]       0 of   426 ms (  0.0%): <total>
[100.278s][info][gc,stats    ]       0 of   426 ms (  0.0%): <average total>
[100.278s][info][gc,stats    ] 
[100.278s][info][gc,metaspace] Metaspace: 14234K(14528K)->14234K(14528K) NonClass: 12329K(12480K)->12329K(12480K) Class: 1905K(2048K)->1905K(2048K)
[100.278s][info][gc,ergo     ] Pacer for Idle. Initial: 41943K, Alloc Tax Rate: 1.0x
[100.685s][info][gc          ] Trigger: Learning 4 of 5. Free (1428M) is below initial threshold (1433M)
[100.685s][info][gc,ergo     ] Free: 1428M, Max: 1024K regular, 1416M humongous, Frag: 1% external, 0% internal; Reserve: 103M, Max: 1024K
[100.685s][info][gc,start    ] GC(243) Concurrent reset
[100.685s][info][gc,task     ] GC(243) Using 1 of 3 workers for concurrent reset
[100.685s][info][gc,ergo     ] GC(243) Pacer for Reset. Non-Taxable: 2048M
[100.685s][info][gc          ] GC(243) Concurrent reset 0.235ms
[100.686s][info][gc,start    ] GC(243) Pause Init Mark (unload classes)
[100.686s][info][gc,task     ] GC(243) Using 3 of 3 workers for init marking
[100.686s][info][gc,ergo     ] GC(243) Pacer for Mark. Expected Live: 4519K, Free: 1428M, Non-Taxable: 142M, Alloc Tax Rate: 0.0x
[100.686s][info][gc          ] GC(243) Pause Init Mark (unload classes) 0.101ms
[100.686s][info][gc,start    ] GC(243) Concurrent marking roots
[100.686s][info][gc,task     ] GC(243) Using 1 of 3 workers for concurrent marking roots
[100.686s][info][gc          ] GC(243) Concurrent marking roots 0.423ms
[100.686s][info][gc,start    ] GC(243) Concurrent marking (unload classes)
[100.686s][info][gc,task     ] GC(243) Using 1 of 3 workers for concurrent marking
[100.690s][info][gc          ] GC(243) Concurrent marking (unload classes) 3.965ms
[100.690s][info][gc,start    ] GC(243) Pause Final Mark (unload classes)
[100.690s][info][gc,task     ] GC(243) Using 3 of 3 workers for final marking
[100.690s][info][gc,ergo     ] GC(243) Collectable Garbage: 483M (94%), Immediate: 483M (94%), CSet: 0B (0%)
[100.690s][info][gc          ] GC(243) Pause Final Mark (unload classes) 0.147ms
[100.690s][info][gc,start    ] GC(243) Concurrent weak references
[100.690s][info][gc,task     ] GC(243) Using 1 of 3 workers for concurrent weak references
[100.690s][info][gc,ref      ] GC(243) Encountered references: Soft: 140, Weak: 733, Final: 0, Phantom: 64
[100.690s][info][gc,ref      ] GC(243) Discovered  references: Soft: 0, Weak: 149, Final: 0, Phantom: 37
[100.690s][info][gc,ref      ] GC(243) Enqueued    references: Soft: 0, Weak: 0, Final: 0, Phantom: 0
[100.690s][info][gc          ] GC(243) Concurrent weak references 0.085ms
[100.690s][info][gc,start    ] GC(243) Concurrent weak roots
[100.690s][info][gc,task     ] GC(243) Using 1 of 3 workers for concurrent weak root
[100.694s][info][gc          ] GC(243) Concurrent weak roots 3.744ms
[100.694s][info][gc,start    ] GC(243) Concurrent cleanup
[100.694s][info][gc          ] GC(243) Concurrent cleanup 529M->45M(2048M) 0.054ms
[100.694s][info][gc,ergo     ] GC(243) Free: 1899M, Max: 1024K regular, 1414M humongous, Frag: 26% external, 0% internal; Reserve: 103M, Max: 1024K
[100.694s][info][gc,start    ] GC(243) Concurrent class unloading
[100.694s][info][gc,task     ] GC(243) Using 1 of 3 workers for concurrent class unloading
[100.698s][info][gc          ] GC(243) Concurrent class unloading 3.185ms
[100.698s][info][gc,start    ] GC(243) Pause Final Roots
[100.698s][info][gc          ] GC(243) Pause Final Roots 0.043ms
[100.698s][info][gc,ergo     ] Free: 1896M, Max: 1024K regular, 1414M humongous, Frag: 26% external, 0% internal; Reserve: 103M, Max: 1024K
[100.698s][info][gc,stats    ] 
[100.698s][info][gc,stats    ] All times are wall-clock times, except per-root-class counters, that are sum over
[100.698s][info][gc,stats    ] all workers. Dividing the <total> over the root stage time estimates parallelism.
[100.698s][info][gc,stats    ] 
[100.698s][info][gc,stats    ] Concurrent Reset                    254 us
[100.698s][info][gc,stats    ] Pause Init Mark (G)                 171 us
[100.698s][info][gc,stats    ] Pause Init Mark (N)                 109 us
[100.698s][info][gc,stats    ]   Update Region States               24 us
[100.698s][info][gc,stats    ] Concurrent Mark Roots               436 us, parallelism: 0.86x
[100.698s][info][gc,stats    ]   CMR: <total>                      376 us
[100.698s][info][gc,stats    ]   CMR: Thread Roots                 328 us, workers (us): 328, ---, ---, 
[100.698s][info][gc,stats    ]   CMR: VM Strong Roots                5 us, workers (us):   5, ---, ---, 
[100.698s][info][gc,stats    ]   CMR: CLDG Roots                    42 us, workers (us):  42, ---, ---, 
[100.698s][info][gc,stats    ] Concurrent Marking                 4017 us
[100.698s][info][gc,stats    ] Pause Final Mark (G)                239 us
[100.698s][info][gc,stats    ] Pause Final Mark (N)                157 us
[100.698s][info][gc,stats    ]   Finish Mark                        33 us
[100.698s][info][gc,stats    ]   Update Region States               29 us
[100.698s][info][gc,stats    ]   Choose Collection Set              45 us
[100.698s][info][gc,stats    ]   Rebuild Free Set                    8 us
[100.698s][info][gc,stats    ] Concurrent Weak References           93 us, parallelism: 0.08x
[100.698s][info][gc,stats    ]   CWRF: <total>                       7 us
[100.698s][info][gc,stats    ]   CWRF: Weak References               7 us, workers (us):   7, ---, ---, 
[100.698s][info][gc,stats    ] Concurrent Weak Roots              3784 us
[100.698s][info][gc,stats    ]   Roots                            3656 us, parallelism: 0.99x
[100.698s][info][gc,stats    ]     CWR: <total>                   3631 us
[100.698s][info][gc,stats    ]     CWR: Code Cache Roots           691 us, workers (us): 691, ---, ---, 
[100.698s][info][gc,stats    ]     CWR: VM Weak Roots             2932 us, workers (us): 2932, ---, ---, 
[100.698s][info][gc,stats    ]     CWR: CLDG Roots                   7 us, workers (us):   7, ---, ---, 
[100.698s][info][gc,stats    ]   Rendezvous                         60 us
[100.698s][info][gc,stats    ] Concurrent Cleanup                   63 us
[100.698s][info][gc,stats    ] Concurrent Class Unloading         3234 us
[100.698s][info][gc,stats    ]   Unlink Stale                     2998 us
[100.698s][info][gc,stats    ]     System Dictionary                 8 us
[100.698s][info][gc,stats    ]     Weak Class Links                  0 us
[100.698s][info][gc,stats    ]     Code Roots                     2988 us
[100.698s][info][gc,stats    ]   Rendezvous                         37 us
[100.698s][info][gc,stats    ]   Purge Unlinked                    133 us
[100.698s][info][gc,stats    ]     Code Roots                      130 us
[100.698s][info][gc,stats    ]     CLDG                              2 us
[100.698s][info][gc,stats    ]     Exception Caches                  0 us
[100.698s][info][gc,stats    ] Pause Final Roots (G)               122 us
[100.698s][info][gc,stats    ] Pause Final Roots (N)                52 us
[100.698s][info][gc,stats    ] 
[100.698s][info][gc,stats    ] Allocation pacing accrued:
[100.698s][info][gc,stats    ]       0 of   420 ms (  0.0%): <total>
[100.698s][info][gc,stats    ]       0 of   420 ms (  0.0%): <average total>
[100.698s][info][gc,stats    ] 
[100.698s][info][gc,metaspace] Metaspace: 14234K(14528K)->14234K(14528K) NonClass: 12329K(12480K)->12329K(12480K) Class: 1905K(2048K)->1905K(2048K)
[100.698s][info][gc,ergo     ] Pacer for Idle. Initial: 41943K, Alloc Tax Rate: 1.0x
[101.106s][info][gc          ] Trigger: Learning 5 of 5. Free (1430M) is below initial threshold (1433M)
[101.106s][info][gc,ergo     ] Free: 1430M, Max: 1024K regular, 1414M humongous, Frag: 2% external, 0% internal; Reserve: 103M, Max: 1024K
[101.106s][info][gc,start    ] GC(244) Concurrent reset
[101.106s][info][gc,task     ] GC(244) Using 1 of 3 workers for concurrent reset
[101.106s][info][gc,ergo     ] GC(244) Pacer for Reset. Non-Taxable: 2048M
[101.106s][info][gc          ] GC(244) Concurrent reset 0.233ms
[101.106s][info][gc,start    ] GC(244) Pause Init Mark (unload classes)
[101.106s][info][gc,task     ] GC(244) Using 3 of 3 workers for init marking
[101.107s][info][gc,ergo     ] GC(244) Pacer for Mark. Expected Live: 4519K, Free: 1430M, Non-Taxable: 143M, Alloc Tax Rate: 0.0x
[101.107s][info][gc          ] GC(244) Pause Init Mark (unload classes) 0.089ms
[101.107s][info][gc,start    ] GC(244) Concurrent marking roots
[101.107s][info][gc,task     ] GC(244) Using 1 of 3 workers for concurrent marking roots
[101.107s][info][gc          ] GC(244) Concurrent marking roots 0.411ms
[101.107s][info][gc,start    ] GC(244) Concurrent marking (unload classes)
[101.107s][info][gc,task     ] GC(244) Using 1 of 3 workers for concurrent marking
[101.111s][info][gc          ] GC(244) Concurrent marking (unload classes) 3.891ms
[101.111s][info][gc,start    ] GC(244) Pause Final Mark (unload classes)
[101.111s][info][gc,task     ] GC(244) Using 3 of 3 workers for final marking
[101.111s][info][gc,ergo     ] GC(244) Collectable Garbage: 481M (94%), Immediate: 481M (94%), CSet: 0B (0%)
[101.111s][info][gc          ] GC(244) Pause Final Mark (unload classes) 0.145ms
[101.111s][info][gc,start    ] GC(244) Concurrent weak references
[101.111s][info][gc,task     ] GC(244) Using 1 of 3 workers for concurrent weak references
[101.111s][info][gc,ref      ] GC(244) Encountered references: Soft: 140, Weak: 731, Final: 0, Phantom: 64
[101.111s][info][gc,ref      ] GC(244) Discovered  references: Soft: 0, Weak: 149, Final: 0, Phantom: 37
[101.111s][info][gc,ref      ] GC(244) Enqueued    references: Soft: 0, Weak: 0, Final: 0, Phantom: 0
[101.111s][info][gc          ] GC(244) Concurrent weak references 0.066ms
[101.111s][info][gc,start    ] GC(244) Concurrent weak roots
[101.111s][info][gc,task     ] GC(244) Using 1 of 3 workers for concurrent weak root
[101.115s][info][gc          ] GC(244) Concurrent weak roots 4.096ms
[101.115s][info][gc,start    ] GC(244) Concurrent cleanup
[101.115s][info][gc          ] GC(244) Concurrent cleanup 524M->42M(2048M) 0.054ms
[101.115s][info][gc,ergo     ] GC(244) Free: 1902M, Max: 1024K regular, 1423M humongous, Frag: 26% external, 0% internal; Reserve: 103M, Max: 1024K
[101.115s][info][gc,start    ] GC(244) Concurrent class unloading
[101.115s][info][gc,task     ] GC(244) Using 1 of 3 workers for concurrent class unloading
[101.119s][info][gc          ] GC(244) Concurrent class unloading 3.339ms
[101.119s][info][gc,start    ] GC(244) Pause Final Roots
[101.119s][info][gc          ] GC(244) Pause Final Roots 0.039ms
[101.119s][info][gc,ergo     ] Free: 1896M, Max: 1024K regular, 1423M humongous, Frag: 25% external, 0% internal; Reserve: 103M, Max: 1024K
[101.119s][info][gc,stats    ] 
[101.119s][info][gc,stats    ] All times are wall-clock times, except per-root-class counters, that are sum over
[101.119s][info][gc,stats    ] all workers. Dividing the <total> over the root stage time estimates parallelism.
[101.119s][info][gc,stats    ] 
[101.119s][info][gc,stats    ] Concurrent Reset                    253 us
[101.119s][info][gc,stats    ] Pause Init Mark (G)                 154 us
[101.119s][info][gc,stats    ] Pause Init Mark (N)                  97 us
[101.119s][info][gc,stats    ]   Update Region States               24 us
[101.119s][info][gc,stats    ] Concurrent Mark Roots               423 us, parallelism: 0.86x
[101.119s][info][gc,stats    ]   CMR: <total>                      363 us
[101.119s][info][gc,stats    ]   CMR: Thread Roots                 318 us, workers (us): 318, ---, ---, 
[101.119s][info][gc,stats    ]   CMR: VM Strong Roots                5 us, workers (us):   5, ---, ---, 
[101.119s][info][gc,stats    ]   CMR: CLDG Roots                    40 us, workers (us):  40, ---, ---, 
[101.119s][info][gc,stats    ] Concurrent Marking                 3924 us
[101.119s][info][gc,stats    ] Pause Final Mark (G)                201 us
[101.119s][info][gc,stats    ] Pause Final Mark (N)                153 us
[101.119s][info][gc,stats    ]   Finish Mark                        33 us
[101.119s][info][gc,stats    ]   Update Region States               26 us
[101.119s][info][gc,stats    ]   Choose Collection Set              27 us
[101.119s][info][gc,stats    ]   Rebuild Free Set                    8 us
[101.119s][info][gc,stats    ] Concurrent Weak References           73 us, parallelism: 0.13x
[101.119s][info][gc,stats    ]   CWRF: <total>                       9 us
[101.119s][info][gc,stats    ]   CWRF: Weak References               9 us, workers (us):   9, ---, ---, 
[101.119s][info][gc,stats    ] Concurrent Weak Roots              4135 us
[101.119s][info][gc,stats    ]   Roots                            4033 us, parallelism: 0.99x
[101.119s][info][gc,stats    ]     CWR: <total>                   4004 us
[101.119s][info][gc,stats    ]     CWR: Code Cache Roots           664 us, workers (us): 664, ---, ---, 
[101.119s][info][gc,stats    ]     CWR: VM Weak Roots             3334 us, workers (us): 3334, ---, ---, 
[101.119s][info][gc,stats    ]     CWR: CLDG Roots                   6 us, workers (us):   6, ---, ---, 
[101.119s][info][gc,stats    ]   Rendezvous                         47 us
[101.119s][info][gc,stats    ] Concurrent Cleanup                   63 us
[101.119s][info][gc,stats    ] Concurrent Class Unloading         3390 us
[101.119s][info][gc,stats    ]   Unlink Stale                     3121 us
[101.119s][info][gc,stats    ]     System Dictionary                 8 us
[101.119s][info][gc,stats    ]     Weak Class Links                  0 us
[101.119s][info][gc,stats    ]     Code Roots                     3111 us
[101.119s][info][gc,stats    ]   Rendezvous                         64 us
[101.119s][info][gc,stats    ]   Purge Unlinked                    138 us
[101.119s][info][gc,stats    ]     Code Roots                      135 us
[101.119s][info][gc,stats    ]     CLDG                              3 us
[101.119s][info][gc,stats    ]     Exception Caches                  0 us
[101.119s][info][gc,stats    ] Pause Final Roots (G)               108 us
[101.119s][info][gc,stats    ] Pause Final Roots (N)                48 us
[101.119s][info][gc,stats    ] 
[101.119s][info][gc,stats    ] Allocation pacing accrued:
[101.119s][info][gc,stats    ]       0 of   421 ms (  0.0%): <total>
[101.119s][info][gc,stats    ]       0 of   421 ms (  0.0%): <average total>
[101.119s][info][gc,stats    ] 
[101.119s][info][gc,metaspace] Metaspace: 14234K(14528K)->14234K(14528K) NonClass: 12329K(12480K)->12329K(12480K) Class: 1905K(2048K)->1905K(2048K)
[101.119s][info][gc,ergo     ] Pacer for Idle. Initial: 41943K, Alloc Tax Rate: 1.0x
[101.312s][info][gc          ] Trigger: Explicit GC request (System.gc())
[101.312s][info][gc,ergo     ] Free: 1743M, Max: 1024K regular, 1423M humongous, Frag: 19% external, 0% internal; Reserve: 103M, Max: 1024K
[101.313s][info][gc,start    ] GC(245) Concurrent reset
[101.313s][info][gc,task     ] GC(245) Using 1 of 3 workers for concurrent reset
[101.313s][info][gc,ergo     ] GC(245) Pacer for Reset. Non-Taxable: 2048M
[101.313s][info][gc          ] GC(245) Concurrent reset 0.508ms
[101.313s][info][gc,start    ] GC(245) Pause Init Mark (unload classes)
[101.313s][info][gc,task     ] GC(245) Using 3 of 3 workers for init marking
[101.313s][info][gc,ref      ] GC(245) Clearing All SoftReferences
[101.313s][info][gc,ergo     ] GC(245) Pacer for Mark. Expected Live: 4512K, Free: 1743M, Non-Taxable: 174M, Alloc Tax Rate: 0.0x
[101.313s][info][gc          ] GC(245) Pause Init Mark (unload classes) 0.297ms
[101.314s][info][gc,start    ] GC(245) Concurrent marking roots
[101.314s][info][gc,task     ] GC(245) Using 1 of 3 workers for concurrent marking roots
[101.314s][info][gc          ] GC(245) Concurrent marking roots 0.852ms
[101.314s][info][gc,start    ] GC(245) Concurrent marking (unload classes)
[101.314s][info][gc,task     ] GC(245) Using 1 of 3 workers for concurrent marking
[101.319s][info][gc          ] GC(245) Concurrent marking (unload classes) 4.258ms
[101.319s][info][gc,start    ] GC(245) Pause Final Mark (unload classes)
[101.319s][info][gc,task     ] GC(245) Using 3 of 3 workers for final marking
[101.319s][info][gc,ergo     ] GC(245) Collectable Garbage: 186M (94%), Immediate: 186M (94%), CSet: 0B (0%)
[101.319s][info][gc          ] GC(245) Pause Final Mark (unload classes) 0.229ms
[101.319s][info][gc,start    ] GC(245) Concurrent weak references
[101.319s][info][gc,task     ] GC(245) Using 1 of 3 workers for concurrent weak references
[101.319s][info][gc,ref      ] GC(245) Encountered references: Soft: 140, Weak: 717, Final: 0, Phantom: 64
[101.319s][info][gc,ref      ] GC(245) Discovered  references: Soft: 88, Weak: 171, Final: 0, Phantom: 62
[101.319s][info][gc,ref      ] GC(245) Enqueued    references: Soft: 3, Weak: 0, Final: 0, Phantom: 0
[101.319s][info][gc          ] GC(245) Concurrent weak references 0.238ms
[101.319s][info][gc,start    ] GC(245) Concurrent weak roots
[101.319s][info][gc,task     ] GC(245) Using 1 of 3 workers for concurrent weak root
[101.323s][info][gc          ] GC(245) Concurrent weak roots 3.720ms
[101.323s][info][gc,start    ] GC(245) Concurrent cleanup
[101.323s][info][gc          ] GC(245) Concurrent cleanup 201M->14M(2048M) 0.056ms
[101.323s][info][gc,ergo     ] GC(245) Free: 1930M, Max: 1024K regular, 1687M humongous, Frag: 13% external, 0% internal; Reserve: 103M, Max: 1024K
[101.323s][info][gc,start    ] GC(245) Concurrent class unloading
[101.323s][info][gc,task     ] GC(245) Using 1 of 3 workers for concurrent class unloading
[101.327s][info][gc          ] GC(245) Concurrent class unloading 3.891ms
[101.327s][info][gc,start    ] GC(245) Pause Final Roots
[101.327s][info][gc          ] GC(245) Pause Final Roots 0.067ms
[101.327s][info][gc,ergo     ] Free: 1930M, Max: 1024K regular, 1687M humongous, Frag: 13% external, 0% internal; Reserve: 103M, Max: 1024K
[101.328s][info][gc,stats    ] 
[101.328s][info][gc,stats    ] All times are wall-clock times, except per-root-class counters, that are sum over
[101.328s][info][gc,stats    ] all workers. Dividing the <total> over the root stage time estimates parallelism.
[101.328s][info][gc,stats    ] 
[101.328s][info][gc,stats    ] Concurrent Reset                    562 us
[101.328s][info][gc,stats    ] Pause Init Mark (G)                 491 us
[101.328s][info][gc,stats    ] Pause Init Mark (N)                 320 us
[101.328s][info][gc,stats    ]   Update Region States              101 us
[101.328s][info][gc,stats    ] Concurrent Mark Roots               875 us, parallelism: 0.77x
[101.328s][info][gc,stats    ]   CMR: <total>                      674 us
[101.328s][info][gc,stats    ]   CMR: Thread Roots                 592 us, workers (us): 592, ---, ---, 
[101.328s][info][gc,stats    ]   CMR: VM Strong Roots               10 us, workers (us):  10, ---, ---, 
[101.328s][info][gc,stats    ]   CMR: CLDG Roots                    72 us, workers (us):  72, ---, ---, 
[101.328s][info][gc,stats    ] Concurrent Marking                 4307 us
[101.328s][info][gc,stats    ] Pause Final Mark (G)                341 us
[101.328s][info][gc,stats    ] Pause Final Mark (N)                239 us
[101.328s][info][gc,stats    ]   Finish Mark                        82 us
[101.328s][info][gc,stats    ]   Update Region States               30 us
[101.328s][info][gc,stats    ]   Choose Collection Set              32 us
[101.328s][info][gc,stats    ]   Rebuild Free Set                    8 us
[101.328s][info][gc,stats    ] Concurrent Weak References          255 us, parallelism: 0.08x
[101.328s][info][gc,stats    ]   CWRF: <total>                      20 us
[101.328s][info][gc,stats    ]   CWRF: Weak References              20 us, workers (us):  20, ---, ---, 
[101.328s][info][gc,stats    ] Concurrent Weak Roots              3788 us
[101.328s][info][gc,stats    ]   Roots                            3560 us, parallelism: 0.97x
[101.328s][info][gc,stats    ]     CWR: <total>                   3460 us
[101.328s][info][gc,stats    ]     CWR: Code Cache Roots           717 us, workers (us): 717, ---, ---, 
[101.328s][info][gc,stats    ]     CWR: VM Weak Roots             2735 us, workers (us): 2735, ---, ---, 
[101.328s][info][gc,stats    ]     CWR: CLDG Roots                   8 us, workers (us):   8, ---, ---, 
[101.328s][info][gc,stats    ]   Rendezvous                        124 us
[101.328s][info][gc,stats    ] Concurrent Cleanup                   75 us
[101.328s][info][gc,stats    ] Concurrent Class Unloading         3942 us
[101.328s][info][gc,stats    ]   Unlink Stale                     3214 us
[101.328s][info][gc,stats    ]     System Dictionary                 8 us
[101.328s][info][gc,stats    ]     Weak Class Links                  0 us
[101.328s][info][gc,stats    ]     Code Roots                     3204 us
[101.328s][info][gc,stats    ]   Rendezvous                        162 us
[101.328s][info][gc,stats    ]   Purge Unlinked                    481 us
[101.328s][info][gc,stats    ]     Code Roots                      466 us
[101.328s][info][gc,stats    ]     CLDG                             13 us
[101.328s][info][gc,stats    ]     Exception Caches                  0 us
[101.328s][info][gc,stats    ] Pause Final Roots (G)               205 us
[101.328s][info][gc,stats    ] Pause Final Roots (N)                86 us
[101.328s][info][gc,stats    ] 
[101.328s][info][gc,stats    ] Allocation pacing accrued:
[101.328s][info][gc,stats    ]       0 of   209 ms (  0.0%): <total>
[101.328s][info][gc,stats    ]       0 of   209 ms (  0.0%): <average total>
[101.328s][info][gc,stats    ] 
[101.328s][info][gc,metaspace] Metaspace: 14234K(14528K)->14235K(14528K) NonClass: 12329K(12480K)->12329K(12480K) Class: 1905K(2048K)->1905K(2048K)
[101.328s][info][gc,ergo     ] Pacer for Idle. Initial: 41943K, Alloc Tax Rate: 1.0x
[101.802s][info][gc          ] Trigger: Learning 2 of 5. Free (1431M) is below initial threshold (1433M)
[101.802s][info][gc,ergo     ] Free: 1431M, Max: 1024K regular, 1430M humongous, Frag: 0% external, 0% internal; Reserve: 103M, Max: 1024K
[101.802s][info][gc,start    ] GC(246) Concurrent reset
[101.802s][info][gc,task     ] GC(246) Using 1 of 3 workers for concurrent reset
[101.802s][info][gc,ergo     ] GC(246) Pacer for Reset. Non-Taxable: 2048M
[101.802s][info][gc          ] GC(246) Concurrent reset 0.168ms
[101.802s][info][gc,start    ] GC(246) Pause Init Mark (unload classes)
[101.803s][info][gc,task     ] GC(246) Using 3 of 3 workers for init marking
[101.803s][info][gc,ergo     ] GC(246) Pacer for Mark. Expected Live: 4512K, Free: 1431M, Non-Taxable: 143M, Alloc Tax Rate: 0.0x
[101.803s][info][gc          ] GC(246) Pause Init Mark (unload classes) 0.066ms
[101.803s][info][gc,start    ] GC(246) Concurrent marking roots
[101.803s][info][gc,task     ] GC(246) Using 1 of 3 workers for concurrent marking roots
[101.803s][info][gc          ] GC(246) Concurrent marking roots 0.455ms
[101.803s][info][gc,start    ] GC(246) Concurrent marking (unload classes)
[101.803s][info][gc,task     ] GC(246) Using 1 of 3 workers for concurrent marking
[101.807s][info][gc          ] GC(246) Concurrent marking (unload classes) 3.923ms
[101.807s][info][gc,start    ] GC(246) Pause Final Mark (unload classes)
[101.807s][info][gc,task     ] GC(246) Using 3 of 3 workers for final marking
[101.807s][info][gc,ergo     ] GC(246) Collectable Garbage: 485M (95%), Immediate: 485M (95%), CSet: 0B (0%)
[101.807s][info][gc          ] GC(246) Pause Final Mark (unload classes) 0.160ms
[101.807s][info][gc,start    ] GC(246) Concurrent weak references
[101.807s][info][gc,task     ] GC(246) Using 1 of 3 workers for concurrent weak references
[101.807s][info][gc,ref      ] GC(246) Encountered references: Soft: 140, Weak: 729, Final: 0, Phantom: 64
[101.807s][info][gc,ref      ] GC(246) Discovered  references: Soft: 0, Weak: 147, Final: 0, Phantom: 37
[101.807s][info][gc,ref      ] GC(246) Enqueued    references: Soft: 0, Weak: 0, Final: 0, Phantom: 0
[101.807s][info][gc          ] GC(246) Concurrent weak references 0.070ms
[101.807s][info][gc,start    ] GC(246) Concurrent weak roots
[101.807s][info][gc,task     ] GC(246) Using 1 of 3 workers for concurrent weak root
[101.812s][info][gc          ] GC(246) Concurrent weak roots 4.838ms
[101.812s][info][gc,start    ] GC(246) Concurrent cleanup
[101.812s][info][gc          ] GC(246) Concurrent cleanup 526M->41M(2048M) 0.054ms
[101.812s][info][gc,ergo     ] GC(246) Free: 1903M, Max: 1024K regular, 1417M humongous, Frag: 26% external, 0% internal; Reserve: 103M, Max: 1024K
[101.812s][info][gc,start    ] GC(246) Concurrent class unloading
[101.812s][info][gc,task     ] GC(246) Using 1 of 3 workers for concurrent class unloading
[101.816s][info][gc          ] GC(246) Concurrent class unloading 3.233ms
[101.816s][info][gc,start    ] GC(246) Pause Final Roots
[101.816s][info][gc          ] GC(246) Pause Final Roots 0.039ms
[101.816s][info][gc,ergo     ] Free: 1898M, Max: 1024K regular, 1417M humongous, Frag: 26% external, 0% internal; Reserve: 103M, Max: 1024K
[101.816s][info][gc,stats    ] 
[101.816s][info][gc,stats    ] All times are wall-clock times, except per-root-class counters, that are sum over
[101.816s][info][gc,stats    ] all workers. Dividing the <total> over the root stage time estimates parallelism.
[101.816s][info][gc,stats    ] 
[101.816s][info][gc,stats    ] Concurrent Reset                    208 us
[101.816s][info][gc,stats    ] Pause Init Mark (G)                 168 us
[101.816s][info][gc,stats    ] Pause Init Mark (N)                  75 us
[101.816s][info][gc,stats    ]   Update Region States               27 us
[101.816s][info][gc,stats    ] Concurrent Mark Roots               469 us, parallelism: 0.82x
[101.816s][info][gc,stats    ]   CMR: <total>                      384 us
[101.816s][info][gc,stats    ]   CMR: Thread Roots                 335 us, workers (us): 335, ---, ---, 
[101.816s][info][gc,stats    ]   CMR: VM Strong Roots                5 us, workers (us):   5, ---, ---, 
[101.816s][info][gc,stats    ]   CMR: CLDG Roots                    45 us, workers (us):  45, ---, ---, 
[101.816s][info][gc,stats    ] Concurrent Marking                 3975 us
[101.816s][info][gc,stats    ] Pause Final Mark (G)                235 us
[101.816s][info][gc,stats    ] Pause Final Mark (N)                169 us
[101.816s][info][gc,stats    ]   Finish Mark                        36 us
[101.816s][info][gc,stats    ]   Update Region States               29 us
[101.816s][info][gc,stats    ]   Choose Collection Set              39 us
[101.816s][info][gc,stats    ]   Rebuild Free Set                    8 us
[101.816s][info][gc,stats    ] Concurrent Weak References           78 us, parallelism: 0.11x
[101.816s][info][gc,stats    ]   CWRF: <total>                       8 us
[101.816s][info][gc,stats    ]   CWRF: Weak References               8 us, workers (us):   8, ---, ---, 
[101.816s][info][gc,stats    ] Concurrent Weak Roots              4886 us
[101.816s][info][gc,stats    ]   Roots                            4768 us, parallelism: 0.99x
[101.816s][info][gc,stats    ]     CWR: <total>                   4743 us
[101.816s][info][gc,stats    ]     CWR: Code Cache Roots           655 us, workers (us): 655, ---, ---, 
[101.816s][info][gc,stats    ]     CWR: VM Weak Roots             4082 us, workers (us): 4082, ---, ---, 
[101.816s][info][gc,stats    ]     CWR: CLDG Roots                   7 us, workers (us):   7, ---, ---, 
[101.816s][info][gc,stats    ]   Rendezvous                         53 us
[101.816s][info][gc,stats    ] Concurrent Cleanup                   63 us
[101.816s][info][gc,stats    ] Concurrent Class Unloading         3283 us
[101.816s][info][gc,stats    ]   Unlink Stale                     3010 us
[101.816s][info][gc,stats    ]     System Dictionary                 8 us
[101.816s][info][gc,stats    ]     Weak Class Links                  0 us
[101.816s][info][gc,stats    ]     Code Roots                     3000 us
[101.816s][info][gc,stats    ]   Rendezvous                         41 us
[101.816s][info][gc,stats    ]   Purge Unlinked                    163 us
[101.816s][info][gc,stats    ]     Code Roots                      158 us
[101.816s][info][gc,stats    ]     CLDG                              4 us
[101.816s][info][gc,stats    ]     Exception Caches                  0 us
[101.816s][info][gc,stats    ] Pause Final Roots (G)                95 us
[101.816s][info][gc,stats    ] Pause Final Roots (N)                48 us
[101.816s][info][gc,stats    ] 
[101.816s][info][gc,stats    ] Allocation pacing accrued:
[101.816s][info][gc,stats    ]       0 of   488 ms (  0.0%): <total>
[101.816s][info][gc,stats    ]       0 of   488 ms (  0.0%): <average total>
[101.816s][info][gc,stats    ] 
[101.816s][info][gc,metaspace] Metaspace: 14235K(14528K)->14235K(14528K) NonClass: 12329K(12480K)->12329K(12480K) Class: 1905K(2048K)->1905K(2048K)
[101.816s][info][gc,ergo     ] Pacer for Idle. Initial: 41943K, Alloc Tax Rate: 1.0x
[102.281s][info][gc          ] Trigger: Learning 3 of 5. Free (1433M) is below initial threshold (1433M)
[102.281s][info][gc,ergo     ] Free: 1433M, Max: 1024K regular, 1417M humongous, Frag: 2% external, 0% internal; Reserve: 103M, Max: 1024K
[102.281s][info][gc,start    ] GC(247) Concurrent reset
[102.281s][info][gc,task     ] GC(247) Using 1 of 3 workers for concurrent reset
[102.281s][info][gc,ergo     ] GC(247) Pacer for Reset. Non-Taxable: 2048M
[102.281s][info][gc          ] GC(247) Concurrent reset 0.180ms
[102.281s][info][gc,start    ] GC(247) Pause Init Mark (unload classes)
[102.281s][info][gc,task     ] GC(247) Using 3 of 3 workers for init marking
[102.281s][info][gc,ergo     ] GC(247) Pacer for Mark. Expected Live: 4512K, Free: 1433M, Non-Taxable: 143M, Alloc Tax Rate: 0.0x
[102.281s][info][gc          ] GC(247) Pause Init Mark (unload classes) 0.086ms
[102.281s][info][gc,start    ] GC(247) Concurrent marking roots
[102.281s][info][gc,task     ] GC(247) Using 1 of 3 workers for concurrent marking roots
[102.282s][info][gc          ] GC(247) Concurrent marking roots 0.410ms
[102.282s][info][gc,start    ] GC(247) Concurrent marking (unload classes)
[102.282s][info][gc,task     ] GC(247) Using 1 of 3 workers for concurrent marking
[102.286s][info][gc          ] GC(247) Concurrent marking (unload classes) 4.285ms
[102.286s][info][gc,start    ] GC(247) Pause Final Mark (unload classes)
[102.286s][info][gc,task     ] GC(247) Using 3 of 3 workers for final marking
[102.286s][info][gc,ergo     ] GC(247) Collectable Garbage: 476M (93%), Immediate: 476M (93%), CSet: 0B (0%)
[102.286s][info][gc          ] GC(247) Pause Final Mark (unload classes) 0.156ms
[102.286s][info][gc,start    ] GC(247) Concurrent weak references
[102.286s][info][gc,task     ] GC(247) Using 1 of 3 workers for concurrent weak references
[102.286s][info][gc,ref      ] GC(247) Encountered references: Soft: 140, Weak: 729, Final: 0, Phantom: 64
[102.286s][info][gc,ref      ] GC(247) Discovered  references: Soft: 0, Weak: 147, Final: 0, Phantom: 37
[102.286s][info][gc,ref      ] GC(247) Enqueued    references: Soft: 0, Weak: 0, Final: 0, Phantom: 0
[102.286s][info][gc          ] GC(247) Concurrent weak references 0.086ms
[102.286s][info][gc,start    ] GC(247) Concurrent weak roots
[102.286s][info][gc,task     ] GC(247) Using 1 of 3 workers for concurrent weak root
[102.288s][info][gc          ] GC(247) Concurrent weak roots 2.014ms
[102.288s][info][gc,start    ] GC(247) Concurrent cleanup
[102.288s][info][gc          ] GC(247) Concurrent cleanup 522M->46M(2048M) 0.050ms
[102.288s][info][gc,ergo     ] GC(247) Free: 1898M, Max: 1024K regular, 1423M humongous, Frag: 25% external, 0% internal; Reserve: 103M, Max: 1024K
[102.288s][info][gc,start    ] GC(247) Concurrent class unloading
[102.288s][info][gc,task     ] GC(247) Using 1 of 3 workers for concurrent class unloading
[102.292s][info][gc          ] GC(247) Concurrent class unloading 3.651ms
[102.292s][info][gc,start    ] GC(247) Pause Final Roots
[102.292s][info][gc          ] GC(247) Pause Final Roots 0.034ms
[102.292s][info][gc,ergo     ] Free: 1896M, Max: 1024K regular, 1423M humongous, Frag: 25% external, 0% internal; Reserve: 103M, Max: 1024K
[102.292s][info][gc,stats    ] 
[102.292s][info][gc,stats    ] All times are wall-clock times, except per-root-class counters, that are sum over
[102.292s][info][gc,stats    ] all workers. Dividing the <total> over the root stage time estimates parallelism.
[102.292s][info][gc,stats    ] 
[102.292s][info][gc,stats    ] Concurrent Reset                    201 us
[102.292s][info][gc,stats    ] Pause Init Mark (G)                 201 us
[102.292s][info][gc,stats    ] Pause Init Mark (N)                  95 us
[102.292s][info][gc,stats    ]   Update Region States               20 us
[102.292s][info][gc,stats    ] Concurrent Mark Roots               427 us, parallelism: 0.83x
[102.292s][info][gc,stats    ]   CMR: <total>                      353 us
[102.292s][info][gc,stats    ]   CMR: Thread Roots                 311 us, workers (us): 311, ---, ---, 
[102.292s][info][gc,stats    ]   CMR: VM Strong Roots                5 us, workers (us):   5, ---, ---, 
[102.292s][info][gc,stats    ]   CMR: CLDG Roots                    37 us, workers (us):  37, ---, ---, 
[102.292s][info][gc,stats    ] Concurrent Marking                 4333 us
[102.292s][info][gc,stats    ] Pause Final Mark (G)                242 us
[102.292s][info][gc,stats    ] Pause Final Mark (N)                165 us
[102.292s][info][gc,stats    ]   Finish Mark                        31 us
[102.292s][info][gc,stats    ]   Update Region States               32 us
[102.292s][info][gc,stats    ]   Choose Collection Set              50 us
[102.292s][info][gc,stats    ]   Rebuild Free Set                    8 us
[102.292s][info][gc,stats    ] Concurrent Weak References           94 us, parallelism: 0.08x
[102.292s][info][gc,stats    ]   CWRF: <total>                       8 us
[102.292s][info][gc,stats    ]   CWRF: Weak References               8 us, workers (us):   8, ---, ---, 
[102.292s][info][gc,stats    ] Concurrent Weak Roots              2060 us
[102.292s][info][gc,stats    ]   Roots                            1667 us, parallelism: 0.98x
[102.293s][info][gc,stats    ]     CWR: <total>                   1635 us
[102.293s][info][gc,stats    ]     CWR: Code Cache Roots           698 us, workers (us): 698, ---, ---, 
[102.293s][info][gc,stats    ]     CWR: VM Weak Roots              930 us, workers (us): 930, ---, ---, 
[102.293s][info][gc,stats    ]     CWR: CLDG Roots                   7 us, workers (us):   7, ---, ---, 
[102.293s][info][gc,stats    ]   Rendezvous                        330 us
[102.293s][info][gc,stats    ] Concurrent Cleanup                   59 us
[102.293s][info][gc,stats    ] Concurrent Class Unloading         3697 us
[102.293s][info][gc,stats    ]   Unlink Stale                     3037 us
[102.293s][info][gc,stats    ]     System Dictionary                 8 us
[102.293s][info][gc,stats    ]     Weak Class Links                  0 us
[102.293s][info][gc,stats    ]     Code Roots                     3027 us
[102.293s][info][gc,stats    ]   Rendezvous                        426 us
[102.293s][info][gc,stats    ]   Purge Unlinked                    170 us
[102.293s][info][gc,stats    ]     Code Roots                      165 us
[102.293s][info][gc,stats    ]     CLDG                              5 us
[102.293s][info][gc,stats    ]     Exception Caches                  0 us
[102.293s][info][gc,stats    ] Pause Final Roots (G)               137 us
[102.293s][info][gc,stats    ] Pause Final Roots (N)                43 us
[102.293s][info][gc,stats    ] 
[102.293s][info][gc,stats    ] Allocation pacing accrued:
[102.293s][info][gc,stats    ]       0 of   477 ms (  0.0%): <total>
[102.293s][info][gc,stats    ]       0 of   477 ms (  0.0%): <average total>
[102.293s][info][gc,stats    ] 
[102.293s][info][gc,metaspace] Metaspace: 14235K(14528K)->14235K(14528K) NonClass: 12329K(12480K)->12329K(12480K) Class: 1905K(2048K)->1905K(2048K)
[102.293s][info][gc,ergo     ] Pacer for Idle. Initial: 41943K, Alloc Tax Rate: 1.0x
[102.736s][info][gc          ] Trigger: Learning 4 of 5. Free (1433M) is below initial threshold (1433M)
[102.736s][info][gc,ergo     ] Free: 1433M, Max: 1024K regular, 1423M humongous, Frag: 1% external, 0% internal; Reserve: 103M, Max: 1024K
[102.736s][info][gc,start    ] GC(248) Concurrent reset
[102.736s][info][gc,task     ] GC(248) Using 1 of 3 workers for concurrent reset
[102.736s][info][gc,ergo     ] GC(248) Pacer for Reset. Non-Taxable: 2048M
[102.736s][info][gc          ] GC(248) Concurrent reset 0.246ms
[102.737s][info][gc,start    ] GC(248) Pause Init Mark (unload classes)
[102.737s][info][gc,task     ] GC(248) Using 3 of 3 workers for init marking
[102.737s][info][gc,ergo     ] GC(248) Pacer for Mark. Expected Live: 4513K, Free: 1433M, Non-Taxable: 143M, Alloc Tax Rate: 0.0x
[102.737s][info][gc          ] GC(248) Pause Init Mark (unload classes) 0.096ms
[102.737s][info][gc,start    ] GC(248) Concurrent marking roots
[102.737s][info][gc,task     ] GC(248) Using 1 of 3 workers for concurrent marking roots
[102.737s][info][gc          ] GC(248) Concurrent marking roots 0.411ms
[102.737s][info][gc,start    ] GC(248) Concurrent marking (unload classes)
[102.737s][info][gc,task     ] GC(248) Using 1 of 3 workers for concurrent marking
[102.741s][info][gc          ] GC(248) Concurrent marking (unload classes) 3.916ms
[102.741s][info][gc,start    ] GC(248) Pause Final Mark (unload classes)
[102.741s][info][gc,task     ] GC(248) Using 3 of 3 workers for final marking
[102.741s][info][gc,ergo     ] GC(248) Collectable Garbage: 477M (94%), Immediate: 477M (94%), CSet: 0B (0%)
[102.741s][info][gc          ] GC(248) Pause Final Mark (unload classes) 0.159ms
[102.741s][info][gc,start    ] GC(248) Concurrent weak references
[102.741s][info][gc,task     ] GC(248) Using 1 of 3 workers for concurrent weak references
[102.741s][info][gc,ref      ] GC(248) Encountered references: Soft: 140, Weak: 729, Final: 0, Phantom: 64
[102.741s][info][gc,ref      ] GC(248) Discovered  references: Soft: 0, Weak: 147, Final: 0, Phantom: 37
[102.741s][info][gc,ref      ] GC(248) Enqueued    references: Soft: 0, Weak: 0, Final: 0, Phantom: 0
[102.741s][info][gc          ] GC(248) Concurrent weak references 0.080ms
[102.742s][info][gc,start    ] GC(248) Concurrent weak roots
[102.742s][info][gc,task     ] GC(248) Using 1 of 3 workers for concurrent weak root
[102.745s][info][gc          ] GC(248) Concurrent weak roots 3.010ms
[102.745s][info][gc,start    ] GC(248) Concurrent cleanup
[102.745s][info][gc          ] GC(248) Concurrent cleanup 524M->47M(2048M) 0.056ms
[102.745s][info][gc,ergo     ] GC(248) Free: 1897M, Max: 1024K regular, 1419M humongous, Frag: 26% external, 0% internal; Reserve: 103M, Max: 1024K
[102.745s][info][gc,start    ] GC(248) Concurrent class unloading
[102.745s][info][gc,task     ] GC(248) Using 1 of 3 workers for concurrent class unloading
[102.748s][info][gc          ] GC(248) Concurrent class unloading 3.215ms
[102.748s][info][gc,start    ] GC(248) Pause Final Roots
[102.748s][info][gc          ] GC(248) Pause Final Roots 0.029ms
[102.748s][info][gc,ergo     ] Free: 1897M, Max: 1024K regular, 1419M humongous, Frag: 26% external, 0% internal; Reserve: 103M, Max: 1024K
[102.748s][info][gc,stats    ] 
[102.748s][info][gc,stats    ] All times are wall-clock times, except per-root-class counters, that are sum over
[102.748s][info][gc,stats    ] all workers. Dividing the <total> over the root stage time estimates parallelism.
[102.748s][info][gc,stats    ] 
[102.748s][info][gc,stats    ] Concurrent Reset                    264 us
[102.748s][info][gc,stats    ] Pause Init Mark (G)                 222 us
[102.748s][info][gc,stats    ] Pause Init Mark (N)                 105 us
[102.748s][info][gc,stats    ]   Update Region States               21 us
[102.748s][info][gc,stats    ] Concurrent Mark Roots               429 us, parallelism: 0.85x
[102.748s][info][gc,stats    ]   CMR: <total>                      364 us
[102.748s][info][gc,stats    ]   CMR: Thread Roots                 321 us, workers (us): 321, ---, ---, 
[102.748s][info][gc,stats    ]   CMR: VM Strong Roots                4 us, workers (us):   4, ---, ---, 
[102.748s][info][gc,stats    ]   CMR: CLDG Roots                    38 us, workers (us):  38, ---, ---, 
[102.748s][info][gc,stats    ] Concurrent Marking                 3953 us
[102.748s][info][gc,stats    ] Pause Final Mark (G)                313 us
[102.748s][info][gc,stats    ] Pause Final Mark (N)                169 us
[102.748s][info][gc,stats    ]   Finish Mark                        34 us
[102.748s][info][gc,stats    ]   Update Region States               28 us
[102.748s][info][gc,stats    ]   Choose Collection Set              33 us
[102.748s][info][gc,stats    ]   Rebuild Free Set                    7 us
[102.748s][info][gc,stats    ] Concurrent Weak References           87 us, parallelism: 0.11x
[102.748s][info][gc,stats    ]   CWRF: <total>                      10 us
[102.748s][info][gc,stats    ]   CWRF: Weak References              10 us, workers (us):  10, ---, ---, 
[102.748s][info][gc,stats    ] Concurrent Weak Roots              3064 us
[102.748s][info][gc,stats    ]   Roots                            2938 us, parallelism: 0.99x
[102.748s][info][gc,stats    ]     CWR: <total>                   2906 us
[102.748s][info][gc,stats    ]     CWR: Code Cache Roots           671 us, workers (us): 671, ---, ---, 
[102.748s][info][gc,stats    ]     CWR: VM Weak Roots             2228 us, workers (us): 2228, ---, ---, 
[102.748s][info][gc,stats    ]     CWR: CLDG Roots                   7 us, workers (us):   7, ---, ---, 
[102.748s][info][gc,stats    ]   Rendezvous                         54 us
[102.748s][info][gc,stats    ] Concurrent Cleanup                   65 us
[102.748s][info][gc,stats    ] Concurrent Class Unloading         3261 us
[102.748s][info][gc,stats    ]   Unlink Stale                     2997 us
[102.748s][info][gc,stats    ]     System Dictionary                10 us
[102.748s][info][gc,stats    ]     Weak Class Links                  0 us
[102.748s][info][gc,stats    ]     Code Roots                     2985 us
[102.748s][info][gc,stats    ]   Rendezvous                         50 us
[102.748s][info][gc,stats    ]   Purge Unlinked                    138 us
[102.748s][info][gc,stats    ]     Code Roots                      134 us
[102.748s][info][gc,stats    ]     CLDG                              3 us
[102.748s][info][gc,stats    ]     Exception Caches                  0 us
[102.748s][info][gc,stats    ] Pause Final Roots (G)                87 us
[102.748s][info][gc,stats    ] Pause Final Roots (N)                38 us
[102.748s][info][gc,stats    ] 
[102.748s][info][gc,stats    ] Allocation pacing accrued:
[102.748s][info][gc,stats    ]       0 of   456 ms (  0.0%): <total>
[102.748s][info][gc,stats    ]       0 of   456 ms (  0.0%): <average total>
[102.748s][info][gc,stats    ] 
[102.748s][info][gc,metaspace] Metaspace: 14235K(14528K)->14235K(14528K) NonClass: 12329K(12480K)->12329K(12480K) Class: 1905K(2048K)->1905K(2048K)
[102.748s][info][gc,ergo     ] Pacer for Idle. Initial: 41943K, Alloc Tax Rate: 1.0x
[103.187s][info][gc          ] Trigger: Learning 5 of 5. Free (1432M) is below initial threshold (1433M)
[103.187s][info][gc,ergo     ] Free: 1432M, Max: 1024K regular, 1419M humongous, Frag: 1% external, 0% internal; Reserve: 103M, Max: 1024K
[103.187s][info][gc,start    ] GC(249) Concurrent reset
[103.187s][info][gc,task     ] GC(249) Using 1 of 3 workers for concurrent reset
[103.187s][info][gc,ergo     ] GC(249) Pacer for Reset. Non-Taxable: 2048M
[103.187s][info][gc          ] GC(249) Concurrent reset 0.231ms
[103.188s][info][gc,start    ] GC(249) Pause Init Mark (unload classes)
[103.188s][info][gc,task     ] GC(249) Using 3 of 3 workers for init marking
[103.188s][info][gc,ergo     ] GC(249) Pacer for Mark. Expected Live: 4513K, Free: 1432M, Non-Taxable: 143M, Alloc Tax Rate: 0.0x
[103.188s][info][gc          ] GC(249) Pause Init Mark (unload classes) 0.068ms
[103.188s][info][gc,start    ] GC(249) Concurrent marking roots
[103.188s][info][gc,task     ] GC(249) Using 1 of 3 workers for concurrent marking roots
[103.188s][info][gc          ] GC(249) Concurrent marking roots 0.421ms
[103.188s][info][gc,start    ] GC(249) Concurrent marking (unload classes)
[103.188s][info][gc,task     ] GC(249) Using 1 of 3 workers for concurrent marking
[103.192s][info][gc          ] GC(249) Concurrent marking (unload classes) 3.872ms
[103.192s][info][gc,start    ] GC(249) Pause Final Mark (unload classes)
[103.192s][info][gc,task     ] GC(249) Using 3 of 3 workers for final marking
[103.192s][info][gc,ergo     ] GC(249) Collectable Garbage: 475M (93%), Immediate: 475M (93%), CSet: 0B (0%)
[103.192s][info][gc          ] GC(249) Pause Final Mark (unload classes) 0.143ms
[103.192s][info][gc,start    ] GC(249) Concurrent weak references
[103.192s][info][gc,task     ] GC(249) Using 1 of 3 workers for concurrent weak references
[103.192s][info][gc,ref      ] GC(249) Encountered references: Soft: 140, Weak: 727, Final: 0, Phantom: 64
[103.192s][info][gc,ref      ] GC(249) Discovered  references: Soft: 0, Weak: 147, Final: 0, Phantom: 37
[103.192s][info][gc,ref      ] GC(249) Enqueued    references: Soft: 0, Weak: 0, Final: 0, Phantom: 0
[103.192s][info][gc          ] GC(249) Concurrent weak references 0.071ms
[103.192s][info][gc,start    ] GC(249) Concurrent weak roots
[103.192s][info][gc,task     ] GC(249) Using 1 of 3 workers for concurrent weak root
[103.196s][info][gc          ] GC(249) Concurrent weak roots 3.503ms
[103.196s][info][gc,start    ] GC(249) Concurrent cleanup
[103.196s][info][gc          ] GC(249) Concurrent cleanup 522M->46M(2048M) 0.051ms
[103.196s][info][gc,ergo     ] GC(249) Free: 1898M, Max: 1024K regular, 1423M humongous, Frag: 25% external, 0% internal; Reserve: 103M, Max: 1024K
[103.196s][info][gc,start    ] GC(249) Concurrent class unloading
[103.196s][info][gc,task     ] GC(249) Using 1 of 3 workers for concurrent class unloading
[103.199s][info][gc          ] GC(249) Concurrent class unloading 3.096ms
[103.199s][info][gc,start    ] GC(249) Pause Final Roots
[103.199s][info][gc          ] GC(249) Pause Final Roots 0.043ms
[103.199s][info][gc,ergo     ] Free: 1895M, Max: 1024K regular, 1423M humongous, Frag: 25% external, 0% internal; Reserve: 103M, Max: 1024K
[103.199s][info][gc,stats    ] 
[103.199s][info][gc,stats    ] All times are wall-clock times, except per-root-class counters, that are sum over
[103.199s][info][gc,stats    ] all workers. Dividing the <total> over the root stage time estimates parallelism.
[103.199s][info][gc,stats    ] 
[103.199s][info][gc,stats    ] Concurrent Reset                    271 us
[103.199s][info][gc,stats    ] Pause Init Mark (G)                 134 us
[103.199s][info][gc,stats    ] Pause Init Mark (N)                  76 us
[103.199s][info][gc,stats    ]   Update Region States               23 us
[103.199s][info][gc,stats    ] Concurrent Mark Roots               435 us, parallelism: 0.85x
[103.199s][info][gc,stats    ]   CMR: <total>                      371 us
[103.199s][info][gc,stats    ]   CMR: Thread Roots                 330 us, workers (us): 330, ---, ---, 
[103.199s][info][gc,stats    ]   CMR: VM Strong Roots                4 us, workers (us):   4, ---, ---, 
[103.199s][info][gc,stats    ]   CMR: CLDG Roots                    37 us, workers (us):  37, ---, ---, 
[103.199s][info][gc,stats    ] Concurrent Marking                 3909 us
[103.199s][info][gc,stats    ] Pause Final Mark (G)                208 us
[103.199s][info][gc,stats    ] Pause Final Mark (N)                151 us
[103.199s][info][gc,stats    ]   Finish Mark                        32 us
[103.199s][info][gc,stats    ]   Update Region States               27 us
[103.199s][info][gc,stats    ]   Choose Collection Set              25 us
[103.199s][info][gc,stats    ]   Rebuild Free Set                    7 us
[103.199s][info][gc,stats    ] Concurrent Weak References           79 us, parallelism: 0.12x
[103.199s][info][gc,stats    ]   CWRF: <total>                       9 us
[103.199s][info][gc,stats    ]   CWRF: Weak References               9 us, workers (us):   9, ---, ---, 
[103.199s][info][gc,stats    ] Concurrent Weak Roots              3542 us
[103.199s][info][gc,stats    ]   Roots                            3432 us, parallelism: 0.99x
[103.199s][info][gc,stats    ]     CWR: <total>                   3402 us
[103.199s][info][gc,stats    ]     CWR: Code Cache Roots           659 us, workers (us): 659, ---, ---, 
[103.199s][info][gc,stats    ]     CWR: VM Weak Roots             2737 us, workers (us): 2737, ---, ---, 
[103.199s][info][gc,stats    ]     CWR: CLDG Roots                   6 us, workers (us):   6, ---, ---, 
[103.199s][info][gc,stats    ]   Rendezvous                         54 us
[103.199s][info][gc,stats    ] Concurrent Cleanup                   60 us
[103.199s][info][gc,stats    ] Concurrent Class Unloading         3126 us
[103.199s][info][gc,stats    ]   Unlink Stale                     2901 us
[103.199s][info][gc,stats    ]     System Dictionary                 8 us
[103.199s][info][gc,stats    ]     Weak Class Links                  0 us
[103.199s][info][gc,stats    ]     Code Roots                     2892 us
[103.199s][info][gc,stats    ]   Rendezvous                         49 us
[103.199s][info][gc,stats    ]   Purge Unlinked                    128 us
[103.199s][info][gc,stats    ]     Code Roots                      124 us
[103.199s][info][gc,stats    ]     CLDG                              4 us
[103.199s][info][gc,stats    ]     Exception Caches                  0 us
[103.199s][info][gc,stats    ] Pause Final Roots (G)               105 us
[103.199s][info][gc,stats    ] Pause Final Roots (N)                52 us
[103.199s][info][gc,stats    ] 
[103.199s][info][gc,stats    ] Allocation pacing accrued:
[103.199s][info][gc,stats    ]       0 of   451 ms (  0.0%): <total>
[103.199s][info][gc,stats    ]       0 of   451 ms (  0.0%): <average total>
[103.199s][info][gc,stats    ] 
[103.199s][info][gc,metaspace] Metaspace: 14235K(14528K)->14235K(14528K) NonClass: 12329K(12480K)->12329K(12480K) Class: 1905K(2048K)->1905K(2048K)
[103.199s][info][gc,ergo     ] Pacer for Idle. Initial: 41943K, Alloc Tax Rate: 1.0x
[103.377s][info][gc          ] Trigger: Explicit GC request (System.gc())
[103.377s][info][gc,ergo     ] Free: 1793M, Max: 1024K regular, 1423M humongous, Frag: 21% external, 0% internal; Reserve: 103M, Max: 1024K
[103.377s][info][gc,start    ] GC(250) Concurrent reset
[103.377s][info][gc,task     ] GC(250) Using 1 of 3 workers for concurrent reset
[103.377s][info][gc,ergo     ] GC(250) Pacer for Reset. Non-Taxable: 2048M
[103.377s][info][gc          ] GC(250) Concurrent reset 0.597ms
[103.377s][info][gc,start    ] GC(250) Pause Init Mark (unload classes)
[103.378s][info][gc,task     ] GC(250) Using 3 of 3 workers for init marking
[103.378s][info][gc,ref      ] GC(250) Clearing All SoftReferences
[103.378s][info][gc,ergo     ] GC(250) Pacer for Mark. Expected Live: 4514K, Free: 1793M, Non-Taxable: 179M, Alloc Tax Rate: 0.0x
[103.378s][info][gc          ] GC(250) Pause Init Mark (unload classes) 0.272ms
[103.378s][info][gc,start    ] GC(250) Concurrent marking roots
[103.378s][info][gc,task     ] GC(250) Using 1 of 3 workers for concurrent marking roots
[103.378s][info][gc          ] GC(250) Concurrent marking roots 0.483ms
[103.378s][info][gc,start    ] GC(250) Concurrent marking (unload classes)
[103.378s][info][gc,task     ] GC(250) Using 1 of 3 workers for concurrent marking
[103.383s][info][gc          ] GC(250) Concurrent marking (unload classes) 4.307ms
[103.383s][info][gc,start    ] GC(250) Pause Final Mark (unload classes)
[103.383s][info][gc,task     ] GC(250) Using 3 of 3 workers for final marking
[103.383s][info][gc,ergo     ] GC(250) Collectable Garbage: 135M (92%), Immediate: 135M (92%), CSet: 0B (0%)
[103.383s][info][gc          ] GC(250) Pause Final Mark (unload classes) 0.391ms
[103.383s][info][gc,start    ] GC(250) Concurrent weak references
[103.383s][info][gc,task     ] GC(250) Using 1 of 3 workers for concurrent weak references
[103.383s][info][gc,ref      ] GC(250) Encountered references: Soft: 140, Weak: 713, Final: 0, Phantom: 64
[103.383s][info][gc,ref      ] GC(250) Discovered  references: Soft: 88, Weak: 169, Final: 0, Phantom: 62
[103.383s][info][gc,ref      ] GC(250) Enqueued    references: Soft: 3, Weak: 0, Final: 0, Phantom: 0
[103.383s][info][gc          ] GC(250) Concurrent weak references 0.153ms
[103.383s][info][gc,start    ] GC(250) Concurrent weak roots
[103.383s][info][gc,task     ] GC(250) Using 1 of 3 workers for concurrent weak root
[103.386s][info][gc          ] GC(250) Concurrent weak roots 2.803ms
[103.386s][info][gc,start    ] GC(250) Concurrent cleanup
[103.386s][info][gc          ] GC(250) Concurrent cleanup 151M->15M(2048M) 0.062ms
[103.386s][info][gc,ergo     ] GC(250) Free: 1929M, Max: 1024K regular, 1687M humongous, Frag: 13% external, 0% internal; Reserve: 103M, Max: 1024K
[103.386s][info][gc,start    ] GC(250) Concurrent class unloading
[103.386s][info][gc,task     ] GC(250) Using 1 of 3 workers for concurrent class unloading
[103.390s][info][gc          ] GC(250) Concurrent class unloading 3.877ms
[103.390s][info][gc,start    ] GC(250) Pause Final Roots
[103.390s][info][gc          ] GC(250) Pause Final Roots 0.056ms
[103.390s][info][gc,ergo     ] Free: 1929M, Max: 1024K regular, 1687M humongous, Frag: 13% external, 0% internal; Reserve: 103M, Max: 1024K
[103.391s][info][gc,stats    ] 
[103.391s][info][gc,stats    ] All times are wall-clock times, except per-root-class counters, that are sum over
[103.391s][info][gc,stats    ] all workers. Dividing the <total> over the root stage time estimates parallelism.
[103.391s][info][gc,stats    ] 
[103.391s][info][gc,stats    ] Concurrent Reset                    650 us
[103.391s][info][gc,stats    ] Pause Init Mark (G)                 402 us
[103.391s][info][gc,stats    ] Pause Init Mark (N)                 295 us
[103.391s][info][gc,stats    ]   Update Region States              104 us
[103.391s][info][gc,stats    ] Concurrent Mark Roots               500 us, parallelism: 0.80x
[103.391s][info][gc,stats    ]   CMR: <total>                      399 us
[103.391s][info][gc,stats    ]   CMR: Thread Roots                 330 us, workers (us): 330, ---, ---, 
[103.391s][info][gc,stats    ]   CMR: VM Strong Roots                7 us, workers (us):   7, ---, ---, 
[103.391s][info][gc,stats    ]   CMR: CLDG Roots                    62 us, workers (us):  62, ---, ---, 
[103.391s][info][gc,stats    ] Concurrent Marking                 4370 us
[103.391s][info][gc,stats    ] Pause Final Mark (G)                538 us
[103.391s][info][gc,stats    ] Pause Final Mark (N)                416 us
[103.391s][info][gc,stats    ]   Finish Mark                       141 us
[103.391s][info][gc,stats    ]   Update Region States               76 us
[103.391s][info][gc,stats    ]   Choose Collection Set              72 us
[103.391s][info][gc,stats    ]   Rebuild Free Set                   22 us
[103.391s][info][gc,stats    ] Concurrent Weak References          169 us, parallelism: 0.04x
[103.391s][info][gc,stats    ]   CWRF: <total>                       7 us
[103.391s][info][gc,stats    ]   CWRF: Weak References               7 us, workers (us):   7, ---, ---, 
[103.391s][info][gc,stats    ] Concurrent Weak Roots              2852 us
[103.391s][info][gc,stats    ]   Roots                            2603 us, parallelism: 0.90x
[103.391s][info][gc,stats    ]     CWR: <total>                   2340 us
[103.391s][info][gc,stats    ]     CWR: Code Cache Roots           604 us, workers (us): 604, ---, ---, 
[103.391s][info][gc,stats    ]     CWR: VM Weak Roots             1729 us, workers (us): 1729, ---, ---, 
[103.391s][info][gc,stats    ]     CWR: CLDG Roots                   7 us, workers (us):   7, ---, ---, 
[103.391s][info][gc,stats    ]   Rendezvous                        166 us
[103.391s][info][gc,stats    ] Concurrent Cleanup                   85 us
[103.391s][info][gc,stats    ] Concurrent Class Unloading         3938 us
[103.391s][info][gc,stats    ]   Unlink Stale                     3543 us
[103.391s][info][gc,stats    ]     System Dictionary                 9 us
[103.391s][info][gc,stats    ]     Weak Class Links                  0 us
[103.391s][info][gc,stats    ]     Code Roots                     3531 us
[103.391s][info][gc,stats    ]   Rendezvous                        139 us
[103.391s][info][gc,stats    ]   Purge Unlinked                    152 us
[103.391s][info][gc,stats    ]     Code Roots                      142 us
[103.391s][info][gc,stats    ]     CLDG                              9 us
[103.391s][info][gc,stats    ]     Exception Caches                  0 us
[103.391s][info][gc,stats    ] Pause Final Roots (G)               172 us
[103.391s][info][gc,stats    ] Pause Final Roots (N)                75 us
[103.391s][info][gc,stats    ] 
[103.391s][info][gc,stats    ] Allocation pacing accrued:
[103.391s][info][gc,stats    ]       0 of   191 ms (  0.0%): <total>
[103.391s][info][gc,stats    ]       0 of   191 ms (  0.0%): <average total>
[103.391s][info][gc,stats    ] 
[103.391s][info][gc,metaspace] Metaspace: 14235K(14528K)->14235K(14528K) NonClass: 12329K(12480K)->12329K(12480K) Class: 1905K(2048K)->1905K(2048K)
[103.391s][info][gc,ergo     ] Pacer for Idle. Initial: 41943K, Alloc Tax Rate: 1.0x
[103.825s][info][gc          ] Trigger: Learning 2 of 5. Free (1433M) is below initial threshold (1433M)
[103.825s][info][gc,ergo     ] Free: 1433M, Max: 1024K regular, 1432M humongous, Frag: 0% external, 0% internal; Reserve: 103M, Max: 1024K
[103.825s][info][gc,start    ] GC(251) Concurrent reset
[103.825s][info][gc,task     ] GC(251) Using 1 of 3 workers for concurrent reset
[103.825s][info][gc,ergo     ] GC(251) Pacer for Reset. Non-Taxable: 2048M
[103.826s][info][gc          ] GC(251) Concurrent reset 0.165ms
[103.826s][info][gc,start    ] GC(251) Pause Init Mark (unload classes)
[103.826s][info][gc,task     ] GC(251) Using 3 of 3 workers for init marking
[103.826s][info][gc,ergo     ] GC(251) Pacer for Mark. Expected Live: 4514K, Free: 1432M, Non-Taxable: 143M, Alloc Tax Rate: 0.0x
[103.826s][info][gc          ] GC(251) Pause Init Mark (unload classes) 0.093ms
[103.826s][info][gc,start    ] GC(251) Concurrent marking roots
[103.826s][info][gc,task     ] GC(251) Using 1 of 3 workers for concurrent marking roots
[103.826s][info][gc          ] GC(251) Concurrent marking roots 0.442ms
[103.826s][info][gc,start    ] GC(251) Concurrent marking (unload classes)
[103.826s][info][gc,task     ] GC(251) Using 1 of 3 workers for concurrent marking
[103.830s][info][gc          ] GC(251) Concurrent marking (unload classes) 3.878ms
[103.830s][info][gc,start    ] GC(251) Pause Final Mark (unload classes)
[103.830s][info][gc,task     ] GC(251) Using 3 of 3 workers for final marking
[103.830s][info][gc,ergo     ] GC(251) Collectable Garbage: 482M (94%), Immediate: 482M (94%), CSet: 0B (0%)
[103.830s][info][gc          ] GC(251) Pause Final Mark (unload classes) 0.277ms
[103.830s][info][gc,start    ] GC(251) Concurrent weak references
[103.831s][info][gc,task     ] GC(251) Using 1 of 3 workers for concurrent weak references
[103.831s][info][gc,ref      ] GC(251) Encountered references: Soft: 140, Weak: 735, Final: 0, Phantom: 64
[103.831s][info][gc,ref      ] GC(251) Discovered  references: Soft: 0, Weak: 151, Final: 0, Phantom: 37
[103.831s][info][gc,ref      ] GC(251) Enqueued    references: Soft: 0, Weak: 2, Final: 0, Phantom: 0
[103.831s][info][gc          ] GC(251) Concurrent weak references 0.073ms
[103.831s][info][gc,start    ] GC(251) Concurrent weak roots
[103.831s][info][gc,task     ] GC(251) Using 1 of 3 workers for concurrent weak root
[103.835s][info][gc          ] GC(251) Concurrent weak roots 4.095ms
[103.835s][info][gc,start    ] GC(251) Concurrent cleanup
[103.835s][info][gc          ] GC(251) Concurrent cleanup 525M->43M(2048M) 0.052ms
[103.835s][info][gc,ergo     ] GC(251) Free: 1901M, Max: 1024K regular, 1418M humongous, Frag: 26% external, 0% internal; Reserve: 103M, Max: 1024K
[103.835s][info][gc,start    ] GC(251) Concurrent class unloading
[103.835s][info][gc,task     ] GC(251) Using 1 of 3 workers for concurrent class unloading
[103.838s][info][gc          ] GC(251) Concurrent class unloading 3.233ms
[103.838s][info][gc,start    ] GC(251) Pause Final Roots
[103.838s][info][gc          ] GC(251) Pause Final Roots 0.038ms
[103.838s][info][gc,ergo     ] Free: 1898M, Max: 1024K regular, 1418M humongous, Frag: 26% external, 0% internal; Reserve: 103M, Max: 1024K
[103.838s][info][gc,stats    ] 
[103.838s][info][gc,stats    ] All times are wall-clock times, except per-root-class counters, that are sum over
[103.838s][info][gc,stats    ] all workers. Dividing the <total> over the root stage time estimates parallelism.
[103.838s][info][gc,stats    ] 
[103.838s][info][gc,stats    ] Concurrent Reset                    177 us
[103.838s][info][gc,stats    ] Pause Init Mark (G)                 207 us
[103.838s][info][gc,stats    ] Pause Init Mark (N)                 101 us
[103.838s][info][gc,stats    ]   Update Region States               28 us
[103.838s][info][gc,stats    ] Concurrent Mark Roots               461 us, parallelism: 0.86x
[103.838s][info][gc,stats    ]   CMR: <total>                      397 us
[103.838s][info][gc,stats    ]   CMR: Thread Roots                 356 us, workers (us): 356, ---, ---, 
[103.838s][info][gc,stats    ]   CMR: VM Strong Roots                5 us, workers (us):   5, ---, ---, 
[103.838s][info][gc,stats    ]   CMR: CLDG Roots                    36 us, workers (us):  36, ---, ---, 
[103.838s][info][gc,stats    ] Concurrent Marking                 3928 us
[103.838s][info][gc,stats    ] Pause Final Mark (G)                350 us
[103.838s][info][gc,stats    ] Pause Final Mark (N)                286 us
[103.838s][info][gc,stats    ]   Finish Mark                        36 us
[103.838s][info][gc,stats    ]   Update Region States               30 us
[103.838s][info][gc,stats    ]   Choose Collection Set              35 us
[103.838s][info][gc,stats    ]   Rebuild Free Set                    8 us
[103.838s][info][gc,stats    ] Concurrent Weak References           80 us, parallelism: 0.09x
[103.838s][info][gc,stats    ]   CWRF: <total>                       7 us
[103.838s][info][gc,stats    ]   CWRF: Weak References               7 us, workers (us):   7, ---, ---, 
[103.838s][info][gc,stats    ] Concurrent Weak Roots              4135 us
[103.838s][info][gc,stats    ]   Roots                            4025 us, parallelism: 0.99x
[103.838s][info][gc,stats    ]     CWR: <total>                   4001 us
[103.838s][info][gc,stats    ]     CWR: Code Cache Roots           663 us, workers (us): 663, ---, ---, 
[103.838s][info][gc,stats    ]     CWR: VM Weak Roots             3330 us, workers (us): 3330, ---, ---, 
[103.838s][info][gc,stats    ]     CWR: CLDG Roots                   8 us, workers (us):   8, ---, ---, 
[103.838s][info][gc,stats    ]   Rendezvous                         53 us
[103.838s][info][gc,stats    ] Concurrent Cleanup                   61 us
[103.838s][info][gc,stats    ] Concurrent Class Unloading         3285 us
[103.838s][info][gc,stats    ]   Unlink Stale                     3008 us
[103.838s][info][gc,stats    ]     System Dictionary                 7 us
[103.838s][info][gc,stats    ]     Weak Class Links                  0 us
[103.838s][info][gc,stats    ]     Code Roots                     2999 us
[103.839s][info][gc,stats    ]   Rendezvous                         46 us
[103.839s][info][gc,stats    ]   Purge Unlinked                    161 us
[103.839s][info][gc,stats    ]     Code Roots                      157 us
[103.839s][info][gc,stats    ]     CLDG                              3 us
[103.839s][info][gc,stats    ]     Exception Caches                  0 us
[103.839s][info][gc,stats    ] Pause Final Roots (G)               109 us
[103.839s][info][gc,stats    ] Pause Final Roots (N)                47 us
[103.839s][info][gc,stats    ] 
[103.839s][info][gc,stats    ] Allocation pacing accrued:
[103.839s][info][gc,stats    ]       0 of   448 ms (  0.0%): <total>
[103.839s][info][gc,stats    ]       0 of   448 ms (  0.0%): <average total>
[103.839s][info][gc,stats    ] 
[103.839s][info][gc,metaspace] Metaspace: 14236K(14528K)->14236K(14528K) NonClass: 12331K(12480K)->12331K(12480K) Class: 1905K(2048K)->1905K(2048K)
[103.839s][info][gc,ergo     ] Pacer for Idle. Initial: 41943K, Alloc Tax Rate: 1.0x
[104.249s][info][gc          ] Trigger: Learning 3 of 5. Free (1430M) is below initial threshold (1433M)
[104.249s][info][gc,ergo     ] Free: 1430M, Max: 1024K regular, 1418M humongous, Frag: 1% external, 0% internal; Reserve: 103M, Max: 1024K
[104.249s][info][gc,start    ] GC(252) Concurrent reset
[104.249s][info][gc,task     ] GC(252) Using 1 of 3 workers for concurrent reset
[104.249s][info][gc,ergo     ] GC(252) Pacer for Reset. Non-Taxable: 2048M
[104.249s][info][gc          ] GC(252) Concurrent reset 0.226ms
[104.249s][info][gc,start    ] GC(252) Pause Init Mark (unload classes)
[104.249s][info][gc,task     ] GC(252) Using 3 of 3 workers for init marking
[104.249s][info][gc,ergo     ] GC(252) Pacer for Mark. Expected Live: 4514K, Free: 1430M, Non-Taxable: 143M, Alloc Tax Rate: 0.0x
[104.249s][info][gc          ] GC(252) Pause Init Mark (unload classes) 0.093ms
[104.249s][info][gc,start    ] GC(252) Concurrent marking roots
[104.249s][info][gc,task     ] GC(252) Using 1 of 3 workers for concurrent marking roots
[104.250s][info][gc          ] GC(252) Concurrent marking roots 0.417ms
[104.250s][info][gc,start    ] GC(252) Concurrent marking (unload classes)
[104.250s][info][gc,task     ] GC(252) Using 1 of 3 workers for concurrent marking
[104.254s][info][gc          ] GC(252) Concurrent marking (unload classes) 3.892ms
[104.254s][info][gc,start    ] GC(252) Pause Final Mark (unload classes)
[104.254s][info][gc,task     ] GC(252) Using 3 of 3 workers for final marking
[104.254s][info][gc,ergo     ] GC(252) Collectable Garbage: 482M (94%), Immediate: 482M (94%), CSet: 0B (0%)
[104.254s][info][gc          ] GC(252) Pause Final Mark (unload classes) 0.158ms
[104.254s][info][gc,start    ] GC(252) Concurrent weak references
[104.254s][info][gc,task     ] GC(252) Using 1 of 3 workers for concurrent weak references
[104.254s][info][gc,ref      ] GC(252) Encountered references: Soft: 140, Weak: 733, Final: 0, Phantom: 64
[104.254s][info][gc,ref      ] GC(252) Discovered  references: Soft: 0, Weak: 149, Final: 0, Phantom: 37
[104.254s][info][gc,ref      ] GC(252) Enqueued    references: Soft: 0, Weak: 0, Final: 0, Phantom: 0
[104.254s][info][gc          ] GC(252) Concurrent weak references 0.056ms
[104.254s][info][gc,start    ] GC(252) Concurrent weak roots
[104.254s][info][gc,task     ] GC(252) Using 1 of 3 workers for concurrent weak root
[104.259s][info][gc          ] GC(252) Concurrent weak roots 4.668ms
[104.259s][info][gc,start    ] GC(252) Concurrent cleanup
[104.259s][info][gc          ] GC(252) Concurrent cleanup 527M->45M(2048M) 0.054ms
[104.259s][info][gc,ergo     ] GC(252) Free: 1899M, Max: 1024K regular, 1416M humongous, Frag: 26% external, 0% internal; Reserve: 103M, Max: 1024K
[104.259s][info][gc,start    ] GC(252) Concurrent class unloading
[104.259s][info][gc,task     ] GC(252) Using 1 of 3 workers for concurrent class unloading
[104.262s][info][gc          ] GC(252) Concurrent class unloading 3.173ms
[104.262s][info][gc,start    ] GC(252) Pause Final Roots
[104.262s][info][gc          ] GC(252) Pause Final Roots 0.039ms
[104.262s][info][gc,ergo     ] Free: 1894M, Max: 1024K regular, 1416M humongous, Frag: 26% external, 0% internal; Reserve: 103M, Max: 1024K
[104.262s][info][gc,stats    ] 
[104.262s][info][gc,stats    ] All times are wall-clock times, except per-root-class counters, that are sum over
[104.262s][info][gc,stats    ] all workers. Dividing the <total> over the root stage time estimates parallelism.
[104.262s][info][gc,stats    ] 
[104.262s][info][gc,stats    ] Concurrent Reset                    238 us
[104.262s][info][gc,stats    ] Pause Init Mark (G)                 205 us
[104.262s][info][gc,stats    ] Pause Init Mark (N)                 101 us
[104.262s][info][gc,stats    ]   Update Region States               26 us
[104.262s][info][gc,stats    ] Concurrent Mark Roots               430 us, parallelism: 0.86x
[104.262s][info][gc,stats    ]   CMR: <total>                      370 us
[104.262s][info][gc,stats    ]   CMR: Thread Roots                 324 us, workers (us): 324, ---, ---, 
[104.262s][info][gc,stats    ]   CMR: VM Strong Roots                5 us, workers (us):   5, ---, ---, 
[104.262s][info][gc,stats    ]   CMR: CLDG Roots                    41 us, workers (us):  41, ---, ---, 
[104.262s][info][gc,stats    ] Concurrent Marking                 3943 us
[104.262s][info][gc,stats    ] Pause Final Mark (G)                228 us
[104.262s][info][gc,stats    ] Pause Final Mark (N)                167 us
[104.262s][info][gc,stats    ]   Finish Mark                        34 us
[104.262s][info][gc,stats    ]   Update Region States               35 us
[104.262s][info][gc,stats    ]   Choose Collection Set              36 us
[104.262s][info][gc,stats    ]   Rebuild Free Set                    8 us
[104.262s][info][gc,stats    ] Concurrent Weak References           64 us, parallelism: 0.11x
[104.262s][info][gc,stats    ]   CWRF: <total>                       7 us
[104.262s][info][gc,stats    ]   CWRF: Weak References               7 us, workers (us):   7, ---, ---, 
[104.262s][info][gc,stats    ] Concurrent Weak Roots              4712 us
[104.262s][info][gc,stats    ]   Roots                            4589 us, parallelism: 0.99x
[104.262s][info][gc,stats    ]     CWR: <total>                   4559 us
[104.262s][info][gc,stats    ]     CWR: Code Cache Roots           673 us, workers (us): 673, ---, ---, 
[104.262s][info][gc,stats    ]     CWR: VM Weak Roots             3879 us, workers (us): 3879, ---, ---, 
[104.262s][info][gc,stats    ]     CWR: CLDG Roots                   7 us, workers (us):   7, ---, ---, 
[104.262s][info][gc,stats    ]   Rendezvous                         54 us
[104.262s][info][gc,stats    ] Concurrent Cleanup                   63 us
[104.262s][info][gc,stats    ] Concurrent Class Unloading         3221 us
[104.263s][info][gc,stats    ]   Unlink Stale                     2989 us
[104.263s][info][gc,stats    ]     System Dictionary                 8 us
[104.263s][info][gc,stats    ]     Weak Class Links                  0 us
[104.263s][info][gc,stats    ]     Code Roots                     2980 us
[104.263s][info][gc,stats    ]   Rendezvous                         33 us
[104.263s][info][gc,stats    ]   Purge Unlinked                    133 us
[104.263s][info][gc,stats    ]     Code Roots                      131 us
[104.263s][info][gc,stats    ]     CLDG                              2 us
[104.263s][info][gc,stats    ]     Exception Caches                  0 us
[104.263s][info][gc,stats    ] Pause Final Roots (G)               108 us
[104.263s][info][gc,stats    ] Pause Final Roots (N)                47 us
[104.263s][info][gc,stats    ] 
[104.263s][info][gc,stats    ] Allocation pacing accrued:
[104.263s][info][gc,stats    ]       0 of   424 ms (  0.0%): <total>
[104.263s][info][gc,stats    ]       0 of   424 ms (  0.0%): <average total>
[104.263s][info][gc,stats    ] 
[104.263s][info][gc,metaspace] Metaspace: 14236K(14528K)->14236K(14528K) NonClass: 12331K(12480K)->12331K(12480K) Class: 1905K(2048K)->1905K(2048K)
[104.263s][info][gc,ergo     ] Pacer for Idle. Initial: 41943K, Alloc Tax Rate: 1.0x
[104.667s][info][gc          ] Trigger: Learning 4 of 5. Free (1433M) is below initial threshold (1433M)
[104.668s][info][gc,ergo     ] Free: 1433M, Max: 1024K regular, 1416M humongous, Frag: 2% external, 0% internal; Reserve: 103M, Max: 1024K
[104.668s][info][gc,start    ] GC(253) Concurrent reset
[104.668s][info][gc,task     ] GC(253) Using 1 of 3 workers for concurrent reset
[104.668s][info][gc,ergo     ] GC(253) Pacer for Reset. Non-Taxable: 2048M
[104.668s][info][gc          ] GC(253) Concurrent reset 0.231ms
[104.668s][info][gc,start    ] GC(253) Pause Init Mark (unload classes)
[104.668s][info][gc,task     ] GC(253) Using 3 of 3 workers for init marking
[104.668s][info][gc,ergo     ] GC(253) Pacer for Mark. Expected Live: 4513K, Free: 1433M, Non-Taxable: 143M, Alloc Tax Rate: 0.0x
[104.668s][info][gc          ] GC(253) Pause Init Mark (unload classes) 0.088ms
[104.668s][info][gc,start    ] GC(253) Concurrent marking roots
[104.668s][info][gc,task     ] GC(253) Using 1 of 3 workers for concurrent marking roots
[104.668s][info][gc          ] GC(253) Concurrent marking roots 0.413ms
[104.668s][info][gc,start    ] GC(253) Concurrent marking (unload classes)
[104.668s][info][gc,task     ] GC(253) Using 1 of 3 workers for concurrent marking
[104.672s][info][gc          ] GC(253) Concurrent marking (unload classes) 4.028ms
[104.673s][info][gc,start    ] GC(253) Pause Final Mark (unload classes)
[104.673s][info][gc,task     ] GC(253) Using 3 of 3 workers for final marking
[104.673s][info][gc,ergo     ] GC(253) Collectable Garbage: 475M (93%), Immediate: 475M (93%), CSet: 0B (0%)
[104.673s][info][gc          ] GC(253) Pause Final Mark (unload classes) 0.139ms
[104.673s][info][gc,start    ] GC(253) Concurrent weak references
[104.673s][info][gc,task     ] GC(253) Using 1 of 3 workers for concurrent weak references
[104.673s][info][gc,ref      ] GC(253) Encountered references: Soft: 140, Weak: 733, Final: 0, Phantom: 64
[104.673s][info][gc,ref      ] GC(253) Discovered  references: Soft: 0, Weak: 149, Final: 0, Phantom: 37
[104.673s][info][gc,ref      ] GC(253) Enqueued    references: Soft: 0, Weak: 0, Final: 0, Phantom: 0
[104.673s][info][gc          ] GC(253) Concurrent weak references 0.067ms
[104.673s][info][gc,start    ] GC(253) Concurrent weak roots
[104.673s][info][gc,task     ] GC(253) Using 1 of 3 workers for concurrent weak root
[104.678s][info][gc          ] GC(253) Concurrent weak roots 5.076ms
[104.678s][info][gc,start    ] GC(253) Concurrent cleanup
[104.678s][info][gc          ] GC(253) Concurrent cleanup 523M->47M(2048M) 0.052ms
[104.678s][info][gc,ergo     ] GC(253) Free: 1897M, Max: 1024K regular, 1419M humongous, Frag: 26% external, 0% internal; Reserve: 103M, Max: 1024K
[104.678s][info][gc,start    ] GC(253) Concurrent class unloading
[104.678s][info][gc,task     ] GC(253) Using 1 of 3 workers for concurrent class unloading
[104.681s][info][gc          ] GC(253) Concurrent class unloading 3.313ms
[104.681s][info][gc,start    ] GC(253) Pause Final Roots
[104.681s][info][gc          ] GC(253) Pause Final Roots 0.041ms
[104.681s][info][gc,ergo     ] Free: 1891M, Max: 1024K regular, 1419M humongous, Frag: 25% external, 0% internal; Reserve: 103M, Max: 1024K
[104.682s][info][gc,stats    ] 
[104.682s][info][gc,stats    ] All times are wall-clock times, except per-root-class counters, that are sum over
[104.682s][info][gc,stats    ] all workers. Dividing the <total> over the root stage time estimates parallelism.
[104.682s][info][gc,stats    ] 
[104.682s][info][gc,stats    ] Concurrent Reset                    244 us
[104.682s][info][gc,stats    ] Pause Init Mark (G)                 198 us
[104.682s][info][gc,stats    ] Pause Init Mark (N)                  97 us
[104.682s][info][gc,stats    ]   Update Region States               24 us
[104.682s][info][gc,stats    ] Concurrent Mark Roots               426 us, parallelism: 0.86x
[104.682s][info][gc,stats    ]   CMR: <total>                      368 us
[104.682s][info][gc,stats    ]   CMR: Thread Roots                 323 us, workers (us): 323, ---, ---, 
[104.682s][info][gc,stats    ]   CMR: VM Strong Roots                4 us, workers (us):   4, ---, ---, 
[104.682s][info][gc,stats    ]   CMR: CLDG Roots                    41 us, workers (us):  41, ---, ---, 
[104.682s][info][gc,stats    ] Concurrent Marking                 4077 us
[104.682s][info][gc,stats    ] Pause Final Mark (G)                192 us
[104.682s][info][gc,stats    ] Pause Final Mark (N)                147 us
[104.682s][info][gc,stats    ]   Finish Mark                        33 us
[104.682s][info][gc,stats    ]   Update Region States               26 us
[104.682s][info][gc,stats    ]   Choose Collection Set              28 us
[104.682s][info][gc,stats    ]   Rebuild Free Set                    8 us
[104.682s][info][gc,stats    ] Concurrent Weak References           75 us, parallelism: 0.09x
[104.682s][info][gc,stats    ]   CWRF: <total>                       6 us
[104.682s][info][gc,stats    ]   CWRF: Weak References               6 us, workers (us):   6, ---, ---, 
[104.682s][info][gc,stats    ] Concurrent Weak Roots              5120 us
[104.682s][info][gc,stats    ]   Roots                            5007 us, parallelism: 1.00x
[104.682s][info][gc,stats    ]     CWR: <total>                   4982 us
[104.682s][info][gc,stats    ]     CWR: Code Cache Roots           684 us, workers (us): 684, ---, ---, 
[104.682s][info][gc,stats    ]     CWR: VM Weak Roots             4289 us, workers (us): 4289, ---, ---, 
[104.682s][info][gc,stats    ]     CWR: CLDG Roots                   8 us, workers (us):   8, ---, ---, 
[104.682s][info][gc,stats    ]   Rendezvous                         53 us
[104.682s][info][gc,stats    ] Concurrent Cleanup                   61 us
[104.682s][info][gc,stats    ] Concurrent Class Unloading         3367 us
[104.682s][info][gc,stats    ]   Unlink Stale                     3016 us
[104.682s][info][gc,stats    ]     System Dictionary                 8 us
[104.682s][info][gc,stats    ]     Weak Class Links                  0 us
[104.682s][info][gc,stats    ]     Code Roots                     3004 us
[104.682s][info][gc,stats    ]   Rendezvous                        119 us
[104.682s][info][gc,stats    ]   Purge Unlinked                    159 us
[104.682s][info][gc,stats    ]     Code Roots                      156 us
[104.682s][info][gc,stats    ]     CLDG                              3 us
[104.682s][info][gc,stats    ]     Exception Caches                  0 us
[104.682s][info][gc,stats    ] Pause Final Roots (G)               113 us
[104.682s][info][gc,stats    ] Pause Final Roots (N)                50 us
[104.682s][info][gc,stats    ] 
[104.682s][info][gc,stats    ] Allocation pacing accrued:
[104.682s][info][gc,stats    ]       0 of   419 ms (  0.0%): <total>
[104.682s][info][gc,stats    ]       0 of   419 ms (  0.0%): <average total>
[104.682s][info][gc,stats    ] 
[104.682s][info][gc,metaspace] Metaspace: 14236K(14528K)->14236K(14528K) NonClass: 12331K(12480K)->12331K(12480K) Class: 1905K(2048K)->1905K(2048K)
[104.682s][info][gc,ergo     ] Pacer for Idle. Initial: 41943K, Alloc Tax Rate: 1.0x
[105.101s][info][gc          ] Trigger: Learning 5 of 5. Free (1433M) is below initial threshold (1433M)
[105.101s][info][gc,ergo     ] Free: 1433M, Max: 1024K regular, 1419M humongous, Frag: 1% external, 0% internal; Reserve: 103M, Max: 1024K
[105.101s][info][gc,start    ] GC(254) Concurrent reset
[105.101s][info][gc,task     ] GC(254) Using 1 of 3 workers for concurrent reset
[105.101s][info][gc,ergo     ] GC(254) Pacer for Reset. Non-Taxable: 2048M
[105.101s][info][gc          ] GC(254) Concurrent reset 0.233ms
[105.101s][info][gc,start    ] GC(254) Pause Init Mark (unload classes)
[105.101s][info][gc,task     ] GC(254) Using 3 of 3 workers for init marking
[105.102s][info][gc,ergo     ] GC(254) Pacer for Mark. Expected Live: 4513K, Free: 1433M, Non-Taxable: 143M, Alloc Tax Rate: 0.0x
[105.102s][info][gc          ] GC(254) Pause Init Mark (unload classes) 0.076ms
[105.102s][info][gc,start    ] GC(254) Concurrent marking roots
[105.102s][info][gc,task     ] GC(254) Using 1 of 3 workers for concurrent marking roots
[105.102s][info][gc          ] GC(254) Concurrent marking roots 0.423ms
[105.102s][info][gc,start    ] GC(254) Concurrent marking (unload classes)
[105.102s][info][gc,task     ] GC(254) Using 1 of 3 workers for concurrent marking
[105.106s][info][gc          ] GC(254) Concurrent marking (unload classes) 3.906ms
[105.106s][info][gc,start    ] GC(254) Pause Final Mark (unload classes)
[105.106s][info][gc,task     ] GC(254) Using 3 of 3 workers for final marking
[105.106s][info][gc,ergo     ] GC(254) Collectable Garbage: 474M (93%), Immediate: 474M (93%), CSet: 0B (0%)
[105.106s][info][gc          ] GC(254) Pause Final Mark (unload classes) 0.145ms
[105.106s][info][gc,start    ] GC(254) Concurrent weak references
[105.106s][info][gc,task     ] GC(254) Using 1 of 3 workers for concurrent weak references
[105.106s][info][gc,ref      ] GC(254) Encountered references: Soft: 140, Weak: 731, Final: 0, Phantom: 64
[105.106s][info][gc,ref      ] GC(254) Discovered  references: Soft: 0, Weak: 149, Final: 0, Phantom: 37
[105.106s][info][gc,ref      ] GC(254) Enqueued    references: Soft: 0, Weak: 0, Final: 0, Phantom: 0
[105.106s][info][gc          ] GC(254) Concurrent weak references 0.073ms
[105.106s][info][gc,start    ] GC(254) Concurrent weak roots
[105.106s][info][gc,task     ] GC(254) Using 1 of 3 workers for concurrent weak root
[105.109s][info][gc          ] GC(254) Concurrent weak roots 2.782ms
[105.109s][info][gc,start    ] GC(254) Concurrent cleanup
[105.109s][info][gc          ] GC(254) Concurrent cleanup 522M->47M(2048M) 0.053ms
[105.109s][info][gc,ergo     ] GC(254) Free: 1897M, Max: 1024K regular, 1419M humongous, Frag: 26% external, 0% internal; Reserve: 103M, Max: 1024K
[105.109s][info][gc,start    ] GC(254) Concurrent class unloading
[105.109s][info][gc,task     ] GC(254) Using 1 of 3 workers for concurrent class unloading
[105.112s][info][gc          ] GC(254) Concurrent class unloading 3.195ms
[105.112s][info][gc,start    ] GC(254) Pause Final Roots
[105.112s][info][gc          ] GC(254) Pause Final Roots 0.025ms
[105.113s][info][gc,ergo     ] Free: 1894M, Max: 1024K regular, 1419M humongous, Frag: 26% external, 0% internal; Reserve: 103M, Max: 1024K
[105.113s][info][gc,stats    ] 
[105.113s][info][gc,stats    ] All times are wall-clock times, except per-root-class counters, that are sum over
[105.113s][info][gc,stats    ] all workers. Dividing the <total> over the root stage time estimates parallelism.
[105.113s][info][gc,stats    ] 
[105.113s][info][gc,stats    ] Concurrent Reset                    274 us
[105.113s][info][gc,stats    ] Pause Init Mark (G)                 157 us
[105.113s][info][gc,stats    ] Pause Init Mark (N)                  85 us
[105.113s][info][gc,stats    ]   Update Region States               30 us
[105.113s][info][gc,stats    ] Concurrent Mark Roots               446 us, parallelism: 0.82x
[105.113s][info][gc,stats    ]   CMR: <total>                      366 us
[105.113s][info][gc,stats    ]   CMR: Thread Roots                 321 us, workers (us): 321, ---, ---, 
[105.113s][info][gc,stats    ]   CMR: VM Strong Roots                5 us, workers (us):   5, ---, ---, 
[105.113s][info][gc,stats    ]   CMR: CLDG Roots                    40 us, workers (us):  40, ---, ---, 
[105.113s][info][gc,stats    ] Concurrent Marking                 3942 us
[105.113s][info][gc,stats    ] Pause Final Mark (G)                237 us
[105.113s][info][gc,stats    ] Pause Final Mark (N)                154 us
[105.113s][info][gc,stats    ]   Finish Mark                        35 us
[105.113s][info][gc,stats    ]   Update Region States               27 us
[105.113s][info][gc,stats    ]   Choose Collection Set              26 us
[105.113s][info][gc,stats    ]   Rebuild Free Set                    8 us
[105.113s][info][gc,stats    ] Concurrent Weak References           81 us, parallelism: 0.11x
[105.113s][info][gc,stats    ]   CWRF: <total>                       9 us
[105.113s][info][gc,stats    ]   CWRF: Weak References               9 us, workers (us):   9, ---, ---, 
[105.113s][info][gc,stats    ] Concurrent Weak Roots              2834 us
[105.113s][info][gc,stats    ]   Roots                            2713 us, parallelism: 0.99x
[105.113s][info][gc,stats    ]     CWR: <total>                   2685 us
[105.113s][info][gc,stats    ]     CWR: Code Cache Roots           661 us, workers (us): 661, ---, ---, 
[105.113s][info][gc,stats    ]     CWR: VM Weak Roots             2017 us, workers (us): 2017, ---, ---, 
[105.113s][info][gc,stats    ]     CWR: CLDG Roots                   8 us, workers (us):   8, ---, ---, 
[105.113s][info][gc,stats    ]   Rendezvous                         52 us
[105.113s][info][gc,stats    ] Concurrent Cleanup                   61 us
[105.113s][info][gc,stats    ] Concurrent Class Unloading         3235 us
[105.113s][info][gc,stats    ]   Unlink Stale                     2984 us
[105.113s][info][gc,stats    ]     System Dictionary                 8 us
[105.113s][info][gc,stats    ]     Weak Class Links                  0 us
[105.113s][info][gc,stats    ]     Code Roots                     2975 us
[105.113s][info][gc,stats    ]   Rendezvous                         56 us
[105.113s][info][gc,stats    ]   Purge Unlinked                    139 us
[105.113s][info][gc,stats    ]     Code Roots                      135 us
[105.113s][info][gc,stats    ]     CLDG                              3 us
[105.113s][info][gc,stats    ]     Exception Caches                  0 us
[105.113s][info][gc,stats    ] Pause Final Roots (G)                82 us
[105.113s][info][gc,stats    ] Pause Final Roots (N)                33 us
[105.113s][info][gc,stats    ] 
[105.113s][info][gc,stats    ] Allocation pacing accrued:
[105.113s][info][gc,stats    ]       0 of   431 ms (  0.0%): <total>
[105.113s][info][gc,stats    ]       0 of   431 ms (  0.0%): <average total>
[105.113s][info][gc,stats    ] 
[105.113s][info][gc,metaspace] Metaspace: 14236K(14528K)->14236K(14528K) NonClass: 12331K(12480K)->12331K(12480K) Class: 1905K(2048K)->1905K(2048K)
[105.113s][info][gc,ergo     ] Pacer for Idle. Initial: 41943K, Alloc Tax Rate: 1.0x
[105.302s][info][gc          ] Trigger: Explicit GC request (System.gc())
[105.302s][info][gc,ergo     ] Free: 1739M, Max: 1024K regular, 1419M humongous, Frag: 19% external, 0% internal; Reserve: 103M, Max: 1024K
[105.302s][info][gc,start    ] GC(255) Concurrent reset
[105.302s][info][gc,task     ] GC(255) Using 1 of 3 workers for concurrent reset
[105.302s][info][gc,ergo     ] GC(255) Pacer for Reset. Non-Taxable: 2048M
[105.303s][info][gc          ] GC(255) Concurrent reset 0.592ms
[105.303s][info][gc,start    ] GC(255) Pause Init Mark (unload classes)
[105.303s][info][gc,task     ] GC(255) Using 3 of 3 workers for init marking
[105.303s][info][gc,ref      ] GC(255) Clearing All SoftReferences
[105.303s][info][gc,ergo     ] GC(255) Pacer for Mark. Expected Live: 4512K, Free: 1739M, Non-Taxable: 173M, Alloc Tax Rate: 0.0x
[105.303s][info][gc          ] GC(255) Pause Init Mark (unload classes) 0.298ms
[105.303s][info][gc,start    ] GC(255) Concurrent marking roots
[105.303s][info][gc,task     ] GC(255) Using 1 of 3 workers for concurrent marking roots
[105.304s][info][gc          ] GC(255) Concurrent marking roots 0.794ms
[105.304s][info][gc,start    ] GC(255) Concurrent marking (unload classes)
[105.304s][info][gc,task     ] GC(255) Using 1 of 3 workers for concurrent marking
[105.309s][info][gc          ] GC(255) Concurrent marking (unload classes) 4.258ms
[105.309s][info][gc,start    ] GC(255) Pause Final Mark (unload classes)
[105.309s][info][gc,task     ] GC(255) Using 3 of 3 workers for final marking
[105.309s][info][gc,ergo     ] GC(255) Collectable Garbage: 186M (92%), Immediate: 186M (92%), CSet: 0B (0%)
[105.309s][info][gc          ] GC(255) Pause Final Mark (unload classes) 0.495ms
[105.309s][info][gc,start    ] GC(255) Concurrent weak references
[105.309s][info][gc,task     ] GC(255) Using 1 of 3 workers for concurrent weak references
[105.309s][info][gc,ref      ] GC(255) Encountered references: Soft: 140, Weak: 717, Final: 0, Phantom: 64
[105.309s][info][gc,ref      ] GC(255) Discovered  references: Soft: 88, Weak: 171, Final: 0, Phantom: 62
[105.309s][info][gc,ref      ] GC(255) Enqueued    references: Soft: 3, Weak: 0, Final: 0, Phantom: 0
[105.309s][info][gc          ] GC(255) Concurrent weak references 0.134ms
[105.309s][info][gc,start    ] GC(255) Concurrent weak roots
[105.309s][info][gc,task     ] GC(255) Using 1 of 3 workers for concurrent weak root
[105.311s][info][gc          ] GC(255) Concurrent weak roots 1.728ms
[105.311s][info][gc,start    ] GC(255) Concurrent cleanup
[105.311s][info][gc          ] GC(255) Concurrent cleanup 205M->18M(2048M) 0.030ms
[105.311s][info][gc,ergo     ] GC(255) Free: 1926M, Max: 1024K regular, 1687M humongous, Frag: 13% external, 0% internal; Reserve: 103M, Max: 1024K
[105.311s][info][gc,start    ] GC(255) Concurrent class unloading
[105.311s][info][gc,task     ] GC(255) Using 1 of 3 workers for concurrent class unloading
[105.315s][info][gc          ] GC(255) Concurrent class unloading 3.787ms
[105.315s][info][gc,start    ] GC(255) Pause Final Roots
[105.315s][info][gc          ] GC(255) Pause Final Roots 0.064ms
[105.315s][info][gc,ergo     ] Free: 1926M, Max: 1024K regular, 1687M humongous, Frag: 13% external, 0% internal; Reserve: 103M, Max: 1024K
[105.315s][info][gc,stats    ] 
[105.315s][info][gc,stats    ] All times are wall-clock times, except per-root-class counters, that are sum over
[105.315s][info][gc,stats    ] all workers. Dividing the <total> over the root stage time estimates parallelism.
[105.315s][info][gc,stats    ] 
[105.315s][info][gc,stats    ] Concurrent Reset                    648 us
[105.315s][info][gc,stats    ] Pause Init Mark (G)                 454 us
[105.315s][info][gc,stats    ] Pause Init Mark (N)                 322 us
[105.315s][info][gc,stats    ]   Update Region States               96 us
[105.315s][info][gc,stats    ] Concurrent Mark Roots               803 us, parallelism: 0.84x
[105.315s][info][gc,stats    ]   CMR: <total>                      676 us
[105.315s][info][gc,stats    ]   CMR: Thread Roots                 597 us, workers (us): 597, ---, ---, 
[105.315s][info][gc,stats    ]   CMR: VM Strong Roots                7 us, workers (us):   7, ---, ---, 
[105.315s][info][gc,stats    ]   CMR: CLDG Roots                    72 us, workers (us):  72, ---, ---, 
[105.315s][info][gc,stats    ] Concurrent Marking                 4282 us
[105.315s][info][gc,stats    ] Pause Final Mark (G)                583 us
[105.315s][info][gc,stats    ] Pause Final Mark (N)                521 us
[105.315s][info][gc,stats    ]   Finish Mark                       156 us
[105.315s][info][gc,stats    ]   Update Region States              125 us
[105.315s][info][gc,stats    ]   Choose Collection Set              77 us
[105.315s][info][gc,stats    ]   Rebuild Free Set                   25 us
[105.315s][info][gc,stats    ] Concurrent Weak References          149 us, parallelism: 0.05x
[105.315s][info][gc,stats    ]   CWRF: <total>                       8 us
[105.315s][info][gc,stats    ]   CWRF: Weak References               8 us, workers (us):   8, ---, ---, 
[105.315s][info][gc,stats    ] Concurrent Weak Roots              1742 us
[105.315s][info][gc,stats    ]   Roots                            1651 us, parallelism: 0.97x
[105.315s][info][gc,stats    ]     CWR: <total>                   1606 us
[105.315s][info][gc,stats    ]     CWR: Code Cache Roots           602 us, workers (us): 602, ---, ---, 
[105.315s][info][gc,stats    ]     CWR: VM Weak Roots              998 us, workers (us): 998, ---, ---, 
[105.315s][info][gc,stats    ]     CWR: CLDG Roots                   6 us, workers (us):   6, ---, ---, 
[105.316s][info][gc,stats    ]   Rendezvous                         46 us
[105.316s][info][gc,stats    ] Concurrent Cleanup                   38 us
[105.316s][info][gc,stats    ] Concurrent Class Unloading         3814 us
[105.316s][info][gc,stats    ]   Unlink Stale                     3421 us
[105.316s][info][gc,stats    ]     System Dictionary                 5 us
[105.316s][info][gc,stats    ]     Weak Class Links                  0 us
[105.316s][info][gc,stats    ]     Code Roots                     3415 us
[105.316s][info][gc,stats    ]   Rendezvous                        110 us
[105.316s][info][gc,stats    ]   Purge Unlinked                    239 us
[105.316s][info][gc,stats    ]     Code Roots                      232 us
[105.316s][info][gc,stats    ]     CLDG                              6 us
[105.316s][info][gc,stats    ]     Exception Caches                  0 us
[105.316s][info][gc,stats    ] Pause Final Roots (G)               161 us
[105.316s][info][gc,stats    ] Pause Final Roots (N)                83 us
[105.316s][info][gc,stats    ] 
[105.316s][info][gc,stats    ] Allocation pacing accrued:
[105.316s][info][gc,stats    ]       0 of   203 ms (  0.0%): <total>
[105.316s][info][gc,stats    ]       0 of   203 ms (  0.0%): <average total>
[105.316s][info][gc,stats    ] 
[105.316s][info][gc,metaspace] Metaspace: 14236K(14528K)->14236K(14528K) NonClass: 12331K(12480K)->12331K(12480K) Class: 1905K(2048K)->1905K(2048K)
[105.316s][info][gc,ergo     ] Pacer for Idle. Initial: 41943K, Alloc Tax Rate: 1.0x
[105.782s][info][gc          ] Trigger: Learning 2 of 5. Free (1432M) is below initial threshold (1433M)
[105.782s][info][gc,ergo     ] Free: 1432M, Max: 1024K regular, 1431M humongous, Frag: 0% external, 0% internal; Reserve: 103M, Max: 1024K
[105.782s][info][gc,start    ] GC(256) Concurrent reset
[105.782s][info][gc,task     ] GC(256) Using 1 of 3 workers for concurrent reset
[105.782s][info][gc,ergo     ] GC(256) Pacer for Reset. Non-Taxable: 2048M
[105.782s][info][gc          ] GC(256) Concurrent reset 0.154ms
[105.783s][info][gc,start    ] GC(256) Pause Init Mark (unload classes)
[105.783s][info][gc,task     ] GC(256) Using 3 of 3 workers for init marking
[105.783s][info][gc,ergo     ] GC(256) Pacer for Mark. Expected Live: 4512K, Free: 1432M, Non-Taxable: 143M, Alloc Tax Rate: 0.0x
[105.783s][info][gc          ] GC(256) Pause Init Mark (unload classes) 0.089ms
[105.783s][info][gc,start    ] GC(256) Concurrent marking roots
[105.783s][info][gc,task     ] GC(256) Using 1 of 3 workers for concurrent marking roots
[105.783s][info][gc          ] GC(256) Concurrent marking roots 0.412ms
[105.783s][info][gc,start    ] GC(256) Concurrent marking (unload classes)
[105.783s][info][gc,task     ] GC(256) Using 1 of 3 workers for concurrent marking
[105.787s][info][gc          ] GC(256) Concurrent marking (unload classes) 3.844ms
[105.787s][info][gc,start    ] GC(256) Pause Final Mark (unload classes)
[105.787s][info][gc,task     ] GC(256) Using 3 of 3 workers for final marking
[105.787s][info][gc,ergo     ] GC(256) Collectable Garbage: 483M (95%), Immediate: 483M (95%), CSet: 0B (0%)
[105.787s][info][gc          ] GC(256) Pause Final Mark (unload classes) 0.147ms
[105.787s][info][gc,start    ] GC(256) Concurrent weak references
[105.787s][info][gc,task     ] GC(256) Using 1 of 3 workers for concurrent weak references
[105.787s][info][gc,ref      ] GC(256) Encountered references: Soft: 140, Weak: 729, Final: 0, Phantom: 64
[105.787s][info][gc,ref      ] GC(256) Discovered  references: Soft: 0, Weak: 147, Final: 0, Phantom: 37
[105.787s][info][gc,ref      ] GC(256) Enqueued    references: Soft: 0, Weak: 0, Final: 0, Phantom: 0
[105.787s][info][gc          ] GC(256) Concurrent weak references 0.076ms
[105.787s][info][gc,start    ] GC(256) Concurrent weak roots
[105.787s][info][gc,task     ] GC(256) Using 1 of 3 workers for concurrent weak root
[105.791s][info][gc          ] GC(256) Concurrent weak roots 3.588ms
[105.791s][info][gc,start    ] GC(256) Concurrent cleanup
[105.791s][info][gc          ] GC(256) Concurrent cleanup 525M->42M(2048M) 0.052ms
[105.791s][info][gc,ergo     ] GC(256) Free: 1902M, Max: 1024K regular, 1418M humongous, Frag: 26% external, 0% internal; Reserve: 103M, Max: 1024K
[105.791s][info][gc,start    ] GC(256) Concurrent class unloading
[105.791s][info][gc,task     ] GC(256) Using 1 of 3 workers for concurrent class unloading
[105.794s][info][gc          ] GC(256) Concurrent class unloading 3.186ms
[105.794s][info][gc,start    ] GC(256) Pause Final Roots
[105.794s][info][gc          ] GC(256) Pause Final Roots 0.039ms
[105.794s][info][gc,ergo     ] Free: 1902M, Max: 1024K regular, 1418M humongous, Frag: 26% external, 0% internal; Reserve: 103M, Max: 1024K
[105.794s][info][gc,stats    ] 
[105.794s][info][gc,stats    ] All times are wall-clock times, except per-root-class counters, that are sum over
[105.794s][info][gc,stats    ] all workers. Dividing the <total> over the root stage time estimates parallelism.
[105.794s][info][gc,stats    ] 
[105.794s][info][gc,stats    ] Concurrent Reset                    166 us
[105.794s][info][gc,stats    ] Pause Init Mark (G)                 224 us
[105.794s][info][gc,stats    ] Pause Init Mark (N)                  97 us
[105.795s][info][gc,stats    ]   Update Region States               25 us
[105.795s][info][gc,stats    ] Concurrent Mark Roots               426 us, parallelism: 0.86x
[105.795s][info][gc,stats    ]   CMR: <total>                      365 us
[105.795s][info][gc,stats    ]   CMR: Thread Roots                 323 us, workers (us): 323, ---, ---, 
[105.795s][info][gc,stats    ]   CMR: VM Strong Roots                6 us, workers (us):   6, ---, ---, 
[105.795s][info][gc,stats    ]   CMR: CLDG Roots                    36 us, workers (us):  36, ---, ---, 
[105.795s][info][gc,stats    ] Concurrent Marking                 3879 us
[105.795s][info][gc,stats    ] Pause Final Mark (G)                210 us
[105.795s][info][gc,stats    ] Pause Final Mark (N)                157 us
[105.795s][info][gc,stats    ]   Finish Mark                        34 us
[105.795s][info][gc,stats    ]   Update Region States               28 us
[105.795s][info][gc,stats    ]   Choose Collection Set              55 us
[105.795s][info][gc,stats    ]   Rebuild Free Set                    8 us
[105.795s][info][gc,stats    ] Concurrent Weak References           84 us, parallelism: 0.09x
[105.795s][info][gc,stats    ]   CWRF: <total>                       8 us
[105.795s][info][gc,stats    ]   CWRF: Weak References               8 us, workers (us):   8, ---, ---, 
[105.795s][info][gc,stats    ] Concurrent Weak Roots              3625 us
[105.795s][info][gc,stats    ]   Roots                            3521 us, parallelism: 0.99x
[105.795s][info][gc,stats    ]     CWR: <total>                   3492 us
[105.795s][info][gc,stats    ]     CWR: Code Cache Roots           669 us, workers (us): 669, ---, ---, 
[105.795s][info][gc,stats    ]     CWR: VM Weak Roots             2816 us, workers (us): 2816, ---, ---, 
[105.795s][info][gc,stats    ]     CWR: CLDG Roots                   7 us, workers (us):   7, ---, ---, 
[105.795s][info][gc,stats    ]   Rendezvous                         51 us
[105.795s][info][gc,stats    ] Concurrent Cleanup                   61 us
[105.795s][info][gc,stats    ] Concurrent Class Unloading         3235 us
[105.795s][info][gc,stats    ]   Unlink Stale                     2990 us
[105.795s][info][gc,stats    ]     System Dictionary                 7 us
[105.795s][info][gc,stats    ]     Weak Class Links                  0 us
[105.795s][info][gc,stats    ]     Code Roots                     2981 us
[105.795s][info][gc,stats    ]   Rendezvous                         37 us
[105.795s][info][gc,stats    ]   Purge Unlinked                    142 us
[105.795s][info][gc,stats    ]     Code Roots                      139 us
[105.795s][info][gc,stats    ]     CLDG                              3 us
[105.795s][info][gc,stats    ]     Exception Caches                  0 us
[105.795s][info][gc,stats    ] Pause Final Roots (G)               126 us
[105.795s][info][gc,stats    ] Pause Final Roots (N)                48 us
[105.795s][info][gc,stats    ] 
[105.795s][info][gc,stats    ] Allocation pacing accrued:
[105.795s][info][gc,stats    ]       0 of   479 ms (  0.0%): <total>
[105.795s][info][gc,stats    ]       0 of   479 ms (  0.0%): <average total>
[105.795s][info][gc,stats    ] 
[105.795s][info][gc,metaspace] Metaspace: 14236K(14528K)->14236K(14528K) NonClass: 12331K(12480K)->12331K(12480K) Class: 1905K(2048K)->1905K(2048K)
[105.795s][info][gc,ergo     ] Pacer for Idle. Initial: 41943K, Alloc Tax Rate: 1.0x
[106.235s][info][gc          ] Trigger: Learning 3 of 5. Free (1432M) is below initial threshold (1433M)
[106.235s][info][gc,ergo     ] Free: 1432M, Max: 1024K regular, 1418M humongous, Frag: 1% external, 0% internal; Reserve: 103M, Max: 1024K
[106.235s][info][gc,start    ] GC(257) Concurrent reset
[106.235s][info][gc,task     ] GC(257) Using 1 of 3 workers for concurrent reset
[106.235s][info][gc,ergo     ] GC(257) Pacer for Reset. Non-Taxable: 2048M
[106.235s][info][gc          ] GC(257) Concurrent reset 0.219ms
[106.236s][info][gc,start    ] GC(257) Pause Init Mark (unload classes)
[106.236s][info][gc,task     ] GC(257) Using 3 of 3 workers for init marking
[106.236s][info][gc,ergo     ] GC(257) Pacer for Mark. Expected Live: 4513K, Free: 1432M, Non-Taxable: 143M, Alloc Tax Rate: 0.0x
[106.236s][info][gc          ] GC(257) Pause Init Mark (unload classes) 0.089ms
[106.236s][info][gc,start    ] GC(257) Concurrent marking roots
[106.236s][info][gc,task     ] GC(257) Using 1 of 3 workers for concurrent marking roots
[106.236s][info][gc          ] GC(257) Concurrent marking roots 0.430ms
[106.236s][info][gc,start    ] GC(257) Concurrent marking (unload classes)
[106.236s][info][gc,task     ] GC(257) Using 1 of 3 workers for concurrent marking
[106.240s][info][gc          ] GC(257) Concurrent marking (unload classes) 3.996ms
[106.240s][info][gc,start    ] GC(257) Pause Final Mark (unload classes)
[106.240s][info][gc,task     ] GC(257) Using 3 of 3 workers for final marking
[106.240s][info][gc,ergo     ] GC(257) Collectable Garbage: 481M (94%), Immediate: 481M (94%), CSet: 0B (0%)
[106.240s][info][gc          ] GC(257) Pause Final Mark (unload classes) 0.157ms
[106.240s][info][gc,start    ] GC(257) Concurrent weak references
[106.240s][info][gc,task     ] GC(257) Using 1 of 3 workers for concurrent weak references
[106.240s][info][gc,ref      ] GC(257) Encountered references: Soft: 140, Weak: 729, Final: 0, Phantom: 64
[106.240s][info][gc,ref      ] GC(257) Discovered  references: Soft: 0, Weak: 147, Final: 0, Phantom: 37
[106.240s][info][gc,ref      ] GC(257) Enqueued    references: Soft: 0, Weak: 0, Final: 0, Phantom: 0
[106.240s][info][gc          ] GC(257) Concurrent weak references 0.073ms
[106.240s][info][gc,start    ] GC(257) Concurrent weak roots
[106.240s][info][gc,task     ] GC(257) Using 1 of 3 workers for concurrent weak root
[106.245s][info][gc          ] GC(257) Concurrent weak roots 4.086ms
[106.245s][info][gc,start    ] GC(257) Concurrent cleanup
[106.245s][info][gc          ] GC(257) Concurrent cleanup 524M->43M(2048M) 0.051ms
[106.245s][info][gc,ergo     ] GC(257) Free: 1901M, Max: 1024K regular, 1421M humongous, Frag: 26% external, 0% internal; Reserve: 103M, Max: 1024K
[106.245s][info][gc,start    ] GC(257) Concurrent class unloading
[106.245s][info][gc,task     ] GC(257) Using 1 of 3 workers for concurrent class unloading
[106.248s][info][gc          ] GC(257) Concurrent class unloading 3.200ms
[106.248s][info][gc,start    ] GC(257) Pause Final Roots
[106.248s][info][gc          ] GC(257) Pause Final Roots 0.011ms
[106.248s][info][gc,ergo     ] Free: 1897M, Max: 1024K regular, 1421M humongous, Frag: 26% external, 0% internal; Reserve: 103M, Max: 1024K
[106.248s][info][gc,stats    ] 
[106.248s][info][gc,stats    ] All times are wall-clock times, except per-root-class counters, that are sum over
[106.248s][info][gc,stats    ] all workers. Dividing the <total> over the root stage time estimates parallelism.
[106.248s][info][gc,stats    ] 
[106.248s][info][gc,stats    ] Concurrent Reset                    231 us
[106.248s][info][gc,stats    ] Pause Init Mark (G)                 184 us
[106.248s][info][gc,stats    ] Pause Init Mark (N)                  98 us
[106.248s][info][gc,stats    ]   Update Region States               26 us
[106.248s][info][gc,stats    ] Concurrent Mark Roots               443 us, parallelism: 0.86x
[106.248s][info][gc,stats    ]   CMR: <total>                      380 us
[106.248s][info][gc,stats    ]   CMR: Thread Roots                 334 us, workers (us): 334, ---, ---, 
[106.248s][info][gc,stats    ]   CMR: VM Strong Roots                5 us, workers (us):   5, ---, ---, 
[106.248s][info][gc,stats    ]   CMR: CLDG Roots                    41 us, workers (us):  41, ---, ---, 
[106.248s][info][gc,stats    ] Concurrent Marking                 4046 us
[106.248s][info][gc,stats    ] Pause Final Mark (G)                218 us
[106.248s][info][gc,stats    ] Pause Final Mark (N)                166 us
[106.248s][info][gc,stats    ]   Finish Mark                        37 us
[106.248s][info][gc,stats    ]   Update Region States               29 us
[106.248s][info][gc,stats    ]   Choose Collection Set              34 us
[106.248s][info][gc,stats    ]   Rebuild Free Set                    8 us
[106.248s][info][gc,stats    ] Concurrent Weak References           81 us, parallelism: 0.09x
[106.248s][info][gc,stats    ]   CWRF: <total>                       8 us
[106.248s][info][gc,stats    ]   CWRF: Weak References               8 us, workers (us):   8, ---, ---, 
[106.248s][info][gc,stats    ] Concurrent Weak Roots              4126 us
[106.248s][info][gc,stats    ]   Roots                            4002 us, parallelism: 0.99x
[106.248s][info][gc,stats    ]     CWR: <total>                   3975 us
[106.248s][info][gc,stats    ]     CWR: Code Cache Roots           679 us, workers (us): 679, ---, ---, 
[106.248s][info][gc,stats    ]     CWR: VM Weak Roots             3289 us, workers (us): 3289, ---, ---, 
[106.248s][info][gc,stats    ]     CWR: CLDG Roots                   7 us, workers (us):   7, ---, ---, 
[106.248s][info][gc,stats    ]   Rendezvous                         67 us
[106.248s][info][gc,stats    ] Concurrent Cleanup                   60 us
[106.248s][info][gc,stats    ] Concurrent Class Unloading         3250 us
[106.248s][info][gc,stats    ]   Unlink Stale                     2996 us
[106.248s][info][gc,stats    ]     System Dictionary                 8 us
[106.248s][info][gc,stats    ]     Weak Class Links                  0 us
[106.248s][info][gc,stats    ]     Code Roots                     2986 us
[106.248s][info][gc,stats    ]   Rendezvous                         38 us
[106.248s][info][gc,stats    ]   Purge Unlinked                    137 us
[106.248s][info][gc,stats    ]     Code Roots                      134 us
[106.248s][info][gc,stats    ]     CLDG                              3 us
[106.248s][info][gc,stats    ]     Exception Caches                  0 us
[106.248s][info][gc,stats    ] Pause Final Roots (G)                76 us
[106.248s][info][gc,stats    ] Pause Final Roots (N)                19 us
[106.248s][info][gc,stats    ] 
[106.248s][info][gc,stats    ] Allocation pacing accrued:
[106.248s][info][gc,stats    ]       0 of   454 ms (  0.0%): <total>
[106.248s][info][gc,stats    ]       0 of   454 ms (  0.0%): <average total>
[106.248s][info][gc,stats    ] 
[106.248s][info][gc,metaspace] Metaspace: 14236K(14528K)->14236K(14528K) NonClass: 12331K(12480K)->12331K(12480K) Class: 1905K(2048K)->1905K(2048K)
[106.248s][info][gc,ergo     ] Pacer for Idle. Initial: 41943K, Alloc Tax Rate: 1.0x
[106.692s][info][gc          ] Trigger: Learning 4 of 5. Free (1432M) is below initial threshold (1433M)
[106.692s][info][gc,ergo     ] Free: 1432M, Max: 1024K regular, 1421M humongous, Frag: 1% external, 0% internal; Reserve: 103M, Max: 1024K
[106.692s][info][gc,start    ] GC(258) Concurrent reset
[106.692s][info][gc,task     ] GC(258) Using 1 of 3 workers for concurrent reset
[106.692s][info][gc,ergo     ] GC(258) Pacer for Reset. Non-Taxable: 2048M
[106.692s][info][gc          ] GC(258) Concurrent reset 0.216ms
[106.692s][info][gc,start    ] GC(258) Pause Init Mark (unload classes)
[106.692s][info][gc,task     ] GC(258) Using 3 of 3 workers for init marking
[106.692s][info][gc,ergo     ] GC(258) Pacer for Mark. Expected Live: 4513K, Free: 1431M, Non-Taxable: 143M, Alloc Tax Rate: 0.0x
[106.692s][info][gc          ] GC(258) Pause Init Mark (unload classes) 0.105ms
[106.692s][info][gc,start    ] GC(258) Concurrent marking roots
[106.692s][info][gc,task     ] GC(258) Using 1 of 3 workers for concurrent marking roots
[106.693s][info][gc          ] GC(258) Concurrent marking roots 0.403ms
[106.693s][info][gc,start    ] GC(258) Concurrent marking (unload classes)
[106.693s][info][gc,task     ] GC(258) Using 1 of 3 workers for concurrent marking
[106.697s][info][gc          ] GC(258) Concurrent marking (unload classes) 3.932ms
[106.697s][info][gc,start    ] GC(258) Pause Final Mark (unload classes)
[106.697s][info][gc,task     ] GC(258) Using 3 of 3 workers for final marking
[106.697s][info][gc,ergo     ] GC(258) Collectable Garbage: 479M (94%), Immediate: 479M (94%), CSet: 0B (0%)
[106.697s][info][gc          ] GC(258) Pause Final Mark (unload classes) 0.149ms
[106.697s][info][gc,start    ] GC(258) Concurrent weak references
[106.697s][info][gc,task     ] GC(258) Using 1 of 3 workers for concurrent weak references
[106.697s][info][gc,ref      ] GC(258) Encountered references: Soft: 140, Weak: 729, Final: 0, Phantom: 64
[106.697s][info][gc,ref      ] GC(258) Discovered  references: Soft: 0, Weak: 147, Final: 0, Phantom: 37
[106.697s][info][gc,ref      ] GC(258) Enqueued    references: Soft: 0, Weak: 0, Final: 0, Phantom: 0
[106.697s][info][gc          ] GC(258) Concurrent weak references 0.069ms
[106.697s][info][gc,start    ] GC(258) Concurrent weak roots
[106.697s][info][gc,task     ] GC(258) Using 1 of 3 workers for concurrent weak root
[106.701s][info][gc          ] GC(258) Concurrent weak roots 4.480ms
[106.701s][info][gc,start    ] GC(258) Concurrent cleanup
[106.701s][info][gc          ] GC(258) Concurrent cleanup 525M->46M(2048M) 0.051ms
[106.701s][info][gc,ergo     ] GC(258) Free: 1898M, Max: 1024K regular, 1418M humongous, Frag: 26% external, 0% internal; Reserve: 103M, Max: 1024K
[106.701s][info][gc,start    ] GC(258) Concurrent class unloading
[106.701s][info][gc,task     ] GC(258) Using 1 of 3 workers for concurrent class unloading
[106.705s][info][gc          ] GC(258) Concurrent class unloading 3.210ms
[106.705s][info][gc,start    ] GC(258) Pause Final Roots
[106.705s][info][gc          ] GC(258) Pause Final Roots 0.038ms
[106.705s][info][gc,ergo     ] Free: 1893M, Max: 1024K regular, 1418M humongous, Frag: 26% external, 0% internal; Reserve: 103M, Max: 1024K
[106.705s][info][gc,stats    ] 
[106.705s][info][gc,stats    ] All times are wall-clock times, except per-root-class counters, that are sum over
[106.705s][info][gc,stats    ] all workers. Dividing the <total> over the root stage time estimates parallelism.
[106.705s][info][gc,stats    ] 
[106.705s][info][gc,stats    ] Concurrent Reset                    229 us
[106.705s][info][gc,stats    ] Pause Init Mark (G)                 193 us
[106.705s][info][gc,stats    ] Pause Init Mark (N)                 114 us
[106.705s][info][gc,stats    ]   Update Region States               25 us
[106.705s][info][gc,stats    ] Concurrent Mark Roots               422 us, parallelism: 0.85x
[106.705s][info][gc,stats    ]   CMR: <total>                      360 us
[106.705s][info][gc,stats    ]   CMR: Thread Roots                 315 us, workers (us): 315, ---, ---, 
[106.705s][info][gc,stats    ]   CMR: VM Strong Roots                5 us, workers (us):   5, ---, ---, 
[106.705s][info][gc,stats    ]   CMR: CLDG Roots                    39 us, workers (us):  39, ---, ---, 
[106.705s][info][gc,stats    ] Concurrent Marking                 3979 us
[106.705s][info][gc,stats    ] Pause Final Mark (G)                206 us
[106.705s][info][gc,stats    ] Pause Final Mark (N)                158 us
[106.705s][info][gc,stats    ]   Finish Mark                        34 us
[106.705s][info][gc,stats    ]   Update Region States               29 us
[106.705s][info][gc,stats    ]   Choose Collection Set              35 us
[106.705s][info][gc,stats    ]   Rebuild Free Set                    8 us
[106.705s][info][gc,stats    ] Concurrent Weak References           76 us, parallelism: 0.09x
[106.705s][info][gc,stats    ]   CWRF: <total>                       7 us
[106.705s][info][gc,stats    ]   CWRF: Weak References               7 us, workers (us):   7, ---, ---, 
[106.705s][info][gc,stats    ] Concurrent Weak Roots              4517 us
[106.705s][info][gc,stats    ]   Roots                            4421 us, parallelism: 0.99x
[106.705s][info][gc,stats    ]     CWR: <total>                   4394 us
[106.705s][info][gc,stats    ]     CWR: Code Cache Roots           663 us, workers (us): 663, ---, ---, 
[106.705s][info][gc,stats    ]     CWR: VM Weak Roots             3724 us, workers (us): 3724, ---, ---, 
[106.705s][info][gc,stats    ]     CWR: CLDG Roots                   7 us, workers (us):   7, ---, ---, 
[106.705s][info][gc,stats    ]   Rendezvous                         43 us
[106.705s][info][gc,stats    ] Concurrent Cleanup                   60 us
[106.705s][info][gc,stats    ] Concurrent Class Unloading         3260 us
[106.705s][info][gc,stats    ]   Unlink Stale                     3009 us
[106.705s][info][gc,stats    ]     System Dictionary                 8 us
[106.705s][info][gc,stats    ]     Weak Class Links                  0 us
[106.705s][info][gc,stats    ]     Code Roots                     2998 us
[106.705s][info][gc,stats    ]   Rendezvous                         43 us
[106.705s][info][gc,stats    ]   Purge Unlinked                    140 us
[106.705s][info][gc,stats    ]     Code Roots                      137 us
[106.705s][info][gc,stats    ]     CLDG                              3 us
[106.705s][info][gc,stats    ]     Exception Caches                  0 us
[106.705s][info][gc,stats    ] Pause Final Roots (G)               151 us
[106.705s][info][gc,stats    ] Pause Final Roots (N)                47 us
[106.705s][info][gc,stats    ] 
[106.705s][info][gc,stats    ] Allocation pacing accrued:
[106.705s][info][gc,stats    ]       0 of   457 ms (  0.0%): <total>
[106.705s][info][gc,stats    ]       0 of   457 ms (  0.0%): <average total>
[106.705s][info][gc,stats    ] 
[106.705s][info][gc,metaspace] Metaspace: 14236K(14528K)->14236K(14528K) NonClass: 12331K(12480K)->12331K(12480K) Class: 1905K(2048K)->1905K(2048K)
[106.705s][info][gc,ergo     ] Pacer for Idle. Initial: 41943K, Alloc Tax Rate: 1.0x
[107.144s][info][gc          ] Trigger: Learning 5 of 5. Free (1433M) is below initial threshold (1433M)
[107.144s][info][gc,ergo     ] Free: 1433M, Max: 1024K regular, 1418M humongous, Frag: 1% external, 0% internal; Reserve: 103M, Max: 1024K
[107.144s][info][gc,start    ] GC(259) Concurrent reset
[107.144s][info][gc,task     ] GC(259) Using 1 of 3 workers for concurrent reset
[107.144s][info][gc,ergo     ] GC(259) Pacer for Reset. Non-Taxable: 2048M
[107.144s][info][gc          ] GC(259) Concurrent reset 0.273ms
[107.144s][info][gc,start    ] GC(259) Pause Init Mark (unload classes)
[107.144s][info][gc,task     ] GC(259) Using 3 of 3 workers for init marking
[107.144s][info][gc,ergo     ] GC(259) Pacer for Mark. Expected Live: 4513K, Free: 1433M, Non-Taxable: 143M, Alloc Tax Rate: 0.0x
[107.144s][info][gc          ] GC(259) Pause Init Mark (unload classes) 0.107ms
[107.144s][info][gc,start    ] GC(259) Concurrent marking roots
[107.144s][info][gc,task     ] GC(259) Using 1 of 3 workers for concurrent marking roots
[107.145s][info][gc          ] GC(259) Concurrent marking roots 0.419ms
[107.145s][info][gc,start    ] GC(259) Concurrent marking (unload classes)
[107.145s][info][gc,task     ] GC(259) Using 1 of 3 workers for concurrent marking
[107.149s][info][gc          ] GC(259) Concurrent marking (unload classes) 4.200ms
[107.149s][info][gc,start    ] GC(259) Pause Final Mark (unload classes)
[107.149s][info][gc,task     ] GC(259) Using 3 of 3 workers for final marking
[107.149s][info][gc,ergo     ] GC(259) Collectable Garbage: 473M (93%), Immediate: 473M (93%), CSet: 0B (0%)
[107.149s][info][gc          ] GC(259) Pause Final Mark (unload classes) 0.161ms
[107.149s][info][gc,start    ] GC(259) Concurrent weak references
[107.149s][info][gc,task     ] GC(259) Using 1 of 3 workers for concurrent weak references
[107.149s][info][gc,ref      ] GC(259) Encountered references: Soft: 140, Weak: 729, Final: 0, Phantom: 64
[107.149s][info][gc,ref      ] GC(259) Discovered  references: Soft: 0, Weak: 147, Final: 0, Phantom: 37
[107.149s][info][gc,ref      ] GC(259) Enqueued    references: Soft: 0, Weak: 0, Final: 0, Phantom: 0
[107.149s][info][gc          ] GC(259) Concurrent weak references 0.059ms
[107.149s][info][gc,start    ] GC(259) Concurrent weak roots
[107.149s][info][gc,task     ] GC(259) Using 1 of 3 workers for concurrent weak root
[107.156s][info][gc          ] GC(259) Concurrent weak roots 6.368ms
[107.156s][info][gc,start    ] GC(259) Concurrent cleanup
[107.156s][info][gc          ] GC(259) Concurrent cleanup 525M->51M(2048M) 0.053ms
[107.156s][info][gc,ergo     ] GC(259) Free: 1893M, Max: 1024K regular, 1421M humongous, Frag: 25% external, 0% internal; Reserve: 103M, Max: 1024K
[107.156s][info][gc,start    ] GC(259) Concurrent class unloading
[107.156s][info][gc,task     ] GC(259) Using 1 of 3 workers for concurrent class unloading
[107.160s][info][gc          ] GC(259) Concurrent class unloading 3.734ms
[107.160s][info][gc,start    ] GC(259) Pause Final Roots
[107.160s][info][gc          ] GC(259) Pause Final Roots 0.044ms
[107.160s][info][gc,ergo     ] Free: 1890M, Max: 1024K regular, 1421M humongous, Frag: 25% external, 0% internal; Reserve: 103M, Max: 1024K
[107.160s][info][gc,stats    ] 
[107.160s][info][gc,stats    ] All times are wall-clock times, except per-root-class counters, that are sum over
[107.160s][info][gc,stats    ] all workers. Dividing the <total> over the root stage time estimates parallelism.
[107.160s][info][gc,stats    ] 
[107.160s][info][gc,stats    ] Concurrent Reset                    293 us
[107.160s][info][gc,stats    ] Pause Init Mark (G)                 257 us
[107.160s][info][gc,stats    ] Pause Init Mark (N)                 116 us
[107.160s][info][gc,stats    ]   Update Region States               27 us
[107.160s][info][gc,stats    ] Concurrent Mark Roots               431 us, parallelism: 0.84x
[107.160s][info][gc,stats    ]   CMR: <total>                      363 us
[107.160s][info][gc,stats    ]   CMR: Thread Roots                 322 us, workers (us): 322, ---, ---, 
[107.160s][info][gc,stats    ]   CMR: VM Strong Roots                5 us, workers (us):   5, ---, ---, 
[107.160s][info][gc,stats    ]   CMR: CLDG Roots                    37 us, workers (us):  37, ---, ---, 
[107.160s][info][gc,stats    ] Concurrent Marking                 4253 us
[107.160s][info][gc,stats    ] Pause Final Mark (G)                276 us
[107.160s][info][gc,stats    ] Pause Final Mark (N)                170 us
[107.160s][info][gc,stats    ]   Finish Mark                        34 us
[107.160s][info][gc,stats    ]   Update Region States               31 us
[107.160s][info][gc,stats    ]   Choose Collection Set              55 us
[107.160s][info][gc,stats    ]   Rebuild Free Set                    8 us
[107.160s][info][gc,stats    ] Concurrent Weak References           66 us, parallelism: 0.10x
[107.160s][info][gc,stats    ]   CWRF: <total>                       7 us
[107.160s][info][gc,stats    ]   CWRF: Weak References               7 us, workers (us):   7, ---, ---, 
[107.160s][info][gc,stats    ] Concurrent Weak Roots              6429 us
[107.160s][info][gc,stats    ]   Roots                            6283 us, parallelism: 1.00x
[107.160s][info][gc,stats    ]     CWR: <total>                   6255 us
[107.160s][info][gc,stats    ]     CWR: Code Cache Roots           864 us, workers (us): 864, ---, ---, 
[107.160s][info][gc,stats    ]     CWR: VM Weak Roots             5382 us, workers (us): 5382, ---, ---, 
[107.160s][info][gc,stats    ]     CWR: CLDG Roots                   9 us, workers (us):   9, ---, ---, 
[107.160s][info][gc,stats    ]   Rendezvous                         67 us
[107.160s][info][gc,stats    ] Concurrent Cleanup                   62 us
[107.160s][info][gc,stats    ] Concurrent Class Unloading         3791 us
[107.160s][info][gc,stats    ]   Unlink Stale                     3396 us
[107.160s][info][gc,stats    ]     System Dictionary                10 us
[107.160s][info][gc,stats    ]     Weak Class Links                  0 us
[107.160s][info][gc,stats    ]     Code Roots                     3384 us
[107.160s][info][gc,stats    ]   Rendezvous                        124 us
[107.160s][info][gc,stats    ]   Purge Unlinked                    196 us
[107.160s][info][gc,stats    ]     Code Roots                      192 us
[107.160s][info][gc,stats    ]     CLDG                              4 us
[107.160s][info][gc,stats    ]     Exception Caches                  0 us
[107.160s][info][gc,stats    ] Pause Final Roots (G)               123 us
[107.160s][info][gc,stats    ] Pause Final Roots (N)                53 us
[107.160s][info][gc,stats    ] 
[107.160s][info][gc,stats    ] Allocation pacing accrued:
[107.160s][info][gc,stats    ]       0 of   455 ms (  0.0%): <total>
[107.160s][info][gc,stats    ]       0 of   455 ms (  0.0%): <average total>
[107.160s][info][gc,stats    ] 
[107.160s][info][gc,metaspace] Metaspace: 14236K(14528K)->14236K(14528K) NonClass: 12331K(12480K)->12331K(12480K) Class: 1905K(2048K)->1905K(2048K)
[107.160s][info][gc,ergo     ] Pacer for Idle. Initial: 41943K, Alloc Tax Rate: 1.0x
[107.472s][info][gc          ] Trigger: Explicit GC request (System.gc())
[107.472s][info][gc,ergo     ] Free: 1628M, Max: 1024K regular, 1421M humongous, Frag: 13% external, 0% internal; Reserve: 103M, Max: 1024K
[107.472s][info][gc,start    ] GC(260) Concurrent reset
[107.472s][info][gc,task     ] GC(260) Using 1 of 3 workers for concurrent reset
[107.472s][info][gc,ergo     ] GC(260) Pacer for Reset. Non-Taxable: 2048M
[107.473s][info][gc          ] GC(260) Concurrent reset 0.424ms
[107.473s][info][gc,start    ] GC(260) Pause Init Mark (unload classes)
[107.473s][info][gc,task     ] GC(260) Using 3 of 3 workers for init marking
[107.473s][info][gc,ref      ] GC(260) Clearing All SoftReferences
[107.473s][info][gc,ergo     ] GC(260) Pacer for Mark. Expected Live: 4520K, Free: 1628M, Non-Taxable: 162M, Alloc Tax Rate: 0.0x
[107.473s][info][gc          ] GC(260) Pause Init Mark (unload classes) 0.230ms
[107.473s][info][gc,start    ] GC(260) Concurrent marking roots
[107.473s][info][gc,task     ] GC(260) Using 1 of 3 workers for concurrent marking roots
[107.474s][info][gc          ] GC(260) Concurrent marking roots 0.735ms
[107.474s][info][gc,start    ] GC(260) Concurrent marking (unload classes)
[107.474s][info][gc,task     ] GC(260) Using 1 of 3 workers for concurrent marking
[107.478s][info][gc          ] GC(260) Concurrent marking (unload classes) 3.909ms
[107.478s][info][gc,start    ] GC(260) Pause Final Mark (unload classes)
[107.478s][info][gc,task     ] GC(260) Using 3 of 3 workers for final marking
[107.478s][info][gc,ergo     ] GC(260) Collectable Garbage: 299M (96%), Immediate: 299M (96%), CSet: 0B (0%)
[107.478s][info][gc          ] GC(260) Pause Final Mark (unload classes) 0.487ms
[107.478s][info][gc,start    ] GC(260) Concurrent weak references
[107.478s][info][gc,task     ] GC(260) Using 1 of 3 workers for concurrent weak references
[107.479s][info][gc,ref      ] GC(260) Encountered references: Soft: 140, Weak: 713, Final: 0, Phantom: 64
[107.479s][info][gc,ref      ] GC(260) Discovered  references: Soft: 88, Weak: 169, Final: 0, Phantom: 62
[107.479s][info][gc,ref      ] GC(260) Enqueued    references: Soft: 3, Weak: 0, Final: 0, Phantom: 0
[107.479s][info][gc          ] GC(260) Concurrent weak references 0.169ms
[107.479s][info][gc,start    ] GC(260) Concurrent weak roots
[107.479s][info][gc,task     ] GC(260) Using 1 of 3 workers for concurrent weak root
[107.480s][info][gc          ] GC(260) Concurrent weak roots 1.854ms
[107.481s][info][gc,start    ] GC(260) Concurrent cleanup
[107.481s][info][gc          ] GC(260) Concurrent cleanup 316M->16M(2048M) 0.067ms
[107.481s][info][gc,ergo     ] GC(260) Free: 1928M, Max: 1024K regular, 1651M humongous, Frag: 15% external, 0% internal; Reserve: 103M, Max: 1024K
[107.481s][info][gc,start    ] GC(260) Concurrent class unloading
[107.481s][info][gc,task     ] GC(260) Using 1 of 3 workers for concurrent class unloading
[107.484s][info][gc          ] GC(260) Concurrent class unloading 3.371ms
[107.484s][info][gc,start    ] GC(260) Pause Final Roots
[107.484s][info][gc          ] GC(260) Pause Final Roots 0.053ms
[107.484s][info][gc,ergo     ] Free: 1928M, Max: 1024K regular, 1651M humongous, Frag: 15% external, 0% internal; Reserve: 103M, Max: 1024K
[107.484s][info][gc,stats    ] 
[107.484s][info][gc,stats    ] All times are wall-clock times, except per-root-class counters, that are sum over
[107.484s][info][gc,stats    ] all workers. Dividing the <total> over the root stage time estimates parallelism.
[107.484s][info][gc,stats    ] 
[107.484s][info][gc,stats    ] Concurrent Reset                    466 us
[107.484s][info][gc,stats    ] Pause Init Mark (G)                 374 us
[107.484s][info][gc,stats    ] Pause Init Mark (N)                 247 us
[107.484s][info][gc,stats    ]   Update Region States               80 us
[107.485s][info][gc,stats    ] Concurrent Mark Roots               753 us, parallelism: 0.83x
[107.485s][info][gc,stats    ]   CMR: <total>                      629 us
[107.485s][info][gc,stats    ]   CMR: Thread Roots                 556 us, workers (us): 556, ---, ---, 
[107.485s][info][gc,stats    ]   CMR: VM Strong Roots                6 us, workers (us):   6, ---, ---, 
[107.485s][info][gc,stats    ]   CMR: CLDG Roots                    67 us, workers (us):  67, ---, ---, 
[107.485s][info][gc,stats    ] Concurrent Marking                 3972 us
[107.485s][info][gc,stats    ] Pause Final Mark (G)                634 us
[107.485s][info][gc,stats    ] Pause Final Mark (N)                512 us
[107.485s][info][gc,stats    ]   Finish Mark                       145 us
[107.485s][info][gc,stats    ]   Update Region States               76 us
[107.485s][info][gc,stats    ]   Choose Collection Set              80 us
[107.485s][info][gc,stats    ]   Rebuild Free Set                   21 us
[107.485s][info][gc,stats    ] Concurrent Weak References          177 us, parallelism: 0.13x
[107.485s][info][gc,stats    ]   CWRF: <total>                      23 us
[107.485s][info][gc,stats    ]   CWRF: Weak References              23 us, workers (us):  23, ---, ---, 
[107.485s][info][gc,stats    ] Concurrent Weak Roots              1901 us
[107.485s][info][gc,stats    ]   Roots                            1777 us, parallelism: 0.95x
[107.485s][info][gc,stats    ]     CWR: <total>                   1686 us
[107.485s][info][gc,stats    ]     CWR: Code Cache Roots           601 us, workers (us): 601, ---, ---, 
[107.485s][info][gc,stats    ]     CWR: VM Weak Roots             1077 us, workers (us): 1077, ---, ---, 
[107.485s][info][gc,stats    ]     CWR: CLDG Roots                   8 us, workers (us):   8, ---, ---, 
[107.485s][info][gc,stats    ]   Rendezvous                         58 us
[107.485s][info][gc,stats    ] Concurrent Cleanup                   85 us
[107.485s][info][gc,stats    ] Concurrent Class Unloading         3434 us
[107.485s][info][gc,stats    ]   Unlink Stale                     2949 us
[107.485s][info][gc,stats    ]     System Dictionary                 8 us
[107.485s][info][gc,stats    ]     Weak Class Links                  0 us
[107.485s][info][gc,stats    ]     Code Roots                     2939 us
[107.485s][info][gc,stats    ]   Rendezvous                        129 us
[107.485s][info][gc,stats    ]   Purge Unlinked                    256 us
[107.485s][info][gc,stats    ]     Code Roots                      246 us
[107.485s][info][gc,stats    ]     CLDG                              9 us
[107.485s][info][gc,stats    ]     Exception Caches                  0 us
[107.485s][info][gc,stats    ] Pause Final Roots (G)               196 us
[107.485s][info][gc,stats    ] Pause Final Roots (N)                75 us
[107.485s][info][gc,stats    ] 
[107.485s][info][gc,stats    ] Allocation pacing accrued:
[107.485s][info][gc,stats    ]       0 of   325 ms (  0.0%): <total>
[107.485s][info][gc,stats    ]       0 of   325 ms (  0.0%): <average total>
[107.485s][info][gc,stats    ] 
[107.485s][info][gc,metaspace] Metaspace: 14236K(14528K)->14236K(14528K) NonClass: 12331K(12480K)->12331K(12480K) Class: 1905K(2048K)->1905K(2048K)
[107.485s][info][gc,ergo     ] Pacer for Idle. Initial: 41943K, Alloc Tax Rate: 1.0x
[107.919s][info][gc          ] Trigger: Learning 2 of 5. Free (1433M) is below initial threshold (1433M)
[107.919s][info][gc,ergo     ] Free: 1433M, Max: 1024K regular, 1432M humongous, Frag: 0% external, 0% internal; Reserve: 103M, Max: 1024K
[107.919s][info][gc,start    ] GC(261) Concurrent reset
[107.919s][info][gc,task     ] GC(261) Using 1 of 3 workers for concurrent reset
[107.919s][info][gc,ergo     ] GC(261) Pacer for Reset. Non-Taxable: 2048M
[107.919s][info][gc          ] GC(261) Concurrent reset 0.138ms
[107.919s][info][gc,start    ] GC(261) Pause Init Mark (unload classes)
[107.919s][info][gc,task     ] GC(261) Using 3 of 3 workers for init marking
[107.919s][info][gc,ergo     ] GC(261) Pacer for Mark. Expected Live: 4520K, Free: 1432M, Non-Taxable: 143M, Alloc Tax Rate: 0.0x
[107.919s][info][gc          ] GC(261) Pause Init Mark (unload classes) 0.092ms
[107.919s][info][gc,start    ] GC(261) Concurrent marking roots
[107.919s][info][gc,task     ] GC(261) Using 1 of 3 workers for concurrent marking roots
[107.920s][info][gc          ] GC(261) Concurrent marking roots 0.418ms
[107.920s][info][gc,start    ] GC(261) Concurrent marking (unload classes)
[107.920s][info][gc,task     ] GC(261) Using 1 of 3 workers for concurrent marking
[107.924s][info][gc          ] GC(261) Concurrent marking (unload classes) 3.946ms
[107.924s][info][gc,start    ] GC(261) Pause Final Mark (unload classes)
[107.924s][info][gc,task     ] GC(261) Using 3 of 3 workers for final marking
[107.924s][info][gc,ergo     ] GC(261) Collectable Garbage: 482M (94%), Immediate: 482M (94%), CSet: 0B (0%)
[107.924s][info][gc          ] GC(261) Pause Final Mark (unload classes) 0.156ms
[107.924s][info][gc,start    ] GC(261) Concurrent weak references
[107.924s][info][gc,task     ] GC(261) Using 1 of 3 workers for concurrent weak references
[107.924s][info][gc,ref      ] GC(261) Encountered references: Soft: 140, Weak: 735, Final: 0, Phantom: 64
[107.924s][info][gc,ref      ] GC(261) Discovered  references: Soft: 0, Weak: 151, Final: 0, Phantom: 37
[107.924s][info][gc,ref      ] GC(261) Enqueued    references: Soft: 0, Weak: 2, Final: 0, Phantom: 0
[107.924s][info][gc          ] GC(261) Concurrent weak references 0.084ms
[107.924s][info][gc,start    ] GC(261) Concurrent weak roots
[107.924s][info][gc,task     ] GC(261) Using 1 of 3 workers for concurrent weak root
[107.927s][info][gc          ] GC(261) Concurrent weak roots 3.378ms
[107.927s][info][gc,start    ] GC(261) Concurrent cleanup
[107.927s][info][gc          ] GC(261) Concurrent cleanup 525M->43M(2048M) 0.053ms
[107.927s][info][gc,ergo     ] GC(261) Free: 1901M, Max: 1024K regular, 1418M humongous, Frag: 26% external, 0% internal; Reserve: 103M, Max: 1024K
[107.927s][info][gc,start    ] GC(261) Concurrent class unloading
[107.927s][info][gc,task     ] GC(261) Using 1 of 3 workers for concurrent class unloading
[107.931s][info][gc          ] GC(261) Concurrent class unloading 3.174ms
[107.931s][info][gc,start    ] GC(261) Pause Final Roots
[107.931s][info][gc          ] GC(261) Pause Final Roots 0.039ms
[107.931s][info][gc,ergo     ] Free: 1900M, Max: 1024K regular, 1418M humongous, Frag: 26% external, 0% internal; Reserve: 103M, Max: 1024K
[107.931s][info][gc,stats    ] 
[107.931s][info][gc,stats    ] All times are wall-clock times, except per-root-class counters, that are sum over
[107.931s][info][gc,stats    ] all workers. Dividing the <total> over the root stage time estimates parallelism.
[107.931s][info][gc,stats    ] 
[107.931s][info][gc,stats    ] Concurrent Reset                    149 us
[107.931s][info][gc,stats    ] Pause Init Mark (G)                 239 us
[107.931s][info][gc,stats    ] Pause Init Mark (N)                 100 us
[107.931s][info][gc,stats    ]   Update Region States               25 us
[107.931s][info][gc,stats    ] Concurrent Mark Roots               436 us, parallelism: 0.85x
[107.931s][info][gc,stats    ]   CMR: <total>                      370 us
[107.931s][info][gc,stats    ]   CMR: Thread Roots                 325 us, workers (us): 325, ---, ---, 
[107.931s][info][gc,stats    ]   CMR: VM Strong Roots                5 us, workers (us):   5, ---, ---, 
[107.931s][info][gc,stats    ]   CMR: CLDG Roots                    39 us, workers (us):  39, ---, ---, 
[107.931s][info][gc,stats    ] Concurrent Marking                 3998 us
[107.931s][info][gc,stats    ] Pause Final Mark (G)                225 us
[107.931s][info][gc,stats    ] Pause Final Mark (N)                166 us
[107.931s][info][gc,stats    ]   Finish Mark                        40 us
[107.931s][info][gc,stats    ]   Update Region States               33 us
[107.931s][info][gc,stats    ]   Choose Collection Set              52 us
[107.931s][info][gc,stats    ]   Rebuild Free Set                    8 us
[107.931s][info][gc,stats    ] Concurrent Weak References           92 us, parallelism: 0.08x
[107.931s][info][gc,stats    ]   CWRF: <total>                       7 us
[107.931s][info][gc,stats    ]   CWRF: Weak References               7 us, workers (us):   7, ---, ---, 
[107.931s][info][gc,stats    ] Concurrent Weak Roots              3419 us
[107.931s][info][gc,stats    ]   Roots                            3300 us, parallelism: 0.99x
[107.931s][info][gc,stats    ]     CWR: <total>                   3278 us
[107.931s][info][gc,stats    ]     CWR: Code Cache Roots           673 us, workers (us): 673, ---, ---, 
[107.931s][info][gc,stats    ]     CWR: VM Weak Roots             2598 us, workers (us): 2598, ---, ---, 
[107.931s][info][gc,stats    ]     CWR: CLDG Roots                   7 us, workers (us):   7, ---, ---, 
[107.931s][info][gc,stats    ]   Rendezvous                         55 us
[107.931s][info][gc,stats    ] Concurrent Cleanup                   62 us
[107.931s][info][gc,stats    ] Concurrent Class Unloading         3228 us
[107.931s][info][gc,stats    ]   Unlink Stale                     2968 us
[107.931s][info][gc,stats    ]     System Dictionary                 8 us
[107.931s][info][gc,stats    ]     Weak Class Links                  0 us
[107.931s][info][gc,stats    ]     Code Roots                     2958 us
[107.931s][info][gc,stats    ]   Rendezvous                         43 us
[107.931s][info][gc,stats    ]   Purge Unlinked                    142 us
[107.931s][info][gc,stats    ]     Code Roots                      139 us
[107.931s][info][gc,stats    ]     CLDG                              3 us
[107.931s][info][gc,stats    ]     Exception Caches                  0 us
[107.931s][info][gc,stats    ] Pause Final Roots (G)               123 us
[107.931s][info][gc,stats    ] Pause Final Roots (N)                48 us
[107.931s][info][gc,stats    ] 
[107.931s][info][gc,stats    ] Allocation pacing accrued:
[107.931s][info][gc,stats    ]       0 of   446 ms (  0.0%): <total>
[107.931s][info][gc,stats    ]       0 of   446 ms (  0.0%): <average total>
[107.931s][info][gc,stats    ] 
[107.931s][info][gc,metaspace] Metaspace: 14236K(14528K)->14236K(14528K) NonClass: 12331K(12480K)->12331K(12480K) Class: 1905K(2048K)->1905K(2048K)
[107.931s][info][gc,ergo     ] Pacer for Idle. Initial: 41943K, Alloc Tax Rate: 1.0x
[108.342s][info][gc          ] Trigger: Learning 3 of 5. Free (1431M) is below initial threshold (1433M)
[108.342s][info][gc,ergo     ] Free: 1431M, Max: 1024K regular, 1418M humongous, Frag: 1% external, 0% internal; Reserve: 103M, Max: 1024K
[108.342s][info][gc,start    ] GC(262) Concurrent reset
[108.342s][info][gc,task     ] GC(262) Using 1 of 3 workers for concurrent reset
[108.342s][info][gc,ergo     ] GC(262) Pacer for Reset. Non-Taxable: 2048M
[108.342s][info][gc          ] GC(262) Concurrent reset 0.226ms
[108.342s][info][gc,start    ] GC(262) Pause Init Mark (unload classes)
[108.342s][info][gc,task     ] GC(262) Using 3 of 3 workers for init marking
[108.342s][info][gc,ergo     ] GC(262) Pacer for Mark. Expected Live: 4520K, Free: 1431M, Non-Taxable: 143M, Alloc Tax Rate: 0.0x
[108.342s][info][gc          ] GC(262) Pause Init Mark (unload classes) 0.064ms
[108.342s][info][gc,start    ] GC(262) Concurrent marking roots
[108.342s][info][gc,task     ] GC(262) Using 1 of 3 workers for concurrent marking roots
[108.343s][info][gc          ] GC(262) Concurrent marking roots 0.422ms
[108.343s][info][gc,start    ] GC(262) Concurrent marking (unload classes)
[108.343s][info][gc,task     ] GC(262) Using 1 of 3 workers for concurrent marking
[108.346s][info][gc          ] GC(262) Concurrent marking (unload classes) 3.889ms
[108.347s][info][gc,start    ] GC(262) Pause Final Mark (unload classes)
[108.347s][info][gc,task     ] GC(262) Using 3 of 3 workers for final marking
[108.347s][info][gc,ergo     ] GC(262) Collectable Garbage: 481M (94%), Immediate: 481M (94%), CSet: 0B (0%)
[108.347s][info][gc          ] GC(262) Pause Final Mark (unload classes) 0.175ms
[108.347s][info][gc,start    ] GC(262) Concurrent weak references
[108.347s][info][gc,task     ] GC(262) Using 1 of 3 workers for concurrent weak references
[108.347s][info][gc,ref      ] GC(262) Encountered references: Soft: 140, Weak: 733, Final: 0, Phantom: 64
[108.347s][info][gc,ref      ] GC(262) Discovered  references: Soft: 0, Weak: 149, Final: 0, Phantom: 37
[108.347s][info][gc,ref      ] GC(262) Enqueued    references: Soft: 0, Weak: 0, Final: 0, Phantom: 0
[108.347s][info][gc          ] GC(262) Concurrent weak references 0.060ms
[108.347s][info][gc,start    ] GC(262) Concurrent weak roots
[108.347s][info][gc,task     ] GC(262) Using 1 of 3 workers for concurrent weak root
[108.351s][info][gc          ] GC(262) Concurrent weak roots 3.724ms
[108.351s][info][gc,start    ] GC(262) Concurrent cleanup
[108.351s][info][gc          ] GC(262) Concurrent cleanup 525M->44M(2048M) 0.056ms
[108.351s][info][gc,ergo     ] GC(262) Free: 1900M, Max: 1024K regular, 1419M humongous, Frag: 26% external, 0% internal; Reserve: 103M, Max: 1024K
[108.351s][info][gc,start    ] GC(262) Concurrent class unloading
[108.351s][info][gc,task     ] GC(262) Using 1 of 3 workers for concurrent class unloading
[108.354s][info][gc          ] GC(262) Concurrent class unloading 3.166ms
[108.354s][info][gc,start    ] GC(262) Pause Final Roots
[108.354s][info][gc          ] GC(262) Pause Final Roots 0.038ms
[108.354s][info][gc,ergo     ] Free: 1897M, Max: 1024K regular, 1419M humongous, Frag: 26% external, 0% internal; Reserve: 103M, Max: 1024K
[108.354s][info][gc,stats    ] 
[108.354s][info][gc,stats    ] All times are wall-clock times, except per-root-class counters, that are sum over
[108.354s][info][gc,stats    ] all workers. Dividing the <total> over the root stage time estimates parallelism.
[108.354s][info][gc,stats    ] 
[108.354s][info][gc,stats    ] Concurrent Reset                    268 us
[108.354s][info][gc,stats    ] Pause Init Mark (G)                 194 us
[108.354s][info][gc,stats    ] Pause Init Mark (N)                  72 us
[108.354s][info][gc,stats    ]   Update Region States               25 us
[108.354s][info][gc,stats    ] Concurrent Mark Roots               436 us, parallelism: 0.85x
[108.354s][info][gc,stats    ]   CMR: <total>                      372 us
[108.354s][info][gc,stats    ]   CMR: Thread Roots                 325 us, workers (us): 325, ---, ---, 
[108.354s][info][gc,stats    ]   CMR: VM Strong Roots                5 us, workers (us):   5, ---, ---, 
[108.354s][info][gc,stats    ]   CMR: CLDG Roots                    41 us, workers (us):  41, ---, ---, 
[108.354s][info][gc,stats    ] Concurrent Marking                 3942 us
[108.354s][info][gc,stats    ] Pause Final Mark (G)                232 us
[108.354s][info][gc,stats    ] Pause Final Mark (N)                184 us
[108.354s][info][gc,stats    ]   Finish Mark                        36 us
[108.354s][info][gc,stats    ]   Update Region States               29 us
[108.354s][info][gc,stats    ]   Choose Collection Set              27 us
[108.354s][info][gc,stats    ]   Rebuild Free Set                    8 us
[108.354s][info][gc,stats    ] Concurrent Weak References           67 us, parallelism: 0.11x
[108.354s][info][gc,stats    ]   CWRF: <total>                       7 us
[108.354s][info][gc,stats    ]   CWRF: Weak References               7 us, workers (us):   7, ---, ---, 
[108.354s][info][gc,stats    ] Concurrent Weak Roots              3772 us
[108.354s][info][gc,stats    ]   Roots                            3654 us, parallelism: 0.99x
[108.354s][info][gc,stats    ]     CWR: <total>                   3628 us
[108.354s][info][gc,stats    ]     CWR: Code Cache Roots           688 us, workers (us): 688, ---, ---, 
[108.354s][info][gc,stats    ]     CWR: VM Weak Roots             2930 us, workers (us): 2930, ---, ---, 
[108.354s][info][gc,stats    ]     CWR: CLDG Roots                   9 us, workers (us):   9, ---, ---, 
[108.354s][info][gc,stats    ]   Rendezvous                         53 us
[108.354s][info][gc,stats    ] Concurrent Cleanup                   65 us
[108.354s][info][gc,stats    ] Concurrent Class Unloading         3214 us
[108.354s][info][gc,stats    ]   Unlink Stale                     2960 us
[108.354s][info][gc,stats    ]     System Dictionary                 8 us
[108.354s][info][gc,stats    ]     Weak Class Links                  0 us
[108.354s][info][gc,stats    ]     Code Roots                     2950 us
[108.354s][info][gc,stats    ]   Rendezvous                         54 us
[108.354s][info][gc,stats    ]   Purge Unlinked                    134 us
[108.354s][info][gc,stats    ]     Code Roots                      131 us
[108.354s][info][gc,stats    ]     CLDG                              2 us
[108.354s][info][gc,stats    ]     Exception Caches                  0 us
[108.354s][info][gc,stats    ] Pause Final Roots (G)                98 us
[108.354s][info][gc,stats    ] Pause Final Roots (N)                48 us
[108.354s][info][gc,stats    ] 
[108.354s][info][gc,stats    ] Allocation pacing accrued:
[108.354s][info][gc,stats    ]       0 of   423 ms (  0.0%): <total>
[108.354s][info][gc,stats    ]       0 of   423 ms (  0.0%): <average total>
[108.354s][info][gc,stats    ] 
[108.354s][info][gc,metaspace] Metaspace: 14236K(14528K)->14236K(14528K) NonClass: 12331K(12480K)->12331K(12480K) Class: 1905K(2048K)->1905K(2048K)
[108.354s][info][gc,ergo     ] Pacer for Idle. Initial: 41943K, Alloc Tax Rate: 1.0x
[108.763s][info][gc          ] Trigger: Learning 4 of 5. Free (1431M) is below initial threshold (1433M)
[108.763s][info][gc,ergo     ] Free: 1431M, Max: 1024K regular, 1419M humongous, Frag: 1% external, 0% internal; Reserve: 103M, Max: 1024K
[108.763s][info][gc,start    ] GC(263) Concurrent reset
[108.763s][info][gc,task     ] GC(263) Using 1 of 3 workers for concurrent reset
[108.763s][info][gc,ergo     ] GC(263) Pacer for Reset. Non-Taxable: 2048M
[108.763s][info][gc          ] GC(263) Concurrent reset 0.221ms
[108.763s][info][gc,start    ] GC(263) Pause Init Mark (unload classes)
[108.763s][info][gc,task     ] GC(263) Using 3 of 3 workers for init marking
[108.763s][info][gc,ergo     ] GC(263) Pacer for Mark. Expected Live: 4519K, Free: 1431M, Non-Taxable: 143M, Alloc Tax Rate: 0.0x
[108.763s][info][gc          ] GC(263) Pause Init Mark (unload classes) 0.096ms
[108.763s][info][gc,start    ] GC(263) Concurrent marking roots
[108.763s][info][gc,task     ] GC(263) Using 1 of 3 workers for concurrent marking roots
[108.764s][info][gc          ] GC(263) Concurrent marking roots 0.428ms
[108.764s][info][gc,start    ] GC(263) Concurrent marking (unload classes)
[108.764s][info][gc,task     ] GC(263) Using 1 of 3 workers for concurrent marking
[108.768s][info][gc          ] GC(263) Concurrent marking (unload classes) 4.048ms
[108.768s][info][gc,start    ] GC(263) Pause Final Mark (unload classes)
[108.768s][info][gc,task     ] GC(263) Using 3 of 3 workers for final marking
[108.768s][info][gc,ergo     ] GC(263) Collectable Garbage: 478M (93%), Immediate: 478M (93%), CSet: 0B (0%)
[108.768s][info][gc          ] GC(263) Pause Final Mark (unload classes) 0.144ms
[108.768s][info][gc,start    ] GC(263) Concurrent weak references
[108.768s][info][gc,task     ] GC(263) Using 1 of 3 workers for concurrent weak references
[108.768s][info][gc,ref      ] GC(263) Encountered references: Soft: 140, Weak: 733, Final: 0, Phantom: 64
[108.768s][info][gc,ref      ] GC(263) Discovered  references: Soft: 0, Weak: 149, Final: 0, Phantom: 37
[108.768s][info][gc,ref      ] GC(263) Enqueued    references: Soft: 0, Weak: 0, Final: 0, Phantom: 0
[108.768s][info][gc          ] GC(263) Concurrent weak references 0.070ms
[108.768s][info][gc,start    ] GC(263) Concurrent weak roots
[108.768s][info][gc,task     ] GC(263) Using 1 of 3 workers for concurrent weak root
[108.772s][info][gc          ] GC(263) Concurrent weak roots 4.055ms
[108.772s][info][gc,start    ] GC(263) Concurrent cleanup
[108.772s][info][gc          ] GC(263) Concurrent cleanup 525M->47M(2048M) 0.052ms
[108.772s][info][gc,ergo     ] GC(263) Free: 1897M, Max: 1024K regular, 1418M humongous, Frag: 26% external, 0% internal; Reserve: 103M, Max: 1024K
[108.772s][info][gc,start    ] GC(263) Concurrent class unloading
[108.772s][info][gc,task     ] GC(263) Using 1 of 3 workers for concurrent class unloading
[108.775s][info][gc          ] GC(263) Concurrent class unloading 3.234ms
[108.775s][info][gc,start    ] GC(263) Pause Final Roots
[108.775s][info][gc          ] GC(263) Pause Final Roots 0.038ms
[108.776s][info][gc,ergo     ] Free: 1891M, Max: 1024K regular, 1418M humongous, Frag: 25% external, 0% internal; Reserve: 103M, Max: 1024K
[108.776s][info][gc,stats    ] 
[108.776s][info][gc,stats    ] All times are wall-clock times, except per-root-class counters, that are sum over
[108.776s][info][gc,stats    ] all workers. Dividing the <total> over the root stage time estimates parallelism.
[108.776s][info][gc,stats    ] 
[108.776s][info][gc,stats    ] Concurrent Reset                    237 us
[108.776s][info][gc,stats    ] Pause Init Mark (G)                 175 us
[108.776s][info][gc,stats    ] Pause Init Mark (N)                 105 us
[108.776s][info][gc,stats    ]   Update Region States               31 us
[108.776s][info][gc,stats    ] Concurrent Mark Roots               443 us, parallelism: 0.86x
[108.776s][info][gc,stats    ]   CMR: <total>                      379 us
[108.776s][info][gc,stats    ]   CMR: Thread Roots                 333 us, workers (us): 333, ---, ---, 
[108.776s][info][gc,stats    ]   CMR: VM Strong Roots                6 us, workers (us):   6, ---, ---, 
[108.776s][info][gc,stats    ]   CMR: CLDG Roots                    40 us, workers (us):  40, ---, ---, 
[108.776s][info][gc,stats    ] Concurrent Marking                 4098 us
[108.776s][info][gc,stats    ] Pause Final Mark (G)                215 us
[108.776s][info][gc,stats    ] Pause Final Mark (N)                153 us
[108.776s][info][gc,stats    ]   Finish Mark                        35 us
[108.776s][info][gc,stats    ]   Update Region States               27 us
[108.776s][info][gc,stats    ]   Choose Collection Set              28 us
[108.776s][info][gc,stats    ]   Rebuild Free Set                    8 us
[108.776s][info][gc,stats    ] Concurrent Weak References           77 us, parallelism: 0.10x
[108.776s][info][gc,stats    ]   CWRF: <total>                       8 us
[108.776s][info][gc,stats    ]   CWRF: Weak References               8 us, workers (us):   8, ---, ---, 
[108.776s][info][gc,stats    ] Concurrent Weak Roots              4091 us
[108.776s][info][gc,stats    ]   Roots                            3986 us, parallelism: 0.99x
[108.776s][info][gc,stats    ]     CWR: <total>                   3959 us
[108.776s][info][gc,stats    ]     CWR: Code Cache Roots           674 us, workers (us): 674, ---, ---, 
[108.776s][info][gc,stats    ]     CWR: VM Weak Roots             3278 us, workers (us): 3278, ---, ---, 
[108.776s][info][gc,stats    ]     CWR: CLDG Roots                   7 us, workers (us):   7, ---, ---, 
[108.776s][info][gc,stats    ]   Rendezvous                         51 us
[108.776s][info][gc,stats    ] Concurrent Cleanup                   60 us
[108.776s][info][gc,stats    ] Concurrent Class Unloading         3287 us
[108.776s][info][gc,stats    ]   Unlink Stale                     3022 us
[108.776s][info][gc,stats    ]     System Dictionary                 8 us
[108.776s][info][gc,stats    ]     Weak Class Links                  0 us
[108.776s][info][gc,stats    ]     Code Roots                     3010 us
[108.776s][info][gc,stats    ]   Rendezvous                         52 us
[108.776s][info][gc,stats    ]   Purge Unlinked                    142 us
[108.776s][info][gc,stats    ]     Code Roots                      139 us
[108.776s][info][gc,stats    ]     CLDG                              2 us
[108.776s][info][gc,stats    ]     Exception Caches                  0 us
[108.776s][info][gc,stats    ] Pause Final Roots (G)               103 us
[108.776s][info][gc,stats    ] Pause Final Roots (N)                47 us
[108.776s][info][gc,stats    ] 
[108.776s][info][gc,stats    ] Allocation pacing accrued:
[108.776s][info][gc,stats    ]       0 of   422 ms (  0.0%): <total>
[108.776s][info][gc,stats    ]       0 of   422 ms (  0.0%): <average total>
[108.776s][info][gc,stats    ] 
[108.776s][info][gc,metaspace] Metaspace: 14236K(14528K)->14236K(14528K) NonClass: 12331K(12480K)->12331K(12480K) Class: 1905K(2048K)->1905K(2048K)
[108.776s][info][gc,ergo     ] Pacer for Idle. Initial: 41943K, Alloc Tax Rate: 1.0x
[109.179s][info][gc          ] Trigger: Learning 5 of 5. Free (1433M) is below initial threshold (1433M)
[109.179s][info][gc,ergo     ] Free: 1433M, Max: 1024K regular, 1418M humongous, Frag: 1% external, 0% internal; Reserve: 103M, Max: 1024K
[109.179s][info][gc,start    ] GC(264) Concurrent reset
[109.179s][info][gc,task     ] GC(264) Using 1 of 3 workers for concurrent reset
[109.179s][info][gc,ergo     ] GC(264) Pacer for Reset. Non-Taxable: 2048M
[109.179s][info][gc          ] GC(264) Concurrent reset 0.302ms
[109.179s][info][gc,start    ] GC(264) Pause Init Mark (unload classes)
[109.179s][info][gc,task     ] GC(264) Using 3 of 3 workers for init marking
[109.179s][info][gc,ergo     ] GC(264) Pacer for Mark. Expected Live: 4519K, Free: 1433M, Non-Taxable: 143M, Alloc Tax Rate: 0.0x
[109.179s][info][gc          ] GC(264) Pause Init Mark (unload classes) 0.098ms
[109.179s][info][gc,start    ] GC(264) Concurrent marking roots
[109.179s][info][gc,task     ] GC(264) Using 1 of 3 workers for concurrent marking roots
[109.180s][info][gc          ] GC(264) Concurrent marking roots 0.427ms
[109.180s][info][gc,start    ] GC(264) Concurrent marking (unload classes)
[109.180s][info][gc,task     ] GC(264) Using 1 of 3 workers for concurrent marking
[109.184s][info][gc          ] GC(264) Concurrent marking (unload classes) 3.960ms
[109.184s][info][gc,start    ] GC(264) Pause Final Mark (unload classes)
[109.184s][info][gc,task     ] GC(264) Using 3 of 3 workers for final marking
[109.184s][info][gc,ergo     ] GC(264) Collectable Garbage: 473M (93%), Immediate: 473M (93%), CSet: 0B (0%)
[109.184s][info][gc          ] GC(264) Pause Final Mark (unload classes) 0.164ms
[109.184s][info][gc,start    ] GC(264) Concurrent weak references
[109.184s][info][gc,task     ] GC(264) Using 1 of 3 workers for concurrent weak references
[109.184s][info][gc,ref      ] GC(264) Encountered references: Soft: 140, Weak: 733, Final: 0, Phantom: 64
[109.184s][info][gc,ref      ] GC(264) Discovered  references: Soft: 0, Weak: 149, Final: 0, Phantom: 37
[109.184s][info][gc,ref      ] GC(264) Enqueued    references: Soft: 0, Weak: 0, Final: 0, Phantom: 0
[109.184s][info][gc          ] GC(264) Concurrent weak references 0.071ms
[109.184s][info][gc,start    ] GC(264) Concurrent weak roots
[109.184s][info][gc,task     ] GC(264) Using 1 of 3 workers for concurrent weak root
[109.189s][info][gc          ] GC(264) Concurrent weak roots 4.703ms
[109.189s][info][gc,start    ] GC(264) Concurrent cleanup
[109.189s][info][gc          ] GC(264) Concurrent cleanup 524M->50M(2048M) 0.050ms
[109.189s][info][gc,ergo     ] GC(264) Free: 1894M, Max: 1024K regular, 1419M humongous, Frag: 26% external, 0% internal; Reserve: 103M, Max: 1024K
[109.189s][info][gc,start    ] GC(264) Concurrent class unloading
[109.189s][info][gc,task     ] GC(264) Using 1 of 3 workers for concurrent class unloading
[109.192s][info][gc          ] GC(264) Concurrent class unloading 3.242ms
[109.192s][info][gc,start    ] GC(264) Pause Final Roots
[109.192s][info][gc          ] GC(264) Pause Final Roots 0.038ms
[109.192s][info][gc,ergo     ] Free: 1888M, Max: 1024K regular, 1419M humongous, Frag: 25% external, 0% internal; Reserve: 103M, Max: 1024K
[109.192s][info][gc,stats    ] 
[109.192s][info][gc,stats    ] All times are wall-clock times, except per-root-class counters, that are sum over
[109.192s][info][gc,stats    ] all workers. Dividing the <total> over the root stage time estimates parallelism.
[109.192s][info][gc,stats    ] 
[109.192s][info][gc,stats    ] Concurrent Reset                    322 us
[109.192s][info][gc,stats    ] Pause Init Mark (G)                 229 us
[109.192s][info][gc,stats    ] Pause Init Mark (N)                 107 us
[109.192s][info][gc,stats    ]   Update Region States               26 us
[109.192s][info][gc,stats    ] Concurrent Mark Roots               445 us, parallelism: 0.85x
[109.192s][info][gc,stats    ]   CMR: <total>                      376 us
[109.192s][info][gc,stats    ]   CMR: Thread Roots                 335 us, workers (us): 335, ---, ---, 
[109.192s][info][gc,stats    ]   CMR: VM Strong Roots                4 us, workers (us):   4, ---, ---, 
[109.192s][info][gc,stats    ]   CMR: CLDG Roots                    37 us, workers (us):  37, ---, ---, 
[109.192s][info][gc,stats    ] Concurrent Marking                 4012 us
[109.192s][info][gc,stats    ] Pause Final Mark (G)                235 us
[109.192s][info][gc,stats    ] Pause Final Mark (N)                174 us
[109.192s][info][gc,stats    ]   Finish Mark                        37 us
[109.192s][info][gc,stats    ]   Update Region States               29 us
[109.192s][info][gc,stats    ]   Choose Collection Set              39 us
[109.193s][info][gc,stats    ]   Rebuild Free Set                    8 us
[109.193s][info][gc,stats    ] Concurrent Weak References           79 us, parallelism: 0.11x
[109.193s][info][gc,stats    ]   CWRF: <total>                       9 us
[109.193s][info][gc,stats    ]   CWRF: Weak References               9 us, workers (us):   9, ---, ---, 
[109.193s][info][gc,stats    ] Concurrent Weak Roots              4756 us
[109.193s][info][gc,stats    ]   Roots                            4627 us, parallelism: 1.00x
[109.193s][info][gc,stats    ]     CWR: <total>                   4605 us
[109.193s][info][gc,stats    ]     CWR: Code Cache Roots           676 us, workers (us): 676, ---, ---, 
[109.193s][info][gc,stats    ]     CWR: VM Weak Roots             3921 us, workers (us): 3921, ---, ---, 
[109.193s][info][gc,stats    ]     CWR: CLDG Roots                   8 us, workers (us):   8, ---, ---, 
[109.193s][info][gc,stats    ]   Rendezvous                         58 us
[109.193s][info][gc,stats    ] Concurrent Cleanup                   59 us
[109.193s][info][gc,stats    ] Concurrent Class Unloading         3295 us
[109.193s][info][gc,stats    ]   Unlink Stale                     3010 us
[109.193s][info][gc,stats    ]     System Dictionary                 9 us
[109.193s][info][gc,stats    ]     Weak Class Links                  0 us
[109.193s][info][gc,stats    ]     Code Roots                     2999 us
[109.193s][info][gc,stats    ]   Rendezvous                         36 us
[109.193s][info][gc,stats    ]   Purge Unlinked                    176 us
[109.193s][info][gc,stats    ]     Code Roots                      172 us
[109.193s][info][gc,stats    ]     CLDG                              3 us
[109.193s][info][gc,stats    ]     Exception Caches                  0 us
[109.193s][info][gc,stats    ] Pause Final Roots (G)               108 us
[109.193s][info][gc,stats    ] Pause Final Roots (N)                46 us
[109.193s][info][gc,stats    ] 
[109.193s][info][gc,stats    ] Allocation pacing accrued:
[109.193s][info][gc,stats    ]       0 of   417 ms (  0.0%): <total>
[109.193s][info][gc,stats    ]       0 of   417 ms (  0.0%): <average total>
[109.193s][info][gc,stats    ] 
[109.193s][info][gc,metaspace] Metaspace: 14236K(14528K)->14236K(14528K) NonClass: 12331K(12480K)->12331K(12480K) Class: 1905K(2048K)->1905K(2048K)
[109.193s][info][gc,ergo     ] Pacer for Idle. Initial: 41943K, Alloc Tax Rate: 1.0x
[109.442s][info][gc          ] Trigger: Explicit GC request (System.gc())
[109.442s][info][gc,ergo     ] Free: 1691M, Max: 1024K regular, 1419M humongous, Frag: 17% external, 0% internal; Reserve: 103M, Max: 1024K
[109.442s][info][gc,start    ] GC(265) Concurrent reset
[109.442s][info][gc,task     ] GC(265) Using 1 of 3 workers for concurrent reset
[109.442s][info][gc,ergo     ] GC(265) Pacer for Reset. Non-Taxable: 2048M
[109.443s][info][gc          ] GC(265) Concurrent reset 0.475ms
[109.443s][info][gc,start    ] GC(265) Pause Init Mark (unload classes)
[109.443s][info][gc,task     ] GC(265) Using 3 of 3 workers for init marking
[109.443s][info][gc,ref      ] GC(265) Clearing All SoftReferences
[109.443s][info][gc,ergo     ] GC(265) Pacer for Mark. Expected Live: 4518K, Free: 1691M, Non-Taxable: 169M, Alloc Tax Rate: 0.0x
[109.443s][info][gc          ] GC(265) Pause Init Mark (unload classes) 0.371ms
[109.443s][info][gc,start    ] GC(265) Concurrent marking roots
[109.444s][info][gc,task     ] GC(265) Using 1 of 3 workers for concurrent marking roots
[109.444s][info][gc          ] GC(265) Concurrent marking roots 0.774ms
[109.444s][info][gc,start    ] GC(265) Concurrent marking (unload classes)
[109.444s][info][gc,task     ] GC(265) Using 1 of 3 workers for concurrent marking
[109.449s][info][gc          ] GC(265) Concurrent marking (unload classes) 4.535ms
[109.449s][info][gc,start    ] GC(265) Pause Final Mark (unload classes)
[109.449s][info][gc,task     ] GC(265) Using 3 of 3 workers for final marking
[109.449s][info][gc,ergo     ] GC(265) Collectable Garbage: 235M (94%), Immediate: 235M (94%), CSet: 0B (0%)
[109.449s][info][gc          ] GC(265) Pause Final Mark (unload classes) 0.395ms
[109.449s][info][gc,start    ] GC(265) Concurrent weak references
[109.449s][info][gc,task     ] GC(265) Using 1 of 3 workers for concurrent weak references
[109.449s][info][gc,ref      ] GC(265) Encountered references: Soft: 140, Weak: 717, Final: 0, Phantom: 64
[109.449s][info][gc,ref      ] GC(265) Discovered  references: Soft: 88, Weak: 171, Final: 0, Phantom: 62
[109.449s][info][gc,ref      ] GC(265) Enqueued    references: Soft: 3, Weak: 0, Final: 0, Phantom: 0
[109.449s][info][gc          ] GC(265) Concurrent weak references 0.092ms
[109.449s][info][gc,start    ] GC(265) Concurrent weak roots
[109.449s][info][gc,task     ] GC(265) Using 1 of 3 workers for concurrent weak root
[109.453s][info][gc          ] GC(265) Concurrent weak roots 3.925ms
[109.453s][info][gc,start    ] GC(265) Concurrent cleanup
[109.454s][info][gc          ] GC(265) Concurrent cleanup 253M->17M(2048M) 0.090ms
[109.454s][info][gc,ergo     ] GC(265) Free: 1927M, Max: 1024K regular, 1687M humongous, Frag: 13% external, 0% internal; Reserve: 103M, Max: 1024K
[109.454s][info][gc,start    ] GC(265) Concurrent class unloading
[109.454s][info][gc,task     ] GC(265) Using 1 of 3 workers for concurrent class unloading
[109.458s][info][gc          ] GC(265) Concurrent class unloading 4.151ms
[109.458s][info][gc,start    ] GC(265) Pause Final Roots
[109.458s][info][gc          ] GC(265) Pause Final Roots 0.059ms
[109.458s][info][gc,ergo     ] Free: 1927M, Max: 1024K regular, 1687M humongous, Frag: 13% external, 0% internal; Reserve: 103M, Max: 1024K
[109.458s][info][gc,stats    ] 
[109.458s][info][gc,stats    ] All times are wall-clock times, except per-root-class counters, that are sum over
[109.458s][info][gc,stats    ] all workers. Dividing the <total> over the root stage time estimates parallelism.
[109.458s][info][gc,stats    ] 
[109.458s][info][gc,stats    ] Concurrent Reset                    538 us
[109.458s][info][gc,stats    ] Pause Init Mark (G)                 573 us
[109.458s][info][gc,stats    ] Pause Init Mark (N)                 395 us
[109.458s][info][gc,stats    ]   Update Region States              144 us
[109.458s][info][gc,stats    ] Concurrent Mark Roots               792 us, parallelism: 0.85x
[109.458s][info][gc,stats    ]   CMR: <total>                      677 us
[109.458s][info][gc,stats    ]   CMR: Thread Roots                 585 us, workers (us): 585, ---, ---, 
[109.458s][info][gc,stats    ]   CMR: VM Strong Roots                8 us, workers (us):   8, ---, ---, 
[109.458s][info][gc,stats    ]   CMR: CLDG Roots                    84 us, workers (us):  84, ---, ---, 
[109.458s][info][gc,stats    ] Concurrent Marking                 4595 us
[109.458s][info][gc,stats    ] Pause Final Mark (G)                524 us
[109.458s][info][gc,stats    ] Pause Final Mark (N)                420 us
[109.458s][info][gc,stats    ]   Finish Mark                       139 us
[109.458s][info][gc,stats    ]   Update Region States               76 us
[109.458s][info][gc,stats    ]   Choose Collection Set              77 us
[109.458s][info][gc,stats    ]   Rebuild Free Set                   21 us
[109.458s][info][gc,stats    ] Concurrent Weak References          100 us, parallelism: 0.07x
[109.458s][info][gc,stats    ]   CWRF: <total>                       7 us
[109.458s][info][gc,stats    ]   CWRF: Weak References               7 us, workers (us):   7, ---, ---, 
[109.458s][info][gc,stats    ] Concurrent Weak Roots              3974 us
[109.458s][info][gc,stats    ]   Roots                            3774 us, parallelism: 0.98x
[109.458s][info][gc,stats    ]     CWR: <total>                   3695 us
[109.458s][info][gc,stats    ]     CWR: Code Cache Roots           671 us, workers (us): 671, ---, ---, 
[109.458s][info][gc,stats    ]     CWR: VM Weak Roots             3015 us, workers (us): 3015, ---, ---, 
[109.458s][info][gc,stats    ]     CWR: CLDG Roots                   9 us, workers (us):   9, ---, ---, 
[109.458s][info][gc,stats    ]   Rendezvous                        133 us
[109.458s][info][gc,stats    ] Concurrent Cleanup                  113 us
[109.458s][info][gc,stats    ] Concurrent Class Unloading         4214 us
[109.458s][info][gc,stats    ]   Unlink Stale                     3794 us
[109.458s][info][gc,stats    ]     System Dictionary                16 us
[109.458s][info][gc,stats    ]     Weak Class Links                  1 us
[109.459s][info][gc,stats    ]     Code Roots                     3775 us
[109.459s][info][gc,stats    ]   Rendezvous                        158 us
[109.459s][info][gc,stats    ]   Purge Unlinked                    156 us
[109.459s][info][gc,stats    ]     Code Roots                      147 us
[109.459s][info][gc,stats    ]     CLDG                              8 us
[109.459s][info][gc,stats    ]     Exception Caches                  0 us
[109.459s][info][gc,stats    ] Pause Final Roots (G)               182 us
[109.459s][info][gc,stats    ] Pause Final Roots (N)                78 us
[109.459s][info][gc,stats    ] 
[109.459s][info][gc,stats    ] Allocation pacing accrued:
[109.459s][info][gc,stats    ]       0 of   266 ms (  0.0%): <total>
[109.459s][info][gc,stats    ]       0 of   266 ms (  0.0%): <average total>
[109.459s][info][gc,stats    ] 
[109.459s][info][gc,metaspace] Metaspace: 14236K(14528K)->14236K(14528K) NonClass: 12331K(12480K)->12331K(12480K) Class: 1905K(2048K)->1905K(2048K)
[109.459s][info][gc,ergo     ] Pacer for Idle. Initial: 41943K, Alloc Tax Rate: 1.0x
[109.927s][info][gc          ] Trigger: Learning 2 of 5. Free (1433M) is below initial threshold (1433M)
[109.927s][info][gc,ergo     ] Free: 1433M, Max: 1024K regular, 1432M humongous, Frag: 0% external, 0% internal; Reserve: 103M, Max: 1024K
[109.927s][info][gc,start    ] GC(266) Concurrent reset
[109.927s][info][gc,task     ] GC(266) Using 1 of 3 workers for concurrent reset
[109.927s][info][gc,ergo     ] GC(266) Pacer for Reset. Non-Taxable: 2048M
[109.927s][info][gc          ] GC(266) Concurrent reset 0.144ms
[109.927s][info][gc,start    ] GC(266) Pause Init Mark (unload classes)
[109.927s][info][gc,task     ] GC(266) Using 3 of 3 workers for init marking
[109.927s][info][gc,ergo     ] GC(266) Pacer for Mark. Expected Live: 4518K, Free: 1433M, Non-Taxable: 143M, Alloc Tax Rate: 0.0x
[109.927s][info][gc          ] GC(266) Pause Init Mark (unload classes) 0.074ms
[109.927s][info][gc,start    ] GC(266) Concurrent marking roots
[109.927s][info][gc,task     ] GC(266) Using 1 of 3 workers for concurrent marking roots
[109.928s][info][gc          ] GC(266) Concurrent marking roots 0.401ms
[109.928s][info][gc,start    ] GC(266) Concurrent marking (unload classes)
[109.928s][info][gc,task     ] GC(266) Using 1 of 3 workers for concurrent marking
[109.932s][info][gc          ] GC(266) Concurrent marking (unload classes) 3.975ms
[109.932s][info][gc,start    ] GC(266) Pause Final Mark (unload classes)
[109.932s][info][gc,task     ] GC(266) Using 3 of 3 workers for final marking
[109.932s][info][gc,ergo     ] GC(266) Collectable Garbage: 482M (95%), Immediate: 482M (95%), CSet: 0B (0%)
[109.932s][info][gc          ] GC(266) Pause Final Mark (unload classes) 0.146ms
[109.932s][info][gc,start    ] GC(266) Concurrent weak references
[109.932s][info][gc,task     ] GC(266) Using 1 of 3 workers for concurrent weak references
[109.932s][info][gc,ref      ] GC(266) Encountered references: Soft: 140, Weak: 729, Final: 0, Phantom: 64
[109.932s][info][gc,ref      ] GC(266) Discovered  references: Soft: 0, Weak: 147, Final: 0, Phantom: 37
[109.932s][info][gc,ref      ] GC(266) Enqueued    references: Soft: 0, Weak: 0, Final: 0, Phantom: 0
[109.932s][info][gc          ] GC(266) Concurrent weak references 0.068ms
[109.932s][info][gc,start    ] GC(266) Concurrent weak roots
[109.932s][info][gc,task     ] GC(266) Using 1 of 3 workers for concurrent weak root
[109.938s][info][gc          ] GC(266) Concurrent weak roots 5.625ms
[109.938s][info][gc,start    ] GC(266) Concurrent cleanup
[109.938s][info][gc          ] GC(266) Concurrent cleanup 524M->42M(2048M) 0.048ms
[109.938s][info][gc,ergo     ] GC(266) Free: 1902M, Max: 1024K regular, 1419M humongous, Frag: 26% external, 0% internal; Reserve: 103M, Max: 1024K
[109.938s][info][gc,start    ] GC(266) Concurrent class unloading
[109.938s][info][gc,task     ] GC(266) Using 1 of 3 workers for concurrent class unloading
[109.941s][info][gc          ] GC(266) Concurrent class unloading 3.232ms
[109.941s][info][gc,start    ] GC(266) Pause Final Roots
[109.941s][info][gc          ] GC(266) Pause Final Roots 0.027ms
[109.941s][info][gc,ergo     ] Free: 1898M, Max: 1024K regular, 1419M humongous, Frag: 26% external, 0% internal; Reserve: 103M, Max: 1024K
[109.941s][info][gc,stats    ] 
[109.941s][info][gc,stats    ] All times are wall-clock times, except per-root-class counters, that are sum over
[109.941s][info][gc,stats    ] all workers. Dividing the <total> over the root stage time estimates parallelism.
[109.941s][info][gc,stats    ] 
[109.941s][info][gc,stats    ] Concurrent Reset                    186 us
[109.941s][info][gc,stats    ] Pause Init Mark (G)                 194 us
[109.941s][info][gc,stats    ] Pause Init Mark (N)                  82 us
[109.941s][info][gc,stats    ]   Update Region States               26 us
[109.941s][info][gc,stats    ] Concurrent Mark Roots               417 us, parallelism: 0.84x
[109.941s][info][gc,stats    ]   CMR: <total>                      349 us
[109.941s][info][gc,stats    ]   CMR: Thread Roots                 310 us, workers (us): 310, ---, ---, 
[109.941s][info][gc,stats    ]   CMR: VM Strong Roots                4 us, workers (us):   4, ---, ---, 
[109.941s][info][gc,stats    ]   CMR: CLDG Roots                    34 us, workers (us):  34, ---, ---, 
[109.941s][info][gc,stats    ] Concurrent Marking                 4023 us
[109.941s][info][gc,stats    ] Pause Final Mark (G)                253 us
[109.941s][info][gc,stats    ] Pause Final Mark (N)                155 us
[109.941s][info][gc,stats    ]   Finish Mark                        35 us
[109.941s][info][gc,stats    ]   Update Region States               29 us
[109.941s][info][gc,stats    ]   Choose Collection Set              50 us
[109.942s][info][gc,stats    ]   Rebuild Free Set                    7 us
[109.942s][info][gc,stats    ] Concurrent Weak References           76 us, parallelism: 0.09x
[109.942s][info][gc,stats    ]   CWRF: <total>                       7 us
[109.942s][info][gc,stats    ]   CWRF: Weak References               7 us, workers (us):   7, ---, ---, 
[109.942s][info][gc,stats    ] Concurrent Weak Roots              5679 us
[109.942s][info][gc,stats    ]   Roots                            5527 us, parallelism: 1.00x
[109.942s][info][gc,stats    ]     CWR: <total>                   5500 us
[109.942s][info][gc,stats    ]     CWR: Code Cache Roots           734 us, workers (us): 734, ---, ---, 
[109.942s][info][gc,stats    ]     CWR: VM Weak Roots             4759 us, workers (us): 4759, ---, ---, 
[109.942s][info][gc,stats    ]     CWR: CLDG Roots                   7 us, workers (us):   7, ---, ---, 
[109.942s][info][gc,stats    ]   Rendezvous                         81 us
[109.942s][info][gc,stats    ] Concurrent Cleanup                   56 us
[109.942s][info][gc,stats    ] Concurrent Class Unloading         3271 us
[109.942s][info][gc,stats    ]   Unlink Stale                     2991 us
[109.942s][info][gc,stats    ]     System Dictionary                 8 us
[109.942s][info][gc,stats    ]     Weak Class Links                  0 us
[109.942s][info][gc,stats    ]     Code Roots                     2982 us
[109.942s][info][gc,stats    ]   Rendezvous                         58 us
[109.942s][info][gc,stats    ]   Purge Unlinked                    154 us
[109.942s][info][gc,stats    ]     Code Roots                      152 us
[109.942s][info][gc,stats    ]     CLDG                              2 us
[109.942s][info][gc,stats    ]     Exception Caches                  0 us
[109.942s][info][gc,stats    ] Pause Final Roots (G)               126 us
[109.942s][info][gc,stats    ] Pause Final Roots (N)                35 us
[109.942s][info][gc,stats    ] 
[109.942s][info][gc,stats    ] Allocation pacing accrued:
[109.942s][info][gc,stats    ]       0 of   483 ms (  0.0%): <total>
[109.942s][info][gc,stats    ]       0 of   483 ms (  0.0%): <average total>
[109.942s][info][gc,stats    ] 
[109.942s][info][gc,metaspace] Metaspace: 14236K(14528K)->14236K(14528K) NonClass: 12331K(12480K)->12331K(12480K) Class: 1905K(2048K)->1905K(2048K)
[109.942s][info][gc,ergo     ] Pacer for Idle. Initial: 41943K, Alloc Tax Rate: 1.0x
[110.385s][info][gc          ] Trigger: Learning 3 of 5. Free (1432M) is below initial threshold (1433M)
[110.385s][info][gc,ergo     ] Free: 1432M, Max: 1024K regular, 1419M humongous, Frag: 1% external, 0% internal; Reserve: 103M, Max: 1024K
[110.385s][info][gc,start    ] GC(267) Concurrent reset
[110.385s][info][gc,task     ] GC(267) Using 1 of 3 workers for concurrent reset
[110.385s][info][gc,ergo     ] GC(267) Pacer for Reset. Non-Taxable: 2048M
[110.386s][info][gc          ] GC(267) Concurrent reset 0.225ms
[110.386s][info][gc,start    ] GC(267) Pause Init Mark (unload classes)
[110.386s][info][gc,task     ] GC(267) Using 3 of 3 workers for init marking
[110.386s][info][gc,ergo     ] GC(267) Pacer for Mark. Expected Live: 4518K, Free: 1432M, Non-Taxable: 143M, Alloc Tax Rate: 0.0x
[110.386s][info][gc          ] GC(267) Pause Init Mark (unload classes) 0.091ms
[110.386s][info][gc,start    ] GC(267) Concurrent marking roots
[110.386s][info][gc,task     ] GC(267) Using 1 of 3 workers for concurrent marking roots
[110.386s][info][gc          ] GC(267) Concurrent marking roots 0.446ms
[110.386s][info][gc,start    ] GC(267) Concurrent marking (unload classes)
[110.386s][info][gc,task     ] GC(267) Using 1 of 3 workers for concurrent marking
[110.390s][info][gc          ] GC(267) Concurrent marking (unload classes) 3.881ms
[110.390s][info][gc,start    ] GC(267) Pause Final Mark (unload classes)
[110.390s][info][gc,task     ] GC(267) Using 3 of 3 workers for final marking
[110.391s][info][gc,ergo     ] GC(267) Collectable Garbage: 480M (94%), Immediate: 480M (94%), CSet: 0B (0%)
[110.391s][info][gc          ] GC(267) Pause Final Mark (unload classes) 0.143ms
[110.391s][info][gc,start    ] GC(267) Concurrent weak references
[110.391s][info][gc,task     ] GC(267) Using 1 of 3 workers for concurrent weak references
[110.391s][info][gc,ref      ] GC(267) Encountered references: Soft: 140, Weak: 729, Final: 0, Phantom: 64
[110.391s][info][gc,ref      ] GC(267) Discovered  references: Soft: 0, Weak: 147, Final: 0, Phantom: 37
[110.391s][info][gc,ref      ] GC(267) Enqueued    references: Soft: 0, Weak: 0, Final: 0, Phantom: 0
[110.391s][info][gc          ] GC(267) Concurrent weak references 0.068ms
[110.391s][info][gc,start    ] GC(267) Concurrent weak roots
[110.391s][info][gc,task     ] GC(267) Using 1 of 3 workers for concurrent weak root
[110.394s][info][gc          ] GC(267) Concurrent weak roots 3.263ms
[110.394s][info][gc,start    ] GC(267) Concurrent cleanup
[110.394s][info][gc          ] GC(267) Concurrent cleanup 525M->45M(2048M) 0.052ms
[110.394s][info][gc,ergo     ] GC(267) Free: 1899M, Max: 1024K regular, 1418M humongous, Frag: 26% external, 0% internal; Reserve: 103M, Max: 1024K
[110.394s][info][gc,start    ] GC(267) Concurrent class unloading
[110.394s][info][gc,task     ] GC(267) Using 1 of 3 workers for concurrent class unloading
[110.397s][info][gc          ] GC(267) Concurrent class unloading 3.250ms
[110.397s][info][gc,start    ] GC(267) Pause Final Roots
[110.397s][info][gc          ] GC(267) Pause Final Roots 0.040ms
[110.398s][info][gc,ergo     ] Free: 1899M, Max: 1024K regular, 1418M humongous, Frag: 26% external, 0% internal; Reserve: 103M, Max: 1024K
[110.398s][info][gc,stats    ] 
[110.398s][info][gc,stats    ] All times are wall-clock times, except per-root-class counters, that are sum over
[110.398s][info][gc,stats    ] all workers. Dividing the <total> over the root stage time estimates parallelism.
[110.398s][info][gc,stats    ] 
[110.398s][info][gc,stats    ] Concurrent Reset                    237 us
[110.398s][info][gc,stats    ] Pause Init Mark (G)                 305 us
[110.398s][info][gc,stats    ] Pause Init Mark (N)                  99 us
[110.398s][info][gc,stats    ]   Update Region States               25 us
[110.398s][info][gc,stats    ] Concurrent Mark Roots               460 us, parallelism: 0.88x
[110.398s][info][gc,stats    ]   CMR: <total>                      402 us
[110.398s][info][gc,stats    ]   CMR: Thread Roots                 359 us, workers (us): 359, ---, ---, 
[110.398s][info][gc,stats    ]   CMR: VM Strong Roots                5 us, workers (us):   5, ---, ---, 
[110.398s][info][gc,stats    ]   CMR: CLDG Roots                    38 us, workers (us):  38, ---, ---, 
[110.398s][info][gc,stats    ] Concurrent Marking                 3954 us
[110.398s][info][gc,stats    ] Pause Final Mark (G)                226 us
[110.398s][info][gc,stats    ] Pause Final Mark (N)                152 us
[110.398s][info][gc,stats    ]   Finish Mark                        35 us
[110.398s][info][gc,stats    ]   Update Region States               26 us
[110.398s][info][gc,stats    ]   Choose Collection Set              29 us
[110.398s][info][gc,stats    ]   Rebuild Free Set                    7 us
[110.398s][info][gc,stats    ] Concurrent Weak References           75 us, parallelism: 0.10x
[110.398s][info][gc,stats    ]   CWRF: <total>                       7 us
[110.398s][info][gc,stats    ]   CWRF: Weak References               7 us, workers (us):   7, ---, ---, 
[110.398s][info][gc,stats    ] Concurrent Weak Roots              3310 us
[110.398s][info][gc,stats    ]   Roots                            3202 us, parallelism: 0.99x
[110.398s][info][gc,stats    ]     CWR: <total>                   3177 us
[110.398s][info][gc,stats    ]     CWR: Code Cache Roots           678 us, workers (us): 678, ---, ---, 
[110.398s][info][gc,stats    ]     CWR: VM Weak Roots             2493 us, workers (us): 2493, ---, ---, 
[110.398s][info][gc,stats    ]     CWR: CLDG Roots                   7 us, workers (us):   7, ---, ---, 
[110.398s][info][gc,stats    ]   Rendezvous                         44 us
[110.398s][info][gc,stats    ] Concurrent Cleanup                   60 us
[110.398s][info][gc,stats    ] Concurrent Class Unloading         3297 us
[110.398s][info][gc,stats    ]   Unlink Stale                     3014 us
[110.398s][info][gc,stats    ]     System Dictionary                 7 us
[110.398s][info][gc,stats    ]     Weak Class Links                  0 us
[110.398s][info][gc,stats    ]     Code Roots                     3006 us
[110.398s][info][gc,stats    ]   Rendezvous                         56 us
[110.398s][info][gc,stats    ]   Purge Unlinked                    161 us
[110.398s][info][gc,stats    ]     Code Roots                      155 us
[110.398s][info][gc,stats    ]     CLDG                              5 us
[110.398s][info][gc,stats    ]     Exception Caches                  0 us
[110.398s][info][gc,stats    ] Pause Final Roots (G)               106 us
[110.398s][info][gc,stats    ] Pause Final Roots (N)                49 us
[110.398s][info][gc,stats    ] 
[110.398s][info][gc,stats    ] Allocation pacing accrued:
[110.398s][info][gc,stats    ]       0 of   456 ms (  0.0%): <total>
[110.398s][info][gc,stats    ]       0 of   456 ms (  0.0%): <average total>
[110.398s][info][gc,stats    ] 
[110.398s][info][gc,metaspace] Metaspace: 14236K(14528K)->14236K(14528K) NonClass: 12331K(12480K)->12331K(12480K) Class: 1905K(2048K)->1905K(2048K)
[110.398s][info][gc,ergo     ] Pacer for Idle. Initial: 41943K, Alloc Tax Rate: 1.0x
[110.840s][info][gc          ] Trigger: Learning 4 of 5. Free (1433M) is below initial threshold (1433M)
[110.840s][info][gc,ergo     ] Free: 1433M, Max: 1024K regular, 1418M humongous, Frag: 1% external, 0% internal; Reserve: 103M, Max: 1024K
[110.840s][info][gc,start    ] GC(268) Concurrent reset
[110.840s][info][gc,task     ] GC(268) Using 1 of 3 workers for concurrent reset
[110.840s][info][gc,ergo     ] GC(268) Pacer for Reset. Non-Taxable: 2048M
[110.841s][info][gc          ] GC(268) Concurrent reset 0.261ms
[110.841s][info][gc,start    ] GC(268) Pause Init Mark (unload classes)
[110.841s][info][gc,task     ] GC(268) Using 3 of 3 workers for init marking
[110.841s][info][gc,ergo     ] GC(268) Pacer for Mark. Expected Live: 4519K, Free: 1433M, Non-Taxable: 143M, Alloc Tax Rate: 0.0x
[110.841s][info][gc          ] GC(268) Pause Init Mark (unload classes) 0.084ms
[110.841s][info][gc,start    ] GC(268) Concurrent marking roots
[110.841s][info][gc,task     ] GC(268) Using 1 of 3 workers for concurrent marking roots
[110.841s][info][gc          ] GC(268) Concurrent marking roots 0.434ms
[110.841s][info][gc,start    ] GC(268) Concurrent marking (unload classes)
[110.841s][info][gc,task     ] GC(268) Using 1 of 3 workers for concurrent marking
[110.845s][info][gc          ] GC(268) Concurrent marking (unload classes) 3.920ms
[110.845s][info][gc,start    ] GC(268) Pause Final Mark (unload classes)
[110.845s][info][gc,task     ] GC(268) Using 3 of 3 workers for final marking
[110.845s][info][gc,ergo     ] GC(268) Collectable Garbage: 475M (93%), Immediate: 475M (93%), CSet: 0B (0%)
[110.845s][info][gc          ] GC(268) Pause Final Mark (unload classes) 0.144ms
[110.845s][info][gc,start    ] GC(268) Concurrent weak references
[110.845s][info][gc,task     ] GC(268) Using 1 of 3 workers for concurrent weak references
[110.845s][info][gc,ref      ] GC(268) Encountered references: Soft: 140, Weak: 729, Final: 0, Phantom: 64
[110.846s][info][gc,ref      ] GC(268) Discovered  references: Soft: 0, Weak: 147, Final: 0, Phantom: 37
[110.846s][info][gc,ref      ] GC(268) Enqueued    references: Soft: 0, Weak: 0, Final: 0, Phantom: 0
[110.846s][info][gc          ] GC(268) Concurrent weak references 0.074ms
[110.846s][info][gc,start    ] GC(268) Concurrent weak roots
[110.846s][info][gc,task     ] GC(268) Using 1 of 3 workers for concurrent weak root
[110.849s][info][gc          ] GC(268) Concurrent weak roots 3.550ms
[110.849s][info][gc,start    ] GC(268) Concurrent cleanup
[110.849s][info][gc          ] GC(268) Concurrent cleanup 523M->47M(2048M) 0.052ms
[110.849s][info][gc,ergo     ] GC(268) Free: 1897M, Max: 1024K regular, 1421M humongous, Frag: 26% external, 0% internal; Reserve: 103M, Max: 1024K
[110.849s][info][gc,start    ] GC(268) Concurrent class unloading
[110.849s][info][gc,task     ] GC(268) Using 1 of 3 workers for concurrent class unloading
[110.852s][info][gc          ] GC(268) Concurrent class unloading 3.191ms
[110.852s][info][gc,start    ] GC(268) Pause Final Roots
[110.852s][info][gc          ] GC(268) Pause Final Roots 0.012ms
[110.853s][info][gc,ergo     ] Free: 1895M, Max: 1024K regular, 1421M humongous, Frag: 25% external, 0% internal; Reserve: 103M, Max: 1024K
[110.853s][info][gc,stats    ] 
[110.853s][info][gc,stats    ] All times are wall-clock times, except per-root-class counters, that are sum over
[110.853s][info][gc,stats    ] all workers. Dividing the <total> over the root stage time estimates parallelism.
[110.853s][info][gc,stats    ] 
[110.853s][info][gc,stats    ] Concurrent Reset                    306 us
[110.853s][info][gc,stats    ] Pause Init Mark (G)                 179 us
[110.853s][info][gc,stats    ] Pause Init Mark (N)                  92 us
[110.853s][info][gc,stats    ]   Update Region States               27 us
[110.853s][info][gc,stats    ] Concurrent Mark Roots               447 us, parallelism: 0.83x
[110.853s][info][gc,stats    ]   CMR: <total>                      373 us
[110.853s][info][gc,stats    ]   CMR: Thread Roots                 326 us, workers (us): 326, ---, ---, 
[110.853s][info][gc,stats    ]   CMR: VM Strong Roots                5 us, workers (us):   5, ---, ---, 
[110.853s][info][gc,stats    ]   CMR: CLDG Roots                    42 us, workers (us):  42, ---, ---, 
[110.853s][info][gc,stats    ] Concurrent Marking                 3980 us
[110.853s][info][gc,stats    ] Pause Final Mark (G)                198 us
[110.853s][info][gc,stats    ] Pause Final Mark (N)                153 us
[110.853s][info][gc,stats    ]   Finish Mark                        37 us
[110.853s][info][gc,stats    ]   Update Region States               27 us
[110.853s][info][gc,stats    ]   Choose Collection Set              28 us
[110.853s][info][gc,stats    ]   Rebuild Free Set                    8 us
[110.853s][info][gc,stats    ] Concurrent Weak References           82 us, parallelism: 0.08x
[110.853s][info][gc,stats    ]   CWRF: <total>                       7 us
[110.853s][info][gc,stats    ]   CWRF: Weak References               7 us, workers (us):   7, ---, ---, 
[110.853s][info][gc,stats    ] Concurrent Weak Roots              3583 us
[110.853s][info][gc,stats    ]   Roots                            3481 us, parallelism: 0.99x
[110.853s][info][gc,stats    ]     CWR: <total>                   3455 us
[110.853s][info][gc,stats    ]     CWR: Code Cache Roots           656 us, workers (us): 656, ---, ---, 
[110.853s][info][gc,stats    ]     CWR: VM Weak Roots             2793 us, workers (us): 2793, ---, ---, 
[110.853s][info][gc,stats    ]     CWR: CLDG Roots                   6 us, workers (us):   6, ---, ---, 
[110.853s][info][gc,stats    ]   Rendezvous                         53 us
[110.853s][info][gc,stats    ] Concurrent Cleanup                   61 us
[110.853s][info][gc,stats    ] Concurrent Class Unloading         3243 us
[110.853s][info][gc,stats    ]   Unlink Stale                     2996 us
[110.853s][info][gc,stats    ]     System Dictionary                 8 us
[110.853s][info][gc,stats    ]     Weak Class Links                  0 us
[110.853s][info][gc,stats    ]     Code Roots                     2986 us
[110.853s][info][gc,stats    ]   Rendezvous                         43 us
[110.853s][info][gc,stats    ]   Purge Unlinked                    135 us
[110.853s][info][gc,stats    ]     Code Roots                      130 us
[110.853s][info][gc,stats    ]     CLDG                              4 us
[110.853s][info][gc,stats    ]     Exception Caches                  0 us
[110.853s][info][gc,stats    ] Pause Final Roots (G)                90 us
[110.853s][info][gc,stats    ] Pause Final Roots (N)                20 us
[110.853s][info][gc,stats    ] 
[110.853s][info][gc,stats    ] Allocation pacing accrued:
[110.853s][info][gc,stats    ]       0 of   455 ms (  0.0%): <total>
[110.853s][info][gc,stats    ]       0 of   455 ms (  0.0%): <average total>
[110.853s][info][gc,stats    ] 
[110.853s][info][gc,metaspace] Metaspace: 14236K(14528K)->14236K(14528K) NonClass: 12331K(12480K)->12331K(12480K) Class: 1905K(2048K)->1905K(2048K)
[110.853s][info][gc,ergo     ] Pacer for Idle. Initial: 41943K, Alloc Tax Rate: 1.0x
[111.286s][info][gc          ] Trigger: Learning 5 of 5. Free (1431M) is below initial threshold (1433M)
[111.287s][info][gc,ergo     ] Free: 1431M, Max: 1024K regular, 1421M humongous, Frag: 1% external, 0% internal; Reserve: 103M, Max: 1024K
[111.287s][info][gc,start    ] GC(269) Concurrent reset
[111.287s][info][gc,task     ] GC(269) Using 1 of 3 workers for concurrent reset
[111.287s][info][gc,ergo     ] GC(269) Pacer for Reset. Non-Taxable: 2048M
[111.287s][info][gc          ] GC(269) Concurrent reset 0.303ms
[111.287s][info][gc,start    ] GC(269) Pause Init Mark (unload classes)
[111.287s][info][gc,task     ] GC(269) Using 3 of 3 workers for init marking
[111.287s][info][gc,ergo     ] GC(269) Pacer for Mark. Expected Live: 4519K, Free: 1430M, Non-Taxable: 143M, Alloc Tax Rate: 0.0x
[111.287s][info][gc          ] GC(269) Pause Init Mark (unload classes) 0.101ms
[111.287s][info][gc,start    ] GC(269) Concurrent marking roots
[111.287s][info][gc,task     ] GC(269) Using 1 of 3 workers for concurrent marking roots
[111.288s][info][gc          ] GC(269) Concurrent marking roots 0.463ms
[111.288s][info][gc,start    ] GC(269) Concurrent marking (unload classes)
[111.288s][info][gc,task     ] GC(269) Using 1 of 3 workers for concurrent marking
[111.292s][info][gc          ] GC(269) Concurrent marking (unload classes) 4.123ms
[111.292s][info][gc,start    ] GC(269) Pause Final Mark (unload classes)
[111.292s][info][gc,task     ] GC(269) Using 3 of 3 workers for final marking
[111.292s][info][gc,ergo     ] GC(269) Collectable Garbage: 475M (93%), Immediate: 475M (93%), CSet: 0B (0%)
[111.292s][info][gc          ] GC(269) Pause Final Mark (unload classes) 0.209ms
[111.292s][info][gc,start    ] GC(269) Concurrent weak references
[111.292s][info][gc,task     ] GC(269) Using 1 of 3 workers for concurrent weak references
[111.292s][info][gc,ref      ] GC(269) Encountered references: Soft: 140, Weak: 729, Final: 0, Phantom: 64
[111.292s][info][gc,ref      ] GC(269) Discovered  references: Soft: 0, Weak: 147, Final: 0, Phantom: 37
[111.292s][info][gc,ref      ] GC(269) Enqueued    references: Soft: 0, Weak: 0, Final: 0, Phantom: 0
[111.292s][info][gc          ] GC(269) Concurrent weak references 0.067ms
[111.292s][info][gc,start    ] GC(269) Concurrent weak roots
[111.292s][info][gc,task     ] GC(269) Using 1 of 3 workers for concurrent weak root
[111.296s][info][gc          ] GC(269) Concurrent weak roots 4.016ms
[111.296s][info][gc,start    ] GC(269) Concurrent cleanup
[111.296s][info][gc          ] GC(269) Concurrent cleanup 526M->50M(2048M) 0.053ms
[111.296s][info][gc,ergo     ] GC(269) Free: 1894M, Max: 1024K regular, 1417M humongous, Frag: 26% external, 0% internal; Reserve: 103M, Max: 1024K
[111.296s][info][gc,start    ] GC(269) Concurrent class unloading
[111.296s][info][gc,task     ] GC(269) Using 1 of 3 workers for concurrent class unloading
[111.299s][info][gc          ] GC(269) Concurrent class unloading 3.136ms
[111.300s][info][gc,start    ] GC(269) Pause Final Roots
[111.300s][info][gc          ] GC(269) Pause Final Roots 0.038ms
[111.300s][info][gc,ergo     ] Free: 1892M, Max: 1024K regular, 1417M humongous, Frag: 26% external, 0% internal; Reserve: 103M, Max: 1024K
[111.300s][info][gc,stats    ] 
[111.300s][info][gc,stats    ] All times are wall-clock times, except per-root-class counters, that are sum over
[111.300s][info][gc,stats    ] all workers. Dividing the <total> over the root stage time estimates parallelism.
[111.300s][info][gc,stats    ] 
[111.300s][info][gc,stats    ] Concurrent Reset                    317 us
[111.300s][info][gc,stats    ] Pause Init Mark (G)                 221 us
[111.300s][info][gc,stats    ] Pause Init Mark (N)                 110 us
[111.300s][info][gc,stats    ]   Update Region States               26 us
[111.300s][info][gc,stats    ] Concurrent Mark Roots               478 us, parallelism: 0.87x
[111.300s][info][gc,stats    ]   CMR: <total>                      418 us
[111.300s][info][gc,stats    ]   CMR: Thread Roots                 370 us, workers (us): 370, ---, ---, 
[111.300s][info][gc,stats    ]   CMR: VM Strong Roots                5 us, workers (us):   5, ---, ---, 
[111.300s][info][gc,stats    ]   CMR: CLDG Roots                    44 us, workers (us):  44, ---, ---, 
[111.300s][info][gc,stats    ] Concurrent Marking                 4178 us
[111.300s][info][gc,stats    ] Pause Final Mark (G)                278 us
[111.300s][info][gc,stats    ] Pause Final Mark (N)                218 us
[111.300s][info][gc,stats    ]   Finish Mark                        35 us
[111.300s][info][gc,stats    ]   Update Region States               27 us
[111.300s][info][gc,stats    ]   Choose Collection Set              31 us
[111.300s][info][gc,stats    ]   Rebuild Free Set                    7 us
[111.300s][info][gc,stats    ] Concurrent Weak References           74 us, parallelism: 0.12x
[111.300s][info][gc,stats    ]   CWRF: <total>                       9 us
[111.300s][info][gc,stats    ]   CWRF: Weak References               9 us, workers (us):   9, ---, ---, 
[111.300s][info][gc,stats    ] Concurrent Weak Roots              4049 us
[111.300s][info][gc,stats    ]   Roots                            3947 us, parallelism: 0.99x
[111.300s][info][gc,stats    ]     CWR: <total>                   3910 us
[111.300s][info][gc,stats    ]     CWR: Code Cache Roots           666 us, workers (us): 666, ---, ---, 
[111.300s][info][gc,stats    ]     CWR: VM Weak Roots             3237 us, workers (us): 3237, ---, ---, 
[111.300s][info][gc,stats    ]     CWR: CLDG Roots                   7 us, workers (us):   7, ---, ---, 
[111.300s][info][gc,stats    ]   Rendezvous                         53 us
[111.300s][info][gc,stats    ] Concurrent Cleanup                   62 us
[111.300s][info][gc,stats    ] Concurrent Class Unloading         3182 us
[111.300s][info][gc,stats    ]   Unlink Stale                     2953 us
[111.300s][info][gc,stats    ]     System Dictionary                 7 us
[111.300s][info][gc,stats    ]     Weak Class Links                  0 us
[111.300s][info][gc,stats    ]     Code Roots                     2944 us
[111.300s][info][gc,stats    ]   Rendezvous                         31 us
[111.300s][info][gc,stats    ]   Purge Unlinked                    134 us
[111.300s][info][gc,stats    ]     Code Roots                      131 us
[111.300s][info][gc,stats    ]     CLDG                              2 us
[111.300s][info][gc,stats    ]     Exception Caches                  0 us
[111.300s][info][gc,stats    ] Pause Final Roots (G)                91 us
[111.300s][info][gc,stats    ] Pause Final Roots (N)                47 us
[111.300s][info][gc,stats    ] 
[111.300s][info][gc,stats    ] Allocation pacing accrued:
[111.300s][info][gc,stats    ]       0 of   447 ms (  0.0%): <total>
[111.300s][info][gc,stats    ]       0 of   447 ms (  0.0%): <average total>
[111.300s][info][gc,stats    ] 
[111.300s][info][gc,metaspace] Metaspace: 14236K(14528K)->14236K(14528K) NonClass: 12331K(12480K)->12331K(12480K) Class: 1905K(2048K)->1905K(2048K)
[111.300s][info][gc,ergo     ] Pacer for Idle. Initial: 41943K, Alloc Tax Rate: 1.0x
[111.554s][info][gc          ] Trigger: Explicit GC request (System.gc())
[111.554s][info][gc,ergo     ] Free: 1688M, Max: 1024K regular, 1417M humongous, Frag: 17% external, 0% internal; Reserve: 103M, Max: 1024K
[111.554s][info][gc,start    ] GC(270) Concurrent reset
[111.554s][info][gc,task     ] GC(270) Using 1 of 3 workers for concurrent reset
[111.554s][info][gc,ergo     ] GC(270) Pacer for Reset. Non-Taxable: 2048M
[111.554s][info][gc          ] GC(270) Concurrent reset 0.357ms
[111.555s][info][gc,start    ] GC(270) Pause Init Mark (unload classes)
[111.555s][info][gc,task     ] GC(270) Using 3 of 3 workers for init marking
[111.555s][info][gc,ref      ] GC(270) Clearing All SoftReferences
[111.555s][info][gc,ergo     ] GC(270) Pacer for Mark. Expected Live: 4520K, Free: 1688M, Non-Taxable: 168M, Alloc Tax Rate: 0.0x
[111.555s][info][gc          ] GC(270) Pause Init Mark (unload classes) 0.236ms
[111.555s][info][gc,start    ] GC(270) Concurrent marking roots
[111.555s][info][gc,task     ] GC(270) Using 1 of 3 workers for concurrent marking roots
[111.556s][info][gc          ] GC(270) Concurrent marking roots 0.648ms
[111.556s][info][gc,start    ] GC(270) Concurrent marking (unload classes)
[111.556s][info][gc,task     ] GC(270) Using 1 of 3 workers for concurrent marking
[111.559s][info][gc          ] GC(270) Concurrent marking (unload classes) 3.769ms
[111.559s][info][gc,start    ] GC(270) Pause Final Mark (unload classes)
[111.559s][info][gc,task     ] GC(270) Using 3 of 3 workers for final marking
[111.560s][info][gc,ergo     ] GC(270) Collectable Garbage: 240M (95%), Immediate: 240M (95%), CSet: 0B (0%)
[111.560s][info][gc          ] GC(270) Pause Final Mark (unload classes) 0.417ms
[111.560s][info][gc,start    ] GC(270) Concurrent weak references
[111.560s][info][gc,task     ] GC(270) Using 1 of 3 workers for concurrent weak references
[111.560s][info][gc,ref      ] GC(270) Encountered references: Soft: 140, Weak: 713, Final: 0, Phantom: 64
[111.560s][info][gc,ref      ] GC(270) Discovered  references: Soft: 88, Weak: 169, Final: 0, Phantom: 62
[111.560s][info][gc,ref      ] GC(270) Enqueued    references: Soft: 3, Weak: 0, Final: 0, Phantom: 0
[111.560s][info][gc          ] GC(270) Concurrent weak references 0.132ms
[111.560s][info][gc,start    ] GC(270) Concurrent weak roots
[111.560s][info][gc,task     ] GC(270) Using 1 of 3 workers for concurrent weak root
[111.563s][info][gc          ] GC(270) Concurrent weak roots 3.266ms
[111.563s][info][gc,start    ] GC(270) Concurrent cleanup
[111.563s][info][gc          ] GC(270) Concurrent cleanup 256M->15M(2048M) 0.060ms
[111.563s][info][gc,ergo     ] GC(270) Free: 1929M, Max: 1024K regular, 1687M humongous, Frag: 13% external, 0% internal; Reserve: 103M, Max: 1024K
[111.563s][info][gc,start    ] GC(270) Concurrent class unloading
[111.563s][info][gc,task     ] GC(270) Using 1 of 3 workers for concurrent class unloading
[111.567s][info][gc          ] GC(270) Concurrent class unloading 3.820ms
[111.567s][info][gc,start    ] GC(270) Pause Final Roots
[111.567s][info][gc          ] GC(270) Pause Final Roots 0.061ms
[111.567s][info][gc,ergo     ] Free: 1929M, Max: 1024K regular, 1687M humongous, Frag: 13% external, 0% internal; Reserve: 103M, Max: 1024K
[111.567s][info][gc,stats    ] 
[111.567s][info][gc,stats    ] All times are wall-clock times, except per-root-class counters, that are sum over
[111.567s][info][gc,stats    ] all workers. Dividing the <total> over the root stage time estimates parallelism.
[111.567s][info][gc,stats    ] 
[111.567s][info][gc,stats    ] Concurrent Reset                    375 us
[111.567s][info][gc,stats    ] Pause Init Mark (G)                 359 us
[111.567s][info][gc,stats    ] Pause Init Mark (N)                 258 us
[111.568s][info][gc,stats    ]   Update Region States               83 us
[111.568s][info][gc,stats    ] Concurrent Mark Roots               657 us, parallelism: 0.91x
[111.568s][info][gc,stats    ]   CMR: <total>                      596 us
[111.568s][info][gc,stats    ]   CMR: Thread Roots                 524 us, workers (us): 524, ---, ---, 
[111.568s][info][gc,stats    ]   CMR: VM Strong Roots                8 us, workers (us):   8, ---, ---, 
[111.568s][info][gc,stats    ]   CMR: CLDG Roots                    65 us, workers (us):  65, ---, ---, 
[111.568s][info][gc,stats    ] Concurrent Marking                 3792 us
[111.568s][info][gc,stats    ] Pause Final Mark (G)                496 us
[111.568s][info][gc,stats    ] Pause Final Mark (N)                442 us
[111.568s][info][gc,stats    ]   Finish Mark                       152 us
[111.568s][info][gc,stats    ]   Update Region States               83 us
[111.568s][info][gc,stats    ]   Choose Collection Set              80 us
[111.568s][info][gc,stats    ]   Rebuild Free Set                   21 us
[111.568s][info][gc,stats    ] Concurrent Weak References          147 us, parallelism: 0.05x
[111.568s][info][gc,stats    ]   CWRF: <total>                       7 us
[111.568s][info][gc,stats    ]   CWRF: Weak References               7 us, workers (us):   7, ---, ---, 
[111.568s][info][gc,stats    ] Concurrent Weak Roots              3302 us
[111.568s][info][gc,stats    ]   Roots                            3139 us, parallelism: 0.99x
[111.568s][info][gc,stats    ]     CWR: <total>                   3092 us
[111.568s][info][gc,stats    ]     CWR: Code Cache Roots           643 us, workers (us): 643, ---, ---, 
[111.568s][info][gc,stats    ]     CWR: VM Weak Roots             2441 us, workers (us): 2441, ---, ---, 
[111.568s][info][gc,stats    ]     CWR: CLDG Roots                   8 us, workers (us):   8, ---, ---, 
[111.568s][info][gc,stats    ]   Rendezvous                         89 us
[111.568s][info][gc,stats    ] Concurrent Cleanup                   77 us
[111.568s][info][gc,stats    ] Concurrent Class Unloading         3847 us
[111.568s][info][gc,stats    ]   Unlink Stale                     3516 us
[111.568s][info][gc,stats    ]     System Dictionary                 8 us
[111.568s][info][gc,stats    ]     Weak Class Links                  0 us
[111.568s][info][gc,stats    ]     Code Roots                     3507 us
[111.568s][info][gc,stats    ]   Rendezvous                        107 us
[111.568s][info][gc,stats    ]   Purge Unlinked                    165 us
[111.568s][info][gc,stats    ]     Code Roots                      160 us
[111.568s][info][gc,stats    ]     CLDG                              5 us
[111.568s][info][gc,stats    ]     Exception Caches                  0 us
[111.568s][info][gc,stats    ] Pause Final Roots (G)               150 us
[111.568s][info][gc,stats    ] Pause Final Roots (N)                80 us
[111.568s][info][gc,stats    ] 
[111.568s][info][gc,stats    ] Allocation pacing accrued:
[111.568s][info][gc,stats    ]       0 of   268 ms (  0.0%): <total>
[111.568s][info][gc,stats    ]       0 of   268 ms (  0.0%): <average total>
[111.568s][info][gc,stats    ] 
[111.568s][info][gc,metaspace] Metaspace: 14236K(14528K)->14236K(14528K) NonClass: 12331K(12480K)->12331K(12480K) Class: 1905K(2048K)->1905K(2048K)
[111.568s][info][gc,ergo     ] Pacer for Idle. Initial: 41943K, Alloc Tax Rate: 1.0x
[112.002s][info][gc          ] Trigger: Learning 2 of 5. Free (1431M) is below initial threshold (1433M)
[112.002s][info][gc,ergo     ] Free: 1431M, Max: 1024K regular, 1430M humongous, Frag: 0% external, 0% internal; Reserve: 103M, Max: 1024K
[112.002s][info][gc,start    ] GC(271) Concurrent reset
[112.002s][info][gc,task     ] GC(271) Using 1 of 3 workers for concurrent reset
[112.002s][info][gc,ergo     ] GC(271) Pacer for Reset. Non-Taxable: 2048M
[112.002s][info][gc          ] GC(271) Concurrent reset 0.154ms
[112.002s][info][gc,start    ] GC(271) Pause Init Mark (unload classes)
[112.002s][info][gc,task     ] GC(271) Using 3 of 3 workers for init marking
[112.002s][info][gc,ergo     ] GC(271) Pacer for Mark. Expected Live: 4520K, Free: 1431M, Non-Taxable: 143M, Alloc Tax Rate: 0.0x
[112.002s][info][gc          ] GC(271) Pause Init Mark (unload classes) 0.089ms
[112.003s][info][gc,start    ] GC(271) Concurrent marking roots
[112.003s][info][gc,task     ] GC(271) Using 1 of 3 workers for concurrent marking roots
[112.003s][info][gc          ] GC(271) Concurrent marking roots 0.449ms
[112.003s][info][gc,start    ] GC(271) Concurrent marking (unload classes)
[112.003s][info][gc,task     ] GC(271) Using 1 of 3 workers for concurrent marking
[112.007s][info][gc          ] GC(271) Concurrent marking (unload classes) 3.874ms
[112.007s][info][gc,start    ] GC(271) Pause Final Mark (unload classes)
[112.007s][info][gc,task     ] GC(271) Using 3 of 3 workers for final marking
[112.007s][info][gc,ergo     ] GC(271) Collectable Garbage: 485M (95%), Immediate: 485M (95%), CSet: 0B (0%)
[112.007s][info][gc          ] GC(271) Pause Final Mark (unload classes) 0.146ms
[112.007s][info][gc,start    ] GC(271) Concurrent weak references
[112.007s][info][gc,task     ] GC(271) Using 1 of 3 workers for concurrent weak references
[112.007s][info][gc,ref      ] GC(271) Encountered references: Soft: 140, Weak: 735, Final: 0, Phantom: 64
[112.007s][info][gc,ref      ] GC(271) Discovered  references: Soft: 0, Weak: 151, Final: 0, Phantom: 37
[112.007s][info][gc,ref      ] GC(271) Enqueued    references: Soft: 0, Weak: 2, Final: 0, Phantom: 0
[112.007s][info][gc          ] GC(271) Concurrent weak references 0.067ms
[112.007s][info][gc,start    ] GC(271) Concurrent weak roots
[112.007s][info][gc,task     ] GC(271) Using 1 of 3 workers for concurrent weak root
[112.012s][info][gc          ] GC(271) Concurrent weak roots 4.837ms
[112.012s][info][gc,start    ] GC(271) Concurrent cleanup
[112.012s][info][gc          ] GC(271) Concurrent cleanup 526M->41M(2048M) 0.052ms
[112.012s][info][gc,ergo     ] GC(271) Free: 1903M, Max: 1024K regular, 1417M humongous, Frag: 26% external, 0% internal; Reserve: 103M, Max: 1024K
[112.012s][info][gc,start    ] GC(271) Concurrent class unloading
[112.012s][info][gc,task     ] GC(271) Using 1 of 3 workers for concurrent class unloading
[112.015s][info][gc          ] GC(271) Concurrent class unloading 3.185ms
[112.015s][info][gc,start    ] GC(271) Pause Final Roots
[112.015s][info][gc          ] GC(271) Pause Final Roots 0.022ms
[112.016s][info][gc,ergo     ] Free: 1897M, Max: 1024K regular, 1417M humongous, Frag: 26% external, 0% internal; Reserve: 103M, Max: 1024K
[112.016s][info][gc,stats    ] 
[112.016s][info][gc,stats    ] All times are wall-clock times, except per-root-class counters, that are sum over
[112.016s][info][gc,stats    ] all workers. Dividing the <total> over the root stage time estimates parallelism.
[112.016s][info][gc,stats    ] 
[112.016s][info][gc,stats    ] Concurrent Reset                    168 us
[112.016s][info][gc,stats    ] Pause Init Mark (G)                 214 us
[112.016s][info][gc,stats    ] Pause Init Mark (N)                  97 us
[112.016s][info][gc,stats    ]   Update Region States               23 us
[112.016s][info][gc,stats    ] Concurrent Mark Roots               462 us, parallelism: 0.87x
[112.016s][info][gc,stats    ]   CMR: <total>                      400 us
[112.016s][info][gc,stats    ]   CMR: Thread Roots                 355 us, workers (us): 355, ---, ---, 
[112.016s][info][gc,stats    ]   CMR: VM Strong Roots                5 us, workers (us):   5, ---, ---, 
[112.016s][info][gc,stats    ]   CMR: CLDG Roots                    41 us, workers (us):  41, ---, ---, 
[112.016s][info][gc,stats    ] Concurrent Marking                 3921 us
[112.016s][info][gc,stats    ] Pause Final Mark (G)                215 us
[112.016s][info][gc,stats    ] Pause Final Mark (N)                154 us
[112.016s][info][gc,stats    ]   Finish Mark                        36 us
[112.016s][info][gc,stats    ]   Update Region States               27 us
[112.016s][info][gc,stats    ]   Choose Collection Set              28 us
[112.016s][info][gc,stats    ]   Rebuild Free Set                    7 us
[112.016s][info][gc,stats    ] Concurrent Weak References           75 us, parallelism: 0.08x
[112.016s][info][gc,stats    ]   CWRF: <total>                       6 us
[112.016s][info][gc,stats    ]   CWRF: Weak References               6 us, workers (us):   6, ---, ---, 
[112.016s][info][gc,stats    ] Concurrent Weak Roots              4887 us
[112.016s][info][gc,stats    ]   Roots                            4766 us, parallelism: 0.99x
[112.016s][info][gc,stats    ]     CWR: <total>                   4739 us
[112.016s][info][gc,stats    ]     CWR: Code Cache Roots           666 us, workers (us): 666, ---, ---, 
[112.016s][info][gc,stats    ]     CWR: VM Weak Roots             4064 us, workers (us): 4064, ---, ---, 
[112.016s][info][gc,stats    ]     CWR: CLDG Roots                   9 us, workers (us):   9, ---, ---, 
[112.016s][info][gc,stats    ]   Rendezvous                         53 us
[112.016s][info][gc,stats    ] Concurrent Cleanup                   61 us
[112.016s][info][gc,stats    ] Concurrent Class Unloading         3234 us
[112.016s][info][gc,stats    ]   Unlink Stale                     2988 us
[112.016s][info][gc,stats    ]     System Dictionary                 9 us
[112.016s][info][gc,stats    ]     Weak Class Links                  0 us
[112.016s][info][gc,stats    ]     Code Roots                     2977 us
[112.016s][info][gc,stats    ]   Rendezvous                         37 us
[112.016s][info][gc,stats    ]   Purge Unlinked                    143 us
[112.016s][info][gc,stats    ]     Code Roots                      138 us
[112.016s][info][gc,stats    ]     CLDG                              5 us
[112.016s][info][gc,stats    ]     Exception Caches                  0 us
[112.016s][info][gc,stats    ] Pause Final Roots (G)                85 us
[112.016s][info][gc,stats    ] Pause Final Roots (N)                31 us
[112.016s][info][gc,stats    ] 
[112.016s][info][gc,stats    ] Allocation pacing accrued:
[112.016s][info][gc,stats    ]       0 of   448 ms (  0.0%): <total>
[112.016s][info][gc,stats    ]       0 of   448 ms (  0.0%): <average total>
[112.016s][info][gc,stats    ] 
[112.016s][info][gc,metaspace] Metaspace: 14236K(14528K)->14236K(14528K) NonClass: 12331K(12480K)->12331K(12480K) Class: 1905K(2048K)->1905K(2048K)
[112.016s][info][gc,ergo     ] Pacer for Idle. Initial: 41943K, Alloc Tax Rate: 1.0x
[112.431s][info][gc          ] Trigger: Learning 3 of 5. Free (1429M) is below initial threshold (1433M)
[112.431s][info][gc,ergo     ] Free: 1429M, Max: 1024K regular, 1417M humongous, Frag: 1% external, 0% internal; Reserve: 103M, Max: 1024K
[112.431s][info][gc,start    ] GC(272) Concurrent reset
[112.431s][info][gc,task     ] GC(272) Using 1 of 3 workers for concurrent reset
[112.432s][info][gc,ergo     ] GC(272) Pacer for Reset. Non-Taxable: 2048M
[112.432s][info][gc          ] GC(272) Concurrent reset 0.254ms
[112.432s][info][gc,start    ] GC(272) Pause Init Mark (unload classes)
[112.432s][info][gc,task     ] GC(272) Using 3 of 3 workers for init marking
[112.432s][info][gc,ergo     ] GC(272) Pacer for Mark. Expected Live: 4520K, Free: 1429M, Non-Taxable: 142M, Alloc Tax Rate: 0.0x
[112.432s][info][gc          ] GC(272) Pause Init Mark (unload classes) 0.091ms
[112.432s][info][gc,start    ] GC(272) Concurrent marking roots
[112.432s][info][gc,task     ] GC(272) Using 1 of 3 workers for concurrent marking roots
[112.432s][info][gc          ] GC(272) Concurrent marking roots 0.417ms
[112.432s][info][gc,start    ] GC(272) Concurrent marking (unload classes)
[112.432s][info][gc,task     ] GC(272) Using 1 of 3 workers for concurrent marking
[112.437s][info][gc          ] GC(272) Concurrent marking (unload classes) 4.167ms
[112.437s][info][gc,start    ] GC(272) Pause Final Mark (unload classes)
[112.437s][info][gc,task     ] GC(272) Using 3 of 3 workers for final marking
[112.437s][info][gc,ergo     ] GC(272) Collectable Garbage: 484M (94%), Immediate: 484M (94%), CSet: 0B (0%)
[112.437s][info][gc          ] GC(272) Pause Final Mark (unload classes) 0.146ms
[112.437s][info][gc,start    ] GC(272) Concurrent weak references
[112.437s][info][gc,task     ] GC(272) Using 1 of 3 workers for concurrent weak references
[112.437s][info][gc,ref      ] GC(272) Encountered references: Soft: 140, Weak: 733, Final: 0, Phantom: 64
[112.437s][info][gc,ref      ] GC(272) Discovered  references: Soft: 0, Weak: 149, Final: 0, Phantom: 37
[112.437s][info][gc,ref      ] GC(272) Enqueued    references: Soft: 0, Weak: 0, Final: 0, Phantom: 0
[112.437s][info][gc          ] GC(272) Concurrent weak references 0.066ms
[112.437s][info][gc,start    ] GC(272) Concurrent weak roots
[112.437s][info][gc,task     ] GC(272) Using 1 of 3 workers for concurrent weak root
[112.440s][info][gc          ] GC(272) Concurrent weak roots 3.136ms
[112.440s][info][gc,start    ] GC(272) Concurrent cleanup
[112.440s][info][gc          ] GC(272) Concurrent cleanup 528M->44M(2048M) 0.057ms
[112.440s][info][gc,ergo     ] GC(272) Free: 1900M, Max: 1024K regular, 1415M humongous, Frag: 26% external, 0% internal; Reserve: 103M, Max: 1024K
[112.440s][info][gc,start    ] GC(272) Concurrent class unloading
[112.440s][info][gc,task     ] GC(272) Using 1 of 3 workers for concurrent class unloading
[112.444s][info][gc          ] GC(272) Concurrent class unloading 3.374ms
[112.444s][info][gc,start    ] GC(272) Pause Final Roots
[112.444s][info][gc          ] GC(272) Pause Final Roots 0.019ms
[112.444s][info][gc,ergo     ] Free: 1899M, Max: 1024K regular, 1415M humongous, Frag: 26% external, 0% internal; Reserve: 103M, Max: 1024K
[112.444s][info][gc,stats    ] 
[112.444s][info][gc,stats    ] All times are wall-clock times, except per-root-class counters, that are sum over
[112.444s][info][gc,stats    ] all workers. Dividing the <total> over the root stage time estimates parallelism.
[112.444s][info][gc,stats    ] 
[112.444s][info][gc,stats    ] Concurrent Reset                    276 us
[112.444s][info][gc,stats    ] Pause Init Mark (G)                 220 us
[112.444s][info][gc,stats    ] Pause Init Mark (N)                 100 us
[112.444s][info][gc,stats    ]   Update Region States               27 us
[112.444s][info][gc,stats    ] Concurrent Mark Roots               432 us, parallelism: 0.85x
[112.444s][info][gc,stats    ]   CMR: <total>                      369 us
[112.444s][info][gc,stats    ]   CMR: Thread Roots                 323 us, workers (us): 323, ---, ---, 
[112.444s][info][gc,stats    ]   CMR: VM Strong Roots                5 us, workers (us):   5, ---, ---, 
[112.444s][info][gc,stats    ]   CMR: CLDG Roots                    41 us, workers (us):  41, ---, ---, 
[112.444s][info][gc,stats    ] Concurrent Marking                 4222 us
[112.444s][info][gc,stats    ] Pause Final Mark (G)                256 us
[112.444s][info][gc,stats    ] Pause Final Mark (N)                155 us
[112.444s][info][gc,stats    ]   Finish Mark                        36 us
[112.444s][info][gc,stats    ]   Update Region States               27 us
[112.444s][info][gc,stats    ]   Choose Collection Set              26 us
[112.444s][info][gc,stats    ]   Rebuild Free Set                    8 us
[112.444s][info][gc,stats    ] Concurrent Weak References           73 us, parallelism: 0.11x
[112.444s][info][gc,stats    ]   CWRF: <total>                       8 us
[112.444s][info][gc,stats    ]   CWRF: Weak References               8 us, workers (us):   8, ---, ---, 
[112.444s][info][gc,stats    ] Concurrent Weak Roots              3164 us
[112.444s][info][gc,stats    ]   Roots                            2932 us, parallelism: 0.99x
[112.444s][info][gc,stats    ]     CWR: <total>                   2899 us
[112.444s][info][gc,stats    ]     CWR: Code Cache Roots           721 us, workers (us): 721, ---, ---, 
[112.444s][info][gc,stats    ]     CWR: VM Weak Roots             2169 us, workers (us): 2169, ---, ---, 
[112.444s][info][gc,stats    ]     CWR: CLDG Roots                   8 us, workers (us):   8, ---, ---, 
[112.444s][info][gc,stats    ]   Rendezvous                        188 us
[112.444s][info][gc,stats    ] Concurrent Cleanup                   65 us
[112.444s][info][gc,stats    ] Concurrent Class Unloading         3423 us
[112.444s][info][gc,stats    ]   Unlink Stale                     3164 us
[112.444s][info][gc,stats    ]     System Dictionary                 9 us
[112.444s][info][gc,stats    ]     Weak Class Links                  0 us
[112.444s][info][gc,stats    ]     Code Roots                     3153 us
[112.444s][info][gc,stats    ]   Rendezvous                         54 us
[112.444s][info][gc,stats    ]   Purge Unlinked                    139 us
[112.444s][info][gc,stats    ]     Code Roots                      134 us
[112.444s][info][gc,stats    ]     CLDG                              4 us
[112.444s][info][gc,stats    ]     Exception Caches                  0 us
[112.444s][info][gc,stats    ] Pause Final Roots (G)               138 us
[112.444s][info][gc,stats    ] Pause Final Roots (N)                28 us
[112.444s][info][gc,stats    ] 
[112.444s][info][gc,stats    ] Allocation pacing accrued:
[112.444s][info][gc,stats    ]       0 of   428 ms (  0.0%): <total>
[112.444s][info][gc,stats    ]       0 of   428 ms (  0.0%): <average total>
[112.444s][info][gc,stats    ] 
[112.444s][info][gc,metaspace] Metaspace: 14236K(14528K)->14236K(14528K) NonClass: 12331K(12480K)->12331K(12480K) Class: 1905K(2048K)->1905K(2048K)
[112.444s][info][gc,ergo     ] Pacer for Idle. Initial: 41943K, Alloc Tax Rate: 1.0x
[112.860s][info][gc          ] Trigger: Learning 4 of 5. Free (1422M) is below initial threshold (1433M)
[112.860s][info][gc,ergo     ] Free: 1422M, Max: 1024K regular, 1415M humongous, Frag: 1% external, 0% internal; Reserve: 103M, Max: 1024K
[112.860s][info][gc,start    ] GC(273) Concurrent reset
[112.860s][info][gc,task     ] GC(273) Using 1 of 3 workers for concurrent reset
[112.860s][info][gc,ergo     ] GC(273) Pacer for Reset. Non-Taxable: 2048M
[112.861s][info][gc          ] GC(273) Concurrent reset 0.227ms
[112.861s][info][gc,start    ] GC(273) Pause Init Mark (unload classes)
[112.861s][info][gc,task     ] GC(273) Using 3 of 3 workers for init marking
[112.861s][info][gc,ergo     ] GC(273) Pacer for Mark. Expected Live: 4519K, Free: 1422M, Non-Taxable: 142M, Alloc Tax Rate: 0.0x
[112.861s][info][gc          ] GC(273) Pause Init Mark (unload classes) 0.072ms
[112.861s][info][gc,start    ] GC(273) Concurrent marking roots
[112.861s][info][gc,task     ] GC(273) Using 1 of 3 workers for concurrent marking roots
[112.861s][info][gc          ] GC(273) Concurrent marking roots 0.423ms
[112.861s][info][gc,start    ] GC(273) Concurrent marking (unload classes)
[112.861s][info][gc,task     ] GC(273) Using 1 of 3 workers for concurrent marking
[112.865s][info][gc          ] GC(273) Concurrent marking (unload classes) 4.014ms
[112.865s][info][gc,start    ] GC(273) Pause Final Mark (unload classes)
[112.865s][info][gc,task     ] GC(273) Using 3 of 3 workers for final marking
[112.866s][info][gc,ergo     ] GC(273) Collectable Garbage: 489M (94%), Immediate: 489M (94%), CSet: 0B (0%)
[112.866s][info][gc          ] GC(273) Pause Final Mark (unload classes) 0.143ms
[112.866s][info][gc,start    ] GC(273) Concurrent weak references
[112.866s][info][gc,task     ] GC(273) Using 1 of 3 workers for concurrent weak references
[112.866s][info][gc,ref      ] GC(273) Encountered references: Soft: 140, Weak: 733, Final: 0, Phantom: 64
[112.866s][info][gc,ref      ] GC(273) Discovered  references: Soft: 0, Weak: 149, Final: 0, Phantom: 37
[112.866s][info][gc,ref      ] GC(273) Enqueued    references: Soft: 0, Weak: 0, Final: 0, Phantom: 0
[112.866s][info][gc          ] GC(273) Concurrent weak references 0.076ms
[112.866s][info][gc,start    ] GC(273) Concurrent weak roots
[112.866s][info][gc,task     ] GC(273) Using 1 of 3 workers for concurrent weak root
[112.869s][info][gc          ] GC(273) Concurrent weak roots 3.289ms
[112.869s][info][gc,start    ] GC(273) Concurrent cleanup
[112.869s][info][gc          ] GC(273) Concurrent cleanup 535M->46M(2048M) 0.055ms
[112.869s][info][gc,ergo     ] GC(273) Free: 1898M, Max: 1024K regular, 1408M humongous, Frag: 26% external, 0% internal; Reserve: 103M, Max: 1024K
[112.869s][info][gc,start    ] GC(273) Concurrent class unloading
[112.869s][info][gc,task     ] GC(273) Using 1 of 3 workers for concurrent class unloading
[112.872s][info][gc          ] GC(273) Concurrent class unloading 3.249ms
[112.872s][info][gc,start    ] GC(273) Pause Final Roots
[112.872s][info][gc          ] GC(273) Pause Final Roots 0.038ms
[112.873s][info][gc,ergo     ] Free: 1896M, Max: 1024K regular, 1408M humongous, Frag: 26% external, 0% internal; Reserve: 103M, Max: 1024K
[112.873s][info][gc,stats    ] 
[112.873s][info][gc,stats    ] All times are wall-clock times, except per-root-class counters, that are sum over
[112.873s][info][gc,stats    ] all workers. Dividing the <total> over the root stage time estimates parallelism.
[112.873s][info][gc,stats    ] 
[112.873s][info][gc,stats    ] Concurrent Reset                    269 us
[112.873s][info][gc,stats    ] Pause Init Mark (G)                 210 us
[112.873s][info][gc,stats    ] Pause Init Mark (N)                  79 us
[112.873s][info][gc,stats    ]   Update Region States               26 us
[112.873s][info][gc,stats    ] Concurrent Mark Roots               442 us, parallelism: 0.82x
[112.873s][info][gc,stats    ]   CMR: <total>                      362 us
[112.873s][info][gc,stats    ]   CMR: Thread Roots                 318 us, workers (us): 318, ---, ---, 
[112.873s][info][gc,stats    ]   CMR: VM Strong Roots                5 us, workers (us):   5, ---, ---, 
[112.873s][info][gc,stats    ]   CMR: CLDG Roots                    39 us, workers (us):  39, ---, ---, 
[112.873s][info][gc,stats    ] Concurrent Marking                 4056 us
[112.873s][info][gc,stats    ] Pause Final Mark (G)                203 us
[112.873s][info][gc,stats    ] Pause Final Mark (N)                151 us
[112.873s][info][gc,stats    ]   Finish Mark                        35 us
[112.873s][info][gc,stats    ]   Update Region States               27 us
[112.873s][info][gc,stats    ]   Choose Collection Set              27 us
[112.873s][info][gc,stats    ]   Rebuild Free Set                    8 us
[112.873s][info][gc,stats    ] Concurrent Weak References           83 us, parallelism: 0.10x
[112.873s][info][gc,stats    ]   CWRF: <total>                       9 us
[112.873s][info][gc,stats    ]   CWRF: Weak References               9 us, workers (us):   9, ---, ---, 
[112.873s][info][gc,stats    ] Concurrent Weak Roots              3337 us
[112.873s][info][gc,stats    ]   Roots                            3221 us, parallelism: 0.99x
[112.873s][info][gc,stats    ]     CWR: <total>                   3195 us
[112.873s][info][gc,stats    ]     CWR: Code Cache Roots           679 us, workers (us): 679, ---, ---, 
[112.873s][info][gc,stats    ]     CWR: VM Weak Roots             2508 us, workers (us): 2508, ---, ---, 
[112.873s][info][gc,stats    ]     CWR: CLDG Roots                   8 us, workers (us):   8, ---, ---, 
[112.873s][info][gc,stats    ]   Rendezvous                         50 us
[112.873s][info][gc,stats    ] Concurrent Cleanup                   64 us
[112.873s][info][gc,stats    ] Concurrent Class Unloading         3296 us
[112.873s][info][gc,stats    ]   Unlink Stale                     3022 us
[112.873s][info][gc,stats    ]     System Dictionary                 8 us
[112.873s][info][gc,stats    ]     Weak Class Links                  0 us
[112.873s][info][gc,stats    ]     Code Roots                     3012 us
[112.873s][info][gc,stats    ]   Rendezvous                         43 us
[112.873s][info][gc,stats    ]   Purge Unlinked                    167 us
[112.873s][info][gc,stats    ]     Code Roots                      162 us
[112.873s][info][gc,stats    ]     CLDG                              4 us
[112.873s][info][gc,stats    ]     Exception Caches                  0 us
[112.873s][info][gc,stats    ] Pause Final Roots (G)               109 us
[112.873s][info][gc,stats    ] Pause Final Roots (N)                47 us
[112.873s][info][gc,stats    ] 
[112.873s][info][gc,stats    ] Allocation pacing accrued:
[112.873s][info][gc,stats    ]       0 of   429 ms (  0.0%): <total>
[112.873s][info][gc,stats    ]       0 of   429 ms (  0.0%): <average total>
[112.873s][info][gc,stats    ] 
[112.873s][info][gc,metaspace] Metaspace: 14236K(14528K)->14236K(14528K) NonClass: 12331K(12480K)->12331K(12480K) Class: 1905K(2048K)->1905K(2048K)
[112.873s][info][gc,ergo     ] Pacer for Idle. Initial: 41943K, Alloc Tax Rate: 1.0x
[113.288s][info][gc          ] Trigger: Learning 5 of 5. Free (1432M) is below initial threshold (1433M)
[113.288s][info][gc,ergo     ] Free: 1432M, Max: 1024K regular, 1408M humongous, Frag: 2% external, 0% internal; Reserve: 103M, Max: 1024K
[113.288s][info][gc,start    ] GC(274) Concurrent reset
[113.288s][info][gc,task     ] GC(274) Using 1 of 3 workers for concurrent reset
[113.288s][info][gc,ergo     ] GC(274) Pacer for Reset. Non-Taxable: 2048M
[113.288s][info][gc          ] GC(274) Concurrent reset 0.277ms
[113.288s][info][gc,start    ] GC(274) Pause Init Mark (unload classes)
[113.288s][info][gc,task     ] GC(274) Using 3 of 3 workers for init marking
[113.288s][info][gc,ergo     ] GC(274) Pacer for Mark. Expected Live: 4519K, Free: 1432M, Non-Taxable: 143M, Alloc Tax Rate: 0.0x
[113.288s][info][gc          ] GC(274) Pause Init Mark (unload classes) 0.066ms
[113.288s][info][gc,start    ] GC(274) Concurrent marking roots
[113.288s][info][gc,task     ] GC(274) Using 1 of 3 workers for concurrent marking roots
[113.289s][info][gc          ] GC(274) Concurrent marking roots 0.416ms
[113.289s][info][gc,start    ] GC(274) Concurrent marking (unload classes)
[113.289s][info][gc,task     ] GC(274) Using 1 of 3 workers for concurrent marking
[113.293s][info][gc          ] GC(274) Concurrent marking (unload classes) 3.819ms
[113.293s][info][gc,start    ] GC(274) Pause Final Mark (unload classes)
[113.293s][info][gc,task     ] GC(274) Using 3 of 3 workers for final marking
[113.293s][info][gc,ergo     ] GC(274) Collectable Garbage: 478M (94%), Immediate: 478M (94%), CSet: 0B (0%)
[113.293s][info][gc          ] GC(274) Pause Final Mark (unload classes) 0.145ms
[113.293s][info][gc,start    ] GC(274) Concurrent weak references
[113.293s][info][gc,task     ] GC(274) Using 1 of 3 workers for concurrent weak references
[113.293s][info][gc,ref      ] GC(274) Encountered references: Soft: 140, Weak: 731, Final: 0, Phantom: 64
[113.293s][info][gc,ref      ] GC(274) Discovered  references: Soft: 0, Weak: 149, Final: 0, Phantom: 37
[113.293s][info][gc,ref      ] GC(274) Enqueued    references: Soft: 0, Weak: 0, Final: 0, Phantom: 0
[113.293s][info][gc          ] GC(274) Concurrent weak references 0.078ms
[113.293s][info][gc,start    ] GC(274) Concurrent weak roots
[113.293s][info][gc,task     ] GC(274) Using 1 of 3 workers for concurrent weak root
[113.296s][info][gc          ] GC(274) Concurrent weak roots 3.484ms
[113.296s][info][gc,start    ] GC(274) Concurrent cleanup
[113.297s][info][gc          ] GC(274) Concurrent cleanup 522M->43M(2048M) 0.051ms
[113.297s][info][gc,ergo     ] GC(274) Free: 1901M, Max: 1024K regular, 1414M humongous, Frag: 26% external, 0% internal; Reserve: 103M, Max: 1024K
[113.297s][info][gc,start    ] GC(274) Concurrent class unloading
[113.297s][info][gc,task     ] GC(274) Using 1 of 3 workers for concurrent class unloading
[113.300s][info][gc          ] GC(274) Concurrent class unloading 3.248ms
[113.300s][info][gc,start    ] GC(274) Pause Final Roots
[113.300s][info][gc          ] GC(274) Pause Final Roots 0.038ms
[113.300s][info][gc,ergo     ] Free: 1897M, Max: 1024K regular, 1414M humongous, Frag: 26% external, 0% internal; Reserve: 103M, Max: 1024K
[113.300s][info][gc,stats    ] 
[113.300s][info][gc,stats    ] All times are wall-clock times, except per-root-class counters, that are sum over
[113.300s][info][gc,stats    ] all workers. Dividing the <total> over the root stage time estimates parallelism.
[113.300s][info][gc,stats    ] 
[113.300s][info][gc,stats    ] Concurrent Reset                    318 us
[113.300s][info][gc,stats    ] Pause Init Mark (G)                 151 us
[113.300s][info][gc,stats    ] Pause Init Mark (N)                  74 us
[113.300s][info][gc,stats    ]   Update Region States               24 us
[113.300s][info][gc,stats    ] Concurrent Mark Roots               429 us, parallelism: 0.85x
[113.300s][info][gc,stats    ]   CMR: <total>                      366 us
[113.300s][info][gc,stats    ]   CMR: Thread Roots                 322 us, workers (us): 322, ---, ---, 
[113.300s][info][gc,stats    ]   CMR: VM Strong Roots                4 us, workers (us):   4, ---, ---, 
[113.300s][info][gc,stats    ]   CMR: CLDG Roots                    39 us, workers (us):  39, ---, ---, 
[113.300s][info][gc,stats    ] Concurrent Marking                 3846 us
[113.300s][info][gc,stats    ] Pause Final Mark (G)                198 us
[113.300s][info][gc,stats    ] Pause Final Mark (N)                154 us
[113.300s][info][gc,stats    ]   Finish Mark                        36 us
[113.300s][info][gc,stats    ]   Update Region States               25 us
[113.300s][info][gc,stats    ]   Choose Collection Set              27 us
[113.300s][info][gc,stats    ]   Rebuild Free Set                    8 us
[113.300s][info][gc,stats    ] Concurrent Weak References           87 us, parallelism: 0.09x
[113.300s][info][gc,stats    ]   CWRF: <total>                       8 us
[113.300s][info][gc,stats    ]   CWRF: Weak References               8 us, workers (us):   8, ---, ---, 
[113.300s][info][gc,stats    ] Concurrent Weak Roots              3523 us
[113.300s][info][gc,stats    ]   Roots                            3421 us, parallelism: 0.99x
[113.300s][info][gc,stats    ]     CWR: <total>                   3395 us
[113.300s][info][gc,stats    ]     CWR: Code Cache Roots           679 us, workers (us): 679, ---, ---, 
[113.300s][info][gc,stats    ]     CWR: VM Weak Roots             2707 us, workers (us): 2707, ---, ---, 
[113.300s][info][gc,stats    ]     CWR: CLDG Roots                   8 us, workers (us):   8, ---, ---, 
[113.300s][info][gc,stats    ]   Rendezvous                         45 us
[113.300s][info][gc,stats    ] Concurrent Cleanup                   59 us
[113.300s][info][gc,stats    ] Concurrent Class Unloading         3297 us
[113.300s][info][gc,stats    ]   Unlink Stale                     3026 us
[113.300s][info][gc,stats    ]     System Dictionary                 6 us
[113.300s][info][gc,stats    ]     Weak Class Links                  0 us
[113.300s][info][gc,stats    ]     Code Roots                     3018 us
[113.300s][info][gc,stats    ]   Rendezvous                         49 us
[113.300s][info][gc,stats    ]   Purge Unlinked                    154 us
[113.300s][info][gc,stats    ]     Code Roots                      150 us
[113.300s][info][gc,stats    ]     CLDG                              4 us
[113.300s][info][gc,stats    ]     Exception Caches                  0 us
[113.300s][info][gc,stats    ] Pause Final Roots (G)                95 us
[113.300s][info][gc,stats    ] Pause Final Roots (N)                47 us
[113.300s][info][gc,stats    ] 
[113.300s][info][gc,stats    ] Allocation pacing accrued:
[113.300s][info][gc,stats    ]       0 of   427 ms (  0.0%): <total>
[113.300s][info][gc,stats    ]       0 of   427 ms (  0.0%): <average total>
[113.300s][info][gc,stats    ] 
[113.300s][info][gc,metaspace] Metaspace: 14236K(14528K)->14236K(14528K) NonClass: 12331K(12480K)->12331K(12480K) Class: 1905K(2048K)->1905K(2048K)
[113.300s][info][gc,ergo     ] Pacer for Idle. Initial: 41943K, Alloc Tax Rate: 1.0x
[113.480s][info][gc          ] Trigger: Explicit GC request (System.gc())
[113.480s][info][gc,ergo     ] Free: 1763M, Max: 1024K regular, 1414M humongous, Frag: 20% external, 0% internal; Reserve: 103M, Max: 1024K
[113.480s][info][gc,start    ] GC(275) Concurrent reset
[113.480s][info][gc,task     ] GC(275) Using 1 of 3 workers for concurrent reset
[113.480s][info][gc,ergo     ] GC(275) Pacer for Reset. Non-Taxable: 2048M
[113.480s][info][gc          ] GC(275) Concurrent reset 0.537ms
[113.480s][info][gc,start    ] GC(275) Pause Init Mark (unload classes)
[113.481s][info][gc,task     ] GC(275) Using 3 of 3 workers for init marking
[113.481s][info][gc,ref      ] GC(275) Clearing All SoftReferences
[113.481s][info][gc,ergo     ] GC(275) Pacer for Mark. Expected Live: 4512K, Free: 1763M, Non-Taxable: 176M, Alloc Tax Rate: 0.0x
[113.481s][info][gc          ] GC(275) Pause Init Mark (unload classes) 0.170ms
[113.481s][info][gc,start    ] GC(275) Concurrent marking roots
[113.481s][info][gc,task     ] GC(275) Using 1 of 3 workers for concurrent marking roots
[113.481s][info][gc          ] GC(275) Concurrent marking roots 0.686ms
[113.481s][info][gc,start    ] GC(275) Concurrent marking (unload classes)
[113.481s][info][gc,task     ] GC(275) Using 1 of 3 workers for concurrent marking
[113.486s][info][gc          ] GC(275) Concurrent marking (unload classes) 4.273ms
[113.486s][info][gc,start    ] GC(275) Pause Final Mark (unload classes)
[113.486s][info][gc,task     ] GC(275) Using 3 of 3 workers for final marking
[113.486s][info][gc,ergo     ] GC(275) Collectable Garbage: 164M (93%), Immediate: 164M (93%), CSet: 0B (0%)
[113.486s][info][gc          ] GC(275) Pause Final Mark (unload classes) 0.427ms
[113.486s][info][gc,start    ] GC(275) Concurrent weak references
[113.486s][info][gc,task     ] GC(275) Using 1 of 3 workers for concurrent weak references
[113.486s][info][gc,ref      ] GC(275) Encountered references: Soft: 140, Weak: 717, Final: 0, Phantom: 64
[113.486s][info][gc,ref      ] GC(275) Discovered  references: Soft: 88, Weak: 171, Final: 0, Phantom: 62
[113.486s][info][gc,ref      ] GC(275) Enqueued    references: Soft: 3, Weak: 0, Final: 0, Phantom: 0
[113.486s][info][gc          ] GC(275) Concurrent weak references 0.137ms
[113.486s][info][gc,start    ] GC(275) Concurrent weak roots
[113.486s][info][gc,task     ] GC(275) Using 1 of 3 workers for concurrent weak root
[113.489s][info][gc          ] GC(275) Concurrent weak roots 2.827ms
[113.489s][info][gc,start    ] GC(275) Concurrent cleanup
[113.489s][info][gc          ] GC(275) Concurrent cleanup 181M->16M(2048M) 0.053ms
[113.489s][info][gc,ergo     ] GC(275) Free: 1928M, Max: 1024K regular, 1700M humongous, Frag: 12% external, 0% internal; Reserve: 103M, Max: 1024K
[113.489s][info][gc,start    ] GC(275) Concurrent class unloading
[113.489s][info][gc,task     ] GC(275) Using 1 of 3 workers for concurrent class unloading
[113.493s][info][gc          ] GC(275) Concurrent class unloading 3.415ms
[113.493s][info][gc,start    ] GC(275) Pause Final Roots
[113.493s][info][gc          ] GC(275) Pause Final Roots 0.053ms
[113.493s][info][gc,ergo     ] Free: 1928M, Max: 1024K regular, 1700M humongous, Frag: 12% external, 0% internal; Reserve: 103M, Max: 1024K
[113.493s][info][gc,stats    ] 
[113.493s][info][gc,stats    ] All times are wall-clock times, except per-root-class counters, that are sum over
[113.493s][info][gc,stats    ] all workers. Dividing the <total> over the root stage time estimates parallelism.
[113.493s][info][gc,stats    ] 
[113.493s][info][gc,stats    ] Concurrent Reset                    562 us
[113.493s][info][gc,stats    ] Pause Init Mark (G)                 274 us
[113.493s][info][gc,stats    ] Pause Init Mark (N)                 179 us
[113.493s][info][gc,stats    ]   Update Region States               47 us
[113.493s][info][gc,stats    ] Concurrent Mark Roots               707 us, parallelism: 0.81x
[113.493s][info][gc,stats    ]   CMR: <total>                      571 us
[113.493s][info][gc,stats    ]   CMR: Thread Roots                 493 us, workers (us): 493, ---, ---, 
[113.493s][info][gc,stats    ]   CMR: VM Strong Roots                7 us, workers (us):   7, ---, ---, 
[113.493s][info][gc,stats    ]   CMR: CLDG Roots                    71 us, workers (us):  71, ---, ---, 
[113.493s][info][gc,stats    ] Concurrent Marking                 4323 us
[113.493s][info][gc,stats    ] Pause Final Mark (G)                503 us
[113.493s][info][gc,stats    ] Pause Final Mark (N)                436 us
[113.493s][info][gc,stats    ]   Finish Mark                       265 us
[113.493s][info][gc,stats    ]   Update Region States               56 us
[113.493s][info][gc,stats    ]   Choose Collection Set              35 us
[113.493s][info][gc,stats    ]   Rebuild Free Set                    8 us
[113.493s][info][gc,stats    ] Concurrent Weak References          145 us, parallelism: 0.06x
[113.493s][info][gc,stats    ]   CWRF: <total>                       9 us
[113.493s][info][gc,stats    ]   CWRF: Weak References               9 us, workers (us):   9, ---, ---, 
[113.493s][info][gc,stats    ] Concurrent Weak Roots              2884 us
[113.493s][info][gc,stats    ]   Roots                            2758 us, parallelism: 0.97x
[113.493s][info][gc,stats    ]     CWR: <total>                   2667 us
[113.493s][info][gc,stats    ]     CWR: Code Cache Roots           602 us, workers (us): 602, ---, ---, 
[113.493s][info][gc,stats    ]     CWR: VM Weak Roots             2058 us, workers (us): 2058, ---, ---, 
[113.493s][info][gc,stats    ]     CWR: CLDG Roots                   7 us, workers (us):   7, ---, ---, 
[113.493s][info][gc,stats    ]   Rendezvous                         50 us
[113.493s][info][gc,stats    ] Concurrent Cleanup                   71 us
[113.493s][info][gc,stats    ] Concurrent Class Unloading         3483 us
[113.493s][info][gc,stats    ]   Unlink Stale                     2982 us
[113.493s][info][gc,stats    ]     System Dictionary                 8 us
[113.493s][info][gc,stats    ]     Weak Class Links                  0 us
[113.493s][info][gc,stats    ]     Code Roots                     2972 us
[113.493s][info][gc,stats    ]   Rendezvous                        129 us
[113.493s][info][gc,stats    ]   Purge Unlinked                    256 us
[113.493s][info][gc,stats    ]     Code Roots                      247 us
[113.493s][info][gc,stats    ]     CLDG                              9 us
[113.493s][info][gc,stats    ]     Exception Caches                  0 us
[113.493s][info][gc,stats    ] Pause Final Roots (G)               196 us
[113.493s][info][gc,stats    ] Pause Final Roots (N)                75 us
[113.493s][info][gc,stats    ] 
[113.493s][info][gc,stats    ] Allocation pacing accrued:
[113.493s][info][gc,stats    ]       0 of   193 ms (  0.0%): <total>
[113.493s][info][gc,stats    ]       0 of   193 ms (  0.0%): <average total>
[113.493s][info][gc,stats    ] 
[113.493s][info][gc,metaspace] Metaspace: 14236K(14528K)->14236K(14528K) NonClass: 12331K(12480K)->12331K(12480K) Class: 1905K(2048K)->1905K(2048K)
[113.493s][info][gc,ergo     ] Pacer for Idle. Initial: 41943K, Alloc Tax Rate: 1.0x
[113.961s][info][gc          ] Trigger: Learning 2 of 5. Free (1433M) is below initial threshold (1433M)
[113.961s][info][gc,ergo     ] Free: 1433M, Max: 1024K regular, 1432M humongous, Frag: 0% external, 0% internal; Reserve: 103M, Max: 1024K
[113.961s][info][gc,start    ] GC(276) Concurrent reset
[113.961s][info][gc,task     ] GC(276) Using 1 of 3 workers for concurrent reset
[113.961s][info][gc,ergo     ] GC(276) Pacer for Reset. Non-Taxable: 2048M
[113.961s][info][gc          ] GC(276) Concurrent reset 0.141ms
[113.961s][info][gc,start    ] GC(276) Pause Init Mark (unload classes)
[113.961s][info][gc,task     ] GC(276) Using 3 of 3 workers for init marking
[113.961s][info][gc,ergo     ] GC(276) Pacer for Mark. Expected Live: 4512K, Free: 1433M, Non-Taxable: 143M, Alloc Tax Rate: 0.0x
[113.961s][info][gc          ] GC(276) Pause Init Mark (unload classes) 0.093ms
[113.961s][info][gc,start    ] GC(276) Concurrent marking roots
[113.961s][info][gc,task     ] GC(276) Using 1 of 3 workers for concurrent marking roots
[113.962s][info][gc          ] GC(276) Concurrent marking roots 0.434ms
[113.962s][info][gc,start    ] GC(276) Concurrent marking (unload classes)
[113.962s][info][gc,task     ] GC(276) Using 1 of 3 workers for concurrent marking
[113.966s][info][gc          ] GC(276) Concurrent marking (unload classes) 3.892ms
[113.966s][info][gc,start    ] GC(276) Pause Final Mark (unload classes)
[113.966s][info][gc,task     ] GC(276) Using 3 of 3 workers for final marking
[113.966s][info][gc,ergo     ] GC(276) Collectable Garbage: 482M (95%), Immediate: 482M (95%), CSet: 0B (0%)
[113.966s][info][gc          ] GC(276) Pause Final Mark (unload classes) 0.143ms
[113.966s][info][gc,start    ] GC(276) Concurrent weak references
[113.966s][info][gc,task     ] GC(276) Using 1 of 3 workers for concurrent weak references
[113.966s][info][gc,ref      ] GC(276) Encountered references: Soft: 140, Weak: 729, Final: 0, Phantom: 64
[113.966s][info][gc,ref      ] GC(276) Discovered  references: Soft: 0, Weak: 147, Final: 0, Phantom: 37
[113.966s][info][gc,ref      ] GC(276) Enqueued    references: Soft: 0, Weak: 0, Final: 0, Phantom: 0
[113.966s][info][gc          ] GC(276) Concurrent weak references 0.068ms
[113.966s][info][gc,start    ] GC(276) Concurrent weak roots
[113.966s][info][gc,task     ] GC(276) Using 1 of 3 workers for concurrent weak root
[113.970s][info][gc          ] GC(276) Concurrent weak roots 4.308ms
[113.970s][info][gc,start    ] GC(276) Concurrent cleanup
[113.970s][info][gc          ] GC(276) Concurrent cleanup 524M->42M(2048M) 0.054ms
[113.970s][info][gc,ergo     ] GC(276) Free: 1902M, Max: 1024K regular, 1419M humongous, Frag: 26% external, 0% internal; Reserve: 103M, Max: 1024K
[113.970s][info][gc,start    ] GC(276) Concurrent class unloading
[113.970s][info][gc,task     ] GC(276) Using 1 of 3 workers for concurrent class unloading
[113.974s][info][gc          ] GC(276) Concurrent class unloading 3.275ms
[113.974s][info][gc,start    ] GC(276) Pause Final Roots
[113.974s][info][gc          ] GC(276) Pause Final Roots 0.041ms
[113.974s][info][gc,ergo     ] Free: 1900M, Max: 1024K regular, 1419M humongous, Frag: 26% external, 0% internal; Reserve: 103M, Max: 1024K
[113.974s][info][gc,stats    ] 
[113.974s][info][gc,stats    ] All times are wall-clock times, except per-root-class counters, that are sum over
[113.974s][info][gc,stats    ] all workers. Dividing the <total> over the root stage time estimates parallelism.
[113.974s][info][gc,stats    ] 
[113.974s][info][gc,stats    ] Concurrent Reset                    161 us
[113.974s][info][gc,stats    ] Pause Init Mark (G)                 185 us
[113.974s][info][gc,stats    ] Pause Init Mark (N)                 101 us
[113.974s][info][gc,stats    ]   Update Region States               24 us
[113.974s][info][gc,stats    ] Concurrent Mark Roots               448 us, parallelism: 0.85x
[113.974s][info][gc,stats    ]   CMR: <total>                      381 us
[113.974s][info][gc,stats    ]   CMR: Thread Roots                 335 us, workers (us): 335, ---, ---, 
[113.974s][info][gc,stats    ]   CMR: VM Strong Roots                5 us, workers (us):   5, ---, ---, 
[113.974s][info][gc,stats    ]   CMR: CLDG Roots                    40 us, workers (us):  40, ---, ---, 
[113.974s][info][gc,stats    ] Concurrent Marking                 3943 us
[113.974s][info][gc,stats    ] Pause Final Mark (G)                282 us
[113.974s][info][gc,stats    ] Pause Final Mark (N)                152 us
[113.974s][info][gc,stats    ]   Finish Mark                        34 us
[113.974s][info][gc,stats    ]   Update Region States               28 us
[113.974s][info][gc,stats    ]   Choose Collection Set              27 us
[113.974s][info][gc,stats    ]   Rebuild Free Set                    8 us
[113.974s][info][gc,stats    ] Concurrent Weak References           75 us, parallelism: 0.09x
[113.974s][info][gc,stats    ]   CWRF: <total>                       7 us
[113.974s][info][gc,stats    ]   CWRF: Weak References               7 us, workers (us):   7, ---, ---, 
[113.974s][info][gc,stats    ] Concurrent Weak Roots              4360 us
[113.974s][info][gc,stats    ]   Roots                            4240 us, parallelism: 0.99x
[113.974s][info][gc,stats    ]     CWR: <total>                   4211 us
[113.974s][info][gc,stats    ]     CWR: Code Cache Roots           676 us, workers (us): 676, ---, ---, 
[113.974s][info][gc,stats    ]     CWR: VM Weak Roots             3528 us, workers (us): 3528, ---, ---, 
[113.974s][info][gc,stats    ]     CWR: CLDG Roots                   7 us, workers (us):   7, ---, ---, 
[113.974s][info][gc,stats    ]   Rendezvous                         50 us
[113.974s][info][gc,stats    ] Concurrent Cleanup                   63 us
[113.974s][info][gc,stats    ] Concurrent Class Unloading         3337 us
[113.974s][info][gc,stats    ]   Unlink Stale                     3051 us
[113.974s][info][gc,stats    ]     System Dictionary                 8 us
[113.974s][info][gc,stats    ]     Weak Class Links                  0 us
[113.974s][info][gc,stats    ]     Code Roots                     3042 us
[113.974s][info][gc,stats    ]   Rendezvous                         50 us
[113.974s][info][gc,stats    ]   Purge Unlinked                    157 us
[113.974s][info][gc,stats    ]     Code Roots                      152 us
[113.974s][info][gc,stats    ]     CLDG                              4 us
[113.974s][info][gc,stats    ]     Exception Caches                  0 us
[113.974s][info][gc,stats    ] Pause Final Roots (G)               100 us
[113.974s][info][gc,stats    ] Pause Final Roots (N)                51 us
[113.974s][info][gc,stats    ] 
[113.974s][info][gc,stats    ] Allocation pacing accrued:
[113.974s][info][gc,stats    ]       0 of   481 ms (  0.0%): <total>
[113.974s][info][gc,stats    ]       0 of   481 ms (  0.0%): <average total>
[113.974s][info][gc,stats    ] 
[113.974s][info][gc,metaspace] Metaspace: 14236K(14528K)->14236K(14528K) NonClass: 12331K(12480K)->12331K(12480K) Class: 1905K(2048K)->1905K(2048K)
[113.974s][info][gc,ergo     ] Pacer for Idle. Initial: 41943K, Alloc Tax Rate: 1.0x
[114.413s][info][gc          ] Trigger: Learning 3 of 5. Free (1432M) is below initial threshold (1433M)
[114.413s][info][gc,ergo     ] Free: 1432M, Max: 1024K regular, 1419M humongous, Frag: 1% external, 0% internal; Reserve: 103M, Max: 1024K
[114.414s][info][gc,start    ] GC(277) Concurrent reset
[114.414s][info][gc,task     ] GC(277) Using 1 of 3 workers for concurrent reset
[114.414s][info][gc,ergo     ] GC(277) Pacer for Reset. Non-Taxable: 2048M
[114.414s][info][gc          ] GC(277) Concurrent reset 0.207ms
[114.414s][info][gc,start    ] GC(277) Pause Init Mark (unload classes)
[114.414s][info][gc,task     ] GC(277) Using 3 of 3 workers for init marking
[114.414s][info][gc,ergo     ] GC(277) Pacer for Mark. Expected Live: 4512K, Free: 1431M, Non-Taxable: 143M, Alloc Tax Rate: 0.0x
[114.414s][info][gc          ] GC(277) Pause Init Mark (unload classes) 0.100ms
[114.414s][info][gc,start    ] GC(277) Concurrent marking roots
[114.414s][info][gc,task     ] GC(277) Using 1 of 3 workers for concurrent marking roots
[114.414s][info][gc          ] GC(277) Concurrent marking roots 0.423ms
[114.414s][info][gc,start    ] GC(277) Concurrent marking (unload classes)
[114.414s][info][gc,task     ] GC(277) Using 1 of 3 workers for concurrent marking
[114.418s][info][gc          ] GC(277) Concurrent marking (unload classes) 3.949ms
[114.418s][info][gc,start    ] GC(277) Pause Final Mark (unload classes)
[114.418s][info][gc,task     ] GC(277) Using 3 of 3 workers for final marking
[114.419s][info][gc,ergo     ] GC(277) Collectable Garbage: 481M (94%), Immediate: 481M (94%), CSet: 0B (0%)
[114.419s][info][gc          ] GC(277) Pause Final Mark (unload classes) 0.147ms
[114.419s][info][gc,start    ] GC(277) Concurrent weak references
[114.419s][info][gc,task     ] GC(277) Using 1 of 3 workers for concurrent weak references
[114.419s][info][gc,ref      ] GC(277) Encountered references: Soft: 140, Weak: 729, Final: 0, Phantom: 64
