[0.016s][info][gc] Using Parallel
[0.017s][info][gc,heap,coops] Heap address: 0x0000000700000000, size: 4096 MB, Compressed Oops mode: Zero based, Oop shift amount: 3
[1.347s][info][gc,start     ] GC(0) Pause Young (System.gc())
[1.359s][info][gc,heap      ] GC(0) PSYoungGen: 125829K->26581K(1223168K)
[1.359s][info][gc,heap      ] GC(0) ParOldGen: 0K->16K(2796544K)
[1.359s][info][gc,metaspace ] GC(0) Metaspace: 20409K(21120K)->20409K(21120K) NonClass: 17951K(18432K)->17951K(18432K) Class: 2458K(2688K)->2458K(2688K)
[1.359s][info][gc           ] GC(0) Pause Young (System.gc()) 122M->25M(3925M) 12.328ms
[1.359s][info][gc,cpu       ] GC(0) User=0.02s Sys=0.00s Real=0.02s
[1.362s][info][gc,start     ] GC(1) Pause Full (System.gc())
[1.362s][info][gc,phases,start] GC(1) Marking Phase
[1.371s][info][gc,phases      ] GC(1) Marking Phase 8.530ms
[1.371s][info][gc,phases,start] GC(1) Summary Phase
[1.371s][info][gc,phases      ] GC(1) Summary Phase 0.010ms
[1.371s][info][gc,phases,start] GC(1) Adjust Roots
[1.374s][info][gc,phases      ] GC(1) Adjust Roots 3.421ms
[1.374s][info][gc,phases,start] GC(1) Compaction Phase
[1.385s][info][gc,phases      ] GC(1) Compaction Phase 10.885ms
[1.385s][info][gc,phases,start] GC(1) Post Compact
[1.386s][info][gc,phases      ] GC(1) Post Compact 0.785ms
[1.386s][info][gc,heap        ] GC(1) PSYoungGen: 26581K->0K(1223168K)
[1.386s][info][gc,heap        ] GC(1) ParOldGen: 16K->26454K(2796544K)
[1.386s][info][gc,metaspace   ] GC(1) Metaspace: 20409K(21120K)->20409K(21120K) NonClass: 17951K(18432K)->17951K(18432K) Class: 2458K(2688K)->2458K(2688K)
[1.386s][info][gc             ] GC(1) Pause Full (System.gc()) 25M->25M(3925M) 23.921ms
[1.386s][info][gc,cpu         ] GC(1) User=0.00s Sys=0.00s Real=0.02s
[1.657s][info][gc,start       ] GC(2) Pause Young (System.gc())
[1.658s][info][gc,heap        ] GC(2) PSYoungGen: 146800K->192K(1223168K)
[1.658s][info][gc,heap        ] GC(2) ParOldGen: 26454K->26462K(2796544K)
[1.658s][info][gc,metaspace   ] GC(2) Metaspace: 20907K(21504K)->20907K(21504K) NonClass: 18368K(18688K)->18368K(18688K) Class: 2538K(2816K)->2538K(2816K)
[1.658s][info][gc             ] GC(2) Pause Young (System.gc()) 169M->26M(3925M) 0.602ms
[1.658s][info][gc,cpu         ] GC(2) User=0.00s Sys=0.00s Real=0.00s
[1.658s][info][gc,start       ] GC(3) Pause Full (System.gc())
[1.658s][info][gc,phases,start] GC(3) Marking Phase
[1.668s][info][gc,phases      ] GC(3) Marking Phase 9.921ms
[1.668s][info][gc,phases,start] GC(3) Summary Phase
[1.668s][info][gc,phases      ] GC(3) Summary Phase 0.009ms
[1.668s][info][gc,phases,start] GC(3) Adjust Roots
[1.670s][info][gc,phases      ] GC(3) Adjust Roots 2.313ms
[1.670s][info][gc,phases,start] GC(3) Compaction Phase
[1.704s][info][gc,phases      ] GC(3) Compaction Phase 33.865ms
[1.704s][info][gc,phases,start] GC(3) Post Compact
[1.705s][info][gc,phases      ] GC(3) Post Compact 0.942ms
[1.705s][info][gc,heap        ] GC(3) PSYoungGen: 192K->0K(1223168K)
[1.705s][info][gc,heap        ] GC(3) ParOldGen: 26462K->26539K(2796544K)
[1.705s][info][gc,metaspace   ] GC(3) Metaspace: 20907K(21504K)->20907K(21504K) NonClass: 18368K(18688K)->18368K(18688K) Class: 2538K(2816K)->2538K(2816K)
[1.705s][info][gc             ] GC(3) Pause Full (System.gc()) 26M->25M(3925M) 47.351ms
[1.705s][info][gc,cpu         ] GC(3) User=0.00s Sys=0.00s Real=0.05s
[1.916s][info][gc,start       ] GC(4) Pause Young (System.gc())
[1.916s][info][gc,heap        ] GC(4) PSYoungGen: 146800K->32K(1223168K)
[1.916s][info][gc,heap        ] GC(4) ParOldGen: 26539K->26547K(2796544K)
[1.916s][info][gc,metaspace   ] GC(4) Metaspace: 20912K(21504K)->20912K(21504K) NonClass: 18374K(18688K)->18374K(18688K) Class: 2538K(2816K)->2538K(2816K)
[1.916s][info][gc             ] GC(4) Pause Young (System.gc()) 169M->25M(3925M) 0.502ms
[1.916s][info][gc,cpu         ] GC(4) User=0.00s Sys=0.00s Real=0.00s
[1.916s][info][gc,start       ] GC(5) Pause Full (System.gc())
[1.916s][info][gc,phases,start] GC(5) Marking Phase
[1.924s][info][gc,phases      ] GC(5) Marking Phase 7.861ms
[1.924s][info][gc,phases,start] GC(5) Summary Phase
[1.924s][info][gc,phases      ] GC(5) Summary Phase 0.014ms
[1.924s][info][gc,phases,start] GC(5) Adjust Roots
[1.925s][info][gc,phases      ] GC(5) Adjust Roots 1.283ms
[1.925s][info][gc,phases,start] GC(5) Compaction Phase
[1.929s][info][gc,phases      ] GC(5) Compaction Phase 3.991ms
[1.929s][info][gc,phases,start] GC(5) Post Compact
[1.930s][info][gc,phases      ] GC(5) Post Compact 0.693ms
[1.930s][info][gc,heap        ] GC(5) PSYoungGen: 32K->0K(1223168K)
[1.930s][info][gc,heap        ] GC(5) ParOldGen: 26547K->26537K(2796544K)
[1.930s][info][gc,metaspace   ] GC(5) Metaspace: 20912K(21504K)->20912K(21504K) NonClass: 18374K(18688K)->18374K(18688K) Class: 2538K(2816K)->2538K(2816K)
[1.930s][info][gc             ] GC(5) Pause Full (System.gc()) 25M->25M(3925M) 14.151ms
[1.930s][info][gc,cpu         ] GC(5) User=0.02s Sys=0.00s Real=0.01s
[2.125s][info][gc,start       ] GC(6) Pause Young (System.gc())
[2.126s][info][gc,heap        ] GC(6) PSYoungGen: 146800K->32K(1223168K)
[2.126s][info][gc,heap        ] GC(6) ParOldGen: 26537K->26545K(2796544K)
[2.126s][info][gc,metaspace   ] GC(6) Metaspace: 20922K(21504K)->20922K(21504K) NonClass: 18383K(18688K)->18383K(18688K) Class: 2538K(2816K)->2538K(2816K)
[2.126s][info][gc             ] GC(6) Pause Young (System.gc()) 169M->25M(3925M) 0.432ms
[2.126s][info][gc,cpu         ] GC(6) User=0.00s Sys=0.00s Real=0.00s
[2.126s][info][gc,start       ] GC(7) Pause Full (System.gc())
[2.126s][info][gc,phases,start] GC(7) Marking Phase
[2.133s][info][gc,phases      ] GC(7) Marking Phase 7.245ms
[2.134s][info][gc,phases,start] GC(7) Summary Phase
[2.134s][info][gc,phases      ] GC(7) Summary Phase 0.010ms
[2.134s][info][gc,phases,start] GC(7) Adjust Roots
[2.135s][info][gc,phases      ] GC(7) Adjust Roots 1.211ms
[2.135s][info][gc,phases,start] GC(7) Compaction Phase
[2.139s][info][gc,phases      ] GC(7) Compaction Phase 4.480ms
[2.139s][info][gc,phases,start] GC(7) Post Compact
[2.140s][info][gc,phases      ] GC(7) Post Compact 0.679ms
[2.140s][info][gc,heap        ] GC(7) PSYoungGen: 32K->0K(1223168K)
[2.140s][info][gc,heap        ] GC(7) ParOldGen: 26545K->26537K(2796544K)
[2.140s][info][gc,metaspace   ] GC(7) Metaspace: 20922K(21504K)->20922K(21504K) NonClass: 18383K(18688K)->18383K(18688K) Class: 2538K(2816K)->2538K(2816K)
[2.140s][info][gc             ] GC(7) Pause Full (System.gc()) 25M->25M(3925M) 13.895ms
[2.140s][info][gc,cpu         ] GC(7) User=0.02s Sys=0.00s Real=0.02s
[2.326s][info][gc,start       ] GC(8) Pause Young (System.gc())
[2.326s][info][gc,heap        ] GC(8) PSYoungGen: 104857K->32K(1223168K)
[2.326s][info][gc,heap        ] GC(8) ParOldGen: 26537K->26537K(2796544K)
[2.326s][info][gc,metaspace   ] GC(8) Metaspace: 20938K(21760K)->20938K(21760K) NonClass: 18399K(18944K)->18399K(18944K) Class: 2538K(2816K)->2538K(2816K)
[2.326s][info][gc             ] GC(8) Pause Young (System.gc()) 128M->25M(3925M) 0.439ms
[2.326s][info][gc,cpu         ] GC(8) User=0.00s Sys=0.00s Real=0.00s
[2.326s][info][gc,start       ] GC(9) Pause Full (System.gc())
[2.326s][info][gc,phases,start] GC(9) Marking Phase
[2.334s][info][gc,phases      ] GC(9) Marking Phase 7.995ms
[2.335s][info][gc,phases,start] GC(9) Summary Phase
[2.335s][info][gc,phases      ] GC(9) Summary Phase 0.010ms
[2.335s][info][gc,phases,start] GC(9) Adjust Roots
[2.336s][info][gc,phases      ] GC(9) Adjust Roots 1.134ms
[2.336s][info][gc,phases,start] GC(9) Compaction Phase
[2.340s][info][gc,phases      ] GC(9) Compaction Phase 4.459ms
[2.340s][info][gc,phases,start] GC(9) Post Compact
[2.341s][info][gc,phases      ] GC(9) Post Compact 0.686ms
[2.341s][info][gc,heap        ] GC(9) PSYoungGen: 32K->0K(1223168K)
[2.341s][info][gc,heap        ] GC(9) ParOldGen: 26537K->26537K(2796544K)
[2.341s][info][gc,metaspace   ] GC(9) Metaspace: 20938K(21760K)->20938K(21760K) NonClass: 18399K(18944K)->18399K(18944K) Class: 2538K(2816K)->2538K(2816K)
[2.341s][info][gc             ] GC(9) Pause Full (System.gc()) 25M->25M(3925M) 14.586ms
[2.341s][info][gc,cpu         ] GC(9) User=0.00s Sys=0.00s Real=0.02s
[2.527s][info][gc,start       ] GC(10) Pause Young (System.gc())
[2.527s][info][gc,heap        ] GC(10) PSYoungGen: 104857K->32K(1223168K)
[2.527s][info][gc,heap        ] GC(10) ParOldGen: 26537K->26537K(2796544K)
[2.527s][info][gc,metaspace   ] GC(10) Metaspace: 20944K(21760K)->20944K(21760K) NonClass: 18405K(18944K)->18405K(18944K) Class: 2538K(2816K)->2538K(2816K)
[2.527s][info][gc             ] GC(10) Pause Young (System.gc()) 128M->25M(3925M) 0.406ms
[2.527s][info][gc,cpu         ] GC(10) User=0.00s Sys=0.00s Real=0.00s
[2.527s][info][gc,start       ] GC(11) Pause Full (System.gc())
[2.527s][info][gc,phases,start] GC(11) Marking Phase
[2.535s][info][gc,phases      ] GC(11) Marking Phase 7.904ms
[2.535s][info][gc,phases,start] GC(11) Summary Phase
[2.535s][info][gc,phases      ] GC(11) Summary Phase 0.009ms
[2.535s][info][gc,phases,start] GC(11) Adjust Roots
[2.536s][info][gc,phases      ] GC(11) Adjust Roots 1.150ms
[2.536s][info][gc,phases,start] GC(11) Compaction Phase
[2.541s][info][gc,phases      ] GC(11) Compaction Phase 4.297ms
[2.541s][info][gc,phases,start] GC(11) Post Compact
[2.542s][info][gc,phases      ] GC(11) Post Compact 0.771ms
[2.542s][info][gc,heap        ] GC(11) PSYoungGen: 32K->0K(1223168K)
[2.542s][info][gc,heap        ] GC(11) ParOldGen: 26537K->26537K(2796544K)
[2.542s][info][gc,metaspace   ] GC(11) Metaspace: 20944K(21760K)->20944K(21760K) NonClass: 18405K(18944K)->18405K(18944K) Class: 2538K(2816K)->2538K(2816K)
[2.542s][info][gc             ] GC(11) Pause Full (System.gc()) 25M->25M(3925M) 14.427ms
[2.542s][info][gc,cpu         ] GC(11) User=0.00s Sys=0.00s Real=0.02s
[2.728s][info][gc,start       ] GC(12) Pause Young (System.gc())
[2.729s][info][gc,heap        ] GC(12) PSYoungGen: 125829K->96K(1223168K)
[2.729s][info][gc,heap        ] GC(12) ParOldGen: 26537K->26545K(2796544K)
[2.729s][info][gc,metaspace   ] GC(12) Metaspace: 20956K(21760K)->20956K(21760K) NonClass: 18416K(18944K)->18416K(18944K) Class: 2539K(2816K)->2539K(2816K)
[2.729s][info][gc             ] GC(12) Pause Young (System.gc()) 148M->26M(3925M) 0.418ms
[2.729s][info][gc,cpu         ] GC(12) User=0.00s Sys=0.00s Real=0.00s
[2.729s][info][gc,start       ] GC(13) Pause Full (System.gc())
[2.729s][info][gc,phases,start] GC(13) Marking Phase
[2.736s][info][gc,phases      ] GC(13) Marking Phase 7.820ms
[2.736s][info][gc,phases,start] GC(13) Summary Phase
[2.736s][info][gc,phases      ] GC(13) Summary Phase 0.009ms
[2.736s][info][gc,phases,start] GC(13) Adjust Roots
[2.738s][info][gc,phases      ] GC(13) Adjust Roots 1.220ms
[2.738s][info][gc,phases,start] GC(13) Compaction Phase
[2.742s][info][gc,phases      ] GC(13) Compaction Phase 4.362ms
[2.742s][info][gc,phases,start] GC(13) Post Compact
[2.743s][info][gc,phases      ] GC(13) Post Compact 0.816ms
[2.743s][info][gc,heap        ] GC(13) PSYoungGen: 96K->0K(1223168K)
[2.743s][info][gc,heap        ] GC(13) ParOldGen: 26545K->26538K(2796544K)
[2.743s][info][gc,metaspace   ] GC(13) Metaspace: 20956K(21760K)->20956K(21760K) NonClass: 18416K(18944K)->18416K(18944K) Class: 2539K(2816K)->2539K(2816K)
[2.743s][info][gc             ] GC(13) Pause Full (System.gc()) 26M->25M(3925M) 14.538ms
[2.743s][info][gc,cpu         ] GC(13) User=0.02s Sys=0.00s Real=0.02s
[2.928s][info][gc,start       ] GC(14) Pause Young (System.gc())
[2.929s][info][gc,heap        ] GC(14) PSYoungGen: 125829K->64K(1223168K)
[2.929s][info][gc,heap        ] GC(14) ParOldGen: 26538K->26546K(2796544K)
[2.929s][info][gc,metaspace   ] GC(14) Metaspace: 20957K(21760K)->20957K(21760K) NonClass: 18417K(18944K)->18417K(18944K) Class: 2539K(2816K)->2539K(2816K)
[2.929s][info][gc             ] GC(14) Pause Young (System.gc()) 148M->25M(3925M) 0.497ms
[2.929s][info][gc,cpu         ] GC(14) User=0.00s Sys=0.00s Real=0.00s
[2.929s][info][gc,start       ] GC(15) Pause Full (System.gc())
[2.929s][info][gc,phases,start] GC(15) Marking Phase
[2.937s][info][gc,phases      ] GC(15) Marking Phase 7.727ms
[2.937s][info][gc,phases,start] GC(15) Summary Phase
[2.937s][info][gc,phases      ] GC(15) Summary Phase 0.013ms
[2.937s][info][gc,phases,start] GC(15) Adjust Roots
[2.938s][info][gc,phases      ] GC(15) Adjust Roots 1.158ms
[2.938s][info][gc,phases,start] GC(15) Compaction Phase
[2.942s][info][gc,phases      ] GC(15) Compaction Phase 4.434ms
[2.943s][info][gc,phases,start] GC(15) Post Compact
[2.943s][info][gc,phases      ] GC(15) Post Compact 0.700ms
[2.943s][info][gc,heap        ] GC(15) PSYoungGen: 64K->0K(1223168K)
[2.943s][info][gc,heap        ] GC(15) ParOldGen: 26546K->26538K(2796544K)
[2.943s][info][gc,metaspace   ] GC(15) Metaspace: 20957K(21760K)->20957K(21760K) NonClass: 18417K(18944K)->18417K(18944K) Class: 2539K(2816K)->2539K(2816K)
[2.943s][info][gc             ] GC(15) Pause Full (System.gc()) 25M->25M(3925M) 14.381ms
[2.943s][info][gc,cpu         ] GC(15) User=0.02s Sys=0.00s Real=0.02s
[3.127s][info][gc,start       ] GC(16) Pause Young (System.gc())
[3.128s][info][gc,heap        ] GC(16) PSYoungGen: 104857K->32K(1223168K)
[3.128s][info][gc,heap        ] GC(16) ParOldGen: 26538K->26538K(2796544K)
[3.128s][info][gc,metaspace   ] GC(16) Metaspace: 20963K(21760K)->20963K(21760K) NonClass: 18424K(18944K)->18424K(18944K) Class: 2539K(2816K)->2539K(2816K)
[3.128s][info][gc             ] GC(16) Pause Young (System.gc()) 128M->25M(3925M) 0.621ms
[3.128s][info][gc,cpu         ] GC(16) User=0.00s Sys=0.00s Real=0.00s
[3.128s][info][gc,start       ] GC(17) Pause Full (System.gc())
[3.128s][info][gc,phases,start] GC(17) Marking Phase
[3.136s][info][gc,phases      ] GC(17) Marking Phase 8.134ms
[3.136s][info][gc,phases,start] GC(17) Summary Phase
[3.136s][info][gc,phases      ] GC(17) Summary Phase 0.009ms
[3.136s][info][gc,phases,start] GC(17) Adjust Roots
[3.138s][info][gc,phases      ] GC(17) Adjust Roots 1.328ms
[3.138s][info][gc,phases,start] GC(17) Compaction Phase
[3.142s][info][gc,phases      ] GC(17) Compaction Phase 4.058ms
[3.142s][info][gc,phases,start] GC(17) Post Compact
[3.143s][info][gc,phases      ] GC(17) Post Compact 0.738ms
[3.143s][info][gc,heap        ] GC(17) PSYoungGen: 32K->0K(1223168K)
[3.143s][info][gc,heap        ] GC(17) ParOldGen: 26538K->26538K(2796544K)
[3.143s][info][gc,metaspace   ] GC(17) Metaspace: 20963K(21760K)->20963K(21760K) NonClass: 18424K(18944K)->18424K(18944K) Class: 2539K(2816K)->2539K(2816K)
[3.143s][info][gc             ] GC(17) Pause Full (System.gc()) 25M->25M(3925M) 14.695ms
[3.143s][info][gc,cpu         ] GC(17) User=0.02s Sys=0.00s Real=0.02s
[3.328s][info][gc,start       ] GC(18) Pause Young (System.gc())
[3.329s][info][gc,heap        ] GC(18) PSYoungGen: 125829K->64K(1223168K)
[3.329s][info][gc,heap        ] GC(18) ParOldGen: 26538K->26546K(2796544K)
[3.329s][info][gc,metaspace   ] GC(18) Metaspace: 20971K(21760K)->20971K(21760K) NonClass: 18431K(18944K)->18431K(18944K) Class: 2539K(2816K)->2539K(2816K)
[3.329s][info][gc             ] GC(18) Pause Young (System.gc()) 148M->25M(3925M) 0.385ms
[3.329s][info][gc,cpu         ] GC(18) User=0.00s Sys=0.00s Real=0.00s
[3.329s][info][gc,start       ] GC(19) Pause Full (System.gc())
[3.329s][info][gc,phases,start] GC(19) Marking Phase
[3.337s][info][gc,phases      ] GC(19) Marking Phase 7.999ms
[3.337s][info][gc,phases,start] GC(19) Summary Phase
[3.337s][info][gc,phases      ] GC(19) Summary Phase 0.010ms
[3.337s][info][gc,phases,start] GC(19) Adjust Roots
[3.338s][info][gc,phases      ] GC(19) Adjust Roots 1.249ms
[3.338s][info][gc,phases,start] GC(19) Compaction Phase
[3.342s][info][gc,phases      ] GC(19) Compaction Phase 4.334ms
[3.342s][info][gc,phases,start] GC(19) Post Compact
[3.343s][info][gc,phases      ] GC(19) Post Compact 0.770ms
[3.343s][info][gc,heap        ] GC(19) PSYoungGen: 64K->0K(1223168K)
[3.343s][info][gc,heap        ] GC(19) ParOldGen: 26546K->26538K(2796544K)
[3.343s][info][gc,metaspace   ] GC(19) Metaspace: 20971K(21760K)->20971K(21760K) NonClass: 18431K(18944K)->18431K(18944K) Class: 2539K(2816K)->2539K(2816K)
[3.343s][info][gc             ] GC(19) Pause Full (System.gc()) 25M->25M(3925M) 14.608ms
[3.343s][info][gc,cpu         ] GC(19) User=0.00s Sys=0.00s Real=0.02s
[3.528s][info][gc,start       ] GC(20) Pause Young (System.gc())
[3.529s][info][gc,heap        ] GC(20) PSYoungGen: 125829K->96K(1223168K)
[3.529s][info][gc,heap        ] GC(20) ParOldGen: 26538K->26538K(2796544K)
[3.529s][info][gc,metaspace   ] GC(20) Metaspace: 20977K(21760K)->20977K(21760K) NonClass: 18436K(18944K)->18436K(18944K) Class: 2541K(2816K)->2541K(2816K)
[3.529s][info][gc             ] GC(20) Pause Young (System.gc()) 148M->26M(3925M) 0.453ms
[3.529s][info][gc,cpu         ] GC(20) User=0.00s Sys=0.00s Real=0.00s
[3.529s][info][gc,start       ] GC(21) Pause Full (System.gc())
[3.529s][info][gc,phases,start] GC(21) Marking Phase
[3.537s][info][gc,phases      ] GC(21) Marking Phase 8.096ms
[3.537s][info][gc,phases,start] GC(21) Summary Phase
[3.537s][info][gc,phases      ] GC(21) Summary Phase 0.009ms
[3.537s][info][gc,phases,start] GC(21) Adjust Roots
[3.538s][info][gc,phases      ] GC(21) Adjust Roots 1.269ms
[3.538s][info][gc,phases,start] GC(21) Compaction Phase
[3.543s][info][gc,phases      ] GC(21) Compaction Phase 4.497ms
[3.543s][info][gc,phases,start] GC(21) Post Compact
[3.544s][info][gc,phases      ] GC(21) Post Compact 0.976ms
[3.544s][info][gc,heap        ] GC(21) PSYoungGen: 96K->0K(1223168K)
[3.544s][info][gc,heap        ] GC(21) ParOldGen: 26538K->26538K(2796544K)
[3.544s][info][gc,metaspace   ] GC(21) Metaspace: 20977K(21760K)->20977K(21760K) NonClass: 18436K(18944K)->18436K(18944K) Class: 2541K(2816K)->2541K(2816K)
[3.544s][info][gc             ] GC(21) Pause Full (System.gc()) 26M->25M(3925M) 15.222ms
[3.544s][info][gc,cpu         ] GC(21) User=0.00s Sys=0.00s Real=0.02s
[3.731s][info][gc,start       ] GC(22) Pause Young (System.gc())
[3.731s][info][gc,heap        ] GC(22) PSYoungGen: 104857K->32K(1223168K)
[3.731s][info][gc,heap        ] GC(22) ParOldGen: 26538K->26538K(2796544K)
[3.731s][info][gc,metaspace   ] GC(22) Metaspace: 20981K(21760K)->20981K(21760K) NonClass: 18439K(18944K)->18439K(18944K) Class: 2541K(2816K)->2541K(2816K)
[3.731s][info][gc             ] GC(22) Pause Young (System.gc()) 128M->25M(3925M) 0.344ms
[3.731s][info][gc,cpu         ] GC(22) User=0.00s Sys=0.00s Real=0.00s
[3.731s][info][gc,start       ] GC(23) Pause Full (System.gc())
[3.731s][info][gc,phases,start] GC(23) Marking Phase
[3.739s][info][gc,phases      ] GC(23) Marking Phase 7.770ms
[3.739s][info][gc,phases,start] GC(23) Summary Phase
[3.739s][info][gc,phases      ] GC(23) Summary Phase 0.009ms
[3.739s][info][gc,phases,start] GC(23) Adjust Roots
[3.740s][info][gc,phases      ] GC(23) Adjust Roots 1.185ms
[3.740s][info][gc,phases,start] GC(23) Compaction Phase
[3.745s][info][gc,phases      ] GC(23) Compaction Phase 4.356ms
[3.745s][info][gc,phases,start] GC(23) Post Compact
[3.746s][info][gc,phases      ] GC(23) Post Compact 0.768ms
[3.746s][info][gc,heap        ] GC(23) PSYoungGen: 32K->0K(1223168K)
[3.746s][info][gc,heap        ] GC(23) ParOldGen: 26538K->26538K(2796544K)
[3.746s][info][gc,metaspace   ] GC(23) Metaspace: 20981K(21760K)->20981K(21760K) NonClass: 18439K(18944K)->18439K(18944K) Class: 2541K(2816K)->2541K(2816K)
[3.746s][info][gc             ] GC(23) Pause Full (System.gc()) 25M->25M(3925M) 14.442ms
[3.746s][info][gc,cpu         ] GC(23) User=0.02s Sys=0.00s Real=0.01s
[3.932s][info][gc,start       ] GC(24) Pause Young (System.gc())
[3.932s][info][gc,heap        ] GC(24) PSYoungGen: 104857K->32K(1223168K)
[3.932s][info][gc,heap        ] GC(24) ParOldGen: 26538K->26538K(2796544K)
[3.932s][info][gc,metaspace   ] GC(24) Metaspace: 20982K(21760K)->20982K(21760K) NonClass: 18441K(18944K)->18441K(18944K) Class: 2541K(2816K)->2541K(2816K)
[3.932s][info][gc             ] GC(24) Pause Young (System.gc()) 128M->25M(3925M) 0.385ms
[3.932s][info][gc,cpu         ] GC(24) User=0.00s Sys=0.00s Real=0.00s
[3.932s][info][gc,start       ] GC(25) Pause Full (System.gc())
[3.932s][info][gc,phases,start] GC(25) Marking Phase
[3.941s][info][gc,phases      ] GC(25) Marking Phase 8.336ms
[3.941s][info][gc,phases,start] GC(25) Summary Phase
[3.941s][info][gc,phases      ] GC(25) Summary Phase 0.010ms
[3.941s][info][gc,phases,start] GC(25) Adjust Roots
[3.942s][info][gc,phases      ] GC(25) Adjust Roots 1.307ms
[3.942s][info][gc,phases,start] GC(25) Compaction Phase
[3.946s][info][gc,phases      ] GC(25) Compaction Phase 4.280ms
[3.947s][info][gc,phases,start] GC(25) Post Compact
[3.947s][info][gc,phases      ] GC(25) Post Compact 0.691ms
[3.947s][info][gc,heap        ] GC(25) PSYoungGen: 32K->0K(1223168K)
[3.947s][info][gc,heap        ] GC(25) ParOldGen: 26538K->26538K(2796544K)
[3.947s][info][gc,metaspace   ] GC(25) Metaspace: 20982K(21760K)->20982K(21760K) NonClass: 18441K(18944K)->18441K(18944K) Class: 2541K(2816K)->2541K(2816K)
[3.947s][info][gc             ] GC(25) Pause Full (System.gc()) 25M->25M(3925M) 14.884ms
[3.947s][info][gc,cpu         ] GC(25) User=0.00s Sys=0.00s Real=0.01s
[4.131s][info][gc,start       ] GC(26) Pause Young (System.gc())
[4.131s][info][gc,heap        ] GC(26) PSYoungGen: 104857K->32K(1223168K)
[4.131s][info][gc,heap        ] GC(26) ParOldGen: 26538K->26538K(2796544K)
[4.131s][info][gc,metaspace   ] GC(26) Metaspace: 20990K(21760K)->20990K(21760K) NonClass: 18448K(18944K)->18448K(18944K) Class: 2541K(2816K)->2541K(2816K)
[4.131s][info][gc             ] GC(26) Pause Young (System.gc()) 128M->25M(3925M) 0.393ms
[4.131s][info][gc,cpu         ] GC(26) User=0.00s Sys=0.00s Real=0.00s
[4.131s][info][gc,start       ] GC(27) Pause Full (System.gc())
[4.131s][info][gc,phases,start] GC(27) Marking Phase
[4.139s][info][gc,phases      ] GC(27) Marking Phase 7.809ms
[4.139s][info][gc,phases,start] GC(27) Summary Phase
[4.139s][info][gc,phases      ] GC(27) Summary Phase 0.009ms
[4.139s][info][gc,phases,start] GC(27) Adjust Roots
[4.140s][info][gc,phases      ] GC(27) Adjust Roots 1.195ms
[4.140s][info][gc,phases,start] GC(27) Compaction Phase
[4.144s][info][gc,phases      ] GC(27) Compaction Phase 3.897ms
[4.144s][info][gc,phases,start] GC(27) Post Compact
[4.145s][info][gc,phases      ] GC(27) Post Compact 0.682ms
[4.145s][info][gc,heap        ] GC(27) PSYoungGen: 32K->0K(1223168K)
[4.145s][info][gc,heap        ] GC(27) ParOldGen: 26538K->26538K(2796544K)
[4.145s][info][gc,metaspace   ] GC(27) Metaspace: 20990K(21760K)->20990K(21760K) NonClass: 18448K(18944K)->18448K(18944K) Class: 2541K(2816K)->2541K(2816K)
[4.145s][info][gc             ] GC(27) Pause Full (System.gc()) 25M->25M(3925M) 13.845ms
[4.145s][info][gc,cpu         ] GC(27) User=0.00s Sys=0.00s Real=0.02s
[4.331s][info][gc,start       ] GC(28) Pause Young (System.gc())
[4.331s][info][gc,heap        ] GC(28) PSYoungGen: 125829K->32K(1223168K)
[4.331s][info][gc,heap        ] GC(28) ParOldGen: 26538K->26546K(2796544K)
[4.331s][info][gc,metaspace   ] GC(28) Metaspace: 21008K(21760K)->21008K(21760K) NonClass: 18467K(18944K)->18467K(18944K) Class: 2541K(2816K)->2541K(2816K)
[4.331s][info][gc             ] GC(28) Pause Young (System.gc()) 148M->25M(3925M) 0.449ms
[4.331s][info][gc,cpu         ] GC(28) User=0.00s Sys=0.00s Real=0.00s
[4.331s][info][gc,start       ] GC(29) Pause Full (System.gc())
[4.331s][info][gc,phases,start] GC(29) Marking Phase
[4.339s][info][gc,phases      ] GC(29) Marking Phase 8.160ms
[4.339s][info][gc,phases,start] GC(29) Summary Phase
[4.339s][info][gc,phases      ] GC(29) Summary Phase 0.009ms
[4.339s][info][gc,phases,start] GC(29) Adjust Roots
[4.341s][info][gc,phases      ] GC(29) Adjust Roots 1.281ms
[4.341s][info][gc,phases,start] GC(29) Compaction Phase
[4.345s][info][gc,phases      ] GC(29) Compaction Phase 4.367ms
[4.345s][info][gc,phases,start] GC(29) Post Compact
[4.346s][info][gc,phases      ] GC(29) Post Compact 0.677ms
[4.346s][info][gc,heap        ] GC(29) PSYoungGen: 32K->0K(1223168K)
[4.346s][info][gc,heap        ] GC(29) ParOldGen: 26546K->26538K(2796544K)
[4.346s][info][gc,metaspace   ] GC(29) Metaspace: 21008K(21760K)->21008K(21760K) NonClass: 18467K(18944K)->18467K(18944K) Class: 2541K(2816K)->2541K(2816K)
[4.346s][info][gc             ] GC(29) Pause Full (System.gc()) 25M->25M(3925M) 14.738ms
[4.346s][info][gc,cpu         ] GC(29) User=0.02s Sys=0.00s Real=0.02s
[4.530s][info][gc,start       ] GC(30) Pause Young (System.gc())
[4.531s][info][gc,heap        ] GC(30) PSYoungGen: 104857K->32K(1223168K)
[4.531s][info][gc,heap        ] GC(30) ParOldGen: 26538K->26538K(2796544K)
[4.531s][info][gc,metaspace   ] GC(30) Metaspace: 21010K(21760K)->21010K(21760K) NonClass: 18469K(18944K)->18469K(18944K) Class: 2541K(2816K)->2541K(2816K)
[4.531s][info][gc             ] GC(30) Pause Young (System.gc()) 128M->25M(3925M) 0.561ms
[4.531s][info][gc,cpu         ] GC(30) User=0.00s Sys=0.00s Real=0.00s
[4.531s][info][gc,start       ] GC(31) Pause Full (System.gc())
[4.531s][info][gc,phases,start] GC(31) Marking Phase
[4.539s][info][gc,phases      ] GC(31) Marking Phase 8.038ms
[4.539s][info][gc,phases,start] GC(31) Summary Phase
[4.539s][info][gc,phases      ] GC(31) Summary Phase 0.010ms
[4.539s][info][gc,phases,start] GC(31) Adjust Roots
[4.540s][info][gc,phases      ] GC(31) Adjust Roots 1.205ms
[4.540s][info][gc,phases,start] GC(31) Compaction Phase
[4.544s][info][gc,phases      ] GC(31) Compaction Phase 4.115ms
[4.544s][info][gc,phases,start] GC(31) Post Compact
[4.545s][info][gc,phases      ] GC(31) Post Compact 0.689ms
[4.545s][info][gc,heap        ] GC(31) PSYoungGen: 32K->0K(1223168K)
[4.545s][info][gc,heap        ] GC(31) ParOldGen: 26538K->26538K(2796544K)
[4.545s][info][gc,metaspace   ] GC(31) Metaspace: 21010K(21760K)->21010K(21760K) NonClass: 18469K(18944K)->18469K(18944K) Class: 2541K(2816K)->2541K(2816K)
[4.545s][info][gc             ] GC(31) Pause Full (System.gc()) 25M->25M(3925M) 14.328ms
[4.545s][info][gc,cpu         ] GC(31) User=0.00s Sys=0.00s Real=0.02s
[4.730s][info][gc,start       ] GC(32) Pause Young (System.gc())
[4.730s][info][gc,heap        ] GC(32) PSYoungGen: 104857K->32K(1223168K)
[4.730s][info][gc,heap        ] GC(32) ParOldGen: 26538K->26538K(2796544K)
[4.730s][info][gc,metaspace   ] GC(32) Metaspace: 21011K(21760K)->21011K(21760K) NonClass: 18470K(18944K)->18470K(18944K) Class: 2541K(2816K)->2541K(2816K)
[4.730s][info][gc             ] GC(32) Pause Young (System.gc()) 128M->25M(3925M) 0.497ms
[4.730s][info][gc,cpu         ] GC(32) User=0.00s Sys=0.00s Real=0.00s
[4.730s][info][gc,start       ] GC(33) Pause Full (System.gc())
[4.730s][info][gc,phases,start] GC(33) Marking Phase
[4.738s][info][gc,phases      ] GC(33) Marking Phase 7.731ms
[4.738s][info][gc,phases,start] GC(33) Summary Phase
[4.738s][info][gc,phases      ] GC(33) Summary Phase 0.009ms
[4.738s][info][gc,phases,start] GC(33) Adjust Roots
[4.739s][info][gc,phases      ] GC(33) Adjust Roots 1.244ms
[4.739s][info][gc,phases,start] GC(33) Compaction Phase
[4.743s][info][gc,phases      ] GC(33) Compaction Phase 4.061ms
[4.743s][info][gc,phases,start] GC(33) Post Compact
[4.744s][info][gc,phases      ] GC(33) Post Compact 0.790ms
[4.744s][info][gc,heap        ] GC(33) PSYoungGen: 32K->0K(1223168K)
[4.744s][info][gc,heap        ] GC(33) ParOldGen: 26538K->26538K(2796544K)
[4.744s][info][gc,metaspace   ] GC(33) Metaspace: 21011K(21760K)->21011K(21760K) NonClass: 18470K(18944K)->18470K(18944K) Class: 2541K(2816K)->2541K(2816K)
[4.744s][info][gc             ] GC(33) Pause Full (System.gc()) 25M->25M(3925M) 14.204ms
[4.744s][info][gc,cpu         ] GC(33) User=0.00s Sys=0.00s Real=0.02s
[4.929s][info][gc,start       ] GC(34) Pause Young (System.gc())
[4.930s][info][gc,heap        ] GC(34) PSYoungGen: 104857K->32K(1223168K)
[4.930s][info][gc,heap        ] GC(34) ParOldGen: 26538K->26538K(2796544K)
[4.930s][info][gc,metaspace   ] GC(34) Metaspace: 21013K(21760K)->21013K(21760K) NonClass: 18472K(18944K)->18472K(18944K) Class: 2541K(2816K)->2541K(2816K)
[4.930s][info][gc             ] GC(34) Pause Young (System.gc()) 128M->25M(3925M) 0.569ms
[4.930s][info][gc,cpu         ] GC(34) User=0.00s Sys=0.00s Real=0.00s
[4.930s][info][gc,start       ] GC(35) Pause Full (System.gc())
[4.930s][info][gc,phases,start] GC(35) Marking Phase
[4.938s][info][gc,phases      ] GC(35) Marking Phase 8.050ms
[4.938s][info][gc,phases,start] GC(35) Summary Phase
[4.938s][info][gc,phases      ] GC(35) Summary Phase 0.009ms
[4.938s][info][gc,phases,start] GC(35) Adjust Roots
[4.939s][info][gc,phases      ] GC(35) Adjust Roots 1.261ms
[4.939s][info][gc,phases,start] GC(35) Compaction Phase
[4.944s][info][gc,phases      ] GC(35) Compaction Phase 4.104ms
[4.944s][info][gc,phases,start] GC(35) Post Compact
[4.944s][info][gc,phases      ] GC(35) Post Compact 0.686ms
[4.944s][info][gc,heap        ] GC(35) PSYoungGen: 32K->0K(1223168K)
[4.944s][info][gc,heap        ] GC(35) ParOldGen: 26538K->26538K(2796544K)
[4.944s][info][gc,metaspace   ] GC(35) Metaspace: 21013K(21760K)->21013K(21760K) NonClass: 18472K(18944K)->18472K(18944K) Class: 2541K(2816K)->2541K(2816K)
[4.944s][info][gc             ] GC(35) Pause Full (System.gc()) 25M->25M(3925M) 14.357ms
[4.944s][info][gc,cpu         ] GC(35) User=0.02s Sys=0.00s Real=0.02s
[5.129s][info][gc,start       ] GC(36) Pause Young (System.gc())
[5.129s][info][gc,heap        ] GC(36) PSYoungGen: 104857K->32K(1223168K)
[5.129s][info][gc,heap        ] GC(36) ParOldGen: 26538K->26538K(2796544K)
[5.129s][info][gc,metaspace   ] GC(36) Metaspace: 21017K(21760K)->21017K(21760K) NonClass: 18476K(18944K)->18476K(18944K) Class: 2541K(2816K)->2541K(2816K)
[5.129s][info][gc             ] GC(36) Pause Young (System.gc()) 128M->25M(3925M) 0.618ms
[5.129s][info][gc,cpu         ] GC(36) User=0.00s Sys=0.00s Real=0.01s
[5.130s][info][gc,start       ] GC(37) Pause Full (System.gc())
[5.130s][info][gc,phases,start] GC(37) Marking Phase
[5.138s][info][gc,phases      ] GC(37) Marking Phase 8.230ms
[5.138s][info][gc,phases,start] GC(37) Summary Phase
[5.138s][info][gc,phases      ] GC(37) Summary Phase 0.009ms
[5.138s][info][gc,phases,start] GC(37) Adjust Roots
[5.140s][info][gc,phases      ] GC(37) Adjust Roots 1.253ms
[5.140s][info][gc,phases,start] GC(37) Compaction Phase
[5.144s][info][gc,phases      ] GC(37) Compaction Phase 4.136ms
[5.144s][info][gc,phases,start] GC(37) Post Compact
[5.145s][info][gc,phases      ] GC(37) Post Compact 0.785ms
[5.145s][info][gc,heap        ] GC(37) PSYoungGen: 32K->0K(1223168K)
[5.145s][info][gc,heap        ] GC(37) ParOldGen: 26538K->26538K(2796544K)
[5.145s][info][gc,metaspace   ] GC(37) Metaspace: 21017K(21760K)->21017K(21760K) NonClass: 18476K(18944K)->18476K(18944K) Class: 2541K(2816K)->2541K(2816K)
[5.145s][info][gc             ] GC(37) Pause Full (System.gc()) 25M->25M(3925M) 14.715ms
[5.145s][info][gc,cpu         ] GC(37) User=0.00s Sys=0.00s Real=0.02s
[5.330s][info][gc,start       ] GC(38) Pause Young (System.gc())
[5.330s][info][gc,heap        ] GC(38) PSYoungGen: 104857K->32K(1223168K)
[5.330s][info][gc,heap        ] GC(38) ParOldGen: 26538K->26538K(2796544K)
[5.330s][info][gc,metaspace   ] GC(38) Metaspace: 21018K(21760K)->21018K(21760K) NonClass: 18477K(18944K)->18477K(18944K) Class: 2541K(2816K)->2541K(2816K)
[5.330s][info][gc             ] GC(38) Pause Young (System.gc()) 128M->25M(3925M) 0.475ms
[5.330s][info][gc,cpu         ] GC(38) User=0.00s Sys=0.00s Real=0.00s
[5.330s][info][gc,start       ] GC(39) Pause Full (System.gc())
[5.330s][info][gc,phases,start] GC(39) Marking Phase
[5.338s][info][gc,phases      ] GC(39) Marking Phase 8.080ms
[5.339s][info][gc,phases,start] GC(39) Summary Phase
[5.339s][info][gc,phases      ] GC(39) Summary Phase 0.010ms
[5.339s][info][gc,phases,start] GC(39) Adjust Roots
[5.340s][info][gc,phases      ] GC(39) Adjust Roots 1.288ms
[5.340s][info][gc,phases,start] GC(39) Compaction Phase
[5.344s][info][gc,phases      ] GC(39) Compaction Phase 4.274ms
[5.344s][info][gc,phases,start] GC(39) Post Compact
[5.345s][info][gc,phases      ] GC(39) Post Compact 0.686ms
[5.345s][info][gc,heap        ] GC(39) PSYoungGen: 32K->0K(1223168K)
[5.345s][info][gc,heap        ] GC(39) ParOldGen: 26538K->26538K(2796544K)
[5.345s][info][gc,metaspace   ] GC(39) Metaspace: 21018K(21760K)->21018K(21760K) NonClass: 18477K(18944K)->18477K(18944K) Class: 2541K(2816K)->2541K(2816K)
[5.345s][info][gc             ] GC(39) Pause Full (System.gc()) 25M->25M(3925M) 14.656ms
[5.345s][info][gc,cpu         ] GC(39) User=0.02s Sys=0.00s Real=0.01s
[5.530s][info][gc,start       ] GC(40) Pause Young (System.gc())
[5.531s][info][gc,heap        ] GC(40) PSYoungGen: 104857K->32K(1223168K)
[5.531s][info][gc,heap        ] GC(40) ParOldGen: 26538K->26538K(2796544K)
[5.531s][info][gc,metaspace   ] GC(40) Metaspace: 21018K(21760K)->21018K(21760K) NonClass: 18477K(18944K)->18477K(18944K) Class: 2541K(2816K)->2541K(2816K)
[5.531s][info][gc             ] GC(40) Pause Young (System.gc()) 128M->25M(3925M) 0.491ms
[5.531s][info][gc,cpu         ] GC(40) User=0.00s Sys=0.00s Real=0.00s
[5.531s][info][gc,start       ] GC(41) Pause Full (System.gc())
[5.531s][info][gc,phases,start] GC(41) Marking Phase
[5.539s][info][gc,phases      ] GC(41) Marking Phase 7.983ms
[5.539s][info][gc,phases,start] GC(41) Summary Phase
[5.539s][info][gc,phases      ] GC(41) Summary Phase 0.010ms
[5.539s][info][gc,phases,start] GC(41) Adjust Roots
[5.540s][info][gc,phases      ] GC(41) Adjust Roots 1.276ms
[5.540s][info][gc,phases,start] GC(41) Compaction Phase
[5.544s][info][gc,phases      ] GC(41) Compaction Phase 3.977ms
[5.544s][info][gc,phases,start] GC(41) Post Compact
[5.545s][info][gc,phases      ] GC(41) Post Compact 0.697ms
[5.545s][info][gc,heap        ] GC(41) PSYoungGen: 32K->0K(1223168K)
[5.545s][info][gc,heap        ] GC(41) ParOldGen: 26538K->26538K(2796544K)
[5.545s][info][gc,metaspace   ] GC(41) Metaspace: 21018K(21760K)->21018K(21760K) NonClass: 18477K(18944K)->18477K(18944K) Class: 2541K(2816K)->2541K(2816K)
[5.545s][info][gc             ] GC(41) Pause Full (System.gc()) 25M->25M(3925M) 14.209ms
[5.545s][info][gc,cpu         ] GC(41) User=0.00s Sys=0.00s Real=0.02s
[5.731s][info][gc,start       ] GC(42) Pause Young (System.gc())
[5.731s][info][gc,heap        ] GC(42) PSYoungGen: 104857K->32K(1223168K)
[5.731s][info][gc,heap        ] GC(42) ParOldGen: 26538K->26538K(2796544K)
[5.731s][info][gc,metaspace   ] GC(42) Metaspace: 21018K(21760K)->21018K(21760K) NonClass: 18477K(18944K)->18477K(18944K) Class: 2541K(2816K)->2541K(2816K)
[5.731s][info][gc             ] GC(42) Pause Young (System.gc()) 128M->25M(3925M) 0.777ms
[5.731s][info][gc,cpu         ] GC(42) User=0.00s Sys=0.00s Real=0.00s
[5.731s][info][gc,start       ] GC(43) Pause Full (System.gc())
[5.731s][info][gc,phases,start] GC(43) Marking Phase
[5.739s][info][gc,phases      ] GC(43) Marking Phase 7.834ms
[5.739s][info][gc,phases,start] GC(43) Summary Phase
[5.739s][info][gc,phases      ] GC(43) Summary Phase 0.009ms
[5.739s][info][gc,phases,start] GC(43) Adjust Roots
[5.741s][info][gc,phases      ] GC(43) Adjust Roots 1.300ms
[5.741s][info][gc,phases,start] GC(43) Compaction Phase
[5.745s][info][gc,phases      ] GC(43) Compaction Phase 4.271ms
[5.745s][info][gc,phases,start] GC(43) Post Compact
[5.746s][info][gc,phases      ] GC(43) Post Compact 0.685ms
[5.746s][info][gc,heap        ] GC(43) PSYoungGen: 32K->0K(1223168K)
[5.746s][info][gc,heap        ] GC(43) ParOldGen: 26538K->26538K(2796544K)
[5.746s][info][gc,metaspace   ] GC(43) Metaspace: 21018K(21760K)->21018K(21760K) NonClass: 18477K(18944K)->18477K(18944K) Class: 2541K(2816K)->2541K(2816K)
[5.746s][info][gc             ] GC(43) Pause Full (System.gc()) 25M->25M(3925M) 14.364ms
[5.746s][info][gc,cpu         ] GC(43) User=0.02s Sys=0.00s Real=0.01s
[5.930s][info][gc,start       ] GC(44) Pause Young (System.gc())
[5.931s][info][gc,heap        ] GC(44) PSYoungGen: 104857K->32K(1223168K)
[5.931s][info][gc,heap        ] GC(44) ParOldGen: 26538K->26538K(2796544K)
[5.931s][info][gc,metaspace   ] GC(44) Metaspace: 21019K(21760K)->21019K(21760K) NonClass: 18478K(18944K)->18478K(18944K) Class: 2541K(2816K)->2541K(2816K)
[5.931s][info][gc             ] GC(44) Pause Young (System.gc()) 128M->25M(3925M) 0.431ms
[5.931s][info][gc,cpu         ] GC(44) User=0.00s Sys=0.00s Real=0.00s
[5.931s][info][gc,start       ] GC(45) Pause Full (System.gc())
[5.931s][info][gc,phases,start] GC(45) Marking Phase
[5.939s][info][gc,phases      ] GC(45) Marking Phase 8.227ms
[5.939s][info][gc,phases,start] GC(45) Summary Phase
[5.939s][info][gc,phases      ] GC(45) Summary Phase 0.010ms
[5.939s][info][gc,phases,start] GC(45) Adjust Roots
[5.940s][info][gc,phases      ] GC(45) Adjust Roots 1.303ms
[5.940s][info][gc,phases,start] GC(45) Compaction Phase
[5.944s][info][gc,phases      ] GC(45) Compaction Phase 4.020ms
[5.945s][info][gc,phases,start] GC(45) Post Compact
[5.945s][info][gc,phases      ] GC(45) Post Compact 0.828ms
[5.945s][info][gc,heap        ] GC(45) PSYoungGen: 32K->0K(1223168K)
[5.945s][info][gc,heap        ] GC(45) ParOldGen: 26538K->26538K(2796544K)
[5.945s][info][gc,metaspace   ] GC(45) Metaspace: 21019K(21760K)->21019K(21760K) NonClass: 18478K(18944K)->18478K(18944K) Class: 2541K(2816K)->2541K(2816K)
[5.945s][info][gc             ] GC(45) Pause Full (System.gc()) 25M->25M(3925M) 14.660ms
[5.945s][info][gc,cpu         ] GC(45) User=0.02s Sys=0.00s Real=0.02s
[6.129s][info][gc,start       ] GC(46) Pause Young (System.gc())
[6.130s][info][gc,heap        ] GC(46) PSYoungGen: 104857K->64K(1223168K)
[6.130s][info][gc,heap        ] GC(46) ParOldGen: 26538K->26538K(2796544K)
[6.130s][info][gc,metaspace   ] GC(46) Metaspace: 21024K(21760K)->21024K(21760K) NonClass: 18483K(18944K)->18483K(18944K) Class: 2541K(2816K)->2541K(2816K)
[6.130s][info][gc             ] GC(46) Pause Young (System.gc()) 128M->25M(3925M) 0.567ms
[6.130s][info][gc,cpu         ] GC(46) User=0.00s Sys=0.00s Real=0.00s
[6.130s][info][gc,start       ] GC(47) Pause Full (System.gc())
[6.130s][info][gc,phases,start] GC(47) Marking Phase
[6.138s][info][gc,phases      ] GC(47) Marking Phase 8.228ms
[6.138s][info][gc,phases,start] GC(47) Summary Phase
[6.138s][info][gc,phases      ] GC(47) Summary Phase 0.010ms
[6.138s][info][gc,phases,start] GC(47) Adjust Roots
[6.139s][info][gc,phases      ] GC(47) Adjust Roots 1.276ms
[6.139s][info][gc,phases,start] GC(47) Compaction Phase
[6.144s][info][gc,phases      ] GC(47) Compaction Phase 4.278ms
[6.144s][info][gc,phases,start] GC(47) Post Compact
[6.144s][info][gc,phases      ] GC(47) Post Compact 0.693ms
[6.144s][info][gc,heap        ] GC(47) PSYoungGen: 64K->0K(1223168K)
[6.144s][info][gc,heap        ] GC(47) ParOldGen: 26538K->26539K(2796544K)
[6.144s][info][gc,metaspace   ] GC(47) Metaspace: 21024K(21760K)->21024K(21760K) NonClass: 18483K(18944K)->18483K(18944K) Class: 2541K(2816K)->2541K(2816K)
[6.144s][info][gc             ] GC(47) Pause Full (System.gc()) 25M->25M(3925M) 14.755ms
[6.144s][info][gc,cpu         ] GC(47) User=0.02s Sys=0.00s Real=0.01s
[6.329s][info][gc,start       ] GC(48) Pause Young (System.gc())
[6.329s][info][gc,heap        ] GC(48) PSYoungGen: 104857K->32K(1223168K)
[6.329s][info][gc,heap        ] GC(48) ParOldGen: 26539K->26539K(2796544K)
[6.329s][info][gc,metaspace   ] GC(48) Metaspace: 21025K(21760K)->21025K(21760K) NonClass: 18484K(18944K)->18484K(18944K) Class: 2541K(2816K)->2541K(2816K)
[6.329s][info][gc             ] GC(48) Pause Young (System.gc()) 128M->25M(3925M) 0.437ms
[6.329s][info][gc,cpu         ] GC(48) User=0.00s Sys=0.00s Real=0.00s
[6.329s][info][gc,start       ] GC(49) Pause Full (System.gc())
[6.329s][info][gc,phases,start] GC(49) Marking Phase
[6.337s][info][gc,phases      ] GC(49) Marking Phase 7.877ms
[6.337s][info][gc,phases,start] GC(49) Summary Phase
[6.337s][info][gc,phases      ] GC(49) Summary Phase 0.009ms
[6.337s][info][gc,phases,start] GC(49) Adjust Roots
[6.339s][info][gc,phases      ] GC(49) Adjust Roots 1.251ms
[6.339s][info][gc,phases,start] GC(49) Compaction Phase
[6.343s][info][gc,phases      ] GC(49) Compaction Phase 4.373ms
[6.343s][info][gc,phases,start] GC(49) Post Compact
[6.344s][info][gc,phases      ] GC(49) Post Compact 0.690ms
[6.344s][info][gc,heap        ] GC(49) PSYoungGen: 32K->0K(1223168K)
[6.344s][info][gc,heap        ] GC(49) ParOldGen: 26539K->26539K(2796544K)
[6.344s][info][gc,metaspace   ] GC(49) Metaspace: 21025K(21760K)->21025K(21760K) NonClass: 18484K(18944K)->18484K(18944K) Class: 2541K(2816K)->2541K(2816K)
[6.344s][info][gc             ] GC(49) Pause Full (System.gc()) 25M->25M(3925M) 14.468ms
[6.344s][info][gc,cpu         ] GC(49) User=0.00s Sys=0.00s Real=0.02s
[6.528s][info][gc,start       ] GC(50) Pause Young (System.gc())
[6.529s][info][gc,heap        ] GC(50) PSYoungGen: 104857K->32K(1223168K)
[6.529s][info][gc,heap        ] GC(50) ParOldGen: 26539K->26539K(2796544K)
[6.529s][info][gc,metaspace   ] GC(50) Metaspace: 21046K(21760K)->21046K(21760K) NonClass: 18504K(18944K)->18504K(18944K) Class: 2541K(2816K)->2541K(2816K)
[6.529s][info][gc             ] GC(50) Pause Young (System.gc()) 128M->25M(3925M) 0.397ms
[6.529s][info][gc,cpu         ] GC(50) User=0.00s Sys=0.00s Real=0.00s
[6.529s][info][gc,start       ] GC(51) Pause Full (System.gc())
[6.529s][info][gc,phases,start] GC(51) Marking Phase
[6.537s][info][gc,phases      ] GC(51) Marking Phase 8.040ms
[6.537s][info][gc,phases,start] GC(51) Summary Phase
[6.537s][info][gc,phases      ] GC(51) Summary Phase 0.010ms
[6.537s][info][gc,phases,start] GC(51) Adjust Roots
[6.538s][info][gc,phases      ] GC(51) Adjust Roots 1.298ms
[6.538s][info][gc,phases,start] GC(51) Compaction Phase
[6.543s][info][gc,phases      ] GC(51) Compaction Phase 4.357ms
[6.543s][info][gc,phases,start] GC(51) Post Compact
[6.543s][info][gc,phases      ] GC(51) Post Compact 0.805ms
[6.544s][info][gc,heap        ] GC(51) PSYoungGen: 32K->0K(1223168K)
[6.544s][info][gc,heap        ] GC(51) ParOldGen: 26539K->26539K(2796544K)
[6.544s][info][gc,metaspace   ] GC(51) Metaspace: 21046K(21760K)->21046K(21760K) NonClass: 18504K(18944K)->18504K(18944K) Class: 2541K(2816K)->2541K(2816K)
[6.544s][info][gc             ] GC(51) Pause Full (System.gc()) 25M->25M(3925M) 14.859ms
[6.544s][info][gc,cpu         ] GC(51) User=0.02s Sys=0.00s Real=0.02s
[6.731s][info][gc,start       ] GC(52) Pause Young (System.gc())
[6.731s][info][gc,heap        ] GC(52) PSYoungGen: 104857K->64K(1223168K)
[6.731s][info][gc,heap        ] GC(52) ParOldGen: 26539K->26539K(2796544K)
[6.731s][info][gc,metaspace   ] GC(52) Metaspace: 21049K(21760K)->21049K(21760K) NonClass: 18508K(18944K)->18508K(18944K) Class: 2541K(2816K)->2541K(2816K)
[6.731s][info][gc             ] GC(52) Pause Young (System.gc()) 128M->25M(3925M) 0.442ms
[6.731s][info][gc,cpu         ] GC(52) User=0.00s Sys=0.00s Real=0.00s
[6.732s][info][gc,start       ] GC(53) Pause Full (System.gc())
[6.732s][info][gc,phases,start] GC(53) Marking Phase
[6.739s][info][gc,phases      ] GC(53) Marking Phase 7.779ms
[6.739s][info][gc,phases,start] GC(53) Summary Phase
[6.739s][info][gc,phases      ] GC(53) Summary Phase 0.009ms
[6.739s][info][gc,phases,start] GC(53) Adjust Roots
[6.741s][info][gc,phases      ] GC(53) Adjust Roots 1.324ms
[6.741s][info][gc,phases,start] GC(53) Compaction Phase
[6.745s][info][gc,phases      ] GC(53) Compaction Phase 4.193ms
[6.745s][info][gc,phases,start] GC(53) Post Compact
[6.746s][info][gc,phases      ] GC(53) Post Compact 0.693ms
[6.746s][info][gc,heap        ] GC(53) PSYoungGen: 64K->0K(1223168K)
[6.746s][info][gc,heap        ] GC(53) ParOldGen: 26539K->26540K(2796544K)
[6.746s][info][gc,metaspace   ] GC(53) Metaspace: 21049K(21760K)->21049K(21760K) NonClass: 18508K(18944K)->18508K(18944K) Class: 2541K(2816K)->2541K(2816K)
[6.746s][info][gc             ] GC(53) Pause Full (System.gc()) 25M->25M(3925M) 14.241ms
[6.746s][info][gc,cpu         ] GC(53) User=0.00s Sys=0.00s Real=0.00s
[6.929s][info][gc,start       ] GC(54) Pause Young (System.gc())
[6.930s][info][gc,heap        ] GC(54) PSYoungGen: 104857K->32K(1223168K)
[6.930s][info][gc,heap        ] GC(54) ParOldGen: 26540K->26540K(2796544K)
[6.930s][info][gc,metaspace   ] GC(54) Metaspace: 21050K(21760K)->21050K(21760K) NonClass: 18509K(18944K)->18509K(18944K) Class: 2541K(2816K)->2541K(2816K)
[6.930s][info][gc             ] GC(54) Pause Young (System.gc()) 128M->25M(3925M) 0.355ms
[6.930s][info][gc,cpu         ] GC(54) User=0.00s Sys=0.00s Real=0.00s
[6.930s][info][gc,start       ] GC(55) Pause Full (System.gc())
[6.930s][info][gc,phases,start] GC(55) Marking Phase
[6.938s][info][gc,phases      ] GC(55) Marking Phase 7.793ms
[6.938s][info][gc,phases,start] GC(55) Summary Phase
[6.938s][info][gc,phases      ] GC(55) Summary Phase 0.009ms
[6.938s][info][gc,phases,start] GC(55) Adjust Roots
[6.939s][info][gc,phases      ] GC(55) Adjust Roots 1.234ms
[6.939s][info][gc,phases,start] GC(55) Compaction Phase
[6.943s][info][gc,phases      ] GC(55) Compaction Phase 4.568ms
[6.943s][info][gc,phases,start] GC(55) Post Compact
[6.944s][info][gc,phases      ] GC(55) Post Compact 0.697ms
[6.944s][info][gc,heap        ] GC(55) PSYoungGen: 32K->0K(1223168K)
[6.944s][info][gc,heap        ] GC(55) ParOldGen: 26540K->26540K(2796544K)
[6.944s][info][gc,metaspace   ] GC(55) Metaspace: 21050K(21760K)->21050K(21760K) NonClass: 18509K(18944K)->18509K(18944K) Class: 2541K(2816K)->2541K(2816K)
[6.944s][info][gc             ] GC(55) Pause Full (System.gc()) 25M->25M(3925M) 14.546ms
[6.944s][info][gc,cpu         ] GC(55) User=0.02s Sys=0.00s Real=0.01s
[7.131s][info][gc,start       ] GC(56) Pause Young (System.gc())
[7.131s][info][gc,heap        ] GC(56) PSYoungGen: 104857K->32K(1223168K)
[7.131s][info][gc,heap        ] GC(56) ParOldGen: 26540K->26540K(2796544K)
[7.131s][info][gc,metaspace   ] GC(56) Metaspace: 21050K(21760K)->21050K(21760K) NonClass: 18509K(18944K)->18509K(18944K) Class: 2541K(2816K)->2541K(2816K)
[7.131s][info][gc             ] GC(56) Pause Young (System.gc()) 128M->25M(3925M) 0.549ms
[7.131s][info][gc,cpu         ] GC(56) User=0.00s Sys=0.00s Real=0.00s
[7.131s][info][gc,start       ] GC(57) Pause Full (System.gc())
[7.131s][info][gc,phases,start] GC(57) Marking Phase
[7.139s][info][gc,phases      ] GC(57) Marking Phase 7.393ms
[7.139s][info][gc,phases,start] GC(57) Summary Phase
[7.139s][info][gc,phases      ] GC(57) Summary Phase 0.009ms
[7.139s][info][gc,phases,start] GC(57) Adjust Roots
[7.140s][info][gc,phases      ] GC(57) Adjust Roots 1.233ms
[7.140s][info][gc,phases,start] GC(57) Compaction Phase
[7.144s][info][gc,phases      ] GC(57) Compaction Phase 4.124ms
[7.144s][info][gc,phases,start] GC(57) Post Compact
[7.145s][info][gc,phases      ] GC(57) Post Compact 0.692ms
[7.145s][info][gc,heap        ] GC(57) PSYoungGen: 32K->0K(1223168K)
[7.145s][info][gc,heap        ] GC(57) ParOldGen: 26540K->26540K(2796544K)
[7.145s][info][gc,metaspace   ] GC(57) Metaspace: 21050K(21760K)->21050K(21760K) NonClass: 18509K(18944K)->18509K(18944K) Class: 2541K(2816K)->2541K(2816K)
[7.145s][info][gc             ] GC(57) Pause Full (System.gc()) 25M->25M(3925M) 13.733ms
[7.145s][info][gc,cpu         ] GC(57) User=0.00s Sys=0.00s Real=0.01s
[7.328s][info][gc,start       ] GC(58) Pause Young (System.gc())
[7.329s][info][gc,heap        ] GC(58) PSYoungGen: 104857K->32K(1223168K)
[7.329s][info][gc,heap        ] GC(58) ParOldGen: 26540K->26540K(2796544K)
[7.329s][info][gc,metaspace   ] GC(58) Metaspace: 21050K(21760K)->21050K(21760K) NonClass: 18509K(18944K)->18509K(18944K) Class: 2541K(2816K)->2541K(2816K)
[7.329s][info][gc             ] GC(58) Pause Young (System.gc()) 128M->25M(3925M) 0.374ms
[7.329s][info][gc,cpu         ] GC(58) User=0.00s Sys=0.00s Real=0.00s
[7.329s][info][gc,start       ] GC(59) Pause Full (System.gc())
[7.329s][info][gc,phases,start] GC(59) Marking Phase
[7.337s][info][gc,phases      ] GC(59) Marking Phase 8.222ms
[7.337s][info][gc,phases,start] GC(59) Summary Phase
[7.337s][info][gc,phases      ] GC(59) Summary Phase 0.009ms
[7.337s][info][gc,phases,start] GC(59) Adjust Roots
[7.338s][info][gc,phases      ] GC(59) Adjust Roots 1.325ms
[7.338s][info][gc,phases,start] GC(59) Compaction Phase
[7.343s][info][gc,phases      ] GC(59) Compaction Phase 4.445ms
[7.343s][info][gc,phases,start] GC(59) Post Compact
[7.344s][info][gc,phases      ] GC(59) Post Compact 0.838ms
[7.344s][info][gc,heap        ] GC(59) PSYoungGen: 32K->0K(1223168K)
[7.344s][info][gc,heap        ] GC(59) ParOldGen: 26540K->26541K(2796544K)
[7.344s][info][gc,metaspace   ] GC(59) Metaspace: 21050K(21760K)->21050K(21760K) NonClass: 18509K(18944K)->18509K(18944K) Class: 2541K(2816K)->2541K(2816K)
[7.344s][info][gc             ] GC(59) Pause Full (System.gc()) 25M->25M(3925M) 15.139ms
[7.344s][info][gc,cpu         ] GC(59) User=0.00s Sys=0.00s Real=0.01s
[7.528s][info][gc,start       ] GC(60) Pause Young (System.gc())
[7.529s][info][gc,heap        ] GC(60) PSYoungGen: 104857K->32K(1223168K)
[7.529s][info][gc,heap        ] GC(60) ParOldGen: 26541K->26541K(2796544K)
[7.529s][info][gc,metaspace   ] GC(60) Metaspace: 21065K(21760K)->21065K(21760K) NonClass: 18524K(18944K)->18524K(18944K) Class: 2541K(2816K)->2541K(2816K)
[7.529s][info][gc             ] GC(60) Pause Young (System.gc()) 128M->25M(3925M) 0.427ms
[7.529s][info][gc,cpu         ] GC(60) User=0.00s Sys=0.00s Real=0.00s
[7.529s][info][gc,start       ] GC(61) Pause Full (System.gc())
[7.529s][info][gc,phases,start] GC(61) Marking Phase
[7.537s][info][gc,phases      ] GC(61) Marking Phase 8.197ms
[7.537s][info][gc,phases,start] GC(61) Summary Phase
[7.537s][info][gc,phases      ] GC(61) Summary Phase 0.009ms
[7.537s][info][gc,phases,start] GC(61) Adjust Roots
[7.538s][info][gc,phases      ] GC(61) Adjust Roots 1.284ms
[7.539s][info][gc,phases,start] GC(61) Compaction Phase
[7.542s][info][gc,phases      ] GC(61) Compaction Phase 3.881ms
[7.543s][info][gc,phases,start] GC(61) Post Compact
[7.543s][info][gc,phases      ] GC(61) Post Compact 0.685ms
[7.543s][info][gc,heap        ] GC(61) PSYoungGen: 32K->0K(1223168K)
[7.543s][info][gc,heap        ] GC(61) ParOldGen: 26541K->26541K(2796544K)
[7.543s][info][gc,metaspace   ] GC(61) Metaspace: 21065K(21760K)->21065K(21760K) NonClass: 18524K(18944K)->18524K(18944K) Class: 2541K(2816K)->2541K(2816K)
[7.543s][info][gc             ] GC(61) Pause Full (System.gc()) 25M->25M(3925M) 14.392ms
[7.543s][info][gc,cpu         ] GC(61) User=0.00s Sys=0.00s Real=0.01s
[7.728s][info][gc,start       ] GC(62) Pause Young (System.gc())
[7.728s][info][gc,heap        ] GC(62) PSYoungGen: 104857K->32K(1223168K)
[7.728s][info][gc,heap        ] GC(62) ParOldGen: 26541K->26541K(2796544K)
[7.728s][info][gc,metaspace   ] GC(62) Metaspace: 21068K(21760K)->21068K(21760K) NonClass: 18527K(18944K)->18527K(18944K) Class: 2541K(2816K)->2541K(2816K)
[7.728s][info][gc             ] GC(62) Pause Young (System.gc()) 128M->25M(3925M) 0.401ms
[7.728s][info][gc,cpu         ] GC(62) User=0.00s Sys=0.00s Real=0.00s
[7.728s][info][gc,start       ] GC(63) Pause Full (System.gc())
[7.728s][info][gc,phases,start] GC(63) Marking Phase
[7.737s][info][gc,phases      ] GC(63) Marking Phase 8.539ms
[7.737s][info][gc,phases,start] GC(63) Summary Phase
[7.737s][info][gc,phases      ] GC(63) Summary Phase 0.023ms
[7.737s][info][gc,phases,start] GC(63) Adjust Roots
[7.738s][info][gc,phases      ] GC(63) Adjust Roots 1.374ms
[7.739s][info][gc,phases,start] GC(63) Compaction Phase
[7.743s][info][gc,phases      ] GC(63) Compaction Phase 4.321ms
[7.743s][info][gc,phases,start] GC(63) Post Compact
[7.744s][info][gc,phases      ] GC(63) Post Compact 0.683ms
[7.744s][info][gc,heap        ] GC(63) PSYoungGen: 32K->0K(1223168K)
[7.744s][info][gc,heap        ] GC(63) ParOldGen: 26541K->26541K(2796544K)
[7.744s][info][gc,metaspace   ] GC(63) Metaspace: 21068K(21760K)->21068K(21760K) NonClass: 18527K(18944K)->18527K(18944K) Class: 2541K(2816K)->2541K(2816K)
[7.744s][info][gc             ] GC(63) Pause Full (System.gc()) 25M->25M(3925M) 15.191ms
[7.744s][info][gc,cpu         ] GC(63) User=0.00s Sys=0.00s Real=0.01s
[7.928s][info][gc,start       ] GC(64) Pause Young (System.gc())
[7.928s][info][gc,heap        ] GC(64) PSYoungGen: 104857K->32K(1223168K)
[7.928s][info][gc,heap        ] GC(64) ParOldGen: 26541K->26541K(2796544K)
[7.928s][info][gc,metaspace   ] GC(64) Metaspace: 21068K(21760K)->21068K(21760K) NonClass: 18527K(18944K)->18527K(18944K) Class: 2541K(2816K)->2541K(2816K)
[7.928s][info][gc             ] GC(64) Pause Young (System.gc()) 128M->25M(3925M) 0.383ms
[7.928s][info][gc,cpu         ] GC(64) User=0.00s Sys=0.00s Real=0.00s
[7.928s][info][gc,start       ] GC(65) Pause Full (System.gc())
[7.928s][info][gc,phases,start] GC(65) Marking Phase
[7.936s][info][gc,phases      ] GC(65) Marking Phase 8.025ms
[7.936s][info][gc,phases,start] GC(65) Summary Phase
[7.936s][info][gc,phases      ] GC(65) Summary Phase 0.009ms
[7.936s][info][gc,phases,start] GC(65) Adjust Roots
[7.937s][info][gc,phases      ] GC(65) Adjust Roots 1.281ms
[7.937s][info][gc,phases,start] GC(65) Compaction Phase
[7.942s][info][gc,phases      ] GC(65) Compaction Phase 4.396ms
[7.942s][info][gc,phases,start] GC(65) Post Compact
[7.943s][info][gc,phases      ] GC(65) Post Compact 0.677ms
[7.943s][info][gc,heap        ] GC(65) PSYoungGen: 32K->0K(1223168K)
[7.943s][info][gc,heap        ] GC(65) ParOldGen: 26541K->26541K(2796544K)
[7.943s][info][gc,metaspace   ] GC(65) Metaspace: 21068K(21760K)->21068K(21760K) NonClass: 18527K(18944K)->18527K(18944K) Class: 2541K(2816K)->2541K(2816K)
[7.943s][info][gc             ] GC(65) Pause Full (System.gc()) 25M->25M(3925M) 14.629ms
[7.943s][info][gc,cpu         ] GC(65) User=0.02s Sys=0.00s Real=0.02s
[8.127s][info][gc,start       ] GC(66) Pause Young (System.gc())
[8.128s][info][gc,heap        ] GC(66) PSYoungGen: 104857K->32K(1223168K)
[8.128s][info][gc,heap        ] GC(66) ParOldGen: 26541K->26541K(2796544K)
[8.128s][info][gc,metaspace   ] GC(66) Metaspace: 21068K(21760K)->21068K(21760K) NonClass: 18527K(18944K)->18527K(18944K) Class: 2541K(2816K)->2541K(2816K)
[8.128s][info][gc             ] GC(66) Pause Young (System.gc()) 128M->25M(3925M) 0.490ms
[8.128s][info][gc,cpu         ] GC(66) User=0.00s Sys=0.00s Real=0.00s
[8.128s][info][gc,start       ] GC(67) Pause Full (System.gc())
[8.128s][info][gc,phases,start] GC(67) Marking Phase
[8.136s][info][gc,phases      ] GC(67) Marking Phase 7.940ms
[8.136s][info][gc,phases,start] GC(67) Summary Phase
[8.136s][info][gc,phases      ] GC(67) Summary Phase 0.009ms
[8.136s][info][gc,phases,start] GC(67) Adjust Roots
[8.137s][info][gc,phases      ] GC(67) Adjust Roots 1.227ms
[8.137s][info][gc,phases,start] GC(67) Compaction Phase
[8.142s][info][gc,phases      ] GC(67) Compaction Phase 4.439ms
[8.142s][info][gc,phases,start] GC(67) Post Compact
[8.143s][info][gc,phases      ] GC(67) Post Compact 0.685ms
[8.143s][info][gc,heap        ] GC(67) PSYoungGen: 32K->0K(1223168K)
[8.143s][info][gc,heap        ] GC(67) ParOldGen: 26541K->26541K(2796544K)
[8.143s][info][gc,metaspace   ] GC(67) Metaspace: 21068K(21760K)->21068K(21760K) NonClass: 18527K(18944K)->18527K(18944K) Class: 2541K(2816K)->2541K(2816K)
[8.143s][info][gc             ] GC(67) Pause Full (System.gc()) 25M->25M(3925M) 14.562ms
[8.143s][info][gc,cpu         ] GC(67) User=0.00s Sys=0.00s Real=0.00s
[8.326s][info][gc,start       ] GC(68) Pause Young (System.gc())
[8.327s][info][gc,heap        ] GC(68) PSYoungGen: 104857K->64K(1223168K)
[8.327s][info][gc,heap        ] GC(68) ParOldGen: 26541K->26541K(2796544K)
[8.327s][info][gc,metaspace   ] GC(68) Metaspace: 21068K(21760K)->21068K(21760K) NonClass: 18527K(18944K)->18527K(18944K) Class: 2541K(2816K)->2541K(2816K)
[8.327s][info][gc             ] GC(68) Pause Young (System.gc()) 128M->25M(3925M) 0.556ms
[8.327s][info][gc,cpu         ] GC(68) User=0.00s Sys=0.00s Real=0.01s
[8.327s][info][gc,start       ] GC(69) Pause Full (System.gc())
[8.327s][info][gc,phases,start] GC(69) Marking Phase
[8.335s][info][gc,phases      ] GC(69) Marking Phase 8.005ms
[8.335s][info][gc,phases,start] GC(69) Summary Phase
[8.335s][info][gc,phases      ] GC(69) Summary Phase 0.009ms
[8.335s][info][gc,phases,start] GC(69) Adjust Roots
[8.336s][info][gc,phases      ] GC(69) Adjust Roots 1.340ms
[8.336s][info][gc,phases,start] GC(69) Compaction Phase
[8.341s][info][gc,phases      ] GC(69) Compaction Phase 4.381ms
[8.341s][info][gc,phases,start] GC(69) Post Compact
[8.342s][info][gc,phases      ] GC(69) Post Compact 0.684ms
[8.342s][info][gc,heap        ] GC(69) PSYoungGen: 64K->0K(1223168K)
[8.342s][info][gc,heap        ] GC(69) ParOldGen: 26541K->26541K(2796544K)
[8.342s][info][gc,metaspace   ] GC(69) Metaspace: 21068K(21760K)->21068K(21760K) NonClass: 18527K(18944K)->18527K(18944K) Class: 2541K(2816K)->2541K(2816K)
[8.342s][info][gc             ] GC(69) Pause Full (System.gc()) 25M->25M(3925M) 14.681ms
[8.342s][info][gc,cpu         ] GC(69) User=0.00s Sys=0.00s Real=0.01s
[8.526s][info][gc,start       ] GC(70) Pause Young (System.gc())
[8.526s][info][gc,heap        ] GC(70) PSYoungGen: 104857K->32K(1223168K)
[8.526s][info][gc,heap        ] GC(70) ParOldGen: 26541K->26541K(2796544K)
[8.526s][info][gc,metaspace   ] GC(70) Metaspace: 21074K(21760K)->21074K(21760K) NonClass: 18533K(18944K)->18533K(18944K) Class: 2541K(2816K)->2541K(2816K)
[8.526s][info][gc             ] GC(70) Pause Young (System.gc()) 128M->25M(3925M) 0.350ms
[8.526s][info][gc,cpu         ] GC(70) User=0.00s Sys=0.00s Real=0.00s
[8.526s][info][gc,start       ] GC(71) Pause Full (System.gc())
[8.526s][info][gc,phases,start] GC(71) Marking Phase
[8.535s][info][gc,phases      ] GC(71) Marking Phase 8.227ms
[8.535s][info][gc,phases,start] GC(71) Summary Phase
[8.535s][info][gc,phases      ] GC(71) Summary Phase 0.010ms
[8.535s][info][gc,phases,start] GC(71) Adjust Roots
[8.536s][info][gc,phases      ] GC(71) Adjust Roots 1.336ms
[8.536s][info][gc,phases,start] GC(71) Compaction Phase
[8.540s][info][gc,phases      ] GC(71) Compaction Phase 4.112ms
[8.540s][info][gc,phases,start] GC(71) Post Compact
[8.541s][info][gc,phases      ] GC(71) Post Compact 0.803ms
[8.541s][info][gc,heap        ] GC(71) PSYoungGen: 32K->0K(1223168K)
[8.541s][info][gc,heap        ] GC(71) ParOldGen: 26541K->26541K(2796544K)
[8.541s][info][gc,metaspace   ] GC(71) Metaspace: 21074K(21760K)->21074K(21760K) NonClass: 18533K(18944K)->18533K(18944K) Class: 2541K(2816K)->2541K(2816K)
[8.541s][info][gc             ] GC(71) Pause Full (System.gc()) 25M->25M(3925M) 14.773ms
[8.541s][info][gc,cpu         ] GC(71) User=0.02s Sys=0.00s Real=0.02s
[8.727s][info][gc,start       ] GC(72) Pause Young (System.gc())
[8.727s][info][gc,heap        ] GC(72) PSYoungGen: 104857K->32K(1223168K)
[8.727s][info][gc,heap        ] GC(72) ParOldGen: 26541K->26541K(2796544K)
[8.727s][info][gc,metaspace   ] GC(72) Metaspace: 21074K(21760K)->21074K(21760K) NonClass: 18533K(18944K)->18533K(18944K) Class: 2541K(2816K)->2541K(2816K)
[8.727s][info][gc             ] GC(72) Pause Young (System.gc()) 128M->25M(3925M) 0.325ms
[8.727s][info][gc,cpu         ] GC(72) User=0.00s Sys=0.00s Real=0.00s
[8.727s][info][gc,start       ] GC(73) Pause Full (System.gc())
[8.727s][info][gc,phases,start] GC(73) Marking Phase
[8.735s][info][gc,phases      ] GC(73) Marking Phase 7.868ms
[8.735s][info][gc,phases,start] GC(73) Summary Phase
[8.735s][info][gc,phases      ] GC(73) Summary Phase 0.009ms
[8.735s][info][gc,phases,start] GC(73) Adjust Roots
[8.736s][info][gc,phases      ] GC(73) Adjust Roots 1.343ms
[8.736s][info][gc,phases,start] GC(73) Compaction Phase
[8.741s][info][gc,phases      ] GC(73) Compaction Phase 4.338ms
[8.741s][info][gc,phases,start] GC(73) Post Compact
[8.741s][info][gc,phases      ] GC(73) Post Compact 0.809ms
[8.741s][info][gc,heap        ] GC(73) PSYoungGen: 32K->0K(1223168K)
[8.742s][info][gc,heap        ] GC(73) ParOldGen: 26541K->26541K(2796544K)
[8.742s][info][gc,metaspace   ] GC(73) Metaspace: 21074K(21760K)->21074K(21760K) NonClass: 18533K(18944K)->18533K(18944K) Class: 2541K(2816K)->2541K(2816K)
[8.742s][info][gc             ] GC(73) Pause Full (System.gc()) 25M->25M(3925M) 14.609ms
[8.742s][info][gc,cpu         ] GC(73) User=0.02s Sys=0.00s Real=0.02s
[8.926s][info][gc,start       ] GC(74) Pause Young (System.gc())
[8.926s][info][gc,heap        ] GC(74) PSYoungGen: 104857K->64K(1223168K)
[8.926s][info][gc,heap        ] GC(74) ParOldGen: 26541K->26541K(2796544K)
[8.926s][info][gc,metaspace   ] GC(74) Metaspace: 21079K(21760K)->21079K(21760K) NonClass: 18538K(18944K)->18538K(18944K) Class: 2541K(2816K)->2541K(2816K)
[8.926s][info][gc             ] GC(74) Pause Young (System.gc()) 128M->25M(3925M) 0.538ms
[8.926s][info][gc,cpu         ] GC(74) User=0.00s Sys=0.00s Real=0.00s
[8.926s][info][gc,start       ] GC(75) Pause Full (System.gc())
[8.926s][info][gc,phases,start] GC(75) Marking Phase
[8.935s][info][gc,phases      ] GC(75) Marking Phase 8.103ms
[8.935s][info][gc,phases,start] GC(75) Summary Phase
[8.935s][info][gc,phases      ] GC(75) Summary Phase 0.009ms
[8.935s][info][gc,phases,start] GC(75) Adjust Roots
[8.936s][info][gc,phases      ] GC(75) Adjust Roots 1.345ms
[8.936s][info][gc,phases,start] GC(75) Compaction Phase
[8.940s][info][gc,phases      ] GC(75) Compaction Phase 4.244ms
[8.940s][info][gc,phases,start] GC(75) Post Compact
[8.941s][info][gc,phases      ] GC(75) Post Compact 0.689ms
[8.941s][info][gc,heap        ] GC(75) PSYoungGen: 64K->0K(1223168K)
[8.941s][info][gc,heap        ] GC(75) ParOldGen: 26541K->26543K(2796544K)
[8.941s][info][gc,metaspace   ] GC(75) Metaspace: 21079K(21760K)->21079K(21760K) NonClass: 18538K(18944K)->18538K(18944K) Class: 2541K(2816K)->2541K(2816K)
[8.941s][info][gc             ] GC(75) Pause Full (System.gc()) 25M->25M(3925M) 14.658ms
[8.941s][info][gc,cpu         ] GC(75) User=0.02s Sys=0.00s Real=0.02s
[9.128s][info][gc,start       ] GC(76) Pause Young (System.gc())
[9.128s][info][gc,heap        ] GC(76) PSYoungGen: 104857K->32K(1223168K)
[9.128s][info][gc,heap        ] GC(76) ParOldGen: 26543K->26543K(2796544K)
[9.128s][info][gc,metaspace   ] GC(76) Metaspace: 21084K(21760K)->21084K(21760K) NonClass: 18543K(18944K)->18543K(18944K) Class: 2541K(2816K)->2541K(2816K)
[9.128s][info][gc             ] GC(76) Pause Young (System.gc()) 128M->25M(3925M) 0.652ms
[9.128s][info][gc,cpu         ] GC(76) User=0.00s Sys=0.00s Real=0.00s
[9.128s][info][gc,start       ] GC(77) Pause Full (System.gc())
[9.128s][info][gc,phases,start] GC(77) Marking Phase
[9.136s][info][gc,phases      ] GC(77) Marking Phase 7.661ms
[9.136s][info][gc,phases,start] GC(77) Summary Phase
[9.136s][info][gc,phases      ] GC(77) Summary Phase 0.009ms
[9.136s][info][gc,phases,start] GC(77) Adjust Roots
[9.137s][info][gc,phases      ] GC(77) Adjust Roots 1.247ms
[9.137s][info][gc,phases,start] GC(77) Compaction Phase
[9.142s][info][gc,phases      ] GC(77) Compaction Phase 4.203ms
[9.142s][info][gc,phases,start] GC(77) Post Compact
[9.142s][info][gc,phases      ] GC(77) Post Compact 0.689ms
[9.142s][info][gc,heap        ] GC(77) PSYoungGen: 32K->0K(1223168K)
[9.142s][info][gc,heap        ] GC(77) ParOldGen: 26543K->26543K(2796544K)
[9.142s][info][gc,metaspace   ] GC(77) Metaspace: 21084K(21760K)->21084K(21760K) NonClass: 18543K(18944K)->18543K(18944K) Class: 2541K(2816K)->2541K(2816K)
[9.142s][info][gc             ] GC(77) Pause Full (System.gc()) 25M->25M(3925M) 14.067ms
[9.142s][info][gc,cpu         ] GC(77) User=0.02s Sys=0.00s Real=0.01s
[9.327s][info][gc,start       ] GC(78) Pause Young (System.gc())
[9.327s][info][gc,heap        ] GC(78) PSYoungGen: 104857K->32K(1223168K)
[9.327s][info][gc,heap        ] GC(78) ParOldGen: 26543K->26543K(2796544K)
[9.327s][info][gc,metaspace   ] GC(78) Metaspace: 21086K(21760K)->21086K(21760K) NonClass: 18544K(18944K)->18544K(18944K) Class: 2541K(2816K)->2541K(2816K)
[9.327s][info][gc             ] GC(78) Pause Young (System.gc()) 128M->25M(3925M) 0.544ms
[9.327s][info][gc,cpu         ] GC(78) User=0.00s Sys=0.00s Real=0.00s
[9.327s][info][gc,start       ] GC(79) Pause Full (System.gc())
[9.327s][info][gc,phases,start] GC(79) Marking Phase
[9.335s][info][gc,phases      ] GC(79) Marking Phase 7.833ms
[9.335s][info][gc,phases,start] GC(79) Summary Phase
[9.335s][info][gc,phases      ] GC(79) Summary Phase 0.009ms
[9.335s][info][gc,phases,start] GC(79) Adjust Roots
[9.336s][info][gc,phases      ] GC(79) Adjust Roots 1.275ms
[9.336s][info][gc,phases,start] GC(79) Compaction Phase
[9.341s][info][gc,phases      ] GC(79) Compaction Phase 4.251ms
[9.341s][info][gc,phases,start] GC(79) Post Compact
[9.341s][info][gc,phases      ] GC(79) Post Compact 0.673ms
[9.342s][info][gc,heap        ] GC(79) PSYoungGen: 32K->0K(1223168K)
[9.342s][info][gc,heap        ] GC(79) ParOldGen: 26543K->26543K(2796544K)
[9.342s][info][gc,metaspace   ] GC(79) Metaspace: 21086K(21760K)->21086K(21760K) NonClass: 18544K(18944K)->18544K(18944K) Class: 2541K(2816K)->2541K(2816K)
[9.342s][info][gc             ] GC(79) Pause Full (System.gc()) 25M->25M(3925M) 14.390ms
[9.342s][info][gc,cpu         ] GC(79) User=0.02s Sys=0.00s Real=0.02s
[9.525s][info][gc,start       ] GC(80) Pause Young (System.gc())
[9.525s][info][gc,heap        ] GC(80) PSYoungGen: 104857K->32K(1223168K)
[9.525s][info][gc,heap        ] GC(80) ParOldGen: 26543K->26543K(2796544K)
[9.525s][info][gc,metaspace   ] GC(80) Metaspace: 21087K(21760K)->21087K(21760K) NonClass: 18546K(18944K)->18546K(18944K) Class: 2541K(2816K)->2541K(2816K)
[9.525s][info][gc             ] GC(80) Pause Young (System.gc()) 128M->25M(3925M) 0.513ms
[9.525s][info][gc,cpu         ] GC(80) User=0.02s Sys=0.00s Real=0.01s
[9.525s][info][gc,start       ] GC(81) Pause Full (System.gc())
[9.525s][info][gc,phases,start] GC(81) Marking Phase
[9.533s][info][gc,phases      ] GC(81) Marking Phase 7.910ms
[9.533s][info][gc,phases,start] GC(81) Summary Phase
[9.533s][info][gc,phases      ] GC(81) Summary Phase 0.010ms
[9.533s][info][gc,phases,start] GC(81) Adjust Roots
[9.535s][info][gc,phases      ] GC(81) Adjust Roots 1.263ms
[9.535s][info][gc,phases,start] GC(81) Compaction Phase
[9.539s][info][gc,phases      ] GC(81) Compaction Phase 4.282ms
[9.539s][info][gc,phases,start] GC(81) Post Compact
[9.540s][info][gc,phases      ] GC(81) Post Compact 0.755ms
[9.540s][info][gc,heap        ] GC(81) PSYoungGen: 32K->0K(1223168K)
[9.540s][info][gc,heap        ] GC(81) ParOldGen: 26543K->26543K(2796544K)
[9.540s][info][gc,metaspace   ] GC(81) Metaspace: 21087K(21760K)->21087K(21760K) NonClass: 18546K(18944K)->18546K(18944K) Class: 2541K(2816K)->2541K(2816K)
[9.540s][info][gc             ] GC(81) Pause Full (System.gc()) 25M->25M(3925M) 14.524ms
[9.540s][info][gc,cpu         ] GC(81) User=0.00s Sys=0.00s Real=0.00s
[9.726s][info][gc,start       ] GC(82) Pause Young (System.gc())
[9.727s][info][gc,heap        ] GC(82) PSYoungGen: 104857K->32K(1223168K)
[9.727s][info][gc,heap        ] GC(82) ParOldGen: 26543K->26543K(2796544K)
[9.727s][info][gc,metaspace   ] GC(82) Metaspace: 21087K(21760K)->21087K(21760K) NonClass: 18546K(18944K)->18546K(18944K) Class: 2541K(2816K)->2541K(2816K)
[9.727s][info][gc             ] GC(82) Pause Young (System.gc()) 128M->25M(3925M) 0.515ms
[9.727s][info][gc,cpu         ] GC(82) User=0.00s Sys=0.00s Real=0.00s
[9.727s][info][gc,start       ] GC(83) Pause Full (System.gc())
[9.727s][info][gc,phases,start] GC(83) Marking Phase
[9.735s][info][gc,phases      ] GC(83) Marking Phase 7.912ms
[9.735s][info][gc,phases,start] GC(83) Summary Phase
[9.735s][info][gc,phases      ] GC(83) Summary Phase 0.009ms
[9.735s][info][gc,phases,start] GC(83) Adjust Roots
[9.736s][info][gc,phases      ] GC(83) Adjust Roots 1.355ms
[9.736s][info][gc,phases,start] GC(83) Compaction Phase
[9.741s][info][gc,phases      ] GC(83) Compaction Phase 4.511ms
[9.741s][info][gc,phases,start] GC(83) Post Compact
[9.741s][info][gc,phases      ] GC(83) Post Compact 0.687ms
[9.741s][info][gc,heap        ] GC(83) PSYoungGen: 32K->0K(1223168K)
[9.741s][info][gc,heap        ] GC(83) ParOldGen: 26543K->26543K(2796544K)
[9.741s][info][gc,metaspace   ] GC(83) Metaspace: 21087K(21760K)->21087K(21760K) NonClass: 18546K(18944K)->18546K(18944K) Class: 2541K(2816K)->2541K(2816K)
[9.741s][info][gc             ] GC(83) Pause Full (System.gc()) 25M->25M(3925M) 14.723ms
[9.741s][info][gc,cpu         ] GC(83) User=0.00s Sys=0.00s Real=0.02s
[9.926s][info][gc,start       ] GC(84) Pause Young (System.gc())
[9.926s][info][gc,heap        ] GC(84) PSYoungGen: 104857K->32K(1223168K)
[9.926s][info][gc,heap        ] GC(84) ParOldGen: 26543K->26543K(2796544K)
[9.926s][info][gc,metaspace   ] GC(84) Metaspace: 21094K(21760K)->21094K(21760K) NonClass: 18553K(18944K)->18553K(18944K) Class: 2541K(2816K)->2541K(2816K)
[9.926s][info][gc             ] GC(84) Pause Young (System.gc()) 128M->25M(3925M) 0.551ms
[9.926s][info][gc,cpu         ] GC(84) User=0.00s Sys=0.00s Real=0.00s
[9.926s][info][gc,start       ] GC(85) Pause Full (System.gc())
[9.926s][info][gc,phases,start] GC(85) Marking Phase
[9.934s][info][gc,phases      ] GC(85) Marking Phase 8.083ms
[9.934s][info][gc,phases,start] GC(85) Summary Phase
[9.934s][info][gc,phases      ] GC(85) Summary Phase 0.009ms
[9.934s][info][gc,phases,start] GC(85) Adjust Roots
[9.936s][info][gc,phases      ] GC(85) Adjust Roots 1.368ms
[9.936s][info][gc,phases,start] GC(85) Compaction Phase
[9.940s][info][gc,phases      ] GC(85) Compaction Phase 4.016ms
[9.940s][info][gc,phases,start] GC(85) Post Compact
[9.941s][info][gc,phases      ] GC(85) Post Compact 0.688ms
[9.941s][info][gc,heap        ] GC(85) PSYoungGen: 32K->0K(1223168K)
[9.941s][info][gc,heap        ] GC(85) ParOldGen: 26543K->26543K(2796544K)
[9.941s][info][gc,metaspace   ] GC(85) Metaspace: 21094K(21760K)->21094K(21760K) NonClass: 18553K(18944K)->18553K(18944K) Class: 2541K(2816K)->2541K(2816K)
[9.941s][info][gc             ] GC(85) Pause Full (System.gc()) 25M->25M(3925M) 14.468ms
[9.941s][info][gc,cpu         ] GC(85) User=0.00s Sys=0.00s Real=0.02s
[10.125s][info][gc,start       ] GC(86) Pause Young (System.gc())
[10.126s][info][gc,heap        ] GC(86) PSYoungGen: 104857K->32K(1223168K)
[10.126s][info][gc,heap        ] GC(86) ParOldGen: 26543K->26543K(2796544K)
[10.126s][info][gc,metaspace   ] GC(86) Metaspace: 21100K(21760K)->21100K(21760K) NonClass: 18559K(18944K)->18559K(18944K) Class: 2541K(2816K)->2541K(2816K)
[10.126s][info][gc             ] GC(86) Pause Young (System.gc()) 128M->25M(3925M) 0.517ms
[10.126s][info][gc,cpu         ] GC(86) User=0.00s Sys=0.00s Real=0.00s
[10.126s][info][gc,start       ] GC(87) Pause Full (System.gc())
[10.126s][info][gc,phases,start] GC(87) Marking Phase
[10.134s][info][gc,phases      ] GC(87) Marking Phase 8.281ms
[10.134s][info][gc,phases,start] GC(87) Summary Phase
[10.134s][info][gc,phases      ] GC(87) Summary Phase 0.010ms
[10.134s][info][gc,phases,start] GC(87) Adjust Roots
[10.135s][info][gc,phases      ] GC(87) Adjust Roots 1.360ms
[10.135s][info][gc,phases,start] GC(87) Compaction Phase
[10.139s][info][gc,phases      ] GC(87) Compaction Phase 3.897ms
[10.140s][info][gc,phases,start] GC(87) Post Compact
[10.140s][info][gc,phases      ] GC(87) Post Compact 0.686ms
[10.140s][info][gc,heap        ] GC(87) PSYoungGen: 32K->0K(1223168K)
[10.140s][info][gc,heap        ] GC(87) ParOldGen: 26543K->26543K(2796544K)
[10.140s][info][gc,metaspace   ] GC(87) Metaspace: 21100K(21760K)->21100K(21760K) NonClass: 18559K(18944K)->18559K(18944K) Class: 2541K(2816K)->2541K(2816K)
[10.140s][info][gc             ] GC(87) Pause Full (System.gc()) 25M->25M(3925M) 14.575ms
[10.140s][info][gc,cpu         ] GC(87) User=0.02s Sys=0.00s Real=0.02s
[10.323s][info][gc,start       ] GC(88) Pause Young (System.gc())
[10.324s][info][gc,heap        ] GC(88) PSYoungGen: 104857K->32K(1223168K)
[10.324s][info][gc,heap        ] GC(88) ParOldGen: 26543K->26543K(2796544K)
[10.324s][info][gc,metaspace   ] GC(88) Metaspace: 21100K(21760K)->21100K(21760K) NonClass: 18559K(18944K)->18559K(18944K) Class: 2541K(2816K)->2541K(2816K)
[10.324s][info][gc             ] GC(88) Pause Young (System.gc()) 128M->25M(3925M) 0.382ms
[10.324s][info][gc,cpu         ] GC(88) User=0.00s Sys=0.00s Real=0.00s
[10.324s][info][gc,start       ] GC(89) Pause Full (System.gc())
[10.324s][info][gc,phases,start] GC(89) Marking Phase
[10.332s][info][gc,phases      ] GC(89) Marking Phase 7.806ms
[10.332s][info][gc,phases,start] GC(89) Summary Phase
[10.332s][info][gc,phases      ] GC(89) Summary Phase 0.009ms
[10.332s][info][gc,phases,start] GC(89) Adjust Roots
[10.333s][info][gc,phases      ] GC(89) Adjust Roots 1.262ms
[10.333s][info][gc,phases,start] GC(89) Compaction Phase
[10.337s][info][gc,phases      ] GC(89) Compaction Phase 4.310ms
[10.337s][info][gc,phases,start] GC(89) Post Compact
[10.338s][info][gc,phases      ] GC(89) Post Compact 0.710ms
[10.338s][info][gc,heap        ] GC(89) PSYoungGen: 32K->0K(1223168K)
[10.338s][info][gc,heap        ] GC(89) ParOldGen: 26543K->26543K(2796544K)
[10.338s][info][gc,metaspace   ] GC(89) Metaspace: 21100K(21760K)->21100K(21760K) NonClass: 18559K(18944K)->18559K(18944K) Class: 2541K(2816K)->2541K(2816K)
[10.338s][info][gc             ] GC(89) Pause Full (System.gc()) 25M->25M(3925M) 14.446ms
[10.338s][info][gc,cpu         ] GC(89) User=0.00s Sys=0.00s Real=0.02s
[10.522s][info][gc,start       ] GC(90) Pause Young (System.gc())
[10.522s][info][gc,heap        ] GC(90) PSYoungGen: 104857K->32K(1223168K)
[10.522s][info][gc,heap        ] GC(90) ParOldGen: 26543K->26543K(2796544K)
[10.522s][info][gc,metaspace   ] GC(90) Metaspace: 21101K(21760K)->21101K(21760K) NonClass: 18559K(18944K)->18559K(18944K) Class: 2541K(2816K)->2541K(2816K)
[10.522s][info][gc             ] GC(90) Pause Young (System.gc()) 128M->25M(3925M) 0.529ms
[10.522s][info][gc,cpu         ] GC(90) User=0.00s Sys=0.00s Real=0.00s
[10.523s][info][gc,start       ] GC(91) Pause Full (System.gc())
[10.523s][info][gc,phases,start] GC(91) Marking Phase
[10.531s][info][gc,phases      ] GC(91) Marking Phase 8.163ms
[10.531s][info][gc,phases,start] GC(91) Summary Phase
[10.531s][info][gc,phases      ] GC(91) Summary Phase 0.009ms
[10.531s][info][gc,phases,start] GC(91) Adjust Roots
[10.532s][info][gc,phases      ] GC(91) Adjust Roots 1.347ms
[10.532s][info][gc,phases,start] GC(91) Compaction Phase
[10.537s][info][gc,phases      ] GC(91) Compaction Phase 4.387ms
[10.537s][info][gc,phases,start] GC(91) Post Compact
[10.537s][info][gc,phases      ] GC(91) Post Compact 0.685ms
[10.537s][info][gc,heap        ] GC(91) PSYoungGen: 32K->0K(1223168K)
[10.537s][info][gc,heap        ] GC(91) ParOldGen: 26543K->26543K(2796544K)
[10.537s][info][gc,metaspace   ] GC(91) Metaspace: 21101K(21760K)->21101K(21760K) NonClass: 18559K(18944K)->18559K(18944K) Class: 2541K(2816K)->2541K(2816K)
[10.537s][info][gc             ] GC(91) Pause Full (System.gc()) 25M->25M(3925M) 14.864ms
[10.537s][info][gc,cpu         ] GC(91) User=0.02s Sys=0.00s Real=0.02s
[10.722s][info][gc,start       ] GC(92) Pause Young (System.gc())
[10.722s][info][gc,heap        ] GC(92) PSYoungGen: 104857K->32K(1223168K)
[10.722s][info][gc,heap        ] GC(92) ParOldGen: 26543K->26543K(2796544K)
[10.722s][info][gc,metaspace   ] GC(92) Metaspace: 21101K(21760K)->21101K(21760K) NonClass: 18559K(18944K)->18559K(18944K) Class: 2541K(2816K)->2541K(2816K)
[10.722s][info][gc             ] GC(92) Pause Young (System.gc()) 128M->25M(3925M) 0.492ms
[10.722s][info][gc,cpu         ] GC(92) User=0.00s Sys=0.00s Real=0.00s
[10.722s][info][gc,start       ] GC(93) Pause Full (System.gc())
[10.722s][info][gc,phases,start] GC(93) Marking Phase
[10.730s][info][gc,phases      ] GC(93) Marking Phase 7.947ms
[10.730s][info][gc,phases,start] GC(93) Summary Phase
[10.730s][info][gc,phases      ] GC(93) Summary Phase 0.010ms
[10.730s][info][gc,phases,start] GC(93) Adjust Roots
[10.732s][info][gc,phases      ] GC(93) Adjust Roots 1.391ms
[10.732s][info][gc,phases,start] GC(93) Compaction Phase
[10.736s][info][gc,phases      ] GC(93) Compaction Phase 4.363ms
[10.736s][info][gc,phases,start] GC(93) Post Compact
[10.738s][info][gc,phases      ] GC(93) Post Compact 1.131ms
[10.738s][info][gc,heap        ] GC(93) PSYoungGen: 32K->0K(1223168K)
[10.738s][info][gc,heap        ] GC(93) ParOldGen: 26543K->26543K(2796544K)
[10.738s][info][gc,metaspace   ] GC(93) Metaspace: 21101K(21760K)->21101K(21760K) NonClass: 18559K(18944K)->18559K(18944K) Class: 2541K(2816K)->2541K(2816K)
[10.738s][info][gc             ] GC(93) Pause Full (System.gc()) 25M->25M(3925M) 15.230ms
[10.738s][info][gc,cpu         ] GC(93) User=0.00s Sys=0.00s Real=0.02s
[10.921s][info][gc,start       ] GC(94) Pause Young (System.gc())
[10.921s][info][gc,heap        ] GC(94) PSYoungGen: 104857K->32K(1223168K)
[10.921s][info][gc,heap        ] GC(94) ParOldGen: 26543K->26543K(2796544K)
[10.921s][info][gc,metaspace   ] GC(94) Metaspace: 21101K(21760K)->21101K(21760K) NonClass: 18559K(18944K)->18559K(18944K) Class: 2541K(2816K)->2541K(2816K)
[10.921s][info][gc             ] GC(94) Pause Young (System.gc()) 128M->25M(3925M) 0.550ms
[10.921s][info][gc,cpu         ] GC(94) User=0.00s Sys=0.00s Real=0.00s
[10.921s][info][gc,start       ] GC(95) Pause Full (System.gc())
[10.921s][info][gc,phases,start] GC(95) Marking Phase
[10.929s][info][gc,phases      ] GC(95) Marking Phase 8.287ms
[10.930s][info][gc,phases,start] GC(95) Summary Phase
[10.930s][info][gc,phases      ] GC(95) Summary Phase 0.010ms
[10.930s][info][gc,phases,start] GC(95) Adjust Roots
[10.931s][info][gc,phases      ] GC(95) Adjust Roots 1.370ms
[10.931s][info][gc,phases,start] GC(95) Compaction Phase
[10.935s][info][gc,phases      ] GC(95) Compaction Phase 4.220ms
[10.935s][info][gc,phases,start] GC(95) Post Compact
[10.936s][info][gc,phases      ] GC(95) Post Compact 0.693ms
[10.936s][info][gc,heap        ] GC(95) PSYoungGen: 32K->0K(1223168K)
[10.936s][info][gc,heap        ] GC(95) ParOldGen: 26543K->26543K(2796544K)
[10.936s][info][gc,metaspace   ] GC(95) Metaspace: 21101K(21760K)->21101K(21760K) NonClass: 18559K(18944K)->18559K(18944K) Class: 2541K(2816K)->2541K(2816K)
[10.936s][info][gc             ] GC(95) Pause Full (System.gc()) 25M->25M(3925M) 14.848ms
[10.936s][info][gc,cpu         ] GC(95) User=0.00s Sys=0.00s Real=0.02s
[11.121s][info][gc,start       ] GC(96) Pause Young (System.gc())
[11.121s][info][gc,heap        ] GC(96) PSYoungGen: 104857K->32K(1223168K)
[11.121s][info][gc,heap        ] GC(96) ParOldGen: 26543K->26543K(2796544K)
[11.121s][info][gc,metaspace   ] GC(96) Metaspace: 21101K(21760K)->21101K(21760K) NonClass: 18559K(18944K)->18559K(18944K) Class: 2541K(2816K)->2541K(2816K)
[11.121s][info][gc             ] GC(96) Pause Young (System.gc()) 128M->25M(3925M) 0.400ms
[11.121s][info][gc,cpu         ] GC(96) User=0.00s Sys=0.00s Real=0.00s
[11.121s][info][gc,start       ] GC(97) Pause Full (System.gc())
[11.121s][info][gc,phases,start] GC(97) Marking Phase
[11.129s][info][gc,phases      ] GC(97) Marking Phase 7.857ms
[11.129s][info][gc,phases,start] GC(97) Summary Phase
[11.129s][info][gc,phases      ] GC(97) Summary Phase 0.009ms
[11.129s][info][gc,phases,start] GC(97) Adjust Roots
[11.130s][info][gc,phases      ] GC(97) Adjust Roots 1.427ms
[11.130s][info][gc,phases,start] GC(97) Compaction Phase
[11.135s][info][gc,phases      ] GC(97) Compaction Phase 4.255ms
[11.135s][info][gc,phases,start] GC(97) Post Compact
[11.135s][info][gc,phases      ] GC(97) Post Compact 0.724ms
[11.135s][info][gc,heap        ] GC(97) PSYoungGen: 32K->0K(1223168K)
[11.136s][info][gc,heap        ] GC(97) ParOldGen: 26543K->26543K(2796544K)
[11.136s][info][gc,metaspace   ] GC(97) Metaspace: 21101K(21760K)->21101K(21760K) NonClass: 18559K(18944K)->18559K(18944K) Class: 2541K(2816K)->2541K(2816K)
[11.136s][info][gc             ] GC(97) Pause Full (System.gc()) 25M->25M(3925M) 14.563ms
[11.136s][info][gc,cpu         ] GC(97) User=0.00s Sys=0.00s Real=0.02s
[11.320s][info][gc,start       ] GC(98) Pause Young (System.gc())
[11.321s][info][gc,heap        ] GC(98) PSYoungGen: 104857K->32K(1223168K)
[11.321s][info][gc,heap        ] GC(98) ParOldGen: 26543K->26543K(2796544K)
[11.321s][info][gc,metaspace   ] GC(98) Metaspace: 21116K(21760K)->21116K(21760K) NonClass: 18575K(18944K)->18575K(18944K) Class: 2541K(2816K)->2541K(2816K)
[11.321s][info][gc             ] GC(98) Pause Young (System.gc()) 128M->25M(3925M) 0.406ms
[11.321s][info][gc,cpu         ] GC(98) User=0.00s Sys=0.00s Real=0.00s
[11.321s][info][gc,start       ] GC(99) Pause Full (System.gc())
[11.321s][info][gc,phases,start] GC(99) Marking Phase
[11.329s][info][gc,phases      ] GC(99) Marking Phase 8.169ms
[11.329s][info][gc,phases,start] GC(99) Summary Phase
[11.329s][info][gc,phases      ] GC(99) Summary Phase 0.009ms
[11.329s][info][gc,phases,start] GC(99) Adjust Roots
[11.331s][info][gc,phases      ] GC(99) Adjust Roots 1.381ms
[11.331s][info][gc,phases,start] GC(99) Compaction Phase
[11.335s][info][gc,phases      ] GC(99) Compaction Phase 4.029ms
[11.335s][info][gc,phases,start] GC(99) Post Compact
[11.336s][info][gc,phases      ] GC(99) Post Compact 1.032ms
[11.336s][info][gc,heap        ] GC(99) PSYoungGen: 32K->0K(1223168K)
[11.336s][info][gc,heap        ] GC(99) ParOldGen: 26543K->26543K(2796544K)
[11.336s][info][gc,metaspace   ] GC(99) Metaspace: 21116K(21760K)->21116K(21760K) NonClass: 18575K(18944K)->18575K(18944K) Class: 2541K(2816K)->2541K(2816K)
[11.336s][info][gc             ] GC(99) Pause Full (System.gc()) 25M->25M(3925M) 15.001ms
[11.336s][info][gc,cpu         ] GC(99) User=0.00s Sys=0.00s Real=0.02s
[11.520s][info][gc,start       ] GC(100) Pause Young (System.gc())
[11.520s][info][gc,heap        ] GC(100) PSYoungGen: 104857K->32K(1223168K)
[11.520s][info][gc,heap        ] GC(100) ParOldGen: 26543K->26543K(2796544K)
[11.520s][info][gc,metaspace   ] GC(100) Metaspace: 21116K(21760K)->21116K(21760K) NonClass: 18575K(18944K)->18575K(18944K) Class: 2541K(2816K)->2541K(2816K)
[11.520s][info][gc             ] GC(100) Pause Young (System.gc()) 128M->25M(3925M) 0.588ms
[11.520s][info][gc,cpu         ] GC(100) User=0.00s Sys=0.00s Real=0.00s
[11.520s][info][gc,start       ] GC(101) Pause Full (System.gc())
[11.520s][info][gc,phases,start] GC(101) Marking Phase
[11.529s][info][gc,phases      ] GC(101) Marking Phase 8.332ms
[11.529s][info][gc,phases,start] GC(101) Summary Phase
[11.529s][info][gc,phases      ] GC(101) Summary Phase 0.034ms
[11.529s][info][gc,phases,start] GC(101) Adjust Roots
[11.531s][info][gc,phases      ] GC(101) Adjust Roots 1.909ms
[11.531s][info][gc,phases,start] GC(101) Compaction Phase
[11.535s][info][gc,phases      ] GC(101) Compaction Phase 4.315ms
[11.535s][info][gc,phases,start] GC(101) Post Compact
[11.536s][info][gc,phases      ] GC(101) Post Compact 0.684ms
[11.536s][info][gc,heap        ] GC(101) PSYoungGen: 32K->0K(1223168K)
[11.536s][info][gc,heap        ] GC(101) ParOldGen: 26543K->26543K(2796544K)
[11.536s][info][gc,metaspace   ] GC(101) Metaspace: 21116K(21760K)->21116K(21760K) NonClass: 18575K(18944K)->18575K(18944K) Class: 2541K(2816K)->2541K(2816K)
[11.536s][info][gc             ] GC(101) Pause Full (System.gc()) 25M->25M(3925M) 15.937ms
[11.536s][info][gc,cpu         ] GC(101) User=0.00s Sys=0.00s Real=0.02s
[11.721s][info][gc,start       ] GC(102) Pause Young (System.gc())
[11.721s][info][gc,heap        ] GC(102) PSYoungGen: 104857K->32K(1223168K)
[11.721s][info][gc,heap        ] GC(102) ParOldGen: 26543K->26543K(2796544K)
[11.721s][info][gc,metaspace   ] GC(102) Metaspace: 21119K(21760K)->21119K(21760K) NonClass: 18578K(18944K)->18578K(18944K) Class: 2541K(2816K)->2541K(2816K)
[11.721s][info][gc             ] GC(102) Pause Young (System.gc()) 128M->25M(3925M) 0.378ms
[11.721s][info][gc,cpu         ] GC(102) User=0.00s Sys=0.00s Real=0.00s
[11.721s][info][gc,start       ] GC(103) Pause Full (System.gc())
[11.721s][info][gc,phases,start] GC(103) Marking Phase
[11.730s][info][gc,phases      ] GC(103) Marking Phase 8.152ms
[11.730s][info][gc,phases,start] GC(103) Summary Phase
[11.730s][info][gc,phases      ] GC(103) Summary Phase 0.009ms
[11.730s][info][gc,phases,start] GC(103) Adjust Roots
[11.731s][info][gc,phases      ] GC(103) Adjust Roots 1.332ms
[11.731s][info][gc,phases,start] GC(103) Compaction Phase
[11.736s][info][gc,phases      ] GC(103) Compaction Phase 4.441ms
[11.736s][info][gc,phases,start] GC(103) Post Compact
[11.736s][info][gc,phases      ] GC(103) Post Compact 0.704ms
[11.736s][info][gc,heap        ] GC(103) PSYoungGen: 32K->0K(1223168K)
[11.736s][info][gc,heap        ] GC(103) ParOldGen: 26543K->26543K(2796544K)
[11.736s][info][gc,metaspace   ] GC(103) Metaspace: 21119K(21760K)->21119K(21760K) NonClass: 18578K(18944K)->18578K(18944K) Class: 2541K(2816K)->2541K(2816K)
[11.736s][info][gc             ] GC(103) Pause Full (System.gc()) 25M->25M(3925M) 14.993ms
[11.736s][info][gc,cpu         ] GC(103) User=0.02s Sys=0.00s Real=0.02s
[11.920s][info][gc,start       ] GC(104) Pause Young (System.gc())
[11.921s][info][gc,heap        ] GC(104) PSYoungGen: 104857K->32K(1223168K)
[11.921s][info][gc,heap        ] GC(104) ParOldGen: 26543K->26543K(2796544K)
[11.921s][info][gc,metaspace   ] GC(104) Metaspace: 21119K(21760K)->21119K(21760K) NonClass: 18578K(18944K)->18578K(18944K) Class: 2541K(2816K)->2541K(2816K)
[11.921s][info][gc             ] GC(104) Pause Young (System.gc()) 128M->25M(3925M) 0.566ms
[11.921s][info][gc,cpu         ] GC(104) User=0.00s Sys=0.00s Real=0.00s
[11.921s][info][gc,start       ] GC(105) Pause Full (System.gc())
[11.921s][info][gc,phases,start] GC(105) Marking Phase
[11.930s][info][gc,phases      ] GC(105) Marking Phase 9.411ms
[11.930s][info][gc,phases,start] GC(105) Summary Phase
[11.930s][info][gc,phases      ] GC(105) Summary Phase 0.010ms
[11.930s][info][gc,phases,start] GC(105) Adjust Roots
[11.932s][info][gc,phases      ] GC(105) Adjust Roots 1.478ms
[11.932s][info][gc,phases,start] GC(105) Compaction Phase
[11.936s][info][gc,phases      ] GC(105) Compaction Phase 4.559ms
[11.936s][info][gc,phases,start] GC(105) Post Compact
[11.937s][info][gc,phases      ] GC(105) Post Compact 0.830ms
[11.937s][info][gc,heap        ] GC(105) PSYoungGen: 32K->0K(1223168K)
[11.937s][info][gc,heap        ] GC(105) ParOldGen: 26543K->26543K(2796544K)
[11.937s][info][gc,metaspace   ] GC(105) Metaspace: 21119K(21760K)->21119K(21760K) NonClass: 18578K(18944K)->18578K(18944K) Class: 2541K(2816K)->2541K(2816K)
[11.937s][info][gc             ] GC(105) Pause Full (System.gc()) 25M->25M(3925M) 16.658ms
[11.937s][info][gc,cpu         ] GC(105) User=0.02s Sys=0.00s Real=0.02s
[12.122s][info][gc,start       ] GC(106) Pause Young (System.gc())
[12.122s][info][gc,heap        ] GC(106) PSYoungGen: 104857K->32K(1223168K)
[12.122s][info][gc,heap        ] GC(106) ParOldGen: 26543K->26543K(2796544K)
[12.122s][info][gc,metaspace   ] GC(106) Metaspace: 21120K(21760K)->21120K(21760K) NonClass: 18579K(18944K)->18579K(18944K) Class: 2541K(2816K)->2541K(2816K)
[12.122s][info][gc             ] GC(106) Pause Young (System.gc()) 128M->25M(3925M) 0.607ms
[12.123s][info][gc,cpu         ] GC(106) User=0.00s Sys=0.00s Real=0.00s
[12.123s][info][gc,start       ] GC(107) Pause Full (System.gc())
[12.123s][info][gc,phases,start] GC(107) Marking Phase
[12.131s][info][gc,phases      ] GC(107) Marking Phase 8.759ms
[12.131s][info][gc,phases,start] GC(107) Summary Phase
[12.131s][info][gc,phases      ] GC(107) Summary Phase 0.009ms
[12.131s][info][gc,phases,start] GC(107) Adjust Roots
[12.133s][info][gc,phases      ] GC(107) Adjust Roots 1.453ms
[12.133s][info][gc,phases,start] GC(107) Compaction Phase
[12.137s][info][gc,phases      ] GC(107) Compaction Phase 3.993ms
[12.137s][info][gc,phases,start] GC(107) Post Compact
[12.138s][info][gc,phases      ] GC(107) Post Compact 0.685ms
[12.138s][info][gc,heap        ] GC(107) PSYoungGen: 32K->0K(1223168K)
[12.138s][info][gc,heap        ] GC(107) ParOldGen: 26543K->26543K(2796544K)
[12.138s][info][gc,metaspace   ] GC(107) Metaspace: 21120K(21760K)->21120K(21760K) NonClass: 18579K(18944K)->18579K(18944K) Class: 2541K(2816K)->2541K(2816K)
[12.138s][info][gc             ] GC(107) Pause Full (System.gc()) 25M->25M(3925M) 15.140ms
[12.138s][info][gc,cpu         ] GC(107) User=0.02s Sys=0.00s Real=0.02s
[12.322s][info][gc,start       ] GC(108) Pause Young (System.gc())
[12.323s][info][gc,heap        ] GC(108) PSYoungGen: 104857K->32K(1223168K)
[12.323s][info][gc,heap        ] GC(108) ParOldGen: 26543K->26543K(2796544K)
[12.323s][info][gc,metaspace   ] GC(108) Metaspace: 21120K(21760K)->21120K(21760K) NonClass: 18579K(18944K)->18579K(18944K) Class: 2541K(2816K)->2541K(2816K)
[12.323s][info][gc             ] GC(108) Pause Young (System.gc()) 128M->25M(3925M) 0.470ms
[12.323s][info][gc,cpu         ] GC(108) User=0.00s Sys=0.00s Real=0.00s
[12.323s][info][gc,start       ] GC(109) Pause Full (System.gc())
[12.323s][info][gc,phases,start] GC(109) Marking Phase
[12.331s][info][gc,phases      ] GC(109) Marking Phase 8.247ms
[12.331s][info][gc,phases,start] GC(109) Summary Phase
[12.331s][info][gc,phases      ] GC(109) Summary Phase 0.013ms
[12.331s][info][gc,phases,start] GC(109) Adjust Roots
[12.333s][info][gc,phases      ] GC(109) Adjust Roots 1.394ms
[12.333s][info][gc,phases,start] GC(109) Compaction Phase
[12.337s][info][gc,phases      ] GC(109) Compaction Phase 4.185ms
[12.337s][info][gc,phases,start] GC(109) Post Compact
[12.338s][info][gc,phases      ] GC(109) Post Compact 0.677ms
[12.338s][info][gc,heap        ] GC(109) PSYoungGen: 32K->0K(1223168K)
[12.338s][info][gc,heap        ] GC(109) ParOldGen: 26543K->26543K(2796544K)
[12.338s][info][gc,metaspace   ] GC(109) Metaspace: 21120K(21760K)->21120K(21760K) NonClass: 18579K(18944K)->18579K(18944K) Class: 2541K(2816K)->2541K(2816K)
[12.338s][info][gc             ] GC(109) Pause Full (System.gc()) 25M->25M(3925M) 14.788ms
[12.338s][info][gc,cpu         ] GC(109) User=0.00s Sys=0.00s Real=0.02s
[12.521s][info][gc,start       ] GC(110) Pause Young (System.gc())
[12.521s][info][gc,heap        ] GC(110) PSYoungGen: 104857K->32K(1223168K)
[12.521s][info][gc,heap        ] GC(110) ParOldGen: 26543K->26543K(2796544K)
[12.521s][info][gc,metaspace   ] GC(110) Metaspace: 21120K(21760K)->21120K(21760K) NonClass: 18579K(18944K)->18579K(18944K) Class: 2541K(2816K)->2541K(2816K)
[12.521s][info][gc             ] GC(110) Pause Young (System.gc()) 128M->25M(3925M) 0.473ms
[12.521s][info][gc,cpu         ] GC(110) User=0.00s Sys=0.00s Real=0.00s
[12.521s][info][gc,start       ] GC(111) Pause Full (System.gc())
[12.521s][info][gc,phases,start] GC(111) Marking Phase
[12.530s][info][gc,phases      ] GC(111) Marking Phase 8.485ms
[12.530s][info][gc,phases,start] GC(111) Summary Phase
[12.530s][info][gc,phases      ] GC(111) Summary Phase 0.010ms
[12.530s][info][gc,phases,start] GC(111) Adjust Roots
[12.531s][info][gc,phases      ] GC(111) Adjust Roots 1.367ms
[12.531s][info][gc,phases,start] GC(111) Compaction Phase
[12.536s][info][gc,phases      ] GC(111) Compaction Phase 4.389ms
[12.536s][info][gc,phases,start] GC(111) Post Compact
[12.536s][info][gc,phases      ] GC(111) Post Compact 0.688ms
[12.537s][info][gc,heap        ] GC(111) PSYoungGen: 32K->0K(1223168K)
[12.537s][info][gc,heap        ] GC(111) ParOldGen: 26543K->26543K(2796544K)
[12.537s][info][gc,metaspace   ] GC(111) Metaspace: 21120K(21760K)->21120K(21760K) NonClass: 18579K(18944K)->18579K(18944K) Class: 2541K(2816K)->2541K(2816K)
[12.537s][info][gc             ] GC(111) Pause Full (System.gc()) 25M->25M(3925M) 15.194ms
[12.537s][info][gc,cpu         ] GC(111) User=0.02s Sys=0.00s Real=0.02s
[12.720s][info][gc,start       ] GC(112) Pause Young (System.gc())
[12.721s][info][gc,heap        ] GC(112) PSYoungGen: 104857K->32K(1223168K)
[12.721s][info][gc,heap        ] GC(112) ParOldGen: 26543K->26543K(2796544K)
[12.721s][info][gc,metaspace   ] GC(112) Metaspace: 21120K(21760K)->21120K(21760K) NonClass: 18579K(18944K)->18579K(18944K) Class: 2541K(2816K)->2541K(2816K)
[12.721s][info][gc             ] GC(112) Pause Young (System.gc()) 128M->25M(3925M) 0.401ms
[12.721s][info][gc,cpu         ] GC(112) User=0.00s Sys=0.00s Real=0.00s
[12.721s][info][gc,start       ] GC(113) Pause Full (System.gc())
[12.721s][info][gc,phases,start] GC(113) Marking Phase
[12.729s][info][gc,phases      ] GC(113) Marking Phase 8.068ms
[12.729s][info][gc,phases,start] GC(113) Summary Phase
[12.729s][info][gc,phases      ] GC(113) Summary Phase 0.009ms
[12.729s][info][gc,phases,start] GC(113) Adjust Roots
[12.731s][info][gc,phases      ] GC(113) Adjust Roots 1.399ms
[12.731s][info][gc,phases,start] GC(113) Compaction Phase
[12.735s][info][gc,phases      ] GC(113) Compaction Phase 4.155ms
[12.735s][info][gc,phases,start] GC(113) Post Compact
[12.736s][info][gc,phases      ] GC(113) Post Compact 0.771ms
[12.736s][info][gc,heap        ] GC(113) PSYoungGen: 32K->0K(1223168K)
[12.736s][info][gc,heap        ] GC(113) ParOldGen: 26543K->26543K(2796544K)
[12.736s][info][gc,metaspace   ] GC(113) Metaspace: 21120K(21760K)->21120K(21760K) NonClass: 18579K(18944K)->18579K(18944K) Class: 2541K(2816K)->2541K(2816K)
[12.736s][info][gc             ] GC(113) Pause Full (System.gc()) 25M->25M(3925M) 14.700ms
[12.736s][info][gc,cpu         ] GC(113) User=0.02s Sys=0.00s Real=0.02s
[12.920s][info][gc,start       ] GC(114) Pause Young (System.gc())
[12.921s][info][gc,heap        ] GC(114) PSYoungGen: 125829K->64K(1223168K)
[12.921s][info][gc,heap        ] GC(114) ParOldGen: 26543K->26543K(2796544K)
[12.921s][info][gc,metaspace   ] GC(114) Metaspace: 21134K(21760K)->21134K(21760K) NonClass: 18593K(18944K)->18593K(18944K) Class: 2541K(2816K)->2541K(2816K)
[12.921s][info][gc             ] GC(114) Pause Young (System.gc()) 148M->25M(3925M) 0.453ms
[12.921s][info][gc,cpu         ] GC(114) User=0.00s Sys=0.00s Real=0.00s
[12.921s][info][gc,start       ] GC(115) Pause Full (System.gc())
[12.921s][info][gc,phases,start] GC(115) Marking Phase
[12.929s][info][gc,phases      ] GC(115) Marking Phase 7.963ms
[12.929s][info][gc,phases,start] GC(115) Summary Phase
[12.929s][info][gc,phases      ] GC(115) Summary Phase 0.009ms
[12.929s][info][gc,phases,start] GC(115) Adjust Roots
[12.930s][info][gc,phases      ] GC(115) Adjust Roots 1.374ms
[12.930s][info][gc,phases,start] GC(115) Compaction Phase
[12.935s][info][gc,phases      ] GC(115) Compaction Phase 4.441ms
[12.935s][info][gc,phases,start] GC(115) Post Compact
[12.936s][info][gc,phases      ] GC(115) Post Compact 0.692ms
[12.936s][info][gc,heap        ] GC(115) PSYoungGen: 64K->0K(1223168K)
[12.936s][info][gc,heap        ] GC(115) ParOldGen: 26543K->26543K(2796544K)
[12.936s][info][gc,metaspace   ] GC(115) Metaspace: 21134K(21760K)->21134K(21760K) NonClass: 18593K(18944K)->18593K(18944K) Class: 2541K(2816K)->2541K(2816K)
[12.936s][info][gc             ] GC(115) Pause Full (System.gc()) 25M->25M(3925M) 14.739ms
[12.936s][info][gc,cpu         ] GC(115) User=0.02s Sys=0.00s Real=0.01s
[13.122s][info][gc,start       ] GC(116) Pause Young (System.gc())
[13.122s][info][gc,heap        ] GC(116) PSYoungGen: 104857K->32K(1223168K)
[13.122s][info][gc,heap        ] GC(116) ParOldGen: 26543K->26543K(2796544K)
[13.122s][info][gc,metaspace   ] GC(116) Metaspace: 21134K(21760K)->21134K(21760K) NonClass: 18593K(18944K)->18593K(18944K) Class: 2541K(2816K)->2541K(2816K)
[13.122s][info][gc             ] GC(116) Pause Young (System.gc()) 128M->25M(3925M) 0.508ms
[13.122s][info][gc,cpu         ] GC(116) User=0.00s Sys=0.00s Real=0.00s
[13.122s][info][gc,start       ] GC(117) Pause Full (System.gc())
[13.122s][info][gc,phases,start] GC(117) Marking Phase
[13.131s][info][gc,phases      ] GC(117) Marking Phase 8.677ms
[13.131s][info][gc,phases,start] GC(117) Summary Phase
[13.131s][info][gc,phases      ] GC(117) Summary Phase 0.009ms
[13.131s][info][gc,phases,start] GC(117) Adjust Roots
[13.132s][info][gc,phases      ] GC(117) Adjust Roots 1.353ms
[13.132s][info][gc,phases,start] GC(117) Compaction Phase
[13.137s][info][gc,phases      ] GC(117) Compaction Phase 4.599ms
[13.137s][info][gc,phases,start] GC(117) Post Compact
[13.138s][info][gc,phases      ] GC(117) Post Compact 0.691ms
[13.138s][info][gc,heap        ] GC(117) PSYoungGen: 32K->0K(1223168K)
[13.138s][info][gc,heap        ] GC(117) ParOldGen: 26543K->26543K(2796544K)
[13.138s][info][gc,metaspace   ] GC(117) Metaspace: 21134K(21760K)->21134K(21760K) NonClass: 18593K(18944K)->18593K(18944K) Class: 2541K(2816K)->2541K(2816K)
[13.138s][info][gc             ] GC(117) Pause Full (System.gc()) 25M->25M(3925M) 15.579ms
[13.138s][info][gc,cpu         ] GC(117) User=0.03s Sys=0.00s Real=0.03s
[13.322s][info][gc,start       ] GC(118) Pause Young (System.gc())
[13.323s][info][gc,heap        ] GC(118) PSYoungGen: 104857K->32K(1223168K)
[13.323s][info][gc,heap        ] GC(118) ParOldGen: 26543K->26543K(2796544K)
[13.323s][info][gc,metaspace   ] GC(118) Metaspace: 21134K(21760K)->21134K(21760K) NonClass: 18593K(18944K)->18593K(18944K) Class: 2541K(2816K)->2541K(2816K)
[13.323s][info][gc             ] GC(118) Pause Young (System.gc()) 128M->25M(3925M) 0.807ms
[13.323s][info][gc,cpu         ] GC(118) User=0.00s Sys=0.00s Real=0.00s
[13.323s][info][gc,start       ] GC(119) Pause Full (System.gc())
[13.323s][info][gc,phases,start] GC(119) Marking Phase
[13.331s][info][gc,phases      ] GC(119) Marking Phase 7.944ms
[13.331s][info][gc,phases,start] GC(119) Summary Phase
[13.331s][info][gc,phases      ] GC(119) Summary Phase 0.009ms
[13.331s][info][gc,phases,start] GC(119) Adjust Roots
[13.332s][info][gc,phases      ] GC(119) Adjust Roots 1.384ms
[13.332s][info][gc,phases,start] GC(119) Compaction Phase
[13.337s][info][gc,phases      ] GC(119) Compaction Phase 4.170ms
[13.337s][info][gc,phases,start] GC(119) Post Compact
[13.337s][info][gc,phases      ] GC(119) Post Compact 0.691ms
[13.337s][info][gc,heap        ] GC(119) PSYoungGen: 32K->0K(1223168K)
[13.337s][info][gc,heap        ] GC(119) ParOldGen: 26543K->26543K(2796544K)
[13.337s][info][gc,metaspace   ] GC(119) Metaspace: 21134K(21760K)->21134K(21760K) NonClass: 18593K(18944K)->18593K(18944K) Class: 2541K(2816K)->2541K(2816K)
[13.337s][info][gc             ] GC(119) Pause Full (System.gc()) 25M->25M(3925M) 14.470ms
[13.337s][info][gc,cpu         ] GC(119) User=0.02s Sys=0.00s Real=0.02s
[13.522s][info][gc,start       ] GC(120) Pause Young (System.gc())
[13.522s][info][gc,heap        ] GC(120) PSYoungGen: 104857K->32K(1223168K)
[13.522s][info][gc,heap        ] GC(120) ParOldGen: 26543K->26543K(2796544K)
[13.522s][info][gc,metaspace   ] GC(120) Metaspace: 21134K(21760K)->21134K(21760K) NonClass: 18593K(18944K)->18593K(18944K) Class: 2541K(2816K)->2541K(2816K)
[13.522s][info][gc             ] GC(120) Pause Young (System.gc()) 128M->25M(3925M) 0.603ms
[13.522s][info][gc,cpu         ] GC(120) User=0.00s Sys=0.00s Real=0.00s
[13.522s][info][gc,start       ] GC(121) Pause Full (System.gc())
[13.522s][info][gc,phases,start] GC(121) Marking Phase
[13.531s][info][gc,phases      ] GC(121) Marking Phase 8.493ms
[13.531s][info][gc,phases,start] GC(121) Summary Phase
[13.531s][info][gc,phases      ] GC(121) Summary Phase 0.009ms
[13.531s][info][gc,phases,start] GC(121) Adjust Roots
[13.532s][info][gc,phases      ] GC(121) Adjust Roots 1.459ms
[13.532s][info][gc,phases,start] GC(121) Compaction Phase
[13.537s][info][gc,phases      ] GC(121) Compaction Phase 4.500ms
[13.537s][info][gc,phases,start] GC(121) Post Compact
[13.538s][info][gc,phases      ] GC(121) Post Compact 0.765ms
[13.538s][info][gc,heap        ] GC(121) PSYoungGen: 32K->0K(1223168K)
[13.538s][info][gc,heap        ] GC(121) ParOldGen: 26543K->26543K(2796544K)
[13.538s][info][gc,metaspace   ] GC(121) Metaspace: 21134K(21760K)->21134K(21760K) NonClass: 18593K(18944K)->18593K(18944K) Class: 2541K(2816K)->2541K(2816K)
[13.538s][info][gc             ] GC(121) Pause Full (System.gc()) 25M->25M(3925M) 15.481ms
[13.538s][info][gc,cpu         ] GC(121) User=0.00s Sys=0.00s Real=0.02s
[13.723s][info][gc,start       ] GC(122) Pause Young (System.gc())
[13.724s][info][gc,heap        ] GC(122) PSYoungGen: 104857K->32K(1223168K)
[13.724s][info][gc,heap        ] GC(122) ParOldGen: 26543K->26543K(2796544K)
[13.724s][info][gc,metaspace   ] GC(122) Metaspace: 21134K(21760K)->21134K(21760K) NonClass: 18593K(18944K)->18593K(18944K) Class: 2541K(2816K)->2541K(2816K)
[13.724s][info][gc             ] GC(122) Pause Young (System.gc()) 128M->25M(3925M) 0.353ms
[13.724s][info][gc,cpu         ] GC(122) User=0.00s Sys=0.00s Real=0.00s
[13.724s][info][gc,start       ] GC(123) Pause Full (System.gc())
[13.724s][info][gc,phases,start] GC(123) Marking Phase
[13.732s][info][gc,phases      ] GC(123) Marking Phase 8.399ms
[13.732s][info][gc,phases,start] GC(123) Summary Phase
[13.732s][info][gc,phases      ] GC(123) Summary Phase 0.009ms
[13.732s][info][gc,phases,start] GC(123) Adjust Roots
[13.734s][info][gc,phases      ] GC(123) Adjust Roots 1.505ms
[13.734s][info][gc,phases,start] GC(123) Compaction Phase
[13.738s][info][gc,phases      ] GC(123) Compaction Phase 3.908ms
[13.738s][info][gc,phases,start] GC(123) Post Compact
[13.738s][info][gc,phases      ] GC(123) Post Compact 0.754ms
[13.739s][info][gc,heap        ] GC(123) PSYoungGen: 32K->0K(1223168K)
[13.739s][info][gc,heap        ] GC(123) ParOldGen: 26543K->26543K(2796544K)
[13.739s][info][gc,metaspace   ] GC(123) Metaspace: 21134K(21760K)->21134K(21760K) NonClass: 18593K(18944K)->18593K(18944K) Class: 2541K(2816K)->2541K(2816K)
[13.739s][info][gc             ] GC(123) Pause Full (System.gc()) 25M->25M(3925M) 14.960ms
[13.739s][info][gc,cpu         ] GC(123) User=0.02s Sys=0.00s Real=0.02s
[13.923s][info][gc,start       ] GC(124) Pause Young (System.gc())
[13.923s][info][gc,heap        ] GC(124) PSYoungGen: 104857K->32K(1223168K)
[13.923s][info][gc,heap        ] GC(124) ParOldGen: 26543K->26543K(2796544K)
[13.923s][info][gc,metaspace   ] GC(124) Metaspace: 21134K(21760K)->21134K(21760K) NonClass: 18593K(18944K)->18593K(18944K) Class: 2541K(2816K)->2541K(2816K)
[13.923s][info][gc             ] GC(124) Pause Young (System.gc()) 128M->25M(3925M) 0.547ms
[13.923s][info][gc,cpu         ] GC(124) User=0.00s Sys=0.00s Real=0.00s
[13.923s][info][gc,start       ] GC(125) Pause Full (System.gc())
[13.923s][info][gc,phases,start] GC(125) Marking Phase
[13.931s][info][gc,phases      ] GC(125) Marking Phase 7.975ms
[13.931s][info][gc,phases,start] GC(125) Summary Phase
[13.931s][info][gc,phases      ] GC(125) Summary Phase 0.009ms
[13.931s][info][gc,phases,start] GC(125) Adjust Roots
[13.933s][info][gc,phases      ] GC(125) Adjust Roots 1.395ms
[13.933s][info][gc,phases,start] GC(125) Compaction Phase
[13.937s][info][gc,phases      ] GC(125) Compaction Phase 4.091ms
[13.937s][info][gc,phases,start] GC(125) Post Compact
[13.937s][info][gc,phases      ] GC(125) Post Compact 0.687ms
[13.938s][info][gc,heap        ] GC(125) PSYoungGen: 32K->0K(1223168K)
[13.938s][info][gc,heap        ] GC(125) ParOldGen: 26543K->26543K(2796544K)
[13.938s][info][gc,metaspace   ] GC(125) Metaspace: 21134K(21760K)->21134K(21760K) NonClass: 18593K(18944K)->18593K(18944K) Class: 2541K(2816K)->2541K(2816K)
[13.938s][info][gc             ] GC(125) Pause Full (System.gc()) 25M->25M(3925M) 14.415ms
[13.938s][info][gc,cpu         ] GC(125) User=0.02s Sys=0.00s Real=0.03s
[14.122s][info][gc,start       ] GC(126) Pause Young (System.gc())
[14.123s][info][gc,heap        ] GC(126) PSYoungGen: 104857K->32K(1223168K)
[14.123s][info][gc,heap        ] GC(126) ParOldGen: 26543K->26543K(2796544K)
[14.123s][info][gc,metaspace   ] GC(126) Metaspace: 21134K(21760K)->21134K(21760K) NonClass: 18593K(18944K)->18593K(18944K) Class: 2541K(2816K)->2541K(2816K)
[14.123s][info][gc             ] GC(126) Pause Young (System.gc()) 128M->25M(3925M) 0.502ms
[14.123s][info][gc,cpu         ] GC(126) User=0.00s Sys=0.00s Real=0.00s
[14.123s][info][gc,start       ] GC(127) Pause Full (System.gc())
[14.123s][info][gc,phases,start] GC(127) Marking Phase
[14.131s][info][gc,phases      ] GC(127) Marking Phase 8.013ms
[14.131s][info][gc,phases,start] GC(127) Summary Phase
[14.131s][info][gc,phases      ] GC(127) Summary Phase 0.010ms
[14.131s][info][gc,phases,start] GC(127) Adjust Roots
[14.132s][info][gc,phases      ] GC(127) Adjust Roots 1.316ms
[14.132s][info][gc,phases,start] GC(127) Compaction Phase
[14.137s][info][gc,phases      ] GC(127) Compaction Phase 4.168ms
[14.137s][info][gc,phases,start] GC(127) Post Compact
[14.137s][info][gc,phases      ] GC(127) Post Compact 0.785ms
[14.138s][info][gc,heap        ] GC(127) PSYoungGen: 32K->0K(1223168K)
[14.138s][info][gc,heap        ] GC(127) ParOldGen: 26543K->26543K(2796544K)
[14.138s][info][gc,metaspace   ] GC(127) Metaspace: 21134K(21760K)->21134K(21760K) NonClass: 18593K(18944K)->18593K(18944K) Class: 2541K(2816K)->2541K(2816K)
[14.138s][info][gc             ] GC(127) Pause Full (System.gc()) 25M->25M(3925M) 14.727ms
[14.138s][info][gc,cpu         ] GC(127) User=0.02s Sys=0.00s Real=0.02s
[14.321s][info][gc,start       ] GC(128) Pause Young (System.gc())
[14.322s][info][gc,heap        ] GC(128) PSYoungGen: 104857K->32K(1223168K)
[14.322s][info][gc,heap        ] GC(128) ParOldGen: 26543K->26543K(2796544K)
[14.322s][info][gc,metaspace   ] GC(128) Metaspace: 21137K(21760K)->21137K(21760K) NonClass: 18595K(18944K)->18595K(18944K) Class: 2541K(2816K)->2541K(2816K)
[14.322s][info][gc             ] GC(128) Pause Young (System.gc()) 128M->25M(3925M) 0.491ms
[14.322s][info][gc,cpu         ] GC(128) User=0.00s Sys=0.00s Real=0.00s
[14.322s][info][gc,start       ] GC(129) Pause Full (System.gc())
[14.322s][info][gc,phases,start] GC(129) Marking Phase
[14.330s][info][gc,phases      ] GC(129) Marking Phase 7.992ms
[14.330s][info][gc,phases,start] GC(129) Summary Phase
[14.330s][info][gc,phases      ] GC(129) Summary Phase 0.009ms
[14.330s][info][gc,phases,start] GC(129) Adjust Roots
[14.331s][info][gc,phases      ] GC(129) Adjust Roots 1.454ms
[14.331s][info][gc,phases,start] GC(129) Compaction Phase
[14.336s][info][gc,phases      ] GC(129) Compaction Phase 4.196ms
[14.336s][info][gc,phases,start] GC(129) Post Compact
[14.336s][info][gc,phases      ] GC(129) Post Compact 0.717ms
[14.337s][info][gc,heap        ] GC(129) PSYoungGen: 32K->0K(1223168K)
[14.337s][info][gc,heap        ] GC(129) ParOldGen: 26543K->26543K(2796544K)
[14.337s][info][gc,metaspace   ] GC(129) Metaspace: 21137K(21760K)->21137K(21760K) NonClass: 18595K(18944K)->18595K(18944K) Class: 2541K(2816K)->2541K(2816K)
[14.337s][info][gc             ] GC(129) Pause Full (System.gc()) 25M->25M(3925M) 14.651ms
[14.337s][info][gc,cpu         ] GC(129) User=0.02s Sys=0.00s Real=0.01s
[14.519s][info][gc,start       ] GC(130) Pause Young (System.gc())
[14.520s][info][gc,heap        ] GC(130) PSYoungGen: 104857K->32K(1223168K)
[14.520s][info][gc,heap        ] GC(130) ParOldGen: 26543K->26543K(2796544K)
[14.520s][info][gc,metaspace   ] GC(130) Metaspace: 21137K(21760K)->21137K(21760K) NonClass: 18595K(18944K)->18595K(18944K) Class: 2541K(2816K)->2541K(2816K)
[14.520s][info][gc             ] GC(130) Pause Young (System.gc()) 128M->25M(3925M) 0.566ms
[14.520s][info][gc,cpu         ] GC(130) User=0.00s Sys=0.00s Real=0.00s
[14.520s][info][gc,start       ] GC(131) Pause Full (System.gc())
[14.520s][info][gc,phases,start] GC(131) Marking Phase
[14.528s][info][gc,phases      ] GC(131) Marking Phase 8.349ms
[14.528s][info][gc,phases,start] GC(131) Summary Phase
[14.528s][info][gc,phases      ] GC(131) Summary Phase 0.010ms
[14.528s][info][gc,phases,start] GC(131) Adjust Roots
[14.530s][info][gc,phases      ] GC(131) Adjust Roots 1.425ms
[14.530s][info][gc,phases,start] GC(131) Compaction Phase
[14.534s][info][gc,phases      ] GC(131) Compaction Phase 4.300ms
[14.534s][info][gc,phases,start] GC(131) Post Compact
[14.535s][info][gc,phases      ] GC(131) Post Compact 0.686ms
[14.535s][info][gc,heap        ] GC(131) PSYoungGen: 32K->0K(1223168K)
[14.535s][info][gc,heap        ] GC(131) ParOldGen: 26543K->26543K(2796544K)
[14.535s][info][gc,metaspace   ] GC(131) Metaspace: 21137K(21760K)->21137K(21760K) NonClass: 18595K(18944K)->18595K(18944K) Class: 2541K(2816K)->2541K(2816K)
[14.535s][info][gc             ] GC(131) Pause Full (System.gc()) 25M->25M(3925M) 15.020ms
[14.535s][info][gc,cpu         ] GC(131) User=0.00s Sys=0.00s Real=0.02s
[14.719s][info][gc,start       ] GC(132) Pause Young (System.gc())
[14.720s][info][gc,heap        ] GC(132) PSYoungGen: 104857K->32K(1223168K)
[14.720s][info][gc,heap        ] GC(132) ParOldGen: 26543K->26543K(2796544K)
[14.720s][info][gc,metaspace   ] GC(132) Metaspace: 21137K(21760K)->21137K(21760K) NonClass: 18595K(18944K)->18595K(18944K) Class: 2541K(2816K)->2541K(2816K)
[14.720s][info][gc             ] GC(132) Pause Young (System.gc()) 128M->25M(3925M) 0.493ms
[14.720s][info][gc,cpu         ] GC(132) User=0.00s Sys=0.00s Real=0.00s
[14.720s][info][gc,start       ] GC(133) Pause Full (System.gc())
[14.720s][info][gc,phases,start] GC(133) Marking Phase
[14.728s][info][gc,phases      ] GC(133) Marking Phase 8.075ms
[14.728s][info][gc,phases,start] GC(133) Summary Phase
[14.728s][info][gc,phases      ] GC(133) Summary Phase 0.009ms
[14.728s][info][gc,phases,start] GC(133) Adjust Roots
[14.729s][info][gc,phases      ] GC(133) Adjust Roots 1.376ms
[14.729s][info][gc,phases,start] GC(133) Compaction Phase
[14.733s][info][gc,phases      ] GC(133) Compaction Phase 4.006ms
[14.733s][info][gc,phases,start] GC(133) Post Compact
[14.734s][info][gc,phases      ] GC(133) Post Compact 0.723ms
[14.734s][info][gc,heap        ] GC(133) PSYoungGen: 32K->0K(1223168K)
[14.734s][info][gc,heap        ] GC(133) ParOldGen: 26543K->26543K(2796544K)
[14.734s][info][gc,metaspace   ] GC(133) Metaspace: 21137K(21760K)->21137K(21760K) NonClass: 18595K(18944K)->18595K(18944K) Class: 2541K(2816K)->2541K(2816K)
[14.734s][info][gc             ] GC(133) Pause Full (System.gc()) 25M->25M(3925M) 14.450ms
[14.734s][info][gc,cpu         ] GC(133) User=0.02s Sys=0.00s Real=0.02s
[14.917s][info][gc,start       ] GC(134) Pause Young (System.gc())
[14.918s][info][gc,heap        ] GC(134) PSYoungGen: 104857K->32K(1223168K)
[14.918s][info][gc,heap        ] GC(134) ParOldGen: 26543K->26543K(2796544K)
[14.918s][info][gc,metaspace   ] GC(134) Metaspace: 21137K(21760K)->21137K(21760K) NonClass: 18595K(18944K)->18595K(18944K) Class: 2541K(2816K)->2541K(2816K)
[14.918s][info][gc             ] GC(134) Pause Young (System.gc()) 128M->25M(3925M) 0.436ms
[14.918s][info][gc,cpu         ] GC(134) User=0.00s Sys=0.00s Real=0.00s
[14.918s][info][gc,start       ] GC(135) Pause Full (System.gc())
[14.918s][info][gc,phases,start] GC(135) Marking Phase
[14.926s][info][gc,phases      ] GC(135) Marking Phase 8.255ms
[14.926s][info][gc,phases,start] GC(135) Summary Phase
[14.926s][info][gc,phases      ] GC(135) Summary Phase 0.010ms
[14.926s][info][gc,phases,start] GC(135) Adjust Roots
[14.927s][info][gc,phases      ] GC(135) Adjust Roots 1.389ms
[14.928s][info][gc,phases,start] GC(135) Compaction Phase
[14.932s][info][gc,phases      ] GC(135) Compaction Phase 4.468ms
[14.932s][info][gc,phases,start] GC(135) Post Compact
[14.933s][info][gc,phases      ] GC(135) Post Compact 0.722ms
[14.933s][info][gc,heap        ] GC(135) PSYoungGen: 32K->0K(1223168K)
[14.933s][info][gc,heap        ] GC(135) ParOldGen: 26543K->26543K(2796544K)
[14.933s][info][gc,metaspace   ] GC(135) Metaspace: 21137K(21760K)->21137K(21760K) NonClass: 18595K(18944K)->18595K(18944K) Class: 2541K(2816K)->2541K(2816K)
[14.933s][info][gc             ] GC(135) Pause Full (System.gc()) 25M->25M(3925M) 15.113ms
[14.933s][info][gc,cpu         ] GC(135) User=0.02s Sys=0.00s Real=0.02s
[15.117s][info][gc,start       ] GC(136) Pause Young (System.gc())
[15.117s][info][gc,heap        ] GC(136) PSYoungGen: 104857K->64K(1223168K)
[15.117s][info][gc,heap        ] GC(136) ParOldGen: 26543K->26543K(2796544K)
[15.117s][info][gc,metaspace   ] GC(136) Metaspace: 21137K(21760K)->21137K(21760K) NonClass: 18596K(18944K)->18596K(18944K) Class: 2541K(2816K)->2541K(2816K)
[15.117s][info][gc             ] GC(136) Pause Young (System.gc()) 128M->25M(3925M) 0.415ms
[15.117s][info][gc,cpu         ] GC(136) User=0.00s Sys=0.00s Real=0.00s
[15.117s][info][gc,start       ] GC(137) Pause Full (System.gc())
[15.117s][info][gc,phases,start] GC(137) Marking Phase
[15.125s][info][gc,phases      ] GC(137) Marking Phase 8.209ms
[15.125s][info][gc,phases,start] GC(137) Summary Phase
[15.125s][info][gc,phases      ] GC(137) Summary Phase 0.010ms
[15.125s][info][gc,phases,start] GC(137) Adjust Roots
[15.127s][info][gc,phases      ] GC(137) Adjust Roots 1.375ms
[15.127s][info][gc,phases,start] GC(137) Compaction Phase
[15.131s][info][gc,phases      ] GC(137) Compaction Phase 4.324ms
[15.131s][info][gc,phases,start] GC(137) Post Compact
[15.132s][info][gc,phases      ] GC(137) Post Compact 0.687ms
[15.132s][info][gc,heap        ] GC(137) PSYoungGen: 64K->0K(1223168K)
[15.132s][info][gc,heap        ] GC(137) ParOldGen: 26543K->26544K(2796544K)
[15.132s][info][gc,metaspace   ] GC(137) Metaspace: 21137K(21760K)->21137K(21760K) NonClass: 18596K(18944K)->18596K(18944K) Class: 2541K(2816K)->2541K(2816K)
[15.132s][info][gc             ] GC(137) Pause Full (System.gc()) 25M->25M(3925M) 14.911ms
[15.132s][info][gc,cpu         ] GC(137) User=0.00s Sys=0.00s Real=0.02s
[15.316s][info][gc,start       ] GC(138) Pause Young (System.gc())
[15.317s][info][gc,heap        ] GC(138) PSYoungGen: 104857K->32K(1223168K)
[15.317s][info][gc,heap        ] GC(138) ParOldGen: 26544K->26544K(2796544K)
[15.317s][info][gc,metaspace   ] GC(138) Metaspace: 21137K(21760K)->21137K(21760K) NonClass: 18596K(18944K)->18596K(18944K) Class: 2541K(2816K)->2541K(2816K)
[15.317s][info][gc             ] GC(138) Pause Young (System.gc()) 128M->25M(3925M) 0.536ms
[15.317s][info][gc,cpu         ] GC(138) User=0.00s Sys=0.00s Real=0.00s
[15.317s][info][gc,start       ] GC(139) Pause Full (System.gc())
[15.317s][info][gc,phases,start] GC(139) Marking Phase
[15.325s][info][gc,phases      ] GC(139) Marking Phase 7.777ms
[15.325s][info][gc,phases,start] GC(139) Summary Phase
[15.325s][info][gc,phases      ] GC(139) Summary Phase 0.011ms
[15.325s][info][gc,phases,start] GC(139) Adjust Roots
[15.326s][info][gc,phases      ] GC(139) Adjust Roots 1.411ms
[15.326s][info][gc,phases,start] GC(139) Compaction Phase
[15.331s][info][gc,phases      ] GC(139) Compaction Phase 4.546ms
[15.331s][info][gc,phases,start] GC(139) Post Compact
[15.331s][info][gc,phases      ] GC(139) Post Compact 0.684ms
[15.331s][info][gc,heap        ] GC(139) PSYoungGen: 32K->0K(1223168K)
[15.332s][info][gc,heap        ] GC(139) ParOldGen: 26544K->26544K(2796544K)
[15.332s][info][gc,metaspace   ] GC(139) Metaspace: 21137K(21760K)->21137K(21760K) NonClass: 18596K(18944K)->18596K(18944K) Class: 2541K(2816K)->2541K(2816K)
[15.332s][info][gc             ] GC(139) Pause Full (System.gc()) 25M->25M(3925M) 14.685ms
[15.332s][info][gc,cpu         ] GC(139) User=0.00s Sys=0.00s Real=0.02s
[15.514s][info][gc,start       ] GC(140) Pause Young (System.gc())
[15.515s][info][gc,heap        ] GC(140) PSYoungGen: 104857K->64K(1223168K)
[15.515s][info][gc,heap        ] GC(140) ParOldGen: 26544K->26544K(2796544K)
[15.515s][info][gc,metaspace   ] GC(140) Metaspace: 21137K(21760K)->21137K(21760K) NonClass: 18596K(18944K)->18596K(18944K) Class: 2541K(2816K)->2541K(2816K)
[15.515s][info][gc             ] GC(140) Pause Young (System.gc()) 128M->25M(3925M) 0.378ms
[15.515s][info][gc,cpu         ] GC(140) User=0.00s Sys=0.00s Real=0.00s
[15.515s][info][gc,start       ] GC(141) Pause Full (System.gc())
[15.515s][info][gc,phases,start] GC(141) Marking Phase
[15.523s][info][gc,phases      ] GC(141) Marking Phase 8.401ms
[15.523s][info][gc,phases,start] GC(141) Summary Phase
[15.523s][info][gc,phases      ] GC(141) Summary Phase 0.009ms
[15.523s][info][gc,phases,start] GC(141) Adjust Roots
[15.525s][info][gc,phases      ] GC(141) Adjust Roots 1.491ms
[15.525s][info][gc,phases,start] GC(141) Compaction Phase
[15.529s][info][gc,phases      ] GC(141) Compaction Phase 4.250ms
[15.529s][info][gc,phases,start] GC(141) Post Compact
[15.530s][info][gc,phases      ] GC(141) Post Compact 0.698ms
[15.530s][info][gc,heap        ] GC(141) PSYoungGen: 64K->0K(1223168K)
[15.530s][info][gc,heap        ] GC(141) ParOldGen: 26544K->26544K(2796544K)
[15.530s][info][gc,metaspace   ] GC(141) Metaspace: 21137K(21760K)->21137K(21760K) NonClass: 18596K(18944K)->18596K(18944K) Class: 2541K(2816K)->2541K(2816K)
[15.530s][info][gc             ] GC(141) Pause Full (System.gc()) 25M->25M(3925M) 15.171ms
[15.530s][info][gc,cpu         ] GC(141) User=0.02s Sys=0.00s Real=0.01s
[15.714s][info][gc,start       ] GC(142) Pause Young (System.gc())
[15.715s][info][gc,heap        ] GC(142) PSYoungGen: 104857K->32K(1223168K)
[15.715s][info][gc,heap        ] GC(142) ParOldGen: 26544K->26544K(2796544K)
[15.715s][info][gc,metaspace   ] GC(142) Metaspace: 21137K(21760K)->21137K(21760K) NonClass: 18596K(18944K)->18596K(18944K) Class: 2541K(2816K)->2541K(2816K)
[15.715s][info][gc             ] GC(142) Pause Young (System.gc()) 128M->25M(3925M) 0.575ms
[15.715s][info][gc,cpu         ] GC(142) User=0.00s Sys=0.00s Real=0.00s
[15.715s][info][gc,start       ] GC(143) Pause Full (System.gc())
[15.715s][info][gc,phases,start] GC(143) Marking Phase
[15.723s][info][gc,phases      ] GC(143) Marking Phase 7.845ms
[15.723s][info][gc,phases,start] GC(143) Summary Phase
[15.723s][info][gc,phases      ] GC(143) Summary Phase 0.010ms
[15.723s][info][gc,phases,start] GC(143) Adjust Roots
[15.724s][info][gc,phases      ] GC(143) Adjust Roots 1.424ms
[15.724s][info][gc,phases,start] GC(143) Compaction Phase
[15.729s][info][gc,phases      ] GC(143) Compaction Phase 4.323ms
[15.729s][info][gc,phases,start] GC(143) Post Compact
[15.729s][info][gc,phases      ] GC(143) Post Compact 0.704ms
[15.729s][info][gc,heap        ] GC(143) PSYoungGen: 32K->0K(1223168K)
[15.729s][info][gc,heap        ] GC(143) ParOldGen: 26544K->26544K(2796544K)
[15.729s][info][gc,metaspace   ] GC(143) Metaspace: 21137K(21760K)->21137K(21760K) NonClass: 18596K(18944K)->18596K(18944K) Class: 2541K(2816K)->2541K(2816K)
[15.729s][info][gc             ] GC(143) Pause Full (System.gc()) 25M->25M(3925M) 14.677ms
[15.729s][info][gc,cpu         ] GC(143) User=0.00s Sys=0.00s Real=0.02s
[15.913s][info][gc,start       ] GC(144) Pause Young (System.gc())
[15.914s][info][gc,heap        ] GC(144) PSYoungGen: 104857K->32K(1223168K)
[15.914s][info][gc,heap        ] GC(144) ParOldGen: 26544K->26544K(2796544K)
[15.914s][info][gc,metaspace   ] GC(144) Metaspace: 21137K(21760K)->21137K(21760K) NonClass: 18596K(18944K)->18596K(18944K) Class: 2541K(2816K)->2541K(2816K)
[15.914s][info][gc             ] GC(144) Pause Young (System.gc()) 128M->25M(3925M) 0.501ms
[15.914s][info][gc,cpu         ] GC(144) User=0.00s Sys=0.00s Real=0.00s
[15.914s][info][gc,start       ] GC(145) Pause Full (System.gc())
[15.914s][info][gc,phases,start] GC(145) Marking Phase
[15.922s][info][gc,phases      ] GC(145) Marking Phase 7.987ms
[15.922s][info][gc,phases,start] GC(145) Summary Phase
[15.922s][info][gc,phases      ] GC(145) Summary Phase 0.010ms
[15.922s][info][gc,phases,start] GC(145) Adjust Roots
[15.923s][info][gc,phases      ] GC(145) Adjust Roots 1.370ms
[15.923s][info][gc,phases,start] GC(145) Compaction Phase
[15.928s][info][gc,phases      ] GC(145) Compaction Phase 4.677ms
[15.928s][info][gc,phases,start] GC(145) Post Compact
[15.929s][info][gc,phases      ] GC(145) Post Compact 0.790ms
[15.929s][info][gc,heap        ] GC(145) PSYoungGen: 32K->0K(1223168K)
[15.929s][info][gc,heap        ] GC(145) ParOldGen: 26544K->26544K(2796544K)
[15.929s][info][gc,metaspace   ] GC(145) Metaspace: 21137K(21760K)->21137K(21760K) NonClass: 18596K(18944K)->18596K(18944K) Class: 2541K(2816K)->2541K(2816K)
[15.929s][info][gc             ] GC(145) Pause Full (System.gc()) 25M->25M(3925M) 15.128ms
[15.929s][info][gc,cpu         ] GC(145) User=0.00s Sys=0.00s Real=0.02s
[16.113s][info][gc,start       ] GC(146) Pause Young (System.gc())
[16.113s][info][gc,heap        ] GC(146) PSYoungGen: 104857K->32K(1223168K)
[16.113s][info][gc,heap        ] GC(146) ParOldGen: 26544K->26544K(2796544K)
[16.113s][info][gc,metaspace   ] GC(146) Metaspace: 21137K(21760K)->21137K(21760K) NonClass: 18596K(18944K)->18596K(18944K) Class: 2541K(2816K)->2541K(2816K)
[16.113s][info][gc             ] GC(146) Pause Young (System.gc()) 128M->25M(3925M) 0.318ms
[16.113s][info][gc,cpu         ] GC(146) User=0.00s Sys=0.00s Real=0.00s
[16.113s][info][gc,start       ] GC(147) Pause Full (System.gc())
[16.113s][info][gc,phases,start] GC(147) Marking Phase
[16.121s][info][gc,phases      ] GC(147) Marking Phase 7.488ms
[16.121s][info][gc,phases,start] GC(147) Summary Phase
[16.121s][info][gc,phases      ] GC(147) Summary Phase 0.009ms
[16.121s][info][gc,phases,start] GC(147) Adjust Roots
[16.122s][info][gc,phases      ] GC(147) Adjust Roots 1.309ms
[16.122s][info][gc,phases,start] GC(147) Compaction Phase
[16.127s][info][gc,phases      ] GC(147) Compaction Phase 4.711ms
[16.127s][info][gc,phases,start] GC(147) Post Compact
[16.127s][info][gc,phases      ] GC(147) Post Compact 0.694ms
[16.128s][info][gc,heap        ] GC(147) PSYoungGen: 32K->0K(1223168K)
[16.128s][info][gc,heap        ] GC(147) ParOldGen: 26544K->26544K(2796544K)
[16.128s][info][gc,metaspace   ] GC(147) Metaspace: 21137K(21760K)->21137K(21760K) NonClass: 18596K(18944K)->18596K(18944K) Class: 2541K(2816K)->2541K(2816K)
[16.128s][info][gc             ] GC(147) Pause Full (System.gc()) 25M->25M(3925M) 14.548ms
[16.128s][info][gc,cpu         ] GC(147) User=0.00s Sys=0.00s Real=0.02s
[16.312s][info][gc,start       ] GC(148) Pause Young (System.gc())
[16.313s][info][gc,heap        ] GC(148) PSYoungGen: 104857K->32K(1223168K)
[16.313s][info][gc,heap        ] GC(148) ParOldGen: 26544K->26544K(2796544K)
[16.313s][info][gc,metaspace   ] GC(148) Metaspace: 21137K(21760K)->21137K(21760K) NonClass: 18596K(18944K)->18596K(18944K) Class: 2541K(2816K)->2541K(2816K)
[16.313s][info][gc             ] GC(148) Pause Young (System.gc()) 128M->25M(3925M) 0.403ms
[16.313s][info][gc,cpu         ] GC(148) User=0.00s Sys=0.00s Real=0.00s
[16.313s][info][gc,start       ] GC(149) Pause Full (System.gc())
[16.313s][info][gc,phases,start] GC(149) Marking Phase
[16.320s][info][gc,phases      ] GC(149) Marking Phase 7.848ms
[16.321s][info][gc,phases,start] GC(149) Summary Phase
[16.321s][info][gc,phases      ] GC(149) Summary Phase 0.010ms
[16.321s][info][gc,phases,start] GC(149) Adjust Roots
[16.322s][info][gc,phases      ] GC(149) Adjust Roots 1.396ms
[16.322s][info][gc,phases,start] GC(149) Compaction Phase
[16.327s][info][gc,phases      ] GC(149) Compaction Phase 4.531ms
[16.327s][info][gc,phases,start] GC(149) Post Compact
[16.327s][info][gc,phases      ] GC(149) Post Compact 0.682ms
[16.327s][info][gc,heap        ] GC(149) PSYoungGen: 32K->0K(1223168K)
[16.327s][info][gc,heap        ] GC(149) ParOldGen: 26544K->26544K(2796544K)
[16.327s][info][gc,metaspace   ] GC(149) Metaspace: 21137K(21760K)->21137K(21760K) NonClass: 18596K(18944K)->18596K(18944K) Class: 2541K(2816K)->2541K(2816K)
[16.327s][info][gc             ] GC(149) Pause Full (System.gc()) 25M->25M(3925M) 14.777ms
[16.327s][info][gc,cpu         ] GC(149) User=0.00s Sys=0.00s Real=0.02s
[16.512s][info][gc,start       ] GC(150) Pause Young (System.gc())
[16.513s][info][gc,heap        ] GC(150) PSYoungGen: 104857K->32K(1223168K)
[16.513s][info][gc,heap        ] GC(150) ParOldGen: 26544K->26544K(2796544K)
[16.513s][info][gc,metaspace   ] GC(150) Metaspace: 21138K(21760K)->21138K(21760K) NonClass: 18597K(18944K)->18597K(18944K) Class: 2541K(2816K)->2541K(2816K)
[16.513s][info][gc             ] GC(150) Pause Young (System.gc()) 128M->25M(3925M) 0.621ms
[16.513s][info][gc,cpu         ] GC(150) User=0.00s Sys=0.00s Real=0.00s
[16.513s][info][gc,start       ] GC(151) Pause Full (System.gc())
[16.513s][info][gc,phases,start] GC(151) Marking Phase
[16.521s][info][gc,phases      ] GC(151) Marking Phase 8.232ms
[16.521s][info][gc,phases,start] GC(151) Summary Phase
[16.521s][info][gc,phases      ] GC(151) Summary Phase 0.009ms
[16.521s][info][gc,phases,start] GC(151) Adjust Roots
[16.523s][info][gc,phases      ] GC(151) Adjust Roots 1.424ms
[16.523s][info][gc,phases,start] GC(151) Compaction Phase
[16.527s][info][gc,phases      ] GC(151) Compaction Phase 4.435ms
[16.527s][info][gc,phases,start] GC(151) Post Compact
[16.528s][info][gc,phases      ] GC(151) Post Compact 0.711ms
[16.528s][info][gc,heap        ] GC(151) PSYoungGen: 32K->0K(1223168K)
[16.528s][info][gc,heap        ] GC(151) ParOldGen: 26544K->26544K(2796544K)
[16.528s][info][gc,metaspace   ] GC(151) Metaspace: 21138K(21760K)->21138K(21760K) NonClass: 18597K(18944K)->18597K(18944K) Class: 2541K(2816K)->2541K(2816K)
[16.528s][info][gc             ] GC(151) Pause Full (System.gc()) 25M->25M(3925M) 15.107ms
[16.528s][info][gc,cpu         ] GC(151) User=0.02s Sys=0.00s Real=0.02s
[16.714s][info][gc,start       ] GC(152) Pause Young (System.gc())
[16.714s][info][gc,heap        ] GC(152) PSYoungGen: 104857K->32K(1223168K)
[16.714s][info][gc,heap        ] GC(152) ParOldGen: 26544K->26544K(2796544K)
[16.714s][info][gc,metaspace   ] GC(152) Metaspace: 21138K(21760K)->21138K(21760K) NonClass: 18597K(18944K)->18597K(18944K) Class: 2541K(2816K)->2541K(2816K)
[16.714s][info][gc             ] GC(152) Pause Young (System.gc()) 128M->25M(3925M) 0.403ms
[16.714s][info][gc,cpu         ] GC(152) User=0.00s Sys=0.00s Real=0.00s
[16.714s][info][gc,start       ] GC(153) Pause Full (System.gc())
[16.714s][info][gc,phases,start] GC(153) Marking Phase
[16.722s][info][gc,phases      ] GC(153) Marking Phase 7.835ms
[16.722s][info][gc,phases,start] GC(153) Summary Phase
[16.722s][info][gc,phases      ] GC(153) Summary Phase 0.010ms
[16.722s][info][gc,phases,start] GC(153) Adjust Roots
[16.723s][info][gc,phases      ] GC(153) Adjust Roots 1.438ms
[16.723s][info][gc,phases,start] GC(153) Compaction Phase
[16.728s][info][gc,phases      ] GC(153) Compaction Phase 4.216ms
[16.728s][info][gc,phases,start] GC(153) Post Compact
[16.728s][info][gc,phases      ] GC(153) Post Compact 0.700ms
[16.728s][info][gc,heap        ] GC(153) PSYoungGen: 32K->0K(1223168K)
[16.728s][info][gc,heap        ] GC(153) ParOldGen: 26544K->26544K(2796544K)
[16.728s][info][gc,metaspace   ] GC(153) Metaspace: 21138K(21760K)->21138K(21760K) NonClass: 18597K(18944K)->18597K(18944K) Class: 2541K(2816K)->2541K(2816K)
[16.728s][info][gc             ] GC(153) Pause Full (System.gc()) 25M->25M(3925M) 14.457ms
[16.728s][info][gc,cpu         ] GC(153) User=0.00s Sys=0.00s Real=0.01s
[16.912s][info][gc,start       ] GC(154) Pause Young (System.gc())
[16.913s][info][gc,heap        ] GC(154) PSYoungGen: 104857K->32K(1223168K)
[16.913s][info][gc,heap        ] GC(154) ParOldGen: 26544K->26544K(2796544K)
[16.913s][info][gc,metaspace   ] GC(154) Metaspace: 21138K(21760K)->21138K(21760K) NonClass: 18597K(18944K)->18597K(18944K) Class: 2541K(2816K)->2541K(2816K)
[16.913s][info][gc             ] GC(154) Pause Young (System.gc()) 128M->25M(3925M) 0.537ms
[16.913s][info][gc,cpu         ] GC(154) User=0.00s Sys=0.00s Real=0.00s
[16.913s][info][gc,start       ] GC(155) Pause Full (System.gc())
[16.913s][info][gc,phases,start] GC(155) Marking Phase
[16.921s][info][gc,phases      ] GC(155) Marking Phase 8.338ms
[16.921s][info][gc,phases,start] GC(155) Summary Phase
[16.921s][info][gc,phases      ] GC(155) Summary Phase 0.010ms
[16.921s][info][gc,phases,start] GC(155) Adjust Roots
[16.923s][info][gc,phases      ] GC(155) Adjust Roots 1.433ms
[16.923s][info][gc,phases,start] GC(155) Compaction Phase
[16.927s][info][gc,phases      ] GC(155) Compaction Phase 4.613ms
[16.927s][info][gc,phases,start] GC(155) Post Compact
[16.928s][info][gc,phases      ] GC(155) Post Compact 0.800ms
[16.928s][info][gc,heap        ] GC(155) PSYoungGen: 32K->0K(1223168K)
[16.928s][info][gc,heap        ] GC(155) ParOldGen: 26544K->26544K(2796544K)
[16.928s][info][gc,metaspace   ] GC(155) Metaspace: 21138K(21760K)->21138K(21760K) NonClass: 18597K(18944K)->18597K(18944K) Class: 2541K(2816K)->2541K(2816K)
[16.928s][info][gc             ] GC(155) Pause Full (System.gc()) 25M->25M(3925M) 15.535ms
[16.928s][info][gc,cpu         ] GC(155) User=0.02s Sys=0.00s Real=0.02s
[17.112s][info][gc,start       ] GC(156) Pause Young (System.gc())
[17.112s][info][gc,heap        ] GC(156) PSYoungGen: 104857K->32K(1223168K)
[17.112s][info][gc,heap        ] GC(156) ParOldGen: 26544K->26544K(2796544K)
[17.112s][info][gc,metaspace   ] GC(156) Metaspace: 21138K(21760K)->21138K(21760K) NonClass: 18597K(18944K)->18597K(18944K) Class: 2541K(2816K)->2541K(2816K)
[17.112s][info][gc             ] GC(156) Pause Young (System.gc()) 128M->25M(3925M) 0.444ms
[17.112s][info][gc,cpu         ] GC(156) User=0.00s Sys=0.00s Real=0.00s
[17.112s][info][gc,start       ] GC(157) Pause Full (System.gc())
[17.112s][info][gc,phases,start] GC(157) Marking Phase
[17.120s][info][gc,phases      ] GC(157) Marking Phase 8.117ms
[17.120s][info][gc,phases,start] GC(157) Summary Phase
[17.120s][info][gc,phases      ] GC(157) Summary Phase 0.009ms
[17.120s][info][gc,phases,start] GC(157) Adjust Roots
[17.122s][info][gc,phases      ] GC(157) Adjust Roots 1.345ms
[17.122s][info][gc,phases,start] GC(157) Compaction Phase
[17.126s][info][gc,phases      ] GC(157) Compaction Phase 4.047ms
[17.126s][info][gc,phases,start] GC(157) Post Compact
[17.127s][info][gc,phases      ] GC(157) Post Compact 0.691ms
[17.127s][info][gc,heap        ] GC(157) PSYoungGen: 32K->0K(1223168K)
[17.127s][info][gc,heap        ] GC(157) ParOldGen: 26544K->26544K(2796544K)
[17.127s][info][gc,metaspace   ] GC(157) Metaspace: 21138K(21760K)->21138K(21760K) NonClass: 18597K(18944K)->18597K(18944K) Class: 2541K(2816K)->2541K(2816K)
[17.127s][info][gc             ] GC(157) Pause Full (System.gc()) 25M->25M(3925M) 14.519ms
[17.127s][info][gc,cpu         ] GC(157) User=0.00s Sys=0.00s Real=0.02s
[17.311s][info][gc,start       ] GC(158) Pause Young (System.gc())
[17.312s][info][gc,heap        ] GC(158) PSYoungGen: 104857K->32K(1223168K)
[17.312s][info][gc,heap        ] GC(158) ParOldGen: 26544K->26544K(2796544K)
[17.312s][info][gc,metaspace   ] GC(158) Metaspace: 21138K(21760K)->21138K(21760K) NonClass: 18597K(18944K)->18597K(18944K) Class: 2541K(2816K)->2541K(2816K)
[17.312s][info][gc             ] GC(158) Pause Young (System.gc()) 128M->25M(3925M) 0.655ms
[17.312s][info][gc,cpu         ] GC(158) User=0.00s Sys=0.00s Real=0.00s
[17.312s][info][gc,start       ] GC(159) Pause Full (System.gc())
[17.312s][info][gc,phases,start] GC(159) Marking Phase
[17.320s][info][gc,phases      ] GC(159) Marking Phase 8.296ms
[17.320s][info][gc,phases,start] GC(159) Summary Phase
[17.320s][info][gc,phases      ] GC(159) Summary Phase 0.010ms
[17.320s][info][gc,phases,start] GC(159) Adjust Roots
[17.322s][info][gc,phases      ] GC(159) Adjust Roots 1.474ms
[17.322s][info][gc,phases,start] GC(159) Compaction Phase
[17.326s][info][gc,phases      ] GC(159) Compaction Phase 4.563ms
[17.326s][info][gc,phases,start] GC(159) Post Compact
[17.327s][info][gc,phases      ] GC(159) Post Compact 0.825ms
[17.327s][info][gc,heap        ] GC(159) PSYoungGen: 32K->0K(1223168K)
[17.327s][info][gc,heap        ] GC(159) ParOldGen: 26544K->26544K(2796544K)
[17.327s][info][gc,metaspace   ] GC(159) Metaspace: 21138K(21760K)->21138K(21760K) NonClass: 18597K(18944K)->18597K(18944K) Class: 2541K(2816K)->2541K(2816K)
[17.327s][info][gc             ] GC(159) Pause Full (System.gc()) 25M->25M(3925M) 15.511ms
[17.327s][info][gc,cpu         ] GC(159) User=0.00s Sys=0.00s Real=0.01s
[17.511s][info][gc,start       ] GC(160) Pause Young (System.gc())
[17.512s][info][gc,heap        ] GC(160) PSYoungGen: 104857K->32K(1223168K)
[17.512s][info][gc,heap        ] GC(160) ParOldGen: 26544K->26544K(2796544K)
[17.512s][info][gc,metaspace   ] GC(160) Metaspace: 21138K(21760K)->21138K(21760K) NonClass: 18597K(18944K)->18597K(18944K) Class: 2541K(2816K)->2541K(2816K)
[17.512s][info][gc             ] GC(160) Pause Young (System.gc()) 128M->25M(3925M) 0.487ms
[17.512s][info][gc,cpu         ] GC(160) User=0.00s Sys=0.00s Real=0.00s
[17.512s][info][gc,start       ] GC(161) Pause Full (System.gc())
[17.512s][info][gc,phases,start] GC(161) Marking Phase
[17.520s][info][gc,phases      ] GC(161) Marking Phase 8.100ms
[17.520s][info][gc,phases,start] GC(161) Summary Phase
[17.520s][info][gc,phases      ] GC(161) Summary Phase 0.009ms
[17.520s][info][gc,phases,start] GC(161) Adjust Roots
[17.521s][info][gc,phases      ] GC(161) Adjust Roots 1.339ms
[17.521s][info][gc,phases,start] GC(161) Compaction Phase
[17.526s][info][gc,phases      ] GC(161) Compaction Phase 5.027ms
[17.526s][info][gc,phases,start] GC(161) Post Compact
[17.527s][info][gc,phases      ] GC(161) Post Compact 0.745ms
[17.527s][info][gc,heap        ] GC(161) PSYoungGen: 32K->0K(1223168K)
[17.527s][info][gc,heap        ] GC(161) ParOldGen: 26544K->26544K(2796544K)
[17.527s][info][gc,metaspace   ] GC(161) Metaspace: 21138K(21760K)->21138K(21760K) NonClass: 18597K(18944K)->18597K(18944K) Class: 2541K(2816K)->2541K(2816K)
[17.527s][info][gc             ] GC(161) Pause Full (System.gc()) 25M->25M(3925M) 15.548ms
[17.527s][info][gc,cpu         ] GC(161) User=0.02s Sys=0.00s Real=0.02s
[17.710s][info][gc,start       ] GC(162) Pause Young (System.gc())
[17.710s][info][gc,heap        ] GC(162) PSYoungGen: 104857K->32K(1223168K)
[17.710s][info][gc,heap        ] GC(162) ParOldGen: 26544K->26544K(2796544K)
[17.710s][info][gc,metaspace   ] GC(162) Metaspace: 21138K(21760K)->21138K(21760K) NonClass: 18597K(18944K)->18597K(18944K) Class: 2541K(2816K)->2541K(2816K)
[17.710s][info][gc             ] GC(162) Pause Young (System.gc()) 128M->25M(3925M) 0.498ms
[17.710s][info][gc,cpu         ] GC(162) User=0.00s Sys=0.00s Real=0.00s
[17.710s][info][gc,start       ] GC(163) Pause Full (System.gc())
[17.710s][info][gc,phases,start] GC(163) Marking Phase
[17.718s][info][gc,phases      ] GC(163) Marking Phase 7.708ms
[17.718s][info][gc,phases,start] GC(163) Summary Phase
[17.718s][info][gc,phases      ] GC(163) Summary Phase 0.010ms
[17.718s][info][gc,phases,start] GC(163) Adjust Roots
[17.720s][info][gc,phases      ] GC(163) Adjust Roots 1.381ms
[17.720s][info][gc,phases,start] GC(163) Compaction Phase
[17.724s][info][gc,phases      ] GC(163) Compaction Phase 4.593ms
[17.724s][info][gc,phases,start] GC(163) Post Compact
[17.725s][info][gc,phases      ] GC(163) Post Compact 0.732ms
[17.725s][info][gc,heap        ] GC(163) PSYoungGen: 32K->0K(1223168K)
[17.725s][info][gc,heap        ] GC(163) ParOldGen: 26544K->26544K(2796544K)
[17.725s][info][gc,metaspace   ] GC(163) Metaspace: 21138K(21760K)->21138K(21760K) NonClass: 18597K(18944K)->18597K(18944K) Class: 2541K(2816K)->2541K(2816K)
[17.725s][info][gc             ] GC(163) Pause Full (System.gc()) 25M->25M(3925M) 14.716ms
[17.725s][info][gc,cpu         ] GC(163) User=0.00s Sys=0.00s Real=0.02s
[17.909s][info][gc,start       ] GC(164) Pause Young (System.gc())
[17.910s][info][gc,heap        ] GC(164) PSYoungGen: 104857K->32K(1223168K)
[17.910s][info][gc,heap        ] GC(164) ParOldGen: 26544K->26544K(2796544K)
[17.910s][info][gc,metaspace   ] GC(164) Metaspace: 21138K(21760K)->21138K(21760K) NonClass: 18597K(18944K)->18597K(18944K) Class: 2541K(2816K)->2541K(2816K)
[17.910s][info][gc             ] GC(164) Pause Young (System.gc()) 128M->25M(3925M) 0.568ms
[17.910s][info][gc,cpu         ] GC(164) User=0.00s Sys=0.00s Real=0.00s
[17.910s][info][gc,start       ] GC(165) Pause Full (System.gc())
[17.910s][info][gc,phases,start] GC(165) Marking Phase
[17.918s][info][gc,phases      ] GC(165) Marking Phase 8.577ms
[17.918s][info][gc,phases,start] GC(165) Summary Phase
[17.918s][info][gc,phases      ] GC(165) Summary Phase 0.014ms
[17.918s][info][gc,phases,start] GC(165) Adjust Roots
[17.920s][info][gc,phases      ] GC(165) Adjust Roots 1.585ms
[17.920s][info][gc,phases,start] GC(165) Compaction Phase
[17.925s][info][gc,phases      ] GC(165) Compaction Phase 4.830ms
[17.925s][info][gc,phases,start] GC(165) Post Compact
[17.926s][info][gc,phases      ] GC(165) Post Compact 0.780ms
[17.926s][info][gc,heap        ] GC(165) PSYoungGen: 32K->0K(1223168K)
[17.926s][info][gc,heap        ] GC(165) ParOldGen: 26544K->26544K(2796544K)
[17.926s][info][gc,metaspace   ] GC(165) Metaspace: 21138K(21760K)->21138K(21760K) NonClass: 18597K(18944K)->18597K(18944K) Class: 2541K(2816K)->2541K(2816K)
[17.926s][info][gc             ] GC(165) Pause Full (System.gc()) 25M->25M(3925M) 16.116ms
[17.926s][info][gc,cpu         ] GC(165) User=0.00s Sys=0.00s Real=0.01s
[18.109s][info][gc,start       ] GC(166) Pause Young (System.gc())
[18.109s][info][gc,heap        ] GC(166) PSYoungGen: 104857K->32K(1223168K)
[18.109s][info][gc,heap        ] GC(166) ParOldGen: 26544K->26544K(2796544K)
[18.109s][info][gc,metaspace   ] GC(166) Metaspace: 21139K(21760K)->21139K(21760K) NonClass: 18597K(18944K)->18597K(18944K) Class: 2541K(2816K)->2541K(2816K)
[18.109s][info][gc             ] GC(166) Pause Young (System.gc()) 128M->25M(3925M) 0.458ms
[18.109s][info][gc,cpu         ] GC(166) User=0.00s Sys=0.00s Real=0.00s
[18.109s][info][gc,start       ] GC(167) Pause Full (System.gc())
[18.109s][info][gc,phases,start] GC(167) Marking Phase
[18.117s][info][gc,phases      ] GC(167) Marking Phase 7.995ms
[18.118s][info][gc,phases,start] GC(167) Summary Phase
[18.118s][info][gc,phases      ] GC(167) Summary Phase 0.015ms
[18.118s][info][gc,phases,start] GC(167) Adjust Roots
[18.119s][info][gc,phases      ] GC(167) Adjust Roots 1.388ms
[18.119s][info][gc,phases,start] GC(167) Compaction Phase
[18.123s][info][gc,phases      ] GC(167) Compaction Phase 3.988ms
[18.123s][info][gc,phases,start] GC(167) Post Compact
[18.124s][info][gc,phases      ] GC(167) Post Compact 0.939ms
[18.124s][info][gc,heap        ] GC(167) PSYoungGen: 32K->0K(1223168K)
[18.124s][info][gc,heap        ] GC(167) ParOldGen: 26544K->26544K(2796544K)
[18.124s][info][gc,metaspace   ] GC(167) Metaspace: 21139K(21760K)->21139K(21760K) NonClass: 18597K(18944K)->18597K(18944K) Class: 2541K(2816K)->2541K(2816K)
[18.124s][info][gc             ] GC(167) Pause Full (System.gc()) 25M->25M(3925M) 14.656ms
[18.124s][info][gc,cpu         ] GC(167) User=0.00s Sys=0.00s Real=0.02s
[18.307s][info][gc,start       ] GC(168) Pause Young (System.gc())
[18.308s][info][gc,heap        ] GC(168) PSYoungGen: 104857K->32K(1223168K)
[18.308s][info][gc,heap        ] GC(168) ParOldGen: 26544K->26544K(2796544K)
[18.308s][info][gc,metaspace   ] GC(168) Metaspace: 21139K(21760K)->21139K(21760K) NonClass: 18597K(18944K)->18597K(18944K) Class: 2541K(2816K)->2541K(2816K)
[18.308s][info][gc             ] GC(168) Pause Young (System.gc()) 128M->25M(3925M) 0.368ms
[18.308s][info][gc,cpu         ] GC(168) User=0.00s Sys=0.00s Real=0.00s
[18.308s][info][gc,start       ] GC(169) Pause Full (System.gc())
[18.308s][info][gc,phases,start] GC(169) Marking Phase
[18.316s][info][gc,phases      ] GC(169) Marking Phase 8.186ms
[18.316s][info][gc,phases,start] GC(169) Summary Phase
[18.316s][info][gc,phases      ] GC(169) Summary Phase 0.010ms
[18.316s][info][gc,phases,start] GC(169) Adjust Roots
[18.317s][info][gc,phases      ] GC(169) Adjust Roots 1.422ms
[18.317s][info][gc,phases,start] GC(169) Compaction Phase
[18.322s][info][gc,phases      ] GC(169) Compaction Phase 4.230ms
[18.322s][info][gc,phases,start] GC(169) Post Compact
[18.322s][info][gc,phases      ] GC(169) Post Compact 0.695ms
[18.322s][info][gc,heap        ] GC(169) PSYoungGen: 32K->0K(1223168K)
[18.322s][info][gc,heap        ] GC(169) ParOldGen: 26544K->26544K(2796544K)
[18.322s][info][gc,metaspace   ] GC(169) Metaspace: 21139K(21760K)->21139K(21760K) NonClass: 18597K(18944K)->18597K(18944K) Class: 2541K(2816K)->2541K(2816K)
[18.322s][info][gc             ] GC(169) Pause Full (System.gc()) 25M->25M(3925M) 14.798ms
[18.322s][info][gc,cpu         ] GC(169) User=0.00s Sys=0.00s Real=0.01s
[18.506s][info][gc,start       ] GC(170) Pause Young (System.gc())
[18.507s][info][gc,heap        ] GC(170) PSYoungGen: 104857K->32K(1223168K)
[18.507s][info][gc,heap        ] GC(170) ParOldGen: 26544K->26544K(2796544K)
[18.507s][info][gc,metaspace   ] GC(170) Metaspace: 21139K(21760K)->21139K(21760K) NonClass: 18597K(18944K)->18597K(18944K) Class: 2541K(2816K)->2541K(2816K)
[18.507s][info][gc             ] GC(170) Pause Young (System.gc()) 128M->25M(3925M) 0.560ms
[18.507s][info][gc,cpu         ] GC(170) User=0.00s Sys=0.00s Real=0.00s
[18.507s][info][gc,start       ] GC(171) Pause Full (System.gc())
[18.507s][info][gc,phases,start] GC(171) Marking Phase
[18.515s][info][gc,phases      ] GC(171) Marking Phase 8.086ms
[18.515s][info][gc,phases,start] GC(171) Summary Phase
[18.515s][info][gc,phases      ] GC(171) Summary Phase 0.010ms
[18.515s][info][gc,phases,start] GC(171) Adjust Roots
[18.516s][info][gc,phases      ] GC(171) Adjust Roots 1.402ms
[18.516s][info][gc,phases,start] GC(171) Compaction Phase
[18.520s][info][gc,phases      ] GC(171) Compaction Phase 3.943ms
[18.521s][info][gc,phases,start] GC(171) Post Compact
[18.521s][info][gc,phases      ] GC(171) Post Compact 0.807ms
[18.521s][info][gc,heap        ] GC(171) PSYoungGen: 32K->0K(1223168K)
[18.521s][info][gc,heap        ] GC(171) ParOldGen: 26544K->26544K(2796544K)
[18.521s][info][gc,metaspace   ] GC(171) Metaspace: 21139K(21760K)->21139K(21760K) NonClass: 18597K(18944K)->18597K(18944K) Class: 2541K(2816K)->2541K(2816K)
[18.522s][info][gc             ] GC(171) Pause Full (System.gc()) 25M->25M(3925M) 14.610ms
[18.522s][info][gc,cpu         ] GC(171) User=0.00s Sys=0.00s Real=0.02s
[18.707s][info][gc,start       ] GC(172) Pause Young (System.gc())
[18.708s][info][gc,heap        ] GC(172) PSYoungGen: 104857K->32K(1223168K)
[18.708s][info][gc,heap        ] GC(172) ParOldGen: 26544K->26544K(2796544K)
[18.708s][info][gc,metaspace   ] GC(172) Metaspace: 21144K(21760K)->21144K(21760K) NonClass: 18603K(18944K)->18603K(18944K) Class: 2541K(2816K)->2541K(2816K)
[18.708s][info][gc             ] GC(172) Pause Young (System.gc()) 128M->25M(3925M) 0.528ms
[18.708s][info][gc,cpu         ] GC(172) User=0.00s Sys=0.00s Real=0.00s
[18.708s][info][gc,start       ] GC(173) Pause Full (System.gc())
[18.708s][info][gc,phases,start] GC(173) Marking Phase
[18.716s][info][gc,phases      ] GC(173) Marking Phase 7.944ms
[18.716s][info][gc,phases,start] GC(173) Summary Phase
[18.716s][info][gc,phases      ] GC(173) Summary Phase 0.009ms
[18.716s][info][gc,phases,start] GC(173) Adjust Roots
[18.717s][info][gc,phases      ] GC(173) Adjust Roots 1.326ms
[18.717s][info][gc,phases,start] GC(173) Compaction Phase
[18.722s][info][gc,phases      ] GC(173) Compaction Phase 4.406ms
[18.722s][info][gc,phases,start] GC(173) Post Compact
[18.723s][info][gc,phases      ] GC(173) Post Compact 0.798ms
[18.723s][info][gc,heap        ] GC(173) PSYoungGen: 32K->0K(1223168K)
[18.723s][info][gc,heap        ] GC(173) ParOldGen: 26544K->26544K(2796544K)
[18.723s][info][gc,metaspace   ] GC(173) Metaspace: 21144K(21760K)->21144K(21760K) NonClass: 18603K(18944K)->18603K(18944K) Class: 2541K(2816K)->2541K(2816K)
[18.723s][info][gc             ] GC(173) Pause Full (System.gc()) 25M->25M(3925M) 14.804ms
[18.723s][info][gc,cpu         ] GC(173) User=0.02s Sys=0.00s Real=0.01s
[18.907s][info][gc,start       ] GC(174) Pause Young (System.gc())
[18.908s][info][gc,heap        ] GC(174) PSYoungGen: 104857K->32K(1223168K)
[18.908s][info][gc,heap        ] GC(174) ParOldGen: 26544K->26544K(2796544K)
[18.908s][info][gc,metaspace   ] GC(174) Metaspace: 21144K(21760K)->21144K(21760K) NonClass: 18603K(18944K)->18603K(18944K) Class: 2541K(2816K)->2541K(2816K)
[18.908s][info][gc             ] GC(174) Pause Young (System.gc()) 128M->25M(3925M) 0.502ms
[18.908s][info][gc,cpu         ] GC(174) User=0.00s Sys=0.00s Real=0.00s
[18.908s][info][gc,start       ] GC(175) Pause Full (System.gc())
[18.908s][info][gc,phases,start] GC(175) Marking Phase
[18.916s][info][gc,phases      ] GC(175) Marking Phase 8.422ms
[18.916s][info][gc,phases,start] GC(175) Summary Phase
[18.916s][info][gc,phases      ] GC(175) Summary Phase 0.009ms
[18.916s][info][gc,phases,start] GC(175) Adjust Roots
[18.918s][info][gc,phases      ] GC(175) Adjust Roots 1.447ms
[18.918s][info][gc,phases,start] GC(175) Compaction Phase
[18.922s][info][gc,phases      ] GC(175) Compaction Phase 4.204ms
[18.922s][info][gc,phases,start] GC(175) Post Compact
[18.923s][info][gc,phases      ] GC(175) Post Compact 0.721ms
[18.923s][info][gc,heap        ] GC(175) PSYoungGen: 32K->0K(1223168K)
[18.923s][info][gc,heap        ] GC(175) ParOldGen: 26544K->26544K(2796544K)
[18.923s][info][gc,metaspace   ] GC(175) Metaspace: 21144K(21760K)->21144K(21760K) NonClass: 18603K(18944K)->18603K(18944K) Class: 2541K(2816K)->2541K(2816K)
[18.923s][info][gc             ] GC(175) Pause Full (System.gc()) 25M->25M(3925M) 15.193ms
[18.923s][info][gc,cpu         ] GC(175) User=0.00s Sys=0.00s Real=0.02s
[19.107s][info][gc,start       ] GC(176) Pause Young (System.gc())
[19.108s][info][gc,heap        ] GC(176) PSYoungGen: 104857K->32K(1223168K)
[19.108s][info][gc,heap        ] GC(176) ParOldGen: 26544K->26544K(2796544K)
[19.108s][info][gc,metaspace   ] GC(176) Metaspace: 21144K(21760K)->21144K(21760K) NonClass: 18603K(18944K)->18603K(18944K) Class: 2541K(2816K)->2541K(2816K)
[19.108s][info][gc             ] GC(176) Pause Young (System.gc()) 128M->25M(3925M) 0.640ms
[19.108s][info][gc,cpu         ] GC(176) User=0.00s Sys=0.00s Real=0.00s
[19.108s][info][gc,start       ] GC(177) Pause Full (System.gc())
[19.108s][info][gc,phases,start] GC(177) Marking Phase
[19.117s][info][gc,phases      ] GC(177) Marking Phase 8.487ms
[19.117s][info][gc,phases,start] GC(177) Summary Phase
[19.117s][info][gc,phases      ] GC(177) Summary Phase 0.009ms
[19.117s][info][gc,phases,start] GC(177) Adjust Roots
[19.118s][info][gc,phases      ] GC(177) Adjust Roots 1.482ms
[19.118s][info][gc,phases,start] GC(177) Compaction Phase
[19.123s][info][gc,phases      ] GC(177) Compaction Phase 4.456ms
[19.123s][info][gc,phases,start] GC(177) Post Compact
[19.123s][info][gc,phases      ] GC(177) Post Compact 0.705ms
[19.124s][info][gc,heap        ] GC(177) PSYoungGen: 32K->0K(1223168K)
[19.124s][info][gc,heap        ] GC(177) ParOldGen: 26544K->26544K(2796544K)
[19.124s][info][gc,metaspace   ] GC(177) Metaspace: 21144K(21760K)->21144K(21760K) NonClass: 18603K(18944K)->18603K(18944K) Class: 2541K(2816K)->2541K(2816K)
[19.124s][info][gc             ] GC(177) Pause Full (System.gc()) 25M->25M(3925M) 15.421ms
[19.124s][info][gc,cpu         ] GC(177) User=0.00s Sys=0.00s Real=0.02s
[19.310s][info][gc,start       ] GC(178) Pause Young (System.gc())
[19.310s][info][gc,heap        ] GC(178) PSYoungGen: 125829K->128K(1223168K)
[19.310s][info][gc,heap        ] GC(178) ParOldGen: 26544K->26544K(2796544K)
[19.310s][info][gc,metaspace   ] GC(178) Metaspace: 21154K(21760K)->21154K(21760K) NonClass: 18612K(18944K)->18612K(18944K) Class: 2541K(2816K)->2541K(2816K)
[19.310s][info][gc             ] GC(178) Pause Young (System.gc()) 148M->26M(3925M) 0.316ms
[19.310s][info][gc,cpu         ] GC(178) User=0.00s Sys=0.00s Real=0.00s
[19.310s][info][gc,start       ] GC(179) Pause Full (System.gc())
[19.310s][info][gc,phases,start] GC(179) Marking Phase
[19.319s][info][gc,phases      ] GC(179) Marking Phase 8.630ms
[19.319s][info][gc,phases,start] GC(179) Summary Phase
[19.319s][info][gc,phases      ] GC(179) Summary Phase 0.010ms
[19.319s][info][gc,phases,start] GC(179) Adjust Roots
[19.321s][info][gc,phases      ] GC(179) Adjust Roots 1.479ms
[19.321s][info][gc,phases,start] GC(179) Compaction Phase
[19.325s][info][gc,phases      ] GC(179) Compaction Phase 4.549ms
[19.325s][info][gc,phases,start] GC(179) Post Compact
[19.326s][info][gc,phases      ] GC(179) Post Compact 0.727ms
[19.326s][info][gc,heap        ] GC(179) PSYoungGen: 128K->0K(1223168K)
[19.326s][info][gc,heap        ] GC(179) ParOldGen: 26544K->26544K(2796544K)
[19.326s][info][gc,metaspace   ] GC(179) Metaspace: 21154K(21760K)->21154K(21760K) NonClass: 18612K(18944K)->18612K(18944K) Class: 2541K(2816K)->2541K(2816K)
[19.326s][info][gc             ] GC(179) Pause Full (System.gc()) 26M->25M(3925M) 15.689ms
[19.326s][info][gc,cpu         ] GC(179) User=0.02s Sys=0.00s Real=0.02s
[19.512s][info][gc,start       ] GC(180) Pause Young (System.gc())
[19.512s][info][gc,heap        ] GC(180) PSYoungGen: 104857K->32K(1223168K)
[19.512s][info][gc,heap        ] GC(180) ParOldGen: 26544K->26544K(2796544K)
[19.512s][info][gc,metaspace   ] GC(180) Metaspace: 21154K(21760K)->21154K(21760K) NonClass: 18612K(18944K)->18612K(18944K) Class: 2541K(2816K)->2541K(2816K)
[19.512s][info][gc             ] GC(180) Pause Young (System.gc()) 128M->25M(3925M) 0.438ms
[19.512s][info][gc,cpu         ] GC(180) User=0.00s Sys=0.00s Real=0.00s
[19.512s][info][gc,start       ] GC(181) Pause Full (System.gc())
[19.512s][info][gc,phases,start] GC(181) Marking Phase
[19.520s][info][gc,phases      ] GC(181) Marking Phase 8.176ms
[19.520s][info][gc,phases,start] GC(181) Summary Phase
[19.520s][info][gc,phases      ] GC(181) Summary Phase 0.010ms
[19.520s][info][gc,phases,start] GC(181) Adjust Roots
[19.522s][info][gc,phases      ] GC(181) Adjust Roots 1.476ms
[19.522s][info][gc,phases,start] GC(181) Compaction Phase
[19.526s][info][gc,phases      ] GC(181) Compaction Phase 4.163ms
[19.526s][info][gc,phases,start] GC(181) Post Compact
[19.527s][info][gc,phases      ] GC(181) Post Compact 0.688ms
[19.527s][info][gc,heap        ] GC(181) PSYoungGen: 32K->0K(1223168K)
[19.527s][info][gc,heap        ] GC(181) ParOldGen: 26544K->26544K(2796544K)
[19.527s][info][gc,metaspace   ] GC(181) Metaspace: 21154K(21760K)->21154K(21760K) NonClass: 18612K(18944K)->18612K(18944K) Class: 2541K(2816K)->2541K(2816K)
[19.527s][info][gc             ] GC(181) Pause Full (System.gc()) 25M->25M(3925M) 14.787ms
[19.527s][info][gc,cpu         ] GC(181) User=0.00s Sys=0.00s Real=0.02s
[19.714s][info][gc,start       ] GC(182) Pause Young (System.gc())
[19.714s][info][gc,heap        ] GC(182) PSYoungGen: 104857K->32K(1223168K)
[19.714s][info][gc,heap        ] GC(182) ParOldGen: 26544K->26544K(2796544K)
[19.714s][info][gc,metaspace   ] GC(182) Metaspace: 21154K(21760K)->21154K(21760K) NonClass: 18612K(18944K)->18612K(18944K) Class: 2541K(2816K)->2541K(2816K)
[19.714s][info][gc             ] GC(182) Pause Young (System.gc()) 128M->25M(3925M) 0.413ms
[19.714s][info][gc,cpu         ] GC(182) User=0.00s Sys=0.00s Real=0.00s
[19.714s][info][gc,start       ] GC(183) Pause Full (System.gc())
[19.714s][info][gc,phases,start] GC(183) Marking Phase
[19.722s][info][gc,phases      ] GC(183) Marking Phase 8.053ms
[19.722s][info][gc,phases,start] GC(183) Summary Phase
[19.722s][info][gc,phases      ] GC(183) Summary Phase 0.009ms
[19.722s][info][gc,phases,start] GC(183) Adjust Roots
[19.724s][info][gc,phases      ] GC(183) Adjust Roots 1.649ms
[19.724s][info][gc,phases,start] GC(183) Compaction Phase
[19.728s][info][gc,phases      ] GC(183) Compaction Phase 3.985ms
[19.728s][info][gc,phases,start] GC(183) Post Compact
[19.729s][info][gc,phases      ] GC(183) Post Compact 0.685ms
[19.729s][info][gc,heap        ] GC(183) PSYoungGen: 32K->0K(1223168K)
[19.729s][info][gc,heap        ] GC(183) ParOldGen: 26544K->26544K(2796544K)
[19.729s][info][gc,metaspace   ] GC(183) Metaspace: 21154K(21760K)->21154K(21760K) NonClass: 18612K(18944K)->18612K(18944K) Class: 2541K(2816K)->2541K(2816K)
[19.729s][info][gc             ] GC(183) Pause Full (System.gc()) 25M->25M(3925M) 14.650ms
[19.729s][info][gc,cpu         ] GC(183) User=0.02s Sys=0.00s Real=0.02s
[19.913s][info][gc,start       ] GC(184) Pause Young (System.gc())
[19.913s][info][gc,heap        ] GC(184) PSYoungGen: 104857K->32K(1223168K)
[19.913s][info][gc,heap        ] GC(184) ParOldGen: 26544K->26544K(2796544K)
[19.913s][info][gc,metaspace   ] GC(184) Metaspace: 21154K(21760K)->21154K(21760K) NonClass: 18612K(18944K)->18612K(18944K) Class: 2541K(2816K)->2541K(2816K)
[19.913s][info][gc             ] GC(184) Pause Young (System.gc()) 128M->25M(3925M) 0.600ms
[19.913s][info][gc,cpu         ] GC(184) User=0.00s Sys=0.00s Real=0.00s
[19.913s][info][gc,start       ] GC(185) Pause Full (System.gc())
[19.913s][info][gc,phases,start] GC(185) Marking Phase
[19.922s][info][gc,phases      ] GC(185) Marking Phase 8.154ms
[19.922s][info][gc,phases,start] GC(185) Summary Phase
[19.922s][info][gc,phases      ] GC(185) Summary Phase 0.010ms
[19.922s][info][gc,phases,start] GC(185) Adjust Roots
[19.923s][info][gc,phases      ] GC(185) Adjust Roots 1.450ms
[19.923s][info][gc,phases,start] GC(185) Compaction Phase
[19.928s][info][gc,phases      ] GC(185) Compaction Phase 4.361ms
[19.928s][info][gc,phases,start] GC(185) Post Compact
[19.928s][info][gc,phases      ] GC(185) Post Compact 0.882ms
[19.929s][info][gc,heap        ] GC(185) PSYoungGen: 32K->0K(1223168K)
[19.929s][info][gc,heap        ] GC(185) ParOldGen: 26544K->26544K(2796544K)
[19.929s][info][gc,metaspace   ] GC(185) Metaspace: 21154K(21760K)->21154K(21760K) NonClass: 18612K(18944K)->18612K(18944K) Class: 2541K(2816K)->2541K(2816K)
[19.929s][info][gc             ] GC(185) Pause Full (System.gc()) 25M->25M(3925M) 15.121ms
[19.929s][info][gc,cpu         ] GC(185) User=0.00s Sys=0.00s Real=0.02s
[20.113s][info][gc,start       ] GC(186) Pause Young (System.gc())
[20.114s][info][gc,heap        ] GC(186) PSYoungGen: 104857K->32K(1223168K)
[20.114s][info][gc,heap        ] GC(186) ParOldGen: 26544K->26544K(2796544K)
[20.114s][info][gc,metaspace   ] GC(186) Metaspace: 21154K(21760K)->21154K(21760K) NonClass: 18612K(18944K)->18612K(18944K) Class: 2541K(2816K)->2541K(2816K)
[20.114s][info][gc             ] GC(186) Pause Young (System.gc()) 128M->25M(3925M) 0.487ms
[20.114s][info][gc,cpu         ] GC(186) User=0.00s Sys=0.00s Real=0.00s
[20.114s][info][gc,start       ] GC(187) Pause Full (System.gc())
[20.114s][info][gc,phases,start] GC(187) Marking Phase
[20.122s][info][gc,phases      ] GC(187) Marking Phase 8.382ms
[20.122s][info][gc,phases,start] GC(187) Summary Phase
[20.122s][info][gc,phases      ] GC(187) Summary Phase 0.009ms
[20.122s][info][gc,phases,start] GC(187) Adjust Roots
[20.124s][info][gc,phases      ] GC(187) Adjust Roots 1.471ms
[20.124s][info][gc,phases,start] GC(187) Compaction Phase
[20.128s][info][gc,phases      ] GC(187) Compaction Phase 4.200ms
[20.128s][info][gc,phases,start] GC(187) Post Compact
[20.129s][info][gc,phases      ] GC(187) Post Compact 0.691ms
[20.129s][info][gc,heap        ] GC(187) PSYoungGen: 32K->0K(1223168K)
[20.129s][info][gc,heap        ] GC(187) ParOldGen: 26544K->26544K(2796544K)
[20.129s][info][gc,metaspace   ] GC(187) Metaspace: 21154K(21760K)->21154K(21760K) NonClass: 18612K(18944K)->18612K(18944K) Class: 2541K(2816K)->2541K(2816K)
[20.129s][info][gc             ] GC(187) Pause Full (System.gc()) 25M->25M(3925M) 15.001ms
[20.129s][info][gc,cpu         ] GC(187) User=0.00s Sys=0.00s Real=0.02s
[20.313s][info][gc,start       ] GC(188) Pause Young (System.gc())
[20.314s][info][gc,heap        ] GC(188) PSYoungGen: 104857K->32K(1223168K)
[20.314s][info][gc,heap        ] GC(188) ParOldGen: 26544K->26544K(2796544K)
[20.314s][info][gc,metaspace   ] GC(188) Metaspace: 21154K(21760K)->21154K(21760K) NonClass: 18612K(18944K)->18612K(18944K) Class: 2541K(2816K)->2541K(2816K)
[20.314s][info][gc             ] GC(188) Pause Young (System.gc()) 128M->25M(3925M) 0.649ms
[20.314s][info][gc,cpu         ] GC(188) User=0.00s Sys=0.00s Real=0.00s
[20.314s][info][gc,start       ] GC(189) Pause Full (System.gc())
[20.314s][info][gc,phases,start] GC(189) Marking Phase
[20.323s][info][gc,phases      ] GC(189) Marking Phase 8.410ms
[20.323s][info][gc,phases,start] GC(189) Summary Phase
[20.323s][info][gc,phases      ] GC(189) Summary Phase 0.009ms
[20.323s][info][gc,phases,start] GC(189) Adjust Roots
[20.324s][info][gc,phases      ] GC(189) Adjust Roots 1.477ms
[20.324s][info][gc,phases,start] GC(189) Compaction Phase
[20.329s][info][gc,phases      ] GC(189) Compaction Phase 4.338ms
[20.329s][info][gc,phases,start] GC(189) Post Compact
[20.329s][info][gc,phases      ] GC(189) Post Compact 0.683ms
[20.329s][info][gc,heap        ] GC(189) PSYoungGen: 32K->0K(1223168K)
[20.329s][info][gc,heap        ] GC(189) ParOldGen: 26544K->26544K(2796544K)
[20.329s][info][gc,metaspace   ] GC(189) Metaspace: 21154K(21760K)->21154K(21760K) NonClass: 18612K(18944K)->18612K(18944K) Class: 2541K(2816K)->2541K(2816K)
[20.329s][info][gc             ] GC(189) Pause Full (System.gc()) 25M->25M(3925M) 15.179ms
[20.329s][info][gc,cpu         ] GC(189) User=0.00s Sys=0.00s Real=0.01s
[20.513s][info][gc,start       ] GC(190) Pause Young (System.gc())
[20.514s][info][gc,heap        ] GC(190) PSYoungGen: 104857K->32K(1223168K)
[20.514s][info][gc,heap        ] GC(190) ParOldGen: 26544K->26544K(2796544K)
[20.514s][info][gc,metaspace   ] GC(190) Metaspace: 21154K(21760K)->21154K(21760K) NonClass: 18612K(18944K)->18612K(18944K) Class: 2541K(2816K)->2541K(2816K)
[20.514s][info][gc             ] GC(190) Pause Young (System.gc()) 128M->25M(3925M) 0.537ms
[20.514s][info][gc,cpu         ] GC(190) User=0.00s Sys=0.00s Real=0.00s
[20.514s][info][gc,start       ] GC(191) Pause Full (System.gc())
[20.514s][info][gc,phases,start] GC(191) Marking Phase
[20.523s][info][gc,phases      ] GC(191) Marking Phase 8.696ms
[20.523s][info][gc,phases,start] GC(191) Summary Phase
[20.523s][info][gc,phases      ] GC(191) Summary Phase 0.009ms
[20.523s][info][gc,phases,start] GC(191) Adjust Roots
[20.524s][info][gc,phases      ] GC(191) Adjust Roots 1.356ms
[20.524s][info][gc,phases,start] GC(191) Compaction Phase
[20.529s][info][gc,phases      ] GC(191) Compaction Phase 4.787ms
[20.529s][info][gc,phases,start] GC(191) Post Compact
[20.530s][info][gc,phases      ] GC(191) Post Compact 0.771ms
[20.530s][info][gc,heap        ] GC(191) PSYoungGen: 32K->0K(1223168K)
[20.530s][info][gc,heap        ] GC(191) ParOldGen: 26544K->26544K(2796544K)
[20.530s][info][gc,metaspace   ] GC(191) Metaspace: 21154K(21760K)->21154K(21760K) NonClass: 18612K(18944K)->18612K(18944K) Class: 2541K(2816K)->2541K(2816K)
[20.530s][info][gc             ] GC(191) Pause Full (System.gc()) 25M->25M(3925M) 15.896ms
[20.530s][info][gc,cpu         ] GC(191) User=0.02s Sys=0.00s Real=0.01s
[20.715s][info][gc,start       ] GC(192) Pause Young (System.gc())
[20.715s][info][gc,heap        ] GC(192) PSYoungGen: 104857K->32K(1223168K)
[20.715s][info][gc,heap        ] GC(192) ParOldGen: 26544K->26544K(2796544K)
[20.715s][info][gc,metaspace   ] GC(192) Metaspace: 21154K(21760K)->21154K(21760K) NonClass: 18612K(18944K)->18612K(18944K) Class: 2541K(2816K)->2541K(2816K)
[20.715s][info][gc             ] GC(192) Pause Young (System.gc()) 128M->25M(3925M) 0.474ms
[20.715s][info][gc,cpu         ] GC(192) User=0.00s Sys=0.00s Real=0.00s
[20.715s][info][gc,start       ] GC(193) Pause Full (System.gc())
[20.715s][info][gc,phases,start] GC(193) Marking Phase
[20.723s][info][gc,phases      ] GC(193) Marking Phase 8.199ms
[20.723s][info][gc,phases,start] GC(193) Summary Phase
[20.723s][info][gc,phases      ] GC(193) Summary Phase 0.009ms
[20.723s][info][gc,phases,start] GC(193) Adjust Roots
[20.725s][info][gc,phases      ] GC(193) Adjust Roots 1.445ms
[20.725s][info][gc,phases,start] GC(193) Compaction Phase
[20.729s][info][gc,phases      ] GC(193) Compaction Phase 4.392ms
[20.729s][info][gc,phases,start] GC(193) Post Compact
[20.730s][info][gc,phases      ] GC(193) Post Compact 0.826ms
[20.730s][info][gc,heap        ] GC(193) PSYoungGen: 32K->0K(1223168K)
[20.730s][info][gc,heap        ] GC(193) ParOldGen: 26544K->26544K(2796544K)
[20.730s][info][gc,metaspace   ] GC(193) Metaspace: 21154K(21760K)->21154K(21760K) NonClass: 18612K(18944K)->18612K(18944K) Class: 2541K(2816K)->2541K(2816K)
[20.730s][info][gc             ] GC(193) Pause Full (System.gc()) 25M->25M(3925M) 15.169ms
[20.730s][info][gc,cpu         ] GC(193) User=0.02s Sys=0.00s Real=0.01s
[20.915s][info][gc,start       ] GC(194) Pause Young (System.gc())
[20.915s][info][gc,heap        ] GC(194) PSYoungGen: 104857K->32K(1223168K)
[20.915s][info][gc,heap        ] GC(194) ParOldGen: 26544K->26544K(2796544K)
[20.915s][info][gc,metaspace   ] GC(194) Metaspace: 21158K(21760K)->21158K(21760K) NonClass: 18617K(18944K)->18617K(18944K) Class: 2541K(2816K)->2541K(2816K)
[20.915s][info][gc             ] GC(194) Pause Young (System.gc()) 128M->25M(3925M) 0.483ms
[20.915s][info][gc,cpu         ] GC(194) User=0.00s Sys=0.00s Real=0.00s
[20.915s][info][gc,start       ] GC(195) Pause Full (System.gc())
[20.915s][info][gc,phases,start] GC(195) Marking Phase
[20.923s][info][gc,phases      ] GC(195) Marking Phase 8.070ms
[20.923s][info][gc,phases,start] GC(195) Summary Phase
[20.923s][info][gc,phases      ] GC(195) Summary Phase 0.009ms
[20.923s][info][gc,phases,start] GC(195) Adjust Roots
[20.925s][info][gc,phases      ] GC(195) Adjust Roots 1.491ms
[20.925s][info][gc,phases,start] GC(195) Compaction Phase
[20.929s][info][gc,phases      ] GC(195) Compaction Phase 4.335ms
[20.929s][info][gc,phases,start] GC(195) Post Compact
[20.930s][info][gc,phases      ] GC(195) Post Compact 0.689ms
[20.930s][info][gc,heap        ] GC(195) PSYoungGen: 32K->0K(1223168K)
[20.930s][info][gc,heap        ] GC(195) ParOldGen: 26544K->26544K(2796544K)
[20.930s][info][gc,metaspace   ] GC(195) Metaspace: 21158K(21760K)->21158K(21760K) NonClass: 18617K(18944K)->18617K(18944K) Class: 2541K(2816K)->2541K(2816K)
[20.930s][info][gc             ] GC(195) Pause Full (System.gc()) 25M->25M(3925M) 14.874ms
[20.930s][info][gc,cpu         ] GC(195) User=0.00s Sys=0.00s Real=0.02s
[21.115s][info][gc,start       ] GC(196) Pause Young (System.gc())
[21.115s][info][gc,heap        ] GC(196) PSYoungGen: 104857K->32K(1223168K)
[21.115s][info][gc,heap        ] GC(196) ParOldGen: 26544K->26544K(2796544K)
[21.115s][info][gc,metaspace   ] GC(196) Metaspace: 21158K(21760K)->21158K(21760K) NonClass: 18617K(18944K)->18617K(18944K) Class: 2541K(2816K)->2541K(2816K)
[21.115s][info][gc             ] GC(196) Pause Young (System.gc()) 128M->25M(3925M) 0.418ms
[21.115s][info][gc,cpu         ] GC(196) User=0.00s Sys=0.00s Real=0.00s
[21.115s][info][gc,start       ] GC(197) Pause Full (System.gc())
[21.115s][info][gc,phases,start] GC(197) Marking Phase
[21.123s][info][gc,phases      ] GC(197) Marking Phase 7.843ms
[21.123s][info][gc,phases,start] GC(197) Summary Phase
[21.123s][info][gc,phases      ] GC(197) Summary Phase 0.010ms
[21.123s][info][gc,phases,start] GC(197) Adjust Roots
[21.124s][info][gc,phases      ] GC(197) Adjust Roots 1.365ms
[21.124s][info][gc,phases,start] GC(197) Compaction Phase
[21.129s][info][gc,phases      ] GC(197) Compaction Phase 4.453ms
[21.129s][info][gc,phases,start] GC(197) Post Compact
[21.130s][info][gc,phases      ] GC(197) Post Compact 0.772ms
[21.130s][info][gc,heap        ] GC(197) PSYoungGen: 32K->0K(1223168K)
[21.130s][info][gc,heap        ] GC(197) ParOldGen: 26544K->26544K(2796544K)
[21.130s][info][gc,metaspace   ] GC(197) Metaspace: 21158K(21760K)->21158K(21760K) NonClass: 18617K(18944K)->18617K(18944K) Class: 2541K(2816K)->2541K(2816K)
[21.130s][info][gc             ] GC(197) Pause Full (System.gc()) 25M->25M(3925M) 14.739ms
[21.130s][info][gc,cpu         ] GC(197) User=0.00s Sys=0.00s Real=0.02s
[21.314s][info][gc,start       ] GC(198) Pause Young (System.gc())
[21.314s][info][gc,heap        ] GC(198) PSYoungGen: 104857K->32K(1223168K)
[21.314s][info][gc,heap        ] GC(198) ParOldGen: 26544K->26544K(2796544K)
[21.314s][info][gc,metaspace   ] GC(198) Metaspace: 21158K(21760K)->21158K(21760K) NonClass: 18617K(18944K)->18617K(18944K) Class: 2541K(2816K)->2541K(2816K)
[21.314s][info][gc             ] GC(198) Pause Young (System.gc()) 128M->25M(3925M) 0.359ms
[21.314s][info][gc,cpu         ] GC(198) User=0.00s Sys=0.00s Real=0.00s
[21.314s][info][gc,start       ] GC(199) Pause Full (System.gc())
[21.314s][info][gc,phases,start] GC(199) Marking Phase
[21.322s][info][gc,phases      ] GC(199) Marking Phase 8.221ms
[21.322s][info][gc,phases,start] GC(199) Summary Phase
[21.322s][info][gc,phases      ] GC(199) Summary Phase 0.009ms
[21.322s][info][gc,phases,start] GC(199) Adjust Roots
[21.324s][info][gc,phases      ] GC(199) Adjust Roots 1.427ms
[21.324s][info][gc,phases,start] GC(199) Compaction Phase
[21.328s][info][gc,phases      ] GC(199) Compaction Phase 4.128ms
[21.328s][info][gc,phases,start] GC(199) Post Compact
[21.329s][info][gc,phases      ] GC(199) Post Compact 0.867ms
[21.329s][info][gc,heap        ] GC(199) PSYoungGen: 32K->0K(1223168K)
[21.329s][info][gc,heap        ] GC(199) ParOldGen: 26544K->26544K(2796544K)
[21.329s][info][gc,metaspace   ] GC(199) Metaspace: 21158K(21760K)->21158K(21760K) NonClass: 18617K(18944K)->18617K(18944K) Class: 2541K(2816K)->2541K(2816K)
[21.329s][info][gc             ] GC(199) Pause Full (System.gc()) 25M->25M(3925M) 14.987ms
[21.329s][info][gc,cpu         ] GC(199) User=0.02s Sys=0.00s Real=0.02s
[21.518s][info][gc,heap,exit   ] Heap
[21.518s][info][gc,heap,exit   ]  PSYoungGen      total 1223168K, used 188744K [0x00000007aab00000, 0x0000000800000000, 0x0000000800000000)
[21.518s][info][gc,heap,exit   ]   eden space 1048576K, 18% used [0x00000007aab00000,0x00000007b63520b8,0x00000007eab00000)
[21.518s][info][gc,heap,exit   ]   from space 174592K, 0% used [0x00000007f5580000,0x00000007f5580000,0x0000000800000000)
[21.518s][info][gc,heap,exit   ]   to   space 174592K, 0% used [0x00000007eab00000,0x00000007eab00000,0x00000007f5580000)
[21.518s][info][gc,heap,exit   ]  ParOldGen       total 2796544K, used 26544K [0x0000000700000000, 0x00000007aab00000, 0x00000007aab00000)
[21.518s][info][gc,heap,exit   ]   object space 2796544K, 0% used [0x0000000700000000,0x00000007019ec360,0x00000007aab00000)
[21.518s][info][gc,heap,exit   ]  Metaspace       used 21230K, capacity 21749K, committed 22016K, reserved 1069056K
[21.518s][info][gc,heap,exit   ]   class space    used 2551K, capacity 2778K, committed 2816K, reserved 1048576K
