[0.004s][info][gc] Min heap equals to max heap, disabling ShenandoahUncommit
[0.008s][info][gc] Heuristics ergonomically sets -XX:+ExplicitGCInvokesConcurrent
[0.008s][info][gc] Heuristics ergonomically sets -XX:+ShenandoahImplicitGCInvokesConcurrent
[0.008s][info][gc] Using Shenandoah
[0.014s][info][gc,ergo] Pacer for Idle. Initial: 83886K, Alloc Tax Rate: 1.0x
[0.014s][info][gc,init] Version: 17.0.12+7-adhoc..jdk17u (release)
[0.014s][info][gc,init] CPUs: 6 total, 6 available
[0.014s][info][gc,init] Memory: 15591M
[0.014s][info][gc,init] Large Page Support: Disabled
[0.014s][info][gc,init] NUMA Support: Disabled
[0.016s][info][gc,init] Compressed Oops: Enabled (Zero based)
[0.016s][info][gc,init] Heap Min Capacity: 4G
[0.016s][info][gc,init] Heap Initial Capacity: 4G
[0.016s][info][gc,init] Heap Max Capacity: 4G
[0.016s][info][gc,init] Pre-touch: Disabled
[0.016s][info][gc,init] Mode: Snapshot-At-The-Beginning (SATB)
[0.016s][info][gc,init] Heuristics: Adaptive
[0.016s][info][gc,init] Heap Region Count: 2048
[0.016s][info][gc,init] Heap Region Size: 2M
[0.016s][info][gc,init] TLAB Size Max: 2M
[0.016s][info][gc,init] Humongous Object Threshold: 2M
[0.016s][info][gc,init] Parallel Workers: 3
[0.016s][info][gc,init] Concurrent Workers: 1
[0.025s][info][gc,metaspace] CDS archive(s) mapped at: [0x000001e917000000-0x000001e917bc0000-0x000001e917bc0000), size 12320768, SharedBaseAddress: 0x000001e917000000, ArchiveRelocationMode: 1.
[0.025s][info][gc,metaspace] Compressed class space mapped at: 0x000001e918000000-0x000001e958000000, reserved size: 1073741824
[0.025s][info][gc,metaspace] Narrow klass base: 0x000001e917000000, Narrow klass shift: 0, Narrow klass range: 0x100000000
[0.744s][info][gc          ] Trigger: Explicit GC request (System.gc())
[0.744s][info][gc,ergo     ] Free: 3862M, Max: 2048K regular, 3862M humongous, Frag: 0% external, 0% internal; Reserve: 206M, Max: 2048K
[0.744s][info][gc,start    ] GC(0) Concurrent reset
[0.744s][info][gc,task     ] GC(0) Using 1 of 3 workers for concurrent reset
[0.744s][info][gc,ergo     ] GC(0) Pacer for Reset. Non-Taxable: 4096M
[0.745s][info][gc          ] GC(0) Concurrent reset 0.297ms
[0.745s][info][gc,start    ] GC(0) Pause Init Mark (unload classes)
[0.745s][info][gc,task     ] GC(0) Using 3 of 3 workers for init marking
[0.745s][info][gc,ref      ] GC(0) Clearing All SoftReferences
[0.745s][info][gc,ergo     ] GC(0) Pacer for Mark. Expected Live: 409M, Free: 3862M, Non-Taxable: 386M, Alloc Tax Rate: 0.1x
[0.745s][info][gc          ] GC(0) Pause Init Mark (unload classes) 0.339ms
[0.745s][info][gc,start    ] GC(0) Concurrent marking roots
[0.746s][info][gc,task     ] GC(0) Using 1 of 3 workers for concurrent marking roots
[0.746s][info][gc          ] GC(0) Concurrent marking roots 0.628ms
[0.746s][info][gc,start    ] GC(0) Concurrent marking (unload classes)
[0.746s][info][gc,task     ] GC(0) Using 1 of 3 workers for concurrent marking
[0.750s][info][gc          ] GC(0) Concurrent marking (unload classes) 4.301ms
[0.751s][info][gc,start    ] GC(0) Pause Final Mark (unload classes)
[0.751s][info][gc,task     ] GC(0) Using 3 of 3 workers for final marking
[0.751s][info][gc,ergo     ] GC(0) Adaptive CSet Selection. Target Free: 580M, Actual Free: 4068M, Max CSet: 170M, Min Garbage: 0B
[0.751s][info][gc,ergo     ] GC(0) Collectable Garbage: 25661K (100%), Immediate: 0B (0%), CSet: 25661K (100%)
[0.751s][info][gc,ergo     ] GC(0) Pacer for Evacuation. Used CSet: 28672K, Free: 3862M, Non-Taxable: 386M, Alloc Tax Rate: 1.1x
[0.751s][info][gc          ] GC(0) Pause Final Mark (unload classes) 0.465ms
[0.751s][info][gc,start    ] GC(0) Concurrent thread roots
[0.751s][info][gc,task     ] GC(0) Using 1 of 3 workers for Concurrent thread roots
[0.752s][info][gc          ] GC(0) Concurrent thread roots 0.663ms
[0.752s][info][gc,start    ] GC(0) Concurrent weak references
[0.752s][info][gc,task     ] GC(0) Using 1 of 3 workers for concurrent weak references
[0.752s][info][gc,ref      ] GC(0) Encountered references: Soft: 244, Weak: 759, Final: 0, Phantom: 226
[0.752s][info][gc,ref      ] GC(0) Discovered  references: Soft: 199, Weak: 333, Final: 0, Phantom: 224
[0.752s][info][gc,ref      ] GC(0) Enqueued    references: Soft: 133, Weak: 175, Final: 0, Phantom: 199
[0.752s][info][gc          ] GC(0) Concurrent weak references 0.260ms
[0.752s][info][gc,start    ] GC(0) Concurrent weak roots
[0.752s][info][gc,task     ] GC(0) Using 1 of 3 workers for concurrent weak root
[0.753s][info][gc          ] GC(0) Concurrent weak roots 0.737ms
[0.753s][info][gc,start    ] GC(0) Concurrent cleanup
[0.753s][info][gc          ] GC(0) Concurrent cleanup 28M->28M(4096M) 0.032ms
[0.753s][info][gc,ergo     ] GC(0) Free: 3862M, Max: 2048K regular, 3862M humongous, Frag: 0% external, 0% internal; Reserve: 205M, Max: 2048K
[0.753s][info][gc,start    ] GC(0) Concurrent class unloading
[0.753s][info][gc,task     ] GC(0) Using 1 of 3 workers for concurrent class unloading
[0.756s][info][gc          ] GC(0) Concurrent class unloading 3.288ms
[0.756s][info][gc,start    ] GC(0) Concurrent strong roots
[0.756s][info][gc,task     ] GC(0) Using 1 of 3 workers for concurrent strong root
[0.757s][info][gc          ] GC(0) Concurrent strong roots 0.557ms
[0.757s][info][gc,start    ] GC(0) Concurrent evacuation
[0.757s][info][gc,task     ] GC(0) Using 1 of 3 workers for concurrent evacuation
[0.759s][info][gc          ] GC(0) Concurrent evacuation 2.590ms
[0.760s][info][gc,start    ] GC(0) Pause Init Update Refs
[0.760s][info][gc,ergo     ] GC(0) Pacer for Update Refs. Used: 32768K, Free: 3862M, Non-Taxable: 386M, Alloc Tax Rate: 1.1x
[0.760s][info][gc          ] GC(0) Pause Init Update Refs 0.056ms
[0.760s][info][gc,start    ] GC(0) Concurrent update references
[0.760s][info][gc,task     ] GC(0) Using 1 of 3 workers for concurrent reference update
[0.762s][info][gc          ] GC(0) Concurrent update references 2.156ms
[0.762s][info][gc,start    ] GC(0) Concurrent update thread roots
[0.762s][info][gc          ] GC(0) Concurrent update thread roots 0.419ms
[0.762s][info][gc,start    ] GC(0) Pause Final Update Refs
[0.762s][info][gc,task     ] GC(0) Using 3 of 3 workers for final reference update
[0.762s][info][gc          ] GC(0) Pause Final Update Refs 0.124ms
[0.763s][info][gc,start    ] GC(0) Concurrent cleanup
[0.763s][info][gc          ] GC(0) Concurrent cleanup 32M->4M(4096M) 0.055ms
[0.763s][info][gc,ergo     ] Free: 3886M, Max: 2048K regular, 3886M humongous, Frag: 0% external, 0% internal; Reserve: 206M, Max: 2048K
[0.763s][info][gc,stats    ] 
[0.763s][info][gc,stats    ] All times are wall-clock times, except per-root-class counters, that are sum over
[0.763s][info][gc,stats    ] all workers. Dividing the <total> over the root stage time estimates parallelism.
[0.763s][info][gc,stats    ] 
[0.763s][info][gc,stats    ] Concurrent Reset                    358 us
[0.763s][info][gc,stats    ] Pause Init Mark (G)                 766 us
[0.763s][info][gc,stats    ] Pause Init Mark (N)                 347 us
[0.763s][info][gc,stats    ]   Update Region States               62 us
[0.763s][info][gc,stats    ] Concurrent Mark Roots               688 us, parallelism: 0.70x
[0.763s][info][gc,stats    ]   CMR: <total>                      481 us
[0.763s][info][gc,stats    ]   CMR: Thread Roots                 310 us, workers (us): 310, ---, ---, 
[0.763s][info][gc,stats    ]   CMR: VM Strong Roots               52 us, workers (us):  52, ---, ---, 
[0.763s][info][gc,stats    ]   CMR: CLDG Roots                   119 us, workers (us): 119, ---, ---, 
[0.763s][info][gc,stats    ] Concurrent Marking                 4360 us
[0.763s][info][gc,stats    ] Pause Final Mark (G)                581 us
[0.763s][info][gc,stats    ] Pause Final Mark (N)                486 us
[0.763s][info][gc,stats    ]   Finish Mark                       153 us
[0.763s][info][gc,stats    ]   Update Region States               82 us
[0.763s][info][gc,stats    ]   Choose Collection Set              99 us
[0.763s][info][gc,stats    ]   Rebuild Free Set                   21 us
[0.763s][info][gc,stats    ] Concurrent Thread Roots             683 us, parallelism: 0.83x
[0.763s][info][gc,stats    ]   CTR: <total>                      567 us
[0.763s][info][gc,stats    ]   CTR: Thread Roots                 567 us, workers (us): 567, ---, ---, 
[0.763s][info][gc,stats    ] Concurrent Weak References          268 us, parallelism: 0.38x
[0.763s][info][gc,stats    ]   CWRF: <total>                     101 us
[0.763s][info][gc,stats    ]   CWRF: Weak References             101 us, workers (us): 101, ---, ---, 
[0.763s][info][gc,stats    ] Concurrent Weak Roots               769 us
[0.763s][info][gc,stats    ]   Roots                             642 us, parallelism: 0.91x
[0.763s][info][gc,stats    ]     CWR: <total>                    584 us
[0.763s][info][gc,stats    ]     CWR: Code Cache Roots           272 us, workers (us): 272, ---, ---, 
[0.763s][info][gc,stats    ]     CWR: VM Weak Roots              307 us, workers (us): 307, ---, ---, 
[0.763s][info][gc,stats    ]     CWR: CLDG Roots                   6 us, workers (us):   6, ---, ---, 
[0.763s][info][gc,stats    ]   Rendezvous                         79 us
[0.763s][info][gc,stats    ] Concurrent Cleanup                   40 us
[0.763s][info][gc,stats    ] Concurrent Class Unloading         3357 us
[0.763s][info][gc,stats    ]   Unlink Stale                     2990 us
[0.763s][info][gc,stats    ]     System Dictionary                66 us
[0.763s][info][gc,stats    ]     Weak Class Links               1233 us
[0.763s][info][gc,stats    ]     Code Roots                     1689 us
[0.763s][info][gc,stats    ]   Rendezvous                        104 us
[0.763s][info][gc,stats    ]   Purge Unlinked                    174 us
[0.763s][info][gc,stats    ]     Code Roots                      148 us
[0.763s][info][gc,stats    ]     CLDG                             26 us
[0.763s][info][gc,stats    ]     Exception Caches                  0 us
[0.763s][info][gc,stats    ] Concurrent Strong Roots             582 us, parallelism: 0.82x
[0.763s][info][gc,stats    ]   CSR: <total>                      478 us
[0.763s][info][gc,stats    ]   CSR: VM Strong Roots               27 us, workers (us):  27, ---, ---, 
[0.763s][info][gc,stats    ]   CSR: CLDG Roots                   451 us, workers (us): 451, ---, ---, 
[0.763s][info][gc,stats    ] Concurrent Evacuation              2660 us
[0.763s][info][gc,stats    ] Pause Init Update Refs (G)          140 us
[0.763s][info][gc,stats    ] Pause Init Update Refs (N)           65 us
[0.763s][info][gc,stats    ]   Manage GCLABs                       3 us
[0.763s][info][gc,stats    ] Concurrent Update Refs             2224 us
[0.763s][info][gc,stats    ] Concurrent Update Thread Roots      456 us
[0.763s][info][gc,stats    ] Pause Final Update Refs (G)         212 us
[0.763s][info][gc,stats    ] Pause Final Update Refs (N)         142 us
[0.763s][info][gc,stats    ]   Update Region States               70 us
[0.763s][info][gc,stats    ]   Trash Collection Set                3 us
[0.763s][info][gc,stats    ]   Rebuild Free Set                   21 us
[0.763s][info][gc,stats    ] Concurrent Cleanup                   76 us
[0.763s][info][gc,stats    ] 
[0.763s][info][gc,stats    ] Allocation pacing accrued:
[0.763s][info][gc,stats    ]       0 of   750 ms (  0.0%): <total>
[0.763s][info][gc,stats    ]       0 of   750 ms (  0.0%): <average total>
[0.763s][info][gc,stats    ] 
[0.763s][info][gc,metaspace] Metaspace: 8536K(8768K)->8535K(8768K) NonClass: 7403K(7552K)->7402K(7552K) Class: 1133K(1216K)->1133K(1216K)
[0.763s][info][gc,ergo     ] Pacer for Idle. Initial: 83886K, Alloc Tax Rate: 1.0x
[1.618s][info][gc          ] Trigger: Learning 2 of 5. Free (2864M) is below initial threshold (2867M)
[1.618s][info][gc,ergo     ] Free: 2864M, Max: 2048K regular, 2864M humongous, Frag: 0% external, 0% internal; Reserve: 206M, Max: 2048K
[1.618s][info][gc,start    ] GC(1) Concurrent reset
[1.618s][info][gc,task     ] GC(1) Using 1 of 3 workers for concurrent reset
[1.618s][info][gc,ergo     ] GC(1) Pacer for Reset. Non-Taxable: 4096M
[1.619s][info][gc          ] GC(1) Concurrent reset 0.408ms
[1.619s][info][gc,start    ] GC(1) Pause Init Mark (unload classes)
[1.619s][info][gc,task     ] GC(1) Using 3 of 3 workers for init marking
[1.619s][info][gc,ergo     ] GC(1) Pacer for Mark. Expected Live: 3010K, Free: 2864M, Non-Taxable: 286M, Alloc Tax Rate: 0.0x
[1.619s][info][gc          ] GC(1) Pause Init Mark (unload classes) 0.177ms
[1.619s][info][gc,start    ] GC(1) Concurrent marking roots
[1.619s][info][gc,task     ] GC(1) Using 1 of 3 workers for concurrent marking roots
[1.620s][info][gc          ] GC(1) Concurrent marking roots 0.764ms
[1.620s][info][gc,start    ] GC(1) Concurrent marking (unload classes)
[1.620s][info][gc,task     ] GC(1) Using 1 of 3 workers for concurrent marking
[1.628s][info][gc          ] GC(1) Concurrent marking (unload classes) 8.218ms
[1.628s][info][gc,start    ] GC(1) Pause Final Mark (unload classes)
[1.628s][info][gc,task     ] GC(1) Using 3 of 3 workers for final marking
[1.628s][info][gc,ergo     ] GC(1) Collectable Garbage: 988M (96%), Immediate: 988M (96%), CSet: 0B (0%)
[1.628s][info][gc          ] GC(1) Pause Final Mark (unload classes) 0.334ms
[1.628s][info][gc,start    ] GC(1) Concurrent weak references
[1.628s][info][gc,task     ] GC(1) Using 1 of 3 workers for concurrent weak references
[1.629s][info][gc,ref      ] GC(1) Encountered references: Soft: 158, Weak: 703, Final: 0, Phantom: 44
[1.629s][info][gc,ref      ] GC(1) Discovered  references: Soft: 0, Weak: 180, Final: 0, Phantom: 29
[1.629s][info][gc,ref      ] GC(1) Enqueued    references: Soft: 0, Weak: 30, Final: 0, Phantom: 17
[1.629s][info][gc          ] GC(1) Concurrent weak references 0.126ms
[1.629s][info][gc,start    ] GC(1) Concurrent weak roots
[1.629s][info][gc,task     ] GC(1) Using 1 of 3 workers for concurrent weak root
[1.629s][info][gc          ] GC(1) Concurrent weak roots 0.625ms
[1.629s][info][gc,start    ] GC(1) Concurrent cleanup
[1.629s][info][gc          ] GC(1) Concurrent cleanup 1039M->51M(4096M) 0.043ms
[1.629s][info][gc,ergo     ] GC(1) Free: 3838M, Max: 2048K regular, 2850M humongous, Frag: 26% external, 0% internal; Reserve: 206M, Max: 2048K
[1.629s][info][gc,start    ] GC(1) Concurrent class unloading
[1.629s][info][gc,task     ] GC(1) Using 1 of 3 workers for concurrent class unloading
[1.631s][info][gc          ] GC(1) Concurrent class unloading 1.567ms
[1.631s][info][gc,start    ] GC(1) Pause Final Roots
[1.631s][info][gc          ] GC(1) Pause Final Roots 0.022ms
[1.631s][info][gc,ergo     ] Free: 3834M, Max: 2048K regular, 2850M humongous, Frag: 26% external, 0% internal; Reserve: 206M, Max: 2048K
[1.631s][info][gc,stats    ] 
[1.631s][info][gc,stats    ] All times are wall-clock times, except per-root-class counters, that are sum over
[1.631s][info][gc,stats    ] all workers. Dividing the <total> over the root stage time estimates parallelism.
[1.631s][info][gc,stats    ] 
[1.631s][info][gc,stats    ] Concurrent Reset                    440 us
[1.631s][info][gc,stats    ] Pause Init Mark (G)                 380 us
[1.631s][info][gc,stats    ] Pause Init Mark (N)                 195 us
[1.631s][info][gc,stats    ]   Update Region States               66 us
[1.631s][info][gc,stats    ] Concurrent Mark Roots               782 us, parallelism: 0.81x
[1.631s][info][gc,stats    ]   CMR: <total>                      630 us
[1.631s][info][gc,stats    ]   CMR: Thread Roots                 555 us, workers (us): 555, ---, ---, 
[1.631s][info][gc,stats    ]   CMR: VM Strong Roots                7 us, workers (us):   7, ---, ---, 
[1.631s][info][gc,stats    ]   CMR: CLDG Roots                    68 us, workers (us):  68, ---, ---, 
[1.631s][info][gc,stats    ] Concurrent Marking                 8282 us
[1.631s][info][gc,stats    ] Pause Final Mark (G)                477 us
[1.631s][info][gc,stats    ] Pause Final Mark (N)                353 us
[1.631s][info][gc,stats    ]   Finish Mark                       115 us
[1.631s][info][gc,stats    ]   Update Region States               65 us
[1.631s][info][gc,stats    ]   Choose Collection Set              63 us
[1.631s][info][gc,stats    ]   Rebuild Free Set                   16 us
[1.631s][info][gc,stats    ] Concurrent Weak References          134 us, parallelism: 0.07x
[1.631s][info][gc,stats    ]   CWRF: <total>                      10 us
[1.631s][info][gc,stats    ]   CWRF: Weak References              10 us, workers (us):  10, ---, ---, 
[1.631s][info][gc,stats    ] Concurrent Weak Roots               643 us
[1.631s][info][gc,stats    ]   Roots                             525 us, parallelism: 0.87x
[1.631s][info][gc,stats    ]     CWR: <total>                    455 us
[1.631s][info][gc,stats    ]     CWR: Code Cache Roots           339 us, workers (us): 339, ---, ---, 
[1.631s][info][gc,stats    ]     CWR: VM Weak Roots              110 us, workers (us): 110, ---, ---, 
[1.631s][info][gc,stats    ]     CWR: CLDG Roots                   6 us, workers (us):   6, ---, ---, 
[1.631s][info][gc,stats    ]   Rendezvous                         83 us
[1.631s][info][gc,stats    ] Concurrent Cleanup                   51 us
[1.631s][info][gc,stats    ] Concurrent Class Unloading         1594 us
[1.631s][info][gc,stats    ]   Unlink Stale                     1417 us
[1.631s][info][gc,stats    ]     System Dictionary                 3 us
[1.631s][info][gc,stats    ]     Weak Class Links                  0 us
[1.631s][info][gc,stats    ]     Code Roots                     1413 us
[1.631s][info][gc,stats    ]   Rendezvous                         58 us
[1.631s][info][gc,stats    ]   Purge Unlinked                     76 us
[1.631s][info][gc,stats    ]     Code Roots                       71 us
[1.631s][info][gc,stats    ]     CLDG                              4 us
[1.631s][info][gc,stats    ]     Exception Caches                  0 us
[1.631s][info][gc,stats    ] Pause Final Roots (G)               145 us
[1.631s][info][gc,stats    ] Pause Final Roots (N)                30 us
[1.631s][info][gc,stats    ] 
[1.631s][info][gc,stats    ] Allocation pacing accrued:
[1.631s][info][gc,stats    ]       0 of   868 ms (  0.0%): <total>
[1.631s][info][gc,stats    ]       0 of   868 ms (  0.0%): <average total>
[1.631s][info][gc,stats    ] 
[1.631s][info][gc,metaspace] Metaspace: 8731K(9024K)->8731K(9024K) NonClass: 7580K(7744K)->7580K(7744K) Class: 1150K(1280K)->1150K(1280K)
[1.631s][info][gc,ergo     ] Pacer for Idle. Initial: 83886K, Alloc Tax Rate: 1.0x
[2.090s][info][gc          ] Trigger: Learning 3 of 5. Free (2840M) is below initial threshold (2867M)
[2.090s][info][gc,ergo     ] Free: 2840M, Max: 2048K regular, 2840M humongous, Frag: 0% external, 0% internal; Reserve: 206M, Max: 2048K
[2.090s][info][gc,start    ] GC(2) Concurrent reset
[2.090s][info][gc,task     ] GC(2) Using 1 of 3 workers for concurrent reset
[2.090s][info][gc,ergo     ] GC(2) Pacer for Reset. Non-Taxable: 4096M
[2.091s][info][gc          ] GC(2) Concurrent reset 0.717ms
[2.091s][info][gc,start    ] GC(2) Pause Init Mark (unload classes)
[2.091s][info][gc,task     ] GC(2) Using 3 of 3 workers for init marking
[2.091s][info][gc,ergo     ] GC(2) Pacer for Mark. Expected Live: 4652K, Free: 2838M, Non-Taxable: 283M, Alloc Tax Rate: 0.0x
[2.091s][info][gc          ] GC(2) Pause Init Mark (unload classes) 0.176ms
[2.091s][info][gc,start    ] GC(2) Concurrent marking roots
[2.091s][info][gc,task     ] GC(2) Using 1 of 3 workers for concurrent marking roots
[2.091s][info][gc          ] GC(2) Concurrent marking roots 0.466ms
[2.091s][info][gc,start    ] GC(2) Concurrent marking (unload classes)
[2.091s][info][gc,task     ] GC(2) Using 1 of 3 workers for concurrent marking
[2.105s][info][gc          ] GC(2) Concurrent marking (unload classes) 13.169ms
[2.105s][info][gc,start    ] GC(2) Pause Final Mark (unload classes)
[2.105s][info][gc,task     ] GC(2) Using 3 of 3 workers for final marking
[2.105s][info][gc,ergo     ] GC(2) Collectable Garbage: 1007M (96%), Immediate: 1007M (96%), CSet: 0B (0%)
[2.105s][info][gc          ] GC(2) Pause Final Mark (unload classes) 0.357ms
[2.105s][info][gc,start    ] GC(2) Concurrent weak references
[2.105s][info][gc,task     ] GC(2) Using 1 of 3 workers for concurrent weak references
[2.105s][info][gc,ref      ] GC(2) Encountered references: Soft: 158, Weak: 673, Final: 0, Phantom: 27
[2.105s][info][gc,ref      ] GC(2) Discovered  references: Soft: 0, Weak: 150, Final: 0, Phantom: 12
[2.105s][info][gc,ref      ] GC(2) Enqueued    references: Soft: 0, Weak: 0, Final: 0, Phantom: 0
[2.105s][info][gc          ] GC(2) Concurrent weak references 0.147ms
[2.105s][info][gc,start    ] GC(2) Concurrent weak roots
[2.105s][info][gc,task     ] GC(2) Using 1 of 3 workers for concurrent weak root
[2.106s][info][gc          ] GC(2) Concurrent weak roots 0.508ms
[2.106s][info][gc,start    ] GC(2) Concurrent cleanup
[2.106s][info][gc          ] GC(2) Concurrent cleanup 1073M->65M(4096M) 0.045ms
[2.106s][info][gc,ergo     ] GC(2) Free: 3824M, Max: 2048K regular, 2816M humongous, Frag: 27% external, 0% internal; Reserve: 206M, Max: 2048K
[2.106s][info][gc,start    ] GC(2) Concurrent class unloading
[2.106s][info][gc,task     ] GC(2) Using 1 of 3 workers for concurrent class unloading
[2.108s][info][gc          ] GC(2) Concurrent class unloading 1.682ms
[2.108s][info][gc,start    ] GC(2) Pause Final Roots
[2.108s][info][gc          ] GC(2) Pause Final Roots 0.024ms
[2.108s][info][gc,ergo     ] Free: 3822M, Max: 2048K regular, 2816M humongous, Frag: 27% external, 0% internal; Reserve: 206M, Max: 2048K
[2.108s][info][gc,stats    ] 
[2.108s][info][gc,stats    ] All times are wall-clock times, except per-root-class counters, that are sum over
[2.108s][info][gc,stats    ] all workers. Dividing the <total> over the root stage time estimates parallelism.
[2.108s][info][gc,stats    ] 
[2.108s][info][gc,stats    ] Concurrent Reset                    751 us
[2.108s][info][gc,stats    ] Pause Init Mark (G)                 343 us
[2.108s][info][gc,stats    ] Pause Init Mark (N)                 193 us
[2.108s][info][gc,stats    ]   Update Region States               70 us
[2.108s][info][gc,stats    ] Concurrent Mark Roots               485 us, parallelism: 0.79x
[2.108s][info][gc,stats    ]   CMR: <total>                      380 us
[2.108s][info][gc,stats    ]   CMR: Thread Roots                 343 us, workers (us): 343, ---, ---, 
[2.108s][info][gc,stats    ]   CMR: VM Strong Roots                4 us, workers (us):   4, ---, ---, 
[2.108s][info][gc,stats    ]   CMR: CLDG Roots                    34 us, workers (us):  34, ---, ---, 
[2.108s][info][gc,stats    ] Concurrent Marking                13235 us
[2.108s][info][gc,stats    ] Pause Final Mark (G)                527 us
[2.108s][info][gc,stats    ] Pause Final Mark (N)                415 us
[2.108s][info][gc,stats    ]   Finish Mark                       134 us
[2.108s][info][gc,stats    ]   Update Region States               65 us
[2.108s][info][gc,stats    ]   Choose Collection Set              68 us
[2.108s][info][gc,stats    ]   Rebuild Free Set                   16 us
[2.108s][info][gc,stats    ] Concurrent Weak References          156 us, parallelism: 0.04x
[2.108s][info][gc,stats    ]   CWRF: <total>                       6 us
[2.108s][info][gc,stats    ]   CWRF: Weak References               6 us, workers (us):   6, ---, ---, 
[2.108s][info][gc,stats    ] Concurrent Weak Roots               526 us
[2.108s][info][gc,stats    ]   Roots                             404 us, parallelism: 0.87x
[2.108s][info][gc,stats    ]     CWR: <total>                    350 us
[2.108s][info][gc,stats    ]     CWR: Code Cache Roots           284 us, workers (us): 284, ---, ---, 
[2.108s][info][gc,stats    ]     CWR: VM Weak Roots               61 us, workers (us):  61, ---, ---, 
[2.108s][info][gc,stats    ]     CWR: CLDG Roots                   4 us, workers (us):   4, ---, ---, 
[2.108s][info][gc,stats    ]   Rendezvous                         86 us
[2.108s][info][gc,stats    ] Concurrent Cleanup                   54 us
[2.108s][info][gc,stats    ] Concurrent Class Unloading         1730 us
[2.108s][info][gc,stats    ]   Unlink Stale                     1376 us
[2.108s][info][gc,stats    ]     System Dictionary                 2 us
[2.108s][info][gc,stats    ]     Weak Class Links                  0 us
[2.108s][info][gc,stats    ]     Code Roots                     1373 us
[2.108s][info][gc,stats    ]   Rendezvous                        147 us
[2.108s][info][gc,stats    ]   Purge Unlinked                    140 us
[2.108s][info][gc,stats    ]     Code Roots                      131 us
[2.108s][info][gc,stats    ]     CLDG                              9 us
[2.108s][info][gc,stats    ]     Exception Caches                  0 us
[2.108s][info][gc,stats    ] Pause Final Roots (G)               128 us
[2.108s][info][gc,stats    ] Pause Final Roots (N)                33 us
[2.108s][info][gc,stats    ] 
[2.108s][info][gc,stats    ] Allocation pacing accrued:
[2.108s][info][gc,stats    ]       0 of   477 ms (  0.0%): <total>
[2.108s][info][gc,stats    ]       0 of   477 ms (  0.0%): <average total>
[2.108s][info][gc,stats    ] 
[2.108s][info][gc,metaspace] Metaspace: 8731K(9024K)->8731K(9024K) NonClass: 7580K(7744K)->7580K(7744K) Class: 1150K(1280K)->1150K(1280K)
[2.108s][info][gc,ergo     ] Pacer for Idle. Initial: 83886K, Alloc Tax Rate: 1.0x
[2.561s][info][gc          ] Trigger: Learning 4 of 5. Free (2836M) is below initial threshold (2867M)
[2.561s][info][gc,ergo     ] Free: 2836M, Max: 2048K regular, 2816M humongous, Frag: 1% external, 0% internal; Reserve: 206M, Max: 2048K
[2.561s][info][gc,start    ] GC(3) Concurrent reset
[2.561s][info][gc,task     ] GC(3) Using 1 of 3 workers for concurrent reset
[2.561s][info][gc,ergo     ] GC(3) Pacer for Reset. Non-Taxable: 4096M
[2.561s][info][gc          ] GC(3) Concurrent reset 0.695ms
[2.562s][info][gc,start    ] GC(3) Pause Init Mark (unload classes)
[2.562s][info][gc,task     ] GC(3) Using 3 of 3 workers for init marking
[2.562s][info][gc,ergo     ] GC(3) Pacer for Mark. Expected Live: 6320K, Free: 2834M, Non-Taxable: 283M, Alloc Tax Rate: 0.0x
[2.562s][info][gc          ] GC(3) Pause Init Mark (unload classes) 0.175ms
[2.562s][info][gc,start    ] GC(3) Concurrent marking roots
[2.562s][info][gc,task     ] GC(3) Using 1 of 3 workers for concurrent marking roots
[2.562s][info][gc          ] GC(3) Concurrent marking roots 0.469ms
[2.562s][info][gc,start    ] GC(3) Concurrent marking (unload classes)
[2.562s][info][gc,task     ] GC(3) Using 1 of 3 workers for concurrent marking
[2.580s][info][gc          ] GC(3) Concurrent marking (unload classes) 17.458ms
[2.580s][info][gc,start    ] GC(3) Pause Final Mark (unload classes)
[2.580s][info][gc,task     ] GC(3) Using 3 of 3 workers for final marking
[2.580s][info][gc,ergo     ] GC(3) Collectable Garbage: 1007M (96%), Immediate: 1007M (96%), CSet: 0B (0%)
[2.580s][info][gc          ] GC(3) Pause Final Mark (unload classes) 0.325ms
[2.580s][info][gc,start    ] GC(3) Concurrent weak references
[2.580s][info][gc,task     ] GC(3) Using 1 of 3 workers for concurrent weak references
[2.580s][info][gc,ref      ] GC(3) Encountered references: Soft: 158, Weak: 673, Final: 0, Phantom: 27
[2.580s][info][gc,ref      ] GC(3) Discovered  references: Soft: 0, Weak: 150, Final: 0, Phantom: 12
[2.580s][info][gc,ref      ] GC(3) Enqueued    references: Soft: 0, Weak: 0, Final: 0, Phantom: 0
[2.580s][info][gc          ] GC(3) Concurrent weak references 0.115ms
[2.580s][info][gc,start    ] GC(3) Concurrent weak roots
[2.580s][info][gc,task     ] GC(3) Using 1 of 3 workers for concurrent weak root
[2.581s][info][gc          ] GC(3) Concurrent weak roots 0.626ms
[2.581s][info][gc,start    ] GC(3) Concurrent cleanup
[2.581s][info][gc          ] GC(3) Concurrent cleanup 1089M->81M(4096M) 0.043ms
[2.581s][info][gc,ergo     ] GC(3) Free: 3808M, Max: 2048K regular, 2800M humongous, Frag: 27% external, 0% internal; Reserve: 206M, Max: 2048K
[2.581s][info][gc,start    ] GC(3) Concurrent class unloading
[2.581s][info][gc,task     ] GC(3) Using 1 of 3 workers for concurrent class unloading
[2.583s][info][gc          ] GC(3) Concurrent class unloading 1.705ms
[2.583s][info][gc,start    ] GC(3) Pause Final Roots
[2.583s][info][gc          ] GC(3) Pause Final Roots 0.021ms
[2.583s][info][gc,ergo     ] Free: 3804M, Max: 2048K regular, 2800M humongous, Frag: 27% external, 0% internal; Reserve: 206M, Max: 2048K
[2.583s][info][gc,stats    ] 
[2.583s][info][gc,stats    ] All times are wall-clock times, except per-root-class counters, that are sum over
[2.583s][info][gc,stats    ] all workers. Dividing the <total> over the root stage time estimates parallelism.
[2.583s][info][gc,stats    ] 
[2.583s][info][gc,stats    ] Concurrent Reset                    730 us
[2.583s][info][gc,stats    ] Pause Init Mark (G)                 319 us
[2.583s][info][gc,stats    ] Pause Init Mark (N)                 193 us
[2.583s][info][gc,stats    ]   Update Region States               73 us
[2.583s][info][gc,stats    ] Concurrent Mark Roots               487 us, parallelism: 0.79x
[2.583s][info][gc,stats    ]   CMR: <total>                      383 us
[2.583s][info][gc,stats    ]   CMR: Thread Roots                 344 us, workers (us): 344, ---, ---, 
[2.583s][info][gc,stats    ]   CMR: VM Strong Roots                4 us, workers (us):   4, ---, ---, 
[2.583s][info][gc,stats    ]   CMR: CLDG Roots                    35 us, workers (us):  35, ---, ---, 
[2.583s][info][gc,stats    ] Concurrent Marking                17521 us
[2.583s][info][gc,stats    ] Pause Final Mark (G)                479 us
[2.583s][info][gc,stats    ] Pause Final Mark (N)                344 us
[2.583s][info][gc,stats    ]   Finish Mark                       105 us
[2.583s][info][gc,stats    ]   Update Region States               66 us
[2.583s][info][gc,stats    ]   Choose Collection Set              65 us
[2.583s][info][gc,stats    ]   Rebuild Free Set                   17 us
[2.583s][info][gc,stats    ] Concurrent Weak References          123 us, parallelism: 0.04x
[2.583s][info][gc,stats    ]   CWRF: <total>                       5 us
[2.583s][info][gc,stats    ]   CWRF: Weak References               5 us, workers (us):   5, ---, ---, 
[2.583s][info][gc,stats    ] Concurrent Weak Roots               644 us
[2.583s][info][gc,stats    ]   Roots                             527 us, parallelism: 0.86x
[2.583s][info][gc,stats    ]     CWR: <total>                    456 us
[2.583s][info][gc,stats    ]     CWR: Code Cache Roots           339 us, workers (us): 339, ---, ---, 
[2.583s][info][gc,stats    ]     CWR: VM Weak Roots              112 us, workers (us): 112, ---, ---, 
[2.583s][info][gc,stats    ]     CWR: CLDG Roots                   6 us, workers (us):   6, ---, ---, 
[2.583s][info][gc,stats    ]   Rendezvous                         83 us
[2.583s][info][gc,stats    ] Concurrent Cleanup                   51 us
[2.583s][info][gc,stats    ] Concurrent Class Unloading         1736 us
[2.583s][info][gc,stats    ]   Unlink Stale                     1518 us
[2.583s][info][gc,stats    ]     System Dictionary                 2 us
[2.583s][info][gc,stats    ]     Weak Class Links                  0 us
[2.583s][info][gc,stats    ]     Code Roots                     1515 us
[2.583s][info][gc,stats    ]   Rendezvous                         56 us
[2.583s][info][gc,stats    ]   Purge Unlinked                    109 us
[2.583s][info][gc,stats    ]     Code Roots                      103 us
[2.583s][info][gc,stats    ]     CLDG                              5 us
[2.583s][info][gc,stats    ]     Exception Caches                  0 us
[2.583s][info][gc,stats    ] Pause Final Roots (G)               104 us
[2.583s][info][gc,stats    ] Pause Final Roots (N)                28 us
[2.583s][info][gc,stats    ] 
[2.583s][info][gc,stats    ] Allocation pacing accrued:
[2.583s][info][gc,stats    ]       0 of   475 ms (  0.0%): <total>
[2.583s][info][gc,stats    ]       0 of   475 ms (  0.0%): <average total>
[2.583s][info][gc,stats    ] 
[2.583s][info][gc,metaspace] Metaspace: 8731K(9024K)->8731K(9024K) NonClass: 7580K(7744K)->7580K(7744K) Class: 1150K(1280K)->1150K(1280K)
[2.583s][info][gc,ergo     ] Pacer for Idle. Initial: 83886K, Alloc Tax Rate: 1.0x
[3.031s][info][gc          ] Trigger: Learning 5 of 5. Free (2866M) is below initial threshold (2867M)
[3.031s][info][gc,ergo     ] Free: 2866M, Max: 2048K regular, 2800M humongous, Frag: 3% external, 0% internal; Reserve: 206M, Max: 2048K
[3.031s][info][gc,start    ] GC(4) Concurrent reset
[3.031s][info][gc,task     ] GC(4) Using 1 of 3 workers for concurrent reset
[3.031s][info][gc,ergo     ] GC(4) Pacer for Reset. Non-Taxable: 4096M
[3.032s][info][gc          ] GC(4) Concurrent reset 0.723ms
[3.032s][info][gc,start    ] GC(4) Pause Init Mark (unload classes)
[3.032s][info][gc,task     ] GC(4) Using 3 of 3 workers for init marking
[3.032s][info][gc,ergo     ] GC(4) Pacer for Mark. Expected Live: 7957K, Free: 2866M, Non-Taxable: 286M, Alloc Tax Rate: 0.0x
[3.032s][info][gc          ] GC(4) Pause Init Mark (unload classes) 0.168ms
[3.032s][info][gc,start    ] GC(4) Concurrent marking roots
[3.032s][info][gc,task     ] GC(4) Using 1 of 3 workers for concurrent marking roots
[3.033s][info][gc          ] GC(4) Concurrent marking roots 0.515ms
[3.033s][info][gc,start    ] GC(4) Concurrent marking (unload classes)
[3.033s][info][gc,task     ] GC(4) Using 1 of 3 workers for concurrent marking
[3.061s][info][gc          ] GC(4) Concurrent marking (unload classes) 28.067ms
[3.061s][info][gc,start    ] GC(4) Pause Final Mark (unload classes)
[3.061s][info][gc,task     ] GC(4) Using 3 of 3 workers for final marking
[3.062s][info][gc,ergo     ] GC(4) Collectable Garbage: 979M (97%), Immediate: 979M (97%), CSet: 0B (0%)
[3.062s][info][gc          ] GC(4) Pause Final Mark (unload classes) 0.342ms
[3.062s][info][gc,start    ] GC(4) Concurrent weak references
[3.062s][info][gc,task     ] GC(4) Using 1 of 3 workers for concurrent weak references
[3.062s][info][gc,ref      ] GC(4) Encountered references: Soft: 158, Weak: 673, Final: 0, Phantom: 27
[3.062s][info][gc,ref      ] GC(4) Discovered  references: Soft: 0, Weak: 154, Final: 0, Phantom: 25
[3.062s][info][gc,ref      ] GC(4) Enqueued    references: Soft: 0, Weak: 0, Final: 0, Phantom: 0
[3.062s][info][gc          ] GC(4) Concurrent weak references 0.224ms
[3.062s][info][gc,start    ] GC(4) Concurrent weak roots
[3.062s][info][gc,task     ] GC(4) Using 1 of 3 workers for concurrent weak root
[3.063s][info][gc          ] GC(4) Concurrent weak roots 0.606ms
[3.063s][info][gc,start    ] GC(4) Concurrent cleanup
[3.063s][info][gc          ] GC(4) Concurrent cleanup 1051M->73M(4096M) 0.043ms
[3.063s][info][gc,ergo     ] GC(4) Free: 3816M, Max: 2048K regular, 2878M humongous, Frag: 25% external, 0% internal; Reserve: 206M, Max: 2048K
[3.063s][info][gc,start    ] GC(4) Concurrent class unloading
[3.063s][info][gc,task     ] GC(4) Using 1 of 3 workers for concurrent class unloading
[3.064s][info][gc          ] GC(4) Concurrent class unloading 1.828ms
[3.065s][info][gc,start    ] GC(4) Pause Final Roots
[3.065s][info][gc          ] GC(4) Pause Final Roots 0.026ms
[3.065s][info][gc,ergo     ] Free: 3812M, Max: 2048K regular, 2878M humongous, Frag: 25% external, 0% internal; Reserve: 206M, Max: 2048K
[3.065s][info][gc,stats    ] 
[3.065s][info][gc,stats    ] All times are wall-clock times, except per-root-class counters, that are sum over
[3.065s][info][gc,stats    ] all workers. Dividing the <total> over the root stage time estimates parallelism.
[3.065s][info][gc,stats    ] 
[3.065s][info][gc,stats    ] Concurrent Reset                    786 us
[3.065s][info][gc,stats    ] Pause Init Mark (G)                 338 us
[3.065s][info][gc,stats    ] Pause Init Mark (N)                 177 us
[3.065s][info][gc,stats    ]   Update Region States               66 us
[3.065s][info][gc,stats    ] Concurrent Mark Roots               553 us, parallelism: 0.75x
[3.065s][info][gc,stats    ]   CMR: <total>                      413 us
[3.065s][info][gc,stats    ]   CMR: Thread Roots                 375 us, workers (us): 375, ---, ---, 
[3.065s][info][gc,stats    ]   CMR: VM Strong Roots                4 us, workers (us):   4, ---, ---, 
[3.065s][info][gc,stats    ]   CMR: CLDG Roots                    34 us, workers (us):  34, ---, ---, 
[3.065s][info][gc,stats    ] Concurrent Marking                28144 us
[3.065s][info][gc,stats    ] Pause Final Mark (G)                504 us
[3.065s][info][gc,stats    ] Pause Final Mark (N)                362 us
[3.065s][info][gc,stats    ]   Finish Mark                       115 us
[3.065s][info][gc,stats    ]   Update Region States               64 us
[3.065s][info][gc,stats    ]   Choose Collection Set              62 us
[3.065s][info][gc,stats    ]   Rebuild Free Set                   17 us
[3.065s][info][gc,stats    ] Concurrent Weak References          240 us, parallelism: 0.04x
[3.065s][info][gc,stats    ]   CWRF: <total>                       9 us
[3.065s][info][gc,stats    ]   CWRF: Weak References               9 us, workers (us):   9, ---, ---, 
[3.065s][info][gc,stats    ] Concurrent Weak Roots               626 us
[3.065s][info][gc,stats    ]   Roots                             483 us, parallelism: 0.85x
[3.065s][info][gc,stats    ]     CWR: <total>                    410 us
[3.065s][info][gc,stats    ]     CWR: Code Cache Roots           345 us, workers (us): 345, ---, ---, 
[3.065s][info][gc,stats    ]     CWR: VM Weak Roots               60 us, workers (us):  60, ---, ---, 
[3.065s][info][gc,stats    ]     CWR: CLDG Roots                   5 us, workers (us):   5, ---, ---, 
[3.065s][info][gc,stats    ]   Rendezvous                         91 us
[3.065s][info][gc,stats    ] Concurrent Cleanup                   51 us
[3.065s][info][gc,stats    ] Concurrent Class Unloading         1874 us
[3.065s][info][gc,stats    ]   Unlink Stale                     1656 us
[3.065s][info][gc,stats    ]     System Dictionary                 2 us
[3.065s][info][gc,stats    ]     Weak Class Links                  0 us
[3.065s][info][gc,stats    ]     Code Roots                     1652 us
[3.065s][info][gc,stats    ]   Rendezvous                         53 us
[3.065s][info][gc,stats    ]   Purge Unlinked                    101 us
[3.065s][info][gc,stats    ]     Code Roots                       92 us
[3.065s][info][gc,stats    ]     CLDG                              9 us
[3.065s][info][gc,stats    ]     Exception Caches                  0 us
[3.065s][info][gc,stats    ] Pause Final Roots (G)               134 us
[3.065s][info][gc,stats    ] Pause Final Roots (N)                34 us
[3.065s][info][gc,stats    ] 
[3.065s][info][gc,stats    ] Allocation pacing accrued:
[3.065s][info][gc,stats    ]       0 of   482 ms (  0.0%): <total>
[3.065s][info][gc,stats    ]       0 of   482 ms (  0.0%): <average total>
[3.065s][info][gc,stats    ] 
[3.065s][info][gc,metaspace] Metaspace: 8734K(9024K)->8734K(9024K) NonClass: 7584K(7744K)->7584K(7744K) Class: 1150K(1280K)->1150K(1280K)
[3.065s][info][gc,ergo     ] Pacer for Idle. Initial: 83886K, Alloc Tax Rate: 1.0x
[5.134s][info][gc          ] Trigger: Explicit GC request (System.gc())
[5.134s][info][gc,ergo     ] Free: 1056M, Max: 2048K regular, 1056M humongous, Frag: 0% external, 0% internal; Reserve: 206M, Max: 2048K
[5.134s][info][gc,start    ] GC(5) Concurrent reset
[5.134s][info][gc,task     ] GC(5) Using 1 of 3 workers for concurrent reset
[5.134s][info][gc,ergo     ] GC(5) Pacer for Reset. Non-Taxable: 4096M
[5.135s][info][gc          ] GC(5) Concurrent reset 0.534ms
[5.135s][info][gc,start    ] GC(5) Pause Init Mark (unload classes)
[5.135s][info][gc,task     ] GC(5) Using 3 of 3 workers for init marking
[5.135s][info][gc,ref      ] GC(5) Clearing All SoftReferences
[5.135s][info][gc,ergo     ] GC(5) Pacer for Mark. Expected Live: 10428K, Free: 1056M, Non-Taxable: 105M, Alloc Tax Rate: 0.0x
[5.135s][info][gc          ] GC(5) Pause Init Mark (unload classes) 0.216ms
[5.135s][info][gc,start    ] GC(5) Concurrent marking roots
[5.135s][info][gc,task     ] GC(5) Using 1 of 3 workers for concurrent marking roots
[5.136s][info][gc          ] GC(5) Concurrent marking roots 0.841ms
[5.136s][info][gc,start    ] GC(5) Concurrent marking (unload classes)
[5.136s][info][gc,task     ] GC(5) Using 1 of 3 workers for concurrent marking
[5.140s][info][gc          ] GC(5) Concurrent marking (unload classes) 4.037ms
[5.140s][info][gc,start    ] GC(5) Pause Final Mark (unload classes)
[5.140s][info][gc,task     ] GC(5) Using 3 of 3 workers for final marking
[5.141s][info][gc,ergo     ] GC(5) Collectable Garbage: 2807M (99%), Immediate: 2807M (99%), CSet: 0B (0%)
[5.141s][info][gc          ] GC(5) Pause Final Mark (unload classes) 0.284ms
[5.141s][info][gc,start    ] GC(5) Concurrent weak references
[5.141s][info][gc,task     ] GC(5) Using 1 of 3 workers for concurrent weak references
[5.141s][info][gc,ref      ] GC(5) Encountered references: Soft: 162, Weak: 716, Final: 0, Phantom: 37
[5.141s][info][gc,ref      ] GC(5) Discovered  references: Soft: 106, Weak: 182, Final: 0, Phantom: 35
[5.141s][info][gc,ref      ] GC(5) Enqueued    references: Soft: 21, Weak: 14, Final: 0, Phantom: 10
[5.141s][info][gc          ] GC(5) Concurrent weak references 0.174ms
[5.141s][info][gc,start    ] GC(5) Concurrent weak roots
[5.141s][info][gc,task     ] GC(5) Using 1 of 3 workers for concurrent weak root
[5.141s][info][gc          ] GC(5) Concurrent weak roots 0.475ms
[5.141s][info][gc,start    ] GC(5) Concurrent cleanup
[5.141s][info][gc          ] GC(5) Concurrent cleanup 2833M->25M(4096M) 0.090ms
[5.141s][info][gc,ergo     ] GC(5) Free: 3864M, Max: 2048K regular, 2720M humongous, Frag: 30% external, 0% internal; Reserve: 206M, Max: 2048K
[5.141s][info][gc,start    ] GC(5) Concurrent class unloading
[5.141s][info][gc,task     ] GC(5) Using 1 of 3 workers for concurrent class unloading
[5.145s][info][gc          ] GC(5) Concurrent class unloading 3.552ms
[5.145s][info][gc,start    ] GC(5) Pause Final Roots
[5.145s][info][gc          ] GC(5) Pause Final Roots 0.014ms
[5.145s][info][gc,ergo     ] Free: 3864M, Max: 2048K regular, 2720M humongous, Frag: 30% external, 0% internal; Reserve: 206M, Max: 2048K
[5.145s][info][gc,stats    ] 
[5.145s][info][gc,stats    ] All times are wall-clock times, except per-root-class counters, that are sum over
[5.145s][info][gc,stats    ] all workers. Dividing the <total> over the root stage time estimates parallelism.
[5.145s][info][gc,stats    ] 
[5.145s][info][gc,stats    ] Concurrent Reset                    590 us
[5.145s][info][gc,stats    ] Pause Init Mark (G)                 396 us
[5.145s][info][gc,stats    ] Pause Init Mark (N)                 233 us
[5.145s][info][gc,stats    ]   Update Region States               79 us
[5.145s][info][gc,stats    ] Concurrent Mark Roots               869 us, parallelism: 0.83x
[5.145s][info][gc,stats    ]   CMR: <total>                      719 us
[5.145s][info][gc,stats    ]   CMR: Thread Roots                 634 us, workers (us): 634, ---, ---, 
[5.145s][info][gc,stats    ]   CMR: VM Strong Roots               20 us, workers (us):  20, ---, ---, 
[5.145s][info][gc,stats    ]   CMR: CLDG Roots                    65 us, workers (us):  65, ---, ---, 
[5.145s][info][gc,stats    ] Concurrent Marking                 4103 us
[5.145s][info][gc,stats    ] Pause Final Mark (G)                360 us
[5.145s][info][gc,stats    ] Pause Final Mark (N)                295 us
[5.145s][info][gc,stats    ]   Finish Mark                        81 us
[5.145s][info][gc,stats    ]   Update Region States               56 us
[5.145s][info][gc,stats    ]   Choose Collection Set              74 us
[5.146s][info][gc,stats    ]   Rebuild Free Set                   17 us
[5.146s][info][gc,stats    ] Concurrent Weak References          190 us, parallelism: 0.06x
[5.146s][info][gc,stats    ]   CWRF: <total>                      11 us
[5.146s][info][gc,stats    ]   CWRF: Weak References              11 us, workers (us):  11, ---, ---, 
[5.146s][info][gc,stats    ] Concurrent Weak Roots               495 us
[5.146s][info][gc,stats    ]   Roots                             414 us, parallelism: 0.83x
[5.146s][info][gc,stats    ]     CWR: <total>                    343 us
[5.146s][info][gc,stats    ]     CWR: Code Cache Roots           278 us, workers (us): 278, ---, ---, 
[5.146s][info][gc,stats    ]     CWR: VM Weak Roots               61 us, workers (us):  61, ---, ---, 
[5.146s][info][gc,stats    ]     CWR: CLDG Roots                   4 us, workers (us):   4, ---, ---, 
[5.146s][info][gc,stats    ]   Rendezvous                         30 us
[5.146s][info][gc,stats    ] Concurrent Cleanup                   98 us
[5.146s][info][gc,stats    ] Concurrent Class Unloading         3615 us
[5.146s][info][gc,stats    ]   Unlink Stale                     3354 us
[5.146s][info][gc,stats    ]     System Dictionary                65 us
[5.146s][info][gc,stats    ]     Weak Class Links               1211 us
[5.146s][info][gc,stats    ]     Code Roots                     2075 us
[5.146s][info][gc,stats    ]   Rendezvous                         41 us
[5.146s][info][gc,stats    ]   Purge Unlinked                    138 us
[5.146s][info][gc,stats    ]     Code Roots                      105 us
[5.146s][info][gc,stats    ]     CLDG                             32 us
[5.146s][info][gc,stats    ]     Exception Caches                  0 us
[5.146s][info][gc,stats    ] Pause Final Roots (G)                87 us
[5.146s][info][gc,stats    ] Pause Final Roots (N)                21 us
[5.146s][info][gc,stats    ] 
[5.146s][info][gc,stats    ] Allocation pacing accrued:
[5.146s][info][gc,stats    ]       0 of  2081 ms (  0.0%): <total>
[5.146s][info][gc,stats    ]       0 of  2081 ms (  0.0%): <average total>
[5.146s][info][gc,stats    ] 
[5.146s][info][gc,metaspace] Metaspace: 8906K(9152K)->8894K(9152K) NonClass: 7730K(7872K)->7721K(7872K) Class: 1175K(1280K)->1172K(1280K)
[5.146s][info][gc,ergo     ] Pacer for Idle. Initial: 83886K, Alloc Tax Rate: 1.0x
[5.590s][info][gc          ] Trigger: Learning 2 of 5. Free (2864M) is below initial threshold (2867M)
[5.590s][info][gc,ergo     ] Free: 2864M, Max: 2048K regular, 1770M humongous, Frag: 39% external, 0% internal; Reserve: 206M, Max: 2048K
[5.591s][info][gc,start    ] GC(6) Concurrent reset
[5.591s][info][gc,task     ] GC(6) Using 1 of 3 workers for concurrent reset
[5.591s][info][gc,ergo     ] GC(6) Pacer for Reset. Non-Taxable: 4096M
[5.591s][info][gc          ] GC(6) Concurrent reset 0.544ms
[5.591s][info][gc,start    ] GC(6) Pause Init Mark (unload classes)
[5.591s][info][gc,task     ] GC(6) Using 3 of 3 workers for init marking
[5.591s][info][gc,ergo     ] GC(6) Pacer for Mark. Expected Live: 10445K, Free: 2862M, Non-Taxable: 286M, Alloc Tax Rate: 0.0x
[5.591s][info][gc          ] GC(6) Pause Init Mark (unload classes) 0.173ms
[5.591s][info][gc,start    ] GC(6) Concurrent marking roots
[5.592s][info][gc,task     ] GC(6) Using 1 of 3 workers for concurrent marking roots
[5.592s][info][gc          ] GC(6) Concurrent marking roots 0.420ms
[5.592s][info][gc,start    ] GC(6) Concurrent marking (unload classes)
[5.592s][info][gc,task     ] GC(6) Using 1 of 3 workers for concurrent marking
[5.601s][info][gc          ] GC(6) Concurrent marking (unload classes) 8.746ms
[5.601s][info][gc,start    ] GC(6) Pause Final Mark (unload classes)
[5.601s][info][gc,task     ] GC(6) Using 3 of 3 workers for final marking
[5.601s][info][gc,ergo     ] GC(6) Collectable Garbage: 976M (95%), Immediate: 976M (95%), CSet: 0B (0%)
[5.601s][info][gc          ] GC(6) Pause Final Mark (unload classes) 0.332ms
[5.601s][info][gc,start    ] GC(6) Concurrent weak references
[5.601s][info][gc,task     ] GC(6) Using 1 of 3 workers for concurrent weak references
[5.601s][info][gc,ref      ] GC(6) Encountered references: Soft: 144, Weak: 702, Final: 0, Phantom: 27
[5.601s][info][gc,ref      ] GC(6) Discovered  references: Soft: 0, Weak: 150, Final: 0, Phantom: 25
[5.601s][info][gc,ref      ] GC(6) Enqueued    references: Soft: 0, Weak: 0, Final: 0, Phantom: 0
[5.601s][info][gc          ] GC(6) Concurrent weak references 0.113ms
[5.601s][info][gc,start    ] GC(6) Concurrent weak roots
[5.601s][info][gc,task     ] GC(6) Using 1 of 3 workers for concurrent weak root
[5.602s][info][gc          ] GC(6) Concurrent weak roots 0.558ms
[5.602s][info][gc,start    ] GC(6) Concurrent cleanup
[5.602s][info][gc          ] GC(6) Concurrent cleanup 1049M->73M(4096M) 0.044ms
[5.602s][info][gc,ergo     ] GC(6) Free: 3816M, Max: 2048K regular, 1746M humongous, Frag: 55% external, 0% internal; Reserve: 206M, Max: 2048K
[5.602s][info][gc,start    ] GC(6) Concurrent class unloading
[5.602s][info][gc,task     ] GC(6) Using 1 of 3 workers for concurrent class unloading
[5.604s][info][gc          ] GC(6) Concurrent class unloading 2.085ms
[5.604s][info][gc,start    ] GC(6) Pause Final Roots
[5.604s][info][gc          ] GC(6) Pause Final Roots 0.040ms
[5.604s][info][gc,ergo     ] Free: 3812M, Max: 2048K regular, 1746M humongous, Frag: 55% external, 0% internal; Reserve: 206M, Max: 2048K
[5.604s][info][gc,stats    ] 
[5.604s][info][gc,stats    ] All times are wall-clock times, except per-root-class counters, that are sum over
[5.604s][info][gc,stats    ] all workers. Dividing the <total> over the root stage time estimates parallelism.
[5.604s][info][gc,stats    ] 
[5.604s][info][gc,stats    ] Concurrent Reset                    595 us
[5.604s][info][gc,stats    ] Pause Init Mark (G)                 353 us
[5.605s][info][gc,stats    ] Pause Init Mark (N)                 190 us
[5.605s][info][gc,stats    ]   Update Region States               70 us
[5.605s][info][gc,stats    ] Concurrent Mark Roots               438 us, parallelism: 0.77x
[5.605s][info][gc,stats    ]   CMR: <total>                      336 us
[5.605s][info][gc,stats    ]   CMR: Thread Roots                 297 us, workers (us): 297, ---, ---, 
[5.605s][info][gc,stats    ]   CMR: VM Strong Roots                4 us, workers (us):   4, ---, ---, 
[5.605s][info][gc,stats    ]   CMR: CLDG Roots                    35 us, workers (us):  35, ---, ---, 
[5.605s][info][gc,stats    ] Concurrent Marking                 8806 us
[5.605s][info][gc,stats    ] Pause Final Mark (G)                466 us
[5.605s][info][gc,stats    ] Pause Final Mark (N)                351 us
[5.605s][info][gc,stats    ]   Finish Mark                       104 us
[5.605s][info][gc,stats    ]   Update Region States               90 us
[5.605s][info][gc,stats    ]   Choose Collection Set              59 us
[5.605s][info][gc,stats    ]   Rebuild Free Set                   17 us
[5.605s][info][gc,stats    ] Concurrent Weak References          125 us, parallelism: 0.04x
[5.605s][info][gc,stats    ]   CWRF: <total>                       5 us
[5.605s][info][gc,stats    ]   CWRF: Weak References               5 us, workers (us):   5, ---, ---, 
[5.605s][info][gc,stats    ] Concurrent Weak Roots               577 us
[5.605s][info][gc,stats    ]   Roots                             454 us, parallelism: 0.88x
[5.605s][info][gc,stats    ]     CWR: <total>                    401 us
[5.605s][info][gc,stats    ]     CWR: Code Cache Roots           334 us, workers (us): 334, ---, ---, 
[5.605s][info][gc,stats    ]     CWR: VM Weak Roots               62 us, workers (us):  62, ---, ---, 
[5.605s][info][gc,stats    ]     CWR: CLDG Roots                   5 us, workers (us):   5, ---, ---, 
[5.605s][info][gc,stats    ]   Rendezvous                         84 us
[5.605s][info][gc,stats    ] Concurrent Cleanup                   53 us
[5.605s][info][gc,stats    ] Concurrent Class Unloading         2129 us
[5.605s][info][gc,stats    ]   Unlink Stale                     1918 us
[5.605s][info][gc,stats    ]     System Dictionary                 3 us
[5.605s][info][gc,stats    ]     Weak Class Links                  0 us
[5.605s][info][gc,stats    ]     Code Roots                     1914 us
[5.605s][info][gc,stats    ]   Rendezvous                         63 us
[5.605s][info][gc,stats    ]   Purge Unlinked                     87 us
[5.605s][info][gc,stats    ]     Code Roots                       82 us
[5.605s][info][gc,stats    ]     CLDG                              5 us
[5.605s][info][gc,stats    ]     Exception Caches                  0 us
[5.605s][info][gc,stats    ] Pause Final Roots (G)               191 us
[5.605s][info][gc,stats    ] Pause Final Roots (N)                57 us
[5.605s][info][gc,stats    ] 
[5.605s][info][gc,stats    ] Allocation pacing accrued:
[5.605s][info][gc,stats    ]       0 of   459 ms (  0.0%): <total>
[5.605s][info][gc,stats    ]       0 of   459 ms (  0.0%): <average total>
[5.605s][info][gc,stats    ] 
[5.605s][info][gc,metaspace] Metaspace: 8894K(9152K)->8894K(9152K) NonClass: 7721K(7872K)->7721K(7872K) Class: 1172K(1280K)->1172K(1280K)
[5.605s][info][gc,ergo     ] Pacer for Idle. Initial: 83886K, Alloc Tax Rate: 1.0x
[6.045s][info][gc          ] Trigger: Learning 3 of 5. Free (2834M) is below initial threshold (2867M)
[6.045s][info][gc,ergo     ] Free: 2834M, Max: 2048K regular, 1740M humongous, Frag: 39% external, 0% internal; Reserve: 206M, Max: 2048K
[6.045s][info][gc,start    ] GC(7) Concurrent reset
[6.045s][info][gc,task     ] GC(7) Using 1 of 3 workers for concurrent reset
[6.045s][info][gc,ergo     ] GC(7) Pacer for Reset. Non-Taxable: 4096M
[6.046s][info][gc          ] GC(7) Concurrent reset 0.645ms
[6.046s][info][gc,start    ] GC(7) Pause Init Mark (unload classes)
[6.046s][info][gc,task     ] GC(7) Using 3 of 3 workers for init marking
[6.046s][info][gc,ergo     ] GC(7) Pacer for Mark. Expected Live: 10436K, Free: 2832M, Non-Taxable: 283M, Alloc Tax Rate: 0.0x
[6.046s][info][gc          ] GC(7) Pause Init Mark (unload classes) 0.181ms
[6.046s][info][gc,start    ] GC(7) Concurrent marking roots
[6.046s][info][gc,task     ] GC(7) Using 1 of 3 workers for concurrent marking roots
[6.047s][info][gc          ] GC(7) Concurrent marking roots 0.430ms
[6.047s][info][gc,start    ] GC(7) Concurrent marking (unload classes)
[6.047s][info][gc,task     ] GC(7) Using 1 of 3 workers for concurrent marking
[6.060s][info][gc          ] GC(7) Concurrent marking (unload classes) 13.235ms
[6.060s][info][gc,start    ] GC(7) Pause Final Mark (unload classes)
[6.060s][info][gc,task     ] GC(7) Using 3 of 3 workers for final marking
[6.061s][info][gc,ergo     ] GC(7) Collectable Garbage: 1000M (95%), Immediate: 1000M (95%), CSet: 0B (0%)
[6.061s][info][gc          ] GC(7) Pause Final Mark (unload classes) 0.317ms
[6.061s][info][gc,start    ] GC(7) Concurrent weak references
[6.061s][info][gc,task     ] GC(7) Using 1 of 3 workers for concurrent weak references
[6.061s][info][gc,ref      ] GC(7) Encountered references: Soft: 144, Weak: 702, Final: 0, Phantom: 27
[6.061s][info][gc,ref      ] GC(7) Discovered  references: Soft: 0, Weak: 150, Final: 0, Phantom: 12
[6.061s][info][gc,ref      ] GC(7) Enqueued    references: Soft: 0, Weak: 0, Final: 0, Phantom: 0
[6.061s][info][gc          ] GC(7) Concurrent weak references 0.168ms
[6.061s][info][gc,start    ] GC(7) Concurrent weak roots
[6.061s][info][gc,task     ] GC(7) Using 1 of 3 workers for concurrent weak root
[6.061s][info][gc          ] GC(7) Concurrent weak roots 0.618ms
[6.061s][info][gc,start    ] GC(7) Concurrent cleanup
[6.062s][info][gc          ] GC(7) Concurrent cleanup 1089M->89M(4096M) 0.046ms
[6.062s][info][gc,ergo     ] GC(7) Free: 3800M, Max: 2048K regular, 1706M humongous, Frag: 56% external, 0% internal; Reserve: 206M, Max: 2048K
[6.062s][info][gc,start    ] GC(7) Concurrent class unloading
[6.062s][info][gc,task     ] GC(7) Using 1 of 3 workers for concurrent class unloading
[6.063s][info][gc          ] GC(7) Concurrent class unloading 1.706ms
[6.063s][info][gc,start    ] GC(7) Pause Final Roots
[6.063s][info][gc          ] GC(7) Pause Final Roots 0.024ms
[6.063s][info][gc,ergo     ] Free: 3796M, Max: 2048K regular, 1706M humongous, Frag: 56% external, 0% internal; Reserve: 206M, Max: 2048K
[6.064s][info][gc,stats    ] 
[6.064s][info][gc,stats    ] All times are wall-clock times, except per-root-class counters, that are sum over
[6.064s][info][gc,stats    ] all workers. Dividing the <total> over the root stage time estimates parallelism.
[6.064s][info][gc,stats    ] 
[6.064s][info][gc,stats    ] Concurrent Reset                    679 us
[6.064s][info][gc,stats    ] Pause Init Mark (G)                 335 us
[6.064s][info][gc,stats    ] Pause Init Mark (N)                 198 us
[6.064s][info][gc,stats    ]   Update Region States               77 us
[6.064s][info][gc,stats    ] Concurrent Mark Roots               448 us, parallelism: 0.77x
[6.064s][info][gc,stats    ]   CMR: <total>                      345 us
[6.064s][info][gc,stats    ]   CMR: Thread Roots                 306 us, workers (us): 306, ---, ---, 
[6.064s][info][gc,stats    ]   CMR: VM Strong Roots                5 us, workers (us):   5, ---, ---, 
[6.064s][info][gc,stats    ]   CMR: CLDG Roots                    34 us, workers (us):  34, ---, ---, 
[6.064s][info][gc,stats    ] Concurrent Marking                13295 us
[6.064s][info][gc,stats    ] Pause Final Mark (G)                469 us
[6.064s][info][gc,stats    ] Pause Final Mark (N)                336 us
[6.064s][info][gc,stats    ]   Finish Mark                       110 us
[6.064s][info][gc,stats    ]   Update Region States               64 us
[6.064s][info][gc,stats    ]   Choose Collection Set              62 us
[6.064s][info][gc,stats    ]   Rebuild Free Set                   16 us
[6.064s][info][gc,stats    ] Concurrent Weak References          184 us, parallelism: 0.06x
[6.064s][info][gc,stats    ]   CWRF: <total>                      11 us
[6.064s][info][gc,stats    ]   CWRF: Weak References              11 us, workers (us):  11, ---, ---, 
[6.064s][info][gc,stats    ] Concurrent Weak Roots               637 us
[6.064s][info][gc,stats    ]   Roots                             501 us, parallelism: 0.85x
[6.064s][info][gc,stats    ]     CWR: <total>                    427 us
[6.064s][info][gc,stats    ]     CWR: Code Cache Roots           329 us, workers (us): 329, ---, ---, 
[6.064s][info][gc,stats    ]     CWR: VM Weak Roots               92 us, workers (us):  92, ---, ---, 
[6.064s][info][gc,stats    ]     CWR: CLDG Roots                   6 us, workers (us):   6, ---, ---, 
[6.064s][info][gc,stats    ]   Rendezvous                         84 us
[6.064s][info][gc,stats    ] Concurrent Cleanup                   54 us
[6.064s][info][gc,stats    ] Concurrent Class Unloading         1756 us
[6.064s][info][gc,stats    ]   Unlink Stale                     1528 us
[6.064s][info][gc,stats    ]     System Dictionary                 2 us
[6.064s][info][gc,stats    ]     Weak Class Links                  0 us
[6.064s][info][gc,stats    ]     Code Roots                     1524 us
[6.064s][info][gc,stats    ]   Rendezvous                         55 us
[6.064s][info][gc,stats    ]   Purge Unlinked                    106 us
[6.064s][info][gc,stats    ]     Code Roots                       97 us
[6.064s][info][gc,stats    ]     CLDG                              8 us
[6.064s][info][gc,stats    ]     Exception Caches                  0 us
[6.064s][info][gc,stats    ] Pause Final Roots (G)               132 us
[6.064s][info][gc,stats    ] Pause Final Roots (N)                32 us
[6.064s][info][gc,stats    ] 
[6.064s][info][gc,stats    ] Allocation pacing accrued:
[6.064s][info][gc,stats    ]       0 of   459 ms (  0.0%): <total>
[6.064s][info][gc,stats    ]       0 of   459 ms (  0.0%): <average total>
[6.064s][info][gc,stats    ] 
[6.064s][info][gc,metaspace] Metaspace: 8894K(9152K)->8894K(9152K) NonClass: 7721K(7872K)->7721K(7872K) Class: 1172K(1280K)->1172K(1280K)
[6.064s][info][gc,ergo     ] Pacer for Idle. Initial: 83886K, Alloc Tax Rate: 1.0x
[6.485s][info][gc          ] Trigger: Learning 4 of 5. Free (2866M) is below initial threshold (2867M)
[6.485s][info][gc,ergo     ] Free: 2866M, Max: 2048K regular, 1706M humongous, Frag: 41% external, 0% internal; Reserve: 206M, Max: 2048K
[6.485s][info][gc,start    ] GC(8) Concurrent reset
[6.485s][info][gc,task     ] GC(8) Using 1 of 3 workers for concurrent reset
[6.485s][info][gc,ergo     ] GC(8) Pacer for Reset. Non-Taxable: 4096M
[6.486s][info][gc          ] GC(8) Concurrent reset 0.802ms
[6.486s][info][gc,start    ] GC(8) Pause Init Mark (unload classes)
[6.486s][info][gc,task     ] GC(8) Using 3 of 3 workers for init marking
[6.486s][info][gc,ergo     ] GC(8) Pacer for Mark. Expected Live: 10429K, Free: 2864M, Non-Taxable: 286M, Alloc Tax Rate: 0.0x
[6.486s][info][gc          ] GC(8) Pause Init Mark (unload classes) 0.180ms
[6.486s][info][gc,start    ] GC(8) Concurrent marking roots
[6.486s][info][gc,task     ] GC(8) Using 1 of 3 workers for concurrent marking roots
[6.487s][info][gc          ] GC(8) Concurrent marking roots 0.429ms
[6.487s][info][gc,start    ] GC(8) Concurrent marking (unload classes)
[6.487s][info][gc,task     ] GC(8) Using 1 of 3 workers for concurrent marking
[6.504s][info][gc          ] GC(8) Concurrent marking (unload classes) 17.207ms
[6.504s][info][gc,start    ] GC(8) Pause Final Mark (unload classes)
[6.504s][info][gc,task     ] GC(8) Using 3 of 3 workers for final marking
[6.504s][info][gc,ergo     ] GC(8) Collectable Garbage: 966M (95%), Immediate: 966M (95%), CSet: 0B (0%)
[6.504s][info][gc          ] GC(8) Pause Final Mark (unload classes) 0.369ms
[6.504s][info][gc,start    ] GC(8) Concurrent weak references
[6.504s][info][gc,task     ] GC(8) Using 1 of 3 workers for concurrent weak references
[6.504s][info][gc,ref      ] GC(8) Encountered references: Soft: 144, Weak: 702, Final: 0, Phantom: 27
[6.504s][info][gc,ref      ] GC(8) Discovered  references: Soft: 0, Weak: 150, Final: 0, Phantom: 25
[6.504s][info][gc,ref      ] GC(8) Enqueued    references: Soft: 0, Weak: 0, Final: 0, Phantom: 0
[6.504s][info][gc          ] GC(8) Concurrent weak references 0.112ms
[6.504s][info][gc,start    ] GC(8) Concurrent weak roots
[6.504s][info][gc,task     ] GC(8) Using 1 of 3 workers for concurrent weak root
[6.505s][info][gc          ] GC(8) Concurrent weak roots 0.546ms
[6.505s][info][gc,start    ] GC(8) Concurrent cleanup
[6.505s][info][gc          ] GC(8) Concurrent cleanup 1063M->97M(4096M) 0.042ms
[6.505s][info][gc,ergo     ] GC(8) Free: 3792M, Max: 2048K regular, 1770M humongous, Frag: 54% external, 0% internal; Reserve: 206M, Max: 2048K
[6.505s][info][gc,start    ] GC(8) Concurrent class unloading
[6.505s][info][gc,task     ] GC(8) Using 1 of 3 workers for concurrent class unloading
[6.507s][info][gc          ] GC(8) Concurrent class unloading 1.697ms
[6.507s][info][gc,start    ] GC(8) Pause Final Roots
[6.507s][info][gc          ] GC(8) Pause Final Roots 0.024ms
[6.507s][info][gc,ergo     ] Free: 3788M, Max: 2048K regular, 1770M humongous, Frag: 54% external, 0% internal; Reserve: 206M, Max: 2048K
[6.507s][info][gc,stats    ] 
[6.507s][info][gc,stats    ] All times are wall-clock times, except per-root-class counters, that are sum over
[6.507s][info][gc,stats    ] all workers. Dividing the <total> over the root stage time estimates parallelism.
[6.507s][info][gc,stats    ] 
[6.507s][info][gc,stats    ] Concurrent Reset                    871 us
[6.507s][info][gc,stats    ] Pause Init Mark (G)                 357 us
[6.507s][info][gc,stats    ] Pause Init Mark (N)                 197 us
[6.507s][info][gc,stats    ]   Update Region States               68 us
[6.507s][info][gc,stats    ] Concurrent Mark Roots               447 us, parallelism: 0.77x
[6.507s][info][gc,stats    ]   CMR: <total>                      343 us
[6.507s][info][gc,stats    ]   CMR: Thread Roots                 305 us, workers (us): 305, ---, ---, 
[6.507s][info][gc,stats    ]   CMR: VM Strong Roots                4 us, workers (us):   4, ---, ---, 
[6.507s][info][gc,stats    ]   CMR: CLDG Roots                    34 us, workers (us):  34, ---, ---, 
[6.507s][info][gc,stats    ] Concurrent Marking                17273 us
[6.507s][info][gc,stats    ] Pause Final Mark (G)                507 us
[6.507s][info][gc,stats    ] Pause Final Mark (N)                388 us
[6.507s][info][gc,stats    ]   Finish Mark                       127 us
[6.507s][info][gc,stats    ]   Update Region States               90 us
[6.507s][info][gc,stats    ]   Choose Collection Set              63 us
[6.507s][info][gc,stats    ]   Rebuild Free Set                   17 us
[6.507s][info][gc,stats    ] Concurrent Weak References          120 us, parallelism: 0.04x
[6.507s][info][gc,stats    ]   CWRF: <total>                       5 us
[6.507s][info][gc,stats    ]   CWRF: Weak References               5 us, workers (us):   5, ---, ---, 
[6.507s][info][gc,stats    ] Concurrent Weak Roots               564 us
[6.507s][info][gc,stats    ]   Roots                             445 us, parallelism: 0.88x
[6.507s][info][gc,stats    ]     CWR: <total>                    392 us
[6.507s][info][gc,stats    ]     CWR: Code Cache Roots           325 us, workers (us): 325, ---, ---, 
[6.507s][info][gc,stats    ]     CWR: VM Weak Roots               62 us, workers (us):  62, ---, ---, 
[6.507s][info][gc,stats    ]     CWR: CLDG Roots                   5 us, workers (us):   5, ---, ---, 
[6.507s][info][gc,stats    ]   Rendezvous                         84 us
[6.507s][info][gc,stats    ] Concurrent Cleanup                   50 us
[6.508s][info][gc,stats    ] Concurrent Class Unloading         1729 us
[6.508s][info][gc,stats    ]   Unlink Stale                     1537 us
[6.508s][info][gc,stats    ]     System Dictionary                 2 us
[6.508s][info][gc,stats    ]     Weak Class Links                  0 us
[6.508s][info][gc,stats    ]     Code Roots                     1534 us
[6.508s][info][gc,stats    ]   Rendezvous                         57 us
[6.508s][info][gc,stats    ]   Purge Unlinked                     87 us
[6.508s][info][gc,stats    ]     Code Roots                       81 us
[6.508s][info][gc,stats    ]     CLDG                              5 us
[6.508s][info][gc,stats    ]     Exception Caches                  0 us
[6.508s][info][gc,stats    ] Pause Final Roots (G)               132 us
[6.508s][info][gc,stats    ] Pause Final Roots (N)                32 us
[6.508s][info][gc,stats    ] 
[6.508s][info][gc,stats    ] Allocation pacing accrued:
[6.508s][info][gc,stats    ]       0 of   444 ms (  0.0%): <total>
[6.508s][info][gc,stats    ]       0 of   444 ms (  0.0%): <average total>
[6.508s][info][gc,stats    ] 
[6.508s][info][gc,metaspace] Metaspace: 8894K(9152K)->8894K(9152K) NonClass: 7721K(7872K)->7721K(7872K) Class: 1172K(1280K)->1172K(1280K)
[6.508s][info][gc,ergo     ] Pacer for Idle. Initial: 83886K, Alloc Tax Rate: 1.0x
[6.925s][info][gc          ] Trigger: Learning 5 of 5. Free (2842M) is below initial threshold (2867M)
[6.925s][info][gc,ergo     ] Free: 2842M, Max: 2048K regular, 1748M humongous, Frag: 39% external, 0% internal; Reserve: 206M, Max: 2048K
[6.925s][info][gc,start    ] GC(9) Concurrent reset
[6.925s][info][gc,task     ] GC(9) Using 1 of 3 workers for concurrent reset
[6.925s][info][gc,ergo     ] GC(9) Pacer for Reset. Non-Taxable: 4096M
[6.925s][info][gc          ] GC(9) Concurrent reset 0.760ms
[6.926s][info][gc,start    ] GC(9) Pause Init Mark (unload classes)
[6.926s][info][gc,task     ] GC(9) Using 3 of 3 workers for init marking
[6.926s][info][gc,ergo     ] GC(9) Pacer for Mark. Expected Live: 10392K, Free: 2838M, Non-Taxable: 283M, Alloc Tax Rate: 0.0x
[6.926s][info][gc          ] GC(9) Pause Init Mark (unload classes) 0.202ms
[6.926s][info][gc,start    ] GC(9) Concurrent marking roots
[6.926s][info][gc,task     ] GC(9) Using 1 of 3 workers for concurrent marking roots
[6.926s][info][gc          ] GC(9) Concurrent marking roots 0.419ms
[6.926s][info][gc,start    ] GC(9) Concurrent marking (unload classes)
[6.926s][info][gc,task     ] GC(9) Using 1 of 3 workers for concurrent marking
[6.948s][info][gc          ] GC(9) Concurrent marking (unload classes) 21.966ms
[6.948s][info][gc,start    ] GC(9) Pause Final Mark (unload classes)
[6.948s][info][gc,task     ] GC(9) Using 3 of 3 workers for final marking
[6.949s][info][gc,ergo     ] GC(9) Collectable Garbage: 984M (94%), Immediate: 984M (94%), CSet: 0B (0%)
[6.949s][info][gc          ] GC(9) Pause Final Mark (unload classes) 0.343ms
[6.949s][info][gc,start    ] GC(9) Concurrent weak references
[6.949s][info][gc,task     ] GC(9) Using 1 of 3 workers for concurrent weak references
[6.949s][info][gc,ref      ] GC(9) Encountered references: Soft: 144, Weak: 702, Final: 0, Phantom: 27
[6.949s][info][gc,ref      ] GC(9) Discovered  references: Soft: 0, Weak: 150, Final: 0, Phantom: 12
[6.949s][info][gc,ref      ] GC(9) Enqueued    references: Soft: 0, Weak: 0, Final: 0, Phantom: 0
[6.949s][info][gc          ] GC(9) Concurrent weak references 0.113ms
[6.949s][info][gc,start    ] GC(9) Concurrent weak roots
[6.949s][info][gc,task     ] GC(9) Using 1 of 3 workers for concurrent weak root
[6.950s][info][gc          ] GC(9) Concurrent weak roots 0.642ms
[6.950s][info][gc,start    ] GC(9) Concurrent cleanup
[6.950s][info][gc          ] GC(9) Concurrent cleanup 1093M->109M(4096M) 0.042ms
[6.950s][info][gc,ergo     ] GC(9) Free: 3780M, Max: 2048K regular, 1702M humongous, Frag: 55% external, 0% internal; Reserve: 206M, Max: 2048K
[6.950s][info][gc,start    ] GC(9) Concurrent class unloading
[6.950s][info][gc,task     ] GC(9) Using 1 of 3 workers for concurrent class unloading
[6.951s][info][gc          ] GC(9) Concurrent class unloading 1.623ms
[6.951s][info][gc,start    ] GC(9) Pause Final Roots
[6.951s][info][gc          ] GC(9) Pause Final Roots 0.039ms
[6.951s][info][gc,ergo     ] Free: 3778M, Max: 2048K regular, 1702M humongous, Frag: 55% external, 0% internal; Reserve: 206M, Max: 2048K
[6.952s][info][gc,stats    ] 
[6.952s][info][gc,stats    ] All times are wall-clock times, except per-root-class counters, that are sum over
[6.952s][info][gc,stats    ] all workers. Dividing the <total> over the root stage time estimates parallelism.
[6.952s][info][gc,stats    ] 
[6.952s][info][gc,stats    ] Concurrent Reset                    830 us
[6.952s][info][gc,stats    ] Pause Init Mark (G)                 356 us
[6.952s][info][gc,stats    ] Pause Init Mark (N)                 219 us
[6.952s][info][gc,stats    ]   Update Region States               86 us
[6.952s][info][gc,stats    ] Concurrent Mark Roots               437 us, parallelism: 0.76x
[6.952s][info][gc,stats    ]   CMR: <total>                      334 us
[6.952s][info][gc,stats    ]   CMR: Thread Roots                 293 us, workers (us): 293, ---, ---, 
[6.952s][info][gc,stats    ]   CMR: VM Strong Roots                5 us, workers (us):   5, ---, ---, 
[6.952s][info][gc,stats    ]   CMR: CLDG Roots                    36 us, workers (us):  36, ---, ---, 
[6.952s][info][gc,stats    ] Concurrent Marking                22031 us
[6.952s][info][gc,stats    ] Pause Final Mark (G)                477 us
[6.952s][info][gc,stats    ] Pause Final Mark (N)                367 us
[6.952s][info][gc,stats    ]   Finish Mark                       110 us
[6.952s][info][gc,stats    ]   Update Region States               64 us
[6.952s][info][gc,stats    ]   Choose Collection Set              70 us
[6.952s][info][gc,stats    ]   Rebuild Free Set                   17 us
[6.952s][info][gc,stats    ] Concurrent Weak References          121 us, parallelism: 0.04x
[6.952s][info][gc,stats    ]   CWRF: <total>                       5 us
[6.952s][info][gc,stats    ]   CWRF: Weak References               5 us, workers (us):   5, ---, ---, 
[6.952s][info][gc,stats    ] Concurrent Weak Roots               661 us
[6.952s][info][gc,stats    ]   Roots                             542 us, parallelism: 0.87x
[6.952s][info][gc,stats    ]     CWR: <total>                    471 us
[6.952s][info][gc,stats    ]     CWR: Code Cache Roots           354 us, workers (us): 354, ---, ---, 
[6.952s][info][gc,stats    ]     CWR: VM Weak Roots              110 us, workers (us): 110, ---, ---, 
[6.952s][info][gc,stats    ]     CWR: CLDG Roots                   6 us, workers (us):   6, ---, ---, 
[6.952s][info][gc,stats    ]   Rendezvous                         84 us
[6.952s][info][gc,stats    ] Concurrent Cleanup                   50 us
[6.952s][info][gc,stats    ] Concurrent Class Unloading         1654 us
[6.952s][info][gc,stats    ]   Unlink Stale                     1466 us
[6.952s][info][gc,stats    ]     System Dictionary                 2 us
[6.952s][info][gc,stats    ]     Weak Class Links                  0 us
[6.952s][info][gc,stats    ]     Code Roots                     1463 us
[6.952s][info][gc,stats    ]   Rendezvous                         60 us
[6.952s][info][gc,stats    ]   Purge Unlinked                     80 us
[6.952s][info][gc,stats    ]     Code Roots                       74 us
[6.952s][info][gc,stats    ]     CLDG                              5 us
[6.952s][info][gc,stats    ]     Exception Caches                  0 us
[6.952s][info][gc,stats    ] Pause Final Roots (G)               121 us
[6.952s][info][gc,stats    ] Pause Final Roots (N)                48 us
[6.952s][info][gc,stats    ] 
[6.952s][info][gc,stats    ] Allocation pacing accrued:
[6.952s][info][gc,stats    ]       0 of   444 ms (  0.0%): <total>
[6.952s][info][gc,stats    ]       0 of   444 ms (  0.0%): <average total>
[6.952s][info][gc,stats    ] 
[6.952s][info][gc,metaspace] Metaspace: 8894K(9152K)->8894K(9152K) NonClass: 7721K(7872K)->7721K(7872K) Class: 1172K(1280K)->1172K(1280K)
[6.952s][info][gc,ergo     ] Pacer for Idle. Initial: 83886K, Alloc Tax Rate: 1.0x
[8.556s][info][gc          ] Trigger: Explicit GC request (System.gc())
[8.556s][info][gc,ergo     ] Free: 982M, Max: 2048K regular, 982M humongous, Frag: 0% external, 0% internal; Reserve: 206M, Max: 2048K
[8.556s][info][gc,start    ] GC(10) Concurrent reset
[8.556s][info][gc,task     ] GC(10) Using 1 of 3 workers for concurrent reset
[8.556s][info][gc,ergo     ] GC(10) Pacer for Reset. Non-Taxable: 4096M
[8.557s][info][gc          ] GC(10) Concurrent reset 0.839ms
[8.557s][info][gc,start    ] GC(10) Pause Init Mark (unload classes)
[8.557s][info][gc,task     ] GC(10) Using 3 of 3 workers for init marking
[8.557s][info][gc,ref      ] GC(10) Clearing All SoftReferences
[8.557s][info][gc,ergo     ] GC(10) Pacer for Mark. Expected Live: 9475K, Free: 982M, Non-Taxable: 100556K, Alloc Tax Rate: 0.0x
[8.558s][info][gc          ] GC(10) Pause Init Mark (unload classes) 0.191ms
[8.558s][info][gc,start    ] GC(10) Concurrent marking roots
[8.558s][info][gc,task     ] GC(10) Using 1 of 3 workers for concurrent marking roots
[8.558s][info][gc          ] GC(10) Concurrent marking roots 0.416ms
[8.558s][info][gc,start    ] GC(10) Concurrent marking (unload classes)
[8.558s][info][gc,task     ] GC(10) Using 1 of 3 workers for concurrent marking
[8.562s][info][gc          ] GC(10) Concurrent marking (unload classes) 3.645ms
[8.562s][info][gc,start    ] GC(10) Pause Final Mark (unload classes)
[8.562s][info][gc,task     ] GC(10) Using 3 of 3 workers for final marking
[8.562s][info][gc,ergo     ] GC(10) Collectable Garbage: 2878M (99%), Immediate: 2878M (99%), CSet: 0B (0%)
[8.562s][info][gc          ] GC(10) Pause Final Mark (unload classes) 0.398ms
[8.562s][info][gc,start    ] GC(10) Concurrent weak references
[8.562s][info][gc,task     ] GC(10) Using 1 of 3 workers for concurrent weak references
[8.562s][info][gc,ref      ] GC(10) Encountered references: Soft: 144, Weak: 702, Final: 0, Phantom: 27
[8.562s][info][gc,ref      ] GC(10) Discovered  references: Soft: 88, Weak: 168, Final: 0, Phantom: 25
[8.562s][info][gc,ref      ] GC(10) Enqueued    references: Soft: 3, Weak: 0, Final: 0, Phantom: 0
[8.562s][info][gc          ] GC(10) Concurrent weak references 0.175ms
[8.562s][info][gc,start    ] GC(10) Concurrent weak roots
[8.562s][info][gc,task     ] GC(10) Using 1 of 3 workers for concurrent weak root
[8.563s][info][gc          ] GC(10) Concurrent weak roots 0.663ms
[8.563s][info][gc,start    ] GC(10) Concurrent cleanup
[8.563s][info][gc          ] GC(10) Concurrent cleanup 2908M->30M(4096M) 0.087ms
[8.563s][info][gc,ergo     ] GC(10) Free: 3860M, Max: 2048K regular, 2720M humongous, Frag: 30% external, 0% internal; Reserve: 206M, Max: 2048K
[8.563s][info][gc,start    ] GC(10) Concurrent class unloading
[8.563s][info][gc,task     ] GC(10) Using 1 of 3 workers for concurrent class unloading
[8.565s][info][gc          ] GC(10) Concurrent class unloading 1.695ms
[8.565s][info][gc,start    ] GC(10) Pause Final Roots
[8.565s][info][gc          ] GC(10) Pause Final Roots 0.062ms
[8.565s][info][gc,ergo     ] Free: 3860M, Max: 2048K regular, 2720M humongous, Frag: 30% external, 0% internal; Reserve: 206M, Max: 2048K
[8.565s][info][gc,stats    ] 
[8.565s][info][gc,stats    ] All times are wall-clock times, except per-root-class counters, that are sum over
[8.565s][info][gc,stats    ] all workers. Dividing the <total> over the root stage time estimates parallelism.
[8.565s][info][gc,stats    ] 
[8.565s][info][gc,stats    ] Concurrent Reset                    861 us
[8.565s][info][gc,stats    ] Pause Init Mark (G)                 324 us
[8.565s][info][gc,stats    ] Pause Init Mark (N)                 208 us
[8.565s][info][gc,stats    ]   Update Region States               71 us
[8.565s][info][gc,stats    ] Concurrent Mark Roots               433 us, parallelism: 0.77x
[8.565s][info][gc,stats    ]   CMR: <total>                      332 us
[8.565s][info][gc,stats    ]   CMR: Thread Roots                 292 us, workers (us): 292, ---, ---, 
[8.565s][info][gc,stats    ]   CMR: VM Strong Roots                5 us, workers (us):   5, ---, ---, 
[8.565s][info][gc,stats    ]   CMR: CLDG Roots                    35 us, workers (us):  35, ---, ---, 
[8.565s][info][gc,stats    ] Concurrent Marking                 3706 us
[8.565s][info][gc,stats    ] Pause Final Mark (G)                542 us
[8.565s][info][gc,stats    ] Pause Final Mark (N)                423 us
[8.565s][info][gc,stats    ]   Finish Mark                       130 us
[8.566s][info][gc,stats    ]   Update Region States               75 us
[8.566s][info][gc,stats    ]   Choose Collection Set              91 us
[8.566s][info][gc,stats    ]   Rebuild Free Set                   20 us
[8.566s][info][gc,stats    ] Concurrent Weak References          192 us, parallelism: 0.05x
[8.566s][info][gc,stats    ]   CWRF: <total>                       9 us
[8.566s][info][gc,stats    ]   CWRF: Weak References               9 us, workers (us):   9, ---, ---, 
[8.566s][info][gc,stats    ] Concurrent Weak Roots               682 us
[8.566s][info][gc,stats    ]   Roots                             540 us, parallelism: 0.87x
[8.566s][info][gc,stats    ]     CWR: <total>                    468 us
[8.566s][info][gc,stats    ]     CWR: Code Cache Roots           352 us, workers (us): 352, ---, ---, 
[8.566s][info][gc,stats    ]     CWR: VM Weak Roots              111 us, workers (us): 111, ---, ---, 
[8.566s][info][gc,stats    ]     CWR: CLDG Roots                   5 us, workers (us):   5, ---, ---, 
[8.566s][info][gc,stats    ]   Rendezvous                         92 us
[8.566s][info][gc,stats    ] Concurrent Cleanup                   95 us
[8.566s][info][gc,stats    ] Concurrent Class Unloading         1743 us
[8.566s][info][gc,stats    ]   Unlink Stale                     1488 us
[8.566s][info][gc,stats    ]     System Dictionary                 2 us
[8.566s][info][gc,stats    ]     Weak Class Links                  0 us
[8.566s][info][gc,stats    ]     Code Roots                     1484 us
[8.566s][info][gc,stats    ]   Rendezvous                         89 us
[8.566s][info][gc,stats    ]   Purge Unlinked                     96 us
[8.566s][info][gc,stats    ]     Code Roots                       88 us
[8.566s][info][gc,stats    ]     CLDG                              8 us
[8.566s][info][gc,stats    ]     Exception Caches                  0 us
[8.566s][info][gc,stats    ] Pause Final Roots (G)               182 us
[8.566s][info][gc,stats    ] Pause Final Roots (N)                81 us
[8.566s][info][gc,stats    ] 
[8.566s][info][gc,stats    ] Allocation pacing accrued:
[8.566s][info][gc,stats    ]       0 of  1614 ms (  0.0%): <total>
[8.566s][info][gc,stats    ]       0 of  1614 ms (  0.0%): <average total>
[8.566s][info][gc,stats    ] 
[8.566s][info][gc,metaspace] Metaspace: 8894K(9152K)->8894K(9152K) NonClass: 7721K(7872K)->7721K(7872K) Class: 1172K(1280K)->1172K(1280K)
[8.566s][info][gc,ergo     ] Pacer for Idle. Initial: 83886K, Alloc Tax Rate: 1.0x
[9.027s][info][gc          ] Trigger: Learning 2 of 5. Free (2864M) is below initial threshold (2867M)
[9.027s][info][gc,ergo     ] Free: 2862M, Max: 2048K regular, 1770M humongous, Frag: 39% external, 0% internal; Reserve: 206M, Max: 2048K
[9.027s][info][gc,start    ] GC(11) Concurrent reset
[9.027s][info][gc,task     ] GC(11) Using 1 of 3 workers for concurrent reset
[9.027s][info][gc,ergo     ] GC(11) Pacer for Reset. Non-Taxable: 4096M
[9.027s][info][gc          ] GC(11) Concurrent reset 0.528ms
[9.028s][info][gc,start    ] GC(11) Pause Init Mark (unload classes)
[9.028s][info][gc,task     ] GC(11) Using 3 of 3 workers for init marking
[9.028s][info][gc,ergo     ] GC(11) Pacer for Mark. Expected Live: 9474K, Free: 2862M, Non-Taxable: 286M, Alloc Tax Rate: 0.0x
[9.028s][info][gc          ] GC(11) Pause Init Mark (unload classes) 0.245ms
[9.028s][info][gc,start    ] GC(11) Concurrent marking roots
[9.028s][info][gc,task     ] GC(11) Using 1 of 3 workers for concurrent marking roots
[9.029s][info][gc          ] GC(11) Concurrent marking roots 0.777ms
[9.029s][info][gc,start    ] GC(11) Concurrent marking (unload classes)
[9.029s][info][gc,task     ] GC(11) Using 1 of 3 workers for concurrent marking
[9.037s][info][gc          ] GC(11) Concurrent marking (unload classes) 8.584ms
[9.037s][info][gc,start    ] GC(11) Pause Final Mark (unload classes)
[9.037s][info][gc,task     ] GC(11) Using 3 of 3 workers for final marking
[9.038s][info][gc,ergo     ] GC(11) Collectable Garbage: 980M (95%), Immediate: 980M (95%), CSet: 0B (0%)
[9.038s][info][gc          ] GC(11) Pause Final Mark (unload classes) 0.310ms
[9.038s][info][gc,start    ] GC(11) Concurrent weak references
[9.038s][info][gc,task     ] GC(11) Using 1 of 3 workers for concurrent weak references
[9.038s][info][gc,ref      ] GC(11) Encountered references: Soft: 144, Weak: 702, Final: 0, Phantom: 27
[9.038s][info][gc,ref      ] GC(11) Discovered  references: Soft: 0, Weak: 150, Final: 0, Phantom: 12
[9.038s][info][gc,ref      ] GC(11) Enqueued    references: Soft: 0, Weak: 0, Final: 0, Phantom: 0
[9.038s][info][gc          ] GC(11) Concurrent weak references 0.141ms
[9.038s][info][gc,start    ] GC(11) Concurrent weak roots
[9.038s][info][gc,task     ] GC(11) Using 1 of 3 workers for concurrent weak root
[9.038s][info][gc          ] GC(11) Concurrent weak roots 0.538ms
[9.038s][info][gc,start    ] GC(11) Concurrent cleanup
[9.039s][info][gc          ] GC(11) Concurrent cleanup 1050M->70M(4096M) 0.043ms
[9.039s][info][gc,ergo     ] GC(11) Free: 3820M, Max: 2048K regular, 1748M humongous, Frag: 55% external, 0% internal; Reserve: 206M, Max: 2048K
[9.039s][info][gc,start    ] GC(11) Concurrent class unloading
[9.039s][info][gc,task     ] GC(11) Using 1 of 3 workers for concurrent class unloading
[9.040s][info][gc          ] GC(11) Concurrent class unloading 1.923ms
[9.041s][info][gc,start    ] GC(11) Pause Final Roots
[9.041s][info][gc          ] GC(11) Pause Final Roots 0.020ms
[9.041s][info][gc,ergo     ] Free: 3816M, Max: 2048K regular, 1748M humongous, Frag: 55% external, 0% internal; Reserve: 206M, Max: 2048K
[9.041s][info][gc,stats    ] 
[9.041s][info][gc,stats    ] All times are wall-clock times, except per-root-class counters, that are sum over
[9.041s][info][gc,stats    ] all workers. Dividing the <total> over the root stage time estimates parallelism.
[9.041s][info][gc,stats    ] 
[9.041s][info][gc,stats    ] Concurrent Reset                    583 us
[9.041s][info][gc,stats    ] Pause Init Mark (G)                 404 us
[9.041s][info][gc,stats    ] Pause Init Mark (N)                 263 us
[9.041s][info][gc,stats    ]   Update Region States              113 us
[9.041s][info][gc,stats    ] Concurrent Mark Roots               801 us, parallelism: 0.84x
[9.041s][info][gc,stats    ]   CMR: <total>                      673 us
[9.041s][info][gc,stats    ]   CMR: Thread Roots                 604 us, workers (us): 604, ---, ---, 
[9.041s][info][gc,stats    ]   CMR: VM Strong Roots                6 us, workers (us):   6, ---, ---, 
[9.041s][info][gc,stats    ]   CMR: CLDG Roots                    63 us, workers (us):  63, ---, ---, 
[9.041s][info][gc,stats    ] Concurrent Marking                 8642 us
[9.041s][info][gc,stats    ] Pause Final Mark (G)                447 us
[9.041s][info][gc,stats    ] Pause Final Mark (N)                329 us
[9.041s][info][gc,stats    ]   Finish Mark                       102 us
[9.041s][info][gc,stats    ]   Update Region States               65 us
[9.041s][info][gc,stats    ]   Choose Collection Set              65 us
[9.041s][info][gc,stats    ]   Rebuild Free Set                   16 us
[9.041s][info][gc,stats    ] Concurrent Weak References          149 us, parallelism: 0.05x
[9.041s][info][gc,stats    ]   CWRF: <total>                       7 us
[9.041s][info][gc,stats    ]   CWRF: Weak References               7 us, workers (us):   7, ---, ---, 
[9.041s][info][gc,stats    ] Concurrent Weak Roots               557 us
[9.041s][info][gc,stats    ]   Roots                             440 us, parallelism: 0.88x
[9.041s][info][gc,stats    ]     CWR: <total>                    386 us
[9.041s][info][gc,stats    ]     CWR: Code Cache Roots           318 us, workers (us): 318, ---, ---, 
[9.041s][info][gc,stats    ]     CWR: VM Weak Roots               62 us, workers (us):  62, ---, ---, 
[9.041s][info][gc,stats    ]     CWR: CLDG Roots                   5 us, workers (us):   5, ---, ---, 
[9.041s][info][gc,stats    ]   Rendezvous                         83 us
[9.041s][info][gc,stats    ] Concurrent Cleanup                   51 us
[9.041s][info][gc,stats    ] Concurrent Class Unloading         1972 us
[9.041s][info][gc,stats    ]   Unlink Stale                     1660 us
[9.041s][info][gc,stats    ]     System Dictionary                 2 us
[9.041s][info][gc,stats    ]     Weak Class Links                  0 us
[9.041s][info][gc,stats    ]     Code Roots                     1656 us
[9.041s][info][gc,stats    ]   Rendezvous                        136 us
[9.041s][info][gc,stats    ]   Purge Unlinked                    109 us
[9.041s][info][gc,stats    ]     Code Roots                      100 us
[9.041s][info][gc,stats    ]     CLDG                              8 us
[9.041s][info][gc,stats    ]     Exception Caches                  0 us
[9.041s][info][gc,stats    ] Pause Final Roots (G)               113 us
[9.041s][info][gc,stats    ] Pause Final Roots (N)                28 us
[9.041s][info][gc,stats    ] 
[9.041s][info][gc,stats    ] Allocation pacing accrued:
[9.041s][info][gc,stats    ]       0 of   475 ms (  0.0%): <total>
[9.041s][info][gc,stats    ]       0 of   475 ms (  0.0%): <average total>
[9.041s][info][gc,stats    ] 
[9.041s][info][gc,metaspace] Metaspace: 8894K(9152K)->8894K(9152K) NonClass: 7721K(7872K)->7721K(7872K) Class: 1172K(1280K)->1172K(1280K)
[9.041s][info][gc,ergo     ] Pacer for Idle. Initial: 83886K, Alloc Tax Rate: 1.0x
[9.498s][info][gc          ] Trigger: Learning 3 of 5. Free (2852M) is below initial threshold (2867M)
[9.498s][info][gc,ergo     ] Free: 2850M, Max: 2048K regular, 1748M humongous, Frag: 39% external, 0% internal; Reserve: 206M, Max: 2048K
[9.498s][info][gc,start    ] GC(12) Concurrent reset
[9.498s][info][gc,task     ] GC(12) Using 1 of 3 workers for concurrent reset
[9.498s][info][gc,ergo     ] GC(12) Pacer for Reset. Non-Taxable: 4096M
[9.499s][info][gc          ] GC(12) Concurrent reset 0.584ms
[9.499s][info][gc,start    ] GC(12) Pause Init Mark (unload classes)
[9.499s][info][gc,task     ] GC(12) Using 3 of 3 workers for init marking
[9.499s][info][gc,ergo     ] GC(12) Pacer for Mark. Expected Live: 9468K, Free: 2850M, Non-Taxable: 285M, Alloc Tax Rate: 0.0x
[9.499s][info][gc          ] GC(12) Pause Init Mark (unload classes) 0.165ms
[9.499s][info][gc,start    ] GC(12) Concurrent marking roots
[9.499s][info][gc,task     ] GC(12) Using 1 of 3 workers for concurrent marking roots
[9.499s][info][gc          ] GC(12) Concurrent marking roots 0.421ms
[9.499s][info][gc,start    ] GC(12) Concurrent marking (unload classes)
[9.499s][info][gc,task     ] GC(12) Using 1 of 3 workers for concurrent marking
[9.512s][info][gc          ] GC(12) Concurrent marking (unload classes) 12.467ms
[9.512s][info][gc,start    ] GC(12) Pause Final Mark (unload classes)
[9.512s][info][gc,task     ] GC(12) Using 3 of 3 workers for final marking
[9.512s][info][gc,ergo     ] GC(12) Collectable Garbage: 986M (95%), Immediate: 986M (95%), CSet: 0B (0%)
[9.512s][info][gc          ] GC(12) Pause Final Mark (unload classes) 0.234ms
[9.512s][info][gc,start    ] GC(12) Concurrent weak references
[9.512s][info][gc,task     ] GC(12) Using 1 of 3 workers for concurrent weak references
[9.512s][info][gc,ref      ] GC(12) Encountered references: Soft: 144, Weak: 702, Final: 0, Phantom: 27
[9.512s][info][gc,ref      ] GC(12) Discovered  references: Soft: 0, Weak: 150, Final: 0, Phantom: 25
[9.512s][info][gc,ref      ] GC(12) Enqueued    references: Soft: 0, Weak: 0, Final: 0, Phantom: 0
[9.513s][info][gc          ] GC(12) Concurrent weak references 0.156ms
[9.513s][info][gc,start    ] GC(12) Concurrent weak roots
[9.513s][info][gc,task     ] GC(12) Using 1 of 3 workers for concurrent weak root
[9.513s][info][gc          ] GC(12) Concurrent weak roots 0.528ms
[9.513s][info][gc,start    ] GC(12) Concurrent cleanup
[9.513s][info][gc          ] GC(12) Concurrent cleanup 1068M->82M(4096M) 0.044ms
[9.513s][info][gc,ergo     ] GC(12) Free: 3808M, Max: 2048K regular, 1728M humongous, Frag: 55% external, 0% internal; Reserve: 206M, Max: 2048K
[9.513s][info][gc,start    ] GC(12) Concurrent class unloading
[9.513s][info][gc,task     ] GC(12) Using 1 of 3 workers for concurrent class unloading
[9.515s][info][gc          ] GC(12) Concurrent class unloading 2.080ms
[9.515s][info][gc,start    ] GC(12) Pause Final Roots
[9.515s][info][gc          ] GC(12) Pause Final Roots 0.024ms
[9.515s][info][gc,ergo     ] Free: 3802M, Max: 2048K regular, 1728M humongous, Frag: 55% external, 0% internal; Reserve: 206M, Max: 2048K
[9.515s][info][gc,stats    ] 
[9.516s][info][gc,stats    ] All times are wall-clock times, except per-root-class counters, that are sum over
[9.516s][info][gc,stats    ] all workers. Dividing the <total> over the root stage time estimates parallelism.
[9.516s][info][gc,stats    ] 
[9.516s][info][gc,stats    ] Concurrent Reset                    618 us
[9.516s][info][gc,stats    ] Pause Init Mark (G)                 313 us
[9.516s][info][gc,stats    ] Pause Init Mark (N)                 188 us
[9.516s][info][gc,stats    ]   Update Region States               60 us
[9.516s][info][gc,stats    ] Concurrent Mark Roots               439 us, parallelism: 0.76x
[9.516s][info][gc,stats    ]   CMR: <total>                      333 us
[9.516s][info][gc,stats    ]   CMR: Thread Roots                 295 us, workers (us): 295, ---, ---, 
[9.516s][info][gc,stats    ]   CMR: VM Strong Roots                5 us, workers (us):   5, ---, ---, 
[9.516s][info][gc,stats    ]   CMR: CLDG Roots                    34 us, workers (us):  34, ---, ---, 
[9.516s][info][gc,stats    ] Concurrent Marking                12526 us
[9.516s][info][gc,stats    ] Pause Final Mark (G)                343 us
[9.516s][info][gc,stats    ] Pause Final Mark (N)                250 us
[9.516s][info][gc,stats    ]   Finish Mark                        79 us
[9.516s][info][gc,stats    ]   Update Region States               44 us
[9.516s][info][gc,stats    ]   Choose Collection Set              48 us
[9.516s][info][gc,stats    ]   Rebuild Free Set                   16 us
[9.516s][info][gc,stats    ] Concurrent Weak References          172 us, parallelism: 0.03x
[9.516s][info][gc,stats    ]   CWRF: <total>                       5 us
[9.516s][info][gc,stats    ]   CWRF: Weak References               5 us, workers (us):   5, ---, ---, 
[9.516s][info][gc,stats    ] Concurrent Weak Roots               547 us
[9.516s][info][gc,stats    ]   Roots                             447 us, parallelism: 0.88x
[9.516s][info][gc,stats    ]     CWR: <total>                    394 us
[9.516s][info][gc,stats    ]     CWR: Code Cache Roots           325 us, workers (us): 325, ---, ---, 
[9.516s][info][gc,stats    ]     CWR: VM Weak Roots               64 us, workers (us):  64, ---, ---, 
[9.516s][info][gc,stats    ]     CWR: CLDG Roots                   5 us, workers (us):   5, ---, ---, 
[9.516s][info][gc,stats    ]   Rendezvous                         50 us
[9.516s][info][gc,stats    ] Concurrent Cleanup                   52 us
[9.516s][info][gc,stats    ] Concurrent Class Unloading         2142 us
[9.516s][info][gc,stats    ]   Unlink Stale                     1906 us
[9.516s][info][gc,stats    ]     System Dictionary                 3 us
[9.516s][info][gc,stats    ]     Weak Class Links                  0 us
[9.516s][info][gc,stats    ]     Code Roots                     1902 us
[9.516s][info][gc,stats    ]   Rendezvous                         44 us
[9.516s][info][gc,stats    ]   Purge Unlinked                    110 us
[9.516s][info][gc,stats    ]     Code Roots                      100 us
[9.516s][info][gc,stats    ]     CLDG                             10 us
[9.516s][info][gc,stats    ]     Exception Caches                  0 us
[9.516s][info][gc,stats    ] Pause Final Roots (G)               111 us
[9.516s][info][gc,stats    ] Pause Final Roots (N)                31 us
[9.516s][info][gc,stats    ] 
[9.516s][info][gc,stats    ] Allocation pacing accrued:
[9.516s][info][gc,stats    ]       0 of   475 ms (  0.0%): <total>
[9.516s][info][gc,stats    ]       0 of   475 ms (  0.0%): <average total>
[9.516s][info][gc,stats    ] 
[9.516s][info][gc,metaspace] Metaspace: 8894K(9152K)->8894K(9152K) NonClass: 7721K(7872K)->7721K(7872K) Class: 1172K(1280K)->1172K(1280K)
[9.516s][info][gc,ergo     ] Pacer for Idle. Initial: 83886K, Alloc Tax Rate: 1.0x
[9.969s][info][gc          ] Trigger: Learning 4 of 5. Free (2842M) is below initial threshold (2867M)
[9.969s][info][gc,ergo     ] Free: 2842M, Max: 2048K regular, 1728M humongous, Frag: 40% external, 0% internal; Reserve: 206M, Max: 2048K
[9.969s][info][gc,start    ] GC(13) Concurrent reset
[9.969s][info][gc,task     ] GC(13) Using 1 of 3 workers for concurrent reset
[9.969s][info][gc,ergo     ] GC(13) Pacer for Reset. Non-Taxable: 4096M
[9.969s][info][gc          ] GC(13) Concurrent reset 0.563ms
[9.969s][info][gc,start    ] GC(13) Pause Init Mark (unload classes)
[9.969s][info][gc,task     ] GC(13) Using 3 of 3 workers for init marking
[9.969s][info][gc,ergo     ] GC(13) Pacer for Mark. Expected Live: 9457K, Free: 2842M, Non-Taxable: 284M, Alloc Tax Rate: 0.0x
[9.970s][info][gc          ] GC(13) Pause Init Mark (unload classes) 0.142ms
[9.970s][info][gc,start    ] GC(13) Concurrent marking roots
[9.970s][info][gc,task     ] GC(13) Using 1 of 3 workers for concurrent marking roots
[9.970s][info][gc          ] GC(13) Concurrent marking roots 0.762ms
[9.970s][info][gc,start    ] GC(13) Concurrent marking (unload classes)
[9.970s][info][gc,task     ] GC(13) Using 1 of 3 workers for concurrent marking
[9.988s][info][gc          ] GC(13) Concurrent marking (unload classes) 17.777ms
[9.988s][info][gc,start    ] GC(13) Pause Final Mark (unload classes)
[9.988s][info][gc,task     ] GC(13) Using 3 of 3 workers for final marking
[9.989s][info][gc,ergo     ] GC(13) Collectable Garbage: 996M (96%), Immediate: 996M (96%), CSet: 0B (0%)
[9.989s][info][gc          ] GC(13) Pause Final Mark (unload classes) 0.311ms
[9.989s][info][gc,start    ] GC(13) Concurrent weak references
[9.989s][info][gc,task     ] GC(13) Using 1 of 3 workers for concurrent weak references
[9.989s][info][gc,ref      ] GC(13) Encountered references: Soft: 144, Weak: 702, Final: 0, Phantom: 27
[9.989s][info][gc,ref      ] GC(13) Discovered  references: Soft: 0, Weak: 150, Final: 0, Phantom: 12
[9.989s][info][gc,ref      ] GC(13) Enqueued    references: Soft: 0, Weak: 0, Final: 0, Phantom: 0
[9.989s][info][gc          ] GC(13) Concurrent weak references 0.124ms
[9.989s][info][gc,start    ] GC(13) Concurrent weak roots
[9.989s][info][gc,task     ] GC(13) Using 1 of 3 workers for concurrent weak root
[9.989s][info][gc          ] GC(13) Concurrent weak roots 0.687ms
[9.989s][info][gc,start    ] GC(13) Concurrent cleanup
[9.990s][info][gc          ] GC(13) Concurrent cleanup 1090M->94M(4096M) 0.043ms
[9.990s][info][gc,ergo     ] GC(13) Free: 3796M, Max: 2048K regular, 1706M humongous, Frag: 56% external, 0% internal; Reserve: 206M, Max: 2048K
[9.990s][info][gc,start    ] GC(13) Concurrent class unloading
[9.990s][info][gc,task     ] GC(13) Using 1 of 3 workers for concurrent class unloading
[9.992s][info][gc          ] GC(13) Concurrent class unloading 2.128ms
[9.992s][info][gc,start    ] GC(13) Pause Final Roots
[9.992s][info][gc          ] GC(13) Pause Final Roots 0.040ms
[9.992s][info][gc,ergo     ] Free: 3792M, Max: 2048K regular, 1706M humongous, Frag: 56% external, 0% internal; Reserve: 206M, Max: 2048K
[9.992s][info][gc,stats    ] 
[9.992s][info][gc,stats    ] All times are wall-clock times, except per-root-class counters, that are sum over
[9.992s][info][gc,stats    ] all workers. Dividing the <total> over the root stage time estimates parallelism.
[9.992s][info][gc,stats    ] 
[9.992s][info][gc,stats    ] Concurrent Reset                    615 us
[9.992s][info][gc,stats    ] Pause Init Mark (G)                 270 us
[9.992s][info][gc,stats    ] Pause Init Mark (N)                 151 us
[9.992s][info][gc,stats    ]   Update Region States               71 us
[9.992s][info][gc,stats    ] Concurrent Mark Roots               785 us, parallelism: 0.81x
[9.992s][info][gc,stats    ]   CMR: <total>                      633 us
[9.992s][info][gc,stats    ]   CMR: Thread Roots                 563 us, workers (us): 563, ---, ---, 
[9.992s][info][gc,stats    ]   CMR: VM Strong Roots                6 us, workers (us):   6, ---, ---, 
[9.992s][info][gc,stats    ]   CMR: CLDG Roots                    64 us, workers (us):  64, ---, ---, 
[9.992s][info][gc,stats    ] Concurrent Marking                17841 us
[9.992s][info][gc,stats    ] Pause Final Mark (G)                436 us
[9.992s][info][gc,stats    ] Pause Final Mark (N)                331 us
[9.992s][info][gc,stats    ]   Finish Mark                       101 us
[9.992s][info][gc,stats    ]   Update Region States               69 us
[9.992s][info][gc,stats    ]   Choose Collection Set              61 us
[9.992s][info][gc,stats    ]   Rebuild Free Set                   17 us
[9.992s][info][gc,stats    ] Concurrent Weak References          131 us, parallelism: 0.04x
[9.992s][info][gc,stats    ]   CWRF: <total>                       5 us
[9.992s][info][gc,stats    ]   CWRF: Weak References               5 us, workers (us):   5, ---, ---, 
[9.992s][info][gc,stats    ] Concurrent Weak Roots               706 us
[9.992s][info][gc,stats    ]   Roots                             579 us, parallelism: 0.88x
[9.992s][info][gc,stats    ]     CWR: <total>                    508 us
[9.992s][info][gc,stats    ]     CWR: Code Cache Roots           392 us, workers (us): 392, ---, ---, 
[9.992s][info][gc,stats    ]     CWR: VM Weak Roots              111 us, workers (us): 111, ---, ---, 
[9.992s][info][gc,stats    ]     CWR: CLDG Roots                   5 us, workers (us):   5, ---, ---, 
[9.992s][info][gc,stats    ]   Rendezvous                         93 us
[9.992s][info][gc,stats    ] Concurrent Cleanup                   52 us
[9.992s][info][gc,stats    ] Concurrent Class Unloading         2180 us
[9.992s][info][gc,stats    ]   Unlink Stale                     1907 us
[9.992s][info][gc,stats    ]     System Dictionary                 3 us
[9.992s][info][gc,stats    ]     Weak Class Links                  0 us
[9.992s][info][gc,stats    ]     Code Roots                     1903 us
[9.993s][info][gc,stats    ]   Rendezvous                         56 us
[9.993s][info][gc,stats    ]   Purge Unlinked                    146 us
[9.993s][info][gc,stats    ]     Code Roots                      135 us
[9.993s][info][gc,stats    ]     CLDG                             10 us
[9.993s][info][gc,stats    ]     Exception Caches                  0 us
[9.993s][info][gc,stats    ] Pause Final Roots (G)               170 us
[9.993s][info][gc,stats    ] Pause Final Roots (N)                57 us
[9.993s][info][gc,stats    ] 
[9.993s][info][gc,stats    ] Allocation pacing accrued:
[9.993s][info][gc,stats    ]       0 of   477 ms (  0.0%): <total>
[9.993s][info][gc,stats    ]       0 of   477 ms (  0.0%): <average total>
[9.993s][info][gc,stats    ] 
[9.993s][info][gc,metaspace] Metaspace: 8894K(9152K)->8894K(9152K) NonClass: 7721K(7872K)->7721K(7872K) Class: 1172K(1280K)->1172K(1280K)
[9.993s][info][gc,ergo     ] Pacer for Idle. Initial: 83886K, Alloc Tax Rate: 1.0x
[10.424s][info][gc          ] Trigger: Learning 5 of 5. Free (2862M) is below initial threshold (2867M)
[10.424s][info][gc,ergo     ] Free: 2862M, Max: 2048K regular, 1706M humongous, Frag: 41% external, 0% internal; Reserve: 206M, Max: 2048K
[10.424s][info][gc,start    ] GC(14) Concurrent reset
[10.424s][info][gc,task     ] GC(14) Using 1 of 3 workers for concurrent reset
[10.424s][info][gc,ergo     ] GC(14) Pacer for Reset. Non-Taxable: 4096M
[10.425s][info][gc          ] GC(14) Concurrent reset 0.643ms
[10.425s][info][gc,start    ] GC(14) Pause Init Mark (unload classes)
[10.425s][info][gc,task     ] GC(14) Using 3 of 3 workers for init marking
[10.425s][info][gc,ergo     ] GC(14) Pacer for Mark. Expected Live: 9463K, Free: 2860M, Non-Taxable: 286M, Alloc Tax Rate: 0.0x
[10.425s][info][gc          ] GC(14) Pause Init Mark (unload classes) 0.207ms
[10.425s][info][gc,start    ] GC(14) Concurrent marking roots
[10.425s][info][gc,task     ] GC(14) Using 1 of 3 workers for concurrent marking roots
[10.426s][info][gc          ] GC(14) Concurrent marking roots 0.467ms
[10.426s][info][gc,start    ] GC(14) Concurrent marking (unload classes)
[10.426s][info][gc,task     ] GC(14) Using 1 of 3 workers for concurrent marking
[10.447s][info][gc          ] GC(14) Concurrent marking (unload classes) 21.227ms
[10.447s][info][gc,start    ] GC(14) Pause Final Mark (unload classes)
[10.447s][info][gc,task     ] GC(14) Using 3 of 3 workers for final marking
[10.447s][info][gc,ergo     ] GC(14) Collectable Garbage: 964M (95%), Immediate: 964M (95%), CSet: 0B (0%)
[10.447s][info][gc          ] GC(14) Pause Final Mark (unload classes) 0.261ms
[10.448s][info][gc,start    ] GC(14) Concurrent weak references
[10.448s][info][gc,task     ] GC(14) Using 1 of 3 workers for concurrent weak references
[10.448s][info][gc,ref      ] GC(14) Encountered references: Soft: 144, Weak: 702, Final: 0, Phantom: 27
[10.448s][info][gc,ref      ] GC(14) Discovered  references: Soft: 0, Weak: 150, Final: 0, Phantom: 12
[10.448s][info][gc,ref      ] GC(14) Enqueued    references: Soft: 0, Weak: 0, Final: 0, Phantom: 0
[10.448s][info][gc          ] GC(14) Concurrent weak references 0.113ms
[10.448s][info][gc,start    ] GC(14) Concurrent weak roots
[10.448s][info][gc,task     ] GC(14) Using 1 of 3 workers for concurrent weak root
[10.448s][info][gc          ] GC(14) Concurrent weak roots 0.472ms
[10.448s][info][gc,start    ] GC(14) Concurrent cleanup
[10.448s][info][gc          ] GC(14) Concurrent cleanup 1072M->108M(4096M) 0.042ms
[10.448s][info][gc,ergo     ] GC(14) Free: 3782M, Max: 2048K regular, 1746M humongous, Frag: 54% external, 0% internal; Reserve: 206M, Max: 2048K
[10.448s][info][gc,start    ] GC(14) Concurrent class unloading
[10.448s][info][gc,task     ] GC(14) Using 1 of 3 workers for concurrent class unloading
[10.450s][info][gc          ] GC(14) Concurrent class unloading 2.141ms
[10.450s][info][gc,start    ] GC(14) Pause Final Roots
[10.450s][info][gc          ] GC(14) Pause Final Roots 0.024ms
[10.451s][info][gc,ergo     ] Free: 3780M, Max: 2048K regular, 1746M humongous, Frag: 54% external, 0% internal; Reserve: 206M, Max: 2048K
[10.451s][info][gc,stats    ] 
[10.451s][info][gc,stats    ] All times are wall-clock times, except per-root-class counters, that are sum over
[10.451s][info][gc,stats    ] all workers. Dividing the <total> over the root stage time estimates parallelism.
[10.451s][info][gc,stats    ] 
[10.451s][info][gc,stats    ] Concurrent Reset                    705 us
[10.451s][info][gc,stats    ] Pause Init Mark (G)                 392 us
[10.451s][info][gc,stats    ] Pause Init Mark (N)                 225 us
[10.451s][info][gc,stats    ]   Update Region States               91 us
[10.451s][info][gc,stats    ] Concurrent Mark Roots               485 us, parallelism: 0.68x
[10.451s][info][gc,stats    ]   CMR: <total>                      330 us
[10.451s][info][gc,stats    ]   CMR: Thread Roots                 291 us, workers (us): 291, ---, ---, 
[10.451s][info][gc,stats    ]   CMR: VM Strong Roots                5 us, workers (us):   5, ---, ---, 
[10.451s][info][gc,stats    ]   CMR: CLDG Roots                    34 us, workers (us):  34, ---, ---, 
[10.451s][info][gc,stats    ] Concurrent Marking                21289 us
[10.451s][info][gc,stats    ] Pause Final Mark (G)                371 us
[10.451s][info][gc,stats    ] Pause Final Mark (N)                279 us
[10.451s][info][gc,stats    ]   Finish Mark                        84 us
[10.451s][info][gc,stats    ]   Update Region States               45 us
[10.451s][info][gc,stats    ]   Choose Collection Set              47 us
[10.451s][info][gc,stats    ]   Rebuild Free Set                   17 us
[10.451s][info][gc,stats    ] Concurrent Weak References          120 us, parallelism: 0.04x
[10.451s][info][gc,stats    ]   CWRF: <total>                       5 us
[10.451s][info][gc,stats    ]   CWRF: Weak References               5 us, workers (us):   5, ---, ---, 
[10.451s][info][gc,stats    ] Concurrent Weak Roots               491 us
[10.451s][info][gc,stats    ]   Roots                             407 us, parallelism: 0.87x
[10.451s][info][gc,stats    ]     CWR: <total>                    354 us
[10.451s][info][gc,stats    ]     CWR: Code Cache Roots           288 us, workers (us): 288, ---, ---, 
[10.451s][info][gc,stats    ]     CWR: VM Weak Roots               61 us, workers (us):  61, ---, ---, 
[10.451s][info][gc,stats    ]     CWR: CLDG Roots                   5 us, workers (us):   5, ---, ---, 
[10.451s][info][gc,stats    ]   Rendezvous                         50 us
[10.451s][info][gc,stats    ] Concurrent Cleanup                   50 us
[10.451s][info][gc,stats    ] Concurrent Class Unloading         2190 us
[10.451s][info][gc,stats    ]   Unlink Stale                     1974 us
[10.451s][info][gc,stats    ]     System Dictionary                 3 us
[10.451s][info][gc,stats    ]     Weak Class Links                  0 us
[10.451s][info][gc,stats    ]     Code Roots                     1970 us
[10.451s][info][gc,stats    ]   Rendezvous                         39 us
[10.451s][info][gc,stats    ]   Purge Unlinked                    109 us
[10.451s][info][gc,stats    ]     Code Roots                      100 us
[10.451s][info][gc,stats    ]     CLDG                              8 us
[10.451s][info][gc,stats    ]     Exception Caches                  0 us
[10.451s][info][gc,stats    ] Pause Final Roots (G)               121 us
[10.451s][info][gc,stats    ] Pause Final Roots (N)                32 us
[10.451s][info][gc,stats    ] 
[10.451s][info][gc,stats    ] Allocation pacing accrued:
[10.451s][info][gc,stats    ]       0 of   459 ms (  0.0%): <total>
[10.451s][info][gc,stats    ]       0 of   459 ms (  0.0%): <average total>
[10.451s][info][gc,stats    ] 
[10.451s][info][gc,metaspace] Metaspace: 8894K(9152K)->8894K(9152K) NonClass: 7721K(7872K)->7721K(7872K) Class: 1172K(1280K)->1172K(1280K)
[10.451s][info][gc,ergo     ] Pacer for Idle. Initial: 83886K, Alloc Tax Rate: 1.0x
[12.088s][info][gc          ] Trigger: Explicit GC request (System.gc())
[12.088s][info][gc,ergo     ] Free: 980M, Max: 2048K regular, 980M humongous, Frag: 0% external, 0% internal; Reserve: 206M, Max: 2048K
[12.088s][info][gc,start    ] GC(15) Concurrent reset
[12.088s][info][gc,task     ] GC(15) Using 1 of 3 workers for concurrent reset
[12.088s][info][gc,ergo     ] GC(15) Pacer for Reset. Non-Taxable: 4096M
[12.089s][info][gc          ] GC(15) Concurrent reset 0.786ms
[12.089s][info][gc,start    ] GC(15) Pause Init Mark (unload classes)
[12.089s][info][gc,task     ] GC(15) Using 3 of 3 workers for init marking
[12.089s][info][gc,ref      ] GC(15) Clearing All SoftReferences
[12.089s][info][gc,ergo     ] GC(15) Pacer for Mark. Expected Live: 9461K, Free: 980M, Non-Taxable: 100352K, Alloc Tax Rate: 0.0x
[12.089s][info][gc          ] GC(15) Pause Init Mark (unload classes) 0.186ms
[12.089s][info][gc,start    ] GC(15) Concurrent marking roots
[12.089s][info][gc,task     ] GC(15) Using 1 of 3 workers for concurrent marking roots
[12.090s][info][gc          ] GC(15) Concurrent marking roots 0.402ms
[12.090s][info][gc,start    ] GC(15) Concurrent marking (unload classes)
[12.090s][info][gc,task     ] GC(15) Using 1 of 3 workers for concurrent marking
[12.093s][info][gc          ] GC(15) Concurrent marking (unload classes) 3.575ms
[12.094s][info][gc,start    ] GC(15) Pause Final Mark (unload classes)
[12.094s][info][gc,task     ] GC(15) Using 3 of 3 workers for final marking
[12.094s][info][gc,ergo     ] GC(15) Collectable Garbage: 2879M (99%), Immediate: 2879M (99%), CSet: 0B (0%)
[12.094s][info][gc          ] GC(15) Pause Final Mark (unload classes) 0.380ms
[12.094s][info][gc,start    ] GC(15) Concurrent weak references
[12.094s][info][gc,task     ] GC(15) Using 1 of 3 workers for concurrent weak references
[12.094s][info][gc,ref      ] GC(15) Encountered references: Soft: 144, Weak: 702, Final: 0, Phantom: 27
[12.094s][info][gc,ref      ] GC(15) Discovered  references: Soft: 88, Weak: 168, Final: 0, Phantom: 25
[12.094s][info][gc,ref      ] GC(15) Enqueued    references: Soft: 3, Weak: 0, Final: 0, Phantom: 0
[12.094s][info][gc          ] GC(15) Concurrent weak references 0.122ms
[12.094s][info][gc,start    ] GC(15) Concurrent weak roots
[12.094s][info][gc,task     ] GC(15) Using 1 of 3 workers for concurrent weak root
[12.095s][info][gc          ] GC(15) Concurrent weak roots 0.740ms
[12.095s][info][gc,start    ] GC(15) Concurrent cleanup
[12.095s][info][gc          ] GC(15) Concurrent cleanup 2909M->30M(4096M) 0.086ms
[12.095s][info][gc,ergo     ] GC(15) Free: 3860M, Max: 2048K regular, 2720M humongous, Frag: 30% external, 0% internal; Reserve: 206M, Max: 2048K
[12.095s][info][gc,start    ] GC(15) Concurrent class unloading
[12.095s][info][gc,task     ] GC(15) Using 1 of 3 workers for concurrent class unloading
[12.097s][info][gc          ] GC(15) Concurrent class unloading 2.272ms
[12.097s][info][gc,start    ] GC(15) Pause Final Roots
[12.097s][info][gc          ] GC(15) Pause Final Roots 0.066ms
[12.098s][info][gc,ergo     ] Free: 3860M, Max: 2048K regular, 2720M humongous, Frag: 30% external, 0% internal; Reserve: 206M, Max: 2048K
[12.098s][info][gc,stats    ] 
[12.098s][info][gc,stats    ] All times are wall-clock times, except per-root-class counters, that are sum over
[12.098s][info][gc,stats    ] all workers. Dividing the <total> over the root stage time estimates parallelism.
[12.098s][info][gc,stats    ] 
[12.098s][info][gc,stats    ] Concurrent Reset                    822 us
[12.098s][info][gc,stats    ] Pause Init Mark (G)                 316 us
[12.098s][info][gc,stats    ] Pause Init Mark (N)                 202 us
[12.098s][info][gc,stats    ]   Update Region States               69 us
[12.098s][info][gc,stats    ] Concurrent Mark Roots               428 us, parallelism: 0.74x
[12.098s][info][gc,stats    ]   CMR: <total>                      318 us
[12.098s][info][gc,stats    ]   CMR: Thread Roots                 279 us, workers (us): 279, ---, ---, 
[12.098s][info][gc,stats    ]   CMR: VM Strong Roots                4 us, workers (us):   4, ---, ---, 
[12.098s][info][gc,stats    ]   CMR: CLDG Roots                    35 us, workers (us):  35, ---, ---, 
[12.098s][info][gc,stats    ] Concurrent Marking                 3636 us
[12.098s][info][gc,stats    ] Pause Final Mark (G)                507 us
[12.098s][info][gc,stats    ] Pause Final Mark (N)                400 us
[12.098s][info][gc,stats    ]   Finish Mark                        92 us
[12.098s][info][gc,stats    ]   Update Region States               99 us
[12.098s][info][gc,stats    ]   Choose Collection Set              72 us
[12.098s][info][gc,stats    ]   Rebuild Free Set                   16 us
[12.098s][info][gc,stats    ] Concurrent Weak References          130 us, parallelism: 0.07x
[12.098s][info][gc,stats    ]   CWRF: <total>                       9 us
[12.098s][info][gc,stats    ]   CWRF: Weak References               9 us, workers (us):   9, ---, ---, 
[12.098s][info][gc,stats    ] Concurrent Weak Roots               760 us
[12.098s][info][gc,stats    ]   Roots                             629 us, parallelism: 0.92x
[12.098s][info][gc,stats    ]     CWR: <total>                    576 us
[12.098s][info][gc,stats    ]     CWR: Code Cache Roots           502 us, workers (us): 502, ---, ---, 
[12.098s][info][gc,stats    ]     CWR: VM Weak Roots               68 us, workers (us):  68, ---, ---, 
[12.098s][info][gc,stats    ]     CWR: CLDG Roots                   6 us, workers (us):   6, ---, ---, 
[12.098s][info][gc,stats    ]   Rendezvous                         95 us
[12.098s][info][gc,stats    ] Concurrent Cleanup                   94 us
[12.098s][info][gc,stats    ] Concurrent Class Unloading         2325 us
[12.098s][info][gc,stats    ]   Unlink Stale                     1992 us
[12.098s][info][gc,stats    ]     System Dictionary                 3 us
[12.098s][info][gc,stats    ]     Weak Class Links                  0 us
[12.098s][info][gc,stats    ]     Code Roots                     1987 us
[12.098s][info][gc,stats    ]   Rendezvous                        135 us
[12.098s][info][gc,stats    ]   Purge Unlinked                    126 us
[12.098s][info][gc,stats    ]     Code Roots                      117 us
[12.098s][info][gc,stats    ]     CLDG                              8 us
[12.098s][info][gc,stats    ]     Exception Caches                  0 us
[12.098s][info][gc,stats    ] Pause Final Roots (G)               186 us
[12.098s][info][gc,stats    ] Pause Final Roots (N)                85 us
[12.098s][info][gc,stats    ] 
[12.098s][info][gc,stats    ] Allocation pacing accrued:
[12.098s][info][gc,stats    ]       0 of  1647 ms (  0.0%): <total>
[12.098s][info][gc,stats    ]       0 of  1647 ms (  0.0%): <average total>
[12.098s][info][gc,stats    ] 
[12.098s][info][gc,metaspace] Metaspace: 8894K(9152K)->8894K(9152K) NonClass: 7721K(7872K)->7721K(7872K) Class: 1172K(1280K)->1172K(1280K)
[12.098s][info][gc,ergo     ] Pacer for Idle. Initial: 83886K, Alloc Tax Rate: 1.0x
[12.559s][info][gc          ] Trigger: Learning 2 of 5. Free (2862M) is below initial threshold (2867M)
[12.560s][info][gc,ergo     ] Free: 2862M, Max: 2048K regular, 1770M humongous, Frag: 39% external, 0% internal; Reserve: 206M, Max: 2048K
[12.560s][info][gc,start    ] GC(16) Concurrent reset
[12.560s][info][gc,task     ] GC(16) Using 1 of 3 workers for concurrent reset
[12.560s][info][gc,ergo     ] GC(16) Pacer for Reset. Non-Taxable: 4096M
[12.560s][info][gc          ] GC(16) Concurrent reset 0.408ms
[12.560s][info][gc,start    ] GC(16) Pause Init Mark (unload classes)
[12.560s][info][gc,task     ] GC(16) Using 3 of 3 workers for init marking
[12.560s][info][gc,ergo     ] GC(16) Pacer for Mark. Expected Live: 9461K, Free: 2860M, Non-Taxable: 286M, Alloc Tax Rate: 0.0x
[12.560s][info][gc          ] GC(16) Pause Init Mark (unload classes) 0.170ms
[12.560s][info][gc,start    ] GC(16) Concurrent marking roots
[12.560s][info][gc,task     ] GC(16) Using 1 of 3 workers for concurrent marking roots
[12.561s][info][gc          ] GC(16) Concurrent marking roots 0.423ms
[12.561s][info][gc,start    ] GC(16) Concurrent marking (unload classes)
[12.561s][info][gc,task     ] GC(16) Using 1 of 3 workers for concurrent marking
[12.569s][info][gc          ] GC(16) Concurrent marking (unload classes) 8.154ms
[12.569s][info][gc,start    ] GC(16) Pause Final Mark (unload classes)
[12.569s][info][gc,task     ] GC(16) Using 3 of 3 workers for final marking
[12.569s][info][gc,ergo     ] GC(16) Collectable Garbage: 980M (95%), Immediate: 980M (95%), CSet: 0B (0%)
[12.569s][info][gc          ] GC(16) Pause Final Mark (unload classes) 0.356ms
[12.570s][info][gc,start    ] GC(16) Concurrent weak references
[12.570s][info][gc,task     ] GC(16) Using 1 of 3 workers for concurrent weak references
[12.570s][info][gc,ref      ] GC(16) Encountered references: Soft: 144, Weak: 702, Final: 0, Phantom: 27
[12.570s][info][gc,ref      ] GC(16) Discovered  references: Soft: 0, Weak: 150, Final: 0, Phantom: 12
[12.570s][info][gc,ref      ] GC(16) Enqueued    references: Soft: 0, Weak: 0, Final: 0, Phantom: 0
[12.570s][info][gc          ] GC(16) Concurrent weak references 0.101ms
[12.570s][info][gc,start    ] GC(16) Concurrent weak roots
[12.570s][info][gc,task     ] GC(16) Using 1 of 3 workers for concurrent weak root
[12.570s][info][gc          ] GC(16) Concurrent weak roots 0.540ms
[12.570s][info][gc,start    ] GC(16) Concurrent cleanup
[12.570s][info][gc          ] GC(16) Concurrent cleanup 1050M->70M(4096M) 0.043ms
[12.570s][info][gc,ergo     ] GC(16) Free: 3820M, Max: 2048K regular, 1748M humongous, Frag: 55% external, 0% internal; Reserve: 206M, Max: 2048K
[12.570s][info][gc,start    ] GC(16) Concurrent class unloading
[12.570s][info][gc,task     ] GC(16) Using 1 of 3 workers for concurrent class unloading
[12.572s][info][gc          ] GC(16) Concurrent class unloading 1.714ms
[12.572s][info][gc,start    ] GC(16) Pause Final Roots
[12.572s][info][gc          ] GC(16) Pause Final Roots 0.023ms
[12.572s][info][gc,ergo     ] Free: 3816M, Max: 2048K regular, 1748M humongous, Frag: 55% external, 0% internal; Reserve: 206M, Max: 2048K
[12.572s][info][gc,stats    ] 
[12.572s][info][gc,stats    ] All times are wall-clock times, except per-root-class counters, that are sum over
[12.572s][info][gc,stats    ] all workers. Dividing the <total> over the root stage time estimates parallelism.
[12.572s][info][gc,stats    ] 
[12.572s][info][gc,stats    ] Concurrent Reset                    452 us
[12.572s][info][gc,stats    ] Pause Init Mark (G)                 356 us
[12.572s][info][gc,stats    ] Pause Init Mark (N)                 187 us
[12.572s][info][gc,stats    ]   Update Region States               70 us
[12.572s][info][gc,stats    ] Concurrent Mark Roots               445 us, parallelism: 0.72x
[12.572s][info][gc,stats    ]   CMR: <total>                      322 us
[12.572s][info][gc,stats    ]   CMR: Thread Roots                 283 us, workers (us): 283, ---, ---, 
[12.572s][info][gc,stats    ]   CMR: VM Strong Roots                4 us, workers (us):   4, ---, ---, 
[12.572s][info][gc,stats    ]   CMR: CLDG Roots                    35 us, workers (us):  35, ---, ---, 
[12.573s][info][gc,stats    ] Concurrent Marking                 8214 us
[12.573s][info][gc,stats    ] Pause Final Mark (G)                507 us
[12.573s][info][gc,stats    ] Pause Final Mark (N)                375 us
[12.573s][info][gc,stats    ]   Finish Mark                       122 us
[12.573s][info][gc,stats    ]   Update Region States               89 us
[12.573s][info][gc,stats    ]   Choose Collection Set              65 us
[12.573s][info][gc,stats    ]   Rebuild Free Set                   17 us
[12.573s][info][gc,stats    ] Concurrent Weak References          108 us, parallelism: 0.07x
[12.573s][info][gc,stats    ]   CWRF: <total>                       8 us
[12.573s][info][gc,stats    ]   CWRF: Weak References               8 us, workers (us):   8, ---, ---, 
[12.573s][info][gc,stats    ] Concurrent Weak Roots               559 us
[12.573s][info][gc,stats    ]   Roots                             442 us, parallelism: 0.88x
[12.573s][info][gc,stats    ]     CWR: <total>                    390 us
[12.573s][info][gc,stats    ]     CWR: Code Cache Roots           324 us, workers (us): 324, ---, ---, 
[12.573s][info][gc,stats    ]     CWR: VM Weak Roots               61 us, workers (us):  61, ---, ---, 
[12.573s][info][gc,stats    ]     CWR: CLDG Roots                   5 us, workers (us):   5, ---, ---, 
[12.573s][info][gc,stats    ]   Rendezvous                         83 us
[12.573s][info][gc,stats    ] Concurrent Cleanup                   51 us
[12.573s][info][gc,stats    ] Concurrent Class Unloading         1762 us
[12.573s][info][gc,stats    ]   Unlink Stale                     1552 us
[12.573s][info][gc,stats    ]     System Dictionary                 3 us
[12.573s][info][gc,stats    ]     Weak Class Links                  0 us
[12.573s][info][gc,stats    ]     Code Roots                     1548 us
[12.573s][info][gc,stats    ]   Rendezvous                         51 us
[12.573s][info][gc,stats    ]   Purge Unlinked                     92 us
[12.573s][info][gc,stats    ]     Code Roots                       83 us
[12.573s][info][gc,stats    ]     CLDG                              9 us
[12.573s][info][gc,stats    ]     Exception Caches                  0 us
[12.573s][info][gc,stats    ] Pause Final Roots (G)               149 us
[12.573s][info][gc,stats    ] Pause Final Roots (N)                31 us
[12.573s][info][gc,stats    ] 
[12.573s][info][gc,stats    ] Allocation pacing accrued:
[12.573s][info][gc,stats    ]       0 of   475 ms (  0.0%): <total>
[12.573s][info][gc,stats    ]       0 of   475 ms (  0.0%): <average total>
[12.573s][info][gc,stats    ] 
[12.573s][info][gc,metaspace] Metaspace: 8894K(9152K)->8894K(9152K) NonClass: 7721K(7872K)->7721K(7872K) Class: 1172K(1280K)->1172K(1280K)
[12.573s][info][gc,ergo     ] Pacer for Idle. Initial: 83886K, Alloc Tax Rate: 1.0x
[13.031s][info][gc          ] Trigger: Learning 3 of 5. Free (2850M) is below initial threshold (2867M)
[13.031s][info][gc,ergo     ] Free: 2850M, Max: 2048K regular, 1748M humongous, Frag: 39% external, 0% internal; Reserve: 206M, Max: 2048K
[13.031s][info][gc,start    ] GC(17) Concurrent reset
[13.031s][info][gc,task     ] GC(17) Using 1 of 3 workers for concurrent reset
[13.031s][info][gc,ergo     ] GC(17) Pacer for Reset. Non-Taxable: 4096M
[13.032s][info][gc          ] GC(17) Concurrent reset 0.499ms
[13.032s][info][gc,start    ] GC(17) Pause Init Mark (unload classes)
[13.032s][info][gc,task     ] GC(17) Using 3 of 3 workers for init marking
[13.032s][info][gc,ergo     ] GC(17) Pacer for Mark. Expected Live: 9467K, Free: 2848M, Non-Taxable: 284M, Alloc Tax Rate: 0.0x
[13.032s][info][gc          ] GC(17) Pause Init Mark (unload classes) 0.218ms
[13.032s][info][gc,start    ] GC(17) Concurrent marking roots
[13.032s][info][gc,task     ] GC(17) Using 1 of 3 workers for concurrent marking roots
[13.033s][info][gc          ] GC(17) Concurrent marking roots 0.448ms
[13.033s][info][gc,start    ] GC(17) Concurrent marking (unload classes)
[13.033s][info][gc,task     ] GC(17) Using 1 of 3 workers for concurrent marking
[13.045s][info][gc          ] GC(17) Concurrent marking (unload classes) 12.658ms
[13.046s][info][gc,start    ] GC(17) Pause Final Mark (unload classes)
[13.046s][info][gc,task     ] GC(17) Using 3 of 3 workers for final marking
[13.046s][info][gc,ergo     ] GC(17) Collectable Garbage: 988M (95%), Immediate: 988M (95%), CSet: 0B (0%)
[13.046s][info][gc          ] GC(17) Pause Final Mark (unload classes) 0.362ms
[13.046s][info][gc,start    ] GC(17) Concurrent weak references
[13.046s][info][gc,task     ] GC(17) Using 1 of 3 workers for concurrent weak references
[13.046s][info][gc,ref      ] GC(17) Encountered references: Soft: 144, Weak: 702, Final: 0, Phantom: 27
[13.046s][info][gc,ref      ] GC(17) Discovered  references: Soft: 0, Weak: 150, Final: 0, Phantom: 25
[13.046s][info][gc,ref      ] GC(17) Enqueued    references: Soft: 0, Weak: 0, Final: 0, Phantom: 0
[13.046s][info][gc          ] GC(17) Concurrent weak references 0.125ms
[13.046s][info][gc,start    ] GC(17) Concurrent weak roots
[13.046s][info][gc,task     ] GC(17) Using 1 of 3 workers for concurrent weak root
[13.047s][info][gc          ] GC(17) Concurrent weak roots 0.528ms
[13.047s][info][gc,start    ] GC(17) Concurrent cleanup
[13.047s][info][gc          ] GC(17) Concurrent cleanup 1070M->82M(4096M) 0.055ms
[13.047s][info][gc,ergo     ] GC(17) Free: 3808M, Max: 2048K regular, 1726M humongous, Frag: 55% external, 0% internal; Reserve: 206M, Max: 2048K
[13.047s][info][gc,start    ] GC(17) Concurrent class unloading
[13.047s][info][gc,task     ] GC(17) Using 1 of 3 workers for concurrent class unloading
[13.049s][info][gc          ] GC(17) Concurrent class unloading 1.750ms
[13.049s][info][gc,start    ] GC(17) Pause Final Roots
[13.049s][info][gc          ] GC(17) Pause Final Roots 0.024ms
[13.049s][info][gc,ergo     ] Free: 3804M, Max: 2048K regular, 1726M humongous, Frag: 55% external, 0% internal; Reserve: 206M, Max: 2048K
[13.049s][info][gc,stats    ] 
[13.049s][info][gc,stats    ] All times are wall-clock times, except per-root-class counters, that are sum over
[13.049s][info][gc,stats    ] all workers. Dividing the <total> over the root stage time estimates parallelism.
[13.049s][info][gc,stats    ] 
[13.049s][info][gc,stats    ] Concurrent Reset                    537 us
[13.049s][info][gc,stats    ] Pause Init Mark (G)                 423 us
[13.049s][info][gc,stats    ] Pause Init Mark (N)                 239 us
[13.049s][info][gc,stats    ]   Update Region States               83 us
[13.049s][info][gc,stats    ] Concurrent Mark Roots               457 us, parallelism: 0.79x
[13.049s][info][gc,stats    ]   CMR: <total>                      362 us
[13.049s][info][gc,stats    ]   CMR: Thread Roots                 295 us, workers (us): 295, ---, ---, 
[13.049s][info][gc,stats    ]   CMR: VM Strong Roots                7 us, workers (us):   7, ---, ---, 
[13.049s][info][gc,stats    ]   CMR: CLDG Roots                    59 us, workers (us):  59, ---, ---, 
[13.049s][info][gc,stats    ] Concurrent Marking                12686 us
[13.049s][info][gc,stats    ] Pause Final Mark (G)                459 us
[13.049s][info][gc,stats    ] Pause Final Mark (N)                381 us
[13.049s][info][gc,stats    ]   Finish Mark                       125 us
[13.049s][info][gc,stats    ]   Update Region States               89 us
[13.049s][info][gc,stats    ]   Choose Collection Set              64 us
[13.049s][info][gc,stats    ]   Rebuild Free Set                   17 us
[13.049s][info][gc,stats    ] Concurrent Weak References          146 us, parallelism: 0.03x
[13.049s][info][gc,stats    ]   CWRF: <total>                       5 us
[13.049s][info][gc,stats    ]   CWRF: Weak References               5 us, workers (us):   5, ---, ---, 
[13.049s][info][gc,stats    ] Concurrent Weak Roots               538 us
[13.049s][info][gc,stats    ]   Roots                             427 us, parallelism: 0.91x
[13.049s][info][gc,stats    ]     CWR: <total>                    390 us
[13.049s][info][gc,stats    ]     CWR: Code Cache Roots           322 us, workers (us): 322, ---, ---, 
[13.049s][info][gc,stats    ]     CWR: VM Weak Roots               64 us, workers (us):  64, ---, ---, 
[13.049s][info][gc,stats    ]     CWR: CLDG Roots                   4 us, workers (us):   4, ---, ---, 
[13.049s][info][gc,stats    ]   Rendezvous                         67 us
[13.049s][info][gc,stats    ] Concurrent Cleanup                   63 us
[13.049s][info][gc,stats    ] Concurrent Class Unloading         1796 us
[13.049s][info][gc,stats    ]   Unlink Stale                     1624 us
[13.049s][info][gc,stats    ]     System Dictionary                 3 us
[13.049s][info][gc,stats    ]     Weak Class Links                  1 us
[13.049s][info][gc,stats    ]     Code Roots                     1620 us
[13.049s][info][gc,stats    ]   Rendezvous                         42 us
[13.049s][info][gc,stats    ]   Purge Unlinked                     67 us
[13.049s][info][gc,stats    ]     Code Roots                       63 us
[13.049s][info][gc,stats    ]     CLDG                              3 us
[13.049s][info][gc,stats    ]     Exception Caches                  0 us
[13.049s][info][gc,stats    ] Pause Final Roots (G)               105 us
[13.049s][info][gc,stats    ] Pause Final Roots (N)                33 us
[13.049s][info][gc,stats    ] 
[13.049s][info][gc,stats    ] Allocation pacing accrued:
[13.049s][info][gc,stats    ]       0 of   477 ms (  0.0%): <total>
[13.049s][info][gc,stats    ]       0 of   477 ms (  0.0%): <average total>
[13.049s][info][gc,stats    ] 
[13.050s][info][gc,metaspace] Metaspace: 8894K(9152K)->8894K(9152K) NonClass: 7721K(7872K)->7721K(7872K) Class: 1172K(1280K)->1172K(1280K)
[13.050s][info][gc,ergo     ] Pacer for Idle. Initial: 83886K, Alloc Tax Rate: 1.0x
[13.502s][info][gc          ] Trigger: Learning 4 of 5. Free (2852M) is below initial threshold (2867M)
[13.502s][info][gc,ergo     ] Free: 2852M, Max: 2048K regular, 1726M humongous, Frag: 40% external, 0% internal; Reserve: 206M, Max: 2048K
[13.503s][info][gc,start    ] GC(18) Concurrent reset
[13.503s][info][gc,task     ] GC(18) Using 1 of 3 workers for concurrent reset
[13.503s][info][gc,ergo     ] GC(18) Pacer for Reset. Non-Taxable: 4096M
[13.503s][info][gc          ] GC(18) Concurrent reset 0.610ms
[13.503s][info][gc,start    ] GC(18) Pause Init Mark (unload classes)
[13.503s][info][gc,task     ] GC(18) Using 3 of 3 workers for init marking
[13.504s][info][gc,ergo     ] GC(18) Pacer for Mark. Expected Live: 9463K, Free: 2850M, Non-Taxable: 285M, Alloc Tax Rate: 0.0x
[13.504s][info][gc          ] GC(18) Pause Init Mark (unload classes) 0.243ms
[13.504s][info][gc,start    ] GC(18) Concurrent marking roots
[13.504s][info][gc,task     ] GC(18) Using 1 of 3 workers for concurrent marking roots
[13.504s][info][gc          ] GC(18) Concurrent marking roots 0.748ms
[13.504s][info][gc,start    ] GC(18) Concurrent marking (unload classes)
[13.504s][info][gc,task     ] GC(18) Using 1 of 3 workers for concurrent marking
[13.521s][info][gc          ] GC(18) Concurrent marking (unload classes) 17.056ms
[13.522s][info][gc,start    ] GC(18) Pause Final Mark (unload classes)
[13.522s][info][gc,task     ] GC(18) Using 3 of 3 workers for final marking
[13.522s][info][gc,ergo     ] GC(18) Collectable Garbage: 976M (94%), Immediate: 976M (94%), CSet: 0B (0%)
[13.522s][info][gc          ] GC(18) Pause Final Mark (unload classes) 0.352ms
[13.522s][info][gc,start    ] GC(18) Concurrent weak references
[13.522s][info][gc,task     ] GC(18) Using 1 of 3 workers for concurrent weak references
[13.522s][info][gc,ref      ] GC(18) Encountered references: Soft: 144, Weak: 702, Final: 0, Phantom: 27
[13.522s][info][gc,ref      ] GC(18) Discovered  references: Soft: 0, Weak: 150, Final: 0, Phantom: 12
[13.522s][info][gc,ref      ] GC(18) Enqueued    references: Soft: 0, Weak: 0, Final: 0, Phantom: 0
[13.522s][info][gc          ] GC(18) Concurrent weak references 0.112ms
[13.522s][info][gc,start    ] GC(18) Concurrent weak roots
[13.522s][info][gc,task     ] GC(18) Using 1 of 3 workers for concurrent weak root
[13.523s][info][gc          ] GC(18) Concurrent weak roots 0.544ms
[13.523s][info][gc,start    ] GC(18) Concurrent cleanup
[13.523s][info][gc          ] GC(18) Concurrent cleanup 1078M->102M(4096M) 0.043ms
[13.523s][info][gc,ergo     ] GC(18) Free: 3788M, Max: 2048K regular, 1718M humongous, Frag: 55% external, 0% internal; Reserve: 206M, Max: 2048K
[13.523s][info][gc,start    ] GC(18) Concurrent class unloading
[13.523s][info][gc,task     ] GC(18) Using 1 of 3 workers for concurrent class unloading
[13.524s][info][gc          ] GC(18) Concurrent class unloading 1.697ms
[13.525s][info][gc,start    ] GC(18) Pause Final Roots
[13.525s][info][gc          ] GC(18) Pause Final Roots 0.040ms
[13.525s][info][gc,ergo     ] Free: 3784M, Max: 2048K regular, 1718M humongous, Frag: 55% external, 0% internal; Reserve: 206M, Max: 2048K
[13.525s][info][gc,stats    ] 
[13.525s][info][gc,stats    ] All times are wall-clock times, except per-root-class counters, that are sum over
[13.525s][info][gc,stats    ] all workers. Dividing the <total> over the root stage time estimates parallelism.
[13.525s][info][gc,stats    ] 
[13.525s][info][gc,stats    ] Concurrent Reset                    677 us
[13.525s][info][gc,stats    ] Pause Init Mark (G)                 413 us
[13.525s][info][gc,stats    ] Pause Init Mark (N)                 262 us
[13.525s][info][gc,stats    ]   Update Region States              115 us
[13.525s][info][gc,stats    ] Concurrent Mark Roots               771 us, parallelism: 0.84x
[13.525s][info][gc,stats    ]   CMR: <total>                      646 us
[13.525s][info][gc,stats    ]   CMR: Thread Roots                 576 us, workers (us): 576, ---, ---, 
[13.525s][info][gc,stats    ]   CMR: VM Strong Roots                6 us, workers (us):   6, ---, ---, 
[13.525s][info][gc,stats    ]   CMR: CLDG Roots                    64 us, workers (us):  64, ---, ---, 
[13.525s][info][gc,stats    ] Concurrent Marking                17111 us
[13.525s][info][gc,stats    ] Pause Final Mark (G)                489 us
[13.525s][info][gc,stats    ] Pause Final Mark (N)                372 us
[13.525s][info][gc,stats    ]   Finish Mark                       106 us
[13.525s][info][gc,stats    ]   Update Region States               89 us
[13.525s][info][gc,stats    ]   Choose Collection Set              62 us
[13.525s][info][gc,stats    ]   Rebuild Free Set                   17 us
[13.525s][info][gc,stats    ] Concurrent Weak References          120 us, parallelism: 0.04x
[13.525s][info][gc,stats    ]   CWRF: <total>                       5 us
[13.525s][info][gc,stats    ]   CWRF: Weak References               5 us, workers (us):   5, ---, ---, 
[13.525s][info][gc,stats    ] Concurrent Weak Roots               562 us
[13.525s][info][gc,stats    ]   Roots                             446 us, parallelism: 0.88x
[13.525s][info][gc,stats    ]     CWR: <total>                    393 us
[13.525s][info][gc,stats    ]     CWR: Code Cache Roots           325 us, workers (us): 325, ---, ---, 
[13.525s][info][gc,stats    ]     CWR: VM Weak Roots               61 us, workers (us):  61, ---, ---, 
[13.525s][info][gc,stats    ]     CWR: CLDG Roots                   7 us, workers (us):   7, ---, ---, 
[13.525s][info][gc,stats    ]   Rendezvous                         83 us
[13.525s][info][gc,stats    ] Concurrent Cleanup                   51 us
[13.525s][info][gc,stats    ] Concurrent Class Unloading         1739 us
[13.525s][info][gc,stats    ]   Unlink Stale                     1539 us
[13.525s][info][gc,stats    ]     System Dictionary                 2 us
[13.525s][info][gc,stats    ]     Weak Class Links                  0 us
[13.525s][info][gc,stats    ]     Code Roots                     1536 us
[13.525s][info][gc,stats    ]   Rendezvous                         56 us
[13.525s][info][gc,stats    ]   Purge Unlinked                     85 us
[13.525s][info][gc,stats    ]     Code Roots                       79 us
[13.525s][info][gc,stats    ]     CLDG                              5 us
[13.525s][info][gc,stats    ]     Exception Caches                  0 us
[13.525s][info][gc,stats    ] Pause Final Roots (G)               184 us
[13.525s][info][gc,stats    ] Pause Final Roots (N)                58 us
[13.525s][info][gc,stats    ] 
[13.525s][info][gc,stats    ] Allocation pacing accrued:
[13.525s][info][gc,stats    ]       0 of   476 ms (  0.0%): <total>
[13.525s][info][gc,stats    ]       0 of   476 ms (  0.0%): <average total>
[13.525s][info][gc,stats    ] 
[13.525s][info][gc,metaspace] Metaspace: 8894K(9152K)->8894K(9152K) NonClass: 7721K(7872K)->7721K(7872K) Class: 1172K(1280K)->1172K(1280K)
[13.525s][info][gc,ergo     ] Pacer for Idle. Initial: 83886K, Alloc Tax Rate: 1.0x
[13.958s][info][gc          ] Trigger: Learning 5 of 5. Free (2856M) is below initial threshold (2867M)
[13.958s][info][gc,ergo     ] Free: 2856M, Max: 2048K regular, 1718M humongous, Frag: 40% external, 0% internal; Reserve: 206M, Max: 2048K
[13.958s][info][gc,start    ] GC(19) Concurrent reset
[13.958s][info][gc,task     ] GC(19) Using 1 of 3 workers for concurrent reset
[13.958s][info][gc,ergo     ] GC(19) Pacer for Reset. Non-Taxable: 4096M
[13.958s][info][gc          ] GC(19) Concurrent reset 0.358ms
[13.989s][info][gc,start    ] GC(19) Pause Init Mark (unload classes)
[13.989s][info][gc,task     ] GC(19) Using 3 of 3 workers for init marking
[13.989s][info][gc,ergo     ] GC(19) Pacer for Mark. Expected Live: 9459K, Free: 2854M, Non-Taxable: 285M, Alloc Tax Rate: 0.0x
[13.989s][info][gc          ] GC(19) Pause Init Mark (unload classes) 0.320ms
[13.989s][info][gc,start    ] GC(19) Concurrent marking roots
[13.989s][info][gc,task     ] GC(19) Using 1 of 3 workers for concurrent marking roots
[13.990s][info][gc          ] GC(19) Concurrent marking roots 0.941ms
[13.990s][info][gc,start    ] GC(19) Concurrent marking (unload classes)
[13.990s][info][gc,task     ] GC(19) Using 1 of 3 workers for concurrent marking
[14.012s][info][gc          ] GC(19) Concurrent marking (unload classes) 22.105ms
[14.012s][info][gc,start    ] GC(19) Pause Final Mark (unload classes)
[14.012s][info][gc,task     ] GC(19) Using 3 of 3 workers for final marking
[14.013s][info][gc,ergo     ] GC(19) Collectable Garbage: 966M (94%), Immediate: 966M (94%), CSet: 0B (0%)
[14.013s][info][gc          ] GC(19) Pause Final Mark (unload classes) 0.294ms
[14.013s][info][gc,start    ] GC(19) Concurrent weak references
[14.013s][info][gc,task     ] GC(19) Using 1 of 3 workers for concurrent weak references
[14.013s][info][gc,ref      ] GC(19) Encountered references: Soft: 144, Weak: 702, Final: 0, Phantom: 27
[14.013s][info][gc,ref      ] GC(19) Discovered  references: Soft: 0, Weak: 150, Final: 0, Phantom: 12
[14.013s][info][gc,ref      ] GC(19) Enqueued    references: Soft: 0, Weak: 0, Final: 0, Phantom: 0
[14.013s][info][gc          ] GC(19) Concurrent weak references 0.112ms
[14.013s][info][gc,start    ] GC(19) Concurrent weak roots
[14.013s][info][gc,task     ] GC(19) Using 1 of 3 workers for concurrent weak root
[14.013s][info][gc          ] GC(19) Concurrent weak roots 0.555ms
[14.013s][info][gc,start    ] GC(19) Concurrent cleanup
[14.014s][info][gc          ] GC(19) Concurrent cleanup 1084M->118M(4096M) 0.044ms
[14.014s][info][gc,ergo     ] GC(19) Free: 3772M, Max: 2048K regular, 1712M humongous, Frag: 55% external, 0% internal; Reserve: 206M, Max: 2048K
[14.014s][info][gc,start    ] GC(19) Concurrent class unloading
[14.014s][info][gc,task     ] GC(19) Using 1 of 3 workers for concurrent class unloading
[14.016s][info][gc          ] GC(19) Concurrent class unloading 2.257ms
[14.016s][info][gc,start    ] GC(19) Pause Final Roots
[14.016s][info][gc          ] GC(19) Pause Final Roots 0.040ms
[14.016s][info][gc,ergo     ] Free: 3766M, Max: 2048K regular, 1712M humongous, Frag: 55% external, 0% internal; Reserve: 206M, Max: 2048K
[14.016s][info][gc,stats    ] 
[14.016s][info][gc,stats    ] All times are wall-clock times, except per-root-class counters, that are sum over
[14.016s][info][gc,stats    ] all workers. Dividing the <total> over the root stage time estimates parallelism.
[14.016s][info][gc,stats    ] 
[14.016s][info][gc,stats    ] Concurrent Reset                    402 us
[14.016s][info][gc,stats    ] Pause Init Mark (G)               31024 us
[14.016s][info][gc,stats    ] Pause Init Mark (N)                 348 us
[14.016s][info][gc,stats    ]   Update Region States              124 us
[14.016s][info][gc,stats    ] Concurrent Mark Roots               960 us, parallelism: 0.79x
[14.016s][info][gc,stats    ]   CMR: <total>                      763 us
[14.016s][info][gc,stats    ]   CMR: Thread Roots                 654 us, workers (us): 654, ---, ---, 
[14.016s][info][gc,stats    ]   CMR: VM Strong Roots               12 us, workers (us):  12, ---, ---, 
[14.016s][info][gc,stats    ]   CMR: CLDG Roots                    97 us, workers (us):  97, ---, ---, 
[14.016s][info][gc,stats    ] Concurrent Marking                22171 us
[14.016s][info][gc,stats    ] Pause Final Mark (G)                423 us
[14.016s][info][gc,stats    ] Pause Final Mark (N)                313 us
[14.016s][info][gc,stats    ]   Finish Mark                        62 us
[14.016s][info][gc,stats    ]   Update Region States               78 us
[14.016s][info][gc,stats    ]   Choose Collection Set              62 us
[14.016s][info][gc,stats    ]   Rebuild Free Set                   17 us
[14.016s][info][gc,stats    ] Concurrent Weak References          119 us, parallelism: 0.04x
[14.016s][info][gc,stats    ]   CWRF: <total>                       5 us
[14.016s][info][gc,stats    ]   CWRF: Weak References               5 us, workers (us):   5, ---, ---, 
[14.016s][info][gc,stats    ] Concurrent Weak Roots               575 us
[14.016s][info][gc,stats    ]   Roots                             441 us, parallelism: 0.88x
[14.016s][info][gc,stats    ]     CWR: <total>                    388 us
[14.016s][info][gc,stats    ]     CWR: Code Cache Roots           322 us, workers (us): 322, ---, ---, 
[14.017s][info][gc,stats    ]     CWR: VM Weak Roots               61 us, workers (us):  61, ---, ---, 
[14.017s][info][gc,stats    ]     CWR: CLDG Roots                   5 us, workers (us):   5, ---, ---, 
[14.017s][info][gc,stats    ]   Rendezvous                         98 us
[14.017s][info][gc,stats    ] Concurrent Cleanup                   53 us
[14.017s][info][gc,stats    ] Concurrent Class Unloading         2306 us
[14.017s][info][gc,stats    ]   Unlink Stale                     1903 us
[14.017s][info][gc,stats    ]     System Dictionary                 2 us
[14.017s][info][gc,stats    ]     Weak Class Links                  0 us
[14.017s][info][gc,stats    ]     Code Roots                     1900 us
[14.017s][info][gc,stats    ]   Rendezvous                        202 us
[14.017s][info][gc,stats    ]   Purge Unlinked                    133 us
[14.017s][info][gc,stats    ]     Code Roots                      124 us
[14.017s][info][gc,stats    ]     CLDG                              8 us
[14.017s][info][gc,stats    ]     Exception Caches                  0 us
[14.017s][info][gc,stats    ] Pause Final Roots (G)               186 us
[14.017s][info][gc,stats    ] Pause Final Roots (N)                58 us
[14.017s][info][gc,stats    ] 
[14.017s][info][gc,stats    ] Allocation pacing accrued:
[14.017s][info][gc,stats    ]       0 of   491 ms (  0.0%): <total>
[14.017s][info][gc,stats    ]       0 of   491 ms (  0.0%): <average total>
[14.017s][info][gc,stats    ] 
[14.017s][info][gc,metaspace] Metaspace: 8894K(9152K)->8894K(9152K) NonClass: 7721K(7872K)->7721K(7872K) Class: 1172K(1280K)->1172K(1280K)
[14.017s][info][gc,ergo     ] Pacer for Idle. Initial: 83886K, Alloc Tax Rate: 1.0x
[15.669s][info][gc          ] Trigger: Explicit GC request (System.gc())
[15.669s][info][gc,ergo     ] Free: 960M, Max: 2048K regular, 960M humongous, Frag: 0% external, 0% internal; Reserve: 206M, Max: 2048K
[15.669s][info][gc,start    ] GC(20) Concurrent reset
[15.669s][info][gc,task     ] GC(20) Using 1 of 3 workers for concurrent reset
[15.670s][info][gc,ergo     ] GC(20) Pacer for Reset. Non-Taxable: 4096M
[15.670s][info][gc          ] GC(20) Concurrent reset 0.773ms
[15.670s][info][gc,start    ] GC(20) Pause Init Mark (unload classes)
[15.671s][info][gc,task     ] GC(20) Using 3 of 3 workers for init marking
[15.671s][info][gc,ref      ] GC(20) Clearing All SoftReferences
[15.671s][info][gc,ergo     ] GC(20) Pacer for Mark. Expected Live: 9452K, Free: 960M, Non-Taxable: 98304K, Alloc Tax Rate: 0.0x
[15.671s][info][gc          ] GC(20) Pause Init Mark (unload classes) 0.307ms
[15.671s][info][gc,start    ] GC(20) Concurrent marking roots
[15.671s][info][gc,task     ] GC(20) Using 1 of 3 workers for concurrent marking roots
[15.672s][info][gc          ] GC(20) Concurrent marking roots 0.834ms
[15.672s][info][gc,start    ] GC(20) Concurrent marking (unload classes)
[15.672s][info][gc,task     ] GC(20) Using 1 of 3 workers for concurrent marking
[15.675s][info][gc          ] GC(20) Concurrent marking (unload classes) 3.716ms
[15.675s][info][gc,start    ] GC(20) Pause Final Mark (unload classes)
[15.676s][info][gc,task     ] GC(20) Using 3 of 3 workers for final marking
[15.676s][info][gc,ergo     ] GC(20) Collectable Garbage: 2899M (99%), Immediate: 2899M (99%), CSet: 0B (0%)
[15.676s][info][gc          ] GC(20) Pause Final Mark (unload classes) 0.376ms
[15.676s][info][gc,start    ] GC(20) Concurrent weak references
[15.676s][info][gc,task     ] GC(20) Using 1 of 3 workers for concurrent weak references
[15.676s][info][gc,ref      ] GC(20) Encountered references: Soft: 144, Weak: 702, Final: 0, Phantom: 27
[15.676s][info][gc,ref      ] GC(20) Discovered  references: Soft: 88, Weak: 168, Final: 0, Phantom: 25
[15.676s][info][gc,ref      ] GC(20) Enqueued    references: Soft: 3, Weak: 0, Final: 0, Phantom: 0
[15.676s][info][gc          ] GC(20) Concurrent weak references 0.168ms
[15.676s][info][gc,start    ] GC(20) Concurrent weak roots
[15.676s][info][gc,task     ] GC(20) Using 1 of 3 workers for concurrent weak root
[15.677s][info][gc          ] GC(20) Concurrent weak roots 0.604ms
[15.677s][info][gc,start    ] GC(20) Concurrent cleanup
[15.677s][info][gc          ] GC(20) Concurrent cleanup 2929M->30M(4096M) 0.091ms
[15.677s][info][gc,ergo     ] GC(20) Free: 3860M, Max: 2048K regular, 2720M humongous, Frag: 30% external, 0% internal; Reserve: 206M, Max: 2048K
[15.677s][info][gc,start    ] GC(20) Concurrent class unloading
[15.677s][info][gc,task     ] GC(20) Using 1 of 3 workers for concurrent class unloading
[15.679s][info][gc          ] GC(20) Concurrent class unloading 1.893ms
[15.679s][info][gc,start    ] GC(20) Pause Final Roots
[15.679s][info][gc          ] GC(20) Pause Final Roots 0.064ms
[15.679s][info][gc,ergo     ] Free: 3860M, Max: 2048K regular, 2720M humongous, Frag: 30% external, 0% internal; Reserve: 206M, Max: 2048K
[15.679s][info][gc,stats    ] 
[15.679s][info][gc,stats    ] All times are wall-clock times, except per-root-class counters, that are sum over
[15.679s][info][gc,stats    ] all workers. Dividing the <total> over the root stage time estimates parallelism.
[15.679s][info][gc,stats    ] 
[15.679s][info][gc,stats    ] Concurrent Reset                    868 us
[15.679s][info][gc,stats    ] Pause Init Mark (G)                 462 us
[15.679s][info][gc,stats    ] Pause Init Mark (N)                 326 us
[15.679s][info][gc,stats    ]   Update Region States              122 us
[15.679s][info][gc,stats    ] Concurrent Mark Roots               857 us, parallelism: 0.84x
[15.679s][info][gc,stats    ]   CMR: <total>                      724 us
[15.679s][info][gc,stats    ]   CMR: Thread Roots                 641 us, workers (us): 641, ---, ---, 
[15.679s][info][gc,stats    ]   CMR: VM Strong Roots                8 us, workers (us):   8, ---, ---, 
[15.679s][info][gc,stats    ]   CMR: CLDG Roots                    76 us, workers (us):  76, ---, ---, 
[15.679s][info][gc,stats    ] Concurrent Marking                 3774 us
[15.679s][info][gc,stats    ] Pause Final Mark (G)                503 us
[15.679s][info][gc,stats    ] Pause Final Mark (N)                396 us
[15.679s][info][gc,stats    ]   Finish Mark                       112 us
[15.679s][info][gc,stats    ]   Update Region States               89 us
[15.679s][info][gc,stats    ]   Choose Collection Set              73 us
[15.679s][info][gc,stats    ]   Rebuild Free Set                   17 us
[15.679s][info][gc,stats    ] Concurrent Weak References          184 us, parallelism: 0.05x
[15.679s][info][gc,stats    ]   CWRF: <total>                       9 us
[15.679s][info][gc,stats    ]   CWRF: Weak References               9 us, workers (us):   9, ---, ---, 
[15.679s][info][gc,stats    ] Concurrent Weak Roots               630 us
[15.679s][info][gc,stats    ]   Roots                             452 us, parallelism: 0.84x
[15.679s][info][gc,stats    ]     CWR: <total>                    381 us
[15.680s][info][gc,stats    ]     CWR: Code Cache Roots           315 us, workers (us): 315, ---, ---, 
[15.680s][info][gc,stats    ]     CWR: VM Weak Roots               62 us, workers (us):  62, ---, ---, 
[15.680s][info][gc,stats    ]     CWR: CLDG Roots                   4 us, workers (us):   4, ---, ---, 
[15.680s][info][gc,stats    ]   Rendezvous                        118 us
[15.680s][info][gc,stats    ] Concurrent Cleanup                  100 us
[15.680s][info][gc,stats    ] Concurrent Class Unloading         1945 us
[15.680s][info][gc,stats    ]   Unlink Stale                     1724 us
[15.680s][info][gc,stats    ]     System Dictionary                 6 us
[15.680s][info][gc,stats    ]     Weak Class Links                  0 us
[15.680s][info][gc,stats    ]     Code Roots                     1716 us
[15.680s][info][gc,stats    ]   Rendezvous                         46 us
[15.680s][info][gc,stats    ]   Purge Unlinked                    105 us
[15.680s][info][gc,stats    ]     Code Roots                       96 us
[15.680s][info][gc,stats    ]     CLDG                              9 us
[15.680s][info][gc,stats    ]     Exception Caches                  0 us
[15.680s][info][gc,stats    ] Pause Final Roots (G)               208 us
[15.680s][info][gc,stats    ] Pause Final Roots (N)                87 us
[15.680s][info][gc,stats    ] 
[15.680s][info][gc,stats    ] Allocation pacing accrued:
[15.680s][info][gc,stats    ]       0 of  1663 ms (  0.0%): <total>
[15.680s][info][gc,stats    ]       0 of  1663 ms (  0.0%): <average total>
[15.680s][info][gc,stats    ] 
[15.680s][info][gc,metaspace] Metaspace: 8894K(9152K)->8894K(9152K) NonClass: 7721K(7872K)->7721K(7872K) Class: 1172K(1280K)->1172K(1280K)
[15.680s][info][gc,ergo     ] Pacer for Idle. Initial: 83886K, Alloc Tax Rate: 1.0x
[16.140s][info][gc          ] Trigger: Learning 2 of 5. Free (2866M) is below initial threshold (2867M)
[16.140s][info][gc,ergo     ] Free: 2866M, Max: 2048K regular, 1774M humongous, Frag: 39% external, 0% internal; Reserve: 206M, Max: 2048K
[16.140s][info][gc,start    ] GC(21) Concurrent reset
[16.140s][info][gc,task     ] GC(21) Using 1 of 3 workers for concurrent reset
[16.140s][info][gc,ergo     ] GC(21) Pacer for Reset. Non-Taxable: 4096M
[16.141s][info][gc          ] GC(21) Concurrent reset 0.493ms
[16.141s][info][gc,start    ] GC(21) Pause Init Mark (unload classes)
[16.141s][info][gc,task     ] GC(21) Using 3 of 3 workers for init marking
[16.141s][info][gc,ergo     ] GC(21) Pacer for Mark. Expected Live: 9452K, Free: 2864M, Non-Taxable: 286M, Alloc Tax Rate: 0.0x
[16.141s][info][gc          ] GC(21) Pause Init Mark (unload classes) 0.244ms
[16.141s][info][gc,start    ] GC(21) Concurrent marking roots
[16.141s][info][gc,task     ] GC(21) Using 1 of 3 workers for concurrent marking roots
[16.142s][info][gc          ] GC(21) Concurrent marking roots 0.847ms
[16.142s][info][gc,start    ] GC(21) Concurrent marking (unload classes)
[16.142s][info][gc,task     ] GC(21) Using 1 of 3 workers for concurrent marking
[16.150s][info][gc          ] GC(21) Concurrent marking (unload classes) 8.053ms
[16.150s][info][gc,start    ] GC(21) Pause Final Mark (unload classes)
[16.150s][info][gc,task     ] GC(21) Using 3 of 3 workers for final marking
[16.151s][info][gc,ergo     ] GC(21) Collectable Garbage: 978M (95%), Immediate: 978M (95%), CSet: 0B (0%)
[16.151s][info][gc          ] GC(21) Pause Final Mark (unload classes) 0.304ms
[16.151s][info][gc,start    ] GC(21) Concurrent weak references
[16.151s][info][gc,task     ] GC(21) Using 1 of 3 workers for concurrent weak references
[16.151s][info][gc,ref      ] GC(21) Encountered references: Soft: 144, Weak: 702, Final: 0, Phantom: 27
[16.151s][info][gc,ref      ] GC(21) Discovered  references: Soft: 0, Weak: 150, Final: 0, Phantom: 12
[16.151s][info][gc,ref      ] GC(21) Enqueued    references: Soft: 0, Weak: 0, Final: 0, Phantom: 0
[16.151s][info][gc          ] GC(21) Concurrent weak references 0.113ms
[16.151s][info][gc,start    ] GC(21) Concurrent weak roots
[16.151s][info][gc,task     ] GC(21) Using 1 of 3 workers for concurrent weak root
[16.151s][info][gc          ] GC(21) Concurrent weak roots 0.554ms
[16.151s][info][gc,start    ] GC(21) Concurrent cleanup
[16.152s][info][gc          ] GC(21) Concurrent cleanup 1048M->70M(4096M) 0.044ms
[16.152s][info][gc,ergo     ] GC(21) Free: 3820M, Max: 2048K regular, 1750M humongous, Frag: 55% external, 0% internal; Reserve: 206M, Max: 2048K
[16.152s][info][gc,start    ] GC(21) Concurrent class unloading
[16.152s][info][gc,task     ] GC(21) Using 1 of 3 workers for concurrent class unloading
[16.153s][info][gc          ] GC(21) Concurrent class unloading 1.724ms
[16.153s][info][gc,start    ] GC(21) Pause Final Roots
[16.153s][info][gc          ] GC(21) Pause Final Roots 0.023ms
[16.153s][info][gc,ergo     ] Free: 3816M, Max: 2048K regular, 1750M humongous, Frag: 55% external, 0% internal; Reserve: 206M, Max: 2048K
[16.153s][info][gc,stats    ] 
[16.153s][info][gc,stats    ] All times are wall-clock times, except per-root-class counters, that are sum over
[16.154s][info][gc,stats    ] all workers. Dividing the <total> over the root stage time estimates parallelism.
[16.154s][info][gc,stats    ] 
[16.154s][info][gc,stats    ] Concurrent Reset                    563 us
[16.154s][info][gc,stats    ] Pause Init Mark (G)                 436 us
[16.154s][info][gc,stats    ] Pause Init Mark (N)                 262 us
[16.154s][info][gc,stats    ]   Update Region States              113 us
[16.154s][info][gc,stats    ] Concurrent Mark Roots               871 us, parallelism: 0.77x
[16.154s][info][gc,stats    ]   CMR: <total>                      674 us
[16.154s][info][gc,stats    ]   CMR: Thread Roots                 583 us, workers (us): 583, ---, ---, 
[16.154s][info][gc,stats    ]   CMR: VM Strong Roots                9 us, workers (us):   9, ---, ---, 
[16.154s][info][gc,stats    ]   CMR: CLDG Roots                    82 us, workers (us):  82, ---, ---, 
[16.154s][info][gc,stats    ] Concurrent Marking                 8110 us
[16.154s][info][gc,stats    ] Pause Final Mark (G)                435 us
[16.154s][info][gc,stats    ] Pause Final Mark (N)                323 us
[16.154s][info][gc,stats    ]   Finish Mark                       101 us
[16.154s][info][gc,stats    ]   Update Region States               63 us
[16.154s][info][gc,stats    ]   Choose Collection Set              61 us
[16.154s][info][gc,stats    ]   Rebuild Free Set                   17 us
[16.154s][info][gc,stats    ] Concurrent Weak References          179 us, parallelism: 0.03x
[16.154s][info][gc,stats    ]   CWRF: <total>                       5 us
[16.154s][info][gc,stats    ]   CWRF: Weak References               5 us, workers (us):   5, ---, ---, 
[16.154s][info][gc,stats    ] Concurrent Weak Roots               573 us
[16.154s][info][gc,stats    ]   Roots                             450 us, parallelism: 0.88x
[16.154s][info][gc,stats    ]     CWR: <total>                    397 us
[16.154s][info][gc,stats    ]     CWR: Code Cache Roots           329 us, workers (us): 329, ---, ---, 
[16.154s][info][gc,stats    ]     CWR: VM Weak Roots               63 us, workers (us):  63, ---, ---, 
[16.154s][info][gc,stats    ]     CWR: CLDG Roots                   5 us, workers (us):   5, ---, ---, 
[16.154s][info][gc,stats    ]   Rendezvous                         83 us
[16.154s][info][gc,stats    ] Concurrent Cleanup                   52 us
[16.154s][info][gc,stats    ] Concurrent Class Unloading         1761 us
[16.154s][info][gc,stats    ]   Unlink Stale                     1528 us
[16.154s][info][gc,stats    ]     System Dictionary                 3 us
[16.154s][info][gc,stats    ]     Weak Class Links                  0 us
[16.154s][info][gc,stats    ]     Code Roots                     1524 us
[16.154s][info][gc,stats    ]   Rendezvous                         57 us
[16.154s][info][gc,stats    ]   Purge Unlinked                    121 us
[16.154s][info][gc,stats    ]     Code Roots                      116 us
[16.154s][info][gc,stats    ]     CLDG                              5 us
[16.154s][info][gc,stats    ]     Exception Caches                  0 us
[16.154s][info][gc,stats    ] Pause Final Roots (G)               112 us
[16.154s][info][gc,stats    ] Pause Final Roots (N)                31 us
[16.154s][info][gc,stats    ] 
[16.154s][info][gc,stats    ] Allocation pacing accrued:
[16.154s][info][gc,stats    ]       0 of   474 ms (  0.0%): <total>
[16.154s][info][gc,stats    ]       0 of   474 ms (  0.0%): <average total>
[16.154s][info][gc,stats    ] 
[16.154s][info][gc,metaspace] Metaspace: 8894K(9152K)->8894K(9152K) NonClass: 7721K(7872K)->7721K(7872K) Class: 1172K(1280K)->1172K(1280K)
[16.154s][info][gc,ergo     ] Pacer for Idle. Initial: 83886K, Alloc Tax Rate: 1.0x
[16.611s][info][gc          ] Trigger: Learning 3 of 5. Free (2850M) is below initial threshold (2867M)
[16.611s][info][gc,ergo     ] Free: 2850M, Max: 2048K regular, 1750M humongous, Frag: 39% external, 0% internal; Reserve: 206M, Max: 2048K
[16.611s][info][gc,start    ] GC(22) Concurrent reset
[16.611s][info][gc,task     ] GC(22) Using 1 of 3 workers for concurrent reset
[16.611s][info][gc,ergo     ] GC(22) Pacer for Reset. Non-Taxable: 4096M
[16.612s][info][gc          ] GC(22) Concurrent reset 0.546ms
[16.612s][info][gc,start    ] GC(22) Pause Init Mark (unload classes)
[16.612s][info][gc,task     ] GC(22) Using 3 of 3 workers for init marking
[16.612s][info][gc,ergo     ] GC(22) Pacer for Mark. Expected Live: 9451K, Free: 2850M, Non-Taxable: 285M, Alloc Tax Rate: 0.0x
[16.612s][info][gc          ] GC(22) Pause Init Mark (unload classes) 0.244ms
[16.612s][info][gc,start    ] GC(22) Concurrent marking roots
[16.612s][info][gc,task     ] GC(22) Using 1 of 3 workers for concurrent marking roots
[16.613s][info][gc          ] GC(22) Concurrent marking roots 0.530ms
[16.613s][info][gc,start    ] GC(22) Concurrent marking (unload classes)
[16.613s][info][gc,task     ] GC(22) Using 1 of 3 workers for concurrent marking
[16.626s][info][gc          ] GC(22) Concurrent marking (unload classes) 12.645ms
[16.626s][info][gc,start    ] GC(22) Pause Final Mark (unload classes)
[16.626s][info][gc,task     ] GC(22) Using 3 of 3 workers for final marking
[16.626s][info][gc,ergo     ] GC(22) Collectable Garbage: 988M (95%), Immediate: 988M (95%), CSet: 0B (0%)
[16.626s][info][gc          ] GC(22) Pause Final Mark (unload classes) 0.315ms
[16.626s][info][gc,start    ] GC(22) Concurrent weak references
[16.626s][info][gc,task     ] GC(22) Using 1 of 3 workers for concurrent weak references
[16.626s][info][gc,ref      ] GC(22) Encountered references: Soft: 144, Weak: 702, Final: 0, Phantom: 27
[16.626s][info][gc,ref      ] GC(22) Discovered  references: Soft: 0, Weak: 150, Final: 0, Phantom: 12
[16.626s][info][gc,ref      ] GC(22) Enqueued    references: Soft: 0, Weak: 0, Final: 0, Phantom: 0
[16.626s][info][gc          ] GC(22) Concurrent weak references 0.156ms
[16.626s][info][gc,start    ] GC(22) Concurrent weak roots
[16.626s][info][gc,task     ] GC(22) Using 1 of 3 workers for concurrent weak root
[16.627s][info][gc          ] GC(22) Concurrent weak roots 0.624ms
[16.627s][info][gc,start    ] GC(22) Concurrent cleanup
[16.627s][info][gc          ] GC(22) Concurrent cleanup 1070M->82M(4096M) 0.075ms
[16.627s][info][gc,ergo     ] GC(22) Free: 3808M, Max: 2048K regular, 1726M humongous, Frag: 55% external, 0% internal; Reserve: 206M, Max: 2048K
[16.627s][info][gc,start    ] GC(22) Concurrent class unloading
[16.627s][info][gc,task     ] GC(22) Using 1 of 3 workers for concurrent class unloading
[16.629s][info][gc          ] GC(22) Concurrent class unloading 1.970ms
[16.629s][info][gc,start    ] GC(22) Pause Final Roots
[16.629s][info][gc          ] GC(22) Pause Final Roots 0.039ms
[16.629s][info][gc,ergo     ] Free: 3804M, Max: 2048K regular, 1726M humongous, Frag: 55% external, 0% internal; Reserve: 206M, Max: 2048K
[16.629s][info][gc,stats    ] 
[16.629s][info][gc,stats    ] All times are wall-clock times, except per-root-class counters, that are sum over
[16.629s][info][gc,stats    ] all workers. Dividing the <total> over the root stage time estimates parallelism.
[16.629s][info][gc,stats    ] 
[16.629s][info][gc,stats    ] Concurrent Reset                    607 us
[16.629s][info][gc,stats    ] Pause Init Mark (G)                 429 us
[16.629s][info][gc,stats    ] Pause Init Mark (N)                 263 us
[16.629s][info][gc,stats    ]   Update Region States              113 us
[16.629s][info][gc,stats    ] Concurrent Mark Roots               548 us, parallelism: 0.66x
[16.629s][info][gc,stats    ]   CMR: <total>                      363 us
[16.630s][info][gc,stats    ]   CMR: Thread Roots                 305 us, workers (us): 305, ---, ---, 
[16.630s][info][gc,stats    ]   CMR: VM Strong Roots                8 us, workers (us):   8, ---, ---, 
[16.630s][info][gc,stats    ]   CMR: CLDG Roots                    51 us, workers (us):  51, ---, ---, 
[16.630s][info][gc,stats    ] Concurrent Marking                12704 us
[16.630s][info][gc,stats    ] Pause Final Mark (G)                454 us
[16.630s][info][gc,stats    ] Pause Final Mark (N)                334 us
[16.630s][info][gc,stats    ]   Finish Mark                       109 us
[16.630s][info][gc,stats    ]   Update Region States               64 us
[16.630s][info][gc,stats    ]   Choose Collection Set              64 us
[16.630s][info][gc,stats    ]   Rebuild Free Set                   17 us
[16.630s][info][gc,stats    ] Concurrent Weak References          172 us, parallelism: 0.03x
[16.630s][info][gc,stats    ]   CWRF: <total>                       5 us
[16.630s][info][gc,stats    ]   CWRF: Weak References               5 us, workers (us):   5, ---, ---, 
[16.630s][info][gc,stats    ] Concurrent Weak Roots               666 us
[16.630s][info][gc,stats    ]   Roots                             535 us, parallelism: 0.89x
[16.630s][info][gc,stats    ]     CWR: <total>                    475 us
[16.630s][info][gc,stats    ]     CWR: Code Cache Roots           357 us, workers (us): 357, ---, ---, 
[16.630s][info][gc,stats    ]     CWR: VM Weak Roots              110 us, workers (us): 110, ---, ---, 
[16.630s][info][gc,stats    ]     CWR: CLDG Roots                   7 us, workers (us):   7, ---, ---, 
[16.630s][info][gc,stats    ]   Rendezvous                         56 us
[16.630s][info][gc,stats    ] Concurrent Cleanup                   93 us
[16.630s][info][gc,stats    ] Concurrent Class Unloading         2033 us
[16.630s][info][gc,stats    ]   Unlink Stale                     1672 us
[16.630s][info][gc,stats    ]     System Dictionary                 8 us
[16.630s][info][gc,stats    ]     Weak Class Links                  0 us
[16.630s][info][gc,stats    ]     Code Roots                     1663 us
[16.630s][info][gc,stats    ]   Rendezvous                        153 us
[16.630s][info][gc,stats    ]   Purge Unlinked                    110 us
[16.630s][info][gc,stats    ]     Code Roots                      101 us
[16.630s][info][gc,stats    ]     CLDG                              9 us
[16.630s][info][gc,stats    ]     Exception Caches                  0 us
[16.630s][info][gc,stats    ] Pause Final Roots (G)               170 us
[16.630s][info][gc,stats    ] Pause Final Roots (N)                56 us
[16.630s][info][gc,stats    ] 
[16.630s][info][gc,stats    ] Allocation pacing accrued:
[16.630s][info][gc,stats    ]       0 of   476 ms (  0.0%): <total>
[16.630s][info][gc,stats    ]       0 of   476 ms (  0.0%): <average total>
[16.630s][info][gc,stats    ] 
[16.630s][info][gc,metaspace] Metaspace: 8894K(9152K)->8894K(9152K) NonClass: 7721K(7872K)->7721K(7872K) Class: 1172K(1280K)->1172K(1280K)
[16.630s][info][gc,ergo     ] Pacer for Idle. Initial: 83886K, Alloc Tax Rate: 1.0x
[17.082s][info][gc          ] Trigger: Learning 4 of 5. Free (2850M) is below initial threshold (2867M)
[17.082s][info][gc,ergo     ] Free: 2850M, Max: 2048K regular, 1726M humongous, Frag: 40% external, 0% internal; Reserve: 206M, Max: 2048K
[17.082s][info][gc,start    ] GC(23) Concurrent reset
[17.082s][info][gc,task     ] GC(23) Using 1 of 3 workers for concurrent reset
[17.082s][info][gc,ergo     ] GC(23) Pacer for Reset. Non-Taxable: 4096M
[17.083s][info][gc          ] GC(23) Concurrent reset 0.597ms
[17.083s][info][gc,start    ] GC(23) Pause Init Mark (unload classes)
[17.083s][info][gc,task     ] GC(23) Using 3 of 3 workers for init marking
[17.083s][info][gc,ergo     ] GC(23) Pacer for Mark. Expected Live: 9456K, Free: 2848M, Non-Taxable: 284M, Alloc Tax Rate: 0.0x
[17.083s][info][gc          ] GC(23) Pause Init Mark (unload classes) 0.209ms
[17.083s][info][gc,start    ] GC(23) Concurrent marking roots
[17.084s][info][gc,task     ] GC(23) Using 1 of 3 workers for concurrent marking roots
[17.084s][info][gc          ] GC(23) Concurrent marking roots 0.425ms
[17.084s][info][gc,start    ] GC(23) Concurrent marking (unload classes)
[17.084s][info][gc,task     ] GC(23) Using 1 of 3 workers for concurrent marking
[17.101s][info][gc          ] GC(23) Concurrent marking (unload classes) 17.004ms
[17.101s][info][gc,start    ] GC(23) Pause Final Mark (unload classes)
[17.101s][info][gc,task     ] GC(23) Using 3 of 3 workers for final marking
[17.101s][info][gc,ergo     ] GC(23) Collectable Garbage: 978M (94%), Immediate: 978M (94%), CSet: 0B (0%)
[17.101s][info][gc          ] GC(23) Pause Final Mark (unload classes) 0.317ms
[17.101s][info][gc,start    ] GC(23) Concurrent weak references
[17.101s][info][gc,task     ] GC(23) Using 1 of 3 workers for concurrent weak references
[17.102s][info][gc,ref      ] GC(23) Encountered references: Soft: 144, Weak: 702, Final: 0, Phantom: 27
[17.102s][info][gc,ref      ] GC(23) Discovered  references: Soft: 0, Weak: 150, Final: 0, Phantom: 12
[17.102s][info][gc,ref      ] GC(23) Enqueued    references: Soft: 0, Weak: 0, Final: 0, Phantom: 0
[17.102s][info][gc          ] GC(23) Concurrent weak references 0.137ms
[17.102s][info][gc,start    ] GC(23) Concurrent weak roots
[17.102s][info][gc,task     ] GC(23) Using 1 of 3 workers for concurrent weak root
[17.102s][info][gc          ] GC(23) Concurrent weak roots 0.550ms
[17.102s][info][gc,start    ] GC(23) Concurrent cleanup
[17.102s][info][gc          ] GC(23) Concurrent cleanup 1078M->100M(4096M) 0.042ms
[17.102s][info][gc,ergo     ] GC(23) Free: 3790M, Max: 2048K regular, 1718M humongous, Frag: 55% external, 0% internal; Reserve: 206M, Max: 2048K
[17.102s][info][gc,start    ] GC(23) Concurrent class unloading
[17.102s][info][gc,task     ] GC(23) Using 1 of 3 workers for concurrent class unloading
[17.104s][info][gc          ] GC(23) Concurrent class unloading 1.872ms
[17.104s][info][gc,start    ] GC(23) Pause Final Roots
[17.104s][info][gc          ] GC(23) Pause Final Roots 0.023ms
[17.104s][info][gc,ergo     ] Free: 3784M, Max: 2048K regular, 1718M humongous, Frag: 55% external, 0% internal; Reserve: 206M, Max: 2048K
[17.104s][info][gc,stats    ] 
[17.104s][info][gc,stats    ] All times are wall-clock times, except per-root-class counters, that are sum over
[17.104s][info][gc,stats    ] all workers. Dividing the <total> over the root stage time estimates parallelism.
[17.104s][info][gc,stats    ] 
[17.104s][info][gc,stats    ] Concurrent Reset                    647 us
[17.104s][info][gc,stats    ] Pause Init Mark (G)                 392 us
[17.104s][info][gc,stats    ] Pause Init Mark (N)                 218 us
[17.104s][info][gc,stats    ]   Update Region States               98 us
[17.104s][info][gc,stats    ] Concurrent Mark Roots               443 us, parallelism: 0.75x
[17.104s][info][gc,stats    ]   CMR: <total>                      334 us
[17.104s][info][gc,stats    ]   CMR: Thread Roots                 293 us, workers (us): 293, ---, ---, 
[17.105s][info][gc,stats    ]   CMR: VM Strong Roots                5 us, workers (us):   5, ---, ---, 
[17.105s][info][gc,stats    ]   CMR: CLDG Roots                    36 us, workers (us):  36, ---, ---, 
[17.105s][info][gc,stats    ] Concurrent Marking                17064 us
[17.105s][info][gc,stats    ] Pause Final Mark (G)                462 us
[17.105s][info][gc,stats    ] Pause Final Mark (N)                336 us
[17.105s][info][gc,stats    ]   Finish Mark                       105 us
[17.105s][info][gc,stats    ]   Update Region States               65 us
[17.105s][info][gc,stats    ]   Choose Collection Set              61 us
[17.105s][info][gc,stats    ]   Rebuild Free Set                   17 us
[17.105s][info][gc,stats    ] Concurrent Weak References          144 us, parallelism: 0.05x
[17.105s][info][gc,stats    ]   CWRF: <total>                       8 us
[17.105s][info][gc,stats    ]   CWRF: Weak References               8 us, workers (us):   8, ---, ---, 
[17.105s][info][gc,stats    ] Concurrent Weak Roots               569 us
[17.105s][info][gc,stats    ]   Roots                             452 us, parallelism: 0.88x
[17.105s][info][gc,stats    ]     CWR: <total>                    398 us
[17.105s][info][gc,stats    ]     CWR: Code Cache Roots           332 us, workers (us): 332, ---, ---, 
[17.105s][info][gc,stats    ]     CWR: VM Weak Roots               61 us, workers (us):  61, ---, ---, 
[17.105s][info][gc,stats    ]     CWR: CLDG Roots                   5 us, workers (us):   5, ---, ---, 
[17.105s][info][gc,stats    ]   Rendezvous                         83 us
[17.105s][info][gc,stats    ] Concurrent Cleanup                   51 us
[17.105s][info][gc,stats    ] Concurrent Class Unloading         1921 us
[17.105s][info][gc,stats    ]   Unlink Stale                     1584 us
[17.105s][info][gc,stats    ]     System Dictionary                 3 us
[17.105s][info][gc,stats    ]     Weak Class Links                  0 us
[17.105s][info][gc,stats    ]     Code Roots                     1581 us
[17.105s][info][gc,stats    ]   Rendezvous                        120 us
[17.105s][info][gc,stats    ]   Purge Unlinked                    149 us
[17.105s][info][gc,stats    ]     Code Roots                      140 us
[17.105s][info][gc,stats    ]     CLDG                              8 us
[17.105s][info][gc,stats    ]     Exception Caches                  0 us
[17.105s][info][gc,stats    ] Pause Final Roots (G)               129 us
[17.105s][info][gc,stats    ] Pause Final Roots (N)                31 us
[17.105s][info][gc,stats    ] 
[17.105s][info][gc,stats    ] Allocation pacing accrued:
[17.105s][info][gc,stats    ]       0 of   475 ms (  0.0%): <total>
[17.105s][info][gc,stats    ]       0 of   475 ms (  0.0%): <average total>
[17.105s][info][gc,stats    ] 
[17.105s][info][gc,metaspace] Metaspace: 8894K(9152K)->8894K(9152K) NonClass: 7721K(7872K)->7721K(7872K) Class: 1172K(1280K)->1172K(1280K)
[17.105s][info][gc,ergo     ] Pacer for Idle. Initial: 83886K, Alloc Tax Rate: 1.0x
[17.537s][info][gc          ] Trigger: Learning 5 of 5. Free (2852M) is below initial threshold (2867M)
[17.537s][info][gc,ergo     ] Free: 2852M, Max: 2048K regular, 1718M humongous, Frag: 40% external, 0% internal; Reserve: 206M, Max: 2048K
[17.537s][info][gc,start    ] GC(24) Concurrent reset
[17.537s][info][gc,task     ] GC(24) Using 1 of 3 workers for concurrent reset
[17.537s][info][gc,ergo     ] GC(24) Pacer for Reset. Non-Taxable: 4096M
[17.538s][info][gc          ] GC(24) Concurrent reset 0.573ms
[17.538s][info][gc,start    ] GC(24) Pause Init Mark (unload classes)
[17.538s][info][gc,task     ] GC(24) Using 3 of 3 workers for init marking
[17.538s][info][gc,ergo     ] GC(24) Pacer for Mark. Expected Live: 9458K, Free: 2850M, Non-Taxable: 285M, Alloc Tax Rate: 0.0x
[17.538s][info][gc          ] GC(24) Pause Init Mark (unload classes) 0.172ms
[17.538s][info][gc,start    ] GC(24) Concurrent marking roots
[17.538s][info][gc,task     ] GC(24) Using 1 of 3 workers for concurrent marking roots
[17.539s][info][gc          ] GC(24) Concurrent marking roots 0.739ms
[17.539s][info][gc,start    ] GC(24) Concurrent marking (unload classes)
[17.539s][info][gc,task     ] GC(24) Using 1 of 3 workers for concurrent marking
[17.560s][info][gc          ] GC(24) Concurrent marking (unload classes) 20.839ms
[17.560s][info][gc,start    ] GC(24) Pause Final Mark (unload classes)
[17.560s][info][gc,task     ] GC(24) Using 3 of 3 workers for final marking
[17.560s][info][gc,ergo     ] GC(24) Collectable Garbage: 972M (94%), Immediate: 972M (94%), CSet: 0B (0%)
[17.560s][info][gc          ] GC(24) Pause Final Mark (unload classes) 0.382ms
[17.560s][info][gc,start    ] GC(24) Concurrent weak references
[17.560s][info][gc,task     ] GC(24) Using 1 of 3 workers for concurrent weak references
[17.561s][info][gc,ref      ] GC(24) Encountered references: Soft: 144, Weak: 702, Final: 0, Phantom: 27
[17.561s][info][gc,ref      ] GC(24) Discovered  references: Soft: 0, Weak: 150, Final: 0, Phantom: 12
[17.561s][info][gc,ref      ] GC(24) Enqueued    references: Soft: 0, Weak: 0, Final: 0, Phantom: 0
[17.561s][info][gc          ] GC(24) Concurrent weak references 0.113ms
[17.561s][info][gc,start    ] GC(24) Concurrent weak roots
[17.561s][info][gc,task     ] GC(24) Using 1 of 3 workers for concurrent weak root
[17.561s][info][gc          ] GC(24) Concurrent weak roots 0.533ms
[17.561s][info][gc,start    ] GC(24) Concurrent cleanup
[17.561s][info][gc          ] GC(24) Concurrent cleanup 1086M->114M(4096M) 0.043ms
[17.561s][info][gc,ergo     ] GC(24) Free: 3776M, Max: 2048K regular, 1710M humongous, Frag: 55% external, 0% internal; Reserve: 206M, Max: 2048K
[17.561s][info][gc,start    ] GC(24) Concurrent class unloading
[17.561s][info][gc,task     ] GC(24) Using 1 of 3 workers for concurrent class unloading
[17.563s][info][gc          ] GC(24) Concurrent class unloading 1.713ms
[17.563s][info][gc,start    ] GC(24) Pause Final Roots
[17.563s][info][gc          ] GC(24) Pause Final Roots 0.022ms
[17.563s][info][gc,ergo     ] Free: 3772M, Max: 2048K regular, 1710M humongous, Frag: 55% external, 0% internal; Reserve: 206M, Max: 2048K
[17.563s][info][gc,stats    ] 
[17.563s][info][gc,stats    ] All times are wall-clock times, except per-root-class counters, that are sum over
[17.563s][info][gc,stats    ] all workers. Dividing the <total> over the root stage time estimates parallelism.
[17.563s][info][gc,stats    ] 
[17.563s][info][gc,stats    ] Concurrent Reset                    627 us
[17.563s][info][gc,stats    ] Pause Init Mark (G)                 359 us
[17.563s][info][gc,stats    ] Pause Init Mark (N)                 189 us
[17.563s][info][gc,stats    ]   Update Region States               70 us
[17.563s][info][gc,stats    ] Concurrent Mark Roots               763 us, parallelism: 0.82x
[17.563s][info][gc,stats    ]   CMR: <total>                      622 us
[17.563s][info][gc,stats    ]   CMR: Thread Roots                 551 us, workers (us): 551, ---, ---, 
[17.563s][info][gc,stats    ]   CMR: VM Strong Roots                7 us, workers (us):   7, ---, ---, 
[17.563s][info][gc,stats    ]   CMR: CLDG Roots                    64 us, workers (us):  64, ---, ---, 
[17.563s][info][gc,stats    ] Concurrent Marking                20909 us
[17.563s][info][gc,stats    ] Pause Final Mark (G)                513 us
[17.563s][info][gc,stats    ] Pause Final Mark (N)                401 us
[17.563s][info][gc,stats    ]   Finish Mark                       131 us
[17.563s][info][gc,stats    ]   Update Region States               90 us
[17.563s][info][gc,stats    ]   Choose Collection Set              64 us
[17.563s][info][gc,stats    ]   Rebuild Free Set                   17 us
[17.563s][info][gc,stats    ] Concurrent Weak References          120 us, parallelism: 0.04x
[17.563s][info][gc,stats    ]   CWRF: <total>                       4 us
[17.563s][info][gc,stats    ]   CWRF: Weak References               4 us, workers (us):   4, ---, ---, 
[17.563s][info][gc,stats    ] Concurrent Weak Roots               552 us
[17.563s][info][gc,stats    ]   Roots                             435 us, parallelism: 0.88x
[17.563s][info][gc,stats    ]     CWR: <total>                    381 us
[17.563s][info][gc,stats    ]     CWR: Code Cache Roots           316 us, workers (us): 316, ---, ---, 
[17.563s][info][gc,stats    ]     CWR: VM Weak Roots               61 us, workers (us):  61, ---, ---, 
[17.563s][info][gc,stats    ]     CWR: CLDG Roots                   5 us, workers (us):   5, ---, ---, 
[17.563s][info][gc,stats    ]   Rendezvous                         83 us
[17.563s][info][gc,stats    ] Concurrent Cleanup                   51 us
[17.563s][info][gc,stats    ] Concurrent Class Unloading         1743 us
[17.563s][info][gc,stats    ]   Unlink Stale                     1556 us
[17.563s][info][gc,stats    ]     System Dictionary                 3 us
[17.563s][info][gc,stats    ]     Weak Class Links                  0 us
[17.563s][info][gc,stats    ]     Code Roots                     1552 us
[17.563s][info][gc,stats    ]   Rendezvous                         56 us
[17.563s][info][gc,stats    ]   Purge Unlinked                     84 us
[17.563s][info][gc,stats    ]     Code Roots                       79 us
[17.563s][info][gc,stats    ]     CLDG                              5 us
[17.563s][info][gc,stats    ]     Exception Caches                  0 us
[17.563s][info][gc,stats    ] Pause Final Roots (G)               111 us
[17.563s][info][gc,stats    ] Pause Final Roots (N)                30 us
[17.563s][info][gc,stats    ] 
[17.563s][info][gc,stats    ] Allocation pacing accrued:
[17.563s][info][gc,stats    ]       0 of   459 ms (  0.0%): <total>
[17.563s][info][gc,stats    ]       0 of   459 ms (  0.0%): <average total>
[17.563s][info][gc,stats    ] 
[17.563s][info][gc,metaspace] Metaspace: 8894K(9152K)->8894K(9152K) NonClass: 7721K(7872K)->7721K(7872K) Class: 1172K(1280K)->1172K(1280K)
[17.563s][info][gc,ergo     ] Pacer for Idle. Initial: 83886K, Alloc Tax Rate: 1.0x
[19.201s][info][gc          ] Trigger: Explicit GC request (System.gc())
[19.201s][info][gc,ergo     ] Free: 970M, Max: 2048K regular, 970M humongous, Frag: 0% external, 0% internal; Reserve: 206M, Max: 2048K
[19.201s][info][gc,start    ] GC(25) Concurrent reset
[19.201s][info][gc,task     ] GC(25) Using 1 of 3 workers for concurrent reset
[19.201s][info][gc,ergo     ] GC(25) Pacer for Reset. Non-Taxable: 4096M
[19.202s][info][gc          ] GC(25) Concurrent reset 0.516ms
[19.202s][info][gc,start    ] GC(25) Pause Init Mark (unload classes)
[19.202s][info][gc,task     ] GC(25) Using 3 of 3 workers for init marking
[19.202s][info][gc,ref      ] GC(25) Clearing All SoftReferences
[19.202s][info][gc,ergo     ] GC(25) Pacer for Mark. Expected Live: 9454K, Free: 970M, Non-Taxable: 99328K, Alloc Tax Rate: 0.0x
[19.202s][info][gc          ] GC(25) Pause Init Mark (unload classes) 0.221ms
[19.202s][info][gc,start    ] GC(25) Concurrent marking roots
[19.202s][info][gc,task     ] GC(25) Using 1 of 3 workers for concurrent marking roots
[19.203s][info][gc          ] GC(25) Concurrent marking roots 0.448ms
[19.203s][info][gc,start    ] GC(25) Concurrent marking (unload classes)
[19.203s][info][gc,task     ] GC(25) Using 1 of 3 workers for concurrent marking
[19.207s][info][gc          ] GC(25) Concurrent marking (unload classes) 4.253ms
[19.207s][info][gc,start    ] GC(25) Pause Final Mark (unload classes)
[19.207s][info][gc,task     ] GC(25) Using 3 of 3 workers for final marking
[19.207s][info][gc,ergo     ] GC(25) Collectable Garbage: 2890M (99%), Immediate: 2890M (99%), CSet: 0B (0%)
[19.207s][info][gc          ] GC(25) Pause Final Mark (unload classes) 0.378ms
[19.207s][info][gc,start    ] GC(25) Concurrent weak references
[19.207s][info][gc,task     ] GC(25) Using 1 of 3 workers for concurrent weak references
[19.208s][info][gc,ref      ] GC(25) Encountered references: Soft: 144, Weak: 702, Final: 0, Phantom: 27
[19.208s][info][gc,ref      ] GC(25) Discovered  references: Soft: 88, Weak: 168, Final: 0, Phantom: 25
[19.208s][info][gc,ref      ] GC(25) Enqueued    references: Soft: 3, Weak: 0, Final: 0, Phantom: 0
[19.208s][info][gc          ] GC(25) Concurrent weak references 0.172ms
[19.208s][info][gc,start    ] GC(25) Concurrent weak roots
[19.208s][info][gc,task     ] GC(25) Using 1 of 3 workers for concurrent weak root
[19.208s][info][gc          ] GC(25) Concurrent weak roots 0.692ms
[19.208s][info][gc,start    ] GC(25) Concurrent cleanup
[19.208s][info][gc          ] GC(25) Concurrent cleanup 2920M->30M(4096M) 0.090ms
[19.208s][info][gc,ergo     ] GC(25) Free: 3860M, Max: 2048K regular, 2720M humongous, Frag: 30% external, 0% internal; Reserve: 206M, Max: 2048K
[19.208s][info][gc,start    ] GC(25) Concurrent class unloading
[19.208s][info][gc,task     ] GC(25) Using 1 of 3 workers for concurrent class unloading
[19.211s][info][gc          ] GC(25) Concurrent class unloading 2.305ms
[19.211s][info][gc,start    ] GC(25) Pause Final Roots
[19.211s][info][gc          ] GC(25) Pause Final Roots 0.052ms
[19.211s][info][gc,ergo     ] Free: 3860M, Max: 2048K regular, 2720M humongous, Frag: 30% external, 0% internal; Reserve: 206M, Max: 2048K
[19.211s][info][gc,stats    ] 
[19.211s][info][gc,stats    ] All times are wall-clock times, except per-root-class counters, that are sum over
[19.211s][info][gc,stats    ] all workers. Dividing the <total> over the root stage time estimates parallelism.
[19.211s][info][gc,stats    ] 
[19.211s][info][gc,stats    ] Concurrent Reset                    567 us
[19.211s][info][gc,stats    ] Pause Init Mark (G)                 376 us
[19.211s][info][gc,stats    ] Pause Init Mark (N)                 242 us
[19.211s][info][gc,stats    ]   Update Region States               78 us
[19.211s][info][gc,stats    ] Concurrent Mark Roots               465 us, parallelism: 0.69x
[19.211s][info][gc,stats    ]   CMR: <total>                      319 us
[19.211s][info][gc,stats    ]   CMR: Thread Roots                 280 us, workers (us): 280, ---, ---, 
[19.211s][info][gc,stats    ]   CMR: VM Strong Roots                4 us, workers (us):   4, ---, ---, 
[19.211s][info][gc,stats    ]   CMR: CLDG Roots                    36 us, workers (us):  36, ---, ---, 
[19.211s][info][gc,stats    ] Concurrent Marking                 4313 us
[19.211s][info][gc,stats    ] Pause Final Mark (G)                511 us
[19.211s][info][gc,stats    ] Pause Final Mark (N)                401 us
[19.211s][info][gc,stats    ]   Finish Mark                        88 us
[19.211s][info][gc,stats    ]   Update Region States               90 us
[19.211s][info][gc,stats    ]   Choose Collection Set              98 us
[19.211s][info][gc,stats    ]   Rebuild Free Set                   17 us
[19.211s][info][gc,stats    ] Concurrent Weak References          181 us, parallelism: 0.05x
[19.211s][info][gc,stats    ]   CWRF: <total>                       9 us
[19.211s][info][gc,stats    ]   CWRF: Weak References               9 us, workers (us):   9, ---, ---, 
[19.212s][info][gc,stats    ] Concurrent Weak Roots               717 us
[19.212s][info][gc,stats    ]   Roots                             576 us, parallelism: 0.91x
[19.212s][info][gc,stats    ]     CWR: <total>                    522 us
[19.212s][info][gc,stats    ]     CWR: Code Cache Roots           457 us, workers (us): 457, ---, ---, 
[19.212s][info][gc,stats    ]     CWR: VM Weak Roots               61 us, workers (us):  61, ---, ---, 
[19.212s][info][gc,stats    ]     CWR: CLDG Roots                   4 us, workers (us):   4, ---, ---, 
[19.212s][info][gc,stats    ]   Rendezvous                         93 us
[19.212s][info][gc,stats    ] Concurrent Cleanup                   99 us
[19.212s][info][gc,stats    ] Concurrent Class Unloading         2352 us
[19.212s][info][gc,stats    ]   Unlink Stale                     1964 us
[19.212s][info][gc,stats    ]     System Dictionary                 3 us
[19.212s][info][gc,stats    ]     Weak Class Links                  0 us
[19.212s][info][gc,stats    ]     Code Roots                     1960 us
[19.212s][info][gc,stats    ]   Rendezvous                        140 us
[19.212s][info][gc,stats    ]   Purge Unlinked                    181 us
[19.212s][info][gc,stats    ]     Code Roots                      172 us
[19.212s][info][gc,stats    ]     CLDG                              9 us
[19.212s][info][gc,stats    ]     Exception Caches                  0 us
[19.212s][info][gc,stats    ] Pause Final Roots (G)               267 us
[19.212s][info][gc,stats    ] Pause Final Roots (N)                75 us
[19.212s][info][gc,stats    ] 
[19.212s][info][gc,stats    ] Allocation pacing accrued:
[19.212s][info][gc,stats    ]       0 of  1648 ms (  0.0%): <total>
[19.212s][info][gc,stats    ]       0 of  1648 ms (  0.0%): <average total>
[19.212s][info][gc,stats    ] 
[19.212s][info][gc,metaspace] Metaspace: 8894K(9152K)->8894K(9152K) NonClass: 7721K(7872K)->7721K(7872K) Class: 1172K(1280K)->1172K(1280K)
[19.212s][info][gc,ergo     ] Pacer for Idle. Initial: 83886K, Alloc Tax Rate: 1.0x
[19.672s][info][gc          ] Trigger: Learning 2 of 5. Free (2862M) is below initial threshold (2867M)
[19.672s][info][gc,ergo     ] Free: 2862M, Max: 2048K regular, 1770M humongous, Frag: 39% external, 0% internal; Reserve: 206M, Max: 2048K
[19.672s][info][gc,start    ] GC(26) Concurrent reset
[19.672s][info][gc,task     ] GC(26) Using 1 of 3 workers for concurrent reset
[19.672s][info][gc,ergo     ] GC(26) Pacer for Reset. Non-Taxable: 4096M
[19.673s][info][gc          ] GC(26) Concurrent reset 0.515ms
[19.673s][info][gc,start    ] GC(26) Pause Init Mark (unload classes)
[19.673s][info][gc,task     ] GC(26) Using 3 of 3 workers for init marking
[19.673s][info][gc,ergo     ] GC(26) Pacer for Mark. Expected Live: 9454K, Free: 2860M, Non-Taxable: 286M, Alloc Tax Rate: 0.0x
[19.673s][info][gc          ] GC(26) Pause Init Mark (unload classes) 0.245ms
[19.673s][info][gc,start    ] GC(26) Concurrent marking roots
[19.673s][info][gc,task     ] GC(26) Using 1 of 3 workers for concurrent marking roots
[19.674s][info][gc          ] GC(26) Concurrent marking roots 0.842ms
[19.674s][info][gc,start    ] GC(26) Concurrent marking (unload classes)
[19.674s][info][gc,task     ] GC(26) Using 1 of 3 workers for concurrent marking
[19.683s][info][gc          ] GC(26) Concurrent marking (unload classes) 8.539ms
[19.683s][info][gc,start    ] GC(26) Pause Final Mark (unload classes)
[19.683s][info][gc,task     ] GC(26) Using 3 of 3 workers for final marking
[19.683s][info][gc,ergo     ] GC(26) Collectable Garbage: 980M (95%), Immediate: 980M (95%), CSet: 0B (0%)
[19.683s][info][gc          ] GC(26) Pause Final Mark (unload classes) 0.225ms
[19.683s][info][gc,start    ] GC(26) Concurrent weak references
[19.683s][info][gc,task     ] GC(26) Using 1 of 3 workers for concurrent weak references
[19.683s][info][gc,ref      ] GC(26) Encountered references: Soft: 144, Weak: 702, Final: 0, Phantom: 27
[19.683s][info][gc,ref      ] GC(26) Discovered  references: Soft: 0, Weak: 150, Final: 0, Phantom: 12
[19.683s][info][gc,ref      ] GC(26) Enqueued    references: Soft: 0, Weak: 0, Final: 0, Phantom: 0
[19.683s][info][gc          ] GC(26) Concurrent weak references 0.154ms
[19.683s][info][gc,start    ] GC(26) Concurrent weak roots
[19.683s][info][gc,task     ] GC(26) Using 1 of 3 workers for concurrent weak root
[19.684s][info][gc          ] GC(26) Concurrent weak roots 0.617ms
[19.684s][info][gc,start    ] GC(26) Concurrent cleanup
[19.684s][info][gc          ] GC(26) Concurrent cleanup 1052M->72M(4096M) 0.043ms
[19.684s][info][gc,ergo     ] GC(26) Free: 3818M, Max: 2048K regular, 1746M humongous, Frag: 55% external, 0% internal; Reserve: 206M, Max: 2048K
[19.684s][info][gc,start    ] GC(26) Concurrent class unloading
[19.684s][info][gc,task     ] GC(26) Using 1 of 3 workers for concurrent class unloading
[19.686s][info][gc          ] GC(26) Concurrent class unloading 2.038ms
[19.686s][info][gc,start    ] GC(26) Pause Final Roots
[19.686s][info][gc          ] GC(26) Pause Final Roots 0.039ms
[19.686s][info][gc,ergo     ] Free: 3814M, Max: 2048K regular, 1746M humongous, Frag: 55% external, 0% internal; Reserve: 206M, Max: 2048K
[19.686s][info][gc,stats    ] 
[19.686s][info][gc,stats    ] All times are wall-clock times, except per-root-class counters, that are sum over
[19.686s][info][gc,stats    ] all workers. Dividing the <total> over the root stage time estimates parallelism.
[19.686s][info][gc,stats    ] 
[19.686s][info][gc,stats    ] Concurrent Reset                    571 us
[19.686s][info][gc,stats    ] Pause Init Mark (G)                 427 us
[19.686s][info][gc,stats    ] Pause Init Mark (N)                 264 us
[19.686s][info][gc,stats    ]   Update Region States              113 us
[19.686s][info][gc,stats    ] Concurrent Mark Roots               866 us, parallelism: 0.78x
[19.686s][info][gc,stats    ]   CMR: <total>                      671 us
[19.686s][info][gc,stats    ]   CMR: Thread Roots                 579 us, workers (us): 579, ---, ---, 
[19.686s][info][gc,stats    ]   CMR: VM Strong Roots                9 us, workers (us):   9, ---, ---, 
[19.686s][info][gc,stats    ]   CMR: CLDG Roots                    84 us, workers (us):  84, ---, ---, 
[19.686s][info][gc,stats    ] Concurrent Marking                 8597 us
[19.686s][info][gc,stats    ] Pause Final Mark (G)                344 us
[19.686s][info][gc,stats    ] Pause Final Mark (N)                234 us
[19.686s][info][gc,stats    ]   Finish Mark                        87 us
[19.686s][info][gc,stats    ]   Update Region States               57 us
[19.687s][info][gc,stats    ]   Choose Collection Set              42 us
[19.687s][info][gc,stats    ]   Rebuild Free Set                    7 us
[19.687s][info][gc,stats    ] Concurrent Weak References          169 us, parallelism: 0.03x
[19.687s][info][gc,stats    ]   CWRF: <total>                       4 us
[19.687s][info][gc,stats    ]   CWRF: Weak References               4 us, workers (us):   4, ---, ---, 
[19.687s][info][gc,stats    ] Concurrent Weak Roots               636 us
[19.687s][info][gc,stats    ]   Roots                             504 us, parallelism: 0.89x
[19.687s][info][gc,stats    ]     CWR: <total>                    448 us
[19.687s][info][gc,stats    ]     CWR: Code Cache Roots           378 us, workers (us): 378, ---, ---, 
[19.687s][info][gc,stats    ]     CWR: VM Weak Roots               64 us, workers (us):  64, ---, ---, 
[19.687s][info][gc,stats    ]     CWR: CLDG Roots                   6 us, workers (us):   6, ---, ---, 
[19.687s][info][gc,stats    ]   Rendezvous                         83 us
[19.687s][info][gc,stats    ] Concurrent Cleanup                   51 us
[19.687s][info][gc,stats    ] Concurrent Class Unloading         2087 us
[19.687s][info][gc,stats    ]   Unlink Stale                     1724 us
[19.687s][info][gc,stats    ]     System Dictionary                 3 us
[19.687s][info][gc,stats    ]     Weak Class Links                  0 us
[19.687s][info][gc,stats    ]     Code Roots                     1719 us
[19.687s][info][gc,stats    ]   Rendezvous                        149 us
[19.687s][info][gc,stats    ]   Purge Unlinked                    147 us
[19.687s][info][gc,stats    ]     Code Roots                      138 us
[19.687s][info][gc,stats    ]     CLDG                              9 us
[19.687s][info][gc,stats    ]     Exception Caches                  0 us
[19.687s][info][gc,stats    ] Pause Final Roots (G)               172 us
[19.687s][info][gc,stats    ] Pause Final Roots (N)                57 us
[19.687s][info][gc,stats    ] 
[19.687s][info][gc,stats    ] Allocation pacing accrued:
[19.687s][info][gc,stats    ]       0 of   475 ms (  0.0%): <total>
[19.687s][info][gc,stats    ]       0 of   475 ms (  0.0%): <average total>
[19.687s][info][gc,stats    ] 
[19.687s][info][gc,metaspace] Metaspace: 8894K(9152K)->8894K(9152K) NonClass: 7721K(7872K)->7721K(7872K) Class: 1172K(1280K)->1172K(1280K)
[19.687s][info][gc,ergo     ] Pacer for Idle. Initial: 83886K, Alloc Tax Rate: 1.0x
[20.143s][info][gc          ] Trigger: Learning 3 of 5. Free (2846M) is below initial threshold (2867M)
[20.143s][info][gc,ergo     ] Free: 2846M, Max: 2048K regular, 1746M humongous, Frag: 39% external, 0% internal; Reserve: 206M, Max: 2048K
[20.143s][info][gc,start    ] GC(27) Concurrent reset
[20.143s][info][gc,task     ] GC(27) Using 1 of 3 workers for concurrent reset
[20.143s][info][gc,ergo     ] GC(27) Pacer for Reset. Non-Taxable: 4096M
[20.144s][info][gc          ] GC(27) Concurrent reset 0.589ms
[20.144s][info][gc,start    ] GC(27) Pause Init Mark (unload classes)
[20.144s][info][gc,task     ] GC(27) Using 3 of 3 workers for init marking
[20.144s][info][gc,ergo     ] GC(27) Pacer for Mark. Expected Live: 9457K, Free: 2844M, Non-Taxable: 284M, Alloc Tax Rate: 0.0x
[20.144s][info][gc          ] GC(27) Pause Init Mark (unload classes) 0.178ms
[20.144s][info][gc,start    ] GC(27) Concurrent marking roots
[20.144s][info][gc,task     ] GC(27) Using 1 of 3 workers for concurrent marking roots
[20.145s][info][gc          ] GC(27) Concurrent marking roots 0.737ms
[20.145s][info][gc,start    ] GC(27) Concurrent marking (unload classes)
[20.145s][info][gc,task     ] GC(27) Using 1 of 3 workers for concurrent marking
[20.158s][info][gc          ] GC(27) Concurrent marking (unload classes) 12.809ms
[20.158s][info][gc,start    ] GC(27) Pause Final Mark (unload classes)
[20.158s][info][gc,task     ] GC(27) Using 3 of 3 workers for final marking
[20.158s][info][gc,ergo     ] GC(27) Collectable Garbage: 994M (95%), Immediate: 994M (95%), CSet: 0B (0%)
[20.158s][info][gc          ] GC(27) Pause Final Mark (unload classes) 0.311ms
[20.158s][info][gc,start    ] GC(27) Concurrent weak references
[20.158s][info][gc,task     ] GC(27) Using 1 of 3 workers for concurrent weak references
[20.159s][info][gc,ref      ] GC(27) Encountered references: Soft: 144, Weak: 702, Final: 0, Phantom: 27
[20.159s][info][gc,ref      ] GC(27) Discovered  references: Soft: 0, Weak: 150, Final: 0, Phantom: 12
[20.159s][info][gc,ref      ] GC(27) Enqueued    references: Soft: 0, Weak: 0, Final: 0, Phantom: 0
[20.159s][info][gc          ] GC(27) Concurrent weak references 0.112ms
[20.159s][info][gc,start    ] GC(27) Concurrent weak roots
[20.159s][info][gc,task     ] GC(27) Using 1 of 3 workers for concurrent weak root
[20.159s][info][gc          ] GC(27) Concurrent weak roots 0.597ms
[20.159s][info][gc,start    ] GC(27) Concurrent cleanup
[20.159s][info][gc          ] GC(27) Concurrent cleanup 1076M->82M(4096M) 0.046ms
[20.159s][info][gc,ergo     ] GC(27) Free: 3808M, Max: 2048K regular, 1720M humongous, Frag: 55% external, 0% internal; Reserve: 206M, Max: 2048K
[20.159s][info][gc,start    ] GC(27) Concurrent class unloading
[20.159s][info][gc,task     ] GC(27) Using 1 of 3 workers for concurrent class unloading
[20.161s][info][gc          ] GC(27) Concurrent class unloading 2.015ms
[20.161s][info][gc,start    ] GC(27) Pause Final Roots
[20.161s][info][gc          ] GC(27) Pause Final Roots 0.026ms
[20.161s][info][gc,ergo     ] Free: 3802M, Max: 2048K regular, 1720M humongous, Frag: 55% external, 0% internal; Reserve: 206M, Max: 2048K
[20.162s][info][gc,stats    ] 
[20.162s][info][gc,stats    ] All times are wall-clock times, except per-root-class counters, that are sum over
[20.162s][info][gc,stats    ] all workers. Dividing the <total> over the root stage time estimates parallelism.
[20.162s][info][gc,stats    ] 
[20.162s][info][gc,stats    ] Concurrent Reset                    654 us
[20.162s][info][gc,stats    ] Pause Init Mark (G)                 306 us
[20.162s][info][gc,stats    ] Pause Init Mark (N)                 188 us
[20.162s][info][gc,stats    ]   Update Region States               93 us
[20.162s][info][gc,stats    ] Concurrent Mark Roots               761 us, parallelism: 0.84x
[20.162s][info][gc,stats    ]   CMR: <total>                      636 us
[20.162s][info][gc,stats    ]   CMR: Thread Roots                 565 us, workers (us): 565, ---, ---, 
[20.162s][info][gc,stats    ]   CMR: VM Strong Roots                7 us, workers (us):   7, ---, ---, 
[20.162s][info][gc,stats    ]   CMR: CLDG Roots                    64 us, workers (us):  64, ---, ---, 
[20.162s][info][gc,stats    ] Concurrent Marking                12868 us
[20.162s][info][gc,stats    ] Pause Final Mark (G)                432 us
[20.162s][info][gc,stats    ] Pause Final Mark (N)                330 us
[20.162s][info][gc,stats    ]   Finish Mark                       102 us
[20.162s][info][gc,stats    ]   Update Region States               66 us
[20.162s][info][gc,stats    ]   Choose Collection Set              65 us
[20.162s][info][gc,stats    ]   Rebuild Free Set                   17 us
[20.162s][info][gc,stats    ] Concurrent Weak References          119 us, parallelism: 0.04x
[20.162s][info][gc,stats    ]   CWRF: <total>                       4 us
[20.162s][info][gc,stats    ]   CWRF: Weak References               4 us, workers (us):   4, ---, ---, 
[20.162s][info][gc,stats    ] Concurrent Weak Roots               623 us
[20.162s][info][gc,stats    ]   Roots                             495 us, parallelism: 0.89x
[20.162s][info][gc,stats    ]     CWR: <total>                    441 us
[20.162s][info][gc,stats    ]     CWR: Code Cache Roots           372 us, workers (us): 372, ---, ---, 
[20.162s][info][gc,stats    ]     CWR: VM Weak Roots               63 us, workers (us):  63, ---, ---, 
[20.162s][info][gc,stats    ]     CWR: CLDG Roots                   6 us, workers (us):   6, ---, ---, 
[20.162s][info][gc,stats    ]   Rendezvous                         85 us
[20.162s][info][gc,stats    ] Concurrent Cleanup                   54 us
[20.162s][info][gc,stats    ] Concurrent Class Unloading         2074 us
[20.162s][info][gc,stats    ]   Unlink Stale                     1794 us
[20.162s][info][gc,stats    ]     System Dictionary                 4 us
[20.162s][info][gc,stats    ]     Weak Class Links                  0 us
[20.162s][info][gc,stats    ]     Code Roots                     1788 us
[20.162s][info][gc,stats    ]   Rendezvous                         81 us
[20.162s][info][gc,stats    ]   Purge Unlinked                    123 us
[20.162s][info][gc,stats    ]     Code Roots                      117 us
[20.162s][info][gc,stats    ]     CLDG                              5 us
[20.162s][info][gc,stats    ]     Exception Caches                  0 us
[20.162s][info][gc,stats    ] Pause Final Roots (G)               114 us
[20.162s][info][gc,stats    ] Pause Final Roots (N)                43 us
[20.162s][info][gc,stats    ] 
[20.162s][info][gc,stats    ] Allocation pacing accrued:
[20.162s][info][gc,stats    ]       0 of   475 ms (  0.0%): <total>
[20.162s][info][gc,stats    ]       0 of   475 ms (  0.0%): <average total>
[20.162s][info][gc,stats    ] 
[20.162s][info][gc,metaspace] Metaspace: 8894K(9152K)->8894K(9152K) NonClass: 7721K(7872K)->7721K(7872K) Class: 1172K(1280K)->1172K(1280K)
[20.162s][info][gc,ergo     ] Pacer for Idle. Initial: 83886K, Alloc Tax Rate: 1.0x
[20.614s][info][gc          ] Trigger: Learning 4 of 5. Free (2846M) is below initial threshold (2867M)
[20.614s][info][gc,ergo     ] Free: 2846M, Max: 2048K regular, 1720M humongous, Frag: 40% external, 0% internal; Reserve: 206M, Max: 2048K
[20.614s][info][gc,start    ] GC(28) Concurrent reset
[20.614s][info][gc,task     ] GC(28) Using 1 of 3 workers for concurrent reset
[20.614s][info][gc,ergo     ] GC(28) Pacer for Reset. Non-Taxable: 4096M
[20.615s][info][gc          ] GC(28) Concurrent reset 0.599ms
[20.615s][info][gc,start    ] GC(28) Pause Init Mark (unload classes)
[20.615s][info][gc,task     ] GC(28) Using 3 of 3 workers for init marking
[20.615s][info][gc,ergo     ] GC(28) Pacer for Mark. Expected Live: 9460K, Free: 2844M, Non-Taxable: 284M, Alloc Tax Rate: 0.0x
[20.615s][info][gc          ] GC(28) Pause Init Mark (unload classes) 0.246ms
[20.615s][info][gc,start    ] GC(28) Concurrent marking roots
[20.615s][info][gc,task     ] GC(28) Using 1 of 3 workers for concurrent marking roots
[20.616s][info][gc          ] GC(28) Concurrent marking roots 0.521ms
[20.616s][info][gc,start    ] GC(28) Concurrent marking (unload classes)
[20.616s][info][gc,task     ] GC(28) Using 1 of 3 workers for concurrent marking
[20.633s][info][gc          ] GC(28) Concurrent marking (unload classes) 17.360ms
[20.633s][info][gc,start    ] GC(28) Pause Final Mark (unload classes)
[20.633s][info][gc,task     ] GC(28) Using 3 of 3 workers for final marking
[20.633s][info][gc,ergo     ] GC(28) Collectable Garbage: 990M (95%), Immediate: 990M (95%), CSet: 0B (0%)
[20.633s][info][gc          ] GC(28) Pause Final Mark (unload classes) 0.345ms
[20.634s][info][gc,start    ] GC(28) Concurrent weak references
[20.634s][info][gc,task     ] GC(28) Using 1 of 3 workers for concurrent weak references
[20.634s][info][gc,ref      ] GC(28) Encountered references: Soft: 144, Weak: 702, Final: 0, Phantom: 27
[20.634s][info][gc,ref      ] GC(28) Discovered  references: Soft: 0, Weak: 150, Final: 0, Phantom: 12
[20.634s][info][gc,ref      ] GC(28) Enqueued    references: Soft: 0, Weak: 0, Final: 0, Phantom: 0
[20.634s][info][gc          ] GC(28) Concurrent weak references 0.112ms
[20.634s][info][gc,start    ] GC(28) Concurrent weak roots
[20.634s][info][gc,task     ] GC(28) Using 1 of 3 workers for concurrent weak root
[20.634s][info][gc          ] GC(28) Concurrent weak roots 0.545ms
[20.634s][info][gc,start    ] GC(28) Concurrent cleanup
[20.634s][info][gc          ] GC(28) Concurrent cleanup 1086M->96M(4096M) 0.043ms
[20.634s][info][gc,ergo     ] GC(28) Free: 3794M, Max: 2048K regular, 1710M humongous, Frag: 55% external, 0% internal; Reserve: 206M, Max: 2048K
[20.634s][info][gc,start    ] GC(28) Concurrent class unloading
[20.634s][info][gc,task     ] GC(28) Using 1 of 3 workers for concurrent class unloading
[20.637s][info][gc          ] GC(28) Concurrent class unloading 2.311ms
[20.637s][info][gc,start    ] GC(28) Pause Final Roots
[20.637s][info][gc          ] GC(28) Pause Final Roots 0.039ms
[20.637s][info][gc,ergo     ] Free: 3788M, Max: 2048K regular, 1710M humongous, Frag: 55% external, 0% internal; Reserve: 206M, Max: 2048K
[20.637s][info][gc,stats    ] 
[20.637s][info][gc,stats    ] All times are wall-clock times, except per-root-class counters, that are sum over
[20.637s][info][gc,stats    ] all workers. Dividing the <total> over the root stage time estimates parallelism.
[20.637s][info][gc,stats    ] 
[20.637s][info][gc,stats    ] Concurrent Reset                    663 us
[20.637s][info][gc,stats    ] Pause Init Mark (G)                 431 us
[20.637s][info][gc,stats    ] Pause Init Mark (N)                 265 us
[20.637s][info][gc,stats    ]   Update Region States              113 us
[20.637s][info][gc,stats    ] Concurrent Mark Roots               539 us, parallelism: 0.65x
[20.637s][info][gc,stats    ]   CMR: <total>                      351 us
[20.637s][info][gc,stats    ]   CMR: Thread Roots                 292 us, workers (us): 292, ---, ---, 
[20.637s][info][gc,stats    ]   CMR: VM Strong Roots                8 us, workers (us):   8, ---, ---, 
[20.637s][info][gc,stats    ]   CMR: CLDG Roots                    50 us, workers (us):  50, ---, ---, 
[20.637s][info][gc,stats    ] Concurrent Marking                17426 us
[20.637s][info][gc,stats    ] Pause Final Mark (G)                469 us
[20.637s][info][gc,stats    ] Pause Final Mark (N)                364 us
[20.637s][info][gc,stats    ]   Finish Mark                       104 us
[20.637s][info][gc,stats    ]   Update Region States               93 us
[20.637s][info][gc,stats    ]   Choose Collection Set              61 us
[20.637s][info][gc,stats    ]   Rebuild Free Set                   17 us
[20.637s][info][gc,stats    ] Concurrent Weak References          120 us, parallelism: 0.04x
[20.637s][info][gc,stats    ]   CWRF: <total>                       5 us
[20.637s][info][gc,stats    ]   CWRF: Weak References               5 us, workers (us):   5, ---, ---, 
[20.637s][info][gc,stats    ] Concurrent Weak Roots               564 us
[20.637s][info][gc,stats    ]   Roots                             446 us, parallelism: 0.88x
[20.637s][info][gc,stats    ]     CWR: <total>                    393 us
[20.637s][info][gc,stats    ]     CWR: Code Cache Roots           327 us, workers (us): 327, ---, ---, 
[20.637s][info][gc,stats    ]     CWR: VM Weak Roots               61 us, workers (us):  61, ---, ---, 
[20.637s][info][gc,stats    ]     CWR: CLDG Roots                   5 us, workers (us):   5, ---, ---, 
[20.637s][info][gc,stats    ]   Rendezvous                         83 us
[20.637s][info][gc,stats    ] Concurrent Cleanup                   51 us
[20.637s][info][gc,stats    ] Concurrent Class Unloading         2362 us
[20.637s][info][gc,stats    ]   Unlink Stale                     1939 us
[20.637s][info][gc,stats    ]     System Dictionary                 2 us
[20.637s][info][gc,stats    ]     Weak Class Links                  0 us
[20.637s][info][gc,stats    ]     Code Roots                     1935 us
[20.637s][info][gc,stats    ]   Rendezvous                        203 us
[20.637s][info][gc,stats    ]   Purge Unlinked                    150 us
[20.637s][info][gc,stats    ]     Code Roots                      141 us
[20.637s][info][gc,stats    ]     CLDG                              8 us
[20.637s][info][gc,stats    ]     Exception Caches                  0 us
[20.637s][info][gc,stats    ] Pause Final Roots (G)               170 us
[20.637s][info][gc,stats    ] Pause Final Roots (N)                57 us
[20.637s][info][gc,stats    ] 
[20.637s][info][gc,stats    ] Allocation pacing accrued:
[20.637s][info][gc,stats    ]       0 of   476 ms (  0.0%): <total>
[20.637s][info][gc,stats    ]       0 of   476 ms (  0.0%): <average total>
[20.637s][info][gc,stats    ] 
[20.637s][info][gc,metaspace] Metaspace: 8894K(9152K)->8894K(9152K) NonClass: 7721K(7872K)->7721K(7872K) Class: 1172K(1280K)->1172K(1280K)
[20.637s][info][gc,ergo     ] Pacer for Idle. Initial: 83886K, Alloc Tax Rate: 1.0x
[21.069s][info][gc          ] Trigger: Learning 5 of 5. Free (2856M) is below initial threshold (2867M)
[21.070s][info][gc,ergo     ] Free: 2856M, Max: 2048K regular, 1710M humongous, Frag: 41% external, 0% internal; Reserve: 206M, Max: 2048K
[21.070s][info][gc,start    ] GC(29) Concurrent reset
[21.070s][info][gc,task     ] GC(29) Using 1 of 3 workers for concurrent reset
[21.070s][info][gc,ergo     ] GC(29) Pacer for Reset. Non-Taxable: 4096M
[21.070s][info][gc          ] GC(29) Concurrent reset 0.596ms
[21.070s][info][gc,start    ] GC(29) Pause Init Mark (unload classes)
[21.070s][info][gc,task     ] GC(29) Using 3 of 3 workers for init marking
[21.070s][info][gc,ergo     ] GC(29) Pacer for Mark. Expected Live: 9463K, Free: 2854M, Non-Taxable: 285M, Alloc Tax Rate: 0.0x
[21.071s][info][gc          ] GC(29) Pause Init Mark (unload classes) 0.177ms
[21.071s][info][gc,start    ] GC(29) Concurrent marking roots
[21.071s][info][gc,task     ] GC(29) Using 1 of 3 workers for concurrent marking roots
[21.071s][info][gc          ] GC(29) Concurrent marking roots 0.680ms
[21.071s][info][gc,start    ] GC(29) Concurrent marking (unload classes)
[21.071s][info][gc,task     ] GC(29) Using 1 of 3 workers for concurrent marking
[21.092s][info][gc          ] GC(29) Concurrent marking (unload classes) 21.116ms
[21.093s][info][gc,start    ] GC(29) Pause Final Mark (unload classes)
[21.093s][info][gc,task     ] GC(29) Using 3 of 3 workers for final marking
[21.093s][info][gc,ergo     ] GC(29) Collectable Garbage: 966M (94%), Immediate: 966M (94%), CSet: 0B (0%)
[21.093s][info][gc          ] GC(29) Pause Final Mark (unload classes) 0.390ms
[21.093s][info][gc,start    ] GC(29) Concurrent weak references
[21.093s][info][gc,task     ] GC(29) Using 1 of 3 workers for concurrent weak references
[21.093s][info][gc,ref      ] GC(29) Encountered references: Soft: 144, Weak: 702, Final: 0, Phantom: 27
[21.093s][info][gc,ref      ] GC(29) Discovered  references: Soft: 0, Weak: 150, Final: 0, Phantom: 25
[21.093s][info][gc,ref      ] GC(29) Enqueued    references: Soft: 0, Weak: 0, Final: 0, Phantom: 0
[21.093s][info][gc          ] GC(29) Concurrent weak references 0.152ms
[21.093s][info][gc,start    ] GC(29) Concurrent weak roots
[21.093s][info][gc,task     ] GC(29) Using 1 of 3 workers for concurrent weak root
[21.094s][info][gc          ] GC(29) Concurrent weak roots 0.499ms
[21.094s][info][gc,start    ] GC(29) Concurrent cleanup
[21.094s][info][gc          ] GC(29) Concurrent cleanup 1076M->110M(4096M) 0.044ms
[21.094s][info][gc,ergo     ] GC(29) Free: 3780M, Max: 2048K regular, 1730M humongous, Frag: 55% external, 0% internal; Reserve: 206M, Max: 2048K
[21.094s][info][gc,start    ] GC(29) Concurrent class unloading
[21.094s][info][gc,task     ] GC(29) Using 1 of 3 workers for concurrent class unloading
[21.096s][info][gc          ] GC(29) Concurrent class unloading 2.131ms
[21.096s][info][gc,start    ] GC(29) Pause Final Roots
[21.096s][info][gc          ] GC(29) Pause Final Roots 0.044ms
[21.096s][info][gc,ergo     ] Free: 3778M, Max: 2048K regular, 1730M humongous, Frag: 55% external, 0% internal; Reserve: 206M, Max: 2048K
[21.096s][info][gc,stats    ] 
[21.096s][info][gc,stats    ] All times are wall-clock times, except per-root-class counters, that are sum over
[21.096s][info][gc,stats    ] all workers. Dividing the <total> over the root stage time estimates parallelism.
[21.096s][info][gc,stats    ] 
[21.096s][info][gc,stats    ] Concurrent Reset                    633 us
[21.096s][info][gc,stats    ] Pause Init Mark (G)                 318 us
[21.096s][info][gc,stats    ] Pause Init Mark (N)                 194 us
[21.096s][info][gc,stats    ]   Update Region States               75 us
[21.096s][info][gc,stats    ] Concurrent Mark Roots               691 us, parallelism: 0.87x
[21.096s][info][gc,stats    ]   CMR: <total>                      597 us
[21.096s][info][gc,stats    ]   CMR: Thread Roots                 525 us, workers (us): 525, ---, ---, 
[21.096s][info][gc,stats    ]   CMR: VM Strong Roots                7 us, workers (us):   7, ---, ---, 
[21.096s][info][gc,stats    ]   CMR: CLDG Roots                    65 us, workers (us):  65, ---, ---, 
[21.096s][info][gc,stats    ] Concurrent Marking                21179 us
[21.096s][info][gc,stats    ] Pause Final Mark (G)                518 us
[21.096s][info][gc,stats    ] Pause Final Mark (N)                410 us
[21.096s][info][gc,stats    ]   Finish Mark                       133 us
[21.096s][info][gc,stats    ]   Update Region States               89 us
[21.096s][info][gc,stats    ]   Choose Collection Set              66 us
[21.096s][info][gc,stats    ]   Rebuild Free Set                   17 us
[21.096s][info][gc,stats    ] Concurrent Weak References          167 us, parallelism: 0.05x
[21.096s][info][gc,stats    ]   CWRF: <total>                       8 us
[21.096s][info][gc,stats    ]   CWRF: Weak References               8 us, workers (us):   8, ---, ---, 
[21.096s][info][gc,stats    ] Concurrent Weak Roots               514 us
[21.096s][info][gc,stats    ]   Roots                             398 us, parallelism: 0.91x
[21.096s][info][gc,stats    ]     CWR: <total>                    361 us
[21.096s][info][gc,stats    ]     CWR: Code Cache Roots           293 us, workers (us): 293, ---, ---, 
[21.096s][info][gc,stats    ]     CWR: VM Weak Roots               63 us, workers (us):  63, ---, ---, 
[21.096s][info][gc,stats    ]     CWR: CLDG Roots                   5 us, workers (us):   5, ---, ---, 
[21.096s][info][gc,stats    ]   Rendezvous                         72 us
[21.096s][info][gc,stats    ] Concurrent Cleanup                   52 us
[21.096s][info][gc,stats    ] Concurrent Class Unloading         2154 us
[21.096s][info][gc,stats    ]   Unlink Stale                     1987 us
[21.096s][info][gc,stats    ]     System Dictionary                 3 us
[21.096s][info][gc,stats    ]     Weak Class Links                  0 us
[21.096s][info][gc,stats    ]     Code Roots                     1984 us
[21.096s][info][gc,stats    ]   Rendezvous                         62 us
[21.096s][info][gc,stats    ]   Purge Unlinked                     66 us
[21.096s][info][gc,stats    ]     Code Roots                       60 us
[21.096s][info][gc,stats    ]     CLDG                              5 us
[21.096s][info][gc,stats    ]     Exception Caches                  0 us
[21.096s][info][gc,stats    ] Pause Final Roots (G)               132 us
[21.096s][info][gc,stats    ] Pause Final Roots (N)                53 us
[21.096s][info][gc,stats    ] 
[21.096s][info][gc,stats    ] Allocation pacing accrued:
[21.096s][info][gc,stats    ]       0 of   459 ms (  0.0%): <total>
[21.096s][info][gc,stats    ]       0 of   459 ms (  0.0%): <average total>
[21.096s][info][gc,stats    ] 
[21.096s][info][gc,metaspace] Metaspace: 8894K(9152K)->8894K(9152K) NonClass: 7721K(7872K)->7721K(7872K) Class: 1172K(1280K)->1172K(1280K)
[21.096s][info][gc,ergo     ] Pacer for Idle. Initial: 83886K, Alloc Tax Rate: 1.0x
[22.733s][info][gc          ] Trigger: Explicit GC request (System.gc())
[22.734s][info][gc,ergo     ] Free: 982M, Max: 2048K regular, 982M humongous, Frag: 0% external, 0% internal; Reserve: 206M, Max: 2048K
[22.734s][info][gc,start    ] GC(30) Concurrent reset
[22.734s][info][gc,task     ] GC(30) Using 1 of 3 workers for concurrent reset
[22.734s][info][gc,ergo     ] GC(30) Pacer for Reset. Non-Taxable: 4096M
[22.735s][info][gc          ] GC(30) Concurrent reset 0.757ms
[22.735s][info][gc,start    ] GC(30) Pause Init Mark (unload classes)
[22.735s][info][gc,task     ] GC(30) Using 3 of 3 workers for init marking
[22.735s][info][gc,ref      ] GC(30) Clearing All SoftReferences
[22.735s][info][gc,ergo     ] GC(30) Pacer for Mark. Expected Live: 9479K, Free: 982M, Non-Taxable: 100556K, Alloc Tax Rate: 0.0x
[22.735s][info][gc          ] GC(30) Pause Init Mark (unload classes) 0.237ms
[22.735s][info][gc,start    ] GC(30) Concurrent marking roots
[22.735s][info][gc,task     ] GC(30) Using 1 of 3 workers for concurrent marking roots
[22.736s][info][gc          ] GC(30) Concurrent marking roots 0.615ms
[22.736s][info][gc,start    ] GC(30) Concurrent marking (unload classes)
[22.736s][info][gc,task     ] GC(30) Using 1 of 3 workers for concurrent marking
[22.739s][info][gc          ] GC(30) Concurrent marking (unload classes) 3.679ms
[22.739s][info][gc,start    ] GC(30) Pause Final Mark (unload classes)
[22.739s][info][gc,task     ] GC(30) Using 3 of 3 workers for final marking
[22.740s][info][gc,ergo     ] GC(30) Collectable Garbage: 2878M (99%), Immediate: 2878M (99%), CSet: 0B (0%)
[22.740s][info][gc          ] GC(30) Pause Final Mark (unload classes) 0.362ms
[22.740s][info][gc,start    ] GC(30) Concurrent weak references
[22.740s][info][gc,task     ] GC(30) Using 1 of 3 workers for concurrent weak references
[22.740s][info][gc,ref      ] GC(30) Encountered references: Soft: 144, Weak: 702, Final: 0, Phantom: 27
[22.740s][info][gc,ref      ] GC(30) Discovered  references: Soft: 88, Weak: 168, Final: 0, Phantom: 25
[22.740s][info][gc,ref      ] GC(30) Enqueued    references: Soft: 3, Weak: 0, Final: 0, Phantom: 0
[22.740s][info][gc          ] GC(30) Concurrent weak references 0.239ms
[22.740s][info][gc,start    ] GC(30) Concurrent weak roots
[22.740s][info][gc,task     ] GC(30) Using 1 of 3 workers for concurrent weak root
[22.741s][info][gc          ] GC(30) Concurrent weak roots 0.575ms
[22.741s][info][gc,start    ] GC(30) Concurrent cleanup
[22.741s][info][gc          ] GC(30) Concurrent cleanup 2908M->30M(4096M) 0.117ms
[22.741s][info][gc,ergo     ] GC(30) Free: 3860M, Max: 2048K regular, 2720M humongous, Frag: 30% external, 0% internal; Reserve: 206M, Max: 2048K
[22.741s][info][gc,start    ] GC(30) Concurrent class unloading
[22.741s][info][gc,task     ] GC(30) Using 1 of 3 workers for concurrent class unloading
[22.743s][info][gc          ] GC(30) Concurrent class unloading 2.012ms
[22.743s][info][gc,start    ] GC(30) Pause Final Roots
[22.743s][info][gc          ] GC(30) Pause Final Roots 0.039ms
[22.743s][info][gc,ergo     ] Free: 3860M, Max: 2048K regular, 2720M humongous, Frag: 30% external, 0% internal; Reserve: 206M, Max: 2048K
[22.743s][info][gc,stats    ] 
[22.743s][info][gc,stats    ] All times are wall-clock times, except per-root-class counters, that are sum over
[22.743s][info][gc,stats    ] all workers. Dividing the <total> over the root stage time estimates parallelism.
[22.743s][info][gc,stats    ] 
[22.743s][info][gc,stats    ] Concurrent Reset                    798 us
[22.743s][info][gc,stats    ] Pause Init Mark (G)                 388 us
[22.743s][info][gc,stats    ] Pause Init Mark (N)                 255 us
[22.743s][info][gc,stats    ]   Update Region States               91 us
[22.743s][info][gc,stats    ] Concurrent Mark Roots               632 us, parallelism: 0.81x
[22.743s][info][gc,stats    ]   CMR: <total>                      512 us
[22.743s][info][gc,stats    ]   CMR: Thread Roots                 444 us, workers (us): 444, ---, ---, 
[22.743s][info][gc,stats    ]   CMR: VM Strong Roots                6 us, workers (us):   6, ---, ---, 
[22.743s][info][gc,stats    ]   CMR: CLDG Roots                    62 us, workers (us):  62, ---, ---, 
[22.743s][info][gc,stats    ] Concurrent Marking                 3740 us
[22.743s][info][gc,stats    ] Pause Final Mark (G)                488 us
[22.743s][info][gc,stats    ] Pause Final Mark (N)                383 us
[22.743s][info][gc,stats    ]   Finish Mark                       104 us
[22.743s][info][gc,stats    ]   Update Region States               90 us
[22.743s][info][gc,stats    ]   Choose Collection Set              70 us
[22.743s][info][gc,stats    ]   Rebuild Free Set                   17 us
[22.743s][info][gc,stats    ] Concurrent Weak References          255 us, parallelism: 0.06x
[22.743s][info][gc,stats    ]   CWRF: <total>                      15 us
[22.743s][info][gc,stats    ]   CWRF: Weak References              15 us, workers (us):  15, ---, ---, 
[22.743s][info][gc,stats    ] Concurrent Weak Roots               595 us
[22.743s][info][gc,stats    ]   Roots                             425 us, parallelism: 0.87x
[22.743s][info][gc,stats    ]     CWR: <total>                    368 us
[22.743s][info][gc,stats    ]     CWR: Code Cache Roots           302 us, workers (us): 302, ---, ---, 
[22.743s][info][gc,stats    ]     CWR: VM Weak Roots               62 us, workers (us):  62, ---, ---, 
[22.743s][info][gc,stats    ]     CWR: CLDG Roots                   4 us, workers (us):   4, ---, ---, 
[22.743s][info][gc,stats    ]   Rendezvous                        119 us
[22.743s][info][gc,stats    ] Concurrent Cleanup                  125 us
[22.743s][info][gc,stats    ] Concurrent Class Unloading         2057 us
[22.743s][info][gc,stats    ]   Unlink Stale                     1637 us
[22.743s][info][gc,stats    ]     System Dictionary                 3 us
[22.743s][info][gc,stats    ]     Weak Class Links                  0 us
[22.744s][info][gc,stats    ]     Code Roots                     1633 us
[22.744s][info][gc,stats    ]   Rendezvous                        208 us
[22.744s][info][gc,stats    ]   Purge Unlinked                    148 us
[22.744s][info][gc,stats    ]     Code Roots                      139 us
[22.744s][info][gc,stats    ]     CLDG                              8 us
[22.744s][info][gc,stats    ]     Exception Caches                  0 us
[22.744s][info][gc,stats    ] Pause Final Roots (G)               152 us
[22.744s][info][gc,stats    ] Pause Final Roots (N)                57 us
[22.744s][info][gc,stats    ] 
[22.744s][info][gc,stats    ] Allocation pacing accrued:
[22.744s][info][gc,stats    ]       0 of  1647 ms (  0.0%): <total>
[22.744s][info][gc,stats    ]       0 of  1647 ms (  0.0%): <average total>
[22.744s][info][gc,stats    ] 
[22.744s][info][gc,metaspace] Metaspace: 8894K(9152K)->8894K(9152K) NonClass: 7721K(7872K)->7721K(7872K) Class: 1172K(1280K)->1172K(1280K)
[22.744s][info][gc,ergo     ] Pacer for Idle. Initial: 83886K, Alloc Tax Rate: 1.0x
[23.220s][info][gc          ] Trigger: Learning 2 of 5. Free (2836M) is below initial threshold (2867M)
[23.220s][info][gc,ergo     ] Free: 2836M, Max: 2048K regular, 1744M humongous, Frag: 39% external, 0% internal; Reserve: 206M, Max: 2048K
[23.220s][info][gc,start    ] GC(31) Concurrent reset
[23.220s][info][gc,task     ] GC(31) Using 1 of 3 workers for concurrent reset
[23.220s][info][gc,ergo     ] GC(31) Pacer for Reset. Non-Taxable: 4096M
[23.220s][info][gc          ] GC(31) Concurrent reset 0.411ms
[23.220s][info][gc,start    ] GC(31) Pause Init Mark (unload classes)
[23.220s][info][gc,task     ] GC(31) Using 3 of 3 workers for init marking
[23.221s][info][gc,ergo     ] GC(31) Pacer for Mark. Expected Live: 9479K, Free: 2836M, Non-Taxable: 283M, Alloc Tax Rate: 0.0x
[23.221s][info][gc          ] GC(31) Pause Init Mark (unload classes) 0.154ms
[23.221s][info][gc,start    ] GC(31) Concurrent marking roots
[23.221s][info][gc,task     ] GC(31) Using 1 of 3 workers for concurrent marking roots
[23.221s][info][gc          ] GC(31) Concurrent marking roots 0.389ms
[23.221s][info][gc,start    ] GC(31) Concurrent marking (unload classes)
[23.221s][info][gc,task     ] GC(31) Using 1 of 3 workers for concurrent marking
[23.229s][info][gc          ] GC(31) Concurrent marking (unload classes) 7.780ms
[23.229s][info][gc,start    ] GC(31) Pause Final Mark (unload classes)
[23.229s][info][gc,task     ] GC(31) Using 3 of 3 workers for final marking
[23.229s][info][gc,ergo     ] GC(31) Collectable Garbage: 1014M (96%), Immediate: 1014M (96%), CSet: 0B (0%)
[23.229s][info][gc          ] GC(31) Pause Final Mark (unload classes) 0.358ms
[23.229s][info][gc,start    ] GC(31) Concurrent weak references
[23.229s][info][gc,task     ] GC(31) Using 1 of 3 workers for concurrent weak references
[23.229s][info][gc,ref      ] GC(31) Encountered references: Soft: 144, Weak: 702, Final: 0, Phantom: 27
[23.229s][info][gc,ref      ] GC(31) Discovered  references: Soft: 0, Weak: 150, Final: 0, Phantom: 12
[23.229s][info][gc,ref      ] GC(31) Enqueued    references: Soft: 0, Weak: 0, Final: 0, Phantom: 0
[23.229s][info][gc          ] GC(31) Concurrent weak references 0.113ms
[23.229s][info][gc,start    ] GC(31) Concurrent weak roots
[23.229s][info][gc,task     ] GC(31) Using 1 of 3 workers for concurrent weak root
[23.230s][info][gc          ] GC(31) Concurrent weak roots 0.504ms
[23.230s][info][gc,start    ] GC(31) Concurrent cleanup
[23.230s][info][gc          ] GC(31) Concurrent cleanup 1074M->60M(4096M) 0.044ms
[23.230s][info][gc,ergo     ] GC(31) Free: 3830M, Max: 2048K regular, 1724M humongous, Frag: 55% external, 0% internal; Reserve: 206M, Max: 2048K
[23.230s][info][gc,start    ] GC(31) Concurrent class unloading
[23.230s][info][gc,task     ] GC(31) Using 1 of 3 workers for concurrent class unloading
[23.232s][info][gc          ] GC(31) Concurrent class unloading 1.658ms
[23.232s][info][gc,start    ] GC(31) Pause Final Roots
[23.232s][info][gc          ] GC(31) Pause Final Roots 0.023ms
[23.232s][info][gc,ergo     ] Free: 3826M, Max: 2048K regular, 1724M humongous, Frag: 55% external, 0% internal; Reserve: 206M, Max: 2048K
[23.232s][info][gc,stats    ] 
[23.232s][info][gc,stats    ] All times are wall-clock times, except per-root-class counters, that are sum over
[23.232s][info][gc,stats    ] all workers. Dividing the <total> over the root stage time estimates parallelism.
[23.232s][info][gc,stats    ] 
[23.232s][info][gc,stats    ] Concurrent Reset                    475 us
[23.232s][info][gc,stats    ] Pause Init Mark (G)                 311 us
[23.232s][info][gc,stats    ] Pause Init Mark (N)                 170 us
[23.232s][info][gc,stats    ]   Update Region States               69 us
[23.232s][info][gc,stats    ] Concurrent Mark Roots               398 us, parallelism: 0.80x
[23.232s][info][gc,stats    ]   CMR: <total>                      319 us
[23.232s][info][gc,stats    ]   CMR: Thread Roots                 280 us, workers (us): 280, ---, ---, 
[23.232s][info][gc,stats    ]   CMR: VM Strong Roots                4 us, workers (us):   4, ---, ---, 
[23.232s][info][gc,stats    ]   CMR: CLDG Roots                    34 us, workers (us):  34, ---, ---, 
[23.232s][info][gc,stats    ] Concurrent Marking                 7807 us
[23.232s][info][gc,stats    ] Pause Final Mark (G)                481 us
[23.232s][info][gc,stats    ] Pause Final Mark (N)                377 us
[23.232s][info][gc,stats    ]   Finish Mark                       128 us
[23.232s][info][gc,stats    ]   Update Region States               89 us
[23.232s][info][gc,stats    ]   Choose Collection Set              62 us
[23.232s][info][gc,stats    ]   Rebuild Free Set                   16 us
[23.232s][info][gc,stats    ] Concurrent Weak References          122 us, parallelism: 0.06x
[23.232s][info][gc,stats    ]   CWRF: <total>                       7 us
[23.232s][info][gc,stats    ]   CWRF: Weak References               7 us, workers (us):   7, ---, ---, 
[23.232s][info][gc,stats    ] Concurrent Weak Roots               514 us
[23.232s][info][gc,stats    ]   Roots                             423 us, parallelism: 0.92x
[23.232s][info][gc,stats    ]     CWR: <total>                    388 us
[23.232s][info][gc,stats    ]     CWR: Code Cache Roots           322 us, workers (us): 322, ---, ---, 
[23.232s][info][gc,stats    ]     CWR: VM Weak Roots               61 us, workers (us):  61, ---, ---, 
[23.232s][info][gc,stats    ]     CWR: CLDG Roots                   5 us, workers (us):   5, ---, ---, 
[23.232s][info][gc,stats    ]   Rendezvous                         67 us
[23.232s][info][gc,stats    ] Concurrent Cleanup                   52 us
[23.232s][info][gc,stats    ] Concurrent Class Unloading         1685 us
[23.232s][info][gc,stats    ]   Unlink Stale                     1494 us
[23.232s][info][gc,stats    ]     System Dictionary                 2 us
[23.232s][info][gc,stats    ]     Weak Class Links                  0 us
[23.232s][info][gc,stats    ]     Code Roots                     1490 us
[23.232s][info][gc,stats    ]   Rendezvous                         44 us
[23.232s][info][gc,stats    ]   Purge Unlinked                    105 us
[23.232s][info][gc,stats    ]     Code Roots                      100 us
[23.232s][info][gc,stats    ]     CLDG                              5 us
[23.232s][info][gc,stats    ]     Exception Caches                  0 us
[23.232s][info][gc,stats    ] Pause Final Roots (G)               102 us
[23.232s][info][gc,stats    ] Pause Final Roots (N)                31 us
[23.232s][info][gc,stats    ] 
[23.232s][info][gc,stats    ] Allocation pacing accrued:
[23.232s][info][gc,stats    ]       0 of   489 ms (  0.0%): <total>
[23.232s][info][gc,stats    ]       0 of   489 ms (  0.0%): <average total>
[23.232s][info][gc,stats    ] 
[23.232s][info][gc,metaspace] Metaspace: 8894K(9152K)->8894K(9152K) NonClass: 7721K(7872K)->7721K(7872K) Class: 1172K(1280K)->1172K(1280K)
[23.232s][info][gc,ergo     ] Pacer for Idle. Initial: 83886K, Alloc Tax Rate: 1.0x
[23.692s][info][gc          ] Trigger: Learning 3 of 5. Free (2856M) is below initial threshold (2867M)
[23.692s][info][gc,ergo     ] Free: 2854M, Max: 2048K regular, 1724M humongous, Frag: 40% external, 0% internal; Reserve: 206M, Max: 2048K
[23.692s][info][gc,start    ] GC(32) Concurrent reset
[23.692s][info][gc,task     ] GC(32) Using 1 of 3 workers for concurrent reset
[23.692s][info][gc,ergo     ] GC(32) Pacer for Reset. Non-Taxable: 4096M
[23.692s][info][gc          ] GC(32) Concurrent reset 0.340ms
[23.692s][info][gc,start    ] GC(32) Pause Init Mark (unload classes)
[23.692s][info][gc,task     ] GC(32) Using 3 of 3 workers for init marking
[23.693s][info][gc,ergo     ] GC(32) Pacer for Mark. Expected Live: 9482K, Free: 2854M, Non-Taxable: 285M, Alloc Tax Rate: 0.0x
[23.693s][info][gc          ] GC(32) Pause Init Mark (unload classes) 0.214ms
[23.693s][info][gc,start    ] GC(32) Concurrent marking roots
[23.693s][info][gc,task     ] GC(32) Using 1 of 3 workers for concurrent marking roots
[23.693s][info][gc          ] GC(32) Concurrent marking roots 0.436ms
[23.693s][info][gc,start    ] GC(32) Concurrent marking (unload classes)
[23.693s][info][gc,task     ] GC(32) Using 1 of 3 workers for concurrent marking
[23.706s][info][gc          ] GC(32) Concurrent marking (unload classes) 13.095ms
[23.706s][info][gc,start    ] GC(32) Pause Final Mark (unload classes)
[23.706s][info][gc,task     ] GC(32) Using 3 of 3 workers for final marking
[23.707s][info][gc,ergo     ] GC(32) Collectable Garbage: 978M (95%), Immediate: 978M (95%), CSet: 0B (0%)
[23.707s][info][gc          ] GC(32) Pause Final Mark (unload classes) 0.361ms
[23.707s][info][gc,start    ] GC(32) Concurrent weak references
[23.707s][info][gc,task     ] GC(32) Using 1 of 3 workers for concurrent weak references
[23.707s][info][gc,ref      ] GC(32) Encountered references: Soft: 144, Weak: 702, Final: 0, Phantom: 27
[23.707s][info][gc,ref      ] GC(32) Discovered  references: Soft: 0, Weak: 154, Final: 0, Phantom: 25
[23.707s][info][gc,ref      ] GC(32) Enqueued    references: Soft: 0, Weak: 0, Final: 0, Phantom: 0
[23.707s][info][gc          ] GC(32) Concurrent weak references 0.126ms
[23.707s][info][gc,start    ] GC(32) Concurrent weak roots
[23.707s][info][gc,task     ] GC(32) Using 1 of 3 workers for concurrent weak root
[23.707s][info][gc          ] GC(32) Concurrent weak roots 0.571ms
[23.707s][info][gc,start    ] GC(32) Concurrent cleanup
[23.707s][info][gc          ] GC(32) Concurrent cleanup 1066M->88M(4096M) 0.045ms
[23.708s][info][gc,ergo     ] GC(32) Free: 3802M, Max: 2048K regular, 1752M humongous, Frag: 54% external, 0% internal; Reserve: 206M, Max: 2048K
[23.708s][info][gc,start    ] GC(32) Concurrent class unloading
[23.708s][info][gc,task     ] GC(32) Using 1 of 3 workers for concurrent class unloading
[23.709s][info][gc          ] GC(32) Concurrent class unloading 1.764ms
[23.709s][info][gc,start    ] GC(32) Pause Final Roots
[23.709s][info][gc          ] GC(32) Pause Final Roots 0.023ms
[23.709s][info][gc,ergo     ] Free: 3798M, Max: 2048K regular, 1752M humongous, Frag: 54% external, 0% internal; Reserve: 206M, Max: 2048K
[23.710s][info][gc,stats    ] 
[23.710s][info][gc,stats    ] All times are wall-clock times, except per-root-class counters, that are sum over
[23.710s][info][gc,stats    ] all workers. Dividing the <total> over the root stage time estimates parallelism.
[23.710s][info][gc,stats    ] 
[23.710s][info][gc,stats    ] Concurrent Reset                    365 us
[23.710s][info][gc,stats    ] Pause Init Mark (G)                 408 us
[23.710s][info][gc,stats    ] Pause Init Mark (N)                 237 us
[23.710s][info][gc,stats    ]   Update Region States               81 us
[23.710s][info][gc,stats    ] Concurrent Mark Roots               446 us, parallelism: 0.82x
[23.710s][info][gc,stats    ]   CMR: <total>                      366 us
[23.710s][info][gc,stats    ]   CMR: Thread Roots                 328 us, workers (us): 328, ---, ---, 
[23.710s][info][gc,stats    ]   CMR: VM Strong Roots                5 us, workers (us):   5, ---, ---, 
[23.710s][info][gc,stats    ]   CMR: CLDG Roots                    34 us, workers (us):  34, ---, ---, 
[23.710s][info][gc,stats    ] Concurrent Marking                13122 us
[23.710s][info][gc,stats    ] Pause Final Mark (G)                458 us
[23.710s][info][gc,stats    ] Pause Final Mark (N)                380 us
[23.710s][info][gc,stats    ]   Finish Mark                       113 us
[23.710s][info][gc,stats    ]   Update Region States               89 us
[23.710s][info][gc,stats    ]   Choose Collection Set              65 us
[23.710s][info][gc,stats    ]   Rebuild Free Set                   16 us
[23.710s][info][gc,stats    ] Concurrent Weak References          141 us, parallelism: 0.03x
[23.710s][info][gc,stats    ]   CWRF: <total>                       5 us
[23.710s][info][gc,stats    ]   CWRF: Weak References               5 us, workers (us):   5, ---, ---, 
[23.710s][info][gc,stats    ] Concurrent Weak Roots               593 us
[23.710s][info][gc,stats    ]   Roots                             458 us, parallelism: 0.92x
[23.710s][info][gc,stats    ]     CWR: <total>                    422 us
[23.710s][info][gc,stats    ]     CWR: Code Cache Roots           356 us, workers (us): 356, ---, ---, 
[23.710s][info][gc,stats    ]     CWR: VM Weak Roots               61 us, workers (us):  61, ---, ---, 
[23.710s][info][gc,stats    ]     CWR: CLDG Roots                   4 us, workers (us):   4, ---, ---, 
[23.710s][info][gc,stats    ]   Rendezvous                         82 us
[23.710s][info][gc,stats    ] Concurrent Cleanup                   53 us
[23.710s][info][gc,stats    ] Concurrent Class Unloading         1808 us
[23.710s][info][gc,stats    ]   Unlink Stale                     1621 us
[23.710s][info][gc,stats    ]     System Dictionary                 3 us
[23.710s][info][gc,stats    ]     Weak Class Links                  0 us
[23.710s][info][gc,stats    ]     Code Roots                     1616 us
[23.710s][info][gc,stats    ]   Rendezvous                         46 us
[23.710s][info][gc,stats    ]   Purge Unlinked                     80 us
[23.710s][info][gc,stats    ]     Code Roots                       74 us
[23.710s][info][gc,stats    ]     CLDG                              5 us
[23.710s][info][gc,stats    ]     Exception Caches                  0 us
[23.710s][info][gc,stats    ] Pause Final Roots (G)               104 us
[23.710s][info][gc,stats    ] Pause Final Roots (N)                32 us
[23.710s][info][gc,stats    ] 
[23.710s][info][gc,stats    ] Allocation pacing accrued:
[23.710s][info][gc,stats    ]       0 of   478 ms (  0.0%): <total>
[23.710s][info][gc,stats    ]       0 of   478 ms (  0.0%): <average total>
[23.710s][info][gc,stats    ] 
[23.710s][info][gc,metaspace] Metaspace: 8894K(9152K)->8894K(9152K) NonClass: 7721K(7872K)->7721K(7872K) Class: 1172K(1280K)->1172K(1280K)
[23.710s][info][gc,ergo     ] Pacer for Idle. Initial: 83886K, Alloc Tax Rate: 1.0x
[24.163s][info][gc          ] Trigger: Learning 4 of 5. Free (2842M) is below initial threshold (2867M)
[24.163s][info][gc,ergo     ] Free: 2842M, Max: 2048K regular, 1748M humongous, Frag: 39% external, 0% internal; Reserve: 206M, Max: 2048K
[24.163s][info][gc,start    ] GC(33) Concurrent reset
[24.163s][info][gc,task     ] GC(33) Using 1 of 3 workers for concurrent reset
[24.163s][info][gc,ergo     ] GC(33) Pacer for Reset. Non-Taxable: 4096M
[24.163s][info][gc          ] GC(33) Concurrent reset 0.540ms
[24.164s][info][gc,start    ] GC(33) Pause Init Mark (unload classes)
[24.164s][info][gc,task     ] GC(33) Using 3 of 3 workers for init marking
[24.164s][info][gc,ergo     ] GC(33) Pacer for Mark. Expected Live: 9498K, Free: 2840M, Non-Taxable: 284M, Alloc Tax Rate: 0.0x
[24.164s][info][gc          ] GC(33) Pause Init Mark (unload classes) 0.135ms
[24.164s][info][gc,start    ] GC(33) Concurrent marking roots
[24.164s][info][gc,task     ] GC(33) Using 1 of 3 workers for concurrent marking roots
[24.164s][info][gc          ] GC(33) Concurrent marking roots 0.462ms
[24.164s][info][gc,start    ] GC(33) Concurrent marking (unload classes)
[24.164s][info][gc,task     ] GC(33) Using 1 of 3 workers for concurrent marking
[24.182s][info][gc          ] GC(33) Concurrent marking (unload classes) 17.626ms
[24.182s][info][gc,start    ] GC(33) Pause Final Mark (unload classes)
[24.182s][info][gc,task     ] GC(33) Using 3 of 3 workers for final marking
[24.182s][info][gc,ergo     ] GC(33) Collectable Garbage: 990M (95%), Immediate: 990M (95%), CSet: 0B (0%)
[24.182s][info][gc          ] GC(33) Pause Final Mark (unload classes) 0.350ms
[24.182s][info][gc,start    ] GC(33) Concurrent weak references
[24.182s][info][gc,task     ] GC(33) Using 1 of 3 workers for concurrent weak references
[24.183s][info][gc,ref      ] GC(33) Encountered references: Soft: 144, Weak: 702, Final: 0, Phantom: 27
[24.183s][info][gc,ref      ] GC(33) Discovered  references: Soft: 0, Weak: 150, Final: 0, Phantom: 12
[24.183s][info][gc,ref      ] GC(33) Enqueued    references: Soft: 0, Weak: 0, Final: 0, Phantom: 0
[24.183s][info][gc          ] GC(33) Concurrent weak references 0.139ms
[24.183s][info][gc,start    ] GC(33) Concurrent weak roots
[24.183s][info][gc,task     ] GC(33) Using 1 of 3 workers for concurrent weak root
[24.183s][info][gc          ] GC(33) Concurrent weak roots 0.559ms
[24.183s][info][gc,start    ] GC(33) Concurrent cleanup
[24.183s][info][gc          ] GC(33) Concurrent cleanup 1090M->100M(4096M) 0.054ms
[24.183s][info][gc,ergo     ] GC(33) Free: 3790M, Max: 2048K regular, 1706M humongous, Frag: 55% external, 0% internal; Reserve: 206M, Max: 2048K
[24.183s][info][gc,start    ] GC(33) Concurrent class unloading
[24.183s][info][gc,task     ] GC(33) Using 1 of 3 workers for concurrent class unloading
[24.186s][info][gc          ] GC(33) Concurrent class unloading 2.280ms
[24.186s][info][gc,start    ] GC(33) Pause Final Roots
[24.186s][info][gc          ] GC(33) Pause Final Roots 0.041ms
[24.186s][info][gc,ergo     ] Free: 3786M, Max: 2048K regular, 1706M humongous, Frag: 55% external, 0% internal; Reserve: 206M, Max: 2048K
[24.186s][info][gc,stats    ] 
[24.186s][info][gc,stats    ] All times are wall-clock times, except per-root-class counters, that are sum over
[24.186s][info][gc,stats    ] all workers. Dividing the <total> over the root stage time estimates parallelism.
[24.186s][info][gc,stats    ] 
[24.186s][info][gc,stats    ] Concurrent Reset                    590 us
[24.186s][info][gc,stats    ] Pause Init Mark (G)                 263 us
[24.186s][info][gc,stats    ] Pause Init Mark (N)                 146 us
[24.186s][info][gc,stats    ]   Update Region States               50 us
[24.186s][info][gc,stats    ] Concurrent Mark Roots               492 us, parallelism: 0.73x
[24.186s][info][gc,stats    ]   CMR: <total>                      361 us
[24.186s][info][gc,stats    ]   CMR: Thread Roots                 310 us, workers (us): 310, ---, ---, 
[24.186s][info][gc,stats    ]   CMR: VM Strong Roots                6 us, workers (us):   6, ---, ---, 
[24.186s][info][gc,stats    ]   CMR: CLDG Roots                    45 us, workers (us):  45, ---, ---, 
[24.186s][info][gc,stats    ] Concurrent Marking                17691 us
[24.186s][info][gc,stats    ] Pause Final Mark (G)                492 us
[24.186s][info][gc,stats    ] Pause Final Mark (N)                370 us
[24.186s][info][gc,stats    ]   Finish Mark                       106 us
[24.186s][info][gc,stats    ]   Update Region States               87 us
[24.186s][info][gc,stats    ]   Choose Collection Set              62 us
[24.186s][info][gc,stats    ]   Rebuild Free Set                   17 us
[24.186s][info][gc,stats    ] Concurrent Weak References          146 us, parallelism: 0.05x
[24.186s][info][gc,stats    ]   CWRF: <total>                       8 us
[24.186s][info][gc,stats    ]   CWRF: Weak References               8 us, workers (us):   8, ---, ---, 
[24.186s][info][gc,stats    ] Concurrent Weak Roots               583 us
[24.186s][info][gc,stats    ]   Roots                             458 us, parallelism: 0.91x
[24.186s][info][gc,stats    ]     CWR: <total>                    416 us
[24.186s][info][gc,stats    ]     CWR: Code Cache Roots           349 us, workers (us): 349, ---, ---, 
[24.186s][info][gc,stats    ]     CWR: VM Weak Roots               62 us, workers (us):  62, ---, ---, 
[24.186s][info][gc,stats    ]     CWR: CLDG Roots                   6 us, workers (us):   6, ---, ---, 
[24.186s][info][gc,stats    ]   Rendezvous                         85 us
[24.186s][info][gc,stats    ] Concurrent Cleanup                   66 us
[24.186s][info][gc,stats    ] Concurrent Class Unloading         2325 us
[24.186s][info][gc,stats    ]   Unlink Stale                     2063 us
[24.186s][info][gc,stats    ]     System Dictionary                 5 us
[24.186s][info][gc,stats    ]     Weak Class Links                  0 us
[24.186s][info][gc,stats    ]     Code Roots                     2056 us
[24.186s][info][gc,stats    ]   Rendezvous                         86 us
[24.186s][info][gc,stats    ]   Purge Unlinked                    112 us
[24.186s][info][gc,stats    ]     Code Roots                      106 us
[24.186s][info][gc,stats    ]     CLDG                              5 us
[24.186s][info][gc,stats    ]     Exception Caches                  0 us
[24.186s][info][gc,stats    ] Pause Final Roots (G)               168 us
[24.186s][info][gc,stats    ] Pause Final Roots (N)                58 us
[24.186s][info][gc,stats    ] 
[24.186s][info][gc,stats    ] Allocation pacing accrued:
[24.186s][info][gc,stats    ]       0 of   476 ms (  0.0%): <total>
[24.186s][info][gc,stats    ]       0 of   476 ms (  0.0%): <average total>
[24.186s][info][gc,stats    ] 
[24.186s][info][gc,metaspace] Metaspace: 8894K(9152K)->8894K(9152K) NonClass: 7721K(7872K)->7721K(7872K) Class: 1172K(1280K)->1172K(1280K)
[24.186s][info][gc,ergo     ] Pacer for Idle. Initial: 83886K, Alloc Tax Rate: 1.0x
[24.618s][info][gc          ] Trigger: Learning 5 of 5. Free (2852M) is below initial threshold (2867M)
[24.618s][info][gc,ergo     ] Free: 2852M, Max: 2048K regular, 1706M humongous, Frag: 41% external, 0% internal; Reserve: 206M, Max: 2048K
[24.618s][info][gc,start    ] GC(34) Concurrent reset
[24.618s][info][gc,task     ] GC(34) Using 1 of 3 workers for concurrent reset
[24.618s][info][gc,ergo     ] GC(34) Pacer for Reset. Non-Taxable: 4096M
[24.619s][info][gc          ] GC(34) Concurrent reset 0.715ms
[24.619s][info][gc,start    ] GC(34) Pause Init Mark (unload classes)
[24.619s][info][gc,task     ] GC(34) Using 3 of 3 workers for init marking
[24.619s][info][gc,ergo     ] GC(34) Pacer for Mark. Expected Live: 9512K, Free: 2850M, Non-Taxable: 285M, Alloc Tax Rate: 0.0x
[24.619s][info][gc          ] GC(34) Pause Init Mark (unload classes) 0.158ms
[24.619s][info][gc,start    ] GC(34) Concurrent marking roots
[24.619s][info][gc,task     ] GC(34) Using 1 of 3 workers for concurrent marking roots
[24.620s][info][gc          ] GC(34) Concurrent marking roots 0.418ms
[24.620s][info][gc,start    ] GC(34) Concurrent marking (unload classes)
[24.620s][info][gc,task     ] GC(34) Using 1 of 3 workers for concurrent marking
[24.641s][info][gc          ] GC(34) Concurrent marking (unload classes) 20.934ms
[24.641s][info][gc,start    ] GC(34) Pause Final Mark (unload classes)
[24.641s][info][gc,task     ] GC(34) Using 3 of 3 workers for final marking
[24.641s][info][gc,ergo     ] GC(34) Collectable Garbage: 966M (94%), Immediate: 966M (94%), CSet: 0B (0%)
[24.641s][info][gc          ] GC(34) Pause Final Mark (unload classes) 0.406ms
[24.641s][info][gc,start    ] GC(34) Concurrent weak references
[24.641s][info][gc,task     ] GC(34) Using 1 of 3 workers for concurrent weak references
[24.641s][info][gc,ref      ] GC(34) Encountered references: Soft: 144, Weak: 702, Final: 0, Phantom: 27
[24.641s][info][gc,ref      ] GC(34) Discovered  references: Soft: 0, Weak: 150, Final: 0, Phantom: 25
[24.641s][info][gc,ref      ] GC(34) Enqueued    references: Soft: 0, Weak: 0, Final: 0, Phantom: 0
[24.641s][info][gc          ] GC(34) Concurrent weak references 0.112ms
[24.641s][info][gc,start    ] GC(34) Concurrent weak roots
[24.641s][info][gc,task     ] GC(34) Using 1 of 3 workers for concurrent weak root
[24.642s][info][gc          ] GC(34) Concurrent weak roots 0.644ms
[24.642s][info][gc,start    ] GC(34) Concurrent cleanup
[24.642s][info][gc          ] GC(34) Concurrent cleanup 1064M->98M(4096M) 0.042ms
[24.642s][info][gc,ergo     ] GC(34) Free: 3792M, Max: 2048K regular, 1776M humongous, Frag: 54% external, 0% internal; Reserve: 206M, Max: 2048K
[24.642s][info][gc,start    ] GC(34) Concurrent class unloading
[24.642s][info][gc,task     ] GC(34) Using 1 of 3 workers for concurrent class unloading
[24.644s][info][gc          ] GC(34) Concurrent class unloading 1.644ms
[24.644s][info][gc,start    ] GC(34) Pause Final Roots
[24.644s][info][gc          ] GC(34) Pause Final Roots 0.049ms
[24.644s][info][gc,ergo     ] Free: 3790M, Max: 2048K regular, 1776M humongous, Frag: 54% external, 0% internal; Reserve: 206M, Max: 2048K
[24.644s][info][gc,stats    ] 
[24.644s][info][gc,stats    ] All times are wall-clock times, except per-root-class counters, that are sum over
[24.644s][info][gc,stats    ] all workers. Dividing the <total> over the root stage time estimates parallelism.
[24.644s][info][gc,stats    ] 
[24.644s][info][gc,stats    ] Concurrent Reset                    781 us
[24.644s][info][gc,stats    ] Pause Init Mark (G)                 296 us
[24.644s][info][gc,stats    ] Pause Init Mark (N)                 175 us
[24.644s][info][gc,stats    ]   Update Region States               65 us
[24.644s][info][gc,stats    ] Concurrent Mark Roots               436 us, parallelism: 0.76x
[24.644s][info][gc,stats    ]   CMR: <total>                      333 us
[24.644s][info][gc,stats    ]   CMR: Thread Roots                 293 us, workers (us): 293, ---, ---, 
[24.644s][info][gc,stats    ]   CMR: VM Strong Roots                5 us, workers (us):   5, ---, ---, 
[24.644s][info][gc,stats    ]   CMR: CLDG Roots                    35 us, workers (us):  35, ---, ---, 
[24.644s][info][gc,stats    ] Concurrent Marking                20998 us
[24.644s][info][gc,stats    ] Pause Final Mark (G)                547 us
[24.644s][info][gc,stats    ] Pause Final Mark (N)                425 us
[24.644s][info][gc,stats    ]   Finish Mark                       157 us
[24.644s][info][gc,stats    ]   Update Region States               86 us
[24.644s][info][gc,stats    ]   Choose Collection Set              65 us
[24.644s][info][gc,stats    ]   Rebuild Free Set                   17 us
[24.644s][info][gc,stats    ] Concurrent Weak References          119 us, parallelism: 0.04x
[24.644s][info][gc,stats    ]   CWRF: <total>                       5 us
[24.644s][info][gc,stats    ]   CWRF: Weak References               5 us, workers (us):   5, ---, ---, 
[24.644s][info][gc,stats    ] Concurrent Weak Roots               663 us
[24.644s][info][gc,stats    ]   Roots                             540 us, parallelism: 0.87x
[24.644s][info][gc,stats    ]     CWR: <total>                    469 us
[24.644s][info][gc,stats    ]     CWR: Code Cache Roots           354 us, workers (us): 354, ---, ---, 
[24.644s][info][gc,stats    ]     CWR: VM Weak Roots              109 us, workers (us): 109, ---, ---, 
[24.644s][info][gc,stats    ]     CWR: CLDG Roots                   6 us, workers (us):   6, ---, ---, 
[24.644s][info][gc,stats    ]   Rendezvous                         89 us
[24.644s][info][gc,stats    ] Concurrent Cleanup                   50 us
[24.644s][info][gc,stats    ] Concurrent Class Unloading         1674 us
[24.644s][info][gc,stats    ]   Unlink Stale                     1477 us
[24.644s][info][gc,stats    ]     System Dictionary                 3 us
[24.644s][info][gc,stats    ]     Weak Class Links                  0 us
[24.644s][info][gc,stats    ]     Code Roots                     1473 us
[24.644s][info][gc,stats    ]   Rendezvous                         70 us
[24.644s][info][gc,stats    ]   Purge Unlinked                     80 us
[24.644s][info][gc,stats    ]     Code Roots                       76 us
[24.644s][info][gc,stats    ]     CLDG                              5 us
[24.644s][info][gc,stats    ]     Exception Caches                  0 us
[24.644s][info][gc,stats    ] Pause Final Roots (G)               147 us
[24.644s][info][gc,stats    ] Pause Final Roots (N)                59 us
[24.644s][info][gc,stats    ] 
[24.644s][info][gc,stats    ] Allocation pacing accrued:
[24.644s][info][gc,stats    ]       0 of   458 ms (  0.0%): <total>
[24.644s][info][gc,stats    ]       0 of   458 ms (  0.0%): <average total>
[24.644s][info][gc,stats    ] 
[24.644s][info][gc,metaspace] Metaspace: 8894K(9152K)->8894K(9152K) NonClass: 7721K(7872K)->7721K(7872K) Class: 1172K(1280K)->1172K(1280K)
[24.644s][info][gc,ergo     ] Pacer for Idle. Initial: 83886K, Alloc Tax Rate: 1.0x
[26.283s][info][gc          ] Trigger: Explicit GC request (System.gc())
[26.283s][info][gc,ergo     ] Free: 997M, Max: 2048K regular, 996M humongous, Frag: 0% external, 0% internal; Reserve: 206M, Max: 2048K
[26.283s][info][gc,start    ] GC(35) Concurrent reset
[26.283s][info][gc,task     ] GC(35) Using 1 of 3 workers for concurrent reset
[26.283s][info][gc,ergo     ] GC(35) Pacer for Reset. Non-Taxable: 4096M
[26.283s][info][gc          ] GC(35) Concurrent reset 0.569ms
[26.283s][info][gc,start    ] GC(35) Pause Init Mark (unload classes)
[26.284s][info][gc,task     ] GC(35) Using 3 of 3 workers for init marking
[26.284s][info][gc,ref      ] GC(35) Clearing All SoftReferences
[26.284s][info][gc,ergo     ] GC(35) Pacer for Mark. Expected Live: 9523K, Free: 997M, Non-Taxable: 102175K, Alloc Tax Rate: 0.0x
[26.284s][info][gc          ] GC(35) Pause Init Mark (unload classes) 0.187ms
[26.284s][info][gc,start    ] GC(35) Concurrent marking roots
[26.284s][info][gc,task     ] GC(35) Using 1 of 3 workers for concurrent marking roots
[26.284s][info][gc          ] GC(35) Concurrent marking roots 0.661ms
[26.284s][info][gc,start    ] GC(35) Concurrent marking (unload classes)
[26.284s][info][gc,task     ] GC(35) Using 1 of 3 workers for concurrent marking
[26.288s][info][gc          ] GC(35) Concurrent marking (unload classes) 4.022ms
[26.289s][info][gc,start    ] GC(35) Pause Final Mark (unload classes)
[26.289s][info][gc,task     ] GC(35) Using 3 of 3 workers for final marking
[26.289s][info][gc,ergo     ] GC(35) Collectable Garbage: 2862M (99%), Immediate: 2862M (99%), CSet: 0B (0%)
[26.289s][info][gc          ] GC(35) Pause Final Mark (unload classes) 0.301ms
[26.289s][info][gc,start    ] GC(35) Concurrent weak references
[26.289s][info][gc,task     ] GC(35) Using 1 of 3 workers for concurrent weak references
[26.289s][info][gc,ref      ] GC(35) Encountered references: Soft: 144, Weak: 702, Final: 0, Phantom: 27
[26.289s][info][gc,ref      ] GC(35) Discovered  references: Soft: 88, Weak: 168, Final: 0, Phantom: 25
[26.289s][info][gc,ref      ] GC(35) Enqueued    references: Soft: 3, Weak: 0, Final: 0, Phantom: 0
[26.289s][info][gc          ] GC(35) Concurrent weak references 0.168ms
[26.289s][info][gc,start    ] GC(35) Concurrent weak roots
[26.289s][info][gc,task     ] GC(35) Using 1 of 3 workers for concurrent weak root
[26.290s][info][gc          ] GC(35) Concurrent weak roots 0.580ms
[26.290s][info][gc,start    ] GC(35) Concurrent cleanup
[26.290s][info][gc          ] GC(35) Concurrent cleanup 2892M->30M(4096M) 0.087ms
[26.290s][info][gc,ergo     ] GC(35) Free: 3859M, Max: 2048K regular, 2720M humongous, Frag: 30% external, 0% internal; Reserve: 206M, Max: 2048K
[26.290s][info][gc,start    ] GC(35) Concurrent class unloading
[26.290s][info][gc,task     ] GC(35) Using 1 of 3 workers for concurrent class unloading
[26.292s][info][gc          ] GC(35) Concurrent class unloading 2.143ms
[26.292s][info][gc,start    ] GC(35) Pause Final Roots
[26.292s][info][gc          ] GC(35) Pause Final Roots 0.056ms
[26.292s][info][gc,ergo     ] Free: 3859M, Max: 2048K regular, 2720M humongous, Frag: 30% external, 0% internal; Reserve: 206M, Max: 2048K
[26.292s][info][gc,stats    ] 
[26.292s][info][gc,stats    ] All times are wall-clock times, except per-root-class counters, that are sum over
[26.292s][info][gc,stats    ] all workers. Dividing the <total> over the root stage time estimates parallelism.
[26.292s][info][gc,stats    ] 
[26.292s][info][gc,stats    ] Concurrent Reset                    600 us
[26.292s][info][gc,stats    ] Pause Init Mark (G)                 316 us
[26.292s][info][gc,stats    ] Pause Init Mark (N)                 204 us
[26.292s][info][gc,stats    ]   Update Region States               53 us
[26.292s][info][gc,stats    ] Concurrent Mark Roots               678 us, parallelism: 0.83x
[26.292s][info][gc,stats    ]   CMR: <total>                      564 us
[26.292s][info][gc,stats    ]   CMR: Thread Roots                 493 us, workers (us): 493, ---, ---, 
[26.292s][info][gc,stats    ]   CMR: VM Strong Roots                7 us, workers (us):   7, ---, ---, 
[26.292s][info][gc,stats    ]   CMR: CLDG Roots                    64 us, workers (us):  64, ---, ---, 
[26.292s][info][gc,stats    ] Concurrent Marking                 4090 us
[26.292s][info][gc,stats    ] Pause Final Mark (G)                431 us
[26.292s][info][gc,stats    ] Pause Final Mark (N)                311 us
[26.292s][info][gc,stats    ]   Finish Mark                        88 us
[26.292s][info][gc,stats    ]   Update Region States               58 us
[26.292s][info][gc,stats    ]   Choose Collection Set              56 us
[26.292s][info][gc,stats    ]   Rebuild Free Set                    7 us
[26.292s][info][gc,stats    ] Concurrent Weak References          184 us, parallelism: 0.05x
[26.292s][info][gc,stats    ]   CWRF: <total>                       9 us
[26.292s][info][gc,stats    ]   CWRF: Weak References               9 us, workers (us):   9, ---, ---, 
[26.292s][info][gc,stats    ] Concurrent Weak Roots               598 us
[26.292s][info][gc,stats    ]   Roots                             465 us, parallelism: 0.91x
[26.292s][info][gc,stats    ]     CWR: <total>                    423 us
[26.292s][info][gc,stats    ]     CWR: Code Cache Roots           355 us, workers (us): 355, ---, ---, 
[26.292s][info][gc,stats    ]     CWR: VM Weak Roots               63 us, workers (us):  63, ---, ---, 
[26.292s][info][gc,stats    ]     CWR: CLDG Roots                   5 us, workers (us):   5, ---, ---, 
[26.292s][info][gc,stats    ]   Rendezvous                         83 us
[26.293s][info][gc,stats    ] Concurrent Cleanup                   96 us
[26.293s][info][gc,stats    ] Concurrent Class Unloading         2192 us
[26.293s][info][gc,stats    ]   Unlink Stale                     1889 us
[26.293s][info][gc,stats    ]     System Dictionary                 2 us
[26.293s][info][gc,stats    ]     Weak Class Links                  0 us
[26.293s][info][gc,stats    ]     Code Roots                     1885 us
[26.293s][info][gc,stats    ]   Rendezvous                        128 us
[26.293s][info][gc,stats    ]   Purge Unlinked                    108 us
[26.293s][info][gc,stats    ]     Code Roots                       99 us
[26.293s][info][gc,stats    ]     CLDG                              9 us
[26.293s][info][gc,stats    ]     Exception Caches                  0 us
[26.293s][info][gc,stats    ] Pause Final Roots (G)               195 us
[26.293s][info][gc,stats    ] Pause Final Roots (N)                79 us
[26.293s][info][gc,stats    ] 
[26.293s][info][gc,stats    ] Allocation pacing accrued:
[26.293s][info][gc,stats    ]       0 of  1648 ms (  0.0%): <total>
[26.293s][info][gc,stats    ]       0 of  1648 ms (  0.0%): <average total>
[26.293s][info][gc,stats    ] 
[26.293s][info][gc,metaspace] Metaspace: 8894K(9152K)->8894K(9152K) NonClass: 7722K(7872K)->7722K(7872K) Class: 1172K(1280K)->1172K(1280K)
[26.293s][info][gc,ergo     ] Pacer for Idle. Initial: 83886K, Alloc Tax Rate: 1.0x
[26.769s][info][gc          ] Trigger: Learning 2 of 5. Free (2833M) is below initial threshold (2867M)
[26.769s][info][gc,ergo     ] Free: 2833M, Max: 2048K regular, 1742M humongous, Frag: 39% external, 0% internal; Reserve: 206M, Max: 2048K
[26.769s][info][gc,start    ] GC(36) Concurrent reset
[26.769s][info][gc,task     ] GC(36) Using 1 of 3 workers for concurrent reset
[26.769s][info][gc,ergo     ] GC(36) Pacer for Reset. Non-Taxable: 4096M
[26.770s][info][gc          ] GC(36) Concurrent reset 0.400ms
[26.770s][info][gc,start    ] GC(36) Pause Init Mark (unload classes)
[26.770s][info][gc,task     ] GC(36) Using 3 of 3 workers for init marking
[26.770s][info][gc,ergo     ] GC(36) Pacer for Mark. Expected Live: 9523K, Free: 2831M, Non-Taxable: 283M, Alloc Tax Rate: 0.0x
[26.770s][info][gc          ] GC(36) Pause Init Mark (unload classes) 0.121ms
[26.770s][info][gc,start    ] GC(36) Concurrent marking roots
[26.770s][info][gc,task     ] GC(36) Using 1 of 3 workers for concurrent marking roots
[26.770s][info][gc          ] GC(36) Concurrent marking roots 0.433ms
[26.770s][info][gc,start    ] GC(36) Concurrent marking (unload classes)
[26.770s][info][gc,task     ] GC(36) Using 1 of 3 workers for concurrent marking
[26.778s][info][gc          ] GC(36) Concurrent marking (unload classes) 8.145ms
[26.779s][info][gc,start    ] GC(36) Pause Final Mark (unload classes)
[26.779s][info][gc,task     ] GC(36) Using 3 of 3 workers for final marking
[26.779s][info][gc,ergo     ] GC(36) Collectable Garbage: 1014M (96%), Immediate: 1014M (96%), CSet: 0B (0%)
[26.779s][info][gc          ] GC(36) Pause Final Mark (unload classes) 0.458ms
[26.779s][info][gc,start    ] GC(36) Concurrent weak references
[26.779s][info][gc,task     ] GC(36) Using 1 of 3 workers for concurrent weak references
[26.779s][info][gc,ref      ] GC(36) Encountered references: Soft: 144, Weak: 702, Final: 0, Phantom: 27
[26.779s][info][gc,ref      ] GC(36) Discovered  references: Soft: 0, Weak: 150, Final: 0, Phantom: 12
[26.779s][info][gc,ref      ] GC(36) Enqueued    references: Soft: 0, Weak: 0, Final: 0, Phantom: 0
[26.779s][info][gc          ] GC(36) Concurrent weak references 0.135ms
[26.779s][info][gc,start    ] GC(36) Concurrent weak roots
[26.779s][info][gc,task     ] GC(36) Using 1 of 3 workers for concurrent weak root
[26.780s][info][gc          ] GC(36) Concurrent weak roots 0.547ms
[26.780s][info][gc,start    ] GC(36) Concurrent cleanup
[26.780s][info][gc          ] GC(36) Concurrent cleanup 1078M->64M(4096M) 0.044ms
[26.780s][info][gc,ergo     ] GC(36) Free: 3825M, Max: 2048K regular, 1720M humongous, Frag: 56% external, 0% internal; Reserve: 206M, Max: 2048K
[26.780s][info][gc,start    ] GC(36) Concurrent class unloading
[26.780s][info][gc,task     ] GC(36) Using 1 of 3 workers for concurrent class unloading
[26.782s][info][gc          ] GC(36) Concurrent class unloading 1.989ms
[26.782s][info][gc,start    ] GC(36) Pause Final Roots
[26.782s][info][gc          ] GC(36) Pause Final Roots 0.021ms
[26.782s][info][gc,ergo     ] Free: 3819M, Max: 2048K regular, 1720M humongous, Frag: 55% external, 0% internal; Reserve: 206M, Max: 2048K
[26.782s][info][gc,stats    ] 
[26.782s][info][gc,stats    ] All times are wall-clock times, except per-root-class counters, that are sum over
[26.782s][info][gc,stats    ] all workers. Dividing the <total> over the root stage time estimates parallelism.
[26.782s][info][gc,stats    ] 
[26.782s][info][gc,stats    ] Concurrent Reset                    459 us
[26.782s][info][gc,stats    ] Pause Init Mark (G)                 296 us
[26.782s][info][gc,stats    ] Pause Init Mark (N)                 130 us
[26.782s][info][gc,stats    ]   Update Region States               68 us
[26.782s][info][gc,stats    ] Concurrent Mark Roots               451 us, parallelism: 0.73x
[26.782s][info][gc,stats    ]   CMR: <total>                      331 us
[26.782s][info][gc,stats    ]   CMR: Thread Roots                 292 us, workers (us): 292, ---, ---, 
[26.782s][info][gc,stats    ]   CMR: VM Strong Roots                4 us, workers (us):   4, ---, ---, 
[26.782s][info][gc,stats    ]   CMR: CLDG Roots                    34 us, workers (us):  34, ---, ---, 
[26.782s][info][gc,stats    ] Concurrent Marking                 8212 us
[26.782s][info][gc,stats    ] Pause Final Mark (G)                610 us
[26.782s][info][gc,stats    ] Pause Final Mark (N)                477 us
[26.782s][info][gc,stats    ]   Finish Mark                       111 us
[26.782s][info][gc,stats    ]   Update Region States               90 us
[26.782s][info][gc,stats    ]   Choose Collection Set              65 us
[26.782s][info][gc,stats    ]   Rebuild Free Set                   16 us
[26.782s][info][gc,stats    ] Concurrent Weak References          143 us, parallelism: 0.04x
[26.782s][info][gc,stats    ]   CWRF: <total>                       6 us
[26.782s][info][gc,stats    ]   CWRF: Weak References               6 us, workers (us):   6, ---, ---, 
[26.782s][info][gc,stats    ] Concurrent Weak Roots               566 us
[26.782s][info][gc,stats    ]   Roots                             447 us, parallelism: 0.88x
[26.782s][info][gc,stats    ]     CWR: <total>                    394 us
[26.782s][info][gc,stats    ]     CWR: Code Cache Roots           327 us, workers (us): 327, ---, ---, 
[26.782s][info][gc,stats    ]     CWR: VM Weak Roots               62 us, workers (us):  62, ---, ---, 
[26.782s][info][gc,stats    ]     CWR: CLDG Roots                   4 us, workers (us):   4, ---, ---, 
[26.782s][info][gc,stats    ]   Rendezvous                         84 us
[26.782s][info][gc,stats    ] Concurrent Cleanup                   53 us
[26.782s][info][gc,stats    ] Concurrent Class Unloading         2039 us
[26.782s][info][gc,stats    ]   Unlink Stale                     1810 us
[26.782s][info][gc,stats    ]     System Dictionary                 3 us
[26.782s][info][gc,stats    ]     Weak Class Links                  0 us
[26.782s][info][gc,stats    ]     Code Roots                     1807 us
[26.782s][info][gc,stats    ]   Rendezvous                         52 us
[26.782s][info][gc,stats    ]   Purge Unlinked                    109 us
[26.782s][info][gc,stats    ]     Code Roots                       99 us
[26.782s][info][gc,stats    ]     CLDG                              8 us
[26.782s][info][gc,stats    ]     Exception Caches                  0 us
[26.782s][info][gc,stats    ] Pause Final Roots (G)               138 us
[26.783s][info][gc,stats    ] Pause Final Roots (N)                30 us
[26.783s][info][gc,stats    ] 
[26.783s][info][gc,stats    ] Allocation pacing accrued:
[26.783s][info][gc,stats    ]       0 of   490 ms (  0.0%): <total>
[26.783s][info][gc,stats    ]       0 of   490 ms (  0.0%): <average total>
[26.783s][info][gc,stats    ] 
[26.783s][info][gc,metaspace] Metaspace: 8897K(9152K)->8897K(9152K) NonClass: 7725K(7872K)->7725K(7872K) Class: 1172K(1280K)->1172K(1280K)
[26.783s][info][gc,ergo     ] Pacer for Idle. Initial: 83886K, Alloc Tax Rate: 1.0x
[27.240s][info][gc          ] Trigger: Learning 3 of 5. Free (2855M) is below initial threshold (2867M)
[27.240s][info][gc,ergo     ] Free: 2855M, Max: 2048K regular, 1720M humongous, Frag: 40% external, 0% internal; Reserve: 206M, Max: 2048K
[27.241s][info][gc,start    ] GC(37) Concurrent reset
[27.241s][info][gc,task     ] GC(37) Using 1 of 3 workers for concurrent reset
[27.241s][info][gc,ergo     ] GC(37) Pacer for Reset. Non-Taxable: 4096M
[27.241s][info][gc          ] GC(37) Concurrent reset 0.518ms
[27.241s][info][gc,start    ] GC(37) Pause Init Mark (unload classes)
[27.241s][info][gc,task     ] GC(37) Using 3 of 3 workers for init marking
[27.241s][info][gc,ergo     ] GC(37) Pacer for Mark. Expected Live: 9532K, Free: 2855M, Non-Taxable: 285M, Alloc Tax Rate: 0.0x
[27.241s][info][gc          ] GC(37) Pause Init Mark (unload classes) 0.168ms
[27.241s][info][gc,start    ] GC(37) Concurrent marking roots
[27.241s][info][gc,task     ] GC(37) Using 1 of 3 workers for concurrent marking roots
[27.242s][info][gc          ] GC(37) Concurrent marking roots 0.721ms
[27.242s][info][gc,start    ] GC(37) Concurrent marking (unload classes)
[27.242s][info][gc,task     ] GC(37) Using 1 of 3 workers for concurrent marking
[27.255s][info][gc          ] GC(37) Concurrent marking (unload classes) 12.990ms
[27.255s][info][gc,start    ] GC(37) Pause Final Mark (unload classes)
[27.255s][info][gc,task     ] GC(37) Using 3 of 3 workers for final marking
[27.256s][info][gc,ergo     ] GC(37) Collectable Garbage: 984M (96%), Immediate: 984M (96%), CSet: 0B (0%)
[27.256s][info][gc          ] GC(37) Pause Final Mark (unload classes) 0.306ms
[27.256s][info][gc,start    ] GC(37) Concurrent weak references
[27.256s][info][gc,task     ] GC(37) Using 1 of 3 workers for concurrent weak references
[27.256s][info][gc,ref      ] GC(37) Encountered references: Soft: 144, Weak: 702, Final: 0, Phantom: 27
[27.256s][info][gc,ref      ] GC(37) Discovered  references: Soft: 0, Weak: 150, Final: 0, Phantom: 12
[27.256s][info][gc,ref      ] GC(37) Enqueued    references: Soft: 0, Weak: 0, Final: 0, Phantom: 0
[27.256s][info][gc          ] GC(37) Concurrent weak references 0.151ms
[27.256s][info][gc,start    ] GC(37) Concurrent weak roots
[27.256s][info][gc,task     ] GC(37) Using 1 of 3 workers for concurrent weak root
[27.256s][info][gc          ] GC(37) Concurrent weak roots 0.565ms
[27.256s][info][gc,start    ] GC(37) Concurrent cleanup
[27.256s][info][gc          ] GC(37) Concurrent cleanup 1064M->80M(4096M) 0.042ms
[27.257s][info][gc,ergo     ] GC(37) Free: 3809M, Max: 2048K regular, 1758M humongous, Frag: 54% external, 0% internal; Reserve: 206M, Max: 2048K
[27.257s][info][gc,start    ] GC(37) Concurrent class unloading
[27.257s][info][gc,task     ] GC(37) Using 1 of 3 workers for concurrent class unloading
[27.258s][info][gc          ] GC(37) Concurrent class unloading 1.885ms
[27.259s][info][gc,start    ] GC(37) Pause Final Roots
[27.259s][info][gc          ] GC(37) Pause Final Roots 0.031ms
[27.259s][info][gc,ergo     ] Free: 3805M, Max: 2048K regular, 1758M humongous, Frag: 54% external, 0% internal; Reserve: 206M, Max: 2048K
[27.259s][info][gc,stats    ] 
[27.259s][info][gc,stats    ] All times are wall-clock times, except per-root-class counters, that are sum over
[27.259s][info][gc,stats    ] all workers. Dividing the <total> over the root stage time estimates parallelism.
[27.259s][info][gc,stats    ] 
[27.259s][info][gc,stats    ] Concurrent Reset                    590 us
[27.259s][info][gc,stats    ] Pause Init Mark (G)                 317 us
[27.259s][info][gc,stats    ] Pause Init Mark (N)                 185 us
[27.259s][info][gc,stats    ]   Update Region States               58 us
[27.259s][info][gc,stats    ] Concurrent Mark Roots               744 us, parallelism: 0.82x
[27.259s][info][gc,stats    ]   CMR: <total>                      614 us
[27.259s][info][gc,stats    ]   CMR: Thread Roots                 541 us, workers (us): 541, ---, ---, 
[27.259s][info][gc,stats    ]   CMR: VM Strong Roots                7 us, workers (us):   7, ---, ---, 
[27.259s][info][gc,stats    ]   CMR: CLDG Roots                    65 us, workers (us):  65, ---, ---, 
[27.259s][info][gc,stats    ] Concurrent Marking                13049 us
[27.259s][info][gc,stats    ] Pause Final Mark (G)                457 us
[27.259s][info][gc,stats    ] Pause Final Mark (N)                322 us
[27.259s][info][gc,stats    ]   Finish Mark                       128 us
[27.259s][info][gc,stats    ]   Update Region States               65 us
[27.259s][info][gc,stats    ]   Choose Collection Set              40 us
[27.259s][info][gc,stats    ]   Rebuild Free Set                    8 us
[27.259s][info][gc,stats    ] Concurrent Weak References          159 us, parallelism: 0.03x
[27.259s][info][gc,stats    ]   CWRF: <total>                       4 us
[27.259s][info][gc,stats    ]   CWRF: Weak References               4 us, workers (us):   4, ---, ---, 
[27.259s][info][gc,stats    ] Concurrent Weak Roots               587 us
[27.259s][info][gc,stats    ]   Roots                             487 us, parallelism: 0.91x
[27.259s][info][gc,stats    ]     CWR: <total>                    445 us
[27.259s][info][gc,stats    ]     CWR: Code Cache Roots           326 us, workers (us): 326, ---, ---, 
[27.259s][info][gc,stats    ]     CWR: VM Weak Roots              112 us, workers (us): 112, ---, ---, 
[27.259s][info][gc,stats    ]     CWR: CLDG Roots                   7 us, workers (us):   7, ---, ---, 
[27.259s][info][gc,stats    ]   Rendezvous                         61 us
[27.259s][info][gc,stats    ] Concurrent Cleanup                  101 us
[27.259s][info][gc,stats    ] Concurrent Class Unloading         1948 us
[27.259s][info][gc,stats    ]   Unlink Stale                     1695 us
[27.259s][info][gc,stats    ]     System Dictionary                 5 us
[27.259s][info][gc,stats    ]     Weak Class Links                  0 us
[27.259s][info][gc,stats    ]     Code Roots                     1688 us
[27.259s][info][gc,stats    ]   Rendezvous                         49 us
[27.259s][info][gc,stats    ]   Purge Unlinked                    121 us
[27.259s][info][gc,stats    ]     Code Roots                      110 us
[27.259s][info][gc,stats    ]     CLDG                             10 us
[27.259s][info][gc,stats    ]     Exception Caches                  0 us
[27.259s][info][gc,stats    ] Pause Final Roots (G)               124 us
[27.259s][info][gc,stats    ] Pause Final Roots (N)                40 us
[27.259s][info][gc,stats    ] 
[27.259s][info][gc,stats    ] Allocation pacing accrued:
[27.259s][info][gc,stats    ]       0 of   477 ms (  0.0%): <total>
[27.259s][info][gc,stats    ]       0 of   477 ms (  0.0%): <average total>
[27.259s][info][gc,stats    ] 
[27.259s][info][gc,metaspace] Metaspace: 8897K(9152K)->8897K(9152K) NonClass: 7725K(7872K)->7725K(7872K) Class: 1172K(1280K)->1172K(1280K)
[27.259s][info][gc,ergo     ] Pacer for Idle. Initial: 83886K, Alloc Tax Rate: 1.0x
[27.711s][info][gc          ] Trigger: Learning 4 of 5. Free (2849M) is below initial threshold (2867M)
[27.711s][info][gc,ergo     ] Free: 2849M, Max: 2048K regular, 1756M humongous, Frag: 39% external, 0% internal; Reserve: 206M, Max: 2048K
[27.711s][info][gc,start    ] GC(38) Concurrent reset
[27.711s][info][gc,task     ] GC(38) Using 1 of 3 workers for concurrent reset
[27.711s][info][gc,ergo     ] GC(38) Pacer for Reset. Non-Taxable: 4096M
[27.712s][info][gc          ] GC(38) Concurrent reset 0.638ms
[27.712s][info][gc,start    ] GC(38) Pause Init Mark (unload classes)
[27.712s][info][gc,task     ] GC(38) Using 3 of 3 workers for init marking
[27.712s][info][gc,ergo     ] GC(38) Pacer for Mark. Expected Live: 9530K, Free: 2847M, Non-Taxable: 284M, Alloc Tax Rate: 0.0x
[27.712s][info][gc          ] GC(38) Pause Init Mark (unload classes) 0.180ms
[27.712s][info][gc,start    ] GC(38) Concurrent marking roots
[27.712s][info][gc,task     ] GC(38) Using 1 of 3 workers for concurrent marking roots
[27.713s][info][gc          ] GC(38) Concurrent marking roots 0.415ms
[27.713s][info][gc,start    ] GC(38) Concurrent marking (unload classes)
[27.713s][info][gc,task     ] GC(38) Using 1 of 3 workers for concurrent marking
[27.730s][info][gc          ] GC(38) Concurrent marking (unload classes) 17.228ms
[27.730s][info][gc,start    ] GC(38) Pause Final Mark (unload classes)
[27.730s][info][gc,task     ] GC(38) Using 3 of 3 workers for final marking
[27.730s][info][gc,ergo     ] GC(38) Collectable Garbage: 984M (95%), Immediate: 984M (95%), CSet: 0B (0%)
[27.730s][info][gc          ] GC(38) Pause Final Mark (unload classes) 0.366ms
[27.730s][info][gc,start    ] GC(38) Concurrent weak references
[27.731s][info][gc,task     ] GC(38) Using 1 of 3 workers for concurrent weak references
[27.731s][info][gc,ref      ] GC(38) Encountered references: Soft: 144, Weak: 702, Final: 0, Phantom: 27
[27.731s][info][gc,ref      ] GC(38) Discovered  references: Soft: 0, Weak: 150, Final: 0, Phantom: 25
[27.731s][info][gc,ref      ] GC(38) Enqueued    references: Soft: 0, Weak: 0, Final: 0, Phantom: 0
[27.731s][info][gc          ] GC(38) Concurrent weak references 0.112ms
[27.731s][info][gc,start    ] GC(38) Concurrent weak roots
[27.731s][info][gc,task     ] GC(38) Using 1 of 3 workers for concurrent weak root
[27.731s][info][gc          ] GC(38) Concurrent weak roots 0.546ms
[27.731s][info][gc,start    ] GC(38) Concurrent cleanup
[27.731s][info][gc          ] GC(38) Concurrent cleanup 1080M->96M(4096M) 0.043ms
[27.731s][info][gc,ergo     ] GC(38) Free: 3793M, Max: 2048K regular, 1716M humongous, Frag: 55% external, 0% internal; Reserve: 206M, Max: 2048K
[27.731s][info][gc,start    ] GC(38) Concurrent class unloading
[27.731s][info][gc,task     ] GC(38) Using 1 of 3 workers for concurrent class unloading
[27.733s][info][gc          ] GC(38) Concurrent class unloading 1.720ms
[27.733s][info][gc,start    ] GC(38) Pause Final Roots
[27.733s][info][gc          ] GC(38) Pause Final Roots 0.029ms
[27.733s][info][gc,ergo     ] Free: 3789M, Max: 2048K regular, 1716M humongous, Frag: 55% external, 0% internal; Reserve: 206M, Max: 2048K
[27.733s][info][gc,stats    ] 
[27.733s][info][gc,stats    ] All times are wall-clock times, except per-root-class counters, that are sum over
[27.733s][info][gc,stats    ] all workers. Dividing the <total> over the root stage time estimates parallelism.
[27.733s][info][gc,stats    ] 
[27.733s][info][gc,stats    ] Concurrent Reset                    698 us
[27.733s][info][gc,stats    ] Pause Init Mark (G)                 362 us
[27.733s][info][gc,stats    ] Pause Init Mark (N)                 197 us
[27.733s][info][gc,stats    ]   Update Region States               68 us
[27.733s][info][gc,stats    ] Concurrent Mark Roots               432 us, parallelism: 0.76x
[27.733s][info][gc,stats    ]   CMR: <total>                      331 us
[27.733s][info][gc,stats    ]   CMR: Thread Roots                 291 us, workers (us): 291, ---, ---, 
[27.733s][info][gc,stats    ]   CMR: VM Strong Roots                4 us, workers (us):   4, ---, ---, 
[27.733s][info][gc,stats    ]   CMR: CLDG Roots                    36 us, workers (us):  36, ---, ---, 
[27.733s][info][gc,stats    ] Concurrent Marking                17288 us
[27.733s][info][gc,stats    ] Pause Final Mark (G)                494 us
[27.733s][info][gc,stats    ] Pause Final Mark (N)                386 us
[27.733s][info][gc,stats    ]   Finish Mark                       127 us
[27.733s][info][gc,stats    ]   Update Region States               90 us
[27.734s][info][gc,stats    ]   Choose Collection Set              62 us
[27.734s][info][gc,stats    ]   Rebuild Free Set                   17 us
[27.734s][info][gc,stats    ] Concurrent Weak References          119 us, parallelism: 0.04x
[27.734s][info][gc,stats    ]   CWRF: <total>                       5 us
[27.734s][info][gc,stats    ]   CWRF: Weak References               5 us, workers (us):   5, ---, ---, 
[27.734s][info][gc,stats    ] Concurrent Weak Roots               565 us
[27.734s][info][gc,stats    ]   Roots                             448 us, parallelism: 0.88x
[27.734s][info][gc,stats    ]     CWR: <total>                    396 us
[27.734s][info][gc,stats    ]     CWR: Code Cache Roots           330 us, workers (us): 330, ---, ---, 
[27.734s][info][gc,stats    ]     CWR: VM Weak Roots               61 us, workers (us):  61, ---, ---, 
[27.734s][info][gc,stats    ]     CWR: CLDG Roots                   5 us, workers (us):   5, ---, ---, 
[27.734s][info][gc,stats    ]   Rendezvous                         83 us
[27.734s][info][gc,stats    ] Concurrent Cleanup                   51 us
[27.734s][info][gc,stats    ] Concurrent Class Unloading         1751 us
[27.734s][info][gc,stats    ]   Unlink Stale                     1561 us
[27.734s][info][gc,stats    ]     System Dictionary                 3 us
[27.734s][info][gc,stats    ]     Weak Class Links                  0 us
[27.734s][info][gc,stats    ]     Code Roots                     1558 us
[27.734s][info][gc,stats    ]   Rendezvous                         55 us
[27.734s][info][gc,stats    ]   Purge Unlinked                     86 us
[27.734s][info][gc,stats    ]     Code Roots                       81 us
[27.734s][info][gc,stats    ]     CLDG                              5 us
[27.734s][info][gc,stats    ]     Exception Caches                  0 us
[27.734s][info][gc,stats    ] Pause Final Roots (G)               151 us
[27.734s][info][gc,stats    ] Pause Final Roots (N)                47 us
[27.734s][info][gc,stats    ] 
[27.734s][info][gc,stats    ] Allocation pacing accrued:
[27.734s][info][gc,stats    ]       0 of   475 ms (  0.0%): <total>
[27.734s][info][gc,stats    ]       0 of   475 ms (  0.0%): <average total>
[27.734s][info][gc,stats    ] 
[27.734s][info][gc,metaspace] Metaspace: 8897K(9152K)->8897K(9152K) NonClass: 7725K(7872K)->7725K(7872K) Class: 1172K(1280K)->1172K(1280K)
[27.734s][info][gc,ergo     ] Pacer for Idle. Initial: 83886K, Alloc Tax Rate: 1.0x
[28.166s][info][gc          ] Trigger: Learning 5 of 5. Free (2855M) is below initial threshold (2867M)
[28.166s][info][gc,ergo     ] Free: 2855M, Max: 2048K regular, 1716M humongous, Frag: 40% external, 0% internal; Reserve: 206M, Max: 2048K
[28.166s][info][gc,start    ] GC(39) Concurrent reset
[28.166s][info][gc,task     ] GC(39) Using 1 of 3 workers for concurrent reset
[28.166s][info][gc,ergo     ] GC(39) Pacer for Reset. Non-Taxable: 4096M
[28.167s][info][gc          ] GC(39) Concurrent reset 0.315ms
[28.167s][info][gc,start    ] GC(39) Pause Init Mark (unload classes)
[28.167s][info][gc,task     ] GC(39) Using 3 of 3 workers for init marking
[28.167s][info][gc,ergo     ] GC(39) Pacer for Mark. Expected Live: 9532K, Free: 2855M, Non-Taxable: 285M, Alloc Tax Rate: 0.0x
[28.167s][info][gc          ] GC(39) Pause Init Mark (unload classes) 0.114ms
[28.167s][info][gc,start    ] GC(39) Concurrent marking roots
[28.167s][info][gc,task     ] GC(39) Using 1 of 3 workers for concurrent marking roots
[28.167s][info][gc          ] GC(39) Concurrent marking roots 0.452ms
[28.167s][info][gc,start    ] GC(39) Concurrent marking (unload classes)
[28.167s][info][gc,task     ] GC(39) Using 1 of 3 workers for concurrent marking
[28.189s][info][gc          ] GC(39) Concurrent marking (unload classes) 21.410ms
[28.189s][info][gc,start    ] GC(39) Pause Final Mark (unload classes)
[28.189s][info][gc,task     ] GC(39) Using 3 of 3 workers for final marking
[28.189s][info][gc,ergo     ] GC(39) Collectable Garbage: 962M (94%), Immediate: 962M (94%), CSet: 0B (0%)
[28.189s][info][gc          ] GC(39) Pause Final Mark (unload classes) 0.327ms
[28.189s][info][gc,start    ] GC(39) Concurrent weak references
[28.189s][info][gc,task     ] GC(39) Using 1 of 3 workers for concurrent weak references
[28.189s][info][gc,ref      ] GC(39) Encountered references: Soft: 144, Weak: 702, Final: 0, Phantom: 27
[28.190s][info][gc,ref      ] GC(39) Discovered  references: Soft: 0, Weak: 150, Final: 0, Phantom: 12
[28.190s][info][gc,ref      ] GC(39) Enqueued    references: Soft: 0, Weak: 0, Final: 0, Phantom: 0
[28.190s][info][gc          ] GC(39) Concurrent weak references 0.137ms
[28.190s][info][gc,start    ] GC(39) Concurrent weak roots
[28.190s][info][gc,task     ] GC(39) Using 1 of 3 workers for concurrent weak root
[28.190s][info][gc          ] GC(39) Concurrent weak roots 0.509ms
[28.190s][info][gc,start    ] GC(39) Concurrent cleanup
[28.190s][info][gc          ] GC(39) Concurrent cleanup 1062M->100M(4096M) 0.042ms
[28.190s][info][gc,ergo     ] GC(39) Free: 3789M, Max: 2048K regular, 1774M humongous, Frag: 54% external, 0% internal; Reserve: 206M, Max: 2048K
[28.190s][info][gc,start    ] GC(39) Concurrent class unloading
[28.190s][info][gc,task     ] GC(39) Using 1 of 3 workers for concurrent class unloading
[28.192s][info][gc          ] GC(39) Concurrent class unloading 2.219ms
[28.192s][info][gc,start    ] GC(39) Pause Final Roots
[28.193s][info][gc          ] GC(39) Pause Final Roots 0.062ms
[28.193s][info][gc,ergo     ] Free: 3789M, Max: 2048K regular, 1774M humongous, Frag: 54% external, 0% internal; Reserve: 206M, Max: 2048K
[28.193s][info][gc,stats    ] 
[28.193s][info][gc,stats    ] All times are wall-clock times, except per-root-class counters, that are sum over
[28.193s][info][gc,stats    ] all workers. Dividing the <total> over the root stage time estimates parallelism.
[28.193s][info][gc,stats    ] 
[28.193s][info][gc,stats    ] Concurrent Reset                    342 us
[28.193s][info][gc,stats    ] Pause Init Mark (G)                 229 us
[28.193s][info][gc,stats    ] Pause Init Mark (N)                 124 us
[28.193s][info][gc,stats    ]   Update Region States               37 us
[28.193s][info][gc,stats    ] Concurrent Mark Roots               489 us, parallelism: 0.79x
[28.193s][info][gc,stats    ]   CMR: <total>                      386 us
[28.193s][info][gc,stats    ]   CMR: Thread Roots                 337 us, workers (us): 337, ---, ---, 
[28.193s][info][gc,stats    ]   CMR: VM Strong Roots                6 us, workers (us):   6, ---, ---, 
[28.193s][info][gc,stats    ]   CMR: CLDG Roots                    43 us, workers (us):  43, ---, ---, 
[28.193s][info][gc,stats    ] Concurrent Marking                21474 us
[28.193s][info][gc,stats    ] Pause Final Mark (G)                455 us
[28.193s][info][gc,stats    ] Pause Final Mark (N)                347 us
[28.193s][info][gc,stats    ]   Finish Mark                        88 us
[28.193s][info][gc,stats    ]   Update Region States               73 us
[28.193s][info][gc,stats    ]   Choose Collection Set              65 us
[28.193s][info][gc,stats    ]   Rebuild Free Set                   17 us
[28.193s][info][gc,stats    ] Concurrent Weak References          144 us, parallelism: 0.05x
[28.193s][info][gc,stats    ]   CWRF: <total>                       7 us
[28.193s][info][gc,stats    ]   CWRF: Weak References               7 us, workers (us):   7, ---, ---, 
[28.193s][info][gc,stats    ] Concurrent Weak Roots               527 us
[28.193s][info][gc,stats    ]   Roots                             413 us, parallelism: 0.87x
[28.193s][info][gc,stats    ]     CWR: <total>                    361 us
[28.193s][info][gc,stats    ]     CWR: Code Cache Roots           297 us, workers (us): 297, ---, ---, 
[28.193s][info][gc,stats    ]     CWR: VM Weak Roots               60 us, workers (us):  60, ---, ---, 
[28.193s][info][gc,stats    ]     CWR: CLDG Roots                   5 us, workers (us):   5, ---, ---, 
[28.193s][info][gc,stats    ]   Rendezvous                         81 us
[28.193s][info][gc,stats    ] Concurrent Cleanup                   50 us
[28.193s][info][gc,stats    ] Concurrent Class Unloading         2268 us
[28.193s][info][gc,stats    ]   Unlink Stale                     1825 us
[28.193s][info][gc,stats    ]     System Dictionary                 2 us
[28.193s][info][gc,stats    ]     Weak Class Links                  0 us
[28.193s][info][gc,stats    ]     Code Roots                     1821 us
[28.193s][info][gc,stats    ]   Rendezvous                        209 us
[28.193s][info][gc,stats    ]   Purge Unlinked                    166 us
[28.193s][info][gc,stats    ]     Code Roots                      157 us
[28.193s][info][gc,stats    ]     CLDG                              9 us
[28.193s][info][gc,stats    ]     Exception Caches                  0 us
[28.193s][info][gc,stats    ] Pause Final Roots (G)               202 us
[28.193s][info][gc,stats    ] Pause Final Roots (N)                81 us
[28.193s][info][gc,stats    ] 
[28.193s][info][gc,stats    ] Allocation pacing accrued:
[28.193s][info][gc,stats    ]       0 of   459 ms (  0.0%): <total>
[28.193s][info][gc,stats    ]       0 of   459 ms (  0.0%): <average total>
[28.193s][info][gc,stats    ] 
[28.193s][info][gc,metaspace] Metaspace: 8897K(9152K)->8897K(9152K) NonClass: 7725K(7872K)->7725K(7872K) Class: 1172K(1280K)->1172K(1280K)
[28.193s][info][gc,ergo     ] Pacer for Idle. Initial: 83886K, Alloc Tax Rate: 1.0x
[29.815s][info][gc          ] Trigger: Explicit GC request (System.gc())
[29.815s][info][gc,ergo     ] Free: 996M, Max: 2048K regular, 996M humongous, Frag: 0% external, 0% internal; Reserve: 206M, Max: 2048K
[29.815s][info][gc,start    ] GC(40) Concurrent reset
[29.815s][info][gc,task     ] GC(40) Using 1 of 3 workers for concurrent reset
[29.815s][info][gc,ergo     ] GC(40) Pacer for Reset. Non-Taxable: 4096M
[29.816s][info][gc          ] GC(40) Concurrent reset 0.520ms
[29.816s][info][gc,start    ] GC(40) Pause Init Mark (unload classes)
[29.816s][info][gc,task     ] GC(40) Using 3 of 3 workers for init marking
[29.816s][info][gc,ref      ] GC(40) Clearing All SoftReferences
[29.816s][info][gc,ergo     ] GC(40) Pacer for Mark. Expected Live: 9528K, Free: 996M, Non-Taxable: 101990K, Alloc Tax Rate: 0.0x
[29.816s][info][gc          ] GC(40) Pause Init Mark (unload classes) 0.220ms
[29.816s][info][gc,start    ] GC(40) Concurrent marking roots
[29.816s][info][gc,task     ] GC(40) Using 1 of 3 workers for concurrent marking roots
[29.817s][info][gc          ] GC(40) Concurrent marking roots 0.741ms
[29.817s][info][gc,start    ] GC(40) Concurrent marking (unload classes)
[29.817s][info][gc,task     ] GC(40) Using 1 of 3 workers for concurrent marking
[29.821s][info][gc          ] GC(40) Concurrent marking (unload classes) 3.476ms
[29.821s][info][gc,start    ] GC(40) Pause Final Mark (unload classes)
[29.821s][info][gc,task     ] GC(40) Using 3 of 3 workers for final marking
[29.821s][info][gc,ergo     ] GC(40) Collectable Garbage: 2863M (99%), Immediate: 2863M (99%), CSet: 0B (0%)
[29.821s][info][gc          ] GC(40) Pause Final Mark (unload classes) 0.413ms
[29.821s][info][gc,start    ] GC(40) Concurrent weak references
[29.821s][info][gc,task     ] GC(40) Using 1 of 3 workers for concurrent weak references
[29.821s][info][gc,ref      ] GC(40) Encountered references: Soft: 144, Weak: 702, Final: 0, Phantom: 27
[29.821s][info][gc,ref      ] GC(40) Discovered  references: Soft: 88, Weak: 168, Final: 0, Phantom: 25
[29.821s][info][gc,ref      ] GC(40) Enqueued    references: Soft: 3, Weak: 0, Final: 0, Phantom: 0
[29.821s][info][gc          ] GC(40) Concurrent weak references 0.186ms
[29.821s][info][gc,start    ] GC(40) Concurrent weak roots
[29.821s][info][gc,task     ] GC(40) Using 1 of 3 workers for concurrent weak root
[29.822s][info][gc          ] GC(40) Concurrent weak roots 0.526ms
[29.822s][info][gc,start    ] GC(40) Concurrent cleanup
[29.822s][info][gc          ] GC(40) Concurrent cleanup 2893M->30M(4096M) 0.105ms
[29.822s][info][gc,ergo     ] GC(40) Free: 3860M, Max: 2048K regular, 2720M humongous, Frag: 30% external, 0% internal; Reserve: 206M, Max: 2048K
[29.822s][info][gc,start    ] GC(40) Concurrent class unloading
[29.822s][info][gc,task     ] GC(40) Using 1 of 3 workers for concurrent class unloading
[29.824s][info][gc          ] GC(40) Concurrent class unloading 1.713ms
[29.824s][info][gc,start    ] GC(40) Pause Final Roots
[29.824s][info][gc          ] GC(40) Pause Final Roots 0.019ms
[29.824s][info][gc,ergo     ] Free: 3860M, Max: 2048K regular, 2720M humongous, Frag: 30% external, 0% internal; Reserve: 206M, Max: 2048K
[29.824s][info][gc,stats    ] 
[29.824s][info][gc,stats    ] All times are wall-clock times, except per-root-class counters, that are sum over
[29.824s][info][gc,stats    ] all workers. Dividing the <total> over the root stage time estimates parallelism.
[29.824s][info][gc,stats    ] 
[29.824s][info][gc,stats    ] Concurrent Reset                    580 us
[29.824s][info][gc,stats    ] Pause Init Mark (G)                 328 us
[29.824s][info][gc,stats    ] Pause Init Mark (N)                 238 us
[29.824s][info][gc,stats    ]   Update Region States              101 us
[29.824s][info][gc,stats    ] Concurrent Mark Roots               765 us, parallelism: 0.83x
[29.824s][info][gc,stats    ]   CMR: <total>                      638 us
[29.824s][info][gc,stats    ]   CMR: Thread Roots                 571 us, workers (us): 571, ---, ---, 
[29.824s][info][gc,stats    ]   CMR: VM Strong Roots                6 us, workers (us):   6, ---, ---, 
[29.824s][info][gc,stats    ]   CMR: CLDG Roots                    61 us, workers (us):  61, ---, ---, 
[29.824s][info][gc,stats    ] Concurrent Marking                 3528 us
[29.824s][info][gc,stats    ] Pause Final Mark (G)                560 us
[29.824s][info][gc,stats    ] Pause Final Mark (N)                439 us
[29.824s][info][gc,stats    ]   Finish Mark                       135 us
[29.824s][info][gc,stats    ]   Update Region States               74 us
[29.824s][info][gc,stats    ]   Choose Collection Set             103 us
[29.824s][info][gc,stats    ]   Rebuild Free Set                   21 us
[29.824s][info][gc,stats    ] Concurrent Weak References          193 us, parallelism: 0.07x
[29.824s][info][gc,stats    ]   CWRF: <total>                      14 us
[29.824s][info][gc,stats    ]   CWRF: Weak References              14 us, workers (us):  14, ---, ---, 
[29.824s][info][gc,stats    ] Concurrent Weak Roots               545 us
[29.824s][info][gc,stats    ]   Roots                             403 us, parallelism: 0.87x
[29.824s][info][gc,stats    ]     CWR: <total>                    351 us
[29.824s][info][gc,stats    ]     CWR: Code Cache Roots           287 us, workers (us): 287, ---, ---, 
[29.824s][info][gc,stats    ]     CWR: VM Weak Roots               60 us, workers (us):  60, ---, ---, 
[29.824s][info][gc,stats    ]     CWR: CLDG Roots                   3 us, workers (us):   3, ---, ---, 
[29.824s][info][gc,stats    ]   Rendezvous                        107 us
[29.824s][info][gc,stats    ] Concurrent Cleanup                  113 us
[29.824s][info][gc,stats    ] Concurrent Class Unloading         1746 us
[29.824s][info][gc,stats    ]   Unlink Stale                     1523 us
[29.824s][info][gc,stats    ]     System Dictionary                 2 us
[29.824s][info][gc,stats    ]     Weak Class Links                  0 us
[29.824s][info][gc,stats    ]     Code Roots                     1520 us
[29.824s][info][gc,stats    ]   Rendezvous                         55 us
[29.824s][info][gc,stats    ]   Purge Unlinked                    119 us
[29.824s][info][gc,stats    ]     Code Roots                      114 us
[29.824s][info][gc,stats    ]     CLDG                              4 us
[29.824s][info][gc,stats    ]     Exception Caches                  0 us
[29.824s][info][gc,stats    ] Pause Final Roots (G)                78 us
[29.824s][info][gc,stats    ] Pause Final Roots (N)                28 us
[29.824s][info][gc,stats    ] 
[29.824s][info][gc,stats    ] Allocation pacing accrued:
[29.824s][info][gc,stats    ]       0 of  1631 ms (  0.0%): <total>
[29.824s][info][gc,stats    ]       0 of  1631 ms (  0.0%): <average total>
[29.824s][info][gc,stats    ] 
[29.824s][info][gc,metaspace] Metaspace: 8900K(9152K)->8900K(9152K) NonClass: 7728K(7872K)->7728K(7872K) Class: 1172K(1280K)->1172K(1280K)
[29.824s][info][gc,ergo     ] Pacer for Idle. Initial: 83886K, Alloc Tax Rate: 1.0x
[30.287s][info][gc          ] Trigger: Learning 2 of 5. Free (2864M) is below initial threshold (2867M)
[30.287s][info][gc,ergo     ] Free: 2864M, Max: 2048K regular, 1772M humongous, Frag: 39% external, 0% internal; Reserve: 206M, Max: 2048K
[30.287s][info][gc,start    ] GC(41) Concurrent reset
[30.287s][info][gc,task     ] GC(41) Using 1 of 3 workers for concurrent reset
[30.287s][info][gc,ergo     ] GC(41) Pacer for Reset. Non-Taxable: 4096M
[30.288s][info][gc          ] GC(41) Concurrent reset 0.462ms
[30.288s][info][gc,start    ] GC(41) Pause Init Mark (unload classes)
[30.288s][info][gc,task     ] GC(41) Using 3 of 3 workers for init marking
[30.288s][info][gc,ergo     ] GC(41) Pacer for Mark. Expected Live: 9528K, Free: 2862M, Non-Taxable: 286M, Alloc Tax Rate: 0.0x
[30.288s][info][gc          ] GC(41) Pause Init Mark (unload classes) 0.169ms
[30.288s][info][gc,start    ] GC(41) Concurrent marking roots
[30.288s][info][gc,task     ] GC(41) Using 1 of 3 workers for concurrent marking roots
[30.289s][info][gc          ] GC(41) Concurrent marking roots 0.800ms
[30.289s][info][gc,start    ] GC(41) Concurrent marking (unload classes)
[30.289s][info][gc,task     ] GC(41) Using 1 of 3 workers for concurrent marking
[30.297s][info][gc          ] GC(41) Concurrent marking (unload classes) 8.575ms
[30.297s][info][gc,start    ] GC(41) Pause Final Mark (unload classes)
[30.297s][info][gc,task     ] GC(41) Using 3 of 3 workers for final marking
[30.298s][info][gc,ergo     ] GC(41) Collectable Garbage: 976M (95%), Immediate: 976M (95%), CSet: 0B (0%)
[30.298s][info][gc          ] GC(41) Pause Final Mark (unload classes) 0.288ms
[30.298s][info][gc,start    ] GC(41) Concurrent weak references
[30.298s][info][gc,task     ] GC(41) Using 1 of 3 workers for concurrent weak references
[30.298s][info][gc,ref      ] GC(41) Encountered references: Soft: 144, Weak: 702, Final: 0, Phantom: 27
[30.298s][info][gc,ref      ] GC(41) Discovered  references: Soft: 0, Weak: 150, Final: 0, Phantom: 12
[30.298s][info][gc,ref      ] GC(41) Enqueued    references: Soft: 0, Weak: 0, Final: 0, Phantom: 0
[30.298s][info][gc          ] GC(41) Concurrent weak references 0.212ms
[30.298s][info][gc,start    ] GC(41) Concurrent weak roots
[30.298s][info][gc,task     ] GC(41) Using 1 of 3 workers for concurrent weak root
[30.299s][info][gc          ] GC(41) Concurrent weak roots 0.516ms
[30.299s][info][gc,start    ] GC(41) Concurrent cleanup
[30.299s][info][gc          ] GC(41) Concurrent cleanup 1050M->74M(4096M) 0.044ms
[30.299s][info][gc,ergo     ] GC(41) Free: 3816M, Max: 2048K regular, 1748M humongous, Frag: 55% external, 0% internal; Reserve: 206M, Max: 2048K
[30.299s][info][gc,start    ] GC(41) Concurrent class unloading
[30.299s][info][gc,task     ] GC(41) Using 1 of 3 workers for concurrent class unloading
[30.300s][info][gc          ] GC(41) Concurrent class unloading 1.783ms
[30.301s][info][gc,start    ] GC(41) Pause Final Roots
[30.301s][info][gc          ] GC(41) Pause Final Roots 0.015ms
[30.301s][info][gc,ergo     ] Free: 3812M, Max: 2048K regular, 1748M humongous, Frag: 55% external, 0% internal; Reserve: 206M, Max: 2048K
[30.301s][info][gc,stats    ] 
[30.301s][info][gc,stats    ] All times are wall-clock times, except per-root-class counters, that are sum over
[30.301s][info][gc,stats    ] all workers. Dividing the <total> over the root stage time estimates parallelism.
[30.301s][info][gc,stats    ] 
[30.301s][info][gc,stats    ] Concurrent Reset                    532 us
[30.301s][info][gc,stats    ] Pause Init Mark (G)                 355 us
[30.301s][info][gc,stats    ] Pause Init Mark (N)                 178 us
[30.301s][info][gc,stats    ]   Update Region States               86 us
[30.301s][info][gc,stats    ] Concurrent Mark Roots               824 us, parallelism: 0.80x
[30.301s][info][gc,stats    ]   CMR: <total>                      656 us
[30.301s][info][gc,stats    ]   CMR: Thread Roots                 584 us, workers (us): 584, ---, ---, 
[30.301s][info][gc,stats    ]   CMR: VM Strong Roots                7 us, workers (us):   7, ---, ---, 
[30.301s][info][gc,stats    ]   CMR: CLDG Roots                    65 us, workers (us):  65, ---, ---, 
[30.301s][info][gc,stats    ] Concurrent Marking                 8642 us
[30.301s][info][gc,stats    ] Pause Final Mark (G)                400 us
[30.301s][info][gc,stats    ] Pause Final Mark (N)                305 us
[30.301s][info][gc,stats    ]   Finish Mark                       120 us
[30.301s][info][gc,stats    ]   Update Region States               59 us
[30.301s][info][gc,stats    ]   Choose Collection Set              45 us
[30.301s][info][gc,stats    ]   Rebuild Free Set                   16 us
[30.301s][info][gc,stats    ] Concurrent Weak References          221 us, parallelism: 0.04x
[30.301s][info][gc,stats    ]   CWRF: <total>                       9 us
[30.301s][info][gc,stats    ]   CWRF: Weak References               9 us, workers (us):   9, ---, ---, 
[30.301s][info][gc,stats    ] Concurrent Weak Roots               535 us
[30.301s][info][gc,stats    ]   Roots                             449 us, parallelism: 0.88x
[30.301s][info][gc,stats    ]     CWR: <total>                    397 us
[30.301s][info][gc,stats    ]     CWR: Code Cache Roots           329 us, workers (us): 329, ---, ---, 
[30.301s][info][gc,stats    ]     CWR: VM Weak Roots               63 us, workers (us):  63, ---, ---, 
[30.301s][info][gc,stats    ]     CWR: CLDG Roots                   5 us, workers (us):   5, ---, ---, 
[30.301s][info][gc,stats    ]   Rendezvous                         50 us
[30.301s][info][gc,stats    ] Concurrent Cleanup                   53 us
[30.301s][info][gc,stats    ] Concurrent Class Unloading         1832 us
[30.301s][info][gc,stats    ]   Unlink Stale                     1571 us
[30.301s][info][gc,stats    ]     System Dictionary                 3 us
[30.301s][info][gc,stats    ]     Weak Class Links                  0 us
[30.301s][info][gc,stats    ]     Code Roots                     1566 us
[30.301s][info][gc,stats    ]   Rendezvous                         41 us
[30.301s][info][gc,stats    ]   Purge Unlinked                    148 us
[30.301s][info][gc,stats    ]     Code Roots                      139 us
[30.301s][info][gc,stats    ]     CLDG                              9 us
[30.301s][info][gc,stats    ]     Exception Caches                  0 us
[30.301s][info][gc,stats    ] Pause Final Roots (G)               103 us
[30.301s][info][gc,stats    ] Pause Final Roots (N)                23 us
[30.301s][info][gc,stats    ] 
[30.301s][info][gc,stats    ] Allocation pacing accrued:
[30.301s][info][gc,stats    ]       0 of   477 ms (  0.0%): <total>
[30.301s][info][gc,stats    ]       0 of   477 ms (  0.0%): <average total>
[30.301s][info][gc,stats    ] 
[30.301s][info][gc,metaspace] Metaspace: 8903K(9152K)->8903K(9152K) NonClass: 7730K(7872K)->7730K(7872K) Class: 1172K(1280K)->1172K(1280K)
[30.301s][info][gc,ergo     ] Pacer for Idle. Initial: 83886K, Alloc Tax Rate: 1.0x
[30.758s][info][gc          ] Trigger: Learning 3 of 5. Free (2844M) is below initial threshold (2867M)
[30.758s][info][gc,ergo     ] Free: 2844M, Max: 2048K regular, 1748M humongous, Frag: 39% external, 0% internal; Reserve: 206M, Max: 2048K
[30.758s][info][gc,start    ] GC(42) Concurrent reset
[30.758s][info][gc,task     ] GC(42) Using 1 of 3 workers for concurrent reset
[30.758s][info][gc,ergo     ] GC(42) Pacer for Reset. Non-Taxable: 4096M
[30.759s][info][gc          ] GC(42) Concurrent reset 0.536ms
[30.759s][info][gc,start    ] GC(42) Pause Init Mark (unload classes)
[30.759s][info][gc,task     ] GC(42) Using 3 of 3 workers for init marking
[30.759s][info][gc,ergo     ] GC(42) Pacer for Mark. Expected Live: 9511K, Free: 2842M, Non-Taxable: 284M, Alloc Tax Rate: 0.0x
[30.759s][info][gc          ] GC(42) Pause Init Mark (unload classes) 0.173ms
[30.759s][info][gc,start    ] GC(42) Concurrent marking roots
[30.759s][info][gc,task     ] GC(42) Using 1 of 3 workers for concurrent marking roots
[30.760s][info][gc          ] GC(42) Concurrent marking roots 0.679ms
[30.760s][info][gc,start    ] GC(42) Concurrent marking (unload classes)
[30.760s][info][gc,task     ] GC(42) Using 1 of 3 workers for concurrent marking
[30.773s][info][gc          ] GC(42) Concurrent marking (unload classes) 12.760ms
[30.773s][info][gc,start    ] GC(42) Pause Final Mark (unload classes)
[30.773s][info][gc,task     ] GC(42) Using 3 of 3 workers for final marking
[30.773s][info][gc,ergo     ] GC(42) Collectable Garbage: 994M (95%), Immediate: 994M (95%), CSet: 0B (0%)
[30.773s][info][gc          ] GC(42) Pause Final Mark (unload classes) 0.295ms
[30.773s][info][gc,start    ] GC(42) Concurrent weak references
[30.773s][info][gc,task     ] GC(42) Using 1 of 3 workers for concurrent weak references
[30.773s][info][gc,ref      ] GC(42) Encountered references: Soft: 144, Weak: 702, Final: 0, Phantom: 27
[30.773s][info][gc,ref      ] GC(42) Discovered  references: Soft: 0, Weak: 150, Final: 0, Phantom: 12
[30.773s][info][gc,ref      ] GC(42) Enqueued    references: Soft: 0, Weak: 0, Final: 0, Phantom: 0
[30.773s][info][gc          ] GC(42) Concurrent weak references 0.113ms
[30.773s][info][gc,start    ] GC(42) Concurrent weak roots
[30.773s][info][gc,task     ] GC(42) Using 1 of 3 workers for concurrent weak root
[30.774s][info][gc          ] GC(42) Concurrent weak roots 0.711ms
[30.774s][info][gc,start    ] GC(42) Concurrent cleanup
[30.774s][info][gc          ] GC(42) Concurrent cleanup 1078M->84M(4096M) 0.045ms
[30.774s][info][gc,ergo     ] GC(42) Free: 3806M, Max: 2048K regular, 1720M humongous, Frag: 55% external, 0% internal; Reserve: 206M, Max: 2048K
[30.774s][info][gc,start    ] GC(42) Concurrent class unloading
[30.774s][info][gc,task     ] GC(42) Using 1 of 3 workers for concurrent class unloading
[30.776s][info][gc          ] GC(42) Concurrent class unloading 2.257ms
[30.777s][info][gc,start    ] GC(42) Pause Final Roots
[30.777s][info][gc          ] GC(42) Pause Final Roots 0.020ms
[30.777s][info][gc,ergo     ] Free: 3800M, Max: 2048K regular, 1720M humongous, Frag: 55% external, 0% internal; Reserve: 206M, Max: 2048K
[30.777s][info][gc,stats    ] 
[30.777s][info][gc,stats    ] All times are wall-clock times, except per-root-class counters, that are sum over
[30.777s][info][gc,stats    ] all workers. Dividing the <total> over the root stage time estimates parallelism.
[30.777s][info][gc,stats    ] 
[30.777s][info][gc,stats    ] Concurrent Reset                    571 us
[30.777s][info][gc,stats    ] Pause Init Mark (G)                 305 us
[30.777s][info][gc,stats    ] Pause Init Mark (N)                 182 us
[30.777s][info][gc,stats    ]   Update Region States               73 us
[30.777s][info][gc,stats    ] Concurrent Mark Roots               697 us, parallelism: 0.83x
[30.777s][info][gc,stats    ]   CMR: <total>                      580 us
[30.777s][info][gc,stats    ]   CMR: Thread Roots                 509 us, workers (us): 509, ---, ---, 
[30.777s][info][gc,stats    ]   CMR: VM Strong Roots                7 us, workers (us):   7, ---, ---, 
[30.777s][info][gc,stats    ]   CMR: CLDG Roots                    64 us, workers (us):  64, ---, ---, 
[30.777s][info][gc,stats    ] Concurrent Marking                12818 us
[30.777s][info][gc,stats    ] Pause Final Mark (G)                408 us
[30.777s][info][gc,stats    ] Pause Final Mark (N)                314 us
[30.777s][info][gc,stats    ]   Finish Mark                        78 us
[30.777s][info][gc,stats    ]   Update Region States               74 us
[30.777s][info][gc,stats    ]   Choose Collection Set              64 us
[30.777s][info][gc,stats    ]   Rebuild Free Set                   17 us
[30.777s][info][gc,stats    ] Concurrent Weak References          120 us, parallelism: 0.04x
[30.777s][info][gc,stats    ]   CWRF: <total>                       5 us
[30.777s][info][gc,stats    ]   CWRF: Weak References               5 us, workers (us):   5, ---, ---, 
[30.777s][info][gc,stats    ] Concurrent Weak Roots               734 us
[30.777s][info][gc,stats    ]   Roots                             608 us, parallelism: 0.88x
[30.777s][info][gc,stats    ]     CWR: <total>                    533 us
[30.777s][info][gc,stats    ]     CWR: Code Cache Roots           416 us, workers (us): 416, ---, ---, 
[30.777s][info][gc,stats    ]     CWR: VM Weak Roots              111 us, workers (us): 111, ---, ---, 
[30.777s][info][gc,stats    ]     CWR: CLDG Roots                   6 us, workers (us):   6, ---, ---, 
[30.777s][info][gc,stats    ]   Rendezvous                         86 us
[30.777s][info][gc,stats    ] Concurrent Cleanup                   53 us
[30.777s][info][gc,stats    ] Concurrent Class Unloading         2307 us
[30.777s][info][gc,stats    ]   Unlink Stale                     1940 us
[30.777s][info][gc,stats    ]     System Dictionary                 4 us
[30.777s][info][gc,stats    ]     Weak Class Links                  0 us
[30.777s][info][gc,stats    ]     Code Roots                     1935 us
[30.777s][info][gc,stats    ]   Rendezvous                        148 us
[30.777s][info][gc,stats    ]   Purge Unlinked                    151 us
[30.777s][info][gc,stats    ]     Code Roots                      142 us
[30.777s][info][gc,stats    ]     CLDG                              8 us
[30.777s][info][gc,stats    ]     Exception Caches                  0 us
[30.777s][info][gc,stats    ] Pause Final Roots (G)               114 us
[30.777s][info][gc,stats    ] Pause Final Roots (N)                28 us
[30.777s][info][gc,stats    ] 
[30.777s][info][gc,stats    ] Allocation pacing accrued:
[30.777s][info][gc,stats    ]       0 of   476 ms (  0.0%): <total>
[30.777s][info][gc,stats    ]       0 of   476 ms (  0.0%): <average total>
[30.777s][info][gc,stats    ] 
[30.777s][info][gc,metaspace] Metaspace: 8903K(9152K)->8903K(9152K) NonClass: 7730K(7872K)->7730K(7872K) Class: 1172K(1280K)->1172K(1280K)
[30.777s][info][gc,ergo     ] Pacer for Idle. Initial: 83886K, Alloc Tax Rate: 1.0x
[31.229s][info][gc          ] Trigger: Learning 4 of 5. Free (2846M) is below initial threshold (2867M)
[31.229s][info][gc,ergo     ] Free: 2846M, Max: 2048K regular, 1720M humongous, Frag: 40% external, 0% internal; Reserve: 206M, Max: 2048K
[31.229s][info][gc,start    ] GC(43) Concurrent reset
[31.229s][info][gc,task     ] GC(43) Using 1 of 3 workers for concurrent reset
[31.229s][info][gc,ergo     ] GC(43) Pacer for Reset. Non-Taxable: 4096M
[31.230s][info][gc          ] GC(43) Concurrent reset 0.381ms
[31.230s][info][gc,start    ] GC(43) Pause Init Mark (unload classes)
[31.230s][info][gc,task     ] GC(43) Using 3 of 3 workers for init marking
[31.230s][info][gc,ergo     ] GC(43) Pacer for Mark. Expected Live: 9495K, Free: 2846M, Non-Taxable: 284M, Alloc Tax Rate: 0.0x
[31.230s][info][gc          ] GC(43) Pause Init Mark (unload classes) 0.187ms
[31.230s][info][gc,start    ] GC(43) Concurrent marking roots
[31.230s][info][gc,task     ] GC(43) Using 1 of 3 workers for concurrent marking roots
[31.230s][info][gc          ] GC(43) Concurrent marking roots 0.426ms
[31.231s][info][gc,start    ] GC(43) Concurrent marking (unload classes)
[31.231s][info][gc,task     ] GC(43) Using 1 of 3 workers for concurrent marking
[31.248s][info][gc          ] GC(43) Concurrent marking (unload classes) 17.676ms
[31.248s][info][gc,start    ] GC(43) Pause Final Mark (unload classes)
[31.248s][info][gc,task     ] GC(43) Using 3 of 3 workers for final marking
[31.249s][info][gc,ergo     ] GC(43) Collectable Garbage: 990M (95%), Immediate: 990M (95%), CSet: 0B (0%)
[31.249s][info][gc          ] GC(43) Pause Final Mark (unload classes) 0.348ms
[31.249s][info][gc,start    ] GC(43) Concurrent weak references
[31.249s][info][gc,task     ] GC(43) Using 1 of 3 workers for concurrent weak references
[31.249s][info][gc,ref      ] GC(43) Encountered references: Soft: 144, Weak: 702, Final: 0, Phantom: 27
[31.249s][info][gc,ref      ] GC(43) Discovered  references: Soft: 0, Weak: 150, Final: 0, Phantom: 25
[31.249s][info][gc,ref      ] GC(43) Enqueued    references: Soft: 0, Weak: 0, Final: 0, Phantom: 0
[31.249s][info][gc          ] GC(43) Concurrent weak references 0.180ms
[31.249s][info][gc,start    ] GC(43) Concurrent weak roots
[31.249s][info][gc,task     ] GC(43) Using 1 of 3 workers for concurrent weak root
[31.249s][info][gc          ] GC(43) Concurrent weak roots 0.536ms
[31.249s][info][gc,start    ] GC(43) Concurrent cleanup
[31.250s][info][gc          ] GC(43) Concurrent cleanup 1084M->94M(4096M) 0.043ms
[31.250s][info][gc,ergo     ] GC(43) Free: 3796M, Max: 2048K regular, 1714M humongous, Frag: 55% external, 0% internal; Reserve: 206M, Max: 2048K
[31.250s][info][gc,start    ] GC(43) Concurrent class unloading
[31.250s][info][gc,task     ] GC(43) Using 1 of 3 workers for concurrent class unloading
[31.251s][info][gc          ] GC(43) Concurrent class unloading 1.803ms
[31.251s][info][gc,start    ] GC(43) Pause Final Roots
[31.251s][info][gc          ] GC(43) Pause Final Roots 0.024ms
[31.252s][info][gc,ergo     ] Free: 3792M, Max: 2048K regular, 1714M humongous, Frag: 55% external, 0% internal; Reserve: 206M, Max: 2048K
[31.252s][info][gc,stats    ] 
[31.252s][info][gc,stats    ] All times are wall-clock times, except per-root-class counters, that are sum over
[31.252s][info][gc,stats    ] all workers. Dividing the <total> over the root stage time estimates parallelism.
[31.252s][info][gc,stats    ] 
[31.252s][info][gc,stats    ] Concurrent Reset                    432 us
[31.252s][info][gc,stats    ] Pause Init Mark (G)                 380 us
[31.252s][info][gc,stats    ] Pause Init Mark (N)                 204 us
[31.252s][info][gc,stats    ]   Update Region States               73 us
[31.252s][info][gc,stats    ] Concurrent Mark Roots               444 us, parallelism: 0.77x
[31.252s][info][gc,stats    ]   CMR: <total>                      341 us
[31.252s][info][gc,stats    ]   CMR: Thread Roots                 299 us, workers (us): 299, ---, ---, 
[31.252s][info][gc,stats    ]   CMR: VM Strong Roots                4 us, workers (us):   4, ---, ---, 
[31.252s][info][gc,stats    ]   CMR: CLDG Roots                    38 us, workers (us):  38, ---, ---, 
[31.252s][info][gc,stats    ] Concurrent Marking                17736 us
[31.252s][info][gc,stats    ] Pause Final Mark (G)                503 us
[31.252s][info][gc,stats    ] Pause Final Mark (N)                368 us
[31.252s][info][gc,stats    ]   Finish Mark                       114 us
[31.252s][info][gc,stats    ]   Update Region States               90 us
[31.252s][info][gc,stats    ]   Choose Collection Set              61 us
[31.252s][info][gc,stats    ]   Rebuild Free Set                   17 us
[31.252s][info][gc,stats    ] Concurrent Weak References          187 us, parallelism: 0.05x
[31.252s][info][gc,stats    ]   CWRF: <total>                       9 us
[31.252s][info][gc,stats    ]   CWRF: Weak References               9 us, workers (us):   9, ---, ---, 
[31.252s][info][gc,stats    ] Concurrent Weak Roots               554 us
[31.252s][info][gc,stats    ]   Roots                             437 us, parallelism: 0.88x
[31.252s][info][gc,stats    ]     CWR: <total>                    383 us
[31.252s][info][gc,stats    ]     CWR: Code Cache Roots           316 us, workers (us): 316, ---, ---, 
[31.252s][info][gc,stats    ]     CWR: VM Weak Roots               63 us, workers (us):  63, ---, ---, 
[31.252s][info][gc,stats    ]     CWR: CLDG Roots                   5 us, workers (us):   5, ---, ---, 
[31.252s][info][gc,stats    ]   Rendezvous                         83 us
[31.252s][info][gc,stats    ] Concurrent Cleanup                   51 us
[31.252s][info][gc,stats    ] Concurrent Class Unloading         1853 us
[31.252s][info][gc,stats    ]   Unlink Stale                     1574 us
[31.252s][info][gc,stats    ]     System Dictionary                 3 us
[31.252s][info][gc,stats    ]     Weak Class Links                  0 us
[31.252s][info][gc,stats    ]     Code Roots                     1570 us
[31.252s][info][gc,stats    ]   Rendezvous                         66 us
[31.252s][info][gc,stats    ]   Purge Unlinked                    146 us
[31.252s][info][gc,stats    ]     Code Roots                      137 us
[31.252s][info][gc,stats    ]     CLDG                              8 us
[31.252s][info][gc,stats    ]     Exception Caches                  0 us
[31.252s][info][gc,stats    ] Pause Final Roots (G)               131 us
[31.252s][info][gc,stats    ] Pause Final Roots (N)                32 us
[31.252s][info][gc,stats    ] 
[31.252s][info][gc,stats    ] Allocation pacing accrued:
[31.252s][info][gc,stats    ]       0 of   475 ms (  0.0%): <total>
[31.252s][info][gc,stats    ]       0 of   475 ms (  0.0%): <average total>
[31.252s][info][gc,stats    ] 
[31.252s][info][gc,metaspace] Metaspace: 8903K(9152K)->8903K(9152K) NonClass: 7730K(7872K)->7730K(7872K) Class: 1172K(1280K)->1172K(1280K)
[31.252s][info][gc,ergo     ] Pacer for Idle. Initial: 83886K, Alloc Tax Rate: 1.0x
[31.684s][info][gc          ] Trigger: Learning 5 of 5. Free (2856M) is below initial threshold (2867M)
[31.684s][info][gc,ergo     ] Free: 2856M, Max: 2048K regular, 1714M humongous, Frag: 40% external, 0% internal; Reserve: 206M, Max: 2048K
[31.684s][info][gc,start    ] GC(44) Concurrent reset
[31.684s][info][gc,task     ] GC(44) Using 1 of 3 workers for concurrent reset
[31.684s][info][gc,ergo     ] GC(44) Pacer for Reset. Non-Taxable: 4096M
[31.685s][info][gc          ] GC(44) Concurrent reset 0.570ms
[31.685s][info][gc,start    ] GC(44) Pause Init Mark (unload classes)
[31.685s][info][gc,task     ] GC(44) Using 3 of 3 workers for init marking
[31.685s][info][gc,ergo     ] GC(44) Pacer for Mark. Expected Live: 9475K, Free: 2854M, Non-Taxable: 285M, Alloc Tax Rate: 0.0x
[31.685s][info][gc          ] GC(44) Pause Init Mark (unload classes) 0.176ms
[31.685s][info][gc,start    ] GC(44) Concurrent marking roots
[31.685s][info][gc,task     ] GC(44) Using 1 of 3 workers for concurrent marking roots
[31.686s][info][gc          ] GC(44) Concurrent marking roots 0.682ms
[31.686s][info][gc,start    ] GC(44) Concurrent marking (unload classes)
[31.686s][info][gc,task     ] GC(44) Using 1 of 3 workers for concurrent marking
[31.707s][info][gc          ] GC(44) Concurrent marking (unload classes) 21.370ms
[31.707s][info][gc,start    ] GC(44) Pause Final Mark (unload classes)
[31.707s][info][gc,task     ] GC(44) Using 3 of 3 workers for final marking
[31.708s][info][gc,ergo     ] GC(44) Collectable Garbage: 968M (94%), Immediate: 968M (94%), CSet: 0B (0%)
[31.708s][info][gc          ] GC(44) Pause Final Mark (unload classes) 0.341ms
[31.708s][info][gc,start    ] GC(44) Concurrent weak references
[31.708s][info][gc,task     ] GC(44) Using 1 of 3 workers for concurrent weak references
[31.708s][info][gc,ref      ] GC(44) Encountered references: Soft: 144, Weak: 702, Final: 0, Phantom: 27
[31.708s][info][gc,ref      ] GC(44) Discovered  references: Soft: 0, Weak: 150, Final: 0, Phantom: 12
[31.708s][info][gc,ref      ] GC(44) Enqueued    references: Soft: 0, Weak: 0, Final: 0, Phantom: 0
[31.708s][info][gc          ] GC(44) Concurrent weak references 0.145ms
[31.708s][info][gc,start    ] GC(44) Concurrent weak roots
[31.708s][info][gc,task     ] GC(44) Using 1 of 3 workers for concurrent weak root
[31.709s][info][gc          ] GC(44) Concurrent weak roots 0.652ms
[31.709s][info][gc,start    ] GC(44) Concurrent cleanup
[31.709s][info][gc          ] GC(44) Concurrent cleanup 1080M->112M(4096M) 0.044ms
[31.709s][info][gc,ergo     ] GC(44) Free: 3778M, Max: 2048K regular, 1724M humongous, Frag: 55% external, 0% internal; Reserve: 206M, Max: 2048K
[31.709s][info][gc,start    ] GC(44) Concurrent class unloading
[31.709s][info][gc,task     ] GC(44) Using 1 of 3 workers for concurrent class unloading
[31.711s][info][gc          ] GC(44) Concurrent class unloading 2.111ms
[31.711s][info][gc,start    ] GC(44) Pause Final Roots
[31.711s][info][gc          ] GC(44) Pause Final Roots 0.054ms
[31.711s][info][gc,ergo     ] Free: 3778M, Max: 2048K regular, 1724M humongous, Frag: 55% external, 0% internal; Reserve: 206M, Max: 2048K
[31.711s][info][gc,stats    ] 
[31.711s][info][gc,stats    ] All times are wall-clock times, except per-root-class counters, that are sum over
[31.711s][info][gc,stats    ] all workers. Dividing the <total> over the root stage time estimates parallelism.
[31.711s][info][gc,stats    ] 
[31.711s][info][gc,stats    ] Concurrent Reset                    632 us
[31.711s][info][gc,stats    ] Pause Init Mark (G)                 322 us
[31.711s][info][gc,stats    ] Pause Init Mark (N)                 193 us
[31.711s][info][gc,stats    ]   Update Region States               73 us
[31.711s][info][gc,stats    ] Concurrent Mark Roots               700 us, parallelism: 0.83x
[31.711s][info][gc,stats    ]   CMR: <total>                      581 us
[31.711s][info][gc,stats    ]   CMR: Thread Roots                 511 us, workers (us): 511, ---, ---, 
[31.711s][info][gc,stats    ]   CMR: VM Strong Roots                7 us, workers (us):   7, ---, ---, 
[31.711s][info][gc,stats    ]   CMR: CLDG Roots                    64 us, workers (us):  64, ---, ---, 
[31.711s][info][gc,stats    ] Concurrent Marking                21434 us
[31.711s][info][gc,stats    ] Pause Final Mark (G)                491 us
[31.711s][info][gc,stats    ] Pause Final Mark (N)                366 us
[31.711s][info][gc,stats    ]   Finish Mark                       115 us
[31.711s][info][gc,stats    ]   Update Region States               64 us
[31.711s][info][gc,stats    ]   Choose Collection Set              65 us
[31.711s][info][gc,stats    ]   Rebuild Free Set                   17 us
[31.711s][info][gc,stats    ] Concurrent Weak References          153 us, parallelism: 0.03x
[31.711s][info][gc,stats    ]   CWRF: <total>                       5 us
[31.711s][info][gc,stats    ]   CWRF: Weak References               5 us, workers (us):   5, ---, ---, 
[31.711s][info][gc,stats    ] Concurrent Weak Roots               671 us
[31.711s][info][gc,stats    ]   Roots                             550 us, parallelism: 0.87x
[31.711s][info][gc,stats    ]     CWR: <total>                    479 us
[31.711s][info][gc,stats    ]     CWR: Code Cache Roots           364 us, workers (us): 364, ---, ---, 
[31.711s][info][gc,stats    ]     CWR: VM Weak Roots              109 us, workers (us): 109, ---, ---, 
[31.711s][info][gc,stats    ]     CWR: CLDG Roots                   6 us, workers (us):   6, ---, ---, 
[31.711s][info][gc,stats    ]   Rendezvous                         87 us
[31.711s][info][gc,stats    ] Concurrent Cleanup                   52 us
[31.711s][info][gc,stats    ] Concurrent Class Unloading         2145 us
[31.712s][info][gc,stats    ]   Unlink Stale                     1905 us
[31.712s][info][gc,stats    ]     System Dictionary                 3 us
[31.712s][info][gc,stats    ]     Weak Class Links                  0 us
[31.712s][info][gc,stats    ]     Code Roots                     1902 us
[31.712s][info][gc,stats    ]   Rendezvous                         70 us
[31.712s][info][gc,stats    ]   Purge Unlinked                    118 us
[31.712s][info][gc,stats    ]     Code Roots                      113 us
[31.712s][info][gc,stats    ]     CLDG                              5 us
[31.712s][info][gc,stats    ]     Exception Caches                  0 us
[31.712s][info][gc,stats    ] Pause Final Roots (G)               169 us
[31.712s][info][gc,stats    ] Pause Final Roots (N)                73 us
[31.712s][info][gc,stats    ] 
[31.712s][info][gc,stats    ] Allocation pacing accrued:
[31.712s][info][gc,stats    ]       0 of   460 ms (  0.0%): <total>
[31.712s][info][gc,stats    ]       0 of   460 ms (  0.0%): <average total>
[31.712s][info][gc,stats    ] 
[31.712s][info][gc,metaspace] Metaspace: 8903K(9152K)->8903K(9152K) NonClass: 7730K(7872K)->7730K(7872K) Class: 1172K(1280K)->1172K(1280K)
[31.712s][info][gc,ergo     ] Pacer for Idle. Initial: 83886K, Alloc Tax Rate: 1.0x
[33.348s][info][gc          ] Trigger: Explicit GC request (System.gc())
[33.348s][info][gc,ergo     ] Free: 980M, Max: 2048K regular, 980M humongous, Frag: 0% external, 0% internal; Reserve: 206M, Max: 2048K
[33.348s][info][gc,start    ] GC(45) Concurrent reset
[33.348s][info][gc,task     ] GC(45) Using 1 of 3 workers for concurrent reset
[33.348s][info][gc,ergo     ] GC(45) Pacer for Reset. Non-Taxable: 4096M
[33.348s][info][gc          ] GC(45) Concurrent reset 0.716ms
[33.349s][info][gc,start    ] GC(45) Pause Init Mark (unload classes)
[33.349s][info][gc,task     ] GC(45) Using 3 of 3 workers for init marking
[33.349s][info][gc,ref      ] GC(45) Clearing All SoftReferences
[33.349s][info][gc,ergo     ] GC(45) Pacer for Mark. Expected Live: 9464K, Free: 980M, Non-Taxable: 100352K, Alloc Tax Rate: 0.0x
[33.349s][info][gc          ] GC(45) Pause Init Mark (unload classes) 0.263ms
[33.349s][info][gc,start    ] GC(45) Concurrent marking roots
[33.349s][info][gc,task     ] GC(45) Using 1 of 3 workers for concurrent marking roots
[33.349s][info][gc          ] GC(45) Concurrent marking roots 0.501ms
[33.349s][info][gc,start    ] GC(45) Concurrent marking (unload classes)
[33.349s][info][gc,task     ] GC(45) Using 1 of 3 workers for concurrent marking
[33.353s][info][gc          ] GC(45) Concurrent marking (unload classes) 3.385ms
[33.353s][info][gc,start    ] GC(45) Pause Final Mark (unload classes)
[33.353s][info][gc,task     ] GC(45) Using 3 of 3 workers for final marking
[33.353s][info][gc,ergo     ] GC(45) Collectable Garbage: 2878M (99%), Immediate: 2878M (99%), CSet: 0B (0%)
[33.353s][info][gc          ] GC(45) Pause Final Mark (unload classes) 0.336ms
[33.353s][info][gc,start    ] GC(45) Concurrent weak references
[33.353s][info][gc,task     ] GC(45) Using 1 of 3 workers for concurrent weak references
[33.353s][info][gc,ref      ] GC(45) Encountered references: Soft: 144, Weak: 702, Final: 0, Phantom: 27
[33.354s][info][gc,ref      ] GC(45) Discovered  references: Soft: 88, Weak: 168, Final: 0, Phantom: 25
[33.354s][info][gc,ref      ] GC(45) Enqueued    references: Soft: 3, Weak: 0, Final: 0, Phantom: 0
[33.354s][info][gc          ] GC(45) Concurrent weak references 0.239ms
[33.354s][info][gc,start    ] GC(45) Concurrent weak roots
[33.354s][info][gc,task     ] GC(45) Using 1 of 3 workers for concurrent weak root
[33.354s][info][gc          ] GC(45) Concurrent weak roots 0.535ms
[33.354s][info][gc,start    ] GC(45) Concurrent cleanup
[33.354s][info][gc          ] GC(45) Concurrent cleanup 2910M->32M(4096M) 0.088ms
[33.354s][info][gc,ergo     ] GC(45) Free: 3858M, Max: 2048K regular, 2720M humongous, Frag: 30% external, 0% internal; Reserve: 206M, Max: 2048K
[33.354s][info][gc,start    ] GC(45) Concurrent class unloading
[33.354s][info][gc,task     ] GC(45) Using 1 of 3 workers for concurrent class unloading
[33.356s][info][gc          ] GC(45) Concurrent class unloading 1.742ms
[33.356s][info][gc,start    ] GC(45) Pause Final Roots
[33.356s][info][gc          ] GC(45) Pause Final Roots 0.021ms
[33.356s][info][gc,ergo     ] Free: 3858M, Max: 2048K regular, 2720M humongous, Frag: 30% external, 0% internal; Reserve: 206M, Max: 2048K
[33.356s][info][gc,stats    ] 
[33.356s][info][gc,stats    ] All times are wall-clock times, except per-root-class counters, that are sum over
[33.356s][info][gc,stats    ] all workers. Dividing the <total> over the root stage time estimates parallelism.
[33.356s][info][gc,stats    ] 
[33.356s][info][gc,stats    ] Concurrent Reset                    766 us
[33.356s][info][gc,stats    ] Pause Init Mark (G)                 418 us
[33.356s][info][gc,stats    ] Pause Init Mark (N)                 280 us
[33.356s][info][gc,stats    ]   Update Region States              115 us
[33.356s][info][gc,stats    ] Concurrent Mark Roots               519 us, parallelism: 0.64x
[33.356s][info][gc,stats    ]   CMR: <total>                      333 us
[33.356s][info][gc,stats    ]   CMR: Thread Roots                 277 us, workers (us): 277, ---, ---, 
[33.356s][info][gc,stats    ]   CMR: VM Strong Roots                7 us, workers (us):   7, ---, ---, 
[33.356s][info][gc,stats    ]   CMR: CLDG Roots                    49 us, workers (us):  49, ---, ---, 
[33.356s][info][gc,stats    ] Concurrent Marking                 3435 us
[33.356s][info][gc,stats    ] Pause Final Mark (G)                457 us
[33.356s][info][gc,stats    ] Pause Final Mark (N)                358 us
[33.356s][info][gc,stats    ]   Finish Mark                       103 us
[33.356s][info][gc,stats    ]   Update Region States               87 us
[33.357s][info][gc,stats    ]   Choose Collection Set              68 us
[33.357s][info][gc,stats    ]   Rebuild Free Set                   17 us
[33.357s][info][gc,stats    ] Concurrent Weak References          255 us, parallelism: 0.06x
[33.357s][info][gc,stats    ]   CWRF: <total>                      15 us
[33.357s][info][gc,stats    ]   CWRF: Weak References              15 us, workers (us):  15, ---, ---, 
[33.357s][info][gc,stats    ] Concurrent Weak Roots               554 us
[33.357s][info][gc,stats    ]   Roots                             417 us, parallelism: 0.84x
[33.357s][info][gc,stats    ]     CWR: <total>                    352 us
[33.357s][info][gc,stats    ]     CWR: Code Cache Roots           285 us, workers (us): 285, ---, ---, 
[33.357s][info][gc,stats    ]     CWR: VM Weak Roots               63 us, workers (us):  63, ---, ---, 
[33.357s][info][gc,stats    ]     CWR: CLDG Roots                   4 us, workers (us):   4, ---, ---, 
[33.357s][info][gc,stats    ]   Rendezvous                         85 us
[33.357s][info][gc,stats    ] Concurrent Cleanup                   97 us
[33.357s][info][gc,stats    ] Concurrent Class Unloading         1779 us
[33.357s][info][gc,stats    ]   Unlink Stale                     1546 us
[33.357s][info][gc,stats    ]     System Dictionary                 2 us
[33.357s][info][gc,stats    ]     Weak Class Links                  0 us
[33.357s][info][gc,stats    ]     Code Roots                     1542 us
[33.357s][info][gc,stats    ]   Rendezvous                         57 us
[33.357s][info][gc,stats    ]   Purge Unlinked                    119 us
[33.357s][info][gc,stats    ]     Code Roots                      114 us
[33.357s][info][gc,stats    ]     CLDG                              4 us
[33.357s][info][gc,stats    ]     Exception Caches                  0 us
[33.357s][info][gc,stats    ] Pause Final Roots (G)                98 us
[33.357s][info][gc,stats    ] Pause Final Roots (N)                29 us
[33.357s][info][gc,stats    ] 
[33.357s][info][gc,stats    ] Allocation pacing accrued:
[33.357s][info][gc,stats    ]       0 of  1645 ms (  0.0%): <total>
[33.357s][info][gc,stats    ]       0 of  1645 ms (  0.0%): <average total>
[33.357s][info][gc,stats    ] 
[33.357s][info][gc,metaspace] Metaspace: 8908K(9152K)->8908K(9152K) NonClass: 7736K(7872K)->7736K(7872K) Class: 1172K(1280K)->1172K(1280K)
[33.357s][info][gc,ergo     ] Pacer for Idle. Initial: 83886K, Alloc Tax Rate: 1.0x
[33.819s][info][gc          ] Trigger: Learning 2 of 5. Free (2860M) is below initial threshold (2867M)
[33.819s][info][gc,ergo     ] Free: 2860M, Max: 2048K regular, 1770M humongous, Frag: 39% external, 0% internal; Reserve: 206M, Max: 2048K
[33.819s][info][gc,start    ] GC(46) Concurrent reset
[33.819s][info][gc,task     ] GC(46) Using 1 of 3 workers for concurrent reset
[33.819s][info][gc,ergo     ] GC(46) Pacer for Reset. Non-Taxable: 4096M
[33.819s][info][gc          ] GC(46) Concurrent reset 0.335ms
[33.819s][info][gc,start    ] GC(46) Pause Init Mark (unload classes)
[33.819s][info][gc,task     ] GC(46) Using 3 of 3 workers for init marking
[33.820s][info][gc,ergo     ] GC(46) Pacer for Mark. Expected Live: 9464K, Free: 2858M, Non-Taxable: 285M, Alloc Tax Rate: 0.0x
[33.820s][info][gc          ] GC(46) Pause Init Mark (unload classes) 0.144ms
[33.820s][info][gc,start    ] GC(46) Concurrent marking roots
[33.820s][info][gc,task     ] GC(46) Using 1 of 3 workers for concurrent marking roots
[33.820s][info][gc          ] GC(46) Concurrent marking roots 0.650ms
[33.820s][info][gc,start    ] GC(46) Concurrent marking (unload classes)
[33.820s][info][gc,task     ] GC(46) Using 1 of 3 workers for concurrent marking
[33.829s][info][gc          ] GC(46) Concurrent marking (unload classes) 8.234ms
[33.829s][info][gc,start    ] GC(46) Pause Final Mark (unload classes)
[33.829s][info][gc,task     ] GC(46) Using 3 of 3 workers for final marking
[33.829s][info][gc,ergo     ] GC(46) Collectable Garbage: 980M (95%), Immediate: 980M (95%), CSet: 0B (0%)
[33.829s][info][gc          ] GC(46) Pause Final Mark (unload classes) 0.309ms
[33.829s][info][gc,start    ] GC(46) Concurrent weak references
[33.829s][info][gc,task     ] GC(46) Using 1 of 3 workers for concurrent weak references
[33.829s][info][gc,ref      ] GC(46) Encountered references: Soft: 144, Weak: 702, Final: 0, Phantom: 27
[33.829s][info][gc,ref      ] GC(46) Discovered  references: Soft: 0, Weak: 150, Final: 0, Phantom: 12
[33.829s][info][gc,ref      ] GC(46) Enqueued    references: Soft: 0, Weak: 0, Final: 0, Phantom: 0
[33.829s][info][gc          ] GC(46) Concurrent weak references 0.112ms
[33.829s][info][gc,start    ] GC(46) Concurrent weak roots
[33.829s][info][gc,task     ] GC(46) Using 1 of 3 workers for concurrent weak root
[33.830s][info][gc          ] GC(46) Concurrent weak roots 0.550ms
[33.830s][info][gc,start    ] GC(46) Concurrent cleanup
[33.830s][info][gc          ] GC(46) Concurrent cleanup 1054M->74M(4096M) 0.043ms
[33.830s][info][gc,ergo     ] GC(46) Free: 3816M, Max: 2048K regular, 1746M humongous, Frag: 55% external, 0% internal; Reserve: 206M, Max: 2048K
[33.830s][info][gc,start    ] GC(46) Concurrent class unloading
[33.830s][info][gc,task     ] GC(46) Using 1 of 3 workers for concurrent class unloading
[33.831s][info][gc          ] GC(46) Concurrent class unloading 1.715ms
[33.832s][info][gc,start    ] GC(46) Pause Final Roots
[33.832s][info][gc          ] GC(46) Pause Final Roots 0.020ms
[33.832s][info][gc,ergo     ] Free: 3814M, Max: 2048K regular, 1746M humongous, Frag: 55% external, 0% internal; Reserve: 206M, Max: 2048K
[33.832s][info][gc,stats    ] 
[33.832s][info][gc,stats    ] All times are wall-clock times, except per-root-class counters, that are sum over
[33.832s][info][gc,stats    ] all workers. Dividing the <total> over the root stage time estimates parallelism.
[33.832s][info][gc,stats    ] 
[33.832s][info][gc,stats    ] Concurrent Reset                    378 us
[33.832s][info][gc,stats    ] Pause Init Mark (G)                 276 us
[33.832s][info][gc,stats    ] Pause Init Mark (N)                 153 us
[33.832s][info][gc,stats    ]   Update Region States               71 us
[33.832s][info][gc,stats    ] Concurrent Mark Roots               674 us, parallelism: 0.79x
[33.832s][info][gc,stats    ]   CMR: <total>                      533 us
[33.832s][info][gc,stats    ]   CMR: Thread Roots                 493 us, workers (us): 493, ---, ---, 
[33.832s][info][gc,stats    ]   CMR: VM Strong Roots                4 us, workers (us):   4, ---, ---, 
[33.832s][info][gc,stats    ]   CMR: CLDG Roots                    36 us, workers (us):  36, ---, ---, 
[33.832s][info][gc,stats    ] Concurrent Marking                 8291 us
[33.832s][info][gc,stats    ] Pause Final Mark (G)                430 us
[33.832s][info][gc,stats    ] Pause Final Mark (N)                329 us
[33.832s][info][gc,stats    ]   Finish Mark                       101 us
[33.832s][info][gc,stats    ]   Update Region States               65 us
[33.832s][info][gc,stats    ]   Choose Collection Set              66 us
[33.832s][info][gc,stats    ]   Rebuild Free Set                   17 us
[33.832s][info][gc,stats    ] Concurrent Weak References          119 us, parallelism: 0.04x
[33.832s][info][gc,stats    ]   CWRF: <total>                       5 us
[33.832s][info][gc,stats    ]   CWRF: Weak References               5 us, workers (us):   5, ---, ---, 
[33.832s][info][gc,stats    ] Concurrent Weak Roots               570 us
[33.832s][info][gc,stats    ]   Roots                             453 us, parallelism: 0.88x
[33.832s][info][gc,stats    ]     CWR: <total>                    399 us
[33.832s][info][gc,stats    ]     CWR: Code Cache Roots           334 us, workers (us): 334, ---, ---, 
[33.832s][info][gc,stats    ]     CWR: VM Weak Roots               60 us, workers (us):  60, ---, ---, 
[33.832s][info][gc,stats    ]     CWR: CLDG Roots                   5 us, workers (us):   5, ---, ---, 
[33.832s][info][gc,stats    ]   Rendezvous                         82 us
[33.832s][info][gc,stats    ] Concurrent Cleanup                   51 us
[33.832s][info][gc,stats    ] Concurrent Class Unloading         1744 us
[33.832s][info][gc,stats    ]   Unlink Stale                     1561 us
[33.832s][info][gc,stats    ]     System Dictionary                 2 us
[33.832s][info][gc,stats    ]     Weak Class Links                  0 us
[33.832s][info][gc,stats    ]     Code Roots                     1557 us
[33.832s][info][gc,stats    ]   Rendezvous                         56 us
[33.832s][info][gc,stats    ]   Purge Unlinked                     81 us
[33.832s][info][gc,stats    ]     Code Roots                       76 us
[33.832s][info][gc,stats    ]     CLDG                              5 us
[33.832s][info][gc,stats    ]     Exception Caches                  0 us
[33.832s][info][gc,stats    ] Pause Final Roots (G)               104 us
[33.832s][info][gc,stats    ] Pause Final Roots (N)                28 us
[33.832s][info][gc,stats    ] 
[33.832s][info][gc,stats    ] Allocation pacing accrued:
[33.832s][info][gc,stats    ]       0 of   475 ms (  0.0%): <total>
[33.832s][info][gc,stats    ]       0 of   475 ms (  0.0%): <average total>
[33.832s][info][gc,stats    ] 
[33.832s][info][gc,metaspace] Metaspace: 8910K(9152K)->8910K(9152K) NonClass: 7737K(7872K)->7737K(7872K) Class: 1172K(1280K)->1172K(1280K)
[33.832s][info][gc,ergo     ] Pacer for Idle. Initial: 83886K, Alloc Tax Rate: 1.0x
[34.291s][info][gc          ] Trigger: Learning 3 of 5. Free (2852M) is below initial threshold (2867M)
[34.291s][info][gc,ergo     ] Free: 2852M, Max: 2048K regular, 1746M humongous, Frag: 39% external, 0% internal; Reserve: 206M, Max: 2048K
[34.291s][info][gc,start    ] GC(47) Concurrent reset
[34.291s][info][gc,task     ] GC(47) Using 1 of 3 workers for concurrent reset
[34.291s][info][gc,ergo     ] GC(47) Pacer for Reset. Non-Taxable: 4096M
[34.292s][info][gc          ] GC(47) Concurrent reset 0.497ms
[34.292s][info][gc,start    ] GC(47) Pause Init Mark (unload classes)
[34.292s][info][gc,task     ] GC(47) Using 3 of 3 workers for init marking
[34.292s][info][gc,ergo     ] GC(47) Pacer for Mark. Expected Live: 9467K, Free: 2852M, Non-Taxable: 285M, Alloc Tax Rate: 0.0x
[34.292s][info][gc          ] GC(47) Pause Init Mark (unload classes) 0.194ms
[34.292s][info][gc,start    ] GC(47) Concurrent marking roots
[34.292s][info][gc,task     ] GC(47) Using 1 of 3 workers for concurrent marking roots
[34.292s][info][gc          ] GC(47) Concurrent marking roots 0.407ms
[34.292s][info][gc,start    ] GC(47) Concurrent marking (unload classes)
[34.292s][info][gc,task     ] GC(47) Using 1 of 3 workers for concurrent marking
[34.305s][info][gc          ] GC(47) Concurrent marking (unload classes) 12.652ms
[34.305s][info][gc,start    ] GC(47) Pause Final Mark (unload classes)
[34.305s][info][gc,task     ] GC(47) Using 3 of 3 workers for final marking
[34.306s][info][gc,ergo     ] GC(47) Collectable Garbage: 982M (95%), Immediate: 982M (95%), CSet: 0B (0%)
[34.306s][info][gc          ] GC(47) Pause Final Mark (unload classes) 0.347ms
[34.306s][info][gc,start    ] GC(47) Concurrent weak references
[34.306s][info][gc,task     ] GC(47) Using 1 of 3 workers for concurrent weak references
[34.306s][info][gc,ref      ] GC(47) Encountered references: Soft: 144, Weak: 702, Final: 0, Phantom: 27
[34.306s][info][gc,ref      ] GC(47) Discovered  references: Soft: 0, Weak: 150, Final: 0, Phantom: 12
[34.306s][info][gc,ref      ] GC(47) Enqueued    references: Soft: 0, Weak: 0, Final: 0, Phantom: 0
[34.306s][info][gc          ] GC(47) Concurrent weak references 0.134ms
[34.306s][info][gc,start    ] GC(47) Concurrent weak roots
[34.306s][info][gc,task     ] GC(47) Using 1 of 3 workers for concurrent weak root
[34.306s][info][gc          ] GC(47) Concurrent weak roots 0.551ms
[34.306s][info][gc,start    ] GC(47) Concurrent cleanup
[34.306s][info][gc          ] GC(47) Concurrent cleanup 1068M->86M(4096M) 0.044ms
[34.306s][info][gc,ergo     ] GC(47) Free: 3804M, Max: 2048K regular, 1730M humongous, Frag: 55% external, 0% internal; Reserve: 206M, Max: 2048K
[34.306s][info][gc,start    ] GC(47) Concurrent class unloading
[34.306s][info][gc,task     ] GC(47) Using 1 of 3 workers for concurrent class unloading
[34.308s][info][gc          ] GC(47) Concurrent class unloading 1.918ms
[34.308s][info][gc,start    ] GC(47) Pause Final Roots
[34.308s][info][gc          ] GC(47) Pause Final Roots 0.024ms
[34.309s][info][gc,ergo     ] Free: 3800M, Max: 2048K regular, 1730M humongous, Frag: 55% external, 0% internal; Reserve: 206M, Max: 2048K
[34.309s][info][gc,stats    ] 
[34.309s][info][gc,stats    ] All times are wall-clock times, except per-root-class counters, that are sum over
[34.309s][info][gc,stats    ] all workers. Dividing the <total> over the root stage time estimates parallelism.
[34.309s][info][gc,stats    ] 
[34.309s][info][gc,stats    ] Concurrent Reset                    564 us
[34.309s][info][gc,stats    ] Pause Init Mark (G)                 358 us
[34.309s][info][gc,stats    ] Pause Init Mark (N)                 211 us
[34.309s][info][gc,stats    ]   Update Region States               80 us
[34.309s][info][gc,stats    ] Concurrent Mark Roots               424 us, parallelism: 0.79x
[34.309s][info][gc,stats    ]   CMR: <total>                      335 us
[34.309s][info][gc,stats    ]   CMR: Thread Roots                 297 us, workers (us): 297, ---, ---, 
[34.309s][info][gc,stats    ]   CMR: VM Strong Roots                5 us, workers (us):   5, ---, ---, 
[34.309s][info][gc,stats    ]   CMR: CLDG Roots                    34 us, workers (us):  34, ---, ---, 
[34.309s][info][gc,stats    ] Concurrent Marking                12718 us
[34.309s][info][gc,stats    ] Pause Final Mark (G)                500 us
[34.309s][info][gc,stats    ] Pause Final Mark (N)                367 us
[34.309s][info][gc,stats    ]   Finish Mark                       110 us
[34.309s][info][gc,stats    ]   Update Region States               89 us
[34.309s][info][gc,stats    ]   Choose Collection Set              66 us
[34.309s][info][gc,stats    ]   Rebuild Free Set                   17 us
[34.309s][info][gc,stats    ] Concurrent Weak References          143 us, parallelism: 0.05x
[34.309s][info][gc,stats    ]   CWRF: <total>                       8 us
[34.309s][info][gc,stats    ]   CWRF: Weak References               8 us, workers (us):   8, ---, ---, 
[34.309s][info][gc,stats    ] Concurrent Weak Roots               569 us
[34.309s][info][gc,stats    ]   Roots                             452 us, parallelism: 0.89x
[34.309s][info][gc,stats    ]     CWR: <total>                    400 us
[34.309s][info][gc,stats    ]     CWR: Code Cache Roots           333 us, workers (us): 333, ---, ---, 
[34.309s][info][gc,stats    ]     CWR: VM Weak Roots               62 us, workers (us):  62, ---, ---, 
[34.309s][info][gc,stats    ]     CWR: CLDG Roots                   5 us, workers (us):   5, ---, ---, 
[34.309s][info][gc,stats    ]   Rendezvous                         82 us
[34.309s][info][gc,stats    ] Concurrent Cleanup                   52 us
[34.309s][info][gc,stats    ] Concurrent Class Unloading         1963 us
[34.309s][info][gc,stats    ]   Unlink Stale                     1765 us
[34.309s][info][gc,stats    ]     System Dictionary                 2 us
[34.309s][info][gc,stats    ]     Weak Class Links                  0 us
[34.309s][info][gc,stats    ]     Code Roots                     1762 us
[34.309s][info][gc,stats    ]   Rendezvous                         56 us
[34.309s][info][gc,stats    ]   Purge Unlinked                     79 us
[34.309s][info][gc,stats    ]     Code Roots                       73 us
[34.309s][info][gc,stats    ]     CLDG                              6 us
[34.309s][info][gc,stats    ]     Exception Caches                  0 us
[34.309s][info][gc,stats    ] Pause Final Roots (G)               112 us
[34.309s][info][gc,stats    ] Pause Final Roots (N)                32 us
[34.309s][info][gc,stats    ] 
[34.309s][info][gc,stats    ] Allocation pacing accrued:
[34.309s][info][gc,stats    ]       0 of   477 ms (  0.0%): <total>
[34.309s][info][gc,stats    ]       0 of   477 ms (  0.0%): <average total>
[34.309s][info][gc,stats    ] 
[34.309s][info][gc,metaspace] Metaspace: 8910K(9152K)->8910K(9152K) NonClass: 7737K(7872K)->7737K(7872K) Class: 1172K(1280K)->1172K(1280K)
[34.309s][info][gc,ergo     ] Pacer for Idle. Initial: 83886K, Alloc Tax Rate: 1.0x
[34.762s][info][gc          ] Trigger: Learning 4 of 5. Free (2840M) is below initial threshold (2867M)
[34.763s][info][gc,ergo     ] Free: 2840M, Max: 2048K regular, 1730M humongous, Frag: 40% external, 0% internal; Reserve: 206M, Max: 2048K
[34.763s][info][gc,start    ] GC(48) Concurrent reset
[34.763s][info][gc,task     ] GC(48) Using 1 of 3 workers for concurrent reset
[34.763s][info][gc,ergo     ] GC(48) Pacer for Reset. Non-Taxable: 4096M
[34.763s][info][gc          ] GC(48) Concurrent reset 0.545ms
[34.763s][info][gc,start    ] GC(48) Pause Init Mark (unload classes)
[34.763s][info][gc,task     ] GC(48) Using 3 of 3 workers for init marking
[34.764s][info][gc,ergo     ] GC(48) Pacer for Mark. Expected Live: 9466K, Free: 2838M, Non-Taxable: 283M, Alloc Tax Rate: 0.0x
[34.764s][info][gc          ] GC(48) Pause Init Mark (unload classes) 0.246ms
[34.764s][info][gc,start    ] GC(48) Concurrent marking roots
[34.764s][info][gc,task     ] GC(48) Using 1 of 3 workers for concurrent marking roots
[34.764s][info][gc          ] GC(48) Concurrent marking roots 0.467ms
[34.764s][info][gc,start    ] GC(48) Concurrent marking (unload classes)
[34.764s][info][gc,task     ] GC(48) Using 1 of 3 workers for concurrent marking
[34.781s][info][gc          ] GC(48) Concurrent marking (unload classes) 17.062ms
[34.781s][info][gc,start    ] GC(48) Pause Final Mark (unload classes)
[34.781s][info][gc,task     ] GC(48) Using 3 of 3 workers for final marking
[34.782s][info][gc,ergo     ] GC(48) Collectable Garbage: 998M (95%), Immediate: 998M (95%), CSet: 0B (0%)
[34.782s][info][gc          ] GC(48) Pause Final Mark (unload classes) 0.339ms
[34.782s][info][gc,start    ] GC(48) Concurrent weak references
[34.782s][info][gc,task     ] GC(48) Using 1 of 3 workers for concurrent weak references
[34.782s][info][gc,ref      ] GC(48) Encountered references: Soft: 144, Weak: 702, Final: 0, Phantom: 27
[34.782s][info][gc,ref      ] GC(48) Discovered  references: Soft: 0, Weak: 150, Final: 0, Phantom: 12
[34.782s][info][gc,ref      ] GC(48) Enqueued    references: Soft: 0, Weak: 0, Final: 0, Phantom: 0
[34.782s][info][gc          ] GC(48) Concurrent weak references 0.122ms
[34.782s][info][gc,start    ] GC(48) Concurrent weak roots
[34.782s][info][gc,task     ] GC(48) Using 1 of 3 workers for concurrent weak root
[34.782s][info][gc          ] GC(48) Concurrent weak roots 0.545ms
[34.782s][info][gc,start    ] GC(48) Concurrent cleanup
[34.782s][info][gc          ] GC(48) Concurrent cleanup 1092M->94M(4096M) 0.043ms
[34.782s][info][gc,ergo     ] GC(48) Free: 3796M, Max: 2048K regular, 1706M humongous, Frag: 56% external, 0% internal; Reserve: 206M, Max: 2048K
[34.783s][info][gc,start    ] GC(48) Concurrent class unloading
[34.783s][info][gc,task     ] GC(48) Using 1 of 3 workers for concurrent class unloading
[34.784s][info][gc          ] GC(48) Concurrent class unloading 1.969ms
[34.785s][info][gc,start    ] GC(48) Pause Final Roots
[34.785s][info][gc          ] GC(48) Pause Final Roots 0.020ms
[34.785s][info][gc,ergo     ] Free: 3792M, Max: 2048K regular, 1706M humongous, Frag: 56% external, 0% internal; Reserve: 206M, Max: 2048K
[34.785s][info][gc,stats    ] 
[34.785s][info][gc,stats    ] All times are wall-clock times, except per-root-class counters, that are sum over
[34.785s][info][gc,stats    ] all workers. Dividing the <total> over the root stage time estimates parallelism.
[34.785s][info][gc,stats    ] 
[34.785s][info][gc,stats    ] Concurrent Reset                    608 us
[34.785s][info][gc,stats    ] Pause Init Mark (G)                 425 us
[34.785s][info][gc,stats    ] Pause Init Mark (N)                 265 us
[34.785s][info][gc,stats    ]   Update Region States              115 us
[34.785s][info][gc,stats    ] Concurrent Mark Roots               486 us, parallelism: 0.70x
[34.785s][info][gc,stats    ]   CMR: <total>                      341 us
[34.785s][info][gc,stats    ]   CMR: Thread Roots                 301 us, workers (us): 301, ---, ---, 
[34.785s][info][gc,stats    ]   CMR: VM Strong Roots                5 us, workers (us):   5, ---, ---, 
[34.785s][info][gc,stats    ]   CMR: CLDG Roots                    35 us, workers (us):  35, ---, ---, 
[34.785s][info][gc,stats    ] Concurrent Marking                17122 us
[34.785s][info][gc,stats    ] Pause Final Mark (G)                455 us
[34.785s][info][gc,stats    ] Pause Final Mark (N)                359 us
[34.785s][info][gc,stats    ]   Finish Mark                       106 us
[34.785s][info][gc,stats    ]   Update Region States               89 us
[34.785s][info][gc,stats    ]   Choose Collection Set              64 us
[34.785s][info][gc,stats    ]   Rebuild Free Set                   17 us
[34.785s][info][gc,stats    ] Concurrent Weak References          129 us, parallelism: 0.04x
[34.785s][info][gc,stats    ]   CWRF: <total>                       5 us
[34.785s][info][gc,stats    ]   CWRF: Weak References               5 us, workers (us):   5, ---, ---, 
[34.785s][info][gc,stats    ] Concurrent Weak Roots               564 us
[34.785s][info][gc,stats    ]   Roots                             446 us, parallelism: 0.88x
[34.785s][info][gc,stats    ]     CWR: <total>                    394 us
[34.785s][info][gc,stats    ]     CWR: Code Cache Roots           326 us, workers (us): 326, ---, ---, 
[34.785s][info][gc,stats    ]     CWR: VM Weak Roots               62 us, workers (us):  62, ---, ---, 
[34.785s][info][gc,stats    ]     CWR: CLDG Roots                   6 us, workers (us):   6, ---, ---, 
[34.785s][info][gc,stats    ]   Rendezvous                         83 us
[34.785s][info][gc,stats    ] Concurrent Cleanup                   52 us
[34.785s][info][gc,stats    ] Concurrent Class Unloading         2020 us
[34.785s][info][gc,stats    ]   Unlink Stale                     1702 us
[34.785s][info][gc,stats    ]     System Dictionary                 2 us
[34.785s][info][gc,stats    ]     Weak Class Links                  0 us
[34.785s][info][gc,stats    ]     Code Roots                     1699 us
[34.785s][info][gc,stats    ]   Rendezvous                        135 us
[34.785s][info][gc,stats    ]   Purge Unlinked                    114 us
[34.785s][info][gc,stats    ]     Code Roots                      105 us
[34.785s][info][gc,stats    ]     CLDG                              8 us
[34.785s][info][gc,stats    ]     Exception Caches                  0 us
[34.785s][info][gc,stats    ] Pause Final Roots (G)               113 us
[34.785s][info][gc,stats    ] Pause Final Roots (N)                28 us
[34.785s][info][gc,stats    ] 
[34.785s][info][gc,stats    ] Allocation pacing accrued:
[34.785s][info][gc,stats    ]       0 of   476 ms (  0.0%): <total>
[34.785s][info][gc,stats    ]       0 of   476 ms (  0.0%): <average total>
[34.785s][info][gc,stats    ] 
[34.785s][info][gc,metaspace] Metaspace: 8910K(9152K)->8910K(9152K) NonClass: 7737K(7872K)->7737K(7872K) Class: 1172K(1280K)->1172K(1280K)
[34.785s][info][gc,ergo     ] Pacer for Idle. Initial: 83886K, Alloc Tax Rate: 1.0x
[35.218s][info][gc          ] Trigger: Learning 5 of 5. Free (2866M) is below initial threshold (2867M)
[35.218s][info][gc,ergo     ] Free: 2866M, Max: 2048K regular, 1706M humongous, Frag: 41% external, 0% internal; Reserve: 206M, Max: 2048K
[35.218s][info][gc,start    ] GC(49) Concurrent reset
[35.218s][info][gc,task     ] GC(49) Using 1 of 3 workers for concurrent reset
[35.218s][info][gc,ergo     ] GC(49) Pacer for Reset. Non-Taxable: 4096M
[35.219s][info][gc          ] GC(49) Concurrent reset 0.673ms
[35.219s][info][gc,start    ] GC(49) Pause Init Mark (unload classes)
[35.219s][info][gc,task     ] GC(49) Using 3 of 3 workers for init marking
[35.219s][info][gc,ergo     ] GC(49) Pacer for Mark. Expected Live: 9459K, Free: 2864M, Non-Taxable: 286M, Alloc Tax Rate: 0.0x
[35.219s][info][gc          ] GC(49) Pause Init Mark (unload classes) 0.176ms
[35.219s][info][gc,start    ] GC(49) Concurrent marking roots
[35.219s][info][gc,task     ] GC(49) Using 1 of 3 workers for concurrent marking roots
[35.219s][info][gc          ] GC(49) Concurrent marking roots 0.437ms
[35.219s][info][gc,start    ] GC(49) Concurrent marking (unload classes)
[35.219s][info][gc,task     ] GC(49) Using 1 of 3 workers for concurrent marking
[35.241s][info][gc          ] GC(49) Concurrent marking (unload classes) 21.519ms
[35.241s][info][gc,start    ] GC(49) Pause Final Mark (unload classes)
[35.241s][info][gc,task     ] GC(49) Using 3 of 3 workers for final marking
[35.241s][info][gc,ergo     ] GC(49) Collectable Garbage: 954M (94%), Immediate: 954M (94%), CSet: 0B (0%)
[35.241s][info][gc          ] GC(49) Pause Final Mark (unload classes) 0.282ms
[35.241s][info][gc,start    ] GC(49) Concurrent weak references
[35.241s][info][gc,task     ] GC(49) Using 1 of 3 workers for concurrent weak references
[35.242s][info][gc,ref      ] GC(49) Encountered references: Soft: 144, Weak: 702, Final: 0, Phantom: 27
[35.242s][info][gc,ref      ] GC(49) Discovered  references: Soft: 0, Weak: 150, Final: 0, Phantom: 12
[35.242s][info][gc,ref      ] GC(49) Enqueued    references: Soft: 0, Weak: 0, Final: 0, Phantom: 0
[35.242s][info][gc          ] GC(49) Concurrent weak references 0.154ms
[35.242s][info][gc,start    ] GC(49) Concurrent weak roots
[35.242s][info][gc,task     ] GC(49) Using 1 of 3 workers for concurrent weak root
[35.242s][info][gc          ] GC(49) Concurrent weak roots 0.698ms
[35.242s][info][gc,start    ] GC(49) Concurrent cleanup
[35.242s][info][gc          ] GC(49) Concurrent cleanup 1074M->120M(4096M) 0.043ms
[35.242s][info][gc,ergo     ] GC(49) Free: 3770M, Max: 2048K regular, 1768M humongous, Frag: 54% external, 0% internal; Reserve: 206M, Max: 2048K
[35.242s][info][gc,start    ] GC(49) Concurrent class unloading
[35.242s][info][gc,task     ] GC(49) Using 1 of 3 workers for concurrent class unloading
[35.245s][info][gc          ] GC(49) Concurrent class unloading 2.379ms
[35.245s][info][gc,start    ] GC(49) Pause Final Roots
[35.245s][info][gc          ] GC(49) Pause Final Roots 0.040ms
[35.245s][info][gc,ergo     ] Free: 3766M, Max: 2048K regular, 1768M humongous, Frag: 54% external, 0% internal; Reserve: 206M, Max: 2048K
[35.245s][info][gc,stats    ] 
[35.245s][info][gc,stats    ] All times are wall-clock times, except per-root-class counters, that are sum over
[35.245s][info][gc,stats    ] all workers. Dividing the <total> over the root stage time estimates parallelism.
[35.245s][info][gc,stats    ] 
[35.245s][info][gc,stats    ] Concurrent Reset                    737 us
[35.245s][info][gc,stats    ] Pause Init Mark (G)                 324 us
[35.245s][info][gc,stats    ] Pause Init Mark (N)                 193 us
[35.245s][info][gc,stats    ]   Update Region States               72 us
[35.245s][info][gc,stats    ] Concurrent Mark Roots               455 us, parallelism: 0.78x
[35.245s][info][gc,stats    ]   CMR: <total>                      353 us
[35.245s][info][gc,stats    ]   CMR: Thread Roots                 315 us, workers (us): 315, ---, ---, 
[35.245s][info][gc,stats    ]   CMR: VM Strong Roots                4 us, workers (us):   4, ---, ---, 
[35.245s][info][gc,stats    ]   CMR: CLDG Roots                    34 us, workers (us):  34, ---, ---, 
[35.245s][info][gc,stats    ] Concurrent Marking                21580 us
[35.245s][info][gc,stats    ] Pause Final Mark (G)                380 us
[35.245s][info][gc,stats    ] Pause Final Mark (N)                291 us
[35.245s][info][gc,stats    ]   Finish Mark                       125 us
[35.245s][info][gc,stats    ]   Update Region States               69 us
[35.245s][info][gc,stats    ]   Choose Collection Set              42 us
[35.245s][info][gc,stats    ]   Rebuild Free Set                    8 us
[35.245s][info][gc,stats    ] Concurrent Weak References          170 us, parallelism: 0.03x
[35.245s][info][gc,stats    ]   CWRF: <total>                       5 us
[35.245s][info][gc,stats    ]   CWRF: Weak References               5 us, workers (us):   5, ---, ---, 
[35.245s][info][gc,stats    ] Concurrent Weak Roots               716 us
[35.245s][info][gc,stats    ]   Roots                             584 us, parallelism: 0.87x
[35.245s][info][gc,stats    ]     CWR: <total>                    508 us
[35.245s][info][gc,stats    ]     CWR: Code Cache Roots           390 us, workers (us): 390, ---, ---, 
[35.245s][info][gc,stats    ]     CWR: VM Weak Roots              111 us, workers (us): 111, ---, ---, 
[35.245s][info][gc,stats    ]     CWR: CLDG Roots                   6 us, workers (us):   6, ---, ---, 
[35.245s][info][gc,stats    ]   Rendezvous                         82 us
[35.246s][info][gc,stats    ] Concurrent Cleanup                   51 us
[35.246s][info][gc,stats    ] Concurrent Class Unloading         2442 us
[35.246s][info][gc,stats    ]   Unlink Stale                     1995 us
[35.246s][info][gc,stats    ]     System Dictionary                 3 us
[35.246s][info][gc,stats    ]     Weak Class Links                  0 us
[35.246s][info][gc,stats    ]     Code Roots                     1991 us
[35.246s][info][gc,stats    ]   Rendezvous                        157 us
[35.246s][info][gc,stats    ]   Purge Unlinked                    196 us
[35.246s][info][gc,stats    ]     Code Roots                      183 us
[35.246s][info][gc,stats    ]     CLDG                             12 us
[35.246s][info][gc,stats    ]     Exception Caches                  0 us
[35.246s][info][gc,stats    ] Pause Final Roots (G)               165 us
[35.246s][info][gc,stats    ] Pause Final Roots (N)                55 us
[35.246s][info][gc,stats    ] 
[35.246s][info][gc,stats    ] Allocation pacing accrued:
[35.246s][info][gc,stats    ]       0 of   461 ms (  0.0%): <total>
[35.246s][info][gc,stats    ]       0 of   461 ms (  0.0%): <average total>
[35.246s][info][gc,stats    ] 
[35.246s][info][gc,metaspace] Metaspace: 8910K(9152K)->8910K(9152K) NonClass: 7737K(7872K)->7737K(7872K) Class: 1172K(1280K)->1172K(1280K)
[35.246s][info][gc,ergo     ] Pacer for Idle. Initial: 83886K, Alloc Tax Rate: 1.0x
[36.881s][info][gc          ] Trigger: Explicit GC request (System.gc())
[36.881s][info][gc,ergo     ] Free: 964M, Max: 2048K regular, 964M humongous, Frag: 0% external, 0% internal; Reserve: 206M, Max: 2048K
[36.881s][info][gc,start    ] GC(50) Concurrent reset
[36.881s][info][gc,task     ] GC(50) Using 1 of 3 workers for concurrent reset
[36.881s][info][gc,ergo     ] GC(50) Pacer for Reset. Non-Taxable: 4096M
[36.882s][info][gc          ] GC(50) Concurrent reset 0.627ms
[36.882s][info][gc,start    ] GC(50) Pause Init Mark (unload classes)
[36.882s][info][gc,task     ] GC(50) Using 3 of 3 workers for init marking
[36.882s][info][gc,ref      ] GC(50) Clearing All SoftReferences
[36.882s][info][gc,ergo     ] GC(50) Pacer for Mark. Expected Live: 9455K, Free: 964M, Non-Taxable: 98713K, Alloc Tax Rate: 0.0x
[36.882s][info][gc          ] GC(50) Pause Init Mark (unload classes) 0.188ms
[36.882s][info][gc,start    ] GC(50) Concurrent marking roots
[36.883s][info][gc,task     ] GC(50) Using 1 of 3 workers for concurrent marking roots
[36.883s][info][gc          ] GC(50) Concurrent marking roots 0.438ms
[36.883s][info][gc,start    ] GC(50) Concurrent marking (unload classes)
[36.883s][info][gc,task     ] GC(50) Using 1 of 3 workers for concurrent marking
[36.886s][info][gc          ] GC(50) Concurrent marking (unload classes) 3.515ms
[36.887s][info][gc,start    ] GC(50) Pause Final Mark (unload classes)
[36.887s][info][gc,task     ] GC(50) Using 3 of 3 workers for final marking
[36.887s][info][gc,ergo     ] GC(50) Collectable Garbage: 2894M (99%), Immediate: 2894M (99%), CSet: 0B (0%)
[36.887s][info][gc          ] GC(50) Pause Final Mark (unload classes) 0.392ms
[36.887s][info][gc,start    ] GC(50) Concurrent weak references
[36.887s][info][gc,task     ] GC(50) Using 1 of 3 workers for concurrent weak references
[36.887s][info][gc,ref      ] GC(50) Encountered references: Soft: 144, Weak: 702, Final: 0, Phantom: 27
[36.887s][info][gc,ref      ] GC(50) Discovered  references: Soft: 88, Weak: 168, Final: 0, Phantom: 25
[36.887s][info][gc,ref      ] GC(50) Enqueued    references: Soft: 3, Weak: 0, Final: 0, Phantom: 0
[36.887s][info][gc          ] GC(50) Concurrent weak references 0.121ms
[36.887s][info][gc,start    ] GC(50) Concurrent weak roots
[36.887s][info][gc,task     ] GC(50) Using 1 of 3 workers for concurrent weak root
[36.888s][info][gc          ] GC(50) Concurrent weak roots 0.642ms
[36.888s][info][gc,start    ] GC(50) Concurrent cleanup
[36.888s][info][gc          ] GC(50) Concurrent cleanup 2926M->32M(4096M) 0.088ms
[36.888s][info][gc,ergo     ] GC(50) Free: 3858M, Max: 2048K regular, 2720M humongous, Frag: 30% external, 0% internal; Reserve: 206M, Max: 2048K
[36.888s][info][gc,start    ] GC(50) Concurrent class unloading
[36.888s][info][gc,task     ] GC(50) Using 1 of 3 workers for concurrent class unloading
[36.890s][info][gc          ] GC(50) Concurrent class unloading 2.283ms
[36.890s][info][gc,start    ] GC(50) Pause Final Roots
[36.890s][info][gc          ] GC(50) Pause Final Roots 0.054ms
[36.890s][info][gc,ergo     ] Free: 3858M, Max: 2048K regular, 2720M humongous, Frag: 30% external, 0% internal; Reserve: 206M, Max: 2048K
[36.891s][info][gc,stats    ] 
[36.891s][info][gc,stats    ] All times are wall-clock times, except per-root-class counters, that are sum over
[36.891s][info][gc,stats    ] all workers. Dividing the <total> over the root stage time estimates parallelism.
[36.891s][info][gc,stats    ] 
[36.891s][info][gc,stats    ] Concurrent Reset                    682 us
[36.891s][info][gc,stats    ] Pause Init Mark (G)                 332 us
[36.891s][info][gc,stats    ] Pause Init Mark (N)                 204 us
[36.891s][info][gc,stats    ]   Update Region States               70 us
[36.891s][info][gc,stats    ] Concurrent Mark Roots               456 us, parallelism: 0.69x
[36.891s][info][gc,stats    ]   CMR: <total>                      316 us
[36.891s][info][gc,stats    ]   CMR: Thread Roots                 277 us, workers (us): 277, ---, ---, 
[36.891s][info][gc,stats    ]   CMR: VM Strong Roots                4 us, workers (us):   4, ---, ---, 
[36.891s][info][gc,stats    ]   CMR: CLDG Roots                    35 us, workers (us):  35, ---, ---, 
[36.891s][info][gc,stats    ] Concurrent Marking                 3567 us
[36.891s][info][gc,stats    ] Pause Final Mark (G)                521 us
[36.891s][info][gc,stats    ] Pause Final Mark (N)                420 us
[36.891s][info][gc,stats    ]   Finish Mark                        92 us
[36.891s][info][gc,stats    ]   Update Region States              102 us
[36.891s][info][gc,stats    ]   Choose Collection Set              93 us
[36.891s][info][gc,stats    ]   Rebuild Free Set                   20 us
[36.891s][info][gc,stats    ] Concurrent Weak References          128 us, parallelism: 0.07x
[36.891s][info][gc,stats    ]   CWRF: <total>                       9 us
[36.891s][info][gc,stats    ]   CWRF: Weak References               9 us, workers (us):   9, ---, ---, 
[36.891s][info][gc,stats    ] Concurrent Weak Roots               661 us
[36.891s][info][gc,stats    ]   Roots                             537 us, parallelism: 0.87x
[36.891s][info][gc,stats    ]     CWR: <total>                    467 us
[36.891s][info][gc,stats    ]     CWR: Code Cache Roots           352 us, workers (us): 352, ---, ---, 
[36.891s][info][gc,stats    ]     CWR: VM Weak Roots              110 us, workers (us): 110, ---, ---, 
[36.891s][info][gc,stats    ]     CWR: CLDG Roots                   5 us, workers (us):   5, ---, ---, 
[36.891s][info][gc,stats    ]   Rendezvous                         89 us
[36.891s][info][gc,stats    ] Concurrent Cleanup                   98 us
[36.891s][info][gc,stats    ] Concurrent Class Unloading         2333 us
[36.891s][info][gc,stats    ]   Unlink Stale                     2002 us
[36.891s][info][gc,stats    ]     System Dictionary                 2 us
[36.891s][info][gc,stats    ]     Weak Class Links                  0 us
[36.891s][info][gc,stats    ]     Code Roots                     1999 us
[36.891s][info][gc,stats    ]   Rendezvous                        111 us
[36.891s][info][gc,stats    ]   Purge Unlinked                    152 us
[36.891s][info][gc,stats    ]     Code Roots                      143 us
[36.891s][info][gc,stats    ]     CLDG                              8 us
[36.891s][info][gc,stats    ]     Exception Caches                  0 us
[36.891s][info][gc,stats    ] Pause Final Roots (G)               172 us
[36.891s][info][gc,stats    ] Pause Final Roots (N)                72 us
[36.891s][info][gc,stats    ] 
[36.891s][info][gc,stats    ] Allocation pacing accrued:
[36.891s][info][gc,stats    ]       0 of  1645 ms (  0.0%): <total>
[36.891s][info][gc,stats    ]       0 of  1645 ms (  0.0%): <average total>
[36.891s][info][gc,stats    ] 
[36.891s][info][gc,metaspace] Metaspace: 8910K(9152K)->8910K(9152K) NonClass: 7737K(7872K)->7737K(7872K) Class: 1172K(1280K)->1172K(1280K)
[36.891s][info][gc,ergo     ] Pacer for Idle. Initial: 83886K, Alloc Tax Rate: 1.0x
[37.352s][info][gc          ] Trigger: Learning 2 of 5. Free (2864M) is below initial threshold (2867M)
[37.352s][info][gc,ergo     ] Free: 2864M, Max: 2048K regular, 1774M humongous, Frag: 39% external, 0% internal; Reserve: 206M, Max: 2048K
[37.352s][info][gc,start    ] GC(51) Concurrent reset
[37.352s][info][gc,task     ] GC(51) Using 1 of 3 workers for concurrent reset
[37.352s][info][gc,ergo     ] GC(51) Pacer for Reset. Non-Taxable: 4096M
[37.353s][info][gc          ] GC(51) Concurrent reset 0.388ms
[37.353s][info][gc,start    ] GC(51) Pause Init Mark (unload classes)
[37.353s][info][gc,task     ] GC(51) Using 3 of 3 workers for init marking
[37.353s][info][gc,ergo     ] GC(51) Pacer for Mark. Expected Live: 9455K, Free: 2864M, Non-Taxable: 286M, Alloc Tax Rate: 0.0x
[37.353s][info][gc          ] GC(51) Pause Init Mark (unload classes) 0.216ms
[37.353s][info][gc,start    ] GC(51) Concurrent marking roots
[37.353s][info][gc,task     ] GC(51) Using 1 of 3 workers for concurrent marking roots
[37.354s][info][gc          ] GC(51) Concurrent marking roots 0.699ms
[37.354s][info][gc,start    ] GC(51) Concurrent marking (unload classes)
[37.354s][info][gc,task     ] GC(51) Using 1 of 3 workers for concurrent marking
[37.362s][info][gc          ] GC(51) Concurrent marking (unload classes) 7.898ms
[37.362s][info][gc,start    ] GC(51) Pause Final Mark (unload classes)
[37.362s][info][gc,task     ] GC(51) Using 3 of 3 workers for final marking
[37.362s][info][gc,ergo     ] GC(51) Collectable Garbage: 978M (95%), Immediate: 978M (95%), CSet: 0B (0%)
[37.362s][info][gc          ] GC(51) Pause Final Mark (unload classes) 0.345ms
[37.362s][info][gc,start    ] GC(51) Concurrent weak references
[37.362s][info][gc,task     ] GC(51) Using 1 of 3 workers for concurrent weak references
[37.362s][info][gc,ref      ] GC(51) Encountered references: Soft: 144, Weak: 702, Final: 0, Phantom: 27
[37.362s][info][gc,ref      ] GC(51) Discovered  references: Soft: 0, Weak: 150, Final: 0, Phantom: 12
[37.362s][info][gc,ref      ] GC(51) Enqueued    references: Soft: 0, Weak: 0, Final: 0, Phantom: 0
[37.362s][info][gc          ] GC(51) Concurrent weak references 0.223ms
[37.362s][info][gc,start    ] GC(51) Concurrent weak roots
[37.362s][info][gc,task     ] GC(51) Using 1 of 3 workers for concurrent weak root
[37.363s][info][gc          ] GC(51) Concurrent weak roots 0.716ms
[37.363s][info][gc,start    ] GC(51) Concurrent cleanup
[37.363s][info][gc          ] GC(51) Concurrent cleanup 1046M->68M(4096M) 0.041ms
[37.363s][info][gc,ergo     ] GC(51) Free: 3822M, Max: 2048K regular, 1754M humongous, Frag: 55% external, 0% internal; Reserve: 206M, Max: 2048K
[37.363s][info][gc,start    ] GC(51) Concurrent class unloading
[37.363s][info][gc,task     ] GC(51) Using 1 of 3 workers for concurrent class unloading
[37.365s][info][gc          ] GC(51) Concurrent class unloading 1.987ms
[37.365s][info][gc,start    ] GC(51) Pause Final Roots
[37.365s][info][gc          ] GC(51) Pause Final Roots 0.040ms
[37.366s][info][gc,ergo     ] Free: 3816M, Max: 2048K regular, 1754M humongous, Frag: 55% external, 0% internal; Reserve: 206M, Max: 2048K
[37.366s][info][gc,stats    ] 
[37.366s][info][gc,stats    ] All times are wall-clock times, except per-root-class counters, that are sum over
[37.366s][info][gc,stats    ] all workers. Dividing the <total> over the root stage time estimates parallelism.
[37.366s][info][gc,stats    ] 
[37.366s][info][gc,stats    ] Concurrent Reset                    428 us
[37.366s][info][gc,stats    ] Pause Init Mark (G)                 431 us
[37.366s][info][gc,stats    ] Pause Init Mark (N)                 244 us
[37.366s][info][gc,stats    ]   Update Region States               82 us
[37.366s][info][gc,stats    ] Concurrent Mark Roots               717 us, parallelism: 0.83x
[37.366s][info][gc,stats    ]   CMR: <total>                      597 us
[37.366s][info][gc,stats    ]   CMR: Thread Roots                 527 us, workers (us): 527, ---, ---, 
[37.366s][info][gc,stats    ]   CMR: VM Strong Roots                7 us, workers (us):   7, ---, ---, 
[37.366s][info][gc,stats    ]   CMR: CLDG Roots                    63 us, workers (us):  63, ---, ---, 
[37.366s][info][gc,stats    ] Concurrent Marking                 7962 us
[37.366s][info][gc,stats    ] Pause Final Mark (G)                499 us
[37.366s][info][gc,stats    ] Pause Final Mark (N)                365 us
[37.366s][info][gc,stats    ]   Finish Mark                       106 us
[37.366s][info][gc,stats    ]   Update Region States               91 us
[37.366s][info][gc,stats    ]   Choose Collection Set              64 us
[37.366s][info][gc,stats    ]   Rebuild Free Set                   16 us
[37.366s][info][gc,stats    ] Concurrent Weak References          239 us, parallelism: 0.03x
[37.366s][info][gc,stats    ]   CWRF: <total>                       8 us
[37.366s][info][gc,stats    ]   CWRF: Weak References               8 us, workers (us):   8, ---, ---, 
[37.366s][info][gc,stats    ] Concurrent Weak Roots               735 us
[37.366s][info][gc,stats    ]   Roots                             588 us, parallelism: 0.87x
[37.366s][info][gc,stats    ]     CWR: <total>                    510 us
[37.366s][info][gc,stats    ]     CWR: Code Cache Roots           392 us, workers (us): 392, ---, ---, 
[37.366s][info][gc,stats    ]     CWR: VM Weak Roots              113 us, workers (us): 113, ---, ---, 
[37.366s][info][gc,stats    ]     CWR: CLDG Roots                   6 us, workers (us):   6, ---, ---, 
[37.366s][info][gc,stats    ]   Rendezvous                         97 us
[37.366s][info][gc,stats    ] Concurrent Cleanup                   49 us
[37.366s][info][gc,stats    ] Concurrent Class Unloading         2036 us
[37.366s][info][gc,stats    ]   Unlink Stale                     1750 us
[37.366s][info][gc,stats    ]     System Dictionary                 3 us
[37.366s][info][gc,stats    ]     Weak Class Links                  0 us
[37.366s][info][gc,stats    ]     Code Roots                     1746 us
[37.366s][info][gc,stats    ]   Rendezvous                        105 us
[37.366s][info][gc,stats    ]   Purge Unlinked                    114 us
[37.366s][info][gc,stats    ]     Code Roots                      104 us
[37.366s][info][gc,stats    ]     CLDG                              8 us
[37.366s][info][gc,stats    ]     Exception Caches                  0 us
[37.366s][info][gc,stats    ] Pause Final Roots (G)               185 us
[37.366s][info][gc,stats    ] Pause Final Roots (N)                59 us
[37.366s][info][gc,stats    ] 
[37.366s][info][gc,stats    ] Allocation pacing accrued:
[37.366s][info][gc,stats    ]       0 of   475 ms (  0.0%): <total>
[37.366s][info][gc,stats    ]       0 of   475 ms (  0.0%): <average total>
[37.366s][info][gc,stats    ] 
[37.366s][info][gc,metaspace] Metaspace: 8912K(9152K)->8912K(9152K) NonClass: 7739K(7872K)->7739K(7872K) Class: 1172K(1280K)->1172K(1280K)
[37.366s][info][gc,ergo     ] Pacer for Idle. Initial: 83886K, Alloc Tax Rate: 1.0x
[37.822s][info][gc          ] Trigger: Learning 3 of 5. Free (2852M) is below initial threshold (2867M)
[37.822s][info][gc,ergo     ] Free: 2852M, Max: 2048K regular, 1754M humongous, Frag: 39% external, 0% internal; Reserve: 206M, Max: 2048K
[37.822s][info][gc,start    ] GC(52) Concurrent reset
[37.822s][info][gc,task     ] GC(52) Using 1 of 3 workers for concurrent reset
[37.823s][info][gc,ergo     ] GC(52) Pacer for Reset. Non-Taxable: 4096M
[37.823s][info][gc          ] GC(52) Concurrent reset 0.553ms
[37.823s][info][gc,start    ] GC(52) Pause Init Mark (unload classes)
[37.823s][info][gc,task     ] GC(52) Using 3 of 3 workers for init marking
[37.823s][info][gc,ergo     ] GC(52) Pacer for Mark. Expected Live: 9444K, Free: 2850M, Non-Taxable: 285M, Alloc Tax Rate: 0.0x
[37.823s][info][gc          ] GC(52) Pause Init Mark (unload classes) 0.247ms
[37.824s][info][gc,start    ] GC(52) Concurrent marking roots
[37.824s][info][gc,task     ] GC(52) Using 1 of 3 workers for concurrent marking roots
[37.824s][info][gc          ] GC(52) Concurrent marking roots 0.833ms
[37.824s][info][gc,start    ] GC(52) Concurrent marking (unload classes)
[37.824s][info][gc,task     ] GC(52) Using 1 of 3 workers for concurrent marking
[37.838s][info][gc          ] GC(52) Concurrent marking (unload classes) 13.212ms
[37.838s][info][gc,start    ] GC(52) Pause Final Mark (unload classes)
[37.838s][info][gc,task     ] GC(52) Using 3 of 3 workers for final marking
[37.838s][info][gc,ergo     ] GC(52) Collectable Garbage: 986M (95%), Immediate: 986M (95%), CSet: 0B (0%)
[37.838s][info][gc          ] GC(52) Pause Final Mark (unload classes) 0.233ms
[37.838s][info][gc,start    ] GC(52) Concurrent weak references
[37.838s][info][gc,task     ] GC(52) Using 1 of 3 workers for concurrent weak references
[37.838s][info][gc,ref      ] GC(52) Encountered references: Soft: 144, Weak: 702, Final: 0, Phantom: 27
[37.838s][info][gc,ref      ] GC(52) Discovered  references: Soft: 0, Weak: 150, Final: 0, Phantom: 12
[37.838s][info][gc,ref      ] GC(52) Enqueued    references: Soft: 0, Weak: 0, Final: 0, Phantom: 0
[37.838s][info][gc          ] GC(52) Concurrent weak references 0.157ms
[37.838s][info][gc,start    ] GC(52) Concurrent weak roots
[37.838s][info][gc,task     ] GC(52) Using 1 of 3 workers for concurrent weak root
[37.839s][info][gc          ] GC(52) Concurrent weak roots 0.685ms
[37.839s][info][gc,start    ] GC(52) Concurrent cleanup
[37.839s][info][gc          ] GC(52) Concurrent cleanup 1072M->86M(4096M) 0.048ms
[37.839s][info][gc,ergo     ] GC(52) Free: 3804M, Max: 2048K regular, 1726M humongous, Frag: 55% external, 0% internal; Reserve: 206M, Max: 2048K
[37.839s][info][gc,start    ] GC(52) Concurrent class unloading
[37.839s][info][gc,task     ] GC(52) Using 1 of 3 workers for concurrent class unloading
[37.841s][info][gc          ] GC(52) Concurrent class unloading 1.937ms
[37.841s][info][gc,start    ] GC(52) Pause Final Roots
[37.841s][info][gc          ] GC(52) Pause Final Roots 0.039ms
[37.841s][info][gc,ergo     ] Free: 3800M, Max: 2048K regular, 1726M humongous, Frag: 55% external, 0% internal; Reserve: 206M, Max: 2048K
[37.841s][info][gc,stats    ] 
[37.841s][info][gc,stats    ] All times are wall-clock times, except per-root-class counters, that are sum over
[37.841s][info][gc,stats    ] all workers. Dividing the <total> over the root stage time estimates parallelism.
[37.841s][info][gc,stats    ] 
[37.841s][info][gc,stats    ] Concurrent Reset                    617 us
[37.841s][info][gc,stats    ] Pause Init Mark (G)                 433 us
[37.841s][info][gc,stats    ] Pause Init Mark (N)                 266 us
[37.841s][info][gc,stats    ]   Update Region States              115 us
[37.841s][info][gc,stats    ] Concurrent Mark Roots               857 us, parallelism: 0.77x
[37.841s][info][gc,stats    ]   CMR: <total>                      660 us
[37.841s][info][gc,stats    ]   CMR: Thread Roots                 574 us, workers (us): 574, ---, ---, 
[37.841s][info][gc,stats    ]   CMR: VM Strong Roots               10 us, workers (us):  10, ---, ---, 
[37.841s][info][gc,stats    ]   CMR: CLDG Roots                    76 us, workers (us):  76, ---, ---, 
[37.841s][info][gc,stats    ] Concurrent Marking                13271 us
[37.841s][info][gc,stats    ] Pause Final Mark (G)                345 us
[37.841s][info][gc,stats    ] Pause Final Mark (N)                251 us
[37.841s][info][gc,stats    ]   Finish Mark                        33 us
[37.841s][info][gc,stats    ]   Update Region States               48 us
[37.841s][info][gc,stats    ]   Choose Collection Set              42 us
[37.841s][info][gc,stats    ]   Rebuild Free Set                   17 us
[37.841s][info][gc,stats    ] Concurrent Weak References          165 us, parallelism: 0.03x
[37.841s][info][gc,stats    ]   CWRF: <total>                       6 us
[37.842s][info][gc,stats    ]   CWRF: Weak References               6 us, workers (us):   6, ---, ---, 
[37.842s][info][gc,stats    ] Concurrent Weak Roots               704 us
[37.842s][info][gc,stats    ]   Roots                             586 us, parallelism: 0.88x
[37.842s][info][gc,stats    ]     CWR: <total>                    513 us
[37.842s][info][gc,stats    ]     CWR: Code Cache Roots           397 us, workers (us): 397, ---, ---, 
[37.842s][info][gc,stats    ]     CWR: VM Weak Roots              110 us, workers (us): 110, ---, ---, 
[37.842s][info][gc,stats    ]     CWR: CLDG Roots                   6 us, workers (us):   6, ---, ---, 
[37.842s][info][gc,stats    ]   Rendezvous                         83 us
[37.842s][info][gc,stats    ] Concurrent Cleanup                   56 us
[37.842s][info][gc,stats    ] Concurrent Class Unloading         1986 us
[37.842s][info][gc,stats    ]   Unlink Stale                     1619 us
[37.842s][info][gc,stats    ]     System Dictionary                 3 us
[37.842s][info][gc,stats    ]     Weak Class Links                  0 us
[37.842s][info][gc,stats    ]     Code Roots                     1615 us
[37.842s][info][gc,stats    ]   Rendezvous                        127 us
[37.842s][info][gc,stats    ]   Purge Unlinked                    172 us
[37.842s][info][gc,stats    ]     Code Roots                      163 us
[37.842s][info][gc,stats    ]     CLDG                              8 us
[37.842s][info][gc,stats    ]     Exception Caches                  0 us
[37.842s][info][gc,stats    ] Pause Final Roots (G)               161 us
[37.842s][info][gc,stats    ] Pause Final Roots (N)                57 us
[37.842s][info][gc,stats    ] 
[37.842s][info][gc,stats    ] Allocation pacing accrued:
[37.842s][info][gc,stats    ]       0 of   476 ms (  0.0%): <total>
[37.842s][info][gc,stats    ]       0 of   476 ms (  0.0%): <average total>
[37.842s][info][gc,stats    ] 
[37.842s][info][gc,metaspace] Metaspace: 8912K(9152K)->8912K(9152K) NonClass: 7739K(7872K)->7739K(7872K) Class: 1172K(1280K)->1172K(1280K)
[37.842s][info][gc,ergo     ] Pacer for Idle. Initial: 83886K, Alloc Tax Rate: 1.0x
[38.293s][info][gc          ] Trigger: Learning 4 of 5. Free (2846M) is below initial threshold (2867M)
[38.293s][info][gc,ergo     ] Free: 2846M, Max: 2048K regular, 1726M humongous, Frag: 40% external, 0% internal; Reserve: 206M, Max: 2048K
[38.293s][info][gc,start    ] GC(53) Concurrent reset
[38.293s][info][gc,task     ] GC(53) Using 1 of 3 workers for concurrent reset
[38.293s][info][gc,ergo     ] GC(53) Pacer for Reset. Non-Taxable: 4096M
[38.294s][info][gc          ] GC(53) Concurrent reset 0.526ms
[38.294s][info][gc,start    ] GC(53) Pause Init Mark (unload classes)
[38.294s][info][gc,task     ] GC(53) Using 3 of 3 workers for init marking
[38.294s][info][gc,ergo     ] GC(53) Pacer for Mark. Expected Live: 9442K, Free: 2844M, Non-Taxable: 284M, Alloc Tax Rate: 0.0x
[38.294s][info][gc          ] GC(53) Pause Init Mark (unload classes) 0.123ms
[38.294s][info][gc,start    ] GC(53) Concurrent marking roots
[38.294s][info][gc,task     ] GC(53) Using 1 of 3 workers for concurrent marking roots
[38.295s][info][gc          ] GC(53) Concurrent marking roots 0.449ms
[38.295s][info][gc,start    ] GC(53) Concurrent marking (unload classes)
[38.295s][info][gc,task     ] GC(53) Using 1 of 3 workers for concurrent marking
[38.312s][info][gc          ] GC(53) Concurrent marking (unload classes) 17.363ms
[38.312s][info][gc,start    ] GC(53) Pause Final Mark (unload classes)
[38.312s][info][gc,task     ] GC(53) Using 3 of 3 workers for final marking
[38.313s][info][gc,ergo     ] GC(53) Collectable Garbage: 982M (95%), Immediate: 982M (95%), CSet: 0B (0%)
[38.313s][info][gc          ] GC(53) Pause Final Mark (unload classes) 0.330ms
[38.313s][info][gc,start    ] GC(53) Concurrent weak references
[38.313s][info][gc,task     ] GC(53) Using 1 of 3 workers for concurrent weak references
[38.313s][info][gc,ref      ] GC(53) Encountered references: Soft: 144, Weak: 702, Final: 0, Phantom: 27
[38.313s][info][gc,ref      ] GC(53) Discovered  references: Soft: 0, Weak: 150, Final: 0, Phantom: 25
[38.313s][info][gc,ref      ] GC(53) Enqueued    references: Soft: 0, Weak: 0, Final: 0, Phantom: 0
[38.313s][info][gc          ] GC(53) Concurrent weak references 0.083ms
[38.313s][info][gc,start    ] GC(53) Concurrent weak roots
[38.313s][info][gc,task     ] GC(53) Using 1 of 3 workers for concurrent weak root
[38.313s][info][gc          ] GC(53) Concurrent weak roots 0.558ms
[38.313s][info][gc,start    ] GC(53) Concurrent cleanup
[38.313s][info][gc          ] GC(53) Concurrent cleanup 1084M->102M(4096M) 0.043ms
[38.313s][info][gc,ergo     ] GC(53) Free: 3788M, Max: 2048K regular, 1714M humongous, Frag: 55% external, 0% internal; Reserve: 206M, Max: 2048K
[38.313s][info][gc,start    ] GC(53) Concurrent class unloading
[38.313s][info][gc,task     ] GC(53) Using 1 of 3 workers for concurrent class unloading
[38.315s][info][gc          ] GC(53) Concurrent class unloading 1.708ms
[38.315s][info][gc,start    ] GC(53) Pause Final Roots
[38.315s][info][gc          ] GC(53) Pause Final Roots 0.023ms
[38.315s][info][gc,ergo     ] Free: 3784M, Max: 2048K regular, 1714M humongous, Frag: 55% external, 0% internal; Reserve: 206M, Max: 2048K
[38.315s][info][gc,stats    ] 
[38.315s][info][gc,stats    ] All times are wall-clock times, except per-root-class counters, that are sum over
[38.315s][info][gc,stats    ] all workers. Dividing the <total> over the root stage time estimates parallelism.
[38.315s][info][gc,stats    ] 
[38.315s][info][gc,stats    ] Concurrent Reset                    581 us
[38.315s][info][gc,stats    ] Pause Init Mark (G)                 268 us
[38.315s][info][gc,stats    ] Pause Init Mark (N)                 131 us
[38.315s][info][gc,stats    ]   Update Region States               68 us
[38.315s][info][gc,stats    ] Concurrent Mark Roots               466 us, parallelism: 0.75x
[38.315s][info][gc,stats    ]   CMR: <total>                      348 us
[38.315s][info][gc,stats    ]   CMR: Thread Roots                 308 us, workers (us): 308, ---, ---, 
[38.315s][info][gc,stats    ]   CMR: VM Strong Roots                5 us, workers (us):   5, ---, ---, 
[38.315s][info][gc,stats    ]   CMR: CLDG Roots                    35 us, workers (us):  35, ---, ---, 
[38.315s][info][gc,stats    ] Concurrent Marking                17429 us
[38.315s][info][gc,stats    ] Pause Final Mark (G)                467 us
[38.315s][info][gc,stats    ] Pause Final Mark (N)                349 us
[38.315s][info][gc,stats    ]   Finish Mark                       114 us
[38.315s][info][gc,stats    ]   Update Region States               67 us
[38.315s][info][gc,stats    ]   Choose Collection Set              62 us
[38.315s][info][gc,stats    ]   Rebuild Free Set                   17 us
[38.315s][info][gc,stats    ] Concurrent Weak References           91 us, parallelism: 0.08x
[38.315s][info][gc,stats    ]   CWRF: <total>                       7 us
[38.315s][info][gc,stats    ]   CWRF: Weak References               7 us, workers (us):   7, ---, ---, 
[38.315s][info][gc,stats    ] Concurrent Weak Roots               576 us
[38.315s][info][gc,stats    ]   Roots                             446 us, parallelism: 0.88x
[38.315s][info][gc,stats    ]     CWR: <total>                    395 us
[38.315s][info][gc,stats    ]     CWR: Code Cache Roots           329 us, workers (us): 329, ---, ---, 
[38.315s][info][gc,stats    ]     CWR: VM Weak Roots               60 us, workers (us):  60, ---, ---, 
[38.315s][info][gc,stats    ]     CWR: CLDG Roots                   5 us, workers (us):   5, ---, ---, 
[38.315s][info][gc,stats    ]   Rendezvous                         96 us
[38.315s][info][gc,stats    ] Concurrent Cleanup                   51 us
[38.315s][info][gc,stats    ] Concurrent Class Unloading         1744 us
[38.316s][info][gc,stats    ]   Unlink Stale                     1562 us
[38.316s][info][gc,stats    ]     System Dictionary                 3 us
[38.316s][info][gc,stats    ]     Weak Class Links                  0 us
[38.316s][info][gc,stats    ]     Code Roots                     1558 us
[38.316s][info][gc,stats    ]   Rendezvous                         56 us
[38.316s][info][gc,stats    ]   Purge Unlinked                     68 us
[38.316s][info][gc,stats    ]     Code Roots                       63 us
[38.316s][info][gc,stats    ]     CLDG                              4 us
[38.316s][info][gc,stats    ]     Exception Caches                  0 us
[38.316s][info][gc,stats    ] Pause Final Roots (G)               111 us
[38.316s][info][gc,stats    ] Pause Final Roots (N)                31 us
[38.316s][info][gc,stats    ] 
[38.316s][info][gc,stats    ] Allocation pacing accrued:
[38.316s][info][gc,stats    ]       0 of   474 ms (  0.0%): <total>
[38.316s][info][gc,stats    ]       0 of   474 ms (  0.0%): <average total>
[38.316s][info][gc,stats    ] 
[38.316s][info][gc,metaspace] Metaspace: 8912K(9152K)->8912K(9152K) NonClass: 7739K(7872K)->7739K(7872K) Class: 1172K(1280K)->1172K(1280K)
[38.316s][info][gc,ergo     ] Pacer for Idle. Initial: 83886K, Alloc Tax Rate: 1.0x
[38.748s][info][gc          ] Trigger: Learning 5 of 5. Free (2844M) is below initial threshold (2867M)
[38.749s][info][gc,ergo     ] Free: 2844M, Max: 2048K regular, 1714M humongous, Frag: 40% external, 0% internal; Reserve: 206M, Max: 2048K
[38.749s][info][gc,start    ] GC(54) Concurrent reset
[38.749s][info][gc,task     ] GC(54) Using 1 of 3 workers for concurrent reset
[38.749s][info][gc,ergo     ] GC(54) Pacer for Reset. Non-Taxable: 4096M
[38.749s][info][gc          ] GC(54) Concurrent reset 0.612ms
[38.749s][info][gc,start    ] GC(54) Pause Init Mark (unload classes)
[38.749s][info][gc,task     ] GC(54) Using 3 of 3 workers for init marking
[38.750s][info][gc,ergo     ] GC(54) Pacer for Mark. Expected Live: 9448K, Free: 2842M, Non-Taxable: 284M, Alloc Tax Rate: 0.0x
[38.750s][info][gc          ] GC(54) Pause Init Mark (unload classes) 0.233ms
[38.750s][info][gc,start    ] GC(54) Concurrent marking roots
[38.750s][info][gc,task     ] GC(54) Using 1 of 3 workers for concurrent marking roots
[38.750s][info][gc          ] GC(54) Concurrent marking roots 0.421ms
[38.750s][info][gc,start    ] GC(54) Concurrent marking (unload classes)
[38.750s][info][gc,task     ] GC(54) Using 1 of 3 workers for concurrent marking
[38.772s][info][gc          ] GC(54) Concurrent marking (unload classes) 21.854ms
[38.772s][info][gc,start    ] GC(54) Pause Final Mark (unload classes)
[38.772s][info][gc,task     ] GC(54) Using 3 of 3 workers for final marking
[38.772s][info][gc,ergo     ] GC(54) Collectable Garbage: 974M (94%), Immediate: 974M (94%), CSet: 0B (0%)
[38.772s][info][gc          ] GC(54) Pause Final Mark (unload classes) 0.328ms
[38.772s][info][gc,start    ] GC(54) Concurrent weak references
[38.772s][info][gc,task     ] GC(54) Using 1 of 3 workers for concurrent weak references
[38.773s][info][gc,ref      ] GC(54) Encountered references: Soft: 144, Weak: 702, Final: 0, Phantom: 27
[38.773s][info][gc,ref      ] GC(54) Discovered  references: Soft: 0, Weak: 150, Final: 0, Phantom: 12
[38.773s][info][gc,ref      ] GC(54) Enqueued    references: Soft: 0, Weak: 0, Final: 0, Phantom: 0
[38.773s][info][gc          ] GC(54) Concurrent weak references 0.115ms
[38.773s][info][gc,start    ] GC(54) Concurrent weak roots
[38.773s][info][gc,task     ] GC(54) Using 1 of 3 workers for concurrent weak root
[38.773s][info][gc          ] GC(54) Concurrent weak roots 0.647ms
[38.773s][info][gc,start    ] GC(54) Concurrent cleanup
[38.773s][info][gc          ] GC(54) Concurrent cleanup 1094M->120M(4096M) 0.043ms
[38.773s][info][gc,ergo     ] GC(54) Free: 3770M, Max: 2048K regular, 1704M humongous, Frag: 55% external, 0% internal; Reserve: 206M, Max: 2048K
[38.773s][info][gc,start    ] GC(54) Concurrent class unloading
[38.773s][info][gc,task     ] GC(54) Using 1 of 3 workers for concurrent class unloading
[38.775s][info][gc          ] GC(54) Concurrent class unloading 1.743ms
[38.775s][info][gc,start    ] GC(54) Pause Final Roots
[38.775s][info][gc          ] GC(54) Pause Final Roots 0.033ms
[38.775s][info][gc,ergo     ] Free: 3768M, Max: 2048K regular, 1704M humongous, Frag: 55% external, 0% internal; Reserve: 206M, Max: 2048K
[38.775s][info][gc,stats    ] 
[38.775s][info][gc,stats    ] All times are wall-clock times, except per-root-class counters, that are sum over
[38.775s][info][gc,stats    ] all workers. Dividing the <total> over the root stage time estimates parallelism.
[38.775s][info][gc,stats    ] 
[38.775s][info][gc,stats    ] Concurrent Reset                    679 us
[38.775s][info][gc,stats    ] Pause Init Mark (G)                 382 us
[38.775s][info][gc,stats    ] Pause Init Mark (N)                 251 us
[38.775s][info][gc,stats    ]   Update Region States              103 us
[38.775s][info][gc,stats    ] Concurrent Mark Roots               439 us, parallelism: 0.76x
[38.776s][info][gc,stats    ]   CMR: <total>                      336 us
[38.776s][info][gc,stats    ]   CMR: Thread Roots                 296 us, workers (us): 296, ---, ---, 
[38.776s][info][gc,stats    ]   CMR: VM Strong Roots                5 us, workers (us):   5, ---, ---, 
[38.776s][info][gc,stats    ]   CMR: CLDG Roots                    35 us, workers (us):  35, ---, ---, 
[38.776s][info][gc,stats    ] Concurrent Marking                21914 us
[38.776s][info][gc,stats    ] Pause Final Mark (G)                449 us
[38.776s][info][gc,stats    ] Pause Final Mark (N)                348 us
[38.776s][info][gc,stats    ]   Finish Mark                       113 us
[38.776s][info][gc,stats    ]   Update Region States               63 us
[38.776s][info][gc,stats    ]   Choose Collection Set              64 us
[38.776s][info][gc,stats    ]   Rebuild Free Set                   17 us
[38.776s][info][gc,stats    ] Concurrent Weak References          122 us, parallelism: 0.04x
[38.776s][info][gc,stats    ]   CWRF: <total>                       5 us
[38.776s][info][gc,stats    ]   CWRF: Weak References               5 us, workers (us):   5, ---, ---, 
[38.776s][info][gc,stats    ] Concurrent Weak Roots               666 us
[38.776s][info][gc,stats    ]   Roots                             549 us, parallelism: 0.87x
[38.776s][info][gc,stats    ]     CWR: <total>                    478 us
[38.776s][info][gc,stats    ]     CWR: Code Cache Roots           362 us, workers (us): 362, ---, ---, 
[38.776s][info][gc,stats    ]     CWR: VM Weak Roots              110 us, workers (us): 110, ---, ---, 
[38.776s][info][gc,stats    ]     CWR: CLDG Roots                   6 us, workers (us):   6, ---, ---, 
[38.776s][info][gc,stats    ]   Rendezvous                         83 us
[38.776s][info][gc,stats    ] Concurrent Cleanup                   51 us
[38.776s][info][gc,stats    ] Concurrent Class Unloading         1792 us
[38.776s][info][gc,stats    ]   Unlink Stale                     1524 us
[38.776s][info][gc,stats    ]     System Dictionary                 3 us
[38.776s][info][gc,stats    ]     Weak Class Links                  0 us
[38.776s][info][gc,stats    ]     Code Roots                     1521 us
[38.776s][info][gc,stats    ]   Rendezvous                         90 us
[38.776s][info][gc,stats    ]   Purge Unlinked                    110 us
[38.776s][info][gc,stats    ]     Code Roots                      101 us
[38.776s][info][gc,stats    ]     CLDG                              8 us
[38.776s][info][gc,stats    ]     Exception Caches                  0 us
[38.776s][info][gc,stats    ] Pause Final Roots (G)               133 us
[38.776s][info][gc,stats    ] Pause Final Roots (N)                42 us
[38.776s][info][gc,stats    ] 
[38.776s][info][gc,stats    ] Allocation pacing accrued:
[38.776s][info][gc,stats    ]       0 of   460 ms (  0.0%): <total>
[38.776s][info][gc,stats    ]       0 of   460 ms (  0.0%): <average total>
[38.776s][info][gc,stats    ] 
[38.776s][info][gc,metaspace] Metaspace: 8912K(9152K)->8912K(9152K) NonClass: 7739K(7872K)->7739K(7872K) Class: 1172K(1280K)->1172K(1280K)
[38.776s][info][gc,ergo     ] Pacer for Idle. Initial: 83886K, Alloc Tax Rate: 1.0x
[40.412s][info][gc          ] Trigger: Explicit GC request (System.gc())
[40.412s][info][gc,ergo     ] Free: 968M, Max: 2048K regular, 968M humongous, Frag: 0% external, 0% internal; Reserve: 206M, Max: 2048K
[40.412s][info][gc,start    ] GC(55) Concurrent reset
[40.412s][info][gc,task     ] GC(55) Using 1 of 3 workers for concurrent reset
[40.412s][info][gc,ergo     ] GC(55) Pacer for Reset. Non-Taxable: 4096M
[40.413s][info][gc          ] GC(55) Concurrent reset 0.476ms
[40.413s][info][gc,start    ] GC(55) Pause Init Mark (unload classes)
[40.413s][info][gc,task     ] GC(55) Using 3 of 3 workers for init marking
[40.413s][info][gc,ref      ] GC(55) Clearing All SoftReferences
[40.413s][info][gc,ergo     ] GC(55) Pacer for Mark. Expected Live: 9446K, Free: 968M, Non-Taxable: 99123K, Alloc Tax Rate: 0.0x
[40.413s][info][gc          ] GC(55) Pause Init Mark (unload classes) 0.176ms
[40.413s][info][gc,start    ] GC(55) Concurrent marking roots
[40.413s][info][gc,task     ] GC(55) Using 1 of 3 workers for concurrent marking roots
[40.413s][info][gc          ] GC(55) Concurrent marking roots 0.378ms
[40.413s][info][gc,start    ] GC(55) Concurrent marking (unload classes)
[40.413s][info][gc,task     ] GC(55) Using 1 of 3 workers for concurrent marking
[40.417s][info][gc          ] GC(55) Concurrent marking (unload classes) 3.595ms
[40.417s][info][gc,start    ] GC(55) Pause Final Mark (unload classes)
[40.417s][info][gc,task     ] GC(55) Using 3 of 3 workers for final marking
[40.417s][info][gc,ergo     ] GC(55) Collectable Garbage: 2889M (99%), Immediate: 2889M (99%), CSet: 0B (0%)
[40.418s][info][gc          ] GC(55) Pause Final Mark (unload classes) 0.418ms
[40.418s][info][gc,start    ] GC(55) Concurrent weak references
[40.418s][info][gc,task     ] GC(55) Using 1 of 3 workers for concurrent weak references
[40.418s][info][gc,ref      ] GC(55) Encountered references: Soft: 144, Weak: 702, Final: 0, Phantom: 27
[40.418s][info][gc,ref      ] GC(55) Discovered  references: Soft: 88, Weak: 168, Final: 0, Phantom: 25
[40.418s][info][gc,ref      ] GC(55) Enqueued    references: Soft: 3, Weak: 0, Final: 0, Phantom: 0
[40.418s][info][gc          ] GC(55) Concurrent weak references 0.158ms
[40.418s][info][gc,start    ] GC(55) Concurrent weak roots
[40.418s][info][gc,task     ] GC(55) Using 1 of 3 workers for concurrent weak root
[40.418s][info][gc          ] GC(55) Concurrent weak roots 0.495ms
[40.418s][info][gc,start    ] GC(55) Concurrent cleanup
[40.418s][info][gc          ] GC(55) Concurrent cleanup 2921M->32M(4096M) 0.104ms
[40.418s][info][gc,ergo     ] GC(55) Free: 3858M, Max: 2048K regular, 2720M humongous, Frag: 30% external, 0% internal; Reserve: 206M, Max: 2048K
[40.418s][info][gc,start    ] GC(55) Concurrent class unloading
[40.418s][info][gc,task     ] GC(55) Using 1 of 3 workers for concurrent class unloading
[40.420s][info][gc          ] GC(55) Concurrent class unloading 1.834ms
[40.420s][info][gc,start    ] GC(55) Pause Final Roots
[40.420s][info][gc          ] GC(55) Pause Final Roots 0.020ms
[40.420s][info][gc,ergo     ] Free: 3858M, Max: 2048K regular, 2720M humongous, Frag: 30% external, 0% internal; Reserve: 206M, Max: 2048K
[40.420s][info][gc,stats    ] 
[40.420s][info][gc,stats    ] All times are wall-clock times, except per-root-class counters, that are sum over
[40.420s][info][gc,stats    ] all workers. Dividing the <total> over the root stage time estimates parallelism.
[40.420s][info][gc,stats    ] 
[40.420s][info][gc,stats    ] Concurrent Reset                    524 us
[40.420s][info][gc,stats    ] Pause Init Mark (G)                 291 us
[40.420s][info][gc,stats    ] Pause Init Mark (N)                 198 us
[40.421s][info][gc,stats    ]   Update Region States               48 us
[40.421s][info][gc,stats    ] Concurrent Mark Roots               387 us, parallelism: 0.82x
[40.421s][info][gc,stats    ]   CMR: <total>                      316 us
[40.421s][info][gc,stats    ]   CMR: Thread Roots                 278 us, workers (us): 278, ---, ---, 
[40.421s][info][gc,stats    ]   CMR: VM Strong Roots                4 us, workers (us):   4, ---, ---, 
[40.421s][info][gc,stats    ]   CMR: CLDG Roots                    34 us, workers (us):  34, ---, ---, 
[40.421s][info][gc,stats    ] Concurrent Marking                 3619 us
[40.421s][info][gc,stats    ] Pause Final Mark (G)                497 us
[40.421s][info][gc,stats    ] Pause Final Mark (N)                443 us
[40.421s][info][gc,stats    ]   Finish Mark                       142 us
[40.421s][info][gc,stats    ]   Update Region States               79 us
[40.421s][info][gc,stats    ]   Choose Collection Set              96 us
[40.421s][info][gc,stats    ]   Rebuild Free Set                   20 us
[40.421s][info][gc,stats    ] Concurrent Weak References          165 us, parallelism: 0.08x
[40.421s][info][gc,stats    ]   CWRF: <total>                      13 us
[40.421s][info][gc,stats    ]   CWRF: Weak References              13 us, workers (us):  13, ---, ---, 
[40.421s][info][gc,stats    ] Concurrent Weak Roots               506 us
[40.421s][info][gc,stats    ]   Roots                             387 us, parallelism: 0.91x
[40.421s][info][gc,stats    ]     CWR: <total>                    352 us
[40.421s][info][gc,stats    ]     CWR: Code Cache Roots           288 us, workers (us): 288, ---, ---, 
[40.421s][info][gc,stats    ]     CWR: VM Weak Roots               61 us, workers (us):  61, ---, ---, 
[40.421s][info][gc,stats    ]     CWR: CLDG Roots                   3 us, workers (us):   3, ---, ---, 
[40.421s][info][gc,stats    ]   Rendezvous                         92 us
[40.421s][info][gc,stats    ] Concurrent Cleanup                  112 us
[40.421s][info][gc,stats    ] Concurrent Class Unloading         1862 us
[40.421s][info][gc,stats    ]   Unlink Stale                     1632 us
[40.421s][info][gc,stats    ]     System Dictionary                 2 us
[40.421s][info][gc,stats    ]     Weak Class Links                  0 us
[40.421s][info][gc,stats    ]     Code Roots                     1628 us
[40.421s][info][gc,stats    ]   Rendezvous                         77 us
[40.421s][info][gc,stats    ]   Purge Unlinked                    110 us
[40.421s][info][gc,stats    ]     Code Roots                      105 us
[40.421s][info][gc,stats    ]     CLDG                              4 us
[40.421s][info][gc,stats    ]     Exception Caches                  0 us
[40.421s][info][gc,stats    ] Pause Final Roots (G)                69 us
[40.421s][info][gc,stats    ] Pause Final Roots (N)                28 us
[40.421s][info][gc,stats    ] 
[40.421s][info][gc,stats    ] Allocation pacing accrued:
[40.421s][info][gc,stats    ]       0 of  1645 ms (  0.0%): <total>
[40.421s][info][gc,stats    ]       0 of  1645 ms (  0.0%): <average total>
[40.421s][info][gc,stats    ] 
[40.421s][info][gc,metaspace] Metaspace: 8914K(9152K)->8914K(9152K) NonClass: 7741K(7872K)->7741K(7872K) Class: 1172K(1280K)->1172K(1280K)
[40.421s][info][gc,ergo     ] Pacer for Idle. Initial: 83886K, Alloc Tax Rate: 1.0x
[40.884s][info][gc          ] Trigger: Learning 2 of 5. Free (2858M) is below initial threshold (2867M)
[40.884s][info][gc,ergo     ] Free: 2858M, Max: 2048K regular, 1768M humongous, Frag: 39% external, 0% internal; Reserve: 206M, Max: 2048K
[40.884s][info][gc,start    ] GC(56) Concurrent reset
[40.884s][info][gc,task     ] GC(56) Using 1 of 3 workers for concurrent reset
[40.884s][info][gc,ergo     ] GC(56) Pacer for Reset. Non-Taxable: 4096M
[40.885s][info][gc          ] GC(56) Concurrent reset 0.521ms
[40.885s][info][gc,start    ] GC(56) Pause Init Mark (unload classes)
[40.885s][info][gc,task     ] GC(56) Using 3 of 3 workers for init marking
[40.885s][info][gc,ergo     ] GC(56) Pacer for Mark. Expected Live: 9446K, Free: 2856M, Non-Taxable: 285M, Alloc Tax Rate: 0.0x
[40.885s][info][gc          ] GC(56) Pause Init Mark (unload classes) 0.176ms
[40.885s][info][gc,start    ] GC(56) Concurrent marking roots
[40.885s][info][gc,task     ] GC(56) Using 1 of 3 workers for concurrent marking roots
[40.886s][info][gc          ] GC(56) Concurrent marking roots 0.648ms
[40.886s][info][gc,start    ] GC(56) Concurrent marking (unload classes)
[40.886s][info][gc,task     ] GC(56) Using 1 of 3 workers for concurrent marking
[40.894s][info][gc          ] GC(56) Concurrent marking (unload classes) 8.075ms
[40.894s][info][gc,start    ] GC(56) Pause Final Mark (unload classes)
[40.894s][info][gc,task     ] GC(56) Using 3 of 3 workers for final marking
[40.894s][info][gc,ergo     ] GC(56) Collectable Garbage: 980M (95%), Immediate: 980M (95%), CSet: 0B (0%)
[40.894s][info][gc          ] GC(56) Pause Final Mark (unload classes) 0.222ms
[40.894s][info][gc,start    ] GC(56) Concurrent weak references
[40.894s][info][gc,task     ] GC(56) Using 1 of 3 workers for concurrent weak references
[40.894s][info][gc,ref      ] GC(56) Encountered references: Soft: 144, Weak: 702, Final: 0, Phantom: 27
[40.894s][info][gc,ref      ] GC(56) Discovered  references: Soft: 0, Weak: 150, Final: 0, Phantom: 12
[40.894s][info][gc,ref      ] GC(56) Enqueued    references: Soft: 0, Weak: 0, Final: 0, Phantom: 0
[40.894s][info][gc          ] GC(56) Concurrent weak references 0.166ms
[40.894s][info][gc,start    ] GC(56) Concurrent weak roots
[40.894s][info][gc,task     ] GC(56) Using 1 of 3 workers for concurrent weak root
[40.895s][info][gc          ] GC(56) Concurrent weak roots 0.615ms
[40.895s][info][gc,start    ] GC(56) Concurrent cleanup
[40.895s][info][gc          ] GC(56) Concurrent cleanup 1054M->74M(4096M) 0.043ms
[40.895s][info][gc,ergo     ] GC(56) Free: 3816M, Max: 2048K regular, 1746M humongous, Frag: 55% external, 0% internal; Reserve: 206M, Max: 2048K
[40.895s][info][gc,start    ] GC(56) Concurrent class unloading
[40.895s][info][gc,task     ] GC(56) Using 1 of 3 workers for concurrent class unloading
[40.897s][info][gc          ] GC(56) Concurrent class unloading 1.973ms
[40.897s][info][gc,start    ] GC(56) Pause Final Roots
[40.897s][info][gc          ] GC(56) Pause Final Roots 0.039ms
[40.897s][info][gc,ergo     ] Free: 3812M, Max: 2048K regular, 1746M humongous, Frag: 55% external, 0% internal; Reserve: 206M, Max: 2048K
[40.897s][info][gc,stats    ] 
[40.897s][info][gc,stats    ] All times are wall-clock times, except per-root-class counters, that are sum over
[40.897s][info][gc,stats    ] all workers. Dividing the <total> over the root stage time estimates parallelism.
[40.897s][info][gc,stats    ] 
[40.897s][info][gc,stats    ] Concurrent Reset                    575 us
[40.897s][info][gc,stats    ] Pause Init Mark (G)                 329 us
[40.897s][info][gc,stats    ] Pause Init Mark (N)                 193 us
[40.897s][info][gc,stats    ]   Update Region States               73 us
[40.897s][info][gc,stats    ] Concurrent Mark Roots               665 us, parallelism: 0.82x
[40.897s][info][gc,stats    ]   CMR: <total>                      547 us
[40.898s][info][gc,stats    ]   CMR: Thread Roots                 478 us, workers (us): 478, ---, ---, 
[40.898s][info][gc,stats    ]   CMR: VM Strong Roots                7 us, workers (us):   7, ---, ---, 
[40.898s][info][gc,stats    ]   CMR: CLDG Roots                    63 us, workers (us):  63, ---, ---, 
[40.898s][info][gc,stats    ] Concurrent Marking                 8133 us
[40.898s][info][gc,stats    ] Pause Final Mark (G)                337 us
[40.898s][info][gc,stats    ] Pause Final Mark (N)                230 us
[40.898s][info][gc,stats    ]   Finish Mark                        85 us
[40.898s][info][gc,stats    ]   Update Region States               57 us
[40.898s][info][gc,stats    ]   Choose Collection Set              42 us
[40.898s][info][gc,stats    ]   Rebuild Free Set                    7 us
[40.898s][info][gc,stats    ] Concurrent Weak References          182 us, parallelism: 0.02x
[40.898s][info][gc,stats    ]   CWRF: <total>                       4 us
[40.898s][info][gc,stats    ]   CWRF: Weak References               4 us, workers (us):   4, ---, ---, 
[40.898s][info][gc,stats    ] Concurrent Weak Roots               633 us
[40.898s][info][gc,stats    ]   Roots                             501 us, parallelism: 0.89x
[40.898s][info][gc,stats    ]     CWR: <total>                    446 us
[40.898s][info][gc,stats    ]     CWR: Code Cache Roots           376 us, workers (us): 376, ---, ---, 
[40.898s][info][gc,stats    ]     CWR: VM Weak Roots               64 us, workers (us):  64, ---, ---, 
[40.898s][info][gc,stats    ]     CWR: CLDG Roots                   5 us, workers (us):   5, ---, ---, 
[40.898s][info][gc,stats    ]   Rendezvous                         82 us
[40.898s][info][gc,stats    ] Concurrent Cleanup                   51 us
[40.898s][info][gc,stats    ] Concurrent Class Unloading         2023 us
[40.898s][info][gc,stats    ]   Unlink Stale                     1612 us
[40.898s][info][gc,stats    ]     System Dictionary                 3 us
[40.898s][info][gc,stats    ]     Weak Class Links                  0 us
[40.898s][info][gc,stats    ]     Code Roots                     1608 us
[40.898s][info][gc,stats    ]   Rendezvous                        201 us
[40.898s][info][gc,stats    ]   Purge Unlinked                    142 us
[40.898s][info][gc,stats    ]     Code Roots                      132 us
[40.898s][info][gc,stats    ]     CLDG                              9 us
[40.898s][info][gc,stats    ]     Exception Caches                  0 us
[40.898s][info][gc,stats    ] Pause Final Roots (G)               170 us
[40.898s][info][gc,stats    ] Pause Final Roots (N)                57 us
[40.898s][info][gc,stats    ] 
[40.898s][info][gc,stats    ] Allocation pacing accrued:
[40.898s][info][gc,stats    ]       0 of   477 ms (  0.0%): <total>
[40.898s][info][gc,stats    ]       0 of   477 ms (  0.0%): <average total>
[40.898s][info][gc,stats    ] 
[40.898s][info][gc,metaspace] Metaspace: 8915K(9152K)->8915K(9152K) NonClass: 7742K(7872K)->7742K(7872K) Class: 1172K(1280K)->1172K(1280K)
[40.898s][info][gc,ergo     ] Pacer for Idle. Initial: 83886K, Alloc Tax Rate: 1.0x
[41.354s][info][gc          ] Trigger: Learning 3 of 5. Free (2850M) is below initial threshold (2867M)
[41.354s][info][gc,ergo     ] Free: 2850M, Max: 2048K regular, 1746M humongous, Frag: 39% external, 0% internal; Reserve: 206M, Max: 2048K
[41.354s][info][gc,start    ] GC(57) Concurrent reset
[41.354s][info][gc,task     ] GC(57) Using 1 of 3 workers for concurrent reset
[41.354s][info][gc,ergo     ] GC(57) Pacer for Reset. Non-Taxable: 4096M
[41.355s][info][gc          ] GC(57) Concurrent reset 0.413ms
[41.355s][info][gc,start    ] GC(57) Pause Init Mark (unload classes)
[41.355s][info][gc,task     ] GC(57) Using 3 of 3 workers for init marking
[41.355s][info][gc,ergo     ] GC(57) Pacer for Mark. Expected Live: 9458K, Free: 2850M, Non-Taxable: 285M, Alloc Tax Rate: 0.0x
[41.355s][info][gc          ] GC(57) Pause Init Mark (unload classes) 0.157ms
[41.355s][info][gc,start    ] GC(57) Concurrent marking roots
[41.355s][info][gc,task     ] GC(57) Using 1 of 3 workers for concurrent marking roots
[41.356s][info][gc          ] GC(57) Concurrent marking roots 0.431ms
[41.356s][info][gc,start    ] GC(57) Concurrent marking (unload classes)
[41.356s][info][gc,task     ] GC(57) Using 1 of 3 workers for concurrent marking
[41.368s][info][gc          ] GC(57) Concurrent marking (unload classes) 12.790ms
[41.369s][info][gc,start    ] GC(57) Pause Final Mark (unload classes)
[41.369s][info][gc,task     ] GC(57) Using 3 of 3 workers for final marking
[41.369s][info][gc,ergo     ] GC(57) Collectable Garbage: 980M (95%), Immediate: 980M (95%), CSet: 0B (0%)
[41.369s][info][gc          ] GC(57) Pause Final Mark (unload classes) 0.356ms
[41.369s][info][gc,start    ] GC(57) Concurrent weak references
[41.369s][info][gc,task     ] GC(57) Using 1 of 3 workers for concurrent weak references
[41.369s][info][gc,ref      ] GC(57) Encountered references: Soft: 144, Weak: 702, Final: 0, Phantom: 27
[41.369s][info][gc,ref      ] GC(57) Discovered  references: Soft: 0, Weak: 150, Final: 0, Phantom: 25
[41.369s][info][gc,ref      ] GC(57) Enqueued    references: Soft: 0, Weak: 0, Final: 0, Phantom: 0
[41.369s][info][gc          ] GC(57) Concurrent weak references 0.149ms
[41.369s][info][gc,start    ] GC(57) Concurrent weak roots
[41.369s][info][gc,task     ] GC(57) Using 1 of 3 workers for concurrent weak root
[41.370s][info][gc          ] GC(57) Concurrent weak roots 0.564ms
[41.370s][info][gc,start    ] GC(57) Concurrent cleanup
[41.370s][info][gc          ] GC(57) Concurrent cleanup 1068M->88M(4096M) 0.043ms
[41.370s][info][gc,ergo     ] GC(57) Free: 3802M, Max: 2048K regular, 1730M humongous, Frag: 55% external, 0% internal; Reserve: 206M, Max: 2048K
[41.370s][info][gc,start    ] GC(57) Concurrent class unloading
[41.370s][info][gc,task     ] GC(57) Using 1 of 3 workers for concurrent class unloading
[41.372s][info][gc          ] GC(57) Concurrent class unloading 1.896ms
[41.372s][info][gc,start    ] GC(57) Pause Final Roots
[41.372s][info][gc          ] GC(57) Pause Final Roots 0.046ms
[41.372s][info][gc,ergo     ] Free: 3798M, Max: 2048K regular, 1730M humongous, Frag: 55% external, 0% internal; Reserve: 206M, Max: 2048K
[41.372s][info][gc,stats    ] 
[41.372s][info][gc,stats    ] All times are wall-clock times, except per-root-class counters, that are sum over
[41.372s][info][gc,stats    ] all workers. Dividing the <total> over the root stage time estimates parallelism.
[41.372s][info][gc,stats    ] 
[41.372s][info][gc,stats    ] Concurrent Reset                    454 us
[41.372s][info][gc,stats    ] Pause Init Mark (G)                 333 us
[41.372s][info][gc,stats    ] Pause Init Mark (N)                 174 us
[41.372s][info][gc,stats    ]   Update Region States               70 us
[41.372s][info][gc,stats    ] Concurrent Mark Roots               449 us, parallelism: 0.73x
[41.372s][info][gc,stats    ]   CMR: <total>                      328 us
[41.372s][info][gc,stats    ]   CMR: Thread Roots                 288 us, workers (us): 288, ---, ---, 
[41.372s][info][gc,stats    ]   CMR: VM Strong Roots                5 us, workers (us):   5, ---, ---, 
[41.372s][info][gc,stats    ]   CMR: CLDG Roots                    35 us, workers (us):  35, ---, ---, 
[41.372s][info][gc,stats    ] Concurrent Marking                12858 us
[41.372s][info][gc,stats    ] Pause Final Mark (G)                510 us
[41.372s][info][gc,stats    ] Pause Final Mark (N)                375 us
[41.372s][info][gc,stats    ]   Finish Mark                       121 us
[41.372s][info][gc,stats    ]   Update Region States               90 us
[41.372s][info][gc,stats    ]   Choose Collection Set              64 us
[41.372s][info][gc,stats    ]   Rebuild Free Set                   17 us
[41.372s][info][gc,stats    ] Concurrent Weak References          165 us, parallelism: 0.05x
[41.372s][info][gc,stats    ]   CWRF: <total>                       8 us
[41.372s][info][gc,stats    ]   CWRF: Weak References               8 us, workers (us):   8, ---, ---, 
[41.372s][info][gc,stats    ] Concurrent Weak Roots               584 us
[41.372s][info][gc,stats    ]   Roots                             450 us, parallelism: 0.88x
[41.372s][info][gc,stats    ]     CWR: <total>                    396 us
[41.372s][info][gc,stats    ]     CWR: Code Cache Roots           327 us, workers (us): 327, ---, ---, 
[41.372s][info][gc,stats    ]     CWR: VM Weak Roots               65 us, workers (us):  65, ---, ---, 
[41.372s][info][gc,stats    ]     CWR: CLDG Roots                   5 us, workers (us):   5, ---, ---, 
[41.372s][info][gc,stats    ]   Rendezvous                         83 us
[41.372s][info][gc,stats    ] Concurrent Cleanup                   51 us
[41.373s][info][gc,stats    ] Concurrent Class Unloading         1964 us
[41.373s][info][gc,stats    ]   Unlink Stale                     1664 us
[41.373s][info][gc,stats    ]     System Dictionary                 3 us
[41.373s][info][gc,stats    ]     Weak Class Links                  0 us
[41.373s][info][gc,stats    ]     Code Roots                     1659 us
[41.373s][info][gc,stats    ]   Rendezvous                        104 us
[41.373s][info][gc,stats    ]   Purge Unlinked                    108 us
[41.373s][info][gc,stats    ]     Code Roots                       99 us
[41.373s][info][gc,stats    ]     CLDG                              8 us
[41.373s][info][gc,stats    ]     Exception Caches                  0 us
[41.373s][info][gc,stats    ] Pause Final Roots (G)               191 us
[41.373s][info][gc,stats    ] Pause Final Roots (N)                64 us
[41.373s][info][gc,stats    ] 
[41.373s][info][gc,stats    ] Allocation pacing accrued:
[41.373s][info][gc,stats    ]       0 of   475 ms (  0.0%): <total>
[41.373s][info][gc,stats    ]       0 of   475 ms (  0.0%): <average total>
[41.373s][info][gc,stats    ] 
[41.373s][info][gc,metaspace] Metaspace: 8915K(9152K)->8915K(9152K) NonClass: 7742K(7872K)->7742K(7872K) Class: 1172K(1280K)->1172K(1280K)
[41.373s][info][gc,ergo     ] Pacer for Idle. Initial: 83886K, Alloc Tax Rate: 1.0x
[41.825s][info][gc          ] Trigger: Learning 4 of 5. Free (2840M) is below initial threshold (2867M)
[41.825s][info][gc,ergo     ] Free: 2840M, Max: 2048K regular, 1730M humongous, Frag: 40% external, 0% internal; Reserve: 206M, Max: 2048K
[41.825s][info][gc,start    ] GC(58) Concurrent reset
[41.825s][info][gc,task     ] GC(58) Using 1 of 3 workers for concurrent reset
[41.825s][info][gc,ergo     ] GC(58) Pacer for Reset. Non-Taxable: 4096M
[41.825s][info][gc          ] GC(58) Concurrent reset 0.597ms
[41.826s][info][gc,start    ] GC(58) Pause Init Mark (unload classes)
[41.826s][info][gc,task     ] GC(58) Using 3 of 3 workers for init marking
[41.826s][info][gc,ergo     ] GC(58) Pacer for Mark. Expected Live: 9456K, Free: 2838M, Non-Taxable: 283M, Alloc Tax Rate: 0.0x
[41.826s][info][gc          ] GC(58) Pause Init Mark (unload classes) 0.172ms
[41.826s][info][gc,start    ] GC(58) Concurrent marking roots
[41.826s][info][gc,task     ] GC(58) Using 1 of 3 workers for concurrent marking roots
[41.826s][info][gc          ] GC(58) Concurrent marking roots 0.670ms
[41.826s][info][gc,start    ] GC(58) Concurrent marking (unload classes)
[41.826s][info][gc,task     ] GC(58) Using 1 of 3 workers for concurrent marking
[41.844s][info][gc          ] GC(58) Concurrent marking (unload classes) 17.066ms
[41.844s][info][gc,start    ] GC(58) Pause Final Mark (unload classes)
[41.844s][info][gc,task     ] GC(58) Using 3 of 3 workers for final marking
[41.844s][info][gc,ergo     ] GC(58) Collectable Garbage: 978M (94%), Immediate: 978M (94%), CSet: 0B (0%)
[41.844s][info][gc          ] GC(58) Pause Final Mark (unload classes) 0.243ms
[41.844s][info][gc,start    ] GC(58) Concurrent weak references
[41.844s][info][gc,task     ] GC(58) Using 1 of 3 workers for concurrent weak references
[41.844s][info][gc,ref      ] GC(58) Encountered references: Soft: 144, Weak: 702, Final: 0, Phantom: 27
[41.844s][info][gc,ref      ] GC(58) Discovered  references: Soft: 0, Weak: 150, Final: 0, Phantom: 12
[41.844s][info][gc,ref      ] GC(58) Enqueued    references: Soft: 0, Weak: 0, Final: 0, Phantom: 0
[41.844s][info][gc          ] GC(58) Concurrent weak references 0.133ms
[41.844s][info][gc,start    ] GC(58) Concurrent weak roots
[41.844s][info][gc,task     ] GC(58) Using 1 of 3 workers for concurrent weak root
[41.845s][info][gc          ] GC(58) Concurrent weak roots 0.556ms
[41.845s][info][gc,start    ] GC(58) Concurrent cleanup
[41.845s][info][gc          ] GC(58) Concurrent cleanup 1090M->112M(4096M) 0.044ms
[41.845s][info][gc,ergo     ] GC(58) Free: 3778M, Max: 2048K regular, 1708M humongous, Frag: 55% external, 0% internal; Reserve: 206M, Max: 2048K
[41.845s][info][gc,start    ] GC(58) Concurrent class unloading
[41.845s][info][gc,task     ] GC(58) Using 1 of 3 workers for concurrent class unloading
[41.847s][info][gc          ] GC(58) Concurrent class unloading 2.002ms
[41.847s][info][gc,start    ] GC(58) Pause Final Roots
[41.847s][info][gc          ] GC(58) Pause Final Roots 0.022ms
[41.847s][info][gc,ergo     ] Free: 3774M, Max: 2048K regular, 1708M humongous, Frag: 55% external, 0% internal; Reserve: 206M, Max: 2048K
[41.847s][info][gc,stats    ] 
[41.847s][info][gc,stats    ] All times are wall-clock times, except per-root-class counters, that are sum over
[41.847s][info][gc,stats    ] all workers. Dividing the <total> over the root stage time estimates parallelism.
[41.847s][info][gc,stats    ] 
[41.847s][info][gc,stats    ] Concurrent Reset                    664 us
[41.847s][info][gc,stats    ] Pause Init Mark (G)                 317 us
[41.847s][info][gc,stats    ] Pause Init Mark (N)                 189 us
[41.847s][info][gc,stats    ]   Update Region States               68 us
[41.847s][info][gc,stats    ] Concurrent Mark Roots               688 us, parallelism: 0.83x
[41.847s][info][gc,stats    ]   CMR: <total>                      569 us
[41.847s][info][gc,stats    ]   CMR: Thread Roots                 497 us, workers (us): 497, ---, ---, 
[41.847s][info][gc,stats    ]   CMR: VM Strong Roots                6 us, workers (us):   6, ---, ---, 
[41.847s][info][gc,stats    ]   CMR: CLDG Roots                    65 us, workers (us):  65, ---, ---, 
[41.847s][info][gc,stats    ] Concurrent Marking                17133 us
[41.847s][info][gc,stats    ] Pause Final Mark (G)                350 us
[41.847s][info][gc,stats    ] Pause Final Mark (N)                252 us
[41.847s][info][gc,stats    ]   Finish Mark                        85 us
[41.847s][info][gc,stats    ]   Update Region States               59 us
[41.847s][info][gc,stats    ]   Choose Collection Set              40 us
[41.847s][info][gc,stats    ]   Rebuild Free Set                    8 us
[41.847s][info][gc,stats    ] Concurrent Weak References          141 us, parallelism: 0.04x
[41.847s][info][gc,stats    ]   CWRF: <total>                       5 us
[41.847s][info][gc,stats    ]   CWRF: Weak References               5 us, workers (us):   5, ---, ---, 
[41.847s][info][gc,stats    ] Concurrent Weak Roots               576 us
[41.847s][info][gc,stats    ]   Roots                             452 us, parallelism: 0.90x
[41.847s][info][gc,stats    ]     CWR: <total>                    406 us
[41.847s][info][gc,stats    ]     CWR: Code Cache Roots           335 us, workers (us): 335, ---, ---, 
[41.847s][info][gc,stats    ]     CWR: VM Weak Roots               66 us, workers (us):  66, ---, ---, 
[41.847s][info][gc,stats    ]     CWR: CLDG Roots                   5 us, workers (us):   5, ---, ---, 
[41.847s][info][gc,stats    ]   Rendezvous                         88 us
[41.847s][info][gc,stats    ] Concurrent Cleanup                   52 us
[41.847s][info][gc,stats    ] Concurrent Class Unloading         2050 us
[41.847s][info][gc,stats    ]   Unlink Stale                     1621 us
[41.847s][info][gc,stats    ]     System Dictionary                 3 us
[41.847s][info][gc,stats    ]     Weak Class Links                  0 us
[41.848s][info][gc,stats    ]     Code Roots                     1618 us
[41.848s][info][gc,stats    ]   Rendezvous                        125 us
[41.848s][info][gc,stats    ]   Purge Unlinked                    238 us
[41.848s][info][gc,stats    ]     Code Roots                      229 us
[41.848s][info][gc,stats    ]     CLDG                              9 us
[41.848s][info][gc,stats    ]     Exception Caches                  0 us
[41.848s][info][gc,stats    ] Pause Final Roots (G)               118 us
[41.848s][info][gc,stats    ] Pause Final Roots (N)                30 us
[41.848s][info][gc,stats    ] 
[41.848s][info][gc,stats    ] Allocation pacing accrued:
[41.848s][info][gc,stats    ]       0 of   475 ms (  0.0%): <total>
[41.848s][info][gc,stats    ]       0 of   475 ms (  0.0%): <average total>
[41.848s][info][gc,stats    ] 
[41.848s][info][gc,metaspace] Metaspace: 8915K(9152K)->8915K(9152K) NonClass: 7742K(7872K)->7742K(7872K) Class: 1172K(1280K)->1172K(1280K)
[41.848s][info][gc,ergo     ] Pacer for Idle. Initial: 83886K, Alloc Tax Rate: 1.0x
[42.280s][info][gc          ] Trigger: Learning 5 of 5. Free (2844M) is below initial threshold (2867M)
[42.280s][info][gc,ergo     ] Free: 2844M, Max: 2048K regular, 1708M humongous, Frag: 40% external, 0% internal; Reserve: 206M, Max: 2048K
[42.280s][info][gc,start    ] GC(59) Concurrent reset
[42.280s][info][gc,task     ] GC(59) Using 1 of 3 workers for concurrent reset
[42.280s][info][gc,ergo     ] GC(59) Pacer for Reset. Non-Taxable: 4096M
[42.281s][info][gc          ] GC(59) Concurrent reset 0.572ms
[42.281s][info][gc,start    ] GC(59) Pause Init Mark (unload classes)
[42.281s][info][gc,task     ] GC(59) Using 3 of 3 workers for init marking
[42.281s][info][gc,ergo     ] GC(59) Pacer for Mark. Expected Live: 9459K, Free: 2844M, Non-Taxable: 284M, Alloc Tax Rate: 0.0x
[42.281s][info][gc          ] GC(59) Pause Init Mark (unload classes) 0.162ms
[42.281s][info][gc,start    ] GC(59) Concurrent marking roots
[42.281s][info][gc,task     ] GC(59) Using 1 of 3 workers for concurrent marking roots
[42.281s][info][gc          ] GC(59) Concurrent marking roots 0.444ms
[42.282s][info][gc,start    ] GC(59) Concurrent marking (unload classes)
[42.282s][info][gc,task     ] GC(59) Using 1 of 3 workers for concurrent marking
[42.303s][info][gc          ] GC(59) Concurrent marking (unload classes) 21.203ms
[42.303s][info][gc,start    ] GC(59) Pause Final Mark (unload classes)
[42.303s][info][gc,task     ] GC(59) Using 3 of 3 workers for final marking
[42.303s][info][gc,ergo     ] GC(59) Collectable Garbage: 972M (94%), Immediate: 972M (94%), CSet: 0B (0%)
[42.303s][info][gc          ] GC(59) Pause Final Mark (unload classes) 0.325ms
[42.303s][info][gc,start    ] GC(59) Concurrent weak references
[42.303s][info][gc,task     ] GC(59) Using 1 of 3 workers for concurrent weak references
[42.303s][info][gc,ref      ] GC(59) Encountered references: Soft: 144, Weak: 702, Final: 0, Phantom: 27
[42.303s][info][gc,ref      ] GC(59) Discovered  references: Soft: 0, Weak: 150, Final: 0, Phantom: 25
[42.303s][info][gc,ref      ] GC(59) Enqueued    references: Soft: 0, Weak: 0, Final: 0, Phantom: 0
[42.303s][info][gc          ] GC(59) Concurrent weak references 0.112ms
[42.303s][info][gc,start    ] GC(59) Concurrent weak roots
[42.303s][info][gc,task     ] GC(59) Using 1 of 3 workers for concurrent weak root
[42.304s][info][gc          ] GC(59) Concurrent weak roots 0.549ms
[42.304s][info][gc,start    ] GC(59) Concurrent cleanup
[42.304s][info][gc          ] GC(59) Concurrent cleanup 1092M->120M(4096M) 0.043ms
[42.304s][info][gc,ergo     ] GC(59) Free: 3770M, Max: 2048K regular, 1706M humongous, Frag: 55% external, 0% internal; Reserve: 206M, Max: 2048K
[42.304s][info][gc,start    ] GC(59) Concurrent class unloading
[42.304s][info][gc,task     ] GC(59) Using 1 of 3 workers for concurrent class unloading
[42.306s][info][gc          ] GC(59) Concurrent class unloading 2.026ms
[42.306s][info][gc,start    ] GC(59) Pause Final Roots
[42.306s][info][gc          ] GC(59) Pause Final Roots 0.023ms
[42.306s][info][gc,ergo     ] Free: 3766M, Max: 2048K regular, 1706M humongous, Frag: 55% external, 0% internal; Reserve: 206M, Max: 2048K
[42.306s][info][gc,stats    ] 
[42.306s][info][gc,stats    ] All times are wall-clock times, except per-root-class counters, that are sum over
[42.306s][info][gc,stats    ] all workers. Dividing the <total> over the root stage time estimates parallelism.
[42.306s][info][gc,stats    ] 
[42.306s][info][gc,stats    ] Concurrent Reset                    632 us
[42.306s][info][gc,stats    ] Pause Init Mark (G)                 352 us
[42.306s][info][gc,stats    ] Pause Init Mark (N)                 179 us
[42.306s][info][gc,stats    ]   Update Region States               67 us
[42.306s][info][gc,stats    ] Concurrent Mark Roots               462 us, parallelism: 0.72x
[42.306s][info][gc,stats    ]   CMR: <total>                      332 us
[42.306s][info][gc,stats    ]   CMR: Thread Roots                 291 us, workers (us): 291, ---, ---, 
[42.306s][info][gc,stats    ]   CMR: VM Strong Roots                5 us, workers (us):   5, ---, ---, 
[42.306s][info][gc,stats    ]   CMR: CLDG Roots                    36 us, workers (us):  36, ---, ---, 
[42.306s][info][gc,stats    ] Concurrent Marking                21271 us
[42.306s][info][gc,stats    ] Pause Final Mark (G)                477 us
[42.306s][info][gc,stats    ] Pause Final Mark (N)                344 us
[42.306s][info][gc,stats    ]   Finish Mark                       109 us
[42.306s][info][gc,stats    ]   Update Region States               69 us
[42.306s][info][gc,stats    ]   Choose Collection Set              60 us
[42.306s][info][gc,stats    ]   Rebuild Free Set                   17 us
[42.306s][info][gc,stats    ] Concurrent Weak References          119 us, parallelism: 0.07x
[42.306s][info][gc,stats    ]   CWRF: <total>                       8 us
[42.306s][info][gc,stats    ]   CWRF: Weak References               8 us, workers (us):   8, ---, ---, 
[42.306s][info][gc,stats    ] Concurrent Weak Roots               568 us
[42.306s][info][gc,stats    ]   Roots                             452 us, parallelism: 0.89x
[42.307s][info][gc,stats    ]     CWR: <total>                    400 us
[42.307s][info][gc,stats    ]     CWR: Code Cache Roots           333 us, workers (us): 333, ---, ---, 
[42.307s][info][gc,stats    ]     CWR: VM Weak Roots               61 us, workers (us):  61, ---, ---, 
[42.307s][info][gc,stats    ]     CWR: CLDG Roots                   6 us, workers (us):   6, ---, ---, 
[42.307s][info][gc,stats    ]   Rendezvous                         82 us
[42.307s][info][gc,stats    ] Concurrent Cleanup                   52 us
[42.307s][info][gc,stats    ] Concurrent Class Unloading         2075 us
[42.307s][info][gc,stats    ]   Unlink Stale                     1861 us
[42.307s][info][gc,stats    ]     System Dictionary                 2 us
[42.307s][info][gc,stats    ]     Weak Class Links                  0 us
[42.307s][info][gc,stats    ]     Code Roots                     1857 us
[42.307s][info][gc,stats    ]   Rendezvous                         52 us
[42.307s][info][gc,stats    ]   Purge Unlinked                     94 us
[42.307s][info][gc,stats    ]     Code Roots                       84 us
[42.307s][info][gc,stats    ]     CLDG                              9 us
[42.307s][info][gc,stats    ]     Exception Caches                  0 us
[42.307s][info][gc,stats    ] Pause Final Roots (G)               130 us
[42.307s][info][gc,stats    ] Pause Final Roots (N)                31 us
[42.307s][info][gc,stats    ] 
[42.307s][info][gc,stats    ] Allocation pacing accrued:
[42.307s][info][gc,stats    ]       0 of   459 ms (  0.0%): <total>
[42.307s][info][gc,stats    ]       0 of   459 ms (  0.0%): <average total>
[42.307s][info][gc,stats    ] 
[42.307s][info][gc,metaspace] Metaspace: 8915K(9152K)->8915K(9152K) NonClass: 7742K(7872K)->7742K(7872K) Class: 1172K(1280K)->1172K(1280K)
[42.307s][info][gc,ergo     ] Pacer for Idle. Initial: 83886K, Alloc Tax Rate: 1.0x
[43.944s][info][gc          ] Trigger: Explicit GC request (System.gc())
[43.944s][info][gc,ergo     ] Free: 962M, Max: 2048K regular, 962M humongous, Frag: 0% external, 0% internal; Reserve: 206M, Max: 2048K
[43.944s][info][gc,start    ] GC(60) Concurrent reset
[43.944s][info][gc,task     ] GC(60) Using 1 of 3 workers for concurrent reset
[43.944s][info][gc,ergo     ] GC(60) Pacer for Reset. Non-Taxable: 4096M
[43.944s][info][gc          ] GC(60) Concurrent reset 0.620ms
[43.945s][info][gc,start    ] GC(60) Pause Init Mark (unload classes)
[43.945s][info][gc,task     ] GC(60) Using 3 of 3 workers for init marking
[43.945s][info][gc,ref      ] GC(60) Clearing All SoftReferences
[43.945s][info][gc,ergo     ] GC(60) Pacer for Mark. Expected Live: 9458K, Free: 962M, Non-Taxable: 98508K, Alloc Tax Rate: 0.0x
[43.945s][info][gc          ] GC(60) Pause Init Mark (unload classes) 0.217ms
[43.945s][info][gc,start    ] GC(60) Concurrent marking roots
[43.945s][info][gc,task     ] GC(60) Using 1 of 3 workers for concurrent marking roots
[43.945s][info][gc          ] GC(60) Concurrent marking roots 0.403ms
[43.945s][info][gc,start    ] GC(60) Concurrent marking (unload classes)
[43.945s][info][gc,task     ] GC(60) Using 1 of 3 workers for concurrent marking
[43.949s][info][gc          ] GC(60) Concurrent marking (unload classes) 4.048ms
[43.949s][info][gc,start    ] GC(60) Pause Final Mark (unload classes)
[43.949s][info][gc,task     ] GC(60) Using 3 of 3 workers for final marking
[43.950s][info][gc,ergo     ] GC(60) Collectable Garbage: 2896M (99%), Immediate: 2896M (99%), CSet: 0B (0%)
[43.950s][info][gc          ] GC(60) Pause Final Mark (unload classes) 0.424ms
[43.950s][info][gc,start    ] GC(60) Concurrent weak references
[43.950s][info][gc,task     ] GC(60) Using 1 of 3 workers for concurrent weak references
[43.950s][info][gc,ref      ] GC(60) Encountered references: Soft: 144, Weak: 702, Final: 0, Phantom: 27
[43.950s][info][gc,ref      ] GC(60) Discovered  references: Soft: 88, Weak: 168, Final: 0, Phantom: 25
[43.950s][info][gc,ref      ] GC(60) Enqueued    references: Soft: 3, Weak: 0, Final: 0, Phantom: 0
[43.950s][info][gc          ] GC(60) Concurrent weak references 0.253ms
[43.950s][info][gc,start    ] GC(60) Concurrent weak roots
[43.950s][info][gc,task     ] GC(60) Using 1 of 3 workers for concurrent weak root
[43.951s][info][gc          ] GC(60) Concurrent weak roots 0.610ms
[43.951s][info][gc,start    ] GC(60) Concurrent cleanup
[43.951s][info][gc          ] GC(60) Concurrent cleanup 2928M->32M(4096M) 0.104ms
[43.951s][info][gc,ergo     ] GC(60) Free: 3858M, Max: 2048K regular, 2720M humongous, Frag: 30% external, 0% internal; Reserve: 206M, Max: 2048K
[43.951s][info][gc,start    ] GC(60) Concurrent class unloading
[43.951s][info][gc,task     ] GC(60) Using 1 of 3 workers for concurrent class unloading
[43.953s][info][gc          ] GC(60) Concurrent class unloading 1.978ms
[43.953s][info][gc,start    ] GC(60) Pause Final Roots
[43.953s][info][gc          ] GC(60) Pause Final Roots 0.046ms
[43.953s][info][gc,ergo     ] Free: 3858M, Max: 2048K regular, 2720M humongous, Frag: 30% external, 0% internal; Reserve: 206M, Max: 2048K
[43.953s][info][gc,stats    ] 
[43.953s][info][gc,stats    ] All times are wall-clock times, except per-root-class counters, that are sum over
[43.953s][info][gc,stats    ] all workers. Dividing the <total> over the root stage time estimates parallelism.
[43.953s][info][gc,stats    ] 
[43.953s][info][gc,stats    ] Concurrent Reset                    671 us
[43.953s][info][gc,stats    ] Pause Init Mark (G)                 349 us
[43.953s][info][gc,stats    ] Pause Init Mark (N)                 238 us
[43.953s][info][gc,stats    ]   Update Region States               75 us
[43.953s][info][gc,stats    ] Concurrent Mark Roots               422 us, parallelism: 0.75x
[43.953s][info][gc,stats    ]   CMR: <total>                      317 us
[43.953s][info][gc,stats    ]   CMR: Thread Roots                 276 us, workers (us): 276, ---, ---, 
[43.953s][info][gc,stats    ]   CMR: VM Strong Roots                5 us, workers (us):   5, ---, ---, 
[43.953s][info][gc,stats    ]   CMR: CLDG Roots                    36 us, workers (us):  36, ---, ---, 
[43.953s][info][gc,stats    ] Concurrent Marking                 4103 us
[43.953s][info][gc,stats    ] Pause Final Mark (G)                570 us
[43.953s][info][gc,stats    ] Pause Final Mark (N)                448 us
[43.953s][info][gc,stats    ]   Finish Mark                       121 us
[43.953s][info][gc,stats    ]   Update Region States              110 us
[43.953s][info][gc,stats    ]   Choose Collection Set              92 us
[43.953s][info][gc,stats    ]   Rebuild Free Set                   20 us
[43.953s][info][gc,stats    ] Concurrent Weak References          269 us, parallelism: 0.06x
[43.953s][info][gc,stats    ]   CWRF: <total>                      16 us
[43.953s][info][gc,stats    ]   CWRF: Weak References              16 us, workers (us):  16, ---, ---, 
[43.953s][info][gc,stats    ] Concurrent Weak Roots               629 us
[43.953s][info][gc,stats    ]   Roots                             470 us, parallelism: 0.88x
[43.953s][info][gc,stats    ]     CWR: <total>                    414 us
[43.953s][info][gc,stats    ]     CWR: Code Cache Roots           343 us, workers (us): 343, ---, ---, 
[43.954s][info][gc,stats    ]     CWR: VM Weak Roots               65 us, workers (us):  65, ---, ---, 
[43.954s][info][gc,stats    ]     CWR: CLDG Roots                   6 us, workers (us):   6, ---, ---, 
[43.954s][info][gc,stats    ]   Rendezvous                        107 us
[43.954s][info][gc,stats    ] Concurrent Cleanup                  113 us
[43.954s][info][gc,stats    ] Concurrent Class Unloading         2025 us
[43.954s][info][gc,stats    ]   Unlink Stale                     1572 us
[43.954s][info][gc,stats    ]     System Dictionary                 3 us
[43.954s][info][gc,stats    ]     Weak Class Links                  0 us
[43.954s][info][gc,stats    ]     Code Roots                     1568 us
[43.954s][info][gc,stats    ]   Rendezvous                        189 us
[43.954s][info][gc,stats    ]   Purge Unlinked                    199 us
[43.954s][info][gc,stats    ]     Code Roots                      190 us
[43.954s][info][gc,stats    ]     CLDG                              8 us
[43.954s][info][gc,stats    ]     Exception Caches                  0 us
[43.954s][info][gc,stats    ] Pause Final Roots (G)               110 us
[43.954s][info][gc,stats    ] Pause Final Roots (N)                56 us
[43.954s][info][gc,stats    ] 
[43.954s][info][gc,stats    ] Allocation pacing accrued:
[43.954s][info][gc,stats    ]       0 of  1647 ms (  0.0%): <total>
[43.954s][info][gc,stats    ]       0 of  1647 ms (  0.0%): <average total>
[43.954s][info][gc,stats    ] 
[43.954s][info][gc,metaspace] Metaspace: 8915K(9152K)->8922K(9152K) NonClass: 7742K(7872K)->7749K(7872K) Class: 1172K(1280K)->1172K(1280K)
[43.954s][info][gc,ergo     ] Pacer for Idle. Initial: 83886K, Alloc Tax Rate: 1.0x
[44.430s][info][gc          ] Trigger: Learning 2 of 5. Free (2836M) is below initial threshold (2867M)
[44.430s][info][gc,ergo     ] Free: 2836M, Max: 2048K regular, 1746M humongous, Frag: 39% external, 0% internal; Reserve: 206M, Max: 2048K
[44.430s][info][gc,start    ] GC(61) Concurrent reset
[44.430s][info][gc,task     ] GC(61) Using 1 of 3 workers for concurrent reset
[44.430s][info][gc,ergo     ] GC(61) Pacer for Reset. Non-Taxable: 4096M
[44.431s][info][gc          ] GC(61) Concurrent reset 0.473ms
[44.431s][info][gc,start    ] GC(61) Pause Init Mark (unload classes)
[44.431s][info][gc,task     ] GC(61) Using 3 of 3 workers for init marking
[44.431s][info][gc,ergo     ] GC(61) Pacer for Mark. Expected Live: 9458K, Free: 2834M, Non-Taxable: 283M, Alloc Tax Rate: 0.0x
[44.431s][info][gc          ] GC(61) Pause Init Mark (unload classes) 0.170ms
[44.431s][info][gc,start    ] GC(61) Concurrent marking roots
[44.431s][info][gc,task     ] GC(61) Using 1 of 3 workers for concurrent marking roots
[44.431s][info][gc          ] GC(61) Concurrent marking roots 0.410ms
[44.431s][info][gc,start    ] GC(61) Concurrent marking (unload classes)
[44.431s][info][gc,task     ] GC(61) Using 1 of 3 workers for concurrent marking
[44.439s][info][gc          ] GC(61) Concurrent marking (unload classes) 7.801ms
[44.439s][info][gc,start    ] GC(61) Pause Final Mark (unload classes)
[44.439s][info][gc,task     ] GC(61) Using 3 of 3 workers for final marking
[44.440s][info][gc,ergo     ] GC(61) Collectable Garbage: 1010M (96%), Immediate: 1010M (96%), CSet: 0B (0%)
[44.440s][info][gc          ] GC(61) Pause Final Mark (unload classes) 0.323ms
[44.440s][info][gc,start    ] GC(61) Concurrent weak references
[44.440s][info][gc,task     ] GC(61) Using 1 of 3 workers for concurrent weak references
[44.440s][info][gc,ref      ] GC(61) Encountered references: Soft: 144, Weak: 702, Final: 0, Phantom: 27
[44.440s][info][gc,ref      ] GC(61) Discovered  references: Soft: 0, Weak: 150, Final: 0, Phantom: 12
[44.440s][info][gc,ref      ] GC(61) Enqueued    references: Soft: 0, Weak: 0, Final: 0, Phantom: 0
[44.440s][info][gc          ] GC(61) Concurrent weak references 0.157ms
[44.440s][info][gc,start    ] GC(61) Concurrent weak roots
[44.440s][info][gc,task     ] GC(61) Using 1 of 3 workers for concurrent weak root
[44.441s][info][gc          ] GC(61) Concurrent weak roots 0.696ms
[44.441s][info][gc,start    ] GC(61) Concurrent cleanup
[44.441s][info][gc          ] GC(61) Concurrent cleanup 1076M->66M(4096M) 0.044ms
[44.441s][info][gc,ergo     ] GC(61) Free: 3824M, Max: 2048K regular, 1724M humongous, Frag: 55% external, 0% internal; Reserve: 206M, Max: 2048K
[44.441s][info][gc,start    ] GC(61) Concurrent class unloading
[44.441s][info][gc,task     ] GC(61) Using 1 of 3 workers for concurrent class unloading
[44.442s][info][gc          ] GC(61) Concurrent class unloading 1.737ms
[44.443s][info][gc,start    ] GC(61) Pause Final Roots
[44.443s][info][gc          ] GC(61) Pause Final Roots 0.046ms
[44.443s][info][gc,ergo     ] Free: 3820M, Max: 2048K regular, 1724M humongous, Frag: 55% external, 0% internal; Reserve: 206M, Max: 2048K
[44.443s][info][gc,stats    ] 
[44.443s][info][gc,stats    ] All times are wall-clock times, except per-root-class counters, that are sum over
[44.443s][info][gc,stats    ] all workers. Dividing the <total> over the root stage time estimates parallelism.
[44.443s][info][gc,stats    ] 
[44.443s][info][gc,stats    ] Concurrent Reset                    504 us
[44.443s][info][gc,stats    ] Pause Init Mark (G)                 326 us
[44.443s][info][gc,stats    ] Pause Init Mark (N)                 187 us
[44.443s][info][gc,stats    ]   Update Region States               68 us
[44.443s][info][gc,stats    ] Concurrent Mark Roots               428 us, parallelism: 0.76x
[44.443s][info][gc,stats    ]   CMR: <total>                      326 us
[44.443s][info][gc,stats    ]   CMR: Thread Roots                 287 us, workers (us): 287, ---, ---, 
[44.443s][info][gc,stats    ]   CMR: VM Strong Roots                4 us, workers (us):   4, ---, ---, 
[44.443s][info][gc,stats    ]   CMR: CLDG Roots                    34 us, workers (us):  34, ---, ---, 
[44.443s][info][gc,stats    ] Concurrent Marking                 7861 us
[44.443s][info][gc,stats    ] Pause Final Mark (G)                473 us
[44.443s][info][gc,stats    ] Pause Final Mark (N)                342 us
[44.443s][info][gc,stats    ]   Finish Mark                       118 us
[44.443s][info][gc,stats    ]   Update Region States               63 us
[44.443s][info][gc,stats    ]   Choose Collection Set              63 us
[44.443s][info][gc,stats    ]   Rebuild Free Set                   17 us
[44.443s][info][gc,stats    ] Concurrent Weak References          173 us, parallelism: 0.03x
[44.443s][info][gc,stats    ]   CWRF: <total>                       5 us
[44.443s][info][gc,stats    ]   CWRF: Weak References               5 us, workers (us):   5, ---, ---, 
[44.443s][info][gc,stats    ] Concurrent Weak Roots               715 us
[44.443s][info][gc,stats    ]   Roots                             581 us, parallelism: 0.88x
[44.443s][info][gc,stats    ]     CWR: <total>                    508 us
[44.443s][info][gc,stats    ]     CWR: Code Cache Roots           390 us, workers (us): 390, ---, ---, 
[44.443s][info][gc,stats    ]     CWR: VM Weak Roots              112 us, workers (us): 112, ---, ---, 
[44.443s][info][gc,stats    ]     CWR: CLDG Roots                   7 us, workers (us):   7, ---, ---, 
[44.443s][info][gc,stats    ]   Rendezvous                         84 us
[44.443s][info][gc,stats    ] Concurrent Cleanup                   52 us
[44.443s][info][gc,stats    ] Concurrent Class Unloading         1784 us
[44.443s][info][gc,stats    ]   Unlink Stale                     1580 us
[44.443s][info][gc,stats    ]     System Dictionary                 2 us
[44.443s][info][gc,stats    ]     Weak Class Links                  0 us
[44.443s][info][gc,stats    ]     Code Roots                     1577 us
[44.443s][info][gc,stats    ]   Rendezvous                         57 us
[44.443s][info][gc,stats    ]   Purge Unlinked                     84 us
[44.443s][info][gc,stats    ]     Code Roots                       78 us
[44.443s][info][gc,stats    ]     CLDG                              5 us
[44.443s][info][gc,stats    ]     Exception Caches                  0 us
[44.443s][info][gc,stats    ] Pause Final Roots (G)               198 us
[44.443s][info][gc,stats    ] Pause Final Roots (N)                69 us
[44.443s][info][gc,stats    ] 
[44.443s][info][gc,stats    ] Allocation pacing accrued:
[44.443s][info][gc,stats    ]       0 of   490 ms (  0.0%): <total>
[44.443s][info][gc,stats    ]       0 of   490 ms (  0.0%): <average total>
[44.443s][info][gc,stats    ] 
[44.443s][info][gc,metaspace] Metaspace: 8929K(9152K)->8929K(9152K) NonClass: 7756K(7872K)->7756K(7872K) Class: 1172K(1280K)->1172K(1280K)
[44.443s][info][gc,ergo     ] Pacer for Idle. Initial: 83886K, Alloc Tax Rate: 1.0x
[44.901s][info][gc          ] Trigger: Learning 3 of 5. Free (2850M) is below initial threshold (2867M)
[44.901s][info][gc,ergo     ] Free: 2850M, Max: 2048K regular, 1724M humongous, Frag: 40% external, 0% internal; Reserve: 206M, Max: 2048K
[44.901s][info][gc,start    ] GC(62) Concurrent reset
[44.901s][info][gc,task     ] GC(62) Using 1 of 3 workers for concurrent reset
[44.901s][info][gc,ergo     ] GC(62) Pacer for Reset. Non-Taxable: 4096M
[44.902s][info][gc          ] GC(62) Concurrent reset 0.431ms
[44.902s][info][gc,start    ] GC(62) Pause Init Mark (unload classes)
[44.902s][info][gc,task     ] GC(62) Using 3 of 3 workers for init marking
[44.902s][info][gc,ergo     ] GC(62) Pacer for Mark. Expected Live: 9485K, Free: 2848M, Non-Taxable: 284M, Alloc Tax Rate: 0.0x
[44.902s][info][gc          ] GC(62) Pause Init Mark (unload classes) 0.174ms
[44.902s][info][gc,start    ] GC(62) Concurrent marking roots
[44.902s][info][gc,task     ] GC(62) Using 1 of 3 workers for concurrent marking roots
[44.903s][info][gc          ] GC(62) Concurrent marking roots 0.555ms
[44.903s][info][gc,start    ] GC(62) Concurrent marking (unload classes)
[44.903s][info][gc,task     ] GC(62) Using 1 of 3 workers for concurrent marking
[44.916s][info][gc          ] GC(62) Concurrent marking (unload classes) 12.853ms
[44.916s][info][gc,start    ] GC(62) Pause Final Mark (unload classes)
[44.916s][info][gc,task     ] GC(62) Using 3 of 3 workers for final marking
[44.916s][info][gc,ergo     ] GC(62) Collectable Garbage: 988M (95%), Immediate: 988M (95%), CSet: 0B (0%)
[44.916s][info][gc          ] GC(62) Pause Final Mark (unload classes) 0.313ms
[44.916s][info][gc,start    ] GC(62) Concurrent weak references
[44.916s][info][gc,task     ] GC(62) Using 1 of 3 workers for concurrent weak references
[44.916s][info][gc,ref      ] GC(62) Encountered references: Soft: 144, Weak: 702, Final: 0, Phantom: 27
[44.916s][info][gc,ref      ] GC(62) Discovered  references: Soft: 0, Weak: 150, Final: 0, Phantom: 12
[44.916s][info][gc,ref      ] GC(62) Enqueued    references: Soft: 0, Weak: 0, Final: 0, Phantom: 0
[44.916s][info][gc          ] GC(62) Concurrent weak references 0.156ms
[44.916s][info][gc,start    ] GC(62) Concurrent weak roots
[44.916s][info][gc,task     ] GC(62) Using 1 of 3 workers for concurrent weak root
[44.917s][info][gc          ] GC(62) Concurrent weak roots 0.760ms
[44.917s][info][gc,start    ] GC(62) Concurrent cleanup
[44.917s][info][gc          ] GC(62) Concurrent cleanup 1074M->86M(4096M) 0.048ms
[44.917s][info][gc,ergo     ] GC(62) Free: 3804M, Max: 2048K regular, 1746M humongous, Frag: 55% external, 0% internal; Reserve: 206M, Max: 2048K
[44.917s][info][gc,start    ] GC(62) Concurrent class unloading
[44.917s][info][gc,task     ] GC(62) Using 1 of 3 workers for concurrent class unloading
[44.919s][info][gc          ] GC(62) Concurrent class unloading 2.126ms
[44.919s][info][gc,start    ] GC(62) Pause Final Roots
[44.919s][info][gc          ] GC(62) Pause Final Roots 0.020ms
[44.919s][info][gc,ergo     ] Free: 3800M, Max: 2048K regular, 1746M humongous, Frag: 55% external, 0% internal; Reserve: 206M, Max: 2048K
[44.919s][info][gc,stats    ] 
[44.919s][info][gc,stats    ] All times are wall-clock times, except per-root-class counters, that are sum over
[44.919s][info][gc,stats    ] all workers. Dividing the <total> over the root stage time estimates parallelism.
[44.919s][info][gc,stats    ] 
[44.919s][info][gc,stats    ] Concurrent Reset                    477 us
[44.919s][info][gc,stats    ] Pause Init Mark (G)                 349 us
[44.919s][info][gc,stats    ] Pause Init Mark (N)                 190 us
[44.920s][info][gc,stats    ]   Update Region States               71 us
[44.920s][info][gc,stats    ] Concurrent Mark Roots               578 us, parallelism: 0.75x
[44.920s][info][gc,stats    ]   CMR: <total>                      437 us
[44.920s][info][gc,stats    ]   CMR: Thread Roots                 395 us, workers (us): 395, ---, ---, 
[44.920s][info][gc,stats    ]   CMR: VM Strong Roots                5 us, workers (us):   5, ---, ---, 
[44.920s][info][gc,stats    ]   CMR: CLDG Roots                    37 us, workers (us):  37, ---, ---, 
[44.920s][info][gc,stats    ] Concurrent Marking                12912 us
[44.920s][info][gc,stats    ] Pause Final Mark (G)                445 us
[44.920s][info][gc,stats    ] Pause Final Mark (N)                332 us
[44.920s][info][gc,stats    ]   Finish Mark                       102 us
[44.920s][info][gc,stats    ]   Update Region States               69 us
[44.920s][info][gc,stats    ]   Choose Collection Set              64 us
[44.920s][info][gc,stats    ]   Rebuild Free Set                   17 us
[44.920s][info][gc,stats    ] Concurrent Weak References          172 us, parallelism: 0.03x
[44.920s][info][gc,stats    ]   CWRF: <total>                       5 us
[44.920s][info][gc,stats    ]   CWRF: Weak References               5 us, workers (us):   5, ---, ---, 
[44.920s][info][gc,stats    ] Concurrent Weak Roots               794 us
[44.920s][info][gc,stats    ]   Roots                             645 us, parallelism: 0.88x
[44.920s][info][gc,stats    ]     CWR: <total>                    570 us
[44.920s][info][gc,stats    ]     CWR: Code Cache Roots           451 us, workers (us): 451, ---, ---, 
[44.920s][info][gc,stats    ]     CWR: VM Weak Roots              112 us, workers (us): 112, ---, ---, 
[44.920s][info][gc,stats    ]     CWR: CLDG Roots                   6 us, workers (us):   6, ---, ---, 
[44.920s][info][gc,stats    ]   Rendezvous                         84 us
[44.920s][info][gc,stats    ] Concurrent Cleanup                   56 us
[44.920s][info][gc,stats    ] Concurrent Class Unloading         2175 us
[44.920s][info][gc,stats    ]   Unlink Stale                     1822 us
[44.920s][info][gc,stats    ]     System Dictionary                 4 us
[44.920s][info][gc,stats    ]     Weak Class Links                  0 us
[44.920s][info][gc,stats    ]     Code Roots                     1816 us
[44.920s][info][gc,stats    ]   Rendezvous                        136 us
[44.920s][info][gc,stats    ]   Purge Unlinked                    149 us
[44.920s][info][gc,stats    ]     Code Roots                      140 us
[44.920s][info][gc,stats    ]     CLDG                              9 us
[44.920s][info][gc,stats    ]     Exception Caches                  0 us
[44.920s][info][gc,stats    ] Pause Final Roots (G)               114 us
[44.920s][info][gc,stats    ] Pause Final Roots (N)                28 us
[44.920s][info][gc,stats    ] 
[44.920s][info][gc,stats    ] Allocation pacing accrued:
[44.920s][info][gc,stats    ]       0 of   476 ms (  0.0%): <total>
[44.920s][info][gc,stats    ]       0 of   476 ms (  0.0%): <average total>
[44.920s][info][gc,stats    ] 
[44.920s][info][gc,metaspace] Metaspace: 8929K(9152K)->8929K(9152K) NonClass: 7756K(7872K)->7756K(7872K) Class: 1172K(1280K)->1172K(1280K)
[44.920s][info][gc,ergo     ] Pacer for Idle. Initial: 83886K, Alloc Tax Rate: 1.0x
[45.372s][info][gc          ] Trigger: Learning 4 of 5. Free (2846M) is below initial threshold (2867M)
[45.372s][info][gc,ergo     ] Free: 2846M, Max: 2048K regular, 1746M humongous, Frag: 39% external, 0% internal; Reserve: 206M, Max: 2048K
[45.372s][info][gc,start    ] GC(63) Concurrent reset
[45.372s][info][gc,task     ] GC(63) Using 1 of 3 workers for concurrent reset
[45.372s][info][gc,ergo     ] GC(63) Pacer for Reset. Non-Taxable: 4096M
[45.373s][info][gc          ] GC(63) Concurrent reset 0.574ms
[45.373s][info][gc,start    ] GC(63) Pause Init Mark (unload classes)
[45.373s][info][gc,task     ] GC(63) Using 3 of 3 workers for init marking
[45.373s][info][gc,ergo     ] GC(63) Pacer for Mark. Expected Live: 9503K, Free: 2844M, Non-Taxable: 284M, Alloc Tax Rate: 0.0x
[45.373s][info][gc          ] GC(63) Pause Init Mark (unload classes) 0.244ms
[45.373s][info][gc,start    ] GC(63) Concurrent marking roots
[45.373s][info][gc,task     ] GC(63) Using 1 of 3 workers for concurrent marking roots
[45.374s][info][gc          ] GC(63) Concurrent marking roots 0.503ms
[45.374s][info][gc,start    ] GC(63) Concurrent marking (unload classes)
[45.374s][info][gc,task     ] GC(63) Using 1 of 3 workers for concurrent marking
[45.391s][info][gc          ] GC(63) Concurrent marking (unload classes) 17.448ms
[45.391s][info][gc,start    ] GC(63) Pause Final Mark (unload classes)
[45.391s][info][gc,task     ] GC(63) Using 3 of 3 workers for final marking
[45.392s][info][gc,ergo     ] GC(63) Collectable Garbage: 986M (95%), Immediate: 986M (95%), CSet: 0B (0%)
[45.392s][info][gc          ] GC(63) Pause Final Mark (unload classes) 0.323ms
[45.392s][info][gc,start    ] GC(63) Concurrent weak references
[45.392s][info][gc,task     ] GC(63) Using 1 of 3 workers for concurrent weak references
[45.392s][info][gc,ref      ] GC(63) Encountered references: Soft: 144, Weak: 702, Final: 0, Phantom: 27
[45.392s][info][gc,ref      ] GC(63) Discovered  references: Soft: 0, Weak: 150, Final: 0, Phantom: 12
[45.392s][info][gc,ref      ] GC(63) Enqueued    references: Soft: 0, Weak: 0, Final: 0, Phantom: 0
[45.392s][info][gc          ] GC(63) Concurrent weak references 0.112ms
[45.392s][info][gc,start    ] GC(63) Concurrent weak roots
[45.392s][info][gc,task     ] GC(63) Using 1 of 3 workers for concurrent weak root
[45.392s][info][gc          ] GC(63) Concurrent weak roots 0.554ms
[45.392s][info][gc,start    ] GC(63) Concurrent cleanup
[45.392s][info][gc          ] GC(63) Concurrent cleanup 1086M->100M(4096M) 0.044ms
[45.392s][info][gc,ergo     ] GC(63) Free: 3790M, Max: 2048K regular, 1712M humongous, Frag: 55% external, 0% internal; Reserve: 206M, Max: 2048K
[45.392s][info][gc,start    ] GC(63) Concurrent class unloading
[45.392s][info][gc,task     ] GC(63) Using 1 of 3 workers for concurrent class unloading
[45.395s][info][gc          ] GC(63) Concurrent class unloading 2.284ms
[45.395s][info][gc,start    ] GC(63) Pause Final Roots
[45.395s][info][gc          ] GC(63) Pause Final Roots 0.039ms
[45.395s][info][gc,ergo     ] Free: 3784M, Max: 2048K regular, 1712M humongous, Frag: 55% external, 0% internal; Reserve: 206M, Max: 2048K
[45.395s][info][gc,stats    ] 
[45.395s][info][gc,stats    ] All times are wall-clock times, except per-root-class counters, that are sum over
[45.395s][info][gc,stats    ] all workers. Dividing the <total> over the root stage time estimates parallelism.
[45.395s][info][gc,stats    ] 
[45.395s][info][gc,stats    ] Concurrent Reset                    635 us
[45.395s][info][gc,stats    ] Pause Init Mark (G)                 428 us
[45.395s][info][gc,stats    ] Pause Init Mark (N)                 263 us
[45.395s][info][gc,stats    ]   Update Region States              113 us
[45.395s][info][gc,stats    ] Concurrent Mark Roots               524 us, parallelism: 0.65x
[45.395s][info][gc,stats    ]   CMR: <total>                      343 us
[45.395s][info][gc,stats    ]   CMR: Thread Roots                 301 us, workers (us): 301, ---, ---, 
[45.395s][info][gc,stats    ]   CMR: VM Strong Roots                5 us, workers (us):   5, ---, ---, 
[45.395s][info][gc,stats    ]   CMR: CLDG Roots                    37 us, workers (us):  37, ---, ---, 
[45.395s][info][gc,stats    ] Concurrent Marking                17507 us
[45.395s][info][gc,stats    ] Pause Final Mark (G)                437 us
[45.395s][info][gc,stats    ] Pause Final Mark (N)                343 us
[45.395s][info][gc,stats    ]   Finish Mark                       113 us
[45.395s][info][gc,stats    ]   Update Region States               68 us
[45.395s][info][gc,stats    ]   Choose Collection Set              62 us
[45.395s][info][gc,stats    ]   Rebuild Free Set                   17 us
[45.395s][info][gc,stats    ] Concurrent Weak References          119 us, parallelism: 0.04x
[45.395s][info][gc,stats    ]   CWRF: <total>                       5 us
[45.395s][info][gc,stats    ]   CWRF: Weak References               5 us, workers (us):   5, ---, ---, 
[45.395s][info][gc,stats    ] Concurrent Weak Roots               573 us
[45.395s][info][gc,stats    ]   Roots                             454 us, parallelism: 0.88x
[45.395s][info][gc,stats    ]     CWR: <total>                    400 us
[45.395s][info][gc,stats    ]     CWR: Code Cache Roots           335 us, workers (us): 335, ---, ---, 
[45.395s][info][gc,stats    ]     CWR: VM Weak Roots               61 us, workers (us):  61, ---, ---, 
[45.395s][info][gc,stats    ]     CWR: CLDG Roots                   5 us, workers (us):   5, ---, ---, 
[45.395s][info][gc,stats    ]   Rendezvous                         84 us
[45.395s][info][gc,stats    ] Concurrent Cleanup                   52 us
[45.395s][info][gc,stats    ] Concurrent Class Unloading         2335 us
[45.395s][info][gc,stats    ]   Unlink Stale                     1952 us
[45.395s][info][gc,stats    ]     System Dictionary                 3 us
[45.395s][info][gc,stats    ]     Weak Class Links                  0 us
[45.395s][info][gc,stats    ]     Code Roots                     1948 us
[45.395s][info][gc,stats    ]   Rendezvous                        200 us
[45.395s][info][gc,stats    ]   Purge Unlinked                    114 us
[45.395s][info][gc,stats    ]     Code Roots                      104 us
[45.396s][info][gc,stats    ]     CLDG                              9 us
[45.396s][info][gc,stats    ]     Exception Caches                  0 us
[45.396s][info][gc,stats    ] Pause Final Roots (G)               170 us
[45.396s][info][gc,stats    ] Pause Final Roots (N)                57 us
[45.396s][info][gc,stats    ] 
[45.396s][info][gc,stats    ] Allocation pacing accrued:
[45.396s][info][gc,stats    ]       0 of   476 ms (  0.0%): <total>
[45.396s][info][gc,stats    ]       0 of   476 ms (  0.0%): <average total>
[45.396s][info][gc,stats    ] 
[45.396s][info][gc,metaspace] Metaspace: 8929K(9152K)->8929K(9152K) NonClass: 7756K(7872K)->7756K(7872K) Class: 1172K(1280K)->1172K(1280K)
[45.396s][info][gc,ergo     ] Pacer for Idle. Initial: 83886K, Alloc Tax Rate: 1.0x
[45.827s][info][gc          ] Trigger: Learning 5 of 5. Free (2848M) is below initial threshold (2867M)
[45.828s][info][gc,ergo     ] Free: 2848M, Max: 2048K regular, 1712M humongous, Frag: 40% external, 0% internal; Reserve: 206M, Max: 2048K
[45.828s][info][gc,start    ] GC(64) Concurrent reset
[45.828s][info][gc,task     ] GC(64) Using 1 of 3 workers for concurrent reset
[45.828s][info][gc,ergo     ] GC(64) Pacer for Reset. Non-Taxable: 4096M
[45.828s][info][gc          ] GC(64) Concurrent reset 0.646ms
[45.828s][info][gc,start    ] GC(64) Pause Init Mark (unload classes)
[45.828s][info][gc,task     ] GC(64) Using 3 of 3 workers for init marking
[45.828s][info][gc,ergo     ] GC(64) Pacer for Mark. Expected Live: 9522K, Free: 2846M, Non-Taxable: 284M, Alloc Tax Rate: 0.0x
[45.829s][info][gc          ] GC(64) Pause Init Mark (unload classes) 0.175ms
[45.829s][info][gc,start    ] GC(64) Concurrent marking roots
[45.829s][info][gc,task     ] GC(64) Using 1 of 3 workers for concurrent marking roots
[45.829s][info][gc          ] GC(64) Concurrent marking roots 0.420ms
[45.829s][info][gc,start    ] GC(64) Concurrent marking (unload classes)
[45.829s][info][gc,task     ] GC(64) Using 1 of 3 workers for concurrent marking
[45.851s][info][gc          ] GC(64) Concurrent marking (unload classes) 21.720ms
[45.851s][info][gc,start    ] GC(64) Pause Final Mark (unload classes)
[45.851s][info][gc,task     ] GC(64) Using 3 of 3 workers for final marking
[45.851s][info][gc,ergo     ] GC(64) Collectable Garbage: 966M (93%), Immediate: 966M (93%), CSet: 0B (0%)
[45.851s][info][gc          ] GC(64) Pause Final Mark (unload classes) 0.310ms
[45.851s][info][gc,start    ] GC(64) Concurrent weak references
[45.851s][info][gc,task     ] GC(64) Using 1 of 3 workers for concurrent weak references
[45.851s][info][gc,ref      ] GC(64) Encountered references: Soft: 144, Weak: 702, Final: 0, Phantom: 27
[45.851s][info][gc,ref      ] GC(64) Discovered  references: Soft: 0, Weak: 150, Final: 0, Phantom: 12
[45.851s][info][gc,ref      ] GC(64) Enqueued    references: Soft: 0, Weak: 0, Final: 0, Phantom: 0
[45.851s][info][gc          ] GC(64) Concurrent weak references 0.154ms
[45.851s][info][gc,start    ] GC(64) Concurrent weak roots
[45.851s][info][gc,task     ] GC(64) Using 1 of 3 workers for concurrent weak root
[45.852s][info][gc          ] GC(64) Concurrent weak roots 0.583ms
[45.852s][info][gc,start    ] GC(64) Concurrent cleanup
[45.852s][info][gc          ] GC(64) Concurrent cleanup 1066M->100M(4096M) 0.043ms
[45.852s][info][gc,ergo     ] GC(64) Free: 3790M, Max: 2048K regular, 1766M humongous, Frag: 54% external, 0% internal; Reserve: 206M, Max: 2048K
[45.852s][info][gc,start    ] GC(64) Concurrent class unloading
[45.852s][info][gc,task     ] GC(64) Using 1 of 3 workers for concurrent class unloading
[45.854s][info][gc          ] GC(64) Concurrent class unloading 1.811ms
[45.854s][info][gc,start    ] GC(64) Pause Final Roots
[45.854s][info][gc          ] GC(64) Pause Final Roots 0.043ms
[45.854s][info][gc,ergo     ] Free: 3790M, Max: 2048K regular, 1766M humongous, Frag: 54% external, 0% internal; Reserve: 206M, Max: 2048K
[45.854s][info][gc,stats    ] 
[45.854s][info][gc,stats    ] All times are wall-clock times, except per-root-class counters, that are sum over
[45.854s][info][gc,stats    ] all workers. Dividing the <total> over the root stage time estimates parallelism.
[45.854s][info][gc,stats    ] 
[45.854s][info][gc,stats    ] Concurrent Reset                    701 us
[45.854s][info][gc,stats    ] Pause Init Mark (G)                 316 us
[45.854s][info][gc,stats    ] Pause Init Mark (N)                 192 us
[45.854s][info][gc,stats    ]   Update Region States               71 us
[45.854s][info][gc,stats    ] Concurrent Mark Roots               438 us, parallelism: 0.77x
[45.854s][info][gc,stats    ]   CMR: <total>                      336 us
[45.854s][info][gc,stats    ]   CMR: Thread Roots                 296 us, workers (us): 296, ---, ---, 
[45.854s][info][gc,stats    ]   CMR: VM Strong Roots                4 us, workers (us):   4, ---, ---, 
[45.854s][info][gc,stats    ]   CMR: CLDG Roots                    35 us, workers (us):  35, ---, ---, 
[45.854s][info][gc,stats    ] Concurrent Marking                21786 us
[45.854s][info][gc,stats    ] Pause Final Mark (G)                434 us
[45.854s][info][gc,stats    ] Pause Final Mark (N)                320 us
[45.854s][info][gc,stats    ]   Finish Mark                       112 us
[45.854s][info][gc,stats    ]   Update Region States               68 us
[45.854s][info][gc,stats    ]   Choose Collection Set              46 us
[45.854s][info][gc,stats    ]   Rebuild Free Set                    8 us
[45.854s][info][gc,stats    ] Concurrent Weak References          162 us, parallelism: 0.04x
[45.854s][info][gc,stats    ]   CWRF: <total>                       6 us
[45.854s][info][gc,stats    ]   CWRF: Weak References               6 us, workers (us):   6, ---, ---, 
[45.854s][info][gc,stats    ] Concurrent Weak Roots               605 us
[45.854s][info][gc,stats    ]   Roots                             509 us, parallelism: 0.73x
[45.854s][info][gc,stats    ]     CWR: <total>                    369 us
[45.854s][info][gc,stats    ]     CWR: Code Cache Roots           302 us, workers (us): 302, ---, ---, 
[45.854s][info][gc,stats    ]     CWR: VM Weak Roots               62 us, workers (us):  62, ---, ---, 
[45.854s][info][gc,stats    ]     CWR: CLDG Roots                   5 us, workers (us):   5, ---, ---, 
[45.854s][info][gc,stats    ]   Rendezvous                         59 us
[45.854s][info][gc,stats    ] Concurrent Cleanup                   51 us
[45.854s][info][gc,stats    ] Concurrent Class Unloading         1841 us
[45.854s][info][gc,stats    ]   Unlink Stale                     1630 us
[45.854s][info][gc,stats    ]     System Dictionary                 3 us
[45.854s][info][gc,stats    ]     Weak Class Links                  0 us
[45.854s][info][gc,stats    ]     Code Roots                     1626 us
[45.854s][info][gc,stats    ]   Rendezvous                         79 us
[45.854s][info][gc,stats    ]   Purge Unlinked                     85 us
[45.854s][info][gc,stats    ]     Code Roots                       80 us
[45.854s][info][gc,stats    ]     CLDG                              5 us
[45.854s][info][gc,stats    ]     Exception Caches                  0 us
[45.854s][info][gc,stats    ] Pause Final Roots (G)               124 us
[45.854s][info][gc,stats    ] Pause Final Roots (N)                52 us
[45.854s][info][gc,stats    ] 
[45.854s][info][gc,stats    ] Allocation pacing accrued:
[45.855s][info][gc,stats    ]       0 of   459 ms (  0.0%): <total>
[45.855s][info][gc,stats    ]       0 of   459 ms (  0.0%): <average total>
[45.855s][info][gc,stats    ] 
[45.855s][info][gc,metaspace] Metaspace: 8929K(9152K)->8929K(9152K) NonClass: 7756K(7872K)->7756K(7872K) Class: 1172K(1280K)->1172K(1280K)
[45.855s][info][gc,ergo     ] Pacer for Idle. Initial: 83886K, Alloc Tax Rate: 1.0x
[47.477s][info][gc          ] Trigger: Explicit GC request (System.gc())
[47.477s][info][gc,ergo     ] Free: 998M, Max: 2048K regular, 996M humongous, Frag: 1% external, 0% internal; Reserve: 206M, Max: 2048K
[47.477s][info][gc,start    ] GC(65) Concurrent reset
[47.477s][info][gc,task     ] GC(65) Using 1 of 3 workers for concurrent reset
[47.477s][info][gc,ergo     ] GC(65) Pacer for Reset. Non-Taxable: 4096M
[47.478s][info][gc          ] GC(65) Concurrent reset 0.771ms
[47.478s][info][gc,start    ] GC(65) Pause Init Mark (unload classes)
[47.478s][info][gc,task     ] GC(65) Using 3 of 3 workers for init marking
[47.478s][info][gc,ref      ] GC(65) Clearing All SoftReferences
[47.478s][info][gc,ergo     ] GC(65) Pacer for Mark. Expected Live: 9549K, Free: 998M, Non-Taxable: 102195K, Alloc Tax Rate: 0.0x
[47.478s][info][gc          ] GC(65) Pause Init Mark (unload classes) 0.184ms
[47.478s][info][gc,start    ] GC(65) Concurrent marking roots
[47.479s][info][gc,task     ] GC(65) Using 1 of 3 workers for concurrent marking roots
[47.479s][info][gc          ] GC(65) Concurrent marking roots 0.746ms
[47.479s][info][gc,start    ] GC(65) Concurrent marking (unload classes)
[47.479s][info][gc,task     ] GC(65) Using 1 of 3 workers for concurrent marking
[47.483s][info][gc          ] GC(65) Concurrent marking (unload classes) 3.363ms
[47.483s][info][gc,start    ] GC(65) Pause Final Mark (unload classes)
[47.483s][info][gc,task     ] GC(65) Using 3 of 3 workers for final marking
[47.483s][info][gc,ergo     ] GC(65) Collectable Garbage: 2860M (98%), Immediate: 2860M (98%), CSet: 0B (0%)
[47.483s][info][gc          ] GC(65) Pause Final Mark (unload classes) 0.384ms
[47.483s][info][gc,start    ] GC(65) Concurrent weak references
[47.483s][info][gc,task     ] GC(65) Using 1 of 3 workers for concurrent weak references
[47.483s][info][gc,ref      ] GC(65) Encountered references: Soft: 144, Weak: 702, Final: 0, Phantom: 27
[47.483s][info][gc,ref      ] GC(65) Discovered  references: Soft: 88, Weak: 168, Final: 0, Phantom: 25
[47.483s][info][gc,ref      ] GC(65) Enqueued    references: Soft: 3, Weak: 0, Final: 0, Phantom: 0
[47.483s][info][gc          ] GC(65) Concurrent weak references 0.229ms
[47.483s][info][gc,start    ] GC(65) Concurrent weak roots
[47.483s][info][gc,task     ] GC(65) Using 1 of 3 workers for concurrent weak root
[47.484s][info][gc          ] GC(65) Concurrent weak roots 0.469ms
[47.484s][info][gc,start    ] GC(65) Concurrent cleanup
[47.484s][info][gc          ] GC(65) Concurrent cleanup 2892M->32M(4096M) 0.086ms
[47.484s][info][gc,ergo     ] GC(65) Free: 3858M, Max: 2048K regular, 2720M humongous, Frag: 30% external, 0% internal; Reserve: 206M, Max: 2048K
[47.484s][info][gc,start    ] GC(65) Concurrent class unloading
[47.484s][info][gc,task     ] GC(65) Using 1 of 3 workers for concurrent class unloading
[47.487s][info][gc          ] GC(65) Concurrent class unloading 2.979ms
[47.487s][info][gc,start    ] GC(65) Pause Final Roots
[47.487s][info][gc          ] GC(65) Pause Final Roots 0.030ms
[47.487s][info][gc,ergo     ] Free: 3858M, Max: 2048K regular, 2720M humongous, Frag: 30% external, 0% internal; Reserve: 206M, Max: 2048K
[47.487s][info][gc,stats    ] 
[47.487s][info][gc,stats    ] All times are wall-clock times, except per-root-class counters, that are sum over
[47.487s][info][gc,stats    ] all workers. Dividing the <total> over the root stage time estimates parallelism.
[47.487s][info][gc,stats    ] 
[47.487s][info][gc,stats    ] Concurrent Reset                    850 us
[47.487s][info][gc,stats    ] Pause Init Mark (G)                 331 us
[47.487s][info][gc,stats    ] Pause Init Mark (N)                 192 us
[47.487s][info][gc,stats    ]   Update Region States               92 us
[47.487s][info][gc,stats    ] Concurrent Mark Roots               769 us, parallelism: 0.82x
[47.487s][info][gc,stats    ]   CMR: <total>                      633 us
[47.487s][info][gc,stats    ]   CMR: Thread Roots                 565 us, workers (us): 565, ---, ---, 
[47.487s][info][gc,stats    ]   CMR: VM Strong Roots                6 us, workers (us):   6, ---, ---, 
[47.487s][info][gc,stats    ]   CMR: CLDG Roots                    63 us, workers (us):  63, ---, ---, 
[47.487s][info][gc,stats    ] Concurrent Marking                 3453 us
[47.487s][info][gc,stats    ] Pause Final Mark (G)                483 us
[47.487s][info][gc,stats    ] Pause Final Mark (N)                403 us
[47.487s][info][gc,stats    ]   Finish Mark                       121 us
[47.487s][info][gc,stats    ]   Update Region States               89 us
[47.487s][info][gc,stats    ]   Choose Collection Set              70 us
[47.487s][info][gc,stats    ]   Rebuild Free Set                   16 us
[47.487s][info][gc,stats    ] Concurrent Weak References          238 us, parallelism: 0.06x
[47.487s][info][gc,stats    ]   CWRF: <total>                      14 us
[47.488s][info][gc,stats    ]   CWRF: Weak References              14 us, workers (us):  14, ---, ---, 
[47.488s][info][gc,stats    ] Concurrent Weak Roots               488 us
[47.488s][info][gc,stats    ]   Roots                             418 us, parallelism: 0.88x
[47.488s][info][gc,stats    ]     CWR: <total>                    366 us
[47.488s][info][gc,stats    ]     CWR: Code Cache Roots           300 us, workers (us): 300, ---, ---, 
[47.488s][info][gc,stats    ]     CWR: VM Weak Roots               62 us, workers (us):  62, ---, ---, 
[47.488s][info][gc,stats    ]     CWR: CLDG Roots                   5 us, workers (us):   5, ---, ---, 
[47.488s][info][gc,stats    ]   Rendezvous                         32 us
[47.488s][info][gc,stats    ] Concurrent Cleanup                   95 us
[47.488s][info][gc,stats    ] Concurrent Class Unloading         3040 us
[47.488s][info][gc,stats    ]   Unlink Stale                     2794 us
[47.488s][info][gc,stats    ]     System Dictionary                 2 us
[47.488s][info][gc,stats    ]     Weak Class Links                  0 us
[47.488s][info][gc,stats    ]     Code Roots                     2790 us
[47.488s][info][gc,stats    ]   Rendezvous                         42 us
[47.488s][info][gc,stats    ]   Purge Unlinked                    123 us
[47.488s][info][gc,stats    ]     Code Roots                      113 us
[47.488s][info][gc,stats    ]     CLDG                              9 us
[47.488s][info][gc,stats    ]     Exception Caches                  0 us
[47.488s][info][gc,stats    ] Pause Final Roots (G)               100 us
[47.488s][info][gc,stats    ] Pause Final Roots (N)                44 us
[47.488s][info][gc,stats    ] 
[47.488s][info][gc,stats    ] Allocation pacing accrued:
[47.488s][info][gc,stats    ]       0 of  1633 ms (  0.0%): <total>
[47.488s][info][gc,stats    ]       0 of  1633 ms (  0.0%): <average total>
[47.488s][info][gc,stats    ] 
[47.488s][info][gc,metaspace] Metaspace: 8932K(9152K)->8932K(9152K) NonClass: 7760K(7872K)->7760K(7872K) Class: 1172K(1280K)->1172K(1280K)
[47.488s][info][gc,ergo     ] Pacer for Idle. Initial: 83886K, Alloc Tax Rate: 1.0x
[47.948s][info][gc          ] Trigger: Learning 2 of 5. Free (2866M) is below initial threshold (2867M)
[47.948s][info][gc,ergo     ] Free: 2866M, Max: 2048K regular, 1776M humongous, Frag: 39% external, 0% internal; Reserve: 206M, Max: 2048K
[47.948s][info][gc,start    ] GC(66) Concurrent reset
[47.948s][info][gc,task     ] GC(66) Using 1 of 3 workers for concurrent reset
[47.948s][info][gc,ergo     ] GC(66) Pacer for Reset. Non-Taxable: 4096M
[47.949s][info][gc          ] GC(66) Concurrent reset 0.528ms
[47.949s][info][gc,start    ] GC(66) Pause Init Mark (unload classes)
[47.949s][info][gc,task     ] GC(66) Using 3 of 3 workers for init marking
[47.949s][info][gc,ergo     ] GC(66) Pacer for Mark. Expected Live: 9549K, Free: 2864M, Non-Taxable: 286M, Alloc Tax Rate: 0.0x
[47.949s][info][gc          ] GC(66) Pause Init Mark (unload classes) 0.204ms
[47.949s][info][gc,start    ] GC(66) Concurrent marking roots
[47.949s][info][gc,task     ] GC(66) Using 1 of 3 workers for concurrent marking roots
[47.950s][info][gc          ] GC(66) Concurrent marking roots 0.736ms
[47.950s][info][gc,start    ] GC(66) Concurrent marking (unload classes)
[47.950s][info][gc,task     ] GC(66) Using 1 of 3 workers for concurrent marking
[47.959s][info][gc          ] GC(66) Concurrent marking (unload classes) 8.502ms
[47.959s][info][gc,start    ] GC(66) Pause Final Mark (unload classes)
[47.959s][info][gc,task     ] GC(66) Using 3 of 3 workers for final marking
[47.959s][info][gc,ergo     ] GC(66) Collectable Garbage: 974M (95%), Immediate: 974M (95%), CSet: 0B (0%)
[47.959s][info][gc          ] GC(66) Pause Final Mark (unload classes) 0.310ms
[47.959s][info][gc,start    ] GC(66) Concurrent weak references
[47.959s][info][gc,task     ] GC(66) Using 1 of 3 workers for concurrent weak references
[47.959s][info][gc,ref      ] GC(66) Encountered references: Soft: 144, Weak: 702, Final: 0, Phantom: 27
[47.959s][info][gc,ref      ] GC(66) Discovered  references: Soft: 0, Weak: 150, Final: 0, Phantom: 12
[47.959s][info][gc,ref      ] GC(66) Enqueued    references: Soft: 0, Weak: 0, Final: 0, Phantom: 0
[47.959s][info][gc          ] GC(66) Concurrent weak references 0.155ms
[47.959s][info][gc,start    ] GC(66) Concurrent weak roots
[47.959s][info][gc,task     ] GC(66) Using 1 of 3 workers for concurrent weak root
[47.960s][info][gc          ] GC(66) Concurrent weak roots 0.704ms
[47.960s][info][gc,start    ] GC(66) Concurrent cleanup
[47.960s][info][gc          ] GC(66) Concurrent cleanup 1048M->74M(4096M) 0.043ms
[47.960s][info][gc,ergo     ] GC(66) Free: 3816M, Max: 2048K regular, 1752M humongous, Frag: 55% external, 0% internal; Reserve: 206M, Max: 2048K
[47.960s][info][gc,start    ] GC(66) Concurrent class unloading
[47.960s][info][gc,task     ] GC(66) Using 1 of 3 workers for concurrent class unloading
[47.962s][info][gc          ] GC(66) Concurrent class unloading 2.031ms
[47.962s][info][gc,start    ] GC(66) Pause Final Roots
[47.962s][info][gc          ] GC(66) Pause Final Roots 0.020ms
[47.962s][info][gc,ergo     ] Free: 3810M, Max: 2048K regular, 1752M humongous, Frag: 55% external, 0% internal; Reserve: 206M, Max: 2048K
[47.962s][info][gc,stats    ] 
[47.962s][info][gc,stats    ] All times are wall-clock times, except per-root-class counters, that are sum over
[47.962s][info][gc,stats    ] all workers. Dividing the <total> over the root stage time estimates parallelism.
[47.962s][info][gc,stats    ] 
[47.962s][info][gc,stats    ] Concurrent Reset                    583 us
[47.962s][info][gc,stats    ] Pause Init Mark (G)                 386 us
[47.962s][info][gc,stats    ] Pause Init Mark (N)                 213 us
[47.962s][info][gc,stats    ]   Update Region States               96 us
[47.962s][info][gc,stats    ] Concurrent Mark Roots               760 us, parallelism: 0.83x
[47.963s][info][gc,stats    ]   CMR: <total>                      629 us
[47.963s][info][gc,stats    ]   CMR: Thread Roots                 558 us, workers (us): 558, ---, ---, 
[47.963s][info][gc,stats    ]   CMR: VM Strong Roots                7 us, workers (us):   7, ---, ---, 
[47.963s][info][gc,stats    ]   CMR: CLDG Roots                    65 us, workers (us):  65, ---, ---, 
[47.963s][info][gc,stats    ] Concurrent Marking                 8561 us
[47.963s][info][gc,stats    ] Pause Final Mark (G)                447 us
[47.963s][info][gc,stats    ] Pause Final Mark (N)                329 us
[47.963s][info][gc,stats    ]   Finish Mark                       101 us
[47.963s][info][gc,stats    ]   Update Region States               69 us
[47.963s][info][gc,stats    ]   Choose Collection Set              61 us
[47.963s][info][gc,stats    ]   Rebuild Free Set                   16 us
[47.963s][info][gc,stats    ] Concurrent Weak References          171 us, parallelism: 0.03x
[47.963s][info][gc,stats    ]   CWRF: <total>                       5 us
[47.963s][info][gc,stats    ]   CWRF: Weak References               5 us, workers (us):   5, ---, ---, 
[47.963s][info][gc,stats    ] Concurrent Weak Roots               723 us
[47.963s][info][gc,stats    ]   Roots                             588 us, parallelism: 0.88x
[47.963s][info][gc,stats    ]     CWR: <total>                    515 us
[47.963s][info][gc,stats    ]     CWR: Code Cache Roots           397 us, workers (us): 397, ---, ---, 
[47.963s][info][gc,stats    ]     CWR: VM Weak Roots              112 us, workers (us): 112, ---, ---, 
[47.963s][info][gc,stats    ]     CWR: CLDG Roots                   6 us, workers (us):   6, ---, ---, 
[47.963s][info][gc,stats    ]   Rendezvous                         88 us
[47.963s][info][gc,stats    ] Concurrent Cleanup                   51 us
[47.963s][info][gc,stats    ] Concurrent Class Unloading         2083 us
[47.963s][info][gc,stats    ]   Unlink Stale                     1726 us
[47.963s][info][gc,stats    ]     System Dictionary                 3 us
[47.963s][info][gc,stats    ]     Weak Class Links                  0 us
[47.963s][info][gc,stats    ]     Code Roots                     1722 us
[47.963s][info][gc,stats    ]   Rendezvous                        135 us
[47.963s][info][gc,stats    ]   Purge Unlinked                    151 us
[47.963s][info][gc,stats    ]     Code Roots                      142 us
[47.963s][info][gc,stats    ]     CLDG                              8 us
[47.963s][info][gc,stats    ]     Exception Caches                  0 us
[47.963s][info][gc,stats    ] Pause Final Roots (G)               113 us
[47.963s][info][gc,stats    ] Pause Final Roots (N)                28 us
[47.963s][info][gc,stats    ] 
[47.963s][info][gc,stats    ] Allocation pacing accrued:
[47.963s][info][gc,stats    ]       0 of   475 ms (  0.0%): <total>
[47.963s][info][gc,stats    ]       0 of   475 ms (  0.0%): <average total>
[47.963s][info][gc,stats    ] 
[47.963s][info][gc,metaspace] Metaspace: 8935K(9152K)->8935K(9152K) NonClass: 7762K(7872K)->7762K(7872K) Class: 1172K(1280K)->1172K(1280K)
[47.963s][info][gc,ergo     ] Pacer for Idle. Initial: 83886K, Alloc Tax Rate: 1.0x
[48.419s][info][gc          ] Trigger: Learning 3 of 5. Free (2852M) is below initial threshold (2867M)
[48.419s][info][gc,ergo     ] Free: 2852M, Max: 2048K regular, 1752M humongous, Frag: 39% external, 0% internal; Reserve: 206M, Max: 2048K
[48.419s][info][gc,start    ] GC(67) Concurrent reset
[48.419s][info][gc,task     ] GC(67) Using 1 of 3 workers for concurrent reset
[48.419s][info][gc,ergo     ] GC(67) Pacer for Reset. Non-Taxable: 4096M
[48.419s][info][gc          ] GC(67) Concurrent reset 0.494ms
[48.419s][info][gc,start    ] GC(67) Pause Init Mark (unload classes)
[48.420s][info][gc,task     ] GC(67) Using 3 of 3 workers for init marking
[48.420s][info][gc,ergo     ] GC(67) Pacer for Mark. Expected Live: 9518K, Free: 2850M, Non-Taxable: 285M, Alloc Tax Rate: 0.0x
[48.420s][info][gc          ] GC(67) Pause Init Mark (unload classes) 0.171ms
[48.420s][info][gc,start    ] GC(67) Concurrent marking roots
[48.420s][info][gc,task     ] GC(67) Using 1 of 3 workers for concurrent marking roots
[48.420s][info][gc          ] GC(67) Concurrent marking roots 0.597ms
[48.420s][info][gc,start    ] GC(67) Concurrent marking (unload classes)
[48.420s][info][gc,task     ] GC(67) Using 1 of 3 workers for concurrent marking
[48.433s][info][gc          ] GC(67) Concurrent marking (unload classes) 12.625ms
[48.433s][info][gc,start    ] GC(67) Pause Final Mark (unload classes)
[48.433s][info][gc,task     ] GC(67) Using 3 of 3 workers for final marking
[48.433s][info][gc,ergo     ] GC(67) Collectable Garbage: 984M (95%), Immediate: 984M (95%), CSet: 0B (0%)
[48.433s][info][gc          ] GC(67) Pause Final Mark (unload classes) 0.336ms
[48.433s][info][gc,start    ] GC(67) Concurrent weak references
[48.434s][info][gc,task     ] GC(67) Using 1 of 3 workers for concurrent weak references
[48.434s][info][gc,ref      ] GC(67) Encountered references: Soft: 144, Weak: 702, Final: 0, Phantom: 27
[48.434s][info][gc,ref      ] GC(67) Discovered  references: Soft: 0, Weak: 150, Final: 0, Phantom: 12
[48.434s][info][gc,ref      ] GC(67) Enqueued    references: Soft: 0, Weak: 0, Final: 0, Phantom: 0
[48.434s][info][gc          ] GC(67) Concurrent weak references 0.113ms
[48.434s][info][gc,start    ] GC(67) Concurrent weak roots
[48.434s][info][gc,task     ] GC(67) Using 1 of 3 workers for concurrent weak root
[48.434s][info][gc          ] GC(67) Concurrent weak roots 0.764ms
[48.434s][info][gc,start    ] GC(67) Concurrent cleanup
[48.434s][info][gc          ] GC(67) Concurrent cleanup 1070M->86M(4096M) 0.047ms
[48.434s][info][gc,ergo     ] GC(67) Free: 3804M, Max: 2048K regular, 1728M humongous, Frag: 55% external, 0% internal; Reserve: 206M, Max: 2048K
[48.434s][info][gc,start    ] GC(67) Concurrent class unloading
[48.434s][info][gc,task     ] GC(67) Using 1 of 3 workers for concurrent class unloading
[48.437s][info][gc          ] GC(67) Concurrent class unloading 2.174ms
[48.437s][info][gc,start    ] GC(67) Pause Final Roots
[48.437s][info][gc          ] GC(67) Pause Final Roots 0.023ms
[48.437s][info][gc,ergo     ] Free: 3800M, Max: 2048K regular, 1728M humongous, Frag: 55% external, 0% internal; Reserve: 206M, Max: 2048K
[48.437s][info][gc,stats    ] 
[48.437s][info][gc,stats    ] All times are wall-clock times, except per-root-class counters, that are sum over
[48.437s][info][gc,stats    ] all workers. Dividing the <total> over the root stage time estimates parallelism.
[48.437s][info][gc,stats    ] 
[48.437s][info][gc,stats    ] Concurrent Reset                    530 us
[48.437s][info][gc,stats    ] Pause Init Mark (G)                 346 us
[48.437s][info][gc,stats    ] Pause Init Mark (N)                 188 us
[48.437s][info][gc,stats    ]   Update Region States               68 us
[48.437s][info][gc,stats    ] Concurrent Mark Roots               620 us, parallelism: 0.80x
[48.437s][info][gc,stats    ]   CMR: <total>                      495 us
[48.437s][info][gc,stats    ]   CMR: Thread Roots                 425 us, workers (us): 425, ---, ---, 
[48.437s][info][gc,stats    ]   CMR: VM Strong Roots                6 us, workers (us):   6, ---, ---, 
[48.437s][info][gc,stats    ]   CMR: CLDG Roots                    64 us, workers (us):  64, ---, ---, 
[48.437s][info][gc,stats    ] Concurrent Marking                12684 us
[48.437s][info][gc,stats    ] Pause Final Mark (G)                462 us
[48.437s][info][gc,stats    ] Pause Final Mark (N)                356 us
[48.437s][info][gc,stats    ]   Finish Mark                       102 us
[48.437s][info][gc,stats    ]   Update Region States               91 us
[48.437s][info][gc,stats    ]   Choose Collection Set              62 us
[48.437s][info][gc,stats    ]   Rebuild Free Set                   17 us
[48.437s][info][gc,stats    ] Concurrent Weak References          120 us, parallelism: 0.04x
[48.437s][info][gc,stats    ]   CWRF: <total>                       5 us
[48.437s][info][gc,stats    ]   CWRF: Weak References               5 us, workers (us):   5, ---, ---, 
[48.437s][info][gc,stats    ] Concurrent Weak Roots               790 us
[48.437s][info][gc,stats    ]   Roots                             662 us, parallelism: 0.86x
[48.437s][info][gc,stats    ]     CWR: <total>                    569 us
[48.437s][info][gc,stats    ]     CWR: Code Cache Roots           453 us, workers (us): 453, ---, ---, 
[48.437s][info][gc,stats    ]     CWR: VM Weak Roots              110 us, workers (us): 110, ---, ---, 
[48.437s][info][gc,stats    ]     CWR: CLDG Roots                   6 us, workers (us):   6, ---, ---, 
[48.437s][info][gc,stats    ]   Rendezvous                         86 us
[48.437s][info][gc,stats    ] Concurrent Cleanup                   55 us
[48.437s][info][gc,stats    ] Concurrent Class Unloading         2228 us
[48.437s][info][gc,stats    ]   Unlink Stale                     1950 us
[48.437s][info][gc,stats    ]     System Dictionary                 4 us
[48.437s][info][gc,stats    ]     Weak Class Links                  0 us
[48.437s][info][gc,stats    ]     Code Roots                     1944 us
[48.437s][info][gc,stats    ]   Rendezvous                         52 us
[48.437s][info][gc,stats    ]   Purge Unlinked                    152 us
[48.437s][info][gc,stats    ]     Code Roots                      142 us
[48.437s][info][gc,stats    ]     CLDG                              9 us
[48.437s][info][gc,stats    ]     Exception Caches                  0 us
[48.437s][info][gc,stats    ] Pause Final Roots (G)               130 us
[48.437s][info][gc,stats    ] Pause Final Roots (N)                31 us
[48.437s][info][gc,stats    ] 
[48.437s][info][gc,stats    ] Allocation pacing accrued:
[48.437s][info][gc,stats    ]       0 of   474 ms (  0.0%): <total>
[48.437s][info][gc,stats    ]       0 of   474 ms (  0.0%): <average total>
[48.437s][info][gc,stats    ] 
[48.437s][info][gc,metaspace] Metaspace: 8935K(9152K)->8935K(9152K) NonClass: 7762K(7872K)->7762K(7872K) Class: 1172K(1280K)->1172K(1280K)
[48.437s][info][gc,ergo     ] Pacer for Idle. Initial: 83886K, Alloc Tax Rate: 1.0x
[48.889s][info][gc          ] Trigger: Learning 4 of 5. Free (2844M) is below initial threshold (2867M)
[48.890s][info][gc,ergo     ] Free: 2842M, Max: 2048K regular, 1728M humongous, Frag: 40% external, 0% internal; Reserve: 206M, Max: 2048K
[48.890s][info][gc,start    ] GC(68) Concurrent reset
[48.890s][info][gc,task     ] GC(68) Using 1 of 3 workers for concurrent reset
[48.890s][info][gc,ergo     ] GC(68) Pacer for Reset. Non-Taxable: 4096M
[48.890s][info][gc          ] GC(68) Concurrent reset 0.578ms
[48.890s][info][gc,start    ] GC(68) Pause Init Mark (unload classes)
[48.890s][info][gc,task     ] GC(68) Using 3 of 3 workers for init marking
[48.891s][info][gc,ergo     ] GC(68) Pacer for Mark. Expected Live: 9499K, Free: 2842M, Non-Taxable: 284M, Alloc Tax Rate: 0.0x
[48.891s][info][gc          ] GC(68) Pause Init Mark (unload classes) 0.177ms
[48.891s][info][gc,start    ] GC(68) Concurrent marking roots
[48.891s][info][gc,task     ] GC(68) Using 1 of 3 workers for concurrent marking roots
[48.891s][info][gc          ] GC(68) Concurrent marking roots 0.660ms
[48.891s][info][gc,start    ] GC(68) Concurrent marking (unload classes)
[48.891s][info][gc,task     ] GC(68) Using 1 of 3 workers for concurrent marking
[48.909s][info][gc          ] GC(68) Concurrent marking (unload classes) 17.232ms
[48.909s][info][gc,start    ] GC(68) Pause Final Mark (unload classes)
[48.909s][info][gc,task     ] GC(68) Using 3 of 3 workers for final marking
[48.909s][info][gc,ergo     ] GC(68) Collectable Garbage: 988M (95%), Immediate: 988M (95%), CSet: 0B (0%)
[48.909s][info][gc          ] GC(68) Pause Final Mark (unload classes) 0.317ms
[48.909s][info][gc,start    ] GC(68) Concurrent weak references
[48.909s][info][gc,task     ] GC(68) Using 1 of 3 workers for concurrent weak references
[48.909s][info][gc,ref      ] GC(68) Encountered references: Soft: 144, Weak: 702, Final: 0, Phantom: 27
[48.909s][info][gc,ref      ] GC(68) Discovered  references: Soft: 0, Weak: 150, Final: 0, Phantom: 25
[48.909s][info][gc,ref      ] GC(68) Enqueued    references: Soft: 0, Weak: 0, Final: 0, Phantom: 0
[48.909s][info][gc          ] GC(68) Concurrent weak references 0.169ms
[48.909s][info][gc,start    ] GC(68) Concurrent weak roots
[48.909s][info][gc,task     ] GC(68) Using 1 of 3 workers for concurrent weak root
[48.910s][info][gc          ] GC(68) Concurrent weak roots 0.551ms
[48.910s][info][gc,start    ] GC(68) Concurrent cleanup
[48.910s][info][gc          ] GC(68) Concurrent cleanup 1086M->98M(4096M) 0.042ms
[48.910s][info][gc,ergo     ] GC(68) Free: 3792M, Max: 2048K regular, 1712M humongous, Frag: 55% external, 0% internal; Reserve: 206M, Max: 2048K
[48.910s][info][gc,start    ] GC(68) Concurrent class unloading
[48.910s][info][gc,task     ] GC(68) Using 1 of 3 workers for concurrent class unloading
[48.912s][info][gc          ] GC(68) Concurrent class unloading 1.859ms
[48.912s][info][gc,start    ] GC(68) Pause Final Roots
[48.912s][info][gc          ] GC(68) Pause Final Roots 0.023ms
[48.912s][info][gc,ergo     ] Free: 3788M, Max: 2048K regular, 1712M humongous, Frag: 55% external, 0% internal; Reserve: 206M, Max: 2048K
[48.912s][info][gc,stats    ] 
[48.912s][info][gc,stats    ] All times are wall-clock times, except per-root-class counters, that are sum over
[48.912s][info][gc,stats    ] all workers. Dividing the <total> over the root stage time estimates parallelism.
[48.912s][info][gc,stats    ] 
[48.912s][info][gc,stats    ] Concurrent Reset                    617 us
[48.912s][info][gc,stats    ] Pause Init Mark (G)                 370 us
[48.912s][info][gc,stats    ] Pause Init Mark (N)                 194 us
[48.912s][info][gc,stats    ]   Update Region States               73 us
[48.912s][info][gc,stats    ] Concurrent Mark Roots               679 us, parallelism: 0.83x
[48.912s][info][gc,stats    ]   CMR: <total>                      562 us
[48.912s][info][gc,stats    ]   CMR: Thread Roots                 493 us, workers (us): 493, ---, ---, 
[48.912s][info][gc,stats    ]   CMR: VM Strong Roots                6 us, workers (us):   6, ---, ---, 
[48.912s][info][gc,stats    ]   CMR: CLDG Roots                    63 us, workers (us):  63, ---, ---, 
[48.912s][info][gc,stats    ] Concurrent Marking                17295 us
[48.912s][info][gc,stats    ] Pause Final Mark (G)                463 us
[48.912s][info][gc,stats    ] Pause Final Mark (N)                337 us
[48.912s][info][gc,stats    ]   Finish Mark                       101 us
[48.912s][info][gc,stats    ]   Update Region States               63 us
[48.912s][info][gc,stats    ]   Choose Collection Set              62 us
[48.912s][info][gc,stats    ]   Rebuild Free Set                   17 us
[48.912s][info][gc,stats    ] Concurrent Weak References          180 us, parallelism: 0.04x
[48.912s][info][gc,stats    ]   CWRF: <total>                       8 us
[48.912s][info][gc,stats    ]   CWRF: Weak References               8 us, workers (us):   8, ---, ---, 
[48.912s][info][gc,stats    ] Concurrent Weak Roots               570 us
[48.912s][info][gc,stats    ]   Roots                             454 us, parallelism: 0.88x
[48.912s][info][gc,stats    ]     CWR: <total>                    401 us
[48.912s][info][gc,stats    ]     CWR: Code Cache Roots           333 us, workers (us): 333, ---, ---, 
[48.912s][info][gc,stats    ]     CWR: VM Weak Roots               62 us, workers (us):  62, ---, ---, 
[48.912s][info][gc,stats    ]     CWR: CLDG Roots                   5 us, workers (us):   5, ---, ---, 
[48.912s][info][gc,stats    ]   Rendezvous                         82 us
[48.912s][info][gc,stats    ] Concurrent Cleanup                   51 us
[48.912s][info][gc,stats    ] Concurrent Class Unloading         1908 us
[48.912s][info][gc,stats    ]   Unlink Stale                     1679 us
[48.912s][info][gc,stats    ]     System Dictionary                 3 us
[48.912s][info][gc,stats    ]     Weak Class Links                  0 us
[48.912s][info][gc,stats    ]     Code Roots                     1675 us
[48.912s][info][gc,stats    ]   Rendezvous                         53 us
[48.912s][info][gc,stats    ]   Purge Unlinked                    109 us
[48.912s][info][gc,stats    ]     Code Roots                       99 us
[48.912s][info][gc,stats    ]     CLDG                              9 us
[48.912s][info][gc,stats    ]     Exception Caches                  0 us
[48.912s][info][gc,stats    ] Pause Final Roots (G)               130 us
[48.912s][info][gc,stats    ] Pause Final Roots (N)                31 us
[48.912s][info][gc,stats    ] 
[48.912s][info][gc,stats    ] Allocation pacing accrued:
[48.912s][info][gc,stats    ]       0 of   475 ms (  0.0%): <total>
[48.912s][info][gc,stats    ]       0 of   475 ms (  0.0%): <average total>
[48.912s][info][gc,stats    ] 
[48.912s][info][gc,metaspace] Metaspace: 8935K(9152K)->8935K(9152K) NonClass: 7762K(7872K)->7762K(7872K) Class: 1172K(1280K)->1172K(1280K)
[48.912s][info][gc,ergo     ] Pacer for Idle. Initial: 83886K, Alloc Tax Rate: 1.0x
[49.343s][info][gc          ] Trigger: Learning 5 of 5. Free (2864M) is below initial threshold (2867M)
[49.343s][info][gc,ergo     ] Free: 2864M, Max: 2048K regular, 1712M humongous, Frag: 41% external, 0% internal; Reserve: 206M, Max: 2048K
[49.344s][info][gc,start    ] GC(69) Concurrent reset
[49.344s][info][gc,task     ] GC(69) Using 1 of 3 workers for concurrent reset
[49.344s][info][gc,ergo     ] GC(69) Pacer for Reset. Non-Taxable: 4096M
[49.344s][info][gc          ] GC(69) Concurrent reset 0.607ms
[49.344s][info][gc,start    ] GC(69) Pause Init Mark (unload classes)
[49.344s][info][gc,task     ] GC(69) Using 3 of 3 workers for init marking
[49.344s][info][gc,ergo     ] GC(69) Pacer for Mark. Expected Live: 9475K, Free: 2862M, Non-Taxable: 286M, Alloc Tax Rate: 0.0x
[49.344s][info][gc          ] GC(69) Pause Init Mark (unload classes) 0.170ms
[49.345s][info][gc,start    ] GC(69) Concurrent marking roots
[49.345s][info][gc,task     ] GC(69) Using 1 of 3 workers for concurrent marking roots
[49.345s][info][gc          ] GC(69) Concurrent marking roots 0.419ms
[49.345s][info][gc,start    ] GC(69) Concurrent marking (unload classes)
[49.345s][info][gc,task     ] GC(69) Using 1 of 3 workers for concurrent marking
[49.366s][info][gc          ] GC(69) Concurrent marking (unload classes) 21.101ms
[49.366s][info][gc,start    ] GC(69) Pause Final Mark (unload classes)
[49.366s][info][gc,task     ] GC(69) Using 3 of 3 workers for final marking
[49.366s][info][gc,ergo     ] GC(69) Collectable Garbage: 956M (94%), Immediate: 956M (94%), CSet: 0B (0%)
[49.367s][info][gc          ] GC(69) Pause Final Mark (unload classes) 0.341ms
[49.367s][info][gc,start    ] GC(69) Concurrent weak references
[49.367s][info][gc,task     ] GC(69) Using 1 of 3 workers for concurrent weak references
[49.367s][info][gc,ref      ] GC(69) Encountered references: Soft: 144, Weak: 702, Final: 0, Phantom: 27
[49.367s][info][gc,ref      ] GC(69) Discovered  references: Soft: 0, Weak: 150, Final: 0, Phantom: 25
[49.367s][info][gc,ref      ] GC(69) Enqueued    references: Soft: 0, Weak: 0, Final: 0, Phantom: 0
[49.367s][info][gc          ] GC(69) Concurrent weak references 0.157ms
[49.367s][info][gc,start    ] GC(69) Concurrent weak roots
[49.367s][info][gc,task     ] GC(69) Using 1 of 3 workers for concurrent weak root
[49.367s][info][gc          ] GC(69) Concurrent weak roots 0.568ms
[49.367s][info][gc,start    ] GC(69) Concurrent cleanup
[49.367s][info][gc          ] GC(69) Concurrent cleanup 1074M->118M(4096M) 0.042ms
[49.367s][info][gc,ergo     ] GC(69) Free: 3772M, Max: 2048K regular, 1740M humongous, Frag: 54% external, 0% internal; Reserve: 206M, Max: 2048K
[49.367s][info][gc,start    ] GC(69) Concurrent class unloading
[49.367s][info][gc,task     ] GC(69) Using 1 of 3 workers for concurrent class unloading
[49.369s][info][gc          ] GC(69) Concurrent class unloading 1.881ms
[49.369s][info][gc,start    ] GC(69) Pause Final Roots
[49.369s][info][gc          ] GC(69) Pause Final Roots 0.040ms
[49.370s][info][gc,ergo     ] Free: 3768M, Max: 2048K regular, 1740M humongous, Frag: 54% external, 0% internal; Reserve: 206M, Max: 2048K
[49.370s][info][gc,stats    ] 
[49.370s][info][gc,stats    ] All times are wall-clock times, except per-root-class counters, that are sum over
[49.370s][info][gc,stats    ] all workers. Dividing the <total> over the root stage time estimates parallelism.
[49.370s][info][gc,stats    ] 
[49.370s][info][gc,stats    ] Concurrent Reset                    645 us
[49.370s][info][gc,stats    ] Pause Init Mark (G)                 341 us
[49.370s][info][gc,stats    ] Pause Init Mark (N)                 187 us
[49.370s][info][gc,stats    ]   Update Region States               68 us
[49.370s][info][gc,stats    ] Concurrent Mark Roots               436 us, parallelism: 0.76x
[49.370s][info][gc,stats    ]   CMR: <total>                      333 us
[49.370s][info][gc,stats    ]   CMR: Thread Roots                 293 us, workers (us): 293, ---, ---, 
[49.370s][info][gc,stats    ]   CMR: VM Strong Roots                5 us, workers (us):   5, ---, ---, 
[49.370s][info][gc,stats    ]   CMR: CLDG Roots                    35 us, workers (us):  35, ---, ---, 
[49.370s][info][gc,stats    ] Concurrent Marking                21163 us
[49.370s][info][gc,stats    ] Pause Final Mark (G)                496 us
[49.370s][info][gc,stats    ] Pause Final Mark (N)                362 us
[49.370s][info][gc,stats    ]   Finish Mark                       104 us
[49.370s][info][gc,stats    ]   Update Region States               90 us
[49.370s][info][gc,stats    ]   Choose Collection Set              63 us
[49.370s][info][gc,stats    ]   Rebuild Free Set                   17 us
[49.370s][info][gc,stats    ] Concurrent Weak References          172 us, parallelism: 0.03x
[49.370s][info][gc,stats    ]   CWRF: <total>                       5 us
[49.370s][info][gc,stats    ]   CWRF: Weak References               5 us, workers (us):   5, ---, ---, 
[49.370s][info][gc,stats    ] Concurrent Weak Roots               586 us
[49.370s][info][gc,stats    ]   Roots                             454 us, parallelism: 0.88x
[49.370s][info][gc,stats    ]     CWR: <total>                    400 us
[49.370s][info][gc,stats    ]     CWR: Code Cache Roots           332 us, workers (us): 332, ---, ---, 
[49.370s][info][gc,stats    ]     CWR: VM Weak Roots               63 us, workers (us):  63, ---, ---, 
[49.370s][info][gc,stats    ]     CWR: CLDG Roots                   5 us, workers (us):   5, ---, ---, 
[49.370s][info][gc,stats    ]   Rendezvous                         82 us
[49.370s][info][gc,stats    ] Concurrent Cleanup                   50 us
[49.370s][info][gc,stats    ] Concurrent Class Unloading         1932 us
[49.370s][info][gc,stats    ]   Unlink Stale                     1644 us
[49.370s][info][gc,stats    ]     System Dictionary                 2 us
[49.370s][info][gc,stats    ]     Weak Class Links                  0 us
[49.370s][info][gc,stats    ]     Code Roots                     1641 us
[49.370s][info][gc,stats    ]   Rendezvous                        104 us
[49.370s][info][gc,stats    ]   Purge Unlinked                    114 us
[49.370s][info][gc,stats    ]     Code Roots                      105 us
[49.370s][info][gc,stats    ]     CLDG                              9 us
[49.370s][info][gc,stats    ]     Exception Caches                  0 us
[49.370s][info][gc,stats    ] Pause Final Roots (G)               185 us
[49.370s][info][gc,stats    ] Pause Final Roots (N)                58 us
[49.370s][info][gc,stats    ] 
[49.370s][info][gc,stats    ] Allocation pacing accrued:
[49.370s][info][gc,stats    ]       0 of   458 ms (  0.0%): <total>
[49.370s][info][gc,stats    ]       0 of   458 ms (  0.0%): <average total>
[49.370s][info][gc,stats    ] 
[49.370s][info][gc,metaspace] Metaspace: 8935K(9152K)->8935K(9152K) NonClass: 7762K(7872K)->7762K(7872K) Class: 1172K(1280K)->1172K(1280K)
[49.370s][info][gc,ergo     ] Pacer for Idle. Initial: 83886K, Alloc Tax Rate: 1.0x
[51.024s][info][gc          ] Trigger: Explicit GC request (System.gc())
[51.024s][info][gc,ergo     ] Free: 952M, Max: 2048K regular, 952M humongous, Frag: 0% external, 0% internal; Reserve: 206M, Max: 2048K
[51.024s][info][gc,start    ] GC(70) Concurrent reset
[51.024s][info][gc,task     ] GC(70) Using 1 of 3 workers for concurrent reset
[51.024s][info][gc,ergo     ] GC(70) Pacer for Reset. Non-Taxable: 4096M
[51.024s][info][gc          ] GC(70) Concurrent reset 0.569ms
[51.024s][info][gc,start    ] GC(70) Pause Init Mark (unload classes)
[51.024s][info][gc,task     ] GC(70) Using 3 of 3 workers for init marking
[51.024s][info][gc,ref      ] GC(70) Clearing All SoftReferences
[51.025s][info][gc,ergo     ] GC(70) Pacer for Mark. Expected Live: 9441K, Free: 952M, Non-Taxable: 97484K, Alloc Tax Rate: 0.0x
[51.025s][info][gc          ] GC(70) Pause Init Mark (unload classes) 0.156ms
[51.025s][info][gc,start    ] GC(70) Concurrent marking roots
[51.025s][info][gc,task     ] GC(70) Using 1 of 3 workers for concurrent marking roots
[51.025s][info][gc          ] GC(70) Concurrent marking roots 0.694ms
[51.025s][info][gc,start    ] GC(70) Concurrent marking (unload classes)
[51.025s][info][gc,task     ] GC(70) Using 1 of 3 workers for concurrent marking
[51.029s][info][gc          ] GC(70) Concurrent marking (unload classes) 3.813ms
[51.029s][info][gc,start    ] GC(70) Pause Final Mark (unload classes)
[51.029s][info][gc,task     ] GC(70) Using 3 of 3 workers for final marking
[51.029s][info][gc,ergo     ] GC(70) Collectable Garbage: 2906M (99%), Immediate: 2906M (99%), CSet: 0B (0%)
[51.029s][info][gc          ] GC(70) Pause Final Mark (unload classes) 0.318ms
[51.029s][info][gc,start    ] GC(70) Concurrent weak references
[51.029s][info][gc,task     ] GC(70) Using 1 of 3 workers for concurrent weak references
[51.030s][info][gc,ref      ] GC(70) Encountered references: Soft: 144, Weak: 702, Final: 0, Phantom: 27
[51.030s][info][gc,ref      ] GC(70) Discovered  references: Soft: 88, Weak: 168, Final: 0, Phantom: 25
[51.030s][info][gc,ref      ] GC(70) Enqueued    references: Soft: 3, Weak: 0, Final: 0, Phantom: 0
[51.030s][info][gc          ] GC(70) Concurrent weak references 0.159ms
[51.030s][info][gc,start    ] GC(70) Concurrent weak roots
[51.030s][info][gc,task     ] GC(70) Using 1 of 3 workers for concurrent weak root
[51.030s][info][gc          ] GC(70) Concurrent weak roots 0.657ms
[51.030s][info][gc,start    ] GC(70) Concurrent cleanup
[51.030s][info][gc          ] GC(70) Concurrent cleanup 2938M->32M(4096M) 0.087ms
[51.030s][info][gc,ergo     ] GC(70) Free: 3858M, Max: 2048K regular, 2720M humongous, Frag: 30% external, 0% internal; Reserve: 206M, Max: 2048K
[51.030s][info][gc,start    ] GC(70) Concurrent class unloading
[51.030s][info][gc,task     ] GC(70) Using 1 of 3 workers for concurrent class unloading
[51.033s][info][gc          ] GC(70) Concurrent class unloading 2.580ms
[51.033s][info][gc,start    ] GC(70) Pause Final Roots
[51.033s][info][gc          ] GC(70) Pause Final Roots 0.077ms
[51.033s][info][gc,ergo     ] Free: 3858M, Max: 2048K regular, 2720M humongous, Frag: 30% external, 0% internal; Reserve: 206M, Max: 2048K
[51.033s][info][gc,stats    ] 
[51.033s][info][gc,stats    ] All times are wall-clock times, except per-root-class counters, that are sum over
[51.033s][info][gc,stats    ] all workers. Dividing the <total> over the root stage time estimates parallelism.
[51.033s][info][gc,stats    ] 
[51.033s][info][gc,stats    ] Concurrent Reset                    593 us
[51.033s][info][gc,stats    ] Pause Init Mark (G)                 232 us
[51.033s][info][gc,stats    ] Pause Init Mark (N)                 164 us
[51.033s][info][gc,stats    ]   Update Region States               72 us
[51.033s][info][gc,stats    ] Concurrent Mark Roots               703 us, parallelism: 0.88x
[51.033s][info][gc,stats    ]   CMR: <total>                      616 us
[51.033s][info][gc,stats    ]   CMR: Thread Roots                 545 us, workers (us): 545, ---, ---, 
[51.033s][info][gc,stats    ]   CMR: VM Strong Roots                7 us, workers (us):   7, ---, ---, 
[51.033s][info][gc,stats    ]   CMR: CLDG Roots                    64 us, workers (us):  64, ---, ---, 
[51.033s][info][gc,stats    ] Concurrent Marking                 3838 us
[51.033s][info][gc,stats    ] Pause Final Mark (G)                386 us
[51.033s][info][gc,stats    ] Pause Final Mark (N)                338 us
[51.033s][info][gc,stats    ]   Finish Mark                        64 us
[51.033s][info][gc,stats    ]   Update Region States               76 us
[51.033s][info][gc,stats    ]   Choose Collection Set              73 us
[51.033s][info][gc,stats    ]   Rebuild Free Set                   16 us
[51.033s][info][gc,stats    ] Concurrent Weak References          174 us, parallelism: 0.07x
[51.033s][info][gc,stats    ]   CWRF: <total>                      13 us
[51.033s][info][gc,stats    ]   CWRF: Weak References              13 us, workers (us):  13, ---, ---, 
[51.033s][info][gc,stats    ] Concurrent Weak Roots               668 us
[51.033s][info][gc,stats    ]   Roots                             545 us, parallelism: 0.89x
[51.034s][info][gc,stats    ]     CWR: <total>                    483 us
[51.034s][info][gc,stats    ]     CWR: Code Cache Roots           369 us, workers (us): 369, ---, ---, 
[51.034s][info][gc,stats    ]     CWR: VM Weak Roots              109 us, workers (us): 109, ---, ---, 
[51.034s][info][gc,stats    ]     CWR: CLDG Roots                   5 us, workers (us):   5, ---, ---, 
[51.034s][info][gc,stats    ]   Rendezvous                         82 us
[51.034s][info][gc,stats    ] Concurrent Cleanup                   95 us
[51.034s][info][gc,stats    ] Concurrent Class Unloading         2632 us
[51.034s][info][gc,stats    ]   Unlink Stale                     2013 us
[51.034s][info][gc,stats    ]     System Dictionary                 3 us
[51.034s][info][gc,stats    ]     Weak Class Links                  0 us
[51.034s][info][gc,stats    ]     Code Roots                     2009 us
[51.034s][info][gc,stats    ]   Rendezvous                        338 us
[51.034s][info][gc,stats    ]   Purge Unlinked                    211 us
[51.034s][info][gc,stats    ]     Code Roots                      206 us
[51.034s][info][gc,stats    ]     CLDG                              5 us
[51.034s][info][gc,stats    ]     Exception Caches                  0 us
[51.034s][info][gc,stats    ] Pause Final Roots (G)               197 us
[51.034s][info][gc,stats    ] Pause Final Roots (N)               101 us
[51.034s][info][gc,stats    ] 
[51.034s][info][gc,stats    ] Allocation pacing accrued:
[51.034s][info][gc,stats    ]       0 of  1664 ms (  0.0%): <total>
[51.034s][info][gc,stats    ]       0 of  1664 ms (  0.0%): <average total>
[51.034s][info][gc,stats    ] 
[51.034s][info][gc,metaspace] Metaspace: 8936K(9152K)->8936K(9152K) NonClass: 7763K(7872K)->7763K(7872K) Class: 1172K(1280K)->1172K(1280K)
[51.034s][info][gc,ergo     ] Pacer for Idle. Initial: 83886K, Alloc Tax Rate: 1.0x
[51.510s][info][gc          ] Trigger: Learning 2 of 5. Free (2834M) is below initial threshold (2867M)
[51.511s][info][gc,ergo     ] Free: 2834M, Max: 2048K regular, 1744M humongous, Frag: 39% external, 0% internal; Reserve: 206M, Max: 2048K
[51.511s][info][gc,start    ] GC(71) Concurrent reset
[51.511s][info][gc,task     ] GC(71) Using 1 of 3 workers for concurrent reset
[51.511s][info][gc,ergo     ] GC(71) Pacer for Reset. Non-Taxable: 4096M
[51.511s][info][gc          ] GC(71) Concurrent reset 0.480ms
[51.511s][info][gc,start    ] GC(71) Pause Init Mark (unload classes)
[51.511s][info][gc,task     ] GC(71) Using 3 of 3 workers for init marking
[51.511s][info][gc,ergo     ] GC(71) Pacer for Mark. Expected Live: 9441K, Free: 2832M, Non-Taxable: 283M, Alloc Tax Rate: 0.0x
[51.511s][info][gc          ] GC(71) Pause Init Mark (unload classes) 0.177ms
[51.512s][info][gc,start    ] GC(71) Concurrent marking roots
[51.512s][info][gc,task     ] GC(71) Using 1 of 3 workers for concurrent marking roots
[51.512s][info][gc          ] GC(71) Concurrent marking roots 0.433ms
[51.512s][info][gc,start    ] GC(71) Concurrent marking (unload classes)
[51.512s][info][gc,task     ] GC(71) Using 1 of 3 workers for concurrent marking
[51.521s][info][gc          ] GC(71) Concurrent marking (unload classes) 8.591ms
[51.521s][info][gc,start    ] GC(71) Pause Final Mark (unload classes)
[51.521s][info][gc,task     ] GC(71) Using 3 of 3 workers for final marking
[51.521s][info][gc,ergo     ] GC(71) Collectable Garbage: 1012M (96%), Immediate: 1012M (96%), CSet: 0B (0%)
[51.521s][info][gc          ] GC(71) Pause Final Mark (unload classes) 0.355ms
[51.521s][info][gc,start    ] GC(71) Concurrent weak references
[51.521s][info][gc,task     ] GC(71) Using 1 of 3 workers for concurrent weak references
[51.521s][info][gc,ref      ] GC(71) Encountered references: Soft: 144, Weak: 702, Final: 0, Phantom: 27
[51.521s][info][gc,ref      ] GC(71) Discovered  references: Soft: 0, Weak: 150, Final: 0, Phantom: 12
[51.521s][info][gc,ref      ] GC(71) Enqueued    references: Soft: 0, Weak: 0, Final: 0, Phantom: 0
[51.521s][info][gc          ] GC(71) Concurrent weak references 0.171ms
[51.521s][info][gc,start    ] GC(71) Concurrent weak roots
[51.521s][info][gc,task     ] GC(71) Using 1 of 3 workers for concurrent weak root
[51.522s][info][gc          ] GC(71) Concurrent weak roots 0.557ms
[51.522s][info][gc,start    ] GC(71) Concurrent cleanup
[51.522s][info][gc          ] GC(71) Concurrent cleanup 1080M->68M(4096M) 0.043ms
[51.522s][info][gc,ergo     ] GC(71) Free: 3822M, Max: 2048K regular, 1720M humongous, Frag: 55% external, 0% internal; Reserve: 206M, Max: 2048K
[51.522s][info][gc,start    ] GC(71) Concurrent class unloading
[51.522s][info][gc,task     ] GC(71) Using 1 of 3 workers for concurrent class unloading
[51.524s][info][gc          ] GC(71) Concurrent class unloading 1.949ms
[51.524s][info][gc,start    ] GC(71) Pause Final Roots
[51.524s][info][gc          ] GC(71) Pause Final Roots 0.019ms
[51.524s][info][gc,ergo     ] Free: 3818M, Max: 2048K regular, 1720M humongous, Frag: 55% external, 0% internal; Reserve: 206M, Max: 2048K
[51.524s][info][gc,stats    ] 
[51.524s][info][gc,stats    ] All times are wall-clock times, except per-root-class counters, that are sum over
[51.524s][info][gc,stats    ] all workers. Dividing the <total> over the root stage time estimates parallelism.
[51.524s][info][gc,stats    ] 
[51.524s][info][gc,stats    ] Concurrent Reset                    530 us
[51.524s][info][gc,stats    ] Pause Init Mark (G)                 335 us
[51.524s][info][gc,stats    ] Pause Init Mark (N)                 194 us
[51.524s][info][gc,stats    ]   Update Region States               71 us
[51.524s][info][gc,stats    ] Concurrent Mark Roots               456 us, parallelism: 0.76x
[51.524s][info][gc,stats    ]   CMR: <total>                      348 us
[51.524s][info][gc,stats    ]   CMR: Thread Roots                 304 us, workers (us): 304, ---, ---, 
[51.524s][info][gc,stats    ]   CMR: VM Strong Roots                5 us, workers (us):   5, ---, ---, 
[51.524s][info][gc,stats    ]   CMR: CLDG Roots                    39 us, workers (us):  39, ---, ---, 
[51.524s][info][gc,stats    ] Concurrent Marking                 8657 us
[51.524s][info][gc,stats    ] Pause Final Mark (G)                500 us
[51.524s][info][gc,stats    ] Pause Final Mark (N)                375 us
[51.524s][info][gc,stats    ]   Finish Mark                       132 us
[51.524s][info][gc,stats    ]   Update Region States               65 us
[51.524s][info][gc,stats    ]   Choose Collection Set              63 us
[51.524s][info][gc,stats    ]   Rebuild Free Set                   16 us
[51.524s][info][gc,stats    ] Concurrent Weak References          179 us, parallelism: 0.05x
[51.524s][info][gc,stats    ]   CWRF: <total>                       9 us
[51.524s][info][gc,stats    ]   CWRF: Weak References               9 us, workers (us):   9, ---, ---, 
[51.524s][info][gc,stats    ] Concurrent Weak Roots               576 us
[51.524s][info][gc,stats    ]   Roots                             459 us, parallelism: 0.88x
[51.524s][info][gc,stats    ]     CWR: <total>                    406 us
[51.524s][info][gc,stats    ]     CWR: Code Cache Roots           338 us, workers (us): 338, ---, ---, 
[51.524s][info][gc,stats    ]     CWR: VM Weak Roots               62 us, workers (us):  62, ---, ---, 
[51.524s][info][gc,stats    ]     CWR: CLDG Roots                   5 us, workers (us):   5, ---, ---, 
[51.524s][info][gc,stats    ]   Rendezvous                         82 us
[51.524s][info][gc,stats    ] Concurrent Cleanup                   51 us
[51.524s][info][gc,stats    ] Concurrent Class Unloading         1995 us
[51.524s][info][gc,stats    ]   Unlink Stale                     1658 us
[51.524s][info][gc,stats    ]     System Dictionary                 2 us
[51.524s][info][gc,stats    ]     Weak Class Links                  0 us
[51.524s][info][gc,stats    ]     Code Roots                     1654 us
[51.524s][info][gc,stats    ]   Rendezvous                        120 us
[51.524s][info][gc,stats    ]   Purge Unlinked                    153 us
[51.524s][info][gc,stats    ]     Code Roots                      144 us
[51.524s][info][gc,stats    ]     CLDG                              9 us
[51.524s][info][gc,stats    ]     Exception Caches                  0 us
[51.524s][info][gc,stats    ] Pause Final Roots (G)               132 us
[51.524s][info][gc,stats    ] Pause Final Roots (N)                28 us
[51.524s][info][gc,stats    ] 
[51.525s][info][gc,stats    ] Allocation pacing accrued:
[51.525s][info][gc,stats    ]       0 of   491 ms (  0.0%): <total>
[51.525s][info][gc,stats    ]       0 of   491 ms (  0.0%): <average total>
[51.525s][info][gc,stats    ] 
[51.525s][info][gc,metaspace] Metaspace: 8940K(9152K)->8940K(9152K) NonClass: 7767K(7872K)->7767K(7872K) Class: 1172K(1280K)->1172K(1280K)
[51.525s][info][gc,ergo     ] Pacer for Idle. Initial: 83886K, Alloc Tax Rate: 1.0x
[51.981s][info][gc          ] Trigger: Learning 3 of 5. Free (2852M) is below initial threshold (2867M)
[51.982s][info][gc,ergo     ] Free: 2852M, Max: 2048K regular, 1720M humongous, Frag: 40% external, 0% internal; Reserve: 206M, Max: 2048K
[51.982s][info][gc,start    ] GC(72) Concurrent reset
[51.982s][info][gc,task     ] GC(72) Using 1 of 3 workers for concurrent reset
[51.982s][info][gc,ergo     ] GC(72) Pacer for Reset. Non-Taxable: 4096M
[51.982s][info][gc          ] GC(72) Concurrent reset 0.544ms
[51.982s][info][gc,start    ] GC(72) Pause Init Mark (unload classes)
[51.982s][info][gc,task     ] GC(72) Using 3 of 3 workers for init marking
[51.982s][info][gc,ergo     ] GC(72) Pacer for Mark. Expected Live: 9454K, Free: 2850M, Non-Taxable: 285M, Alloc Tax Rate: 0.0x
[51.982s][info][gc          ] GC(72) Pause Init Mark (unload classes) 0.173ms
[51.983s][info][gc,start    ] GC(72) Concurrent marking roots
[51.983s][info][gc,task     ] GC(72) Using 1 of 3 workers for concurrent marking roots
[51.983s][info][gc          ] GC(72) Concurrent marking roots 0.676ms
[51.983s][info][gc,start    ] GC(72) Concurrent marking (unload classes)
[51.983s][info][gc,task     ] GC(72) Using 1 of 3 workers for concurrent marking
[51.996s][info][gc          ] GC(72) Concurrent marking (unload classes) 12.796ms
[51.996s][info][gc,start    ] GC(72) Pause Final Mark (unload classes)
[51.996s][info][gc,task     ] GC(72) Using 3 of 3 workers for final marking
[51.996s][info][gc,ergo     ] GC(72) Collectable Garbage: 982M (95%), Immediate: 982M (95%), CSet: 0B (0%)
[51.996s][info][gc          ] GC(72) Pause Final Mark (unload classes) 0.315ms
[51.996s][info][gc,start    ] GC(72) Concurrent weak references
[51.997s][info][gc,task     ] GC(72) Using 1 of 3 workers for concurrent weak references
[51.997s][info][gc,ref      ] GC(72) Encountered references: Soft: 144, Weak: 702, Final: 0, Phantom: 27
[51.997s][info][gc,ref      ] GC(72) Discovered  references: Soft: 0, Weak: 150, Final: 0, Phantom: 12
[51.997s][info][gc,ref      ] GC(72) Enqueued    references: Soft: 0, Weak: 0, Final: 0, Phantom: 0
[51.997s][info][gc          ] GC(72) Concurrent weak references 0.139ms
[51.997s][info][gc,start    ] GC(72) Concurrent weak roots
[51.997s][info][gc,task     ] GC(72) Using 1 of 3 workers for concurrent weak root
[51.997s][info][gc          ] GC(72) Concurrent weak roots 0.589ms
[51.997s][info][gc,start    ] GC(72) Concurrent cleanup
[51.997s][info][gc          ] GC(72) Concurrent cleanup 1070M->88M(4096M) 0.045ms
[51.997s][info][gc,ergo     ] GC(72) Free: 3802M, Max: 2048K regular, 1754M humongous, Frag: 54% external, 0% internal; Reserve: 206M, Max: 2048K
[51.997s][info][gc,start    ] GC(72) Concurrent class unloading
[51.997s][info][gc,task     ] GC(72) Using 1 of 3 workers for concurrent class unloading
[52.000s][info][gc          ] GC(72) Concurrent class unloading 2.309ms
[52.000s][info][gc,start    ] GC(72) Pause Final Roots
[52.000s][info][gc          ] GC(72) Pause Final Roots 0.021ms
[52.000s][info][gc,ergo     ] Free: 3796M, Max: 2048K regular, 1754M humongous, Frag: 54% external, 0% internal; Reserve: 206M, Max: 2048K
[52.000s][info][gc,stats    ] 
[52.000s][info][gc,stats    ] All times are wall-clock times, except per-root-class counters, that are sum over
[52.000s][info][gc,stats    ] all workers. Dividing the <total> over the root stage time estimates parallelism.
[52.000s][info][gc,stats    ] 
[52.000s][info][gc,stats    ] Concurrent Reset                    597 us
[52.000s][info][gc,stats    ] Pause Init Mark (G)                 315 us
[52.000s][info][gc,stats    ] Pause Init Mark (N)                 190 us
[52.000s][info][gc,stats    ]   Update Region States               68 us
[52.000s][info][gc,stats    ] Concurrent Mark Roots               694 us, parallelism: 0.83x
[52.000s][info][gc,stats    ]   CMR: <total>                      576 us
[52.000s][info][gc,stats    ]   CMR: Thread Roots                 507 us, workers (us): 507, ---, ---, 
[52.000s][info][gc,stats    ]   CMR: VM Strong Roots                7 us, workers (us):   7, ---, ---, 
[52.000s][info][gc,stats    ]   CMR: CLDG Roots                    63 us, workers (us):  63, ---, ---, 
[52.000s][info][gc,stats    ] Concurrent Marking                12856 us
[52.000s][info][gc,stats    ] Pause Final Mark (G)                436 us
[52.000s][info][gc,stats    ] Pause Final Mark (N)                334 us
[52.000s][info][gc,stats    ]   Finish Mark                       107 us
[52.000s][info][gc,stats    ]   Update Region States               65 us
[52.000s][info][gc,stats    ]   Choose Collection Set              62 us
[52.000s][info][gc,stats    ]   Rebuild Free Set                   17 us
[52.000s][info][gc,stats    ] Concurrent Weak References          152 us, parallelism: 0.05x
[52.000s][info][gc,stats    ]   CWRF: <total>                       8 us
[52.000s][info][gc,stats    ]   CWRF: Weak References               8 us, workers (us):   8, ---, ---, 
[52.000s][info][gc,stats    ] Concurrent Weak Roots               611 us
[52.000s][info][gc,stats    ]   Roots                             498 us, parallelism: 0.86x
[52.000s][info][gc,stats    ]     CWR: <total>                    426 us
[52.000s][info][gc,stats    ]     CWR: Code Cache Roots           358 us, workers (us): 358, ---, ---, 
[52.000s][info][gc,stats    ]     CWR: VM Weak Roots               63 us, workers (us):  63, ---, ---, 
[52.000s][info][gc,stats    ]     CWR: CLDG Roots                   5 us, workers (us):   5, ---, ---, 
[52.000s][info][gc,stats    ]   Rendezvous                         71 us
[52.000s][info][gc,stats    ] Concurrent Cleanup                   53 us
[52.000s][info][gc,stats    ] Concurrent Class Unloading         2360 us
[52.000s][info][gc,stats    ]   Unlink Stale                     2053 us
[52.000s][info][gc,stats    ]     System Dictionary                 4 us
[52.000s][info][gc,stats    ]     Weak Class Links                  0 us
[52.000s][info][gc,stats    ]     Code Roots                     2048 us
[52.000s][info][gc,stats    ]   Rendezvous                        121 us
[52.000s][info][gc,stats    ]   Purge Unlinked                    114 us
[52.000s][info][gc,stats    ]     Code Roots                      105 us
[52.000s][info][gc,stats    ]     CLDG                              8 us
[52.000s][info][gc,stats    ]     Exception Caches                  0 us
[52.000s][info][gc,stats    ] Pause Final Roots (G)               114 us
[52.000s][info][gc,stats    ] Pause Final Roots (N)                29 us
[52.000s][info][gc,stats    ] 
[52.000s][info][gc,stats    ] Allocation pacing accrued:
[52.000s][info][gc,stats    ]       0 of   476 ms (  0.0%): <total>
[52.000s][info][gc,stats    ]       0 of   476 ms (  0.0%): <average total>
[52.000s][info][gc,stats    ] 
[52.000s][info][gc,metaspace] Metaspace: 8940K(9152K)->8940K(9152K) NonClass: 7767K(7872K)->7767K(7872K) Class: 1172K(1280K)->1172K(1280K)
[52.000s][info][gc,ergo     ] Pacer for Idle. Initial: 83886K, Alloc Tax Rate: 1.0x
[52.453s][info][gc          ] Trigger: Learning 4 of 5. Free (2844M) is below initial threshold (2867M)
[52.453s][info][gc,ergo     ] Free: 2844M, Max: 2048K regular, 1752M humongous, Frag: 39% external, 0% internal; Reserve: 206M, Max: 2048K
[52.453s][info][gc,start    ] GC(73) Concurrent reset
[52.453s][info][gc,task     ] GC(73) Using 1 of 3 workers for concurrent reset
[52.453s][info][gc,ergo     ] GC(73) Pacer for Reset. Non-Taxable: 4096M
[52.454s][info][gc          ] GC(73) Concurrent reset 0.487ms
[52.454s][info][gc,start    ] GC(73) Pause Init Mark (unload classes)
[52.454s][info][gc,task     ] GC(73) Using 3 of 3 workers for init marking
[52.454s][info][gc,ergo     ] GC(73) Pacer for Mark. Expected Live: 9479K, Free: 2842M, Non-Taxable: 284M, Alloc Tax Rate: 0.0x
[52.454s][info][gc          ] GC(73) Pause Init Mark (unload classes) 0.141ms
[52.454s][info][gc,start    ] GC(73) Concurrent marking roots
[52.454s][info][gc,task     ] GC(73) Using 1 of 3 workers for concurrent marking roots
[52.455s][info][gc          ] GC(73) Concurrent marking roots 0.786ms
[52.455s][info][gc,start    ] GC(73) Concurrent marking (unload classes)
[52.455s][info][gc,task     ] GC(73) Using 1 of 3 workers for concurrent marking
[52.472s][info][gc          ] GC(73) Concurrent marking (unload classes) 17.480ms
[52.472s][info][gc,start    ] GC(73) Pause Final Mark (unload classes)
[52.472s][info][gc,task     ] GC(73) Using 3 of 3 workers for final marking
[52.473s][info][gc,ergo     ] GC(73) Collectable Garbage: 984M (95%), Immediate: 984M (95%), CSet: 0B (0%)
[52.473s][info][gc          ] GC(73) Pause Final Mark (unload classes) 0.300ms
[52.473s][info][gc,start    ] GC(73) Concurrent weak references
[52.473s][info][gc,task     ] GC(73) Using 1 of 3 workers for concurrent weak references
[52.473s][info][gc,ref      ] GC(73) Encountered references: Soft: 144, Weak: 702, Final: 0, Phantom: 27
[52.473s][info][gc,ref      ] GC(73) Discovered  references: Soft: 0, Weak: 150, Final: 0, Phantom: 12
[52.473s][info][gc,ref      ] GC(73) Enqueued    references: Soft: 0, Weak: 0, Final: 0, Phantom: 0
[52.473s][info][gc          ] GC(73) Concurrent weak references 0.156ms
[52.473s][info][gc,start    ] GC(73) Concurrent weak roots
[52.473s][info][gc,task     ] GC(73) Using 1 of 3 workers for concurrent weak root
[52.474s][info][gc          ] GC(73) Concurrent weak roots 0.624ms
[52.474s][info][gc,start    ] GC(73) Concurrent cleanup
[52.474s][info][gc          ] GC(73) Concurrent cleanup 1088M->104M(4096M) 0.042ms
[52.474s][info][gc,ergo     ] GC(73) Free: 3786M, Max: 2048K regular, 1710M humongous, Frag: 55% external, 0% internal; Reserve: 206M, Max: 2048K
[52.474s][info][gc,start    ] GC(73) Concurrent class unloading
[52.474s][info][gc,task     ] GC(73) Using 1 of 3 workers for concurrent class unloading
[52.476s][info][gc          ] GC(73) Concurrent class unloading 2.838ms
[52.477s][info][gc,start    ] GC(73) Pause Final Roots
[52.477s][info][gc          ] GC(73) Pause Final Roots 0.039ms
[52.477s][info][gc,ergo     ] Free: 3778M, Max: 2048K regular, 1710M humongous, Frag: 55% external, 0% internal; Reserve: 206M, Max: 2048K
[52.477s][info][gc,stats    ] 
[52.477s][info][gc,stats    ] All times are wall-clock times, except per-root-class counters, that are sum over
[52.477s][info][gc,stats    ] all workers. Dividing the <total> over the root stage time estimates parallelism.
[52.477s][info][gc,stats    ] 
[52.477s][info][gc,stats    ] Concurrent Reset                    540 us
[52.477s][info][gc,stats    ] Pause Init Mark (G)                 264 us
[52.477s][info][gc,stats    ] Pause Init Mark (N)                 149 us
[52.477s][info][gc,stats    ]   Update Region States               68 us
[52.477s][info][gc,stats    ] Concurrent Mark Roots               810 us, parallelism: 0.81x
[52.477s][info][gc,stats    ]   CMR: <total>                      653 us
[52.477s][info][gc,stats    ]   CMR: Thread Roots                 583 us, workers (us): 583, ---, ---, 
[52.477s][info][gc,stats    ]   CMR: VM Strong Roots                7 us, workers (us):   7, ---, ---, 
[52.477s][info][gc,stats    ]   CMR: CLDG Roots                    63 us, workers (us):  63, ---, ---, 
[52.477s][info][gc,stats    ] Concurrent Marking                17540 us
[52.477s][info][gc,stats    ] Pause Final Mark (G)                441 us
[52.477s][info][gc,stats    ] Pause Final Mark (N)                319 us
[52.477s][info][gc,stats    ]   Finish Mark                        80 us
[52.477s][info][gc,stats    ]   Update Region States               75 us
[52.477s][info][gc,stats    ]   Choose Collection Set              64 us
[52.477s][info][gc,stats    ]   Rebuild Free Set                   16 us
[52.477s][info][gc,stats    ] Concurrent Weak References          172 us, parallelism: 0.03x
[52.477s][info][gc,stats    ]   CWRF: <total>                       5 us
[52.477s][info][gc,stats    ]   CWRF: Weak References               5 us, workers (us):   5, ---, ---, 
[52.477s][info][gc,stats    ] Concurrent Weak Roots               643 us
[52.477s][info][gc,stats    ]   Roots                             511 us, parallelism: 0.86x
[52.477s][info][gc,stats    ]     CWR: <total>                    438 us
[52.477s][info][gc,stats    ]     CWR: Code Cache Roots           337 us, workers (us): 337, ---, ---, 
[52.477s][info][gc,stats    ]     CWR: VM Weak Roots               95 us, workers (us):  95, ---, ---, 
[52.477s][info][gc,stats    ]     CWR: CLDG Roots                   6 us, workers (us):   6, ---, ---, 
[52.477s][info][gc,stats    ]   Rendezvous                         82 us
[52.477s][info][gc,stats    ] Concurrent Cleanup                   51 us
[52.477s][info][gc,stats    ] Concurrent Class Unloading         2890 us
[52.477s][info][gc,stats    ]   Unlink Stale                     2560 us
[52.477s][info][gc,stats    ]     System Dictionary                 3 us
[52.477s][info][gc,stats    ]     Weak Class Links                  0 us
[52.477s][info][gc,stats    ]     Code Roots                     2556 us
[52.477s][info][gc,stats    ]   Rendezvous                        148 us
[52.477s][info][gc,stats    ]   Purge Unlinked                    112 us
[52.477s][info][gc,stats    ]     Code Roots                      102 us
[52.477s][info][gc,stats    ]     CLDG                              9 us
[52.477s][info][gc,stats    ]     Exception Caches                  0 us
[52.477s][info][gc,stats    ] Pause Final Roots (G)               188 us
[52.477s][info][gc,stats    ] Pause Final Roots (N)                57 us
[52.477s][info][gc,stats    ] 
[52.477s][info][gc,stats    ] Allocation pacing accrued:
[52.477s][info][gc,stats    ]       0 of   477 ms (  0.0%): <total>
[52.477s][info][gc,stats    ]       0 of   477 ms (  0.0%): <average total>
[52.477s][info][gc,stats    ] 
[52.477s][info][gc,metaspace] Metaspace: 8940K(9152K)->8940K(9152K) NonClass: 7767K(7872K)->7767K(7872K) Class: 1172K(1280K)->1172K(1280K)
[52.477s][info][gc,ergo     ] Pacer for Idle. Initial: 83886K, Alloc Tax Rate: 1.0x
[52.908s][info][gc          ] Trigger: Learning 5 of 5. Free (2848M) is below initial threshold (2867M)
[52.908s][info][gc,ergo     ] Free: 2848M, Max: 2048K regular, 1710M humongous, Frag: 40% external, 0% internal; Reserve: 206M, Max: 2048K
[52.909s][info][gc,start    ] GC(74) Concurrent reset
[52.909s][info][gc,task     ] GC(74) Using 1 of 3 workers for concurrent reset
[52.909s][info][gc,ergo     ] GC(74) Pacer for Reset. Non-Taxable: 4096M
[52.909s][info][gc          ] GC(74) Concurrent reset 0.602ms
[52.909s][info][gc,start    ] GC(74) Pause Init Mark (unload classes)
[52.909s][info][gc,task     ] GC(74) Using 3 of 3 workers for init marking
[52.909s][info][gc,ergo     ] GC(74) Pacer for Mark. Expected Live: 9502K, Free: 2846M, Non-Taxable: 284M, Alloc Tax Rate: 0.0x
[52.909s][info][gc          ] GC(74) Pause Init Mark (unload classes) 0.176ms
[52.909s][info][gc,start    ] GC(74) Concurrent marking roots
[52.909s][info][gc,task     ] GC(74) Using 1 of 3 workers for concurrent marking roots
[52.910s][info][gc          ] GC(74) Concurrent marking roots 0.424ms
[52.910s][info][gc,start    ] GC(74) Concurrent marking (unload classes)
[52.910s][info][gc,task     ] GC(74) Using 1 of 3 workers for concurrent marking
[52.931s][info][gc          ] GC(74) Concurrent marking (unload classes) 21.179ms
[52.931s][info][gc,start    ] GC(74) Pause Final Mark (unload classes)
[52.931s][info][gc,task     ] GC(74) Using 3 of 3 workers for final marking
[52.932s][info][gc,ergo     ] GC(74) Collectable Garbage: 970M (94%), Immediate: 970M (94%), CSet: 0B (0%)
[52.932s][info][gc          ] GC(74) Pause Final Mark (unload classes) 0.338ms
[52.932s][info][gc,start    ] GC(74) Concurrent weak references
[52.932s][info][gc,task     ] GC(74) Using 1 of 3 workers for concurrent weak references
[52.932s][info][gc,ref      ] GC(74) Encountered references: Soft: 144, Weak: 702, Final: 0, Phantom: 27
[52.932s][info][gc,ref      ] GC(74) Discovered  references: Soft: 0, Weak: 150, Final: 0, Phantom: 12
[52.932s][info][gc,ref      ] GC(74) Enqueued    references: Soft: 0, Weak: 0, Final: 0, Phantom: 0
[52.932s][info][gc          ] GC(74) Concurrent weak references 0.156ms
[52.932s][info][gc,start    ] GC(74) Concurrent weak roots
[52.932s][info][gc,task     ] GC(74) Using 1 of 3 workers for concurrent weak root
[52.932s][info][gc          ] GC(74) Concurrent weak roots 0.593ms
[52.932s][info][gc,start    ] GC(74) Concurrent cleanup
[52.932s][info][gc          ] GC(74) Concurrent cleanup 1070M->100M(4096M) 0.042ms
[52.933s][info][gc,ergo     ] GC(74) Free: 3790M, Max: 2048K regular, 1772M humongous, Frag: 54% external, 0% internal; Reserve: 206M, Max: 2048K
[52.933s][info][gc,start    ] GC(74) Concurrent class unloading
[52.933s][info][gc,task     ] GC(74) Using 1 of 3 workers for concurrent class unloading
[52.935s][info][gc          ] GC(74) Concurrent class unloading 2.136ms
[52.935s][info][gc,start    ] GC(74) Pause Final Roots
[52.935s][info][gc          ] GC(74) Pause Final Roots 0.067ms
[52.935s][info][gc,ergo     ] Free: 3788M, Max: 2048K regular, 1772M humongous, Frag: 54% external, 0% internal; Reserve: 206M, Max: 2048K
[52.935s][info][gc,stats    ] 
[52.935s][info][gc,stats    ] All times are wall-clock times, except per-root-class counters, that are sum over
[52.935s][info][gc,stats    ] all workers. Dividing the <total> over the root stage time estimates parallelism.
[52.935s][info][gc,stats    ] 
[52.935s][info][gc,stats    ] Concurrent Reset                    637 us
[52.935s][info][gc,stats    ] Pause Init Mark (G)                 316 us
[52.935s][info][gc,stats    ] Pause Init Mark (N)                 193 us
[52.935s][info][gc,stats    ]   Update Region States               73 us
[52.935s][info][gc,stats    ] Concurrent Mark Roots               444 us, parallelism: 0.77x
[52.935s][info][gc,stats    ]   CMR: <total>                      340 us
[52.935s][info][gc,stats    ]   CMR: Thread Roots                 301 us, workers (us): 301, ---, ---, 
[52.935s][info][gc,stats    ]   CMR: VM Strong Roots                5 us, workers (us):   5, ---, ---, 
[52.935s][info][gc,stats    ]   CMR: CLDG Roots                    34 us, workers (us):  34, ---, ---, 
[52.935s][info][gc,stats    ] Concurrent Marking                21249 us
[52.935s][info][gc,stats    ] Pause Final Mark (G)                492 us
[52.935s][info][gc,stats    ] Pause Final Mark (N)                357 us
[52.935s][info][gc,stats    ]   Finish Mark                       110 us
[52.935s][info][gc,stats    ]   Update Region States               66 us
[52.935s][info][gc,stats    ]   Choose Collection Set              63 us
[52.935s][info][gc,stats    ]   Rebuild Free Set                   17 us
[52.935s][info][gc,stats    ] Concurrent Weak References          172 us, parallelism: 0.03x
[52.935s][info][gc,stats    ]   CWRF: <total>                       5 us
[52.935s][info][gc,stats    ]   CWRF: Weak References               5 us, workers (us):   5, ---, ---, 
[52.935s][info][gc,stats    ] Concurrent Weak Roots               611 us
[52.935s][info][gc,stats    ]   Roots                             475 us, parallelism: 0.85x
[52.935s][info][gc,stats    ]     CWR: <total>                    404 us
[52.935s][info][gc,stats    ]     CWR: Code Cache Roots           303 us, workers (us): 303, ---, ---, 
[52.935s][info][gc,stats    ]     CWR: VM Weak Roots               95 us, workers (us):  95, ---, ---, 
[52.935s][info][gc,stats    ]     CWR: CLDG Roots                   5 us, workers (us):   5, ---, ---, 
[52.935s][info][gc,stats    ]   Rendezvous                         87 us
[52.935s][info][gc,stats    ] Concurrent Cleanup                   50 us
[52.935s][info][gc,stats    ] Concurrent Class Unloading         2198 us
[52.935s][info][gc,stats    ]   Unlink Stale                     1749 us
[52.935s][info][gc,stats    ]     System Dictionary                 3 us
[52.935s][info][gc,stats    ]     Weak Class Links                  0 us
[52.935s][info][gc,stats    ]     Code Roots                     1745 us
[52.935s][info][gc,stats    ]   Rendezvous                        169 us
[52.935s][info][gc,stats    ]   Purge Unlinked                    198 us
[52.935s][info][gc,stats    ]     Code Roots                      185 us
[52.935s][info][gc,stats    ]     CLDG                             11 us
[52.935s][info][gc,stats    ]     Exception Caches                  0 us
[52.935s][info][gc,stats    ] Pause Final Roots (G)               221 us
[52.935s][info][gc,stats    ] Pause Final Roots (N)                85 us
[52.935s][info][gc,stats    ] 
[52.935s][info][gc,stats    ] Allocation pacing accrued:
[52.935s][info][gc,stats    ]       0 of   458 ms (  0.0%): <total>
[52.935s][info][gc,stats    ]       0 of   458 ms (  0.0%): <average total>
[52.935s][info][gc,stats    ] 
[52.935s][info][gc,metaspace] Metaspace: 8940K(9152K)->8940K(9152K) NonClass: 7767K(7872K)->7767K(7872K) Class: 1172K(1280K)->1172K(1280K)
[52.935s][info][gc,ergo     ] Pacer for Idle. Initial: 83886K, Alloc Tax Rate: 1.0x
[54.556s][info][gc          ] Trigger: Explicit GC request (System.gc())
[54.556s][info][gc,ergo     ] Free: 996M, Max: 2048K regular, 996M humongous, Frag: 0% external, 0% internal; Reserve: 206M, Max: 2048K
[54.556s][info][gc,start    ] GC(75) Concurrent reset
[54.556s][info][gc,task     ] GC(75) Using 1 of 3 workers for concurrent reset
[54.556s][info][gc,ergo     ] GC(75) Pacer for Reset. Non-Taxable: 4096M
[54.557s][info][gc          ] GC(75) Concurrent reset 0.558ms
[54.557s][info][gc,start    ] GC(75) Pause Init Mark (unload classes)
[54.557s][info][gc,task     ] GC(75) Using 3 of 3 workers for init marking
[54.557s][info][gc,ref      ] GC(75) Clearing All SoftReferences
[54.557s][info][gc,ergo     ] GC(75) Pacer for Mark. Expected Live: 9526K, Free: 996M, Non-Taxable: 101990K, Alloc Tax Rate: 0.0x
[54.557s][info][gc          ] GC(75) Pause Init Mark (unload classes) 0.180ms
[54.557s][info][gc,start    ] GC(75) Concurrent marking roots
[54.557s][info][gc,task     ] GC(75) Using 1 of 3 workers for concurrent marking roots
[54.558s][info][gc          ] GC(75) Concurrent marking roots 0.409ms
[54.558s][info][gc,start    ] GC(75) Concurrent marking (unload classes)
[54.558s][info][gc,task     ] GC(75) Using 1 of 3 workers for concurrent marking
[54.561s][info][gc          ] GC(75) Concurrent marking (unload classes) 3.488ms
[54.561s][info][gc,start    ] GC(75) Pause Final Mark (unload classes)
[54.561s][info][gc,task     ] GC(75) Using 3 of 3 workers for final marking
[54.562s][info][gc,ergo     ] GC(75) Collectable Garbage: 2859M (98%), Immediate: 2859M (98%), CSet: 0B (0%)
[54.562s][info][gc          ] GC(75) Pause Final Mark (unload classes) 0.375ms
[54.562s][info][gc,start    ] GC(75) Concurrent weak references
[54.562s][info][gc,task     ] GC(75) Using 1 of 3 workers for concurrent weak references
[54.562s][info][gc,ref      ] GC(75) Encountered references: Soft: 144, Weak: 702, Final: 0, Phantom: 27
[54.562s][info][gc,ref      ] GC(75) Discovered  references: Soft: 88, Weak: 168, Final: 0, Phantom: 25
[54.562s][info][gc,ref      ] GC(75) Enqueued    references: Soft: 3, Weak: 0, Final: 0, Phantom: 0
[54.562s][info][gc          ] GC(75) Concurrent weak references 0.243ms
[54.562s][info][gc,start    ] GC(75) Concurrent weak roots
[54.562s][info][gc,task     ] GC(75) Using 1 of 3 workers for concurrent weak root
[54.563s][info][gc          ] GC(75) Concurrent weak roots 0.836ms
[54.563s][info][gc,start    ] GC(75) Concurrent cleanup
[54.563s][info][gc          ] GC(75) Concurrent cleanup 2893M->34M(4096M) 0.089ms
[54.563s][info][gc,ergo     ] GC(75) Free: 3856M, Max: 2048K regular, 2720M humongous, Frag: 30% external, 0% internal; Reserve: 206M, Max: 2048K
[54.563s][info][gc,start    ] GC(75) Concurrent class unloading
[54.563s][info][gc,task     ] GC(75) Using 1 of 3 workers for concurrent class unloading
[54.565s][info][gc          ] GC(75) Concurrent class unloading 2.297ms
[54.565s][info][gc,start    ] GC(75) Pause Final Roots
[54.565s][info][gc          ] GC(75) Pause Final Roots 0.040ms
[54.566s][info][gc,ergo     ] Free: 3856M, Max: 2048K regular, 2720M humongous, Frag: 30% external, 0% internal; Reserve: 206M, Max: 2048K
[54.566s][info][gc,stats    ] 
[54.566s][info][gc,stats    ] All times are wall-clock times, except per-root-class counters, that are sum over
[54.566s][info][gc,stats    ] all workers. Dividing the <total> over the root stage time estimates parallelism.
[54.566s][info][gc,stats    ] 
[54.566s][info][gc,stats    ] Concurrent Reset                    618 us
[54.566s][info][gc,stats    ] Pause Init Mark (G)                 299 us
[54.566s][info][gc,stats    ] Pause Init Mark (N)                 197 us
[54.566s][info][gc,stats    ]   Update Region States               53 us
[54.566s][info][gc,stats    ] Concurrent Mark Roots               428 us, parallelism: 0.75x
[54.566s][info][gc,stats    ]   CMR: <total>                      322 us
[54.566s][info][gc,stats    ]   CMR: Thread Roots                 279 us, workers (us): 279, ---, ---, 
[54.566s][info][gc,stats    ]   CMR: VM Strong Roots                5 us, workers (us):   5, ---, ---, 
[54.566s][info][gc,stats    ]   CMR: CLDG Roots                    38 us, workers (us):  38, ---, ---, 
[54.566s][info][gc,stats    ] Concurrent Marking                 3544 us
[54.566s][info][gc,stats    ] Pause Final Mark (G)                488 us
[54.566s][info][gc,stats    ] Pause Final Mark (N)                384 us
[54.566s][info][gc,stats    ]   Finish Mark                       159 us
[54.566s][info][gc,stats    ]   Update Region States               67 us
[54.566s][info][gc,stats    ]   Choose Collection Set              55 us
[54.566s][info][gc,stats    ]   Rebuild Free Set                    7 us
[54.566s][info][gc,stats    ] Concurrent Weak References          260 us, parallelism: 0.06x
[54.566s][info][gc,stats    ]   CWRF: <total>                      16 us
[54.566s][info][gc,stats    ]   CWRF: Weak References              16 us, workers (us):  16, ---, ---, 
[54.566s][info][gc,stats    ] Concurrent Weak Roots               855 us
[54.566s][info][gc,stats    ]   Roots                             717 us, parallelism: 0.90x
[54.566s][info][gc,stats    ]     CWR: <total>                    643 us
[54.566s][info][gc,stats    ]     CWR: Code Cache Roots           523 us, workers (us): 523, ---, ---, 
[54.566s][info][gc,stats    ]     CWR: VM Weak Roots              113 us, workers (us): 113, ---, ---, 
[54.566s][info][gc,stats    ]     CWR: CLDG Roots                   6 us, workers (us):   6, ---, ---, 
[54.566s][info][gc,stats    ]   Rendezvous                         87 us
[54.566s][info][gc,stats    ] Concurrent Cleanup                   97 us
[54.566s][info][gc,stats    ] Concurrent Class Unloading         2331 us
[54.566s][info][gc,stats    ]   Unlink Stale                     2022 us
[54.566s][info][gc,stats    ]     System Dictionary                 2 us
[54.566s][info][gc,stats    ]     Weak Class Links                  0 us
[54.566s][info][gc,stats    ]     Code Roots                     2018 us
[54.566s][info][gc,stats    ]   Rendezvous                        172 us
[54.566s][info][gc,stats    ]   Purge Unlinked                     86 us
[54.566s][info][gc,stats    ]     Code Roots                       80 us
[54.566s][info][gc,stats    ]     CLDG                              6 us
[54.566s][info][gc,stats    ]     Exception Caches                  0 us
[54.566s][info][gc,stats    ] Pause Final Roots (G)               161 us
[54.566s][info][gc,stats    ] Pause Final Roots (N)                63 us
[54.566s][info][gc,stats    ] 
[54.566s][info][gc,stats    ] Allocation pacing accrued:
[54.566s][info][gc,stats    ]       0 of  1631 ms (  0.0%): <total>
[54.566s][info][gc,stats    ]       0 of  1631 ms (  0.0%): <average total>
[54.566s][info][gc,stats    ] 
[54.566s][info][gc,metaspace] Metaspace: 8945K(9152K)->8945K(9152K) NonClass: 7772K(7872K)->7772K(7872K) Class: 1172K(1280K)->1172K(1280K)
[54.566s][info][gc,ergo     ] Pacer for Idle. Initial: 83886K, Alloc Tax Rate: 1.0x
[55.027s][info][gc          ] Trigger: Learning 2 of 5. Free (2856M) is below initial threshold (2867M)
[55.028s][info][gc,ergo     ] Free: 2856M, Max: 2048K regular, 1766M humongous, Frag: 39% external, 0% internal; Reserve: 206M, Max: 2048K
[55.028s][info][gc,start    ] GC(76) Concurrent reset
[55.028s][info][gc,task     ] GC(76) Using 1 of 3 workers for concurrent reset
[55.028s][info][gc,ergo     ] GC(76) Pacer for Reset. Non-Taxable: 4096M
[55.028s][info][gc          ] GC(76) Concurrent reset 0.495ms
[55.028s][info][gc,start    ] GC(76) Pause Init Mark (unload classes)
[55.028s][info][gc,task     ] GC(76) Using 3 of 3 workers for init marking
[55.028s][info][gc,ergo     ] GC(76) Pacer for Mark. Expected Live: 9526K, Free: 2854M, Non-Taxable: 285M, Alloc Tax Rate: 0.0x
[55.028s][info][gc          ] GC(76) Pause Init Mark (unload classes) 0.174ms
[55.029s][info][gc,start    ] GC(76) Concurrent marking roots
[55.029s][info][gc,task     ] GC(76) Using 1 of 3 workers for concurrent marking roots
[55.029s][info][gc          ] GC(76) Concurrent marking roots 0.422ms
[55.029s][info][gc,start    ] GC(76) Concurrent marking (unload classes)
[55.029s][info][gc,task     ] GC(76) Using 1 of 3 workers for concurrent marking
[55.038s][info][gc          ] GC(76) Concurrent marking (unload classes) 8.566ms
[55.038s][info][gc,start    ] GC(76) Pause Final Mark (unload classes)
[55.038s][info][gc,task     ] GC(76) Using 3 of 3 workers for final marking
[55.038s][info][gc,ergo     ] GC(76) Collectable Garbage: 980M (95%), Immediate: 980M (95%), CSet: 0B (0%)
[55.038s][info][gc          ] GC(76) Pause Final Mark (unload classes) 0.335ms
[55.038s][info][gc,start    ] GC(76) Concurrent weak references
[55.038s][info][gc,task     ] GC(76) Using 1 of 3 workers for concurrent weak references
[55.038s][info][gc,ref      ] GC(76) Encountered references: Soft: 144, Weak: 702, Final: 0, Phantom: 27
[55.038s][info][gc,ref      ] GC(76) Discovered  references: Soft: 0, Weak: 150, Final: 0, Phantom: 12
[55.038s][info][gc,ref      ] GC(76) Enqueued    references: Soft: 0, Weak: 0, Final: 0, Phantom: 0
[55.038s][info][gc          ] GC(76) Concurrent weak references 0.141ms
[55.038s][info][gc,start    ] GC(76) Concurrent weak roots
[55.038s][info][gc,task     ] GC(76) Using 1 of 3 workers for concurrent weak root
[55.039s][info][gc          ] GC(76) Concurrent weak roots 0.702ms
[55.039s][info][gc,start    ] GC(76) Concurrent cleanup
[55.039s][info][gc          ] GC(76) Concurrent cleanup 1058M->78M(4096M) 0.043ms
[55.039s][info][gc,ergo     ] GC(76) Free: 3812M, Max: 2048K regular, 1742M humongous, Frag: 55% external, 0% internal; Reserve: 206M, Max: 2048K
[55.039s][info][gc,start    ] GC(76) Concurrent class unloading
[55.039s][info][gc,task     ] GC(76) Using 1 of 3 workers for concurrent class unloading
[55.041s][info][gc          ] GC(76) Concurrent class unloading 1.748ms
[55.041s][info][gc,start    ] GC(76) Pause Final Roots
[55.041s][info][gc          ] GC(76) Pause Final Roots 0.020ms
[55.041s][info][gc,ergo     ] Free: 3810M, Max: 2048K regular, 1742M humongous, Frag: 55% external, 0% internal; Reserve: 206M, Max: 2048K
[55.041s][info][gc,stats    ] 
[55.041s][info][gc,stats    ] All times are wall-clock times, except per-root-class counters, that are sum over
[55.041s][info][gc,stats    ] all workers. Dividing the <total> over the root stage time estimates parallelism.
[55.041s][info][gc,stats    ] 
[55.041s][info][gc,stats    ] Concurrent Reset                    537 us
[55.041s][info][gc,stats    ] Pause Init Mark (G)                 328 us
[55.041s][info][gc,stats    ] Pause Init Mark (N)                 191 us
[55.041s][info][gc,stats    ]   Update Region States               70 us
[55.041s][info][gc,stats    ] Concurrent Mark Roots               440 us, parallelism: 0.77x
[55.041s][info][gc,stats    ]   CMR: <total>                      338 us
[55.041s][info][gc,stats    ]   CMR: Thread Roots                 297 us, workers (us): 297, ---, ---, 
[55.041s][info][gc,stats    ]   CMR: VM Strong Roots                5 us, workers (us):   5, ---, ---, 
[55.041s][info][gc,stats    ]   CMR: CLDG Roots                    35 us, workers (us):  35, ---, ---, 
[55.041s][info][gc,stats    ] Concurrent Marking                 8626 us
[55.041s][info][gc,stats    ] Pause Final Mark (G)                474 us
[55.041s][info][gc,stats    ] Pause Final Mark (N)                354 us
[55.041s][info][gc,stats    ]   Finish Mark                       104 us
[55.041s][info][gc,stats    ]   Update Region States               91 us
[55.041s][info][gc,stats    ]   Choose Collection Set              62 us
[55.041s][info][gc,stats    ]   Rebuild Free Set                   17 us
[55.041s][info][gc,stats    ] Concurrent Weak References          156 us, parallelism: 0.04x
[55.041s][info][gc,stats    ]   CWRF: <total>                       6 us
[55.041s][info][gc,stats    ]   CWRF: Weak References               6 us, workers (us):   6, ---, ---, 
[55.041s][info][gc,stats    ] Concurrent Weak Roots               721 us
[55.041s][info][gc,stats    ]   Roots                             591 us, parallelism: 0.88x
[55.041s][info][gc,stats    ]     CWR: <total>                    519 us
[55.041s][info][gc,stats    ]     CWR: Code Cache Roots           403 us, workers (us): 403, ---, ---, 
[55.041s][info][gc,stats    ]     CWR: VM Weak Roots              111 us, workers (us): 111, ---, ---, 
[55.041s][info][gc,stats    ]     CWR: CLDG Roots                   6 us, workers (us):   6, ---, ---, 
[55.041s][info][gc,stats    ]   Rendezvous                         96 us
[55.041s][info][gc,stats    ] Concurrent Cleanup                   51 us
[55.041s][info][gc,stats    ] Concurrent Class Unloading         1781 us
[55.041s][info][gc,stats    ]   Unlink Stale                     1589 us
[55.041s][info][gc,stats    ]     System Dictionary                 2 us
[55.041s][info][gc,stats    ]     Weak Class Links                  0 us
[55.041s][info][gc,stats    ]     Code Roots                     1586 us
[55.041s][info][gc,stats    ]   Rendezvous                         56 us
[55.041s][info][gc,stats    ]   Purge Unlinked                     85 us
[55.041s][info][gc,stats    ]     Code Roots                       79 us
[55.041s][info][gc,stats    ]     CLDG                              5 us
[55.041s][info][gc,stats    ]     Exception Caches                  0 us
[55.041s][info][gc,stats    ] Pause Final Roots (G)                94 us
[55.041s][info][gc,stats    ] Pause Final Roots (N)                28 us
[55.041s][info][gc,stats    ] 
[55.041s][info][gc,stats    ] Allocation pacing accrued:
[55.041s][info][gc,stats    ]       0 of   475 ms (  0.0%): <total>
[55.041s][info][gc,stats    ]       0 of   475 ms (  0.0%): <average total>
[55.041s][info][gc,stats    ] 
[55.042s][info][gc,metaspace] Metaspace: 8945K(9152K)->8945K(9152K) NonClass: 7773K(7872K)->7773K(7872K) Class: 1172K(1280K)->1172K(1280K)
[55.042s][info][gc,ergo     ] Pacer for Idle. Initial: 83886K, Alloc Tax Rate: 1.0x
[55.498s][info][gc          ] Trigger: Learning 3 of 5. Free (2846M) is below initial threshold (2867M)
[55.498s][info][gc,ergo     ] Free: 2846M, Max: 2048K regular, 1742M humongous, Frag: 39% external, 0% internal; Reserve: 206M, Max: 2048K
[55.498s][info][gc,start    ] GC(77) Concurrent reset
[55.498s][info][gc,task     ] GC(77) Using 1 of 3 workers for concurrent reset
[55.498s][info][gc,ergo     ] GC(77) Pacer for Reset. Non-Taxable: 4096M
[55.499s][info][gc          ] GC(77) Concurrent reset 0.597ms
[55.499s][info][gc,start    ] GC(77) Pause Init Mark (unload classes)
[55.499s][info][gc,task     ] GC(77) Using 3 of 3 workers for init marking
[55.499s][info][gc,ergo     ] GC(77) Pacer for Mark. Expected Live: 9515K, Free: 2844M, Non-Taxable: 284M, Alloc Tax Rate: 0.0x
[55.499s][info][gc          ] GC(77) Pause Init Mark (unload classes) 0.153ms
[55.499s][info][gc,start    ] GC(77) Concurrent marking roots
[55.499s][info][gc,task     ] GC(77) Using 1 of 3 workers for concurrent marking roots
[55.500s][info][gc          ] GC(77) Concurrent marking roots 0.426ms
[55.500s][info][gc,start    ] GC(77) Concurrent marking (unload classes)
[55.500s][info][gc,task     ] GC(77) Using 1 of 3 workers for concurrent marking
[55.512s][info][gc          ] GC(77) Concurrent marking (unload classes) 12.736ms
[55.513s][info][gc,start    ] GC(77) Pause Final Mark (unload classes)
[55.513s][info][gc,task     ] GC(77) Using 3 of 3 workers for final marking
[55.513s][info][gc,ergo     ] GC(77) Collectable Garbage: 986M (95%), Immediate: 986M (95%), CSet: 0B (0%)
[55.513s][info][gc          ] GC(77) Pause Final Mark (unload classes) 0.308ms
[55.513s][info][gc,start    ] GC(77) Concurrent weak references
[55.513s][info][gc,task     ] GC(77) Using 1 of 3 workers for concurrent weak references
[55.513s][info][gc,ref      ] GC(77) Encountered references: Soft: 144, Weak: 702, Final: 0, Phantom: 27
[55.513s][info][gc,ref      ] GC(77) Discovered  references: Soft: 0, Weak: 150, Final: 0, Phantom: 12
[55.513s][info][gc,ref      ] GC(77) Enqueued    references: Soft: 0, Weak: 0, Final: 0, Phantom: 0
[55.513s][info][gc          ] GC(77) Concurrent weak references 0.138ms
[55.513s][info][gc,start    ] GC(77) Concurrent weak roots
[55.513s][info][gc,task     ] GC(77) Using 1 of 3 workers for concurrent weak root
[55.514s][info][gc          ] GC(77) Concurrent weak roots 0.555ms
[55.514s][info][gc,start    ] GC(77) Concurrent cleanup
[55.514s][info][gc          ] GC(77) Concurrent cleanup 1076M->90M(4096M) 0.044ms
[55.514s][info][gc,ergo     ] GC(77) Free: 3800M, Max: 2048K regular, 1722M humongous, Frag: 55% external, 0% internal; Reserve: 206M, Max: 2048K
[55.514s][info][gc,start    ] GC(77) Concurrent class unloading
[55.514s][info][gc,task     ] GC(77) Using 1 of 3 workers for concurrent class unloading
[55.516s][info][gc          ] GC(77) Concurrent class unloading 1.868ms
[55.516s][info][gc,start    ] GC(77) Pause Final Roots
[55.516s][info][gc          ] GC(77) Pause Final Roots 0.022ms
[55.516s][info][gc,ergo     ] Free: 3796M, Max: 2048K regular, 1722M humongous, Frag: 55% external, 0% internal; Reserve: 206M, Max: 2048K
[55.516s][info][gc,stats    ] 
[55.516s][info][gc,stats    ] All times are wall-clock times, except per-root-class counters, that are sum over
[55.516s][info][gc,stats    ] all workers. Dividing the <total> over the root stage time estimates parallelism.
[55.516s][info][gc,stats    ] 
[55.516s][info][gc,stats    ] Concurrent Reset                    669 us
[55.516s][info][gc,stats    ] Pause Init Mark (G)                 302 us
[55.516s][info][gc,stats    ] Pause Init Mark (N)                 170 us
[55.516s][info][gc,stats    ]   Update Region States               68 us
[55.516s][info][gc,stats    ] Concurrent Mark Roots               445 us, parallelism: 0.77x
[55.516s][info][gc,stats    ]   CMR: <total>                      342 us
[55.516s][info][gc,stats    ]   CMR: Thread Roots                 303 us, workers (us): 303, ---, ---, 
[55.516s][info][gc,stats    ]   CMR: VM Strong Roots                5 us, workers (us):   5, ---, ---, 
[55.516s][info][gc,stats    ]   CMR: CLDG Roots                    34 us, workers (us):  34, ---, ---, 
[55.516s][info][gc,stats    ] Concurrent Marking                12803 us
[55.516s][info][gc,stats    ] Pause Final Mark (G)                440 us
[55.516s][info][gc,stats    ] Pause Final Mark (N)                327 us
[55.516s][info][gc,stats    ]   Finish Mark                       104 us
[55.516s][info][gc,stats    ]   Update Region States               64 us
[55.516s][info][gc,stats    ]   Choose Collection Set              59 us
[55.516s][info][gc,stats    ]   Rebuild Free Set                   17 us
[55.516s][info][gc,stats    ] Concurrent Weak References          146 us, parallelism: 0.05x
[55.516s][info][gc,stats    ]   CWRF: <total>                       7 us
[55.516s][info][gc,stats    ]   CWRF: Weak References               7 us, workers (us):   7, ---, ---, 
[55.516s][info][gc,stats    ] Concurrent Weak Roots               575 us
[55.516s][info][gc,stats    ]   Roots                             459 us, parallelism: 0.88x
[55.516s][info][gc,stats    ]     CWR: <total>                    406 us
[55.516s][info][gc,stats    ]     CWR: Code Cache Roots           337 us, workers (us): 337, ---, ---, 
[55.516s][info][gc,stats    ]     CWR: VM Weak Roots               63 us, workers (us):  63, ---, ---, 
[55.516s][info][gc,stats    ]     CWR: CLDG Roots                   5 us, workers (us):   5, ---, ---, 
[55.516s][info][gc,stats    ]   Rendezvous                         81 us
[55.516s][info][gc,stats    ] Concurrent Cleanup                   53 us
[55.516s][info][gc,stats    ] Concurrent Class Unloading         1910 us
[55.516s][info][gc,stats    ]   Unlink Stale                     1706 us
[55.516s][info][gc,stats    ]     System Dictionary                 2 us
[55.516s][info][gc,stats    ]     Weak Class Links                  0 us
[55.516s][info][gc,stats    ]     Code Roots                     1702 us
[55.516s][info][gc,stats    ]   Rendezvous                         56 us
[55.516s][info][gc,stats    ]   Purge Unlinked                     88 us
[55.516s][info][gc,stats    ]     Code Roots                       82 us
[55.516s][info][gc,stats    ]     CLDG                              5 us
[55.516s][info][gc,stats    ]     Exception Caches                  0 us
[55.516s][info][gc,stats    ] Pause Final Roots (G)               129 us
[55.516s][info][gc,stats    ] Pause Final Roots (N)                30 us
[55.516s][info][gc,stats    ] 
[55.516s][info][gc,stats    ] Allocation pacing accrued:
[55.516s][info][gc,stats    ]       0 of   475 ms (  0.0%): <total>
[55.516s][info][gc,stats    ]       0 of   475 ms (  0.0%): <average total>
[55.517s][info][gc,stats    ] 
[55.517s][info][gc,metaspace] Metaspace: 8945K(9152K)->8945K(9152K) NonClass: 7773K(7872K)->7773K(7872K) Class: 1172K(1280K)->1172K(1280K)
[55.517s][info][gc,ergo     ] Pacer for Idle. Initial: 83886K, Alloc Tax Rate: 1.0x
[55.969s][info][gc          ] Trigger: Learning 4 of 5. Free (2838M) is below initial threshold (2867M)
[55.970s][info][gc,ergo     ] Free: 2838M, Max: 2048K regular, 1722M humongous, Frag: 40% external, 0% internal; Reserve: 206M, Max: 2048K
[55.970s][info][gc,start    ] GC(78) Concurrent reset
[55.970s][info][gc,task     ] GC(78) Using 1 of 3 workers for concurrent reset
[55.970s][info][gc,ergo     ] GC(78) Pacer for Reset. Non-Taxable: 4096M
[55.970s][info][gc          ] GC(78) Concurrent reset 0.603ms
[55.970s][info][gc,start    ] GC(78) Pause Init Mark (unload classes)
[55.970s][info][gc,task     ] GC(78) Using 3 of 3 workers for init marking
[55.971s][info][gc,ergo     ] GC(78) Pacer for Mark. Expected Live: 9498K, Free: 2836M, Non-Taxable: 283M, Alloc Tax Rate: 0.0x
[55.971s][info][gc          ] GC(78) Pause Init Mark (unload classes) 0.196ms
[55.971s][info][gc,start    ] GC(78) Concurrent marking roots
[55.971s][info][gc,task     ] GC(78) Using 1 of 3 workers for concurrent marking roots
[55.971s][info][gc          ] GC(78) Concurrent marking roots 0.514ms
[55.971s][info][gc,start    ] GC(78) Concurrent marking (unload classes)
[55.971s][info][gc,task     ] GC(78) Using 1 of 3 workers for concurrent marking
[55.988s][info][gc          ] GC(78) Concurrent marking (unload classes) 17.245ms
[55.989s][info][gc,start    ] GC(78) Pause Final Mark (unload classes)
[55.989s][info][gc,task     ] GC(78) Using 3 of 3 workers for final marking
[55.989s][info][gc,ergo     ] GC(78) Collectable Garbage: 998M (95%), Immediate: 998M (95%), CSet: 0B (0%)
[55.989s][info][gc          ] GC(78) Pause Final Mark (unload classes) 0.233ms
[55.989s][info][gc,start    ] GC(78) Concurrent weak references
[55.989s][info][gc,task     ] GC(78) Using 1 of 3 workers for concurrent weak references
[55.989s][info][gc,ref      ] GC(78) Encountered references: Soft: 144, Weak: 702, Final: 0, Phantom: 27
[55.989s][info][gc,ref      ] GC(78) Discovered  references: Soft: 0, Weak: 150, Final: 0, Phantom: 12
[55.989s][info][gc,ref      ] GC(78) Enqueued    references: Soft: 0, Weak: 0, Final: 0, Phantom: 0
[55.989s][info][gc          ] GC(78) Concurrent weak references 0.140ms
[55.989s][info][gc,start    ] GC(78) Concurrent weak roots
[55.989s][info][gc,task     ] GC(78) Using 1 of 3 workers for concurrent weak root
[55.990s][info][gc          ] GC(78) Concurrent weak roots 0.501ms
[55.990s][info][gc,start    ] GC(78) Concurrent cleanup
[55.990s][info][gc          ] GC(78) Concurrent cleanup 1092M->94M(4096M) 0.043ms
[55.990s][info][gc,ergo     ] GC(78) Free: 3796M, Max: 2048K regular, 1706M humongous, Frag: 56% external, 0% internal; Reserve: 206M, Max: 2048K
[55.990s][info][gc,start    ] GC(78) Concurrent class unloading
[55.990s][info][gc,task     ] GC(78) Using 1 of 3 workers for concurrent class unloading
[55.992s][info][gc          ] GC(78) Concurrent class unloading 1.950ms
[55.992s][info][gc,start    ] GC(78) Pause Final Roots
[55.992s][info][gc          ] GC(78) Pause Final Roots 0.017ms
[55.992s][info][gc,ergo     ] Free: 3792M, Max: 2048K regular, 1706M humongous, Frag: 56% external, 0% internal; Reserve: 206M, Max: 2048K
[55.992s][info][gc,stats    ] 
[55.992s][info][gc,stats    ] All times are wall-clock times, except per-root-class counters, that are sum over
[55.992s][info][gc,stats    ] all workers. Dividing the <total> over the root stage time estimates parallelism.
[55.992s][info][gc,stats    ] 
[55.992s][info][gc,stats    ] Concurrent Reset                    667 us
[55.992s][info][gc,stats    ] Pause Init Mark (G)                 389 us
[55.992s][info][gc,stats    ] Pause Init Mark (N)                 206 us
[55.992s][info][gc,stats    ]   Update Region States               87 us
[55.992s][info][gc,stats    ] Concurrent Mark Roots               532 us, parallelism: 0.64x
[55.992s][info][gc,stats    ]   CMR: <total>                      343 us
[55.992s][info][gc,stats    ]   CMR: Thread Roots                 293 us, workers (us): 293, ---, ---, 
[55.992s][info][gc,stats    ]   CMR: VM Strong Roots               10 us, workers (us):  10, ---, ---, 
[55.992s][info][gc,stats    ]   CMR: CLDG Roots                    40 us, workers (us):  40, ---, ---, 
[55.992s][info][gc,stats    ] Concurrent Marking                17304 us
[55.992s][info][gc,stats    ] Pause Final Mark (G)                347 us
[55.992s][info][gc,stats    ] Pause Final Mark (N)                250 us
[55.992s][info][gc,stats    ]   Finish Mark                        75 us
[55.992s][info][gc,stats    ]   Update Region States               46 us
[55.992s][info][gc,stats    ]   Choose Collection Set              47 us
[55.992s][info][gc,stats    ]   Rebuild Free Set                   17 us
[55.992s][info][gc,stats    ] Concurrent Weak References          147 us, parallelism: 0.05x
[55.992s][info][gc,stats    ]   CWRF: <total>                       7 us
[55.992s][info][gc,stats    ]   CWRF: Weak References               7 us, workers (us):   7, ---, ---, 
[55.992s][info][gc,stats    ] Concurrent Weak Roots               520 us
[55.992s][info][gc,stats    ]   Roots                             451 us, parallelism: 0.88x
[55.992s][info][gc,stats    ]     CWR: <total>                    398 us
[55.992s][info][gc,stats    ]     CWR: Code Cache Roots           330 us, workers (us): 330, ---, ---, 
[55.992s][info][gc,stats    ]     CWR: VM Weak Roots               63 us, workers (us):  63, ---, ---, 
[55.992s][info][gc,stats    ]     CWR: CLDG Roots                   5 us, workers (us):   5, ---, ---, 
[55.992s][info][gc,stats    ]   Rendezvous                         35 us
[55.992s][info][gc,stats    ] Concurrent Cleanup                   52 us
[55.992s][info][gc,stats    ] Concurrent Class Unloading         2006 us
[55.992s][info][gc,stats    ]   Unlink Stale                     1756 us
[55.992s][info][gc,stats    ]     System Dictionary                 3 us
[55.992s][info][gc,stats    ]     Weak Class Links                  0 us
[55.992s][info][gc,stats    ]     Code Roots                     1753 us
[55.992s][info][gc,stats    ]   Rendezvous                         20 us
[55.992s][info][gc,stats    ]   Purge Unlinked                    155 us
[55.992s][info][gc,stats    ]     Code Roots                      144 us
[55.992s][info][gc,stats    ]     CLDG                             10 us
[55.992s][info][gc,stats    ]     Exception Caches                  0 us
[55.992s][info][gc,stats    ] Pause Final Roots (G)               104 us
[55.992s][info][gc,stats    ] Pause Final Roots (N)                24 us
[55.992s][info][gc,stats    ] 
[55.992s][info][gc,stats    ] Allocation pacing accrued:
[55.992s][info][gc,stats    ]       0 of   476 ms (  0.0%): <total>
[55.992s][info][gc,stats    ]       0 of   476 ms (  0.0%): <average total>
[55.992s][info][gc,stats    ] 
[55.992s][info][gc,metaspace] Metaspace: 8945K(9152K)->8945K(9152K) NonClass: 7773K(7872K)->7773K(7872K) Class: 1172K(1280K)->1172K(1280K)
[55.992s][info][gc,ergo     ] Pacer for Idle. Initial: 83886K, Alloc Tax Rate: 1.0x
[56.425s][info][gc          ] Trigger: Learning 5 of 5. Free (2860M) is below initial threshold (2867M)
[56.426s][info][gc,ergo     ] Free: 2860M, Max: 2048K regular, 1706M humongous, Frag: 41% external, 0% internal; Reserve: 206M, Max: 2048K
[56.426s][info][gc,start    ] GC(79) Concurrent reset
[56.426s][info][gc,task     ] GC(79) Using 1 of 3 workers for concurrent reset
[56.426s][info][gc,ergo     ] GC(79) Pacer for Reset. Non-Taxable: 4096M
[56.426s][info][gc          ] GC(79) Concurrent reset 0.456ms
[56.426s][info][gc,start    ] GC(79) Pause Init Mark (unload classes)
[56.426s][info][gc,task     ] GC(79) Using 3 of 3 workers for init marking
[56.426s][info][gc,ergo     ] GC(79) Pacer for Mark. Expected Live: 9482K, Free: 2858M, Non-Taxable: 285M, Alloc Tax Rate: 0.0x
[56.426s][info][gc          ] GC(79) Pause Init Mark (unload classes) 0.171ms
[56.427s][info][gc,start    ] GC(79) Concurrent marking roots
[56.427s][info][gc,task     ] GC(79) Using 1 of 3 workers for concurrent marking roots
[56.427s][info][gc          ] GC(79) Concurrent marking roots 0.725ms
[56.427s][info][gc,start    ] GC(79) Concurrent marking (unload classes)
[56.427s][info][gc,task     ] GC(79) Using 1 of 3 workers for concurrent marking
[56.449s][info][gc          ] GC(79) Concurrent marking (unload classes) 21.273ms
[56.449s][info][gc,start    ] GC(79) Pause Final Mark (unload classes)
[56.449s][info][gc,task     ] GC(79) Using 3 of 3 workers for final marking
[56.449s][info][gc,ergo     ] GC(79) Collectable Garbage: 956M (94%), Immediate: 956M (94%), CSet: 0B (0%)
[56.449s][info][gc          ] GC(79) Pause Final Mark (unload classes) 0.255ms
[56.449s][info][gc,start    ] GC(79) Concurrent weak references
[56.449s][info][gc,task     ] GC(79) Using 1 of 3 workers for concurrent weak references
[56.449s][info][gc,ref      ] GC(79) Encountered references: Soft: 144, Weak: 702, Final: 0, Phantom: 27
[56.449s][info][gc,ref      ] GC(79) Discovered  references: Soft: 0, Weak: 150, Final: 0, Phantom: 12
[56.449s][info][gc,ref      ] GC(79) Enqueued    references: Soft: 0, Weak: 0, Final: 0, Phantom: 0
[56.449s][info][gc          ] GC(79) Concurrent weak references 0.112ms
[56.449s][info][gc,start    ] GC(79) Concurrent weak roots
[56.449s][info][gc,task     ] GC(79) Using 1 of 3 workers for concurrent weak root
[56.450s][info][gc          ] GC(79) Concurrent weak roots 0.525ms
[56.450s][info][gc,start    ] GC(79) Concurrent cleanup
[56.450s][info][gc          ] GC(79) Concurrent cleanup 1076M->120M(4096M) 0.042ms
[56.450s][info][gc,ergo     ] GC(79) Free: 3770M, Max: 2048K regular, 1738M humongous, Frag: 54% external, 0% internal; Reserve: 206M, Max: 2048K
[56.450s][info][gc,start    ] GC(79) Concurrent class unloading
[56.450s][info][gc,task     ] GC(79) Using 1 of 3 workers for concurrent class unloading
[56.452s][info][gc          ] GC(79) Concurrent class unloading 2.202ms
[56.452s][info][gc,start    ] GC(79) Pause Final Roots
[56.452s][info][gc          ] GC(79) Pause Final Roots 0.055ms
[56.452s][info][gc,ergo     ] Free: 3768M, Max: 2048K regular, 1738M humongous, Frag: 54% external, 0% internal; Reserve: 206M, Max: 2048K
[56.452s][info][gc,stats    ] 
[56.452s][info][gc,stats    ] All times are wall-clock times, except per-root-class counters, that are sum over
[56.452s][info][gc,stats    ] all workers. Dividing the <total> over the root stage time estimates parallelism.
[56.452s][info][gc,stats    ] 
[56.452s][info][gc,stats    ] Concurrent Reset                    506 us
[56.452s][info][gc,stats    ] Pause Init Mark (G)                 357 us
[56.452s][info][gc,stats    ] Pause Init Mark (N)                 188 us
[56.452s][info][gc,stats    ]   Update Region States               68 us
[56.452s][info][gc,stats    ] Concurrent Mark Roots               748 us, parallelism: 0.81x
[56.452s][info][gc,stats    ]   CMR: <total>                      607 us
[56.452s][info][gc,stats    ]   CMR: Thread Roots                 566 us, workers (us): 566, ---, ---, 
[56.452s][info][gc,stats    ]   CMR: VM Strong Roots                5 us, workers (us):   5, ---, ---, 
[56.452s][info][gc,stats    ]   CMR: CLDG Roots                    36 us, workers (us):  36, ---, ---, 
[56.452s][info][gc,stats    ] Concurrent Marking                21342 us
[56.452s][info][gc,stats    ] Pause Final Mark (G)                380 us
[56.452s][info][gc,stats    ] Pause Final Mark (N)                273 us
[56.453s][info][gc,stats    ]   Finish Mark                        63 us
[56.453s][info][gc,stats    ]   Update Region States               53 us
[56.453s][info][gc,stats    ]   Choose Collection Set              47 us
[56.453s][info][gc,stats    ]   Rebuild Free Set                   17 us
[56.453s][info][gc,stats    ] Concurrent Weak References          120 us, parallelism: 0.04x
[56.453s][info][gc,stats    ]   CWRF: <total>                       5 us
[56.453s][info][gc,stats    ]   CWRF: Weak References               5 us, workers (us):   5, ---, ---, 
[56.453s][info][gc,stats    ] Concurrent Weak Roots               543 us
[56.453s][info][gc,stats    ]   Roots                             427 us, parallelism: 0.88x
[56.453s][info][gc,stats    ]     CWR: <total>                    375 us
[56.453s][info][gc,stats    ]     CWR: Code Cache Roots           310 us, workers (us): 310, ---, ---, 
[56.453s][info][gc,stats    ]     CWR: VM Weak Roots               61 us, workers (us):  61, ---, ---, 
[56.453s][info][gc,stats    ]     CWR: CLDG Roots                   4 us, workers (us):   4, ---, ---, 
[56.453s][info][gc,stats    ]   Rendezvous                         82 us
[56.453s][info][gc,stats    ] Concurrent Cleanup                   50 us
[56.453s][info][gc,stats    ] Concurrent Class Unloading         2252 us
[56.453s][info][gc,stats    ]   Unlink Stale                     1943 us
[56.453s][info][gc,stats    ]     System Dictionary                 2 us
[56.453s][info][gc,stats    ]     Weak Class Links                  0 us
[56.453s][info][gc,stats    ]     Code Roots                     1940 us
[56.453s][info][gc,stats    ]   Rendezvous                         90 us
[56.453s][info][gc,stats    ]   Purge Unlinked                    149 us
[56.453s][info][gc,stats    ]     Code Roots                      140 us
[56.453s][info][gc,stats    ]     CLDG                              9 us
[56.453s][info][gc,stats    ]     Exception Caches                  0 us
[56.453s][info][gc,stats    ] Pause Final Roots (G)               205 us
[56.453s][info][gc,stats    ] Pause Final Roots (N)                73 us
[56.453s][info][gc,stats    ] 
[56.453s][info][gc,stats    ] Allocation pacing accrued:
[56.453s][info][gc,stats    ]       0 of   461 ms (  0.0%): <total>
[56.453s][info][gc,stats    ]       0 of   461 ms (  0.0%): <average total>
[56.453s][info][gc,stats    ] 
[56.453s][info][gc,metaspace] Metaspace: 8945K(9152K)->8945K(9152K) NonClass: 7773K(7872K)->7773K(7872K) Class: 1172K(1280K)->1172K(1280K)
[56.453s][info][gc,ergo     ] Pacer for Idle. Initial: 83886K, Alloc Tax Rate: 1.0x
[58.090s][info][gc          ] Trigger: Explicit GC request (System.gc())
[58.090s][info][gc,ergo     ] Free: 968M, Max: 2048K regular, 968M humongous, Frag: 0% external, 0% internal; Reserve: 206M, Max: 2048K
[58.090s][info][gc,start    ] GC(80) Concurrent reset
[58.090s][info][gc,task     ] GC(80) Using 1 of 3 workers for concurrent reset
[58.090s][info][gc,ergo     ] GC(80) Pacer for Reset. Non-Taxable: 4096M
[58.090s][info][gc          ] GC(80) Concurrent reset 0.712ms
[58.091s][info][gc,start    ] GC(80) Pause Init Mark (unload classes)
[58.091s][info][gc,task     ] GC(80) Using 3 of 3 workers for init marking
[58.091s][info][gc,ref      ] GC(80) Clearing All SoftReferences
[58.091s][info][gc,ergo     ] GC(80) Pacer for Mark. Expected Live: 9471K, Free: 968M, Non-Taxable: 99123K, Alloc Tax Rate: 0.0x
[58.091s][info][gc          ] GC(80) Pause Init Mark (unload classes) 0.268ms
[58.091s][info][gc,start    ] GC(80) Concurrent marking roots
[58.091s][info][gc,task     ] GC(80) Using 1 of 3 workers for concurrent marking roots
[58.091s][info][gc          ] GC(80) Concurrent marking roots 0.483ms
[58.091s][info][gc,start    ] GC(80) Concurrent marking (unload classes)
[58.091s][info][gc,task     ] GC(80) Using 1 of 3 workers for concurrent marking
[58.096s][info][gc          ] GC(80) Concurrent marking (unload classes) 4.270ms
[58.096s][info][gc,start    ] GC(80) Pause Final Mark (unload classes)
[58.096s][info][gc,task     ] GC(80) Using 3 of 3 workers for final marking
[58.096s][info][gc,ergo     ] GC(80) Collectable Garbage: 2888M (98%), Immediate: 2888M (98%), CSet: 0B (0%)
[58.096s][info][gc          ] GC(80) Pause Final Mark (unload classes) 0.401ms
[58.096s][info][gc,start    ] GC(80) Concurrent weak references
[58.096s][info][gc,task     ] GC(80) Using 1 of 3 workers for concurrent weak references
[58.096s][info][gc,ref      ] GC(80) Encountered references: Soft: 144, Weak: 702, Final: 0, Phantom: 27
[58.096s][info][gc,ref      ] GC(80) Discovered  references: Soft: 88, Weak: 168, Final: 0, Phantom: 25
[58.096s][info][gc,ref      ] GC(80) Enqueued    references: Soft: 3, Weak: 0, Final: 0, Phantom: 0
[58.096s][info][gc          ] GC(80) Concurrent weak references 0.172ms
[58.096s][info][gc,start    ] GC(80) Concurrent weak roots
[58.096s][info][gc,task     ] GC(80) Using 1 of 3 workers for concurrent weak root
[58.097s][info][gc          ] GC(80) Concurrent weak roots 0.586ms
[58.097s][info][gc,start    ] GC(80) Concurrent cleanup
[58.097s][info][gc          ] GC(80) Concurrent cleanup 2922M->34M(4096M) 0.108ms
[58.097s][info][gc,ergo     ] GC(80) Free: 3856M, Max: 2048K regular, 2720M humongous, Frag: 30% external, 0% internal; Reserve: 206M, Max: 2048K
[58.097s][info][gc,start    ] GC(80) Concurrent class unloading
[58.097s][info][gc,task     ] GC(80) Using 1 of 3 workers for concurrent class unloading
[58.099s][info][gc          ] GC(80) Concurrent class unloading 1.767ms
[58.099s][info][gc,start    ] GC(80) Pause Final Roots
[58.099s][info][gc          ] GC(80) Pause Final Roots 0.056ms
[58.099s][info][gc,ergo     ] Free: 3856M, Max: 2048K regular, 2720M humongous, Frag: 30% external, 0% internal; Reserve: 206M, Max: 2048K
[58.099s][info][gc,stats    ] 
[58.099s][info][gc,stats    ] All times are wall-clock times, except per-root-class counters, that are sum over
[58.099s][info][gc,stats    ] all workers. Dividing the <total> over the root stage time estimates parallelism.
[58.099s][info][gc,stats    ] 
[58.099s][info][gc,stats    ] Concurrent Reset                    765 us
[58.099s][info][gc,stats    ] Pause Init Mark (G)                 442 us
[58.099s][info][gc,stats    ] Pause Init Mark (N)                 286 us
[58.099s][info][gc,stats    ]   Update Region States              118 us
[58.099s][info][gc,stats    ] Concurrent Mark Roots               500 us, parallelism: 0.68x
[58.099s][info][gc,stats    ]   CMR: <total>                      340 us
[58.099s][info][gc,stats    ]   CMR: Thread Roots                 299 us, workers (us): 299, ---, ---, 
[58.099s][info][gc,stats    ]   CMR: VM Strong Roots                5 us, workers (us):   5, ---, ---, 
[58.100s][info][gc,stats    ]   CMR: CLDG Roots                    35 us, workers (us):  35, ---, ---, 
[58.100s][info][gc,stats    ] Concurrent Marking                 4334 us
[58.100s][info][gc,stats    ] Pause Final Mark (G)                553 us
[58.100s][info][gc,stats    ] Pause Final Mark (N)                421 us
[58.100s][info][gc,stats    ]   Finish Mark                        94 us
[58.100s][info][gc,stats    ]   Update Region States              104 us
[58.100s][info][gc,stats    ]   Choose Collection Set              82 us
[58.100s][info][gc,stats    ]   Rebuild Free Set                   16 us
[58.100s][info][gc,stats    ] Concurrent Weak References          188 us, parallelism: 0.05x
[58.100s][info][gc,stats    ]   CWRF: <total>                       9 us
[58.100s][info][gc,stats    ]   CWRF: Weak References               9 us, workers (us):   9, ---, ---, 
[58.100s][info][gc,stats    ] Concurrent Weak Roots               610 us
[58.100s][info][gc,stats    ]   Roots                             459 us, parallelism: 0.84x
[58.100s][info][gc,stats    ]     CWR: <total>                    386 us
[58.100s][info][gc,stats    ]     CWR: Code Cache Roots           317 us, workers (us): 317, ---, ---, 
[58.100s][info][gc,stats    ]     CWR: VM Weak Roots               64 us, workers (us):  64, ---, ---, 
[58.100s][info][gc,stats    ]     CWR: CLDG Roots                   5 us, workers (us):   5, ---, ---, 
[58.100s][info][gc,stats    ]   Rendezvous                         89 us
[58.100s][info][gc,stats    ] Concurrent Cleanup                  116 us
[58.100s][info][gc,stats    ] Concurrent Class Unloading         1809 us
[58.100s][info][gc,stats    ]   Unlink Stale                     1608 us
[58.100s][info][gc,stats    ]     System Dictionary                 3 us
[58.100s][info][gc,stats    ]     Weak Class Links                  0 us
[58.100s][info][gc,stats    ]     Code Roots                     1604 us
[58.100s][info][gc,stats    ]   Rendezvous                         57 us
[58.100s][info][gc,stats    ]   Purge Unlinked                     86 us
[58.100s][info][gc,stats    ]     Code Roots                       81 us
[58.100s][info][gc,stats    ]     CLDG                              5 us
[58.100s][info][gc,stats    ]     Exception Caches                  0 us
[58.100s][info][gc,stats    ] Pause Final Roots (G)               198 us
[58.100s][info][gc,stats    ] Pause Final Roots (N)                79 us
[58.100s][info][gc,stats    ] 
[58.100s][info][gc,stats    ] Allocation pacing accrued:
[58.100s][info][gc,stats    ]       0 of  1647 ms (  0.0%): <total>
[58.100s][info][gc,stats    ]       0 of  1647 ms (  0.0%): <average total>
[58.100s][info][gc,stats    ] 
[58.100s][info][gc,metaspace] Metaspace: 8947K(9152K)->8947K(9152K) NonClass: 7774K(7872K)->7774K(7872K) Class: 1172K(1280K)->1172K(1280K)
[58.100s][info][gc,ergo     ] Pacer for Idle. Initial: 83886K, Alloc Tax Rate: 1.0x
[58.561s][info][gc          ] Trigger: Learning 2 of 5. Free (2862M) is below initial threshold (2867M)
[58.561s][info][gc,ergo     ] Free: 2862M, Max: 2048K regular, 1772M humongous, Frag: 39% external, 0% internal; Reserve: 206M, Max: 2048K
[58.561s][info][gc,start    ] GC(81) Concurrent reset
[58.561s][info][gc,task     ] GC(81) Using 1 of 3 workers for concurrent reset
[58.561s][info][gc,ergo     ] GC(81) Pacer for Reset. Non-Taxable: 4096M
[58.562s][info][gc          ] GC(81) Concurrent reset 0.504ms
[58.562s][info][gc,start    ] GC(81) Pause Init Mark (unload classes)
[58.562s][info][gc,task     ] GC(81) Using 3 of 3 workers for init marking
[58.562s][info][gc,ergo     ] GC(81) Pacer for Mark. Expected Live: 9471K, Free: 2860M, Non-Taxable: 286M, Alloc Tax Rate: 0.0x
[58.562s][info][gc          ] GC(81) Pause Init Mark (unload classes) 0.242ms
[58.562s][info][gc,start    ] GC(81) Concurrent marking roots
[58.562s][info][gc,task     ] GC(81) Using 1 of 3 workers for concurrent marking roots
[58.563s][info][gc          ] GC(81) Concurrent marking roots 0.736ms
[58.563s][info][gc,start    ] GC(81) Concurrent marking (unload classes)
[58.563s][info][gc,task     ] GC(81) Using 1 of 3 workers for concurrent marking
[58.571s][info][gc          ] GC(81) Concurrent marking (unload classes) 8.097ms
[58.571s][info][gc,start    ] GC(81) Pause Final Mark (unload classes)
[58.571s][info][gc,task     ] GC(81) Using 3 of 3 workers for final marking
[58.571s][info][gc,ergo     ] GC(81) Collectable Garbage: 978M (95%), Immediate: 978M (95%), CSet: 0B (0%)
[58.571s][info][gc          ] GC(81) Pause Final Mark (unload classes) 0.293ms
[58.571s][info][gc,start    ] GC(81) Concurrent weak references
[58.571s][info][gc,task     ] GC(81) Using 1 of 3 workers for concurrent weak references
[58.572s][info][gc,ref      ] GC(81) Encountered references: Soft: 144, Weak: 702, Final: 0, Phantom: 27
[58.572s][info][gc,ref      ] GC(81) Discovered  references: Soft: 0, Weak: 150, Final: 0, Phantom: 12
[58.572s][info][gc,ref      ] GC(81) Enqueued    references: Soft: 0, Weak: 0, Final: 0, Phantom: 0
[58.572s][info][gc          ] GC(81) Concurrent weak references 0.156ms
[58.572s][info][gc,start    ] GC(81) Concurrent weak roots
[58.572s][info][gc,task     ] GC(81) Using 1 of 3 workers for concurrent weak root
[58.572s][info][gc          ] GC(81) Concurrent weak roots 0.684ms
[58.572s][info][gc,start    ] GC(81) Concurrent cleanup
[58.572s][info][gc          ] GC(81) Concurrent cleanup 1052M->74M(4096M) 0.044ms
[58.572s][info][gc,ergo     ] GC(81) Free: 3816M, Max: 2048K regular, 1748M humongous, Frag: 55% external, 0% internal; Reserve: 206M, Max: 2048K
[58.572s][info][gc,start    ] GC(81) Concurrent class unloading
[58.572s][info][gc,task     ] GC(81) Using 1 of 3 workers for concurrent class unloading
[58.574s][info][gc          ] GC(81) Concurrent class unloading 1.980ms
[58.574s][info][gc,start    ] GC(81) Pause Final Roots
[58.574s][info][gc          ] GC(81) Pause Final Roots 0.020ms
[58.575s][info][gc,ergo     ] Free: 3812M, Max: 2048K regular, 1748M humongous, Frag: 55% external, 0% internal; Reserve: 206M, Max: 2048K
[58.575s][info][gc,stats    ] 
[58.575s][info][gc,stats    ] All times are wall-clock times, except per-root-class counters, that are sum over
[58.575s][info][gc,stats    ] all workers. Dividing the <total> over the root stage time estimates parallelism.
[58.575s][info][gc,stats    ] 
[58.575s][info][gc,stats    ] Concurrent Reset                    556 us
[58.575s][info][gc,stats    ] Pause Init Mark (G)                 392 us
[58.575s][info][gc,stats    ] Pause Init Mark (N)                 260 us
[58.575s][info][gc,stats    ]   Update Region States              113 us
[58.575s][info][gc,stats    ] Concurrent Mark Roots               760 us, parallelism: 0.84x
[58.575s][info][gc,stats    ]   CMR: <total>                      635 us
[58.575s][info][gc,stats    ]   CMR: Thread Roots                 564 us, workers (us): 564, ---, ---, 
[58.575s][info][gc,stats    ]   CMR: VM Strong Roots                6 us, workers (us):   6, ---, ---, 
[58.575s][info][gc,stats    ]   CMR: CLDG Roots                    64 us, workers (us):  64, ---, ---, 
[58.575s][info][gc,stats    ] Concurrent Marking                 8158 us
[58.575s][info][gc,stats    ] Pause Final Mark (G)                431 us
[58.575s][info][gc,stats    ] Pause Final Mark (N)                312 us
[58.575s][info][gc,stats    ]   Finish Mark                        79 us
[58.575s][info][gc,stats    ]   Update Region States               72 us
[58.575s][info][gc,stats    ]   Choose Collection Set              64 us
[58.575s][info][gc,stats    ]   Rebuild Free Set                   17 us
[58.575s][info][gc,stats    ] Concurrent Weak References          172 us, parallelism: 0.03x
[58.575s][info][gc,stats    ]   CWRF: <total>                       5 us
[58.575s][info][gc,stats    ]   CWRF: Weak References               5 us, workers (us):   5, ---, ---, 
[58.575s][info][gc,stats    ] Concurrent Weak Roots               704 us
[58.575s][info][gc,stats    ]   Roots                             571 us, parallelism: 0.74x
[58.575s][info][gc,stats    ]     CWR: <total>                    423 us
[58.575s][info][gc,stats    ]     CWR: Code Cache Roots           355 us, workers (us): 355, ---, ---, 
[58.575s][info][gc,stats    ]     CWR: VM Weak Roots               63 us, workers (us):  63, ---, ---, 
[58.575s][info][gc,stats    ]     CWR: CLDG Roots                   5 us, workers (us):   5, ---, ---, 
[58.575s][info][gc,stats    ]   Rendezvous                         82 us
[58.575s][info][gc,stats    ] Concurrent Cleanup                   52 us
[58.575s][info][gc,stats    ] Concurrent Class Unloading         2032 us
[58.575s][info][gc,stats    ]   Unlink Stale                     1711 us
[58.575s][info][gc,stats    ]     System Dictionary                 2 us
[58.575s][info][gc,stats    ]     Weak Class Links                  0 us
[58.575s][info][gc,stats    ]     Code Roots                     1707 us
[58.575s][info][gc,stats    ]   Rendezvous                        134 us
[58.575s][info][gc,stats    ]   Purge Unlinked                    116 us
[58.575s][info][gc,stats    ]     Code Roots                      107 us
[58.575s][info][gc,stats    ]     CLDG                              8 us
[58.575s][info][gc,stats    ]     Exception Caches                  0 us
[58.575s][info][gc,stats    ] Pause Final Roots (G)               113 us
[58.575s][info][gc,stats    ] Pause Final Roots (N)                28 us
[58.575s][info][gc,stats    ] 
[58.575s][info][gc,stats    ] Allocation pacing accrued:
[58.575s][info][gc,stats    ]       0 of   475 ms (  0.0%): <total>
[58.575s][info][gc,stats    ]       0 of   475 ms (  0.0%): <average total>
[58.575s][info][gc,stats    ] 
[58.575s][info][gc,metaspace] Metaspace: 8947K(9152K)->8947K(9152K) NonClass: 7774K(7872K)->7774K(7872K) Class: 1172K(1280K)->1172K(1280K)
[58.575s][info][gc,ergo     ] Pacer for Idle. Initial: 83886K, Alloc Tax Rate: 1.0x
[59.032s][info][gc          ] Trigger: Learning 3 of 5. Free (2846M) is below initial threshold (2867M)
[59.032s][info][gc,ergo     ] Free: 2846M, Max: 2048K regular, 1748M humongous, Frag: 39% external, 0% internal; Reserve: 206M, Max: 2048K
[59.034s][info][gc,start    ] GC(82) Concurrent reset
[59.035s][info][gc,task     ] GC(82) Using 1 of 3 workers for concurrent reset
[59.035s][info][gc,ergo     ] GC(82) Pacer for Reset. Non-Taxable: 4096M
[59.035s][info][gc          ] GC(82) Concurrent reset 0.444ms
[59.063s][info][gc,start    ] GC(82) Pause Init Mark (unload classes)
[59.063s][info][gc,task     ] GC(82) Using 3 of 3 workers for init marking
[59.063s][info][gc,ergo     ] GC(82) Pacer for Mark. Expected Live: 9469K, Free: 2844M, Non-Taxable: 284M, Alloc Tax Rate: 0.0x
[59.063s][info][gc          ] GC(82) Pause Init Mark (unload classes) 0.267ms
[59.063s][info][gc,start    ] GC(82) Concurrent marking roots
[59.063s][info][gc,task     ] GC(82) Using 1 of 3 workers for concurrent marking roots
[59.064s][info][gc          ] GC(82) Concurrent marking roots 1.013ms
[59.064s][info][gc,start    ] GC(82) Concurrent marking (unload classes)
[59.064s][info][gc,task     ] GC(82) Using 1 of 3 workers for concurrent marking
[59.079s][info][gc          ] GC(82) Concurrent marking (unload classes) 14.800ms
[59.079s][info][gc,start    ] GC(82) Pause Final Mark (unload classes)
[59.079s][info][gc,task     ] GC(82) Using 3 of 3 workers for final marking
[59.080s][info][gc,ergo     ] GC(82) Collectable Garbage: 988M (95%), Immediate: 988M (95%), CSet: 0B (0%)
[59.080s][info][gc          ] GC(82) Pause Final Mark (unload classes) 0.319ms
[59.080s][info][gc,start    ] GC(82) Concurrent weak references
[59.080s][info][gc,task     ] GC(82) Using 1 of 3 workers for concurrent weak references
[59.080s][info][gc,ref      ] GC(82) Encountered references: Soft: 144, Weak: 702, Final: 0, Phantom: 27
[59.080s][info][gc,ref      ] GC(82) Discovered  references: Soft: 0, Weak: 150, Final: 0, Phantom: 12
[59.080s][info][gc,ref      ] GC(82) Enqueued    references: Soft: 0, Weak: 0, Final: 0, Phantom: 0
[59.080s][info][gc          ] GC(82) Concurrent weak references 0.168ms
[59.080s][info][gc,start    ] GC(82) Concurrent weak roots
[59.080s][info][gc,task     ] GC(82) Using 1 of 3 workers for concurrent weak root
[59.080s][info][gc          ] GC(82) Concurrent weak roots 0.556ms
[59.080s][info][gc,start    ] GC(82) Concurrent cleanup
[59.080s][info][gc          ] GC(82) Concurrent cleanup 1080M->92M(4096M) 0.044ms
[59.081s][info][gc,ergo     ] GC(82) Free: 3798M, Max: 2048K regular, 1718M humongous, Frag: 55% external, 0% internal; Reserve: 206M, Max: 2048K
[59.081s][info][gc,start    ] GC(82) Concurrent class unloading
[59.081s][info][gc,task     ] GC(82) Using 1 of 3 workers for concurrent class unloading
[59.082s][info][gc          ] GC(82) Concurrent class unloading 1.930ms
[59.083s][info][gc,start    ] GC(82) Pause Final Roots
[59.083s][info][gc          ] GC(82) Pause Final Roots 0.023ms
[59.083s][info][gc,ergo     ] Free: 3794M, Max: 2048K regular, 1718M humongous, Frag: 55% external, 0% internal; Reserve: 206M, Max: 2048K
[59.083s][info][gc,stats    ] 
[59.083s][info][gc,stats    ] All times are wall-clock times, except per-root-class counters, that are sum over
[59.083s][info][gc,stats    ] all workers. Dividing the <total> over the root stage time estimates parallelism.
[59.083s][info][gc,stats    ] 
[59.083s][info][gc,stats    ] Concurrent Reset                    469 us
[59.083s][info][gc,stats    ] Pause Init Mark (G)               28427 us
[59.083s][info][gc,stats    ] Pause Init Mark (N)                 289 us
[59.083s][info][gc,stats    ]   Update Region States               99 us
[59.083s][info][gc,stats    ] Concurrent Mark Roots              1038 us, parallelism: 0.79x
[59.083s][info][gc,stats    ]   CMR: <total>                      822 us
[59.083s][info][gc,stats    ]   CMR: Thread Roots                 720 us, workers (us): 720, ---, ---, 
[59.083s][info][gc,stats    ]   CMR: VM Strong Roots               12 us, workers (us):  12, ---, ---, 
[59.083s][info][gc,stats    ]   CMR: CLDG Roots                    89 us, workers (us):  89, ---, ---, 
[59.083s][info][gc,stats    ] Concurrent Marking                14858 us
[59.083s][info][gc,stats    ] Pause Final Mark (G)                501 us
[59.083s][info][gc,stats    ] Pause Final Mark (N)                338 us
[59.083s][info][gc,stats    ]   Finish Mark                       113 us
[59.083s][info][gc,stats    ]   Update Region States               63 us
[59.083s][info][gc,stats    ]   Choose Collection Set              62 us
[59.083s][info][gc,stats    ]   Rebuild Free Set                   16 us
[59.083s][info][gc,stats    ] Concurrent Weak References          177 us, parallelism: 0.02x
[59.083s][info][gc,stats    ]   CWRF: <total>                       4 us
[59.083s][info][gc,stats    ]   CWRF: Weak References               4 us, workers (us):   4, ---, ---, 
[59.083s][info][gc,stats    ] Concurrent Weak Roots               575 us
[59.083s][info][gc,stats    ]   Roots                             459 us, parallelism: 0.89x
[59.083s][info][gc,stats    ]     CWR: <total>                    406 us
[59.083s][info][gc,stats    ]     CWR: Code Cache Roots           334 us, workers (us): 334, ---, ---, 
[59.083s][info][gc,stats    ]     CWR: VM Weak Roots               66 us, workers (us):  66, ---, ---, 
[59.083s][info][gc,stats    ]     CWR: CLDG Roots                   5 us, workers (us):   5, ---, ---, 
[59.083s][info][gc,stats    ]   Rendezvous                         82 us
[59.083s][info][gc,stats    ] Concurrent Cleanup                   52 us
[59.083s][info][gc,stats    ] Concurrent Class Unloading         1981 us
[59.083s][info][gc,stats    ]   Unlink Stale                     1749 us
[59.083s][info][gc,stats    ]     System Dictionary                 3 us
[59.083s][info][gc,stats    ]     Weak Class Links                  0 us
[59.083s][info][gc,stats    ]     Code Roots                     1745 us
[59.083s][info][gc,stats    ]   Rendezvous                         52 us
[59.083s][info][gc,stats    ]   Purge Unlinked                    111 us
[59.083s][info][gc,stats    ]     Code Roots                      102 us
[59.083s][info][gc,stats    ]     CLDG                              8 us
[59.083s][info][gc,stats    ]     Exception Caches                  0 us
[59.083s][info][gc,stats    ] Pause Final Roots (G)               130 us
[59.083s][info][gc,stats    ] Pause Final Roots (N)                31 us
[59.083s][info][gc,stats    ] 
[59.083s][info][gc,stats    ] Allocation pacing accrued:
[59.083s][info][gc,stats    ]       0 of   508 ms (  0.0%): <total>
[59.083s][info][gc,stats    ]       0 of   508 ms (  0.0%): <average total>
[59.083s][info][gc,stats    ] 
[59.083s][info][gc,metaspace] Metaspace: 8947K(9152K)->8947K(9152K) NonClass: 7774K(7872K)->7774K(7872K) Class: 1172K(1280K)->1172K(1280K)
[59.083s][info][gc,ergo     ] Pacer for Idle. Initial: 83886K, Alloc Tax Rate: 1.0x
[59.535s][info][gc          ] Trigger: Learning 4 of 5. Free (2844M) is below initial threshold (2867M)
[59.535s][info][gc,ergo     ] Free: 2844M, Max: 2048K regular, 1718M humongous, Frag: 40% external, 0% internal; Reserve: 206M, Max: 2048K
[59.535s][info][gc,start    ] GC(83) Concurrent reset
[59.535s][info][gc,task     ] GC(83) Using 1 of 3 workers for concurrent reset
[59.535s][info][gc,ergo     ] GC(83) Pacer for Reset. Non-Taxable: 4096M
[59.535s][info][gc          ] GC(83) Concurrent reset 0.426ms
[59.535s][info][gc,start    ] GC(83) Pause Init Mark (unload classes)
[59.535s][info][gc,task     ] GC(83) Using 3 of 3 workers for init marking
[59.535s][info][gc,ergo     ] GC(83) Pacer for Mark. Expected Live: 9467K, Free: 2842M, Non-Taxable: 284M, Alloc Tax Rate: 0.0x
[59.535s][info][gc          ] GC(83) Pause Init Mark (unload classes) 0.215ms
[59.536s][info][gc,start    ] GC(83) Concurrent marking roots
[59.536s][info][gc,task     ] GC(83) Using 1 of 3 workers for concurrent marking roots
[59.536s][info][gc          ] GC(83) Concurrent marking roots 0.437ms
[59.536s][info][gc,start    ] GC(83) Concurrent marking (unload classes)
[59.536s][info][gc,task     ] GC(83) Using 1 of 3 workers for concurrent marking
[59.554s][info][gc          ] GC(83) Concurrent marking (unload classes) 18.234ms
[59.554s][info][gc,start    ] GC(83) Pause Final Mark (unload classes)
[59.555s][info][gc,task     ] GC(83) Using 3 of 3 workers for final marking
[59.555s][info][gc,ergo     ] GC(83) Collectable Garbage: 980M (94%), Immediate: 980M (94%), CSet: 0B (0%)
[59.555s][info][gc          ] GC(83) Pause Final Mark (unload classes) 0.336ms
[59.555s][info][gc,start    ] GC(83) Concurrent weak references
[59.555s][info][gc,task     ] GC(83) Using 1 of 3 workers for concurrent weak references
[59.555s][info][gc,ref      ] GC(83) Encountered references: Soft: 144, Weak: 702, Final: 0, Phantom: 27
[59.555s][info][gc,ref      ] GC(83) Discovered  references: Soft: 0, Weak: 150, Final: 0, Phantom: 25
[59.555s][info][gc,ref      ] GC(83) Enqueued    references: Soft: 0, Weak: 0, Final: 0, Phantom: 0
[59.555s][info][gc          ] GC(83) Concurrent weak references 0.075ms
[59.555s][info][gc,start    ] GC(83) Concurrent weak roots
[59.555s][info][gc,task     ] GC(83) Using 1 of 3 workers for concurrent weak root
[59.556s][info][gc          ] GC(83) Concurrent weak roots 0.683ms
[59.556s][info][gc,start    ] GC(83) Concurrent cleanup
[59.556s][info][gc          ] GC(83) Concurrent cleanup 1086M->106M(4096M) 0.042ms
[59.556s][info][gc,ergo     ] GC(83) Free: 3784M, Max: 2048K regular, 1712M humongous, Frag: 55% external, 0% internal; Reserve: 206M, Max: 2048K
[59.556s][info][gc,start    ] GC(83) Concurrent class unloading
[59.556s][info][gc,task     ] GC(83) Using 1 of 3 workers for concurrent class unloading
[59.557s][info][gc          ] GC(83) Concurrent class unloading 1.762ms
[59.558s][info][gc,start    ] GC(83) Pause Final Roots
[59.558s][info][gc          ] GC(83) Pause Final Roots 0.024ms
[59.558s][info][gc,ergo     ] Free: 3780M, Max: 2048K regular, 1712M humongous, Frag: 55% external, 0% internal; Reserve: 206M, Max: 2048K
[59.558s][info][gc,stats    ] 
[59.558s][info][gc,stats    ] All times are wall-clock times, except per-root-class counters, that are sum over
[59.558s][info][gc,stats    ] all workers. Dividing the <total> over the root stage time estimates parallelism.
[59.558s][info][gc,stats    ] 
[59.558s][info][gc,stats    ] Concurrent Reset                    473 us
[59.558s][info][gc,stats    ] Pause Init Mark (G)                 439 us
[59.558s][info][gc,stats    ] Pause Init Mark (N)                 237 us
[59.558s][info][gc,stats    ]   Update Region States               84 us
[59.558s][info][gc,stats    ] Concurrent Mark Roots               454 us, parallelism: 0.73x
[59.558s][info][gc,stats    ]   CMR: <total>                      333 us
[59.558s][info][gc,stats    ]   CMR: Thread Roots                 292 us, workers (us): 292, ---, ---, 
[59.558s][info][gc,stats    ]   CMR: VM Strong Roots                5 us, workers (us):   5, ---, ---, 
[59.558s][info][gc,stats    ]   CMR: CLDG Roots                    35 us, workers (us):  35, ---, ---, 
[59.558s][info][gc,stats    ] Concurrent Marking                18309 us
[59.558s][info][gc,stats    ] Pause Final Mark (G)                479 us
[59.558s][info][gc,stats    ] Pause Final Mark (N)                356 us
[59.558s][info][gc,stats    ]   Finish Mark                       103 us
[59.558s][info][gc,stats    ]   Update Region States               66 us
[59.558s][info][gc,stats    ]   Choose Collection Set              62 us
[59.558s][info][gc,stats    ]   Rebuild Free Set                   17 us
[59.558s][info][gc,stats    ] Concurrent Weak References           82 us, parallelism: 0.06x
[59.558s][info][gc,stats    ]   CWRF: <total>                       5 us
[59.558s][info][gc,stats    ]   CWRF: Weak References               5 us, workers (us):   5, ---, ---, 
[59.558s][info][gc,stats    ] Concurrent Weak Roots               702 us
[59.558s][info][gc,stats    ]   Roots                             587 us, parallelism: 0.88x
[59.558s][info][gc,stats    ]     CWR: <total>                    515 us
[59.558s][info][gc,stats    ]     CWR: Code Cache Roots           398 us, workers (us): 398, ---, ---, 
[59.558s][info][gc,stats    ]     CWR: VM Weak Roots              111 us, workers (us): 111, ---, ---, 
[59.558s][info][gc,stats    ]     CWR: CLDG Roots                   5 us, workers (us):   5, ---, ---, 
[59.558s][info][gc,stats    ]   Rendezvous                         81 us
[59.558s][info][gc,stats    ] Concurrent Cleanup                   50 us
[59.558s][info][gc,stats    ] Concurrent Class Unloading         1792 us
[59.558s][info][gc,stats    ]   Unlink Stale                     1622 us
[59.558s][info][gc,stats    ]     System Dictionary                 3 us
[59.558s][info][gc,stats    ]     Weak Class Links                  0 us
[59.558s][info][gc,stats    ]     Code Roots                     1618 us
[59.558s][info][gc,stats    ]   Rendezvous                         55 us
[59.558s][info][gc,stats    ]   Purge Unlinked                     68 us
[59.558s][info][gc,stats    ]     Code Roots                       63 us
[59.558s][info][gc,stats    ]     CLDG                              5 us
[59.558s][info][gc,stats    ]     Exception Caches                  0 us
[59.558s][info][gc,stats    ] Pause Final Roots (G)               112 us
[59.558s][info][gc,stats    ] Pause Final Roots (N)                32 us
[59.558s][info][gc,stats    ] 
[59.558s][info][gc,stats    ] Allocation pacing accrued:
[59.558s][info][gc,stats    ]       0 of   475 ms (  0.0%): <total>
[59.558s][info][gc,stats    ]       0 of   475 ms (  0.0%): <average total>
[59.558s][info][gc,stats    ] 
[59.558s][info][gc,metaspace] Metaspace: 8947K(9152K)->8947K(9152K) NonClass: 7774K(7872K)->7774K(7872K) Class: 1172K(1280K)->1172K(1280K)
[59.558s][info][gc,ergo     ] Pacer for Idle. Initial: 83886K, Alloc Tax Rate: 1.0x
[59.990s][info][gc          ] Trigger: Learning 5 of 5. Free (2848M) is below initial threshold (2867M)
[59.991s][info][gc,ergo     ] Free: 2848M, Max: 2048K regular, 1712M humongous, Frag: 40% external, 0% internal; Reserve: 206M, Max: 2048K
[59.991s][info][gc,start    ] GC(84) Concurrent reset
[59.991s][info][gc,task     ] GC(84) Using 1 of 3 workers for concurrent reset
[59.991s][info][gc,ergo     ] GC(84) Pacer for Reset. Non-Taxable: 4096M
[59.991s][info][gc          ] GC(84) Concurrent reset 0.636ms
[59.991s][info][gc,start    ] GC(84) Pause Init Mark (unload classes)
[59.992s][info][gc,task     ] GC(84) Using 3 of 3 workers for init marking
[59.992s][info][gc,ergo     ] GC(84) Pacer for Mark. Expected Live: 9462K, Free: 2846M, Non-Taxable: 284M, Alloc Tax Rate: 0.0x
[59.992s][info][gc          ] GC(84) Pause Init Mark (unload classes) 0.245ms
[59.992s][info][gc,start    ] GC(84) Concurrent marking roots
[59.992s][info][gc,task     ] GC(84) Using 1 of 3 workers for concurrent marking roots
[59.992s][info][gc          ] GC(84) Concurrent marking roots 0.430ms
[59.992s][info][gc,start    ] GC(84) Concurrent marking (unload classes)
[59.992s][info][gc,task     ] GC(84) Using 1 of 3 workers for concurrent marking
[60.014s][info][gc          ] GC(84) Concurrent marking (unload classes) 22.156ms
[60.015s][info][gc,start    ] GC(84) Pause Final Mark (unload classes)
[60.015s][info][gc,task     ] GC(84) Using 3 of 3 workers for final marking
[60.015s][info][gc,ergo     ] GC(84) Collectable Garbage: 968M (94%), Immediate: 968M (94%), CSet: 0B (0%)
[60.015s][info][gc          ] GC(84) Pause Final Mark (unload classes) 0.364ms
[60.015s][info][gc,start    ] GC(84) Concurrent weak references
[60.015s][info][gc,task     ] GC(84) Using 1 of 3 workers for concurrent weak references
[60.015s][info][gc,ref      ] GC(84) Encountered references: Soft: 144, Weak: 702, Final: 0, Phantom: 27
[60.015s][info][gc,ref      ] GC(84) Discovered  references: Soft: 0, Weak: 150, Final: 0, Phantom: 25
[60.015s][info][gc,ref      ] GC(84) Enqueued    references: Soft: 0, Weak: 0, Final: 0, Phantom: 0
[60.015s][info][gc          ] GC(84) Concurrent weak references 0.140ms
[60.015s][info][gc,start    ] GC(84) Concurrent weak roots
[60.015s][info][gc,task     ] GC(84) Using 1 of 3 workers for concurrent weak root
[60.016s][info][gc          ] GC(84) Concurrent weak roots 0.664ms
[60.016s][info][gc,start    ] GC(84) Concurrent cleanup
[60.016s][info][gc          ] GC(84) Concurrent cleanup 1092M->124M(4096M) 0.048ms
[60.016s][info][gc,ergo     ] GC(84) Free: 3766M, Max: 2048K regular, 1706M humongous, Frag: 55% external, 0% internal; Reserve: 206M, Max: 2048K
[60.016s][info][gc,start    ] GC(84) Concurrent class unloading
[60.016s][info][gc,task     ] GC(84) Using 1 of 3 workers for concurrent class unloading
[60.018s][info][gc          ] GC(84) Concurrent class unloading 1.849ms
[60.018s][info][gc,start    ] GC(84) Pause Final Roots
[60.018s][info][gc          ] GC(84) Pause Final Roots 0.040ms
[60.018s][info][gc,ergo     ] Free: 3762M, Max: 2048K regular, 1706M humongous, Frag: 55% external, 0% internal; Reserve: 206M, Max: 2048K
[60.018s][info][gc,stats    ] 
[60.018s][info][gc,stats    ] All times are wall-clock times, except per-root-class counters, that are sum over
[60.018s][info][gc,stats    ] all workers. Dividing the <total> over the root stage time estimates parallelism.
[60.018s][info][gc,stats    ] 
[60.018s][info][gc,stats    ] Concurrent Reset                    708 us
[60.018s][info][gc,stats    ] Pause Init Mark (G)                 437 us
[60.018s][info][gc,stats    ] Pause Init Mark (N)                 263 us
[60.018s][info][gc,stats    ]   Update Region States              114 us
[60.018s][info][gc,stats    ] Concurrent Mark Roots               448 us, parallelism: 0.77x
[60.018s][info][gc,stats    ]   CMR: <total>                      346 us
[60.018s][info][gc,stats    ]   CMR: Thread Roots                 308 us, workers (us): 308, ---, ---, 
[60.018s][info][gc,stats    ]   CMR: VM Strong Roots                5 us, workers (us):   5, ---, ---, 
[60.018s][info][gc,stats    ]   CMR: CLDG Roots                    34 us, workers (us):  34, ---, ---, 
[60.018s][info][gc,stats    ] Concurrent Marking                22234 us
[60.018s][info][gc,stats    ] Pause Final Mark (G)                498 us
[60.018s][info][gc,stats    ] Pause Final Mark (N)                384 us
[60.018s][info][gc,stats    ]   Finish Mark                       129 us
[60.018s][info][gc,stats    ]   Update Region States               64 us
[60.018s][info][gc,stats    ]   Choose Collection Set              61 us
[60.018s][info][gc,stats    ]   Rebuild Free Set                   17 us
[60.018s][info][gc,stats    ] Concurrent Weak References          147 us, parallelism: 0.07x
[60.018s][info][gc,stats    ]   CWRF: <total>                      11 us
[60.018s][info][gc,stats    ]   CWRF: Weak References              11 us, workers (us):  11, ---, ---, 
[60.018s][info][gc,stats    ] Concurrent Weak Roots               688 us
[60.018s][info][gc,stats    ]   Roots                             594 us, parallelism: 0.88x
[60.018s][info][gc,stats    ]     CWR: <total>                    524 us
[60.018s][info][gc,stats    ]     CWR: Code Cache Roots           404 us, workers (us): 404, ---, ---, 
[60.018s][info][gc,stats    ]     CWR: VM Weak Roots              114 us, workers (us): 114, ---, ---, 
[60.018s][info][gc,stats    ]     CWR: CLDG Roots                   6 us, workers (us):   6, ---, ---, 
[60.018s][info][gc,stats    ]   Rendezvous                         55 us
[60.018s][info][gc,stats    ] Concurrent Cleanup                   56 us
[60.019s][info][gc,stats    ] Concurrent Class Unloading         1897 us
[60.019s][info][gc,stats    ]   Unlink Stale                     1648 us
[60.019s][info][gc,stats    ]     System Dictionary                 3 us
[60.019s][info][gc,stats    ]     Weak Class Links                  1 us
[60.019s][info][gc,stats    ]     Code Roots                     1644 us
[60.019s][info][gc,stats    ]   Rendezvous                         72 us
[60.019s][info][gc,stats    ]   Purge Unlinked                    111 us
[60.019s][info][gc,stats    ]     Code Roots                      101 us
[60.019s][info][gc,stats    ]     CLDG                              9 us
[60.019s][info][gc,stats    ]     Exception Caches                  0 us
[60.019s][info][gc,stats    ] Pause Final Roots (G)               185 us
[60.019s][info][gc,stats    ] Pause Final Roots (N)                58 us
[60.019s][info][gc,stats    ] 
[60.019s][info][gc,stats    ] Allocation pacing accrued:
[60.019s][info][gc,stats    ]       0 of   460 ms (  0.0%): <total>
[60.019s][info][gc,stats    ]       0 of   460 ms (  0.0%): <average total>
[60.019s][info][gc,stats    ] 
[60.019s][info][gc,metaspace] Metaspace: 8947K(9152K)->8947K(9152K) NonClass: 7774K(7872K)->7774K(7872K) Class: 1172K(1280K)->1172K(1280K)
[60.019s][info][gc,ergo     ] Pacer for Idle. Initial: 83886K, Alloc Tax Rate: 1.0x
[61.655s][info][gc          ] Trigger: Explicit GC request (System.gc())
[61.655s][info][gc,ergo     ] Free: 960M, Max: 2048K regular, 960M humongous, Frag: 0% external, 0% internal; Reserve: 206M, Max: 2048K
[61.655s][info][gc,start    ] GC(85) Concurrent reset
[61.656s][info][gc,task     ] GC(85) Using 1 of 3 workers for concurrent reset
[61.656s][info][gc,ergo     ] GC(85) Pacer for Reset. Non-Taxable: 4096M
[61.656s][info][gc          ] GC(85) Concurrent reset 0.584ms
[61.656s][info][gc,start    ] GC(85) Pause Init Mark (unload classes)
[61.656s][info][gc,task     ] GC(85) Using 3 of 3 workers for init marking
[61.656s][info][gc,ref      ] GC(85) Clearing All SoftReferences
[61.656s][info][gc,ergo     ] GC(85) Pacer for Mark. Expected Live: 9458K, Free: 960M, Non-Taxable: 98304K, Alloc Tax Rate: 0.0x
[61.656s][info][gc          ] GC(85) Pause Init Mark (unload classes) 0.201ms
[61.656s][info][gc,start    ] GC(85) Concurrent marking roots
[61.656s][info][gc,task     ] GC(85) Using 1 of 3 workers for concurrent marking roots
[61.657s][info][gc          ] GC(85) Concurrent marking roots 0.762ms
[61.657s][info][gc,start    ] GC(85) Concurrent marking (unload classes)
[61.657s][info][gc,task     ] GC(85) Using 1 of 3 workers for concurrent marking
[61.661s][info][gc          ] GC(85) Concurrent marking (unload classes) 3.481ms
[61.661s][info][gc,start    ] GC(85) Pause Final Mark (unload classes)
[61.661s][info][gc,task     ] GC(85) Using 3 of 3 workers for final marking
[61.661s][info][gc,ergo     ] GC(85) Collectable Garbage: 2895M (98%), Immediate: 2895M (98%), CSet: 0B (0%)
[61.661s][info][gc          ] GC(85) Pause Final Mark (unload classes) 0.396ms
[61.661s][info][gc,start    ] GC(85) Concurrent weak references
[61.661s][info][gc,task     ] GC(85) Using 1 of 3 workers for concurrent weak references
[61.661s][info][gc,ref      ] GC(85) Encountered references: Soft: 144, Weak: 702, Final: 0, Phantom: 27
[61.661s][info][gc,ref      ] GC(85) Discovered  references: Soft: 88, Weak: 168, Final: 0, Phantom: 25
[61.661s][info][gc,ref      ] GC(85) Enqueued    references: Soft: 3, Weak: 0, Final: 0, Phantom: 0
[61.661s][info][gc          ] GC(85) Concurrent weak references 0.171ms
[61.661s][info][gc,start    ] GC(85) Concurrent weak roots
[61.661s][info][gc,task     ] GC(85) Using 1 of 3 workers for concurrent weak root
[61.662s][info][gc          ] GC(85) Concurrent weak roots 0.695ms
[61.662s][info][gc,start    ] GC(85) Concurrent cleanup
[61.662s][info][gc          ] GC(85) Concurrent cleanup 2929M->34M(4096M) 0.105ms
[61.662s][info][gc,ergo     ] GC(85) Free: 3856M, Max: 2048K regular, 2720M humongous, Frag: 30% external, 0% internal; Reserve: 206M, Max: 2048K
[61.662s][info][gc,start    ] GC(85) Concurrent class unloading
[61.662s][info][gc,task     ] GC(85) Using 1 of 3 workers for concurrent class unloading
[61.665s][info][gc          ] GC(85) Concurrent class unloading 2.181ms
[61.665s][info][gc,start    ] GC(85) Pause Final Roots
[61.665s][info][gc          ] GC(85) Pause Final Roots 0.039ms
[61.665s][info][gc,ergo     ] Free: 3856M, Max: 2048K regular, 2720M humongous, Frag: 30% external, 0% internal; Reserve: 206M, Max: 2048K
[61.665s][info][gc,stats    ] 
[61.665s][info][gc,stats    ] All times are wall-clock times, except per-root-class counters, that are sum over
[61.665s][info][gc,stats    ] all workers. Dividing the <total> over the root stage time estimates parallelism.
[61.665s][info][gc,stats    ] 
[61.665s][info][gc,stats    ] Concurrent Reset                    631 us
[61.665s][info][gc,stats    ] Pause Init Mark (G)                 322 us
[61.665s][info][gc,stats    ] Pause Init Mark (N)                 218 us
[61.665s][info][gc,stats    ]   Update Region States               74 us
[61.665s][info][gc,stats    ] Concurrent Mark Roots               781 us, parallelism: 0.84x
[61.665s][info][gc,stats    ]   CMR: <total>                      654 us
[61.665s][info][gc,stats    ]   CMR: Thread Roots                 356 us, workers (us): 356, ---, ---, 
[61.665s][info][gc,stats    ]   CMR: VM Strong Roots                6 us, workers (us):   6, ---, ---, 
[61.665s][info][gc,stats    ]   CMR: CLDG Roots                   291 us, workers (us): 291, ---, ---, 
[61.665s][info][gc,stats    ] Concurrent Marking                 3535 us
[61.665s][info][gc,stats    ] Pause Final Mark (G)                547 us
[61.665s][info][gc,stats    ] Pause Final Mark (N)                422 us
[61.665s][info][gc,stats    ]   Finish Mark                        93 us
[61.665s][info][gc,stats    ]   Update Region States              100 us
[61.665s][info][gc,stats    ]   Choose Collection Set              92 us
[61.665s][info][gc,stats    ]   Rebuild Free Set                   20 us
[61.665s][info][gc,stats    ] Concurrent Weak References          187 us, parallelism: 0.05x
[61.665s][info][gc,stats    ]   CWRF: <total>                       9 us
[61.665s][info][gc,stats    ]   CWRF: Weak References               9 us, workers (us):   9, ---, ---, 
[61.665s][info][gc,stats    ] Concurrent Weak Roots               714 us
[61.665s][info][gc,stats    ]   Roots                             560 us, parallelism: 0.87x
[61.665s][info][gc,stats    ]     CWR: <total>                    485 us
[61.665s][info][gc,stats    ]     CWR: Code Cache Roots           368 us, workers (us): 368, ---, ---, 
[61.665s][info][gc,stats    ]     CWR: VM Weak Roots              112 us, workers (us): 112, ---, ---, 
[61.665s][info][gc,stats    ]     CWR: CLDG Roots                   5 us, workers (us):   5, ---, ---, 
[61.665s][info][gc,stats    ]   Rendezvous                        104 us
[61.665s][info][gc,stats    ] Concurrent Cleanup                  114 us
[61.665s][info][gc,stats    ] Concurrent Class Unloading         2229 us
[61.665s][info][gc,stats    ]   Unlink Stale                     1858 us
[61.665s][info][gc,stats    ]     System Dictionary                 3 us
[61.665s][info][gc,stats    ]     Weak Class Links                  0 us
[61.665s][info][gc,stats    ]     Code Roots                     1854 us
[61.665s][info][gc,stats    ]   Rendezvous                        153 us
[61.665s][info][gc,stats    ]   Purge Unlinked                    152 us
[61.665s][info][gc,stats    ]     Code Roots                      142 us
[61.665s][info][gc,stats    ]     CLDG                              9 us
[61.665s][info][gc,stats    ]     Exception Caches                  0 us
[61.665s][info][gc,stats    ] Pause Final Roots (G)               152 us
[61.665s][info][gc,stats    ] Pause Final Roots (N)                57 us
[61.665s][info][gc,stats    ] 
[61.665s][info][gc,stats    ] Allocation pacing accrued:
[61.665s][info][gc,stats    ]       0 of  1647 ms (  0.0%): <total>
[61.665s][info][gc,stats    ]       0 of  1647 ms (  0.0%): <average total>
[61.665s][info][gc,stats    ] 
[61.665s][info][gc,metaspace] Metaspace: 8947K(9152K)->8947K(9152K) NonClass: 7774K(7872K)->7774K(7872K) Class: 1172K(1280K)->1172K(1280K)
[61.665s][info][gc,ergo     ] Pacer for Idle. Initial: 83886K, Alloc Tax Rate: 1.0x
[62.126s][info][gc          ] Trigger: Learning 2 of 5. Free (2862M) is below initial threshold (2867M)
[62.126s][info][gc,ergo     ] Free: 2862M, Max: 2048K regular, 1772M humongous, Frag: 39% external, 0% internal; Reserve: 206M, Max: 2048K
[62.126s][info][gc,start    ] GC(86) Concurrent reset
[62.126s][info][gc,task     ] GC(86) Using 1 of 3 workers for concurrent reset
[62.126s][info][gc,ergo     ] GC(86) Pacer for Reset. Non-Taxable: 4096M
[62.127s][info][gc          ] GC(86) Concurrent reset 0.506ms
[62.127s][info][gc,start    ] GC(86) Pause Init Mark (unload classes)
[62.127s][info][gc,task     ] GC(86) Using 3 of 3 workers for init marking
[62.127s][info][gc,ergo     ] GC(86) Pacer for Mark. Expected Live: 9458K, Free: 2860M, Non-Taxable: 286M, Alloc Tax Rate: 0.0x
[62.127s][info][gc          ] GC(86) Pause Init Mark (unload classes) 0.172ms
[62.127s][info][gc,start    ] GC(86) Concurrent marking roots
[62.127s][info][gc,task     ] GC(86) Using 1 of 3 workers for concurrent marking roots
[62.128s][info][gc          ] GC(86) Concurrent marking roots 0.613ms
[62.128s][info][gc,start    ] GC(86) Concurrent marking (unload classes)
[62.128s][info][gc,task     ] GC(86) Using 1 of 3 workers for concurrent marking
[62.136s][info][gc          ] GC(86) Concurrent marking (unload classes) 8.293ms
[62.136s][info][gc,start    ] GC(86) Pause Final Mark (unload classes)
[62.136s][info][gc,task     ] GC(86) Using 3 of 3 workers for final marking
[62.137s][info][gc,ergo     ] GC(86) Collectable Garbage: 978M (95%), Immediate: 978M (95%), CSet: 0B (0%)
[62.137s][info][gc          ] GC(86) Pause Final Mark (unload classes) 0.304ms
[62.137s][info][gc,start    ] GC(86) Concurrent weak references
[62.137s][info][gc,task     ] GC(86) Using 1 of 3 workers for concurrent weak references
[62.137s][info][gc,ref      ] GC(86) Encountered references: Soft: 144, Weak: 702, Final: 0, Phantom: 27
[62.137s][info][gc,ref      ] GC(86) Discovered  references: Soft: 0, Weak: 150, Final: 0, Phantom: 12
[62.137s][info][gc,ref      ] GC(86) Enqueued    references: Soft: 0, Weak: 0, Final: 0, Phantom: 0
[62.137s][info][gc          ] GC(86) Concurrent weak references 0.126ms
[62.137s][info][gc,start    ] GC(86) Concurrent weak roots
[62.137s][info][gc,task     ] GC(86) Using 1 of 3 workers for concurrent weak root
[62.138s][info][gc          ] GC(86) Concurrent weak roots 0.685ms
[62.138s][info][gc,start    ] GC(86) Concurrent cleanup
[62.138s][info][gc          ] GC(86) Concurrent cleanup 1050M->72M(4096M) 0.043ms
[62.138s][info][gc,ergo     ] GC(86) Free: 3818M, Max: 2048K regular, 1750M humongous, Frag: 55% external, 0% internal; Reserve: 206M, Max: 2048K
[62.138s][info][gc,start    ] GC(86) Concurrent class unloading
[62.138s][info][gc,task     ] GC(86) Using 1 of 3 workers for concurrent class unloading
[62.140s][info][gc          ] GC(86) Concurrent class unloading 1.906ms
[62.140s][info][gc,start    ] GC(86) Pause Final Roots
[62.140s][info][gc          ] GC(86) Pause Final Roots 0.023ms
[62.140s][info][gc,ergo     ] Free: 3812M, Max: 2048K regular, 1750M humongous, Frag: 55% external, 0% internal; Reserve: 206M, Max: 2048K
[62.140s][info][gc,stats    ] 
[62.140s][info][gc,stats    ] All times are wall-clock times, except per-root-class counters, that are sum over
[62.140s][info][gc,stats    ] all workers. Dividing the <total> over the root stage time estimates parallelism.
[62.140s][info][gc,stats    ] 
[62.140s][info][gc,stats    ] Concurrent Reset                    548 us
[62.140s][info][gc,stats    ] Pause Init Mark (G)                 341 us
[62.140s][info][gc,stats    ] Pause Init Mark (N)                 190 us
[62.140s][info][gc,stats    ]   Update Region States               69 us
[62.140s][info][gc,stats    ] Concurrent Mark Roots               631 us, parallelism: 0.81x
[62.140s][info][gc,stats    ]   CMR: <total>                      514 us
[62.140s][info][gc,stats    ]   CMR: Thread Roots                 444 us, workers (us): 444, ---, ---, 
[62.140s][info][gc,stats    ]   CMR: VM Strong Roots                6 us, workers (us):   6, ---, ---, 
[62.140s][info][gc,stats    ]   CMR: CLDG Roots                    63 us, workers (us):  63, ---, ---, 
[62.140s][info][gc,stats    ] Concurrent Marking                 8351 us
[62.140s][info][gc,stats    ] Pause Final Mark (G)                454 us
[62.140s][info][gc,stats    ] Pause Final Mark (N)                323 us
[62.140s][info][gc,stats    ]   Finish Mark                       101 us
[62.140s][info][gc,stats    ]   Update Region States               63 us
[62.140s][info][gc,stats    ]   Choose Collection Set              60 us
[62.140s][info][gc,stats    ]   Rebuild Free Set                   17 us
[62.140s][info][gc,stats    ] Concurrent Weak References          134 us, parallelism: 0.03x
[62.140s][info][gc,stats    ]   CWRF: <total>                       4 us
[62.140s][info][gc,stats    ]   CWRF: Weak References               4 us, workers (us):   4, ---, ---, 
[62.140s][info][gc,stats    ] Concurrent Weak Roots               704 us
[62.140s][info][gc,stats    ]   Roots                             589 us, parallelism: 0.88x
[62.140s][info][gc,stats    ]     CWR: <total>                    518 us
[62.140s][info][gc,stats    ]     CWR: Code Cache Roots           400 us, workers (us): 400, ---, ---, 
[62.140s][info][gc,stats    ]     CWR: VM Weak Roots              113 us, workers (us): 113, ---, ---, 
[62.140s][info][gc,stats    ]     CWR: CLDG Roots                   6 us, workers (us):   6, ---, ---, 
[62.140s][info][gc,stats    ]   Rendezvous                         81 us
[62.140s][info][gc,stats    ] Concurrent Cleanup                   51 us
[62.140s][info][gc,stats    ] Concurrent Class Unloading         1957 us
[62.140s][info][gc,stats    ]   Unlink Stale                     1683 us
[62.140s][info][gc,stats    ]     System Dictionary                 2 us
[62.140s][info][gc,stats    ]     Weak Class Links                  0 us
[62.140s][info][gc,stats    ]     Code Roots                     1679 us
[62.140s][info][gc,stats    ]   Rendezvous                         52 us
[62.140s][info][gc,stats    ]   Purge Unlinked                    151 us
[62.140s][info][gc,stats    ]     Code Roots                      141 us
[62.140s][info][gc,stats    ]     CLDG                              9 us
[62.140s][info][gc,stats    ]     Exception Caches                  0 us
[62.140s][info][gc,stats    ] Pause Final Roots (G)               129 us
[62.140s][info][gc,stats    ] Pause Final Roots (N)                31 us
[62.140s][info][gc,stats    ] 
[62.140s][info][gc,stats    ] Allocation pacing accrued:
[62.140s][info][gc,stats    ]       0 of   475 ms (  0.0%): <total>
[62.140s][info][gc,stats    ]       0 of   475 ms (  0.0%): <average total>
[62.140s][info][gc,stats    ] 
[62.141s][info][gc,metaspace] Metaspace: 8947K(9152K)->8947K(9152K) NonClass: 7774K(7872K)->7774K(7872K) Class: 1172K(1280K)->1172K(1280K)
[62.141s][info][gc,ergo     ] Pacer for Idle. Initial: 83886K, Alloc Tax Rate: 1.0x
[62.597s][info][gc          ] Trigger: Learning 3 of 5. Free (2848M) is below initial threshold (2867M)
[62.597s][info][gc,ergo     ] Free: 2848M, Max: 2048K regular, 1750M humongous, Frag: 39% external, 0% internal; Reserve: 206M, Max: 2048K
[62.597s][info][gc,start    ] GC(87) Concurrent reset
[62.597s][info][gc,task     ] GC(87) Using 1 of 3 workers for concurrent reset
[62.597s][info][gc,ergo     ] GC(87) Pacer for Reset. Non-Taxable: 4096M
[62.598s][info][gc          ] GC(87) Concurrent reset 0.573ms
[62.598s][info][gc,start    ] GC(87) Pause Init Mark (unload classes)
[62.598s][info][gc,task     ] GC(87) Using 3 of 3 workers for init marking
[62.598s][info][gc,ergo     ] GC(87) Pacer for Mark. Expected Live: 9457K, Free: 2846M, Non-Taxable: 284M, Alloc Tax Rate: 0.0x
[62.598s][info][gc          ] GC(87) Pause Init Mark (unload classes) 0.229ms
[62.598s][info][gc,start    ] GC(87) Concurrent marking roots
[62.598s][info][gc,task     ] GC(87) Using 1 of 3 workers for concurrent marking roots
[62.599s][info][gc          ] GC(87) Concurrent marking roots 0.742ms
[62.599s][info][gc,start    ] GC(87) Concurrent marking (unload classes)
[62.599s][info][gc,task     ] GC(87) Using 1 of 3 workers for concurrent marking
[62.612s][info][gc          ] GC(87) Concurrent marking (unload classes) 13.205ms
[62.612s][info][gc,start    ] GC(87) Pause Final Mark (unload classes)
[62.612s][info][gc,task     ] GC(87) Using 3 of 3 workers for final marking
[62.612s][info][gc,ergo     ] GC(87) Collectable Garbage: 984M (95%), Immediate: 984M (95%), CSet: 0B (0%)
[62.612s][info][gc          ] GC(87) Pause Final Mark (unload classes) 0.338ms
[62.612s][info][gc,start    ] GC(87) Concurrent weak references
[62.612s][info][gc,task     ] GC(87) Using 1 of 3 workers for concurrent weak references
[62.613s][info][gc,ref      ] GC(87) Encountered references: Soft: 144, Weak: 702, Final: 0, Phantom: 27
[62.613s][info][gc,ref      ] GC(87) Discovered  references: Soft: 0, Weak: 150, Final: 0, Phantom: 12
[62.613s][info][gc,ref      ] GC(87) Enqueued    references: Soft: 0, Weak: 0, Final: 0, Phantom: 0
[62.613s][info][gc          ] GC(87) Concurrent weak references 0.164ms
[62.613s][info][gc,start    ] GC(87) Concurrent weak roots
[62.613s][info][gc,task     ] GC(87) Using 1 of 3 workers for concurrent weak root
[62.613s][info][gc          ] GC(87) Concurrent weak roots 0.709ms
[62.613s][info][gc,start    ] GC(87) Concurrent cleanup
[62.613s][info][gc          ] GC(87) Concurrent cleanup 1076M->92M(4096M) 0.047ms
[62.613s][info][gc,ergo     ] GC(87) Free: 3798M, Max: 2048K regular, 1722M humongous, Frag: 55% external, 0% internal; Reserve: 206M, Max: 2048K
[62.613s][info][gc,start    ] GC(87) Concurrent class unloading
[62.613s][info][gc,task     ] GC(87) Using 1 of 3 workers for concurrent class unloading
[62.616s][info][gc          ] GC(87) Concurrent class unloading 2.088ms
[62.616s][info][gc,start    ] GC(87) Pause Final Roots
[62.616s][info][gc          ] GC(87) Pause Final Roots 0.039ms
[62.616s][info][gc,ergo     ] Free: 3794M, Max: 2048K regular, 1722M humongous, Frag: 55% external, 0% internal; Reserve: 206M, Max: 2048K
[62.616s][info][gc,stats    ] 
[62.616s][info][gc,stats    ] All times are wall-clock times, except per-root-class counters, that are sum over
[62.616s][info][gc,stats    ] all workers. Dividing the <total> over the root stage time estimates parallelism.
[62.616s][info][gc,stats    ] 
[62.616s][info][gc,stats    ] Concurrent Reset                    639 us
[62.616s][info][gc,stats    ] Pause Init Mark (G)                 377 us
[62.616s][info][gc,stats    ] Pause Init Mark (N)                 248 us
[62.616s][info][gc,stats    ]   Update Region States              102 us
[62.616s][info][gc,stats    ] Concurrent Mark Roots               762 us, parallelism: 0.84x
[62.616s][info][gc,stats    ]   CMR: <total>                      640 us
[62.616s][info][gc,stats    ]   CMR: Thread Roots                 570 us, workers (us): 570, ---, ---, 
[62.616s][info][gc,stats    ]   CMR: VM Strong Roots                7 us, workers (us):   7, ---, ---, 
[62.616s][info][gc,stats    ]   CMR: CLDG Roots                    64 us, workers (us):  64, ---, ---, 
[62.616s][info][gc,stats    ] Concurrent Marking                13264 us
[62.616s][info][gc,stats    ] Pause Final Mark (G)                468 us
[62.616s][info][gc,stats    ] Pause Final Mark (N)                357 us
[62.616s][info][gc,stats    ]   Finish Mark                       103 us
[62.616s][info][gc,stats    ]   Update Region States               90 us
[62.616s][info][gc,stats    ]   Choose Collection Set              56 us
[62.616s][info][gc,stats    ]   Rebuild Free Set                   17 us
[62.616s][info][gc,stats    ] Concurrent Weak References          180 us, parallelism: 0.03x
[62.616s][info][gc,stats    ]   CWRF: <total>                       5 us
[62.616s][info][gc,stats    ]   CWRF: Weak References               5 us, workers (us):   5, ---, ---, 
[62.616s][info][gc,stats    ] Concurrent Weak Roots               728 us
[62.616s][info][gc,stats    ]   Roots                             597 us, parallelism: 0.87x
[62.616s][info][gc,stats    ]     CWR: <total>                    521 us
[62.616s][info][gc,stats    ]     CWR: Code Cache Roots           400 us, workers (us): 400, ---, ---, 
[62.616s][info][gc,stats    ]     CWR: VM Weak Roots              115 us, workers (us): 115, ---, ---, 
[62.616s][info][gc,stats    ]     CWR: CLDG Roots                   6 us, workers (us):   6, ---, ---, 
[62.616s][info][gc,stats    ]   Rendezvous                         81 us
[62.616s][info][gc,stats    ] Concurrent Cleanup                   55 us
[62.616s][info][gc,stats    ] Concurrent Class Unloading         2139 us
[62.616s][info][gc,stats    ]   Unlink Stale                     1769 us
[62.616s][info][gc,stats    ]     System Dictionary                 2 us
[62.616s][info][gc,stats    ]     Weak Class Links                  0 us
[62.616s][info][gc,stats    ]     Code Roots                     1766 us
[62.616s][info][gc,stats    ]   Rendezvous                        149 us
[62.616s][info][gc,stats    ]   Purge Unlinked                    152 us
[62.616s][info][gc,stats    ]     Code Roots                      142 us
[62.616s][info][gc,stats    ]     CLDG                              9 us
[62.616s][info][gc,stats    ]     Exception Caches                  0 us
[62.616s][info][gc,stats    ] Pause Final Roots (G)               171 us
[62.616s][info][gc,stats    ] Pause Final Roots (N)                57 us
[62.616s][info][gc,stats    ] 
[62.616s][info][gc,stats    ] Allocation pacing accrued:
[62.617s][info][gc,stats    ]       0 of   476 ms (  0.0%): <total>
[62.617s][info][gc,stats    ]       0 of   476 ms (  0.0%): <average total>
[62.617s][info][gc,stats    ] 
[62.617s][info][gc,metaspace] Metaspace: 8947K(9152K)->8947K(9152K) NonClass: 7774K(7872K)->7774K(7872K) Class: 1172K(1280K)->1172K(1280K)
[62.617s][info][gc,ergo     ] Pacer for Idle. Initial: 83886K, Alloc Tax Rate: 1.0x
[63.068s][info][gc          ] Trigger: Learning 4 of 5. Free (2838M) is below initial threshold (2867M)
[63.068s][info][gc,ergo     ] Free: 2838M, Max: 2048K regular, 1722M humongous, Frag: 40% external, 0% internal; Reserve: 206M, Max: 2048K
[63.068s][info][gc,start    ] GC(88) Concurrent reset
[63.068s][info][gc,task     ] GC(88) Using 1 of 3 workers for concurrent reset
[63.068s][info][gc,ergo     ] GC(88) Pacer for Reset. Non-Taxable: 4096M
[63.069s][info][gc          ] GC(88) Concurrent reset 0.590ms
[63.069s][info][gc,start    ] GC(88) Pause Init Mark (unload classes)
[63.069s][info][gc,task     ] GC(88) Using 3 of 3 workers for init marking
[63.069s][info][gc,ergo     ] GC(88) Pacer for Mark. Expected Live: 9454K, Free: 2836M, Non-Taxable: 283M, Alloc Tax Rate: 0.0x
[63.069s][info][gc          ] GC(88) Pause Init Mark (unload classes) 0.179ms
[63.069s][info][gc,start    ] GC(88) Concurrent marking roots
[63.069s][info][gc,task     ] GC(88) Using 1 of 3 workers for concurrent marking roots
[63.070s][info][gc          ] GC(88) Concurrent marking roots 0.415ms
[63.070s][info][gc,start    ] GC(88) Concurrent marking (unload classes)
[63.070s][info][gc,task     ] GC(88) Using 1 of 3 workers for concurrent marking
[63.087s][info][gc          ] GC(88) Concurrent marking (unload classes) 17.139ms
[63.087s][info][gc,start    ] GC(88) Pause Final Mark (unload classes)
[63.087s][info][gc,task     ] GC(88) Using 3 of 3 workers for final marking
[63.087s][info][gc,ergo     ] GC(88) Collectable Garbage: 986M (94%), Immediate: 986M (94%), CSet: 0B (0%)
[63.087s][info][gc          ] GC(88) Pause Final Mark (unload classes) 0.274ms
[63.087s][info][gc,start    ] GC(88) Concurrent weak references
[63.087s][info][gc,task     ] GC(88) Using 1 of 3 workers for concurrent weak references
[63.087s][info][gc,ref      ] GC(88) Encountered references: Soft: 144, Weak: 702, Final: 0, Phantom: 27
[63.087s][info][gc,ref      ] GC(88) Discovered  references: Soft: 0, Weak: 150, Final: 0, Phantom: 12
[63.087s][info][gc,ref      ] GC(88) Enqueued    references: Soft: 0, Weak: 0, Final: 0, Phantom: 0
[63.087s][info][gc          ] GC(88) Concurrent weak references 0.158ms
[63.087s][info][gc,start    ] GC(88) Concurrent weak roots
[63.087s][info][gc,task     ] GC(88) Using 1 of 3 workers for concurrent weak root
[63.088s][info][gc          ] GC(88) Concurrent weak roots 0.576ms
[63.088s][info][gc,start    ] GC(88) Concurrent cleanup
[63.088s][info][gc          ] GC(88) Concurrent cleanup 1092M->106M(4096M) 0.048ms
[63.088s][info][gc,ergo     ] GC(88) Free: 3784M, Max: 2048K regular, 1706M humongous, Frag: 55% external, 0% internal; Reserve: 206M, Max: 2048K
[63.088s][info][gc,start    ] GC(88) Concurrent class unloading
[63.088s][info][gc,task     ] GC(88) Using 1 of 3 workers for concurrent class unloading
[63.090s][info][gc          ] GC(88) Concurrent class unloading 2.049ms
[63.090s][info][gc,start    ] GC(88) Pause Final Roots
[63.090s][info][gc          ] GC(88) Pause Final Roots 0.039ms
[63.090s][info][gc,ergo     ] Free: 3778M, Max: 2048K regular, 1706M humongous, Frag: 55% external, 0% internal; Reserve: 206M, Max: 2048K
[63.090s][info][gc,stats    ] 
[63.090s][info][gc,stats    ] All times are wall-clock times, except per-root-class counters, that are sum over
[63.090s][info][gc,stats    ] all workers. Dividing the <total> over the root stage time estimates parallelism.
[63.090s][info][gc,stats    ] 
[63.090s][info][gc,stats    ] Concurrent Reset                    631 us
[63.090s][info][gc,stats    ] Pause Init Mark (G)                 321 us
[63.090s][info][gc,stats    ] Pause Init Mark (N)                 196 us
[63.090s][info][gc,stats    ]   Update Region States               72 us
[63.090s][info][gc,stats    ] Concurrent Mark Roots               433 us, parallelism: 0.76x
[63.090s][info][gc,stats    ]   CMR: <total>                      329 us
[63.090s][info][gc,stats    ]   CMR: Thread Roots                 290 us, workers (us): 290, ---, ---, 
[63.090s][info][gc,stats    ]   CMR: VM Strong Roots                5 us, workers (us):   5, ---, ---, 
[63.091s][info][gc,stats    ]   CMR: CLDG Roots                    34 us, workers (us):  34, ---, ---, 
[63.091s][info][gc,stats    ] Concurrent Marking                17199 us
[63.091s][info][gc,stats    ] Pause Final Mark (G)                392 us
[63.091s][info][gc,stats    ] Pause Final Mark (N)                293 us
[63.091s][info][gc,stats    ]   Finish Mark                        86 us
[63.091s][info][gc,stats    ]   Update Region States               67 us
[63.091s][info][gc,stats    ]   Choose Collection Set              61 us
[63.091s][info][gc,stats    ]   Rebuild Free Set                   17 us
[63.091s][info][gc,stats    ] Concurrent Weak References          174 us, parallelism: 0.03x
[63.091s][info][gc,stats    ]   CWRF: <total>                       5 us
[63.091s][info][gc,stats    ]   CWRF: Weak References               5 us, workers (us):   5, ---, ---, 
[63.091s][info][gc,stats    ] Concurrent Weak Roots               594 us
[63.091s][info][gc,stats    ]   Roots                             463 us, parallelism: 0.88x
[63.091s][info][gc,stats    ]     CWR: <total>                    409 us
[63.091s][info][gc,stats    ]     CWR: Code Cache Roots           340 us, workers (us): 340, ---, ---, 
[63.091s][info][gc,stats    ]     CWR: VM Weak Roots               65 us, workers (us):  65, ---, ---, 
[63.091s][info][gc,stats    ]     CWR: CLDG Roots                   5 us, workers (us):   5, ---, ---, 
[63.091s][info][gc,stats    ]   Rendezvous                         81 us
[63.091s][info][gc,stats    ] Concurrent Cleanup                   61 us
[63.091s][info][gc,stats    ] Concurrent Class Unloading         2099 us
[63.091s][info][gc,stats    ]   Unlink Stale                     1676 us
[63.091s][info][gc,stats    ]     System Dictionary                 2 us
[63.091s][info][gc,stats    ]     Weak Class Links                  0 us
[63.091s][info][gc,stats    ]     Code Roots                     1672 us
[63.091s][info][gc,stats    ]   Rendezvous                        201 us
[63.091s][info][gc,stats    ]   Purge Unlinked                    154 us
[63.091s][info][gc,stats    ]     Code Roots                      144 us
[63.091s][info][gc,stats    ]     CLDG                              9 us
[63.091s][info][gc,stats    ]     Exception Caches                  0 us
[63.091s][info][gc,stats    ] Pause Final Roots (G)               170 us
[63.091s][info][gc,stats    ] Pause Final Roots (N)                57 us
[63.091s][info][gc,stats    ] 
[63.091s][info][gc,stats    ] Allocation pacing accrued:
[63.091s][info][gc,stats    ]       0 of   474 ms (  0.0%): <total>
[63.091s][info][gc,stats    ]       0 of   474 ms (  0.0%): <average total>
[63.091s][info][gc,stats    ] 
[63.091s][info][gc,metaspace] Metaspace: 8947K(9152K)->8947K(9152K) NonClass: 7774K(7872K)->7774K(7872K) Class: 1172K(1280K)->1172K(1280K)
[63.091s][info][gc,ergo     ] Pacer for Idle. Initial: 83886K, Alloc Tax Rate: 1.0x
[63.524s][info][gc          ] Trigger: Learning 5 of 5. Free (2846M) is below initial threshold (2867M)
[63.525s][info][gc,ergo     ] Free: 2846M, Max: 2048K regular, 1706M humongous, Frag: 41% external, 0% internal; Reserve: 206M, Max: 2048K
[63.525s][info][gc,start    ] GC(89) Concurrent reset
[63.525s][info][gc,task     ] GC(89) Using 1 of 3 workers for concurrent reset
[63.525s][info][gc,ergo     ] GC(89) Pacer for Reset. Non-Taxable: 4096M
[63.525s][info][gc          ] GC(89) Concurrent reset 0.644ms
[63.525s][info][gc,start    ] GC(89) Pause Init Mark (unload classes)
[63.525s][info][gc,task     ] GC(89) Using 3 of 3 workers for init marking
[63.526s][info][gc,ergo     ] GC(89) Pacer for Mark. Expected Live: 9453K, Free: 2844M, Non-Taxable: 284M, Alloc Tax Rate: 0.0x
[63.526s][info][gc          ] GC(89) Pause Init Mark (unload classes) 0.204ms
[63.526s][info][gc,start    ] GC(89) Concurrent marking roots
[63.526s][info][gc,task     ] GC(89) Using 1 of 3 workers for concurrent marking roots
[63.526s][info][gc          ] GC(89) Concurrent marking roots 0.767ms
[63.526s][info][gc,start    ] GC(89) Concurrent marking (unload classes)
[63.526s][info][gc,task     ] GC(89) Using 1 of 3 workers for concurrent marking
[63.548s][info][gc          ] GC(89) Concurrent marking (unload classes) 21.558ms
[63.548s][info][gc,start    ] GC(89) Pause Final Mark (unload classes)
[63.548s][info][gc,task     ] GC(89) Using 3 of 3 workers for final marking
[63.548s][info][gc,ergo     ] GC(89) Collectable Garbage: 970M (94%), Immediate: 970M (94%), CSet: 0B (0%)
[63.548s][info][gc          ] GC(89) Pause Final Mark (unload classes) 0.325ms
[63.549s][info][gc,start    ] GC(89) Concurrent weak references
[63.549s][info][gc,task     ] GC(89) Using 1 of 3 workers for concurrent weak references
[63.549s][info][gc,ref      ] GC(89) Encountered references: Soft: 144, Weak: 702, Final: 0, Phantom: 27
[63.549s][info][gc,ref      ] GC(89) Discovered  references: Soft: 0, Weak: 150, Final: 0, Phantom: 12
[63.549s][info][gc,ref      ] GC(89) Enqueued    references: Soft: 0, Weak: 0, Final: 0, Phantom: 0
[63.549s][info][gc          ] GC(89) Concurrent weak references 0.159ms
[63.549s][info][gc,start    ] GC(89) Concurrent weak roots
[63.549s][info][gc,task     ] GC(89) Using 1 of 3 workers for concurrent weak root
[63.549s][info][gc          ] GC(89) Concurrent weak roots 0.526ms
[63.549s][info][gc,start    ] GC(89) Concurrent cleanup
[63.549s][info][gc          ] GC(89) Concurrent cleanup 1094M->124M(4096M) 0.043ms
[63.549s][info][gc,ergo     ] GC(89) Free: 3766M, Max: 2048K regular, 1704M humongous, Frag: 55% external, 0% internal; Reserve: 206M, Max: 2048K
[63.549s][info][gc,start    ] GC(89) Concurrent class unloading
[63.549s][info][gc,task     ] GC(89) Using 1 of 3 workers for concurrent class unloading
[63.552s][info][gc          ] GC(89) Concurrent class unloading 2.437ms
[63.552s][info][gc,start    ] GC(89) Pause Final Roots
[63.552s][info][gc          ] GC(89) Pause Final Roots 0.054ms
[63.552s][info][gc,ergo     ] Free: 3766M, Max: 2048K regular, 1704M humongous, Frag: 55% external, 0% internal; Reserve: 206M, Max: 2048K
[63.552s][info][gc,stats    ] 
[63.552s][info][gc,stats    ] All times are wall-clock times, except per-root-class counters, that are sum over
[63.552s][info][gc,stats    ] all workers. Dividing the <total> over the root stage time estimates parallelism.
[63.552s][info][gc,stats    ] 
[63.552s][info][gc,stats    ] Concurrent Reset                    714 us
[63.552s][info][gc,stats    ] Pause Init Mark (G)                 338 us
[63.552s][info][gc,stats    ] Pause Init Mark (N)                 222 us
[63.552s][info][gc,stats    ]   Update Region States               94 us
[63.552s][info][gc,stats    ] Concurrent Mark Roots               790 us, parallelism: 0.84x
[63.552s][info][gc,stats    ]   CMR: <total>                      664 us
[63.552s][info][gc,stats    ]   CMR: Thread Roots                 593 us, workers (us): 593, ---, ---, 
[63.552s][info][gc,stats    ]   CMR: VM Strong Roots                7 us, workers (us):   7, ---, ---, 
[63.552s][info][gc,stats    ]   CMR: CLDG Roots                    64 us, workers (us):  64, ---, ---, 
[63.552s][info][gc,stats    ] Concurrent Marking                21619 us
[63.552s][info][gc,stats    ] Pause Final Mark (G)                464 us
[63.552s][info][gc,stats    ] Pause Final Mark (N)                344 us
[63.552s][info][gc,stats    ]   Finish Mark                       111 us
[63.552s][info][gc,stats    ]   Update Region States               65 us
[63.552s][info][gc,stats    ]   Choose Collection Set              63 us
[63.552s][info][gc,stats    ]   Rebuild Free Set                   17 us
[63.552s][info][gc,stats    ] Concurrent Weak References          166 us, parallelism: 0.05x
[63.552s][info][gc,stats    ]   CWRF: <total>                       8 us
[63.552s][info][gc,stats    ]   CWRF: Weak References               8 us, workers (us):   8, ---, ---, 
[63.552s][info][gc,stats    ] Concurrent Weak Roots               545 us
[63.552s][info][gc,stats    ]   Roots                             428 us, parallelism: 0.87x
[63.552s][info][gc,stats    ]     CWR: <total>                    374 us
[63.552s][info][gc,stats    ]     CWR: Code Cache Roots           307 us, workers (us): 307, ---, ---, 
[63.552s][info][gc,stats    ]     CWR: VM Weak Roots               62 us, workers (us):  62, ---, ---, 
[63.553s][info][gc,stats    ]     CWR: CLDG Roots                   5 us, workers (us):   5, ---, ---, 
[63.553s][info][gc,stats    ]   Rendezvous                         83 us
[63.553s][info][gc,stats    ] Concurrent Cleanup                   51 us
[63.553s][info][gc,stats    ] Concurrent Class Unloading         2491 us
[63.553s][info][gc,stats    ]   Unlink Stale                     2143 us
[63.553s][info][gc,stats    ]     System Dictionary                 3 us
[63.553s][info][gc,stats    ]     Weak Class Links                  0 us
[63.553s][info][gc,stats    ]     Code Roots                     2139 us
[63.553s][info][gc,stats    ]   Rendezvous                        160 us
[63.553s][info][gc,stats    ]   Purge Unlinked                    115 us
[63.553s][info][gc,stats    ]     Code Roots                      106 us
[63.553s][info][gc,stats    ]     CLDG                              8 us
[63.553s][info][gc,stats    ]     Exception Caches                  0 us
[63.553s][info][gc,stats    ] Pause Final Roots (G)               175 us
[63.553s][info][gc,stats    ] Pause Final Roots (N)                72 us
[63.553s][info][gc,stats    ] 
[63.553s][info][gc,stats    ] Allocation pacing accrued:
[63.553s][info][gc,stats    ]       0 of   462 ms (  0.0%): <total>
[63.553s][info][gc,stats    ]       0 of   462 ms (  0.0%): <average total>
[63.553s][info][gc,stats    ] 
[63.553s][info][gc,metaspace] Metaspace: 8947K(9152K)->8947K(9152K) NonClass: 7774K(7872K)->7774K(7872K) Class: 1172K(1280K)->1172K(1280K)
[63.553s][info][gc,ergo     ] Pacer for Idle. Initial: 83886K, Alloc Tax Rate: 1.0x
[65.188s][info][gc          ] Trigger: Explicit GC request (System.gc())
[65.188s][info][gc,ergo     ] Free: 966M, Max: 2048K regular, 966M humongous, Frag: 0% external, 0% internal; Reserve: 206M, Max: 2048K
[65.188s][info][gc,start    ] GC(90) Concurrent reset
[65.188s][info][gc,task     ] GC(90) Using 1 of 3 workers for concurrent reset
[65.188s][info][gc,ergo     ] GC(90) Pacer for Reset. Non-Taxable: 4096M
[65.189s][info][gc          ] GC(90) Concurrent reset 0.389ms
[65.189s][info][gc,start    ] GC(90) Pause Init Mark (unload classes)
[65.189s][info][gc,task     ] GC(90) Using 3 of 3 workers for init marking
[65.189s][info][gc,ref      ] GC(90) Clearing All SoftReferences
[65.189s][info][gc,ergo     ] GC(90) Pacer for Mark. Expected Live: 9457K, Free: 966M, Non-Taxable: 98918K, Alloc Tax Rate: 0.0x
[65.189s][info][gc          ] GC(90) Pause Init Mark (unload classes) 0.230ms
[65.189s][info][gc,start    ] GC(90) Concurrent marking roots
[65.189s][info][gc,task     ] GC(90) Using 1 of 3 workers for concurrent marking roots
[65.190s][info][gc          ] GC(90) Concurrent marking roots 0.455ms
[65.190s][info][gc,start    ] GC(90) Concurrent marking (unload classes)
[65.190s][info][gc,task     ] GC(90) Using 1 of 3 workers for concurrent marking
[65.194s][info][gc          ] GC(90) Concurrent marking (unload classes) 3.928ms
[65.194s][info][gc,start    ] GC(90) Pause Final Mark (unload classes)
[65.194s][info][gc,task     ] GC(90) Using 3 of 3 workers for final marking
[65.194s][info][gc,ergo     ] GC(90) Collectable Garbage: 2890M (98%), Immediate: 2890M (98%), CSet: 0B (0%)
[65.194s][info][gc          ] GC(90) Pause Final Mark (unload classes) 0.405ms
[65.194s][info][gc,start    ] GC(90) Concurrent weak references
[65.194s][info][gc,task     ] GC(90) Using 1 of 3 workers for concurrent weak references
[65.194s][info][gc,ref      ] GC(90) Encountered references: Soft: 144, Weak: 702, Final: 0, Phantom: 27
[65.194s][info][gc,ref      ] GC(90) Discovered  references: Soft: 88, Weak: 168, Final: 0, Phantom: 25
[65.194s][info][gc,ref      ] GC(90) Enqueued    references: Soft: 3, Weak: 0, Final: 0, Phantom: 0
[65.194s][info][gc          ] GC(90) Concurrent weak references 0.167ms
[65.194s][info][gc,start    ] GC(90) Concurrent weak roots
[65.194s][info][gc,task     ] GC(90) Using 1 of 3 workers for concurrent weak root
[65.195s][info][gc          ] GC(90) Concurrent weak roots 0.665ms
[65.195s][info][gc,start    ] GC(90) Concurrent cleanup
[65.195s][info][gc          ] GC(90) Concurrent cleanup 2924M->34M(4096M) 0.106ms
[65.195s][info][gc,ergo     ] GC(90) Free: 3856M, Max: 2048K regular, 2720M humongous, Frag: 30% external, 0% internal; Reserve: 206M, Max: 2048K
[65.195s][info][gc,start    ] GC(90) Concurrent class unloading
[65.195s][info][gc,task     ] GC(90) Using 1 of 3 workers for concurrent class unloading
[65.197s][info][gc          ] GC(90) Concurrent class unloading 1.985ms
[65.197s][info][gc,start    ] GC(90) Pause Final Roots
[65.197s][info][gc          ] GC(90) Pause Final Roots 0.020ms
[65.197s][info][gc,ergo     ] Free: 3856M, Max: 2048K regular, 2720M humongous, Frag: 30% external, 0% internal; Reserve: 206M, Max: 2048K
[65.197s][info][gc,stats    ] 
[65.197s][info][gc,stats    ] All times are wall-clock times, except per-root-class counters, that are sum over
[65.197s][info][gc,stats    ] all workers. Dividing the <total> over the root stage time estimates parallelism.
[65.197s][info][gc,stats    ] 
[65.197s][info][gc,stats    ] Concurrent Reset                    447 us
[65.197s][info][gc,stats    ] Pause Init Mark (G)                 379 us
[65.197s][info][gc,stats    ] Pause Init Mark (N)                 251 us
[65.197s][info][gc,stats    ]   Update Region States               75 us
[65.198s][info][gc,stats    ] Concurrent Mark Roots               491 us, parallelism: 0.65x
[65.198s][info][gc,stats    ]   CMR: <total>                      320 us
[65.198s][info][gc,stats    ]   CMR: Thread Roots                 282 us, workers (us): 282, ---, ---, 
[65.198s][info][gc,stats    ]   CMR: VM Strong Roots                4 us, workers (us):   4, ---, ---, 
[65.198s][info][gc,stats    ]   CMR: CLDG Roots                    35 us, workers (us):  35, ---, ---, 
[65.198s][info][gc,stats    ] Concurrent Marking                 3981 us
[65.198s][info][gc,stats    ] Pause Final Mark (G)                539 us
[65.198s][info][gc,stats    ] Pause Final Mark (N)                429 us
[65.198s][info][gc,stats    ]   Finish Mark                       145 us
[65.198s][info][gc,stats    ]   Update Region States               68 us
[65.198s][info][gc,stats    ]   Choose Collection Set              91 us
[65.198s][info][gc,stats    ]   Rebuild Free Set                   21 us
[65.198s][info][gc,stats    ] Concurrent Weak References          183 us, parallelism: 0.05x
[65.198s][info][gc,stats    ]   CWRF: <total>                       8 us
[65.198s][info][gc,stats    ]   CWRF: Weak References               8 us, workers (us):   8, ---, ---, 
[65.198s][info][gc,stats    ] Concurrent Weak Roots               685 us
[65.198s][info][gc,stats    ]   Roots                             534 us, parallelism: 0.87x
[65.198s][info][gc,stats    ]     CWR: <total>                    466 us
[65.198s][info][gc,stats    ]     CWR: Code Cache Roots           348 us, workers (us): 348, ---, ---, 
[65.198s][info][gc,stats    ]     CWR: VM Weak Roots              113 us, workers (us): 113, ---, ---, 
[65.198s][info][gc,stats    ]     CWR: CLDG Roots                   5 us, workers (us):   5, ---, ---, 
[65.198s][info][gc,stats    ]   Rendezvous                         99 us
[65.198s][info][gc,stats    ] Concurrent Cleanup                  114 us
[65.198s][info][gc,stats    ] Concurrent Class Unloading         2032 us
[65.198s][info][gc,stats    ]   Unlink Stale                     1650 us
[65.198s][info][gc,stats    ]     System Dictionary                 3 us
[65.198s][info][gc,stats    ]     Weak Class Links                  0 us
[65.198s][info][gc,stats    ]     Code Roots                     1646 us
[65.198s][info][gc,stats    ]   Rendezvous                        160 us
[65.198s][info][gc,stats    ]   Purge Unlinked                    156 us
[65.198s][info][gc,stats    ]     Code Roots                      146 us
[65.198s][info][gc,stats    ]     CLDG                              9 us
[65.198s][info][gc,stats    ]     Exception Caches                  0 us
[65.198s][info][gc,stats    ] Pause Final Roots (G)                91 us
[65.198s][info][gc,stats    ] Pause Final Roots (N)                28 us
[65.198s][info][gc,stats    ] 
[65.198s][info][gc,stats    ] Allocation pacing accrued:
[65.198s][info][gc,stats    ]       0 of  1645 ms (  0.0%): <total>
[65.198s][info][gc,stats    ]       0 of  1645 ms (  0.0%): <average total>
[65.198s][info][gc,stats    ] 
[65.198s][info][gc,metaspace] Metaspace: 8947K(9152K)->8947K(9152K) NonClass: 7774K(7872K)->7774K(7872K) Class: 1172K(1280K)->1172K(1280K)
[65.198s][info][gc,ergo     ] Pacer for Idle. Initial: 83886K, Alloc Tax Rate: 1.0x
[65.674s][info][gc          ] Trigger: Learning 2 of 5. Free (2832M) is below initial threshold (2867M)
[65.674s][info][gc,ergo     ] Free: 2832M, Max: 2048K regular, 1742M humongous, Frag: 39% external, 0% internal; Reserve: 206M, Max: 2048K
[65.674s][info][gc,start    ] GC(91) Concurrent reset
[65.674s][info][gc,task     ] GC(91) Using 1 of 3 workers for concurrent reset
[65.674s][info][gc,ergo     ] GC(91) Pacer for Reset. Non-Taxable: 4096M
[65.675s][info][gc          ] GC(91) Concurrent reset 0.477ms
[65.675s][info][gc,start    ] GC(91) Pause Init Mark (unload classes)
[65.675s][info][gc,task     ] GC(91) Using 3 of 3 workers for init marking
[65.675s][info][gc,ergo     ] GC(91) Pacer for Mark. Expected Live: 9457K, Free: 2832M, Non-Taxable: 283M, Alloc Tax Rate: 0.0x
[65.675s][info][gc          ] GC(91) Pause Init Mark (unload classes) 0.172ms
[65.675s][info][gc,start    ] GC(91) Concurrent marking roots
[65.675s][info][gc,task     ] GC(91) Using 1 of 3 workers for concurrent marking roots
[65.675s][info][gc          ] GC(91) Concurrent marking roots 0.409ms
[65.675s][info][gc,start    ] GC(91) Concurrent marking (unload classes)
[65.675s][info][gc,task     ] GC(91) Using 1 of 3 workers for concurrent marking
[65.683s][info][gc          ] GC(91) Concurrent marking (unload classes) 7.939ms
[65.684s][info][gc,start    ] GC(91) Pause Final Mark (unload classes)
[65.684s][info][gc,task     ] GC(91) Using 3 of 3 workers for final marking
[65.684s][info][gc,ergo     ] GC(91) Collectable Garbage: 1014M (96%), Immediate: 1014M (96%), CSet: 0B (0%)
[65.684s][info][gc          ] GC(91) Pause Final Mark (unload classes) 0.406ms
[65.684s][info][gc,start    ] GC(91) Concurrent weak references
[65.684s][info][gc,task     ] GC(91) Using 1 of 3 workers for concurrent weak references
[65.684s][info][gc,ref      ] GC(91) Encountered references: Soft: 144, Weak: 702, Final: 0, Phantom: 27
[65.684s][info][gc,ref      ] GC(91) Discovered  references: Soft: 0, Weak: 150, Final: 0, Phantom: 12
[65.684s][info][gc,ref      ] GC(91) Enqueued    references: Soft: 0, Weak: 0, Final: 0, Phantom: 0
[65.684s][info][gc          ] GC(91) Concurrent weak references 0.155ms
[65.684s][info][gc,start    ] GC(91) Concurrent weak roots
[65.684s][info][gc,task     ] GC(91) Using 1 of 3 workers for concurrent weak root
[65.685s][info][gc          ] GC(91) Concurrent weak roots 0.674ms
[65.685s][info][gc,start    ] GC(91) Concurrent cleanup
[65.685s][info][gc          ] GC(91) Concurrent cleanup 1078M->64M(4096M) 0.045ms
[65.685s][info][gc,ergo     ] GC(91) Free: 3826M, Max: 2048K regular, 1722M humongous, Frag: 55% external, 0% internal; Reserve: 206M, Max: 2048K
[65.685s][info][gc,start    ] GC(91) Concurrent class unloading
[65.685s][info][gc,task     ] GC(91) Using 1 of 3 workers for concurrent class unloading
[65.687s][info][gc          ] GC(91) Concurrent class unloading 1.839ms
[65.687s][info][gc,start    ] GC(91) Pause Final Roots
[65.687s][info][gc          ] GC(91) Pause Final Roots 0.041ms
[65.687s][info][gc,ergo     ] Free: 3822M, Max: 2048K regular, 1722M humongous, Frag: 55% external, 0% internal; Reserve: 206M, Max: 2048K
[65.687s][info][gc,stats    ] 
[65.687s][info][gc,stats    ] All times are wall-clock times, except per-root-class counters, that are sum over
[65.687s][info][gc,stats    ] all workers. Dividing the <total> over the root stage time estimates parallelism.
[65.687s][info][gc,stats    ] 
[65.687s][info][gc,stats    ] Concurrent Reset                    528 us
[65.687s][info][gc,stats    ] Pause Init Mark (G)                 331 us
[65.687s][info][gc,stats    ] Pause Init Mark (N)                 189 us
[65.687s][info][gc,stats    ]   Update Region States               68 us
[65.687s][info][gc,stats    ] Concurrent Mark Roots               427 us, parallelism: 0.76x
[65.687s][info][gc,stats    ]   CMR: <total>                      325 us
[65.687s][info][gc,stats    ]   CMR: Thread Roots                 284 us, workers (us): 284, ---, ---, 
[65.687s][info][gc,stats    ]   CMR: VM Strong Roots                5 us, workers (us):   5, ---, ---, 
[65.687s][info][gc,stats    ]   CMR: CLDG Roots                    35 us, workers (us):  35, ---, ---, 
[65.687s][info][gc,stats    ] Concurrent Marking                 7997 us
[65.687s][info][gc,stats    ] Pause Final Mark (G)                555 us
[65.687s][info][gc,stats    ] Pause Final Mark (N)                425 us
[65.687s][info][gc,stats    ]   Finish Mark                       132 us
[65.687s][info][gc,stats    ]   Update Region States               64 us
[65.687s][info][gc,stats    ]   Choose Collection Set              64 us
[65.687s][info][gc,stats    ]   Rebuild Free Set                   16 us
[65.687s][info][gc,stats    ] Concurrent Weak References          171 us, parallelism: 0.02x
[65.687s][info][gc,stats    ]   CWRF: <total>                       4 us
[65.687s][info][gc,stats    ]   CWRF: Weak References               4 us, workers (us):   4, ---, ---, 
[65.687s][info][gc,stats    ] Concurrent Weak Roots               693 us
[65.687s][info][gc,stats    ]   Roots                             587 us, parallelism: 0.88x
[65.687s][info][gc,stats    ]     CWR: <total>                    516 us
[65.687s][info][gc,stats    ]     CWR: Code Cache Roots           398 us, workers (us): 398, ---, ---, 
[65.688s][info][gc,stats    ]     CWR: VM Weak Roots              111 us, workers (us): 111, ---, ---, 
[65.688s][info][gc,stats    ]     CWR: CLDG Roots                   6 us, workers (us):   6, ---, ---, 
[65.688s][info][gc,stats    ]   Rendezvous                         55 us
[65.688s][info][gc,stats    ] Concurrent Cleanup                   53 us
[65.688s][info][gc,stats    ] Concurrent Class Unloading         1889 us
[65.688s][info][gc,stats    ]   Unlink Stale                     1621 us
[65.688s][info][gc,stats    ]     System Dictionary                 3 us
[65.688s][info][gc,stats    ]     Weak Class Links                  0 us
[65.688s][info][gc,stats    ]     Code Roots                     1618 us
[65.688s][info][gc,stats    ]   Rendezvous                         86 us
[65.688s][info][gc,stats    ]   Purge Unlinked                    113 us
[65.688s][info][gc,stats    ]     Code Roots                      104 us
[65.688s][info][gc,stats    ]     CLDG                              9 us
[65.688s][info][gc,stats    ]     Exception Caches                  0 us
[65.688s][info][gc,stats    ] Pause Final Roots (G)               186 us
[65.688s][info][gc,stats    ] Pause Final Roots (N)                59 us
[65.688s][info][gc,stats    ] 
[65.688s][info][gc,stats    ] Allocation pacing accrued:
[65.688s][info][gc,stats    ]       0 of   490 ms (  0.0%): <total>
[65.688s][info][gc,stats    ]       0 of   490 ms (  0.0%): <average total>
[65.688s][info][gc,stats    ] 
[65.688s][info][gc,metaspace] Metaspace: 8948K(9216K)->8948K(9216K) NonClass: 7775K(7936K)->7775K(7936K) Class: 1172K(1280K)->1172K(1280K)
[65.688s][info][gc,ergo     ] Pacer for Idle. Initial: 83886K, Alloc Tax Rate: 1.0x
[66.145s][info][gc          ] Trigger: Learning 3 of 5. Free (2852M) is below initial threshold (2867M)
[66.145s][info][gc,ergo     ] Free: 2852M, Max: 2048K regular, 1722M humongous, Frag: 40% external, 0% internal; Reserve: 206M, Max: 2048K
[66.145s][info][gc,start    ] GC(92) Concurrent reset
[66.145s][info][gc,task     ] GC(92) Using 1 of 3 workers for concurrent reset
[66.145s][info][gc,ergo     ] GC(92) Pacer for Reset. Non-Taxable: 4096M
[66.146s][info][gc          ] GC(92) Concurrent reset 0.539ms
[66.146s][info][gc,start    ] GC(92) Pause Init Mark (unload classes)
[66.146s][info][gc,task     ] GC(92) Using 3 of 3 workers for init marking
[66.146s][info][gc,ergo     ] GC(92) Pacer for Mark. Expected Live: 9473K, Free: 2850M, Non-Taxable: 285M, Alloc Tax Rate: 0.0x
[66.146s][info][gc          ] GC(92) Pause Init Mark (unload classes) 0.244ms
[66.147s][info][gc,start    ] GC(92) Concurrent marking roots
[66.147s][info][gc,task     ] GC(92) Using 1 of 3 workers for concurrent marking roots
[66.147s][info][gc          ] GC(92) Concurrent marking roots 0.803ms
[66.147s][info][gc,start    ] GC(92) Concurrent marking (unload classes)
[66.147s][info][gc,task     ] GC(92) Using 1 of 3 workers for concurrent marking
[66.160s][info][gc          ] GC(92) Concurrent marking (unload classes) 12.906ms
[66.160s][info][gc,start    ] GC(92) Pause Final Mark (unload classes)
[66.160s][info][gc,task     ] GC(92) Using 3 of 3 workers for final marking
[66.161s][info][gc,ergo     ] GC(92) Collectable Garbage: 982M (95%), Immediate: 982M (95%), CSet: 0B (0%)
[66.161s][info][gc          ] GC(92) Pause Final Mark (unload classes) 0.309ms
[66.161s][info][gc,start    ] GC(92) Concurrent weak references
[66.161s][info][gc,task     ] GC(92) Using 1 of 3 workers for concurrent weak references
[66.161s][info][gc,ref      ] GC(92) Encountered references: Soft: 144, Weak: 702, Final: 0, Phantom: 27
[66.161s][info][gc,ref      ] GC(92) Discovered  references: Soft: 0, Weak: 150, Final: 0, Phantom: 12
[66.161s][info][gc,ref      ] GC(92) Enqueued    references: Soft: 0, Weak: 0, Final: 0, Phantom: 0
[66.161s][info][gc          ] GC(92) Concurrent weak references 0.112ms
[66.161s][info][gc,start    ] GC(92) Concurrent weak roots
[66.161s][info][gc,task     ] GC(92) Using 1 of 3 workers for concurrent weak root
[66.162s][info][gc          ] GC(92) Concurrent weak roots 0.629ms
[66.162s][info][gc,start    ] GC(92) Concurrent cleanup
[66.162s][info][gc          ] GC(92) Concurrent cleanup 1070M->88M(4096M) 0.050ms
[66.162s][info][gc,ergo     ] GC(92) Free: 3802M, Max: 2048K regular, 1750M humongous, Frag: 54% external, 0% internal; Reserve: 206M, Max: 2048K
[66.162s][info][gc,start    ] GC(92) Concurrent class unloading
[66.162s][info][gc,task     ] GC(92) Using 1 of 3 workers for concurrent class unloading
[66.164s][info][gc          ] GC(92) Concurrent class unloading 2.095ms
[66.164s][info][gc,start    ] GC(92) Pause Final Roots
[66.164s][info][gc          ] GC(92) Pause Final Roots 0.023ms
[66.164s][info][gc,ergo     ] Free: 3798M, Max: 2048K regular, 1750M humongous, Frag: 54% external, 0% internal; Reserve: 206M, Max: 2048K
[66.164s][info][gc,stats    ] 
[66.164s][info][gc,stats    ] All times are wall-clock times, except per-root-class counters, that are sum over
[66.164s][info][gc,stats    ] all workers. Dividing the <total> over the root stage time estimates parallelism.
[66.164s][info][gc,stats    ] 
[66.164s][info][gc,stats    ] Concurrent Reset                    601 us
[66.164s][info][gc,stats    ] Pause Init Mark (G)                 458 us
[66.164s][info][gc,stats    ] Pause Init Mark (N)                 263 us
[66.164s][info][gc,stats    ]   Update Region States              113 us
[66.164s][info][gc,stats    ] Concurrent Mark Roots               826 us, parallelism: 0.79x
[66.164s][info][gc,stats    ]   CMR: <total>                      654 us
[66.164s][info][gc,stats    ]   CMR: Thread Roots                 584 us, workers (us): 584, ---, ---, 
[66.164s][info][gc,stats    ]   CMR: VM Strong Roots                7 us, workers (us):   7, ---, ---, 
[66.164s][info][gc,stats    ]   CMR: CLDG Roots                    63 us, workers (us):  63, ---, ---, 
[66.164s][info][gc,stats    ] Concurrent Marking                12965 us
[66.164s][info][gc,stats    ] Pause Final Mark (G)                446 us
[66.164s][info][gc,stats    ] Pause Final Mark (N)                329 us
[66.164s][info][gc,stats    ]   Finish Mark                       101 us
[66.164s][info][gc,stats    ]   Update Region States               65 us
[66.164s][info][gc,stats    ]   Choose Collection Set              62 us
[66.164s][info][gc,stats    ]   Rebuild Free Set                   17 us
[66.164s][info][gc,stats    ] Concurrent Weak References          120 us, parallelism: 0.04x
[66.164s][info][gc,stats    ]   CWRF: <total>                       5 us
[66.164s][info][gc,stats    ]   CWRF: Weak References               5 us, workers (us):   5, ---, ---, 
[66.164s][info][gc,stats    ] Concurrent Weak Roots               654 us
[66.164s][info][gc,stats    ]   Roots                             523 us, parallelism: 0.90x
[66.164s][info][gc,stats    ]     CWR: <total>                    468 us
[66.164s][info][gc,stats    ]     CWR: Code Cache Roots           382 us, workers (us): 382, ---, ---, 
[66.164s][info][gc,stats    ]     CWR: VM Weak Roots               81 us, workers (us):  81, ---, ---, 
[66.164s][info][gc,stats    ]     CWR: CLDG Roots                   6 us, workers (us):   6, ---, ---, 
[66.164s][info][gc,stats    ]   Rendezvous                         90 us
[66.164s][info][gc,stats    ] Concurrent Cleanup                   66 us
[66.164s][info][gc,stats    ] Concurrent Class Unloading         2142 us
[66.164s][info][gc,stats    ]   Unlink Stale                     1924 us
[66.164s][info][gc,stats    ]     System Dictionary                 3 us
[66.164s][info][gc,stats    ]     Weak Class Links                  0 us
[66.164s][info][gc,stats    ]     Code Roots                     1919 us
[66.164s][info][gc,stats    ]   Rendezvous                         56 us
[66.164s][info][gc,stats    ]   Purge Unlinked                     97 us
[66.164s][info][gc,stats    ]     Code Roots                       91 us
[66.164s][info][gc,stats    ]     CLDG                              6 us
[66.164s][info][gc,stats    ]     Exception Caches                  0 us
[66.164s][info][gc,stats    ] Pause Final Roots (G)               106 us
[66.164s][info][gc,stats    ] Pause Final Roots (N)                32 us
[66.164s][info][gc,stats    ] 
[66.164s][info][gc,stats    ] Allocation pacing accrued:
[66.164s][info][gc,stats    ]       0 of   476 ms (  0.0%): <total>
[66.164s][info][gc,stats    ]       0 of   476 ms (  0.0%): <average total>
[66.164s][info][gc,stats    ] 
[66.164s][info][gc,metaspace] Metaspace: 8948K(9216K)->8948K(9216K) NonClass: 7775K(7936K)->7775K(7936K) Class: 1172K(1280K)->1172K(1280K)
[66.164s][info][gc,ergo     ] Pacer for Idle. Initial: 83886K, Alloc Tax Rate: 1.0x
[66.616s][info][gc          ] Trigger: Learning 4 of 5. Free (2848M) is below initial threshold (2867M)
[66.616s][info][gc,ergo     ] Free: 2848M, Max: 2048K regular, 1750M humongous, Frag: 39% external, 0% internal; Reserve: 206M, Max: 2048K
[66.616s][info][gc,start    ] GC(93) Concurrent reset
[66.616s][info][gc,task     ] GC(93) Using 1 of 3 workers for concurrent reset
[66.616s][info][gc,ergo     ] GC(93) Pacer for Reset. Non-Taxable: 4096M
[66.617s][info][gc          ] GC(93) Concurrent reset 0.460ms
[66.617s][info][gc,start    ] GC(93) Pause Init Mark (unload classes)
[66.617s][info][gc,task     ] GC(93) Using 3 of 3 workers for init marking
[66.617s][info][gc,ergo     ] GC(93) Pacer for Mark. Expected Live: 9494K, Free: 2846M, Non-Taxable: 284M, Alloc Tax Rate: 0.0x
[66.617s][info][gc          ] GC(93) Pause Init Mark (unload classes) 0.155ms
[66.617s][info][gc,start    ] GC(93) Concurrent marking roots
[66.617s][info][gc,task     ] GC(93) Using 1 of 3 workers for concurrent marking roots
[66.617s][info][gc          ] GC(93) Concurrent marking roots 0.412ms
[66.617s][info][gc,start    ] GC(93) Concurrent marking (unload classes)
[66.617s][info][gc,task     ] GC(93) Using 1 of 3 workers for concurrent marking
[66.635s][info][gc          ] GC(93) Concurrent marking (unload classes) 17.308ms
[66.635s][info][gc,start    ] GC(93) Pause Final Mark (unload classes)
[66.635s][info][gc,task     ] GC(93) Using 3 of 3 workers for final marking
[66.635s][info][gc,ergo     ] GC(93) Collectable Garbage: 986M (95%), Immediate: 986M (95%), CSet: 0B (0%)
[66.635s][info][gc          ] GC(93) Pause Final Mark (unload classes) 0.316ms
[66.635s][info][gc,start    ] GC(93) Concurrent weak references
[66.635s][info][gc,task     ] GC(93) Using 1 of 3 workers for concurrent weak references
[66.635s][info][gc,ref      ] GC(93) Encountered references: Soft: 144, Weak: 702, Final: 0, Phantom: 27
[66.635s][info][gc,ref      ] GC(93) Discovered  references: Soft: 0, Weak: 150, Final: 0, Phantom: 12
[66.635s][info][gc,ref      ] GC(93) Enqueued    references: Soft: 0, Weak: 0, Final: 0, Phantom: 0
[66.635s][info][gc          ] GC(93) Concurrent weak references 0.157ms
[66.635s][info][gc,start    ] GC(93) Concurrent weak roots
[66.635s][info][gc,task     ] GC(93) Using 1 of 3 workers for concurrent weak root
[66.636s][info][gc          ] GC(93) Concurrent weak roots 0.586ms
[66.636s][info][gc,start    ] GC(93) Concurrent cleanup
[66.636s][info][gc          ] GC(93) Concurrent cleanup 1084M->98M(4096M) 0.044ms
[66.636s][info][gc,ergo     ] GC(93) Free: 3792M, Max: 2048K regular, 1714M humongous, Frag: 55% external, 0% internal; Reserve: 206M, Max: 2048K
[66.636s][info][gc,start    ] GC(93) Concurrent class unloading
[66.636s][info][gc,task     ] GC(93) Using 1 of 3 workers for concurrent class unloading
[66.638s][info][gc          ] GC(93) Concurrent class unloading 2.318ms
[66.639s][info][gc,start    ] GC(93) Pause Final Roots
[66.639s][info][gc          ] GC(93) Pause Final Roots 0.042ms
[66.639s][info][gc,ergo     ] Free: 3786M, Max: 2048K regular, 1714M humongous, Frag: 55% external, 0% internal; Reserve: 206M, Max: 2048K
[66.639s][info][gc,stats    ] 
[66.639s][info][gc,stats    ] All times are wall-clock times, except per-root-class counters, that are sum over
[66.639s][info][gc,stats    ] all workers. Dividing the <total> over the root stage time estimates parallelism.
[66.639s][info][gc,stats    ] 
[66.639s][info][gc,stats    ] Concurrent Reset                    516 us
[66.639s][info][gc,stats    ] Pause Init Mark (G)                 302 us
[66.639s][info][gc,stats    ] Pause Init Mark (N)                 172 us
[66.639s][info][gc,stats    ]   Update Region States               68 us
[66.639s][info][gc,stats    ] Concurrent Mark Roots               430 us, parallelism: 0.76x
[66.639s][info][gc,stats    ]   CMR: <total>                      326 us
[66.639s][info][gc,stats    ]   CMR: Thread Roots                 287 us, workers (us): 287, ---, ---, 
[66.639s][info][gc,stats    ]   CMR: VM Strong Roots                5 us, workers (us):   5, ---, ---, 
[66.639s][info][gc,stats    ]   CMR: CLDG Roots                    35 us, workers (us):  35, ---, ---, 
[66.639s][info][gc,stats    ] Concurrent Marking                17376 us
[66.639s][info][gc,stats    ] Pause Final Mark (G)                468 us
[66.639s][info][gc,stats    ] Pause Final Mark (N)                335 us
[66.639s][info][gc,stats    ]   Finish Mark                       104 us
[66.639s][info][gc,stats    ]   Update Region States               65 us
[66.639s][info][gc,stats    ]   Choose Collection Set              62 us
[66.639s][info][gc,stats    ]   Rebuild Free Set                   17 us
[66.639s][info][gc,stats    ] Concurrent Weak References          173 us, parallelism: 0.03x
[66.639s][info][gc,stats    ]   CWRF: <total>                       4 us
[66.639s][info][gc,stats    ]   CWRF: Weak References               4 us, workers (us):   4, ---, ---, 
[66.639s][info][gc,stats    ] Concurrent Weak Roots               605 us
[66.639s][info][gc,stats    ]   Roots                             474 us, parallelism: 0.87x
[66.639s][info][gc,stats    ]     CWR: <total>                    414 us
[66.639s][info][gc,stats    ]     CWR: Code Cache Roots           344 us, workers (us): 344, ---, ---, 
[66.639s][info][gc,stats    ]     CWR: VM Weak Roots               66 us, workers (us):  66, ---, ---, 
[66.639s][info][gc,stats    ]     CWR: CLDG Roots                   5 us, workers (us):   5, ---, ---, 
[66.639s][info][gc,stats    ]   Rendezvous                         81 us
[66.639s][info][gc,stats    ] Concurrent Cleanup                   52 us
[66.639s][info][gc,stats    ] Concurrent Class Unloading         2382 us
[66.639s][info][gc,stats    ]   Unlink Stale                     1959 us
[66.639s][info][gc,stats    ]     System Dictionary                 2 us
[66.639s][info][gc,stats    ]     Weak Class Links                  0 us
[66.639s][info][gc,stats    ]     Code Roots                     1954 us
[66.639s][info][gc,stats    ]   Rendezvous                        139 us
[66.639s][info][gc,stats    ]   Purge Unlinked                    200 us
[66.639s][info][gc,stats    ]     Code Roots                      187 us
[66.639s][info][gc,stats    ]     CLDG                             12 us
[66.639s][info][gc,stats    ]     Exception Caches                  0 us
[66.639s][info][gc,stats    ] Pause Final Roots (G)               190 us
[66.639s][info][gc,stats    ] Pause Final Roots (N)                59 us
[66.639s][info][gc,stats    ] 
[66.639s][info][gc,stats    ] Allocation pacing accrued:
[66.639s][info][gc,stats    ]       0 of   475 ms (  0.0%): <total>
[66.639s][info][gc,stats    ]       0 of   475 ms (  0.0%): <average total>
[66.640s][info][gc,stats    ] 
[66.640s][info][gc,metaspace] Metaspace: 8948K(9216K)->8948K(9216K) NonClass: 7775K(7936K)->7775K(7936K) Class: 1172K(1280K)->1172K(1280K)
[66.640s][info][gc,ergo     ] Pacer for Idle. Initial: 83886K, Alloc Tax Rate: 1.0x
[67.071s][info][gc          ] Trigger: Learning 5 of 5. Free (2850M) is below initial threshold (2867M)
[67.072s][info][gc,ergo     ] Free: 2850M, Max: 2048K regular, 1714M humongous, Frag: 40% external, 0% internal; Reserve: 206M, Max: 2048K
[67.072s][info][gc,start    ] GC(94) Concurrent reset
[67.072s][info][gc,task     ] GC(94) Using 1 of 3 workers for concurrent reset
[67.072s][info][gc,ergo     ] GC(94) Pacer for Reset. Non-Taxable: 4096M
[67.072s][info][gc          ] GC(94) Concurrent reset 0.603ms
[67.072s][info][gc,start    ] GC(94) Pause Init Mark (unload classes)
[67.072s][info][gc,task     ] GC(94) Using 3 of 3 workers for init marking
[67.073s][info][gc,ergo     ] GC(94) Pacer for Mark. Expected Live: 9507K, Free: 2848M, Non-Taxable: 284M, Alloc Tax Rate: 0.0x
[67.073s][info][gc          ] GC(94) Pause Init Mark (unload classes) 0.192ms
[67.073s][info][gc,start    ] GC(94) Concurrent marking roots
[67.073s][info][gc,task     ] GC(94) Using 1 of 3 workers for concurrent marking roots
[67.073s][info][gc          ] GC(94) Concurrent marking roots 0.428ms
[67.073s][info][gc,start    ] GC(94) Concurrent marking (unload classes)
[67.073s][info][gc,task     ] GC(94) Using 1 of 3 workers for concurrent marking
[67.094s][info][gc          ] GC(94) Concurrent marking (unload classes) 21.206ms
[67.094s][info][gc,start    ] GC(94) Pause Final Mark (unload classes)
[67.094s][info][gc,task     ] GC(94) Using 3 of 3 workers for final marking
[67.095s][info][gc,ergo     ] GC(94) Collectable Garbage: 968M (94%), Immediate: 968M (94%), CSet: 0B (0%)
[67.095s][info][gc          ] GC(94) Pause Final Mark (unload classes) 0.338ms
[67.095s][info][gc,start    ] GC(94) Concurrent weak references
[67.095s][info][gc,task     ] GC(94) Using 1 of 3 workers for concurrent weak references
[67.095s][info][gc,ref      ] GC(94) Encountered references: Soft: 144, Weak: 702, Final: 0, Phantom: 27
[67.095s][info][gc,ref      ] GC(94) Discovered  references: Soft: 0, Weak: 150, Final: 0, Phantom: 12
[67.095s][info][gc,ref      ] GC(94) Enqueued    references: Soft: 0, Weak: 0, Final: 0, Phantom: 0
[67.095s][info][gc          ] GC(94) Concurrent weak references 0.156ms
[67.095s][info][gc,start    ] GC(94) Concurrent weak roots
[67.095s][info][gc,task     ] GC(94) Using 1 of 3 workers for concurrent weak root
[67.096s][info][gc          ] GC(94) Concurrent weak roots 0.657ms
[67.096s][info][gc,start    ] GC(94) Concurrent cleanup
[67.096s][info][gc          ] GC(94) Concurrent cleanup 1068M->100M(4096M) 0.043ms
[67.096s][info][gc,ergo     ] GC(94) Free: 3790M, Max: 2048K regular, 1766M humongous, Frag: 54% external, 0% internal; Reserve: 206M, Max: 2048K
[67.096s][info][gc,start    ] GC(94) Concurrent class unloading
[67.096s][info][gc,task     ] GC(94) Using 1 of 3 workers for concurrent class unloading
[67.098s][info][gc          ] GC(94) Concurrent class unloading 1.926ms
[67.098s][info][gc,start    ] GC(94) Pause Final Roots
[67.098s][info][gc          ] GC(94) Pause Final Roots 0.062ms
[67.098s][info][gc,ergo     ] Free: 3790M, Max: 2048K regular, 1766M humongous, Frag: 54% external, 0% internal; Reserve: 206M, Max: 2048K
[67.098s][info][gc,stats    ] 
[67.098s][info][gc,stats    ] All times are wall-clock times, except per-root-class counters, that are sum over
[67.098s][info][gc,stats    ] all workers. Dividing the <total> over the root stage time estimates parallelism.
[67.098s][info][gc,stats    ] 
[67.098s][info][gc,stats    ] Concurrent Reset                    666 us
[67.098s][info][gc,stats    ] Pause Init Mark (G)                 343 us
[67.098s][info][gc,stats    ] Pause Init Mark (N)                 209 us
[67.098s][info][gc,stats    ]   Update Region States               69 us
[67.098s][info][gc,stats    ] Concurrent Mark Roots               446 us, parallelism: 0.77x
[67.098s][info][gc,stats    ]   CMR: <total>                      343 us
[67.098s][info][gc,stats    ]   CMR: Thread Roots                 304 us, workers (us): 304, ---, ---, 
[67.098s][info][gc,stats    ]   CMR: VM Strong Roots                5 us, workers (us):   5, ---, ---, 
[67.098s][info][gc,stats    ]   CMR: CLDG Roots                    34 us, workers (us):  34, ---, ---, 
[67.098s][info][gc,stats    ] Concurrent Marking                21272 us
[67.098s][info][gc,stats    ] Pause Final Mark (G)                481 us
[67.098s][info][gc,stats    ] Pause Final Mark (N)                358 us
[67.098s][info][gc,stats    ]   Finish Mark                       112 us
[67.098s][info][gc,stats    ]   Update Region States               65 us
[67.098s][info][gc,stats    ]   Choose Collection Set              63 us
[67.098s][info][gc,stats    ]   Rebuild Free Set                   17 us
[67.098s][info][gc,stats    ] Concurrent Weak References          172 us, parallelism: 0.03x
[67.098s][info][gc,stats    ]   CWRF: <total>                       5 us
[67.098s][info][gc,stats    ]   CWRF: Weak References               5 us, workers (us):   5, ---, ---, 
[67.098s][info][gc,stats    ] Concurrent Weak Roots               675 us
[67.098s][info][gc,stats    ]   Roots                             537 us, parallelism: 0.86x
[67.098s][info][gc,stats    ]     CWR: <total>                    464 us
[67.098s][info][gc,stats    ]     CWR: Code Cache Roots           349 us, workers (us): 349, ---, ---, 
[67.098s][info][gc,stats    ]     CWR: VM Weak Roots              109 us, workers (us): 109, ---, ---, 
[67.098s][info][gc,stats    ]     CWR: CLDG Roots                   6 us, workers (us):   6, ---, ---, 
[67.098s][info][gc,stats    ]   Rendezvous                         89 us
[67.098s][info][gc,stats    ] Concurrent Cleanup                   51 us
[67.098s][info][gc,stats    ] Concurrent Class Unloading         1976 us
[67.098s][info][gc,stats    ]   Unlink Stale                     1597 us
[67.098s][info][gc,stats    ]     System Dictionary                 3 us
[67.098s][info][gc,stats    ]     Weak Class Links                  0 us
[67.098s][info][gc,stats    ]     Code Roots                     1593 us
[67.098s][info][gc,stats    ]   Rendezvous                        141 us
[67.098s][info][gc,stats    ]   Purge Unlinked                    169 us
[67.098s][info][gc,stats    ]     Code Roots                      160 us
[67.099s][info][gc,stats    ]     CLDG                              9 us
[67.099s][info][gc,stats    ]     Exception Caches                  0 us
[67.099s][info][gc,stats    ] Pause Final Roots (G)               191 us
[67.099s][info][gc,stats    ] Pause Final Roots (N)                81 us
[67.099s][info][gc,stats    ] 
[67.099s][info][gc,stats    ] Allocation pacing accrued:
[67.099s][info][gc,stats    ]       0 of   459 ms (  0.0%): <total>
[67.099s][info][gc,stats    ]       0 of   459 ms (  0.0%): <average total>
[67.099s][info][gc,stats    ] 
[67.099s][info][gc,metaspace] Metaspace: 8948K(9216K)->8948K(9216K) NonClass: 7775K(7936K)->7775K(7936K) Class: 1172K(1280K)->1172K(1280K)
[67.099s][info][gc,ergo     ] Pacer for Idle. Initial: 83886K, Alloc Tax Rate: 1.0x
[68.720s][info][gc          ] Trigger: Explicit GC request (System.gc())
[68.720s][info][gc,ergo     ] Free: 998M, Max: 2048K regular, 996M humongous, Frag: 1% external, 0% internal; Reserve: 206M, Max: 2048K
[68.720s][info][gc,start    ] GC(95) Concurrent reset
[68.720s][info][gc,task     ] GC(95) Using 1 of 3 workers for concurrent reset
[68.720s][info][gc,ergo     ] GC(95) Pacer for Reset. Non-Taxable: 4096M
[68.721s][info][gc          ] GC(95) Concurrent reset 0.572ms
[68.721s][info][gc,start    ] GC(95) Pause Init Mark (unload classes)
[68.721s][info][gc,task     ] GC(95) Using 3 of 3 workers for init marking
[68.721s][info][gc,ref      ] GC(95) Clearing All SoftReferences
[68.721s][info][gc,ergo     ] GC(95) Pacer for Mark. Expected Live: 9525K, Free: 998M, Non-Taxable: 102195K, Alloc Tax Rate: 0.0x
[68.721s][info][gc          ] GC(95) Pause Init Mark (unload classes) 0.192ms
[68.721s][info][gc,start    ] GC(95) Concurrent marking roots
[68.721s][info][gc,task     ] GC(95) Using 1 of 3 workers for concurrent marking roots
[68.722s][info][gc          ] GC(95) Concurrent marking roots 0.423ms
[68.722s][info][gc,start    ] GC(95) Concurrent marking (unload classes)
[68.722s][info][gc,task     ] GC(95) Using 1 of 3 workers for concurrent marking
[68.725s][info][gc          ] GC(95) Concurrent marking (unload classes) 3.760ms
[68.725s][info][gc,start    ] GC(95) Pause Final Mark (unload classes)
[68.725s][info][gc,task     ] GC(95) Using 3 of 3 workers for final marking
[68.726s][info][gc,ergo     ] GC(95) Collectable Garbage: 2858M (98%), Immediate: 2858M (98%), CSet: 0B (0%)
[68.726s][info][gc          ] GC(95) Pause Final Mark (unload classes) 0.343ms
[68.726s][info][gc,start    ] GC(95) Concurrent weak references
[68.726s][info][gc,task     ] GC(95) Using 1 of 3 workers for concurrent weak references
[68.726s][info][gc,ref      ] GC(95) Encountered references: Soft: 144, Weak: 702, Final: 0, Phantom: 27
[68.726s][info][gc,ref      ] GC(95) Discovered  references: Soft: 88, Weak: 168, Final: 0, Phantom: 25
[68.726s][info][gc,ref      ] GC(95) Enqueued    references: Soft: 3, Weak: 0, Final: 0, Phantom: 0
[68.726s][info][gc          ] GC(95) Concurrent weak references 0.170ms
[68.726s][info][gc,start    ] GC(95) Concurrent weak roots
[68.726s][info][gc,task     ] GC(95) Using 1 of 3 workers for concurrent weak root
[68.727s][info][gc          ] GC(95) Concurrent weak roots 0.690ms
[68.727s][info][gc,start    ] GC(95) Concurrent cleanup
[68.727s][info][gc          ] GC(95) Concurrent cleanup 2892M->34M(4096M) 0.087ms
[68.727s][info][gc,ergo     ] GC(95) Free: 3856M, Max: 2048K regular, 2720M humongous, Frag: 30% external, 0% internal; Reserve: 206M, Max: 2048K
[68.727s][info][gc,start    ] GC(95) Concurrent class unloading
[68.727s][info][gc,task     ] GC(95) Using 1 of 3 workers for concurrent class unloading
[68.729s][info][gc          ] GC(95) Concurrent class unloading 1.973ms
[68.729s][info][gc,start    ] GC(95) Pause Final Roots
[68.729s][info][gc          ] GC(95) Pause Final Roots 0.056ms
[68.729s][info][gc,ergo     ] Free: 3856M, Max: 2048K regular, 2720M humongous, Frag: 30% external, 0% internal; Reserve: 206M, Max: 2048K
[68.729s][info][gc,stats    ] 
[68.729s][info][gc,stats    ] All times are wall-clock times, except per-root-class counters, that are sum over
[68.729s][info][gc,stats    ] all workers. Dividing the <total> over the root stage time estimates parallelism.
[68.729s][info][gc,stats    ] 
[68.729s][info][gc,stats    ] Concurrent Reset                    624 us
[68.729s][info][gc,stats    ] Pause Init Mark (G)                 328 us
[68.729s][info][gc,stats    ] Pause Init Mark (N)                 209 us
[68.729s][info][gc,stats    ]   Update Region States               72 us
[68.729s][info][gc,stats    ] Concurrent Mark Roots               442 us, parallelism: 0.76x
[68.729s][info][gc,stats    ]   CMR: <total>                      337 us
[68.729s][info][gc,stats    ]   CMR: Thread Roots                 293 us, workers (us): 293, ---, ---, 
[68.729s][info][gc,stats    ]   CMR: VM Strong Roots                5 us, workers (us):   5, ---, ---, 
[68.729s][info][gc,stats    ]   CMR: CLDG Roots                    38 us, workers (us):  38, ---, ---, 
[68.729s][info][gc,stats    ] Concurrent Marking                 3821 us
[68.729s][info][gc,stats    ] Pause Final Mark (G)                489 us
[68.729s][info][gc,stats    ] Pause Final Mark (N)                370 us
[68.729s][info][gc,stats    ]   Finish Mark                        94 us
[68.729s][info][gc,stats    ]   Update Region States               64 us
[68.729s][info][gc,stats    ]   Choose Collection Set              83 us
[68.729s][info][gc,stats    ]   Rebuild Free Set                   20 us
[68.729s][info][gc,stats    ] Concurrent Weak References          186 us, parallelism: 0.04x
[68.729s][info][gc,stats    ]   CWRF: <total>                       8 us
[68.730s][info][gc,stats    ]   CWRF: Weak References               8 us, workers (us):   8, ---, ---, 
[68.730s][info][gc,stats    ] Concurrent Weak Roots               709 us
[68.730s][info][gc,stats    ]   Roots                             562 us, parallelism: 0.86x
[68.730s][info][gc,stats    ]     CWR: <total>                    482 us
[68.730s][info][gc,stats    ]     CWR: Code Cache Roots           364 us, workers (us): 364, ---, ---, 
[68.730s][info][gc,stats    ]     CWR: VM Weak Roots              112 us, workers (us): 112, ---, ---, 
[68.730s][info][gc,stats    ]     CWR: CLDG Roots                   5 us, workers (us):   5, ---, ---, 
[68.730s][info][gc,stats    ]   Rendezvous                         96 us
[68.730s][info][gc,stats    ] Concurrent Cleanup                   95 us
[68.730s][info][gc,stats    ] Concurrent Class Unloading         2022 us
[68.730s][info][gc,stats    ]   Unlink Stale                     1812 us
[68.730s][info][gc,stats    ]     System Dictionary                 2 us
[68.730s][info][gc,stats    ]     Weak Class Links                  0 us
[68.730s][info][gc,stats    ]     Code Roots                     1808 us
[68.730s][info][gc,stats    ]   Rendezvous                         59 us
[68.730s][info][gc,stats    ]   Purge Unlinked                     85 us
[68.730s][info][gc,stats    ]     Code Roots                       80 us
[68.730s][info][gc,stats    ]     CLDG                              5 us
[68.730s][info][gc,stats    ]     Exception Caches                  0 us
[68.730s][info][gc,stats    ] Pause Final Roots (G)               198 us
[68.730s][info][gc,stats    ] Pause Final Roots (N)                79 us
[68.730s][info][gc,stats    ] 
[68.730s][info][gc,stats    ] Allocation pacing accrued:
[68.730s][info][gc,stats    ]       0 of  1631 ms (  0.0%): <total>
[68.730s][info][gc,stats    ]       0 of  1631 ms (  0.0%): <average total>
[68.730s][info][gc,stats    ] 
[68.730s][info][gc,metaspace] Metaspace: 8948K(9216K)->8948K(9216K) NonClass: 7775K(7936K)->7776K(7936K) Class: 1172K(1280K)->1172K(1280K)
[68.730s][info][gc,ergo     ] Pacer for Idle. Initial: 83886K, Alloc Tax Rate: 1.0x
[69.191s][info][gc          ] Trigger: Learning 2 of 5. Free (2858M) is below initial threshold (2867M)
[69.191s][info][gc,ergo     ] Free: 2858M, Max: 2048K regular, 1768M humongous, Frag: 39% external, 0% internal; Reserve: 206M, Max: 2048K
[69.191s][info][gc,start    ] GC(96) Concurrent reset
[69.192s][info][gc,task     ] GC(96) Using 1 of 3 workers for concurrent reset
[69.192s][info][gc,ergo     ] GC(96) Pacer for Reset. Non-Taxable: 4096M
[69.192s][info][gc          ] GC(96) Concurrent reset 0.455ms
[69.192s][info][gc,start    ] GC(96) Pause Init Mark (unload classes)
[69.192s][info][gc,task     ] GC(96) Using 3 of 3 workers for init marking
[69.192s][info][gc,ergo     ] GC(96) Pacer for Mark. Expected Live: 9525K, Free: 2856M, Non-Taxable: 285M, Alloc Tax Rate: 0.0x
[69.192s][info][gc          ] GC(96) Pause Init Mark (unload classes) 0.205ms
[69.192s][info][gc,start    ] GC(96) Concurrent marking roots
[69.192s][info][gc,task     ] GC(96) Using 1 of 3 workers for concurrent marking roots
[69.193s][info][gc          ] GC(96) Concurrent marking roots 0.823ms
[69.193s][info][gc,start    ] GC(96) Concurrent marking (unload classes)
[69.193s][info][gc,task     ] GC(96) Using 1 of 3 workers for concurrent marking
[69.202s][info][gc          ] GC(96) Concurrent marking (unload classes) 8.868ms
[69.202s][info][gc,start    ] GC(96) Pause Final Mark (unload classes)
[69.202s][info][gc,task     ] GC(96) Using 3 of 3 workers for final marking
[69.203s][info][gc,ergo     ] GC(96) Collectable Garbage: 978M (95%), Immediate: 978M (95%), CSet: 0B (0%)
[69.203s][info][gc          ] GC(96) Pause Final Mark (unload classes) 0.333ms
[69.203s][info][gc,start    ] GC(96) Concurrent weak references
[69.203s][info][gc,task     ] GC(96) Using 1 of 3 workers for concurrent weak references
[69.203s][info][gc,ref      ] GC(96) Encountered references: Soft: 144, Weak: 702, Final: 0, Phantom: 27
[69.203s][info][gc,ref      ] GC(96) Discovered  references: Soft: 0, Weak: 150, Final: 0, Phantom: 12
[69.203s][info][gc,ref      ] GC(96) Enqueued    references: Soft: 0, Weak: 0, Final: 0, Phantom: 0
[69.203s][info][gc          ] GC(96) Concurrent weak references 0.138ms
[69.203s][info][gc,start    ] GC(96) Concurrent weak roots
[69.203s][info][gc,task     ] GC(96) Using 1 of 3 workers for concurrent weak root
[69.203s][info][gc          ] GC(96) Concurrent weak roots 0.560ms
[69.203s][info][gc,start    ] GC(96) Concurrent cleanup
[69.203s][info][gc          ] GC(96) Concurrent cleanup 1056M->78M(4096M) 0.042ms
[69.203s][info][gc,ergo     ] GC(96) Free: 3812M, Max: 2048K regular, 1744M humongous, Frag: 55% external, 0% internal; Reserve: 206M, Max: 2048K
[69.203s][info][gc,start    ] GC(96) Concurrent class unloading
[69.203s][info][gc,task     ] GC(96) Using 1 of 3 workers for concurrent class unloading
[69.206s][info][gc          ] GC(96) Concurrent class unloading 2.356ms
[69.206s][info][gc,start    ] GC(96) Pause Final Roots
[69.206s][info][gc          ] GC(96) Pause Final Roots 0.039ms
[69.206s][info][gc,ergo     ] Free: 3808M, Max: 2048K regular, 1744M humongous, Frag: 55% external, 0% internal; Reserve: 206M, Max: 2048K
[69.206s][info][gc,stats    ] 
[69.206s][info][gc,stats    ] All times are wall-clock times, except per-root-class counters, that are sum over
[69.206s][info][gc,stats    ] all workers. Dividing the <total> over the root stage time estimates parallelism.
[69.206s][info][gc,stats    ] 
[69.206s][info][gc,stats    ] Concurrent Reset                    506 us
[69.206s][info][gc,stats    ] Pause Init Mark (G)                 400 us
[69.206s][info][gc,stats    ] Pause Init Mark (N)                 214 us
[69.206s][info][gc,stats    ]   Update Region States               96 us
[69.206s][info][gc,stats    ] Concurrent Mark Roots               847 us, parallelism: 0.77x
[69.206s][info][gc,stats    ]   CMR: <total>                      652 us
[69.206s][info][gc,stats    ]   CMR: Thread Roots                 558 us, workers (us): 558, ---, ---, 
[69.206s][info][gc,stats    ]   CMR: VM Strong Roots               10 us, workers (us):  10, ---, ---, 
[69.206s][info][gc,stats    ]   CMR: CLDG Roots                    84 us, workers (us):  84, ---, ---, 
[69.206s][info][gc,stats    ] Concurrent Marking                 8933 us
[69.206s][info][gc,stats    ] Pause Final Mark (G)                463 us
[69.206s][info][gc,stats    ] Pause Final Mark (N)                353 us
[69.206s][info][gc,stats    ]   Finish Mark                       110 us
[69.206s][info][gc,stats    ]   Update Region States               65 us
[69.206s][info][gc,stats    ]   Choose Collection Set              62 us
[69.206s][info][gc,stats    ]   Rebuild Free Set                   17 us
[69.206s][info][gc,stats    ] Concurrent Weak References          145 us, parallelism: 0.05x
[69.206s][info][gc,stats    ]   CWRF: <total>                       8 us
[69.206s][info][gc,stats    ]   CWRF: Weak References               8 us, workers (us):   8, ---, ---, 
[69.206s][info][gc,stats    ] Concurrent Weak Roots               579 us
[69.206s][info][gc,stats    ]   Roots                             463 us, parallelism: 0.89x
[69.206s][info][gc,stats    ]     CWR: <total>                    411 us
[69.207s][info][gc,stats    ]     CWR: Code Cache Roots           343 us, workers (us): 343, ---, ---, 
[69.207s][info][gc,stats    ]     CWR: VM Weak Roots               62 us, workers (us):  62, ---, ---, 
[69.207s][info][gc,stats    ]     CWR: CLDG Roots                   5 us, workers (us):   5, ---, ---, 
[69.207s][info][gc,stats    ]   Rendezvous                         82 us
[69.207s][info][gc,stats    ] Concurrent Cleanup                   51 us
[69.207s][info][gc,stats    ] Concurrent Class Unloading         2403 us
[69.207s][info][gc,stats    ]   Unlink Stale                     2032 us
[69.207s][info][gc,stats    ]     System Dictionary                 2 us
[69.207s][info][gc,stats    ]     Weak Class Links                  0 us
[69.207s][info][gc,stats    ]     Code Roots                     2028 us
[69.207s][info][gc,stats    ]   Rendezvous                        129 us
[69.207s][info][gc,stats    ]   Purge Unlinked                    173 us
[69.207s][info][gc,stats    ]     Code Roots                      163 us
[69.207s][info][gc,stats    ]     CLDG                              9 us
[69.207s][info][gc,stats    ]     Exception Caches                  0 us
[69.207s][info][gc,stats    ] Pause Final Roots (G)               193 us
[69.207s][info][gc,stats    ] Pause Final Roots (N)                57 us
[69.207s][info][gc,stats    ] 
[69.207s][info][gc,stats    ] Allocation pacing accrued:
[69.207s][info][gc,stats    ]       0 of   477 ms (  0.0%): <total>
[69.207s][info][gc,stats    ]       0 of   477 ms (  0.0%): <average total>
[69.207s][info][gc,stats    ] 
[69.207s][info][gc,metaspace] Metaspace: 8951K(9216K)->8951K(9216K) NonClass: 7778K(7936K)->7778K(7936K) Class: 1172K(1280K)->1172K(1280K)
[69.207s][info][gc,ergo     ] Pacer for Idle. Initial: 83886K, Alloc Tax Rate: 1.0x
[69.661s][info][gc          ] Trigger: Learning 3 of 5. Free (2854M) is below initial threshold (2867M)
[69.661s][info][gc,ergo     ] Free: 2854M, Max: 2048K regular, 1744M humongous, Frag: 39% external, 0% internal; Reserve: 206M, Max: 2048K
[69.661s][info][gc,start    ] GC(97) Concurrent reset
[69.661s][info][gc,task     ] GC(97) Using 1 of 3 workers for concurrent reset
[69.661s][info][gc,ergo     ] GC(97) Pacer for Reset. Non-Taxable: 4096M
[69.662s][info][gc          ] GC(97) Concurrent reset 0.541ms
[69.662s][info][gc,start    ] GC(97) Pause Init Mark (unload classes)
[69.662s][info][gc,task     ] GC(97) Using 3 of 3 workers for init marking
[69.662s][info][gc,ergo     ] GC(97) Pacer for Mark. Expected Live: 9510K, Free: 2852M, Non-Taxable: 285M, Alloc Tax Rate: 0.0x
[69.662s][info][gc          ] GC(97) Pause Init Mark (unload classes) 0.245ms
[69.662s][info][gc,start    ] GC(97) Concurrent marking roots
[69.662s][info][gc,task     ] GC(97) Using 1 of 3 workers for concurrent marking roots
[69.663s][info][gc          ] GC(97) Concurrent marking roots 0.806ms
[69.663s][info][gc,start    ] GC(97) Concurrent marking (unload classes)
[69.663s][info][gc,task     ] GC(97) Using 1 of 3 workers for concurrent marking
[69.676s][info][gc          ] GC(97) Concurrent marking (unload classes) 13.095ms
[69.676s][info][gc,start    ] GC(97) Pause Final Mark (unload classes)
[69.677s][info][gc,task     ] GC(97) Using 3 of 3 workers for final marking
[69.677s][info][gc,ergo     ] GC(97) Collectable Garbage: 980M (95%), Immediate: 980M (95%), CSet: 0B (0%)
[69.677s][info][gc          ] GC(97) Pause Final Mark (unload classes) 0.270ms
[69.677s][info][gc,start    ] GC(97) Concurrent weak references
[69.677s][info][gc,task     ] GC(97) Using 1 of 3 workers for concurrent weak references
[69.677s][info][gc,ref      ] GC(97) Encountered references: Soft: 144, Weak: 702, Final: 0, Phantom: 27
[69.677s][info][gc,ref      ] GC(97) Discovered  references: Soft: 0, Weak: 150, Final: 0, Phantom: 12
[69.677s][info][gc,ref      ] GC(97) Enqueued    references: Soft: 0, Weak: 0, Final: 0, Phantom: 0
[69.677s][info][gc          ] GC(97) Concurrent weak references 0.062ms
[69.677s][info][gc,start    ] GC(97) Concurrent weak roots
[69.677s][info][gc,task     ] GC(97) Using 1 of 3 workers for concurrent weak root
[69.678s][info][gc          ] GC(97) Concurrent weak roots 0.697ms
[69.678s][info][gc,start    ] GC(97) Concurrent cleanup
[69.678s][info][gc          ] GC(97) Concurrent cleanup 1068M->88M(4096M) 0.043ms
[69.678s][info][gc,ergo     ] GC(97) Free: 3802M, Max: 2048K regular, 1730M humongous, Frag: 55% external, 0% internal; Reserve: 206M, Max: 2048K
[69.678s][info][gc,start    ] GC(97) Concurrent class unloading
[69.678s][info][gc,task     ] GC(97) Using 1 of 3 workers for concurrent class unloading
[69.680s][info][gc          ] GC(97) Concurrent class unloading 2.331ms
[69.680s][info][gc,start    ] GC(97) Pause Final Roots
[69.680s][info][gc          ] GC(97) Pause Final Roots 0.033ms
[69.680s][info][gc,ergo     ] Free: 3796M, Max: 2048K regular, 1730M humongous, Frag: 55% external, 0% internal; Reserve: 206M, Max: 2048K
[69.680s][info][gc,stats    ] 
[69.680s][info][gc,stats    ] All times are wall-clock times, except per-root-class counters, that are sum over
[69.680s][info][gc,stats    ] all workers. Dividing the <total> over the root stage time estimates parallelism.
[69.680s][info][gc,stats    ] 
[69.680s][info][gc,stats    ] Concurrent Reset                    592 us
[69.680s][info][gc,stats    ] Pause Init Mark (G)                 455 us
[69.680s][info][gc,stats    ] Pause Init Mark (N)                 264 us
[69.680s][info][gc,stats    ]   Update Region States              114 us
[69.680s][info][gc,stats    ] Concurrent Mark Roots               830 us, parallelism: 0.84x
[69.680s][info][gc,stats    ]   CMR: <total>                      700 us
[69.680s][info][gc,stats    ]   CMR: Thread Roots                 629 us, workers (us): 629, ---, ---, 
[69.680s][info][gc,stats    ]   CMR: VM Strong Roots                7 us, workers (us):   7, ---, ---, 
[69.680s][info][gc,stats    ]   CMR: CLDG Roots                    65 us, workers (us):  65, ---, ---, 
[69.680s][info][gc,stats    ] Concurrent Marking                13144 us
[69.680s][info][gc,stats    ] Pause Final Mark (G)                394 us
[69.680s][info][gc,stats    ] Pause Final Mark (N)                280 us
[69.680s][info][gc,stats    ]   Finish Mark                       108 us
[69.680s][info][gc,stats    ]   Update Region States               51 us
[69.680s][info][gc,stats    ]   Choose Collection Set              42 us
[69.680s][info][gc,stats    ]   Rebuild Free Set                    8 us
[69.680s][info][gc,stats    ] Concurrent Weak References           70 us, parallelism: 0.07x
[69.680s][info][gc,stats    ]   CWRF: <total>                       5 us
[69.680s][info][gc,stats    ]   CWRF: Weak References               5 us, workers (us):   5, ---, ---, 
[69.681s][info][gc,stats    ] Concurrent Weak Roots               715 us
[69.681s][info][gc,stats    ]   Roots                             595 us, parallelism: 0.91x
[69.681s][info][gc,stats    ]     CWR: <total>                    542 us
[69.681s][info][gc,stats    ]     CWR: Code Cache Roots           423 us, workers (us): 423, ---, ---, 
[69.681s][info][gc,stats    ]     CWR: VM Weak Roots              113 us, workers (us): 113, ---, ---, 
[69.681s][info][gc,stats    ]     CWR: CLDG Roots                   6 us, workers (us):   6, ---, ---, 
[69.681s][info][gc,stats    ]   Rendezvous                         88 us
[69.681s][info][gc,stats    ] Concurrent Cleanup                   51 us
[69.681s][info][gc,stats    ] Concurrent Class Unloading         2389 us
[69.681s][info][gc,stats    ]   Unlink Stale                     2085 us
[69.681s][info][gc,stats    ]     System Dictionary                 5 us
[69.681s][info][gc,stats    ]     Weak Class Links                  0 us
[69.681s][info][gc,stats    ]     Code Roots                     2079 us
[69.681s][info][gc,stats    ]   Rendezvous                         66 us
[69.681s][info][gc,stats    ]   Purge Unlinked                    161 us
[69.681s][info][gc,stats    ]     Code Roots                      151 us
[69.681s][info][gc,stats    ]     CLDG                              9 us
[69.681s][info][gc,stats    ]     Exception Caches                  0 us
[69.681s][info][gc,stats    ] Pause Final Roots (G)               144 us
[69.681s][info][gc,stats    ] Pause Final Roots (N)                42 us
[69.681s][info][gc,stats    ] 
[69.681s][info][gc,stats    ] Allocation pacing accrued:
[69.681s][info][gc,stats    ]       0 of   474 ms (  0.0%): <total>
[69.681s][info][gc,stats    ]       0 of   474 ms (  0.0%): <average total>
[69.681s][info][gc,stats    ] 
[69.681s][info][gc,metaspace] Metaspace: 8951K(9216K)->8951K(9216K) NonClass: 7778K(7936K)->7778K(7936K) Class: 1172K(1280K)->1172K(1280K)
[69.681s][info][gc,ergo     ] Pacer for Idle. Initial: 83886K, Alloc Tax Rate: 1.0x
[70.132s][info][gc          ] Trigger: Learning 4 of 5. Free (2838M) is below initial threshold (2867M)
[70.132s][info][gc,ergo     ] Free: 2838M, Max: 2048K regular, 1730M humongous, Frag: 40% external, 0% internal; Reserve: 206M, Max: 2048K
[70.132s][info][gc,start    ] GC(98) Concurrent reset
[70.132s][info][gc,task     ] GC(98) Using 1 of 3 workers for concurrent reset
[70.132s][info][gc,ergo     ] GC(98) Pacer for Reset. Non-Taxable: 4096M
[70.133s][info][gc          ] GC(98) Concurrent reset 0.596ms
[70.133s][info][gc,start    ] GC(98) Pause Init Mark (unload classes)
[70.133s][info][gc,task     ] GC(98) Using 3 of 3 workers for init marking
[70.133s][info][gc,ergo     ] GC(98) Pacer for Mark. Expected Live: 9488K, Free: 2836M, Non-Taxable: 283M, Alloc Tax Rate: 0.0x
[70.133s][info][gc          ] GC(98) Pause Init Mark (unload classes) 0.257ms
[70.133s][info][gc,start    ] GC(98) Concurrent marking roots
[70.133s][info][gc,task     ] GC(98) Using 1 of 3 workers for concurrent marking roots
[70.134s][info][gc          ] GC(98) Concurrent marking roots 0.568ms
[70.134s][info][gc,start    ] GC(98) Concurrent marking (unload classes)
[70.134s][info][gc,task     ] GC(98) Using 1 of 3 workers for concurrent marking
[70.151s][info][gc          ] GC(98) Concurrent marking (unload classes) 16.968ms
[70.151s][info][gc,start    ] GC(98) Pause Final Mark (unload classes)
[70.151s][info][gc,task     ] GC(98) Using 3 of 3 workers for final marking
[70.151s][info][gc,ergo     ] GC(98) Collectable Garbage: 986M (94%), Immediate: 986M (94%), CSet: 0B (0%)
[70.151s][info][gc          ] GC(98) Pause Final Mark (unload classes) 0.164ms
[70.151s][info][gc,start    ] GC(98) Concurrent weak references
[70.151s][info][gc,task     ] GC(98) Using 1 of 3 workers for concurrent weak references
[70.151s][info][gc,ref      ] GC(98) Encountered references: Soft: 144, Weak: 702, Final: 0, Phantom: 27
[70.151s][info][gc,ref      ] GC(98) Discovered  references: Soft: 0, Weak: 150, Final: 0, Phantom: 12
[70.151s][info][gc,ref      ] GC(98) Enqueued    references: Soft: 0, Weak: 0, Final: 0, Phantom: 0
[70.151s][info][gc          ] GC(98) Concurrent weak references 0.086ms
[70.151s][info][gc,start    ] GC(98) Concurrent weak roots
[70.151s][info][gc,task     ] GC(98) Using 1 of 3 workers for concurrent weak root
[70.152s][info][gc          ] GC(98) Concurrent weak roots 0.522ms
[70.152s][info][gc,start    ] GC(98) Concurrent cleanup
[70.152s][info][gc          ] GC(98) Concurrent cleanup 1092M->106M(4096M) 0.049ms
[70.152s][info][gc,ergo     ] GC(98) Free: 3784M, Max: 2048K regular, 1706M humongous, Frag: 55% external, 0% internal; Reserve: 206M, Max: 2048K
[70.152s][info][gc,start    ] GC(98) Concurrent class unloading
[70.152s][info][gc,task     ] GC(98) Using 1 of 3 workers for concurrent class unloading
[70.154s][info][gc          ] GC(98) Concurrent class unloading 2.127ms
[70.154s][info][gc,start    ] GC(98) Pause Final Roots
[70.154s][info][gc          ] GC(98) Pause Final Roots 0.024ms
[70.154s][info][gc,ergo     ] Free: 3780M, Max: 2048K regular, 1706M humongous, Frag: 55% external, 0% internal; Reserve: 206M, Max: 2048K
[70.154s][info][gc,stats    ] 
[70.154s][info][gc,stats    ] All times are wall-clock times, except per-root-class counters, that are sum over
[70.154s][info][gc,stats    ] all workers. Dividing the <total> over the root stage time estimates parallelism.
[70.154s][info][gc,stats    ] 
[70.154s][info][gc,stats    ] Concurrent Reset                    662 us
[70.154s][info][gc,stats    ] Pause Init Mark (G)                 443 us
[70.154s][info][gc,stats    ] Pause Init Mark (N)                 275 us
[70.154s][info][gc,stats    ]   Update Region States              113 us
[70.154s][info][gc,stats    ] Concurrent Mark Roots               587 us, parallelism: 0.67x
[70.154s][info][gc,stats    ]   CMR: <total>                      394 us
[70.154s][info][gc,stats    ]   CMR: Thread Roots                 303 us, workers (us): 303, ---, ---, 
[70.154s][info][gc,stats    ]   CMR: VM Strong Roots                9 us, workers (us):   9, ---, ---, 
[70.154s][info][gc,stats    ]   CMR: CLDG Roots                    82 us, workers (us):  82, ---, ---, 
[70.154s][info][gc,stats    ] Concurrent Marking                17022 us
[70.154s][info][gc,stats    ] Pause Final Mark (G)                227 us
[70.154s][info][gc,stats    ] Pause Final Mark (N)                174 us
[70.154s][info][gc,stats    ]   Finish Mark                        34 us
[70.154s][info][gc,stats    ]   Update Region States               30 us
[70.154s][info][gc,stats    ]   Choose Collection Set              43 us
[70.154s][info][gc,stats    ]   Rebuild Free Set                    8 us
[70.154s][info][gc,stats    ] Concurrent Weak References           93 us, parallelism: 0.06x
[70.154s][info][gc,stats    ]   CWRF: <total>                       6 us
[70.154s][info][gc,stats    ]   CWRF: Weak References               6 us, workers (us):   6, ---, ---, 
[70.154s][info][gc,stats    ] Concurrent Weak Roots               547 us
[70.154s][info][gc,stats    ]   Roots                             474 us, parallelism: 0.93x
[70.154s][info][gc,stats    ]     CWR: <total>                    443 us
[70.154s][info][gc,stats    ]     CWR: Code Cache Roots           371 us, workers (us): 371, ---, ---, 
[70.154s][info][gc,stats    ]     CWR: VM Weak Roots               65 us, workers (us):  65, ---, ---, 
[70.154s][info][gc,stats    ]     CWR: CLDG Roots                   7 us, workers (us):   7, ---, ---, 
[70.154s][info][gc,stats    ]   Rendezvous                         32 us
[70.154s][info][gc,stats    ] Concurrent Cleanup                   57 us
[70.154s][info][gc,stats    ] Concurrent Class Unloading         2182 us
[70.154s][info][gc,stats    ]   Unlink Stale                     1866 us
[70.154s][info][gc,stats    ]     System Dictionary                 4 us
[70.154s][info][gc,stats    ]     Weak Class Links                  0 us
[70.154s][info][gc,stats    ]     Code Roots                     1860 us
[70.154s][info][gc,stats    ]   Rendezvous                         80 us
[70.154s][info][gc,stats    ]   Purge Unlinked                    164 us
[70.154s][info][gc,stats    ]     Code Roots                      157 us
[70.154s][info][gc,stats    ]     CLDG                              6 us
[70.154s][info][gc,stats    ]     Exception Caches                  0 us
[70.154s][info][gc,stats    ] Pause Final Roots (G)               104 us
[70.154s][info][gc,stats    ] Pause Final Roots (N)                33 us
[70.154s][info][gc,stats    ] 
[70.154s][info][gc,stats    ] Allocation pacing accrued:
[70.154s][info][gc,stats    ]       0 of   474 ms (  0.0%): <total>
[70.154s][info][gc,stats    ]       0 of   474 ms (  0.0%): <average total>
[70.154s][info][gc,stats    ] 
[70.154s][info][gc,metaspace] Metaspace: 8951K(9216K)->8951K(9216K) NonClass: 7778K(7936K)->7778K(7936K) Class: 1172K(1280K)->1172K(1280K)
[70.154s][info][gc,ergo     ] Pacer for Idle. Initial: 83886K, Alloc Tax Rate: 1.0x
[70.587s][info][gc          ] Trigger: Learning 5 of 5. Free (2846M) is below initial threshold (2867M)
[70.588s][info][gc,ergo     ] Free: 2846M, Max: 2048K regular, 1706M humongous, Frag: 41% external, 0% internal; Reserve: 206M, Max: 2048K
[70.588s][info][gc,start    ] GC(99) Concurrent reset
[70.588s][info][gc,task     ] GC(99) Using 1 of 3 workers for concurrent reset
[70.588s][info][gc,ergo     ] GC(99) Pacer for Reset. Non-Taxable: 4096M
[70.588s][info][gc          ] GC(99) Concurrent reset 0.628ms
[70.588s][info][gc,start    ] GC(99) Pause Init Mark (unload classes)
[70.588s][info][gc,task     ] GC(99) Using 3 of 3 workers for init marking
[70.589s][info][gc,ergo     ] GC(99) Pacer for Mark. Expected Live: 9475K, Free: 2844M, Non-Taxable: 284M, Alloc Tax Rate: 0.0x
[70.589s][info][gc          ] GC(99) Pause Init Mark (unload classes) 0.161ms
[70.589s][info][gc,start    ] GC(99) Concurrent marking roots
[70.589s][info][gc,task     ] GC(99) Using 1 of 3 workers for concurrent marking roots
[70.589s][info][gc          ] GC(99) Concurrent marking roots 0.438ms
[70.589s][info][gc,start    ] GC(99) Concurrent marking (unload classes)
[70.589s][info][gc,task     ] GC(99) Using 1 of 3 workers for concurrent marking
[70.610s][info][gc          ] GC(99) Concurrent marking (unload classes) 21.204ms
[70.610s][info][gc,start    ] GC(99) Pause Final Mark (unload classes)
[70.610s][info][gc,task     ] GC(99) Using 3 of 3 workers for final marking
[70.611s][info][gc,ergo     ] GC(99) Collectable Garbage: 972M (94%), Immediate: 972M (94%), CSet: 0B (0%)
[70.611s][info][gc          ] GC(99) Pause Final Mark (unload classes) 0.339ms
[70.611s][info][gc,start    ] GC(99) Concurrent weak references
[70.611s][info][gc,task     ] GC(99) Using 1 of 3 workers for concurrent weak references
[70.611s][info][gc,ref      ] GC(99) Encountered references: Soft: 144, Weak: 702, Final: 0, Phantom: 27
[70.611s][info][gc,ref      ] GC(99) Discovered  references: Soft: 0, Weak: 150, Final: 0, Phantom: 12
[70.611s][info][gc,ref      ] GC(99) Enqueued    references: Soft: 0, Weak: 0, Final: 0, Phantom: 0
[70.611s][info][gc          ] GC(99) Concurrent weak references 0.161ms
[70.611s][info][gc,start    ] GC(99) Concurrent weak roots
[70.611s][info][gc,task     ] GC(99) Using 1 of 3 workers for concurrent weak root
[70.612s][info][gc          ] GC(99) Concurrent weak roots 0.716ms
[70.612s][info][gc,start    ] GC(99) Concurrent cleanup
[70.612s][info][gc          ] GC(99) Concurrent cleanup 1092M->122M(4096M) 0.043ms
[70.612s][info][gc,ergo     ] GC(99) Free: 3768M, Max: 2048K regular, 1730M humongous, Frag: 55% external, 0% internal; Reserve: 206M, Max: 2048K
[70.612s][info][gc,start    ] GC(99) Concurrent class unloading
[70.612s][info][gc,task     ] GC(99) Using 1 of 3 workers for concurrent class unloading
[70.614s][info][gc          ] GC(99) Concurrent class unloading 2.455ms
[70.614s][info][gc,start    ] GC(99) Pause Final Roots
[70.614s][info][gc          ] GC(99) Pause Final Roots 0.044ms
[70.615s][info][gc,ergo     ] Free: 3766M, Max: 2048K regular, 1730M humongous, Frag: 55% external, 0% internal; Reserve: 206M, Max: 2048K
[70.615s][info][gc,stats    ] 
[70.615s][info][gc,stats    ] All times are wall-clock times, except per-root-class counters, that are sum over
[70.615s][info][gc,stats    ] all workers. Dividing the <total> over the root stage time estimates parallelism.
[70.615s][info][gc,stats    ] 
[70.615s][info][gc,stats    ] Concurrent Reset                    694 us
[70.615s][info][gc,stats    ] Pause Init Mark (G)                 306 us
[70.615s][info][gc,stats    ] Pause Init Mark (N)                 178 us
[70.615s][info][gc,stats    ]   Update Region States               74 us
[70.615s][info][gc,stats    ] Concurrent Mark Roots               456 us, parallelism: 0.77x
[70.615s][info][gc,stats    ]   CMR: <total>                      354 us
[70.615s][info][gc,stats    ]   CMR: Thread Roots                 314 us, workers (us): 314, ---, ---, 
[70.615s][info][gc,stats    ]   CMR: VM Strong Roots                5 us, workers (us):   5, ---, ---, 
[70.615s][info][gc,stats    ]   CMR: CLDG Roots                    35 us, workers (us):  35, ---, ---, 
[70.615s][info][gc,stats    ] Concurrent Marking                21272 us
[70.615s][info][gc,stats    ] Pause Final Mark (G)                503 us
[70.615s][info][gc,stats    ] Pause Final Mark (N)                364 us
[70.615s][info][gc,stats    ]   Finish Mark                       114 us
[70.615s][info][gc,stats    ]   Update Region States               63 us
[70.615s][info][gc,stats    ]   Choose Collection Set              62 us
[70.615s][info][gc,stats    ]   Rebuild Free Set                   17 us
[70.615s][info][gc,stats    ] Concurrent Weak References          177 us, parallelism: 0.03x
[70.615s][info][gc,stats    ]   CWRF: <total>                       5 us
[70.615s][info][gc,stats    ]   CWRF: Weak References               5 us, workers (us):   5, ---, ---, 
[70.615s][info][gc,stats    ] Concurrent Weak Roots               735 us
[70.615s][info][gc,stats    ]   Roots                             603 us, parallelism: 0.88x
[70.615s][info][gc,stats    ]     CWR: <total>                    528 us
[70.615s][info][gc,stats    ]     CWR: Code Cache Roots           409 us, workers (us): 409, ---, ---, 
[70.615s][info][gc,stats    ]     CWR: VM Weak Roots              113 us, workers (us): 113, ---, ---, 
[70.615s][info][gc,stats    ]     CWR: CLDG Roots                   7 us, workers (us):   7, ---, ---, 
[70.615s][info][gc,stats    ]   Rendezvous                         82 us
[70.615s][info][gc,stats    ] Concurrent Cleanup                   51 us
[70.615s][info][gc,stats    ] Concurrent Class Unloading         2506 us
[70.615s][info][gc,stats    ]   Unlink Stale                     2118 us
[70.615s][info][gc,stats    ]     System Dictionary                 3 us
[70.615s][info][gc,stats    ]     Weak Class Links                  0 us
[70.615s][info][gc,stats    ]     Code Roots                     2112 us
[70.615s][info][gc,stats    ]   Rendezvous                        129 us
[70.615s][info][gc,stats    ]   Purge Unlinked                    190 us
[70.615s][info][gc,stats    ]     Code Roots                      180 us
[70.615s][info][gc,stats    ]     CLDG                              9 us
[70.615s][info][gc,stats    ]     Exception Caches                  0 us
[70.615s][info][gc,stats    ] Pause Final Roots (G)               194 us
[70.615s][info][gc,stats    ] Pause Final Roots (N)                62 us
[70.615s][info][gc,stats    ] 
[70.615s][info][gc,stats    ] Allocation pacing accrued:
[70.615s][info][gc,stats    ]       0 of   461 ms (  0.0%): <total>
[70.615s][info][gc,stats    ]       0 of   461 ms (  0.0%): <average total>
[70.615s][info][gc,stats    ] 
[70.615s][info][gc,metaspace] Metaspace: 8951K(9216K)->8951K(9216K) NonClass: 7778K(7936K)->7778K(7936K) Class: 1172K(1280K)->1172K(1280K)
[70.615s][info][gc,ergo     ] Pacer for Idle. Initial: 83886K, Alloc Tax Rate: 1.0x
[72.251s][info][gc          ] Trigger: Explicit GC request (System.gc())
[72.252s][info][gc,ergo     ] Free: 964M, Max: 2048K regular, 964M humongous, Frag: 0% external, 0% internal; Reserve: 206M, Max: 2048K
[72.252s][info][gc,start    ] GC(100) Concurrent reset
[72.252s][info][gc,task     ] GC(100) Using 1 of 3 workers for concurrent reset
[72.252s][info][gc,ergo     ] GC(100) Pacer for Reset. Non-Taxable: 4096M
[72.252s][info][gc          ] GC(100) Concurrent reset 0.792ms
[72.252s][info][gc,start    ] GC(100) Pause Init Mark (unload classes)
[72.253s][info][gc,task     ] GC(100) Using 3 of 3 workers for init marking
[72.253s][info][gc,ref      ] GC(100) Clearing All SoftReferences
[72.253s][info][gc,ergo     ] GC(100) Pacer for Mark. Expected Live: 9455K, Free: 964M, Non-Taxable: 98713K, Alloc Tax Rate: 0.0x
[72.253s][info][gc          ] GC(100) Pause Init Mark (unload classes) 0.201ms
[72.253s][info][gc,start    ] GC(100) Concurrent marking roots
[72.253s][info][gc,task     ] GC(100) Using 1 of 3 workers for concurrent marking roots
[72.253s][info][gc          ] GC(100) Concurrent marking roots 0.721ms
[72.253s][info][gc,start    ] GC(100) Concurrent marking (unload classes)
[72.253s][info][gc,task     ] GC(100) Using 1 of 3 workers for concurrent marking
[72.257s][info][gc          ] GC(100) Concurrent marking (unload classes) 3.508ms
[72.257s][info][gc,start    ] GC(100) Pause Final Mark (unload classes)
[72.257s][info][gc,task     ] GC(100) Using 3 of 3 workers for final marking
[72.257s][info][gc,ergo     ] GC(100) Collectable Garbage: 2890M (98%), Immediate: 2890M (98%), CSet: 0B (0%)
[72.258s][info][gc          ] GC(100) Pause Final Mark (unload classes) 0.393ms
[72.258s][info][gc,start    ] GC(100) Concurrent weak references
[72.258s][info][gc,task     ] GC(100) Using 1 of 3 workers for concurrent weak references
[72.258s][info][gc,ref      ] GC(100) Encountered references: Soft: 144, Weak: 702, Final: 0, Phantom: 27
[72.258s][info][gc,ref      ] GC(100) Discovered  references: Soft: 88, Weak: 168, Final: 0, Phantom: 25
[72.258s][info][gc,ref      ] GC(100) Enqueued    references: Soft: 3, Weak: 0, Final: 0, Phantom: 0
[72.258s][info][gc          ] GC(100) Concurrent weak references 0.122ms
[72.258s][info][gc,start    ] GC(100) Concurrent weak roots
[72.258s][info][gc,task     ] GC(100) Using 1 of 3 workers for concurrent weak root
[72.258s][info][gc          ] GC(100) Concurrent weak roots 0.644ms
[72.258s][info][gc,start    ] GC(100) Concurrent cleanup
[72.258s][info][gc          ] GC(100) Concurrent cleanup 2926M->36M(4096M) 0.088ms
[72.258s][info][gc,ergo     ] GC(100) Free: 3854M, Max: 2048K regular, 2720M humongous, Frag: 30% external, 0% internal; Reserve: 206M, Max: 2048K
[72.259s][info][gc,start    ] GC(100) Concurrent class unloading
[72.259s][info][gc,task     ] GC(100) Using 1 of 3 workers for concurrent class unloading
[72.261s][info][gc          ] GC(100) Concurrent class unloading 2.615ms
[72.261s][info][gc,start    ] GC(100) Pause Final Roots
[72.261s][info][gc          ] GC(100) Pause Final Roots 0.052ms
[72.261s][info][gc,ergo     ] Free: 3854M, Max: 2048K regular, 2720M humongous, Frag: 30% external, 0% internal; Reserve: 206M, Max: 2048K
[72.261s][info][gc,stats    ] 
[72.262s][info][gc,stats    ] All times are wall-clock times, except per-root-class counters, that are sum over
[72.262s][info][gc,stats    ] all workers. Dividing the <total> over the root stage time estimates parallelism.
[72.262s][info][gc,stats    ] 
[72.262s][info][gc,stats    ] Concurrent Reset                    867 us
[72.262s][info][gc,stats    ] Pause Init Mark (G)                 323 us
[72.262s][info][gc,stats    ] Pause Init Mark (N)                 218 us
[72.262s][info][gc,stats    ]   Update Region States               70 us
[72.262s][info][gc,stats    ] Concurrent Mark Roots               741 us, parallelism: 0.83x
[72.262s][info][gc,stats    ]   CMR: <total>                      618 us
[72.262s][info][gc,stats    ]   CMR: Thread Roots                 550 us, workers (us): 550, ---, ---, 
[72.262s][info][gc,stats    ]   CMR: VM Strong Roots                6 us, workers (us):   6, ---, ---, 
[72.262s][info][gc,stats    ]   CMR: CLDG Roots                    62 us, workers (us):  62, ---, ---, 
[72.262s][info][gc,stats    ] Concurrent Marking                 3560 us
[72.262s][info][gc,stats    ] Pause Final Mark (G)                524 us
[72.262s][info][gc,stats    ] Pause Final Mark (N)                418 us
[72.262s][info][gc,stats    ]   Finish Mark                        94 us
[72.262s][info][gc,stats    ]   Update Region States              101 us
[72.262s][info][gc,stats    ]   Choose Collection Set              94 us
[72.262s][info][gc,stats    ]   Rebuild Free Set                   20 us
[72.262s][info][gc,stats    ] Concurrent Weak References          129 us, parallelism: 0.06x
[72.262s][info][gc,stats    ]   CWRF: <total>                       8 us
[72.262s][info][gc,stats    ]   CWRF: Weak References               8 us, workers (us):   8, ---, ---, 
[72.262s][info][gc,stats    ] Concurrent Weak Roots               663 us
[72.262s][info][gc,stats    ]   Roots                             546 us, parallelism: 0.87x
[72.262s][info][gc,stats    ]     CWR: <total>                    475 us
[72.262s][info][gc,stats    ]     CWR: Code Cache Roots           361 us, workers (us): 361, ---, ---, 
[72.262s][info][gc,stats    ]     CWR: VM Weak Roots              110 us, workers (us): 110, ---, ---, 
[72.262s][info][gc,stats    ]     CWR: CLDG Roots                   5 us, workers (us):   5, ---, ---, 
[72.262s][info][gc,stats    ]   Rendezvous                         82 us
[72.262s][info][gc,stats    ] Concurrent Cleanup                   97 us
[72.262s][info][gc,stats    ] Concurrent Class Unloading         2670 us
[72.262s][info][gc,stats    ]   Unlink Stale                     2307 us
[72.262s][info][gc,stats    ]     System Dictionary                 3 us
[72.262s][info][gc,stats    ]     Weak Class Links                  0 us
[72.262s][info][gc,stats    ]     Code Roots                     2303 us
[72.262s][info][gc,stats    ]   Rendezvous                        125 us
[72.262s][info][gc,stats    ]   Purge Unlinked                    158 us
[72.262s][info][gc,stats    ]     Code Roots                      147 us
[72.262s][info][gc,stats    ]     CLDG                             10 us
[72.262s][info][gc,stats    ]     Exception Caches                  0 us
[72.262s][info][gc,stats    ] Pause Final Roots (G)               191 us
[72.262s][info][gc,stats    ] Pause Final Roots (N)                75 us
[72.262s][info][gc,stats    ] 
[72.262s][info][gc,stats    ] Allocation pacing accrued:
[72.262s][info][gc,stats    ]       0 of  1647 ms (  0.0%): <total>
[72.262s][info][gc,stats    ]       0 of  1647 ms (  0.0%): <average total>
[72.262s][info][gc,stats    ] 
[72.262s][info][gc,metaspace] Metaspace: 8951K(9216K)->8951K(9216K) NonClass: 7778K(7936K)->7778K(7936K) Class: 1172K(1280K)->1172K(1280K)
[72.262s][info][gc,ergo     ] Pacer for Idle. Initial: 83886K, Alloc Tax Rate: 1.0x
[72.722s][info][gc          ] Trigger: Learning 2 of 5. Free (2860M) is below initial threshold (2867M)
[72.722s][info][gc,ergo     ] Free: 2860M, Max: 2048K regular, 1770M humongous, Frag: 39% external, 0% internal; Reserve: 206M, Max: 2048K
[72.722s][info][gc,start    ] GC(101) Concurrent reset
[72.722s][info][gc,task     ] GC(101) Using 1 of 3 workers for concurrent reset
[72.722s][info][gc,ergo     ] GC(101) Pacer for Reset. Non-Taxable: 4096M
[72.722s][info][gc          ] GC(101) Concurrent reset 0.495ms
[72.723s][info][gc,start    ] GC(101) Pause Init Mark (unload classes)
[72.723s][info][gc,task     ] GC(101) Using 3 of 3 workers for init marking
[72.723s][info][gc,ergo     ] GC(101) Pacer for Mark. Expected Live: 9455K, Free: 2858M, Non-Taxable: 285M, Alloc Tax Rate: 0.0x
[72.723s][info][gc          ] GC(101) Pause Init Mark (unload classes) 0.173ms
[72.723s][info][gc,start    ] GC(101) Concurrent marking roots
[72.723s][info][gc,task     ] GC(101) Using 1 of 3 workers for concurrent marking roots
[72.723s][info][gc          ] GC(101) Concurrent marking roots 0.695ms
[72.723s][info][gc,start    ] GC(101) Concurrent marking (unload classes)
[72.724s][info][gc,task     ] GC(101) Using 1 of 3 workers for concurrent marking
[72.732s][info][gc          ] GC(101) Concurrent marking (unload classes) 8.097ms
[72.732s][info][gc,start    ] GC(101) Pause Final Mark (unload classes)
[72.732s][info][gc,task     ] GC(101) Using 3 of 3 workers for final marking
[72.732s][info][gc,ergo     ] GC(101) Collectable Garbage: 978M (95%), Immediate: 978M (95%), CSet: 0B (0%)
[72.732s][info][gc          ] GC(101) Pause Final Mark (unload classes) 0.306ms
[72.732s][info][gc,start    ] GC(101) Concurrent weak references
[72.732s][info][gc,task     ] GC(101) Using 1 of 3 workers for concurrent weak references
[72.732s][info][gc,ref      ] GC(101) Encountered references: Soft: 144, Weak: 702, Final: 0, Phantom: 27
[72.732s][info][gc,ref      ] GC(101) Discovered  references: Soft: 0, Weak: 150, Final: 0, Phantom: 25
[72.732s][info][gc,ref      ] GC(101) Enqueued    references: Soft: 0, Weak: 0, Final: 0, Phantom: 0
[72.732s][info][gc          ] GC(101) Concurrent weak references 0.157ms
[72.732s][info][gc,start    ] GC(101) Concurrent weak roots
[72.732s][info][gc,task     ] GC(101) Using 1 of 3 workers for concurrent weak root
[72.733s][info][gc          ] GC(101) Concurrent weak roots 0.707ms
[72.733s][info][gc,start    ] GC(101) Concurrent cleanup
[72.733s][info][gc          ] GC(101) Concurrent cleanup 1052M->74M(4096M) 0.043ms
[72.733s][info][gc,ergo     ] GC(101) Free: 3816M, Max: 2048K regular, 1748M humongous, Frag: 55% external, 0% internal; Reserve: 206M, Max: 2048K
[72.733s][info][gc,start    ] GC(101) Concurrent class unloading
[72.733s][info][gc,task     ] GC(101) Using 1 of 3 workers for concurrent class unloading
[72.735s][info][gc          ] GC(101) Concurrent class unloading 2.000ms
[72.735s][info][gc,start    ] GC(101) Pause Final Roots
[72.735s][info][gc          ] GC(101) Pause Final Roots 0.040ms
[72.735s][info][gc,ergo     ] Free: 3810M, Max: 2048K regular, 1748M humongous, Frag: 55% external, 0% internal; Reserve: 206M, Max: 2048K
[72.735s][info][gc,stats    ] 
[72.735s][info][gc,stats    ] All times are wall-clock times, except per-root-class counters, that are sum over
[72.735s][info][gc,stats    ] all workers. Dividing the <total> over the root stage time estimates parallelism.
[72.735s][info][gc,stats    ] 
[72.735s][info][gc,stats    ] Concurrent Reset                    544 us
[72.735s][info][gc,stats    ] Pause Init Mark (G)                 348 us
[72.735s][info][gc,stats    ] Pause Init Mark (N)                 190 us
[72.735s][info][gc,stats    ]   Update Region States               68 us
[72.735s][info][gc,stats    ] Concurrent Mark Roots               713 us, parallelism: 0.84x
[72.735s][info][gc,stats    ]   CMR: <total>                      596 us
[72.735s][info][gc,stats    ]   CMR: Thread Roots                 527 us, workers (us): 527, ---, ---, 
[72.735s][info][gc,stats    ]   CMR: VM Strong Roots                7 us, workers (us):   7, ---, ---, 
[72.735s][info][gc,stats    ]   CMR: CLDG Roots                    62 us, workers (us):  62, ---, ---, 
[72.736s][info][gc,stats    ] Concurrent Marking                 8155 us
[72.736s][info][gc,stats    ] Pause Final Mark (G)                457 us
[72.736s][info][gc,stats    ] Pause Final Mark (N)                325 us
[72.736s][info][gc,stats    ]   Finish Mark                       101 us
[72.736s][info][gc,stats    ]   Update Region States               64 us
[72.736s][info][gc,stats    ]   Choose Collection Set              62 us
[72.736s][info][gc,stats    ]   Rebuild Free Set                   17 us
[72.736s][info][gc,stats    ] Concurrent Weak References          173 us, parallelism: 0.03x
[72.736s][info][gc,stats    ]   CWRF: <total>                       5 us
[72.736s][info][gc,stats    ]   CWRF: Weak References               5 us, workers (us):   5, ---, ---, 
[72.736s][info][gc,stats    ] Concurrent Weak Roots               726 us
[72.736s][info][gc,stats    ]   Roots                             595 us, parallelism: 0.88x
[72.736s][info][gc,stats    ]     CWR: <total>                    522 us
[72.736s][info][gc,stats    ]     CWR: Code Cache Roots           400 us, workers (us): 400, ---, ---, 
[72.736s][info][gc,stats    ]     CWR: VM Weak Roots              116 us, workers (us): 116, ---, ---, 
[72.736s][info][gc,stats    ]     CWR: CLDG Roots                   5 us, workers (us):   5, ---, ---, 
[72.736s][info][gc,stats    ]   Rendezvous                         81 us
[72.736s][info][gc,stats    ] Concurrent Cleanup                   51 us
[72.736s][info][gc,stats    ] Concurrent Class Unloading         2052 us
[72.736s][info][gc,stats    ]   Unlink Stale                     1725 us
[72.736s][info][gc,stats    ]     System Dictionary                 2 us
[72.736s][info][gc,stats    ]     Weak Class Links                  0 us
[72.736s][info][gc,stats    ]     Code Roots                     1722 us
[72.736s][info][gc,stats    ]   Rendezvous                        102 us
[72.736s][info][gc,stats    ]   Purge Unlinked                    153 us
[72.736s][info][gc,stats    ]     Code Roots                      143 us
[72.736s][info][gc,stats    ]     CLDG                              9 us
[72.736s][info][gc,stats    ]     Exception Caches                  0 us
[72.736s][info][gc,stats    ] Pause Final Roots (G)               205 us
[72.736s][info][gc,stats    ] Pause Final Roots (N)                58 us
[72.736s][info][gc,stats    ] 
[72.736s][info][gc,stats    ] Allocation pacing accrued:
[72.736s][info][gc,stats    ]       0 of   474 ms (  0.0%): <total>
[72.736s][info][gc,stats    ]       0 of   474 ms (  0.0%): <average total>
[72.736s][info][gc,stats    ] 
[72.736s][info][gc,metaspace] Metaspace: 8951K(9216K)->8951K(9216K) NonClass: 7778K(7936K)->7778K(7936K) Class: 1172K(1280K)->1172K(1280K)
[72.736s][info][gc,ergo     ] Pacer for Idle. Initial: 83886K, Alloc Tax Rate: 1.0x
[73.193s][info][gc          ] Trigger: Learning 3 of 5. Free (2848M) is below initial threshold (2867M)
[73.193s][info][gc,ergo     ] Free: 2848M, Max: 2048K regular, 1748M humongous, Frag: 39% external, 0% internal; Reserve: 206M, Max: 2048K
[73.193s][info][gc,start    ] GC(102) Concurrent reset
[73.193s][info][gc,task     ] GC(102) Using 1 of 3 workers for concurrent reset
[73.193s][info][gc,ergo     ] GC(102) Pacer for Reset. Non-Taxable: 4096M
[73.194s][info][gc          ] GC(102) Concurrent reset 0.538ms
[73.194s][info][gc,start    ] GC(102) Pause Init Mark (unload classes)
[73.194s][info][gc,task     ] GC(102) Using 3 of 3 workers for init marking
[73.194s][info][gc,ergo     ] GC(102) Pacer for Mark. Expected Live: 9454K, Free: 2846M, Non-Taxable: 284M, Alloc Tax Rate: 0.0x
[73.194s][info][gc          ] GC(102) Pause Init Mark (unload classes) 0.192ms
[73.194s][info][gc,start    ] GC(102) Concurrent marking roots
[73.194s][info][gc,task     ] GC(102) Using 1 of 3 workers for concurrent marking roots
[73.195s][info][gc          ] GC(102) Concurrent marking roots 0.614ms
[73.195s][info][gc,start    ] GC(102) Concurrent marking (unload classes)
[73.195s][info][gc,task     ] GC(102) Using 1 of 3 workers for concurrent marking
[73.208s][info][gc          ] GC(102) Concurrent marking (unload classes) 12.975ms
[73.208s][info][gc,start    ] GC(102) Pause Final Mark (unload classes)
[73.208s][info][gc,task     ] GC(102) Using 3 of 3 workers for final marking
[73.208s][info][gc,ergo     ] GC(102) Collectable Garbage: 984M (95%), Immediate: 984M (95%), CSet: 0B (0%)
[73.208s][info][gc          ] GC(102) Pause Final Mark (unload classes) 0.357ms
[73.208s][info][gc,start    ] GC(102) Concurrent weak references
[73.208s][info][gc,task     ] GC(102) Using 1 of 3 workers for concurrent weak references
[73.208s][info][gc,ref      ] GC(102) Encountered references: Soft: 144, Weak: 702, Final: 0, Phantom: 27
[73.208s][info][gc,ref      ] GC(102) Discovered  references: Soft: 0, Weak: 150, Final: 0, Phantom: 12
[73.208s][info][gc,ref      ] GC(102) Enqueued    references: Soft: 0, Weak: 0, Final: 0, Phantom: 0
[73.208s][info][gc          ] GC(102) Concurrent weak references 0.169ms
[73.208s][info][gc,start    ] GC(102) Concurrent weak roots
[73.208s][info][gc,task     ] GC(102) Using 1 of 3 workers for concurrent weak root
[73.209s][info][gc          ] GC(102) Concurrent weak roots 0.559ms
[73.209s][info][gc,start    ] GC(102) Concurrent cleanup
[73.209s][info][gc          ] GC(102) Concurrent cleanup 1074M->90M(4096M) 0.045ms
[73.209s][info][gc,ergo     ] GC(102) Free: 3800M, Max: 2048K regular, 1724M humongous, Frag: 55% external, 0% internal; Reserve: 206M, Max: 2048K
[73.209s][info][gc,start    ] GC(102) Concurrent class unloading
[73.209s][info][gc,task     ] GC(102) Using 1 of 3 workers for concurrent class unloading
[73.211s][info][gc          ] GC(102) Concurrent class unloading 1.939ms
[73.211s][info][gc,start    ] GC(102) Pause Final Roots
[73.211s][info][gc          ] GC(102) Pause Final Roots 0.024ms
[73.211s][info][gc,ergo     ] Free: 3794M, Max: 2048K regular, 1724M humongous, Frag: 55% external, 0% internal; Reserve: 206M, Max: 2048K
[73.211s][info][gc,stats    ] 
[73.211s][info][gc,stats    ] All times are wall-clock times, except per-root-class counters, that are sum over
[73.211s][info][gc,stats    ] all workers. Dividing the <total> over the root stage time estimates parallelism.
[73.211s][info][gc,stats    ] 
[73.211s][info][gc,stats    ] Concurrent Reset                    611 us
[73.211s][info][gc,stats    ] Pause Init Mark (G)                 352 us
[73.211s][info][gc,stats    ] Pause Init Mark (N)                 201 us
[73.211s][info][gc,stats    ]   Update Region States               93 us
[73.211s][info][gc,stats    ] Concurrent Mark Roots               632 us, parallelism: 0.70x
[73.211s][info][gc,stats    ]   CMR: <total>                      440 us
[73.211s][info][gc,stats    ]   CMR: Thread Roots                 350 us, workers (us): 350, ---, ---, 
[73.211s][info][gc,stats    ]   CMR: VM Strong Roots                9 us, workers (us):   9, ---, ---, 
[73.211s][info][gc,stats    ]   CMR: CLDG Roots                    82 us, workers (us):  82, ---, ---, 
[73.211s][info][gc,stats    ] Concurrent Marking                13042 us
[73.211s][info][gc,stats    ] Pause Final Mark (G)                511 us
[73.211s][info][gc,stats    ] Pause Final Mark (N)                377 us
[73.211s][info][gc,stats    ]   Finish Mark                       132 us
[73.211s][info][gc,stats    ]   Update Region States               65 us
[73.211s][info][gc,stats    ]   Choose Collection Set              62 us
[73.211s][info][gc,stats    ]   Rebuild Free Set                   17 us
[73.211s][info][gc,stats    ] Concurrent Weak References          176 us, parallelism: 0.03x
[73.211s][info][gc,stats    ]   CWRF: <total>                       5 us
[73.211s][info][gc,stats    ]   CWRF: Weak References               5 us, workers (us):   5, ---, ---, 
[73.211s][info][gc,stats    ] Concurrent Weak Roots               581 us
[73.211s][info][gc,stats    ]   Roots                             461 us, parallelism: 0.89x
[73.211s][info][gc,stats    ]     CWR: <total>                    409 us
[73.211s][info][gc,stats    ]     CWR: Code Cache Roots           341 us, workers (us): 341, ---, ---, 
[73.211s][info][gc,stats    ]     CWR: VM Weak Roots               62 us, workers (us):  62, ---, ---, 
[73.211s][info][gc,stats    ]     CWR: CLDG Roots                   6 us, workers (us):   6, ---, ---, 
[73.211s][info][gc,stats    ]   Rendezvous                         81 us
[73.211s][info][gc,stats    ] Concurrent Cleanup                   53 us
[73.212s][info][gc,stats    ] Concurrent Class Unloading         1991 us
[73.212s][info][gc,stats    ]   Unlink Stale                     1761 us
[73.212s][info][gc,stats    ]     System Dictionary                 2 us
[73.212s][info][gc,stats    ]     Weak Class Links                  0 us
[73.212s][info][gc,stats    ]     Code Roots                     1757 us
[73.212s][info][gc,stats    ]   Rendezvous                         50 us
[73.212s][info][gc,stats    ]   Purge Unlinked                    110 us
[73.212s][info][gc,stats    ]     Code Roots                       99 us
[73.212s][info][gc,stats    ]     CLDG                              9 us
[73.212s][info][gc,stats    ]     Exception Caches                  0 us
[73.212s][info][gc,stats    ] Pause Final Roots (G)               128 us
[73.212s][info][gc,stats    ] Pause Final Roots (N)                32 us
[73.212s][info][gc,stats    ] 
[73.212s][info][gc,stats    ] Allocation pacing accrued:
[73.212s][info][gc,stats    ]       0 of   476 ms (  0.0%): <total>
[73.212s][info][gc,stats    ]       0 of   476 ms (  0.0%): <average total>
[73.212s][info][gc,stats    ] 
[73.212s][info][gc,metaspace] Metaspace: 8951K(9216K)->8951K(9216K) NonClass: 7778K(7936K)->7778K(7936K) Class: 1172K(1280K)->1172K(1280K)
[73.212s][info][gc,ergo     ] Pacer for Idle. Initial: 83886K, Alloc Tax Rate: 1.0x
[73.664s][info][gc          ] Trigger: Learning 4 of 5. Free (2836M) is below initial threshold (2867M)
[73.664s][info][gc,ergo     ] Free: 2836M, Max: 2048K regular, 1724M humongous, Frag: 40% external, 0% internal; Reserve: 206M, Max: 2048K
[73.664s][info][gc,start    ] GC(103) Concurrent reset
[73.664s][info][gc,task     ] GC(103) Using 1 of 3 workers for concurrent reset
[73.664s][info][gc,ergo     ] GC(103) Pacer for Reset. Non-Taxable: 4096M
[73.665s][info][gc          ] GC(103) Concurrent reset 0.634ms
[73.665s][info][gc,start    ] GC(103) Pause Init Mark (unload classes)
[73.665s][info][gc,task     ] GC(103) Using 3 of 3 workers for init marking
[73.665s][info][gc,ergo     ] GC(103) Pacer for Mark. Expected Live: 9453K, Free: 2834M, Non-Taxable: 283M, Alloc Tax Rate: 0.0x
[73.665s][info][gc          ] GC(103) Pause Init Mark (unload classes) 0.243ms
[73.665s][info][gc,start    ] GC(103) Concurrent marking roots
[73.665s][info][gc,task     ] GC(103) Using 1 of 3 workers for concurrent marking roots
[73.666s][info][gc          ] GC(103) Concurrent marking roots 0.785ms
[73.666s][info][gc,start    ] GC(103) Concurrent marking (unload classes)
[73.666s][info][gc,task     ] GC(103) Using 1 of 3 workers for concurrent marking
[73.683s][info][gc          ] GC(103) Concurrent marking (unload classes) 17.221ms
[73.683s][info][gc,start    ] GC(103) Pause Final Mark (unload classes)
[73.683s][info][gc,task     ] GC(103) Using 3 of 3 workers for final marking
[73.684s][info][gc,ergo     ] GC(103) Collectable Garbage: 984M (94%), Immediate: 984M (94%), CSet: 0B (0%)
[73.684s][info][gc          ] GC(103) Pause Final Mark (unload classes) 0.322ms
[73.684s][info][gc,start    ] GC(103) Concurrent weak references
[73.684s][info][gc,task     ] GC(103) Using 1 of 3 workers for concurrent weak references
[73.684s][info][gc,ref      ] GC(103) Encountered references: Soft: 144, Weak: 702, Final: 0, Phantom: 27
[73.684s][info][gc,ref      ] GC(103) Discovered  references: Soft: 0, Weak: 150, Final: 0, Phantom: 12
[73.684s][info][gc,ref      ] GC(103) Enqueued    references: Soft: 0, Weak: 0, Final: 0, Phantom: 0
[73.684s][info][gc          ] GC(103) Concurrent weak references 0.155ms
[73.684s][info][gc,start    ] GC(103) Concurrent weak roots
[73.684s][info][gc,task     ] GC(103) Using 1 of 3 workers for concurrent weak root
[73.685s][info][gc          ] GC(103) Concurrent weak roots 0.582ms
[73.685s][info][gc,start    ] GC(103) Concurrent cleanup
[73.685s][info][gc          ] GC(103) Concurrent cleanup 1094M->110M(4096M) 0.043ms
[73.685s][info][gc,ergo     ] GC(103) Free: 3780M, Max: 2048K regular, 1704M humongous, Frag: 55% external, 0% internal; Reserve: 206M, Max: 2048K
[73.685s][info][gc,start    ] GC(103) Concurrent class unloading
[73.685s][info][gc,task     ] GC(103) Using 1 of 3 workers for concurrent class unloading
[73.687s][info][gc          ] GC(103) Concurrent class unloading 1.997ms
[73.687s][info][gc,start    ] GC(103) Pause Final Roots
[73.687s][info][gc          ] GC(103) Pause Final Roots 0.039ms
[73.687s][info][gc,ergo     ] Free: 3776M, Max: 2048K regular, 1704M humongous, Frag: 55% external, 0% internal; Reserve: 206M, Max: 2048K
[73.687s][info][gc,stats    ] 
[73.687s][info][gc,stats    ] All times are wall-clock times, except per-root-class counters, that are sum over
[73.687s][info][gc,stats    ] all workers. Dividing the <total> over the root stage time estimates parallelism.
[73.687s][info][gc,stats    ] 
[73.687s][info][gc,stats    ] Concurrent Reset                    700 us
[73.687s][info][gc,stats    ] Pause Init Mark (G)                 392 us
[73.687s][info][gc,stats    ] Pause Init Mark (N)                 262 us
[73.687s][info][gc,stats    ]   Update Region States              113 us
[73.687s][info][gc,stats    ] Concurrent Mark Roots               809 us, parallelism: 0.85x
[73.687s][info][gc,stats    ]   CMR: <total>                      685 us
[73.687s][info][gc,stats    ]   CMR: Thread Roots                 613 us, workers (us): 613, ---, ---, 
[73.687s][info][gc,stats    ]   CMR: VM Strong Roots                7 us, workers (us):   7, ---, ---, 
[73.687s][info][gc,stats    ]   CMR: CLDG Roots                    65 us, workers (us):  65, ---, ---, 
[73.687s][info][gc,stats    ] Concurrent Marking                17283 us
[73.687s][info][gc,stats    ] Pause Final Mark (G)                468 us
[73.687s][info][gc,stats    ] Pause Final Mark (N)                347 us
[73.687s][info][gc,stats    ]   Finish Mark                       101 us
[73.687s][info][gc,stats    ]   Update Region States               69 us
[73.687s][info][gc,stats    ]   Choose Collection Set              68 us
[73.687s][info][gc,stats    ]   Rebuild Free Set                   17 us
[73.687s][info][gc,stats    ] Concurrent Weak References          171 us, parallelism: 0.02x
[73.687s][info][gc,stats    ]   CWRF: <total>                       4 us
[73.687s][info][gc,stats    ]   CWRF: Weak References               4 us, workers (us):   4, ---, ---, 
[73.687s][info][gc,stats    ] Concurrent Weak Roots               601 us
[73.687s][info][gc,stats    ]   Roots                             463 us, parallelism: 0.88x
[73.687s][info][gc,stats    ]     CWR: <total>                    409 us
[73.687s][info][gc,stats    ]     CWR: Code Cache Roots           339 us, workers (us): 339, ---, ---, 
[73.687s][info][gc,stats    ]     CWR: VM Weak Roots               66 us, workers (us):  66, ---, ---, 
[73.687s][info][gc,stats    ]     CWR: CLDG Roots                   5 us, workers (us):   5, ---, ---, 
[73.687s][info][gc,stats    ]   Rendezvous                         88 us
[73.687s][info][gc,stats    ] Concurrent Cleanup                   51 us
[73.687s][info][gc,stats    ] Concurrent Class Unloading         2049 us
[73.687s][info][gc,stats    ]   Unlink Stale                     1715 us
[73.687s][info][gc,stats    ]     System Dictionary                 2 us
[73.687s][info][gc,stats    ]     Weak Class Links                  0 us
[73.687s][info][gc,stats    ]     Code Roots                     1711 us
[73.687s][info][gc,stats    ]   Rendezvous                        148 us
[73.687s][info][gc,stats    ]   Purge Unlinked                    116 us
[73.687s][info][gc,stats    ]     Code Roots                      106 us
[73.687s][info][gc,stats    ]     CLDG                              9 us
[73.687s][info][gc,stats    ]     Exception Caches                  0 us
[73.687s][info][gc,stats    ] Pause Final Roots (G)               170 us
[73.687s][info][gc,stats    ] Pause Final Roots (N)                57 us
[73.687s][info][gc,stats    ] 
[73.687s][info][gc,stats    ] Allocation pacing accrued:
[73.687s][info][gc,stats    ]       0 of   476 ms (  0.0%): <total>
[73.687s][info][gc,stats    ]       0 of   476 ms (  0.0%): <average total>
[73.687s][info][gc,stats    ] 
[73.687s][info][gc,metaspace] Metaspace: 8951K(9216K)->8951K(9216K) NonClass: 7778K(7936K)->7778K(7936K) Class: 1172K(1280K)->1172K(1280K)
[73.687s][info][gc,ergo     ] Pacer for Idle. Initial: 83886K, Alloc Tax Rate: 1.0x
[74.119s][info][gc          ] Trigger: Learning 5 of 5. Free (2840M) is below initial threshold (2867M)
[74.119s][info][gc,ergo     ] Free: 2840M, Max: 2048K regular, 1704M humongous, Frag: 40% external, 0% internal; Reserve: 206M, Max: 2048K
[74.119s][info][gc,start    ] GC(104) Concurrent reset
[74.119s][info][gc,task     ] GC(104) Using 1 of 3 workers for concurrent reset
[74.119s][info][gc,ergo     ] GC(104) Pacer for Reset. Non-Taxable: 4096M
[74.120s][info][gc          ] GC(104) Concurrent reset 0.587ms
[74.120s][info][gc,start    ] GC(104) Pause Init Mark (unload classes)
[74.120s][info][gc,task     ] GC(104) Using 3 of 3 workers for init marking
[74.120s][info][gc,ergo     ] GC(104) Pacer for Mark. Expected Live: 9453K, Free: 2838M, Non-Taxable: 283M, Alloc Tax Rate: 0.0x
[74.120s][info][gc          ] GC(104) Pause Init Mark (unload classes) 0.172ms
[74.120s][info][gc,start    ] GC(104) Concurrent marking roots
[74.120s][info][gc,task     ] GC(104) Using 1 of 3 workers for concurrent marking roots
[74.121s][info][gc          ] GC(104) Concurrent marking roots 0.737ms
[74.121s][info][gc,start    ] GC(104) Concurrent marking (unload classes)
[74.121s][info][gc,task     ] GC(104) Using 1 of 3 workers for concurrent marking
[74.143s][info][gc          ] GC(104) Concurrent marking (unload classes) 21.673ms
[74.143s][info][gc,start    ] GC(104) Pause Final Mark (unload classes)
[74.143s][info][gc,task     ] GC(104) Using 3 of 3 workers for final marking
[74.143s][info][gc,ergo     ] GC(104) Collectable Garbage: 974M (93%), Immediate: 974M (93%), CSet: 0B (0%)
[74.143s][info][gc          ] GC(104) Pause Final Mark (unload classes) 0.318ms
[74.143s][info][gc,start    ] GC(104) Concurrent weak references
[74.143s][info][gc,task     ] GC(104) Using 1 of 3 workers for concurrent weak references
[74.143s][info][gc,ref      ] GC(104) Encountered references: Soft: 144, Weak: 702, Final: 0, Phantom: 27
[74.143s][info][gc,ref      ] GC(104) Discovered  references: Soft: 0, Weak: 150, Final: 0, Phantom: 12
[74.143s][info][gc,ref      ] GC(104) Enqueued    references: Soft: 0, Weak: 0, Final: 0, Phantom: 0
[74.143s][info][gc          ] GC(104) Concurrent weak references 0.138ms
[74.143s][info][gc,start    ] GC(104) Concurrent weak roots
[74.143s][info][gc,task     ] GC(104) Using 1 of 3 workers for concurrent weak root
[74.144s][info][gc          ] GC(104) Concurrent weak roots 0.694ms
[74.144s][info][gc,start    ] GC(104) Concurrent cleanup
[74.144s][info][gc          ] GC(104) Concurrent cleanup 1098M->124M(4096M) 0.043ms
[74.144s][info][gc,ergo     ] GC(104) Free: 3766M, Max: 2048K regular, 1700M humongous, Frag: 55% external, 0% internal; Reserve: 206M, Max: 2048K
[74.144s][info][gc,start    ] GC(104) Concurrent class unloading
[74.144s][info][gc,task     ] GC(104) Using 1 of 3 workers for concurrent class unloading
[74.146s][info][gc          ] GC(104) Concurrent class unloading 1.817ms
[74.146s][info][gc,start    ] GC(104) Pause Final Roots
[74.146s][info][gc          ] GC(104) Pause Final Roots 0.035ms
[74.146s][info][gc,ergo     ] Free: 3764M, Max: 2048K regular, 1700M humongous, Frag: 55% external, 0% internal; Reserve: 206M, Max: 2048K
[74.146s][info][gc,stats    ] 
[74.146s][info][gc,stats    ] All times are wall-clock times, except per-root-class counters, that are sum over
[74.146s][info][gc,stats    ] all workers. Dividing the <total> over the root stage time estimates parallelism.
[74.146s][info][gc,stats    ] 
[74.146s][info][gc,stats    ] Concurrent Reset                    642 us
[74.146s][info][gc,stats    ] Pause Init Mark (G)                 338 us
[74.146s][info][gc,stats    ] Pause Init Mark (N)                 188 us
[74.146s][info][gc,stats    ]   Update Region States               70 us
[74.146s][info][gc,stats    ] Concurrent Mark Roots               760 us, parallelism: 0.83x
[74.146s][info][gc,stats    ]   CMR: <total>                      631 us
[74.146s][info][gc,stats    ]   CMR: Thread Roots                 560 us, workers (us): 560, ---, ---, 
[74.146s][info][gc,stats    ]   CMR: VM Strong Roots                7 us, workers (us):   7, ---, ---, 
[74.146s][info][gc,stats    ]   CMR: CLDG Roots                    64 us, workers (us):  64, ---, ---, 
[74.146s][info][gc,stats    ] Concurrent Marking                21735 us
[74.146s][info][gc,stats    ] Pause Final Mark (G)                459 us
[74.146s][info][gc,stats    ] Pause Final Mark (N)                338 us
[74.146s][info][gc,stats    ]   Finish Mark                       103 us
[74.146s][info][gc,stats    ]   Update Region States               65 us
[74.146s][info][gc,stats    ]   Choose Collection Set              63 us
[74.146s][info][gc,stats    ]   Rebuild Free Set                   17 us
[74.146s][info][gc,stats    ] Concurrent Weak References          145 us, parallelism: 0.04x
[74.146s][info][gc,stats    ]   CWRF: <total>                       5 us
[74.146s][info][gc,stats    ]   CWRF: Weak References               5 us, workers (us):   5, ---, ---, 
[74.146s][info][gc,stats    ] Concurrent Weak Roots               713 us
[74.146s][info][gc,stats    ]   Roots                             595 us, parallelism: 0.88x
[74.146s][info][gc,stats    ]     CWR: <total>                    525 us
[74.146s][info][gc,stats    ]     CWR: Code Cache Roots           410 us, workers (us): 410, ---, ---, 
[74.146s][info][gc,stats    ]     CWR: VM Weak Roots              109 us, workers (us): 109, ---, ---, 
[74.146s][info][gc,stats    ]     CWR: CLDG Roots                   6 us, workers (us):   6, ---, ---, 
[74.146s][info][gc,stats    ]   Rendezvous                         83 us
[74.146s][info][gc,stats    ] Concurrent Cleanup                   51 us
[74.146s][info][gc,stats    ] Concurrent Class Unloading         1853 us
[74.146s][info][gc,stats    ]   Unlink Stale                     1614 us
[74.146s][info][gc,stats    ]     System Dictionary                 3 us
[74.146s][info][gc,stats    ]     Weak Class Links                  0 us
[74.146s][info][gc,stats    ]     Code Roots                     1610 us
[74.146s][info][gc,stats    ]   Rendezvous                         60 us
[74.146s][info][gc,stats    ]   Purge Unlinked                    122 us
[74.146s][info][gc,stats    ]     Code Roots                      117 us
[74.146s][info][gc,stats    ]     CLDG                              5 us
[74.146s][info][gc,stats    ]     Exception Caches                  0 us
[74.147s][info][gc,stats    ] Pause Final Roots (G)               115 us
[74.147s][info][gc,stats    ] Pause Final Roots (N)                44 us
[74.147s][info][gc,stats    ] 
[74.147s][info][gc,stats    ] Allocation pacing accrued:
[74.147s][info][gc,stats    ]       0 of   459 ms (  0.0%): <total>
[74.147s][info][gc,stats    ]       0 of   459 ms (  0.0%): <average total>
[74.147s][info][gc,stats    ] 
[74.147s][info][gc,metaspace] Metaspace: 8951K(9216K)->8951K(9216K) NonClass: 7778K(7936K)->7778K(7936K) Class: 1172K(1280K)->1172K(1280K)
[74.147s][info][gc,ergo     ] Pacer for Idle. Initial: 83886K, Alloc Tax Rate: 1.0x
[75.783s][info][gc          ] Trigger: Explicit GC request (System.gc())
[75.783s][info][gc,ergo     ] Free: 964M, Max: 2048K regular, 964M humongous, Frag: 0% external, 0% internal; Reserve: 206M, Max: 2048K
[75.783s][info][gc,start    ] GC(105) Concurrent reset
[75.783s][info][gc,task     ] GC(105) Using 1 of 3 workers for concurrent reset
[75.783s][info][gc,ergo     ] GC(105) Pacer for Reset. Non-Taxable: 4096M
[75.784s][info][gc          ] GC(105) Concurrent reset 0.519ms
[75.784s][info][gc,start    ] GC(105) Pause Init Mark (unload classes)
[75.784s][info][gc,task     ] GC(105) Using 3 of 3 workers for init marking
[75.784s][info][gc,ref      ] GC(105) Clearing All SoftReferences
[75.784s][info][gc,ergo     ] GC(105) Pacer for Mark. Expected Live: 9449K, Free: 964M, Non-Taxable: 98713K, Alloc Tax Rate: 0.0x
[75.784s][info][gc          ] GC(105) Pause Init Mark (unload classes) 0.192ms
[75.784s][info][gc,start    ] GC(105) Concurrent marking roots
[75.784s][info][gc,task     ] GC(105) Using 1 of 3 workers for concurrent marking roots
[75.785s][info][gc          ] GC(105) Concurrent marking roots 0.523ms
[75.785s][info][gc,start    ] GC(105) Concurrent marking (unload classes)
[75.785s][info][gc,task     ] GC(105) Using 1 of 3 workers for concurrent marking
[75.788s][info][gc          ] GC(105) Concurrent marking (unload classes) 3.798ms
[75.788s][info][gc,start    ] GC(105) Pause Final Mark (unload classes)
[75.788s][info][gc,task     ] GC(105) Using 3 of 3 workers for final marking
[75.789s][info][gc,ergo     ] GC(105) Collectable Garbage: 2890M (98%), Immediate: 2890M (98%), CSet: 0B (0%)
[75.789s][info][gc          ] GC(105) Pause Final Mark (unload classes) 0.386ms
[75.789s][info][gc,start    ] GC(105) Concurrent weak references
[75.789s][info][gc,task     ] GC(105) Using 1 of 3 workers for concurrent weak references
[75.789s][info][gc,ref      ] GC(105) Encountered references: Soft: 144, Weak: 702, Final: 0, Phantom: 27
[75.789s][info][gc,ref      ] GC(105) Discovered  references: Soft: 88, Weak: 168, Final: 0, Phantom: 25
[75.789s][info][gc,ref      ] GC(105) Enqueued    references: Soft: 3, Weak: 0, Final: 0, Phantom: 0
[75.789s][info][gc          ] GC(105) Concurrent weak references 0.167ms
[75.789s][info][gc,start    ] GC(105) Concurrent weak roots
[75.789s][info][gc,task     ] GC(105) Using 1 of 3 workers for concurrent weak root
[75.790s][info][gc          ] GC(105) Concurrent weak roots 0.530ms
[75.790s][info][gc,start    ] GC(105) Concurrent cleanup
[75.790s][info][gc          ] GC(105) Concurrent cleanup 2926M->36M(4096M) 0.088ms
[75.790s][info][gc,ergo     ] GC(105) Free: 3854M, Max: 2048K regular, 2720M humongous, Frag: 30% external, 0% internal; Reserve: 206M, Max: 2048K
[75.790s][info][gc,start    ] GC(105) Concurrent class unloading
[75.790s][info][gc,task     ] GC(105) Using 1 of 3 workers for concurrent class unloading
[75.792s][info][gc          ] GC(105) Concurrent class unloading 2.159ms
[75.792s][info][gc,start    ] GC(105) Pause Final Roots
[75.792s][info][gc          ] GC(105) Pause Final Roots 0.039ms
[75.792s][info][gc,ergo     ] Free: 3854M, Max: 2048K regular, 2720M humongous, Frag: 30% external, 0% internal; Reserve: 206M, Max: 2048K
[75.792s][info][gc,stats    ] 
[75.792s][info][gc,stats    ] All times are wall-clock times, except per-root-class counters, that are sum over
[75.792s][info][gc,stats    ] all workers. Dividing the <total> over the root stage time estimates parallelism.
[75.792s][info][gc,stats    ] 
[75.792s][info][gc,stats    ] Concurrent Reset                    575 us
[75.792s][info][gc,stats    ] Pause Init Mark (G)                 331 us
[75.792s][info][gc,stats    ] Pause Init Mark (N)                 209 us
[75.792s][info][gc,stats    ]   Update Region States               73 us
[75.792s][info][gc,stats    ] Concurrent Mark Roots               546 us, parallelism: 0.74x
[75.792s][info][gc,stats    ]   CMR: <total>                      403 us
[75.792s][info][gc,stats    ]   CMR: Thread Roots                 363 us, workers (us): 363, ---, ---, 
[75.792s][info][gc,stats    ]   CMR: VM Strong Roots                4 us, workers (us):   4, ---, ---, 
[75.792s][info][gc,stats    ]   CMR: CLDG Roots                    36 us, workers (us):  36, ---, ---, 
[75.792s][info][gc,stats    ] Concurrent Marking                 3851 us
[75.792s][info][gc,stats    ] Pause Final Mark (G)                532 us
[75.792s][info][gc,stats    ] Pause Final Mark (N)                411 us
[75.792s][info][gc,stats    ]   Finish Mark                        92 us
[75.792s][info][gc,stats    ]   Update Region States              102 us
[75.792s][info][gc,stats    ]   Choose Collection Set              91 us
[75.792s][info][gc,stats    ]   Rebuild Free Set                   21 us
[75.792s][info][gc,stats    ] Concurrent Weak References          183 us, parallelism: 0.04x
[75.792s][info][gc,stats    ]   CWRF: <total>                       7 us
[75.792s][info][gc,stats    ]   CWRF: Weak References               7 us, workers (us):   7, ---, ---, 
[75.792s][info][gc,stats    ] Concurrent Weak Roots               549 us
[75.792s][info][gc,stats    ]   Roots                             416 us, parallelism: 0.87x
[75.792s][info][gc,stats    ]     CWR: <total>                    363 us
[75.792s][info][gc,stats    ]     CWR: Code Cache Roots           299 us, workers (us): 299, ---, ---, 
[75.792s][info][gc,stats    ]     CWR: VM Weak Roots               61 us, workers (us):  61, ---, ---, 
[75.792s][info][gc,stats    ]     CWR: CLDG Roots                   4 us, workers (us):   4, ---, ---, 
[75.793s][info][gc,stats    ]   Rendezvous                         83 us
[75.793s][info][gc,stats    ] Concurrent Cleanup                   96 us
[75.793s][info][gc,stats    ] Concurrent Class Unloading         2210 us
[75.793s][info][gc,stats    ]   Unlink Stale                     1919 us
[75.793s][info][gc,stats    ]     System Dictionary                 2 us
[75.793s][info][gc,stats    ]     Weak Class Links                  0 us
[75.793s][info][gc,stats    ]     Code Roots                     1915 us
[75.793s][info][gc,stats    ]   Rendezvous                        104 us
[75.793s][info][gc,stats    ]   Purge Unlinked                    117 us
[75.793s][info][gc,stats    ]     Code Roots                      108 us
[75.793s][info][gc,stats    ]     CLDG                              8 us
[75.793s][info][gc,stats    ]     Exception Caches                  0 us
[75.793s][info][gc,stats    ] Pause Final Roots (G)               152 us
[75.793s][info][gc,stats    ] Pause Final Roots (N)                57 us
[75.793s][info][gc,stats    ] 
[75.793s][info][gc,stats    ] Allocation pacing accrued:
[75.793s][info][gc,stats    ]       0 of  1646 ms (  0.0%): <total>
[75.793s][info][gc,stats    ]       0 of  1646 ms (  0.0%): <average total>
[75.793s][info][gc,stats    ] 
[75.793s][info][gc,metaspace] Metaspace: 8951K(9216K)->8952K(9216K) NonClass: 7778K(7936K)->7780K(7936K) Class: 1172K(1280K)->1172K(1280K)
[75.793s][info][gc,ergo     ] Pacer for Idle. Initial: 83886K, Alloc Tax Rate: 1.0x
[76.254s][info][gc          ] Trigger: Learning 2 of 5. Free (2858M) is below initial threshold (2867M)
[76.254s][info][gc,ergo     ] Free: 2858M, Max: 2048K regular, 1768M humongous, Frag: 39% external, 0% internal; Reserve: 206M, Max: 2048K
[76.254s][info][gc,start    ] GC(106) Concurrent reset
[76.254s][info][gc,task     ] GC(106) Using 1 of 3 workers for concurrent reset
[76.254s][info][gc,ergo     ] GC(106) Pacer for Reset. Non-Taxable: 4096M
[76.255s][info][gc          ] GC(106) Concurrent reset 0.503ms
[76.255s][info][gc,start    ] GC(106) Pause Init Mark (unload classes)
[76.255s][info][gc,task     ] GC(106) Using 3 of 3 workers for init marking
[76.255s][info][gc,ergo     ] GC(106) Pacer for Mark. Expected Live: 9449K, Free: 2858M, Non-Taxable: 285M, Alloc Tax Rate: 0.0x
[76.255s][info][gc          ] GC(106) Pause Init Mark (unload classes) 0.202ms
[76.255s][info][gc,start    ] GC(106) Concurrent marking roots
[76.255s][info][gc,task     ] GC(106) Using 1 of 3 workers for concurrent marking roots
[76.256s][info][gc          ] GC(106) Concurrent marking roots 0.413ms
[76.256s][info][gc,start    ] GC(106) Concurrent marking (unload classes)
[76.256s][info][gc,task     ] GC(106) Using 1 of 3 workers for concurrent marking
[76.264s][info][gc          ] GC(106) Concurrent marking (unload classes) 8.096ms
[76.264s][info][gc,start    ] GC(106) Pause Final Mark (unload classes)
[76.264s][info][gc,task     ] GC(106) Using 3 of 3 workers for final marking
[76.264s][info][gc,ergo     ] GC(106) Collectable Garbage: 978M (95%), Immediate: 978M (95%), CSet: 0B (0%)
[76.264s][info][gc          ] GC(106) Pause Final Mark (unload classes) 0.231ms
[76.264s][info][gc,start    ] GC(106) Concurrent weak references
[76.264s][info][gc,task     ] GC(106) Using 1 of 3 workers for concurrent weak references
[76.264s][info][gc,ref      ] GC(106) Encountered references: Soft: 144, Weak: 702, Final: 0, Phantom: 27
[76.264s][info][gc,ref      ] GC(106) Discovered  references: Soft: 0, Weak: 150, Final: 0, Phantom: 12
[76.264s][info][gc,ref      ] GC(106) Enqueued    references: Soft: 0, Weak: 0, Final: 0, Phantom: 0
[76.264s][info][gc          ] GC(106) Concurrent weak references 0.157ms
[76.264s][info][gc,start    ] GC(106) Concurrent weak roots
[76.264s][info][gc,task     ] GC(106) Using 1 of 3 workers for concurrent weak root
[76.265s][info][gc          ] GC(106) Concurrent weak roots 0.527ms
[76.265s][info][gc,start    ] GC(106) Concurrent cleanup
[76.265s][info][gc          ] GC(106) Concurrent cleanup 1052M->74M(4096M) 0.044ms
[76.265s][info][gc,ergo     ] GC(106) Free: 3816M, Max: 2048K regular, 1748M humongous, Frag: 55% external, 0% internal; Reserve: 206M, Max: 2048K
[76.265s][info][gc,start    ] GC(106) Concurrent class unloading
[76.265s][info][gc,task     ] GC(106) Using 1 of 3 workers for concurrent class unloading
[76.267s][info][gc          ] GC(106) Concurrent class unloading 1.874ms
[76.267s][info][gc,start    ] GC(106) Pause Final Roots
[76.267s][info][gc          ] GC(106) Pause Final Roots 0.015ms
[76.267s][info][gc,ergo     ] Free: 3812M, Max: 2048K regular, 1748M humongous, Frag: 55% external, 0% internal; Reserve: 206M, Max: 2048K
[76.267s][info][gc,stats    ] 
[76.267s][info][gc,stats    ] All times are wall-clock times, except per-root-class counters, that are sum over
[76.267s][info][gc,stats    ] all workers. Dividing the <total> over the root stage time estimates parallelism.
[76.267s][info][gc,stats    ] 
[76.267s][info][gc,stats    ] Concurrent Reset                    569 us
[76.267s][info][gc,stats    ] Pause Init Mark (G)                 355 us
[76.267s][info][gc,stats    ] Pause Init Mark (N)                 211 us
[76.267s][info][gc,stats    ]   Update Region States               86 us
[76.267s][info][gc,stats    ] Concurrent Mark Roots               430 us, parallelism: 0.76x
[76.267s][info][gc,stats    ]   CMR: <total>                      329 us
[76.267s][info][gc,stats    ]   CMR: Thread Roots                 288 us, workers (us): 288, ---, ---, 
[76.267s][info][gc,stats    ]   CMR: VM Strong Roots                5 us, workers (us):   5, ---, ---, 
[76.267s][info][gc,stats    ]   CMR: CLDG Roots                    36 us, workers (us):  36, ---, ---, 
[76.267s][info][gc,stats    ] Concurrent Marking                 8154 us
[76.267s][info][gc,stats    ] Pause Final Mark (G)                341 us
[76.267s][info][gc,stats    ] Pause Final Mark (N)                247 us
[76.267s][info][gc,stats    ]   Finish Mark                        75 us
[76.267s][info][gc,stats    ]   Update Region States               46 us
[76.267s][info][gc,stats    ]   Choose Collection Set              47 us
[76.267s][info][gc,stats    ]   Rebuild Free Set                   17 us
[76.267s][info][gc,stats    ] Concurrent Weak References          165 us, parallelism: 0.04x
[76.267s][info][gc,stats    ]   CWRF: <total>                       7 us
[76.267s][info][gc,stats    ]   CWRF: Weak References               7 us, workers (us):   7, ---, ---, 
[76.267s][info][gc,stats    ] Concurrent Weak Roots               546 us
[76.267s][info][gc,stats    ]   Roots                             460 us, parallelism: 0.88x
[76.267s][info][gc,stats    ]     CWR: <total>                    407 us
[76.267s][info][gc,stats    ]     CWR: Code Cache Roots           341 us, workers (us): 341, ---, ---, 
[76.267s][info][gc,stats    ]     CWR: VM Weak Roots               62 us, workers (us):  62, ---, ---, 
[76.267s][info][gc,stats    ]     CWR: CLDG Roots                   5 us, workers (us):   5, ---, ---, 
[76.267s][info][gc,stats    ]   Rendezvous                         51 us
[76.267s][info][gc,stats    ] Concurrent Cleanup                   53 us
[76.267s][info][gc,stats    ] Concurrent Class Unloading         1925 us
[76.267s][info][gc,stats    ]   Unlink Stale                     1651 us
[76.267s][info][gc,stats    ]     System Dictionary                 2 us
[76.267s][info][gc,stats    ]     Weak Class Links                  0 us
[76.267s][info][gc,stats    ]     Code Roots                     1648 us
[76.267s][info][gc,stats    ]   Rendezvous                         54 us
[76.267s][info][gc,stats    ]   Purge Unlinked                    150 us
[76.267s][info][gc,stats    ]     Code Roots                      139 us
[76.267s][info][gc,stats    ]     CLDG                             10 us
[76.267s][info][gc,stats    ]     Exception Caches                  0 us
[76.267s][info][gc,stats    ] Pause Final Roots (G)               103 us
[76.267s][info][gc,stats    ] Pause Final Roots (N)                23 us
[76.267s][info][gc,stats    ] 
[76.267s][info][gc,stats    ] Allocation pacing accrued:
[76.267s][info][gc,stats    ]       0 of   475 ms (  0.0%): <total>
[76.267s][info][gc,stats    ]       0 of   475 ms (  0.0%): <average total>
[76.267s][info][gc,stats    ] 
[76.267s][info][gc,metaspace] Metaspace: 8960K(9216K)->8960K(9216K) NonClass: 7788K(7936K)->7788K(7936K) Class: 1172K(1280K)->1172K(1280K)
[76.267s][info][gc,ergo     ] Pacer for Idle. Initial: 83886K, Alloc Tax Rate: 1.0x
[76.725s][info][gc          ] Trigger: Learning 3 of 5. Free (2854M) is below initial threshold (2867M)
[76.725s][info][gc,ergo     ] Free: 2854M, Max: 2048K regular, 1748M humongous, Frag: 39% external, 0% internal; Reserve: 206M, Max: 2048K
[76.725s][info][gc,start    ] GC(107) Concurrent reset
[76.725s][info][gc,task     ] GC(107) Using 1 of 3 workers for concurrent reset
[76.725s][info][gc,ergo     ] GC(107) Pacer for Reset. Non-Taxable: 4096M
[76.725s][info][gc          ] GC(107) Concurrent reset 0.447ms
[76.726s][info][gc,start    ] GC(107) Pause Init Mark (unload classes)
[76.726s][info][gc,task     ] GC(107) Using 3 of 3 workers for init marking
[76.726s][info][gc,ergo     ] GC(107) Pacer for Mark. Expected Live: 9451K, Free: 2852M, Non-Taxable: 285M, Alloc Tax Rate: 0.0x
[76.726s][info][gc          ] GC(107) Pause Init Mark (unload classes) 0.240ms
[76.726s][info][gc,start    ] GC(107) Concurrent marking roots
[76.726s][info][gc,task     ] GC(107) Using 1 of 3 workers for concurrent marking roots
[76.726s][info][gc          ] GC(107) Concurrent marking roots 0.534ms
[76.726s][info][gc,start    ] GC(107) Concurrent marking (unload classes)
[76.726s][info][gc,task     ] GC(107) Using 1 of 3 workers for concurrent marking
[76.739s][info][gc          ] GC(107) Concurrent marking (unload classes) 12.718ms
[76.739s][info][gc,start    ] GC(107) Pause Final Mark (unload classes)
[76.739s][info][gc,task     ] GC(107) Using 3 of 3 workers for final marking
[76.740s][info][gc,ergo     ] GC(107) Collectable Garbage: 982M (95%), Immediate: 982M (95%), CSet: 0B (0%)
[76.740s][info][gc          ] GC(107) Pause Final Mark (unload classes) 0.317ms
[76.740s][info][gc,start    ] GC(107) Concurrent weak references
[76.740s][info][gc,task     ] GC(107) Using 1 of 3 workers for concurrent weak references
[76.740s][info][gc,ref      ] GC(107) Encountered references: Soft: 144, Weak: 702, Final: 0, Phantom: 27
[76.740s][info][gc,ref      ] GC(107) Discovered  references: Soft: 0, Weak: 150, Final: 0, Phantom: 12
[76.740s][info][gc,ref      ] GC(107) Enqueued    references: Soft: 0, Weak: 0, Final: 0, Phantom: 0
[76.740s][info][gc          ] GC(107) Concurrent weak references 0.156ms
[76.740s][info][gc,start    ] GC(107) Concurrent weak roots
[76.740s][info][gc,task     ] GC(107) Using 1 of 3 workers for concurrent weak root
[76.741s][info][gc          ] GC(107) Concurrent weak roots 0.921ms
[76.741s][info][gc,start    ] GC(107) Concurrent cleanup
[76.741s][info][gc          ] GC(107) Concurrent cleanup 1068M->86M(4096M) 0.048ms
[76.741s][info][gc,ergo     ] GC(107) Free: 3804M, Max: 2048K regular, 1730M humongous, Frag: 55% external, 0% internal; Reserve: 206M, Max: 2048K
[76.741s][info][gc,start    ] GC(107) Concurrent class unloading
[76.741s][info][gc,task     ] GC(107) Using 1 of 3 workers for concurrent class unloading
[76.743s][info][gc          ] GC(107) Concurrent class unloading 2.206ms
[76.743s][info][gc,start    ] GC(107) Pause Final Roots
[76.743s][info][gc          ] GC(107) Pause Final Roots 0.042ms
[76.743s][info][gc,ergo     ] Free: 3800M, Max: 2048K regular, 1730M humongous, Frag: 55% external, 0% internal; Reserve: 206M, Max: 2048K
[76.743s][info][gc,stats    ] 
[76.743s][info][gc,stats    ] All times are wall-clock times, except per-root-class counters, that are sum over
[76.743s][info][gc,stats    ] all workers. Dividing the <total> over the root stage time estimates parallelism.
[76.743s][info][gc,stats    ] 
[76.744s][info][gc,stats    ] Concurrent Reset                    509 us
[76.744s][info][gc,stats    ] Pause Init Mark (G)                 457 us
[76.744s][info][gc,stats    ] Pause Init Mark (N)                 259 us
[76.744s][info][gc,stats    ]   Update Region States              106 us
[76.744s][info][gc,stats    ] Concurrent Mark Roots               553 us, parallelism: 0.65x
[76.744s][info][gc,stats    ]   CMR: <total>                      362 us
[76.744s][info][gc,stats    ]   CMR: Thread Roots                 289 us, workers (us): 289, ---, ---, 
[76.744s][info][gc,stats    ]   CMR: VM Strong Roots                9 us, workers (us):   9, ---, ---, 
[76.744s][info][gc,stats    ]   CMR: CLDG Roots                    64 us, workers (us):  64, ---, ---, 
[76.744s][info][gc,stats    ] Concurrent Marking                12777 us
[76.744s][info][gc,stats    ] Pause Final Mark (G)                462 us
[76.744s][info][gc,stats    ] Pause Final Mark (N)                341 us
[76.744s][info][gc,stats    ]   Finish Mark                       104 us
[76.744s][info][gc,stats    ]   Update Region States               65 us
[76.744s][info][gc,stats    ]   Choose Collection Set              69 us
[76.744s][info][gc,stats    ]   Rebuild Free Set                   17 us
[76.744s][info][gc,stats    ] Concurrent Weak References          172 us, parallelism: 0.02x
[76.744s][info][gc,stats    ]   CWRF: <total>                       4 us
[76.744s][info][gc,stats    ]   CWRF: Weak References               4 us, workers (us):   4, ---, ---, 
[76.744s][info][gc,stats    ] Concurrent Weak Roots               949 us
[76.744s][info][gc,stats    ]   Roots                             804 us, parallelism: 0.88x
[76.744s][info][gc,stats    ]     CWR: <total>                    709 us
[76.744s][info][gc,stats    ]     CWR: Code Cache Roots           590 us, workers (us): 590, ---, ---, 
[76.744s][info][gc,stats    ]     CWR: VM Weak Roots              113 us, workers (us): 113, ---, ---, 
[76.744s][info][gc,stats    ]     CWR: CLDG Roots                   6 us, workers (us):   6, ---, ---, 
[76.744s][info][gc,stats    ]   Rendezvous                         85 us
[76.744s][info][gc,stats    ] Concurrent Cleanup                   56 us
[76.744s][info][gc,stats    ] Concurrent Class Unloading         2259 us
[76.744s][info][gc,stats    ]   Unlink Stale                     1877 us
[76.744s][info][gc,stats    ]     System Dictionary                 5 us
[76.744s][info][gc,stats    ]     Weak Class Links                  0 us
[76.744s][info][gc,stats    ]     Code Roots                     1871 us
[76.744s][info][gc,stats    ]   Rendezvous                        149 us
[76.744s][info][gc,stats    ]   Purge Unlinked                    160 us
[76.744s][info][gc,stats    ]     Code Roots                      149 us
[76.744s][info][gc,stats    ]     CLDG                             11 us
[76.744s][info][gc,stats    ]     Exception Caches                  0 us
[76.744s][info][gc,stats    ] Pause Final Roots (G)               186 us
[76.744s][info][gc,stats    ] Pause Final Roots (N)                60 us
[76.744s][info][gc,stats    ] 
[76.744s][info][gc,stats    ] Allocation pacing accrued:
[76.744s][info][gc,stats    ]       0 of   477 ms (  0.0%): <total>
[76.744s][info][gc,stats    ]       0 of   477 ms (  0.0%): <average total>
[76.744s][info][gc,stats    ] 
[76.744s][info][gc,metaspace] Metaspace: 8960K(9216K)->8960K(9216K) NonClass: 7788K(7936K)->7788K(7936K) Class: 1172K(1280K)->1172K(1280K)
[76.744s][info][gc,ergo     ] Pacer for Idle. Initial: 83886K, Alloc Tax Rate: 1.0x
[77.196s][info][gc          ] Trigger: Learning 4 of 5. Free (2842M) is below initial threshold (2867M)
[77.196s][info][gc,ergo     ] Free: 2842M, Max: 2048K regular, 1730M humongous, Frag: 40% external, 0% internal; Reserve: 206M, Max: 2048K
[77.197s][info][gc,start    ] GC(108) Concurrent reset
[77.197s][info][gc,task     ] GC(108) Using 1 of 3 workers for concurrent reset
[77.197s][info][gc,ergo     ] GC(108) Pacer for Reset. Non-Taxable: 4096M
[77.197s][info][gc          ] GC(108) Concurrent reset 0.568ms
[77.197s][info][gc,start    ] GC(108) Pause Init Mark (unload classes)
[77.197s][info][gc,task     ] GC(108) Using 3 of 3 workers for init marking
[77.197s][info][gc,ergo     ] GC(108) Pacer for Mark. Expected Live: 9451K, Free: 2840M, Non-Taxable: 284M, Alloc Tax Rate: 0.0x
[77.197s][info][gc          ] GC(108) Pause Init Mark (unload classes) 0.182ms
[77.197s][info][gc,start    ] GC(108) Concurrent marking roots
[77.197s][info][gc,task     ] GC(108) Using 1 of 3 workers for concurrent marking roots
[77.198s][info][gc          ] GC(108) Concurrent marking roots 0.703ms
[77.198s][info][gc,start    ] GC(108) Concurrent marking (unload classes)
[77.198s][info][gc,task     ] GC(108) Using 1 of 3 workers for concurrent marking
[77.215s][info][gc          ] GC(108) Concurrent marking (unload classes) 17.150ms
[77.215s][info][gc,start    ] GC(108) Pause Final Mark (unload classes)
[77.215s][info][gc,task     ] GC(108) Using 3 of 3 workers for final marking
[77.216s][info][gc,ergo     ] GC(108) Collectable Garbage: 984M (94%), Immediate: 984M (94%), CSet: 0B (0%)
[77.216s][info][gc          ] GC(108) Pause Final Mark (unload classes) 0.342ms
[77.216s][info][gc,start    ] GC(108) Concurrent weak references
[77.216s][info][gc,task     ] GC(108) Using 1 of 3 workers for concurrent weak references
[77.216s][info][gc,ref      ] GC(108) Encountered references: Soft: 144, Weak: 702, Final: 0, Phantom: 27
[77.216s][info][gc,ref      ] GC(108) Discovered  references: Soft: 0, Weak: 150, Final: 0, Phantom: 12
[77.216s][info][gc,ref      ] GC(108) Enqueued    references: Soft: 0, Weak: 0, Final: 0, Phantom: 0
[77.216s][info][gc          ] GC(108) Concurrent weak references 0.156ms
[77.216s][info][gc,start    ] GC(108) Concurrent weak roots
[77.216s][info][gc,task     ] GC(108) Using 1 of 3 workers for concurrent weak root
[77.217s][info][gc          ] GC(108) Concurrent weak roots 0.710ms
[77.217s][info][gc,start    ] GC(108) Concurrent cleanup
[77.217s][info][gc          ] GC(108) Concurrent cleanup 1088M->106M(4096M) 0.043ms
[77.217s][info][gc,ergo     ] GC(108) Free: 3784M, Max: 2048K regular, 1710M humongous, Frag: 55% external, 0% internal; Reserve: 206M, Max: 2048K
[77.217s][info][gc,start    ] GC(108) Concurrent class unloading
[77.217s][info][gc,task     ] GC(108) Using 1 of 3 workers for concurrent class unloading
[77.219s][info][gc          ] GC(108) Concurrent class unloading 1.952ms
[77.219s][info][gc,start    ] GC(108) Pause Final Roots
[77.219s][info][gc          ] GC(108) Pause Final Roots 0.023ms
[77.219s][info][gc,ergo     ] Free: 3780M, Max: 2048K regular, 1710M humongous, Frag: 55% external, 0% internal; Reserve: 206M, Max: 2048K
[77.219s][info][gc,stats    ] 
[77.219s][info][gc,stats    ] All times are wall-clock times, except per-root-class counters, that are sum over
[77.219s][info][gc,stats    ] all workers. Dividing the <total> over the root stage time estimates parallelism.
[77.219s][info][gc,stats    ] 
[77.219s][info][gc,stats    ] Concurrent Reset                    606 us
[77.219s][info][gc,stats    ] Pause Init Mark (G)                 323 us
[77.219s][info][gc,stats    ] Pause Init Mark (N)                 199 us
[77.219s][info][gc,stats    ]   Update Region States               73 us
[77.219s][info][gc,stats    ] Concurrent Mark Roots               721 us, parallelism: 0.84x
[77.219s][info][gc,stats    ]   CMR: <total>                      603 us
[77.219s][info][gc,stats    ]   CMR: Thread Roots                 532 us, workers (us): 532, ---, ---, 
[77.219s][info][gc,stats    ]   CMR: VM Strong Roots                7 us, workers (us):   7, ---, ---, 
[77.219s][info][gc,stats    ]   CMR: CLDG Roots                    64 us, workers (us):  64, ---, ---, 
[77.219s][info][gc,stats    ] Concurrent Marking                17213 us
[77.219s][info][gc,stats    ] Pause Final Mark (G)                488 us
[77.219s][info][gc,stats    ] Pause Final Mark (N)                362 us
[77.219s][info][gc,stats    ]   Finish Mark                       101 us
[77.219s][info][gc,stats    ]   Update Region States               90 us
[77.219s][info][gc,stats    ]   Choose Collection Set              62 us
[77.219s][info][gc,stats    ]   Rebuild Free Set                   17 us
[77.219s][info][gc,stats    ] Concurrent Weak References          172 us, parallelism: 0.03x
[77.219s][info][gc,stats    ]   CWRF: <total>                       4 us
[77.219s][info][gc,stats    ]   CWRF: Weak References               4 us, workers (us):   4, ---, ---, 
[77.219s][info][gc,stats    ] Concurrent Weak Roots               729 us
[77.219s][info][gc,stats    ]   Roots                             597 us, parallelism: 0.88x
[77.219s][info][gc,stats    ]     CWR: <total>                    523 us
[77.219s][info][gc,stats    ]     CWR: Code Cache Roots           404 us, workers (us): 404, ---, ---, 
[77.219s][info][gc,stats    ]     CWR: VM Weak Roots              113 us, workers (us): 113, ---, ---, 
[77.220s][info][gc,stats    ]     CWR: CLDG Roots                   6 us, workers (us):   6, ---, ---, 
[77.220s][info][gc,stats    ]   Rendezvous                         81 us
[77.220s][info][gc,stats    ] Concurrent Cleanup                   57 us
[77.220s][info][gc,stats    ] Concurrent Class Unloading         2004 us
[77.220s][info][gc,stats    ]   Unlink Stale                     1722 us
[77.220s][info][gc,stats    ]     System Dictionary                 3 us
[77.220s][info][gc,stats    ]     Weak Class Links                  0 us
[77.220s][info][gc,stats    ]     Code Roots                     1718 us
[77.220s][info][gc,stats    ]   Rendezvous                         61 us
[77.220s][info][gc,stats    ]   Purge Unlinked                    150 us
[77.220s][info][gc,stats    ]     Code Roots                      140 us
[77.220s][info][gc,stats    ]     CLDG                              9 us
[77.220s][info][gc,stats    ]     Exception Caches                  0 us
[77.220s][info][gc,stats    ] Pause Final Roots (G)               131 us
[77.220s][info][gc,stats    ] Pause Final Roots (N)                32 us
[77.220s][info][gc,stats    ] 
[77.220s][info][gc,stats    ] Allocation pacing accrued:
[77.220s][info][gc,stats    ]       0 of   476 ms (  0.0%): <total>
[77.220s][info][gc,stats    ]       0 of   476 ms (  0.0%): <average total>
[77.220s][info][gc,stats    ] 
[77.220s][info][gc,metaspace] Metaspace: 8960K(9216K)->8960K(9216K) NonClass: 7788K(7936K)->7788K(7936K) Class: 1172K(1280K)->1172K(1280K)
[77.220s][info][gc,ergo     ] Pacer for Idle. Initial: 83886K, Alloc Tax Rate: 1.0x
[77.651s][info][gc          ] Trigger: Learning 5 of 5. Free (2848M) is below initial threshold (2867M)
[77.651s][info][gc,ergo     ] Free: 2848M, Max: 2048K regular, 1710M humongous, Frag: 40% external, 0% internal; Reserve: 206M, Max: 2048K
[77.651s][info][gc,start    ] GC(109) Concurrent reset
[77.651s][info][gc,task     ] GC(109) Using 1 of 3 workers for concurrent reset
[77.651s][info][gc,ergo     ] GC(109) Pacer for Reset. Non-Taxable: 4096M
[77.652s][info][gc          ] GC(109) Concurrent reset 0.704ms
[77.652s][info][gc,start    ] GC(109) Pause Init Mark (unload classes)
[77.652s][info][gc,task     ] GC(109) Using 3 of 3 workers for init marking
[77.652s][info][gc,ergo     ] GC(109) Pacer for Mark. Expected Live: 9450K, Free: 2846M, Non-Taxable: 284M, Alloc Tax Rate: 0.0x
[77.652s][info][gc          ] GC(109) Pause Init Mark (unload classes) 0.153ms
[77.652s][info][gc,start    ] GC(109) Concurrent marking roots
[77.652s][info][gc,task     ] GC(109) Using 1 of 3 workers for concurrent marking roots
[77.653s][info][gc          ] GC(109) Concurrent marking roots 0.712ms
[77.653s][info][gc,start    ] GC(109) Concurrent marking (unload classes)
[77.653s][info][gc,task     ] GC(109) Using 1 of 3 workers for concurrent marking
[77.675s][info][gc          ] GC(109) Concurrent marking (unload classes) 21.475ms
[77.675s][info][gc,start    ] GC(109) Pause Final Mark (unload classes)
[77.675s][info][gc,task     ] GC(109) Using 3 of 3 workers for final marking
[77.675s][info][gc,ergo     ] GC(109) Collectable Garbage: 966M (93%), Immediate: 966M (93%), CSet: 0B (0%)
[77.675s][info][gc          ] GC(109) Pause Final Mark (unload classes) 0.310ms
[77.675s][info][gc,start    ] GC(109) Concurrent weak references
[77.675s][info][gc,task     ] GC(109) Using 1 of 3 workers for concurrent weak references
[77.675s][info][gc,ref      ] GC(109) Encountered references: Soft: 144, Weak: 702, Final: 0, Phantom: 27
[77.675s][info][gc,ref      ] GC(109) Discovered  references: Soft: 0, Weak: 150, Final: 0, Phantom: 12
[77.675s][info][gc,ref      ] GC(109) Enqueued    references: Soft: 0, Weak: 0, Final: 0, Phantom: 0
[77.675s][info][gc          ] GC(109) Concurrent weak references 0.112ms
[77.675s][info][gc,start    ] GC(109) Concurrent weak roots
[77.675s][info][gc,task     ] GC(109) Using 1 of 3 workers for concurrent weak root
[77.676s][info][gc          ] GC(109) Concurrent weak roots 0.558ms
[77.676s][info][gc,start    ] GC(109) Concurrent cleanup
[77.676s][info][gc          ] GC(109) Concurrent cleanup 1092M->126M(4096M) 0.045ms
[77.676s][info][gc,ergo     ] GC(109) Free: 3764M, Max: 2048K regular, 1706M humongous, Frag: 55% external, 0% internal; Reserve: 206M, Max: 2048K
[77.676s][info][gc,start    ] GC(109) Concurrent class unloading
[77.676s][info][gc,task     ] GC(109) Using 1 of 3 workers for concurrent class unloading
[77.678s][info][gc          ] GC(109) Concurrent class unloading 1.803ms
[77.678s][info][gc,start    ] GC(109) Pause Final Roots
[77.678s][info][gc          ] GC(109) Pause Final Roots 0.023ms
[77.678s][info][gc,ergo     ] Free: 3760M, Max: 2048K regular, 1706M humongous, Frag: 55% external, 0% internal; Reserve: 206M, Max: 2048K
[77.678s][info][gc,stats    ] 
[77.678s][info][gc,stats    ] All times are wall-clock times, except per-root-class counters, that are sum over
[77.678s][info][gc,stats    ] all workers. Dividing the <total> over the root stage time estimates parallelism.
[77.678s][info][gc,stats    ] 
[77.678s][info][gc,stats    ] Concurrent Reset                    754 us
[77.678s][info][gc,stats    ] Pause Init Mark (G)                 296 us
[77.678s][info][gc,stats    ] Pause Init Mark (N)                 169 us
[77.678s][info][gc,stats    ]   Update Region States               68 us
[77.678s][info][gc,stats    ] Concurrent Mark Roots               731 us, parallelism: 0.84x
[77.678s][info][gc,stats    ]   CMR: <total>                      613 us
[77.678s][info][gc,stats    ]   CMR: Thread Roots                 544 us, workers (us): 544, ---, ---, 
[77.678s][info][gc,stats    ]   CMR: VM Strong Roots                6 us, workers (us):   6, ---, ---, 
[77.678s][info][gc,stats    ]   CMR: CLDG Roots                    62 us, workers (us):  62, ---, ---, 
[77.678s][info][gc,stats    ] Concurrent Marking                21542 us
[77.678s][info][gc,stats    ] Pause Final Mark (G)                465 us
[77.678s][info][gc,stats    ] Pause Final Mark (N)                329 us
[77.678s][info][gc,stats    ]   Finish Mark                       103 us
[77.678s][info][gc,stats    ]   Update Region States               63 us
[77.678s][info][gc,stats    ]   Choose Collection Set              60 us
[77.678s][info][gc,stats    ]   Rebuild Free Set                   17 us
[77.678s][info][gc,stats    ] Concurrent Weak References          119 us, parallelism: 0.04x
[77.678s][info][gc,stats    ]   CWRF: <total>                       5 us
[77.678s][info][gc,stats    ]   CWRF: Weak References               5 us, workers (us):   5, ---, ---, 
[77.678s][info][gc,stats    ] Concurrent Weak Roots               578 us
[77.678s][info][gc,stats    ]   Roots                             461 us, parallelism: 0.88x
[77.678s][info][gc,stats    ]     CWR: <total>                    408 us
[77.678s][info][gc,stats    ]     CWR: Code Cache Roots           342 us, workers (us): 342, ---, ---, 
[77.678s][info][gc,stats    ]     CWR: VM Weak Roots               60 us, workers (us):  60, ---, ---, 
[77.678s][info][gc,stats    ]     CWR: CLDG Roots                   5 us, workers (us):   5, ---, ---, 
[77.678s][info][gc,stats    ]   Rendezvous                         82 us
[77.678s][info][gc,stats    ] Concurrent Cleanup                   53 us
[77.678s][info][gc,stats    ] Concurrent Class Unloading         1836 us
[77.678s][info][gc,stats    ]   Unlink Stale                     1642 us
[77.678s][info][gc,stats    ]     System Dictionary                 3 us
[77.678s][info][gc,stats    ]     Weak Class Links                  0 us
[77.678s][info][gc,stats    ]     Code Roots                     1638 us
[77.678s][info][gc,stats    ]   Rendezvous                         58 us
[77.678s][info][gc,stats    ]   Purge Unlinked                     86 us
[77.678s][info][gc,stats    ]     Code Roots                       81 us
[77.678s][info][gc,stats    ]     CLDG                              5 us
[77.678s][info][gc,stats    ]     Exception Caches                  0 us
[77.679s][info][gc,stats    ] Pause Final Roots (G)               112 us
[77.679s][info][gc,stats    ] Pause Final Roots (N)                31 us
[77.679s][info][gc,stats    ] 
[77.679s][info][gc,stats    ] Allocation pacing accrued:
[77.679s][info][gc,stats    ]       0 of   459 ms (  0.0%): <total>
[77.679s][info][gc,stats    ]       0 of   459 ms (  0.0%): <average total>
[77.679s][info][gc,stats    ] 
[77.679s][info][gc,metaspace] Metaspace: 8960K(9216K)->8960K(9216K) NonClass: 7788K(7936K)->7788K(7936K) Class: 1172K(1280K)->1172K(1280K)
[77.679s][info][gc,ergo     ] Pacer for Idle. Initial: 83886K, Alloc Tax Rate: 1.0x
[79.331s][info][gc          ] Trigger: Explicit GC request (System.gc())
[79.332s][info][gc,ergo     ] Free: 956M, Max: 2048K regular, 956M humongous, Frag: 0% external, 0% internal; Reserve: 206M, Max: 2048K
[79.332s][info][gc,start    ] GC(110) Concurrent reset
[79.332s][info][gc,task     ] GC(110) Using 1 of 3 workers for concurrent reset
[79.332s][info][gc,ergo     ] GC(110) Pacer for Reset. Non-Taxable: 4096M
[79.332s][info][gc          ] GC(110) Concurrent reset 0.813ms
[79.333s][info][gc,start    ] GC(110) Pause Init Mark (unload classes)
[79.333s][info][gc,task     ] GC(110) Using 3 of 3 workers for init marking
[79.333s][info][gc,ref      ] GC(110) Clearing All SoftReferences
[79.333s][info][gc,ergo     ] GC(110) Pacer for Mark. Expected Live: 9451K, Free: 956M, Non-Taxable: 97894K, Alloc Tax Rate: 0.0x
[79.333s][info][gc          ] GC(110) Pause Init Mark (unload classes) 0.187ms
[79.333s][info][gc,start    ] GC(110) Concurrent marking roots
[79.333s][info][gc,task     ] GC(110) Using 1 of 3 workers for concurrent marking roots
[79.333s][info][gc          ] GC(110) Concurrent marking roots 0.446ms
[79.333s][info][gc,start    ] GC(110) Concurrent marking (unload classes)
[79.333s][info][gc,task     ] GC(110) Using 1 of 3 workers for concurrent marking
[79.337s][info][gc          ] GC(110) Concurrent marking (unload classes) 3.668ms
[79.337s][info][gc,start    ] GC(110) Pause Final Mark (unload classes)
[79.337s][info][gc,task     ] GC(110) Using 3 of 3 workers for final marking
[79.337s][info][gc,ergo     ] GC(110) Collectable Garbage: 2898M (98%), Immediate: 2898M (98%), CSet: 0B (0%)
[79.337s][info][gc          ] GC(110) Pause Final Mark (unload classes) 0.276ms
[79.337s][info][gc,start    ] GC(110) Concurrent weak references
[79.337s][info][gc,task     ] GC(110) Using 1 of 3 workers for concurrent weak references
[79.338s][info][gc,ref      ] GC(110) Encountered references: Soft: 144, Weak: 702, Final: 0, Phantom: 27
[79.338s][info][gc,ref      ] GC(110) Discovered  references: Soft: 88, Weak: 168, Final: 0, Phantom: 25
[79.338s][info][gc,ref      ] GC(110) Enqueued    references: Soft: 3, Weak: 0, Final: 0, Phantom: 0
[79.338s][info][gc          ] GC(110) Concurrent weak references 0.243ms
[79.338s][info][gc,start    ] GC(110) Concurrent weak roots
[79.338s][info][gc,task     ] GC(110) Using 1 of 3 workers for concurrent weak root
[79.338s][info][gc          ] GC(110) Concurrent weak roots 0.527ms
[79.338s][info][gc,start    ] GC(110) Concurrent cleanup
[79.338s][info][gc          ] GC(110) Concurrent cleanup 2934M->36M(4096M) 0.101ms
[79.338s][info][gc,ergo     ] GC(110) Free: 3854M, Max: 2048K regular, 2720M humongous, Frag: 30% external, 0% internal; Reserve: 206M, Max: 2048K
[79.338s][info][gc,start    ] GC(110) Concurrent class unloading
[79.338s][info][gc,task     ] GC(110) Using 1 of 3 workers for concurrent class unloading
[79.340s][info][gc          ] GC(110) Concurrent class unloading 1.849ms
[79.340s][info][gc,start    ] GC(110) Pause Final Roots
[79.340s][info][gc          ] GC(110) Pause Final Roots 0.025ms
[79.340s][info][gc,ergo     ] Free: 3854M, Max: 2048K regular, 2720M humongous, Frag: 30% external, 0% internal; Reserve: 206M, Max: 2048K
[79.340s][info][gc,stats    ] 
[79.340s][info][gc,stats    ] All times are wall-clock times, except per-root-class counters, that are sum over
[79.340s][info][gc,stats    ] all workers. Dividing the <total> over the root stage time estimates parallelism.
[79.341s][info][gc,stats    ] 
[79.341s][info][gc,stats    ] Concurrent Reset                    878 us
[79.341s][info][gc,stats    ] Pause Init Mark (G)                 323 us
[79.341s][info][gc,stats    ] Pause Init Mark (N)                 203 us
[79.341s][info][gc,stats    ]   Update Region States               69 us
[79.341s][info][gc,stats    ] Concurrent Mark Roots               463 us, parallelism: 0.71x
[79.341s][info][gc,stats    ]   CMR: <total>                      327 us
[79.341s][info][gc,stats    ]   CMR: Thread Roots                 287 us, workers (us): 287, ---, ---, 
[79.341s][info][gc,stats    ]   CMR: VM Strong Roots                5 us, workers (us):   5, ---, ---, 
[79.341s][info][gc,stats    ]   CMR: CLDG Roots                    35 us, workers (us):  35, ---, ---, 
[79.341s][info][gc,stats    ] Concurrent Marking                 3726 us
[79.341s][info][gc,stats    ] Pause Final Mark (G)                369 us
[79.341s][info][gc,stats    ] Pause Final Mark (N)                297 us
[79.341s][info][gc,stats    ]   Finish Mark                        80 us
[79.341s][info][gc,stats    ]   Update Region States               51 us
[79.341s][info][gc,stats    ]   Choose Collection Set              70 us
[79.341s][info][gc,stats    ]   Rebuild Free Set                   20 us
[79.341s][info][gc,stats    ] Concurrent Weak References          260 us, parallelism: 0.06x
[79.341s][info][gc,stats    ]   CWRF: <total>                      15 us
[79.341s][info][gc,stats    ]   CWRF: Weak References              15 us, workers (us):  15, ---, ---, 
[79.341s][info][gc,stats    ] Concurrent Weak Roots               555 us
[79.341s][info][gc,stats    ]   Roots                             437 us, parallelism: 0.83x
[79.341s][info][gc,stats    ]     CWR: <total>                    364 us
[79.341s][info][gc,stats    ]     CWR: Code Cache Roots           298 us, workers (us): 298, ---, ---, 
[79.341s][info][gc,stats    ]     CWR: VM Weak Roots               62 us, workers (us):  62, ---, ---, 
[79.341s][info][gc,stats    ]     CWR: CLDG Roots                   4 us, workers (us):   4, ---, ---, 
[79.341s][info][gc,stats    ]   Rendezvous                         56 us
[79.341s][info][gc,stats    ] Concurrent Cleanup                  109 us
[79.341s][info][gc,stats    ] Concurrent Class Unloading         1905 us
[79.341s][info][gc,stats    ]   Unlink Stale                     1666 us
[79.341s][info][gc,stats    ]     System Dictionary                 2 us
[79.341s][info][gc,stats    ]     Weak Class Links                  0 us
[79.341s][info][gc,stats    ]     Code Roots                     1663 us
[79.341s][info][gc,stats    ]   Rendezvous                         29 us
[79.341s][info][gc,stats    ]   Purge Unlinked                    135 us
[79.341s][info][gc,stats    ]     Code Roots                      126 us
[79.341s][info][gc,stats    ]     CLDG                              8 us
[79.341s][info][gc,stats    ]     Exception Caches                  0 us
[79.341s][info][gc,stats    ] Pause Final Roots (G)                88 us
[79.341s][info][gc,stats    ] Pause Final Roots (N)                33 us
[79.341s][info][gc,stats    ] 
[79.341s][info][gc,stats    ] Allocation pacing accrued:
[79.341s][info][gc,stats    ]       0 of  1663 ms (  0.0%): <total>
[79.341s][info][gc,stats    ]       0 of  1663 ms (  0.0%): <average total>
[79.341s][info][gc,stats    ] 
[79.341s][info][gc,metaspace] Metaspace: 8962K(9216K)->8962K(9216K) NonClass: 7789K(7936K)->7789K(7936K) Class: 1172K(1280K)->1172K(1280K)
[79.341s][info][gc,ergo     ] Pacer for Idle. Initial: 83886K, Alloc Tax Rate: 1.0x
[79.803s][info][gc          ] Trigger: Learning 2 of 5. Free (2858M) is below initial threshold (2867M)
[79.803s][info][gc,ergo     ] Free: 2858M, Max: 2048K regular, 1768M humongous, Frag: 39% external, 0% internal; Reserve: 206M, Max: 2048K
[79.803s][info][gc,start    ] GC(111) Concurrent reset
[79.803s][info][gc,task     ] GC(111) Using 1 of 3 workers for concurrent reset
[79.803s][info][gc,ergo     ] GC(111) Pacer for Reset. Non-Taxable: 4096M
[79.804s][info][gc          ] GC(111) Concurrent reset 0.529ms
[79.804s][info][gc,start    ] GC(111) Pause Init Mark (unload classes)
[79.804s][info][gc,task     ] GC(111) Using 3 of 3 workers for init marking
[79.804s][info][gc,ergo     ] GC(111) Pacer for Mark. Expected Live: 9451K, Free: 2856M, Non-Taxable: 285M, Alloc Tax Rate: 0.0x
[79.804s][info][gc          ] GC(111) Pause Init Mark (unload classes) 0.243ms
[79.804s][info][gc,start    ] GC(111) Concurrent marking roots
[79.804s][info][gc,task     ] GC(111) Using 1 of 3 workers for concurrent marking roots
[79.804s][info][gc          ] GC(111) Concurrent marking roots 0.444ms
[79.805s][info][gc,start    ] GC(111) Concurrent marking (unload classes)
[79.805s][info][gc,task     ] GC(111) Using 1 of 3 workers for concurrent marking
[79.813s][info][gc          ] GC(111) Concurrent marking (unload classes) 8.110ms
[79.813s][info][gc,start    ] GC(111) Pause Final Mark (unload classes)
[79.813s][info][gc,task     ] GC(111) Using 3 of 3 workers for final marking
[79.813s][info][gc,ergo     ] GC(111) Collectable Garbage: 978M (95%), Immediate: 978M (95%), CSet: 0B (0%)
[79.813s][info][gc          ] GC(111) Pause Final Mark (unload classes) 0.368ms
[79.813s][info][gc,start    ] GC(111) Concurrent weak references
[79.813s][info][gc,task     ] GC(111) Using 1 of 3 workers for concurrent weak references
[79.813s][info][gc,ref      ] GC(111) Encountered references: Soft: 144, Weak: 702, Final: 0, Phantom: 27
[79.813s][info][gc,ref      ] GC(111) Discovered  references: Soft: 0, Weak: 150, Final: 0, Phantom: 12
[79.813s][info][gc,ref      ] GC(111) Enqueued    references: Soft: 0, Weak: 0, Final: 0, Phantom: 0
[79.813s][info][gc          ] GC(111) Concurrent weak references 0.112ms
[79.813s][info][gc,start    ] GC(111) Concurrent weak roots
[79.813s][info][gc,task     ] GC(111) Using 1 of 3 workers for concurrent weak root
[79.814s][info][gc          ] GC(111) Concurrent weak roots 0.561ms
[79.814s][info][gc,start    ] GC(111) Concurrent cleanup
[79.814s][info][gc          ] GC(111) Concurrent cleanup 1054M->76M(4096M) 0.043ms
[79.814s][info][gc,ergo     ] GC(111) Free: 3814M, Max: 2048K regular, 1746M humongous, Frag: 55% external, 0% internal; Reserve: 206M, Max: 2048K
[79.814s][info][gc,start    ] GC(111) Concurrent class unloading
[79.814s][info][gc,task     ] GC(111) Using 1 of 3 workers for concurrent class unloading
[79.816s][info][gc          ] GC(111) Concurrent class unloading 1.835ms
[79.816s][info][gc,start    ] GC(111) Pause Final Roots
[79.816s][info][gc          ] GC(111) Pause Final Roots 0.023ms
[79.816s][info][gc,ergo     ] Free: 3810M, Max: 2048K regular, 1746M humongous, Frag: 55% external, 0% internal; Reserve: 206M, Max: 2048K
[79.816s][info][gc,stats    ] 
[79.816s][info][gc,stats    ] All times are wall-clock times, except per-root-class counters, that are sum over
[79.816s][info][gc,stats    ] all workers. Dividing the <total> over the root stage time estimates parallelism.
[79.816s][info][gc,stats    ] 
[79.816s][info][gc,stats    ] Concurrent Reset                    586 us
[79.816s][info][gc,stats    ] Pause Init Mark (G)                 462 us
[79.816s][info][gc,stats    ] Pause Init Mark (N)                 262 us
[79.816s][info][gc,stats    ]   Update Region States              113 us
[79.816s][info][gc,stats    ] Concurrent Mark Roots               463 us, parallelism: 0.71x
[79.816s][info][gc,stats    ]   CMR: <total>                      328 us
[79.816s][info][gc,stats    ]   CMR: Thread Roots                 290 us, workers (us): 290, ---, ---, 
[79.816s][info][gc,stats    ]   CMR: VM Strong Roots                4 us, workers (us):   4, ---, ---, 
[79.816s][info][gc,stats    ]   CMR: CLDG Roots                    34 us, workers (us):  34, ---, ---, 
[79.816s][info][gc,stats    ] Concurrent Marking                 8168 us
[79.816s][info][gc,stats    ] Pause Final Mark (G)                504 us
[79.816s][info][gc,stats    ] Pause Final Mark (N)                387 us
[79.816s][info][gc,stats    ]   Finish Mark                       131 us
[79.816s][info][gc,stats    ]   Update Region States               90 us
[79.816s][info][gc,stats    ]   Choose Collection Set              62 us
[79.816s][info][gc,stats    ]   Rebuild Free Set                   17 us
[79.816s][info][gc,stats    ] Concurrent Weak References          120 us, parallelism: 0.04x
[79.816s][info][gc,stats    ]   CWRF: <total>                       5 us
[79.816s][info][gc,stats    ]   CWRF: Weak References               5 us, workers (us):   5, ---, ---, 
[79.816s][info][gc,stats    ] Concurrent Weak Roots               580 us
[79.816s][info][gc,stats    ]   Roots                             464 us, parallelism: 0.88x
[79.816s][info][gc,stats    ]     CWR: <total>                    410 us
[79.816s][info][gc,stats    ]     CWR: Code Cache Roots           342 us, workers (us): 342, ---, ---, 
[79.816s][info][gc,stats    ]     CWR: VM Weak Roots               63 us, workers (us):  63, ---, ---, 
[79.816s][info][gc,stats    ]     CWR: CLDG Roots                   5 us, workers (us):   5, ---, ---, 
[79.816s][info][gc,stats    ]   Rendezvous                         82 us
[79.816s][info][gc,stats    ] Concurrent Cleanup                   51 us
[79.816s][info][gc,stats    ] Concurrent Class Unloading         1869 us
[79.816s][info][gc,stats    ]   Unlink Stale                     1671 us
[79.816s][info][gc,stats    ]     System Dictionary                 3 us
[79.816s][info][gc,stats    ]     Weak Class Links                  0 us
[79.816s][info][gc,stats    ]     Code Roots                     1667 us
[79.816s][info][gc,stats    ]   Rendezvous                         56 us
[79.816s][info][gc,stats    ]   Purge Unlinked                     91 us
[79.816s][info][gc,stats    ]     Code Roots                       86 us
[79.816s][info][gc,stats    ]     CLDG                              5 us
[79.816s][info][gc,stats    ]     Exception Caches                  0 us
[79.816s][info][gc,stats    ] Pause Final Roots (G)               111 us
[79.816s][info][gc,stats    ] Pause Final Roots (N)                31 us
[79.817s][info][gc,stats    ] 
[79.817s][info][gc,stats    ] Allocation pacing accrued:
[79.817s][info][gc,stats    ]       0 of   475 ms (  0.0%): <total>
[79.817s][info][gc,stats    ]       0 of   475 ms (  0.0%): <average total>
[79.817s][info][gc,stats    ] 
[79.817s][info][gc,metaspace] Metaspace: 8967K(9216K)->8967K(9216K) NonClass: 7794K(7936K)->7794K(7936K) Class: 1172K(1280K)->1172K(1280K)
[79.817s][info][gc,ergo     ] Pacer for Idle. Initial: 83886K, Alloc Tax Rate: 1.0x
[80.273s][info][gc          ] Trigger: Learning 3 of 5. Free (2844M) is below initial threshold (2867M)
[80.273s][info][gc,ergo     ] Free: 2844M, Max: 2048K regular, 1746M humongous, Frag: 39% external, 0% internal; Reserve: 206M, Max: 2048K
[80.273s][info][gc,start    ] GC(112) Concurrent reset
[80.273s][info][gc,task     ] GC(112) Using 1 of 3 workers for concurrent reset
[80.273s][info][gc,ergo     ] GC(112) Pacer for Reset. Non-Taxable: 4096M
[80.274s][info][gc          ] GC(112) Concurrent reset 0.417ms
[80.274s][info][gc,start    ] GC(112) Pause Init Mark (unload classes)
[80.274s][info][gc,task     ] GC(112) Using 3 of 3 workers for init marking
[80.274s][info][gc,ergo     ] GC(112) Pacer for Mark. Expected Live: 9452K, Free: 2844M, Non-Taxable: 284M, Alloc Tax Rate: 0.0x
[80.274s][info][gc          ] GC(112) Pause Init Mark (unload classes) 0.170ms
[80.274s][info][gc,start    ] GC(112) Concurrent marking roots
[80.274s][info][gc,task     ] GC(112) Using 1 of 3 workers for concurrent marking roots
[80.275s][info][gc          ] GC(112) Concurrent marking roots 0.436ms
[80.275s][info][gc,start    ] GC(112) Concurrent marking (unload classes)
[80.275s][info][gc,task     ] GC(112) Using 1 of 3 workers for concurrent marking
[80.288s][info][gc          ] GC(112) Concurrent marking (unload classes) 13.400ms
[80.288s][info][gc,start    ] GC(112) Pause Final Mark (unload classes)
[80.288s][info][gc,task     ] GC(112) Using 3 of 3 workers for final marking
[80.288s][info][gc,ergo     ] GC(112) Collectable Garbage: 986M (95%), Immediate: 986M (95%), CSet: 0B (0%)
[80.288s][info][gc          ] GC(112) Pause Final Mark (unload classes) 0.340ms
[80.289s][info][gc,start    ] GC(112) Concurrent weak references
[80.289s][info][gc,task     ] GC(112) Using 1 of 3 workers for concurrent weak references
[80.289s][info][gc,ref      ] GC(112) Encountered references: Soft: 144, Weak: 702, Final: 0, Phantom: 27
[80.289s][info][gc,ref      ] GC(112) Discovered  references: Soft: 0, Weak: 150, Final: 0, Phantom: 12
[80.289s][info][gc,ref      ] GC(112) Enqueued    references: Soft: 0, Weak: 0, Final: 0, Phantom: 0
[80.289s][info][gc          ] GC(112) Concurrent weak references 0.172ms
[80.289s][info][gc,start    ] GC(112) Concurrent weak roots
[80.289s][info][gc,task     ] GC(112) Using 1 of 3 workers for concurrent weak root
[80.289s][info][gc          ] GC(112) Concurrent weak roots 0.666ms
[80.289s][info][gc,start    ] GC(112) Concurrent cleanup
[80.289s][info][gc          ] GC(112) Concurrent cleanup 1076M->90M(4096M) 0.054ms
[80.289s][info][gc,ergo     ] GC(112) Free: 3798M, Max: 2048K regular, 1722M humongous, Frag: 55% external, 0% internal; Reserve: 206M, Max: 2048K
[80.290s][info][gc,start    ] GC(112) Concurrent class unloading
[80.290s][info][gc,task     ] GC(112) Using 1 of 3 workers for concurrent class unloading
[80.292s][info][gc          ] GC(112) Concurrent class unloading 2.005ms
[80.292s][info][gc,start    ] GC(112) Pause Final Roots
[80.292s][info][gc          ] GC(112) Pause Final Roots 0.039ms
[80.292s][info][gc,ergo     ] Free: 3794M, Max: 2048K regular, 1722M humongous, Frag: 55% external, 0% internal; Reserve: 206M, Max: 2048K
[80.292s][info][gc,stats    ] 
[80.292s][info][gc,stats    ] All times are wall-clock times, except per-root-class counters, that are sum over
[80.292s][info][gc,stats    ] all workers. Dividing the <total> over the root stage time estimates parallelism.
[80.292s][info][gc,stats    ] 
[80.292s][info][gc,stats    ] Concurrent Reset                    472 us
[80.292s][info][gc,stats    ] Pause Init Mark (G)                 317 us
[80.292s][info][gc,stats    ] Pause Init Mark (N)                 187 us
[80.292s][info][gc,stats    ]   Update Region States               62 us
[80.292s][info][gc,stats    ] Concurrent Mark Roots               455 us, parallelism: 0.78x
[80.292s][info][gc,stats    ]   CMR: <total>                      354 us
[80.292s][info][gc,stats    ]   CMR: Thread Roots                 313 us, workers (us): 313, ---, ---, 
[80.292s][info][gc,stats    ]   CMR: VM Strong Roots                5 us, workers (us):   5, ---, ---, 
[80.292s][info][gc,stats    ]   CMR: CLDG Roots                    36 us, workers (us):  36, ---, ---, 
[80.292s][info][gc,stats    ] Concurrent Marking                13459 us
[80.292s][info][gc,stats    ] Pause Final Mark (G)                479 us
[80.292s][info][gc,stats    ] Pause Final Mark (N)                360 us
[80.292s][info][gc,stats    ]   Finish Mark                       106 us
[80.292s][info][gc,stats    ]   Update Region States               90 us
[80.292s][info][gc,stats    ]   Choose Collection Set              64 us
[80.292s][info][gc,stats    ]   Rebuild Free Set                   17 us
[80.292s][info][gc,stats    ] Concurrent Weak References          179 us, parallelism: 0.04x
[80.292s][info][gc,stats    ]   CWRF: <total>                       8 us
[80.292s][info][gc,stats    ]   CWRF: Weak References               8 us, workers (us):   8, ---, ---, 
[80.292s][info][gc,stats    ] Concurrent Weak Roots               690 us
[80.292s][info][gc,stats    ]   Roots                             565 us, parallelism: 0.87x
[80.292s][info][gc,stats    ]     CWR: <total>                    493 us
[80.292s][info][gc,stats    ]     CWR: Code Cache Roots           371 us, workers (us): 371, ---, ---, 
[80.292s][info][gc,stats    ]     CWR: VM Weak Roots              116 us, workers (us): 116, ---, ---, 
[80.292s][info][gc,stats    ]     CWR: CLDG Roots                   7 us, workers (us):   7, ---, ---, 
[80.292s][info][gc,stats    ]   Rendezvous                         82 us
[80.292s][info][gc,stats    ] Concurrent Cleanup                   62 us
[80.292s][info][gc,stats    ] Concurrent Class Unloading         2057 us
[80.292s][info][gc,stats    ]   Unlink Stale                     1719 us
[80.292s][info][gc,stats    ]     System Dictionary                 2 us
[80.292s][info][gc,stats    ]     Weak Class Links                  0 us
[80.292s][info][gc,stats    ]     Code Roots                     1715 us
[80.292s][info][gc,stats    ]   Rendezvous                        149 us
[80.292s][info][gc,stats    ]   Purge Unlinked                    118 us
[80.292s][info][gc,stats    ]     Code Roots                      109 us
[80.292s][info][gc,stats    ]     CLDG                              9 us
[80.292s][info][gc,stats    ]     Exception Caches                  0 us
[80.292s][info][gc,stats    ] Pause Final Roots (G)               170 us
[80.292s][info][gc,stats    ] Pause Final Roots (N)                57 us
[80.292s][info][gc,stats    ] 
[80.292s][info][gc,stats    ] Allocation pacing accrued:
[80.292s][info][gc,stats    ]       0 of   476 ms (  0.0%): <total>
[80.292s][info][gc,stats    ]       0 of   476 ms (  0.0%): <average total>
[80.292s][info][gc,stats    ] 
[80.292s][info][gc,metaspace] Metaspace: 8967K(9216K)->8967K(9216K) NonClass: 7794K(7936K)->7794K(7936K) Class: 1172K(1280K)->1172K(1280K)
[80.292s][info][gc,ergo     ] Pacer for Idle. Initial: 83886K, Alloc Tax Rate: 1.0x
[80.743s][info][gc          ] Trigger: Learning 4 of 5. Free (2840M) is below initial threshold (2867M)
[80.744s][info][gc,ergo     ] Free: 2840M, Max: 2048K regular, 1722M humongous, Frag: 40% external, 0% internal; Reserve: 206M, Max: 2048K
[80.744s][info][gc,start    ] GC(113) Concurrent reset
[80.744s][info][gc,task     ] GC(113) Using 1 of 3 workers for concurrent reset
[80.744s][info][gc,ergo     ] GC(113) Pacer for Reset. Non-Taxable: 4096M
[80.744s][info][gc          ] GC(113) Concurrent reset 0.572ms
[80.744s][info][gc,start    ] GC(113) Pause Init Mark (unload classes)
[80.744s][info][gc,task     ] GC(113) Using 3 of 3 workers for init marking
[80.745s][info][gc,ergo     ] GC(113) Pacer for Mark. Expected Live: 9453K, Free: 2838M, Non-Taxable: 283M, Alloc Tax Rate: 0.0x
[80.745s][info][gc          ] GC(113) Pause Init Mark (unload classes) 0.160ms
[80.745s][info][gc,start    ] GC(113) Concurrent marking roots
[80.745s][info][gc,task     ] GC(113) Using 1 of 3 workers for concurrent marking roots
[80.745s][info][gc          ] GC(113) Concurrent marking roots 0.441ms
[80.745s][info][gc,start    ] GC(113) Concurrent marking (unload classes)
[80.745s][info][gc,task     ] GC(113) Using 1 of 3 workers for concurrent marking
[80.762s][info][gc          ] GC(113) Concurrent marking (unload classes) 17.325ms
[80.763s][info][gc,start    ] GC(113) Pause Final Mark (unload classes)
[80.763s][info][gc,task     ] GC(113) Using 3 of 3 workers for final marking
[80.763s][info][gc,ergo     ] GC(113) Collectable Garbage: 980M (94%), Immediate: 980M (94%), CSet: 0B (0%)
[80.763s][info][gc          ] GC(113) Pause Final Mark (unload classes) 0.362ms
[80.763s][info][gc,start    ] GC(113) Concurrent weak references
[80.763s][info][gc,task     ] GC(113) Using 1 of 3 workers for concurrent weak references
[80.763s][info][gc,ref      ] GC(113) Encountered references: Soft: 144, Weak: 702, Final: 0, Phantom: 27
[80.763s][info][gc,ref      ] GC(113) Discovered  references: Soft: 0, Weak: 150, Final: 0, Phantom: 12
[80.763s][info][gc,ref      ] GC(113) Enqueued    references: Soft: 0, Weak: 0, Final: 0, Phantom: 0
[80.763s][info][gc          ] GC(113) Concurrent weak references 0.112ms
[80.763s][info][gc,start    ] GC(113) Concurrent weak roots
[80.763s][info][gc,task     ] GC(113) Using 1 of 3 workers for concurrent weak root
[80.764s][info][gc          ] GC(113) Concurrent weak roots 0.664ms
[80.764s][info][gc,start    ] GC(113) Concurrent cleanup
[80.764s][info][gc          ] GC(113) Concurrent cleanup 1090M->110M(4096M) 0.043ms
[80.764s][info][gc,ergo     ] GC(113) Free: 3780M, Max: 2048K regular, 1708M humongous, Frag: 55% external, 0% internal; Reserve: 206M, Max: 2048K
[80.764s][info][gc,start    ] GC(113) Concurrent class unloading
[80.764s][info][gc,task     ] GC(113) Using 1 of 3 workers for concurrent class unloading
[80.766s][info][gc          ] GC(113) Concurrent class unloading 1.770ms
[80.766s][info][gc,start    ] GC(113) Pause Final Roots
[80.766s][info][gc          ] GC(113) Pause Final Roots 0.024ms
[80.766s][info][gc,ergo     ] Free: 3776M, Max: 2048K regular, 1708M humongous, Frag: 55% external, 0% internal; Reserve: 206M, Max: 2048K
[80.766s][info][gc,stats    ] 
[80.766s][info][gc,stats    ] All times are wall-clock times, except per-root-class counters, that are sum over
[80.766s][info][gc,stats    ] all workers. Dividing the <total> over the root stage time estimates parallelism.
[80.766s][info][gc,stats    ] 
[80.766s][info][gc,stats    ] Concurrent Reset                    630 us
[80.766s][info][gc,stats    ] Pause Init Mark (G)                 348 us
[80.766s][info][gc,stats    ] Pause Init Mark (N)                 177 us
[80.766s][info][gc,stats    ]   Update Region States               70 us
[80.766s][info][gc,stats    ] Concurrent Mark Roots               459 us, parallelism: 0.74x
[80.766s][info][gc,stats    ]   CMR: <total>                      339 us
[80.766s][info][gc,stats    ]   CMR: Thread Roots                 298 us, workers (us): 298, ---, ---, 
[80.766s][info][gc,stats    ]   CMR: VM Strong Roots                5 us, workers (us):   5, ---, ---, 
[80.766s][info][gc,stats    ]   CMR: CLDG Roots                    36 us, workers (us):  36, ---, ---, 
[80.766s][info][gc,stats    ] Concurrent Marking                17390 us
[80.766s][info][gc,stats    ] Pause Final Mark (G)                495 us
[80.766s][info][gc,stats    ] Pause Final Mark (N)                381 us
[80.766s][info][gc,stats    ]   Finish Mark                       123 us
[80.766s][info][gc,stats    ]   Update Region States               89 us
[80.766s][info][gc,stats    ]   Choose Collection Set              63 us
[80.766s][info][gc,stats    ]   Rebuild Free Set                   17 us
[80.766s][info][gc,stats    ] Concurrent Weak References          119 us, parallelism: 0.04x
[80.766s][info][gc,stats    ]   CWRF: <total>                       5 us
[80.766s][info][gc,stats    ]   CWRF: Weak References               5 us, workers (us):   5, ---, ---, 
[80.766s][info][gc,stats    ] Concurrent Weak Roots               683 us
[80.766s][info][gc,stats    ]   Roots                             566 us, parallelism: 0.92x
[80.766s][info][gc,stats    ]     CWR: <total>                    522 us
[80.766s][info][gc,stats    ]     CWR: Code Cache Roots           406 us, workers (us): 406, ---, ---, 
[80.766s][info][gc,stats    ]     CWR: VM Weak Roots              110 us, workers (us): 110, ---, ---, 
[80.766s][info][gc,stats    ]     CWR: CLDG Roots                   6 us, workers (us):   6, ---, ---, 
[80.766s][info][gc,stats    ]   Rendezvous                         82 us
[80.766s][info][gc,stats    ] Concurrent Cleanup                   52 us
[80.766s][info][gc,stats    ] Concurrent Class Unloading         1803 us
[80.766s][info][gc,stats    ]   Unlink Stale                     1608 us
[80.766s][info][gc,stats    ]     System Dictionary                 3 us
[80.766s][info][gc,stats    ]     Weak Class Links                  0 us
[80.766s][info][gc,stats    ]     Code Roots                     1604 us
[80.766s][info][gc,stats    ]   Rendezvous                         62 us
[80.766s][info][gc,stats    ]   Purge Unlinked                     84 us
[80.766s][info][gc,stats    ]     Code Roots                       78 us
[80.766s][info][gc,stats    ]     CLDG                              5 us
[80.766s][info][gc,stats    ]     Exception Caches                  0 us
[80.766s][info][gc,stats    ] Pause Final Roots (G)               113 us
[80.766s][info][gc,stats    ] Pause Final Roots (N)                32 us
[80.766s][info][gc,stats    ] 
[80.766s][info][gc,stats    ] Allocation pacing accrued:
[80.766s][info][gc,stats    ]       0 of   474 ms (  0.0%): <total>
[80.766s][info][gc,stats    ]       0 of   474 ms (  0.0%): <average total>
[80.766s][info][gc,stats    ] 
[80.766s][info][gc,metaspace] Metaspace: 8967K(9216K)->8967K(9216K) NonClass: 7794K(7936K)->7794K(7936K) Class: 1172K(1280K)->1172K(1280K)
[80.766s][info][gc,ergo     ] Pacer for Idle. Initial: 83886K, Alloc Tax Rate: 1.0x
[81.199s][info][gc          ] Trigger: Learning 5 of 5. Free (2838M) is below initial threshold (2867M)
[81.199s][info][gc,ergo     ] Free: 2838M, Max: 2048K regular, 1708M humongous, Frag: 40% external, 0% internal; Reserve: 206M, Max: 2048K
[81.199s][info][gc,start    ] GC(114) Concurrent reset
[81.199s][info][gc,task     ] GC(114) Using 1 of 3 workers for concurrent reset
[81.199s][info][gc,ergo     ] GC(114) Pacer for Reset. Non-Taxable: 4096M
[81.200s][info][gc          ] GC(114) Concurrent reset 0.525ms
[81.200s][info][gc,start    ] GC(114) Pause Init Mark (unload classes)
[81.200s][info][gc,task     ] GC(114) Using 3 of 3 workers for init marking
[81.200s][info][gc,ergo     ] GC(114) Pacer for Mark. Expected Live: 9458K, Free: 2836M, Non-Taxable: 283M, Alloc Tax Rate: 0.0x
[81.200s][info][gc          ] GC(114) Pause Init Mark (unload classes) 0.179ms
[81.200s][info][gc,start    ] GC(114) Concurrent marking roots
[81.200s][info][gc,task     ] GC(114) Using 1 of 3 workers for concurrent marking roots
[81.201s][info][gc          ] GC(114) Concurrent marking roots 0.407ms
[81.201s][info][gc,start    ] GC(114) Concurrent marking (unload classes)
[81.201s][info][gc,task     ] GC(114) Using 1 of 3 workers for concurrent marking
[81.222s][info][gc          ] GC(114) Concurrent marking (unload classes) 21.083ms
[81.222s][info][gc,start    ] GC(114) Pause Final Mark (unload classes)
[81.222s][info][gc,task     ] GC(114) Using 3 of 3 workers for final marking
[81.222s][info][gc,ergo     ] GC(114) Collectable Garbage: 974M (93%), Immediate: 974M (93%), CSet: 0B (0%)
[81.222s][info][gc          ] GC(114) Pause Final Mark (unload classes) 0.356ms
[81.222s][info][gc,start    ] GC(114) Concurrent weak references
[81.222s][info][gc,task     ] GC(114) Using 1 of 3 workers for concurrent weak references
[81.222s][info][gc,ref      ] GC(114) Encountered references: Soft: 144, Weak: 702, Final: 0, Phantom: 27
[81.222s][info][gc,ref      ] GC(114) Discovered  references: Soft: 0, Weak: 150, Final: 0, Phantom: 12
[81.222s][info][gc,ref      ] GC(114) Enqueued    references: Soft: 0, Weak: 0, Final: 0, Phantom: 0
[81.222s][info][gc          ] GC(114) Concurrent weak references 0.144ms
[81.223s][info][gc,start    ] GC(114) Concurrent weak roots
[81.223s][info][gc,task     ] GC(114) Using 1 of 3 workers for concurrent weak root
[81.223s][info][gc          ] GC(114) Concurrent weak roots 0.547ms
[81.223s][info][gc,start    ] GC(114) Concurrent cleanup
[81.223s][info][gc          ] GC(114) Concurrent cleanup 1100M->126M(4096M) 0.044ms
[81.223s][info][gc,ergo     ] GC(114) Free: 3764M, Max: 2048K regular, 1698M humongous, Frag: 55% external, 0% internal; Reserve: 206M, Max: 2048K
[81.223s][info][gc,start    ] GC(114) Concurrent class unloading
[81.223s][info][gc,task     ] GC(114) Using 1 of 3 workers for concurrent class unloading
[81.225s][info][gc          ] GC(114) Concurrent class unloading 1.773ms
[81.225s][info][gc,start    ] GC(114) Pause Final Roots
[81.225s][info][gc          ] GC(114) Pause Final Roots 0.050ms
[81.225s][info][gc,ergo     ] Free: 3764M, Max: 2048K regular, 1698M humongous, Frag: 55% external, 0% internal; Reserve: 206M, Max: 2048K
[81.225s][info][gc,stats    ] 
[81.225s][info][gc,stats    ] All times are wall-clock times, except per-root-class counters, that are sum over
[81.225s][info][gc,stats    ] all workers. Dividing the <total> over the root stage time estimates parallelism.
[81.225s][info][gc,stats    ] 
[81.225s][info][gc,stats    ] Concurrent Reset                    582 us
[81.225s][info][gc,stats    ] Pause Init Mark (G)                 354 us
[81.225s][info][gc,stats    ] Pause Init Mark (N)                 196 us
[81.225s][info][gc,stats    ]   Update Region States               73 us
[81.225s][info][gc,stats    ] Concurrent Mark Roots               425 us, parallelism: 0.80x
[81.225s][info][gc,stats    ]   CMR: <total>                      338 us
[81.225s][info][gc,stats    ]   CMR: Thread Roots                 298 us, workers (us): 298, ---, ---, 
[81.225s][info][gc,stats    ]   CMR: VM Strong Roots                5 us, workers (us):   5, ---, ---, 
[81.225s][info][gc,stats    ]   CMR: CLDG Roots                    35 us, workers (us):  35, ---, ---, 
[81.225s][info][gc,stats    ] Concurrent Marking                21144 us
[81.225s][info][gc,stats    ] Pause Final Mark (G)                536 us
[81.225s][info][gc,stats    ] Pause Final Mark (N)                376 us
[81.225s][info][gc,stats    ]   Finish Mark                       114 us
[81.226s][info][gc,stats    ]   Update Region States               88 us
[81.226s][info][gc,stats    ]   Choose Collection Set              64 us
[81.226s][info][gc,stats    ]   Rebuild Free Set                   17 us
[81.226s][info][gc,stats    ] Concurrent Weak References          160 us, parallelism: 0.04x
[81.226s][info][gc,stats    ]   CWRF: <total>                       7 us
[81.226s][info][gc,stats    ]   CWRF: Weak References               7 us, workers (us):   7, ---, ---, 
[81.226s][info][gc,stats    ] Concurrent Weak Roots               565 us
[81.226s][info][gc,stats    ]   Roots                             432 us, parallelism: 0.88x
[81.226s][info][gc,stats    ]     CWR: <total>                    379 us
[81.226s][info][gc,stats    ]     CWR: Code Cache Roots           313 us, workers (us): 313, ---, ---, 
[81.226s][info][gc,stats    ]     CWR: VM Weak Roots               61 us, workers (us):  61, ---, ---, 
[81.226s][info][gc,stats    ]     CWR: CLDG Roots                   5 us, workers (us):   5, ---, ---, 
[81.226s][info][gc,stats    ]   Rendezvous                         83 us
[81.226s][info][gc,stats    ] Concurrent Cleanup                   52 us
[81.226s][info][gc,stats    ] Concurrent Class Unloading         1824 us
[81.226s][info][gc,stats    ]   Unlink Stale                     1573 us
[81.226s][info][gc,stats    ]     System Dictionary                 2 us
[81.226s][info][gc,stats    ]     Weak Class Links                  0 us
[81.226s][info][gc,stats    ]     Code Roots                     1569 us
[81.226s][info][gc,stats    ]   Rendezvous                         82 us
[81.226s][info][gc,stats    ]   Purge Unlinked                    100 us
[81.226s][info][gc,stats    ]     Code Roots                       91 us
[81.226s][info][gc,stats    ]     CLDG                              8 us
[81.226s][info][gc,stats    ]     Exception Caches                  0 us
[81.226s][info][gc,stats    ] Pause Final Roots (G)               199 us
[81.226s][info][gc,stats    ] Pause Final Roots (N)                68 us
[81.226s][info][gc,stats    ] 
[81.226s][info][gc,stats    ] Allocation pacing accrued:
[81.226s][info][gc,stats    ]       0 of   459 ms (  0.0%): <total>
[81.226s][info][gc,stats    ]       0 of   459 ms (  0.0%): <average total>
[81.226s][info][gc,stats    ] 
[81.226s][info][gc,metaspace] Metaspace: 8967K(9216K)->8967K(9216K) NonClass: 7794K(7936K)->7794K(7936K) Class: 1172K(1280K)->1172K(1280K)
[81.226s][info][gc,ergo     ] Pacer for Idle. Initial: 83886K, Alloc Tax Rate: 1.0x
[82.863s][info][gc          ] Trigger: Explicit GC request (System.gc())
[82.863s][info][gc,ergo     ] Free: 964M, Max: 2048K regular, 964M humongous, Frag: 0% external, 0% internal; Reserve: 206M, Max: 2048K
[82.863s][info][gc,start    ] GC(115) Concurrent reset
[82.863s][info][gc,task     ] GC(115) Using 1 of 3 workers for concurrent reset
[82.863s][info][gc,ergo     ] GC(115) Pacer for Reset. Non-Taxable: 4096M
[82.864s][info][gc          ] GC(115) Concurrent reset 0.766ms
[82.864s][info][gc,start    ] GC(115) Pause Init Mark (unload classes)
[82.864s][info][gc,task     ] GC(115) Using 3 of 3 workers for init marking
[82.864s][info][gc,ref      ] GC(115) Clearing All SoftReferences
[82.864s][info][gc,ergo     ] GC(115) Pacer for Mark. Expected Live: 9462K, Free: 964M, Non-Taxable: 98713K, Alloc Tax Rate: 0.0x
[82.864s][info][gc          ] GC(115) Pause Init Mark (unload classes) 0.296ms
[82.864s][info][gc,start    ] GC(115) Concurrent marking roots
[82.864s][info][gc,task     ] GC(115) Using 1 of 3 workers for concurrent marking roots
[82.865s][info][gc          ] GC(115) Concurrent marking roots 0.513ms
[82.865s][info][gc,start    ] GC(115) Concurrent marking (unload classes)
[82.865s][info][gc,task     ] GC(115) Using 1 of 3 workers for concurrent marking
[82.869s][info][gc          ] GC(115) Concurrent marking (unload classes) 3.952ms
[82.869s][info][gc,start    ] GC(115) Pause Final Mark (unload classes)
[82.869s][info][gc,task     ] GC(115) Using 3 of 3 workers for final marking
[82.869s][info][gc,ergo     ] GC(115) Collectable Garbage: 2890M (98%), Immediate: 2890M (98%), CSet: 0B (0%)
[82.869s][info][gc          ] GC(115) Pause Final Mark (unload classes) 0.504ms
[82.869s][info][gc,start    ] GC(115) Concurrent weak references
[82.869s][info][gc,task     ] GC(115) Using 1 of 3 workers for concurrent weak references
[82.869s][info][gc,ref      ] GC(115) Encountered references: Soft: 144, Weak: 702, Final: 0, Phantom: 27
[82.869s][info][gc,ref      ] GC(115) Discovered  references: Soft: 88, Weak: 168, Final: 0, Phantom: 25
[82.869s][info][gc,ref      ] GC(115) Enqueued    references: Soft: 3, Weak: 0, Final: 0, Phantom: 0
[82.869s][info][gc          ] GC(115) Concurrent weak references 0.155ms
[82.869s][info][gc,start    ] GC(115) Concurrent weak roots
[82.869s][info][gc,task     ] GC(115) Using 1 of 3 workers for concurrent weak root
[82.870s][info][gc          ] GC(115) Concurrent weak roots 0.684ms
[82.870s][info][gc,start    ] GC(115) Concurrent cleanup
[82.870s][info][gc          ] GC(115) Concurrent cleanup 2926M->36M(4096M) 0.082ms
[82.870s][info][gc,ergo     ] GC(115) Free: 3854M, Max: 2048K regular, 2720M humongous, Frag: 30% external, 0% internal; Reserve: 206M, Max: 2048K
[82.870s][info][gc,start    ] GC(115) Concurrent class unloading
[82.870s][info][gc,task     ] GC(115) Using 1 of 3 workers for concurrent class unloading
[82.872s][info][gc          ] GC(115) Concurrent class unloading 2.245ms
[82.873s][info][gc,start    ] GC(115) Pause Final Roots
[82.873s][info][gc          ] GC(115) Pause Final Roots 0.047ms
[82.873s][info][gc,ergo     ] Free: 3854M, Max: 2048K regular, 2720M humongous, Frag: 30% external, 0% internal; Reserve: 206M, Max: 2048K
[82.873s][info][gc,stats    ] 
[82.873s][info][gc,stats    ] All times are wall-clock times, except per-root-class counters, that are sum over
[82.873s][info][gc,stats    ] all workers. Dividing the <total> over the root stage time estimates parallelism.
[82.873s][info][gc,stats    ] 
[82.873s][info][gc,stats    ] Concurrent Reset                    854 us
[82.873s][info][gc,stats    ] Pause Init Mark (G)                 458 us
[82.873s][info][gc,stats    ] Pause Init Mark (N)                 315 us
[82.873s][info][gc,stats    ]   Update Region States              122 us
[82.873s][info][gc,stats    ] Concurrent Mark Roots               533 us, parallelism: 0.67x
[82.873s][info][gc,stats    ]   CMR: <total>                      358 us
[82.873s][info][gc,stats    ]   CMR: Thread Roots                 308 us, workers (us): 308, ---, ---, 
[82.873s][info][gc,stats    ]   CMR: VM Strong Roots                6 us, workers (us):   6, ---, ---, 
[82.873s][info][gc,stats    ]   CMR: CLDG Roots                    43 us, workers (us):  43, ---, ---, 
[82.873s][info][gc,stats    ] Concurrent Marking                 4004 us
[82.873s][info][gc,stats    ] Pause Final Mark (G)                624 us
[82.873s][info][gc,stats    ] Pause Final Mark (N)                523 us
[82.873s][info][gc,stats    ]   Finish Mark                        92 us
[82.873s][info][gc,stats    ]   Update Region States              191 us
[82.873s][info][gc,stats    ]   Choose Collection Set             101 us
[82.873s][info][gc,stats    ]   Rebuild Free Set                   24 us
[82.873s][info][gc,stats    ] Concurrent Weak References          163 us, parallelism: 0.12x
[82.873s][info][gc,stats    ]   CWRF: <total>                      20 us
[82.873s][info][gc,stats    ]   CWRF: Weak References              20 us, workers (us):  20, ---, ---, 
[82.873s][info][gc,stats    ] Concurrent Weak Roots               706 us
[82.873s][info][gc,stats    ]   Roots                             594 us, parallelism: 0.87x
[82.873s][info][gc,stats    ]     CWR: <total>                    515 us
[82.873s][info][gc,stats    ]     CWR: Code Cache Roots           395 us, workers (us): 395, ---, ---, 
[82.873s][info][gc,stats    ]     CWR: VM Weak Roots              114 us, workers (us): 114, ---, ---, 
[82.873s][info][gc,stats    ]     CWR: CLDG Roots                   6 us, workers (us):   6, ---, ---, 
[82.873s][info][gc,stats    ]   Rendezvous                         74 us
[82.873s][info][gc,stats    ] Concurrent Cleanup                   90 us
[82.873s][info][gc,stats    ] Concurrent Class Unloading         2298 us
[82.873s][info][gc,stats    ]   Unlink Stale                     1977 us
[82.873s][info][gc,stats    ]     System Dictionary                 7 us
[82.873s][info][gc,stats    ]     Weak Class Links                  1 us
[82.873s][info][gc,stats    ]     Code Roots                     1968 us
[82.873s][info][gc,stats    ]   Rendezvous                        129 us
[82.873s][info][gc,stats    ]   Purge Unlinked                    121 us
[82.873s][info][gc,stats    ]     Code Roots                      111 us
[82.873s][info][gc,stats    ]     CLDG                              9 us
[82.873s][info][gc,stats    ]     Exception Caches                  1 us
[82.873s][info][gc,stats    ] Pause Final Roots (G)               135 us
[82.873s][info][gc,stats    ] Pause Final Roots (N)                57 us
[82.873s][info][gc,stats    ] 
[82.873s][info][gc,stats    ] Allocation pacing accrued:
[82.873s][info][gc,stats    ]       0 of  1647 ms (  0.0%): <total>
[82.873s][info][gc,stats    ]       0 of  1647 ms (  0.0%): <average total>
[82.873s][info][gc,stats    ] 
[82.873s][info][gc,metaspace] Metaspace: 8967K(9216K)->8967K(9216K) NonClass: 7794K(7936K)->7795K(7936K) Class: 1172K(1280K)->1172K(1280K)
[82.873s][info][gc,ergo     ] Pacer for Idle. Initial: 83886K, Alloc Tax Rate: 1.0x
[83.334s][info][gc          ] Trigger: Learning 2 of 5. Free (2860M) is below initial threshold (2867M)
[83.334s][info][gc,ergo     ] Free: 2860M, Max: 2048K regular, 1770M humongous, Frag: 39% external, 0% internal; Reserve: 206M, Max: 2048K
[83.334s][info][gc,start    ] GC(116) Concurrent reset
[83.334s][info][gc,task     ] GC(116) Using 1 of 3 workers for concurrent reset
[83.334s][info][gc,ergo     ] GC(116) Pacer for Reset. Non-Taxable: 4096M
[83.334s][info][gc          ] GC(116) Concurrent reset 0.439ms
[83.334s][info][gc,start    ] GC(116) Pause Init Mark (unload classes)
[83.334s][info][gc,task     ] GC(116) Using 3 of 3 workers for init marking
[83.334s][info][gc,ergo     ] GC(116) Pacer for Mark. Expected Live: 9462K, Free: 2858M, Non-Taxable: 285M, Alloc Tax Rate: 0.0x
[83.334s][info][gc          ] GC(116) Pause Init Mark (unload classes) 0.159ms
[83.334s][info][gc,start    ] GC(116) Concurrent marking roots
[83.335s][info][gc,task     ] GC(116) Using 1 of 3 workers for concurrent marking roots
[83.335s][info][gc          ] GC(116) Concurrent marking roots 0.810ms
[83.335s][info][gc,start    ] GC(116) Concurrent marking (unload classes)
[83.335s][info][gc,task     ] GC(116) Using 1 of 3 workers for concurrent marking
[83.343s][info][gc          ] GC(116) Concurrent marking (unload classes) 8.018ms
[83.343s][info][gc,start    ] GC(116) Pause Final Mark (unload classes)
[83.343s][info][gc,task     ] GC(116) Using 3 of 3 workers for final marking
[83.344s][info][gc,ergo     ] GC(116) Collectable Garbage: 978M (95%), Immediate: 978M (95%), CSet: 0B (0%)
[83.344s][info][gc          ] GC(116) Pause Final Mark (unload classes) 0.310ms
[83.344s][info][gc,start    ] GC(116) Concurrent weak references
[83.344s][info][gc,task     ] GC(116) Using 1 of 3 workers for concurrent weak references
[83.344s][info][gc,ref      ] GC(116) Encountered references: Soft: 144, Weak: 702, Final: 0, Phantom: 27
[83.344s][info][gc,ref      ] GC(116) Discovered  references: Soft: 0, Weak: 150, Final: 0, Phantom: 12
[83.344s][info][gc,ref      ] GC(116) Enqueued    references: Soft: 0, Weak: 0, Final: 0, Phantom: 0
[83.344s][info][gc          ] GC(116) Concurrent weak references 0.125ms
[83.344s][info][gc,start    ] GC(116) Concurrent weak roots
[83.344s][info][gc,task     ] GC(116) Using 1 of 3 workers for concurrent weak root
[83.344s][info][gc          ] GC(116) Concurrent weak roots 0.546ms
[83.344s][info][gc,start    ] GC(116) Concurrent cleanup
[83.345s][info][gc          ] GC(116) Concurrent cleanup 1052M->74M(4096M) 0.048ms
[83.345s][info][gc,ergo     ] GC(116) Free: 3816M, Max: 2048K regular, 1748M humongous, Frag: 55% external, 0% internal; Reserve: 206M, Max: 2048K
[83.345s][info][gc,start    ] GC(116) Concurrent class unloading
[83.345s][info][gc,task     ] GC(116) Using 1 of 3 workers for concurrent class unloading
[83.347s][info][gc          ] GC(116) Concurrent class unloading 2.145ms
[83.347s][info][gc,start    ] GC(116) Pause Final Roots
[83.347s][info][gc          ] GC(116) Pause Final Roots 0.023ms
[83.347s][info][gc,ergo     ] Free: 3810M, Max: 2048K regular, 1748M humongous, Frag: 55% external, 0% internal; Reserve: 206M, Max: 2048K
[83.347s][info][gc,stats    ] 
[83.347s][info][gc,stats    ] All times are wall-clock times, except per-root-class counters, that are sum over
[83.347s][info][gc,stats    ] all workers. Dividing the <total> over the root stage time estimates parallelism.
[83.347s][info][gc,stats    ] 
[83.347s][info][gc,stats    ] Concurrent Reset                    495 us
[83.347s][info][gc,stats    ] Pause Init Mark (G)                 324 us
[83.347s][info][gc,stats    ] Pause Init Mark (N)                 176 us
[83.347s][info][gc,stats    ]   Update Region States               70 us
[83.347s][info][gc,stats    ] Concurrent Mark Roots               820 us, parallelism: 0.88x
[83.347s][info][gc,stats    ]   CMR: <total>                      724 us
[83.347s][info][gc,stats    ]   CMR: Thread Roots                 651 us, workers (us): 651, ---, ---, 
[83.347s][info][gc,stats    ]   CMR: VM Strong Roots                7 us, workers (us):   7, ---, ---, 
[83.347s][info][gc,stats    ]   CMR: CLDG Roots                    65 us, workers (us):  65, ---, ---, 
[83.347s][info][gc,stats    ] Concurrent Marking                 8045 us
[83.347s][info][gc,stats    ] Pause Final Mark (G)                423 us
[83.347s][info][gc,stats    ] Pause Final Mark (N)                329 us
[83.347s][info][gc,stats    ]   Finish Mark                       105 us
[83.347s][info][gc,stats    ]   Update Region States               68 us
[83.347s][info][gc,stats    ]   Choose Collection Set              60 us
[83.347s][info][gc,stats    ]   Rebuild Free Set                   16 us
[83.347s][info][gc,stats    ] Concurrent Weak References          139 us, parallelism: 0.03x
[83.347s][info][gc,stats    ]   CWRF: <total>                       4 us
[83.347s][info][gc,stats    ]   CWRF: Weak References               4 us, workers (us):   4, ---, ---, 
[83.347s][info][gc,stats    ] Concurrent Weak Roots               561 us
[83.347s][info][gc,stats    ]   Roots                             451 us, parallelism: 0.92x
[83.347s][info][gc,stats    ]     CWR: <total>                    413 us
[83.347s][info][gc,stats    ]     CWR: Code Cache Roots           344 us, workers (us): 344, ---, ---, 
[83.347s][info][gc,stats    ]     CWR: VM Weak Roots               65 us, workers (us):  65, ---, ---, 
[83.347s][info][gc,stats    ]     CWR: CLDG Roots                   5 us, workers (us):   5, ---, ---, 
[83.347s][info][gc,stats    ]   Rendezvous                         66 us
[83.347s][info][gc,stats    ] Concurrent Cleanup                   56 us
[83.347s][info][gc,stats    ] Concurrent Class Unloading         2169 us
[83.347s][info][gc,stats    ]   Unlink Stale                     2008 us
[83.347s][info][gc,stats    ]     System Dictionary                 3 us
[83.347s][info][gc,stats    ]     Weak Class Links                  0 us
[83.347s][info][gc,stats    ]     Code Roots                     2004 us
[83.347s][info][gc,stats    ]   Rendezvous                         45 us
[83.347s][info][gc,stats    ]   Purge Unlinked                     76 us
[83.347s][info][gc,stats    ]     Code Roots                       70 us
[83.347s][info][gc,stats    ]     CLDG                              5 us
[83.347s][info][gc,stats    ]     Exception Caches                  0 us
[83.347s][info][gc,stats    ] Pause Final Roots (G)               102 us
[83.348s][info][gc,stats    ] Pause Final Roots (N)                31 us
[83.348s][info][gc,stats    ] 
[83.348s][info][gc,stats    ] Allocation pacing accrued:
[83.348s][info][gc,stats    ]       0 of   474 ms (  0.0%): <total>
[83.348s][info][gc,stats    ]       0 of   474 ms (  0.0%): <average total>
[83.348s][info][gc,stats    ] 
[83.348s][info][gc,metaspace] Metaspace: 8968K(9216K)->8968K(9216K) NonClass: 7795K(7936K)->7795K(7936K) Class: 1172K(1280K)->1172K(1280K)
[83.348s][info][gc,ergo     ] Pacer for Idle. Initial: 83886K, Alloc Tax Rate: 1.0x
[83.804s][info][gc          ] Trigger: Learning 3 of 5. Free (2844M) is below initial threshold (2867M)
[83.804s][info][gc,ergo     ] Free: 2844M, Max: 2048K regular, 1748M humongous, Frag: 39% external, 0% internal; Reserve: 206M, Max: 2048K
[83.804s][info][gc,start    ] GC(117) Concurrent reset
[83.804s][info][gc,task     ] GC(117) Using 1 of 3 workers for concurrent reset
[83.804s][info][gc,ergo     ] GC(117) Pacer for Reset. Non-Taxable: 4096M
[83.805s][info][gc          ] GC(117) Concurrent reset 0.583ms
[83.805s][info][gc,start    ] GC(117) Pause Init Mark (unload classes)
[83.805s][info][gc,task     ] GC(117) Using 3 of 3 workers for init marking
[83.805s][info][gc,ergo     ] GC(117) Pacer for Mark. Expected Live: 9460K, Free: 2842M, Non-Taxable: 284M, Alloc Tax Rate: 0.0x
[83.805s][info][gc          ] GC(117) Pause Init Mark (unload classes) 0.177ms
[83.805s][info][gc,start    ] GC(117) Concurrent marking roots
[83.805s][info][gc,task     ] GC(117) Using 1 of 3 workers for concurrent marking roots
[83.806s][info][gc          ] GC(117) Concurrent marking roots 0.413ms
[83.806s][info][gc,start    ] GC(117) Concurrent marking (unload classes)
[83.806s][info][gc,task     ] GC(117) Using 1 of 3 workers for concurrent marking
[83.819s][info][gc          ] GC(117) Concurrent marking (unload classes) 13.306ms
[83.819s][info][gc,start    ] GC(117) Pause Final Mark (unload classes)
[83.819s][info][gc,task     ] GC(117) Using 3 of 3 workers for final marking
[83.819s][info][gc,ergo     ] GC(117) Collectable Garbage: 986M (94%), Immediate: 986M (94%), CSet: 0B (0%)
[83.819s][info][gc          ] GC(117) Pause Final Mark (unload classes) 0.311ms
[83.819s][info][gc,start    ] GC(117) Concurrent weak references
[83.820s][info][gc,task     ] GC(117) Using 1 of 3 workers for concurrent weak references
[83.820s][info][gc,ref      ] GC(117) Encountered references: Soft: 144, Weak: 702, Final: 0, Phantom: 27
[83.820s][info][gc,ref      ] GC(117) Discovered  references: Soft: 0, Weak: 150, Final: 0, Phantom: 12
[83.820s][info][gc,ref      ] GC(117) Enqueued    references: Soft: 0, Weak: 0, Final: 0, Phantom: 0
[83.820s][info][gc          ] GC(117) Concurrent weak references 0.185ms
[83.820s][info][gc,start    ] GC(117) Concurrent weak roots
[83.820s][info][gc,task     ] GC(117) Using 1 of 3 workers for concurrent weak root
[83.820s][info][gc          ] GC(117) Concurrent weak roots 0.605ms
[83.820s][info][gc,start    ] GC(117) Concurrent cleanup
[83.820s][info][gc          ] GC(117) Concurrent cleanup 1078M->92M(4096M) 0.046ms
[83.820s][info][gc,ergo     ] GC(117) Free: 3798M, Max: 2048K regular, 1720M humongous, Frag: 55% external, 0% internal; Reserve: 206M, Max: 2048K
[83.820s][info][gc,start    ] GC(117) Concurrent class unloading
[83.820s][info][gc,task     ] GC(117) Using 1 of 3 workers for concurrent class unloading
[83.822s][info][gc          ] GC(117) Concurrent class unloading 2.001ms
[83.822s][info][gc,start    ] GC(117) Pause Final Roots
[83.822s][info][gc          ] GC(117) Pause Final Roots 0.020ms
[83.823s][info][gc,ergo     ] Free: 3792M, Max: 2048K regular, 1720M humongous, Frag: 55% external, 0% internal; Reserve: 206M, Max: 2048K
[83.823s][info][gc,stats    ] 
[83.823s][info][gc,stats    ] All times are wall-clock times, except per-root-class counters, that are sum over
[83.823s][info][gc,stats    ] all workers. Dividing the <total> over the root stage time estimates parallelism.
[83.823s][info][gc,stats    ] 
[83.823s][info][gc,stats    ] Concurrent Reset                    650 us
[83.823s][info][gc,stats    ] Pause Init Mark (G)                 326 us
[83.823s][info][gc,stats    ] Pause Init Mark (N)                 193 us
[83.823s][info][gc,stats    ]   Update Region States               72 us
[83.823s][info][gc,stats    ] Concurrent Mark Roots               431 us, parallelism: 0.76x
[83.823s][info][gc,stats    ]   CMR: <total>                      329 us
[83.823s][info][gc,stats    ]   CMR: Thread Roots                 291 us, workers (us): 291, ---, ---, 
[83.823s][info][gc,stats    ]   CMR: VM Strong Roots                5 us, workers (us):   5, ---, ---, 
[83.823s][info][gc,stats    ]   CMR: CLDG Roots                    34 us, workers (us):  34, ---, ---, 
[83.823s][info][gc,stats    ] Concurrent Marking                13365 us
[83.823s][info][gc,stats    ] Pause Final Mark (G)                449 us
[83.823s][info][gc,stats    ] Pause Final Mark (N)                330 us
[83.823s][info][gc,stats    ]   Finish Mark                       105 us
[83.823s][info][gc,stats    ]   Update Region States               64 us
[83.823s][info][gc,stats    ]   Choose Collection Set              62 us
[83.823s][info][gc,stats    ]   Rebuild Free Set                   17 us
[83.823s][info][gc,stats    ] Concurrent Weak References          201 us, parallelism: 0.03x
[83.823s][info][gc,stats    ]   CWRF: <total>                       6 us
[83.823s][info][gc,stats    ]   CWRF: Weak References               6 us, workers (us):   6, ---, ---, 
[83.823s][info][gc,stats    ] Concurrent Weak Roots               629 us
[83.823s][info][gc,stats    ]   Roots                             488 us, parallelism: 0.88x
[83.823s][info][gc,stats    ]     CWR: <total>                    432 us
[83.823s][info][gc,stats    ]     CWR: Code Cache Roots           361 us, workers (us): 361, ---, ---, 
[83.823s][info][gc,stats    ]     CWR: VM Weak Roots               65 us, workers (us):  65, ---, ---, 
[83.823s][info][gc,stats    ]     CWR: CLDG Roots                   6 us, workers (us):   6, ---, ---, 
[83.823s][info][gc,stats    ]   Rendezvous                         85 us
[83.823s][info][gc,stats    ] Concurrent Cleanup                   54 us
[83.823s][info][gc,stats    ] Concurrent Class Unloading         2052 us
[83.823s][info][gc,stats    ]   Unlink Stale                     1706 us
[83.823s][info][gc,stats    ]     System Dictionary                 3 us
[83.823s][info][gc,stats    ]     Weak Class Links                  0 us
[83.823s][info][gc,stats    ]     Code Roots                     1702 us
[83.823s][info][gc,stats    ]   Rendezvous                        121 us
[83.823s][info][gc,stats    ]   Purge Unlinked                    155 us
[83.823s][info][gc,stats    ]     Code Roots                      145 us
[83.823s][info][gc,stats    ]     CLDG                              9 us
[83.823s][info][gc,stats    ]     Exception Caches                  0 us
[83.823s][info][gc,stats    ] Pause Final Roots (G)               114 us
[83.823s][info][gc,stats    ] Pause Final Roots (N)                28 us
[83.823s][info][gc,stats    ] 
[83.823s][info][gc,stats    ] Allocation pacing accrued:
[83.823s][info][gc,stats    ]       0 of   476 ms (  0.0%): <total>
[83.823s][info][gc,stats    ]       0 of   476 ms (  0.0%): <average total>
[83.823s][info][gc,stats    ] 
[83.823s][info][gc,metaspace] Metaspace: 8968K(9216K)->8968K(9216K) NonClass: 7795K(7936K)->7795K(7936K) Class: 1172K(1280K)->1172K(1280K)
[83.823s][info][gc,ergo     ] Pacer for Idle. Initial: 83886K, Alloc Tax Rate: 1.0x
[84.275s][info][gc          ] Trigger: Learning 4 of 5. Free (2838M) is below initial threshold (2867M)
[84.275s][info][gc,ergo     ] Free: 2838M, Max: 2048K regular, 1720M humongous, Frag: 40% external, 0% internal; Reserve: 206M, Max: 2048K
[84.276s][info][gc,start    ] GC(118) Concurrent reset
[84.276s][info][gc,task     ] GC(118) Using 1 of 3 workers for concurrent reset
[84.276s][info][gc,ergo     ] GC(118) Pacer for Reset. Non-Taxable: 4096M
[84.276s][info][gc          ] GC(118) Concurrent reset 0.493ms
[84.276s][info][gc,start    ] GC(118) Pause Init Mark (unload classes)
[84.276s][info][gc,task     ] GC(118) Using 3 of 3 workers for init marking
[84.276s][info][gc,ergo     ] GC(118) Pacer for Mark. Expected Live: 9464K, Free: 2836M, Non-Taxable: 283M, Alloc Tax Rate: 0.0x
[84.276s][info][gc          ] GC(118) Pause Init Mark (unload classes) 0.222ms
[84.277s][info][gc,start    ] GC(118) Concurrent marking roots
[84.277s][info][gc,task     ] GC(118) Using 1 of 3 workers for concurrent marking roots
[84.277s][info][gc          ] GC(118) Concurrent marking roots 0.448ms
[84.277s][info][gc,start    ] GC(118) Concurrent marking (unload classes)
[84.277s][info][gc,task     ] GC(118) Using 1 of 3 workers for concurrent marking
[84.294s][info][gc          ] GC(118) Concurrent marking (unload classes) 17.438ms
[84.295s][info][gc,start    ] GC(118) Pause Final Mark (unload classes)
[84.295s][info][gc,task     ] GC(118) Using 3 of 3 workers for final marking
[84.295s][info][gc,ergo     ] GC(118) Collectable Garbage: 982M (94%), Immediate: 982M (94%), CSet: 0B (0%)
[84.295s][info][gc          ] GC(118) Pause Final Mark (unload classes) 0.262ms
[84.295s][info][gc,start    ] GC(118) Concurrent weak references
[84.295s][info][gc,task     ] GC(118) Using 1 of 3 workers for concurrent weak references
[84.295s][info][gc,ref      ] GC(118) Encountered references: Soft: 144, Weak: 702, Final: 0, Phantom: 27
[84.295s][info][gc,ref      ] GC(118) Discovered  references: Soft: 0, Weak: 150, Final: 0, Phantom: 25
[84.295s][info][gc,ref      ] GC(118) Enqueued    references: Soft: 0, Weak: 0, Final: 0, Phantom: 0
[84.295s][info][gc          ] GC(118) Concurrent weak references 0.113ms
[84.295s][info][gc,start    ] GC(118) Concurrent weak roots
[84.295s][info][gc,task     ] GC(118) Using 1 of 3 workers for concurrent weak root
[84.296s][info][gc          ] GC(118) Concurrent weak roots 0.544ms
[84.296s][info][gc,start    ] GC(118) Concurrent cleanup
[84.296s][info][gc          ] GC(118) Concurrent cleanup 1090M->108M(4096M) 0.042ms
[84.296s][info][gc,ergo     ] GC(118) Free: 3782M, Max: 2048K regular, 1708M humongous, Frag: 55% external, 0% internal; Reserve: 206M, Max: 2048K
[84.296s][info][gc,start    ] GC(118) Concurrent class unloading
[84.296s][info][gc,task     ] GC(118) Using 1 of 3 workers for concurrent class unloading
[84.297s][info][gc          ] GC(118) Concurrent class unloading 1.831ms
[84.298s][info][gc,start    ] GC(118) Pause Final Roots
[84.298s][info][gc          ] GC(118) Pause Final Roots 0.024ms
[84.298s][info][gc,ergo     ] Free: 3776M, Max: 2048K regular, 1708M humongous, Frag: 55% external, 0% internal; Reserve: 206M, Max: 2048K
[84.298s][info][gc,stats    ] 
[84.298s][info][gc,stats    ] All times are wall-clock times, except per-root-class counters, that are sum over
[84.298s][info][gc,stats    ] all workers. Dividing the <total> over the root stage time estimates parallelism.
[84.298s][info][gc,stats    ] 
[84.298s][info][gc,stats    ] Concurrent Reset                    542 us
[84.298s][info][gc,stats    ] Pause Init Mark (G)                 470 us
[84.298s][info][gc,stats    ] Pause Init Mark (N)                 243 us
[84.298s][info][gc,stats    ]   Update Region States               84 us
[84.298s][info][gc,stats    ] Concurrent Mark Roots               465 us, parallelism: 0.74x
[84.298s][info][gc,stats    ]   CMR: <total>                      343 us
[84.298s][info][gc,stats    ]   CMR: Thread Roots                 301 us, workers (us): 301, ---, ---, 
[84.298s][info][gc,stats    ]   CMR: VM Strong Roots                5 us, workers (us):   5, ---, ---, 
[84.298s][info][gc,stats    ]   CMR: CLDG Roots                    37 us, workers (us):  37, ---, ---, 
[84.298s][info][gc,stats    ] Concurrent Marking                17501 us
[84.298s][info][gc,stats    ] Pause Final Mark (G)                397 us
[84.298s][info][gc,stats    ] Pause Final Mark (N)                279 us
[84.298s][info][gc,stats    ]   Finish Mark                        77 us
[84.298s][info][gc,stats    ]   Update Region States               50 us
[84.298s][info][gc,stats    ]   Choose Collection Set              47 us
[84.298s][info][gc,stats    ]   Rebuild Free Set                   17 us
[84.298s][info][gc,stats    ] Concurrent Weak References          120 us, parallelism: 0.04x
[84.298s][info][gc,stats    ]   CWRF: <total>                       5 us
[84.298s][info][gc,stats    ]   CWRF: Weak References               5 us, workers (us):   5, ---, ---, 
[84.298s][info][gc,stats    ] Concurrent Weak Roots               563 us
[84.298s][info][gc,stats    ]   Roots                             446 us, parallelism: 0.92x
[84.298s][info][gc,stats    ]     CWR: <total>                    410 us
[84.298s][info][gc,stats    ]     CWR: Code Cache Roots           346 us, workers (us): 346, ---, ---, 
[84.298s][info][gc,stats    ]     CWR: VM Weak Roots               60 us, workers (us):  60, ---, ---, 
[84.298s][info][gc,stats    ]     CWR: CLDG Roots                   5 us, workers (us):   5, ---, ---, 
[84.298s][info][gc,stats    ]   Rendezvous                         82 us
[84.298s][info][gc,stats    ] Concurrent Cleanup                   50 us
[84.298s][info][gc,stats    ] Concurrent Class Unloading         1867 us
[84.298s][info][gc,stats    ]   Unlink Stale                     1635 us
[84.298s][info][gc,stats    ]     System Dictionary                 2 us
[84.298s][info][gc,stats    ]     Weak Class Links                  0 us
[84.298s][info][gc,stats    ]     Code Roots                     1631 us
[84.298s][info][gc,stats    ]   Rendezvous                         57 us
[84.298s][info][gc,stats    ]   Purge Unlinked                    122 us
[84.298s][info][gc,stats    ]     Code Roots                      117 us
[84.298s][info][gc,stats    ]     CLDG                              5 us
[84.298s][info][gc,stats    ]     Exception Caches                  0 us
[84.298s][info][gc,stats    ] Pause Final Roots (G)               112 us
[84.298s][info][gc,stats    ] Pause Final Roots (N)                32 us
[84.298s][info][gc,stats    ] 
[84.298s][info][gc,stats    ] Allocation pacing accrued:
[84.298s][info][gc,stats    ]       0 of   475 ms (  0.0%): <total>
[84.298s][info][gc,stats    ]       0 of   475 ms (  0.0%): <average total>
[84.298s][info][gc,stats    ] 
[84.298s][info][gc,metaspace] Metaspace: 8968K(9216K)->8968K(9216K) NonClass: 7795K(7936K)->7795K(7936K) Class: 1172K(1280K)->1172K(1280K)
[84.298s][info][gc,ergo     ] Pacer for Idle. Initial: 83886K, Alloc Tax Rate: 1.0x
[84.730s][info][gc          ] Trigger: Learning 5 of 5. Free (2846M) is below initial threshold (2867M)
[84.730s][info][gc,ergo     ] Free: 2846M, Max: 2048K regular, 1708M humongous, Frag: 40% external, 0% internal; Reserve: 206M, Max: 2048K
[84.730s][info][gc,start    ] GC(119) Concurrent reset
[84.730s][info][gc,task     ] GC(119) Using 1 of 3 workers for concurrent reset
[84.730s][info][gc,ergo     ] GC(119) Pacer for Reset. Non-Taxable: 4096M
[84.731s][info][gc          ] GC(119) Concurrent reset 0.581ms
[84.731s][info][gc,start    ] GC(119) Pause Init Mark (unload classes)
[84.731s][info][gc,task     ] GC(119) Using 3 of 3 workers for init marking
[84.731s][info][gc,ergo     ] GC(119) Pacer for Mark. Expected Live: 9461K, Free: 2844M, Non-Taxable: 284M, Alloc Tax Rate: 0.0x
[84.731s][info][gc          ] GC(119) Pause Init Mark (unload classes) 0.240ms
[84.732s][info][gc,start    ] GC(119) Concurrent marking roots
[84.732s][info][gc,task     ] GC(119) Using 1 of 3 workers for concurrent marking roots
[84.732s][info][gc          ] GC(119) Concurrent marking roots 0.801ms
[84.732s][info][gc,start    ] GC(119) Concurrent marking (unload classes)
[84.732s][info][gc,task     ] GC(119) Using 1 of 3 workers for concurrent marking
[84.754s][info][gc          ] GC(119) Concurrent marking (unload classes) 21.688ms
[84.754s][info][gc,start    ] GC(119) Pause Final Mark (unload classes)
[84.754s][info][gc,task     ] GC(119) Using 3 of 3 workers for final marking
[84.754s][info][gc,ergo     ] GC(119) Collectable Garbage: 968M (93%), Immediate: 968M (93%), CSet: 0B (0%)
[84.755s][info][gc          ] GC(119) Pause Final Mark (unload classes) 0.316ms
[84.755s][info][gc,start    ] GC(119) Concurrent weak references
[84.755s][info][gc,task     ] GC(119) Using 1 of 3 workers for concurrent weak references
[84.755s][info][gc,ref      ] GC(119) Encountered references: Soft: 144, Weak: 702, Final: 0, Phantom: 27
[84.755s][info][gc,ref      ] GC(119) Discovered  references: Soft: 0, Weak: 150, Final: 0, Phantom: 12
[84.755s][info][gc,ref      ] GC(119) Enqueued    references: Soft: 0, Weak: 0, Final: 0, Phantom: 0
[84.755s][info][gc          ] GC(119) Concurrent weak references 0.170ms
[84.755s][info][gc,start    ] GC(119) Concurrent weak roots
[84.755s][info][gc,task     ] GC(119) Using 1 of 3 workers for concurrent weak root
[84.755s][info][gc          ] GC(119) Concurrent weak roots 0.570ms
[84.755s][info][gc,start    ] GC(119) Concurrent cleanup
[84.755s][info][gc          ] GC(119) Concurrent cleanup 1094M->126M(4096M) 0.043ms
[84.755s][info][gc,ergo     ] GC(119) Free: 3764M, Max: 2048K regular, 1704M humongous, Frag: 55% external, 0% internal; Reserve: 206M, Max: 2048K
[84.755s][info][gc,start    ] GC(119) Concurrent class unloading
[84.755s][info][gc,task     ] GC(119) Using 1 of 3 workers for concurrent class unloading
[84.758s][info][gc          ] GC(119) Concurrent class unloading 2.418ms
[84.758s][info][gc,start    ] GC(119) Pause Final Roots
[84.758s][info][gc          ] GC(119) Pause Final Roots 0.041ms
[84.758s][info][gc,ergo     ] Free: 3760M, Max: 2048K regular, 1704M humongous, Frag: 55% external, 0% internal; Reserve: 206M, Max: 2048K
[84.758s][info][gc,stats    ] 
[84.758s][info][gc,stats    ] All times are wall-clock times, except per-root-class counters, that are sum over
[84.758s][info][gc,stats    ] all workers. Dividing the <total> over the root stage time estimates parallelism.
[84.758s][info][gc,stats    ] 
[84.758s][info][gc,stats    ] Concurrent Reset                    630 us
[84.758s][info][gc,stats    ] Pause Init Mark (G)                 473 us
[84.758s][info][gc,stats    ] Pause Init Mark (N)                 259 us
[84.758s][info][gc,stats    ]   Update Region States              113 us
[84.758s][info][gc,stats    ] Concurrent Mark Roots               825 us, parallelism: 0.77x
[84.758s][info][gc,stats    ]   CMR: <total>                      637 us
[84.758s][info][gc,stats    ]   CMR: Thread Roots                 565 us, workers (us): 565, ---, ---, 
[84.758s][info][gc,stats    ]   CMR: VM Strong Roots                7 us, workers (us):   7, ---, ---, 
[84.758s][info][gc,stats    ]   CMR: CLDG Roots                    66 us, workers (us):  66, ---, ---, 
[84.758s][info][gc,stats    ] Concurrent Marking                21756 us
[84.758s][info][gc,stats    ] Pause Final Mark (G)                468 us
[84.758s][info][gc,stats    ] Pause Final Mark (N)                335 us
[84.758s][info][gc,stats    ]   Finish Mark                       102 us
[84.758s][info][gc,stats    ]   Update Region States               64 us
[84.758s][info][gc,stats    ]   Choose Collection Set              61 us
[84.758s][info][gc,stats    ]   Rebuild Free Set                   17 us
[84.758s][info][gc,stats    ] Concurrent Weak References          177 us, parallelism: 0.04x
[84.758s][info][gc,stats    ]   CWRF: <total>                       8 us
[84.758s][info][gc,stats    ]   CWRF: Weak References               8 us, workers (us):   8, ---, ---, 
[84.759s][info][gc,stats    ] Concurrent Weak Roots               588 us
[84.759s][info][gc,stats    ]   Roots                             471 us, parallelism: 0.89x
[84.759s][info][gc,stats    ]     CWR: <total>                    418 us
[84.759s][info][gc,stats    ]     CWR: Code Cache Roots           351 us, workers (us): 351, ---, ---, 
[84.759s][info][gc,stats    ]     CWR: VM Weak Roots               62 us, workers (us):  62, ---, ---, 
[84.759s][info][gc,stats    ]     CWR: CLDG Roots                   5 us, workers (us):   5, ---, ---, 
[84.759s][info][gc,stats    ]   Rendezvous                         83 us
[84.759s][info][gc,stats    ] Concurrent Cleanup                   51 us
[84.759s][info][gc,stats    ] Concurrent Class Unloading         2468 us
[84.759s][info][gc,stats    ]   Unlink Stale                     2223 us
[84.759s][info][gc,stats    ]     System Dictionary                 2 us
[84.759s][info][gc,stats    ]     Weak Class Links                  0 us
[84.759s][info][gc,stats    ]     Code Roots                     2218 us
[84.759s][info][gc,stats    ]   Rendezvous                         68 us
[84.759s][info][gc,stats    ]   Purge Unlinked                    109 us
[84.759s][info][gc,stats    ]     Code Roots                      100 us
[84.759s][info][gc,stats    ]     CLDG                              9 us
[84.759s][info][gc,stats    ]     Exception Caches                  0 us
[84.759s][info][gc,stats    ] Pause Final Roots (G)               186 us
[84.759s][info][gc,stats    ] Pause Final Roots (N)                58 us
[84.759s][info][gc,stats    ] 
[84.759s][info][gc,stats    ] Allocation pacing accrued:
[84.759s][info][gc,stats    ]       0 of   460 ms (  0.0%): <total>
[84.759s][info][gc,stats    ]       0 of   460 ms (  0.0%): <average total>
[84.759s][info][gc,stats    ] 
[84.759s][info][gc,metaspace] Metaspace: 8968K(9216K)->8968K(9216K) NonClass: 7795K(7936K)->7795K(7936K) Class: 1172K(1280K)->1172K(1280K)
[84.759s][info][gc,ergo     ] Pacer for Idle. Initial: 83886K, Alloc Tax Rate: 1.0x
[86.411s][info][gc          ] Trigger: Explicit GC request (System.gc())
[86.411s][info][gc,ergo     ] Free: 960M, Max: 2048K regular, 960M humongous, Frag: 0% external, 0% internal; Reserve: 206M, Max: 2048K
[86.411s][info][gc,start    ] GC(120) Concurrent reset
[86.411s][info][gc,task     ] GC(120) Using 1 of 3 workers for concurrent reset
[86.411s][info][gc,ergo     ] GC(120) Pacer for Reset. Non-Taxable: 4096M
[86.412s][info][gc          ] GC(120) Concurrent reset 0.695ms
[86.412s][info][gc,start    ] GC(120) Pause Init Mark (unload classes)
[86.412s][info][gc,task     ] GC(120) Using 3 of 3 workers for init marking
[86.412s][info][gc,ref      ] GC(120) Clearing All SoftReferences
[86.412s][info][gc,ergo     ] GC(120) Pacer for Mark. Expected Live: 9458K, Free: 960M, Non-Taxable: 98304K, Alloc Tax Rate: 0.0x
[86.412s][info][gc          ] GC(120) Pause Init Mark (unload classes) 0.168ms
[86.412s][info][gc,start    ] GC(120) Concurrent marking roots
[86.413s][info][gc,task     ] GC(120) Using 1 of 3 workers for concurrent marking roots
[86.413s][info][gc          ] GC(120) Concurrent marking roots 0.726ms
[86.413s][info][gc,start    ] GC(120) Concurrent marking (unload classes)
[86.413s][info][gc,task     ] GC(120) Using 1 of 3 workers for concurrent marking
[86.417s][info][gc          ] GC(120) Concurrent marking (unload classes) 3.492ms
[86.417s][info][gc,start    ] GC(120) Pause Final Mark (unload classes)
[86.417s][info][gc,task     ] GC(120) Using 3 of 3 workers for final marking
[86.417s][info][gc,ergo     ] GC(120) Collectable Garbage: 2894M (98%), Immediate: 2894M (98%), CSet: 0B (0%)
[86.417s][info][gc          ] GC(120) Pause Final Mark (unload classes) 0.332ms
[86.417s][info][gc,start    ] GC(120) Concurrent weak references
[86.417s][info][gc,task     ] GC(120) Using 1 of 3 workers for concurrent weak references
[86.417s][info][gc,ref      ] GC(120) Encountered references: Soft: 144, Weak: 702, Final: 0, Phantom: 27
[86.417s][info][gc,ref      ] GC(120) Discovered  references: Soft: 88, Weak: 168, Final: 0, Phantom: 25
[86.417s][info][gc,ref      ] GC(120) Enqueued    references: Soft: 3, Weak: 0, Final: 0, Phantom: 0
[86.417s][info][gc          ] GC(120) Concurrent weak references 0.152ms
[86.417s][info][gc,start    ] GC(120) Concurrent weak roots
[86.417s][info][gc,task     ] GC(120) Using 1 of 3 workers for concurrent weak root
[86.418s][info][gc          ] GC(120) Concurrent weak roots 0.680ms
[86.418s][info][gc,start    ] GC(120) Concurrent cleanup
[86.418s][info][gc          ] GC(120) Concurrent cleanup 2930M->36M(4096M) 0.089ms
[86.418s][info][gc,ergo     ] GC(120) Free: 3854M, Max: 2048K regular, 2720M humongous, Frag: 30% external, 0% internal; Reserve: 206M, Max: 2048K
[86.418s][info][gc,start    ] GC(120) Concurrent class unloading
[86.418s][info][gc,task     ] GC(120) Using 1 of 3 workers for concurrent class unloading
[86.420s][info][gc          ] GC(120) Concurrent class unloading 2.103ms
[86.420s][info][gc,start    ] GC(120) Pause Final Roots
[86.421s][info][gc          ] GC(120) Pause Final Roots 0.059ms
[86.421s][info][gc,ergo     ] Free: 3854M, Max: 2048K regular, 2720M humongous, Frag: 30% external, 0% internal; Reserve: 206M, Max: 2048K
[86.421s][info][gc,stats    ] 
[86.421s][info][gc,stats    ] All times are wall-clock times, except per-root-class counters, that are sum over
[86.421s][info][gc,stats    ] all workers. Dividing the <total> over the root stage time estimates parallelism.
[86.421s][info][gc,stats    ] 
[86.421s][info][gc,stats    ] Concurrent Reset                    777 us
[86.421s][info][gc,stats    ] Pause Init Mark (G)                 283 us
[86.421s][info][gc,stats    ] Pause Init Mark (N)                 184 us
[86.421s][info][gc,stats    ]   Update Region States               68 us
[86.421s][info][gc,stats    ] Concurrent Mark Roots               748 us, parallelism: 0.83x
[86.421s][info][gc,stats    ]   CMR: <total>                      623 us
[86.421s][info][gc,stats    ]   CMR: Thread Roots                 555 us, workers (us): 555, ---, ---, 
[86.421s][info][gc,stats    ]   CMR: VM Strong Roots                6 us, workers (us):   6, ---, ---, 
[86.421s][info][gc,stats    ]   CMR: CLDG Roots                    62 us, workers (us):  62, ---, ---, 
[86.421s][info][gc,stats    ] Concurrent Marking                 3548 us
[86.421s][info][gc,stats    ] Pause Final Mark (G)                472 us
[86.421s][info][gc,stats    ] Pause Final Mark (N)                352 us
[86.421s][info][gc,stats    ]   Finish Mark                       106 us
[86.421s][info][gc,stats    ]   Update Region States               67 us
[86.421s][info][gc,stats    ]   Choose Collection Set              64 us
[86.421s][info][gc,stats    ]   Rebuild Free Set                   16 us
[86.421s][info][gc,stats    ] Concurrent Weak References          169 us, parallelism: 0.05x
[86.421s][info][gc,stats    ]   CWRF: <total>                       9 us
[86.421s][info][gc,stats    ]   CWRF: Weak References               9 us, workers (us):   9, ---, ---, 
[86.421s][info][gc,stats    ] Concurrent Weak Roots               704 us
[86.421s][info][gc,stats    ]   Roots                             563 us, parallelism: 0.87x
[86.421s][info][gc,stats    ]     CWR: <total>                    488 us
[86.421s][info][gc,stats    ]     CWR: Code Cache Roots           373 us, workers (us): 373, ---, ---, 
[86.421s][info][gc,stats    ]     CWR: VM Weak Roots              110 us, workers (us): 110, ---, ---, 
[86.421s][info][gc,stats    ]     CWR: CLDG Roots                   5 us, workers (us):   5, ---, ---, 
[86.421s][info][gc,stats    ]   Rendezvous                         79 us
[86.421s][info][gc,stats    ] Concurrent Cleanup                   98 us
[86.421s][info][gc,stats    ] Concurrent Class Unloading         2167 us
[86.421s][info][gc,stats    ]   Unlink Stale                     1820 us
[86.421s][info][gc,stats    ]     System Dictionary                 3 us
[86.421s][info][gc,stats    ]     Weak Class Links                  1 us
[86.421s][info][gc,stats    ]     Code Roots                     1814 us
[86.421s][info][gc,stats    ]   Rendezvous                        139 us
[86.421s][info][gc,stats    ]   Purge Unlinked                    125 us
[86.421s][info][gc,stats    ]     Code Roots                      115 us
[86.421s][info][gc,stats    ]     CLDG                              9 us
[86.421s][info][gc,stats    ]     Exception Caches                  0 us
[86.421s][info][gc,stats    ] Pause Final Roots (G)               180 us
[86.421s][info][gc,stats    ] Pause Final Roots (N)                78 us
[86.421s][info][gc,stats    ] 
[86.421s][info][gc,stats    ] Allocation pacing accrued:
[86.421s][info][gc,stats    ]       0 of  1662 ms (  0.0%): <total>
[86.421s][info][gc,stats    ]       0 of  1662 ms (  0.0%): <average total>
[86.421s][info][gc,stats    ] 
[86.421s][info][gc,metaspace] Metaspace: 8969K(9216K)->8969K(9216K) NonClass: 7796K(7936K)->7796K(7936K) Class: 1172K(1280K)->1172K(1280K)
[86.421s][info][gc,ergo     ] Pacer for Idle. Initial: 83886K, Alloc Tax Rate: 1.0x
[86.882s][info][gc          ] Trigger: Learning 2 of 5. Free (2864M) is below initial threshold (2867M)
[86.882s][info][gc,ergo     ] Free: 2864M, Max: 2048K regular, 1774M humongous, Frag: 39% external, 0% internal; Reserve: 206M, Max: 2048K
[86.882s][info][gc,start    ] GC(121) Concurrent reset
[86.882s][info][gc,task     ] GC(121) Using 1 of 3 workers for concurrent reset
[86.882s][info][gc,ergo     ] GC(121) Pacer for Reset. Non-Taxable: 4096M
[86.882s][info][gc          ] GC(121) Concurrent reset 0.481ms
[86.883s][info][gc,start    ] GC(121) Pause Init Mark (unload classes)
[86.883s][info][gc,task     ] GC(121) Using 3 of 3 workers for init marking
[86.883s][info][gc,ergo     ] GC(121) Pacer for Mark. Expected Live: 9458K, Free: 2862M, Non-Taxable: 286M, Alloc Tax Rate: 0.0x
[86.883s][info][gc          ] GC(121) Pause Init Mark (unload classes) 0.243ms
[86.883s][info][gc,start    ] GC(121) Concurrent marking roots
[86.883s][info][gc,task     ] GC(121) Using 1 of 3 workers for concurrent marking roots
[86.883s][info][gc          ] GC(121) Concurrent marking roots 0.411ms
[86.883s][info][gc,start    ] GC(121) Concurrent marking (unload classes)
[86.883s][info][gc,task     ] GC(121) Using 1 of 3 workers for concurrent marking
[86.891s][info][gc          ] GC(121) Concurrent marking (unload classes) 8.050ms
[86.892s][info][gc,start    ] GC(121) Pause Final Mark (unload classes)
[86.892s][info][gc,task     ] GC(121) Using 3 of 3 workers for final marking
[86.892s][info][gc,ergo     ] GC(121) Collectable Garbage: 974M (95%), Immediate: 974M (95%), CSet: 0B (0%)
[86.892s][info][gc          ] GC(121) Pause Final Mark (unload classes) 0.307ms
[86.892s][info][gc,start    ] GC(121) Concurrent weak references
[86.892s][info][gc,task     ] GC(121) Using 1 of 3 workers for concurrent weak references
[86.892s][info][gc,ref      ] GC(121) Encountered references: Soft: 144, Weak: 702, Final: 0, Phantom: 27
[86.892s][info][gc,ref      ] GC(121) Discovered  references: Soft: 0, Weak: 150, Final: 0, Phantom: 25
[86.892s][info][gc,ref      ] GC(121) Enqueued    references: Soft: 0, Weak: 0, Final: 0, Phantom: 0
[86.892s][info][gc          ] GC(121) Concurrent weak references 0.142ms
[86.892s][info][gc,start    ] GC(121) Concurrent weak roots
[86.892s][info][gc,task     ] GC(121) Using 1 of 3 workers for concurrent weak root
[86.893s][info][gc          ] GC(121) Concurrent weak roots 0.559ms
[86.893s][info][gc,start    ] GC(121) Concurrent cleanup
[86.893s][info][gc          ] GC(121) Concurrent cleanup 1048M->74M(4096M) 0.043ms
[86.893s][info][gc,ergo     ] GC(121) Free: 3816M, Max: 2048K regular, 1752M humongous, Frag: 55% external, 0% internal; Reserve: 206M, Max: 2048K
[86.893s][info][gc,start    ] GC(121) Concurrent class unloading
[86.893s][info][gc,task     ] GC(121) Using 1 of 3 workers for concurrent class unloading
[86.895s][info][gc          ] GC(121) Concurrent class unloading 1.845ms
[86.895s][info][gc,start    ] GC(121) Pause Final Roots
[86.895s][info][gc          ] GC(121) Pause Final Roots 0.023ms
[86.895s][info][gc,ergo     ] Free: 3812M, Max: 2048K regular, 1752M humongous, Frag: 55% external, 0% internal; Reserve: 206M, Max: 2048K
[86.895s][info][gc,stats    ] 
[86.895s][info][gc,stats    ] All times are wall-clock times, except per-root-class counters, that are sum over
[86.895s][info][gc,stats    ] all workers. Dividing the <total> over the root stage time estimates parallelism.
[86.895s][info][gc,stats    ] 
[86.895s][info][gc,stats    ] Concurrent Reset                    540 us
[86.895s][info][gc,stats    ] Pause Init Mark (G)                 478 us
[86.895s][info][gc,stats    ] Pause Init Mark (N)                 262 us
[86.895s][info][gc,stats    ]   Update Region States              113 us
[86.895s][info][gc,stats    ] Concurrent Mark Roots               429 us, parallelism: 0.76x
[86.895s][info][gc,stats    ]   CMR: <total>                      326 us
[86.895s][info][gc,stats    ]   CMR: Thread Roots                 287 us, workers (us): 287, ---, ---, 
[86.895s][info][gc,stats    ]   CMR: VM Strong Roots                5 us, workers (us):   5, ---, ---, 
[86.895s][info][gc,stats    ]   CMR: CLDG Roots                    35 us, workers (us):  35, ---, ---, 
[86.895s][info][gc,stats    ] Concurrent Marking                 8107 us
[86.895s][info][gc,stats    ] Pause Final Mark (G)                456 us
[86.895s][info][gc,stats    ] Pause Final Mark (N)                326 us
[86.895s][info][gc,stats    ]   Finish Mark                       103 us
[86.895s][info][gc,stats    ]   Update Region States               63 us
[86.895s][info][gc,stats    ]   Choose Collection Set              61 us
[86.895s][info][gc,stats    ]   Rebuild Free Set                   17 us
[86.895s][info][gc,stats    ] Concurrent Weak References          150 us, parallelism: 0.05x
[86.895s][info][gc,stats    ]   CWRF: <total>                       8 us
[86.895s][info][gc,stats    ]   CWRF: Weak References               8 us, workers (us):   8, ---, ---, 
[86.895s][info][gc,stats    ] Concurrent Weak Roots               577 us
[86.895s][info][gc,stats    ]   Roots                             461 us, parallelism: 0.89x
[86.895s][info][gc,stats    ]     CWR: <total>                    408 us
[86.895s][info][gc,stats    ]     CWR: Code Cache Roots           341 us, workers (us): 341, ---, ---, 
[86.895s][info][gc,stats    ]     CWR: VM Weak Roots               62 us, workers (us):  62, ---, ---, 
[86.895s][info][gc,stats    ]     CWR: CLDG Roots                   5 us, workers (us):   5, ---, ---, 
[86.895s][info][gc,stats    ]   Rendezvous                         82 us
[86.895s][info][gc,stats    ] Concurrent Cleanup                   51 us
[86.895s][info][gc,stats    ] Concurrent Class Unloading         1883 us
[86.895s][info][gc,stats    ]   Unlink Stale                     1649 us
[86.895s][info][gc,stats    ]     System Dictionary                 3 us
[86.895s][info][gc,stats    ]     Weak Class Links                  0 us
[86.895s][info][gc,stats    ]     Code Roots                     1645 us
[86.895s][info][gc,stats    ]   Rendezvous                         56 us
[86.895s][info][gc,stats    ]   Purge Unlinked                    124 us
[86.895s][info][gc,stats    ]     Code Roots                      119 us
[86.895s][info][gc,stats    ]     CLDG                              5 us
[86.895s][info][gc,stats    ]     Exception Caches                  0 us
[86.895s][info][gc,stats    ] Pause Final Roots (G)               111 us
[86.895s][info][gc,stats    ] Pause Final Roots (N)                32 us
[86.895s][info][gc,stats    ] 
[86.895s][info][gc,stats    ] Allocation pacing accrued:
[86.895s][info][gc,stats    ]       0 of   474 ms (  0.0%): <total>
[86.895s][info][gc,stats    ]       0 of   474 ms (  0.0%): <average total>
[86.895s][info][gc,stats    ] 
[86.895s][info][gc,metaspace] Metaspace: 8969K(9216K)->8969K(9216K) NonClass: 7796K(7936K)->7796K(7936K) Class: 1172K(1280K)->1172K(1280K)
[86.895s][info][gc,ergo     ] Pacer for Idle. Initial: 83886K, Alloc Tax Rate: 1.0x
[87.352s][info][gc          ] Trigger: Learning 3 of 5. Free (2846M) is below initial threshold (2867M)
[87.353s][info][gc,ergo     ] Free: 2846M, Max: 2048K regular, 1752M humongous, Frag: 39% external, 0% internal; Reserve: 206M, Max: 2048K
[87.353s][info][gc,start    ] GC(122) Concurrent reset
[87.353s][info][gc,task     ] GC(122) Using 1 of 3 workers for concurrent reset
[87.353s][info][gc,ergo     ] GC(122) Pacer for Reset. Non-Taxable: 4096M
[87.353s][info][gc          ] GC(122) Concurrent reset 0.568ms
[87.353s][info][gc,start    ] GC(122) Pause Init Mark (unload classes)
[87.353s][info][gc,task     ] GC(122) Using 3 of 3 workers for init marking
[87.353s][info][gc,ergo     ] GC(122) Pacer for Mark. Expected Live: 9454K, Free: 2844M, Non-Taxable: 284M, Alloc Tax Rate: 0.0x
[87.354s][info][gc          ] GC(122) Pause Init Mark (unload classes) 0.247ms
[87.354s][info][gc,start    ] GC(122) Concurrent marking roots
[87.354s][info][gc,task     ] GC(122) Using 1 of 3 workers for concurrent marking roots
[87.354s][info][gc          ] GC(122) Concurrent marking roots 0.528ms
[87.354s][info][gc,start    ] GC(122) Concurrent marking (unload classes)
[87.354s][info][gc,task     ] GC(122) Using 1 of 3 workers for concurrent marking
[87.367s][info][gc          ] GC(122) Concurrent marking (unload classes) 13.017ms
[87.367s][info][gc,start    ] GC(122) Pause Final Mark (unload classes)
[87.367s][info][gc,task     ] GC(122) Using 3 of 3 workers for final marking
[87.368s][info][gc,ergo     ] GC(122) Collectable Garbage: 990M (95%), Immediate: 990M (95%), CSet: 0B (0%)
[87.368s][info][gc          ] GC(122) Pause Final Mark (unload classes) 0.363ms
[87.368s][info][gc,start    ] GC(122) Concurrent weak references
[87.368s][info][gc,task     ] GC(122) Using 1 of 3 workers for concurrent weak references
[87.368s][info][gc,ref      ] GC(122) Encountered references: Soft: 144, Weak: 702, Final: 0, Phantom: 27
[87.368s][info][gc,ref      ] GC(122) Discovered  references: Soft: 0, Weak: 150, Final: 0, Phantom: 12
[87.368s][info][gc,ref      ] GC(122) Enqueued    references: Soft: 0, Weak: 0, Final: 0, Phantom: 0
[87.368s][info][gc          ] GC(122) Concurrent weak references 0.170ms
[87.368s][info][gc,start    ] GC(122) Concurrent weak roots
[87.368s][info][gc,task     ] GC(122) Using 1 of 3 workers for concurrent weak root
[87.368s][info][gc          ] GC(122) Concurrent weak roots 0.553ms
[87.369s][info][gc,start    ] GC(122) Concurrent cleanup
[87.369s][info][gc          ] GC(122) Concurrent cleanup 1076M->86M(4096M) 0.045ms
[87.369s][info][gc,ergo     ] GC(122) Free: 3804M, Max: 2048K regular, 1722M humongous, Frag: 55% external, 0% internal; Reserve: 206M, Max: 2048K
[87.369s][info][gc,start    ] GC(122) Concurrent class unloading
[87.369s][info][gc,task     ] GC(122) Using 1 of 3 workers for concurrent class unloading
[87.370s][info][gc          ] GC(122) Concurrent class unloading 1.902ms
[87.371s][info][gc,start    ] GC(122) Pause Final Roots
[87.371s][info][gc          ] GC(122) Pause Final Roots 0.020ms
[87.371s][info][gc,ergo     ] Free: 3798M, Max: 2048K regular, 1722M humongous, Frag: 55% external, 0% internal; Reserve: 206M, Max: 2048K
[87.371s][info][gc,stats    ] 
[87.371s][info][gc,stats    ] All times are wall-clock times, except per-root-class counters, that are sum over
[87.371s][info][gc,stats    ] all workers. Dividing the <total> over the root stage time estimates parallelism.
[87.371s][info][gc,stats    ] 
[87.371s][info][gc,stats    ] Concurrent Reset                    635 us
[87.371s][info][gc,stats    ] Pause Init Mark (G)                 433 us
[87.371s][info][gc,stats    ] Pause Init Mark (N)                 266 us
[87.371s][info][gc,stats    ]   Update Region States              114 us
[87.371s][info][gc,stats    ] Concurrent Mark Roots               547 us, parallelism: 0.66x
[87.371s][info][gc,stats    ]   CMR: <total>                      360 us
[87.371s][info][gc,stats    ]   CMR: Thread Roots                 302 us, workers (us): 302, ---, ---, 
[87.371s][info][gc,stats    ]   CMR: VM Strong Roots                7 us, workers (us):   7, ---, ---, 
[87.371s][info][gc,stats    ]   CMR: CLDG Roots                    50 us, workers (us):  50, ---, ---, 
[87.371s][info][gc,stats    ] Concurrent Marking                13075 us
[87.371s][info][gc,stats    ] Pause Final Mark (G)                491 us
[87.371s][info][gc,stats    ] Pause Final Mark (N)                383 us
[87.371s][info][gc,stats    ]   Finish Mark                       133 us
[87.371s][info][gc,stats    ]   Update Region States               88 us
[87.371s][info][gc,stats    ]   Choose Collection Set              64 us
[87.371s][info][gc,stats    ]   Rebuild Free Set                   16 us
[87.371s][info][gc,stats    ] Concurrent Weak References          186 us, parallelism: 0.03x
[87.371s][info][gc,stats    ]   CWRF: <total>                       5 us
[87.371s][info][gc,stats    ]   CWRF: Weak References               5 us, workers (us):   5, ---, ---, 
[87.371s][info][gc,stats    ] Concurrent Weak Roots               574 us
[87.371s][info][gc,stats    ]   Roots                             464 us, parallelism: 0.90x
[87.371s][info][gc,stats    ]     CWR: <total>                    420 us
[87.371s][info][gc,stats    ]     CWR: Code Cache Roots           350 us, workers (us): 350, ---, ---, 
[87.371s][info][gc,stats    ]     CWR: VM Weak Roots               64 us, workers (us):  64, ---, ---, 
[87.371s][info][gc,stats    ]     CWR: CLDG Roots                   6 us, workers (us):   6, ---, ---, 
[87.371s][info][gc,stats    ]   Rendezvous                         56 us
[87.371s][info][gc,stats    ] Concurrent Cleanup                   54 us
[87.371s][info][gc,stats    ] Concurrent Class Unloading         1936 us
[87.371s][info][gc,stats    ]   Unlink Stale                     1690 us
[87.371s][info][gc,stats    ]     System Dictionary                 3 us
[87.371s][info][gc,stats    ]     Weak Class Links                  0 us
[87.371s][info][gc,stats    ]     Code Roots                     1685 us
[87.371s][info][gc,stats    ]   Rendezvous                        112 us
[87.371s][info][gc,stats    ]   Purge Unlinked                     84 us
[87.371s][info][gc,stats    ]     Code Roots                       79 us
[87.371s][info][gc,stats    ]     CLDG                              5 us
[87.371s][info][gc,stats    ]     Exception Caches                  0 us
[87.371s][info][gc,stats    ] Pause Final Roots (G)               112 us
[87.371s][info][gc,stats    ] Pause Final Roots (N)                28 us
[87.371s][info][gc,stats    ] 
[87.371s][info][gc,stats    ] Allocation pacing accrued:
[87.371s][info][gc,stats    ]       0 of   476 ms (  0.0%): <total>
[87.371s][info][gc,stats    ]       0 of   476 ms (  0.0%): <average total>
[87.371s][info][gc,stats    ] 
[87.371s][info][gc,metaspace] Metaspace: 8969K(9216K)->8969K(9216K) NonClass: 7796K(7936K)->7796K(7936K) Class: 1172K(1280K)->1172K(1280K)
[87.371s][info][gc,ergo     ] Pacer for Idle. Initial: 83886K, Alloc Tax Rate: 1.0x
[87.824s][info][gc          ] Trigger: Learning 4 of 5. Free (2840M) is below initial threshold (2867M)
[87.824s][info][gc,ergo     ] Free: 2840M, Max: 2048K regular, 1722M humongous, Frag: 40% external, 0% internal; Reserve: 206M, Max: 2048K
[87.824s][info][gc,start    ] GC(123) Concurrent reset
[87.824s][info][gc,task     ] GC(123) Using 1 of 3 workers for concurrent reset
[87.824s][info][gc,ergo     ] GC(123) Pacer for Reset. Non-Taxable: 4096M
[87.825s][info][gc          ] GC(123) Concurrent reset 0.598ms
[87.825s][info][gc,start    ] GC(123) Pause Init Mark (unload classes)
[87.825s][info][gc,task     ] GC(123) Using 3 of 3 workers for init marking
[87.825s][info][gc,ergo     ] GC(123) Pacer for Mark. Expected Live: 9452K, Free: 2838M, Non-Taxable: 283M, Alloc Tax Rate: 0.0x
[87.825s][info][gc          ] GC(123) Pause Init Mark (unload classes) 0.245ms
[87.825s][info][gc,start    ] GC(123) Concurrent marking roots
[87.826s][info][gc,task     ] GC(123) Using 1 of 3 workers for concurrent marking roots
[87.826s][info][gc          ] GC(123) Concurrent marking roots 0.831ms
[87.826s][info][gc,start    ] GC(123) Concurrent marking (unload classes)
[87.826s][info][gc,task     ] GC(123) Using 1 of 3 workers for concurrent marking
[87.844s][info][gc          ] GC(123) Concurrent marking (unload classes) 17.309ms
[87.844s][info][gc,start    ] GC(123) Pause Final Mark (unload classes)
[87.844s][info][gc,task     ] GC(123) Using 3 of 3 workers for final marking
[87.844s][info][gc,ergo     ] GC(123) Collectable Garbage: 982M (94%), Immediate: 982M (94%), CSet: 0B (0%)
[87.844s][info][gc          ] GC(123) Pause Final Mark (unload classes) 0.362ms
[87.844s][info][gc,start    ] GC(123) Concurrent weak references
[87.844s][info][gc,task     ] GC(123) Using 1 of 3 workers for concurrent weak references
[87.844s][info][gc,ref      ] GC(123) Encountered references: Soft: 144, Weak: 702, Final: 0, Phantom: 27
[87.844s][info][gc,ref      ] GC(123) Discovered  references: Soft: 0, Weak: 150, Final: 0, Phantom: 12
[87.844s][info][gc,ref      ] GC(123) Enqueued    references: Soft: 0, Weak: 0, Final: 0, Phantom: 0
[87.844s][info][gc          ] GC(123) Concurrent weak references 0.157ms
[87.844s][info][gc,start    ] GC(123) Concurrent weak roots
[87.844s][info][gc,task     ] GC(123) Using 1 of 3 workers for concurrent weak root
[87.845s][info][gc          ] GC(123) Concurrent weak roots 0.559ms
[87.845s][info][gc,start    ] GC(123) Concurrent cleanup
[87.845s][info][gc          ] GC(123) Concurrent cleanup 1090M->108M(4096M) 0.043ms
[87.845s][info][gc,ergo     ] GC(123) Free: 3782M, Max: 2048K regular, 1708M humongous, Frag: 55% external, 0% internal; Reserve: 206M, Max: 2048K
[87.845s][info][gc,start    ] GC(123) Concurrent class unloading
[87.845s][info][gc,task     ] GC(123) Using 1 of 3 workers for concurrent class unloading
[87.847s][info][gc          ] GC(123) Concurrent class unloading 2.107ms
[87.847s][info][gc,start    ] GC(123) Pause Final Roots
[87.847s][info][gc          ] GC(123) Pause Final Roots 0.038ms
[87.847s][info][gc,ergo     ] Free: 3776M, Max: 2048K regular, 1708M humongous, Frag: 55% external, 0% internal; Reserve: 206M, Max: 2048K
[87.847s][info][gc,stats    ] 
[87.847s][info][gc,stats    ] All times are wall-clock times, except per-root-class counters, that are sum over
[87.847s][info][gc,stats    ] all workers. Dividing the <total> over the root stage time estimates parallelism.
[87.847s][info][gc,stats    ] 
[87.847s][info][gc,stats    ] Concurrent Reset                    649 us
[87.848s][info][gc,stats    ] Pause Init Mark (G)                 425 us
[87.848s][info][gc,stats    ] Pause Init Mark (N)                 264 us
[87.848s][info][gc,stats    ]   Update Region States              114 us
[87.848s][info][gc,stats    ] Concurrent Mark Roots               855 us, parallelism: 0.77x
[87.848s][info][gc,stats    ]   CMR: <total>                      659 us
[87.848s][info][gc,stats    ]   CMR: Thread Roots                 564 us, workers (us): 564, ---, ---, 
[87.848s][info][gc,stats    ]   CMR: VM Strong Roots               10 us, workers (us):  10, ---, ---, 
[87.848s][info][gc,stats    ]   CMR: CLDG Roots                    86 us, workers (us):  86, ---, ---, 
[87.848s][info][gc,stats    ] Concurrent Marking                17364 us
[87.848s][info][gc,stats    ] Pause Final Mark (G)                482 us
[87.848s][info][gc,stats    ] Pause Final Mark (N)                381 us
[87.848s][info][gc,stats    ]   Finish Mark                       112 us
[87.848s][info][gc,stats    ]   Update Region States               90 us
[87.848s][info][gc,stats    ]   Choose Collection Set              63 us
[87.848s][info][gc,stats    ]   Rebuild Free Set                   17 us
[87.848s][info][gc,stats    ] Concurrent Weak References          173 us, parallelism: 0.03x
[87.848s][info][gc,stats    ]   CWRF: <total>                       5 us
[87.848s][info][gc,stats    ]   CWRF: Weak References               5 us, workers (us):   5, ---, ---, 
[87.848s][info][gc,stats    ] Concurrent Weak Roots               578 us
[87.848s][info][gc,stats    ]   Roots                             474 us, parallelism: 0.89x
[87.848s][info][gc,stats    ]     CWR: <total>                    420 us
[87.848s][info][gc,stats    ]     CWR: Code Cache Roots           352 us, workers (us): 352, ---, ---, 
[87.848s][info][gc,stats    ]     CWR: VM Weak Roots               63 us, workers (us):  63, ---, ---, 
[87.848s][info][gc,stats    ]     CWR: CLDG Roots                   6 us, workers (us):   6, ---, ---, 
[87.848s][info][gc,stats    ]   Rendezvous                         54 us
[87.848s][info][gc,stats    ] Concurrent Cleanup                   51 us
[87.848s][info][gc,stats    ] Concurrent Class Unloading         2155 us
[87.848s][info][gc,stats    ]   Unlink Stale                     1733 us
[87.848s][info][gc,stats    ]     System Dictionary                 2 us
[87.848s][info][gc,stats    ]     Weak Class Links                  1 us
[87.848s][info][gc,stats    ]     Code Roots                     1728 us
[87.848s][info][gc,stats    ]   Rendezvous                        201 us
[87.848s][info][gc,stats    ]   Purge Unlinked                    154 us
[87.848s][info][gc,stats    ]     Code Roots                      145 us
[87.848s][info][gc,stats    ]     CLDG                              8 us
[87.848s][info][gc,stats    ]     Exception Caches                  0 us
[87.848s][info][gc,stats    ] Pause Final Roots (G)               170 us
[87.848s][info][gc,stats    ] Pause Final Roots (N)                56 us
[87.848s][info][gc,stats    ] 
[87.848s][info][gc,stats    ] Allocation pacing accrued:
[87.848s][info][gc,stats    ]       0 of   477 ms (  0.0%): <total>
[87.848s][info][gc,stats    ]       0 of   477 ms (  0.0%): <average total>
[87.848s][info][gc,stats    ] 
[87.848s][info][gc,metaspace] Metaspace: 8969K(9216K)->8969K(9216K) NonClass: 7796K(7936K)->7796K(7936K) Class: 1172K(1280K)->1172K(1280K)
[87.848s][info][gc,ergo     ] Pacer for Idle. Initial: 83886K, Alloc Tax Rate: 1.0x
[88.279s][info][gc          ] Trigger: Learning 5 of 5. Free (2848M) is below initial threshold (2867M)
[88.280s][info][gc,ergo     ] Free: 2848M, Max: 2048K regular, 1708M humongous, Frag: 41% external, 0% internal; Reserve: 206M, Max: 2048K
[88.280s][info][gc,start    ] GC(124) Concurrent reset
[88.280s][info][gc,task     ] GC(124) Using 1 of 3 workers for concurrent reset
[88.280s][info][gc,ergo     ] GC(124) Pacer for Reset. Non-Taxable: 4096M
[88.280s][info][gc          ] GC(124) Concurrent reset 0.681ms
[88.280s][info][gc,start    ] GC(124) Pause Init Mark (unload classes)
[88.280s][info][gc,task     ] GC(124) Using 3 of 3 workers for init marking
[88.281s][info][gc,ergo     ] GC(124) Pacer for Mark. Expected Live: 9454K, Free: 2846M, Non-Taxable: 284M, Alloc Tax Rate: 0.0x
[88.281s][info][gc          ] GC(124) Pause Init Mark (unload classes) 0.244ms
[88.281s][info][gc,start    ] GC(124) Concurrent marking roots
[88.281s][info][gc,task     ] GC(124) Using 1 of 3 workers for concurrent marking roots
[88.282s][info][gc          ] GC(124) Concurrent marking roots 0.827ms
[88.282s][info][gc,start    ] GC(124) Concurrent marking (unload classes)
[88.282s][info][gc,task     ] GC(124) Using 1 of 3 workers for concurrent marking
[88.303s][info][gc          ] GC(124) Concurrent marking (unload classes) 21.304ms
[88.303s][info][gc,start    ] GC(124) Pause Final Mark (unload classes)
[88.303s][info][gc,task     ] GC(124) Using 3 of 3 workers for final marking
[88.303s][info][gc,ergo     ] GC(124) Collectable Garbage: 966M (93%), Immediate: 966M (93%), CSet: 0B (0%)
[88.303s][info][gc          ] GC(124) Pause Final Mark (unload classes) 0.346ms
[88.303s][info][gc,start    ] GC(124) Concurrent weak references
[88.303s][info][gc,task     ] GC(124) Using 1 of 3 workers for concurrent weak references
[88.304s][info][gc,ref      ] GC(124) Encountered references: Soft: 144, Weak: 702, Final: 0, Phantom: 27
[88.304s][info][gc,ref      ] GC(124) Discovered  references: Soft: 0, Weak: 150, Final: 0, Phantom: 12
[88.304s][info][gc,ref      ] GC(124) Enqueued    references: Soft: 0, Weak: 0, Final: 0, Phantom: 0
[88.304s][info][gc          ] GC(124) Concurrent weak references 0.157ms
[88.304s][info][gc,start    ] GC(124) Concurrent weak roots
[88.304s][info][gc,task     ] GC(124) Using 1 of 3 workers for concurrent weak root
[88.304s][info][gc          ] GC(124) Concurrent weak roots 0.576ms
[88.304s][info][gc,start    ] GC(124) Concurrent cleanup
[88.304s][info][gc          ] GC(124) Concurrent cleanup 1092M->126M(4096M) 0.043ms
[88.304s][info][gc,ergo     ] GC(124) Free: 3764M, Max: 2048K regular, 1706M humongous, Frag: 55% external, 0% internal; Reserve: 206M, Max: 2048K
[88.304s][info][gc,start    ] GC(124) Concurrent class unloading
[88.304s][info][gc,task     ] GC(124) Using 1 of 3 workers for concurrent class unloading
[88.306s][info][gc          ] GC(124) Concurrent class unloading 2.221ms
[88.307s][info][gc,start    ] GC(124) Pause Final Roots
[88.307s][info][gc          ] GC(124) Pause Final Roots 0.036ms
[88.307s][info][gc,ergo     ] Free: 3760M, Max: 2048K regular, 1706M humongous, Frag: 55% external, 0% internal; Reserve: 206M, Max: 2048K
[88.307s][info][gc,stats    ] 
[88.307s][info][gc,stats    ] All times are wall-clock times, except per-root-class counters, that are sum over
[88.307s][info][gc,stats    ] all workers. Dividing the <total> over the root stage time estimates parallelism.
[88.307s][info][gc,stats    ] 
[88.307s][info][gc,stats    ] Concurrent Reset                    749 us
[88.307s][info][gc,stats    ] Pause Init Mark (G)                 416 us
[88.307s][info][gc,stats    ] Pause Init Mark (N)                 263 us
[88.307s][info][gc,stats    ]   Update Region States              114 us
[88.307s][info][gc,stats    ] Concurrent Mark Roots               846 us, parallelism: 0.86x
[88.307s][info][gc,stats    ]   CMR: <total>                      726 us
[88.307s][info][gc,stats    ]   CMR: Thread Roots                 655 us, workers (us): 655, ---, ---, 
[88.307s][info][gc,stats    ]   CMR: VM Strong Roots                6 us, workers (us):   6, ---, ---, 
[88.307s][info][gc,stats    ]   CMR: CLDG Roots                    65 us, workers (us):  65, ---, ---, 
[88.307s][info][gc,stats    ] Concurrent Marking                21366 us
[88.307s][info][gc,stats    ] Pause Final Mark (G)                491 us
[88.307s][info][gc,stats    ] Pause Final Mark (N)                365 us
[88.307s][info][gc,stats    ]   Finish Mark                       107 us
[88.307s][info][gc,stats    ]   Update Region States               90 us
[88.307s][info][gc,stats    ]   Choose Collection Set              62 us
[88.307s][info][gc,stats    ]   Rebuild Free Set                   17 us
[88.307s][info][gc,stats    ] Concurrent Weak References          172 us, parallelism: 0.03x
[88.307s][info][gc,stats    ]   CWRF: <total>                       5 us
[88.307s][info][gc,stats    ]   CWRF: Weak References               5 us, workers (us):   5, ---, ---, 
[88.307s][info][gc,stats    ] Concurrent Weak Roots               594 us
[88.307s][info][gc,stats    ]   Roots                             465 us, parallelism: 0.89x
[88.307s][info][gc,stats    ]     CWR: <total>                    412 us
[88.307s][info][gc,stats    ]     CWR: Code Cache Roots           344 us, workers (us): 344, ---, ---, 
[88.307s][info][gc,stats    ]     CWR: VM Weak Roots               63 us, workers (us):  63, ---, ---, 
[88.307s][info][gc,stats    ]     CWR: CLDG Roots                   5 us, workers (us):   5, ---, ---, 
[88.307s][info][gc,stats    ]   Rendezvous                         82 us
[88.307s][info][gc,stats    ] Concurrent Cleanup                   51 us
[88.307s][info][gc,stats    ] Concurrent Class Unloading         2271 us
[88.307s][info][gc,stats    ]   Unlink Stale                     2038 us
[88.307s][info][gc,stats    ]     System Dictionary                 3 us
[88.307s][info][gc,stats    ]     Weak Class Links                  0 us
[88.307s][info][gc,stats    ]     Code Roots                     2033 us
[88.307s][info][gc,stats    ]   Rendezvous                         53 us
[88.307s][info][gc,stats    ]   Purge Unlinked                    112 us
[88.307s][info][gc,stats    ]     Code Roots                      102 us
[88.307s][info][gc,stats    ]     CLDG                              9 us
[88.307s][info][gc,stats    ]     Exception Caches                  0 us
[88.307s][info][gc,stats    ] Pause Final Roots (G)               161 us
[88.307s][info][gc,stats    ] Pause Final Roots (N)                55 us
[88.307s][info][gc,stats    ] 
[88.307s][info][gc,stats    ] Allocation pacing accrued:
[88.307s][info][gc,stats    ]       0 of   460 ms (  0.0%): <total>
[88.307s][info][gc,stats    ]       0 of   460 ms (  0.0%): <average total>
[88.307s][info][gc,stats    ] 
[88.307s][info][gc,metaspace] Metaspace: 8969K(9216K)->8969K(9216K) NonClass: 7796K(7936K)->7796K(7936K) Class: 1172K(1280K)->1172K(1280K)
[88.307s][info][gc,ergo     ] Pacer for Idle. Initial: 83886K, Alloc Tax Rate: 1.0x
[89.943s][info][gc          ] Trigger: Explicit GC request (System.gc())
[89.944s][info][gc,ergo     ] Free: 958M, Max: 2048K regular, 958M humongous, Frag: 0% external, 0% internal; Reserve: 206M, Max: 2048K
[89.944s][info][gc,start    ] GC(125) Concurrent reset
[89.944s][info][gc,task     ] GC(125) Using 1 of 3 workers for concurrent reset
[89.944s][info][gc,ergo     ] GC(125) Pacer for Reset. Non-Taxable: 4096M
[89.944s][info][gc          ] GC(125) Concurrent reset 0.474ms
[89.944s][info][gc,start    ] GC(125) Pause Init Mark (unload classes)
[89.944s][info][gc,task     ] GC(125) Using 3 of 3 workers for init marking
[89.944s][info][gc,ref      ] GC(125) Clearing All SoftReferences
[89.944s][info][gc,ergo     ] GC(125) Pacer for Mark. Expected Live: 9454K, Free: 958M, Non-Taxable: 98099K, Alloc Tax Rate: 0.0x
[89.944s][info][gc          ] GC(125) Pause Init Mark (unload classes) 0.238ms
[89.944s][info][gc,start    ] GC(125) Concurrent marking roots
[89.944s][info][gc,task     ] GC(125) Using 1 of 3 workers for concurrent marking roots
[89.945s][info][gc          ] GC(125) Concurrent marking roots 0.417ms
[89.945s][info][gc,start    ] GC(125) Concurrent marking (unload classes)
[89.945s][info][gc,task     ] GC(125) Using 1 of 3 workers for concurrent marking
[89.948s][info][gc          ] GC(125) Concurrent marking (unload classes) 3.428ms
[89.948s][info][gc,start    ] GC(125) Pause Final Mark (unload classes)
[89.948s][info][gc,task     ] GC(125) Using 3 of 3 workers for final marking
[89.949s][info][gc,ergo     ] GC(125) Collectable Garbage: 2896M (98%), Immediate: 2896M (98%), CSet: 0B (0%)
[89.949s][info][gc          ] GC(125) Pause Final Mark (unload classes) 0.358ms
[89.949s][info][gc,start    ] GC(125) Concurrent weak references
[89.949s][info][gc,task     ] GC(125) Using 1 of 3 workers for concurrent weak references
[89.949s][info][gc,ref      ] GC(125) Encountered references: Soft: 144, Weak: 702, Final: 0, Phantom: 27
[89.949s][info][gc,ref      ] GC(125) Discovered  references: Soft: 88, Weak: 168, Final: 0, Phantom: 25
[89.949s][info][gc,ref      ] GC(125) Enqueued    references: Soft: 3, Weak: 0, Final: 0, Phantom: 0
[89.949s][info][gc          ] GC(125) Concurrent weak references 0.149ms
[89.949s][info][gc,start    ] GC(125) Concurrent weak roots
[89.949s][info][gc,task     ] GC(125) Using 1 of 3 workers for concurrent weak root
[89.950s][info][gc          ] GC(125) Concurrent weak roots 0.536ms
[89.950s][info][gc,start    ] GC(125) Concurrent cleanup
[89.950s][info][gc          ] GC(125) Concurrent cleanup 2932M->36M(4096M) 0.085ms
[89.950s][info][gc,ergo     ] GC(125) Free: 3854M, Max: 2048K regular, 2720M humongous, Frag: 30% external, 0% internal; Reserve: 206M, Max: 2048K
[89.950s][info][gc,start    ] GC(125) Concurrent class unloading
[89.950s][info][gc,task     ] GC(125) Using 1 of 3 workers for concurrent class unloading
[89.952s][info][gc          ] GC(125) Concurrent class unloading 1.919ms
[89.952s][info][gc,start    ] GC(125) Pause Final Roots
[89.952s][info][gc          ] GC(125) Pause Final Roots 0.050ms
[89.952s][info][gc,ergo     ] Free: 3854M, Max: 2048K regular, 2720M humongous, Frag: 30% external, 0% internal; Reserve: 206M, Max: 2048K
[89.952s][info][gc,stats    ] 
[89.952s][info][gc,stats    ] All times are wall-clock times, except per-root-class counters, that are sum over
[89.952s][info][gc,stats    ] all workers. Dividing the <total> over the root stage time estimates parallelism.
[89.952s][info][gc,stats    ] 
[89.952s][info][gc,stats    ] Concurrent Reset                    507 us
[89.952s][info][gc,stats    ] Pause Init Mark (G)                 383 us
[89.952s][info][gc,stats    ] Pause Init Mark (N)                 259 us
[89.952s][info][gc,stats    ]   Update Region States               81 us
[89.952s][info][gc,stats    ] Concurrent Mark Roots               435 us, parallelism: 0.76x
[89.952s][info][gc,stats    ]   CMR: <total>                      330 us
[89.952s][info][gc,stats    ]   CMR: Thread Roots                 293 us, workers (us): 293, ---, ---, 
[89.952s][info][gc,stats    ]   CMR: VM Strong Roots                4 us, workers (us):   4, ---, ---, 
[89.952s][info][gc,stats    ]   CMR: CLDG Roots                    33 us, workers (us):  33, ---, ---, 
[89.952s][info][gc,stats    ] Concurrent Marking                 3482 us
[89.952s][info][gc,stats    ] Pause Final Mark (G)                466 us
[89.952s][info][gc,stats    ] Pause Final Mark (N)                378 us
[89.952s][info][gc,stats    ]   Finish Mark                       105 us
[89.952s][info][gc,stats    ]   Update Region States               90 us
[89.952s][info][gc,stats    ]   Choose Collection Set              70 us
[89.952s][info][gc,stats    ]   Rebuild Free Set                   16 us
[89.952s][info][gc,stats    ] Concurrent Weak References          156 us, parallelism: 0.09x
[89.952s][info][gc,stats    ]   CWRF: <total>                      14 us
[89.952s][info][gc,stats    ]   CWRF: Weak References              14 us, workers (us):  14, ---, ---, 
[89.952s][info][gc,stats    ] Concurrent Weak Roots               555 us
[89.952s][info][gc,stats    ]   Roots                             426 us, parallelism: 0.88x
[89.952s][info][gc,stats    ]     CWR: <total>                    373 us
[89.952s][info][gc,stats    ]     CWR: Code Cache Roots           309 us, workers (us): 309, ---, ---, 
[89.952s][info][gc,stats    ]     CWR: VM Weak Roots               59 us, workers (us):  59, ---, ---, 
[89.952s][info][gc,stats    ]     CWR: CLDG Roots                   5 us, workers (us):   5, ---, ---, 
[89.952s][info][gc,stats    ]   Rendezvous                         94 us
[89.952s][info][gc,stats    ] Concurrent Cleanup                   93 us
[89.952s][info][gc,stats    ] Concurrent Class Unloading         1964 us
[89.952s][info][gc,stats    ]   Unlink Stale                     1684 us
[89.952s][info][gc,stats    ]     System Dictionary                 3 us
[89.952s][info][gc,stats    ]     Weak Class Links                  0 us
[89.952s][info][gc,stats    ]     Code Roots                     1679 us
[89.952s][info][gc,stats    ]   Rendezvous                         81 us
[89.952s][info][gc,stats    ]   Purge Unlinked                    138 us
[89.952s][info][gc,stats    ]     Code Roots                      133 us
[89.952s][info][gc,stats    ]     CLDG                              5 us
[89.952s][info][gc,stats    ]     Exception Caches                  0 us
[89.952s][info][gc,stats    ] Pause Final Roots (G)               118 us
[89.952s][info][gc,stats    ] Pause Final Roots (N)                60 us
[89.952s][info][gc,stats    ] 
[89.952s][info][gc,stats    ] Allocation pacing accrued:
[89.953s][info][gc,stats    ]       0 of  1645 ms (  0.0%): <total>
[89.953s][info][gc,stats    ]       0 of  1645 ms (  0.0%): <average total>
[89.953s][info][gc,stats    ] 
[89.953s][info][gc,metaspace] Metaspace: 8969K(9216K)->8969K(9216K) NonClass: 7796K(7936K)->7797K(7936K) Class: 1172K(1280K)->1172K(1280K)
[89.953s][info][gc,ergo     ] Pacer for Idle. Initial: 83886K, Alloc Tax Rate: 1.0x
[90.415s][info][gc          ] Trigger: Learning 2 of 5. Free (2854M) is below initial threshold (2867M)
[90.415s][info][gc,ergo     ] Free: 2854M, Max: 2048K regular, 1764M humongous, Frag: 39% external, 0% internal; Reserve: 206M, Max: 2048K
[90.415s][info][gc,start    ] GC(126) Concurrent reset
[90.415s][info][gc,task     ] GC(126) Using 1 of 3 workers for concurrent reset
[90.415s][info][gc,ergo     ] GC(126) Pacer for Reset. Non-Taxable: 4096M
[90.415s][info][gc          ] GC(126) Concurrent reset 0.406ms
[90.416s][info][gc,start    ] GC(126) Pause Init Mark (unload classes)
[90.416s][info][gc,task     ] GC(126) Using 3 of 3 workers for init marking
[90.416s][info][gc,ergo     ] GC(126) Pacer for Mark. Expected Live: 9454K, Free: 2854M, Non-Taxable: 285M, Alloc Tax Rate: 0.0x
[90.416s][info][gc          ] GC(126) Pause Init Mark (unload classes) 0.204ms
[90.416s][info][gc,start    ] GC(126) Concurrent marking roots
[90.416s][info][gc,task     ] GC(126) Using 1 of 3 workers for concurrent marking roots
[90.417s][info][gc          ] GC(126) Concurrent marking roots 0.757ms
[90.417s][info][gc,start    ] GC(126) Concurrent marking (unload classes)
[90.417s][info][gc,task     ] GC(126) Using 1 of 3 workers for concurrent marking
[90.425s][info][gc          ] GC(126) Concurrent marking (unload classes) 8.198ms
[90.425s][info][gc,start    ] GC(126) Pause Final Mark (unload classes)
[90.425s][info][gc,task     ] GC(126) Using 3 of 3 workers for final marking
[90.425s][info][gc,ergo     ] GC(126) Collectable Garbage: 980M (95%), Immediate: 980M (95%), CSet: 0B (0%)
[90.425s][info][gc          ] GC(126) Pause Final Mark (unload classes) 0.310ms
[90.425s][info][gc,start    ] GC(126) Concurrent weak references
[90.425s][info][gc,task     ] GC(126) Using 1 of 3 workers for concurrent weak references
[90.426s][info][gc,ref      ] GC(126) Encountered references: Soft: 144, Weak: 702, Final: 0, Phantom: 27
[90.426s][info][gc,ref      ] GC(126) Discovered  references: Soft: 0, Weak: 150, Final: 0, Phantom: 12
[90.426s][info][gc,ref      ] GC(126) Enqueued    references: Soft: 0, Weak: 0, Final: 0, Phantom: 0
[90.426s][info][gc          ] GC(126) Concurrent weak references 0.223ms
[90.426s][info][gc,start    ] GC(126) Concurrent weak roots
[90.426s][info][gc,task     ] GC(126) Using 1 of 3 workers for concurrent weak root
[90.426s][info][gc          ] GC(126) Concurrent weak roots 0.560ms
[90.426s][info][gc,start    ] GC(126) Concurrent cleanup
[90.426s][info][gc          ] GC(126) Concurrent cleanup 1056M->76M(4096M) 0.042ms
[90.426s][info][gc,ergo     ] GC(126) Free: 3814M, Max: 2048K regular, 1744M humongous, Frag: 55% external, 0% internal; Reserve: 206M, Max: 2048K
[90.426s][info][gc,start    ] GC(126) Concurrent class unloading
[90.426s][info][gc,task     ] GC(126) Using 1 of 3 workers for concurrent class unloading
[90.428s][info][gc          ] GC(126) Concurrent class unloading 1.999ms
[90.428s][info][gc,start    ] GC(126) Pause Final Roots
[90.428s][info][gc          ] GC(126) Pause Final Roots 0.040ms
[90.429s][info][gc,ergo     ] Free: 3810M, Max: 2048K regular, 1744M humongous, Frag: 55% external, 0% internal; Reserve: 206M, Max: 2048K
[90.429s][info][gc,stats    ] 
[90.429s][info][gc,stats    ] All times are wall-clock times, except per-root-class counters, that are sum over
[90.429s][info][gc,stats    ] all workers. Dividing the <total> over the root stage time estimates parallelism.
[90.429s][info][gc,stats    ] 
[90.429s][info][gc,stats    ] Concurrent Reset                    447 us
[90.429s][info][gc,stats    ] Pause Init Mark (G)                 415 us
[90.429s][info][gc,stats    ] Pause Init Mark (N)                 226 us
[90.429s][info][gc,stats    ]   Update Region States               78 us
[90.429s][info][gc,stats    ] Concurrent Mark Roots               775 us, parallelism: 0.84x
[90.429s][info][gc,stats    ]   CMR: <total>                      652 us
[90.429s][info][gc,stats    ]   CMR: Thread Roots                 582 us, workers (us): 582, ---, ---, 
[90.429s][info][gc,stats    ]   CMR: VM Strong Roots                7 us, workers (us):   7, ---, ---, 
[90.429s][info][gc,stats    ]   CMR: CLDG Roots                    63 us, workers (us):  63, ---, ---, 
[90.429s][info][gc,stats    ] Concurrent Marking                 8261 us
[90.429s][info][gc,stats    ] Pause Final Mark (G)                452 us
[90.429s][info][gc,stats    ] Pause Final Mark (N)                329 us
[90.429s][info][gc,stats    ]   Finish Mark                       101 us
[90.429s][info][gc,stats    ]   Update Region States               66 us
[90.429s][info][gc,stats    ]   Choose Collection Set              62 us
[90.429s][info][gc,stats    ]   Rebuild Free Set                   17 us
[90.429s][info][gc,stats    ] Concurrent Weak References          239 us, parallelism: 0.03x
[90.429s][info][gc,stats    ]   CWRF: <total>                       8 us
[90.429s][info][gc,stats    ]   CWRF: Weak References               8 us, workers (us):   8, ---, ---, 
[90.429s][info][gc,stats    ] Concurrent Weak Roots               579 us
[90.429s][info][gc,stats    ]   Roots                             447 us, parallelism: 0.91x
[90.429s][info][gc,stats    ]     CWR: <total>                    408 us
[90.429s][info][gc,stats    ]     CWR: Code Cache Roots           338 us, workers (us): 338, ---, ---, 
[90.429s][info][gc,stats    ]     CWR: VM Weak Roots               66 us, workers (us):  66, ---, ---, 
[90.429s][info][gc,stats    ]     CWR: CLDG Roots                   5 us, workers (us):   5, ---, ---, 
[90.429s][info][gc,stats    ]   Rendezvous                         82 us
[90.429s][info][gc,stats    ] Concurrent Cleanup                   50 us
[90.429s][info][gc,stats    ] Concurrent Class Unloading         2049 us
[90.429s][info][gc,stats    ]   Unlink Stale                     1755 us
[90.429s][info][gc,stats    ]     System Dictionary                 2 us
[90.429s][info][gc,stats    ]     Weak Class Links                  0 us
[90.429s][info][gc,stats    ]     Code Roots                     1751 us
[90.429s][info][gc,stats    ]   Rendezvous                        113 us
[90.429s][info][gc,stats    ]   Purge Unlinked                    112 us
[90.429s][info][gc,stats    ]     Code Roots                      103 us
[90.429s][info][gc,stats    ]     CLDG                              9 us
[90.429s][info][gc,stats    ]     Exception Caches                  0 us
[90.429s][info][gc,stats    ] Pause Final Roots (G)               185 us
[90.429s][info][gc,stats    ] Pause Final Roots (N)                58 us
[90.429s][info][gc,stats    ] 
[90.429s][info][gc,stats    ] Allocation pacing accrued:
[90.429s][info][gc,stats    ]       0 of   476 ms (  0.0%): <total>
[90.429s][info][gc,stats    ]       0 of   476 ms (  0.0%): <average total>
[90.429s][info][gc,stats    ] 
[90.429s][info][gc,metaspace] Metaspace: 8970K(9216K)->8970K(9216K) NonClass: 7798K(7936K)->7798K(7936K) Class: 1172K(1280K)->1172K(1280K)
[90.429s][info][gc,ergo     ] Pacer for Idle. Initial: 83886K, Alloc Tax Rate: 1.0x
[90.886s][info][gc          ] Trigger: Learning 3 of 5. Free (2852M) is below initial threshold (2867M)
[90.886s][info][gc,ergo     ] Free: 2852M, Max: 2048K regular, 1744M humongous, Frag: 39% external, 0% internal; Reserve: 206M, Max: 2048K
[90.886s][info][gc,start    ] GC(127) Concurrent reset
[90.886s][info][gc,task     ] GC(127) Using 1 of 3 workers for concurrent reset
[90.886s][info][gc,ergo     ] GC(127) Pacer for Reset. Non-Taxable: 4096M
[90.887s][info][gc          ] GC(127) Concurrent reset 0.579ms
[90.887s][info][gc,start    ] GC(127) Pause Init Mark (unload classes)
[90.887s][info][gc,task     ] GC(127) Using 3 of 3 workers for init marking
[90.887s][info][gc,ergo     ] GC(127) Pacer for Mark. Expected Live: 9462K, Free: 2850M, Non-Taxable: 285M, Alloc Tax Rate: 0.0x
[90.887s][info][gc          ] GC(127) Pause Init Mark (unload classes) 0.244ms
[90.888s][info][gc,start    ] GC(127) Concurrent marking roots
[90.888s][info][gc,task     ] GC(127) Using 1 of 3 workers for concurrent marking roots
[90.888s][info][gc          ] GC(127) Concurrent marking roots 0.821ms
[90.888s][info][gc,start    ] GC(127) Concurrent marking (unload classes)
[90.888s][info][gc,task     ] GC(127) Using 1 of 3 workers for concurrent marking
[90.902s][info][gc          ] GC(127) Concurrent marking (unload classes) 13.131ms
[90.902s][info][gc,start    ] GC(127) Pause Final Mark (unload classes)
[90.902s][info][gc,task     ] GC(127) Using 3 of 3 workers for final marking
[90.902s][info][gc,ergo     ] GC(127) Collectable Garbage: 984M (95%), Immediate: 984M (95%), CSet: 0B (0%)
[90.902s][info][gc          ] GC(127) Pause Final Mark (unload classes) 0.362ms
[90.902s][info][gc,start    ] GC(127) Concurrent weak references
[90.902s][info][gc,task     ] GC(127) Using 1 of 3 workers for concurrent weak references
[90.902s][info][gc,ref      ] GC(127) Encountered references: Soft: 144, Weak: 702, Final: 0, Phantom: 27
[90.902s][info][gc,ref      ] GC(127) Discovered  references: Soft: 0, Weak: 150, Final: 0, Phantom: 12
[90.902s][info][gc,ref      ] GC(127) Enqueued    references: Soft: 0, Weak: 0, Final: 0, Phantom: 0
[90.902s][info][gc          ] GC(127) Concurrent weak references 0.140ms
[90.902s][info][gc,start    ] GC(127) Concurrent weak roots
[90.902s][info][gc,task     ] GC(127) Using 1 of 3 workers for concurrent weak root
[90.903s][info][gc          ] GC(127) Concurrent weak roots 0.695ms
[90.903s][info][gc,start    ] GC(127) Concurrent cleanup
[90.903s][info][gc          ] GC(127) Concurrent cleanup 1070M->86M(4096M) 0.048ms
[90.903s][info][gc,ergo     ] GC(127) Free: 3804M, Max: 2048K regular, 1728M humongous, Frag: 55% external, 0% internal; Reserve: 206M, Max: 2048K
[90.903s][info][gc,start    ] GC(127) Concurrent class unloading
[90.903s][info][gc,task     ] GC(127) Using 1 of 3 workers for concurrent class unloading
[90.905s][info][gc          ] GC(127) Concurrent class unloading 2.136ms
[90.905s][info][gc,start    ] GC(127) Pause Final Roots
[90.905s][info][gc          ] GC(127) Pause Final Roots 0.040ms
[90.905s][info][gc,ergo     ] Free: 3798M, Max: 2048K regular, 1728M humongous, Frag: 55% external, 0% internal; Reserve: 206M, Max: 2048K
[90.905s][info][gc,stats    ] 
[90.905s][info][gc,stats    ] All times are wall-clock times, except per-root-class counters, that are sum over
[90.905s][info][gc,stats    ] all workers. Dividing the <total> over the root stage time estimates parallelism.
[90.906s][info][gc,stats    ] 
[90.906s][info][gc,stats    ] Concurrent Reset                    646 us
[90.906s][info][gc,stats    ] Pause Init Mark (G)                 456 us
[90.906s][info][gc,stats    ] Pause Init Mark (N)                 262 us
[90.906s][info][gc,stats    ]   Update Region States              114 us
[90.906s][info][gc,stats    ] Concurrent Mark Roots               845 us, parallelism: 0.77x
[90.906s][info][gc,stats    ]   CMR: <total>                      652 us
[90.906s][info][gc,stats    ]   CMR: Thread Roots                 581 us, workers (us): 581, ---, ---, 
[90.906s][info][gc,stats    ]   CMR: VM Strong Roots                7 us, workers (us):   7, ---, ---, 
[90.906s][info][gc,stats    ]   CMR: CLDG Roots                    64 us, workers (us):  64, ---, ---, 
[90.906s][info][gc,stats    ] Concurrent Marking                13195 us
[90.906s][info][gc,stats    ] Pause Final Mark (G)                496 us
[90.906s][info][gc,stats    ] Pause Final Mark (N)                381 us
[90.906s][info][gc,stats    ]   Finish Mark                       106 us
[90.906s][info][gc,stats    ]   Update Region States               88 us
[90.906s][info][gc,stats    ]   Choose Collection Set              56 us
[90.906s][info][gc,stats    ]   Rebuild Free Set                   17 us
[90.906s][info][gc,stats    ] Concurrent Weak References          147 us, parallelism: 0.06x
[90.906s][info][gc,stats    ]   CWRF: <total>                       8 us
[90.906s][info][gc,stats    ]   CWRF: Weak References               8 us, workers (us):   8, ---, ---, 
[90.906s][info][gc,stats    ] Concurrent Weak Roots               714 us
[90.906s][info][gc,stats    ]   Roots                             597 us, parallelism: 0.88x
[90.906s][info][gc,stats    ]     CWR: <total>                    525 us
[90.906s][info][gc,stats    ]     CWR: Code Cache Roots           408 us, workers (us): 408, ---, ---, 
[90.906s][info][gc,stats    ]     CWR: VM Weak Roots              111 us, workers (us): 111, ---, ---, 
[90.906s][info][gc,stats    ]     CWR: CLDG Roots                   6 us, workers (us):   6, ---, ---, 
[90.906s][info][gc,stats    ]   Rendezvous                         83 us
[90.906s][info][gc,stats    ] Concurrent Cleanup                   56 us
[90.906s][info][gc,stats    ] Concurrent Class Unloading         2187 us
[90.906s][info][gc,stats    ]   Unlink Stale                     1895 us
[90.906s][info][gc,stats    ]     System Dictionary                 2 us
[90.906s][info][gc,stats    ]     Weak Class Links                  0 us
[90.906s][info][gc,stats    ]     Code Roots                     1892 us
[90.906s][info][gc,stats    ]   Rendezvous                        103 us
[90.906s][info][gc,stats    ]   Purge Unlinked                    118 us
[90.906s][info][gc,stats    ]     Code Roots                      109 us
[90.906s][info][gc,stats    ]     CLDG                              9 us
[90.906s][info][gc,stats    ]     Exception Caches                  0 us
[90.906s][info][gc,stats    ] Pause Final Roots (G)               185 us
[90.906s][info][gc,stats    ] Pause Final Roots (N)                58 us
[90.906s][info][gc,stats    ] 
[90.906s][info][gc,stats    ] Allocation pacing accrued:
[90.906s][info][gc,stats    ]       0 of   477 ms (  0.0%): <total>
[90.906s][info][gc,stats    ]       0 of   477 ms (  0.0%): <average total>
[90.906s][info][gc,stats    ] 
[90.906s][info][gc,metaspace] Metaspace: 8970K(9216K)->8970K(9216K) NonClass: 7798K(7936K)->7798K(7936K) Class: 1172K(1280K)->1172K(1280K)
[90.906s][info][gc,ergo     ] Pacer for Idle. Initial: 83886K, Alloc Tax Rate: 1.0x
[91.356s][info][gc          ] Trigger: Learning 4 of 5. Free (2850M) is below initial threshold (2867M)
[91.356s][info][gc,ergo     ] Free: 2850M, Max: 2048K regular, 1728M humongous, Frag: 40% external, 0% internal; Reserve: 206M, Max: 2048K
[91.356s][info][gc,start    ] GC(128) Concurrent reset
[91.356s][info][gc,task     ] GC(128) Using 1 of 3 workers for concurrent reset
[91.356s][info][gc,ergo     ] GC(128) Pacer for Reset. Non-Taxable: 4096M
[91.357s][info][gc          ] GC(128) Concurrent reset 0.578ms
[91.357s][info][gc,start    ] GC(128) Pause Init Mark (unload classes)
[91.357s][info][gc,task     ] GC(128) Using 3 of 3 workers for init marking
[91.357s][info][gc,ergo     ] GC(128) Pacer for Mark. Expected Live: 9460K, Free: 2848M, Non-Taxable: 284M, Alloc Tax Rate: 0.0x
[91.357s][info][gc          ] GC(128) Pause Init Mark (unload classes) 0.245ms
[91.357s][info][gc,start    ] GC(128) Concurrent marking roots
[91.357s][info][gc,task     ] GC(128) Using 1 of 3 workers for concurrent marking roots
[91.358s][info][gc          ] GC(128) Concurrent marking roots 0.808ms
[91.358s][info][gc,start    ] GC(128) Concurrent marking (unload classes)
[91.358s][info][gc,task     ] GC(128) Using 1 of 3 workers for concurrent marking
[91.376s][info][gc          ] GC(128) Concurrent marking (unload classes) 17.411ms
[91.376s][info][gc,start    ] GC(128) Pause Final Mark (unload classes)
[91.376s][info][gc,task     ] GC(128) Using 3 of 3 workers for final marking
[91.376s][info][gc,ergo     ] GC(128) Collectable Garbage: 976M (94%), Immediate: 976M (94%), CSet: 0B (0%)
[91.376s][info][gc          ] GC(128) Pause Final Mark (unload classes) 0.320ms
[91.376s][info][gc,start    ] GC(128) Concurrent weak references
[91.376s][info][gc,task     ] GC(128) Using 1 of 3 workers for concurrent weak references
[91.376s][info][gc,ref      ] GC(128) Encountered references: Soft: 144, Weak: 702, Final: 0, Phantom: 27
[91.376s][info][gc,ref      ] GC(128) Discovered  references: Soft: 0, Weak: 150, Final: 0, Phantom: 12
[91.376s][info][gc,ref      ] GC(128) Enqueued    references: Soft: 0, Weak: 0, Final: 0, Phantom: 0
[91.376s][info][gc          ] GC(128) Concurrent weak references 0.157ms
[91.376s][info][gc,start    ] GC(128) Concurrent weak roots
[91.376s][info][gc,task     ] GC(128) Using 1 of 3 workers for concurrent weak root
[91.377s][info][gc          ] GC(128) Concurrent weak roots 0.650ms
[91.377s][info][gc,start    ] GC(128) Concurrent cleanup
[91.377s][info][gc          ] GC(128) Concurrent cleanup 1082M->106M(4096M) 0.043ms
[91.377s][info][gc,ergo     ] GC(128) Free: 3784M, Max: 2048K regular, 1716M humongous, Frag: 55% external, 0% internal; Reserve: 206M, Max: 2048K
[91.377s][info][gc,start    ] GC(128) Concurrent class unloading
[91.377s][info][gc,task     ] GC(128) Using 1 of 3 workers for concurrent class unloading
[91.380s][info][gc          ] GC(128) Concurrent class unloading 2.393ms
[91.380s][info][gc,start    ] GC(128) Pause Final Roots
[91.380s][info][gc          ] GC(128) Pause Final Roots 0.040ms
[91.380s][info][gc,ergo     ] Free: 3778M, Max: 2048K regular, 1716M humongous, Frag: 55% external, 0% internal; Reserve: 206M, Max: 2048K
[91.380s][info][gc,stats    ] 
[91.380s][info][gc,stats    ] All times are wall-clock times, except per-root-class counters, that are sum over
[91.380s][info][gc,stats    ] all workers. Dividing the <total> over the root stage time estimates parallelism.
[91.380s][info][gc,stats    ] 
[91.380s][info][gc,stats    ] Concurrent Reset                    641 us
[91.380s][info][gc,stats    ] Pause Init Mark (G)                 448 us
[91.380s][info][gc,stats    ] Pause Init Mark (N)                 264 us
[91.380s][info][gc,stats    ]   Update Region States              113 us
[91.380s][info][gc,stats    ] Concurrent Mark Roots               832 us, parallelism: 0.77x
[91.380s][info][gc,stats    ]   CMR: <total>                      642 us
[91.380s][info][gc,stats    ]   CMR: Thread Roots                 569 us, workers (us): 569, ---, ---, 
[91.380s][info][gc,stats    ]   CMR: VM Strong Roots                7 us, workers (us):   7, ---, ---, 
[91.380s][info][gc,stats    ]   CMR: CLDG Roots                    66 us, workers (us):  66, ---, ---, 
[91.380s][info][gc,stats    ] Concurrent Marking                17473 us
[91.380s][info][gc,stats    ] Pause Final Mark (G)                463 us
[91.380s][info][gc,stats    ] Pause Final Mark (N)                339 us
[91.380s][info][gc,stats    ]   Finish Mark                       102 us
[91.380s][info][gc,stats    ]   Update Region States               65 us
[91.380s][info][gc,stats    ]   Choose Collection Set              65 us
[91.380s][info][gc,stats    ]   Rebuild Free Set                   17 us
[91.380s][info][gc,stats    ] Concurrent Weak References          179 us, parallelism: 0.03x
[91.380s][info][gc,stats    ]   CWRF: <total>                       5 us
[91.380s][info][gc,stats    ]   CWRF: Weak References               5 us, workers (us):   5, ---, ---, 
[91.380s][info][gc,stats    ] Concurrent Weak Roots               669 us
[91.380s][info][gc,stats    ]   Roots                             530 us, parallelism: 0.86x
[91.380s][info][gc,stats    ]     CWR: <total>                    459 us
[91.380s][info][gc,stats    ]     CWR: Code Cache Roots           355 us, workers (us): 355, ---, ---, 
[91.380s][info][gc,stats    ]     CWR: VM Weak Roots               98 us, workers (us):  98, ---, ---, 
[91.380s][info][gc,stats    ]     CWR: CLDG Roots                   6 us, workers (us):   6, ---, ---, 
[91.380s][info][gc,stats    ]   Rendezvous                         83 us
[91.380s][info][gc,stats    ] Concurrent Cleanup                   51 us
[91.380s][info][gc,stats    ] Concurrent Class Unloading         2458 us
[91.380s][info][gc,stats    ]   Unlink Stale                     2027 us
[91.380s][info][gc,stats    ]     System Dictionary                 2 us
[91.380s][info][gc,stats    ]     Weak Class Links                  0 us
[91.380s][info][gc,stats    ]     Code Roots                     2023 us
[91.380s][info][gc,stats    ]   Rendezvous                        144 us
[91.380s][info][gc,stats    ]   Purge Unlinked                    202 us
[91.380s][info][gc,stats    ]     Code Roots                      189 us
[91.380s][info][gc,stats    ]     CLDG                             12 us
[91.380s][info][gc,stats    ]     Exception Caches                  0 us
[91.380s][info][gc,stats    ] Pause Final Roots (G)               173 us
[91.380s][info][gc,stats    ] Pause Final Roots (N)                57 us
[91.380s][info][gc,stats    ] 
[91.380s][info][gc,stats    ] Allocation pacing accrued:
[91.380s][info][gc,stats    ]       0 of   475 ms (  0.0%): <total>
[91.381s][info][gc,stats    ]       0 of   475 ms (  0.0%): <average total>
[91.381s][info][gc,stats    ] 
[91.381s][info][gc,metaspace] Metaspace: 8970K(9216K)->8970K(9216K) NonClass: 7798K(7936K)->7798K(7936K) Class: 1172K(1280K)->1172K(1280K)
[91.381s][info][gc,ergo     ] Pacer for Idle. Initial: 83886K, Alloc Tax Rate: 1.0x
[91.812s][info][gc          ] Trigger: Learning 5 of 5. Free (2848M) is below initial threshold (2867M)
[91.812s][info][gc,ergo     ] Free: 2848M, Max: 2048K regular, 1716M humongous, Frag: 40% external, 0% internal; Reserve: 206M, Max: 2048K
[91.812s][info][gc,start    ] GC(129) Concurrent reset
[91.812s][info][gc,task     ] GC(129) Using 1 of 3 workers for concurrent reset
[91.812s][info][gc,ergo     ] GC(129) Pacer for Reset. Non-Taxable: 4096M
[91.813s][info][gc          ] GC(129) Concurrent reset 0.555ms
[91.813s][info][gc,start    ] GC(129) Pause Init Mark (unload classes)
[91.813s][info][gc,task     ] GC(129) Using 3 of 3 workers for init marking
[91.813s][info][gc,ergo     ] GC(129) Pacer for Mark. Expected Live: 9456K, Free: 2846M, Non-Taxable: 284M, Alloc Tax Rate: 0.0x
[91.813s][info][gc          ] GC(129) Pause Init Mark (unload classes) 0.172ms
[91.813s][info][gc,start    ] GC(129) Concurrent marking roots
[91.813s][info][gc,task     ] GC(129) Using 1 of 3 workers for concurrent marking roots
[91.813s][info][gc          ] GC(129) Concurrent marking roots 0.461ms
[91.813s][info][gc,start    ] GC(129) Concurrent marking (unload classes)
[91.813s][info][gc,task     ] GC(129) Using 1 of 3 workers for concurrent marking
[91.835s][info][gc          ] GC(129) Concurrent marking (unload classes) 21.023ms
[91.835s][info][gc,start    ] GC(129) Pause Final Mark (unload classes)
[91.835s][info][gc,task     ] GC(129) Using 3 of 3 workers for final marking
[91.835s][info][gc,ergo     ] GC(129) Collectable Garbage: 968M (94%), Immediate: 968M (94%), CSet: 0B (0%)
[91.835s][info][gc          ] GC(129) Pause Final Mark (unload classes) 0.317ms
[91.835s][info][gc,start    ] GC(129) Concurrent weak references
[91.835s][info][gc,task     ] GC(129) Using 1 of 3 workers for concurrent weak references
[91.835s][info][gc,ref      ] GC(129) Encountered references: Soft: 144, Weak: 702, Final: 0, Phantom: 27
[91.835s][info][gc,ref      ] GC(129) Discovered  references: Soft: 0, Weak: 150, Final: 0, Phantom: 12
[91.835s][info][gc,ref      ] GC(129) Enqueued    references: Soft: 0, Weak: 0, Final: 0, Phantom: 0
[91.835s][info][gc          ] GC(129) Concurrent weak references 0.156ms
[91.835s][info][gc,start    ] GC(129) Concurrent weak roots
[91.835s][info][gc,task     ] GC(129) Using 1 of 3 workers for concurrent weak root
[91.836s][info][gc          ] GC(129) Concurrent weak roots 0.728ms
[91.836s][info][gc,start    ] GC(129) Concurrent cleanup
[91.836s][info][gc          ] GC(129) Concurrent cleanup 1090M->122M(4096M) 0.043ms
[91.836s][info][gc,ergo     ] GC(129) Free: 3768M, Max: 2048K regular, 1708M humongous, Frag: 55% external, 0% internal; Reserve: 206M, Max: 2048K
[91.836s][info][gc,start    ] GC(129) Concurrent class unloading
[91.836s][info][gc,task     ] GC(129) Using 1 of 3 workers for concurrent class unloading
[91.838s][info][gc          ] GC(129) Concurrent class unloading 2.279ms
[91.838s][info][gc,start    ] GC(129) Pause Final Roots
[91.838s][info][gc          ] GC(129) Pause Final Roots 0.041ms
[91.839s][info][gc,ergo     ] Free: 3762M, Max: 2048K regular, 1708M humongous, Frag: 55% external, 0% internal; Reserve: 206M, Max: 2048K
[91.839s][info][gc,stats    ] 
[91.839s][info][gc,stats    ] All times are wall-clock times, except per-root-class counters, that are sum over
[91.839s][info][gc,stats    ] all workers. Dividing the <total> over the root stage time estimates parallelism.
[91.839s][info][gc,stats    ] 
[91.839s][info][gc,stats    ] Concurrent Reset                    611 us
[91.839s][info][gc,stats    ] Pause Init Mark (G)                 366 us
[91.839s][info][gc,stats    ] Pause Init Mark (N)                 189 us
[91.839s][info][gc,stats    ]   Update Region States               68 us
[91.839s][info][gc,stats    ] Concurrent Mark Roots               479 us, parallelism: 0.72x
[91.839s][info][gc,stats    ]   CMR: <total>                      343 us
[91.839s][info][gc,stats    ]   CMR: Thread Roots                 303 us, workers (us): 303, ---, ---, 
[91.839s][info][gc,stats    ]   CMR: VM Strong Roots                4 us, workers (us):   4, ---, ---, 
[91.839s][info][gc,stats    ]   CMR: CLDG Roots                    35 us, workers (us):  35, ---, ---, 
[91.839s][info][gc,stats    ] Concurrent Marking                21084 us
[91.839s][info][gc,stats    ] Pause Final Mark (G)                460 us
[91.839s][info][gc,stats    ] Pause Final Mark (N)                336 us
[91.839s][info][gc,stats    ]   Finish Mark                       106 us
[91.839s][info][gc,stats    ]   Update Region States               65 us
[91.839s][info][gc,stats    ]   Choose Collection Set              61 us
[91.839s][info][gc,stats    ]   Rebuild Free Set                   17 us
[91.839s][info][gc,stats    ] Concurrent Weak References          172 us, parallelism: 0.03x
[91.839s][info][gc,stats    ]   CWRF: <total>                       5 us
[91.839s][info][gc,stats    ]   CWRF: Weak References               5 us, workers (us):   5, ---, ---, 
[91.839s][info][gc,stats    ] Concurrent Weak Roots               747 us
[91.839s][info][gc,stats    ]   Roots                             608 us, parallelism: 0.88x
[91.839s][info][gc,stats    ]     CWR: <total>                    533 us
[91.839s][info][gc,stats    ]     CWR: Code Cache Roots           416 us, workers (us): 416, ---, ---, 
[91.839s][info][gc,stats    ]     CWR: VM Weak Roots              111 us, workers (us): 111, ---, ---, 
[91.839s][info][gc,stats    ]     CWR: CLDG Roots                   6 us, workers (us):   6, ---, ---, 
[91.839s][info][gc,stats    ]   Rendezvous                         88 us
[91.839s][info][gc,stats    ] Concurrent Cleanup                   51 us
[91.839s][info][gc,stats    ] Concurrent Class Unloading         2343 us
[91.839s][info][gc,stats    ]   Unlink Stale                     1936 us
[91.839s][info][gc,stats    ]     System Dictionary                 3 us
[91.839s][info][gc,stats    ]     Weak Class Links                  0 us
[91.839s][info][gc,stats    ]     Code Roots                     1931 us
[91.839s][info][gc,stats    ]   Rendezvous                        119 us
[91.839s][info][gc,stats    ]   Purge Unlinked                    203 us
[91.839s][info][gc,stats    ]     Code Roots                      190 us
[91.839s][info][gc,stats    ]     CLDG                             12 us
[91.839s][info][gc,stats    ]     Exception Caches                  0 us
[91.839s][info][gc,stats    ] Pause Final Roots (G)               170 us
[91.839s][info][gc,stats    ] Pause Final Roots (N)                59 us
[91.839s][info][gc,stats    ] 
[91.839s][info][gc,stats    ] Allocation pacing accrued:
[91.839s][info][gc,stats    ]       0 of   458 ms (  0.0%): <total>
[91.839s][info][gc,stats    ]       0 of   458 ms (  0.0%): <average total>
[91.839s][info][gc,stats    ] 
[91.839s][info][gc,metaspace] Metaspace: 8970K(9216K)->8970K(9216K) NonClass: 7798K(7936K)->7798K(7936K) Class: 1172K(1280K)->1172K(1280K)
[91.839s][info][gc,ergo     ] Pacer for Idle. Initial: 83886K, Alloc Tax Rate: 1.0x
[93.492s][info][gc          ] Trigger: Explicit GC request (System.gc())
[93.492s][info][gc,ergo     ] Free: 955M, Max: 2048K regular, 954M humongous, Frag: 0% external, 0% internal; Reserve: 206M, Max: 2048K
[93.492s][info][gc,start    ] GC(130) Concurrent reset
[93.492s][info][gc,task     ] GC(130) Using 1 of 3 workers for concurrent reset
[93.492s][info][gc,ergo     ] GC(130) Pacer for Reset. Non-Taxable: 4096M
[93.493s][info][gc          ] GC(130) Concurrent reset 0.759ms
[93.493s][info][gc,start    ] GC(130) Pause Init Mark (unload classes)
[93.493s][info][gc,task     ] GC(130) Using 3 of 3 workers for init marking
[93.493s][info][gc,ref      ] GC(130) Clearing All SoftReferences
[93.493s][info][gc,ergo     ] GC(130) Pacer for Mark. Expected Live: 9453K, Free: 955M, Non-Taxable: 97892K, Alloc Tax Rate: 0.0x
[93.493s][info][gc          ] GC(130) Pause Init Mark (unload classes) 0.256ms
[93.493s][info][gc,start    ] GC(130) Concurrent marking roots
[93.493s][info][gc,task     ] GC(130) Using 1 of 3 workers for concurrent marking roots
[93.494s][info][gc          ] GC(130) Concurrent marking roots 0.588ms
[93.494s][info][gc,start    ] GC(130) Concurrent marking (unload classes)
[93.494s][info][gc,task     ] GC(130) Using 1 of 3 workers for concurrent marking
[93.498s][info][gc          ] GC(130) Concurrent marking (unload classes) 3.585ms
[93.498s][info][gc,start    ] GC(130) Pause Final Mark (unload classes)
[93.498s][info][gc,task     ] GC(130) Using 3 of 3 workers for final marking
[93.498s][info][gc,ergo     ] GC(130) Collectable Garbage: 2897M (98%), Immediate: 2897M (98%), CSet: 0B (0%)
[93.498s][info][gc          ] GC(130) Pause Final Mark (unload classes) 0.417ms
[93.498s][info][gc,start    ] GC(130) Concurrent weak references
[93.498s][info][gc,task     ] GC(130) Using 1 of 3 workers for concurrent weak references
[93.498s][info][gc,ref      ] GC(130) Encountered references: Soft: 144, Weak: 702, Final: 0, Phantom: 27
[93.499s][info][gc,ref      ] GC(130) Discovered  references: Soft: 88, Weak: 168, Final: 0, Phantom: 25
[93.499s][info][gc,ref      ] GC(130) Enqueued    references: Soft: 3, Weak: 0, Final: 0, Phantom: 0
[93.499s][info][gc          ] GC(130) Concurrent weak references 0.344ms
[93.499s][info][gc,start    ] GC(130) Concurrent weak roots
[93.499s][info][gc,task     ] GC(130) Using 1 of 3 workers for concurrent weak root
[93.499s][info][gc          ] GC(130) Concurrent weak roots 0.539ms
[93.499s][info][gc,start    ] GC(130) Concurrent cleanup
[93.499s][info][gc          ] GC(130) Concurrent cleanup 2933M->36M(4096M) 0.089ms
[93.499s][info][gc,ergo     ] GC(130) Free: 3853M, Max: 2048K regular, 2720M humongous, Frag: 30% external, 0% internal; Reserve: 206M, Max: 2048K
[93.499s][info][gc,start    ] GC(130) Concurrent class unloading
[93.499s][info][gc,task     ] GC(130) Using 1 of 3 workers for concurrent class unloading
[93.501s][info][gc          ] GC(130) Concurrent class unloading 2.220ms
[93.502s][info][gc,start    ] GC(130) Pause Final Roots
[93.502s][info][gc          ] GC(130) Pause Final Roots 0.056ms
[93.502s][info][gc,ergo     ] Free: 3853M, Max: 2048K regular, 2720M humongous, Frag: 30% external, 0% internal; Reserve: 206M, Max: 2048K
[93.502s][info][gc,stats    ] 
[93.502s][info][gc,stats    ] All times are wall-clock times, except per-root-class counters, that are sum over
[93.502s][info][gc,stats    ] all workers. Dividing the <total> over the root stage time estimates parallelism.
[93.502s][info][gc,stats    ] 
[93.502s][info][gc,stats    ] Concurrent Reset                    821 us
[93.502s][info][gc,stats    ] Pause Init Mark (G)                 425 us
[93.502s][info][gc,stats    ] Pause Init Mark (N)                 273 us
[93.502s][info][gc,stats    ]   Update Region States              107 us
[93.502s][info][gc,stats    ] Concurrent Mark Roots               606 us, parallelism: 0.75x
[93.502s][info][gc,stats    ]   CMR: <total>                      456 us
[93.502s][info][gc,stats    ]   CMR: Thread Roots                 368 us, workers (us): 368, ---, ---, 
[93.502s][info][gc,stats    ]   CMR: VM Strong Roots                8 us, workers (us):   8, ---, ---, 
[93.502s][info][gc,stats    ]   CMR: CLDG Roots                    81 us, workers (us):  81, ---, ---, 
[93.502s][info][gc,stats    ] Concurrent Marking                 3673 us
[93.502s][info][gc,stats    ] Pause Final Mark (G)                552 us
[93.502s][info][gc,stats    ] Pause Final Mark (N)                437 us
[93.502s][info][gc,stats    ]   Finish Mark                       119 us
[93.502s][info][gc,stats    ]   Update Region States               89 us
[93.502s][info][gc,stats    ]   Choose Collection Set              73 us
[93.502s][info][gc,stats    ]   Rebuild Free Set                   19 us
[93.502s][info][gc,stats    ] Concurrent Weak References          360 us, parallelism: 0.02x
[93.502s][info][gc,stats    ]   CWRF: <total>                       9 us
[93.502s][info][gc,stats    ]   CWRF: Weak References               9 us, workers (us):   9, ---, ---, 
[93.502s][info][gc,stats    ] Concurrent Weak Roots               558 us
[93.502s][info][gc,stats    ]   Roots                             423 us, parallelism: 0.87x
[93.502s][info][gc,stats    ]     CWR: <total>                    369 us
[93.502s][info][gc,stats    ]     CWR: Code Cache Roots           301 us, workers (us): 301, ---, ---, 
[93.502s][info][gc,stats    ]     CWR: VM Weak Roots               63 us, workers (us):  63, ---, ---, 
[93.502s][info][gc,stats    ]     CWR: CLDG Roots                   5 us, workers (us):   5, ---, ---, 
[93.502s][info][gc,stats    ]   Rendezvous                         84 us
[93.502s][info][gc,stats    ] Concurrent Cleanup                   97 us
[93.502s][info][gc,stats    ] Concurrent Class Unloading         2269 us
[93.502s][info][gc,stats    ]   Unlink Stale                     1807 us
[93.502s][info][gc,stats    ]     System Dictionary                 2 us
[93.502s][info][gc,stats    ]     Weak Class Links                  0 us
[93.502s][info][gc,stats    ]     Code Roots                     1803 us
[93.502s][info][gc,stats    ]   Rendezvous                        276 us
[93.502s][info][gc,stats    ]   Purge Unlinked                    118 us
[93.502s][info][gc,stats    ]     Code Roots                      108 us
[93.502s][info][gc,stats    ]     CLDG                              9 us
[93.502s][info][gc,stats    ]     Exception Caches                  0 us
[93.502s][info][gc,stats    ] Pause Final Roots (G)               195 us
[93.502s][info][gc,stats    ] Pause Final Roots (N)                79 us
[93.502s][info][gc,stats    ] 
[93.502s][info][gc,stats    ] Allocation pacing accrued:
[93.503s][info][gc,stats    ]       0 of  1664 ms (  0.0%): <total>
[93.503s][info][gc,stats    ]       0 of  1664 ms (  0.0%): <average total>
[93.503s][info][gc,stats    ] 
[93.503s][info][gc,metaspace] Metaspace: 8976K(9216K)->8976K(9216K) NonClass: 7804K(7936K)->7804K(7936K) Class: 1172K(1280K)->1172K(1280K)
[93.503s][info][gc,ergo     ] Pacer for Idle. Initial: 83886K, Alloc Tax Rate: 1.0x
[93.963s][info][gc          ] Trigger: Learning 2 of 5. Free (2863M) is below initial threshold (2867M)
[93.963s][info][gc,ergo     ] Free: 2863M, Max: 2048K regular, 1774M humongous, Frag: 39% external, 0% internal; Reserve: 206M, Max: 2048K
[93.963s][info][gc,start    ] GC(131) Concurrent reset
[93.963s][info][gc,task     ] GC(131) Using 1 of 3 workers for concurrent reset
[93.963s][info][gc,ergo     ] GC(131) Pacer for Reset. Non-Taxable: 4096M
[93.963s][info][gc          ] GC(131) Concurrent reset 0.476ms
[93.964s][info][gc,start    ] GC(131) Pause Init Mark (unload classes)
[93.964s][info][gc,task     ] GC(131) Using 3 of 3 workers for init marking
[93.964s][info][gc,ergo     ] GC(131) Pacer for Mark. Expected Live: 9453K, Free: 2861M, Non-Taxable: 286M, Alloc Tax Rate: 0.0x
[93.964s][info][gc          ] GC(131) Pause Init Mark (unload classes) 0.171ms
[93.964s][info][gc,start    ] GC(131) Concurrent marking roots
[93.964s][info][gc,task     ] GC(131) Using 1 of 3 workers for concurrent marking roots
[93.964s][info][gc          ] GC(131) Concurrent marking roots 0.411ms
[93.964s][info][gc,start    ] GC(131) Concurrent marking (unload classes)
[93.964s][info][gc,task     ] GC(131) Using 1 of 3 workers for concurrent marking
[93.973s][info][gc          ] GC(131) Concurrent marking (unload classes) 8.727ms
[93.973s][info][gc,start    ] GC(131) Pause Final Mark (unload classes)
[93.973s][info][gc,task     ] GC(131) Using 3 of 3 workers for final marking
[93.973s][info][gc,ergo     ] GC(131) Collectable Garbage: 974M (95%), Immediate: 974M (95%), CSet: 0B (0%)
[93.973s][info][gc          ] GC(131) Pause Final Mark (unload classes) 0.336ms
[93.974s][info][gc,start    ] GC(131) Concurrent weak references
[93.974s][info][gc,task     ] GC(131) Using 1 of 3 workers for concurrent weak references
[93.974s][info][gc,ref      ] GC(131) Encountered references: Soft: 144, Weak: 702, Final: 0, Phantom: 27
[93.974s][info][gc,ref      ] GC(131) Discovered  references: Soft: 0, Weak: 150, Final: 0, Phantom: 12
[93.974s][info][gc,ref      ] GC(131) Enqueued    references: Soft: 0, Weak: 0, Final: 0, Phantom: 0
[93.974s][info][gc          ] GC(131) Concurrent weak references 0.125ms
[93.974s][info][gc,start    ] GC(131) Concurrent weak roots
[93.974s][info][gc,task     ] GC(131) Using 1 of 3 workers for concurrent weak root
[93.974s][info][gc          ] GC(131) Concurrent weak roots 0.714ms
[93.974s][info][gc,start    ] GC(131) Concurrent cleanup
[93.974s][info][gc          ] GC(131) Concurrent cleanup 1050M->76M(4096M) 0.043ms
[93.974s][info][gc,ergo     ] GC(131) Free: 3813M, Max: 2048K regular, 1750M humongous, Frag: 55% external, 0% internal; Reserve: 206M, Max: 2048K
[93.974s][info][gc,start    ] GC(131) Concurrent class unloading
[93.974s][info][gc,task     ] GC(131) Using 1 of 3 workers for concurrent class unloading
[93.977s][info][gc          ] GC(131) Concurrent class unloading 2.549ms
[93.977s][info][gc,start    ] GC(131) Pause Final Roots
[93.977s][info][gc          ] GC(131) Pause Final Roots 0.039ms
[93.977s][info][gc,ergo     ] Free: 3807M, Max: 2048K regular, 1750M humongous, Frag: 55% external, 0% internal; Reserve: 206M, Max: 2048K
[93.977s][info][gc,stats    ] 
[93.977s][info][gc,stats    ] All times are wall-clock times, except per-root-class counters, that are sum over
[93.977s][info][gc,stats    ] all workers. Dividing the <total> over the root stage time estimates parallelism.
[93.977s][info][gc,stats    ] 
[93.977s][info][gc,stats    ] Concurrent Reset                    532 us
[93.977s][info][gc,stats    ] Pause Init Mark (G)                 335 us
[93.977s][info][gc,stats    ] Pause Init Mark (N)                 188 us
[93.977s][info][gc,stats    ]   Update Region States               66 us
[93.977s][info][gc,stats    ] Concurrent Mark Roots               428 us, parallelism: 0.76x
[93.977s][info][gc,stats    ]   CMR: <total>                      327 us
[93.977s][info][gc,stats    ]   CMR: Thread Roots                 288 us, workers (us): 288, ---, ---, 
[93.977s][info][gc,stats    ]   CMR: VM Strong Roots                4 us, workers (us):   4, ---, ---, 
[93.978s][info][gc,stats    ]   CMR: CLDG Roots                    35 us, workers (us):  35, ---, ---, 
[93.978s][info][gc,stats    ] Concurrent Marking                 8785 us
[93.978s][info][gc,stats    ] Pause Final Mark (G)                460 us
[93.978s][info][gc,stats    ] Pause Final Mark (N)                354 us
[93.978s][info][gc,stats    ]   Finish Mark                       108 us
[93.978s][info][gc,stats    ]   Update Region States               89 us
[93.978s][info][gc,stats    ]   Choose Collection Set              61 us
[93.978s][info][gc,stats    ]   Rebuild Free Set                   17 us
[93.978s][info][gc,stats    ] Concurrent Weak References          132 us, parallelism: 0.04x
[93.978s][info][gc,stats    ]   CWRF: <total>                       5 us
[93.978s][info][gc,stats    ]   CWRF: Weak References               5 us, workers (us):   5, ---, ---, 
[93.978s][info][gc,stats    ] Concurrent Weak Roots               734 us
[93.978s][info][gc,stats    ]   Roots                             620 us, parallelism: 0.89x
[93.978s][info][gc,stats    ]     CWR: <total>                    550 us
[93.978s][info][gc,stats    ]     CWR: Code Cache Roots           433 us, workers (us): 433, ---, ---, 
[93.978s][info][gc,stats    ]     CWR: VM Weak Roots              111 us, workers (us): 111, ---, ---, 
[93.978s][info][gc,stats    ]     CWR: CLDG Roots                   6 us, workers (us):   6, ---, ---, 
[93.978s][info][gc,stats    ]   Rendezvous                         78 us
[93.978s][info][gc,stats    ] Concurrent Cleanup                   51 us
[93.978s][info][gc,stats    ] Concurrent Class Unloading         2605 us
[93.978s][info][gc,stats    ]   Unlink Stale                     2072 us
[93.978s][info][gc,stats    ]     System Dictionary                 3 us
[93.978s][info][gc,stats    ]     Weak Class Links                  0 us
[93.978s][info][gc,stats    ]     Code Roots                     2068 us
[93.978s][info][gc,stats    ]   Rendezvous                        297 us
[93.978s][info][gc,stats    ]   Purge Unlinked                    161 us
[93.978s][info][gc,stats    ]     Code Roots                      152 us
[93.978s][info][gc,stats    ]     CLDG                              9 us
[93.978s][info][gc,stats    ]     Exception Caches                  0 us
[93.978s][info][gc,stats    ] Pause Final Roots (G)               166 us
[93.978s][info][gc,stats    ] Pause Final Roots (N)                56 us
[93.978s][info][gc,stats    ] 
[93.978s][info][gc,stats    ] Allocation pacing accrued:
[93.978s][info][gc,stats    ]       0 of   475 ms (  0.0%): <total>
[93.978s][info][gc,stats    ]       0 of   475 ms (  0.0%): <average total>
[93.978s][info][gc,stats    ] 
[93.978s][info][gc,metaspace] Metaspace: 8976K(9216K)->8976K(9216K) NonClass: 7804K(7936K)->7804K(7936K) Class: 1172K(1280K)->1172K(1280K)
[93.978s][info][gc,ergo     ] Pacer for Idle. Initial: 83886K, Alloc Tax Rate: 1.0x
[94.434s][info][gc          ] Trigger: Learning 3 of 5. Free (2845M) is below initial threshold (2867M)
[94.435s][info][gc,ergo     ] Free: 2845M, Max: 2048K regular, 1750M humongous, Frag: 39% external, 0% internal; Reserve: 206M, Max: 2048K
[94.435s][info][gc,start    ] GC(132) Concurrent reset
[94.435s][info][gc,task     ] GC(132) Using 1 of 3 workers for concurrent reset
[94.435s][info][gc,ergo     ] GC(132) Pacer for Reset. Non-Taxable: 4096M
[94.435s][info][gc          ] GC(132) Concurrent reset 0.594ms
[94.435s][info][gc,start    ] GC(132) Pause Init Mark (unload classes)
[94.435s][info][gc,task     ] GC(132) Using 3 of 3 workers for init marking
[94.436s][info][gc,ergo     ] GC(132) Pacer for Mark. Expected Live: 9447K, Free: 2843M, Non-Taxable: 284M, Alloc Tax Rate: 0.0x
[94.436s][info][gc          ] GC(132) Pause Init Mark (unload classes) 0.185ms
[94.436s][info][gc,start    ] GC(132) Concurrent marking roots
[94.436s][info][gc,task     ] GC(132) Using 1 of 3 workers for concurrent marking roots
[94.436s][info][gc          ] GC(132) Concurrent marking roots 0.760ms
[94.436s][info][gc,start    ] GC(132) Concurrent marking (unload classes)
[94.436s][info][gc,task     ] GC(132) Using 1 of 3 workers for concurrent marking
[94.450s][info][gc          ] GC(132) Concurrent marking (unload classes) 13.107ms
[94.450s][info][gc,start    ] GC(132) Pause Final Mark (unload classes)
[94.450s][info][gc,task     ] GC(132) Using 3 of 3 workers for final marking
[94.450s][info][gc,ergo     ] GC(132) Collectable Garbage: 984M (94%), Immediate: 984M (94%), CSet: 0B (0%)
[94.450s][info][gc          ] GC(132) Pause Final Mark (unload classes) 0.353ms
[94.450s][info][gc,start    ] GC(132) Concurrent weak references
[94.450s][info][gc,task     ] GC(132) Using 1 of 3 workers for concurrent weak references
[94.450s][info][gc,ref      ] GC(132) Encountered references: Soft: 144, Weak: 702, Final: 0, Phantom: 27
[94.450s][info][gc,ref      ] GC(132) Discovered  references: Soft: 0, Weak: 150, Final: 0, Phantom: 12
[94.450s][info][gc,ref      ] GC(132) Enqueued    references: Soft: 0, Weak: 0, Final: 0, Phantom: 0
[94.450s][info][gc          ] GC(132) Concurrent weak references 0.213ms
[94.450s][info][gc,start    ] GC(132) Concurrent weak roots
[94.450s][info][gc,task     ] GC(132) Using 1 of 3 workers for concurrent weak root
[94.451s][info][gc          ] GC(132) Concurrent weak roots 0.706ms
[94.451s][info][gc,start    ] GC(132) Concurrent cleanup
[94.451s][info][gc          ] GC(132) Concurrent cleanup 1078M->94M(4096M) 0.046ms
[94.451s][info][gc,ergo     ] GC(132) Free: 3795M, Max: 2048K regular, 1720M humongous, Frag: 55% external, 0% internal; Reserve: 206M, Max: 2048K
[94.451s][info][gc,start    ] GC(132) Concurrent class unloading
[94.451s][info][gc,task     ] GC(132) Using 1 of 3 workers for concurrent class unloading
[94.453s][info][gc          ] GC(132) Concurrent class unloading 2.145ms
[94.453s][info][gc,start    ] GC(132) Pause Final Roots
[94.453s][info][gc          ] GC(132) Pause Final Roots 0.039ms
[94.454s][info][gc,ergo     ] Free: 3791M, Max: 2048K regular, 1720M humongous, Frag: 55% external, 0% internal; Reserve: 206M, Max: 2048K
[94.454s][info][gc,stats    ] 
[94.454s][info][gc,stats    ] All times are wall-clock times, except per-root-class counters, that are sum over
[94.454s][info][gc,stats    ] all workers. Dividing the <total> over the root stage time estimates parallelism.
[94.454s][info][gc,stats    ] 
[94.454s][info][gc,stats    ] Concurrent Reset                    662 us
[94.454s][info][gc,stats    ] Pause Init Mark (G)                 337 us
[94.454s][info][gc,stats    ] Pause Init Mark (N)                 203 us
[94.454s][info][gc,stats    ]   Update Region States               72 us
[94.454s][info][gc,stats    ] Concurrent Mark Roots               784 us, parallelism: 0.84x
[94.454s][info][gc,stats    ]   CMR: <total>                      658 us
[94.454s][info][gc,stats    ]   CMR: Thread Roots                 587 us, workers (us): 587, ---, ---, 
[94.454s][info][gc,stats    ]   CMR: VM Strong Roots                6 us, workers (us):   6, ---, ---, 
[94.454s][info][gc,stats    ]   CMR: CLDG Roots                    65 us, workers (us):  65, ---, ---, 
[94.454s][info][gc,stats    ] Concurrent Marking                13170 us
[94.454s][info][gc,stats    ] Pause Final Mark (G)                489 us
[94.454s][info][gc,stats    ] Pause Final Mark (N)                372 us
[94.454s][info][gc,stats    ]   Finish Mark                       144 us
[94.454s][info][gc,stats    ]   Update Region States               64 us
[94.454s][info][gc,stats    ]   Choose Collection Set              63 us
[94.454s][info][gc,stats    ]   Rebuild Free Set                   17 us
[94.454s][info][gc,stats    ] Concurrent Weak References          234 us, parallelism: 0.02x
[94.454s][info][gc,stats    ]   CWRF: <total>                       5 us
[94.454s][info][gc,stats    ]   CWRF: Weak References               5 us, workers (us):   5, ---, ---, 
[94.454s][info][gc,stats    ] Concurrent Weak Roots               725 us
[94.454s][info][gc,stats    ]   Roots                             596 us, parallelism: 0.87x
[94.454s][info][gc,stats    ]     CWR: <total>                    520 us
[94.454s][info][gc,stats    ]     CWR: Code Cache Roots           402 us, workers (us): 402, ---, ---, 
[94.454s][info][gc,stats    ]     CWR: VM Weak Roots              112 us, workers (us): 112, ---, ---, 
[94.454s][info][gc,stats    ]     CWR: CLDG Roots                   6 us, workers (us):   6, ---, ---, 
[94.454s][info][gc,stats    ]   Rendezvous                         79 us
[94.454s][info][gc,stats    ] Concurrent Cleanup                   54 us
[94.454s][info][gc,stats    ] Concurrent Class Unloading         2197 us
[94.454s][info][gc,stats    ]   Unlink Stale                     1828 us
[94.454s][info][gc,stats    ]     System Dictionary                 2 us
[94.454s][info][gc,stats    ]     Weak Class Links                  1 us
[94.454s][info][gc,stats    ]     Code Roots                     1823 us
[94.454s][info][gc,stats    ]   Rendezvous                        145 us
[94.454s][info][gc,stats    ]   Purge Unlinked                    154 us
[94.454s][info][gc,stats    ]     Code Roots                      145 us
[94.454s][info][gc,stats    ]     CLDG                              9 us
[94.454s][info][gc,stats    ]     Exception Caches                  0 us
[94.454s][info][gc,stats    ] Pause Final Roots (G)               187 us
[94.454s][info][gc,stats    ] Pause Final Roots (N)                57 us
[94.454s][info][gc,stats    ] 
[94.454s][info][gc,stats    ] Allocation pacing accrued:
[94.454s][info][gc,stats    ]       0 of   476 ms (  0.0%): <total>
[94.454s][info][gc,stats    ]       0 of   476 ms (  0.0%): <average total>
[94.454s][info][gc,stats    ] 
[94.454s][info][gc,metaspace] Metaspace: 8976K(9216K)->8976K(9216K) NonClass: 7804K(7936K)->7804K(7936K) Class: 1172K(1280K)->1172K(1280K)
[94.454s][info][gc,ergo     ] Pacer for Idle. Initial: 83886K, Alloc Tax Rate: 1.0x
[94.906s][info][gc          ] Trigger: Learning 4 of 5. Free (2833M) is below initial threshold (2867M)
[94.906s][info][gc,ergo     ] Free: 2833M, Max: 2048K regular, 1720M humongous, Frag: 40% external, 0% internal; Reserve: 206M, Max: 2048K
[94.906s][info][gc,start    ] GC(133) Concurrent reset
[94.906s][info][gc,task     ] GC(133) Using 1 of 3 workers for concurrent reset
[94.906s][info][gc,ergo     ] GC(133) Pacer for Reset. Non-Taxable: 4096M
[94.906s][info][gc          ] GC(133) Concurrent reset 0.608ms
[94.907s][info][gc,start    ] GC(133) Pause Init Mark (unload classes)
[94.907s][info][gc,task     ] GC(133) Using 3 of 3 workers for init marking
[94.907s][info][gc,ergo     ] GC(133) Pacer for Mark. Expected Live: 9447K, Free: 2831M, Non-Taxable: 283M, Alloc Tax Rate: 0.0x
[94.907s][info][gc          ] GC(133) Pause Init Mark (unload classes) 0.168ms
[94.907s][info][gc,start    ] GC(133) Concurrent marking roots
[94.907s][info][gc,task     ] GC(133) Using 1 of 3 workers for concurrent marking roots
[94.907s][info][gc          ] GC(133) Concurrent marking roots 0.685ms
[94.907s][info][gc,start    ] GC(133) Concurrent marking (unload classes)
[94.907s][info][gc,task     ] GC(133) Using 1 of 3 workers for concurrent marking
[94.925s][info][gc          ] GC(133) Concurrent marking (unload classes) 17.121ms
[94.925s][info][gc,start    ] GC(133) Pause Final Mark (unload classes)
[94.925s][info][gc,task     ] GC(133) Using 3 of 3 workers for final marking
[94.925s][info][gc,ergo     ] GC(133) Collectable Garbage: 990M (94%), Immediate: 990M (94%), CSet: 0B (0%)
[94.925s][info][gc          ] GC(133) Pause Final Mark (unload classes) 0.229ms
[94.925s][info][gc,start    ] GC(133) Concurrent weak references
[94.925s][info][gc,task     ] GC(133) Using 1 of 3 workers for concurrent weak references
[94.925s][info][gc,ref      ] GC(133) Encountered references: Soft: 144, Weak: 702, Final: 0, Phantom: 27
[94.925s][info][gc,ref      ] GC(133) Discovered  references: Soft: 0, Weak: 150, Final: 0, Phantom: 12
[94.925s][info][gc,ref      ] GC(133) Enqueued    references: Soft: 0, Weak: 0, Final: 0, Phantom: 0
[94.925s][info][gc          ] GC(133) Concurrent weak references 0.154ms
[94.925s][info][gc,start    ] GC(133) Concurrent weak roots
[94.925s][info][gc,task     ] GC(133) Using 1 of 3 workers for concurrent weak root
[94.926s][info][gc          ] GC(133) Concurrent weak roots 0.617ms
[94.926s][info][gc,start    ] GC(133) Concurrent cleanup
[94.926s][info][gc          ] GC(133) Concurrent cleanup 1096M->106M(4096M) 0.043ms
[94.926s][info][gc,ergo     ] GC(133) Free: 3783M, Max: 2048K regular, 1702M humongous, Frag: 55% external, 0% internal; Reserve: 206M, Max: 2048K
[94.926s][info][gc,start    ] GC(133) Concurrent class unloading
[94.926s][info][gc,task     ] GC(133) Using 1 of 3 workers for concurrent class unloading
[94.928s][info][gc          ] GC(133) Concurrent class unloading 2.301ms
[94.928s][info][gc,start    ] GC(133) Pause Final Roots
[94.928s][info][gc          ] GC(133) Pause Final Roots 0.039ms
[94.928s][info][gc,ergo     ] Free: 3777M, Max: 2048K regular, 1702M humongous, Frag: 55% external, 0% internal; Reserve: 206M, Max: 2048K
[94.928s][info][gc,stats    ] 
[94.928s][info][gc,stats    ] All times are wall-clock times, except per-root-class counters, that are sum over
[94.929s][info][gc,stats    ] all workers. Dividing the <total> over the root stage time estimates parallelism.
[94.929s][info][gc,stats    ] 
[94.929s][info][gc,stats    ] Concurrent Reset                    674 us
[94.929s][info][gc,stats    ] Pause Init Mark (G)                 307 us
[94.929s][info][gc,stats    ] Pause Init Mark (N)                 185 us
[94.929s][info][gc,stats    ]   Update Region States               65 us
[94.929s][info][gc,stats    ] Concurrent Mark Roots               703 us, parallelism: 0.83x
[94.929s][info][gc,stats    ]   CMR: <total>                      584 us
[94.929s][info][gc,stats    ]   CMR: Thread Roots                 515 us, workers (us): 515, ---, ---, 
[94.929s][info][gc,stats    ]   CMR: VM Strong Roots                7 us, workers (us):   7, ---, ---, 
[94.929s][info][gc,stats    ]   CMR: CLDG Roots                    63 us, workers (us):  63, ---, ---, 
[94.929s][info][gc,stats    ] Concurrent Marking                17184 us
[94.929s][info][gc,stats    ] Pause Final Mark (G)                337 us
[94.929s][info][gc,stats    ] Pause Final Mark (N)                239 us
[94.929s][info][gc,stats    ]   Finish Mark                        85 us
[94.929s][info][gc,stats    ]   Update Region States               57 us
[94.929s][info][gc,stats    ]   Choose Collection Set              40 us
[94.929s][info][gc,stats    ]   Rebuild Free Set                    8 us
[94.929s][info][gc,stats    ] Concurrent Weak References          170 us, parallelism: 0.03x
[94.929s][info][gc,stats    ]   CWRF: <total>                       5 us
[94.929s][info][gc,stats    ]   CWRF: Weak References               5 us, workers (us):   5, ---, ---, 
[94.929s][info][gc,stats    ] Concurrent Weak Roots               636 us
[94.929s][info][gc,stats    ]   Roots                             508 us, parallelism: 0.89x
[94.929s][info][gc,stats    ]     CWR: <total>                    452 us
[94.929s][info][gc,stats    ]     CWR: Code Cache Roots           385 us, workers (us): 385, ---, ---, 
[94.929s][info][gc,stats    ]     CWR: VM Weak Roots               62 us, workers (us):  62, ---, ---, 
[94.929s][info][gc,stats    ]     CWR: CLDG Roots                   5 us, workers (us):   5, ---, ---, 
[94.929s][info][gc,stats    ]   Rendezvous                         78 us
[94.929s][info][gc,stats    ] Concurrent Cleanup                   51 us
[94.929s][info][gc,stats    ] Concurrent Class Unloading         2354 us
[94.929s][info][gc,stats    ]   Unlink Stale                     2021 us
[94.929s][info][gc,stats    ]     System Dictionary                 2 us
[94.929s][info][gc,stats    ]     Weak Class Links                  0 us
[94.929s][info][gc,stats    ]     Code Roots                     2017 us
[94.929s][info][gc,stats    ]   Rendezvous                        145 us
[94.929s][info][gc,stats    ]   Purge Unlinked                    115 us
[94.929s][info][gc,stats    ]     Code Roots                      105 us
[94.929s][info][gc,stats    ]     CLDG                              9 us
[94.929s][info][gc,stats    ]     Exception Caches                  0 us
[94.929s][info][gc,stats    ] Pause Final Roots (G)               166 us
[94.929s][info][gc,stats    ] Pause Final Roots (N)                56 us
[94.929s][info][gc,stats    ] 
[94.929s][info][gc,stats    ] Allocation pacing accrued:
[94.929s][info][gc,stats    ]       0 of   475 ms (  0.0%): <total>
[94.929s][info][gc,stats    ]       0 of   475 ms (  0.0%): <average total>
[94.929s][info][gc,stats    ] 
[94.929s][info][gc,metaspace] Metaspace: 8976K(9216K)->8976K(9216K) NonClass: 7804K(7936K)->7804K(7936K) Class: 1172K(1280K)->1172K(1280K)
[94.929s][info][gc,ergo     ] Pacer for Idle. Initial: 83886K, Alloc Tax Rate: 1.0x
[95.360s][info][gc          ] Trigger: Learning 5 of 5. Free (2849M) is below initial threshold (2867M)
[95.360s][info][gc,ergo     ] Free: 2849M, Max: 2048K regular, 1702M humongous, Frag: 41% external, 0% internal; Reserve: 206M, Max: 2048K
[95.360s][info][gc,start    ] GC(134) Concurrent reset
[95.360s][info][gc,task     ] GC(134) Using 1 of 3 workers for concurrent reset
[95.360s][info][gc,ergo     ] GC(134) Pacer for Reset. Non-Taxable: 4096M
[95.360s][info][gc          ] GC(134) Concurrent reset 0.541ms
[95.361s][info][gc,start    ] GC(134) Pause Init Mark (unload classes)
[95.361s][info][gc,task     ] GC(134) Using 3 of 3 workers for init marking
[95.361s][info][gc,ergo     ] GC(134) Pacer for Mark. Expected Live: 9451K, Free: 2847M, Non-Taxable: 284M, Alloc Tax Rate: 0.0x
[95.361s][info][gc          ] GC(134) Pause Init Mark (unload classes) 0.131ms
[95.361s][info][gc,start    ] GC(134) Concurrent marking roots
[95.361s][info][gc,task     ] GC(134) Using 1 of 3 workers for concurrent marking roots
[95.361s][info][gc          ] GC(134) Concurrent marking roots 0.412ms
[95.361s][info][gc,start    ] GC(134) Concurrent marking (unload classes)
[95.361s][info][gc,task     ] GC(134) Using 1 of 3 workers for concurrent marking
[95.382s][info][gc          ] GC(134) Concurrent marking (unload classes) 20.881ms
[95.382s][info][gc,start    ] GC(134) Pause Final Mark (unload classes)
[95.382s][info][gc,task     ] GC(134) Using 3 of 3 workers for final marking
[95.382s][info][gc,ergo     ] GC(134) Collectable Garbage: 966M (94%), Immediate: 966M (94%), CSet: 0B (0%)
[95.382s][info][gc          ] GC(134) Pause Final Mark (unload classes) 0.239ms
[95.382s][info][gc,start    ] GC(134) Concurrent weak references
[95.382s][info][gc,task     ] GC(134) Using 1 of 3 workers for concurrent weak references
[95.383s][info][gc,ref      ] GC(134) Encountered references: Soft: 144, Weak: 702, Final: 0, Phantom: 27
[95.383s][info][gc,ref      ] GC(134) Discovered  references: Soft: 0, Weak: 150, Final: 0, Phantom: 25
[95.383s][info][gc,ref      ] GC(134) Enqueued    references: Soft: 0, Weak: 0, Final: 0, Phantom: 0
[95.383s][info][gc          ] GC(134) Concurrent weak references 0.113ms
[95.383s][info][gc,start    ] GC(134) Concurrent weak roots
[95.383s][info][gc,task     ] GC(134) Using 1 of 3 workers for concurrent weak root
[95.383s][info][gc          ] GC(134) Concurrent weak roots 0.521ms
[95.383s][info][gc,start    ] GC(134) Concurrent cleanup
[95.383s][info][gc          ] GC(134) Concurrent cleanup 1088M->122M(4096M) 0.043ms
[95.383s][info][gc,ergo     ] GC(134) Free: 3767M, Max: 2048K regular, 1728M humongous, Frag: 55% external, 0% internal; Reserve: 206M, Max: 2048K
[95.383s][info][gc,start    ] GC(134) Concurrent class unloading
[95.383s][info][gc,task     ] GC(134) Using 1 of 3 workers for concurrent class unloading
[95.385s][info][gc          ] GC(134) Concurrent class unloading 2.289ms
[95.386s][info][gc,start    ] GC(134) Pause Final Roots
[95.386s][info][gc          ] GC(134) Pause Final Roots 0.026ms
[95.386s][info][gc,ergo     ] Free: 3763M, Max: 2048K regular, 1728M humongous, Frag: 55% external, 0% internal; Reserve: 206M, Max: 2048K
[95.386s][info][gc,stats    ] 
[95.386s][info][gc,stats    ] All times are wall-clock times, except per-root-class counters, that are sum over
[95.386s][info][gc,stats    ] all workers. Dividing the <total> over the root stage time estimates parallelism.
[95.386s][info][gc,stats    ] 
[95.386s][info][gc,stats    ] Concurrent Reset                    583 us
[95.386s][info][gc,stats    ] Pause Init Mark (G)                 273 us
[95.386s][info][gc,stats    ] Pause Init Mark (N)                 141 us
[95.386s][info][gc,stats    ]   Update Region States               56 us
[95.386s][info][gc,stats    ] Concurrent Mark Roots               430 us, parallelism: 0.76x
[95.386s][info][gc,stats    ]   CMR: <total>                      328 us
[95.386s][info][gc,stats    ]   CMR: Thread Roots                 288 us, workers (us): 288, ---, ---, 
[95.386s][info][gc,stats    ]   CMR: VM Strong Roots                5 us, workers (us):   5, ---, ---, 
[95.386s][info][gc,stats    ]   CMR: CLDG Roots                    35 us, workers (us):  35, ---, ---, 
[95.386s][info][gc,stats    ] Concurrent Marking                20941 us
[95.386s][info][gc,stats    ] Pause Final Mark (G)                336 us
[95.386s][info][gc,stats    ] Pause Final Mark (N)                255 us
[95.386s][info][gc,stats    ]   Finish Mark                        78 us
[95.386s][info][gc,stats    ]   Update Region States               45 us
[95.386s][info][gc,stats    ]   Choose Collection Set              46 us
[95.386s][info][gc,stats    ]   Rebuild Free Set                   17 us
[95.386s][info][gc,stats    ] Concurrent Weak References          120 us, parallelism: 0.04x
[95.386s][info][gc,stats    ]   CWRF: <total>                       5 us
[95.386s][info][gc,stats    ]   CWRF: Weak References               5 us, workers (us):   5, ---, ---, 
[95.386s][info][gc,stats    ] Concurrent Weak Roots               539 us
[95.386s][info][gc,stats    ]   Roots                             470 us, parallelism: 0.89x
[95.386s][info][gc,stats    ]     CWR: <total>                    417 us
[95.386s][info][gc,stats    ]     CWR: Code Cache Roots           350 us, workers (us): 350, ---, ---, 
[95.386s][info][gc,stats    ]     CWR: VM Weak Roots               61 us, workers (us):  61, ---, ---, 
[95.386s][info][gc,stats    ]     CWR: CLDG Roots                   6 us, workers (us):   6, ---, ---, 
[95.386s][info][gc,stats    ]   Rendezvous                         36 us
[95.386s][info][gc,stats    ] Concurrent Cleanup                   51 us
[95.386s][info][gc,stats    ] Concurrent Class Unloading         2341 us
[95.386s][info][gc,stats    ]   Unlink Stale                     2077 us
[95.386s][info][gc,stats    ]     System Dictionary                 3 us
[95.386s][info][gc,stats    ]     Weak Class Links                  0 us
[95.386s][info][gc,stats    ]     Code Roots                     2073 us
[95.386s][info][gc,stats    ]   Rendezvous                         43 us
[95.386s][info][gc,stats    ]   Purge Unlinked                    151 us
[95.386s][info][gc,stats    ]     Code Roots                      140 us
[95.386s][info][gc,stats    ]     CLDG                             10 us
[95.386s][info][gc,stats    ]     Exception Caches                  0 us
[95.386s][info][gc,stats    ] Pause Final Roots (G)               131 us
[95.386s][info][gc,stats    ] Pause Final Roots (N)                41 us
[95.386s][info][gc,stats    ] 
[95.386s][info][gc,stats    ] Allocation pacing accrued:
[95.386s][info][gc,stats    ]       0 of   458 ms (  0.0%): <total>
[95.386s][info][gc,stats    ]       0 of   458 ms (  0.0%): <average total>
[95.386s][info][gc,stats    ] 
[95.386s][info][gc,metaspace] Metaspace: 8976K(9216K)->8976K(9216K) NonClass: 7804K(7936K)->7804K(7936K) Class: 1172K(1280K)->1172K(1280K)
[95.386s][info][gc,ergo     ] Pacer for Idle. Initial: 83886K, Alloc Tax Rate: 1.0x
[97.023s][info][gc          ] Trigger: Explicit GC request (System.gc())
[97.023s][info][gc,ergo     ] Free: 957M, Max: 2048K regular, 954M humongous, Frag: 1% external, 0% internal; Reserve: 206M, Max: 2048K
[97.023s][info][gc,start    ] GC(135) Concurrent reset
[97.023s][info][gc,task     ] GC(135) Using 1 of 3 workers for concurrent reset
[97.023s][info][gc,ergo     ] GC(135) Pacer for Reset. Non-Taxable: 4096M
[97.024s][info][gc          ] GC(135) Concurrent reset 0.463ms
[97.024s][info][gc,start    ] GC(135) Pause Init Mark (unload classes)
[97.024s][info][gc,task     ] GC(135) Using 3 of 3 workers for init marking
[97.024s][info][gc,ref      ] GC(135) Clearing All SoftReferences
[97.024s][info][gc,ergo     ] GC(135) Pacer for Mark. Expected Live: 9449K, Free: 957M, Non-Taxable: 98097K, Alloc Tax Rate: 0.0x
[97.024s][info][gc          ] GC(135) Pause Init Mark (unload classes) 0.128ms
[97.024s][info][gc,start    ] GC(135) Concurrent marking roots
[97.024s][info][gc,task     ] GC(135) Using 1 of 3 workers for concurrent marking roots
[97.025s][info][gc          ] GC(135) Concurrent marking roots 0.660ms
[97.025s][info][gc,start    ] GC(135) Concurrent marking (unload classes)
[97.025s][info][gc,task     ] GC(135) Using 1 of 3 workers for concurrent marking
[97.029s][info][gc          ] GC(135) Concurrent marking (unload classes) 3.834ms
[97.029s][info][gc,start    ] GC(135) Pause Final Mark (unload classes)
[97.029s][info][gc,task     ] GC(135) Using 3 of 3 workers for final marking
[97.029s][info][gc,ergo     ] GC(135) Collectable Garbage: 2896M (98%), Immediate: 2896M (98%), CSet: 0B (0%)
[97.029s][info][gc          ] GC(135) Pause Final Mark (unload classes) 0.301ms
[97.029s][info][gc,start    ] GC(135) Concurrent weak references
[97.029s][info][gc,task     ] GC(135) Using 1 of 3 workers for concurrent weak references
[97.029s][info][gc,ref      ] GC(135) Encountered references: Soft: 144, Weak: 702, Final: 0, Phantom: 27
[97.029s][info][gc,ref      ] GC(135) Discovered  references: Soft: 88, Weak: 168, Final: 0, Phantom: 25
[97.029s][info][gc,ref      ] GC(135) Enqueued    references: Soft: 3, Weak: 0, Final: 0, Phantom: 0
[97.029s][info][gc          ] GC(135) Concurrent weak references 0.242ms
[97.029s][info][gc,start    ] GC(135) Concurrent weak roots
[97.029s][info][gc,task     ] GC(135) Using 1 of 3 workers for concurrent weak root
[97.030s][info][gc          ] GC(135) Concurrent weak roots 0.518ms
[97.030s][info][gc,start    ] GC(135) Concurrent cleanup
[97.030s][info][gc          ] GC(135) Concurrent cleanup 2932M->36M(4096M) 0.107ms
[97.030s][info][gc,ergo     ] GC(135) Free: 3853M, Max: 2048K regular, 2720M humongous, Frag: 30% external, 0% internal; Reserve: 206M, Max: 2048K
[97.030s][info][gc,start    ] GC(135) Concurrent class unloading
[97.030s][info][gc,task     ] GC(135) Using 1 of 3 workers for concurrent class unloading
[97.032s][info][gc          ] GC(135) Concurrent class unloading 1.948ms
[97.032s][info][gc,start    ] GC(135) Pause Final Roots
[97.032s][info][gc          ] GC(135) Pause Final Roots 0.013ms
[97.032s][info][gc,ergo     ] Free: 3853M, Max: 2048K regular, 2720M humongous, Frag: 30% external, 0% internal; Reserve: 206M, Max: 2048K
[97.032s][info][gc,stats    ] 
[97.032s][info][gc,stats    ] All times are wall-clock times, except per-root-class counters, that are sum over
[97.032s][info][gc,stats    ] all workers. Dividing the <total> over the root stage time estimates parallelism.
[97.032s][info][gc,stats    ] 
[97.032s][info][gc,stats    ] Concurrent Reset                    519 us
[97.032s][info][gc,stats    ] Pause Init Mark (G)                 214 us
[97.032s][info][gc,stats    ] Pause Init Mark (N)                 136 us
[97.032s][info][gc,stats    ]   Update Region States               53 us
[97.032s][info][gc,stats    ] Concurrent Mark Roots               689 us, parallelism: 0.73x
[97.032s][info][gc,stats    ]   CMR: <total>                      500 us
[97.032s][info][gc,stats    ]   CMR: Thread Roots                 460 us, workers (us): 460, ---, ---, 
[97.032s][info][gc,stats    ]   CMR: VM Strong Roots                5 us, workers (us):   5, ---, ---, 
[97.032s][info][gc,stats    ]   CMR: CLDG Roots                    35 us, workers (us):  35, ---, ---, 
[97.032s][info][gc,stats    ] Concurrent Marking                 3898 us
[97.032s][info][gc,stats    ] Pause Final Mark (G)                397 us
[97.032s][info][gc,stats    ] Pause Final Mark (N)                322 us
[97.032s][info][gc,stats    ]   Finish Mark                        89 us
[97.032s][info][gc,stats    ]   Update Region States               55 us
[97.032s][info][gc,stats    ]   Choose Collection Set              71 us
[97.032s][info][gc,stats    ]   Rebuild Free Set                   21 us
[97.033s][info][gc,stats    ] Concurrent Weak References          258 us, parallelism: 0.06x
[97.033s][info][gc,stats    ]   CWRF: <total>                      16 us
[97.033s][info][gc,stats    ]   CWRF: Weak References              16 us, workers (us):  16, ---, ---, 
[97.033s][info][gc,stats    ] Concurrent Weak Roots               538 us
[97.033s][info][gc,stats    ]   Roots                             430 us, parallelism: 0.87x
[97.033s][info][gc,stats    ]     CWR: <total>                    376 us
[97.033s][info][gc,stats    ]     CWR: Code Cache Roots           311 us, workers (us): 311, ---, ---, 
[97.033s][info][gc,stats    ]     CWR: VM Weak Roots               61 us, workers (us):  61, ---, ---, 
[97.033s][info][gc,stats    ]     CWR: CLDG Roots                   4 us, workers (us):   4, ---, ---, 
[97.033s][info][gc,stats    ]   Rendezvous                         56 us
[97.033s][info][gc,stats    ] Concurrent Cleanup                  115 us
[97.033s][info][gc,stats    ] Concurrent Class Unloading         1997 us
[97.033s][info][gc,stats    ]   Unlink Stale                     1695 us
[97.033s][info][gc,stats    ]     System Dictionary                 3 us
[97.033s][info][gc,stats    ]     Weak Class Links                  0 us
[97.033s][info][gc,stats    ]     Code Roots                     1691 us
[97.033s][info][gc,stats    ]   Rendezvous                         39 us
[97.033s][info][gc,stats    ]   Purge Unlinked                    195 us
[97.033s][info][gc,stats    ]     Code Roots                      184 us
[97.033s][info][gc,stats    ]     CLDG                             10 us
[97.033s][info][gc,stats    ]     Exception Caches                  0 us
[97.033s][info][gc,stats    ] Pause Final Roots (G)                49 us
[97.033s][info][gc,stats    ] Pause Final Roots (N)                20 us
[97.033s][info][gc,stats    ] 
[97.033s][info][gc,stats    ] Allocation pacing accrued:
[97.033s][info][gc,stats    ]       0 of  1646 ms (  0.0%): <total>
[97.033s][info][gc,stats    ]       0 of  1646 ms (  0.0%): <average total>
[97.033s][info][gc,stats    ] 
[97.033s][info][gc,metaspace] Metaspace: 8976K(9216K)->8976K(9216K) NonClass: 7804K(7936K)->7804K(7936K) Class: 1172K(1280K)->1172K(1280K)
[97.033s][info][gc,ergo     ] Pacer for Idle. Initial: 83886K, Alloc Tax Rate: 1.0x
[97.494s][info][gc          ] Trigger: Learning 2 of 5. Free (2859M) is below initial threshold (2867M)
[97.494s][info][gc,ergo     ] Free: 2859M, Max: 2048K regular, 1770M humongous, Frag: 39% external, 0% internal; Reserve: 206M, Max: 2048K
[97.494s][info][gc,start    ] GC(136) Concurrent reset
[97.494s][info][gc,task     ] GC(136) Using 1 of 3 workers for concurrent reset
[97.494s][info][gc,ergo     ] GC(136) Pacer for Reset. Non-Taxable: 4096M
[97.495s][info][gc          ] GC(136) Concurrent reset 0.475ms
[97.495s][info][gc,start    ] GC(136) Pause Init Mark (unload classes)
[97.495s][info][gc,task     ] GC(136) Using 3 of 3 workers for init marking
[97.495s][info][gc,ergo     ] GC(136) Pacer for Mark. Expected Live: 9449K, Free: 2857M, Non-Taxable: 285M, Alloc Tax Rate: 0.0x
[97.495s][info][gc          ] GC(136) Pause Init Mark (unload classes) 0.240ms
[97.495s][info][gc,start    ] GC(136) Concurrent marking roots
[97.495s][info][gc,task     ] GC(136) Using 1 of 3 workers for concurrent marking roots
[97.496s][info][gc          ] GC(136) Concurrent marking roots 0.802ms
[97.496s][info][gc,start    ] GC(136) Concurrent marking (unload classes)
[97.496s][info][gc,task     ] GC(136) Using 1 of 3 workers for concurrent marking
[97.504s][info][gc          ] GC(136) Concurrent marking (unload classes) 8.176ms
[97.504s][info][gc,start    ] GC(136) Pause Final Mark (unload classes)
[97.504s][info][gc,task     ] GC(136) Using 3 of 3 workers for final marking
[97.505s][info][gc,ergo     ] GC(136) Collectable Garbage: 978M (95%), Immediate: 978M (95%), CSet: 0B (0%)
[97.505s][info][gc          ] GC(136) Pause Final Mark (unload classes) 0.339ms
[97.505s][info][gc,start    ] GC(136) Concurrent weak references
[97.505s][info][gc,task     ] GC(136) Using 1 of 3 workers for concurrent weak references
[97.505s][info][gc,ref      ] GC(136) Encountered references: Soft: 144, Weak: 702, Final: 0, Phantom: 27
[97.505s][info][gc,ref      ] GC(136) Discovered  references: Soft: 0, Weak: 150, Final: 0, Phantom: 12
[97.505s][info][gc,ref      ] GC(136) Enqueued    references: Soft: 0, Weak: 0, Final: 0, Phantom: 0
[97.505s][info][gc          ] GC(136) Concurrent weak references 0.117ms
[97.505s][info][gc,start    ] GC(136) Concurrent weak roots
[97.505s][info][gc,task     ] GC(136) Using 1 of 3 workers for concurrent weak root
[97.506s][info][gc          ] GC(136) Concurrent weak roots 0.570ms
[97.506s][info][gc,start    ] GC(136) Concurrent cleanup
[97.506s][info][gc          ] GC(136) Concurrent cleanup 1054M->76M(4096M) 0.043ms
[97.506s][info][gc,ergo     ] GC(136) Free: 3813M, Max: 2048K regular, 1746M humongous, Frag: 55% external, 0% internal; Reserve: 206M, Max: 2048K
[97.506s][info][gc,start    ] GC(136) Concurrent class unloading
[97.506s][info][gc,task     ] GC(136) Using 1 of 3 workers for concurrent class unloading
[97.508s][info][gc          ] GC(136) Concurrent class unloading 2.082ms
[97.508s][info][gc,start    ] GC(136) Pause Final Roots
[97.508s][info][gc          ] GC(136) Pause Final Roots 0.039ms
[97.508s][info][gc,ergo     ] Free: 3809M, Max: 2048K regular, 1746M humongous, Frag: 55% external, 0% internal; Reserve: 206M, Max: 2048K
[97.508s][info][gc,stats    ] 
[97.508s][info][gc,stats    ] All times are wall-clock times, except per-root-class counters, that are sum over
[97.508s][info][gc,stats    ] all workers. Dividing the <total> over the root stage time estimates parallelism.
[97.508s][info][gc,stats    ] 
[97.508s][info][gc,stats    ] Concurrent Reset                    534 us
[97.508s][info][gc,stats    ] Pause Init Mark (G)                 413 us
[97.508s][info][gc,stats    ] Pause Init Mark (N)                 258 us
[97.508s][info][gc,stats    ]   Update Region States              110 us
[97.508s][info][gc,stats    ] Concurrent Mark Roots               826 us, parallelism: 0.79x
[97.508s][info][gc,stats    ]   CMR: <total>                      649 us
[97.508s][info][gc,stats    ]   CMR: Thread Roots                 576 us, workers (us): 576, ---, ---, 
[97.508s][info][gc,stats    ]   CMR: VM Strong Roots                7 us, workers (us):   7, ---, ---, 
[97.508s][info][gc,stats    ]   CMR: CLDG Roots                    65 us, workers (us):  65, ---, ---, 
[97.508s][info][gc,stats    ] Concurrent Marking                 8236 us
[97.508s][info][gc,stats    ] Pause Final Mark (G)                458 us
[97.508s][info][gc,stats    ] Pause Final Mark (N)                359 us
[97.508s][info][gc,stats    ]   Finish Mark                       108 us
[97.508s][info][gc,stats    ]   Update Region States               89 us
[97.508s][info][gc,stats    ]   Choose Collection Set              62 us
[97.508s][info][gc,stats    ]   Rebuild Free Set                   17 us
[97.508s][info][gc,stats    ] Concurrent Weak References          129 us, parallelism: 0.04x
[97.508s][info][gc,stats    ]   CWRF: <total>                       5 us
[97.508s][info][gc,stats    ]   CWRF: Weak References               5 us, workers (us):   5, ---, ---, 
[97.508s][info][gc,stats    ] Concurrent Weak Roots               589 us
[97.508s][info][gc,stats    ]   Roots                             475 us, parallelism: 0.88x
[97.508s][info][gc,stats    ]     CWR: <total>                    420 us
[97.508s][info][gc,stats    ]     CWR: Code Cache Roots           353 us, workers (us): 353, ---, ---, 
[97.508s][info][gc,stats    ]     CWR: VM Weak Roots               62 us, workers (us):  62, ---, ---, 
[97.508s][info][gc,stats    ]     CWR: CLDG Roots                   5 us, workers (us):   5, ---, ---, 
[97.508s][info][gc,stats    ]   Rendezvous                         79 us
[97.508s][info][gc,stats    ] Concurrent Cleanup                   51 us
[97.508s][info][gc,stats    ] Concurrent Class Unloading         2134 us
[97.508s][info][gc,stats    ]   Unlink Stale                     1734 us
[97.508s][info][gc,stats    ]     System Dictionary                 2 us
[97.508s][info][gc,stats    ]     Weak Class Links                  0 us
[97.508s][info][gc,stats    ]     Code Roots                     1730 us
[97.509s][info][gc,stats    ]   Rendezvous                        152 us
[97.509s][info][gc,stats    ]   Purge Unlinked                    177 us
[97.509s][info][gc,stats    ]     Code Roots                      168 us
[97.509s][info][gc,stats    ]     CLDG                              9 us
[97.509s][info][gc,stats    ]     Exception Caches                  0 us
[97.509s][info][gc,stats    ] Pause Final Roots (G)               167 us
[97.509s][info][gc,stats    ] Pause Final Roots (N)                56 us
[97.509s][info][gc,stats    ] 
[97.509s][info][gc,stats    ] Allocation pacing accrued:
[97.509s][info][gc,stats    ]       0 of   476 ms (  0.0%): <total>
[97.509s][info][gc,stats    ]       0 of   476 ms (  0.0%): <average total>
[97.509s][info][gc,stats    ] 
[97.509s][info][gc,metaspace] Metaspace: 8976K(9216K)->8976K(9216K) NonClass: 7804K(7936K)->7804K(7936K) Class: 1172K(1280K)->1172K(1280K)
[97.509s][info][gc,ergo     ] Pacer for Idle. Initial: 83886K, Alloc Tax Rate: 1.0x
[97.965s][info][gc          ] Trigger: Learning 3 of 5. Free (2845M) is below initial threshold (2867M)
[97.965s][info][gc,ergo     ] Free: 2845M, Max: 2048K regular, 1746M humongous, Frag: 39% external, 0% internal; Reserve: 206M, Max: 2048K
[97.965s][info][gc,start    ] GC(137) Concurrent reset
[97.965s][info][gc,task     ] GC(137) Using 1 of 3 workers for concurrent reset
[97.965s][info][gc,ergo     ] GC(137) Pacer for Reset. Non-Taxable: 4096M
[97.966s][info][gc          ] GC(137) Concurrent reset 0.568ms
[97.966s][info][gc,start    ] GC(137) Pause Init Mark (unload classes)
[97.966s][info][gc,task     ] GC(137) Using 3 of 3 workers for init marking
[97.966s][info][gc,ergo     ] GC(137) Pacer for Mark. Expected Live: 9449K, Free: 2843M, Non-Taxable: 284M, Alloc Tax Rate: 0.0x
[97.966s][info][gc          ] GC(137) Pause Init Mark (unload classes) 0.180ms
[97.966s][info][gc,start    ] GC(137) Concurrent marking roots
[97.966s][info][gc,task     ] GC(137) Using 1 of 3 workers for concurrent marking roots
[97.967s][info][gc          ] GC(137) Concurrent marking roots 0.769ms
[97.967s][info][gc,start    ] GC(137) Concurrent marking (unload classes)
[97.967s][info][gc,task     ] GC(137) Using 1 of 3 workers for concurrent marking
[97.980s][info][gc          ] GC(137) Concurrent marking (unload classes) 13.214ms
[97.981s][info][gc,start    ] GC(137) Pause Final Mark (unload classes)
[97.981s][info][gc,task     ] GC(137) Using 3 of 3 workers for final marking
[97.981s][info][gc,ergo     ] GC(137) Collectable Garbage: 984M (94%), Immediate: 984M (94%), CSet: 0B (0%)
[97.981s][info][gc          ] GC(137) Pause Final Mark (unload classes) 0.304ms
[97.981s][info][gc,start    ] GC(137) Concurrent weak references
[97.981s][info][gc,task     ] GC(137) Using 1 of 3 workers for concurrent weak references
[97.981s][info][gc,ref      ] GC(137) Encountered references: Soft: 144, Weak: 702, Final: 0, Phantom: 27
[97.981s][info][gc,ref      ] GC(137) Discovered  references: Soft: 0, Weak: 150, Final: 0, Phantom: 12
[97.981s][info][gc,ref      ] GC(137) Enqueued    references: Soft: 0, Weak: 0, Final: 0, Phantom: 0
[97.981s][info][gc          ] GC(137) Concurrent weak references 0.200ms
[97.981s][info][gc,start    ] GC(137) Concurrent weak roots
[97.981s][info][gc,task     ] GC(137) Using 1 of 3 workers for concurrent weak root
[97.982s][info][gc          ] GC(137) Concurrent weak roots 0.587ms
[97.982s][info][gc,start    ] GC(137) Concurrent cleanup
[97.982s][info][gc          ] GC(137) Concurrent cleanup 1078M->94M(4096M) 0.048ms
[97.982s][info][gc,ergo     ] GC(137) Free: 3795M, Max: 2048K regular, 1720M humongous, Frag: 55% external, 0% internal; Reserve: 206M, Max: 2048K
[97.982s][info][gc,start    ] GC(137) Concurrent class unloading
[97.982s][info][gc,task     ] GC(137) Using 1 of 3 workers for concurrent class unloading
[97.984s][info][gc          ] GC(137) Concurrent class unloading 2.190ms
[97.984s][info][gc,start    ] GC(137) Pause Final Roots
[97.984s][info][gc          ] GC(137) Pause Final Roots 0.039ms
[97.984s][info][gc,ergo     ] Free: 3789M, Max: 2048K regular, 1720M humongous, Frag: 55% external, 0% internal; Reserve: 206M, Max: 2048K
[97.984s][info][gc,stats    ] 
[97.984s][info][gc,stats    ] All times are wall-clock times, except per-root-class counters, that are sum over
[97.984s][info][gc,stats    ] all workers. Dividing the <total> over the root stage time estimates parallelism.
[97.984s][info][gc,stats    ] 
[97.984s][info][gc,stats    ] Concurrent Reset                    632 us
[97.984s][info][gc,stats    ] Pause Init Mark (G)                 325 us
[97.984s][info][gc,stats    ] Pause Init Mark (N)                 189 us
[97.984s][info][gc,stats    ]   Update Region States               96 us
[97.984s][info][gc,stats    ] Concurrent Mark Roots               793 us, parallelism: 0.83x
[97.984s][info][gc,stats    ]   CMR: <total>                      657 us
[97.984s][info][gc,stats    ]   CMR: Thread Roots                 585 us, workers (us): 585, ---, ---, 
[97.984s][info][gc,stats    ]   CMR: VM Strong Roots                7 us, workers (us):   7, ---, ---, 
[97.984s][info][gc,stats    ]   CMR: CLDG Roots                    65 us, workers (us):  65, ---, ---, 
[97.984s][info][gc,stats    ] Concurrent Marking                13274 us
[97.984s][info][gc,stats    ] Pause Final Mark (G)                421 us
[97.984s][info][gc,stats    ] Pause Final Mark (N)                324 us
[97.984s][info][gc,stats    ]   Finish Mark                       110 us
[97.984s][info][gc,stats    ]   Update Region States               58 us
[97.984s][info][gc,stats    ]   Choose Collection Set              58 us
[97.984s][info][gc,stats    ]   Rebuild Free Set                   17 us
[97.984s][info][gc,stats    ] Concurrent Weak References          216 us, parallelism: 0.04x
[97.984s][info][gc,stats    ]   CWRF: <total>                       9 us
[97.984s][info][gc,stats    ]   CWRF: Weak References               9 us, workers (us):   9, ---, ---, 
[97.984s][info][gc,stats    ] Concurrent Weak Roots               607 us
[97.984s][info][gc,stats    ]   Roots                             477 us, parallelism: 0.88x
[97.985s][info][gc,stats    ]     CWR: <total>                    418 us
[97.985s][info][gc,stats    ]     CWR: Code Cache Roots           349 us, workers (us): 349, ---, ---, 
[97.985s][info][gc,stats    ]     CWR: VM Weak Roots               63 us, workers (us):  63, ---, ---, 
[97.985s][info][gc,stats    ]     CWR: CLDG Roots                   5 us, workers (us):   5, ---, ---, 
[97.985s][info][gc,stats    ]   Rendezvous                         78 us
[97.985s][info][gc,stats    ] Concurrent Cleanup                   56 us
[97.985s][info][gc,stats    ] Concurrent Class Unloading         2243 us
[97.985s][info][gc,stats    ]   Unlink Stale                     1912 us
[97.985s][info][gc,stats    ]     System Dictionary                 3 us
[97.985s][info][gc,stats    ]     Weak Class Links                  0 us
[97.985s][info][gc,stats    ]     Code Roots                     1908 us
[97.985s][info][gc,stats    ]   Rendezvous                        146 us
[97.985s][info][gc,stats    ]   Purge Unlinked                    113 us
[97.985s][info][gc,stats    ]     Code Roots                      104 us
[97.985s][info][gc,stats    ]     CLDG                              9 us
[97.985s][info][gc,stats    ]     Exception Caches                  0 us
[97.985s][info][gc,stats    ] Pause Final Roots (G)               173 us
[97.985s][info][gc,stats    ] Pause Final Roots (N)                63 us
[97.985s][info][gc,stats    ] 
[97.985s][info][gc,stats    ] Allocation pacing accrued:
[97.985s][info][gc,stats    ]       0 of   476 ms (  0.0%): <total>
[97.985s][info][gc,stats    ]       0 of   476 ms (  0.0%): <average total>
[97.985s][info][gc,stats    ] 
[97.985s][info][gc,metaspace] Metaspace: 8976K(9216K)->8976K(9216K) NonClass: 7804K(7936K)->7804K(7936K) Class: 1172K(1280K)->1172K(1280K)
[97.985s][info][gc,ergo     ] Pacer for Idle. Initial: 83886K, Alloc Tax Rate: 1.0x
[98.436s][info][gc          ] Trigger: Learning 4 of 5. Free (2835M) is below initial threshold (2867M)
[98.436s][info][gc,ergo     ] Free: 2835M, Max: 2048K regular, 1720M humongous, Frag: 40% external, 0% internal; Reserve: 206M, Max: 2048K
[98.436s][info][gc,start    ] GC(138) Concurrent reset
[98.436s][info][gc,task     ] GC(138) Using 1 of 3 workers for concurrent reset
[98.436s][info][gc,ergo     ] GC(138) Pacer for Reset. Non-Taxable: 4096M
[98.436s][info][gc          ] GC(138) Concurrent reset 0.522ms
[98.437s][info][gc,start    ] GC(138) Pause Init Mark (unload classes)
[98.437s][info][gc,task     ] GC(138) Using 3 of 3 workers for init marking
[98.437s][info][gc,ergo     ] GC(138) Pacer for Mark. Expected Live: 9452K, Free: 2833M, Non-Taxable: 283M, Alloc Tax Rate: 0.0x
[98.437s][info][gc          ] GC(138) Pause Init Mark (unload classes) 0.162ms
[98.437s][info][gc,start    ] GC(138) Concurrent marking roots
[98.437s][info][gc,task     ] GC(138) Using 1 of 3 workers for concurrent marking roots
[98.437s][info][gc          ] GC(138) Concurrent marking roots 0.419ms
[98.437s][info][gc,start    ] GC(138) Concurrent marking (unload classes)
[98.437s][info][gc,task     ] GC(138) Using 1 of 3 workers for concurrent marking
[98.454s][info][gc          ] GC(138) Concurrent marking (unload classes) 16.646ms
[98.454s][info][gc,start    ] GC(138) Pause Final Mark (unload classes)
[98.454s][info][gc,task     ] GC(138) Using 3 of 3 workers for final marking
[98.454s][info][gc,ergo     ] GC(138) Collectable Garbage: 986M (94%), Immediate: 986M (94%), CSet: 0B (0%)
[98.454s][info][gc          ] GC(138) Pause Final Mark (unload classes) 0.174ms
[98.454s][info][gc,start    ] GC(138) Concurrent weak references
[98.454s][info][gc,task     ] GC(138) Using 1 of 3 workers for concurrent weak references
[98.454s][info][gc,ref      ] GC(138) Encountered references: Soft: 144, Weak: 702, Final: 0, Phantom: 27
[98.454s][info][gc,ref      ] GC(138) Discovered  references: Soft: 0, Weak: 150, Final: 0, Phantom: 12
[98.454s][info][gc,ref      ] GC(138) Enqueued    references: Soft: 0, Weak: 0, Final: 0, Phantom: 0
[98.454s][info][gc          ] GC(138) Concurrent weak references 0.175ms
[98.454s][info][gc,start    ] GC(138) Concurrent weak roots
[98.454s][info][gc,task     ] GC(138) Using 1 of 3 workers for concurrent weak root
[98.455s][info][gc          ] GC(138) Concurrent weak roots 0.517ms
[98.455s][info][gc,start    ] GC(138) Concurrent cleanup
[98.455s][info][gc          ] GC(138) Concurrent cleanup 1092M->106M(4096M) 0.044ms
[98.455s][info][gc,ergo     ] GC(138) Free: 3783M, Max: 2048K regular, 1706M humongous, Frag: 55% external, 0% internal; Reserve: 206M, Max: 2048K
[98.455s][info][gc,start    ] GC(138) Concurrent class unloading
[98.455s][info][gc,task     ] GC(138) Using 1 of 3 workers for concurrent class unloading
[98.457s][info][gc          ] GC(138) Concurrent class unloading 1.901ms
[98.457s][info][gc,start    ] GC(138) Pause Final Roots
[98.457s][info][gc          ] GC(138) Pause Final Roots 0.016ms
[98.457s][info][gc,ergo     ] Free: 3777M, Max: 2048K regular, 1706M humongous, Frag: 55% external, 0% internal; Reserve: 206M, Max: 2048K
[98.457s][info][gc,stats    ] 
[98.457s][info][gc,stats    ] All times are wall-clock times, except per-root-class counters, that are sum over
[98.457s][info][gc,stats    ] all workers. Dividing the <total> over the root stage time estimates parallelism.
[98.457s][info][gc,stats    ] 
[98.457s][info][gc,stats    ] Concurrent Reset                    561 us
[98.457s][info][gc,stats    ] Pause Init Mark (G)                 321 us
[98.457s][info][gc,stats    ] Pause Init Mark (N)                 171 us
[98.457s][info][gc,stats    ]   Update Region States               61 us
[98.457s][info][gc,stats    ] Concurrent Mark Roots               436 us, parallelism: 0.77x
[98.457s][info][gc,stats    ]   CMR: <total>                      336 us
[98.457s][info][gc,stats    ]   CMR: Thread Roots                 297 us, workers (us): 297, ---, ---, 
[98.457s][info][gc,stats    ]   CMR: VM Strong Roots                5 us, workers (us):   5, ---, ---, 
[98.457s][info][gc,stats    ]   CMR: CLDG Roots                    34 us, workers (us):  34, ---, ---, 
[98.457s][info][gc,stats    ] Concurrent Marking                16706 us
[98.457s][info][gc,stats    ] Pause Final Mark (G)                268 us
[98.457s][info][gc,stats    ] Pause Final Mark (N)                182 us
[98.457s][info][gc,stats    ]   Finish Mark                        67 us
[98.457s][info][gc,stats    ]   Update Region States               37 us
[98.457s][info][gc,stats    ]   Choose Collection Set              33 us
[98.457s][info][gc,stats    ]   Rebuild Free Set                    7 us
[98.457s][info][gc,stats    ] Concurrent Weak References          183 us, parallelism: 0.05x
[98.457s][info][gc,stats    ]   CWRF: <total>                       9 us
[98.457s][info][gc,stats    ]   CWRF: Weak References               9 us, workers (us):   9, ---, ---, 
[98.457s][info][gc,stats    ] Concurrent Weak Roots               536 us
[98.457s][info][gc,stats    ]   Roots                             466 us, parallelism: 0.89x
[98.457s][info][gc,stats    ]     CWR: <total>                    413 us
[98.457s][info][gc,stats    ]     CWR: Code Cache Roots           347 us, workers (us): 347, ---, ---, 
[98.457s][info][gc,stats    ]     CWR: VM Weak Roots               61 us, workers (us):  61, ---, ---, 
[98.457s][info][gc,stats    ]     CWR: CLDG Roots                   5 us, workers (us):   5, ---, ---, 
[98.457s][info][gc,stats    ]   Rendezvous                         36 us
[98.457s][info][gc,stats    ] Concurrent Cleanup                   52 us
[98.457s][info][gc,stats    ] Concurrent Class Unloading         1954 us
[98.457s][info][gc,stats    ]   Unlink Stale                     1689 us
[98.457s][info][gc,stats    ]     System Dictionary                 3 us
[98.457s][info][gc,stats    ]     Weak Class Links                  0 us
[98.457s][info][gc,stats    ]     Code Roots                     1684 us
[98.457s][info][gc,stats    ]   Rendezvous                         41 us
[98.457s][info][gc,stats    ]   Purge Unlinked                    153 us
[98.457s][info][gc,stats    ]     Code Roots                      142 us
[98.457s][info][gc,stats    ]     CLDG                             10 us
[98.457s][info][gc,stats    ]     Exception Caches                  0 us
[98.457s][info][gc,stats    ] Pause Final Roots (G)               102 us
[98.457s][info][gc,stats    ] Pause Final Roots (N)                23 us
[98.457s][info][gc,stats    ] 
[98.457s][info][gc,stats    ] Allocation pacing accrued:
[98.457s][info][gc,stats    ]       0 of   473 ms (  0.0%): <total>
[98.457s][info][gc,stats    ]       0 of   473 ms (  0.0%): <average total>
[98.457s][info][gc,stats    ] 
[98.458s][info][gc,metaspace] Metaspace: 8976K(9216K)->8976K(9216K) NonClass: 7804K(7936K)->7804K(7936K) Class: 1172K(1280K)->1172K(1280K)
[98.458s][info][gc,ergo     ] Pacer for Idle. Initial: 83886K, Alloc Tax Rate: 1.0x
[98.891s][info][gc          ] Trigger: Learning 5 of 5. Free (2841M) is below initial threshold (2867M)
[98.891s][info][gc,ergo     ] Free: 2841M, Max: 2048K regular, 1706M humongous, Frag: 40% external, 0% internal; Reserve: 206M, Max: 2048K
[98.891s][info][gc,start    ] GC(139) Concurrent reset
[98.891s][info][gc,task     ] GC(139) Using 1 of 3 workers for concurrent reset
[98.891s][info][gc,ergo     ] GC(139) Pacer for Reset. Non-Taxable: 4096M
[98.891s][info][gc          ] GC(139) Concurrent reset 0.526ms
[98.891s][info][gc,start    ] GC(139) Pause Init Mark (unload classes)
[98.892s][info][gc,task     ] GC(139) Using 3 of 3 workers for init marking
[98.892s][info][gc,ergo     ] GC(139) Pacer for Mark. Expected Live: 9445K, Free: 2839M, Non-Taxable: 283M, Alloc Tax Rate: 0.0x
[98.892s][info][gc          ] GC(139) Pause Init Mark (unload classes) 0.178ms
[98.892s][info][gc,start    ] GC(139) Concurrent marking roots
[98.892s][info][gc,task     ] GC(139) Using 1 of 3 workers for concurrent marking roots
[98.892s][info][gc          ] GC(139) Concurrent marking roots 0.430ms
[98.892s][info][gc,start    ] GC(139) Concurrent marking (unload classes)
[98.892s][info][gc,task     ] GC(139) Using 1 of 3 workers for concurrent marking
[98.913s][info][gc          ] GC(139) Concurrent marking (unload classes) 21.063ms
[98.913s][info][gc,start    ] GC(139) Pause Final Mark (unload classes)
[98.913s][info][gc,task     ] GC(139) Using 3 of 3 workers for final marking
[98.914s][info][gc,ergo     ] GC(139) Collectable Garbage: 970M (93%), Immediate: 970M (93%), CSet: 0B (0%)
[98.914s][info][gc          ] GC(139) Pause Final Mark (unload classes) 0.371ms
[98.914s][info][gc,start    ] GC(139) Concurrent weak references
[98.914s][info][gc,task     ] GC(139) Using 1 of 3 workers for concurrent weak references
[98.914s][info][gc,ref      ] GC(139) Encountered references: Soft: 144, Weak: 702, Final: 0, Phantom: 27
[98.914s][info][gc,ref      ] GC(139) Discovered  references: Soft: 0, Weak: 150, Final: 0, Phantom: 12
[98.914s][info][gc,ref      ] GC(139) Enqueued    references: Soft: 0, Weak: 0, Final: 0, Phantom: 0
[98.914s][info][gc          ] GC(139) Concurrent weak references 0.223ms
[98.914s][info][gc,start    ] GC(139) Concurrent weak roots
[98.914s][info][gc,task     ] GC(139) Using 1 of 3 workers for concurrent weak root
[98.915s][info][gc          ] GC(139) Concurrent weak roots 0.560ms
[98.915s][info][gc,start    ] GC(139) Concurrent cleanup
[98.915s][info][gc          ] GC(139) Concurrent cleanup 1096M->126M(4096M) 0.043ms
[98.915s][info][gc,ergo     ] GC(139) Free: 3763M, Max: 2048K regular, 1702M humongous, Frag: 55% external, 0% internal; Reserve: 206M, Max: 2048K
[98.915s][info][gc,start    ] GC(139) Concurrent class unloading
[98.915s][info][gc,task     ] GC(139) Using 1 of 3 workers for concurrent class unloading
[98.917s][info][gc          ] GC(139) Concurrent class unloading 1.959ms
[98.917s][info][gc,start    ] GC(139) Pause Final Roots
[98.917s][info][gc          ] GC(139) Pause Final Roots 0.051ms
[98.917s][info][gc,ergo     ] Free: 3763M, Max: 2048K regular, 1702M humongous, Frag: 55% external, 0% internal; Reserve: 206M, Max: 2048K
[98.917s][info][gc,stats    ] 
[98.917s][info][gc,stats    ] All times are wall-clock times, except per-root-class counters, that are sum over
[98.917s][info][gc,stats    ] all workers. Dividing the <total> over the root stage time estimates parallelism.
[98.917s][info][gc,stats    ] 
[98.917s][info][gc,stats    ] Concurrent Reset                    569 us
[98.917s][info][gc,stats    ] Pause Init Mark (G)                 336 us
[98.917s][info][gc,stats    ] Pause Init Mark (N)                 195 us
[98.917s][info][gc,stats    ]   Update Region States               74 us
[98.917s][info][gc,stats    ] Concurrent Mark Roots               453 us, parallelism: 0.75x
[98.917s][info][gc,stats    ]   CMR: <total>                      340 us
[98.917s][info][gc,stats    ]   CMR: Thread Roots                 301 us, workers (us): 301, ---, ---, 
[98.917s][info][gc,stats    ]   CMR: VM Strong Roots                5 us, workers (us):   5, ---, ---, 
[98.917s][info][gc,stats    ]   CMR: CLDG Roots                    34 us, workers (us):  34, ---, ---, 
[98.917s][info][gc,stats    ] Concurrent Marking                21125 us
[98.917s][info][gc,stats    ] Pause Final Mark (G)                499 us
[98.917s][info][gc,stats    ] Pause Final Mark (N)                391 us
[98.917s][info][gc,stats    ]   Finish Mark                       133 us
[98.917s][info][gc,stats    ]   Update Region States               87 us
[98.917s][info][gc,stats    ]   Choose Collection Set              63 us
[98.917s][info][gc,stats    ]   Rebuild Free Set                   17 us
[98.917s][info][gc,stats    ] Concurrent Weak References          240 us, parallelism: 0.04x
[98.917s][info][gc,stats    ]   CWRF: <total>                       8 us
[98.917s][info][gc,stats    ]   CWRF: Weak References               8 us, workers (us):   8, ---, ---, 
[98.917s][info][gc,stats    ] Concurrent Weak Roots               579 us
[98.917s][info][gc,stats    ]   Roots                             444 us, parallelism: 0.87x
[98.917s][info][gc,stats    ]     CWR: <total>                    387 us
[98.917s][info][gc,stats    ]     CWR: Code Cache Roots           321 us, workers (us): 321, ---, ---, 
[98.917s][info][gc,stats    ]     CWR: VM Weak Roots               61 us, workers (us):  61, ---, ---, 
[98.917s][info][gc,stats    ]     CWR: CLDG Roots                   5 us, workers (us):   5, ---, ---, 
[98.917s][info][gc,stats    ]   Rendezvous                         84 us
[98.917s][info][gc,stats    ] Concurrent Cleanup                   51 us
[98.917s][info][gc,stats    ] Concurrent Class Unloading         2011 us
[98.917s][info][gc,stats    ]   Unlink Stale                     1641 us
[98.917s][info][gc,stats    ]     System Dictionary                 3 us
[98.917s][info][gc,stats    ]     Weak Class Links                  0 us
[98.917s][info][gc,stats    ]     Code Roots                     1638 us
[98.917s][info][gc,stats    ]   Rendezvous                        147 us
[98.917s][info][gc,stats    ]   Purge Unlinked                    152 us
[98.917s][info][gc,stats    ]     Code Roots                      143 us
[98.917s][info][gc,stats    ]     CLDG                              9 us
[98.917s][info][gc,stats    ]     Exception Caches                  0 us
[98.917s][info][gc,stats    ] Pause Final Roots (G)               184 us
[98.917s][info][gc,stats    ] Pause Final Roots (N)                69 us
[98.917s][info][gc,stats    ] 
[98.917s][info][gc,stats    ] Allocation pacing accrued:
[98.917s][info][gc,stats    ]       0 of   460 ms (  0.0%): <total>
[98.917s][info][gc,stats    ]       0 of   460 ms (  0.0%): <average total>
[98.917s][info][gc,stats    ] 
[98.917s][info][gc,metaspace] Metaspace: 8976K(9216K)->8976K(9216K) NonClass: 7804K(7936K)->7804K(7936K) Class: 1172K(1280K)->1172K(1280K)
[98.917s][info][gc,ergo     ] Pacer for Idle. Initial: 83886K, Alloc Tax Rate: 1.0x
[100.553s][info][gc          ] Trigger: Explicit GC request (System.gc())
[100.553s][info][gc,ergo     ] Free: 963M, Max: 2048K regular, 954M humongous, Frag: 1% external, 0% internal; Reserve: 206M, Max: 2048K
[100.553s][info][gc,start    ] GC(140) Concurrent reset
[100.553s][info][gc,task     ] GC(140) Using 1 of 3 workers for concurrent reset
[100.553s][info][gc,ergo     ] GC(140) Pacer for Reset. Non-Taxable: 4096M
[100.554s][info][gc          ] GC(140) Concurrent reset 0.596ms
[100.554s][info][gc,start    ] GC(140) Pause Init Mark (unload classes)
[100.554s][info][gc,task     ] GC(140) Using 3 of 3 workers for init marking
[100.554s][info][gc,ref      ] GC(140) Clearing All SoftReferences
[100.554s][info][gc,ergo     ] GC(140) Pacer for Mark. Expected Live: 9454K, Free: 963M, Non-Taxable: 98711K, Alloc Tax Rate: 0.0x
[100.554s][info][gc          ] GC(140) Pause Init Mark (unload classes) 0.134ms
[100.554s][info][gc,start    ] GC(140) Concurrent marking roots
[100.554s][info][gc,task     ] GC(140) Using 1 of 3 workers for concurrent marking roots
[100.555s][info][gc          ] GC(140) Concurrent marking roots 0.494ms
[100.555s][info][gc,start    ] GC(140) Concurrent marking (unload classes)
[100.555s][info][gc,task     ] GC(140) Using 1 of 3 workers for concurrent marking
[100.559s][info][gc          ] GC(140) Concurrent marking (unload classes) 3.879ms
[100.559s][info][gc,start    ] GC(140) Pause Final Mark (unload classes)
[100.559s][info][gc,task     ] GC(140) Using 3 of 3 workers for final marking
[100.559s][info][gc,ergo     ] GC(140) Collectable Garbage: 2890M (98%), Immediate: 2890M (98%), CSet: 0B (0%)
[100.559s][info][gc          ] GC(140) Pause Final Mark (unload classes) 0.246ms
[100.559s][info][gc,start    ] GC(140) Concurrent weak references
[100.559s][info][gc,task     ] GC(140) Using 1 of 3 workers for concurrent weak references
[100.559s][info][gc,ref      ] GC(140) Encountered references: Soft: 144, Weak: 702, Final: 0, Phantom: 27
[100.559s][info][gc,ref      ] GC(140) Discovered  references: Soft: 88, Weak: 168, Final: 0, Phantom: 25
[100.559s][info][gc,ref      ] GC(140) Enqueued    references: Soft: 3, Weak: 0, Final: 0, Phantom: 0
[100.559s][info][gc          ] GC(140) Concurrent weak references 0.178ms
[100.559s][info][gc,start    ] GC(140) Concurrent weak roots
[100.559s][info][gc,task     ] GC(140) Using 1 of 3 workers for concurrent weak root
[100.560s][info][gc          ] GC(140) Concurrent weak roots 0.507ms
[100.560s][info][gc,start    ] GC(140) Concurrent cleanup
[100.560s][info][gc          ] GC(140) Concurrent cleanup 2926M->36M(4096M) 0.089ms
[100.560s][info][gc,ergo     ] GC(140) Free: 3853M, Max: 2048K regular, 2720M humongous, Frag: 30% external, 0% internal; Reserve: 206M, Max: 2048K
[100.560s][info][gc,start    ] GC(140) Concurrent class unloading
[100.560s][info][gc,task     ] GC(140) Using 1 of 3 workers for concurrent class unloading
[100.562s][info][gc          ] GC(140) Concurrent class unloading 2.103ms
[100.562s][info][gc,start    ] GC(140) Pause Final Roots
[100.562s][info][gc          ] GC(140) Pause Final Roots 0.013ms
[100.562s][info][gc,ergo     ] Free: 3853M, Max: 2048K regular, 2720M humongous, Frag: 30% external, 0% internal; Reserve: 206M, Max: 2048K
[100.562s][info][gc,stats    ] 
[100.562s][info][gc,stats    ] All times are wall-clock times, except per-root-class counters, that are sum over
[100.562s][info][gc,stats    ] all workers. Dividing the <total> over the root stage time estimates parallelism.
[100.562s][info][gc,stats    ] 
[100.562s][info][gc,stats    ] Concurrent Reset                    659 us
[100.562s][info][gc,stats    ] Pause Init Mark (G)                 203 us
[100.562s][info][gc,stats    ] Pause Init Mark (N)                 142 us
[100.562s][info][gc,stats    ]   Update Region States               57 us
[100.562s][info][gc,stats    ] Concurrent Mark Roots               512 us, parallelism: 0.70x
[100.562s][info][gc,stats    ]   CMR: <total>                      359 us
[100.562s][info][gc,stats    ]   CMR: Thread Roots                 311 us, workers (us): 311, ---, ---, 
[100.562s][info][gc,stats    ]   CMR: VM Strong Roots                6 us, workers (us):   6, ---, ---, 
[100.562s][info][gc,stats    ]   CMR: CLDG Roots                    42 us, workers (us):  42, ---, ---, 
[100.562s][info][gc,stats    ] Concurrent Marking                 3937 us
[100.562s][info][gc,stats    ] Pause Final Mark (G)                326 us
[100.562s][info][gc,stats    ] Pause Final Mark (N)                263 us
[100.562s][info][gc,stats    ]   Finish Mark                        73 us
[100.562s][info][gc,stats    ]   Update Region States               52 us
[100.562s][info][gc,stats    ]   Choose Collection Set              54 us
[100.562s][info][gc,stats    ]   Rebuild Free Set                   16 us
[100.562s][info][gc,stats    ] Concurrent Weak References          194 us, parallelism: 0.04x
[100.562s][info][gc,stats    ]   CWRF: <total>                       8 us
[100.562s][info][gc,stats    ]   CWRF: Weak References               8 us, workers (us):   8, ---, ---, 
[100.562s][info][gc,stats    ] Concurrent Weak Roots               526 us
[100.562s][info][gc,stats    ]   Roots                             422 us, parallelism: 0.88x
[100.562s][info][gc,stats    ]     CWR: <total>                    369 us
[100.562s][info][gc,stats    ]     CWR: Code Cache Roots           303 us, workers (us): 303, ---, ---, 
[100.562s][info][gc,stats    ]     CWR: VM Weak Roots               62 us, workers (us):  62, ---, ---, 
[100.562s][info][gc,stats    ]     CWR: CLDG Roots                   4 us, workers (us):   4, ---, ---, 
[100.562s][info][gc,stats    ]   Rendezvous                         54 us
[100.562s][info][gc,stats    ] Concurrent Cleanup                   97 us
[100.562s][info][gc,stats    ] Concurrent Class Unloading         2154 us
[100.562s][info][gc,stats    ]   Unlink Stale                     1906 us
[100.562s][info][gc,stats    ]     System Dictionary                 2 us
[100.562s][info][gc,stats    ]     Weak Class Links                  1 us
[100.562s][info][gc,stats    ]     Code Roots                     1902 us
[100.563s][info][gc,stats    ]   Rendezvous                         22 us
[100.563s][info][gc,stats    ]   Purge Unlinked                    156 us
[100.563s][info][gc,stats    ]     Code Roots                      148 us
[100.563s][info][gc,stats    ]     CLDG                              8 us
[100.563s][info][gc,stats    ]     Exception Caches                  0 us
[100.563s][info][gc,stats    ] Pause Final Roots (G)                49 us
[100.563s][info][gc,stats    ] Pause Final Roots (N)                20 us
[100.563s][info][gc,stats    ] 
[100.563s][info][gc,stats    ] Allocation pacing accrued:
[100.563s][info][gc,stats    ]       0 of  1645 ms (  0.0%): <total>
[100.563s][info][gc,stats    ]       0 of  1645 ms (  0.0%): <average total>
[100.563s][info][gc,stats    ] 
[100.563s][info][gc,metaspace] Metaspace: 8976K(9216K)->8977K(9216K) NonClass: 7804K(7936K)->7804K(7936K) Class: 1172K(1280K)->1172K(1280K)
[100.563s][info][gc,ergo     ] Pacer for Idle. Initial: 83886K, Alloc Tax Rate: 1.0x
[101.025s][info][gc          ] Trigger: Learning 2 of 5. Free (2861M) is below initial threshold (2867M)
[101.025s][info][gc,ergo     ] Free: 2861M, Max: 2048K regular, 1772M humongous, Frag: 39% external, 0% internal; Reserve: 206M, Max: 2048K
[101.025s][info][gc,start    ] GC(141) Concurrent reset
[101.026s][info][gc,task     ] GC(141) Using 1 of 3 workers for concurrent reset
[101.026s][info][gc,ergo     ] GC(141) Pacer for Reset. Non-Taxable: 4096M
[101.026s][info][gc          ] GC(141) Concurrent reset 0.501ms
[101.026s][info][gc,start    ] GC(141) Pause Init Mark (unload classes)
[101.026s][info][gc,task     ] GC(141) Using 3 of 3 workers for init marking
[101.026s][info][gc,ergo     ] GC(141) Pacer for Mark. Expected Live: 9454K, Free: 2859M, Non-Taxable: 285M, Alloc Tax Rate: 0.0x
[101.026s][info][gc          ] GC(141) Pause Init Mark (unload classes) 0.245ms
[101.026s][info][gc,start    ] GC(141) Concurrent marking roots
[101.026s][info][gc,task     ] GC(141) Using 1 of 3 workers for concurrent marking roots
[101.027s][info][gc          ] GC(141) Concurrent marking roots 0.793ms
[101.027s][info][gc,start    ] GC(141) Concurrent marking (unload classes)
[101.027s][info][gc,task     ] GC(141) Using 1 of 3 workers for concurrent marking
[101.036s][info][gc          ] GC(141) Concurrent marking (unload classes) 8.486ms
[101.036s][info][gc,start    ] GC(141) Pause Final Mark (unload classes)
[101.036s][info][gc,task     ] GC(141) Using 3 of 3 workers for final marking
[101.036s][info][gc,ergo     ] GC(141) Collectable Garbage: 974M (95%), Immediate: 974M (95%), CSet: 0B (0%)
[101.036s][info][gc          ] GC(141) Pause Final Mark (unload classes) 0.329ms
[101.036s][info][gc,start    ] GC(141) Concurrent weak references
[101.036s][info][gc,task     ] GC(141) Using 1 of 3 workers for concurrent weak references
[101.036s][info][gc,ref      ] GC(141) Encountered references: Soft: 144, Weak: 702, Final: 0, Phantom: 27
[101.036s][info][gc,ref      ] GC(141) Discovered  references: Soft: 0, Weak: 150, Final: 0, Phantom: 12
[101.036s][info][gc,ref      ] GC(141) Enqueued    references: Soft: 0, Weak: 0, Final: 0, Phantom: 0
[101.036s][info][gc          ] GC(141) Concurrent weak references 0.132ms
[101.036s][info][gc,start    ] GC(141) Concurrent weak roots
[101.036s][info][gc,task     ] GC(141) Using 1 of 3 workers for concurrent weak root
[101.037s][info][gc          ] GC(141) Concurrent weak roots 0.697ms
[101.037s][info][gc,start    ] GC(141) Concurrent cleanup
[101.037s][info][gc          ] GC(141) Concurrent cleanup 1052M->78M(4096M) 0.043ms
[101.037s][info][gc,ergo     ] GC(141) Free: 3811M, Max: 2048K regular, 1748M humongous, Frag: 55% external, 0% internal; Reserve: 206M, Max: 2048K
[101.037s][info][gc,start    ] GC(141) Concurrent class unloading
[101.037s][info][gc,task     ] GC(141) Using 1 of 3 workers for concurrent class unloading
[101.040s][info][gc          ] GC(141) Concurrent class unloading 2.483ms
[101.040s][info][gc,start    ] GC(141) Pause Final Roots
[101.040s][info][gc          ] GC(141) Pause Final Roots 0.039ms
[101.040s][info][gc,ergo     ] Free: 3805M, Max: 2048K regular, 1748M humongous, Frag: 55% external, 0% internal; Reserve: 206M, Max: 2048K
[101.040s][info][gc,stats    ] 
[101.040s][info][gc,stats    ] All times are wall-clock times, except per-root-class counters, that are sum over
[101.040s][info][gc,stats    ] all workers. Dividing the <total> over the root stage time estimates parallelism.
[101.040s][info][gc,stats    ] 
[101.040s][info][gc,stats    ] Concurrent Reset                    560 us
[101.040s][info][gc,stats    ] Pause Init Mark (G)                 393 us
[101.040s][info][gc,stats    ] Pause Init Mark (N)                 263 us
[101.040s][info][gc,stats    ]   Update Region States              116 us
[101.040s][info][gc,stats    ] Concurrent Mark Roots               813 us, parallelism: 0.85x
[101.040s][info][gc,stats    ]   CMR: <total>                      691 us
[101.040s][info][gc,stats    ]   CMR: Thread Roots                 621 us, workers (us): 621, ---, ---, 
[101.040s][info][gc,stats    ]   CMR: VM Strong Roots                6 us, workers (us):   6, ---, ---, 
[101.040s][info][gc,stats    ]   CMR: CLDG Roots                    64 us, workers (us):  64, ---, ---, 
[101.040s][info][gc,stats    ] Concurrent Marking                 8544 us
[101.040s][info][gc,stats    ] Pause Final Mark (G)                462 us
[101.040s][info][gc,stats    ] Pause Final Mark (N)                348 us
[101.040s][info][gc,stats    ]   Finish Mark                       102 us
[101.040s][info][gc,stats    ]   Update Region States               86 us
[101.040s][info][gc,stats    ]   Choose Collection Set              62 us
[101.040s][info][gc,stats    ]   Rebuild Free Set                   17 us
[101.040s][info][gc,stats    ] Concurrent Weak References          140 us, parallelism: 0.03x
[101.040s][info][gc,stats    ]   CWRF: <total>                       5 us
[101.040s][info][gc,stats    ]   CWRF: Weak References               5 us, workers (us):   5, ---, ---, 
[101.040s][info][gc,stats    ] Concurrent Weak Roots               716 us
[101.040s][info][gc,stats    ]   Roots                             603 us, parallelism: 0.88x
[101.040s][info][gc,stats    ]     CWR: <total>                    533 us
[101.040s][info][gc,stats    ]     CWR: Code Cache Roots           416 us, workers (us): 416, ---, ---, 
[101.040s][info][gc,stats    ]     CWR: VM Weak Roots              111 us, workers (us): 111, ---, ---, 
[101.040s][info][gc,stats    ]     CWR: CLDG Roots                   7 us, workers (us):   7, ---, ---, 
[101.040s][info][gc,stats    ]   Rendezvous                         78 us
[101.040s][info][gc,stats    ] Concurrent Cleanup                   51 us
[101.040s][info][gc,stats    ] Concurrent Class Unloading         2544 us
[101.040s][info][gc,stats    ]   Unlink Stale                     2109 us
[101.040s][info][gc,stats    ]     System Dictionary                 2 us
[101.040s][info][gc,stats    ]     Weak Class Links                  0 us
[101.040s][info][gc,stats    ]     Code Roots                     2105 us
[101.040s][info][gc,stats    ]   Rendezvous                        190 us
[101.040s][info][gc,stats    ]   Purge Unlinked                    161 us
[101.040s][info][gc,stats    ]     Code Roots                      150 us
[101.040s][info][gc,stats    ]     CLDG                             10 us
[101.040s][info][gc,stats    ]     Exception Caches                  0 us
[101.040s][info][gc,stats    ] Pause Final Roots (G)               167 us
[101.040s][info][gc,stats    ] Pause Final Roots (N)                57 us
[101.040s][info][gc,stats    ] 
[101.040s][info][gc,stats    ] Allocation pacing accrued:
[101.040s][info][gc,stats    ]       0 of   478 ms (  0.0%): <total>
[101.040s][info][gc,stats    ]       0 of   478 ms (  0.0%): <average total>
[101.040s][info][gc,stats    ] 
[101.040s][info][gc,metaspace] Metaspace: 8980K(9216K)->8980K(9216K) NonClass: 7807K(7936K)->7807K(7936K) Class: 1172K(1280K)->1172K(1280K)
[101.040s][info][gc,ergo     ] Pacer for Idle. Initial: 83886K, Alloc Tax Rate: 1.0x
[101.496s][info][gc          ] Trigger: Learning 3 of 5. Free (2845M) is below initial threshold (2867M)
[101.497s][info][gc,ergo     ] Free: 2845M, Max: 2048K regular, 1748M humongous, Frag: 39% external, 0% internal; Reserve: 206M, Max: 2048K
[101.497s][info][gc,start    ] GC(142) Concurrent reset
[101.497s][info][gc,task     ] GC(142) Using 1 of 3 workers for concurrent reset
[101.497s][info][gc,ergo     ] GC(142) Pacer for Reset. Non-Taxable: 4096M
[101.497s][info][gc          ] GC(142) Concurrent reset 0.601ms
[101.497s][info][gc,start    ] GC(142) Pause Init Mark (unload classes)
[101.497s][info][gc,task     ] GC(142) Using 3 of 3 workers for init marking
[101.497s][info][gc,ergo     ] GC(142) Pacer for Mark. Expected Live: 9457K, Free: 2843M, Non-Taxable: 284M, Alloc Tax Rate: 0.0x
[101.498s][info][gc          ] GC(142) Pause Init Mark (unload classes) 0.161ms
[101.498s][info][gc,start    ] GC(142) Concurrent marking roots
[101.498s][info][gc,task     ] GC(142) Using 1 of 3 workers for concurrent marking roots
[101.498s][info][gc          ] GC(142) Concurrent marking roots 0.418ms
[101.498s][info][gc,start    ] GC(142) Concurrent marking (unload classes)
[101.498s][info][gc,task     ] GC(142) Using 1 of 3 workers for concurrent marking
[101.511s][info][gc          ] GC(142) Concurrent marking (unload classes) 12.605ms
[101.511s][info][gc,start    ] GC(142) Pause Final Mark (unload classes)
[101.511s][info][gc,task     ] GC(142) Using 3 of 3 workers for final marking
[101.511s][info][gc,ergo     ] GC(142) Collectable Garbage: 990M (95%), Immediate: 990M (95%), CSet: 0B (0%)
[101.511s][info][gc          ] GC(142) Pause Final Mark (unload classes) 0.291ms
[101.511s][info][gc,start    ] GC(142) Concurrent weak references
[101.511s][info][gc,task     ] GC(142) Using 1 of 3 workers for concurrent weak references
[101.511s][info][gc,ref      ] GC(142) Encountered references: Soft: 144, Weak: 702, Final: 0, Phantom: 27
[101.511s][info][gc,ref      ] GC(142) Discovered  references: Soft: 0, Weak: 150, Final: 0, Phantom: 12
[101.511s][info][gc,ref      ] GC(142) Enqueued    references: Soft: 0, Weak: 0, Final: 0, Phantom: 0
[101.511s][info][gc          ] GC(142) Concurrent weak references 0.143ms
[101.511s][info][gc,start    ] GC(142) Concurrent weak roots
[101.511s][info][gc,task     ] GC(142) Using 1 of 3 workers for concurrent weak root
[101.512s][info][gc          ] GC(142) Concurrent weak roots 0.523ms
[101.512s][info][gc,start    ] GC(142) Concurrent cleanup
[101.512s][info][gc          ] GC(142) Concurrent cleanup 1076M->86M(4096M) 0.043ms
[101.512s][info][gc,ergo     ] GC(142) Free: 3803M, Max: 2048K regular, 1722M humongous, Frag: 55% external, 0% internal; Reserve: 206M, Max: 2048K
[101.512s][info][gc,start    ] GC(142) Concurrent class unloading
[101.512s][info][gc,task     ] GC(142) Using 1 of 3 workers for concurrent class unloading
[101.514s][info][gc          ] GC(142) Concurrent class unloading 2.417ms
[101.514s][info][gc,start    ] GC(142) Pause Final Roots
[101.514s][info][gc          ] GC(142) Pause Final Roots 0.017ms
[101.514s][info][gc,ergo     ] Free: 3797M, Max: 2048K regular, 1722M humongous, Frag: 55% external, 0% internal; Reserve: 206M, Max: 2048K
[101.515s][info][gc,stats    ] 
[101.515s][info][gc,stats    ] All times are wall-clock times, except per-root-class counters, that are sum over
[101.515s][info][gc,stats    ] all workers. Dividing the <total> over the root stage time estimates parallelism.
[101.515s][info][gc,stats    ] 
[101.515s][info][gc,stats    ] Concurrent Reset                    659 us
[101.515s][info][gc,stats    ] Pause Init Mark (G)                 302 us
[101.515s][info][gc,stats    ] Pause Init Mark (N)                 170 us
[101.515s][info][gc,stats    ]   Update Region States               61 us
[101.515s][info][gc,stats    ] Concurrent Mark Roots               436 us, parallelism: 0.77x
[101.515s][info][gc,stats    ]   CMR: <total>                      334 us
[101.515s][info][gc,stats    ]   CMR: Thread Roots                 295 us, workers (us): 295, ---, ---, 
[101.515s][info][gc,stats    ]   CMR: VM Strong Roots                5 us, workers (us):   5, ---, ---, 
[101.515s][info][gc,stats    ]   CMR: CLDG Roots                    34 us, workers (us):  34, ---, ---, 
[101.515s][info][gc,stats    ] Concurrent Marking                12664 us
[101.515s][info][gc,stats    ] Pause Final Mark (G)                403 us
[101.515s][info][gc,stats    ] Pause Final Mark (N)                308 us
[101.515s][info][gc,stats    ]   Finish Mark                       118 us
[101.515s][info][gc,stats    ]   Update Region States               62 us
[101.515s][info][gc,stats    ]   Choose Collection Set              45 us
[101.515s][info][gc,stats    ]   Rebuild Free Set                   16 us
[101.515s][info][gc,stats    ] Concurrent Weak References          151 us, parallelism: 0.03x
[101.515s][info][gc,stats    ]   CWRF: <total>                       5 us
[101.515s][info][gc,stats    ]   CWRF: Weak References               5 us, workers (us):   5, ---, ---, 
[101.515s][info][gc,stats    ] Concurrent Weak Roots               541 us
[101.515s][info][gc,stats    ]   Roots                             456 us, parallelism: 0.89x
[101.515s][info][gc,stats    ]     CWR: <total>                    404 us
[101.515s][info][gc,stats    ]     CWR: Code Cache Roots           337 us, workers (us): 337, ---, ---, 
[101.515s][info][gc,stats    ]     CWR: VM Weak Roots               62 us, workers (us):  62, ---, ---, 
[101.515s][info][gc,stats    ]     CWR: CLDG Roots                   5 us, workers (us):   5, ---, ---, 
[101.515s][info][gc,stats    ]   Rendezvous                         50 us
[101.515s][info][gc,stats    ] Concurrent Cleanup                   52 us
[101.515s][info][gc,stats    ] Concurrent Class Unloading         2476 us
[101.515s][info][gc,stats    ]   Unlink Stale                     2251 us
[101.515s][info][gc,stats    ]     System Dictionary                 3 us
[101.515s][info][gc,stats    ]     Weak Class Links                  0 us
[101.515s][info][gc,stats    ]     Code Roots                     2247 us
[101.515s][info][gc,stats    ]   Rendezvous                         27 us
[101.515s][info][gc,stats    ]   Purge Unlinked                    119 us
[101.515s][info][gc,stats    ]     Code Roots                      110 us
[101.515s][info][gc,stats    ]     CLDG                              9 us
[101.515s][info][gc,stats    ]     Exception Caches                  0 us
[101.515s][info][gc,stats    ] Pause Final Roots (G)               104 us
[101.515s][info][gc,stats    ] Pause Final Roots (N)                24 us
[101.515s][info][gc,stats    ] 
[101.515s][info][gc,stats    ] Allocation pacing accrued:
[101.515s][info][gc,stats    ]       0 of   475 ms (  0.0%): <total>
[101.515s][info][gc,stats    ]       0 of   475 ms (  0.0%): <average total>
[101.515s][info][gc,stats    ] 
[101.515s][info][gc,metaspace] Metaspace: 8980K(9216K)->8980K(9216K) NonClass: 7807K(7936K)->7807K(7936K) Class: 1172K(1280K)->1172K(1280K)
[101.515s][info][gc,ergo     ] Pacer for Idle. Initial: 83886K, Alloc Tax Rate: 1.0x
[101.968s][info][gc          ] Trigger: Learning 4 of 5. Free (2845M) is below initial threshold (2867M)
[101.968s][info][gc,ergo     ] Free: 2845M, Max: 2048K regular, 1722M humongous, Frag: 40% external, 0% internal; Reserve: 206M, Max: 2048K
[101.969s][info][gc,start    ] GC(143) Concurrent reset
[101.969s][info][gc,task     ] GC(143) Using 1 of 3 workers for concurrent reset
[101.969s][info][gc,ergo     ] GC(143) Pacer for Reset. Non-Taxable: 4096M
[101.969s][info][gc          ] GC(143) Concurrent reset 0.409ms
[101.969s][info][gc,start    ] GC(143) Pause Init Mark (unload classes)
[101.969s][info][gc,task     ] GC(143) Using 3 of 3 workers for init marking
[101.969s][info][gc,ergo     ] GC(143) Pacer for Mark. Expected Live: 9453K, Free: 2843M, Non-Taxable: 284M, Alloc Tax Rate: 0.0x
[101.969s][info][gc          ] GC(143) Pause Init Mark (unload classes) 0.175ms
[101.969s][info][gc,start    ] GC(143) Concurrent marking roots
[101.969s][info][gc,task     ] GC(143) Using 1 of 3 workers for concurrent marking roots
[101.970s][info][gc          ] GC(143) Concurrent marking roots 0.741ms
[101.970s][info][gc,start    ] GC(143) Concurrent marking (unload classes)
[101.970s][info][gc,task     ] GC(143) Using 1 of 3 workers for concurrent marking
[101.987s][info][gc          ] GC(143) Concurrent marking (unload classes) 17.160ms
[101.987s][info][gc,start    ] GC(143) Pause Final Mark (unload classes)
[101.987s][info][gc,task     ] GC(143) Using 3 of 3 workers for final marking
[101.988s][info][gc,ergo     ] GC(143) Collectable Garbage: 978M (94%), Immediate: 978M (94%), CSet: 0B (0%)
[101.988s][info][gc          ] GC(143) Pause Final Mark (unload classes) 0.370ms
[101.988s][info][gc,start    ] GC(143) Concurrent weak references
[101.988s][info][gc,task     ] GC(143) Using 1 of 3 workers for concurrent weak references
[101.988s][info][gc,ref      ] GC(143) Encountered references: Soft: 144, Weak: 702, Final: 0, Phantom: 27
[101.988s][info][gc,ref      ] GC(143) Discovered  references: Soft: 0, Weak: 150, Final: 0, Phantom: 12
[101.988s][info][gc,ref      ] GC(143) Enqueued    references: Soft: 0, Weak: 0, Final: 0, Phantom: 0
[101.988s][info][gc          ] GC(143) Concurrent weak references 0.154ms
[101.988s][info][gc,start    ] GC(143) Concurrent weak roots
[101.988s][info][gc,task     ] GC(143) Using 1 of 3 workers for concurrent weak root
[101.989s][info][gc          ] GC(143) Concurrent weak roots 0.616ms
[101.989s][info][gc,start    ] GC(143) Concurrent cleanup
[101.989s][info][gc          ] GC(143) Concurrent cleanup 1084M->106M(4096M) 0.044ms
[101.989s][info][gc,ergo     ] GC(143) Free: 3783M, Max: 2048K regular, 1714M humongous, Frag: 55% external, 0% internal; Reserve: 206M, Max: 2048K
[101.989s][info][gc,start    ] GC(143) Concurrent class unloading
[101.989s][info][gc,task     ] GC(143) Using 1 of 3 workers for concurrent class unloading
[101.991s][info][gc          ] GC(143) Concurrent class unloading 2.427ms
[101.991s][info][gc,start    ] GC(143) Pause Final Roots
[101.991s][info][gc          ] GC(143) Pause Final Roots 0.041ms
[101.991s][info][gc,ergo     ] Free: 3777M, Max: 2048K regular, 1714M humongous, Frag: 55% external, 0% internal; Reserve: 206M, Max: 2048K
[101.991s][info][gc,stats    ] 
[101.992s][info][gc,stats    ] All times are wall-clock times, except per-root-class counters, that are sum over
[101.992s][info][gc,stats    ] all workers. Dividing the <total> over the root stage time estimates parallelism.
[101.992s][info][gc,stats    ] 
[101.992s][info][gc,stats    ] Concurrent Reset                    475 us
[101.992s][info][gc,stats    ] Pause Init Mark (G)                 337 us
[101.992s][info][gc,stats    ] Pause Init Mark (N)                 196 us
[101.992s][info][gc,stats    ]   Update Region States               64 us
[101.992s][info][gc,stats    ] Concurrent Mark Roots               760 us, parallelism: 0.88x
[101.992s][info][gc,stats    ]   CMR: <total>                      666 us
[101.992s][info][gc,stats    ]   CMR: Thread Roots                 597 us, workers (us): 597, ---, ---, 
[101.992s][info][gc,stats    ]   CMR: VM Strong Roots                7 us, workers (us):   7, ---, ---, 
[101.992s][info][gc,stats    ]   CMR: CLDG Roots                    63 us, workers (us):  63, ---, ---, 
[101.992s][info][gc,stats    ] Concurrent Marking                17229 us
[101.992s][info][gc,stats    ] Pause Final Mark (G)                523 us
[101.992s][info][gc,stats    ] Pause Final Mark (N)                390 us
[101.992s][info][gc,stats    ]   Finish Mark                       132 us
[101.992s][info][gc,stats    ]   Update Region States               89 us
[101.992s][info][gc,stats    ]   Choose Collection Set              61 us
[101.992s][info][gc,stats    ]   Rebuild Free Set                   17 us
[101.992s][info][gc,stats    ] Concurrent Weak References          169 us, parallelism: 0.02x
[101.992s][info][gc,stats    ]   CWRF: <total>                       4 us
[101.992s][info][gc,stats    ]   CWRF: Weak References               4 us, workers (us):   4, ---, ---, 
[101.992s][info][gc,stats    ] Concurrent Weak Roots               635 us
[101.992s][info][gc,stats    ]   Roots                             507 us, parallelism: 0.86x
[101.992s][info][gc,stats    ]     CWR: <total>                    435 us
[101.992s][info][gc,stats    ]     CWR: Code Cache Roots           345 us, workers (us): 345, ---, ---, 
[101.992s][info][gc,stats    ]     CWR: VM Weak Roots               85 us, workers (us):  85, ---, ---, 
[101.992s][info][gc,stats    ]     CWR: CLDG Roots                   5 us, workers (us):   5, ---, ---, 
[101.992s][info][gc,stats    ]   Rendezvous                         78 us
[101.992s][info][gc,stats    ] Concurrent Cleanup                   52 us
[101.992s][info][gc,stats    ] Concurrent Class Unloading         2490 us
[101.992s][info][gc,stats    ]   Unlink Stale                     2057 us
[101.992s][info][gc,stats    ]     System Dictionary                 2 us
[101.992s][info][gc,stats    ]     Weak Class Links                  0 us
[101.992s][info][gc,stats    ]     Code Roots                     2053 us
[101.992s][info][gc,stats    ]   Rendezvous                        146 us
[101.992s][info][gc,stats    ]   Purge Unlinked                    203 us
[101.992s][info][gc,stats    ]     Code Roots                      191 us
[101.992s][info][gc,stats    ]     CLDG                             11 us
[101.992s][info][gc,stats    ]     Exception Caches                  0 us
[101.992s][info][gc,stats    ] Pause Final Roots (G)               183 us
[101.992s][info][gc,stats    ] Pause Final Roots (N)                58 us
[101.992s][info][gc,stats    ] 
[101.992s][info][gc,stats    ] Allocation pacing accrued:
[101.992s][info][gc,stats    ]       0 of   477 ms (  0.0%): <total>
[101.992s][info][gc,stats    ]       0 of   477 ms (  0.0%): <average total>
[101.992s][info][gc,stats    ] 
[101.992s][info][gc,metaspace] Metaspace: 8980K(9216K)->8980K(9216K) NonClass: 7807K(7936K)->7807K(7936K) Class: 1172K(1280K)->1172K(1280K)
[101.992s][info][gc,ergo     ] Pacer for Idle. Initial: 83886K, Alloc Tax Rate: 1.0x
[102.424s][info][gc          ] Trigger: Learning 5 of 5. Free (2847M) is below initial threshold (2867M)
[102.424s][info][gc,ergo     ] Free: 2847M, Max: 2048K regular, 1714M humongous, Frag: 40% external, 0% internal; Reserve: 206M, Max: 2048K
[102.424s][info][gc,start    ] GC(144) Concurrent reset
[102.424s][info][gc,task     ] GC(144) Using 1 of 3 workers for concurrent reset
[102.424s][info][gc,ergo     ] GC(144) Pacer for Reset. Non-Taxable: 4096M
[102.425s][info][gc          ] GC(144) Concurrent reset 0.641ms
[102.425s][info][gc,start    ] GC(144) Pause Init Mark (unload classes)
[102.425s][info][gc,task     ] GC(144) Using 3 of 3 workers for init marking
[102.425s][info][gc,ergo     ] GC(144) Pacer for Mark. Expected Live: 9456K, Free: 2845M, Non-Taxable: 284M, Alloc Tax Rate: 0.0x
[102.425s][info][gc          ] GC(144) Pause Init Mark (unload classes) 0.168ms
[102.425s][info][gc,start    ] GC(144) Concurrent marking roots
[102.425s][info][gc,task     ] GC(144) Using 1 of 3 workers for concurrent marking roots
[102.426s][info][gc          ] GC(144) Concurrent marking roots 0.420ms
[102.426s][info][gc,start    ] GC(144) Concurrent marking (unload classes)
[102.426s][info][gc,task     ] GC(144) Using 1 of 3 workers for concurrent marking
[102.447s][info][gc          ] GC(144) Concurrent marking (unload classes) 21.285ms
[102.447s][info][gc,start    ] GC(144) Pause Final Mark (unload classes)
[102.447s][info][gc,task     ] GC(144) Using 3 of 3 workers for final marking
[102.447s][info][gc,ergo     ] GC(144) Collectable Garbage: 970M (94%), Immediate: 970M (94%), CSet: 0B (0%)
[102.447s][info][gc          ] GC(144) Pause Final Mark (unload classes) 0.374ms
[102.448s][info][gc,start    ] GC(144) Concurrent weak references
[102.448s][info][gc,task     ] GC(144) Using 1 of 3 workers for concurrent weak references
[102.448s][info][gc,ref      ] GC(144) Encountered references: Soft: 144, Weak: 702, Final: 0, Phantom: 27
[102.448s][info][gc,ref      ] GC(144) Discovered  references: Soft: 0, Weak: 150, Final: 0, Phantom: 12
[102.448s][info][gc,ref      ] GC(144) Enqueued    references: Soft: 0, Weak: 0, Final: 0, Phantom: 0
[102.448s][info][gc          ] GC(144) Concurrent weak references 0.113ms
[102.448s][info][gc,start    ] GC(144) Concurrent weak roots
[102.448s][info][gc,task     ] GC(144) Using 1 of 3 workers for concurrent weak root
[102.448s][info][gc          ] GC(144) Concurrent weak roots 0.569ms
[102.448s][info][gc,start    ] GC(144) Concurrent cleanup
[102.448s][info][gc          ] GC(144) Concurrent cleanup 1092M->122M(4096M) 0.044ms
[102.448s][info][gc,ergo     ] GC(144) Free: 3767M, Max: 2048K regular, 1706M humongous, Frag: 55% external, 0% internal; Reserve: 206M, Max: 2048K
[102.448s][info][gc,start    ] GC(144) Concurrent class unloading
[102.448s][info][gc,task     ] GC(144) Using 1 of 3 workers for concurrent class unloading
[102.450s][info][gc          ] GC(144) Concurrent class unloading 2.061ms
[102.450s][info][gc,start    ] GC(144) Pause Final Roots
[102.451s][info][gc          ] GC(144) Pause Final Roots 0.039ms
[102.451s][info][gc,ergo     ] Free: 3763M, Max: 2048K regular, 1706M humongous, Frag: 55% external, 0% internal; Reserve: 206M, Max: 2048K
[102.451s][info][gc,stats    ] 
[102.451s][info][gc,stats    ] All times are wall-clock times, except per-root-class counters, that are sum over
[102.451s][info][gc,stats    ] all workers. Dividing the <total> over the root stage time estimates parallelism.
[102.451s][info][gc,stats    ] 
[102.451s][info][gc,stats    ] Concurrent Reset                    712 us
[102.451s][info][gc,stats    ] Pause Init Mark (G)                 313 us
[102.451s][info][gc,stats    ] Pause Init Mark (N)                 185 us
[102.451s][info][gc,stats    ]   Update Region States               65 us
[102.451s][info][gc,stats    ] Concurrent Mark Roots               438 us, parallelism: 0.76x
[102.451s][info][gc,stats    ]   CMR: <total>                      334 us
[102.451s][info][gc,stats    ]   CMR: Thread Roots                 296 us, workers (us): 296, ---, ---, 
[102.451s][info][gc,stats    ]   CMR: VM Strong Roots                5 us, workers (us):   5, ---, ---, 
[102.451s][info][gc,stats    ]   CMR: CLDG Roots                    34 us, workers (us):  34, ---, ---, 
[102.451s][info][gc,stats    ] Concurrent Marking                21349 us
[102.451s][info][gc,stats    ] Pause Final Mark (G)                491 us
[102.451s][info][gc,stats    ] Pause Final Mark (N)                398 us
[102.451s][info][gc,stats    ]   Finish Mark                       131 us
[102.451s][info][gc,stats    ]   Update Region States               89 us
[102.451s][info][gc,stats    ]   Choose Collection Set              68 us
[102.451s][info][gc,stats    ]   Rebuild Free Set                   17 us
[102.451s][info][gc,stats    ] Concurrent Weak References          120 us, parallelism: 0.04x
[102.451s][info][gc,stats    ]   CWRF: <total>                       5 us
[102.451s][info][gc,stats    ]   CWRF: Weak References               5 us, workers (us):   5, ---, ---, 
[102.451s][info][gc,stats    ] Concurrent Weak Roots               587 us
[102.451s][info][gc,stats    ]   Roots                             475 us, parallelism: 0.89x
[102.451s][info][gc,stats    ]     CWR: <total>                    422 us
[102.451s][info][gc,stats    ]     CWR: Code Cache Roots           355 us, workers (us): 355, ---, ---, 
[102.451s][info][gc,stats    ]     CWR: VM Weak Roots               62 us, workers (us):  62, ---, ---, 
[102.451s][info][gc,stats    ]     CWR: CLDG Roots                   5 us, workers (us):   5, ---, ---, 
[102.451s][info][gc,stats    ]   Rendezvous                         78 us
[102.451s][info][gc,stats    ] Concurrent Cleanup                   53 us
[102.451s][info][gc,stats    ] Concurrent Class Unloading         2113 us
[102.451s][info][gc,stats    ]   Unlink Stale                     1735 us
[102.451s][info][gc,stats    ]     System Dictionary                 3 us
[102.451s][info][gc,stats    ]     Weak Class Links                  0 us
[102.451s][info][gc,stats    ]     Code Roots                     1731 us
[102.451s][info][gc,stats    ]   Rendezvous                        190 us
[102.451s][info][gc,stats    ]   Purge Unlinked                    118 us
[102.451s][info][gc,stats    ]     Code Roots                      108 us
[102.451s][info][gc,stats    ]     CLDG                              9 us
[102.451s][info][gc,stats    ]     Exception Caches                  0 us
[102.451s][info][gc,stats    ] Pause Final Roots (G)               167 us
[102.451s][info][gc,stats    ] Pause Final Roots (N)                57 us
[102.451s][info][gc,stats    ] 
[102.451s][info][gc,stats    ] Allocation pacing accrued:
[102.451s][info][gc,stats    ]       0 of   459 ms (  0.0%): <total>
[102.451s][info][gc,stats    ]       0 of   459 ms (  0.0%): <average total>
[102.451s][info][gc,stats    ] 
[102.451s][info][gc,metaspace] Metaspace: 8980K(9216K)->8980K(9216K) NonClass: 7807K(7936K)->7807K(7936K) Class: 1172K(1280K)->1172K(1280K)
[102.451s][info][gc,ergo     ] Pacer for Idle. Initial: 83886K, Alloc Tax Rate: 1.0x
[104.088s][info][gc          ] Trigger: Explicit GC request (System.gc())
[104.088s][info][gc,ergo     ] Free: 957M, Max: 2048K regular, 954M humongous, Frag: 1% external, 0% internal; Reserve: 206M, Max: 2048K
[104.088s][info][gc,start    ] GC(145) Concurrent reset
[104.088s][info][gc,task     ] GC(145) Using 1 of 3 workers for concurrent reset
[104.088s][info][gc,ergo     ] GC(145) Pacer for Reset. Non-Taxable: 4096M
[104.088s][info][gc          ] GC(145) Concurrent reset 0.433ms
[104.088s][info][gc,start    ] GC(145) Pause Init Mark (unload classes)
[104.088s][info][gc,task     ] GC(145) Using 3 of 3 workers for init marking
[104.088s][info][gc,ref      ] GC(145) Clearing All SoftReferences
[104.088s][info][gc,ergo     ] GC(145) Pacer for Mark. Expected Live: 9449K, Free: 957M, Non-Taxable: 98097K, Alloc Tax Rate: 0.0x
[104.088s][info][gc          ] GC(145) Pause Init Mark (unload classes) 0.155ms
[104.088s][info][gc,start    ] GC(145) Concurrent marking roots
[104.089s][info][gc,task     ] GC(145) Using 1 of 3 workers for concurrent marking roots
[104.089s][info][gc          ] GC(145) Concurrent marking roots 0.429ms
[104.089s][info][gc,start    ] GC(145) Concurrent marking (unload classes)
[104.089s][info][gc,task     ] GC(145) Using 1 of 3 workers for concurrent marking
[104.093s][info][gc          ] GC(145) Concurrent marking (unload classes) 4.083ms
[104.093s][info][gc,start    ] GC(145) Pause Final Mark (unload classes)
[104.093s][info][gc,task     ] GC(145) Using 3 of 3 workers for final marking
[104.093s][info][gc,ergo     ] GC(145) Collectable Garbage: 2896M (98%), Immediate: 2896M (98%), CSet: 0B (0%)
[104.094s][info][gc          ] GC(145) Pause Final Mark (unload classes) 0.363ms
[104.094s][info][gc,start    ] GC(145) Concurrent weak references
[104.094s][info][gc,task     ] GC(145) Using 1 of 3 workers for concurrent weak references
[104.094s][info][gc,ref      ] GC(145) Encountered references: Soft: 144, Weak: 702, Final: 0, Phantom: 27
[104.094s][info][gc,ref      ] GC(145) Discovered  references: Soft: 88, Weak: 168, Final: 0, Phantom: 25
[104.094s][info][gc,ref      ] GC(145) Enqueued    references: Soft: 3, Weak: 0, Final: 0, Phantom: 0
[104.094s][info][gc          ] GC(145) Concurrent weak references 0.166ms
[104.094s][info][gc,start    ] GC(145) Concurrent weak roots
[104.094s][info][gc,task     ] GC(145) Using 1 of 3 workers for concurrent weak root
[104.094s][info][gc          ] GC(145) Concurrent weak roots 0.671ms
[104.094s][info][gc,start    ] GC(145) Concurrent cleanup
[104.095s][info][gc          ] GC(145) Concurrent cleanup 2932M->36M(4096M) 0.094ms
[104.095s][info][gc,ergo     ] GC(145) Free: 3853M, Max: 2048K regular, 2720M humongous, Frag: 30% external, 0% internal; Reserve: 206M, Max: 2048K
[104.095s][info][gc,start    ] GC(145) Concurrent class unloading
[104.095s][info][gc,task     ] GC(145) Using 1 of 3 workers for concurrent class unloading
[104.097s][info][gc          ] GC(145) Concurrent class unloading 2.190ms
[104.097s][info][gc,start    ] GC(145) Pause Final Roots
[104.097s][info][gc          ] GC(145) Pause Final Roots 0.021ms
[104.097s][info][gc,ergo     ] Free: 3853M, Max: 2048K regular, 2720M humongous, Frag: 30% external, 0% internal; Reserve: 206M, Max: 2048K
[104.097s][info][gc,stats    ] 
[104.097s][info][gc,stats    ] All times are wall-clock times, except per-root-class counters, that are sum over
[104.097s][info][gc,stats    ] all workers. Dividing the <total> over the root stage time estimates parallelism.
[104.097s][info][gc,stats    ] 
[104.097s][info][gc,stats    ] Concurrent Reset                    475 us
[104.097s][info][gc,stats    ] Pause Init Mark (G)                 259 us
[104.097s][info][gc,stats    ] Pause Init Mark (N)                 163 us
[104.097s][info][gc,stats    ]   Update Region States               55 us
[104.097s][info][gc,stats    ] Concurrent Mark Roots               446 us, parallelism: 0.76x
[104.097s][info][gc,stats    ]   CMR: <total>                      340 us
[104.097s][info][gc,stats    ]   CMR: Thread Roots                 301 us, workers (us): 301, ---, ---, 
[104.097s][info][gc,stats    ]   CMR: VM Strong Roots                4 us, workers (us):   4, ---, ---, 
[104.097s][info][gc,stats    ]   CMR: CLDG Roots                    35 us, workers (us):  35, ---, ---, 
[104.097s][info][gc,stats    ] Concurrent Marking                 4150 us
[104.097s][info][gc,stats    ] Pause Final Mark (G)                493 us
[104.097s][info][gc,stats    ] Pause Final Mark (N)                383 us
[104.097s][info][gc,stats    ]   Finish Mark                       104 us
[104.097s][info][gc,stats    ]   Update Region States               89 us
[104.097s][info][gc,stats    ]   Choose Collection Set              70 us
[104.097s][info][gc,stats    ]   Rebuild Free Set                   17 us
[104.097s][info][gc,stats    ] Concurrent Weak References          182 us, parallelism: 0.05x
[104.097s][info][gc,stats    ]   CWRF: <total>                       9 us
[104.097s][info][gc,stats    ]   CWRF: Weak References               9 us, workers (us):   9, ---, ---, 
[104.097s][info][gc,stats    ] Concurrent Weak Roots               693 us
[104.097s][info][gc,stats    ]   Roots                             576 us, parallelism: 0.89x
[104.097s][info][gc,stats    ]     CWR: <total>                    515 us
[104.097s][info][gc,stats    ]     CWR: Code Cache Roots           310 us, workers (us): 310, ---, ---, 
[104.097s][info][gc,stats    ]     CWR: VM Weak Roots              201 us, workers (us): 201, ---, ---, 
[104.097s][info][gc,stats    ]     CWR: CLDG Roots                   5 us, workers (us):   5, ---, ---, 
[104.097s][info][gc,stats    ]   Rendezvous                         63 us
[104.097s][info][gc,stats    ] Concurrent Cleanup                  107 us
[104.097s][info][gc,stats    ] Concurrent Class Unloading         2238 us
[104.097s][info][gc,stats    ]   Unlink Stale                     1964 us
[104.097s][info][gc,stats    ]     System Dictionary                 3 us
[104.097s][info][gc,stats    ]     Weak Class Links                  0 us
[104.097s][info][gc,stats    ]     Code Roots                     1959 us
[104.097s][info][gc,stats    ]   Rendezvous                         56 us
[104.097s][info][gc,stats    ]   Purge Unlinked                    151 us
[104.097s][info][gc,stats    ]     Code Roots                      142 us
[104.097s][info][gc,stats    ]     CLDG                              9 us
[104.097s][info][gc,stats    ]     Exception Caches                  0 us
[104.098s][info][gc,stats    ] Pause Final Roots (G)                96 us
[104.098s][info][gc,stats    ] Pause Final Roots (N)                29 us
[104.098s][info][gc,stats    ] 
[104.098s][info][gc,stats    ] Allocation pacing accrued:
[104.098s][info][gc,stats    ]       0 of  1646 ms (  0.0%): <total>
[104.098s][info][gc,stats    ]       0 of  1646 ms (  0.0%): <average total>
[104.098s][info][gc,stats    ] 
[104.098s][info][gc,metaspace] Metaspace: 8980K(9216K)->8980K(9216K) NonClass: 7807K(7936K)->7808K(7936K) Class: 1172K(1280K)->1172K(1280K)
[104.098s][info][gc,ergo     ] Pacer for Idle. Initial: 83886K, Alloc Tax Rate: 1.0x
[104.559s][info][gc          ] Trigger: Learning 2 of 5. Free (2855M) is below initial threshold (2867M)
[104.559s][info][gc,ergo     ] Free: 2855M, Max: 2048K regular, 1766M humongous, Frag: 39% external, 0% internal; Reserve: 206M, Max: 2048K
[104.559s][info][gc,start    ] GC(146) Concurrent reset
[104.559s][info][gc,task     ] GC(146) Using 1 of 3 workers for concurrent reset
[104.559s][info][gc,ergo     ] GC(146) Pacer for Reset. Non-Taxable: 4096M
[104.560s][info][gc          ] GC(146) Concurrent reset 0.456ms
[104.560s][info][gc,start    ] GC(146) Pause Init Mark (unload classes)
[104.560s][info][gc,task     ] GC(146) Using 3 of 3 workers for init marking
[104.560s][info][gc,ergo     ] GC(146) Pacer for Mark. Expected Live: 9449K, Free: 2853M, Non-Taxable: 285M, Alloc Tax Rate: 0.0x
[104.560s][info][gc          ] GC(146) Pause Init Mark (unload classes) 0.233ms
[104.560s][info][gc,start    ] GC(146) Concurrent marking roots
[104.560s][info][gc,task     ] GC(146) Using 1 of 3 workers for concurrent marking roots
[104.561s][info][gc          ] GC(146) Concurrent marking roots 0.452ms
[104.561s][info][gc,start    ] GC(146) Concurrent marking (unload classes)
[104.561s][info][gc,task     ] GC(146) Using 1 of 3 workers for concurrent marking
[104.569s][info][gc          ] GC(146) Concurrent marking (unload classes) 8.010ms
[104.569s][info][gc,start    ] GC(146) Pause Final Mark (unload classes)
[104.569s][info][gc,task     ] GC(146) Using 3 of 3 workers for final marking
[104.569s][info][gc,ergo     ] GC(146) Collectable Garbage: 980M (95%), Immediate: 980M (95%), CSet: 0B (0%)
[104.569s][info][gc          ] GC(146) Pause Final Mark (unload classes) 0.331ms
[104.569s][info][gc,start    ] GC(146) Concurrent weak references
[104.569s][info][gc,task     ] GC(146) Using 1 of 3 workers for concurrent weak references
[104.569s][info][gc,ref      ] GC(146) Encountered references: Soft: 144, Weak: 702, Final: 0, Phantom: 27
[104.569s][info][gc,ref      ] GC(146) Discovered  references: Soft: 0, Weak: 150, Final: 0, Phantom: 12
[104.569s][info][gc,ref      ] GC(146) Enqueued    references: Soft: 0, Weak: 0, Final: 0, Phantom: 0
[104.569s][info][gc          ] GC(146) Concurrent weak references 0.154ms
[104.569s][info][gc,start    ] GC(146) Concurrent weak roots
[104.569s][info][gc,task     ] GC(146) Using 1 of 3 workers for concurrent weak root
[104.570s][info][gc          ] GC(146) Concurrent weak roots 0.694ms
[104.570s][info][gc,start    ] GC(146) Concurrent cleanup
[104.570s][info][gc          ] GC(146) Concurrent cleanup 1056M->76M(4096M) 0.045ms
[104.570s][info][gc,ergo     ] GC(146) Free: 3813M, Max: 2048K regular, 1744M humongous, Frag: 55% external, 0% internal; Reserve: 206M, Max: 2048K
[104.570s][info][gc,start    ] GC(146) Concurrent class unloading
[104.570s][info][gc,task     ] GC(146) Using 1 of 3 workers for concurrent class unloading
[104.572s][info][gc          ] GC(146) Concurrent class unloading 2.310ms
[104.572s][info][gc,start    ] GC(146) Pause Final Roots
[104.573s][info][gc          ] GC(146) Pause Final Roots 0.041ms
[104.573s][info][gc,ergo     ] Free: 3807M, Max: 2048K regular, 1744M humongous, Frag: 55% external, 0% internal; Reserve: 206M, Max: 2048K
[104.573s][info][gc,stats    ] 
[104.573s][info][gc,stats    ] All times are wall-clock times, except per-root-class counters, that are sum over
[104.573s][info][gc,stats    ] all workers. Dividing the <total> over the root stage time estimates parallelism.
[104.573s][info][gc,stats    ] 
[104.573s][info][gc,stats    ] Concurrent Reset                    516 us
[104.573s][info][gc,stats    ] Pause Init Mark (G)                 432 us
[104.573s][info][gc,stats    ] Pause Init Mark (N)                 252 us
[104.573s][info][gc,stats    ]   Update Region States              100 us
[104.573s][info][gc,stats    ] Concurrent Mark Roots               470 us, parallelism: 0.71x
[104.573s][info][gc,stats    ]   CMR: <total>                      336 us
[104.573s][info][gc,stats    ]   CMR: Thread Roots                 294 us, workers (us): 294, ---, ---, 
[104.573s][info][gc,stats    ]   CMR: VM Strong Roots                5 us, workers (us):   5, ---, ---, 
[104.573s][info][gc,stats    ]   CMR: CLDG Roots                    37 us, workers (us):  37, ---, ---, 
[104.573s][info][gc,stats    ] Concurrent Marking                 8069 us
[104.573s][info][gc,stats    ] Pause Final Mark (G)                478 us
[104.573s][info][gc,stats    ] Pause Final Mark (N)                350 us
[104.573s][info][gc,stats    ]   Finish Mark                       103 us
[104.573s][info][gc,stats    ]   Update Region States               88 us
[104.573s][info][gc,stats    ]   Choose Collection Set              60 us
[104.573s][info][gc,stats    ]   Rebuild Free Set                   17 us
[104.573s][info][gc,stats    ] Concurrent Weak References          161 us, parallelism: 0.05x
[104.573s][info][gc,stats    ]   CWRF: <total>                       7 us
[104.573s][info][gc,stats    ]   CWRF: Weak References               7 us, workers (us):   7, ---, ---, 
[104.573s][info][gc,stats    ] Concurrent Weak Roots               713 us
[104.573s][info][gc,stats    ]   Roots                             601 us, parallelism: 0.88x
[104.573s][info][gc,stats    ]     CWR: <total>                    529 us
[104.573s][info][gc,stats    ]     CWR: Code Cache Roots           413 us, workers (us): 413, ---, ---, 
[104.573s][info][gc,stats    ]     CWR: VM Weak Roots              110 us, workers (us): 110, ---, ---, 
[104.573s][info][gc,stats    ]     CWR: CLDG Roots                   6 us, workers (us):   6, ---, ---, 
[104.573s][info][gc,stats    ]   Rendezvous                         78 us
[104.573s][info][gc,stats    ] Concurrent Cleanup                   53 us
[104.573s][info][gc,stats    ] Concurrent Class Unloading         2362 us
[104.573s][info][gc,stats    ]   Unlink Stale                     2047 us
[104.573s][info][gc,stats    ]     System Dictionary                 2 us
[104.573s][info][gc,stats    ]     Weak Class Links                  0 us
[104.573s][info][gc,stats    ]     Code Roots                     2043 us
[104.573s][info][gc,stats    ]   Rendezvous                         92 us
[104.573s][info][gc,stats    ]   Purge Unlinked                    153 us
[104.573s][info][gc,stats    ]     Code Roots                      144 us
[104.573s][info][gc,stats    ]     CLDG                              9 us
[104.573s][info][gc,stats    ]     Exception Caches                  0 us
[104.573s][info][gc,stats    ] Pause Final Roots (G)               191 us
[104.573s][info][gc,stats    ] Pause Final Roots (N)                58 us
[104.573s][info][gc,stats    ] 
[104.573s][info][gc,stats    ] Allocation pacing accrued:
[104.573s][info][gc,stats    ]       0 of   476 ms (  0.0%): <total>
[104.573s][info][gc,stats    ]       0 of   476 ms (  0.0%): <average total>
[104.573s][info][gc,stats    ] 
[104.573s][info][gc,metaspace] Metaspace: 8980K(9216K)->8980K(9216K) NonClass: 7808K(7936K)->7808K(7936K) Class: 1172K(1280K)->1172K(1280K)
[104.573s][info][gc,ergo     ] Pacer for Idle. Initial: 83886K, Alloc Tax Rate: 1.0x
[105.030s][info][gc          ] Trigger: Learning 3 of 5. Free (2841M) is below initial threshold (2867M)
[105.030s][info][gc,ergo     ] Free: 2841M, Max: 2048K regular, 1744M humongous, Frag: 39% external, 0% internal; Reserve: 206M, Max: 2048K
[105.030s][info][gc,start    ] GC(147) Concurrent reset
[105.030s][info][gc,task     ] GC(147) Using 1 of 3 workers for concurrent reset
[105.030s][info][gc,ergo     ] GC(147) Pacer for Reset. Non-Taxable: 4096M
[105.031s][info][gc          ] GC(147) Concurrent reset 0.605ms
[105.031s][info][gc,start    ] GC(147) Pause Init Mark (unload classes)
[105.031s][info][gc,task     ] GC(147) Using 3 of 3 workers for init marking
[105.031s][info][gc,ergo     ] GC(147) Pacer for Mark. Expected Live: 9450K, Free: 2839M, Non-Taxable: 283M, Alloc Tax Rate: 0.0x
[105.031s][info][gc          ] GC(147) Pause Init Mark (unload classes) 0.163ms
[105.031s][info][gc,start    ] GC(147) Concurrent marking roots
[105.031s][info][gc,task     ] GC(147) Using 1 of 3 workers for concurrent marking roots
[105.032s][info][gc          ] GC(147) Concurrent marking roots 0.419ms
[105.032s][info][gc,start    ] GC(147) Concurrent marking (unload classes)
[105.032s][info][gc,task     ] GC(147) Using 1 of 3 workers for concurrent marking
[105.045s][info][gc          ] GC(147) Concurrent marking (unload classes) 13.137ms
[105.045s][info][gc,start    ] GC(147) Pause Final Mark (unload classes)
[105.045s][info][gc,task     ] GC(147) Using 3 of 3 workers for final marking
[105.045s][info][gc,ergo     ] GC(147) Collectable Garbage: 990M (95%), Immediate: 990M (95%), CSet: 0B (0%)
[105.045s][info][gc          ] GC(147) Pause Final Mark (unload classes) 0.235ms
[105.045s][info][gc,start    ] GC(147) Concurrent weak references
[105.045s][info][gc,task     ] GC(147) Using 1 of 3 workers for concurrent weak references
[105.045s][info][gc,ref      ] GC(147) Encountered references: Soft: 144, Weak: 702, Final: 0, Phantom: 27
[105.046s][info][gc,ref      ] GC(147) Discovered  references: Soft: 0, Weak: 150, Final: 0, Phantom: 12
[105.046s][info][gc,ref      ] GC(147) Enqueued    references: Soft: 0, Weak: 0, Final: 0, Phantom: 0
[105.046s][info][gc          ] GC(147) Concurrent weak references 0.154ms
[105.046s][info][gc,start    ] GC(147) Concurrent weak roots
[105.046s][info][gc,task     ] GC(147) Using 1 of 3 workers for concurrent weak root
[105.046s][info][gc          ] GC(147) Concurrent weak roots 0.577ms
[105.046s][info][gc,start    ] GC(147) Concurrent cleanup
[105.046s][info][gc          ] GC(147) Concurrent cleanup 1080M->90M(4096M) 0.046ms
[105.046s][info][gc,ergo     ] GC(147) Free: 3799M, Max: 2048K regular, 1718M humongous, Frag: 55% external, 0% internal; Reserve: 206M, Max: 2048K
[105.046s][info][gc,start    ] GC(147) Concurrent class unloading
[105.046s][info][gc,task     ] GC(147) Using 1 of 3 workers for concurrent class unloading
[105.048s][info][gc          ] GC(147) Concurrent class unloading 1.877ms
[105.048s][info][gc,start    ] GC(147) Pause Final Roots
[105.048s][info][gc          ] GC(147) Pause Final Roots 0.022ms
[105.048s][info][gc,ergo     ] Free: 3795M, Max: 2048K regular, 1718M humongous, Frag: 55% external, 0% internal; Reserve: 206M, Max: 2048K
[105.048s][info][gc,stats    ] 
[105.048s][info][gc,stats    ] All times are wall-clock times, except per-root-class counters, that are sum over
[105.048s][info][gc,stats    ] all workers. Dividing the <total> over the root stage time estimates parallelism.
[105.048s][info][gc,stats    ] 
[105.048s][info][gc,stats    ] Concurrent Reset                    671 us
[105.048s][info][gc,stats    ] Pause Init Mark (G)                 340 us
[105.048s][info][gc,stats    ] Pause Init Mark (N)                 173 us
[105.049s][info][gc,stats    ]   Update Region States               64 us
[105.049s][info][gc,stats    ] Concurrent Mark Roots               437 us, parallelism: 0.77x
[105.049s][info][gc,stats    ]   CMR: <total>                      335 us
[105.049s][info][gc,stats    ]   CMR: Thread Roots                 297 us, workers (us): 297, ---, ---, 
[105.049s][info][gc,stats    ]   CMR: VM Strong Roots                5 us, workers (us):   5, ---, ---, 
[105.049s][info][gc,stats    ]   CMR: CLDG Roots                    33 us, workers (us):  33, ---, ---, 
[105.049s][info][gc,stats    ] Concurrent Marking                13198 us
[105.049s][info][gc,stats    ] Pause Final Mark (G)                347 us
[105.049s][info][gc,stats    ] Pause Final Mark (N)                252 us
[105.049s][info][gc,stats    ]   Finish Mark                        77 us
[105.049s][info][gc,stats    ]   Update Region States               46 us
[105.049s][info][gc,stats    ]   Choose Collection Set              45 us
[105.049s][info][gc,stats    ]   Rebuild Free Set                   17 us
[105.049s][info][gc,stats    ] Concurrent Weak References          209 us, parallelism: 0.02x
[105.049s][info][gc,stats    ]   CWRF: <total>                       4 us
[105.049s][info][gc,stats    ]   CWRF: Weak References               4 us, workers (us):   4, ---, ---, 
[105.049s][info][gc,stats    ] Concurrent Weak Roots               602 us
[105.049s][info][gc,stats    ]   Roots                             483 us, parallelism: 0.89x
[105.049s][info][gc,stats    ]     CWR: <total>                    429 us
[105.049s][info][gc,stats    ]     CWR: Code Cache Roots           360 us, workers (us): 360, ---, ---, 
[105.049s][info][gc,stats    ]     CWR: VM Weak Roots               64 us, workers (us):  64, ---, ---, 
[105.049s][info][gc,stats    ]     CWR: CLDG Roots                   5 us, workers (us):   5, ---, ---, 
[105.049s][info][gc,stats    ]   Rendezvous                         60 us
[105.049s][info][gc,stats    ] Concurrent Cleanup                   54 us
[105.049s][info][gc,stats    ] Concurrent Class Unloading         1930 us
[105.049s][info][gc,stats    ]   Unlink Stale                     1704 us
[105.049s][info][gc,stats    ]     System Dictionary                 3 us
[105.049s][info][gc,stats    ]     Weak Class Links                  0 us
[105.049s][info][gc,stats    ]     Code Roots                     1700 us
[105.049s][info][gc,stats    ]   Rendezvous                         41 us
[105.049s][info][gc,stats    ]   Purge Unlinked                    114 us
[105.049s][info][gc,stats    ]     Code Roots                      104 us
[105.049s][info][gc,stats    ]     CLDG                             10 us
[105.049s][info][gc,stats    ]     Exception Caches                  0 us
[105.049s][info][gc,stats    ] Pause Final Roots (G)               106 us
[105.049s][info][gc,stats    ] Pause Final Roots (N)                29 us
[105.049s][info][gc,stats    ] 
[105.049s][info][gc,stats    ] Allocation pacing accrued:
[105.049s][info][gc,stats    ]       0 of   476 ms (  0.0%): <total>
[105.049s][info][gc,stats    ]       0 of   476 ms (  0.0%): <average total>
[105.049s][info][gc,stats    ] 
[105.049s][info][gc,metaspace] Metaspace: 8980K(9216K)->8980K(9216K) NonClass: 7808K(7936K)->7808K(7936K) Class: 1172K(1280K)->1172K(1280K)
[105.049s][info][gc,ergo     ] Pacer for Idle. Initial: 83886K, Alloc Tax Rate: 1.0x
[105.502s][info][gc          ] Trigger: Learning 4 of 5. Free (2839M) is below initial threshold (2867M)
[105.502s][info][gc,ergo     ] Free: 2839M, Max: 2048K regular, 1718M humongous, Frag: 40% external, 0% internal; Reserve: 206M, Max: 2048K
[105.502s][info][gc,start    ] GC(148) Concurrent reset
[105.502s][info][gc,task     ] GC(148) Using 1 of 3 workers for concurrent reset
[105.502s][info][gc,ergo     ] GC(148) Pacer for Reset. Non-Taxable: 4096M
[105.502s][info][gc          ] GC(148) Concurrent reset 0.584ms
[105.503s][info][gc,start    ] GC(148) Pause Init Mark (unload classes)
[105.503s][info][gc,task     ] GC(148) Using 3 of 3 workers for init marking
[105.503s][info][gc,ergo     ] GC(148) Pacer for Mark. Expected Live: 9457K, Free: 2839M, Non-Taxable: 283M, Alloc Tax Rate: 0.0x
[105.503s][info][gc          ] GC(148) Pause Init Mark (unload classes) 0.246ms
[105.503s][info][gc,start    ] GC(148) Concurrent marking roots
[105.503s][info][gc,task     ] GC(148) Using 1 of 3 workers for concurrent marking roots
[105.503s][info][gc          ] GC(148) Concurrent marking roots 0.487ms
[105.503s][info][gc,start    ] GC(148) Concurrent marking (unload classes)
[105.503s][info][gc,task     ] GC(148) Using 1 of 3 workers for concurrent marking
[105.521s][info][gc          ] GC(148) Concurrent marking (unload classes) 17.214ms
[105.521s][info][gc,start    ] GC(148) Pause Final Mark (unload classes)
[105.521s][info][gc,task     ] GC(148) Using 3 of 3 workers for final marking
[105.521s][info][gc,ergo     ] GC(148) Collectable Garbage: 994M (95%), Immediate: 994M (95%), CSet: 0B (0%)
[105.521s][info][gc          ] GC(148) Pause Final Mark (unload classes) 0.334ms
[105.521s][info][gc,start    ] GC(148) Concurrent weak references
[105.521s][info][gc,task     ] GC(148) Using 1 of 3 workers for concurrent weak references
[105.521s][info][gc,ref      ] GC(148) Encountered references: Soft: 144, Weak: 702, Final: 0, Phantom: 27
[105.521s][info][gc,ref      ] GC(148) Discovered  references: Soft: 0, Weak: 150, Final: 0, Phantom: 12
[105.521s][info][gc,ref      ] GC(148) Enqueued    references: Soft: 0, Weak: 0, Final: 0, Phantom: 0
[105.521s][info][gc          ] GC(148) Concurrent weak references 0.138ms
[105.521s][info][gc,start    ] GC(148) Concurrent weak roots
[105.521s][info][gc,task     ] GC(148) Using 1 of 3 workers for concurrent weak root
[105.522s][info][gc          ] GC(148) Concurrent weak roots 0.566ms
[105.522s][info][gc,start    ] GC(148) Concurrent cleanup
[105.522s][info][gc          ] GC(148) Concurrent cleanup 1090M->96M(4096M) 0.043ms
[105.522s][info][gc,ergo     ] GC(148) Free: 3793M, Max: 2048K regular, 1708M humongous, Frag: 55% external, 0% internal; Reserve: 206M, Max: 2048K
[105.522s][info][gc,start    ] GC(148) Concurrent class unloading
[105.522s][info][gc,task     ] GC(148) Using 1 of 3 workers for concurrent class unloading
[105.524s][info][gc          ] GC(148) Concurrent class unloading 2.418ms
[105.524s][info][gc,start    ] GC(148) Pause Final Roots
[105.524s][info][gc          ] GC(148) Pause Final Roots 0.039ms
[105.525s][info][gc,ergo     ] Free: 3787M, Max: 2048K regular, 1708M humongous, Frag: 55% external, 0% internal; Reserve: 206M, Max: 2048K
[105.525s][info][gc,stats    ] 
[105.525s][info][gc,stats    ] All times are wall-clock times, except per-root-class counters, that are sum over
[105.525s][info][gc,stats    ] all workers. Dividing the <total> over the root stage time estimates parallelism.
[105.525s][info][gc,stats    ] 
[105.525s][info][gc,stats    ] Concurrent Reset                    651 us
[105.525s][info][gc,stats    ] Pause Init Mark (G)                 448 us
[105.525s][info][gc,stats    ] Pause Init Mark (N)                 265 us
[105.525s][info][gc,stats    ]   Update Region States              115 us
[105.525s][info][gc,stats    ] Concurrent Mark Roots               506 us, parallelism: 0.66x
[105.525s][info][gc,stats    ]   CMR: <total>                      334 us
[105.525s][info][gc,stats    ]   CMR: Thread Roots                 292 us, workers (us): 292, ---, ---, 
[105.525s][info][gc,stats    ]   CMR: VM Strong Roots                6 us, workers (us):   6, ---, ---, 
[105.525s][info][gc,stats    ]   CMR: CLDG Roots                    36 us, workers (us):  36, ---, ---, 
[105.525s][info][gc,stats    ] Concurrent Marking                17275 us
[105.525s][info][gc,stats    ] Pause Final Mark (G)                445 us
[105.525s][info][gc,stats    ] Pause Final Mark (N)                353 us
[105.525s][info][gc,stats    ]   Finish Mark                       103 us
[105.525s][info][gc,stats    ]   Update Region States               87 us
[105.525s][info][gc,stats    ]   Choose Collection Set              62 us
[105.525s][info][gc,stats    ]   Rebuild Free Set                   17 us
[105.525s][info][gc,stats    ] Concurrent Weak References          145 us, parallelism: 0.05x
[105.525s][info][gc,stats    ]   CWRF: <total>                       7 us
[105.525s][info][gc,stats    ]   CWRF: Weak References               7 us, workers (us):   7, ---, ---, 
[105.525s][info][gc,stats    ] Concurrent Weak Roots               585 us
[105.525s][info][gc,stats    ]   Roots                             467 us, parallelism: 0.88x
[105.525s][info][gc,stats    ]     CWR: <total>                    413 us
[105.525s][info][gc,stats    ]     CWR: Code Cache Roots           347 us, workers (us): 347, ---, ---, 
[105.525s][info][gc,stats    ]     CWR: VM Weak Roots               61 us, workers (us):  61, ---, ---, 
[105.525s][info][gc,stats    ]     CWR: CLDG Roots                   5 us, workers (us):   5, ---, ---, 
[105.525s][info][gc,stats    ]   Rendezvous                         84 us
[105.525s][info][gc,stats    ] Concurrent Cleanup                   51 us
[105.525s][info][gc,stats    ] Concurrent Class Unloading         2469 us
[105.525s][info][gc,stats    ]   Unlink Stale                     2123 us
[105.525s][info][gc,stats    ]     System Dictionary                 3 us
[105.525s][info][gc,stats    ]     Weak Class Links                  0 us
[105.525s][info][gc,stats    ]     Code Roots                     2119 us
[105.525s][info][gc,stats    ]   Rendezvous                        162 us
[105.525s][info][gc,stats    ]   Purge Unlinked                    115 us
[105.525s][info][gc,stats    ]     Code Roots                      105 us
[105.525s][info][gc,stats    ]     CLDG                              9 us
[105.525s][info][gc,stats    ]     Exception Caches                  0 us
[105.525s][info][gc,stats    ] Pause Final Roots (G)               166 us
[105.525s][info][gc,stats    ] Pause Final Roots (N)                56 us
[105.525s][info][gc,stats    ] 
[105.525s][info][gc,stats    ] Allocation pacing accrued:
[105.525s][info][gc,stats    ]       0 of   476 ms (  0.0%): <total>
[105.525s][info][gc,stats    ]       0 of   476 ms (  0.0%): <average total>
[105.525s][info][gc,stats    ] 
[105.525s][info][gc,metaspace] Metaspace: 8980K(9216K)->8980K(9216K) NonClass: 7808K(7936K)->7808K(7936K) Class: 1172K(1280K)->1172K(1280K)
[105.525s][info][gc,ergo     ] Pacer for Idle. Initial: 83886K, Alloc Tax Rate: 1.0x
[105.957s][info][gc          ] Trigger: Learning 5 of 5. Free (2857M) is below initial threshold (2867M)
[105.957s][info][gc,ergo     ] Free: 2857M, Max: 2048K regular, 1708M humongous, Frag: 41% external, 0% internal; Reserve: 206M, Max: 2048K
[105.957s][info][gc,start    ] GC(149) Concurrent reset
[105.957s][info][gc,task     ] GC(149) Using 1 of 3 workers for concurrent reset
[105.957s][info][gc,ergo     ] GC(149) Pacer for Reset. Non-Taxable: 4096M
[105.958s][info][gc          ] GC(149) Concurrent reset 0.584ms
[105.958s][info][gc,start    ] GC(149) Pause Init Mark (unload classes)
[105.958s][info][gc,task     ] GC(149) Using 3 of 3 workers for init marking
[105.958s][info][gc,ergo     ] GC(149) Pacer for Mark. Expected Live: 9458K, Free: 2855M, Non-Taxable: 285M, Alloc Tax Rate: 0.0x
[105.958s][info][gc          ] GC(149) Pause Init Mark (unload classes) 0.162ms
[105.958s][info][gc,start    ] GC(149) Concurrent marking roots
[105.958s][info][gc,task     ] GC(149) Using 1 of 3 workers for concurrent marking roots
[105.959s][info][gc          ] GC(149) Concurrent marking roots 0.428ms
[105.959s][info][gc,start    ] GC(149) Concurrent marking (unload classes)
[105.959s][info][gc,task     ] GC(149) Using 1 of 3 workers for concurrent marking
[105.980s][info][gc          ] GC(149) Concurrent marking (unload classes) 21.143ms
[105.980s][info][gc,start    ] GC(149) Pause Final Mark (unload classes)
[105.980s][info][gc,task     ] GC(149) Using 3 of 3 workers for final marking
[105.980s][info][gc,ergo     ] GC(149) Collectable Garbage: 956M (93%), Immediate: 956M (93%), CSet: 0B (0%)
[105.980s][info][gc          ] GC(149) Pause Final Mark (unload classes) 0.247ms
[105.980s][info][gc,start    ] GC(149) Concurrent weak references
[105.980s][info][gc,task     ] GC(149) Using 1 of 3 workers for concurrent weak references
[105.980s][info][gc,ref      ] GC(149) Encountered references: Soft: 144, Weak: 702, Final: 0, Phantom: 27
[105.980s][info][gc,ref      ] GC(149) Discovered  references: Soft: 0, Weak: 150, Final: 0, Phantom: 25
[105.980s][info][gc,ref      ] GC(149) Enqueued    references: Soft: 0, Weak: 0, Final: 0, Phantom: 0
[105.980s][info][gc          ] GC(149) Concurrent weak references 0.161ms
[105.980s][info][gc,start    ] GC(149) Concurrent weak roots
[105.980s][info][gc,task     ] GC(149) Using 1 of 3 workers for concurrent weak root
[105.981s][info][gc          ] GC(149) Concurrent weak roots 0.524ms
[105.981s][info][gc,start    ] GC(149) Concurrent cleanup
[105.981s][info][gc          ] GC(149) Concurrent cleanup 1078M->122M(4096M) 0.042ms
[105.981s][info][gc,ergo     ] GC(149) Free: 3767M, Max: 2048K regular, 1730M humongous, Frag: 55% external, 0% internal; Reserve: 206M, Max: 2048K
[105.981s][info][gc,start    ] GC(149) Concurrent class unloading
[105.981s][info][gc,task     ] GC(149) Using 1 of 3 workers for concurrent class unloading
[105.983s][info][gc          ] GC(149) Concurrent class unloading 2.135ms
[105.983s][info][gc,start    ] GC(149) Pause Final Roots
[105.983s][info][gc          ] GC(149) Pause Final Roots 0.030ms
[105.983s][info][gc,ergo     ] Free: 3765M, Max: 2048K regular, 1730M humongous, Frag: 55% external, 0% internal; Reserve: 206M, Max: 2048K
[105.983s][info][gc,stats    ] 
[105.983s][info][gc,stats    ] All times are wall-clock times, except per-root-class counters, that are sum over
[105.983s][info][gc,stats    ] all workers. Dividing the <total> over the root stage time estimates parallelism.
[105.983s][info][gc,stats    ] 
[105.983s][info][gc,stats    ] Concurrent Reset                    652 us
[105.983s][info][gc,stats    ] Pause Init Mark (G)                 318 us
[105.984s][info][gc,stats    ] Pause Init Mark (N)                 171 us
[105.984s][info][gc,stats    ]   Update Region States               61 us
[105.984s][info][gc,stats    ] Concurrent Mark Roots               446 us, parallelism: 0.77x
[105.984s][info][gc,stats    ]   CMR: <total>                      345 us
[105.984s][info][gc,stats    ]   CMR: Thread Roots                 305 us, workers (us): 305, ---, ---, 
[105.984s][info][gc,stats    ]   CMR: VM Strong Roots                5 us, workers (us):   5, ---, ---, 
[105.984s][info][gc,stats    ]   CMR: CLDG Roots                    35 us, workers (us):  35, ---, ---, 
[105.984s][info][gc,stats    ] Concurrent Marking                21203 us
[105.984s][info][gc,stats    ] Pause Final Mark (G)                362 us
[105.984s][info][gc,stats    ] Pause Final Mark (N)                264 us
[105.984s][info][gc,stats    ]   Finish Mark                        83 us
[105.984s][info][gc,stats    ]   Update Region States               47 us
[105.984s][info][gc,stats    ]   Choose Collection Set              49 us
[105.984s][info][gc,stats    ]   Rebuild Free Set                   17 us
[105.984s][info][gc,stats    ] Concurrent Weak References          177 us, parallelism: 0.03x
[105.984s][info][gc,stats    ]   CWRF: <total>                       5 us
[105.984s][info][gc,stats    ]   CWRF: Weak References               5 us, workers (us):   5, ---, ---, 
[105.984s][info][gc,stats    ] Concurrent Weak Roots               543 us
[105.984s][info][gc,stats    ]   Roots                             443 us, parallelism: 0.87x
[105.984s][info][gc,stats    ]     CWR: <total>                    387 us
[105.984s][info][gc,stats    ]     CWR: Code Cache Roots           322 us, workers (us): 322, ---, ---, 
[105.984s][info][gc,stats    ]     CWR: VM Weak Roots               62 us, workers (us):  62, ---, ---, 
[105.984s][info][gc,stats    ]     CWR: CLDG Roots                   4 us, workers (us):   4, ---, ---, 
[105.984s][info][gc,stats    ]   Rendezvous                         51 us
[105.984s][info][gc,stats    ] Concurrent Cleanup                   51 us
[105.984s][info][gc,stats    ] Concurrent Class Unloading         2187 us
[105.984s][info][gc,stats    ]   Unlink Stale                     1959 us
[105.984s][info][gc,stats    ]     System Dictionary                 2 us
[105.984s][info][gc,stats    ]     Weak Class Links                  0 us
[105.984s][info][gc,stats    ]     Code Roots                     1956 us
[105.984s][info][gc,stats    ]   Rendezvous                         43 us
[105.984s][info][gc,stats    ]   Purge Unlinked                    114 us
[105.984s][info][gc,stats    ]     Code Roots                      105 us
[105.984s][info][gc,stats    ]     CLDG                              9 us
[105.984s][info][gc,stats    ]     Exception Caches                  0 us
[105.984s][info][gc,stats    ] Pause Final Roots (G)               140 us
[105.984s][info][gc,stats    ] Pause Final Roots (N)                45 us
[105.984s][info][gc,stats    ] 
[105.984s][info][gc,stats    ] Allocation pacing accrued:
[105.984s][info][gc,stats    ]       0 of   459 ms (  0.0%): <total>
[105.984s][info][gc,stats    ]       0 of   459 ms (  0.0%): <average total>
[105.984s][info][gc,stats    ] 
[105.984s][info][gc,metaspace] Metaspace: 8980K(9216K)->8980K(9216K) NonClass: 7808K(7936K)->7808K(7936K) Class: 1172K(1280K)->1172K(1280K)
[105.984s][info][gc,ergo     ] Pacer for Idle. Initial: 83886K, Alloc Tax Rate: 1.0x
[107.622s][info][gc          ] Trigger: Explicit GC request (System.gc())
[107.622s][info][gc,ergo     ] Free: 965M, Max: 2048K regular, 954M humongous, Frag: 2% external, 0% internal; Reserve: 206M, Max: 2048K
[107.622s][info][gc,start    ] GC(150) Concurrent reset
[107.622s][info][gc,task     ] GC(150) Using 1 of 3 workers for concurrent reset
[107.622s][info][gc,ergo     ] GC(150) Pacer for Reset. Non-Taxable: 4096M
[107.622s][info][gc          ] GC(150) Concurrent reset 0.488ms
[107.622s][info][gc,start    ] GC(150) Pause Init Mark (unload classes)
[107.622s][info][gc,task     ] GC(150) Using 3 of 3 workers for init marking
[107.622s][info][gc,ref      ] GC(150) Clearing All SoftReferences
[107.622s][info][gc,ergo     ] GC(150) Pacer for Mark. Expected Live: 9464K, Free: 965M, Non-Taxable: 98916K, Alloc Tax Rate: 0.0x
[107.622s][info][gc          ] GC(150) Pause Init Mark (unload classes) 0.139ms
[107.622s][info][gc,start    ] GC(150) Concurrent marking roots
[107.622s][info][gc,task     ] GC(150) Using 1 of 3 workers for concurrent marking roots
[107.623s][info][gc          ] GC(150) Concurrent marking roots 0.405ms
[107.623s][info][gc,start    ] GC(150) Concurrent marking (unload classes)
[107.623s][info][gc,task     ] GC(150) Using 1 of 3 workers for concurrent marking
[107.627s][info][gc          ] GC(150) Concurrent marking (unload classes) 3.729ms
[107.627s][info][gc,start    ] GC(150) Pause Final Mark (unload classes)
[107.627s][info][gc,task     ] GC(150) Using 3 of 3 workers for final marking
[107.627s][info][gc,ergo     ] GC(150) Collectable Garbage: 2888M (98%), Immediate: 2888M (98%), CSet: 0B (0%)
[107.627s][info][gc          ] GC(150) Pause Final Mark (unload classes) 0.330ms
[107.627s][info][gc,start    ] GC(150) Concurrent weak references
[107.627s][info][gc,task     ] GC(150) Using 1 of 3 workers for concurrent weak references
[107.627s][info][gc,ref      ] GC(150) Encountered references: Soft: 144, Weak: 702, Final: 0, Phantom: 27
[107.627s][info][gc,ref      ] GC(150) Discovered  references: Soft: 88, Weak: 168, Final: 0, Phantom: 25
[107.627s][info][gc,ref      ] GC(150) Enqueued    references: Soft: 3, Weak: 0, Final: 0, Phantom: 0
[107.627s][info][gc          ] GC(150) Concurrent weak references 0.155ms
[107.627s][info][gc,start    ] GC(150) Concurrent weak roots
[107.627s][info][gc,task     ] GC(150) Using 1 of 3 workers for concurrent weak root
[107.628s][info][gc          ] GC(150) Concurrent weak roots 0.524ms
[107.628s][info][gc,start    ] GC(150) Concurrent cleanup
[107.628s][info][gc          ] GC(150) Concurrent cleanup 2924M->36M(4096M) 0.104ms
[107.628s][info][gc,ergo     ] GC(150) Free: 3853M, Max: 2048K regular, 2720M humongous, Frag: 30% external, 0% internal; Reserve: 206M, Max: 2048K
[107.628s][info][gc,start    ] GC(150) Concurrent class unloading
[107.628s][info][gc,task     ] GC(150) Using 1 of 3 workers for concurrent class unloading
[107.631s][info][gc          ] GC(150) Concurrent class unloading 2.848ms
[107.631s][info][gc,start    ] GC(150) Pause Final Roots
[107.631s][info][gc          ] GC(150) Pause Final Roots 0.058ms
[107.631s][info][gc,ergo     ] Free: 3853M, Max: 2048K regular, 2720M humongous, Frag: 30% external, 0% internal; Reserve: 206M, Max: 2048K
[107.631s][info][gc,stats    ] 
[107.631s][info][gc,stats    ] All times are wall-clock times, except per-root-class counters, that are sum over
[107.631s][info][gc,stats    ] all workers. Dividing the <total> over the root stage time estimates parallelism.
[107.631s][info][gc,stats    ] 
[107.631s][info][gc,stats    ] Concurrent Reset                    531 us
[107.631s][info][gc,stats    ] Pause Init Mark (G)                 238 us
[107.631s][info][gc,stats    ] Pause Init Mark (N)                 148 us
[107.631s][info][gc,stats    ]   Update Region States               54 us
[107.631s][info][gc,stats    ] Concurrent Mark Roots               425 us, parallelism: 0.75x
[107.631s][info][gc,stats    ]   CMR: <total>                      320 us
[107.631s][info][gc,stats    ]   CMR: Thread Roots                 280 us, workers (us): 280, ---, ---, 
[107.631s][info][gc,stats    ]   CMR: VM Strong Roots                5 us, workers (us):   5, ---, ---, 
[107.631s][info][gc,stats    ]   CMR: CLDG Roots                    35 us, workers (us):  35, ---, ---, 
[107.631s][info][gc,stats    ] Concurrent Marking                 3782 us
[107.631s][info][gc,stats    ] Pause Final Mark (G)                472 us
[107.631s][info][gc,stats    ] Pause Final Mark (N)                352 us
[107.631s][info][gc,stats    ]   Finish Mark                        96 us
[107.631s][info][gc,stats    ]   Update Region States               63 us
[107.631s][info][gc,stats    ]   Choose Collection Set              71 us
[107.631s][info][gc,stats    ]   Rebuild Free Set                   20 us
[107.631s][info][gc,stats    ] Concurrent Weak References          162 us, parallelism: 0.06x
[107.631s][info][gc,stats    ]   CWRF: <total>                      10 us
[107.631s][info][gc,stats    ]   CWRF: Weak References              10 us, workers (us):  10, ---, ---, 
[107.631s][info][gc,stats    ] Concurrent Weak Roots               543 us
[107.631s][info][gc,stats    ]   Roots                             419 us, parallelism: 0.88x
[107.631s][info][gc,stats    ]     CWR: <total>                    368 us
[107.631s][info][gc,stats    ]     CWR: Code Cache Roots           305 us, workers (us): 305, ---, ---, 
[107.631s][info][gc,stats    ]     CWR: VM Weak Roots               59 us, workers (us):  59, ---, ---, 
[107.631s][info][gc,stats    ]     CWR: CLDG Roots                   4 us, workers (us):   4, ---, ---, 
[107.631s][info][gc,stats    ]   Rendezvous                         89 us
[107.631s][info][gc,stats    ] Concurrent Cleanup                  112 us
[107.631s][info][gc,stats    ] Concurrent Class Unloading         2905 us
[107.631s][info][gc,stats    ]   Unlink Stale                     2573 us
[107.631s][info][gc,stats    ]     System Dictionary                 2 us
[107.631s][info][gc,stats    ]     Weak Class Links                  0 us
[107.631s][info][gc,stats    ]     Code Roots                     2569 us
[107.631s][info][gc,stats    ]   Rendezvous                        102 us
[107.631s][info][gc,stats    ]   Purge Unlinked                    154 us
[107.631s][info][gc,stats    ]     Code Roots                      144 us
[107.631s][info][gc,stats    ]     CLDG                              9 us
[107.631s][info][gc,stats    ]     Exception Caches                  0 us
[107.631s][info][gc,stats    ] Pause Final Roots (G)               197 us
[107.631s][info][gc,stats    ] Pause Final Roots (N)                81 us
[107.631s][info][gc,stats    ] 
[107.631s][info][gc,stats    ] Allocation pacing accrued:
[107.631s][info][gc,stats    ]       0 of  1647 ms (  0.0%): <total>
[107.631s][info][gc,stats    ]       0 of  1647 ms (  0.0%): <average total>
[107.631s][info][gc,stats    ] 
[107.631s][info][gc,metaspace] Metaspace: 8998K(9216K)->8998K(9216K) NonClass: 7825K(7936K)->7825K(7936K) Class: 1172K(1280K)->1172K(1280K)
[107.631s][info][gc,ergo     ] Pacer for Idle. Initial: 83886K, Alloc Tax Rate: 1.0x
[108.093s][info][gc          ] Trigger: Learning 2 of 5. Free (2859M) is below initial threshold (2867M)
[108.093s][info][gc,ergo     ] Free: 2857M, Max: 2048K regular, 1768M humongous, Frag: 39% external, 0% internal; Reserve: 206M, Max: 2048K
[108.093s][info][gc,start    ] GC(151) Concurrent reset
[108.093s][info][gc,task     ] GC(151) Using 1 of 3 workers for concurrent reset
[108.093s][info][gc,ergo     ] GC(151) Pacer for Reset. Non-Taxable: 4096M
[108.093s][info][gc          ] GC(151) Concurrent reset 0.505ms
[108.094s][info][gc,start    ] GC(151) Pause Init Mark (unload classes)
[108.094s][info][gc,task     ] GC(151) Using 3 of 3 workers for init marking
[108.094s][info][gc,ergo     ] GC(151) Pacer for Mark. Expected Live: 9464K, Free: 2857M, Non-Taxable: 285M, Alloc Tax Rate: 0.0x
[108.094s][info][gc          ] GC(151) Pause Init Mark (unload classes) 0.196ms
[108.094s][info][gc,start    ] GC(151) Concurrent marking roots
[108.094s][info][gc,task     ] GC(151) Using 1 of 3 workers for concurrent marking roots
[108.095s][info][gc          ] GC(151) Concurrent marking roots 0.830ms
[108.095s][info][gc,start    ] GC(151) Concurrent marking (unload classes)
[108.095s][info][gc,task     ] GC(151) Using 1 of 3 workers for concurrent marking
[108.103s][info][gc          ] GC(151) Concurrent marking (unload classes) 8.358ms
[108.103s][info][gc,start    ] GC(151) Pause Final Mark (unload classes)
[108.103s][info][gc,task     ] GC(151) Using 3 of 3 workers for final marking
[108.103s][info][gc,ergo     ] GC(151) Collectable Garbage: 978M (95%), Immediate: 978M (95%), CSet: 0B (0%)
[108.103s][info][gc          ] GC(151) Pause Final Mark (unload classes) 0.224ms
[108.103s][info][gc,start    ] GC(151) Concurrent weak references
[108.103s][info][gc,task     ] GC(151) Using 1 of 3 workers for concurrent weak references
[108.104s][info][gc,ref      ] GC(151) Encountered references: Soft: 144, Weak: 702, Final: 0, Phantom: 27
[108.104s][info][gc,ref      ] GC(151) Discovered  references: Soft: 0, Weak: 150, Final: 0, Phantom: 12
[108.104s][info][gc,ref      ] GC(151) Enqueued    references: Soft: 0, Weak: 0, Final: 0, Phantom: 0
[108.104s][info][gc          ] GC(151) Concurrent weak references 0.223ms
[108.104s][info][gc,start    ] GC(151) Concurrent weak roots
[108.104s][info][gc,task     ] GC(151) Using 1 of 3 workers for concurrent weak root
[108.104s][info][gc          ] GC(151) Concurrent weak roots 0.692ms
[108.104s][info][gc,start    ] GC(151) Concurrent cleanup
[108.104s][info][gc          ] GC(151) Concurrent cleanup 1052M->74M(4096M) 0.043ms
[108.104s][info][gc,ergo     ] GC(151) Free: 3815M, Max: 2048K regular, 1748M humongous, Frag: 55% external, 0% internal; Reserve: 206M, Max: 2048K
[108.104s][info][gc,start    ] GC(151) Concurrent class unloading
[108.104s][info][gc,task     ] GC(151) Using 1 of 3 workers for concurrent class unloading
[108.107s][info][gc          ] GC(151) Concurrent class unloading 2.069ms
[108.107s][info][gc,start    ] GC(151) Pause Final Roots
[108.107s][info][gc          ] GC(151) Pause Final Roots 0.015ms
[108.107s][info][gc,ergo     ] Free: 3809M, Max: 2048K regular, 1748M humongous, Frag: 55% external, 0% internal; Reserve: 206M, Max: 2048K
[108.107s][info][gc,stats    ] 
[108.107s][info][gc,stats    ] All times are wall-clock times, except per-root-class counters, that are sum over
[108.107s][info][gc,stats    ] all workers. Dividing the <total> over the root stage time estimates parallelism.
[108.107s][info][gc,stats    ] 
[108.107s][info][gc,stats    ] Concurrent Reset                    564 us
[108.107s][info][gc,stats    ] Pause Init Mark (G)                 405 us
[108.107s][info][gc,stats    ] Pause Init Mark (N)                 206 us
[108.107s][info][gc,stats    ]   Update Region States               86 us
[108.107s][info][gc,stats    ] Concurrent Mark Roots               853 us, parallelism: 0.77x
[108.107s][info][gc,stats    ]   CMR: <total>                      657 us
[108.107s][info][gc,stats    ]   CMR: Thread Roots                 576 us, workers (us): 576, ---, ---, 
[108.107s][info][gc,stats    ]   CMR: VM Strong Roots                9 us, workers (us):   9, ---, ---, 
[108.107s][info][gc,stats    ]   CMR: CLDG Roots                    71 us, workers (us):  71, ---, ---, 
[108.107s][info][gc,stats    ] Concurrent Marking                 8416 us
[108.107s][info][gc,stats    ] Pause Final Mark (G)                345 us
[108.107s][info][gc,stats    ] Pause Final Mark (N)                240 us
[108.107s][info][gc,stats    ]   Finish Mark                        70 us
[108.107s][info][gc,stats    ]   Update Region States               47 us
[108.107s][info][gc,stats    ]   Choose Collection Set              46 us
[108.107s][info][gc,stats    ]   Rebuild Free Set                   16 us
[108.107s][info][gc,stats    ] Concurrent Weak References          239 us, parallelism: 0.04x
[108.107s][info][gc,stats    ]   CWRF: <total>                       9 us
[108.107s][info][gc,stats    ]   CWRF: Weak References               9 us, workers (us):   9, ---, ---, 
[108.107s][info][gc,stats    ] Concurrent Weak Roots               711 us
[108.107s][info][gc,stats    ]   Roots                             620 us, parallelism: 0.88x
[108.107s][info][gc,stats    ]     CWR: <total>                    544 us
[108.107s][info][gc,stats    ]     CWR: Code Cache Roots           426 us, workers (us): 426, ---, ---, 
[108.107s][info][gc,stats    ]     CWR: VM Weak Roots              112 us, workers (us): 112, ---, ---, 
[108.107s][info][gc,stats    ]     CWR: CLDG Roots                   6 us, workers (us):   6, ---, ---, 
[108.107s][info][gc,stats    ]   Rendezvous                         39 us
[108.107s][info][gc,stats    ] Concurrent Cleanup                   52 us
[108.107s][info][gc,stats    ] Concurrent Class Unloading         2122 us
[108.107s][info][gc,stats    ]   Unlink Stale                     1894 us
[108.107s][info][gc,stats    ]     System Dictionary                 3 us
[108.107s][info][gc,stats    ]     Weak Class Links                  0 us
[108.107s][info][gc,stats    ]     Code Roots                     1890 us
[108.107s][info][gc,stats    ]   Rendezvous                         40 us
[108.107s][info][gc,stats    ]   Purge Unlinked                    116 us
[108.107s][info][gc,stats    ]     Code Roots                      107 us
[108.107s][info][gc,stats    ]     CLDG                              8 us
[108.107s][info][gc,stats    ]     Exception Caches                  0 us
[108.107s][info][gc,stats    ] Pause Final Roots (G)               109 us
[108.107s][info][gc,stats    ] Pause Final Roots (N)                22 us
[108.107s][info][gc,stats    ] 
[108.107s][info][gc,stats    ] Allocation pacing accrued:
[108.107s][info][gc,stats    ]       0 of   476 ms (  0.0%): <total>
[108.107s][info][gc,stats    ]       0 of   476 ms (  0.0%): <average total>
[108.107s][info][gc,stats    ] 
[108.107s][info][gc,metaspace] Metaspace: 8998K(9216K)->8998K(9216K) NonClass: 7825K(7936K)->7825K(7936K) Class: 1172K(1280K)->1172K(1280K)
[108.107s][info][gc,ergo     ] Pacer for Idle. Initial: 83886K, Alloc Tax Rate: 1.0x
[108.564s][info][gc          ] Trigger: Learning 3 of 5. Free (2847M) is below initial threshold (2867M)
[108.564s][info][gc,ergo     ] Free: 2847M, Max: 2048K regular, 1748M humongous, Frag: 39% external, 0% internal; Reserve: 206M, Max: 2048K
[108.564s][info][gc,start    ] GC(152) Concurrent reset
[108.564s][info][gc,task     ] GC(152) Using 1 of 3 workers for concurrent reset
[108.564s][info][gc,ergo     ] GC(152) Pacer for Reset. Non-Taxable: 4096M
[108.564s][info][gc          ] GC(152) Concurrent reset 0.572ms
[108.564s][info][gc,start    ] GC(152) Pause Init Mark (unload classes)
[108.565s][info][gc,task     ] GC(152) Using 3 of 3 workers for init marking
[108.565s][info][gc,ergo     ] GC(152) Pacer for Mark. Expected Live: 9463K, Free: 2845M, Non-Taxable: 284M, Alloc Tax Rate: 0.0x
[108.565s][info][gc          ] GC(152) Pause Init Mark (unload classes) 0.188ms
[108.565s][info][gc,start    ] GC(152) Concurrent marking roots
[108.565s][info][gc,task     ] GC(152) Using 1 of 3 workers for concurrent marking roots
[108.565s][info][gc          ] GC(152) Concurrent marking roots 0.491ms
[108.565s][info][gc,start    ] GC(152) Concurrent marking (unload classes)
[108.565s][info][gc,task     ] GC(152) Using 1 of 3 workers for concurrent marking
[108.578s][info][gc          ] GC(152) Concurrent marking (unload classes) 12.659ms
[108.578s][info][gc,start    ] GC(152) Pause Final Mark (unload classes)
[108.578s][info][gc,task     ] GC(152) Using 3 of 3 workers for final marking
[108.578s][info][gc,ergo     ] GC(152) Collectable Garbage: 986M (95%), Immediate: 986M (95%), CSet: 0B (0%)
[108.578s][info][gc          ] GC(152) Pause Final Mark (unload classes) 0.224ms
[108.578s][info][gc,start    ] GC(152) Concurrent weak references
[108.578s][info][gc,task     ] GC(152) Using 1 of 3 workers for concurrent weak references
[108.578s][info][gc,ref      ] GC(152) Encountered references: Soft: 144, Weak: 702, Final: 0, Phantom: 27
[108.578s][info][gc,ref      ] GC(152) Discovered  references: Soft: 0, Weak: 150, Final: 0, Phantom: 12
[108.579s][info][gc,ref      ] GC(152) Enqueued    references: Soft: 0, Weak: 0, Final: 0, Phantom: 0
[108.579s][info][gc          ] GC(152) Concurrent weak references 0.155ms
[108.579s][info][gc,start    ] GC(152) Concurrent weak roots
[108.579s][info][gc,task     ] GC(152) Using 1 of 3 workers for concurrent weak root
[108.579s][info][gc          ] GC(152) Concurrent weak roots 0.686ms
[108.579s][info][gc,start    ] GC(152) Concurrent cleanup
[108.579s][info][gc          ] GC(152) Concurrent cleanup 1074M->88M(4096M) 0.050ms
[108.579s][info][gc,ergo     ] GC(152) Free: 3801M, Max: 2048K regular, 1724M humongous, Frag: 55% external, 0% internal; Reserve: 206M, Max: 2048K
[108.579s][info][gc,start    ] GC(152) Concurrent class unloading
[108.579s][info][gc,task     ] GC(152) Using 1 of 3 workers for concurrent class unloading
[108.581s][info][gc          ] GC(152) Concurrent class unloading 1.992ms
[108.581s][info][gc,start    ] GC(152) Pause Final Roots
[108.581s][info][gc          ] GC(152) Pause Final Roots 0.018ms
[108.582s][info][gc,ergo     ] Free: 3797M, Max: 2048K regular, 1724M humongous, Frag: 55% external, 0% internal; Reserve: 206M, Max: 2048K
[108.582s][info][gc,stats    ] 
[108.582s][info][gc,stats    ] All times are wall-clock times, except per-root-class counters, that are sum over
[108.582s][info][gc,stats    ] all workers. Dividing the <total> over the root stage time estimates parallelism.
[108.582s][info][gc,stats    ] 
[108.582s][info][gc,stats    ] Concurrent Reset                    634 us
[108.582s][info][gc,stats    ] Pause Init Mark (G)                 412 us
[108.582s][info][gc,stats    ] Pause Init Mark (N)                 200 us
[108.582s][info][gc,stats    ]   Update Region States               75 us
[108.582s][info][gc,stats    ] Concurrent Mark Roots               511 us, parallelism: 0.68x
[108.582s][info][gc,stats    ]   CMR: <total>                      347 us
[108.582s][info][gc,stats    ]   CMR: Thread Roots                 304 us, workers (us): 304, ---, ---, 
[108.582s][info][gc,stats    ]   CMR: VM Strong Roots                5 us, workers (us):   5, ---, ---, 
[108.582s][info][gc,stats    ]   CMR: CLDG Roots                    38 us, workers (us):  38, ---, ---, 
[108.582s][info][gc,stats    ] Concurrent Marking                12719 us
[108.582s][info][gc,stats    ] Pause Final Mark (G)                346 us
[108.582s][info][gc,stats    ] Pause Final Mark (N)                241 us
[108.582s][info][gc,stats    ]   Finish Mark                        72 us
[108.582s][info][gc,stats    ]   Update Region States               47 us
[108.582s][info][gc,stats    ]   Choose Collection Set              44 us
[108.582s][info][gc,stats    ]   Rebuild Free Set                   16 us
[108.582s][info][gc,stats    ] Concurrent Weak References          170 us, parallelism: 0.03x
[108.582s][info][gc,stats    ]   CWRF: <total>                       5 us
[108.582s][info][gc,stats    ]   CWRF: Weak References               5 us, workers (us):   5, ---, ---, 
[108.582s][info][gc,stats    ] Concurrent Weak Roots               715 us
[108.582s][info][gc,stats    ]   Roots                             605 us, parallelism: 0.88x
[108.582s][info][gc,stats    ]     CWR: <total>                    532 us
[108.582s][info][gc,stats    ]     CWR: Code Cache Roots           416 us, workers (us): 416, ---, ---, 
[108.582s][info][gc,stats    ]     CWR: VM Weak Roots              110 us, workers (us): 110, ---, ---, 
[108.582s][info][gc,stats    ]     CWR: CLDG Roots                   6 us, workers (us):   6, ---, ---, 
[108.582s][info][gc,stats    ]   Rendezvous                         50 us
[108.582s][info][gc,stats    ] Concurrent Cleanup                   58 us
[108.582s][info][gc,stats    ] Concurrent Class Unloading         2048 us
[108.582s][info][gc,stats    ]   Unlink Stale                     1832 us
[108.582s][info][gc,stats    ]     System Dictionary                 4 us
[108.582s][info][gc,stats    ]     Weak Class Links                  0 us
[108.582s][info][gc,stats    ]     Code Roots                     1827 us
[108.582s][info][gc,stats    ]   Rendezvous                         26 us
[108.582s][info][gc,stats    ]   Purge Unlinked                    116 us
[108.582s][info][gc,stats    ]     Code Roots                      107 us
[108.582s][info][gc,stats    ]     CLDG                              9 us
[108.582s][info][gc,stats    ]     Exception Caches                  0 us
[108.582s][info][gc,stats    ] Pause Final Roots (G)               123 us
[108.582s][info][gc,stats    ] Pause Final Roots (N)                25 us
[108.582s][info][gc,stats    ] 
[108.582s][info][gc,stats    ] Allocation pacing accrued:
[108.582s][info][gc,stats    ]       0 of   475 ms (  0.0%): <total>
[108.582s][info][gc,stats    ]       0 of   475 ms (  0.0%): <average total>
[108.582s][info][gc,stats    ] 
[108.582s][info][gc,metaspace] Metaspace: 8998K(9216K)->8998K(9216K) NonClass: 7825K(7936K)->7825K(7936K) Class: 1172K(1280K)->1172K(1280K)
[108.582s][info][gc,ergo     ] Pacer for Idle. Initial: 83886K, Alloc Tax Rate: 1.0x
[109.035s][info][gc          ] Trigger: Learning 4 of 5. Free (2837M) is below initial threshold (2867M)
[109.035s][info][gc,ergo     ] Free: 2837M, Max: 2048K regular, 1724M humongous, Frag: 40% external, 0% internal; Reserve: 206M, Max: 2048K
[109.035s][info][gc,start    ] GC(153) Concurrent reset
[109.035s][info][gc,task     ] GC(153) Using 1 of 3 workers for concurrent reset
[109.035s][info][gc,ergo     ] GC(153) Pacer for Reset. Non-Taxable: 4096M
[109.035s][info][gc          ] GC(153) Concurrent reset 0.585ms
[109.036s][info][gc,start    ] GC(153) Pause Init Mark (unload classes)
[109.036s][info][gc,task     ] GC(153) Using 3 of 3 workers for init marking
[109.036s][info][gc,ergo     ] GC(153) Pacer for Mark. Expected Live: 9458K, Free: 2837M, Non-Taxable: 283M, Alloc Tax Rate: 0.0x
[109.036s][info][gc          ] GC(153) Pause Init Mark (unload classes) 0.246ms
[109.036s][info][gc,start    ] GC(153) Concurrent marking roots
[109.036s][info][gc,task     ] GC(153) Using 1 of 3 workers for concurrent marking roots
[109.036s][info][gc          ] GC(153) Concurrent marking roots 0.421ms
[109.036s][info][gc,start    ] GC(153) Concurrent marking (unload classes)
[109.036s][info][gc,task     ] GC(153) Using 1 of 3 workers for concurrent marking
[109.053s][info][gc          ] GC(153) Concurrent marking (unload classes) 17.056ms
[109.054s][info][gc,start    ] GC(153) Pause Final Mark (unload classes)
[109.054s][info][gc,task     ] GC(153) Using 3 of 3 workers for final marking
[109.054s][info][gc,ergo     ] GC(153) Collectable Garbage: 992M (95%), Immediate: 992M (95%), CSet: 0B (0%)
[109.054s][info][gc          ] GC(153) Pause Final Mark (unload classes) 0.345ms
[109.054s][info][gc,start    ] GC(153) Concurrent weak references
[109.054s][info][gc,task     ] GC(153) Using 1 of 3 workers for concurrent weak references
[109.054s][info][gc,ref      ] GC(153) Encountered references: Soft: 144, Weak: 702, Final: 0, Phantom: 27
[109.054s][info][gc,ref      ] GC(153) Discovered  references: Soft: 0, Weak: 150, Final: 0, Phantom: 12
[109.054s][info][gc,ref      ] GC(153) Enqueued    references: Soft: 0, Weak: 0, Final: 0, Phantom: 0
[109.054s][info][gc          ] GC(153) Concurrent weak references 0.117ms
[109.054s][info][gc,start    ] GC(153) Concurrent weak roots
[109.054s][info][gc,task     ] GC(153) Using 1 of 3 workers for concurrent weak root
[109.055s][info][gc          ] GC(153) Concurrent weak roots 0.560ms
[109.055s][info][gc,start    ] GC(153) Concurrent cleanup
[109.055s][info][gc          ] GC(153) Concurrent cleanup 1090M->98M(4096M) 0.043ms
[109.055s][info][gc,ergo     ] GC(153) Free: 3791M, Max: 2048K regular, 1708M humongous, Frag: 55% external, 0% internal; Reserve: 206M, Max: 2048K
[109.055s][info][gc,start    ] GC(153) Concurrent class unloading
[109.055s][info][gc,task     ] GC(153) Using 1 of 3 workers for concurrent class unloading
[109.057s][info][gc          ] GC(153) Concurrent class unloading 1.887ms
[109.057s][info][gc,start    ] GC(153) Pause Final Roots
[109.057s][info][gc          ] GC(153) Pause Final Roots 0.020ms
[109.057s][info][gc,ergo     ] Free: 3787M, Max: 2048K regular, 1708M humongous, Frag: 55% external, 0% internal; Reserve: 206M, Max: 2048K
[109.057s][info][gc,stats    ] 
[109.057s][info][gc,stats    ] All times are wall-clock times, except per-root-class counters, that are sum over
[109.057s][info][gc,stats    ] all workers. Dividing the <total> over the root stage time estimates parallelism.
[109.057s][info][gc,stats    ] 
[109.057s][info][gc,stats    ] Concurrent Reset                    648 us
[109.057s][info][gc,stats    ] Pause Init Mark (G)                 426 us
[109.057s][info][gc,stats    ] Pause Init Mark (N)                 264 us
[109.057s][info][gc,stats    ]   Update Region States              116 us
[109.057s][info][gc,stats    ] Concurrent Mark Roots               439 us, parallelism: 0.77x
[109.057s][info][gc,stats    ]   CMR: <total>                      336 us
[109.057s][info][gc,stats    ]   CMR: Thread Roots                 298 us, workers (us): 298, ---, ---, 
[109.057s][info][gc,stats    ]   CMR: VM Strong Roots                5 us, workers (us):   5, ---, ---, 
[109.057s][info][gc,stats    ]   CMR: CLDG Roots                    33 us, workers (us):  33, ---, ---, 
[109.057s][info][gc,stats    ] Concurrent Marking                17118 us
[109.057s][info][gc,stats    ] Pause Final Mark (G)                516 us
[109.057s][info][gc,stats    ] Pause Final Mark (N)                372 us
[109.057s][info][gc,stats    ]   Finish Mark                       111 us
[109.057s][info][gc,stats    ]   Update Region States               90 us
[109.057s][info][gc,stats    ]   Choose Collection Set              62 us
[109.057s][info][gc,stats    ]   Rebuild Free Set                   17 us
[109.057s][info][gc,stats    ] Concurrent Weak References          124 us, parallelism: 0.04x
[109.057s][info][gc,stats    ]   CWRF: <total>                       5 us
[109.057s][info][gc,stats    ]   CWRF: Weak References               5 us, workers (us):   5, ---, ---, 
[109.057s][info][gc,stats    ] Concurrent Weak Roots               579 us
[109.057s][info][gc,stats    ]   Roots                             466 us, parallelism: 0.88x
[109.057s][info][gc,stats    ]     CWR: <total>                    412 us
[109.057s][info][gc,stats    ]     CWR: Code Cache Roots           345 us, workers (us): 345, ---, ---, 
[109.057s][info][gc,stats    ]     CWR: VM Weak Roots               61 us, workers (us):  61, ---, ---, 
[109.057s][info][gc,stats    ]     CWR: CLDG Roots                   6 us, workers (us):   6, ---, ---, 
[109.057s][info][gc,stats    ]   Rendezvous                         78 us
[109.057s][info][gc,stats    ] Concurrent Cleanup                   51 us
[109.057s][info][gc,stats    ] Concurrent Class Unloading         1922 us
[109.057s][info][gc,stats    ]   Unlink Stale                     1724 us
[109.057s][info][gc,stats    ]     System Dictionary                 2 us
[109.057s][info][gc,stats    ]     Weak Class Links                  0 us
[109.057s][info][gc,stats    ]     Code Roots                     1720 us
[109.057s][info][gc,stats    ]   Rendezvous                         54 us
[109.057s][info][gc,stats    ]   Purge Unlinked                     92 us
[109.057s][info][gc,stats    ]     Code Roots                       87 us
[109.057s][info][gc,stats    ]     CLDG                              5 us
[109.057s][info][gc,stats    ]     Exception Caches                  0 us
[109.058s][info][gc,stats    ] Pause Final Roots (G)               129 us
[109.058s][info][gc,stats    ] Pause Final Roots (N)                28 us
[109.058s][info][gc,stats    ] 
[109.058s][info][gc,stats    ] Allocation pacing accrued:
[109.058s][info][gc,stats    ]       0 of   476 ms (  0.0%): <total>
[109.058s][info][gc,stats    ]       0 of   476 ms (  0.0%): <average total>
[109.058s][info][gc,stats    ] 
[109.058s][info][gc,metaspace] Metaspace: 8998K(9216K)->8998K(9216K) NonClass: 7825K(7936K)->7825K(7936K) Class: 1172K(1280K)->1172K(1280K)
[109.058s][info][gc,ergo     ] Pacer for Idle. Initial: 83886K, Alloc Tax Rate: 1.0x
[109.489s][info][gc          ] Trigger: Learning 5 of 5. Free (2859M) is below initial threshold (2867M)
[109.489s][info][gc,ergo     ] Free: 2859M, Max: 2048K regular, 1708M humongous, Frag: 41% external, 0% internal; Reserve: 206M, Max: 2048K
[109.489s][info][gc,start    ] GC(154) Concurrent reset
[109.489s][info][gc,task     ] GC(154) Using 1 of 3 workers for concurrent reset
[109.489s][info][gc,ergo     ] GC(154) Pacer for Reset. Non-Taxable: 4096M
[109.490s][info][gc          ] GC(154) Concurrent reset 0.490ms
[109.490s][info][gc,start    ] GC(154) Pause Init Mark (unload classes)
[109.490s][info][gc,task     ] GC(154) Using 3 of 3 workers for init marking
[109.490s][info][gc,ergo     ] GC(154) Pacer for Mark. Expected Live: 9465K, Free: 2857M, Non-Taxable: 285M, Alloc Tax Rate: 0.0x
[109.490s][info][gc          ] GC(154) Pause Init Mark (unload classes) 0.164ms
[109.490s][info][gc,start    ] GC(154) Concurrent marking roots
[109.490s][info][gc,task     ] GC(154) Using 1 of 3 workers for concurrent marking roots
[109.491s][info][gc          ] GC(154) Concurrent marking roots 0.641ms
[109.491s][info][gc,start    ] GC(154) Concurrent marking (unload classes)
[109.491s][info][gc,task     ] GC(154) Using 1 of 3 workers for concurrent marking
[109.512s][info][gc          ] GC(154) Concurrent marking (unload classes) 21.480ms
[109.512s][info][gc,start    ] GC(154) Pause Final Mark (unload classes)
[109.513s][info][gc,task     ] GC(154) Using 3 of 3 workers for final marking
[109.513s][info][gc,ergo     ] GC(154) Collectable Garbage: 956M (94%), Immediate: 956M (94%), CSet: 0B (0%)
[109.513s][info][gc          ] GC(154) Pause Final Mark (unload classes) 0.294ms
[109.513s][info][gc,start    ] GC(154) Concurrent weak references
[109.513s][info][gc,task     ] GC(154) Using 1 of 3 workers for concurrent weak references
[109.513s][info][gc,ref      ] GC(154) Encountered references: Soft: 144, Weak: 702, Final: 0, Phantom: 27
[109.513s][info][gc,ref      ] GC(154) Discovered  references: Soft: 0, Weak: 150, Final: 0, Phantom: 12
[109.513s][info][gc,ref      ] GC(154) Enqueued    references: Soft: 0, Weak: 0, Final: 0, Phantom: 0
[109.513s][info][gc          ] GC(154) Concurrent weak references 0.138ms
[109.513s][info][gc,start    ] GC(154) Concurrent weak roots
[109.513s][info][gc,task     ] GC(154) Using 1 of 3 workers for concurrent weak root
[109.514s][info][gc          ] GC(154) Concurrent weak roots 0.570ms
[109.514s][info][gc,start    ] GC(154) Concurrent cleanup
[109.514s][info][gc          ] GC(154) Concurrent cleanup 1080M->124M(4096M) 0.042ms
[109.514s][info][gc,ergo     ] GC(154) Free: 3765M, Max: 2048K regular, 1734M humongous, Frag: 54% external, 0% internal; Reserve: 206M, Max: 2048K
[109.514s][info][gc,start    ] GC(154) Concurrent class unloading
[109.514s][info][gc,task     ] GC(154) Using 1 of 3 workers for concurrent class unloading
[109.516s][info][gc          ] GC(154) Concurrent class unloading 2.038ms
[109.516s][info][gc,start    ] GC(154) Pause Final Roots
[109.516s][info][gc          ] GC(154) Pause Final Roots 0.021ms
[109.516s][info][gc,ergo     ] Free: 3761M, Max: 2048K regular, 1734M humongous, Frag: 54% external, 0% internal; Reserve: 206M, Max: 2048K
[109.516s][info][gc,stats    ] 
[109.516s][info][gc,stats    ] All times are wall-clock times, except per-root-class counters, that are sum over
[109.516s][info][gc,stats    ] all workers. Dividing the <total> over the root stage time estimates parallelism.
[109.516s][info][gc,stats    ] 
[109.516s][info][gc,stats    ] Concurrent Reset                    525 us
[109.516s][info][gc,stats    ] Pause Init Mark (G)                 322 us
[109.516s][info][gc,stats    ] Pause Init Mark (N)                 181 us
[109.516s][info][gc,stats    ]   Update Region States               65 us
[109.516s][info][gc,stats    ] Concurrent Mark Roots               660 us, parallelism: 0.82x
[109.516s][info][gc,stats    ]   CMR: <total>                      542 us
[109.516s][info][gc,stats    ]   CMR: Thread Roots                 471 us, workers (us): 471, ---, ---, 
[109.516s][info][gc,stats    ]   CMR: VM Strong Roots                6 us, workers (us):   6, ---, ---, 
[109.516s][info][gc,stats    ]   CMR: CLDG Roots                    64 us, workers (us):  64, ---, ---, 
[109.516s][info][gc,stats    ] Concurrent Marking                21543 us
[109.516s][info][gc,stats    ] Pause Final Mark (G)                438 us
[109.516s][info][gc,stats    ] Pause Final Mark (N)                314 us
[109.516s][info][gc,stats    ]   Finish Mark                        76 us
[109.516s][info][gc,stats    ]   Update Region States               72 us
[109.516s][info][gc,stats    ]   Choose Collection Set              62 us
[109.516s][info][gc,stats    ]   Rebuild Free Set                   17 us
[109.516s][info][gc,stats    ] Concurrent Weak References          145 us, parallelism: 0.06x
[109.516s][info][gc,stats    ]   CWRF: <total>                       8 us
[109.516s][info][gc,stats    ]   CWRF: Weak References               8 us, workers (us):   8, ---, ---, 
[109.516s][info][gc,stats    ] Concurrent Weak Roots               589 us
[109.516s][info][gc,stats    ]   Roots                             476 us, parallelism: 0.89x
[109.516s][info][gc,stats    ]     CWR: <total>                    422 us
[109.516s][info][gc,stats    ]     CWR: Code Cache Roots           354 us, workers (us): 354, ---, ---, 
[109.516s][info][gc,stats    ]     CWR: VM Weak Roots               63 us, workers (us):  63, ---, ---, 
[109.516s][info][gc,stats    ]     CWR: CLDG Roots                   5 us, workers (us):   5, ---, ---, 
[109.516s][info][gc,stats    ]   Rendezvous                         79 us
[109.516s][info][gc,stats    ] Concurrent Cleanup                   56 us
[109.516s][info][gc,stats    ] Concurrent Class Unloading         2077 us
[109.516s][info][gc,stats    ]   Unlink Stale                     1876 us
[109.516s][info][gc,stats    ]     System Dictionary                 3 us
[109.516s][info][gc,stats    ]     Weak Class Links                  0 us
[109.516s][info][gc,stats    ]     Code Roots                     1872 us
[109.516s][info][gc,stats    ]   Rendezvous                         55 us
[109.516s][info][gc,stats    ]   Purge Unlinked                     89 us
[109.517s][info][gc,stats    ]     Code Roots                       84 us
[109.517s][info][gc,stats    ]     CLDG                              5 us
[109.517s][info][gc,stats    ]     Exception Caches                  0 us
[109.517s][info][gc,stats    ] Pause Final Roots (G)               133 us
[109.517s][info][gc,stats    ] Pause Final Roots (N)                29 us
[109.517s][info][gc,stats    ] 
[109.517s][info][gc,stats    ] Allocation pacing accrued:
[109.517s][info][gc,stats    ]       0 of   459 ms (  0.0%): <total>
[109.517s][info][gc,stats    ]       0 of   459 ms (  0.0%): <average total>
[109.517s][info][gc,stats    ] 
[109.517s][info][gc,metaspace] Metaspace: 8998K(9216K)->8998K(9216K) NonClass: 7825K(7936K)->7825K(7936K) Class: 1172K(1280K)->1172K(1280K)
[109.517s][info][gc,ergo     ] Pacer for Idle. Initial: 83886K, Alloc Tax Rate: 1.0x
[111.154s][info][gc          ] Trigger: Explicit GC request (System.gc())
[111.154s][info][gc,ergo     ] Free: 957M, Max: 2048K regular, 954M humongous, Frag: 1% external, 0% internal; Reserve: 206M, Max: 2048K
[111.154s][info][gc,start    ] GC(155) Concurrent reset
[111.154s][info][gc,task     ] GC(155) Using 1 of 3 workers for concurrent reset
[111.154s][info][gc,ergo     ] GC(155) Pacer for Reset. Non-Taxable: 4096M
[111.154s][info][gc          ] GC(155) Concurrent reset 0.462ms
[111.155s][info][gc,start    ] GC(155) Pause Init Mark (unload classes)
[111.155s][info][gc,task     ] GC(155) Using 3 of 3 workers for init marking
[111.155s][info][gc,ref      ] GC(155) Clearing All SoftReferences
[111.155s][info][gc,ergo     ] GC(155) Pacer for Mark. Expected Live: 9461K, Free: 957M, Non-Taxable: 98097K, Alloc Tax Rate: 0.0x
[111.155s][info][gc          ] GC(155) Pause Init Mark (unload classes) 0.227ms
[111.155s][info][gc,start    ] GC(155) Concurrent marking roots
[111.155s][info][gc,task     ] GC(155) Using 1 of 3 workers for concurrent marking roots
[111.155s][info][gc          ] GC(155) Concurrent marking roots 0.424ms
[111.155s][info][gc,start    ] GC(155) Concurrent marking (unload classes)
[111.155s][info][gc,task     ] GC(155) Using 1 of 3 workers for concurrent marking
[111.159s][info][gc          ] GC(155) Concurrent marking (unload classes) 3.411ms
[111.159s][info][gc,start    ] GC(155) Pause Final Mark (unload classes)
[111.159s][info][gc,task     ] GC(155) Using 3 of 3 workers for final marking
[111.159s][info][gc,ergo     ] GC(155) Collectable Garbage: 2896M (98%), Immediate: 2896M (98%), CSet: 0B (0%)
[111.159s][info][gc          ] GC(155) Pause Final Mark (unload classes) 0.195ms
[111.159s][info][gc,start    ] GC(155) Concurrent weak references
[111.159s][info][gc,task     ] GC(155) Using 1 of 3 workers for concurrent weak references
[111.159s][info][gc,ref      ] GC(155) Encountered references: Soft: 144, Weak: 702, Final: 0, Phantom: 27
[111.159s][info][gc,ref      ] GC(155) Discovered  references: Soft: 88, Weak: 168, Final: 0, Phantom: 25
[111.159s][info][gc,ref      ] GC(155) Enqueued    references: Soft: 3, Weak: 0, Final: 0, Phantom: 0
[111.159s][info][gc          ] GC(155) Concurrent weak references 0.128ms
[111.159s][info][gc,start    ] GC(155) Concurrent weak roots
[111.159s][info][gc,task     ] GC(155) Using 1 of 3 workers for concurrent weak root
[111.160s][info][gc          ] GC(155) Concurrent weak roots 0.484ms
[111.160s][info][gc,start    ] GC(155) Concurrent cleanup
[111.160s][info][gc          ] GC(155) Concurrent cleanup 2932M->36M(4096M) 0.092ms
[111.160s][info][gc,ergo     ] GC(155) Free: 3853M, Max: 2048K regular, 2720M humongous, Frag: 30% external, 0% internal; Reserve: 206M, Max: 2048K
[111.160s][info][gc,start    ] GC(155) Concurrent class unloading
[111.160s][info][gc,task     ] GC(155) Using 1 of 3 workers for concurrent class unloading
[111.162s][info][gc          ] GC(155) Concurrent class unloading 2.037ms
[111.162s][info][gc,start    ] GC(155) Pause Final Roots
[111.162s][info][gc          ] GC(155) Pause Final Roots 0.053ms
[111.162s][info][gc,ergo     ] Free: 3853M, Max: 2048K regular, 2720M humongous, Frag: 30% external, 0% internal; Reserve: 206M, Max: 2048K
[111.162s][info][gc,stats    ] 
[111.162s][info][gc,stats    ] All times are wall-clock times, except per-root-class counters, that are sum over
[111.162s][info][gc,stats    ] all workers. Dividing the <total> over the root stage time estimates parallelism.
[111.162s][info][gc,stats    ] 
[111.162s][info][gc,stats    ] Concurrent Reset                    504 us
[111.162s][info][gc,stats    ] Pause Init Mark (G)                 393 us
[111.162s][info][gc,stats    ] Pause Init Mark (N)                 248 us
[111.162s][info][gc,stats    ]   Update Region States               74 us
[111.162s][info][gc,stats    ] Concurrent Mark Roots               443 us, parallelism: 0.75x
[111.162s][info][gc,stats    ]   CMR: <total>                      331 us
[111.162s][info][gc,stats    ]   CMR: Thread Roots                 290 us, workers (us): 290, ---, ---, 
[111.162s][info][gc,stats    ]   CMR: VM Strong Roots                5 us, workers (us):   5, ---, ---, 
[111.162s][info][gc,stats    ]   CMR: CLDG Roots                    36 us, workers (us):  36, ---, ---, 
[111.162s][info][gc,stats    ] Concurrent Marking                 3458 us
[111.162s][info][gc,stats    ] Pause Final Mark (G)                265 us
[111.162s][info][gc,stats    ] Pause Final Mark (N)                204 us
[111.162s][info][gc,stats    ]   Finish Mark                        51 us
[111.162s][info][gc,stats    ]   Update Region States               50 us
[111.162s][info][gc,stats    ]   Choose Collection Set              35 us
[111.162s][info][gc,stats    ]   Rebuild Free Set                    7 us
[111.162s][info][gc,stats    ] Concurrent Weak References          135 us, parallelism: 0.11x
[111.162s][info][gc,stats    ]   CWRF: <total>                      15 us
[111.162s][info][gc,stats    ]   CWRF: Weak References              15 us, workers (us):  15, ---, ---, 
[111.162s][info][gc,stats    ] Concurrent Weak Roots               505 us
[111.162s][info][gc,stats    ]   Roots                             429 us, parallelism: 0.90x
[111.162s][info][gc,stats    ]     CWR: <total>                    386 us
[111.162s][info][gc,stats    ]     CWR: Code Cache Roots           317 us, workers (us): 317, ---, ---, 
[111.162s][info][gc,stats    ]     CWR: VM Weak Roots               64 us, workers (us):  64, ---, ---, 
[111.162s][info][gc,stats    ]     CWR: CLDG Roots                   4 us, workers (us):   4, ---, ---, 
[111.162s][info][gc,stats    ]   Rendezvous                         39 us
[111.162s][info][gc,stats    ] Concurrent Cleanup                  101 us
[111.162s][info][gc,stats    ] Concurrent Class Unloading         2082 us
[111.162s][info][gc,stats    ]   Unlink Stale                     1836 us
[111.162s][info][gc,stats    ]     System Dictionary                 8 us
[111.162s][info][gc,stats    ]     Weak Class Links                  0 us
[111.162s][info][gc,stats    ]     Code Roots                     1826 us
[111.162s][info][gc,stats    ]   Rendezvous                         66 us
[111.162s][info][gc,stats    ]   Purge Unlinked                    116 us
[111.162s][info][gc,stats    ]     Code Roots                      110 us
[111.162s][info][gc,stats    ]     CLDG                              5 us
[111.162s][info][gc,stats    ]     Exception Caches                  0 us
[111.162s][info][gc,stats    ] Pause Final Roots (G)               137 us
[111.162s][info][gc,stats    ] Pause Final Roots (N)                71 us
[111.162s][info][gc,stats    ] 
[111.162s][info][gc,stats    ] Allocation pacing accrued:
[111.162s][info][gc,stats    ]       0 of  1646 ms (  0.0%): <total>
[111.162s][info][gc,stats    ]       0 of  1646 ms (  0.0%): <average total>
[111.162s][info][gc,stats    ] 
[111.162s][info][gc,metaspace] Metaspace: 8998K(9216K)->8998K(9216K) NonClass: 7826K(7936K)->7826K(7936K) Class: 1172K(1280K)->1172K(1280K)
[111.162s][info][gc,ergo     ] Pacer for Idle. Initial: 83886K, Alloc Tax Rate: 1.0x
[111.625s][info][gc          ] Trigger: Learning 2 of 5. Free (2853M) is below initial threshold (2867M)
[111.625s][info][gc,ergo     ] Free: 2853M, Max: 2048K regular, 1764M humongous, Frag: 39% external, 0% internal; Reserve: 206M, Max: 2048K
[111.625s][info][gc,start    ] GC(156) Concurrent reset
[111.625s][info][gc,task     ] GC(156) Using 1 of 3 workers for concurrent reset
[111.625s][info][gc,ergo     ] GC(156) Pacer for Reset. Non-Taxable: 4096M
[111.625s][info][gc          ] GC(156) Concurrent reset 0.515ms
[111.625s][info][gc,start    ] GC(156) Pause Init Mark (unload classes)
[111.625s][info][gc,task     ] GC(156) Using 3 of 3 workers for init marking
[111.626s][info][gc,ergo     ] GC(156) Pacer for Mark. Expected Live: 9461K, Free: 2851M, Non-Taxable: 285M, Alloc Tax Rate: 0.0x
[111.626s][info][gc          ] GC(156) Pause Init Mark (unload classes) 0.194ms
[111.626s][info][gc,start    ] GC(156) Concurrent marking roots
[111.626s][info][gc,task     ] GC(156) Using 1 of 3 workers for concurrent marking roots
[111.627s][info][gc          ] GC(156) Concurrent marking roots 0.827ms
[111.627s][info][gc,start    ] GC(156) Concurrent marking (unload classes)
[111.627s][info][gc,task     ] GC(156) Using 1 of 3 workers for concurrent marking
[111.635s][info][gc          ] GC(156) Concurrent marking (unload classes) 8.401ms
[111.635s][info][gc,start    ] GC(156) Pause Final Mark (unload classes)
[111.635s][info][gc,task     ] GC(156) Using 3 of 3 workers for final marking
[111.635s][info][gc,ergo     ] GC(156) Collectable Garbage: 980M (94%), Immediate: 980M (94%), CSet: 0B (0%)
[111.635s][info][gc          ] GC(156) Pause Final Mark (unload classes) 0.226ms
[111.635s][info][gc,start    ] GC(156) Concurrent weak references
[111.635s][info][gc,task     ] GC(156) Using 1 of 3 workers for concurrent weak references
[111.636s][info][gc,ref      ] GC(156) Encountered references: Soft: 144, Weak: 702, Final: 0, Phantom: 27
[111.636s][info][gc,ref      ] GC(156) Discovered  references: Soft: 0, Weak: 150, Final: 0, Phantom: 12
[111.636s][info][gc,ref      ] GC(156) Enqueued    references: Soft: 0, Weak: 0, Final: 0, Phantom: 0
[111.636s][info][gc          ] GC(156) Concurrent weak references 0.223ms
[111.636s][info][gc,start    ] GC(156) Concurrent weak roots
[111.636s][info][gc,task     ] GC(156) Using 1 of 3 workers for concurrent weak root
[111.636s][info][gc          ] GC(156) Concurrent weak roots 0.575ms
[111.636s][info][gc,start    ] GC(156) Concurrent cleanup
[111.636s][info][gc          ] GC(156) Concurrent cleanup 1058M->78M(4096M) 0.044ms
[111.636s][info][gc,ergo     ] GC(156) Free: 3811M, Max: 2048K regular, 1742M humongous, Frag: 55% external, 0% internal; Reserve: 206M, Max: 2048K
[111.636s][info][gc,start    ] GC(156) Concurrent class unloading
[111.636s][info][gc,task     ] GC(156) Using 1 of 3 workers for concurrent class unloading
[111.638s][info][gc          ] GC(156) Concurrent class unloading 2.043ms
[111.638s][info][gc,start    ] GC(156) Pause Final Roots
[111.638s][info][gc          ] GC(156) Pause Final Roots 0.016ms
[111.638s][info][gc,ergo     ] Free: 3807M, Max: 2048K regular, 1742M humongous, Frag: 55% external, 0% internal; Reserve: 206M, Max: 2048K
[111.639s][info][gc,stats    ] 
[111.639s][info][gc,stats    ] All times are wall-clock times, except per-root-class counters, that are sum over
[111.639s][info][gc,stats    ] all workers. Dividing the <total> over the root stage time estimates parallelism.
[111.639s][info][gc,stats    ] 
[111.639s][info][gc,stats    ] Concurrent Reset                    574 us
[111.639s][info][gc,stats    ] Pause Init Mark (G)                 395 us
[111.639s][info][gc,stats    ] Pause Init Mark (N)                 203 us
[111.639s][info][gc,stats    ]   Update Region States               84 us
[111.639s][info][gc,stats    ] Concurrent Mark Roots               851 us, parallelism: 0.76x
[111.639s][info][gc,stats    ]   CMR: <total>                      649 us
[111.639s][info][gc,stats    ]   CMR: Thread Roots                 572 us, workers (us): 572, ---, ---, 
[111.639s][info][gc,stats    ]   CMR: VM Strong Roots               10 us, workers (us):  10, ---, ---, 
[111.639s][info][gc,stats    ]   CMR: CLDG Roots                    67 us, workers (us):  67, ---, ---, 
[111.639s][info][gc,stats    ] Concurrent Marking                 8460 us
[111.639s][info][gc,stats    ] Pause Final Mark (G)                337 us
[111.639s][info][gc,stats    ] Pause Final Mark (N)                242 us
[111.639s][info][gc,stats    ]   Finish Mark                        71 us
[111.639s][info][gc,stats    ]   Update Region States               43 us
[111.639s][info][gc,stats    ]   Choose Collection Set              47 us
[111.639s][info][gc,stats    ]   Rebuild Free Set                   17 us
[111.639s][info][gc,stats    ] Concurrent Weak References          239 us, parallelism: 0.04x
[111.639s][info][gc,stats    ]   CWRF: <total>                       9 us
[111.639s][info][gc,stats    ]   CWRF: Weak References               9 us, workers (us):   9, ---, ---, 
[111.639s][info][gc,stats    ] Concurrent Weak Roots               594 us
[111.639s][info][gc,stats    ]   Roots                             479 us, parallelism: 0.88x
[111.639s][info][gc,stats    ]     CWR: <total>                    423 us
[111.639s][info][gc,stats    ]     CWR: Code Cache Roots           355 us, workers (us): 355, ---, ---, 
[111.639s][info][gc,stats    ]     CWR: VM Weak Roots               64 us, workers (us):  64, ---, ---, 
[111.639s][info][gc,stats    ]     CWR: CLDG Roots                   5 us, workers (us):   5, ---, ---, 
[111.639s][info][gc,stats    ]   Rendezvous                         65 us
[111.639s][info][gc,stats    ] Concurrent Cleanup                   53 us
[111.639s][info][gc,stats    ] Concurrent Class Unloading         2095 us
[111.639s][info][gc,stats    ]   Unlink Stale                     1872 us
[111.639s][info][gc,stats    ]     System Dictionary                 3 us
[111.639s][info][gc,stats    ]     Weak Class Links                  0 us
[111.639s][info][gc,stats    ]     Code Roots                     1869 us
[111.639s][info][gc,stats    ]   Rendezvous                         42 us
[111.639s][info][gc,stats    ]   Purge Unlinked                    110 us
[111.639s][info][gc,stats    ]     Code Roots                      101 us
[111.639s][info][gc,stats    ]     CLDG                              8 us
[111.639s][info][gc,stats    ]     Exception Caches                  0 us
[111.639s][info][gc,stats    ] Pause Final Roots (G)               103 us
[111.639s][info][gc,stats    ] Pause Final Roots (N)                23 us
[111.639s][info][gc,stats    ] 
[111.639s][info][gc,stats    ] Allocation pacing accrued:
[111.639s][info][gc,stats    ]       0 of   477 ms (  0.0%): <total>
[111.639s][info][gc,stats    ]       0 of   477 ms (  0.0%): <average total>
[111.639s][info][gc,stats    ] 
[111.639s][info][gc,metaspace] Metaspace: 8998K(9216K)->8998K(9216K) NonClass: 7826K(7936K)->7826K(7936K) Class: 1172K(1280K)->1172K(1280K)
[111.639s][info][gc,ergo     ] Pacer for Idle. Initial: 83886K, Alloc Tax Rate: 1.0x
[112.096s][info][gc          ] Trigger: Learning 3 of 5. Free (2841M) is below initial threshold (2867M)
[112.096s][info][gc,ergo     ] Free: 2841M, Max: 2048K regular, 1742M humongous, Frag: 39% external, 0% internal; Reserve: 206M, Max: 2048K
[112.096s][info][gc,start    ] GC(157) Concurrent reset
[112.096s][info][gc,task     ] GC(157) Using 1 of 3 workers for concurrent reset
[112.096s][info][gc,ergo     ] GC(157) Pacer for Reset. Non-Taxable: 4096M
[112.097s][info][gc          ] GC(157) Concurrent reset 0.532ms
[112.097s][info][gc,start    ] GC(157) Pause Init Mark (unload classes)
[112.097s][info][gc,task     ] GC(157) Using 3 of 3 workers for init marking
[112.097s][info][gc,ergo     ] GC(157) Pacer for Mark. Expected Live: 9464K, Free: 2839M, Non-Taxable: 283M, Alloc Tax Rate: 0.0x
[112.097s][info][gc          ] GC(157) Pause Init Mark (unload classes) 0.162ms
[112.097s][info][gc,start    ] GC(157) Concurrent marking roots
[112.097s][info][gc,task     ] GC(157) Using 1 of 3 workers for concurrent marking roots
[112.098s][info][gc          ] GC(157) Concurrent marking roots 0.412ms
[112.098s][info][gc,start    ] GC(157) Concurrent marking (unload classes)
[112.098s][info][gc,task     ] GC(157) Using 1 of 3 workers for concurrent marking
[112.110s][info][gc          ] GC(157) Concurrent marking (unload classes) 12.485ms
[112.110s][info][gc,start    ] GC(157) Pause Final Mark (unload classes)
[112.110s][info][gc,task     ] GC(157) Using 3 of 3 workers for final marking
[112.110s][info][gc,ergo     ] GC(157) Collectable Garbage: 994M (95%), Immediate: 994M (95%), CSet: 0B (0%)
[112.110s][info][gc          ] GC(157) Pause Final Mark (unload classes) 0.228ms
[112.111s][info][gc,start    ] GC(157) Concurrent weak references
[112.111s][info][gc,task     ] GC(157) Using 1 of 3 workers for concurrent weak references
[112.111s][info][gc,ref      ] GC(157) Encountered references: Soft: 144, Weak: 702, Final: 0, Phantom: 27
[112.111s][info][gc,ref      ] GC(157) Discovered  references: Soft: 0, Weak: 150, Final: 0, Phantom: 25
[112.111s][info][gc,ref      ] GC(157) Enqueued    references: Soft: 0, Weak: 0, Final: 0, Phantom: 0
[112.111s][info][gc          ] GC(157) Concurrent weak references 0.155ms
[112.111s][info][gc,start    ] GC(157) Concurrent weak roots
[112.111s][info][gc,task     ] GC(157) Using 1 of 3 workers for concurrent weak root
[112.111s][info][gc          ] GC(157) Concurrent weak roots 0.554ms
[112.111s][info][gc,start    ] GC(157) Concurrent cleanup
[112.111s][info][gc          ] GC(157) Concurrent cleanup 1078M->84M(4096M) 0.043ms
[112.111s][info][gc,ergo     ] GC(157) Free: 3805M, Max: 2048K regular, 1720M humongous, Frag: 55% external, 0% internal; Reserve: 206M, Max: 2048K
[112.111s][info][gc,start    ] GC(157) Concurrent class unloading
[112.111s][info][gc,task     ] GC(157) Using 1 of 3 workers for concurrent class unloading
[112.114s][info][gc          ] GC(157) Concurrent class unloading 2.469ms
[112.114s][info][gc,start    ] GC(157) Pause Final Roots
[112.114s][info][gc          ] GC(157) Pause Final Roots 0.018ms
[112.114s][info][gc,ergo     ] Free: 3799M, Max: 2048K regular, 1720M humongous, Frag: 55% external, 0% internal; Reserve: 206M, Max: 2048K
[112.114s][info][gc,stats    ] 
[112.114s][info][gc,stats    ] All times are wall-clock times, except per-root-class counters, that are sum over
[112.114s][info][gc,stats    ] all workers. Dividing the <total> over the root stage time estimates parallelism.
[112.114s][info][gc,stats    ] 
[112.114s][info][gc,stats    ] Concurrent Reset                    567 us
[112.114s][info][gc,stats    ] Pause Init Mark (G)                 315 us
[112.114s][info][gc,stats    ] Pause Init Mark (N)                 171 us
[112.114s][info][gc,stats    ]   Update Region States               62 us
[112.114s][info][gc,stats    ] Concurrent Mark Roots               430 us, parallelism: 0.76x
[112.114s][info][gc,stats    ]   CMR: <total>                      329 us
[112.114s][info][gc,stats    ]   CMR: Thread Roots                 288 us, workers (us): 288, ---, ---, 
[112.114s][info][gc,stats    ]   CMR: VM Strong Roots                5 us, workers (us):   5, ---, ---, 
[112.114s][info][gc,stats    ]   CMR: CLDG Roots                    36 us, workers (us):  36, ---, ---, 
[112.114s][info][gc,stats    ] Concurrent Marking                12550 us
[112.114s][info][gc,stats    ] Pause Final Mark (G)                360 us
[112.114s][info][gc,stats    ] Pause Final Mark (N)                245 us
[112.114s][info][gc,stats    ]   Finish Mark                        73 us
[112.114s][info][gc,stats    ]   Update Region States               45 us
[112.114s][info][gc,stats    ]   Choose Collection Set              46 us
[112.114s][info][gc,stats    ]   Rebuild Free Set                   17 us
[112.114s][info][gc,stats    ] Concurrent Weak References          171 us, parallelism: 0.03x
[112.114s][info][gc,stats    ]   CWRF: <total>                       5 us
[112.114s][info][gc,stats    ]   CWRF: Weak References               5 us, workers (us):   5, ---, ---, 
[112.114s][info][gc,stats    ] Concurrent Weak Roots               573 us
[112.114s][info][gc,stats    ]   Roots                             478 us, parallelism: 0.89x
[112.114s][info][gc,stats    ]     CWR: <total>                    425 us
[112.114s][info][gc,stats    ]     CWR: Code Cache Roots           358 us, workers (us): 358, ---, ---, 
[112.114s][info][gc,stats    ]     CWR: VM Weak Roots               62 us, workers (us):  62, ---, ---, 
[112.115s][info][gc,stats    ]     CWR: CLDG Roots                   5 us, workers (us):   5, ---, ---, 
[112.115s][info][gc,stats    ]   Rendezvous                         55 us
[112.115s][info][gc,stats    ] Concurrent Cleanup                   51 us
[112.115s][info][gc,stats    ] Concurrent Class Unloading         2532 us
[112.115s][info][gc,stats    ]   Unlink Stale                     2303 us
[112.115s][info][gc,stats    ]     System Dictionary                 2 us
[112.115s][info][gc,stats    ]     Weak Class Links                  0 us
[112.115s][info][gc,stats    ]     Code Roots                     2299 us
[112.115s][info][gc,stats    ]   Rendezvous                         32 us
[112.115s][info][gc,stats    ]   Purge Unlinked                    114 us
[112.115s][info][gc,stats    ]     Code Roots                      104 us
[112.115s][info][gc,stats    ]     CLDG                             10 us
[112.115s][info][gc,stats    ]     Exception Caches                  0 us
[112.115s][info][gc,stats    ] Pause Final Roots (G)               104 us
[112.115s][info][gc,stats    ] Pause Final Roots (N)                26 us
[112.115s][info][gc,stats    ] 
[112.115s][info][gc,stats    ] Allocation pacing accrued:
[112.115s][info][gc,stats    ]       0 of   476 ms (  0.0%): <total>
[112.115s][info][gc,stats    ]       0 of   476 ms (  0.0%): <average total>
[112.115s][info][gc,stats    ] 
[112.115s][info][gc,metaspace] Metaspace: 8998K(9216K)->8998K(9216K) NonClass: 7826K(7936K)->7826K(7936K) Class: 1172K(1280K)->1172K(1280K)
[112.115s][info][gc,ergo     ] Pacer for Idle. Initial: 83886K, Alloc Tax Rate: 1.0x
[112.567s][info][gc          ] Trigger: Learning 4 of 5. Free (2843M) is below initial threshold (2867M)
[112.567s][info][gc,ergo     ] Free: 2843M, Max: 2048K regular, 1720M humongous, Frag: 40% external, 0% internal; Reserve: 206M, Max: 2048K
[112.567s][info][gc,start    ] GC(158) Concurrent reset
[112.568s][info][gc,task     ] GC(158) Using 1 of 3 workers for concurrent reset
[112.568s][info][gc,ergo     ] GC(158) Pacer for Reset. Non-Taxable: 4096M
[112.568s][info][gc          ] GC(158) Concurrent reset 0.601ms
[112.568s][info][gc,start    ] GC(158) Pause Init Mark (unload classes)
[112.568s][info][gc,task     ] GC(158) Using 3 of 3 workers for init marking
[112.568s][info][gc,ergo     ] GC(158) Pacer for Mark. Expected Live: 9461K, Free: 2841M, Non-Taxable: 284M, Alloc Tax Rate: 0.0x
[112.568s][info][gc          ] GC(158) Pause Init Mark (unload classes) 0.184ms
[112.569s][info][gc,start    ] GC(158) Concurrent marking roots
[112.569s][info][gc,task     ] GC(158) Using 1 of 3 workers for concurrent marking roots
[112.569s][info][gc          ] GC(158) Concurrent marking roots 0.477ms
[112.569s][info][gc,start    ] GC(158) Concurrent marking (unload classes)
[112.569s][info][gc,task     ] GC(158) Using 1 of 3 workers for concurrent marking
[112.587s][info][gc          ] GC(158) Concurrent marking (unload classes) 18.228ms
[112.587s][info][gc,start    ] GC(158) Pause Final Mark (unload classes)
[112.587s][info][gc,task     ] GC(158) Using 3 of 3 workers for final marking
[112.588s][info][gc,ergo     ] GC(158) Collectable Garbage: 988M (95%), Immediate: 988M (95%), CSet: 0B (0%)
[112.588s][info][gc          ] GC(158) Pause Final Mark (unload classes) 0.240ms
[112.588s][info][gc,start    ] GC(158) Concurrent weak references
[112.588s][info][gc,task     ] GC(158) Using 1 of 3 workers for concurrent weak references
[112.588s][info][gc,ref      ] GC(158) Encountered references: Soft: 144, Weak: 702, Final: 0, Phantom: 27
[112.588s][info][gc,ref      ] GC(158) Discovered  references: Soft: 0, Weak: 150, Final: 0, Phantom: 12
[112.588s][info][gc,ref      ] GC(158) Enqueued    references: Soft: 0, Weak: 0, Final: 0, Phantom: 0
[112.588s][info][gc          ] GC(158) Concurrent weak references 0.160ms
[112.588s][info][gc,start    ] GC(158) Concurrent weak roots
[112.588s][info][gc,task     ] GC(158) Using 1 of 3 workers for concurrent weak root
[112.589s][info][gc          ] GC(158) Concurrent weak roots 0.659ms
[112.589s][info][gc,start    ] GC(158) Concurrent cleanup
[112.589s][info][gc          ] GC(158) Concurrent cleanup 1090M->102M(4096M) 0.044ms
[112.589s][info][gc,ergo     ] GC(158) Free: 3787M, Max: 2048K regular, 1708M humongous, Frag: 55% external, 0% internal; Reserve: 206M, Max: 2048K
[112.589s][info][gc,start    ] GC(158) Concurrent class unloading
[112.589s][info][gc,task     ] GC(158) Using 1 of 3 workers for concurrent class unloading
[112.591s][info][gc          ] GC(158) Concurrent class unloading 2.302ms
[112.591s][info][gc,start    ] GC(158) Pause Final Roots
[112.591s][info][gc          ] GC(158) Pause Final Roots 0.026ms
[112.591s][info][gc,ergo     ] Free: 3781M, Max: 2048K regular, 1708M humongous, Frag: 55% external, 0% internal; Reserve: 206M, Max: 2048K
[112.591s][info][gc,stats    ] 
[112.591s][info][gc,stats    ] All times are wall-clock times, except per-root-class counters, that are sum over
[112.591s][info][gc,stats    ] all workers. Dividing the <total> over the root stage time estimates parallelism.
[112.591s][info][gc,stats    ] 
[112.591s][info][gc,stats    ] Concurrent Reset                    665 us
[112.591s][info][gc,stats    ] Pause Init Mark (G)                 383 us
[112.591s][info][gc,stats    ] Pause Init Mark (N)                 193 us
[112.591s][info][gc,stats    ]   Update Region States               76 us
[112.591s][info][gc,stats    ] Concurrent Mark Roots               495 us, parallelism: 0.68x
[112.591s][info][gc,stats    ]   CMR: <total>                      336 us
[112.591s][info][gc,stats    ]   CMR: Thread Roots                 294 us, workers (us): 294, ---, ---, 
[112.591s][info][gc,stats    ]   CMR: VM Strong Roots                5 us, workers (us):   5, ---, ---, 
[112.591s][info][gc,stats    ]   CMR: CLDG Roots                    37 us, workers (us):  37, ---, ---, 
[112.591s][info][gc,stats    ] Concurrent Marking                18307 us
[112.591s][info][gc,stats    ] Pause Final Mark (G)                355 us
[112.591s][info][gc,stats    ] Pause Final Mark (N)                249 us
[112.591s][info][gc,stats    ]   Finish Mark                        86 us
[112.591s][info][gc,stats    ]   Update Region States               51 us
[112.591s][info][gc,stats    ]   Choose Collection Set              38 us
[112.591s][info][gc,stats    ]   Rebuild Free Set                    8 us
[112.591s][info][gc,stats    ] Concurrent Weak References          172 us, parallelism: 0.06x
[112.592s][info][gc,stats    ]   CWRF: <total>                      11 us
[112.592s][info][gc,stats    ]   CWRF: Weak References              11 us, workers (us):  11, ---, ---, 
[112.592s][info][gc,stats    ] Concurrent Weak Roots               678 us
[112.592s][info][gc,stats    ]   Roots                             612 us, parallelism: 0.88x
[112.592s][info][gc,stats    ]     CWR: <total>                    541 us
[112.592s][info][gc,stats    ]     CWR: Code Cache Roots           421 us, workers (us): 421, ---, ---, 
[112.592s][info][gc,stats    ]     CWR: VM Weak Roots              113 us, workers (us): 113, ---, ---, 
[112.592s][info][gc,stats    ]     CWR: CLDG Roots                   6 us, workers (us):   6, ---, ---, 
[112.592s][info][gc,stats    ]   Rendezvous                         31 us
[112.592s][info][gc,stats    ] Concurrent Cleanup                   52 us
[112.592s][info][gc,stats    ] Concurrent Class Unloading         2352 us
[112.592s][info][gc,stats    ]   Unlink Stale                     2081 us
[112.592s][info][gc,stats    ]     System Dictionary                 3 us
[112.592s][info][gc,stats    ]     Weak Class Links                  0 us
[112.592s][info][gc,stats    ]     Code Roots                     2077 us
[112.592s][info][gc,stats    ]   Rendezvous                         47 us
[112.592s][info][gc,stats    ]   Purge Unlinked                    155 us
[112.592s][info][gc,stats    ]     Code Roots                      145 us
[112.592s][info][gc,stats    ]     CLDG                              9 us
[112.592s][info][gc,stats    ]     Exception Caches                  0 us
[112.592s][info][gc,stats    ] Pause Final Roots (G)               131 us
[112.592s][info][gc,stats    ] Pause Final Roots (N)                41 us
[112.592s][info][gc,stats    ] 
[112.592s][info][gc,stats    ] Allocation pacing accrued:
[112.592s][info][gc,stats    ]       0 of   477 ms (  0.0%): <total>
[112.592s][info][gc,stats    ]       0 of   477 ms (  0.0%): <average total>
[112.592s][info][gc,stats    ] 
[112.592s][info][gc,metaspace] Metaspace: 8998K(9216K)->8998K(9216K) NonClass: 7826K(7936K)->7826K(7936K) Class: 1172K(1280K)->1172K(1280K)
[112.592s][info][gc,ergo     ] Pacer for Idle. Initial: 83886K, Alloc Tax Rate: 1.0x
[113.022s][info][gc          ] Trigger: Learning 5 of 5. Free (2851M) is below initial threshold (2867M)
[113.022s][info][gc,ergo     ] Free: 2851M, Max: 2048K regular, 1708M humongous, Frag: 41% external, 0% internal; Reserve: 206M, Max: 2048K
[113.022s][info][gc,start    ] GC(159) Concurrent reset
[113.022s][info][gc,task     ] GC(159) Using 1 of 3 workers for concurrent reset
[113.022s][info][gc,ergo     ] GC(159) Pacer for Reset. Non-Taxable: 4096M
[113.023s][info][gc          ] GC(159) Concurrent reset 0.600ms
[113.023s][info][gc,start    ] GC(159) Pause Init Mark (unload classes)
[113.023s][info][gc,task     ] GC(159) Using 3 of 3 workers for init marking
[113.023s][info][gc,ergo     ] GC(159) Pacer for Mark. Expected Live: 9453K, Free: 2849M, Non-Taxable: 284M, Alloc Tax Rate: 0.0x
[113.023s][info][gc          ] GC(159) Pause Init Mark (unload classes) 0.177ms
[113.023s][info][gc,start    ] GC(159) Concurrent marking roots
[113.023s][info][gc,task     ] GC(159) Using 1 of 3 workers for concurrent marking roots
[113.024s][info][gc          ] GC(159) Concurrent marking roots 0.691ms
[113.024s][info][gc,start    ] GC(159) Concurrent marking (unload classes)
[113.024s][info][gc,task     ] GC(159) Using 1 of 3 workers for concurrent marking
[113.045s][info][gc          ] GC(159) Concurrent marking (unload classes) 21.006ms
[113.045s][info][gc,start    ] GC(159) Pause Final Mark (unload classes)
[113.045s][info][gc,task     ] GC(159) Using 3 of 3 workers for final marking
[113.045s][info][gc,ergo     ] GC(159) Collectable Garbage: 964M (94%), Immediate: 964M (94%), CSet: 0B (0%)
[113.045s][info][gc          ] GC(159) Pause Final Mark (unload classes) 0.371ms
[113.045s][info][gc,start    ] GC(159) Concurrent weak references
[113.045s][info][gc,task     ] GC(159) Using 1 of 3 workers for concurrent weak references
[113.045s][info][gc,ref      ] GC(159) Encountered references: Soft: 144, Weak: 702, Final: 0, Phantom: 27
[113.045s][info][gc,ref      ] GC(159) Discovered  references: Soft: 0, Weak: 150, Final: 0, Phantom: 12
[113.045s][info][gc,ref      ] GC(159) Enqueued    references: Soft: 0, Weak: 0, Final: 0, Phantom: 0
[113.045s][info][gc          ] GC(159) Concurrent weak references 0.222ms
[113.045s][info][gc,start    ] GC(159) Concurrent weak roots
[113.045s][info][gc,task     ] GC(159) Using 1 of 3 workers for concurrent weak root
[113.046s][info][gc          ] GC(159) Concurrent weak roots 0.563ms
[113.046s][info][gc,start    ] GC(159) Concurrent cleanup
[113.046s][info][gc          ] GC(159) Concurrent cleanup 1084M->120M(4096M) 0.043ms
[113.046s][info][gc,ergo     ] GC(159) Free: 3769M, Max: 2048K regular, 1726M humongous, Frag: 55% external, 0% internal; Reserve: 206M, Max: 2048K
[113.046s][info][gc,start    ] GC(159) Concurrent class unloading
[113.046s][info][gc,task     ] GC(159) Using 1 of 3 workers for concurrent class unloading
[113.048s][info][gc          ] GC(159) Concurrent class unloading 2.115ms
[113.048s][info][gc,start    ] GC(159) Pause Final Roots
[113.048s][info][gc          ] GC(159) Pause Final Roots 0.056ms
[113.049s][info][gc,ergo     ] Free: 3767M, Max: 2048K regular, 1726M humongous, Frag: 55% external, 0% internal; Reserve: 206M, Max: 2048K
[113.049s][info][gc,stats    ] 
[113.049s][info][gc,stats    ] All times are wall-clock times, except per-root-class counters, that are sum over
[113.049s][info][gc,stats    ] all workers. Dividing the <total> over the root stage time estimates parallelism.
[113.049s][info][gc,stats    ] 
[113.049s][info][gc,stats    ] Concurrent Reset                    648 us
[113.049s][info][gc,stats    ] Pause Init Mark (G)                 314 us
[113.049s][info][gc,stats    ] Pause Init Mark (N)                 194 us
[113.049s][info][gc,stats    ]   Update Region States               74 us
[113.049s][info][gc,stats    ] Concurrent Mark Roots               711 us, parallelism: 0.83x
[113.049s][info][gc,stats    ]   CMR: <total>                      592 us
[113.049s][info][gc,stats    ]   CMR: Thread Roots                 523 us, workers (us): 523, ---, ---, 
[113.049s][info][gc,stats    ]   CMR: VM Strong Roots                7 us, workers (us):   7, ---, ---, 
[113.049s][info][gc,stats    ]   CMR: CLDG Roots                    63 us, workers (us):  63, ---, ---, 
[113.049s][info][gc,stats    ] Concurrent Marking                21068 us
[113.049s][info][gc,stats    ] Pause Final Mark (G)                512 us
[113.049s][info][gc,stats    ] Pause Final Mark (N)                390 us
[113.049s][info][gc,stats    ]   Finish Mark                       127 us
[113.049s][info][gc,stats    ]   Update Region States               87 us
[113.049s][info][gc,stats    ]   Choose Collection Set              63 us
[113.049s][info][gc,stats    ]   Rebuild Free Set                   17 us
[113.049s][info][gc,stats    ] Concurrent Weak References          239 us, parallelism: 0.03x
[113.049s][info][gc,stats    ]   CWRF: <total>                       8 us
[113.049s][info][gc,stats    ]   CWRF: Weak References               8 us, workers (us):   8, ---, ---, 
[113.049s][info][gc,stats    ] Concurrent Weak Roots               581 us
[113.049s][info][gc,stats    ]   Roots                             442 us, parallelism: 0.88x
[113.049s][info][gc,stats    ]     CWR: <total>                    386 us
[113.049s][info][gc,stats    ]     CWR: Code Cache Roots           320 us, workers (us): 320, ---, ---, 
[113.049s][info][gc,stats    ]     CWR: VM Weak Roots               62 us, workers (us):  62, ---, ---, 
[113.049s][info][gc,stats    ]     CWR: CLDG Roots                   5 us, workers (us):   5, ---, ---, 
[113.049s][info][gc,stats    ]   Rendezvous                         89 us
[113.049s][info][gc,stats    ] Concurrent Cleanup                   51 us
[113.049s][info][gc,stats    ] Concurrent Class Unloading         2166 us
[113.049s][info][gc,stats    ]   Unlink Stale                     1827 us
[113.049s][info][gc,stats    ]     System Dictionary                 3 us
[113.049s][info][gc,stats    ]     Weak Class Links                  0 us
[113.049s][info][gc,stats    ]     Code Roots                     1823 us
[113.049s][info][gc,stats    ]   Rendezvous                        157 us
[113.049s][info][gc,stats    ]   Purge Unlinked                    113 us
[113.049s][info][gc,stats    ]     Code Roots                      104 us
[113.049s][info][gc,stats    ]     CLDG                              9 us
[113.049s][info][gc,stats    ]     Exception Caches                  0 us
[113.049s][info][gc,stats    ] Pause Final Roots (G)               186 us
[113.049s][info][gc,stats    ] Pause Final Roots (N)                79 us
[113.049s][info][gc,stats    ] 
[113.049s][info][gc,stats    ] Allocation pacing accrued:
[113.049s][info][gc,stats    ]       0 of   457 ms (  0.0%): <total>
[113.049s][info][gc,stats    ]       0 of   457 ms (  0.0%): <average total>
[113.049s][info][gc,stats    ] 
[113.049s][info][gc,metaspace] Metaspace: 8998K(9216K)->8998K(9216K) NonClass: 7826K(7936K)->7826K(7936K) Class: 1172K(1280K)->1172K(1280K)
[113.049s][info][gc,ergo     ] Pacer for Idle. Initial: 83886K, Alloc Tax Rate: 1.0x
[114.687s][info][gc          ] Trigger: Explicit GC request (System.gc())
[114.687s][info][gc,ergo     ] Free: 969M, Max: 2048K regular, 954M humongous, Frag: 2% external, 0% internal; Reserve: 206M, Max: 2048K
[114.687s][info][gc,start    ] GC(160) Concurrent reset
[114.687s][info][gc,task     ] GC(160) Using 1 of 3 workers for concurrent reset
[114.687s][info][gc,ergo     ] GC(160) Pacer for Reset. Non-Taxable: 4096M
[114.687s][info][gc          ] GC(160) Concurrent reset 0.672ms
[114.688s][info][gc,start    ] GC(160) Pause Init Mark (unload classes)
[114.688s][info][gc,task     ] GC(160) Using 3 of 3 workers for init marking
[114.688s][info][gc,ref      ] GC(160) Clearing All SoftReferences
[114.688s][info][gc,ergo     ] GC(160) Pacer for Mark. Expected Live: 9456K, Free: 969M, Non-Taxable: 99326K, Alloc Tax Rate: 0.0x
[114.688s][info][gc          ] GC(160) Pause Init Mark (unload classes) 0.255ms
[114.688s][info][gc,start    ] GC(160) Concurrent marking roots
[114.688s][info][gc,task     ] GC(160) Using 1 of 3 workers for concurrent marking roots
[114.689s][info][gc          ] GC(160) Concurrent marking roots 0.784ms
[114.689s][info][gc,start    ] GC(160) Concurrent marking (unload classes)
[114.689s][info][gc,task     ] GC(160) Using 1 of 3 workers for concurrent marking
[114.692s][info][gc          ] GC(160) Concurrent marking (unload classes) 3.507ms
[114.692s][info][gc,start    ] GC(160) Pause Final Mark (unload classes)
[114.692s][info][gc,task     ] GC(160) Using 3 of 3 workers for final marking
[114.692s][info][gc,ergo     ] GC(160) Collectable Garbage: 2883M (98%), Immediate: 2883M (98%), CSet: 0B (0%)
[114.693s][info][gc          ] GC(160) Pause Final Mark (unload classes) 0.280ms
[114.693s][info][gc,start    ] GC(160) Concurrent weak references
[114.693s][info][gc,task     ] GC(160) Using 1 of 3 workers for concurrent weak references
[114.693s][info][gc,ref      ] GC(160) Encountered references: Soft: 144, Weak: 702, Final: 0, Phantom: 27
[114.693s][info][gc,ref      ] GC(160) Discovered  references: Soft: 88, Weak: 168, Final: 0, Phantom: 25
[114.693s][info][gc,ref      ] GC(160) Enqueued    references: Soft: 3, Weak: 0, Final: 0, Phantom: 0
[114.693s][info][gc          ] GC(160) Concurrent weak references 0.169ms
[114.693s][info][gc,start    ] GC(160) Concurrent weak roots
[114.693s][info][gc,task     ] GC(160) Using 1 of 3 workers for concurrent weak root
[114.693s][info][gc          ] GC(160) Concurrent weak roots 0.682ms
[114.693s][info][gc,start    ] GC(160) Concurrent cleanup
[114.694s][info][gc          ] GC(160) Concurrent cleanup 2919M->36M(4096M) 0.107ms
[114.694s][info][gc,ergo     ] GC(160) Free: 3853M, Max: 2048K regular, 2720M humongous, Frag: 30% external, 0% internal; Reserve: 206M, Max: 2048K
[114.694s][info][gc,start    ] GC(160) Concurrent class unloading
[114.694s][info][gc,task     ] GC(160) Using 1 of 3 workers for concurrent class unloading
[114.696s][info][gc          ] GC(160) Concurrent class unloading 2.161ms
[114.696s][info][gc,start    ] GC(160) Pause Final Roots
[114.696s][info][gc          ] GC(160) Pause Final Roots 0.025ms
[114.696s][info][gc,ergo     ] Free: 3853M, Max: 2048K regular, 2720M humongous, Frag: 30% external, 0% internal; Reserve: 206M, Max: 2048K
[114.696s][info][gc,stats    ] 
[114.696s][info][gc,stats    ] All times are wall-clock times, except per-root-class counters, that are sum over
[114.696s][info][gc,stats    ] all workers. Dividing the <total> over the root stage time estimates parallelism.
[114.696s][info][gc,stats    ] 
[114.696s][info][gc,stats    ] Concurrent Reset                    739 us
[114.696s][info][gc,stats    ] Pause Init Mark (G)                 414 us
[114.696s][info][gc,stats    ] Pause Init Mark (N)                 277 us
[114.696s][info][gc,stats    ]   Update Region States               94 us
[114.696s][info][gc,stats    ] Concurrent Mark Roots               801 us, parallelism: 0.79x
[114.696s][info][gc,stats    ]   CMR: <total>                      633 us
[114.696s][info][gc,stats    ]   CMR: Thread Roots                 566 us, workers (us): 566, ---, ---, 
[114.696s][info][gc,stats    ]   CMR: VM Strong Roots                6 us, workers (us):   6, ---, ---, 
[114.696s][info][gc,stats    ]   CMR: CLDG Roots                    61 us, workers (us):  61, ---, ---, 
[114.696s][info][gc,stats    ] Concurrent Marking                 3565 us
[114.696s][info][gc,stats    ] Pause Final Mark (G)                373 us
[114.696s][info][gc,stats    ] Pause Final Mark (N)                301 us
[114.696s][info][gc,stats    ]   Finish Mark                        81 us
[114.696s][info][gc,stats    ]   Update Region States               53 us
[114.696s][info][gc,stats    ]   Choose Collection Set              72 us
[114.696s][info][gc,stats    ]   Rebuild Free Set                   20 us
[114.696s][info][gc,stats    ] Concurrent Weak References          185 us, parallelism: 0.04x
[114.696s][info][gc,stats    ]   CWRF: <total>                       8 us
[114.696s][info][gc,stats    ]   CWRF: Weak References               8 us, workers (us):   8, ---, ---, 
[114.696s][info][gc,stats    ] Concurrent Weak Roots               703 us
[114.696s][info][gc,stats    ]   Roots                             589 us, parallelism: 0.88x
[114.696s][info][gc,stats    ]     CWR: <total>                    516 us
[114.696s][info][gc,stats    ]     CWR: Code Cache Roots           400 us, workers (us): 400, ---, ---, 
[114.696s][info][gc,stats    ]     CWR: VM Weak Roots              112 us, workers (us): 112, ---, ---, 
[114.696s][info][gc,stats    ]     CWR: CLDG Roots                   5 us, workers (us):   5, ---, ---, 
[114.696s][info][gc,stats    ]   Rendezvous                         62 us
[114.696s][info][gc,stats    ] Concurrent Cleanup                  115 us
[114.696s][info][gc,stats    ] Concurrent Class Unloading         2209 us
[114.696s][info][gc,stats    ]   Unlink Stale                     1991 us
[114.696s][info][gc,stats    ]     System Dictionary                 3 us
[114.697s][info][gc,stats    ]     Weak Class Links                  0 us
[114.697s][info][gc,stats    ]     Code Roots                     1987 us
[114.697s][info][gc,stats    ]   Rendezvous                         34 us
[114.697s][info][gc,stats    ]   Purge Unlinked                    119 us
[114.697s][info][gc,stats    ]     Code Roots                      114 us
[114.697s][info][gc,stats    ]     CLDG                              5 us
[114.697s][info][gc,stats    ]     Exception Caches                  0 us
[114.697s][info][gc,stats    ] Pause Final Roots (G)                67 us
[114.697s][info][gc,stats    ] Pause Final Roots (N)                34 us
[114.697s][info][gc,stats    ] 
[114.697s][info][gc,stats    ] Allocation pacing accrued:
[114.697s][info][gc,stats    ]       0 of  1648 ms (  0.0%): <total>
[114.697s][info][gc,stats    ]       0 of  1648 ms (  0.0%): <average total>
[114.697s][info][gc,stats    ] 
[114.697s][info][gc,metaspace] Metaspace: 8999K(9216K)->8999K(9216K) NonClass: 7826K(7936K)->7826K(7936K) Class: 1172K(1280K)->1172K(1280K)
[114.697s][info][gc,ergo     ] Pacer for Idle. Initial: 83886K, Alloc Tax Rate: 1.0x
[115.158s][info][gc          ] Trigger: Learning 2 of 5. Free (2859M) is below initial threshold (2867M)
[115.158s][info][gc,ergo     ] Free: 2859M, Max: 2048K regular, 1770M humongous, Frag: 39% external, 0% internal; Reserve: 206M, Max: 2048K
[115.158s][info][gc,start    ] GC(161) Concurrent reset
[115.158s][info][gc,task     ] GC(161) Using 1 of 3 workers for concurrent reset
[115.158s][info][gc,ergo     ] GC(161) Pacer for Reset. Non-Taxable: 4096M
[115.158s][info][gc          ] GC(161) Concurrent reset 0.540ms
[115.159s][info][gc,start    ] GC(161) Pause Init Mark (unload classes)
[115.159s][info][gc,task     ] GC(161) Using 3 of 3 workers for init marking
[115.159s][info][gc,ergo     ] GC(161) Pacer for Mark. Expected Live: 9456K, Free: 2857M, Non-Taxable: 285M, Alloc Tax Rate: 0.0x
[115.159s][info][gc          ] GC(161) Pause Init Mark (unload classes) 0.184ms
[115.159s][info][gc,start    ] GC(161) Concurrent marking roots
[115.159s][info][gc,task     ] GC(161) Using 1 of 3 workers for concurrent marking roots
[115.160s][info][gc          ] GC(161) Concurrent marking roots 0.759ms
[115.160s][info][gc,start    ] GC(161) Concurrent marking (unload classes)
[115.160s][info][gc,task     ] GC(161) Using 1 of 3 workers for concurrent marking
[115.169s][info][gc          ] GC(161) Concurrent marking (unload classes) 8.956ms
[115.169s][info][gc,start    ] GC(161) Pause Final Mark (unload classes)
[115.169s][info][gc,task     ] GC(161) Using 3 of 3 workers for final marking
[115.169s][info][gc,ergo     ] GC(161) Collectable Garbage: 978M (95%), Immediate: 978M (95%), CSet: 0B (0%)
[115.169s][info][gc          ] GC(161) Pause Final Mark (unload classes) 0.232ms
[115.169s][info][gc,start    ] GC(161) Concurrent weak references
[115.169s][info][gc,task     ] GC(161) Using 1 of 3 workers for concurrent weak references
[115.169s][info][gc,ref      ] GC(161) Encountered references: Soft: 144, Weak: 702, Final: 0, Phantom: 27
[115.169s][info][gc,ref      ] GC(161) Discovered  references: Soft: 0, Weak: 150, Final: 0, Phantom: 12
[115.169s][info][gc,ref      ] GC(161) Enqueued    references: Soft: 0, Weak: 0, Final: 0, Phantom: 0
[115.169s][info][gc          ] GC(161) Concurrent weak references 0.120ms
[115.169s][info][gc,start    ] GC(161) Concurrent weak roots
[115.169s][info][gc,task     ] GC(161) Using 1 of 3 workers for concurrent weak root
[115.170s][info][gc          ] GC(161) Concurrent weak roots 0.614ms
[115.170s][info][gc,start    ] GC(161) Concurrent cleanup
[115.170s][info][gc          ] GC(161) Concurrent cleanup 1054M->76M(4096M) 0.048ms
[115.170s][info][gc,ergo     ] GC(161) Free: 3813M, Max: 2048K regular, 1746M humongous, Frag: 55% external, 0% internal; Reserve: 206M, Max: 2048K
[115.170s][info][gc,start    ] GC(161) Concurrent class unloading
[115.170s][info][gc,task     ] GC(161) Using 1 of 3 workers for concurrent class unloading
[115.172s][info][gc          ] GC(161) Concurrent class unloading 2.261ms
[115.172s][info][gc,start    ] GC(161) Pause Final Roots
[115.172s][info][gc          ] GC(161) Pause Final Roots 0.051ms
[115.172s][info][gc,ergo     ] Free: 3807M, Max: 2048K regular, 1746M humongous, Frag: 55% external, 0% internal; Reserve: 206M, Max: 2048K
[115.172s][info][gc,stats    ] 
[115.172s][info][gc,stats    ] All times are wall-clock times, except per-root-class counters, that are sum over
[115.172s][info][gc,stats    ] all workers. Dividing the <total> over the root stage time estimates parallelism.
[115.172s][info][gc,stats    ] 
[115.172s][info][gc,stats    ] Concurrent Reset                    598 us
[115.172s][info][gc,stats    ] Pause Init Mark (G)                 353 us
[115.172s][info][gc,stats    ] Pause Init Mark (N)                 208 us
[115.172s][info][gc,stats    ]   Update Region States               69 us
[115.172s][info][gc,stats    ] Concurrent Mark Roots               790 us, parallelism: 0.82x
[115.172s][info][gc,stats    ]   CMR: <total>                      650 us
[115.172s][info][gc,stats    ]   CMR: Thread Roots                 578 us, workers (us): 578, ---, ---, 
[115.172s][info][gc,stats    ]   CMR: VM Strong Roots                7 us, workers (us):   7, ---, ---, 
[115.172s][info][gc,stats    ]   CMR: CLDG Roots                    65 us, workers (us):  65, ---, ---, 
[115.172s][info][gc,stats    ] Concurrent Marking                 9022 us
[115.172s][info][gc,stats    ] Pause Final Mark (G)                352 us
[115.172s][info][gc,stats    ] Pause Final Mark (N)                250 us
[115.172s][info][gc,stats    ]   Finish Mark                        54 us
[115.172s][info][gc,stats    ]   Update Region States               42 us
[115.172s][info][gc,stats    ]   Choose Collection Set              42 us
[115.172s][info][gc,stats    ]   Rebuild Free Set                   16 us
[115.172s][info][gc,stats    ] Concurrent Weak References          128 us, parallelism: 0.05x
[115.173s][info][gc,stats    ]   CWRF: <total>                       7 us
[115.173s][info][gc,stats    ]   CWRF: Weak References               7 us, workers (us):   7, ---, ---, 
[115.173s][info][gc,stats    ] Concurrent Weak Roots               644 us
[115.173s][info][gc,stats    ]   Roots                             512 us, parallelism: 0.88x
[115.173s][info][gc,stats    ]     CWR: <total>                    449 us
[115.173s][info][gc,stats    ]     CWR: Code Cache Roots           378 us, workers (us): 378, ---, ---, 
[115.173s][info][gc,stats    ]     CWR: VM Weak Roots               66 us, workers (us):  66, ---, ---, 
[115.173s][info][gc,stats    ]     CWR: CLDG Roots                   5 us, workers (us):   5, ---, ---, 
[115.173s][info][gc,stats    ]   Rendezvous                         85 us
[115.173s][info][gc,stats    ] Concurrent Cleanup                   57 us
[115.173s][info][gc,stats    ] Concurrent Class Unloading         2318 us
[115.173s][info][gc,stats    ]   Unlink Stale                     1979 us
[115.173s][info][gc,stats    ]     System Dictionary                 5 us
[115.173s][info][gc,stats    ]     Weak Class Links                  0 us
[115.173s][info][gc,stats    ]     Code Roots                     1972 us
[115.173s][info][gc,stats    ]   Rendezvous                         75 us
[115.173s][info][gc,stats    ]   Purge Unlinked                    185 us
[115.173s][info][gc,stats    ]     Code Roots                      179 us
[115.173s][info][gc,stats    ]     CLDG                              6 us
[115.173s][info][gc,stats    ]     Exception Caches                  0 us
[115.173s][info][gc,stats    ] Pause Final Roots (G)               148 us
[115.173s][info][gc,stats    ] Pause Final Roots (N)                70 us
[115.173s][info][gc,stats    ] 
[115.173s][info][gc,stats    ] Allocation pacing accrued:
[115.173s][info][gc,stats    ]       0 of   476 ms (  0.0%): <total>
[115.173s][info][gc,stats    ]       0 of   476 ms (  0.0%): <average total>
[115.173s][info][gc,stats    ] 
[115.173s][info][gc,metaspace] Metaspace: 8999K(9216K)->8999K(9216K) NonClass: 7826K(7936K)->7826K(7936K) Class: 1172K(1280K)->1172K(1280K)
[115.173s][info][gc,ergo     ] Pacer for Idle. Initial: 83886K, Alloc Tax Rate: 1.0x
[115.628s][info][gc          ] Trigger: Learning 3 of 5. Free (2843M) is below initial threshold (2867M)
[115.628s][info][gc,ergo     ] Free: 2843M, Max: 2048K regular, 1746M humongous, Frag: 39% external, 0% internal; Reserve: 206M, Max: 2048K
[115.628s][info][gc,start    ] GC(162) Concurrent reset
[115.628s][info][gc,task     ] GC(162) Using 1 of 3 workers for concurrent reset
[115.628s][info][gc,ergo     ] GC(162) Pacer for Reset. Non-Taxable: 4096M
[115.628s][info][gc          ] GC(162) Concurrent reset 0.415ms
[115.628s][info][gc,start    ] GC(162) Pause Init Mark (unload classes)
[115.629s][info][gc,task     ] GC(162) Using 3 of 3 workers for init marking
[115.629s][info][gc,ergo     ] GC(162) Pacer for Mark. Expected Live: 9454K, Free: 2843M, Non-Taxable: 284M, Alloc Tax Rate: 0.0x
[115.629s][info][gc          ] GC(162) Pause Init Mark (unload classes) 0.170ms
[115.629s][info][gc,start    ] GC(162) Concurrent marking roots
[115.629s][info][gc,task     ] GC(162) Using 1 of 3 workers for concurrent marking roots
[115.629s][info][gc          ] GC(162) Concurrent marking roots 0.732ms
[115.629s][info][gc,start    ] GC(162) Concurrent marking (unload classes)
[115.629s][info][gc,task     ] GC(162) Using 1 of 3 workers for concurrent marking
[115.643s][info][gc          ] GC(162) Concurrent marking (unload classes) 13.128ms
[115.643s][info][gc,start    ] GC(162) Pause Final Mark (unload classes)
[115.643s][info][gc,task     ] GC(162) Using 3 of 3 workers for final marking
[115.643s][info][gc,ergo     ] GC(162) Collectable Garbage: 986M (95%), Immediate: 986M (95%), CSet: 0B (0%)
[115.643s][info][gc          ] GC(162) Pause Final Mark (unload classes) 0.331ms
[115.643s][info][gc,start    ] GC(162) Concurrent weak references
[115.643s][info][gc,task     ] GC(162) Using 1 of 3 workers for concurrent weak references
[115.643s][info][gc,ref      ] GC(162) Encountered references: Soft: 144, Weak: 702, Final: 0, Phantom: 27
[115.643s][info][gc,ref      ] GC(162) Discovered  references: Soft: 0, Weak: 150, Final: 0, Phantom: 12
[115.643s][info][gc,ref      ] GC(162) Enqueued    references: Soft: 0, Weak: 0, Final: 0, Phantom: 0
[115.643s][info][gc          ] GC(162) Concurrent weak references 0.235ms
[115.643s][info][gc,start    ] GC(162) Concurrent weak roots
[115.643s][info][gc,task     ] GC(162) Using 1 of 3 workers for concurrent weak root
[115.644s][info][gc          ] GC(162) Concurrent weak roots 0.678ms
[115.644s][info][gc,start    ] GC(162) Concurrent cleanup
[115.644s][info][gc          ] GC(162) Concurrent cleanup 1078M->92M(4096M) 0.044ms
[115.644s][info][gc,ergo     ] GC(162) Free: 3797M, Max: 2048K regular, 1720M humongous, Frag: 55% external, 0% internal; Reserve: 206M, Max: 2048K
[115.644s][info][gc,start    ] GC(162) Concurrent class unloading
[115.644s][info][gc,task     ] GC(162) Using 1 of 3 workers for concurrent class unloading
[115.646s][info][gc          ] GC(162) Concurrent class unloading 2.216ms
[115.646s][info][gc,start    ] GC(162) Pause Final Roots
[115.646s][info][gc          ] GC(162) Pause Final Roots 0.040ms
[115.647s][info][gc,ergo     ] Free: 3791M, Max: 2048K regular, 1720M humongous, Frag: 55% external, 0% internal; Reserve: 206M, Max: 2048K
[115.647s][info][gc,stats    ] 
[115.647s][info][gc,stats    ] All times are wall-clock times, except per-root-class counters, that are sum over
[115.647s][info][gc,stats    ] all workers. Dividing the <total> over the root stage time estimates parallelism.
[115.647s][info][gc,stats    ] 
[115.647s][info][gc,stats    ] Concurrent Reset                    467 us
[115.647s][info][gc,stats    ] Pause Init Mark (G)                 326 us
[115.647s][info][gc,stats    ] Pause Init Mark (N)                 187 us
[115.647s][info][gc,stats    ]   Update Region States               68 us
[115.647s][info][gc,stats    ] Concurrent Mark Roots               756 us, parallelism: 0.83x
[115.647s][info][gc,stats    ]   CMR: <total>                      629 us
[115.647s][info][gc,stats    ]   CMR: Thread Roots                 557 us, workers (us): 557, ---, ---, 
[115.647s][info][gc,stats    ]   CMR: VM Strong Roots                6 us, workers (us):   6, ---, ---, 
[115.647s][info][gc,stats    ]   CMR: CLDG Roots                    65 us, workers (us):  65, ---, ---, 
[115.647s][info][gc,stats    ] Concurrent Marking                13189 us
[115.647s][info][gc,stats    ] Pause Final Mark (G)                467 us
[115.647s][info][gc,stats    ] Pause Final Mark (N)                351 us
[115.647s][info][gc,stats    ]   Finish Mark                       102 us
[115.647s][info][gc,stats    ]   Update Region States               87 us
[115.647s][info][gc,stats    ]   Choose Collection Set              62 us
[115.647s][info][gc,stats    ]   Rebuild Free Set                   17 us
[115.647s][info][gc,stats    ] Concurrent Weak References          251 us, parallelism: 0.04x
[115.647s][info][gc,stats    ]   CWRF: <total>                      10 us
[115.647s][info][gc,stats    ]   CWRF: Weak References              10 us, workers (us):  10, ---, ---, 
[115.647s][info][gc,stats    ] Concurrent Weak Roots               699 us
[115.647s][info][gc,stats    ]   Roots                             557 us, parallelism: 0.89x
[115.647s][info][gc,stats    ]     CWR: <total>                    496 us
[115.647s][info][gc,stats    ]     CWR: Code Cache Roots           425 us, workers (us): 425, ---, ---, 
[115.647s][info][gc,stats    ]     CWR: VM Weak Roots               66 us, workers (us):  66, ---, ---, 
[115.647s][info][gc,stats    ]     CWR: CLDG Roots                   6 us, workers (us):   6, ---, ---, 
[115.647s][info][gc,stats    ]   Rendezvous                         87 us
[115.647s][info][gc,stats    ] Concurrent Cleanup                   52 us
[115.647s][info][gc,stats    ] Concurrent Class Unloading         2267 us
[115.647s][info][gc,stats    ]   Unlink Stale                     1930 us
[115.647s][info][gc,stats    ]     System Dictionary                 3 us
[115.647s][info][gc,stats    ]     Weak Class Links                  0 us
[115.647s][info][gc,stats    ]     Code Roots                     1925 us
[115.647s][info][gc,stats    ]   Rendezvous                        153 us
[115.647s][info][gc,stats    ]   Purge Unlinked                    115 us
[115.647s][info][gc,stats    ]     Code Roots                      106 us
[115.647s][info][gc,stats    ]     CLDG                              9 us
[115.647s][info][gc,stats    ]     Exception Caches                  0 us
[115.647s][info][gc,stats    ] Pause Final Roots (G)               167 us
[115.647s][info][gc,stats    ] Pause Final Roots (N)                57 us
[115.647s][info][gc,stats    ] 
[115.647s][info][gc,stats    ] Allocation pacing accrued:
[115.647s][info][gc,stats    ]       0 of   474 ms (  0.0%): <total>
[115.647s][info][gc,stats    ]       0 of   474 ms (  0.0%): <average total>
[115.647s][info][gc,stats    ] 
[115.647s][info][gc,metaspace] Metaspace: 8999K(9216K)->8999K(9216K) NonClass: 7826K(7936K)->7826K(7936K) Class: 1172K(1280K)->1172K(1280K)
[115.647s][info][gc,ergo     ] Pacer for Idle. Initial: 83886K, Alloc Tax Rate: 1.0x
[116.099s][info][gc          ] Trigger: Learning 4 of 5. Free (2835M) is below initial threshold (2867M)
[116.099s][info][gc,ergo     ] Free: 2835M, Max: 2048K regular, 1720M humongous, Frag: 40% external, 0% internal; Reserve: 206M, Max: 2048K
[116.099s][info][gc,start    ] GC(163) Concurrent reset
[116.099s][info][gc,task     ] GC(163) Using 1 of 3 workers for concurrent reset
[116.099s][info][gc,ergo     ] GC(163) Pacer for Reset. Non-Taxable: 4096M
[116.100s][info][gc          ] GC(163) Concurrent reset 0.503ms
[116.100s][info][gc,start    ] GC(163) Pause Init Mark (unload classes)
[116.100s][info][gc,task     ] GC(163) Using 3 of 3 workers for init marking
[116.100s][info][gc,ergo     ] GC(163) Pacer for Mark. Expected Live: 9453K, Free: 2835M, Non-Taxable: 283M, Alloc Tax Rate: 0.0x
[116.100s][info][gc          ] GC(163) Pause Init Mark (unload classes) 0.180ms
[116.100s][info][gc,start    ] GC(163) Concurrent marking roots
[116.100s][info][gc,task     ] GC(163) Using 1 of 3 workers for concurrent marking roots
[116.100s][info][gc          ] GC(163) Concurrent marking roots 0.429ms
[116.100s][info][gc,start    ] GC(163) Concurrent marking (unload classes)
[116.100s][info][gc,task     ] GC(163) Using 1 of 3 workers for concurrent marking
[116.118s][info][gc          ] GC(163) Concurrent marking (unload classes) 17.182ms
[116.118s][info][gc,start    ] GC(163) Pause Final Mark (unload classes)
[116.118s][info][gc,task     ] GC(163) Using 3 of 3 workers for final marking
[116.118s][info][gc,ergo     ] GC(163) Collectable Garbage: 996M (95%), Immediate: 996M (95%), CSet: 0B (0%)
[116.118s][info][gc          ] GC(163) Pause Final Mark (unload classes) 0.253ms
[116.118s][info][gc,start    ] GC(163) Concurrent weak references
[116.118s][info][gc,task     ] GC(163) Using 1 of 3 workers for concurrent weak references
[116.118s][info][gc,ref      ] GC(163) Encountered references: Soft: 144, Weak: 702, Final: 0, Phantom: 27
[116.118s][info][gc,ref      ] GC(163) Discovered  references: Soft: 0, Weak: 150, Final: 0, Phantom: 12
[116.118s][info][gc,ref      ] GC(163) Enqueued    references: Soft: 0, Weak: 0, Final: 0, Phantom: 0
[116.118s][info][gc          ] GC(163) Concurrent weak references 0.153ms
[116.118s][info][gc,start    ] GC(163) Concurrent weak roots
[116.118s][info][gc,task     ] GC(163) Using 1 of 3 workers for concurrent weak root
[116.119s][info][gc          ] GC(163) Concurrent weak roots 0.601ms
[116.119s][info][gc,start    ] GC(163) Concurrent cleanup
[116.119s][info][gc          ] GC(163) Concurrent cleanup 1094M->98M(4096M) 0.043ms
[116.119s][info][gc,ergo     ] GC(163) Free: 3791M, Max: 2048K regular, 1704M humongous, Frag: 56% external, 0% internal; Reserve: 206M, Max: 2048K
[116.119s][info][gc,start    ] GC(163) Concurrent class unloading
[116.119s][info][gc,task     ] GC(163) Using 1 of 3 workers for concurrent class unloading
[116.121s][info][gc          ] GC(163) Concurrent class unloading 2.283ms
[116.121s][info][gc,start    ] GC(163) Pause Final Roots
[116.121s][info][gc          ] GC(163) Pause Final Roots 0.039ms
[116.121s][info][gc,ergo     ] Free: 3787M, Max: 2048K regular, 1704M humongous, Frag: 55% external, 0% internal; Reserve: 206M, Max: 2048K
[116.122s][info][gc,stats    ] 
[116.122s][info][gc,stats    ] All times are wall-clock times, except per-root-class counters, that are sum over
[116.122s][info][gc,stats    ] all workers. Dividing the <total> over the root stage time estimates parallelism.
[116.122s][info][gc,stats    ] 
[116.122s][info][gc,stats    ] Concurrent Reset                    542 us
[116.122s][info][gc,stats    ] Pause Init Mark (G)                 316 us
[116.122s][info][gc,stats    ] Pause Init Mark (N)                 197 us
[116.122s][info][gc,stats    ]   Update Region States               77 us
[116.122s][info][gc,stats    ] Concurrent Mark Roots               448 us, parallelism: 0.77x
[116.122s][info][gc,stats    ]   CMR: <total>                      345 us
[116.122s][info][gc,stats    ]   CMR: Thread Roots                 305 us, workers (us): 305, ---, ---, 
[116.122s][info][gc,stats    ]   CMR: VM Strong Roots                5 us, workers (us):   5, ---, ---, 
[116.122s][info][gc,stats    ]   CMR: CLDG Roots                    35 us, workers (us):  35, ---, ---, 
[116.122s][info][gc,stats    ] Concurrent Marking                17242 us
[116.122s][info][gc,stats    ] Pause Final Mark (G)                372 us
[116.122s][info][gc,stats    ] Pause Final Mark (N)                262 us
[116.122s][info][gc,stats    ]   Finish Mark                        83 us
[116.122s][info][gc,stats    ]   Update Region States               71 us
[116.122s][info][gc,stats    ]   Choose Collection Set              39 us
[116.122s][info][gc,stats    ]   Rebuild Free Set                    7 us
[116.122s][info][gc,stats    ] Concurrent Weak References          169 us, parallelism: 0.03x
[116.122s][info][gc,stats    ]   CWRF: <total>                       4 us
[116.122s][info][gc,stats    ]   CWRF: Weak References               4 us, workers (us):   4, ---, ---, 
[116.122s][info][gc,stats    ] Concurrent Weak Roots               621 us
[116.122s][info][gc,stats    ]   Roots                             484 us, parallelism: 0.89x
[116.122s][info][gc,stats    ]     CWR: <total>                    432 us
[116.122s][info][gc,stats    ]     CWR: Code Cache Roots           364 us, workers (us): 364, ---, ---, 
[116.122s][info][gc,stats    ]     CWR: VM Weak Roots               64 us, workers (us):  64, ---, ---, 
[116.122s][info][gc,stats    ]     CWR: CLDG Roots                   5 us, workers (us):   5, ---, ---, 
[116.122s][info][gc,stats    ]   Rendezvous                         86 us
[116.122s][info][gc,stats    ] Concurrent Cleanup                   51 us
[116.122s][info][gc,stats    ] Concurrent Class Unloading         2338 us
[116.122s][info][gc,stats    ]   Unlink Stale                     1987 us
[116.122s][info][gc,stats    ]     System Dictionary                 3 us
[116.122s][info][gc,stats    ]     Weak Class Links                  0 us
[116.122s][info][gc,stats    ]     Code Roots                     1983 us
[116.122s][info][gc,stats    ]   Rendezvous                        153 us
[116.122s][info][gc,stats    ]   Purge Unlinked                    120 us
[116.122s][info][gc,stats    ]     Code Roots                      110 us
[116.122s][info][gc,stats    ]     CLDG                              9 us
[116.122s][info][gc,stats    ]     Exception Caches                  0 us
[116.122s][info][gc,stats    ] Pause Final Roots (G)               167 us
[116.122s][info][gc,stats    ] Pause Final Roots (N)                57 us
[116.122s][info][gc,stats    ] 
[116.122s][info][gc,stats    ] Allocation pacing accrued:
[116.122s][info][gc,stats    ]       0 of   475 ms (  0.0%): <total>
[116.122s][info][gc,stats    ]       0 of   475 ms (  0.0%): <average total>
[116.122s][info][gc,stats    ] 
[116.122s][info][gc,metaspace] Metaspace: 8999K(9216K)->8999K(9216K) NonClass: 7826K(7936K)->7826K(7936K) Class: 1172K(1280K)->1172K(1280K)
[116.122s][info][gc,ergo     ] Pacer for Idle. Initial: 83886K, Alloc Tax Rate: 1.0x
[116.554s][info][gc          ] Trigger: Learning 5 of 5. Free (2851M) is below initial threshold (2867M)
[116.555s][info][gc,ergo     ] Free: 2851M, Max: 2048K regular, 1704M humongous, Frag: 41% external, 0% internal; Reserve: 206M, Max: 2048K
[116.555s][info][gc,start    ] GC(164) Concurrent reset
[116.555s][info][gc,task     ] GC(164) Using 1 of 3 workers for concurrent reset
[116.555s][info][gc,ergo     ] GC(164) Pacer for Reset. Non-Taxable: 4096M
[116.555s][info][gc          ] GC(164) Concurrent reset 0.587ms
[116.555s][info][gc,start    ] GC(164) Pause Init Mark (unload classes)
[116.555s][info][gc,task     ] GC(164) Using 3 of 3 workers for init marking
[116.556s][info][gc,ergo     ] GC(164) Pacer for Mark. Expected Live: 9457K, Free: 2849M, Non-Taxable: 284M, Alloc Tax Rate: 0.0x
[116.556s][info][gc          ] GC(164) Pause Init Mark (unload classes) 0.177ms
[116.556s][info][gc,start    ] GC(164) Concurrent marking roots
[116.556s][info][gc,task     ] GC(164) Using 1 of 3 workers for concurrent marking roots
[116.556s][info][gc          ] GC(164) Concurrent marking roots 0.412ms
[116.556s][info][gc,start    ] GC(164) Concurrent marking (unload classes)
[116.556s][info][gc,task     ] GC(164) Using 1 of 3 workers for concurrent marking
[116.577s][info][gc          ] GC(164) Concurrent marking (unload classes) 21.323ms
[116.578s][info][gc,start    ] GC(164) Pause Final Mark (unload classes)
[116.578s][info][gc,task     ] GC(164) Using 3 of 3 workers for final marking
[116.578s][info][gc,ergo     ] GC(164) Collectable Garbage: 966M (94%), Immediate: 966M (94%), CSet: 0B (0%)
[116.578s][info][gc          ] GC(164) Pause Final Mark (unload classes) 0.366ms
[116.578s][info][gc,start    ] GC(164) Concurrent weak references
[116.578s][info][gc,task     ] GC(164) Using 1 of 3 workers for concurrent weak references
[116.578s][info][gc,ref      ] GC(164) Encountered references: Soft: 144, Weak: 702, Final: 0, Phantom: 27
[116.578s][info][gc,ref      ] GC(164) Discovered  references: Soft: 0, Weak: 150, Final: 0, Phantom: 12
[116.578s][info][gc,ref      ] GC(164) Enqueued    references: Soft: 0, Weak: 0, Final: 0, Phantom: 0
[116.578s][info][gc          ] GC(164) Concurrent weak references 0.157ms
[116.578s][info][gc,start    ] GC(164) Concurrent weak roots
[116.578s][info][gc,task     ] GC(164) Using 1 of 3 workers for concurrent weak root
[116.579s][info][gc          ] GC(164) Concurrent weak roots 0.647ms
[116.579s][info][gc,start    ] GC(164) Concurrent cleanup
[116.579s][info][gc          ] GC(164) Concurrent cleanup 1084M->118M(4096M) 0.043ms
[116.579s][info][gc,ergo     ] GC(164) Free: 3771M, Max: 2048K regular, 1730M humongous, Frag: 55% external, 0% internal; Reserve: 206M, Max: 2048K
[116.579s][info][gc,start    ] GC(164) Concurrent class unloading
[116.579s][info][gc,task     ] GC(164) Using 1 of 3 workers for concurrent class unloading
[116.581s][info][gc          ] GC(164) Concurrent class unloading 1.991ms
[116.581s][info][gc,start    ] GC(164) Pause Final Roots
[116.581s][info][gc          ] GC(164) Pause Final Roots 0.054ms
[116.581s][info][gc,ergo     ] Free: 3771M, Max: 2048K regular, 1730M humongous, Frag: 55% external, 0% internal; Reserve: 206M, Max: 2048K
[116.581s][info][gc,stats    ] 
[116.581s][info][gc,stats    ] All times are wall-clock times, except per-root-class counters, that are sum over
[116.581s][info][gc,stats    ] all workers. Dividing the <total> over the root stage time estimates parallelism.
[116.581s][info][gc,stats    ] 
[116.581s][info][gc,stats    ] Concurrent Reset                    654 us
[116.581s][info][gc,stats    ] Pause Init Mark (G)                 321 us
[116.581s][info][gc,stats    ] Pause Init Mark (N)                 194 us
[116.581s][info][gc,stats    ]   Update Region States               66 us
[116.581s][info][gc,stats    ] Concurrent Mark Roots               430 us, parallelism: 0.76x
[116.581s][info][gc,stats    ]   CMR: <total>                      326 us
[116.581s][info][gc,stats    ]   CMR: Thread Roots                 288 us, workers (us): 288, ---, ---, 
[116.581s][info][gc,stats    ]   CMR: VM Strong Roots                5 us, workers (us):   5, ---, ---, 
[116.581s][info][gc,stats    ]   CMR: CLDG Roots                    33 us, workers (us):  33, ---, ---, 
[116.581s][info][gc,stats    ] Concurrent Marking                21393 us
[116.581s][info][gc,stats    ] Pause Final Mark (G)                507 us
[116.581s][info][gc,stats    ] Pause Final Mark (N)                385 us
[116.581s][info][gc,stats    ]   Finish Mark                       115 us
[116.581s][info][gc,stats    ]   Update Region States               88 us
[116.581s][info][gc,stats    ]   Choose Collection Set              63 us
[116.581s][info][gc,stats    ]   Rebuild Free Set                   17 us
[116.581s][info][gc,stats    ] Concurrent Weak References          172 us, parallelism: 0.03x
[116.581s][info][gc,stats    ]   CWRF: <total>                       5 us
[116.581s][info][gc,stats    ]   CWRF: Weak References               5 us, workers (us):   5, ---, ---, 
[116.581s][info][gc,stats    ] Concurrent Weak Roots               666 us
[116.581s][info][gc,stats    ]   Roots                             528 us, parallelism: 0.86x
[116.581s][info][gc,stats    ]     CWR: <total>                    454 us
[116.581s][info][gc,stats    ]     CWR: Code Cache Roots           337 us, workers (us): 337, ---, ---, 
[116.581s][info][gc,stats    ]     CWR: VM Weak Roots              111 us, workers (us): 111, ---, ---, 
[116.582s][info][gc,stats    ]     CWR: CLDG Roots                   6 us, workers (us):   6, ---, ---, 
[116.582s][info][gc,stats    ]   Rendezvous                         89 us
[116.582s][info][gc,stats    ] Concurrent Cleanup                   51 us
[116.582s][info][gc,stats    ] Concurrent Class Unloading         2043 us
[116.582s][info][gc,stats    ]   Unlink Stale                     1702 us
[116.582s][info][gc,stats    ]     System Dictionary                 3 us
[116.582s][info][gc,stats    ]     Weak Class Links                  0 us
[116.582s][info][gc,stats    ]     Code Roots                     1698 us
[116.582s][info][gc,stats    ]   Rendezvous                        157 us
[116.582s][info][gc,stats    ]   Purge Unlinked                    114 us
[116.582s][info][gc,stats    ]     Code Roots                      105 us
[116.582s][info][gc,stats    ]     CLDG                              9 us
[116.582s][info][gc,stats    ]     Exception Caches                  0 us
[116.582s][info][gc,stats    ] Pause Final Roots (G)               187 us
[116.582s][info][gc,stats    ] Pause Final Roots (N)                72 us
[116.582s][info][gc,stats    ] 
[116.582s][info][gc,stats    ] Allocation pacing accrued:
[116.582s][info][gc,stats    ]       0 of   460 ms (  0.0%): <total>
[116.582s][info][gc,stats    ]       0 of   460 ms (  0.0%): <average total>
[116.582s][info][gc,stats    ] 
[116.582s][info][gc,metaspace] Metaspace: 8999K(9216K)->8999K(9216K) NonClass: 7826K(7936K)->7826K(7936K) Class: 1172K(1280K)->1172K(1280K)
[116.582s][info][gc,ergo     ] Pacer for Idle. Initial: 83886K, Alloc Tax Rate: 1.0x
[118.218s][info][gc          ] Trigger: Explicit GC request (System.gc())
[118.218s][info][gc,ergo     ] Free: 971M, Max: 2048K regular, 954M humongous, Frag: 2% external, 0% internal; Reserve: 206M, Max: 2048K
[118.218s][info][gc,start    ] GC(165) Concurrent reset
[118.218s][info][gc,task     ] GC(165) Using 1 of 3 workers for concurrent reset
[118.218s][info][gc,ergo     ] GC(165) Pacer for Reset. Non-Taxable: 4096M
[118.219s][info][gc          ] GC(165) Concurrent reset 0.595ms
[118.219s][info][gc,start    ] GC(165) Pause Init Mark (unload classes)
[118.219s][info][gc,task     ] GC(165) Using 3 of 3 workers for init marking
[118.219s][info][gc,ref      ] GC(165) Clearing All SoftReferences
[118.219s][info][gc,ergo     ] GC(165) Pacer for Mark. Expected Live: 9457K, Free: 971M, Non-Taxable: 99530K, Alloc Tax Rate: 0.0x
[118.219s][info][gc          ] GC(165) Pause Init Mark (unload classes) 0.187ms
[118.219s][info][gc,start    ] GC(165) Concurrent marking roots
[118.219s][info][gc,task     ] GC(165) Using 1 of 3 workers for concurrent marking roots
[118.220s][info][gc          ] GC(165) Concurrent marking roots 0.400ms
[118.220s][info][gc,start    ] GC(165) Concurrent marking (unload classes)
[118.220s][info][gc,task     ] GC(165) Using 1 of 3 workers for concurrent marking
[118.223s][info][gc          ] GC(165) Concurrent marking (unload classes) 3.403ms
[118.223s][info][gc,start    ] GC(165) Pause Final Mark (unload classes)
[118.223s][info][gc,task     ] GC(165) Using 3 of 3 workers for final marking
[118.223s][info][gc,ergo     ] GC(165) Collectable Garbage: 2881M (98%), Immediate: 2881M (98%), CSet: 0B (0%)
[118.224s][info][gc          ] GC(165) Pause Final Mark (unload classes) 0.389ms
[118.224s][info][gc,start    ] GC(165) Concurrent weak references
[118.224s][info][gc,task     ] GC(165) Using 1 of 3 workers for concurrent weak references
[118.224s][info][gc,ref      ] GC(165) Encountered references: Soft: 144, Weak: 702, Final: 0, Phantom: 27
[118.224s][info][gc,ref      ] GC(165) Discovered  references: Soft: 88, Weak: 168, Final: 0, Phantom: 25
[118.224s][info][gc,ref      ] GC(165) Enqueued    references: Soft: 3, Weak: 0, Final: 0, Phantom: 0
[118.224s][info][gc          ] GC(165) Concurrent weak references 0.144ms
[118.224s][info][gc,start    ] GC(165) Concurrent weak roots
[118.224s][info][gc,task     ] GC(165) Using 1 of 3 workers for concurrent weak root
[118.224s][info][gc          ] GC(165) Concurrent weak roots 0.686ms
[118.224s][info][gc,start    ] GC(165) Concurrent cleanup
[118.225s][info][gc          ] GC(165) Concurrent cleanup 2917M->36M(4096M) 0.107ms
[118.225s][info][gc,ergo     ] GC(165) Free: 3853M, Max: 2048K regular, 2720M humongous, Frag: 30% external, 0% internal; Reserve: 206M, Max: 2048K
[118.225s][info][gc,start    ] GC(165) Concurrent class unloading
[118.225s][info][gc,task     ] GC(165) Using 1 of 3 workers for concurrent class unloading
[118.227s][info][gc          ] GC(165) Concurrent class unloading 2.563ms
[118.227s][info][gc,start    ] GC(165) Pause Final Roots
[118.227s][info][gc          ] GC(165) Pause Final Roots 0.045ms
[118.227s][info][gc,ergo     ] Free: 3853M, Max: 2048K regular, 2720M humongous, Frag: 30% external, 0% internal; Reserve: 206M, Max: 2048K
[118.227s][info][gc,stats    ] 
[118.227s][info][gc,stats    ] All times are wall-clock times, except per-root-class counters, that are sum over
[118.227s][info][gc,stats    ] all workers. Dividing the <total> over the root stage time estimates parallelism.
[118.227s][info][gc,stats    ] 
[118.227s][info][gc,stats    ] Concurrent Reset                    618 us
[118.227s][info][gc,stats    ] Pause Init Mark (G)                 300 us
[118.228s][info][gc,stats    ] Pause Init Mark (N)                 204 us
[118.228s][info][gc,stats    ]   Update Region States               65 us
[118.228s][info][gc,stats    ] Concurrent Mark Roots               419 us, parallelism: 0.76x
[118.228s][info][gc,stats    ]   CMR: <total>                      318 us
[118.228s][info][gc,stats    ]   CMR: Thread Roots                 278 us, workers (us): 278, ---, ---, 
[118.228s][info][gc,stats    ]   CMR: VM Strong Roots                5 us, workers (us):   5, ---, ---, 
[118.228s][info][gc,stats    ]   CMR: CLDG Roots                    35 us, workers (us):  35, ---, ---, 
[118.228s][info][gc,stats    ] Concurrent Marking                 3459 us
[118.228s][info][gc,stats    ] Pause Final Mark (G)                536 us
[118.228s][info][gc,stats    ] Pause Final Mark (N)                414 us
[118.228s][info][gc,stats    ]   Finish Mark                        95 us
[118.228s][info][gc,stats    ]   Update Region States              101 us
[118.228s][info][gc,stats    ]   Choose Collection Set              93 us
[118.228s][info][gc,stats    ]   Rebuild Free Set                   20 us
[118.228s][info][gc,stats    ] Concurrent Weak References          152 us, parallelism: 0.05x
[118.228s][info][gc,stats    ]   CWRF: <total>                       8 us
[118.228s][info][gc,stats    ]   CWRF: Weak References               8 us, workers (us):   8, ---, ---, 
[118.228s][info][gc,stats    ] Concurrent Weak Roots               709 us
[118.228s][info][gc,stats    ]   Roots                             546 us, parallelism: 0.90x
[118.228s][info][gc,stats    ]     CWR: <total>                    492 us
[118.228s][info][gc,stats    ]     CWR: Code Cache Roots           427 us, workers (us): 427, ---, ---, 
[118.228s][info][gc,stats    ]     CWR: VM Weak Roots               61 us, workers (us):  61, ---, ---, 
[118.228s][info][gc,stats    ]     CWR: CLDG Roots                   4 us, workers (us):   4, ---, ---, 
[118.228s][info][gc,stats    ]   Rendezvous                        124 us
[118.228s][info][gc,stats    ] Concurrent Cleanup                  115 us
[118.228s][info][gc,stats    ] Concurrent Class Unloading         2618 us
[118.228s][info][gc,stats    ]   Unlink Stale                     2256 us
[118.228s][info][gc,stats    ]     System Dictionary                 4 us
[118.228s][info][gc,stats    ]     Weak Class Links                  0 us
[118.228s][info][gc,stats    ]     Code Roots                     2250 us
[118.228s][info][gc,stats    ]   Rendezvous                        133 us
[118.228s][info][gc,stats    ]   Purge Unlinked                    155 us
[118.228s][info][gc,stats    ]     Code Roots                      146 us
[118.228s][info][gc,stats    ]     CLDG                              8 us
[118.228s][info][gc,stats    ]     Exception Caches                  0 us
[118.228s][info][gc,stats    ] Pause Final Roots (G)               108 us
[118.228s][info][gc,stats    ] Pause Final Roots (N)                54 us
[118.228s][info][gc,stats    ] 
[118.228s][info][gc,stats    ] Allocation pacing accrued:
[118.228s][info][gc,stats    ]       0 of  1646 ms (  0.0%): <total>
[118.228s][info][gc,stats    ]       0 of  1646 ms (  0.0%): <average total>
[118.228s][info][gc,stats    ] 
[118.228s][info][gc,metaspace] Metaspace: 8999K(9216K)->8999K(9216K) NonClass: 7826K(7936K)->7826K(7936K) Class: 1172K(1280K)->1172K(1280K)
[118.228s][info][gc,ergo     ] Pacer for Idle. Initial: 83886K, Alloc Tax Rate: 1.0x
[118.689s][info][gc          ] Trigger: Learning 2 of 5. Free (2853M) is below initial threshold (2867M)
[118.689s][info][gc,ergo     ] Free: 2853M, Max: 2048K regular, 1764M humongous, Frag: 39% external, 0% internal; Reserve: 206M, Max: 2048K
[118.689s][info][gc,start    ] GC(166) Concurrent reset
[118.689s][info][gc,task     ] GC(166) Using 1 of 3 workers for concurrent reset
[118.689s][info][gc,ergo     ] GC(166) Pacer for Reset. Non-Taxable: 4096M
[118.690s][info][gc          ] GC(166) Concurrent reset 0.536ms
[118.690s][info][gc,start    ] GC(166) Pause Init Mark (unload classes)
[118.690s][info][gc,task     ] GC(166) Using 3 of 3 workers for init marking
[118.690s][info][gc,ergo     ] GC(166) Pacer for Mark. Expected Live: 9458K, Free: 2851M, Non-Taxable: 285M, Alloc Tax Rate: 0.0x
[118.690s][info][gc          ] GC(166) Pause Init Mark (unload classes) 0.247ms
[118.690s][info][gc,start    ] GC(166) Concurrent marking roots
[118.690s][info][gc,task     ] GC(166) Using 1 of 3 workers for concurrent marking roots
[118.691s][info][gc          ] GC(166) Concurrent marking roots 0.830ms
[118.691s][info][gc,start    ] GC(166) Concurrent marking (unload classes)
[118.691s][info][gc,task     ] GC(166) Using 1 of 3 workers for concurrent marking
[118.700s][info][gc          ] GC(166) Concurrent marking (unload classes) 8.296ms
[118.700s][info][gc,start    ] GC(166) Pause Final Mark (unload classes)
[118.700s][info][gc,task     ] GC(166) Using 3 of 3 workers for final marking
[118.700s][info][gc,ergo     ] GC(166) Collectable Garbage: 978M (94%), Immediate: 978M (94%), CSet: 0B (0%)
[118.700s][info][gc          ] GC(166) Pause Final Mark (unload classes) 0.318ms
[118.700s][info][gc,start    ] GC(166) Concurrent weak references
[118.700s][info][gc,task     ] GC(166) Using 1 of 3 workers for concurrent weak references
[118.700s][info][gc,ref      ] GC(166) Encountered references: Soft: 144, Weak: 702, Final: 0, Phantom: 27
[118.700s][info][gc,ref      ] GC(166) Discovered  references: Soft: 0, Weak: 150, Final: 0, Phantom: 12
[118.700s][info][gc,ref      ] GC(166) Enqueued    references: Soft: 0, Weak: 0, Final: 0, Phantom: 0
[118.700s][info][gc          ] GC(166) Concurrent weak references 0.224ms
[118.700s][info][gc,start    ] GC(166) Concurrent weak roots
[118.700s][info][gc,task     ] GC(166) Using 1 of 3 workers for concurrent weak root
[118.701s][info][gc          ] GC(166) Concurrent weak roots 0.733ms
[118.701s][info][gc,start    ] GC(166) Concurrent cleanup
[118.701s][info][gc          ] GC(166) Concurrent cleanup 1060M->82M(4096M) 0.042ms
[118.701s][info][gc,ergo     ] GC(166) Free: 3807M, Max: 2048K regular, 1740M humongous, Frag: 55% external, 0% internal; Reserve: 206M, Max: 2048K
[118.701s][info][gc,start    ] GC(166) Concurrent class unloading
[118.701s][info][gc,task     ] GC(166) Using 1 of 3 workers for concurrent class unloading
[118.703s][info][gc          ] GC(166) Concurrent class unloading 2.025ms
[118.703s][info][gc,start    ] GC(166) Pause Final Roots
[118.703s][info][gc          ] GC(166) Pause Final Roots 0.039ms
[118.703s][info][gc,ergo     ] Free: 3803M, Max: 2048K regular, 1740M humongous, Frag: 55% external, 0% internal; Reserve: 206M, Max: 2048K
[118.703s][info][gc,stats    ] 
[118.703s][info][gc,stats    ] All times are wall-clock times, except per-root-class counters, that are sum over
[118.703s][info][gc,stats    ] all workers. Dividing the <total> over the root stage time estimates parallelism.
[118.703s][info][gc,stats    ] 
[118.703s][info][gc,stats    ] Concurrent Reset                    594 us
[118.703s][info][gc,stats    ] Pause Init Mark (G)                 428 us
[118.703s][info][gc,stats    ] Pause Init Mark (N)                 266 us
[118.704s][info][gc,stats    ]   Update Region States              115 us
[118.704s][info][gc,stats    ] Concurrent Mark Roots               854 us, parallelism: 0.76x
[118.704s][info][gc,stats    ]   CMR: <total>                      652 us
[118.704s][info][gc,stats    ]   CMR: Thread Roots                 561 us, workers (us): 561, ---, ---, 
[118.704s][info][gc,stats    ]   CMR: VM Strong Roots                9 us, workers (us):   9, ---, ---, 
[118.704s][info][gc,stats    ]   CMR: CLDG Roots                    82 us, workers (us):  82, ---, ---, 
[118.704s][info][gc,stats    ] Concurrent Marking                 8361 us
[118.704s][info][gc,stats    ] Pause Final Mark (G)                436 us
[118.704s][info][gc,stats    ] Pause Final Mark (N)                327 us
[118.704s][info][gc,stats    ]   Finish Mark                       132 us
[118.704s][info][gc,stats    ]   Update Region States               73 us
[118.704s][info][gc,stats    ]   Choose Collection Set              40 us
[118.704s][info][gc,stats    ]   Rebuild Free Set                    8 us
[118.704s][info][gc,stats    ] Concurrent Weak References          240 us, parallelism: 0.04x
[118.704s][info][gc,stats    ]   CWRF: <total>                       9 us
[118.704s][info][gc,stats    ]   CWRF: Weak References               9 us, workers (us):   9, ---, ---, 
[118.704s][info][gc,stats    ] Concurrent Weak Roots               752 us
[118.704s][info][gc,stats    ]   Roots                             610 us, parallelism: 0.87x
[118.704s][info][gc,stats    ]     CWR: <total>                    533 us
[118.704s][info][gc,stats    ]     CWR: Code Cache Roots           413 us, workers (us): 413, ---, ---, 
[118.704s][info][gc,stats    ]     CWR: VM Weak Roots              114 us, workers (us): 114, ---, ---, 
[118.704s][info][gc,stats    ]     CWR: CLDG Roots                   6 us, workers (us):   6, ---, ---, 
[118.704s][info][gc,stats    ]   Rendezvous                         91 us
[118.704s][info][gc,stats    ] Concurrent Cleanup                   51 us
[118.704s][info][gc,stats    ] Concurrent Class Unloading         2080 us
[118.704s][info][gc,stats    ]   Unlink Stale                     1733 us
[118.704s][info][gc,stats    ]     System Dictionary                 2 us
[118.704s][info][gc,stats    ]     Weak Class Links                  0 us
[118.704s][info][gc,stats    ]     Code Roots                     1729 us
[118.704s][info][gc,stats    ]   Rendezvous                        154 us
[118.704s][info][gc,stats    ]   Purge Unlinked                    119 us
[118.704s][info][gc,stats    ]     Code Roots                      110 us
[118.704s][info][gc,stats    ]     CLDG                              9 us
[118.704s][info][gc,stats    ]     Exception Caches                  0 us
[118.704s][info][gc,stats    ] Pause Final Roots (G)               167 us
[118.704s][info][gc,stats    ] Pause Final Roots (N)                57 us
[118.704s][info][gc,stats    ] 
[118.704s][info][gc,stats    ] Allocation pacing accrued:
[118.704s][info][gc,stats    ]       0 of   476 ms (  0.0%): <total>
[118.704s][info][gc,stats    ]       0 of   476 ms (  0.0%): <average total>
[118.704s][info][gc,stats    ] 
[118.704s][info][gc,metaspace] Metaspace: 8999K(9216K)->8999K(9216K) NonClass: 7826K(7936K)->7826K(7936K) Class: 1172K(1280K)->1172K(1280K)
[118.704s][info][gc,ergo     ] Pacer for Idle. Initial: 83886K, Alloc Tax Rate: 1.0x
[119.160s][info][gc          ] Trigger: Learning 3 of 5. Free (2843M) is below initial threshold (2867M)
[119.160s][info][gc,ergo     ] Free: 2843M, Max: 2048K regular, 1740M humongous, Frag: 39% external, 0% internal; Reserve: 206M, Max: 2048K
[119.160s][info][gc,start    ] GC(167) Concurrent reset
[119.160s][info][gc,task     ] GC(167) Using 1 of 3 workers for concurrent reset
[119.160s][info][gc,ergo     ] GC(167) Pacer for Reset. Non-Taxable: 4096M
[119.161s][info][gc          ] GC(167) Concurrent reset 0.635ms
[119.161s][info][gc,start    ] GC(167) Pause Init Mark (unload classes)
[119.161s][info][gc,task     ] GC(167) Using 3 of 3 workers for init marking
[119.161s][info][gc,ergo     ] GC(167) Pacer for Mark. Expected Live: 9461K, Free: 2841M, Non-Taxable: 284M, Alloc Tax Rate: 0.0x
[119.161s][info][gc          ] GC(167) Pause Init Mark (unload classes) 0.213ms
[119.161s][info][gc,start    ] GC(167) Concurrent marking roots
[119.161s][info][gc,task     ] GC(167) Using 1 of 3 workers for concurrent marking roots
[119.162s][info][gc          ] GC(167) Concurrent marking roots 0.804ms
[119.162s][info][gc,start    ] GC(167) Concurrent marking (unload classes)
[119.162s][info][gc,task     ] GC(167) Using 1 of 3 workers for concurrent marking
[119.176s][info][gc          ] GC(167) Concurrent marking (unload classes) 13.622ms
[119.176s][info][gc,start    ] GC(167) Pause Final Mark (unload classes)
[119.176s][info][gc,task     ] GC(167) Using 3 of 3 workers for final marking
[119.176s][info][gc,ergo     ] GC(167) Collectable Garbage: 986M (94%), Immediate: 986M (94%), CSet: 0B (0%)
[119.176s][info][gc          ] GC(167) Pause Final Mark (unload classes) 0.165ms
[119.176s][info][gc,start    ] GC(167) Concurrent weak references
[119.176s][info][gc,task     ] GC(167) Using 1 of 3 workers for concurrent weak references
[119.176s][info][gc,ref      ] GC(167) Encountered references: Soft: 144, Weak: 702, Final: 0, Phantom: 27
[119.176s][info][gc,ref      ] GC(167) Discovered  references: Soft: 0, Weak: 150, Final: 0, Phantom: 12
[119.176s][info][gc,ref      ] GC(167) Enqueued    references: Soft: 0, Weak: 0, Final: 0, Phantom: 0
[119.176s][info][gc          ] GC(167) Concurrent weak references 0.132ms
[119.176s][info][gc,start    ] GC(167) Concurrent weak roots
[119.176s][info][gc,task     ] GC(167) Using 1 of 3 workers for concurrent weak root
[119.177s][info][gc          ] GC(167) Concurrent weak roots 0.729ms
[119.177s][info][gc,start    ] GC(167) Concurrent cleanup
[119.177s][info][gc          ] GC(167) Concurrent cleanup 1080M->94M(4096M) 0.051ms
[119.177s][info][gc,ergo     ] GC(167) Free: 3795M, Max: 2048K regular, 1718M humongous, Frag: 55% external, 0% internal; Reserve: 206M, Max: 2048K
[119.177s][info][gc,start    ] GC(167) Concurrent class unloading
[119.177s][info][gc,task     ] GC(167) Using 1 of 3 workers for concurrent class unloading
[119.179s][info][gc          ] GC(167) Concurrent class unloading 2.169ms
[119.179s][info][gc,start    ] GC(167) Pause Final Roots
[119.179s][info][gc          ] GC(167) Pause Final Roots 0.040ms
[119.180s][info][gc,ergo     ] Free: 3789M, Max: 2048K regular, 1718M humongous, Frag: 55% external, 0% internal; Reserve: 206M, Max: 2048K
[119.180s][info][gc,stats    ] 
[119.180s][info][gc,stats    ] All times are wall-clock times, except per-root-class counters, that are sum over
[119.180s][info][gc,stats    ] all workers. Dividing the <total> over the root stage time estimates parallelism.
[119.180s][info][gc,stats    ] 
[119.180s][info][gc,stats    ] Concurrent Reset                    709 us
[119.180s][info][gc,stats    ] Pause Init Mark (G)                 384 us
[119.180s][info][gc,stats    ] Pause Init Mark (N)                 231 us
[119.180s][info][gc,stats    ]   Update Region States              101 us
[119.180s][info][gc,stats    ] Concurrent Mark Roots               828 us, parallelism: 0.83x
[119.180s][info][gc,stats    ]   CMR: <total>                      688 us
[119.180s][info][gc,stats    ]   CMR: Thread Roots                 613 us, workers (us): 613, ---, ---, 
[119.180s][info][gc,stats    ]   CMR: VM Strong Roots                7 us, workers (us):   7, ---, ---, 
[119.180s][info][gc,stats    ]   CMR: CLDG Roots                    68 us, workers (us):  68, ---, ---, 
[119.180s][info][gc,stats    ] Concurrent Marking                13679 us
[119.180s][info][gc,stats    ] Pause Final Mark (G)                241 us
[119.180s][info][gc,stats    ] Pause Final Mark (N)                174 us
[119.180s][info][gc,stats    ]   Finish Mark                        52 us
[119.180s][info][gc,stats    ]   Update Region States               28 us
[119.180s][info][gc,stats    ]   Choose Collection Set              25 us
[119.180s][info][gc,stats    ]   Rebuild Free Set                    8 us
[119.180s][info][gc,stats    ] Concurrent Weak References          140 us, parallelism: 0.14x
[119.180s][info][gc,stats    ]   CWRF: <total>                      20 us
[119.180s][info][gc,stats    ]   CWRF: Weak References              20 us, workers (us):  20, ---, ---, 
[119.180s][info][gc,stats    ] Concurrent Weak Roots               760 us
[119.180s][info][gc,stats    ]   Roots                             629 us, parallelism: 0.90x
[119.180s][info][gc,stats    ]     CWR: <total>                    565 us
[119.180s][info][gc,stats    ]     CWR: Code Cache Roots           447 us, workers (us): 447, ---, ---, 
[119.180s][info][gc,stats    ]     CWR: VM Weak Roots              110 us, workers (us): 110, ---, ---, 
[119.180s][info][gc,stats    ]     CWR: CLDG Roots                   9 us, workers (us):   9, ---, ---, 
[119.180s][info][gc,stats    ]   Rendezvous                         63 us
[119.180s][info][gc,stats    ] Concurrent Cleanup                   59 us
[119.180s][info][gc,stats    ] Concurrent Class Unloading         2217 us
[119.180s][info][gc,stats    ]   Unlink Stale                     1964 us
[119.180s][info][gc,stats    ]     System Dictionary                 5 us
[119.180s][info][gc,stats    ]     Weak Class Links                  0 us
[119.180s][info][gc,stats    ]     Code Roots                     1956 us
[119.180s][info][gc,stats    ]   Rendezvous                         86 us
[119.180s][info][gc,stats    ]   Purge Unlinked                    100 us
[119.180s][info][gc,stats    ]     Code Roots                       94 us
[119.180s][info][gc,stats    ]     CLDG                              6 us
[119.180s][info][gc,stats    ]     Exception Caches                  0 us
[119.180s][info][gc,stats    ] Pause Final Roots (G)               159 us
[119.180s][info][gc,stats    ] Pause Final Roots (N)                58 us
[119.180s][info][gc,stats    ] 
[119.180s][info][gc,stats    ] Allocation pacing accrued:
[119.180s][info][gc,stats    ]       0 of   476 ms (  0.0%): <total>
[119.180s][info][gc,stats    ]       0 of   476 ms (  0.0%): <average total>
[119.180s][info][gc,stats    ] 
[119.180s][info][gc,metaspace] Metaspace: 8999K(9216K)->8999K(9216K) NonClass: 7826K(7936K)->7826K(7936K) Class: 1172K(1280K)->1172K(1280K)
[119.180s][info][gc,ergo     ] Pacer for Idle. Initial: 83886K, Alloc Tax Rate: 1.0x
[119.631s][info][gc          ] Trigger: Learning 4 of 5. Free (2837M) is below initial threshold (2867M)
[119.631s][info][gc,ergo     ] Free: 2837M, Max: 2048K regular, 1718M humongous, Frag: 40% external, 0% internal; Reserve: 206M, Max: 2048K
[119.631s][info][gc,start    ] GC(168) Concurrent reset
[119.631s][info][gc,task     ] GC(168) Using 1 of 3 workers for concurrent reset
[119.631s][info][gc,ergo     ] GC(168) Pacer for Reset. Non-Taxable: 4096M
[119.631s][info][gc          ] GC(168) Concurrent reset 0.444ms
[119.632s][info][gc,start    ] GC(168) Pause Init Mark (unload classes)
[119.632s][info][gc,task     ] GC(168) Using 3 of 3 workers for init marking
[119.632s][info][gc,ergo     ] GC(168) Pacer for Mark. Expected Live: 9469K, Free: 2837M, Non-Taxable: 283M, Alloc Tax Rate: 0.0x
[119.632s][info][gc          ] GC(168) Pause Init Mark (unload classes) 0.217ms
[119.632s][info][gc,start    ] GC(168) Concurrent marking roots
[119.632s][info][gc,task     ] GC(168) Using 1 of 3 workers for concurrent marking roots
[119.632s][info][gc          ] GC(168) Concurrent marking roots 0.419ms
[119.632s][info][gc,start    ] GC(168) Concurrent marking (unload classes)
[119.632s][info][gc,task     ] GC(168) Using 1 of 3 workers for concurrent marking
[119.649s][info][gc          ] GC(168) Concurrent marking (unload classes) 16.988ms
[119.649s][info][gc,start    ] GC(168) Pause Final Mark (unload classes)
[119.649s][info][gc,task     ] GC(168) Using 3 of 3 workers for final marking
[119.650s][info][gc,ergo     ] GC(168) Collectable Garbage: 990M (95%), Immediate: 990M (95%), CSet: 0B (0%)
[119.650s][info][gc          ] GC(168) Pause Final Mark (unload classes) 0.300ms
[119.650s][info][gc,start    ] GC(168) Concurrent weak references
[119.650s][info][gc,task     ] GC(168) Using 1 of 3 workers for concurrent weak references
[119.650s][info][gc,ref      ] GC(168) Encountered references: Soft: 144, Weak: 702, Final: 0, Phantom: 27
[119.650s][info][gc,ref      ] GC(168) Discovered  references: Soft: 0, Weak: 150, Final: 0, Phantom: 25
[119.650s][info][gc,ref      ] GC(168) Enqueued    references: Soft: 0, Weak: 0, Final: 0, Phantom: 0
[119.650s][info][gc          ] GC(168) Concurrent weak references 0.154ms
[119.650s][info][gc,start    ] GC(168) Concurrent weak roots
[119.650s][info][gc,task     ] GC(168) Using 1 of 3 workers for concurrent weak root
[119.651s][info][gc          ] GC(168) Concurrent weak roots 0.716ms
[119.651s][info][gc,start    ] GC(168) Concurrent cleanup
[119.651s][info][gc          ] GC(168) Concurrent cleanup 1090M->100M(4096M) 0.044ms
[119.651s][info][gc,ergo     ] GC(168) Free: 3789M, Max: 2048K regular, 1708M humongous, Frag: 55% external, 0% internal; Reserve: 206M, Max: 2048K
[119.651s][info][gc,start    ] GC(168) Concurrent class unloading
[119.651s][info][gc,task     ] GC(168) Using 1 of 3 workers for concurrent class unloading
[119.653s][info][gc          ] GC(168) Concurrent class unloading 2.052ms
[119.653s][info][gc,start    ] GC(168) Pause Final Roots
[119.653s][info][gc          ] GC(168) Pause Final Roots 0.039ms
[119.653s][info][gc,ergo     ] Free: 3783M, Max: 2048K regular, 1708M humongous, Frag: 55% external, 0% internal; Reserve: 206M, Max: 2048K
[119.653s][info][gc,stats    ] 
[119.653s][info][gc,stats    ] All times are wall-clock times, except per-root-class counters, that are sum over
[119.653s][info][gc,stats    ] all workers. Dividing the <total> over the root stage time estimates parallelism.
[119.653s][info][gc,stats    ] 
[119.653s][info][gc,stats    ] Concurrent Reset                    479 us
[119.653s][info][gc,stats    ] Pause Init Mark (G)                 349 us
[119.653s][info][gc,stats    ] Pause Init Mark (N)                 236 us
[119.653s][info][gc,stats    ]   Update Region States               96 us
[119.653s][info][gc,stats    ] Concurrent Mark Roots               437 us, parallelism: 0.76x
[119.653s][info][gc,stats    ]   CMR: <total>                      334 us
[119.653s][info][gc,stats    ]   CMR: Thread Roots                 294 us, workers (us): 294, ---, ---, 
[119.653s][info][gc,stats    ]   CMR: VM Strong Roots                5 us, workers (us):   5, ---, ---, 
[119.653s][info][gc,stats    ]   CMR: CLDG Roots                    36 us, workers (us):  36, ---, ---, 
[119.653s][info][gc,stats    ] Concurrent Marking                17050 us
[119.653s][info][gc,stats    ] Pause Final Mark (G)                421 us
[119.653s][info][gc,stats    ] Pause Final Mark (N)                310 us
[119.653s][info][gc,stats    ]   Finish Mark                       107 us
[119.653s][info][gc,stats    ]   Update Region States               80 us
[119.653s][info][gc,stats    ]   Choose Collection Set              41 us
[119.653s][info][gc,stats    ]   Rebuild Free Set                    8 us
[119.653s][info][gc,stats    ] Concurrent Weak References          170 us, parallelism: 0.03x
[119.653s][info][gc,stats    ]   CWRF: <total>                       4 us
[119.653s][info][gc,stats    ]   CWRF: Weak References               4 us, workers (us):   4, ---, ---, 
[119.653s][info][gc,stats    ] Concurrent Weak Roots               735 us
[119.653s][info][gc,stats    ]   Roots                             599 us, parallelism: 0.88x
[119.653s][info][gc,stats    ]     CWR: <total>                    527 us
[119.653s][info][gc,stats    ]     CWR: Code Cache Roots           409 us, workers (us): 409, ---, ---, 
[119.653s][info][gc,stats    ]     CWR: VM Weak Roots              112 us, workers (us): 112, ---, ---, 
[119.653s][info][gc,stats    ]     CWR: CLDG Roots                   6 us, workers (us):   6, ---, ---, 
[119.653s][info][gc,stats    ]   Rendezvous                         86 us
[119.653s][info][gc,stats    ] Concurrent Cleanup                   52 us
[119.653s][info][gc,stats    ] Concurrent Class Unloading         2103 us
[119.653s][info][gc,stats    ]   Unlink Stale                     1758 us
[119.653s][info][gc,stats    ]     System Dictionary                 3 us
[119.653s][info][gc,stats    ]     Weak Class Links                  0 us
[119.653s][info][gc,stats    ]     Code Roots                     1754 us
[119.653s][info][gc,stats    ]   Rendezvous                        158 us
[119.654s][info][gc,stats    ]   Purge Unlinked                    117 us
[119.654s][info][gc,stats    ]     Code Roots                      107 us
[119.654s][info][gc,stats    ]     CLDG                              9 us
[119.654s][info][gc,stats    ]     Exception Caches                  0 us
[119.654s][info][gc,stats    ] Pause Final Roots (G)               166 us
[119.654s][info][gc,stats    ] Pause Final Roots (N)                57 us
[119.654s][info][gc,stats    ] 
[119.654s][info][gc,stats    ] Allocation pacing accrued:
[119.654s][info][gc,stats    ]       0 of   473 ms (  0.0%): <total>
[119.654s][info][gc,stats    ]       0 of   473 ms (  0.0%): <average total>
[119.654s][info][gc,stats    ] 
[119.654s][info][gc,metaspace] Metaspace: 8999K(9216K)->8999K(9216K) NonClass: 7826K(7936K)->7826K(7936K) Class: 1172K(1280K)->1172K(1280K)
[119.654s][info][gc,ergo     ] Pacer for Idle. Initial: 83886K, Alloc Tax Rate: 1.0x
[120.087s][info][gc          ] Trigger: Learning 5 of 5. Free (2851M) is below initial threshold (2867M)
[120.087s][info][gc,ergo     ] Free: 2851M, Max: 2048K regular, 1708M humongous, Frag: 41% external, 0% internal; Reserve: 206M, Max: 2048K
[120.087s][info][gc,start    ] GC(169) Concurrent reset
[120.087s][info][gc,task     ] GC(169) Using 1 of 3 workers for concurrent reset
[120.087s][info][gc,ergo     ] GC(169) Pacer for Reset. Non-Taxable: 4096M
[120.087s][info][gc          ] GC(169) Concurrent reset 0.476ms
[120.087s][info][gc,start    ] GC(169) Pause Init Mark (unload classes)
[120.088s][info][gc,task     ] GC(169) Using 3 of 3 workers for init marking
[120.088s][info][gc,ergo     ] GC(169) Pacer for Mark. Expected Live: 9463K, Free: 2851M, Non-Taxable: 285M, Alloc Tax Rate: 0.0x
[120.088s][info][gc          ] GC(169) Pause Init Mark (unload classes) 0.134ms
[120.088s][info][gc,start    ] GC(169) Concurrent marking roots
[120.088s][info][gc,task     ] GC(169) Using 1 of 3 workers for concurrent marking roots
[120.088s][info][gc          ] GC(169) Concurrent marking roots 0.699ms
[120.088s][info][gc,start    ] GC(169) Concurrent marking (unload classes)
[120.088s][info][gc,task     ] GC(169) Using 1 of 3 workers for concurrent marking
[120.109s][info][gc          ] GC(169) Concurrent marking (unload classes) 20.850ms
[120.109s][info][gc,start    ] GC(169) Pause Final Mark (unload classes)
[120.109s][info][gc,task     ] GC(169) Using 3 of 3 workers for final marking
[120.110s][info][gc,ergo     ] GC(169) Collectable Garbage: 958M (93%), Immediate: 958M (93%), CSet: 0B (0%)
[120.110s][info][gc          ] GC(169) Pause Final Mark (unload classes) 0.260ms
[120.110s][info][gc,start    ] GC(169) Concurrent weak references
[120.110s][info][gc,task     ] GC(169) Using 1 of 3 workers for concurrent weak references
[120.110s][info][gc,ref      ] GC(169) Encountered references: Soft: 144, Weak: 702, Final: 0, Phantom: 27
[120.110s][info][gc,ref      ] GC(169) Discovered  references: Soft: 0, Weak: 150, Final: 0, Phantom: 25
[120.110s][info][gc,ref      ] GC(169) Enqueued    references: Soft: 0, Weak: 0, Final: 0, Phantom: 0
[120.110s][info][gc          ] GC(169) Concurrent weak references 0.224ms
[120.110s][info][gc,start    ] GC(169) Concurrent weak roots
[120.110s][info][gc,task     ] GC(169) Using 1 of 3 workers for concurrent weak root
[120.110s][info][gc          ] GC(169) Concurrent weak roots 0.573ms
[120.111s][info][gc,start    ] GC(169) Concurrent cleanup
[120.111s][info][gc          ] GC(169) Concurrent cleanup 1084M->126M(4096M) 0.043ms
[120.111s][info][gc,ergo     ] GC(169) Free: 3763M, Max: 2048K regular, 1724M humongous, Frag: 55% external, 0% internal; Reserve: 206M, Max: 2048K
[120.111s][info][gc,start    ] GC(169) Concurrent class unloading
[120.111s][info][gc,task     ] GC(169) Using 1 of 3 workers for concurrent class unloading
[120.113s][info][gc          ] GC(169) Concurrent class unloading 2.087ms
[120.113s][info][gc,start    ] GC(169) Pause Final Roots
[120.113s][info][gc          ] GC(169) Pause Final Roots 0.015ms
[120.113s][info][gc,ergo     ] Free: 3761M, Max: 2048K regular, 1724M humongous, Frag: 55% external, 0% internal; Reserve: 206M, Max: 2048K
[120.113s][info][gc,stats    ] 
[120.113s][info][gc,stats    ] All times are wall-clock times, except per-root-class counters, that are sum over
[120.113s][info][gc,stats    ] all workers. Dividing the <total> over the root stage time estimates parallelism.
[120.113s][info][gc,stats    ] 
[120.113s][info][gc,stats    ] Concurrent Reset                    512 us
[120.113s][info][gc,stats    ] Pause Init Mark (G)                 254 us
[120.113s][info][gc,stats    ] Pause Init Mark (N)                 143 us
[120.113s][info][gc,stats    ]   Update Region States               55 us
[120.113s][info][gc,stats    ] Concurrent Mark Roots               708 us, parallelism: 0.88x
[120.113s][info][gc,stats    ]   CMR: <total>                      623 us
[120.113s][info][gc,stats    ]   CMR: Thread Roots                 552 us, workers (us): 552, ---, ---, 
[120.113s][info][gc,stats    ]   CMR: VM Strong Roots                6 us, workers (us):   6, ---, ---, 
[120.113s][info][gc,stats    ]   CMR: CLDG Roots                    64 us, workers (us):  64, ---, ---, 
[120.113s][info][gc,stats    ] Concurrent Marking                20914 us
[120.113s][info][gc,stats    ] Pause Final Mark (G)                380 us
[120.113s][info][gc,stats    ] Pause Final Mark (N)                277 us
[120.113s][info][gc,stats    ]   Finish Mark                        78 us
[120.113s][info][gc,stats    ]   Update Region States               49 us
[120.113s][info][gc,stats    ]   Choose Collection Set              48 us
[120.113s][info][gc,stats    ]   Rebuild Free Set                   17 us
[120.113s][info][gc,stats    ] Concurrent Weak References          241 us, parallelism: 0.04x
[120.113s][info][gc,stats    ]   CWRF: <total>                      10 us
[120.113s][info][gc,stats    ]   CWRF: Weak References              10 us, workers (us):  10, ---, ---, 
[120.113s][info][gc,stats    ] Concurrent Weak Roots               591 us
[120.113s][info][gc,stats    ]   Roots                             485 us, parallelism: 0.88x
[120.113s][info][gc,stats    ]     CWR: <total>                    427 us
[120.113s][info][gc,stats    ]     CWR: Code Cache Roots           359 us, workers (us): 359, ---, ---, 
[120.113s][info][gc,stats    ]     CWR: VM Weak Roots               63 us, workers (us):  63, ---, ---, 
[120.113s][info][gc,stats    ]     CWR: CLDG Roots                   6 us, workers (us):   6, ---, ---, 
[120.113s][info][gc,stats    ]   Rendezvous                         55 us
[120.113s][info][gc,stats    ] Concurrent Cleanup                   51 us
[120.113s][info][gc,stats    ] Concurrent Class Unloading         2138 us
[120.113s][info][gc,stats    ]   Unlink Stale                     1917 us
[120.113s][info][gc,stats    ]     System Dictionary                 3 us
[120.113s][info][gc,stats    ]     Weak Class Links                  0 us
[120.113s][info][gc,stats    ]     Code Roots                     1913 us
[120.113s][info][gc,stats    ]   Rendezvous                         42 us
[120.113s][info][gc,stats    ]   Purge Unlinked                    110 us
[120.113s][info][gc,stats    ]     Code Roots                      101 us
[120.113s][info][gc,stats    ]     CLDG                              9 us
[120.113s][info][gc,stats    ]     Exception Caches                  0 us
[120.113s][info][gc,stats    ] Pause Final Roots (G)               115 us
[120.113s][info][gc,stats    ] Pause Final Roots (N)                23 us
[120.113s][info][gc,stats    ] 
[120.113s][info][gc,stats    ] Allocation pacing accrued:
[120.113s][info][gc,stats    ]       0 of   460 ms (  0.0%): <total>
[120.113s][info][gc,stats    ]       0 of   460 ms (  0.0%): <average total>
[120.113s][info][gc,stats    ] 
[120.113s][info][gc,metaspace] Metaspace: 8999K(9216K)->8999K(9216K) NonClass: 7826K(7936K)->7826K(7936K) Class: 1172K(1280K)->1172K(1280K)
[120.113s][info][gc,ergo     ] Pacer for Idle. Initial: 83886K, Alloc Tax Rate: 1.0x
[121.750s][info][gc          ] Trigger: Explicit GC request (System.gc())
[121.750s][info][gc,ergo     ] Free: 959M, Max: 2048K regular, 954M humongous, Frag: 1% external, 0% internal; Reserve: 206M, Max: 2048K
[121.750s][info][gc,start    ] GC(170) Concurrent reset
[121.750s][info][gc,task     ] GC(170) Using 1 of 3 workers for concurrent reset
[121.750s][info][gc,ergo     ] GC(170) Pacer for Reset. Non-Taxable: 4096M
[121.751s][info][gc          ] GC(170) Concurrent reset 0.723ms
[121.751s][info][gc,start    ] GC(170) Pause Init Mark (unload classes)
[121.751s][info][gc,task     ] GC(170) Using 3 of 3 workers for init marking
[121.751s][info][gc,ref      ] GC(170) Clearing All SoftReferences
[121.751s][info][gc,ergo     ] GC(170) Pacer for Mark. Expected Live: 9465K, Free: 959M, Non-Taxable: 98302K, Alloc Tax Rate: 0.0x
[121.751s][info][gc          ] GC(170) Pause Init Mark (unload classes) 0.121ms
[121.751s][info][gc,start    ] GC(170) Concurrent marking roots
[121.751s][info][gc,task     ] GC(170) Using 1 of 3 workers for concurrent marking roots
[121.751s][info][gc          ] GC(170) Concurrent marking roots 0.412ms
[121.751s][info][gc,start    ] GC(170) Concurrent marking (unload classes)
[121.751s][info][gc,task     ] GC(170) Using 1 of 3 workers for concurrent marking
[121.755s][info][gc          ] GC(170) Concurrent marking (unload classes) 3.491ms
[121.755s][info][gc,start    ] GC(170) Pause Final Mark (unload classes)
[121.755s][info][gc,task     ] GC(170) Using 3 of 3 workers for final marking
[121.755s][info][gc,ergo     ] GC(170) Collectable Garbage: 2892M (98%), Immediate: 2892M (98%), CSet: 0B (0%)
[121.755s][info][gc          ] GC(170) Pause Final Mark (unload classes) 0.183ms
[121.755s][info][gc,start    ] GC(170) Concurrent weak references
[121.755s][info][gc,task     ] GC(170) Using 1 of 3 workers for concurrent weak references
[121.755s][info][gc,ref      ] GC(170) Encountered references: Soft: 144, Weak: 702, Final: 0, Phantom: 27
[121.755s][info][gc,ref      ] GC(170) Discovered  references: Soft: 88, Weak: 168, Final: 0, Phantom: 25
[121.755s][info][gc,ref      ] GC(170) Enqueued    references: Soft: 3, Weak: 0, Final: 0, Phantom: 0
[121.755s][info][gc          ] GC(170) Concurrent weak references 0.165ms
[121.755s][info][gc,start    ] GC(170) Concurrent weak roots
[121.755s][info][gc,task     ] GC(170) Using 1 of 3 workers for concurrent weak root
[121.756s][info][gc          ] GC(170) Concurrent weak roots 0.614ms
[121.756s][info][gc,start    ] GC(170) Concurrent cleanup
[121.756s][info][gc          ] GC(170) Concurrent cleanup 2930M->38M(4096M) 0.087ms
[121.756s][info][gc,ergo     ] GC(170) Free: 3851M, Max: 2048K regular, 2720M humongous, Frag: 30% external, 0% internal; Reserve: 206M, Max: 2048K
[121.756s][info][gc,start    ] GC(170) Concurrent class unloading
[121.756s][info][gc,task     ] GC(170) Using 1 of 3 workers for concurrent class unloading
[121.758s][info][gc          ] GC(170) Concurrent class unloading 1.830ms
[121.758s][info][gc,start    ] GC(170) Pause Final Roots
[121.758s][info][gc          ] GC(170) Pause Final Roots 0.025ms
[121.758s][info][gc,ergo     ] Free: 3851M, Max: 2048K regular, 2720M humongous, Frag: 30% external, 0% internal; Reserve: 206M, Max: 2048K
[121.758s][info][gc,stats    ] 
[121.758s][info][gc,stats    ] All times are wall-clock times, except per-root-class counters, that are sum over
[121.758s][info][gc,stats    ] all workers. Dividing the <total> over the root stage time estimates parallelism.
[121.758s][info][gc,stats    ] 
[121.758s][info][gc,stats    ] Concurrent Reset                    795 us
[121.758s][info][gc,stats    ] Pause Init Mark (G)                 195 us
[121.758s][info][gc,stats    ] Pause Init Mark (N)                 129 us
[121.758s][info][gc,stats    ]   Update Region States               48 us
[121.758s][info][gc,stats    ] Concurrent Mark Roots               431 us, parallelism: 0.74x
[121.758s][info][gc,stats    ]   CMR: <total>                      318 us
[121.758s][info][gc,stats    ]   CMR: Thread Roots                 278 us, workers (us): 278, ---, ---, 
[121.758s][info][gc,stats    ]   CMR: VM Strong Roots                5 us, workers (us):   5, ---, ---, 
[121.758s][info][gc,stats    ]   CMR: CLDG Roots                    35 us, workers (us):  35, ---, ---, 
[121.758s][info][gc,stats    ] Concurrent Marking                 3546 us
[121.758s][info][gc,stats    ] Pause Final Mark (G)                245 us
[121.758s][info][gc,stats    ] Pause Final Mark (N)                191 us
[121.758s][info][gc,stats    ]   Finish Mark                        76 us
[121.758s][info][gc,stats    ]   Update Region States               38 us
[121.758s][info][gc,stats    ]   Choose Collection Set              40 us
[121.758s][info][gc,stats    ]   Rebuild Free Set                    7 us
[121.758s][info][gc,stats    ] Concurrent Weak References          181 us, parallelism: 0.05x
[121.758s][info][gc,stats    ]   CWRF: <total>                       8 us
[121.758s][info][gc,stats    ]   CWRF: Weak References               8 us, workers (us):   8, ---, ---, 
[121.758s][info][gc,stats    ] Concurrent Weak Roots               633 us
[121.758s][info][gc,stats    ]   Roots                             520 us, parallelism: 0.86x
[121.758s][info][gc,stats    ]     CWR: <total>                    447 us
[121.758s][info][gc,stats    ]     CWR: Code Cache Roots           334 us, workers (us): 334, ---, ---, 
[121.758s][info][gc,stats    ]     CWR: VM Weak Roots              109 us, workers (us): 109, ---, ---, 
[121.758s][info][gc,stats    ]     CWR: CLDG Roots                   5 us, workers (us):   5, ---, ---, 
[121.758s][info][gc,stats    ]   Rendezvous                         62 us
[121.758s][info][gc,stats    ] Concurrent Cleanup                   95 us
[121.758s][info][gc,stats    ] Concurrent Class Unloading         1880 us
[121.759s][info][gc,stats    ]   Unlink Stale                     1661 us
[121.759s][info][gc,stats    ]     System Dictionary                 3 us
[121.759s][info][gc,stats    ]     Weak Class Links                  0 us
[121.759s][info][gc,stats    ]     Code Roots                     1657 us
[121.759s][info][gc,stats    ]   Rendezvous                         42 us
[121.759s][info][gc,stats    ]   Purge Unlinked                    108 us
[121.759s][info][gc,stats    ]     Code Roots                       99 us
[121.759s][info][gc,stats    ]     CLDG                              8 us
[121.759s][info][gc,stats    ]     Exception Caches                  0 us
[121.759s][info][gc,stats    ] Pause Final Roots (G)                65 us
[121.759s][info][gc,stats    ] Pause Final Roots (N)                33 us
[121.759s][info][gc,stats    ] 
[121.759s][info][gc,stats    ] Allocation pacing accrued:
[121.759s][info][gc,stats    ]       0 of  1645 ms (  0.0%): <total>
[121.759s][info][gc,stats    ]       0 of  1645 ms (  0.0%): <average total>
[121.759s][info][gc,stats    ] 
[121.759s][info][gc,metaspace] Metaspace: 8999K(9216K)->8999K(9216K) NonClass: 7826K(7936K)->7826K(7936K) Class: 1172K(1280K)->1172K(1280K)
[121.759s][info][gc,ergo     ] Pacer for Idle. Initial: 83886K, Alloc Tax Rate: 1.0x
[122.221s][info][gc          ] Trigger: Learning 2 of 5. Free (2855M) is below initial threshold (2867M)
[122.221s][info][gc,ergo     ] Free: 2855M, Max: 2048K regular, 1766M humongous, Frag: 39% external, 0% internal; Reserve: 206M, Max: 2048K
[122.221s][info][gc,start    ] GC(171) Concurrent reset
[122.221s][info][gc,task     ] GC(171) Using 1 of 3 workers for concurrent reset
[122.221s][info][gc,ergo     ] GC(171) Pacer for Reset. Non-Taxable: 4096M
[122.221s][info][gc          ] GC(171) Concurrent reset 0.373ms
[122.221s][info][gc,start    ] GC(171) Pause Init Mark (unload classes)
[122.222s][info][gc,task     ] GC(171) Using 3 of 3 workers for init marking
[122.222s][info][gc,ergo     ] GC(171) Pacer for Mark. Expected Live: 9465K, Free: 2853M, Non-Taxable: 285M, Alloc Tax Rate: 0.0x
[122.222s][info][gc          ] GC(171) Pause Init Mark (unload classes) 0.188ms
[122.222s][info][gc,start    ] GC(171) Concurrent marking roots
[122.222s][info][gc,task     ] GC(171) Using 1 of 3 workers for concurrent marking roots
[122.222s][info][gc          ] GC(171) Concurrent marking roots 0.402ms
[122.222s][info][gc,start    ] GC(171) Concurrent marking (unload classes)
[122.222s][info][gc,task     ] GC(171) Using 1 of 3 workers for concurrent marking
[122.230s][info][gc          ] GC(171) Concurrent marking (unload classes) 7.956ms
[122.230s][info][gc,start    ] GC(171) Pause Final Mark (unload classes)
[122.230s][info][gc,task     ] GC(171) Using 3 of 3 workers for final marking
[122.231s][info][gc,ergo     ] GC(171) Collectable Garbage: 978M (94%), Immediate: 978M (94%), CSet: 0B (0%)
[122.231s][info][gc          ] GC(171) Pause Final Mark (unload classes) 0.323ms
[122.231s][info][gc,start    ] GC(171) Concurrent weak references
[122.231s][info][gc,task     ] GC(171) Using 1 of 3 workers for concurrent weak references
[122.231s][info][gc,ref      ] GC(171) Encountered references: Soft: 144, Weak: 702, Final: 0, Phantom: 27
[122.231s][info][gc,ref      ] GC(171) Discovered  references: Soft: 0, Weak: 150, Final: 0, Phantom: 25
[122.231s][info][gc,ref      ] GC(171) Enqueued    references: Soft: 0, Weak: 0, Final: 0, Phantom: 0
[122.231s][info][gc          ] GC(171) Concurrent weak references 0.092ms
[122.231s][info][gc,start    ] GC(171) Concurrent weak roots
[122.231s][info][gc,task     ] GC(171) Using 1 of 3 workers for concurrent weak root
[122.231s][info][gc          ] GC(171) Concurrent weak roots 0.563ms
[122.231s][info][gc,start    ] GC(171) Concurrent cleanup
[122.231s][info][gc          ] GC(171) Concurrent cleanup 1056M->78M(4096M) 0.045ms
[122.231s][info][gc,ergo     ] GC(171) Free: 3811M, Max: 2048K regular, 1744M humongous, Frag: 55% external, 0% internal; Reserve: 206M, Max: 2048K
[122.231s][info][gc,start    ] GC(171) Concurrent class unloading
[122.231s][info][gc,task     ] GC(171) Using 1 of 3 workers for concurrent class unloading
[122.233s][info][gc          ] GC(171) Concurrent class unloading 1.839ms
[122.233s][info][gc,start    ] GC(171) Pause Final Roots
[122.233s][info][gc          ] GC(171) Pause Final Roots 0.023ms
[122.233s][info][gc,ergo     ] Free: 3807M, Max: 2048K regular, 1744M humongous, Frag: 55% external, 0% internal; Reserve: 206M, Max: 2048K
[122.233s][info][gc,stats    ] 
[122.233s][info][gc,stats    ] All times are wall-clock times, except per-root-class counters, that are sum over
[122.233s][info][gc,stats    ] all workers. Dividing the <total> over the root stage time estimates parallelism.
[122.233s][info][gc,stats    ] 
[122.233s][info][gc,stats    ] Concurrent Reset                    414 us
[122.233s][info][gc,stats    ] Pause Init Mark (G)                 380 us
[122.233s][info][gc,stats    ] Pause Init Mark (N)                 205 us
[122.233s][info][gc,stats    ]   Update Region States               65 us
[122.233s][info][gc,stats    ] Concurrent Mark Roots               419 us, parallelism: 0.79x
[122.234s][info][gc,stats    ]   CMR: <total>                      333 us
[122.234s][info][gc,stats    ]   CMR: Thread Roots                 295 us, workers (us): 295, ---, ---, 
[122.234s][info][gc,stats    ]   CMR: VM Strong Roots                4 us, workers (us):   4, ---, ---, 
[122.234s][info][gc,stats    ]   CMR: CLDG Roots                    34 us, workers (us):  34, ---, ---, 
[122.234s][info][gc,stats    ] Concurrent Marking                 8015 us
[122.234s][info][gc,stats    ] Pause Final Mark (G)                452 us
[122.234s][info][gc,stats    ] Pause Final Mark (N)                343 us
[122.234s][info][gc,stats    ]   Finish Mark                       123 us
[122.234s][info][gc,stats    ]   Update Region States               59 us
[122.234s][info][gc,stats    ]   Choose Collection Set              62 us
[122.234s][info][gc,stats    ]   Rebuild Free Set                   16 us
[122.234s][info][gc,stats    ] Concurrent Weak References           99 us, parallelism: 0.08x
[122.234s][info][gc,stats    ]   CWRF: <total>                       7 us
[122.234s][info][gc,stats    ]   CWRF: Weak References               7 us, workers (us):   7, ---, ---, 
[122.234s][info][gc,stats    ] Concurrent Weak Roots               582 us
[122.234s][info][gc,stats    ]   Roots                             461 us, parallelism: 0.89x
[122.234s][info][gc,stats    ]     CWR: <total>                    410 us
[122.234s][info][gc,stats    ]     CWR: Code Cache Roots           344 us, workers (us): 344, ---, ---, 
[122.234s][info][gc,stats    ]     CWR: VM Weak Roots               61 us, workers (us):  61, ---, ---, 
[122.234s][info][gc,stats    ]     CWR: CLDG Roots                   5 us, workers (us):   5, ---, ---, 
[122.234s][info][gc,stats    ]   Rendezvous                         87 us
[122.234s][info][gc,stats    ] Concurrent Cleanup                   53 us
[122.234s][info][gc,stats    ] Concurrent Class Unloading         1874 us
[122.234s][info][gc,stats    ]   Unlink Stale                     1687 us
[122.234s][info][gc,stats    ]     System Dictionary                 2 us
[122.234s][info][gc,stats    ]     Weak Class Links                  0 us
[122.234s][info][gc,stats    ]     Code Roots                     1684 us
[122.234s][info][gc,stats    ]   Rendezvous                         62 us
[122.234s][info][gc,stats    ]   Purge Unlinked                     73 us
[122.234s][info][gc,stats    ]     Code Roots                       67 us
[122.234s][info][gc,stats    ]     CLDG                              5 us
[122.234s][info][gc,stats    ]     Exception Caches                  0 us
[122.234s][info][gc,stats    ] Pause Final Roots (G)               109 us
[122.234s][info][gc,stats    ] Pause Final Roots (N)                31 us
[122.234s][info][gc,stats    ] 
[122.234s][info][gc,stats    ] Allocation pacing accrued:
[122.234s][info][gc,stats    ]       0 of   475 ms (  0.0%): <total>
[122.234s][info][gc,stats    ]       0 of   475 ms (  0.0%): <average total>
[122.234s][info][gc,stats    ] 
[122.234s][info][gc,metaspace] Metaspace: 9000K(9216K)->9000K(9216K) NonClass: 7827K(7936K)->7827K(7936K) Class: 1172K(1280K)->1172K(1280K)
[122.234s][info][gc,ergo     ] Pacer for Idle. Initial: 83886K, Alloc Tax Rate: 1.0x
[122.692s][info][gc          ] Trigger: Learning 3 of 5. Free (2835M) is below initial threshold (2867M)
[122.692s][info][gc,ergo     ] Free: 2835M, Max: 2048K regular, 1744M humongous, Frag: 39% external, 0% internal; Reserve: 206M, Max: 2048K
[122.692s][info][gc,start    ] GC(172) Concurrent reset
[122.692s][info][gc,task     ] GC(172) Using 1 of 3 workers for concurrent reset
[122.692s][info][gc,ergo     ] GC(172) Pacer for Reset. Non-Taxable: 4096M
[122.693s][info][gc          ] GC(172) Concurrent reset 0.628ms
[122.693s][info][gc,start    ] GC(172) Pause Init Mark (unload classes)
[122.693s][info][gc,task     ] GC(172) Using 3 of 3 workers for init marking
[122.693s][info][gc,ergo     ] GC(172) Pacer for Mark. Expected Live: 9460K, Free: 2833M, Non-Taxable: 283M, Alloc Tax Rate: 0.0x
[122.693s][info][gc          ] GC(172) Pause Init Mark (unload classes) 0.236ms
[122.693s][info][gc,start    ] GC(172) Concurrent marking roots
[122.694s][info][gc,task     ] GC(172) Using 1 of 3 workers for concurrent marking roots
[122.694s][info][gc          ] GC(172) Concurrent marking roots 0.736ms
[122.694s][info][gc,start    ] GC(172) Concurrent marking (unload classes)
[122.694s][info][gc,task     ] GC(172) Using 1 of 3 workers for concurrent marking
[122.707s][info][gc          ] GC(172) Concurrent marking (unload classes) 12.931ms
[122.707s][info][gc,start    ] GC(172) Pause Final Mark (unload classes)
[122.707s][info][gc,task     ] GC(172) Using 3 of 3 workers for final marking
[122.708s][info][gc,ergo     ] GC(172) Collectable Garbage: 996M (95%), Immediate: 996M (95%), CSet: 0B (0%)
[122.708s][info][gc          ] GC(172) Pause Final Mark (unload classes) 0.383ms
[122.708s][info][gc,start    ] GC(172) Concurrent weak references
[122.708s][info][gc,task     ] GC(172) Using 1 of 3 workers for concurrent weak references
[122.708s][info][gc,ref      ] GC(172) Encountered references: Soft: 144, Weak: 702, Final: 0, Phantom: 27
[122.708s][info][gc,ref      ] GC(172) Discovered  references: Soft: 0, Weak: 150, Final: 0, Phantom: 12
[122.708s][info][gc,ref      ] GC(172) Enqueued    references: Soft: 0, Weak: 0, Final: 0, Phantom: 0
[122.708s][info][gc          ] GC(172) Concurrent weak references 0.113ms
[122.708s][info][gc,start    ] GC(172) Concurrent weak roots
[122.708s][info][gc,task     ] GC(172) Using 1 of 3 workers for concurrent weak root
[122.709s][info][gc          ] GC(172) Concurrent weak roots 0.656ms
[122.709s][info][gc,start    ] GC(172) Concurrent cleanup
[122.709s][info][gc          ] GC(172) Concurrent cleanup 1086M->90M(4096M) 0.046ms
[122.709s][info][gc,ergo     ] GC(172) Free: 3799M, Max: 2048K regular, 1712M humongous, Frag: 55% external, 0% internal; Reserve: 206M, Max: 2048K
[122.709s][info][gc,start    ] GC(172) Concurrent class unloading
[122.709s][info][gc,task     ] GC(172) Using 1 of 3 workers for concurrent class unloading
[122.711s][info][gc          ] GC(172) Concurrent class unloading 1.978ms
[122.711s][info][gc,start    ] GC(172) Pause Final Roots
[122.711s][info][gc          ] GC(172) Pause Final Roots 0.024ms
[122.711s][info][gc,ergo     ] Free: 3793M, Max: 2048K regular, 1712M humongous, Frag: 55% external, 0% internal; Reserve: 206M, Max: 2048K
[122.711s][info][gc,stats    ] 
[122.711s][info][gc,stats    ] All times are wall-clock times, except per-root-class counters, that are sum over
[122.711s][info][gc,stats    ] all workers. Dividing the <total> over the root stage time estimates parallelism.
[122.711s][info][gc,stats    ] 
[122.711s][info][gc,stats    ] Concurrent Reset                    695 us
[122.711s][info][gc,stats    ] Pause Init Mark (G)                 383 us
[122.711s][info][gc,stats    ] Pause Init Mark (N)                 255 us
[122.711s][info][gc,stats    ]   Update Region States              107 us
[122.711s][info][gc,stats    ] Concurrent Mark Roots               759 us, parallelism: 0.83x
[122.711s][info][gc,stats    ]   CMR: <total>                      633 us
[122.711s][info][gc,stats    ]   CMR: Thread Roots                 563 us, workers (us): 563, ---, ---, 
[122.711s][info][gc,stats    ]   CMR: VM Strong Roots                7 us, workers (us):   7, ---, ---, 
[122.711s][info][gc,stats    ]   CMR: CLDG Roots                    64 us, workers (us):  64, ---, ---, 
[122.711s][info][gc,stats    ] Concurrent Marking                12991 us
[122.711s][info][gc,stats    ] Pause Final Mark (G)                510 us
[122.711s][info][gc,stats    ] Pause Final Mark (N)                404 us
[122.711s][info][gc,stats    ]   Finish Mark                       108 us
[122.711s][info][gc,stats    ]   Update Region States               89 us
[122.711s][info][gc,stats    ]   Choose Collection Set             106 us
[122.711s][info][gc,stats    ]   Rebuild Free Set                   17 us
[122.711s][info][gc,stats    ] Concurrent Weak References          120 us, parallelism: 0.04x
[122.711s][info][gc,stats    ]   CWRF: <total>                       5 us
[122.711s][info][gc,stats    ]   CWRF: Weak References               5 us, workers (us):   5, ---, ---, 
[122.711s][info][gc,stats    ] Concurrent Weak Roots               679 us
[122.711s][info][gc,stats    ]   Roots                             554 us, parallelism: 0.90x
[122.711s][info][gc,stats    ]     CWR: <total>                    496 us
[122.711s][info][gc,stats    ]     CWR: Code Cache Roots           377 us, workers (us): 377, ---, ---, 
[122.711s][info][gc,stats    ]     CWR: VM Weak Roots              114 us, workers (us): 114, ---, ---, 
[122.711s][info][gc,stats    ]     CWR: CLDG Roots                   5 us, workers (us):   5, ---, ---, 
[122.711s][info][gc,stats    ]   Rendezvous                         86 us
[122.711s][info][gc,stats    ] Concurrent Cleanup                   54 us
[122.711s][info][gc,stats    ] Concurrent Class Unloading         2032 us
[122.711s][info][gc,stats    ]   Unlink Stale                     1738 us
[122.711s][info][gc,stats    ]     System Dictionary                 3 us
[122.711s][info][gc,stats    ]     Weak Class Links                  0 us
[122.711s][info][gc,stats    ]     Code Roots                     1733 us
[122.711s][info][gc,stats    ]   Rendezvous                         58 us
[122.711s][info][gc,stats    ]   Purge Unlinked                    158 us
[122.711s][info][gc,stats    ]     Code Roots                      146 us
[122.711s][info][gc,stats    ]     CLDG                             11 us
[122.711s][info][gc,stats    ]     Exception Caches                  0 us
[122.711s][info][gc,stats    ] Pause Final Roots (G)               119 us
[122.711s][info][gc,stats    ] Pause Final Roots (N)                32 us
[122.711s][info][gc,stats    ] 
[122.711s][info][gc,stats    ] Allocation pacing accrued:
[122.711s][info][gc,stats    ]       0 of   477 ms (  0.0%): <total>
[122.711s][info][gc,stats    ]       0 of   477 ms (  0.0%): <average total>
[122.711s][info][gc,stats    ] 
[122.711s][info][gc,metaspace] Metaspace: 9000K(9216K)->9000K(9216K) NonClass: 7827K(7936K)->7827K(7936K) Class: 1172K(1280K)->1172K(1280K)
[122.712s][info][gc,ergo     ] Pacer for Idle. Initial: 83886K, Alloc Tax Rate: 1.0x
[123.164s][info][gc          ] Trigger: Learning 4 of 5. Free (2843M) is below initial threshold (2867M)
[123.164s][info][gc,ergo     ] Free: 2843M, Max: 2048K regular, 1712M humongous, Frag: 40% external, 0% internal; Reserve: 206M, Max: 2048K
[123.164s][info][gc,start    ] GC(173) Concurrent reset
[123.164s][info][gc,task     ] GC(173) Using 1 of 3 workers for concurrent reset
[123.164s][info][gc,ergo     ] GC(173) Pacer for Reset. Non-Taxable: 4096M
[123.164s][info][gc          ] GC(173) Concurrent reset 0.365ms
[123.164s][info][gc,start    ] GC(173) Pause Init Mark (unload classes)
[123.164s][info][gc,task     ] GC(173) Using 3 of 3 workers for init marking
[123.165s][info][gc,ergo     ] GC(173) Pacer for Mark. Expected Live: 9460K, Free: 2843M, Non-Taxable: 284M, Alloc Tax Rate: 0.0x
[123.165s][info][gc          ] GC(173) Pause Init Mark (unload classes) 0.082ms
[123.165s][info][gc,start    ] GC(173) Concurrent marking roots
[123.165s][info][gc,task     ] GC(173) Using 1 of 3 workers for concurrent marking roots
[123.165s][info][gc          ] GC(173) Concurrent marking roots 0.489ms
[123.165s][info][gc,start    ] GC(173) Concurrent marking (unload classes)
[123.165s][info][gc,task     ] GC(173) Using 1 of 3 workers for concurrent marking
[123.183s][info][gc          ] GC(173) Concurrent marking (unload classes) 17.573ms
[123.183s][info][gc,start    ] GC(173) Pause Final Mark (unload classes)
[123.183s][info][gc,task     ] GC(173) Using 3 of 3 workers for final marking
[123.183s][info][gc,ergo     ] GC(173) Collectable Garbage: 988M (95%), Immediate: 988M (95%), CSet: 0B (0%)
[123.183s][info][gc          ] GC(173) Pause Final Mark (unload classes) 0.341ms
[123.183s][info][gc,start    ] GC(173) Concurrent weak references
[123.183s][info][gc,task     ] GC(173) Using 1 of 3 workers for concurrent weak references
[123.183s][info][gc,ref      ] GC(173) Encountered references: Soft: 144, Weak: 702, Final: 0, Phantom: 27
[123.183s][info][gc,ref      ] GC(173) Discovered  references: Soft: 0, Weak: 150, Final: 0, Phantom: 12
[123.183s][info][gc,ref      ] GC(173) Enqueued    references: Soft: 0, Weak: 0, Final: 0, Phantom: 0
[123.183s][info][gc          ] GC(173) Concurrent weak references 0.165ms
[123.183s][info][gc,start    ] GC(173) Concurrent weak roots
[123.183s][info][gc,task     ] GC(173) Using 1 of 3 workers for concurrent weak root
[123.184s][info][gc          ] GC(173) Concurrent weak roots 0.569ms
[123.184s][info][gc,start    ] GC(173) Concurrent cleanup
[123.184s][info][gc          ] GC(173) Concurrent cleanup 1086M->98M(4096M) 0.043ms
[123.184s][info][gc,ergo     ] GC(173) Free: 3791M, Max: 2048K regular, 1744M humongous, Frag: 54% external, 0% internal; Reserve: 206M, Max: 2048K
[123.184s][info][gc,start    ] GC(173) Concurrent class unloading
[123.184s][info][gc,task     ] GC(173) Using 1 of 3 workers for concurrent class unloading
[123.187s][info][gc          ] GC(173) Concurrent class unloading 2.539ms
[123.187s][info][gc,start    ] GC(173) Pause Final Roots
[123.187s][info][gc          ] GC(173) Pause Final Roots 0.039ms
[123.187s][info][gc,ergo     ] Free: 3785M, Max: 2048K regular, 1744M humongous, Frag: 54% external, 0% internal; Reserve: 206M, Max: 2048K
[123.187s][info][gc,stats    ] 
[123.187s][info][gc,stats    ] All times are wall-clock times, except per-root-class counters, that are sum over
[123.187s][info][gc,stats    ] all workers. Dividing the <total> over the root stage time estimates parallelism.
[123.187s][info][gc,stats    ] 
[123.187s][info][gc,stats    ] Concurrent Reset                    404 us
[123.187s][info][gc,stats    ] Pause Init Mark (G)                 180 us
[123.187s][info][gc,stats    ] Pause Init Mark (N)                  91 us
[123.187s][info][gc,stats    ]   Update Region States               48 us
[123.187s][info][gc,stats    ] Concurrent Mark Roots               512 us, parallelism: 0.74x
[123.187s][info][gc,stats    ]   CMR: <total>                      378 us
[123.187s][info][gc,stats    ]   CMR: Thread Roots                 330 us, workers (us): 330, ---, ---, 
[123.187s][info][gc,stats    ]   CMR: VM Strong Roots                9 us, workers (us):   9, ---, ---, 
[123.187s][info][gc,stats    ]   CMR: CLDG Roots                    39 us, workers (us):  39, ---, ---, 
[123.187s][info][gc,stats    ] Concurrent Marking                17639 us
[123.187s][info][gc,stats    ] Pause Final Mark (G)                503 us
[123.187s][info][gc,stats    ] Pause Final Mark (N)                360 us
[123.187s][info][gc,stats    ]   Finish Mark                       103 us
[123.187s][info][gc,stats    ]   Update Region States               81 us
[123.187s][info][gc,stats    ]   Choose Collection Set              62 us
[123.187s][info][gc,stats    ]   Rebuild Free Set                   17 us
[123.187s][info][gc,stats    ] Concurrent Weak References          173 us, parallelism: 0.05x
[123.187s][info][gc,stats    ]   CWRF: <total>                       8 us
[123.187s][info][gc,stats    ]   CWRF: Weak References               8 us, workers (us):   8, ---, ---, 
[123.187s][info][gc,stats    ] Concurrent Weak Roots               588 us
[123.187s][info][gc,stats    ]   Roots                             467 us, parallelism: 0.89x
[123.187s][info][gc,stats    ]     CWR: <total>                    414 us
[123.187s][info][gc,stats    ]     CWR: Code Cache Roots           346 us, workers (us): 346, ---, ---, 
[123.187s][info][gc,stats    ]     CWR: VM Weak Roots               63 us, workers (us):  63, ---, ---, 
[123.187s][info][gc,stats    ]     CWR: CLDG Roots                   5 us, workers (us):   5, ---, ---, 
[123.187s][info][gc,stats    ]   Rendezvous                         86 us
[123.187s][info][gc,stats    ] Concurrent Cleanup                   51 us
[123.187s][info][gc,stats    ] Concurrent Class Unloading         2589 us
[123.187s][info][gc,stats    ]   Unlink Stale                     2170 us
[123.187s][info][gc,stats    ]     System Dictionary                 3 us
[123.187s][info][gc,stats    ]     Weak Class Links                  0 us
[123.187s][info][gc,stats    ]     Code Roots                     2166 us
[123.188s][info][gc,stats    ]   Rendezvous                        201 us
[123.188s][info][gc,stats    ]   Purge Unlinked                    150 us
[123.188s][info][gc,stats    ]     Code Roots                      141 us
[123.188s][info][gc,stats    ]     CLDG                              9 us
[123.188s][info][gc,stats    ]     Exception Caches                  0 us
[123.188s][info][gc,stats    ] Pause Final Roots (G)               186 us
[123.188s][info][gc,stats    ] Pause Final Roots (N)                57 us
[123.188s][info][gc,stats    ] 
[123.188s][info][gc,stats    ] Allocation pacing accrued:
[123.188s][info][gc,stats    ]       0 of   476 ms (  0.0%): <total>
[123.188s][info][gc,stats    ]       0 of   476 ms (  0.0%): <average total>
[123.188s][info][gc,stats    ] 
[123.188s][info][gc,metaspace] Metaspace: 9000K(9216K)->9000K(9216K) NonClass: 7827K(7936K)->7827K(7936K) Class: 1172K(1280K)->1172K(1280K)
[123.188s][info][gc,ergo     ] Pacer for Idle. Initial: 83886K, Alloc Tax Rate: 1.0x
[123.619s][info][gc          ] Trigger: Learning 5 of 5. Free (2851M) is below initial threshold (2867M)
[123.619s][info][gc,ergo     ] Free: 2851M, Max: 2048K regular, 1744M humongous, Frag: 39% external, 0% internal; Reserve: 206M, Max: 2048K
[123.619s][info][gc,start    ] GC(174) Concurrent reset
[123.619s][info][gc,task     ] GC(174) Using 1 of 3 workers for concurrent reset
[123.619s][info][gc,ergo     ] GC(174) Pacer for Reset. Non-Taxable: 4096M
[123.620s][info][gc          ] GC(174) Concurrent reset 0.602ms
[123.620s][info][gc,start    ] GC(174) Pause Init Mark (unload classes)
[123.620s][info][gc,task     ] GC(174) Using 3 of 3 workers for init marking
[123.620s][info][gc,ergo     ] GC(174) Pacer for Mark. Expected Live: 9462K, Free: 2849M, Non-Taxable: 284M, Alloc Tax Rate: 0.0x
[123.620s][info][gc          ] GC(174) Pause Init Mark (unload classes) 0.181ms
[123.620s][info][gc,start    ] GC(174) Concurrent marking roots
[123.620s][info][gc,task     ] GC(174) Using 1 of 3 workers for concurrent marking roots
[123.621s][info][gc          ] GC(174) Concurrent marking roots 0.414ms
[123.621s][info][gc,start    ] GC(174) Concurrent marking (unload classes)
[123.621s][info][gc,task     ] GC(174) Using 1 of 3 workers for concurrent marking
[123.642s][info][gc          ] GC(174) Concurrent marking (unload classes) 21.654ms
[123.643s][info][gc,start    ] GC(174) Pause Final Mark (unload classes)
[123.643s][info][gc,task     ] GC(174) Using 3 of 3 workers for final marking
[123.643s][info][gc,ergo     ] GC(174) Collectable Garbage: 956M (93%), Immediate: 956M (93%), CSet: 0B (0%)
[123.643s][info][gc          ] GC(174) Pause Final Mark (unload classes) 0.353ms
[123.643s][info][gc,start    ] GC(174) Concurrent weak references
[123.643s][info][gc,task     ] GC(174) Using 1 of 3 workers for concurrent weak references
[123.643s][info][gc,ref      ] GC(174) Encountered references: Soft: 144, Weak: 702, Final: 0, Phantom: 27
[123.643s][info][gc,ref      ] GC(174) Discovered  references: Soft: 0, Weak: 150, Final: 0, Phantom: 12
[123.643s][info][gc,ref      ] GC(174) Enqueued    references: Soft: 0, Weak: 0, Final: 0, Phantom: 0
[123.643s][info][gc          ] GC(174) Concurrent weak references 0.157ms
[123.643s][info][gc,start    ] GC(174) Concurrent weak roots
[123.643s][info][gc,task     ] GC(174) Using 1 of 3 workers for concurrent weak root
[123.644s][info][gc          ] GC(174) Concurrent weak roots 0.545ms
[123.644s][info][gc,start    ] GC(174) Concurrent cleanup
[123.644s][info][gc          ] GC(174) Concurrent cleanup 1084M->128M(4096M) 0.042ms
[123.644s][info][gc,ergo     ] GC(174) Free: 3761M, Max: 2048K regular, 1714M humongous, Frag: 55% external, 0% internal; Reserve: 206M, Max: 2048K
[123.644s][info][gc,start    ] GC(174) Concurrent class unloading
[123.644s][info][gc,task     ] GC(174) Using 1 of 3 workers for concurrent class unloading
[123.646s][info][gc          ] GC(174) Concurrent class unloading 2.520ms
[123.646s][info][gc,start    ] GC(174) Pause Final Roots
[123.646s][info][gc          ] GC(174) Pause Final Roots 0.040ms
[123.647s][info][gc,ergo     ] Free: 3759M, Max: 2048K regular, 1714M humongous, Frag: 55% external, 0% internal; Reserve: 206M, Max: 2048K
[123.647s][info][gc,stats    ] 
[123.647s][info][gc,stats    ] All times are wall-clock times, except per-root-class counters, that are sum over
[123.647s][info][gc,stats    ] all workers. Dividing the <total> over the root stage time estimates parallelism.
[123.647s][info][gc,stats    ] 
[123.647s][info][gc,stats    ] Concurrent Reset                    676 us
[123.647s][info][gc,stats    ] Pause Init Mark (G)                 330 us
[123.647s][info][gc,stats    ] Pause Init Mark (N)                 198 us
[123.647s][info][gc,stats    ]   Update Region States               66 us
[123.647s][info][gc,stats    ] Concurrent Mark Roots               432 us, parallelism: 0.76x
[123.647s][info][gc,stats    ]   CMR: <total>                      329 us
[123.647s][info][gc,stats    ]   CMR: Thread Roots                 290 us, workers (us): 290, ---, ---, 
[123.647s][info][gc,stats    ]   CMR: VM Strong Roots                5 us, workers (us):   5, ---, ---, 
[123.647s][info][gc,stats    ]   CMR: CLDG Roots                    34 us, workers (us):  34, ---, ---, 
[123.647s][info][gc,stats    ] Concurrent Marking                21717 us
[123.647s][info][gc,stats    ] Pause Final Mark (G)                503 us
[123.647s][info][gc,stats    ] Pause Final Mark (N)                373 us
[123.647s][info][gc,stats    ]   Finish Mark                       108 us
[123.647s][info][gc,stats    ]   Update Region States               89 us
[123.647s][info][gc,stats    ]   Choose Collection Set              63 us
[123.647s][info][gc,stats    ]   Rebuild Free Set                   17 us
[123.647s][info][gc,stats    ] Concurrent Weak References          173 us, parallelism: 0.03x
[123.647s][info][gc,stats    ]   CWRF: <total>                       5 us
[123.647s][info][gc,stats    ]   CWRF: Weak References               5 us, workers (us):   5, ---, ---, 
[123.647s][info][gc,stats    ] Concurrent Weak Roots               564 us
[123.647s][info][gc,stats    ]   Roots                             436 us, parallelism: 0.88x
[123.647s][info][gc,stats    ]     CWR: <total>                    383 us
[123.647s][info][gc,stats    ]     CWR: Code Cache Roots           316 us, workers (us): 316, ---, ---, 
[123.647s][info][gc,stats    ]     CWR: VM Weak Roots               62 us, workers (us):  62, ---, ---, 
[123.647s][info][gc,stats    ]     CWR: CLDG Roots                   5 us, workers (us):   5, ---, ---, 
[123.647s][info][gc,stats    ]   Rendezvous                         89 us
[123.647s][info][gc,stats    ] Concurrent Cleanup                   50 us
[123.647s][info][gc,stats    ] Concurrent Class Unloading         2571 us
[123.647s][info][gc,stats    ]   Unlink Stale                     2207 us
[123.647s][info][gc,stats    ]     System Dictionary                 2 us
[123.647s][info][gc,stats    ]     Weak Class Links                  0 us
[123.647s][info][gc,stats    ]     Code Roots                     2203 us
[123.647s][info][gc,stats    ]   Rendezvous                        164 us
[123.647s][info][gc,stats    ]   Purge Unlinked                    130 us
[123.647s][info][gc,stats    ]     Code Roots                      121 us
[123.647s][info][gc,stats    ]     CLDG                              9 us
[123.647s][info][gc,stats    ]     Exception Caches                  0 us
[123.647s][info][gc,stats    ] Pause Final Roots (G)               141 us
[123.647s][info][gc,stats    ] Pause Final Roots (N)                49 us
[123.647s][info][gc,stats    ] 
[123.647s][info][gc,stats    ] Allocation pacing accrued:
[123.647s][info][gc,stats    ]       0 of   460 ms (  0.0%): <total>
[123.647s][info][gc,stats    ]       0 of   460 ms (  0.0%): <average total>
[123.647s][info][gc,stats    ] 
[123.647s][info][gc,metaspace] Metaspace: 9000K(9216K)->9000K(9216K) NonClass: 7827K(7936K)->7827K(7936K) Class: 1172K(1280K)->1172K(1280K)
[123.647s][info][gc,ergo     ] Pacer for Idle. Initial: 83886K, Alloc Tax Rate: 1.0x
[125.283s][info][gc          ] Trigger: Explicit GC request (System.gc())
[125.283s][info][gc,ergo     ] Free: 961M, Max: 2048K regular, 954M humongous, Frag: 1% external, 0% internal; Reserve: 206M, Max: 2048K
[125.283s][info][gc,start    ] GC(175) Concurrent reset
[125.283s][info][gc,task     ] GC(175) Using 1 of 3 workers for concurrent reset
[125.284s][info][gc,ergo     ] GC(175) Pacer for Reset. Non-Taxable: 4096M
[125.284s][info][gc          ] GC(175) Concurrent reset 0.676ms
[125.284s][info][gc,start    ] GC(175) Pause Init Mark (unload classes)
[125.284s][info][gc,task     ] GC(175) Using 3 of 3 workers for init marking
[125.284s][info][gc,ref      ] GC(175) Clearing All SoftReferences
[125.285s][info][gc,ergo     ] GC(175) Pacer for Mark. Expected Live: 9463K, Free: 961M, Non-Taxable: 98506K, Alloc Tax Rate: 0.0x
[125.285s][info][gc          ] GC(175) Pause Init Mark (unload classes) 0.283ms
[125.285s][info][gc,start    ] GC(175) Concurrent marking roots
[125.285s][info][gc,task     ] GC(175) Using 1 of 3 workers for concurrent marking roots
[125.285s][info][gc          ] GC(175) Concurrent marking roots 0.432ms
[125.285s][info][gc,start    ] GC(175) Concurrent marking (unload classes)
[125.285s][info][gc,task     ] GC(175) Using 1 of 3 workers for concurrent marking
[125.288s][info][gc          ] GC(175) Concurrent marking (unload classes) 3.370ms
[125.289s][info][gc,start    ] GC(175) Pause Final Mark (unload classes)
[125.289s][info][gc,task     ] GC(175) Using 3 of 3 workers for final marking
[125.289s][info][gc,ergo     ] GC(175) Collectable Garbage: 2889M (98%), Immediate: 2889M (98%), CSet: 0B (0%)
[125.289s][info][gc          ] GC(175) Pause Final Mark (unload classes) 0.409ms
[125.289s][info][gc,start    ] GC(175) Concurrent weak references
[125.289s][info][gc,task     ] GC(175) Using 1 of 3 workers for concurrent weak references
[125.289s][info][gc,ref      ] GC(175) Encountered references: Soft: 144, Weak: 702, Final: 0, Phantom: 27
[125.289s][info][gc,ref      ] GC(175) Discovered  references: Soft: 88, Weak: 168, Final: 0, Phantom: 25
[125.289s][info][gc,ref      ] GC(175) Enqueued    references: Soft: 3, Weak: 0, Final: 0, Phantom: 0
[125.289s][info][gc          ] GC(175) Concurrent weak references 0.174ms
[125.289s][info][gc,start    ] GC(175) Concurrent weak roots
[125.289s][info][gc,task     ] GC(175) Using 1 of 3 workers for concurrent weak root
[125.290s][info][gc          ] GC(175) Concurrent weak roots 0.881ms
[125.290s][info][gc,start    ] GC(175) Concurrent cleanup
[125.290s][info][gc          ] GC(175) Concurrent cleanup 2927M->38M(4096M) 0.089ms
[125.290s][info][gc,ergo     ] GC(175) Free: 3851M, Max: 2048K regular, 2720M humongous, Frag: 30% external, 0% internal; Reserve: 206M, Max: 2048K
[125.290s][info][gc,start    ] GC(175) Concurrent class unloading
[125.290s][info][gc,task     ] GC(175) Using 1 of 3 workers for concurrent class unloading
[125.292s][info][gc          ] GC(175) Concurrent class unloading 2.130ms
[125.292s][info][gc,start    ] GC(175) Pause Final Roots
[125.293s][info][gc          ] GC(175) Pause Final Roots 0.052ms
[125.293s][info][gc,ergo     ] Free: 3851M, Max: 2048K regular, 2720M humongous, Frag: 30% external, 0% internal; Reserve: 206M, Max: 2048K
[125.293s][info][gc,stats    ] 
[125.293s][info][gc,stats    ] All times are wall-clock times, except per-root-class counters, that are sum over
[125.293s][info][gc,stats    ] all workers. Dividing the <total> over the root stage time estimates parallelism.
[125.293s][info][gc,stats    ] 
[125.293s][info][gc,stats    ] Concurrent Reset                    729 us
[125.293s][info][gc,stats    ] Pause Init Mark (G)                 421 us
[125.293s][info][gc,stats    ] Pause Init Mark (N)                 305 us
[125.293s][info][gc,stats    ]   Update Region States              113 us
[125.293s][info][gc,stats    ] Concurrent Mark Roots               449 us, parallelism: 0.80x
[125.293s][info][gc,stats    ]   CMR: <total>                      361 us
[125.293s][info][gc,stats    ]   CMR: Thread Roots                 323 us, workers (us): 323, ---, ---, 
[125.293s][info][gc,stats    ]   CMR: VM Strong Roots                5 us, workers (us):   5, ---, ---, 
[125.293s][info][gc,stats    ]   CMR: CLDG Roots                    34 us, workers (us):  34, ---, ---, 
[125.293s][info][gc,stats    ] Concurrent Marking                 3425 us
[125.293s][info][gc,stats    ] Pause Final Mark (G)                533 us
[125.293s][info][gc,stats    ] Pause Final Mark (N)                429 us
[125.293s][info][gc,stats    ]   Finish Mark                       136 us
[125.293s][info][gc,stats    ]   Update Region States               91 us
[125.293s][info][gc,stats    ]   Choose Collection Set              68 us
[125.293s][info][gc,stats    ]   Rebuild Free Set                   16 us
[125.293s][info][gc,stats    ] Concurrent Weak References          190 us, parallelism: 0.06x
[125.293s][info][gc,stats    ]   CWRF: <total>                      11 us
[125.293s][info][gc,stats    ]   CWRF: Weak References              11 us, workers (us):  11, ---, ---, 
[125.293s][info][gc,stats    ] Concurrent Weak Roots               902 us
[125.293s][info][gc,stats    ]   Roots                             765 us, parallelism: 0.90x
[125.293s][info][gc,stats    ]     CWR: <total>                    688 us
[125.293s][info][gc,stats    ]     CWR: Code Cache Roots           566 us, workers (us): 566, ---, ---, 
[125.293s][info][gc,stats    ]     CWR: VM Weak Roots              117 us, workers (us): 117, ---, ---, 
[125.293s][info][gc,stats    ]     CWR: CLDG Roots                   6 us, workers (us):   6, ---, ---, 
[125.293s][info][gc,stats    ]   Rendezvous                         86 us
[125.293s][info][gc,stats    ] Concurrent Cleanup                   97 us
[125.293s][info][gc,stats    ] Concurrent Class Unloading         2173 us
[125.293s][info][gc,stats    ]   Unlink Stale                     1841 us
[125.293s][info][gc,stats    ]     System Dictionary                 3 us
[125.293s][info][gc,stats    ]     Weak Class Links                  0 us
[125.293s][info][gc,stats    ]     Code Roots                     1837 us
[125.293s][info][gc,stats    ]   Rendezvous                        118 us
[125.293s][info][gc,stats    ]   Purge Unlinked                    154 us
[125.293s][info][gc,stats    ]     Code Roots                      149 us
[125.293s][info][gc,stats    ]     CLDG                              5 us
[125.293s][info][gc,stats    ]     Exception Caches                  0 us
[125.293s][info][gc,stats    ] Pause Final Roots (G)               150 us
[125.293s][info][gc,stats    ] Pause Final Roots (N)                75 us
[125.293s][info][gc,stats    ] 
[125.293s][info][gc,stats    ] Allocation pacing accrued:
[125.293s][info][gc,stats    ]       0 of  1646 ms (  0.0%): <total>
[125.293s][info][gc,stats    ]       0 of  1646 ms (  0.0%): <average total>
[125.293s][info][gc,stats    ] 
[125.293s][info][gc,metaspace] Metaspace: 9000K(9216K)->9000K(9216K) NonClass: 7827K(7936K)->7827K(7936K) Class: 1172K(1280K)->1172K(1280K)
[125.293s][info][gc,ergo     ] Pacer for Idle. Initial: 83886K, Alloc Tax Rate: 1.0x
[125.754s][info][gc          ] Trigger: Learning 2 of 5. Free (2851M) is below initial threshold (2867M)
[125.754s][info][gc,ergo     ] Free: 2851M, Max: 2048K regular, 1762M humongous, Frag: 39% external, 0% internal; Reserve: 206M, Max: 2048K
[125.754s][info][gc,start    ] GC(176) Concurrent reset
[125.754s][info][gc,task     ] GC(176) Using 1 of 3 workers for concurrent reset
[125.754s][info][gc,ergo     ] GC(176) Pacer for Reset. Non-Taxable: 4096M
[125.755s][info][gc          ] GC(176) Concurrent reset 0.513ms
[125.755s][info][gc,start    ] GC(176) Pause Init Mark (unload classes)
[125.755s][info][gc,task     ] GC(176) Using 3 of 3 workers for init marking
[125.755s][info][gc,ergo     ] GC(176) Pacer for Mark. Expected Live: 9463K, Free: 2849M, Non-Taxable: 284M, Alloc Tax Rate: 0.0x
[125.755s][info][gc          ] GC(176) Pause Init Mark (unload classes) 0.245ms
[125.755s][info][gc,start    ] GC(176) Concurrent marking roots
[125.755s][info][gc,task     ] GC(176) Using 1 of 3 workers for concurrent marking roots
[125.756s][info][gc          ] GC(176) Concurrent marking roots 0.434ms
[125.756s][info][gc,start    ] GC(176) Concurrent marking (unload classes)
[125.756s][info][gc,task     ] GC(176) Using 1 of 3 workers for concurrent marking
[125.764s][info][gc          ] GC(176) Concurrent marking (unload classes) 8.095ms
[125.764s][info][gc,start    ] GC(176) Pause Final Mark (unload classes)
[125.764s][info][gc,task     ] GC(176) Using 3 of 3 workers for final marking
[125.764s][info][gc,ergo     ] GC(176) Collectable Garbage: 980M (94%), Immediate: 980M (94%), CSet: 0B (0%)
[125.764s][info][gc          ] GC(176) Pause Final Mark (unload classes) 0.332ms
[125.764s][info][gc,start    ] GC(176) Concurrent weak references
[125.764s][info][gc,task     ] GC(176) Using 1 of 3 workers for concurrent weak references
[125.764s][info][gc,ref      ] GC(176) Encountered references: Soft: 144, Weak: 702, Final: 0, Phantom: 27
[125.764s][info][gc,ref      ] GC(176) Discovered  references: Soft: 0, Weak: 150, Final: 0, Phantom: 12
[125.764s][info][gc,ref      ] GC(176) Enqueued    references: Soft: 0, Weak: 0, Final: 0, Phantom: 0
[125.764s][info][gc          ] GC(176) Concurrent weak references 0.112ms
[125.764s][info][gc,start    ] GC(176) Concurrent weak roots
[125.764s][info][gc,task     ] GC(176) Using 1 of 3 workers for concurrent weak root
[125.765s][info][gc          ] GC(176) Concurrent weak roots 0.715ms
[125.765s][info][gc,start    ] GC(176) Concurrent cleanup
[125.765s][info][gc          ] GC(176) Concurrent cleanup 1060M->80M(4096M) 0.043ms
[125.765s][info][gc,ergo     ] GC(176) Free: 3809M, Max: 2048K regular, 1740M humongous, Frag: 55% external, 0% internal; Reserve: 206M, Max: 2048K
[125.765s][info][gc,start    ] GC(176) Concurrent class unloading
[125.765s][info][gc,task     ] GC(176) Using 1 of 3 workers for concurrent class unloading
[125.767s][info][gc          ] GC(176) Concurrent class unloading 1.861ms
[125.767s][info][gc,start    ] GC(176) Pause Final Roots
[125.767s][info][gc          ] GC(176) Pause Final Roots 0.020ms
[125.767s][info][gc,ergo     ] Free: 3805M, Max: 2048K regular, 1740M humongous, Frag: 55% external, 0% internal; Reserve: 206M, Max: 2048K
[125.767s][info][gc,stats    ] 
[125.767s][info][gc,stats    ] All times are wall-clock times, except per-root-class counters, that are sum over
[125.767s][info][gc,stats    ] all workers. Dividing the <total> over the root stage time estimates parallelism.
[125.767s][info][gc,stats    ] 
[125.767s][info][gc,stats    ] Concurrent Reset                    570 us
[125.767s][info][gc,stats    ] Pause Init Mark (G)                 426 us
[125.767s][info][gc,stats    ] Pause Init Mark (N)                 264 us
[125.767s][info][gc,stats    ]   Update Region States              115 us
[125.767s][info][gc,stats    ] Concurrent Mark Roots               452 us, parallelism: 0.72x
[125.767s][info][gc,stats    ]   CMR: <total>                      325 us
[125.767s][info][gc,stats    ]   CMR: Thread Roots                 286 us, workers (us): 286, ---, ---, 
[125.767s][info][gc,stats    ]   CMR: VM Strong Roots                5 us, workers (us):   5, ---, ---, 
[125.767s][info][gc,stats    ]   CMR: CLDG Roots                    35 us, workers (us):  35, ---, ---, 
[125.768s][info][gc,stats    ] Concurrent Marking                 8154 us
[125.768s][info][gc,stats    ] Pause Final Mark (G)                471 us
[125.768s][info][gc,stats    ] Pause Final Mark (N)                352 us
[125.768s][info][gc,stats    ]   Finish Mark                       103 us
[125.768s][info][gc,stats    ]   Update Region States               89 us
[125.768s][info][gc,stats    ]   Choose Collection Set              62 us
[125.768s][info][gc,stats    ]   Rebuild Free Set                   17 us
[125.768s][info][gc,stats    ] Concurrent Weak References          119 us, parallelism: 0.04x
[125.768s][info][gc,stats    ]   CWRF: <total>                       5 us
[125.768s][info][gc,stats    ]   CWRF: Weak References               5 us, workers (us):   5, ---, ---, 
[125.768s][info][gc,stats    ] Concurrent Weak Roots               739 us
[125.768s][info][gc,stats    ]   Roots                             608 us, parallelism: 0.88x
[125.768s][info][gc,stats    ]     CWR: <total>                    537 us
[125.768s][info][gc,stats    ]     CWR: Code Cache Roots           419 us, workers (us): 419, ---, ---, 
[125.768s][info][gc,stats    ]     CWR: VM Weak Roots              112 us, workers (us): 112, ---, ---, 
[125.768s][info][gc,stats    ]     CWR: CLDG Roots                   6 us, workers (us):   6, ---, ---, 
[125.768s][info][gc,stats    ]   Rendezvous                         86 us
[125.768s][info][gc,stats    ] Concurrent Cleanup                   51 us
[125.768s][info][gc,stats    ] Concurrent Class Unloading         1892 us
[125.768s][info][gc,stats    ]   Unlink Stale                     1696 us
[125.768s][info][gc,stats    ]     System Dictionary                 3 us
[125.768s][info][gc,stats    ]     Weak Class Links                  0 us
[125.768s][info][gc,stats    ]     Code Roots                     1692 us
[125.768s][info][gc,stats    ]   Rendezvous                         61 us
[125.768s][info][gc,stats    ]   Purge Unlinked                     85 us
[125.768s][info][gc,stats    ]     Code Roots                       81 us
[125.768s][info][gc,stats    ]     CLDG                              5 us
[125.768s][info][gc,stats    ]     Exception Caches                  0 us
[125.768s][info][gc,stats    ] Pause Final Roots (G)                93 us
[125.768s][info][gc,stats    ] Pause Final Roots (N)                28 us
[125.768s][info][gc,stats    ] 
[125.768s][info][gc,stats    ] Allocation pacing accrued:
[125.768s][info][gc,stats    ]       0 of   475 ms (  0.0%): <total>
[125.768s][info][gc,stats    ]       0 of   475 ms (  0.0%): <average total>
[125.768s][info][gc,stats    ] 
[125.768s][info][gc,metaspace] Metaspace: 9000K(9216K)->9000K(9216K) NonClass: 7828K(7936K)->7828K(7936K) Class: 1172K(1280K)->1172K(1280K)
[125.768s][info][gc,ergo     ] Pacer for Idle. Initial: 83886K, Alloc Tax Rate: 1.0x
[126.225s][info][gc          ] Trigger: Learning 3 of 5. Free (2847M) is below initial threshold (2867M)
[126.225s][info][gc,ergo     ] Free: 2847M, Max: 2048K regular, 1740M humongous, Frag: 39% external, 0% internal; Reserve: 206M, Max: 2048K
[126.225s][info][gc,start    ] GC(177) Concurrent reset
[126.225s][info][gc,task     ] GC(177) Using 1 of 3 workers for concurrent reset
[126.225s][info][gc,ergo     ] GC(177) Pacer for Reset. Non-Taxable: 4096M
[126.225s][info][gc          ] GC(177) Concurrent reset 0.476ms
[126.225s][info][gc,start    ] GC(177) Pause Init Mark (unload classes)
[126.225s][info][gc,task     ] GC(177) Using 3 of 3 workers for init marking
[126.226s][info][gc,ergo     ] GC(177) Pacer for Mark. Expected Live: 9468K, Free: 2845M, Non-Taxable: 284M, Alloc Tax Rate: 0.0x
[126.226s][info][gc          ] GC(177) Pause Init Mark (unload classes) 0.149ms
[126.226s][info][gc,start    ] GC(177) Concurrent marking roots
[126.226s][info][gc,task     ] GC(177) Using 1 of 3 workers for concurrent marking roots
[126.226s][info][gc          ] GC(177) Concurrent marking roots 0.415ms
[126.226s][info][gc,start    ] GC(177) Concurrent marking (unload classes)
[126.226s][info][gc,task     ] GC(177) Using 1 of 3 workers for concurrent marking
[126.239s][info][gc          ] GC(177) Concurrent marking (unload classes) 13.121ms
[126.239s][info][gc,start    ] GC(177) Pause Final Mark (unload classes)
[126.239s][info][gc,task     ] GC(177) Using 3 of 3 workers for final marking
[126.240s][info][gc,ergo     ] GC(177) Collectable Garbage: 984M (95%), Immediate: 984M (95%), CSet: 0B (0%)
[126.240s][info][gc          ] GC(177) Pause Final Mark (unload classes) 0.341ms
[126.240s][info][gc,start    ] GC(177) Concurrent weak references
[126.240s][info][gc,task     ] GC(177) Using 1 of 3 workers for concurrent weak references
[126.240s][info][gc,ref      ] GC(177) Encountered references: Soft: 144, Weak: 702, Final: 0, Phantom: 27
[126.240s][info][gc,ref      ] GC(177) Discovered  references: Soft: 0, Weak: 150, Final: 0, Phantom: 25
[126.240s][info][gc,ref      ] GC(177) Enqueued    references: Soft: 0, Weak: 0, Final: 0, Phantom: 0
[126.240s][info][gc          ] GC(177) Concurrent weak references 0.146ms
[126.240s][info][gc,start    ] GC(177) Concurrent weak roots
[126.240s][info][gc,task     ] GC(177) Using 1 of 3 workers for concurrent weak root
[126.241s][info][gc          ] GC(177) Concurrent weak roots 0.599ms
[126.241s][info][gc,start    ] GC(177) Concurrent cleanup
[126.241s][info][gc          ] GC(177) Concurrent cleanup 1074M->90M(4096M) 0.046ms
[126.241s][info][gc,ergo     ] GC(177) Free: 3799M, Max: 2048K regular, 1724M humongous, Frag: 55% external, 0% internal; Reserve: 206M, Max: 2048K
[126.241s][info][gc,start    ] GC(177) Concurrent class unloading
[126.241s][info][gc,task     ] GC(177) Using 1 of 3 workers for concurrent class unloading
[126.243s][info][gc          ] GC(177) Concurrent class unloading 1.926ms
[126.243s][info][gc,start    ] GC(177) Pause Final Roots
[126.243s][info][gc          ] GC(177) Pause Final Roots 0.024ms
[126.243s][info][gc,ergo     ] Free: 3795M, Max: 2048K regular, 1724M humongous, Frag: 55% external, 0% internal; Reserve: 206M, Max: 2048K
[126.243s][info][gc,stats    ] 
[126.243s][info][gc,stats    ] All times are wall-clock times, except per-root-class counters, that are sum over
[126.243s][info][gc,stats    ] all workers. Dividing the <total> over the root stage time estimates parallelism.
[126.243s][info][gc,stats    ] 
[126.243s][info][gc,stats    ] Concurrent Reset                    532 us
[126.243s][info][gc,stats    ] Pause Init Mark (G)                 313 us
[126.243s][info][gc,stats    ] Pause Init Mark (N)                 165 us
[126.243s][info][gc,stats    ]   Update Region States               64 us
[126.243s][info][gc,stats    ] Concurrent Mark Roots               432 us, parallelism: 0.80x
[126.243s][info][gc,stats    ]   CMR: <total>                      346 us
[126.243s][info][gc,stats    ]   CMR: Thread Roots                 308 us, workers (us): 308, ---, ---, 
[126.243s][info][gc,stats    ]   CMR: VM Strong Roots                5 us, workers (us):   5, ---, ---, 
[126.243s][info][gc,stats    ]   CMR: CLDG Roots                    34 us, workers (us):  34, ---, ---, 
[126.243s][info][gc,stats    ] Concurrent Marking                13188 us
[126.243s][info][gc,stats    ] Pause Final Mark (G)                489 us
[126.243s][info][gc,stats    ] Pause Final Mark (N)                360 us
[126.243s][info][gc,stats    ]   Finish Mark                       112 us
[126.243s][info][gc,stats    ]   Update Region States               88 us
[126.243s][info][gc,stats    ]   Choose Collection Set              61 us
[126.243s][info][gc,stats    ]   Rebuild Free Set                   17 us
[126.243s][info][gc,stats    ] Concurrent Weak References          162 us, parallelism: 0.05x
[126.243s][info][gc,stats    ]   CWRF: <total>                       8 us
[126.243s][info][gc,stats    ]   CWRF: Weak References               8 us, workers (us):   8, ---, ---, 
[126.243s][info][gc,stats    ] Concurrent Weak Roots               625 us
[126.243s][info][gc,stats    ]   Roots                             477 us, parallelism: 0.89x
[126.243s][info][gc,stats    ]     CWR: <total>                    425 us
[126.243s][info][gc,stats    ]     CWR: Code Cache Roots           344 us, workers (us): 344, ---, ---, 
[126.243s][info][gc,stats    ]     CWR: VM Weak Roots               76 us, workers (us):  76, ---, ---, 
[126.243s][info][gc,stats    ]     CWR: CLDG Roots                   6 us, workers (us):   6, ---, ---, 
[126.243s][info][gc,stats    ]   Rendezvous                         91 us
[126.243s][info][gc,stats    ] Concurrent Cleanup                   54 us
[126.243s][info][gc,stats    ] Concurrent Class Unloading         1980 us
[126.243s][info][gc,stats    ]   Unlink Stale                     1751 us
[126.243s][info][gc,stats    ]     System Dictionary                 3 us
[126.243s][info][gc,stats    ]     Weak Class Links                  0 us
[126.243s][info][gc,stats    ]     Code Roots                     1747 us
[126.243s][info][gc,stats    ]   Rendezvous                         56 us
[126.243s][info][gc,stats    ]   Purge Unlinked                    100 us
[126.243s][info][gc,stats    ]     Code Roots                       90 us
[126.243s][info][gc,stats    ]     CLDG                              9 us
[126.243s][info][gc,stats    ]     Exception Caches                  0 us
[126.243s][info][gc,stats    ] Pause Final Roots (G)               126 us
[126.243s][info][gc,stats    ] Pause Final Roots (N)                32 us
[126.243s][info][gc,stats    ] 
[126.243s][info][gc,stats    ] Allocation pacing accrued:
[126.243s][info][gc,stats    ]       0 of   475 ms (  0.0%): <total>
[126.243s][info][gc,stats    ]       0 of   475 ms (  0.0%): <average total>
[126.243s][info][gc,stats    ] 
[126.243s][info][gc,metaspace] Metaspace: 9000K(9216K)->9000K(9216K) NonClass: 7828K(7936K)->7828K(7936K) Class: 1172K(1280K)->1172K(1280K)
[126.243s][info][gc,ergo     ] Pacer for Idle. Initial: 83886K, Alloc Tax Rate: 1.0x
[126.696s][info][gc          ] Trigger: Learning 4 of 5. Free (2833M) is below initial threshold (2867M)
[126.696s][info][gc,ergo     ] Free: 2833M, Max: 2048K regular, 1724M humongous, Frag: 40% external, 0% internal; Reserve: 206M, Max: 2048K
[126.696s][info][gc,start    ] GC(178) Concurrent reset
[126.696s][info][gc,task     ] GC(178) Using 1 of 3 workers for concurrent reset
[126.696s][info][gc,ergo     ] GC(178) Pacer for Reset. Non-Taxable: 4096M
[126.697s][info][gc          ] GC(178) Concurrent reset 0.576ms
[126.697s][info][gc,start    ] GC(178) Pause Init Mark (unload classes)
[126.697s][info][gc,task     ] GC(178) Using 3 of 3 workers for init marking
[126.697s][info][gc,ergo     ] GC(178) Pacer for Mark. Expected Live: 9463K, Free: 2833M, Non-Taxable: 283M, Alloc Tax Rate: 0.0x
[126.697s][info][gc          ] GC(178) Pause Init Mark (unload classes) 0.247ms
[126.697s][info][gc,start    ] GC(178) Concurrent marking roots
[126.697s][info][gc,task     ] GC(178) Using 1 of 3 workers for concurrent marking roots
[126.698s][info][gc          ] GC(178) Concurrent marking roots 0.761ms
[126.698s][info][gc,start    ] GC(178) Concurrent marking (unload classes)
[126.698s][info][gc,task     ] GC(178) Using 1 of 3 workers for concurrent marking
[126.715s][info][gc          ] GC(178) Concurrent marking (unload classes) 17.459ms
[126.715s][info][gc,start    ] GC(178) Pause Final Mark (unload classes)
[126.716s][info][gc,task     ] GC(178) Using 3 of 3 workers for final marking
[126.716s][info][gc,ergo     ] GC(178) Collectable Garbage: 994M (95%), Immediate: 994M (95%), CSet: 0B (0%)
[126.716s][info][gc          ] GC(178) Pause Final Mark (unload classes) 0.339ms
[126.716s][info][gc,start    ] GC(178) Concurrent weak references
[126.716s][info][gc,task     ] GC(178) Using 1 of 3 workers for concurrent weak references
[126.716s][info][gc,ref      ] GC(178) Encountered references: Soft: 144, Weak: 702, Final: 0, Phantom: 27
[126.716s][info][gc,ref      ] GC(178) Discovered  references: Soft: 0, Weak: 154, Final: 0, Phantom: 12
[126.716s][info][gc,ref      ] GC(178) Enqueued    references: Soft: 0, Weak: 0, Final: 0, Phantom: 0
[126.716s][info][gc          ] GC(178) Concurrent weak references 0.157ms
[126.716s][info][gc,start    ] GC(178) Concurrent weak roots
[126.716s][info][gc,task     ] GC(178) Using 1 of 3 workers for concurrent weak root
[126.717s][info][gc          ] GC(178) Concurrent weak roots 0.733ms
[126.717s][info][gc,start    ] GC(178) Concurrent cleanup
[126.717s][info][gc          ] GC(178) Concurrent cleanup 1096M->104M(4096M) 0.043ms
[126.717s][info][gc,ergo     ] GC(178) Free: 3785M, Max: 2048K regular, 1702M humongous, Frag: 56% external, 0% internal; Reserve: 206M, Max: 2048K
[126.717s][info][gc,start    ] GC(178) Concurrent class unloading
[126.717s][info][gc,task     ] GC(178) Using 1 of 3 workers for concurrent class unloading
[126.720s][info][gc          ] GC(178) Concurrent class unloading 2.597ms
[126.720s][info][gc,start    ] GC(178) Pause Final Roots
[126.720s][info][gc          ] GC(178) Pause Final Roots 0.039ms
[126.720s][info][gc,ergo     ] Free: 3781M, Max: 2048K regular, 1702M humongous, Frag: 55% external, 0% internal; Reserve: 206M, Max: 2048K
[126.720s][info][gc,stats    ] 
[126.720s][info][gc,stats    ] All times are wall-clock times, except per-root-class counters, that are sum over
[126.720s][info][gc,stats    ] all workers. Dividing the <total> over the root stage time estimates parallelism.
[126.720s][info][gc,stats    ] 
[126.720s][info][gc,stats    ] Concurrent Reset                    642 us
[126.720s][info][gc,stats    ] Pause Init Mark (G)                 424 us
[126.720s][info][gc,stats    ] Pause Init Mark (N)                 265 us
[126.720s][info][gc,stats    ]   Update Region States              116 us
[126.720s][info][gc,stats    ] Concurrent Mark Roots               785 us, parallelism: 0.82x
[126.720s][info][gc,stats    ]   CMR: <total>                      644 us
[126.720s][info][gc,stats    ]   CMR: Thread Roots                 576 us, workers (us): 576, ---, ---, 
[126.720s][info][gc,stats    ]   CMR: VM Strong Roots                6 us, workers (us):   6, ---, ---, 
[126.720s][info][gc,stats    ]   CMR: CLDG Roots                    62 us, workers (us):  62, ---, ---, 
[126.720s][info][gc,stats    ] Concurrent Marking                17520 us
[126.720s][info][gc,stats    ] Pause Final Mark (G)                497 us
[126.720s][info][gc,stats    ] Pause Final Mark (N)                359 us
[126.720s][info][gc,stats    ]   Finish Mark                       108 us
[126.720s][info][gc,stats    ]   Update Region States               89 us
[126.720s][info][gc,stats    ]   Choose Collection Set              61 us
[126.720s][info][gc,stats    ]   Rebuild Free Set                   16 us
[126.720s][info][gc,stats    ] Concurrent Weak References          173 us, parallelism: 0.03x
[126.720s][info][gc,stats    ]   CWRF: <total>                       5 us
[126.720s][info][gc,stats    ]   CWRF: Weak References               5 us, workers (us):   5, ---, ---, 
[126.720s][info][gc,stats    ] Concurrent Weak Roots               752 us
[126.720s][info][gc,stats    ]   Roots                             616 us, parallelism: 0.88x
[126.720s][info][gc,stats    ]     CWR: <total>                    542 us
[126.720s][info][gc,stats    ]     CWR: Code Cache Roots           421 us, workers (us): 421, ---, ---, 
[126.720s][info][gc,stats    ]     CWR: VM Weak Roots              115 us, workers (us): 115, ---, ---, 
[126.720s][info][gc,stats    ]     CWR: CLDG Roots                   6 us, workers (us):   6, ---, ---, 
[126.720s][info][gc,stats    ]   Rendezvous                         86 us
[126.720s][info][gc,stats    ] Concurrent Cleanup                   51 us
[126.720s][info][gc,stats    ] Concurrent Class Unloading         2651 us
[126.720s][info][gc,stats    ]   Unlink Stale                     2177 us
[126.720s][info][gc,stats    ]     System Dictionary                 3 us
[126.720s][info][gc,stats    ]     Weak Class Links                  0 us
[126.720s][info][gc,stats    ]     Code Roots                     2173 us
[126.720s][info][gc,stats    ]   Rendezvous                        205 us
[126.720s][info][gc,stats    ]   Purge Unlinked                    196 us
[126.720s][info][gc,stats    ]     Code Roots                      185 us
[126.720s][info][gc,stats    ]     CLDG                             10 us
[126.720s][info][gc,stats    ]     Exception Caches                  0 us
[126.720s][info][gc,stats    ] Pause Final Roots (G)               166 us
[126.720s][info][gc,stats    ] Pause Final Roots (N)                57 us
[126.720s][info][gc,stats    ] 
[126.720s][info][gc,stats    ] Allocation pacing accrued:
[126.720s][info][gc,stats    ]       0 of   477 ms (  0.0%): <total>
[126.720s][info][gc,stats    ]       0 of   477 ms (  0.0%): <average total>
[126.720s][info][gc,stats    ] 
[126.720s][info][gc,metaspace] Metaspace: 9000K(9216K)->9000K(9216K) NonClass: 7828K(7936K)->7828K(7936K) Class: 1172K(1280K)->1172K(1280K)
[126.720s][info][gc,ergo     ] Pacer for Idle. Initial: 83886K, Alloc Tax Rate: 1.0x
[127.151s][info][gc          ] Trigger: Learning 5 of 5. Free (2851M) is below initial threshold (2867M)
[127.152s][info][gc,ergo     ] Free: 2851M, Max: 2048K regular, 1702M humongous, Frag: 41% external, 0% internal; Reserve: 206M, Max: 2048K
[127.152s][info][gc,start    ] GC(179) Concurrent reset
[127.152s][info][gc,task     ] GC(179) Using 1 of 3 workers for concurrent reset
[127.152s][info][gc,ergo     ] GC(179) Pacer for Reset. Non-Taxable: 4096M
[127.152s][info][gc          ] GC(179) Concurrent reset 0.535ms
[127.152s][info][gc,start    ] GC(179) Pause Init Mark (unload classes)
[127.152s][info][gc,task     ] GC(179) Using 3 of 3 workers for init marking
[127.152s][info][gc,ergo     ] GC(179) Pacer for Mark. Expected Live: 9473K, Free: 2849M, Non-Taxable: 284M, Alloc Tax Rate: 0.0x
[127.152s][info][gc          ] GC(179) Pause Init Mark (unload classes) 0.176ms
[127.153s][info][gc,start    ] GC(179) Concurrent marking roots
[127.153s][info][gc,task     ] GC(179) Using 1 of 3 workers for concurrent marking roots
[127.153s][info][gc          ] GC(179) Concurrent marking roots 0.586ms
[127.153s][info][gc,start    ] GC(179) Concurrent marking (unload classes)
[127.153s][info][gc,task     ] GC(179) Using 1 of 3 workers for concurrent marking
[127.176s][info][gc          ] GC(179) Concurrent marking (unload classes) 22.402ms
[127.176s][info][gc,start    ] GC(179) Pause Final Mark (unload classes)
[127.176s][info][gc,task     ] GC(179) Using 3 of 3 workers for final marking
[127.176s][info][gc,ergo     ] GC(179) Collectable Garbage: 960M (93%), Immediate: 960M (93%), CSet: 0B (0%)
[127.176s][info][gc          ] GC(179) Pause Final Mark (unload classes) 0.341ms
[127.176s][info][gc,start    ] GC(179) Concurrent weak references
[127.176s][info][gc,task     ] GC(179) Using 1 of 3 workers for concurrent weak references
[127.176s][info][gc,ref      ] GC(179) Encountered references: Soft: 144, Weak: 702, Final: 0, Phantom: 27
[127.176s][info][gc,ref      ] GC(179) Discovered  references: Soft: 0, Weak: 150, Final: 0, Phantom: 12
[127.176s][info][gc,ref      ] GC(179) Enqueued    references: Soft: 0, Weak: 0, Final: 0, Phantom: 0
[127.176s][info][gc          ] GC(179) Concurrent weak references 0.112ms
[127.176s][info][gc,start    ] GC(179) Concurrent weak roots
[127.176s][info][gc,task     ] GC(179) Using 1 of 3 workers for concurrent weak root
[127.177s][info][gc          ] GC(179) Concurrent weak roots 0.541ms
[127.177s][info][gc,start    ] GC(179) Concurrent cleanup
[127.177s][info][gc          ] GC(179) Concurrent cleanup 1088M->128M(4096M) 0.043ms
[127.177s][info][gc,ergo     ] GC(179) Free: 3761M, Max: 2048K regular, 1732M humongous, Frag: 54% external, 0% internal; Reserve: 206M, Max: 2048K
[127.177s][info][gc,start    ] GC(179) Concurrent class unloading
[127.177s][info][gc,task     ] GC(179) Using 1 of 3 workers for concurrent class unloading
[127.179s][info][gc          ] GC(179) Concurrent class unloading 1.886ms
[127.179s][info][gc,start    ] GC(179) Pause Final Roots
[127.179s][info][gc          ] GC(179) Pause Final Roots 0.029ms
[127.179s][info][gc,ergo     ] Free: 3761M, Max: 2048K regular, 1732M humongous, Frag: 54% external, 0% internal; Reserve: 206M, Max: 2048K
[127.179s][info][gc,stats    ] 
[127.179s][info][gc,stats    ] All times are wall-clock times, except per-root-class counters, that are sum over
[127.179s][info][gc,stats    ] all workers. Dividing the <total> over the root stage time estimates parallelism.
[127.179s][info][gc,stats    ] 
[127.179s][info][gc,stats    ] Concurrent Reset                    587 us
[127.179s][info][gc,stats    ] Pause Init Mark (G)                 328 us
[127.179s][info][gc,stats    ] Pause Init Mark (N)                 193 us
[127.179s][info][gc,stats    ]   Update Region States               68 us
[127.179s][info][gc,stats    ] Concurrent Mark Roots               611 us, parallelism: 0.76x
[127.179s][info][gc,stats    ]   CMR: <total>                      467 us
[127.179s][info][gc,stats    ]   CMR: Thread Roots                 388 us, workers (us): 388, ---, ---, 
[127.179s][info][gc,stats    ]   CMR: VM Strong Roots                8 us, workers (us):   8, ---, ---, 
[127.179s][info][gc,stats    ]   CMR: CLDG Roots                    72 us, workers (us):  72, ---, ---, 
[127.179s][info][gc,stats    ] Concurrent Marking                22467 us
[127.179s][info][gc,stats    ] Pause Final Mark (G)                464 us
[127.179s][info][gc,stats    ] Pause Final Mark (N)                360 us
[127.179s][info][gc,stats    ]   Finish Mark                       124 us
[127.179s][info][gc,stats    ]   Update Region States               59 us
[127.179s][info][gc,stats    ]   Choose Collection Set              63 us
[127.179s][info][gc,stats    ]   Rebuild Free Set                   17 us
[127.179s][info][gc,stats    ] Concurrent Weak References          120 us, parallelism: 0.04x
[127.179s][info][gc,stats    ]   CWRF: <total>                       5 us
[127.179s][info][gc,stats    ]   CWRF: Weak References               5 us, workers (us):   5, ---, ---, 
[127.179s][info][gc,stats    ] Concurrent Weak Roots               559 us
[127.179s][info][gc,stats    ]   Roots                             440 us, parallelism: 0.89x
[127.179s][info][gc,stats    ]     CWR: <total>                    391 us
[127.179s][info][gc,stats    ]     CWR: Code Cache Roots           326 us, workers (us): 326, ---, ---, 
[127.179s][info][gc,stats    ]     CWR: VM Weak Roots               61 us, workers (us):  61, ---, ---, 
[127.179s][info][gc,stats    ]     CWR: CLDG Roots                   5 us, workers (us):   5, ---, ---, 
[127.179s][info][gc,stats    ]   Rendezvous                         85 us
[127.179s][info][gc,stats    ] Concurrent Cleanup                   51 us
[127.179s][info][gc,stats    ] Concurrent Class Unloading         1917 us
[127.179s][info][gc,stats    ]   Unlink Stale                     1718 us
[127.179s][info][gc,stats    ]     System Dictionary                 3 us
[127.179s][info][gc,stats    ]     Weak Class Links                  0 us
[127.179s][info][gc,stats    ]     Code Roots                     1714 us
[127.179s][info][gc,stats    ]   Rendezvous                         63 us
[127.179s][info][gc,stats    ]   Purge Unlinked                     88 us
[127.179s][info][gc,stats    ]     Code Roots                       82 us
[127.179s][info][gc,stats    ]     CLDG                              6 us
[127.179s][info][gc,stats    ]     Exception Caches                  0 us
[127.179s][info][gc,stats    ] Pause Final Roots (G)               104 us
[127.179s][info][gc,stats    ] Pause Final Roots (N)                38 us
[127.179s][info][gc,stats    ] 
[127.179s][info][gc,stats    ] Allocation pacing accrued:
[127.179s][info][gc,stats    ]       0 of   459 ms (  0.0%): <total>
[127.179s][info][gc,stats    ]       0 of   459 ms (  0.0%): <average total>
[127.179s][info][gc,stats    ] 
[127.179s][info][gc,metaspace] Metaspace: 9000K(9216K)->9000K(9216K) NonClass: 7828K(7936K)->7828K(7936K) Class: 1172K(1280K)->1172K(1280K)
[127.179s][info][gc,ergo     ] Pacer for Idle. Initial: 83886K, Alloc Tax Rate: 1.0x
[128.815s][info][gc          ] Trigger: Explicit GC request (System.gc())
[128.815s][info][gc,ergo     ] Free: 961M, Max: 2048K regular, 954M humongous, Frag: 1% external, 0% internal; Reserve: 206M, Max: 2048K
[128.815s][info][gc,start    ] GC(180) Concurrent reset
[128.815s][info][gc,task     ] GC(180) Using 1 of 3 workers for concurrent reset
[128.815s][info][gc,ergo     ] GC(180) Pacer for Reset. Non-Taxable: 4096M
[128.816s][info][gc          ] GC(180) Concurrent reset 0.668ms
[128.816s][info][gc,start    ] GC(180) Pause Init Mark (unload classes)
[128.816s][info][gc,task     ] GC(180) Using 3 of 3 workers for init marking
[128.816s][info][gc,ref      ] GC(180) Clearing All SoftReferences
[128.816s][info][gc,ergo     ] GC(180) Pacer for Mark. Expected Live: 9469K, Free: 961M, Non-Taxable: 98506K, Alloc Tax Rate: 0.0x
[128.816s][info][gc          ] GC(180) Pause Init Mark (unload classes) 0.277ms
[128.816s][info][gc,start    ] GC(180) Concurrent marking roots
[128.816s][info][gc,task     ] GC(180) Using 1 of 3 workers for concurrent marking roots
[128.817s][info][gc          ] GC(180) Concurrent marking roots 0.431ms
[128.817s][info][gc,start    ] GC(180) Concurrent marking (unload classes)
[128.817s][info][gc,task     ] GC(180) Using 1 of 3 workers for concurrent marking
[128.822s][info][gc          ] GC(180) Concurrent marking (unload classes) 4.821ms
[128.822s][info][gc,start    ] GC(180) Pause Final Mark (unload classes)
[128.822s][info][gc,task     ] GC(180) Using 3 of 3 workers for final marking
[128.822s][info][gc,ergo     ] GC(180) Collectable Garbage: 2890M (98%), Immediate: 2890M (98%), CSet: 0B (0%)
[128.822s][info][gc          ] GC(180) Pause Final Mark (unload classes) 0.346ms
[128.822s][info][gc,start    ] GC(180) Concurrent weak references
[128.822s][info][gc,task     ] GC(180) Using 1 of 3 workers for concurrent weak references
[128.822s][info][gc,ref      ] GC(180) Encountered references: Soft: 144, Weak: 702, Final: 0, Phantom: 27
[128.822s][info][gc,ref      ] GC(180) Discovered  references: Soft: 88, Weak: 168, Final: 0, Phantom: 25
[128.822s][info][gc,ref      ] GC(180) Enqueued    references: Soft: 3, Weak: 0, Final: 0, Phantom: 0
[128.822s][info][gc          ] GC(180) Concurrent weak references 0.144ms
[128.822s][info][gc,start    ] GC(180) Concurrent weak roots
[128.822s][info][gc,task     ] GC(180) Using 1 of 3 workers for concurrent weak root
[128.823s][info][gc          ] GC(180) Concurrent weak roots 0.702ms
[128.823s][info][gc,start    ] GC(180) Concurrent cleanup
[128.823s][info][gc          ] GC(180) Concurrent cleanup 2928M->38M(4096M) 0.105ms
[128.823s][info][gc,ergo     ] GC(180) Free: 3851M, Max: 2048K regular, 2720M humongous, Frag: 30% external, 0% internal; Reserve: 206M, Max: 2048K
[128.823s][info][gc,start    ] GC(180) Concurrent class unloading
[128.823s][info][gc,task     ] GC(180) Using 1 of 3 workers for concurrent class unloading
[128.826s][info][gc          ] GC(180) Concurrent class unloading 2.536ms
[128.826s][info][gc,start    ] GC(180) Pause Final Roots
[128.826s][info][gc          ] GC(180) Pause Final Roots 0.052ms
[128.826s][info][gc,ergo     ] Free: 3851M, Max: 2048K regular, 2720M humongous, Frag: 30% external, 0% internal; Reserve: 206M, Max: 2048K
[128.826s][info][gc,stats    ] 
[128.826s][info][gc,stats    ] All times are wall-clock times, except per-root-class counters, that are sum over
[128.826s][info][gc,stats    ] all workers. Dividing the <total> over the root stage time estimates parallelism.
[128.826s][info][gc,stats    ] 
[128.826s][info][gc,stats    ] Concurrent Reset                    722 us
[128.826s][info][gc,stats    ] Pause Init Mark (G)                 435 us
[128.826s][info][gc,stats    ] Pause Init Mark (N)                 286 us
[128.826s][info][gc,stats    ]   Update Region States               92 us
[128.826s][info][gc,stats    ] Concurrent Mark Roots               449 us, parallelism: 0.77x
[128.826s][info][gc,stats    ]   CMR: <total>                      344 us
[128.826s][info][gc,stats    ]   CMR: Thread Roots                 296 us, workers (us): 296, ---, ---, 
[128.826s][info][gc,stats    ]   CMR: VM Strong Roots                6 us, workers (us):   6, ---, ---, 
[128.826s][info][gc,stats    ]   CMR: CLDG Roots                    43 us, workers (us):  43, ---, ---, 
[128.826s][info][gc,stats    ] Concurrent Marking                 4883 us
[128.826s][info][gc,stats    ] Pause Final Mark (G)                479 us
[128.826s][info][gc,stats    ] Pause Final Mark (N)                369 us
[128.826s][info][gc,stats    ]   Finish Mark                        88 us
[128.826s][info][gc,stats    ]   Update Region States               61 us
[128.826s][info][gc,stats    ]   Choose Collection Set              72 us
[128.826s][info][gc,stats    ]   Rebuild Free Set                   21 us
[128.826s][info][gc,stats    ] Concurrent Weak References          152 us, parallelism: 0.06x
[128.826s][info][gc,stats    ]   CWRF: <total>                       9 us
[128.826s][info][gc,stats    ]   CWRF: Weak References               9 us, workers (us):   9, ---, ---, 
[128.826s][info][gc,stats    ] Concurrent Weak Roots               721 us
[128.826s][info][gc,stats    ]   Roots                             617 us, parallelism: 0.89x
[128.826s][info][gc,stats    ]     CWR: <total>                    547 us
[128.826s][info][gc,stats    ]     CWR: Code Cache Roots           428 us, workers (us): 428, ---, ---, 
[128.826s][info][gc,stats    ]     CWR: VM Weak Roots              113 us, workers (us): 113, ---, ---, 
[128.826s][info][gc,stats    ]     CWR: CLDG Roots                   6 us, workers (us):   6, ---, ---, 
[128.826s][info][gc,stats    ]   Rendezvous                         69 us
[128.826s][info][gc,stats    ] Concurrent Cleanup                  113 us
[128.826s][info][gc,stats    ] Concurrent Class Unloading         2587 us
[128.826s][info][gc,stats    ]   Unlink Stale                     2307 us
[128.826s][info][gc,stats    ]     System Dictionary                 3 us
[128.826s][info][gc,stats    ]     Weak Class Links                  0 us
[128.826s][info][gc,stats    ]     Code Roots                     2303 us
[128.826s][info][gc,stats    ]   Rendezvous                         93 us
[128.826s][info][gc,stats    ]   Purge Unlinked                    116 us
[128.826s][info][gc,stats    ]     Code Roots                      106 us
[128.826s][info][gc,stats    ]     CLDG                              9 us
[128.827s][info][gc,stats    ]     Exception Caches                  0 us
[128.827s][info][gc,stats    ] Pause Final Roots (G)               192 us
[128.827s][info][gc,stats    ] Pause Final Roots (N)                75 us
[128.827s][info][gc,stats    ] 
[128.827s][info][gc,stats    ] Allocation pacing accrued:
[128.827s][info][gc,stats    ]       0 of  1647 ms (  0.0%): <total>
[128.827s][info][gc,stats    ]       0 of  1647 ms (  0.0%): <average total>
[128.827s][info][gc,stats    ] 
[128.827s][info][gc,metaspace] Metaspace: 9000K(9216K)->9001K(9216K) NonClass: 7828K(7936K)->7828K(7936K) Class: 1172K(1280K)->1172K(1280K)
[128.827s][info][gc,ergo     ] Pacer for Idle. Initial: 83886K, Alloc Tax Rate: 1.0x
[129.286s][info][gc          ] Trigger: Learning 2 of 5. Free (2859M) is below initial threshold (2867M)
[129.286s][info][gc,ergo     ] Free: 2859M, Max: 2048K regular, 1770M humongous, Frag: 39% external, 0% internal; Reserve: 206M, Max: 2048K
[129.286s][info][gc,start    ] GC(181) Concurrent reset
[129.286s][info][gc,task     ] GC(181) Using 1 of 3 workers for concurrent reset
[129.286s][info][gc,ergo     ] GC(181) Pacer for Reset. Non-Taxable: 4096M
[129.287s][info][gc          ] GC(181) Concurrent reset 0.362ms
[129.287s][info][gc,start    ] GC(181) Pause Init Mark (unload classes)
[129.287s][info][gc,task     ] GC(181) Using 3 of 3 workers for init marking
[129.287s][info][gc,ergo     ] GC(181) Pacer for Mark. Expected Live: 9469K, Free: 2857M, Non-Taxable: 285M, Alloc Tax Rate: 0.0x
[129.287s][info][gc          ] GC(181) Pause Init Mark (unload classes) 0.215ms
[129.287s][info][gc,start    ] GC(181) Concurrent marking roots
[129.287s][info][gc,task     ] GC(181) Using 1 of 3 workers for concurrent marking roots
[129.288s][info][gc          ] GC(181) Concurrent marking roots 0.390ms
[129.288s][info][gc,start    ] GC(181) Concurrent marking (unload classes)
[129.288s][info][gc,task     ] GC(181) Using 1 of 3 workers for concurrent marking
[129.296s][info][gc          ] GC(181) Concurrent marking (unload classes) 8.030ms
[129.296s][info][gc,start    ] GC(181) Pause Final Mark (unload classes)
[129.296s][info][gc,task     ] GC(181) Using 3 of 3 workers for final marking
[129.296s][info][gc,ergo     ] GC(181) Collectable Garbage: 974M (94%), Immediate: 974M (94%), CSet: 0B (0%)
[129.296s][info][gc          ] GC(181) Pause Final Mark (unload classes) 0.355ms
[129.296s][info][gc,start    ] GC(181) Concurrent weak references
[129.296s][info][gc,task     ] GC(181) Using 1 of 3 workers for concurrent weak references
[129.296s][info][gc,ref      ] GC(181) Encountered references: Soft: 144, Weak: 702, Final: 0, Phantom: 27
[129.296s][info][gc,ref      ] GC(181) Discovered  references: Soft: 0, Weak: 150, Final: 0, Phantom: 25
[129.296s][info][gc,ref      ] GC(181) Enqueued    references: Soft: 0, Weak: 0, Final: 0, Phantom: 0
[129.296s][info][gc          ] GC(181) Concurrent weak references 0.085ms
[129.296s][info][gc,start    ] GC(181) Concurrent weak roots
[129.296s][info][gc,task     ] GC(181) Using 1 of 3 workers for concurrent weak root
[129.297s][info][gc          ] GC(181) Concurrent weak roots 0.573ms
[129.297s][info][gc,start    ] GC(181) Concurrent cleanup
[129.297s][info][gc          ] GC(181) Concurrent cleanup 1050M->78M(4096M) 0.067ms
[129.297s][info][gc,ergo     ] GC(181) Free: 3811M, Max: 2048K regular, 1750M humongous, Frag: 55% external, 0% internal; Reserve: 206M, Max: 2048K
[129.297s][info][gc,start    ] GC(181) Concurrent class unloading
[129.297s][info][gc,task     ] GC(181) Using 1 of 3 workers for concurrent class unloading
[129.299s][info][gc          ] GC(181) Concurrent class unloading 1.978ms
[129.299s][info][gc,start    ] GC(181) Pause Final Roots
[129.299s][info][gc          ] GC(181) Pause Final Roots 0.024ms
[129.299s][info][gc,ergo     ] Free: 3807M, Max: 2048K regular, 1750M humongous, Frag: 55% external, 0% internal; Reserve: 206M, Max: 2048K
[129.299s][info][gc,stats    ] 
[129.299s][info][gc,stats    ] All times are wall-clock times, except per-root-class counters, that are sum over
[129.299s][info][gc,stats    ] all workers. Dividing the <total> over the root stage time estimates parallelism.
[129.299s][info][gc,stats    ] 
[129.299s][info][gc,stats    ] Concurrent Reset                    402 us
[129.299s][info][gc,stats    ] Pause Init Mark (G)                 409 us
[129.299s][info][gc,stats    ] Pause Init Mark (N)                 236 us
[129.299s][info][gc,stats    ]   Update Region States               82 us
[129.299s][info][gc,stats    ] Concurrent Mark Roots               407 us, parallelism: 0.79x
[129.299s][info][gc,stats    ]   CMR: <total>                      321 us
[129.299s][info][gc,stats    ]   CMR: Thread Roots                 283 us, workers (us): 283, ---, ---, 
[129.299s][info][gc,stats    ]   CMR: VM Strong Roots                4 us, workers (us):   4, ---, ---, 
[129.299s][info][gc,stats    ]   CMR: CLDG Roots                    34 us, workers (us):  34, ---, ---, 
[129.299s][info][gc,stats    ] Concurrent Marking                 8088 us
[129.299s][info][gc,stats    ] Pause Final Mark (G)                486 us
[129.299s][info][gc,stats    ] Pause Final Mark (N)                375 us
[129.299s][info][gc,stats    ]   Finish Mark                       123 us
[129.300s][info][gc,stats    ]   Update Region States               89 us
[129.300s][info][gc,stats    ]   Choose Collection Set              62 us
[129.300s][info][gc,stats    ]   Rebuild Free Set                   16 us
[129.300s][info][gc,stats    ] Concurrent Weak References           92 us, parallelism: 0.09x
[129.300s][info][gc,stats    ]   CWRF: <total>                       8 us
[129.300s][info][gc,stats    ]   CWRF: Weak References               8 us, workers (us):   8, ---, ---, 
[129.300s][info][gc,stats    ] Concurrent Weak Roots               593 us
[129.300s][info][gc,stats    ]   Roots                             466 us, parallelism: 0.89x
[129.300s][info][gc,stats    ]     CWR: <total>                    415 us
[129.300s][info][gc,stats    ]     CWR: Code Cache Roots           348 us, workers (us): 348, ---, ---, 
[129.300s][info][gc,stats    ]     CWR: VM Weak Roots               62 us, workers (us):  62, ---, ---, 
[129.300s][info][gc,stats    ]     CWR: CLDG Roots                   5 us, workers (us):   5, ---, ---, 
[129.300s][info][gc,stats    ]   Rendezvous                         92 us
[129.300s][info][gc,stats    ] Concurrent Cleanup                   76 us
[129.300s][info][gc,stats    ] Concurrent Class Unloading         2015 us
[129.300s][info][gc,stats    ]   Unlink Stale                     1812 us
[129.300s][info][gc,stats    ]     System Dictionary                 3 us
[129.300s][info][gc,stats    ]     Weak Class Links                  0 us
[129.300s][info][gc,stats    ]     Code Roots                     1808 us
[129.300s][info][gc,stats    ]   Rendezvous                         61 us
[129.300s][info][gc,stats    ]   Purge Unlinked                     78 us
[129.300s][info][gc,stats    ]     Code Roots                       72 us
[129.300s][info][gc,stats    ]     CLDG                              5 us
[129.300s][info][gc,stats    ]     Exception Caches                  0 us
[129.300s][info][gc,stats    ] Pause Final Roots (G)               127 us
[129.300s][info][gc,stats    ] Pause Final Roots (N)                32 us
[129.300s][info][gc,stats    ] 
[129.300s][info][gc,stats    ] Allocation pacing accrued:
[129.300s][info][gc,stats    ]       0 of   473 ms (  0.0%): <total>
[129.300s][info][gc,stats    ]       0 of   473 ms (  0.0%): <average total>
[129.300s][info][gc,stats    ] 
[129.300s][info][gc,metaspace] Metaspace: 9002K(9216K)->9002K(9216K) NonClass: 7829K(7936K)->7829K(7936K) Class: 1172K(1280K)->1172K(1280K)
[129.300s][info][gc,ergo     ] Pacer for Idle. Initial: 83886K, Alloc Tax Rate: 1.0x
[129.757s][info][gc          ] Trigger: Learning 3 of 5. Free (2841M) is below initial threshold (2867M)
[129.757s][info][gc,ergo     ] Free: 2841M, Max: 2048K regular, 1750M humongous, Frag: 39% external, 0% internal; Reserve: 206M, Max: 2048K
[129.757s][info][gc,start    ] GC(182) Concurrent reset
[129.757s][info][gc,task     ] GC(182) Using 1 of 3 workers for concurrent reset
[129.758s][info][gc,ergo     ] GC(182) Pacer for Reset. Non-Taxable: 4096M
[129.758s][info][gc          ] GC(182) Concurrent reset 0.595ms
[129.758s][info][gc,start    ] GC(182) Pause Init Mark (unload classes)
[129.758s][info][gc,task     ] GC(182) Using 3 of 3 workers for init marking
[129.758s][info][gc,ergo     ] GC(182) Pacer for Mark. Expected Live: 9465K, Free: 2839M, Non-Taxable: 283M, Alloc Tax Rate: 0.0x
[129.758s][info][gc          ] GC(182) Pause Init Mark (unload classes) 0.159ms
[129.758s][info][gc,start    ] GC(182) Concurrent marking roots
[129.758s][info][gc,task     ] GC(182) Using 1 of 3 workers for concurrent marking roots
[129.759s][info][gc          ] GC(182) Concurrent marking roots 0.433ms
[129.759s][info][gc,start    ] GC(182) Concurrent marking (unload classes)
[129.759s][info][gc,task     ] GC(182) Using 1 of 3 workers for concurrent marking
[129.772s][info][gc          ] GC(182) Concurrent marking (unload classes) 12.746ms
[129.772s][info][gc,start    ] GC(182) Pause Final Mark (unload classes)
[129.772s][info][gc,task     ] GC(182) Using 3 of 3 workers for final marking
[129.772s][info][gc,ergo     ] GC(182) Collectable Garbage: 990M (95%), Immediate: 990M (95%), CSet: 0B (0%)
[129.772s][info][gc          ] GC(182) Pause Final Mark (unload classes) 0.324ms
[129.772s][info][gc,start    ] GC(182) Concurrent weak references
[129.772s][info][gc,task     ] GC(182) Using 1 of 3 workers for concurrent weak references
[129.772s][info][gc,ref      ] GC(182) Encountered references: Soft: 144, Weak: 702, Final: 0, Phantom: 27
[129.772s][info][gc,ref      ] GC(182) Discovered  references: Soft: 0, Weak: 150, Final: 0, Phantom: 12
[129.772s][info][gc,ref      ] GC(182) Enqueued    references: Soft: 0, Weak: 0, Final: 0, Phantom: 0
[129.772s][info][gc          ] GC(182) Concurrent weak references 0.112ms
[129.772s][info][gc,start    ] GC(182) Concurrent weak roots
[129.772s][info][gc,task     ] GC(182) Using 1 of 3 workers for concurrent weak root
[129.773s][info][gc          ] GC(182) Concurrent weak roots 0.777ms
[129.773s][info][gc,start    ] GC(182) Concurrent cleanup
[129.773s][info][gc          ] GC(182) Concurrent cleanup 1080M->90M(4096M) 0.051ms
[129.773s][info][gc,ergo     ] GC(182) Free: 3799M, Max: 2048K regular, 1718M humongous, Frag: 55% external, 0% internal; Reserve: 206M, Max: 2048K
[129.773s][info][gc,start    ] GC(182) Concurrent class unloading
[129.773s][info][gc,task     ] GC(182) Using 1 of 3 workers for concurrent class unloading
[129.775s][info][gc          ] GC(182) Concurrent class unloading 2.201ms
[129.775s][info][gc,start    ] GC(182) Pause Final Roots
[129.775s][info][gc          ] GC(182) Pause Final Roots 0.020ms
[129.776s][info][gc,ergo     ] Free: 3793M, Max: 2048K regular, 1718M humongous, Frag: 55% external, 0% internal; Reserve: 206M, Max: 2048K
[129.776s][info][gc,stats    ] 
[129.776s][info][gc,stats    ] All times are wall-clock times, except per-root-class counters, that are sum over
[129.776s][info][gc,stats    ] all workers. Dividing the <total> over the root stage time estimates parallelism.
[129.776s][info][gc,stats    ] 
[129.776s][info][gc,stats    ] Concurrent Reset                    647 us
[129.776s][info][gc,stats    ] Pause Init Mark (G)                 289 us
[129.776s][info][gc,stats    ] Pause Init Mark (N)                 176 us
[129.776s][info][gc,stats    ]   Update Region States               74 us
[129.776s][info][gc,stats    ] Concurrent Mark Roots               452 us, parallelism: 0.77x
[129.776s][info][gc,stats    ]   CMR: <total>                      348 us
[129.776s][info][gc,stats    ]   CMR: Thread Roots                 307 us, workers (us): 307, ---, ---, 
[129.776s][info][gc,stats    ]   CMR: VM Strong Roots                5 us, workers (us):   5, ---, ---, 
[129.776s][info][gc,stats    ]   CMR: CLDG Roots                    36 us, workers (us):  36, ---, ---, 
[129.776s][info][gc,stats    ] Concurrent Marking                12813 us
[129.776s][info][gc,stats    ] Pause Final Mark (G)                443 us
[129.776s][info][gc,stats    ] Pause Final Mark (N)                343 us
[129.776s][info][gc,stats    ]   Finish Mark                       100 us
[129.776s][info][gc,stats    ]   Update Region States               87 us
[129.776s][info][gc,stats    ]   Choose Collection Set              59 us
[129.776s][info][gc,stats    ]   Rebuild Free Set                   16 us
[129.776s][info][gc,stats    ] Concurrent Weak References          120 us, parallelism: 0.04x
[129.776s][info][gc,stats    ]   CWRF: <total>                       5 us
[129.776s][info][gc,stats    ]   CWRF: Weak References               5 us, workers (us):   5, ---, ---, 
[129.776s][info][gc,stats    ] Concurrent Weak Roots               803 us
[129.776s][info][gc,stats    ]   Roots                             669 us, parallelism: 0.90x
[129.776s][info][gc,stats    ]     CWR: <total>                    599 us
[129.776s][info][gc,stats    ]     CWR: Code Cache Roots           480 us, workers (us): 480, ---, ---, 
[129.776s][info][gc,stats    ]     CWR: VM Weak Roots              113 us, workers (us): 113, ---, ---, 
[129.776s][info][gc,stats    ]     CWR: CLDG Roots                   6 us, workers (us):   6, ---, ---, 
[129.776s][info][gc,stats    ]   Rendezvous                         91 us
[129.776s][info][gc,stats    ] Concurrent Cleanup                   59 us
[129.776s][info][gc,stats    ] Concurrent Class Unloading         2256 us
[129.776s][info][gc,stats    ]   Unlink Stale                     1853 us
[129.776s][info][gc,stats    ]     System Dictionary                 4 us
[129.776s][info][gc,stats    ]     Weak Class Links                  0 us
[129.776s][info][gc,stats    ]     Code Roots                     1848 us
[129.776s][info][gc,stats    ]   Rendezvous                        166 us
[129.776s][info][gc,stats    ]   Purge Unlinked                    163 us
[129.776s][info][gc,stats    ]     Code Roots                      154 us
[129.776s][info][gc,stats    ]     CLDG                              9 us
[129.776s][info][gc,stats    ]     Exception Caches                  0 us
[129.776s][info][gc,stats    ] Pause Final Roots (G)               112 us
[129.776s][info][gc,stats    ] Pause Final Roots (N)                28 us
[129.776s][info][gc,stats    ] 
[129.776s][info][gc,stats    ] Allocation pacing accrued:
[129.776s][info][gc,stats    ]       0 of   476 ms (  0.0%): <total>
[129.776s][info][gc,stats    ]       0 of   476 ms (  0.0%): <average total>
[129.776s][info][gc,stats    ] 
[129.776s][info][gc,metaspace] Metaspace: 9002K(9216K)->9002K(9216K) NonClass: 7829K(7936K)->7829K(7936K) Class: 1172K(1280K)->1172K(1280K)
[129.776s][info][gc,ergo     ] Pacer for Idle. Initial: 83886K, Alloc Tax Rate: 1.0x
[130.228s][info][gc          ] Trigger: Learning 4 of 5. Free (2845M) is below initial threshold (2867M)
[130.229s][info][gc,ergo     ] Free: 2845M, Max: 2048K regular, 1718M humongous, Frag: 40% external, 0% internal; Reserve: 206M, Max: 2048K
[130.229s][info][gc,start    ] GC(183) Concurrent reset
[130.229s][info][gc,task     ] GC(183) Using 1 of 3 workers for concurrent reset
[130.229s][info][gc,ergo     ] GC(183) Pacer for Reset. Non-Taxable: 4096M
[130.229s][info][gc          ] GC(183) Concurrent reset 0.528ms
[130.229s][info][gc,start    ] GC(183) Pause Init Mark (unload classes)
[130.229s][info][gc,task     ] GC(183) Using 3 of 3 workers for init marking
[130.229s][info][gc,ergo     ] GC(183) Pacer for Mark. Expected Live: 9463K, Free: 2845M, Non-Taxable: 284M, Alloc Tax Rate: 0.0x
[130.229s][info][gc          ] GC(183) Pause Init Mark (unload classes) 0.186ms
[130.230s][info][gc,start    ] GC(183) Concurrent marking roots
[130.230s][info][gc,task     ] GC(183) Using 1 of 3 workers for concurrent marking roots
[130.230s][info][gc          ] GC(183) Concurrent marking roots 0.442ms
[130.230s][info][gc,start    ] GC(183) Concurrent marking (unload classes)
[130.230s][info][gc,task     ] GC(183) Using 1 of 3 workers for concurrent marking
[130.248s][info][gc          ] GC(183) Concurrent marking (unload classes) 17.496ms
[130.248s][info][gc,start    ] GC(183) Pause Final Mark (unload classes)
[130.248s][info][gc,task     ] GC(183) Using 3 of 3 workers for final marking
[130.248s][info][gc,ergo     ] GC(183) Collectable Garbage: 978M (94%), Immediate: 978M (94%), CSet: 0B (0%)
[130.248s][info][gc          ] GC(183) Pause Final Mark (unload classes) 0.306ms
[130.248s][info][gc,start    ] GC(183) Concurrent weak references
[130.248s][info][gc,task     ] GC(183) Using 1 of 3 workers for concurrent weak references
[130.248s][info][gc,ref      ] GC(183) Encountered references: Soft: 144, Weak: 702, Final: 0, Phantom: 27
[130.248s][info][gc,ref      ] GC(183) Discovered  references: Soft: 0, Weak: 150, Final: 0, Phantom: 25
[130.248s][info][gc,ref      ] GC(183) Enqueued    references: Soft: 0, Weak: 0, Final: 0, Phantom: 0
[130.248s][info][gc          ] GC(183) Concurrent weak references 0.113ms
[130.248s][info][gc,start    ] GC(183) Concurrent weak roots
[130.248s][info][gc,task     ] GC(183) Using 1 of 3 workers for concurrent weak root
[130.249s][info][gc          ] GC(183) Concurrent weak roots 0.580ms
[130.249s][info][gc,start    ] GC(183) Concurrent cleanup
[130.249s][info][gc          ] GC(183) Concurrent cleanup 1080M->102M(4096M) 0.042ms
[130.249s][info][gc,ergo     ] GC(183) Free: 3787M, Max: 2048K regular, 1750M humongous, Frag: 54% external, 0% internal; Reserve: 206M, Max: 2048K
[130.249s][info][gc,start    ] GC(183) Concurrent class unloading
[130.249s][info][gc,task     ] GC(183) Using 1 of 3 workers for concurrent class unloading
[130.251s][info][gc          ] GC(183) Concurrent class unloading 2.410ms
[130.251s][info][gc,start    ] GC(183) Pause Final Roots
[130.251s][info][gc          ] GC(183) Pause Final Roots 0.041ms
[130.252s][info][gc,ergo     ] Free: 3781M, Max: 2048K regular, 1750M humongous, Frag: 54% external, 0% internal; Reserve: 206M, Max: 2048K
[130.252s][info][gc,stats    ] 
[130.252s][info][gc,stats    ] All times are wall-clock times, except per-root-class counters, that are sum over
[130.252s][info][gc,stats    ] all workers. Dividing the <total> over the root stage time estimates parallelism.
[130.252s][info][gc,stats    ] 
[130.252s][info][gc,stats    ] Concurrent Reset                    561 us
[130.252s][info][gc,stats    ] Pause Init Mark (G)                 355 us
[130.252s][info][gc,stats    ] Pause Init Mark (N)                 203 us
[130.252s][info][gc,stats    ]   Update Region States               74 us
[130.252s][info][gc,stats    ] Concurrent Mark Roots               460 us, parallelism: 0.78x
[130.252s][info][gc,stats    ]   CMR: <total>                      358 us
[130.252s][info][gc,stats    ]   CMR: Thread Roots                 319 us, workers (us): 319, ---, ---, 
[130.252s][info][gc,stats    ]   CMR: VM Strong Roots                5 us, workers (us):   5, ---, ---, 
[130.252s][info][gc,stats    ]   CMR: CLDG Roots                    34 us, workers (us):  34, ---, ---, 
[130.252s][info][gc,stats    ] Concurrent Marking                17559 us
[130.252s][info][gc,stats    ] Pause Final Mark (G)                440 us
[130.252s][info][gc,stats    ] Pause Final Mark (N)                326 us
[130.252s][info][gc,stats    ]   Finish Mark                        80 us
[130.252s][info][gc,stats    ]   Update Region States               76 us
[130.252s][info][gc,stats    ]   Choose Collection Set              62 us
[130.252s][info][gc,stats    ]   Rebuild Free Set                   16 us
[130.252s][info][gc,stats    ] Concurrent Weak References          120 us, parallelism: 0.04x
[130.252s][info][gc,stats    ]   CWRF: <total>                       5 us
[130.252s][info][gc,stats    ]   CWRF: Weak References               5 us, workers (us):   5, ---, ---, 
[130.252s][info][gc,stats    ] Concurrent Weak Roots               599 us
[130.252s][info][gc,stats    ]   Roots                             478 us, parallelism: 0.89x
[130.252s][info][gc,stats    ]     CWR: <total>                    424 us
[130.252s][info][gc,stats    ]     CWR: Code Cache Roots           355 us, workers (us): 355, ---, ---, 
[130.252s][info][gc,stats    ]     CWR: VM Weak Roots               64 us, workers (us):  64, ---, ---, 
[130.252s][info][gc,stats    ]     CWR: CLDG Roots                   5 us, workers (us):   5, ---, ---, 
[130.252s][info][gc,stats    ]   Rendezvous                         87 us
[130.252s][info][gc,stats    ] Concurrent Cleanup                   50 us
[130.252s][info][gc,stats    ] Concurrent Class Unloading         2461 us
[130.252s][info][gc,stats    ]   Unlink Stale                     2127 us
[130.252s][info][gc,stats    ]     System Dictionary                 3 us
[130.252s][info][gc,stats    ]     Weak Class Links                  0 us
[130.252s][info][gc,stats    ]     Code Roots                     2123 us
[130.252s][info][gc,stats    ]   Rendezvous                        108 us
[130.252s][info][gc,stats    ]   Purge Unlinked                    157 us
[130.252s][info][gc,stats    ]     Code Roots                      148 us
[130.252s][info][gc,stats    ]     CLDG                              9 us
[130.252s][info][gc,stats    ]     Exception Caches                  0 us
[130.252s][info][gc,stats    ] Pause Final Roots (G)               182 us
[130.252s][info][gc,stats    ] Pause Final Roots (N)                58 us
[130.252s][info][gc,stats    ] 
[130.252s][info][gc,stats    ] Allocation pacing accrued:
[130.252s][info][gc,stats    ]       0 of   476 ms (  0.0%): <total>
[130.252s][info][gc,stats    ]       0 of   476 ms (  0.0%): <average total>
[130.252s][info][gc,stats    ] 
[130.252s][info][gc,metaspace] Metaspace: 9002K(9216K)->9002K(9216K) NonClass: 7829K(7936K)->7829K(7936K) Class: 1172K(1280K)->1172K(1280K)
[130.252s][info][gc,ergo     ] Pacer for Idle. Initial: 83886K, Alloc Tax Rate: 1.0x
[130.684s][info][gc          ] Trigger: Learning 5 of 5. Free (2845M) is below initial threshold (2867M)
[130.684s][info][gc,ergo     ] Free: 2843M, Max: 2048K regular, 1750M humongous, Frag: 39% external, 0% internal; Reserve: 206M, Max: 2048K
[130.684s][info][gc,start    ] GC(184) Concurrent reset
[130.684s][info][gc,task     ] GC(184) Using 1 of 3 workers for concurrent reset
[130.684s][info][gc,ergo     ] GC(184) Pacer for Reset. Non-Taxable: 4096M
[130.685s][info][gc          ] GC(184) Concurrent reset 0.622ms
[130.685s][info][gc,start    ] GC(184) Pause Init Mark (unload classes)
[130.685s][info][gc,task     ] GC(184) Using 3 of 3 workers for init marking
[130.685s][info][gc,ergo     ] GC(184) Pacer for Mark. Expected Live: 9450K, Free: 2841M, Non-Taxable: 284M, Alloc Tax Rate: 0.0x
[130.685s][info][gc          ] GC(184) Pause Init Mark (unload classes) 0.247ms
[130.685s][info][gc,start    ] GC(184) Concurrent marking roots
[130.685s][info][gc,task     ] GC(184) Using 1 of 3 workers for concurrent marking roots
[130.686s][info][gc          ] GC(184) Concurrent marking roots 0.759ms
[130.686s][info][gc,start    ] GC(184) Concurrent marking (unload classes)
[130.686s][info][gc,task     ] GC(184) Using 1 of 3 workers for concurrent marking
[130.707s][info][gc          ] GC(184) Concurrent marking (unload classes) 21.228ms
[130.707s][info][gc,start    ] GC(184) Pause Final Mark (unload classes)
[130.707s][info][gc,task     ] GC(184) Using 3 of 3 workers for final marking
[130.707s][info][gc,ergo     ] GC(184) Collectable Garbage: 970M (93%), Immediate: 970M (93%), CSet: 0B (0%)
[130.708s][info][gc          ] GC(184) Pause Final Mark (unload classes) 0.342ms
[130.708s][info][gc,start    ] GC(184) Concurrent weak references
[130.708s][info][gc,task     ] GC(184) Using 1 of 3 workers for concurrent weak references
[130.708s][info][gc,ref      ] GC(184) Encountered references: Soft: 144, Weak: 702, Final: 0, Phantom: 27
[130.708s][info][gc,ref      ] GC(184) Discovered  references: Soft: 0, Weak: 150, Final: 0, Phantom: 12
[130.708s][info][gc,ref      ] GC(184) Enqueued    references: Soft: 0, Weak: 0, Final: 0, Phantom: 0
[130.708s][info][gc          ] GC(184) Concurrent weak references 0.156ms
[130.708s][info][gc,start    ] GC(184) Concurrent weak roots
[130.708s][info][gc,task     ] GC(184) Using 1 of 3 workers for concurrent weak root
[130.708s][info][gc          ] GC(184) Concurrent weak roots 0.632ms
[130.708s][info][gc,start    ] GC(184) Concurrent cleanup
[130.708s][info][gc          ] GC(184) Concurrent cleanup 1096M->126M(4096M) 0.043ms
[130.708s][info][gc,ergo     ] GC(184) Free: 3763M, Max: 2048K regular, 1702M humongous, Frag: 55% external, 0% internal; Reserve: 206M, Max: 2048K
[130.708s][info][gc,start    ] GC(184) Concurrent class unloading
[130.708s][info][gc,task     ] GC(184) Using 1 of 3 workers for concurrent class unloading
[130.711s][info][gc          ] GC(184) Concurrent class unloading 2.610ms
[130.711s][info][gc,start    ] GC(184) Pause Final Roots
[130.711s][info][gc          ] GC(184) Pause Final Roots 0.039ms
[130.711s][info][gc,ergo     ] Free: 3757M, Max: 2048K regular, 1702M humongous, Frag: 55% external, 0% internal; Reserve: 206M, Max: 2048K
[130.711s][info][gc,stats    ] 
[130.711s][info][gc,stats    ] All times are wall-clock times, except per-root-class counters, that are sum over
[130.711s][info][gc,stats    ] all workers. Dividing the <total> over the root stage time estimates parallelism.
[130.711s][info][gc,stats    ] 
[130.711s][info][gc,stats    ] Concurrent Reset                    688 us
[130.712s][info][gc,stats    ] Pause Init Mark (G)                 396 us
[130.712s][info][gc,stats    ] Pause Init Mark (N)                 266 us
[130.712s][info][gc,stats    ]   Update Region States              117 us
[130.712s][info][gc,stats    ] Concurrent Mark Roots               777 us, parallelism: 0.85x
[130.712s][info][gc,stats    ]   CMR: <total>                      657 us
[130.712s][info][gc,stats    ]   CMR: Thread Roots                 587 us, workers (us): 587, ---, ---, 
[130.712s][info][gc,stats    ]   CMR: VM Strong Roots                6 us, workers (us):   6, ---, ---, 
[130.712s][info][gc,stats    ]   CMR: CLDG Roots                    64 us, workers (us):  64, ---, ---, 
[130.712s][info][gc,stats    ] Concurrent Marking                21291 us
[130.712s][info][gc,stats    ] Pause Final Mark (G)                501 us
[130.712s][info][gc,stats    ] Pause Final Mark (N)                362 us
[130.712s][info][gc,stats    ]   Finish Mark                       103 us
[130.712s][info][gc,stats    ]   Update Region States               86 us
[130.712s][info][gc,stats    ]   Choose Collection Set              70 us
[130.712s][info][gc,stats    ]   Rebuild Free Set                   17 us
[130.712s][info][gc,stats    ] Concurrent Weak References          172 us, parallelism: 0.03x
[130.712s][info][gc,stats    ]   CWRF: <total>                       5 us
[130.712s][info][gc,stats    ]   CWRF: Weak References               5 us, workers (us):   5, ---, ---, 
[130.712s][info][gc,stats    ] Concurrent Weak Roots               651 us
[130.712s][info][gc,stats    ]   Roots                             514 us, parallelism: 0.86x
[130.712s][info][gc,stats    ]     CWR: <total>                    441 us
[130.712s][info][gc,stats    ]     CWR: Code Cache Roots           352 us, workers (us): 352, ---, ---, 
[130.712s][info][gc,stats    ]     CWR: VM Weak Roots               84 us, workers (us):  84, ---, ---, 
[130.712s][info][gc,stats    ]     CWR: CLDG Roots                   5 us, workers (us):   5, ---, ---, 
[130.712s][info][gc,stats    ]   Rendezvous                         87 us
[130.712s][info][gc,stats    ] Concurrent Cleanup                   52 us
[130.712s][info][gc,stats    ] Concurrent Class Unloading         2675 us
[130.712s][info][gc,stats    ]   Unlink Stale                     2196 us
[130.712s][info][gc,stats    ]     System Dictionary                 2 us
[130.712s][info][gc,stats    ]     Weak Class Links                  0 us
[130.712s][info][gc,stats    ]     Code Roots                     2192 us
[130.712s][info][gc,stats    ]   Rendezvous                        188 us
[130.712s][info][gc,stats    ]   Purge Unlinked                    206 us
[130.712s][info][gc,stats    ]     Code Roots                      193 us
[130.712s][info][gc,stats    ]     CLDG                             12 us
[130.712s][info][gc,stats    ]     Exception Caches                  0 us
[130.712s][info][gc,stats    ] Pause Final Roots (G)               167 us
[130.712s][info][gc,stats    ] Pause Final Roots (N)                57 us
[130.712s][info][gc,stats    ] 
[130.712s][info][gc,stats    ] Allocation pacing accrued:
[130.712s][info][gc,stats    ]       0 of   460 ms (  0.0%): <total>
[130.712s][info][gc,stats    ]       0 of   460 ms (  0.0%): <average total>
[130.712s][info][gc,stats    ] 
[130.712s][info][gc,metaspace] Metaspace: 9002K(9216K)->9002K(9216K) NonClass: 7829K(7936K)->7829K(7936K) Class: 1172K(1280K)->1172K(1280K)
[130.712s][info][gc,ergo     ] Pacer for Idle. Initial: 83886K, Alloc Tax Rate: 1.0x
[132.347s][info][gc          ] Trigger: Explicit GC request (System.gc())
[132.347s][info][gc,ergo     ] Free: 954M, Max: 2048K regular, 954M humongous, Frag: 0% external, 0% internal; Reserve: 206M, Max: 2048K
[132.347s][info][gc,start    ] GC(185) Concurrent reset
[132.347s][info][gc,task     ] GC(185) Using 1 of 3 workers for concurrent reset
[132.347s][info][gc,ergo     ] GC(185) Pacer for Reset. Non-Taxable: 4096M
[132.348s][info][gc          ] GC(185) Concurrent reset 0.564ms
[132.348s][info][gc,start    ] GC(185) Pause Init Mark (unload classes)
[132.348s][info][gc,task     ] GC(185) Using 3 of 3 workers for init marking
[132.348s][info][gc,ref      ] GC(185) Clearing All SoftReferences
[132.348s][info][gc,ergo     ] GC(185) Pacer for Mark. Expected Live: 9446K, Free: 954M, Non-Taxable: 97689K, Alloc Tax Rate: 0.0x
[132.348s][info][gc          ] GC(185) Pause Init Mark (unload classes) 0.150ms
[132.348s][info][gc,start    ] GC(185) Concurrent marking roots
[132.348s][info][gc,task     ] GC(185) Using 1 of 3 workers for concurrent marking roots
[132.349s][info][gc          ] GC(185) Concurrent marking roots 0.761ms
[132.349s][info][gc,start    ] GC(185) Concurrent marking (unload classes)
[132.349s][info][gc,task     ] GC(185) Using 1 of 3 workers for concurrent marking
[132.352s][info][gc          ] GC(185) Concurrent marking (unload classes) 3.629ms
[132.352s][info][gc,start    ] GC(185) Pause Final Mark (unload classes)
[132.353s][info][gc,task     ] GC(185) Using 3 of 3 workers for final marking
[132.353s][info][gc,ergo     ] GC(185) Collectable Garbage: 2897M (98%), Immediate: 2897M (98%), CSet: 0B (0%)
[132.353s][info][gc          ] GC(185) Pause Final Mark (unload classes) 0.420ms
[132.353s][info][gc,start    ] GC(185) Concurrent weak references
[132.353s][info][gc,task     ] GC(185) Using 1 of 3 workers for concurrent weak references
[132.353s][info][gc,ref      ] GC(185) Encountered references: Soft: 144, Weak: 702, Final: 0, Phantom: 27
[132.353s][info][gc,ref      ] GC(185) Discovered  references: Soft: 88, Weak: 168, Final: 0, Phantom: 25
[132.353s][info][gc,ref      ] GC(185) Enqueued    references: Soft: 3, Weak: 0, Final: 0, Phantom: 0
[132.353s][info][gc          ] GC(185) Concurrent weak references 0.141ms
[132.353s][info][gc,start    ] GC(185) Concurrent weak roots
[132.353s][info][gc,task     ] GC(185) Using 1 of 3 workers for concurrent weak root
[132.354s][info][gc          ] GC(185) Concurrent weak roots 0.543ms
[132.354s][info][gc,start    ] GC(185) Concurrent cleanup
[132.354s][info][gc          ] GC(185) Concurrent cleanup 2935M->38M(4096M) 0.105ms
[132.354s][info][gc,ergo     ] GC(185) Free: 3852M, Max: 2048K regular, 2720M humongous, Frag: 30% external, 0% internal; Reserve: 206M, Max: 2048K
[132.354s][info][gc,start    ] GC(185) Concurrent class unloading
[132.354s][info][gc,task     ] GC(185) Using 1 of 3 workers for concurrent class unloading
[132.356s][info][gc          ] GC(185) Concurrent class unloading 2.430ms
[132.356s][info][gc,start    ] GC(185) Pause Final Roots
[132.356s][info][gc          ] GC(185) Pause Final Roots 0.052ms
[132.357s][info][gc,ergo     ] Free: 3852M, Max: 2048K regular, 2720M humongous, Frag: 30% external, 0% internal; Reserve: 206M, Max: 2048K
[132.357s][info][gc,stats    ] 
[132.357s][info][gc,stats    ] All times are wall-clock times, except per-root-class counters, that are sum over
[132.357s][info][gc,stats    ] all workers. Dividing the <total> over the root stage time estimates parallelism.
[132.357s][info][gc,stats    ] 
[132.357s][info][gc,stats    ] Concurrent Reset                    608 us
[132.357s][info][gc,stats    ] Pause Init Mark (G)                 226 us
[132.357s][info][gc,stats    ] Pause Init Mark (N)                 158 us
[132.357s][info][gc,stats    ]   Update Region States               70 us
[132.357s][info][gc,stats    ] Concurrent Mark Roots               786 us, parallelism: 0.83x
[132.357s][info][gc,stats    ]   CMR: <total>                      654 us
[132.357s][info][gc,stats    ]   CMR: Thread Roots                 570 us, workers (us): 570, ---, ---, 
[132.357s][info][gc,stats    ]   CMR: VM Strong Roots                6 us, workers (us):   6, ---, ---, 
[132.357s][info][gc,stats    ]   CMR: CLDG Roots                    78 us, workers (us):  78, ---, ---, 
[132.357s][info][gc,stats    ] Concurrent Marking                 3697 us
[132.357s][info][gc,stats    ] Pause Final Mark (G)                550 us
[132.357s][info][gc,stats    ] Pause Final Mark (N)                439 us
[132.357s][info][gc,stats    ]   Finish Mark                       161 us
[132.357s][info][gc,stats    ]   Update Region States               90 us
[132.357s][info][gc,stats    ]   Choose Collection Set              69 us
[132.357s][info][gc,stats    ]   Rebuild Free Set                   16 us
[132.357s][info][gc,stats    ] Concurrent Weak References          149 us, parallelism: 0.06x
[132.357s][info][gc,stats    ]   CWRF: <total>                       9 us
[132.357s][info][gc,stats    ]   CWRF: Weak References               9 us, workers (us):   9, ---, ---, 
[132.357s][info][gc,stats    ] Concurrent Weak Roots               570 us
[132.357s][info][gc,stats    ]   Roots                             427 us, parallelism: 0.88x
[132.357s][info][gc,stats    ]     CWR: <total>                    375 us
[132.357s][info][gc,stats    ]     CWR: Code Cache Roots           309 us, workers (us): 309, ---, ---, 
[132.357s][info][gc,stats    ]     CWR: VM Weak Roots               61 us, workers (us):  61, ---, ---, 
[132.357s][info][gc,stats    ]     CWR: CLDG Roots                   4 us, workers (us):   4, ---, ---, 
[132.357s][info][gc,stats    ]   Rendezvous                         98 us
[132.357s][info][gc,stats    ] Concurrent Cleanup                  114 us
[132.357s][info][gc,stats    ] Concurrent Class Unloading         2479 us
[132.357s][info][gc,stats    ]   Unlink Stale                     2166 us
[132.357s][info][gc,stats    ]     System Dictionary                 2 us
[132.357s][info][gc,stats    ]     Weak Class Links                  0 us
[132.357s][info][gc,stats    ]     Code Roots                     2162 us
[132.357s][info][gc,stats    ]   Rendezvous                         60 us
[132.357s][info][gc,stats    ]   Purge Unlinked                    185 us
[132.357s][info][gc,stats    ]     Code Roots                      175 us
[132.357s][info][gc,stats    ]     CLDG                              9 us
[132.357s][info][gc,stats    ]     Exception Caches                  0 us
[132.357s][info][gc,stats    ] Pause Final Roots (G)               206 us
[132.357s][info][gc,stats    ] Pause Final Roots (N)                75 us
[132.357s][info][gc,stats    ] 
[132.357s][info][gc,stats    ] Allocation pacing accrued:
[132.357s][info][gc,stats    ]       0 of  1645 ms (  0.0%): <total>
[132.357s][info][gc,stats    ]       0 of  1645 ms (  0.0%): <average total>
[132.357s][info][gc,stats    ] 
[132.357s][info][gc,metaspace] Metaspace: 9002K(9216K)->9002K(9216K) NonClass: 7829K(7936K)->7829K(7936K) Class: 1172K(1280K)->1172K(1280K)
[132.357s][info][gc,ergo     ] Pacer for Idle. Initial: 83886K, Alloc Tax Rate: 1.0x
[132.819s][info][gc          ] Trigger: Learning 2 of 5. Free (2852M) is below initial threshold (2867M)
[132.819s][info][gc,ergo     ] Free: 2852M, Max: 2048K regular, 1762M humongous, Frag: 39% external, 0% internal; Reserve: 206M, Max: 2048K
[132.819s][info][gc,start    ] GC(186) Concurrent reset
[132.819s][info][gc,task     ] GC(186) Using 1 of 3 workers for concurrent reset
[132.819s][info][gc,ergo     ] GC(186) Pacer for Reset. Non-Taxable: 4096M
[132.820s][info][gc          ] GC(186) Concurrent reset 0.533ms
[132.820s][info][gc,start    ] GC(186) Pause Init Mark (unload classes)
[132.820s][info][gc,task     ] GC(186) Using 3 of 3 workers for init marking
[132.820s][info][gc,ergo     ] GC(186) Pacer for Mark. Expected Live: 9446K, Free: 2850M, Non-Taxable: 285M, Alloc Tax Rate: 0.0x
[132.820s][info][gc          ] GC(186) Pause Init Mark (unload classes) 0.246ms
[132.820s][info][gc,start    ] GC(186) Concurrent marking roots
[132.820s][info][gc,task     ] GC(186) Using 1 of 3 workers for concurrent marking roots
[132.821s][info][gc          ] GC(186) Concurrent marking roots 0.765ms
[132.821s][info][gc,start    ] GC(186) Concurrent marking (unload classes)
[132.821s][info][gc,task     ] GC(186) Using 1 of 3 workers for concurrent marking
[132.829s][info][gc          ] GC(186) Concurrent marking (unload classes) 8.573ms
[132.830s][info][gc,start    ] GC(186) Pause Final Mark (unload classes)
[132.830s][info][gc,task     ] GC(186) Using 3 of 3 workers for final marking
[132.830s][info][gc,ergo     ] GC(186) Collectable Garbage: 978M (94%), Immediate: 978M (94%), CSet: 0B (0%)
[132.830s][info][gc          ] GC(186) Pause Final Mark (unload classes) 0.324ms
[132.830s][info][gc,start    ] GC(186) Concurrent weak references
[132.830s][info][gc,task     ] GC(186) Using 1 of 3 workers for concurrent weak references
[132.830s][info][gc,ref      ] GC(186) Encountered references: Soft: 144, Weak: 702, Final: 0, Phantom: 27
[132.830s][info][gc,ref      ] GC(186) Discovered  references: Soft: 0, Weak: 150, Final: 0, Phantom: 12
[132.830s][info][gc,ref      ] GC(186) Enqueued    references: Soft: 0, Weak: 0, Final: 0, Phantom: 0
[132.830s][info][gc          ] GC(186) Concurrent weak references 0.144ms
[132.830s][info][gc,start    ] GC(186) Concurrent weak roots
[132.830s][info][gc,task     ] GC(186) Using 1 of 3 workers for concurrent weak root
[132.831s][info][gc          ] GC(186) Concurrent weak roots 0.573ms
[132.831s][info][gc,start    ] GC(186) Concurrent cleanup
[132.831s][info][gc          ] GC(186) Concurrent cleanup 1062M->84M(4096M) 0.044ms
[132.831s][info][gc,ergo     ] GC(186) Free: 3806M, Max: 2048K regular, 1738M humongous, Frag: 55% external, 0% internal; Reserve: 206M, Max: 2048K
[132.831s][info][gc,start    ] GC(186) Concurrent class unloading
[132.831s][info][gc,task     ] GC(186) Using 1 of 3 workers for concurrent class unloading
[132.833s][info][gc          ] GC(186) Concurrent class unloading 2.070ms
[132.833s][info][gc,start    ] GC(186) Pause Final Roots
[132.833s][info][gc          ] GC(186) Pause Final Roots 0.020ms
[132.833s][info][gc,ergo     ] Free: 3804M, Max: 2048K regular, 1738M humongous, Frag: 55% external, 0% internal; Reserve: 206M, Max: 2048K
[132.833s][info][gc,stats    ] 
[132.833s][info][gc,stats    ] All times are wall-clock times, except per-root-class counters, that are sum over
[132.833s][info][gc,stats    ] all workers. Dividing the <total> over the root stage time estimates parallelism.
[132.833s][info][gc,stats    ] 
[132.833s][info][gc,stats    ] Concurrent Reset                    593 us
[132.833s][info][gc,stats    ] Pause Init Mark (G)                 403 us
[132.833s][info][gc,stats    ] Pause Init Mark (N)                 265 us
[132.833s][info][gc,stats    ]   Update Region States              116 us
[132.833s][info][gc,stats    ] Concurrent Mark Roots               788 us, parallelism: 0.84x
[132.833s][info][gc,stats    ]   CMR: <total>                      665 us
[132.833s][info][gc,stats    ]   CMR: Thread Roots                 595 us, workers (us): 595, ---, ---, 
[132.833s][info][gc,stats    ]   CMR: VM Strong Roots                7 us, workers (us):   7, ---, ---, 
[132.833s][info][gc,stats    ]   CMR: CLDG Roots                    64 us, workers (us):  64, ---, ---, 
[132.833s][info][gc,stats    ] Concurrent Marking                 8632 us
[132.833s][info][gc,stats    ] Pause Final Mark (G)                459 us
[132.833s][info][gc,stats    ] Pause Final Mark (N)                343 us
[132.833s][info][gc,stats    ]   Finish Mark                       102 us
[132.833s][info][gc,stats    ]   Update Region States               82 us
[132.833s][info][gc,stats    ]   Choose Collection Set              62 us
[132.833s][info][gc,stats    ]   Rebuild Free Set                   16 us
[132.833s][info][gc,stats    ] Concurrent Weak References          152 us, parallelism: 0.05x
[132.833s][info][gc,stats    ]   CWRF: <total>                       7 us
[132.833s][info][gc,stats    ]   CWRF: Weak References               7 us, workers (us):   7, ---, ---, 
[132.833s][info][gc,stats    ] Concurrent Weak Roots               592 us
[132.833s][info][gc,stats    ]   Roots                             479 us, parallelism: 0.89x
[132.833s][info][gc,stats    ]     CWR: <total>                    425 us
[132.833s][info][gc,stats    ]     CWR: Code Cache Roots           357 us, workers (us): 357, ---, ---, 
[132.834s][info][gc,stats    ]     CWR: VM Weak Roots               63 us, workers (us):  63, ---, ---, 
[132.834s][info][gc,stats    ]     CWR: CLDG Roots                   5 us, workers (us):   5, ---, ---, 
[132.834s][info][gc,stats    ]   Rendezvous                         78 us
[132.834s][info][gc,stats    ] Concurrent Cleanup                   52 us
[132.834s][info][gc,stats    ] Concurrent Class Unloading         2123 us
[132.834s][info][gc,stats    ]   Unlink Stale                     1813 us
[132.834s][info][gc,stats    ]     System Dictionary                 2 us
[132.834s][info][gc,stats    ]     Weak Class Links                  0 us
[132.834s][info][gc,stats    ]     Code Roots                     1809 us
[132.834s][info][gc,stats    ]   Rendezvous                        120 us
[132.834s][info][gc,stats    ]   Purge Unlinked                    118 us
[132.834s][info][gc,stats    ]     Code Roots                      108 us
[132.834s][info][gc,stats    ]     CLDG                              9 us
[132.834s][info][gc,stats    ]     Exception Caches                  0 us
[132.834s][info][gc,stats    ] Pause Final Roots (G)               111 us
[132.834s][info][gc,stats    ] Pause Final Roots (N)                28 us
[132.834s][info][gc,stats    ] 
[132.834s][info][gc,stats    ] Allocation pacing accrued:
[132.834s][info][gc,stats    ]       0 of   476 ms (  0.0%): <total>
[132.834s][info][gc,stats    ]       0 of   476 ms (  0.0%): <average total>
[132.834s][info][gc,stats    ] 
[132.834s][info][gc,metaspace] Metaspace: 9004K(9216K)->9004K(9216K) NonClass: 7831K(7936K)->7831K(7936K) Class: 1172K(1280K)->1172K(1280K)
[132.834s][info][gc,ergo     ] Pacer for Idle. Initial: 83886K, Alloc Tax Rate: 1.0x
[133.290s][info][gc          ] Trigger: Learning 3 of 5. Free (2838M) is below initial threshold (2867M)
[133.290s][info][gc,ergo     ] Free: 2838M, Max: 2048K regular, 1738M humongous, Frag: 39% external, 0% internal; Reserve: 206M, Max: 2048K
[133.290s][info][gc,start    ] GC(187) Concurrent reset
[133.290s][info][gc,task     ] GC(187) Using 1 of 3 workers for concurrent reset
[133.290s][info][gc,ergo     ] GC(187) Pacer for Reset. Non-Taxable: 4096M
[133.290s][info][gc          ] GC(187) Concurrent reset 0.480ms
[133.291s][info][gc,start    ] GC(187) Pause Init Mark (unload classes)
[133.291s][info][gc,task     ] GC(187) Using 3 of 3 workers for init marking
[133.291s][info][gc,ergo     ] GC(187) Pacer for Mark. Expected Live: 9451K, Free: 2838M, Non-Taxable: 283M, Alloc Tax Rate: 0.0x
[133.291s][info][gc          ] GC(187) Pause Init Mark (unload classes) 0.203ms
[133.291s][info][gc,start    ] GC(187) Concurrent marking roots
[133.291s][info][gc,task     ] GC(187) Using 1 of 3 workers for concurrent marking roots
[133.291s][info][gc          ] GC(187) Concurrent marking roots 0.395ms
[133.291s][info][gc,start    ] GC(187) Concurrent marking (unload classes)
[133.291s][info][gc,task     ] GC(187) Using 1 of 3 workers for concurrent marking
[133.304s][info][gc          ] GC(187) Concurrent marking (unload classes) 12.894ms
[133.304s][info][gc,start    ] GC(187) Pause Final Mark (unload classes)
[133.304s][info][gc,task     ] GC(187) Using 3 of 3 workers for final marking
[133.305s][info][gc,ergo     ] GC(187) Collectable Garbage: 994M (95%), Immediate: 994M (95%), CSet: 0B (0%)
[133.305s][info][gc          ] GC(187) Pause Final Mark (unload classes) 0.345ms
[133.305s][info][gc,start    ] GC(187) Concurrent weak references
[133.305s][info][gc,task     ] GC(187) Using 1 of 3 workers for concurrent weak references
[133.305s][info][gc,ref      ] GC(187) Encountered references: Soft: 144, Weak: 702, Final: 0, Phantom: 27
[133.305s][info][gc,ref      ] GC(187) Discovered  references: Soft: 0, Weak: 150, Final: 0, Phantom: 25
[133.305s][info][gc,ref      ] GC(187) Enqueued    references: Soft: 0, Weak: 0, Final: 0, Phantom: 0
[133.305s][info][gc          ] GC(187) Concurrent weak references 0.117ms
[133.305s][info][gc,start    ] GC(187) Concurrent weak roots
[133.305s][info][gc,task     ] GC(187) Using 1 of 3 workers for concurrent weak root
[133.306s][info][gc          ] GC(187) Concurrent weak roots 0.598ms
[133.306s][info][gc,start    ] GC(187) Concurrent cleanup
[133.306s][info][gc          ] GC(187) Concurrent cleanup 1082M->88M(4096M) 0.046ms
[133.306s][info][gc,ergo     ] GC(187) Free: 3802M, Max: 2048K regular, 1718M humongous, Frag: 55% external, 0% internal; Reserve: 206M, Max: 2048K
[133.306s][info][gc,start    ] GC(187) Concurrent class unloading
[133.306s][info][gc,task     ] GC(187) Using 1 of 3 workers for concurrent class unloading
[133.308s][info][gc          ] GC(187) Concurrent class unloading 1.986ms
[133.308s][info][gc,start    ] GC(187) Pause Final Roots
[133.308s][info][gc          ] GC(187) Pause Final Roots 0.024ms
[133.308s][info][gc,ergo     ] Free: 3798M, Max: 2048K regular, 1718M humongous, Frag: 55% external, 0% internal; Reserve: 206M, Max: 2048K
[133.308s][info][gc,stats    ] 
[133.308s][info][gc,stats    ] All times are wall-clock times, except per-root-class counters, that are sum over
[133.308s][info][gc,stats    ] all workers. Dividing the <total> over the root stage time estimates parallelism.
[133.308s][info][gc,stats    ] 
[133.308s][info][gc,stats    ] Concurrent Reset                    529 us
[133.308s][info][gc,stats    ] Pause Init Mark (G)                 412 us
[133.308s][info][gc,stats    ] Pause Init Mark (N)                 225 us
[133.308s][info][gc,stats    ]   Update Region States               70 us
[133.308s][info][gc,stats    ] Concurrent Mark Roots               413 us, parallelism: 0.79x
[133.308s][info][gc,stats    ]   CMR: <total>                      326 us
[133.308s][info][gc,stats    ]   CMR: Thread Roots                 287 us, workers (us): 287, ---, ---, 
[133.308s][info][gc,stats    ]   CMR: VM Strong Roots                5 us, workers (us):   5, ---, ---, 
[133.308s][info][gc,stats    ]   CMR: CLDG Roots                    34 us, workers (us):  34, ---, ---, 
[133.308s][info][gc,stats    ] Concurrent Marking                12954 us
[133.308s][info][gc,stats    ] Pause Final Mark (G)                494 us
[133.308s][info][gc,stats    ] Pause Final Mark (N)                365 us
[133.308s][info][gc,stats    ]   Finish Mark                       111 us
[133.308s][info][gc,stats    ]   Update Region States               89 us
[133.308s][info][gc,stats    ]   Choose Collection Set              63 us
[133.308s][info][gc,stats    ]   Rebuild Free Set                   17 us
[133.308s][info][gc,stats    ] Concurrent Weak References          124 us, parallelism: 0.06x
[133.308s][info][gc,stats    ]   CWRF: <total>                       8 us
[133.308s][info][gc,stats    ]   CWRF: Weak References               8 us, workers (us):   8, ---, ---, 
[133.308s][info][gc,stats    ] Concurrent Weak Roots               621 us
[133.308s][info][gc,stats    ]   Roots                             496 us, parallelism: 0.90x
[133.308s][info][gc,stats    ]     CWR: <total>                    446 us
[133.308s][info][gc,stats    ]     CWR: Code Cache Roots           378 us, workers (us): 378, ---, ---, 
[133.308s][info][gc,stats    ]     CWR: VM Weak Roots               63 us, workers (us):  63, ---, ---, 
[133.308s][info][gc,stats    ]     CWR: CLDG Roots                   5 us, workers (us):   5, ---, ---, 
[133.308s][info][gc,stats    ]   Rendezvous                         86 us
[133.308s][info][gc,stats    ] Concurrent Cleanup                   55 us
[133.308s][info][gc,stats    ] Concurrent Class Unloading         2041 us
[133.308s][info][gc,stats    ]   Unlink Stale                     1809 us
[133.308s][info][gc,stats    ]     System Dictionary                 3 us
[133.308s][info][gc,stats    ]     Weak Class Links                  0 us
[133.308s][info][gc,stats    ]     Code Roots                     1804 us
[133.308s][info][gc,stats    ]   Rendezvous                         53 us
[133.308s][info][gc,stats    ]   Purge Unlinked                    106 us
[133.308s][info][gc,stats    ]     Code Roots                       97 us
[133.308s][info][gc,stats    ]     CLDG                              9 us
[133.308s][info][gc,stats    ]     Exception Caches                  0 us
[133.308s][info][gc,stats    ] Pause Final Roots (G)               130 us
[133.308s][info][gc,stats    ] Pause Final Roots (N)                32 us
[133.309s][info][gc,stats    ] 
[133.309s][info][gc,stats    ] Allocation pacing accrued:
[133.309s][info][gc,stats    ]       0 of   475 ms (  0.0%): <total>
[133.309s][info][gc,stats    ]       0 of   475 ms (  0.0%): <average total>
[133.309s][info][gc,stats    ] 
[133.309s][info][gc,metaspace] Metaspace: 9004K(9216K)->9004K(9216K) NonClass: 7831K(7936K)->7831K(7936K) Class: 1172K(1280K)->1172K(1280K)
[133.309s][info][gc,ergo     ] Pacer for Idle. Initial: 83886K, Alloc Tax Rate: 1.0x
[133.760s][info][gc          ] Trigger: Learning 4 of 5. Free (2842M) is below initial threshold (2867M)
[133.760s][info][gc,ergo     ] Free: 2842M, Max: 2048K regular, 1718M humongous, Frag: 40% external, 0% internal; Reserve: 206M, Max: 2048K
[133.760s][info][gc,start    ] GC(188) Concurrent reset
[133.760s][info][gc,task     ] GC(188) Using 1 of 3 workers for concurrent reset
[133.760s][info][gc,ergo     ] GC(188) Pacer for Reset. Non-Taxable: 4096M
[133.761s][info][gc          ] GC(188) Concurrent reset 0.577ms
[133.761s][info][gc,start    ] GC(188) Pause Init Mark (unload classes)
[133.761s][info][gc,task     ] GC(188) Using 3 of 3 workers for init marking
[133.761s][info][gc,ergo     ] GC(188) Pacer for Mark. Expected Live: 9456K, Free: 2840M, Non-Taxable: 284M, Alloc Tax Rate: 0.0x
[133.761s][info][gc          ] GC(188) Pause Init Mark (unload classes) 0.168ms
[133.761s][info][gc,start    ] GC(188) Concurrent marking roots
[133.761s][info][gc,task     ] GC(188) Using 1 of 3 workers for concurrent marking roots
[133.762s][info][gc          ] GC(188) Concurrent marking roots 0.411ms
[133.762s][info][gc,start    ] GC(188) Concurrent marking (unload classes)
[133.762s][info][gc,task     ] GC(188) Using 1 of 3 workers for concurrent marking
[133.779s][info][gc          ] GC(188) Concurrent marking (unload classes) 16.939ms
[133.779s][info][gc,start    ] GC(188) Pause Final Mark (unload classes)
[133.779s][info][gc,task     ] GC(188) Using 3 of 3 workers for final marking
[133.779s][info][gc,ergo     ] GC(188) Collectable Garbage: 986M (95%), Immediate: 986M (95%), CSet: 0B (0%)
[133.779s][info][gc          ] GC(188) Pause Final Mark (unload classes) 0.344ms
[133.779s][info][gc,start    ] GC(188) Concurrent weak references
[133.779s][info][gc,task     ] GC(188) Using 1 of 3 workers for concurrent weak references
[133.779s][info][gc,ref      ] GC(188) Encountered references: Soft: 144, Weak: 702, Final: 0, Phantom: 27
[133.779s][info][gc,ref      ] GC(188) Discovered  references: Soft: 0, Weak: 150, Final: 0, Phantom: 12
[133.779s][info][gc,ref      ] GC(188) Enqueued    references: Soft: 0, Weak: 0, Final: 0, Phantom: 0
[133.779s][info][gc          ] GC(188) Concurrent weak references 0.158ms
[133.779s][info][gc,start    ] GC(188) Concurrent weak roots
[133.779s][info][gc,task     ] GC(188) Using 1 of 3 workers for concurrent weak root
[133.780s][info][gc          ] GC(188) Concurrent weak roots 0.596ms
[133.780s][info][gc,start    ] GC(188) Concurrent cleanup
[133.780s][info][gc          ] GC(188) Concurrent cleanup 1088M->102M(4096M) 0.042ms
[133.780s][info][gc,ergo     ] GC(188) Free: 3788M, Max: 2048K regular, 1712M humongous, Frag: 55% external, 0% internal; Reserve: 206M, Max: 2048K
[133.780s][info][gc,start    ] GC(188) Concurrent class unloading
[133.780s][info][gc,task     ] GC(188) Using 1 of 3 workers for concurrent class unloading
[133.782s][info][gc          ] GC(188) Concurrent class unloading 1.970ms
[133.782s][info][gc,start    ] GC(188) Pause Final Roots
[133.782s][info][gc          ] GC(188) Pause Final Roots 0.041ms
[133.782s][info][gc,ergo     ] Free: 3782M, Max: 2048K regular, 1712M humongous, Frag: 55% external, 0% internal; Reserve: 206M, Max: 2048K
[133.782s][info][gc,stats    ] 
[133.782s][info][gc,stats    ] All times are wall-clock times, except per-root-class counters, that are sum over
[133.782s][info][gc,stats    ] all workers. Dividing the <total> over the root stage time estimates parallelism.
[133.782s][info][gc,stats    ] 
[133.782s][info][gc,stats    ] Concurrent Reset                    637 us
[133.782s][info][gc,stats    ] Pause Init Mark (G)                 320 us
[133.782s][info][gc,stats    ] Pause Init Mark (N)                 185 us
[133.782s][info][gc,stats    ]   Update Region States               64 us
[133.782s][info][gc,stats    ] Concurrent Mark Roots               434 us, parallelism: 0.75x
[133.782s][info][gc,stats    ]   CMR: <total>                      324 us
[133.782s][info][gc,stats    ]   CMR: Thread Roots                 285 us, workers (us): 285, ---, ---, 
[133.782s][info][gc,stats    ]   CMR: VM Strong Roots                4 us, workers (us):   4, ---, ---, 
[133.782s][info][gc,stats    ]   CMR: CLDG Roots                    34 us, workers (us):  34, ---, ---, 
[133.782s][info][gc,stats    ] Concurrent Marking                17000 us
[133.782s][info][gc,stats    ] Pause Final Mark (G)                493 us
[133.782s][info][gc,stats    ] Pause Final Mark (N)                364 us
[133.782s][info][gc,stats    ]   Finish Mark                       109 us
[133.782s][info][gc,stats    ]   Update Region States               90 us
[133.782s][info][gc,stats    ]   Choose Collection Set              62 us
[133.783s][info][gc,stats    ]   Rebuild Free Set                   16 us
[133.783s][info][gc,stats    ] Concurrent Weak References          174 us, parallelism: 0.03x
[133.783s][info][gc,stats    ]   CWRF: <total>                       5 us
[133.783s][info][gc,stats    ]   CWRF: Weak References               5 us, workers (us):   5, ---, ---, 
[133.783s][info][gc,stats    ] Concurrent Weak Roots               615 us
[133.783s][info][gc,stats    ]   Roots                             486 us, parallelism: 0.87x
[133.783s][info][gc,stats    ]     CWR: <total>                    423 us
[133.783s][info][gc,stats    ]     CWR: Code Cache Roots           356 us, workers (us): 356, ---, ---, 
[133.783s][info][gc,stats    ]     CWR: VM Weak Roots               62 us, workers (us):  62, ---, ---, 
[133.783s][info][gc,stats    ]     CWR: CLDG Roots                   5 us, workers (us):   5, ---, ---, 
[133.783s][info][gc,stats    ]   Rendezvous                         80 us
[133.783s][info][gc,stats    ] Concurrent Cleanup                   51 us
[133.783s][info][gc,stats    ] Concurrent Class Unloading         2024 us
[133.783s][info][gc,stats    ]   Unlink Stale                     1760 us
[133.783s][info][gc,stats    ]     System Dictionary                 2 us
[133.783s][info][gc,stats    ]     Weak Class Links                  0 us
[133.783s][info][gc,stats    ]     Code Roots                     1756 us
[133.783s][info][gc,stats    ]   Rendezvous                         69 us
[133.783s][info][gc,stats    ]   Purge Unlinked                    122 us
[133.783s][info][gc,stats    ]     Code Roots                      113 us
[133.783s][info][gc,stats    ]     CLDG                              9 us
[133.783s][info][gc,stats    ]     Exception Caches                  0 us
[133.783s][info][gc,stats    ] Pause Final Roots (G)               181 us
[133.783s][info][gc,stats    ] Pause Final Roots (N)                58 us
[133.783s][info][gc,stats    ] 
[133.783s][info][gc,stats    ] Allocation pacing accrued:
[133.783s][info][gc,stats    ]       0 of   474 ms (  0.0%): <total>
[133.783s][info][gc,stats    ]       0 of   474 ms (  0.0%): <average total>
[133.783s][info][gc,stats    ] 
[133.783s][info][gc,metaspace] Metaspace: 9004K(9216K)->9004K(9216K) NonClass: 7831K(7936K)->7831K(7936K) Class: 1172K(1280K)->1172K(1280K)
[133.783s][info][gc,ergo     ] Pacer for Idle. Initial: 83886K, Alloc Tax Rate: 1.0x
[134.215s][info][gc          ] Trigger: Learning 5 of 5. Free (2858M) is below initial threshold (2867M)
[134.215s][info][gc,ergo     ] Free: 2858M, Max: 2048K regular, 1712M humongous, Frag: 41% external, 0% internal; Reserve: 206M, Max: 2048K
[134.215s][info][gc,start    ] GC(189) Concurrent reset
[134.215s][info][gc,task     ] GC(189) Using 1 of 3 workers for concurrent reset
[134.215s][info][gc,ergo     ] GC(189) Pacer for Reset. Non-Taxable: 4096M
[134.216s][info][gc          ] GC(189) Concurrent reset 0.619ms
[134.216s][info][gc,start    ] GC(189) Pause Init Mark (unload classes)
[134.216s][info][gc,task     ] GC(189) Using 3 of 3 workers for init marking
[134.216s][info][gc,ergo     ] GC(189) Pacer for Mark. Expected Live: 9465K, Free: 2856M, Non-Taxable: 285M, Alloc Tax Rate: 0.0x
[134.216s][info][gc          ] GC(189) Pause Init Mark (unload classes) 0.193ms
[134.217s][info][gc,start    ] GC(189) Concurrent marking roots
[134.217s][info][gc,task     ] GC(189) Using 1 of 3 workers for concurrent marking roots
[134.217s][info][gc          ] GC(189) Concurrent marking roots 0.880ms
[134.217s][info][gc,start    ] GC(189) Concurrent marking (unload classes)
[134.217s][info][gc,task     ] GC(189) Using 1 of 3 workers for concurrent marking
[134.239s][info][gc          ] GC(189) Concurrent marking (unload classes) 21.132ms
[134.239s][info][gc,start    ] GC(189) Pause Final Mark (unload classes)
[134.239s][info][gc,task     ] GC(189) Using 3 of 3 workers for final marking
[134.239s][info][gc,ergo     ] GC(189) Collectable Garbage: 950M (93%), Immediate: 950M (93%), CSet: 0B (0%)
[134.239s][info][gc          ] GC(189) Pause Final Mark (unload classes) 0.257ms
[134.239s][info][gc,start    ] GC(189) Concurrent weak references
[134.239s][info][gc,task     ] GC(189) Using 1 of 3 workers for concurrent weak references
[134.239s][info][gc,ref      ] GC(189) Encountered references: Soft: 144, Weak: 702, Final: 0, Phantom: 27
[134.239s][info][gc,ref      ] GC(189) Discovered  references: Soft: 0, Weak: 150, Final: 0, Phantom: 12
[134.239s][info][gc,ref      ] GC(189) Enqueued    references: Soft: 0, Weak: 0, Final: 0, Phantom: 0
[134.239s][info][gc          ] GC(189) Concurrent weak references 0.121ms
[134.239s][info][gc,start    ] GC(189) Concurrent weak roots
[134.239s][info][gc,task     ] GC(189) Using 1 of 3 workers for concurrent weak root
[134.240s][info][gc          ] GC(189) Concurrent weak roots 0.687ms
[134.240s][info][gc,start    ] GC(189) Concurrent cleanup
[134.240s][info][gc          ] GC(189) Concurrent cleanup 1080M->130M(4096M) 0.043ms
[134.240s][info][gc,ergo     ] GC(189) Free: 3760M, Max: 2048K regular, 1726M humongous, Frag: 55% external, 0% internal; Reserve: 206M, Max: 2048K
[134.240s][info][gc,start    ] GC(189) Concurrent class unloading
[134.240s][info][gc,task     ] GC(189) Using 1 of 3 workers for concurrent class unloading
[134.242s][info][gc          ] GC(189) Concurrent class unloading 1.921ms
[134.242s][info][gc,start    ] GC(189) Pause Final Roots
[134.242s][info][gc          ] GC(189) Pause Final Roots 0.025ms
[134.242s][info][gc,ergo     ] Free: 3756M, Max: 2048K regular, 1726M humongous, Frag: 55% external, 0% internal; Reserve: 206M, Max: 2048K
[134.242s][info][gc,stats    ] 
[134.242s][info][gc,stats    ] All times are wall-clock times, except per-root-class counters, that are sum over
[134.242s][info][gc,stats    ] all workers. Dividing the <total> over the root stage time estimates parallelism.
[134.242s][info][gc,stats    ] 
[134.242s][info][gc,stats    ] Concurrent Reset                    687 us
[134.242s][info][gc,stats    ] Pause Init Mark (G)                 386 us
[134.242s][info][gc,stats    ] Pause Init Mark (N)                 202 us
[134.242s][info][gc,stats    ]   Update Region States               83 us
[134.242s][info][gc,stats    ] Concurrent Mark Roots               903 us, parallelism: 0.78x
[134.242s][info][gc,stats    ]   CMR: <total>                      708 us
[134.242s][info][gc,stats    ]   CMR: Thread Roots                 620 us, workers (us): 620, ---, ---, 
[134.242s][info][gc,stats    ]   CMR: VM Strong Roots                9 us, workers (us):   9, ---, ---, 
[134.242s][info][gc,stats    ]   CMR: CLDG Roots                    78 us, workers (us):  78, ---, ---, 
[134.242s][info][gc,stats    ] Concurrent Marking                21193 us
[134.242s][info][gc,stats    ] Pause Final Mark (G)                355 us
[134.242s][info][gc,stats    ] Pause Final Mark (N)                275 us
[134.242s][info][gc,stats    ]   Finish Mark                        86 us
[134.242s][info][gc,stats    ]   Update Region States               46 us
[134.242s][info][gc,stats    ]   Choose Collection Set              47 us
[134.242s][info][gc,stats    ]   Rebuild Free Set                   17 us
[134.242s][info][gc,stats    ] Concurrent Weak References          129 us, parallelism: 0.04x
[134.242s][info][gc,stats    ]   CWRF: <total>                       5 us
[134.242s][info][gc,stats    ]   CWRF: Weak References               5 us, workers (us):   5, ---, ---, 
[134.242s][info][gc,stats    ] Concurrent Weak Roots               706 us
[134.242s][info][gc,stats    ]   Roots                             621 us, parallelism: 0.89x
[134.242s][info][gc,stats    ]     CWR: <total>                    551 us
[134.242s][info][gc,stats    ]     CWR: Code Cache Roots           432 us, workers (us): 432, ---, ---, 
[134.242s][info][gc,stats    ]     CWR: VM Weak Roots              113 us, workers (us): 113, ---, ---, 
[134.243s][info][gc,stats    ]     CWR: CLDG Roots                   6 us, workers (us):   6, ---, ---, 
[134.243s][info][gc,stats    ]   Rendezvous                         50 us
[134.243s][info][gc,stats    ] Concurrent Cleanup                   51 us
[134.243s][info][gc,stats    ] Concurrent Class Unloading         1973 us
[134.243s][info][gc,stats    ]   Unlink Stale                     1714 us
[134.243s][info][gc,stats    ]     System Dictionary                 3 us
[134.243s][info][gc,stats    ]     Weak Class Links                  0 us
[134.243s][info][gc,stats    ]     Code Roots                     1710 us
[134.243s][info][gc,stats    ]   Rendezvous                         72 us
[134.243s][info][gc,stats    ]   Purge Unlinked                    116 us
[134.243s][info][gc,stats    ]     Code Roots                      106 us
[134.243s][info][gc,stats    ]     CLDG                              9 us
[134.243s][info][gc,stats    ]     Exception Caches                  0 us
[134.243s][info][gc,stats    ] Pause Final Roots (G)               130 us
[134.243s][info][gc,stats    ] Pause Final Roots (N)                40 us
[134.243s][info][gc,stats    ] 
[134.243s][info][gc,stats    ] Allocation pacing accrued:
[134.243s][info][gc,stats    ]       0 of   460 ms (  0.0%): <total>
[134.243s][info][gc,stats    ]       0 of   460 ms (  0.0%): <average total>
[134.243s][info][gc,stats    ] 
[134.243s][info][gc,metaspace] Metaspace: 9004K(9216K)->9004K(9216K) NonClass: 7831K(7936K)->7831K(7936K) Class: 1172K(1280K)->1172K(1280K)
[134.243s][info][gc,ergo     ] Pacer for Idle. Initial: 83886K, Alloc Tax Rate: 1.0x
[135.878s][info][gc          ] Trigger: Explicit GC request (System.gc())
[135.879s][info][gc,ergo     ] Free: 954M, Max: 2048K regular, 954M humongous, Frag: 0% external, 0% internal; Reserve: 206M, Max: 2048K
[135.879s][info][gc,start    ] GC(190) Concurrent reset
[135.879s][info][gc,task     ] GC(190) Using 1 of 3 workers for concurrent reset
[135.879s][info][gc,ergo     ] GC(190) Pacer for Reset. Non-Taxable: 4096M
[135.879s][info][gc          ] GC(190) Concurrent reset 0.647ms
[135.879s][info][gc,start    ] GC(190) Pause Init Mark (unload classes)
[135.879s][info][gc,task     ] GC(190) Using 3 of 3 workers for init marking
[135.880s][info][gc,ref      ] GC(190) Clearing All SoftReferences
[135.880s][info][gc,ergo     ] GC(190) Pacer for Mark. Expected Live: 9467K, Free: 954M, Non-Taxable: 97689K, Alloc Tax Rate: 0.0x
[135.880s][info][gc          ] GC(190) Pause Init Mark (unload classes) 0.175ms
[135.880s][info][gc,start    ] GC(190) Concurrent marking roots
[135.880s][info][gc,task     ] GC(190) Using 1 of 3 workers for concurrent marking roots
[135.880s][info][gc          ] GC(190) Concurrent marking roots 0.411ms
[135.880s][info][gc,start    ] GC(190) Concurrent marking (unload classes)
[135.880s][info][gc,task     ] GC(190) Using 1 of 3 workers for concurrent marking
[135.883s][info][gc          ] GC(190) Concurrent marking (unload classes) 3.449ms
[135.884s][info][gc,start    ] GC(190) Pause Final Mark (unload classes)
[135.884s][info][gc,task     ] GC(190) Using 3 of 3 workers for final marking
[135.884s][info][gc,ergo     ] GC(190) Collectable Garbage: 2896M (98%), Immediate: 2896M (98%), CSet: 0B (0%)
[135.884s][info][gc          ] GC(190) Pause Final Mark (unload classes) 0.296ms
[135.884s][info][gc,start    ] GC(190) Concurrent weak references
[135.884s][info][gc,task     ] GC(190) Using 1 of 3 workers for concurrent weak references
[135.884s][info][gc,ref      ] GC(190) Encountered references: Soft: 144, Weak: 702, Final: 0, Phantom: 27
[135.884s][info][gc,ref      ] GC(190) Discovered  references: Soft: 88, Weak: 168, Final: 0, Phantom: 25
[135.884s][info][gc,ref      ] GC(190) Enqueued    references: Soft: 3, Weak: 0, Final: 0, Phantom: 0
[135.884s][info][gc          ] GC(190) Concurrent weak references 0.138ms
[135.884s][info][gc,start    ] GC(190) Concurrent weak roots
[135.884s][info][gc,task     ] GC(190) Using 1 of 3 workers for concurrent weak root
[135.885s][info][gc          ] GC(190) Concurrent weak roots 0.503ms
[135.885s][info][gc,start    ] GC(190) Concurrent cleanup
[135.885s][info][gc          ] GC(190) Concurrent cleanup 2936M->40M(4096M) 0.107ms
[135.885s][info][gc,ergo     ] GC(190) Free: 3850M, Max: 2048K regular, 2720M humongous, Frag: 30% external, 0% internal; Reserve: 206M, Max: 2048K
[135.885s][info][gc,start    ] GC(190) Concurrent class unloading
[135.885s][info][gc,task     ] GC(190) Using 1 of 3 workers for concurrent class unloading
[135.887s][info][gc          ] GC(190) Concurrent class unloading 2.361ms
[135.887s][info][gc,start    ] GC(190) Pause Final Roots
[135.887s][info][gc          ] GC(190) Pause Final Roots 0.013ms
[135.887s][info][gc,ergo     ] Free: 3850M, Max: 2048K regular, 2720M humongous, Frag: 30% external, 0% internal; Reserve: 206M, Max: 2048K
[135.887s][info][gc,stats    ] 
[135.887s][info][gc,stats    ] All times are wall-clock times, except per-root-class counters, that are sum over
[135.887s][info][gc,stats    ] all workers. Dividing the <total> over the root stage time estimates parallelism.
[135.887s][info][gc,stats    ] 
[135.887s][info][gc,stats    ] Concurrent Reset                    719 us
[135.887s][info][gc,stats    ] Pause Init Mark (G)                 294 us
[135.887s][info][gc,stats    ] Pause Init Mark (N)                 183 us
[135.887s][info][gc,stats    ]   Update Region States               88 us
[135.887s][info][gc,stats    ] Concurrent Mark Roots               430 us, parallelism: 0.75x
[135.887s][info][gc,stats    ]   CMR: <total>                      321 us
[135.887s][info][gc,stats    ]   CMR: Thread Roots                 282 us, workers (us): 282, ---, ---, 
[135.887s][info][gc,stats    ]   CMR: VM Strong Roots                5 us, workers (us):   5, ---, ---, 
[135.887s][info][gc,stats    ]   CMR: CLDG Roots                    34 us, workers (us):  34, ---, ---, 
[135.887s][info][gc,stats    ] Concurrent Marking                 3512 us
[135.887s][info][gc,stats    ] Pause Final Mark (G)                391 us
[135.887s][info][gc,stats    ] Pause Final Mark (N)                317 us
[135.888s][info][gc,stats    ]   Finish Mark                        90 us
[135.888s][info][gc,stats    ]   Update Region States               57 us
[135.888s][info][gc,stats    ]   Choose Collection Set              68 us
[135.888s][info][gc,stats    ]   Rebuild Free Set                   21 us
[135.888s][info][gc,stats    ] Concurrent Weak References          146 us, parallelism: 0.07x
[135.888s][info][gc,stats    ]   CWRF: <total>                      10 us
[135.888s][info][gc,stats    ]   CWRF: Weak References              10 us, workers (us):  10, ---, ---, 
[135.888s][info][gc,stats    ] Concurrent Weak Roots               523 us
[135.888s][info][gc,stats    ]   Roots                             431 us, parallelism: 0.88x
[135.888s][info][gc,stats    ]     CWR: <total>                    378 us
[135.888s][info][gc,stats    ]     CWR: Code Cache Roots           311 us, workers (us): 311, ---, ---, 
[135.888s][info][gc,stats    ]     CWR: VM Weak Roots               62 us, workers (us):  62, ---, ---, 
[135.888s][info][gc,stats    ]     CWR: CLDG Roots                   5 us, workers (us):   5, ---, ---, 
[135.888s][info][gc,stats    ]   Rendezvous                         56 us
[135.888s][info][gc,stats    ] Concurrent Cleanup                  115 us
[135.888s][info][gc,stats    ] Concurrent Class Unloading         2417 us
[135.888s][info][gc,stats    ]   Unlink Stale                     2111 us
[135.888s][info][gc,stats    ]     System Dictionary                 3 us
[135.888s][info][gc,stats    ]     Weak Class Links                  0 us
[135.888s][info][gc,stats    ]     Code Roots                     2107 us
[135.888s][info][gc,stats    ]   Rendezvous                         25 us
[135.888s][info][gc,stats    ]   Purge Unlinked                    202 us
[135.888s][info][gc,stats    ]     Code Roots                      193 us
[135.888s][info][gc,stats    ]     CLDG                              9 us
[135.888s][info][gc,stats    ]     Exception Caches                  0 us
[135.888s][info][gc,stats    ] Pause Final Roots (G)                47 us
[135.888s][info][gc,stats    ] Pause Final Roots (N)                20 us
[135.888s][info][gc,stats    ] 
[135.888s][info][gc,stats    ] Allocation pacing accrued:
[135.888s][info][gc,stats    ]       0 of  1645 ms (  0.0%): <total>
[135.888s][info][gc,stats    ]       0 of  1645 ms (  0.0%): <average total>
[135.888s][info][gc,stats    ] 
[135.888s][info][gc,metaspace] Metaspace: 9004K(9216K)->9004K(9216K) NonClass: 7831K(7936K)->7831K(7936K) Class: 1172K(1280K)->1172K(1280K)
[135.888s][info][gc,ergo     ] Pacer for Idle. Initial: 83886K, Alloc Tax Rate: 1.0x
[136.350s][info][gc          ] Trigger: Learning 2 of 5. Free (2858M) is below initial threshold (2867M)
[136.350s][info][gc,ergo     ] Free: 2858M, Max: 2048K regular, 1770M humongous, Frag: 39% external, 0% internal; Reserve: 206M, Max: 2048K
[136.350s][info][gc,start    ] GC(191) Concurrent reset
[136.350s][info][gc,task     ] GC(191) Using 1 of 3 workers for concurrent reset
[136.350s][info][gc,ergo     ] GC(191) Pacer for Reset. Non-Taxable: 4096M
[136.350s][info][gc          ] GC(191) Concurrent reset 0.517ms
[136.351s][info][gc,start    ] GC(191) Pause Init Mark (unload classes)
[136.351s][info][gc,task     ] GC(191) Using 3 of 3 workers for init marking
[136.351s][info][gc,ergo     ] GC(191) Pacer for Mark. Expected Live: 9467K, Free: 2856M, Non-Taxable: 285M, Alloc Tax Rate: 0.0x
[136.351s][info][gc          ] GC(191) Pause Init Mark (unload classes) 0.249ms
[136.351s][info][gc,start    ] GC(191) Concurrent marking roots
[136.351s][info][gc,task     ] GC(191) Using 1 of 3 workers for concurrent marking roots
[136.352s][info][gc          ] GC(191) Concurrent marking roots 0.730ms
[136.352s][info][gc,start    ] GC(191) Concurrent marking (unload classes)
[136.352s][info][gc,task     ] GC(191) Using 1 of 3 workers for concurrent marking
[136.360s][info][gc          ] GC(191) Concurrent marking (unload classes) 8.192ms
[136.360s][info][gc,start    ] GC(191) Pause Final Mark (unload classes)
[136.360s][info][gc,task     ] GC(191) Using 3 of 3 workers for final marking
[136.360s][info][gc,ergo     ] GC(191) Collectable Garbage: 974M (94%), Immediate: 974M (94%), CSet: 0B (0%)
[136.360s][info][gc          ] GC(191) Pause Final Mark (unload classes) 0.330ms
[136.360s][info][gc,start    ] GC(191) Concurrent weak references
[136.360s][info][gc,task     ] GC(191) Using 1 of 3 workers for concurrent weak references
[136.360s][info][gc,ref      ] GC(191) Encountered references: Soft: 144, Weak: 702, Final: 0, Phantom: 27
[136.361s][info][gc,ref      ] GC(191) Discovered  references: Soft: 0, Weak: 150, Final: 0, Phantom: 12
[136.361s][info][gc,ref      ] GC(191) Enqueued    references: Soft: 0, Weak: 0, Final: 0, Phantom: 0
[136.361s][info][gc          ] GC(191) Concurrent weak references 0.223ms
[136.361s][info][gc,start    ] GC(191) Concurrent weak roots
[136.361s][info][gc,task     ] GC(191) Using 1 of 3 workers for concurrent weak root
[136.361s][info][gc          ] GC(191) Concurrent weak roots 0.657ms
[136.361s][info][gc,start    ] GC(191) Concurrent cleanup
[136.361s][info][gc          ] GC(191) Concurrent cleanup 1056M->82M(4096M) 0.043ms
[136.361s][info][gc,ergo     ] GC(191) Free: 3808M, Max: 2048K regular, 1746M humongous, Frag: 55% external, 0% internal; Reserve: 206M, Max: 2048K
[136.361s][info][gc,start    ] GC(191) Concurrent class unloading
[136.361s][info][gc,task     ] GC(191) Using 1 of 3 workers for concurrent class unloading
[136.364s][info][gc          ] GC(191) Concurrent class unloading 2.219ms
[136.364s][info][gc,start    ] GC(191) Pause Final Roots
[136.364s][info][gc          ] GC(191) Pause Final Roots 0.039ms
[136.364s][info][gc,ergo     ] Free: 3802M, Max: 2048K regular, 1746M humongous, Frag: 55% external, 0% internal; Reserve: 206M, Max: 2048K
[136.364s][info][gc,stats    ] 
[136.364s][info][gc,stats    ] All times are wall-clock times, except per-root-class counters, that are sum over
[136.364s][info][gc,stats    ] all workers. Dividing the <total> over the root stage time estimates parallelism.
[136.364s][info][gc,stats    ] 
[136.364s][info][gc,stats    ] Concurrent Reset                    577 us
[136.364s][info][gc,stats    ] Pause Init Mark (G)                 439 us
[136.364s][info][gc,stats    ] Pause Init Mark (N)                 268 us
[136.364s][info][gc,stats    ]   Update Region States              117 us
[136.364s][info][gc,stats    ] Concurrent Mark Roots               754 us, parallelism: 0.83x
[136.364s][info][gc,stats    ]   CMR: <total>                      626 us
[136.364s][info][gc,stats    ]   CMR: Thread Roots                 556 us, workers (us): 556, ---, ---, 
[136.364s][info][gc,stats    ]   CMR: VM Strong Roots                6 us, workers (us):   6, ---, ---, 
[136.364s][info][gc,stats    ]   CMR: CLDG Roots                    64 us, workers (us):  64, ---, ---, 
[136.364s][info][gc,stats    ] Concurrent Marking                 8253 us
[136.364s][info][gc,stats    ] Pause Final Mark (G)                464 us
[136.364s][info][gc,stats    ] Pause Final Mark (N)                349 us
[136.364s][info][gc,stats    ]   Finish Mark                       104 us
[136.364s][info][gc,stats    ]   Update Region States               87 us
[136.364s][info][gc,stats    ]   Choose Collection Set              61 us
[136.364s][info][gc,stats    ]   Rebuild Free Set                   16 us
[136.364s][info][gc,stats    ] Concurrent Weak References          239 us, parallelism: 0.03x
[136.364s][info][gc,stats    ]   CWRF: <total>                       8 us
[136.364s][info][gc,stats    ]   CWRF: Weak References               8 us, workers (us):   8, ---, ---, 
[136.364s][info][gc,stats    ] Concurrent Weak Roots               677 us
[136.364s][info][gc,stats    ]   Roots                             533 us, parallelism: 0.89x
[136.364s][info][gc,stats    ]     CWR: <total>                    474 us
[136.364s][info][gc,stats    ]     CWR: Code Cache Roots           404 us, workers (us): 404, ---, ---, 
[136.364s][info][gc,stats    ]     CWR: VM Weak Roots               65 us, workers (us):  65, ---, ---, 
[136.364s][info][gc,stats    ]     CWR: CLDG Roots                   5 us, workers (us):   5, ---, ---, 
[136.364s][info][gc,stats    ]   Rendezvous                         92 us
[136.364s][info][gc,stats    ] Concurrent Cleanup                   51 us
[136.364s][info][gc,stats    ] Concurrent Class Unloading         2273 us
[136.364s][info][gc,stats    ]   Unlink Stale                     1934 us
[136.364s][info][gc,stats    ]     System Dictionary                 2 us
[136.364s][info][gc,stats    ]     Weak Class Links                  0 us
[136.364s][info][gc,stats    ]     Code Roots                     1930 us
[136.364s][info][gc,stats    ]   Rendezvous                        151 us
[136.364s][info][gc,stats    ]   Purge Unlinked                    114 us
[136.364s][info][gc,stats    ]     Code Roots                      105 us
[136.364s][info][gc,stats    ]     CLDG                              8 us
[136.364s][info][gc,stats    ]     Exception Caches                  0 us
[136.364s][info][gc,stats    ] Pause Final Roots (G)               167 us
[136.364s][info][gc,stats    ] Pause Final Roots (N)                57 us
[136.364s][info][gc,stats    ] 
[136.364s][info][gc,stats    ] Allocation pacing accrued:
[136.364s][info][gc,stats    ]       0 of   476 ms (  0.0%): <total>
[136.364s][info][gc,stats    ]       0 of   476 ms (  0.0%): <average total>
[136.364s][info][gc,stats    ] 
[136.364s][info][gc,metaspace] Metaspace: 9004K(9216K)->9004K(9216K) NonClass: 7832K(7936K)->7832K(7936K) Class: 1172K(1280K)->1172K(1280K)
[136.364s][info][gc,ergo     ] Pacer for Idle. Initial: 83886K, Alloc Tax Rate: 1.0x
[136.821s][info][gc          ] Trigger: Learning 3 of 5. Free (2836M) is below initial threshold (2867M)
[136.821s][info][gc,ergo     ] Free: 2836M, Max: 2048K regular, 1746M humongous, Frag: 39% external, 0% internal; Reserve: 206M, Max: 2048K
[136.821s][info][gc,start    ] GC(192) Concurrent reset
[136.821s][info][gc,task     ] GC(192) Using 1 of 3 workers for concurrent reset
[136.821s][info][gc,ergo     ] GC(192) Pacer for Reset. Non-Taxable: 4096M
[136.822s][info][gc          ] GC(192) Concurrent reset 0.593ms
[136.822s][info][gc,start    ] GC(192) Pause Init Mark (unload classes)
[136.822s][info][gc,task     ] GC(192) Using 3 of 3 workers for init marking
[136.822s][info][gc,ergo     ] GC(192) Pacer for Mark. Expected Live: 9462K, Free: 2834M, Non-Taxable: 283M, Alloc Tax Rate: 0.0x
[136.822s][info][gc          ] GC(192) Pause Init Mark (unload classes) 0.198ms
[136.822s][info][gc,start    ] GC(192) Concurrent marking roots
[136.822s][info][gc,task     ] GC(192) Using 1 of 3 workers for concurrent marking roots
[136.822s][info][gc          ] GC(192) Concurrent marking roots 0.414ms
[136.822s][info][gc,start    ] GC(192) Concurrent marking (unload classes)
[136.822s][info][gc,task     ] GC(192) Using 1 of 3 workers for concurrent marking
[136.835s][info][gc          ] GC(192) Concurrent marking (unload classes) 12.803ms
[136.835s][info][gc,start    ] GC(192) Pause Final Mark (unload classes)
[136.835s][info][gc,task     ] GC(192) Using 3 of 3 workers for final marking
[136.836s][info][gc,ergo     ] GC(192) Collectable Garbage: 990M (94%), Immediate: 990M (94%), CSet: 0B (0%)
[136.836s][info][gc          ] GC(192) Pause Final Mark (unload classes) 0.337ms
[136.836s][info][gc,start    ] GC(192) Concurrent weak references
[136.836s][info][gc,task     ] GC(192) Using 1 of 3 workers for concurrent weak references
[136.836s][info][gc,ref      ] GC(192) Encountered references: Soft: 144, Weak: 702, Final: 0, Phantom: 27
[136.836s][info][gc,ref      ] GC(192) Discovered  references: Soft: 0, Weak: 150, Final: 0, Phantom: 12
[136.836s][info][gc,ref      ] GC(192) Enqueued    references: Soft: 0, Weak: 0, Final: 0, Phantom: 0
[136.836s][info][gc          ] GC(192) Concurrent weak references 0.115ms
[136.836s][info][gc,start    ] GC(192) Concurrent weak roots
[136.836s][info][gc,task     ] GC(192) Using 1 of 3 workers for concurrent weak root
[136.837s][info][gc          ] GC(192) Concurrent weak roots 0.774ms
[136.837s][info][gc,start    ] GC(192) Concurrent cleanup
[136.837s][info][gc          ] GC(192) Concurrent cleanup 1086M->96M(4096M) 0.046ms
[136.837s][info][gc,ergo     ] GC(192) Free: 3794M, Max: 2048K regular, 1714M humongous, Frag: 55% external, 0% internal; Reserve: 206M, Max: 2048K
[136.837s][info][gc,start    ] GC(192) Concurrent class unloading
[136.837s][info][gc,task     ] GC(192) Using 1 of 3 workers for concurrent class unloading
[136.839s][info][gc          ] GC(192) Concurrent class unloading 1.951ms
[136.839s][info][gc,start    ] GC(192) Pause Final Roots
[136.839s][info][gc          ] GC(192) Pause Final Roots 0.020ms
[136.839s][info][gc,ergo     ] Free: 3790M, Max: 2048K regular, 1714M humongous, Frag: 55% external, 0% internal; Reserve: 206M, Max: 2048K
[136.839s][info][gc,stats    ] 
[136.839s][info][gc,stats    ] All times are wall-clock times, except per-root-class counters, that are sum over
[136.839s][info][gc,stats    ] all workers. Dividing the <total> over the root stage time estimates parallelism.
[136.839s][info][gc,stats    ] 
[136.839s][info][gc,stats    ] Concurrent Reset                    656 us
[136.839s][info][gc,stats    ] Pause Init Mark (G)                 346 us
[136.839s][info][gc,stats    ] Pause Init Mark (N)                 215 us
[136.839s][info][gc,stats    ]   Update Region States               74 us
[136.839s][info][gc,stats    ] Concurrent Mark Roots               432 us, parallelism: 0.76x
[136.839s][info][gc,stats    ]   CMR: <total>                      328 us
[136.839s][info][gc,stats    ]   CMR: Thread Roots                 289 us, workers (us): 289, ---, ---, 
[136.839s][info][gc,stats    ]   CMR: VM Strong Roots                4 us, workers (us):   4, ---, ---, 
[136.839s][info][gc,stats    ]   CMR: CLDG Roots                    35 us, workers (us):  35, ---, ---, 
[136.839s][info][gc,stats    ] Concurrent Marking                12863 us
[136.839s][info][gc,stats    ] Pause Final Mark (G)                474 us
[136.839s][info][gc,stats    ] Pause Final Mark (N)                357 us
[136.839s][info][gc,stats    ]   Finish Mark                       107 us
[136.839s][info][gc,stats    ]   Update Region States               89 us
[136.839s][info][gc,stats    ]   Choose Collection Set              62 us
[136.839s][info][gc,stats    ]   Rebuild Free Set                   17 us
[136.839s][info][gc,stats    ] Concurrent Weak References          123 us, parallelism: 0.05x
[136.839s][info][gc,stats    ]   CWRF: <total>                       6 us
[136.839s][info][gc,stats    ]   CWRF: Weak References               6 us, workers (us):   6, ---, ---, 
[136.839s][info][gc,stats    ] Concurrent Weak Roots               799 us
[136.839s][info][gc,stats    ]   Roots                             679 us, parallelism: 0.90x
[136.839s][info][gc,stats    ]     CWR: <total>                    607 us
[136.839s][info][gc,stats    ]     CWR: Code Cache Roots           488 us, workers (us): 488, ---, ---, 
[136.839s][info][gc,stats    ]     CWR: VM Weak Roots              113 us, workers (us): 113, ---, ---, 
[136.839s][info][gc,stats    ]     CWR: CLDG Roots                   6 us, workers (us):   6, ---, ---, 
[136.839s][info][gc,stats    ]   Rendezvous                         79 us
[136.839s][info][gc,stats    ] Concurrent Cleanup                   54 us
[136.839s][info][gc,stats    ] Concurrent Class Unloading         1988 us
[136.839s][info][gc,stats    ]   Unlink Stale                     1788 us
[136.839s][info][gc,stats    ]     System Dictionary                 4 us
[136.839s][info][gc,stats    ]     Weak Class Links                  0 us
[136.839s][info][gc,stats    ]     Code Roots                     1782 us
[136.839s][info][gc,stats    ]   Rendezvous                         55 us
[136.839s][info][gc,stats    ]   Purge Unlinked                     90 us
[136.840s][info][gc,stats    ]     Code Roots                       86 us
[136.840s][info][gc,stats    ]     CLDG                              5 us
[136.840s][info][gc,stats    ]     Exception Caches                  0 us
[136.840s][info][gc,stats    ] Pause Final Roots (G)               110 us
[136.840s][info][gc,stats    ] Pause Final Roots (N)                28 us
[136.840s][info][gc,stats    ] 
[136.840s][info][gc,stats    ] Allocation pacing accrued:
[136.840s][info][gc,stats    ]       0 of   475 ms (  0.0%): <total>
[136.840s][info][gc,stats    ]       0 of   475 ms (  0.0%): <average total>
[136.840s][info][gc,stats    ] 
[136.840s][info][gc,metaspace] Metaspace: 9004K(9216K)->9004K(9216K) NonClass: 7832K(7936K)->7832K(7936K) Class: 1172K(1280K)->1172K(1280K)
[136.840s][info][gc,ergo     ] Pacer for Idle. Initial: 83886K, Alloc Tax Rate: 1.0x
[137.291s][info][gc          ] Trigger: Learning 4 of 5. Free (2836M) is below initial threshold (2867M)
[137.291s][info][gc,ergo     ] Free: 2836M, Max: 2048K regular, 1714M humongous, Frag: 40% external, 0% internal; Reserve: 206M, Max: 2048K
[137.291s][info][gc,start    ] GC(193) Concurrent reset
[137.291s][info][gc,task     ] GC(193) Using 1 of 3 workers for concurrent reset
[137.291s][info][gc,ergo     ] GC(193) Pacer for Reset. Non-Taxable: 4096M
[137.292s][info][gc          ] GC(193) Concurrent reset 0.480ms
[137.292s][info][gc,start    ] GC(193) Pause Init Mark (unload classes)
[137.292s][info][gc,task     ] GC(193) Using 3 of 3 workers for init marking
[137.292s][info][gc,ergo     ] GC(193) Pacer for Mark. Expected Live: 9462K, Free: 2834M, Non-Taxable: 283M, Alloc Tax Rate: 0.0x
[137.292s][info][gc          ] GC(193) Pause Init Mark (unload classes) 0.151ms
[137.292s][info][gc,start    ] GC(193) Concurrent marking roots
[137.292s][info][gc,task     ] GC(193) Using 1 of 3 workers for concurrent marking roots
[137.292s][info][gc          ] GC(193) Concurrent marking roots 0.414ms
[137.292s][info][gc,start    ] GC(193) Concurrent marking (unload classes)
[137.292s][info][gc,task     ] GC(193) Using 1 of 3 workers for concurrent marking
[137.310s][info][gc          ] GC(193) Concurrent marking (unload classes) 17.292ms
[137.310s][info][gc,start    ] GC(193) Pause Final Mark (unload classes)
[137.310s][info][gc,task     ] GC(193) Using 3 of 3 workers for final marking
[137.310s][info][gc,ergo     ] GC(193) Collectable Garbage: 982M (94%), Immediate: 982M (94%), CSet: 0B (0%)
[137.310s][info][gc          ] GC(193) Pause Final Mark (unload classes) 0.357ms
[137.310s][info][gc,start    ] GC(193) Concurrent weak references
[137.310s][info][gc,task     ] GC(193) Using 1 of 3 workers for concurrent weak references
[137.310s][info][gc,ref      ] GC(193) Encountered references: Soft: 144, Weak: 702, Final: 0, Phantom: 27
[137.310s][info][gc,ref      ] GC(193) Discovered  references: Soft: 0, Weak: 150, Final: 0, Phantom: 12
[137.310s][info][gc,ref      ] GC(193) Enqueued    references: Soft: 0, Weak: 0, Final: 0, Phantom: 0
[137.311s][info][gc          ] GC(193) Concurrent weak references 0.146ms
[137.311s][info][gc,start    ] GC(193) Concurrent weak roots
[137.311s][info][gc,task     ] GC(193) Using 1 of 3 workers for concurrent weak root
[137.311s][info][gc          ] GC(193) Concurrent weak roots 0.597ms
[137.311s][info][gc,start    ] GC(193) Concurrent cleanup
[137.311s][info][gc          ] GC(193) Concurrent cleanup 1094M->112M(4096M) 0.043ms
[137.311s][info][gc,ergo     ] GC(193) Free: 3778M, Max: 2048K regular, 1706M humongous, Frag: 55% external, 0% internal; Reserve: 206M, Max: 2048K
[137.311s][info][gc,start    ] GC(193) Concurrent class unloading
[137.311s][info][gc,task     ] GC(193) Using 1 of 3 workers for concurrent class unloading
[137.313s][info][gc          ] GC(193) Concurrent class unloading 1.967ms
[137.313s][info][gc,start    ] GC(193) Pause Final Roots
[137.313s][info][gc          ] GC(193) Pause Final Roots 0.041ms
[137.313s][info][gc,ergo     ] Free: 3774M, Max: 2048K regular, 1706M humongous, Frag: 55% external, 0% internal; Reserve: 206M, Max: 2048K
[137.314s][info][gc,stats    ] 
[137.314s][info][gc,stats    ] All times are wall-clock times, except per-root-class counters, that are sum over
[137.314s][info][gc,stats    ] all workers. Dividing the <total> over the root stage time estimates parallelism.
[137.314s][info][gc,stats    ] 
[137.314s][info][gc,stats    ] Concurrent Reset                    536 us
[137.314s][info][gc,stats    ] Pause Init Mark (G)                 292 us
[137.314s][info][gc,stats    ] Pause Init Mark (N)                 167 us
[137.314s][info][gc,stats    ]   Update Region States               65 us
[137.314s][info][gc,stats    ] Concurrent Mark Roots               432 us, parallelism: 0.79x
[137.314s][info][gc,stats    ]   CMR: <total>                      343 us
[137.314s][info][gc,stats    ]   CMR: Thread Roots                 303 us, workers (us): 303, ---, ---, 
[137.314s][info][gc,stats    ]   CMR: VM Strong Roots                5 us, workers (us):   5, ---, ---, 
[137.314s][info][gc,stats    ]   CMR: CLDG Roots                    35 us, workers (us):  35, ---, ---, 
[137.314s][info][gc,stats    ] Concurrent Marking                17359 us
[137.314s][info][gc,stats    ] Pause Final Mark (G)                513 us
[137.314s][info][gc,stats    ] Pause Final Mark (N)                381 us
[137.314s][info][gc,stats    ]   Finish Mark                       115 us
[137.314s][info][gc,stats    ]   Update Region States               89 us
[137.314s][info][gc,stats    ]   Choose Collection Set              68 us
[137.314s][info][gc,stats    ]   Rebuild Free Set                   17 us
[137.314s][info][gc,stats    ] Concurrent Weak References          162 us, parallelism: 0.05x
[137.314s][info][gc,stats    ]   CWRF: <total>                       8 us
[137.314s][info][gc,stats    ]   CWRF: Weak References               8 us, workers (us):   8, ---, ---, 
[137.314s][info][gc,stats    ] Concurrent Weak Roots               616 us
[137.314s][info][gc,stats    ]   Roots                             486 us, parallelism: 0.89x
[137.314s][info][gc,stats    ]     CWR: <total>                    431 us
[137.314s][info][gc,stats    ]     CWR: Code Cache Roots           359 us, workers (us): 359, ---, ---, 
[137.314s][info][gc,stats    ]     CWR: VM Weak Roots               67 us, workers (us):  67, ---, ---, 
[137.314s][info][gc,stats    ]     CWR: CLDG Roots                   5 us, workers (us):   5, ---, ---, 
[137.314s][info][gc,stats    ]   Rendezvous                         80 us
[137.314s][info][gc,stats    ] Concurrent Cleanup                   51 us
[137.314s][info][gc,stats    ] Concurrent Class Unloading         2018 us
[137.314s][info][gc,stats    ]   Unlink Stale                     1735 us
[137.314s][info][gc,stats    ]     System Dictionary                 2 us
[137.314s][info][gc,stats    ]     Weak Class Links                  0 us
[137.314s][info][gc,stats    ]     Code Roots                     1731 us
[137.314s][info][gc,stats    ]   Rendezvous                        111 us
[137.314s][info][gc,stats    ]   Purge Unlinked                    103 us
[137.314s][info][gc,stats    ]     Code Roots                       94 us
[137.314s][info][gc,stats    ]     CLDG                              9 us
[137.314s][info][gc,stats    ]     Exception Caches                  0 us
[137.314s][info][gc,stats    ] Pause Final Roots (G)               181 us
[137.314s][info][gc,stats    ] Pause Final Roots (N)                58 us
[137.314s][info][gc,stats    ] 
[137.314s][info][gc,stats    ] Allocation pacing accrued:
[137.314s][info][gc,stats    ]       0 of   474 ms (  0.0%): <total>
[137.314s][info][gc,stats    ]       0 of   474 ms (  0.0%): <average total>
[137.314s][info][gc,stats    ] 
[137.314s][info][gc,metaspace] Metaspace: 9004K(9216K)->9004K(9216K) NonClass: 7832K(7936K)->7832K(7936K) Class: 1172K(1280K)->1172K(1280K)
[137.314s][info][gc,ergo     ] Pacer for Idle. Initial: 83886K, Alloc Tax Rate: 1.0x
[137.747s][info][gc          ] Trigger: Learning 5 of 5. Free (2860M) is below initial threshold (2867M)
[137.747s][info][gc,ergo     ] Free: 2860M, Max: 2048K regular, 1706M humongous, Frag: 41% external, 0% internal; Reserve: 206M, Max: 2048K
[137.747s][info][gc,start    ] GC(194) Concurrent reset
[137.747s][info][gc,task     ] GC(194) Using 1 of 3 workers for concurrent reset
[137.747s][info][gc,ergo     ] GC(194) Pacer for Reset. Non-Taxable: 4096M
[137.747s][info][gc          ] GC(194) Concurrent reset 0.664ms
[137.748s][info][gc,start    ] GC(194) Pause Init Mark (unload classes)
[137.748s][info][gc,task     ] GC(194) Using 3 of 3 workers for init marking
[137.748s][info][gc,ergo     ] GC(194) Pacer for Mark. Expected Live: 9459K, Free: 2858M, Non-Taxable: 285M, Alloc Tax Rate: 0.0x
[137.748s][info][gc          ] GC(194) Pause Init Mark (unload classes) 0.192ms
[137.748s][info][gc,start    ] GC(194) Concurrent marking roots
[137.748s][info][gc,task     ] GC(194) Using 1 of 3 workers for concurrent marking roots
[137.748s][info][gc          ] GC(194) Concurrent marking roots 0.434ms
[137.748s][info][gc,start    ] GC(194) Concurrent marking (unload classes)
[137.748s][info][gc,task     ] GC(194) Using 1 of 3 workers for concurrent marking
[137.769s][info][gc          ] GC(194) Concurrent marking (unload classes) 20.986ms
[137.769s][info][gc,start    ] GC(194) Pause Final Mark (unload classes)
[137.769s][info][gc,task     ] GC(194) Using 3 of 3 workers for final marking
[137.770s][info][gc,ergo     ] GC(194) Collectable Garbage: 954M (93%), Immediate: 954M (93%), CSet: 0B (0%)
[137.770s][info][gc          ] GC(194) Pause Final Mark (unload classes) 0.362ms
[137.770s][info][gc,start    ] GC(194) Concurrent weak references
[137.770s][info][gc,task     ] GC(194) Using 1 of 3 workers for concurrent weak references
[137.770s][info][gc,ref      ] GC(194) Encountered references: Soft: 144, Weak: 702, Final: 0, Phantom: 27
[137.770s][info][gc,ref      ] GC(194) Discovered  references: Soft: 0, Weak: 150, Final: 0, Phantom: 12
[137.770s][info][gc,ref      ] GC(194) Enqueued    references: Soft: 0, Weak: 0, Final: 0, Phantom: 0
[137.770s][info][gc          ] GC(194) Concurrent weak references 0.113ms
[137.770s][info][gc,start    ] GC(194) Concurrent weak roots
[137.770s][info][gc,task     ] GC(194) Using 1 of 3 workers for concurrent weak root
[137.771s][info][gc          ] GC(194) Concurrent weak roots 0.749ms
[137.771s][info][gc,start    ] GC(194) Concurrent cleanup
[137.771s][info][gc          ] GC(194) Concurrent cleanup 1080M->126M(4096M) 0.048ms
[137.771s][info][gc,ergo     ] GC(194) Free: 3764M, Max: 2048K regular, 1728M humongous, Frag: 55% external, 0% internal; Reserve: 206M, Max: 2048K
[137.771s][info][gc,start    ] GC(194) Concurrent class unloading
[137.771s][info][gc,task     ] GC(194) Using 1 of 3 workers for concurrent class unloading
[137.773s][info][gc          ] GC(194) Concurrent class unloading 2.109ms
[137.773s][info][gc,start    ] GC(194) Pause Final Roots
[137.773s][info][gc          ] GC(194) Pause Final Roots 0.039ms
[137.773s][info][gc,ergo     ] Free: 3760M, Max: 2048K regular, 1728M humongous, Frag: 55% external, 0% internal; Reserve: 206M, Max: 2048K
[137.773s][info][gc,stats    ] 
[137.773s][info][gc,stats    ] All times are wall-clock times, except per-root-class counters, that are sum over
[137.773s][info][gc,stats    ] all workers. Dividing the <total> over the root stage time estimates parallelism.
[137.773s][info][gc,stats    ] 
[137.773s][info][gc,stats    ] Concurrent Reset                    733 us
[137.773s][info][gc,stats    ] Pause Init Mark (G)                 342 us
[137.773s][info][gc,stats    ] Pause Init Mark (N)                 209 us
[137.773s][info][gc,stats    ]   Update Region States               78 us
[137.773s][info][gc,stats    ] Concurrent Mark Roots               452 us, parallelism: 0.77x
[137.773s][info][gc,stats    ]   CMR: <total>                      348 us
[137.773s][info][gc,stats    ]   CMR: Thread Roots                 307 us, workers (us): 307, ---, ---, 
[137.773s][info][gc,stats    ]   CMR: VM Strong Roots                4 us, workers (us):   4, ---, ---, 
[137.773s][info][gc,stats    ]   CMR: CLDG Roots                    36 us, workers (us):  36, ---, ---, 
[137.773s][info][gc,stats    ] Concurrent Marking                21049 us
[137.773s][info][gc,stats    ] Pause Final Mark (G)                473 us
[137.773s][info][gc,stats    ] Pause Final Mark (N)                382 us
[137.773s][info][gc,stats    ]   Finish Mark                       132 us
[137.773s][info][gc,stats    ]   Update Region States               87 us
[137.773s][info][gc,stats    ]   Choose Collection Set              62 us
[137.773s][info][gc,stats    ]   Rebuild Free Set                   17 us
[137.773s][info][gc,stats    ] Concurrent Weak References          120 us, parallelism: 0.04x
[137.773s][info][gc,stats    ]   CWRF: <total>                       5 us
[137.773s][info][gc,stats    ]   CWRF: Weak References               5 us, workers (us):   5, ---, ---, 
[137.773s][info][gc,stats    ] Concurrent Weak Roots               768 us
[137.773s][info][gc,stats    ]   Roots                             638 us, parallelism: 0.89x
[137.773s][info][gc,stats    ]     CWR: <total>                    565 us
[137.774s][info][gc,stats    ]     CWR: Code Cache Roots           446 us, workers (us): 446, ---, ---, 
[137.774s][info][gc,stats    ]     CWR: VM Weak Roots              113 us, workers (us): 113, ---, ---, 
[137.774s][info][gc,stats    ]     CWR: CLDG Roots                   6 us, workers (us):   6, ---, ---, 
[137.774s][info][gc,stats    ]   Rendezvous                         95 us
[137.774s][info][gc,stats    ] Concurrent Cleanup                   60 us
[137.774s][info][gc,stats    ] Concurrent Class Unloading         2163 us
[137.774s][info][gc,stats    ]   Unlink Stale                     1771 us
[137.774s][info][gc,stats    ]     System Dictionary                 2 us
[137.774s][info][gc,stats    ]     Weak Class Links                  0 us
[137.774s][info][gc,stats    ]     Code Roots                     1767 us
[137.774s][info][gc,stats    ]   Rendezvous                        156 us
[137.774s][info][gc,stats    ]   Purge Unlinked                    163 us
[137.774s][info][gc,stats    ]     Code Roots                      154 us
[137.774s][info][gc,stats    ]     CLDG                              9 us
[137.774s][info][gc,stats    ]     Exception Caches                  0 us
[137.774s][info][gc,stats    ] Pause Final Roots (G)               167 us
[137.774s][info][gc,stats    ] Pause Final Roots (N)                57 us
[137.774s][info][gc,stats    ] 
[137.774s][info][gc,stats    ] Allocation pacing accrued:
[137.774s][info][gc,stats    ]       0 of   460 ms (  0.0%): <total>
[137.774s][info][gc,stats    ]       0 of   460 ms (  0.0%): <average total>
[137.774s][info][gc,stats    ] 
[137.774s][info][gc,metaspace] Metaspace: 9004K(9216K)->9004K(9216K) NonClass: 7832K(7936K)->7832K(7936K) Class: 1172K(1280K)->1172K(1280K)
[137.774s][info][gc,ergo     ] Pacer for Idle. Initial: 83886K, Alloc Tax Rate: 1.0x
[139.425s][info][gc          ] Trigger: Explicit GC request (System.gc())
[139.426s][info][gc,ergo     ] Free: 942M, Max: 2048K regular, 942M humongous, Frag: 0% external, 0% internal; Reserve: 206M, Max: 2048K
[139.426s][info][gc,start    ] GC(195) Concurrent reset
[139.426s][info][gc,task     ] GC(195) Using 1 of 3 workers for concurrent reset
[139.426s][info][gc,ergo     ] GC(195) Pacer for Reset. Non-Taxable: 4096M
[139.426s][info][gc          ] GC(195) Concurrent reset 0.503ms
[139.426s][info][gc,start    ] GC(195) Pause Init Mark (unload classes)
[139.426s][info][gc,task     ] GC(195) Using 3 of 3 workers for init marking
[139.426s][info][gc,ref      ] GC(195) Clearing All SoftReferences
[139.426s][info][gc,ergo     ] GC(195) Pacer for Mark. Expected Live: 9451K, Free: 942M, Non-Taxable: 96460K, Alloc Tax Rate: 0.0x
[139.426s][info][gc          ] GC(195) Pause Init Mark (unload classes) 0.127ms
[139.426s][info][gc,start    ] GC(195) Concurrent marking roots
[139.427s][info][gc,task     ] GC(195) Using 1 of 3 workers for concurrent marking roots
[139.427s][info][gc          ] GC(195) Concurrent marking roots 0.436ms
[139.427s][info][gc,start    ] GC(195) Concurrent marking (unload classes)
[139.427s][info][gc,task     ] GC(195) Using 1 of 3 workers for concurrent marking
[139.430s][info][gc          ] GC(195) Concurrent marking (unload classes) 3.313ms
[139.430s][info][gc,start    ] GC(195) Pause Final Mark (unload classes)
[139.430s][info][gc,task     ] GC(195) Using 3 of 3 workers for final marking
[139.431s][info][gc,ergo     ] GC(195) Collectable Garbage: 2908M (98%), Immediate: 2908M (98%), CSet: 0B (0%)
[139.431s][info][gc          ] GC(195) Pause Final Mark (unload classes) 0.285ms
[139.431s][info][gc,start    ] GC(195) Concurrent weak references
[139.431s][info][gc,task     ] GC(195) Using 1 of 3 workers for concurrent weak references
[139.431s][info][gc,ref      ] GC(195) Encountered references: Soft: 144, Weak: 702, Final: 0, Phantom: 27
[139.431s][info][gc,ref      ] GC(195) Discovered  references: Soft: 88, Weak: 168, Final: 0, Phantom: 25
[139.431s][info][gc,ref      ] GC(195) Enqueued    references: Soft: 3, Weak: 0, Final: 0, Phantom: 0
[139.431s][info][gc          ] GC(195) Concurrent weak references 0.169ms
[139.431s][info][gc,start    ] GC(195) Concurrent weak roots
[139.431s][info][gc,task     ] GC(195) Using 1 of 3 workers for concurrent weak root
[139.431s][info][gc          ] GC(195) Concurrent weak roots 0.501ms
[139.431s][info][gc,start    ] GC(195) Concurrent cleanup
[139.431s][info][gc          ] GC(195) Concurrent cleanup 2948M->40M(4096M) 0.107ms
[139.431s][info][gc,ergo     ] GC(195) Free: 3850M, Max: 2048K regular, 2720M humongous, Frag: 30% external, 0% internal; Reserve: 206M, Max: 2048K
[139.432s][info][gc,start    ] GC(195) Concurrent class unloading
[139.432s][info][gc,task     ] GC(195) Using 1 of 3 workers for concurrent class unloading
[139.434s][info][gc          ] GC(195) Concurrent class unloading 2.522ms
[139.434s][info][gc,start    ] GC(195) Pause Final Roots
[139.434s][info][gc          ] GC(195) Pause Final Roots 0.032ms
[139.434s][info][gc,ergo     ] Free: 3850M, Max: 2048K regular, 2720M humongous, Frag: 30% external, 0% internal; Reserve: 206M, Max: 2048K
[139.434s][info][gc,stats    ] 
[139.434s][info][gc,stats    ] All times are wall-clock times, except per-root-class counters, that are sum over
[139.434s][info][gc,stats    ] all workers. Dividing the <total> over the root stage time estimates parallelism.
[139.434s][info][gc,stats    ] 
[139.434s][info][gc,stats    ] Concurrent Reset                    554 us
[139.434s][info][gc,stats    ] Pause Init Mark (G)                 216 us
[139.434s][info][gc,stats    ] Pause Init Mark (N)                 136 us
[139.434s][info][gc,stats    ]   Update Region States               54 us
[139.434s][info][gc,stats    ] Concurrent Mark Roots               455 us, parallelism: 0.70x
[139.434s][info][gc,stats    ]   CMR: <total>                      319 us
[139.434s][info][gc,stats    ]   CMR: Thread Roots                 279 us, workers (us): 279, ---, ---, 
[139.434s][info][gc,stats    ]   CMR: VM Strong Roots                4 us, workers (us):   4, ---, ---, 
[139.435s][info][gc,stats    ]   CMR: CLDG Roots                    36 us, workers (us):  36, ---, ---, 
[139.435s][info][gc,stats    ] Concurrent Marking                 3366 us
[139.435s][info][gc,stats    ] Pause Final Mark (G)                375 us
[139.435s][info][gc,stats    ] Pause Final Mark (N)                306 us
[139.435s][info][gc,stats    ]   Finish Mark                        86 us
[139.435s][info][gc,stats    ]   Update Region States               52 us
[139.435s][info][gc,stats    ]   Choose Collection Set              73 us
[139.435s][info][gc,stats    ]   Rebuild Free Set                   21 us
[139.435s][info][gc,stats    ] Concurrent Weak References          176 us, parallelism: 0.05x
[139.435s][info][gc,stats    ]   CWRF: <total>                       9 us
[139.435s][info][gc,stats    ]   CWRF: Weak References               9 us, workers (us):   9, ---, ---, 
[139.435s][info][gc,stats    ] Concurrent Weak Roots               520 us
[139.435s][info][gc,stats    ]   Roots                             428 us, parallelism: 0.88x
[139.435s][info][gc,stats    ]     CWR: <total>                    375 us
[139.435s][info][gc,stats    ]     CWR: Code Cache Roots           311 us, workers (us): 311, ---, ---, 
[139.435s][info][gc,stats    ]     CWR: VM Weak Roots               60 us, workers (us):  60, ---, ---, 
[139.435s][info][gc,stats    ]     CWR: CLDG Roots                   3 us, workers (us):   3, ---, ---, 
[139.435s][info][gc,stats    ]   Rendezvous                         56 us
[139.435s][info][gc,stats    ] Concurrent Cleanup                  115 us
[139.435s][info][gc,stats    ] Concurrent Class Unloading         2573 us
[139.435s][info][gc,stats    ]   Unlink Stale                     2233 us
[139.435s][info][gc,stats    ]     System Dictionary                 2 us
[139.435s][info][gc,stats    ]     Weak Class Links                  0 us
[139.435s][info][gc,stats    ]     Code Roots                     2229 us
[139.435s][info][gc,stats    ]   Rendezvous                         22 us
[139.435s][info][gc,stats    ]   Purge Unlinked                    248 us
[139.435s][info][gc,stats    ]     Code Roots                      239 us
[139.435s][info][gc,stats    ]     CLDG                              8 us
[139.435s][info][gc,stats    ]     Exception Caches                  0 us
[139.435s][info][gc,stats    ] Pause Final Roots (G)               126 us
[139.435s][info][gc,stats    ] Pause Final Roots (N)                51 us
[139.435s][info][gc,stats    ] 
[139.435s][info][gc,stats    ] Allocation pacing accrued:
[139.435s][info][gc,stats    ]       0 of  1661 ms (  0.0%): <total>
[139.435s][info][gc,stats    ]       0 of  1661 ms (  0.0%): <average total>
[139.435s][info][gc,stats    ] 
[139.435s][info][gc,metaspace] Metaspace: 9004K(9216K)->9004K(9216K) NonClass: 7832K(7936K)->7832K(7936K) Class: 1172K(1280K)->1172K(1280K)
[139.435s][info][gc,ergo     ] Pacer for Idle. Initial: 83886K, Alloc Tax Rate: 1.0x
[139.896s][info][gc          ] Trigger: Learning 2 of 5. Free (2852M) is below initial threshold (2867M)
[139.896s][info][gc,ergo     ] Free: 2852M, Max: 2048K regular, 1764M humongous, Frag: 39% external, 0% internal; Reserve: 206M, Max: 2048K
[139.896s][info][gc,start    ] GC(196) Concurrent reset
[139.896s][info][gc,task     ] GC(196) Using 1 of 3 workers for concurrent reset
[139.896s][info][gc,ergo     ] GC(196) Pacer for Reset. Non-Taxable: 4096M
[139.896s][info][gc          ] GC(196) Concurrent reset 0.556ms
[139.897s][info][gc,start    ] GC(196) Pause Init Mark (unload classes)
[139.897s][info][gc,task     ] GC(196) Using 3 of 3 workers for init marking
[139.897s][info][gc,ergo     ] GC(196) Pacer for Mark. Expected Live: 9451K, Free: 2850M, Non-Taxable: 285M, Alloc Tax Rate: 0.0x
[139.897s][info][gc          ] GC(196) Pause Init Mark (unload classes) 0.250ms
[139.897s][info][gc,start    ] GC(196) Concurrent marking roots
[139.897s][info][gc,task     ] GC(196) Using 1 of 3 workers for concurrent marking roots
[139.898s][info][gc          ] GC(196) Concurrent marking roots 0.736ms
[139.898s][info][gc,start    ] GC(196) Concurrent marking (unload classes)
[139.898s][info][gc,task     ] GC(196) Using 1 of 3 workers for concurrent marking
[139.906s][info][gc          ] GC(196) Concurrent marking (unload classes) 8.561ms
[139.906s][info][gc,start    ] GC(196) Pause Final Mark (unload classes)
[139.906s][info][gc,task     ] GC(196) Using 3 of 3 workers for final marking
[139.907s][info][gc,ergo     ] GC(196) Collectable Garbage: 980M (94%), Immediate: 980M (94%), CSet: 0B (0%)
[139.907s][info][gc          ] GC(196) Pause Final Mark (unload classes) 0.329ms
[139.907s][info][gc,start    ] GC(196) Concurrent weak references
[139.907s][info][gc,task     ] GC(196) Using 1 of 3 workers for concurrent weak references
[139.907s][info][gc,ref      ] GC(196) Encountered references: Soft: 144, Weak: 702, Final: 0, Phantom: 27
[139.907s][info][gc,ref      ] GC(196) Discovered  references: Soft: 0, Weak: 150, Final: 0, Phantom: 12
[139.907s][info][gc,ref      ] GC(196) Enqueued    references: Soft: 0, Weak: 0, Final: 0, Phantom: 0
[139.907s][info][gc          ] GC(196) Concurrent weak references 0.118ms
[139.907s][info][gc,start    ] GC(196) Concurrent weak roots
[139.907s][info][gc,task     ] GC(196) Using 1 of 3 workers for concurrent weak root
[139.908s][info][gc          ] GC(196) Concurrent weak roots 0.713ms
[139.908s][info][gc,start    ] GC(196) Concurrent cleanup
[139.908s][info][gc          ] GC(196) Concurrent cleanup 1062M->82M(4096M) 0.044ms
[139.908s][info][gc,ergo     ] GC(196) Free: 3808M, Max: 2048K regular, 1740M humongous, Frag: 55% external, 0% internal; Reserve: 206M, Max: 2048K
[139.908s][info][gc,start    ] GC(196) Concurrent class unloading
[139.908s][info][gc,task     ] GC(196) Using 1 of 3 workers for concurrent class unloading
[139.910s][info][gc          ] GC(196) Concurrent class unloading 1.919ms
[139.910s][info][gc,start    ] GC(196) Pause Final Roots
[139.910s][info][gc          ] GC(196) Pause Final Roots 0.020ms
[139.910s][info][gc,ergo     ] Free: 3804M, Max: 2048K regular, 1740M humongous, Frag: 55% external, 0% internal; Reserve: 206M, Max: 2048K
[139.910s][info][gc,stats    ] 
[139.910s][info][gc,stats    ] All times are wall-clock times, except per-root-class counters, that are sum over
[139.910s][info][gc,stats    ] all workers. Dividing the <total> over the root stage time estimates parallelism.
[139.910s][info][gc,stats    ] 
[139.910s][info][gc,stats    ] Concurrent Reset                    614 us
[139.910s][info][gc,stats    ] Pause Init Mark (G)                 402 us
[139.910s][info][gc,stats    ] Pause Init Mark (N)                 269 us
[139.910s][info][gc,stats    ]   Update Region States              118 us
[139.910s][info][gc,stats    ] Concurrent Mark Roots               760 us, parallelism: 0.83x
[139.910s][info][gc,stats    ]   CMR: <total>                      633 us
[139.910s][info][gc,stats    ]   CMR: Thread Roots                 563 us, workers (us): 563, ---, ---, 
[139.910s][info][gc,stats    ]   CMR: VM Strong Roots                7 us, workers (us):   7, ---, ---, 
[139.910s][info][gc,stats    ]   CMR: CLDG Roots                    63 us, workers (us):  63, ---, ---, 
[139.910s][info][gc,stats    ] Concurrent Marking                 8619 us
[139.910s][info][gc,stats    ] Pause Final Mark (G)                455 us
[139.910s][info][gc,stats    ] Pause Final Mark (N)                348 us
[139.910s][info][gc,stats    ]   Finish Mark                       102 us
[139.910s][info][gc,stats    ]   Update Region States               86 us
[139.910s][info][gc,stats    ]   Choose Collection Set              62 us
[139.910s][info][gc,stats    ]   Rebuild Free Set                   17 us
[139.910s][info][gc,stats    ] Concurrent Weak References          125 us, parallelism: 0.04x
[139.910s][info][gc,stats    ]   CWRF: <total>                       5 us
[139.910s][info][gc,stats    ]   CWRF: Weak References               5 us, workers (us):   5, ---, ---, 
[139.910s][info][gc,stats    ] Concurrent Weak Roots               734 us
[139.910s][info][gc,stats    ]   Roots                             620 us, parallelism: 0.88x
[139.910s][info][gc,stats    ]     CWR: <total>                    548 us
[139.910s][info][gc,stats    ]     CWR: Code Cache Roots           427 us, workers (us): 427, ---, ---, 
[139.910s][info][gc,stats    ]     CWR: VM Weak Roots              114 us, workers (us): 114, ---, ---, 
[139.910s][info][gc,stats    ]     CWR: CLDG Roots                   6 us, workers (us):   6, ---, ---, 
[139.910s][info][gc,stats    ]   Rendezvous                         78 us
[139.910s][info][gc,stats    ] Concurrent Cleanup                   52 us
[139.910s][info][gc,stats    ] Concurrent Class Unloading         1957 us
[139.910s][info][gc,stats    ]   Unlink Stale                     1700 us
[139.910s][info][gc,stats    ]     System Dictionary                 3 us
[139.910s][info][gc,stats    ]     Weak Class Links                  0 us
[139.910s][info][gc,stats    ]     Code Roots                     1696 us
[139.910s][info][gc,stats    ]   Rendezvous                         74 us
[139.910s][info][gc,stats    ]   Purge Unlinked                    127 us
[139.910s][info][gc,stats    ]     Code Roots                      122 us
[139.910s][info][gc,stats    ]     CLDG                              5 us
[139.910s][info][gc,stats    ]     Exception Caches                  0 us
[139.910s][info][gc,stats    ] Pause Final Roots (G)                93 us
[139.910s][info][gc,stats    ] Pause Final Roots (N)                28 us
[139.910s][info][gc,stats    ] 
[139.910s][info][gc,stats    ] Allocation pacing accrued:
[139.910s][info][gc,stats    ]       0 of   476 ms (  0.0%): <total>
[139.910s][info][gc,stats    ]       0 of   476 ms (  0.0%): <average total>
[139.910s][info][gc,stats    ] 
[139.910s][info][gc,metaspace] Metaspace: 9004K(9216K)->9004K(9216K) NonClass: 7832K(7936K)->7832K(7936K) Class: 1172K(1280K)->1172K(1280K)
[139.910s][info][gc,ergo     ] Pacer for Idle. Initial: 83886K, Alloc Tax Rate: 1.0x
[140.367s][info][gc          ] Trigger: Learning 3 of 5. Free (2846M) is below initial threshold (2867M)
[140.367s][info][gc,ergo     ] Free: 2846M, Max: 2048K regular, 1740M humongous, Frag: 39% external, 0% internal; Reserve: 206M, Max: 2048K
[140.367s][info][gc,start    ] GC(197) Concurrent reset
[140.367s][info][gc,task     ] GC(197) Using 1 of 3 workers for concurrent reset
[140.367s][info][gc,ergo     ] GC(197) Pacer for Reset. Non-Taxable: 4096M
[140.368s][info][gc          ] GC(197) Concurrent reset 0.507ms
[140.368s][info][gc,start    ] GC(197) Pause Init Mark (unload classes)
[140.368s][info][gc,task     ] GC(197) Using 3 of 3 workers for init marking
[140.368s][info][gc,ergo     ] GC(197) Pacer for Mark. Expected Live: 9456K, Free: 2844M, Non-Taxable: 284M, Alloc Tax Rate: 0.0x
[140.368s][info][gc          ] GC(197) Pause Init Mark (unload classes) 0.150ms
[140.368s][info][gc,start    ] GC(197) Concurrent marking roots
[140.368s][info][gc,task     ] GC(197) Using 1 of 3 workers for concurrent marking roots
[140.369s][info][gc          ] GC(197) Concurrent marking roots 0.684ms
[140.369s][info][gc,start    ] GC(197) Concurrent marking (unload classes)
[140.369s][info][gc,task     ] GC(197) Using 1 of 3 workers for concurrent marking
[140.382s][info][gc          ] GC(197) Concurrent marking (unload classes) 12.869ms
[140.382s][info][gc,start    ] GC(197) Pause Final Mark (unload classes)
[140.382s][info][gc,task     ] GC(197) Using 3 of 3 workers for final marking
[140.382s][info][gc,ergo     ] GC(197) Collectable Garbage: 984M (94%), Immediate: 984M (94%), CSet: 0B (0%)
[140.382s][info][gc          ] GC(197) Pause Final Mark (unload classes) 0.337ms
[140.382s][info][gc,start    ] GC(197) Concurrent weak references
[140.382s][info][gc,task     ] GC(197) Using 1 of 3 workers for concurrent weak references
[140.382s][info][gc,ref      ] GC(197) Encountered references: Soft: 144, Weak: 702, Final: 0, Phantom: 27
[140.382s][info][gc,ref      ] GC(197) Discovered  references: Soft: 0, Weak: 150, Final: 0, Phantom: 12
[140.382s][info][gc,ref      ] GC(197) Enqueued    references: Soft: 0, Weak: 0, Final: 0, Phantom: 0
[140.382s][info][gc          ] GC(197) Concurrent weak references 0.075ms
[140.382s][info][gc,start    ] GC(197) Concurrent weak roots
[140.382s][info][gc,task     ] GC(197) Using 1 of 3 workers for concurrent weak root
[140.383s][info][gc          ] GC(197) Concurrent weak roots 0.767ms
[140.383s][info][gc,start    ] GC(197) Concurrent cleanup
[140.383s][info][gc          ] GC(197) Concurrent cleanup 1076M->92M(4096M) 0.047ms
[140.383s][info][gc,ergo     ] GC(197) Free: 3798M, Max: 2048K regular, 1724M humongous, Frag: 55% external, 0% internal; Reserve: 206M, Max: 2048K
[140.383s][info][gc,start    ] GC(197) Concurrent class unloading
[140.383s][info][gc,task     ] GC(197) Using 1 of 3 workers for concurrent class unloading
[140.385s][info][gc          ] GC(197) Concurrent class unloading 2.201ms
[140.385s][info][gc,start    ] GC(197) Pause Final Roots
[140.385s][info][gc          ] GC(197) Pause Final Roots 0.023ms
[140.385s][info][gc,ergo     ] Free: 3792M, Max: 2048K regular, 1724M humongous, Frag: 55% external, 0% internal; Reserve: 206M, Max: 2048K
[140.385s][info][gc,stats    ] 
[140.385s][info][gc,stats    ] All times are wall-clock times, except per-root-class counters, that are sum over
[140.386s][info][gc,stats    ] all workers. Dividing the <total> over the root stage time estimates parallelism.
[140.386s][info][gc,stats    ] 
[140.386s][info][gc,stats    ] Concurrent Reset                    531 us
[140.386s][info][gc,stats    ] Pause Init Mark (G)                 284 us
[140.386s][info][gc,stats    ] Pause Init Mark (N)                 159 us
[140.386s][info][gc,stats    ]   Update Region States               69 us
[140.386s][info][gc,stats    ] Concurrent Mark Roots               702 us, parallelism: 0.83x
[140.386s][info][gc,stats    ]   CMR: <total>                      586 us
[140.386s][info][gc,stats    ]   CMR: Thread Roots                 515 us, workers (us): 515, ---, ---, 
[140.386s][info][gc,stats    ]   CMR: VM Strong Roots                7 us, workers (us):   7, ---, ---, 
[140.386s][info][gc,stats    ]   CMR: CLDG Roots                    64 us, workers (us):  64, ---, ---, 
[140.386s][info][gc,stats    ] Concurrent Marking                12924 us
[140.386s][info][gc,stats    ] Pause Final Mark (G)                465 us
[140.386s][info][gc,stats    ] Pause Final Mark (N)                356 us
[140.386s][info][gc,stats    ]   Finish Mark                       108 us
[140.386s][info][gc,stats    ]   Update Region States               89 us
[140.386s][info][gc,stats    ]   Choose Collection Set              60 us
[140.386s][info][gc,stats    ]   Rebuild Free Set                   16 us
[140.386s][info][gc,stats    ] Concurrent Weak References           82 us, parallelism: 0.06x
[140.386s][info][gc,stats    ]   CWRF: <total>                       4 us
[140.386s][info][gc,stats    ]   CWRF: Weak References               4 us, workers (us):   4, ---, ---, 
[140.386s][info][gc,stats    ] Concurrent Weak Roots               794 us
[140.386s][info][gc,stats    ]   Roots                             663 us, parallelism: 0.91x
[140.386s][info][gc,stats    ]     CWR: <total>                    604 us
[140.386s][info][gc,stats    ]     CWR: Code Cache Roots           484 us, workers (us): 484, ---, ---, 
[140.386s][info][gc,stats    ]     CWR: VM Weak Roots              113 us, workers (us): 113, ---, ---, 
[140.386s][info][gc,stats    ]     CWR: CLDG Roots                   6 us, workers (us):   6, ---, ---, 
[140.386s][info][gc,stats    ]   Rendezvous                         88 us
[140.386s][info][gc,stats    ] Concurrent Cleanup                   55 us
[140.386s][info][gc,stats    ] Concurrent Class Unloading         2256 us
[140.386s][info][gc,stats    ]   Unlink Stale                     2034 us
[140.386s][info][gc,stats    ]     System Dictionary                 4 us
[140.386s][info][gc,stats    ]     Weak Class Links                  0 us
[140.386s][info][gc,stats    ]     Code Roots                     2028 us
[140.386s][info][gc,stats    ]   Rendezvous                         48 us
[140.386s][info][gc,stats    ]   Purge Unlinked                    101 us
[140.386s][info][gc,stats    ]     Code Roots                       91 us
[140.386s][info][gc,stats    ]     CLDG                              9 us
[140.386s][info][gc,stats    ]     Exception Caches                  0 us
[140.386s][info][gc,stats    ] Pause Final Roots (G)               123 us
[140.386s][info][gc,stats    ] Pause Final Roots (N)                31 us
[140.386s][info][gc,stats    ] 
[140.386s][info][gc,stats    ] Allocation pacing accrued:
[140.386s][info][gc,stats    ]       0 of   475 ms (  0.0%): <total>
[140.386s][info][gc,stats    ]       0 of   475 ms (  0.0%): <average total>
[140.386s][info][gc,stats    ] 
[140.386s][info][gc,metaspace] Metaspace: 9004K(9216K)->9004K(9216K) NonClass: 7832K(7936K)->7832K(7936K) Class: 1172K(1280K)->1172K(1280K)
[140.386s][info][gc,ergo     ] Pacer for Idle. Initial: 83886K, Alloc Tax Rate: 1.0x
[140.839s][info][gc          ] Trigger: Learning 4 of 5. Free (2832M) is below initial threshold (2867M)
[140.839s][info][gc,ergo     ] Free: 2832M, Max: 2048K regular, 1724M humongous, Frag: 40% external, 0% internal; Reserve: 206M, Max: 2048K
[140.839s][info][gc,start    ] GC(198) Concurrent reset
[140.839s][info][gc,task     ] GC(198) Using 1 of 3 workers for concurrent reset
[140.839s][info][gc,ergo     ] GC(198) Pacer for Reset. Non-Taxable: 4096M
[140.839s][info][gc          ] GC(198) Concurrent reset 0.594ms
[140.839s][info][gc,start    ] GC(198) Pause Init Mark (unload classes)
[140.839s][info][gc,task     ] GC(198) Using 3 of 3 workers for init marking
[140.840s][info][gc,ergo     ] GC(198) Pacer for Mark. Expected Live: 9453K, Free: 2832M, Non-Taxable: 283M, Alloc Tax Rate: 0.0x
[140.840s][info][gc          ] GC(198) Pause Init Mark (unload classes) 0.225ms
[140.840s][info][gc,start    ] GC(198) Concurrent marking roots
[140.840s][info][gc,task     ] GC(198) Using 1 of 3 workers for concurrent marking roots
[140.840s][info][gc          ] GC(198) Concurrent marking roots 0.769ms
[140.840s][info][gc,start    ] GC(198) Concurrent marking (unload classes)
[140.841s][info][gc,task     ] GC(198) Using 1 of 3 workers for concurrent marking
[140.858s][info][gc          ] GC(198) Concurrent marking (unload classes) 17.430ms
[140.858s][info][gc,start    ] GC(198) Pause Final Mark (unload classes)
[140.858s][info][gc,task     ] GC(198) Using 3 of 3 workers for final marking
[140.858s][info][gc,ergo     ] GC(198) Collectable Garbage: 998M (95%), Immediate: 998M (95%), CSet: 0B (0%)
[140.858s][info][gc          ] GC(198) Pause Final Mark (unload classes) 0.234ms
[140.858s][info][gc,start    ] GC(198) Concurrent weak references
[140.858s][info][gc,task     ] GC(198) Using 1 of 3 workers for concurrent weak references
[140.858s][info][gc,ref      ] GC(198) Encountered references: Soft: 144, Weak: 702, Final: 0, Phantom: 27
[140.858s][info][gc,ref      ] GC(198) Discovered  references: Soft: 0, Weak: 150, Final: 0, Phantom: 12
[140.858s][info][gc,ref      ] GC(198) Enqueued    references: Soft: 0, Weak: 0, Final: 0, Phantom: 0
[140.859s][info][gc          ] GC(198) Concurrent weak references 0.161ms
[140.859s][info][gc,start    ] GC(198) Concurrent weak roots
[140.859s][info][gc,task     ] GC(198) Using 1 of 3 workers for concurrent weak root
[140.859s][info][gc          ] GC(198) Concurrent weak roots 0.602ms
[140.859s][info][gc,start    ] GC(198) Concurrent cleanup
[140.859s][info][gc          ] GC(198) Concurrent cleanup 1098M->102M(4096M) 0.066ms
[140.859s][info][gc,ergo     ] GC(198) Free: 3788M, Max: 2048K regular, 1702M humongous, Frag: 56% external, 0% internal; Reserve: 206M, Max: 2048K
[140.859s][info][gc,start    ] GC(198) Concurrent class unloading
[140.859s][info][gc,task     ] GC(198) Using 1 of 3 workers for concurrent class unloading
[140.862s][info][gc          ] GC(198) Concurrent class unloading 2.458ms
[140.862s][info][gc,start    ] GC(198) Pause Final Roots
[140.862s][info][gc          ] GC(198) Pause Final Roots 0.020ms
[140.862s][info][gc,ergo     ] Free: 3784M, Max: 2048K regular, 1702M humongous, Frag: 56% external, 0% internal; Reserve: 206M, Max: 2048K
[140.862s][info][gc,stats    ] 
[140.862s][info][gc,stats    ] All times are wall-clock times, except per-root-class counters, that are sum over
[140.862s][info][gc,stats    ] all workers. Dividing the <total> over the root stage time estimates parallelism.
[140.862s][info][gc,stats    ] 
[140.862s][info][gc,stats    ] Concurrent Reset                    659 us
[140.862s][info][gc,stats    ] Pause Init Mark (G)                 370 us
[140.862s][info][gc,stats    ] Pause Init Mark (N)                 243 us
[140.862s][info][gc,stats    ]   Update Region States              102 us
[140.862s][info][gc,stats    ] Concurrent Mark Roots               789 us, parallelism: 0.85x
[140.862s][info][gc,stats    ]   CMR: <total>                      667 us
[140.862s][info][gc,stats    ]   CMR: Thread Roots                 597 us, workers (us): 597, ---, ---, 
[140.862s][info][gc,stats    ]   CMR: VM Strong Roots                6 us, workers (us):   6, ---, ---, 
[140.862s][info][gc,stats    ]   CMR: CLDG Roots                    64 us, workers (us):  64, ---, ---, 
[140.862s][info][gc,stats    ] Concurrent Marking                17499 us
[140.862s][info][gc,stats    ] Pause Final Mark (G)                339 us
[140.862s][info][gc,stats    ] Pause Final Mark (N)                244 us
[140.862s][info][gc,stats    ]   Finish Mark                        65 us
[140.862s][info][gc,stats    ]   Update Region States               68 us
[140.862s][info][gc,stats    ]   Choose Collection Set              40 us
[140.862s][info][gc,stats    ]   Rebuild Free Set                    8 us
[140.862s][info][gc,stats    ] Concurrent Weak References          182 us, parallelism: 0.03x
[140.862s][info][gc,stats    ]   CWRF: <total>                       5 us
[140.862s][info][gc,stats    ]   CWRF: Weak References               5 us, workers (us):   5, ---, ---, 
[140.862s][info][gc,stats    ] Concurrent Weak Roots               621 us
[140.862s][info][gc,stats    ]   Roots                             490 us, parallelism: 0.89x
[140.862s][info][gc,stats    ]     CWR: <total>                    435 us
[140.862s][info][gc,stats    ]     CWR: Code Cache Roots           362 us, workers (us): 362, ---, ---, 
[140.862s][info][gc,stats    ]     CWR: VM Weak Roots               67 us, workers (us):  67, ---, ---, 
[140.862s][info][gc,stats    ]     CWR: CLDG Roots                   5 us, workers (us):   5, ---, ---, 
[140.862s][info][gc,stats    ]   Rendezvous                         81 us
[140.862s][info][gc,stats    ] Concurrent Cleanup                   74 us
[140.862s][info][gc,stats    ] Concurrent Class Unloading         2507 us
[140.862s][info][gc,stats    ]   Unlink Stale                     2155 us
[140.862s][info][gc,stats    ]     System Dictionary                 3 us
[140.862s][info][gc,stats    ]     Weak Class Links                  0 us
[140.862s][info][gc,stats    ]     Code Roots                     2150 us
[140.863s][info][gc,stats    ]   Rendezvous                        166 us
[140.863s][info][gc,stats    ]   Purge Unlinked                    118 us
[140.863s][info][gc,stats    ]     Code Roots                      109 us
[140.863s][info][gc,stats    ]     CLDG                              9 us
[140.863s][info][gc,stats    ]     Exception Caches                  0 us
[140.863s][info][gc,stats    ] Pause Final Roots (G)               112 us
[140.863s][info][gc,stats    ] Pause Final Roots (N)                28 us
[140.863s][info][gc,stats    ] 
[140.863s][info][gc,stats    ] Allocation pacing accrued:
[140.863s][info][gc,stats    ]       0 of   477 ms (  0.0%): <total>
[140.863s][info][gc,stats    ]       0 of   477 ms (  0.0%): <average total>
[140.863s][info][gc,stats    ] 
[140.863s][info][gc,metaspace] Metaspace: 9004K(9216K)->9004K(9216K) NonClass: 7832K(7936K)->7832K(7936K) Class: 1172K(1280K)->1172K(1280K)
[140.863s][info][gc,ergo     ] Pacer for Idle. Initial: 83886K, Alloc Tax Rate: 1.0x
[141.294s][info][gc          ] Trigger: Learning 5 of 5. Free (2858M) is below initial threshold (2867M)
[141.294s][info][gc,ergo     ] Free: 2858M, Max: 2048K regular, 1702M humongous, Frag: 41% external, 0% internal; Reserve: 206M, Max: 2048K
[141.294s][info][gc,start    ] GC(199) Concurrent reset
[141.294s][info][gc,task     ] GC(199) Using 1 of 3 workers for concurrent reset
[141.294s][info][gc,ergo     ] GC(199) Pacer for Reset. Non-Taxable: 4096M
[141.294s][info][gc          ] GC(199) Concurrent reset 0.598ms
[141.295s][info][gc,start    ] GC(199) Pause Init Mark (unload classes)
[141.295s][info][gc,task     ] GC(199) Using 3 of 3 workers for init marking
[141.295s][info][gc,ergo     ] GC(199) Pacer for Mark. Expected Live: 9462K, Free: 2856M, Non-Taxable: 285M, Alloc Tax Rate: 0.0x
[141.295s][info][gc          ] GC(199) Pause Init Mark (unload classes) 0.217ms
[141.295s][info][gc,start    ] GC(199) Concurrent marking roots
[141.295s][info][gc,task     ] GC(199) Using 1 of 3 workers for concurrent marking roots
[141.295s][info][gc          ] GC(199) Concurrent marking roots 0.421ms
[141.295s][info][gc,start    ] GC(199) Concurrent marking (unload classes)
[141.295s][info][gc,task     ] GC(199) Using 1 of 3 workers for concurrent marking
[141.317s][info][gc          ] GC(199) Concurrent marking (unload classes) 21.860ms
[141.317s][info][gc,start    ] GC(199) Pause Final Mark (unload classes)
[141.317s][info][gc,task     ] GC(199) Using 3 of 3 workers for final marking
[141.318s][info][gc,ergo     ] GC(199) Collectable Garbage: 952M (93%), Immediate: 952M (93%), CSet: 0B (0%)
[141.318s][info][gc          ] GC(199) Pause Final Mark (unload classes) 0.345ms
[141.318s][info][gc,start    ] GC(199) Concurrent weak references
[141.318s][info][gc,task     ] GC(199) Using 1 of 3 workers for concurrent weak references
[141.318s][info][gc,ref      ] GC(199) Encountered references: Soft: 144, Weak: 702, Final: 0, Phantom: 27
[141.318s][info][gc,ref      ] GC(199) Discovered  references: Soft: 0, Weak: 150, Final: 0, Phantom: 12
[141.318s][info][gc,ref      ] GC(199) Enqueued    references: Soft: 0, Weak: 0, Final: 0, Phantom: 0
[141.318s][info][gc          ] GC(199) Concurrent weak references 0.112ms
[141.318s][info][gc,start    ] GC(199) Concurrent weak roots
[141.318s][info][gc,task     ] GC(199) Using 1 of 3 workers for concurrent weak root
[141.318s][info][gc          ] GC(199) Concurrent weak roots 0.570ms
[141.318s][info][gc,start    ] GC(199) Concurrent cleanup
[141.318s][info][gc          ] GC(199) Concurrent cleanup 1082M->130M(4096M) 0.042ms
[141.318s][info][gc,ergo     ] GC(199) Free: 3760M, Max: 2048K regular, 1760M humongous, Frag: 54% external, 0% internal; Reserve: 206M, Max: 2048K
[141.318s][info][gc,start    ] GC(199) Concurrent class unloading
[141.318s][info][gc,task     ] GC(199) Using 1 of 3 workers for concurrent class unloading
[141.321s][info][gc          ] GC(199) Concurrent class unloading 2.450ms
[141.321s][info][gc,start    ] GC(199) Pause Final Roots
[141.321s][info][gc          ] GC(199) Pause Final Roots 0.050ms
[141.321s][info][gc,ergo     ] Free: 3756M, Max: 2048K regular, 1760M humongous, Frag: 54% external, 0% internal; Reserve: 206M, Max: 2048K
[141.321s][info][gc,stats    ] 
[141.321s][info][gc,stats    ] All times are wall-clock times, except per-root-class counters, that are sum over
[141.321s][info][gc,stats    ] all workers. Dividing the <total> over the root stage time estimates parallelism.
[141.321s][info][gc,stats    ] 
[141.321s][info][gc,stats    ] Concurrent Reset                    666 us
[141.321s][info][gc,stats    ] Pause Init Mark (G)                 363 us
[141.321s][info][gc,stats    ] Pause Init Mark (N)                 236 us
[141.321s][info][gc,stats    ]   Update Region States               95 us
[141.321s][info][gc,stats    ] Concurrent Mark Roots               439 us, parallelism: 0.76x
[141.321s][info][gc,stats    ]   CMR: <total>                      336 us
[141.321s][info][gc,stats    ]   CMR: Thread Roots                 294 us, workers (us): 294, ---, ---, 
[141.321s][info][gc,stats    ]   CMR: VM Strong Roots                5 us, workers (us):   5, ---, ---, 
[141.321s][info][gc,stats    ]   CMR: CLDG Roots                    36 us, workers (us):  36, ---, ---, 
[141.321s][info][gc,stats    ] Concurrent Marking                21922 us
[141.321s][info][gc,stats    ] Pause Final Mark (G)                466 us
[141.321s][info][gc,stats    ] Pause Final Mark (N)                364 us
[141.321s][info][gc,stats    ]   Finish Mark                       108 us
[141.321s][info][gc,stats    ]   Update Region States               90 us
[141.321s][info][gc,stats    ]   Choose Collection Set              64 us
[141.321s][info][gc,stats    ]   Rebuild Free Set                   18 us
[141.321s][info][gc,stats    ] Concurrent Weak References          120 us, parallelism: 0.04x
[141.321s][info][gc,stats    ]   CWRF: <total>                       5 us
[141.321s][info][gc,stats    ]   CWRF: Weak References               5 us, workers (us):   5, ---, ---, 
[141.321s][info][gc,stats    ] Concurrent Weak Roots               589 us
[141.321s][info][gc,stats    ]   Roots                             475 us, parallelism: 0.89x
[141.321s][info][gc,stats    ]     CWR: <total>                    423 us
[141.321s][info][gc,stats    ]     CWR: Code Cache Roots           357 us, workers (us): 357, ---, ---, 
[141.321s][info][gc,stats    ]     CWR: VM Weak Roots               61 us, workers (us):  61, ---, ---, 
[141.321s][info][gc,stats    ]     CWR: CLDG Roots                   5 us, workers (us):   5, ---, ---, 
[141.321s][info][gc,stats    ]   Rendezvous                         79 us
[141.322s][info][gc,stats    ] Concurrent Cleanup                   50 us
[141.322s][info][gc,stats    ] Concurrent Class Unloading         2502 us
[141.322s][info][gc,stats    ]   Unlink Stale                     2123 us
[141.322s][info][gc,stats    ]     System Dictionary                 3 us
[141.322s][info][gc,stats    ]     Weak Class Links                  0 us
[141.322s][info][gc,stats    ]     Code Roots                     2119 us
[141.322s][info][gc,stats    ]   Rendezvous                        189 us
[141.322s][info][gc,stats    ]   Purge Unlinked                    119 us
[141.322s][info][gc,stats    ]     Code Roots                      110 us
[141.322s][info][gc,stats    ]     CLDG                              9 us
[141.322s][info][gc,stats    ]     Exception Caches                  0 us
[141.322s][info][gc,stats    ] Pause Final Roots (G)               184 us
[141.322s][info][gc,stats    ] Pause Final Roots (N)                73 us
[141.322s][info][gc,stats    ] 
[141.322s][info][gc,stats    ] Allocation pacing accrued:
[141.322s][info][gc,stats    ]       0 of   459 ms (  0.0%): <total>
[141.322s][info][gc,stats    ]       0 of   459 ms (  0.0%): <average total>
[141.322s][info][gc,stats    ] 
[141.322s][info][gc,metaspace] Metaspace: 9004K(9216K)->9004K(9216K) NonClass: 7832K(7936K)->7832K(7936K) Class: 1172K(1280K)->1172K(1280K)
[141.322s][info][gc,ergo     ] Pacer for Idle. Initial: 83886K, Alloc Tax Rate: 1.0x
[142.957s][info][gc          ] Trigger: Explicit GC request (System.gc())
[142.957s][info][gc,ergo     ] Free: 954M, Max: 2048K regular, 954M humongous, Frag: 0% external, 0% internal; Reserve: 206M, Max: 2048K
[142.957s][info][gc,start    ] GC(200) Concurrent reset
[142.957s][info][gc,task     ] GC(200) Using 1 of 3 workers for concurrent reset
[142.957s][info][gc,ergo     ] GC(200) Pacer for Reset. Non-Taxable: 4096M
[142.958s][info][gc          ] GC(200) Concurrent reset 0.561ms
[142.958s][info][gc,start    ] GC(200) Pause Init Mark (unload classes)
[142.958s][info][gc,task     ] GC(200) Using 3 of 3 workers for init marking
[142.958s][info][gc,ref      ] GC(200) Clearing All SoftReferences
[142.958s][info][gc,ergo     ] GC(200) Pacer for Mark. Expected Live: 9469K, Free: 954M, Non-Taxable: 97689K, Alloc Tax Rate: 0.0x
[142.958s][info][gc          ] GC(200) Pause Init Mark (unload classes) 0.190ms
[142.958s][info][gc,start    ] GC(200) Concurrent marking roots
[142.958s][info][gc,task     ] GC(200) Using 1 of 3 workers for concurrent marking roots
[142.959s][info][gc          ] GC(200) Concurrent marking roots 0.417ms
[142.959s][info][gc,start    ] GC(200) Concurrent marking (unload classes)
[142.959s][info][gc,task     ] GC(200) Using 1 of 3 workers for concurrent marking
[142.962s][info][gc          ] GC(200) Concurrent marking (unload classes) 3.593ms
[142.962s][info][gc,start    ] GC(200) Pause Final Mark (unload classes)
[142.962s][info][gc,task     ] GC(200) Using 3 of 3 workers for final marking
[142.963s][info][gc,ergo     ] GC(200) Collectable Garbage: 2895M (98%), Immediate: 2895M (98%), CSet: 0B (0%)
[142.963s][info][gc          ] GC(200) Pause Final Mark (unload classes) 0.343ms
[142.963s][info][gc,start    ] GC(200) Concurrent weak references
[142.963s][info][gc,task     ] GC(200) Using 1 of 3 workers for concurrent weak references
[142.963s][info][gc,ref      ] GC(200) Encountered references: Soft: 144, Weak: 702, Final: 0, Phantom: 27
[142.963s][info][gc,ref      ] GC(200) Discovered  references: Soft: 88, Weak: 168, Final: 0, Phantom: 25
[142.963s][info][gc,ref      ] GC(200) Enqueued    references: Soft: 3, Weak: 0, Final: 0, Phantom: 0
[142.963s][info][gc          ] GC(200) Concurrent weak references 0.117ms
[142.963s][info][gc,start    ] GC(200) Concurrent weak roots
[142.963s][info][gc,task     ] GC(200) Using 1 of 3 workers for concurrent weak root
[142.963s][info][gc          ] GC(200) Concurrent weak roots 0.489ms
[142.963s][info][gc,start    ] GC(200) Concurrent cleanup
[142.963s][info][gc          ] GC(200) Concurrent cleanup 2935M->40M(4096M) 0.091ms
[142.963s][info][gc,ergo     ] GC(200) Free: 3850M, Max: 2048K regular, 2720M humongous, Frag: 30% external, 0% internal; Reserve: 206M, Max: 2048K
[142.963s][info][gc,start    ] GC(200) Concurrent class unloading
[142.963s][info][gc,task     ] GC(200) Using 1 of 3 workers for concurrent class unloading
[142.965s][info][gc          ] GC(200) Concurrent class unloading 1.898ms
[142.965s][info][gc,start    ] GC(200) Pause Final Roots
[142.965s][info][gc          ] GC(200) Pause Final Roots 0.018ms
[142.965s][info][gc,ergo     ] Free: 3850M, Max: 2048K regular, 2720M humongous, Frag: 30% external, 0% internal; Reserve: 206M, Max: 2048K
[142.965s][info][gc,stats    ] 
[142.965s][info][gc,stats    ] All times are wall-clock times, except per-root-class counters, that are sum over
[142.965s][info][gc,stats    ] all workers. Dividing the <total> over the root stage time estimates parallelism.
[142.965s][info][gc,stats    ] 
[142.965s][info][gc,stats    ] Concurrent Reset                    586 us
[142.966s][info][gc,stats    ] Pause Init Mark (G)                 298 us
[142.966s][info][gc,stats    ] Pause Init Mark (N)                 206 us
[142.966s][info][gc,stats    ]   Update Region States               64 us
[142.966s][info][gc,stats    ] Concurrent Mark Roots               435 us, parallelism: 0.76x
[142.966s][info][gc,stats    ]   CMR: <total>                      332 us
[142.966s][info][gc,stats    ]   CMR: Thread Roots                 292 us, workers (us): 292, ---, ---, 
[142.966s][info][gc,stats    ]   CMR: VM Strong Roots                4 us, workers (us):   4, ---, ---, 
[142.966s][info][gc,stats    ]   CMR: CLDG Roots                    36 us, workers (us):  36, ---, ---, 
[142.966s][info][gc,stats    ] Concurrent Marking                 3660 us
[142.966s][info][gc,stats    ] Pause Final Mark (G)                446 us
[142.966s][info][gc,stats    ] Pause Final Mark (N)                368 us
[142.966s][info][gc,stats    ]   Finish Mark                        69 us
[142.966s][info][gc,stats    ]   Update Region States               68 us
[142.966s][info][gc,stats    ]   Choose Collection Set              90 us
[142.966s][info][gc,stats    ]   Rebuild Free Set                   20 us
[142.966s][info][gc,stats    ] Concurrent Weak References          126 us, parallelism: 0.08x
[142.966s][info][gc,stats    ]   CWRF: <total>                      11 us
[142.966s][info][gc,stats    ]   CWRF: Weak References              11 us, workers (us):  11, ---, ---, 
[142.966s][info][gc,stats    ] Concurrent Weak Roots               518 us
[142.966s][info][gc,stats    ]   Roots                             421 us, parallelism: 0.90x
[142.966s][info][gc,stats    ]     CWR: <total>                    379 us
[142.966s][info][gc,stats    ]     CWR: Code Cache Roots           313 us, workers (us): 313, ---, ---, 
[142.966s][info][gc,stats    ]     CWR: VM Weak Roots               62 us, workers (us):  62, ---, ---, 
[142.966s][info][gc,stats    ]     CWR: CLDG Roots                   4 us, workers (us):   4, ---, ---, 
[142.966s][info][gc,stats    ]   Rendezvous                         51 us
[142.966s][info][gc,stats    ] Concurrent Cleanup                  100 us
[142.966s][info][gc,stats    ] Concurrent Class Unloading         1938 us
[142.966s][info][gc,stats    ]   Unlink Stale                     1779 us
[142.966s][info][gc,stats    ]     System Dictionary                 3 us
[142.966s][info][gc,stats    ]     Weak Class Links                  0 us
[142.966s][info][gc,stats    ]     Code Roots                     1774 us
[142.966s][info][gc,stats    ]   Rendezvous                         29 us
[142.966s][info][gc,stats    ]   Purge Unlinked                     73 us
[142.966s][info][gc,stats    ]     Code Roots                       68 us
[142.966s][info][gc,stats    ]     CLDG                              4 us
[142.966s][info][gc,stats    ]     Exception Caches                  0 us
[142.966s][info][gc,stats    ] Pause Final Roots (G)                59 us
[142.966s][info][gc,stats    ] Pause Final Roots (N)                26 us
[142.966s][info][gc,stats    ] 
[142.966s][info][gc,stats    ] Allocation pacing accrued:
[142.966s][info][gc,stats    ]       0 of  1644 ms (  0.0%): <total>
[142.966s][info][gc,stats    ]       0 of  1644 ms (  0.0%): <average total>
[142.966s][info][gc,stats    ] 
[142.966s][info][gc,metaspace] Metaspace: 9004K(9216K)->9004K(9216K) NonClass: 7832K(7936K)->7832K(7936K) Class: 1172K(1280K)->1172K(1280K)
[142.966s][info][gc,ergo     ] Pacer for Idle. Initial: 83886K, Alloc Tax Rate: 1.0x
[143.427s][info][gc          ] Trigger: Learning 2 of 5. Free (2858M) is below initial threshold (2867M)
[143.427s][info][gc,ergo     ] Free: 2856M, Max: 2048K regular, 1768M humongous, Frag: 39% external, 0% internal; Reserve: 206M, Max: 2048K
[143.427s][info][gc,start    ] GC(201) Concurrent reset
[143.427s][info][gc,task     ] GC(201) Using 1 of 3 workers for concurrent reset
[143.427s][info][gc,ergo     ] GC(201) Pacer for Reset. Non-Taxable: 4096M
[143.428s][info][gc          ] GC(201) Concurrent reset 0.385ms
[143.428s][info][gc,start    ] GC(201) Pause Init Mark (unload classes)
[143.428s][info][gc,task     ] GC(201) Using 3 of 3 workers for init marking
[143.428s][info][gc,ergo     ] GC(201) Pacer for Mark. Expected Live: 9469K, Free: 2856M, Non-Taxable: 285M, Alloc Tax Rate: 0.0x
[143.428s][info][gc          ] GC(201) Pause Init Mark (unload classes) 0.173ms
[143.428s][info][gc,start    ] GC(201) Concurrent marking roots
[143.428s][info][gc,task     ] GC(201) Using 1 of 3 workers for concurrent marking roots
[143.428s][info][gc          ] GC(201) Concurrent marking roots 0.410ms
[143.428s][info][gc,start    ] GC(201) Concurrent marking (unload classes)
[143.428s][info][gc,task     ] GC(201) Using 1 of 3 workers for concurrent marking
[143.436s][info][gc          ] GC(201) Concurrent marking (unload classes) 7.756ms
[143.436s][info][gc,start    ] GC(201) Pause Final Mark (unload classes)
[143.436s][info][gc,task     ] GC(201) Using 3 of 3 workers for final marking
[143.436s][info][gc,ergo     ] GC(201) Collectable Garbage: 974M (94%), Immediate: 974M (94%), CSet: 0B (0%)
[143.436s][info][gc          ] GC(201) Pause Final Mark (unload classes) 0.234ms
[143.437s][info][gc,start    ] GC(201) Concurrent weak references
[143.437s][info][gc,task     ] GC(201) Using 1 of 3 workers for concurrent weak references
[143.437s][info][gc,ref      ] GC(201) Encountered references: Soft: 144, Weak: 702, Final: 0, Phantom: 27
[143.437s][info][gc,ref      ] GC(201) Discovered  references: Soft: 0, Weak: 150, Final: 0, Phantom: 25
[143.437s][info][gc,ref      ] GC(201) Enqueued    references: Soft: 0, Weak: 0, Final: 0, Phantom: 0
[143.437s][info][gc          ] GC(201) Concurrent weak references 0.115ms
[143.437s][info][gc,start    ] GC(201) Concurrent weak roots
[143.437s][info][gc,task     ] GC(201) Using 1 of 3 workers for concurrent weak root
[143.437s][info][gc          ] GC(201) Concurrent weak roots 0.670ms
[143.437s][info][gc,start    ] GC(201) Concurrent cleanup
[143.437s][info][gc          ] GC(201) Concurrent cleanup 1054M->80M(4096M) 0.047ms
[143.437s][info][gc,ergo     ] GC(201) Free: 3810M, Max: 2048K regular, 1748M humongous, Frag: 55% external, 0% internal; Reserve: 206M, Max: 2048K
[143.437s][info][gc,start    ] GC(201) Concurrent class unloading
[143.437s][info][gc,task     ] GC(201) Using 1 of 3 workers for concurrent class unloading
[143.440s][info][gc          ] GC(201) Concurrent class unloading 2.308ms
[143.440s][info][gc,start    ] GC(201) Pause Final Roots
[143.440s][info][gc          ] GC(201) Pause Final Roots 0.017ms
[143.440s][info][gc,ergo     ] Free: 3806M, Max: 2048K regular, 1748M humongous, Frag: 55% external, 0% internal; Reserve: 206M, Max: 2048K
[143.440s][info][gc,stats    ] 
[143.440s][info][gc,stats    ] All times are wall-clock times, except per-root-class counters, that are sum over
[143.440s][info][gc,stats    ] all workers. Dividing the <total> over the root stage time estimates parallelism.
[143.440s][info][gc,stats    ] 
[143.440s][info][gc,stats    ] Concurrent Reset                    403 us
[143.440s][info][gc,stats    ] Pause Init Mark (G)                 335 us
[143.440s][info][gc,stats    ] Pause Init Mark (N)                 186 us
[143.440s][info][gc,stats    ]   Update Region States               62 us
[143.440s][info][gc,stats    ] Concurrent Mark Roots               428 us, parallelism: 0.77x
[143.440s][info][gc,stats    ]   CMR: <total>                      327 us
[143.440s][info][gc,stats    ]   CMR: Thread Roots                 286 us, workers (us): 286, ---, ---, 
[143.440s][info][gc,stats    ]   CMR: VM Strong Roots                5 us, workers (us):   5, ---, ---, 
[143.440s][info][gc,stats    ]   CMR: CLDG Roots                    36 us, workers (us):  36, ---, ---, 
[143.440s][info][gc,stats    ] Concurrent Marking                 7814 us
[143.440s][info][gc,stats    ] Pause Final Mark (G)                333 us
[143.440s][info][gc,stats    ] Pause Final Mark (N)                251 us
[143.440s][info][gc,stats    ]   Finish Mark                        82 us
[143.440s][info][gc,stats    ]   Update Region States               44 us
[143.440s][info][gc,stats    ]   Choose Collection Set              45 us
[143.440s][info][gc,stats    ]   Rebuild Free Set                   17 us
[143.440s][info][gc,stats    ] Concurrent Weak References          123 us, parallelism: 0.04x
[143.440s][info][gc,stats    ]   CWRF: <total>                       5 us
[143.440s][info][gc,stats    ]   CWRF: Weak References               5 us, workers (us):   5, ---, ---, 
[143.440s][info][gc,stats    ] Concurrent Weak Roots               689 us
[143.440s][info][gc,stats    ]   Roots                             615 us, parallelism: 0.88x
[143.440s][info][gc,stats    ]     CWR: <total>                    543 us
[143.440s][info][gc,stats    ]     CWR: Code Cache Roots           428 us, workers (us): 428, ---, ---, 
[143.440s][info][gc,stats    ]     CWR: VM Weak Roots              110 us, workers (us): 110, ---, ---, 
[143.440s][info][gc,stats    ]     CWR: CLDG Roots                   6 us, workers (us):   6, ---, ---, 
[143.440s][info][gc,stats    ]   Rendezvous                         39 us
[143.440s][info][gc,stats    ] Concurrent Cleanup                   55 us
[143.440s][info][gc,stats    ] Concurrent Class Unloading         2361 us
[143.440s][info][gc,stats    ]   Unlink Stale                     2133 us
[143.440s][info][gc,stats    ]     System Dictionary                 3 us
[143.440s][info][gc,stats    ]     Weak Class Links                  0 us
[143.440s][info][gc,stats    ]     Code Roots                     2128 us
[143.440s][info][gc,stats    ]   Rendezvous                         42 us
[143.441s][info][gc,stats    ]   Purge Unlinked                    115 us
[143.441s][info][gc,stats    ]     Code Roots                      106 us
[143.441s][info][gc,stats    ]     CLDG                              8 us
[143.441s][info][gc,stats    ]     Exception Caches                  0 us
[143.441s][info][gc,stats    ] Pause Final Roots (G)               103 us
[143.441s][info][gc,stats    ] Pause Final Roots (N)                24 us
[143.441s][info][gc,stats    ] 
[143.441s][info][gc,stats    ] Allocation pacing accrued:
[143.441s][info][gc,stats    ]       0 of   475 ms (  0.0%): <total>
[143.441s][info][gc,stats    ]       0 of   475 ms (  0.0%): <average total>
[143.441s][info][gc,stats    ] 
[143.441s][info][gc,metaspace] Metaspace: 9004K(9216K)->9004K(9216K) NonClass: 7832K(7936K)->7832K(7936K) Class: 1172K(1280K)->1172K(1280K)
[143.441s][info][gc,ergo     ] Pacer for Idle. Initial: 83886K, Alloc Tax Rate: 1.0x
[143.898s][info][gc          ] Trigger: Learning 3 of 5. Free (2836M) is below initial threshold (2867M)
[143.898s][info][gc,ergo     ] Free: 2836M, Max: 2048K regular, 1746M humongous, Frag: 39% external, 0% internal; Reserve: 206M, Max: 2048K
[143.898s][info][gc,start    ] GC(202) Concurrent reset
[143.898s][info][gc,task     ] GC(202) Using 1 of 3 workers for concurrent reset
[143.898s][info][gc,ergo     ] GC(202) Pacer for Reset. Non-Taxable: 4096M
[143.899s][info][gc          ] GC(202) Concurrent reset 0.596ms
[143.899s][info][gc,start    ] GC(202) Pause Init Mark (unload classes)
[143.899s][info][gc,task     ] GC(202) Using 3 of 3 workers for init marking
[143.899s][info][gc,ergo     ] GC(202) Pacer for Mark. Expected Live: 9465K, Free: 2834M, Non-Taxable: 283M, Alloc Tax Rate: 0.0x
[143.899s][info][gc          ] GC(202) Pause Init Mark (unload classes) 0.176ms
[143.899s][info][gc,start    ] GC(202) Concurrent marking roots
[143.899s][info][gc,task     ] GC(202) Using 1 of 3 workers for concurrent marking roots
[143.899s][info][gc          ] GC(202) Concurrent marking roots 0.416ms
[143.899s][info][gc,start    ] GC(202) Concurrent marking (unload classes)
[143.899s][info][gc,task     ] GC(202) Using 1 of 3 workers for concurrent marking
[143.912s][info][gc          ] GC(202) Concurrent marking (unload classes) 12.779ms
[143.912s][info][gc,start    ] GC(202) Pause Final Mark (unload classes)
[143.912s][info][gc,task     ] GC(202) Using 3 of 3 workers for final marking
[143.913s][info][gc,ergo     ] GC(202) Collectable Garbage: 994M (94%), Immediate: 994M (94%), CSet: 0B (0%)
[143.913s][info][gc          ] GC(202) Pause Final Mark (unload classes) 0.334ms
[143.913s][info][gc,start    ] GC(202) Concurrent weak references
[143.913s][info][gc,task     ] GC(202) Using 1 of 3 workers for concurrent weak references
[143.913s][info][gc,ref      ] GC(202) Encountered references: Soft: 144, Weak: 702, Final: 0, Phantom: 27
[143.913s][info][gc,ref      ] GC(202) Discovered  references: Soft: 0, Weak: 150, Final: 0, Phantom: 12
[143.913s][info][gc,ref      ] GC(202) Enqueued    references: Soft: 0, Weak: 0, Final: 0, Phantom: 0
[143.913s][info][gc          ] GC(202) Concurrent weak references 0.142ms
[143.913s][info][gc,start    ] GC(202) Concurrent weak roots
[143.913s][info][gc,task     ] GC(202) Using 1 of 3 workers for concurrent weak root
[143.913s][info][gc          ] GC(202) Concurrent weak roots 0.549ms
[143.913s][info][gc,start    ] GC(202) Concurrent cleanup
[143.913s][info][gc          ] GC(202) Concurrent cleanup 1086M->92M(4096M) 0.045ms
[143.913s][info][gc,ergo     ] GC(202) Free: 3798M, Max: 2048K regular, 1714M humongous, Frag: 55% external, 0% internal; Reserve: 206M, Max: 2048K
[143.913s][info][gc,start    ] GC(202) Concurrent class unloading
[143.913s][info][gc,task     ] GC(202) Using 1 of 3 workers for concurrent class unloading
[143.915s][info][gc          ] GC(202) Concurrent class unloading 1.995ms
[143.916s][info][gc,start    ] GC(202) Pause Final Roots
[143.916s][info][gc          ] GC(202) Pause Final Roots 0.022ms
[143.916s][info][gc,ergo     ] Free: 3794M, Max: 2048K regular, 1714M humongous, Frag: 55% external, 0% internal; Reserve: 206M, Max: 2048K
[143.916s][info][gc,stats    ] 
[143.916s][info][gc,stats    ] All times are wall-clock times, except per-root-class counters, that are sum over
[143.916s][info][gc,stats    ] all workers. Dividing the <total> over the root stage time estimates parallelism.
[143.916s][info][gc,stats    ] 
[143.916s][info][gc,stats    ] Concurrent Reset                    645 us
[143.916s][info][gc,stats    ] Pause Init Mark (G)                 336 us
[143.916s][info][gc,stats    ] Pause Init Mark (N)                 194 us
[143.916s][info][gc,stats    ]   Update Region States               73 us
[143.916s][info][gc,stats    ] Concurrent Mark Roots               434 us, parallelism: 0.76x
[143.916s][info][gc,stats    ]   CMR: <total>                      331 us
[143.916s][info][gc,stats    ]   CMR: Thread Roots                 292 us, workers (us): 292, ---, ---, 
[143.916s][info][gc,stats    ]   CMR: VM Strong Roots                5 us, workers (us):   5, ---, ---, 
[143.916s][info][gc,stats    ]   CMR: CLDG Roots                    34 us, workers (us):  34, ---, ---, 
[143.916s][info][gc,stats    ] Concurrent Marking                12838 us
[143.916s][info][gc,stats    ] Pause Final Mark (G)                458 us
[143.916s][info][gc,stats    ] Pause Final Mark (N)                359 us
[143.916s][info][gc,stats    ]   Finish Mark                       107 us
[143.916s][info][gc,stats    ]   Update Region States               87 us
[143.916s][info][gc,stats    ]   Choose Collection Set              62 us
[143.916s][info][gc,stats    ]   Rebuild Free Set                   17 us
[143.916s][info][gc,stats    ] Concurrent Weak References          149 us, parallelism: 0.05x
[143.916s][info][gc,stats    ]   CWRF: <total>                       7 us
[143.916s][info][gc,stats    ]   CWRF: Weak References               7 us, workers (us):   7, ---, ---, 
[143.916s][info][gc,stats    ] Concurrent Weak Roots               570 us
[143.916s][info][gc,stats    ]   Roots                             475 us, parallelism: 0.91x
[143.916s][info][gc,stats    ]     CWR: <total>                    432 us
[143.916s][info][gc,stats    ]     CWR: Code Cache Roots           365 us, workers (us): 365, ---, ---, 
[143.916s][info][gc,stats    ]     CWR: VM Weak Roots               62 us, workers (us):  62, ---, ---, 
[143.916s][info][gc,stats    ]     CWR: CLDG Roots                   5 us, workers (us):   5, ---, ---, 
[143.916s][info][gc,stats    ]   Rendezvous                         59 us
[143.916s][info][gc,stats    ] Concurrent Cleanup                   53 us
[143.916s][info][gc,stats    ] Concurrent Class Unloading         2044 us
[143.916s][info][gc,stats    ]   Unlink Stale                     1824 us
[143.916s][info][gc,stats    ]     System Dictionary                 3 us
[143.916s][info][gc,stats    ]     Weak Class Links                  0 us
[143.916s][info][gc,stats    ]     Code Roots                     1820 us
[143.916s][info][gc,stats    ]   Rendezvous                         60 us
[143.916s][info][gc,stats    ]   Purge Unlinked                     91 us
[143.916s][info][gc,stats    ]     Code Roots                       86 us
[143.916s][info][gc,stats    ]     CLDG                              5 us
[143.916s][info][gc,stats    ]     Exception Caches                  0 us
[143.916s][info][gc,stats    ] Pause Final Roots (G)               116 us
[143.916s][info][gc,stats    ] Pause Final Roots (N)                30 us
[143.916s][info][gc,stats    ] 
[143.916s][info][gc,stats    ] Allocation pacing accrued:
[143.916s][info][gc,stats    ]       0 of   476 ms (  0.0%): <total>
[143.916s][info][gc,stats    ]       0 of   476 ms (  0.0%): <average total>
[143.916s][info][gc,stats    ] 
[143.916s][info][gc,metaspace] Metaspace: 9004K(9216K)->9004K(9216K) NonClass: 7832K(7936K)->7832K(7936K) Class: 1172K(1280K)->1172K(1280K)
[143.916s][info][gc,ergo     ] Pacer for Idle. Initial: 83886K, Alloc Tax Rate: 1.0x
[144.368s][info][gc          ] Trigger: Learning 4 of 5. Free (2840M) is below initial threshold (2867M)
[144.368s][info][gc,ergo     ] Free: 2840M, Max: 2048K regular, 1714M humongous, Frag: 40% external, 0% internal; Reserve: 206M, Max: 2048K
[144.369s][info][gc,start    ] GC(203) Concurrent reset
[144.369s][info][gc,task     ] GC(203) Using 1 of 3 workers for concurrent reset
[144.369s][info][gc,ergo     ] GC(203) Pacer for Reset. Non-Taxable: 4096M
[144.369s][info][gc          ] GC(203) Concurrent reset 0.610ms
[144.369s][info][gc,start    ] GC(203) Pause Init Mark (unload classes)
[144.369s][info][gc,task     ] GC(203) Using 3 of 3 workers for init marking
[144.369s][info][gc,ergo     ] GC(203) Pacer for Mark. Expected Live: 9465K, Free: 2838M, Non-Taxable: 283M, Alloc Tax Rate: 0.0x
[144.369s][info][gc          ] GC(203) Pause Init Mark (unload classes) 0.172ms
[144.370s][info][gc,start    ] GC(203) Concurrent marking roots
[144.370s][info][gc,task     ] GC(203) Using 1 of 3 workers for concurrent marking roots
[144.370s][info][gc          ] GC(203) Concurrent marking roots 0.740ms
[144.370s][info][gc,start    ] GC(203) Concurrent marking (unload classes)
[144.370s][info][gc,task     ] GC(203) Using 1 of 3 workers for concurrent marking
[144.387s][info][gc          ] GC(203) Concurrent marking (unload classes) 16.805ms
[144.387s][info][gc,start    ] GC(203) Pause Final Mark (unload classes)
[144.387s][info][gc,task     ] GC(203) Using 3 of 3 workers for final marking
[144.388s][info][gc,ergo     ] GC(203) Collectable Garbage: 978M (94%), Immediate: 978M (94%), CSet: 0B (0%)
[144.388s][info][gc          ] GC(203) Pause Final Mark (unload classes) 0.340ms
[144.388s][info][gc,start    ] GC(203) Concurrent weak references
[144.388s][info][gc,task     ] GC(203) Using 1 of 3 workers for concurrent weak references
[144.388s][info][gc,ref      ] GC(203) Encountered references: Soft: 144, Weak: 702, Final: 0, Phantom: 27
[144.388s][info][gc,ref      ] GC(203) Discovered  references: Soft: 0, Weak: 150, Final: 0, Phantom: 12
[144.388s][info][gc,ref      ] GC(203) Enqueued    references: Soft: 0, Weak: 0, Final: 0, Phantom: 0
[144.388s][info][gc          ] GC(203) Concurrent weak references 0.155ms
[144.388s][info][gc,start    ] GC(203) Concurrent weak roots
[144.388s][info][gc,task     ] GC(203) Using 1 of 3 workers for concurrent weak root
[144.389s][info][gc          ] GC(203) Concurrent weak roots 0.714ms
[144.389s][info][gc,start    ] GC(203) Concurrent cleanup
[144.389s][info][gc          ] GC(203) Concurrent cleanup 1090M->112M(4096M) 0.043ms
[144.389s][info][gc,ergo     ] GC(203) Free: 3778M, Max: 2048K regular, 1710M humongous, Frag: 55% external, 0% internal; Reserve: 206M, Max: 2048K
[144.389s][info][gc,start    ] GC(203) Concurrent class unloading
[144.389s][info][gc,task     ] GC(203) Using 1 of 3 workers for concurrent class unloading
[144.391s][info][gc          ] GC(203) Concurrent class unloading 2.110ms
[144.391s][info][gc,start    ] GC(203) Pause Final Roots
[144.391s][info][gc          ] GC(203) Pause Final Roots 0.041ms
[144.391s][info][gc,ergo     ] Free: 3774M, Max: 2048K regular, 1710M humongous, Frag: 55% external, 0% internal; Reserve: 206M, Max: 2048K
[144.391s][info][gc,stats    ] 
[144.391s][info][gc,stats    ] All times are wall-clock times, except per-root-class counters, that are sum over
[144.391s][info][gc,stats    ] all workers. Dividing the <total> over the root stage time estimates parallelism.
[144.391s][info][gc,stats    ] 
[144.391s][info][gc,stats    ] Concurrent Reset                    676 us
[144.391s][info][gc,stats    ] Pause Init Mark (G)                 361 us
[144.391s][info][gc,stats    ] Pause Init Mark (N)                 181 us
[144.391s][info][gc,stats    ]   Update Region States               63 us
[144.391s][info][gc,stats    ] Concurrent Mark Roots               764 us, parallelism: 0.84x
[144.391s][info][gc,stats    ]   CMR: <total>                      639 us
[144.391s][info][gc,stats    ]   CMR: Thread Roots                 570 us, workers (us): 570, ---, ---, 
[144.391s][info][gc,stats    ]   CMR: VM Strong Roots                6 us, workers (us):   6, ---, ---, 
[144.391s][info][gc,stats    ]   CMR: CLDG Roots                    62 us, workers (us):  62, ---, ---, 
[144.391s][info][gc,stats    ] Concurrent Marking                16868 us
[144.391s][info][gc,stats    ] Pause Final Mark (G)                484 us
[144.391s][info][gc,stats    ] Pause Final Mark (N)                360 us
[144.391s][info][gc,stats    ]   Finish Mark                       103 us
[144.391s][info][gc,stats    ]   Update Region States               83 us
[144.391s][info][gc,stats    ]   Choose Collection Set              62 us
[144.391s][info][gc,stats    ]   Rebuild Free Set                   17 us
[144.391s][info][gc,stats    ] Concurrent Weak References          170 us, parallelism: 0.03x
[144.391s][info][gc,stats    ]   CWRF: <total>                       4 us
[144.391s][info][gc,stats    ]   CWRF: Weak References               4 us, workers (us):   4, ---, ---, 
[144.391s][info][gc,stats    ] Concurrent Weak Roots               734 us
[144.391s][info][gc,stats    ]   Roots                             604 us, parallelism: 0.88x
[144.391s][info][gc,stats    ]     CWR: <total>                    529 us
[144.391s][info][gc,stats    ]     CWR: Code Cache Roots           412 us, workers (us): 412, ---, ---, 
[144.391s][info][gc,stats    ]     CWR: VM Weak Roots              111 us, workers (us): 111, ---, ---, 
[144.391s][info][gc,stats    ]     CWR: CLDG Roots                   7 us, workers (us):   7, ---, ---, 
[144.391s][info][gc,stats    ]   Rendezvous                         79 us
[144.391s][info][gc,stats    ] Concurrent Cleanup                   58 us
[144.391s][info][gc,stats    ] Concurrent Class Unloading         2162 us
[144.391s][info][gc,stats    ]   Unlink Stale                     1785 us
[144.391s][info][gc,stats    ]     System Dictionary                 2 us
[144.391s][info][gc,stats    ]     Weak Class Links                  0 us
[144.391s][info][gc,stats    ]     Code Roots                     1781 us
[144.391s][info][gc,stats    ]   Rendezvous                        189 us
[144.391s][info][gc,stats    ]   Purge Unlinked                    117 us
[144.391s][info][gc,stats    ]     Code Roots                      108 us
[144.391s][info][gc,stats    ]     CLDG                              9 us
[144.392s][info][gc,stats    ]     Exception Caches                  0 us
[144.392s][info][gc,stats    ] Pause Final Roots (G)               183 us
[144.392s][info][gc,stats    ] Pause Final Roots (N)                59 us
[144.392s][info][gc,stats    ] 
[144.392s][info][gc,stats    ] Allocation pacing accrued:
[144.392s][info][gc,stats    ]       0 of   475 ms (  0.0%): <total>
[144.392s][info][gc,stats    ]       0 of   475 ms (  0.0%): <average total>
[144.392s][info][gc,stats    ] 
[144.392s][info][gc,metaspace] Metaspace: 9004K(9216K)->9004K(9216K) NonClass: 7832K(7936K)->7832K(7936K) Class: 1172K(1280K)->1172K(1280K)
[144.392s][info][gc,ergo     ] Pacer for Idle. Initial: 83886K, Alloc Tax Rate: 1.0x
[144.824s][info][gc          ] Trigger: Learning 5 of 5. Free (2836M) is below initial threshold (2867M)
[144.824s][info][gc,ergo     ] Free: 2836M, Max: 2048K regular, 1710M humongous, Frag: 40% external, 0% internal; Reserve: 206M, Max: 2048K
[144.824s][info][gc,start    ] GC(204) Concurrent reset
[144.824s][info][gc,task     ] GC(204) Using 1 of 3 workers for concurrent reset
[144.824s][info][gc,ergo     ] GC(204) Pacer for Reset. Non-Taxable: 4096M
[144.824s][info][gc          ] GC(204) Concurrent reset 0.538ms
[144.825s][info][gc,start    ] GC(204) Pause Init Mark (unload classes)
[144.825s][info][gc,task     ] GC(204) Using 3 of 3 workers for init marking
[144.825s][info][gc,ergo     ] GC(204) Pacer for Mark. Expected Live: 9455K, Free: 2834M, Non-Taxable: 283M, Alloc Tax Rate: 0.0x
[144.825s][info][gc          ] GC(204) Pause Init Mark (unload classes) 0.167ms
[144.825s][info][gc,start    ] GC(204) Concurrent marking roots
[144.825s][info][gc,task     ] GC(204) Using 1 of 3 workers for concurrent marking roots
[144.825s][info][gc          ] GC(204) Concurrent marking roots 0.434ms
[144.825s][info][gc,start    ] GC(204) Concurrent marking (unload classes)
[144.825s][info][gc,task     ] GC(204) Using 1 of 3 workers for concurrent marking
[144.846s][info][gc          ] GC(204) Concurrent marking (unload classes) 20.865ms
[144.846s][info][gc,start    ] GC(204) Pause Final Mark (unload classes)
[144.846s][info][gc,task     ] GC(204) Using 3 of 3 workers for final marking
[144.847s][info][gc,ergo     ] GC(204) Collectable Garbage: 974M (93%), Immediate: 974M (93%), CSet: 0B (0%)
[144.847s][info][gc          ] GC(204) Pause Final Mark (unload classes) 0.349ms
[144.847s][info][gc,start    ] GC(204) Concurrent weak references
[144.847s][info][gc,task     ] GC(204) Using 1 of 3 workers for concurrent weak references
[144.847s][info][gc,ref      ] GC(204) Encountered references: Soft: 144, Weak: 702, Final: 0, Phantom: 27
[144.847s][info][gc,ref      ] GC(204) Discovered  references: Soft: 0, Weak: 150, Final: 0, Phantom: 12
[144.847s][info][gc,ref      ] GC(204) Enqueued    references: Soft: 0, Weak: 0, Final: 0, Phantom: 0
[144.847s][info][gc          ] GC(204) Concurrent weak references 0.157ms
[144.847s][info][gc,start    ] GC(204) Concurrent weak roots
[144.847s][info][gc,task     ] GC(204) Using 1 of 3 workers for concurrent weak root
[144.848s][info][gc          ] GC(204) Concurrent weak roots 0.658ms
[144.848s][info][gc,start    ] GC(204) Concurrent cleanup
[144.848s][info][gc          ] GC(204) Concurrent cleanup 1100M->126M(4096M) 0.042ms
[144.848s][info][gc,ergo     ] GC(204) Free: 3764M, Max: 2048K regular, 1700M humongous, Frag: 55% external, 0% internal; Reserve: 206M, Max: 2048K
[144.848s][info][gc,start    ] GC(204) Concurrent class unloading
[144.848s][info][gc,task     ] GC(204) Using 1 of 3 workers for concurrent class unloading
[144.850s][info][gc          ] GC(204) Concurrent class unloading 2.048ms
[144.850s][info][gc,start    ] GC(204) Pause Final Roots
[144.850s][info][gc          ] GC(204) Pause Final Roots 0.050ms
[144.850s][info][gc,ergo     ] Free: 3762M, Max: 2048K regular, 1700M humongous, Frag: 55% external, 0% internal; Reserve: 206M, Max: 2048K
[144.850s][info][gc,stats    ] 
[144.850s][info][gc,stats    ] All times are wall-clock times, except per-root-class counters, that are sum over
[144.850s][info][gc,stats    ] all workers. Dividing the <total> over the root stage time estimates parallelism.
[144.850s][info][gc,stats    ] 
[144.850s][info][gc,stats    ] Concurrent Reset                    582 us
[144.850s][info][gc,stats    ] Pause Init Mark (G)                 304 us
[144.850s][info][gc,stats    ] Pause Init Mark (N)                 184 us
[144.850s][info][gc,stats    ]   Update Region States               65 us
[144.850s][info][gc,stats    ] Concurrent Mark Roots               452 us, parallelism: 0.77x
[144.850s][info][gc,stats    ]   CMR: <total>                      346 us
[144.850s][info][gc,stats    ]   CMR: Thread Roots                 307 us, workers (us): 307, ---, ---, 
[144.850s][info][gc,stats    ]   CMR: VM Strong Roots                5 us, workers (us):   5, ---, ---, 
[144.850s][info][gc,stats    ]   CMR: CLDG Roots                    35 us, workers (us):  35, ---, ---, 
[144.850s][info][gc,stats    ] Concurrent Marking                20927 us
[144.850s][info][gc,stats    ] Pause Final Mark (G)                496 us
[144.850s][info][gc,stats    ] Pause Final Mark (N)                368 us
[144.850s][info][gc,stats    ]   Finish Mark                       113 us
[144.850s][info][gc,stats    ]   Update Region States               88 us
[144.850s][info][gc,stats    ]   Choose Collection Set              62 us
[144.850s][info][gc,stats    ]   Rebuild Free Set                   17 us
[144.850s][info][gc,stats    ] Concurrent Weak References          173 us, parallelism: 0.03x
[144.850s][info][gc,stats    ]   CWRF: <total>                       4 us
[144.850s][info][gc,stats    ]   CWRF: Weak References               4 us, workers (us):   4, ---, ---, 
[144.850s][info][gc,stats    ] Concurrent Weak Roots               677 us
[144.850s][info][gc,stats    ]   Roots                             547 us, parallelism: 0.87x
[144.850s][info][gc,stats    ]     CWR: <total>                    474 us
[144.850s][info][gc,stats    ]     CWR: Code Cache Roots           358 us, workers (us): 358, ---, ---, 
[144.850s][info][gc,stats    ]     CWR: VM Weak Roots              110 us, workers (us): 110, ---, ---, 
[144.850s][info][gc,stats    ]     CWR: CLDG Roots                   6 us, workers (us):   6, ---, ---, 
[144.850s][info][gc,stats    ]   Rendezvous                         80 us
[144.850s][info][gc,stats    ] Concurrent Cleanup                   51 us
[144.850s][info][gc,stats    ] Concurrent Class Unloading         2099 us
[144.850s][info][gc,stats    ]   Unlink Stale                     1714 us
[144.850s][info][gc,stats    ]     System Dictionary                 3 us
[144.850s][info][gc,stats    ]     Weak Class Links                  0 us
[144.850s][info][gc,stats    ]     Code Roots                     1710 us
[144.850s][info][gc,stats    ]   Rendezvous                        201 us
[144.850s][info][gc,stats    ]   Purge Unlinked                    114 us
[144.850s][info][gc,stats    ]     Code Roots                      105 us
[144.850s][info][gc,stats    ]     CLDG                              8 us
[144.850s][info][gc,stats    ]     Exception Caches                  0 us
[144.850s][info][gc,stats    ] Pause Final Roots (G)               175 us
[144.850s][info][gc,stats    ] Pause Final Roots (N)                69 us
[144.850s][info][gc,stats    ] 
[144.850s][info][gc,stats    ] Allocation pacing accrued:
[144.850s][info][gc,stats    ]       0 of   459 ms (  0.0%): <total>
[144.850s][info][gc,stats    ]       0 of   459 ms (  0.0%): <average total>
[144.850s][info][gc,stats    ] 
[144.850s][info][gc,metaspace] Metaspace: 9004K(9216K)->9004K(9216K) NonClass: 7832K(7936K)->7832K(7936K) Class: 1172K(1280K)->1172K(1280K)
[144.850s][info][gc,ergo     ] Pacer for Idle. Initial: 83886K, Alloc Tax Rate: 1.0x
[146.503s][info][gc          ] Trigger: Explicit GC request (System.gc())
[146.503s][info][gc,ergo     ] Free: 962M, Max: 2048K regular, 954M humongous, Frag: 1% external, 0% internal; Reserve: 206M, Max: 2048K
[146.503s][info][gc,start    ] GC(205) Concurrent reset
[146.503s][info][gc,task     ] GC(205) Using 1 of 3 workers for concurrent reset
[146.503s][info][gc,ergo     ] GC(205) Pacer for Reset. Non-Taxable: 4096M
[146.504s][info][gc          ] GC(205) Concurrent reset 0.491ms
[146.504s][info][gc,start    ] GC(205) Pause Init Mark (unload classes)
[146.504s][info][gc,task     ] GC(205) Using 3 of 3 workers for init marking
[146.504s][info][gc,ref      ] GC(205) Clearing All SoftReferences
[146.504s][info][gc,ergo     ] GC(205) Pacer for Mark. Expected Live: 9461K, Free: 962M, Non-Taxable: 98508K, Alloc Tax Rate: 0.0x
[146.504s][info][gc          ] GC(205) Pause Init Mark (unload classes) 0.195ms
[146.504s][info][gc,start    ] GC(205) Concurrent marking roots
[146.504s][info][gc,task     ] GC(205) Using 1 of 3 workers for concurrent marking roots
[146.505s][info][gc          ] GC(205) Concurrent marking roots 0.615ms
[146.505s][info][gc,start    ] GC(205) Concurrent marking (unload classes)
[146.505s][info][gc,task     ] GC(205) Using 1 of 3 workers for concurrent marking
[146.509s][info][gc          ] GC(205) Concurrent marking (unload classes) 3.843ms
[146.509s][info][gc,start    ] GC(205) Pause Final Mark (unload classes)
[146.509s][info][gc,task     ] GC(205) Using 3 of 3 workers for final marking
[146.509s][info][gc,ergo     ] GC(205) Collectable Garbage: 2887M (98%), Immediate: 2887M (98%), CSet: 0B (0%)
[146.509s][info][gc          ] GC(205) Pause Final Mark (unload classes) 0.293ms
[146.509s][info][gc,start    ] GC(205) Concurrent weak references
[146.509s][info][gc,task     ] GC(205) Using 1 of 3 workers for concurrent weak references
[146.509s][info][gc,ref      ] GC(205) Encountered references: Soft: 144, Weak: 702, Final: 0, Phantom: 27
[146.509s][info][gc,ref      ] GC(205) Discovered  references: Soft: 88, Weak: 168, Final: 0, Phantom: 25
[146.509s][info][gc,ref      ] GC(205) Enqueued    references: Soft: 3, Weak: 0, Final: 0, Phantom: 0
[146.509s][info][gc          ] GC(205) Concurrent weak references 0.242ms
[146.509s][info][gc,start    ] GC(205) Concurrent weak roots
[146.509s][info][gc,task     ] GC(205) Using 1 of 3 workers for concurrent weak root
[146.510s][info][gc          ] GC(205) Concurrent weak roots 0.521ms
[146.510s][info][gc,start    ] GC(205) Concurrent cleanup
[146.510s][info][gc          ] GC(205) Concurrent cleanup 2927M->40M(4096M) 0.107ms
[146.510s][info][gc,ergo     ] GC(205) Free: 3850M, Max: 2048K regular, 2720M humongous, Frag: 30% external, 0% internal; Reserve: 206M, Max: 2048K
[146.510s][info][gc,start    ] GC(205) Concurrent class unloading
[146.510s][info][gc,task     ] GC(205) Using 1 of 3 workers for concurrent class unloading
[146.512s][info][gc          ] GC(205) Concurrent class unloading 2.016ms
[146.512s][info][gc,start    ] GC(205) Pause Final Roots
[146.512s][info][gc          ] GC(205) Pause Final Roots 0.013ms
[146.512s][info][gc,ergo     ] Free: 3850M, Max: 2048K regular, 2720M humongous, Frag: 30% external, 0% internal; Reserve: 206M, Max: 2048K
[146.512s][info][gc,stats    ] 
[146.512s][info][gc,stats    ] All times are wall-clock times, except per-root-class counters, that are sum over
[146.512s][info][gc,stats    ] all workers. Dividing the <total> over the root stage time estimates parallelism.
[146.512s][info][gc,stats    ] 
[146.512s][info][gc,stats    ] Concurrent Reset                    554 us
[146.512s][info][gc,stats    ] Pause Init Mark (G)                 306 us
[146.512s][info][gc,stats    ] Pause Init Mark (N)                 212 us
[146.512s][info][gc,stats    ]   Update Region States               73 us
[146.512s][info][gc,stats    ] Concurrent Mark Roots               639 us, parallelism: 0.77x
[146.512s][info][gc,stats    ]   CMR: <total>                      493 us
[146.513s][info][gc,stats    ]   CMR: Thread Roots                 452 us, workers (us): 452, ---, ---, 
[146.513s][info][gc,stats    ]   CMR: VM Strong Roots                4 us, workers (us):   4, ---, ---, 
[146.513s][info][gc,stats    ]   CMR: CLDG Roots                    36 us, workers (us):  36, ---, ---, 
[146.513s][info][gc,stats    ] Concurrent Marking                 3904 us
[146.513s][info][gc,stats    ] Pause Final Mark (G)                389 us
[146.513s][info][gc,stats    ] Pause Final Mark (N)                314 us
[146.513s][info][gc,stats    ]   Finish Mark                        88 us
[146.513s][info][gc,stats    ]   Update Region States               49 us
[146.513s][info][gc,stats    ]   Choose Collection Set              69 us
[146.513s][info][gc,stats    ]   Rebuild Free Set                   20 us
[146.513s][info][gc,stats    ] Concurrent Weak References          259 us, parallelism: 0.06x
[146.513s][info][gc,stats    ]   CWRF: <total>                      16 us
[146.513s][info][gc,stats    ]   CWRF: Weak References              16 us, workers (us):  16, ---, ---, 
[146.513s][info][gc,stats    ] Concurrent Weak Roots               541 us
[146.513s][info][gc,stats    ]   Roots                             434 us, parallelism: 0.87x
[146.513s][info][gc,stats    ]     CWR: <total>                    379 us
[146.513s][info][gc,stats    ]     CWR: Code Cache Roots           311 us, workers (us): 311, ---, ---, 
[146.513s][info][gc,stats    ]     CWR: VM Weak Roots               64 us, workers (us):  64, ---, ---, 
[146.513s][info][gc,stats    ]     CWR: CLDG Roots                   4 us, workers (us):   4, ---, ---, 
[146.513s][info][gc,stats    ]   Rendezvous                         55 us
[146.513s][info][gc,stats    ] Concurrent Cleanup                  115 us
[146.513s][info][gc,stats    ] Concurrent Class Unloading         2066 us
[146.513s][info][gc,stats    ]   Unlink Stale                     1762 us
[146.513s][info][gc,stats    ]     System Dictionary                 2 us
[146.513s][info][gc,stats    ]     Weak Class Links                  0 us
[146.513s][info][gc,stats    ]     Code Roots                     1758 us
[146.513s][info][gc,stats    ]   Rendezvous                         40 us
[146.513s][info][gc,stats    ]   Purge Unlinked                    197 us
[146.513s][info][gc,stats    ]     Code Roots                      186 us
[146.513s][info][gc,stats    ]     CLDG                             10 us
[146.513s][info][gc,stats    ]     Exception Caches                  0 us
[146.513s][info][gc,stats    ] Pause Final Roots (G)                49 us
[146.513s][info][gc,stats    ] Pause Final Roots (N)                20 us
[146.513s][info][gc,stats    ] 
[146.513s][info][gc,stats    ] Allocation pacing accrued:
[146.513s][info][gc,stats    ]       0 of  1662 ms (  0.0%): <total>
[146.513s][info][gc,stats    ]       0 of  1662 ms (  0.0%): <average total>
[146.513s][info][gc,stats    ] 
[146.513s][info][gc,metaspace] Metaspace: 9004K(9216K)->9008K(9216K) NonClass: 7832K(7936K)->7836K(7936K) Class: 1172K(1280K)->1172K(1280K)
[146.513s][info][gc,ergo     ] Pacer for Idle. Initial: 83886K, Alloc Tax Rate: 1.0x
[146.974s][info][gc          ] Trigger: Learning 2 of 5. Free (2858M) is below initial threshold (2867M)
[146.974s][info][gc,ergo     ] Free: 2856M, Max: 2048K regular, 1768M humongous, Frag: 39% external, 0% internal; Reserve: 206M, Max: 2048K
[146.974s][info][gc,start    ] GC(206) Concurrent reset
[146.974s][info][gc,task     ] GC(206) Using 1 of 3 workers for concurrent reset
[146.974s][info][gc,ergo     ] GC(206) Pacer for Reset. Non-Taxable: 4096M
[146.975s][info][gc          ] GC(206) Concurrent reset 0.522ms
[146.975s][info][gc,start    ] GC(206) Pause Init Mark (unload classes)
[146.975s][info][gc,task     ] GC(206) Using 3 of 3 workers for init marking
[146.975s][info][gc,ergo     ] GC(206) Pacer for Mark. Expected Live: 9461K, Free: 2856M, Non-Taxable: 285M, Alloc Tax Rate: 0.0x
[146.975s][info][gc          ] GC(206) Pause Init Mark (unload classes) 0.194ms
[146.975s][info][gc,start    ] GC(206) Concurrent marking roots
[146.975s][info][gc,task     ] GC(206) Using 1 of 3 workers for concurrent marking roots
[146.976s][info][gc          ] GC(206) Concurrent marking roots 0.468ms
[146.976s][info][gc,start    ] GC(206) Concurrent marking (unload classes)
[146.976s][info][gc,task     ] GC(206) Using 1 of 3 workers for concurrent marking
[146.984s][info][gc          ] GC(206) Concurrent marking (unload classes) 7.829ms
[146.984s][info][gc,start    ] GC(206) Pause Final Mark (unload classes)
[146.984s][info][gc,task     ] GC(206) Using 3 of 3 workers for final marking
[146.984s][info][gc,ergo     ] GC(206) Collectable Garbage: 976M (94%), Immediate: 976M (94%), CSet: 0B (0%)
[146.984s][info][gc          ] GC(206) Pause Final Mark (unload classes) 0.263ms
[146.984s][info][gc,start    ] GC(206) Concurrent weak references
[146.984s][info][gc,task     ] GC(206) Using 1 of 3 workers for concurrent weak references
[146.984s][info][gc,ref      ] GC(206) Encountered references: Soft: 144, Weak: 702, Final: 0, Phantom: 27
[146.984s][info][gc,ref      ] GC(206) Discovered  references: Soft: 0, Weak: 150, Final: 0, Phantom: 12
[146.984s][info][gc,ref      ] GC(206) Enqueued    references: Soft: 0, Weak: 0, Final: 0, Phantom: 0
[146.984s][info][gc          ] GC(206) Concurrent weak references 0.156ms
[146.984s][info][gc,start    ] GC(206) Concurrent weak roots
[146.984s][info][gc,task     ] GC(206) Using 1 of 3 workers for concurrent weak root
[146.985s][info][gc          ] GC(206) Concurrent weak roots 0.636ms
[146.985s][info][gc,start    ] GC(206) Concurrent cleanup
[146.985s][info][gc          ] GC(206) Concurrent cleanup 1052M->78M(4096M) 0.044ms
[146.985s][info][gc,ergo     ] GC(206) Free: 3812M, Max: 2048K regular, 1750M humongous, Frag: 55% external, 0% internal; Reserve: 206M, Max: 2048K
[146.985s][info][gc,start    ] GC(206) Concurrent class unloading
[146.985s][info][gc,task     ] GC(206) Using 1 of 3 workers for concurrent class unloading
[146.987s][info][gc          ] GC(206) Concurrent class unloading 2.309ms
[146.987s][info][gc,start    ] GC(206) Pause Final Roots
[146.987s][info][gc          ] GC(206) Pause Final Roots 0.017ms
[146.988s][info][gc,ergo     ] Free: 3808M, Max: 2048K regular, 1750M humongous, Frag: 55% external, 0% internal; Reserve: 206M, Max: 2048K
[146.988s][info][gc,stats    ] 
[146.988s][info][gc,stats    ] All times are wall-clock times, except per-root-class counters, that are sum over
[146.988s][info][gc,stats    ] all workers. Dividing the <total> over the root stage time estimates parallelism.
[146.988s][info][gc,stats    ] 
[146.988s][info][gc,stats    ] Concurrent Reset                    583 us
[146.988s][info][gc,stats    ] Pause Init Mark (G)                 393 us
[146.988s][info][gc,stats    ] Pause Init Mark (N)                 203 us
[146.988s][info][gc,stats    ]   Update Region States               84 us
[146.988s][info][gc,stats    ] Concurrent Mark Roots               486 us, parallelism: 0.69x
[146.988s][info][gc,stats    ]   CMR: <total>                      336 us
[146.988s][info][gc,stats    ]   CMR: Thread Roots                 296 us, workers (us): 296, ---, ---, 
[146.988s][info][gc,stats    ]   CMR: VM Strong Roots                5 us, workers (us):   5, ---, ---, 
[146.988s][info][gc,stats    ]   CMR: CLDG Roots                    36 us, workers (us):  36, ---, ---, 
[146.988s][info][gc,stats    ] Concurrent Marking                 7893 us
[146.988s][info][gc,stats    ] Pause Final Mark (G)                373 us
[146.988s][info][gc,stats    ] Pause Final Mark (N)                279 us
[146.988s][info][gc,stats    ]   Finish Mark                        99 us
[146.988s][info][gc,stats    ]   Update Region States               56 us
[146.988s][info][gc,stats    ]   Choose Collection Set              45 us
[146.988s][info][gc,stats    ]   Rebuild Free Set                   17 us
[146.988s][info][gc,stats    ] Concurrent Weak References          172 us, parallelism: 0.03x
[146.988s][info][gc,stats    ]   CWRF: <total>                       5 us
[146.988s][info][gc,stats    ]   CWRF: Weak References               5 us, workers (us):   5, ---, ---, 
[146.988s][info][gc,stats    ] Concurrent Weak Roots               656 us
[146.988s][info][gc,stats    ]   Roots                             538 us, parallelism: 0.80x
[146.988s][info][gc,stats    ]     CWR: <total>                    433 us
[146.988s][info][gc,stats    ]     CWR: Code Cache Roots           364 us, workers (us): 364, ---, ---, 
[146.988s][info][gc,stats    ]     CWR: VM Weak Roots               63 us, workers (us):  63, ---, ---, 
[146.988s][info][gc,stats    ]     CWR: CLDG Roots                   5 us, workers (us):   5, ---, ---, 
[146.988s][info][gc,stats    ]   Rendezvous                         66 us
[146.988s][info][gc,stats    ] Concurrent Cleanup                   52 us
[146.988s][info][gc,stats    ] Concurrent Class Unloading         2362 us
[146.988s][info][gc,stats    ]   Unlink Stale                     2131 us
[146.988s][info][gc,stats    ]     System Dictionary                 2 us
[146.988s][info][gc,stats    ]     Weak Class Links                  0 us
[146.988s][info][gc,stats    ]     Code Roots                     2127 us
[146.988s][info][gc,stats    ]   Rendezvous                         41 us
[146.988s][info][gc,stats    ]   Purge Unlinked                    119 us
[146.988s][info][gc,stats    ]     Code Roots                      109 us
[146.988s][info][gc,stats    ]     CLDG                              9 us
[146.988s][info][gc,stats    ]     Exception Caches                  0 us
[146.988s][info][gc,stats    ] Pause Final Roots (G)               103 us
[146.988s][info][gc,stats    ] Pause Final Roots (N)                24 us
[146.988s][info][gc,stats    ] 
[146.988s][info][gc,stats    ] Allocation pacing accrued:
[146.988s][info][gc,stats    ]       0 of   475 ms (  0.0%): <total>
[146.988s][info][gc,stats    ]       0 of   475 ms (  0.0%): <average total>
[146.988s][info][gc,stats    ] 
[146.988s][info][gc,metaspace] Metaspace: 9013K(9280K)->9013K(9280K) NonClass: 7840K(8000K)->7840K(8000K) Class: 1172K(1280K)->1172K(1280K)
[146.988s][info][gc,ergo     ] Pacer for Idle. Initial: 83886K, Alloc Tax Rate: 1.0x
[147.445s][info][gc          ] Trigger: Learning 3 of 5. Free (2846M) is below initial threshold (2867M)
[147.445s][info][gc,ergo     ] Free: 2846M, Max: 2048K regular, 1750M humongous, Frag: 39% external, 0% internal; Reserve: 206M, Max: 2048K
[147.445s][info][gc,start    ] GC(207) Concurrent reset
[147.445s][info][gc,task     ] GC(207) Using 1 of 3 workers for concurrent reset
[147.445s][info][gc,ergo     ] GC(207) Pacer for Reset. Non-Taxable: 4096M
[147.446s][info][gc          ] GC(207) Concurrent reset 0.602ms
[147.446s][info][gc,start    ] GC(207) Pause Init Mark (unload classes)
[147.446s][info][gc,task     ] GC(207) Using 3 of 3 workers for init marking
[147.446s][info][gc,ergo     ] GC(207) Pacer for Mark. Expected Live: 9459K, Free: 2844M, Non-Taxable: 284M, Alloc Tax Rate: 0.0x
[147.446s][info][gc          ] GC(207) Pause Init Mark (unload classes) 0.242ms
[147.446s][info][gc,start    ] GC(207) Concurrent marking roots
[147.446s][info][gc,task     ] GC(207) Using 1 of 3 workers for concurrent marking roots
[147.447s][info][gc          ] GC(207) Concurrent marking roots 0.805ms
[147.447s][info][gc,start    ] GC(207) Concurrent marking (unload classes)
[147.447s][info][gc,task     ] GC(207) Using 1 of 3 workers for concurrent marking
[147.460s][info][gc          ] GC(207) Concurrent marking (unload classes) 13.161ms
[147.460s][info][gc,start    ] GC(207) Pause Final Mark (unload classes)
[147.460s][info][gc,task     ] GC(207) Using 3 of 3 workers for final marking
[147.461s][info][gc,ergo     ] GC(207) Collectable Garbage: 984M (94%), Immediate: 984M (94%), CSet: 0B (0%)
[147.461s][info][gc          ] GC(207) Pause Final Mark (unload classes) 0.333ms
[147.461s][info][gc,start    ] GC(207) Concurrent weak references
[147.461s][info][gc,task     ] GC(207) Using 1 of 3 workers for concurrent weak references
[147.461s][info][gc,ref      ] GC(207) Encountered references: Soft: 144, Weak: 702, Final: 0, Phantom: 27
[147.461s][info][gc,ref      ] GC(207) Discovered  references: Soft: 0, Weak: 150, Final: 0, Phantom: 12
[147.461s][info][gc,ref      ] GC(207) Enqueued    references: Soft: 0, Weak: 0, Final: 0, Phantom: 0
[147.461s][info][gc          ] GC(207) Concurrent weak references 0.145ms
[147.461s][info][gc,start    ] GC(207) Concurrent weak roots
[147.461s][info][gc,task     ] GC(207) Using 1 of 3 workers for concurrent weak root
[147.462s][info][gc          ] GC(207) Concurrent weak roots 0.562ms
[147.462s][info][gc,start    ] GC(207) Concurrent cleanup
[147.462s][info][gc          ] GC(207) Concurrent cleanup 1078M->94M(4096M) 0.046ms
[147.462s][info][gc,ergo     ] GC(207) Free: 3796M, Max: 2048K regular, 1722M humongous, Frag: 55% external, 0% internal; Reserve: 206M, Max: 2048K
[147.462s][info][gc,start    ] GC(207) Concurrent class unloading
[147.462s][info][gc,task     ] GC(207) Using 1 of 3 workers for concurrent class unloading
[147.464s][info][gc          ] GC(207) Concurrent class unloading 2.221ms
[147.464s][info][gc,start    ] GC(207) Pause Final Roots
[147.464s][info][gc          ] GC(207) Pause Final Roots 0.041ms
[147.464s][info][gc,ergo     ] Free: 3792M, Max: 2048K regular, 1722M humongous, Frag: 55% external, 0% internal; Reserve: 206M, Max: 2048K
[147.464s][info][gc,stats    ] 
[147.464s][info][gc,stats    ] All times are wall-clock times, except per-root-class counters, that are sum over
[147.464s][info][gc,stats    ] all workers. Dividing the <total> over the root stage time estimates parallelism.
[147.464s][info][gc,stats    ] 
[147.464s][info][gc,stats    ] Concurrent Reset                    668 us
[147.464s][info][gc,stats    ] Pause Init Mark (G)                 422 us
[147.464s][info][gc,stats    ] Pause Init Mark (N)                 261 us
[147.464s][info][gc,stats    ]   Update Region States              112 us
[147.464s][info][gc,stats    ] Concurrent Mark Roots               829 us, parallelism: 0.81x
[147.464s][info][gc,stats    ]   CMR: <total>                      671 us
[147.464s][info][gc,stats    ]   CMR: Thread Roots                 600 us, workers (us): 600, ---, ---, 
[147.464s][info][gc,stats    ]   CMR: VM Strong Roots                6 us, workers (us):   6, ---, ---, 
[147.464s][info][gc,stats    ]   CMR: CLDG Roots                    65 us, workers (us):  65, ---, ---, 
[147.464s][info][gc,stats    ] Concurrent Marking                13221 us
[147.464s][info][gc,stats    ] Pause Final Mark (G)                535 us
[147.464s][info][gc,stats    ] Pause Final Mark (N)                352 us
[147.464s][info][gc,stats    ]   Finish Mark                        99 us
[147.464s][info][gc,stats    ]   Update Region States               91 us
[147.464s][info][gc,stats    ]   Choose Collection Set              58 us
[147.464s][info][gc,stats    ]   Rebuild Free Set                   17 us
[147.464s][info][gc,stats    ] Concurrent Weak References          156 us, parallelism: 0.05x
[147.464s][info][gc,stats    ]   CWRF: <total>                       9 us
[147.464s][info][gc,stats    ]   CWRF: Weak References               9 us, workers (us):   9, ---, ---, 
[147.464s][info][gc,stats    ] Concurrent Weak Roots               582 us
[147.464s][info][gc,stats    ]   Roots                             454 us, parallelism: 0.88x
[147.464s][info][gc,stats    ]     CWR: <total>                    398 us
[147.464s][info][gc,stats    ]     CWR: Code Cache Roots           331 us, workers (us): 331, ---, ---, 
[147.464s][info][gc,stats    ]     CWR: VM Weak Roots               62 us, workers (us):  62, ---, ---, 
[147.464s][info][gc,stats    ]     CWR: CLDG Roots                   5 us, workers (us):   5, ---, ---, 
[147.464s][info][gc,stats    ]   Rendezvous                         91 us
[147.464s][info][gc,stats    ] Concurrent Cleanup                   54 us
[147.464s][info][gc,stats    ] Concurrent Class Unloading         2273 us
[147.464s][info][gc,stats    ]   Unlink Stale                     1986 us
[147.464s][info][gc,stats    ]     System Dictionary                 2 us
[147.465s][info][gc,stats    ]     Weak Class Links                  0 us
[147.465s][info][gc,stats    ]     Code Roots                     1981 us
[147.465s][info][gc,stats    ]   Rendezvous                        101 us
[147.465s][info][gc,stats    ]   Purge Unlinked                    116 us
[147.465s][info][gc,stats    ]     Code Roots                      106 us
[147.465s][info][gc,stats    ]     CLDG                              9 us
[147.465s][info][gc,stats    ]     Exception Caches                  0 us
[147.465s][info][gc,stats    ] Pause Final Roots (G)               182 us
[147.465s][info][gc,stats    ] Pause Final Roots (N)                59 us
[147.465s][info][gc,stats    ] 
[147.465s][info][gc,stats    ] Allocation pacing accrued:
[147.465s][info][gc,stats    ]       0 of   476 ms (  0.0%): <total>
[147.465s][info][gc,stats    ]       0 of   476 ms (  0.0%): <average total>
[147.465s][info][gc,stats    ] 
[147.465s][info][gc,metaspace] Metaspace: 9013K(9280K)->9013K(9280K) NonClass: 7840K(8000K)->7840K(8000K) Class: 1172K(1280K)->1172K(1280K)
[147.465s][info][gc,ergo     ] Pacer for Idle. Initial: 83886K, Alloc Tax Rate: 1.0x
[147.916s][info][gc          ] Trigger: Learning 4 of 5. Free (2834M) is below initial threshold (2867M)
[147.917s][info][gc,ergo     ] Free: 2834M, Max: 2048K regular, 1722M humongous, Frag: 40% external, 0% internal; Reserve: 206M, Max: 2048K
[147.917s][info][gc,start    ] GC(208) Concurrent reset
[147.917s][info][gc,task     ] GC(208) Using 1 of 3 workers for concurrent reset
[147.917s][info][gc,ergo     ] GC(208) Pacer for Reset. Non-Taxable: 4096M
[147.917s][info][gc          ] GC(208) Concurrent reset 0.656ms
[147.917s][info][gc,start    ] GC(208) Pause Init Mark (unload classes)
[147.917s][info][gc,task     ] GC(208) Using 3 of 3 workers for init marking
[147.918s][info][gc,ergo     ] GC(208) Pacer for Mark. Expected Live: 9458K, Free: 2832M, Non-Taxable: 283M, Alloc Tax Rate: 0.0x
[147.918s][info][gc          ] GC(208) Pause Init Mark (unload classes) 0.167ms
[147.918s][info][gc,start    ] GC(208) Concurrent marking roots
[147.918s][info][gc,task     ] GC(208) Using 1 of 3 workers for concurrent marking roots
[147.918s][info][gc          ] GC(208) Concurrent marking roots 0.417ms
[147.918s][info][gc,start    ] GC(208) Concurrent marking (unload classes)
[147.918s][info][gc,task     ] GC(208) Using 1 of 3 workers for concurrent marking
[147.935s][info][gc          ] GC(208) Concurrent marking (unload classes) 16.972ms
[147.935s][info][gc,start    ] GC(208) Pause Final Mark (unload classes)
[147.935s][info][gc,task     ] GC(208) Using 3 of 3 workers for final marking
[147.935s][info][gc,ergo     ] GC(208) Collectable Garbage: 980M (93%), Immediate: 980M (93%), CSet: 0B (0%)
[147.936s][info][gc          ] GC(208) Pause Final Mark (unload classes) 0.341ms
[147.936s][info][gc,start    ] GC(208) Concurrent weak references
[147.936s][info][gc,task     ] GC(208) Using 1 of 3 workers for concurrent weak references
[147.936s][info][gc,ref      ] GC(208) Encountered references: Soft: 144, Weak: 702, Final: 0, Phantom: 27
[147.936s][info][gc,ref      ] GC(208) Discovered  references: Soft: 0, Weak: 150, Final: 0, Phantom: 12
[147.936s][info][gc,ref      ] GC(208) Enqueued    references: Soft: 0, Weak: 0, Final: 0, Phantom: 0
[147.936s][info][gc          ] GC(208) Concurrent weak references 0.158ms
[147.936s][info][gc,start    ] GC(208) Concurrent weak roots
[147.936s][info][gc,task     ] GC(208) Using 1 of 3 workers for concurrent weak root
[147.936s][info][gc          ] GC(208) Concurrent weak roots 0.719ms
[147.937s][info][gc,start    ] GC(208) Concurrent cleanup
[147.937s][info][gc          ] GC(208) Concurrent cleanup 1096M->116M(4096M) 0.043ms
[147.937s][info][gc,ergo     ] GC(208) Free: 3774M, Max: 2048K regular, 1704M humongous, Frag: 55% external, 0% internal; Reserve: 206M, Max: 2048K
[147.937s][info][gc,start    ] GC(208) Concurrent class unloading
[147.937s][info][gc,task     ] GC(208) Using 1 of 3 workers for concurrent class unloading
[147.939s][info][gc          ] GC(208) Concurrent class unloading 2.110ms
[147.939s][info][gc,start    ] GC(208) Pause Final Roots
[147.939s][info][gc          ] GC(208) Pause Final Roots 0.039ms
[147.939s][info][gc,ergo     ] Free: 3768M, Max: 2048K regular, 1704M humongous, Frag: 55% external, 0% internal; Reserve: 206M, Max: 2048K
[147.939s][info][gc,stats    ] 
[147.939s][info][gc,stats    ] All times are wall-clock times, except per-root-class counters, that are sum over
[147.939s][info][gc,stats    ] all workers. Dividing the <total> over the root stage time estimates parallelism.
[147.939s][info][gc,stats    ] 
[147.939s][info][gc,stats    ] Concurrent Reset                    705 us
[147.939s][info][gc,stats    ] Pause Init Mark (G)                 305 us
[147.939s][info][gc,stats    ] Pause Init Mark (N)                 183 us
[147.939s][info][gc,stats    ]   Update Region States               65 us
[147.939s][info][gc,stats    ] Concurrent Mark Roots               436 us, parallelism: 0.76x
[147.939s][info][gc,stats    ]   CMR: <total>                      333 us
[147.939s][info][gc,stats    ]   CMR: Thread Roots                 294 us, workers (us): 294, ---, ---, 
[147.939s][info][gc,stats    ]   CMR: VM Strong Roots                5 us, workers (us):   5, ---, ---, 
[147.939s][info][gc,stats    ]   CMR: CLDG Roots                    34 us, workers (us):  34, ---, ---, 
[147.939s][info][gc,stats    ] Concurrent Marking                17034 us
[147.939s][info][gc,stats    ] Pause Final Mark (G)                470 us
[147.939s][info][gc,stats    ] Pause Final Mark (N)                361 us
[147.939s][info][gc,stats    ]   Finish Mark                       107 us
[147.939s][info][gc,stats    ]   Update Region States               88 us
[147.939s][info][gc,stats    ]   Choose Collection Set              63 us
[147.939s][info][gc,stats    ]   Rebuild Free Set                   17 us
[147.939s][info][gc,stats    ] Concurrent Weak References          173 us, parallelism: 0.03x
[147.939s][info][gc,stats    ]   CWRF: <total>                       5 us
[147.939s][info][gc,stats    ]   CWRF: Weak References               5 us, workers (us):   5, ---, ---, 
[147.939s][info][gc,stats    ] Concurrent Weak Roots               739 us
[147.939s][info][gc,stats    ]   Roots                             608 us, parallelism: 0.88x
[147.939s][info][gc,stats    ]     CWR: <total>                    535 us
[147.939s][info][gc,stats    ]     CWR: Code Cache Roots           418 us, workers (us): 418, ---, ---, 
[147.939s][info][gc,stats    ]     CWR: VM Weak Roots              111 us, workers (us): 111, ---, ---, 
[147.939s][info][gc,stats    ]     CWR: CLDG Roots                   6 us, workers (us):   6, ---, ---, 
[147.939s][info][gc,stats    ]   Rendezvous                         80 us
[147.939s][info][gc,stats    ] Concurrent Cleanup                   51 us
[147.939s][info][gc,stats    ] Concurrent Class Unloading         2162 us
[147.939s][info][gc,stats    ]   Unlink Stale                     1784 us
[147.939s][info][gc,stats    ]     System Dictionary                 3 us
[147.939s][info][gc,stats    ]     Weak Class Links                  0 us
[147.939s][info][gc,stats    ]     Code Roots                     1779 us
[147.939s][info][gc,stats    ]   Rendezvous                        191 us
[147.939s][info][gc,stats    ]   Purge Unlinked                    117 us
[147.939s][info][gc,stats    ]     Code Roots                      108 us
[147.939s][info][gc,stats    ]     CLDG                              9 us
[147.939s][info][gc,stats    ]     Exception Caches                  0 us
[147.939s][info][gc,stats    ] Pause Final Roots (G)               179 us
[147.939s][info][gc,stats    ] Pause Final Roots (N)                63 us
[147.939s][info][gc,stats    ] 
[147.939s][info][gc,stats    ] Allocation pacing accrued:
[147.939s][info][gc,stats    ]       0 of   475 ms (  0.0%): <total>
[147.939s][info][gc,stats    ]       0 of   475 ms (  0.0%): <average total>
[147.939s][info][gc,stats    ] 
[147.939s][info][gc,metaspace] Metaspace: 9013K(9280K)->9013K(9280K) NonClass: 7840K(8000K)->7840K(8000K) Class: 1172K(1280K)->1172K(1280K)
[147.939s][info][gc,ergo     ] Pacer for Idle. Initial: 83886K, Alloc Tax Rate: 1.0x
[148.372s][info][gc          ] Trigger: Learning 5 of 5. Free (2846M) is below initial threshold (2867M)
[148.372s][info][gc,ergo     ] Free: 2846M, Max: 2048K regular, 1704M humongous, Frag: 41% external, 0% internal; Reserve: 206M, Max: 2048K
[148.372s][info][gc,start    ] GC(209) Concurrent reset
[148.372s][info][gc,task     ] GC(209) Using 1 of 3 workers for concurrent reset
[148.372s][info][gc,ergo     ] GC(209) Pacer for Reset. Non-Taxable: 4096M
[148.373s][info][gc          ] GC(209) Concurrent reset 0.514ms
[148.373s][info][gc,start    ] GC(209) Pause Init Mark (unload classes)
[148.373s][info][gc,task     ] GC(209) Using 3 of 3 workers for init marking
[148.373s][info][gc,ergo     ] GC(209) Pacer for Mark. Expected Live: 9457K, Free: 2844M, Non-Taxable: 284M, Alloc Tax Rate: 0.0x
[148.373s][info][gc          ] GC(209) Pause Init Mark (unload classes) 0.158ms
[148.373s][info][gc,start    ] GC(209) Concurrent marking roots
[148.373s][info][gc,task     ] GC(209) Using 1 of 3 workers for concurrent marking roots
[148.374s][info][gc          ] GC(209) Concurrent marking roots 0.790ms
[148.374s][info][gc,start    ] GC(209) Concurrent marking (unload classes)
[148.374s][info][gc,task     ] GC(209) Using 1 of 3 workers for concurrent marking
[148.395s][info][gc          ] GC(209) Concurrent marking (unload classes) 20.944ms
[148.395s][info][gc,start    ] GC(209) Pause Final Mark (unload classes)
[148.395s][info][gc,task     ] GC(209) Using 3 of 3 workers for final marking
[148.395s][info][gc,ergo     ] GC(209) Collectable Garbage: 968M (93%), Immediate: 968M (93%), CSet: 0B (0%)
[148.395s][info][gc          ] GC(209) Pause Final Mark (unload classes) 0.227ms
[148.395s][info][gc,start    ] GC(209) Concurrent weak references
[148.395s][info][gc,task     ] GC(209) Using 1 of 3 workers for concurrent weak references
[148.395s][info][gc,ref      ] GC(209) Encountered references: Soft: 144, Weak: 702, Final: 0, Phantom: 27
[148.395s][info][gc,ref      ] GC(209) Discovered  references: Soft: 0, Weak: 150, Final: 0, Phantom: 12
[148.395s][info][gc,ref      ] GC(209) Enqueued    references: Soft: 0, Weak: 0, Final: 0, Phantom: 0
[148.395s][info][gc          ] GC(209) Concurrent weak references 0.137ms
[148.395s][info][gc,start    ] GC(209) Concurrent weak roots
[148.395s][info][gc,task     ] GC(209) Using 1 of 3 workers for concurrent weak root
[148.396s][info][gc          ] GC(209) Concurrent weak roots 0.540ms
[148.396s][info][gc,start    ] GC(209) Concurrent cleanup
[148.396s][info][gc          ] GC(209) Concurrent cleanup 1092M->124M(4096M) 0.044ms
[148.396s][info][gc,ergo     ] GC(209) Free: 3766M, Max: 2048K regular, 1726M humongous, Frag: 55% external, 0% internal; Reserve: 206M, Max: 2048K
[148.396s][info][gc,start    ] GC(209) Concurrent class unloading
[148.396s][info][gc,task     ] GC(209) Using 1 of 3 workers for concurrent class unloading
[148.398s][info][gc          ] GC(209) Concurrent class unloading 2.338ms
[148.398s][info][gc,start    ] GC(209) Pause Final Roots
[148.398s][info][gc          ] GC(209) Pause Final Roots 0.025ms
[148.399s][info][gc,ergo     ] Free: 3760M, Max: 2048K regular, 1726M humongous, Frag: 55% external, 0% internal; Reserve: 206M, Max: 2048K
[148.399s][info][gc,stats    ] 
[148.399s][info][gc,stats    ] All times are wall-clock times, except per-root-class counters, that are sum over
[148.399s][info][gc,stats    ] all workers. Dividing the <total> over the root stage time estimates parallelism.
[148.399s][info][gc,stats    ] 
[148.399s][info][gc,stats    ] Concurrent Reset                    569 us
[148.399s][info][gc,stats    ] Pause Init Mark (G)                 324 us
[148.399s][info][gc,stats    ] Pause Init Mark (N)                 167 us
[148.399s][info][gc,stats    ]   Update Region States               79 us
[148.399s][info][gc,stats    ] Concurrent Mark Roots               814 us, parallelism: 0.81x
[148.399s][info][gc,stats    ]   CMR: <total>                      661 us
[148.399s][info][gc,stats    ]   CMR: Thread Roots                 588 us, workers (us): 588, ---, ---, 
[148.399s][info][gc,stats    ]   CMR: VM Strong Roots                7 us, workers (us):   7, ---, ---, 
[148.399s][info][gc,stats    ]   CMR: CLDG Roots                    66 us, workers (us):  66, ---, ---, 
[148.399s][info][gc,stats    ] Concurrent Marking                21005 us
[148.399s][info][gc,stats    ] Pause Final Mark (G)                321 us
[148.399s][info][gc,stats    ] Pause Final Mark (N)                243 us
[148.399s][info][gc,stats    ]   Finish Mark                        70 us
[148.399s][info][gc,stats    ]   Update Region States               45 us
[148.399s][info][gc,stats    ]   Choose Collection Set              45 us
[148.399s][info][gc,stats    ]   Rebuild Free Set                   17 us
[148.399s][info][gc,stats    ] Concurrent Weak References          145 us, parallelism: 0.05x
[148.399s][info][gc,stats    ]   CWRF: <total>                       7 us
[148.399s][info][gc,stats    ]   CWRF: Weak References               7 us, workers (us):   7, ---, ---, 
[148.399s][info][gc,stats    ] Concurrent Weak Roots               560 us
[148.399s][info][gc,stats    ]   Roots                             474 us, parallelism: 0.88x
[148.399s][info][gc,stats    ]     CWR: <total>                    419 us
[148.399s][info][gc,stats    ]     CWR: Code Cache Roots           351 us, workers (us): 351, ---, ---, 
[148.399s][info][gc,stats    ]     CWR: VM Weak Roots               63 us, workers (us):  63, ---, ---, 
[148.399s][info][gc,stats    ]     CWR: CLDG Roots                   5 us, workers (us):   5, ---, ---, 
[148.399s][info][gc,stats    ]   Rendezvous                         50 us
[148.399s][info][gc,stats    ] Concurrent Cleanup                   52 us
[148.399s][info][gc,stats    ] Concurrent Class Unloading         2391 us
[148.399s][info][gc,stats    ]   Unlink Stale                     2162 us
[148.399s][info][gc,stats    ]     System Dictionary                 2 us
[148.399s][info][gc,stats    ]     Weak Class Links                  0 us
[148.399s][info][gc,stats    ]     Code Roots                     2158 us
[148.399s][info][gc,stats    ]   Rendezvous                         44 us
[148.399s][info][gc,stats    ]   Purge Unlinked                    113 us
[148.399s][info][gc,stats    ]     Code Roots                      104 us
[148.399s][info][gc,stats    ]     CLDG                              9 us
[148.399s][info][gc,stats    ]     Exception Caches                  0 us
[148.399s][info][gc,stats    ] Pause Final Roots (G)               130 us
[148.399s][info][gc,stats    ] Pause Final Roots (N)                40 us
[148.399s][info][gc,stats    ] 
[148.399s][info][gc,stats    ] Allocation pacing accrued:
[148.399s][info][gc,stats    ]       0 of   460 ms (  0.0%): <total>
[148.399s][info][gc,stats    ]       0 of   460 ms (  0.0%): <average total>
[148.399s][info][gc,stats    ] 
[148.399s][info][gc,metaspace] Metaspace: 9013K(9280K)->9013K(9280K) NonClass: 7840K(8000K)->7840K(8000K) Class: 1172K(1280K)->1172K(1280K)
[148.399s][info][gc,ergo     ] Pacer for Idle. Initial: 83886K, Alloc Tax Rate: 1.0x
[150.053s][info][gc          ] Trigger: Explicit GC request (System.gc())
[150.053s][info][gc,ergo     ] Free: 950M, Max: 2048K regular, 950M humongous, Frag: 0% external, 0% internal; Reserve: 206M, Max: 2048K
[150.053s][info][gc,start    ] GC(210) Concurrent reset
[150.053s][info][gc,task     ] GC(210) Using 1 of 3 workers for concurrent reset
[150.053s][info][gc,ergo     ] GC(210) Pacer for Reset. Non-Taxable: 4096M
[150.054s][info][gc          ] GC(210) Concurrent reset 0.648ms
[150.054s][info][gc,start    ] GC(210) Pause Init Mark (unload classes)
[150.054s][info][gc,task     ] GC(210) Using 3 of 3 workers for init marking
[150.054s][info][gc,ref      ] GC(210) Clearing All SoftReferences
[150.054s][info][gc,ergo     ] GC(210) Pacer for Mark. Expected Live: 9445K, Free: 950M, Non-Taxable: 97280K, Alloc Tax Rate: 0.0x
[150.054s][info][gc          ] GC(210) Pause Init Mark (unload classes) 0.212ms
[150.054s][info][gc,start    ] GC(210) Concurrent marking roots
[150.054s][info][gc,task     ] GC(210) Using 1 of 3 workers for concurrent marking roots
[150.054s][info][gc          ] GC(210) Concurrent marking roots 0.430ms
[150.054s][info][gc,start    ] GC(210) Concurrent marking (unload classes)
[150.054s][info][gc,task     ] GC(210) Using 1 of 3 workers for concurrent marking
[150.058s][info][gc          ] GC(210) Concurrent marking (unload classes) 3.453ms
[150.058s][info][gc,start    ] GC(210) Pause Final Mark (unload classes)
[150.058s][info][gc,task     ] GC(210) Using 3 of 3 workers for final marking
[150.058s][info][gc,ergo     ] GC(210) Collectable Garbage: 2900M (98%), Immediate: 2900M (98%), CSet: 0B (0%)
[150.058s][info][gc          ] GC(210) Pause Final Mark (unload classes) 0.286ms
[150.058s][info][gc,start    ] GC(210) Concurrent weak references
[150.058s][info][gc,task     ] GC(210) Using 1 of 3 workers for concurrent weak references
[150.058s][info][gc,ref      ] GC(210) Encountered references: Soft: 144, Weak: 702, Final: 0, Phantom: 27
[150.058s][info][gc,ref      ] GC(210) Discovered  references: Soft: 88, Weak: 168, Final: 0, Phantom: 25
[150.058s][info][gc,ref      ] GC(210) Enqueued    references: Soft: 3, Weak: 0, Final: 0, Phantom: 0
[150.058s][info][gc          ] GC(210) Concurrent weak references 0.152ms
[150.058s][info][gc,start    ] GC(210) Concurrent weak roots
[150.058s][info][gc,task     ] GC(210) Using 1 of 3 workers for concurrent weak root
[150.059s][info][gc          ] GC(210) Concurrent weak roots 0.642ms
[150.059s][info][gc,start    ] GC(210) Concurrent cleanup
[150.059s][info][gc          ] GC(210) Concurrent cleanup 2940M->40M(4096M) 0.108ms
[150.059s][info][gc,ergo     ] GC(210) Free: 3850M, Max: 2048K regular, 2720M humongous, Frag: 30% external, 0% internal; Reserve: 206M, Max: 2048K
[150.059s][info][gc,start    ] GC(210) Concurrent class unloading
[150.059s][info][gc,task     ] GC(210) Using 1 of 3 workers for concurrent class unloading
[150.062s][info][gc          ] GC(210) Concurrent class unloading 2.398ms
[150.062s][info][gc,start    ] GC(210) Pause Final Roots
[150.062s][info][gc          ] GC(210) Pause Final Roots 0.013ms
[150.062s][info][gc,ergo     ] Free: 3850M, Max: 2048K regular, 2720M humongous, Frag: 30% external, 0% internal; Reserve: 206M, Max: 2048K
[150.062s][info][gc,stats    ] 
[150.062s][info][gc,stats    ] All times are wall-clock times, except per-root-class counters, that are sum over
[150.062s][info][gc,stats    ] all workers. Dividing the <total> over the root stage time estimates parallelism.
[150.062s][info][gc,stats    ] 
[150.062s][info][gc,stats    ] Concurrent Reset                    707 us
[150.062s][info][gc,stats    ] Pause Init Mark (G)                 365 us
[150.062s][info][gc,stats    ] Pause Init Mark (N)                 236 us
[150.062s][info][gc,stats    ]   Update Region States               69 us
[150.062s][info][gc,stats    ] Concurrent Mark Roots               447 us, parallelism: 0.75x
[150.062s][info][gc,stats    ]   CMR: <total>                      338 us
[150.062s][info][gc,stats    ]   CMR: Thread Roots                 296 us, workers (us): 296, ---, ---, 
[150.062s][info][gc,stats    ]   CMR: VM Strong Roots                6 us, workers (us):   6, ---, ---, 
[150.062s][info][gc,stats    ]   CMR: CLDG Roots                    36 us, workers (us):  36, ---, ---, 
[150.062s][info][gc,stats    ] Concurrent Marking                 3500 us
[150.062s][info][gc,stats    ] Pause Final Mark (G)                358 us
[150.062s][info][gc,stats    ] Pause Final Mark (N)                306 us
[150.062s][info][gc,stats    ]   Finish Mark                        85 us
[150.062s][info][gc,stats    ]   Update Region States               56 us
[150.062s][info][gc,stats    ]   Choose Collection Set              71 us
[150.062s][info][gc,stats    ]   Rebuild Free Set                   21 us
[150.062s][info][gc,stats    ] Concurrent Weak References          160 us, parallelism: 0.08x
[150.062s][info][gc,stats    ]   CWRF: <total>                      13 us
[150.062s][info][gc,stats    ]   CWRF: Weak References              13 us, workers (us):  13, ---, ---, 
[150.062s][info][gc,stats    ] Concurrent Weak Roots               661 us
[150.062s][info][gc,stats    ]   Roots                             571 us, parallelism: 0.87x
[150.062s][info][gc,stats    ]     CWR: <total>                    498 us
[150.062s][info][gc,stats    ]     CWR: Code Cache Roots           383 us, workers (us): 383, ---, ---, 
[150.062s][info][gc,stats    ]     CWR: VM Weak Roots              110 us, workers (us): 110, ---, ---, 
[150.062s][info][gc,stats    ]     CWR: CLDG Roots                   5 us, workers (us):   5, ---, ---, 
[150.062s][info][gc,stats    ]   Rendezvous                         55 us
[150.062s][info][gc,stats    ] Concurrent Cleanup                  116 us
[150.062s][info][gc,stats    ] Concurrent Class Unloading         2448 us
[150.062s][info][gc,stats    ]   Unlink Stale                     2164 us
[150.062s][info][gc,stats    ]     System Dictionary                 2 us
[150.062s][info][gc,stats    ]     Weak Class Links                  0 us
[150.062s][info][gc,stats    ]     Code Roots                     2159 us
[150.062s][info][gc,stats    ]   Rendezvous                         40 us
[150.062s][info][gc,stats    ]   Purge Unlinked                    176 us
[150.062s][info][gc,stats    ]     Code Roots                      167 us
[150.062s][info][gc,stats    ]     CLDG                              8 us
[150.062s][info][gc,stats    ]     Exception Caches                  0 us
[150.062s][info][gc,stats    ] Pause Final Roots (G)                48 us
[150.062s][info][gc,stats    ] Pause Final Roots (N)                20 us
[150.062s][info][gc,stats    ] 
[150.062s][info][gc,stats    ] Allocation pacing accrued:
[150.062s][info][gc,stats    ]       0 of  1663 ms (  0.0%): <total>
[150.062s][info][gc,stats    ]       0 of  1663 ms (  0.0%): <average total>
[150.062s][info][gc,stats    ] 
[150.062s][info][gc,metaspace] Metaspace: 9013K(9280K)->9013K(9280K) NonClass: 7840K(8000K)->7841K(8000K) Class: 1172K(1280K)->1172K(1280K)
[150.062s][info][gc,ergo     ] Pacer for Idle. Initial: 83886K, Alloc Tax Rate: 1.0x
[150.524s][info][gc          ] Trigger: Learning 2 of 5. Free (2856M) is below initial threshold (2867M)
[150.524s][info][gc,ergo     ] Free: 2856M, Max: 2048K regular, 1768M humongous, Frag: 39% external, 0% internal; Reserve: 206M, Max: 2048K
[150.524s][info][gc,start    ] GC(211) Concurrent reset
[150.524s][info][gc,task     ] GC(211) Using 1 of 3 workers for concurrent reset
[150.524s][info][gc,ergo     ] GC(211) Pacer for Reset. Non-Taxable: 4096M
[150.524s][info][gc          ] GC(211) Concurrent reset 0.549ms
[150.524s][info][gc,start    ] GC(211) Pause Init Mark (unload classes)
[150.524s][info][gc,task     ] GC(211) Using 3 of 3 workers for init marking
[150.525s][info][gc,ergo     ] GC(211) Pacer for Mark. Expected Live: 9445K, Free: 2854M, Non-Taxable: 285M, Alloc Tax Rate: 0.0x
[150.525s][info][gc          ] GC(211) Pause Init Mark (unload classes) 0.167ms
[150.525s][info][gc,start    ] GC(211) Concurrent marking roots
[150.525s][info][gc,task     ] GC(211) Using 1 of 3 workers for concurrent marking roots
[150.525s][info][gc          ] GC(211) Concurrent marking roots 0.412ms
[150.525s][info][gc,start    ] GC(211) Concurrent marking (unload classes)
[150.525s][info][gc,task     ] GC(211) Using 1 of 3 workers for concurrent marking
[150.533s][info][gc          ] GC(211) Concurrent marking (unload classes) 8.032ms
[150.533s][info][gc,start    ] GC(211) Pause Final Mark (unload classes)
[150.533s][info][gc,task     ] GC(211) Using 3 of 3 workers for final marking
[150.534s][info][gc,ergo     ] GC(211) Collectable Garbage: 978M (94%), Immediate: 978M (94%), CSet: 0B (0%)
[150.534s][info][gc          ] GC(211) Pause Final Mark (unload classes) 0.335ms
[150.534s][info][gc,start    ] GC(211) Concurrent weak references
[150.534s][info][gc,task     ] GC(211) Using 1 of 3 workers for concurrent weak references
[150.534s][info][gc,ref      ] GC(211) Encountered references: Soft: 144, Weak: 702, Final: 0, Phantom: 27
[150.534s][info][gc,ref      ] GC(211) Discovered  references: Soft: 0, Weak: 150, Final: 0, Phantom: 12
[150.534s][info][gc,ref      ] GC(211) Enqueued    references: Soft: 0, Weak: 0, Final: 0, Phantom: 0
[150.534s][info][gc          ] GC(211) Concurrent weak references 0.121ms
[150.534s][info][gc,start    ] GC(211) Concurrent weak roots
[150.534s][info][gc,task     ] GC(211) Using 1 of 3 workers for concurrent weak root
[150.534s][info][gc          ] GC(211) Concurrent weak roots 0.576ms
[150.534s][info][gc,start    ] GC(211) Concurrent cleanup
[150.534s][info][gc          ] GC(211) Concurrent cleanup 1056M->78M(4096M) 0.044ms
[150.534s][info][gc,ergo     ] GC(211) Free: 3812M, Max: 2048K regular, 1746M humongous, Frag: 55% external, 0% internal; Reserve: 206M, Max: 2048K
[150.534s][info][gc,start    ] GC(211) Concurrent class unloading
[150.534s][info][gc,task     ] GC(211) Using 1 of 3 workers for concurrent class unloading
[150.537s][info][gc          ] GC(211) Concurrent class unloading 2.413ms
[150.537s][info][gc,start    ] GC(211) Pause Final Roots
[150.537s][info][gc          ] GC(211) Pause Final Roots 0.039ms
[150.537s][info][gc,ergo     ] Free: 3806M, Max: 2048K regular, 1746M humongous, Frag: 55% external, 0% internal; Reserve: 206M, Max: 2048K
[150.537s][info][gc,stats    ] 
[150.537s][info][gc,stats    ] All times are wall-clock times, except per-root-class counters, that are sum over
[150.537s][info][gc,stats    ] all workers. Dividing the <total> over the root stage time estimates parallelism.
[150.537s][info][gc,stats    ] 
[150.537s][info][gc,stats    ] Concurrent Reset                    608 us
[150.537s][info][gc,stats    ] Pause Init Mark (G)                 323 us
[150.537s][info][gc,stats    ] Pause Init Mark (N)                 184 us
[150.537s][info][gc,stats    ]   Update Region States               65 us
[150.537s][info][gc,stats    ] Concurrent Mark Roots               430 us, parallelism: 0.76x
[150.537s][info][gc,stats    ]   CMR: <total>                      328 us
[150.537s][info][gc,stats    ]   CMR: Thread Roots                 290 us, workers (us): 290, ---, ---, 
[150.537s][info][gc,stats    ]   CMR: VM Strong Roots                5 us, workers (us):   5, ---, ---, 
[150.537s][info][gc,stats    ]   CMR: CLDG Roots                    33 us, workers (us):  33, ---, ---, 
[150.537s][info][gc,stats    ] Concurrent Marking                 8090 us
[150.537s][info][gc,stats    ] Pause Final Mark (G)                443 us
[150.537s][info][gc,stats    ] Pause Final Mark (N)                354 us
[150.537s][info][gc,stats    ]   Finish Mark                       106 us
[150.537s][info][gc,stats    ]   Update Region States               90 us
[150.537s][info][gc,stats    ]   Choose Collection Set              62 us
[150.537s][info][gc,stats    ]   Rebuild Free Set                   17 us
[150.537s][info][gc,stats    ] Concurrent Weak References          128 us, parallelism: 0.04x
[150.537s][info][gc,stats    ]   CWRF: <total>                       5 us
[150.537s][info][gc,stats    ]   CWRF: Weak References               5 us, workers (us):   5, ---, ---, 
[150.537s][info][gc,stats    ] Concurrent Weak Roots               598 us
[150.537s][info][gc,stats    ]   Roots                             482 us, parallelism: 0.89x
[150.537s][info][gc,stats    ]     CWR: <total>                    428 us
[150.537s][info][gc,stats    ]     CWR: Code Cache Roots           359 us, workers (us): 359, ---, ---, 
[150.537s][info][gc,stats    ]     CWR: VM Weak Roots               64 us, workers (us):  64, ---, ---, 
[150.537s][info][gc,stats    ]     CWR: CLDG Roots                   6 us, workers (us):   6, ---, ---, 
[150.537s][info][gc,stats    ]   Rendezvous                         79 us
[150.537s][info][gc,stats    ] Concurrent Cleanup                   53 us
[150.537s][info][gc,stats    ] Concurrent Class Unloading         2468 us
[150.537s][info][gc,stats    ]   Unlink Stale                     2126 us
[150.537s][info][gc,stats    ]     System Dictionary                 3 us
[150.537s][info][gc,stats    ]     Weak Class Links                  0 us
[150.537s][info][gc,stats    ]     Code Roots                     2122 us
[150.537s][info][gc,stats    ]   Rendezvous                        146 us
[150.538s][info][gc,stats    ]   Purge Unlinked                    122 us
[150.538s][info][gc,stats    ]     Code Roots                      113 us
[150.538s][info][gc,stats    ]     CLDG                              9 us
[150.538s][info][gc,stats    ]     Exception Caches                  0 us
[150.538s][info][gc,stats    ] Pause Final Roots (G)               167 us
[150.538s][info][gc,stats    ] Pause Final Roots (N)                57 us
[150.538s][info][gc,stats    ] 
[150.538s][info][gc,stats    ] Allocation pacing accrued:
[150.538s][info][gc,stats    ]       0 of   475 ms (  0.0%): <total>
[150.538s][info][gc,stats    ]       0 of   475 ms (  0.0%): <average total>
[150.538s][info][gc,stats    ] 
[150.538s][info][gc,metaspace] Metaspace: 9017K(9280K)->9017K(9280K) NonClass: 7845K(8000K)->7845K(8000K) Class: 1172K(1280K)->1172K(1280K)
[150.538s][info][gc,ergo     ] Pacer for Idle. Initial: 83886K, Alloc Tax Rate: 1.0x
[150.995s][info][gc          ] Trigger: Learning 3 of 5. Free (2838M) is below initial threshold (2867M)
[150.995s][info][gc,ergo     ] Free: 2838M, Max: 2048K regular, 1746M humongous, Frag: 39% external, 0% internal; Reserve: 206M, Max: 2048K
[150.995s][info][gc,start    ] GC(212) Concurrent reset
[150.995s][info][gc,task     ] GC(212) Using 1 of 3 workers for concurrent reset
[150.995s][info][gc,ergo     ] GC(212) Pacer for Reset. Non-Taxable: 4096M
[150.995s][info][gc          ] GC(212) Concurrent reset 0.555ms
[150.995s][info][gc,start    ] GC(212) Pause Init Mark (unload classes)
[150.995s][info][gc,task     ] GC(212) Using 3 of 3 workers for init marking
[150.996s][info][gc,ergo     ] GC(212) Pacer for Mark. Expected Live: 9448K, Free: 2836M, Non-Taxable: 283M, Alloc Tax Rate: 0.0x
[150.996s][info][gc          ] GC(212) Pause Init Mark (unload classes) 0.219ms
[150.996s][info][gc,start    ] GC(212) Concurrent marking roots
[150.996s][info][gc,task     ] GC(212) Using 1 of 3 workers for concurrent marking roots
[150.996s][info][gc          ] GC(212) Concurrent marking roots 0.417ms
[150.996s][info][gc,start    ] GC(212) Concurrent marking (unload classes)
[150.996s][info][gc,task     ] GC(212) Using 1 of 3 workers for concurrent marking
[151.009s][info][gc          ] GC(212) Concurrent marking (unload classes) 13.240ms
[151.009s][info][gc,start    ] GC(212) Pause Final Mark (unload classes)
[151.010s][info][gc,task     ] GC(212) Using 3 of 3 workers for final marking
[151.010s][info][gc,ergo     ] GC(212) Collectable Garbage: 986M (94%), Immediate: 986M (94%), CSet: 0B (0%)
[151.010s][info][gc          ] GC(212) Pause Final Mark (unload classes) 0.283ms
[151.010s][info][gc,start    ] GC(212) Concurrent weak references
[151.010s][info][gc,task     ] GC(212) Using 1 of 3 workers for concurrent weak references
[151.010s][info][gc,ref      ] GC(212) Encountered references: Soft: 144, Weak: 702, Final: 0, Phantom: 27
[151.010s][info][gc,ref      ] GC(212) Discovered  references: Soft: 0, Weak: 150, Final: 0, Phantom: 12
[151.010s][info][gc,ref      ] GC(212) Enqueued    references: Soft: 0, Weak: 0, Final: 0, Phantom: 0
[151.010s][info][gc          ] GC(212) Concurrent weak references 0.195ms
[151.010s][info][gc,start    ] GC(212) Concurrent weak roots
[151.010s][info][gc,task     ] GC(212) Using 1 of 3 workers for concurrent weak root
[151.011s][info][gc          ] GC(212) Concurrent weak roots 0.651ms
[151.011s][info][gc,start    ] GC(212) Concurrent cleanup
[151.011s][info][gc          ] GC(212) Concurrent cleanup 1084M->100M(4096M) 0.046ms
[151.011s][info][gc,ergo     ] GC(212) Free: 3790M, Max: 2048K regular, 1716M humongous, Frag: 55% external, 0% internal; Reserve: 206M, Max: 2048K
[151.011s][info][gc,start    ] GC(212) Concurrent class unloading
[151.011s][info][gc,task     ] GC(212) Using 1 of 3 workers for concurrent class unloading
[151.013s][info][gc          ] GC(212) Concurrent class unloading 2.067ms
[151.013s][info][gc,start    ] GC(212) Pause Final Roots
[151.013s][info][gc          ] GC(212) Pause Final Roots 0.020ms
[151.013s][info][gc,ergo     ] Free: 3786M, Max: 2048K regular, 1716M humongous, Frag: 55% external, 0% internal; Reserve: 206M, Max: 2048K
[151.013s][info][gc,stats    ] 
[151.013s][info][gc,stats    ] All times are wall-clock times, except per-root-class counters, that are sum over
[151.013s][info][gc,stats    ] all workers. Dividing the <total> over the root stage time estimates parallelism.
[151.013s][info][gc,stats    ] 
[151.013s][info][gc,stats    ] Concurrent Reset                    590 us
[151.013s][info][gc,stats    ] Pause Init Mark (G)                 355 us
[151.013s][info][gc,stats    ] Pause Init Mark (N)                 237 us
[151.013s][info][gc,stats    ]   Update Region States               95 us
[151.013s][info][gc,stats    ] Concurrent Mark Roots               435 us, parallelism: 0.77x
[151.013s][info][gc,stats    ]   CMR: <total>                      333 us
[151.013s][info][gc,stats    ]   CMR: Thread Roots                 292 us, workers (us): 292, ---, ---, 
[151.013s][info][gc,stats    ]   CMR: VM Strong Roots                5 us, workers (us):   5, ---, ---, 
[151.013s][info][gc,stats    ]   CMR: CLDG Roots                    37 us, workers (us):  37, ---, ---, 
[151.013s][info][gc,stats    ] Concurrent Marking                13299 us
[151.013s][info][gc,stats    ] Pause Final Mark (G)                403 us
[151.013s][info][gc,stats    ] Pause Final Mark (N)                292 us
[151.013s][info][gc,stats    ]   Finish Mark                       126 us
[151.013s][info][gc,stats    ]   Update Region States               58 us
[151.013s][info][gc,stats    ]   Choose Collection Set              40 us
[151.013s][info][gc,stats    ]   Rebuild Free Set                    8 us
[151.013s][info][gc,stats    ] Concurrent Weak References          211 us, parallelism: 0.02x
[151.013s][info][gc,stats    ]   CWRF: <total>                       5 us
[151.013s][info][gc,stats    ]   CWRF: Weak References               5 us, workers (us):   5, ---, ---, 
[151.013s][info][gc,stats    ] Concurrent Weak Roots               677 us
[151.013s][info][gc,stats    ]   Roots                             541 us, parallelism: 0.89x
[151.013s][info][gc,stats    ]     CWR: <total>                    481 us
[151.013s][info][gc,stats    ]     CWR: Code Cache Roots           362 us, workers (us): 362, ---, ---, 
[151.013s][info][gc,stats    ]     CWR: VM Weak Roots              114 us, workers (us): 114, ---, ---, 
[151.013s][info][gc,stats    ]     CWR: CLDG Roots                   6 us, workers (us):   6, ---, ---, 
[151.013s][info][gc,stats    ]   Rendezvous                         79 us
[151.013s][info][gc,stats    ] Concurrent Cleanup                   55 us
[151.013s][info][gc,stats    ] Concurrent Class Unloading         2120 us
[151.013s][info][gc,stats    ]   Unlink Stale                     1795 us
[151.013s][info][gc,stats    ]     System Dictionary                 3 us
[151.013s][info][gc,stats    ]     Weak Class Links                  0 us
[151.013s][info][gc,stats    ]     Code Roots                     1790 us
[151.013s][info][gc,stats    ]   Rendezvous                        135 us
[151.013s][info][gc,stats    ]   Purge Unlinked                    114 us
[151.013s][info][gc,stats    ]     Code Roots                      104 us
[151.013s][info][gc,stats    ]     CLDG                              9 us
[151.013s][info][gc,stats    ]     Exception Caches                  0 us
[151.013s][info][gc,stats    ] Pause Final Roots (G)               108 us
[151.013s][info][gc,stats    ] Pause Final Roots (N)                28 us
[151.013s][info][gc,stats    ] 
[151.013s][info][gc,stats    ] Allocation pacing accrued:
[151.013s][info][gc,stats    ]       0 of   476 ms (  0.0%): <total>
[151.014s][info][gc,stats    ]       0 of   476 ms (  0.0%): <average total>
[151.014s][info][gc,stats    ] 
[151.014s][info][gc,metaspace] Metaspace: 9017K(9280K)->9017K(9280K) NonClass: 7845K(8000K)->7845K(8000K) Class: 1172K(1280K)->1172K(1280K)
[151.014s][info][gc,ergo     ] Pacer for Idle. Initial: 83886K, Alloc Tax Rate: 1.0x
[151.450s][info][gc          ] Trigger: Learning 4 of 5. Free (2866M) is below initial threshold (2867M)
[151.451s][info][gc,ergo     ] Free: 2866M, Max: 2048K regular, 1716M humongous, Frag: 41% external, 0% internal; Reserve: 206M, Max: 2048K
[151.451s][info][gc,start    ] GC(213) Concurrent reset
[151.451s][info][gc,task     ] GC(213) Using 1 of 3 workers for concurrent reset
[151.451s][info][gc,ergo     ] GC(213) Pacer for Reset. Non-Taxable: 4096M
[151.451s][info][gc          ] GC(213) Concurrent reset 0.487ms
[151.451s][info][gc,start    ] GC(213) Pause Init Mark (unload classes)
[151.451s][info][gc,task     ] GC(213) Using 3 of 3 workers for init marking
[151.451s][info][gc,ergo     ] GC(213) Pacer for Mark. Expected Live: 9451K, Free: 2864M, Non-Taxable: 286M, Alloc Tax Rate: 0.0x
[151.451s][info][gc          ] GC(213) Pause Init Mark (unload classes) 0.168ms
[151.451s][info][gc,start    ] GC(213) Concurrent marking roots
[151.451s][info][gc,task     ] GC(213) Using 1 of 3 workers for concurrent marking roots
[151.452s][info][gc          ] GC(213) Concurrent marking roots 0.393ms
[151.452s][info][gc,start    ] GC(213) Concurrent marking (unload classes)
[151.452s][info][gc,task     ] GC(213) Using 1 of 3 workers for concurrent marking
[151.469s][info][gc          ] GC(213) Concurrent marking (unload classes) 16.883ms
[151.469s][info][gc,start    ] GC(213) Pause Final Mark (unload classes)
[151.469s][info][gc,task     ] GC(213) Using 3 of 3 workers for final marking
[151.469s][info][gc,ergo     ] GC(213) Collectable Garbage: 956M (94%), Immediate: 956M (94%), CSet: 0B (0%)
[151.469s][info][gc          ] GC(213) Pause Final Mark (unload classes) 0.355ms
[151.469s][info][gc,start    ] GC(213) Concurrent weak references
[151.469s][info][gc,task     ] GC(213) Using 1 of 3 workers for concurrent weak references
[151.469s][info][gc,ref      ] GC(213) Encountered references: Soft: 144, Weak: 702, Final: 0, Phantom: 27
[151.469s][info][gc,ref      ] GC(213) Discovered  references: Soft: 0, Weak: 150, Final: 0, Phantom: 25
[151.469s][info][gc,ref      ] GC(213) Enqueued    references: Soft: 0, Weak: 0, Final: 0, Phantom: 0
[151.469s][info][gc          ] GC(213) Concurrent weak references 0.111ms
[151.469s][info][gc,start    ] GC(213) Concurrent weak roots
[151.469s][info][gc,task     ] GC(213) Using 1 of 3 workers for concurrent weak root
[151.470s][info][gc          ] GC(213) Concurrent weak roots 0.689ms
[151.470s][info][gc,start    ] GC(213) Concurrent cleanup
[151.470s][info][gc          ] GC(213) Concurrent cleanup 1062M->106M(4096M) 0.042ms
[151.470s][info][gc,ergo     ] GC(213) Free: 3784M, Max: 2048K regular, 1768M humongous, Frag: 54% external, 0% internal; Reserve: 206M, Max: 2048K
[151.470s][info][gc,start    ] GC(213) Concurrent class unloading
[151.470s][info][gc,task     ] GC(213) Using 1 of 3 workers for concurrent class unloading
[151.473s][info][gc          ] GC(213) Concurrent class unloading 2.324ms
[151.473s][info][gc,start    ] GC(213) Pause Final Roots
[151.473s][info][gc          ] GC(213) Pause Final Roots 0.041ms
[151.473s][info][gc,ergo     ] Free: 3778M, Max: 2048K regular, 1768M humongous, Frag: 54% external, 0% internal; Reserve: 206M, Max: 2048K
[151.473s][info][gc,stats    ] 
[151.473s][info][gc,stats    ] All times are wall-clock times, except per-root-class counters, that are sum over
[151.473s][info][gc,stats    ] all workers. Dividing the <total> over the root stage time estimates parallelism.
[151.473s][info][gc,stats    ] 
[151.473s][info][gc,stats    ] Concurrent Reset                    538 us
[151.473s][info][gc,stats    ] Pause Init Mark (G)                 343 us
[151.473s][info][gc,stats    ] Pause Init Mark (N)                 185 us
[151.473s][info][gc,stats    ]   Update Region States               65 us
[151.473s][info][gc,stats    ] Concurrent Mark Roots               411 us, parallelism: 0.79x
[151.473s][info][gc,stats    ]   CMR: <total>                      324 us
[151.473s][info][gc,stats    ]   CMR: Thread Roots                 285 us, workers (us): 285, ---, ---, 
[151.473s][info][gc,stats    ]   CMR: VM Strong Roots                5 us, workers (us):   5, ---, ---, 
[151.473s][info][gc,stats    ]   CMR: CLDG Roots                    34 us, workers (us):  34, ---, ---, 
[151.473s][info][gc,stats    ] Concurrent Marking                16944 us
[151.473s][info][gc,stats    ] Pause Final Mark (G)                490 us
[151.473s][info][gc,stats    ] Pause Final Mark (N)                374 us
[151.473s][info][gc,stats    ]   Finish Mark                       109 us
[151.473s][info][gc,stats    ]   Update Region States               90 us
[151.473s][info][gc,stats    ]   Choose Collection Set              64 us
[151.473s][info][gc,stats    ]   Rebuild Free Set                   17 us
[151.473s][info][gc,stats    ] Concurrent Weak References          119 us, parallelism: 0.04x
[151.473s][info][gc,stats    ]   CWRF: <total>                       5 us
[151.473s][info][gc,stats    ]   CWRF: Weak References               5 us, workers (us):   5, ---, ---, 
[151.473s][info][gc,stats    ] Concurrent Weak Roots               708 us
[151.473s][info][gc,stats    ]   Roots                             592 us, parallelism: 0.92x
[151.473s][info][gc,stats    ]     CWR: <total>                    547 us
[151.473s][info][gc,stats    ]     CWR: Code Cache Roots           431 us, workers (us): 431, ---, ---, 
[151.473s][info][gc,stats    ]     CWR: VM Weak Roots              110 us, workers (us): 110, ---, ---, 
[151.473s][info][gc,stats    ]     CWR: CLDG Roots                   6 us, workers (us):   6, ---, ---, 
[151.473s][info][gc,stats    ]   Rendezvous                         81 us
[151.473s][info][gc,stats    ] Concurrent Cleanup                   51 us
[151.473s][info][gc,stats    ] Concurrent Class Unloading         2375 us
[151.473s][info][gc,stats    ]   Unlink Stale                     2079 us
[151.473s][info][gc,stats    ]     System Dictionary                 2 us
[151.473s][info][gc,stats    ]     Weak Class Links                  0 us
[151.473s][info][gc,stats    ]     Code Roots                     2076 us
[151.473s][info][gc,stats    ]   Rendezvous                        112 us
[151.473s][info][gc,stats    ]   Purge Unlinked                    114 us
[151.473s][info][gc,stats    ]     Code Roots                      105 us
[151.473s][info][gc,stats    ]     CLDG                              9 us
[151.473s][info][gc,stats    ]     Exception Caches                  0 us
[151.473s][info][gc,stats    ] Pause Final Roots (G)               182 us
[151.473s][info][gc,stats    ] Pause Final Roots (N)                58 us
[151.473s][info][gc,stats    ] 
[151.473s][info][gc,stats    ] Allocation pacing accrued:
[151.473s][info][gc,stats    ]       0 of   460 ms (  0.0%): <total>
[151.473s][info][gc,stats    ]       0 of   460 ms (  0.0%): <average total>
[151.473s][info][gc,stats    ] 
[151.473s][info][gc,metaspace] Metaspace: 9017K(9280K)->9017K(9280K) NonClass: 7845K(8000K)->7845K(8000K) Class: 1172K(1280K)->1172K(1280K)
[151.473s][info][gc,ergo     ] Pacer for Idle. Initial: 83886K, Alloc Tax Rate: 1.0x
[151.906s][info][gc          ] Trigger: Learning 5 of 5. Free (2844M) is below initial threshold (2867M)
[151.906s][info][gc,ergo     ] Free: 2844M, Max: 2048K regular, 1754M humongous, Frag: 39% external, 0% internal; Reserve: 206M, Max: 2048K
[151.906s][info][gc,start    ] GC(214) Concurrent reset
[151.906s][info][gc,task     ] GC(214) Using 1 of 3 workers for concurrent reset
[151.906s][info][gc,ergo     ] GC(214) Pacer for Reset. Non-Taxable: 4096M
[151.906s][info][gc          ] GC(214) Concurrent reset 0.648ms
[151.907s][info][gc,start    ] GC(214) Pause Init Mark (unload classes)
[151.907s][info][gc,task     ] GC(214) Using 3 of 3 workers for init marking
[151.907s][info][gc,ergo     ] GC(214) Pacer for Mark. Expected Live: 9432K, Free: 2842M, Non-Taxable: 284M, Alloc Tax Rate: 0.0x
[151.907s][info][gc          ] GC(214) Pause Init Mark (unload classes) 0.193ms
[151.907s][info][gc,start    ] GC(214) Concurrent marking roots
[151.907s][info][gc,task     ] GC(214) Using 1 of 3 workers for concurrent marking roots
[151.908s][info][gc          ] GC(214) Concurrent marking roots 0.836ms
[151.908s][info][gc,start    ] GC(214) Concurrent marking (unload classes)
[151.908s][info][gc,task     ] GC(214) Using 1 of 3 workers for concurrent marking
[151.929s][info][gc          ] GC(214) Concurrent marking (unload classes) 20.939ms
[151.929s][info][gc,start    ] GC(214) Pause Final Mark (unload classes)
[151.929s][info][gc,task     ] GC(214) Using 3 of 3 workers for final marking
[151.929s][info][gc,ergo     ] GC(214) Collectable Garbage: 974M (94%), Immediate: 974M (94%), CSet: 0B (0%)
[151.929s][info][gc          ] GC(214) Pause Final Mark (unload classes) 0.251ms
[151.929s][info][gc,start    ] GC(214) Concurrent weak references
[151.929s][info][gc,task     ] GC(214) Using 1 of 3 workers for concurrent weak references
[151.929s][info][gc,ref      ] GC(214) Encountered references: Soft: 144, Weak: 702, Final: 0, Phantom: 27
[151.929s][info][gc,ref      ] GC(214) Discovered  references: Soft: 0, Weak: 150, Final: 0, Phantom: 12
[151.929s][info][gc,ref      ] GC(214) Enqueued    references: Soft: 0, Weak: 0, Final: 0, Phantom: 0
[151.929s][info][gc          ] GC(214) Concurrent weak references 0.113ms
[151.929s][info][gc,start    ] GC(214) Concurrent weak roots
[151.929s][info][gc,task     ] GC(214) Using 1 of 3 workers for concurrent weak root
[151.930s][info][gc          ] GC(214) Concurrent weak roots 0.543ms
[151.930s][info][gc,start    ] GC(214) Concurrent cleanup
[151.930s][info][gc          ] GC(214) Concurrent cleanup 1094M->120M(4096M) 0.043ms
[151.930s][info][gc,ergo     ] GC(214) Free: 3770M, Max: 2048K regular, 1706M humongous, Frag: 55% external, 0% internal; Reserve: 206M, Max: 2048K
[151.930s][info][gc,start    ] GC(214) Concurrent class unloading
[151.930s][info][gc,task     ] GC(214) Using 1 of 3 workers for concurrent class unloading
[151.932s][info][gc          ] GC(214) Concurrent class unloading 2.438ms
[151.932s][info][gc,start    ] GC(214) Pause Final Roots
[151.932s][info][gc          ] GC(214) Pause Final Roots 0.026ms
[151.933s][info][gc,ergo     ] Free: 3764M, Max: 2048K regular, 1706M humongous, Frag: 55% external, 0% internal; Reserve: 206M, Max: 2048K
[151.933s][info][gc,stats    ] 
[151.933s][info][gc,stats    ] All times are wall-clock times, except per-root-class counters, that are sum over
[151.933s][info][gc,stats    ] all workers. Dividing the <total> over the root stage time estimates parallelism.
[151.933s][info][gc,stats    ] 
[151.933s][info][gc,stats    ] Concurrent Reset                    724 us
[151.933s][info][gc,stats    ] Pause Init Mark (G)                 391 us
[151.933s][info][gc,stats    ] Pause Init Mark (N)                 203 us
[151.933s][info][gc,stats    ]   Update Region States               84 us
[151.933s][info][gc,stats    ] Concurrent Mark Roots               860 us, parallelism: 0.78x
[151.933s][info][gc,stats    ]   CMR: <total>                      670 us
[151.933s][info][gc,stats    ]   CMR: Thread Roots                 598 us, workers (us): 598, ---, ---, 
[151.933s][info][gc,stats    ]   CMR: VM Strong Roots                7 us, workers (us):   7, ---, ---, 
[151.933s][info][gc,stats    ]   CMR: CLDG Roots                    64 us, workers (us):  64, ---, ---, 
[151.933s][info][gc,stats    ] Concurrent Marking                21001 us
[151.933s][info][gc,stats    ] Pause Final Mark (G)                348 us
[151.933s][info][gc,stats    ] Pause Final Mark (N)                269 us
[151.933s][info][gc,stats    ]   Finish Mark                        71 us
[151.933s][info][gc,stats    ]   Update Region States               46 us
[151.933s][info][gc,stats    ]   Choose Collection Set              47 us
[151.933s][info][gc,stats    ]   Rebuild Free Set                   34 us
[151.933s][info][gc,stats    ] Concurrent Weak References          121 us, parallelism: 0.04x
[151.933s][info][gc,stats    ]   CWRF: <total>                       5 us
[151.933s][info][gc,stats    ]   CWRF: Weak References               5 us, workers (us):   5, ---, ---, 
[151.933s][info][gc,stats    ] Concurrent Weak Roots               562 us
[151.933s][info][gc,stats    ]   Roots                             477 us, parallelism: 0.89x
[151.933s][info][gc,stats    ]     CWR: <total>                    424 us
[151.933s][info][gc,stats    ]     CWR: Code Cache Roots           356 us, workers (us): 356, ---, ---, 
[151.933s][info][gc,stats    ]     CWR: VM Weak Roots               64 us, workers (us):  64, ---, ---, 
[151.933s][info][gc,stats    ]     CWR: CLDG Roots                   5 us, workers (us):   5, ---, ---, 
[151.933s][info][gc,stats    ]   Rendezvous                         50 us
[151.933s][info][gc,stats    ] Concurrent Cleanup                   51 us
[151.933s][info][gc,stats    ] Concurrent Class Unloading         2495 us
[151.933s][info][gc,stats    ]   Unlink Stale                     2222 us
[151.933s][info][gc,stats    ]     System Dictionary                 3 us
[151.933s][info][gc,stats    ]     Weak Class Links                  0 us
[151.933s][info][gc,stats    ]     Code Roots                     2218 us
[151.933s][info][gc,stats    ]   Rendezvous                         43 us
[151.933s][info][gc,stats    ]   Purge Unlinked                    153 us
[151.933s][info][gc,stats    ]     Code Roots                      143 us
[151.933s][info][gc,stats    ]     CLDG                             10 us
[151.933s][info][gc,stats    ]     Exception Caches                  0 us
[151.933s][info][gc,stats    ] Pause Final Roots (G)               131 us
[151.933s][info][gc,stats    ] Pause Final Roots (N)                42 us
[151.933s][info][gc,stats    ] 
[151.933s][info][gc,stats    ] Allocation pacing accrued:
[151.933s][info][gc,stats    ]       0 of   460 ms (  0.0%): <total>
[151.933s][info][gc,stats    ]       0 of   460 ms (  0.0%): <average total>
[151.933s][info][gc,stats    ] 
[151.933s][info][gc,metaspace] Metaspace: 9017K(9280K)->9017K(9280K) NonClass: 7845K(8000K)->7845K(8000K) Class: 1172K(1280K)->1172K(1280K)
[151.933s][info][gc,ergo     ] Pacer for Idle. Initial: 83886K, Alloc Tax Rate: 1.0x
[153.585s][info][gc          ] Trigger: Explicit GC request (System.gc())
[153.585s][info][gc,ergo     ] Free: 934M, Max: 2048K regular, 934M humongous, Frag: 0% external, 0% internal; Reserve: 206M, Max: 2048K
[153.585s][info][gc,start    ] GC(215) Concurrent reset
[153.585s][info][gc,task     ] GC(215) Using 1 of 3 workers for concurrent reset
[153.585s][info][gc,ergo     ] GC(215) Pacer for Reset. Non-Taxable: 4096M
[153.586s][info][gc          ] GC(215) Concurrent reset 0.465ms
[153.586s][info][gc,start    ] GC(215) Pause Init Mark (unload classes)
[153.586s][info][gc,task     ] GC(215) Using 3 of 3 workers for init marking
[153.586s][info][gc,ref      ] GC(215) Clearing All SoftReferences
[153.586s][info][gc,ergo     ] GC(215) Pacer for Mark. Expected Live: 9422K, Free: 934M, Non-Taxable: 95641K, Alloc Tax Rate: 0.0x
[153.586s][info][gc          ] GC(215) Pause Init Mark (unload classes) 0.127ms
[153.586s][info][gc,start    ] GC(215) Concurrent marking roots
[153.586s][info][gc,task     ] GC(215) Using 1 of 3 workers for concurrent marking roots
[153.587s][info][gc          ] GC(215) Concurrent marking roots 0.671ms
[153.587s][info][gc,start    ] GC(215) Concurrent marking (unload classes)
[153.587s][info][gc,task     ] GC(215) Using 1 of 3 workers for concurrent marking
[153.590s][info][gc          ] GC(215) Concurrent marking (unload classes) 3.431ms
[153.590s][info][gc,start    ] GC(215) Pause Final Mark (unload classes)
[153.590s][info][gc,task     ] GC(215) Using 3 of 3 workers for final marking
[153.591s][info][gc,ergo     ] GC(215) Collectable Garbage: 2916M (98%), Immediate: 2916M (98%), CSet: 0B (0%)
[153.591s][info][gc          ] GC(215) Pause Final Mark (unload classes) 0.312ms
[153.591s][info][gc,start    ] GC(215) Concurrent weak references
[153.591s][info][gc,task     ] GC(215) Using 1 of 3 workers for concurrent weak references
[153.591s][info][gc,ref      ] GC(215) Encountered references: Soft: 144, Weak: 702, Final: 0, Phantom: 27
[153.591s][info][gc,ref      ] GC(215) Discovered  references: Soft: 88, Weak: 168, Final: 0, Phantom: 25
[153.591s][info][gc,ref      ] GC(215) Enqueued    references: Soft: 3, Weak: 0, Final: 0, Phantom: 0
[153.591s][info][gc          ] GC(215) Concurrent weak references 0.170ms
[153.591s][info][gc,start    ] GC(215) Concurrent weak roots
[153.591s][info][gc,task     ] GC(215) Using 1 of 3 workers for concurrent weak root
[153.591s][info][gc          ] GC(215) Concurrent weak roots 0.523ms
[153.591s][info][gc,start    ] GC(215) Concurrent cleanup
[153.591s][info][gc          ] GC(215) Concurrent cleanup 2956M->40M(4096M) 0.108ms
[153.592s][info][gc,ergo     ] GC(215) Free: 3850M, Max: 2048K regular, 2720M humongous, Frag: 30% external, 0% internal; Reserve: 206M, Max: 2048K
[153.592s][info][gc,start    ] GC(215) Concurrent class unloading
[153.592s][info][gc,task     ] GC(215) Using 1 of 3 workers for concurrent class unloading
[153.594s][info][gc          ] GC(215) Concurrent class unloading 2.618ms
[153.594s][info][gc,start    ] GC(215) Pause Final Roots
[153.594s][info][gc          ] GC(215) Pause Final Roots 0.013ms
[153.594s][info][gc,ergo     ] Free: 3850M, Max: 2048K regular, 2720M humongous, Frag: 30% external, 0% internal; Reserve: 206M, Max: 2048K
[153.594s][info][gc,stats    ] 
[153.594s][info][gc,stats    ] All times are wall-clock times, except per-root-class counters, that are sum over
[153.594s][info][gc,stats    ] all workers. Dividing the <total> over the root stage time estimates parallelism.
[153.594s][info][gc,stats    ] 
[153.594s][info][gc,stats    ] Concurrent Reset                    517 us
[153.594s][info][gc,stats    ] Pause Init Mark (G)                 217 us
[153.594s][info][gc,stats    ] Pause Init Mark (N)                 135 us
[153.594s][info][gc,stats    ]   Update Region States               53 us
[153.594s][info][gc,stats    ] Concurrent Mark Roots               696 us, parallelism: 0.79x
[153.594s][info][gc,stats    ]   CMR: <total>                      551 us
[153.594s][info][gc,stats    ]   CMR: Thread Roots                 511 us, workers (us): 511, ---, ---, 
[153.594s][info][gc,stats    ]   CMR: VM Strong Roots                4 us, workers (us):   4, ---, ---, 
[153.595s][info][gc,stats    ]   CMR: CLDG Roots                    37 us, workers (us):  37, ---, ---, 
[153.595s][info][gc,stats    ] Concurrent Marking                 3501 us
[153.595s][info][gc,stats    ] Pause Final Mark (G)                408 us
[153.595s][info][gc,stats    ] Pause Final Mark (N)                333 us
[153.595s][info][gc,stats    ]   Finish Mark                        92 us
[153.595s][info][gc,stats    ]   Update Region States               63 us
[153.595s][info][gc,stats    ]   Choose Collection Set              69 us
[153.595s][info][gc,stats    ]   Rebuild Free Set                   20 us
[153.595s][info][gc,stats    ] Concurrent Weak References          186 us, parallelism: 0.05x
[153.595s][info][gc,stats    ]   CWRF: <total>                       9 us
[153.595s][info][gc,stats    ]   CWRF: Weak References               9 us, workers (us):   9, ---, ---, 
[153.595s][info][gc,stats    ] Concurrent Weak Roots               543 us
[153.595s][info][gc,stats    ]   Roots                             436 us, parallelism: 0.86x
[153.595s][info][gc,stats    ]     CWR: <total>                    377 us
[153.595s][info][gc,stats    ]     CWR: Code Cache Roots           309 us, workers (us): 309, ---, ---, 
[153.595s][info][gc,stats    ]     CWR: VM Weak Roots               63 us, workers (us):  63, ---, ---, 
[153.595s][info][gc,stats    ]     CWR: CLDG Roots                   5 us, workers (us):   5, ---, ---, 
[153.595s][info][gc,stats    ]   Rendezvous                         56 us
[153.595s][info][gc,stats    ] Concurrent Cleanup                  116 us
[153.595s][info][gc,stats    ] Concurrent Class Unloading         2669 us
[153.595s][info][gc,stats    ]   Unlink Stale                     2422 us
[153.595s][info][gc,stats    ]     System Dictionary                 2 us
[153.595s][info][gc,stats    ]     Weak Class Links                  0 us
[153.595s][info][gc,stats    ]     Code Roots                     2418 us
[153.595s][info][gc,stats    ]   Rendezvous                         22 us
[153.595s][info][gc,stats    ]   Purge Unlinked                    156 us
[153.595s][info][gc,stats    ]     Code Roots                      147 us
[153.595s][info][gc,stats    ]     CLDG                              8 us
[153.595s][info][gc,stats    ]     Exception Caches                  0 us
[153.595s][info][gc,stats    ] Pause Final Roots (G)                49 us
[153.595s][info][gc,stats    ] Pause Final Roots (N)                20 us
[153.595s][info][gc,stats    ] 
[153.595s][info][gc,stats    ] Allocation pacing accrued:
[153.595s][info][gc,stats    ]       0 of  1662 ms (  0.0%): <total>
[153.595s][info][gc,stats    ]       0 of  1662 ms (  0.0%): <average total>
[153.595s][info][gc,stats    ] 
[153.595s][info][gc,metaspace] Metaspace: 9017K(9280K)->9018K(9280K) NonClass: 7845K(8000K)->7845K(8000K) Class: 1172K(1280K)->1172K(1280K)
[153.595s][info][gc,ergo     ] Pacer for Idle. Initial: 83886K, Alloc Tax Rate: 1.0x
[154.057s][info][gc          ] Trigger: Learning 2 of 5. Free (2848M) is below initial threshold (2867M)
[154.057s][info][gc,ergo     ] Free: 2848M, Max: 2048K regular, 1760M humongous, Frag: 39% external, 0% internal; Reserve: 206M, Max: 2048K
[154.057s][info][gc,start    ] GC(216) Concurrent reset
[154.057s][info][gc,task     ] GC(216) Using 1 of 3 workers for concurrent reset
[154.057s][info][gc,ergo     ] GC(216) Pacer for Reset. Non-Taxable: 4096M
[154.057s][info][gc          ] GC(216) Concurrent reset 0.527ms
[154.057s][info][gc,start    ] GC(216) Pause Init Mark (unload classes)
[154.057s][info][gc,task     ] GC(216) Using 3 of 3 workers for init marking
[154.057s][info][gc,ergo     ] GC(216) Pacer for Mark. Expected Live: 9422K, Free: 2848M, Non-Taxable: 284M, Alloc Tax Rate: 0.0x
[154.057s][info][gc          ] GC(216) Pause Init Mark (unload classes) 0.144ms
[154.058s][info][gc,start    ] GC(216) Concurrent marking roots
[154.058s][info][gc,task     ] GC(216) Using 1 of 3 workers for concurrent marking roots
[154.058s][info][gc          ] GC(216) Concurrent marking roots 0.696ms
[154.058s][info][gc,start    ] GC(216) Concurrent marking (unload classes)
[154.058s][info][gc,task     ] GC(216) Using 1 of 3 workers for concurrent marking
[154.066s][info][gc          ] GC(216) Concurrent marking (unload classes) 7.853ms
[154.066s][info][gc,start    ] GC(216) Pause Final Mark (unload classes)
[154.066s][info][gc,task     ] GC(216) Using 3 of 3 workers for final marking
[154.067s][info][gc,ergo     ] GC(216) Collectable Garbage: 988M (95%), Immediate: 988M (95%), CSet: 0B (0%)
[154.067s][info][gc          ] GC(216) Pause Final Mark (unload classes) 0.393ms
[154.067s][info][gc,start    ] GC(216) Concurrent weak references
[154.067s][info][gc,task     ] GC(216) Using 1 of 3 workers for concurrent weak references
[154.067s][info][gc,ref      ] GC(216) Encountered references: Soft: 144, Weak: 702, Final: 0, Phantom: 27
[154.067s][info][gc,ref      ] GC(216) Discovered  references: Soft: 0, Weak: 150, Final: 0, Phantom: 12
[154.067s][info][gc,ref      ] GC(216) Enqueued    references: Soft: 0, Weak: 0, Final: 0, Phantom: 0
[154.067s][info][gc          ] GC(216) Concurrent weak references 0.223ms
[154.067s][info][gc,start    ] GC(216) Concurrent weak roots
[154.067s][info][gc,task     ] GC(216) Using 1 of 3 workers for concurrent weak root
[154.068s][info][gc          ] GC(216) Concurrent weak roots 0.621ms
[154.068s][info][gc,start    ] GC(216) Concurrent cleanup
[154.068s][info][gc          ] GC(216) Concurrent cleanup 1064M->76M(4096M) 0.045ms
[154.068s][info][gc,ergo     ] GC(216) Free: 3814M, Max: 2048K regular, 1738M humongous, Frag: 55% external, 0% internal; Reserve: 206M, Max: 2048K
[154.068s][info][gc,start    ] GC(216) Concurrent class unloading
[154.068s][info][gc,task     ] GC(216) Using 1 of 3 workers for concurrent class unloading
[154.070s][info][gc          ] GC(216) Concurrent class unloading 2.230ms
[154.070s][info][gc,start    ] GC(216) Pause Final Roots
[154.070s][info][gc          ] GC(216) Pause Final Roots 0.039ms
[154.070s][info][gc,ergo     ] Free: 3810M, Max: 2048K regular, 1738M humongous, Frag: 55% external, 0% internal; Reserve: 206M, Max: 2048K
[154.070s][info][gc,stats    ] 
[154.070s][info][gc,stats    ] All times are wall-clock times, except per-root-class counters, that are sum over
[154.070s][info][gc,stats    ] all workers. Dividing the <total> over the root stage time estimates parallelism.
[154.070s][info][gc,stats    ] 
[154.070s][info][gc,stats    ] Concurrent Reset                    563 us
[154.070s][info][gc,stats    ] Pause Init Mark (G)                 257 us
[154.070s][info][gc,stats    ] Pause Init Mark (N)                 153 us
[154.070s][info][gc,stats    ]   Update Region States               68 us
[154.070s][info][gc,stats    ] Concurrent Mark Roots               714 us, parallelism: 0.83x
[154.070s][info][gc,stats    ]   CMR: <total>                      595 us
[154.070s][info][gc,stats    ]   CMR: Thread Roots                 523 us, workers (us): 523, ---, ---, 
[154.070s][info][gc,stats    ]   CMR: VM Strong Roots                6 us, workers (us):   6, ---, ---, 
[154.070s][info][gc,stats    ]   CMR: CLDG Roots                    66 us, workers (us):  66, ---, ---, 
[154.070s][info][gc,stats    ] Concurrent Marking                 7921 us
[154.070s][info][gc,stats    ] Pause Final Mark (G)                537 us
[154.070s][info][gc,stats    ] Pause Final Mark (N)                413 us
[154.070s][info][gc,stats    ]   Finish Mark                       162 us
[154.070s][info][gc,stats    ]   Update Region States               72 us
[154.070s][info][gc,stats    ]   Choose Collection Set              63 us
[154.070s][info][gc,stats    ]   Rebuild Free Set                   17 us
[154.070s][info][gc,stats    ] Concurrent Weak References          246 us, parallelism: 0.03x
[154.070s][info][gc,stats    ]   CWRF: <total>                       8 us
[154.070s][info][gc,stats    ]   CWRF: Weak References               8 us, workers (us):   8, ---, ---, 
[154.070s][info][gc,stats    ] Concurrent Weak Roots               639 us
[154.070s][info][gc,stats    ]   Roots                             493 us, parallelism: 0.88x
[154.070s][info][gc,stats    ]     CWR: <total>                    435 us
[154.070s][info][gc,stats    ]     CWR: Code Cache Roots           364 us, workers (us): 364, ---, ---, 
[154.070s][info][gc,stats    ]     CWR: VM Weak Roots               65 us, workers (us):  65, ---, ---, 
[154.070s][info][gc,stats    ]     CWR: CLDG Roots                   6 us, workers (us):   6, ---, ---, 
[154.070s][info][gc,stats    ]   Rendezvous                         90 us
[154.070s][info][gc,stats    ] Concurrent Cleanup                   54 us
[154.070s][info][gc,stats    ] Concurrent Class Unloading         2279 us
[154.070s][info][gc,stats    ]   Unlink Stale                     1948 us
[154.070s][info][gc,stats    ]     System Dictionary                 2 us
[154.070s][info][gc,stats    ]     Weak Class Links                  1 us
[154.070s][info][gc,stats    ]     Code Roots                     1943 us
[154.070s][info][gc,stats    ]   Rendezvous                        146 us
[154.070s][info][gc,stats    ]   Purge Unlinked                    117 us
[154.070s][info][gc,stats    ]     Code Roots                      107 us
[154.070s][info][gc,stats    ]     CLDG                              9 us
[154.070s][info][gc,stats    ]     Exception Caches                  0 us
[154.070s][info][gc,stats    ] Pause Final Roots (G)               168 us
[154.070s][info][gc,stats    ] Pause Final Roots (N)                57 us
[154.070s][info][gc,stats    ] 
[154.070s][info][gc,stats    ] Allocation pacing accrued:
[154.071s][info][gc,stats    ]       0 of   476 ms (  0.0%): <total>
[154.071s][info][gc,stats    ]       0 of   476 ms (  0.0%): <average total>
[154.071s][info][gc,stats    ] 
[154.071s][info][gc,metaspace] Metaspace: 9018K(9280K)->9018K(9280K) NonClass: 7845K(8000K)->7845K(8000K) Class: 1172K(1280K)->1172K(1280K)
[154.071s][info][gc,ergo     ] Pacer for Idle. Initial: 83886K, Alloc Tax Rate: 1.0x
[154.527s][info][gc          ] Trigger: Learning 3 of 5. Free (2846M) is below initial threshold (2867M)
[154.527s][info][gc,ergo     ] Free: 2846M, Max: 2048K regular, 1738M humongous, Frag: 39% external, 0% internal; Reserve: 206M, Max: 2048K
[154.527s][info][gc,start    ] GC(217) Concurrent reset
[154.527s][info][gc,task     ] GC(217) Using 1 of 3 workers for concurrent reset
[154.527s][info][gc,ergo     ] GC(217) Pacer for Reset. Non-Taxable: 4096M
[154.527s][info][gc          ] GC(217) Concurrent reset 0.574ms
[154.528s][info][gc,start    ] GC(217) Pause Init Mark (unload classes)
[154.528s][info][gc,task     ] GC(217) Using 3 of 3 workers for init marking
[154.528s][info][gc,ergo     ] GC(217) Pacer for Mark. Expected Live: 9420K, Free: 2844M, Non-Taxable: 284M, Alloc Tax Rate: 0.0x
[154.528s][info][gc          ] GC(217) Pause Init Mark (unload classes) 0.246ms
[154.528s][info][gc,start    ] GC(217) Concurrent marking roots
[154.528s][info][gc,task     ] GC(217) Using 1 of 3 workers for concurrent marking roots
[154.528s][info][gc          ] GC(217) Concurrent marking roots 0.484ms
[154.528s][info][gc,start    ] GC(217) Concurrent marking (unload classes)
[154.528s][info][gc,task     ] GC(217) Using 1 of 3 workers for concurrent marking
[154.541s][info][gc          ] GC(217) Concurrent marking (unload classes) 12.807ms
[154.541s][info][gc,start    ] GC(217) Pause Final Mark (unload classes)
[154.541s][info][gc,task     ] GC(217) Using 3 of 3 workers for final marking
[154.542s][info][gc,ergo     ] GC(217) Collectable Garbage: 986M (95%), Immediate: 986M (95%), CSet: 0B (0%)
[154.542s][info][gc          ] GC(217) Pause Final Mark (unload classes) 0.343ms
[154.542s][info][gc,start    ] GC(217) Concurrent weak references
[154.542s][info][gc,task     ] GC(217) Using 1 of 3 workers for concurrent weak references
[154.542s][info][gc,ref      ] GC(217) Encountered references: Soft: 144, Weak: 702, Final: 0, Phantom: 27
[154.542s][info][gc,ref      ] GC(217) Discovered  references: Soft: 0, Weak: 150, Final: 0, Phantom: 12
[154.542s][info][gc,ref      ] GC(217) Enqueued    references: Soft: 0, Weak: 0, Final: 0, Phantom: 0
[154.542s][info][gc          ] GC(217) Concurrent weak references 0.222ms
[154.542s][info][gc,start    ] GC(217) Concurrent weak roots
[154.542s][info][gc,task     ] GC(217) Using 1 of 3 workers for concurrent weak root
[154.543s][info][gc          ] GC(217) Concurrent weak roots 0.573ms
[154.543s][info][gc,start    ] GC(217) Concurrent cleanup
[154.543s][info][gc          ] GC(217) Concurrent cleanup 1076M->90M(4096M) 0.075ms
[154.543s][info][gc,ergo     ] GC(217) Free: 3800M, Max: 2048K regular, 1724M humongous, Frag: 55% external, 0% internal; Reserve: 206M, Max: 2048K
[154.543s][info][gc,start    ] GC(217) Concurrent class unloading
[154.543s][info][gc,task     ] GC(217) Using 1 of 3 workers for concurrent class unloading
[154.545s][info][gc          ] GC(217) Concurrent class unloading 2.106ms
[154.545s][info][gc,start    ] GC(217) Pause Final Roots
[154.545s][info][gc          ] GC(217) Pause Final Roots 0.023ms
[154.545s][info][gc,ergo     ] Free: 3796M, Max: 2048K regular, 1724M humongous, Frag: 55% external, 0% internal; Reserve: 206M, Max: 2048K
[154.545s][info][gc,stats    ] 
[154.545s][info][gc,stats    ] All times are wall-clock times, except per-root-class counters, that are sum over
[154.545s][info][gc,stats    ] all workers. Dividing the <total> over the root stage time estimates parallelism.
[154.545s][info][gc,stats    ] 
[154.545s][info][gc,stats    ] Concurrent Reset                    638 us
[154.545s][info][gc,stats    ] Pause Init Mark (G)                 452 us
[154.545s][info][gc,stats    ] Pause Init Mark (N)                 264 us
[154.545s][info][gc,stats    ]   Update Region States              116 us
[154.545s][info][gc,stats    ] Concurrent Mark Roots               503 us, parallelism: 0.65x
[154.545s][info][gc,stats    ]   CMR: <total>                      329 us
[154.545s][info][gc,stats    ]   CMR: Thread Roots                 289 us, workers (us): 289, ---, ---, 
[154.545s][info][gc,stats    ]   CMR: VM Strong Roots                5 us, workers (us):   5, ---, ---, 
[154.545s][info][gc,stats    ]   CMR: CLDG Roots                    35 us, workers (us):  35, ---, ---, 
[154.545s][info][gc,stats    ] Concurrent Marking                12865 us
[154.545s][info][gc,stats    ] Pause Final Mark (G)                481 us
[154.545s][info][gc,stats    ] Pause Final Mark (N)                362 us
[154.545s][info][gc,stats    ]   Finish Mark                       111 us
[154.545s][info][gc,stats    ]   Update Region States               89 us
[154.545s][info][gc,stats    ]   Choose Collection Set              63 us
[154.545s][info][gc,stats    ]   Rebuild Free Set                   17 us
[154.545s][info][gc,stats    ] Concurrent Weak References          238 us, parallelism: 0.03x
[154.546s][info][gc,stats    ]   CWRF: <total>                       8 us
[154.546s][info][gc,stats    ]   CWRF: Weak References               8 us, workers (us):   8, ---, ---, 
[154.546s][info][gc,stats    ] Concurrent Weak Roots               617 us
[154.546s][info][gc,stats    ]   Roots                             481 us, parallelism: 0.89x
[154.546s][info][gc,stats    ]     CWR: <total>                    426 us
[154.546s][info][gc,stats    ]     CWR: Code Cache Roots           358 us, workers (us): 358, ---, ---, 
[154.546s][info][gc,stats    ]     CWR: VM Weak Roots               63 us, workers (us):  63, ---, ---, 
[154.546s][info][gc,stats    ]     CWR: CLDG Roots                   5 us, workers (us):   5, ---, ---, 
[154.546s][info][gc,stats    ]   Rendezvous                         75 us
[154.546s][info][gc,stats    ] Concurrent Cleanup                   93 us
[154.546s][info][gc,stats    ] Concurrent Class Unloading         2173 us
[154.546s][info][gc,stats    ]   Unlink Stale                     1855 us
[154.546s][info][gc,stats    ]     System Dictionary                 7 us
[154.546s][info][gc,stats    ]     Weak Class Links                  1 us
[154.546s][info][gc,stats    ]     Code Roots                     1846 us
[154.546s][info][gc,stats    ]   Rendezvous                         58 us
[154.546s][info][gc,stats    ]   Purge Unlinked                    157 us
[154.546s][info][gc,stats    ]     Code Roots                      146 us
[154.546s][info][gc,stats    ]     CLDG                             10 us
[154.546s][info][gc,stats    ]     Exception Caches                  0 us
[154.546s][info][gc,stats    ] Pause Final Roots (G)               131 us
[154.546s][info][gc,stats    ] Pause Final Roots (N)                31 us
[154.546s][info][gc,stats    ] 
[154.546s][info][gc,stats    ] Allocation pacing accrued:
[154.546s][info][gc,stats    ]       0 of   475 ms (  0.0%): <total>
[154.546s][info][gc,stats    ]       0 of   475 ms (  0.0%): <average total>
[154.546s][info][gc,stats    ] 
[154.546s][info][gc,metaspace] Metaspace: 9018K(9280K)->9018K(9280K) NonClass: 7845K(8000K)->7845K(8000K) Class: 1172K(1280K)->1172K(1280K)
[154.546s][info][gc,ergo     ] Pacer for Idle. Initial: 83886K, Alloc Tax Rate: 1.0x
[154.998s][info][gc          ] Trigger: Learning 4 of 5. Free (2838M) is below initial threshold (2867M)
[154.998s][info][gc,ergo     ] Free: 2838M, Max: 2048K regular, 1724M humongous, Frag: 40% external, 0% internal; Reserve: 206M, Max: 2048K
[154.999s][info][gc,start    ] GC(218) Concurrent reset
[154.999s][info][gc,task     ] GC(218) Using 1 of 3 workers for concurrent reset
[154.999s][info][gc,ergo     ] GC(218) Pacer for Reset. Non-Taxable: 4096M
[154.999s][info][gc          ] GC(218) Concurrent reset 0.565ms
[154.999s][info][gc,start    ] GC(218) Pause Init Mark (unload classes)
[154.999s][info][gc,task     ] GC(218) Using 3 of 3 workers for init marking
[154.999s][info][gc,ergo     ] GC(218) Pacer for Mark. Expected Live: 9422K, Free: 2836M, Non-Taxable: 283M, Alloc Tax Rate: 0.0x
[154.999s][info][gc          ] GC(218) Pause Init Mark (unload classes) 0.169ms
[154.999s][info][gc,start    ] GC(218) Concurrent marking roots
[154.999s][info][gc,task     ] GC(218) Using 1 of 3 workers for concurrent marking roots
[155.000s][info][gc          ] GC(218) Concurrent marking roots 0.410ms
[155.000s][info][gc,start    ] GC(218) Concurrent marking (unload classes)
[155.000s][info][gc,task     ] GC(218) Using 1 of 3 workers for concurrent marking
[155.017s][info][gc          ] GC(218) Concurrent marking (unload classes) 17.184ms
[155.017s][info][gc,start    ] GC(218) Pause Final Mark (unload classes)
[155.017s][info][gc,task     ] GC(218) Using 3 of 3 workers for final marking
[155.017s][info][gc,ergo     ] GC(218) Collectable Garbage: 988M (94%), Immediate: 988M (94%), CSet: 0B (0%)
[155.017s][info][gc          ] GC(218) Pause Final Mark (unload classes) 0.305ms
[155.017s][info][gc,start    ] GC(218) Concurrent weak references
[155.018s][info][gc,task     ] GC(218) Using 1 of 3 workers for concurrent weak references
[155.018s][info][gc,ref      ] GC(218) Encountered references: Soft: 144, Weak: 702, Final: 0, Phantom: 27
[155.018s][info][gc,ref      ] GC(218) Discovered  references: Soft: 0, Weak: 150, Final: 0, Phantom: 12
[155.018s][info][gc,ref      ] GC(218) Enqueued    references: Soft: 0, Weak: 0, Final: 0, Phantom: 0
[155.018s][info][gc          ] GC(218) Concurrent weak references 0.224ms
[155.018s][info][gc,start    ] GC(218) Concurrent weak roots
[155.018s][info][gc,task     ] GC(218) Using 1 of 3 workers for concurrent weak root
[155.018s][info][gc          ] GC(218) Concurrent weak roots 0.600ms
[155.018s][info][gc,start    ] GC(218) Concurrent cleanup
[155.018s][info][gc          ] GC(218) Concurrent cleanup 1094M->106M(4096M) 0.043ms
[155.018s][info][gc,ergo     ] GC(218) Free: 3784M, Max: 2048K regular, 1706M humongous, Frag: 55% external, 0% internal; Reserve: 206M, Max: 2048K
[155.018s][info][gc,start    ] GC(218) Concurrent class unloading
[155.018s][info][gc,task     ] GC(218) Using 1 of 3 workers for concurrent class unloading
[155.021s][info][gc          ] GC(218) Concurrent class unloading 2.134ms
[155.021s][info][gc,start    ] GC(218) Pause Final Roots
[155.021s][info][gc          ] GC(218) Pause Final Roots 0.039ms
[155.021s][info][gc,ergo     ] Free: 3780M, Max: 2048K regular, 1706M humongous, Frag: 55% external, 0% internal; Reserve: 206M, Max: 2048K
[155.021s][info][gc,stats    ] 
[155.021s][info][gc,stats    ] All times are wall-clock times, except per-root-class counters, that are sum over
[155.021s][info][gc,stats    ] all workers. Dividing the <total> over the root stage time estimates parallelism.
[155.021s][info][gc,stats    ] 
[155.021s][info][gc,stats    ] Concurrent Reset                    596 us
[155.021s][info][gc,stats    ] Pause Init Mark (G)                 302 us
[155.021s][info][gc,stats    ] Pause Init Mark (N)                 186 us
[155.021s][info][gc,stats    ]   Update Region States               66 us
[155.021s][info][gc,stats    ] Concurrent Mark Roots               428 us, parallelism: 0.76x
[155.021s][info][gc,stats    ]   CMR: <total>                      325 us
[155.021s][info][gc,stats    ]   CMR: Thread Roots                 284 us, workers (us): 284, ---, ---, 
[155.021s][info][gc,stats    ]   CMR: VM Strong Roots                5 us, workers (us):   5, ---, ---, 
[155.021s][info][gc,stats    ]   CMR: CLDG Roots                    36 us, workers (us):  36, ---, ---, 
[155.021s][info][gc,stats    ] Concurrent Marking                17244 us
[155.021s][info][gc,stats    ] Pause Final Mark (G)                419 us
[155.021s][info][gc,stats    ] Pause Final Mark (N)                324 us
[155.021s][info][gc,stats    ]   Finish Mark                        96 us
[155.021s][info][gc,stats    ]   Update Region States               91 us
[155.021s][info][gc,stats    ]   Choose Collection Set              62 us
[155.021s][info][gc,stats    ]   Rebuild Free Set                   17 us
[155.021s][info][gc,stats    ] Concurrent Weak References          240 us, parallelism: 0.04x
[155.021s][info][gc,stats    ]   CWRF: <total>                       9 us
[155.021s][info][gc,stats    ]   CWRF: Weak References               9 us, workers (us):   9, ---, ---, 
[155.021s][info][gc,stats    ] Concurrent Weak Roots               619 us
[155.021s][info][gc,stats    ]   Roots                             488 us, parallelism: 0.89x
[155.021s][info][gc,stats    ]     CWR: <total>                    433 us
[155.021s][info][gc,stats    ]     CWR: Code Cache Roots           364 us, workers (us): 364, ---, ---, 
[155.021s][info][gc,stats    ]     CWR: VM Weak Roots               64 us, workers (us):  64, ---, ---, 
[155.021s][info][gc,stats    ]     CWR: CLDG Roots                   5 us, workers (us):   5, ---, ---, 
[155.021s][info][gc,stats    ]   Rendezvous                         79 us
[155.021s][info][gc,stats    ] Concurrent Cleanup                   51 us
[155.021s][info][gc,stats    ] Concurrent Class Unloading         2188 us
[155.021s][info][gc,stats    ]   Unlink Stale                     1812 us
[155.021s][info][gc,stats    ]     System Dictionary                 2 us
[155.021s][info][gc,stats    ]     Weak Class Links                  1 us
[155.021s][info][gc,stats    ]     Code Roots                     1807 us
[155.021s][info][gc,stats    ]   Rendezvous                        146 us
[155.021s][info][gc,stats    ]   Purge Unlinked                    157 us
[155.021s][info][gc,stats    ]     Code Roots                      148 us
[155.021s][info][gc,stats    ]     CLDG                              9 us
[155.021s][info][gc,stats    ]     Exception Caches                  0 us
[155.021s][info][gc,stats    ] Pause Final Roots (G)               166 us
[155.021s][info][gc,stats    ] Pause Final Roots (N)                56 us
[155.021s][info][gc,stats    ] 
[155.021s][info][gc,stats    ] Allocation pacing accrued:
[155.021s][info][gc,stats    ]       0 of   475 ms (  0.0%): <total>
[155.021s][info][gc,stats    ]       0 of   475 ms (  0.0%): <average total>
[155.021s][info][gc,stats    ] 
[155.021s][info][gc,metaspace] Metaspace: 9018K(9280K)->9018K(9280K) NonClass: 7845K(8000K)->7845K(8000K) Class: 1172K(1280K)->1172K(1280K)
[155.021s][info][gc,ergo     ] Pacer for Idle. Initial: 83886K, Alloc Tax Rate: 1.0x
[155.453s][info][gc          ] Trigger: Learning 5 of 5. Free (2852M) is below initial threshold (2867M)
[155.453s][info][gc,ergo     ] Free: 2852M, Max: 2048K regular, 1706M humongous, Frag: 41% external, 0% internal; Reserve: 206M, Max: 2048K
[155.453s][info][gc,start    ] GC(219) Concurrent reset
[155.453s][info][gc,task     ] GC(219) Using 1 of 3 workers for concurrent reset
[155.453s][info][gc,ergo     ] GC(219) Pacer for Reset. Non-Taxable: 4096M
[155.454s][info][gc          ] GC(219) Concurrent reset 0.621ms
[155.454s][info][gc,start    ] GC(219) Pause Init Mark (unload classes)
[155.454s][info][gc,task     ] GC(219) Using 3 of 3 workers for init marking
[155.454s][info][gc,ergo     ] GC(219) Pacer for Mark. Expected Live: 9442K, Free: 2850M, Non-Taxable: 285M, Alloc Tax Rate: 0.0x
[155.454s][info][gc          ] GC(219) Pause Init Mark (unload classes) 0.160ms
[155.454s][info][gc,start    ] GC(219) Concurrent marking roots
[155.454s][info][gc,task     ] GC(219) Using 1 of 3 workers for concurrent marking roots
[155.455s][info][gc          ] GC(219) Concurrent marking roots 0.416ms
[155.455s][info][gc,start    ] GC(219) Concurrent marking (unload classes)
[155.455s][info][gc,task     ] GC(219) Using 1 of 3 workers for concurrent marking
[155.475s][info][gc          ] GC(219) Concurrent marking (unload classes) 20.743ms
[155.476s][info][gc,start    ] GC(219) Pause Final Mark (unload classes)
[155.476s][info][gc,task     ] GC(219) Using 3 of 3 workers for final marking
[155.476s][info][gc,ergo     ] GC(219) Collectable Garbage: 958M (93%), Immediate: 958M (93%), CSet: 0B (0%)
[155.476s][info][gc          ] GC(219) Pause Final Mark (unload classes) 0.236ms
[155.476s][info][gc,start    ] GC(219) Concurrent weak references
[155.476s][info][gc,task     ] GC(219) Using 1 of 3 workers for concurrent weak references
[155.476s][info][gc,ref      ] GC(219) Encountered references: Soft: 144, Weak: 702, Final: 0, Phantom: 27
[155.476s][info][gc,ref      ] GC(219) Discovered  references: Soft: 0, Weak: 150, Final: 0, Phantom: 12
[155.476s][info][gc,ref      ] GC(219) Enqueued    references: Soft: 0, Weak: 0, Final: 0, Phantom: 0
[155.476s][info][gc          ] GC(219) Concurrent weak references 0.134ms
[155.476s][info][gc,start    ] GC(219) Concurrent weak roots
[155.476s][info][gc,task     ] GC(219) Using 1 of 3 workers for concurrent weak root
[155.477s][info][gc          ] GC(219) Concurrent weak roots 0.519ms
[155.477s][info][gc,start    ] GC(219) Concurrent cleanup
[155.477s][info][gc          ] GC(219) Concurrent cleanup 1084M->126M(4096M) 0.044ms
[155.477s][info][gc,ergo     ] GC(219) Free: 3764M, Max: 2048K regular, 1734M humongous, Frag: 54% external, 0% internal; Reserve: 206M, Max: 2048K
[155.477s][info][gc,start    ] GC(219) Concurrent class unloading
[155.477s][info][gc,task     ] GC(219) Using 1 of 3 workers for concurrent class unloading
[155.479s][info][gc          ] GC(219) Concurrent class unloading 2.372ms
[155.479s][info][gc,start    ] GC(219) Pause Final Roots
[155.479s][info][gc          ] GC(219) Pause Final Roots 0.032ms
[155.479s][info][gc,ergo     ] Free: 3764M, Max: 2048K regular, 1734M humongous, Frag: 54% external, 0% internal; Reserve: 206M, Max: 2048K
[155.479s][info][gc,stats    ] 
[155.479s][info][gc,stats    ] All times are wall-clock times, except per-root-class counters, that are sum over
[155.479s][info][gc,stats    ] all workers. Dividing the <total> over the root stage time estimates parallelism.
[155.479s][info][gc,stats    ] 
[155.479s][info][gc,stats    ] Concurrent Reset                    687 us
[155.479s][info][gc,stats    ] Pause Init Mark (G)                 323 us
[155.479s][info][gc,stats    ] Pause Init Mark (N)                 169 us
[155.479s][info][gc,stats    ]   Update Region States               61 us
[155.479s][info][gc,stats    ] Concurrent Mark Roots               434 us, parallelism: 0.75x
[155.479s][info][gc,stats    ]   CMR: <total>                      325 us
[155.479s][info][gc,stats    ]   CMR: Thread Roots                 286 us, workers (us): 286, ---, ---, 
[155.479s][info][gc,stats    ]   CMR: VM Strong Roots                5 us, workers (us):   5, ---, ---, 
[155.479s][info][gc,stats    ]   CMR: CLDG Roots                    34 us, workers (us):  34, ---, ---, 
[155.479s][info][gc,stats    ] Concurrent Marking                20806 us
[155.479s][info][gc,stats    ] Pause Final Mark (G)                351 us
[155.479s][info][gc,stats    ] Pause Final Mark (N)                253 us
[155.479s][info][gc,stats    ]   Finish Mark                        76 us
[155.480s][info][gc,stats    ]   Update Region States               44 us
[155.480s][info][gc,stats    ]   Choose Collection Set              45 us
[155.480s][info][gc,stats    ]   Rebuild Free Set                   17 us
[155.480s][info][gc,stats    ] Concurrent Weak References          142 us, parallelism: 0.04x
[155.480s][info][gc,stats    ]   CWRF: <total>                       6 us
[155.480s][info][gc,stats    ]   CWRF: Weak References               6 us, workers (us):   6, ---, ---, 
[155.480s][info][gc,stats    ] Concurrent Weak Roots               538 us
[155.480s][info][gc,stats    ]   Roots                             442 us, parallelism: 0.88x
[155.480s][info][gc,stats    ]     CWR: <total>                    390 us
[155.480s][info][gc,stats    ]     CWR: Code Cache Roots           324 us, workers (us): 324, ---, ---, 
[155.480s][info][gc,stats    ]     CWR: VM Weak Roots               61 us, workers (us):  61, ---, ---, 
[155.480s][info][gc,stats    ]     CWR: CLDG Roots                   5 us, workers (us):   5, ---, ---, 
[155.480s][info][gc,stats    ]   Rendezvous                         61 us
[155.480s][info][gc,stats    ] Concurrent Cleanup                   52 us
[155.480s][info][gc,stats    ] Concurrent Class Unloading         2423 us
[155.480s][info][gc,stats    ]   Unlink Stale                     2172 us
[155.480s][info][gc,stats    ]     System Dictionary                 2 us
[155.480s][info][gc,stats    ]     Weak Class Links                  0 us
[155.480s][info][gc,stats    ]     Code Roots                     2168 us
[155.480s][info][gc,stats    ]   Rendezvous                         44 us
[155.480s][info][gc,stats    ]   Purge Unlinked                    138 us
[155.480s][info][gc,stats    ]     Code Roots                      129 us
[155.480s][info][gc,stats    ]     CLDG                              9 us
[155.480s][info][gc,stats    ]     Exception Caches                  0 us
[155.480s][info][gc,stats    ] Pause Final Roots (G)               145 us
[155.480s][info][gc,stats    ] Pause Final Roots (N)                48 us
[155.480s][info][gc,stats    ] 
[155.480s][info][gc,stats    ] Allocation pacing accrued:
[155.480s][info][gc,stats    ]       0 of   459 ms (  0.0%): <total>
[155.480s][info][gc,stats    ]       0 of   459 ms (  0.0%): <average total>
[155.480s][info][gc,stats    ] 
[155.480s][info][gc,metaspace] Metaspace: 9018K(9280K)->9018K(9280K) NonClass: 7845K(8000K)->7845K(8000K) Class: 1172K(1280K)->1172K(1280K)
[155.480s][info][gc,ergo     ] Pacer for Idle. Initial: 83886K, Alloc Tax Rate: 1.0x
[157.117s][info][gc          ] Trigger: Explicit GC request (System.gc())
[157.117s][info][gc,ergo     ] Free: 964M, Max: 2048K regular, 954M humongous, Frag: 2% external, 0% internal; Reserve: 206M, Max: 2048K
[157.117s][info][gc,start    ] GC(220) Concurrent reset
[157.117s][info][gc,task     ] GC(220) Using 1 of 3 workers for concurrent reset
[157.117s][info][gc,ergo     ] GC(220) Pacer for Reset. Non-Taxable: 4096M
[157.118s][info][gc          ] GC(220) Concurrent reset 0.633ms
[157.118s][info][gc,start    ] GC(220) Pause Init Mark (unload classes)
[157.118s][info][gc,task     ] GC(220) Using 3 of 3 workers for init marking
[157.118s][info][gc,ref      ] GC(220) Clearing All SoftReferences
[157.118s][info][gc,ergo     ] GC(220) Pacer for Mark. Expected Live: 9462K, Free: 964M, Non-Taxable: 98713K, Alloc Tax Rate: 0.0x
[157.118s][info][gc          ] GC(220) Pause Init Mark (unload classes) 0.208ms
[157.118s][info][gc,start    ] GC(220) Concurrent marking roots
[157.118s][info][gc,task     ] GC(220) Using 1 of 3 workers for concurrent marking roots
[157.119s][info][gc          ] GC(220) Concurrent marking roots 0.796ms
[157.119s][info][gc,start    ] GC(220) Concurrent marking (unload classes)
[157.119s][info][gc,task     ] GC(220) Using 1 of 3 workers for concurrent marking
[157.123s][info][gc          ] GC(220) Concurrent marking (unload classes) 4.218ms
[157.123s][info][gc,start    ] GC(220) Pause Final Mark (unload classes)
[157.123s][info][gc,task     ] GC(220) Using 3 of 3 workers for final marking
[157.124s][info][gc,ergo     ] GC(220) Collectable Garbage: 2886M (98%), Immediate: 2886M (98%), CSet: 0B (0%)
[157.124s][info][gc          ] GC(220) Pause Final Mark (unload classes) 0.309ms
[157.124s][info][gc,start    ] GC(220) Concurrent weak references
[157.124s][info][gc,task     ] GC(220) Using 1 of 3 workers for concurrent weak references
[157.124s][info][gc,ref      ] GC(220) Encountered references: Soft: 144, Weak: 702, Final: 0, Phantom: 27
[157.124s][info][gc,ref      ] GC(220) Discovered  references: Soft: 88, Weak: 168, Final: 0, Phantom: 25
[157.124s][info][gc,ref      ] GC(220) Enqueued    references: Soft: 3, Weak: 0, Final: 0, Phantom: 0
[157.124s][info][gc          ] GC(220) Concurrent weak references 0.245ms
[157.124s][info][gc,start    ] GC(220) Concurrent weak roots
[157.124s][info][gc,task     ] GC(220) Using 1 of 3 workers for concurrent weak root
[157.125s][info][gc          ] GC(220) Concurrent weak roots 0.702ms
[157.125s][info][gc,start    ] GC(220) Concurrent cleanup
[157.125s][info][gc          ] GC(220) Concurrent cleanup 2926M->40M(4096M) 0.105ms
[157.125s][info][gc,ergo     ] GC(220) Free: 3850M, Max: 2048K regular, 2720M humongous, Frag: 30% external, 0% internal; Reserve: 206M, Max: 2048K
[157.125s][info][gc,start    ] GC(220) Concurrent class unloading
[157.125s][info][gc,task     ] GC(220) Using 1 of 3 workers for concurrent class unloading
[157.127s][info][gc          ] GC(220) Concurrent class unloading 2.306ms
[157.127s][info][gc,start    ] GC(220) Pause Final Roots
[157.127s][info][gc          ] GC(220) Pause Final Roots 0.062ms
[157.127s][info][gc,ergo     ] Free: 3850M, Max: 2048K regular, 2720M humongous, Frag: 30% external, 0% internal; Reserve: 206M, Max: 2048K
[157.128s][info][gc,stats    ] 
[157.128s][info][gc,stats    ] All times are wall-clock times, except per-root-class counters, that are sum over
[157.128s][info][gc,stats    ] all workers. Dividing the <total> over the root stage time estimates parallelism.
[157.128s][info][gc,stats    ] 
[157.128s][info][gc,stats    ] Concurrent Reset                    710 us
[157.128s][info][gc,stats    ] Pause Init Mark (G)                 337 us
[157.128s][info][gc,stats    ] Pause Init Mark (N)                 218 us
[157.128s][info][gc,stats    ]   Update Region States               80 us
[157.128s][info][gc,stats    ] Concurrent Mark Roots               813 us, parallelism: 0.83x
[157.128s][info][gc,stats    ]   CMR: <total>                      676 us
[157.128s][info][gc,stats    ]   CMR: Thread Roots                 598 us, workers (us): 598, ---, ---, 
[157.128s][info][gc,stats    ]   CMR: VM Strong Roots                8 us, workers (us):   8, ---, ---, 
[157.128s][info][gc,stats    ]   CMR: CLDG Roots                    70 us, workers (us):  70, ---, ---, 
[157.128s][info][gc,stats    ] Concurrent Marking                 4275 us
[157.128s][info][gc,stats    ] Pause Final Mark (G)                450 us
[157.128s][info][gc,stats    ] Pause Final Mark (N)                331 us
[157.128s][info][gc,stats    ]   Finish Mark                        87 us
[157.128s][info][gc,stats    ]   Update Region States               52 us
[157.128s][info][gc,stats    ]   Choose Collection Set              71 us
[157.128s][info][gc,stats    ]   Rebuild Free Set                   20 us
[157.128s][info][gc,stats    ] Concurrent Weak References          261 us, parallelism: 0.06x
[157.128s][info][gc,stats    ]   CWRF: <total>                      15 us
[157.128s][info][gc,stats    ]   CWRF: Weak References              15 us, workers (us):  15, ---, ---, 
[157.128s][info][gc,stats    ] Concurrent Weak Roots               723 us
[157.128s][info][gc,stats    ]   Roots                             576 us, parallelism: 0.88x
[157.128s][info][gc,stats    ]     CWR: <total>                    505 us
[157.128s][info][gc,stats    ]     CWR: Code Cache Roots           388 us, workers (us): 388, ---, ---, 
[157.128s][info][gc,stats    ]     CWR: VM Weak Roots              112 us, workers (us): 112, ---, ---, 
[157.128s][info][gc,stats    ]     CWR: CLDG Roots                   5 us, workers (us):   5, ---, ---, 
[157.128s][info][gc,stats    ]   Rendezvous                         94 us
[157.128s][info][gc,stats    ] Concurrent Cleanup                  113 us
[157.128s][info][gc,stats    ] Concurrent Class Unloading         2361 us
[157.128s][info][gc,stats    ]   Unlink Stale                     2122 us
[157.128s][info][gc,stats    ]     System Dictionary                 2 us
[157.128s][info][gc,stats    ]     Weak Class Links                  0 us
[157.128s][info][gc,stats    ]     Code Roots                     2118 us
[157.128s][info][gc,stats    ]   Rendezvous                         52 us
[157.128s][info][gc,stats    ]   Purge Unlinked                    113 us
[157.128s][info][gc,stats    ]     Code Roots                      104 us
[157.128s][info][gc,stats    ]     CLDG                              8 us
[157.128s][info][gc,stats    ]     Exception Caches                  0 us
[157.128s][info][gc,stats    ] Pause Final Roots (G)               198 us
[157.128s][info][gc,stats    ] Pause Final Roots (N)                85 us
[157.128s][info][gc,stats    ] 
[157.128s][info][gc,stats    ] Allocation pacing accrued:
[157.128s][info][gc,stats    ]       0 of  1648 ms (  0.0%): <total>
[157.128s][info][gc,stats    ]       0 of  1648 ms (  0.0%): <average total>
[157.128s][info][gc,stats    ] 
[157.128s][info][gc,metaspace] Metaspace: 9018K(9280K)->9018K(9280K) NonClass: 7845K(8000K)->7845K(8000K) Class: 1172K(1280K)->1172K(1280K)
[157.128s][info][gc,ergo     ] Pacer for Idle. Initial: 83886K, Alloc Tax Rate: 1.0x
[157.588s][info][gc          ] Trigger: Learning 2 of 5. Free (2866M) is below initial threshold (2867M)
[157.588s][info][gc,ergo     ] Free: 2866M, Max: 2048K regular, 1778M humongous, Frag: 38% external, 0% internal; Reserve: 206M, Max: 2048K
[157.588s][info][gc,start    ] GC(221) Concurrent reset
[157.588s][info][gc,task     ] GC(221) Using 1 of 3 workers for concurrent reset
[157.588s][info][gc,ergo     ] GC(221) Pacer for Reset. Non-Taxable: 4096M
[157.588s][info][gc          ] GC(221) Concurrent reset 0.518ms
[157.589s][info][gc,start    ] GC(221) Pause Init Mark (unload classes)
[157.589s][info][gc,task     ] GC(221) Using 3 of 3 workers for init marking
[157.589s][info][gc,ergo     ] GC(221) Pacer for Mark. Expected Live: 9462K, Free: 2864M, Non-Taxable: 286M, Alloc Tax Rate: 0.0x
[157.589s][info][gc          ] GC(221) Pause Init Mark (unload classes) 0.245ms
[157.589s][info][gc,start    ] GC(221) Concurrent marking roots
[157.589s][info][gc,task     ] GC(221) Using 1 of 3 workers for concurrent marking roots
[157.590s][info][gc          ] GC(221) Concurrent marking roots 0.805ms
[157.590s][info][gc,start    ] GC(221) Concurrent marking (unload classes)
[157.590s][info][gc,task     ] GC(221) Using 1 of 3 workers for concurrent marking
[157.598s][info][gc          ] GC(221) Concurrent marking (unload classes) 7.796ms
[157.598s][info][gc,start    ] GC(221) Pause Final Mark (unload classes)
[157.598s][info][gc,task     ] GC(221) Using 3 of 3 workers for final marking
[157.598s][info][gc,ergo     ] GC(221) Collectable Garbage: 970M (95%), Immediate: 970M (95%), CSet: 0B (0%)
[157.598s][info][gc          ] GC(221) Pause Final Mark (unload classes) 0.340ms
[157.598s][info][gc,start    ] GC(221) Concurrent weak references
[157.598s][info][gc,task     ] GC(221) Using 1 of 3 workers for concurrent weak references
[157.598s][info][gc,ref      ] GC(221) Encountered references: Soft: 144, Weak: 702, Final: 0, Phantom: 27
[157.598s][info][gc,ref      ] GC(221) Discovered  references: Soft: 0, Weak: 150, Final: 0, Phantom: 12
[157.598s][info][gc,ref      ] GC(221) Enqueued    references: Soft: 0, Weak: 0, Final: 0, Phantom: 0
[157.598s][info][gc          ] GC(221) Concurrent weak references 0.112ms
[157.598s][info][gc,start    ] GC(221) Concurrent weak roots
[157.598s][info][gc,task     ] GC(221) Using 1 of 3 workers for concurrent weak root
[157.599s][info][gc          ] GC(221) Concurrent weak roots 0.715ms
[157.599s][info][gc,start    ] GC(221) Concurrent cleanup
[157.599s][info][gc          ] GC(221) Concurrent cleanup 1048M->78M(4096M) 0.043ms
[157.599s][info][gc,ergo     ] GC(221) Free: 3812M, Max: 2048K regular, 1754M humongous, Frag: 54% external, 0% internal; Reserve: 206M, Max: 2048K
[157.599s][info][gc,start    ] GC(221) Concurrent class unloading
[157.599s][info][gc,task     ] GC(221) Using 1 of 3 workers for concurrent class unloading
[157.601s][info][gc          ] GC(221) Concurrent class unloading 2.455ms
[157.602s][info][gc,start    ] GC(221) Pause Final Roots
[157.602s][info][gc          ] GC(221) Pause Final Roots 0.039ms
[157.602s][info][gc,ergo     ] Free: 3806M, Max: 2048K regular, 1754M humongous, Frag: 54% external, 0% internal; Reserve: 206M, Max: 2048K
[157.602s][info][gc,stats    ] 
[157.602s][info][gc,stats    ] All times are wall-clock times, except per-root-class counters, that are sum over
[157.602s][info][gc,stats    ] all workers. Dividing the <total> over the root stage time estimates parallelism.
[157.602s][info][gc,stats    ] 
[157.602s][info][gc,stats    ] Concurrent Reset                    576 us
[157.602s][info][gc,stats    ] Pause Init Mark (G)                 425 us
[157.602s][info][gc,stats    ] Pause Init Mark (N)                 264 us
[157.602s][info][gc,stats    ]   Update Region States              115 us
[157.602s][info][gc,stats    ] Concurrent Mark Roots               829 us, parallelism: 0.79x
[157.602s][info][gc,stats    ]   CMR: <total>                      652 us
[157.602s][info][gc,stats    ]   CMR: Thread Roots                 579 us, workers (us): 579, ---, ---, 
[157.602s][info][gc,stats    ]   CMR: VM Strong Roots                6 us, workers (us):   6, ---, ---, 
[157.602s][info][gc,stats    ]   CMR: CLDG Roots                    66 us, workers (us):  66, ---, ---, 
[157.602s][info][gc,stats    ] Concurrent Marking                 7856 us
[157.602s][info][gc,stats    ] Pause Final Mark (G)                447 us
[157.602s][info][gc,stats    ] Pause Final Mark (N)                359 us
[157.602s][info][gc,stats    ]   Finish Mark                       114 us
[157.602s][info][gc,stats    ]   Update Region States               87 us
[157.602s][info][gc,stats    ]   Choose Collection Set              61 us
[157.602s][info][gc,stats    ]   Rebuild Free Set                   17 us
[157.602s][info][gc,stats    ] Concurrent Weak References          120 us, parallelism: 0.04x
[157.602s][info][gc,stats    ]   CWRF: <total>                       5 us
[157.602s][info][gc,stats    ]   CWRF: Weak References               5 us, workers (us):   5, ---, ---, 
[157.602s][info][gc,stats    ] Concurrent Weak Roots               734 us
[157.602s][info][gc,stats    ]   Roots                             621 us, parallelism: 0.88x
[157.602s][info][gc,stats    ]     CWR: <total>                    548 us
[157.602s][info][gc,stats    ]     CWR: Code Cache Roots           428 us, workers (us): 428, ---, ---, 
[157.602s][info][gc,stats    ]     CWR: VM Weak Roots              113 us, workers (us): 113, ---, ---, 
[157.602s][info][gc,stats    ]     CWR: CLDG Roots                   7 us, workers (us):   7, ---, ---, 
[157.602s][info][gc,stats    ]   Rendezvous                         79 us
[157.602s][info][gc,stats    ] Concurrent Cleanup                   52 us
[157.602s][info][gc,stats    ] Concurrent Class Unloading         2507 us
[157.602s][info][gc,stats    ]   Unlink Stale                     2175 us
[157.602s][info][gc,stats    ]     System Dictionary                 2 us
[157.602s][info][gc,stats    ]     Weak Class Links                  0 us
[157.602s][info][gc,stats    ]     Code Roots                     2171 us
[157.602s][info][gc,stats    ]   Rendezvous                        146 us
[157.602s][info][gc,stats    ]   Purge Unlinked                    116 us
[157.602s][info][gc,stats    ]     Code Roots                      106 us
[157.602s][info][gc,stats    ]     CLDG                              9 us
[157.602s][info][gc,stats    ]     Exception Caches                  0 us
[157.602s][info][gc,stats    ] Pause Final Roots (G)               167 us
[157.602s][info][gc,stats    ] Pause Final Roots (N)                57 us
[157.602s][info][gc,stats    ] 
[157.602s][info][gc,stats    ] Allocation pacing accrued:
[157.602s][info][gc,stats    ]       0 of   474 ms (  0.0%): <total>
[157.602s][info][gc,stats    ]       0 of   474 ms (  0.0%): <average total>
[157.602s][info][gc,stats    ] 
[157.602s][info][gc,metaspace] Metaspace: 9018K(9280K)->9018K(9280K) NonClass: 7845K(8000K)->7845K(8000K) Class: 1172K(1280K)->1172K(1280K)
[157.602s][info][gc,ergo     ] Pacer for Idle. Initial: 83886K, Alloc Tax Rate: 1.0x
[158.059s][info][gc          ] Trigger: Learning 3 of 5. Free (2844M) is below initial threshold (2867M)
[158.059s][info][gc,ergo     ] Free: 2844M, Max: 2048K regular, 1754M humongous, Frag: 39% external, 0% internal; Reserve: 206M, Max: 2048K
[158.059s][info][gc,start    ] GC(222) Concurrent reset
[158.059s][info][gc,task     ] GC(222) Using 1 of 3 workers for concurrent reset
[158.059s][info][gc,ergo     ] GC(222) Pacer for Reset. Non-Taxable: 4096M
[158.060s][info][gc          ] GC(222) Concurrent reset 0.575ms
[158.060s][info][gc,start    ] GC(222) Pause Init Mark (unload classes)
[158.060s][info][gc,task     ] GC(222) Using 3 of 3 workers for init marking
[158.060s][info][gc,ergo     ] GC(222) Pacer for Mark. Expected Live: 9455K, Free: 2842M, Non-Taxable: 284M, Alloc Tax Rate: 0.0x
[158.060s][info][gc          ] GC(222) Pause Init Mark (unload classes) 0.244ms
[158.060s][info][gc,start    ] GC(222) Concurrent marking roots
[158.060s][info][gc,task     ] GC(222) Using 1 of 3 workers for concurrent marking roots
[158.061s][info][gc          ] GC(222) Concurrent marking roots 0.769ms
[158.061s][info][gc,start    ] GC(222) Concurrent marking (unload classes)
[158.061s][info][gc,task     ] GC(222) Using 1 of 3 workers for concurrent marking
[158.074s][info][gc          ] GC(222) Concurrent marking (unload classes) 12.658ms
[158.074s][info][gc,start    ] GC(222) Pause Final Mark (unload classes)
[158.074s][info][gc,task     ] GC(222) Using 3 of 3 workers for final marking
[158.074s][info][gc,ergo     ] GC(222) Collectable Garbage: 988M (95%), Immediate: 988M (95%), CSet: 0B (0%)
[158.074s][info][gc          ] GC(222) Pause Final Mark (unload classes) 0.324ms
[158.074s][info][gc,start    ] GC(222) Concurrent weak references
[158.074s][info][gc,task     ] GC(222) Using 1 of 3 workers for concurrent weak references
[158.074s][info][gc,ref      ] GC(222) Encountered references: Soft: 144, Weak: 702, Final: 0, Phantom: 27
[158.074s][info][gc,ref      ] GC(222) Discovered  references: Soft: 0, Weak: 150, Final: 0, Phantom: 12
[158.074s][info][gc,ref      ] GC(222) Enqueued    references: Soft: 0, Weak: 0, Final: 0, Phantom: 0
[158.074s][info][gc          ] GC(222) Concurrent weak references 0.138ms
[158.074s][info][gc,start    ] GC(222) Concurrent weak roots
[158.074s][info][gc,task     ] GC(222) Using 1 of 3 workers for concurrent weak root
[158.075s][info][gc          ] GC(222) Concurrent weak roots 0.631ms
[158.075s][info][gc,start    ] GC(222) Concurrent cleanup
[158.075s][info][gc          ] GC(222) Concurrent cleanup 1080M->92M(4096M) 0.048ms
[158.075s][info][gc,ergo     ] GC(222) Free: 3798M, Max: 2048K regular, 1720M humongous, Frag: 55% external, 0% internal; Reserve: 206M, Max: 2048K
[158.075s][info][gc,start    ] GC(222) Concurrent class unloading
[158.075s][info][gc,task     ] GC(222) Using 1 of 3 workers for concurrent class unloading
[158.077s][info][gc          ] GC(222) Concurrent class unloading 2.121ms
[158.077s][info][gc,start    ] GC(222) Pause Final Roots
[158.077s][info][gc          ] GC(222) Pause Final Roots 0.054ms
[158.077s][info][gc,ergo     ] Free: 3794M, Max: 2048K regular, 1720M humongous, Frag: 55% external, 0% internal; Reserve: 206M, Max: 2048K
[158.077s][info][gc,stats    ] 
[158.077s][info][gc,stats    ] All times are wall-clock times, except per-root-class counters, that are sum over
[158.077s][info][gc,stats    ] all workers. Dividing the <total> over the root stage time estimates parallelism.
[158.077s][info][gc,stats    ] 
[158.077s][info][gc,stats    ] Concurrent Reset                    641 us
[158.077s][info][gc,stats    ] Pause Init Mark (G)                 409 us
[158.077s][info][gc,stats    ] Pause Init Mark (N)                 263 us
[158.078s][info][gc,stats    ]   Update Region States              115 us
[158.078s][info][gc,stats    ] Concurrent Mark Roots               793 us, parallelism: 0.84x
[158.078s][info][gc,stats    ]   CMR: <total>                      666 us
[158.078s][info][gc,stats    ]   CMR: Thread Roots                 596 us, workers (us): 596, ---, ---, 
[158.078s][info][gc,stats    ]   CMR: VM Strong Roots                6 us, workers (us):   6, ---, ---, 
[158.078s][info][gc,stats    ]   CMR: CLDG Roots                    64 us, workers (us):  64, ---, ---, 
[158.078s][info][gc,stats    ] Concurrent Marking                12717 us
[158.078s][info][gc,stats    ] Pause Final Mark (G)                434 us
[158.078s][info][gc,stats    ] Pause Final Mark (N)                344 us
[158.078s][info][gc,stats    ]   Finish Mark                       101 us
[158.078s][info][gc,stats    ]   Update Region States               82 us
[158.078s][info][gc,stats    ]   Choose Collection Set              62 us
[158.078s][info][gc,stats    ]   Rebuild Free Set                   16 us
[158.078s][info][gc,stats    ] Concurrent Weak References          145 us, parallelism: 0.05x
[158.078s][info][gc,stats    ]   CWRF: <total>                       8 us
[158.078s][info][gc,stats    ]   CWRF: Weak References               8 us, workers (us):   8, ---, ---, 
[158.078s][info][gc,stats    ] Concurrent Weak Roots               660 us
[158.078s][info][gc,stats    ]   Roots                             530 us, parallelism: 0.89x
[158.078s][info][gc,stats    ]     CWR: <total>                    474 us
[158.078s][info][gc,stats    ]     CWR: Code Cache Roots           386 us, workers (us): 386, ---, ---, 
[158.078s][info][gc,stats    ]     CWR: VM Weak Roots               79 us, workers (us):  79, ---, ---, 
[158.078s][info][gc,stats    ]     CWR: CLDG Roots                   9 us, workers (us):   9, ---, ---, 
[158.078s][info][gc,stats    ]   Rendezvous                         85 us
[158.078s][info][gc,stats    ] Concurrent Cleanup                   56 us
[158.078s][info][gc,stats    ] Concurrent Class Unloading         2175 us
[158.078s][info][gc,stats    ]   Unlink Stale                     1817 us
[158.078s][info][gc,stats    ]     System Dictionary                 4 us
[158.078s][info][gc,stats    ]     Weak Class Links                  0 us
[158.078s][info][gc,stats    ]     Code Roots                     1812 us
[158.078s][info][gc,stats    ]   Rendezvous                        128 us
[158.078s][info][gc,stats    ]   Purge Unlinked                    156 us
[158.078s][info][gc,stats    ]     Code Roots                      145 us
[158.078s][info][gc,stats    ]     CLDG                              9 us
[158.078s][info][gc,stats    ]     Exception Caches                  0 us
[158.078s][info][gc,stats    ] Pause Final Roots (G)               195 us
[158.078s][info][gc,stats    ] Pause Final Roots (N)                73 us
[158.078s][info][gc,stats    ] 
[158.078s][info][gc,stats    ] Allocation pacing accrued:
[158.078s][info][gc,stats    ]       0 of   476 ms (  0.0%): <total>
[158.078s][info][gc,stats    ]       0 of   476 ms (  0.0%): <average total>
[158.078s][info][gc,stats    ] 
[158.078s][info][gc,metaspace] Metaspace: 9018K(9280K)->9018K(9280K) NonClass: 7845K(8000K)->7845K(8000K) Class: 1172K(1280K)->1172K(1280K)
[158.078s][info][gc,ergo     ] Pacer for Idle. Initial: 83886K, Alloc Tax Rate: 1.0x
[158.529s][info][gc          ] Trigger: Learning 4 of 5. Free (2846M) is below initial threshold (2867M)
[158.529s][info][gc,ergo     ] Free: 2846M, Max: 2048K regular, 1720M humongous, Frag: 40% external, 0% internal; Reserve: 206M, Max: 2048K
[158.530s][info][gc,start    ] GC(223) Concurrent reset
[158.530s][info][gc,task     ] GC(223) Using 1 of 3 workers for concurrent reset
[158.530s][info][gc,ergo     ] GC(223) Pacer for Reset. Non-Taxable: 4096M
[158.530s][info][gc          ] GC(223) Concurrent reset 0.638ms
[158.530s][info][gc,start    ] GC(223) Pause Init Mark (unload classes)
[158.530s][info][gc,task     ] GC(223) Using 3 of 3 workers for init marking
[158.531s][info][gc,ergo     ] GC(223) Pacer for Mark. Expected Live: 9447K, Free: 2844M, Non-Taxable: 284M, Alloc Tax Rate: 0.0x
[158.531s][info][gc          ] GC(223) Pause Init Mark (unload classes) 0.253ms
[158.531s][info][gc,start    ] GC(223) Concurrent marking roots
[158.531s][info][gc,task     ] GC(223) Using 1 of 3 workers for concurrent marking roots
[158.531s][info][gc          ] GC(223) Concurrent marking roots 0.546ms
[158.531s][info][gc,start    ] GC(223) Concurrent marking (unload classes)
[158.531s][info][gc,task     ] GC(223) Using 1 of 3 workers for concurrent marking
[158.548s][info][gc          ] GC(223) Concurrent marking (unload classes) 17.035ms
[158.548s][info][gc,start    ] GC(223) Pause Final Mark (unload classes)
[158.548s][info][gc,task     ] GC(223) Using 3 of 3 workers for final marking
[158.549s][info][gc,ergo     ] GC(223) Collectable Garbage: 980M (94%), Immediate: 980M (94%), CSet: 0B (0%)
[158.549s][info][gc          ] GC(223) Pause Final Mark (unload classes) 0.235ms
[158.549s][info][gc,start    ] GC(223) Concurrent weak references
[158.549s][info][gc,task     ] GC(223) Using 1 of 3 workers for concurrent weak references
[158.549s][info][gc,ref      ] GC(223) Encountered references: Soft: 144, Weak: 702, Final: 0, Phantom: 27
[158.549s][info][gc,ref      ] GC(223) Discovered  references: Soft: 0, Weak: 150, Final: 0, Phantom: 12
[158.549s][info][gc,ref      ] GC(223) Enqueued    references: Soft: 0, Weak: 0, Final: 0, Phantom: 0
[158.549s][info][gc          ] GC(223) Concurrent weak references 0.209ms
[158.549s][info][gc,start    ] GC(223) Concurrent weak roots
[158.549s][info][gc,task     ] GC(223) Using 1 of 3 workers for concurrent weak root
[158.549s][info][gc          ] GC(223) Concurrent weak roots 0.549ms
[158.549s][info][gc,start    ] GC(223) Concurrent cleanup
[158.550s][info][gc          ] GC(223) Concurrent cleanup 1082M->102M(4096M) 0.044ms
[158.550s][info][gc,ergo     ] GC(223) Free: 3788M, Max: 2048K regular, 1718M humongous, Frag: 55% external, 0% internal; Reserve: 206M, Max: 2048K
[158.550s][info][gc,start    ] GC(223) Concurrent class unloading
[158.550s][info][gc,task     ] GC(223) Using 1 of 3 workers for concurrent class unloading
[158.552s][info][gc          ] GC(223) Concurrent class unloading 2.112ms
[158.552s][info][gc,start    ] GC(223) Pause Final Roots
[158.552s][info][gc          ] GC(223) Pause Final Roots 0.020ms
[158.552s][info][gc,ergo     ] Free: 3784M, Max: 2048K regular, 1718M humongous, Frag: 55% external, 0% internal; Reserve: 206M, Max: 2048K
[158.552s][info][gc,stats    ] 
[158.552s][info][gc,stats    ] All times are wall-clock times, except per-root-class counters, that are sum over
[158.552s][info][gc,stats    ] all workers. Dividing the <total> over the root stage time estimates parallelism.
[158.552s][info][gc,stats    ] 
[158.552s][info][gc,stats    ] Concurrent Reset                    714 us
[158.552s][info][gc,stats    ] Pause Init Mark (G)                 434 us
[158.552s][info][gc,stats    ] Pause Init Mark (N)                 271 us
[158.552s][info][gc,stats    ]   Update Region States              116 us
[158.552s][info][gc,stats    ] Concurrent Mark Roots               564 us, parallelism: 0.66x
[158.552s][info][gc,stats    ]   CMR: <total>                      374 us
[158.552s][info][gc,stats    ]   CMR: Thread Roots                 294 us, workers (us): 294, ---, ---, 
[158.552s][info][gc,stats    ]   CMR: VM Strong Roots               10 us, workers (us):  10, ---, ---, 
[158.552s][info][gc,stats    ]   CMR: CLDG Roots                    70 us, workers (us):  70, ---, ---, 
[158.552s][info][gc,stats    ] Concurrent Marking                17099 us
[158.552s][info][gc,stats    ] Pause Final Mark (G)                349 us
[158.552s][info][gc,stats    ] Pause Final Mark (N)                245 us
[158.552s][info][gc,stats    ]   Finish Mark                        80 us
[158.552s][info][gc,stats    ]   Update Region States               69 us
[158.552s][info][gc,stats    ]   Choose Collection Set              39 us
[158.552s][info][gc,stats    ]   Rebuild Free Set                    8 us
[158.552s][info][gc,stats    ] Concurrent Weak References          218 us, parallelism: 0.04x
[158.552s][info][gc,stats    ]   CWRF: <total>                       9 us
[158.552s][info][gc,stats    ]   CWRF: Weak References               9 us, workers (us):   9, ---, ---, 
[158.552s][info][gc,stats    ] Concurrent Weak Roots               567 us
[158.552s][info][gc,stats    ]   Roots                             477 us, parallelism: 0.89x
[158.552s][info][gc,stats    ]     CWR: <total>                    426 us
[158.552s][info][gc,stats    ]     CWR: Code Cache Roots           360 us, workers (us): 360, ---, ---, 
[158.552s][info][gc,stats    ]     CWR: VM Weak Roots               61 us, workers (us):  61, ---, ---, 
[158.552s][info][gc,stats    ]     CWR: CLDG Roots                   5 us, workers (us):   5, ---, ---, 
[158.552s][info][gc,stats    ]   Rendezvous                         54 us
[158.552s][info][gc,stats    ] Concurrent Cleanup                   52 us
[158.552s][info][gc,stats    ] Concurrent Class Unloading         2164 us
[158.552s][info][gc,stats    ]   Unlink Stale                     1803 us
[158.552s][info][gc,stats    ]     System Dictionary                 3 us
[158.552s][info][gc,stats    ]     Weak Class Links                  0 us
[158.552s][info][gc,stats    ]     Code Roots                     1799 us
[158.552s][info][gc,stats    ]   Rendezvous                        135 us
[158.552s][info][gc,stats    ]   Purge Unlinked                    155 us
[158.552s][info][gc,stats    ]     Code Roots                      146 us
[158.552s][info][gc,stats    ]     CLDG                              9 us
[158.552s][info][gc,stats    ]     Exception Caches                  0 us
[158.552s][info][gc,stats    ] Pause Final Roots (G)               113 us
[158.552s][info][gc,stats    ] Pause Final Roots (N)                28 us
[158.552s][info][gc,stats    ] 
[158.552s][info][gc,stats    ] Allocation pacing accrued:
[158.552s][info][gc,stats    ]       0 of   474 ms (  0.0%): <total>
[158.552s][info][gc,stats    ]       0 of   474 ms (  0.0%): <average total>
[158.552s][info][gc,stats    ] 
[158.552s][info][gc,metaspace] Metaspace: 9018K(9280K)->9018K(9280K) NonClass: 7845K(8000K)->7845K(8000K) Class: 1172K(1280K)->1172K(1280K)
[158.552s][info][gc,ergo     ] Pacer for Idle. Initial: 83886K, Alloc Tax Rate: 1.0x
[158.984s][info][gc          ] Trigger: Learning 5 of 5. Free (2848M) is below initial threshold (2867M)
[158.985s][info][gc,ergo     ] Free: 2848M, Max: 2048K regular, 1718M humongous, Frag: 40% external, 0% internal; Reserve: 206M, Max: 2048K
[158.985s][info][gc,start    ] GC(224) Concurrent reset
[158.985s][info][gc,task     ] GC(224) Using 1 of 3 workers for concurrent reset
[158.985s][info][gc,ergo     ] GC(224) Pacer for Reset. Non-Taxable: 4096M
[158.985s][info][gc          ] GC(224) Concurrent reset 0.678ms
[158.986s][info][gc,start    ] GC(224) Pause Init Mark (unload classes)
[158.986s][info][gc,task     ] GC(224) Using 3 of 3 workers for init marking
[158.986s][info][gc,ergo     ] GC(224) Pacer for Mark. Expected Live: 9434K, Free: 2846M, Non-Taxable: 284M, Alloc Tax Rate: 0.0x
[158.986s][info][gc          ] GC(224) Pause Init Mark (unload classes) 0.247ms
[158.986s][info][gc,start    ] GC(224) Concurrent marking roots
[158.986s][info][gc,task     ] GC(224) Using 1 of 3 workers for concurrent marking roots
[158.986s][info][gc          ] GC(224) Concurrent marking roots 0.420ms
[158.986s][info][gc,start    ] GC(224) Concurrent marking (unload classes)
[158.986s][info][gc,task     ] GC(224) Using 1 of 3 workers for concurrent marking
[159.008s][info][gc          ] GC(224) Concurrent marking (unload classes) 21.368ms
[159.008s][info][gc,start    ] GC(224) Pause Final Mark (unload classes)
[159.008s][info][gc,task     ] GC(224) Using 3 of 3 workers for final marking
[159.008s][info][gc,ergo     ] GC(224) Collectable Garbage: 964M (93%), Immediate: 964M (93%), CSet: 0B (0%)
[159.008s][info][gc          ] GC(224) Pause Final Mark (unload classes) 0.360ms
[159.008s][info][gc,start    ] GC(224) Concurrent weak references
[159.008s][info][gc,task     ] GC(224) Using 1 of 3 workers for concurrent weak references
[159.008s][info][gc,ref      ] GC(224) Encountered references: Soft: 144, Weak: 702, Final: 0, Phantom: 27
[159.008s][info][gc,ref      ] GC(224) Discovered  references: Soft: 0, Weak: 150, Final: 0, Phantom: 12
[159.008s][info][gc,ref      ] GC(224) Enqueued    references: Soft: 0, Weak: 0, Final: 0, Phantom: 0
[159.008s][info][gc          ] GC(224) Concurrent weak references 0.112ms
[159.008s][info][gc,start    ] GC(224) Concurrent weak roots
[159.008s][info][gc,task     ] GC(224) Using 1 of 3 workers for concurrent weak root
[159.009s][info][gc          ] GC(224) Concurrent weak roots 0.578ms
[159.009s][info][gc,start    ] GC(224) Concurrent cleanup
[159.009s][info][gc          ] GC(224) Concurrent cleanup 1092M->128M(4096M) 0.044ms
[159.009s][info][gc,ergo     ] GC(224) Free: 3762M, Max: 2048K regular, 1708M humongous, Frag: 55% external, 0% internal; Reserve: 206M, Max: 2048K
[159.009s][info][gc,start    ] GC(224) Concurrent class unloading
[159.009s][info][gc,task     ] GC(224) Using 1 of 3 workers for concurrent class unloading
[159.011s][info][gc          ] GC(224) Concurrent class unloading 2.136ms
[159.011s][info][gc,start    ] GC(224) Pause Final Roots
[159.011s][info][gc          ] GC(224) Pause Final Roots 0.039ms
[159.011s][info][gc,ergo     ] Free: 3758M, Max: 2048K regular, 1708M humongous, Frag: 55% external, 0% internal; Reserve: 206M, Max: 2048K
[159.011s][info][gc,stats    ] 
[159.011s][info][gc,stats    ] All times are wall-clock times, except per-root-class counters, that are sum over
[159.011s][info][gc,stats    ] all workers. Dividing the <total> over the root stage time estimates parallelism.
[159.011s][info][gc,stats    ] 
[159.011s][info][gc,stats    ] Concurrent Reset                    747 us
[159.011s][info][gc,stats    ] Pause Init Mark (G)                 400 us
[159.012s][info][gc,stats    ] Pause Init Mark (N)                 266 us
[159.012s][info][gc,stats    ]   Update Region States              116 us
[159.012s][info][gc,stats    ] Concurrent Mark Roots               438 us, parallelism: 0.76x
[159.012s][info][gc,stats    ]   CMR: <total>                      334 us
[159.012s][info][gc,stats    ]   CMR: Thread Roots                 295 us, workers (us): 295, ---, ---, 
[159.012s][info][gc,stats    ]   CMR: VM Strong Roots                5 us, workers (us):   5, ---, ---, 
[159.012s][info][gc,stats    ]   CMR: CLDG Roots                    35 us, workers (us):  35, ---, ---, 
[159.012s][info][gc,stats    ] Concurrent Marking                21429 us
[159.012s][info][gc,stats    ] Pause Final Mark (G)                493 us
[159.012s][info][gc,stats    ] Pause Final Mark (N)                380 us
[159.012s][info][gc,stats    ]   Finish Mark                       120 us
[159.012s][info][gc,stats    ]   Update Region States               84 us
[159.012s][info][gc,stats    ]   Choose Collection Set              62 us
[159.012s][info][gc,stats    ]   Rebuild Free Set                   17 us
[159.012s][info][gc,stats    ] Concurrent Weak References          120 us, parallelism: 0.04x
[159.012s][info][gc,stats    ]   CWRF: <total>                       5 us
[159.012s][info][gc,stats    ]   CWRF: Weak References               5 us, workers (us):   5, ---, ---, 
[159.012s][info][gc,stats    ] Concurrent Weak Roots               598 us
[159.012s][info][gc,stats    ]   Roots                             483 us, parallelism: 0.89x
[159.012s][info][gc,stats    ]     CWR: <total>                    431 us
[159.012s][info][gc,stats    ]     CWR: Code Cache Roots           363 us, workers (us): 363, ---, ---, 
[159.012s][info][gc,stats    ]     CWR: VM Weak Roots               62 us, workers (us):  62, ---, ---, 
[159.012s][info][gc,stats    ]     CWR: CLDG Roots                   5 us, workers (us):   5, ---, ---, 
[159.012s][info][gc,stats    ]   Rendezvous                         79 us
[159.012s][info][gc,stats    ] Concurrent Cleanup                   52 us
[159.012s][info][gc,stats    ] Concurrent Class Unloading         2191 us
[159.012s][info][gc,stats    ]   Unlink Stale                     1797 us
[159.012s][info][gc,stats    ]     System Dictionary                 2 us
[159.012s][info][gc,stats    ]     Weak Class Links                  0 us
[159.012s][info][gc,stats    ]     Code Roots                     1793 us
[159.012s][info][gc,stats    ]   Rendezvous                        191 us
[159.012s][info][gc,stats    ]   Purge Unlinked                    130 us
[159.012s][info][gc,stats    ]     Code Roots                      120 us
[159.012s][info][gc,stats    ]     CLDG                              9 us
[159.012s][info][gc,stats    ]     Exception Caches                  0 us
[159.012s][info][gc,stats    ] Pause Final Roots (G)               166 us
[159.012s][info][gc,stats    ] Pause Final Roots (N)                57 us
[159.012s][info][gc,stats    ] 
[159.012s][info][gc,stats    ] Allocation pacing accrued:
[159.012s][info][gc,stats    ]       0 of   460 ms (  0.0%): <total>
[159.012s][info][gc,stats    ]       0 of   460 ms (  0.0%): <average total>
[159.012s][info][gc,stats    ] 
[159.012s][info][gc,metaspace] Metaspace: 9018K(9280K)->9018K(9280K) NonClass: 7845K(8000K)->7845K(8000K) Class: 1172K(1280K)->1172K(1280K)
[159.012s][info][gc,ergo     ] Pacer for Idle. Initial: 83886K, Alloc Tax Rate: 1.0x
[160.665s][info][gc          ] Trigger: Explicit GC request (System.gc())
[160.665s][info][gc,ergo     ] Free: 942M, Max: 2048K regular, 942M humongous, Frag: 0% external, 0% internal; Reserve: 206M, Max: 2048K
[160.665s][info][gc,start    ] GC(225) Concurrent reset
[160.665s][info][gc,task     ] GC(225) Using 1 of 3 workers for concurrent reset
[160.665s][info][gc,ergo     ] GC(225) Pacer for Reset. Non-Taxable: 4096M
[160.666s][info][gc          ] GC(225) Concurrent reset 0.961ms
[160.666s][info][gc,start    ] GC(225) Pause Init Mark (unload classes)
[160.666s][info][gc,task     ] GC(225) Using 3 of 3 workers for init marking
[160.666s][info][gc,ref      ] GC(225) Clearing All SoftReferences
[160.666s][info][gc,ergo     ] GC(225) Pacer for Mark. Expected Live: 9423K, Free: 942M, Non-Taxable: 96460K, Alloc Tax Rate: 0.0x
[160.666s][info][gc          ] GC(225) Pause Init Mark (unload classes) 0.246ms
[160.666s][info][gc,start    ] GC(225) Concurrent marking roots
[160.666s][info][gc,task     ] GC(225) Using 1 of 3 workers for concurrent marking roots
[160.667s][info][gc          ] GC(225) Concurrent marking roots 0.484ms
[160.667s][info][gc,start    ] GC(225) Concurrent marking (unload classes)
[160.667s][info][gc,task     ] GC(225) Using 1 of 3 workers for concurrent marking
[160.671s][info][gc          ] GC(225) Concurrent marking (unload classes) 4.316ms
[160.671s][info][gc,start    ] GC(225) Pause Final Mark (unload classes)
[160.671s][info][gc,task     ] GC(225) Using 3 of 3 workers for final marking
[160.672s][info][gc,ergo     ] GC(225) Collectable Garbage: 2907M (98%), Immediate: 2907M (98%), CSet: 0B (0%)
[160.672s][info][gc          ] GC(225) Pause Final Mark (unload classes) 0.323ms
[160.672s][info][gc,start    ] GC(225) Concurrent weak references
[160.672s][info][gc,task     ] GC(225) Using 1 of 3 workers for concurrent weak references
[160.672s][info][gc,ref      ] GC(225) Encountered references: Soft: 144, Weak: 702, Final: 0, Phantom: 27
[160.672s][info][gc,ref      ] GC(225) Discovered  references: Soft: 88, Weak: 168, Final: 0, Phantom: 25
[160.672s][info][gc,ref      ] GC(225) Enqueued    references: Soft: 3, Weak: 0, Final: 0, Phantom: 0
[160.672s][info][gc          ] GC(225) Concurrent weak references 0.171ms
[160.672s][info][gc,start    ] GC(225) Concurrent weak roots
[160.672s][info][gc,task     ] GC(225) Using 1 of 3 workers for concurrent weak root
[160.673s][info][gc          ] GC(225) Concurrent weak roots 0.692ms
[160.673s][info][gc,start    ] GC(225) Concurrent cleanup
[160.673s][info][gc          ] GC(225) Concurrent cleanup 2947M->40M(4096M) 0.088ms
[160.673s][info][gc,ergo     ] GC(225) Free: 3850M, Max: 2048K regular, 2720M humongous, Frag: 30% external, 0% internal; Reserve: 206M, Max: 2048K
[160.673s][info][gc,start    ] GC(225) Concurrent class unloading
[160.673s][info][gc,task     ] GC(225) Using 1 of 3 workers for concurrent class unloading
[160.675s][info][gc          ] GC(225) Concurrent class unloading 2.772ms
[160.676s][info][gc,start    ] GC(225) Pause Final Roots
[160.676s][info][gc          ] GC(225) Pause Final Roots 0.061ms
[160.676s][info][gc,ergo     ] Free: 3850M, Max: 2048K regular, 2720M humongous, Frag: 30% external, 0% internal; Reserve: 206M, Max: 2048K
[160.676s][info][gc,stats    ] 
[160.676s][info][gc,stats    ] All times are wall-clock times, except per-root-class counters, that are sum over
[160.676s][info][gc,stats    ] all workers. Dividing the <total> over the root stage time estimates parallelism.
[160.676s][info][gc,stats    ] 
[160.676s][info][gc,stats    ] Concurrent Reset                   1054 us
[160.676s][info][gc,stats    ] Pause Init Mark (G)                 412 us
[160.676s][info][gc,stats    ] Pause Init Mark (N)                 256 us
[160.676s][info][gc,stats    ]   Update Region States               79 us
[160.676s][info][gc,stats    ] Concurrent Mark Roots               503 us, parallelism: 0.79x
[160.676s][info][gc,stats    ]   CMR: <total>                      397 us
[160.676s][info][gc,stats    ]   CMR: Thread Roots                 355 us, workers (us): 355, ---, ---, 
[160.676s][info][gc,stats    ]   CMR: VM Strong Roots                4 us, workers (us):   4, ---, ---, 
[160.676s][info][gc,stats    ]   CMR: CLDG Roots                    38 us, workers (us):  38, ---, ---, 
[160.676s][info][gc,stats    ] Concurrent Marking                 4372 us
[160.676s][info][gc,stats    ] Pause Final Mark (G)                465 us
[160.676s][info][gc,stats    ] Pause Final Mark (N)                345 us
[160.676s][info][gc,stats    ]   Finish Mark                        90 us
[160.676s][info][gc,stats    ]   Update Region States               61 us
[160.676s][info][gc,stats    ]   Choose Collection Set              71 us
[160.676s][info][gc,stats    ]   Rebuild Free Set                   21 us
[160.676s][info][gc,stats    ] Concurrent Weak References          187 us, parallelism: 0.04x
[160.676s][info][gc,stats    ]   CWRF: <total>                       8 us
[160.676s][info][gc,stats    ]   CWRF: Weak References               8 us, workers (us):   8, ---, ---, 
[160.676s][info][gc,stats    ] Concurrent Weak Roots               712 us
[160.676s][info][gc,stats    ]   Roots                             577 us, parallelism: 0.87x
[160.676s][info][gc,stats    ]     CWR: <total>                    503 us
[160.676s][info][gc,stats    ]     CWR: Code Cache Roots           385 us, workers (us): 385, ---, ---, 
[160.676s][info][gc,stats    ]     CWR: VM Weak Roots              112 us, workers (us): 112, ---, ---, 
[160.676s][info][gc,stats    ]     CWR: CLDG Roots                   5 us, workers (us):   5, ---, ---, 
[160.676s][info][gc,stats    ]   Rendezvous                         72 us
[160.676s][info][gc,stats    ] Concurrent Cleanup                   96 us
[160.676s][info][gc,stats    ] Concurrent Class Unloading         2827 us
[160.676s][info][gc,stats    ]   Unlink Stale                     2407 us
[160.676s][info][gc,stats    ]     System Dictionary                 3 us
[160.676s][info][gc,stats    ]     Weak Class Links                  0 us
[160.676s][info][gc,stats    ]     Code Roots                     2403 us
[160.676s][info][gc,stats    ]   Rendezvous                        229 us
[160.676s][info][gc,stats    ]   Purge Unlinked                    118 us
[160.676s][info][gc,stats    ]     Code Roots                      109 us
[160.676s][info][gc,stats    ]     CLDG                              8 us
[160.676s][info][gc,stats    ]     Exception Caches                  0 us
[160.676s][info][gc,stats    ] Pause Final Roots (G)               178 us
[160.676s][info][gc,stats    ] Pause Final Roots (N)                80 us
[160.676s][info][gc,stats    ] 
[160.676s][info][gc,stats    ] Allocation pacing accrued:
[160.676s][info][gc,stats    ]       0 of  1664 ms (  0.0%): <total>
[160.676s][info][gc,stats    ]       0 of  1664 ms (  0.0%): <average total>
[160.676s][info][gc,stats    ] 
[160.676s][info][gc,metaspace] Metaspace: 9018K(9280K)->9018K(9280K) NonClass: 7845K(8000K)->7845K(8000K) Class: 1172K(1280K)->1172K(1280K)
[160.676s][info][gc,ergo     ] Pacer for Idle. Initial: 83886K, Alloc Tax Rate: 1.0x
[161.136s][info][gc          ] Trigger: Learning 2 of 5. Free (2862M) is below initial threshold (2867M)
[161.136s][info][gc,ergo     ] Free: 2862M, Max: 2048K regular, 1774M humongous, Frag: 39% external, 0% internal; Reserve: 206M, Max: 2048K
[161.136s][info][gc,start    ] GC(226) Concurrent reset
[161.136s][info][gc,task     ] GC(226) Using 1 of 3 workers for concurrent reset
[161.136s][info][gc,ergo     ] GC(226) Pacer for Reset. Non-Taxable: 4096M
[161.137s][info][gc          ] GC(226) Concurrent reset 0.502ms
[161.137s][info][gc,start    ] GC(226) Pause Init Mark (unload classes)
[161.137s][info][gc,task     ] GC(226) Using 3 of 3 workers for init marking
[161.137s][info][gc,ergo     ] GC(226) Pacer for Mark. Expected Live: 9423K, Free: 2860M, Non-Taxable: 286M, Alloc Tax Rate: 0.0x
[161.137s][info][gc          ] GC(226) Pause Init Mark (unload classes) 0.172ms
[161.137s][info][gc,start    ] GC(226) Concurrent marking roots
[161.137s][info][gc,task     ] GC(226) Using 1 of 3 workers for concurrent marking roots
[161.138s][info][gc          ] GC(226) Concurrent marking roots 0.410ms
[161.138s][info][gc,start    ] GC(226) Concurrent marking (unload classes)
[161.138s][info][gc,task     ] GC(226) Using 1 of 3 workers for concurrent marking
[161.145s][info][gc          ] GC(226) Concurrent marking (unload classes) 7.844ms
[161.146s][info][gc,start    ] GC(226) Pause Final Mark (unload classes)
[161.146s][info][gc,task     ] GC(226) Using 3 of 3 workers for final marking
[161.146s][info][gc,ergo     ] GC(226) Collectable Garbage: 972M (94%), Immediate: 972M (94%), CSet: 0B (0%)
[161.146s][info][gc          ] GC(226) Pause Final Mark (unload classes) 0.236ms
[161.146s][info][gc,start    ] GC(226) Concurrent weak references
[161.146s][info][gc,task     ] GC(226) Using 1 of 3 workers for concurrent weak references
[161.146s][info][gc,ref      ] GC(226) Encountered references: Soft: 144, Weak: 702, Final: 0, Phantom: 27
[161.146s][info][gc,ref      ] GC(226) Discovered  references: Soft: 0, Weak: 150, Final: 0, Phantom: 12
[161.146s][info][gc,ref      ] GC(226) Enqueued    references: Soft: 0, Weak: 0, Final: 0, Phantom: 0
[161.146s][info][gc          ] GC(226) Concurrent weak references 0.140ms
[161.146s][info][gc,start    ] GC(226) Concurrent weak roots
[161.146s][info][gc,task     ] GC(226) Using 1 of 3 workers for concurrent weak root
[161.147s][info][gc          ] GC(226) Concurrent weak roots 0.546ms
[161.147s][info][gc,start    ] GC(226) Concurrent cleanup
[161.147s][info][gc          ] GC(226) Concurrent cleanup 1050M->78M(4096M) 0.043ms
[161.147s][info][gc,ergo     ] GC(226) Free: 3812M, Max: 2048K regular, 1752M humongous, Frag: 55% external, 0% internal; Reserve: 206M, Max: 2048K
[161.147s][info][gc,start    ] GC(226) Concurrent class unloading
[161.147s][info][gc,task     ] GC(226) Using 1 of 3 workers for concurrent class unloading
[161.149s][info][gc          ] GC(226) Concurrent class unloading 2.437ms
[161.149s][info][gc,start    ] GC(226) Pause Final Roots
[161.149s][info][gc          ] GC(226) Pause Final Roots 0.025ms
[161.149s][info][gc,ergo     ] Free: 3806M, Max: 2048K regular, 1752M humongous, Frag: 54% external, 0% internal; Reserve: 206M, Max: 2048K
[161.149s][info][gc,stats    ] 
[161.149s][info][gc,stats    ] All times are wall-clock times, except per-root-class counters, that are sum over
[161.149s][info][gc,stats    ] all workers. Dividing the <total> over the root stage time estimates parallelism.
[161.149s][info][gc,stats    ] 
[161.149s][info][gc,stats    ] Concurrent Reset                    559 us
[161.149s][info][gc,stats    ] Pause Init Mark (G)                 319 us
[161.149s][info][gc,stats    ] Pause Init Mark (N)                 181 us
[161.149s][info][gc,stats    ]   Update Region States               63 us
[161.149s][info][gc,stats    ] Concurrent Mark Roots               428 us, parallelism: 0.76x
[161.149s][info][gc,stats    ]   CMR: <total>                      327 us
[161.149s][info][gc,stats    ]   CMR: Thread Roots                 287 us, workers (us): 287, ---, ---, 
[161.150s][info][gc,stats    ]   CMR: VM Strong Roots                5 us, workers (us):   5, ---, ---, 
[161.150s][info][gc,stats    ]   CMR: CLDG Roots                    34 us, workers (us):  34, ---, ---, 
[161.150s][info][gc,stats    ] Concurrent Marking                 7902 us
[161.150s][info][gc,stats    ] Pause Final Mark (G)                346 us
[161.150s][info][gc,stats    ] Pause Final Mark (N)                252 us
[161.150s][info][gc,stats    ]   Finish Mark                        82 us
[161.150s][info][gc,stats    ]   Update Region States               45 us
[161.150s][info][gc,stats    ]   Choose Collection Set              46 us
[161.150s][info][gc,stats    ]   Rebuild Free Set                   16 us
[161.150s][info][gc,stats    ] Concurrent Weak References          148 us, parallelism: 0.03x
[161.150s][info][gc,stats    ]   CWRF: <total>                       5 us
[161.150s][info][gc,stats    ]   CWRF: Weak References               5 us, workers (us):   5, ---, ---, 
[161.150s][info][gc,stats    ] Concurrent Weak Roots               565 us
[161.150s][info][gc,stats    ]   Roots                             480 us, parallelism: 0.89x
[161.150s][info][gc,stats    ]     CWR: <total>                    426 us
[161.150s][info][gc,stats    ]     CWR: Code Cache Roots           357 us, workers (us): 357, ---, ---, 
[161.150s][info][gc,stats    ]     CWR: VM Weak Roots               63 us, workers (us):  63, ---, ---, 
[161.150s][info][gc,stats    ]     CWR: CLDG Roots                   5 us, workers (us):   5, ---, ---, 
[161.150s][info][gc,stats    ]   Rendezvous                         50 us
[161.150s][info][gc,stats    ] Concurrent Cleanup                   51 us
[161.150s][info][gc,stats    ] Concurrent Class Unloading         2489 us
[161.150s][info][gc,stats    ]   Unlink Stale                     2221 us
[161.150s][info][gc,stats    ]     System Dictionary                 3 us
[161.150s][info][gc,stats    ]     Weak Class Links                  0 us
[161.150s][info][gc,stats    ]     Code Roots                     2217 us
[161.150s][info][gc,stats    ]   Rendezvous                         42 us
[161.150s][info][gc,stats    ]   Purge Unlinked                    156 us
[161.150s][info][gc,stats    ]     Code Roots                      146 us
[161.150s][info][gc,stats    ]     CLDG                              9 us
[161.150s][info][gc,stats    ]     Exception Caches                  0 us
[161.150s][info][gc,stats    ] Pause Final Roots (G)               150 us
[161.150s][info][gc,stats    ] Pause Final Roots (N)                40 us
[161.150s][info][gc,stats    ] 
[161.150s][info][gc,stats    ] Allocation pacing accrued:
[161.150s][info][gc,stats    ]       0 of   474 ms (  0.0%): <total>
[161.150s][info][gc,stats    ]       0 of   474 ms (  0.0%): <average total>
[161.150s][info][gc,stats    ] 
[161.150s][info][gc,metaspace] Metaspace: 9018K(9280K)->9018K(9280K) NonClass: 7845K(8000K)->7845K(8000K) Class: 1172K(1280K)->1172K(1280K)
[161.150s][info][gc,ergo     ] Pacer for Idle. Initial: 83886K, Alloc Tax Rate: 1.0x
[161.606s][info][gc          ] Trigger: Learning 3 of 5. Free (2840M) is below initial threshold (2867M)
[161.607s][info][gc,ergo     ] Free: 2840M, Max: 2048K regular, 1750M humongous, Frag: 39% external, 0% internal; Reserve: 206M, Max: 2048K
[161.607s][info][gc,start    ] GC(227) Concurrent reset
[161.607s][info][gc,task     ] GC(227) Using 1 of 3 workers for concurrent reset
[161.607s][info][gc,ergo     ] GC(227) Pacer for Reset. Non-Taxable: 4096M
[161.607s][info][gc          ] GC(227) Concurrent reset 0.598ms
[161.607s][info][gc,start    ] GC(227) Pause Init Mark (unload classes)
[161.607s][info][gc,task     ] GC(227) Using 3 of 3 workers for init marking
[161.608s][info][gc,ergo     ] GC(227) Pacer for Mark. Expected Live: 9429K, Free: 2838M, Non-Taxable: 283M, Alloc Tax Rate: 0.0x
[161.608s][info][gc          ] GC(227) Pause Init Mark (unload classes) 0.231ms
[161.608s][info][gc,start    ] GC(227) Concurrent marking roots
[161.608s][info][gc,task     ] GC(227) Using 1 of 3 workers for concurrent marking roots
[161.608s][info][gc          ] GC(227) Concurrent marking roots 0.456ms
[161.608s][info][gc,start    ] GC(227) Concurrent marking (unload classes)
[161.608s][info][gc,task     ] GC(227) Using 1 of 3 workers for concurrent marking
[161.621s][info][gc          ] GC(227) Concurrent marking (unload classes) 12.601ms
[161.621s][info][gc,start    ] GC(227) Pause Final Mark (unload classes)
[161.621s][info][gc,task     ] GC(227) Using 3 of 3 workers for final marking
[161.621s][info][gc,ergo     ] GC(227) Collectable Garbage: 988M (94%), Immediate: 988M (94%), CSet: 0B (0%)
[161.621s][info][gc          ] GC(227) Pause Final Mark (unload classes) 0.330ms
[161.621s][info][gc,start    ] GC(227) Concurrent weak references
[161.621s][info][gc,task     ] GC(227) Using 1 of 3 workers for concurrent weak references
[161.622s][info][gc,ref      ] GC(227) Encountered references: Soft: 144, Weak: 702, Final: 0, Phantom: 27
[161.622s][info][gc,ref      ] GC(227) Discovered  references: Soft: 0, Weak: 150, Final: 0, Phantom: 12
[161.622s][info][gc,ref      ] GC(227) Enqueued    references: Soft: 0, Weak: 0, Final: 0, Phantom: 0
[161.622s][info][gc          ] GC(227) Concurrent weak references 0.223ms
[161.622s][info][gc,start    ] GC(227) Concurrent weak roots
[161.622s][info][gc,task     ] GC(227) Using 1 of 3 workers for concurrent weak root
[161.622s][info][gc          ] GC(227) Concurrent weak roots 0.696ms
[161.622s][info][gc,start    ] GC(227) Concurrent cleanup
[161.622s][info][gc          ] GC(227) Concurrent cleanup 1082M->94M(4096M) 0.050ms
[161.622s][info][gc,ergo     ] GC(227) Free: 3796M, Max: 2048K regular, 1718M humongous, Frag: 55% external, 0% internal; Reserve: 206M, Max: 2048K
[161.622s][info][gc,start    ] GC(227) Concurrent class unloading
[161.622s][info][gc,task     ] GC(227) Using 1 of 3 workers for concurrent class unloading
[161.625s][info][gc          ] GC(227) Concurrent class unloading 2.113ms
[161.625s][info][gc,start    ] GC(227) Pause Final Roots
[161.625s][info][gc          ] GC(227) Pause Final Roots 0.023ms
[161.625s][info][gc,ergo     ] Free: 3792M, Max: 2048K regular, 1718M humongous, Frag: 55% external, 0% internal; Reserve: 206M, Max: 2048K
[161.625s][info][gc,stats    ] 
[161.625s][info][gc,stats    ] All times are wall-clock times, except per-root-class counters, that are sum over
[161.625s][info][gc,stats    ] all workers. Dividing the <total> over the root stage time estimates parallelism.
[161.625s][info][gc,stats    ] 
[161.625s][info][gc,stats    ] Concurrent Reset                    657 us
[161.625s][info][gc,stats    ] Pause Init Mark (G)                 425 us
[161.625s][info][gc,stats    ] Pause Init Mark (N)                 250 us
[161.625s][info][gc,stats    ]   Update Region States              101 us
[161.625s][info][gc,stats    ] Concurrent Mark Roots               474 us, parallelism: 0.72x
[161.625s][info][gc,stats    ]   CMR: <total>                      341 us
[161.625s][info][gc,stats    ]   CMR: Thread Roots                 300 us, workers (us): 300, ---, ---, 
[161.625s][info][gc,stats    ]   CMR: VM Strong Roots                5 us, workers (us):   5, ---, ---, 
[161.625s][info][gc,stats    ]   CMR: CLDG Roots                    36 us, workers (us):  36, ---, ---, 
[161.625s][info][gc,stats    ] Concurrent Marking                12659 us
[161.625s][info][gc,stats    ] Pause Final Mark (G)                476 us
[161.625s][info][gc,stats    ] Pause Final Mark (N)                349 us
[161.625s][info][gc,stats    ]   Finish Mark                       103 us
[161.625s][info][gc,stats    ]   Update Region States               88 us
[161.625s][info][gc,stats    ]   Choose Collection Set              60 us
[161.625s][info][gc,stats    ]   Rebuild Free Set                   16 us
[161.625s][info][gc,stats    ] Concurrent Weak References          240 us, parallelism: 0.04x
[161.625s][info][gc,stats    ]   CWRF: <total>                       9 us
[161.625s][info][gc,stats    ]   CWRF: Weak References               9 us, workers (us):   9, ---, ---, 
[161.625s][info][gc,stats    ] Concurrent Weak Roots               720 us
[161.625s][info][gc,stats    ]   Roots                             584 us, parallelism: 0.90x
[161.625s][info][gc,stats    ]     CWR: <total>                    526 us
[161.625s][info][gc,stats    ]     CWR: Code Cache Roots           458 us, workers (us): 458, ---, ---, 
[161.625s][info][gc,stats    ]     CWR: VM Weak Roots               63 us, workers (us):  63, ---, ---, 
[161.625s][info][gc,stats    ]     CWR: CLDG Roots                   6 us, workers (us):   6, ---, ---, 
[161.625s][info][gc,stats    ]   Rendezvous                         79 us
[161.625s][info][gc,stats    ] Concurrent Cleanup                   58 us
[161.625s][info][gc,stats    ] Concurrent Class Unloading         2166 us
[161.625s][info][gc,stats    ]   Unlink Stale                     1926 us
[161.625s][info][gc,stats    ]     System Dictionary                 4 us
[161.625s][info][gc,stats    ]     Weak Class Links                  0 us
[161.625s][info][gc,stats    ]     Code Roots                     1921 us
[161.625s][info][gc,stats    ]   Rendezvous                         52 us
[161.625s][info][gc,stats    ]   Purge Unlinked                    117 us
[161.625s][info][gc,stats    ]     Code Roots                      108 us
[161.625s][info][gc,stats    ]     CLDG                              9 us
[161.625s][info][gc,stats    ]     Exception Caches                  0 us
[161.625s][info][gc,stats    ] Pause Final Roots (G)               128 us
[161.625s][info][gc,stats    ] Pause Final Roots (N)                31 us
[161.625s][info][gc,stats    ] 
[161.625s][info][gc,stats    ] Allocation pacing accrued:
[161.625s][info][gc,stats    ]       0 of   475 ms (  0.0%): <total>
[161.625s][info][gc,stats    ]       0 of   475 ms (  0.0%): <average total>
[161.625s][info][gc,stats    ] 
[161.625s][info][gc,metaspace] Metaspace: 9018K(9280K)->9018K(9280K) NonClass: 7845K(8000K)->7845K(8000K) Class: 1172K(1280K)->1172K(1280K)
[161.625s][info][gc,ergo     ] Pacer for Idle. Initial: 83886K, Alloc Tax Rate: 1.0x
[162.077s][info][gc          ] Trigger: Learning 4 of 5. Free (2832M) is below initial threshold (2867M)
[162.077s][info][gc,ergo     ] Free: 2832M, Max: 2048K regular, 1718M humongous, Frag: 40% external, 0% internal; Reserve: 206M, Max: 2048K
[162.077s][info][gc,start    ] GC(228) Concurrent reset
[162.077s][info][gc,task     ] GC(228) Using 1 of 3 workers for concurrent reset
[162.077s][info][gc,ergo     ] GC(228) Pacer for Reset. Non-Taxable: 4096M
[162.078s][info][gc          ] GC(228) Concurrent reset 0.601ms
[162.078s][info][gc,start    ] GC(228) Pause Init Mark (unload classes)
[162.078s][info][gc,task     ] GC(228) Using 3 of 3 workers for init marking
[162.078s][info][gc,ergo     ] GC(228) Pacer for Mark. Expected Live: 9433K, Free: 2830M, Non-Taxable: 283M, Alloc Tax Rate: 0.0x
[162.078s][info][gc          ] GC(228) Pause Init Mark (unload classes) 0.153ms
[162.078s][info][gc,start    ] GC(228) Concurrent marking roots
[162.078s][info][gc,task     ] GC(228) Using 1 of 3 workers for concurrent marking roots
[162.079s][info][gc          ] GC(228) Concurrent marking roots 0.681ms
[162.079s][info][gc,start    ] GC(228) Concurrent marking (unload classes)
[162.079s][info][gc,task     ] GC(228) Using 1 of 3 workers for concurrent marking
[162.096s][info][gc          ] GC(228) Concurrent marking (unload classes) 17.260ms
[162.096s][info][gc,start    ] GC(228) Pause Final Mark (unload classes)
[162.096s][info][gc,task     ] GC(228) Using 3 of 3 workers for final marking
[162.096s][info][gc,ergo     ] GC(228) Collectable Garbage: 984M (93%), Immediate: 984M (93%), CSet: 0B (0%)
[162.096s][info][gc          ] GC(228) Pause Final Mark (unload classes) 0.235ms
[162.096s][info][gc,start    ] GC(228) Concurrent weak references
[162.096s][info][gc,task     ] GC(228) Using 1 of 3 workers for concurrent weak references
[162.097s][info][gc,ref      ] GC(228) Encountered references: Soft: 144, Weak: 702, Final: 0, Phantom: 27
[162.097s][info][gc,ref      ] GC(228) Discovered  references: Soft: 0, Weak: 150, Final: 0, Phantom: 12
[162.097s][info][gc,ref      ] GC(228) Enqueued    references: Soft: 0, Weak: 0, Final: 0, Phantom: 0
[162.097s][info][gc          ] GC(228) Concurrent weak references 0.153ms
[162.097s][info][gc,start    ] GC(228) Concurrent weak roots
[162.097s][info][gc,task     ] GC(228) Using 1 of 3 workers for concurrent weak root
[162.097s][info][gc          ] GC(228) Concurrent weak roots 0.657ms
[162.097s][info][gc,start    ] GC(228) Concurrent cleanup
[162.097s][info][gc          ] GC(228) Concurrent cleanup 1098M->114M(4096M) 0.043ms
[162.097s][info][gc,ergo     ] GC(228) Free: 3776M, Max: 2048K regular, 1702M humongous, Frag: 55% external, 0% internal; Reserve: 206M, Max: 2048K
[162.097s][info][gc,start    ] GC(228) Concurrent class unloading
[162.097s][info][gc,task     ] GC(228) Using 1 of 3 workers for concurrent class unloading
[162.100s][info][gc          ] GC(228) Concurrent class unloading 2.596ms
[162.100s][info][gc,start    ] GC(228) Pause Final Roots
[162.100s][info][gc          ] GC(228) Pause Final Roots 0.039ms
[162.100s][info][gc,ergo     ] Free: 3770M, Max: 2048K regular, 1702M humongous, Frag: 55% external, 0% internal; Reserve: 206M, Max: 2048K
[162.100s][info][gc,stats    ] 
[162.100s][info][gc,stats    ] All times are wall-clock times, except per-root-class counters, that are sum over
[162.100s][info][gc,stats    ] all workers. Dividing the <total> over the root stage time estimates parallelism.
[162.100s][info][gc,stats    ] 
[162.100s][info][gc,stats    ] Concurrent Reset                    643 us
[162.100s][info][gc,stats    ] Pause Init Mark (G)                 285 us
[162.100s][info][gc,stats    ] Pause Init Mark (N)                 169 us
[162.100s][info][gc,stats    ]   Update Region States               50 us
[162.100s][info][gc,stats    ] Concurrent Mark Roots               704 us, parallelism: 0.86x
[162.100s][info][gc,stats    ]   CMR: <total>                      602 us
[162.100s][info][gc,stats    ]   CMR: Thread Roots                 530 us, workers (us): 530, ---, ---, 
[162.100s][info][gc,stats    ]   CMR: VM Strong Roots                8 us, workers (us):   8, ---, ---, 
[162.100s][info][gc,stats    ]   CMR: CLDG Roots                    64 us, workers (us):  64, ---, ---, 
[162.100s][info][gc,stats    ] Concurrent Marking                17323 us
[162.100s][info][gc,stats    ] Pause Final Mark (G)                338 us
[162.100s][info][gc,stats    ] Pause Final Mark (N)                245 us
[162.100s][info][gc,stats    ]   Finish Mark                        86 us
[162.100s][info][gc,stats    ]   Update Region States               58 us
[162.101s][info][gc,stats    ]   Choose Collection Set              40 us
[162.101s][info][gc,stats    ]   Rebuild Free Set                    8 us
[162.101s][info][gc,stats    ] Concurrent Weak References          169 us, parallelism: 0.03x
[162.101s][info][gc,stats    ]   CWRF: <total>                       4 us
[162.101s][info][gc,stats    ]   CWRF: Weak References               4 us, workers (us):   4, ---, ---, 
[162.101s][info][gc,stats    ] Concurrent Weak Roots               676 us
[162.101s][info][gc,stats    ]   Roots                             549 us, parallelism: 0.90x
[162.101s][info][gc,stats    ]     CWR: <total>                    493 us
[162.101s][info][gc,stats    ]     CWR: Code Cache Roots           426 us, workers (us): 426, ---, ---, 
[162.101s][info][gc,stats    ]     CWR: VM Weak Roots               62 us, workers (us):  62, ---, ---, 
[162.101s][info][gc,stats    ]     CWR: CLDG Roots                   5 us, workers (us):   5, ---, ---, 
[162.101s][info][gc,stats    ]   Rendezvous                         78 us
[162.101s][info][gc,stats    ] Concurrent Cleanup                   51 us
[162.101s][info][gc,stats    ] Concurrent Class Unloading         2649 us
[162.101s][info][gc,stats    ]   Unlink Stale                     2294 us
[162.101s][info][gc,stats    ]     System Dictionary                 2 us
[162.101s][info][gc,stats    ]     Weak Class Links                  0 us
[162.101s][info][gc,stats    ]     Code Roots                     2290 us
[162.101s][info][gc,stats    ]   Rendezvous                        159 us
[162.101s][info][gc,stats    ]   Purge Unlinked                    123 us
[162.101s][info][gc,stats    ]     Code Roots                      113 us
[162.101s][info][gc,stats    ]     CLDG                              9 us
[162.101s][info][gc,stats    ]     Exception Caches                  0 us
[162.101s][info][gc,stats    ] Pause Final Roots (G)               169 us
[162.101s][info][gc,stats    ] Pause Final Roots (N)                57 us
[162.101s][info][gc,stats    ] 
[162.101s][info][gc,stats    ] Allocation pacing accrued:
[162.101s][info][gc,stats    ]       0 of   476 ms (  0.0%): <total>
[162.101s][info][gc,stats    ]       0 of   476 ms (  0.0%): <average total>
[162.101s][info][gc,stats    ] 
[162.101s][info][gc,metaspace] Metaspace: 9018K(9280K)->9018K(9280K) NonClass: 7845K(8000K)->7845K(8000K) Class: 1172K(1280K)->1172K(1280K)
[162.101s][info][gc,ergo     ] Pacer for Idle. Initial: 83886K, Alloc Tax Rate: 1.0x
[162.532s][info][gc          ] Trigger: Learning 5 of 5. Free (2842M) is below initial threshold (2867M)
[162.532s][info][gc,ergo     ] Free: 2842M, Max: 2048K regular, 1702M humongous, Frag: 41% external, 0% internal; Reserve: 206M, Max: 2048K
[162.532s][info][gc,start    ] GC(229) Concurrent reset
[162.532s][info][gc,task     ] GC(229) Using 1 of 3 workers for concurrent reset
[162.532s][info][gc,ergo     ] GC(229) Pacer for Reset. Non-Taxable: 4096M
[162.533s][info][gc          ] GC(229) Concurrent reset 0.578ms
[162.533s][info][gc,start    ] GC(229) Pause Init Mark (unload classes)
[162.533s][info][gc,task     ] GC(229) Using 3 of 3 workers for init marking
[162.533s][info][gc,ergo     ] GC(229) Pacer for Mark. Expected Live: 9446K, Free: 2840M, Non-Taxable: 284M, Alloc Tax Rate: 0.0x
[162.533s][info][gc          ] GC(229) Pause Init Mark (unload classes) 0.168ms
[162.533s][info][gc,start    ] GC(229) Concurrent marking roots
[162.533s][info][gc,task     ] GC(229) Using 1 of 3 workers for concurrent marking roots
[162.533s][info][gc          ] GC(229) Concurrent marking roots 0.418ms
[162.534s][info][gc,start    ] GC(229) Concurrent marking (unload classes)
[162.534s][info][gc,task     ] GC(229) Using 1 of 3 workers for concurrent marking
[162.555s][info][gc          ] GC(229) Concurrent marking (unload classes) 21.600ms
[162.555s][info][gc,start    ] GC(229) Pause Final Mark (unload classes)
[162.555s][info][gc,task     ] GC(229) Using 3 of 3 workers for final marking
[162.555s][info][gc,ergo     ] GC(229) Collectable Garbage: 968M (93%), Immediate: 968M (93%), CSet: 0B (0%)
[162.555s][info][gc          ] GC(229) Pause Final Mark (unload classes) 0.253ms
[162.556s][info][gc,start    ] GC(229) Concurrent weak references
[162.556s][info][gc,task     ] GC(229) Using 1 of 3 workers for concurrent weak references
[162.556s][info][gc,ref      ] GC(229) Encountered references: Soft: 144, Weak: 702, Final: 0, Phantom: 27
[162.556s][info][gc,ref      ] GC(229) Discovered  references: Soft: 0, Weak: 150, Final: 0, Phantom: 25
[162.556s][info][gc,ref      ] GC(229) Enqueued    references: Soft: 0, Weak: 0, Final: 0, Phantom: 0
[162.556s][info][gc          ] GC(229) Concurrent weak references 0.153ms
[162.556s][info][gc,start    ] GC(229) Concurrent weak roots
[162.556s][info][gc,task     ] GC(229) Using 1 of 3 workers for concurrent weak root
[162.556s][info][gc          ] GC(229) Concurrent weak roots 0.553ms
[162.556s][info][gc,start    ] GC(229) Concurrent cleanup
[162.556s][info][gc          ] GC(229) Concurrent cleanup 1096M->128M(4096M) 0.043ms
[162.556s][info][gc,ergo     ] GC(229) Free: 3760M, Max: 2048K regular, 1720M humongous, Frag: 55% external, 0% internal; Reserve: 206M, Max: 2048K
[162.556s][info][gc,start    ] GC(229) Concurrent class unloading
[162.556s][info][gc,task     ] GC(229) Using 1 of 3 workers for concurrent class unloading
[162.559s][info][gc          ] GC(229) Concurrent class unloading 2.428ms
[162.559s][info][gc,start    ] GC(229) Pause Final Roots
[162.559s][info][gc          ] GC(229) Pause Final Roots 0.025ms
[162.559s][info][gc,ergo     ] Free: 3756M, Max: 2048K regular, 1720M humongous, Frag: 55% external, 0% internal; Reserve: 206M, Max: 2048K
[162.559s][info][gc,stats    ] 
[162.559s][info][gc,stats    ] All times are wall-clock times, except per-root-class counters, that are sum over
[162.559s][info][gc,stats    ] all workers. Dividing the <total> over the root stage time estimates parallelism.
[162.559s][info][gc,stats    ] 
[162.559s][info][gc,stats    ] Concurrent Reset                    620 us
[162.559s][info][gc,stats    ] Pause Init Mark (G)                 332 us
[162.559s][info][gc,stats    ] Pause Init Mark (N)                 177 us
[162.559s][info][gc,stats    ]   Update Region States               66 us
[162.559s][info][gc,stats    ] Concurrent Mark Roots               436 us, parallelism: 0.77x
[162.559s][info][gc,stats    ]   CMR: <total>                      333 us
[162.559s][info][gc,stats    ]   CMR: Thread Roots                 294 us, workers (us): 294, ---, ---, 
[162.559s][info][gc,stats    ]   CMR: VM Strong Roots                5 us, workers (us):   5, ---, ---, 
[162.559s][info][gc,stats    ]   CMR: CLDG Roots                    34 us, workers (us):  34, ---, ---, 
[162.559s][info][gc,stats    ] Concurrent Marking                21661 us
[162.559s][info][gc,stats    ] Pause Final Mark (G)                371 us
[162.559s][info][gc,stats    ] Pause Final Mark (N)                271 us
[162.559s][info][gc,stats    ]   Finish Mark                        73 us
[162.559s][info][gc,stats    ]   Update Region States               49 us
[162.559s][info][gc,stats    ]   Choose Collection Set              48 us
[162.559s][info][gc,stats    ]   Rebuild Free Set                   17 us
[162.559s][info][gc,stats    ] Concurrent Weak References          161 us, parallelism: 0.04x
[162.559s][info][gc,stats    ]   CWRF: <total>                       6 us
[162.559s][info][gc,stats    ]   CWRF: Weak References               6 us, workers (us):   6, ---, ---, 
[162.559s][info][gc,stats    ] Concurrent Weak Roots               572 us
[162.559s][info][gc,stats    ]   Roots                             487 us, parallelism: 0.89x
[162.559s][info][gc,stats    ]     CWR: <total>                    432 us
[162.559s][info][gc,stats    ]     CWR: Code Cache Roots           363 us, workers (us): 363, ---, ---, 
[162.559s][info][gc,stats    ]     CWR: VM Weak Roots               64 us, workers (us):  64, ---, ---, 
[162.559s][info][gc,stats    ]     CWR: CLDG Roots                   6 us, workers (us):   6, ---, ---, 
[162.559s][info][gc,stats    ]   Rendezvous                         50 us
[162.559s][info][gc,stats    ] Concurrent Cleanup                   51 us
[162.560s][info][gc,stats    ] Concurrent Class Unloading         2481 us
[162.560s][info][gc,stats    ]   Unlink Stale                     2205 us
[162.560s][info][gc,stats    ]     System Dictionary                 3 us
[162.560s][info][gc,stats    ]     Weak Class Links                  0 us
[162.560s][info][gc,stats    ]     Code Roots                     2201 us
[162.560s][info][gc,stats    ]   Rendezvous                         51 us
[162.560s][info][gc,stats    ]   Purge Unlinked                    154 us
[162.560s][info][gc,stats    ]     Code Roots                      144 us
[162.560s][info][gc,stats    ]     CLDG                             10 us
[162.560s][info][gc,stats    ]     Exception Caches                  0 us
[162.560s][info][gc,stats    ] Pause Final Roots (G)               131 us
[162.560s][info][gc,stats    ] Pause Final Roots (N)                41 us
[162.560s][info][gc,stats    ] 
[162.560s][info][gc,stats    ] Allocation pacing accrued:
[162.560s][info][gc,stats    ]       0 of   459 ms (  0.0%): <total>
[162.560s][info][gc,stats    ]       0 of   459 ms (  0.0%): <average total>
[162.560s][info][gc,stats    ] 
[162.560s][info][gc,metaspace] Metaspace: 9018K(9280K)->9018K(9280K) NonClass: 7845K(8000K)->7845K(8000K) Class: 1172K(1280K)->1172K(1280K)
[162.560s][info][gc,ergo     ] Pacer for Idle. Initial: 83886K, Alloc Tax Rate: 1.0x
[164.196s][info][gc          ] Trigger: Explicit GC request (System.gc())
[164.196s][info][gc,ergo     ] Free: 954M, Max: 2048K regular, 954M humongous, Frag: 0% external, 0% internal; Reserve: 206M, Max: 2048K
[164.196s][info][gc,start    ] GC(230) Concurrent reset
[164.196s][info][gc,task     ] GC(230) Using 1 of 3 workers for concurrent reset
[164.196s][info][gc,ergo     ] GC(230) Pacer for Reset. Non-Taxable: 4096M
[164.196s][info][gc          ] GC(230) Concurrent reset 0.540ms
[164.196s][info][gc,start    ] GC(230) Pause Init Mark (unload classes)
[164.197s][info][gc,task     ] GC(230) Using 3 of 3 workers for init marking
[164.197s][info][gc,ref      ] GC(230) Clearing All SoftReferences
[164.197s][info][gc,ergo     ] GC(230) Pacer for Mark. Expected Live: 9455K, Free: 954M, Non-Taxable: 97689K, Alloc Tax Rate: 0.0x
[164.197s][info][gc          ] GC(230) Pause Init Mark (unload classes) 0.121ms
[164.197s][info][gc,start    ] GC(230) Concurrent marking roots
[164.197s][info][gc,task     ] GC(230) Using 1 of 3 workers for concurrent marking roots
[164.197s][info][gc          ] GC(230) Concurrent marking roots 0.583ms
[164.197s][info][gc,start    ] GC(230) Concurrent marking (unload classes)
[164.197s][info][gc,task     ] GC(230) Using 1 of 3 workers for concurrent marking
[164.201s][info][gc          ] GC(230) Concurrent marking (unload classes) 3.622ms
[164.201s][info][gc,start    ] GC(230) Pause Final Mark (unload classes)
[164.201s][info][gc,task     ] GC(230) Using 3 of 3 workers for final marking
[164.201s][info][gc,ergo     ] GC(230) Collectable Garbage: 2895M (98%), Immediate: 2895M (98%), CSet: 0B (0%)
[164.201s][info][gc          ] GC(230) Pause Final Mark (unload classes) 0.411ms
[164.201s][info][gc,start    ] GC(230) Concurrent weak references
[164.202s][info][gc,task     ] GC(230) Using 1 of 3 workers for concurrent weak references
[164.202s][info][gc,ref      ] GC(230) Encountered references: Soft: 144, Weak: 702, Final: 0, Phantom: 27
[164.202s][info][gc,ref      ] GC(230) Discovered  references: Soft: 88, Weak: 168, Final: 0, Phantom: 25
[164.202s][info][gc,ref      ] GC(230) Enqueued    references: Soft: 3, Weak: 0, Final: 0, Phantom: 0
[164.202s][info][gc          ] GC(230) Concurrent weak references 0.166ms
[164.202s][info][gc,start    ] GC(230) Concurrent weak roots
[164.202s][info][gc,task     ] GC(230) Using 1 of 3 workers for concurrent weak root
[164.202s][info][gc          ] GC(230) Concurrent weak roots 0.704ms
[164.202s][info][gc,start    ] GC(230) Concurrent cleanup
[164.202s][info][gc          ] GC(230) Concurrent cleanup 2935M->40M(4096M) 0.105ms
[164.202s][info][gc,ergo     ] GC(230) Free: 3850M, Max: 2048K regular, 2720M humongous, Frag: 30% external, 0% internal; Reserve: 206M, Max: 2048K
[164.203s][info][gc,start    ] GC(230) Concurrent class unloading
[164.203s][info][gc,task     ] GC(230) Using 1 of 3 workers for concurrent class unloading
[164.205s][info][gc          ] GC(230) Concurrent class unloading 2.553ms
[164.205s][info][gc,start    ] GC(230) Pause Final Roots
[164.205s][info][gc          ] GC(230) Pause Final Roots 0.056ms
[164.205s][info][gc,ergo     ] Free: 3850M, Max: 2048K regular, 2720M humongous, Frag: 30% external, 0% internal; Reserve: 206M, Max: 2048K
[164.205s][info][gc,stats    ] 
[164.205s][info][gc,stats    ] All times are wall-clock times, except per-root-class counters, that are sum over
[164.205s][info][gc,stats    ] all workers. Dividing the <total> over the root stage time estimates parallelism.
[164.205s][info][gc,stats    ] 
[164.205s][info][gc,stats    ] Concurrent Reset                    594 us
[164.205s][info][gc,stats    ] Pause Init Mark (G)                 194 us
[164.205s][info][gc,stats    ] Pause Init Mark (N)                 128 us
[164.206s][info][gc,stats    ]   Update Region States               53 us
[164.206s][info][gc,stats    ] Concurrent Mark Roots               603 us, parallelism: 0.77x
[164.206s][info][gc,stats    ]   CMR: <total>                      465 us
[164.206s][info][gc,stats    ]   CMR: Thread Roots                 427 us, workers (us): 427, ---, ---, 
[164.206s][info][gc,stats    ]   CMR: VM Strong Roots                4 us, workers (us):   4, ---, ---, 
[164.206s][info][gc,stats    ]   CMR: CLDG Roots                    34 us, workers (us):  34, ---, ---, 
[164.206s][info][gc,stats    ] Concurrent Marking                 3675 us
[164.206s][info][gc,stats    ] Pause Final Mark (G)                552 us
[164.206s][info][gc,stats    ] Pause Final Mark (N)                436 us
[164.206s][info][gc,stats    ]   Finish Mark                       143 us
[164.206s][info][gc,stats    ]   Update Region States               76 us
[164.206s][info][gc,stats    ]   Choose Collection Set              91 us
[164.206s][info][gc,stats    ]   Rebuild Free Set                   21 us
[164.206s][info][gc,stats    ] Concurrent Weak References          182 us, parallelism: 0.04x
[164.206s][info][gc,stats    ]   CWRF: <total>                       8 us
[164.206s][info][gc,stats    ]   CWRF: Weak References               8 us, workers (us):   8, ---, ---, 
[164.206s][info][gc,stats    ] Concurrent Weak Roots               724 us
[164.206s][info][gc,stats    ]   Roots                             574 us, parallelism: 0.87x
[164.206s][info][gc,stats    ]     CWR: <total>                    503 us
[164.206s][info][gc,stats    ]     CWR: Code Cache Roots           387 us, workers (us): 387, ---, ---, 
[164.206s][info][gc,stats    ]     CWR: VM Weak Roots              111 us, workers (us): 111, ---, ---, 
[164.206s][info][gc,stats    ]     CWR: CLDG Roots                   5 us, workers (us):   5, ---, ---, 
[164.206s][info][gc,stats    ]   Rendezvous                         99 us
[164.206s][info][gc,stats    ] Concurrent Cleanup                  113 us
[164.206s][info][gc,stats    ] Concurrent Class Unloading         2611 us
[164.206s][info][gc,stats    ]   Unlink Stale                     2294 us
[164.206s][info][gc,stats    ]     System Dictionary                 3 us
[164.206s][info][gc,stats    ]     Weak Class Links                  0 us
[164.206s][info][gc,stats    ]     Code Roots                     2290 us
[164.206s][info][gc,stats    ]   Rendezvous                         76 us
[164.206s][info][gc,stats    ]   Purge Unlinked                    155 us
[164.206s][info][gc,stats    ]     Code Roots                      145 us
[164.206s][info][gc,stats    ]     CLDG                              9 us
[164.206s][info][gc,stats    ]     Exception Caches                  0 us
[164.206s][info][gc,stats    ] Pause Final Roots (G)               167 us
[164.206s][info][gc,stats    ] Pause Final Roots (N)                75 us
[164.206s][info][gc,stats    ] 
[164.206s][info][gc,stats    ] Allocation pacing accrued:
[164.206s][info][gc,stats    ]       0 of  1646 ms (  0.0%): <total>
[164.206s][info][gc,stats    ]       0 of  1646 ms (  0.0%): <average total>
[164.206s][info][gc,stats    ] 
[164.206s][info][gc,metaspace] Metaspace: 9018K(9280K)->9018K(9280K) NonClass: 7845K(8000K)->7845K(8000K) Class: 1172K(1280K)->1172K(1280K)
[164.206s][info][gc,ergo     ] Pacer for Idle. Initial: 83886K, Alloc Tax Rate: 1.0x
[164.667s][info][gc          ] Trigger: Learning 2 of 5. Free (2854M) is below initial threshold (2867M)
[164.667s][info][gc,ergo     ] Free: 2854M, Max: 2048K regular, 1766M humongous, Frag: 39% external, 0% internal; Reserve: 206M, Max: 2048K
[164.667s][info][gc,start    ] GC(231) Concurrent reset
[164.667s][info][gc,task     ] GC(231) Using 1 of 3 workers for concurrent reset
[164.667s][info][gc,ergo     ] GC(231) Pacer for Reset. Non-Taxable: 4096M
[164.668s][info][gc          ] GC(231) Concurrent reset 0.503ms
[164.668s][info][gc,start    ] GC(231) Pause Init Mark (unload classes)
[164.668s][info][gc,task     ] GC(231) Using 3 of 3 workers for init marking
[164.668s][info][gc,ergo     ] GC(231) Pacer for Mark. Expected Live: 9455K, Free: 2852M, Non-Taxable: 285M, Alloc Tax Rate: 0.0x
[164.668s][info][gc          ] GC(231) Pause Init Mark (unload classes) 0.172ms
[164.668s][info][gc,start    ] GC(231) Concurrent marking roots
[164.668s][info][gc,task     ] GC(231) Using 1 of 3 workers for concurrent marking roots
[164.668s][info][gc          ] GC(231) Concurrent marking roots 0.411ms
[164.668s][info][gc,start    ] GC(231) Concurrent marking (unload classes)
[164.668s][info][gc,task     ] GC(231) Using 1 of 3 workers for concurrent marking
[164.678s][info][gc          ] GC(231) Concurrent marking (unload classes) 9.106ms
[164.678s][info][gc,start    ] GC(231) Pause Final Mark (unload classes)
[164.678s][info][gc,task     ] GC(231) Using 3 of 3 workers for final marking
[164.678s][info][gc,ergo     ] GC(231) Collectable Garbage: 978M (94%), Immediate: 978M (94%), CSet: 0B (0%)
[164.678s][info][gc          ] GC(231) Pause Final Mark (unload classes) 0.337ms
[164.678s][info][gc,start    ] GC(231) Concurrent weak references
[164.678s][info][gc,task     ] GC(231) Using 1 of 3 workers for concurrent weak references
[164.678s][info][gc,ref      ] GC(231) Encountered references: Soft: 144, Weak: 702, Final: 0, Phantom: 27
[164.678s][info][gc,ref      ] GC(231) Discovered  references: Soft: 0, Weak: 150, Final: 0, Phantom: 12
[164.678s][info][gc,ref      ] GC(231) Enqueued    references: Soft: 0, Weak: 0, Final: 0, Phantom: 0
[164.678s][info][gc          ] GC(231) Concurrent weak references 0.113ms
[164.678s][info][gc,start    ] GC(231) Concurrent weak roots
[164.678s][info][gc,task     ] GC(231) Using 1 of 3 workers for concurrent weak root
[164.679s][info][gc          ] GC(231) Concurrent weak roots 0.573ms
[164.679s][info][gc,start    ] GC(231) Concurrent cleanup
[164.679s][info][gc          ] GC(231) Concurrent cleanup 1060M->82M(4096M) 0.043ms
[164.679s][info][gc,ergo     ] GC(231) Free: 3808M, Max: 2048K regular, 1742M humongous, Frag: 55% external, 0% internal; Reserve: 206M, Max: 2048K
[164.679s][info][gc,start    ] GC(231) Concurrent class unloading
[164.679s][info][gc,task     ] GC(231) Using 1 of 3 workers for concurrent class unloading
[164.681s][info][gc          ] GC(231) Concurrent class unloading 1.920ms
[164.681s][info][gc,start    ] GC(231) Pause Final Roots
[164.681s][info][gc          ] GC(231) Pause Final Roots 0.039ms
[164.681s][info][gc,ergo     ] Free: 3804M, Max: 2048K regular, 1742M humongous, Frag: 55% external, 0% internal; Reserve: 206M, Max: 2048K
[164.681s][info][gc,stats    ] 
[164.681s][info][gc,stats    ] All times are wall-clock times, except per-root-class counters, that are sum over
[164.681s][info][gc,stats    ] all workers. Dividing the <total> over the root stage time estimates parallelism.
[164.681s][info][gc,stats    ] 
[164.681s][info][gc,stats    ] Concurrent Reset                    562 us
[164.681s][info][gc,stats    ] Pause Init Mark (G)                 318 us
[164.681s][info][gc,stats    ] Pause Init Mark (N)                 189 us
[164.681s][info][gc,stats    ]   Update Region States               65 us
[164.681s][info][gc,stats    ] Concurrent Mark Roots               429 us, parallelism: 0.76x
[164.681s][info][gc,stats    ]   CMR: <total>                      327 us
[164.681s][info][gc,stats    ]   CMR: Thread Roots                 288 us, workers (us): 288, ---, ---, 
[164.681s][info][gc,stats    ]   CMR: VM Strong Roots                4 us, workers (us):   4, ---, ---, 
[164.681s][info][gc,stats    ]   CMR: CLDG Roots                    34 us, workers (us):  34, ---, ---, 
[164.681s][info][gc,stats    ] Concurrent Marking                 9165 us
[164.681s][info][gc,stats    ] Pause Final Mark (G)                446 us
[164.681s][info][gc,stats    ] Pause Final Mark (N)                357 us
[164.681s][info][gc,stats    ]   Finish Mark                       105 us
[164.681s][info][gc,stats    ]   Update Region States               91 us
[164.681s][info][gc,stats    ]   Choose Collection Set              63 us
[164.681s][info][gc,stats    ]   Rebuild Free Set                   16 us
[164.681s][info][gc,stats    ] Concurrent Weak References          120 us, parallelism: 0.04x
[164.681s][info][gc,stats    ]   CWRF: <total>                       5 us
[164.681s][info][gc,stats    ]   CWRF: Weak References               5 us, workers (us):   5, ---, ---, 
[164.681s][info][gc,stats    ] Concurrent Weak Roots               591 us
[164.681s][info][gc,stats    ]   Roots                             478 us, parallelism: 0.89x
[164.681s][info][gc,stats    ]     CWR: <total>                    424 us
[164.681s][info][gc,stats    ]     CWR: Code Cache Roots           357 us, workers (us): 357, ---, ---, 
[164.681s][info][gc,stats    ]     CWR: VM Weak Roots               62 us, workers (us):  62, ---, ---, 
[164.681s][info][gc,stats    ]     CWR: CLDG Roots                   5 us, workers (us):   5, ---, ---, 
[164.681s][info][gc,stats    ]   Rendezvous                         79 us
[164.681s][info][gc,stats    ] Concurrent Cleanup                   51 us
[164.681s][info][gc,stats    ] Concurrent Class Unloading         1953 us
[164.682s][info][gc,stats    ]   Unlink Stale                     1737 us
[164.682s][info][gc,stats    ]     System Dictionary                 3 us
[164.682s][info][gc,stats    ]     Weak Class Links                  1 us
[164.682s][info][gc,stats    ]     Code Roots                     1732 us
[164.682s][info][gc,stats    ]   Rendezvous                         71 us
[164.682s][info][gc,stats    ]   Purge Unlinked                     94 us
[164.682s][info][gc,stats    ]     Code Roots                       88 us
[164.682s][info][gc,stats    ]     CLDG                              5 us
[164.682s][info][gc,stats    ]     Exception Caches                  0 us
[164.682s][info][gc,stats    ] Pause Final Roots (G)               147 us
[164.682s][info][gc,stats    ] Pause Final Roots (N)                57 us
[164.682s][info][gc,stats    ] 
[164.682s][info][gc,stats    ] Allocation pacing accrued:
[164.682s][info][gc,stats    ]       0 of   476 ms (  0.0%): <total>
[164.682s][info][gc,stats    ]       0 of   476 ms (  0.0%): <average total>
[164.682s][info][gc,stats    ] 
[164.682s][info][gc,metaspace] Metaspace: 9018K(9280K)->9018K(9280K) NonClass: 7845K(8000K)->7845K(8000K) Class: 1172K(1280K)->1172K(1280K)
[164.682s][info][gc,ergo     ] Pacer for Idle. Initial: 83886K, Alloc Tax Rate: 1.0x
[165.137s][info][gc          ] Trigger: Learning 3 of 5. Free (2844M) is below initial threshold (2867M)
[165.137s][info][gc,ergo     ] Free: 2844M, Max: 2048K regular, 1742M humongous, Frag: 39% external, 0% internal; Reserve: 206M, Max: 2048K
[165.137s][info][gc,start    ] GC(232) Concurrent reset
[165.137s][info][gc,task     ] GC(232) Using 1 of 3 workers for concurrent reset
[165.137s][info][gc,ergo     ] GC(232) Pacer for Reset. Non-Taxable: 4096M
[165.138s][info][gc          ] GC(232) Concurrent reset 0.577ms
[165.138s][info][gc,start    ] GC(232) Pause Init Mark (unload classes)
[165.138s][info][gc,task     ] GC(232) Using 3 of 3 workers for init marking
[165.138s][info][gc,ergo     ] GC(232) Pacer for Mark. Expected Live: 9460K, Free: 2842M, Non-Taxable: 284M, Alloc Tax Rate: 0.0x
[165.138s][info][gc          ] GC(232) Pause Init Mark (unload classes) 0.208ms
[165.138s][info][gc,start    ] GC(232) Concurrent marking roots
[165.138s][info][gc,task     ] GC(232) Using 1 of 3 workers for concurrent marking roots
[165.139s][info][gc          ] GC(232) Concurrent marking roots 0.827ms
[165.139s][info][gc,start    ] GC(232) Concurrent marking (unload classes)
[165.139s][info][gc,task     ] GC(232) Using 1 of 3 workers for concurrent marking
[165.152s][info][gc          ] GC(232) Concurrent marking (unload classes) 12.603ms
[165.152s][info][gc,start    ] GC(232) Pause Final Mark (unload classes)
[165.152s][info][gc,task     ] GC(232) Using 3 of 3 workers for final marking
[165.152s][info][gc,ergo     ] GC(232) Collectable Garbage: 984M (94%), Immediate: 984M (94%), CSet: 0B (0%)
[165.152s][info][gc          ] GC(232) Pause Final Mark (unload classes) 0.223ms
[165.152s][info][gc,start    ] GC(232) Concurrent weak references
[165.152s][info][gc,task     ] GC(232) Using 1 of 3 workers for concurrent weak references
[165.152s][info][gc,ref      ] GC(232) Encountered references: Soft: 144, Weak: 702, Final: 0, Phantom: 27
[165.152s][info][gc,ref      ] GC(232) Discovered  references: Soft: 0, Weak: 150, Final: 0, Phantom: 12
[165.152s][info][gc,ref      ] GC(232) Enqueued    references: Soft: 0, Weak: 0, Final: 0, Phantom: 0
[165.152s][info][gc          ] GC(232) Concurrent weak references 0.155ms
[165.152s][info][gc,start    ] GC(232) Concurrent weak roots
[165.152s][info][gc,task     ] GC(232) Using 1 of 3 workers for concurrent weak root
[165.153s][info][gc          ] GC(232) Concurrent weak roots 0.627ms
[165.153s][info][gc,start    ] GC(232) Concurrent cleanup
[165.153s][info][gc          ] GC(232) Concurrent cleanup 1076M->92M(4096M) 0.046ms
[165.153s][info][gc,ergo     ] GC(232) Free: 3798M, Max: 2048K regular, 1724M humongous, Frag: 55% external, 0% internal; Reserve: 206M, Max: 2048K
[165.153s][info][gc,start    ] GC(232) Concurrent class unloading
[165.153s][info][gc,task     ] GC(232) Using 1 of 3 workers for concurrent class unloading
[165.155s][info][gc          ] GC(232) Concurrent class unloading 2.259ms
[165.156s][info][gc,start    ] GC(232) Pause Final Roots
[165.156s][info][gc          ] GC(232) Pause Final Roots 0.040ms
[165.156s][info][gc,ergo     ] Free: 3792M, Max: 2048K regular, 1724M humongous, Frag: 55% external, 0% internal; Reserve: 206M, Max: 2048K
[165.156s][info][gc,stats    ] 
[165.156s][info][gc,stats    ] All times are wall-clock times, except per-root-class counters, that are sum over
[165.156s][info][gc,stats    ] all workers. Dividing the <total> over the root stage time estimates parallelism.
[165.156s][info][gc,stats    ] 
[165.156s][info][gc,stats    ] Concurrent Reset                    647 us
[165.156s][info][gc,stats    ] Pause Init Mark (G)                 409 us
[165.156s][info][gc,stats    ] Pause Init Mark (N)                 218 us
[165.156s][info][gc,stats    ]   Update Region States               86 us
[165.156s][info][gc,stats    ] Concurrent Mark Roots               850 us, parallelism: 0.77x
[165.156s][info][gc,stats    ]   CMR: <total>                      653 us
[165.156s][info][gc,stats    ]   CMR: Thread Roots                 562 us, workers (us): 562, ---, ---, 
[165.156s][info][gc,stats    ]   CMR: VM Strong Roots                9 us, workers (us):   9, ---, ---, 
[165.156s][info][gc,stats    ]   CMR: CLDG Roots                    82 us, workers (us):  82, ---, ---, 
[165.156s][info][gc,stats    ] Concurrent Marking                12662 us
[165.156s][info][gc,stats    ] Pause Final Mark (G)                334 us
[165.156s][info][gc,stats    ] Pause Final Mark (N)                239 us
[165.156s][info][gc,stats    ]   Finish Mark                        70 us
[165.156s][info][gc,stats    ]   Update Region States               44 us
[165.156s][info][gc,stats    ]   Choose Collection Set              47 us
[165.156s][info][gc,stats    ]   Rebuild Free Set                   17 us
[165.156s][info][gc,stats    ] Concurrent Weak References          171 us, parallelism: 0.03x
[165.156s][info][gc,stats    ]   CWRF: <total>                       4 us
[165.156s][info][gc,stats    ]   CWRF: Weak References               4 us, workers (us):   4, ---, ---, 
[165.156s][info][gc,stats    ] Concurrent Weak Roots               661 us
[165.156s][info][gc,stats    ]   Roots                             521 us, parallelism: 0.87x
[165.156s][info][gc,stats    ]     CWR: <total>                    455 us
[165.156s][info][gc,stats    ]     CWR: Code Cache Roots           389 us, workers (us): 389, ---, ---, 
[165.156s][info][gc,stats    ]     CWR: VM Weak Roots               62 us, workers (us):  62, ---, ---, 
[165.156s][info][gc,stats    ]     CWR: CLDG Roots                   5 us, workers (us):   5, ---, ---, 
[165.156s][info][gc,stats    ]   Rendezvous                         75 us
[165.156s][info][gc,stats    ] Concurrent Cleanup                   55 us
[165.156s][info][gc,stats    ] Concurrent Class Unloading         2311 us
[165.156s][info][gc,stats    ]   Unlink Stale                     2069 us
[165.156s][info][gc,stats    ]     System Dictionary                 6 us
[165.156s][info][gc,stats    ]     Weak Class Links                  0 us
[165.156s][info][gc,stats    ]     Code Roots                     2061 us
[165.156s][info][gc,stats    ]   Rendezvous                         61 us
[165.156s][info][gc,stats    ]   Purge Unlinked                    111 us
[165.156s][info][gc,stats    ]     Code Roots                      105 us
[165.156s][info][gc,stats    ]     CLDG                              6 us
[165.156s][info][gc,stats    ]     Exception Caches                  0 us
[165.156s][info][gc,stats    ] Pause Final Roots (G)               104 us
[165.156s][info][gc,stats    ] Pause Final Roots (N)                51 us
[165.156s][info][gc,stats    ] 
[165.156s][info][gc,stats    ] Allocation pacing accrued:
[165.156s][info][gc,stats    ]       0 of   474 ms (  0.0%): <total>
[165.156s][info][gc,stats    ]       0 of   474 ms (  0.0%): <average total>
[165.156s][info][gc,stats    ] 
[165.156s][info][gc,metaspace] Metaspace: 9018K(9280K)->9018K(9280K) NonClass: 7845K(8000K)->7845K(8000K) Class: 1172K(1280K)->1172K(1280K)
[165.156s][info][gc,ergo     ] Pacer for Idle. Initial: 83886K, Alloc Tax Rate: 1.0x
[165.608s][info][gc          ] Trigger: Learning 4 of 5. Free (2836M) is below initial threshold (2867M)
[165.608s][info][gc,ergo     ] Free: 2836M, Max: 2048K regular, 1724M humongous, Frag: 40% external, 0% internal; Reserve: 206M, Max: 2048K
[165.608s][info][gc,start    ] GC(233) Concurrent reset
[165.608s][info][gc,task     ] GC(233) Using 1 of 3 workers for concurrent reset
[165.609s][info][gc,ergo     ] GC(233) Pacer for Reset. Non-Taxable: 4096M
[165.609s][info][gc          ] GC(233) Concurrent reset 0.622ms
[165.609s][info][gc,start    ] GC(233) Pause Init Mark (unload classes)
[165.609s][info][gc,task     ] GC(233) Using 3 of 3 workers for init marking
[165.609s][info][gc,ergo     ] GC(233) Pacer for Mark. Expected Live: 9461K, Free: 2834M, Non-Taxable: 283M, Alloc Tax Rate: 0.0x
[165.609s][info][gc          ] GC(233) Pause Init Mark (unload classes) 0.238ms
[165.610s][info][gc,start    ] GC(233) Concurrent marking roots
[165.610s][info][gc,task     ] GC(233) Using 1 of 3 workers for concurrent marking roots
[165.610s][info][gc          ] GC(233) Concurrent marking roots 0.447ms
[165.610s][info][gc,start    ] GC(233) Concurrent marking (unload classes)
[165.610s][info][gc,task     ] GC(233) Using 1 of 3 workers for concurrent marking
[165.627s][info][gc          ] GC(233) Concurrent marking (unload classes) 17.270ms
[165.627s][info][gc,start    ] GC(233) Pause Final Mark (unload classes)
[165.627s][info][gc,task     ] GC(233) Using 3 of 3 workers for final marking
[165.628s][info][gc,ergo     ] GC(233) Collectable Garbage: 986M (94%), Immediate: 986M (94%), CSet: 0B (0%)
[165.628s][info][gc          ] GC(233) Pause Final Mark (unload classes) 0.247ms
[165.628s][info][gc,start    ] GC(233) Concurrent weak references
[165.628s][info][gc,task     ] GC(233) Using 1 of 3 workers for concurrent weak references
[165.628s][info][gc,ref      ] GC(233) Encountered references: Soft: 144, Weak: 702, Final: 0, Phantom: 27
[165.628s][info][gc,ref      ] GC(233) Discovered  references: Soft: 0, Weak: 150, Final: 0, Phantom: 12
[165.628s][info][gc,ref      ] GC(233) Enqueued    references: Soft: 0, Weak: 0, Final: 0, Phantom: 0
[165.628s][info][gc          ] GC(233) Concurrent weak references 0.115ms
[165.628s][info][gc,start    ] GC(233) Concurrent weak roots
[165.628s][info][gc,task     ] GC(233) Using 1 of 3 workers for concurrent weak root
[165.628s][info][gc          ] GC(233) Concurrent weak roots 0.566ms
[165.628s][info][gc,start    ] GC(233) Concurrent cleanup
[165.628s][info][gc          ] GC(233) Concurrent cleanup 1094M->108M(4096M) 0.043ms
[165.628s][info][gc,ergo     ] GC(233) Free: 3782M, Max: 2048K regular, 1706M humongous, Frag: 55% external, 0% internal; Reserve: 206M, Max: 2048K
[165.628s][info][gc,start    ] GC(233) Concurrent class unloading
[165.628s][info][gc,task     ] GC(233) Using 1 of 3 workers for concurrent class unloading
[165.630s][info][gc          ] GC(233) Concurrent class unloading 1.947ms
[165.631s][info][gc,start    ] GC(233) Pause Final Roots
[165.631s][info][gc          ] GC(233) Pause Final Roots 0.020ms
[165.631s][info][gc,ergo     ] Free: 3778M, Max: 2048K regular, 1706M humongous, Frag: 55% external, 0% internal; Reserve: 206M, Max: 2048K
[165.631s][info][gc,stats    ] 
[165.631s][info][gc,stats    ] All times are wall-clock times, except per-root-class counters, that are sum over
[165.631s][info][gc,stats    ] all workers. Dividing the <total> over the root stage time estimates parallelism.
[165.631s][info][gc,stats    ] 
[165.631s][info][gc,stats    ] Concurrent Reset                    682 us
[165.631s][info][gc,stats    ] Pause Init Mark (G)                 411 us
[165.631s][info][gc,stats    ] Pause Init Mark (N)                 257 us
[165.631s][info][gc,stats    ]   Update Region States              109 us
[165.631s][info][gc,stats    ] Concurrent Mark Roots               465 us, parallelism: 0.78x
[165.631s][info][gc,stats    ]   CMR: <total>                      361 us
[165.631s][info][gc,stats    ]   CMR: Thread Roots                 319 us, workers (us): 319, ---, ---, 
[165.631s][info][gc,stats    ]   CMR: VM Strong Roots                5 us, workers (us):   5, ---, ---, 
[165.631s][info][gc,stats    ]   CMR: CLDG Roots                    37 us, workers (us):  37, ---, ---, 
[165.631s][info][gc,stats    ] Concurrent Marking                17332 us
[165.631s][info][gc,stats    ] Pause Final Mark (G)                345 us
[165.631s][info][gc,stats    ] Pause Final Mark (N)                264 us
[165.631s][info][gc,stats    ]   Finish Mark                        81 us
[165.631s][info][gc,stats    ]   Update Region States               71 us
[165.631s][info][gc,stats    ]   Choose Collection Set              43 us
[165.631s][info][gc,stats    ]   Rebuild Free Set                    7 us
[165.631s][info][gc,stats    ] Concurrent Weak References          122 us, parallelism: 0.05x
[165.631s][info][gc,stats    ]   CWRF: <total>                       6 us
[165.631s][info][gc,stats    ]   CWRF: Weak References               6 us, workers (us):   6, ---, ---, 
[165.631s][info][gc,stats    ] Concurrent Weak Roots               584 us
[165.631s][info][gc,stats    ]   Roots                             471 us, parallelism: 0.89x
[165.631s][info][gc,stats    ]     CWR: <total>                    417 us
[165.631s][info][gc,stats    ]     CWR: Code Cache Roots           348 us, workers (us): 348, ---, ---, 
[165.631s][info][gc,stats    ]     CWR: VM Weak Roots               62 us, workers (us):  62, ---, ---, 
[165.631s][info][gc,stats    ]     CWR: CLDG Roots                   7 us, workers (us):   7, ---, ---, 
[165.631s][info][gc,stats    ]   Rendezvous                         79 us
[165.631s][info][gc,stats    ] Concurrent Cleanup                   52 us
[165.631s][info][gc,stats    ] Concurrent Class Unloading         1986 us
[165.631s][info][gc,stats    ]   Unlink Stale                     1751 us
[165.631s][info][gc,stats    ]     System Dictionary                 3 us
[165.631s][info][gc,stats    ]     Weak Class Links                  1 us
[165.631s][info][gc,stats    ]     Code Roots                     1746 us
[165.631s][info][gc,stats    ]   Rendezvous                         54 us
[165.631s][info][gc,stats    ]   Purge Unlinked                    125 us
[165.631s][info][gc,stats    ]     Code Roots                      119 us
[165.631s][info][gc,stats    ]     CLDG                              5 us
[165.631s][info][gc,stats    ]     Exception Caches                  0 us
[165.631s][info][gc,stats    ] Pause Final Roots (G)                92 us
[165.631s][info][gc,stats    ] Pause Final Roots (N)                28 us
[165.631s][info][gc,stats    ] 
[165.631s][info][gc,stats    ] Allocation pacing accrued:
[165.631s][info][gc,stats    ]       0 of   475 ms (  0.0%): <total>
[165.631s][info][gc,stats    ]       0 of   475 ms (  0.0%): <average total>
[165.631s][info][gc,stats    ] 
[165.631s][info][gc,metaspace] Metaspace: 9018K(9280K)->9018K(9280K) NonClass: 7845K(8000K)->7845K(8000K) Class: 1172K(1280K)->1172K(1280K)
[165.631s][info][gc,ergo     ] Pacer for Idle. Initial: 83886K, Alloc Tax Rate: 1.0x
[166.064s][info][gc          ] Trigger: Learning 5 of 5. Free (2846M) is below initial threshold (2867M)
[166.064s][info][gc,ergo     ] Free: 2846M, Max: 2048K regular, 1706M humongous, Frag: 41% external, 0% internal; Reserve: 206M, Max: 2048K
[166.064s][info][gc,start    ] GC(234) Concurrent reset
[166.064s][info][gc,task     ] GC(234) Using 1 of 3 workers for concurrent reset
[166.064s][info][gc,ergo     ] GC(234) Pacer for Reset. Non-Taxable: 4096M
[166.065s][info][gc          ] GC(234) Concurrent reset 0.648ms
[166.065s][info][gc,start    ] GC(234) Pause Init Mark (unload classes)
[166.065s][info][gc,task     ] GC(234) Using 3 of 3 workers for init marking
[166.065s][info][gc,ergo     ] GC(234) Pacer for Mark. Expected Live: 9458K, Free: 2844M, Non-Taxable: 284M, Alloc Tax Rate: 0.0x
[166.065s][info][gc          ] GC(234) Pause Init Mark (unload classes) 0.170ms
[166.065s][info][gc,start    ] GC(234) Concurrent marking roots
[166.065s][info][gc,task     ] GC(234) Using 1 of 3 workers for concurrent marking roots
[166.065s][info][gc          ] GC(234) Concurrent marking roots 0.415ms
[166.065s][info][gc,start    ] GC(234) Concurrent marking (unload classes)
[166.065s][info][gc,task     ] GC(234) Using 1 of 3 workers for concurrent marking
[166.087s][info][gc          ] GC(234) Concurrent marking (unload classes) 21.368ms
[166.087s][info][gc,start    ] GC(234) Pause Final Mark (unload classes)
[166.087s][info][gc,task     ] GC(234) Using 3 of 3 workers for final marking
[166.087s][info][gc,ergo     ] GC(234) Collectable Garbage: 964M (93%), Immediate: 964M (93%), CSet: 0B (0%)
[166.087s][info][gc          ] GC(234) Pause Final Mark (unload classes) 0.375ms
[166.087s][info][gc,start    ] GC(234) Concurrent weak references
[166.087s][info][gc,task     ] GC(234) Using 1 of 3 workers for concurrent weak references
[166.087s][info][gc,ref      ] GC(234) Encountered references: Soft: 144, Weak: 702, Final: 0, Phantom: 27
[166.087s][info][gc,ref      ] GC(234) Discovered  references: Soft: 0, Weak: 150, Final: 0, Phantom: 12
[166.087s][info][gc,ref      ] GC(234) Enqueued    references: Soft: 0, Weak: 0, Final: 0, Phantom: 0
[166.087s][info][gc          ] GC(234) Concurrent weak references 0.157ms
[166.087s][info][gc,start    ] GC(234) Concurrent weak roots
[166.087s][info][gc,task     ] GC(234) Using 1 of 3 workers for concurrent weak root
[166.088s][info][gc          ] GC(234) Concurrent weak roots 0.596ms
[166.088s][info][gc,start    ] GC(234) Concurrent cleanup
[166.088s][info][gc          ] GC(234) Concurrent cleanup 1094M->130M(4096M) 0.046ms
[166.088s][info][gc,ergo     ] GC(234) Free: 3760M, Max: 2048K regular, 1724M humongous, Frag: 55% external, 0% internal; Reserve: 206M, Max: 2048K
[166.088s][info][gc,start    ] GC(234) Concurrent class unloading
[166.088s][info][gc,task     ] GC(234) Using 1 of 3 workers for concurrent class unloading
[166.091s][info][gc          ] GC(234) Concurrent class unloading 2.643ms
[166.091s][info][gc,start    ] GC(234) Pause Final Roots
[166.091s][info][gc          ] GC(234) Pause Final Roots 0.040ms
[166.091s][info][gc,ergo     ] Free: 3754M, Max: 2048K regular, 1724M humongous, Frag: 55% external, 0% internal; Reserve: 206M, Max: 2048K
[166.091s][info][gc,stats    ] 
[166.091s][info][gc,stats    ] All times are wall-clock times, except per-root-class counters, that are sum over
[166.091s][info][gc,stats    ] all workers. Dividing the <total> over the root stage time estimates parallelism.
[166.091s][info][gc,stats    ] 
[166.091s][info][gc,stats    ] Concurrent Reset                    691 us
[166.091s][info][gc,stats    ] Pause Init Mark (G)                 304 us
[166.091s][info][gc,stats    ] Pause Init Mark (N)                 187 us
[166.091s][info][gc,stats    ]   Update Region States               66 us
[166.091s][info][gc,stats    ] Concurrent Mark Roots               434 us, parallelism: 0.76x
[166.091s][info][gc,stats    ]   CMR: <total>                      330 us
[166.091s][info][gc,stats    ]   CMR: Thread Roots                 291 us, workers (us): 291, ---, ---, 
[166.091s][info][gc,stats    ]   CMR: VM Strong Roots                5 us, workers (us):   5, ---, ---, 
[166.091s][info][gc,stats    ]   CMR: CLDG Roots                    34 us, workers (us):  34, ---, ---, 
[166.091s][info][gc,stats    ] Concurrent Marking                21430 us
[166.091s][info][gc,stats    ] Pause Final Mark (G)                514 us
[166.091s][info][gc,stats    ] Pause Final Mark (N)                394 us
[166.091s][info][gc,stats    ]   Finish Mark                       153 us
[166.091s][info][gc,stats    ]   Update Region States               74 us
[166.091s][info][gc,stats    ]   Choose Collection Set              63 us
[166.091s][info][gc,stats    ]   Rebuild Free Set                   17 us
[166.091s][info][gc,stats    ] Concurrent Weak References          173 us, parallelism: 0.03x
[166.091s][info][gc,stats    ]   CWRF: <total>                       4 us
[166.091s][info][gc,stats    ]   CWRF: Weak References               4 us, workers (us):   4, ---, ---, 
[166.091s][info][gc,stats    ] Concurrent Weak Roots               620 us
[166.091s][info][gc,stats    ]   Roots                             486 us, parallelism: 0.89x
[166.091s][info][gc,stats    ]     CWR: <total>                    431 us
[166.091s][info][gc,stats    ]     CWR: Code Cache Roots           361 us, workers (us): 361, ---, ---, 
[166.091s][info][gc,stats    ]     CWR: VM Weak Roots               65 us, workers (us):  65, ---, ---, 
[166.091s][info][gc,stats    ]     CWR: CLDG Roots                   5 us, workers (us):   5, ---, ---, 
[166.091s][info][gc,stats    ]   Rendezvous                         79 us
[166.091s][info][gc,stats    ] Concurrent Cleanup                   55 us
[166.092s][info][gc,stats    ] Concurrent Class Unloading         2696 us
[166.092s][info][gc,stats    ]   Unlink Stale                     2289 us
[166.092s][info][gc,stats    ]     System Dictionary                 3 us
[166.092s][info][gc,stats    ]     Weak Class Links                  0 us
[166.092s][info][gc,stats    ]     Code Roots                     2284 us
[166.092s][info][gc,stats    ]   Rendezvous                        221 us
[166.092s][info][gc,stats    ]   Purge Unlinked                    115 us
[166.092s][info][gc,stats    ]     Code Roots                      106 us
[166.092s][info][gc,stats    ]     CLDG                              9 us
[166.092s][info][gc,stats    ]     Exception Caches                  0 us
[166.092s][info][gc,stats    ] Pause Final Roots (G)               167 us
[166.092s][info][gc,stats    ] Pause Final Roots (N)                57 us
[166.092s][info][gc,stats    ] 
[166.092s][info][gc,stats    ] Allocation pacing accrued:
[166.092s][info][gc,stats    ]       0 of   460 ms (  0.0%): <total>
[166.092s][info][gc,stats    ]       0 of   460 ms (  0.0%): <average total>
[166.092s][info][gc,stats    ] 
[166.092s][info][gc,metaspace] Metaspace: 9018K(9280K)->9018K(9280K) NonClass: 7845K(8000K)->7845K(8000K) Class: 1172K(1280K)->1172K(1280K)
[166.092s][info][gc,ergo     ] Pacer for Idle. Initial: 83886K, Alloc Tax Rate: 1.0x
[167.728s][info][gc          ] Trigger: Explicit GC request (System.gc())
[167.728s][info][gc,ergo     ] Free: 952M, Max: 2048K regular, 952M humongous, Frag: 0% external, 0% internal; Reserve: 206M, Max: 2048K
[167.728s][info][gc,start    ] GC(235) Concurrent reset
[167.728s][info][gc,task     ] GC(235) Using 1 of 3 workers for concurrent reset
[167.728s][info][gc,ergo     ] GC(235) Pacer for Reset. Non-Taxable: 4096M
[167.729s][info][gc          ] GC(235) Concurrent reset 0.596ms
[167.729s][info][gc,start    ] GC(235) Pause Init Mark (unload classes)
[167.729s][info][gc,task     ] GC(235) Using 3 of 3 workers for init marking
[167.729s][info][gc,ref      ] GC(235) Clearing All SoftReferences
[167.729s][info][gc,ergo     ] GC(235) Pacer for Mark. Expected Live: 9456K, Free: 952M, Non-Taxable: 97484K, Alloc Tax Rate: 0.0x
[167.729s][info][gc          ] GC(235) Pause Init Mark (unload classes) 0.176ms
[167.729s][info][gc,start    ] GC(235) Concurrent marking roots
[167.729s][info][gc,task     ] GC(235) Using 1 of 3 workers for concurrent marking roots
[167.730s][info][gc          ] GC(235) Concurrent marking roots 0.629ms
[167.730s][info][gc,start    ] GC(235) Concurrent marking (unload classes)
[167.730s][info][gc,task     ] GC(235) Using 1 of 3 workers for concurrent marking
[167.734s][info][gc          ] GC(235) Concurrent marking (unload classes) 3.718ms
[167.734s][info][gc,start    ] GC(235) Pause Final Mark (unload classes)
[167.734s][info][gc,task     ] GC(235) Using 3 of 3 workers for final marking
[167.734s][info][gc,ergo     ] GC(235) Collectable Garbage: 2897M (98%), Immediate: 2897M (98%), CSet: 0B (0%)
[167.734s][info][gc          ] GC(235) Pause Final Mark (unload classes) 0.277ms
[167.734s][info][gc,start    ] GC(235) Concurrent weak references
[167.734s][info][gc,task     ] GC(235) Using 1 of 3 workers for concurrent weak references
[167.734s][info][gc,ref      ] GC(235) Encountered references: Soft: 144, Weak: 702, Final: 0, Phantom: 27
[167.734s][info][gc,ref      ] GC(235) Discovered  references: Soft: 88, Weak: 168, Final: 0, Phantom: 25
[167.734s][info][gc,ref      ] GC(235) Enqueued    references: Soft: 3, Weak: 0, Final: 0, Phantom: 0
[167.734s][info][gc          ] GC(235) Concurrent weak references 0.239ms
[167.734s][info][gc,start    ] GC(235) Concurrent weak roots
[167.734s][info][gc,task     ] GC(235) Using 1 of 3 workers for concurrent weak root
[167.735s][info][gc          ] GC(235) Concurrent weak roots 0.527ms
[167.735s][info][gc,start    ] GC(235) Concurrent cleanup
[167.735s][info][gc          ] GC(235) Concurrent cleanup 2937M->40M(4096M) 0.109ms
[167.735s][info][gc,ergo     ] GC(235) Free: 3850M, Max: 2048K regular, 2720M humongous, Frag: 30% external, 0% internal; Reserve: 206M, Max: 2048K
[167.735s][info][gc,start    ] GC(235) Concurrent class unloading
[167.735s][info][gc,task     ] GC(235) Using 1 of 3 workers for concurrent class unloading
[167.737s][info][gc          ] GC(235) Concurrent class unloading 2.189ms
[167.737s][info][gc,start    ] GC(235) Pause Final Roots
[167.737s][info][gc          ] GC(235) Pause Final Roots 0.026ms
[167.737s][info][gc,ergo     ] Free: 3850M, Max: 2048K regular, 2720M humongous, Frag: 30% external, 0% internal; Reserve: 206M, Max: 2048K
[167.737s][info][gc,stats    ] 
[167.737s][info][gc,stats    ] All times are wall-clock times, except per-root-class counters, that are sum over
[167.737s][info][gc,stats    ] all workers. Dividing the <total> over the root stage time estimates parallelism.
[167.737s][info][gc,stats    ] 
[167.737s][info][gc,stats    ] Concurrent Reset                    637 us
[167.737s][info][gc,stats    ] Pause Init Mark (G)                 268 us
[167.737s][info][gc,stats    ] Pause Init Mark (N)                 193 us
[167.737s][info][gc,stats    ]   Update Region States               59 us
[167.737s][info][gc,stats    ] Concurrent Mark Roots               647 us, parallelism: 0.82x
[167.737s][info][gc,stats    ]   CMR: <total>                      528 us
[167.737s][info][gc,stats    ]   CMR: Thread Roots                 461 us, workers (us): 461, ---, ---, 
[167.737s][info][gc,stats    ]   CMR: VM Strong Roots                6 us, workers (us):   6, ---, ---, 
[167.738s][info][gc,stats    ]   CMR: CLDG Roots                    61 us, workers (us):  61, ---, ---, 
[167.738s][info][gc,stats    ] Concurrent Marking                 3771 us
[167.738s][info][gc,stats    ] Pause Final Mark (G)                367 us
[167.738s][info][gc,stats    ] Pause Final Mark (N)                297 us
[167.738s][info][gc,stats    ]   Finish Mark                        80 us
[167.738s][info][gc,stats    ]   Update Region States               51 us
[167.738s][info][gc,stats    ]   Choose Collection Set              71 us
[167.738s][info][gc,stats    ]   Rebuild Free Set                   20 us
[167.738s][info][gc,stats    ] Concurrent Weak References          256 us, parallelism: 0.06x
[167.738s][info][gc,stats    ]   CWRF: <total>                      16 us
[167.738s][info][gc,stats    ]   CWRF: Weak References              16 us, workers (us):  16, ---, ---, 
[167.738s][info][gc,stats    ] Concurrent Weak Roots               548 us
[167.738s][info][gc,stats    ]   Roots                             462 us, parallelism: 0.84x
[167.738s][info][gc,stats    ]     CWR: <total>                    389 us
[167.738s][info][gc,stats    ]     CWR: Code Cache Roots           324 us, workers (us): 324, ---, ---, 
[167.738s][info][gc,stats    ]     CWR: VM Weak Roots               61 us, workers (us):  61, ---, ---, 
[167.738s][info][gc,stats    ]     CWR: CLDG Roots                   4 us, workers (us):   4, ---, ---, 
[167.738s][info][gc,stats    ]   Rendezvous                         32 us
[167.738s][info][gc,stats    ] Concurrent Cleanup                  117 us
[167.738s][info][gc,stats    ] Concurrent Class Unloading         2238 us
[167.738s][info][gc,stats    ]   Unlink Stale                     2019 us
[167.738s][info][gc,stats    ]     System Dictionary                 3 us
[167.738s][info][gc,stats    ]     Weak Class Links                  0 us
[167.738s][info][gc,stats    ]     Code Roots                     2014 us
[167.738s][info][gc,stats    ]   Rendezvous                         40 us
[167.738s][info][gc,stats    ]   Purge Unlinked                    112 us
[167.738s][info][gc,stats    ]     Code Roots                      103 us
[167.738s][info][gc,stats    ]     CLDG                              8 us
[167.738s][info][gc,stats    ]     Exception Caches                  0 us
[167.738s][info][gc,stats    ] Pause Final Roots (G)                90 us
[167.738s][info][gc,stats    ] Pause Final Roots (N)                35 us
[167.738s][info][gc,stats    ] 
[167.738s][info][gc,stats    ] Allocation pacing accrued:
[167.738s][info][gc,stats    ]       0 of  1646 ms (  0.0%): <total>
[167.738s][info][gc,stats    ]       0 of  1646 ms (  0.0%): <average total>
[167.738s][info][gc,stats    ] 
[167.738s][info][gc,metaspace] Metaspace: 9018K(9280K)->9018K(9280K) NonClass: 7845K(8000K)->7845K(8000K) Class: 1172K(1280K)->1172K(1280K)
[167.738s][info][gc,ergo     ] Pacer for Idle. Initial: 83886K, Alloc Tax Rate: 1.0x
[168.199s][info][gc          ] Trigger: Learning 2 of 5. Free (2854M) is below initial threshold (2867M)
[168.199s][info][gc,ergo     ] Free: 2852M, Max: 2048K regular, 1764M humongous, Frag: 39% external, 0% internal; Reserve: 206M, Max: 2048K
[168.200s][info][gc,start    ] GC(236) Concurrent reset
[168.200s][info][gc,task     ] GC(236) Using 1 of 3 workers for concurrent reset
[168.200s][info][gc,ergo     ] GC(236) Pacer for Reset. Non-Taxable: 4096M
[168.200s][info][gc          ] GC(236) Concurrent reset 0.406ms
[168.200s][info][gc,start    ] GC(236) Pause Init Mark (unload classes)
[168.200s][info][gc,task     ] GC(236) Using 3 of 3 workers for init marking
[168.200s][info][gc,ergo     ] GC(236) Pacer for Mark. Expected Live: 9456K, Free: 2852M, Non-Taxable: 285M, Alloc Tax Rate: 0.0x
[168.200s][info][gc          ] GC(236) Pause Init Mark (unload classes) 0.226ms
[168.200s][info][gc,start    ] GC(236) Concurrent marking roots
[168.200s][info][gc,task     ] GC(236) Using 1 of 3 workers for concurrent marking roots
[168.201s][info][gc          ] GC(236) Concurrent marking roots 0.452ms
[168.201s][info][gc,start    ] GC(236) Concurrent marking (unload classes)
[168.201s][info][gc,task     ] GC(236) Using 1 of 3 workers for concurrent marking
[168.209s][info][gc          ] GC(236) Concurrent marking (unload classes) 8.543ms
[168.210s][info][gc,start    ] GC(236) Pause Final Mark (unload classes)
[168.210s][info][gc,task     ] GC(236) Using 3 of 3 workers for final marking
[168.210s][info][gc,ergo     ] GC(236) Collectable Garbage: 978M (94%), Immediate: 978M (94%), CSet: 0B (0%)
[168.210s][info][gc          ] GC(236) Pause Final Mark (unload classes) 0.367ms
[168.210s][info][gc,start    ] GC(236) Concurrent weak references
[168.210s][info][gc,task     ] GC(236) Using 1 of 3 workers for concurrent weak references
[168.210s][info][gc,ref      ] GC(236) Encountered references: Soft: 144, Weak: 702, Final: 0, Phantom: 27
[168.210s][info][gc,ref      ] GC(236) Discovered  references: Soft: 0, Weak: 150, Final: 0, Phantom: 12
[168.210s][info][gc,ref      ] GC(236) Enqueued    references: Soft: 0, Weak: 0, Final: 0, Phantom: 0
[168.210s][info][gc          ] GC(236) Concurrent weak references 0.113ms
[168.210s][info][gc,start    ] GC(236) Concurrent weak roots
[168.210s][info][gc,task     ] GC(236) Using 1 of 3 workers for concurrent weak root
[168.211s][info][gc          ] GC(236) Concurrent weak roots 0.579ms
[168.211s][info][gc,start    ] GC(236) Concurrent cleanup
[168.211s][info][gc          ] GC(236) Concurrent cleanup 1058M->80M(4096M) 0.043ms
[168.211s][info][gc,ergo     ] GC(236) Free: 3810M, Max: 2048K regular, 1744M humongous, Frag: 55% external, 0% internal; Reserve: 206M, Max: 2048K
[168.211s][info][gc,start    ] GC(236) Concurrent class unloading
[168.211s][info][gc,task     ] GC(236) Using 1 of 3 workers for concurrent class unloading
[168.213s][info][gc          ] GC(236) Concurrent class unloading 2.108ms
[168.213s][info][gc,start    ] GC(236) Pause Final Roots
[168.213s][info][gc          ] GC(236) Pause Final Roots 0.040ms
[168.213s][info][gc,ergo     ] Free: 3804M, Max: 2048K regular, 1744M humongous, Frag: 55% external, 0% internal; Reserve: 206M, Max: 2048K
[168.213s][info][gc,stats    ] 
[168.213s][info][gc,stats    ] All times are wall-clock times, except per-root-class counters, that are sum over
[168.213s][info][gc,stats    ] all workers. Dividing the <total> over the root stage time estimates parallelism.
[168.213s][info][gc,stats    ] 
[168.213s][info][gc,stats    ] Concurrent Reset                    445 us
[168.213s][info][gc,stats    ] Pause Init Mark (G)                 425 us
[168.213s][info][gc,stats    ] Pause Init Mark (N)                 248 us
[168.213s][info][gc,stats    ]   Update Region States               89 us
[168.213s][info][gc,stats    ] Concurrent Mark Roots               472 us, parallelism: 0.72x
[168.213s][info][gc,stats    ]   CMR: <total>                      338 us
[168.213s][info][gc,stats    ]   CMR: Thread Roots                 297 us, workers (us): 297, ---, ---, 
[168.213s][info][gc,stats    ]   CMR: VM Strong Roots                5 us, workers (us):   5, ---, ---, 
[168.213s][info][gc,stats    ]   CMR: CLDG Roots                    36 us, workers (us):  36, ---, ---, 
[168.213s][info][gc,stats    ] Concurrent Marking                 8610 us
[168.213s][info][gc,stats    ] Pause Final Mark (G)                505 us
[168.213s][info][gc,stats    ] Pause Final Mark (N)                386 us
[168.213s][info][gc,stats    ]   Finish Mark                       118 us
[168.213s][info][gc,stats    ]   Update Region States               90 us
[168.213s][info][gc,stats    ]   Choose Collection Set              63 us
[168.213s][info][gc,stats    ]   Rebuild Free Set                   17 us
[168.213s][info][gc,stats    ] Concurrent Weak References          120 us, parallelism: 0.04x
[168.214s][info][gc,stats    ]   CWRF: <total>                       5 us
[168.214s][info][gc,stats    ]   CWRF: Weak References               5 us, workers (us):   5, ---, ---, 
[168.214s][info][gc,stats    ] Concurrent Weak Roots               598 us
[168.214s][info][gc,stats    ]   Roots                             483 us, parallelism: 0.89x
[168.214s][info][gc,stats    ]     CWR: <total>                    430 us
[168.214s][info][gc,stats    ]     CWR: Code Cache Roots           362 us, workers (us): 362, ---, ---, 
[168.214s][info][gc,stats    ]     CWR: VM Weak Roots               63 us, workers (us):  63, ---, ---, 
[168.214s][info][gc,stats    ]     CWR: CLDG Roots                   5 us, workers (us):   5, ---, ---, 
[168.214s][info][gc,stats    ]   Rendezvous                         80 us
[168.214s][info][gc,stats    ] Concurrent Cleanup                   51 us
[168.214s][info][gc,stats    ] Concurrent Class Unloading         2157 us
[168.214s][info][gc,stats    ]   Unlink Stale                     1784 us
[168.214s][info][gc,stats    ]     System Dictionary                 3 us
[168.214s][info][gc,stats    ]     Weak Class Links                  0 us
[168.214s][info][gc,stats    ]     Code Roots                     1780 us
[168.214s][info][gc,stats    ]   Rendezvous                        127 us
[168.214s][info][gc,stats    ]   Purge Unlinked                    179 us
[168.214s][info][gc,stats    ]     Code Roots                      170 us
[168.214s][info][gc,stats    ]     CLDG                              8 us
[168.214s][info][gc,stats    ]     Exception Caches                  0 us
[168.214s][info][gc,stats    ] Pause Final Roots (G)               181 us
[168.214s][info][gc,stats    ] Pause Final Roots (N)                58 us
[168.214s][info][gc,stats    ] 
[168.214s][info][gc,stats    ] Allocation pacing accrued:
[168.214s][info][gc,stats    ]       0 of   476 ms (  0.0%): <total>
[168.214s][info][gc,stats    ]       0 of   476 ms (  0.0%): <average total>
[168.214s][info][gc,stats    ] 
[168.214s][info][gc,metaspace] Metaspace: 9018K(9280K)->9018K(9280K) NonClass: 7845K(8000K)->7845K(8000K) Class: 1172K(1280K)->1172K(1280K)
[168.214s][info][gc,ergo     ] Pacer for Idle. Initial: 83886K, Alloc Tax Rate: 1.0x
[168.670s][info][gc          ] Trigger: Learning 3 of 5. Free (2842M) is below initial threshold (2867M)
[168.671s][info][gc,ergo     ] Free: 2842M, Max: 2048K regular, 1744M humongous, Frag: 39% external, 0% internal; Reserve: 206M, Max: 2048K
[168.671s][info][gc,start    ] GC(237) Concurrent reset
[168.671s][info][gc,task     ] GC(237) Using 1 of 3 workers for concurrent reset
[168.671s][info][gc,ergo     ] GC(237) Pacer for Reset. Non-Taxable: 4096M
[168.671s][info][gc          ] GC(237) Concurrent reset 0.519ms
[168.671s][info][gc,start    ] GC(237) Pause Init Mark (unload classes)
[168.671s][info][gc,task     ] GC(237) Using 3 of 3 workers for init marking
[168.671s][info][gc,ergo     ] GC(237) Pacer for Mark. Expected Live: 9456K, Free: 2840M, Non-Taxable: 284M, Alloc Tax Rate: 0.0x
[168.671s][info][gc          ] GC(237) Pause Init Mark (unload classes) 0.166ms
[168.672s][info][gc,start    ] GC(237) Concurrent marking roots
[168.672s][info][gc,task     ] GC(237) Using 1 of 3 workers for concurrent marking roots
[168.672s][info][gc          ] GC(237) Concurrent marking roots 0.746ms
[168.672s][info][gc,start    ] GC(237) Concurrent marking (unload classes)
[168.672s][info][gc,task     ] GC(237) Using 1 of 3 workers for concurrent marking
[168.685s][info][gc          ] GC(237) Concurrent marking (unload classes) 13.080ms
[168.686s][info][gc,start    ] GC(237) Pause Final Mark (unload classes)
[168.686s][info][gc,task     ] GC(237) Using 3 of 3 workers for final marking
[168.686s][info][gc,ergo     ] GC(237) Collectable Garbage: 986M (94%), Immediate: 986M (94%), CSet: 0B (0%)
[168.686s][info][gc          ] GC(237) Pause Final Mark (unload classes) 0.226ms
[168.686s][info][gc,start    ] GC(237) Concurrent weak references
[168.686s][info][gc,task     ] GC(237) Using 1 of 3 workers for concurrent weak references
[168.686s][info][gc,ref      ] GC(237) Encountered references: Soft: 144, Weak: 702, Final: 0, Phantom: 27
[168.686s][info][gc,ref      ] GC(237) Discovered  references: Soft: 0, Weak: 150, Final: 0, Phantom: 12
[168.686s][info][gc,ref      ] GC(237) Enqueued    references: Soft: 0, Weak: 0, Final: 0, Phantom: 0
[168.686s][info][gc          ] GC(237) Concurrent weak references 0.265ms
[168.686s][info][gc,start    ] GC(237) Concurrent weak roots
[168.686s][info][gc,task     ] GC(237) Using 1 of 3 workers for concurrent weak root
[168.687s][info][gc          ] GC(237) Concurrent weak roots 0.695ms
[168.687s][info][gc,start    ] GC(237) Concurrent cleanup
[168.687s][info][gc          ] GC(237) Concurrent cleanup 1082M->96M(4096M) 0.048ms
[168.687s][info][gc,ergo     ] GC(237) Free: 3794M, Max: 2048K regular, 1718M humongous, Frag: 55% external, 0% internal; Reserve: 206M, Max: 2048K
[168.687s][info][gc,start    ] GC(237) Concurrent class unloading
[168.687s][info][gc,task     ] GC(237) Using 1 of 3 workers for concurrent class unloading
[168.689s][info][gc          ] GC(237) Concurrent class unloading 1.939ms
[168.689s][info][gc,start    ] GC(237) Pause Final Roots
[168.689s][info][gc          ] GC(237) Pause Final Roots 0.029ms
[168.689s][info][gc,ergo     ] Free: 3790M, Max: 2048K regular, 1718M humongous, Frag: 55% external, 0% internal; Reserve: 206M, Max: 2048K
[168.689s][info][gc,stats    ] 
[168.689s][info][gc,stats    ] All times are wall-clock times, except per-root-class counters, that are sum over
[168.689s][info][gc,stats    ] all workers. Dividing the <total> over the root stage time estimates parallelism.
[168.689s][info][gc,stats    ] 
[168.689s][info][gc,stats    ] Concurrent Reset                    590 us
[168.689s][info][gc,stats    ] Pause Init Mark (G)                 348 us
[168.689s][info][gc,stats    ] Pause Init Mark (N)                 175 us
[168.689s][info][gc,stats    ]   Update Region States               84 us
[168.689s][info][gc,stats    ] Concurrent Mark Roots               776 us, parallelism: 0.83x
[168.689s][info][gc,stats    ]   CMR: <total>                      640 us
[168.689s][info][gc,stats    ]   CMR: Thread Roots                 570 us, workers (us): 570, ---, ---, 
[168.689s][info][gc,stats    ]   CMR: VM Strong Roots                6 us, workers (us):   6, ---, ---, 
[168.689s][info][gc,stats    ]   CMR: CLDG Roots                    64 us, workers (us):  64, ---, ---, 
[168.689s][info][gc,stats    ] Concurrent Marking                13147 us
[168.689s][info][gc,stats    ] Pause Final Mark (G)                337 us
[168.689s][info][gc,stats    ] Pause Final Mark (N)                243 us
[168.689s][info][gc,stats    ]   Finish Mark                        71 us
[168.689s][info][gc,stats    ]   Update Region States               46 us
[168.689s][info][gc,stats    ]   Choose Collection Set              45 us
[168.689s][info][gc,stats    ]   Rebuild Free Set                   16 us
[168.689s][info][gc,stats    ] Concurrent Weak References          282 us, parallelism: 0.03x
[168.689s][info][gc,stats    ]   CWRF: <total>                       8 us
[168.689s][info][gc,stats    ]   CWRF: Weak References               8 us, workers (us):   8, ---, ---, 
[168.689s][info][gc,stats    ] Concurrent Weak Roots               715 us
[168.689s][info][gc,stats    ]   Roots                             633 us, parallelism: 0.88x
[168.689s][info][gc,stats    ]     CWR: <total>                    555 us
[168.689s][info][gc,stats    ]     CWR: Code Cache Roots           435 us, workers (us): 435, ---, ---, 
[168.690s][info][gc,stats    ]     CWR: VM Weak Roots              114 us, workers (us): 114, ---, ---, 
[168.690s][info][gc,stats    ]     CWR: CLDG Roots                   6 us, workers (us):   6, ---, ---, 
[168.690s][info][gc,stats    ]   Rendezvous                         28 us
[168.690s][info][gc,stats    ] Concurrent Cleanup                   56 us
[168.690s][info][gc,stats    ] Concurrent Class Unloading         1993 us
[168.690s][info][gc,stats    ]   Unlink Stale                     1761 us
[168.690s][info][gc,stats    ]     System Dictionary                 3 us
[168.690s][info][gc,stats    ]     Weak Class Links                  0 us
[168.690s][info][gc,stats    ]     Code Roots                     1756 us
[168.690s][info][gc,stats    ]   Rendezvous                         44 us
[168.690s][info][gc,stats    ]   Purge Unlinked                    116 us
[168.690s][info][gc,stats    ]     Code Roots                      106 us
[168.690s][info][gc,stats    ]     CLDG                              9 us
[168.690s][info][gc,stats    ]     Exception Caches                  0 us
[168.690s][info][gc,stats    ] Pause Final Roots (G)               130 us
[168.690s][info][gc,stats    ] Pause Final Roots (N)                44 us
[168.690s][info][gc,stats    ] 
[168.690s][info][gc,stats    ] Allocation pacing accrued:
[168.690s][info][gc,stats    ]       0 of   476 ms (  0.0%): <total>
[168.690s][info][gc,stats    ]       0 of   476 ms (  0.0%): <average total>
[168.690s][info][gc,stats    ] 
[168.690s][info][gc,metaspace] Metaspace: 9018K(9280K)->9018K(9280K) NonClass: 7845K(8000K)->7845K(8000K) Class: 1172K(1280K)->1172K(1280K)
[168.690s][info][gc,ergo     ] Pacer for Idle. Initial: 83886K, Alloc Tax Rate: 1.0x
[169.126s][info][gc          ] Trigger: Learning 4 of 5. Free (2866M) is below initial threshold (2867M)
[169.126s][info][gc,ergo     ] Free: 2864M, Max: 2048K regular, 1718M humongous, Frag: 41% external, 0% internal; Reserve: 206M, Max: 2048K
[169.126s][info][gc,start    ] GC(238) Concurrent reset
[169.126s][info][gc,task     ] GC(238) Using 1 of 3 workers for concurrent reset
[169.126s][info][gc,ergo     ] GC(238) Pacer for Reset. Non-Taxable: 4096M
[169.126s][info][gc          ] GC(238) Concurrent reset 0.618ms
[169.127s][info][gc,start    ] GC(238) Pause Init Mark (unload classes)
[169.127s][info][gc,task     ] GC(238) Using 3 of 3 workers for init marking
[169.127s][info][gc,ergo     ] GC(238) Pacer for Mark. Expected Live: 9458K, Free: 2864M, Non-Taxable: 286M, Alloc Tax Rate: 0.0x
[169.127s][info][gc          ] GC(238) Pause Init Mark (unload classes) 0.174ms
[169.127s][info][gc,start    ] GC(238) Concurrent marking roots
[169.127s][info][gc,task     ] GC(238) Using 1 of 3 workers for concurrent marking roots
[169.127s][info][gc          ] GC(238) Concurrent marking roots 0.428ms
[169.127s][info][gc,start    ] GC(238) Concurrent marking (unload classes)
[169.127s][info][gc,task     ] GC(238) Using 1 of 3 workers for concurrent marking
[169.145s][info][gc          ] GC(238) Concurrent marking (unload classes) 17.765ms
[169.145s][info][gc,start    ] GC(238) Pause Final Mark (unload classes)
[169.145s][info][gc,task     ] GC(238) Using 3 of 3 workers for final marking
[169.145s][info][gc,ergo     ] GC(238) Collectable Garbage: 956M (94%), Immediate: 956M (94%), CSet: 0B (0%)
[169.145s][info][gc          ] GC(238) Pause Final Mark (unload classes) 0.252ms
[169.145s][info][gc,start    ] GC(238) Concurrent weak references
[169.145s][info][gc,task     ] GC(238) Using 1 of 3 workers for concurrent weak references
[169.145s][info][gc,ref      ] GC(238) Encountered references: Soft: 144, Weak: 702, Final: 0, Phantom: 27
[169.146s][info][gc,ref      ] GC(238) Discovered  references: Soft: 0, Weak: 150, Final: 0, Phantom: 12
[169.146s][info][gc,ref      ] GC(238) Enqueued    references: Soft: 0, Weak: 0, Final: 0, Phantom: 0
[169.146s][info][gc          ] GC(238) Concurrent weak references 0.143ms
[169.146s][info][gc,start    ] GC(238) Concurrent weak roots
[169.146s][info][gc,task     ] GC(238) Using 1 of 3 workers for concurrent weak root
[169.146s][info][gc          ] GC(238) Concurrent weak roots 0.554ms
[169.146s][info][gc,start    ] GC(238) Concurrent cleanup
[169.146s][info][gc          ] GC(238) Concurrent cleanup 1066M->110M(4096M) 0.043ms
[169.146s][info][gc,ergo     ] GC(238) Free: 3780M, Max: 2048K regular, 1760M humongous, Frag: 54% external, 0% internal; Reserve: 206M, Max: 2048K
[169.146s][info][gc,start    ] GC(238) Concurrent class unloading
[169.146s][info][gc,task     ] GC(238) Using 1 of 3 workers for concurrent class unloading
[169.149s][info][gc          ] GC(238) Concurrent class unloading 2.650ms
[169.149s][info][gc,start    ] GC(238) Pause Final Roots
[169.149s][info][gc          ] GC(238) Pause Final Roots 0.039ms
[169.149s][info][gc,ergo     ] Free: 3774M, Max: 2048K regular, 1760M humongous, Frag: 54% external, 0% internal; Reserve: 206M, Max: 2048K
[169.149s][info][gc,stats    ] 
[169.149s][info][gc,stats    ] All times are wall-clock times, except per-root-class counters, that are sum over
[169.149s][info][gc,stats    ] all workers. Dividing the <total> over the root stage time estimates parallelism.
[169.149s][info][gc,stats    ] 
[169.149s][info][gc,stats    ] Concurrent Reset                    684 us
[169.149s][info][gc,stats    ] Pause Init Mark (G)                 314 us
[169.149s][info][gc,stats    ] Pause Init Mark (N)                 191 us
[169.149s][info][gc,stats    ]   Update Region States               69 us
[169.149s][info][gc,stats    ] Concurrent Mark Roots               446 us, parallelism: 0.77x
[169.149s][info][gc,stats    ]   CMR: <total>                      343 us
[169.149s][info][gc,stats    ]   CMR: Thread Roots                 302 us, workers (us): 302, ---, ---, 
[169.149s][info][gc,stats    ]   CMR: VM Strong Roots                5 us, workers (us):   5, ---, ---, 
[169.149s][info][gc,stats    ]   CMR: CLDG Roots                    36 us, workers (us):  36, ---, ---, 
[169.149s][info][gc,stats    ] Concurrent Marking                17832 us
[169.149s][info][gc,stats    ] Pause Final Mark (G)                356 us
[169.149s][info][gc,stats    ] Pause Final Mark (N)                262 us
[169.149s][info][gc,stats    ]   Finish Mark                        84 us
[169.149s][info][gc,stats    ]   Update Region States               68 us
[169.149s][info][gc,stats    ]   Choose Collection Set              40 us
[169.149s][info][gc,stats    ]   Rebuild Free Set                    8 us
[169.149s][info][gc,stats    ] Concurrent Weak References          151 us, parallelism: 0.04x
[169.149s][info][gc,stats    ]   CWRF: <total>                       6 us
[169.149s][info][gc,stats    ]   CWRF: Weak References               6 us, workers (us):   6, ---, ---, 
[169.149s][info][gc,stats    ] Concurrent Weak Roots               572 us
[169.149s][info][gc,stats    ]   Roots                             485 us, parallelism: 0.89x
[169.149s][info][gc,stats    ]     CWR: <total>                    432 us
[169.149s][info][gc,stats    ]     CWR: Code Cache Roots           365 us, workers (us): 365, ---, ---, 
[169.149s][info][gc,stats    ]     CWR: VM Weak Roots               61 us, workers (us):  61, ---, ---, 
[169.149s][info][gc,stats    ]     CWR: CLDG Roots                   5 us, workers (us):   5, ---, ---, 
[169.149s][info][gc,stats    ]   Rendezvous                         54 us
[169.149s][info][gc,stats    ] Concurrent Cleanup                   52 us
[169.149s][info][gc,stats    ] Concurrent Class Unloading         2699 us
[169.149s][info][gc,stats    ]   Unlink Stale                     2243 us
[169.149s][info][gc,stats    ]     System Dictionary                 3 us
[169.150s][info][gc,stats    ]     Weak Class Links                  0 us
[169.150s][info][gc,stats    ]     Code Roots                     2239 us
[169.150s][info][gc,stats    ]   Rendezvous                        191 us
[169.150s][info][gc,stats    ]   Purge Unlinked                    198 us
[169.150s][info][gc,stats    ]     Code Roots                      187 us
[169.150s][info][gc,stats    ]     CLDG                             10 us
[169.150s][info][gc,stats    ]     Exception Caches                  0 us
[169.150s][info][gc,stats    ] Pause Final Roots (G)               167 us
[169.150s][info][gc,stats    ] Pause Final Roots (N)                57 us
[169.150s][info][gc,stats    ] 
[169.150s][info][gc,stats    ] Allocation pacing accrued:
[169.150s][info][gc,stats    ]       0 of   460 ms (  0.0%): <total>
[169.150s][info][gc,stats    ]       0 of   460 ms (  0.0%): <average total>
[169.150s][info][gc,stats    ] 
[169.150s][info][gc,metaspace] Metaspace: 9018K(9280K)->9018K(9280K) NonClass: 7845K(8000K)->7845K(8000K) Class: 1172K(1280K)->1172K(1280K)
[169.150s][info][gc,ergo     ] Pacer for Idle. Initial: 83886K, Alloc Tax Rate: 1.0x
[169.580s][info][gc          ] Trigger: Learning 5 of 5. Free (2854M) is below initial threshold (2867M)
[169.581s][info][gc,ergo     ] Free: 2852M, Max: 2048K regular, 1760M humongous, Frag: 39% external, 0% internal; Reserve: 206M, Max: 2048K
[169.581s][info][gc,start    ] GC(239) Concurrent reset
[169.581s][info][gc,task     ] GC(239) Using 1 of 3 workers for concurrent reset
[169.581s][info][gc,ergo     ] GC(239) Pacer for Reset. Non-Taxable: 4096M
[169.581s][info][gc          ] GC(239) Concurrent reset 0.584ms
[169.581s][info][gc,start    ] GC(239) Pause Init Mark (unload classes)
[169.581s][info][gc,task     ] GC(239) Using 3 of 3 workers for init marking
[169.581s][info][gc,ergo     ] GC(239) Pacer for Mark. Expected Live: 9441K, Free: 2852M, Non-Taxable: 285M, Alloc Tax Rate: 0.0x
[169.581s][info][gc          ] GC(239) Pause Init Mark (unload classes) 0.135ms
[169.582s][info][gc,start    ] GC(239) Concurrent marking roots
[169.582s][info][gc,task     ] GC(239) Using 1 of 3 workers for concurrent marking roots
[169.582s][info][gc          ] GC(239) Concurrent marking roots 0.425ms
[169.582s][info][gc,start    ] GC(239) Concurrent marking (unload classes)
[169.582s][info][gc,task     ] GC(239) Using 1 of 3 workers for concurrent marking
[169.604s][info][gc          ] GC(239) Concurrent marking (unload classes) 21.599ms
[169.604s][info][gc,start    ] GC(239) Pause Final Mark (unload classes)
[169.604s][info][gc,task     ] GC(239) Using 3 of 3 workers for final marking
[169.604s][info][gc,ergo     ] GC(239) Collectable Garbage: 960M (93%), Immediate: 960M (93%), CSet: 0B (0%)
[169.604s][info][gc          ] GC(239) Pause Final Mark (unload classes) 0.238ms
[169.604s][info][gc,start    ] GC(239) Concurrent weak references
[169.604s][info][gc,task     ] GC(239) Using 1 of 3 workers for concurrent weak references
[169.604s][info][gc,ref      ] GC(239) Encountered references: Soft: 144, Weak: 702, Final: 0, Phantom: 27
[169.604s][info][gc,ref      ] GC(239) Discovered  references: Soft: 0, Weak: 150, Final: 0, Phantom: 25
[169.604s][info][gc,ref      ] GC(239) Enqueued    references: Soft: 0, Weak: 0, Final: 0, Phantom: 0
[169.604s][info][gc          ] GC(239) Concurrent weak references 0.155ms
[169.604s][info][gc,start    ] GC(239) Concurrent weak roots
[169.604s][info][gc,task     ] GC(239) Using 1 of 3 workers for concurrent weak root
[169.605s][info][gc          ] GC(239) Concurrent weak roots 0.553ms
[169.605s][info][gc,start    ] GC(239) Concurrent cleanup
[169.605s][info][gc          ] GC(239) Concurrent cleanup 1084M->124M(4096M) 0.043ms
[169.605s][info][gc,ergo     ] GC(239) Free: 3766M, Max: 2048K regular, 1716M humongous, Frag: 55% external, 0% internal; Reserve: 206M, Max: 2048K
[169.605s][info][gc,start    ] GC(239) Concurrent class unloading
[169.605s][info][gc,task     ] GC(239) Using 1 of 3 workers for concurrent class unloading
[169.607s][info][gc          ] GC(239) Concurrent class unloading 2.497ms
[169.607s][info][gc,start    ] GC(239) Pause Final Roots
[169.607s][info][gc          ] GC(239) Pause Final Roots 0.032ms
[169.608s][info][gc,ergo     ] Free: 3760M, Max: 2048K regular, 1716M humongous, Frag: 55% external, 0% internal; Reserve: 206M, Max: 2048K
[169.608s][info][gc,stats    ] 
[169.608s][info][gc,stats    ] All times are wall-clock times, except per-root-class counters, that are sum over
[169.608s][info][gc,stats    ] all workers. Dividing the <total> over the root stage time estimates parallelism.
[169.608s][info][gc,stats    ] 
[169.608s][info][gc,stats    ] Concurrent Reset                    635 us
[169.608s][info][gc,stats    ] Pause Init Mark (G)                 293 us
[169.608s][info][gc,stats    ] Pause Init Mark (N)                 144 us
[169.608s][info][gc,stats    ]   Update Region States               59 us
[169.608s][info][gc,stats    ] Concurrent Mark Roots               443 us, parallelism: 0.77x
[169.608s][info][gc,stats    ]   CMR: <total>                      342 us
[169.608s][info][gc,stats    ]   CMR: Thread Roots                 300 us, workers (us): 300, ---, ---, 
[169.608s][info][gc,stats    ]   CMR: VM Strong Roots                6 us, workers (us):   6, ---, ---, 
[169.608s][info][gc,stats    ]   CMR: CLDG Roots                    36 us, workers (us):  36, ---, ---, 
[169.608s][info][gc,stats    ] Concurrent Marking                21660 us
[169.608s][info][gc,stats    ] Pause Final Mark (G)                352 us
[169.608s][info][gc,stats    ] Pause Final Mark (N)                256 us
[169.608s][info][gc,stats    ]   Finish Mark                        77 us
[169.608s][info][gc,stats    ]   Update Region States               45 us
[169.608s][info][gc,stats    ]   Choose Collection Set              46 us
[169.608s][info][gc,stats    ]   Rebuild Free Set                   16 us
[169.608s][info][gc,stats    ] Concurrent Weak References          171 us, parallelism: 0.03x
[169.608s][info][gc,stats    ]   CWRF: <total>                       5 us
[169.608s][info][gc,stats    ]   CWRF: Weak References               5 us, workers (us):   5, ---, ---, 
[169.608s][info][gc,stats    ] Concurrent Weak Roots               572 us
[169.608s][info][gc,stats    ]   Roots                             472 us, parallelism: 0.89x
[169.608s][info][gc,stats    ]     CWR: <total>                    419 us
[169.608s][info][gc,stats    ]     CWR: Code Cache Roots           348 us, workers (us): 348, ---, ---, 
[169.608s][info][gc,stats    ]     CWR: VM Weak Roots               66 us, workers (us):  66, ---, ---, 
[169.608s][info][gc,stats    ]     CWR: CLDG Roots                   5 us, workers (us):   5, ---, ---, 
[169.608s][info][gc,stats    ]   Rendezvous                         50 us
[169.608s][info][gc,stats    ] Concurrent Cleanup                   51 us
[169.608s][info][gc,stats    ] Concurrent Class Unloading         2558 us
[169.608s][info][gc,stats    ]   Unlink Stale                     2315 us
[169.608s][info][gc,stats    ]     System Dictionary                 3 us
[169.608s][info][gc,stats    ]     Weak Class Links                  0 us
[169.608s][info][gc,stats    ]     Code Roots                     2311 us
[169.608s][info][gc,stats    ]   Rendezvous                         40 us
[169.608s][info][gc,stats    ]   Purge Unlinked                    123 us
[169.608s][info][gc,stats    ]     Code Roots                      113 us
[169.608s][info][gc,stats    ]     CLDG                             10 us
[169.608s][info][gc,stats    ]     Exception Caches                  0 us
[169.608s][info][gc,stats    ] Pause Final Roots (G)               138 us
[169.608s][info][gc,stats    ] Pause Final Roots (N)                48 us
[169.608s][info][gc,stats    ] 
[169.608s][info][gc,stats    ] Allocation pacing accrued:
[169.608s][info][gc,stats    ]       0 of   459 ms (  0.0%): <total>
[169.608s][info][gc,stats    ]       0 of   459 ms (  0.0%): <average total>
[169.608s][info][gc,stats    ] 
[169.608s][info][gc,metaspace] Metaspace: 9018K(9280K)->9018K(9280K) NonClass: 7845K(8000K)->7845K(8000K) Class: 1172K(1280K)->1172K(1280K)
[169.608s][info][gc,ergo     ] Pacer for Idle. Initial: 83886K, Alloc Tax Rate: 1.0x
[171.261s][info][gc          ] Trigger: Explicit GC request (System.gc())
[171.261s][info][gc,ergo     ] Free: 924M, Max: 2048K regular, 924M humongous, Frag: 0% external, 0% internal; Reserve: 206M, Max: 2048K
[171.261s][info][gc,start    ] GC(240) Concurrent reset
[171.261s][info][gc,task     ] GC(240) Using 1 of 3 workers for concurrent reset
[171.261s][info][gc,ergo     ] GC(240) Pacer for Reset. Non-Taxable: 4096M
[171.262s][info][gc          ] GC(240) Concurrent reset 0.603ms
[171.262s][info][gc,start    ] GC(240) Pause Init Mark (unload classes)
[171.262s][info][gc,task     ] GC(240) Using 3 of 3 workers for init marking
[171.262s][info][gc,ref      ] GC(240) Clearing All SoftReferences
[171.262s][info][gc,ergo     ] GC(240) Pacer for Mark. Expected Live: 9422K, Free: 924M, Non-Taxable: 94617K, Alloc Tax Rate: 0.0x
[171.262s][info][gc          ] GC(240) Pause Init Mark (unload classes) 0.184ms
[171.262s][info][gc,start    ] GC(240) Concurrent marking roots
[171.262s][info][gc,task     ] GC(240) Using 1 of 3 workers for concurrent marking roots
[171.263s][info][gc          ] GC(240) Concurrent marking roots 0.650ms
[171.263s][info][gc,start    ] GC(240) Concurrent marking (unload classes)
[171.263s][info][gc,task     ] GC(240) Using 1 of 3 workers for concurrent marking
[171.266s][info][gc          ] GC(240) Concurrent marking (unload classes) 3.323ms
[171.266s][info][gc,start    ] GC(240) Pause Final Mark (unload classes)
[171.266s][info][gc,task     ] GC(240) Using 3 of 3 workers for final marking
[171.267s][info][gc,ergo     ] GC(240) Collectable Garbage: 2926M (98%), Immediate: 2926M (98%), CSet: 0B (0%)
[171.267s][info][gc          ] GC(240) Pause Final Mark (unload classes) 0.267ms
[171.267s][info][gc,start    ] GC(240) Concurrent weak references
[171.267s][info][gc,task     ] GC(240) Using 1 of 3 workers for concurrent weak references
[171.267s][info][gc,ref      ] GC(240) Encountered references: Soft: 144, Weak: 702, Final: 0, Phantom: 27
[171.267s][info][gc,ref      ] GC(240) Discovered  references: Soft: 88, Weak: 168, Final: 0, Phantom: 25
[171.267s][info][gc,ref      ] GC(240) Enqueued    references: Soft: 3, Weak: 0, Final: 0, Phantom: 0
[171.267s][info][gc          ] GC(240) Concurrent weak references 0.239ms
[171.267s][info][gc,start    ] GC(240) Concurrent weak roots
[171.267s][info][gc,task     ] GC(240) Using 1 of 3 workers for concurrent weak root
[171.268s][info][gc          ] GC(240) Concurrent weak roots 0.537ms
[171.268s][info][gc,start    ] GC(240) Concurrent cleanup
[171.268s][info][gc          ] GC(240) Concurrent cleanup 2966M->40M(4096M) 0.089ms
[171.268s][info][gc,ergo     ] GC(240) Free: 3850M, Max: 2048K regular, 2720M humongous, Frag: 30% external, 0% internal; Reserve: 206M, Max: 2048K
[171.268s][info][gc,start    ] GC(240) Concurrent class unloading
[171.268s][info][gc,task     ] GC(240) Using 1 of 3 workers for concurrent class unloading
[171.270s][info][gc          ] GC(240) Concurrent class unloading 2.381ms
[171.270s][info][gc,start    ] GC(240) Pause Final Roots
[171.270s][info][gc          ] GC(240) Pause Final Roots 0.025ms
[171.270s][info][gc,ergo     ] Free: 3850M, Max: 2048K regular, 2720M humongous, Frag: 30% external, 0% internal; Reserve: 206M, Max: 2048K
[171.270s][info][gc,stats    ] 
[171.270s][info][gc,stats    ] All times are wall-clock times, except per-root-class counters, that are sum over
[171.270s][info][gc,stats    ] all workers. Dividing the <total> over the root stage time estimates parallelism.
[171.270s][info][gc,stats    ] 
[171.270s][info][gc,stats    ] Concurrent Reset                    660 us
[171.270s][info][gc,stats    ] Pause Init Mark (G)                 301 us
[171.270s][info][gc,stats    ] Pause Init Mark (N)                 201 us
[171.270s][info][gc,stats    ]   Update Region States               62 us
[171.270s][info][gc,stats    ] Concurrent Mark Roots               673 us, parallelism: 0.79x
[171.270s][info][gc,stats    ]   CMR: <total>                      530 us
[171.270s][info][gc,stats    ]   CMR: Thread Roots                 489 us, workers (us): 489, ---, ---, 
[171.271s][info][gc,stats    ]   CMR: VM Strong Roots                4 us, workers (us):   4, ---, ---, 
[171.271s][info][gc,stats    ]   CMR: CLDG Roots                    37 us, workers (us):  37, ---, ---, 
[171.271s][info][gc,stats    ] Concurrent Marking                 3380 us
[171.271s][info][gc,stats    ] Pause Final Mark (G)                355 us
[171.271s][info][gc,stats    ] Pause Final Mark (N)                283 us
[171.271s][info][gc,stats    ]   Finish Mark                        79 us
[171.271s][info][gc,stats    ]   Update Region States               53 us
[171.271s][info][gc,stats    ]   Choose Collection Set              57 us
[171.271s][info][gc,stats    ]   Rebuild Free Set                   16 us
[171.271s][info][gc,stats    ] Concurrent Weak References          255 us, parallelism: 0.06x
[171.271s][info][gc,stats    ]   CWRF: <total>                      15 us
[171.271s][info][gc,stats    ]   CWRF: Weak References              15 us, workers (us):  15, ---, ---, 
[171.271s][info][gc,stats    ] Concurrent Weak Roots               558 us
[171.271s][info][gc,stats    ]   Roots                             459 us, parallelism: 0.84x
[171.271s][info][gc,stats    ]     CWR: <total>                    387 us
[171.271s][info][gc,stats    ]     CWR: Code Cache Roots           320 us, workers (us): 320, ---, ---, 
[171.271s][info][gc,stats    ]     CWR: VM Weak Roots               63 us, workers (us):  63, ---, ---, 
[171.271s][info][gc,stats    ]     CWR: CLDG Roots                   4 us, workers (us):   4, ---, ---, 
[171.271s][info][gc,stats    ]   Rendezvous                         45 us
[171.271s][info][gc,stats    ] Concurrent Cleanup                   97 us
[171.271s][info][gc,stats    ] Concurrent Class Unloading         2437 us
[171.271s][info][gc,stats    ]   Unlink Stale                     2192 us
[171.271s][info][gc,stats    ]     System Dictionary                 3 us
[171.271s][info][gc,stats    ]     Weak Class Links                  0 us
[171.271s][info][gc,stats    ]     Code Roots                     2188 us
[171.271s][info][gc,stats    ]   Rendezvous                         44 us
[171.271s][info][gc,stats    ]   Purge Unlinked                    126 us
[171.271s][info][gc,stats    ]     Code Roots                      116 us
[171.271s][info][gc,stats    ]     CLDG                              9 us
[171.271s][info][gc,stats    ]     Exception Caches                  0 us
[171.271s][info][gc,stats    ] Pause Final Roots (G)                87 us
[171.271s][info][gc,stats    ] Pause Final Roots (N)                33 us
[171.271s][info][gc,stats    ] 
[171.271s][info][gc,stats    ] Allocation pacing accrued:
[171.271s][info][gc,stats    ]       0 of  1663 ms (  0.0%): <total>
[171.271s][info][gc,stats    ]       0 of  1663 ms (  0.0%): <average total>
[171.271s][info][gc,stats    ] 
[171.271s][info][gc,metaspace] Metaspace: 9019K(9280K)->9019K(9280K) NonClass: 7846K(8000K)->7846K(8000K) Class: 1172K(1280K)->1172K(1280K)
[171.271s][info][gc,ergo     ] Pacer for Idle. Initial: 83886K, Alloc Tax Rate: 1.0x
[171.732s][info][gc          ] Trigger: Learning 2 of 5. Free (2858M) is below initial threshold (2867M)
[171.732s][info][gc,ergo     ] Free: 2858M, Max: 2048K regular, 1770M humongous, Frag: 39% external, 0% internal; Reserve: 206M, Max: 2048K
[171.732s][info][gc,start    ] GC(241) Concurrent reset
[171.732s][info][gc,task     ] GC(241) Using 1 of 3 workers for concurrent reset
[171.732s][info][gc,ergo     ] GC(241) Pacer for Reset. Non-Taxable: 4096M
[171.733s][info][gc          ] GC(241) Concurrent reset 0.555ms
[171.733s][info][gc,start    ] GC(241) Pause Init Mark (unload classes)
[171.733s][info][gc,task     ] GC(241) Using 3 of 3 workers for init marking
[171.733s][info][gc,ergo     ] GC(241) Pacer for Mark. Expected Live: 9422K, Free: 2856M, Non-Taxable: 285M, Alloc Tax Rate: 0.0x
[171.733s][info][gc          ] GC(241) Pause Init Mark (unload classes) 0.206ms
[171.733s][info][gc,start    ] GC(241) Concurrent marking roots
[171.733s][info][gc,task     ] GC(241) Using 1 of 3 workers for concurrent marking roots
[171.734s][info][gc          ] GC(241) Concurrent marking roots 0.576ms
[171.734s][info][gc,start    ] GC(241) Concurrent marking (unload classes)
[171.734s][info][gc,task     ] GC(241) Using 1 of 3 workers for concurrent marking
[171.742s][info][gc          ] GC(241) Concurrent marking (unload classes) 7.764ms
[171.742s][info][gc,start    ] GC(241) Pause Final Mark (unload classes)
[171.742s][info][gc,task     ] GC(241) Using 3 of 3 workers for final marking
[171.742s][info][gc,ergo     ] GC(241) Collectable Garbage: 974M (94%), Immediate: 974M (94%), CSet: 0B (0%)
[171.742s][info][gc          ] GC(241) Pause Final Mark (unload classes) 0.224ms
[171.742s][info][gc,start    ] GC(241) Concurrent weak references
[171.742s][info][gc,task     ] GC(241) Using 1 of 3 workers for concurrent weak references
[171.742s][info][gc,ref      ] GC(241) Encountered references: Soft: 144, Weak: 702, Final: 0, Phantom: 27
[171.742s][info][gc,ref      ] GC(241) Discovered  references: Soft: 0, Weak: 150, Final: 0, Phantom: 12
[171.742s][info][gc,ref      ] GC(241) Enqueued    references: Soft: 0, Weak: 0, Final: 0, Phantom: 0
[171.742s][info][gc          ] GC(241) Concurrent weak references 0.155ms
[171.742s][info][gc,start    ] GC(241) Concurrent weak roots
[171.742s][info][gc,task     ] GC(241) Using 1 of 3 workers for concurrent weak root
[171.743s][info][gc          ] GC(241) Concurrent weak roots 0.567ms
[171.743s][info][gc,start    ] GC(241) Concurrent cleanup
[171.743s][info][gc          ] GC(241) Concurrent cleanup 1052M->78M(4096M) 0.043ms
[171.743s][info][gc,ergo     ] GC(241) Free: 3812M, Max: 2048K regular, 1750M humongous, Frag: 55% external, 0% internal; Reserve: 206M, Max: 2048K
[171.743s][info][gc,start    ] GC(241) Concurrent class unloading
[171.743s][info][gc,task     ] GC(241) Using 1 of 3 workers for concurrent class unloading
[171.745s][info][gc          ] GC(241) Concurrent class unloading 1.951ms
[171.745s][info][gc,start    ] GC(241) Pause Final Roots
[171.745s][info][gc          ] GC(241) Pause Final Roots 0.014ms
[171.745s][info][gc,ergo     ] Free: 3806M, Max: 2048K regular, 1750M humongous, Frag: 55% external, 0% internal; Reserve: 206M, Max: 2048K
[171.745s][info][gc,stats    ] 
[171.745s][info][gc,stats    ] All times are wall-clock times, except per-root-class counters, that are sum over
[171.745s][info][gc,stats    ] all workers. Dividing the <total> over the root stage time estimates parallelism.
[171.745s][info][gc,stats    ] 
[171.745s][info][gc,stats    ] Concurrent Reset                    615 us
[171.745s][info][gc,stats    ] Pause Init Mark (G)                 420 us
[171.745s][info][gc,stats    ] Pause Init Mark (N)                 216 us
[171.745s][info][gc,stats    ]   Update Region States               86 us
[171.745s][info][gc,stats    ] Concurrent Mark Roots               594 us, parallelism: 0.68x
[171.745s][info][gc,stats    ]   CMR: <total>                      403 us
[171.745s][info][gc,stats    ]   CMR: Thread Roots                 312 us, workers (us): 312, ---, ---, 
[171.745s][info][gc,stats    ]   CMR: VM Strong Roots                9 us, workers (us):   9, ---, ---, 
[171.745s][info][gc,stats    ]   CMR: CLDG Roots                    82 us, workers (us):  82, ---, ---, 
[171.745s][info][gc,stats    ] Concurrent Marking                 7822 us
[171.745s][info][gc,stats    ] Pause Final Mark (G)                335 us
[171.745s][info][gc,stats    ] Pause Final Mark (N)                240 us
[171.745s][info][gc,stats    ]   Finish Mark                        71 us
[171.745s][info][gc,stats    ]   Update Region States               44 us
[171.745s][info][gc,stats    ]   Choose Collection Set              47 us
[171.745s][info][gc,stats    ]   Rebuild Free Set                   16 us
[171.745s][info][gc,stats    ] Concurrent Weak References          171 us, parallelism: 0.03x
[171.745s][info][gc,stats    ]   CWRF: <total>                       5 us
[171.745s][info][gc,stats    ]   CWRF: Weak References               5 us, workers (us):   5, ---, ---, 
[171.745s][info][gc,stats    ] Concurrent Weak Roots               587 us
[171.745s][info][gc,stats    ]   Roots                             485 us, parallelism: 0.89x
[171.745s][info][gc,stats    ]     CWR: <total>                    432 us
[171.745s][info][gc,stats    ]     CWR: Code Cache Roots           364 us, workers (us): 364, ---, ---, 
[171.745s][info][gc,stats    ]     CWR: VM Weak Roots               63 us, workers (us):  63, ---, ---, 
[171.745s][info][gc,stats    ]     CWR: CLDG Roots                   5 us, workers (us):   5, ---, ---, 
[171.745s][info][gc,stats    ]   Rendezvous                         51 us
[171.745s][info][gc,stats    ] Concurrent Cleanup                   51 us
[171.745s][info][gc,stats    ] Concurrent Class Unloading         2006 us
[171.745s][info][gc,stats    ]   Unlink Stale                     1792 us
[171.745s][info][gc,stats    ]     System Dictionary                 2 us
[171.745s][info][gc,stats    ]     Weak Class Links                  0 us
[171.745s][info][gc,stats    ]     Code Roots                     1788 us
[171.745s][info][gc,stats    ]   Rendezvous                         24 us
[171.745s][info][gc,stats    ]   Purge Unlinked                    117 us
[171.745s][info][gc,stats    ]     Code Roots                      107 us
[171.745s][info][gc,stats    ]     CLDG                              9 us
[171.745s][info][gc,stats    ]     Exception Caches                  0 us
[171.745s][info][gc,stats    ] Pause Final Roots (G)               120 us
[171.745s][info][gc,stats    ] Pause Final Roots (N)                21 us
[171.746s][info][gc,stats    ] 
[171.746s][info][gc,stats    ] Allocation pacing accrued:
[171.746s][info][gc,stats    ]       0 of   475 ms (  0.0%): <total>
[171.746s][info][gc,stats    ]       0 of   475 ms (  0.0%): <average total>
[171.746s][info][gc,stats    ] 
[171.746s][info][gc,metaspace] Metaspace: 9019K(9280K)->9019K(9280K) NonClass: 7846K(8000K)->7846K(8000K) Class: 1172K(1280K)->1172K(1280K)
[171.746s][info][gc,ergo     ] Pacer for Idle. Initial: 83886K, Alloc Tax Rate: 1.0x
[172.203s][info][gc          ] Trigger: Learning 3 of 5. Free (2840M) is below initial threshold (2867M)
[172.203s][info][gc,ergo     ] Free: 2840M, Max: 2048K regular, 1750M humongous, Frag: 39% external, 0% internal; Reserve: 206M, Max: 2048K
[172.203s][info][gc,start    ] GC(242) Concurrent reset
[172.203s][info][gc,task     ] GC(242) Using 1 of 3 workers for concurrent reset
[172.203s][info][gc,ergo     ] GC(242) Pacer for Reset. Non-Taxable: 4096M
[172.203s][info][gc          ] GC(242) Concurrent reset 0.498ms
[172.204s][info][gc,start    ] GC(242) Pause Init Mark (unload classes)
[172.204s][info][gc,task     ] GC(242) Using 3 of 3 workers for init marking
[172.204s][info][gc,ergo     ] GC(242) Pacer for Mark. Expected Live: 9417K, Free: 2838M, Non-Taxable: 283M, Alloc Tax Rate: 0.0x
[172.204s][info][gc          ] GC(242) Pause Init Mark (unload classes) 0.164ms
[172.204s][info][gc,start    ] GC(242) Concurrent marking roots
[172.204s][info][gc,task     ] GC(242) Using 1 of 3 workers for concurrent marking roots
[172.204s][info][gc          ] GC(242) Concurrent marking roots 0.396ms
[172.204s][info][gc,start    ] GC(242) Concurrent marking (unload classes)
[172.204s][info][gc,task     ] GC(242) Using 1 of 3 workers for concurrent marking
[172.217s][info][gc          ] GC(242) Concurrent marking (unload classes) 12.992ms
[172.217s][info][gc,start    ] GC(242) Pause Final Mark (unload classes)
[172.217s][info][gc,task     ] GC(242) Using 3 of 3 workers for final marking
[172.218s][info][gc,ergo     ] GC(242) Collectable Garbage: 990M (94%), Immediate: 990M (94%), CSet: 0B (0%)
[172.218s][info][gc          ] GC(242) Pause Final Mark (unload classes) 0.315ms
[172.218s][info][gc,start    ] GC(242) Concurrent weak references
[172.218s][info][gc,task     ] GC(242) Using 1 of 3 workers for concurrent weak references
[172.218s][info][gc,ref      ] GC(242) Encountered references: Soft: 144, Weak: 702, Final: 0, Phantom: 27
[172.218s][info][gc,ref      ] GC(242) Discovered  references: Soft: 0, Weak: 150, Final: 0, Phantom: 12
[172.218s][info][gc,ref      ] GC(242) Enqueued    references: Soft: 0, Weak: 0, Final: 0, Phantom: 0
[172.218s][info][gc          ] GC(242) Concurrent weak references 0.084ms
[172.218s][info][gc,start    ] GC(242) Concurrent weak roots
[172.218s][info][gc,task     ] GC(242) Using 1 of 3 workers for concurrent weak root
[172.218s][info][gc          ] GC(242) Concurrent weak roots 0.705ms
[172.218s][info][gc,start    ] GC(242) Concurrent cleanup
[172.219s][info][gc          ] GC(242) Concurrent cleanup 1082M->92M(4096M) 0.047ms
[172.219s][info][gc,ergo     ] GC(242) Free: 3798M, Max: 2048K regular, 1718M humongous, Frag: 55% external, 0% internal; Reserve: 206M, Max: 2048K
[172.219s][info][gc,start    ] GC(242) Concurrent class unloading
[172.219s][info][gc,task     ] GC(242) Using 1 of 3 workers for concurrent class unloading
[172.221s][info][gc          ] GC(242) Concurrent class unloading 2.234ms
[172.221s][info][gc,start    ] GC(242) Pause Final Roots
[172.221s][info][gc          ] GC(242) Pause Final Roots 0.024ms
[172.221s][info][gc,ergo     ] Free: 3792M, Max: 2048K regular, 1718M humongous, Frag: 55% external, 0% internal; Reserve: 206M, Max: 2048K
[172.221s][info][gc,stats    ] 
[172.221s][info][gc,stats    ] All times are wall-clock times, except per-root-class counters, that are sum over
[172.221s][info][gc,stats    ] all workers. Dividing the <total> over the root stage time estimates parallelism.
[172.221s][info][gc,stats    ] 
[172.221s][info][gc,stats    ] Concurrent Reset                    518 us
[172.221s][info][gc,stats    ] Pause Init Mark (G)                 300 us
[172.221s][info][gc,stats    ] Pause Init Mark (N)                 181 us
[172.221s][info][gc,stats    ]   Update Region States               59 us
[172.221s][info][gc,stats    ] Concurrent Mark Roots               414 us, parallelism: 0.80x
[172.221s][info][gc,stats    ]   CMR: <total>                      329 us
[172.221s][info][gc,stats    ]   CMR: Thread Roots                 290 us, workers (us): 290, ---, ---, 
[172.221s][info][gc,stats    ]   CMR: VM Strong Roots                5 us, workers (us):   5, ---, ---, 
[172.221s][info][gc,stats    ]   CMR: CLDG Roots                    34 us, workers (us):  34, ---, ---, 
[172.221s][info][gc,stats    ] Concurrent Marking                13050 us
[172.221s][info][gc,stats    ] Pause Final Mark (G)                451 us
[172.221s][info][gc,stats    ] Pause Final Mark (N)                339 us
[172.221s][info][gc,stats    ]   Finish Mark                       110 us
[172.221s][info][gc,stats    ]   Update Region States               59 us
[172.221s][info][gc,stats    ]   Choose Collection Set              66 us
[172.221s][info][gc,stats    ]   Rebuild Free Set                   17 us
[172.221s][info][gc,stats    ] Concurrent Weak References           91 us, parallelism: 0.08x
[172.221s][info][gc,stats    ]   CWRF: <total>                       7 us
[172.221s][info][gc,stats    ]   CWRF: Weak References               7 us, workers (us):   7, ---, ---, 
[172.221s][info][gc,stats    ] Concurrent Weak Roots               729 us
[172.221s][info][gc,stats    ]   Roots                             604 us, parallelism: 0.94x
[172.221s][info][gc,stats    ]     CWR: <total>                    566 us
[172.221s][info][gc,stats    ]     CWR: Code Cache Roots           450 us, workers (us): 450, ---, ---, 
[172.221s][info][gc,stats    ]     CWR: VM Weak Roots              110 us, workers (us): 110, ---, ---, 
[172.221s][info][gc,stats    ]     CWR: CLDG Roots                   5 us, workers (us):   5, ---, ---, 
[172.221s][info][gc,stats    ]   Rendezvous                         85 us
[172.221s][info][gc,stats    ] Concurrent Cleanup                   55 us
[172.221s][info][gc,stats    ] Concurrent Class Unloading         2286 us
[172.221s][info][gc,stats    ]   Unlink Stale                     2066 us
[172.221s][info][gc,stats    ]     System Dictionary                 3 us
[172.221s][info][gc,stats    ]     Weak Class Links                  0 us
[172.221s][info][gc,stats    ]     Code Roots                     2061 us
[172.221s][info][gc,stats    ]   Rendezvous                         51 us
[172.221s][info][gc,stats    ]   Purge Unlinked                     99 us
[172.221s][info][gc,stats    ]     Code Roots                       89 us
[172.222s][info][gc,stats    ]     CLDG                              9 us
[172.222s][info][gc,stats    ]     Exception Caches                  0 us
[172.222s][info][gc,stats    ] Pause Final Roots (G)               146 us
[172.222s][info][gc,stats    ] Pause Final Roots (N)                32 us
[172.222s][info][gc,stats    ] 
[172.222s][info][gc,stats    ] Allocation pacing accrued:
[172.222s][info][gc,stats    ]       0 of   476 ms (  0.0%): <total>
[172.222s][info][gc,stats    ]       0 of   476 ms (  0.0%): <average total>
[172.222s][info][gc,stats    ] 
[172.222s][info][gc,metaspace] Metaspace: 9019K(9280K)->9019K(9280K) NonClass: 7846K(8000K)->7846K(8000K) Class: 1172K(1280K)->1172K(1280K)
[172.222s][info][gc,ergo     ] Pacer for Idle. Initial: 83886K, Alloc Tax Rate: 1.0x
[172.673s][info][gc          ] Trigger: Learning 4 of 5. Free (2840M) is below initial threshold (2867M)
[172.673s][info][gc,ergo     ] Free: 2838M, Max: 2048K regular, 1718M humongous, Frag: 40% external, 0% internal; Reserve: 206M, Max: 2048K
[172.673s][info][gc,start    ] GC(243) Concurrent reset
[172.673s][info][gc,task     ] GC(243) Using 1 of 3 workers for concurrent reset
[172.674s][info][gc,ergo     ] GC(243) Pacer for Reset. Non-Taxable: 4096M
[172.674s][info][gc          ] GC(243) Concurrent reset 0.610ms
[172.674s][info][gc,start    ] GC(243) Pause Init Mark (unload classes)
[172.674s][info][gc,task     ] GC(243) Using 3 of 3 workers for init marking
[172.674s][info][gc,ergo     ] GC(243) Pacer for Mark. Expected Live: 9415K, Free: 2836M, Non-Taxable: 283M, Alloc Tax Rate: 0.0x
[172.674s][info][gc          ] GC(243) Pause Init Mark (unload classes) 0.179ms
[172.674s][info][gc,start    ] GC(243) Concurrent marking roots
[172.674s][info][gc,task     ] GC(243) Using 1 of 3 workers for concurrent marking roots
[172.675s][info][gc          ] GC(243) Concurrent marking roots 0.432ms
[172.675s][info][gc,start    ] GC(243) Concurrent marking (unload classes)
[172.675s][info][gc,task     ] GC(243) Using 1 of 3 workers for concurrent marking
[172.693s][info][gc          ] GC(243) Concurrent marking (unload classes) 17.894ms
[172.693s][info][gc,start    ] GC(243) Pause Final Mark (unload classes)
[172.693s][info][gc,task     ] GC(243) Using 3 of 3 workers for final marking
[172.693s][info][gc,ergo     ] GC(243) Collectable Garbage: 982M (94%), Immediate: 982M (94%), CSet: 0B (0%)
[172.693s][info][gc          ] GC(243) Pause Final Mark (unload classes) 0.345ms
[172.693s][info][gc,start    ] GC(243) Concurrent weak references
[172.693s][info][gc,task     ] GC(243) Using 1 of 3 workers for concurrent weak references
[172.693s][info][gc,ref      ] GC(243) Encountered references: Soft: 144, Weak: 702, Final: 0, Phantom: 27
[172.693s][info][gc,ref      ] GC(243) Discovered  references: Soft: 0, Weak: 150, Final: 0, Phantom: 12
[172.693s][info][gc,ref      ] GC(243) Enqueued    references: Soft: 0, Weak: 0, Final: 0, Phantom: 0
[172.693s][info][gc          ] GC(243) Concurrent weak references 0.115ms
[172.693s][info][gc,start    ] GC(243) Concurrent weak roots
[172.693s][info][gc,task     ] GC(243) Using 1 of 3 workers for concurrent weak root
[172.694s][info][gc          ] GC(243) Concurrent weak roots 0.718ms
[172.694s][info][gc,start    ] GC(243) Concurrent cleanup
[172.694s][info][gc          ] GC(243) Concurrent cleanup 1094M->112M(4096M) 0.049ms
[172.694s][info][gc,ergo     ] GC(243) Free: 3778M, Max: 2048K regular, 1706M humongous, Frag: 55% external, 0% internal; Reserve: 206M, Max: 2048K
[172.694s][info][gc,start    ] GC(243) Concurrent class unloading
[172.694s][info][gc,task     ] GC(243) Using 1 of 3 workers for concurrent class unloading
[172.696s][info][gc          ] GC(243) Concurrent class unloading 1.920ms
[172.696s][info][gc,start    ] GC(243) Pause Final Roots
[172.696s][info][gc          ] GC(243) Pause Final Roots 0.020ms
[172.696s][info][gc,ergo     ] Free: 3774M, Max: 2048K regular, 1706M humongous, Frag: 55% external, 0% internal; Reserve: 206M, Max: 2048K
[172.696s][info][gc,stats    ] 
[172.696s][info][gc,stats    ] All times are wall-clock times, except per-root-class counters, that are sum over
[172.696s][info][gc,stats    ] all workers. Dividing the <total> over the root stage time estimates parallelism.
[172.696s][info][gc,stats    ] 
[172.696s][info][gc,stats    ] Concurrent Reset                    674 us
[172.696s][info][gc,stats    ] Pause Init Mark (G)                 328 us
[172.696s][info][gc,stats    ] Pause Init Mark (N)                 196 us
[172.697s][info][gc,stats    ]   Update Region States               67 us
[172.697s][info][gc,stats    ] Concurrent Mark Roots               450 us, parallelism: 0.77x
[172.697s][info][gc,stats    ]   CMR: <total>                      348 us
[172.697s][info][gc,stats    ]   CMR: Thread Roots                 308 us, workers (us): 308, ---, ---, 
[172.697s][info][gc,stats    ]   CMR: VM Strong Roots                5 us, workers (us):   5, ---, ---, 
[172.697s][info][gc,stats    ]   CMR: CLDG Roots                    35 us, workers (us):  35, ---, ---, 
[172.697s][info][gc,stats    ] Concurrent Marking                17957 us
[172.697s][info][gc,stats    ] Pause Final Mark (G)                458 us
[172.697s][info][gc,stats    ] Pause Final Mark (N)                365 us
[172.697s][info][gc,stats    ]   Finish Mark                       107 us
[172.697s][info][gc,stats    ]   Update Region States               87 us
[172.697s][info][gc,stats    ]   Choose Collection Set              63 us
[172.697s][info][gc,stats    ]   Rebuild Free Set                   17 us
[172.697s][info][gc,stats    ] Concurrent Weak References          122 us, parallelism: 0.04x
[172.697s][info][gc,stats    ]   CWRF: <total>                       5 us
[172.697s][info][gc,stats    ]   CWRF: Weak References               5 us, workers (us):   5, ---, ---, 
[172.697s][info][gc,stats    ] Concurrent Weak Roots               737 us
[172.697s][info][gc,stats    ]   Roots                             624 us, parallelism: 0.89x
[172.697s][info][gc,stats    ]     CWR: <total>                    553 us
[172.697s][info][gc,stats    ]     CWR: Code Cache Roots           434 us, workers (us): 434, ---, ---, 
[172.697s][info][gc,stats    ]     CWR: VM Weak Roots              112 us, workers (us): 112, ---, ---, 
[172.697s][info][gc,stats    ]     CWR: CLDG Roots                   6 us, workers (us):   6, ---, ---, 
[172.697s][info][gc,stats    ]   Rendezvous                         78 us
[172.697s][info][gc,stats    ] Concurrent Cleanup                   61 us
[172.697s][info][gc,stats    ] Concurrent Class Unloading         1954 us
[172.697s][info][gc,stats    ]   Unlink Stale                     1756 us
[172.697s][info][gc,stats    ]     System Dictionary                 3 us
[172.697s][info][gc,stats    ]     Weak Class Links                  1 us
[172.697s][info][gc,stats    ]     Code Roots                     1752 us
[172.697s][info][gc,stats    ]   Rendezvous                         56 us
[172.697s][info][gc,stats    ]   Purge Unlinked                     90 us
[172.697s][info][gc,stats    ]     Code Roots                       85 us
[172.697s][info][gc,stats    ]     CLDG                              5 us
[172.697s][info][gc,stats    ]     Exception Caches                  0 us
[172.697s][info][gc,stats    ] Pause Final Roots (G)                93 us
[172.697s][info][gc,stats    ] Pause Final Roots (N)                28 us
[172.697s][info][gc,stats    ] 
[172.697s][info][gc,stats    ] Allocation pacing accrued:
[172.697s][info][gc,stats    ]       0 of   475 ms (  0.0%): <total>
[172.697s][info][gc,stats    ]       0 of   475 ms (  0.0%): <average total>
[172.697s][info][gc,stats    ] 
[172.697s][info][gc,metaspace] Metaspace: 9019K(9280K)->9019K(9280K) NonClass: 7846K(8000K)->7846K(8000K) Class: 1172K(1280K)->1172K(1280K)
[172.697s][info][gc,ergo     ] Pacer for Idle. Initial: 83886K, Alloc Tax Rate: 1.0x
[173.129s][info][gc          ] Trigger: Learning 5 of 5. Free (2840M) is below initial threshold (2867M)
[173.129s][info][gc,ergo     ] Free: 2840M, Max: 2048K regular, 1706M humongous, Frag: 40% external, 0% internal; Reserve: 206M, Max: 2048K
[173.129s][info][gc,start    ] GC(244) Concurrent reset
[173.129s][info][gc,task     ] GC(244) Using 1 of 3 workers for concurrent reset
[173.129s][info][gc,ergo     ] GC(244) Pacer for Reset. Non-Taxable: 4096M
[173.129s][info][gc          ] GC(244) Concurrent reset 0.562ms
[173.129s][info][gc,start    ] GC(244) Pause Init Mark (unload classes)
[173.129s][info][gc,task     ] GC(244) Using 3 of 3 workers for init marking
[173.130s][info][gc,ergo     ] GC(244) Pacer for Mark. Expected Live: 9432K, Free: 2838M, Non-Taxable: 283M, Alloc Tax Rate: 0.0x
[173.130s][info][gc          ] GC(244) Pause Init Mark (unload classes) 0.170ms
[173.130s][info][gc,start    ] GC(244) Concurrent marking roots
[173.130s][info][gc,task     ] GC(244) Using 1 of 3 workers for concurrent marking roots
[173.130s][info][gc          ] GC(244) Concurrent marking roots 0.418ms
[173.130s][info][gc,start    ] GC(244) Concurrent marking (unload classes)
[173.130s][info][gc,task     ] GC(244) Using 1 of 3 workers for concurrent marking
[173.151s][info][gc          ] GC(244) Concurrent marking (unload classes) 21.168ms
[173.151s][info][gc,start    ] GC(244) Pause Final Mark (unload classes)
[173.151s][info][gc,task     ] GC(244) Using 3 of 3 workers for final marking
[173.152s][info][gc,ergo     ] GC(244) Collectable Garbage: 970M (93%), Immediate: 970M (93%), CSet: 0B (0%)
[173.152s][info][gc          ] GC(244) Pause Final Mark (unload classes) 0.364ms
[173.152s][info][gc,start    ] GC(244) Concurrent weak references
[173.152s][info][gc,task     ] GC(244) Using 1 of 3 workers for concurrent weak references
[173.152s][info][gc,ref      ] GC(244) Encountered references: Soft: 144, Weak: 702, Final: 0, Phantom: 27
[173.152s][info][gc,ref      ] GC(244) Discovered  references: Soft: 0, Weak: 150, Final: 0, Phantom: 12
[173.152s][info][gc,ref      ] GC(244) Enqueued    references: Soft: 0, Weak: 0, Final: 0, Phantom: 0
[173.152s][info][gc          ] GC(244) Concurrent weak references 0.157ms
[173.152s][info][gc,start    ] GC(244) Concurrent weak roots
[173.152s][info][gc,task     ] GC(244) Using 1 of 3 workers for concurrent weak root
[173.153s][info][gc          ] GC(244) Concurrent weak roots 0.755ms
[173.153s][info][gc,start    ] GC(244) Concurrent cleanup
[173.153s][info][gc          ] GC(244) Concurrent cleanup 1100M->130M(4096M) 0.043ms
[173.153s][info][gc,ergo     ] GC(244) Free: 3760M, Max: 2048K regular, 1700M humongous, Frag: 55% external, 0% internal; Reserve: 206M, Max: 2048K
[173.153s][info][gc,start    ] GC(244) Concurrent class unloading
[173.153s][info][gc,task     ] GC(244) Using 1 of 3 workers for concurrent class unloading
[173.155s][info][gc          ] GC(244) Concurrent class unloading 2.610ms
[173.156s][info][gc,start    ] GC(244) Pause Final Roots
[173.156s][info][gc          ] GC(244) Pause Final Roots 0.040ms
[173.156s][info][gc,ergo     ] Free: 3756M, Max: 2048K regular, 1700M humongous, Frag: 55% external, 0% internal; Reserve: 206M, Max: 2048K
[173.156s][info][gc,stats    ] 
[173.156s][info][gc,stats    ] All times are wall-clock times, except per-root-class counters, that are sum over
[173.156s][info][gc,stats    ] all workers. Dividing the <total> over the root stage time estimates parallelism.
[173.156s][info][gc,stats    ] 
[173.156s][info][gc,stats    ] Concurrent Reset                    604 us
[173.156s][info][gc,stats    ] Pause Init Mark (G)                 302 us
[173.156s][info][gc,stats    ] Pause Init Mark (N)                 187 us
[173.156s][info][gc,stats    ]   Update Region States               66 us
[173.156s][info][gc,stats    ] Concurrent Mark Roots               435 us, parallelism: 0.76x
[173.156s][info][gc,stats    ]   CMR: <total>                      330 us
[173.156s][info][gc,stats    ]   CMR: Thread Roots                 291 us, workers (us): 291, ---, ---, 
[173.156s][info][gc,stats    ]   CMR: VM Strong Roots                5 us, workers (us):   5, ---, ---, 
[173.156s][info][gc,stats    ]   CMR: CLDG Roots                    35 us, workers (us):  35, ---, ---, 
[173.156s][info][gc,stats    ] Concurrent Marking                21229 us
[173.156s][info][gc,stats    ] Pause Final Mark (G)                503 us
[173.156s][info][gc,stats    ] Pause Final Mark (N)                384 us
[173.156s][info][gc,stats    ]   Finish Mark                       133 us
[173.156s][info][gc,stats    ]   Update Region States               87 us
[173.156s][info][gc,stats    ]   Choose Collection Set              62 us
[173.156s][info][gc,stats    ]   Rebuild Free Set                   17 us
[173.156s][info][gc,stats    ] Concurrent Weak References          173 us, parallelism: 0.03x
[173.156s][info][gc,stats    ]   CWRF: <total>                       5 us
[173.156s][info][gc,stats    ]   CWRF: Weak References               5 us, workers (us):   5, ---, ---, 
[173.156s][info][gc,stats    ] Concurrent Weak Roots               776 us
[173.156s][info][gc,stats    ]   Roots                             645 us, parallelism: 0.88x
[173.156s][info][gc,stats    ]     CWR: <total>                    570 us
[173.156s][info][gc,stats    ]     CWR: Code Cache Roots           451 us, workers (us): 451, ---, ---, 
[173.156s][info][gc,stats    ]     CWR: VM Weak Roots              112 us, workers (us): 112, ---, ---, 
[173.156s][info][gc,stats    ]     CWR: CLDG Roots                   6 us, workers (us):   6, ---, ---, 
[173.156s][info][gc,stats    ]   Rendezvous                         79 us
[173.156s][info][gc,stats    ] Concurrent Cleanup                   51 us
[173.156s][info][gc,stats    ] Concurrent Class Unloading         2670 us
[173.156s][info][gc,stats    ]   Unlink Stale                     2241 us
[173.156s][info][gc,stats    ]     System Dictionary                 2 us
[173.156s][info][gc,stats    ]     Weak Class Links                  0 us
[173.156s][info][gc,stats    ]     Code Roots                     2237 us
[173.156s][info][gc,stats    ]   Rendezvous                        147 us
[173.156s][info][gc,stats    ]   Purge Unlinked                    202 us
[173.156s][info][gc,stats    ]     Code Roots                      190 us
[173.156s][info][gc,stats    ]     CLDG                             11 us
[173.156s][info][gc,stats    ]     Exception Caches                  0 us
[173.156s][info][gc,stats    ] Pause Final Roots (G)               170 us
[173.156s][info][gc,stats    ] Pause Final Roots (N)                59 us
[173.156s][info][gc,stats    ] 
[173.156s][info][gc,stats    ] Allocation pacing accrued:
[173.156s][info][gc,stats    ]       0 of   459 ms (  0.0%): <total>
[173.156s][info][gc,stats    ]       0 of   459 ms (  0.0%): <average total>
[173.156s][info][gc,stats    ] 
[173.156s][info][gc,metaspace] Metaspace: 9019K(9280K)->9019K(9280K) NonClass: 7846K(8000K)->7846K(8000K) Class: 1172K(1280K)->1172K(1280K)
[173.156s][info][gc,ergo     ] Pacer for Idle. Initial: 83886K, Alloc Tax Rate: 1.0x
[174.809s][info][gc          ] Trigger: Explicit GC request (System.gc())
[174.809s][info][gc,ergo     ] Free: 956M, Max: 2048K regular, 954M humongous, Frag: 1% external, 0% internal; Reserve: 206M, Max: 2048K
[174.809s][info][gc,start    ] GC(245) Concurrent reset
[174.809s][info][gc,task     ] GC(245) Using 1 of 3 workers for concurrent reset
[174.809s][info][gc,ergo     ] GC(245) Pacer for Reset. Non-Taxable: 4096M
[174.810s][info][gc          ] GC(245) Concurrent reset 0.817ms
[174.810s][info][gc,start    ] GC(245) Pause Init Mark (unload classes)
[174.810s][info][gc,task     ] GC(245) Using 3 of 3 workers for init marking
[174.810s][info][gc,ref      ] GC(245) Clearing All SoftReferences
[174.810s][info][gc,ergo     ] GC(245) Pacer for Mark. Expected Live: 9454K, Free: 956M, Non-Taxable: 97894K, Alloc Tax Rate: 0.0x
[174.810s][info][gc          ] GC(245) Pause Init Mark (unload classes) 0.278ms
[174.810s][info][gc,start    ] GC(245) Concurrent marking roots
[174.810s][info][gc,task     ] GC(245) Using 1 of 3 workers for concurrent marking roots
[174.811s][info][gc          ] GC(245) Concurrent marking roots 0.479ms
[174.811s][info][gc,start    ] GC(245) Concurrent marking (unload classes)
[174.811s][info][gc,task     ] GC(245) Using 1 of 3 workers for concurrent marking
[174.815s][info][gc          ] GC(245) Concurrent marking (unload classes) 4.083ms
[174.815s][info][gc,start    ] GC(245) Pause Final Mark (unload classes)
[174.815s][info][gc,task     ] GC(245) Using 3 of 3 workers for final marking
[174.815s][info][gc,ergo     ] GC(245) Collectable Garbage: 2894M (98%), Immediate: 2894M (98%), CSet: 0B (0%)
[174.815s][info][gc          ] GC(245) Pause Final Mark (unload classes) 0.359ms
[174.815s][info][gc,start    ] GC(245) Concurrent weak references
[174.815s][info][gc,task     ] GC(245) Using 1 of 3 workers for concurrent weak references
[174.816s][info][gc,ref      ] GC(245) Encountered references: Soft: 144, Weak: 702, Final: 0, Phantom: 27
[174.816s][info][gc,ref      ] GC(245) Discovered  references: Soft: 88, Weak: 168, Final: 0, Phantom: 25
[174.816s][info][gc,ref      ] GC(245) Enqueued    references: Soft: 3, Weak: 0, Final: 0, Phantom: 0
[174.816s][info][gc          ] GC(245) Concurrent weak references 0.217ms
[174.816s][info][gc,start    ] GC(245) Concurrent weak roots
[174.816s][info][gc,task     ] GC(245) Using 1 of 3 workers for concurrent weak root
[174.816s][info][gc          ] GC(245) Concurrent weak roots 0.545ms
[174.816s][info][gc,start    ] GC(245) Concurrent cleanup
[174.816s][info][gc          ] GC(245) Concurrent cleanup 2934M->40M(4096M) 0.085ms
[174.816s][info][gc,ergo     ] GC(245) Free: 3850M, Max: 2048K regular, 2720M humongous, Frag: 30% external, 0% internal; Reserve: 206M, Max: 2048K
[174.816s][info][gc,start    ] GC(245) Concurrent class unloading
[174.816s][info][gc,task     ] GC(245) Using 1 of 3 workers for concurrent class unloading
[174.819s][info][gc          ] GC(245) Concurrent class unloading 2.844ms
[174.819s][info][gc,start    ] GC(245) Pause Final Roots
[174.819s][info][gc          ] GC(245) Pause Final Roots 0.064ms
[174.819s][info][gc,ergo     ] Free: 3850M, Max: 2048K regular, 2720M humongous, Frag: 30% external, 0% internal; Reserve: 206M, Max: 2048K
[174.819s][info][gc,stats    ] 
[174.819s][info][gc,stats    ] All times are wall-clock times, except per-root-class counters, that are sum over
[174.819s][info][gc,stats    ] all workers. Dividing the <total> over the root stage time estimates parallelism.
[174.819s][info][gc,stats    ] 
[174.819s][info][gc,stats    ] Concurrent Reset                    875 us
[174.820s][info][gc,stats    ] Pause Init Mark (G)                 438 us
[174.820s][info][gc,stats    ] Pause Init Mark (N)                 296 us
[174.820s][info][gc,stats    ]   Update Region States              100 us
[174.820s][info][gc,stats    ] Concurrent Mark Roots               500 us, parallelism: 0.76x
[174.820s][info][gc,stats    ]   CMR: <total>                      381 us
[174.820s][info][gc,stats    ]   CMR: Thread Roots                 332 us, workers (us): 332, ---, ---, 
[174.820s][info][gc,stats    ]   CMR: VM Strong Roots                8 us, workers (us):   8, ---, ---, 
[174.820s][info][gc,stats    ]   CMR: CLDG Roots                    42 us, workers (us):  42, ---, ---, 
[174.820s][info][gc,stats    ] Concurrent Marking                 4141 us
[174.820s][info][gc,stats    ] Pause Final Mark (G)                482 us
[174.820s][info][gc,stats    ] Pause Final Mark (N)                378 us
[174.820s][info][gc,stats    ]   Finish Mark                       102 us
[174.820s][info][gc,stats    ]   Update Region States               85 us
[174.820s][info][gc,stats    ]   Choose Collection Set              73 us
[174.820s][info][gc,stats    ]   Rebuild Free Set                   17 us
[174.820s][info][gc,stats    ] Concurrent Weak References          225 us, parallelism: 0.06x
[174.820s][info][gc,stats    ]   CWRF: <total>                      14 us
[174.820s][info][gc,stats    ]   CWRF: Weak References              14 us, workers (us):  14, ---, ---, 
[174.820s][info][gc,stats    ] Concurrent Weak Roots               566 us
[174.820s][info][gc,stats    ]   Roots                             438 us, parallelism: 0.88x
[174.820s][info][gc,stats    ]     CWR: <total>                    387 us
[174.820s][info][gc,stats    ]     CWR: Code Cache Roots           322 us, workers (us): 322, ---, ---, 
[174.820s][info][gc,stats    ]     CWR: VM Weak Roots               60 us, workers (us):  60, ---, ---, 
[174.820s][info][gc,stats    ]     CWR: CLDG Roots                   4 us, workers (us):   4, ---, ---, 
[174.820s][info][gc,stats    ]   Rendezvous                         90 us
[174.820s][info][gc,stats    ] Concurrent Cleanup                   93 us
[174.820s][info][gc,stats    ] Concurrent Class Unloading         2901 us
[174.820s][info][gc,stats    ]   Unlink Stale                     2565 us
[174.820s][info][gc,stats    ]     System Dictionary                 3 us
[174.820s][info][gc,stats    ]     Weak Class Links                  0 us
[174.820s][info][gc,stats    ]     Code Roots                     2560 us
[174.820s][info][gc,stats    ]   Rendezvous                         94 us
[174.820s][info][gc,stats    ]   Purge Unlinked                    166 us
[174.820s][info][gc,stats    ]     Code Roots                      155 us
[174.820s][info][gc,stats    ]     CLDG                             11 us
[174.820s][info][gc,stats    ]     Exception Caches                  0 us
[174.820s][info][gc,stats    ] Pause Final Roots (G)               208 us
[174.820s][info][gc,stats    ] Pause Final Roots (N)                87 us
[174.820s][info][gc,stats    ] 
[174.820s][info][gc,stats    ] Allocation pacing accrued:
[174.820s][info][gc,stats    ]       0 of  1663 ms (  0.0%): <total>
[174.820s][info][gc,stats    ]       0 of  1663 ms (  0.0%): <average total>
[174.820s][info][gc,stats    ] 
[174.820s][info][gc,metaspace] Metaspace: 9021K(9280K)->9021K(9280K) NonClass: 7848K(8000K)->7848K(8000K) Class: 1172K(1280K)->1172K(1280K)
[174.820s][info][gc,ergo     ] Pacer for Idle. Initial: 83886K, Alloc Tax Rate: 1.0x
[175.279s][info][gc          ] Trigger: Learning 2 of 5. Free (2860M) is below initial threshold (2867M)
[175.279s][info][gc,ergo     ] Free: 2860M, Max: 2048K regular, 1772M humongous, Frag: 39% external, 0% internal; Reserve: 206M, Max: 2048K
[175.279s][info][gc,start    ] GC(246) Concurrent reset
[175.279s][info][gc,task     ] GC(246) Using 1 of 3 workers for concurrent reset
[175.279s][info][gc,ergo     ] GC(246) Pacer for Reset. Non-Taxable: 4096M
[175.279s][info][gc          ] GC(246) Concurrent reset 0.485ms
[175.279s][info][gc,start    ] GC(246) Pause Init Mark (unload classes)
[175.279s][info][gc,task     ] GC(246) Using 3 of 3 workers for init marking
[175.280s][info][gc,ergo     ] GC(246) Pacer for Mark. Expected Live: 9454K, Free: 2860M, Non-Taxable: 286M, Alloc Tax Rate: 0.0x
[175.280s][info][gc          ] GC(246) Pause Init Mark (unload classes) 0.173ms
[175.280s][info][gc,start    ] GC(246) Concurrent marking roots
[175.280s][info][gc,task     ] GC(246) Using 1 of 3 workers for concurrent marking roots
[175.280s][info][gc          ] GC(246) Concurrent marking roots 0.670ms
[175.280s][info][gc,start    ] GC(246) Concurrent marking (unload classes)
[175.280s][info][gc,task     ] GC(246) Using 1 of 3 workers for concurrent marking
[175.288s][info][gc          ] GC(246) Concurrent marking (unload classes) 7.861ms
[175.288s][info][gc,start    ] GC(246) Pause Final Mark (unload classes)
[175.288s][info][gc,task     ] GC(246) Using 3 of 3 workers for final marking
[175.289s][info][gc,ergo     ] GC(246) Collectable Garbage: 974M (95%), Immediate: 974M (95%), CSet: 0B (0%)
[175.289s][info][gc          ] GC(246) Pause Final Mark (unload classes) 0.355ms
[175.289s][info][gc,start    ] GC(246) Concurrent weak references
[175.289s][info][gc,task     ] GC(246) Using 1 of 3 workers for concurrent weak references
[175.289s][info][gc,ref      ] GC(246) Encountered references: Soft: 144, Weak: 702, Final: 0, Phantom: 27
[175.289s][info][gc,ref      ] GC(246) Discovered  references: Soft: 0, Weak: 150, Final: 0, Phantom: 12
[175.289s][info][gc,ref      ] GC(246) Enqueued    references: Soft: 0, Weak: 0, Final: 0, Phantom: 0
[175.289s][info][gc          ] GC(246) Concurrent weak references 0.149ms
[175.289s][info][gc,start    ] GC(246) Concurrent weak roots
[175.289s][info][gc,task     ] GC(246) Using 1 of 3 workers for concurrent weak root
[175.290s][info][gc          ] GC(246) Concurrent weak roots 0.595ms
[175.290s][info][gc,start    ] GC(246) Concurrent cleanup
[175.290s][info][gc          ] GC(246) Concurrent cleanup 1050M->76M(4096M) 0.042ms
[175.290s][info][gc,ergo     ] GC(246) Free: 3814M, Max: 2048K regular, 1752M humongous, Frag: 55% external, 0% internal; Reserve: 206M, Max: 2048K
[175.290s][info][gc,start    ] GC(246) Concurrent class unloading
[175.290s][info][gc,task     ] GC(246) Using 1 of 3 workers for concurrent class unloading
[175.292s][info][gc          ] GC(246) Concurrent class unloading 1.975ms
[175.292s][info][gc,start    ] GC(246) Pause Final Roots
[175.292s][info][gc          ] GC(246) Pause Final Roots 0.041ms
[175.292s][info][gc,ergo     ] Free: 3810M, Max: 2048K regular, 1752M humongous, Frag: 55% external, 0% internal; Reserve: 206M, Max: 2048K
[175.292s][info][gc,stats    ] 
[175.292s][info][gc,stats    ] All times are wall-clock times, except per-root-class counters, that are sum over
[175.292s][info][gc,stats    ] all workers. Dividing the <total> over the root stage time estimates parallelism.
[175.292s][info][gc,stats    ] 
[175.292s][info][gc,stats    ] Concurrent Reset                    516 us
[175.292s][info][gc,stats    ] Pause Init Mark (G)                 335 us
[175.292s][info][gc,stats    ] Pause Init Mark (N)                 182 us
[175.292s][info][gc,stats    ]   Update Region States               75 us
[175.292s][info][gc,stats    ] Concurrent Mark Roots               687 us, parallelism: 0.87x
[175.292s][info][gc,stats    ]   CMR: <total>                      598 us
[175.292s][info][gc,stats    ]   CMR: Thread Roots                 527 us, workers (us): 527, ---, ---, 
[175.292s][info][gc,stats    ]   CMR: VM Strong Roots                6 us, workers (us):   6, ---, ---, 
[175.292s][info][gc,stats    ]   CMR: CLDG Roots                    65 us, workers (us):  65, ---, ---, 
[175.292s][info][gc,stats    ] Concurrent Marking                 7920 us
[175.292s][info][gc,stats    ] Pause Final Mark (G)                492 us
[175.292s][info][gc,stats    ] Pause Final Mark (N)                374 us
[175.292s][info][gc,stats    ]   Finish Mark                       122 us
[175.292s][info][gc,stats    ]   Update Region States               89 us
[175.292s][info][gc,stats    ]   Choose Collection Set              63 us
[175.292s][info][gc,stats    ]   Rebuild Free Set                   16 us
[175.292s][info][gc,stats    ] Concurrent Weak References          165 us, parallelism: 0.05x
[175.292s][info][gc,stats    ]   CWRF: <total>                       8 us
[175.292s][info][gc,stats    ]   CWRF: Weak References               8 us, workers (us):   8, ---, ---, 
[175.292s][info][gc,stats    ] Concurrent Weak Roots               614 us
[175.292s][info][gc,stats    ]   Roots                             485 us, parallelism: 0.89x
[175.292s][info][gc,stats    ]     CWR: <total>                    432 us
[175.292s][info][gc,stats    ]     CWR: Code Cache Roots           363 us, workers (us): 363, ---, ---, 
[175.292s][info][gc,stats    ]     CWR: VM Weak Roots               64 us, workers (us):  64, ---, ---, 
[175.292s][info][gc,stats    ]     CWR: CLDG Roots                   5 us, workers (us):   5, ---, ---, 
[175.292s][info][gc,stats    ]   Rendezvous                         79 us
[175.292s][info][gc,stats    ] Concurrent Cleanup                   50 us
[175.292s][info][gc,stats    ] Concurrent Class Unloading         2030 us
[175.292s][info][gc,stats    ]   Unlink Stale                     1754 us
[175.292s][info][gc,stats    ]     System Dictionary                 3 us
[175.292s][info][gc,stats    ]     Weak Class Links                  0 us
[175.292s][info][gc,stats    ]     Code Roots                     1749 us
[175.292s][info][gc,stats    ]   Rendezvous                         99 us
[175.292s][info][gc,stats    ]   Purge Unlinked                    105 us
[175.292s][info][gc,stats    ]     Code Roots                       96 us
[175.292s][info][gc,stats    ]     CLDG                              9 us
[175.292s][info][gc,stats    ]     Exception Caches                  0 us
[175.292s][info][gc,stats    ] Pause Final Roots (G)               181 us
[175.292s][info][gc,stats    ] Pause Final Roots (N)                58 us
[175.292s][info][gc,stats    ] 
[175.292s][info][gc,stats    ] Allocation pacing accrued:
[175.292s][info][gc,stats    ]       0 of   473 ms (  0.0%): <total>
[175.292s][info][gc,stats    ]       0 of   473 ms (  0.0%): <average total>
[175.292s][info][gc,stats    ] 
[175.292s][info][gc,metaspace] Metaspace: 9023K(9280K)->9023K(9280K) NonClass: 7851K(8000K)->7851K(8000K) Class: 1172K(1280K)->1172K(1280K)
[175.292s][info][gc,ergo     ] Pacer for Idle. Initial: 83886K, Alloc Tax Rate: 1.0x
[175.750s][info][gc          ] Trigger: Learning 3 of 5. Free (2842M) is below initial threshold (2867M)
[175.750s][info][gc,ergo     ] Free: 2842M, Max: 2048K regular, 1752M humongous, Frag: 39% external, 0% internal; Reserve: 206M, Max: 2048K
[175.750s][info][gc,start    ] GC(247) Concurrent reset
[175.750s][info][gc,task     ] GC(247) Using 1 of 3 workers for concurrent reset
[175.750s][info][gc,ergo     ] GC(247) Pacer for Reset. Non-Taxable: 4096M
[175.751s][info][gc          ] GC(247) Concurrent reset 0.577ms
[175.751s][info][gc,start    ] GC(247) Pause Init Mark (unload classes)
[175.751s][info][gc,task     ] GC(247) Using 3 of 3 workers for init marking
[175.751s][info][gc,ergo     ] GC(247) Pacer for Mark. Expected Live: 9453K, Free: 2840M, Non-Taxable: 284M, Alloc Tax Rate: 0.0x
[175.751s][info][gc          ] GC(247) Pause Init Mark (unload classes) 0.246ms
[175.751s][info][gc,start    ] GC(247) Concurrent marking roots
[175.751s][info][gc,task     ] GC(247) Using 1 of 3 workers for concurrent marking roots
[175.752s][info][gc          ] GC(247) Concurrent marking roots 0.503ms
[175.752s][info][gc,start    ] GC(247) Concurrent marking (unload classes)
[175.752s][info][gc,task     ] GC(247) Using 1 of 3 workers for concurrent marking
[175.765s][info][gc          ] GC(247) Concurrent marking (unload classes) 12.991ms
[175.765s][info][gc,start    ] GC(247) Pause Final Mark (unload classes)
[175.765s][info][gc,task     ] GC(247) Using 3 of 3 workers for final marking
[175.765s][info][gc,ergo     ] GC(247) Collectable Garbage: 988M (94%), Immediate: 988M (94%), CSet: 0B (0%)
[175.765s][info][gc          ] GC(247) Pause Final Mark (unload classes) 0.334ms
[175.765s][info][gc,start    ] GC(247) Concurrent weak references
[175.765s][info][gc,task     ] GC(247) Using 1 of 3 workers for concurrent weak references
[175.765s][info][gc,ref      ] GC(247) Encountered references: Soft: 144, Weak: 702, Final: 0, Phantom: 27
[175.765s][info][gc,ref      ] GC(247) Discovered  references: Soft: 0, Weak: 150, Final: 0, Phantom: 12
[175.765s][info][gc,ref      ] GC(247) Enqueued    references: Soft: 0, Weak: 0, Final: 0, Phantom: 0
[175.765s][info][gc          ] GC(247) Concurrent weak references 0.142ms
[175.765s][info][gc,start    ] GC(247) Concurrent weak roots
[175.765s][info][gc,task     ] GC(247) Using 1 of 3 workers for concurrent weak root
[175.766s][info][gc          ] GC(247) Concurrent weak roots 0.586ms
[175.766s][info][gc,start    ] GC(247) Concurrent cleanup
[175.766s][info][gc          ] GC(247) Concurrent cleanup 1080M->92M(4096M) 0.045ms
[175.766s][info][gc,ergo     ] GC(247) Free: 3798M, Max: 2048K regular, 1720M humongous, Frag: 55% external, 0% internal; Reserve: 206M, Max: 2048K
[175.766s][info][gc,start    ] GC(247) Concurrent class unloading
[175.766s][info][gc,task     ] GC(247) Using 1 of 3 workers for concurrent class unloading
[175.768s][info][gc          ] GC(247) Concurrent class unloading 2.067ms
[175.768s][info][gc,start    ] GC(247) Pause Final Roots
[175.768s][info][gc          ] GC(247) Pause Final Roots 0.020ms
[175.768s][info][gc,ergo     ] Free: 3794M, Max: 2048K regular, 1720M humongous, Frag: 55% external, 0% internal; Reserve: 206M, Max: 2048K
[175.768s][info][gc,stats    ] 
[175.768s][info][gc,stats    ] All times are wall-clock times, except per-root-class counters, that are sum over
[175.768s][info][gc,stats    ] all workers. Dividing the <total> over the root stage time estimates parallelism.
[175.768s][info][gc,stats    ] 
[175.768s][info][gc,stats    ] Concurrent Reset                    643 us
[175.768s][info][gc,stats    ] Pause Init Mark (G)                 425 us
[175.768s][info][gc,stats    ] Pause Init Mark (N)                 265 us
[175.768s][info][gc,stats    ]   Update Region States              116 us
[175.768s][info][gc,stats    ] Concurrent Mark Roots               521 us, parallelism: 0.67x
[175.769s][info][gc,stats    ]   CMR: <total>                      351 us
[175.769s][info][gc,stats    ]   CMR: Thread Roots                 311 us, workers (us): 311, ---, ---, 
[175.769s][info][gc,stats    ]   CMR: VM Strong Roots                5 us, workers (us):   5, ---, ---, 
[175.769s][info][gc,stats    ]   CMR: CLDG Roots                    35 us, workers (us):  35, ---, ---, 
[175.769s][info][gc,stats    ] Concurrent Marking                13050 us
[175.769s][info][gc,stats    ] Pause Final Mark (G)                479 us
[175.769s][info][gc,stats    ] Pause Final Mark (N)                353 us
[175.769s][info][gc,stats    ]   Finish Mark                       107 us
[175.769s][info][gc,stats    ]   Update Region States               87 us
[175.769s][info][gc,stats    ]   Choose Collection Set              62 us
[175.769s][info][gc,stats    ]   Rebuild Free Set                   16 us
[175.769s][info][gc,stats    ] Concurrent Weak References          154 us, parallelism: 0.03x
[175.769s][info][gc,stats    ]   CWRF: <total>                       5 us
[175.769s][info][gc,stats    ]   CWRF: Weak References               5 us, workers (us):   5, ---, ---, 
[175.769s][info][gc,stats    ] Concurrent Weak Roots               611 us
[175.769s][info][gc,stats    ]   Roots                             490 us, parallelism: 0.89x
[175.769s][info][gc,stats    ]     CWR: <total>                    435 us
[175.769s][info][gc,stats    ]     CWR: Code Cache Roots           368 us, workers (us): 368, ---, ---, 
[175.769s][info][gc,stats    ]     CWR: VM Weak Roots               62 us, workers (us):  62, ---, ---, 
[175.769s][info][gc,stats    ]     CWR: CLDG Roots                   5 us, workers (us):   5, ---, ---, 
[175.769s][info][gc,stats    ]   Rendezvous                         80 us
[175.769s][info][gc,stats    ] Concurrent Cleanup                   54 us
[175.769s][info][gc,stats    ] Concurrent Class Unloading         2120 us
[175.769s][info][gc,stats    ]   Unlink Stale                     1806 us
[175.769s][info][gc,stats    ]     System Dictionary                 4 us
[175.769s][info][gc,stats    ]     Weak Class Links                  0 us
[175.769s][info][gc,stats    ]     Code Roots                     1801 us
[175.769s][info][gc,stats    ]   Rendezvous                        124 us
[175.769s][info][gc,stats    ]   Purge Unlinked                    117 us
[175.769s][info][gc,stats    ]     Code Roots                      108 us
[175.769s][info][gc,stats    ]     CLDG                              9 us
[175.769s][info][gc,stats    ]     Exception Caches                  0 us
[175.769s][info][gc,stats    ] Pause Final Roots (G)               113 us
[175.769s][info][gc,stats    ] Pause Final Roots (N)                28 us
[175.769s][info][gc,stats    ] 
[175.769s][info][gc,stats    ] Allocation pacing accrued:
[175.769s][info][gc,stats    ]       0 of   477 ms (  0.0%): <total>
[175.769s][info][gc,stats    ]       0 of   477 ms (  0.0%): <average total>
[175.769s][info][gc,stats    ] 
[175.769s][info][gc,metaspace] Metaspace: 9023K(9280K)->9023K(9280K) NonClass: 7851K(8000K)->7851K(8000K) Class: 1172K(1280K)->1172K(1280K)
[175.769s][info][gc,ergo     ] Pacer for Idle. Initial: 83886K, Alloc Tax Rate: 1.0x
[176.221s][info][gc          ] Trigger: Learning 4 of 5. Free (2834M) is below initial threshold (2867M)
[176.221s][info][gc,ergo     ] Free: 2834M, Max: 2048K regular, 1720M humongous, Frag: 40% external, 0% internal; Reserve: 206M, Max: 2048K
[176.221s][info][gc,start    ] GC(248) Concurrent reset
[176.221s][info][gc,task     ] GC(248) Using 1 of 3 workers for concurrent reset
[176.221s][info][gc,ergo     ] GC(248) Pacer for Reset. Non-Taxable: 4096M
[176.222s][info][gc          ] GC(248) Concurrent reset 0.508ms
[176.222s][info][gc,start    ] GC(248) Pause Init Mark (unload classes)
[176.222s][info][gc,task     ] GC(248) Using 3 of 3 workers for init marking
[176.222s][info][gc,ergo     ] GC(248) Pacer for Mark. Expected Live: 9453K, Free: 2832M, Non-Taxable: 283M, Alloc Tax Rate: 0.0x
[176.222s][info][gc          ] GC(248) Pause Init Mark (unload classes) 0.145ms
[176.222s][info][gc,start    ] GC(248) Concurrent marking roots
[176.222s][info][gc,task     ] GC(248) Using 1 of 3 workers for concurrent marking roots
[176.223s][info][gc          ] GC(248) Concurrent marking roots 0.763ms
[176.223s][info][gc,start    ] GC(248) Concurrent marking (unload classes)
[176.223s][info][gc,task     ] GC(248) Using 1 of 3 workers for concurrent marking
[176.240s][info][gc          ] GC(248) Concurrent marking (unload classes) 17.475ms
[176.241s][info][gc,start    ] GC(248) Pause Final Mark (unload classes)
[176.241s][info][gc,task     ] GC(248) Using 3 of 3 workers for final marking
[176.241s][info][gc,ergo     ] GC(248) Collectable Garbage: 986M (94%), Immediate: 986M (94%), CSet: 0B (0%)
[176.241s][info][gc          ] GC(248) Pause Final Mark (unload classes) 0.342ms
[176.241s][info][gc,start    ] GC(248) Concurrent weak references
[176.241s][info][gc,task     ] GC(248) Using 1 of 3 workers for concurrent weak references
[176.241s][info][gc,ref      ] GC(248) Encountered references: Soft: 144, Weak: 702, Final: 0, Phantom: 27
[176.241s][info][gc,ref      ] GC(248) Discovered  references: Soft: 0, Weak: 150, Final: 0, Phantom: 12
[176.241s][info][gc,ref      ] GC(248) Enqueued    references: Soft: 0, Weak: 0, Final: 0, Phantom: 0
[176.241s][info][gc          ] GC(248) Concurrent weak references 0.222ms
[176.241s][info][gc,start    ] GC(248) Concurrent weak roots
[176.241s][info][gc,task     ] GC(248) Using 1 of 3 workers for concurrent weak root
[176.242s][info][gc          ] GC(248) Concurrent weak roots 0.597ms
[176.242s][info][gc,start    ] GC(248) Concurrent cleanup
[176.242s][info][gc          ] GC(248) Concurrent cleanup 1098M->112M(4096M) 0.043ms
[176.242s][info][gc,ergo     ] GC(248) Free: 3778M, Max: 2048K regular, 1702M humongous, Frag: 55% external, 0% internal; Reserve: 206M, Max: 2048K
[176.242s][info][gc,start    ] GC(248) Concurrent class unloading
[176.242s][info][gc,task     ] GC(248) Using 1 of 3 workers for concurrent class unloading
[176.245s][info][gc          ] GC(248) Concurrent class unloading 3.100ms
[176.245s][info][gc,start    ] GC(248) Pause Final Roots
[176.245s][info][gc          ] GC(248) Pause Final Roots 0.045ms
[176.245s][info][gc,ergo     ] Free: 3770M, Max: 2048K regular, 1702M humongous, Frag: 55% external, 0% internal; Reserve: 206M, Max: 2048K
[176.245s][info][gc,stats    ] 
[176.245s][info][gc,stats    ] All times are wall-clock times, except per-root-class counters, that are sum over
[176.245s][info][gc,stats    ] all workers. Dividing the <total> over the root stage time estimates parallelism.
[176.245s][info][gc,stats    ] 
[176.245s][info][gc,stats    ] Concurrent Reset                    561 us
[176.245s][info][gc,stats    ] Pause Init Mark (G)                 271 us
[176.245s][info][gc,stats    ] Pause Init Mark (N)                 154 us
[176.245s][info][gc,stats    ]   Update Region States               72 us
[176.245s][info][gc,stats    ] Concurrent Mark Roots               787 us, parallelism: 0.82x
[176.245s][info][gc,stats    ]   CMR: <total>                      642 us
[176.245s][info][gc,stats    ]   CMR: Thread Roots                 568 us, workers (us): 568, ---, ---, 
[176.245s][info][gc,stats    ]   CMR: VM Strong Roots                7 us, workers (us):   7, ---, ---, 
[176.245s][info][gc,stats    ]   CMR: CLDG Roots                    67 us, workers (us):  67, ---, ---, 
[176.245s][info][gc,stats    ] Concurrent Marking                17537 us
[176.245s][info][gc,stats    ] Pause Final Mark (G)                501 us
[176.245s][info][gc,stats    ] Pause Final Mark (N)                361 us
[176.245s][info][gc,stats    ]   Finish Mark                       108 us
[176.245s][info][gc,stats    ]   Update Region States               87 us
[176.245s][info][gc,stats    ]   Choose Collection Set              62 us
[176.245s][info][gc,stats    ]   Rebuild Free Set                   17 us
[176.245s][info][gc,stats    ] Concurrent Weak References          239 us, parallelism: 0.03x
[176.245s][info][gc,stats    ]   CWRF: <total>                       8 us
[176.245s][info][gc,stats    ]   CWRF: Weak References               8 us, workers (us):   8, ---, ---, 
[176.245s][info][gc,stats    ] Concurrent Weak Roots               615 us
[176.245s][info][gc,stats    ]   Roots                             484 us, parallelism: 0.89x
[176.245s][info][gc,stats    ]     CWR: <total>                    429 us
[176.245s][info][gc,stats    ]     CWR: Code Cache Roots           362 us, workers (us): 362, ---, ---, 
[176.245s][info][gc,stats    ]     CWR: VM Weak Roots               62 us, workers (us):  62, ---, ---, 
[176.245s][info][gc,stats    ]     CWR: CLDG Roots                   5 us, workers (us):   5, ---, ---, 
[176.245s][info][gc,stats    ]   Rendezvous                         80 us
[176.245s][info][gc,stats    ] Concurrent Cleanup                   51 us
[176.245s][info][gc,stats    ] Concurrent Class Unloading         3157 us
[176.246s][info][gc,stats    ]   Unlink Stale                     2856 us
[176.246s][info][gc,stats    ]     System Dictionary                 3 us
[176.246s][info][gc,stats    ]     Weak Class Links                  0 us
[176.246s][info][gc,stats    ]     Code Roots                     2852 us
[176.246s][info][gc,stats    ]   Rendezvous                        100 us
[176.246s][info][gc,stats    ]   Purge Unlinked                    125 us
[176.246s][info][gc,stats    ]     Code Roots                      115 us
[176.246s][info][gc,stats    ]     CLDG                              9 us
[176.246s][info][gc,stats    ]     Exception Caches                  0 us
[176.246s][info][gc,stats    ] Pause Final Roots (G)               176 us
[176.246s][info][gc,stats    ] Pause Final Roots (N)                66 us
[176.246s][info][gc,stats    ] 
[176.246s][info][gc,stats    ] Allocation pacing accrued:
[176.246s][info][gc,stats    ]       0 of   477 ms (  0.0%): <total>
[176.246s][info][gc,stats    ]       0 of   477 ms (  0.0%): <average total>
[176.246s][info][gc,stats    ] 
[176.246s][info][gc,metaspace] Metaspace: 9023K(9280K)->9023K(9280K) NonClass: 7851K(8000K)->7851K(8000K) Class: 1172K(1280K)->1172K(1280K)
[176.246s][info][gc,ergo     ] Pacer for Idle. Initial: 83886K, Alloc Tax Rate: 1.0x
[176.676s][info][gc          ] Trigger: Learning 5 of 5. Free (2844M) is below initial threshold (2867M)
[176.677s][info][gc,ergo     ] Free: 2844M, Max: 2048K regular, 1702M humongous, Frag: 41% external, 0% internal; Reserve: 206M, Max: 2048K
[176.677s][info][gc,start    ] GC(249) Concurrent reset
[176.677s][info][gc,task     ] GC(249) Using 1 of 3 workers for concurrent reset
[176.677s][info][gc,ergo     ] GC(249) Pacer for Reset. Non-Taxable: 4096M
[176.677s][info][gc          ] GC(249) Concurrent reset 0.579ms
[176.677s][info][gc,start    ] GC(249) Pause Init Mark (unload classes)
[176.677s][info][gc,task     ] GC(249) Using 3 of 3 workers for init marking
[176.677s][info][gc,ergo     ] GC(249) Pacer for Mark. Expected Live: 9456K, Free: 2842M, Non-Taxable: 284M, Alloc Tax Rate: 0.0x
[176.677s][info][gc          ] GC(249) Pause Init Mark (unload classes) 0.157ms
[176.677s][info][gc,start    ] GC(249) Concurrent marking roots
[176.678s][info][gc,task     ] GC(249) Using 1 of 3 workers for concurrent marking roots
[176.678s][info][gc          ] GC(249) Concurrent marking roots 0.739ms
[176.678s][info][gc,start    ] GC(249) Concurrent marking (unload classes)
[176.678s][info][gc,task     ] GC(249) Using 1 of 3 workers for concurrent marking
[176.700s][info][gc          ] GC(249) Concurrent marking (unload classes) 21.293ms
[176.700s][info][gc,start    ] GC(249) Pause Final Mark (unload classes)
[176.700s][info][gc,task     ] GC(249) Using 3 of 3 workers for final marking
[176.700s][info][gc,ergo     ] GC(249) Collectable Garbage: 972M (94%), Immediate: 972M (94%), CSet: 0B (0%)
[176.700s][info][gc          ] GC(249) Pause Final Mark (unload classes) 0.350ms
[176.700s][info][gc,start    ] GC(249) Concurrent weak references
[176.700s][info][gc,task     ] GC(249) Using 1 of 3 workers for concurrent weak references
[176.700s][info][gc,ref      ] GC(249) Encountered references: Soft: 144, Weak: 702, Final: 0, Phantom: 27
[176.700s][info][gc,ref      ] GC(249) Discovered  references: Soft: 0, Weak: 150, Final: 0, Phantom: 12
[176.700s][info][gc,ref      ] GC(249) Enqueued    references: Soft: 0, Weak: 0, Final: 0, Phantom: 0
[176.700s][info][gc          ] GC(249) Concurrent weak references 0.140ms
[176.700s][info][gc,start    ] GC(249) Concurrent weak roots
[176.700s][info][gc,task     ] GC(249) Using 1 of 3 workers for concurrent weak root
[176.701s][info][gc          ] GC(249) Concurrent weak roots 0.596ms
[176.701s][info][gc,start    ] GC(249) Concurrent cleanup
[176.701s][info][gc          ] GC(249) Concurrent cleanup 1098M->126M(4096M) 0.045ms
[176.701s][info][gc,ergo     ] GC(249) Free: 3764M, Max: 2048K regular, 1720M humongous, Frag: 55% external, 0% internal; Reserve: 206M, Max: 2048K
[176.701s][info][gc,start    ] GC(249) Concurrent class unloading
[176.701s][info][gc,task     ] GC(249) Using 1 of 3 workers for concurrent class unloading
[176.703s][info][gc          ] GC(249) Concurrent class unloading 2.476ms
[176.704s][info][gc,start    ] GC(249) Pause Final Roots
[176.704s][info][gc          ] GC(249) Pause Final Roots 0.045ms
[176.704s][info][gc,ergo     ] Free: 3762M, Max: 2048K regular, 1720M humongous, Frag: 55% external, 0% internal; Reserve: 206M, Max: 2048K
[176.704s][info][gc,stats    ] 
[176.704s][info][gc,stats    ] All times are wall-clock times, except per-root-class counters, that are sum over
[176.704s][info][gc,stats    ] all workers. Dividing the <total> over the root stage time estimates parallelism.
[176.704s][info][gc,stats    ] 
[176.704s][info][gc,stats    ] Concurrent Reset                    614 us
[176.704s][info][gc,stats    ] Pause Init Mark (G)                 293 us
[176.704s][info][gc,stats    ] Pause Init Mark (N)                 174 us
[176.704s][info][gc,stats    ]   Update Region States               53 us
[176.704s][info][gc,stats    ] Concurrent Mark Roots               763 us, parallelism: 0.83x
[176.704s][info][gc,stats    ]   CMR: <total>                      636 us
[176.704s][info][gc,stats    ]   CMR: Thread Roots                 564 us, workers (us): 564, ---, ---, 
[176.704s][info][gc,stats    ]   CMR: VM Strong Roots                7 us, workers (us):   7, ---, ---, 
[176.704s][info][gc,stats    ]   CMR: CLDG Roots                    65 us, workers (us):  65, ---, ---, 
[176.704s][info][gc,stats    ] Concurrent Marking                21356 us
[176.704s][info][gc,stats    ] Pause Final Mark (G)                480 us
[176.704s][info][gc,stats    ] Pause Final Mark (N)                369 us
[176.704s][info][gc,stats    ]   Finish Mark                       113 us
[176.704s][info][gc,stats    ]   Update Region States               90 us
[176.704s][info][gc,stats    ]   Choose Collection Set              62 us
[176.704s][info][gc,stats    ]   Rebuild Free Set                   17 us
[176.704s][info][gc,stats    ] Concurrent Weak References          147 us, parallelism: 0.05x
[176.704s][info][gc,stats    ]   CWRF: <total>                       8 us
[176.704s][info][gc,stats    ]   CWRF: Weak References               8 us, workers (us):   8, ---, ---, 
[176.704s][info][gc,stats    ] Concurrent Weak Roots               615 us
[176.704s][info][gc,stats    ]   Roots                             488 us, parallelism: 0.89x
[176.704s][info][gc,stats    ]     CWR: <total>                    433 us
[176.704s][info][gc,stats    ]     CWR: Code Cache Roots           365 us, workers (us): 365, ---, ---, 
[176.704s][info][gc,stats    ]     CWR: VM Weak Roots               63 us, workers (us):  63, ---, ---, 
[176.704s][info][gc,stats    ]     CWR: CLDG Roots                   5 us, workers (us):   5, ---, ---, 
[176.704s][info][gc,stats    ]   Rendezvous                         91 us
[176.704s][info][gc,stats    ] Concurrent Cleanup                   53 us
[176.704s][info][gc,stats    ] Concurrent Class Unloading         2528 us
[176.704s][info][gc,stats    ]   Unlink Stale                     2124 us
[176.704s][info][gc,stats    ]     System Dictionary                 3 us
[176.704s][info][gc,stats    ]     Weak Class Links                  0 us
[176.704s][info][gc,stats    ]     Code Roots                     2120 us
[176.704s][info][gc,stats    ]   Rendezvous                        196 us
[176.704s][info][gc,stats    ]   Purge Unlinked                    138 us
[176.704s][info][gc,stats    ]     Code Roots                      128 us
[176.704s][info][gc,stats    ]     CLDG                              8 us
[176.704s][info][gc,stats    ]     Exception Caches                  0 us
[176.704s][info][gc,stats    ] Pause Final Roots (G)               175 us
[176.704s][info][gc,stats    ] Pause Final Roots (N)                63 us
[176.704s][info][gc,stats    ] 
[176.704s][info][gc,stats    ] Allocation pacing accrued:
[176.704s][info][gc,stats    ]       0 of   459 ms (  0.0%): <total>
[176.704s][info][gc,stats    ]       0 of   459 ms (  0.0%): <average total>
[176.704s][info][gc,stats    ] 
[176.704s][info][gc,metaspace] Metaspace: 9023K(9280K)->9023K(9280K) NonClass: 7851K(8000K)->7851K(8000K) Class: 1172K(1280K)->1172K(1280K)
[176.704s][info][gc,ergo     ] Pacer for Idle. Initial: 83886K, Alloc Tax Rate: 1.0x
[178.341s][info][gc          ] Trigger: Explicit GC request (System.gc())
[178.341s][info][gc,ergo     ] Free: 962M, Max: 2048K regular, 954M humongous, Frag: 1% external, 0% internal; Reserve: 206M, Max: 2048K
[178.341s][info][gc,start    ] GC(250) Concurrent reset
[178.341s][info][gc,task     ] GC(250) Using 1 of 3 workers for concurrent reset
[178.341s][info][gc,ergo     ] GC(250) Pacer for Reset. Non-Taxable: 4096M
[178.342s][info][gc          ] GC(250) Concurrent reset 0.681ms
[178.342s][info][gc,start    ] GC(250) Pause Init Mark (unload classes)
[178.342s][info][gc,task     ] GC(250) Using 3 of 3 workers for init marking
[178.342s][info][gc,ref      ] GC(250) Clearing All SoftReferences
[178.342s][info][gc,ergo     ] GC(250) Pacer for Mark. Expected Live: 9455K, Free: 962M, Non-Taxable: 98508K, Alloc Tax Rate: 0.0x
[178.342s][info][gc          ] GC(250) Pause Init Mark (unload classes) 0.358ms
[178.342s][info][gc,start    ] GC(250) Concurrent marking roots
[178.342s][info][gc,task     ] GC(250) Using 1 of 3 workers for concurrent marking roots
[178.343s][info][gc          ] GC(250) Concurrent marking roots 0.456ms
[178.343s][info][gc,start    ] GC(250) Concurrent marking (unload classes)
[178.343s][info][gc,task     ] GC(250) Using 1 of 3 workers for concurrent marking
[178.346s][info][gc          ] GC(250) Concurrent marking (unload classes) 3.492ms
[178.346s][info][gc,start    ] GC(250) Pause Final Mark (unload classes)
[178.347s][info][gc,task     ] GC(250) Using 3 of 3 workers for final marking
[178.347s][info][gc,ergo     ] GC(250) Collectable Garbage: 2888M (98%), Immediate: 2888M (98%), CSet: 0B (0%)
[178.347s][info][gc          ] GC(250) Pause Final Mark (unload classes) 0.296ms
[178.347s][info][gc,start    ] GC(250) Concurrent weak references
[178.347s][info][gc,task     ] GC(250) Using 1 of 3 workers for concurrent weak references
[178.347s][info][gc,ref      ] GC(250) Encountered references: Soft: 144, Weak: 702, Final: 0, Phantom: 27
[178.347s][info][gc,ref      ] GC(250) Discovered  references: Soft: 88, Weak: 168, Final: 0, Phantom: 25
[178.347s][info][gc,ref      ] GC(250) Enqueued    references: Soft: 3, Weak: 0, Final: 0, Phantom: 0
[178.347s][info][gc          ] GC(250) Concurrent weak references 0.167ms
[178.347s][info][gc,start    ] GC(250) Concurrent weak roots
[178.347s][info][gc,task     ] GC(250) Using 1 of 3 workers for concurrent weak root
[178.348s][info][gc          ] GC(250) Concurrent weak roots 0.691ms
[178.348s][info][gc,start    ] GC(250) Concurrent cleanup
[178.348s][info][gc          ] GC(250) Concurrent cleanup 2928M->40M(4096M) 0.104ms
[178.348s][info][gc,ergo     ] GC(250) Free: 3850M, Max: 2048K regular, 2720M humongous, Frag: 30% external, 0% internal; Reserve: 206M, Max: 2048K
[178.348s][info][gc,start    ] GC(250) Concurrent class unloading
[178.348s][info][gc,task     ] GC(250) Using 1 of 3 workers for concurrent class unloading
[178.350s][info][gc          ] GC(250) Concurrent class unloading 2.447ms
[178.350s][info][gc,start    ] GC(250) Pause Final Roots
[178.350s][info][gc          ] GC(250) Pause Final Roots 0.031ms
[178.351s][info][gc,ergo     ] Free: 3850M, Max: 2048K regular, 2720M humongous, Frag: 30% external, 0% internal; Reserve: 206M, Max: 2048K
[178.351s][info][gc,stats    ] 
[178.351s][info][gc,stats    ] All times are wall-clock times, except per-root-class counters, that are sum over
[178.351s][info][gc,stats    ] all workers. Dividing the <total> over the root stage time estimates parallelism.
[178.351s][info][gc,stats    ] 
[178.351s][info][gc,stats    ] Concurrent Reset                    769 us
[178.351s][info][gc,stats    ] Pause Init Mark (G)                 503 us
[178.351s][info][gc,stats    ] Pause Init Mark (N)                 389 us
[178.351s][info][gc,stats    ]   Update Region States              113 us
[178.351s][info][gc,stats    ] Concurrent Mark Roots               475 us, parallelism: 0.73x
[178.351s][info][gc,stats    ]   CMR: <total>                      346 us
[178.351s][info][gc,stats    ]   CMR: Thread Roots                 291 us, workers (us): 291, ---, ---, 
[178.351s][info][gc,stats    ]   CMR: VM Strong Roots                5 us, workers (us):   5, ---, ---, 
[178.351s][info][gc,stats    ]   CMR: CLDG Roots                    49 us, workers (us):  49, ---, ---, 
[178.351s][info][gc,stats    ] Concurrent Marking                 3591 us
[178.351s][info][gc,stats    ] Pause Final Mark (G)                392 us
[178.351s][info][gc,stats    ] Pause Final Mark (N)                306 us
[178.351s][info][gc,stats    ]   Finish Mark                        96 us
[178.351s][info][gc,stats    ]   Update Region States               56 us
[178.351s][info][gc,stats    ]   Choose Collection Set              70 us
[178.351s][info][gc,stats    ]   Rebuild Free Set                    8 us
[178.351s][info][gc,stats    ] Concurrent Weak References          175 us, parallelism: 0.10x
[178.351s][info][gc,stats    ]   CWRF: <total>                      18 us
[178.351s][info][gc,stats    ]   CWRF: Weak References              18 us, workers (us):  18, ---, ---, 
[178.351s][info][gc,stats    ] Concurrent Weak Roots               709 us
[178.351s][info][gc,stats    ]   Roots                             612 us, parallelism: 0.92x
[178.351s][info][gc,stats    ]     CWR: <total>                    564 us
[178.351s][info][gc,stats    ]     CWR: Code Cache Roots           441 us, workers (us): 441, ---, ---, 
[178.351s][info][gc,stats    ]     CWR: VM Weak Roots              118 us, workers (us): 118, ---, ---, 
[178.351s][info][gc,stats    ]     CWR: CLDG Roots                   6 us, workers (us):   6, ---, ---, 
[178.351s][info][gc,stats    ]   Rendezvous                         64 us
[178.351s][info][gc,stats    ] Concurrent Cleanup                  112 us
[178.351s][info][gc,stats    ] Concurrent Class Unloading         2510 us
[178.351s][info][gc,stats    ]   Unlink Stale                     2257 us
[178.351s][info][gc,stats    ]     System Dictionary                 6 us
[178.351s][info][gc,stats    ]     Weak Class Links                  0 us
[178.351s][info][gc,stats    ]     Code Roots                     2248 us
[178.351s][info][gc,stats    ]   Rendezvous                         42 us
[178.351s][info][gc,stats    ]   Purge Unlinked                    129 us
[178.351s][info][gc,stats    ]     Code Roots                      120 us
[178.351s][info][gc,stats    ]     CLDG                              9 us
[178.351s][info][gc,stats    ]     Exception Caches                  0 us
[178.351s][info][gc,stats    ] Pause Final Roots (G)                96 us
[178.351s][info][gc,stats    ] Pause Final Roots (N)                40 us
[178.351s][info][gc,stats    ] 
[178.351s][info][gc,stats    ] Allocation pacing accrued:
[178.351s][info][gc,stats    ]       0 of  1647 ms (  0.0%): <total>
[178.351s][info][gc,stats    ]       0 of  1647 ms (  0.0%): <average total>
[178.351s][info][gc,stats    ] 
[178.351s][info][gc,metaspace] Metaspace: 9023K(9280K)->9024K(9280K) NonClass: 7851K(8000K)->7851K(8000K) Class: 1172K(1280K)->1172K(1280K)
[178.351s][info][gc,ergo     ] Pacer for Idle. Initial: 83886K, Alloc Tax Rate: 1.0x
[178.812s][info][gc          ] Trigger: Learning 2 of 5. Free (2850M) is below initial threshold (2867M)
[178.812s][info][gc,ergo     ] Free: 2850M, Max: 2048K regular, 1762M humongous, Frag: 39% external, 0% internal; Reserve: 206M, Max: 2048K
[178.812s][info][gc,start    ] GC(251) Concurrent reset
[178.812s][info][gc,task     ] GC(251) Using 1 of 3 workers for concurrent reset
[178.812s][info][gc,ergo     ] GC(251) Pacer for Reset. Non-Taxable: 4096M
[178.813s][info][gc          ] GC(251) Concurrent reset 0.517ms
[178.813s][info][gc,start    ] GC(251) Pause Init Mark (unload classes)
[178.813s][info][gc,task     ] GC(251) Using 3 of 3 workers for init marking
[178.813s][info][gc,ergo     ] GC(251) Pacer for Mark. Expected Live: 9455K, Free: 2848M, Non-Taxable: 284M, Alloc Tax Rate: 0.0x
[178.813s][info][gc          ] GC(251) Pause Init Mark (unload classes) 0.246ms
[178.813s][info][gc,start    ] GC(251) Concurrent marking roots
[178.813s][info][gc,task     ] GC(251) Using 1 of 3 workers for concurrent marking roots
[178.814s][info][gc          ] GC(251) Concurrent marking roots 0.817ms
[178.814s][info][gc,start    ] GC(251) Concurrent marking (unload classes)
[178.814s][info][gc,task     ] GC(251) Using 1 of 3 workers for concurrent marking
[178.822s][info][gc          ] GC(251) Concurrent marking (unload classes) 8.141ms
[178.822s][info][gc,start    ] GC(251) Pause Final Mark (unload classes)
[178.822s][info][gc,task     ] GC(251) Using 3 of 3 workers for final marking
[178.822s][info][gc,ergo     ] GC(251) Collectable Garbage: 980M (94%), Immediate: 980M (94%), CSet: 0B (0%)
[178.823s][info][gc          ] GC(251) Pause Final Mark (unload classes) 0.337ms
[178.823s][info][gc,start    ] GC(251) Concurrent weak references
[178.823s][info][gc,task     ] GC(251) Using 1 of 3 workers for concurrent weak references
[178.823s][info][gc,ref      ] GC(251) Encountered references: Soft: 144, Weak: 702, Final: 0, Phantom: 27
[178.823s][info][gc,ref      ] GC(251) Discovered  references: Soft: 0, Weak: 150, Final: 0, Phantom: 12
[178.823s][info][gc,ref      ] GC(251) Enqueued    references: Soft: 0, Weak: 0, Final: 0, Phantom: 0
[178.823s][info][gc          ] GC(251) Concurrent weak references 0.117ms
[178.823s][info][gc,start    ] GC(251) Concurrent weak roots
[178.823s][info][gc,task     ] GC(251) Using 1 of 3 workers for concurrent weak root
[178.823s][info][gc          ] GC(251) Concurrent weak roots 0.587ms
[178.823s][info][gc,start    ] GC(251) Concurrent cleanup
[178.823s][info][gc          ] GC(251) Concurrent cleanup 1064M->84M(4096M) 0.043ms
[178.823s][info][gc,ergo     ] GC(251) Free: 3806M, Max: 2048K regular, 1738M humongous, Frag: 55% external, 0% internal; Reserve: 206M, Max: 2048K
[178.823s][info][gc,start    ] GC(251) Concurrent class unloading
[178.823s][info][gc,task     ] GC(251) Using 1 of 3 workers for concurrent class unloading
[178.826s][info][gc          ] GC(251) Concurrent class unloading 2.162ms
[178.826s][info][gc,start    ] GC(251) Pause Final Roots
[178.826s][info][gc          ] GC(251) Pause Final Roots 0.039ms
[178.826s][info][gc,ergo     ] Free: 3802M, Max: 2048K regular, 1738M humongous, Frag: 55% external, 0% internal; Reserve: 206M, Max: 2048K
[178.826s][info][gc,stats    ] 
[178.826s][info][gc,stats    ] All times are wall-clock times, except per-root-class counters, that are sum over
[178.826s][info][gc,stats    ] all workers. Dividing the <total> over the root stage time estimates parallelism.
[178.826s][info][gc,stats    ] 
[178.826s][info][gc,stats    ] Concurrent Reset                    579 us
[178.826s][info][gc,stats    ] Pause Init Mark (G)                 429 us
[178.826s][info][gc,stats    ] Pause Init Mark (N)                 265 us
[178.826s][info][gc,stats    ]   Update Region States              115 us
[178.826s][info][gc,stats    ] Concurrent Mark Roots               841 us, parallelism: 0.77x
[178.826s][info][gc,stats    ]   CMR: <total>                      650 us
[178.826s][info][gc,stats    ]   CMR: Thread Roots                 579 us, workers (us): 579, ---, ---, 
[178.826s][info][gc,stats    ]   CMR: VM Strong Roots                7 us, workers (us):   7, ---, ---, 
[178.826s][info][gc,stats    ]   CMR: CLDG Roots                    64 us, workers (us):  64, ---, ---, 
[178.826s][info][gc,stats    ] Concurrent Marking                 8199 us
[178.826s][info][gc,stats    ] Pause Final Mark (G)                450 us
[178.826s][info][gc,stats    ] Pause Final Mark (N)                361 us
[178.826s][info][gc,stats    ]   Finish Mark                       108 us
[178.826s][info][gc,stats    ]   Update Region States               89 us
[178.826s][info][gc,stats    ]   Choose Collection Set              62 us
[178.826s][info][gc,stats    ]   Rebuild Free Set                   17 us
[178.826s][info][gc,stats    ] Concurrent Weak References          124 us, parallelism: 0.04x
[178.826s][info][gc,stats    ]   CWRF: <total>                       4 us
[178.826s][info][gc,stats    ]   CWRF: Weak References               4 us, workers (us):   4, ---, ---, 
[178.826s][info][gc,stats    ] Concurrent Weak Roots               606 us
[178.826s][info][gc,stats    ]   Roots                             491 us, parallelism: 0.89x
[178.826s][info][gc,stats    ]     CWR: <total>                    437 us
[178.826s][info][gc,stats    ]     CWR: Code Cache Roots           369 us, workers (us): 369, ---, ---, 
[178.826s][info][gc,stats    ]     CWR: VM Weak Roots               63 us, workers (us):  63, ---, ---, 
[178.826s][info][gc,stats    ]     CWR: CLDG Roots                   5 us, workers (us):   5, ---, ---, 
[178.826s][info][gc,stats    ]   Rendezvous                         80 us
[178.826s][info][gc,stats    ] Concurrent Cleanup                   52 us
[178.826s][info][gc,stats    ] Concurrent Class Unloading         2218 us
[178.826s][info][gc,stats    ]   Unlink Stale                     1781 us
[178.826s][info][gc,stats    ]     System Dictionary                 3 us
[178.826s][info][gc,stats    ]     Weak Class Links                  0 us
[178.826s][info][gc,stats    ]     Code Roots                     1776 us
[178.826s][info][gc,stats    ]   Rendezvous                        203 us
[178.826s][info][gc,stats    ]   Purge Unlinked                    159 us
[178.826s][info][gc,stats    ]     Code Roots                      150 us
[178.826s][info][gc,stats    ]     CLDG                              9 us
[178.826s][info][gc,stats    ]     Exception Caches                  0 us
[178.826s][info][gc,stats    ] Pause Final Roots (G)               187 us
[178.826s][info][gc,stats    ] Pause Final Roots (N)                57 us
[178.826s][info][gc,stats    ] 
[178.826s][info][gc,stats    ] Allocation pacing accrued:
[178.826s][info][gc,stats    ]       0 of   475 ms (  0.0%): <total>
[178.826s][info][gc,stats    ]       0 of   475 ms (  0.0%): <average total>
[178.826s][info][gc,stats    ] 
[178.826s][info][gc,metaspace] Metaspace: 9024K(9280K)->9024K(9280K) NonClass: 7851K(8000K)->7851K(8000K) Class: 1172K(1280K)->1172K(1280K)
[178.826s][info][gc,ergo     ] Pacer for Idle. Initial: 83886K, Alloc Tax Rate: 1.0x
[179.282s][info][gc          ] Trigger: Learning 3 of 5. Free (2838M) is below initial threshold (2867M)
[179.283s][info][gc,ergo     ] Free: 2838M, Max: 2048K regular, 1738M humongous, Frag: 39% external, 0% internal; Reserve: 206M, Max: 2048K
[179.283s][info][gc,start    ] GC(252) Concurrent reset
[179.283s][info][gc,task     ] GC(252) Using 1 of 3 workers for concurrent reset
[179.283s][info][gc,ergo     ] GC(252) Pacer for Reset. Non-Taxable: 4096M
[179.283s][info][gc          ] GC(252) Concurrent reset 0.613ms
[179.283s][info][gc,start    ] GC(252) Pause Init Mark (unload classes)
[179.283s][info][gc,task     ] GC(252) Using 3 of 3 workers for init marking
[179.283s][info][gc,ergo     ] GC(252) Pacer for Mark. Expected Live: 9460K, Free: 2836M, Non-Taxable: 283M, Alloc Tax Rate: 0.0x
[179.284s][info][gc          ] GC(252) Pause Init Mark (unload classes) 0.215ms
[179.284s][info][gc,start    ] GC(252) Concurrent marking roots
[179.284s][info][gc,task     ] GC(252) Using 1 of 3 workers for concurrent marking roots
[179.284s][info][gc          ] GC(252) Concurrent marking roots 0.429ms
[179.284s][info][gc,start    ] GC(252) Concurrent marking (unload classes)
[179.284s][info][gc,task     ] GC(252) Using 1 of 3 workers for concurrent marking
[179.297s][info][gc          ] GC(252) Concurrent marking (unload classes) 13.242ms
[179.297s][info][gc,start    ] GC(252) Pause Final Mark (unload classes)
[179.297s][info][gc,task     ] GC(252) Using 3 of 3 workers for final marking
[179.298s][info][gc,ergo     ] GC(252) Collectable Garbage: 988M (94%), Immediate: 988M (94%), CSet: 0B (0%)
[179.298s][info][gc          ] GC(252) Pause Final Mark (unload classes) 0.337ms
[179.298s][info][gc,start    ] GC(252) Concurrent weak references
[179.298s][info][gc,task     ] GC(252) Using 1 of 3 workers for concurrent weak references
[179.298s][info][gc,ref      ] GC(252) Encountered references: Soft: 144, Weak: 702, Final: 0, Phantom: 27
[179.298s][info][gc,ref      ] GC(252) Discovered  references: Soft: 0, Weak: 150, Final: 0, Phantom: 12
[179.298s][info][gc,ref      ] GC(252) Enqueued    references: Soft: 0, Weak: 0, Final: 0, Phantom: 0
[179.298s][info][gc          ] GC(252) Concurrent weak references 0.157ms
[179.298s][info][gc,start    ] GC(252) Concurrent weak roots
[179.298s][info][gc,task     ] GC(252) Using 1 of 3 workers for concurrent weak root
[179.299s][info][gc          ] GC(252) Concurrent weak roots 0.782ms
[179.299s][info][gc,start    ] GC(252) Concurrent cleanup
[179.299s][info][gc          ] GC(252) Concurrent cleanup 1084M->96M(4096M) 0.045ms
[179.299s][info][gc,ergo     ] GC(252) Free: 3794M, Max: 2048K regular, 1716M humongous, Frag: 55% external, 0% internal; Reserve: 206M, Max: 2048K
[179.299s][info][gc,start    ] GC(252) Concurrent class unloading
[179.299s][info][gc,task     ] GC(252) Using 1 of 3 workers for concurrent class unloading
[179.301s][info][gc          ] GC(252) Concurrent class unloading 1.990ms
[179.301s][info][gc,start    ] GC(252) Pause Final Roots
[179.301s][info][gc          ] GC(252) Pause Final Roots 0.025ms
[179.301s][info][gc,ergo     ] Free: 3788M, Max: 2048K regular, 1716M humongous, Frag: 55% external, 0% internal; Reserve: 206M, Max: 2048K
[179.301s][info][gc,stats    ] 
[179.301s][info][gc,stats    ] All times are wall-clock times, except per-root-class counters, that are sum over
[179.301s][info][gc,stats    ] all workers. Dividing the <total> over the root stage time estimates parallelism.
[179.301s][info][gc,stats    ] 
[179.301s][info][gc,stats    ] Concurrent Reset                    663 us
[179.301s][info][gc,stats    ] Pause Init Mark (G)                 383 us
[179.301s][info][gc,stats    ] Pause Init Mark (N)                 234 us
[179.301s][info][gc,stats    ]   Update Region States               95 us
[179.301s][info][gc,stats    ] Concurrent Mark Roots               447 us, parallelism: 0.77x
[179.301s][info][gc,stats    ]   CMR: <total>                      347 us
[179.301s][info][gc,stats    ]   CMR: Thread Roots                 307 us, workers (us): 307, ---, ---, 
[179.301s][info][gc,stats    ]   CMR: VM Strong Roots                5 us, workers (us):   5, ---, ---, 
[179.301s][info][gc,stats    ]   CMR: CLDG Roots                    34 us, workers (us):  34, ---, ---, 
[179.301s][info][gc,stats    ] Concurrent Marking                13302 us
[179.301s][info][gc,stats    ] Pause Final Mark (G)                485 us
[179.301s][info][gc,stats    ] Pause Final Mark (N)                356 us
[179.301s][info][gc,stats    ]   Finish Mark                       107 us
[179.301s][info][gc,stats    ]   Update Region States               87 us
[179.301s][info][gc,stats    ]   Choose Collection Set              62 us
[179.301s][info][gc,stats    ]   Rebuild Free Set                   17 us
[179.301s][info][gc,stats    ] Concurrent Weak References          173 us, parallelism: 0.03x
[179.301s][info][gc,stats    ]   CWRF: <total>                       5 us
[179.301s][info][gc,stats    ]   CWRF: Weak References               5 us, workers (us):   5, ---, ---, 
[179.302s][info][gc,stats    ] Concurrent Weak Roots               808 us
[179.302s][info][gc,stats    ]   Roots                             671 us, parallelism: 0.89x
[179.302s][info][gc,stats    ]     CWR: <total>                    595 us
[179.302s][info][gc,stats    ]     CWR: Code Cache Roots           477 us, workers (us): 477, ---, ---, 
[179.302s][info][gc,stats    ]     CWR: VM Weak Roots              113 us, workers (us): 113, ---, ---, 
[179.302s][info][gc,stats    ]     CWR: CLDG Roots                   6 us, workers (us):   6, ---, ---, 
[179.302s][info][gc,stats    ]   Rendezvous                         79 us
[179.302s][info][gc,stats    ] Concurrent Cleanup                   58 us
[179.302s][info][gc,stats    ] Concurrent Class Unloading         2044 us
[179.302s][info][gc,stats    ]   Unlink Stale                     1805 us
[179.302s][info][gc,stats    ]     System Dictionary                 4 us
[179.302s][info][gc,stats    ]     Weak Class Links                  0 us
[179.302s][info][gc,stats    ]     Code Roots                     1800 us
[179.302s][info][gc,stats    ]   Rendezvous                         51 us
[179.302s][info][gc,stats    ]   Purge Unlinked                    115 us
[179.302s][info][gc,stats    ]     Code Roots                      106 us
[179.302s][info][gc,stats    ]     CLDG                              9 us
[179.302s][info][gc,stats    ]     Exception Caches                  0 us
[179.302s][info][gc,stats    ] Pause Final Roots (G)               130 us
[179.302s][info][gc,stats    ] Pause Final Roots (N)                33 us
[179.302s][info][gc,stats    ] 
[179.302s][info][gc,stats    ] Allocation pacing accrued:
[179.302s][info][gc,stats    ]       0 of   475 ms (  0.0%): <total>
[179.302s][info][gc,stats    ]       0 of   475 ms (  0.0%): <average total>
[179.302s][info][gc,stats    ] 
[179.302s][info][gc,metaspace] Metaspace: 9024K(9280K)->9024K(9280K) NonClass: 7851K(8000K)->7851K(8000K) Class: 1172K(1280K)->1172K(1280K)
[179.302s][info][gc,ergo     ] Pacer for Idle. Initial: 83886K, Alloc Tax Rate: 1.0x
[179.753s][info][gc          ] Trigger: Learning 4 of 5. Free (2838M) is below initial threshold (2867M)
[179.754s][info][gc,ergo     ] Free: 2838M, Max: 2048K regular, 1716M humongous, Frag: 40% external, 0% internal; Reserve: 206M, Max: 2048K
[179.754s][info][gc,start    ] GC(253) Concurrent reset
[179.754s][info][gc,task     ] GC(253) Using 1 of 3 workers for concurrent reset
[179.754s][info][gc,ergo     ] GC(253) Pacer for Reset. Non-Taxable: 4096M
[179.754s][info][gc          ] GC(253) Concurrent reset 0.543ms
[179.754s][info][gc,start    ] GC(253) Pause Init Mark (unload classes)
[179.754s][info][gc,task     ] GC(253) Using 3 of 3 workers for init marking
[179.754s][info][gc,ergo     ] GC(253) Pacer for Mark. Expected Live: 9463K, Free: 2836M, Non-Taxable: 283M, Alloc Tax Rate: 0.0x
[179.754s][info][gc          ] GC(253) Pause Init Mark (unload classes) 0.168ms
[179.755s][info][gc,start    ] GC(253) Concurrent marking roots
[179.755s][info][gc,task     ] GC(253) Using 1 of 3 workers for concurrent marking roots
[179.755s][info][gc          ] GC(253) Concurrent marking roots 0.444ms
[179.755s][info][gc,start    ] GC(253) Concurrent marking (unload classes)
[179.755s][info][gc,task     ] GC(253) Using 1 of 3 workers for concurrent marking
[179.773s][info][gc          ] GC(253) Concurrent marking (unload classes) 17.603ms
[179.773s][info][gc,start    ] GC(253) Pause Final Mark (unload classes)
[179.773s][info][gc,task     ] GC(253) Using 3 of 3 workers for final marking
[179.773s][info][gc,ergo     ] GC(253) Collectable Garbage: 976M (93%), Immediate: 976M (93%), CSet: 0B (0%)
[179.773s][info][gc          ] GC(253) Pause Final Mark (unload classes) 0.336ms
[179.773s][info][gc,start    ] GC(253) Concurrent weak references
[179.773s][info][gc,task     ] GC(253) Using 1 of 3 workers for concurrent weak references
[179.773s][info][gc,ref      ] GC(253) Encountered references: Soft: 144, Weak: 702, Final: 0, Phantom: 27
[179.773s][info][gc,ref      ] GC(253) Discovered  references: Soft: 0, Weak: 150, Final: 0, Phantom: 12
[179.773s][info][gc,ref      ] GC(253) Enqueued    references: Soft: 0, Weak: 0, Final: 0, Phantom: 0
[179.773s][info][gc          ] GC(253) Concurrent weak references 0.114ms
[179.773s][info][gc,start    ] GC(253) Concurrent weak roots
[179.773s][info][gc,task     ] GC(253) Using 1 of 3 workers for concurrent weak root
[179.774s][info][gc          ] GC(253) Concurrent weak roots 0.718ms
[179.774s][info][gc,start    ] GC(253) Concurrent cleanup
[179.774s][info][gc          ] GC(253) Concurrent cleanup 1092M->116M(4096M) 0.043ms
[179.774s][info][gc,ergo     ] GC(253) Free: 3774M, Max: 2048K regular, 1708M humongous, Frag: 55% external, 0% internal; Reserve: 206M, Max: 2048K
[179.774s][info][gc,start    ] GC(253) Concurrent class unloading
[179.774s][info][gc,task     ] GC(253) Using 1 of 3 workers for concurrent class unloading
[179.776s][info][gc          ] GC(253) Concurrent class unloading 2.034ms
[179.776s][info][gc,start    ] GC(253) Pause Final Roots
[179.776s][info][gc          ] GC(253) Pause Final Roots 0.039ms
[179.776s][info][gc,ergo     ] Free: 3768M, Max: 2048K regular, 1708M humongous, Frag: 55% external, 0% internal; Reserve: 206M, Max: 2048K
[179.776s][info][gc,stats    ] 
[179.776s][info][gc,stats    ] All times are wall-clock times, except per-root-class counters, that are sum over
[179.776s][info][gc,stats    ] all workers. Dividing the <total> over the root stage time estimates parallelism.
[179.776s][info][gc,stats    ] 
[179.776s][info][gc,stats    ] Concurrent Reset                    579 us
[179.776s][info][gc,stats    ] Pause Init Mark (G)                 321 us
[179.776s][info][gc,stats    ] Pause Init Mark (N)                 185 us
[179.776s][info][gc,stats    ]   Update Region States               66 us
[179.776s][info][gc,stats    ] Concurrent Mark Roots               462 us, parallelism: 0.78x
[179.777s][info][gc,stats    ]   CMR: <total>                      361 us
[179.777s][info][gc,stats    ]   CMR: Thread Roots                 320 us, workers (us): 320, ---, ---, 
[179.777s][info][gc,stats    ]   CMR: VM Strong Roots                5 us, workers (us):   5, ---, ---, 
[179.777s][info][gc,stats    ]   CMR: CLDG Roots                    36 us, workers (us):  36, ---, ---, 
[179.777s][info][gc,stats    ] Concurrent Marking                17665 us
[179.777s][info][gc,stats    ] Pause Final Mark (G)                450 us
[179.777s][info][gc,stats    ] Pause Final Mark (N)                355 us
[179.777s][info][gc,stats    ]   Finish Mark                       107 us
[179.777s][info][gc,stats    ]   Update Region States               82 us
[179.777s][info][gc,stats    ]   Choose Collection Set              62 us
[179.777s][info][gc,stats    ]   Rebuild Free Set                   17 us
[179.777s][info][gc,stats    ] Concurrent Weak References          122 us, parallelism: 0.04x
[179.777s][info][gc,stats    ]   CWRF: <total>                       5 us
[179.777s][info][gc,stats    ]   CWRF: Weak References               5 us, workers (us):   5, ---, ---, 
[179.777s][info][gc,stats    ] Concurrent Weak Roots               737 us
[179.777s][info][gc,stats    ]   Roots                             625 us, parallelism: 0.88x
[179.777s][info][gc,stats    ]     CWR: <total>                    553 us
[179.777s][info][gc,stats    ]     CWR: Code Cache Roots           435 us, workers (us): 435, ---, ---, 
[179.777s][info][gc,stats    ]     CWR: VM Weak Roots              112 us, workers (us): 112, ---, ---, 
[179.777s][info][gc,stats    ]     CWR: CLDG Roots                   6 us, workers (us):   6, ---, ---, 
[179.777s][info][gc,stats    ]   Rendezvous                         78 us
[179.777s][info][gc,stats    ] Concurrent Cleanup                   51 us
[179.777s][info][gc,stats    ] Concurrent Class Unloading         2092 us
[179.777s][info][gc,stats    ]   Unlink Stale                     1864 us
[179.777s][info][gc,stats    ]     System Dictionary                 3 us
[179.777s][info][gc,stats    ]     Weak Class Links                  0 us
[179.777s][info][gc,stats    ]     Code Roots                     1860 us
[179.777s][info][gc,stats    ]   Rendezvous                         55 us
[179.777s][info][gc,stats    ]   Purge Unlinked                     96 us
[179.777s][info][gc,stats    ]     Code Roots                       88 us
[179.777s][info][gc,stats    ]     CLDG                              8 us
[179.777s][info][gc,stats    ]     Exception Caches                  0 us
[179.777s][info][gc,stats    ] Pause Final Roots (G)               164 us
[179.777s][info][gc,stats    ] Pause Final Roots (N)                57 us
[179.777s][info][gc,stats    ] 
[179.777s][info][gc,stats    ] Allocation pacing accrued:
[179.777s][info][gc,stats    ]       0 of   475 ms (  0.0%): <total>
[179.777s][info][gc,stats    ]       0 of   475 ms (  0.0%): <average total>
[179.777s][info][gc,stats    ] 
[179.777s][info][gc,metaspace] Metaspace: 9024K(9280K)->9024K(9280K) NonClass: 7851K(8000K)->7851K(8000K) Class: 1172K(1280K)->1172K(1280K)
[179.777s][info][gc,ergo     ] Pacer for Idle. Initial: 83886K, Alloc Tax Rate: 1.0x
[180.209s][info][gc          ] Trigger: Learning 5 of 5. Free (2846M) is below initial threshold (2867M)
[180.209s][info][gc,ergo     ] Free: 2844M, Max: 2048K regular, 1708M humongous, Frag: 40% external, 0% internal; Reserve: 206M, Max: 2048K
[180.209s][info][gc,start    ] GC(254) Concurrent reset
[180.209s][info][gc,task     ] GC(254) Using 1 of 3 workers for concurrent reset
[180.209s][info][gc,ergo     ] GC(254) Pacer for Reset. Non-Taxable: 4096M
[180.209s][info][gc          ] GC(254) Concurrent reset 0.709ms
[180.210s][info][gc,start    ] GC(254) Pause Init Mark (unload classes)
[180.210s][info][gc,task     ] GC(254) Using 3 of 3 workers for init marking
[180.210s][info][gc,ergo     ] GC(254) Pacer for Mark. Expected Live: 9463K, Free: 2842M, Non-Taxable: 284M, Alloc Tax Rate: 0.0x
[180.210s][info][gc          ] GC(254) Pause Init Mark (unload classes) 0.149ms
[180.210s][info][gc,start    ] GC(254) Concurrent marking roots
[180.210s][info][gc,task     ] GC(254) Using 1 of 3 workers for concurrent marking roots
[180.210s][info][gc          ] GC(254) Concurrent marking roots 0.491ms
[180.210s][info][gc,start    ] GC(254) Concurrent marking (unload classes)
[180.210s][info][gc,task     ] GC(254) Using 1 of 3 workers for concurrent marking
[180.232s][info][gc          ] GC(254) Concurrent marking (unload classes) 21.433ms
[180.232s][info][gc,start    ] GC(254) Pause Final Mark (unload classes)
[180.232s][info][gc,task     ] GC(254) Using 3 of 3 workers for final marking
[180.232s][info][gc,ergo     ] GC(254) Collectable Garbage: 966M (93%), Immediate: 966M (93%), CSet: 0B (0%)
[180.232s][info][gc          ] GC(254) Pause Final Mark (unload classes) 0.351ms
[180.232s][info][gc,start    ] GC(254) Concurrent weak references
[180.232s][info][gc,task     ] GC(254) Using 1 of 3 workers for concurrent weak references
[180.232s][info][gc,ref      ] GC(254) Encountered references: Soft: 144, Weak: 702, Final: 0, Phantom: 27
[180.232s][info][gc,ref      ] GC(254) Discovered  references: Soft: 0, Weak: 150, Final: 0, Phantom: 12
[180.232s][info][gc,ref      ] GC(254) Enqueued    references: Soft: 0, Weak: 0, Final: 0, Phantom: 0
[180.232s][info][gc          ] GC(254) Concurrent weak references 0.112ms
[180.232s][info][gc,start    ] GC(254) Concurrent weak roots
[180.232s][info][gc,task     ] GC(254) Using 1 of 3 workers for concurrent weak root
[180.233s][info][gc          ] GC(254) Concurrent weak roots 0.705ms
[180.233s][info][gc,start    ] GC(254) Concurrent cleanup
[180.233s][info][gc          ] GC(254) Concurrent cleanup 1096M->130M(4096M) 0.042ms
[180.233s][info][gc,ergo     ] GC(254) Free: 3760M, Max: 2048K regular, 1704M humongous, Frag: 55% external, 0% internal; Reserve: 206M, Max: 2048K
[180.233s][info][gc,start    ] GC(254) Concurrent class unloading
[180.233s][info][gc,task     ] GC(254) Using 1 of 3 workers for concurrent class unloading
[180.235s][info][gc          ] GC(254) Concurrent class unloading 2.194ms
[180.235s][info][gc,start    ] GC(254) Pause Final Roots
[180.236s][info][gc          ] GC(254) Pause Final Roots 0.039ms
[180.236s][info][gc,ergo     ] Free: 3754M, Max: 2048K regular, 1704M humongous, Frag: 55% external, 0% internal; Reserve: 206M, Max: 2048K
[180.236s][info][gc,stats    ] 
[180.236s][info][gc,stats    ] All times are wall-clock times, except per-root-class counters, that are sum over
[180.236s][info][gc,stats    ] all workers. Dividing the <total> over the root stage time estimates parallelism.
[180.236s][info][gc,stats    ] 
[180.236s][info][gc,stats    ] Concurrent Reset                    748 us
[180.236s][info][gc,stats    ] Pause Init Mark (G)                 284 us
[180.236s][info][gc,stats    ] Pause Init Mark (N)                 159 us
[180.236s][info][gc,stats    ]   Update Region States               69 us
[180.236s][info][gc,stats    ] Concurrent Mark Roots               510 us, parallelism: 0.76x
[180.236s][info][gc,stats    ]   CMR: <total>                      390 us
[180.236s][info][gc,stats    ]   CMR: Thread Roots                 318 us, workers (us): 318, ---, ---, 
[180.236s][info][gc,stats    ]   CMR: VM Strong Roots                7 us, workers (us):   7, ---, ---, 
[180.236s][info][gc,stats    ]   CMR: CLDG Roots                    65 us, workers (us):  65, ---, ---, 
[180.236s][info][gc,stats    ] Concurrent Marking                21501 us
[180.236s][info][gc,stats    ] Pause Final Mark (G)                476 us
[180.236s][info][gc,stats    ] Pause Final Mark (N)                371 us
[180.236s][info][gc,stats    ]   Finish Mark                       104 us
[180.236s][info][gc,stats    ]   Update Region States               90 us
[180.236s][info][gc,stats    ]   Choose Collection Set              62 us
[180.236s][info][gc,stats    ]   Rebuild Free Set                   17 us
[180.236s][info][gc,stats    ] Concurrent Weak References          119 us, parallelism: 0.04x
[180.236s][info][gc,stats    ]   CWRF: <total>                       5 us
[180.236s][info][gc,stats    ]   CWRF: Weak References               5 us, workers (us):   5, ---, ---, 
[180.236s][info][gc,stats    ] Concurrent Weak Roots               723 us
[180.236s][info][gc,stats    ]   Roots                             611 us, parallelism: 0.89x
[180.236s][info][gc,stats    ]     CWR: <total>                    541 us
[180.236s][info][gc,stats    ]     CWR: Code Cache Roots           423 us, workers (us): 423, ---, ---, 
[180.236s][info][gc,stats    ]     CWR: VM Weak Roots              111 us, workers (us): 111, ---, ---, 
[180.236s][info][gc,stats    ]     CWR: CLDG Roots                   6 us, workers (us):   6, ---, ---, 
[180.236s][info][gc,stats    ]   Rendezvous                         78 us
[180.236s][info][gc,stats    ] Concurrent Cleanup                   51 us
[180.236s][info][gc,stats    ] Concurrent Class Unloading         2246 us
[180.236s][info][gc,stats    ]   Unlink Stale                     1779 us
[180.236s][info][gc,stats    ]     System Dictionary                 3 us
[180.236s][info][gc,stats    ]     Weak Class Links                  0 us
[180.236s][info][gc,stats    ]     Code Roots                     1774 us
[180.236s][info][gc,stats    ]   Rendezvous                        200 us
[180.236s][info][gc,stats    ]   Purge Unlinked                    197 us
[180.236s][info][gc,stats    ]     Code Roots                      186 us
[180.236s][info][gc,stats    ]     CLDG                              9 us
[180.236s][info][gc,stats    ]     Exception Caches                  0 us
[180.236s][info][gc,stats    ] Pause Final Roots (G)               166 us
[180.236s][info][gc,stats    ] Pause Final Roots (N)                57 us
[180.236s][info][gc,stats    ] 
[180.236s][info][gc,stats    ] Allocation pacing accrued:
[180.236s][info][gc,stats    ]       0 of   459 ms (  0.0%): <total>
[180.236s][info][gc,stats    ]       0 of   459 ms (  0.0%): <average total>
[180.236s][info][gc,stats    ] 
[180.236s][info][gc,metaspace] Metaspace: 9024K(9280K)->9024K(9280K) NonClass: 7851K(8000K)->7851K(8000K) Class: 1172K(1280K)->1172K(1280K)
[180.236s][info][gc,ergo     ] Pacer for Idle. Initial: 83886K, Alloc Tax Rate: 1.0x
[181.874s][info][gc          ] Trigger: Explicit GC request (System.gc())
[181.874s][info][gc,ergo     ] Free: 950M, Max: 2048K regular, 950M humongous, Frag: 0% external, 0% internal; Reserve: 206M, Max: 2048K
[181.874s][info][gc,start    ] GC(255) Concurrent reset
[181.874s][info][gc,task     ] GC(255) Using 1 of 3 workers for concurrent reset
[181.874s][info][gc,ergo     ] GC(255) Pacer for Reset. Non-Taxable: 4096M
[181.875s][info][gc          ] GC(255) Concurrent reset 0.709ms
[181.875s][info][gc,start    ] GC(255) Pause Init Mark (unload classes)
[181.875s][info][gc,task     ] GC(255) Using 3 of 3 workers for init marking
[181.875s][info][gc,ref      ] GC(255) Clearing All SoftReferences
[181.875s][info][gc,ergo     ] GC(255) Pacer for Mark. Expected Live: 9462K, Free: 950M, Non-Taxable: 97280K, Alloc Tax Rate: 0.0x
[181.875s][info][gc          ] GC(255) Pause Init Mark (unload classes) 0.260ms
[181.875s][info][gc,start    ] GC(255) Concurrent marking roots
[181.875s][info][gc,task     ] GC(255) Using 1 of 3 workers for concurrent marking roots
[181.876s][info][gc          ] GC(255) Concurrent marking roots 0.426ms
[181.876s][info][gc,start    ] GC(255) Concurrent marking (unload classes)
[181.876s][info][gc,task     ] GC(255) Using 1 of 3 workers for concurrent marking
[181.880s][info][gc          ] GC(255) Concurrent marking (unload classes) 3.974ms
[181.880s][info][gc,start    ] GC(255) Pause Final Mark (unload classes)
[181.880s][info][gc,task     ] GC(255) Using 3 of 3 workers for final marking
[181.880s][info][gc,ergo     ] GC(255) Collectable Garbage: 2900M (98%), Immediate: 2900M (98%), CSet: 0B (0%)
[181.880s][info][gc          ] GC(255) Pause Final Mark (unload classes) 0.409ms
[181.880s][info][gc,start    ] GC(255) Concurrent weak references
[181.880s][info][gc,task     ] GC(255) Using 1 of 3 workers for concurrent weak references
[181.880s][info][gc,ref      ] GC(255) Encountered references: Soft: 144, Weak: 702, Final: 0, Phantom: 27
[181.880s][info][gc,ref      ] GC(255) Discovered  references: Soft: 88, Weak: 168, Final: 0, Phantom: 25
[181.880s][info][gc,ref      ] GC(255) Enqueued    references: Soft: 3, Weak: 0, Final: 0, Phantom: 0
[181.880s][info][gc          ] GC(255) Concurrent weak references 0.122ms
[181.880s][info][gc,start    ] GC(255) Concurrent weak roots
[181.880s][info][gc,task     ] GC(255) Using 1 of 3 workers for concurrent weak root
[181.881s][info][gc          ] GC(255) Concurrent weak roots 0.679ms
[181.881s][info][gc,start    ] GC(255) Concurrent cleanup
[181.881s][info][gc          ] GC(255) Concurrent cleanup 2940M->40M(4096M) 0.088ms
[181.881s][info][gc,ergo     ] GC(255) Free: 3850M, Max: 2048K regular, 2720M humongous, Frag: 30% external, 0% internal; Reserve: 206M, Max: 2048K
[181.881s][info][gc,start    ] GC(255) Concurrent class unloading
[181.881s][info][gc,task     ] GC(255) Using 1 of 3 workers for concurrent class unloading
[181.884s][info][gc          ] GC(255) Concurrent class unloading 2.552ms
[181.884s][info][gc,start    ] GC(255) Pause Final Roots
[181.884s][info][gc          ] GC(255) Pause Final Roots 0.052ms
[181.884s][info][gc,ergo     ] Free: 3850M, Max: 2048K regular, 2720M humongous, Frag: 30% external, 0% internal; Reserve: 206M, Max: 2048K
[181.884s][info][gc,stats    ] 
[181.884s][info][gc,stats    ] All times are wall-clock times, except per-root-class counters, that are sum over
[181.884s][info][gc,stats    ] all workers. Dividing the <total> over the root stage time estimates parallelism.
[181.884s][info][gc,stats    ] 
[181.884s][info][gc,stats    ] Concurrent Reset                    781 us
[181.884s][info][gc,stats    ] Pause Init Mark (G)                 403 us
[181.884s][info][gc,stats    ] Pause Init Mark (N)                 278 us
[181.884s][info][gc,stats    ]   Update Region States              113 us
[181.884s][info][gc,stats    ] Concurrent Mark Roots               448 us, parallelism: 0.75x
[181.884s][info][gc,stats    ]   CMR: <total>                      336 us
[181.884s][info][gc,stats    ]   CMR: Thread Roots                 297 us, workers (us): 297, ---, ---, 
[181.884s][info][gc,stats    ]   CMR: VM Strong Roots                4 us, workers (us):   4, ---, ---, 
[181.884s][info][gc,stats    ]   CMR: CLDG Roots                    36 us, workers (us):  36, ---, ---, 
[181.884s][info][gc,stats    ] Concurrent Marking                 4037 us
[181.884s][info][gc,stats    ] Pause Final Mark (G)                544 us
[181.884s][info][gc,stats    ] Pause Final Mark (N)                436 us
[181.884s][info][gc,stats    ]   Finish Mark                        97 us
[181.884s][info][gc,stats    ]   Update Region States               96 us
[181.884s][info][gc,stats    ]   Choose Collection Set              92 us
[181.884s][info][gc,stats    ]   Rebuild Free Set                   21 us
[181.884s][info][gc,stats    ] Concurrent Weak References          130 us, parallelism: 0.07x
[181.884s][info][gc,stats    ]   CWRF: <total>                       9 us
[181.884s][info][gc,stats    ]   CWRF: Weak References               9 us, workers (us):   9, ---, ---, 
[181.884s][info][gc,stats    ] Concurrent Weak Roots               698 us
[181.884s][info][gc,stats    ]   Roots                             595 us, parallelism: 0.88x
[181.884s][info][gc,stats    ]     CWR: <total>                    525 us
[181.884s][info][gc,stats    ]     CWR: Code Cache Roots           407 us, workers (us): 407, ---, ---, 
[181.884s][info][gc,stats    ]     CWR: VM Weak Roots              113 us, workers (us): 113, ---, ---, 
[181.884s][info][gc,stats    ]     CWR: CLDG Roots                   5 us, workers (us):   5, ---, ---, 
[181.884s][info][gc,stats    ]   Rendezvous                         68 us
[181.884s][info][gc,stats    ] Concurrent Cleanup                   97 us
[181.884s][info][gc,stats    ] Concurrent Class Unloading         2603 us
[181.884s][info][gc,stats    ]   Unlink Stale                     2319 us
[181.884s][info][gc,stats    ]     System Dictionary                 3 us
[181.884s][info][gc,stats    ]     Weak Class Links                  0 us
[181.884s][info][gc,stats    ]     Code Roots                     2315 us
[181.884s][info][gc,stats    ]   Rendezvous                         96 us
[181.884s][info][gc,stats    ]   Purge Unlinked                    117 us
[181.884s][info][gc,stats    ]     Code Roots                      108 us
[181.884s][info][gc,stats    ]     CLDG                              9 us
[181.884s][info][gc,stats    ]     Exception Caches                  0 us
[181.884s][info][gc,stats    ] Pause Final Roots (G)               192 us
[181.884s][info][gc,stats    ] Pause Final Roots (N)                75 us
[181.884s][info][gc,stats    ] 
[181.884s][info][gc,stats    ] Allocation pacing accrued:
[181.884s][info][gc,stats    ]       0 of  1648 ms (  0.0%): <total>
[181.884s][info][gc,stats    ]       0 of  1648 ms (  0.0%): <average total>
[181.884s][info][gc,stats    ] 
[181.884s][info][gc,metaspace] Metaspace: 9024K(9280K)->9025K(9280K) NonClass: 7851K(8000K)->7852K(8000K) Class: 1172K(1280K)->1172K(1280K)
[181.884s][info][gc,ergo     ] Pacer for Idle. Initial: 83886K, Alloc Tax Rate: 1.0x
[182.345s][info][gc          ] Trigger: Learning 2 of 5. Free (2854M) is below initial threshold (2867M)
[182.346s][info][gc,ergo     ] Free: 2854M, Max: 2048K regular, 1766M humongous, Frag: 39% external, 0% internal; Reserve: 206M, Max: 2048K
[182.346s][info][gc,start    ] GC(256) Concurrent reset
[182.346s][info][gc,task     ] GC(256) Using 1 of 3 workers for concurrent reset
[182.346s][info][gc,ergo     ] GC(256) Pacer for Reset. Non-Taxable: 4096M
[182.346s][info][gc          ] GC(256) Concurrent reset 0.513ms
[182.346s][info][gc,start    ] GC(256) Pause Init Mark (unload classes)
[182.346s][info][gc,task     ] GC(256) Using 3 of 3 workers for init marking
[182.346s][info][gc,ergo     ] GC(256) Pacer for Mark. Expected Live: 9462K, Free: 2852M, Non-Taxable: 285M, Alloc Tax Rate: 0.0x
[182.346s][info][gc          ] GC(256) Pause Init Mark (unload classes) 0.178ms
[182.347s][info][gc,start    ] GC(256) Concurrent marking roots
[182.347s][info][gc,task     ] GC(256) Using 1 of 3 workers for concurrent marking roots
[182.347s][info][gc          ] GC(256) Concurrent marking roots 0.412ms
[182.347s][info][gc,start    ] GC(256) Concurrent marking (unload classes)
[182.347s][info][gc,task     ] GC(256) Using 1 of 3 workers for concurrent marking
[182.355s][info][gc          ] GC(256) Concurrent marking (unload classes) 7.880ms
[182.355s][info][gc,start    ] GC(256) Pause Final Mark (unload classes)
[182.355s][info][gc,task     ] GC(256) Using 3 of 3 workers for final marking
[182.355s][info][gc,ergo     ] GC(256) Collectable Garbage: 978M (94%), Immediate: 978M (94%), CSet: 0B (0%)
[182.355s][info][gc          ] GC(256) Pause Final Mark (unload classes) 0.354ms
[182.355s][info][gc,start    ] GC(256) Concurrent weak references
[182.355s][info][gc,task     ] GC(256) Using 1 of 3 workers for concurrent weak references
[182.355s][info][gc,ref      ] GC(256) Encountered references: Soft: 144, Weak: 702, Final: 0, Phantom: 27
[182.355s][info][gc,ref      ] GC(256) Discovered  references: Soft: 0, Weak: 150, Final: 0, Phantom: 25
[182.355s][info][gc,ref      ] GC(256) Enqueued    references: Soft: 0, Weak: 0, Final: 0, Phantom: 0
[182.355s][info][gc          ] GC(256) Concurrent weak references 0.120ms
[182.356s][info][gc,start    ] GC(256) Concurrent weak roots
[182.356s][info][gc,task     ] GC(256) Using 1 of 3 workers for concurrent weak root
[182.356s][info][gc          ] GC(256) Concurrent weak roots 0.726ms
[182.356s][info][gc,start    ] GC(256) Concurrent cleanup
[182.356s][info][gc          ] GC(256) Concurrent cleanup 1058M->80M(4096M) 0.045ms
[182.356s][info][gc,ergo     ] GC(256) Free: 3810M, Max: 2048K regular, 1744M humongous, Frag: 55% external, 0% internal; Reserve: 206M, Max: 2048K
[182.356s][info][gc,start    ] GC(256) Concurrent class unloading
[182.356s][info][gc,task     ] GC(256) Using 1 of 3 workers for concurrent class unloading
[182.359s][info][gc          ] GC(256) Concurrent class unloading 2.195ms
[182.359s][info][gc,start    ] GC(256) Pause Final Roots
[182.359s][info][gc          ] GC(256) Pause Final Roots 0.041ms
[182.359s][info][gc,ergo     ] Free: 3804M, Max: 2048K regular, 1744M humongous, Frag: 55% external, 0% internal; Reserve: 206M, Max: 2048K
[182.359s][info][gc,stats    ] 
[182.359s][info][gc,stats    ] All times are wall-clock times, except per-root-class counters, that are sum over
[182.359s][info][gc,stats    ] all workers. Dividing the <total> over the root stage time estimates parallelism.
[182.359s][info][gc,stats    ] 
[182.359s][info][gc,stats    ] Concurrent Reset                    554 us
[182.359s][info][gc,stats    ] Pause Init Mark (G)                 340 us
[182.359s][info][gc,stats    ] Pause Init Mark (N)                 195 us
[182.359s][info][gc,stats    ]   Update Region States               74 us
[182.359s][info][gc,stats    ] Concurrent Mark Roots               430 us, parallelism: 0.76x
[182.359s][info][gc,stats    ]   CMR: <total>                      327 us
[182.359s][info][gc,stats    ]   CMR: Thread Roots                 288 us, workers (us): 288, ---, ---, 
[182.359s][info][gc,stats    ]   CMR: VM Strong Roots                5 us, workers (us):   5, ---, ---, 
[182.359s][info][gc,stats    ]   CMR: CLDG Roots                    35 us, workers (us):  35, ---, ---, 
[182.359s][info][gc,stats    ] Concurrent Marking                 7938 us
[182.359s][info][gc,stats    ] Pause Final Mark (G)                504 us
[182.359s][info][gc,stats    ] Pause Final Mark (N)                373 us
[182.359s][info][gc,stats    ]   Finish Mark                       124 us
[182.359s][info][gc,stats    ]   Update Region States               89 us
[182.359s][info][gc,stats    ]   Choose Collection Set              62 us
[182.359s][info][gc,stats    ]   Rebuild Free Set                   17 us
[182.359s][info][gc,stats    ] Concurrent Weak References          127 us, parallelism: 0.04x
[182.359s][info][gc,stats    ]   CWRF: <total>                       5 us
[182.359s][info][gc,stats    ]   CWRF: Weak References               5 us, workers (us):   5, ---, ---, 
[182.359s][info][gc,stats    ] Concurrent Weak Roots               747 us
[182.359s][info][gc,stats    ]   Roots                             631 us, parallelism: 0.89x
[182.359s][info][gc,stats    ]     CWR: <total>                    560 us
[182.359s][info][gc,stats    ]     CWR: Code Cache Roots           441 us, workers (us): 441, ---, ---, 
[182.359s][info][gc,stats    ]     CWR: VM Weak Roots              112 us, workers (us): 112, ---, ---, 
[182.359s][info][gc,stats    ]     CWR: CLDG Roots                   6 us, workers (us):   6, ---, ---, 
[182.359s][info][gc,stats    ]   Rendezvous                         79 us
[182.359s][info][gc,stats    ] Concurrent Cleanup                   53 us
[182.359s][info][gc,stats    ] Concurrent Class Unloading         2257 us
[182.359s][info][gc,stats    ]   Unlink Stale                     1946 us
[182.359s][info][gc,stats    ]     System Dictionary                 3 us
[182.359s][info][gc,stats    ]     Weak Class Links                  0 us
[182.359s][info][gc,stats    ]     Code Roots                     1941 us
[182.359s][info][gc,stats    ]   Rendezvous                        106 us
[182.359s][info][gc,stats    ]   Purge Unlinked                    123 us
[182.359s][info][gc,stats    ]     Code Roots                      114 us
[182.359s][info][gc,stats    ]     CLDG                              9 us
[182.359s][info][gc,stats    ]     Exception Caches                  0 us
[182.359s][info][gc,stats    ] Pause Final Roots (G)               181 us
[182.359s][info][gc,stats    ] Pause Final Roots (N)                58 us
[182.359s][info][gc,stats    ] 
[182.359s][info][gc,stats    ] Allocation pacing accrued:
[182.359s][info][gc,stats    ]       0 of   475 ms (  0.0%): <total>
[182.359s][info][gc,stats    ]       0 of   475 ms (  0.0%): <average total>
[182.359s][info][gc,stats    ] 
[182.359s][info][gc,metaspace] Metaspace: 9037K(9280K)->9037K(9280K) NonClass: 7864K(8000K)->7864K(8000K) Class: 1172K(1280K)->1172K(1280K)
[182.359s][info][gc,ergo     ] Pacer for Idle. Initial: 83886K, Alloc Tax Rate: 1.0x
[182.817s][info][gc          ] Trigger: Learning 3 of 5. Free (2842M) is below initial threshold (2867M)
[182.817s][info][gc,ergo     ] Free: 2842M, Max: 2048K regular, 1744M humongous, Frag: 39% external, 0% internal; Reserve: 206M, Max: 2048K
[182.817s][info][gc,start    ] GC(257) Concurrent reset
[182.817s][info][gc,task     ] GC(257) Using 1 of 3 workers for concurrent reset
[182.817s][info][gc,ergo     ] GC(257) Pacer for Reset. Non-Taxable: 4096M
[182.818s][info][gc          ] GC(257) Concurrent reset 0.605ms
[182.818s][info][gc,start    ] GC(257) Pause Init Mark (unload classes)
[182.818s][info][gc,task     ] GC(257) Using 3 of 3 workers for init marking
[182.818s][info][gc,ergo     ] GC(257) Pacer for Mark. Expected Live: 9461K, Free: 2840M, Non-Taxable: 284M, Alloc Tax Rate: 0.0x
[182.818s][info][gc          ] GC(257) Pause Init Mark (unload classes) 0.247ms
[182.818s][info][gc,start    ] GC(257) Concurrent marking roots
[182.818s][info][gc,task     ] GC(257) Using 1 of 3 workers for concurrent marking roots
[182.819s][info][gc          ] GC(257) Concurrent marking roots 0.728ms
[182.819s][info][gc,start    ] GC(257) Concurrent marking (unload classes)
[182.819s][info][gc,task     ] GC(257) Using 1 of 3 workers for concurrent marking
[182.831s][info][gc          ] GC(257) Concurrent marking (unload classes) 12.573ms
[182.831s][info][gc,start    ] GC(257) Pause Final Mark (unload classes)
[182.832s][info][gc,task     ] GC(257) Using 3 of 3 workers for final marking
[182.832s][info][gc,ergo     ] GC(257) Collectable Garbage: 986M (94%), Immediate: 986M (94%), CSet: 0B (0%)
[182.832s][info][gc          ] GC(257) Pause Final Mark (unload classes) 0.333ms
[182.832s][info][gc,start    ] GC(257) Concurrent weak references
[182.832s][info][gc,task     ] GC(257) Using 1 of 3 workers for concurrent weak references
[182.832s][info][gc,ref      ] GC(257) Encountered references: Soft: 144, Weak: 702, Final: 0, Phantom: 27
[182.832s][info][gc,ref      ] GC(257) Discovered  references: Soft: 0, Weak: 150, Final: 0, Phantom: 12
[182.832s][info][gc,ref      ] GC(257) Enqueued    references: Soft: 0, Weak: 0, Final: 0, Phantom: 0
[182.832s][info][gc          ] GC(257) Concurrent weak references 0.146ms
[182.832s][info][gc,start    ] GC(257) Concurrent weak roots
[182.832s][info][gc,task     ] GC(257) Using 1 of 3 workers for concurrent weak root
[182.833s][info][gc          ] GC(257) Concurrent weak roots 0.637ms
[182.833s][info][gc,start    ] GC(257) Concurrent cleanup
[182.833s][info][gc          ] GC(257) Concurrent cleanup 1080M->94M(4096M) 0.047ms
[182.833s][info][gc,ergo     ] GC(257) Free: 3796M, Max: 2048K regular, 1720M humongous, Frag: 55% external, 0% internal; Reserve: 206M, Max: 2048K
[182.833s][info][gc,start    ] GC(257) Concurrent class unloading
[182.833s][info][gc,task     ] GC(257) Using 1 of 3 workers for concurrent class unloading
[182.835s][info][gc          ] GC(257) Concurrent class unloading 1.968ms
[182.835s][info][gc,start    ] GC(257) Pause Final Roots
[182.835s][info][gc          ] GC(257) Pause Final Roots 0.023ms
[182.835s][info][gc,ergo     ] Free: 3792M, Max: 2048K regular, 1720M humongous, Frag: 55% external, 0% internal; Reserve: 206M, Max: 2048K
[182.835s][info][gc,stats    ] 
[182.835s][info][gc,stats    ] All times are wall-clock times, except per-root-class counters, that are sum over
[182.835s][info][gc,stats    ] all workers. Dividing the <total> over the root stage time estimates parallelism.
[182.835s][info][gc,stats    ] 
[182.835s][info][gc,stats    ] Concurrent Reset                    673 us
[182.835s][info][gc,stats    ] Pause Init Mark (G)                 434 us
[182.835s][info][gc,stats    ] Pause Init Mark (N)                 266 us
[182.835s][info][gc,stats    ]   Update Region States              116 us
[182.835s][info][gc,stats    ] Concurrent Mark Roots               752 us, parallelism: 0.83x
[182.835s][info][gc,stats    ]   CMR: <total>                      626 us
[182.835s][info][gc,stats    ]   CMR: Thread Roots                 556 us, workers (us): 556, ---, ---, 
[182.835s][info][gc,stats    ]   CMR: VM Strong Roots                6 us, workers (us):   6, ---, ---, 
[182.835s][info][gc,stats    ]   CMR: CLDG Roots                    63 us, workers (us):  63, ---, ---, 
[182.835s][info][gc,stats    ] Concurrent Marking                12633 us
[182.835s][info][gc,stats    ] Pause Final Mark (G)                480 us
[182.835s][info][gc,stats    ] Pause Final Mark (N)                352 us
[182.835s][info][gc,stats    ]   Finish Mark                       102 us
[182.835s][info][gc,stats    ]   Update Region States               87 us
[182.835s][info][gc,stats    ]   Choose Collection Set              63 us
[182.835s][info][gc,stats    ]   Rebuild Free Set                   17 us
[182.835s][info][gc,stats    ] Concurrent Weak References          154 us, parallelism: 0.03x
[182.835s][info][gc,stats    ]   CWRF: <total>                       5 us
[182.835s][info][gc,stats    ]   CWRF: Weak References               5 us, workers (us):   5, ---, ---, 
[182.835s][info][gc,stats    ] Concurrent Weak Roots               663 us
[182.835s][info][gc,stats    ]   Roots                             542 us, parallelism: 0.90x
[182.835s][info][gc,stats    ]     CWR: <total>                    487 us
[182.835s][info][gc,stats    ]     CWR: Code Cache Roots           418 us, workers (us): 418, ---, ---, 
[182.835s][info][gc,stats    ]     CWR: VM Weak Roots               63 us, workers (us):  63, ---, ---, 
[182.835s][info][gc,stats    ]     CWR: CLDG Roots                   5 us, workers (us):   5, ---, ---, 
[182.835s][info][gc,stats    ]   Rendezvous                         79 us
[182.835s][info][gc,stats    ] Concurrent Cleanup                   55 us
[182.835s][info][gc,stats    ] Concurrent Class Unloading         2003 us
[182.835s][info][gc,stats    ]   Unlink Stale                     1804 us
[182.835s][info][gc,stats    ]     System Dictionary                 3 us
[182.835s][info][gc,stats    ]     Weak Class Links                  0 us
[182.836s][info][gc,stats    ]     Code Roots                     1799 us
[182.836s][info][gc,stats    ]   Rendezvous                         54 us
[182.836s][info][gc,stats    ]   Purge Unlinked                     93 us
[182.836s][info][gc,stats    ]     Code Roots                       88 us
[182.836s][info][gc,stats    ]     CLDG                              5 us
[182.836s][info][gc,stats    ]     Exception Caches                  0 us
[182.836s][info][gc,stats    ] Pause Final Roots (G)               117 us
[182.836s][info][gc,stats    ] Pause Final Roots (N)                37 us
[182.836s][info][gc,stats    ] 
[182.836s][info][gc,stats    ] Allocation pacing accrued:
[182.836s][info][gc,stats    ]       0 of   476 ms (  0.0%): <total>
[182.836s][info][gc,stats    ]       0 of   476 ms (  0.0%): <average total>
[182.836s][info][gc,stats    ] 
[182.836s][info][gc,metaspace] Metaspace: 9037K(9280K)->9037K(9280K) NonClass: 7864K(8000K)->7864K(8000K) Class: 1172K(1280K)->1172K(1280K)
[182.836s][info][gc,ergo     ] Pacer for Idle. Initial: 83886K, Alloc Tax Rate: 1.0x
[183.288s][info][gc          ] Trigger: Learning 4 of 5. Free (2836M) is below initial threshold (2867M)
[183.288s][info][gc,ergo     ] Free: 2836M, Max: 2048K regular, 1720M humongous, Frag: 40% external, 0% internal; Reserve: 206M, Max: 2048K
[183.288s][info][gc,start    ] GC(258) Concurrent reset
[183.288s][info][gc,task     ] GC(258) Using 1 of 3 workers for concurrent reset
[183.288s][info][gc,ergo     ] GC(258) Pacer for Reset. Non-Taxable: 4096M
[183.288s][info][gc          ] GC(258) Concurrent reset 0.597ms
[183.289s][info][gc,start    ] GC(258) Pause Init Mark (unload classes)
[183.289s][info][gc,task     ] GC(258) Using 3 of 3 workers for init marking
[183.289s][info][gc,ergo     ] GC(258) Pacer for Mark. Expected Live: 9458K, Free: 2834M, Non-Taxable: 283M, Alloc Tax Rate: 0.0x
[183.289s][info][gc          ] GC(258) Pause Init Mark (unload classes) 0.219ms
[183.289s][info][gc,start    ] GC(258) Concurrent marking roots
[183.289s][info][gc,task     ] GC(258) Using 1 of 3 workers for concurrent marking roots
[183.290s][info][gc          ] GC(258) Concurrent marking roots 0.765ms
[183.290s][info][gc,start    ] GC(258) Concurrent marking (unload classes)
[183.290s][info][gc,task     ] GC(258) Using 1 of 3 workers for concurrent marking
[183.307s][info][gc          ] GC(258) Concurrent marking (unload classes) 17.588ms
[183.307s][info][gc,start    ] GC(258) Pause Final Mark (unload classes)
[183.308s][info][gc,task     ] GC(258) Using 3 of 3 workers for final marking
[183.308s][info][gc,ergo     ] GC(258) Collectable Garbage: 982M (94%), Immediate: 982M (94%), CSet: 0B (0%)
[183.308s][info][gc          ] GC(258) Pause Final Mark (unload classes) 0.336ms
[183.308s][info][gc,start    ] GC(258) Concurrent weak references
[183.308s][info][gc,task     ] GC(258) Using 1 of 3 workers for concurrent weak references
[183.308s][info][gc,ref      ] GC(258) Encountered references: Soft: 144, Weak: 702, Final: 0, Phantom: 27
[183.308s][info][gc,ref      ] GC(258) Discovered  references: Soft: 0, Weak: 150, Final: 0, Phantom: 12
[183.308s][info][gc,ref      ] GC(258) Enqueued    references: Soft: 0, Weak: 0, Final: 0, Phantom: 0
[183.308s][info][gc          ] GC(258) Concurrent weak references 0.117ms
[183.308s][info][gc,start    ] GC(258) Concurrent weak roots
[183.308s][info][gc,task     ] GC(258) Using 1 of 3 workers for concurrent weak root
[183.309s][info][gc          ] GC(258) Concurrent weak roots 0.711ms
[183.309s][info][gc,start    ] GC(258) Concurrent cleanup
[183.309s][info][gc          ] GC(258) Concurrent cleanup 1094M->112M(4096M) 0.044ms
[183.309s][info][gc,ergo     ] GC(258) Free: 3778M, Max: 2048K regular, 1706M humongous, Frag: 55% external, 0% internal; Reserve: 206M, Max: 2048K
[183.309s][info][gc,start    ] GC(258) Concurrent class unloading
[183.309s][info][gc,task     ] GC(258) Using 1 of 3 workers for concurrent class unloading
[183.311s][info][gc          ] GC(258) Concurrent class unloading 1.975ms
[183.311s][info][gc,start    ] GC(258) Pause Final Roots
[183.311s][info][gc          ] GC(258) Pause Final Roots 0.023ms
[183.311s][info][gc,ergo     ] Free: 3772M, Max: 2048K regular, 1706M humongous, Frag: 55% external, 0% internal; Reserve: 206M, Max: 2048K
[183.311s][info][gc,stats    ] 
[183.311s][info][gc,stats    ] All times are wall-clock times, except per-root-class counters, that are sum over
[183.311s][info][gc,stats    ] all workers. Dividing the <total> over the root stage time estimates parallelism.
[183.311s][info][gc,stats    ] 
[183.311s][info][gc,stats    ] Concurrent Reset                    669 us
[183.311s][info][gc,stats    ] Pause Init Mark (G)                 389 us
[183.311s][info][gc,stats    ] Pause Init Mark (N)                 237 us
[183.311s][info][gc,stats    ]   Update Region States              115 us
[183.311s][info][gc,stats    ] Concurrent Mark Roots               789 us, parallelism: 0.84x
[183.311s][info][gc,stats    ]   CMR: <total>                      663 us
[183.311s][info][gc,stats    ]   CMR: Thread Roots                 593 us, workers (us): 593, ---, ---, 
[183.311s][info][gc,stats    ]   CMR: VM Strong Roots                7 us, workers (us):   7, ---, ---, 
[183.311s][info][gc,stats    ]   CMR: CLDG Roots                    63 us, workers (us):  63, ---, ---, 
[183.311s][info][gc,stats    ] Concurrent Marking                17654 us
[183.311s][info][gc,stats    ] Pause Final Mark (G)                489 us
[183.311s][info][gc,stats    ] Pause Final Mark (N)                356 us
[183.311s][info][gc,stats    ]   Finish Mark                       104 us
[183.311s][info][gc,stats    ]   Update Region States               82 us
[183.311s][info][gc,stats    ]   Choose Collection Set              61 us
[183.311s][info][gc,stats    ]   Rebuild Free Set                   17 us
[183.311s][info][gc,stats    ] Concurrent Weak References          124 us, parallelism: 0.04x
[183.311s][info][gc,stats    ]   CWRF: <total>                       5 us
[183.311s][info][gc,stats    ]   CWRF: Weak References               5 us, workers (us):   5, ---, ---, 
[183.311s][info][gc,stats    ] Concurrent Weak Roots               730 us
[183.311s][info][gc,stats    ]   Roots                             619 us, parallelism: 0.88x
[183.311s][info][gc,stats    ]     CWR: <total>                    548 us
[183.311s][info][gc,stats    ]     CWR: Code Cache Roots           431 us, workers (us): 431, ---, ---, 
[183.311s][info][gc,stats    ]     CWR: VM Weak Roots              112 us, workers (us): 112, ---, ---, 
[183.311s][info][gc,stats    ]     CWR: CLDG Roots                   5 us, workers (us):   5, ---, ---, 
[183.311s][info][gc,stats    ]   Rendezvous                         77 us
[183.311s][info][gc,stats    ] Concurrent Cleanup                   52 us
[183.311s][info][gc,stats    ] Concurrent Class Unloading         2015 us
[183.312s][info][gc,stats    ]   Unlink Stale                     1768 us
[183.312s][info][gc,stats    ]     System Dictionary                 2 us
[183.312s][info][gc,stats    ]     Weak Class Links                  0 us
[183.312s][info][gc,stats    ]     Code Roots                     1764 us
[183.312s][info][gc,stats    ]   Rendezvous                         55 us
[183.312s][info][gc,stats    ]   Purge Unlinked                    135 us
[183.312s][info][gc,stats    ]     Code Roots                      130 us
[183.312s][info][gc,stats    ]     CLDG                              5 us
[183.312s][info][gc,stats    ]     Exception Caches                  0 us
[183.312s][info][gc,stats    ] Pause Final Roots (G)               127 us
[183.312s][info][gc,stats    ] Pause Final Roots (N)                31 us
[183.312s][info][gc,stats    ] 
[183.312s][info][gc,stats    ] Allocation pacing accrued:
[183.312s][info][gc,stats    ]       0 of   476 ms (  0.0%): <total>
[183.312s][info][gc,stats    ]       0 of   476 ms (  0.0%): <average total>
[183.312s][info][gc,stats    ] 
[183.312s][info][gc,metaspace] Metaspace: 9037K(9280K)->9037K(9280K) NonClass: 7864K(8000K)->7864K(8000K) Class: 1172K(1280K)->1172K(1280K)
[183.312s][info][gc,ergo     ] Pacer for Idle. Initial: 83886K, Alloc Tax Rate: 1.0x
[183.744s][info][gc          ] Trigger: Learning 5 of 5. Free (2840M) is below initial threshold (2867M)
[183.744s][info][gc,ergo     ] Free: 2840M, Max: 2048K regular, 1706M humongous, Frag: 40% external, 0% internal; Reserve: 206M, Max: 2048K
[183.744s][info][gc,start    ] GC(259) Concurrent reset
[183.744s][info][gc,task     ] GC(259) Using 1 of 3 workers for concurrent reset
[183.744s][info][gc,ergo     ] GC(259) Pacer for Reset. Non-Taxable: 4096M
[183.744s][info][gc          ] GC(259) Concurrent reset 0.670ms
[183.745s][info][gc,start    ] GC(259) Pause Init Mark (unload classes)
[183.745s][info][gc,task     ] GC(259) Using 3 of 3 workers for init marking
[183.745s][info][gc,ergo     ] GC(259) Pacer for Mark. Expected Live: 9456K, Free: 2838M, Non-Taxable: 283M, Alloc Tax Rate: 0.0x
[183.745s][info][gc          ] GC(259) Pause Init Mark (unload classes) 0.236ms
[183.745s][info][gc,start    ] GC(259) Concurrent marking roots
[183.745s][info][gc,task     ] GC(259) Using 1 of 3 workers for concurrent marking roots
[183.746s][info][gc          ] GC(259) Concurrent marking roots 0.750ms
[183.746s][info][gc,start    ] GC(259) Concurrent marking (unload classes)
[183.746s][info][gc,task     ] GC(259) Using 1 of 3 workers for concurrent marking
[183.767s][info][gc          ] GC(259) Concurrent marking (unload classes) 21.089ms
[183.767s][info][gc,start    ] GC(259) Pause Final Mark (unload classes)
[183.767s][info][gc,task     ] GC(259) Using 3 of 3 workers for final marking
[183.767s][info][gc,ergo     ] GC(259) Collectable Garbage: 970M (93%), Immediate: 970M (93%), CSet: 0B (0%)
[183.767s][info][gc          ] GC(259) Pause Final Mark (unload classes) 0.295ms
[183.767s][info][gc,start    ] GC(259) Concurrent weak references
[183.767s][info][gc,task     ] GC(259) Using 1 of 3 workers for concurrent weak references
[183.767s][info][gc,ref      ] GC(259) Encountered references: Soft: 144, Weak: 702, Final: 0, Phantom: 27
[183.767s][info][gc,ref      ] GC(259) Discovered  references: Soft: 0, Weak: 150, Final: 0, Phantom: 12
[183.767s][info][gc,ref      ] GC(259) Enqueued    references: Soft: 0, Weak: 0, Final: 0, Phantom: 0
[183.767s][info][gc          ] GC(259) Concurrent weak references 0.157ms
[183.767s][info][gc,start    ] GC(259) Concurrent weak roots
[183.767s][info][gc,task     ] GC(259) Using 1 of 3 workers for concurrent weak root
[183.768s][info][gc          ] GC(259) Concurrent weak roots 0.658ms
[183.768s][info][gc,start    ] GC(259) Concurrent cleanup
[183.768s][info][gc          ] GC(259) Concurrent cleanup 1100M->130M(4096M) 0.043ms
[183.768s][info][gc,ergo     ] GC(259) Free: 3760M, Max: 2048K regular, 1700M humongous, Frag: 55% external, 0% internal; Reserve: 206M, Max: 2048K
[183.768s][info][gc,start    ] GC(259) Concurrent class unloading
[183.768s][info][gc,task     ] GC(259) Using 1 of 3 workers for concurrent class unloading
[183.771s][info][gc          ] GC(259) Concurrent class unloading 2.427ms
[183.771s][info][gc,start    ] GC(259) Pause Final Roots
[183.771s][info][gc          ] GC(259) Pause Final Roots 0.048ms
[183.771s][info][gc,ergo     ] Free: 3758M, Max: 2048K regular, 1700M humongous, Frag: 55% external, 0% internal; Reserve: 206M, Max: 2048K
[183.771s][info][gc,stats    ] 
[183.771s][info][gc,stats    ] All times are wall-clock times, except per-root-class counters, that are sum over
[183.771s][info][gc,stats    ] all workers. Dividing the <total> over the root stage time estimates parallelism.
[183.771s][info][gc,stats    ] 
[183.771s][info][gc,stats    ] Concurrent Reset                    742 us
[183.771s][info][gc,stats    ] Pause Init Mark (G)                 393 us
[183.771s][info][gc,stats    ] Pause Init Mark (N)                 260 us
[183.771s][info][gc,stats    ]   Update Region States              106 us
[183.771s][info][gc,stats    ] Concurrent Mark Roots               774 us, parallelism: 0.83x
[183.771s][info][gc,stats    ]   CMR: <total>                      640 us
[183.771s][info][gc,stats    ]   CMR: Thread Roots                 568 us, workers (us): 568, ---, ---, 
[183.771s][info][gc,stats    ]   CMR: VM Strong Roots                7 us, workers (us):   7, ---, ---, 
[183.771s][info][gc,stats    ]   CMR: CLDG Roots                    65 us, workers (us):  65, ---, ---, 
[183.771s][info][gc,stats    ] Concurrent Marking                21154 us
[183.771s][info][gc,stats    ] Pause Final Mark (G)                434 us
[183.771s][info][gc,stats    ] Pause Final Mark (N)                315 us
[183.771s][info][gc,stats    ]   Finish Mark                        76 us
[183.771s][info][gc,stats    ]   Update Region States               74 us
[183.771s][info][gc,stats    ]   Choose Collection Set              62 us
[183.771s][info][gc,stats    ]   Rebuild Free Set                   17 us
[183.771s][info][gc,stats    ] Concurrent Weak References          173 us, parallelism: 0.03x
[183.771s][info][gc,stats    ]   CWRF: <total>                       5 us
[183.771s][info][gc,stats    ]   CWRF: Weak References               5 us, workers (us):   5, ---, ---, 
[183.771s][info][gc,stats    ] Concurrent Weak Roots               677 us
[183.771s][info][gc,stats    ]   Roots                             549 us, parallelism: 0.87x
[183.771s][info][gc,stats    ]     CWR: <total>                    476 us
[183.771s][info][gc,stats    ]     CWR: Code Cache Roots           357 us, workers (us): 357, ---, ---, 
[183.771s][info][gc,stats    ]     CWR: VM Weak Roots              114 us, workers (us): 114, ---, ---, 
[183.771s][info][gc,stats    ]     CWR: CLDG Roots                   6 us, workers (us):   6, ---, ---, 
[183.771s][info][gc,stats    ]   Rendezvous                         78 us
[183.771s][info][gc,stats    ] Concurrent Cleanup                   51 us
[183.771s][info][gc,stats    ] Concurrent Class Unloading         2479 us
[183.771s][info][gc,stats    ]   Unlink Stale                     2143 us
[183.771s][info][gc,stats    ]     System Dictionary                 2 us
[183.772s][info][gc,stats    ]     Weak Class Links                  0 us
[183.772s][info][gc,stats    ]     Code Roots                     2139 us
[183.772s][info][gc,stats    ]   Rendezvous                        150 us
[183.772s][info][gc,stats    ]   Purge Unlinked                    115 us
[183.772s][info][gc,stats    ]     Code Roots                      105 us
[183.772s][info][gc,stats    ]     CLDG                              9 us
[183.772s][info][gc,stats    ]     Exception Caches                  0 us
[183.772s][info][gc,stats    ] Pause Final Roots (G)               191 us
[183.772s][info][gc,stats    ] Pause Final Roots (N)                66 us
[183.772s][info][gc,stats    ] 
[183.772s][info][gc,stats    ] Allocation pacing accrued:
[183.772s][info][gc,stats    ]       0 of   460 ms (  0.0%): <total>
[183.772s][info][gc,stats    ]       0 of   460 ms (  0.0%): <average total>
[183.772s][info][gc,stats    ] 
[183.772s][info][gc,metaspace] Metaspace: 9037K(9280K)->9037K(9280K) NonClass: 7864K(8000K)->7864K(8000K) Class: 1172K(1280K)->1172K(1280K)
[183.772s][info][gc,ergo     ] Pacer for Idle. Initial: 83886K, Alloc Tax Rate: 1.0x
[185.424s][info][gc          ] Trigger: Explicit GC request (System.gc())
[185.425s][info][gc,ergo     ] Free: 958M, Max: 2048K regular, 954M humongous, Frag: 1% external, 0% internal; Reserve: 206M, Max: 2048K
[185.425s][info][gc,start    ] GC(260) Concurrent reset
[185.425s][info][gc,task     ] GC(260) Using 1 of 3 workers for concurrent reset
[185.425s][info][gc,ergo     ] GC(260) Pacer for Reset. Non-Taxable: 4096M
[185.425s][info][gc          ] GC(260) Concurrent reset 0.602ms
[185.425s][info][gc,start    ] GC(260) Pause Init Mark (unload classes)
[185.425s][info][gc,task     ] GC(260) Using 3 of 3 workers for init marking
[185.425s][info][gc,ref      ] GC(260) Clearing All SoftReferences
[185.425s][info][gc,ergo     ] GC(260) Pacer for Mark. Expected Live: 9463K, Free: 958M, Non-Taxable: 98099K, Alloc Tax Rate: 0.0x
[185.425s][info][gc          ] GC(260) Pause Init Mark (unload classes) 0.192ms
[185.426s][info][gc,start    ] GC(260) Concurrent marking roots
[185.426s][info][gc,task     ] GC(260) Using 1 of 3 workers for concurrent marking roots
[185.426s][info][gc          ] GC(260) Concurrent marking roots 0.620ms
[185.426s][info][gc,start    ] GC(260) Concurrent marking (unload classes)
[185.426s][info][gc,task     ] GC(260) Using 1 of 3 workers for concurrent marking
[185.430s][info][gc          ] GC(260) Concurrent marking (unload classes) 3.748ms
[185.430s][info][gc,start    ] GC(260) Pause Final Mark (unload classes)
[185.430s][info][gc,task     ] GC(260) Using 3 of 3 workers for final marking
[185.430s][info][gc,ergo     ] GC(260) Collectable Garbage: 2891M (98%), Immediate: 2891M (98%), CSet: 0B (0%)
[185.430s][info][gc          ] GC(260) Pause Final Mark (unload classes) 0.383ms
[185.431s][info][gc,start    ] GC(260) Concurrent weak references
[185.431s][info][gc,task     ] GC(260) Using 1 of 3 workers for concurrent weak references
[185.431s][info][gc,ref      ] GC(260) Encountered references: Soft: 144, Weak: 702, Final: 0, Phantom: 27
[185.431s][info][gc,ref      ] GC(260) Discovered  references: Soft: 88, Weak: 168, Final: 0, Phantom: 25
[185.431s][info][gc,ref      ] GC(260) Enqueued    references: Soft: 3, Weak: 0, Final: 0, Phantom: 0
[185.431s][info][gc          ] GC(260) Concurrent weak references 0.183ms
[185.431s][info][gc,start    ] GC(260) Concurrent weak roots
[185.431s][info][gc,task     ] GC(260) Using 1 of 3 workers for concurrent weak root
[185.431s][info][gc          ] GC(260) Concurrent weak roots 0.557ms
[185.431s][info][gc,start    ] GC(260) Concurrent cleanup
[185.431s][info][gc          ] GC(260) Concurrent cleanup 2931M->40M(4096M) 0.105ms
[185.431s][info][gc,ergo     ] GC(260) Free: 3850M, Max: 2048K regular, 2720M humongous, Frag: 30% external, 0% internal; Reserve: 206M, Max: 2048K
[185.431s][info][gc,start    ] GC(260) Concurrent class unloading
[185.431s][info][gc,task     ] GC(260) Using 1 of 3 workers for concurrent class unloading
[185.434s][info][gc          ] GC(260) Concurrent class unloading 2.192ms
[185.434s][info][gc,start    ] GC(260) Pause Final Roots
[185.434s][info][gc          ] GC(260) Pause Final Roots 0.021ms
[185.434s][info][gc,ergo     ] Free: 3850M, Max: 2048K regular, 2720M humongous, Frag: 30% external, 0% internal; Reserve: 206M, Max: 2048K
[185.434s][info][gc,stats    ] 
[185.434s][info][gc,stats    ] All times are wall-clock times, except per-root-class counters, that are sum over
[185.434s][info][gc,stats    ] all workers. Dividing the <total> over the root stage time estimates parallelism.
[185.434s][info][gc,stats    ] 
[185.434s][info][gc,stats    ] Concurrent Reset                    643 us
[185.434s][info][gc,stats    ] Pause Init Mark (G)                 309 us
[185.434s][info][gc,stats    ] Pause Init Mark (N)                 209 us
[185.434s][info][gc,stats    ]   Update Region States               69 us
[185.434s][info][gc,stats    ] Concurrent Mark Roots               638 us, parallelism: 0.84x
[185.434s][info][gc,stats    ]   CMR: <total>                      539 us
[185.434s][info][gc,stats    ]   CMR: Thread Roots                 464 us, workers (us): 464, ---, ---, 
[185.434s][info][gc,stats    ]   CMR: VM Strong Roots                9 us, workers (us):   9, ---, ---, 
[185.434s][info][gc,stats    ]   CMR: CLDG Roots                    66 us, workers (us):  66, ---, ---, 
[185.434s][info][gc,stats    ] Concurrent Marking                 3810 us
[185.434s][info][gc,stats    ] Pause Final Mark (G)                530 us
[185.434s][info][gc,stats    ] Pause Final Mark (N)                408 us
[185.434s][info][gc,stats    ]   Finish Mark                        96 us
[185.434s][info][gc,stats    ]   Update Region States               95 us
[185.434s][info][gc,stats    ]   Choose Collection Set              92 us
[185.434s][info][gc,stats    ]   Rebuild Free Set                   20 us
[185.434s][info][gc,stats    ] Concurrent Weak References          199 us, parallelism: 0.04x
[185.434s][info][gc,stats    ]   CWRF: <total>                       9 us
[185.434s][info][gc,stats    ]   CWRF: Weak References               9 us, workers (us):   9, ---, ---, 
[185.434s][info][gc,stats    ] Concurrent Weak Roots               577 us
[185.434s][info][gc,stats    ]   Roots                             438 us, parallelism: 0.88x
[185.434s][info][gc,stats    ]     CWR: <total>                    385 us
[185.434s][info][gc,stats    ]     CWR: Code Cache Roots           319 us, workers (us): 319, ---, ---, 
[185.434s][info][gc,stats    ]     CWR: VM Weak Roots               62 us, workers (us):  62, ---, ---, 
[185.434s][info][gc,stats    ]     CWR: CLDG Roots                   4 us, workers (us):   4, ---, ---, 
[185.434s][info][gc,stats    ]   Rendezvous                         87 us
[185.434s][info][gc,stats    ] Concurrent Cleanup                  113 us
[185.434s][info][gc,stats    ] Concurrent Class Unloading         2244 us
[185.434s][info][gc,stats    ]   Unlink Stale                     1989 us
[185.434s][info][gc,stats    ]     System Dictionary                 2 us
[185.434s][info][gc,stats    ]     Weak Class Links                  0 us
[185.434s][info][gc,stats    ]     Code Roots                     1985 us
[185.434s][info][gc,stats    ]   Rendezvous                         42 us
[185.434s][info][gc,stats    ]   Purge Unlinked                    142 us
[185.434s][info][gc,stats    ]     Code Roots                      133 us
[185.434s][info][gc,stats    ]     CLDG                              8 us
[185.434s][info][gc,stats    ]     Exception Caches                  0 us
[185.434s][info][gc,stats    ] Pause Final Roots (G)                96 us
[185.434s][info][gc,stats    ] Pause Final Roots (N)                29 us
[185.434s][info][gc,stats    ] 
[185.434s][info][gc,stats    ] Allocation pacing accrued:
[185.434s][info][gc,stats    ]       0 of  1663 ms (  0.0%): <total>
[185.434s][info][gc,stats    ]       0 of  1663 ms (  0.0%): <average total>
[185.434s][info][gc,stats    ] 
[185.434s][info][gc,metaspace] Metaspace: 9038K(9280K)->9038K(9280K) NonClass: 7865K(8000K)->7865K(8000K) Class: 1172K(1280K)->1172K(1280K)
[185.434s][info][gc,ergo     ] Pacer for Idle. Initial: 83886K, Alloc Tax Rate: 1.0x
[185.895s][info][gc          ] Trigger: Learning 2 of 5. Free (2852M) is below initial threshold (2867M)
[185.895s][info][gc,ergo     ] Free: 2850M, Max: 2048K regular, 1762M humongous, Frag: 39% external, 0% internal; Reserve: 206M, Max: 2048K
[185.895s][info][gc,start    ] GC(261) Concurrent reset
[185.895s][info][gc,task     ] GC(261) Using 1 of 3 workers for concurrent reset
[185.895s][info][gc,ergo     ] GC(261) Pacer for Reset. Non-Taxable: 4096M
[185.896s][info][gc          ] GC(261) Concurrent reset 0.476ms
[185.896s][info][gc,start    ] GC(261) Pause Init Mark (unload classes)
[185.896s][info][gc,task     ] GC(261) Using 3 of 3 workers for init marking
[185.896s][info][gc,ergo     ] GC(261) Pacer for Mark. Expected Live: 9463K, Free: 2850M, Non-Taxable: 285M, Alloc Tax Rate: 0.0x
[185.896s][info][gc          ] GC(261) Pause Init Mark (unload classes) 0.170ms
[185.896s][info][gc,start    ] GC(261) Concurrent marking roots
[185.896s][info][gc,task     ] GC(261) Using 1 of 3 workers for concurrent marking roots
[185.897s][info][gc          ] GC(261) Concurrent marking roots 0.411ms
[185.897s][info][gc,start    ] GC(261) Concurrent marking (unload classes)
[185.897s][info][gc,task     ] GC(261) Using 1 of 3 workers for concurrent marking
[185.905s][info][gc          ] GC(261) Concurrent marking (unload classes) 8.736ms
[185.906s][info][gc,start    ] GC(261) Pause Final Mark (unload classes)
[185.906s][info][gc,task     ] GC(261) Using 3 of 3 workers for final marking
[185.906s][info][gc,ergo     ] GC(261) Collectable Garbage: 980M (94%), Immediate: 980M (94%), CSet: 0B (0%)
[185.906s][info][gc          ] GC(261) Pause Final Mark (unload classes) 0.339ms
[185.906s][info][gc,start    ] GC(261) Concurrent weak references
[185.906s][info][gc,task     ] GC(261) Using 1 of 3 workers for concurrent weak references
[185.906s][info][gc,ref      ] GC(261) Encountered references: Soft: 144, Weak: 702, Final: 0, Phantom: 27
[185.906s][info][gc,ref      ] GC(261) Discovered  references: Soft: 0, Weak: 150, Final: 0, Phantom: 12
[185.906s][info][gc,ref      ] GC(261) Enqueued    references: Soft: 0, Weak: 0, Final: 0, Phantom: 0
[185.906s][info][gc          ] GC(261) Concurrent weak references 0.114ms
[185.906s][info][gc,start    ] GC(261) Concurrent weak roots
[185.906s][info][gc,task     ] GC(261) Using 1 of 3 workers for concurrent weak root
[185.907s][info][gc          ] GC(261) Concurrent weak roots 0.717ms
[185.907s][info][gc,start    ] GC(261) Concurrent cleanup
[185.907s][info][gc          ] GC(261) Concurrent cleanup 1062M->82M(4096M) 0.043ms
[185.907s][info][gc,ergo     ] GC(261) Free: 3808M, Max: 2048K regular, 1740M humongous, Frag: 55% external, 0% internal; Reserve: 206M, Max: 2048K
[185.907s][info][gc,start    ] GC(261) Concurrent class unloading
[185.907s][info][gc,task     ] GC(261) Using 1 of 3 workers for concurrent class unloading
[185.909s][info][gc          ] GC(261) Concurrent class unloading 1.913ms
[185.909s][info][gc,start    ] GC(261) Pause Final Roots
[185.909s][info][gc          ] GC(261) Pause Final Roots 0.020ms
[185.909s][info][gc,ergo     ] Free: 3804M, Max: 2048K regular, 1740M humongous, Frag: 55% external, 0% internal; Reserve: 206M, Max: 2048K
[185.909s][info][gc,stats    ] 
[185.909s][info][gc,stats    ] All times are wall-clock times, except per-root-class counters, that are sum over
[185.909s][info][gc,stats    ] all workers. Dividing the <total> over the root stage time estimates parallelism.
[185.909s][info][gc,stats    ] 
[185.909s][info][gc,stats    ] Concurrent Reset                    532 us
[185.909s][info][gc,stats    ] Pause Init Mark (G)                 314 us
[185.909s][info][gc,stats    ] Pause Init Mark (N)                 187 us
[185.909s][info][gc,stats    ]   Update Region States               67 us
[185.909s][info][gc,stats    ] Concurrent Mark Roots               429 us, parallelism: 0.76x
[185.909s][info][gc,stats    ]   CMR: <total>                      327 us
[185.909s][info][gc,stats    ]   CMR: Thread Roots                 288 us, workers (us): 288, ---, ---, 
[185.909s][info][gc,stats    ]   CMR: VM Strong Roots                5 us, workers (us):   5, ---, ---, 
[185.909s][info][gc,stats    ]   CMR: CLDG Roots                    34 us, workers (us):  34, ---, ---, 
[185.909s][info][gc,stats    ] Concurrent Marking                 8794 us
[185.909s][info][gc,stats    ] Pause Final Mark (G)                471 us
[185.909s][info][gc,stats    ] Pause Final Mark (N)                359 us
[185.909s][info][gc,stats    ]   Finish Mark                       110 us
[185.909s][info][gc,stats    ]   Update Region States               89 us
[185.909s][info][gc,stats    ]   Choose Collection Set              61 us
[185.909s][info][gc,stats    ]   Rebuild Free Set                   17 us
[185.909s][info][gc,stats    ] Concurrent Weak References          122 us, parallelism: 0.04x
[185.909s][info][gc,stats    ]   CWRF: <total>                       5 us
[185.909s][info][gc,stats    ]   CWRF: Weak References               5 us, workers (us):   5, ---, ---, 
[185.909s][info][gc,stats    ] Concurrent Weak Roots               736 us
[185.909s][info][gc,stats    ]   Roots                             623 us, parallelism: 0.88x
[185.909s][info][gc,stats    ]     CWR: <total>                    552 us
[185.909s][info][gc,stats    ]     CWR: Code Cache Roots           431 us, workers (us): 431, ---, ---, 
[185.909s][info][gc,stats    ]     CWR: VM Weak Roots              114 us, workers (us): 114, ---, ---, 
[185.909s][info][gc,stats    ]     CWR: CLDG Roots                   6 us, workers (us):   6, ---, ---, 
[185.909s][info][gc,stats    ]   Rendezvous                         78 us
[185.909s][info][gc,stats    ] Concurrent Cleanup                   51 us
[185.909s][info][gc,stats    ] Concurrent Class Unloading         1950 us
[185.909s][info][gc,stats    ]   Unlink Stale                     1738 us
[185.909s][info][gc,stats    ]     System Dictionary                 3 us
[185.909s][info][gc,stats    ]     Weak Class Links                  0 us
[185.909s][info][gc,stats    ]     Code Roots                     1734 us
[185.909s][info][gc,stats    ]   Rendezvous                         62 us
[185.909s][info][gc,stats    ]   Purge Unlinked                     92 us
[185.910s][info][gc,stats    ]     Code Roots                       86 us
[185.910s][info][gc,stats    ]     CLDG                              5 us
[185.910s][info][gc,stats    ]     Exception Caches                  0 us
[185.910s][info][gc,stats    ] Pause Final Roots (G)                93 us
[185.910s][info][gc,stats    ] Pause Final Roots (N)                28 us
[185.910s][info][gc,stats    ] 
[185.910s][info][gc,stats    ] Allocation pacing accrued:
[185.910s][info][gc,stats    ]       0 of   475 ms (  0.0%): <total>
[185.910s][info][gc,stats    ]       0 of   475 ms (  0.0%): <average total>
[185.910s][info][gc,stats    ] 
[185.910s][info][gc,metaspace] Metaspace: 9038K(9280K)->9038K(9280K) NonClass: 7865K(8000K)->7865K(8000K) Class: 1172K(1280K)->1172K(1280K)
[185.910s][info][gc,ergo     ] Pacer for Idle. Initial: 83886K, Alloc Tax Rate: 1.0x
[186.367s][info][gc          ] Trigger: Learning 3 of 5. Free (2836M) is below initial threshold (2867M)
[186.367s][info][gc,ergo     ] Free: 2836M, Max: 2048K regular, 1740M humongous, Frag: 39% external, 0% internal; Reserve: 206M, Max: 2048K
[186.367s][info][gc,start    ] GC(262) Concurrent reset
[186.367s][info][gc,task     ] GC(262) Using 1 of 3 workers for concurrent reset
[186.367s][info][gc,ergo     ] GC(262) Pacer for Reset. Non-Taxable: 4096M
[186.367s][info][gc          ] GC(262) Concurrent reset 0.600ms
[186.368s][info][gc,start    ] GC(262) Pause Init Mark (unload classes)
[186.368s][info][gc,task     ] GC(262) Using 3 of 3 workers for init marking
[186.368s][info][gc,ergo     ] GC(262) Pacer for Mark. Expected Live: 9463K, Free: 2834M, Non-Taxable: 283M, Alloc Tax Rate: 0.0x
[186.368s][info][gc          ] GC(262) Pause Init Mark (unload classes) 0.247ms
[186.368s][info][gc,start    ] GC(262) Concurrent marking roots
[186.368s][info][gc,task     ] GC(262) Using 1 of 3 workers for concurrent marking roots
[186.369s][info][gc          ] GC(262) Concurrent marking roots 0.742ms
[186.369s][info][gc,start    ] GC(262) Concurrent marking (unload classes)
[186.369s][info][gc,task     ] GC(262) Using 1 of 3 workers for concurrent marking
[186.382s][info][gc          ] GC(262) Concurrent marking (unload classes) 13.092ms
[186.382s][info][gc,start    ] GC(262) Pause Final Mark (unload classes)
[186.382s][info][gc,task     ] GC(262) Using 3 of 3 workers for final marking
[186.382s][info][gc,ergo     ] GC(262) Collectable Garbage: 994M (94%), Immediate: 994M (94%), CSet: 0B (0%)
[186.382s][info][gc          ] GC(262) Pause Final Mark (unload classes) 0.362ms
[186.382s][info][gc,start    ] GC(262) Concurrent weak references
[186.382s][info][gc,task     ] GC(262) Using 1 of 3 workers for concurrent weak references
[186.382s][info][gc,ref      ] GC(262) Encountered references: Soft: 144, Weak: 702, Final: 0, Phantom: 27
[186.382s][info][gc,ref      ] GC(262) Discovered  references: Soft: 0, Weak: 150, Final: 0, Phantom: 12
[186.382s][info][gc,ref      ] GC(262) Enqueued    references: Soft: 0, Weak: 0, Final: 0, Phantom: 0
[186.382s][info][gc          ] GC(262) Concurrent weak references 0.115ms
[186.382s][info][gc,start    ] GC(262) Concurrent weak roots
[186.382s][info][gc,task     ] GC(262) Using 1 of 3 workers for concurrent weak root
[186.383s][info][gc          ] GC(262) Concurrent weak roots 0.713ms
[186.383s][info][gc,start    ] GC(262) Concurrent cleanup
[186.383s][info][gc          ] GC(262) Concurrent cleanup 1086M->92M(4096M) 0.048ms
[186.383s][info][gc,ergo     ] GC(262) Free: 3798M, Max: 2048K regular, 1714M humongous, Frag: 55% external, 0% internal; Reserve: 206M, Max: 2048K
[186.383s][info][gc,start    ] GC(262) Concurrent class unloading
[186.383s][info][gc,task     ] GC(262) Using 1 of 3 workers for concurrent class unloading
[186.386s][info][gc          ] GC(262) Concurrent class unloading 2.260ms
[186.386s][info][gc,start    ] GC(262) Pause Final Roots
[186.386s][info][gc          ] GC(262) Pause Final Roots 0.041ms
[186.386s][info][gc,ergo     ] Free: 3792M, Max: 2048K regular, 1714M humongous, Frag: 55% external, 0% internal; Reserve: 206M, Max: 2048K
[186.386s][info][gc,stats    ] 
[186.386s][info][gc,stats    ] All times are wall-clock times, except per-root-class counters, that are sum over
[186.386s][info][gc,stats    ] all workers. Dividing the <total> over the root stage time estimates parallelism.
[186.386s][info][gc,stats    ] 
[186.386s][info][gc,stats    ] Concurrent Reset                    668 us
[186.386s][info][gc,stats    ] Pause Init Mark (G)                 425 us
[186.386s][info][gc,stats    ] Pause Init Mark (N)                 266 us
[186.386s][info][gc,stats    ]   Update Region States              116 us
[186.386s][info][gc,stats    ] Concurrent Mark Roots               765 us, parallelism: 0.84x
[186.386s][info][gc,stats    ]   CMR: <total>                      640 us
[186.386s][info][gc,stats    ]   CMR: Thread Roots                 569 us, workers (us): 569, ---, ---, 
[186.386s][info][gc,stats    ]   CMR: VM Strong Roots                7 us, workers (us):   7, ---, ---, 
[186.386s][info][gc,stats    ]   CMR: CLDG Roots                    64 us, workers (us):  64, ---, ---, 
[186.386s][info][gc,stats    ] Concurrent Marking                13143 us
[186.386s][info][gc,stats    ] Pause Final Mark (G)                493 us
[186.386s][info][gc,stats    ] Pause Final Mark (N)                381 us
[186.386s][info][gc,stats    ]   Finish Mark                       146 us
[186.386s][info][gc,stats    ]   Update Region States               80 us
[186.386s][info][gc,stats    ]   Choose Collection Set              56 us
[186.386s][info][gc,stats    ]   Rebuild Free Set                   17 us
[186.386s][info][gc,stats    ] Concurrent Weak References          122 us, parallelism: 0.04x
[186.386s][info][gc,stats    ]   CWRF: <total>                       5 us
[186.386s][info][gc,stats    ]   CWRF: Weak References               5 us, workers (us):   5, ---, ---, 
[186.386s][info][gc,stats    ] Concurrent Weak Roots               733 us
[186.386s][info][gc,stats    ]   Roots                             619 us, parallelism: 0.88x
[186.386s][info][gc,stats    ]     CWR: <total>                    546 us
[186.386s][info][gc,stats    ]     CWR: Code Cache Roots           428 us, workers (us): 428, ---, ---, 
[186.386s][info][gc,stats    ]     CWR: VM Weak Roots              111 us, workers (us): 111, ---, ---, 
[186.386s][info][gc,stats    ]     CWR: CLDG Roots                   6 us, workers (us):   6, ---, ---, 
[186.386s][info][gc,stats    ]   Rendezvous                         78 us
[186.386s][info][gc,stats    ] Concurrent Cleanup                   56 us
[186.386s][info][gc,stats    ] Concurrent Class Unloading         2313 us
[186.386s][info][gc,stats    ]   Unlink Stale                     1982 us
[186.386s][info][gc,stats    ]     System Dictionary                 3 us
[186.386s][info][gc,stats    ]     Weak Class Links                  0 us
[186.386s][info][gc,stats    ]     Code Roots                     1978 us
[186.386s][info][gc,stats    ]   Rendezvous                        100 us
[186.386s][info][gc,stats    ]   Purge Unlinked                    159 us
[186.386s][info][gc,stats    ]     Code Roots                      148 us
[186.386s][info][gc,stats    ]     CLDG                             10 us
[186.386s][info][gc,stats    ]     Exception Caches                  0 us
[186.386s][info][gc,stats    ] Pause Final Roots (G)               192 us
[186.386s][info][gc,stats    ] Pause Final Roots (N)                58 us
[186.386s][info][gc,stats    ] 
[186.386s][info][gc,stats    ] Allocation pacing accrued:
[186.386s][info][gc,stats    ]       0 of   477 ms (  0.0%): <total>
[186.386s][info][gc,stats    ]       0 of   477 ms (  0.0%): <average total>
[186.386s][info][gc,stats    ] 
[186.386s][info][gc,metaspace] Metaspace: 9038K(9280K)->9038K(9280K) NonClass: 7865K(8000K)->7865K(8000K) Class: 1172K(1280K)->1172K(1280K)
[186.386s][info][gc,ergo     ] Pacer for Idle. Initial: 83886K, Alloc Tax Rate: 1.0x
[186.838s][info][gc          ] Trigger: Learning 4 of 5. Free (2838M) is below initial threshold (2867M)
[186.838s][info][gc,ergo     ] Free: 2838M, Max: 2048K regular, 1714M humongous, Frag: 40% external, 0% internal; Reserve: 206M, Max: 2048K
[186.838s][info][gc,start    ] GC(263) Concurrent reset
[186.838s][info][gc,task     ] GC(263) Using 1 of 3 workers for concurrent reset
[186.838s][info][gc,ergo     ] GC(263) Pacer for Reset. Non-Taxable: 4096M
[186.839s][info][gc          ] GC(263) Concurrent reset 0.693ms
[186.839s][info][gc,start    ] GC(263) Pause Init Mark (unload classes)
[186.839s][info][gc,task     ] GC(263) Using 3 of 3 workers for init marking
[186.839s][info][gc,ergo     ] GC(263) Pacer for Mark. Expected Live: 9467K, Free: 2836M, Non-Taxable: 283M, Alloc Tax Rate: 0.0x
[186.839s][info][gc          ] GC(263) Pause Init Mark (unload classes) 0.170ms
[186.839s][info][gc,start    ] GC(263) Concurrent marking roots
[186.839s][info][gc,task     ] GC(263) Using 1 of 3 workers for concurrent marking roots
[186.840s][info][gc          ] GC(263) Concurrent marking roots 0.416ms
[186.840s][info][gc,start    ] GC(263) Concurrent marking (unload classes)
[186.840s][info][gc,task     ] GC(263) Using 1 of 3 workers for concurrent marking
[186.857s][info][gc          ] GC(263) Concurrent marking (unload classes) 17.143ms
[186.857s][info][gc,start    ] GC(263) Pause Final Mark (unload classes)
[186.857s][info][gc,task     ] GC(263) Using 3 of 3 workers for final marking
[186.857s][info][gc,ergo     ] GC(263) Collectable Garbage: 988M (94%), Immediate: 988M (94%), CSet: 0B (0%)
[186.857s][info][gc          ] GC(263) Pause Final Mark (unload classes) 0.258ms
[186.857s][info][gc,start    ] GC(263) Concurrent weak references
[186.857s][info][gc,task     ] GC(263) Using 1 of 3 workers for concurrent weak references
[186.857s][info][gc,ref      ] GC(263) Encountered references: Soft: 144, Weak: 702, Final: 0, Phantom: 27
[186.857s][info][gc,ref      ] GC(263) Discovered  references: Soft: 0, Weak: 150, Final: 0, Phantom: 12
[186.857s][info][gc,ref      ] GC(263) Enqueued    references: Soft: 0, Weak: 0, Final: 0, Phantom: 0
[186.857s][info][gc          ] GC(263) Concurrent weak references 0.113ms
[186.857s][info][gc,start    ] GC(263) Concurrent weak roots
[186.857s][info][gc,task     ] GC(263) Using 1 of 3 workers for concurrent weak root
[186.858s][info][gc          ] GC(263) Concurrent weak roots 0.592ms
[186.858s][info][gc,start    ] GC(263) Concurrent cleanup
[186.858s][info][gc          ] GC(263) Concurrent cleanup 1094M->106M(4096M) 0.045ms
[186.858s][info][gc,ergo     ] GC(263) Free: 3784M, Max: 2048K regular, 1706M humongous, Frag: 55% external, 0% internal; Reserve: 206M, Max: 2048K
[186.858s][info][gc,start    ] GC(263) Concurrent class unloading
[186.858s][info][gc,task     ] GC(263) Using 1 of 3 workers for concurrent class unloading
[186.860s][info][gc          ] GC(263) Concurrent class unloading 2.179ms
[186.860s][info][gc,start    ] GC(263) Pause Final Roots
[186.860s][info][gc          ] GC(263) Pause Final Roots 0.039ms
[186.860s][info][gc,ergo     ] Free: 3780M, Max: 2048K regular, 1706M humongous, Frag: 55% external, 0% internal; Reserve: 206M, Max: 2048K
[186.861s][info][gc,stats    ] 
[186.861s][info][gc,stats    ] All times are wall-clock times, except per-root-class counters, that are sum over
[186.861s][info][gc,stats    ] all workers. Dividing the <total> over the root stage time estimates parallelism.
[186.861s][info][gc,stats    ] 
[186.861s][info][gc,stats    ] Concurrent Reset                    734 us
[186.861s][info][gc,stats    ] Pause Init Mark (G)                 328 us
[186.861s][info][gc,stats    ] Pause Init Mark (N)                 187 us
[186.861s][info][gc,stats    ]   Update Region States               66 us
[186.861s][info][gc,stats    ] Concurrent Mark Roots               435 us, parallelism: 0.76x
[186.861s][info][gc,stats    ]   CMR: <total>                      330 us
[186.861s][info][gc,stats    ]   CMR: Thread Roots                 291 us, workers (us): 291, ---, ---, 
[186.861s][info][gc,stats    ]   CMR: VM Strong Roots                4 us, workers (us):   4, ---, ---, 
[186.861s][info][gc,stats    ]   CMR: CLDG Roots                    34 us, workers (us):  34, ---, ---, 
[186.861s][info][gc,stats    ] Concurrent Marking                17212 us
[186.861s][info][gc,stats    ] Pause Final Mark (G)                361 us
[186.861s][info][gc,stats    ] Pause Final Mark (N)                275 us
[186.861s][info][gc,stats    ]   Finish Mark                        64 us
[186.861s][info][gc,stats    ]   Update Region States               56 us
[186.861s][info][gc,stats    ]   Choose Collection Set              47 us
[186.861s][info][gc,stats    ]   Rebuild Free Set                   16 us
[186.861s][info][gc,stats    ] Concurrent Weak References          120 us, parallelism: 0.04x
[186.861s][info][gc,stats    ]   CWRF: <total>                       5 us
[186.861s][info][gc,stats    ]   CWRF: Weak References               5 us, workers (us):   5, ---, ---, 
[186.861s][info][gc,stats    ] Concurrent Weak Roots               612 us
[186.861s][info][gc,stats    ]   Roots                             497 us, parallelism: 0.89x
[186.861s][info][gc,stats    ]     CWR: <total>                    441 us
[186.861s][info][gc,stats    ]     CWR: Code Cache Roots           373 us, workers (us): 373, ---, ---, 
[186.861s][info][gc,stats    ]     CWR: VM Weak Roots               63 us, workers (us):  63, ---, ---, 
[186.861s][info][gc,stats    ]     CWR: CLDG Roots                   5 us, workers (us):   5, ---, ---, 
[186.861s][info][gc,stats    ]   Rendezvous                         78 us
[186.861s][info][gc,stats    ] Concurrent Cleanup                   53 us
[186.861s][info][gc,stats    ] Concurrent Class Unloading         2231 us
[186.861s][info][gc,stats    ]   Unlink Stale                     1811 us
[186.861s][info][gc,stats    ]     System Dictionary                 3 us
[186.861s][info][gc,stats    ]     Weak Class Links                  0 us
[186.861s][info][gc,stats    ]     Code Roots                     1807 us
[186.861s][info][gc,stats    ]   Rendezvous                        192 us
[186.861s][info][gc,stats    ]   Purge Unlinked                    158 us
[186.861s][info][gc,stats    ]     Code Roots                      149 us
[186.861s][info][gc,stats    ]     CLDG                              8 us
[186.861s][info][gc,stats    ]     Exception Caches                  0 us
[186.861s][info][gc,stats    ] Pause Final Roots (G)               168 us
[186.861s][info][gc,stats    ] Pause Final Roots (N)                57 us
[186.861s][info][gc,stats    ] 
[186.861s][info][gc,stats    ] Allocation pacing accrued:
[186.861s][info][gc,stats    ]       0 of   475 ms (  0.0%): <total>
[186.861s][info][gc,stats    ]       0 of   475 ms (  0.0%): <average total>
[186.861s][info][gc,stats    ] 
[186.861s][info][gc,metaspace] Metaspace: 9038K(9280K)->9038K(9280K) NonClass: 7865K(8000K)->7865K(8000K) Class: 1172K(1280K)->1172K(1280K)
[186.861s][info][gc,ergo     ] Pacer for Idle. Initial: 83886K, Alloc Tax Rate: 1.0x
[187.293s][info][gc          ] Trigger: Learning 5 of 5. Free (2852M) is below initial threshold (2867M)
[187.293s][info][gc,ergo     ] Free: 2852M, Max: 2048K regular, 1706M humongous, Frag: 41% external, 0% internal; Reserve: 206M, Max: 2048K
[187.293s][info][gc,start    ] GC(264) Concurrent reset
[187.293s][info][gc,task     ] GC(264) Using 1 of 3 workers for concurrent reset
[187.293s][info][gc,ergo     ] GC(264) Pacer for Reset. Non-Taxable: 4096M
[187.294s][info][gc          ] GC(264) Concurrent reset 0.500ms
[187.294s][info][gc,start    ] GC(264) Pause Init Mark (unload classes)
[187.294s][info][gc,task     ] GC(264) Using 3 of 3 workers for init marking
[187.294s][info][gc,ergo     ] GC(264) Pacer for Mark. Expected Live: 9473K, Free: 2850M, Non-Taxable: 285M, Alloc Tax Rate: 0.0x
[187.294s][info][gc          ] GC(264) Pause Init Mark (unload classes) 0.198ms
[187.294s][info][gc,start    ] GC(264) Concurrent marking roots
[187.294s][info][gc,task     ] GC(264) Using 1 of 3 workers for concurrent marking roots
[187.294s][info][gc          ] GC(264) Concurrent marking roots 0.414ms
[187.294s][info][gc,start    ] GC(264) Concurrent marking (unload classes)
[187.294s][info][gc,task     ] GC(264) Using 1 of 3 workers for concurrent marking
[187.316s][info][gc          ] GC(264) Concurrent marking (unload classes) 21.142ms
[187.316s][info][gc,start    ] GC(264) Pause Final Mark (unload classes)
[187.316s][info][gc,task     ] GC(264) Using 3 of 3 workers for final marking
[187.316s][info][gc,ergo     ] GC(264) Collectable Garbage: 956M (93%), Immediate: 956M (93%), CSet: 0B (0%)
[187.316s][info][gc          ] GC(264) Pause Final Mark (unload classes) 0.348ms
[187.316s][info][gc,start    ] GC(264) Concurrent weak references
[187.316s][info][gc,task     ] GC(264) Using 1 of 3 workers for concurrent weak references
[187.316s][info][gc,ref      ] GC(264) Encountered references: Soft: 144, Weak: 702, Final: 0, Phantom: 27
[187.316s][info][gc,ref      ] GC(264) Discovered  references: Soft: 0, Weak: 150, Final: 0, Phantom: 25
[187.316s][info][gc,ref      ] GC(264) Enqueued    references: Soft: 0, Weak: 0, Final: 0, Phantom: 0
[187.316s][info][gc          ] GC(264) Concurrent weak references 0.113ms
[187.316s][info][gc,start    ] GC(264) Concurrent weak roots
[187.316s][info][gc,task     ] GC(264) Using 1 of 3 workers for concurrent weak root
[187.317s][info][gc          ] GC(264) Concurrent weak roots 0.547ms
[187.317s][info][gc,start    ] GC(264) Concurrent cleanup
[187.317s][info][gc          ] GC(264) Concurrent cleanup 1084M->128M(4096M) 0.043ms
[187.317s][info][gc,ergo     ] GC(264) Free: 3762M, Max: 2048K regular, 1724M humongous, Frag: 55% external, 0% internal; Reserve: 206M, Max: 2048K
[187.317s][info][gc,start    ] GC(264) Concurrent class unloading
[187.317s][info][gc,task     ] GC(264) Using 1 of 3 workers for concurrent class unloading
[187.319s][info][gc          ] GC(264) Concurrent class unloading 1.977ms
[187.319s][info][gc,start    ] GC(264) Pause Final Roots
[187.319s][info][gc          ] GC(264) Pause Final Roots 0.045ms
[187.319s][info][gc,ergo     ] Free: 3760M, Max: 2048K regular, 1724M humongous, Frag: 55% external, 0% internal; Reserve: 206M, Max: 2048K
[187.319s][info][gc,stats    ] 
[187.319s][info][gc,stats    ] All times are wall-clock times, except per-root-class counters, that are sum over
[187.319s][info][gc,stats    ] all workers. Dividing the <total> over the root stage time estimates parallelism.
[187.319s][info][gc,stats    ] 
[187.319s][info][gc,stats    ] Concurrent Reset                    554 us
[187.319s][info][gc,stats    ] Pause Init Mark (G)                 365 us
[187.319s][info][gc,stats    ] Pause Init Mark (N)                 216 us
[187.319s][info][gc,stats    ]   Update Region States               93 us
[187.319s][info][gc,stats    ] Concurrent Mark Roots               432 us, parallelism: 0.76x
[187.319s][info][gc,stats    ]   CMR: <total>                      330 us
[187.319s][info][gc,stats    ]   CMR: Thread Roots                 289 us, workers (us): 289, ---, ---, 
[187.319s][info][gc,stats    ]   CMR: VM Strong Roots                4 us, workers (us):   4, ---, ---, 
[187.319s][info][gc,stats    ]   CMR: CLDG Roots                    36 us, workers (us):  36, ---, ---, 
[187.319s][info][gc,stats    ] Concurrent Marking                21205 us
[187.319s][info][gc,stats    ] Pause Final Mark (G)                490 us
[187.319s][info][gc,stats    ] Pause Final Mark (N)                367 us
[187.319s][info][gc,stats    ]   Finish Mark                       113 us
[187.319s][info][gc,stats    ]   Update Region States               89 us
[187.320s][info][gc,stats    ]   Choose Collection Set              60 us
[187.320s][info][gc,stats    ]   Rebuild Free Set                   17 us
[187.320s][info][gc,stats    ] Concurrent Weak References          120 us, parallelism: 0.04x
[187.320s][info][gc,stats    ]   CWRF: <total>                       5 us
[187.320s][info][gc,stats    ]   CWRF: Weak References               5 us, workers (us):   5, ---, ---, 
[187.320s][info][gc,stats    ] Concurrent Weak Roots               566 us
[187.320s][info][gc,stats    ]   Roots                             452 us, parallelism: 0.88x
[187.320s][info][gc,stats    ]     CWR: <total>                    400 us
[187.320s][info][gc,stats    ]     CWR: Code Cache Roots           333 us, workers (us): 333, ---, ---, 
[187.320s][info][gc,stats    ]     CWR: VM Weak Roots               62 us, workers (us):  62, ---, ---, 
[187.320s][info][gc,stats    ]     CWR: CLDG Roots                   5 us, workers (us):   5, ---, ---, 
[187.320s][info][gc,stats    ]   Rendezvous                         80 us
[187.320s][info][gc,stats    ] Concurrent Cleanup                   51 us
[187.320s][info][gc,stats    ] Concurrent Class Unloading         2032 us
[187.320s][info][gc,stats    ]   Unlink Stale                     1705 us
[187.320s][info][gc,stats    ]     System Dictionary                 2 us
[187.320s][info][gc,stats    ]     Weak Class Links                  0 us
[187.320s][info][gc,stats    ]     Code Roots                     1701 us
[187.320s][info][gc,stats    ]   Rendezvous                         54 us
[187.320s][info][gc,stats    ]   Purge Unlinked                    199 us
[187.320s][info][gc,stats    ]     Code Roots                      189 us
[187.320s][info][gc,stats    ]     CLDG                              9 us
[187.320s][info][gc,stats    ]     Exception Caches                  0 us
[187.320s][info][gc,stats    ] Pause Final Roots (G)               191 us
[187.320s][info][gc,stats    ] Pause Final Roots (N)                63 us
[187.320s][info][gc,stats    ] 
[187.320s][info][gc,stats    ] Allocation pacing accrued:
[187.320s][info][gc,stats    ]       0 of   459 ms (  0.0%): <total>
[187.320s][info][gc,stats    ]       0 of   459 ms (  0.0%): <average total>
[187.320s][info][gc,stats    ] 
[187.320s][info][gc,metaspace] Metaspace: 9038K(9280K)->9038K(9280K) NonClass: 7865K(8000K)->7865K(8000K) Class: 1172K(1280K)->1172K(1280K)
[187.320s][info][gc,ergo     ] Pacer for Idle. Initial: 83886K, Alloc Tax Rate: 1.0x
[188.957s][info][gc          ] Trigger: Explicit GC request (System.gc())
[188.957s][info][gc,ergo     ] Free: 960M, Max: 2048K regular, 954M humongous, Frag: 1% external, 0% internal; Reserve: 206M, Max: 2048K
[188.957s][info][gc,start    ] GC(265) Concurrent reset
[188.957s][info][gc,task     ] GC(265) Using 1 of 3 workers for concurrent reset
[188.957s][info][gc,ergo     ] GC(265) Pacer for Reset. Non-Taxable: 4096M
[188.958s][info][gc          ] GC(265) Concurrent reset 0.707ms
[188.958s][info][gc,start    ] GC(265) Pause Init Mark (unload classes)
[188.958s][info][gc,task     ] GC(265) Using 3 of 3 workers for init marking
[188.958s][info][gc,ref      ] GC(265) Clearing All SoftReferences
[188.958s][info][gc,ergo     ] GC(265) Pacer for Mark. Expected Live: 9475K, Free: 960M, Non-Taxable: 98304K, Alloc Tax Rate: 0.0x
[188.958s][info][gc          ] GC(265) Pause Init Mark (unload classes) 0.241ms
[188.958s][info][gc,start    ] GC(265) Concurrent marking roots
[188.959s][info][gc,task     ] GC(265) Using 1 of 3 workers for concurrent marking roots
[188.959s][info][gc          ] GC(265) Concurrent marking roots 0.485ms
[188.959s][info][gc,start    ] GC(265) Concurrent marking (unload classes)
[188.959s][info][gc,task     ] GC(265) Using 1 of 3 workers for concurrent marking
[188.963s][info][gc          ] GC(265) Concurrent marking (unload classes) 3.634ms
[188.963s][info][gc,start    ] GC(265) Pause Final Mark (unload classes)
[188.963s][info][gc,task     ] GC(265) Using 3 of 3 workers for final marking
[188.963s][info][gc,ergo     ] GC(265) Collectable Garbage: 2890M (98%), Immediate: 2890M (98%), CSet: 0B (0%)
[188.963s][info][gc          ] GC(265) Pause Final Mark (unload classes) 0.294ms
[188.963s][info][gc,start    ] GC(265) Concurrent weak references
[188.963s][info][gc,task     ] GC(265) Using 1 of 3 workers for concurrent weak references
[188.963s][info][gc,ref      ] GC(265) Encountered references: Soft: 144, Weak: 702, Final: 0, Phantom: 27
[188.963s][info][gc,ref      ] GC(265) Discovered  references: Soft: 88, Weak: 168, Final: 0, Phantom: 25
[188.963s][info][gc,ref      ] GC(265) Enqueued    references: Soft: 3, Weak: 0, Final: 0, Phantom: 0
[188.963s][info][gc          ] GC(265) Concurrent weak references 0.127ms
[188.963s][info][gc,start    ] GC(265) Concurrent weak roots
[188.963s][info][gc,task     ] GC(265) Using 1 of 3 workers for concurrent weak root
[188.964s][info][gc          ] GC(265) Concurrent weak roots 0.505ms
[188.964s][info][gc,start    ] GC(265) Concurrent cleanup
[188.964s][info][gc          ] GC(265) Concurrent cleanup 2930M->40M(4096M) 0.107ms
[188.964s][info][gc,ergo     ] GC(265) Free: 3850M, Max: 2048K regular, 2720M humongous, Frag: 30% external, 0% internal; Reserve: 206M, Max: 2048K
[188.964s][info][gc,start    ] GC(265) Concurrent class unloading
[188.964s][info][gc,task     ] GC(265) Using 1 of 3 workers for concurrent class unloading
[188.966s][info][gc          ] GC(265) Concurrent class unloading 2.421ms
[188.966s][info][gc,start    ] GC(265) Pause Final Roots
[188.966s][info][gc          ] GC(265) Pause Final Roots 0.013ms
[188.966s][info][gc,ergo     ] Free: 3850M, Max: 2048K regular, 2720M humongous, Frag: 30% external, 0% internal; Reserve: 206M, Max: 2048K
[188.966s][info][gc,stats    ] 
[188.966s][info][gc,stats    ] All times are wall-clock times, except per-root-class counters, that are sum over
[188.966s][info][gc,stats    ] all workers. Dividing the <total> over the root stage time estimates parallelism.
[188.967s][info][gc,stats    ] 
[188.967s][info][gc,stats    ] Concurrent Reset                    762 us
[188.967s][info][gc,stats    ] Pause Init Mark (G)                 367 us
[188.967s][info][gc,stats    ] Pause Init Mark (N)                 259 us
[188.967s][info][gc,stats    ]   Update Region States               72 us
[188.967s][info][gc,stats    ] Concurrent Mark Roots               505 us, parallelism: 0.76x
[188.967s][info][gc,stats    ]   CMR: <total>                      382 us
[188.967s][info][gc,stats    ]   CMR: Thread Roots                 332 us, workers (us): 332, ---, ---, 
[188.967s][info][gc,stats    ]   CMR: VM Strong Roots                8 us, workers (us):   8, ---, ---, 
[188.967s][info][gc,stats    ]   CMR: CLDG Roots                    43 us, workers (us):  43, ---, ---, 
[188.967s][info][gc,stats    ] Concurrent Marking                 3690 us
[188.967s][info][gc,stats    ] Pause Final Mark (G)                382 us
[188.967s][info][gc,stats    ] Pause Final Mark (N)                315 us
[188.967s][info][gc,stats    ]   Finish Mark                        85 us
[188.967s][info][gc,stats    ]   Update Region States               50 us
[188.967s][info][gc,stats    ]   Choose Collection Set              82 us
[188.967s][info][gc,stats    ]   Rebuild Free Set                   21 us
[188.967s][info][gc,stats    ] Concurrent Weak References          140 us, parallelism: 0.07x
[188.967s][info][gc,stats    ]   CWRF: <total>                       9 us
[188.967s][info][gc,stats    ]   CWRF: Weak References               9 us, workers (us):   9, ---, ---, 
[188.967s][info][gc,stats    ] Concurrent Weak Roots               525 us
[188.967s][info][gc,stats    ]   Roots                             429 us, parallelism: 0.89x
[188.967s][info][gc,stats    ]     CWR: <total>                    380 us
[188.967s][info][gc,stats    ]     CWR: Code Cache Roots           314 us, workers (us): 314, ---, ---, 
[188.967s][info][gc,stats    ]     CWR: VM Weak Roots               63 us, workers (us):  63, ---, ---, 
[188.967s][info][gc,stats    ]     CWR: CLDG Roots                   4 us, workers (us):   4, ---, ---, 
[188.967s][info][gc,stats    ]   Rendezvous                         56 us
[188.967s][info][gc,stats    ] Concurrent Cleanup                  115 us
[188.967s][info][gc,stats    ] Concurrent Class Unloading         2473 us
[188.967s][info][gc,stats    ]   Unlink Stale                     2188 us
[188.967s][info][gc,stats    ]     System Dictionary                 3 us
[188.967s][info][gc,stats    ]     Weak Class Links                  0 us
[188.967s][info][gc,stats    ]     Code Roots                     2184 us
[188.967s][info][gc,stats    ]   Rendezvous                         22 us
[188.967s][info][gc,stats    ]   Purge Unlinked                    193 us
[188.967s][info][gc,stats    ]     Code Roots                      182 us
[188.967s][info][gc,stats    ]     CLDG                             10 us
[188.967s][info][gc,stats    ]     Exception Caches                  0 us
[188.967s][info][gc,stats    ] Pause Final Roots (G)                49 us
[188.967s][info][gc,stats    ] Pause Final Roots (N)                20 us
[188.967s][info][gc,stats    ] 
[188.967s][info][gc,stats    ] Allocation pacing accrued:
[188.967s][info][gc,stats    ]       0 of  1647 ms (  0.0%): <total>
[188.967s][info][gc,stats    ]       0 of  1647 ms (  0.0%): <average total>
[188.967s][info][gc,stats    ] 
[188.967s][info][gc,metaspace] Metaspace: 9038K(9280K)->9038K(9280K) NonClass: 7865K(8000K)->7865K(8000K) Class: 1172K(1280K)->1172K(1280K)
[188.967s][info][gc,ergo     ] Pacer for Idle. Initial: 83886K, Alloc Tax Rate: 1.0x
[189.429s][info][gc          ] Trigger: Learning 2 of 5. Free (2856M) is below initial threshold (2867M)
[189.429s][info][gc,ergo     ] Free: 2856M, Max: 2048K regular, 1768M humongous, Frag: 39% external, 0% internal; Reserve: 206M, Max: 2048K
[189.429s][info][gc,start    ] GC(266) Concurrent reset
[189.429s][info][gc,task     ] GC(266) Using 1 of 3 workers for concurrent reset
[189.429s][info][gc,ergo     ] GC(266) Pacer for Reset. Non-Taxable: 4096M
[189.429s][info][gc          ] GC(266) Concurrent reset 0.462ms
[189.430s][info][gc,start    ] GC(266) Pause Init Mark (unload classes)
[189.430s][info][gc,task     ] GC(266) Using 3 of 3 workers for init marking
[189.430s][info][gc,ergo     ] GC(266) Pacer for Mark. Expected Live: 9475K, Free: 2856M, Non-Taxable: 285M, Alloc Tax Rate: 0.0x
[189.430s][info][gc          ] GC(266) Pause Init Mark (unload classes) 0.185ms
[189.430s][info][gc,start    ] GC(266) Concurrent marking roots
[189.430s][info][gc,task     ] GC(266) Using 1 of 3 workers for concurrent marking roots
[189.430s][info][gc          ] GC(266) Concurrent marking roots 0.453ms
[189.430s][info][gc,start    ] GC(266) Concurrent marking (unload classes)
[189.430s][info][gc,task     ] GC(266) Using 1 of 3 workers for concurrent marking
[189.438s][info][gc          ] GC(266) Concurrent marking (unload classes) 7.823ms
[189.438s][info][gc,start    ] GC(266) Pause Final Mark (unload classes)
[189.438s][info][gc,task     ] GC(266) Using 3 of 3 workers for final marking
[189.438s][info][gc,ergo     ] GC(266) Collectable Garbage: 974M (94%), Immediate: 974M (94%), CSet: 0B (0%)
[189.438s][info][gc          ] GC(266) Pause Final Mark (unload classes) 0.258ms
[189.438s][info][gc,start    ] GC(266) Concurrent weak references
[189.439s][info][gc,task     ] GC(266) Using 1 of 3 workers for concurrent weak references
[189.439s][info][gc,ref      ] GC(266) Encountered references: Soft: 144, Weak: 702, Final: 0, Phantom: 27
[189.439s][info][gc,ref      ] GC(266) Discovered  references: Soft: 0, Weak: 150, Final: 0, Phantom: 12
[189.439s][info][gc,ref      ] GC(266) Enqueued    references: Soft: 0, Weak: 0, Final: 0, Phantom: 0
[189.439s][info][gc          ] GC(266) Concurrent weak references 0.171ms
[189.439s][info][gc,start    ] GC(266) Concurrent weak roots
[189.439s][info][gc,task     ] GC(266) Using 1 of 3 workers for concurrent weak root
[189.439s][info][gc          ] GC(266) Concurrent weak roots 0.744ms
[189.439s][info][gc,start    ] GC(266) Concurrent cleanup
[189.439s][info][gc          ] GC(266) Concurrent cleanup 1054M->80M(4096M) 0.046ms
[189.439s][info][gc,ergo     ] GC(266) Free: 3810M, Max: 2048K regular, 1748M humongous, Frag: 55% external, 0% internal; Reserve: 206M, Max: 2048K
[189.440s][info][gc,start    ] GC(266) Concurrent class unloading
[189.440s][info][gc,task     ] GC(266) Using 1 of 3 workers for concurrent class unloading
[189.442s][info][gc          ] GC(266) Concurrent class unloading 2.090ms
[189.442s][info][gc,start    ] GC(266) Pause Final Roots
[189.442s][info][gc          ] GC(266) Pause Final Roots 0.018ms
[189.442s][info][gc,ergo     ] Free: 3804M, Max: 2048K regular, 1748M humongous, Frag: 55% external, 0% internal; Reserve: 206M, Max: 2048K
[189.442s][info][gc,stats    ] 
[189.442s][info][gc,stats    ] All times are wall-clock times, except per-root-class counters, that are sum over
[189.442s][info][gc,stats    ] all workers. Dividing the <total> over the root stage time estimates parallelism.
[189.442s][info][gc,stats    ] 
[189.442s][info][gc,stats    ] Concurrent Reset                    518 us
[189.442s][info][gc,stats    ] Pause Init Mark (G)                 306 us
[189.442s][info][gc,stats    ] Pause Init Mark (N)                 203 us
[189.442s][info][gc,stats    ]   Update Region States               56 us
[189.442s][info][gc,stats    ] Concurrent Mark Roots               470 us, parallelism: 0.71x
[189.442s][info][gc,stats    ]   CMR: <total>                      335 us
[189.442s][info][gc,stats    ]   CMR: Thread Roots                 294 us, workers (us): 294, ---, ---, 
[189.442s][info][gc,stats    ]   CMR: VM Strong Roots                5 us, workers (us):   5, ---, ---, 
[189.442s][info][gc,stats    ]   CMR: CLDG Roots                    35 us, workers (us):  35, ---, ---, 
[189.442s][info][gc,stats    ] Concurrent Marking                 7883 us
[189.442s][info][gc,stats    ] Pause Final Mark (G)                352 us
[189.442s][info][gc,stats    ] Pause Final Mark (N)                277 us
[189.442s][info][gc,stats    ]   Finish Mark                        73 us
[189.442s][info][gc,stats    ]   Update Region States               48 us
[189.442s][info][gc,stats    ]   Choose Collection Set              62 us
[189.442s][info][gc,stats    ]   Rebuild Free Set                   16 us
[189.442s][info][gc,stats    ] Concurrent Weak References          189 us, parallelism: 0.03x
[189.442s][info][gc,stats    ]   CWRF: <total>                       5 us
[189.442s][info][gc,stats    ]   CWRF: Weak References               5 us, workers (us):   5, ---, ---, 
[189.442s][info][gc,stats    ] Concurrent Weak Roots               768 us
[189.442s][info][gc,stats    ]   Roots                             650 us, parallelism: 0.88x
[189.442s][info][gc,stats    ]     CWR: <total>                    573 us
[189.442s][info][gc,stats    ]     CWR: Code Cache Roots           449 us, workers (us): 449, ---, ---, 
[189.442s][info][gc,stats    ]     CWR: VM Weak Roots              118 us, workers (us): 118, ---, ---, 
[189.442s][info][gc,stats    ]     CWR: CLDG Roots                   6 us, workers (us):   6, ---, ---, 
[189.442s][info][gc,stats    ]   Rendezvous                         62 us
[189.442s][info][gc,stats    ] Concurrent Cleanup                   54 us
[189.442s][info][gc,stats    ] Concurrent Class Unloading         2145 us
[189.442s][info][gc,stats    ]   Unlink Stale                     1887 us
[189.442s][info][gc,stats    ]     System Dictionary                 3 us
[189.442s][info][gc,stats    ]     Weak Class Links                  0 us
[189.442s][info][gc,stats    ]     Code Roots                     1882 us
[189.442s][info][gc,stats    ]   Rendezvous                         24 us
[189.442s][info][gc,stats    ]   Purge Unlinked                    160 us
[189.442s][info][gc,stats    ]     Code Roots                      150 us
[189.442s][info][gc,stats    ]     CLDG                             10 us
[189.442s][info][gc,stats    ]     Exception Caches                  0 us
[189.442s][info][gc,stats    ] Pause Final Roots (G)                97 us
[189.442s][info][gc,stats    ] Pause Final Roots (N)                26 us
[189.442s][info][gc,stats    ] 
[189.443s][info][gc,stats    ] Allocation pacing accrued:
[189.443s][info][gc,stats    ]       0 of   476 ms (  0.0%): <total>
[189.443s][info][gc,stats    ]       0 of   476 ms (  0.0%): <average total>
[189.443s][info][gc,stats    ] 
[189.443s][info][gc,metaspace] Metaspace: 9038K(9280K)->9038K(9280K) NonClass: 7865K(8000K)->7865K(8000K) Class: 1172K(1280K)->1172K(1280K)
[189.443s][info][gc,ergo     ] Pacer for Idle. Initial: 83886K, Alloc Tax Rate: 1.0x
[189.900s][info][gc          ] Trigger: Learning 3 of 5. Free (2844M) is below initial threshold (2867M)
[189.900s][info][gc,ergo     ] Free: 2844M, Max: 2048K regular, 1748M humongous, Frag: 39% external, 0% internal; Reserve: 206M, Max: 2048K
[189.902s][info][gc,start    ] GC(267) Concurrent reset
[189.902s][info][gc,task     ] GC(267) Using 1 of 3 workers for concurrent reset
[189.902s][info][gc,ergo     ] GC(267) Pacer for Reset. Non-Taxable: 4096M
[189.902s][info][gc          ] GC(267) Concurrent reset 0.309ms
[189.931s][info][gc,start    ] GC(267) Pause Init Mark (unload classes)
[189.931s][info][gc,task     ] GC(267) Using 3 of 3 workers for init marking
[189.931s][info][gc,ergo     ] GC(267) Pacer for Mark. Expected Live: 9472K, Free: 2842M, Non-Taxable: 284M, Alloc Tax Rate: 0.0x
[189.931s][info][gc          ] GC(267) Pause Init Mark (unload classes) 0.248ms
[189.931s][info][gc,start    ] GC(267) Concurrent marking roots
[189.931s][info][gc,task     ] GC(267) Using 1 of 3 workers for concurrent marking roots
[189.932s][info][gc          ] GC(267) Concurrent marking roots 0.996ms
[189.932s][info][gc,start    ] GC(267) Concurrent marking (unload classes)
[189.932s][info][gc,task     ] GC(267) Using 1 of 3 workers for concurrent marking
[189.946s][info][gc          ] GC(267) Concurrent marking (unload classes) 13.568ms
[189.946s][info][gc,start    ] GC(267) Pause Final Mark (unload classes)
[189.946s][info][gc,task     ] GC(267) Using 3 of 3 workers for final marking
[189.946s][info][gc,ergo     ] GC(267) Collectable Garbage: 988M (95%), Immediate: 988M (95%), CSet: 0B (0%)
[189.946s][info][gc          ] GC(267) Pause Final Mark (unload classes) 0.221ms
[189.946s][info][gc,start    ] GC(267) Concurrent weak references
[189.946s][info][gc,task     ] GC(267) Using 1 of 3 workers for concurrent weak references
[189.946s][info][gc,ref      ] GC(267) Encountered references: Soft: 144, Weak: 702, Final: 0, Phantom: 27
[189.946s][info][gc,ref      ] GC(267) Discovered  references: Soft: 0, Weak: 150, Final: 0, Phantom: 12
[189.946s][info][gc,ref      ] GC(267) Enqueued    references: Soft: 0, Weak: 0, Final: 0, Phantom: 0
[189.946s][info][gc          ] GC(267) Concurrent weak references 0.141ms
[189.946s][info][gc,start    ] GC(267) Concurrent weak roots
[189.946s][info][gc,task     ] GC(267) Using 1 of 3 workers for concurrent weak root
[189.947s][info][gc          ] GC(267) Concurrent weak roots 0.556ms
[189.947s][info][gc,start    ] GC(267) Concurrent cleanup
[189.947s][info][gc          ] GC(267) Concurrent cleanup 1078M->90M(4096M) 0.049ms
[189.947s][info][gc,ergo     ] GC(267) Free: 3800M, Max: 2048K regular, 1722M humongous, Frag: 55% external, 0% internal; Reserve: 206M, Max: 2048K
[189.947s][info][gc,start    ] GC(267) Concurrent class unloading
[189.947s][info][gc,task     ] GC(267) Using 1 of 3 workers for concurrent class unloading
[189.949s][info][gc          ] GC(267) Concurrent class unloading 2.142ms
[189.949s][info][gc,start    ] GC(267) Pause Final Roots
[189.949s][info][gc          ] GC(267) Pause Final Roots 0.040ms
[189.950s][info][gc,ergo     ] Free: 3796M, Max: 2048K regular, 1722M humongous, Frag: 55% external, 0% internal; Reserve: 206M, Max: 2048K
[189.950s][info][gc,stats    ] 
[189.950s][info][gc,stats    ] All times are wall-clock times, except per-root-class counters, that are sum over
[189.950s][info][gc,stats    ] all workers. Dividing the <total> over the root stage time estimates parallelism.
[189.950s][info][gc,stats    ] 
[189.950s][info][gc,stats    ] Concurrent Reset                    354 us
[189.950s][info][gc,stats    ] Pause Init Mark (G)               28778 us
[189.950s][info][gc,stats    ] Pause Init Mark (N)                 273 us
[189.950s][info][gc,stats    ]   Update Region States               92 us
[189.950s][info][gc,stats    ] Concurrent Mark Roots              1022 us, parallelism: 0.78x
[189.950s][info][gc,stats    ]   CMR: <total>                      796 us
[189.950s][info][gc,stats    ]   CMR: Thread Roots                 693 us, workers (us): 693, ---, ---, 
[189.950s][info][gc,stats    ]   CMR: VM Strong Roots               12 us, workers (us):  12, ---, ---, 
[189.950s][info][gc,stats    ]   CMR: CLDG Roots                    91 us, workers (us):  91, ---, ---, 
[189.950s][info][gc,stats    ] Concurrent Marking                13635 us
[189.950s][info][gc,stats    ] Pause Final Mark (G)                393 us
[189.950s][info][gc,stats    ] Pause Final Mark (N)                238 us
[189.950s][info][gc,stats    ]   Finish Mark                        71 us
[189.950s][info][gc,stats    ]   Update Region States               42 us
[189.950s][info][gc,stats    ]   Choose Collection Set              46 us
[189.950s][info][gc,stats    ]   Rebuild Free Set                   17 us
[189.950s][info][gc,stats    ] Concurrent Weak References          149 us, parallelism: 0.04x
[189.950s][info][gc,stats    ]   CWRF: <total>                       6 us
[189.950s][info][gc,stats    ]   CWRF: Weak References               6 us, workers (us):   6, ---, ---, 
[189.950s][info][gc,stats    ] Concurrent Weak Roots               589 us
[189.950s][info][gc,stats    ]   Roots                             472 us, parallelism: 0.88x
[189.950s][info][gc,stats    ]     CWR: <total>                    416 us
[189.950s][info][gc,stats    ]     CWR: Code Cache Roots           346 us, workers (us): 346, ---, ---, 
[189.950s][info][gc,stats    ]     CWR: VM Weak Roots               64 us, workers (us):  64, ---, ---, 
[189.950s][info][gc,stats    ]     CWR: CLDG Roots                   5 us, workers (us):   5, ---, ---, 
[189.950s][info][gc,stats    ]   Rendezvous                         68 us
[189.950s][info][gc,stats    ] Concurrent Cleanup                   58 us
[189.950s][info][gc,stats    ] Concurrent Class Unloading         2198 us
[189.950s][info][gc,stats    ]   Unlink Stale                     1848 us
[189.950s][info][gc,stats    ]     System Dictionary                 3 us
[189.950s][info][gc,stats    ]     Weak Class Links                  0 us
[189.950s][info][gc,stats    ]     Code Roots                     1844 us
[189.950s][info][gc,stats    ]   Rendezvous                        150 us
[189.950s][info][gc,stats    ]   Purge Unlinked                    124 us
[189.950s][info][gc,stats    ]     Code Roots                      115 us
[189.950s][info][gc,stats    ]     CLDG                              8 us
[189.950s][info][gc,stats    ]     Exception Caches                  0 us
[189.950s][info][gc,stats    ] Pause Final Roots (G)               203 us
[189.950s][info][gc,stats    ] Pause Final Roots (N)                58 us
[189.950s][info][gc,stats    ] 
[189.950s][info][gc,stats    ] Allocation pacing accrued:
[189.950s][info][gc,stats    ]       0 of   507 ms (  0.0%): <total>
[189.950s][info][gc,stats    ]       0 of   507 ms (  0.0%): <average total>
[189.950s][info][gc,stats    ] 
[189.950s][info][gc,metaspace] Metaspace: 9038K(9280K)->9038K(9280K) NonClass: 7865K(8000K)->7865K(8000K) Class: 1172K(1280K)->1172K(1280K)
[189.950s][info][gc,ergo     ] Pacer for Idle. Initial: 83886K, Alloc Tax Rate: 1.0x
[190.401s][info][gc          ] Trigger: Learning 4 of 5. Free (2844M) is below initial threshold (2867M)
[190.401s][info][gc,ergo     ] Free: 2844M, Max: 2048K regular, 1722M humongous, Frag: 40% external, 0% internal; Reserve: 206M, Max: 2048K
[190.401s][info][gc,start    ] GC(268) Concurrent reset
[190.401s][info][gc,task     ] GC(268) Using 1 of 3 workers for concurrent reset
[190.401s][info][gc,ergo     ] GC(268) Pacer for Reset. Non-Taxable: 4096M
[190.402s][info][gc          ] GC(268) Concurrent reset 0.493ms
[190.402s][info][gc,start    ] GC(268) Pause Init Mark (unload classes)
[190.402s][info][gc,task     ] GC(268) Using 3 of 3 workers for init marking
[190.402s][info][gc,ergo     ] GC(268) Pacer for Mark. Expected Live: 9466K, Free: 2844M, Non-Taxable: 284M, Alloc Tax Rate: 0.0x
[190.402s][info][gc          ] GC(268) Pause Init Mark (unload classes) 0.165ms
[190.402s][info][gc,start    ] GC(268) Concurrent marking roots
[190.402s][info][gc,task     ] GC(268) Using 1 of 3 workers for concurrent marking roots
[190.403s][info][gc          ] GC(268) Concurrent marking roots 0.432ms
[190.403s][info][gc,start    ] GC(268) Concurrent marking (unload classes)
[190.403s][info][gc,task     ] GC(268) Using 1 of 3 workers for concurrent marking
[190.420s][info][gc          ] GC(268) Concurrent marking (unload classes) 16.883ms
[190.420s][info][gc,start    ] GC(268) Pause Final Mark (unload classes)
[190.420s][info][gc,task     ] GC(268) Using 3 of 3 workers for final marking
[190.420s][info][gc,ergo     ] GC(268) Collectable Garbage: 980M (94%), Immediate: 980M (94%), CSet: 0B (0%)
[190.420s][info][gc          ] GC(268) Pause Final Mark (unload classes) 0.227ms
[190.420s][info][gc,start    ] GC(268) Concurrent weak references
[190.420s][info][gc,task     ] GC(268) Using 1 of 3 workers for concurrent weak references
[190.420s][info][gc,ref      ] GC(268) Encountered references: Soft: 144, Weak: 702, Final: 0, Phantom: 27
[190.420s][info][gc,ref      ] GC(268) Discovered  references: Soft: 0, Weak: 150, Final: 0, Phantom: 12
[190.420s][info][gc,ref      ] GC(268) Enqueued    references: Soft: 0, Weak: 0, Final: 0, Phantom: 0
[190.420s][info][gc          ] GC(268) Concurrent weak references 0.154ms
[190.420s][info][gc,start    ] GC(268) Concurrent weak roots
[190.420s][info][gc,task     ] GC(268) Using 1 of 3 workers for concurrent weak root
[190.421s][info][gc          ] GC(268) Concurrent weak roots 0.577ms
[190.421s][info][gc,start    ] GC(268) Concurrent cleanup
[190.421s][info][gc          ] GC(268) Concurrent cleanup 1082M->102M(4096M) 0.045ms
[190.421s][info][gc,ergo     ] GC(268) Free: 3788M, Max: 2048K regular, 1718M humongous, Frag: 55% external, 0% internal; Reserve: 206M, Max: 2048K
[190.421s][info][gc,start    ] GC(268) Concurrent class unloading
[190.421s][info][gc,task     ] GC(268) Using 1 of 3 workers for concurrent class unloading
[190.423s][info][gc          ] GC(268) Concurrent class unloading 2.327ms
[190.423s][info][gc,start    ] GC(268) Pause Final Roots
[190.423s][info][gc          ] GC(268) Pause Final Roots 0.026ms
[190.423s][info][gc,ergo     ] Free: 3782M, Max: 2048K regular, 1718M humongous, Frag: 55% external, 0% internal; Reserve: 206M, Max: 2048K
[190.423s][info][gc,stats    ] 
[190.423s][info][gc,stats    ] All times are wall-clock times, except per-root-class counters, that are sum over
[190.423s][info][gc,stats    ] all workers. Dividing the <total> over the root stage time estimates parallelism.
[190.423s][info][gc,stats    ] 
[190.423s][info][gc,stats    ] Concurrent Reset                    527 us
[190.423s][info][gc,stats    ] Pause Init Mark (G)                 328 us
[190.423s][info][gc,stats    ] Pause Init Mark (N)                 174 us
[190.423s][info][gc,stats    ]   Update Region States               65 us
[190.423s][info][gc,stats    ] Concurrent Mark Roots               451 us, parallelism: 0.75x
[190.423s][info][gc,stats    ]   CMR: <total>                      339 us
[190.424s][info][gc,stats    ]   CMR: Thread Roots                 299 us, workers (us): 299, ---, ---, 
[190.424s][info][gc,stats    ]   CMR: VM Strong Roots                5 us, workers (us):   5, ---, ---, 
[190.424s][info][gc,stats    ]   CMR: CLDG Roots                    34 us, workers (us):  34, ---, ---, 
[190.424s][info][gc,stats    ] Concurrent Marking                16943 us
[190.424s][info][gc,stats    ] Pause Final Mark (G)                333 us
[190.424s][info][gc,stats    ] Pause Final Mark (N)                244 us
[190.424s][info][gc,stats    ]   Finish Mark                        82 us
[190.424s][info][gc,stats    ]   Update Region States               48 us
[190.424s][info][gc,stats    ]   Choose Collection Set              46 us
[190.424s][info][gc,stats    ]   Rebuild Free Set                   17 us
[190.424s][info][gc,stats    ] Concurrent Weak References          170 us, parallelism: 0.03x
[190.424s][info][gc,stats    ]   CWRF: <total>                       5 us
[190.424s][info][gc,stats    ]   CWRF: Weak References               5 us, workers (us):   5, ---, ---, 
[190.424s][info][gc,stats    ] Concurrent Weak Roots               598 us
[190.424s][info][gc,stats    ]   Roots                             508 us, parallelism: 0.86x
[190.424s][info][gc,stats    ]     CWR: <total>                    437 us
[190.424s][info][gc,stats    ]     CWR: Code Cache Roots           368 us, workers (us): 368, ---, ---, 
[190.424s][info][gc,stats    ]     CWR: VM Weak Roots               64 us, workers (us):  64, ---, ---, 
[190.424s][info][gc,stats    ]     CWR: CLDG Roots                   5 us, workers (us):   5, ---, ---, 
[190.424s][info][gc,stats    ]   Rendezvous                         37 us
[190.424s][info][gc,stats    ] Concurrent Cleanup                   53 us
[190.424s][info][gc,stats    ] Concurrent Class Unloading         2379 us
[190.424s][info][gc,stats    ]   Unlink Stale                     2129 us
[190.424s][info][gc,stats    ]     System Dictionary                 2 us
[190.424s][info][gc,stats    ]     Weak Class Links                  0 us
[190.424s][info][gc,stats    ]     Code Roots                     2125 us
[190.424s][info][gc,stats    ]   Rendezvous                         60 us
[190.424s][info][gc,stats    ]   Purge Unlinked                    119 us
[190.424s][info][gc,stats    ]     Code Roots                      109 us
[190.424s][info][gc,stats    ]     CLDG                              9 us
[190.424s][info][gc,stats    ]     Exception Caches                  0 us
[190.424s][info][gc,stats    ] Pause Final Roots (G)               132 us
[190.424s][info][gc,stats    ] Pause Final Roots (N)                42 us
[190.424s][info][gc,stats    ] 
[190.424s][info][gc,stats    ] Allocation pacing accrued:
[190.424s][info][gc,stats    ]       0 of   474 ms (  0.0%): <total>
[190.424s][info][gc,stats    ]       0 of   474 ms (  0.0%): <average total>
[190.424s][info][gc,stats    ] 
[190.424s][info][gc,metaspace] Metaspace: 9038K(9280K)->9038K(9280K) NonClass: 7865K(8000K)->7865K(8000K) Class: 1172K(1280K)->1172K(1280K)
[190.424s][info][gc,ergo     ] Pacer for Idle. Initial: 83886K, Alloc Tax Rate: 1.0x
[190.857s][info][gc          ] Trigger: Learning 5 of 5. Free (2846M) is below initial threshold (2867M)
[190.857s][info][gc,ergo     ] Free: 2846M, Max: 2048K regular, 1718M humongous, Frag: 40% external, 0% internal; Reserve: 206M, Max: 2048K
[190.857s][info][gc,start    ] GC(269) Concurrent reset
[190.857s][info][gc,task     ] GC(269) Using 1 of 3 workers for concurrent reset
[190.857s][info][gc,ergo     ] GC(269) Pacer for Reset. Non-Taxable: 4096M
[190.858s][info][gc          ] GC(269) Concurrent reset 0.602ms
[190.858s][info][gc,start    ] GC(269) Pause Init Mark (unload classes)
[190.858s][info][gc,task     ] GC(269) Using 3 of 3 workers for init marking
[190.858s][info][gc,ergo     ] GC(269) Pacer for Mark. Expected Live: 9452K, Free: 2844M, Non-Taxable: 284M, Alloc Tax Rate: 0.0x
[190.858s][info][gc          ] GC(269) Pause Init Mark (unload classes) 0.161ms
[190.858s][info][gc,start    ] GC(269) Concurrent marking roots
[190.858s][info][gc,task     ] GC(269) Using 1 of 3 workers for concurrent marking roots
[190.859s][info][gc          ] GC(269) Concurrent marking roots 0.421ms
[190.859s][info][gc,start    ] GC(269) Concurrent marking (unload classes)
[190.859s][info][gc,task     ] GC(269) Using 1 of 3 workers for concurrent marking
[190.879s][info][gc          ] GC(269) Concurrent marking (unload classes) 20.957ms
[190.880s][info][gc,start    ] GC(269) Pause Final Mark (unload classes)
[190.880s][info][gc,task     ] GC(269) Using 3 of 3 workers for final marking
[190.880s][info][gc,ergo     ] GC(269) Collectable Garbage: 968M (93%), Immediate: 968M (93%), CSet: 0B (0%)
[190.880s][info][gc          ] GC(269) Pause Final Mark (unload classes) 0.296ms
[190.880s][info][gc,start    ] GC(269) Concurrent weak references
[190.880s][info][gc,task     ] GC(269) Using 1 of 3 workers for concurrent weak references
[190.880s][info][gc,ref      ] GC(269) Encountered references: Soft: 144, Weak: 702, Final: 0, Phantom: 27
[190.880s][info][gc,ref      ] GC(269) Discovered  references: Soft: 0, Weak: 150, Final: 0, Phantom: 25
[190.880s][info][gc,ref      ] GC(269) Enqueued    references: Soft: 0, Weak: 0, Final: 0, Phantom: 0
[190.880s][info][gc          ] GC(269) Concurrent weak references 0.167ms
[190.880s][info][gc,start    ] GC(269) Concurrent weak roots
[190.880s][info][gc,task     ] GC(269) Using 1 of 3 workers for concurrent weak root
[190.881s][info][gc          ] GC(269) Concurrent weak roots 0.564ms
[190.881s][info][gc,start    ] GC(269) Concurrent cleanup
[190.881s][info][gc          ] GC(269) Concurrent cleanup 1092M->124M(4096M) 0.043ms
[190.881s][info][gc,ergo     ] GC(269) Free: 3766M, Max: 2048K regular, 1708M humongous, Frag: 55% external, 0% internal; Reserve: 206M, Max: 2048K
[190.881s][info][gc,start    ] GC(269) Concurrent class unloading
[190.881s][info][gc,task     ] GC(269) Using 1 of 3 workers for concurrent class unloading
[190.883s][info][gc          ] GC(269) Concurrent class unloading 1.982ms
[190.883s][info][gc,start    ] GC(269) Pause Final Roots
[190.883s][info][gc          ] GC(269) Pause Final Roots 0.015ms
[190.883s][info][gc,ergo     ] Free: 3760M, Max: 2048K regular, 1708M humongous, Frag: 55% external, 0% internal; Reserve: 206M, Max: 2048K
[190.883s][info][gc,stats    ] 
[190.883s][info][gc,stats    ] All times are wall-clock times, except per-root-class counters, that are sum over
[190.883s][info][gc,stats    ] all workers. Dividing the <total> over the root stage time estimates parallelism.
[190.883s][info][gc,stats    ] 
[190.883s][info][gc,stats    ] Concurrent Reset                    650 us
[190.883s][info][gc,stats    ] Pause Init Mark (G)                 320 us
[190.883s][info][gc,stats    ] Pause Init Mark (N)                 170 us
[190.883s][info][gc,stats    ]   Update Region States               61 us
[190.883s][info][gc,stats    ] Concurrent Mark Roots               440 us, parallelism: 0.77x
[190.883s][info][gc,stats    ]   CMR: <total>                      338 us
[190.883s][info][gc,stats    ]   CMR: Thread Roots                 297 us, workers (us): 297, ---, ---, 
[190.883s][info][gc,stats    ]   CMR: VM Strong Roots                5 us, workers (us):   5, ---, ---, 
[190.883s][info][gc,stats    ]   CMR: CLDG Roots                    35 us, workers (us):  35, ---, ---, 
[190.883s][info][gc,stats    ] Concurrent Marking                21017 us
[190.883s][info][gc,stats    ] Pause Final Mark (G)                409 us
[190.883s][info][gc,stats    ] Pause Final Mark (N)                313 us
[190.883s][info][gc,stats    ]   Finish Mark                       119 us
[190.883s][info][gc,stats    ]   Update Region States               63 us
[190.883s][info][gc,stats    ]   Choose Collection Set              46 us
[190.883s][info][gc,stats    ]   Rebuild Free Set                   17 us
[190.883s][info][gc,stats    ] Concurrent Weak References          183 us, parallelism: 0.03x
[190.883s][info][gc,stats    ]   CWRF: <total>                       5 us
[190.883s][info][gc,stats    ]   CWRF: Weak References               5 us, workers (us):   5, ---, ---, 
[190.883s][info][gc,stats    ] Concurrent Weak Roots               583 us
[190.883s][info][gc,stats    ]   Roots                             483 us, parallelism: 0.88x
[190.883s][info][gc,stats    ]     CWR: <total>                    427 us
[190.883s][info][gc,stats    ]     CWR: Code Cache Roots           359 us, workers (us): 359, ---, ---, 
[190.883s][info][gc,stats    ]     CWR: VM Weak Roots               63 us, workers (us):  63, ---, ---, 
[190.883s][info][gc,stats    ]     CWR: CLDG Roots                   5 us, workers (us):   5, ---, ---, 
[190.883s][info][gc,stats    ]   Rendezvous                         50 us
[190.883s][info][gc,stats    ] Concurrent Cleanup                   52 us
[190.883s][info][gc,stats    ] Concurrent Class Unloading         2043 us
[190.883s][info][gc,stats    ]   Unlink Stale                     1798 us
[190.884s][info][gc,stats    ]     System Dictionary                 3 us
[190.884s][info][gc,stats    ]     Weak Class Links                  0 us
[190.884s][info][gc,stats    ]     Code Roots                     1793 us
[190.884s][info][gc,stats    ]   Rendezvous                         25 us
[190.884s][info][gc,stats    ]   Purge Unlinked                    141 us
[190.884s][info][gc,stats    ]     Code Roots                      131 us
[190.884s][info][gc,stats    ]     CLDG                              9 us
[190.884s][info][gc,stats    ]     Exception Caches                  0 us
[190.884s][info][gc,stats    ] Pause Final Roots (G)               103 us
[190.884s][info][gc,stats    ] Pause Final Roots (N)                22 us
[190.884s][info][gc,stats    ] 
[190.884s][info][gc,stats    ] Allocation pacing accrued:
[190.884s][info][gc,stats    ]       0 of   460 ms (  0.0%): <total>
[190.884s][info][gc,stats    ]       0 of   460 ms (  0.0%): <average total>
[190.884s][info][gc,stats    ] 
[190.884s][info][gc,metaspace] Metaspace: 9038K(9280K)->9038K(9280K) NonClass: 7865K(8000K)->7865K(8000K) Class: 1172K(1280K)->1172K(1280K)
[190.884s][info][gc,ergo     ] Pacer for Idle. Initial: 83886K, Alloc Tax Rate: 1.0x
[192.521s][info][gc          ] Trigger: Explicit GC request (System.gc())
[192.521s][info][gc,ergo     ] Free: 952M, Max: 2048K regular, 952M humongous, Frag: 0% external, 0% internal; Reserve: 206M, Max: 2048K
[192.521s][info][gc,start    ] GC(270) Concurrent reset
[192.521s][info][gc,task     ] GC(270) Using 1 of 3 workers for concurrent reset
[192.521s][info][gc,ergo     ] GC(270) Pacer for Reset. Non-Taxable: 4096M
[192.521s][info][gc          ] GC(270) Concurrent reset 0.426ms
[192.521s][info][gc,start    ] GC(270) Pause Init Mark (unload classes)
[192.521s][info][gc,task     ] GC(270) Using 3 of 3 workers for init marking
[192.521s][info][gc,ref      ] GC(270) Clearing All SoftReferences
[192.521s][info][gc,ergo     ] GC(270) Pacer for Mark. Expected Live: 9441K, Free: 952M, Non-Taxable: 97484K, Alloc Tax Rate: 0.0x
[192.521s][info][gc          ] GC(270) Pause Init Mark (unload classes) 0.142ms
[192.522s][info][gc,start    ] GC(270) Concurrent marking roots
[192.522s][info][gc,task     ] GC(270) Using 1 of 3 workers for concurrent marking roots
[192.522s][info][gc          ] GC(270) Concurrent marking roots 0.425ms
[192.522s][info][gc,start    ] GC(270) Concurrent marking (unload classes)
[192.522s][info][gc,task     ] GC(270) Using 1 of 3 workers for concurrent marking
[192.526s][info][gc          ] GC(270) Concurrent marking (unload classes) 4.300ms
[192.526s][info][gc,start    ] GC(270) Pause Final Mark (unload classes)
[192.526s][info][gc,task     ] GC(270) Using 3 of 3 workers for final marking
[192.527s][info][gc,ergo     ] GC(270) Collectable Garbage: 2898M (98%), Immediate: 2898M (98%), CSet: 0B (0%)
[192.527s][info][gc          ] GC(270) Pause Final Mark (unload classes) 0.362ms
[192.527s][info][gc,start    ] GC(270) Concurrent weak references
[192.527s][info][gc,task     ] GC(270) Using 1 of 3 workers for concurrent weak references
[192.527s][info][gc,ref      ] GC(270) Encountered references: Soft: 144, Weak: 702, Final: 0, Phantom: 27
[192.527s][info][gc,ref      ] GC(270) Discovered  references: Soft: 88, Weak: 168, Final: 0, Phantom: 25
[192.527s][info][gc,ref      ] GC(270) Enqueued    references: Soft: 3, Weak: 0, Final: 0, Phantom: 0
[192.527s][info][gc          ] GC(270) Concurrent weak references 0.149ms
[192.527s][info][gc,start    ] GC(270) Concurrent weak roots
[192.527s][info][gc,task     ] GC(270) Using 1 of 3 workers for concurrent weak root
[192.527s][info][gc          ] GC(270) Concurrent weak roots 0.542ms
[192.528s][info][gc,start    ] GC(270) Concurrent cleanup
[192.528s][info][gc          ] GC(270) Concurrent cleanup 2938M->40M(4096M) 0.089ms
[192.528s][info][gc,ergo     ] GC(270) Free: 3850M, Max: 2048K regular, 2720M humongous, Frag: 30% external, 0% internal; Reserve: 206M, Max: 2048K
[192.528s][info][gc,start    ] GC(270) Concurrent class unloading
[192.528s][info][gc,task     ] GC(270) Using 1 of 3 workers for concurrent class unloading
[192.530s][info][gc          ] GC(270) Concurrent class unloading 1.892ms
[192.530s][info][gc,start    ] GC(270) Pause Final Roots
[192.530s][info][gc          ] GC(270) Pause Final Roots 0.020ms
[192.530s][info][gc,ergo     ] Free: 3850M, Max: 2048K regular, 2720M humongous, Frag: 30% external, 0% internal; Reserve: 206M, Max: 2048K
[192.530s][info][gc,stats    ] 
[192.530s][info][gc,stats    ] All times are wall-clock times, except per-root-class counters, that are sum over
[192.530s][info][gc,stats    ] all workers. Dividing the <total> over the root stage time estimates parallelism.
[192.530s][info][gc,stats    ] 
[192.530s][info][gc,stats    ] Concurrent Reset                    467 us
[192.530s][info][gc,stats    ] Pause Init Mark (G)                 227 us
[192.530s][info][gc,stats    ] Pause Init Mark (N)                 158 us
[192.530s][info][gc,stats    ]   Update Region States               54 us
[192.530s][info][gc,stats    ] Concurrent Mark Roots               445 us, parallelism: 0.76x
[192.530s][info][gc,stats    ]   CMR: <total>                      340 us
[192.530s][info][gc,stats    ]   CMR: Thread Roots                 301 us, workers (us): 301, ---, ---, 
[192.530s][info][gc,stats    ]   CMR: VM Strong Roots                5 us, workers (us):   5, ---, ---, 
[192.530s][info][gc,stats    ]   CMR: CLDG Roots                    34 us, workers (us):  34, ---, ---, 
[192.530s][info][gc,stats    ] Concurrent Marking                 4361 us
[192.530s][info][gc,stats    ] Pause Final Mark (G)                485 us
[192.530s][info][gc,stats    ] Pause Final Mark (N)                382 us
[192.530s][info][gc,stats    ]   Finish Mark                       105 us
[192.530s][info][gc,stats    ]   Update Region States               89 us
[192.530s][info][gc,stats    ]   Choose Collection Set              70 us
[192.530s][info][gc,stats    ]   Rebuild Free Set                   16 us
[192.530s][info][gc,stats    ] Concurrent Weak References          156 us, parallelism: 0.06x
[192.530s][info][gc,stats    ]   CWRF: <total>                      10 us
[192.530s][info][gc,stats    ]   CWRF: Weak References              10 us, workers (us):  10, ---, ---, 
[192.530s][info][gc,stats    ] Concurrent Weak Roots               564 us
[192.530s][info][gc,stats    ]   Roots                             465 us, parallelism: 0.89x
[192.530s][info][gc,stats    ]     CWR: <total>                    412 us
[192.530s][info][gc,stats    ]     CWR: Code Cache Roots           329 us, workers (us): 329, ---, ---, 
[192.530s][info][gc,stats    ]     CWR: VM Weak Roots               74 us, workers (us):  74, ---, ---, 
[192.530s][info][gc,stats    ]     CWR: CLDG Roots                   8 us, workers (us):   8, ---, ---, 
[192.530s][info][gc,stats    ]   Rendezvous                         61 us
[192.530s][info][gc,stats    ] Concurrent Cleanup                   97 us
[192.530s][info][gc,stats    ] Concurrent Class Unloading         1924 us
[192.530s][info][gc,stats    ]   Unlink Stale                     1756 us
[192.530s][info][gc,stats    ]     System Dictionary                 4 us
[192.530s][info][gc,stats    ]     Weak Class Links                  0 us
[192.530s][info][gc,stats    ]     Code Roots                     1751 us
[192.530s][info][gc,stats    ]   Rendezvous                         30 us
[192.530s][info][gc,stats    ]   Purge Unlinked                     85 us
[192.530s][info][gc,stats    ]     Code Roots                       80 us
[192.530s][info][gc,stats    ]     CLDG                              5 us
[192.530s][info][gc,stats    ]     Exception Caches                  0 us
[192.530s][info][gc,stats    ] Pause Final Roots (G)                77 us
[192.530s][info][gc,stats    ] Pause Final Roots (N)                28 us
[192.530s][info][gc,stats    ] 
[192.530s][info][gc,stats    ] Allocation pacing accrued:
[192.530s][info][gc,stats    ]       0 of  1646 ms (  0.0%): <total>
[192.530s][info][gc,stats    ]       0 of  1646 ms (  0.0%): <average total>
[192.530s][info][gc,stats    ] 
[192.530s][info][gc,metaspace] Metaspace: 9038K(9280K)->9038K(9280K) NonClass: 7865K(8000K)->7865K(8000K) Class: 1172K(1280K)->1172K(1280K)
[192.530s][info][gc,ergo     ] Pacer for Idle. Initial: 83886K, Alloc Tax Rate: 1.0x
[192.991s][info][gc          ] Trigger: Learning 2 of 5. Free (2850M) is below initial threshold (2867M)
[192.992s][info][gc,ergo     ] Free: 2850M, Max: 2048K regular, 1762M humongous, Frag: 39% external, 0% internal; Reserve: 206M, Max: 2048K
[192.992s][info][gc,start    ] GC(271) Concurrent reset
[192.992s][info][gc,task     ] GC(271) Using 1 of 3 workers for concurrent reset
[192.992s][info][gc,ergo     ] GC(271) Pacer for Reset. Non-Taxable: 4096M
[192.992s][info][gc          ] GC(271) Concurrent reset 0.521ms
[192.992s][info][gc,start    ] GC(271) Pause Init Mark (unload classes)
[192.992s][info][gc,task     ] GC(271) Using 3 of 3 workers for init marking
[192.993s][info][gc,ergo     ] GC(271) Pacer for Mark. Expected Live: 9441K, Free: 2848M, Non-Taxable: 284M, Alloc Tax Rate: 0.0x
[192.993s][info][gc          ] GC(271) Pause Init Mark (unload classes) 0.245ms
[192.993s][info][gc,start    ] GC(271) Concurrent marking roots
[192.993s][info][gc,task     ] GC(271) Using 1 of 3 workers for concurrent marking roots
[192.993s][info][gc          ] GC(271) Concurrent marking roots 0.810ms
[192.993s][info][gc,start    ] GC(271) Concurrent marking (unload classes)
[192.993s][info][gc,task     ] GC(271) Using 1 of 3 workers for concurrent marking
[193.002s][info][gc          ] GC(271) Concurrent marking (unload classes) 8.627ms
[193.002s][info][gc,start    ] GC(271) Pause Final Mark (unload classes)
[193.002s][info][gc,task     ] GC(271) Using 3 of 3 workers for final marking
[193.002s][info][gc,ergo     ] GC(271) Collectable Garbage: 980M (94%), Immediate: 980M (94%), CSet: 0B (0%)
[193.003s][info][gc          ] GC(271) Pause Final Mark (unload classes) 0.330ms
[193.003s][info][gc,start    ] GC(271) Concurrent weak references
[193.003s][info][gc,task     ] GC(271) Using 1 of 3 workers for concurrent weak references
[193.003s][info][gc,ref      ] GC(271) Encountered references: Soft: 144, Weak: 702, Final: 0, Phantom: 27
[193.003s][info][gc,ref      ] GC(271) Discovered  references: Soft: 0, Weak: 150, Final: 0, Phantom: 12
[193.003s][info][gc,ref      ] GC(271) Enqueued    references: Soft: 0, Weak: 0, Final: 0, Phantom: 0
[193.003s][info][gc          ] GC(271) Concurrent weak references 0.149ms
[193.003s][info][gc,start    ] GC(271) Concurrent weak roots
[193.003s][info][gc,task     ] GC(271) Using 1 of 3 workers for concurrent weak root
[193.003s][info][gc          ] GC(271) Concurrent weak roots 0.722ms
[193.004s][info][gc,start    ] GC(271) Concurrent cleanup
[193.004s][info][gc          ] GC(271) Concurrent cleanup 1064M->84M(4096M) 0.043ms
[193.004s][info][gc,ergo     ] GC(271) Free: 3806M, Max: 2048K regular, 1738M humongous, Frag: 55% external, 0% internal; Reserve: 206M, Max: 2048K
[193.004s][info][gc,start    ] GC(271) Concurrent class unloading
[193.004s][info][gc,task     ] GC(271) Using 1 of 3 workers for concurrent class unloading
[193.006s][info][gc          ] GC(271) Concurrent class unloading 1.973ms
[193.006s][info][gc,start    ] GC(271) Pause Final Roots
[193.006s][info][gc          ] GC(271) Pause Final Roots 0.020ms
[193.006s][info][gc,ergo     ] Free: 3802M, Max: 2048K regular, 1738M humongous, Frag: 55% external, 0% internal; Reserve: 206M, Max: 2048K
[193.006s][info][gc,stats    ] 
[193.006s][info][gc,stats    ] All times are wall-clock times, except per-root-class counters, that are sum over
[193.006s][info][gc,stats    ] all workers. Dividing the <total> over the root stage time estimates parallelism.
[193.006s][info][gc,stats    ] 
[193.006s][info][gc,stats    ] Concurrent Reset                    580 us
[193.006s][info][gc,stats    ] Pause Init Mark (G)                 422 us
[193.006s][info][gc,stats    ] Pause Init Mark (N)                 264 us
[193.006s][info][gc,stats    ]   Update Region States              115 us
[193.006s][info][gc,stats    ] Concurrent Mark Roots               835 us, parallelism: 0.78x
[193.006s][info][gc,stats    ]   CMR: <total>                      652 us
[193.006s][info][gc,stats    ]   CMR: Thread Roots                 581 us, workers (us): 581, ---, ---, 
[193.006s][info][gc,stats    ]   CMR: VM Strong Roots                7 us, workers (us):   7, ---, ---, 
[193.006s][info][gc,stats    ]   CMR: CLDG Roots                    64 us, workers (us):  64, ---, ---, 
[193.006s][info][gc,stats    ] Concurrent Marking                 8686 us
[193.006s][info][gc,stats    ] Pause Final Mark (G)                455 us
[193.006s][info][gc,stats    ] Pause Final Mark (N)                349 us
[193.006s][info][gc,stats    ]   Finish Mark                       103 us
[193.006s][info][gc,stats    ]   Update Region States               87 us
[193.006s][info][gc,stats    ]   Choose Collection Set              62 us
[193.006s][info][gc,stats    ]   Rebuild Free Set                   17 us
[193.006s][info][gc,stats    ] Concurrent Weak References          156 us, parallelism: 0.03x
[193.006s][info][gc,stats    ]   CWRF: <total>                       4 us
[193.006s][info][gc,stats    ]   CWRF: Weak References               4 us, workers (us):   4, ---, ---, 
[193.006s][info][gc,stats    ] Concurrent Weak Roots               742 us
[193.006s][info][gc,stats    ]   Roots                             626 us, parallelism: 0.89x
[193.006s][info][gc,stats    ]     CWR: <total>                    554 us
[193.006s][info][gc,stats    ]     CWR: Code Cache Roots           436 us, workers (us): 436, ---, ---, 
[193.006s][info][gc,stats    ]     CWR: VM Weak Roots              113 us, workers (us): 113, ---, ---, 
[193.006s][info][gc,stats    ]     CWR: CLDG Roots                   6 us, workers (us):   6, ---, ---, 
[193.006s][info][gc,stats    ]   Rendezvous                         78 us
[193.006s][info][gc,stats    ] Concurrent Cleanup                   52 us
[193.006s][info][gc,stats    ] Concurrent Class Unloading         2014 us
[193.006s][info][gc,stats    ]   Unlink Stale                     1770 us
[193.006s][info][gc,stats    ]     System Dictionary                 3 us
[193.006s][info][gc,stats    ]     Weak Class Links                  0 us
[193.006s][info][gc,stats    ]     Code Roots                     1766 us
[193.006s][info][gc,stats    ]   Rendezvous                         56 us
[193.006s][info][gc,stats    ]   Purge Unlinked                    129 us
[193.006s][info][gc,stats    ]     Code Roots                      124 us
[193.006s][info][gc,stats    ]     CLDG                              5 us
[193.006s][info][gc,stats    ]     Exception Caches                  0 us
[193.006s][info][gc,stats    ] Pause Final Roots (G)                94 us
[193.006s][info][gc,stats    ] Pause Final Roots (N)                28 us
[193.006s][info][gc,stats    ] 
[193.006s][info][gc,stats    ] Allocation pacing accrued:
[193.006s][info][gc,stats    ]       0 of   476 ms (  0.0%): <total>
[193.006s][info][gc,stats    ]       0 of   476 ms (  0.0%): <average total>
[193.006s][info][gc,stats    ] 
[193.006s][info][gc,metaspace] Metaspace: 9038K(9280K)->9038K(9280K) NonClass: 7865K(8000K)->7865K(8000K) Class: 1172K(1280K)->1172K(1280K)
[193.006s][info][gc,ergo     ] Pacer for Idle. Initial: 83886K, Alloc Tax Rate: 1.0x
[193.462s][info][gc          ] Trigger: Learning 3 of 5. Free (2844M) is below initial threshold (2867M)
[193.462s][info][gc,ergo     ] Free: 2842M, Max: 2048K regular, 1738M humongous, Frag: 39% external, 0% internal; Reserve: 206M, Max: 2048K
[193.462s][info][gc,start    ] GC(272) Concurrent reset
[193.463s][info][gc,task     ] GC(272) Using 1 of 3 workers for concurrent reset
[193.463s][info][gc,ergo     ] GC(272) Pacer for Reset. Non-Taxable: 4096M
[193.463s][info][gc          ] GC(272) Concurrent reset 0.613ms
[193.463s][info][gc,start    ] GC(272) Pause Init Mark (unload classes)
[193.463s][info][gc,task     ] GC(272) Using 3 of 3 workers for init marking
[193.464s][info][gc,ergo     ] GC(272) Pacer for Mark. Expected Live: 9445K, Free: 2840M, Non-Taxable: 284M, Alloc Tax Rate: 0.0x
[193.464s][info][gc          ] GC(272) Pause Init Mark (unload classes) 0.203ms
[193.464s][info][gc,start    ] GC(272) Concurrent marking roots
[193.464s][info][gc,task     ] GC(272) Using 1 of 3 workers for concurrent marking roots
[193.464s][info][gc          ] GC(272) Concurrent marking roots 0.831ms
[193.465s][info][gc,start    ] GC(272) Concurrent marking (unload classes)
[193.465s][info][gc,task     ] GC(272) Using 1 of 3 workers for concurrent marking
[193.477s][info][gc          ] GC(272) Concurrent marking (unload classes) 12.480ms
[193.477s][info][gc,start    ] GC(272) Pause Final Mark (unload classes)
[193.477s][info][gc,task     ] GC(272) Using 3 of 3 workers for final marking
[193.477s][info][gc,ergo     ] GC(272) Collectable Garbage: 986M (94%), Immediate: 986M (94%), CSet: 0B (0%)
[193.477s][info][gc          ] GC(272) Pause Final Mark (unload classes) 0.224ms
[193.477s][info][gc,start    ] GC(272) Concurrent weak references
[193.477s][info][gc,task     ] GC(272) Using 1 of 3 workers for concurrent weak references
[193.478s][info][gc,ref      ] GC(272) Encountered references: Soft: 144, Weak: 702, Final: 0, Phantom: 27
[193.478s][info][gc,ref      ] GC(272) Discovered  references: Soft: 0, Weak: 150, Final: 0, Phantom: 12
[193.478s][info][gc,ref      ] GC(272) Enqueued    references: Soft: 0, Weak: 0, Final: 0, Phantom: 0
[193.478s][info][gc          ] GC(272) Concurrent weak references 0.155ms
[193.478s][info][gc,start    ] GC(272) Concurrent weak roots
[193.478s][info][gc,task     ] GC(272) Using 1 of 3 workers for concurrent weak root
[193.478s][info][gc          ] GC(272) Concurrent weak roots 0.578ms
[193.478s][info][gc,start    ] GC(272) Concurrent cleanup
[193.478s][info][gc          ] GC(272) Concurrent cleanup 1078M->92M(4096M) 0.045ms
[193.478s][info][gc,ergo     ] GC(272) Free: 3798M, Max: 2048K regular, 1722M humongous, Frag: 55% external, 0% internal; Reserve: 206M, Max: 2048K
[193.478s][info][gc,start    ] GC(272) Concurrent class unloading
[193.478s][info][gc,task     ] GC(272) Using 1 of 3 workers for concurrent class unloading
[193.481s][info][gc          ] GC(272) Concurrent class unloading 2.524ms
[193.481s][info][gc,start    ] GC(272) Pause Final Roots
[193.481s][info][gc          ] GC(272) Pause Final Roots 0.028ms
[193.481s][info][gc,ergo     ] Free: 3792M, Max: 2048K regular, 1722M humongous, Frag: 55% external, 0% internal; Reserve: 206M, Max: 2048K
[193.481s][info][gc,stats    ] 
[193.481s][info][gc,stats    ] All times are wall-clock times, except per-root-class counters, that are sum over
[193.481s][info][gc,stats    ] all workers. Dividing the <total> over the root stage time estimates parallelism.
[193.481s][info][gc,stats    ] 
[193.481s][info][gc,stats    ] Concurrent Reset                    772 us
[193.481s][info][gc,stats    ] Pause Init Mark (G)                 397 us
[193.481s][info][gc,stats    ] Pause Init Mark (N)                 212 us
[193.481s][info][gc,stats    ]   Update Region States               86 us
[193.481s][info][gc,stats    ] Concurrent Mark Roots               856 us, parallelism: 0.85x
[193.481s][info][gc,stats    ]   CMR: <total>                      729 us
[193.481s][info][gc,stats    ]   CMR: Thread Roots                 555 us, workers (us): 555, ---, ---, 
[193.481s][info][gc,stats    ]   CMR: VM Strong Roots                6 us, workers (us):   6, ---, ---, 
[193.481s][info][gc,stats    ]   CMR: CLDG Roots                   167 us, workers (us): 167, ---, ---, 
[193.481s][info][gc,stats    ] Concurrent Marking                12541 us
[193.481s][info][gc,stats    ] Pause Final Mark (G)                336 us
[193.481s][info][gc,stats    ] Pause Final Mark (N)                240 us
[193.481s][info][gc,stats    ]   Finish Mark                        70 us
[193.481s][info][gc,stats    ]   Update Region States               43 us
[193.481s][info][gc,stats    ]   Choose Collection Set              47 us
[193.481s][info][gc,stats    ]   Rebuild Free Set                   17 us
[193.481s][info][gc,stats    ] Concurrent Weak References          171 us, parallelism: 0.03x
[193.481s][info][gc,stats    ]   CWRF: <total>                       5 us
[193.481s][info][gc,stats    ]   CWRF: Weak References               5 us, workers (us):   5, ---, ---, 
[193.481s][info][gc,stats    ] Concurrent Weak Roots               602 us
[193.481s][info][gc,stats    ]   Roots                             511 us, parallelism: 0.89x
[193.481s][info][gc,stats    ]     CWR: <total>                    457 us
[193.481s][info][gc,stats    ]     CWR: Code Cache Roots           389 us, workers (us): 389, ---, ---, 
[193.481s][info][gc,stats    ]     CWR: VM Weak Roots               64 us, workers (us):  64, ---, ---, 
[193.481s][info][gc,stats    ]     CWR: CLDG Roots                   5 us, workers (us):   5, ---, ---, 
[193.481s][info][gc,stats    ]   Rendezvous                         36 us
[193.481s][info][gc,stats    ] Concurrent Cleanup                   54 us
[193.481s][info][gc,stats    ] Concurrent Class Unloading         2564 us
[193.482s][info][gc,stats    ]   Unlink Stale                     2265 us
[193.482s][info][gc,stats    ]     System Dictionary                 4 us
[193.482s][info][gc,stats    ]     Weak Class Links                  0 us
[193.482s][info][gc,stats    ]     Code Roots                     2259 us
[193.482s][info][gc,stats    ]   Rendezvous                         84 us
[193.482s][info][gc,stats    ]   Purge Unlinked                    157 us
[193.482s][info][gc,stats    ]     Code Roots                      151 us
[193.482s][info][gc,stats    ]     CLDG                              6 us
[193.482s][info][gc,stats    ]     Exception Caches                  0 us
[193.482s][info][gc,stats    ] Pause Final Roots (G)               133 us
[193.482s][info][gc,stats    ] Pause Final Roots (N)                43 us
[193.482s][info][gc,stats    ] 
[193.482s][info][gc,stats    ] Allocation pacing accrued:
[193.482s][info][gc,stats    ]       0 of   475 ms (  0.0%): <total>
[193.482s][info][gc,stats    ]       0 of   475 ms (  0.0%): <average total>
[193.482s][info][gc,stats    ] 
[193.482s][info][gc,metaspace] Metaspace: 9038K(9280K)->9038K(9280K) NonClass: 7865K(8000K)->7865K(8000K) Class: 1172K(1280K)->1172K(1280K)
[193.482s][info][gc,ergo     ] Pacer for Idle. Initial: 83886K, Alloc Tax Rate: 1.0x
[193.933s][info][gc          ] Trigger: Learning 4 of 5. Free (2834M) is below initial threshold (2867M)
[193.933s][info][gc,ergo     ] Free: 2834M, Max: 2048K regular, 1722M humongous, Frag: 40% external, 0% internal; Reserve: 206M, Max: 2048K
[193.933s][info][gc,start    ] GC(273) Concurrent reset
[193.934s][info][gc,task     ] GC(273) Using 1 of 3 workers for concurrent reset
[193.934s][info][gc,ergo     ] GC(273) Pacer for Reset. Non-Taxable: 4096M
[193.934s][info][gc          ] GC(273) Concurrent reset 0.490ms
[193.934s][info][gc,start    ] GC(273) Pause Init Mark (unload classes)
[193.934s][info][gc,task     ] GC(273) Using 3 of 3 workers for init marking
[193.934s][info][gc,ergo     ] GC(273) Pacer for Mark. Expected Live: 9448K, Free: 2832M, Non-Taxable: 283M, Alloc Tax Rate: 0.0x
[193.934s][info][gc          ] GC(273) Pause Init Mark (unload classes) 0.123ms
[193.934s][info][gc,start    ] GC(273) Concurrent marking roots
[193.934s][info][gc,task     ] GC(273) Using 1 of 3 workers for concurrent marking roots
[193.935s][info][gc          ] GC(273) Concurrent marking roots 0.662ms
[193.935s][info][gc,start    ] GC(273) Concurrent marking (unload classes)
[193.935s][info][gc,task     ] GC(273) Using 1 of 3 workers for concurrent marking
[193.952s][info][gc          ] GC(273) Concurrent marking (unload classes) 17.115ms
[193.952s][info][gc,start    ] GC(273) Pause Final Mark (unload classes)
[193.952s][info][gc,task     ] GC(273) Using 3 of 3 workers for final marking
[193.953s][info][gc,ergo     ] GC(273) Collectable Garbage: 992M (94%), Immediate: 992M (94%), CSet: 0B (0%)
[193.953s][info][gc          ] GC(273) Pause Final Mark (unload classes) 0.346ms
[193.953s][info][gc,start    ] GC(273) Concurrent weak references
[193.953s][info][gc,task     ] GC(273) Using 1 of 3 workers for concurrent weak references
[193.953s][info][gc,ref      ] GC(273) Encountered references: Soft: 144, Weak: 702, Final: 0, Phantom: 27
[193.953s][info][gc,ref      ] GC(273) Discovered  references: Soft: 0, Weak: 154, Final: 0, Phantom: 12
[193.953s][info][gc,ref      ] GC(273) Enqueued    references: Soft: 0, Weak: 0, Final: 0, Phantom: 0
[193.953s][info][gc          ] GC(273) Concurrent weak references 0.140ms
[193.953s][info][gc,start    ] GC(273) Concurrent weak roots
[193.953s][info][gc,task     ] GC(273) Using 1 of 3 workers for concurrent weak root
[193.953s][info][gc          ] GC(273) Concurrent weak roots 0.590ms
[193.953s][info][gc,start    ] GC(273) Concurrent cleanup
[193.953s][info][gc          ] GC(273) Concurrent cleanup 1098M->106M(4096M) 0.044ms
[193.953s][info][gc,ergo     ] GC(273) Free: 3784M, Max: 2048K regular, 1702M humongous, Frag: 56% external, 0% internal; Reserve: 206M, Max: 2048K
[193.953s][info][gc,start    ] GC(273) Concurrent class unloading
[193.953s][info][gc,task     ] GC(273) Using 1 of 3 workers for concurrent class unloading
[193.956s][info][gc          ] GC(273) Concurrent class unloading 2.472ms
[193.956s][info][gc,start    ] GC(273) Pause Final Roots
[193.956s][info][gc          ] GC(273) Pause Final Roots 0.039ms
[193.956s][info][gc,ergo     ] Free: 3778M, Max: 2048K regular, 1702M humongous, Frag: 55% external, 0% internal; Reserve: 206M, Max: 2048K
[193.956s][info][gc,stats    ] 
[193.956s][info][gc,stats    ] All times are wall-clock times, except per-root-class counters, that are sum over
[193.956s][info][gc,stats    ] all workers. Dividing the <total> over the root stage time estimates parallelism.
[193.956s][info][gc,stats    ] 
[193.956s][info][gc,stats    ] Concurrent Reset                    546 us
[193.956s][info][gc,stats    ] Pause Init Mark (G)                 255 us
[193.956s][info][gc,stats    ] Pause Init Mark (N)                 132 us
[193.956s][info][gc,stats    ]   Update Region States               71 us
[193.956s][info][gc,stats    ] Concurrent Mark Roots               686 us, parallelism: 0.79x
[193.956s][info][gc,stats    ]   CMR: <total>                      542 us
[193.956s][info][gc,stats    ]   CMR: Thread Roots                 502 us, workers (us): 502, ---, ---, 
[193.956s][info][gc,stats    ]   CMR: VM Strong Roots                4 us, workers (us):   4, ---, ---, 
[193.956s][info][gc,stats    ]   CMR: CLDG Roots                    37 us, workers (us):  37, ---, ---, 
[193.956s][info][gc,stats    ] Concurrent Marking                17184 us
[193.956s][info][gc,stats    ] Pause Final Mark (G)                467 us
[193.956s][info][gc,stats    ] Pause Final Mark (N)                366 us
[193.956s][info][gc,stats    ]   Finish Mark                       106 us
[193.956s][info][gc,stats    ]   Update Region States               87 us
[193.957s][info][gc,stats    ]   Choose Collection Set              62 us
[193.957s][info][gc,stats    ]   Rebuild Free Set                   17 us
[193.957s][info][gc,stats    ] Concurrent Weak References          147 us, parallelism: 0.05x
[193.957s][info][gc,stats    ]   CWRF: <total>                       8 us
[193.957s][info][gc,stats    ]   CWRF: Weak References               8 us, workers (us):   8, ---, ---, 
[193.957s][info][gc,stats    ] Concurrent Weak Roots               609 us
[193.957s][info][gc,stats    ]   Roots                             486 us, parallelism: 0.89x
[193.957s][info][gc,stats    ]     CWR: <total>                    432 us
[193.957s][info][gc,stats    ]     CWR: Code Cache Roots           363 us, workers (us): 363, ---, ---, 
[193.957s][info][gc,stats    ]     CWR: VM Weak Roots               63 us, workers (us):  63, ---, ---, 
[193.957s][info][gc,stats    ]     CWR: CLDG Roots                   6 us, workers (us):   6, ---, ---, 
[193.957s][info][gc,stats    ]   Rendezvous                         88 us
[193.957s][info][gc,stats    ] Concurrent Cleanup                   52 us
[193.957s][info][gc,stats    ] Concurrent Class Unloading         2526 us
[193.957s][info][gc,stats    ]   Unlink Stale                     2188 us
[193.957s][info][gc,stats    ]     System Dictionary                 3 us
[193.957s][info][gc,stats    ]     Weak Class Links                  0 us
[193.957s][info][gc,stats    ]     Code Roots                     2184 us
[193.957s][info][gc,stats    ]   Rendezvous                        146 us
[193.957s][info][gc,stats    ]   Purge Unlinked                    119 us
[193.957s][info][gc,stats    ]     Code Roots                      109 us
[193.957s][info][gc,stats    ]     CLDG                              9 us
[193.957s][info][gc,stats    ]     Exception Caches                  0 us
[193.957s][info][gc,stats    ] Pause Final Roots (G)               167 us
[193.957s][info][gc,stats    ] Pause Final Roots (N)                57 us
[193.957s][info][gc,stats    ] 
[193.957s][info][gc,stats    ] Allocation pacing accrued:
[193.957s][info][gc,stats    ]       0 of   475 ms (  0.0%): <total>
[193.957s][info][gc,stats    ]       0 of   475 ms (  0.0%): <average total>
[193.957s][info][gc,stats    ] 
[193.957s][info][gc,metaspace] Metaspace: 9038K(9280K)->9038K(9280K) NonClass: 7865K(8000K)->7865K(8000K) Class: 1172K(1280K)->1172K(1280K)
[193.957s][info][gc,ergo     ] Pacer for Idle. Initial: 83886K, Alloc Tax Rate: 1.0x
[194.389s][info][gc          ] Trigger: Learning 5 of 5. Free (2850M) is below initial threshold (2867M)
[194.389s][info][gc,ergo     ] Free: 2850M, Max: 2048K regular, 1702M humongous, Frag: 41% external, 0% internal; Reserve: 206M, Max: 2048K
[194.389s][info][gc,start    ] GC(274) Concurrent reset
[194.389s][info][gc,task     ] GC(274) Using 1 of 3 workers for concurrent reset
[194.389s][info][gc,ergo     ] GC(274) Pacer for Reset. Non-Taxable: 4096M
[194.389s][info][gc          ] GC(274) Concurrent reset 0.622ms
[194.390s][info][gc,start    ] GC(274) Pause Init Mark (unload classes)
[194.390s][info][gc,task     ] GC(274) Using 3 of 3 workers for init marking
[194.390s][info][gc,ergo     ] GC(274) Pacer for Mark. Expected Live: 9482K, Free: 2848M, Non-Taxable: 284M, Alloc Tax Rate: 0.0x
[194.390s][info][gc          ] GC(274) Pause Init Mark (unload classes) 0.160ms
[194.390s][info][gc,start    ] GC(274) Concurrent marking roots
[194.390s][info][gc,task     ] GC(274) Using 1 of 3 workers for concurrent marking roots
[194.390s][info][gc          ] GC(274) Concurrent marking roots 0.648ms
[194.390s][info][gc,start    ] GC(274) Concurrent marking (unload classes)
[194.390s][info][gc,task     ] GC(274) Using 1 of 3 workers for concurrent marking
[194.412s][info][gc          ] GC(274) Concurrent marking (unload classes) 21.043ms
[194.412s][info][gc,start    ] GC(274) Pause Final Mark (unload classes)
[194.412s][info][gc,task     ] GC(274) Using 3 of 3 workers for final marking
[194.412s][info][gc,ergo     ] GC(274) Collectable Garbage: 962M (93%), Immediate: 962M (93%), CSet: 0B (0%)
[194.412s][info][gc          ] GC(274) Pause Final Mark (unload classes) 0.231ms
[194.412s][info][gc,start    ] GC(274) Concurrent weak references
[194.412s][info][gc,task     ] GC(274) Using 1 of 3 workers for concurrent weak references
[194.412s][info][gc,ref      ] GC(274) Encountered references: Soft: 144, Weak: 702, Final: 0, Phantom: 27
[194.412s][info][gc,ref      ] GC(274) Discovered  references: Soft: 0, Weak: 150, Final: 0, Phantom: 12
[194.412s][info][gc,ref      ] GC(274) Enqueued    references: Soft: 0, Weak: 0, Final: 0, Phantom: 0
[194.412s][info][gc          ] GC(274) Concurrent weak references 0.224ms
[194.412s][info][gc,start    ] GC(274) Concurrent weak roots
[194.412s][info][gc,task     ] GC(274) Using 1 of 3 workers for concurrent weak root
[194.413s][info][gc          ] GC(274) Concurrent weak roots 0.739ms
[194.413s][info][gc,start    ] GC(274) Concurrent cleanup
[194.413s][info][gc          ] GC(274) Concurrent cleanup 1090M->128M(4096M) 0.043ms
[194.413s][info][gc,ergo     ] GC(274) Free: 3762M, Max: 2048K regular, 1730M humongous, Frag: 55% external, 0% internal; Reserve: 206M, Max: 2048K
[194.413s][info][gc,start    ] GC(274) Concurrent class unloading
[194.413s][info][gc,task     ] GC(274) Using 1 of 3 workers for concurrent class unloading
[194.415s][info][gc          ] GC(274) Concurrent class unloading 2.404ms
[194.415s][info][gc,start    ] GC(274) Pause Final Roots
[194.416s][info][gc          ] GC(274) Pause Final Roots 0.030ms
[194.416s][info][gc,ergo     ] Free: 3760M, Max: 2048K regular, 1730M humongous, Frag: 54% external, 0% internal; Reserve: 206M, Max: 2048K
[194.416s][info][gc,stats    ] 
[194.416s][info][gc,stats    ] All times are wall-clock times, except per-root-class counters, that are sum over
[194.416s][info][gc,stats    ] all workers. Dividing the <total> over the root stage time estimates parallelism.
[194.416s][info][gc,stats    ] 
[194.416s][info][gc,stats    ] Concurrent Reset                    672 us
[194.416s][info][gc,stats    ] Pause Init Mark (G)                 299 us
[194.416s][info][gc,stats    ] Pause Init Mark (N)                 169 us
[194.416s][info][gc,stats    ]   Update Region States               61 us
[194.416s][info][gc,stats    ] Concurrent Mark Roots               666 us, parallelism: 0.82x
[194.416s][info][gc,stats    ]   CMR: <total>                      547 us
[194.416s][info][gc,stats    ]   CMR: Thread Roots                 476 us, workers (us): 476, ---, ---, 
[194.416s][info][gc,stats    ]   CMR: VM Strong Roots                6 us, workers (us):   6, ---, ---, 
[194.416s][info][gc,stats    ]   CMR: CLDG Roots                    64 us, workers (us):  64, ---, ---, 
[194.416s][info][gc,stats    ] Concurrent Marking                21104 us
[194.416s][info][gc,stats    ] Pause Final Mark (G)                345 us
[194.416s][info][gc,stats    ] Pause Final Mark (N)                248 us
[194.416s][info][gc,stats    ]   Finish Mark                        72 us
[194.416s][info][gc,stats    ]   Update Region States               46 us
[194.416s][info][gc,stats    ]   Choose Collection Set              46 us
[194.416s][info][gc,stats    ]   Rebuild Free Set                   17 us
[194.416s][info][gc,stats    ] Concurrent Weak References          240 us, parallelism: 0.04x
[194.416s][info][gc,stats    ]   CWRF: <total>                       9 us
[194.416s][info][gc,stats    ]   CWRF: Weak References               9 us, workers (us):   9, ---, ---, 
[194.416s][info][gc,stats    ] Concurrent Weak Roots               764 us
[194.416s][info][gc,stats    ]   Roots                             639 us, parallelism: 0.88x
[194.416s][info][gc,stats    ]     CWR: <total>                    562 us
[194.416s][info][gc,stats    ]     CWR: Code Cache Roots           443 us, workers (us): 443, ---, ---, 
[194.416s][info][gc,stats    ]     CWR: VM Weak Roots              113 us, workers (us): 113, ---, ---, 
[194.416s][info][gc,stats    ]     CWR: CLDG Roots                   6 us, workers (us):   6, ---, ---, 
[194.416s][info][gc,stats    ]   Rendezvous                         62 us
[194.416s][info][gc,stats    ] Concurrent Cleanup                   51 us
[194.416s][info][gc,stats    ] Concurrent Class Unloading         2457 us
[194.416s][info][gc,stats    ]   Unlink Stale                     2231 us
[194.416s][info][gc,stats    ]     System Dictionary                 3 us
[194.416s][info][gc,stats    ]     Weak Class Links                  0 us
[194.416s][info][gc,stats    ]     Code Roots                     2226 us
[194.416s][info][gc,stats    ]   Rendezvous                         39 us
[194.416s][info][gc,stats    ]   Purge Unlinked                    116 us
[194.416s][info][gc,stats    ]     Code Roots                      106 us
[194.416s][info][gc,stats    ]     CLDG                             10 us
[194.416s][info][gc,stats    ]     Exception Caches                  0 us
[194.416s][info][gc,stats    ] Pause Final Roots (G)               139 us
[194.416s][info][gc,stats    ] Pause Final Roots (N)                46 us
[194.416s][info][gc,stats    ] 
[194.416s][info][gc,stats    ] Allocation pacing accrued:
[194.416s][info][gc,stats    ]       0 of   460 ms (  0.0%): <total>
[194.416s][info][gc,stats    ]       0 of   460 ms (  0.0%): <average total>
[194.416s][info][gc,stats    ] 
[194.416s][info][gc,metaspace] Metaspace: 9038K(9280K)->9038K(9280K) NonClass: 7865K(8000K)->7865K(8000K) Class: 1172K(1280K)->1172K(1280K)
[194.416s][info][gc,ergo     ] Pacer for Idle. Initial: 83886K, Alloc Tax Rate: 1.0x
[196.052s][info][gc          ] Trigger: Explicit GC request (System.gc())
[196.053s][info][gc,ergo     ] Free: 960M, Max: 2048K regular, 954M humongous, Frag: 1% external, 0% internal; Reserve: 206M, Max: 2048K
[196.053s][info][gc,start    ] GC(275) Concurrent reset
[196.053s][info][gc,task     ] GC(275) Using 1 of 3 workers for concurrent reset
[196.053s][info][gc,ergo     ] GC(275) Pacer for Reset. Non-Taxable: 4096M
[196.053s][info][gc          ] GC(275) Concurrent reset 0.765ms
[196.054s][info][gc,start    ] GC(275) Pause Init Mark (unload classes)
[196.054s][info][gc,task     ] GC(275) Using 3 of 3 workers for init marking
[196.054s][info][gc,ref      ] GC(275) Clearing All SoftReferences
[196.054s][info][gc,ergo     ] GC(275) Pacer for Mark. Expected Live: 9491K, Free: 960M, Non-Taxable: 98304K, Alloc Tax Rate: 0.0x
[196.054s][info][gc          ] GC(275) Pause Init Mark (unload classes) 0.266ms
[196.054s][info][gc,start    ] GC(275) Concurrent marking roots
[196.054s][info][gc,task     ] GC(275) Using 1 of 3 workers for concurrent marking roots
[196.054s][info][gc          ] GC(275) Concurrent marking roots 0.410ms
[196.054s][info][gc,start    ] GC(275) Concurrent marking (unload classes)
[196.054s][info][gc,task     ] GC(275) Using 1 of 3 workers for concurrent marking
[196.058s][info][gc          ] GC(275) Concurrent marking (unload classes) 3.793ms
[196.058s][info][gc,start    ] GC(275) Pause Final Mark (unload classes)
[196.058s][info][gc,task     ] GC(275) Using 3 of 3 workers for final marking
[196.059s][info][gc,ergo     ] GC(275) Collectable Garbage: 2890M (98%), Immediate: 2890M (98%), CSet: 0B (0%)
[196.059s][info][gc          ] GC(275) Pause Final Mark (unload classes) 0.382ms
[196.059s][info][gc,start    ] GC(275) Concurrent weak references
[196.059s][info][gc,task     ] GC(275) Using 1 of 3 workers for concurrent weak references
[196.059s][info][gc,ref      ] GC(275) Encountered references: Soft: 144, Weak: 702, Final: 0, Phantom: 27
[196.059s][info][gc,ref      ] GC(275) Discovered  references: Soft: 88, Weak: 168, Final: 0, Phantom: 25
[196.059s][info][gc,ref      ] GC(275) Enqueued    references: Soft: 3, Weak: 0, Final: 0, Phantom: 0
[196.059s][info][gc          ] GC(275) Concurrent weak references 0.125ms
[196.059s][info][gc,start    ] GC(275) Concurrent weak roots
[196.059s][info][gc,task     ] GC(275) Using 1 of 3 workers for concurrent weak root
[196.060s][info][gc          ] GC(275) Concurrent weak roots 0.703ms
[196.060s][info][gc,start    ] GC(275) Concurrent cleanup
[196.060s][info][gc          ] GC(275) Concurrent cleanup 2930M->40M(4096M) 0.107ms
[196.060s][info][gc,ergo     ] GC(275) Free: 3850M, Max: 2048K regular, 2720M humongous, Frag: 30% external, 0% internal; Reserve: 206M, Max: 2048K
[196.060s][info][gc,start    ] GC(275) Concurrent class unloading
[196.060s][info][gc,task     ] GC(275) Using 1 of 3 workers for concurrent class unloading
[196.062s][info][gc          ] GC(275) Concurrent class unloading 1.879ms
[196.062s][info][gc,start    ] GC(275) Pause Final Roots
[196.062s][info][gc          ] GC(275) Pause Final Roots 0.020ms
[196.062s][info][gc,ergo     ] Free: 3850M, Max: 2048K regular, 2720M humongous, Frag: 30% external, 0% internal; Reserve: 206M, Max: 2048K
[196.062s][info][gc,stats    ] 
[196.062s][info][gc,stats    ] All times are wall-clock times, except per-root-class counters, that are sum over
[196.062s][info][gc,stats    ] all workers. Dividing the <total> over the root stage time estimates parallelism.
[196.062s][info][gc,stats    ] 
[196.062s][info][gc,stats    ] Concurrent Reset                    855 us
[196.062s][info][gc,stats    ] Pause Init Mark (G)                 445 us
[196.062s][info][gc,stats    ] Pause Init Mark (N)                 284 us
[196.062s][info][gc,stats    ]   Update Region States               81 us
[196.062s][info][gc,stats    ] Concurrent Mark Roots               427 us, parallelism: 0.75x
[196.062s][info][gc,stats    ]   CMR: <total>                      321 us
[196.062s][info][gc,stats    ]   CMR: Thread Roots                 282 us, workers (us): 282, ---, ---, 
[196.062s][info][gc,stats    ]   CMR: VM Strong Roots                5 us, workers (us):   5, ---, ---, 
[196.062s][info][gc,stats    ]   CMR: CLDG Roots                    34 us, workers (us):  34, ---, ---, 
[196.062s][info][gc,stats    ] Concurrent Marking                 3851 us
[196.062s][info][gc,stats    ] Pause Final Mark (G)                513 us
[196.062s][info][gc,stats    ] Pause Final Mark (N)                407 us
[196.062s][info][gc,stats    ]   Finish Mark                        94 us
[196.062s][info][gc,stats    ]   Update Region States               96 us
[196.062s][info][gc,stats    ]   Choose Collection Set              92 us
[196.062s][info][gc,stats    ]   Rebuild Free Set                   21 us
[196.062s][info][gc,stats    ] Concurrent Weak References          132 us, parallelism: 0.07x
[196.062s][info][gc,stats    ]   CWRF: <total>                       9 us
[196.062s][info][gc,stats    ]   CWRF: Weak References               9 us, workers (us):   9, ---, ---, 
[196.062s][info][gc,stats    ] Concurrent Weak Roots               722 us
[196.062s][info][gc,stats    ]   Roots                             596 us, parallelism: 0.88x
[196.062s][info][gc,stats    ]     CWR: <total>                    526 us
[196.062s][info][gc,stats    ]     CWR: Code Cache Roots           411 us, workers (us): 411, ---, ---, 
[196.062s][info][gc,stats    ]     CWR: VM Weak Roots              110 us, workers (us): 110, ---, ---, 
[196.062s][info][gc,stats    ]     CWR: CLDG Roots                   5 us, workers (us):   5, ---, ---, 
[196.062s][info][gc,stats    ]   Rendezvous                         91 us
[196.062s][info][gc,stats    ] Concurrent Cleanup                  116 us
[196.062s][info][gc,stats    ] Concurrent Class Unloading         1912 us
[196.062s][info][gc,stats    ]   Unlink Stale                     1744 us
[196.062s][info][gc,stats    ]     System Dictionary                 2 us
[196.062s][info][gc,stats    ]     Weak Class Links                  0 us
[196.062s][info][gc,stats    ]     Code Roots                     1740 us
[196.062s][info][gc,stats    ]   Rendezvous                         31 us
[196.062s][info][gc,stats    ]   Purge Unlinked                     87 us
[196.062s][info][gc,stats    ]     Code Roots                       81 us
[196.062s][info][gc,stats    ]     CLDG                              6 us
[196.062s][info][gc,stats    ]     Exception Caches                  0 us
[196.062s][info][gc,stats    ] Pause Final Roots (G)                97 us
[196.062s][info][gc,stats    ] Pause Final Roots (N)                28 us
[196.063s][info][gc,stats    ] 
[196.063s][info][gc,stats    ] Allocation pacing accrued:
[196.063s][info][gc,stats    ]       0 of  1646 ms (  0.0%): <total>
[196.063s][info][gc,stats    ]       0 of  1646 ms (  0.0%): <average total>
[196.063s][info][gc,stats    ] 
[196.063s][info][gc,metaspace] Metaspace: 9038K(9280K)->9038K(9280K) NonClass: 7865K(8000K)->7865K(8000K) Class: 1172K(1280K)->1172K(1280K)
[196.063s][info][gc,ergo     ] Pacer for Idle. Initial: 83886K, Alloc Tax Rate: 1.0x
[196.523s][info][gc          ] Trigger: Learning 2 of 5. Free (2858M) is below initial threshold (2867M)
[196.523s][info][gc,ergo     ] Free: 2858M, Max: 2048K regular, 1770M humongous, Frag: 39% external, 0% internal; Reserve: 206M, Max: 2048K
[196.523s][info][gc,start    ] GC(276) Concurrent reset
[196.523s][info][gc,task     ] GC(276) Using 1 of 3 workers for concurrent reset
[196.523s][info][gc,ergo     ] GC(276) Pacer for Reset. Non-Taxable: 4096M
[196.524s][info][gc          ] GC(276) Concurrent reset 0.521ms
[196.524s][info][gc,start    ] GC(276) Pause Init Mark (unload classes)
[196.524s][info][gc,task     ] GC(276) Using 3 of 3 workers for init marking
[196.524s][info][gc,ergo     ] GC(276) Pacer for Mark. Expected Live: 9491K, Free: 2856M, Non-Taxable: 285M, Alloc Tax Rate: 0.0x
[196.524s][info][gc          ] GC(276) Pause Init Mark (unload classes) 0.087ms
[196.524s][info][gc,start    ] GC(276) Concurrent marking roots
[196.524s][info][gc,task     ] GC(276) Using 1 of 3 workers for concurrent marking roots
[196.524s][info][gc          ] GC(276) Concurrent marking roots 0.467ms
[196.524s][info][gc,start    ] GC(276) Concurrent marking (unload classes)
[196.524s][info][gc,task     ] GC(276) Using 1 of 3 workers for concurrent marking
[196.532s][info][gc          ] GC(276) Concurrent marking (unload classes) 7.976ms
[196.532s][info][gc,start    ] GC(276) Pause Final Mark (unload classes)
[196.532s][info][gc,task     ] GC(276) Using 3 of 3 workers for final marking
[196.533s][info][gc,ergo     ] GC(276) Collectable Garbage: 974M (94%), Immediate: 974M (94%), CSet: 0B (0%)
[196.533s][info][gc          ] GC(276) Pause Final Mark (unload classes) 0.262ms
[196.533s][info][gc,start    ] GC(276) Concurrent weak references
[196.533s][info][gc,task     ] GC(276) Using 1 of 3 workers for concurrent weak references
[196.533s][info][gc,ref      ] GC(276) Encountered references: Soft: 144, Weak: 702, Final: 0, Phantom: 27
[196.533s][info][gc,ref      ] GC(276) Discovered  references: Soft: 0, Weak: 150, Final: 0, Phantom: 12
[196.533s][info][gc,ref      ] GC(276) Enqueued    references: Soft: 0, Weak: 0, Final: 0, Phantom: 0
[196.533s][info][gc          ] GC(276) Concurrent weak references 0.116ms
[196.533s][info][gc,start    ] GC(276) Concurrent weak roots
[196.533s][info][gc,task     ] GC(276) Using 1 of 3 workers for concurrent weak root
[196.533s][info][gc          ] GC(276) Concurrent weak roots 0.545ms
[196.533s][info][gc,start    ] GC(276) Concurrent cleanup
[196.533s][info][gc          ] GC(276) Concurrent cleanup 1054M->80M(4096M) 0.050ms
[196.533s][info][gc,ergo     ] GC(276) Free: 3810M, Max: 2048K regular, 1748M humongous, Frag: 55% external, 0% internal; Reserve: 206M, Max: 2048K
[196.533s][info][gc,start    ] GC(276) Concurrent class unloading
[196.533s][info][gc,task     ] GC(276) Using 1 of 3 workers for concurrent class unloading
[196.535s][info][gc          ] GC(276) Concurrent class unloading 1.982ms
[196.536s][info][gc,start    ] GC(276) Pause Final Roots
[196.536s][info][gc          ] GC(276) Pause Final Roots 0.039ms
[196.536s][info][gc,ergo     ] Free: 3806M, Max: 2048K regular, 1748M humongous, Frag: 55% external, 0% internal; Reserve: 206M, Max: 2048K
[196.536s][info][gc,stats    ] 
[196.536s][info][gc,stats    ] All times are wall-clock times, except per-root-class counters, that are sum over
[196.536s][info][gc,stats    ] all workers. Dividing the <total> over the root stage time estimates parallelism.
[196.536s][info][gc,stats    ] 
[196.536s][info][gc,stats    ] Concurrent Reset                    579 us
[196.536s][info][gc,stats    ] Pause Init Mark (G)                 227 us
[196.536s][info][gc,stats    ] Pause Init Mark (N)                  97 us
[196.536s][info][gc,stats    ]   Update Region States               32 us
[196.536s][info][gc,stats    ] Concurrent Mark Roots               485 us, parallelism: 0.73x
[196.536s][info][gc,stats    ]   CMR: <total>                      353 us
[196.536s][info][gc,stats    ]   CMR: Thread Roots                 313 us, workers (us): 313, ---, ---, 
[196.536s][info][gc,stats    ]   CMR: VM Strong Roots                4 us, workers (us):   4, ---, ---, 
[196.536s][info][gc,stats    ]   CMR: CLDG Roots                    36 us, workers (us):  36, ---, ---, 
[196.536s][info][gc,stats    ] Concurrent Marking                 8042 us
[196.536s][info][gc,stats    ] Pause Final Mark (G)                365 us
[196.536s][info][gc,stats    ] Pause Final Mark (N)                283 us
[196.536s][info][gc,stats    ]   Finish Mark                        73 us
[196.536s][info][gc,stats    ]   Update Region States               50 us
[196.536s][info][gc,stats    ]   Choose Collection Set              57 us
[196.536s][info][gc,stats    ]   Rebuild Free Set                   17 us
[196.536s][info][gc,stats    ] Concurrent Weak References          123 us, parallelism: 0.04x
[196.536s][info][gc,stats    ]   CWRF: <total>                       5 us
[196.536s][info][gc,stats    ]   CWRF: Weak References               5 us, workers (us):   5, ---, ---, 
[196.536s][info][gc,stats    ] Concurrent Weak Roots               566 us
[196.536s][info][gc,stats    ]   Roots                             476 us, parallelism: 0.91x
[196.536s][info][gc,stats    ]     CWR: <total>                    434 us
[196.536s][info][gc,stats    ]     CWR: Code Cache Roots           366 us, workers (us): 366, ---, ---, 
[196.536s][info][gc,stats    ]     CWR: VM Weak Roots               63 us, workers (us):  63, ---, ---, 
[196.536s][info][gc,stats    ]     CWR: CLDG Roots                   5 us, workers (us):   5, ---, ---, 
[196.536s][info][gc,stats    ]   Rendezvous                         53 us
[196.536s][info][gc,stats    ] Concurrent Cleanup                   58 us
[196.536s][info][gc,stats    ] Concurrent Class Unloading         2023 us
[196.536s][info][gc,stats    ]   Unlink Stale                     1843 us
[196.536s][info][gc,stats    ]     System Dictionary                 3 us
[196.536s][info][gc,stats    ]     Weak Class Links                  0 us
[196.536s][info][gc,stats    ]     Code Roots                     1838 us
[196.536s][info][gc,stats    ]   Rendezvous                         28 us
[196.536s][info][gc,stats    ]   Purge Unlinked                     94 us
[196.536s][info][gc,stats    ]     Code Roots                       89 us
[196.536s][info][gc,stats    ]     CLDG                              5 us
[196.536s][info][gc,stats    ]     Exception Caches                  0 us
[196.536s][info][gc,stats    ] Pause Final Roots (G)               127 us
[196.536s][info][gc,stats    ] Pause Final Roots (N)                56 us
[196.536s][info][gc,stats    ] 
[196.536s][info][gc,stats    ] Allocation pacing accrued:
[196.536s][info][gc,stats    ]       0 of   473 ms (  0.0%): <total>
[196.536s][info][gc,stats    ]       0 of   473 ms (  0.0%): <average total>
[196.536s][info][gc,stats    ] 
[196.536s][info][gc,metaspace] Metaspace: 9038K(9280K)->9038K(9280K) NonClass: 7865K(8000K)->7865K(8000K) Class: 1172K(1280K)->1172K(1280K)
[196.536s][info][gc,ergo     ] Pacer for Idle. Initial: 83886K, Alloc Tax Rate: 1.0x
[196.993s][info][gc          ] Trigger: Learning 3 of 5. Free (2842M) is below initial threshold (2867M)
[196.993s][info][gc,ergo     ] Free: 2842M, Max: 2048K regular, 1748M humongous, Frag: 39% external, 0% internal; Reserve: 206M, Max: 2048K
[196.993s][info][gc,start    ] GC(277) Concurrent reset
[196.993s][info][gc,task     ] GC(277) Using 1 of 3 workers for concurrent reset
[196.993s][info][gc,ergo     ] GC(277) Pacer for Reset. Non-Taxable: 4096M
[196.994s][info][gc          ] GC(277) Concurrent reset 0.597ms
[196.994s][info][gc,start    ] GC(277) Pause Init Mark (unload classes)
[196.994s][info][gc,task     ] GC(277) Using 3 of 3 workers for init marking
[196.994s][info][gc,ergo     ] GC(277) Pacer for Mark. Expected Live: 9487K, Free: 2840M, Non-Taxable: 284M, Alloc Tax Rate: 0.0x
[196.994s][info][gc          ] GC(277) Pause Init Mark (unload classes) 0.194ms
[196.994s][info][gc,start    ] GC(277) Concurrent marking roots
[196.994s][info][gc,task     ] GC(277) Using 1 of 3 workers for concurrent marking roots
[196.995s][info][gc          ] GC(277) Concurrent marking roots 0.673ms
[196.995s][info][gc,start    ] GC(277) Concurrent marking (unload classes)
[196.995s][info][gc,task     ] GC(277) Using 1 of 3 workers for concurrent marking
[197.007s][info][gc          ] GC(277) Concurrent marking (unload classes) 12.438ms
[197.007s][info][gc,start    ] GC(277) Pause Final Mark (unload classes)
[197.007s][info][gc,task     ] GC(277) Using 3 of 3 workers for final marking
[197.008s][info][gc,ergo     ] GC(277) Collectable Garbage: 984M (94%), Immediate: 984M (94%), CSet: 0B (0%)
[197.008s][info][gc          ] GC(277) Pause Final Mark (unload classes) 0.238ms
[197.008s][info][gc,start    ] GC(277) Concurrent weak references
[197.008s][info][gc,task     ] GC(277) Using 1 of 3 workers for concurrent weak references
[197.008s][info][gc,ref      ] GC(277) Encountered references: Soft: 144, Weak: 702, Final: 0, Phantom: 27
[197.008s][info][gc,ref      ] GC(277) Discovered  references: Soft: 0, Weak: 150, Final: 0, Phantom: 12
[197.008s][info][gc,ref      ] GC(277) Enqueued    references: Soft: 0, Weak: 0, Final: 0, Phantom: 0
[197.008s][info][gc          ] GC(277) Concurrent weak references 0.113ms
[197.008s][info][gc,start    ] GC(277) Concurrent weak roots
[197.008s][info][gc,task     ] GC(277) Using 1 of 3 workers for concurrent weak root
[197.009s][info][gc          ] GC(277) Concurrent weak roots 0.704ms
[197.009s][info][gc,start    ] GC(277) Concurrent cleanup
[197.009s][info][gc          ] GC(277) Concurrent cleanup 1078M->94M(4096M) 0.046ms
[197.009s][info][gc,ergo     ] GC(277) Free: 3796M, Max: 2048K regular, 1722M humongous, Frag: 55% external, 0% internal; Reserve: 206M, Max: 2048K
[197.009s][info][gc,start    ] GC(277) Concurrent class unloading
[197.009s][info][gc,task     ] GC(277) Using 1 of 3 workers for concurrent class unloading
[197.011s][info][gc          ] GC(277) Concurrent class unloading 2.060ms
[197.011s][info][gc,start    ] GC(277) Pause Final Roots
[197.011s][info][gc          ] GC(277) Pause Final Roots 0.019ms
[197.011s][info][gc,ergo     ] Free: 3792M, Max: 2048K regular, 1722M humongous, Frag: 55% external, 0% internal; Reserve: 206M, Max: 2048K
[197.011s][info][gc,stats    ] 
[197.011s][info][gc,stats    ] All times are wall-clock times, except per-root-class counters, that are sum over
[197.011s][info][gc,stats    ] all workers. Dividing the <total> over the root stage time estimates parallelism.
[197.011s][info][gc,stats    ] 
[197.011s][info][gc,stats    ] Concurrent Reset                    661 us
[197.011s][info][gc,stats    ] Pause Init Mark (G)                 386 us
[197.011s][info][gc,stats    ] Pause Init Mark (N)                 204 us
[197.011s][info][gc,stats    ]   Update Region States               84 us
[197.011s][info][gc,stats    ] Concurrent Mark Roots               696 us, parallelism: 0.53x
[197.011s][info][gc,stats    ]   CMR: <total>                      368 us
[197.011s][info][gc,stats    ]   CMR: Thread Roots                 323 us, workers (us): 323, ---, ---, 
[197.011s][info][gc,stats    ]   CMR: VM Strong Roots                7 us, workers (us):   7, ---, ---, 
[197.011s][info][gc,stats    ]   CMR: CLDG Roots                    38 us, workers (us):  38, ---, ---, 
[197.011s][info][gc,stats    ] Concurrent Marking                12498 us
[197.011s][info][gc,stats    ] Pause Final Mark (G)                331 us
[197.011s][info][gc,stats    ] Pause Final Mark (N)                254 us
[197.011s][info][gc,stats    ]   Finish Mark                        82 us
[197.011s][info][gc,stats    ]   Update Region States               46 us
[197.011s][info][gc,stats    ]   Choose Collection Set              46 us
[197.011s][info][gc,stats    ]   Rebuild Free Set                   17 us
[197.011s][info][gc,stats    ] Concurrent Weak References          120 us, parallelism: 0.04x
[197.011s][info][gc,stats    ]   CWRF: <total>                       5 us
[197.011s][info][gc,stats    ]   CWRF: Weak References               5 us, workers (us):   5, ---, ---, 
[197.011s][info][gc,stats    ] Concurrent Weak Roots               727 us
[197.011s][info][gc,stats    ]   Roots                             663 us, parallelism: 0.89x
[197.011s][info][gc,stats    ]     CWR: <total>                    592 us
[197.011s][info][gc,stats    ]     CWR: Code Cache Roots           472 us, workers (us): 472, ---, ---, 
[197.011s][info][gc,stats    ]     CWR: VM Weak Roots              114 us, workers (us): 114, ---, ---, 
[197.011s][info][gc,stats    ]     CWR: CLDG Roots                   7 us, workers (us):   7, ---, ---, 
[197.011s][info][gc,stats    ]   Rendezvous                         26 us
[197.011s][info][gc,stats    ] Concurrent Cleanup                   55 us
[197.011s][info][gc,stats    ] Concurrent Class Unloading         2117 us
[197.011s][info][gc,stats    ]   Unlink Stale                     1878 us
[197.011s][info][gc,stats    ]     System Dictionary                 4 us
[197.011s][info][gc,stats    ]     Weak Class Links                  0 us
[197.011s][info][gc,stats    ]     Code Roots                     1872 us
[197.011s][info][gc,stats    ]   Rendezvous                         45 us
[197.011s][info][gc,stats    ]   Purge Unlinked                    118 us
[197.011s][info][gc,stats    ]     Code Roots                      108 us
[197.011s][info][gc,stats    ]     CLDG                             10 us
[197.011s][info][gc,stats    ]     Exception Caches                  0 us
[197.011s][info][gc,stats    ] Pause Final Roots (G)               103 us
[197.011s][info][gc,stats    ] Pause Final Roots (N)                26 us
[197.011s][info][gc,stats    ] 
[197.012s][info][gc,stats    ] Allocation pacing accrued:
[197.012s][info][gc,stats    ]       0 of   476 ms (  0.0%): <total>
[197.012s][info][gc,stats    ]       0 of   476 ms (  0.0%): <average total>
[197.012s][info][gc,stats    ] 
[197.012s][info][gc,metaspace] Metaspace: 9038K(9280K)->9038K(9280K) NonClass: 7865K(8000K)->7865K(8000K) Class: 1172K(1280K)->1172K(1280K)
[197.012s][info][gc,ergo     ] Pacer for Idle. Initial: 83886K, Alloc Tax Rate: 1.0x
[197.464s][info][gc          ] Trigger: Learning 4 of 5. Free (2834M) is below initial threshold (2867M)
[197.464s][info][gc,ergo     ] Free: 2834M, Max: 2048K regular, 1722M humongous, Frag: 40% external, 0% internal; Reserve: 206M, Max: 2048K
[197.464s][info][gc,start    ] GC(278) Concurrent reset
[197.464s][info][gc,task     ] GC(278) Using 1 of 3 workers for concurrent reset
[197.464s][info][gc,ergo     ] GC(278) Pacer for Reset. Non-Taxable: 4096M
[197.465s][info][gc          ] GC(278) Concurrent reset 0.636ms
[197.465s][info][gc,start    ] GC(278) Pause Init Mark (unload classes)
[197.465s][info][gc,task     ] GC(278) Using 3 of 3 workers for init marking
[197.465s][info][gc,ergo     ] GC(278) Pacer for Mark. Expected Live: 9486K, Free: 2832M, Non-Taxable: 283M, Alloc Tax Rate: 0.0x
[197.465s][info][gc          ] GC(278) Pause Init Mark (unload classes) 0.248ms
[197.465s][info][gc,start    ] GC(278) Concurrent marking roots
[197.465s][info][gc,task     ] GC(278) Using 1 of 3 workers for concurrent marking roots
[197.466s][info][gc          ] GC(278) Concurrent marking roots 0.753ms
[197.466s][info][gc,start    ] GC(278) Concurrent marking (unload classes)
[197.466s][info][gc,task     ] GC(278) Using 1 of 3 workers for concurrent marking
[197.484s][info][gc          ] GC(278) Concurrent marking (unload classes) 17.721ms
[197.484s][info][gc,start    ] GC(278) Pause Final Mark (unload classes)
[197.484s][info][gc,task     ] GC(278) Using 3 of 3 workers for final marking
[197.484s][info][gc,ergo     ] GC(278) Collectable Garbage: 988M (94%), Immediate: 988M (94%), CSet: 0B (0%)
[197.484s][info][gc          ] GC(278) Pause Final Mark (unload classes) 0.337ms
[197.484s][info][gc,start    ] GC(278) Concurrent weak references
[197.484s][info][gc,task     ] GC(278) Using 1 of 3 workers for concurrent weak references
[197.485s][info][gc,ref      ] GC(278) Encountered references: Soft: 144, Weak: 702, Final: 0, Phantom: 27
[197.485s][info][gc,ref      ] GC(278) Discovered  references: Soft: 0, Weak: 150, Final: 0, Phantom: 12
[197.485s][info][gc,ref      ] GC(278) Enqueued    references: Soft: 0, Weak: 0, Final: 0, Phantom: 0
[197.485s][info][gc          ] GC(278) Concurrent weak references 0.148ms
[197.485s][info][gc,start    ] GC(278) Concurrent weak roots
[197.485s][info][gc,task     ] GC(278) Using 1 of 3 workers for concurrent weak root
[197.485s][info][gc          ] GC(278) Concurrent weak roots 0.576ms
[197.485s][info][gc,start    ] GC(278) Concurrent cleanup
[197.485s][info][gc          ] GC(278) Concurrent cleanup 1098M->110M(4096M) 0.044ms
[197.485s][info][gc,ergo     ] GC(278) Free: 3780M, Max: 2048K regular, 1702M humongous, Frag: 55% external, 0% internal; Reserve: 206M, Max: 2048K
[197.485s][info][gc,start    ] GC(278) Concurrent class unloading
[197.485s][info][gc,task     ] GC(278) Using 1 of 3 workers for concurrent class unloading
[197.487s][info][gc          ] GC(278) Concurrent class unloading 2.026ms
[197.487s][info][gc,start    ] GC(278) Pause Final Roots
[197.487s][info][gc          ] GC(278) Pause Final Roots 0.020ms
[197.487s][info][gc,ergo     ] Free: 3776M, Max: 2048K regular, 1702M humongous, Frag: 55% external, 0% internal; Reserve: 206M, Max: 2048K
[197.488s][info][gc,stats    ] 
[197.488s][info][gc,stats    ] All times are wall-clock times, except per-root-class counters, that are sum over
[197.488s][info][gc,stats    ] all workers. Dividing the <total> over the root stage time estimates parallelism.
[197.488s][info][gc,stats    ] 
[197.488s][info][gc,stats    ] Concurrent Reset                    708 us
[197.488s][info][gc,stats    ] Pause Init Mark (G)                 429 us
[197.488s][info][gc,stats    ] Pause Init Mark (N)                 266 us
[197.488s][info][gc,stats    ]   Update Region States              116 us
[197.488s][info][gc,stats    ] Concurrent Mark Roots               777 us, parallelism: 0.82x
[197.488s][info][gc,stats    ]   CMR: <total>                      639 us
[197.488s][info][gc,stats    ]   CMR: Thread Roots                 568 us, workers (us): 568, ---, ---, 
[197.488s][info][gc,stats    ]   CMR: VM Strong Roots                7 us, workers (us):   7, ---, ---, 
[197.488s][info][gc,stats    ]   CMR: CLDG Roots                    64 us, workers (us):  64, ---, ---, 
[197.488s][info][gc,stats    ] Concurrent Marking                17784 us
[197.488s][info][gc,stats    ] Pause Final Mark (G)                460 us
[197.488s][info][gc,stats    ] Pause Final Mark (N)                356 us
[197.488s][info][gc,stats    ]   Finish Mark                       103 us
[197.488s][info][gc,stats    ]   Update Region States               86 us
[197.488s][info][gc,stats    ]   Choose Collection Set              62 us
[197.488s][info][gc,stats    ]   Rebuild Free Set                   17 us
[197.488s][info][gc,stats    ] Concurrent Weak References          156 us, parallelism: 0.05x
[197.488s][info][gc,stats    ]   CWRF: <total>                       7 us
[197.488s][info][gc,stats    ]   CWRF: Weak References               7 us, workers (us):   7, ---, ---, 
[197.488s][info][gc,stats    ] Concurrent Weak Roots               595 us
[197.488s][info][gc,stats    ]   Roots                             483 us, parallelism: 0.89x
[197.488s][info][gc,stats    ]     CWR: <total>                    428 us
[197.488s][info][gc,stats    ]     CWR: Code Cache Roots           361 us, workers (us): 361, ---, ---, 
[197.488s][info][gc,stats    ]     CWR: VM Weak Roots               63 us, workers (us):  63, ---, ---, 
[197.488s][info][gc,stats    ]     CWR: CLDG Roots                   5 us, workers (us):   5, ---, ---, 
[197.488s][info][gc,stats    ]   Rendezvous                         77 us
[197.488s][info][gc,stats    ] Concurrent Cleanup                   52 us
[197.488s][info][gc,stats    ] Concurrent Class Unloading         2078 us
[197.488s][info][gc,stats    ]   Unlink Stale                     1841 us
[197.488s][info][gc,stats    ]     System Dictionary                 3 us
[197.488s][info][gc,stats    ]     Weak Class Links                  0 us
[197.488s][info][gc,stats    ]     Code Roots                     1837 us
[197.488s][info][gc,stats    ]   Rendezvous                         50 us
[197.488s][info][gc,stats    ]   Purge Unlinked                    115 us
[197.488s][info][gc,stats    ]     Code Roots                      106 us
[197.488s][info][gc,stats    ]     CLDG                              9 us
[197.488s][info][gc,stats    ]     Exception Caches                  0 us
[197.488s][info][gc,stats    ] Pause Final Roots (G)               111 us
[197.488s][info][gc,stats    ] Pause Final Roots (N)                28 us
[197.488s][info][gc,stats    ] 
[197.488s][info][gc,stats    ] Allocation pacing accrued:
[197.488s][info][gc,stats    ]       0 of   477 ms (  0.0%): <total>
[197.488s][info][gc,stats    ]       0 of   477 ms (  0.0%): <average total>
[197.488s][info][gc,stats    ] 
[197.488s][info][gc,metaspace] Metaspace: 9038K(9280K)->9038K(9280K) NonClass: 7865K(8000K)->7865K(8000K) Class: 1172K(1280K)->1172K(1280K)
[197.488s][info][gc,ergo     ] Pacer for Idle. Initial: 83886K, Alloc Tax Rate: 1.0x
[197.919s][info][gc          ] Trigger: Learning 5 of 5. Free (2842M) is below initial threshold (2867M)
[197.919s][info][gc,ergo     ] Free: 2842M, Max: 2048K regular, 1702M humongous, Frag: 41% external, 0% internal; Reserve: 206M, Max: 2048K
[197.919s][info][gc,start    ] GC(279) Concurrent reset
[197.919s][info][gc,task     ] GC(279) Using 1 of 3 workers for concurrent reset
[197.919s][info][gc,ergo     ] GC(279) Pacer for Reset. Non-Taxable: 4096M
[197.920s][info][gc          ] GC(279) Concurrent reset 0.648ms
[197.920s][info][gc,start    ] GC(279) Pause Init Mark (unload classes)
[197.920s][info][gc,task     ] GC(279) Using 3 of 3 workers for init marking
[197.920s][info][gc,ergo     ] GC(279) Pacer for Mark. Expected Live: 9456K, Free: 2840M, Non-Taxable: 284M, Alloc Tax Rate: 0.0x
[197.920s][info][gc          ] GC(279) Pause Init Mark (unload classes) 0.245ms
[197.920s][info][gc,start    ] GC(279) Concurrent marking roots
[197.920s][info][gc,task     ] GC(279) Using 1 of 3 workers for concurrent marking roots
[197.921s][info][gc          ] GC(279) Concurrent marking roots 0.775ms
[197.921s][info][gc,start    ] GC(279) Concurrent marking (unload classes)
[197.921s][info][gc,task     ] GC(279) Using 1 of 3 workers for concurrent marking
[197.942s][info][gc          ] GC(279) Concurrent marking (unload classes) 21.229ms
[197.943s][info][gc,start    ] GC(279) Pause Final Mark (unload classes)
[197.943s][info][gc,task     ] GC(279) Using 3 of 3 workers for final marking
[197.943s][info][gc,ergo     ] GC(279) Collectable Garbage: 968M (93%), Immediate: 968M (93%), CSet: 0B (0%)
[197.943s][info][gc          ] GC(279) Pause Final Mark (unload classes) 0.332ms
[197.943s][info][gc,start    ] GC(279) Concurrent weak references
[197.943s][info][gc,task     ] GC(279) Using 1 of 3 workers for concurrent weak references
[197.943s][info][gc,ref      ] GC(279) Encountered references: Soft: 144, Weak: 702, Final: 0, Phantom: 27
[197.943s][info][gc,ref      ] GC(279) Discovered  references: Soft: 0, Weak: 150, Final: 0, Phantom: 12
[197.943s][info][gc,ref      ] GC(279) Enqueued    references: Soft: 0, Weak: 0, Final: 0, Phantom: 0
[197.943s][info][gc          ] GC(279) Concurrent weak references 0.157ms
[197.943s][info][gc,start    ] GC(279) Concurrent weak roots
[197.943s][info][gc,task     ] GC(279) Using 1 of 3 workers for concurrent weak root
[197.944s][info][gc          ] GC(279) Concurrent weak roots 0.692ms
[197.944s][info][gc,start    ] GC(279) Concurrent cleanup
[197.944s][info][gc          ] GC(279) Concurrent cleanup 1098M->130M(4096M) 0.044ms
[197.944s][info][gc,ergo     ] GC(279) Free: 3760M, Max: 2048K regular, 1722M humongous, Frag: 55% external, 0% internal; Reserve: 206M, Max: 2048K
[197.944s][info][gc,start    ] GC(279) Concurrent class unloading
[197.944s][info][gc,task     ] GC(279) Using 1 of 3 workers for concurrent class unloading
[197.946s][info][gc          ] GC(279) Concurrent class unloading 2.104ms
[197.946s][info][gc,start    ] GC(279) Pause Final Roots
[197.946s][info][gc          ] GC(279) Pause Final Roots 0.040ms
[197.946s][info][gc,ergo     ] Free: 3756M, Max: 2048K regular, 1722M humongous, Frag: 55% external, 0% internal; Reserve: 206M, Max: 2048K
[197.946s][info][gc,stats    ] 
[197.946s][info][gc,stats    ] All times are wall-clock times, except per-root-class counters, that are sum over
[197.946s][info][gc,stats    ] all workers. Dividing the <total> over the root stage time estimates parallelism.
[197.946s][info][gc,stats    ] 
[197.946s][info][gc,stats    ] Concurrent Reset                    719 us
[197.946s][info][gc,stats    ] Pause Init Mark (G)                 398 us
[197.946s][info][gc,stats    ] Pause Init Mark (N)                 264 us
[197.946s][info][gc,stats    ]   Update Region States              115 us
[197.946s][info][gc,stats    ] Concurrent Mark Roots               799 us, parallelism: 0.84x
[197.946s][info][gc,stats    ]   CMR: <total>                      672 us
[197.946s][info][gc,stats    ]   CMR: Thread Roots                 602 us, workers (us): 602, ---, ---, 
[197.946s][info][gc,stats    ]   CMR: VM Strong Roots                7 us, workers (us):   7, ---, ---, 
[197.946s][info][gc,stats    ]   CMR: CLDG Roots                    63 us, workers (us):  63, ---, ---, 
[197.946s][info][gc,stats    ] Concurrent Marking                21293 us
[197.946s][info][gc,stats    ] Pause Final Mark (G)                471 us
[197.946s][info][gc,stats    ] Pause Final Mark (N)                351 us
[197.946s][info][gc,stats    ]   Finish Mark                       103 us
[197.946s][info][gc,stats    ]   Update Region States               82 us
[197.946s][info][gc,stats    ]   Choose Collection Set              62 us
[197.946s][info][gc,stats    ]   Rebuild Free Set                   17 us
[197.946s][info][gc,stats    ] Concurrent Weak References          173 us, parallelism: 0.02x
[197.946s][info][gc,stats    ]   CWRF: <total>                       4 us
[197.946s][info][gc,stats    ]   CWRF: Weak References               4 us, workers (us):   4, ---, ---, 
[197.946s][info][gc,stats    ] Concurrent Weak Roots               712 us
[197.946s][info][gc,stats    ]   Roots                             583 us, parallelism: 0.87x
[197.946s][info][gc,stats    ]     CWR: <total>                    510 us
[197.946s][info][gc,stats    ]     CWR: Code Cache Roots           391 us, workers (us): 391, ---, ---, 
[197.947s][info][gc,stats    ]     CWR: VM Weak Roots              112 us, workers (us): 112, ---, ---, 
[197.947s][info][gc,stats    ]     CWR: CLDG Roots                   7 us, workers (us):   7, ---, ---, 
[197.947s][info][gc,stats    ]   Rendezvous                         77 us
[197.947s][info][gc,stats    ] Concurrent Cleanup                   52 us
[197.947s][info][gc,stats    ] Concurrent Class Unloading         2161 us
[197.947s][info][gc,stats    ]   Unlink Stale                     1819 us
[197.947s][info][gc,stats    ]     System Dictionary                 3 us
[197.947s][info][gc,stats    ]     Weak Class Links                  0 us
[197.947s][info][gc,stats    ]     Code Roots                     1814 us
[197.947s][info][gc,stats    ]   Rendezvous                        144 us
[197.947s][info][gc,stats    ]   Purge Unlinked                    117 us
[197.947s][info][gc,stats    ]     Code Roots                      108 us
[197.947s][info][gc,stats    ]     CLDG                              9 us
[197.947s][info][gc,stats    ]     Exception Caches                  0 us
[197.947s][info][gc,stats    ] Pause Final Roots (G)               168 us
[197.947s][info][gc,stats    ] Pause Final Roots (N)                58 us
[197.947s][info][gc,stats    ] 
[197.947s][info][gc,stats    ] Allocation pacing accrued:
[197.947s][info][gc,stats    ]       0 of   458 ms (  0.0%): <total>
[197.947s][info][gc,stats    ]       0 of   458 ms (  0.0%): <average total>
[197.947s][info][gc,stats    ] 
[197.947s][info][gc,metaspace] Metaspace: 9038K(9280K)->9038K(9280K) NonClass: 7865K(8000K)->7865K(8000K) Class: 1172K(1280K)->1172K(1280K)
[197.947s][info][gc,ergo     ] Pacer for Idle. Initial: 83886K, Alloc Tax Rate: 1.0x
[199.582s][info][gc          ] Trigger: Explicit GC request (System.gc())
[199.582s][info][gc,ergo     ] Free: 956M, Max: 2048K regular, 954M humongous, Frag: 1% external, 0% internal; Reserve: 206M, Max: 2048K
[199.582s][info][gc,start    ] GC(280) Concurrent reset
[199.582s][info][gc,task     ] GC(280) Using 1 of 3 workers for concurrent reset
[199.582s][info][gc,ergo     ] GC(280) Pacer for Reset. Non-Taxable: 4096M
[199.583s][info][gc          ] GC(280) Concurrent reset 0.600ms
[199.583s][info][gc,start    ] GC(280) Pause Init Mark (unload classes)
[199.583s][info][gc,task     ] GC(280) Using 3 of 3 workers for init marking
[199.583s][info][gc,ref      ] GC(280) Clearing All SoftReferences
[199.583s][info][gc,ergo     ] GC(280) Pacer for Mark. Expected Live: 9455K, Free: 956M, Non-Taxable: 97894K, Alloc Tax Rate: 0.0x
[199.583s][info][gc          ] GC(280) Pause Init Mark (unload classes) 0.235ms
[199.583s][info][gc,start    ] GC(280) Concurrent marking roots
